Java HotSpot(TM) 64-Bit Server VM (24.80-b11) for linux-amd64 JRE (1.7.0_80-b15), built on Apr 10 2015 19:53:14 by "java_re" with gcc 4.3.0 20080428 (Red Hat 4.3.0-8)
Memory: 4k page, physical 8000092k(5429208k free), swap 8218620k(8218620k free)
CommandLine flags: -XX:InitialHeapSize=6758400 -XX:MaxHeapSize=6758400 -XX:+PrintGC -XX:+PrintGCApplicationConcurrentTime -XX:+PrintGCApplicationStoppedTime -XX:+PrintGCDetails -XX:+PrintGCTimeStamps -XX:-UseAdaptiveSizePolicy -XX:+UseCompressedOops -XX:+UseG1GC 
0.089: Application time: 0.0654210 seconds
0.089: [GC pause (young), 0.0014490 secs]
   [Parallel Time: 0.9 ms, GC Workers: 8]
      [GC Worker Start (ms): Min: 89.1, Avg: 89.1, Max: 89.2, Diff: 0.1]
      [Ext Root Scanning (ms): Min: 0.3, Avg: 0.4, Max: 0.4, Diff: 0.1, Sum: 3.0]
      [Update RS (ms): Min: 0.0, Avg: 0.0, Max: 0.0, Diff: 0.0, Sum: 0.0]
         [Processed Buffers: Min: 0, Avg: 1.9, Max: 6, Diff: 6, Sum: 15]
      [Scan RS (ms): Min: 0.0, Avg: 0.0, Max: 0.0, Diff: 0.0, Sum: 0.0]
      [Code Root Scanning (ms): Min: 0.0, Avg: 0.0, Max: 0.0, Diff: 0.0, Sum: 0.0]
      [Object Copy (ms): Min: 0.4, Avg: 0.4, Max: 0.5, Diff: 0.1, Sum: 3.3]
      [Termination (ms): Min: 0.0, Avg: 0.0, Max: 0.0, Diff: 0.0, Sum: 0.0]
      [GC Worker Other (ms): Min: 0.0, Avg: 0.0, Max: 0.0, Diff: 0.0, Sum: 0.1]
      [GC Worker Total (ms): Min: 0.8, Avg: 0.8, Max: 0.9, Diff: 0.1, Sum: 6.5]
      [GC Worker End (ms): Min: 89.9, Avg: 89.9, Max: 89.9, Diff: 0.0]
   [Code Root Fixup: 0.0 ms]
   [Code Root Migration: 0.0 ms]
   [Clear CT: 0.1 ms]
   [Other: 0.4 ms]
      [Choose CSet: 0.0 ms]
      [Ref Proc: 0.4 ms]
      [Ref Enq: 0.0 ms]
      [Free CSet: 0.0 ms]
   [Eden: 3072.0K(3072.0K)->0.0B(2048.0K) Survivors: 0.0B->1024.0K Heap: 3072.0K(7168.0K)->1252.5K(7168.0K)]
 [Times: user=0.01 sys=0.00, real=0.01 secs] 
0.091: Total time for which application threads were stopped: 0.0015560 seconds, Stopping threads took: 0.0000080 seconds
0.111: Application time: 0.0200450 seconds
0.111: [GC pause (young), 0.0014040 secs]
   [Parallel Time: 1.1 ms, GC Workers: 8]
      [GC Worker Start (ms): Min: 110.6, Avg: 110.7, Max: 110.7, Diff: 0.1]
      [Ext Root Scanning (ms): Min: 0.3, Avg: 0.3, Max: 0.4, Diff: 0.1, Sum: 2.7]
      [Update RS (ms): Min: 0.0, Avg: 0.0, Max: 0.0, Diff: 0.0, Sum: 0.0]
         [Processed Buffers: Min: 0, Avg: 0.6, Max: 4, Diff: 4, Sum: 5]
      [Scan RS (ms): Min: 0.0, Avg: 0.0, Max: 0.0, Diff: 0.0, Sum: 0.0]
      [Code Root Scanning (ms): Min: 0.0, Avg: 0.0, Max: 0.0, Diff: 0.0, Sum: 0.0]
      [Object Copy (ms): Min: 0.6, Avg: 0.7, Max: 0.8, Diff: 0.2, Sum: 5.3]
      [Termination (ms): Min: 0.0, Avg: 0.0, Max: 0.0, Diff: 0.0, Sum: 0.0]
      [GC Worker Other (ms): Min: 0.0, Avg: 0.0, Max: 0.0, Diff: 0.0, Sum: 0.1]
      [GC Worker Total (ms): Min: 1.0, Avg: 1.0, Max: 1.1, Diff: 0.1, Sum: 8.1]
      [GC Worker End (ms): Min: 111.7, Avg: 111.7, Max: 111.7, Diff: 0.0]
   [Code Root Fixup: 0.0 ms]
   [Code Root Migration: 0.0 ms]
   [Clear CT: 0.1 ms]
   [Other: 0.2 ms]
      [Choose CSet: 0.0 ms]
      [Ref Proc: 0.2 ms]
      [Ref Enq: 0.0 ms]
      [Free CSet: 0.0 ms]
   [Eden: 2048.0K(2048.0K)->0.0B(1024.0K) Survivors: 1024.0K->1024.0K Heap: 3300.5K(7168.0K)->2534.5K(7168.0K)]
 [Times: user=0.01 sys=0.00, real=0.00 secs] 
0.112: Total time for which application threads were stopped: 0.0014920 seconds, Stopping threads took: 0.0000080 seconds
1.112: Application time: 1.0000720 seconds
1.112: Total time for which application threads were stopped: 0.0000470 seconds, Stopping threads took: 0.0000120 seconds
4.029: Application time: 2.9168020 seconds
4.029: Total time for which application threads were stopped: 0.0000650 seconds, Stopping threads took: 0.0000100 seconds
14.705: Application time: 10.6756980 seconds
14.705: [GC pause (young), 0.0018620 secs]
   [Parallel Time: 1.0 ms, GC Workers: 8]
      [GC Worker Start (ms): Min: 14704.8, Avg: 14704.9, Max: 14704.9, Diff: 0.1]
      [Ext Root Scanning (ms): Min: 0.3, Avg: 0.3, Max: 0.4, Diff: 0.1, Sum: 2.6]
      [Update RS (ms): Min: 0.1, Avg: 0.1, Max: 0.2, Diff: 0.1, Sum: 1.1]
         [Processed Buffers: Min: 1, Avg: 1.5, Max: 3, Diff: 2, Sum: 12]
      [Scan RS (ms): Min: 0.0, Avg: 0.0, Max: 0.0, Diff: 0.0, Sum: 0.0]
      [Code Root Scanning (ms): Min: 0.0, Avg: 0.0, Max: 0.0, Diff: 0.0, Sum: 0.0]
      [Object Copy (ms): Min: 0.3, Avg: 0.3, Max: 0.3, Diff: 0.0, Sum: 2.2]
      [Termination (ms): Min: 0.0, Avg: 0.0, Max: 0.0, Diff: 0.0, Sum: 0.0]
      [GC Worker Other (ms): Min: 0.0, Avg: 0.0, Max: 0.0, Diff: 0.0, Sum: 0.1]
      [GC Worker Total (ms): Min: 0.7, Avg: 0.8, Max: 0.8, Diff: 0.1, Sum: 6.0]
      [GC Worker End (ms): Min: 14705.6, Avg: 14705.6, Max: 14705.6, Diff: 0.0]
   [Code Root Fixup: 0.0 ms]
   [Code Root Migration: 0.0 ms]
   [Clear CT: 0.4 ms]
   [Other: 0.4 ms]
      [Choose CSet: 0.0 ms]
      [Ref Proc: 0.4 ms]
      [Ref Enq: 0.0 ms]
      [Free CSet: 0.0 ms]
   [Eden: 1024.0K(1024.0K)->0.0B(1024.0K) Survivors: 1024.0K->1024.0K Heap: 3558.5K(7168.0K)->3716.4K(7168.0K)]
 [Times: user=0.01 sys=0.00, real=0.00 secs] 
14.707: Total time for which application threads were stopped: 0.0019610 seconds, Stopping threads took: 0.0000090 seconds
14.707: Application time: 0.0001110 seconds
14.707: Total time for which application threads were stopped: 0.0000260 seconds, Stopping threads took: 0.0000180 seconds
14.707: Application time: 0.0000810 seconds
14.707: Total time for which application threads were stopped: 0.0000400 seconds, Stopping threads took: 0.0000340 seconds
14.707: Application time: 0.0000840 seconds
14.707: Total time for which application threads were stopped: 0.0000250 seconds, Stopping threads took: 0.0000180 seconds
14.707: Application time: 0.0001060 seconds
14.707: Total time for which application threads were stopped: 0.0000140 seconds, Stopping threads took: 0.0000110 seconds
14.707: Application time: 0.0000300 seconds
14.707: Total time for which application threads were stopped: 0.0000120 seconds, Stopping threads took: 0.0000090 seconds
14.707: Application time: 0.0000290 seconds
14.707: Total time for which application threads were stopped: 0.0000070 seconds, Stopping threads took: 0.0000040 seconds
14.707: Application time: 0.0000120 seconds
14.707: Total time for which application threads were stopped: 0.0000120 seconds, Stopping threads took: 0.0000090 seconds
14.707: Application time: 0.0000120 seconds
14.707: Total time for which application threads were stopped: 0.0000110 seconds, Stopping threads took: 0.0000080 seconds
14.707: Application time: 0.0000100 seconds
14.707: Total time for which application threads were stopped: 0.0000120 seconds, Stopping threads took: 0.0000090 seconds
14.707: Application time: 0.0000110 seconds
14.707: Total time for which application threads were stopped: 0.0000120 seconds, Stopping threads took: 0.0000090 seconds
14.707: Application time: 0.0000100 seconds
14.707: Total time for which application threads were stopped: 0.0000110 seconds, Stopping threads took: 0.0000080 seconds
14.707: Application time: 0.0000100 seconds
14.707: Total time for which application threads were stopped: 0.0000110 seconds, Stopping threads took: 0.0000080 seconds
14.707: Application time: 0.0000110 seconds
14.707: Total time for which application threads were stopped: 0.0000120 seconds, Stopping threads took: 0.0000090 seconds
14.708: Application time: 0.0000340 seconds
14.708: Total time for which application threads were stopped: 0.0000120 seconds, Stopping threads took: 0.0000080 seconds
14.708: Application time: 0.0000100 seconds
14.708: Total time for which application threads were stopped: 0.0000110 seconds, Stopping threads took: 0.0000080 seconds
14.708: Application time: 0.0000100 seconds
14.708: Total time for which application threads were stopped: 0.0000060 seconds, Stopping threads took: 0.0000030 seconds
14.708: Application time: 0.0000100 seconds
14.708: Total time for which application threads were stopped: 0.0000120 seconds, Stopping threads took: 0.0000090 seconds
14.708: Application time: 0.0000100 seconds
14.708: Total time for which application threads were stopped: 0.0000080 seconds, Stopping threads took: 0.0000040 seconds
14.708: Application time: 0.0000090 seconds
14.708: Total time for which application threads were stopped: 0.0000070 seconds, Stopping threads took: 0.0000040 seconds
14.708: Application time: 0.0000120 seconds
14.708: Total time for which application threads were stopped: 0.0000100 seconds, Stopping threads took: 0.0000030 seconds
14.714: Application time: 0.0061050 seconds
14.714: Total time for which application threads were stopped: 0.0000090 seconds, Stopping threads took: 0.0000040 seconds
14.714: Application time: 0.0000100 seconds
14.714: Total time for which application threads were stopped: 0.0000080 seconds, Stopping threads took: 0.0000030 seconds
14.715: Application time: 0.0013500 seconds
14.715: Total time for which application threads were stopped: 0.0000100 seconds, Stopping threads took: 0.0000040 seconds
14.722: Application time: 0.0072830 seconds
14.722: [GC pause (young), 0.0013350 secs]
   [Parallel Time: 1.0 ms, GC Workers: 8]
      [GC Worker Start (ms): Min: 14722.5, Avg: 14722.6, Max: 14722.8, Diff: 0.3]
      [Ext Root Scanning (ms): Min: 0.1, Avg: 0.4, Max: 0.5, Diff: 0.4, Sum: 3.1]
      [Update RS (ms): Min: 0.1, Avg: 0.2, Max: 0.4, Diff: 0.3, Sum: 1.5]
         [Processed Buffers: Min: 1, Avg: 1.6, Max: 4, Diff: 3, Sum: 13]
      [Scan RS (ms): Min: 0.0, Avg: 0.0, Max: 0.0, Diff: 0.0, Sum: 0.0]
      [Code Root Scanning (ms): Min: 0.0, Avg: 0.0, Max: 0.0, Diff: 0.0, Sum: 0.0]
      [Object Copy (ms): Min: 0.0, Avg: 0.1, Max: 0.2, Diff: 0.2, Sum: 1.1]
      [Termination (ms): Min: 0.0, Avg: 0.1, Max: 0.1, Diff: 0.1, Sum: 0.9]
      [GC Worker Other (ms): Min: 0.0, Avg: 0.0, Max: 0.0, Diff: 0.0, Sum: 0.0]
      [GC Worker Total (ms): Min: 0.6, Avg: 0.8, Max: 0.9, Diff: 0.3, Sum: 6.6]
      [GC Worker End (ms): Min: 14723.4, Avg: 14723.4, Max: 14723.4, Diff: 0.0]
   [Code Root Fixup: 0.0 ms]
   [Code Root Migration: 0.0 ms]
   [Clear CT: 0.1 ms]
   [Other: 0.3 ms]
      [Choose CSet: 0.0 ms]
      [Ref Proc: 0.2 ms]
      [Ref Enq: 0.0 ms]
      [Free CSet: 0.0 ms]
   [Eden: 1024.0K(1024.0K)->0.0B(1024.0K) Survivors: 1024.0K->1024.0K Heap: 4740.4K(7168.0K)->3438.4K(7168.0K)]
 [Times: user=0.01 sys=0.00, real=0.00 secs] 
14.724: Total time for which application threads were stopped: 0.0014520 seconds, Stopping threads took: 0.0000080 seconds
14.724: Application time: 0.0000520 seconds
14.724: Total time for which application threads were stopped: 0.0000260 seconds, Stopping threads took: 0.0000130 seconds
14.724: Application time: 0.0000170 seconds
14.724: Total time for which application threads were stopped: 0.0000160 seconds, Stopping threads took: 0.0000080 seconds
14.724: Application time: 0.0000150 seconds
14.724: Total time for which application threads were stopped: 0.0000160 seconds, Stopping threads took: 0.0000080 seconds
14.724: Application time: 0.0000150 seconds
14.724: Total time for which application threads were stopped: 0.0000160 seconds, Stopping threads took: 0.0000090 seconds
14.724: Application time: 0.0000160 seconds
14.724: Total time for which application threads were stopped: 0.0000160 seconds, Stopping threads took: 0.0000080 seconds
14.724: Application time: 0.0000140 seconds
14.724: Total time for which application threads were stopped: 0.0000160 seconds, Stopping threads took: 0.0000080 seconds
14.724: Application time: 0.0000140 seconds
14.724: Total time for which application threads were stopped: 0.0000170 seconds, Stopping threads took: 0.0000090 seconds
14.724: Application time: 0.0000140 seconds
14.724: Total time for which application threads were stopped: 0.0000320 seconds, Stopping threads took: 0.0000240 seconds
14.724: Application time: 0.0000150 seconds
14.724: Total time for which application threads were stopped: 0.0000160 seconds, Stopping threads took: 0.0000080 seconds
14.724: Application time: 0.0000130 seconds
14.724: Total time for which application threads were stopped: 0.0000160 seconds, Stopping threads took: 0.0000080 seconds
14.724: Application time: 0.0000130 seconds
14.724: Total time for which application threads were stopped: 0.0000180 seconds, Stopping threads took: 0.0000080 seconds
14.724: Application time: 0.0000130 seconds
14.724: Total time for which application threads were stopped: 0.0000160 seconds, Stopping threads took: 0.0000080 seconds
14.724: Application time: 0.0000130 seconds
14.724: Total time for which application threads were stopped: 0.0000150 seconds, Stopping threads took: 0.0000080 seconds
14.724: Application time: 0.0000130 seconds
14.724: Total time for which application threads were stopped: 0.0000160 seconds, Stopping threads took: 0.0000080 seconds
14.724: Application time: 0.0000140 seconds
14.724: Total time for which application threads were stopped: 0.0000260 seconds, Stopping threads took: 0.0000190 seconds
14.724: Application time: 0.0000160 seconds
14.724: Total time for which application threads were stopped: 0.0000280 seconds, Stopping threads took: 0.0000190 seconds
14.725: Application time: 0.0000130 seconds
14.725: Total time for which application threads were stopped: 0.0000280 seconds, Stopping threads took: 0.0000200 seconds
14.725: Application time: 0.0000140 seconds
14.725: Total time for which application threads were stopped: 0.0000240 seconds, Stopping threads took: 0.0000160 seconds
14.725: Application time: 0.0000140 seconds
14.725: Total time for which application threads were stopped: 0.0000240 seconds, Stopping threads took: 0.0000160 seconds
14.725: Application time: 0.0000160 seconds
14.725: Total time for which application threads were stopped: 0.0000250 seconds, Stopping threads took: 0.0000170 seconds
14.725: Application time: 0.0000130 seconds
14.725: Total time for which application threads were stopped: 0.0000440 seconds, Stopping threads took: 0.0000140 seconds
14.731: Application time: 0.0061810 seconds
14.731: [GC pause (young), 0.0013170 secs]
   [Parallel Time: 1.0 ms, GC Workers: 8]
      [GC Worker Start (ms): Min: 14731.0, Avg: 14731.2, Max: 14731.9, Diff: 0.9]
      [Ext Root Scanning (ms): Min: 0.0, Avg: 0.3, Max: 0.5, Diff: 0.5, Sum: 2.6]
      [Update RS (ms): Min: 0.0, Avg: 0.0, Max: 0.0, Diff: 0.0, Sum: 0.1]
         [Processed Buffers: Min: 0, Avg: 1.2, Max: 6, Diff: 6, Sum: 10]
      [Scan RS (ms): Min: 0.0, Avg: 0.0, Max: 0.0, Diff: 0.0, Sum: 0.0]
      [Code Root Scanning (ms): Min: 0.0, Avg: 0.0, Max: 0.0, Diff: 0.0, Sum: 0.0]
      [Object Copy (ms): Min: 0.0, Avg: 0.2, Max: 0.3, Diff: 0.3, Sum: 1.8]
      [Termination (ms): Min: 0.0, Avg: 0.1, Max: 0.2, Diff: 0.2, Sum: 1.0]
      [GC Worker Other (ms): Min: 0.0, Avg: 0.0, Max: 0.0, Diff: 0.0, Sum: 0.0]
      [GC Worker Total (ms): Min: 0.0, Avg: 0.7, Max: 0.9, Diff: 0.9, Sum: 5.6]
      [GC Worker End (ms): Min: 14731.9, Avg: 14731.9, Max: 14731.9, Diff: 0.0]
   [Code Root Fixup: 0.0 ms]
   [Code Root Migration: 0.0 ms]
   [Clear CT: 0.0 ms]
   [Other: 0.3 ms]
      [Choose CSet: 0.0 ms]
      [Ref Proc: 0.2 ms]
      [Ref Enq: 0.0 ms]
      [Free CSet: 0.0 ms]
   [Eden: 1024.0K(1024.0K)->0.0B(1024.0K) Survivors: 1024.0K->1024.0K Heap: 4462.4K(7168.0K)->3837.5K(7168.0K)]
 [Times: user=0.00 sys=0.00, real=0.00 secs] 
14.732: Total time for which application threads were stopped: 0.0014560 seconds, Stopping threads took: 0.0000190 seconds
14.741: Application time: 0.0082670 seconds
14.741: Total time for which application threads were stopped: 0.0000390 seconds, Stopping threads took: 0.0000110 seconds
14.751: Application time: 0.0104800 seconds
14.751: [GC pause (young), 0.0013140 secs]
   [Parallel Time: 0.7 ms, GC Workers: 8]
      [GC Worker Start (ms): Min: 14751.2, Avg: 14751.2, Max: 14751.3, Diff: 0.1]
      [Ext Root Scanning (ms): Min: 0.3, Avg: 0.4, Max: 0.4, Diff: 0.1, Sum: 3.0]
      [Update RS (ms): Min: 0.0, Avg: 0.0, Max: 0.1, Diff: 0.1, Sum: 0.1]
         [Processed Buffers: Min: 0, Avg: 1.1, Max: 3, Diff: 3, Sum: 9]
      [Scan RS (ms): Min: 0.0, Avg: 0.0, Max: 0.0, Diff: 0.0, Sum: 0.0]
      [Code Root Scanning (ms): Min: 0.0, Avg: 0.0, Max: 0.0, Diff: 0.0, Sum: 0.0]
      [Object Copy (ms): Min: 0.2, Avg: 0.2, Max: 0.2, Diff: 0.0, Sum: 1.7]
      [Termination (ms): Min: 0.0, Avg: 0.0, Max: 0.0, Diff: 0.0, Sum: 0.0]
      [GC Worker Other (ms): Min: 0.0, Avg: 0.0, Max: 0.0, Diff: 0.0, Sum: 0.0]
      [GC Worker Total (ms): Min: 0.6, Avg: 0.6, Max: 0.7, Diff: 0.1, Sum: 4.9]
      [GC Worker End (ms): Min: 14751.9, Avg: 14751.9, Max: 14751.9, Diff: 0.0]
   [Code Root Fixup: 0.0 ms]
   [Code Root Migration: 0.0 ms]
   [Clear CT: 0.4 ms]
   [Other: 0.2 ms]
      [Choose CSet: 0.0 ms]
      [Ref Proc: 0.2 ms]
      [Ref Enq: 0.0 ms]
      [Free CSet: 0.0 ms]
   [Eden: 1024.0K(1024.0K)->0.0B(1024.0K) Survivors: 1024.0K->1024.0K Heap: 4861.5K(7168.0K)->3951.2K(7168.0K)]
 [Times: user=0.01 sys=0.00, real=0.00 secs] 
14.753: Total time for which application threads were stopped: 0.0014010 seconds, Stopping threads took: 0.0000050 seconds
14.754: Application time: 0.0018610 seconds
14.754: [Full GC 4035K->1392K(7168K), 0.0064330 secs]
   [Eden: 1024.0K(1024.0K)->0.0B(3072.0K) Survivors: 1024.0K->0.0B Heap: 4035.3K(7168.0K)->1392.2K(7168.0K)], [Perm: 5075K->5075K(20480K)]
 [Times: user=0.01 sys=0.00, real=0.00 secs] 
14.761: Total time for which application threads were stopped: 0.0064990 seconds, Stopping threads took: 0.0000050 seconds
14.761: Application time: 0.0000340 seconds
14.761: [Full GC 1392K->1392K(7168K), 0.0051900 secs]
   [Eden: 0.0B(3072.0K)->0.0B(3072.0K) Survivors: 0.0B->0.0B Heap: 1392.2K(7168.0K)->1392.2K(7168.0K)], [Perm: 5075K->5075K(20480K)]
 [Times: user=0.00 sys=0.00, real=0.01 secs] 
14.766: Total time for which application threads were stopped: 0.0052530 seconds, Stopping threads took: 0.0000050 seconds
14.770: Application time: 0.0036270 seconds
14.770: Total time for which application threads were stopped: 0.0000700 seconds, Stopping threads took: 0.0000550 seconds
14.770: Application time: 0.0001110 seconds
14.770: Total time for which application threads were stopped: 0.0001140 seconds, Stopping threads took: 0.0000980 seconds
14.771: Application time: 0.0010830 seconds
14.771: Total time for which application threads were stopped: 0.0000340 seconds, Stopping threads took: 0.0000220 seconds
14.772: Application time: 0.0009740 seconds
14.772: [GC pause (young), 0.0015640 secs]
   [Parallel Time: 1.4 ms, GC Workers: 8]
      [GC Worker Start (ms): Min: 14772.3, Avg: 14772.3, Max: 14772.3, Diff: 0.0]
      [Ext Root Scanning (ms): Min: 0.7, Avg: 0.7, Max: 0.8, Diff: 0.1, Sum: 5.9]
      [Update RS (ms): Min: 0.0, Avg: 0.0, Max: 0.0, Diff: 0.0, Sum: 0.1]
         [Processed Buffers: Min: 0, Avg: 0.8, Max: 2, Diff: 2, Sum: 6]
      [Scan RS (ms): Min: 0.0, Avg: 0.0, Max: 0.0, Diff: 0.0, Sum: 0.0]
      [Code Root Scanning (ms): Min: 0.0, Avg: 0.0, Max: 0.0, Diff: 0.0, Sum: 0.0]
      [Object Copy (ms): Min: 0.5, Avg: 0.6, Max: 0.6, Diff: 0.1, Sum: 4.5]
      [Termination (ms): Min: 0.0, Avg: 0.0, Max: 0.0, Diff: 0.0, Sum: 0.0]
      [GC Worker Other (ms): Min: 0.0, Avg: 0.0, Max: 0.0, Diff: 0.0, Sum: 0.1]
      [GC Worker Total (ms): Min: 1.3, Avg: 1.3, Max: 1.4, Diff: 0.1, Sum: 10.6]
      [GC Worker End (ms): Min: 14773.6, Avg: 14773.7, Max: 14773.7, Diff: 0.0]
   [Code Root Fixup: 0.0 ms]
   [Code Root Migration: 0.0 ms]
   [Clear CT: 0.0 ms]
   [Other: 0.1 ms]
      [Choose CSet: 0.0 ms]
      [Ref Proc: 0.1 ms]
      [Ref Enq: 0.0 ms]
      [Free CSet: 0.0 ms]
   [Eden: 3072.0K(3072.0K)->0.0B(1024.0K) Survivors: 0.0B->1024.0K Heap: 4464.2K(7168.0K)->4374.7K(8192.0K)]
 [Times: user=0.01 sys=0.00, real=0.00 secs] 
14.774: Total time for which application threads were stopped: 0.0016810 seconds, Stopping threads took: 0.0000160 seconds
14.774: Application time: 0.0001090 seconds
14.774: [GC pause (young) (initial-mark) (to-space exhausted), 0.0010670 secs]
   [Parallel Time: 0.8 ms, GC Workers: 8]
      [GC Worker Start (ms): Min: 14774.1, Avg: 14774.1, Max: 14774.1, Diff: 0.0]
      [Ext Root Scanning (ms): Min: 0.3, Avg: 0.4, Max: 0.5, Diff: 0.2, Sum: 3.1]
      [Code Root Marking (ms): Min: 0.0, Avg: 0.0, Max: 0.0, Diff: 0.0, Sum: 0.0]
      [Update RS (ms): Min: 0.0, Avg: 0.0, Max: 0.0, Diff: 0.0, Sum: 0.1]
         [Processed Buffers: Min: 0, Avg: 0.9, Max: 3, Diff: 3, Sum: 7]
      [Scan RS (ms): Min: 0.0, Avg: 0.0, Max: 0.0, Diff: 0.0, Sum: 0.0]
      [Code Root Scanning (ms): Min: 0.0, Avg: 0.0, Max: 0.0, Diff: 0.0, Sum: 0.0]
      [Object Copy (ms): Min: 0.3, Avg: 0.4, Max: 0.4, Diff: 0.1, Sum: 3.0]
      [Termination (ms): Min: 0.0, Avg: 0.0, Max: 0.0, Diff: 0.0, Sum: 0.0]
      [GC Worker Other (ms): Min: 0.0, Avg: 0.0, Max: 0.0, Diff: 0.0, Sum: 0.0]
      [GC Worker Total (ms): Min: 0.8, Avg: 0.8, Max: 0.8, Diff: 0.0, Sum: 6.3]
      [GC Worker End (ms): Min: 14774.9, Avg: 14774.9, Max: 14774.9, Diff: 0.0]
   [Code Root Fixup: 0.0 ms]
   [Code Root Migration: 0.0 ms]
   [Clear CT: 0.0 ms]
   [Other: 0.2 ms]
      [Choose CSet: 0.0 ms]
      [Ref Proc: 0.1 ms]
      [Ref Enq: 0.0 ms]
      [Free CSet: 0.0 ms]
   [Eden: 1024.0K(1024.0K)->0.0B(1024.0K) Survivors: 1024.0K->1024.0K Heap: 5398.7K(8192.0K)->7536.2K(8192.0K)]
 [Times: user=0.00 sys=0.00, real=0.00 secs] 
14.775: Total time for which application threads were stopped: 0.0011900 seconds, Stopping threads took: 0.0000340 seconds
14.775: [GC concurrent-root-region-scan-start]
14.775: Application time: 0.0000220 seconds
14.775: [GC concurrent-root-region-scan-end, 0.0000330 secs]
14.775: [GC concurrent-mark-start]
14.775: [GC pause (young) (to-space exhausted), 0.0008280 secs]
   [Parallel Time: 0.6 ms, GC Workers: 8]
      [GC Worker Start (ms): Min: 14775.3, Avg: 14775.3, Max: 14775.3, Diff: 0.0]
      [Ext Root Scanning (ms): Min: 0.3, Avg: 0.3, Max: 0.3, Diff: 0.0, Sum: 2.6]
      [SATB Filtering (ms): Min: 0.0, Avg: 0.0, Max: 0.0, Diff: 0.0, Sum: 0.0]
      [Update RS (ms): Min: 0.0, Avg: 0.0, Max: 0.1, Diff: 0.1, Sum: 0.3]
         [Processed Buffers: Min: 0, Avg: 2.0, Max: 5, Diff: 5, Sum: 16]
      [Scan RS (ms): Min: 0.0, Avg: 0.0, Max: 0.0, Diff: 0.0, Sum: 0.0]
      [Code Root Scanning (ms): Min: 0.0, Avg: 0.0, Max: 0.0, Diff: 0.0, Sum: 0.0]
      [Object Copy (ms): Min: 0.2, Avg: 0.3, Max: 0.3, Diff: 0.1, Sum: 2.0]
      [Termination (ms): Min: 0.0, Avg: 0.0, Max: 0.0, Diff: 0.0, Sum: 0.0]
      [GC Worker Other (ms): Min: 0.0, Avg: 0.0, Max: 0.0, Diff: 0.0, Sum: 0.0]
      [GC Worker Total (ms): Min: 0.6, Avg: 0.6, Max: 0.6, Diff: 0.0, Sum: 5.0]
      [GC Worker End (ms): Min: 14775.9, Avg: 14775.9, Max: 14775.9, Diff: 0.0]
   [Code Root Fixup: 0.0 ms]
   [Code Root Migration: 0.0 ms]
   [Clear CT: 0.1 ms]
   [Other: 0.1 ms]
      [Choose CSet: 0.0 ms]
      [Ref Proc: 0.1 ms]
      [Ref Enq: 0.0 ms]
      [Free CSet: 0.0 ms]
   [Eden: 0.0B(1024.0K)->0.0B(1024.0K) Survivors: 1024.0K->0.0B Heap: 7536.2K(8192.0K)->7536.2K(8192.0K)]
 [Times: user=0.00 sys=0.01, real=0.00 secs] 
14.776: Total time for which application threads were stopped: 0.0009330 seconds, Stopping threads took: 0.0000280 seconds
14.776: Application time: 0.0002660 seconds
14.776: [Full GC 7536K->5135K(8192K), 0.0074770 secs]
   [Eden: 0.0B(1024.0K)->0.0B(1024.0K) Survivors: 0.0B->0.0B Heap: 7536.2K(8192.0K)->5135.2K(8192.0K)], [Perm: 5101K->5101K(20480K)]
 [Times: user=0.01 sys=0.00, real=0.01 secs] 
14.784: Total time for which application threads were stopped: 0.0075570 seconds, Stopping threads took: 0.0000050 seconds
14.784: [GC concurrent-mark-abort]
14.792: Application time: 0.0084750 seconds
14.793: Total time for which application threads were stopped: 0.0000810 seconds, Stopping threads took: 0.0000630 seconds
15.758: Application time: 0.9656150 seconds
15.813: [GC pause (young), 0.0012900 secs]
   [Parallel Time: 1.1 ms, GC Workers: 8]
      [GC Worker Start (ms): Min: 15812.6, Avg: 15812.7, Max: 15812.7, Diff: 0.1]
      [Ext Root Scanning (ms): Min: 0.7, Avg: 0.8, Max: 0.8, Diff: 0.1, Sum: 6.3]
      [Update RS (ms): Min: 0.0, Avg: 0.0, Max: 0.1, Diff: 0.1, Sum: 0.1]
         [Processed Buffers: Min: 0, Avg: 1.0, Max: 2, Diff: 2, Sum: 8]
      [Scan RS (ms): Min: 0.0, Avg: 0.0, Max: 0.0, Diff: 0.0, Sum: 0.0]
      [Code Root Scanning (ms): Min: 0.0, Avg: 0.0, Max: 0.0, Diff: 0.0, Sum: 0.0]
      [Object Copy (ms): Min: 0.1, Avg: 0.2, Max: 0.2, Diff: 0.0, Sum: 1.3]
      [Termination (ms): Min: 0.0, Avg: 0.0, Max: 0.0, Diff: 0.0, Sum: 0.0]
      [GC Worker Other (ms): Min: 0.0, Avg: 0.0, Max: 0.0, Diff: 0.0, Sum: 0.1]
      [GC Worker Total (ms): Min: 0.9, Avg: 1.0, Max: 1.0, Diff: 0.1, Sum: 7.8]
      [GC Worker End (ms): Min: 15813.6, Avg: 15813.6, Max: 15813.6, Diff: 0.0]
   [Code Root Fixup: 0.0 ms]
   [Code Root Migration: 0.0 ms]
   [Clear CT: 0.0 ms]
   [Other: 0.2 ms]
      [Choose CSet: 0.0 ms]
      [Ref Proc: 0.1 ms]
      [Ref Enq: 0.0 ms]
      [Free CSet: 0.0 ms]
   [Eden: 1024.0K(1024.0K)->0.0B(1024.0K) Survivors: 0.0B->1024.0K Heap: 6159.2K(8192.0K)->5971.6K(8192.0K)]
 [Times: user=0.01 sys=0.00, real=0.00 secs] 
15.814: Total time for which application threads were stopped: 0.0558010 seconds, Stopping threads took: 0.0543780 seconds
17.577: Application time: 1.7633470 seconds
17.594: [GC pause (young) (initial-mark) (to-space exhausted), 0.0011720 secs]
   [Parallel Time: 0.8 ms, GC Workers: 8]
      [GC Worker Start (ms): Min: 17593.9, Avg: 17593.9, Max: 17593.9, Diff: 0.0]
      [Ext Root Scanning (ms): Min: 0.4, Avg: 0.4, Max: 0.5, Diff: 0.1, Sum: 3.3]
      [Code Root Marking (ms): Min: 0.0, Avg: 0.0, Max: 0.0, Diff: 0.0, Sum: 0.0]
      [Update RS (ms): Min: 0.0, Avg: 0.0, Max: 0.0, Diff: 0.0, Sum: 0.1]
         [Processed Buffers: Min: 0, Avg: 1.4, Max: 5, Diff: 5, Sum: 11]
      [Scan RS (ms): Min: 0.0, Avg: 0.0, Max: 0.0, Diff: 0.0, Sum: 0.0]
      [Code Root Scanning (ms): Min: 0.0, Avg: 0.0, Max: 0.0, Diff: 0.0, Sum: 0.0]
      [Object Copy (ms): Min: 0.3, Avg: 0.3, Max: 0.4, Diff: 0.1, Sum: 2.6]
      [Termination (ms): Min: 0.0, Avg: 0.0, Max: 0.0, Diff: 0.0, Sum: 0.2]
      [GC Worker Other (ms): Min: 0.0, Avg: 0.0, Max: 0.0, Diff: 0.0, Sum: 0.0]
      [GC Worker Total (ms): Min: 0.8, Avg: 0.8, Max: 0.8, Diff: 0.1, Sum: 6.2]
      [GC Worker End (ms): Min: 17594.7, Avg: 17594.7, Max: 17594.7, Diff: 0.0]
   [Code Root Fixup: 0.0 ms]
   [Code Root Migration: 0.0 ms]
   [Clear CT: 0.0 ms]
   [Other: 0.3 ms]
      [Choose CSet: 0.0 ms]
      [Ref Proc: 0.1 ms]
      [Ref Enq: 0.0 ms]
      [Free CSet: 0.0 ms]
   [Eden: 1024.0K(1024.0K)->0.0B(1024.0K) Survivors: 1024.0K->0.0B Heap: 6995.6K(8192.0K)->6995.6K(8192.0K)]
 [Times: user=0.00 sys=0.00, real=0.00 secs] 
17.595: [GC concurrent-root-region-scan-start]
17.595: [GC concurrent-root-region-scan-end, 0.0000060 secs]
17.595: [GC concurrent-mark-start]
17.595: Total time for which application threads were stopped: 0.0177780 seconds, Stopping threads took: 0.0165000 seconds
17.595: Application time: 0.0000310 seconds
17.595: [GC pause (young), 0.0063020 secs]
   [Parallel Time: 0.4 ms, GC Workers: 8]
      [GC Worker Start (ms): Min: 17595.2, Avg: 17595.2, Max: 17595.2, Diff: 0.0]
      [Ext Root Scanning (ms): Min: 0.2, Avg: 0.3, Max: 0.3, Diff: 0.1, Sum: 2.2]
      [SATB Filtering (ms): Min: 0.0, Avg: 0.0, Max: 0.0, Diff: 0.0, Sum: 0.0]
      [Update RS (ms): Min: 0.0, Avg: 0.0, Max: 0.1, Diff: 0.1, Sum: 0.1]
         [Processed Buffers: Min: 0, Avg: 1.6, Max: 5, Diff: 5, Sum: 13]
      [Scan RS (ms): Min: 0.0, Avg: 0.0, Max: 0.0, Diff: 0.0, Sum: 0.0]
      [Code Root Scanning (ms): Min: 0.0, Avg: 0.0, Max: 0.0, Diff: 0.0, Sum: 0.0]
      [Object Copy (ms): Min: 0.0, Avg: 0.0, Max: 0.0, Diff: 0.0, Sum: 0.1]
      [Termination (ms): Min: 0.0, Avg: 0.0, Max: 0.0, Diff: 0.0, Sum: 0.2]
      [GC Worker Other (ms): Min: 0.0, Avg: 0.0, Max: 0.0, Diff: 0.0, Sum: 0.0]
      [GC Worker Total (ms): Min: 0.3, Avg: 0.3, Max: 0.3, Diff: 0.0, Sum: 2.6]
      [GC Worker End (ms): Min: 17595.5, Avg: 17595.5, Max: 17595.5, Diff: 0.0]
   [Code Root Fixup: 0.0 ms]
   [Code Root Migration: 0.0 ms]
   [Clear CT: 0.0 ms]
   [Other: 5.9 ms]
      [Choose CSet: 0.0 ms]
      [Ref Proc: 5.9 ms]
      [Ref Enq: 0.0 ms]
      [Free CSet: 0.0 ms]
   [Eden: 0.0B(1024.0K)->0.0B(1024.0K) Survivors: 0.0B->0.0B Heap: 6995.6K(8192.0K)->6995.6K(8192.0K)]
 [Times: user=0.05 sys=0.00, real=0.01 secs] 
17.602: Total time for which application threads were stopped: 0.0063640 seconds, Stopping threads took: 0.0000060 seconds
17.602: Application time: 0.0000440 seconds
17.602: [GC pause (young), 0.0004280 secs]
   [Parallel Time: 0.3 ms, GC Workers: 8]
      [GC Worker Start (ms): Min: 17601.6, Avg: 17601.6, Max: 17601.6, Diff: 0.0]
      [Ext Root Scanning (ms): Min: 0.2, Avg: 0.2, Max: 0.3, Diff: 0.0, Sum: 1.8]
      [Update RS (ms): Min: 0.0, Avg: 0.0, Max: 0.0, Diff: 0.0, Sum: 0.0]
         [Processed Buffers: Min: 0, Avg: 0.1, Max: 1, Diff: 1, Sum: 1]
      [Scan RS (ms): Min: 0.0, Avg: 0.0, Max: 0.0, Diff: 0.0, Sum: 0.0]
      [Code Root Scanning (ms): Min: 0.0, Avg: 0.0, Max: 0.0, Diff: 0.0, Sum: 0.0]
      [Object Copy (ms): Min: 0.0, Avg: 0.0, Max: 0.0, Diff: 0.0, Sum: 0.1]
      [Termination (ms): Min: 0.0, Avg: 0.0, Max: 0.1, Diff: 0.1, Sum: 0.3]
      [GC Worker Other (ms): Min: 0.0, Avg: 0.0, Max: 0.0, Diff: 0.0, Sum: 0.0]
      [GC Worker Total (ms): Min: 0.3, Avg: 0.3, Max: 0.3, Diff: 0.0, Sum: 2.3]
      [GC Worker End (ms): Min: 17601.9, Avg: 17601.9, Max: 17601.9, Diff: 0.0]
   [Code Root Fixup: 0.0 ms]
   [Code Root Migration: 0.0 ms]
   [Clear CT: 0.0 ms]
   [Other: 0.1 ms]
      [Choose CSet: 0.0 ms]
      [Ref Proc: 0.1 ms]
      [Ref Enq: 0.0 ms]
      [Free CSet: 0.0 ms]
   [Eden: 0.0B(1024.0K)->0.0B(1024.0K) Survivors: 0.0B->0.0B Heap: 6995.6K(8192.0K)->6995.6K(8192.0K)]
 [Times: user=0.00 sys=0.00, real=0.00 secs] 
17.602: Total time for which application threads were stopped: 0.0004930 seconds, Stopping threads took: 0.0000050 seconds
17.602: Application time: 0.0000380 seconds
17.602: [GC pause (young), 0.0004170 secs]
   [Parallel Time: 0.3 ms, GC Workers: 8]
      [GC Worker Start (ms): Min: 17602.1, Avg: 17602.1, Max: 17602.1, Diff: 0.0]
      [Ext Root Scanning (ms): Min: 0.2, Avg: 0.2, Max: 0.2, Diff: 0.1, Sum: 1.8]
      [SATB Filtering (ms): Min: 0.0, Avg: 0.0, Max: 0.0, Diff: 0.0, Sum: 0.0]
      [Update RS (ms): Min: 0.0, Avg: 0.0, Max: 0.0, Diff: 0.0, Sum: 0.0]
         [Processed Buffers: Min: 0, Avg: 0.1, Max: 1, Diff: 1, Sum: 1]
      [Scan RS (ms): Min: 0.0, Avg: 0.0, Max: 0.0, Diff: 0.0, Sum: 0.0]
      [Code Root Scanning (ms): Min: 0.0, Avg: 0.0, Max: 0.0, Diff: 0.0, Sum: 0.0]
      [Object Copy (ms): Min: 0.0, Avg: 0.0, Max: 0.0, Diff: 0.0, Sum: 0.1]
      [Termination (ms): Min: 0.0, Avg: 0.0, Max: 0.1, Diff: 0.1, Sum: 0.3]
      [GC Worker Other (ms): Min: 0.0, Avg: 0.0, Max: 0.0, Diff: 0.0, Sum: 0.0]
      [GC Worker Total (ms): Min: 0.3, Avg: 0.3, Max: 0.3, Diff: 0.0, Sum: 2.2]
      [GC Worker End (ms): Min: 17602.4, Avg: 17602.4, Max: 17602.4, Diff: 0.0]
   [Code Root Fixup: 0.0 ms]
   [Code Root Migration: 0.0 ms]
   [Clear CT: 0.0 ms]
   [Other: 0.1 ms]
      [Choose CSet: 0.0 ms]
      [Ref Proc: 0.1 ms]
      [Ref Enq: 0.0 ms]
      [Free CSet: 0.0 ms]
   [Eden: 0.0B(1024.0K)->0.0B(1024.0K) Survivors: 0.0B->0.0B Heap: 6995.6K(8192.0K)->6995.6K(8192.0K)]
 [Times: user=0.00 sys=0.00, real=0.00 secs] 
17.603: Total time for which application threads were stopped: 0.0004720 seconds, Stopping threads took: 0.0000040 seconds
17.603: Application time: 0.0000380 seconds
17.603: [Full GC 6995K->5547K(8192K), 0.0065860 secs]
   [Eden: 0.0B(1024.0K)->0.0B(1024.0K) Survivors: 0.0B->0.0B Heap: 6995.6K(8192.0K)->5548.0K(8192.0K)], [Perm: 5111K->5110K(20480K)]
 [Times: user=0.01 sys=0.00, real=0.00 secs] 
17.609: Total time for which application threads were stopped: 0.0066560 seconds, Stopping threads took: 0.0000040 seconds
17.609: [GC concurrent-mark-abort]
17.613: Application time: 0.0041430 seconds
17.667: Total time for which application threads were stopped: 0.0536870 seconds, Stopping threads took: 0.0536720 seconds
18.525: Application time: 0.8581020 seconds
18.580: [GC pause (young), 0.0012560 secs]
   [Parallel Time: 0.9 ms, GC Workers: 8]
      [GC Worker Start (ms): Min: 18579.9, Avg: 18580.0, Max: 18580.0, Diff: 0.1]
      [Ext Root Scanning (ms): Min: 0.7, Avg: 0.7, Max: 0.7, Diff: 0.1, Sum: 5.6]
      [Update RS (ms): Min: 0.0, Avg: 0.0, Max: 0.0, Diff: 0.0, Sum: 0.0]
         [Processed Buffers: Min: 0, Avg: 0.9, Max: 3, Diff: 3, Sum: 7]
      [Scan RS (ms): Min: 0.0, Avg: 0.0, Max: 0.0, Diff: 0.0, Sum: 0.0]
      [Code Root Scanning (ms): Min: 0.0, Avg: 0.0, Max: 0.0, Diff: 0.0, Sum: 0.0]
      [Object Copy (ms): Min: 0.1, Avg: 0.1, Max: 0.1, Diff: 0.0, Sum: 0.7]
      [Termination (ms): Min: 0.0, Avg: 0.0, Max: 0.0, Diff: 0.0, Sum: 0.0]
      [GC Worker Other (ms): Min: 0.0, Avg: 0.0, Max: 0.0, Diff: 0.0, Sum: 0.1]
      [GC Worker Total (ms): Min: 0.8, Avg: 0.8, Max: 0.9, Diff: 0.1, Sum: 6.5]
      [GC Worker End (ms): Min: 18580.8, Avg: 18580.8, Max: 18580.8, Diff: 0.0]
   [Code Root Fixup: 0.0 ms]
   [Code Root Migration: 0.0 ms]
   [Clear CT: 0.2 ms]
   [Other: 0.1 ms]
      [Choose CSet: 0.0 ms]
      [Ref Proc: 0.1 ms]
      [Ref Enq: 0.0 ms]
      [Free CSet: 0.0 ms]
   [Eden: 1024.0K(1024.0K)->0.0B(1024.0K) Survivors: 0.0B->1024.0K Heap: 6572.0K(8192.0K)->5788.5K(8192.0K)]
 [Times: user=0.01 sys=0.01, real=0.00 secs] 
18.581: Total time for which application threads were stopped: 0.0560330 seconds, Stopping threads took: 0.0546470 seconds
19.495: Application time: 0.9138780 seconds
19.550: [GC pause (young) (initial-mark) (to-space exhausted), 0.0011530 secs]
   [Parallel Time: 0.7 ms, GC Workers: 8]
      [GC Worker Start (ms): Min: 19550.2, Avg: 19550.3, Max: 19550.3, Diff: 0.1]
      [Ext Root Scanning (ms): Min: 0.4, Avg: 0.4, Max: 0.5, Diff: 0.1, Sum: 3.3]
      [Code Root Marking (ms): Min: 0.0, Avg: 0.0, Max: 0.0, Diff: 0.0, Sum: 0.0]
      [Update RS (ms): Min: 0.0, Avg: 0.0, Max: 0.0, Diff: 0.0, Sum: 0.0]
         [Processed Buffers: Min: 0, Avg: 1.1, Max: 4, Diff: 4, Sum: 9]
      [Scan RS (ms): Min: 0.0, Avg: 0.0, Max: 0.0, Diff: 0.0, Sum: 0.0]
      [Code Root Scanning (ms): Min: 0.0, Avg: 0.0, Max: 0.0, Diff: 0.0, Sum: 0.0]
      [Object Copy (ms): Min: 0.1, Avg: 0.2, Max: 0.2, Diff: 0.1, Sum: 1.4]
      [Termination (ms): Min: 0.0, Avg: 0.1, Max: 0.1, Diff: 0.1, Sum: 0.5]
      [GC Worker Other (ms): Min: 0.0, Avg: 0.0, Max: 0.0, Diff: 0.0, Sum: 0.0]
      [GC Worker Total (ms): Min: 0.6, Avg: 0.7, Max: 0.7, Diff: 0.1, Sum: 5.3]
      [GC Worker End (ms): Min: 19550.9, Avg: 19550.9, Max: 19550.9, Diff: 0.0]
   [Code Root Fixup: 0.0 ms]
   [Code Root Migration: 0.0 ms]
   [Clear CT: 0.1 ms]
   [Other: 0.3 ms]
      [Choose CSet: 0.0 ms]
      [Ref Proc: 0.2 ms]
      [Ref Enq: 0.0 ms]
      [Free CSet: 0.0 ms]
   [Eden: 1024.0K(1024.0K)->0.0B(1024.0K) Survivors: 1024.0K->0.0B Heap: 6812.5K(8192.0K)->6812.5K(8192.0K)]
 [Times: user=0.00 sys=0.00, real=0.00 secs] 
19.551: [GC concurrent-root-region-scan-start]
19.55119.551: : [GC concurrent-root-region-scan-end, 0.0000050 secs]
Total time for which application threads were stopped: 0.0563240 seconds, Stopping threads took: 0.0550700 seconds
19.551: [GC concurrent-mark-start]
19.551: Application time: 0.0000310 seconds
19.551: [Full GC 6812K->5518K(8192K), 0.0059100 secs]
   [Eden: 0.0B(1024.0K)->0.0B(1024.0K) Survivors: 0.0B->0.0B Heap: 6812.5K(8192.0K)->5518.6K(8192.0K)], [Perm: 5110K->5110K(20480K)]
 [Times: user=0.01 sys=0.00, real=0.00 secs] 
19.557: Total time for which application threads were stopped: 0.0059750 seconds, Stopping threads took: 0.0000050 seconds
19.557: [GC concurrent-mark-abort]
21.270: Application time: 1.7124450 seconds
21.323: [GC pause (young), 0.0018080 secs]
   [Parallel Time: 0.9 ms, GC Workers: 8]
      [GC Worker Start (ms): Min: 21322.6, Avg: 21322.6, Max: 21322.7, Diff: 0.1]
      [Ext Root Scanning (ms): Min: 0.7, Avg: 0.7, Max: 0.7, Diff: 0.1, Sum: 5.7]
      [Update RS (ms): Min: 0.0, Avg: 0.0, Max: 0.0, Diff: 0.0, Sum: 0.0]
         [Processed Buffers: Min: 0, Avg: 1.0, Max: 4, Diff: 4, Sum: 8]
      [Scan RS (ms): Min: 0.0, Avg: 0.0, Max: 0.0, Diff: 0.0, Sum: 0.0]
      [Code Root Scanning (ms): Min: 0.0, Avg: 0.0, Max: 0.0, Diff: 0.0, Sum: 0.0]
      [Object Copy (ms): Min: 0.1, Avg: 0.1, Max: 0.1, Diff: 0.1, Sum: 0.7]
      [Termination (ms): Min: 0.0, Avg: 0.0, Max: 0.0, Diff: 0.0, Sum: 0.1]
      [GC Worker Other (ms): Min: 0.0, Avg: 0.0, Max: 0.0, Diff: 0.0, Sum: 0.1]
      [GC Worker Total (ms): Min: 0.8, Avg: 0.8, Max: 0.9, Diff: 0.1, Sum: 6.5]
      [GC Worker End (ms): Min: 21323.4, Avg: 21323.4, Max: 21323.4, Diff: 0.0]
   [Code Root Fixup: 0.0 ms]
   [Code Root Migration: 0.0 ms]
   [Clear CT: 0.5 ms]
   [Other: 0.4 ms]
      [Choose CSet: 0.0 ms]
      [Ref Proc: 0.4 ms]
      [Ref Enq: 0.0 ms]
      [Free CSet: 0.0 ms]
   [Eden: 1024.0K(1024.0K)->0.0B(1024.0K) Survivors: 0.0B->1024.0K Heap: 6542.6K(8192.0K)->5743.1K(8192.0K)]
 [Times: user=0.01 sys=0.00, real=0.00 secs] 
21.326: Total time for which application threads were stopped: 0.0560870 seconds, Stopping threads took: 0.0525830 seconds
22.294: Application time: 0.9681650 seconds
22.304: [GC pause (young) (initial-mark) (to-space exhausted), 0.0010730 secs]
   [Parallel Time: 0.7 ms, GC Workers: 8]
      [GC Worker Start (ms): Min: 22303.6, Avg: 22303.7, Max: 22303.7, Diff: 0.1]
      [Ext Root Scanning (ms): Min: 0.3, Avg: 0.4, Max: 0.5, Diff: 0.2, Sum: 3.1]
      [Code Root Marking (ms): Min: 0.0, Avg: 0.0, Max: 0.0, Diff: 0.0, Sum: 0.0]
      [Update RS (ms): Min: 0.0, Avg: 0.0, Max: 0.0, Diff: 0.0, Sum: 0.1]
         [Processed Buffers: Min: 0, Avg: 1.0, Max: 3, Diff: 3, Sum: 8]
      [Scan RS (ms): Min: 0.0, Avg: 0.0, Max: 0.0, Diff: 0.0, Sum: 0.0]
      [Code Root Scanning (ms): Min: 0.0, Avg: 0.0, Max: 0.0, Diff: 0.0, Sum: 0.0]
      [Object Copy (ms): Min: 0.1, Avg: 0.2, Max: 0.3, Diff: 0.2, Sum: 1.4]
      [Termination (ms): Min: 0.0, Avg: 0.0, Max: 0.1, Diff: 0.1, Sum: 0.3]
      [GC Worker Other (ms): Min: 0.0, Avg: 0.0, Max: 0.0, Diff: 0.0, Sum: 0.0]
      [GC Worker Total (ms): Min: 0.6, Avg: 0.6, Max: 0.7, Diff: 0.1, Sum: 4.9]
      [GC Worker End (ms): Min: 22304.3, Avg: 22304.3, Max: 22304.3, Diff: 0.0]
   [Code Root Fixup: 0.0 ms]
   [Code Root Migration: 0.0 ms]
   [Clear CT: 0.1 ms]
   [Other: 0.2 ms]
      [Choose CSet: 0.0 ms]
      [Ref Proc: 0.1 ms]
      [Ref Enq: 0.0 ms]
      [Free CSet: 0.0 ms]
   [Eden: 1024.0K(1024.0K)->0.0B(1024.0K) Survivors: 1024.0K->0.0B Heap: 6767.1K(8192.0K)->6767.1K(8192.0K)]
 [Times: user=0.00 sys=0.00, real=0.00 secs] 
22.305: [GC concurrent-root-region-scan-start]
22.305: 22.305: [GC concurrent-root-region-scan-end, 0.0000040 secs]
Total time for which application threads were stopped: 0.0105910 seconds, Stopping threads took: 0.0093960 seconds
22.305: [GC concurrent-mark-start]
22.305: Application time: 0.0000600 seconds
22.305: [Full GC 6767K->5520K(8192K), 0.0057980 secs]
   [Eden: 0.0B(1024.0K)->0.0B(1024.0K) Survivors: 0.0B->0.0B Heap: 6767.1K(8192.0K)->5520.1K(8192.0K)], [Perm: 5111K->5111K(20480K)]
 [Times: user=0.01 sys=0.00, real=0.01 secs] 
22.311: Total time for which application threads were stopped: 0.0058650 seconds, Stopping threads took: 0.0000060 seconds
22.311: [GC concurrent-mark-abort]
23.338: Application time: 1.0273820 seconds
23.392: [GC pause (young), 0.0015020 secs]
   [Parallel Time: 1.1 ms, GC Workers: 8]
      [GC Worker Start (ms): Min: 23391.8, Avg: 23391.9, Max: 23391.9, Diff: 0.1]
      [Ext Root Scanning (ms): Min: 0.6, Avg: 0.7, Max: 0.7, Diff: 0.1, Sum: 5.5]
      [Update RS (ms): Min: 0.0, Avg: 0.0, Max: 0.0, Diff: 0.0, Sum: 0.1]
         [Processed Buffers: Min: 0, Avg: 1.0, Max: 4, Diff: 4, Sum: 8]
      [Scan RS (ms): Min: 0.0, Avg: 0.0, Max: 0.0, Diff: 0.0, Sum: 0.0]
      [Code Root Scanning (ms): Min: 0.0, Avg: 0.0, Max: 0.0, Diff: 0.0, Sum: 0.0]
      [Object Copy (ms): Min: 0.1, Avg: 0.1, Max: 0.1, Diff: 0.0, Sum: 0.7]
      [Termination (ms): Min: 0.0, Avg: 0.0, Max: 0.0, Diff: 0.0, Sum: 0.1]
      [GC Worker Other (ms): Min: 0.0, Avg: 0.0, Max: 0.0, Diff: 0.0, Sum: 0.0]
      [GC Worker Total (ms): Min: 0.8, Avg: 0.8, Max: 0.8, Diff: 0.1, Sum: 6.4]
      [GC Worker End (ms): Min: 23392.7, Avg: 23392.7, Max: 23392.7, Diff: 0.0]
   [Code Root Fixup: 0.0 ms]
   [Code Root Migration: 0.0 ms]
   [Clear CT: 0.2 ms]
   [Other: 0.2 ms]
      [Choose CSet: 0.0 ms]
      [Ref Proc: 0.2 ms]
      [Ref Enq: 0.0 ms]
      [Free CSet: 0.0 ms]
   [Eden: 1024.0K(1024.0K)->0.0B(1024.0K) Survivors: 0.0B->1024.0K Heap: 6544.1K(8192.0K)->5766.6K(8192.0K)]
 [Times: user=0.00 sys=0.00, real=0.00 secs] 
23.393: Total time for which application threads were stopped: 0.0553250 seconds, Stopping threads took: 0.0537050 seconds
25.047: Application time: 1.6532810 seconds
25.103: [GC pause (young) (initial-mark) (to-space exhausted), 0.0011340 secs]
   [Parallel Time: 0.8 ms, GC Workers: 8]
      [GC Worker Start (ms): Min: 25102.8, Avg: 25102.9, Max: 25102.9, Diff: 0.1]
      [Ext Root Scanning (ms): Min: 0.3, Avg: 0.4, Max: 0.5, Diff: 0.2, Sum: 3.1]
      [Code Root Marking (ms): Min: 0.0, Avg: 0.0, Max: 0.0, Diff: 0.0, Sum: 0.0]
      [Update RS (ms): Min: 0.0, Avg: 0.0, Max: 0.0, Diff: 0.0, Sum: 0.1]
         [Processed Buffers: Min: 0, Avg: 0.9, Max: 3, Diff: 3, Sum: 7]
      [Scan RS (ms): Min: 0.0, Avg: 0.0, Max: 0.0, Diff: 0.0, Sum: 0.0]
      [Code Root Scanning (ms): Min: 0.0, Avg: 0.0, Max: 0.0, Diff: 0.0, Sum: 0.0]
      [Object Copy (ms): Min: 0.1, Avg: 0.2, Max: 0.3, Diff: 0.2, Sum: 1.4]
      [Termination (ms): Min: 0.0, Avg: 0.0, Max: 0.1, Diff: 0.1, Sum: 0.3]
      [GC Worker Other (ms): Min: 0.0, Avg: 0.0, Max: 0.0, Diff: 0.0, Sum: 0.0]
      [GC Worker Total (ms): Min: 0.6, Avg: 0.6, Max: 0.7, Diff: 0.1, Sum: 4.9]
      [GC Worker End (ms): Min: 25103.5, Avg: 25103.5, Max: 25103.5, Diff: 0.0]
   [Code Root Fixup: 0.0 ms]
   [Code Root Migration: 0.0 ms]
   [Clear CT: 0.1 ms]
   [Other: 0.3 ms]
      [Choose CSet: 0.0 ms]
      [Ref Proc: 0.1 ms]
      [Ref Enq: 0.0 ms]
      [Free CSet: 0.0 ms]
   [Eden: 1024.0K(1024.0K)->0.0B(1024.0K) Survivors: 1024.0K->0.0B Heap: 6790.6K(8192.0K)->6790.6K(8192.0K)]
 [Times: user=0.00 sys=0.00, real=0.00 secs] 
25.104: [GC concurrent-root-region-scan-start]
25.104: [GC concurrent-root-region-scan-end, 0.0000040 secs]
25.104: 25.104: [GC concurrent-mark-start]
Total time for which application threads were stopped: 0.0573520 seconds, Stopping threads took: 0.0560860 seconds
25.105: [GC concurrent-mark-end, 0.0013470 secs]
25.105: Application time: 0.0013830 seconds
25.105: [GC pause (young), 0.0005780 secs]
   [Parallel Time: 0.4 ms, GC Workers: 8]
      [GC Worker Start (ms): Min: 25105.4, Avg: 25105.4, Max: 25105.5, Diff: 0.0]
      [Ext Root Scanning (ms): Min: 0.3, Avg: 0.3, Max: 0.3, Diff: 0.1, Sum: 2.4]
      [SATB Filtering (ms): Min: 0.0, Avg: 0.0, Max: 0.0, Diff: 0.0, Sum: 0.0]
      [Update RS (ms): Min: 0.0, Avg: 0.0, Max: 0.0, Diff: 0.0, Sum: 0.1]
         [Processed Buffers: Min: 0, Avg: 1.6, Max: 5, Diff: 5, Sum: 13]
      [Scan RS (ms): Min: 0.0, Avg: 0.0, Max: 0.0, Diff: 0.0, Sum: 0.0]
      [Code Root Scanning (ms): Min: 0.0, Avg: 0.0, Max: 0.0, Diff: 0.0, Sum: 0.0]
      [Object Copy (ms): Min: 0.0, Avg: 0.0, Max: 0.0, Diff: 0.0, Sum: 0.2]
      [Termination (ms): Min: 0.0, Avg: 0.0, Max: 0.0, Diff: 0.0, Sum: 0.2]
      [GC Worker Other (ms): Min: -0.0, Avg: 0.0, Max: 0.0, Diff: 0.0, Sum: 0.0]
      [GC Worker Total (ms): Min: 0.3, Avg: 0.4, Max: 0.4, Diff: 0.0, Sum: 2.9]
      [GC Worker End (ms): Min: 25105.8, Avg: 25105.8, Max: 25105.8, Diff: 0.0]
   [Code Root Fixup: 0.0 ms]
   [Code Root Migration: 0.0 ms]
   [Clear CT: 0.1 ms]
   [Other: 0.1 ms]
      [Choose CSet: 0.0 ms]
      [Ref Proc: 0.1 ms]
      [Ref Enq: 0.0 ms]
      [Free CSet: 0.0 ms]
   [Eden: 0.0B(1024.0K)->0.0B(1024.0K) Survivors: 0.0B->0.0B Heap: 6790.6K(8192.0K)->6790.6K(8192.0K)]
 [Times: user=0.00 sys=0.01, real=0.00 secs] 
25.106: Total time for which application threads were stopped: 0.0006560 seconds, Stopping threads took: 0.0000210 seconds
25.106: Application time: 0.0000170 seconds
25.106: [GC pause (young), 0.0004370 secs]
   [Parallel Time: 0.3 ms, GC Workers: 8]
      [GC Worker Start (ms): Min: 25106.1, Avg: 25106.1, Max: 25106.1, Diff: 0.0]
      [Ext Root Scanning (ms): Min: 0.2, Avg: 0.2, Max: 0.3, Diff: 0.1, Sum: 1.9]
      [SATB Filtering (ms): Min: 0.0, Avg: 0.0, Max: 0.0, Diff: 0.0, Sum: 0.0]
      [Update RS (ms): Min: 0.0, Avg: 0.0, Max: 0.0, Diff: 0.0, Sum: 0.0]
         [Processed Buffers: Min: 0, Avg: 0.1, Max: 1, Diff: 1, Sum: 1]
      [Scan RS (ms): Min: 0.0, Avg: 0.0, Max: 0.0, Diff: 0.0, Sum: 0.0]
      [Code Root Scanning (ms): Min: 0.0, Avg: 0.0, Max: 0.0, Diff: 0.0, Sum: 0.0]
      [Object Copy (ms): Min: 0.0, Avg: 0.0, Max: 0.0, Diff: 0.0, Sum: 0.1]
      [Termination (ms): Min: 0.0, Avg: 0.0, Max: 0.1, Diff: 0.1, Sum: 0.3]
      [GC Worker Other (ms): Min: 0.0, Avg: 0.0, Max: 0.0, Diff: 0.0, Sum: 0.0]
      [GC Worker Total (ms): Min: 0.3, Avg: 0.3, Max: 0.3, Diff: 0.0, Sum: 2.3]
      [GC Worker End (ms): Min: 25106.4, Avg: 25106.4, Max: 25106.4, Diff: 0.0]
   [Code Root Fixup: 0.0 ms]
   [Code Root Migration: 0.0 ms]
   [Clear CT: 0.0 ms]
   [Other: 0.1 ms]
      [Choose CSet: 0.0 ms]
      [Ref Proc: 0.0 ms]
      [Ref Enq: 0.0 ms]
      [Free CSet: 0.0 ms]
   [Eden: 0.0B(1024.0K)->0.0B(1024.0K) Survivors: 0.0B->0.0B Heap: 6790.6K(8192.0K)->6790.6K(8192.0K)]
 [Times: user=0.00 sys=0.00, real=0.00 secs] 
25.107: Total time for which application threads were stopped: 0.0005020 seconds, Stopping threads took: 0.0000130 seconds
25.107: Application time: 0.0000140 seconds
25.107: [Full GC 6790K->5554K(8192K), 0.0053450 secs]
   [Eden: 0.0B(1024.0K)->0.0B(1024.0K) Survivors: 0.0B->0.0B Heap: 6790.6K(8192.0K)->5554.0K(8192.0K)], [Perm: 5111K->5111K(20480K)]
 [Times: user=0.01 sys=0.00, real=0.01 secs] 
25.112: Total time for which application threads were stopped: 0.0054180 seconds, Stopping threads took: 0.0000140 seconds
25.112: Application time: 0.0000390 seconds
25.112: [GC remark, 0.0000060 secs]
 [Times: user=0.00 sys=0.00, real=0.00 secs] 
25.112: Total time for which application threads were stopped: 0.0000540 seconds, Stopping threads took: 0.0000330 seconds
25.112: [GC concurrent-mark-abort]
25.112: Application time: 0.0001050 seconds
25.112: Total time for which application threads were stopped: 0.0000390 seconds, Stopping threads took: 0.0000330 seconds
26.030: Application time: 0.9181210 seconds
26.092: [GC pause (young), 0.0009660 secs]
   [Parallel Time: 0.8 ms, GC Workers: 8]
      [GC Worker Start (ms): Min: 26092.2, Avg: 26092.3, Max: 26092.3, Diff: 0.1]
      [Ext Root Scanning (ms): Min: 0.6, Avg: 0.7, Max: 0.7, Diff: 0.1, Sum: 5.3]
      [Update RS (ms): Min: 0.0, Avg: 0.0, Max: 0.0, Diff: 0.0, Sum: 0.1]
         [Processed Buffers: Min: 0, Avg: 1.0, Max: 3, Diff: 3, Sum: 8]
      [Scan RS (ms): Min: 0.0, Avg: 0.0, Max: 0.0, Diff: 0.0, Sum: 0.0]
      [Code Root Scanning (ms): Min: 0.0, Avg: 0.0, Max: 0.0, Diff: 0.0, Sum: 0.0]
      [Object Copy (ms): Min: 0.1, Avg: 0.1, Max: 0.1, Diff: 0.0, Sum: 0.7]
      [Termination (ms): Min: 0.0, Avg: 0.0, Max: 0.0, Diff: 0.0, Sum: 0.0]
      [GC Worker Other (ms): Min: 0.0, Avg: 0.0, Max: 0.0, Diff: 0.0, Sum: 0.1]
      [GC Worker Total (ms): Min: 0.7, Avg: 0.8, Max: 0.8, Diff: 0.1, Sum: 6.2]
      [GC Worker End (ms): Min: 26093.0, Avg: 26093.0, Max: 26093.0, Diff: 0.0]
   [Code Root Fixup: 0.0 ms]
   [Code Root Migration: 0.0 ms]
   [Clear CT: 0.0 ms]
   [Other: 0.1 ms]
      [Choose CSet: 0.0 ms]
      [Ref Proc: 0.1 ms]
      [Ref Enq: 0.0 ms]
      [Free CSet: 0.0 ms]
   [Eden: 1024.0K(1024.0K)->0.0B(1024.0K) Survivors: 0.0B->1024.0K Heap: 6578.0K(8192.0K)->5770.5K(8192.0K)]
 [Times: user=0.00 sys=0.00, real=0.00 secs] 
26.093: Total time for which application threads were stopped: 0.0628680 seconds, Stopping threads took: 0.0617990 seconds
27.176: Application time: 1.0829220 seconds
27.231: [GC pause (young) (initial-mark) (to-space exhausted), 0.0011540 secs]
   [Parallel Time: 0.8 ms, GC Workers: 8]
      [GC Worker Start (ms): Min: 27231.3, Avg: 27231.3, Max: 27231.3, Diff: 0.1]
      [Ext Root Scanning (ms): Min: 0.3, Avg: 0.4, Max: 0.4, Diff: 0.1, Sum: 3.2]
      [Code Root Marking (ms): Min: 0.0, Avg: 0.0, Max: 0.0, Diff: 0.0, Sum: 0.0]
      [Update RS (ms): Min: 0.0, Avg: 0.0, Max: 0.0, Diff: 0.0, Sum: 0.0]
         [Processed Buffers: Min: 0, Avg: 1.1, Max: 4, Diff: 4, Sum: 9]
      [Scan RS (ms): Min: 0.0, Avg: 0.0, Max: 0.0, Diff: 0.0, Sum: 0.0]
      [Code Root Scanning (ms): Min: 0.0, Avg: 0.0, Max: 0.0, Diff: 0.0, Sum: 0.0]
      [Object Copy (ms): Min: 0.1, Avg: 0.2, Max: 0.3, Diff: 0.1, Sum: 1.5]
      [Termination (ms): Min: 0.0, Avg: 0.1, Max: 0.1, Diff: 0.1, Sum: 0.6]
      [GC Worker Other (ms): Min: 0.0, Avg: 0.0, Max: 0.0, Diff: 0.0, Sum: 0.0]
      [GC Worker Total (ms): Min: 0.7, Avg: 0.7, Max: 0.7, Diff: 0.1, Sum: 5.5]
      [GC Worker End (ms): Min: 27232.0, Avg: 27232.0, Max: 27232.0, Diff: 0.0]
   [Code Root Fixup: 0.0 ms]
   [Code Root Migration: 0.0 ms]
   [Clear CT: 0.1 ms]
   [Other: 0.3 ms]
      [Choose CSet: 0.0 ms]
      [Ref Proc: 0.1 ms]
      [Ref Enq: 0.0 ms]
      [Free CSet: 0.0 ms]
   [Eden: 1024.0K(1024.0K)->0.0B(1024.0K) Survivors: 1024.0K->0.0B Heap: 6794.5K(8192.0K)->6794.5K(8192.0K)]
 [Times: user=0.01 sys=0.00, real=0.00 secs] 
27.232: [GC concurrent-root-region-scan-start]
27.232: [GC concurrent-root-region-scan-end, 0.0000050 secs]
27.232: 27.232: [GC concurrent-mark-start]
Total time for which application threads were stopped: 0.0563150 seconds, Stopping threads took: 0.0550550 seconds
27.233: Application time: 0.0000610 seconds
27.233: [GC pause (young), 0.0075580 secs]
   [Parallel Time: 0.4 ms, GC Workers: 8]
      [GC Worker Start (ms): Min: 27232.6, Avg: 27232.6, Max: 27232.6, Diff: 0.0]
      [Ext Root Scanning (ms): Min: 0.2, Avg: 0.3, Max: 0.3, Diff: 0.1, Sum: 2.1]
      [SATB Filtering (ms): Min: 0.0, Avg: 0.0, Max: 0.0, Diff: 0.0, Sum: 0.0]
      [Update RS (ms): Min: 0.0, Avg: 0.0, Max: 0.0, Diff: 0.0, Sum: 0.1]
         [Processed Buffers: Min: 0, Avg: 1.5, Max: 11, Diff: 11, Sum: 12]
      [Scan RS (ms): Min: 0.0, Avg: 0.0, Max: 0.0, Diff: 0.0, Sum: 0.0]
      [Code Root Scanning (ms): Min: 0.0, Avg: 0.0, Max: 0.0, Diff: 0.0, Sum: 0.0]
      [Object Copy (ms): Min: 0.0, Avg: 0.0, Max: 0.0, Diff: 0.0, Sum: 0.1]
      [Termination (ms): Min: 0.0, Avg: 0.0, Max: 0.1, Diff: 0.1, Sum: 0.3]
      [GC Worker Other (ms): Min: 0.0, Avg: 0.0, Max: 0.0, Diff: 0.0, Sum: 0.0]
      [GC Worker Total (ms): Min: 0.3, Avg: 0.3, Max: 0.4, Diff: 0.0, Sum: 2.7]
      [GC Worker End (ms): Min: 27232.9, Avg: 27232.9, Max: 27232.9, Diff: 0.0]
   [Code Root Fixup: 0.0 ms]
   [Code Root Migration: 0.0 ms]
   [Clear CT: 0.1 ms]
   [Other: 7.1 ms]
      [Choose CSet: 0.0 ms]
      [Ref Proc: 7.1 ms]
      [Ref Enq: 0.0 ms]
      [Free CSet: 0.0 ms]
   [Eden: 0.0B(1024.0K)->0.0B(1024.0K) Survivors: 0.0B->0.0B Heap: 6794.5K(8192.0K)->6794.5K(8192.0K)]
 [Times: user=0.05 sys=0.00, real=0.00 secs] 
27.240: Total time for which application threads were stopped: 0.0076220 seconds, Stopping threads took: 0.0000070 seconds
27.240: Application time: 0.0000440 seconds
27.240: [GC pause (young), 0.0004450 secs]
   [Parallel Time: 0.3 ms, GC Workers: 8]
      [GC Worker Start (ms): Min: 27240.2, Avg: 27240.2, Max: 27240.2, Diff: 0.0]
      [Ext Root Scanning (ms): Min: 0.2, Avg: 0.2, Max: 0.3, Diff: 0.1, Sum: 1.9]
      [SATB Filtering (ms): Min: 0.0, Avg: 0.0, Max: 0.0, Diff: 0.0, Sum: 0.0]
      [Update RS (ms): Min: 0.0, Avg: 0.0, Max: 0.0, Diff: 0.0, Sum: 0.0]
         [Processed Buffers: Min: 0, Avg: 0.1, Max: 1, Diff: 1, Sum: 1]
      [Scan RS (ms): Min: 0.0, Avg: 0.0, Max: 0.0, Diff: 0.0, Sum: 0.0]
      [Code Root Scanning (ms): Min: 0.0, Avg: 0.0, Max: 0.0, Diff: 0.0, Sum: 0.0]
      [Object Copy (ms): Min: 0.0, Avg: 0.0, Max: 0.0, Diff: 0.0, Sum: 0.1]
      [Termination (ms): Min: 0.0, Avg: 0.0, Max: 0.1, Diff: 0.1, Sum: 0.3]
      [GC Worker Other (ms): Min: 0.0, Avg: 0.0, Max: 0.0, Diff: 0.0, Sum: 0.0]
      [GC Worker Total (ms): Min: 0.3, Avg: 0.3, Max: 0.3, Diff: 0.0, Sum: 2.3]
      [GC Worker End (ms): Min: 27240.5, Avg: 27240.5, Max: 27240.5, Diff: 0.0]
   [Code Root Fixup: 0.0 ms]
   [Code Root Migration: 0.0 ms]
   [Clear CT: 0.0 ms]
   [Other: 0.1 ms]
      [Choose CSet: 0.0 ms]
      [Ref Proc: 0.1 ms]
      [Ref Enq: 0.0 ms]
      [Free CSet: 0.0 ms]
   [Eden: 0.0B(1024.0K)->0.0B(1024.0K) Survivors: 0.0B->0.0B Heap: 6794.5K(8192.0K)->6794.5K(8192.0K)]
 [Times: user=0.00 sys=0.00, real=0.00 secs] 
27.241: Total time for which application threads were stopped: 0.0005000 seconds, Stopping threads took: 0.0000050 seconds
27.241: Application time: 0.0000470 seconds
27.241: [GC pause (young), 0.0033840 secs]
   [Parallel Time: 0.3 ms, GC Workers: 8]
      [GC Worker Start (ms): Min: 27240.8, Avg: 27240.8, Max: 27240.8, Diff: 0.0]
      [Ext Root Scanning (ms): Min: 0.2, Avg: 0.2, Max: 0.3, Diff: 0.1, Sum: 1.8]
      [Update RS (ms): Min: 0.0, Avg: 0.0, Max: 0.0, Diff: 0.0, Sum: 0.0]
         [Processed Buffers: Min: 0, Avg: 0.1, Max: 1, Diff: 1, Sum: 1]
      [Scan RS (ms): Min: 0.0, Avg: 0.0, Max: 0.0, Diff: 0.0, Sum: 0.0]
      [Code Root Scanning (ms): Min: 0.0, Avg: 0.0, Max: 0.0, Diff: 0.0, Sum: 0.0]
      [Object Copy (ms): Min: 0.0, Avg: 0.0, Max: 0.0, Diff: 0.0, Sum: 0.1]
      [Termination (ms): Min: 0.0, Avg: 0.0, Max: 0.1, Diff: 0.1, Sum: 0.3]
      [GC Worker Other (ms): Min: 0.0, Avg: 0.0, Max: 0.0, Diff: 0.0, Sum: 0.0]
      [GC Worker Total (ms): Min: 0.3, Avg: 0.3, Max: 0.3, Diff: 0.0, Sum: 2.3]
      [GC Worker End (ms): Min: 27241.1, Avg: 27241.1, Max: 27241.1, Diff: 0.0]
   [Code Root Fixup: 0.0 ms]
   [Code Root Migration: 0.0 ms]
   [Clear CT: 0.0 ms]
   [Other: 3.0 ms]
      [Choose CSet: 0.0 ms]
      [Ref Proc: 3.0 ms]
      [Ref Enq: 0.0 ms]
      [Free CSet: 0.0 ms]
   [Eden: 0.0B(1024.0K)->0.0B(1024.0K) Survivors: 0.0B->0.0B Heap: 6794.5K(8192.0K)->6794.5K(8192.0K)]
 [Times: user=0.02 sys=0.00, real=0.01 secs] 
27.244: Total time for which application threads were stopped: 0.0034400 seconds, Stopping threads took: 0.0000030 seconds
27.244: Application time: 0.0000410 seconds
27.244: [Full GC 6794K->5547K(8192K), 0.0054040 secs]
   [Eden: 0.0B(1024.0K)->0.0B(1024.0K) Survivors: 0.0B->0.0B Heap: 6794.5K(8192.0K)->5547.6K(8192.0K)], [Perm: 5112K->5112K(20480K)]
 [Times: user=0.01 sys=0.00, real=0.01 secs] 
27.250: Total time for which application threads were stopped: 0.0054690 seconds, Stopping threads took: 0.0000050 seconds
27.250: [GC concurrent-mark-abort]
28.847: Application time: 1.5972250 seconds
28.899: [GC pause (young), 0.0017850 secs]
   [Parallel Time: 1.1 ms, GC Workers: 8]
      [GC Worker Start (ms): Min: 28899.1, Avg: 28899.1, Max: 28899.2, Diff: 0.1]
      [Ext Root Scanning (ms): Min: 0.6, Avg: 0.7, Max: 0.7, Diff: 0.1, Sum: 5.5]
      [Update RS (ms): Min: 0.0, Avg: 0.0, Max: 0.0, Diff: 0.0, Sum: 0.1]
         [Processed Buffers: Min: 0, Avg: 1.0, Max: 4, Diff: 4, Sum: 8]
      [Scan RS (ms): Min: 0.0, Avg: 0.0, Max: 0.0, Diff: 0.0, Sum: 0.0]
      [Code Root Scanning (ms): Min: 0.0, Avg: 0.0, Max: 0.0, Diff: 0.0, Sum: 0.0]
      [Object Copy (ms): Min: 0.1, Avg: 0.1, Max: 0.1, Diff: 0.1, Sum: 0.8]
      [Termination (ms): Min: 0.0, Avg: 0.0, Max: 0.0, Diff: 0.0, Sum: 0.1]
      [GC Worker Other (ms): Min: 0.0, Avg: 0.0, Max: 0.0, Diff: 0.0, Sum: 0.1]
      [GC Worker Total (ms): Min: 0.8, Avg: 0.8, Max: 0.9, Diff: 0.1, Sum: 6.5]
      [GC Worker End (ms): Min: 28899.9, Avg: 28899.9, Max: 28899.9, Diff: 0.0]
   [Code Root Fixup: 0.0 ms]
   [Code Root Migration: 0.0 ms]
   [Clear CT: 0.5 ms]
   [Other: 0.2 ms]
      [Choose CSet: 0.0 ms]
      [Ref Proc: 0.2 ms]
      [Ref Enq: 0.0 ms]
      [Free CSet: 0.0 ms]
   [Eden: 1024.0K(1024.0K)->0.0B(1024.0K) Survivors: 0.0B->1024.0K Heap: 6571.6K(8192.0K)->5796.1K(8192.0K)]
 [Times: user=0.01 sys=0.00, real=0.00 secs] 
28.901: Total time for which application threads were stopped: 0.0539710 seconds, Stopping threads took: 0.0520620 seconds
29.873: Application time: 0.9717360 seconds
29.927: [GC pause (young) (initial-mark) (to-space exhausted), 0.0017200 secs]
   [Parallel Time: 1.0 ms, GC Workers: 8]
      [GC Worker Start (ms): Min: 29926.6, Avg: 29926.6, Max: 29926.7, Diff: 0.1]
      [Ext Root Scanning (ms): Min: 0.3, Avg: 0.4, Max: 0.5, Diff: 0.1, Sum: 3.2]
      [Code Root Marking (ms): Min: 0.0, Avg: 0.0, Max: 0.0, Diff: 0.0, Sum: 0.0]
      [Update RS (ms): Min: 0.0, Avg: 0.0, Max: 0.0, Diff: 0.0, Sum: 0.0]
         [Processed Buffers: Min: 0, Avg: 0.9, Max: 4, Diff: 4, Sum: 7]
      [Scan RS (ms): Min: 0.0, Avg: 0.0, Max: 0.0, Diff: 0.0, Sum: 0.0]
      [Code Root Scanning (ms): Min: 0.0, Avg: 0.0, Max: 0.0, Diff: 0.0, Sum: 0.0]
      [Object Copy (ms): Min: 0.1, Avg: 0.2, Max: 0.2, Diff: 0.1, Sum: 1.5]
      [Termination (ms): Min: 0.0, Avg: 0.1, Max: 0.1, Diff: 0.1, Sum: 0.6]
      [GC Worker Other (ms): Min: 0.0, Avg: 0.0, Max: 0.0, Diff: 0.0, Sum: 0.0]
      [GC Worker Total (ms): Min: 0.6, Avg: 0.7, Max: 0.7, Diff: 0.1, Sum: 5.4]
      [GC Worker End (ms): Min: 29927.3, Avg: 29927.3, Max: 29927.3, Diff: 0.0]
   [Code Root Fixup: 0.0 ms]
   [Code Root Migration: 0.0 ms]
   [Clear CT: 0.3 ms]
   [Other: 0.5 ms]
      [Choose CSet: 0.0 ms]
      [Ref Proc: 0.3 ms]
      [Ref Enq: 0.0 ms]
      [Free CSet: 0.0 ms]
   [Eden: 1024.0K(1024.0K)->0.0B(1024.0K) Survivors: 1024.0K->0.0B Heap: 6820.1K(8192.0K)->6820.1K(8192.0K)]
 [Times: user=0.01 sys=0.00, real=0.00 secs] 
29.928: Total time for which application threads were stopped: 0.0556780 seconds, Stopping threads took: 0.0538320 seconds
29.928: [GC concurrent-root-region-scan-start]
29.928: [GC concurrent-root-region-scan-end, 0.0000040 secs]
29.928: [GC concurrent-mark-start]
29.928: Application time: 0.0000710 seconds
29.928: [GC pause (young), 0.0005110 secs]
   [Parallel Time: 0.4 ms, GC Workers: 8]
      [GC Worker Start (ms): Min: 29928.4, Avg: 29928.4, Max: 29928.5, Diff: 0.0]
      [Ext Root Scanning (ms): Min: 0.3, Avg: 0.3, Max: 0.3, Diff: 0.1, Sum: 2.2]
      [Update RS (ms): Min: 0.0, Avg: 0.0, Max: 0.0, Diff: 0.0, Sum: 0.1]
         [Processed Buffers: Min: 0, Avg: 1.2, Max: 4, Diff: 4, Sum: 10]
      [Scan RS (ms): Min: 0.0, Avg: 0.0, Max: 0.0, Diff: 0.0, Sum: 0.0]
      [Code Root Scanning (ms): Min: 0.0, Avg: 0.0, Max: 0.0, Diff: 0.0, Sum: 0.0]
      [Object Copy (ms): Min: 0.0, Avg: 0.0, Max: 0.0, Diff: 0.0, Sum: 0.1]
      [Termination (ms): Min: 0.0, Avg: 0.0, Max: 0.0, Diff: 0.0, Sum: 0.3]
      [GC Worker Other (ms): Min: 0.0, Avg: 0.0, Max: 0.0, Diff: 0.0, Sum: 0.0]
      [GC Worker Total (ms): Min: 0.3, Avg: 0.3, Max: 0.4, Diff: 0.0, Sum: 2.7]
      [GC Worker End (ms): Min: 29928.8, Avg: 29928.8, Max: 29928.8, Diff: 0.0]
   [Code Root Fixup: 0.0 ms]
   [Code Root Migration: 0.0 ms]
   [Clear CT: 0.0 ms]
   [Other: 0.1 ms]
      [Choose CSet: 0.0 ms]
      [Ref Proc: 0.1 ms]
      [Ref Enq: 0.0 ms]
      [Free CSet: 0.0 ms]
   [Eden: 0.0B(1024.0K)->0.0B(1024.0K) Survivors: 0.0B->0.0B Heap: 6820.1K(8192.0K)->6820.1K(8192.0K)]
 [Times: user=0.00 sys=0.01, real=0.00 secs] 
29.929: Total time for which application threads were stopped: 0.0005790 seconds, Stopping threads took: 0.0000070 seconds
29.929: Application time: 0.0000320 seconds
29.929: [GC pause (young), 0.0004380 secs]
   [Parallel Time: 0.3 ms, GC Workers: 8]
      [GC Worker Start (ms): Min: 29929.0, Avg: 29929.0, Max: 29929.0, Diff: 0.0]
      [Ext Root Scanning (ms): Min: 0.2, Avg: 0.2, Max: 0.3, Diff: 0.1, Sum: 1.9]
      [Update RS (ms): Min: 0.0, Avg: 0.0, Max: 0.0, Diff: 0.0, Sum: 0.0]
         [Processed Buffers: Min: 0, Avg: 0.1, Max: 1, Diff: 1, Sum: 1]
      [Scan RS (ms): Min: 0.0, Avg: 0.0, Max: 0.0, Diff: 0.0, Sum: 0.0]
      [Code Root Scanning (ms): Min: 0.0, Avg: 0.0, Max: 0.0, Diff: 0.0, Sum: 0.0]
      [Object Copy (ms): Min: 0.0, Avg: 0.0, Max: 0.0, Diff: 0.0, Sum: 0.1]
      [Termination (ms): Min: 0.0, Avg: 0.0, Max: 0.1, Diff: 0.1, Sum: 0.3]
      [GC Worker Other (ms): Min: -0.0, Avg: 0.0, Max: 0.0, Diff: 0.0, Sum: 0.0]
      [GC Worker Total (ms): Min: 0.3, Avg: 0.3, Max: 0.3, Diff: 0.0, Sum: 2.3]
      [GC Worker End (ms): Min: 29929.3, Avg: 29929.3, Max: 29929.3, Diff: 0.0]
   [Code Root Fixup: 0.0 ms]
   [Code Root Migration: 0.0 ms]
   [Clear CT: 0.0 ms]
   [Other: 0.1 ms]
      [Choose CSet: 0.0 ms]
      [Ref Proc: 0.1 ms]
      [Ref Enq: 0.0 ms]
      [Free CSet: 0.0 ms]
   [Eden: 0.0B(1024.0K)->0.0B(1024.0K) Survivors: 0.0B->0.0B Heap: 6820.1K(8192.0K)->6820.1K(8192.0K)]
 [Times: user=0.01 sys=0.00, real=0.01 secs] 
29.929: Total time for which application threads were stopped: 0.0004940 seconds, Stopping threads took: 0.0000040 seconds
29.930: Application time: 0.0000260 seconds
29.930: [GC pause (young), 0.0004200 secs]
   [Parallel Time: 0.3 ms, GC Workers: 8]
      [GC Worker Start (ms): Min: 29929.5, Avg: 29929.6, Max: 29929.6, Diff: 0.0]
      [Ext Root Scanning (ms): Min: 0.2, Avg: 0.2, Max: 0.2, Diff: 0.0, Sum: 1.8]
      [Update RS (ms): Min: 0.0, Avg: 0.0, Max: 0.0, Diff: 0.0, Sum: 0.0]
         [Processed Buffers: Min: 0, Avg: 0.1, Max: 1, Diff: 1, Sum: 1]
      [Scan RS (ms): Min: 0.0, Avg: 0.0, Max: 0.0, Diff: 0.0, Sum: 0.0]
      [Code Root Scanning (ms): Min: 0.0, Avg: 0.0, Max: 0.0, Diff: 0.0, Sum: 0.0]
      [Object Copy (ms): Min: 0.0, Avg: 0.0, Max: 0.0, Diff: 0.0, Sum: 0.1]
      [Termination (ms): Min: 0.0, Avg: 0.0, Max: 0.1, Diff: 0.1, Sum: 0.3]
      [GC Worker Other (ms): Min: 0.0, Avg: 0.0, Max: 0.0, Diff: 0.0, Sum: 0.0]
      [GC Worker Total (ms): Min: 0.3, Avg: 0.3, Max: 0.3, Diff: 0.0, Sum: 2.2]
      [GC Worker End (ms): Min: 29929.8, Avg: 29929.8, Max: 29929.8, Diff: 0.0]
   [Code Root Fixup: 0.0 ms]
   [Code Root Migration: 0.0 ms]
   [Clear CT: 0.0 ms]
   [Other: 0.1 ms]
      [Choose CSet: 0.0 ms]
      [Ref Proc: 0.1 ms]
      [Ref Enq: 0.0 ms]
      [Free CSet: 0.0 ms]
   [Eden: 0.0B(1024.0K)->0.0B(1024.0K) Survivors: 0.0B->0.0B Heap: 6820.1K(8192.0K)->6820.1K(8192.0K)]
 [Times: user=0.00 sys=0.00, real=0.00 secs] 
29.930: Total time for which application threads were stopped: 0.0004770 seconds, Stopping threads took: 0.0000030 seconds
29.930: Application time: 0.0000340 seconds
29.930: [Full GC 6820K->5533K(8192K), 0.0052890 secs]
   [Eden: 0.0B(1024.0K)->0.0B(1024.0K) Survivors: 0.0B->0.0B Heap: 6820.1K(8192.0K)->5533.3K(8192.0K)], [Perm: 5112K->5112K(20480K)]
 [Times: user=0.01 sys=0.00, real=0.00 secs] 
29.935: Total time for which application threads were stopped: 0.0053490 seconds, Stopping threads took: 0.0000030 seconds
29.935: [GC concurrent-mark-abort]
31.536: Application time: 1.6002380 seconds
31.591: [GC pause (young), 0.0012290 secs]
   [Parallel Time: 1.0 ms, GC Workers: 8]
      [GC Worker Start (ms): Min: 31591.1, Avg: 31591.1, Max: 31591.2, Diff: 0.1]
      [Ext Root Scanning (ms): Min: 0.6, Avg: 0.7, Max: 0.7, Diff: 0.1, Sum: 5.5]
      [Update RS (ms): Min: 0.0, Avg: 0.0, Max: 0.0, Diff: 0.0, Sum: 0.1]
         [Processed Buffers: Min: 0, Avg: 1.0, Max: 3, Diff: 3, Sum: 8]
      [Scan RS (ms): Min: 0.0, Avg: 0.0, Max: 0.0, Diff: 0.0, Sum: 0.0]
      [Code Root Scanning (ms): Min: 0.0, Avg: 0.0, Max: 0.0, Diff: 0.0, Sum: 0.0]
      [Object Copy (ms): Min: 0.1, Avg: 0.1, Max: 0.1, Diff: 0.0, Sum: 0.7]
      [Termination (ms): Min: 0.0, Avg: 0.0, Max: 0.0, Diff: 0.0, Sum: 0.2]
      [GC Worker Other (ms): Min: 0.0, Avg: 0.0, Max: 0.0, Diff: 0.0, Sum: 0.0]
      [GC Worker Total (ms): Min: 0.8, Avg: 0.8, Max: 0.8, Diff: 0.1, Sum: 6.5]
      [GC Worker End (ms): Min: 31591.9, Avg: 31591.9, Max: 31592.0, Diff: 0.0]
   [Code Root Fixup: 0.0 ms]
   [Code Root Migration: 0.0 ms]
   [Clear CT: 0.1 ms]
   [Other: 0.1 ms]
      [Choose CSet: 0.0 ms]
      [Ref Proc: 0.1 ms]
      [Ref Enq: 0.0 ms]
      [Free CSet: 0.0 ms]
   [Eden: 1024.0K(1024.0K)->0.0B(1024.0K) Survivors: 0.0B->1024.0K Heap: 6557.3K(8192.0K)->5755.7K(8192.0K)]
 [Times: user=0.01 sys=0.00, real=0.00 secs] 
31.592: Total time for which application threads were stopped: 0.0567440 seconds, Stopping threads took: 0.0554120 seconds
32.563: Application time: 0.9706320 seconds
32.619: [GC pause (young) (initial-mark) (to-space exhausted), 0.0009450 secs]
   [Parallel Time: 0.7 ms, GC Workers: 8]
      [GC Worker Start (ms): Min: 32619.2, Avg: 32619.2, Max: 32619.3, Diff: 0.1]
      [Ext Root Scanning (ms): Min: 0.3, Avg: 0.4, Max: 0.5, Diff: 0.2, Sum: 3.2]
      [Code Root Marking (ms): Min: 0.0, Avg: 0.0, Max: 0.0, Diff: 0.0, Sum: 0.0]
      [Update RS (ms): Min: 0.0, Avg: 0.0, Max: 0.0, Diff: 0.0, Sum: 0.0]
         [Processed Buffers: Min: 0, Avg: 0.9, Max: 5, Diff: 5, Sum: 7]
      [Scan RS (ms): Min: 0.0, Avg: 0.0, Max: 0.0, Diff: 0.0, Sum: 0.0]
      [Code Root Scanning (ms): Min: 0.0, Avg: 0.0, Max: 0.0, Diff: 0.0, Sum: 0.0]
      [Object Copy (ms): Min: 0.1, Avg: 0.2, Max: 0.3, Diff: 0.1, Sum: 1.3]
      [Termination (ms): Min: 0.0, Avg: 0.0, Max: 0.1, Diff: 0.1, Sum: 0.2]
      [GC Worker Other (ms): Min: 0.0, Avg: 0.0, Max: 0.0, Diff: 0.0, Sum: 0.0]
      [GC Worker Total (ms): Min: 0.6, Avg: 0.6, Max: 0.6, Diff: 0.1, Sum: 4.8]
      [GC Worker End (ms): Min: 32619.8, Avg: 32619.9, Max: 32619.9, Diff: 0.0]
   [Code Root Fixup: 0.0 ms]
   [Code Root Migration: 0.0 ms]
   [Clear CT: 0.1 ms]
   [Other: 0.2 ms]
      [Choose CSet: 0.0 ms]
      [Ref Proc: 0.1 ms]
      [Ref Enq: 0.0 ms]
      [Free CSet: 0.0 ms]
   [Eden: 1024.0K(1024.0K)->0.0B(1024.0K) Survivors: 1024.0K->0.0B Heap: 6779.7K(8192.0K)->6779.7K(8192.0K)]
 [Times: user=0.00 sys=0.00, real=0.01 secs] 
32.622: [GC concurrent-root-region-scan-start]
32.622: 32.622[GC concurrent-root-region-scan-end, 0.0000040 secs]
: 32.622: [GC concurrent-mark-start]
Total time for which application threads were stopped: 0.0588310 seconds, Stopping threads took: 0.0561610 seconds
32.622: Application time: 0.0000410 seconds
32.622: [GC pause (young), 0.0004820 secs]
   [Parallel Time: 0.4 ms, GC Workers: 8]
      [GC Worker Start (ms): Min: 32621.9, Avg: 32621.9, Max: 32621.9, Diff: 0.0]
      [Ext Root Scanning (ms): Min: 0.2, Avg: 0.3, Max: 0.3, Diff: 0.1, Sum: 2.2]
      [SATB Filtering (ms): Min: 0.0, Avg: 0.0, Max: 0.0, Diff: 0.0, Sum: 0.0]
      [Update RS (ms): Min: 0.0, Avg: 0.0, Max: 0.0, Diff: 0.0, Sum: 0.1]
         [Processed Buffers: Min: 0, Avg: 1.8, Max: 13, Diff: 13, Sum: 14]
      [Scan RS (ms): Min: 0.0, Avg: 0.0, Max: 0.0, Diff: 0.0, Sum: 0.0]
      [Code Root Scanning (ms): Min: 0.0, Avg: 0.0, Max: 0.0, Diff: 0.0, Sum: 0.0]
      [Object Copy (ms): Min: 0.0, Avg: 0.0, Max: 0.0, Diff: 0.0, Sum: 0.1]
      [Termination (ms): Min: 0.0, Avg: 0.0, Max: 0.1, Diff: 0.1, Sum: 0.3]
      [GC Worker Other (ms): Min: 0.0, Avg: 0.0, Max: 0.0, Diff: 0.0, Sum: 0.0]
      [GC Worker Total (ms): Min: 0.3, Avg: 0.3, Max: 0.3, Diff: 0.0, Sum: 2.7]
      [GC Worker End (ms): Min: 32622.2, Avg: 32622.3, Max: 32622.3, Diff: 0.0]
   [Code Root Fixup: 0.0 ms]
   [Code Root Migration: 0.0 ms]
   [Clear CT: 0.0 ms]
   [Other: 0.1 ms]
      [Choose CSet: 0.0 ms]
      [Ref Proc: 0.1 ms]
      [Ref Enq: 0.0 ms]
      [Free CSet: 0.0 ms]
   [Eden: 0.0B(1024.0K)->0.0B(1024.0K) Survivors: 0.0B->0.0B Heap: 6779.7K(8192.0K)->6779.7K(8192.0K)]
 [Times: user=0.00 sys=0.00, real=0.00 secs] 
32.622: Total time for which application threads were stopped: 0.0005450 seconds, Stopping threads took: 0.0000060 seconds
32.622: Application time: 0.0000470 seconds
32.622: [GC pause (young), 0.0004230 secs]
   [Parallel Time: 0.3 ms, GC Workers: 8]
      [GC Worker Start (ms): Min: 32622.5, Avg: 32622.5, Max: 32622.5, Diff: 0.0]
      [Ext Root Scanning (ms): Min: 0.2, Avg: 0.2, Max: 0.3, Diff: 0.0, Sum: 1.9]
      [Update RS (ms): Min: 0.0, Avg: 0.0, Max: 0.0, Diff: 0.0, Sum: 0.0]
         [Processed Buffers: Min: 0, Avg: 0.1, Max: 1, Diff: 1, Sum: 1]
      [Scan RS (ms): Min: 0.0, Avg: 0.0, Max: 0.0, Diff: 0.0, Sum: 0.0]
      [Code Root Scanning (ms): Min: 0.0, Avg: 0.0, Max: 0.0, Diff: 0.0, Sum: 0.0]
      [Object Copy (ms): Min: 0.0, Avg: 0.0, Max: 0.0, Diff: 0.0, Sum: 0.1]
      [Termination (ms): Min: 0.0, Avg: 0.0, Max: 0.1, Diff: 0.1, Sum: 0.3]
      [GC Worker Other (ms): Min: -0.0, Avg: 0.0, Max: 0.0, Diff: 0.0, Sum: 0.0]
      [GC Worker Total (ms): Min: 0.3, Avg: 0.3, Max: 0.3, Diff: 0.0, Sum: 2.3]
      [GC Worker End (ms): Min: 32622.8, Avg: 32622.8, Max: 32622.8, Diff: 0.0]
   [Code Root Fixup: 0.0 ms]
   [Code Root Migration: 0.0 ms]
   [Clear CT: 0.0 ms]
   [Other: 0.1 ms]
      [Choose CSet: 0.0 ms]
      [Ref Proc: 0.1 ms]
      [Ref Enq: 0.0 ms]
      [Free CSet: 0.0 ms]
   [Eden: 0.0B(1024.0K)->0.0B(1024.0K) Survivors: 0.0B->0.0B Heap: 6779.7K(8192.0K)->6779.7K(8192.0K)]
 [Times: user=0.01 sys=0.00, real=0.00 secs] 
32.623: Total time for which application threads were stopped: 0.0004780 seconds, Stopping threads took: 0.0000040 seconds
32.623: Application time: 0.0000200 seconds
32.623: [Full GC 6779K->5534K(8192K), 0.0055930 secs]
   [Eden: 0.0B(1024.0K)->0.0B(1024.0K) Survivors: 0.0B->0.0B Heap: 6779.7K(8192.0K)->5534.8K(8192.0K)], [Perm: 5113K->5113K(20480K)]
 [Times: user=0.01 sys=0.00, real=0.00 secs] 
32.629: Total time for which application threads were stopped: 0.0056460 seconds, Stopping threads took: 0.0000030 seconds
32.629: [GC concurrent-mark-abort]
32.629: Application time: 0.0003390 seconds
32.629: Total time for which application threads were stopped: 0.0001170 seconds, Stopping threads took: 0.0001040 seconds
33.600: Application time: 0.9708090 seconds
33.661: [GC pause (young), 0.0012810 secs]
   [Parallel Time: 1.0 ms, GC Workers: 8]
      [GC Worker Start (ms): Min: 33660.9, Avg: 33661.0, Max: 33661.0, Diff: 0.1]
      [Ext Root Scanning (ms): Min: 0.6, Avg: 0.7, Max: 0.7, Diff: 0.1, Sum: 5.3]
      [Update RS (ms): Min: 0.0, Avg: 0.0, Max: 0.0, Diff: 0.0, Sum: 0.0]
         [Processed Buffers: Min: 0, Avg: 0.9, Max: 2, Diff: 2, Sum: 7]
      [Scan RS (ms): Min: 0.0, Avg: 0.0, Max: 0.0, Diff: 0.0, Sum: 0.0]
      [Code Root Scanning (ms): Min: 0.0, Avg: 0.0, Max: 0.0, Diff: 0.0, Sum: 0.0]
      [Object Copy (ms): Min: 0.1, Avg: 0.1, Max: 0.1, Diff: 0.0, Sum: 0.8]
      [Termination (ms): Min: 0.0, Avg: 0.0, Max: 0.0, Diff: 0.0, Sum: 0.1]
      [GC Worker Other (ms): Min: 0.0, Avg: 0.0, Max: 0.0, Diff: 0.0, Sum: 0.0]
      [GC Worker Total (ms): Min: 0.7, Avg: 0.8, Max: 0.8, Diff: 0.1, Sum: 6.3]
      [GC Worker End (ms): Min: 33661.8, Avg: 33661.8, Max: 33661.8, Diff: 0.0]
   [Code Root Fixup: 0.0 ms]
   [Code Root Migration: 0.0 ms]
   [Clear CT: 0.1 ms]
   [Other: 0.1 ms]
      [Choose CSet: 0.0 ms]
      [Ref Proc: 0.1 ms]
      [Ref Enq: 0.0 ms]
      [Free CSet: 0.0 ms]
   [Eden: 1024.0K(1024.0K)->0.0B(1024.0K) Survivors: 0.0B->1024.0K Heap: 6558.8K(8192.0K)->5759.3K(8192.0K)]
 [Times: user=0.01 sys=0.00, real=0.01 secs] 
33.662: Total time for which application threads were stopped: 0.0623480 seconds, Stopping threads took: 0.0609580 seconds
35.309: Application time: 1.6463420 seconds
35.320: [GC pause (young) (initial-mark) (to-space exhausted), 0.0010160 secs]
   [Parallel Time: 0.7 ms, GC Workers: 8]
      [GC Worker Start (ms): Min: 35319.6, Avg: 35319.6, Max: 35319.6, Diff: 0.1]
      [Ext Root Scanning (ms): Min: 0.3, Avg: 0.4, Max: 0.5, Diff: 0.1, Sum: 3.1]
      [Code Root Marking (ms): Min: 0.0, Avg: 0.0, Max: 0.0, Diff: 0.0, Sum: 0.0]
      [Update RS (ms): Min: 0.0, Avg: 0.0, Max: 0.0, Diff: 0.0, Sum: 0.0]
         [Processed Buffers: Min: 0, Avg: 0.9, Max: 3, Diff: 3, Sum: 7]
      [Scan RS (ms): Min: 0.0, Avg: 0.0, Max: 0.0, Diff: 0.0, Sum: 0.0]
      [Code Root Scanning (ms): Min: 0.0, Avg: 0.0, Max: 0.0, Diff: 0.0, Sum: 0.0]
      [Object Copy (ms): Min: 0.1, Avg: 0.2, Max: 0.2, Diff: 0.1, Sum: 1.3]
      [Termination (ms): Min: 0.0, Avg: 0.0, Max: 0.1, Diff: 0.1, Sum: 0.3]
      [GC Worker Other (ms): Min: 0.0, Avg: 0.0, Max: 0.0, Diff: 0.0, Sum: 0.0]
      [GC Worker Total (ms): Min: 0.6, Avg: 0.6, Max: 0.6, Diff: 0.1, Sum: 4.8]
      [GC Worker End (ms): Min: 35320.2, Avg: 35320.2, Max: 35320.2, Diff: 0.0]
   [Code Root Fixup: 0.0 ms]
   [Code Root Migration: 0.0 ms]
   [Clear CT: 0.0 ms]
   [Other: 0.3 ms]
      [Choose CSet: 0.0 ms]
      [Ref Proc: 0.1 ms]
      [Ref Enq: 0.0 ms]
      [Free CSet: 0.0 ms]
   [Eden: 1024.0K(1024.0K)->0.0B(1024.0K) Survivors: 1024.0K->0.0B Heap: 6783.3K(8192.0K)->6783.3K(8192.0K)]
 [Times: user=0.01 sys=0.00, real=0.00 secs] 
35.321: [GC concurrent-root-region-scan-start]
35.321: [GC concurrent-root-region-scan-end, 0.0000040 secs]
35.321: 35.321: [GC concurrent-mark-start]
Total time for which application threads were stopped: 0.0120420 seconds, Stopping threads took: 0.0109260 seconds
35.321: Application time: 0.0000550 seconds
35.321: [GC pause (young), 0.0004890 secs]
   [Parallel Time: 0.4 ms, GC Workers: 8]
      [GC Worker Start (ms): Min: 35320.7, Avg: 35320.7, Max: 35320.7, Diff: 0.0]
      [Ext Root Scanning (ms): Min: 0.2, Avg: 0.3, Max: 0.3, Diff: 0.1, Sum: 2.2]
      [Update RS (ms): Min: 0.0, Avg: 0.0, Max: 0.0, Diff: 0.0, Sum: 0.1]
         [Processed Buffers: Min: 0, Avg: 1.4, Max: 5, Diff: 5, Sum: 11]
      [Scan RS (ms): Min: 0.0, Avg: 0.0, Max: 0.0, Diff: 0.0, Sum: 0.0]
      [Code Root Scanning (ms): Min: 0.0, Avg: 0.0, Max: 0.0, Diff: 0.0, Sum: 0.0]
      [Object Copy (ms): Min: 0.0, Avg: 0.0, Max: 0.0, Diff: 0.0, Sum: 0.1]
      [Termination (ms): Min: 0.0, Avg: 0.0, Max: 0.1, Diff: 0.1, Sum: 0.3]
      [GC Worker Other (ms): Min: 0.0, Avg: 0.0, Max: 0.0, Diff: 0.0, Sum: 0.0]
      [GC Worker Total (ms): Min: 0.3, Avg: 0.3, Max: 0.3, Diff: 0.0, Sum: 2.7]
      [GC Worker End (ms): Min: 35321.0, Avg: 35321.0, Max: 35321.1, Diff: 0.0]
   [Code Root Fixup: 0.0 ms]
   [Code Root Migration: 0.0 ms]
   [Clear CT: 0.0 ms]
   [Other: 0.1 ms]
      [Choose CSet: 0.0 ms]
      [Ref Proc: 0.1 ms]
      [Ref Enq: 0.0 ms]
      [Free CSet: 0.0 ms]
   [Eden: 0.0B(1024.0K)->0.0B(1024.0K) Survivors: 0.0B->0.0B Heap: 6783.3K(8192.0K)->6783.3K(8192.0K)]
 [Times: user=0.00 sys=0.00, real=0.00 secs] 
35.321: Total time for which application threads were stopped: 0.0005520 seconds, Stopping threads took: 0.0000050 seconds
35.321: Application time: 0.0000400 seconds
35.321: [GC pause (young), 0.0004590 secs]
   [Parallel Time: 0.4 ms, GC Workers: 8]
      [GC Worker Start (ms): Min: 35321.3, Avg: 35321.3, Max: 35321.6, Diff: 0.3]
      [Ext Root Scanning (ms): Min: 0.0, Avg: 0.2, Max: 0.3, Diff: 0.3, Sum: 1.7]
      [Update RS (ms): Min: 0.0, Avg: 0.0, Max: 0.0, Diff: 0.0, Sum: 0.0]
         [Processed Buffers: Min: 0, Avg: 0.1, Max: 1, Diff: 1, Sum: 1]
      [Scan RS (ms): Min: 0.0, Avg: 0.0, Max: 0.0, Diff: 0.0, Sum: 0.0]
      [Code Root Scanning (ms): Min: 0.0, Avg: 0.0, Max: 0.0, Diff: 0.0, Sum: 0.0]
      [Object Copy (ms): Min: 0.0, Avg: 0.0, Max: 0.0, Diff: 0.0, Sum: 0.1]
      [Termination (ms): Min: 0.0, Avg: 0.0, Max: 0.1, Diff: 0.1, Sum: 0.4]
      [GC Worker Other (ms): Min: 0.0, Avg: 0.0, Max: 0.0, Diff: 0.0, Sum: 0.0]
      [GC Worker Total (ms): Min: 0.0, Avg: 0.3, Max: 0.3, Diff: 0.3, Sum: 2.2]
      [GC Worker End (ms): Min: 35321.6, Avg: 35321.6, Max: 35321.6, Diff: 0.0]
   [Code Root Fixup: 0.0 ms]
   [Code Root Migration: 0.0 ms]
   [Clear CT: 0.0 ms]
   [Other: 0.1 ms]
      [Choose CSet: 0.0 ms]
      [Ref Proc: 0.1 ms]
      [Ref Enq: 0.0 ms]
      [Free CSet: 0.0 ms]
   [Eden: 0.0B(1024.0K)->0.0B(1024.0K) Survivors: 0.0B->0.0B Heap: 6783.3K(8192.0K)->6783.3K(8192.0K)]
 [Times: user=0.00 sys=0.00, real=0.01 secs] 
35.322: Total time for which application threads were stopped: 0.0005090 seconds, Stopping threads took: 0.0000030 seconds
35.322: Application time: 0.0000470 seconds
35.322: [GC pause (young), 0.0004350 secs]
   [Parallel Time: 0.3 ms, GC Workers: 8]
      [GC Worker Start (ms): Min: 35321.8, Avg: 35321.9, Max: 35321.9, Diff: 0.0]
      [Ext Root Scanning (ms): Min: 0.2, Avg: 0.2, Max: 0.3, Diff: 0.1, Sum: 1.8]
      [SATB Filtering (ms): Min: 0.0, Avg: 0.0, Max: 0.0, Diff: 0.0, Sum: 0.0]
      [Update RS (ms): Min: 0.0, Avg: 0.0, Max: 0.0, Diff: 0.0, Sum: 0.0]
         [Processed Buffers: Min: 0, Avg: 0.1, Max: 1, Diff: 1, Sum: 1]
      [Scan RS (ms): Min: 0.0, Avg: 0.0, Max: 0.0, Diff: 0.0, Sum: 0.0]
      [Code Root Scanning (ms): Min: 0.0, Avg: 0.0, Max: 0.0, Diff: 0.0, Sum: 0.0]
      [Object Copy (ms): Min: 0.0, Avg: 0.0, Max: 0.0, Diff: 0.0, Sum: 0.1]
      [Termination (ms): Min: 0.0, Avg: 0.0, Max: 0.1, Diff: 0.1, Sum: 0.3]
      [GC Worker Other (ms): Min: 0.0, Avg: 0.0, Max: 0.0, Diff: 0.0, Sum: 0.0]
      [GC Worker Total (ms): Min: 0.3, Avg: 0.3, Max: 0.3, Diff: 0.0, Sum: 2.2]
      [GC Worker End (ms): Min: 35322.1, Avg: 35322.1, Max: 35322.1, Diff: 0.0]
   [Code Root Fixup: 0.0 ms]
   [Code Root Migration: 0.0 ms]
   [Clear CT: 0.0 ms]
   [Other: 0.1 ms]
      [Choose CSet: 0.0 ms]
      [Ref Proc: 0.1 ms]
      [Ref Enq: 0.0 ms]
      [Free CSet: 0.0 ms]
   [Eden: 0.0B(1024.0K)->0.0B(1024.0K) Survivors: 0.0B->0.0B Heap: 6783.3K(8192.0K)->6783.3K(8192.0K)]
 [Times: user=0.00 sys=0.00, real=0.00 secs] 
35.322: Total time for which application threads were stopped: 0.0004860 seconds, Stopping threads took: 0.0000030 seconds
35.322: Application time: 0.0000370 seconds
35.322: [GC pause (young), 0.0004760 secs]
   [Parallel Time: 0.4 ms, GC Workers: 8]
      [GC Worker Start (ms): Min: 35322.4, Avg: 35322.4, Max: 35322.7, Diff: 0.3]
      [Ext Root Scanning (ms): Min: 0.0, Avg: 0.2, Max: 0.3, Diff: 0.3, Sum: 1.6]
      [SATB Filtering (ms): Min: 0.0, Avg: 0.0, Max: 0.0, Diff: 0.0, Sum: 0.0]
      [Update RS (ms): Min: 0.0, Avg: 0.0, Max: 0.0, Diff: 0.0, Sum: 0.0]
         [Processed Buffers: Min: 0, Avg: 0.1, Max: 1, Diff: 1, Sum: 1]
      [Scan RS (ms): Min: 0.0, Avg: 0.0, Max: 0.0, Diff: 0.0, Sum: 0.0]
      [Code Root Scanning (ms): Min: 0.0, Avg: 0.0, Max: 0.0, Diff: 0.0, Sum: 0.0]
      [Object Copy (ms): Min: 0.0, Avg: 0.0, Max: 0.0, Diff: 0.0, Sum: 0.1]
      [Termination (ms): Min: 0.0, Avg: 0.1, Max: 0.1, Diff: 0.1, Sum: 0.6]
      [GC Worker Other (ms): Min: 0.0, Avg: 0.0, Max: 0.0, Diff: 0.0, Sum: 0.0]
      [GC Worker Total (ms): Min: 0.0, Avg: 0.3, Max: 0.4, Diff: 0.3, Sum: 2.4]
      [GC Worker End (ms): Min: 35322.7, Avg: 35322.7, Max: 35322.7, Diff: 0.0]
   [Code Root Fixup: 0.0 ms]
   [Code Root Migration: 0.0 ms]
   [Clear CT: 0.0 ms]
   [Other: 0.1 ms]
      [Choose CSet: 0.0 ms]
      [Ref Proc: 0.1 ms]
      [Ref Enq: 0.0 ms]
      [Free CSet: 0.0 ms]
   [Eden: 0.0B(1024.0K)->0.0B(1024.0K) Survivors: 0.0B->0.0B Heap: 6783.3K(8192.0K)->6783.3K(8192.0K)]
 [Times: user=0.01 sys=0.00, real=0.00 secs] 
35.323: Total time for which application threads were stopped: 0.0005360 seconds, Stopping threads took: 0.0000040 seconds
35.323: Application time: 0.0000390 seconds
35.323: [Full GC 6783K->5536K(8192K), 0.0053260 secs]
   [Eden: 0.0B(1024.0K)->0.0B(1024.0K) Survivors: 0.0B->0.0B Heap: 6783.3K(8192.0K)->5536.3K(8192.0K)], [Perm: 5113K->5113K(20480K)]
 [Times: user=0.00 sys=0.00, real=0.00 secs] 
35.328: Total time for which application threads were stopped: 0.0053860 seconds, Stopping threads took: 0.0000040 seconds
35.328: [GC concurrent-mark-abort]
35.328: Application time: 0.0000880 seconds
35.328: Total time for which application threads were stopped: 0.0000870 seconds, Stopping threads took: 0.0000750 seconds
36.297: Application time: 0.9689040 seconds
36.351: [GC pause (young), 0.0011210 secs]
   [Parallel Time: 0.9 ms, GC Workers: 8]
      [GC Worker Start (ms): Min: 36351.3, Avg: 36351.4, Max: 36351.4, Diff: 0.1]
      [Ext Root Scanning (ms): Min: 0.6, Avg: 0.7, Max: 0.7, Diff: 0.1, Sum: 5.4]
      [Update RS (ms): Min: 0.0, Avg: 0.0, Max: 0.0, Diff: 0.0, Sum: 0.0]
         [Processed Buffers: Min: 0, Avg: 1.0, Max: 3, Diff: 3, Sum: 8]
      [Scan RS (ms): Min: 0.0, Avg: 0.0, Max: 0.0, Diff: 0.0, Sum: 0.0]
      [Code Root Scanning (ms): Min: 0.0, Avg: 0.0, Max: 0.0, Diff: 0.0, Sum: 0.0]
      [Object Copy (ms): Min: 0.1, Avg: 0.1, Max: 0.1, Diff: 0.0, Sum: 0.7]
      [Termination (ms): Min: 0.0, Avg: 0.0, Max: 0.0, Diff: 0.0, Sum: 0.1]
      [GC Worker Other (ms): Min: 0.0, Avg: 0.0, Max: 0.0, Diff: 0.0, Sum: 0.1]
      [GC Worker Total (ms): Min: 0.7, Avg: 0.8, Max: 0.8, Diff: 0.1, Sum: 6.3]
      [GC Worker End (ms): Min: 36352.1, Avg: 36352.1, Max: 36352.2, Diff: 0.0]
   [Code Root Fixup: 0.0 ms]
   [Code Root Migration: 0.0 ms]
   [Clear CT: 0.1 ms]
   [Other: 0.2 ms]
      [Choose CSet: 0.0 ms]
      [Ref Proc: 0.1 ms]
      [Ref Enq: 0.0 ms]
      [Free CSet: 0.0 ms]
   [Eden: 1024.0K(1024.0K)->0.0B(1024.0K) Survivors: 0.0B->1024.0K Heap: 6560.3K(8192.0K)->5760.8K(8192.0K)]
 [Times: user=0.00 sys=0.00, real=0.00 secs] 
36.352: Total time for which application threads were stopped: 0.0550770 seconds, Stopping threads took: 0.0538570 seconds
37.434: Application time: 1.0816420 seconds
37.489: [GC pause (young) (initial-mark) (to-space exhausted), 0.0011500 secs]
   [Parallel Time: 0.8 ms, GC Workers: 8]
      [GC Worker Start (ms): Min: 37488.8, Avg: 37488.8, Max: 37488.8, Diff: 0.1]
      [Ext Root Scanning (ms): Min: 0.4, Avg: 0.4, Max: 0.4, Diff: 0.1, Sum: 3.2]
      [Code Root Marking (ms): Min: 0.0, Avg: 0.0, Max: 0.0, Diff: 0.0, Sum: 0.0]
      [Update RS (ms): Min: 0.0, Avg: 0.0, Max: 0.0, Diff: 0.0, Sum: 0.0]
         [Processed Buffers: Min: 0, Avg: 1.0, Max: 3, Diff: 3, Sum: 8]
      [Scan RS (ms): Min: 0.0, Avg: 0.0, Max: 0.0, Diff: 0.0, Sum: 0.0]
      [Code Root Scanning (ms): Min: 0.0, Avg: 0.0, Max: 0.0, Diff: 0.0, Sum: 0.0]
      [Object Copy (ms): Min: 0.1, Avg: 0.2, Max: 0.3, Diff: 0.2, Sum: 1.7]
      [Termination (ms): Min: 0.0, Avg: 0.0, Max: 0.1, Diff: 0.1, Sum: 0.3]
      [GC Worker Other (ms): Min: 0.0, Avg: 0.0, Max: 0.0, Diff: 0.0, Sum: 0.0]
      [GC Worker Total (ms): Min: 0.7, Avg: 0.7, Max: 0.7, Diff: 0.0, Sum: 5.4]
      [GC Worker End (ms): Min: 37489.5, Avg: 37489.5, Max: 37489.5, Diff: 0.0]
   [Code Root Fixup: 0.0 ms]
   [Code Root Migration: 0.0 ms]
   [Clear CT: 0.1 ms]
   [Other: 0.3 ms]
      [Choose CSet: 0.0 ms]
      [Ref Proc: 0.1 ms]
      [Ref Enq: 0.0 ms]
      [Free CSet: 0.0 ms]
   [Eden: 1024.0K(1024.0K)->0.0B(1024.0K) Survivors: 1024.0K->0.0B Heap: 6784.8K(8192.0K)->6784.8K(8192.0K)]
 [Times: user=0.00 sys=0.00, real=0.01 secs] 
37.490: [GC concurrent-root-region-scan-start]
37.490: 37.490: [GC concurrent-root-region-scan-end, 0.0000050 secs]
37.490: Total time for which application threads were stopped: 0.0558460 seconds, Stopping threads took: 0.0545870 seconds
[GC concurrent-mark-start]
37.490: Application time: 0.0000570 seconds
37.490: [GC pause (young), 0.0005460 secs]
   [Parallel Time: 0.4 ms, GC Workers: 8]
      [GC Worker Start (ms): Min: 37490.1, Avg: 37490.1, Max: 37490.1, Diff: 0.0]
      [Ext Root Scanning (ms): Min: 0.3, Avg: 0.3, Max: 0.3, Diff: 0.1, Sum: 2.2]
      [SATB Filtering (ms): Min: 0.0, Avg: 0.0, Max: 0.0, Diff: 0.0, Sum: 0.0]
      [Update RS (ms): Min: 0.0, Avg: 0.0, Max: 0.0, Diff: 0.0, Sum: 0.1]
         [Processed Buffers: Min: 0, Avg: 1.4, Max: 6, Diff: 6, Sum: 11]
      [Scan RS (ms): Min: 0.0, Avg: 0.0, Max: 0.0, Diff: 0.0, Sum: 0.0]
      [Code Root Scanning (ms): Min: 0.0, Avg: 0.0, Max: 0.0, Diff: 0.0, Sum: 0.0]
      [Object Copy (ms): Min: 0.0, Avg: 0.0, Max: 0.0, Diff: 0.0, Sum: 0.1]
      [Termination (ms): Min: 0.0, Avg: 0.0, Max: 0.1, Diff: 0.1, Sum: 0.3]
      [GC Worker Other (ms): Min: 0.0, Avg: 0.0, Max: 0.0, Diff: 0.0, Sum: 0.0]
      [GC Worker Total (ms): Min: 0.3, Avg: 0.3, Max: 0.4, Diff: 0.0, Sum: 2.8]
      [GC Worker End (ms): Min: 37490.4, Avg: 37490.4, Max: 37490.4, Diff: 0.0]
   [Code Root Fixup: 0.0 ms]
   [Code Root Migration: 0.0 ms]
   [Clear CT: 0.1 ms]
   [Other: 0.1 ms]
      [Choose CSet: 0.0 ms]
      [Ref Proc: 0.1 ms]
      [Ref Enq: 0.0 ms]
      [Free CSet: 0.0 ms]
   [Eden: 0.0B(1024.0K)->0.0B(1024.0K) Survivors: 0.0B->0.0B Heap: 6784.8K(8192.0K)->6784.8K(8192.0K)]
 [Times: user=0.01 sys=0.00, real=0.00 secs] 
37.491: Total time for which application threads were stopped: 0.0006020 seconds, Stopping threads took: 0.0000050 seconds
37.491: Application time: 0.0000400 seconds
37.491: [Full GC 6784K->5554K(8192K), 0.0054330 secs]
   [Eden: 0.0B(1024.0K)->0.0B(1024.0K) Survivors: 0.0B->0.0B Heap: 6784.8K(8192.0K)->5554.2K(8192.0K)], [Perm: 5113K->5112K(20480K)]
 [Times: user=0.01 sys=0.00, real=0.00 secs] 
37.496: Total time for which application threads were stopped: 0.0054960 seconds, Stopping threads took: 0.0000030 seconds
37.496: [GC concurrent-mark-abort]
39.031: Application time: 1.5350880 seconds
39.047: [GC pause (young), 0.0016000 secs]
   [Parallel Time: 1.1 ms, GC Workers: 8]
      [GC Worker Start (ms): Min: 39046.6, Avg: 39046.7, Max: 39046.8, Diff: 0.1]
      [Ext Root Scanning (ms): Min: 0.6, Avg: 0.7, Max: 0.7, Diff: 0.1, Sum: 5.3]
      [Update RS (ms): Min: 0.0, Avg: 0.0, Max: 0.0, Diff: 0.0, Sum: 0.1]
         [Processed Buffers: Min: 0, Avg: 1.0, Max: 2, Diff: 2, Sum: 8]
      [Scan RS (ms): Min: 0.0, Avg: 0.0, Max: 0.0, Diff: 0.0, Sum: 0.0]
      [Code Root Scanning (ms): Min: 0.0, Avg: 0.0, Max: 0.0, Diff: 0.0, Sum: 0.0]
      [Object Copy (ms): Min: 0.1, Avg: 0.1, Max: 0.1, Diff: 0.0, Sum: 0.7]
      [Termination (ms): Min: 0.0, Avg: 0.0, Max: 0.0, Diff: 0.0, Sum: 0.1]
      [GC Worker Other (ms): Min: 0.0, Avg: 0.0, Max: 0.0, Diff: 0.0, Sum: 0.1]
      [GC Worker Total (ms): Min: 0.7, Avg: 0.8, Max: 0.9, Diff: 0.1, Sum: 6.3]
      [GC Worker End (ms): Min: 39047.5, Avg: 39047.5, Max: 39047.5, Diff: 0.0]
   [Code Root Fixup: 0.0 ms]
   [Code Root Migration: 0.0 ms]
   [Clear CT: 0.3 ms]
   [Other: 0.2 ms]
      [Choose CSet: 0.0 ms]
      [Ref Proc: 0.2 ms]
      [Ref Enq: 0.0 ms]
      [Free CSet: 0.0 ms]
   [Eden: 1024.0K(1024.0K)->0.0B(1024.0K) Survivors: 0.0B->1024.0K Heap: 6578.2K(8192.0K)->5794.7K(8192.0K)]
 [Times: user=0.01 sys=0.00, real=0.00 secs] 
39.048: Total time for which application threads were stopped: 0.0170210 seconds, Stopping threads took: 0.0152890 seconds
40.132: Application time: 1.0834020 seconds
40.187: [GC pause (young) (initial-mark) (to-space exhausted), 0.0010340 secs]
   [Parallel Time: 0.7 ms, GC Workers: 8]
      [GC Worker Start (ms): Min: 40186.6, Avg: 40186.6, Max: 40186.6, Diff: 0.1]
      [Ext Root Scanning (ms): Min: 0.4, Avg: 0.4, Max: 0.4, Diff: 0.1, Sum: 3.2]
      [Code Root Marking (ms): Min: 0.0, Avg: 0.0, Max: 0.0, Diff: 0.0, Sum: 0.0]
      [Update RS (ms): Min: 0.0, Avg: 0.0, Max: 0.0, Diff: 0.0, Sum: 0.1]
         [Processed Buffers: Min: 0, Avg: 1.0, Max: 3, Diff: 3, Sum: 8]
      [Scan RS (ms): Min: 0.0, Avg: 0.0, Max: 0.0, Diff: 0.0, Sum: 0.0]
      [Code Root Scanning (ms): Min: 0.0, Avg: 0.0, Max: 0.0, Diff: 0.0, Sum: 0.0]
      [Object Copy (ms): Min: 0.1, Avg: 0.2, Max: 0.2, Diff: 0.0, Sum: 1.2]
      [Termination (ms): Min: 0.0, Avg: 0.0, Max: 0.1, Diff: 0.1, Sum: 0.2]
      [GC Worker Other (ms): Min: 0.0, Avg: 0.0, Max: 0.0, Diff: 0.0, Sum: 0.0]
      [GC Worker Total (ms): Min: 0.6, Avg: 0.6, Max: 0.6, Diff: 0.1, Sum: 4.8]
      [GC Worker End (ms): Min: 40187.2, Avg: 40187.2, Max: 40187.2, Diff: 0.0]
   [Code Root Fixup: 0.0 ms]
   [Code Root Migration: 0.0 ms]
   [Clear CT: 0.1 ms]
   [Other: 0.3 ms]
      [Choose CSet: 0.0 ms]
      [Ref Proc: 0.1 ms]
      [Ref Enq: 0.0 ms]
      [Free CSet: 0.0 ms]
   [Eden: 1024.0K(1024.0K)->0.0B(1024.0K) Survivors: 1024.0K->0.0B Heap: 6818.7K(8192.0K)->6818.7K(8192.0K)]
 [Times: user=0.01 sys=0.00, real=0.00 secs] 
40.188: [GC concurrent-root-region-scan-start]
40.188: 40.188: [GC concurrent-root-region-scan-end, 0.0000040 secs]
40.188: Total time for which application threads were stopped: 0.0559410 seconds, Stopping threads took: 0.0548060 seconds
[GC concurrent-mark-start]
40.188: Application time: 0.0000590 seconds
40.188: [GC pause (young), 0.0004720 secs]
   [Parallel Time: 0.4 ms, GC Workers: 8]
      [GC Worker Start (ms): Min: 40187.7, Avg: 40187.7, Max: 40187.7, Diff: 0.0]
      [Ext Root Scanning (ms): Min: 0.2, Avg: 0.3, Max: 0.3, Diff: 0.1, Sum: 2.2]
      [SATB Filtering (ms): Min: 0.0, Avg: 0.0, Max: 0.0, Diff: 0.0, Sum: 0.0]
      [Update RS (ms): Min: 0.0, Avg: 0.0, Max: 0.0, Diff: 0.0, Sum: 0.1]
         [Processed Buffers: Min: 0, Avg: 1.6, Max: 11, Diff: 11, Sum: 13]
      [Scan RS (ms): Min: 0.0, Avg: 0.0, Max: 0.0, Diff: 0.0, Sum: 0.0]
      [Code Root Scanning (ms): Min: 0.0, Avg: 0.0, Max: 0.0, Diff: 0.0, Sum: 0.0]
      [Object Copy (ms): Min: 0.0, Avg: 0.0, Max: 0.0, Diff: 0.0, Sum: 0.1]
      [Termination (ms): Min: 0.0, Avg: 0.0, Max: 0.1, Diff: 0.1, Sum: 0.2]
      [GC Worker Other (ms): Min: -0.0, Avg: 0.0, Max: 0.0, Diff: 0.0, Sum: 0.0]
      [GC Worker Total (ms): Min: 0.3, Avg: 0.3, Max: 0.3, Diff: 0.0, Sum: 2.6]
      [GC Worker End (ms): Min: 40188.0, Avg: 40188.1, Max: 40188.1, Diff: 0.0]
   [Code Root Fixup: 0.0 ms]
   [Code Root Migration: 0.0 ms]
   [Clear CT: 0.0 ms]
   [Other: 0.1 ms]
      [Choose CSet: 0.0 ms]
      [Ref Proc: 0.1 ms]
      [Ref Enq: 0.0 ms]
      [Free CSet: 0.0 ms]
   [Eden: 0.0B(1024.0K)->0.0B(1024.0K) Survivors: 0.0B->0.0B Heap: 6818.7K(8192.0K)->6818.7K(8192.0K)]
 [Times: user=0.00 sys=0.00, real=0.00 secs] 
40.188: Total time for which application threads were stopped: 0.0005440 seconds, Stopping threads took: 0.0000160 seconds
40.188: Application time: 0.0000410 seconds
40.188: [GC pause (young), 0.0004200 secs]
   [Parallel Time: 0.3 ms, GC Workers: 8]
      [GC Worker Start (ms): Min: 40188.3, Avg: 40188.3, Max: 40188.3, Diff: 0.0]
      [Ext Root Scanning (ms): Min: 0.2, Avg: 0.2, Max: 0.3, Diff: 0.1, Sum: 1.9]
      [Update RS (ms): Min: 0.0, Avg: 0.0, Max: 0.0, Diff: 0.0, Sum: 0.0]
         [Processed Buffers: Min: 0, Avg: 0.1, Max: 1, Diff: 1, Sum: 1]
      [Scan RS (ms): Min: 0.0, Avg: 0.0, Max: 0.0, Diff: 0.0, Sum: 0.0]
      [Code Root Scanning (ms): Min: 0.0, Avg: 0.0, Max: 0.0, Diff: 0.0, Sum: 0.0]
      [Object Copy (ms): Min: 0.0, Avg: 0.0, Max: 0.0, Diff: 0.0, Sum: 0.1]
      [Termination (ms): Min: 0.0, Avg: 0.0, Max: 0.1, Diff: 0.1, Sum: 0.2]
      [GC Worker Other (ms): Min: 0.0, Avg: 0.0, Max: 0.0, Diff: 0.0, Sum: 0.0]
      [GC Worker Total (ms): Min: 0.3, Avg: 0.3, Max: 0.3, Diff: 0.0, Sum: 2.3]
      [GC Worker End (ms): Min: 40188.6, Avg: 40188.6, Max: 40188.6, Diff: 0.0]
   [Code Root Fixup: 0.0 ms]
   [Code Root Migration: 0.0 ms]
   [Clear CT: 0.0 ms]
   [Other: 0.1 ms]
      [Choose CSet: 0.0 ms]
      [Ref Proc: 0.1 ms]
      [Ref Enq: 0.0 ms]
      [Free CSet: 0.0 ms]
   [Eden: 0.0B(1024.0K)->0.0B(1024.0K) Survivors: 0.0B->0.0B Heap: 6818.7K(8192.0K)->6818.7K(8192.0K)]
 [Times: user=0.00 sys=0.00, real=0.00 secs] 
40.189: Total time for which application threads were stopped: 0.0004800 seconds, Stopping threads took: 0.0000030 seconds
40.189: Application time: 0.0000320 seconds
40.189: [Full GC 6818K->5563K(8192K), 0.0053780 secs]
   [Eden: 0.0B(1024.0K)->0.0B(1024.0K) Survivors: 0.0B->0.0B Heap: 6818.7K(8192.0K)->5563.8K(8192.0K)], [Perm: 5117K->5117K(20480K)]
 [Times: user=0.01 sys=0.00, real=0.01 secs] 
40.194: Total time for which application threads were stopped: 0.0054400 seconds, Stopping threads took: 0.0000040 seconds
40.194: [GC concurrent-mark-abort]
41.278: Application time: 1.0841340 seconds
41.331: [GC pause (young), 0.0017700 secs]
   [Parallel Time: 1.1 ms, GC Workers: 8]
      [GC Worker Start (ms): Min: 41331.0, Avg: 41331.1, Max: 41331.1, Diff: 0.1]
      [Ext Root Scanning (ms): Min: 0.6, Avg: 0.7, Max: 0.8, Diff: 0.1, Sum: 5.4]
      [Update RS (ms): Min: 0.0, Avg: 0.0, Max: 0.0, Diff: 0.0, Sum: 0.1]
         [Processed Buffers: Min: 0, Avg: 0.9, Max: 3, Diff: 3, Sum: 7]
      [Scan RS (ms): Min: 0.0, Avg: 0.0, Max: 0.0, Diff: 0.0, Sum: 0.0]
      [Code Root Scanning (ms): Min: 0.0, Avg: 0.0, Max: 0.0, Diff: 0.0, Sum: 0.0]
      [Object Copy (ms): Min: 0.0, Avg: 0.1, Max: 0.1, Diff: 0.1, Sum: 0.7]
      [Termination (ms): Min: 0.0, Avg: 0.0, Max: 0.0, Diff: 0.0, Sum: 0.1]
      [GC Worker Other (ms): Min: 0.0, Avg: 0.0, Max: 0.0, Diff: 0.0, Sum: 0.0]
      [GC Worker Total (ms): Min: 0.8, Avg: 0.8, Max: 0.9, Diff: 0.1, Sum: 6.4]
      [GC Worker End (ms): Min: 41331.9, Avg: 41331.9, Max: 41331.9, Diff: 0.0]
   [Code Root Fixup: 0.0 ms]
   [Code Root Migration: 0.0 ms]
   [Clear CT: 0.4 ms]
   [Other: 0.3 ms]
      [Choose CSet: 0.0 ms]
      [Ref Proc: 0.3 ms]
      [Ref Enq: 0.0 ms]
      [Free CSet: 0.0 ms]
   [Eden: 1024.0K(1024.0K)->0.0B(1024.0K) Survivors: 0.0B->1024.0K Heap: 6587.8K(8192.0K)->5802.3K(8192.0K)]
 [Times: user=0.01 sys=0.00, real=0.00 secs] 
41.333: Total time for which application threads were stopped: 0.0544650 seconds, Stopping threads took: 0.0525790 seconds
42.812: Application time: 1.4791200 seconds
42.864: [GC pause (young) (initial-mark) (to-space exhausted), 0.0011670 secs]
   [Parallel Time: 0.8 ms, GC Workers: 8]
      [GC Worker Start (ms): Min: 42864.2, Avg: 42864.3, Max: 42864.3, Diff: 0.1]
      [Ext Root Scanning (ms): Min: 0.3, Avg: 0.4, Max: 0.5, Diff: 0.2, Sum: 3.1]
      [Code Root Marking (ms): Min: 0.0, Avg: 0.0, Max: 0.0, Diff: 0.0, Sum: 0.0]
      [Update RS (ms): Min: 0.0, Avg: 0.0, Max: 0.0, Diff: 0.0, Sum: 0.0]
         [Processed Buffers: Min: 0, Avg: 1.1, Max: 6, Diff: 6, Sum: 9]
      [Scan RS (ms): Min: 0.0, Avg: 0.0, Max: 0.0, Diff: 0.0, Sum: 0.0]
      [Code Root Scanning (ms): Min: 0.0, Avg: 0.0, Max: 0.0, Diff: 0.0, Sum: 0.0]
      [Object Copy (ms): Min: 0.1, Avg: 0.2, Max: 0.2, Diff: 0.2, Sum: 1.3]
      [Termination (ms): Min: 0.0, Avg: 0.0, Max: 0.1, Diff: 0.1, Sum: 0.2]
      [GC Worker Other (ms): Min: 0.0, Avg: 0.0, Max: 0.0, Diff: 0.0, Sum: 0.0]
      [GC Worker Total (ms): Min: 0.5, Avg: 0.6, Max: 0.7, Diff: 0.1, Sum: 4.7]
      [GC Worker End (ms): Min: 42864.9, Avg: 42864.9, Max: 42864.9, Diff: 0.0]
   [Code Root Fixup: 0.0 ms]
   [Code Root Migration: 0.0 ms]
   [Clear CT: 0.1 ms]
   [Other: 0.3 ms]
      [Choose CSet: 0.0 ms]
      [Ref Proc: 0.1 ms]
      [Ref Enq: 0.0 ms]
      [Free CSet: 0.0 ms]
   [Eden: 1024.0K(1024.0K)->0.0B(1024.0K) Survivors: 1024.0K->0.0B Heap: 6826.3K(8192.0K)->6826.3K(8192.0K)]
 [Times: user=0.00 sys=0.00, real=0.00 secs] 
42.865: [GC concurrent-root-region-scan-start]
42.865: [GC concurrent-root-region-scan-end, 0.0000050 secs]
42.865: 42.865: [GC concurrent-mark-start]
Total time for which application threads were stopped: 0.0534740 seconds, Stopping threads took: 0.0521720 seconds
42.865: Application time: 0.0000630 seconds
42.866: [Full GC 6826K->5565K(8192K), 0.0058400 secs]
   [Eden: 0.0B(1024.0K)->0.0B(1024.0K) Survivors: 0.0B->0.0B Heap: 6826.3K(8192.0K)->5565.7K(8192.0K)], [Perm: 5118K->5118K(20480K)]
 [Times: user=0.01 sys=0.00, real=0.01 secs] 
42.871: Total time for which application threads were stopped: 0.0059030 seconds, Stopping threads took: 0.0000070 seconds
42.871: [GC concurrent-mark-abort]
43.959: Application time: 1.0878600 seconds
44.015: [GC pause (young), 0.0011830 secs]
   [Parallel Time: 0.9 ms, GC Workers: 8]
      [GC Worker Start (ms): Min: 44015.0, Avg: 44015.1, Max: 44015.1, Diff: 0.1]
      [Ext Root Scanning (ms): Min: 0.6, Avg: 0.7, Max: 0.7, Diff: 0.1, Sum: 5.4]
      [Update RS (ms): Min: 0.0, Avg: 0.0, Max: 0.0, Diff: 0.0, Sum: 0.0]
         [Processed Buffers: Min: 0, Avg: 0.9, Max: 3, Diff: 3, Sum: 7]
      [Scan RS (ms): Min: 0.0, Avg: 0.0, Max: 0.0, Diff: 0.0, Sum: 0.0]
      [Code Root Scanning (ms): Min: 0.0, Avg: 0.0, Max: 0.0, Diff: 0.0, Sum: 0.0]
      [Object Copy (ms): Min: 0.1, Avg: 0.1, Max: 0.1, Diff: 0.1, Sum: 0.8]
      [Termination (ms): Min: 0.0, Avg: 0.0, Max: 0.0, Diff: 0.0, Sum: 0.1]
      [GC Worker Other (ms): Min: 0.0, Avg: 0.0, Max: 0.0, Diff: 0.0, Sum: 0.1]
      [GC Worker Total (ms): Min: 0.8, Avg: 0.8, Max: 0.8, Diff: 0.1, Sum: 6.4]
      [GC Worker End (ms): Min: 44015.9, Avg: 44015.9, Max: 44015.9, Diff: 0.0]
   [Code Root Fixup: 0.0 ms]
   [Code Root Migration: 0.0 ms]
   [Clear CT: 0.1 ms]
   [Other: 0.2 ms]
      [Choose CSet: 0.0 ms]
      [Ref Proc: 0.1 ms]
      [Ref Enq: 0.0 ms]
      [Free CSet: 0.0 ms]
   [Eden: 1024.0K(1024.0K)->0.0B(1024.0K) Survivors: 0.0B->1024.0K Heap: 6589.7K(8192.0K)->5804.2K(8192.0K)]
 [Times: user=0.01 sys=0.00, real=0.00 secs] 
44.016: Total time for which application threads were stopped: 0.0569990 seconds, Stopping threads took: 0.0557100 seconds
45.103: Application time: 1.0864230 seconds
45.158: [GC pause (young) (initial-mark) (to-space exhausted), 0.0009480 secs]
   [Parallel Time: 0.7 ms, GC Workers: 8]
      [GC Worker Start (ms): Min: 45158.1, Avg: 45158.1, Max: 45158.1, Diff: 0.0]
      [Ext Root Scanning (ms): Min: 0.4, Avg: 0.4, Max: 0.4, Diff: 0.1, Sum: 3.2]
      [Code Root Marking (ms): Min: 0.0, Avg: 0.0, Max: 0.0, Diff: 0.0, Sum: 0.0]
      [Update RS (ms): Min: 0.0, Avg: 0.0, Max: 0.0, Diff: 0.0, Sum: 0.0]
         [Processed Buffers: Min: 0, Avg: 1.0, Max: 4, Diff: 4, Sum: 8]
      [Scan RS (ms): Min: 0.0, Avg: 0.0, Max: 0.0, Diff: 0.0, Sum: 0.0]
      [Code Root Scanning (ms): Min: 0.0, Avg: 0.0, Max: 0.0, Diff: 0.0, Sum: 0.0]
      [Object Copy (ms): Min: 0.1, Avg: 0.2, Max: 0.2, Diff: 0.1, Sum: 1.3]
      [Termination (ms): Min: 0.0, Avg: 0.0, Max: 0.1, Diff: 0.1, Sum: 0.3]
      [GC Worker Other (ms): Min: 0.0, Avg: 0.0, Max: 0.0, Diff: 0.0, Sum: 0.0]
      [GC Worker Total (ms): Min: 0.6, Avg: 0.6, Max: 0.6, Diff: 0.0, Sum: 5.0]
      [GC Worker End (ms): Min: 45158.7, Avg: 45158.7, Max: 45158.8, Diff: 0.0]
   [Code Root Fixup: 0.0 ms]
   [Code Root Migration: 0.0 ms]
   [Clear CT: 0.0 ms]
   [Other: 0.2 ms]
      [Choose CSet: 0.0 ms]
      [Ref Proc: 0.1 ms]
      [Ref Enq: 0.0 ms]
      [Free CSet: 0.0 ms]
   [Eden: 1024.0K(1024.0K)->0.0B(1024.0K) Survivors: 1024.0K->0.0B Heap: 6828.2K(8192.0K)->6828.2K(8192.0K)]
 [Times: user=0.00 sys=0.00, real=0.00 secs] 
45.159: [GC concurrent-root-region-scan-start]
45.159: [GC concurrent-root-region-scan-end, 0.0000050 secs]
45.159: 45.159: [GC concurrent-mark-start]
Total time for which application threads were stopped: 0.0564200 seconds, Stopping threads took: 0.0553690 seconds
45.160: [GC concurrent-mark-end, 0.0013480 secs]
45.160: Application time: 0.0013690 seconds
45.160: [GC pause (young), 0.0005120 secs]
   [Parallel Time: 0.4 ms, GC Workers: 8]
      [GC Worker Start (ms): Min: 45160.5, Avg: 45160.5, Max: 45160.5, Diff: 0.0]
      [Ext Root Scanning (ms): Min: 0.3, Avg: 0.3, Max: 0.3, Diff: 0.1, Sum: 2.3]
      [Update RS (ms): Min: 0.0, Avg: 0.0, Max: 0.0, Diff: 0.0, Sum: 0.1]
         [Processed Buffers: Min: 0, Avg: 1.5, Max: 4, Diff: 4, Sum: 12]
      [Scan RS (ms): Min: 0.0, Avg: 0.0, Max: 0.0, Diff: 0.0, Sum: 0.0]
      [Code Root Scanning (ms): Min: 0.0, Avg: 0.0, Max: 0.0, Diff: 0.0, Sum: 0.0]
      [Object Copy (ms): Min: 0.0, Avg: 0.0, Max: 0.0, Diff: 0.0, Sum: 0.2]
      [Termination (ms): Min: 0.0, Avg: 0.0, Max: 0.1, Diff: 0.1, Sum: 0.4]
      [GC Worker Other (ms): Min: 0.0, Avg: 0.0, Max: 0.0, Diff: 0.0, Sum: 0.0]
      [GC Worker Total (ms): Min: 0.4, Avg: 0.4, Max: 0.4, Diff: 0.0, Sum: 2.9]
      [GC Worker End (ms): Min: 45160.9, Avg: 45160.9, Max: 45160.9, Diff: 0.0]
   [Code Root Fixup: 0.0 ms]
   [Code Root Migration: 0.0 ms]
   [Clear CT: 0.0 ms]
   [Other: 0.1 ms]
      [Choose CSet: 0.0 ms]
      [Ref Proc: 0.1 ms]
      [Ref Enq: 0.0 ms]
      [Free CSet: 0.0 ms]
   [Eden: 0.0B(1024.0K)->0.0B(1024.0K) Survivors: 0.0B->0.0B Heap: 6828.2K(8192.0K)->6828.2K(8192.0K)]
 [Times: user=0.01 sys=0.00, real=0.00 secs] 
45.161: Total time for which application threads were stopped: 0.0005780 seconds, Stopping threads took: 0.0000060 seconds
45.161: Application time: 0.0000150 seconds
45.161: [GC pause (young), 0.0005740 secs]
   [Parallel Time: 0.4 ms, GC Workers: 8]
      [GC Worker Start (ms): Min: 45161.1, Avg: 45161.1, Max: 45161.4, Diff: 0.4]
      [Ext Root Scanning (ms): Min: 0.0, Avg: 0.2, Max: 0.3, Diff: 0.3, Sum: 1.7]
      [SATB Filtering (ms): Min: 0.0, Avg: 0.0, Max: 0.0, Diff: 0.0, Sum: 0.0]
      [Update RS (ms): Min: 0.0, Avg: 0.0, Max: 0.0, Diff: 0.0, Sum: 0.0]
         [Processed Buffers: Min: 0, Avg: 0.1, Max: 1, Diff: 1, Sum: 1]
      [Scan RS (ms): Min: 0.0, Avg: 0.0, Max: 0.0, Diff: 0.0, Sum: 0.0]
      [Code Root Scanning (ms): Min: 0.0, Avg: 0.0, Max: 0.0, Diff: 0.0, Sum: 0.0]
      [Object Copy (ms): Min: 0.0, Avg: 0.0, Max: 0.0, Diff: 0.0, Sum: 0.1]
      [Termination (ms): Min: 0.0, Avg: 0.1, Max: 0.1, Diff: 0.1, Sum: 0.7]
      [GC Worker Other (ms): Min: 0.0, Avg: 0.0, Max: 0.0, Diff: 0.0, Sum: 0.0]
      [GC Worker Total (ms): Min: 0.0, Avg: 0.3, Max: 0.4, Diff: 0.4, Sum: 2.6]
      [GC Worker End (ms): Min: 45161.5, Avg: 45161.5, Max: 45161.5, Diff: 0.0]
   [Code Root Fixup: 0.0 ms]
   [Code Root Migration: 0.0 ms]
   [Clear CT: 0.0 ms]
   [Other: 0.1 ms]
      [Choose CSet: 0.0 ms]
      [Ref Proc: 0.1 ms]
      [Ref Enq: 0.0 ms]
      [Free CSet: 0.0 ms]
   [Eden: 0.0B(1024.0K)->0.0B(1024.0K) Survivors: 0.0B->0.0B Heap: 6828.2K(8192.0K)->6828.2K(8192.0K)]
 [Times: user=0.00 sys=0.00, real=0.01 secs] 
45.162: Total time for which application threads were stopped: 0.0006260 seconds, Stopping threads took: 0.0000030 seconds
45.162: Application time: 0.0000140 seconds
45.162: [GC pause (young), 0.0004350 secs]
   [Parallel Time: 0.3 ms, GC Workers: 8]
      [GC Worker Start (ms): Min: 45161.7, Avg: 45161.7, Max: 45161.7, Diff: 0.0]
      [Ext Root Scanning (ms): Min: 0.2, Avg: 0.2, Max: 0.3, Diff: 0.1, Sum: 1.8]
      [SATB Filtering (ms): Min: 0.0, Avg: 0.0, Max: 0.0, Diff: 0.0, Sum: 0.0]
      [Update RS (ms): Min: 0.0, Avg: 0.0, Max: 0.0, Diff: 0.0, Sum: 0.0]
         [Processed Buffers: Min: 0, Avg: 0.1, Max: 1, Diff: 1, Sum: 1]
      [Scan RS (ms): Min: 0.0, Avg: 0.0, Max: 0.0, Diff: 0.0, Sum: 0.0]
      [Code Root Scanning (ms): Min: 0.0, Avg: 0.0, Max: 0.0, Diff: 0.0, Sum: 0.0]
      [Object Copy (ms): Min: 0.0, Avg: 0.0, Max: 0.0, Diff: 0.0, Sum: 0.1]
      [Termination (ms): Min: 0.0, Avg: 0.0, Max: 0.1, Diff: 0.1, Sum: 0.3]
      [GC Worker Other (ms): Min: 0.0, Avg: 0.0, Max: 0.0, Diff: 0.0, Sum: 0.0]
      [GC Worker Total (ms): Min: 0.3, Avg: 0.3, Max: 0.3, Diff: 0.0, Sum: 2.3]
      [GC Worker End (ms): Min: 45162.0, Avg: 45162.0, Max: 45162.0, Diff: 0.0]
   [Code Root Fixup: 0.0 ms]
   [Code Root Migration: 0.0 ms]
   [Clear CT: 0.1 ms]
   [Other: 0.1 ms]
      [Choose CSet: 0.0 ms]
      [Ref Proc: 0.1 ms]
      [Ref Enq: 0.0 ms]
      [Free CSet: 0.0 ms]
   [Eden: 0.0B(1024.0K)->0.0B(1024.0K) Survivors: 0.0B->0.0B Heap: 6828.2K(8192.0K)->6828.2K(8192.0K)]
 [Times: user=0.00 sys=0.00, real=0.00 secs] 
45.162: Total time for which application threads were stopped: 0.0004900 seconds, Stopping threads took: 0.0000040 seconds
45.162: Application time: 0.0000140 seconds
45.162: [GC pause (young), 0.0004900 secs]
   [Parallel Time: 0.3 ms, GC Workers: 8]
      [GC Worker Start (ms): Min: 45162.2, Avg: 45162.2, Max: 45162.2, Diff: 0.0]
      [Ext Root Scanning (ms): Min: 0.2, Avg: 0.2, Max: 0.2, Diff: 0.0, Sum: 1.8]
      [SATB Filtering (ms): Min: 0.0, Avg: 0.0, Max: 0.0, Diff: 0.0, Sum: 0.0]
      [Update RS (ms): Min: 0.0, Avg: 0.0, Max: 0.0, Diff: 0.0, Sum: 0.0]
         [Processed Buffers: Min: 0, Avg: 0.1, Max: 1, Diff: 1, Sum: 1]
      [Scan RS (ms): Min: 0.0, Avg: 0.0, Max: 0.0, Diff: 0.0, Sum: 0.0]
      [Code Root Scanning (ms): Min: 0.0, Avg: 0.0, Max: 0.0, Diff: 0.0, Sum: 0.0]
      [Object Copy (ms): Min: 0.0, Avg: 0.0, Max: 0.0, Diff: 0.0, Sum: 0.1]
      [Termination (ms): Min: 0.0, Avg: 0.0, Max: 0.1, Diff: 0.1, Sum: 0.3]
      [GC Worker Other (ms): Min: 0.0, Avg: 0.0, Max: 0.0, Diff: 0.0, Sum: 0.0]
      [GC Worker Total (ms): Min: 0.3, Avg: 0.3, Max: 0.3, Diff: 0.0, Sum: 2.2]
      [GC Worker End (ms): Min: 45162.5, Avg: 45162.5, Max: 45162.5, Diff: 0.0]
   [Code Root Fixup: 0.0 ms]
   [Code Root Migration: 0.0 ms]
   [Clear CT: 0.0 ms]
   [Other: 0.1 ms]
      [Choose CSet: 0.0 ms]
      [Ref Proc: 0.1 ms]
      [Ref Enq: 0.0 ms]
      [Free CSet: 0.0 ms]
   [Eden: 0.0B(1024.0K)->0.0B(1024.0K) Survivors: 0.0B->0.0B Heap: 6828.2K(8192.0K)->6828.2K(8192.0K)]
 [Times: user=0.01 sys=0.00, real=0.00 secs] 
45.163: Total time for which application threads were stopped: 0.0005400 seconds, Stopping threads took: 0.0000030 seconds
45.163: Application time: 0.0000190 seconds
45.163: [GC remark 45.163: [GC ref-proc, 0.0004960 secs], 0.0009430 secs]
 [Times: user=0.00 sys=0.00, real=0.00 secs] 
45.164: Total time for which application threads were stopped: 0.0009630 seconds, Stopping threads took: 0.0000030 seconds
45.164: Application time: 0.0000160 seconds
45.164: [GC pause (young), 0.0004390 secs]
   [Parallel Time: 0.3 ms, GC Workers: 8]
      [GC Worker Start (ms): Min: 45163.8, Avg: 45163.8, Max: 45163.8, Diff: 0.0]
      [Ext Root Scanning (ms): Min: 0.2, Avg: 0.2, Max: 0.3, Diff: 0.1, Sum: 1.8]
      [SATB Filtering (ms): Min: 0.0, Avg: 0.0, Max: 0.0, Diff: 0.0, Sum: 0.0]
      [Update RS (ms): Min: 0.0, Avg: 0.0, Max: 0.0, Diff: 0.0, Sum: 0.0]
         [Processed Buffers: Min: 0, Avg: 0.1, Max: 1, Diff: 1, Sum: 1]
      [Scan RS (ms): Min: 0.0, Avg: 0.0, Max: 0.0, Diff: 0.0, Sum: 0.0]
      [Code Root Scanning (ms): Min: 0.0, Avg: 0.0, Max: 0.0, Diff: 0.0, Sum: 0.0]
      [Object Copy (ms): Min: 0.0, Avg: 0.0, Max: 0.0, Diff: 0.0, Sum: 0.1]
      [Termination (ms): Min: 0.0, Avg: 0.0, Max: 0.1, Diff: 0.1, Sum: 0.3]
      [GC Worker Other (ms): Min: 0.0, Avg: 0.0, Max: 0.0, Diff: 0.0, Sum: 0.0]
      [GC Worker Total (ms): Min: 0.3, Avg: 0.3, Max: 0.3, Diff: 0.0, Sum: 2.3]
      [GC Worker End (ms): Min: 45164.1, Avg: 45164.1, Max: 45164.1, Diff: 0.0]
   [Code Root Fixup: 0.0 ms]
   [Code Root Migration: 0.0 ms]
   [Clear CT: 0.0 ms]
   [Other: 0.1 ms]
      [Choose CSet: 0.0 ms]
      [Ref Proc: 0.1 ms]
      [Ref Enq: 0.0 ms]
      [Free CSet: 0.0 ms]
   [Eden: 0.0B(1024.0K)->0.0B(1024.0K) Survivors: 0.0B->0.0B Heap: 6828.2K(8192.0K)->6828.2K(8192.0K)]
 [Times: user=0.00 sys=0.00, real=0.00 secs] 
45.164: Total time for which application threads were stopped: 0.0004920 seconds, Stopping threads took: 0.0000030 seconds
45.164: Application time: 0.0000140 seconds
45.164: [GC pause (young), 0.0004310 secs]
   [Parallel Time: 0.3 ms, GC Workers: 8]
      [GC Worker Start (ms): Min: 45164.3, Avg: 45164.3, Max: 45164.3, Diff: 0.0]
      [Ext Root Scanning (ms): Min: 0.2, Avg: 0.2, Max: 0.2, Diff: 0.1, Sum: 1.8]
      [Update RS (ms): Min: 0.0, Avg: 0.0, Max: 0.0, Diff: 0.0, Sum: 0.0]
         [Processed Buffers: Min: 0, Avg: 0.1, Max: 1, Diff: 1, Sum: 1]
      [Scan RS (ms): Min: 0.0, Avg: 0.0, Max: 0.0, Diff: 0.0, Sum: 0.0]
      [Code Root Scanning (ms): Min: 0.0, Avg: 0.0, Max: 0.0, Diff: 0.0, Sum: 0.0]
      [Object Copy (ms): Min: 0.0, Avg: 0.0, Max: 0.0, Diff: 0.0, Sum: 0.1]
      [Termination (ms): Min: 0.0, Avg: 0.0, Max: 0.1, Diff: 0.1, Sum: 0.3]
      [GC Worker Other (ms): Min: 0.0, Avg: 0.0, Max: 0.0, Diff: 0.0, Sum: 0.0]
      [GC Worker Total (ms): Min: 0.3, Avg: 0.3, Max: 0.3, Diff: 0.0, Sum: 2.2]
      [GC Worker End (ms): Min: 45164.6, Avg: 45164.6, Max: 45164.6, Diff: 0.0]
   [Code Root Fixup: 0.0 ms]
   [Code Root Migration: 0.0 ms]
   [Clear CT: 0.1 ms]
   [Other: 0.1 ms]
      [Choose CSet: 0.0 ms]
      [Ref Proc: 0.0 ms]
      [Ref Enq: 0.0 ms]
      [Free CSet: 0.0 ms]
   [Eden: 0.0B(1024.0K)->0.0B(1024.0K) Survivors: 0.0B->0.0B Heap: 6828.2K(8192.0K)->6828.2K(8192.0K)]
 [Times: user=0.00 sys=0.00, real=0.00 secs] 
45.165: Total time for which application threads were stopped: 0.0004870 seconds, Stopping threads took: 0.0000030 seconds
45.165: Application time: 0.0000150 seconds
45.165: [Full GC 6828K->5559K(8192K), 0.0052410 secs]
   [Eden: 0.0B(1024.0K)->0.0B(1024.0K) Survivors: 0.0B->0.0B Heap: 6828.2K(8192.0K)->5559.2K(8192.0K)], [Perm: 5118K->5118K(20480K)]
 [Times: user=0.01 sys=0.00, real=0.01 secs] 
45.170: Total time for which application threads were stopped: 0.0053010 seconds, Stopping threads took: 0.0000040 seconds
45.170: Application time: 0.0000400 seconds
45.170: [GC cleanup, 0.0000070 secs]
 [Times: user=0.00 sys=0.00, real=0.00 secs] 
45.170: Total time for which application threads were stopped: 0.0000470 seconds, Stopping threads took: 0.0000240 seconds
45.170: [GC concurrent-mark-abort]
46.541: Application time: 1.3704360 seconds
46.596: [GC pause (young), 0.0015290 secs]
   [Parallel Time: 1.1 ms, GC Workers: 8]
      [GC Worker Start (ms): Min: 46595.8, Avg: 46595.9, Max: 46595.9, Diff: 0.1]
      [Ext Root Scanning (ms): Min: 0.6, Avg: 0.7, Max: 0.7, Diff: 0.1, Sum: 5.3]
      [Update RS (ms): Min: 0.0, Avg: 0.0, Max: 0.0, Diff: 0.0, Sum: 0.1]
         [Processed Buffers: Min: 0, Avg: 0.9, Max: 2, Diff: 2, Sum: 7]
      [Scan RS (ms): Min: 0.0, Avg: 0.0, Max: 0.0, Diff: 0.0, Sum: 0.0]
      [Code Root Scanning (ms): Min: 0.0, Avg: 0.0, Max: 0.0, Diff: 0.0, Sum: 0.0]
      [Object Copy (ms): Min: 0.1, Avg: 0.1, Max: 0.1, Diff: 0.0, Sum: 0.7]
      [Termination (ms): Min: 0.0, Avg: 0.0, Max: 0.0, Diff: 0.0, Sum: 0.2]
      [GC Worker Other (ms): Min: 0.0, Avg: 0.0, Max: 0.0, Diff: 0.0, Sum: 0.0]
      [GC Worker Total (ms): Min: 0.8, Avg: 0.8, Max: 0.9, Diff: 0.1, Sum: 6.4]
      [GC Worker End (ms): Min: 46596.7, Avg: 46596.7, Max: 46596.7, Diff: 0.0]
   [Code Root Fixup: 0.0 ms]
   [Code Root Migration: 0.0 ms]
   [Clear CT: 0.2 ms]
   [Other: 0.2 ms]
      [Choose CSet: 0.0 ms]
      [Ref Proc: 0.2 ms]
      [Ref Enq: 0.0 ms]
      [Free CSet: 0.0 ms]
   [Eden: 1024.0K(1024.0K)->0.0B(1024.0K) Survivors: 0.0B->1024.0K Heap: 6583.2K(8192.0K)->5783.6K(8192.0K)]
 [Times: user=0.00 sys=0.00, real=0.00 secs] 
46.597: Total time for which application threads were stopped: 0.0567730 seconds, Stopping threads took: 0.0551170 seconds
47.737: Application time: 1.1399170 seconds
47.791: [GC pause (young) (initial-mark) (to-space exhausted), 0.0009710 secs]
   [Parallel Time: 0.7 ms, GC Workers: 8]
      [GC Worker Start (ms): Min: 47790.8, Avg: 47790.9, Max: 47790.9, Diff: 0.1]
      [Ext Root Scanning (ms): Min: 0.4, Avg: 0.4, Max: 0.5, Diff: 0.1, Sum: 3.2]
      [Code Root Marking (ms): Min: 0.0, Avg: 0.0, Max: 0.0, Diff: 0.0, Sum: 0.0]
      [Update RS (ms): Min: 0.0, Avg: 0.0, Max: 0.0, Diff: 0.0, Sum: 0.0]
         [Processed Buffers: Min: 0, Avg: 1.0, Max: 4, Diff: 4, Sum: 8]
      [Scan RS (ms): Min: 0.0, Avg: 0.0, Max: 0.0, Diff: 0.0, Sum: 0.0]
      [Code Root Scanning (ms): Min: 0.0, Avg: 0.0, Max: 0.0, Diff: 0.0, Sum: 0.0]
      [Object Copy (ms): Min: 0.1, Avg: 0.1, Max: 0.2, Diff: 0.1, Sum: 1.2]
      [Termination (ms): Min: 0.0, Avg: 0.0, Max: 0.1, Diff: 0.1, Sum: 0.4]
      [GC Worker Other (ms): Min: 0.0, Avg: 0.0, Max: 0.0, Diff: 0.0, Sum: 0.0]
      [GC Worker Total (ms): Min: 0.6, Avg: 0.6, Max: 0.6, Diff: 0.1, Sum: 4.9]
      [GC Worker End (ms): Min: 47791.5, Avg: 47791.5, Max: 47791.5, Diff: 0.0]
   [Code Root Fixup: 0.0 ms]
   [Code Root Migration: 0.0 ms]
   [Clear CT: 0.0 ms]
   [Other: 0.2 ms]
      [Choose CSet: 0.0 ms]
      [Ref Proc: 0.1 ms]
      [Ref Enq: 0.0 ms]
      [Free CSet: 0.0 ms]
   [Eden: 1024.0K(1024.0K)->0.0B(1024.0K) Survivors: 1024.0K->0.0B Heap: 6807.6K(8192.0K)->6807.6K(8192.0K)]
 [Times: user=0.00 sys=0.00, real=0.00 secs] 
47.792: [GC concurrent-root-region-scan-start]
47.792: 47.792: [GC concurrent-root-region-scan-end, 0.0000050 secs]
Total time for which application threads were stopped: 0.0545570 seconds, Stopping threads took: 0.0534780 seconds
47.792: [GC concurrent-mark-start]
47.792: Application time: 0.0000610 seconds
47.792: [GC pause (young), 0.0004920 secs]
   [Parallel Time: 0.4 ms, GC Workers: 8]
      [GC Worker Start (ms): Min: 47791.9, Avg: 47791.9, Max: 47791.9, Diff: 0.0]
      [Ext Root Scanning (ms): Min: 0.3, Avg: 0.3, Max: 0.3, Diff: 0.1, Sum: 2.2]
      [SATB Filtering (ms): Min: 0.0, Avg: 0.0, Max: 0.0, Diff: 0.0, Sum: 0.0]
      [Update RS (ms): Min: 0.0, Avg: 0.0, Max: 0.0, Diff: 0.0, Sum: 0.1]
         [Processed Buffers: Min: 0, Avg: 1.2, Max: 4, Diff: 4, Sum: 10]
      [Scan RS (ms): Min: 0.0, Avg: 0.0, Max: 0.0, Diff: 0.0, Sum: 0.0]
      [Code Root Scanning (ms): Min: 0.0, Avg: 0.0, Max: 0.0, Diff: 0.0, Sum: 0.0]
      [Object Copy (ms): Min: 0.0, Avg: 0.0, Max: 0.0, Diff: 0.0, Sum: 0.1]
      [Termination (ms): Min: 0.0, Avg: 0.0, Max: 0.1, Diff: 0.1, Sum: 0.3]
      [GC Worker Other (ms): Min: 0.0, Avg: 0.0, Max: 0.0, Diff: 0.0, Sum: 0.0]
      [GC Worker Total (ms): Min: 0.3, Avg: 0.3, Max: 0.4, Diff: 0.0, Sum: 2.7]
      [GC Worker End (ms): Min: 47792.3, Avg: 47792.3, Max: 47792.3, Diff: 0.0]
   [Code Root Fixup: 0.0 ms]
   [Code Root Migration: 0.0 ms]
   [Clear CT: 0.0 ms]
   [Other: 0.1 ms]
      [Choose CSet: 0.0 ms]
      [Ref Proc: 0.1 ms]
      [Ref Enq: 0.0 ms]
      [Free CSet: 0.0 ms]
   [Eden: 0.0B(1024.0K)->0.0B(1024.0K) Survivors: 0.0B->0.0B Heap: 6807.6K(8192.0K)->6807.6K(8192.0K)]
 [Times: user=0.00 sys=0.00, real=0.00 secs] 
47.792: Total time for which application threads were stopped: 0.0005540 seconds, Stopping threads took: 0.0000060 seconds
47.792: Application time: 0.0000400 seconds
47.793: [GC pause (young), 0.0004320 secs]
   [Parallel Time: 0.3 ms, GC Workers: 8]
      [GC Worker Start (ms): Min: 47792.5, Avg: 47792.5, Max: 47792.5, Diff: 0.0]
      [Ext Root Scanning (ms): Min: 0.2, Avg: 0.2, Max: 0.3, Diff: 0.1, Sum: 1.9]
      [SATB Filtering (ms): Min: 0.0, Avg: 0.0, Max: 0.0, Diff: 0.0, Sum: 0.0]
      [Update RS (ms): Min: 0.0, Avg: 0.0, Max: 0.0, Diff: 0.0, Sum: 0.0]
         [Processed Buffers: Min: 0, Avg: 0.1, Max: 1, Diff: 1, Sum: 1]
      [Scan RS (ms): Min: 0.0, Avg: 0.0, Max: 0.0, Diff: 0.0, Sum: 0.0]
      [Code Root Scanning (ms): Min: 0.0, Avg: 0.0, Max: 0.0, Diff: 0.0, Sum: 0.0]
      [Object Copy (ms): Min: 0.0, Avg: 0.0, Max: 0.0, Diff: 0.0, Sum: 0.1]
      [Termination (ms): Min: 0.0, Avg: 0.0, Max: 0.1, Diff: 0.1, Sum: 0.3]
      [GC Worker Other (ms): Min: 0.0, Avg: 0.0, Max: 0.0, Diff: 0.0, Sum: 0.0]
      [GC Worker Total (ms): Min: 0.3, Avg: 0.3, Max: 0.3, Diff: 0.0, Sum: 2.4]
      [GC Worker End (ms): Min: 47792.8, Avg: 47792.8, Max: 47792.8, Diff: 0.0]
   [Code Root Fixup: 0.0 ms]
   [Code Root Migration: 0.0 ms]
   [Clear CT: 0.0 ms]
   [Other: 0.1 ms]
      [Choose CSet: 0.0 ms]
      [Ref Proc: 0.1 ms]
      [Ref Enq: 0.0 ms]
      [Free CSet: 0.0 ms]
   [Eden: 0.0B(1024.0K)->0.0B(1024.0K) Survivors: 0.0B->0.0B Heap: 6807.6K(8192.0K)->6807.6K(8192.0K)]
 [Times: user=0.01 sys=0.00, real=0.00 secs] 
47.793: Total time for which application threads were stopped: 0.0004880 seconds, Stopping threads took: 0.0000040 seconds
47.793: Application time: 0.0000450 seconds
47.793: [Full GC 6807K->5544K(8192K), 0.0053740 secs]
   [Eden: 0.0B(1024.0K)->0.0B(1024.0K) Survivors: 0.0B->0.0B Heap: 6807.6K(8192.0K)->5544.4K(8192.0K)], [Perm: 5120K->5120K(20480K)]
 [Times: user=0.00 sys=0.00, real=0.00 secs] 
47.798: Total time for which application threads were stopped: 0.0054450 seconds, Stopping threads took: 0.0000050 seconds
47.799: [GC concurrent-mark-abort]
48.886: Application time: 1.0873200 seconds
48.940: [GC pause (young), 0.0011570 secs]
   [Parallel Time: 0.9 ms, GC Workers: 8]
      [GC Worker Start (ms): Min: 48940.3, Avg: 48940.3, Max: 48940.4, Diff: 0.1]
      [Ext Root Scanning (ms): Min: 0.6, Avg: 0.7, Max: 0.7, Diff: 0.1, Sum: 5.4]
      [Update RS (ms): Min: 0.0, Avg: 0.0, Max: 0.0, Diff: 0.0, Sum: 0.1]
         [Processed Buffers: Min: 0, Avg: 1.0, Max: 3, Diff: 3, Sum: 8]
      [Scan RS (ms): Min: 0.0, Avg: 0.0, Max: 0.0, Diff: 0.0, Sum: 0.0]
      [Code Root Scanning (ms): Min: 0.0, Avg: 0.0, Max: 0.0, Diff: 0.0, Sum: 0.0]
      [Object Copy (ms): Min: 0.1, Avg: 0.1, Max: 0.1, Diff: 0.0, Sum: 0.7]
      [Termination (ms): Min: 0.0, Avg: 0.0, Max: 0.0, Diff: 0.0, Sum: 0.2]
      [GC Worker Other (ms): Min: 0.0, Avg: 0.0, Max: 0.0, Diff: 0.0, Sum: 0.0]
      [GC Worker Total (ms): Min: 0.8, Avg: 0.8, Max: 0.8, Diff: 0.1, Sum: 6.4]
      [GC Worker End (ms): Min: 48941.1, Avg: 48941.1, Max: 48941.2, Diff: 0.0]
   [Code Root Fixup: 0.0 ms]
   [Code Root Migration: 0.0 ms]
   [Clear CT: 0.1 ms]
   [Other: 0.2 ms]
      [Choose CSet: 0.0 ms]
      [Ref Proc: 0.1 ms]
      [Ref Enq: 0.0 ms]
      [Free CSet: 0.0 ms]
   [Eden: 1024.0K(1024.0K)->0.0B(1024.0K) Survivors: 0.0B->1024.0K Heap: 6568.4K(8192.0K)->5782.9K(8192.0K)]
 [Times: user=0.00 sys=0.00, real=0.01 secs] 
48.941: Total time for which application threads were stopped: 0.0556930 seconds, Stopping threads took: 0.0544420 seconds
50.250: Application time: 1.3087550 seconds
50.303: [GC pause (young) (initial-mark) (to-space exhausted), 0.0010490 secs]
   [Parallel Time: 0.7 ms, GC Workers: 8]
      [GC Worker Start (ms): Min: 50302.6, Avg: 50302.6, Max: 50302.6, Diff: 0.1]
      [Ext Root Scanning (ms): Min: 0.3, Avg: 0.4, Max: 0.4, Diff: 0.1, Sum: 3.1]
      [Code Root Marking (ms): Min: 0.0, Avg: 0.0, Max: 0.0, Diff: 0.0, Sum: 0.0]
      [Update RS (ms): Min: 0.0, Avg: 0.0, Max: 0.0, Diff: 0.0, Sum: 0.0]
         [Processed Buffers: Min: 0, Avg: 0.8, Max: 2, Diff: 2, Sum: 6]
      [Scan RS (ms): Min: 0.0, Avg: 0.0, Max: 0.0, Diff: 0.0, Sum: 0.0]
      [Code Root Scanning (ms): Min: 0.0, Avg: 0.0, Max: 0.0, Diff: 0.0, Sum: 0.0]
      [Object Copy (ms): Min: 0.1, Avg: 0.2, Max: 0.3, Diff: 0.1, Sum: 1.5]
      [Termination (ms): Min: 0.0, Avg: 0.0, Max: 0.1, Diff: 0.1, Sum: 0.3]
      [GC Worker Other (ms): Min: 0.0, Avg: 0.0, Max: 0.0, Diff: 0.0, Sum: 0.0]
      [GC Worker Total (ms): Min: 0.6, Avg: 0.6, Max: 0.7, Diff: 0.1, Sum: 5.0]
      [GC Worker End (ms): Min: 50303.2, Avg: 50303.2, Max: 50303.2, Diff: 0.0]
   [Code Root Fixup: 0.0 ms]
   [Code Root Migration: 0.0 ms]
   [Clear CT: 0.1 ms]
   [Other: 0.2 ms]
      [Choose CSet: 0.0 ms]
      [Ref Proc: 0.1 ms]
      [Ref Enq: 0.0 ms]
      [Free CSet: 0.0 ms]
   [Eden: 1024.0K(1024.0K)->0.0B(1024.0K) Survivors: 1024.0K->0.0B Heap: 6806.9K(8192.0K)->6806.9K(8192.0K)]
 [Times: user=0.01 sys=0.00, real=0.00 secs] 
50.304: [GC concurrent-root-region-scan-start]
50.304: 50.304: [GC concurrent-root-region-scan-end, 0.0000040 secs]
Total time for which application threads were stopped: 0.0534050 seconds, Stopping threads took: 0.0522550 seconds
50.304: [GC concurrent-mark-start]
50.304: Application time: 0.0000600 seconds
50.304: [Full GC 6806K->5562K(8192K), 0.0059620 secs]
   [Eden: 0.0B(1024.0K)->0.0B(1024.0K) Survivors: 0.0B->0.0B Heap: 6806.9K(8192.0K)->5562.2K(8192.0K)], [Perm: 5122K->5122K(20480K)]
 [Times: user=0.01 sys=0.00, real=0.01 secs] 
50.310: Total time for which application threads were stopped: 0.0060330 seconds, Stopping threads took: 0.0000060 seconds
50.310: [GC concurrent-mark-abort]
51.515: Application time: 1.2054160 seconds
51.569: [GC pause (young), 0.0011150 secs]
   [Parallel Time: 0.9 ms, GC Workers: 8]
      [GC Worker Start (ms): Min: 51569.5, Avg: 51569.5, Max: 51569.5, Diff: 0.1]
      [Ext Root Scanning (ms): Min: 0.6, Avg: 0.7, Max: 0.7, Diff: 0.1, Sum: 5.4]
      [Update RS (ms): Min: 0.0, Avg: 0.0, Max: 0.0, Diff: 0.0, Sum: 0.1]
         [Processed Buffers: Min: 0, Avg: 1.0, Max: 3, Diff: 3, Sum: 8]
      [Scan RS (ms): Min: 0.0, Avg: 0.0, Max: 0.0, Diff: 0.0, Sum: 0.0]
      [Code Root Scanning (ms): Min: 0.0, Avg: 0.0, Max: 0.0, Diff: 0.0, Sum: 0.0]
      [Object Copy (ms): Min: 0.1, Avg: 0.1, Max: 0.1, Diff: 0.0, Sum: 0.8]
      [Termination (ms): Min: 0.0, Avg: 0.0, Max: 0.0, Diff: 0.0, Sum: 0.1]
      [GC Worker Other (ms): Min: 0.0, Avg: 0.0, Max: 0.0, Diff: 0.0, Sum: 0.0]
      [GC Worker Total (ms): Min: 0.8, Avg: 0.8, Max: 0.8, Diff: 0.1, Sum: 6.4]
      [GC Worker End (ms): Min: 51570.3, Avg: 51570.3, Max: 51570.3, Diff: 0.0]
   [Code Root Fixup: 0.0 ms]
   [Code Root Migration: 0.0 ms]
   [Clear CT: 0.1 ms]
   [Other: 0.1 ms]
      [Choose CSet: 0.0 ms]
      [Ref Proc: 0.1 ms]
      [Ref Enq: 0.0 ms]
      [Free CSet: 0.0 ms]
   [Eden: 1024.0K(1024.0K)->0.0B(1024.0K) Survivors: 0.0B->1024.0K Heap: 6586.2K(8192.0K)->5786.6K(8192.0K)]
 [Times: user=0.00 sys=0.00, real=0.00 secs] 
51.571: Total time for which application threads were stopped: 0.0554640 seconds, Stopping threads took: 0.0542360 seconds
52.715: Application time: 1.1443590 seconds
52.771: [GC pause (young) (initial-mark) (to-space exhausted), 0.0010380 secs]
   [Parallel Time: 0.8 ms, GC Workers: 8]
      [GC Worker Start (ms): Min: 52770.7, Avg: 52770.7, Max: 52770.8, Diff: 0.1]
      [Ext Root Scanning (ms): Min: 0.4, Avg: 0.4, Max: 0.5, Diff: 0.1, Sum: 3.3]
      [Code Root Marking (ms): Min: 0.0, Avg: 0.0, Max: 0.0, Diff: 0.0, Sum: 0.0]
      [Update RS (ms): Min: 0.0, Avg: 0.0, Max: 0.0, Diff: 0.0, Sum: 0.1]
         [Processed Buffers: Min: 0, Avg: 1.0, Max: 4, Diff: 4, Sum: 8]
      [Scan RS (ms): Min: 0.0, Avg: 0.0, Max: 0.0, Diff: 0.0, Sum: 0.0]
      [Code Root Scanning (ms): Min: 0.0, Avg: 0.0, Max: 0.0, Diff: 0.0, Sum: 0.0]
      [Object Copy (ms): Min: 0.1, Avg: 0.2, Max: 0.2, Diff: 0.1, Sum: 1.4]
      [Termination (ms): Min: 0.0, Avg: 0.0, Max: 0.1, Diff: 0.1, Sum: 0.4]
      [GC Worker Other (ms): Min: 0.0, Avg: 0.0, Max: 0.0, Diff: 0.0, Sum: 0.0]
      [GC Worker Total (ms): Min: 0.6, Avg: 0.7, Max: 0.7, Diff: 0.1, Sum: 5.2]
      [GC Worker End (ms): Min: 52771.4, Avg: 52771.4, Max: 52771.4, Diff: 0.0]
   [Code Root Fixup: 0.0 ms]
   [Code Root Migration: 0.0 ms]
   [Clear CT: 0.0 ms]
   [Other: 0.2 ms]
      [Choose CSet: 0.0 ms]
      [Ref Proc: 0.1 ms]
      [Ref Enq: 0.0 ms]
      [Free CSet: 0.0 ms]
   [Eden: 1024.0K(1024.0K)->0.0B(1024.0K) Survivors: 1024.0K->0.0B Heap: 6810.6K(8192.0K)->6810.6K(8192.0K)]
 [Times: user=0.01 sys=0.00, real=0.00 secs] 
52.772: [GC concurrent-root-region-scan-start]
52.772: [GC concurrent-root-region-scan-end, 0.0000050 secs]
52.772: 52.772: [GC concurrent-mark-start]
Total time for which application threads were stopped: 0.0568070 seconds, Stopping threads took: 0.0556660 seconds
52.772: Application time: 0.0000330 seconds
52.772: [GC pause (young), 0.0005470 secs]
   [Parallel Time: 0.4 ms, GC Workers: 8]
      [GC Worker Start (ms): Min: 52771.9, Avg: 52771.9, Max: 52771.9, Diff: 0.0]
      [Ext Root Scanning (ms): Min: 0.2, Avg: 0.3, Max: 0.3, Diff: 0.1, Sum: 2.2]
      [SATB Filtering (ms): Min: 0.0, Avg: 0.0, Max: 0.0, Diff: 0.0, Sum: 0.0]
      [Update RS (ms): Min: 0.0, Avg: 0.0, Max: 0.0, Diff: 0.0, Sum: 0.1]
         [Processed Buffers: Min: 0, Avg: 1.5, Max: 4, Diff: 4, Sum: 12]
      [Scan RS (ms): Min: 0.0, Avg: 0.0, Max: 0.0, Diff: 0.0, Sum: 0.0]
      [Code Root Scanning (ms): Min: 0.0, Avg: 0.0, Max: 0.0, Diff: 0.0, Sum: 0.0]
      [Object Copy (ms): Min: 0.0, Avg: 0.0, Max: 0.0, Diff: 0.0, Sum: 0.1]
      [Termination (ms): Min: 0.0, Avg: 0.0, Max: 0.1, Diff: 0.1, Sum: 0.4]
      [GC Worker Other (ms): Min: 0.0, Avg: 0.0, Max: 0.0, Diff: 0.0, Sum: 0.0]
      [GC Worker Total (ms): Min: 0.3, Avg: 0.3, Max: 0.4, Diff: 0.0, Sum: 2.8]
      [GC Worker End (ms): Min: 52772.2, Avg: 52772.2, Max: 52772.2, Diff: 0.0]
   [Code Root Fixup: 0.0 ms]
   [Code Root Migration: 0.0 ms]
   [Clear CT: 0.0 ms]
   [Other: 0.1 ms]
      [Choose CSet: 0.0 ms]
      [Ref Proc: 0.1 ms]
      [Ref Enq: 0.0 ms]
      [Free CSet: 0.0 ms]
   [Eden: 0.0B(1024.0K)->0.0B(1024.0K) Survivors: 0.0B->0.0B Heap: 6810.6K(8192.0K)->6810.6K(8192.0K)]
 [Times: user=0.00 sys=0.00, real=0.00 secs] 
52.772: Total time for which application threads were stopped: 0.0006200 seconds, Stopping threads took: 0.0000070 seconds
52.772: Application time: 0.0000450 seconds
52.773: [GC pause (young), 0.0004390 secs]
   [Parallel Time: 0.3 ms, GC Workers: 8]
      [GC Worker Start (ms): Min: 52772.5, Avg: 52772.5, Max: 52772.5, Diff: 0.0]
      [Ext Root Scanning (ms): Min: 0.2, Avg: 0.2, Max: 0.3, Diff: 0.1, Sum: 1.9]
      [Update RS (ms): Min: 0.0, Avg: 0.0, Max: 0.0, Diff: 0.0, Sum: 0.0]
         [Processed Buffers: Min: 0, Avg: 0.1, Max: 1, Diff: 1, Sum: 1]
      [Scan RS (ms): Min: 0.0, Avg: 0.0, Max: 0.0, Diff: 0.0, Sum: 0.0]
      [Code Root Scanning (ms): Min: 0.0, Avg: 0.0, Max: 0.0, Diff: 0.0, Sum: 0.0]
      [Object Copy (ms): Min: 0.0, Avg: 0.0, Max: 0.0, Diff: 0.0, Sum: 0.1]
      [Termination (ms): Min: 0.0, Avg: 0.0, Max: 0.1, Diff: 0.1, Sum: 0.4]
      [GC Worker Other (ms): Min: 0.0, Avg: 0.0, Max: 0.0, Diff: 0.0, Sum: 0.0]
      [GC Worker Total (ms): Min: 0.3, Avg: 0.3, Max: 0.3, Diff: 0.0, Sum: 2.4]
      [GC Worker End (ms): Min: 52772.8, Avg: 52772.8, Max: 52772.8, Diff: 0.0]
   [Code Root Fixup: 0.0 ms]
   [Code Root Migration: 0.0 ms]
   [Clear CT: 0.0 ms]
   [Other: 0.1 ms]
      [Choose CSet: 0.0 ms]
      [Ref Proc: 0.1 ms]
      [Ref Enq: 0.0 ms]
      [Free CSet: 0.0 ms]
   [Eden: 0.0B(1024.0K)->0.0B(1024.0K) Survivors: 0.0B->0.0B Heap: 6810.6K(8192.0K)->6810.6K(8192.0K)]
 [Times: user=0.01 sys=0.00, real=0.00 secs] 
52.773: Total time for which application threads were stopped: 0.0004960 seconds, Stopping threads took: 0.0000050 seconds
52.773: Application time: 0.0000390 seconds
52.773: [Full GC 6810K->5563K(8192K), 0.0056230 secs]
   [Eden: 0.0B(1024.0K)->0.0B(1024.0K) Survivors: 0.0B->0.0B Heap: 6810.6K(8192.0K)->5563.7K(8192.0K)], [Perm: 5122K->5122K(20480K)]
 [Times: user=0.00 sys=0.00, real=0.00 secs] 
52.779: Total time for which application threads were stopped: 0.0056830 seconds, Stopping threads took: 0.0000030 seconds
52.779: [GC concurrent-mark-abort]
53.978: Application time: 1.1989640 seconds
54.034: [GC pause (young), 0.0012300 secs]
   [Parallel Time: 0.9 ms, GC Workers: 8]
      [GC Worker Start (ms): Min: 54034.1, Avg: 54034.2, Max: 54034.2, Diff: 0.1]
      [Ext Root Scanning (ms): Min: 0.6, Avg: 0.7, Max: 0.7, Diff: 0.1, Sum: 5.3]
      [Update RS (ms): Min: 0.0, Avg: 0.0, Max: 0.0, Diff: 0.0, Sum: 0.1]
         [Processed Buffers: Min: 0, Avg: 1.0, Max: 3, Diff: 3, Sum: 8]
      [Scan RS (ms): Min: 0.0, Avg: 0.0, Max: 0.0, Diff: 0.0, Sum: 0.0]
      [Code Root Scanning (ms): Min: 0.0, Avg: 0.0, Max: 0.0, Diff: 0.0, Sum: 0.0]
      [Object Copy (ms): Min: 0.1, Avg: 0.1, Max: 0.1, Diff: 0.1, Sum: 0.8]
      [Termination (ms): Min: 0.0, Avg: 0.0, Max: 0.0, Diff: 0.0, Sum: 0.0]
      [GC Worker Other (ms): Min: 0.0, Avg: 0.0, Max: 0.0, Diff: 0.0, Sum: 0.1]
      [GC Worker Total (ms): Min: 0.8, Avg: 0.8, Max: 0.8, Diff: 0.1, Sum: 6.3]
      [GC Worker End (ms): Min: 54035.0, Avg: 54035.0, Max: 54035.0, Diff: 0.0]
   [Code Root Fixup: 0.0 ms]
   [Code Root Migration: 0.0 ms]
   [Clear CT: 0.1 ms]
   [Other: 0.2 ms]
      [Choose CSet: 0.0 ms]
      [Ref Proc: 0.2 ms]
      [Ref Enq: 0.0 ms]
      [Free CSet: 0.0 ms]
   [Eden: 1024.0K(1024.0K)->0.0B(1024.0K) Survivors: 0.0B->1024.0K Heap: 6587.7K(8192.0K)->5782.1K(8192.0K)]
 [Times: user=0.01 sys=0.00, real=0.00 secs] 
54.035: Total time for which application threads were stopped: 0.0577160 seconds, Stopping threads took: 0.0563830 seconds
55.233: Application time: 1.1976440 seconds
55.283: [GC pause (young) (initial-mark) (to-space exhausted), 0.0009780 secs]
   [Parallel Time: 0.7 ms, GC Workers: 8]
      [GC Worker Start (ms): Min: 55282.7, Avg: 55282.7, Max: 55282.8, Diff: 0.1]
      [Ext Root Scanning (ms): Min: 0.3, Avg: 0.4, Max: 0.4, Diff: 0.1, Sum: 3.1]
      [Code Root Marking (ms): Min: 0.0, Avg: 0.0, Max: 0.0, Diff: 0.0, Sum: 0.0]
      [Update RS (ms): Min: 0.0, Avg: 0.0, Max: 0.0, Diff: 0.0, Sum: 0.0]
         [Processed Buffers: Min: 0, Avg: 0.9, Max: 3, Diff: 3, Sum: 7]
      [Scan RS (ms): Min: 0.0, Avg: 0.0, Max: 0.0, Diff: 0.0, Sum: 0.0]
      [Code Root Scanning (ms): Min: 0.0, Avg: 0.0, Max: 0.0, Diff: 0.0, Sum: 0.0]
      [Object Copy (ms): Min: 0.1, Avg: 0.2, Max: 0.2, Diff: 0.1, Sum: 1.4]
      [Termination (ms): Min: 0.0, Avg: 0.0, Max: 0.1, Diff: 0.1, Sum: 0.2]
      [GC Worker Other (ms): Min: 0.0, Avg: 0.0, Max: 0.0, Diff: 0.0, Sum: 0.0]
      [GC Worker Total (ms): Min: 0.6, Avg: 0.6, Max: 0.7, Diff: 0.1, Sum: 4.9]
      [GC Worker End (ms): Min: 55283.3, Avg: 55283.3, Max: 55283.4, Diff: 0.0]
   [Code Root Fixup: 0.0 ms]
   [Code Root Migration: 0.0 ms]
   [Clear CT: 0.1 ms]
   [Other: 0.2 ms]
      [Choose CSet: 0.0 ms]
      [Ref Proc: 0.1 ms]
      [Ref Enq: 0.0 ms]
      [Free CSet: 0.0 ms]
   [Eden: 1024.0K(1024.0K)->0.0B(1024.0K) Survivors: 1024.0K->0.0B Heap: 6806.1K(8192.0K)->6806.1K(8192.0K)]
 [Times: user=0.01 sys=0.00, real=0.00 secs] 
55.284: [GC concurrent-root-region-scan-start]
55.284: [GC concurrent-root-region-scan-end, 0.0000050 secs]
55.284: 55.284[GC concurrent-mark-start]
: Total time for which application threads were stopped: 0.0506740 seconds, Stopping threads took: 0.0495820 seconds
55.284: Application time: 0.0000650 seconds
55.284: [GC pause (young), 0.0004810 secs]
   [Parallel Time: 0.4 ms, GC Workers: 8]
      [GC Worker Start (ms): Min: 55283.8, Avg: 55283.8, Max: 55283.9, Diff: 0.0]
      [Ext Root Scanning (ms): Min: 0.2, Avg: 0.3, Max: 0.3, Diff: 0.1, Sum: 2.2]
      [Update RS (ms): Min: 0.0, Avg: 0.0, Max: 0.0, Diff: 0.0, Sum: 0.1]
         [Processed Buffers: Min: 0, Avg: 1.9, Max: 14, Diff: 14, Sum: 15]
      [Scan RS (ms): Min: 0.0, Avg: 0.0, Max: 0.0, Diff: 0.0, Sum: 0.0]
      [Code Root Scanning (ms): Min: 0.0, Avg: 0.0, Max: 0.0, Diff: 0.0, Sum: 0.0]
      [Object Copy (ms): Min: 0.0, Avg: 0.0, Max: 0.0, Diff: 0.0, Sum: 0.2]
      [Termination (ms): Min: 0.0, Avg: 0.0, Max: 0.0, Diff: 0.0, Sum: 0.3]
      [GC Worker Other (ms): Min: 0.0, Avg: 0.0, Max: 0.0, Diff: 0.0, Sum: 0.0]
      [GC Worker Total (ms): Min: 0.3, Avg: 0.3, Max: 0.3, Diff: 0.0, Sum: 2.7]
      [GC Worker End (ms): Min: 55284.2, Avg: 55284.2, Max: 55284.2, Diff: 0.0]
   [Code Root Fixup: 0.0 ms]
   [Code Root Migration: 0.0 ms]
   [Clear CT: 0.0 ms]
   [Other: 0.1 ms]
      [Choose CSet: 0.0 ms]
      [Ref Proc: 0.1 ms]
      [Ref Enq: 0.0 ms]
      [Free CSet: 0.0 ms]
   [Eden: 0.0B(1024.0K)->0.0B(1024.0K) Survivors: 0.0B->0.0B Heap: 6806.1K(8192.0K)->6806.1K(8192.0K)]
 [Times: user=0.00 sys=0.00, real=0.00 secs] 
55.284: Total time for which application threads were stopped: 0.0005540 seconds, Stopping threads took: 0.0000210 seconds
55.284: Application time: 0.0000500 seconds
55.284: [GC pause (young), 0.0004900 secs]
   [Parallel Time: 0.3 ms, GC Workers: 8]
      [GC Worker Start (ms): Min: 55284.4, Avg: 55284.4, Max: 55284.5, Diff: 0.0]
      [Ext Root Scanning (ms): Min: 0.2, Avg: 0.2, Max: 0.2, Diff: 0.0, Sum: 1.9]
      [Update RS (ms): Min: 0.0, Avg: 0.0, Max: 0.0, Diff: 0.0, Sum: 0.0]
         [Processed Buffers: Min: 0, Avg: 0.1, Max: 1, Diff: 1, Sum: 1]
      [Scan RS (ms): Min: 0.0, Avg: 0.0, Max: 0.0, Diff: 0.0, Sum: 0.0]
      [Code Root Scanning (ms): Min: 0.0, Avg: 0.0, Max: 0.0, Diff: 0.0, Sum: 0.0]
      [Object Copy (ms): Min: 0.0, Avg: 0.0, Max: 0.0, Diff: 0.0, Sum: 0.1]
      [Termination (ms): Min: 0.0, Avg: 0.0, Max: 0.1, Diff: 0.1, Sum: 0.2]
      [GC Worker Other (ms): Min: 0.0, Avg: 0.0, Max: 0.0, Diff: 0.0, Sum: 0.0]
      [GC Worker Total (ms): Min: 0.3, Avg: 0.3, Max: 0.3, Diff: 0.0, Sum: 2.3]
      [GC Worker End (ms): Min: 55284.7, Avg: 55284.7, Max: 55284.7, Diff: 0.0]
   [Code Root Fixup: 0.0 ms]
   [Code Root Migration: 0.0 ms]
   [Clear CT: 0.0 ms]
   [Other: 0.1 ms]
      [Choose CSet: 0.0 ms]
      [Ref Proc: 0.1 ms]
      [Ref Enq: 0.0 ms]
      [Free CSet: 0.0 ms]
   [Eden: 0.0B(1024.0K)->0.0B(1024.0K) Survivors: 0.0B->0.0B Heap: 6806.1K(8192.0K)->6806.1K(8192.0K)]
 [Times: user=0.00 sys=0.00, real=0.00 secs] 
55.285: Total time for which application threads were stopped: 0.0005640 seconds, Stopping threads took: 0.0000170 seconds
55.285: Application time: 0.0000590 seconds
55.285: [Full GC 6806K->5549K(8192K), 0.0055510 secs]
   [Eden: 0.0B(1024.0K)->0.0B(1024.0K) Survivors: 0.0B->0.0B Heap: 6806.1K(8192.0K)->5549.2K(8192.0K)], [Perm: 5123K->5123K(20480K)]
 [Times: user=0.01 sys=0.00, real=0.01 secs] 
55.291: Total time for which application threads were stopped: 0.0056170 seconds, Stopping threads took: 0.0000120 seconds
55.291: Application time: 0.0000290 seconds
55.345: Total time for which application threads were stopped: 0.0542830 seconds, Stopping threads took: 0.0542730 seconds
55.345: [GC concurrent-mark-abort]
56.484: Application time: 1.1391270 seconds
56.490: [GC pause (young), 0.0011970 secs]
   [Parallel Time: 0.9 ms, GC Workers: 8]
      [GC Worker Start (ms): Min: 56489.6, Avg: 56489.6, Max: 56489.7, Diff: 0.1]
      [Ext Root Scanning (ms): Min: 0.6, Avg: 0.7, Max: 0.7, Diff: 0.1, Sum: 5.4]
      [Update RS (ms): Min: 0.0, Avg: 0.0, Max: 0.0, Diff: 0.0, Sum: 0.1]
         [Processed Buffers: Min: 0, Avg: 1.0, Max: 3, Diff: 3, Sum: 8]
      [Scan RS (ms): Min: 0.0, Avg: 0.0, Max: 0.0, Diff: 0.0, Sum: 0.0]
      [Code Root Scanning (ms): Min: 0.0, Avg: 0.0, Max: 0.0, Diff: 0.0, Sum: 0.0]
      [Object Copy (ms): Min: 0.1, Avg: 0.1, Max: 0.1, Diff: 0.0, Sum: 0.7]
      [Termination (ms): Min: 0.0, Avg: 0.0, Max: 0.0, Diff: 0.0, Sum: 0.0]
      [GC Worker Other (ms): Min: 0.0, Avg: 0.0, Max: 0.0, Diff: 0.0, Sum: 0.1]
      [GC Worker Total (ms): Min: 0.8, Avg: 0.8, Max: 0.8, Diff: 0.1, Sum: 6.3]
      [GC Worker End (ms): Min: 56490.4, Avg: 56490.4, Max: 56490.4, Diff: 0.0]
   [Code Root Fixup: 0.0 ms]
   [Code Root Migration: 0.0 ms]
   [Clear CT: 0.1 ms]
   [Other: 0.2 ms]
      [Choose CSet: 0.0 ms]
      [Ref Proc: 0.1 ms]
      [Ref Enq: 0.0 ms]
      [Free CSet: 0.0 ms]
   [Eden: 1024.0K(1024.0K)->0.0B(1024.0K) Survivors: 0.0B->1024.0K Heap: 6573.2K(8192.0K)->5789.7K(8192.0K)]
 [Times: user=0.01 sys=0.00, real=0.00 secs] 
56.491: Total time for which application threads were stopped: 0.0067500 seconds, Stopping threads took: 0.0054550 seconds
57.808: Application time: 1.3173570 seconds
57.864: [GC pause (young) (initial-mark) (to-space exhausted), 0.0009650 secs]
   [Parallel Time: 0.7 ms, GC Workers: 8]
      [GC Worker Start (ms): Min: 57863.6, Avg: 57863.7, Max: 57863.7, Diff: 0.1]
      [Ext Root Scanning (ms): Min: 0.4, Avg: 0.4, Max: 0.4, Diff: 0.1, Sum: 3.1]
      [Code Root Marking (ms): Min: 0.0, Avg: 0.0, Max: 0.0, Diff: 0.0, Sum: 0.0]
      [Update RS (ms): Min: 0.0, Avg: 0.0, Max: 0.0, Diff: 0.0, Sum: 0.1]
         [Processed Buffers: Min: 0, Avg: 0.8, Max: 2, Diff: 2, Sum: 6]
      [Scan RS (ms): Min: 0.0, Avg: 0.0, Max: 0.0, Diff: 0.0, Sum: 0.0]
      [Code Root Scanning (ms): Min: 0.0, Avg: 0.0, Max: 0.0, Diff: 0.0, Sum: 0.0]
      [Object Copy (ms): Min: 0.1, Avg: 0.2, Max: 0.2, Diff: 0.1, Sum: 1.4]
      [Termination (ms): Min: 0.0, Avg: 0.0, Max: 0.1, Diff: 0.1, Sum: 0.2]
      [GC Worker Other (ms): Min: 0.0, Avg: 0.0, Max: 0.0, Diff: 0.0, Sum: 0.0]
      [GC Worker Total (ms): Min: 0.6, Avg: 0.6, Max: 0.6, Diff: 0.1, Sum: 4.9]
      [GC Worker End (ms): Min: 57864.3, Avg: 57864.3, Max: 57864.3, Diff: 0.0]
   [Code Root Fixup: 0.0 ms]
   [Code Root Migration: 0.0 ms]
   [Clear CT: 0.0 ms]
   [Other: 0.2 ms]
      [Choose CSet: 0.0 ms]
      [Ref Proc: 0.1 ms]
      [Ref Enq: 0.0 ms]
      [Free CSet: 0.0 ms]
   [Eden: 1024.0K(1024.0K)->0.0B(1024.0K) Survivors: 1024.0K->0.0B Heap: 6813.7K(8192.0K)->6813.7K(8192.0K)]
 [Times: user=0.00 sys=0.00, real=0.00 secs] 
57.865: [GC concurrent-root-region-scan-start]
57.865: 57.865: Total time for which application threads were stopped: 0.0564600 seconds, Stopping threads took: 0.0553990 seconds
[GC concurrent-root-region-scan-end, 0.0000040 secs]
57.865: [GC concurrent-mark-start]
57.865: Application time: 0.0000300 seconds
57.865: [Full GC 6813K->5550K(8192K), 0.0058760 secs]
   [Eden: 0.0B(1024.0K)->0.0B(1024.0K) Survivors: 0.0B->0.0B Heap: 6813.7K(8192.0K)->5550.7K(8192.0K)], [Perm: 5123K->5123K(20480K)]
 [Times: user=0.01 sys=0.00, real=0.01 secs] 
57.871: Total time for which application threads were stopped: 0.0059430 seconds, Stopping threads took: 0.0000050 seconds
57.871: [GC concurrent-mark-abort]
59.012: Application time: 1.1416690 seconds
59.064: [GC pause (young), 0.0011150 secs]
   [Parallel Time: 0.9 ms, GC Workers: 8]
      [GC Worker Start (ms): Min: 59064.5, Avg: 59064.5, Max: 59064.5, Diff: 0.1]
      [Ext Root Scanning (ms): Min: 0.7, Avg: 0.7, Max: 0.7, Diff: 0.1, Sum: 5.5]
      [Update RS (ms): Min: 0.0, Avg: 0.0, Max: 0.0, Diff: 0.0, Sum: 0.1]
         [Processed Buffers: Min: 0, Avg: 0.9, Max: 3, Diff: 3, Sum: 7]
      [Scan RS (ms): Min: 0.0, Avg: 0.0, Max: 0.0, Diff: 0.0, Sum: 0.0]
      [Code Root Scanning (ms): Min: 0.0, Avg: 0.0, Max: 0.0, Diff: 0.0, Sum: 0.0]
      [Object Copy (ms): Min: 0.1, Avg: 0.1, Max: 0.1, Diff: 0.0, Sum: 0.7]
      [Termination (ms): Min: 0.0, Avg: 0.0, Max: 0.0, Diff: 0.0, Sum: 0.1]
      [GC Worker Other (ms): Min: 0.0, Avg: 0.0, Max: 0.0, Diff: 0.0, Sum: 0.0]
      [GC Worker Total (ms): Min: 0.8, Avg: 0.8, Max: 0.8, Diff: 0.1, Sum: 6.4]
      [GC Worker End (ms): Min: 59065.3, Avg: 59065.3, Max: 59065.3, Diff: 0.0]
   [Code Root Fixup: 0.0 ms]
   [Code Root Migration: 0.0 ms]
   [Clear CT: 0.1 ms]
   [Other: 0.1 ms]
      [Choose CSet: 0.0 ms]
      [Ref Proc: 0.1 ms]
      [Ref Enq: 0.0 ms]
      [Free CSet: 0.0 ms]
   [Eden: 1024.0K(1024.0K)->0.0B(1024.0K) Survivors: 0.0B->1024.0K Heap: 6574.7K(8192.0K)->5761.2K(8192.0K)]
 [Times: user=0.01 sys=0.00, real=0.00 secs] 
59.066: Total time for which application threads were stopped: 0.0533160 seconds, Stopping threads took: 0.0520900 seconds
60.155: Application time: 1.0898720 seconds
60.210: [GC pause (young) (initial-mark) (to-space exhausted), 0.0009270 secs]
   [Parallel Time: 0.7 ms, GC Workers: 8]
      [GC Worker Start (ms): Min: 60209.6, Avg: 60209.6, Max: 60209.6, Diff: 0.1]
      [Ext Root Scanning (ms): Min: 0.3, Avg: 0.4, Max: 0.5, Diff: 0.1, Sum: 3.1]
      [Code Root Marking (ms): Min: 0.0, Avg: 0.0, Max: 0.0, Diff: 0.0, Sum: 0.0]
      [Update RS (ms): Min: 0.0, Avg: 0.0, Max: 0.0, Diff: 0.0, Sum: 0.0]
         [Processed Buffers: Min: 0, Avg: 0.8, Max: 3, Diff: 3, Sum: 6]
      [Scan RS (ms): Min: 0.0, Avg: 0.0, Max: 0.0, Diff: 0.0, Sum: 0.0]
      [Code Root Scanning (ms): Min: 0.0, Avg: 0.0, Max: 0.0, Diff: 0.0, Sum: 0.0]
      [Object Copy (ms): Min: 0.1, Avg: 0.2, Max: 0.2, Diff: 0.1, Sum: 1.3]
      [Termination (ms): Min: 0.0, Avg: 0.0, Max: 0.1, Diff: 0.1, Sum: 0.3]
      [GC Worker Other (ms): Min: 0.0, Avg: 0.0, Max: 0.0, Diff: 0.0, Sum: 0.0]
      [GC Worker Total (ms): Min: 0.6, Avg: 0.6, Max: 0.7, Diff: 0.1, Sum: 4.9]
      [GC Worker End (ms): Min: 60210.2, Avg: 60210.2, Max: 60210.2, Diff: 0.0]
   [Code Root Fixup: 0.0 ms]
   [Code Root Migration: 0.0 ms]
   [Clear CT: 0.0 ms]
   [Other: 0.2 ms]
      [Choose CSet: 0.0 ms]
      [Ref Proc: 0.1 ms]
      [Ref Enq: 0.0 ms]
      [Free CSet: 0.0 ms]
   [Eden: 1024.0K(1024.0K)->0.0B(1024.0K) Survivors: 1024.0K->0.0B Heap: 6785.2K(8192.0K)->6785.2K(8192.0K)]
 [Times: user=0.00 sys=0.00, real=0.00 secs] 
60.211: [GC concurrent-root-region-scan-start]
60.211: 60.211: [GC concurrent-root-region-scan-end, 0.0000050 secs]
Total time for which application threads were stopped: 0.0550620 seconds, Stopping threads took: 0.0540310 seconds
60.211: [GC concurrent-mark-start]
60.211: Application time: 0.0000300 seconds
60.211: [GC pause (young), 0.0004760 secs]
   [Parallel Time: 0.4 ms, GC Workers: 8]
      [GC Worker Start (ms): Min: 60210.6, Avg: 60210.6, Max: 60210.6, Diff: 0.0]
      [Ext Root Scanning (ms): Min: 0.2, Avg: 0.3, Max: 0.3, Diff: 0.1, Sum: 2.2]
      [SATB Filtering (ms): Min: 0.0, Avg: 0.0, Max: 0.0, Diff: 0.0, Sum: 0.0]
      [Update RS (ms): Min: 0.0, Avg: 0.0, Max: 0.0, Diff: 0.0, Sum: 0.1]
         [Processed Buffers: Min: 0, Avg: 1.6, Max: 11, Diff: 11, Sum: 13]
      [Scan RS (ms): Min: 0.0, Avg: 0.0, Max: 0.0, Diff: 0.0, Sum: 0.0]
      [Code Root Scanning (ms): Min: 0.0, Avg: 0.0, Max: 0.0, Diff: 0.0, Sum: 0.0]
      [Object Copy (ms): Min: 0.0, Avg: 0.0, Max: 0.0, Diff: 0.0, Sum: 0.1]
      [Termination (ms): Min: 0.0, Avg: 0.0, Max: 0.1, Diff: 0.1, Sum: 0.3]
      [GC Worker Other (ms): Min: 0.0, Avg: 0.0, Max: 0.0, Diff: 0.0, Sum: 0.0]
      [GC Worker Total (ms): Min: 0.3, Avg: 0.3, Max: 0.3, Diff: 0.0, Sum: 2.7]
      [GC Worker End (ms): Min: 60210.9, Avg: 60210.9, Max: 60211.0, Diff: 0.0]
   [Code Root Fixup: 0.0 ms]
   [Code Root Migration: 0.0 ms]
   [Clear CT: 0.0 ms]
   [Other: 0.1 ms]
      [Choose CSet: 0.0 ms]
      [Ref Proc: 0.0 ms]
      [Ref Enq: 0.0 ms]
      [Free CSet: 0.0 ms]
   [Eden: 0.0B(1024.0K)->0.0B(1024.0K) Survivors: 0.0B->0.0B Heap: 6785.2K(8192.0K)->6785.2K(8192.0K)]
 [Times: user=0.01 sys=0.00, real=0.00 secs] 
60.211: Total time for which application threads were stopped: 0.0005460 seconds, Stopping threads took: 0.0000070 seconds
60.211: Application time: 0.0000220 seconds
60.211: [GC pause (young), 0.0004880 secs]
   [Parallel Time: 0.3 ms, GC Workers: 8]
      [GC Worker Start (ms): Min: 60211.2, Avg: 60211.2, Max: 60211.2, Diff: 0.0]
      [Ext Root Scanning (ms): Min: 0.2, Avg: 0.2, Max: 0.3, Diff: 0.0, Sum: 1.9]
      [Update RS (ms): Min: 0.0, Avg: 0.0, Max: 0.0, Diff: 0.0, Sum: 0.0]
         [Processed Buffers: Min: 0, Avg: 0.1, Max: 1, Diff: 1, Sum: 1]
      [Scan RS (ms): Min: 0.0, Avg: 0.0, Max: 0.0, Diff: 0.0, Sum: 0.0]
      [Code Root Scanning (ms): Min: 0.0, Avg: 0.0, Max: 0.0, Diff: 0.0, Sum: 0.0]
      [Object Copy (ms): Min: 0.0, Avg: 0.0, Max: 0.0, Diff: 0.0, Sum: 0.1]
      [Termination (ms): Min: 0.0, Avg: 0.0, Max: 0.1, Diff: 0.1, Sum: 0.2]
      [GC Worker Other (ms): Min: 0.0, Avg: 0.0, Max: 0.0, Diff: 0.0, Sum: 0.0]
      [GC Worker Total (ms): Min: 0.3, Avg: 0.3, Max: 0.3, Diff: 0.0, Sum: 2.3]
      [GC Worker End (ms): Min: 60211.5, Avg: 60211.5, Max: 60211.5, Diff: 0.0]
   [Code Root Fixup: 0.0 ms]
   [Code Root Migration: 0.0 ms]
   [Clear CT: 0.0 ms]
   [Other: 0.1 ms]
      [Choose CSet: 0.0 ms]
      [Ref Proc: 0.1 ms]
      [Ref Enq: 0.0 ms]
      [Free CSet: 0.0 ms]
   [Eden: 0.0B(1024.0K)->0.0B(1024.0K) Survivors: 0.0B->0.0B Heap: 6785.2K(8192.0K)->6785.2K(8192.0K)]
 [Times: user=0.00 sys=0.00, real=0.00 secs] 
60.212: Total time for which application threads were stopped: 0.0005410 seconds, Stopping threads took: 0.0000040 seconds
60.212: Application time: 0.0000430 seconds
60.212: [GC pause (young), 0.0004360 secs]
   [Parallel Time: 0.3 ms, GC Workers: 8]
      [GC Worker Start (ms): Min: 60211.8, Avg: 60211.8, Max: 60211.8, Diff: 0.0]
      [Ext Root Scanning (ms): Min: 0.2, Avg: 0.2, Max: 0.2, Diff: 0.1, Sum: 1.8]
      [SATB Filtering (ms): Min: 0.0, Avg: 0.0, Max: 0.0, Diff: 0.0, Sum: 0.0]
      [Update RS (ms): Min: 0.0, Avg: 0.0, Max: 0.0, Diff: 0.0, Sum: 0.0]
         [Processed Buffers: Min: 0, Avg: 0.1, Max: 1, Diff: 1, Sum: 1]
      [Scan RS (ms): Min: 0.0, Avg: 0.0, Max: 0.0, Diff: 0.0, Sum: 0.0]
      [Code Root Scanning (ms): Min: 0.0, Avg: 0.0, Max: 0.0, Diff: 0.0, Sum: 0.0]
      [Object Copy (ms): Min: 0.0, Avg: 0.0, Max: 0.0, Diff: 0.0, Sum: 0.1]
      [Termination (ms): Min: 0.0, Avg: 0.0, Max: 0.1, Diff: 0.1, Sum: 0.3]
      [GC Worker Other (ms): Min: 0.0, Avg: 0.0, Max: 0.0, Diff: 0.0, Sum: 0.0]
      [GC Worker Total (ms): Min: 0.3, Avg: 0.3, Max: 0.3, Diff: 0.0, Sum: 2.2]
      [GC Worker End (ms): Min: 60212.0, Avg: 60212.0, Max: 60212.1, Diff: 0.0]
   [Code Root Fixup: 0.0 ms]
   [Code Root Migration: 0.0 ms]
   [Clear CT: 0.0 ms]
   [Other: 0.1 ms]
      [Choose CSet: 0.0 ms]
      [Ref Proc: 0.1 ms]
      [Ref Enq: 0.0 ms]
      [Free CSet: 0.0 ms]
   [Eden: 0.0B(1024.0K)->0.0B(1024.0K) Survivors: 0.0B->0.0B Heap: 6785.2K(8192.0K)->6785.2K(8192.0K)]
 [Times: user=0.00 sys=0.00, real=0.00 secs] 
60.212: Total time for which application threads were stopped: 0.0004940 seconds, Stopping threads took: 0.0000050 seconds
60.212: Application time: 0.0000360 seconds
60.212: [GC pause (young), 0.0004320 secs]
   [Parallel Time: 0.3 ms, GC Workers: 8]
      [GC Worker Start (ms): Min: 60212.3, Avg: 60212.3, Max: 60212.3, Diff: 0.0]
      [Ext Root Scanning (ms): Min: 0.2, Avg: 0.2, Max: 0.2, Diff: 0.0, Sum: 1.8]
      [SATB Filtering (ms): Min: 0.0, Avg: 0.0, Max: 0.0, Diff: 0.0, Sum: 0.0]
      [Update RS (ms): Min: 0.0, Avg: 0.0, Max: 0.0, Diff: 0.0, Sum: 0.0]
         [Processed Buffers: Min: 0, Avg: 0.1, Max: 1, Diff: 1, Sum: 1]
      [Scan RS (ms): Min: 0.0, Avg: 0.0, Max: 0.0, Diff: 0.0, Sum: 0.0]
      [Code Root Scanning (ms): Min: 0.0, Avg: 0.0, Max: 0.0, Diff: 0.0, Sum: 0.0]
      [Object Copy (ms): Min: 0.0, Avg: 0.0, Max: 0.0, Diff: 0.0, Sum: 0.1]
      [Termination (ms): Min: 0.0, Avg: 0.0, Max: 0.1, Diff: 0.1, Sum: 0.3]
      [GC Worker Other (ms): Min: 0.0, Avg: 0.0, Max: 0.0, Diff: 0.0, Sum: 0.0]
      [GC Worker Total (ms): Min: 0.3, Avg: 0.3, Max: 0.3, Diff: 0.0, Sum: 2.2]
      [GC Worker End (ms): Min: 60212.6, Avg: 60212.6, Max: 60212.6, Diff: 0.0]
   [Code Root Fixup: 0.0 ms]
   [Code Root Migration: 0.0 ms]
   [Clear CT: 0.0 ms]
   [Other: 0.1 ms]
      [Choose CSet: 0.0 ms]
      [Ref Proc: 0.1 ms]
      [Ref Enq: 0.0 ms]
      [Free CSet: 0.0 ms]
   [Eden: 0.0B(1024.0K)->0.0B(1024.0K) Survivors: 0.0B->0.0B Heap: 6785.2K(8192.0K)->6785.2K(8192.0K)]
 [Times: user=0.00 sys=0.00, real=0.00 secs] 
60.213: Total time for which application threads were stopped: 0.0004920 seconds, Stopping threads took: 0.0000040 seconds
60.213: Application time: 0.0000460 seconds
60.213: [GC pause (young), 0.0004180 secs]
   [Parallel Time: 0.3 ms, GC Workers: 8]
      [GC Worker Start (ms): Min: 60212.8, Avg: 60212.8, Max: 60212.8, Diff: 0.0]
      [Ext Root Scanning (ms): Min: 0.2, Avg: 0.2, Max: 0.2, Diff: 0.0, Sum: 1.8]
      [SATB Filtering (ms): Min: 0.0, Avg: 0.0, Max: 0.0, Diff: 0.0, Sum: 0.0]
      [Update RS (ms): Min: 0.0, Avg: 0.0, Max: 0.0, Diff: 0.0, Sum: 0.0]
         [Processed Buffers: Min: 0, Avg: 0.1, Max: 1, Diff: 1, Sum: 1]
      [Scan RS (ms): Min: 0.0, Avg: 0.0, Max: 0.0, Diff: 0.0, Sum: 0.0]
      [Code Root Scanning (ms): Min: 0.0, Avg: 0.0, Max: 0.0, Diff: 0.0, Sum: 0.0]
      [Object Copy (ms): Min: 0.0, Avg: 0.0, Max: 0.0, Diff: 0.0, Sum: 0.1]
      [Termination (ms): Min: 0.0, Avg: 0.0, Max: 0.1, Diff: 0.1, Sum: 0.3]
      [GC Worker Other (ms): Min: 0.0, Avg: 0.0, Max: 0.0, Diff: 0.0, Sum: 0.0]
      [GC Worker Total (ms): Min: 0.3, Avg: 0.3, Max: 0.3, Diff: 0.0, Sum: 2.2]
      [GC Worker End (ms): Min: 60213.1, Avg: 60213.1, Max: 60213.1, Diff: 0.0]
   [Code Root Fixup: 0.0 ms]
   [Code Root Migration: 0.0 ms]
   [Clear CT: 0.0 ms]
   [Other: 0.1 ms]
      [Choose CSet: 0.0 ms]
      [Ref Proc: 0.1 ms]
      [Ref Enq: 0.0 ms]
      [Free CSet: 0.0 ms]
   [Eden: 0.0B(1024.0K)->0.0B(1024.0K) Survivors: 0.0B->0.0B Heap: 6785.2K(8192.0K)->6785.2K(8192.0K)]
 [Times: user=0.01 sys=0.00, real=0.00 secs] 
60.213: Total time for which application threads were stopped: 0.0004710 seconds, Stopping threads took: 0.0000030 seconds
60.213: Application time: 0.0000360 seconds
60.213: [Full GC 6785K->5568K(8192K), 0.0055480 secs]
   [Eden: 0.0B(1024.0K)->0.0B(1024.0K) Survivors: 0.0B->0.0B Heap: 6785.2K(8192.0K)->5568.4K(8192.0K)], [Perm: 5123K->5123K(20480K)]
 [Times: user=0.00 sys=0.00, real=0.00 secs] 
60.219: Total time for which application threads were stopped: 0.0056070 seconds, Stopping threads took: 0.0000030 seconds
60.219: [GC concurrent-mark-abort]
61.588: Application time: 1.3688720 seconds
61.640: [GC pause (young), 0.0016410 secs]
   [Parallel Time: 1.2 ms, GC Workers: 8]
      [GC Worker Start (ms): Min: 61640.1, Avg: 61640.1, Max: 61640.1, Diff: 0.1]
      [Ext Root Scanning (ms): Min: 0.6, Avg: 0.7, Max: 0.7, Diff: 0.1, Sum: 5.5]
      [Update RS (ms): Min: 0.0, Avg: 0.0, Max: 0.0, Diff: 0.0, Sum: 0.1]
         [Processed Buffers: Min: 0, Avg: 1.0, Max: 2, Diff: 2, Sum: 8]
      [Scan RS (ms): Min: 0.0, Avg: 0.0, Max: 0.0, Diff: 0.0, Sum: 0.0]
      [Code Root Scanning (ms): Min: 0.0, Avg: 0.0, Max: 0.0, Diff: 0.0, Sum: 0.0]
      [Object Copy (ms): Min: 0.1, Avg: 0.1, Max: 0.1, Diff: 0.0, Sum: 0.8]
      [Termination (ms): Min: 0.0, Avg: 0.0, Max: 0.0, Diff: 0.0, Sum: 0.1]
      [GC Worker Other (ms): Min: 0.0, Avg: 0.0, Max: 0.0, Diff: 0.0, Sum: 0.0]
      [GC Worker Total (ms): Min: 0.8, Avg: 0.8, Max: 0.8, Diff: 0.1, Sum: 6.5]
      [GC Worker End (ms): Min: 61640.9, Avg: 61640.9, Max: 61640.9, Diff: 0.0]
   [Code Root Fixup: 0.0 ms]
   [Code Root Migration: 0.0 ms]
   [Clear CT: 0.2 ms]
   [Other: 0.2 ms]
      [Choose CSet: 0.0 ms]
      [Ref Proc: 0.2 ms]
      [Ref Enq: 0.0 ms]
      [Free CSet: 0.0 ms]
   [Eden: 1024.0K(1024.0K)->0.0B(1024.0K) Survivors: 0.0B->1024.0K Heap: 6592.4K(8192.0K)->5792.9K(8192.0K)]
 [Times: user=0.00 sys=0.00, real=0.01 secs] 
61.642: Total time for which application threads were stopped: 0.0539460 seconds, Stopping threads took: 0.0521950 seconds
62.782: Application time: 1.1406030 seconds
62.835: [GC pause (young) (initial-mark) (to-space exhausted), 0.0014390 secs]
   [Parallel Time: 0.9 ms, GC Workers: 8]
      [GC Worker Start (ms): Min: 62834.6, Avg: 62834.6, Max: 62834.7, Diff: 0.1]
      [Ext Root Scanning (ms): Min: 0.3, Avg: 0.4, Max: 0.4, Diff: 0.1, Sum: 3.2]
      [Code Root Marking (ms): Min: 0.0, Avg: 0.0, Max: 0.0, Diff: 0.0, Sum: 0.0]
      [Update RS (ms): Min: 0.0, Avg: 0.0, Max: 0.0, Diff: 0.0, Sum: 0.1]
         [Processed Buffers: Min: 0, Avg: 1.0, Max: 4, Diff: 4, Sum: 8]
      [Scan RS (ms): Min: 0.0, Avg: 0.0, Max: 0.0, Diff: 0.0, Sum: 0.0]
      [Code Root Scanning (ms): Min: 0.0, Avg: 0.0, Max: 0.0, Diff: 0.0, Sum: 0.0]
      [Object Copy (ms): Min: 0.1, Avg: 0.2, Max: 0.2, Diff: 0.1, Sum: 1.4]
      [Termination (ms): Min: 0.0, Avg: 0.0, Max: 0.1, Diff: 0.1, Sum: 0.3]
      [GC Worker Other (ms): Min: 0.0, Avg: 0.0, Max: 0.0, Diff: 0.0, Sum: 0.1]
      [GC Worker Total (ms): Min: 0.6, Avg: 0.6, Max: 0.7, Diff: 0.1, Sum: 5.0]
      [GC Worker End (ms): Min: 62835.3, Avg: 62835.3, Max: 62835.3, Diff: 0.0]
   [Code Root Fixup: 0.0 ms]
   [Code Root Migration: 0.0 ms]
   [Clear CT: 0.2 ms]
   [Other: 0.3 ms]
      [Choose CSet: 0.0 ms]
      [Ref Proc: 0.2 ms]
      [Ref Enq: 0.0 ms]
      [Free CSet: 0.0 ms]
   [Eden: 1024.0K(1024.0K)->0.0B(1024.0K) Survivors: 1024.0K->0.0B Heap: 6816.9K(8192.0K)->6816.9K(8192.0K)]
 [Times: user=0.00 sys=0.00, real=0.00 secs] 
62.836: [GC concurrent-root-region-scan-start]
62.836: [GC concurrent-root-region-scan-end, 0.0000060 secs]
62.836: 62.836: [GC concurrent-mark-start]
Total time for which application threads were stopped: 0.0537070 seconds, Stopping threads took: 0.0521660 seconds
62.836: Application time: 0.0000580 seconds
62.836: [Full GC 6816K->5553K(8192K), 0.0058660 secs]
   [Eden: 0.0B(1024.0K)->0.0B(1024.0K) Survivors: 0.0B->0.0B Heap: 6816.9K(8192.0K)->5553.7K(8192.0K)], [Perm: 5123K->5123K(20480K)]
 [Times: user=0.01 sys=0.00, real=0.01 secs] 
62.842: Total time for which application threads were stopped: 0.0059410 seconds, Stopping threads took: 0.0000190 seconds
62.842: [GC concurrent-mark-abort]
63.873: Application time: 1.0306790 seconds
63.927: [GC pause (young), 0.0011350 secs]
   [Parallel Time: 0.9 ms, GC Workers: 8]
      [GC Worker Start (ms): Min: 63927.5, Avg: 63927.5, Max: 63927.5, Diff: 0.1]
      [Ext Root Scanning (ms): Min: 0.7, Avg: 0.7, Max: 0.7, Diff: 0.1, Sum: 5.4]
      [Update RS (ms): Min: 0.0, Avg: 0.0, Max: 0.0, Diff: 0.0, Sum: 0.1]
         [Processed Buffers: Min: 0, Avg: 1.0, Max: 3, Diff: 3, Sum: 8]
      [Scan RS (ms): Min: 0.0, Avg: 0.0, Max: 0.0, Diff: 0.0, Sum: 0.0]
      [Code Root Scanning (ms): Min: 0.0, Avg: 0.0, Max: 0.0, Diff: 0.0, Sum: 0.0]
      [Object Copy (ms): Min: 0.0, Avg: 0.1, Max: 0.1, Diff: 0.1, Sum: 0.7]
      [Termination (ms): Min: 0.0, Avg: 0.0, Max: 0.0, Diff: 0.0, Sum: 0.1]
      [GC Worker Other (ms): Min: 0.0, Avg: 0.0, Max: 0.0, Diff: 0.0, Sum: 0.0]
      [GC Worker Total (ms): Min: 0.7, Avg: 0.8, Max: 0.8, Diff: 0.1, Sum: 6.3]
      [GC Worker End (ms): Min: 63928.3, Avg: 63928.3, Max: 63928.3, Diff: 0.0]
   [Code Root Fixup: 0.0 ms]
   [Code Root Migration: 0.0 ms]
   [Clear CT: 0.1 ms]
   [Other: 0.1 ms]
      [Choose CSet: 0.0 ms]
      [Ref Proc: 0.1 ms]
      [Ref Enq: 0.0 ms]
      [Free CSet: 0.0 ms]
   [Eden: 1024.0K(1024.0K)->0.0B(1024.0K) Survivors: 0.0B->1024.0K Heap: 6577.7K(8192.0K)->5776.2K(8192.0K)]
 [Times: user=0.01 sys=0.00, real=0.00 secs] 
63.929: Total time for which application threads were stopped: 0.0559140 seconds, Stopping threads took: 0.0546740 seconds
65.354: Application time: 1.4253530 seconds
65.408: [GC pause (young) (initial-mark) (to-space exhausted), 0.0010020 secs]
   [Parallel Time: 0.7 ms, GC Workers: 8]
      [GC Worker Start (ms): Min: 65408.4, Avg: 65408.4, Max: 65408.5, Diff: 0.0]
      [Ext Root Scanning (ms): Min: 0.4, Avg: 0.4, Max: 0.4, Diff: 0.1, Sum: 3.2]
      [Code Root Marking (ms): Min: 0.0, Avg: 0.0, Max: 0.0, Diff: 0.0, Sum: 0.0]
      [Update RS (ms): Min: 0.0, Avg: 0.0, Max: 0.0, Diff: 0.0, Sum: 0.0]
         [Processed Buffers: Min: 0, Avg: 0.8, Max: 4, Diff: 4, Sum: 6]
      [Scan RS (ms): Min: 0.0, Avg: 0.0, Max: 0.0, Diff: 0.0, Sum: 0.0]
      [Code Root Scanning (ms): Min: 0.0, Avg: 0.0, Max: 0.0, Diff: 0.0, Sum: 0.0]
      [Object Copy (ms): Min: 0.1, Avg: 0.2, Max: 0.2, Diff: 0.1, Sum: 1.3]
      [Termination (ms): Min: 0.0, Avg: 0.0, Max: 0.1, Diff: 0.1, Sum: 0.3]
      [GC Worker Other (ms): Min: 0.0, Avg: 0.0, Max: 0.0, Diff: 0.0, Sum: 0.0]
      [GC Worker Total (ms): Min: 0.6, Avg: 0.6, Max: 0.6, Diff: 0.1, Sum: 5.0]
      [GC Worker End (ms): Min: 65409.0, Avg: 65409.1, Max: 65409.1, Diff: 0.0]
   [Code Root Fixup: 0.0 ms]
   [Code Root Migration: 0.0 ms]
   [Clear CT: 0.0 ms]
   [Other: 0.3 ms]
      [Choose CSet: 0.0 ms]
      [Ref Proc: 0.1 ms]
      [Ref Enq: 0.0 ms]
      [Free CSet: 0.0 ms]
   [Eden: 1024.0K(1024.0K)->0.0B(1024.0K) Survivors: 1024.0K->0.0B Heap: 6800.2K(8192.0K)->6800.2K(8192.0K)]
 [Times: user=0.00 sys=0.00, real=0.01 secs] 
65.409: [GC concurrent-root-region-scan-start]
65.409: 65.409: Total time for which application threads were stopped: 0.0554450 seconds, Stopping threads took: 0.0543380 seconds
[GC concurrent-root-region-scan-end, 0.0000050 secs]
65.409: [GC concurrent-mark-start]
65.410: Application time: 0.0000620 seconds
65.410: [GC pause (young), 0.0005100 secs]
   [Parallel Time: 0.4 ms, GC Workers: 8]
      [GC Worker Start (ms): Min: 65409.5, Avg: 65409.6, Max: 65409.6, Diff: 0.0]
      [Ext Root Scanning (ms): Min: 0.2, Avg: 0.3, Max: 0.3, Diff: 0.1, Sum: 2.2]
      [Update RS (ms): Min: 0.0, Avg: 0.0, Max: 0.0, Diff: 0.0, Sum: 0.1]
         [Processed Buffers: Min: 0, Avg: 1.6, Max: 5, Diff: 5, Sum: 13]
      [Scan RS (ms): Min: 0.0, Avg: 0.0, Max: 0.0, Diff: 0.0, Sum: 0.0]
      [Code Root Scanning (ms): Min: 0.0, Avg: 0.0, Max: 0.0, Diff: 0.0, Sum: 0.0]
      [Object Copy (ms): Min: 0.0, Avg: 0.0, Max: 0.0, Diff: 0.0, Sum: 0.1]
      [Termination (ms): Min: 0.0, Avg: 0.0, Max: 0.0, Diff: 0.0, Sum: 0.2]
      [GC Worker Other (ms): Min: 0.0, Avg: 0.0, Max: 0.0, Diff: 0.0, Sum: 0.0]
      [GC Worker Total (ms): Min: 0.3, Avg: 0.3, Max: 0.3, Diff: 0.0, Sum: 2.6]
      [GC Worker End (ms): Min: 65409.9, Avg: 65409.9, Max: 65409.9, Diff: 0.0]
   [Code Root Fixup: 0.0 ms]
   [Code Root Migration: 0.0 ms]
   [Clear CT: 0.1 ms]
   [Other: 0.1 ms]
      [Choose CSet: 0.0 ms]
      [Ref Proc: 0.0 ms]
      [Ref Enq: 0.0 ms]
      [Free CSet: 0.0 ms]
   [Eden: 0.0B(1024.0K)->0.0B(1024.0K) Survivors: 0.0B->0.0B Heap: 6800.2K(8192.0K)->6800.2K(8192.0K)]
 [Times: user=0.01 sys=0.00, real=0.00 secs] 
65.410: Total time for which application threads were stopped: 0.0005750 seconds, Stopping threads took: 0.0000060 seconds
65.410: Application time: 0.0000390 seconds
65.410: [GC pause (young), 0.0004390 secs]
   [Parallel Time: 0.3 ms, GC Workers: 8]
      [GC Worker Start (ms): Min: 65410.1, Avg: 65410.2, Max: 65410.2, Diff: 0.0]
      [Ext Root Scanning (ms): Min: 0.2, Avg: 0.2, Max: 0.3, Diff: 0.1, Sum: 1.9]
      [SATB Filtering (ms): Min: 0.0, Avg: 0.0, Max: 0.0, Diff: 0.0, Sum: 0.0]
      [Update RS (ms): Min: 0.0, Avg: 0.0, Max: 0.0, Diff: 0.0, Sum: 0.0]
         [Processed Buffers: Min: 0, Avg: 0.1, Max: 1, Diff: 1, Sum: 1]
      [Scan RS (ms): Min: 0.0, Avg: 0.0, Max: 0.0, Diff: 0.0, Sum: 0.0]
      [Code Root Scanning (ms): Min: 0.0, Avg: 0.0, Max: 0.0, Diff: 0.0, Sum: 0.0]
      [Object Copy (ms): Min: 0.0, Avg: 0.0, Max: 0.0, Diff: 0.0, Sum: 0.1]
      [Termination (ms): Min: 0.0, Avg: 0.0, Max: 0.1, Diff: 0.1, Sum: 0.2]
      [GC Worker Other (ms): Min: -0.0, Avg: 0.0, Max: 0.0, Diff: 0.0, Sum: 0.0]
      [GC Worker Total (ms): Min: 0.3, Avg: 0.3, Max: 0.3, Diff: 0.0, Sum: 2.3]
      [GC Worker End (ms): Min: 65410.4, Avg: 65410.4, Max: 65410.5, Diff: 0.0]
   [Code Root Fixup: 0.0 ms]
   [Code Root Migration: 0.0 ms]
   [Clear CT: 0.1 ms]
   [Other: 0.1 ms]
      [Choose CSet: 0.0 ms]
      [Ref Proc: 0.0 ms]
      [Ref Enq: 0.0 ms]
      [Free CSet: 0.0 ms]
   [Eden: 0.0B(1024.0K)->0.0B(1024.0K) Survivors: 0.0B->0.0B Heap: 6800.2K(8192.0K)->6800.2K(8192.0K)]
 [Times: user=0.00 sys=0.00, real=0.00 secs] 
65.411: Total time for which application threads were stopped: 0.0005010 seconds, Stopping threads took: 0.0000040 seconds
65.411: Application time: 0.0000450 seconds
65.411: [Full GC 6800K->5555K(8192K), 0.0053190 secs]
   [Eden: 0.0B(1024.0K)->0.0B(1024.0K) Survivors: 0.0B->0.0B Heap: 6800.2K(8192.0K)->5555.2K(8192.0K)], [Perm: 5124K->5124K(20480K)]
 [Times: user=0.01 sys=0.00, real=0.00 secs] 
65.416: Total time for which application threads were stopped: 0.0053790 seconds, Stopping threads took: 0.0000030 seconds
65.416: [GC concurrent-mark-abort]
66.561: Application time: 1.1445160 seconds
66.614: [GC pause (young), 0.0016920 secs]
   [Parallel Time: 0.9 ms, GC Workers: 8]
      [GC Worker Start (ms): Min: 66614.2, Avg: 66614.2, Max: 66614.3, Diff: 0.1]
      [Ext Root Scanning (ms): Min: 0.6, Avg: 0.7, Max: 0.7, Diff: 0.1, Sum: 5.4]
      [Update RS (ms): Min: 0.0, Avg: 0.0, Max: 0.0, Diff: 0.0, Sum: 0.1]
         [Processed Buffers: Min: 0, Avg: 0.9, Max: 2, Diff: 2, Sum: 7]
      [Scan RS (ms): Min: 0.0, Avg: 0.0, Max: 0.0, Diff: 0.0, Sum: 0.0]
      [Code Root Scanning (ms): Min: 0.0, Avg: 0.0, Max: 0.0, Diff: 0.0, Sum: 0.0]
      [Object Copy (ms): Min: 0.1, Avg: 0.1, Max: 0.1, Diff: 0.0, Sum: 0.8]
      [Termination (ms): Min: 0.0, Avg: 0.0, Max: 0.0, Diff: 0.0, Sum: 0.1]
      [GC Worker Other (ms): Min: 0.0, Avg: 0.0, Max: 0.0, Diff: 0.0, Sum: 0.1]
      [GC Worker Total (ms): Min: 0.8, Avg: 0.8, Max: 0.8, Diff: 0.1, Sum: 6.3]
      [GC Worker End (ms): Min: 66615.0, Avg: 66615.0, Max: 66615.0, Diff: 0.0]
   [Code Root Fixup: 0.0 ms]
   [Code Root Migration: 0.0 ms]
   [Clear CT: 0.7 ms]
   [Other: 0.2 ms]
      [Choose CSet: 0.0 ms]
      [Ref Proc: 0.1 ms]
      [Ref Enq: 0.0 ms]
      [Free CSet: 0.0 ms]
   [Eden: 1024.0K(1024.0K)->0.0B(1024.0K) Survivors: 0.0B->1024.0K Heap: 6579.2K(8192.0K)->5795.7K(8192.0K)]
 [Times: user=0.01 sys=0.00, real=0.00 secs] 
66.616: Total time for which application threads were stopped: 0.0553370 seconds, Stopping threads took: 0.0535400 seconds
67.700: Application time: 1.0843880 seconds
67.757: [GC pause (young) (initial-mark) (to-space exhausted), 0.0012850 secs]
   [Parallel Time: 0.8 ms, GC Workers: 8]
      [GC Worker Start (ms): Min: 67756.9, Avg: 67757.0, Max: 67757.0, Diff: 0.1]
      [Ext Root Scanning (ms): Min: 0.3, Avg: 0.4, Max: 0.5, Diff: 0.2, Sum: 3.2]
      [Code Root Marking (ms): Min: 0.0, Avg: 0.0, Max: 0.0, Diff: 0.0, Sum: 0.0]
      [Update RS (ms): Min: 0.0, Avg: 0.0, Max: 0.0, Diff: 0.0, Sum: 0.1]
         [Processed Buffers: Min: 0, Avg: 0.9, Max: 2, Diff: 2, Sum: 7]
      [Scan RS (ms): Min: 0.0, Avg: 0.0, Max: 0.0, Diff: 0.0, Sum: 0.0]
      [Code Root Scanning (ms): Min: 0.0, Avg: 0.0, Max: 0.0, Diff: 0.0, Sum: 0.0]
      [Object Copy (ms): Min: 0.1, Avg: 0.2, Max: 0.2, Diff: 0.1, Sum: 1.4]
      [Termination (ms): Min: 0.0, Avg: 0.0, Max: 0.1, Diff: 0.1, Sum: 0.2]
      [GC Worker Other (ms): Min: 0.0, Avg: 0.0, Max: 0.0, Diff: 0.0, Sum: 0.0]
      [GC Worker Total (ms): Min: 0.6, Avg: 0.6, Max: 0.7, Diff: 0.1, Sum: 5.0]
      [GC Worker End (ms): Min: 67757.6, Avg: 67757.6, Max: 67757.6, Diff: 0.0]
   [Code Root Fixup: 0.0 ms]
   [Code Root Migration: 0.0 ms]
   [Clear CT: 0.2 ms]
   [Other: 0.4 ms]
      [Choose CSet: 0.0 ms]
      [Ref Proc: 0.2 ms]
      [Ref Enq: 0.0 ms]
      [Free CSet: 0.0 ms]
   [Eden: 1024.0K(1024.0K)->0.0B(1024.0K) Survivors: 1024.0K->0.0B Heap: 6819.7K(8192.0K)->6819.7K(8192.0K)]
 [Times: user=0.01 sys=0.00, real=0.00 secs] 
67.758: [GC concurrent-root-region-scan-start]
67.758: 67.758: [GC concurrent-root-region-scan-end, 0.0000040 secs]
Total time for which application threads were stopped: 0.0579300 seconds, Stopping threads took: 0.0565300 seconds
67.758: [GC concurrent-mark-start]
67.758: Application time: 0.0000700 seconds
67.758: [GC pause (young), 0.0004950 secs]
   [Parallel Time: 0.4 ms, GC Workers: 8]
      [GC Worker Start (ms): Min: 67758.3, Avg: 67758.3, Max: 67758.4, Diff: 0.0]
      [Ext Root Scanning (ms): Min: 0.2, Avg: 0.3, Max: 0.3, Diff: 0.1, Sum: 2.2]
      [SATB Filtering (ms): Min: 0.0, Avg: 0.0, Max: 0.0, Diff: 0.0, Sum: 0.0]
      [Update RS (ms): Min: 0.0, Avg: 0.0, Max: 0.0, Diff: 0.0, Sum: 0.1]
         [Processed Buffers: Min: 0, Avg: 1.8, Max: 6, Diff: 6, Sum: 14]
      [Scan RS (ms): Min: 0.0, Avg: 0.0, Max: 0.0, Diff: 0.0, Sum: 0.0]
      [Code Root Scanning (ms): Min: 0.0, Avg: 0.0, Max: 0.0, Diff: 0.0, Sum: 0.0]
      [Object Copy (ms): Min: 0.0, Avg: 0.0, Max: 0.0, Diff: 0.0, Sum: 0.1]
      [Termination (ms): Min: 0.0, Avg: 0.0, Max: 0.1, Diff: 0.1, Sum: 0.3]
      [GC Worker Other (ms): Min: 0.0, Avg: 0.0, Max: 0.0, Diff: 0.0, Sum: 0.0]
      [GC Worker Total (ms): Min: 0.3, Avg: 0.3, Max: 0.4, Diff: 0.0, Sum: 2.7]
      [GC Worker End (ms): Min: 67758.7, Avg: 67758.7, Max: 67758.7, Diff: 0.0]
   [Code Root Fixup: 0.0 ms]
   [Code Root Migration: 0.0 ms]
   [Clear CT: 0.0 ms]
   [Other: 0.1 ms]
      [Choose CSet: 0.0 ms]
      [Ref Proc: 0.1 ms]
      [Ref Enq: 0.0 ms]
      [Free CSet: 0.0 ms]
   [Eden: 0.0B(1024.0K)->0.0B(1024.0K) Survivors: 0.0B->0.0B Heap: 6819.7K(8192.0K)->6819.7K(8192.0K)]
 [Times: user=0.00 sys=0.00, real=0.00 secs] 
67.759: Total time for which application threads were stopped: 0.0005570 seconds, Stopping threads took: 0.0000060 seconds
67.759: Application time: 0.0000360 seconds
67.759: [GC pause (young), 0.0005740 secs]
   [Parallel Time: 0.4 ms, GC Workers: 8]
      [GC Worker Start (ms): Min: 67758.9, Avg: 67759.0, Max: 67759.3, Diff: 0.4]
      [Ext Root Scanning (ms): Min: 0.0, Avg: 0.2, Max: 0.3, Diff: 0.3, Sum: 1.7]
      [Update RS (ms): Min: 0.0, Avg: 0.0, Max: 0.0, Diff: 0.0, Sum: 0.0]
         [Processed Buffers: Min: 0, Avg: 0.1, Max: 1, Diff: 1, Sum: 1]
      [Scan RS (ms): Min: 0.0, Avg: 0.0, Max: 0.0, Diff: 0.0, Sum: 0.0]
      [Code Root Scanning (ms): Min: 0.0, Avg: 0.0, Max: 0.0, Diff: 0.0, Sum: 0.0]
      [Object Copy (ms): Min: 0.0, Avg: 0.0, Max: 0.0, Diff: 0.0, Sum: 0.1]
      [Termination (ms): Min: 0.0, Avg: 0.1, Max: 0.1, Diff: 0.1, Sum: 0.7]
      [GC Worker Other (ms): Min: -0.0, Avg: 0.0, Max: 0.0, Diff: 0.0, Sum: 0.0]
      [GC Worker Total (ms): Min: 0.0, Avg: 0.3, Max: 0.4, Diff: 0.4, Sum: 2.6]
      [GC Worker End (ms): Min: 67759.3, Avg: 67759.3, Max: 67759.3, Diff: 0.0]
   [Code Root Fixup: 0.0 ms]
   [Code Root Migration: 0.0 ms]
   [Clear CT: 0.0 ms]
   [Other: 0.1 ms]
      [Choose CSet: 0.0 ms]
      [Ref Proc: 0.1 ms]
      [Ref Enq: 0.0 ms]
      [Free CSet: 0.0 ms]
   [Eden: 0.0B(1024.0K)->0.0B(1024.0K) Survivors: 0.0B->0.0B Heap: 6819.7K(8192.0K)->6819.7K(8192.0K)]
 [Times: user=0.00 sys=0.00, real=0.00 secs] 
67.760: Total time for which application threads were stopped: 0.0006250 seconds, Stopping threads took: 0.0000040 seconds
67.760: Application time: 0.0000430 seconds
67.760: [Full GC 6819K->5573K(8192K), 0.0055400 secs]
   [Eden: 0.0B(1024.0K)->0.0B(1024.0K) Survivors: 0.0B->0.0B Heap: 6819.7K(8192.0K)->5573.1K(8192.0K)], [Perm: 5124K->5124K(20480K)]
 [Times: user=0.01 sys=0.00, real=0.01 secs] 
67.765: Total time for which application threads were stopped: 0.0055960 seconds, Stopping threads took: 0.0000030 seconds
67.765: [GC concurrent-mark-abort]
69.137: Application time: 1.3713550 seconds
69.193: [GC pause (young), 0.0014840 secs]
   [Parallel Time: 1.0 ms, GC Workers: 8]
      [GC Worker Start (ms): Min: 69193.2, Avg: 69193.2, Max: 69193.3, Diff: 0.1]
      [Ext Root Scanning (ms): Min: 0.7, Avg: 0.7, Max: 0.7, Diff: 0.1, Sum: 5.5]
      [Update RS (ms): Min: 0.0, Avg: 0.0, Max: 0.0, Diff: 0.0, Sum: 0.1]
         [Processed Buffers: Min: 0, Avg: 1.0, Max: 2, Diff: 2, Sum: 8]
      [Scan RS (ms): Min: 0.0, Avg: 0.0, Max: 0.0, Diff: 0.0, Sum: 0.0]
      [Code Root Scanning (ms): Min: 0.0, Avg: 0.0, Max: 0.0, Diff: 0.0, Sum: 0.0]
      [Object Copy (ms): Min: 0.0, Avg: 0.1, Max: 0.1, Diff: 0.1, Sum: 0.7]
      [Termination (ms): Min: 0.0, Avg: 0.0, Max: 0.0, Diff: 0.0, Sum: 0.0]
      [GC Worker Other (ms): Min: 0.0, Avg: 0.0, Max: 0.0, Diff: 0.0, Sum: 0.0]
      [GC Worker Total (ms): Min: 0.8, Avg: 0.8, Max: 0.8, Diff: 0.1, Sum: 6.4]
      [GC Worker End (ms): Min: 69194.0, Avg: 69194.0, Max: 69194.0, Diff: 0.0]
   [Code Root Fixup: 0.0 ms]
   [Code Root Migration: 0.0 ms]
   [Clear CT: 0.2 ms]
   [Other: 0.3 ms]
      [Choose CSet: 0.0 ms]
      [Ref Proc: 0.2 ms]
      [Ref Enq: 0.0 ms]
      [Free CSet: 0.0 ms]
   [Eden: 1024.0K(1024.0K)->0.0B(1024.0K) Survivors: 0.0B->1024.0K Heap: 6597.1K(8192.0K)->5819.6K(8192.0K)]
 [Times: user=0.01 sys=0.00, real=0.00 secs] 
69.195: Total time for which application threads were stopped: 0.0582050 seconds, Stopping threads took: 0.0566110 seconds
70.332: Application time: 1.1375550 seconds
70.387: [GC pause (young) (initial-mark) (to-space exhausted), 0.0011700 secs]
   [Parallel Time: 0.8 ms, GC Workers: 8]
      [GC Worker Start (ms): Min: 70386.8, Avg: 70386.8, Max: 70386.9, Diff: 0.1]
      [Ext Root Scanning (ms): Min: 0.4, Avg: 0.4, Max: 0.5, Diff: 0.1, Sum: 3.2]
      [Code Root Marking (ms): Min: 0.0, Avg: 0.0, Max: 0.0, Diff: 0.0, Sum: 0.0]
      [Update RS (ms): Min: 0.0, Avg: 0.0, Max: 0.0, Diff: 0.0, Sum: 0.1]
         [Processed Buffers: Min: 0, Avg: 0.9, Max: 2, Diff: 2, Sum: 7]
      [Scan RS (ms): Min: 0.0, Avg: 0.0, Max: 0.0, Diff: 0.0, Sum: 0.0]
      [Code Root Scanning (ms): Min: 0.0, Avg: 0.0, Max: 0.0, Diff: 0.0, Sum: 0.0]
      [Object Copy (ms): Min: 0.1, Avg: 0.2, Max: 0.2, Diff: 0.1, Sum: 1.6]
      [Termination (ms): Min: 0.0, Avg: 0.0, Max: 0.1, Diff: 0.1, Sum: 0.3]
      [GC Worker Other (ms): Min: 0.0, Avg: 0.0, Max: 0.0, Diff: 0.0, Sum: 0.0]
      [GC Worker Total (ms): Min: 0.6, Avg: 0.6, Max: 0.7, Diff: 0.1, Sum: 5.2]
      [GC Worker End (ms): Min: 70387.5, Avg: 70387.5, Max: 70387.5, Diff: 0.0]
   [Code Root Fixup: 0.0 ms]
   [Code Root Migration: 0.0 ms]
   [Clear CT: 0.1 ms]
   [Other: 0.3 ms]
      [Choose CSet: 0.0 ms]
      [Ref Proc: 0.1 ms]
      [Ref Enq: 0.0 ms]
      [Free CSet: 0.0 ms]
   [Eden: 1024.0K(1024.0K)->0.0B(1024.0K) Survivors: 1024.0K->0.0B Heap: 6843.6K(8192.0K)->6843.6K(8192.0K)]
 [Times: user=0.01 sys=0.00, real=0.00 secs] 
70.388: [GC concurrent-root-region-scan-start]
70.388: 70.388: [GC concurrent-root-region-scan-end, 0.0000040 secs]
70.388: Total time for which application threads were stopped: 0.0557340 seconds, Stopping threads took: 0.0544620 seconds
[GC concurrent-mark-start]
70.388: Application time: 0.0000590 seconds
70.388: [GC pause (young), 0.0004940 secs]
   [Parallel Time: 0.4 ms, GC Workers: 8]
      [GC Worker Start (ms): Min: 70388.1, Avg: 70388.1, Max: 70388.1, Diff: 0.0]
      [Ext Root Scanning (ms): Min: 0.2, Avg: 0.3, Max: 0.3, Diff: 0.1, Sum: 2.2]
      [SATB Filtering (ms): Min: 0.0, Avg: 0.0, Max: 0.0, Diff: 0.0, Sum: 0.0]
      [Update RS (ms): Min: 0.0, Avg: 0.0, Max: 0.1, Diff: 0.1, Sum: 0.1]
         [Processed Buffers: Min: 0, Avg: 1.6, Max: 12, Diff: 12, Sum: 13]
      [Scan RS (ms): Min: 0.0, Avg: 0.0, Max: 0.0, Diff: 0.0, Sum: 0.0]
      [Code Root Scanning (ms): Min: 0.0, Avg: 0.0, Max: 0.0, Diff: 0.0, Sum: 0.0]
      [Object Copy (ms): Min: 0.0, Avg: 0.0, Max: 0.0, Diff: 0.0, Sum: 0.1]
      [Termination (ms): Min: 0.0, Avg: 0.0, Max: 0.0, Diff: 0.0, Sum: 0.3]
      [GC Worker Other (ms): Min: 0.0, Avg: 0.0, Max: 0.0, Diff: 0.0, Sum: 0.0]
      [GC Worker Total (ms): Min: 0.3, Avg: 0.3, Max: 0.3, Diff: 0.0, Sum: 2.7]
      [GC Worker End (ms): Min: 70388.4, Avg: 70388.4, Max: 70388.5, Diff: 0.0]
   [Code Root Fixup: 0.0 ms]
   [Code Root Migration: 0.0 ms]
   [Clear CT: 0.0 ms]
   [Other: 0.1 ms]
      [Choose CSet: 0.0 ms]
      [Ref Proc: 0.1 ms]
      [Ref Enq: 0.0 ms]
      [Free CSet: 0.0 ms]
   [Eden: 0.0B(1024.0K)->0.0B(1024.0K) Survivors: 0.0B->0.0B Heap: 6843.6K(8192.0K)->6843.6K(8192.0K)]
 [Times: user=0.00 sys=0.00, real=0.00 secs] 
70.389: Total time for which application threads were stopped: 0.0005620 seconds, Stopping threads took: 0.0000060 seconds
70.389: Application time: 0.0000360 seconds
70.389: [GC pause (young), 0.0005410 secs]
   [Parallel Time: 0.4 ms, GC Workers: 8]
      [GC Worker Start (ms): Min: 70388.7, Avg: 70388.7, Max: 70389.0, Diff: 0.3]
      [Ext Root Scanning (ms): Min: 0.0, Avg: 0.2, Max: 0.3, Diff: 0.3, Sum: 1.7]
      [Update RS (ms): Min: 0.0, Avg: 0.0, Max: 0.0, Diff: 0.0, Sum: 0.0]
         [Processed Buffers: Min: 0, Avg: 0.1, Max: 1, Diff: 1, Sum: 1]
      [Scan RS (ms): Min: 0.0, Avg: 0.0, Max: 0.0, Diff: 0.0, Sum: 0.0]
      [Code Root Scanning (ms): Min: 0.0, Avg: 0.0, Max: 0.0, Diff: 0.0, Sum: 0.0]
      [Object Copy (ms): Min: 0.0, Avg: 0.0, Max: 0.0, Diff: 0.0, Sum: 0.1]
      [Termination (ms): Min: 0.0, Avg: 0.1, Max: 0.1, Diff: 0.1, Sum: 0.5]
      [GC Worker Other (ms): Min: 0.0, Avg: 0.0, Max: 0.0, Diff: 0.0, Sum: 0.0]
      [GC Worker Total (ms): Min: 0.0, Avg: 0.3, Max: 0.3, Diff: 0.3, Sum: 2.3]
      [GC Worker End (ms): Min: 70389.0, Avg: 70389.0, Max: 70389.1, Diff: 0.0]
   [Code Root Fixup: 0.0 ms]
   [Code Root Migration: 0.0 ms]
   [Clear CT: 0.0 ms]
   [Other: 0.1 ms]
      [Choose CSet: 0.0 ms]
      [Ref Proc: 0.1 ms]
      [Ref Enq: 0.0 ms]
      [Free CSet: 0.0 ms]
   [Eden: 0.0B(1024.0K)->0.0B(1024.0K) Survivors: 0.0B->0.0B Heap: 6843.6K(8192.0K)->6843.6K(8192.0K)]
 [Times: user=0.00 sys=0.00, real=0.00 secs] 
70.389: Total time for which application threads were stopped: 0.0005910 seconds, Stopping threads took: 0.0000030 seconds
70.389: Application time: 0.0000420 seconds
70.389: [Full GC 6843K->5558K(8192K), 0.0053150 secs]
   [Eden: 0.0B(1024.0K)->0.0B(1024.0K) Survivors: 0.0B->0.0B Heap: 6843.6K(8192.0K)->5558.3K(8192.0K)], [Perm: 5124K->5124K(20480K)]
 [Times: user=0.01 sys=0.00, real=0.01 secs] 
70.395: Total time for which application threads were stopped: 0.0053780 seconds, Stopping threads took: 0.0000040 seconds
70.395: [GC concurrent-mark-abort]
71.431: Application time: 1.0363680 seconds
71.482: [GC pause (young), 0.0012650 secs]
   [Parallel Time: 1.0 ms, GC Workers: 8]
      [GC Worker Start (ms): Min: 71482.1, Avg: 71482.1, Max: 71482.2, Diff: 0.1]
      [Ext Root Scanning (ms): Min: 0.6, Avg: 0.7, Max: 0.7, Diff: 0.1, Sum: 5.4]
      [Update RS (ms): Min: 0.0, Avg: 0.0, Max: 0.0, Diff: 0.0, Sum: 0.1]
         [Processed Buffers: Min: 0, Avg: 1.0, Max: 3, Diff: 3, Sum: 8]
      [Scan RS (ms): Min: 0.0, Avg: 0.0, Max: 0.0, Diff: 0.0, Sum: 0.0]
      [Code Root Scanning (ms): Min: 0.0, Avg: 0.0, Max: 0.0, Diff: 0.0, Sum: 0.0]
      [Object Copy (ms): Min: 0.1, Avg: 0.1, Max: 0.1, Diff: 0.0, Sum: 0.7]
      [Termination (ms): Min: 0.0, Avg: 0.0, Max: 0.0, Diff: 0.0, Sum: 0.1]
      [GC Worker Other (ms): Min: 0.0, Avg: 0.0, Max: 0.0, Diff: 0.0, Sum: 0.0]
      [GC Worker Total (ms): Min: 0.8, Avg: 0.8, Max: 0.8, Diff: 0.1, Sum: 6.4]
      [GC Worker End (ms): Min: 71482.9, Avg: 71482.9, Max: 71482.9, Diff: 0.0]
   [Code Root Fixup: 0.0 ms]
   [Code Root Migration: 0.0 ms]
   [Clear CT: 0.2 ms]
   [Other: 0.1 ms]
      [Choose CSet: 0.0 ms]
      [Ref Proc: 0.1 ms]
      [Ref Enq: 0.0 ms]
      [Free CSet: 0.0 ms]
   [Eden: 1024.0K(1024.0K)->0.0B(1024.0K) Survivors: 0.0B->1024.0K Heap: 6582.3K(8192.0K)->5782.8K(8192.0K)]
 [Times: user=0.01 sys=0.00, real=0.00 secs] 
71.483: Total time for which application threads were stopped: 0.0523350 seconds, Stopping threads took: 0.0509700 seconds
72.915: Application time: 1.4315960 seconds
72.967: [GC pause (young) (initial-mark) (to-space exhausted), 0.0010100 secs]
   [Parallel Time: 0.7 ms, GC Workers: 8]
      [GC Worker Start (ms): Min: 72967.4, Avg: 72967.4, Max: 72967.4, Diff: 0.1]
      [Ext Root Scanning (ms): Min: 0.3, Avg: 0.4, Max: 0.5, Diff: 0.1, Sum: 3.3]
      [Code Root Marking (ms): Min: 0.0, Avg: 0.0, Max: 0.0, Diff: 0.0, Sum: 0.0]
      [Update RS (ms): Min: 0.0, Avg: 0.0, Max: 0.0, Diff: 0.0, Sum: 0.0]
         [Processed Buffers: Min: 0, Avg: 0.9, Max: 2, Diff: 2, Sum: 7]
      [Scan RS (ms): Min: 0.0, Avg: 0.0, Max: 0.0, Diff: 0.0, Sum: 0.0]
      [Code Root Scanning (ms): Min: 0.0, Avg: 0.0, Max: 0.0, Diff: 0.0, Sum: 0.0]
      [Object Copy (ms): Min: 0.1, Avg: 0.2, Max: 0.2, Diff: 0.1, Sum: 1.5]
      [Termination (ms): Min: 0.0, Avg: 0.0, Max: 0.1, Diff: 0.1, Sum: 0.2]
      [GC Worker Other (ms): Min: 0.0, Avg: 0.0, Max: 0.0, Diff: 0.0, Sum: 0.0]
      [GC Worker Total (ms): Min: 0.6, Avg: 0.6, Max: 0.7, Diff: 0.1, Sum: 5.1]
      [GC Worker End (ms): Min: 72968.0, Avg: 72968.0, Max: 72968.0, Diff: 0.0]
   [Code Root Fixup: 0.0 ms]
   [Code Root Migration: 0.0 ms]
   [Clear CT: 0.0 ms]
   [Other: 0.2 ms]
      [Choose CSet: 0.0 ms]
      [Ref Proc: 0.1 ms]
      [Ref Enq: 0.0 ms]
      [Free CSet: 0.0 ms]
   [Eden: 1024.0K(1024.0K)->0.0B(1024.0K) Survivors: 1024.0K->0.0B Heap: 6806.8K(8192.0K)->6806.8K(8192.0K)]
 [Times: user=0.01 sys=0.00, real=0.01 secs] 
72.970: [GC concurrent-root-region-scan-start]
72.970: [GC concurrent-root-region-scan-end, 0.0000060 secs]
72.970: [GC concurrent-mark-start]
72.970: Total time for which application threads were stopped: 0.0549880 seconds, Stopping threads took: 0.0522990 seconds
72.970: Application time: 0.0000630 seconds
72.970: [Full GC 6806K->5559K(8192K), 0.0058080 secs]
   [Eden: 0.0B(1024.0K)->0.0B(1024.0K) Survivors: 0.0B->0.0B Heap: 6806.8K(8192.0K)->5559.9K(8192.0K)], [Perm: 5124K->5124K(20480K)]
 [Times: user=0.00 sys=0.01, real=0.00 secs] 
72.976: Total time for which application threads were stopped: 0.0058770 seconds, Stopping threads took: 0.0000060 seconds
72.976: [GC concurrent-mark-abort]
74.118: Application time: 1.1419640 seconds
74.172: [GC pause (young), 0.0011220 secs]
   [Parallel Time: 0.9 ms, GC Workers: 8]
      [GC Worker Start (ms): Min: 74172.2, Avg: 74172.3, Max: 74172.3, Diff: 0.1]
      [Ext Root Scanning (ms): Min: 0.6, Avg: 0.7, Max: 0.7, Diff: 0.1, Sum: 5.4]
      [Update RS (ms): Min: 0.0, Avg: 0.0, Max: 0.0, Diff: 0.0, Sum: 0.1]
         [Processed Buffers: Min: 0, Avg: 1.0, Max: 2, Diff: 2, Sum: 8]
      [Scan RS (ms): Min: 0.0, Avg: 0.0, Max: 0.0, Diff: 0.0, Sum: 0.0]
      [Code Root Scanning (ms): Min: 0.0, Avg: 0.0, Max: 0.0, Diff: 0.0, Sum: 0.0]
      [Object Copy (ms): Min: 0.1, Avg: 0.1, Max: 0.1, Diff: 0.1, Sum: 0.8]
      [Termination (ms): Min: 0.0, Avg: 0.0, Max: 0.0, Diff: 0.0, Sum: 0.1]
      [GC Worker Other (ms): Min: 0.0, Avg: 0.0, Max: 0.0, Diff: 0.0, Sum: 0.1]
      [GC Worker Total (ms): Min: 0.7, Avg: 0.8, Max: 0.9, Diff: 0.1, Sum: 6.4]
      [GC Worker End (ms): Min: 74173.1, Avg: 74173.1, Max: 74173.1, Diff: 0.0]
   [Code Root Fixup: 0.0 ms]
   [Code Root Migration: 0.0 ms]
   [Clear CT: 0.1 ms]
   [Other: 0.2 ms]
      [Choose CSet: 0.0 ms]
      [Ref Proc: 0.1 ms]
      [Ref Enq: 0.0 ms]
      [Free CSet: 0.0 ms]
   [Eden: 1024.0K(1024.0K)->0.0B(1024.0K) Survivors: 0.0B->1024.0K Heap: 6583.9K(8192.0K)->5800.4K(8192.0K)]
 [Times: user=0.01 sys=0.00, real=0.00 secs] 
74.173: Total time for which application threads were stopped: 0.0554790 seconds, Stopping threads took: 0.0542340 seconds
75.261: Application time: 1.0877150 seconds
75.315: [GC pause (young) (initial-mark) (to-space exhausted), 0.0009700 secs]
   [Parallel Time: 0.7 ms, GC Workers: 8]
      [GC Worker Start (ms): Min: 75315.4, Avg: 75315.4, Max: 75315.5, Diff: 0.1]
      [Ext Root Scanning (ms): Min: 0.3, Avg: 0.4, Max: 0.5, Diff: 0.1, Sum: 3.2]
      [Code Root Marking (ms): Min: 0.0, Avg: 0.0, Max: 0.0, Diff: 0.0, Sum: 0.0]
      [Update RS (ms): Min: 0.0, Avg: 0.0, Max: 0.0, Diff: 0.0, Sum: 0.0]
         [Processed Buffers: Min: 0, Avg: 1.0, Max: 3, Diff: 3, Sum: 8]
      [Scan RS (ms): Min: 0.0, Avg: 0.0, Max: 0.0, Diff: 0.0, Sum: 0.0]
      [Code Root Scanning (ms): Min: 0.0, Avg: 0.0, Max: 0.0, Diff: 0.0, Sum: 0.0]
      [Object Copy (ms): Min: 0.1, Avg: 0.2, Max: 0.2, Diff: 0.1, Sum: 1.4]
      [Termination (ms): Min: 0.0, Avg: 0.0, Max: 0.1, Diff: 0.1, Sum: 0.2]
      [GC Worker Other (ms): Min: 0.0, Avg: 0.0, Max: 0.0, Diff: 0.0, Sum: 0.0]
      [GC Worker Total (ms): Min: 0.6, Avg: 0.6, Max: 0.7, Diff: 0.1, Sum: 5.0]
      [GC Worker End (ms): Min: 75316.1, Avg: 75316.1, Max: 75316.1, Diff: 0.0]
   [Code Root Fixup: 0.0 ms]
   [Code Root Migration: 0.0 ms]
   [Clear CT: 0.0 ms]
   [Other: 0.2 ms]
      [Choose CSet: 0.0 ms]
      [Ref Proc: 0.1 ms]
      [Ref Enq: 0.0 ms]
      [Free CSet: 0.0 ms]
   [Eden: 1024.0K(1024.0K)->0.0B(1024.0K) Survivors: 1024.0K->0.0B Heap: 6824.4K(8192.0K)->6824.4K(8192.0K)]
 [Times: user=0.00 sys=0.00, real=0.00 secs] 
75.316: [GC concurrent-root-region-scan-start]
75.316: 75.316: [GC concurrent-root-region-scan-end, 0.0000060 secs]
75.316: Total time for which application threads were stopped: 0.0553280 seconds, Stopping threads took: 0.0542470 seconds
[GC concurrent-mark-start]
75.316: Application time: 0.0000330 seconds
75.316: [GC pause (young), 0.0004730 secs]
   [Parallel Time: 0.4 ms, GC Workers: 8]
      [GC Worker Start (ms): Min: 75316.5, Avg: 75316.5, Max: 75316.5, Diff: 0.0]
      [Ext Root Scanning (ms): Min: 0.2, Avg: 0.3, Max: 0.3, Diff: 0.1, Sum: 2.2]
      [SATB Filtering (ms): Min: 0.0, Avg: 0.0, Max: 0.0, Diff: 0.0, Sum: 0.0]
      [Update RS (ms): Min: 0.0, Avg: 0.0, Max: 0.0, Diff: 0.0, Sum: 0.1]
         [Processed Buffers: Min: 0, Avg: 1.9, Max: 11, Diff: 11, Sum: 15]
      [Scan RS (ms): Min: 0.0, Avg: 0.0, Max: 0.0, Diff: 0.0, Sum: 0.0]
      [Code Root Scanning (ms): Min: 0.0, Avg: 0.0, Max: 0.0, Diff: 0.0, Sum: 0.0]
      [Object Copy (ms): Min: 0.0, Avg: 0.0, Max: 0.0, Diff: 0.0, Sum: 0.1]
      [Termination (ms): Min: 0.0, Avg: 0.0, Max: 0.1, Diff: 0.1, Sum: 0.3]
      [GC Worker Other (ms): Min: 0.0, Avg: 0.0, Max: 0.0, Diff: 0.0, Sum: 0.0]
      [GC Worker Total (ms): Min: 0.3, Avg: 0.3, Max: 0.3, Diff: 0.0, Sum: 2.7]
      [GC Worker End (ms): Min: 75316.8, Avg: 75316.8, Max: 75316.8, Diff: 0.0]
   [Code Root Fixup: 0.0 ms]
   [Code Root Migration: 0.0 ms]
   [Clear CT: 0.0 ms]
   [Other: 0.1 ms]
      [Choose CSet: 0.0 ms]
      [Ref Proc: 0.1 ms]
      [Ref Enq: 0.0 ms]
      [Free CSet: 0.0 ms]
   [Eden: 0.0B(1024.0K)->0.0B(1024.0K) Survivors: 0.0B->0.0B Heap: 6824.4K(8192.0K)->6824.4K(8192.0K)]
 [Times: user=0.01 sys=0.00, real=0.00 secs] 
75.317: Total time for which application threads were stopped: 0.0005400 seconds, Stopping threads took: 0.0000070 seconds
75.317: Application time: 0.0000440 seconds
75.317: [GC pause (young), 0.0004360 secs]
   [Parallel Time: 0.3 ms, GC Workers: 8]
      [GC Worker Start (ms): Min: 75317.1, Avg: 75317.1, Max: 75317.1, Diff: 0.0]
      [Ext Root Scanning (ms): Min: 0.2, Avg: 0.2, Max: 0.2, Diff: 0.0, Sum: 1.9]
      [SATB Filtering (ms): Min: 0.0, Avg: 0.0, Max: 0.0, Diff: 0.0, Sum: 0.0]
      [Update RS (ms): Min: 0.0, Avg: 0.0, Max: 0.0, Diff: 0.0, Sum: 0.0]
         [Processed Buffers: Min: 0, Avg: 0.1, Max: 1, Diff: 1, Sum: 1]
      [Scan RS (ms): Min: 0.0, Avg: 0.0, Max: 0.0, Diff: 0.0, Sum: 0.0]
      [Code Root Scanning (ms): Min: 0.0, Avg: 0.0, Max: 0.0, Diff: 0.0, Sum: 0.0]
      [Object Copy (ms): Min: 0.0, Avg: 0.0, Max: 0.0, Diff: 0.0, Sum: 0.1]
      [Termination (ms): Min: 0.0, Avg: 0.0, Max: 0.1, Diff: 0.1, Sum: 0.2]
      [GC Worker Other (ms): Min: 0.0, Avg: 0.0, Max: 0.0, Diff: 0.0, Sum: 0.0]
      [GC Worker Total (ms): Min: 0.3, Avg: 0.3, Max: 0.3, Diff: 0.0, Sum: 2.3]
      [GC Worker End (ms): Min: 75317.3, Avg: 75317.3, Max: 75317.4, Diff: 0.0]
   [Code Root Fixup: 0.0 ms]
   [Code Root Migration: 0.0 ms]
   [Clear CT: 0.0 ms]
   [Other: 0.1 ms]
      [Choose CSet: 0.0 ms]
      [Ref Proc: 0.1 ms]
      [Ref Enq: 0.0 ms]
      [Free CSet: 0.0 ms]
   [Eden: 0.0B(1024.0K)->0.0B(1024.0K) Survivors: 0.0B->0.0B Heap: 6824.4K(8192.0K)->6824.4K(8192.0K)]
 [Times: user=0.00 sys=0.00, real=0.00 secs] 
75.318: Total time for which application threads were stopped: 0.0004970 seconds, Stopping threads took: 0.0000040 seconds
75.318: Application time: 0.0000290 seconds
75.318: [GC pause (young), 0.0004310 secs]
   [Parallel Time: 0.3 ms, GC Workers: 8]
      [GC Worker Start (ms): Min: 75317.6, Avg: 75317.6, Max: 75317.6, Diff: 0.0]
      [Ext Root Scanning (ms): Min: 0.2, Avg: 0.2, Max: 0.3, Diff: 0.0, Sum: 1.8]
      [SATB Filtering (ms): Min: 0.0, Avg: 0.0, Max: 0.0, Diff: 0.0, Sum: 0.0]
      [Update RS (ms): Min: 0.0, Avg: 0.0, Max: 0.0, Diff: 0.0, Sum: 0.0]
         [Processed Buffers: Min: 0, Avg: 0.1, Max: 1, Diff: 1, Sum: 1]
      [Scan RS (ms): Min: 0.0, Avg: 0.0, Max: 0.0, Diff: 0.0, Sum: 0.0]
      [Code Root Scanning (ms): Min: 0.0, Avg: 0.0, Max: 0.0, Diff: 0.0, Sum: 0.0]
      [Object Copy (ms): Min: 0.0, Avg: 0.0, Max: 0.0, Diff: 0.0, Sum: 0.1]
      [Termination (ms): Min: 0.0, Avg: 0.0, Max: 0.1, Diff: 0.1, Sum: 0.3]
      [GC Worker Other (ms): Min: 0.0, Avg: 0.0, Max: 0.0, Diff: 0.0, Sum: 0.0]
      [GC Worker Total (ms): Min: 0.3, Avg: 0.3, Max: 0.3, Diff: 0.0, Sum: 2.3]
      [GC Worker End (ms): Min: 75317.9, Avg: 75317.9, Max: 75317.9, Diff: 0.0]
   [Code Root Fixup: 0.0 ms]
   [Code Root Migration: 0.0 ms]
   [Clear CT: 0.0 ms]
   [Other: 0.1 ms]
      [Choose CSet: 0.0 ms]
      [Ref Proc: 0.0 ms]
      [Ref Enq: 0.0 ms]
      [Free CSet: 0.0 ms]
   [Eden: 0.0B(1024.0K)->0.0B(1024.0K) Survivors: 0.0B->0.0B Heap: 6824.4K(8192.0K)->6824.4K(8192.0K)]
 [Times: user=0.00 sys=0.00, real=0.00 secs] 
75.318: Total time for which application threads were stopped: 0.0004840 seconds, Stopping threads took: 0.0000030 seconds
75.318: Application time: 0.0000380 seconds
75.318: [Full GC 6824K->5585K(8192K), 0.0055630 secs]
   [Eden: 0.0B(1024.0K)->0.0B(1024.0K) Survivors: 0.0B->0.0B Heap: 6824.4K(8192.0K)->5585.7K(8192.0K)], [Perm: 5124K->5124K(20480K)]
 [Times: user=0.01 sys=0.00, real=0.01 secs] 
75.324: Total time for which application threads were stopped: 0.0056210 seconds, Stopping threads took: 0.0000040 seconds
75.324: [GC concurrent-mark-abort]
75.327: Application time: 0.0031840 seconds
75.382: Total time for which application threads were stopped: 0.0549130 seconds, Stopping threads took: 0.0548990 seconds
76.580: Application time: 1.1978690 seconds
76.634: [GC pause (young), 0.0018250 secs]
   [Parallel Time: 1.0 ms, GC Workers: 8]
      [GC Worker Start (ms): Min: 76633.9, Avg: 76633.9, Max: 76634.0, Diff: 0.1]
      [Ext Root Scanning (ms): Min: 0.6, Avg: 0.7, Max: 0.7, Diff: 0.1, Sum: 5.4]
      [Update RS (ms): Min: 0.0, Avg: 0.0, Max: 0.0, Diff: 0.0, Sum: 0.1]
         [Processed Buffers: Min: 0, Avg: 1.0, Max: 3, Diff: 3, Sum: 8]
      [Scan RS (ms): Min: 0.0, Avg: 0.0, Max: 0.0, Diff: 0.0, Sum: 0.0]
      [Code Root Scanning (ms): Min: 0.0, Avg: 0.0, Max: 0.0, Diff: 0.0, Sum: 0.0]
      [Object Copy (ms): Min: 0.1, Avg: 0.1, Max: 0.1, Diff: 0.1, Sum: 0.7]
      [Termination (ms): Min: 0.0, Avg: 0.0, Max: 0.0, Diff: 0.0, Sum: 0.1]
      [GC Worker Other (ms): Min: 0.0, Avg: 0.0, Max: 0.0, Diff: 0.0, Sum: 0.0]
      [GC Worker Total (ms): Min: 0.7, Avg: 0.8, Max: 0.9, Diff: 0.1, Sum: 6.3]
      [GC Worker End (ms): Min: 76634.7, Avg: 76634.7, Max: 76634.7, Diff: 0.0]
   [Code Root Fixup: 0.0 ms]
   [Code Root Migration: 0.0 ms]
   [Clear CT: 0.4 ms]
   [Other: 0.4 ms]
      [Choose CSet: 0.0 ms]
      [Ref Proc: 0.3 ms]
      [Ref Enq: 0.0 ms]
      [Free CSet: 0.0 ms]
   [Eden: 1024.0K(1024.0K)->0.0B(1024.0K) Survivors: 0.0B->1024.0K Heap: 6609.7K(8192.0K)->5808.1K(8192.0K)]
 [Times: user=0.01 sys=0.00, real=0.00 secs] 
76.636: Total time for which application threads were stopped: 0.0560510 seconds, Stopping threads took: 0.0541040 seconds
77.772: Application time: 1.1360230 seconds
77.787: [GC pause (young) (initial-mark) (to-space exhausted), 0.0018720 secs]
   [Parallel Time: 0.9 ms, GC Workers: 8]
      [GC Worker Start (ms): Min: 77787.2, Avg: 77787.3, Max: 77787.3, Diff: 0.1]
      [Ext Root Scanning (ms): Min: 0.3, Avg: 0.4, Max: 0.4, Diff: 0.2, Sum: 3.1]
      [Code Root Marking (ms): Min: 0.0, Avg: 0.0, Max: 0.0, Diff: 0.0, Sum: 0.0]
      [Update RS (ms): Min: 0.0, Avg: 0.0, Max: 0.0, Diff: 0.0, Sum: 0.0]
         [Processed Buffers: Min: 0, Avg: 1.0, Max: 4, Diff: 4, Sum: 8]
      [Scan RS (ms): Min: 0.0, Avg: 0.0, Max: 0.0, Diff: 0.0, Sum: 0.0]
      [Code Root Scanning (ms): Min: 0.0, Avg: 0.0, Max: 0.0, Diff: 0.0, Sum: 0.0]
      [Object Copy (ms): Min: 0.1, Avg: 0.2, Max: 0.3, Diff: 0.1, Sum: 1.4]
      [Termination (ms): Min: 0.0, Avg: 0.0, Max: 0.1, Diff: 0.1, Sum: 0.3]
      [GC Worker Other (ms): Min: 0.0, Avg: 0.0, Max: 0.0, Diff: 0.0, Sum: 0.0]
      [GC Worker Total (ms): Min: 0.6, Avg: 0.6, Max: 0.7, Diff: 0.1, Sum: 5.0]
      [GC Worker End (ms): Min: 77787.9, Avg: 77787.9, Max: 77787.9, Diff: 0.0]
   [Code Root Fixup: 0.0 ms]
   [Code Root Migration: 0.0 ms]
   [Clear CT: 0.6 ms]
   [Other: 0.3 ms]
      [Choose CSet: 0.0 ms]
      [Ref Proc: 0.1 ms]
      [Ref Enq: 0.0 ms]
      [Free CSet: 0.0 ms]
   [Eden: 1024.0K(1024.0K)->0.0B(1024.0K) Survivors: 1024.0K->0.0B Heap: 6832.1K(8192.0K)->6832.1K(8192.0K)]
 [Times: user=0.01 sys=0.00, real=0.00 secs] 
77.789: Total time for which application threads were stopped: 0.0173600 seconds, Stopping threads took: 0.0153620 seconds
77.789: [GC concurrent-root-region-scan-start]
77.789: [GC concurrent-root-region-scan-end, 0.0000030 secs]
77.789: [GC concurrent-mark-start]
77.789: Application time: 0.0001070 seconds
77.789: [GC pause (young), 0.0005220 secs]
   [Parallel Time: 0.4 ms, GC Workers: 8]
      [GC Worker Start (ms): Min: 77789.3, Avg: 77789.3, Max: 77789.3, Diff: 0.0]
      [Ext Root Scanning (ms): Min: 0.2, Avg: 0.3, Max: 0.3, Diff: 0.0, Sum: 2.2]
      [SATB Filtering (ms): Min: 0.0, Avg: 0.0, Max: 0.0, Diff: 0.0, Sum: 0.0]
      [Update RS (ms): Min: 0.0, Avg: 0.0, Max: 0.0, Diff: 0.0, Sum: 0.1]
         [Processed Buffers: Min: 0, Avg: 1.6, Max: 9, Diff: 9, Sum: 13]
      [Scan RS (ms): Min: 0.0, Avg: 0.0, Max: 0.0, Diff: 0.0, Sum: 0.0]
      [Code Root Scanning (ms): Min: 0.0, Avg: 0.0, Max: 0.0, Diff: 0.0, Sum: 0.0]
      [Object Copy (ms): Min: 0.0, Avg: 0.0, Max: 0.0, Diff: 0.0, Sum: 0.2]
      [Termination (ms): Min: 0.0, Avg: 0.0, Max: 0.0, Diff: 0.0, Sum: 0.2]
      [GC Worker Other (ms): Min: 0.0, Avg: 0.0, Max: 0.0, Diff: 0.0, Sum: 0.0]
      [GC Worker Total (ms): Min: 0.3, Avg: 0.3, Max: 0.4, Diff: 0.0, Sum: 2.6]
      [GC Worker End (ms): Min: 77789.6, Avg: 77789.6, Max: 77789.6, Diff: 0.0]
   [Code Root Fixup: 0.0 ms]
   [Code Root Migration: 0.0 ms]
   [Clear CT: 0.0 ms]
   [Other: 0.1 ms]
      [Choose CSet: 0.0 ms]
      [Ref Proc: 0.1 ms]
      [Ref Enq: 0.0 ms]
      [Free CSet: 0.0 ms]
   [Eden: 0.0B(1024.0K)->0.0B(1024.0K) Survivors: 0.0B->0.0B Heap: 6832.1K(8192.0K)->6832.1K(8192.0K)]
 [Times: user=0.00 sys=0.00, real=0.01 secs] 
77.790: Total time for which application threads were stopped: 0.0005920 seconds, Stopping threads took: 0.0000070 seconds
77.790: Application time: 0.0000370 seconds
77.790: [GC pause (young), 0.0074250 secs]
   [Parallel Time: 0.3 ms, GC Workers: 8]
      [GC Worker Start (ms): Min: 77789.9, Avg: 77789.9, Max: 77790.2, Diff: 0.3]
      [Ext Root Scanning (ms): Min: 0.0, Avg: 0.2, Max: 0.3, Diff: 0.3, Sum: 1.7]
      [Update RS (ms): Min: 0.0, Avg: 0.0, Max: 0.0, Diff: 0.0, Sum: 0.0]
         [Processed Buffers: Min: 0, Avg: 0.1, Max: 1, Diff: 1, Sum: 1]
      [Scan RS (ms): Min: 0.0, Avg: 0.0, Max: 0.0, Diff: 0.0, Sum: 0.0]
      [Code Root Scanning (ms): Min: 0.0, Avg: 0.0, Max: 0.0, Diff: 0.0, Sum: 0.0]
      [Object Copy (ms): Min: 0.0, Avg: 0.0, Max: 0.0, Diff: 0.0, Sum: 0.1]
      [Termination (ms): Min: 0.0, Avg: 0.1, Max: 0.1, Diff: 0.1, Sum: 0.4]
      [GC Worker Other (ms): Min: -0.0, Avg: 0.0, Max: 0.0, Diff: 0.0, Sum: 0.0]
      [GC Worker Total (ms): Min: 0.0, Avg: 0.3, Max: 0.3, Diff: 0.3, Sum: 2.3]
      [GC Worker End (ms): Min: 77790.2, Avg: 77790.2, Max: 77790.2, Diff: 0.0]
   [Code Root Fixup: 0.0 ms]
   [Code Root Migration: 0.0 ms]
   [Clear CT: 0.0 ms]
   [Other: 7.0 ms]
      [Choose CSet: 0.0 ms]
      [Ref Proc: 7.0 ms]
      [Ref Enq: 0.0 ms]
      [Free CSet: 0.0 ms]
   [Eden: 0.0B(1024.0K)->0.0B(1024.0K) Survivors: 0.0B->0.0B Heap: 6832.1K(8192.0K)->6832.1K(8192.0K)]
 [Times: user=0.06 sys=0.00, real=0.00 secs] 
77.797: Total time for which application threads were stopped: 0.0074890 seconds, Stopping threads took: 0.0000060 seconds
77.797: Application time: 0.0000490 seconds
77.797: [Full GC 6832K->5554K(8192K), 0.0054650 secs]
   [Eden: 0.0B(1024.0K)->0.0B(1024.0K) Survivors: 0.0B->0.0B Heap: 6832.1K(8192.0K)->5554.8K(8192.0K)], [Perm: 5124K->5124K(20480K)]
 [Times: user=0.00 sys=0.00, real=0.01 secs] 
77.803: Total time for which application threads were stopped: 0.0055270 seconds, Stopping threads took: 0.0000040 seconds
77.803: [GC concurrent-mark-abort]
79.116: Application time: 1.3129160 seconds
79.171: [GC pause (young), 0.0012680 secs]
   [Parallel Time: 0.9 ms, GC Workers: 8]
      [GC Worker Start (ms): Min: 79170.6, Avg: 79170.6, Max: 79170.6, Diff: 0.1]
      [Ext Root Scanning (ms): Min: 0.6, Avg: 0.7, Max: 0.7, Diff: 0.1, Sum: 5.5]
      [Update RS (ms): Min: 0.0, Avg: 0.0, Max: 0.0, Diff: 0.0, Sum: 0.0]
         [Processed Buffers: Min: 0, Avg: 0.9, Max: 2, Diff: 2, Sum: 7]
      [Scan RS (ms): Min: 0.0, Avg: 0.0, Max: 0.0, Diff: 0.0, Sum: 0.0]
      [Code Root Scanning (ms): Min: 0.0, Avg: 0.0, Max: 0.0, Diff: 0.0, Sum: 0.0]
      [Object Copy (ms): Min: 0.1, Avg: 0.1, Max: 0.1, Diff: 0.0, Sum: 0.8]
      [Termination (ms): Min: 0.0, Avg: 0.0, Max: 0.0, Diff: 0.0, Sum: 0.0]
      [GC Worker Other (ms): Min: 0.0, Avg: 0.0, Max: 0.0, Diff: 0.0, Sum: 0.1]
      [GC Worker Total (ms): Min: 0.8, Avg: 0.8, Max: 0.8, Diff: 0.1, Sum: 6.4]
      [GC Worker End (ms): Min: 79171.4, Avg: 79171.4, Max: 79171.4, Diff: 0.0]
   [Code Root Fixup: 0.0 ms]
   [Code Root Migration: 0.0 ms]
   [Clear CT: 0.2 ms]
   [Other: 0.2 ms]
      [Choose CSet: 0.0 ms]
      [Ref Proc: 0.1 ms]
      [Ref Enq: 0.0 ms]
      [Free CSet: 0.0 ms]
   [Eden: 1024.0K(1024.0K)->0.0B(1024.0K) Survivors: 0.0B->1024.0K Heap: 6578.8K(8192.0K)->5803.3K(8192.0K)]
 [Times: user=0.01 sys=0.00, real=0.00 secs] 
79.172: Total time for which application threads were stopped: 0.0560420 seconds, Stopping threads took: 0.0546660 seconds
80.316: Application time: 1.1444280 seconds
80.372: [GC pause (young) (initial-mark) (to-space exhausted), 0.0010600 secs]
   [Parallel Time: 0.7 ms, GC Workers: 8]
      [GC Worker Start (ms): Min: 80371.6, Avg: 80371.7, Max: 80371.7, Diff: 0.1]
      [Ext Root Scanning (ms): Min: 0.4, Avg: 0.4, Max: 0.4, Diff: 0.1, Sum: 3.1]
      [Code Root Marking (ms): Min: 0.0, Avg: 0.0, Max: 0.0, Diff: 0.0, Sum: 0.0]
      [Update RS (ms): Min: 0.0, Avg: 0.0, Max: 0.0, Diff: 0.0, Sum: 0.0]
         [Processed Buffers: Min: 0, Avg: 0.9, Max: 3, Diff: 3, Sum: 7]
      [Scan RS (ms): Min: 0.0, Avg: 0.0, Max: 0.0, Diff: 0.0, Sum: 0.0]
      [Code Root Scanning (ms): Min: 0.0, Avg: 0.0, Max: 0.0, Diff: 0.0, Sum: 0.0]
      [Object Copy (ms): Min: 0.1, Avg: 0.2, Max: 0.2, Diff: 0.1, Sum: 1.4]
      [Termination (ms): Min: 0.0, Avg: 0.0, Max: 0.1, Diff: 0.1, Sum: 0.3]
      [GC Worker Other (ms): Min: 0.0, Avg: 0.0, Max: 0.0, Diff: 0.0, Sum: 0.0]
      [GC Worker Total (ms): Min: 0.6, Avg: 0.6, Max: 0.7, Diff: 0.1, Sum: 4.9]
      [GC Worker End (ms): Min: 80372.3, Avg: 80372.3, Max: 80372.3, Diff: 0.0]
   [Code Root Fixup: 0.0 ms]
   [Code Root Migration: 0.0 ms]
   [Clear CT: 0.1 ms]
   [Other: 0.3 ms]
      [Choose CSet: 0.0 ms]
      [Ref Proc: 0.1 ms]
      [Ref Enq: 0.0 ms]
      [Free CSet: 0.0 ms]
   [Eden: 1024.0K(1024.0K)->0.0B(1024.0K) Survivors: 1024.0K->0.0B Heap: 6827.3K(8192.0K)->6827.3K(8192.0K)]
 [Times: user=0.01 sys=0.00, real=0.00 secs] 
80.373: [GC concurrent-root-region-scan-start]
80.373: [GC concurrent-root-region-scan-end, 0.0000050 secs]
80.373: [GC concurrent-mark-start]
80.373: Total time for which application threads were stopped: 0.0564390 seconds, Stopping threads took: 0.0552750 seconds
80.373: Application time: 0.0000270 seconds
80.373: [Full GC 6827K->5556K(8192K), 0.0060050 secs]
   [Eden: 0.0B(1024.0K)->0.0B(1024.0K) Survivors: 0.0B->0.0B Heap: 6827.3K(8192.0K)->5556.2K(8192.0K)], [Perm: 5124K->5124K(20480K)]
 [Times: user=0.01 sys=0.00, real=0.00 secs] 
80.379: Total time for which application threads were stopped: 0.0060870 seconds, Stopping threads took: 0.0000130 seconds
80.379: [GC concurrent-mark-abort]
81.520: Application time: 1.1408890 seconds
81.574: [GC pause (young), 0.0016670 secs]
   [Parallel Time: 0.9 ms, GC Workers: 8]
      [GC Worker Start (ms): Min: 81573.7, Avg: 81573.7, Max: 81573.8, Diff: 0.1]
      [Ext Root Scanning (ms): Min: 0.6, Avg: 0.7, Max: 0.7, Diff: 0.1, Sum: 5.4]
      [Update RS (ms): Min: 0.0, Avg: 0.0, Max: 0.0, Diff: 0.0, Sum: 0.1]
         [Processed Buffers: Min: 0, Avg: 1.0, Max: 3, Diff: 3, Sum: 8]
      [Scan RS (ms): Min: 0.0, Avg: 0.0, Max: 0.0, Diff: 0.0, Sum: 0.0]
      [Code Root Scanning (ms): Min: 0.0, Avg: 0.0, Max: 0.0, Diff: 0.0, Sum: 0.0]
      [Object Copy (ms): Min: 0.1, Avg: 0.1, Max: 0.1, Diff: 0.1, Sum: 0.8]
      [Termination (ms): Min: 0.0, Avg: 0.0, Max: 0.0, Diff: 0.0, Sum: 0.0]
      [GC Worker Other (ms): Min: 0.0, Avg: 0.0, Max: 0.0, Diff: 0.0, Sum: 0.1]
      [GC Worker Total (ms): Min: 0.8, Avg: 0.8, Max: 0.9, Diff: 0.1, Sum: 6.4]
      [GC Worker End (ms): Min: 81574.5, Avg: 81574.5, Max: 81574.5, Diff: 0.0]
   [Code Root Fixup: 0.0 ms]
   [Code Root Migration: 0.0 ms]
   [Clear CT: 0.7 ms]
   [Other: 0.1 ms]
      [Choose CSet: 0.0 ms]
      [Ref Proc: 0.1 ms]
      [Ref Enq: 0.0 ms]
      [Free CSet: 0.0 ms]
   [Eden: 1024.0K(1024.0K)->0.0B(1024.0K) Survivors: 0.0B->1024.0K Heap: 6580.2K(8192.0K)->5804.7K(8192.0K)]
 [Times: user=0.00 sys=0.00, real=0.00 secs] 
81.575: Total time for which application threads were stopped: 0.0556180 seconds, Stopping threads took: 0.0538390 seconds
82.887: Application time: 1.3114690 seconds
82.942: [GC pause (young) (initial-mark) (to-space exhausted), 0.0011200 secs]
   [Parallel Time: 0.8 ms, GC Workers: 8]
      [GC Worker Start (ms): Min: 82941.7, Avg: 82941.7, Max: 82941.7, Diff: 0.1]
      [Ext Root Scanning (ms): Min: 0.3, Avg: 0.4, Max: 0.5, Diff: 0.2, Sum: 3.2]
      [Code Root Marking (ms): Min: 0.0, Avg: 0.0, Max: 0.0, Diff: 0.0, Sum: 0.0]
      [Update RS (ms): Min: 0.0, Avg: 0.0, Max: 0.0, Diff: 0.0, Sum: 0.0]
         [Processed Buffers: Min: 0, Avg: 0.9, Max: 4, Diff: 4, Sum: 7]
      [Scan RS (ms): Min: 0.0, Avg: 0.0, Max: 0.0, Diff: 0.0, Sum: 0.0]
      [Code Root Scanning (ms): Min: 0.0, Avg: 0.0, Max: 0.0, Diff: 0.0, Sum: 0.0]
      [Object Copy (ms): Min: 0.1, Avg: 0.2, Max: 0.2, Diff: 0.1, Sum: 1.3]
      [Termination (ms): Min: 0.0, Avg: 0.0, Max: 0.1, Diff: 0.1, Sum: 0.3]
      [GC Worker Other (ms): Min: 0.0, Avg: 0.0, Max: 0.0, Diff: 0.0, Sum: 0.0]
      [GC Worker Total (ms): Min: 0.6, Avg: 0.6, Max: 0.6, Diff: 0.1, Sum: 4.9]
      [GC Worker End (ms): Min: 82942.3, Avg: 82942.3, Max: 82942.3, Diff: 0.0]
   [Code Root Fixup: 0.0 ms]
   [Code Root Migration: 0.0 ms]
   [Clear CT: 0.1 ms]
   [Other: 0.3 ms]
      [Choose CSet: 0.0 ms]
      [Ref Proc: 0.1 ms]
      [Ref Enq: 0.0 ms]
      [Free CSet: 0.0 ms]
   [Eden: 1024.0K(1024.0K)->0.0B(1024.0K) Survivors: 1024.0K->0.0B Heap: 6828.7K(8192.0K)->6828.7K(8192.0K)]
 [Times: user=0.01 sys=0.00, real=0.00 secs] 
82.943: [GC concurrent-root-region-scan-start]
82.943: 82.943: [GC concurrent-root-region-scan-end, 0.0000050 secs]
82.943: Total time for which application threads were stopped: 0.0559800 seconds, Stopping threads took: 0.0547560 seconds
[GC concurrent-mark-start]
82.943: Application time: 0.0000580 seconds
82.943: [Full GC 6828K->5565K(8192K), 0.0054640 secs]
   [Eden: 0.0B(1024.0K)->0.0B(1024.0K) Survivors: 0.0B->0.0B Heap: 6828.7K(8192.0K)->5565.9K(8192.0K)], [Perm: 5126K->5126K(20480K)]
 [Times: user=0.01 sys=0.00, real=0.00 secs] 
82.948: Total time for which application threads were stopped: 0.0055310 seconds, Stopping threads took: 0.0000060 seconds
82.948: [GC concurrent-mark-abort]
84.085: Application time: 1.1366870 seconds
84.111: [GC pause (young), 0.0015860 secs]
   [Parallel Time: 0.9 ms, GC Workers: 8]
      [GC Worker Start (ms): Min: 84110.9, Avg: 84110.9, Max: 84111.0, Diff: 0.1]
      [Ext Root Scanning (ms): Min: 0.6, Avg: 0.7, Max: 0.8, Diff: 0.1, Sum: 5.6]
      [Update RS (ms): Min: 0.0, Avg: 0.0, Max: 0.0, Diff: 0.0, Sum: 0.1]
         [Processed Buffers: Min: 0, Avg: 1.0, Max: 4, Diff: 4, Sum: 8]
      [Scan RS (ms): Min: 0.0, Avg: 0.0, Max: 0.0, Diff: 0.0, Sum: 0.0]
      [Code Root Scanning (ms): Min: 0.0, Avg: 0.0, Max: 0.0, Diff: 0.0, Sum: 0.0]
      [Object Copy (ms): Min: 0.1, Avg: 0.1, Max: 0.1, Diff: 0.1, Sum: 0.8]
      [Termination (ms): Min: 0.0, Avg: 0.0, Max: 0.0, Diff: 0.0, Sum: 0.0]
      [GC Worker Other (ms): Min: 0.0, Avg: 0.0, Max: 0.0, Diff: 0.0, Sum: 0.1]
      [GC Worker Total (ms): Min: 0.8, Avg: 0.8, Max: 0.9, Diff: 0.1, Sum: 6.5]
      [GC Worker End (ms): Min: 84111.7, Avg: 84111.7, Max: 84111.7, Diff: 0.0]
   [Code Root Fixup: 0.0 ms]
   [Code Root Migration: 0.0 ms]
   [Clear CT: 0.4 ms]
   [Other: 0.3 ms]
      [Choose CSet: 0.0 ms]
      [Ref Proc: 0.2 ms]
      [Ref Enq: 0.0 ms]
      [Free CSet: 0.0 ms]
   [Eden: 1024.0K(1024.0K)->0.0B(1024.0K) Survivors: 0.0B->1024.0K Heap: 6589.9K(8192.0K)->5788.3K(8192.0K)]
 [Times: user=0.01 sys=0.00, real=0.00 secs] 
84.112: Total time for which application threads were stopped: 0.0273790 seconds, Stopping threads took: 0.0256740 seconds
85.363: Application time: 1.2504570 seconds
85.372: [GC pause (young) (initial-mark) (to-space exhausted), 0.0010790 secs]
   [Parallel Time: 0.8 ms, GC Workers: 8]
      [GC Worker Start (ms): Min: 85372.1, Avg: 85372.2, Max: 85372.2, Diff: 0.1]
      [Ext Root Scanning (ms): Min: 0.3, Avg: 0.4, Max: 0.4, Diff: 0.1, Sum: 3.2]
      [Code Root Marking (ms): Min: 0.0, Avg: 0.0, Max: 0.0, Diff: 0.0, Sum: 0.0]
      [Update RS (ms): Min: 0.0, Avg: 0.0, Max: 0.0, Diff: 0.0, Sum: 0.0]
         [Processed Buffers: Min: 0, Avg: 1.0, Max: 3, Diff: 3, Sum: 8]
      [Scan RS (ms): Min: 0.0, Avg: 0.0, Max: 0.0, Diff: 0.0, Sum: 0.0]
      [Code Root Scanning (ms): Min: 0.0, Avg: 0.0, Max: 0.0, Diff: 0.0, Sum: 0.0]
      [Object Copy (ms): Min: 0.1, Avg: 0.2, Max: 0.3, Diff: 0.1, Sum: 1.5]
      [Termination (ms): Min: 0.0, Avg: 0.0, Max: 0.1, Diff: 0.1, Sum: 0.4]
      [GC Worker Other (ms): Min: 0.0, Avg: 0.0, Max: 0.0, Diff: 0.0, Sum: 0.0]
      [GC Worker Total (ms): Min: 0.6, Avg: 0.6, Max: 0.7, Diff: 0.1, Sum: 5.1]
      [GC Worker End (ms): Min: 85372.8, Avg: 85372.8, Max: 85372.9, Diff: 0.0]
   [Code Root Fixup: 0.0 ms]
   [Code Root Migration: 0.0 ms]
   [Clear CT: 0.1 ms]
   [Other: 0.2 ms]
      [Choose CSet: 0.0 ms]
      [Ref Proc: 0.1 ms]
      [Ref Enq: 0.0 ms]
      [Free CSet: 0.0 ms]
   [Eden: 1024.0K(1024.0K)->0.0B(1024.0K) Survivors: 1024.0K->0.0B Heap: 6812.3K(8192.0K)->6812.3K(8192.0K)]
 [Times: user=0.01 sys=0.00, real=0.00 secs] 
85.373: [GC concurrent-root-region-scan-start]
85.373: 85.373: [GC concurrent-root-region-scan-end, 0.0000040 secs]
Total time for which application threads were stopped: 0.0103170 seconds, Stopping threads took: 0.0091130 seconds
85.373: [GC concurrent-mark-start]
85.373: Application time: 0.0000500 seconds
85.373: [GC pause (young), 0.0004900 secs]
   [Parallel Time: 0.4 ms, GC Workers: 8]
      [GC Worker Start (ms): Min: 85373.3, Avg: 85373.4, Max: 85373.4, Diff: 0.0]
      [Ext Root Scanning (ms): Min: 0.3, Avg: 0.3, Max: 0.3, Diff: 0.1, Sum: 2.2]
      [SATB Filtering (ms): Min: 0.0, Avg: 0.0, Max: 0.0, Diff: 0.0, Sum: 0.0]
      [Update RS (ms): Min: 0.0, Avg: 0.0, Max: 0.0, Diff: 0.0, Sum: 0.1]
         [Processed Buffers: Min: 0, Avg: 1.5, Max: 6, Diff: 6, Sum: 12]
      [Scan RS (ms): Min: 0.0, Avg: 0.0, Max: 0.0, Diff: 0.0, Sum: 0.0]
      [Code Root Scanning (ms): Min: 0.0, Avg: 0.0, Max: 0.0, Diff: 0.0, Sum: 0.0]
      [Object Copy (ms): Min: 0.0, Avg: 0.0, Max: 0.0, Diff: 0.0, Sum: 0.1]
      [Termination (ms): Min: 0.0, Avg: 0.0, Max: 0.0, Diff: 0.0, Sum: 0.2]
      [GC Worker Other (ms): Min: 0.0, Avg: 0.0, Max: 0.0, Diff: 0.0, Sum: 0.0]
      [GC Worker Total (ms): Min: 0.3, Avg: 0.3, Max: 0.3, Diff: 0.0, Sum: 2.7]
      [GC Worker End (ms): Min: 85373.7, Avg: 85373.7, Max: 85373.7, Diff: 0.0]
   [Code Root Fixup: 0.0 ms]
   [Code Root Migration: 0.0 ms]
   [Clear CT: 0.0 ms]
   [Other: 0.1 ms]
      [Choose CSet: 0.0 ms]
      [Ref Proc: 0.1 ms]
      [Ref Enq: 0.0 ms]
      [Free CSet: 0.0 ms]
   [Eden: 0.0B(1024.0K)->0.0B(1024.0K) Survivors: 0.0B->0.0B Heap: 6812.3K(8192.0K)->6812.3K(8192.0K)]
 [Times: user=0.00 sys=0.00, real=0.00 secs] 
85.374: Total time for which application threads were stopped: 0.0005640 seconds, Stopping threads took: 0.0000070 seconds
85.374: Application time: 0.0000280 seconds
85.374: [Full GC 6812K->5582K(8192K), 0.0054440 secs]
   [Eden: 0.0B(1024.0K)->0.0B(1024.0K) Survivors: 0.0B->0.0B Heap: 6812.3K(8192.0K)->5582.2K(8192.0K)], [Perm: 5126K->5126K(20480K)]
 [Times: user=0.01 sys=0.00, real=0.00 secs] 
85.379: Total time for which application threads were stopped: 0.0055040 seconds, Stopping threads took: 0.0000030 seconds
85.379: [GC concurrent-mark-abort]
86.638: Application time: 1.2586810 seconds
86.693: [GC pause (young), 0.0014240 secs]
   [Parallel Time: 0.9 ms, GC Workers: 8]
      [GC Worker Start (ms): Min: 86692.8, Avg: 86692.8, Max: 86692.9, Diff: 0.1]
      [Ext Root Scanning (ms): Min: 0.6, Avg: 0.7, Max: 0.7, Diff: 0.1, Sum: 5.4]
      [Update RS (ms): Min: 0.0, Avg: 0.0, Max: 0.0, Diff: 0.0, Sum: 0.0]
         [Processed Buffers: Min: 0, Avg: 1.0, Max: 3, Diff: 3, Sum: 8]
      [Scan RS (ms): Min: 0.0, Avg: 0.0, Max: 0.0, Diff: 0.0, Sum: 0.0]
      [Code Root Scanning (ms): Min: 0.0, Avg: 0.0, Max: 0.0, Diff: 0.0, Sum: 0.0]
      [Object Copy (ms): Min: 0.1, Avg: 0.1, Max: 0.1, Diff: 0.1, Sum: 0.7]
      [Termination (ms): Min: 0.0, Avg: 0.0, Max: 0.0, Diff: 0.0, Sum: 0.1]
      [GC Worker Other (ms): Min: 0.0, Avg: 0.0, Max: 0.0, Diff: 0.0, Sum: 0.1]
      [GC Worker Total (ms): Min: 0.7, Avg: 0.8, Max: 0.8, Diff: 0.1, Sum: 6.3]
      [GC Worker End (ms): Min: 86693.6, Avg: 86693.6, Max: 86693.6, Diff: 0.0]
   [Code Root Fixup: 0.0 ms]
   [Code Root Migration: 0.0 ms]
   [Clear CT: 0.3 ms]
   [Other: 0.3 ms]
      [Choose CSet: 0.0 ms]
      [Ref Proc: 0.2 ms]
      [Ref Enq: 0.0 ms]
      [Free CSet: 0.0 ms]
   [Eden: 1024.0K(1024.0K)->0.0B(1024.0K) Survivors: 0.0B->1024.0K Heap: 6606.2K(8192.0K)->5806.6K(8192.0K)]
 [Times: user=0.01 sys=0.00, real=0.00 secs] 
86.694: Total time for which application threads were stopped: 0.0561220 seconds, Stopping threads took: 0.0545760 seconds
87.834: Application time: 1.1398890 seconds
87.889: [GC pause (young) (initial-mark) (to-space exhausted), 0.0016880 secs]
   [Parallel Time: 0.9 ms, GC Workers: 8]
      [GC Worker Start (ms): Min: 87888.9, Avg: 87889.0, Max: 87889.0, Diff: 0.1]
      [Ext Root Scanning (ms): Min: 0.4, Avg: 0.4, Max: 0.4, Diff: 0.1, Sum: 3.3]
      [Code Root Marking (ms): Min: 0.0, Avg: 0.0, Max: 0.0, Diff: 0.0, Sum: 0.0]
      [Update RS (ms): Min: 0.0, Avg: 0.0, Max: 0.0, Diff: 0.0, Sum: 0.0]
         [Processed Buffers: Min: 0, Avg: 1.2, Max: 4, Diff: 4, Sum: 10]
      [Scan RS (ms): Min: 0.0, Avg: 0.0, Max: 0.0, Diff: 0.0, Sum: 0.0]
      [Code Root Scanning (ms): Min: 0.0, Avg: 0.0, Max: 0.0, Diff: 0.0, Sum: 0.0]
      [Object Copy (ms): Min: 0.1, Avg: 0.2, Max: 0.3, Diff: 0.1, Sum: 1.4]
      [Termination (ms): Min: 0.0, Avg: 0.0, Max: 0.1, Diff: 0.1, Sum: 0.3]
      [GC Worker Other (ms): Min: 0.0, Avg: 0.0, Max: 0.0, Diff: 0.0, Sum: 0.0]
      [GC Worker Total (ms): Min: 0.6, Avg: 0.6, Max: 0.7, Diff: 0.1, Sum: 5.1]
      [GC Worker End (ms): Min: 87889.6, Avg: 87889.6, Max: 87889.6, Diff: 0.0]
   [Code Root Fixup: 0.0 ms]
   [Code Root Migration: 0.0 ms]
   [Clear CT: 0.4 ms]
   [Other: 0.4 ms]
      [Choose CSet: 0.0 ms]
      [Ref Proc: 0.2 ms]
      [Ref Enq: 0.0 ms]
      [Free CSet: 0.0 ms]
   [Eden: 1024.0K(1024.0K)->0.0B(1024.0K) Survivors: 1024.0K->0.0B Heap: 6830.6K(8192.0K)->6830.6K(8192.0K)]
 [Times: user=0.00 sys=0.00, real=0.01 secs] 
87.891: [GC concurrent-root-region-scan-start]
87.891: [GC concurrent-root-region-scan-end, 0.0000050 secs]
87.891: 87.891: [GC concurrent-mark-start]
Total time for which application threads were stopped: 0.0565460 seconds, Stopping threads took: 0.0547350 seconds
87.892: [GC concurrent-mark-end, 0.0009260 secs]
87.892: Application time: 0.0009390 seconds
87.947: [Full GC 6830K->5567K(8192K), 0.0063060 secs]
   [Eden: 0.0B(1024.0K)->0.0B(1024.0K) Survivors: 0.0B->0.0B Heap: 6830.6K(8192.0K)->5567.6K(8192.0K)], [Perm: 5126K->5126K(20480K)]
 [Times: user=0.01 sys=0.00, real=0.01 secs] 
87.953: Total time for which application threads were stopped: 0.0617030 seconds, Stopping threads took: 0.0553250 seconds
87.953: Application time: 0.0000400 seconds
87.953: [GC remark, 0.0000070 secs]
 [Times: user=0.00 sys=0.00, real=0.00 secs] 
87.953: Total time for which application threads were stopped: 0.0000870 seconds, Stopping threads took: 0.0000640 seconds
87.953: [GC concurrent-mark-abort]
89.095: Application time: 1.1412930 seconds
89.149: [GC pause (young), 0.0012250 secs]
   [Parallel Time: 0.9 ms, GC Workers: 8]
      [GC Worker Start (ms): Min: 89149.2, Avg: 89149.3, Max: 89149.3, Diff: 0.1]
      [Ext Root Scanning (ms): Min: 0.6, Avg: 0.7, Max: 0.7, Diff: 0.1, Sum: 5.5]
      [Update RS (ms): Min: 0.0, Avg: 0.0, Max: 0.0, Diff: 0.0, Sum: 0.1]
         [Processed Buffers: Min: 0, Avg: 1.0, Max: 6, Diff: 6, Sum: 8]
      [Scan RS (ms): Min: 0.0, Avg: 0.0, Max: 0.0, Diff: 0.0, Sum: 0.0]
      [Code Root Scanning (ms): Min: 0.0, Avg: 0.0, Max: 0.0, Diff: 0.0, Sum: 0.0]
      [Object Copy (ms): Min: 0.1, Avg: 0.1, Max: 0.1, Diff: 0.1, Sum: 0.8]
      [Termination (ms): Min: 0.0, Avg: 0.0, Max: 0.0, Diff: 0.0, Sum: 0.1]
      [GC Worker Other (ms): Min: 0.0, Avg: 0.0, Max: 0.0, Diff: 0.0, Sum: 0.0]
      [GC Worker Total (ms): Min: 0.8, Avg: 0.8, Max: 0.8, Diff: 0.1, Sum: 6.5]
      [GC Worker End (ms): Min: 89150.1, Avg: 89150.1, Max: 89150.1, Diff: 0.0]
   [Code Root Fixup: 0.0 ms]
   [Code Root Migration: 0.0 ms]
   [Clear CT: 0.1 ms]
   [Other: 0.2 ms]
      [Choose CSet: 0.0 ms]
      [Ref Proc: 0.1 ms]
      [Ref Enq: 0.0 ms]
      [Free CSet: 0.0 ms]
   [Eden: 1024.0K(1024.0K)->0.0B(1024.0K) Survivors: 0.0B->1024.0K Heap: 6591.6K(8192.0K)->5814.1K(8192.0K)]
 [Times: user=0.00 sys=0.00, real=0.01 secs] 
89.150: Total time for which application threads were stopped: 0.0557780 seconds, Stopping threads took: 0.0544510 seconds
90.404: Application time: 1.2535030 seconds
90.457: [GC pause (young) (initial-mark) (to-space exhausted), 0.0011090 secs]
   [Parallel Time: 0.8 ms, GC Workers: 8]
      [GC Worker Start (ms): Min: 90457.4, Avg: 90457.4, Max: 90457.5, Diff: 0.1]
      [Ext Root Scanning (ms): Min: 0.3, Avg: 0.4, Max: 0.4, Diff: 0.1, Sum: 3.1]
      [Code Root Marking (ms): Min: 0.0, Avg: 0.0, Max: 0.0, Diff: 0.0, Sum: 0.0]
      [Update RS (ms): Min: 0.0, Avg: 0.0, Max: 0.0, Diff: 0.0, Sum: 0.0]
         [Processed Buffers: Min: 0, Avg: 0.9, Max: 2, Diff: 2, Sum: 7]
      [Scan RS (ms): Min: 0.0, Avg: 0.0, Max: 0.0, Diff: 0.0, Sum: 0.0]
      [Code Root Scanning (ms): Min: 0.0, Avg: 0.0, Max: 0.0, Diff: 0.0, Sum: 0.0]
      [Object Copy (ms): Min: 0.1, Avg: 0.2, Max: 0.3, Diff: 0.2, Sum: 1.4]
      [Termination (ms): Min: 0.0, Avg: 0.0, Max: 0.1, Diff: 0.1, Sum: 0.3]
      [GC Worker Other (ms): Min: 0.0, Avg: 0.0, Max: 0.0, Diff: 0.0, Sum: 0.0]
      [GC Worker Total (ms): Min: 0.6, Avg: 0.6, Max: 0.7, Diff: 0.1, Sum: 4.9]
      [GC Worker End (ms): Min: 90458.0, Avg: 90458.0, Max: 90458.1, Diff: 0.0]
   [Code Root Fixup: 0.0 ms]
   [Code Root Migration: 0.0 ms]
   [Clear CT: 0.1 ms]
   [Other: 0.3 ms]
      [Choose CSet: 0.0 ms]
      [Ref Proc: 0.1 ms]
      [Ref Enq: 0.0 ms]
      [Free CSet: 0.0 ms]
   [Eden: 1024.0K(1024.0K)->0.0B(1024.0K) Survivors: 1024.0K->0.0B Heap: 6838.1K(8192.0K)->6838.1K(8192.0K)]
 [Times: user=0.00 sys=0.00, real=0.00 secs] 
90.460: [GC concurrent-root-region-scan-start]
90.460: [GC concurrent-root-region-scan-end, 0.0000050 secs]
90.460: [GC concurrent-mark-start]
90.460: Total time for which application threads were stopped: 0.0559790 seconds, Stopping threads took: 0.0533240 seconds
90.460: Application time: 0.0000550 seconds
90.460: [Full GC 6838K->5569K(8192K), 0.0056920 secs]
   [Eden: 0.0B(1024.0K)->0.0B(1024.0K) Survivors: 0.0B->0.0B Heap: 6838.1K(8192.0K)->5569.1K(8192.0K)], [Perm: 5126K->5126K(20480K)]
 [Times: user=0.01 sys=0.01, real=0.01 secs] 
90.466: Total time for which application threads were stopped: 0.0057690 seconds, Stopping threads took: 0.0000050 seconds
90.466: [GC concurrent-mark-abort]
91.659: Application time: 1.1927800 seconds
91.676: [GC pause (young), 0.0015670 secs]
   [Parallel Time: 0.9 ms, GC Workers: 8]
      [GC Worker Start (ms): Min: 91675.5, Avg: 91675.6, Max: 91675.6, Diff: 0.1]
      [Ext Root Scanning (ms): Min: 0.6, Avg: 0.7, Max: 0.8, Diff: 0.2, Sum: 5.3]
      [Update RS (ms): Min: 0.0, Avg: 0.0, Max: 0.0, Diff: 0.0, Sum: 0.1]
         [Processed Buffers: Min: 0, Avg: 1.0, Max: 3, Diff: 3, Sum: 8]
      [Scan RS (ms): Min: 0.0, Avg: 0.0, Max: 0.0, Diff: 0.0, Sum: 0.0]
      [Code Root Scanning (ms): Min: 0.0, Avg: 0.0, Max: 0.0, Diff: 0.0, Sum: 0.0]
      [Object Copy (ms): Min: 0.1, Avg: 0.1, Max: 0.1, Diff: 0.1, Sum: 0.7]
      [Termination (ms): Min: 0.0, Avg: 0.0, Max: 0.0, Diff: 0.0, Sum: 0.1]
      [GC Worker Other (ms): Min: 0.0, Avg: 0.0, Max: 0.0, Diff: 0.0, Sum: 0.1]
      [GC Worker Total (ms): Min: 0.7, Avg: 0.8, Max: 0.8, Diff: 0.1, Sum: 6.3]
      [GC Worker End (ms): Min: 91676.4, Avg: 91676.4, Max: 91676.4, Diff: 0.0]
   [Code Root Fixup: 0.0 ms]
   [Code Root Migration: 0.0 ms]
   [Clear CT: 0.4 ms]
   [Other: 0.3 ms]
      [Choose CSet: 0.0 ms]
      [Ref Proc: 0.2 ms]
      [Ref Enq: 0.0 ms]
      [Free CSet: 0.0 ms]
   [Eden: 1024.0K(1024.0K)->0.0B(1024.0K) Survivors: 0.0B->1024.0K Heap: 6593.1K(8192.0K)->5793.6K(8192.0K)]
 [Times: user=0.01 sys=0.00, real=0.00 secs] 
91.677: Total time for which application threads were stopped: 0.0185450 seconds, Stopping threads took: 0.0168600 seconds
92.875: Application time: 1.1976880 seconds
92.930: [GC pause (young) (initial-mark) (to-space exhausted), 0.0013030 secs]
   [Parallel Time: 0.8 ms, GC Workers: 8]
      [GC Worker Start (ms): Min: 92929.6, Avg: 92929.7, Max: 92929.7, Diff: 0.1]
      [Ext Root Scanning (ms): Min: 0.4, Avg: 0.4, Max: 0.4, Diff: 0.1, Sum: 3.2]
      [Code Root Marking (ms): Min: 0.0, Avg: 0.0, Max: 0.0, Diff: 0.0, Sum: 0.0]
      [Update RS (ms): Min: 0.0, Avg: 0.0, Max: 0.0, Diff: 0.0, Sum: 0.1]
         [Processed Buffers: Min: 0, Avg: 1.0, Max: 2, Diff: 2, Sum: 8]
      [Scan RS (ms): Min: 0.0, Avg: 0.0, Max: 0.0, Diff: 0.0, Sum: 0.0]
      [Code Root Scanning (ms): Min: 0.0, Avg: 0.0, Max: 0.0, Diff: 0.0, Sum: 0.0]
      [Object Copy (ms): Min: 0.1, Avg: 0.2, Max: 0.2, Diff: 0.1, Sum: 1.4]
      [Termination (ms): Min: 0.0, Avg: 0.0, Max: 0.1, Diff: 0.1, Sum: 0.3]
      [GC Worker Other (ms): Min: 0.0, Avg: 0.0, Max: 0.0, Diff: 0.0, Sum: 0.0]
      [GC Worker Total (ms): Min: 0.6, Avg: 0.6, Max: 0.7, Diff: 0.1, Sum: 5.0]
      [GC Worker End (ms): Min: 92930.3, Avg: 92930.3, Max: 92930.3, Diff: 0.0]
   [Code Root Fixup: 0.0 ms]
   [Code Root Migration: 0.0 ms]
   [Clear CT: 0.2 ms]
   [Other: 0.4 ms]
      [Choose CSet: 0.0 ms]
      [Ref Proc: 0.2 ms]
      [Ref Enq: 0.0 ms]
      [Free CSet: 0.0 ms]
   [Eden: 1024.0K(1024.0K)->0.0B(1024.0K) Survivors: 1024.0K->0.0B Heap: 6817.6K(8192.0K)->6817.6K(8192.0K)]
 [Times: user=0.00 sys=0.00, real=0.00 secs] 
92.931: [GC concurrent-root-region-scan-start]
92.931: [GC concurrent-root-region-scan-end, 0.0000050 secs]
92.931: 92.931[GC concurrent-mark-start]
: Total time for which application threads were stopped: 0.0561100 seconds, Stopping threads took: 0.0546860 seconds
92.932: [GC concurrent-mark-end, 0.0008290 secs]
92.932: Application time: 0.0008500 seconds
92.932: [GC pause (young), 0.0005040 secs]
   [Parallel Time: 0.4 ms, GC Workers: 8]
      [GC Worker Start (ms): Min: 92931.8, Avg: 92931.8, Max: 92931.8, Diff: 0.0]
      [Ext Root Scanning (ms): Min: 0.3, Avg: 0.3, Max: 0.3, Diff: 0.0, Sum: 2.3]
      [SATB Filtering (ms): Min: 0.0, Avg: 0.0, Max: 0.0, Diff: 0.0, Sum: 0.0]
      [Update RS (ms): Min: 0.0, Avg: 0.0, Max: 0.0, Diff: 0.0, Sum: 0.1]
         [Processed Buffers: Min: 0, Avg: 1.9, Max: 6, Diff: 6, Sum: 15]
      [Scan RS (ms): Min: 0.0, Avg: 0.0, Max: 0.0, Diff: 0.0, Sum: 0.0]
      [Code Root Scanning (ms): Min: 0.0, Avg: 0.0, Max: 0.0, Diff: 0.0, Sum: 0.0]
      [Object Copy (ms): Min: 0.0, Avg: 0.0, Max: 0.0, Diff: 0.0, Sum: 0.1]
      [Termination (ms): Min: 0.0, Avg: 0.0, Max: 0.0, Diff: 0.0, Sum: 0.2]
      [GC Worker Other (ms): Min: 0.0, Avg: 0.0, Max: 0.0, Diff: 0.0, Sum: 0.0]
      [GC Worker Total (ms): Min: 0.3, Avg: 0.3, Max: 0.4, Diff: 0.0, Sum: 2.8]
      [GC Worker End (ms): Min: 92932.2, Avg: 92932.2, Max: 92932.2, Diff: 0.0]
   [Code Root Fixup: 0.0 ms]
   [Code Root Migration: 0.0 ms]
   [Clear CT: 0.0 ms]
   [Other: 0.1 ms]
      [Choose CSet: 0.0 ms]
      [Ref Proc: 0.0 ms]
      [Ref Enq: 0.0 ms]
      [Free CSet: 0.0 ms]
   [Eden: 0.0B(1024.0K)->0.0B(1024.0K) Survivors: 0.0B->0.0B Heap: 6817.6K(8192.0K)->6817.6K(8192.0K)]
 [Times: user=0.01 sys=0.00, real=0.00 secs] 
92.932: Total time for which application threads were stopped: 0.0005790 seconds, Stopping threads took: 0.0000090 seconds
92.932: Application time: 0.0000170 seconds
92.932: [GC pause (young), 0.0004210 secs]
   [Parallel Time: 0.3 ms, GC Workers: 8]
      [GC Worker Start (ms): Min: 92932.4, Avg: 92932.4, Max: 92932.4, Diff: 0.0]
      [Ext Root Scanning (ms): Min: 0.2, Avg: 0.2, Max: 0.3, Diff: 0.0, Sum: 1.9]
      [Update RS (ms): Min: 0.0, Avg: 0.0, Max: 0.0, Diff: 0.0, Sum: 0.0]
         [Processed Buffers: Min: 0, Avg: 0.1, Max: 1, Diff: 1, Sum: 1]
      [Scan RS (ms): Min: 0.0, Avg: 0.0, Max: 0.0, Diff: 0.0, Sum: 0.0]
      [Code Root Scanning (ms): Min: 0.0, Avg: 0.0, Max: 0.0, Diff: 0.0, Sum: 0.0]
      [Object Copy (ms): Min: 0.0, Avg: 0.0, Max: 0.0, Diff: 0.0, Sum: 0.1]
      [Termination (ms): Min: 0.0, Avg: 0.0, Max: 0.0, Diff: 0.0, Sum: 0.2]
      [GC Worker Other (ms): Min: 0.0, Avg: 0.0, Max: 0.0, Diff: 0.0, Sum: 0.0]
      [GC Worker Total (ms): Min: 0.3, Avg: 0.3, Max: 0.3, Diff: 0.0, Sum: 2.2]
      [GC Worker End (ms): Min: 92932.7, Avg: 92932.7, Max: 92932.7, Diff: 0.0]
   [Code Root Fixup: 0.0 ms]
   [Code Root Migration: 0.0 ms]
   [Clear CT: 0.0 ms]
   [Other: 0.1 ms]
      [Choose CSet: 0.0 ms]
      [Ref Proc: 0.0 ms]
      [Ref Enq: 0.0 ms]
      [Free CSet: 0.0 ms]
   [Eden: 0.0B(1024.0K)->0.0B(1024.0K) Survivors: 0.0B->0.0B Heap: 6817.6K(8192.0K)->6817.6K(8192.0K)]
 [Times: user=0.00 sys=0.00, real=0.00 secs] 
92.933: Total time for which application threads were stopped: 0.0004750 seconds, Stopping threads took: 0.0000040 seconds
92.933: Application time: 0.0000140 seconds
92.933: [GC pause (young), 0.0004250 secs]
   [Parallel Time: 0.3 ms, GC Workers: 8]
      [GC Worker Start (ms): Min: 92932.9, Avg: 92932.9, Max: 92932.9, Diff: 0.0]
      [Ext Root Scanning (ms): Min: 0.2, Avg: 0.2, Max: 0.3, Diff: 0.0, Sum: 1.8]
      [Update RS (ms): Min: 0.0, Avg: 0.0, Max: 0.0, Diff: 0.0, Sum: 0.0]
         [Processed Buffers: Min: 0, Avg: 0.1, Max: 1, Diff: 1, Sum: 1]
      [Scan RS (ms): Min: 0.0, Avg: 0.0, Max: 0.0, Diff: 0.0, Sum: 0.0]
      [Code Root Scanning (ms): Min: 0.0, Avg: 0.0, Max: 0.0, Diff: 0.0, Sum: 0.0]
      [Object Copy (ms): Min: 0.0, Avg: 0.0, Max: 0.0, Diff: 0.0, Sum: 0.1]
      [Termination (ms): Min: 0.0, Avg: 0.0, Max: 0.1, Diff: 0.1, Sum: 0.3]
      [GC Worker Other (ms): Min: -0.0, Avg: 0.0, Max: 0.0, Diff: 0.0, Sum: 0.0]
      [GC Worker Total (ms): Min: 0.3, Avg: 0.3, Max: 0.3, Diff: 0.0, Sum: 2.2]
      [GC Worker End (ms): Min: 92933.2, Avg: 92933.2, Max: 92933.2, Diff: 0.0]
   [Code Root Fixup: 0.0 ms]
   [Code Root Migration: 0.0 ms]
   [Clear CT: 0.0 ms]
   [Other: 0.1 ms]
      [Choose CSet: 0.0 ms]
      [Ref Proc: 0.0 ms]
      [Ref Enq: 0.0 ms]
      [Free CSet: 0.0 ms]
   [Eden: 0.0B(1024.0K)->0.0B(1024.0K) Survivors: 0.0B->0.0B Heap: 6817.6K(8192.0K)->6817.6K(8192.0K)]
 [Times: user=0.00 sys=0.00, real=0.00 secs] 
92.933: Total time for which application threads were stopped: 0.0004780 seconds, Stopping threads took: 0.0000030 seconds
92.933: Application time: 0.0000130 seconds
92.933: [Full GC 6817K->5570K(8192K), 0.0054390 secs]
   [Eden: 0.0B(1024.0K)->0.0B(1024.0K) Survivors: 0.0B->0.0B Heap: 6817.6K(8192.0K)->5570.7K(8192.0K)], [Perm: 5126K->5126K(20480K)]
 [Times: user=0.01 sys=0.00, real=0.00 secs] 
92.939: Total time for which application threads were stopped: 0.0055060 seconds, Stopping threads took: 0.0000030 seconds
92.939: Application time: 0.0000560 seconds
92.939: [GC remark, 0.0000070 secs]
 [Times: user=0.00 sys=0.00, real=0.00 secs] 
92.939: Total time for which application threads were stopped: 0.0000700 seconds, Stopping threads took: 0.0000460 seconds
92.939: [GC concurrent-mark-abort]
92.939: Application time: 0.0001000 seconds
92.939: Total time for which application threads were stopped: 0.0000580 seconds, Stopping threads took: 0.0000510 seconds
94.249: Application time: 1.3103380 seconds
94.303: [GC pause (young), 0.0012050 secs]
   [Parallel Time: 0.9 ms, GC Workers: 8]
      [GC Worker Start (ms): Min: 94302.8, Avg: 94302.9, Max: 94302.9, Diff: 0.1]
      [Ext Root Scanning (ms): Min: 0.6, Avg: 0.7, Max: 0.7, Diff: 0.1, Sum: 5.3]
      [Update RS (ms): Min: 0.0, Avg: 0.0, Max: 0.0, Diff: 0.0, Sum: 0.0]
         [Processed Buffers: Min: 0, Avg: 1.0, Max: 2, Diff: 2, Sum: 8]
      [Scan RS (ms): Min: 0.0, Avg: 0.0, Max: 0.0, Diff: 0.0, Sum: 0.0]
      [Code Root Scanning (ms): Min: 0.0, Avg: 0.0, Max: 0.0, Diff: 0.0, Sum: 0.0]
      [Object Copy (ms): Min: 0.1, Avg: 0.1, Max: 0.1, Diff: 0.1, Sum: 0.7]
      [Termination (ms): Min: 0.0, Avg: 0.0, Max: 0.0, Diff: 0.0, Sum: 0.1]
      [GC Worker Other (ms): Min: 0.0, Avg: 0.0, Max: 0.0, Diff: 0.0, Sum: 0.1]
      [GC Worker Total (ms): Min: 0.7, Avg: 0.8, Max: 0.8, Diff: 0.1, Sum: 6.2]
      [GC Worker End (ms): Min: 94303.7, Avg: 94303.7, Max: 94303.7, Diff: 0.0]
   [Code Root Fixup: 0.0 ms]
   [Code Root Migration: 0.0 ms]
   [Clear CT: 0.1 ms]
   [Other: 0.2 ms]
      [Choose CSet: 0.0 ms]
      [Ref Proc: 0.2 ms]
      [Ref Enq: 0.0 ms]
      [Free CSet: 0.0 ms]
   [Eden: 1024.0K(1024.0K)->0.0B(1024.0K) Survivors: 0.0B->1024.0K Heap: 6594.7K(8192.0K)->5795.2K(8192.0K)]
 [Times: user=0.01 sys=0.00, real=0.00 secs] 
94.304: Total time for which application threads were stopped: 0.0545680 seconds, Stopping threads took: 0.0532650 seconds
95.442: Application time: 1.1380210 seconds
95.449: [GC pause (young) (initial-mark) (to-space exhausted), 0.0009320 secs]
   [Parallel Time: 0.7 ms, GC Workers: 8]
      [GC Worker Start (ms): Min: 95449.1, Avg: 95449.2, Max: 95449.2, Diff: 0.0]
      [Ext Root Scanning (ms): Min: 0.4, Avg: 0.4, Max: 0.4, Diff: 0.1, Sum: 3.2]
      [Code Root Marking (ms): Min: 0.0, Avg: 0.0, Max: 0.0, Diff: 0.0, Sum: 0.0]
      [Update RS (ms): Min: 0.0, Avg: 0.0, Max: 0.0, Diff: 0.0, Sum: 0.0]
         [Processed Buffers: Min: 0, Avg: 1.0, Max: 3, Diff: 3, Sum: 8]
      [Scan RS (ms): Min: 0.0, Avg: 0.0, Max: 0.0, Diff: 0.0, Sum: 0.0]
      [Code Root Scanning (ms): Min: 0.0, Avg: 0.0, Max: 0.0, Diff: 0.0, Sum: 0.0]
      [Object Copy (ms): Min: 0.1, Avg: 0.2, Max: 0.2, Diff: 0.1, Sum: 1.3]
      [Termination (ms): Min: 0.0, Avg: 0.0, Max: 0.1, Diff: 0.1, Sum: 0.2]
      [GC Worker Other (ms): Min: 0.0, Avg: 0.0, Max: 0.0, Diff: 0.0, Sum: 0.0]
      [GC Worker Total (ms): Min: 0.6, Avg: 0.6, Max: 0.6, Diff: 0.0, Sum: 4.9]
      [GC Worker End (ms): Min: 95449.8, Avg: 95449.8, Max: 95449.8, Diff: 0.0]
   [Code Root Fixup: 0.0 ms]
   [Code Root Migration: 0.0 ms]
   [Clear CT: 0.0 ms]
   [Other: 0.2 ms]
      [Choose CSet: 0.0 ms]
      [Ref Proc: 0.1 ms]
      [Ref Enq: 0.0 ms]
      [Free CSet: 0.0 ms]
   [Eden: 1024.0K(1024.0K)->0.0B(1024.0K) Survivors: 1024.0K->0.0B Heap: 6819.2K(8192.0K)->6819.2K(8192.0K)]
 [Times: user=0.01 sys=0.00, real=0.01 secs] 
95.450: [GC concurrent-root-region-scan-start]
95.450: 95.450: Total time for which application threads were stopped: 0.0080050 seconds, Stopping threads took: 0.0069710 seconds
[GC concurrent-root-region-scan-end, 0.0000030 secs]
95.450: [GC concurrent-mark-start]
95.450: Application time: 0.0000520 seconds
95.450: [Full GC 6819K->5572K(8192K), 0.0055620 secs]
   [Eden: 0.0B(1024.0K)->0.0B(1024.0K) Survivors: 0.0B->0.0B Heap: 6819.2K(8192.0K)->5572.2K(8192.0K)], [Perm: 5126K->5126K(20480K)]
 [Times: user=0.00 sys=0.00, real=0.00 secs] 
95.456: Total time for which application threads were stopped: 0.0056370 seconds, Stopping threads took: 0.0000060 seconds
95.456: [GC concurrent-mark-abort]
96.661: Application time: 1.2051210 seconds
96.717: [GC pause (young), 0.0017510 secs]
   [Parallel Time: 0.9 ms, GC Workers: 8]
      [GC Worker Start (ms): Min: 96717.1, Avg: 96717.1, Max: 96717.2, Diff: 0.1]
      [Ext Root Scanning (ms): Min: 0.6, Avg: 0.7, Max: 0.7, Diff: 0.1, Sum: 5.4]
      [Update RS (ms): Min: 0.0, Avg: 0.0, Max: 0.0, Diff: 0.0, Sum: 0.1]
         [Processed Buffers: Min: 0, Avg: 0.9, Max: 2, Diff: 2, Sum: 7]
      [Scan RS (ms): Min: 0.0, Avg: 0.0, Max: 0.0, Diff: 0.0, Sum: 0.0]
      [Code Root Scanning (ms): Min: 0.0, Avg: 0.0, Max: 0.0, Diff: 0.0, Sum: 0.0]
      [Object Copy (ms): Min: 0.1, Avg: 0.1, Max: 0.1, Diff: 0.0, Sum: 0.8]
      [Termination (ms): Min: 0.0, Avg: 0.0, Max: 0.0, Diff: 0.0, Sum: 0.0]
      [GC Worker Other (ms): Min: 0.0, Avg: 0.0, Max: 0.0, Diff: 0.0, Sum: 0.0]
      [GC Worker Total (ms): Min: 0.8, Avg: 0.8, Max: 0.8, Diff: 0.1, Sum: 6.3]
      [GC Worker End (ms): Min: 96717.9, Avg: 96717.9, Max: 96717.9, Diff: 0.0]
   [Code Root Fixup: 0.0 ms]
   [Code Root Migration: 0.0 ms]
   [Clear CT: 0.7 ms]
   [Other: 0.2 ms]
      [Choose CSet: 0.0 ms]
      [Ref Proc: 0.2 ms]
      [Ref Enq: 0.0 ms]
      [Free CSet: 0.0 ms]
   [Eden: 1024.0K(1024.0K)->0.0B(1024.0K) Survivors: 0.0B->1024.0K Heap: 6596.2K(8192.0K)->5820.7K(8192.0K)]
 [Times: user=0.01 sys=0.00, real=0.00 secs] 
96.719: Total time for which application threads were stopped: 0.0579570 seconds, Stopping threads took: 0.0561020 seconds
97.975: Application time: 1.2561180 seconds
98.029: [GC pause (young) (initial-mark) (to-space exhausted), 0.0015480 secs]
   [Parallel Time: 0.7 ms, GC Workers: 8]
      [GC Worker Start (ms): Min: 98029.1, Avg: 98029.2, Max: 98029.2, Diff: 0.1]
      [Ext Root Scanning (ms): Min: 0.4, Avg: 0.4, Max: 0.5, Diff: 0.1, Sum: 3.2]
      [Code Root Marking (ms): Min: 0.0, Avg: 0.0, Max: 0.0, Diff: 0.0, Sum: 0.0]
      [Update RS (ms): Min: 0.0, Avg: 0.0, Max: 0.0, Diff: 0.0, Sum: 0.1]
         [Processed Buffers: Min: 0, Avg: 1.0, Max: 4, Diff: 4, Sum: 8]
      [Scan RS (ms): Min: 0.0, Avg: 0.0, Max: 0.0, Diff: 0.0, Sum: 0.0]
      [Code Root Scanning (ms): Min: 0.0, Avg: 0.0, Max: 0.0, Diff: 0.0, Sum: 0.0]
      [Object Copy (ms): Min: 0.1, Avg: 0.2, Max: 0.2, Diff: 0.1, Sum: 1.4]
      [Termination (ms): Min: 0.0, Avg: 0.0, Max: 0.1, Diff: 0.1, Sum: 0.3]
      [GC Worker Other (ms): Min: 0.0, Avg: 0.0, Max: 0.0, Diff: 0.0, Sum: 0.0]
      [GC Worker Total (ms): Min: 0.6, Avg: 0.6, Max: 0.7, Diff: 0.1, Sum: 5.1]
      [GC Worker End (ms): Min: 98029.8, Avg: 98029.8, Max: 98029.8, Diff: 0.0]
   [Code Root Fixup: 0.0 ms]
   [Code Root Migration: 0.0 ms]
   [Clear CT: 0.5 ms]
   [Other: 0.3 ms]
      [Choose CSet: 0.0 ms]
      [Ref Proc: 0.1 ms]
      [Ref Enq: 0.0 ms]
      [Free CSet: 0.0 ms]
   [Eden: 1024.0K(1024.0K)->0.0B(1024.0K) Survivors: 1024.0K->0.0B Heap: 6844.7K(8192.0K)->6844.7K(8192.0K)]
 [Times: user=0.01 sys=0.00, real=0.01 secs] 
98.031: [GC concurrent-root-region-scan-start]
98.031: 98.031[GC concurrent-root-region-scan-end, 0.0000050 secs]
: 98.031: [GC concurrent-mark-start]
Total time for which application threads were stopped: 0.0557190 seconds, Stopping threads took: 0.0540530 seconds
98.031: Application time: 0.0000500 seconds
98.031: [GC pause (young), 0.0005320 secs]
   [Parallel Time: 0.4 ms, GC Workers: 8]
      [GC Worker Start (ms): Min: 98030.8, Avg: 98030.8, Max: 98030.8, Diff: 0.0]
      [Ext Root Scanning (ms): Min: 0.3, Avg: 0.3, Max: 0.3, Diff: 0.1, Sum: 2.2]
      [Update RS (ms): Min: 0.0, Avg: 0.0, Max: 0.0, Diff: 0.0, Sum: 0.1]
         [Processed Buffers: Min: 0, Avg: 1.5, Max: 6, Diff: 6, Sum: 12]
      [Scan RS (ms): Min: 0.0, Avg: 0.0, Max: 0.0, Diff: 0.0, Sum: 0.0]
      [Code Root Scanning (ms): Min: 0.0, Avg: 0.0, Max: 0.0, Diff: 0.0, Sum: 0.0]
      [Object Copy (ms): Min: 0.0, Avg: 0.0, Max: 0.0, Diff: 0.0, Sum: 0.1]
      [Termination (ms): Min: 0.0, Avg: 0.0, Max: 0.1, Diff: 0.1, Sum: 0.4]
      [GC Worker Other (ms): Min: 0.0, Avg: 0.0, Max: 0.0, Diff: 0.0, Sum: 0.0]
      [GC Worker Total (ms): Min: 0.3, Avg: 0.3, Max: 0.4, Diff: 0.0, Sum: 2.8]
      [GC Worker End (ms): Min: 98031.1, Avg: 98031.2, Max: 98031.2, Diff: 0.0]
   [Code Root Fixup: 0.0 ms]
   [Code Root Migration: 0.0 ms]
   [Clear CT: 0.0 ms]
   [Other: 0.1 ms]
      [Choose CSet: 0.0 ms]
      [Ref Proc: 0.1 ms]
      [Ref Enq: 0.0 ms]
      [Free CSet: 0.0 ms]
   [Eden: 0.0B(1024.0K)->0.0B(1024.0K) Survivors: 0.0B->0.0B Heap: 6844.7K(8192.0K)->6844.7K(8192.0K)]
 [Times: user=0.00 sys=0.00, real=0.00 secs] 
98.031: Total time for which application threads were stopped: 0.0005950 seconds, Stopping threads took: 0.0000050 seconds
98.031: Application time: 0.0000270 seconds
98.031: [GC pause (young), 0.0004480 secs]
   [Parallel Time: 0.3 ms, GC Workers: 8]
      [GC Worker Start (ms): Min: 98031.4, Avg: 98031.4, Max: 98031.4, Diff: 0.0]
      [Ext Root Scanning (ms): Min: 0.2, Avg: 0.2, Max: 0.3, Diff: 0.1, Sum: 1.9]
      [Update RS (ms): Min: 0.0, Avg: 0.0, Max: 0.0, Diff: 0.0, Sum: 0.0]
         [Processed Buffers: Min: 0, Avg: 0.1, Max: 1, Diff: 1, Sum: 1]
      [Scan RS (ms): Min: 0.0, Avg: 0.0, Max: 0.0, Diff: 0.0, Sum: 0.0]
      [Code Root Scanning (ms): Min: 0.0, Avg: 0.0, Max: 0.0, Diff: 0.0, Sum: 0.0]
      [Object Copy (ms): Min: 0.0, Avg: 0.0, Max: 0.0, Diff: 0.0, Sum: 0.1]
      [Termination (ms): Min: 0.0, Avg: 0.0, Max: 0.1, Diff: 0.1, Sum: 0.3]
      [GC Worker Other (ms): Min: 0.0, Avg: 0.0, Max: 0.0, Diff: 0.0, Sum: 0.0]
      [GC Worker Total (ms): Min: 0.3, Avg: 0.3, Max: 0.3, Diff: 0.0, Sum: 2.3]
      [GC Worker End (ms): Min: 98031.7, Avg: 98031.7, Max: 98031.7, Diff: 0.0]
   [Code Root Fixup: 0.0 ms]
   [Code Root Migration: 0.0 ms]
   [Clear CT: 0.0 ms]
   [Other: 0.1 ms]
      [Choose CSet: 0.0 ms]
      [Ref Proc: 0.1 ms]
      [Ref Enq: 0.0 ms]
      [Free CSet: 0.0 ms]
   [Eden: 0.0B(1024.0K)->0.0B(1024.0K) Survivors: 0.0B->0.0B Heap: 6844.7K(8192.0K)->6844.7K(8192.0K)]
 [Times: user=0.00 sys=0.00, real=0.00 secs] 
98.032: Total time for which application threads were stopped: 0.0004980 seconds, Stopping threads took: 0.0000030 seconds
98.032: Application time: 0.0000260 seconds
98.032: [Full GC 6844K->5573K(8192K), 0.0056870 secs]
   [Eden: 0.0B(1024.0K)->0.0B(1024.0K) Survivors: 0.0B->0.0B Heap: 6844.7K(8192.0K)->5573.6K(8192.0K)], [Perm: 5126K->5126K(20480K)]
 [Times: user=0.01 sys=0.00, real=0.00 secs] 
98.038: Total time for which application threads were stopped: 0.0057470 seconds, Stopping threads took: 0.0000050 seconds
98.038: [GC concurrent-mark-abort]
99.236: Application time: 1.1982380 seconds
99.291: [GC pause (young), 0.0013630 secs]
   [Parallel Time: 0.9 ms, GC Workers: 8]
      [GC Worker Start (ms): Min: 99291.4, Avg: 99291.4, Max: 99291.5, Diff: 0.1]
      [Ext Root Scanning (ms): Min: 0.6, Avg: 0.7, Max: 0.7, Diff: 0.1, Sum: 5.4]
      [Update RS (ms): Min: 0.0, Avg: 0.0, Max: 0.0, Diff: 0.0, Sum: 0.0]
         [Processed Buffers: Min: 0, Avg: 1.0, Max: 3, Diff: 3, Sum: 8]
      [Scan RS (ms): Min: 0.0, Avg: 0.0, Max: 0.0, Diff: 0.0, Sum: 0.0]
      [Code Root Scanning (ms): Min: 0.0, Avg: 0.0, Max: 0.0, Diff: 0.0, Sum: 0.0]
      [Object Copy (ms): Min: 0.1, Avg: 0.1, Max: 0.1, Diff: 0.0, Sum: 0.7]
      [Termination (ms): Min: 0.0, Avg: 0.0, Max: 0.0, Diff: 0.0, Sum: 0.1]
      [GC Worker Other (ms): Min: 0.0, Avg: 0.0, Max: 0.0, Diff: 0.0, Sum: 0.1]
      [GC Worker Total (ms): Min: 0.7, Avg: 0.8, Max: 0.8, Diff: 0.1, Sum: 6.3]
      [GC Worker End (ms): Min: 99292.2, Avg: 99292.2, Max: 99292.2, Diff: 0.0]
   [Code Root Fixup: 0.0 ms]
   [Code Root Migration: 0.0 ms]
   [Clear CT: 0.3 ms]
   [Other: 0.2 ms]
      [Choose CSet: 0.0 ms]
      [Ref Proc: 0.1 ms]
      [Ref Enq: 0.0 ms]
      [Free CSet: 0.0 ms]
   [Eden: 1024.0K(1024.0K)->0.0B(1024.0K) Survivors: 0.0B->1024.0K Heap: 6597.6K(8192.0K)->5790.1K(8192.0K)]
 [Times: user=0.01 sys=0.00, real=0.00 secs] 
99.293: Total time for which application threads were stopped: 0.0568730 seconds, Stopping threads took: 0.0553920 seconds
100.493: Application time: 1.2001200 seconds
100.548: [GC pause (young) (initial-mark) (to-space exhausted), 0.0010040 secs]
   [Parallel Time: 0.7 ms, GC Workers: 8]
      [GC Worker Start (ms): Min: 100547.6, Avg: 100547.6, Max: 100547.7, Diff: 0.1]
      [Ext Root Scanning (ms): Min: 0.4, Avg: 0.4, Max: 0.5, Diff: 0.2, Sum: 3.2]
      [Code Root Marking (ms): Min: 0.0, Avg: 0.0, Max: 0.0, Diff: 0.0, Sum: 0.0]
      [Update RS (ms): Min: 0.0, Avg: 0.0, Max: 0.0, Diff: 0.0, Sum: 0.0]
         [Processed Buffers: Min: 0, Avg: 1.1, Max: 4, Diff: 4, Sum: 9]
      [Scan RS (ms): Min: 0.0, Avg: 0.0, Max: 0.0, Diff: 0.0, Sum: 0.0]
      [Code Root Scanning (ms): Min: 0.0, Avg: 0.0, Max: 0.0, Diff: 0.0, Sum: 0.0]
      [Object Copy (ms): Min: 0.1, Avg: 0.2, Max: 0.2, Diff: 0.2, Sum: 1.3]
      [Termination (ms): Min: 0.0, Avg: 0.0, Max: 0.1, Diff: 0.1, Sum: 0.3]
      [GC Worker Other (ms): Min: 0.0, Avg: 0.0, Max: 0.0, Diff: 0.0, Sum: 0.0]
      [GC Worker Total (ms): Min: 0.6, Avg: 0.6, Max: 0.7, Diff: 0.1, Sum: 5.0]
      [GC Worker End (ms): Min: 100548.3, Avg: 100548.3, Max: 100548.3, Diff: 0.0]
   [Code Root Fixup: 0.0 ms]
   [Code Root Migration: 0.0 ms]
   [Clear CT: 0.0 ms]
   [Other: 0.2 ms]
      [Choose CSet: 0.0 ms]
      [Ref Proc: 0.1 ms]
      [Ref Enq: 0.0 ms]
      [Free CSet: 0.0 ms]
   [Eden: 1024.0K(1024.0K)->0.0B(1024.0K) Survivors: 1024.0K->0.0B Heap: 6814.1K(8192.0K)->6814.1K(8192.0K)]
 [Times: user=0.00 sys=0.00, real=0.00 secs] 
100.549: [GC concurrent-root-region-scan-start]
100.549: [GC concurrent-root-region-scan-end, 0.0000060 secs]
100.549: 100.549: [GC concurrent-mark-start]
Total time for which application threads were stopped: 0.0557640 seconds, Stopping threads took: 0.0546530 seconds
100.549: Application time: 0.0000480 seconds
100.549: [GC pause (young), 0.0005280 secs]
   [Parallel Time: 0.4 ms, GC Workers: 8]
      [GC Worker Start (ms): Min: 100548.7, Avg: 100548.8, Max: 100549.1, Diff: 0.4]
      [Ext Root Scanning (ms): Min: 0.0, Avg: 0.3, Max: 0.3, Diff: 0.3, Sum: 2.0]
      [SATB Filtering (ms): Min: 0.0, Avg: 0.0, Max: 0.0, Diff: 0.0, Sum: 0.0]
      [Update RS (ms): Min: 0.0, Avg: 0.0, Max: 0.0, Diff: 0.0, Sum: 0.1]
         [Processed Buffers: Min: 0, Avg: 1.5, Max: 6, Diff: 6, Sum: 12]
      [Scan RS (ms): Min: 0.0, Avg: 0.0, Max: 0.0, Diff: 0.0, Sum: 0.0]
      [Code Root Scanning (ms): Min: 0.0, Avg: 0.0, Max: 0.0, Diff: 0.0, Sum: 0.0]
      [Object Copy (ms): Min: 0.0, Avg: 0.0, Max: 0.0, Diff: 0.0, Sum: 0.1]
      [Termination (ms): Min: 0.0, Avg: 0.0, Max: 0.1, Diff: 0.1, Sum: 0.4]
      [GC Worker Other (ms): Min: 0.0, Avg: 0.0, Max: 0.0, Diff: 0.0, Sum: 0.0]
      [GC Worker Total (ms): Min: 0.0, Avg: 0.3, Max: 0.4, Diff: 0.4, Sum: 2.6]
      [GC Worker End (ms): Min: 100549.1, Avg: 100549.1, Max: 100549.1, Diff: 0.0]
   [Code Root Fixup: 0.0 ms]
   [Code Root Migration: 0.0 ms]
   [Clear CT: 0.0 ms]
   [Other: 0.1 ms]
      [Choose CSet: 0.0 ms]
      [Ref Proc: 0.1 ms]
      [Ref Enq: 0.0 ms]
      [Free CSet: 0.0 ms]
   [Eden: 0.0B(1024.0K)->0.0B(1024.0K) Survivors: 0.0B->0.0B Heap: 6814.1K(8192.0K)->6814.1K(8192.0K)]
 [Times: user=0.01 sys=0.00, real=0.00 secs] 
100.549: Total time for which application threads were stopped: 0.0005960 seconds, Stopping threads took: 0.0000060 seconds
100.549: Application time: 0.0000290 seconds
100.549: [GC pause (young), 0.0004460 secs]
   [Parallel Time: 0.3 ms, GC Workers: 8]
      [GC Worker Start (ms): Min: 100549.4, Avg: 100549.4, Max: 100549.4, Diff: 0.0]
      [Ext Root Scanning (ms): Min: 0.2, Avg: 0.2, Max: 0.3, Diff: 0.0, Sum: 1.9]
      [SATB Filtering (ms): Min: 0.0, Avg: 0.0, Max: 0.0, Diff: 0.0, Sum: 0.0]
      [Update RS (ms): Min: 0.0, Avg: 0.0, Max: 0.0, Diff: 0.0, Sum: 0.0]
         [Processed Buffers: Min: 0, Avg: 0.1, Max: 1, Diff: 1, Sum: 1]
      [Scan RS (ms): Min: 0.0, Avg: 0.0, Max: 0.0, Diff: 0.0, Sum: 0.0]
      [Code Root Scanning (ms): Min: 0.0, Avg: 0.0, Max: 0.0, Diff: 0.0, Sum: 0.0]
      [Object Copy (ms): Min: 0.0, Avg: 0.0, Max: 0.0, Diff: 0.0, Sum: 0.1]
      [Termination (ms): Min: 0.0, Avg: 0.0, Max: 0.1, Diff: 0.1, Sum: 0.3]
      [GC Worker Other (ms): Min: -0.0, Avg: 0.0, Max: 0.0, Diff: 0.0, Sum: 0.0]
      [GC Worker Total (ms): Min: 0.3, Avg: 0.3, Max: 0.3, Diff: 0.0, Sum: 2.4]
      [GC Worker End (ms): Min: 100549.7, Avg: 100549.7, Max: 100549.7, Diff: 0.0]
   [Code Root Fixup: 0.0 ms]
   [Code Root Migration: 0.0 ms]
   [Clear CT: 0.0 ms]
   [Other: 0.1 ms]
      [Choose CSet: 0.0 ms]
      [Ref Proc: 0.0 ms]
      [Ref Enq: 0.0 ms]
      [Free CSet: 0.0 ms]
   [Eden: 0.0B(1024.0K)->0.0B(1024.0K) Survivors: 0.0B->0.0B Heap: 6814.1K(8192.0K)->6814.1K(8192.0K)]
 [Times: user=0.00 sys=0.00, real=0.01 secs] 
100.550: Total time for which application threads were stopped: 0.0005080 seconds, Stopping threads took: 0.0000050 seconds
100.550: Application time: 0.0000300 seconds
100.550: [Full GC 6814K->5575K(8192K), 0.0056640 secs]
   [Eden: 0.0B(1024.0K)->0.0B(1024.0K) Survivors: 0.0B->0.0B Heap: 6814.1K(8192.0K)->5575.2K(8192.0K)], [Perm: 5126K->5126K(20480K)]
 [Times: user=0.01 sys=0.00, real=0.00 secs] 
100.556: Total time for which application threads were stopped: 0.0057210 seconds, Stopping threads took: 0.0000040 seconds
100.556: [GC concurrent-mark-abort]
101.756: Application time: 1.2005740 seconds
101.810: [GC pause (young), 0.0011430 secs]
   [Parallel Time: 0.9 ms, GC Workers: 8]
      [GC Worker Start (ms): Min: 101810.3, Avg: 101810.3, Max: 101810.3, Diff: 0.1]
      [Ext Root Scanning (ms): Min: 0.6, Avg: 0.7, Max: 0.8, Diff: 0.2, Sum: 5.5]
      [Update RS (ms): Min: 0.0, Avg: 0.0, Max: 0.0, Diff: 0.0, Sum: 0.1]
         [Processed Buffers: Min: 0, Avg: 1.0, Max: 3, Diff: 3, Sum: 8]
      [Scan RS (ms): Min: 0.0, Avg: 0.0, Max: 0.0, Diff: 0.0, Sum: 0.0]
      [Code Root Scanning (ms): Min: 0.0, Avg: 0.0, Max: 0.0, Diff: 0.0, Sum: 0.0]
      [Object Copy (ms): Min: 0.0, Avg: 0.1, Max: 0.1, Diff: 0.1, Sum: 0.7]
      [Termination (ms): Min: 0.0, Avg: 0.0, Max: 0.0, Diff: 0.0, Sum: 0.3]
      [GC Worker Other (ms): Min: 0.0, Avg: 0.0, Max: 0.0, Diff: 0.0, Sum: 0.0]
      [GC Worker Total (ms): Min: 0.8, Avg: 0.8, Max: 0.9, Diff: 0.1, Sum: 6.7]
      [GC Worker End (ms): Min: 101811.1, Avg: 101811.1, Max: 101811.2, Diff: 0.0]
   [Code Root Fixup: 0.0 ms]
   [Code Root Migration: 0.0 ms]
   [Clear CT: 0.1 ms]
   [Other: 0.1 ms]
      [Choose CSet: 0.0 ms]
      [Ref Proc: 0.1 ms]
      [Ref Enq: 0.0 ms]
      [Free CSet: 0.0 ms]
   [Eden: 1024.0K(1024.0K)->0.0B(1024.0K) Survivors: 0.0B->1024.0K Heap: 6599.2K(8192.0K)->5799.7K(8192.0K)]
 [Times: user=0.01 sys=0.00, real=0.00 secs] 
101.811: Total time for which application threads were stopped: 0.0552960 seconds, Stopping threads took: 0.0540570 seconds
103.011: Application time: 1.1997570 seconds
103.067: [GC pause (young) (initial-mark) (to-space exhausted), 0.0009920 secs]
   [Parallel Time: 0.7 ms, GC Workers: 8]
      [GC Worker Start (ms): Min: 103067.4, Avg: 103067.4, Max: 103067.5, Diff: 0.1]
      [Ext Root Scanning (ms): Min: 0.3, Avg: 0.4, Max: 0.4, Diff: 0.1, Sum: 3.1]
      [Code Root Marking (ms): Min: 0.0, Avg: 0.0, Max: 0.0, Diff: 0.0, Sum: 0.0]
      [Update RS (ms): Min: 0.0, Avg: 0.0, Max: 0.0, Diff: 0.0, Sum: 0.1]
         [Processed Buffers: Min: 0, Avg: 1.0, Max: 3, Diff: 3, Sum: 8]
      [Scan RS (ms): Min: 0.0, Avg: 0.0, Max: 0.0, Diff: 0.0, Sum: 0.0]
      [Code Root Scanning (ms): Min: 0.0, Avg: 0.0, Max: 0.0, Diff: 0.0, Sum: 0.0]
      [Object Copy (ms): Min: 0.1, Avg: 0.2, Max: 0.3, Diff: 0.2, Sum: 1.4]
      [Termination (ms): Min: 0.0, Avg: 0.0, Max: 0.1, Diff: 0.1, Sum: 0.3]
      [GC Worker Other (ms): Min: 0.0, Avg: 0.0, Max: 0.0, Diff: 0.0, Sum: 0.0]
      [GC Worker Total (ms): Min: 0.6, Avg: 0.6, Max: 0.6, Diff: 0.1, Sum: 4.9]
      [GC Worker End (ms): Min: 103068.0, Avg: 103068.0, Max: 103068.0, Diff: 0.0]
   [Code Root Fixup: 0.0 ms]
   [Code Root Migration: 0.0 ms]
   [Clear CT: 0.0 ms]
   [Other: 0.3 ms]
      [Choose CSet: 0.0 ms]
      [Ref Proc: 0.1 ms]
      [Ref Enq: 0.0 ms]
      [Free CSet: 0.0 ms]
   [Eden: 1024.0K(1024.0K)->0.0B(1024.0K) Survivors: 1024.0K->0.0B Heap: 6823.7K(8192.0K)->6823.7K(8192.0K)]
 [Times: user=0.01 sys=0.00, real=0.00 secs] 
103.068: [GC concurrent-root-region-scan-start]
103.068: [GC concurrent-root-region-scan-end, 0.0000060 secs]
103.068: 103.068: [GC concurrent-mark-start]
Total time for which application threads were stopped: 0.0572040 seconds, Stopping threads took: 0.0561030 seconds
103.068: Application time: 0.0000550 seconds
103.123: [Full GC 6823K->5576K(8192K), 0.0057530 secs]
   [Eden: 0.0B(1024.0K)->0.0B(1024.0K) Survivors: 0.0B->0.0B Heap: 6823.7K(8192.0K)->5576.7K(8192.0K)], [Perm: 5126K->5126K(20480K)]
 [Times: user=0.01 sys=0.00, real=0.00 secs] 
103.129: Total time for which application threads were stopped: 0.0600500 seconds, Stopping threads took: 0.0542330 seconds
103.129: [GC concurrent-mark-abort]
104.437: Application time: 1.3087550 seconds
104.491: [GC pause (young), 0.0019130 secs]
   [Parallel Time: 1.1 ms, GC Workers: 8]
      [GC Worker Start (ms): Min: 104490.8, Avg: 104490.8, Max: 104490.9, Diff: 0.1]
      [Ext Root Scanning (ms): Min: 0.7, Avg: 0.7, Max: 0.7, Diff: 0.0, Sum: 5.5]
      [Update RS (ms): Min: 0.0, Avg: 0.0, Max: 0.0, Diff: 0.0, Sum: 0.0]
         [Processed Buffers: Min: 0, Avg: 1.0, Max: 2, Diff: 2, Sum: 8]
      [Scan RS (ms): Min: 0.0, Avg: 0.0, Max: 0.0, Diff: 0.0, Sum: 0.0]
      [Code Root Scanning (ms): Min: 0.0, Avg: 0.0, Max: 0.0, Diff: 0.0, Sum: 0.0]
      [Object Copy (ms): Min: 0.1, Avg: 0.1, Max: 0.1, Diff: 0.0, Sum: 0.8]
      [Termination (ms): Min: 0.0, Avg: 0.0, Max: 0.0, Diff: 0.0, Sum: 0.1]
      [GC Worker Other (ms): Min: 0.0, Avg: 0.0, Max: 0.0, Diff: 0.0, Sum: 0.0]
      [GC Worker Total (ms): Min: 0.8, Avg: 0.8, Max: 0.8, Diff: 0.1, Sum: 6.4]
      [GC Worker End (ms): Min: 104491.6, Avg: 104491.6, Max: 104491.6, Diff: 0.0]
   [Code Root Fixup: 0.0 ms]
   [Code Root Migration: 0.0 ms]
   [Clear CT: 0.6 ms]
   [Other: 0.3 ms]
      [Choose CSet: 0.0 ms]
      [Ref Proc: 0.2 ms]
      [Ref Enq: 0.0 ms]
      [Free CSet: 0.0 ms]
   [Eden: 1024.0K(1024.0K)->0.0B(1024.0K) Survivors: 0.0B->1024.0K Heap: 6600.7K(8192.0K)->5817.2K(8192.0K)]
 [Times: user=0.01 sys=0.00, real=0.00 secs] 
104.493: Total time for which application threads were stopped: 0.0554640 seconds, Stopping threads took: 0.0534500 seconds
105.689: Application time: 1.1957580 seconds
105.744: [GC pause (young) (initial-mark) (to-space exhausted), 0.0018340 secs]
   [Parallel Time: 0.9 ms, GC Workers: 8]
      [GC Worker Start (ms): Min: 105743.7, Avg: 105743.7, Max: 105743.8, Diff: 0.1]
      [Ext Root Scanning (ms): Min: 0.3, Avg: 0.4, Max: 0.5, Diff: 0.1, Sum: 3.1]
      [Code Root Marking (ms): Min: 0.0, Avg: 0.0, Max: 0.0, Diff: 0.0, Sum: 0.0]
      [Update RS (ms): Min: 0.0, Avg: 0.0, Max: 0.0, Diff: 0.0, Sum: 0.0]
         [Processed Buffers: Min: 0, Avg: 1.1, Max: 4, Diff: 4, Sum: 9]
      [Scan RS (ms): Min: 0.0, Avg: 0.0, Max: 0.0, Diff: 0.0, Sum: 0.0]
      [Code Root Scanning (ms): Min: 0.0, Avg: 0.0, Max: 0.0, Diff: 0.0, Sum: 0.0]
      [Object Copy (ms): Min: 0.1, Avg: 0.2, Max: 0.3, Diff: 0.2, Sum: 1.5]
      [Termination (ms): Min: 0.0, Avg: 0.0, Max: 0.1, Diff: 0.1, Sum: 0.3]
      [GC Worker Other (ms): Min: 0.0, Avg: 0.0, Max: 0.0, Diff: 0.0, Sum: 0.0]
      [GC Worker Total (ms): Min: 0.6, Avg: 0.6, Max: 0.7, Diff: 0.1, Sum: 5.1]
      [GC Worker End (ms): Min: 105744.4, Avg: 105744.4, Max: 105744.4, Diff: 0.0]
   [Code Root Fixup: 0.0 ms]
   [Code Root Migration: 0.0 ms]
   [Clear CT: 0.4 ms]
   [Other: 0.5 ms]
      [Choose CSet: 0.0 ms]
      [Ref Proc: 0.3 ms]
      [Ref Enq: 0.0 ms]
      [Free CSet: 0.0 ms]
   [Eden: 1024.0K(1024.0K)->0.0B(1024.0K) Survivors: 1024.0K->0.0B Heap: 6841.2K(8192.0K)->6841.2K(8192.0K)]
 [Times: user=0.01 sys=0.00, real=0.00 secs] 
105.746: Total time for which application threads were stopped: 0.0570130 seconds, Stopping threads took: 0.0550570 seconds
105.746: [GC concurrent-root-region-scan-start]
105.746: [GC concurrent-root-region-scan-end, 0.0000040 secs]
105.746: [GC concurrent-mark-start]
105.746: Application time: 0.0000960 seconds
105.746: [Full GC 6841K->5570K(8192K), 0.0055320 secs]
   [Eden: 0.0B(1024.0K)->0.0B(1024.0K) Survivors: 0.0B->0.0B Heap: 6841.2K(8192.0K)->5570.3K(8192.0K)], [Perm: 5126K->5126K(20480K)]
 [Times: user=0.01 sys=0.00, real=0.01 secs] 
105.751: Total time for which application threads were stopped: 0.0056030 seconds, Stopping threads took: 0.0000070 seconds
105.751: [GC concurrent-mark-abort]
106.903: Application time: 1.1517710 seconds
106.953: [GC pause (young), 0.0017830 secs]
   [Parallel Time: 1.1 ms, GC Workers: 8]
      [GC Worker Start (ms): Min: 106952.5, Avg: 106952.6, Max: 106952.7, Diff: 0.1]
      [Ext Root Scanning (ms): Min: 0.6, Avg: 0.7, Max: 0.7, Diff: 0.1, Sum: 5.5]
      [Update RS (ms): Min: 0.0, Avg: 0.0, Max: 0.0, Diff: 0.0, Sum: 0.0]
         [Processed Buffers: Min: 0, Avg: 1.0, Max: 3, Diff: 3, Sum: 8]
      [Scan RS (ms): Min: 0.0, Avg: 0.0, Max: 0.0, Diff: 0.0, Sum: 0.0]
      [Code Root Scanning (ms): Min: 0.0, Avg: 0.0, Max: 0.0, Diff: 0.0, Sum: 0.0]
      [Object Copy (ms): Min: 0.1, Avg: 0.1, Max: 0.1, Diff: 0.0, Sum: 0.7]
      [Termination (ms): Min: 0.0, Avg: 0.0, Max: 0.0, Diff: 0.0, Sum: 0.1]
      [GC Worker Other (ms): Min: 0.0, Avg: 0.0, Max: 0.0, Diff: 0.0, Sum: 0.1]
      [GC Worker Total (ms): Min: 0.8, Avg: 0.8, Max: 0.9, Diff: 0.1, Sum: 6.4]
      [GC Worker End (ms): Min: 106953.4, Avg: 106953.4, Max: 106953.4, Diff: 0.0]
   [Code Root Fixup: 0.0 ms]
   [Code Root Migration: 0.0 ms]
   [Clear CT: 0.5 ms]
   [Other: 0.2 ms]
      [Choose CSet: 0.0 ms]
      [Ref Proc: 0.2 ms]
      [Ref Enq: 0.0 ms]
      [Free CSet: 0.0 ms]
   [Eden: 1024.0K(1024.0K)->0.0B(1024.0K) Survivors: 0.0B->1024.0K Heap: 6594.3K(8192.0K)->5802.8K(8192.0K)]
 [Times: user=0.01 sys=0.00, real=0.00 secs] 
106.954: Total time for which application threads were stopped: 0.0513620 seconds, Stopping threads took: 0.0494700 seconds
108.162: Application time: 1.2080290 seconds
108.212: [GC pause (young) (initial-mark) (to-space exhausted), 0.0009570 secs]
   [Parallel Time: 0.7 ms, GC Workers: 8]
      [GC Worker Start (ms): Min: 108211.9, Avg: 108211.9, Max: 108211.9, Diff: 0.1]
      [Ext Root Scanning (ms): Min: 0.3, Avg: 0.4, Max: 0.4, Diff: 0.1, Sum: 3.1]
      [Code Root Marking (ms): Min: 0.0, Avg: 0.0, Max: 0.0, Diff: 0.0, Sum: 0.0]
      [Update RS (ms): Min: 0.0, Avg: 0.0, Max: 0.0, Diff: 0.0, Sum: 0.0]
         [Processed Buffers: Min: 0, Avg: 1.1, Max: 4, Diff: 4, Sum: 9]
      [Scan RS (ms): Min: 0.0, Avg: 0.0, Max: 0.0, Diff: 0.0, Sum: 0.0]
      [Code Root Scanning (ms): Min: 0.0, Avg: 0.0, Max: 0.0, Diff: 0.0, Sum: 0.0]
      [Object Copy (ms): Min: 0.1, Avg: 0.2, Max: 0.3, Diff: 0.2, Sum: 1.5]
      [Termination (ms): Min: 0.0, Avg: 0.0, Max: 0.1, Diff: 0.1, Sum: 0.2]
      [GC Worker Other (ms): Min: 0.0, Avg: 0.0, Max: 0.0, Diff: 0.0, Sum: 0.0]
      [GC Worker Total (ms): Min: 0.6, Avg: 0.6, Max: 0.7, Diff: 0.1, Sum: 4.9]
      [GC Worker End (ms): Min: 108212.5, Avg: 108212.5, Max: 108212.5, Diff: 0.0]
   [Code Root Fixup: 0.0 ms]
   [Code Root Migration: 0.0 ms]
   [Clear CT: 0.0 ms]
   [Other: 0.2 ms]
      [Choose CSet: 0.0 ms]
      [Ref Proc: 0.1 ms]
      [Ref Enq: 0.0 ms]
      [Free CSet: 0.0 ms]
   [Eden: 1024.0K(1024.0K)->0.0B(1024.0K) Survivors: 1024.0K->0.0B Heap: 6826.8K(8192.0K)->6826.8K(8192.0K)]
 [Times: user=0.01 sys=0.00, real=0.00 secs] 
108.213: [GC concurrent-root-region-scan-start]
108.213: 108.213: [GC concurrent-root-region-scan-end, 0.0000060 secs]
108.213: Total time for which application threads were stopped: 0.0504630 seconds, Stopping threads took: 0.0494030 seconds
[GC concurrent-mark-start]
108.213: Application time: 0.0000310 seconds
108.213: [GC pause (young), 0.0005550 secs]
   [Parallel Time: 0.4 ms, GC Workers: 8]
      [GC Worker Start (ms): Min: 108212.9, Avg: 108212.9, Max: 108212.9, Diff: 0.0]
      [Ext Root Scanning (ms): Min: 0.2, Avg: 0.3, Max: 0.3, Diff: 0.1, Sum: 2.2]
      [SATB Filtering (ms): Min: 0.0, Avg: 0.0, Max: 0.0, Diff: 0.0, Sum: 0.0]
      [Update RS (ms): Min: 0.0, Avg: 0.0, Max: 0.0, Diff: 0.0, Sum: 0.1]
         [Processed Buffers: Min: 0, Avg: 1.8, Max: 13, Diff: 13, Sum: 14]
      [Scan RS (ms): Min: 0.0, Avg: 0.0, Max: 0.0, Diff: 0.0, Sum: 0.0]
      [Code Root Scanning (ms): Min: 0.0, Avg: 0.0, Max: 0.0, Diff: 0.0, Sum: 0.0]
      [Object Copy (ms): Min: 0.0, Avg: 0.0, Max: 0.0, Diff: 0.0, Sum: 0.2]
      [Termination (ms): Min: 0.0, Avg: 0.0, Max: 0.1, Diff: 0.1, Sum: 0.3]
      [GC Worker Other (ms): Min: 0.0, Avg: 0.0, Max: 0.0, Diff: 0.0, Sum: 0.0]
      [GC Worker Total (ms): Min: 0.3, Avg: 0.3, Max: 0.4, Diff: 0.0, Sum: 2.7]
      [GC Worker End (ms): Min: 108213.3, Avg: 108213.3, Max: 108213.3, Diff: 0.0]
   [Code Root Fixup: 0.0 ms]
   [Code Root Migration: 0.0 ms]
   [Clear CT: 0.0 ms]
   [Other: 0.1 ms]
      [Choose CSet: 0.0 ms]
      [Ref Proc: 0.1 ms]
      [Ref Enq: 0.0 ms]
      [Free CSet: 0.0 ms]
   [Eden: 0.0B(1024.0K)->0.0B(1024.0K) Survivors: 0.0B->0.0B Heap: 6826.8K(8192.0K)->6826.8K(8192.0K)]
 [Times: user=0.00 sys=0.00, real=0.00 secs] 
108.214: Total time for which application threads were stopped: 0.0006280 seconds, Stopping threads took: 0.0000060 seconds
108.214: Application time: 0.0000370 seconds
108.214: [GC pause (young), 0.0004420 secs]
   [Parallel Time: 0.3 ms, GC Workers: 8]
      [GC Worker Start (ms): Min: 108213.6, Avg: 108213.6, Max: 108213.6, Diff: 0.0]
      [Ext Root Scanning (ms): Min: 0.2, Avg: 0.2, Max: 0.3, Diff: 0.1, Sum: 1.9]
      [SATB Filtering (ms): Min: 0.0, Avg: 0.0, Max: 0.0, Diff: 0.0, Sum: 0.0]
      [Update RS (ms): Min: 0.0, Avg: 0.0, Max: 0.0, Diff: 0.0, Sum: 0.0]
         [Processed Buffers: Min: 0, Avg: 0.1, Max: 1, Diff: 1, Sum: 1]
      [Scan RS (ms): Min: 0.0, Avg: 0.0, Max: 0.0, Diff: 0.0, Sum: 0.0]
      [Code Root Scanning (ms): Min: 0.0, Avg: 0.0, Max: 0.0, Diff: 0.0, Sum: 0.0]
      [Object Copy (ms): Min: 0.0, Avg: 0.0, Max: 0.0, Diff: 0.0, Sum: 0.1]
      [Termination (ms): Min: 0.0, Avg: 0.0, Max: 0.1, Diff: 0.1, Sum: 0.3]
      [GC Worker Other (ms): Min: 0.0, Avg: 0.0, Max: 0.0, Diff: 0.0, Sum: 0.0]
      [GC Worker Total (ms): Min: 0.3, Avg: 0.3, Max: 0.3, Diff: 0.0, Sum: 2.3]
      [GC Worker End (ms): Min: 108213.9, Avg: 108213.9, Max: 108213.9, Diff: 0.0]
   [Code Root Fixup: 0.0 ms]
   [Code Root Migration: 0.0 ms]
   [Clear CT: 0.0 ms]
   [Other: 0.1 ms]
      [Choose CSet: 0.0 ms]
      [Ref Proc: 0.1 ms]
      [Ref Enq: 0.0 ms]
      [Free CSet: 0.0 ms]
   [Eden: 0.0B(1024.0K)->0.0B(1024.0K) Survivors: 0.0B->0.0B Heap: 6826.8K(8192.0K)->6826.8K(8192.0K)]
 [Times: user=0.00 sys=0.00, real=0.00 secs] 
108.214: Total time for which application threads were stopped: 0.0004980 seconds, Stopping threads took: 0.0000040 seconds
108.214: Application time: 0.0000320 seconds
108.214: [Full GC 6826K->5595K(8192K), 0.0053210 secs]
   [Eden: 0.0B(1024.0K)->0.0B(1024.0K) Survivors: 0.0B->0.0B Heap: 6826.8K(8192.0K)->5595.9K(8192.0K)], [Perm: 5127K->5127K(20480K)]
 [Times: user=0.01 sys=0.00, real=0.00 secs] 
108.219: Total time for which application threads were stopped: 0.0053800 seconds, Stopping threads took: 0.0000040 seconds
108.220: [GC concurrent-mark-abort]
109.432: Application time: 1.2121840 seconds
109.485: [GC pause (young), 0.0011290 secs]
   [Parallel Time: 0.8 ms, GC Workers: 8]
      [GC Worker Start (ms): Min: 109485.2, Avg: 109485.2, Max: 109485.2, Diff: 0.1]
      [Ext Root Scanning (ms): Min: 0.6, Avg: 0.7, Max: 0.7, Diff: 0.1, Sum: 5.4]
      [Update RS (ms): Min: 0.0, Avg: 0.0, Max: 0.0, Diff: 0.0, Sum: 0.0]
         [Processed Buffers: Min: 0, Avg: 0.9, Max: 2, Diff: 2, Sum: 7]
      [Scan RS (ms): Min: 0.0, Avg: 0.0, Max: 0.0, Diff: 0.0, Sum: 0.0]
      [Code Root Scanning (ms): Min: 0.0, Avg: 0.0, Max: 0.0, Diff: 0.0, Sum: 0.0]
      [Object Copy (ms): Min: 0.1, Avg: 0.1, Max: 0.1, Diff: 0.0, Sum: 0.7]
      [Termination (ms): Min: 0.0, Avg: 0.0, Max: 0.0, Diff: 0.0, Sum: 0.1]
      [GC Worker Other (ms): Min: 0.0, Avg: 0.0, Max: 0.0, Diff: 0.0, Sum: 0.0]
      [GC Worker Total (ms): Min: 0.8, Avg: 0.8, Max: 0.8, Diff: 0.1, Sum: 6.3]
      [GC Worker End (ms): Min: 109486.0, Avg: 109486.0, Max: 109486.0, Diff: 0.0]
   [Code Root Fixup: 0.0 ms]
   [Code Root Migration: 0.0 ms]
   [Clear CT: 0.1 ms]
   [Other: 0.2 ms]
      [Choose CSet: 0.0 ms]
      [Ref Proc: 0.1 ms]
      [Ref Enq: 0.0 ms]
      [Free CSet: 0.0 ms]
   [Eden: 1024.0K(1024.0K)->0.0B(1024.0K) Survivors: 0.0B->1024.0K Heap: 6619.9K(8192.0K)->5834.4K(8192.0K)]
 [Times: user=0.01 sys=0.00, real=0.00 secs] 
109.486: Total time for which application threads were stopped: 0.0546800 seconds, Stopping threads took: 0.0534460 seconds
110.687: Application time: 1.2009450 seconds
110.744: [GC pause (young) (initial-mark) (to-space exhausted), 0.0010160 secs]
   [Parallel Time: 0.7 ms, GC Workers: 8]
      [GC Worker Start (ms): Min: 110743.8, Avg: 110743.8, Max: 110743.9, Diff: 0.1]
      [Ext Root Scanning (ms): Min: 0.3, Avg: 0.4, Max: 0.4, Diff: 0.2, Sum: 3.2]
      [Code Root Marking (ms): Min: 0.0, Avg: 0.0, Max: 0.0, Diff: 0.0, Sum: 0.0]
      [Update RS (ms): Min: 0.0, Avg: 0.0, Max: 0.0, Diff: 0.0, Sum: 0.0]
         [Processed Buffers: Min: 0, Avg: 0.9, Max: 4, Diff: 4, Sum: 7]
      [Scan RS (ms): Min: 0.0, Avg: 0.0, Max: 0.0, Diff: 0.0, Sum: 0.0]
      [Code Root Scanning (ms): Min: 0.0, Avg: 0.0, Max: 0.0, Diff: 0.0, Sum: 0.0]
      [Object Copy (ms): Min: 0.1, Avg: 0.2, Max: 0.3, Diff: 0.2, Sum: 1.3]
      [Termination (ms): Min: 0.0, Avg: 0.0, Max: 0.1, Diff: 0.1, Sum: 0.2]
      [GC Worker Other (ms): Min: 0.0, Avg: 0.0, Max: 0.0, Diff: 0.0, Sum: 0.0]
      [GC Worker Total (ms): Min: 0.6, Avg: 0.6, Max: 0.6, Diff: 0.1, Sum: 4.8]
      [GC Worker End (ms): Min: 110744.4, Avg: 110744.5, Max: 110744.5, Diff: 0.0]
   [Code Root Fixup: 0.0 ms]
   [Code Root Migration: 0.0 ms]
   [Clear CT: 0.1 ms]
   [Other: 0.2 ms]
      [Choose CSet: 0.0 ms]
      [Ref Proc: 0.1 ms]
      [Ref Enq: 0.0 ms]
      [Free CSet: 0.0 ms]
   [Eden: 1024.0K(1024.0K)->0.0B(1024.0K) Survivors: 1024.0K->0.0B Heap: 6858.4K(8192.0K)->6858.4K(8192.0K)]
 [Times: user=0.00 sys=0.00, real=0.00 secs] 
110.745: [GC concurrent-root-region-scan-start]
110.745: 110.745: [GC concurrent-root-region-scan-end, 0.0000060 secs]
110.745: Total time for which application threads were stopped: 0.0575830 seconds, Stopping threads took: 0.0564600 seconds
[GC concurrent-mark-start]
110.745: Application time: 0.0000310 seconds
110.745: [GC pause (young), 0.0004840 secs]
   [Parallel Time: 0.4 ms, GC Workers: 8]
      [GC Worker Start (ms): Min: 110744.9, Avg: 110744.9, Max: 110745.0, Diff: 0.0]
      [Ext Root Scanning (ms): Min: 0.2, Avg: 0.3, Max: 0.3, Diff: 0.1, Sum: 2.2]
      [Update RS (ms): Min: 0.0, Avg: 0.0, Max: 0.0, Diff: 0.0, Sum: 0.1]
         [Processed Buffers: Min: 0, Avg: 1.5, Max: 7, Diff: 7, Sum: 12]
      [Scan RS (ms): Min: 0.0, Avg: 0.0, Max: 0.0, Diff: 0.0, Sum: 0.0]
      [Code Root Scanning (ms): Min: 0.0, Avg: 0.0, Max: 0.0, Diff: 0.0, Sum: 0.0]
      [Object Copy (ms): Min: 0.0, Avg: 0.0, Max: 0.0, Diff: 0.0, Sum: 0.1]
      [Termination (ms): Min: 0.0, Avg: 0.0, Max: 0.1, Diff: 0.1, Sum: 0.3]
      [GC Worker Other (ms): Min: 0.0, Avg: 0.0, Max: 0.0, Diff: 0.0, Sum: 0.0]
      [GC Worker Total (ms): Min: 0.3, Avg: 0.3, Max: 0.3, Diff: 0.0, Sum: 2.7]
      [GC Worker End (ms): Min: 110745.3, Avg: 110745.3, Max: 110745.3, Diff: 0.0]
   [Code Root Fixup: 0.0 ms]
   [Code Root Migration: 0.0 ms]
   [Clear CT: 0.1 ms]
   [Other: 0.1 ms]
      [Choose CSet: 0.0 ms]
      [Ref Proc: 0.1 ms]
      [Ref Enq: 0.0 ms]
      [Free CSet: 0.0 ms]
   [Eden: 0.0B(1024.0K)->0.0B(1024.0K) Survivors: 0.0B->0.0B Heap: 6858.4K(8192.0K)->6858.4K(8192.0K)]
 [Times: user=0.00 sys=0.01, real=0.00 secs] 
110.745: Total time for which application threads were stopped: 0.0005530 seconds, Stopping threads took: 0.0000070 seconds
110.745: Application time: 0.0000330 seconds
110.746: [GC pause (young), 0.0004300 secs]
   [Parallel Time: 0.3 ms, GC Workers: 8]
      [GC Worker Start (ms): Min: 110745.5, Avg: 110745.5, Max: 110745.5, Diff: 0.0]
      [Ext Root Scanning (ms): Min: 0.2, Avg: 0.2, Max: 0.3, Diff: 0.0, Sum: 1.9]
      [Update RS (ms): Min: 0.0, Avg: 0.0, Max: 0.0, Diff: 0.0, Sum: 0.0]
         [Processed Buffers: Min: 0, Avg: 0.1, Max: 1, Diff: 1, Sum: 1]
      [Scan RS (ms): Min: 0.0, Avg: 0.0, Max: 0.0, Diff: 0.0, Sum: 0.0]
      [Code Root Scanning (ms): Min: 0.0, Avg: 0.0, Max: 0.0, Diff: 0.0, Sum: 0.0]
      [Object Copy (ms): Min: 0.0, Avg: 0.0, Max: 0.0, Diff: 0.0, Sum: 0.1]
      [Termination (ms): Min: 0.0, Avg: 0.0, Max: 0.1, Diff: 0.1, Sum: 0.3]
      [GC Worker Other (ms): Min: -0.0, Avg: 0.0, Max: 0.0, Diff: 0.0, Sum: 0.0]
      [GC Worker Total (ms): Min: 0.3, Avg: 0.3, Max: 0.3, Diff: 0.0, Sum: 2.3]
      [GC Worker End (ms): Min: 110745.8, Avg: 110745.8, Max: 110745.8, Diff: 0.0]
   [Code Root Fixup: 0.0 ms]
   [Code Root Migration: 0.0 ms]
   [Clear CT: 0.0 ms]
   [Other: 0.1 ms]
      [Choose CSet: 0.0 ms]
      [Ref Proc: 0.1 ms]
      [Ref Enq: 0.0 ms]
      [Free CSet: 0.0 ms]
   [Eden: 0.0B(1024.0K)->0.0B(1024.0K) Survivors: 0.0B->0.0B Heap: 6858.4K(8192.0K)->6858.4K(8192.0K)]
 [Times: user=0.01 sys=0.00, real=0.00 secs] 
110.746: Total time for which application threads were stopped: 0.0004930 seconds, Stopping threads took: 0.0000040 seconds
110.746: Application time: 0.0000240 seconds
110.746: [Full GC 6858K->5597K(8192K), 0.0054720 secs]
   [Eden: 0.0B(1024.0K)->0.0B(1024.0K) Survivors: 0.0B->0.0B Heap: 6858.4K(8192.0K)->5597.4K(8192.0K)], [Perm: 5129K->5129K(20480K)]
 [Times: user=0.00 sys=0.00, real=0.01 secs] 
110.752: Total time for which application threads were stopped: 0.0055320 seconds, Stopping threads took: 0.0000030 seconds
110.752: [GC concurrent-mark-abort]
111.948: Application time: 1.1960730 seconds
112.001: [GC pause (young), 0.0013680 secs]
   [Parallel Time: 1.0 ms, GC Workers: 8]
      [GC Worker Start (ms): Min: 112001.2, Avg: 112001.2, Max: 112001.2, Diff: 0.1]
      [Ext Root Scanning (ms): Min: 0.7, Avg: 0.7, Max: 0.8, Diff: 0.1, Sum: 6.0]
      [Update RS (ms): Min: 0.0, Avg: 0.0, Max: 0.0, Diff: 0.0, Sum: 0.1]
         [Processed Buffers: Min: 0, Avg: 1.0, Max: 3, Diff: 3, Sum: 8]
      [Scan RS (ms): Min: 0.0, Avg: 0.0, Max: 0.0, Diff: 0.0, Sum: 0.0]
      [Code Root Scanning (ms): Min: 0.0, Avg: 0.0, Max: 0.0, Diff: 0.0, Sum: 0.0]
      [Object Copy (ms): Min: 0.1, Avg: 0.1, Max: 0.1, Diff: 0.0, Sum: 0.7]
      [Termination (ms): Min: 0.0, Avg: 0.0, Max: 0.0, Diff: 0.0, Sum: 0.1]
      [GC Worker Other (ms): Min: 0.0, Avg: 0.0, Max: 0.0, Diff: 0.0, Sum: 0.0]
      [GC Worker Total (ms): Min: 0.8, Avg: 0.9, Max: 0.9, Diff: 0.1, Sum: 6.9]
      [GC Worker End (ms): Min: 112002.1, Avg: 112002.1, Max: 112002.1, Diff: 0.0]
   [Code Root Fixup: 0.0 ms]
   [Code Root Migration: 0.0 ms]
   [Clear CT: 0.1 ms]
   [Other: 0.2 ms]
      [Choose CSet: 0.0 ms]
      [Ref Proc: 0.2 ms]
      [Ref Enq: 0.0 ms]
      [Free CSet: 0.0 ms]
   [Eden: 1024.0K(1024.0K)->0.0B(1024.0K) Survivors: 0.0B->1024.0K Heap: 6621.4K(8192.0K)->5811.9K(8192.0K)]
 [Times: user=0.01 sys=0.00, real=0.01 secs] 
112.003: Total time for which application threads were stopped: 0.0549830 seconds, Stopping threads took: 0.0535070 seconds
113.200: Application time: 1.1971160 seconds
113.253: [GC pause (young) (initial-mark) (to-space exhausted), 0.0010090 secs]
   [Parallel Time: 0.7 ms, GC Workers: 8]
      [GC Worker Start (ms): Min: 113253.3, Avg: 113253.4, Max: 113253.4, Diff: 0.1]
      [Ext Root Scanning (ms): Min: 0.3, Avg: 0.4, Max: 0.5, Diff: 0.2, Sum: 3.3]
      [Code Root Marking (ms): Min: 0.0, Avg: 0.0, Max: 0.0, Diff: 0.0, Sum: 0.0]
      [Update RS (ms): Min: 0.0, Avg: 0.0, Max: 0.0, Diff: 0.0, Sum: 0.0]
         [Processed Buffers: Min: 0, Avg: 0.9, Max: 2, Diff: 2, Sum: 7]
      [Scan RS (ms): Min: 0.0, Avg: 0.0, Max: 0.0, Diff: 0.0, Sum: 0.0]
      [Code Root Scanning (ms): Min: 0.0, Avg: 0.0, Max: 0.0, Diff: 0.0, Sum: 0.0]
      [Object Copy (ms): Min: 0.1, Avg: 0.2, Max: 0.3, Diff: 0.1, Sum: 1.4]
      [Termination (ms): Min: 0.0, Avg: 0.0, Max: 0.1, Diff: 0.1, Sum: 0.3]
      [GC Worker Other (ms): Min: 0.0, Avg: 0.0, Max: 0.0, Diff: 0.0, Sum: 0.0]
      [GC Worker Total (ms): Min: 0.6, Avg: 0.6, Max: 0.7, Diff: 0.1, Sum: 5.1]
      [GC Worker End (ms): Min: 113254.0, Avg: 113254.0, Max: 113254.0, Diff: 0.0]
   [Code Root Fixup: 0.0 ms]
   [Code Root Migration: 0.0 ms]
   [Clear CT: 0.1 ms]
   [Other: 0.2 ms]
      [Choose CSet: 0.0 ms]
      [Ref Proc: 0.1 ms]
      [Ref Enq: 0.0 ms]
      [Free CSet: 0.0 ms]
   [Eden: 1024.0K(1024.0K)->0.0B(1024.0K) Survivors: 1024.0K->0.0B Heap: 6835.9K(8192.0K)->6835.9K(8192.0K)]
 [Times: user=0.01 sys=0.00, real=0.00 secs] 
113.254: [GC concurrent-root-region-scan-start]
113.254: [GC concurrent-root-region-scan-end, 0.0000050 secs]
113.254: 113.254: [GC concurrent-mark-start]
Total time for which application threads were stopped: 0.0546840 seconds, Stopping threads took: 0.0535660 seconds
113.255: [GC concurrent-mark-end, 0.0008460 secs]
113.255: Application time: 0.0008650 seconds
113.255: [GC pause (young), 0.0005070 secs]
   [Parallel Time: 0.4 ms, GC Workers: 8]
      [GC Worker Start (ms): Min: 113255.3, Avg: 113255.3, Max: 113255.3, Diff: 0.0]
      [Ext Root Scanning (ms): Min: 0.2, Avg: 0.3, Max: 0.3, Diff: 0.1, Sum: 2.2]
      [Update RS (ms): Min: 0.0, Avg: 0.0, Max: 0.1, Diff: 0.1, Sum: 0.1]
         [Processed Buffers: Min: 0, Avg: 1.9, Max: 12, Diff: 12, Sum: 15]
      [Scan RS (ms): Min: 0.0, Avg: 0.0, Max: 0.0, Diff: 0.0, Sum: 0.0]
      [Code Root Scanning (ms): Min: 0.0, Avg: 0.0, Max: 0.0, Diff: 0.0, Sum: 0.0]
      [Object Copy (ms): Min: 0.0, Avg: 0.0, Max: 0.0, Diff: 0.0, Sum: 0.1]
      [Termination (ms): Min: 0.0, Avg: 0.0, Max: 0.1, Diff: 0.1, Sum: 0.3]
      [GC Worker Other (ms): Min: 0.0, Avg: 0.0, Max: 0.0, Diff: 0.0, Sum: 0.0]
      [GC Worker Total (ms): Min: 0.3, Avg: 0.3, Max: 0.4, Diff: 0.0, Sum: 2.8]
      [GC Worker End (ms): Min: 113255.6, Avg: 113255.7, Max: 113255.7, Diff: 0.0]
   [Code Root Fixup: 0.0 ms]
   [Code Root Migration: 0.0 ms]
   [Clear CT: 0.1 ms]
   [Other: 0.1 ms]
      [Choose CSet: 0.0 ms]
      [Ref Proc: 0.1 ms]
      [Ref Enq: 0.0 ms]
      [Free CSet: 0.0 ms]
   [Eden: 0.0B(1024.0K)->0.0B(1024.0K) Survivors: 0.0B->0.0B Heap: 6835.9K(8192.0K)->6835.9K(8192.0K)]
 [Times: user=0.00 sys=0.00, real=0.00 secs] 
113.256: Total time for which application threads were stopped: 0.0005680 seconds, Stopping threads took: 0.0000050 seconds
113.256: Application time: 0.0000180 seconds
113.256: [GC pause (young), 0.0015890 secs]
   [Parallel Time: 0.3 ms, GC Workers: 8]
      [GC Worker Start (ms): Min: 113255.9, Avg: 113255.9, Max: 113255.9, Diff: 0.0]
      [Ext Root Scanning (ms): Min: 0.2, Avg: 0.2, Max: 0.3, Diff: 0.1, Sum: 1.9]
      [SATB Filtering (ms): Min: 0.0, Avg: 0.0, Max: 0.0, Diff: 0.0, Sum: 0.0]
      [Update RS (ms): Min: 0.0, Avg: 0.0, Max: 0.0, Diff: 0.0, Sum: 0.0]
         [Processed Buffers: Min: 0, Avg: 0.1, Max: 1, Diff: 1, Sum: 1]
      [Scan RS (ms): Min: 0.0, Avg: 0.0, Max: 0.0, Diff: 0.0, Sum: 0.0]
      [Code Root Scanning (ms): Min: 0.0, Avg: 0.0, Max: 0.0, Diff: 0.0, Sum: 0.0]
      [Object Copy (ms): Min: 0.0, Avg: 0.0, Max: 0.0, Diff: 0.0, Sum: 0.1]
      [Termination (ms): Min: 0.0, Avg: 0.0, Max: 0.1, Diff: 0.1, Sum: 0.3]
      [GC Worker Other (ms): Min: 0.0, Avg: 0.0, Max: 0.0, Diff: 0.0, Sum: 0.0]
      [GC Worker Total (ms): Min: 0.3, Avg: 0.3, Max: 0.3, Diff: 0.0, Sum: 2.3]
      [GC Worker End (ms): Min: 113256.2, Avg: 113256.2, Max: 113256.2, Diff: 0.0]
   [Code Root Fixup: 0.0 ms]
   [Code Root Migration: 0.0 ms]
   [Clear CT: 0.1 ms]
   [Other: 1.2 ms]
      [Choose CSet: 0.0 ms]
      [Ref Proc: 1.2 ms]
      [Ref Enq: 0.0 ms]
      [Free CSet: 0.0 ms]
   [Eden: 0.0B(1024.0K)->0.0B(1024.0K) Survivors: 0.0B->0.0B Heap: 6835.9K(8192.0K)->6835.9K(8192.0K)]
 [Times: user=0.01 sys=0.00, real=0.00 secs] 
113.258: Total time for which application threads were stopped: 0.0016480 seconds, Stopping threads took: 0.0000050 seconds
113.258: Application time: 0.0000140 seconds
113.258: [GC pause (young), 0.0004280 secs]
   [Parallel Time: 0.3 ms, GC Workers: 8]
      [GC Worker Start (ms): Min: 113257.5, Avg: 113257.5, Max: 113257.6, Diff: 0.0]
      [Ext Root Scanning (ms): Min: 0.2, Avg: 0.2, Max: 0.2, Diff: 0.0, Sum: 1.8]
      [Update RS (ms): Min: 0.0, Avg: 0.0, Max: 0.0, Diff: 0.0, Sum: 0.0]
         [Processed Buffers: Min: 0, Avg: 0.1, Max: 1, Diff: 1, Sum: 1]
      [Scan RS (ms): Min: 0.0, Avg: 0.0, Max: 0.0, Diff: 0.0, Sum: 0.0]
      [Code Root Scanning (ms): Min: 0.0, Avg: 0.0, Max: 0.0, Diff: 0.0, Sum: 0.0]
      [Object Copy (ms): Min: 0.0, Avg: 0.0, Max: 0.0, Diff: 0.0, Sum: 0.1]
      [Termination (ms): Min: 0.0, Avg: 0.0, Max: 0.1, Diff: 0.1, Sum: 0.3]
      [GC Worker Other (ms): Min: -0.0, Avg: 0.0, Max: 0.0, Diff: 0.0, Sum: 0.0]
      [GC Worker Total (ms): Min: 0.3, Avg: 0.3, Max: 0.3, Diff: 0.0, Sum: 2.3]
      [GC Worker End (ms): Min: 113257.8, Avg: 113257.8, Max: 113257.8, Diff: 0.0]
   [Code Root Fixup: 0.0 ms]
   [Code Root Migration: 0.0 ms]
   [Clear CT: 0.0 ms]
   [Other: 0.1 ms]
      [Choose CSet: 0.0 ms]
      [Ref Proc: 0.1 ms]
      [Ref Enq: 0.0 ms]
      [Free CSet: 0.0 ms]
   [Eden: 0.0B(1024.0K)->0.0B(1024.0K) Survivors: 0.0B->0.0B Heap: 6835.9K(8192.0K)->6835.9K(8192.0K)]
 [Times: user=0.01 sys=0.00, real=0.00 secs] 
113.258: Total time for which application threads were stopped: 0.0004830 seconds, Stopping threads took: 0.0000040 seconds
113.258: Application time: 0.0000160 seconds
113.258: [Full GC 6835K->5582K(8192K), 0.0054610 secs]
   [Eden: 0.0B(1024.0K)->0.0B(1024.0K) Survivors: 0.0B->0.0B Heap: 6835.9K(8192.0K)->5582.9K(8192.0K)], [Perm: 5129K->5129K(20480K)]
 [Times: user=0.00 sys=0.00, real=0.01 secs] 
113.264: Total time for which application threads were stopped: 0.0055200 seconds, Stopping threads took: 0.0000040 seconds
113.264: Application time: 0.0000730 seconds
113.264: [GC remark, 0.0000060 secs]
 [Times: user=0.00 sys=0.00, real=0.00 secs] 
113.264: Total time for which application threads were stopped: 0.0000890 seconds, Stopping threads took: 0.0000660 seconds
113.264: [GC concurrent-mark-abort]
114.520: Application time: 1.2567730 seconds
114.574: [GC pause (young), 0.0017510 secs]
   [Parallel Time: 1.1 ms, GC Workers: 8]
      [GC Worker Start (ms): Min: 114573.8, Avg: 114573.8, Max: 114573.9, Diff: 0.1]
      [Ext Root Scanning (ms): Min: 0.6, Avg: 0.7, Max: 0.7, Diff: 0.1, Sum: 5.4]
      [Update RS (ms): Min: 0.0, Avg: 0.0, Max: 0.0, Diff: 0.0, Sum: 0.0]
         [Processed Buffers: Min: 0, Avg: 1.0, Max: 3, Diff: 3, Sum: 8]
      [Scan RS (ms): Min: 0.0, Avg: 0.0, Max: 0.0, Diff: 0.0, Sum: 0.0]
      [Code Root Scanning (ms): Min: 0.0, Avg: 0.0, Max: 0.0, Diff: 0.0, Sum: 0.0]
      [Object Copy (ms): Min: 0.1, Avg: 0.1, Max: 0.1, Diff: 0.0, Sum: 0.8]
      [Termination (ms): Min: 0.0, Avg: 0.0, Max: 0.0, Diff: 0.0, Sum: 0.1]
      [GC Worker Other (ms): Min: 0.0, Avg: 0.0, Max: 0.0, Diff: 0.0, Sum: 0.1]
      [GC Worker Total (ms): Min: 0.8, Avg: 0.8, Max: 0.9, Diff: 0.1, Sum: 6.4]
      [GC Worker End (ms): Min: 114574.6, Avg: 114574.6, Max: 114574.6, Diff: 0.0]
   [Code Root Fixup: 0.0 ms]
   [Code Root Migration: 0.0 ms]
   [Clear CT: 0.5 ms]
   [Other: 0.2 ms]
      [Choose CSet: 0.0 ms]
      [Ref Proc: 0.1 ms]
      [Ref Enq: 0.0 ms]
      [Free CSet: 0.0 ms]
   [Eden: 1024.0K(1024.0K)->0.0B(1024.0K) Survivors: 0.0B->1024.0K Heap: 6606.9K(8192.0K)->5831.4K(8192.0K)]
 [Times: user=0.01 sys=0.00, real=0.00 secs] 
114.576: Total time for which application threads were stopped: 0.0550570 seconds, Stopping threads took: 0.0532080 seconds
115.885: Application time: 1.3093940 seconds
115.939: [GC pause (young) (initial-mark) (to-space exhausted), 0.0010640 secs]
   [Parallel Time: 0.7 ms, GC Workers: 8]
      [GC Worker Start (ms): Min: 115939.1, Avg: 115939.2, Max: 115939.2, Diff: 0.1]
      [Ext Root Scanning (ms): Min: 0.3, Avg: 0.4, Max: 0.4, Diff: 0.1, Sum: 3.1]
      [Code Root Marking (ms): Min: 0.0, Avg: 0.0, Max: 0.0, Diff: 0.0, Sum: 0.0]
      [Update RS (ms): Min: 0.0, Avg: 0.0, Max: 0.0, Diff: 0.0, Sum: 0.0]
         [Processed Buffers: Min: 0, Avg: 1.0, Max: 2, Diff: 2, Sum: 8]
      [Scan RS (ms): Min: 0.0, Avg: 0.0, Max: 0.0, Diff: 0.0, Sum: 0.0]
      [Code Root Scanning (ms): Min: 0.0, Avg: 0.0, Max: 0.0, Diff: 0.0, Sum: 0.0]
      [Object Copy (ms): Min: 0.1, Avg: 0.2, Max: 0.3, Diff: 0.1, Sum: 1.5]
      [Termination (ms): Min: 0.0, Avg: 0.0, Max: 0.1, Diff: 0.1, Sum: 0.3]
      [GC Worker Other (ms): Min: 0.0, Avg: 0.0, Max: 0.0, Diff: 0.0, Sum: 0.0]
      [GC Worker Total (ms): Min: 0.6, Avg: 0.6, Max: 0.7, Diff: 0.1, Sum: 5.1]
      [GC Worker End (ms): Min: 115939.8, Avg: 115939.8, Max: 115939.8, Diff: 0.0]
   [Code Root Fixup: 0.0 ms]
   [Code Root Migration: 0.0 ms]
   [Clear CT: 0.1 ms]
   [Other: 0.3 ms]
      [Choose CSet: 0.0 ms]
      [Ref Proc: 0.1 ms]
      [Ref Enq: 0.0 ms]
      [Free CSet: 0.0 ms]
   [Eden: 1024.0K(1024.0K)->0.0B(1024.0K) Survivors: 1024.0K->0.0B Heap: 6855.4K(8192.0K)->6855.4K(8192.0K)]
 [Times: user=0.00 sys=0.00, real=0.00 secs] 
115.940: [GC concurrent-root-region-scan-start]
115.940: 115.940: [GC concurrent-root-region-scan-end, 0.0000050 secs]
115.940: Total time for which application threads were stopped: 0.0553210 seconds, Stopping threads took: 0.0541430 seconds
[GC concurrent-mark-start]
115.940: Application time: 0.0000510 seconds
115.940: [Full GC 6855K->5584K(8192K), 0.0057410 secs]
   [Eden: 0.0B(1024.0K)->0.0B(1024.0K) Survivors: 0.0B->0.0B Heap: 6855.4K(8192.0K)->5584.4K(8192.0K)], [Perm: 5129K->5129K(20480K)]
 [Times: user=0.01 sys=0.00, real=0.01 secs] 
115.946: Total time for which application threads were stopped: 0.0058130 seconds, Stopping threads took: 0.0000070 seconds
115.946: [GC concurrent-mark-abort]
117.034: Application time: 1.0883780 seconds
117.089: [GC pause (young), 0.0017710 secs]
   [Parallel Time: 1.1 ms, GC Workers: 8]
      [GC Worker Start (ms): Min: 117088.7, Avg: 117088.8, Max: 117088.8, Diff: 0.1]
      [Ext Root Scanning (ms): Min: 0.6, Avg: 0.7, Max: 0.7, Diff: 0.1, Sum: 5.4]
      [Update RS (ms): Min: 0.0, Avg: 0.0, Max: 0.0, Diff: 0.0, Sum: 0.1]
         [Processed Buffers: Min: 0, Avg: 0.9, Max: 2, Diff: 2, Sum: 7]
      [Scan RS (ms): Min: 0.0, Avg: 0.0, Max: 0.0, Diff: 0.0, Sum: 0.0]
      [Code Root Scanning (ms): Min: 0.0, Avg: 0.0, Max: 0.0, Diff: 0.0, Sum: 0.0]
      [Object Copy (ms): Min: 0.1, Avg: 0.1, Max: 0.2, Diff: 0.1, Sum: 0.8]
      [Termination (ms): Min: 0.0, Avg: 0.0, Max: 0.0, Diff: 0.0, Sum: 0.1]
      [GC Worker Other (ms): Min: 0.0, Avg: 0.0, Max: 0.0, Diff: 0.0, Sum: 0.0]
      [GC Worker Total (ms): Min: 0.8, Avg: 0.8, Max: 0.9, Diff: 0.1, Sum: 6.4]
      [GC Worker End (ms): Min: 117089.6, Avg: 117089.6, Max: 117089.6, Diff: 0.0]
   [Code Root Fixup: 0.0 ms]
   [Code Root Migration: 0.0 ms]
   [Clear CT: 0.4 ms]
   [Other: 0.3 ms]
      [Choose CSet: 0.0 ms]
      [Ref Proc: 0.3 ms]
      [Ref Enq: 0.0 ms]
      [Free CSet: 0.0 ms]
   [Eden: 1024.0K(1024.0K)->0.0B(1024.0K) Survivors: 0.0B->1024.0K Heap: 6608.4K(8192.0K)->5808.9K(8192.0K)]
 [Times: user=0.01 sys=0.00, real=0.01 secs] 
117.092: Total time for which application threads were stopped: 0.0575060 seconds, Stopping threads took: 0.0541190 seconds
118.299: Application time: 1.2074980 seconds
118.347: [GC pause (young) (initial-mark) (to-space exhausted), 0.0016340 secs]
   [Parallel Time: 0.9 ms, GC Workers: 8]
      [GC Worker Start (ms): Min: 118347.2, Avg: 118347.2, Max: 118347.3, Diff: 0.1]
      [Ext Root Scanning (ms): Min: 0.3, Avg: 0.4, Max: 0.5, Diff: 0.2, Sum: 3.1]
      [Code Root Marking (ms): Min: 0.0, Avg: 0.0, Max: 0.0, Diff: 0.0, Sum: 0.0]
      [Update RS (ms): Min: 0.0, Avg: 0.0, Max: 0.0, Diff: 0.0, Sum: 0.0]
         [Processed Buffers: Min: 0, Avg: 1.0, Max: 3, Diff: 3, Sum: 8]
      [Scan RS (ms): Min: 0.0, Avg: 0.0, Max: 0.0, Diff: 0.0, Sum: 0.0]
      [Code Root Scanning (ms): Min: 0.0, Avg: 0.0, Max: 0.0, Diff: 0.0, Sum: 0.0]
      [Object Copy (ms): Min: 0.2, Avg: 0.2, Max: 0.3, Diff: 0.1, Sum: 1.8]
      [Termination (ms): Min: 0.0, Avg: 0.0, Max: 0.1, Diff: 0.1, Sum: 0.3]
      [GC Worker Other (ms): Min: 0.0, Avg: 0.0, Max: 0.0, Diff: 0.0, Sum: 0.0]
      [GC Worker Total (ms): Min: 0.6, Avg: 0.7, Max: 0.7, Diff: 0.1, Sum: 5.3]
      [GC Worker End (ms): Min: 118347.9, Avg: 118347.9, Max: 118347.9, Diff: 0.0]
   [Code Root Fixup: 0.0 ms]
   [Code Root Migration: 0.0 ms]
   [Clear CT: 0.3 ms]
   [Other: 0.5 ms]
      [Choose CSet: 0.0 ms]
      [Ref Proc: 0.2 ms]
      [Ref Enq: 0.0 ms]
      [Free CSet: 0.0 ms]
   [Eden: 1024.0K(1024.0K)->0.0B(1024.0K) Survivors: 1024.0K->0.0B Heap: 6832.9K(8192.0K)->6832.9K(8192.0K)]
 [Times: user=0.01 sys=0.00, real=0.00 secs] 
118.349: Total time for which application threads were stopped: 0.0493280 seconds, Stopping threads took: 0.0475640 seconds
118.349: [GC concurrent-root-region-scan-start]
118.349: [GC concurrent-root-region-scan-end, 0.0000030 secs]
118.349: [GC concurrent-mark-start]
118.349: Application time: 0.0000710 seconds
118.349: [GC pause (young), 0.0005090 secs]
   [Parallel Time: 0.4 ms, GC Workers: 8]
      [GC Worker Start (ms): Min: 118348.9, Avg: 118348.9, Max: 118349.0, Diff: 0.0]
      [Ext Root Scanning (ms): Min: 0.2, Avg: 0.3, Max: 0.3, Diff: 0.1, Sum: 2.2]
      [SATB Filtering (ms): Min: 0.0, Avg: 0.0, Max: 0.0, Diff: 0.0, Sum: 0.0]
      [Update RS (ms): Min: 0.0, Avg: 0.0, Max: 0.0, Diff: 0.0, Sum: 0.1]
         [Processed Buffers: Min: 0, Avg: 1.8, Max: 13, Diff: 13, Sum: 14]
      [Scan RS (ms): Min: 0.0, Avg: 0.0, Max: 0.0, Diff: 0.0, Sum: 0.0]
      [Code Root Scanning (ms): Min: 0.0, Avg: 0.0, Max: 0.0, Diff: 0.0, Sum: 0.0]
      [Object Copy (ms): Min: 0.0, Avg: 0.0, Max: 0.0, Diff: 0.0, Sum: 0.1]
      [Termination (ms): Min: 0.0, Avg: 0.0, Max: 0.1, Diff: 0.1, Sum: 0.4]
      [GC Worker Other (ms): Min: 0.0, Avg: 0.0, Max: 0.0, Diff: 0.0, Sum: 0.0]
      [GC Worker Total (ms): Min: 0.3, Avg: 0.4, Max: 0.4, Diff: 0.0, Sum: 2.8]
      [GC Worker End (ms): Min: 118349.3, Avg: 118349.3, Max: 118349.3, Diff: 0.0]
   [Code Root Fixup: 0.0 ms]
   [Code Root Migration: 0.0 ms]
   [Clear CT: 0.0 ms]
   [Other: 0.1 ms]
      [Choose CSet: 0.0 ms]
      [Ref Proc: 0.1 ms]
      [Ref Enq: 0.0 ms]
      [Free CSet: 0.0 ms]
   [Eden: 0.0B(1024.0K)->0.0B(1024.0K) Survivors: 0.0B->0.0B Heap: 6832.9K(8192.0K)->6832.9K(8192.0K)]
 [Times: user=0.00 sys=0.00, real=0.01 secs] 
118.349: Total time for which application threads were stopped: 0.0005690 seconds, Stopping threads took: 0.0000060 seconds
118.350: Application time: 0.0000280 seconds
118.350: [Full GC 6832K->5601K(8192K), 0.0054980 secs]
   [Eden: 0.0B(1024.0K)->0.0B(1024.0K) Survivors: 0.0B->0.0B Heap: 6832.9K(8192.0K)->5602.0K(8192.0K)], [Perm: 5129K->5129K(20480K)]
 [Times: user=0.01 sys=0.00, real=0.00 secs] 
118.355: Total time for which application threads were stopped: 0.0055610 seconds, Stopping threads took: 0.0000050 seconds
118.355: [GC concurrent-mark-abort]
119.607: Application time: 1.2520930 seconds
119.611: [GC pause (young), 0.0011100 secs]
   [Parallel Time: 0.9 ms, GC Workers: 8]
      [GC Worker Start (ms): Min: 119611.4, Avg: 119611.5, Max: 119611.5, Diff: 0.1]
      [Ext Root Scanning (ms): Min: 0.6, Avg: 0.7, Max: 0.8, Diff: 0.1, Sum: 5.4]
      [Update RS (ms): Min: 0.0, Avg: 0.0, Max: 0.0, Diff: 0.0, Sum: 0.1]
         [Processed Buffers: Min: 0, Avg: 1.0, Max: 3, Diff: 3, Sum: 8]
      [Scan RS (ms): Min: 0.0, Avg: 0.0, Max: 0.0, Diff: 0.0, Sum: 0.0]
      [Code Root Scanning (ms): Min: 0.0, Avg: 0.0, Max: 0.0, Diff: 0.0, Sum: 0.0]
      [Object Copy (ms): Min: 0.1, Avg: 0.1, Max: 0.1, Diff: 0.1, Sum: 0.7]
      [Termination (ms): Min: 0.0, Avg: 0.0, Max: 0.0, Diff: 0.0, Sum: 0.1]
      [GC Worker Other (ms): Min: 0.0, Avg: 0.0, Max: 0.0, Diff: 0.0, Sum: 0.1]
      [GC Worker Total (ms): Min: 0.8, Avg: 0.8, Max: 0.8, Diff: 0.1, Sum: 6.3]
      [GC Worker End (ms): Min: 119612.3, Avg: 119612.3, Max: 119612.3, Diff: 0.0]
   [Code Root Fixup: 0.0 ms]
   [Code Root Migration: 0.0 ms]
   [Clear CT: 0.1 ms]
   [Other: 0.2 ms]
      [Choose CSet: 0.0 ms]
      [Ref Proc: 0.1 ms]
      [Ref Enq: 0.0 ms]
      [Free CSet: 0.0 ms]
   [Eden: 1024.0K(1024.0K)->0.0B(1024.0K) Survivors: 0.0B->1024.0K Heap: 6626.0K(8192.0K)->5818.5K(8192.0K)]
 [Times: user=0.01 sys=0.00, real=0.00 secs] 
119.613: Total time for which application threads were stopped: 0.0054190 seconds, Stopping threads took: 0.0042060 seconds
120.820: Application time: 1.2077360 seconds
120.867: [GC pause (young) (initial-mark) (to-space exhausted), 0.0017530 secs]
   [Parallel Time: 0.8 ms, GC Workers: 8]
      [GC Worker Start (ms): Min: 120866.6, Avg: 120866.6, Max: 120866.6, Diff: 0.0]
      [Ext Root Scanning (ms): Min: 0.3, Avg: 0.4, Max: 0.5, Diff: 0.2, Sum: 3.2]
      [Code Root Marking (ms): Min: 0.0, Avg: 0.0, Max: 0.0, Diff: 0.0, Sum: 0.0]
      [Update RS (ms): Min: 0.0, Avg: 0.0, Max: 0.0, Diff: 0.0, Sum: 0.0]
         [Processed Buffers: Min: 0, Avg: 1.0, Max: 5, Diff: 5, Sum: 8]
      [Scan RS (ms): Min: 0.0, Avg: 0.0, Max: 0.0, Diff: 0.0, Sum: 0.0]
      [Code Root Scanning (ms): Min: 0.0, Avg: 0.0, Max: 0.0, Diff: 0.0, Sum: 0.0]
      [Object Copy (ms): Min: 0.1, Avg: 0.1, Max: 0.2, Diff: 0.2, Sum: 1.2]
      [Termination (ms): Min: 0.0, Avg: 0.0, Max: 0.1, Diff: 0.1, Sum: 0.2]
      [GC Worker Other (ms): Min: 0.0, Avg: 0.0, Max: 0.0, Diff: 0.0, Sum: 0.0]
      [GC Worker Total (ms): Min: 0.6, Avg: 0.6, Max: 0.6, Diff: 0.0, Sum: 4.8]
      [GC Worker End (ms): Min: 120867.2, Avg: 120867.2, Max: 120867.2, Diff: 0.0]
   [Code Root Fixup: 0.0 ms]
   [Code Root Migration: 0.0 ms]
   [Clear CT: 0.5 ms]
   [Other: 0.4 ms]
      [Choose CSet: 0.0 ms]
      [Ref Proc: 0.2 ms]
      [Ref Enq: 0.0 ms]
      [Free CSet: 0.0 ms]
   [Eden: 1024.0K(1024.0K)->0.0B(1024.0K) Survivors: 1024.0K->0.0B Heap: 6842.5K(8192.0K)->6842.5K(8192.0K)]
 [Times: user=0.01 sys=0.00, real=0.00 secs] 
120.868: Total time for which application threads were stopped: 0.0480830 seconds, Stopping threads took: 0.0462200 seconds
120.868: [GC concurrent-root-region-scan-start]
120.868: [GC concurrent-root-region-scan-end, 0.0000030 secs]
120.868: [GC concurrent-mark-start]
120.868: Application time: 0.0000430 seconds
120.868: [Full GC 6842K->5611K(8192K), 0.0057520 secs]
   [Eden: 0.0B(1024.0K)->0.0B(1024.0K) Survivors: 0.0B->0.0B Heap: 6842.5K(8192.0K)->5611.8K(8192.0K)], [Perm: 5129K->5129K(20480K)]
 [Times: user=0.01 sys=0.00, real=0.01 secs] 
120.874: Total time for which application threads were stopped: 0.0058240 seconds, Stopping threads took: 0.0000060 seconds
120.874: [GC concurrent-mark-abort]
122.072: Application time: 1.1977980 seconds
122.126: [GC pause (young), 0.0010980 secs]
   [Parallel Time: 0.8 ms, GC Workers: 8]
      [GC Worker Start (ms): Min: 122126.1, Avg: 122126.2, Max: 122126.2, Diff: 0.1]
      [Ext Root Scanning (ms): Min: 0.6, Avg: 0.7, Max: 0.8, Diff: 0.1, Sum: 5.4]
      [Update RS (ms): Min: 0.0, Avg: 0.0, Max: 0.0, Diff: 0.0, Sum: 0.1]
         [Processed Buffers: Min: 0, Avg: 1.0, Max: 3, Diff: 3, Sum: 8]
      [Scan RS (ms): Min: 0.0, Avg: 0.0, Max: 0.0, Diff: 0.0, Sum: 0.0]
      [Code Root Scanning (ms): Min: 0.0, Avg: 0.0, Max: 0.0, Diff: 0.0, Sum: 0.0]
      [Object Copy (ms): Min: 0.1, Avg: 0.1, Max: 0.1, Diff: 0.1, Sum: 0.7]
      [Termination (ms): Min: 0.0, Avg: 0.0, Max: 0.0, Diff: 0.0, Sum: 0.1]
      [GC Worker Other (ms): Min: 0.0, Avg: 0.0, Max: 0.0, Diff: 0.0, Sum: 0.1]
      [GC Worker Total (ms): Min: 0.7, Avg: 0.8, Max: 0.8, Diff: 0.1, Sum: 6.3]
      [GC Worker End (ms): Min: 122126.9, Avg: 122126.9, Max: 122126.9, Diff: 0.0]
   [Code Root Fixup: 0.0 ms]
   [Code Root Migration: 0.0 ms]
   [Clear CT: 0.1 ms]
   [Other: 0.2 ms]
      [Choose CSet: 0.0 ms]
      [Ref Proc: 0.1 ms]
      [Ref Enq: 0.0 ms]
      [Free CSet: 0.0 ms]
   [Eden: 1024.0K(1024.0K)->0.0B(1024.0K) Survivors: 0.0B->1024.0K Heap: 6635.8K(8192.0K)->5860.3K(8192.0K)]
 [Times: user=0.01 sys=0.00, real=0.00 secs] 
122.127: Total time for which application threads were stopped: 0.0551920 seconds, Stopping threads took: 0.0539840 seconds
123.396: Application time: 1.2688500 seconds
123.439: [GC pause (young) (initial-mark) (to-space exhausted), 0.0008940 secs]
   [Parallel Time: 0.7 ms, GC Workers: 8]
      [GC Worker Start (ms): Min: 123439.0, Avg: 123439.0, Max: 123439.0, Diff: 0.0]
      [Ext Root Scanning (ms): Min: 0.3, Avg: 0.4, Max: 0.5, Diff: 0.2, Sum: 3.2]
      [Code Root Marking (ms): Min: 0.0, Avg: 0.0, Max: 0.0, Diff: 0.0, Sum: 0.0]
      [Update RS (ms): Min: 0.0, Avg: 0.0, Max: 0.0, Diff: 0.0, Sum: 0.0]
         [Processed Buffers: Min: 0, Avg: 1.0, Max: 5, Diff: 5, Sum: 8]
      [Scan RS (ms): Min: 0.0, Avg: 0.0, Max: 0.0, Diff: 0.0, Sum: 0.0]
      [Code Root Scanning (ms): Min: 0.0, Avg: 0.0, Max: 0.0, Diff: 0.0, Sum: 0.0]
      [Object Copy (ms): Min: 0.1, Avg: 0.2, Max: 0.2, Diff: 0.1, Sum: 1.2]
      [Termination (ms): Min: 0.0, Avg: 0.0, Max: 0.1, Diff: 0.1, Sum: 0.2]
      [GC Worker Other (ms): Min: 0.0, Avg: 0.0, Max: 0.0, Diff: 0.0, Sum: 0.0]
      [GC Worker Total (ms): Min: 0.6, Avg: 0.6, Max: 0.6, Diff: 0.0, Sum: 4.7]
      [GC Worker End (ms): Min: 123439.6, Avg: 123439.6, Max: 123439.6, Diff: 0.0]
   [Code Root Fixup: 0.0 ms]
   [Code Root Migration: 0.0 ms]
   [Clear CT: 0.0 ms]
   [Other: 0.2 ms]
      [Choose CSet: 0.0 ms]
      [Ref Proc: 0.1 ms]
      [Ref Enq: 0.0 ms]
      [Free CSet: 0.0 ms]
   [Eden: 1024.0K(1024.0K)->0.0B(1024.0K) Survivors: 1024.0K->0.0B Heap: 6884.3K(8192.0K)->6884.3K(8192.0K)]
 [Times: user=0.00 sys=0.00, real=0.00 secs] 
123.440: [GC concurrent-root-region-scan-start]
123.440: 123.440: [GC concurrent-root-region-scan-end, 0.0000050 secs]
Total time for which application threads were stopped: 0.0438330 seconds, Stopping threads took: 0.0428320 seconds
123.440: [GC concurrent-mark-start]
123.440: Application time: 0.0000310 seconds
123.440: [GC pause (young), 0.0004810 secs]
   [Parallel Time: 0.4 ms, GC Workers: 8]
      [GC Worker Start (ms): Min: 123440.0, Avg: 123440.0, Max: 123440.0, Diff: 0.0]
      [Ext Root Scanning (ms): Min: 0.2, Avg: 0.3, Max: 0.3, Diff: 0.1, Sum: 2.2]
      [SATB Filtering (ms): Min: 0.0, Avg: 0.0, Max: 0.0, Diff: 0.0, Sum: 0.0]
      [Update RS (ms): Min: 0.0, Avg: 0.0, Max: 0.0, Diff: 0.0, Sum: 0.0]
         [Processed Buffers: Min: 0, Avg: 1.5, Max: 10, Diff: 10, Sum: 12]
      [Scan RS (ms): Min: 0.0, Avg: 0.0, Max: 0.0, Diff: 0.0, Sum: 0.0]
      [Code Root Scanning (ms): Min: 0.0, Avg: 0.0, Max: 0.0, Diff: 0.0, Sum: 0.0]
      [Object Copy (ms): Min: 0.0, Avg: 0.0, Max: 0.0, Diff: 0.0, Sum: 0.2]
      [Termination (ms): Min: 0.0, Avg: 0.0, Max: 0.1, Diff: 0.1, Sum: 0.2]
      [GC Worker Other (ms): Min: 0.0, Avg: 0.0, Max: 0.0, Diff: 0.0, Sum: 0.0]
      [GC Worker Total (ms): Min: 0.3, Avg: 0.3, Max: 0.3, Diff: 0.0, Sum: 2.7]
      [GC Worker End (ms): Min: 123440.3, Avg: 123440.3, Max: 123440.4, Diff: 0.0]
   [Code Root Fixup: 0.0 ms]
   [Code Root Migration: 0.0 ms]
   [Clear CT: 0.0 ms]
   [Other: 0.1 ms]
      [Choose CSet: 0.0 ms]
      [Ref Proc: 0.1 ms]
      [Ref Enq: 0.0 ms]
      [Free CSet: 0.0 ms]
   [Eden: 0.0B(1024.0K)->0.0B(1024.0K) Survivors: 0.0B->0.0B Heap: 6884.3K(8192.0K)->6884.3K(8192.0K)]
 [Times: user=0.01 sys=0.00, real=0.00 secs] 
123.441: Total time for which application threads were stopped: 0.0005480 seconds, Stopping threads took: 0.0000050 seconds
123.441: Application time: 0.0000260 seconds
123.441: [GC pause (young), 0.0004860 secs]
   [Parallel Time: 0.4 ms, GC Workers: 8]
      [GC Worker Start (ms): Min: 123440.6, Avg: 123440.7, Max: 123440.9, Diff: 0.3]
      [Ext Root Scanning (ms): Min: 0.0, Avg: 0.2, Max: 0.3, Diff: 0.3, Sum: 1.6]
      [SATB Filtering (ms): Min: 0.0, Avg: 0.0, Max: 0.0, Diff: 0.0, Sum: 0.0]
      [Update RS (ms): Min: 0.0, Avg: 0.0, Max: 0.0, Diff: 0.0, Sum: 0.0]
         [Processed Buffers: Min: 0, Avg: 0.1, Max: 1, Diff: 1, Sum: 1]
      [Scan RS (ms): Min: 0.0, Avg: 0.0, Max: 0.0, Diff: 0.0, Sum: 0.0]
      [Code Root Scanning (ms): Min: 0.0, Avg: 0.0, Max: 0.0, Diff: 0.0, Sum: 0.0]
      [Object Copy (ms): Min: 0.0, Avg: 0.0, Max: 0.0, Diff: 0.0, Sum: 0.1]
      [Termination (ms): Min: 0.0, Avg: 0.0, Max: 0.1, Diff: 0.1, Sum: 0.4]
      [GC Worker Other (ms): Min: -0.0, Avg: 0.0, Max: 0.0, Diff: 0.0, Sum: 0.0]
      [GC Worker Total (ms): Min: 0.0, Avg: 0.3, Max: 0.4, Diff: 0.3, Sum: 2.1]
      [GC Worker End (ms): Min: 123440.9, Avg: 123440.9, Max: 123440.9, Diff: 0.0]
   [Code Root Fixup: 0.0 ms]
   [Code Root Migration: 0.0 ms]
   [Clear CT: 0.0 ms]
   [Other: 0.1 ms]
      [Choose CSet: 0.0 ms]
      [Ref Proc: 0.0 ms]
      [Ref Enq: 0.0 ms]
      [Free CSet: 0.0 ms]
   [Eden: 0.0B(1024.0K)->0.0B(1024.0K) Survivors: 0.0B->0.0B Heap: 6884.3K(8192.0K)->6884.3K(8192.0K)]
 [Times: user=0.00 sys=0.00, real=0.00 secs] 
123.441: Total time for which application threads were stopped: 0.0005480 seconds, Stopping threads took: 0.0000040 seconds
123.441: Application time: 0.0000300 seconds
123.441: [GC pause (young), 0.0004530 secs]
   [Parallel Time: 0.3 ms, GC Workers: 8]
      [GC Worker Start (ms): Min: 123441.2, Avg: 123441.2, Max: 123441.2, Diff: 0.0]
      [Ext Root Scanning (ms): Min: 0.2, Avg: 0.2, Max: 0.3, Diff: 0.1, Sum: 1.9]
      [SATB Filtering (ms): Min: 0.0, Avg: 0.0, Max: 0.0, Diff: 0.0, Sum: 0.0]
      [Update RS (ms): Min: 0.0, Avg: 0.0, Max: 0.0, Diff: 0.0, Sum: 0.0]
         [Processed Buffers: Min: 0, Avg: 0.1, Max: 1, Diff: 1, Sum: 1]
      [Scan RS (ms): Min: 0.0, Avg: 0.0, Max: 0.0, Diff: 0.0, Sum: 0.0]
      [Code Root Scanning (ms): Min: 0.0, Avg: 0.0, Max: 0.0, Diff: 0.0, Sum: 0.0]
      [Object Copy (ms): Min: 0.0, Avg: 0.0, Max: 0.0, Diff: 0.0, Sum: 0.1]
      [Termination (ms): Min: 0.0, Avg: 0.0, Max: 0.1, Diff: 0.1, Sum: 0.4]
      [GC Worker Other (ms): Min: -0.0, Avg: 0.0, Max: 0.0, Diff: 0.0, Sum: 0.0]
      [GC Worker Total (ms): Min: 0.3, Avg: 0.3, Max: 0.3, Diff: 0.0, Sum: 2.4]
      [GC Worker End (ms): Min: 123441.5, Avg: 123441.5, Max: 123441.5, Diff: 0.0]
   [Code Root Fixup: 0.0 ms]
   [Code Root Migration: 0.0 ms]
   [Clear CT: 0.1 ms]
   [Other: 0.1 ms]
      [Choose CSet: 0.0 ms]
      [Ref Proc: 0.0 ms]
      [Ref Enq: 0.0 ms]
      [Free CSet: 0.0 ms]
   [Eden: 0.0B(1024.0K)->0.0B(1024.0K) Survivors: 0.0B->0.0B Heap: 6884.3K(8192.0K)->6884.3K(8192.0K)]
 [Times: user=0.00 sys=0.00, real=0.01 secs] 
123.442: Total time for which application threads were stopped: 0.0005140 seconds, Stopping threads took: 0.0000040 seconds
123.442: Application time: 0.0000270 seconds
123.442: [Full GC 6884K->5588K(8192K), 0.0055690 secs]
   [Eden: 0.0B(1024.0K)->0.0B(1024.0K) Survivors: 0.0B->0.0B Heap: 6884.3K(8192.0K)->5589.0K(8192.0K)], [Perm: 5129K->5129K(20480K)]
 [Times: user=0.01 sys=0.00, real=0.00 secs] 
123.447: Total time for which application threads were stopped: 0.0056290 seconds, Stopping threads took: 0.0000030 seconds
123.447: [GC concurrent-mark-abort]
124.590: Application time: 1.1422270 seconds
124.645: [GC pause (young), 0.0016860 secs]
   [Parallel Time: 1.0 ms, GC Workers: 8]
      [GC Worker Start (ms): Min: 124645.3, Avg: 124645.4, Max: 124645.4, Diff: 0.1]
      [Ext Root Scanning (ms): Min: 0.6, Avg: 0.7, Max: 0.7, Diff: 0.1, Sum: 5.4]
      [Update RS (ms): Min: 0.0, Avg: 0.0, Max: 0.0, Diff: 0.0, Sum: 0.1]
         [Processed Buffers: Min: 0, Avg: 1.0, Max: 2, Diff: 2, Sum: 8]
      [Scan RS (ms): Min: 0.0, Avg: 0.0, Max: 0.0, Diff: 0.0, Sum: 0.0]
      [Code Root Scanning (ms): Min: 0.0, Avg: 0.0, Max: 0.0, Diff: 0.0, Sum: 0.0]
      [Object Copy (ms): Min: 0.1, Avg: 0.1, Max: 0.1, Diff: 0.0, Sum: 0.7]
      [Termination (ms): Min: 0.0, Avg: 0.0, Max: 0.0, Diff: 0.0, Sum: 0.1]
      [GC Worker Other (ms): Min: 0.0, Avg: 0.0, Max: 0.0, Diff: 0.0, Sum: 0.0]
      [GC Worker Total (ms): Min: 0.8, Avg: 0.8, Max: 0.8, Diff: 0.1, Sum: 6.4]
      [GC Worker End (ms): Min: 124646.2, Avg: 124646.2, Max: 124646.2, Diff: 0.0]
   [Code Root Fixup: 0.0 ms]
   [Code Root Migration: 0.0 ms]
   [Clear CT: 0.4 ms]
   [Other: 0.3 ms]
      [Choose CSet: 0.0 ms]
      [Ref Proc: 0.3 ms]
      [Ref Enq: 0.0 ms]
      [Free CSet: 0.0 ms]
   [Eden: 1024.0K(1024.0K)->0.0B(1024.0K) Survivors: 0.0B->1024.0K Heap: 6613.0K(8192.0K)->5811.5K(8192.0K)]
 [Times: user=0.00 sys=0.00, real=0.00 secs] 
124.647: Total time for which application threads were stopped: 0.0575200 seconds, Stopping threads took: 0.0557340 seconds
125.787: Application time: 1.1396000 seconds
125.841: [GC pause (young) (initial-mark) (to-space exhausted), 0.0009990 secs]
   [Parallel Time: 0.7 ms, GC Workers: 8]
      [GC Worker Start (ms): Min: 125840.6, Avg: 125840.6, Max: 125840.7, Diff: 0.1]
      [Ext Root Scanning (ms): Min: 0.3, Avg: 0.4, Max: 0.4, Diff: 0.1, Sum: 3.2]
      [Code Root Marking (ms): Min: 0.0, Avg: 0.0, Max: 0.0, Diff: 0.0, Sum: 0.0]
      [Update RS (ms): Min: 0.0, Avg: 0.0, Max: 0.0, Diff: 0.0, Sum: 0.1]
         [Processed Buffers: Min: 0, Avg: 0.9, Max: 2, Diff: 2, Sum: 7]
      [Scan RS (ms): Min: 0.0, Avg: 0.0, Max: 0.0, Diff: 0.0, Sum: 0.0]
      [Code Root Scanning (ms): Min: 0.0, Avg: 0.0, Max: 0.0, Diff: 0.0, Sum: 0.0]
      [Object Copy (ms): Min: 0.1, Avg: 0.2, Max: 0.2, Diff: 0.1, Sum: 1.4]
      [Termination (ms): Min: 0.0, Avg: 0.0, Max: 0.1, Diff: 0.1, Sum: 0.3]
      [GC Worker Other (ms): Min: 0.0, Avg: 0.0, Max: 0.0, Diff: 0.0, Sum: 0.0]
      [GC Worker Total (ms): Min: 0.6, Avg: 0.6, Max: 0.7, Diff: 0.1, Sum: 5.1]
      [GC Worker End (ms): Min: 125841.3, Avg: 125841.3, Max: 125841.3, Diff: 0.0]
   [Code Root Fixup: 0.0 ms]
   [Code Root Migration: 0.0 ms]
   [Clear CT: 0.1 ms]
   [Other: 0.2 ms]
      [Choose CSet: 0.0 ms]
      [Ref Proc: 0.1 ms]
      [Ref Enq: 0.0 ms]
      [Free CSet: 0.0 ms]
   [Eden: 1024.0K(1024.0K)->0.0B(1024.0K) Survivors: 1024.0K->0.0B Heap: 6835.5K(8192.0K)->6835.5K(8192.0K)]
 [Times: user=0.00 sys=0.00, real=0.01 secs] 
125.842: [GC concurrent-root-region-scan-start]
125.842: [GC concurrent-root-region-scan-end, 0.0000050 secs]
125.842: [GC concurrent-mark-start]
125.842: Total time for which application threads were stopped: 0.0549900 seconds, Stopping threads took: 0.0538750 seconds
125.842: Application time: 0.0000520 seconds
125.842: [GC pause (young), 0.0005790 secs]
   [Parallel Time: 0.5 ms, GC Workers: 8]
      [GC Worker Start (ms): Min: 125841.7, Avg: 125841.8, Max: 125842.1, Diff: 0.4]
      [Ext Root Scanning (ms): Min: 0.0, Avg: 0.2, Max: 0.3, Diff: 0.3, Sum: 1.7]
      [SATB Filtering (ms): Min: 0.0, Avg: 0.0, Max: 0.0, Diff: 0.0, Sum: 0.0]
      [Update RS (ms): Min: 0.0, Avg: 0.0, Max: 0.0, Diff: 0.0, Sum: 0.1]
         [Processed Buffers: Min: 0, Avg: 1.5, Max: 6, Diff: 6, Sum: 12]
      [Scan RS (ms): Min: 0.0, Avg: 0.0, Max: 0.0, Diff: 0.0, Sum: 0.0]
      [Code Root Scanning (ms): Min: 0.0, Avg: 0.0, Max: 0.0, Diff: 0.0, Sum: 0.0]
      [Object Copy (ms): Min: 0.0, Avg: 0.0, Max: 0.0, Diff: 0.0, Sum: 0.1]
      [Termination (ms): Min: 0.0, Avg: 0.1, Max: 0.1, Diff: 0.1, Sum: 0.6]
      [GC Worker Other (ms): Min: -0.0, Avg: 0.0, Max: 0.0, Diff: 0.0, Sum: 0.0]
      [GC Worker Total (ms): Min: 0.0, Avg: 0.3, Max: 0.4, Diff: 0.4, Sum: 2.6]
      [GC Worker End (ms): Min: 125842.2, Avg: 125842.2, Max: 125842.2, Diff: 0.0]
   [Code Root Fixup: 0.0 ms]
   [Code Root Migration: 0.0 ms]
   [Clear CT: 0.0 ms]
   [Other: 0.1 ms]
      [Choose CSet: 0.0 ms]
      [Ref Proc: 0.1 ms]
      [Ref Enq: 0.0 ms]
      [Free CSet: 0.0 ms]
   [Eden: 0.0B(1024.0K)->0.0B(1024.0K) Survivors: 0.0B->0.0B Heap: 6835.5K(8192.0K)->6835.5K(8192.0K)]
 [Times: user=0.01 sys=0.00, real=0.00 secs] 
125.842: Total time for which application threads were stopped: 0.0006400 seconds, Stopping threads took: 0.0000060 seconds
125.842: Application time: 0.0000280 seconds
125.842: [GC pause (young), 0.0004940 secs]
   [Parallel Time: 0.3 ms, GC Workers: 8]
      [GC Worker Start (ms): Min: 125842.4, Avg: 125842.4, Max: 125842.4, Diff: 0.0]
      [Ext Root Scanning (ms): Min: 0.2, Avg: 0.2, Max: 0.3, Diff: 0.0, Sum: 1.9]
      [SATB Filtering (ms): Min: 0.0, Avg: 0.0, Max: 0.0, Diff: 0.0, Sum: 0.0]
      [Update RS (ms): Min: 0.0, Avg: 0.0, Max: 0.0, Diff: 0.0, Sum: 0.0]
         [Processed Buffers: Min: 0, Avg: 0.1, Max: 1, Diff: 1, Sum: 1]
      [Scan RS (ms): Min: 0.0, Avg: 0.0, Max: 0.0, Diff: 0.0, Sum: 0.0]
      [Code Root Scanning (ms): Min: 0.0, Avg: 0.0, Max: 0.0, Diff: 0.0, Sum: 0.0]
      [Object Copy (ms): Min: 0.0, Avg: 0.0, Max: 0.0, Diff: 0.0, Sum: 0.1]
      [Termination (ms): Min: 0.0, Avg: 0.0, Max: 0.1, Diff: 0.1, Sum: 0.3]
      [GC Worker Other (ms): Min: -0.0, Avg: 0.0, Max: 0.0, Diff: 0.0, Sum: 0.0]
      [GC Worker Total (ms): Min: 0.3, Avg: 0.3, Max: 0.3, Diff: 0.0, Sum: 2.4]
      [GC Worker End (ms): Min: 125842.7, Avg: 125842.7, Max: 125842.7, Diff: 0.0]
   [Code Root Fixup: 0.0 ms]
   [Code Root Migration: 0.0 ms]
   [Clear CT: 0.0 ms]
   [Other: 0.1 ms]
      [Choose CSet: 0.0 ms]
      [Ref Proc: 0.1 ms]
      [Ref Enq: 0.0 ms]
      [Free CSet: 0.0 ms]
   [Eden: 0.0B(1024.0K)->0.0B(1024.0K) Survivors: 0.0B->0.0B Heap: 6835.5K(8192.0K)->6835.5K(8192.0K)]
 [Times: user=0.00 sys=0.00, real=0.00 secs] 
125.843: Total time for which application threads were stopped: 0.0005540 seconds, Stopping threads took: 0.0000040 seconds
125.843: Application time: 0.0000240 seconds
125.843: [Full GC 6835K->5590K(8192K), 0.0056050 secs]
   [Eden: 0.0B(1024.0K)->0.0B(1024.0K) Survivors: 0.0B->0.0B Heap: 6835.5K(8192.0K)->5590.5K(8192.0K)], [Perm: 5129K->5129K(20480K)]
 [Times: user=0.01 sys=0.00, real=0.00 secs] 
125.849: Total time for which application threads were stopped: 0.0056630 seconds, Stopping threads took: 0.0000050 seconds
125.849: [GC concurrent-mark-abort]
127.161: Application time: 1.3119910 seconds
127.215: [GC pause (young), 0.0020140 secs]
   [Parallel Time: 1.2 ms, GC Workers: 8]
      [GC Worker Start (ms): Min: 127214.8, Avg: 127214.9, Max: 127214.9, Diff: 0.1]
      [Ext Root Scanning (ms): Min: 0.7, Avg: 0.7, Max: 0.8, Diff: 0.1, Sum: 5.7]
      [Update RS (ms): Min: 0.0, Avg: 0.0, Max: 0.0, Diff: 0.0, Sum: 0.0]
         [Processed Buffers: Min: 0, Avg: 0.9, Max: 4, Diff: 4, Sum: 7]
      [Scan RS (ms): Min: 0.0, Avg: 0.0, Max: 0.0, Diff: 0.0, Sum: 0.0]
      [Code Root Scanning (ms): Min: 0.0, Avg: 0.0, Max: 0.0, Diff: 0.0, Sum: 0.0]
      [Object Copy (ms): Min: 0.1, Avg: 0.1, Max: 0.1, Diff: 0.0, Sum: 0.7]
      [Termination (ms): Min: 0.0, Avg: 0.0, Max: 0.0, Diff: 0.0, Sum: 0.1]
      [GC Worker Other (ms): Min: 0.0, Avg: 0.0, Max: 0.0, Diff: 0.0, Sum: 0.1]
      [GC Worker Total (ms): Min: 0.8, Avg: 0.8, Max: 0.9, Diff: 0.1, Sum: 6.7]
      [GC Worker End (ms): Min: 127215.7, Avg: 127215.7, Max: 127215.7, Diff: 0.0]
   [Code Root Fixup: 0.0 ms]
   [Code Root Migration: 0.0 ms]
   [Clear CT: 0.5 ms]
   [Other: 0.3 ms]
      [Choose CSet: 0.0 ms]
      [Ref Proc: 0.3 ms]
      [Ref Enq: 0.0 ms]
      [Free CSet: 0.0 ms]
   [Eden: 1024.0K(1024.0K)->0.0B(1024.0K) Survivors: 0.0B->1024.0K Heap: 6614.5K(8192.0K)->5831.0K(8192.0K)]
 [Times: user=0.00 sys=0.00, real=0.00 secs] 
127.218: Total time for which application threads were stopped: 0.0578410 seconds, Stopping threads took: 0.0541080 seconds
128.530: Application time: 1.3119880 seconds
128.586: [GC pause (young) (initial-mark) (to-space exhausted), 0.0011220 secs]
   [Parallel Time: 0.8 ms, GC Workers: 8]
      [GC Worker Start (ms): Min: 128586.5, Avg: 128586.6, Max: 128586.6, Diff: 0.1]
      [Ext Root Scanning (ms): Min: 0.3, Avg: 0.4, Max: 0.5, Diff: 0.2, Sum: 3.2]
      [Code Root Marking (ms): Min: 0.0, Avg: 0.0, Max: 0.0, Diff: 0.0, Sum: 0.0]
      [Update RS (ms): Min: 0.0, Avg: 0.0, Max: 0.0, Diff: 0.0, Sum: 0.0]
         [Processed Buffers: Min: 0, Avg: 0.9, Max: 4, Diff: 4, Sum: 7]
      [Scan RS (ms): Min: 0.0, Avg: 0.0, Max: 0.0, Diff: 0.0, Sum: 0.0]
      [Code Root Scanning (ms): Min: 0.0, Avg: 0.0, Max: 0.0, Diff: 0.0, Sum: 0.0]
      [Object Copy (ms): Min: 0.1, Avg: 0.2, Max: 0.2, Diff: 0.1, Sum: 1.3]
      [Termination (ms): Min: 0.0, Avg: 0.0, Max: 0.1, Diff: 0.1, Sum: 0.3]
      [GC Worker Other (ms): Min: 0.0, Avg: 0.0, Max: 0.0, Diff: 0.0, Sum: 0.0]
      [GC Worker Total (ms): Min: 0.6, Avg: 0.6, Max: 0.7, Diff: 0.1, Sum: 4.9]
      [GC Worker End (ms): Min: 128587.2, Avg: 128587.2, Max: 128587.2, Diff: 0.0]
   [Code Root Fixup: 0.0 ms]
   [Code Root Migration: 0.0 ms]
   [Clear CT: 0.1 ms]
   [Other: 0.2 ms]
      [Choose CSet: 0.0 ms]
      [Ref Proc: 0.1 ms]
      [Ref Enq: 0.0 ms]
      [Free CSet: 0.0 ms]
   [Eden: 1024.0K(1024.0K)->0.0B(1024.0K) Survivors: 1024.0K->0.0B Heap: 6855.0K(8192.0K)->6855.0K(8192.0K)]
 [Times: user=0.01 sys=0.00, real=0.00 secs] 
128.588: [GC concurrent-root-region-scan-start]
128.588: 128.588: [GC concurrent-root-region-scan-end, 0.0000040 secs]
Total time for which application threads were stopped: 0.0572080 seconds, Stopping threads took: 0.0559600 seconds
128.588: [GC concurrent-mark-start]
128.588: Application time: 0.0000530 seconds
128.588: [GC pause (young), 0.0004660 secs]
   [Parallel Time: 0.3 ms, GC Workers: 8]
      [GC Worker Start (ms): Min: 128587.7, Avg: 128587.7, Max: 128587.8, Diff: 0.0]
      [Ext Root Scanning (ms): Min: 0.2, Avg: 0.3, Max: 0.3, Diff: 0.1, Sum: 2.2]
      [SATB Filtering (ms): Min: 0.0, Avg: 0.0, Max: 0.0, Diff: 0.0, Sum: 0.0]
      [Update RS (ms): Min: 0.0, Avg: 0.0, Max: 0.0, Diff: 0.0, Sum: 0.1]
         [Processed Buffers: Min: 0, Avg: 1.6, Max: 12, Diff: 12, Sum: 13]
      [Scan RS (ms): Min: 0.0, Avg: 0.0, Max: 0.0, Diff: 0.0, Sum: 0.0]
      [Code Root Scanning (ms): Min: 0.0, Avg: 0.0, Max: 0.0, Diff: 0.0, Sum: 0.0]
      [Object Copy (ms): Min: 0.0, Avg: 0.0, Max: 0.0, Diff: 0.0, Sum: 0.1]
      [Termination (ms): Min: 0.0, Avg: 0.0, Max: 0.0, Diff: 0.0, Sum: 0.2]
      [GC Worker Other (ms): Min: -0.0, Avg: 0.0, Max: 0.0, Diff: 0.0, Sum: 0.0]
      [GC Worker Total (ms): Min: 0.3, Avg: 0.3, Max: 0.3, Diff: 0.0, Sum: 2.5]
      [GC Worker End (ms): Min: 128588.1, Avg: 128588.1, Max: 128588.1, Diff: 0.0]
   [Code Root Fixup: 0.0 ms]
   [Code Root Migration: 0.0 ms]
   [Clear CT: 0.0 ms]
   [Other: 0.1 ms]
      [Choose CSet: 0.0 ms]
      [Ref Proc: 0.1 ms]
      [Ref Enq: 0.0 ms]
      [Free CSet: 0.0 ms]
   [Eden: 0.0B(1024.0K)->0.0B(1024.0K) Survivors: 0.0B->0.0B Heap: 6855.0K(8192.0K)->6855.0K(8192.0K)]
 [Times: user=0.00 sys=0.00, real=0.00 secs] 
128.588: Total time for which application threads were stopped: 0.0005420 seconds, Stopping threads took: 0.0000060 seconds
128.588: Application time: 0.0000280 seconds
128.588: [GC pause (young), 0.0004410 secs]
   [Parallel Time: 0.3 ms, GC Workers: 8]
      [GC Worker Start (ms): Min: 128588.3, Avg: 128588.3, Max: 128588.3, Diff: 0.0]
      [Ext Root Scanning (ms): Min: 0.2, Avg: 0.2, Max: 0.3, Diff: 0.1, Sum: 1.9]
      [SATB Filtering (ms): Min: 0.0, Avg: 0.0, Max: 0.0, Diff: 0.0, Sum: 0.0]
      [Update RS (ms): Min: 0.0, Avg: 0.0, Max: 0.0, Diff: 0.0, Sum: 0.0]
         [Processed Buffers: Min: 0, Avg: 0.1, Max: 1, Diff: 1, Sum: 1]
      [Scan RS (ms): Min: 0.0, Avg: 0.0, Max: 0.0, Diff: 0.0, Sum: 0.0]
      [Code Root Scanning (ms): Min: 0.0, Avg: 0.0, Max: 0.0, Diff: 0.0, Sum: 0.0]
      [Object Copy (ms): Min: 0.0, Avg: 0.0, Max: 0.0, Diff: 0.0, Sum: 0.1]
      [Termination (ms): Min: 0.0, Avg: 0.0, Max: 0.1, Diff: 0.1, Sum: 0.2]
      [GC Worker Other (ms): Min: -0.0, Avg: 0.0, Max: 0.0, Diff: 0.0, Sum: 0.0]
      [GC Worker Total (ms): Min: 0.3, Avg: 0.3, Max: 0.3, Diff: 0.0, Sum: 2.2]
      [GC Worker End (ms): Min: 128588.6, Avg: 128588.6, Max: 128588.6, Diff: 0.0]
   [Code Root Fixup: 0.0 ms]
   [Code Root Migration: 0.0 ms]
   [Clear CT: 0.0 ms]
   [Other: 0.1 ms]
      [Choose CSet: 0.0 ms]
      [Ref Proc: 0.1 ms]
      [Ref Enq: 0.0 ms]
      [Free CSet: 0.0 ms]
   [Eden: 0.0B(1024.0K)->0.0B(1024.0K) Survivors: 0.0B->0.0B Heap: 6855.0K(8192.0K)->6855.0K(8192.0K)]
 [Times: user=0.00 sys=0.00, real=0.00 secs] 
128.589: Total time for which application threads were stopped: 0.0005040 seconds, Stopping threads took: 0.0000060 seconds
128.589: Application time: 0.0000380 seconds
128.589: [GC pause (young), 0.0004830 secs]
   [Parallel Time: 0.3 ms, GC Workers: 8]
      [GC Worker Start (ms): Min: 128588.8, Avg: 128588.9, Max: 128588.9, Diff: 0.0]
      [Ext Root Scanning (ms): Min: 0.2, Avg: 0.2, Max: 0.2, Diff: 0.0, Sum: 1.8]
      [SATB Filtering (ms): Min: 0.0, Avg: 0.0, Max: 0.0, Diff: 0.0, Sum: 0.0]
      [Update RS (ms): Min: 0.0, Avg: 0.0, Max: 0.0, Diff: 0.0, Sum: 0.0]
         [Processed Buffers: Min: 0, Avg: 0.1, Max: 1, Diff: 1, Sum: 1]
      [Scan RS (ms): Min: 0.0, Avg: 0.0, Max: 0.0, Diff: 0.0, Sum: 0.0]
      [Code Root Scanning (ms): Min: 0.0, Avg: 0.0, Max: 0.0, Diff: 0.0, Sum: 0.0]
      [Object Copy (ms): Min: 0.0, Avg: 0.0, Max: 0.0, Diff: 0.0, Sum: 0.1]
      [Termination (ms): Min: 0.0, Avg: 0.0, Max: 0.1, Diff: 0.1, Sum: 0.2]
      [GC Worker Other (ms): Min: -0.0, Avg: 0.0, Max: 0.0, Diff: 0.0, Sum: 0.0]
      [GC Worker Total (ms): Min: 0.3, Avg: 0.3, Max: 0.3, Diff: 0.0, Sum: 2.2]
      [GC Worker End (ms): Min: 128589.1, Avg: 128589.1, Max: 128589.1, Diff: 0.0]
   [Code Root Fixup: 0.0 ms]
   [Code Root Migration: 0.0 ms]
   [Clear CT: 0.0 ms]
   [Other: 0.1 ms]
      [Choose CSet: 0.0 ms]
      [Ref Proc: 0.1 ms]
      [Ref Enq: 0.0 ms]
      [Free CSet: 0.0 ms]
   [Eden: 0.0B(1024.0K)->0.0B(1024.0K) Survivors: 0.0B->0.0B Heap: 6855.0K(8192.0K)->6855.0K(8192.0K)]
 [Times: user=0.00 sys=0.00, real=0.00 secs] 
128.589: Total time for which application threads were stopped: 0.0005440 seconds, Stopping threads took: 0.0000040 seconds
128.589: Application time: 0.0000250 seconds
128.589: [Full GC 6854K->5592K(8192K), 0.0052990 secs]
   [Eden: 0.0B(1024.0K)->0.0B(1024.0K) Survivors: 0.0B->0.0B Heap: 6855.0K(8192.0K)->5592.0K(8192.0K)], [Perm: 5129K->5129K(20480K)]
 [Times: user=0.01 sys=0.01, real=0.00 secs] 
128.595: Total time for which application threads were stopped: 0.0053580 seconds, Stopping threads took: 0.0000040 seconds
128.595: [GC concurrent-mark-abort]
129.677: Application time: 1.0826840 seconds
129.732: [GC pause (young), 0.0014680 secs]
   [Parallel Time: 1.0 ms, GC Workers: 8]
      [GC Worker Start (ms): Min: 129731.8, Avg: 129731.8, Max: 129731.9, Diff: 0.1]
      [Ext Root Scanning (ms): Min: 0.6, Avg: 0.7, Max: 0.7, Diff: 0.1, Sum: 5.5]
      [Update RS (ms): Min: 0.0, Avg: 0.0, Max: 0.0, Diff: 0.0, Sum: 0.1]
         [Processed Buffers: Min: 0, Avg: 1.0, Max: 4, Diff: 4, Sum: 8]
      [Scan RS (ms): Min: 0.0, Avg: 0.0, Max: 0.0, Diff: 0.0, Sum: 0.0]
      [Code Root Scanning (ms): Min: 0.0, Avg: 0.0, Max: 0.0, Diff: 0.0, Sum: 0.0]
      [Object Copy (ms): Min: 0.1, Avg: 0.1, Max: 0.1, Diff: 0.0, Sum: 0.7]
      [Termination (ms): Min: 0.0, Avg: 0.0, Max: 0.0, Diff: 0.0, Sum: 0.1]
      [GC Worker Other (ms): Min: 0.0, Avg: 0.0, Max: 0.0, Diff: 0.0, Sum: 0.1]
      [GC Worker Total (ms): Min: 0.8, Avg: 0.8, Max: 0.8, Diff: 0.1, Sum: 6.5]
      [GC Worker End (ms): Min: 129732.6, Avg: 129732.6, Max: 129732.7, Diff: 0.0]
   [Code Root Fixup: 0.0 ms]
   [Code Root Migration: 0.0 ms]
   [Clear CT: 0.3 ms]
   [Other: 0.2 ms]
      [Choose CSet: 0.0 ms]
      [Ref Proc: 0.1 ms]
      [Ref Enq: 0.0 ms]
      [Free CSet: 0.0 ms]
   [Eden: 1024.0K(1024.0K)->0.0B(1024.0K) Survivors: 0.0B->1024.0K Heap: 6616.0K(8192.0K)->5814.5K(8192.0K)]
 [Times: user=0.01 sys=0.00, real=0.00 secs] 
129.733: Total time for which application threads were stopped: 0.0558600 seconds, Stopping threads took: 0.0542920 seconds
130.991: Application time: 1.2580760 seconds
131.045: [GC pause (young) (initial-mark) (to-space exhausted), 0.0011080 secs]
   [Parallel Time: 0.7 ms, GC Workers: 8]
      [GC Worker Start (ms): Min: 131045.5, Avg: 131045.5, Max: 131045.6, Diff: 0.1]
      [Ext Root Scanning (ms): Min: 0.3, Avg: 0.4, Max: 0.5, Diff: 0.1, Sum: 3.2]
      [Code Root Marking (ms): Min: 0.0, Avg: 0.0, Max: 0.0, Diff: 0.0, Sum: 0.0]
      [Update RS (ms): Min: 0.0, Avg: 0.0, Max: 0.0, Diff: 0.0, Sum: 0.0]
         [Processed Buffers: Min: 0, Avg: 0.9, Max: 3, Diff: 3, Sum: 7]
      [Scan RS (ms): Min: 0.0, Avg: 0.0, Max: 0.0, Diff: 0.0, Sum: 0.0]
      [Code Root Scanning (ms): Min: 0.0, Avg: 0.0, Max: 0.0, Diff: 0.0, Sum: 0.0]
      [Object Copy (ms): Min: 0.1, Avg: 0.2, Max: 0.2, Diff: 0.1, Sum: 1.2]
      [Termination (ms): Min: 0.0, Avg: 0.0, Max: 0.1, Diff: 0.1, Sum: 0.3]
      [GC Worker Other (ms): Min: 0.0, Avg: 0.0, Max: 0.0, Diff: 0.0, Sum: 0.0]
      [GC Worker Total (ms): Min: 0.6, Avg: 0.6, Max: 0.6, Diff: 0.1, Sum: 4.8]
      [GC Worker End (ms): Min: 131046.1, Avg: 131046.2, Max: 131046.2, Diff: 0.0]
   [Code Root Fixup: 0.0 ms]
   [Code Root Migration: 0.0 ms]
   [Clear CT: 0.1 ms]
   [Other: 0.3 ms]
      [Choose CSet: 0.0 ms]
      [Ref Proc: 0.2 ms]
      [Ref Enq: 0.0 ms]
      [Free CSet: 0.0 ms]
   [Eden: 1024.0K(1024.0K)->0.0B(1024.0K) Survivors: 1024.0K->0.0B Heap: 6838.5K(8192.0K)->6838.5K(8192.0K)]
 [Times: user=0.00 sys=0.00, real=0.00 secs] 
131.047: [GC concurrent-root-region-scan-start]
131.047: [GC concurrent-root-region-scan-end, 0.0000050 secs]
131.047: [GC concurrent-mark-start]
131.047: Total time for which application threads were stopped: 0.0552760 seconds, Stopping threads took: 0.0540600 seconds
131.047: Application time: 0.0000490 seconds
131.047: [GC pause (young), 0.0005140 secs]
   [Parallel Time: 0.4 ms, GC Workers: 8]
      [GC Worker Start (ms): Min: 131046.7, Avg: 131046.7, Max: 131046.8, Diff: 0.0]
      [Ext Root Scanning (ms): Min: 0.3, Avg: 0.3, Max: 0.3, Diff: 0.1, Sum: 2.2]
      [SATB Filtering (ms): Min: 0.0, Avg: 0.0, Max: 0.0, Diff: 0.0, Sum: 0.0]
      [Update RS (ms): Min: 0.0, Avg: 0.0, Max: 0.0, Diff: 0.0, Sum: 0.1]
         [Processed Buffers: Min: 0, Avg: 1.6, Max: 5, Diff: 5, Sum: 13]
      [Scan RS (ms): Min: 0.0, Avg: 0.0, Max: 0.0, Diff: 0.0, Sum: 0.0]
      [Code Root Scanning (ms): Min: 0.0, Avg: 0.0, Max: 0.0, Diff: 0.0, Sum: 0.0]
      [Object Copy (ms): Min: 0.0, Avg: 0.0, Max: 0.0, Diff: 0.0, Sum: 0.1]
      [Termination (ms): Min: 0.0, Avg: 0.0, Max: 0.1, Diff: 0.1, Sum: 0.3]
      [GC Worker Other (ms): Min: 0.0, Avg: 0.0, Max: 0.0, Diff: 0.0, Sum: 0.0]
      [GC Worker Total (ms): Min: 0.3, Avg: 0.3, Max: 0.4, Diff: 0.0, Sum: 2.8]
      [GC Worker End (ms): Min: 131047.1, Avg: 131047.1, Max: 131047.1, Diff: 0.0]
   [Code Root Fixup: 0.0 ms]
   [Code Root Migration: 0.0 ms]
   [Clear CT: 0.0 ms]
   [Other: 0.1 ms]
      [Choose CSet: 0.0 ms]
      [Ref Proc: 0.1 ms]
      [Ref Enq: 0.0 ms]
      [Free CSet: 0.0 ms]
   [Eden: 0.0B(1024.0K)->0.0B(1024.0K) Survivors: 0.0B->0.0B Heap: 6838.5K(8192.0K)->6838.5K(8192.0K)]
 [Times: user=0.00 sys=0.00, real=0.00 secs] 
131.047: Total time for which application threads were stopped: 0.0005850 seconds, Stopping threads took: 0.0000060 seconds
131.047: Application time: 0.0000250 seconds
131.047: [GC pause (young), 0.0004230 secs]
   [Parallel Time: 0.3 ms, GC Workers: 8]
      [GC Worker Start (ms): Min: 131047.3, Avg: 131047.3, Max: 131047.4, Diff: 0.0]
      [Ext Root Scanning (ms): Min: 0.2, Avg: 0.2, Max: 0.3, Diff: 0.0, Sum: 1.9]
      [Update RS (ms): Min: 0.0, Avg: 0.0, Max: 0.0, Diff: 0.0, Sum: 0.0]
         [Processed Buffers: Min: 0, Avg: 0.1, Max: 1, Diff: 1, Sum: 1]
      [Scan RS (ms): Min: 0.0, Avg: 0.0, Max: 0.0, Diff: 0.0, Sum: 0.0]
      [Code Root Scanning (ms): Min: 0.0, Avg: 0.0, Max: 0.0, Diff: 0.0, Sum: 0.0]
      [Object Copy (ms): Min: 0.0, Avg: 0.0, Max: 0.0, Diff: 0.0, Sum: 0.1]
      [Termination (ms): Min: 0.0, Avg: 0.0, Max: 0.1, Diff: 0.1, Sum: 0.2]
      [GC Worker Other (ms): Min: 0.0, Avg: 0.0, Max: 0.0, Diff: 0.0, Sum: 0.0]
      [GC Worker Total (ms): Min: 0.3, Avg: 0.3, Max: 0.3, Diff: 0.0, Sum: 2.3]
      [GC Worker End (ms): Min: 131047.6, Avg: 131047.6, Max: 131047.6, Diff: 0.0]
   [Code Root Fixup: 0.0 ms]
   [Code Root Migration: 0.0 ms]
   [Clear CT: 0.0 ms]
   [Other: 0.1 ms]
      [Choose CSet: 0.0 ms]
      [Ref Proc: 0.1 ms]
      [Ref Enq: 0.0 ms]
      [Free CSet: 0.0 ms]
   [Eden: 0.0B(1024.0K)->0.0B(1024.0K) Survivors: 0.0B->0.0B Heap: 6838.5K(8192.0K)->6838.5K(8192.0K)]
 [Times: user=0.00 sys=0.00, real=0.00 secs] 
131.048: Total time for which application threads were stopped: 0.0004750 seconds, Stopping threads took: 0.0000030 seconds
131.048: Application time: 0.0000240 seconds
131.048: [Full GC 6838K->5593K(8192K), 0.0054400 secs]
   [Eden: 0.0B(1024.0K)->0.0B(1024.0K) Survivors: 0.0B->0.0B Heap: 6838.5K(8192.0K)->5593.6K(8192.0K)], [Perm: 5129K->5129K(20480K)]
 [Times: user=0.01 sys=0.00, real=0.01 secs] 
131.053: Total time for which application threads were stopped: 0.0055020 seconds, Stopping threads took: 0.0000040 seconds
131.053: [GC concurrent-mark-abort]
132.306: Application time: 1.2522390 seconds
132.360: [GC pause (young), 0.0011750 secs]
   [Parallel Time: 1.0 ms, GC Workers: 8]
      [GC Worker Start (ms): Min: 132359.6, Avg: 132359.6, Max: 132359.7, Diff: 0.1]
      [Ext Root Scanning (ms): Min: 0.6, Avg: 0.7, Max: 0.7, Diff: 0.1, Sum: 5.5]
      [Update RS (ms): Min: 0.0, Avg: 0.0, Max: 0.0, Diff: 0.0, Sum: 0.1]
         [Processed Buffers: Min: 0, Avg: 0.9, Max: 2, Diff: 2, Sum: 7]
      [Scan RS (ms): Min: 0.0, Avg: 0.0, Max: 0.0, Diff: 0.0, Sum: 0.0]
      [Code Root Scanning (ms): Min: 0.0, Avg: 0.0, Max: 0.0, Diff: 0.0, Sum: 0.0]
      [Object Copy (ms): Min: 0.1, Avg: 0.1, Max: 0.1, Diff: 0.0, Sum: 0.8]
      [Termination (ms): Min: 0.0, Avg: 0.0, Max: 0.0, Diff: 0.0, Sum: 0.1]
      [GC Worker Other (ms): Min: 0.0, Avg: 0.0, Max: 0.0, Diff: 0.0, Sum: 0.0]
      [GC Worker Total (ms): Min: 0.8, Avg: 0.8, Max: 0.8, Diff: 0.1, Sum: 6.4]
      [GC Worker End (ms): Min: 132360.4, Avg: 132360.4, Max: 132360.4, Diff: 0.0]
   [Code Root Fixup: 0.0 ms]
   [Code Root Migration: 0.0 ms]
   [Clear CT: 0.1 ms]
   [Other: 0.1 ms]
      [Choose CSet: 0.0 ms]
      [Ref Proc: 0.1 ms]
      [Ref Enq: 0.0 ms]
      [Free CSet: 0.0 ms]
   [Eden: 1024.0K(1024.0K)->0.0B(1024.0K) Survivors: 0.0B->1024.0K Heap: 6617.6K(8192.0K)->5840.1K(8192.0K)]
 [Times: user=0.01 sys=0.00, real=0.00 secs] 
132.361: Total time for which application threads were stopped: 0.0552660 seconds, Stopping threads took: 0.0539750 seconds
133.442: Application time: 1.0812630 seconds
133.497: [GC pause (young) (initial-mark) (to-space exhausted), 0.0010320 secs]
   [Parallel Time: 0.7 ms, GC Workers: 8]
      [GC Worker Start (ms): Min: 133497.1, Avg: 133497.1, Max: 133497.1, Diff: 0.1]
      [Ext Root Scanning (ms): Min: 0.3, Avg: 0.4, Max: 0.5, Diff: 0.2, Sum: 3.1]
      [Code Root Marking (ms): Min: 0.0, Avg: 0.0, Max: 0.0, Diff: 0.0, Sum: 0.0]
      [Update RS (ms): Min: 0.0, Avg: 0.0, Max: 0.0, Diff: 0.0, Sum: 0.0]
         [Processed Buffers: Min: 0, Avg: 1.0, Max: 3, Diff: 3, Sum: 8]
      [Scan RS (ms): Min: 0.0, Avg: 0.0, Max: 0.0, Diff: 0.0, Sum: 0.0]
      [Code Root Scanning (ms): Min: 0.0, Avg: 0.0, Max: 0.0, Diff: 0.0, Sum: 0.0]
      [Object Copy (ms): Min: 0.1, Avg: 0.2, Max: 0.2, Diff: 0.1, Sum: 1.2]
      [Termination (ms): Min: 0.0, Avg: 0.1, Max: 0.1, Diff: 0.1, Sum: 0.5]
      [GC Worker Other (ms): Min: 0.0, Avg: 0.0, Max: 0.0, Diff: 0.0, Sum: 0.0]
      [GC Worker Total (ms): Min: 0.6, Avg: 0.6, Max: 0.6, Diff: 0.1, Sum: 4.9]
      [GC Worker End (ms): Min: 133497.7, Avg: 133497.7, Max: 133497.7, Diff: 0.0]
   [Code Root Fixup: 0.0 ms]
   [Code Root Migration: 0.0 ms]
   [Clear CT: 0.1 ms]
   [Other: 0.2 ms]
      [Choose CSet: 0.0 ms]
      [Ref Proc: 0.1 ms]
      [Ref Enq: 0.0 ms]
      [Free CSet: 0.0 ms]
   [Eden: 1024.0K(1024.0K)->0.0B(1024.0K) Survivors: 1024.0K->0.0B Heap: 6864.1K(8192.0K)->6864.1K(8192.0K)]
 [Times: user=0.01 sys=0.00, real=0.00 secs] 
133.498: [GC concurrent-root-region-scan-start]
133.498: [GC concurrent-root-region-scan-end, 0.0000040 secs]
133.498: 133.498: [GC concurrent-mark-start]
Total time for which application threads were stopped: 0.0560430 seconds, Stopping threads took: 0.0549110 seconds
133.498: Application time: 0.0000480 seconds
133.498: [Full GC 6864K->5595K(8192K), 0.0058860 secs]
   [Eden: 0.0B(1024.0K)->0.0B(1024.0K) Survivors: 0.0B->0.0B Heap: 6864.1K(8192.0K)->5595.0K(8192.0K)], [Perm: 5130K->5130K(20480K)]
 [Times: user=0.01 sys=0.00, real=0.01 secs] 
133.504: Total time for which application threads were stopped: 0.0059450 seconds, Stopping threads took: 0.0000060 seconds
133.504: [GC concurrent-mark-abort]
134.814: Application time: 1.3099400 seconds
134.869: [GC pause (young), 0.0015520 secs]
   [Parallel Time: 1.1 ms, GC Workers: 8]
      [GC Worker Start (ms): Min: 134868.6, Avg: 134868.6, Max: 134868.7, Diff: 0.1]
      [Ext Root Scanning (ms): Min: 0.6, Avg: 0.7, Max: 0.7, Diff: 0.1, Sum: 5.4]
      [Update RS (ms): Min: 0.0, Avg: 0.0, Max: 0.0, Diff: 0.0, Sum: 0.0]
         [Processed Buffers: Min: 0, Avg: 1.0, Max: 3, Diff: 3, Sum: 8]
      [Scan RS (ms): Min: 0.0, Avg: 0.0, Max: 0.0, Diff: 0.0, Sum: 0.0]
      [Code Root Scanning (ms): Min: 0.0, Avg: 0.0, Max: 0.0, Diff: 0.0, Sum: 0.0]
      [Object Copy (ms): Min: 0.1, Avg: 0.1, Max: 0.1, Diff: 0.0, Sum: 0.7]
      [Termination (ms): Min: 0.0, Avg: 0.0, Max: 0.0, Diff: 0.0, Sum: 0.1]
      [GC Worker Other (ms): Min: 0.0, Avg: 0.0, Max: 0.0, Diff: 0.0, Sum: 0.1]
      [GC Worker Total (ms): Min: 0.8, Avg: 0.8, Max: 0.9, Diff: 0.1, Sum: 6.4]
      [GC Worker End (ms): Min: 134869.4, Avg: 134869.4, Max: 134869.4, Diff: 0.0]
   [Code Root Fixup: 0.0 ms]
   [Code Root Migration: 0.0 ms]
   [Clear CT: 0.3 ms]
   [Other: 0.2 ms]
      [Choose CSet: 0.0 ms]
      [Ref Proc: 0.1 ms]
      [Ref Enq: 0.0 ms]
      [Free CSet: 0.0 ms]
   [Eden: 1024.0K(1024.0K)->0.0B(1024.0K) Survivors: 0.0B->1024.0K Heap: 6619.0K(8192.0K)->5819.5K(8192.0K)]
 [Times: user=0.01 sys=0.00, real=0.01 secs] 
134.870: Total time for which application threads were stopped: 0.0560950 seconds, Stopping threads took: 0.0544350 seconds
136.321: Application time: 1.4508350 seconds
136.321: [GC pause (young) (initial-mark) (to-space exhausted), 0.0012660 secs]
   [Parallel Time: 0.9 ms, GC Workers: 8]
      [GC Worker Start (ms): Min: 136321.1, Avg: 136321.2, Max: 136321.2, Diff: 0.1]
      [Ext Root Scanning (ms): Min: 0.3, Avg: 0.4, Max: 0.5, Diff: 0.2, Sum: 3.3]
      [Code Root Marking (ms): Min: 0.0, Avg: 0.0, Max: 0.0, Diff: 0.0, Sum: 0.0]
      [Update RS (ms): Min: 0.0, Avg: 0.0, Max: 0.0, Diff: 0.0, Sum: 0.1]
         [Processed Buffers: Min: 0, Avg: 1.2, Max: 4, Diff: 4, Sum: 10]
      [Scan RS (ms): Min: 0.0, Avg: 0.0, Max: 0.0, Diff: 0.0, Sum: 0.0]
      [Code Root Scanning (ms): Min: 0.0, Avg: 0.0, Max: 0.0, Diff: 0.0, Sum: 0.0]
      [Object Copy (ms): Min: 0.1, Avg: 0.2, Max: 0.3, Diff: 0.2, Sum: 1.2]
      [Termination (ms): Min: 0.0, Avg: 0.0, Max: 0.1, Diff: 0.1, Sum: 0.2]
      [GC Worker Other (ms): Min: 0.0, Avg: 0.0, Max: 0.0, Diff: 0.0, Sum: 0.0]
      [GC Worker Total (ms): Min: 0.6, Avg: 0.6, Max: 0.7, Diff: 0.1, Sum: 4.9]
      [GC Worker End (ms): Min: 136321.8, Avg: 136321.8, Max: 136321.8, Diff: 0.0]
   [Code Root Fixup: 0.0 ms]
   [Code Root Migration: 0.0 ms]
   [Clear CT: 0.2 ms]
   [Other: 0.2 ms]
      [Choose CSet: 0.0 ms]
      [Ref Proc: 0.1 ms]
      [Ref Enq: 0.0 ms]
      [Free CSet: 0.0 ms]
   [Eden: 1024.0K(1024.0K)->0.0B(1024.0K) Survivors: 1024.0K->0.0B Heap: 6843.5K(8192.0K)->6843.5K(8192.0K)]
 [Times: user=0.00 sys=0.00, real=0.01 secs] 
136.322: [GC concurrent-root-region-scan-start]
136.322: [GC concurrent-root-region-scan-end, 0.0000050 secs]
136.322: 136.322: [GC concurrent-mark-start]
Total time for which application threads were stopped: 0.0013830 seconds, Stopping threads took: 0.0000200 seconds
136.322: Application time: 0.0000310 seconds
136.322: [Full GC 6843K->1941K(7168K), 0.0059110 secs]
   [Eden: 0.0B(1024.0K)->0.0B(3072.0K) Survivors: 0.0B->0.0B Heap: 6843.5K(8192.0K)->1941.3K(7168.0K)], [Perm: 5130K->5130K(20480K)]
 [Times: user=0.01 sys=0.00, real=0.00 secs] 
136.328: Total time for which application threads were stopped: 0.0059790 seconds, Stopping threads took: 0.0000050 seconds
136.328: [GC concurrent-mark-abort]
136.359: Application time: 0.0304520 seconds
136.359: Total time for which application threads were stopped: 0.0000770 seconds, Stopping threads took: 0.0000480 seconds
136.359: Application time: 0.0002220 seconds
136.359: [GC pause (young), 0.0011200 secs]
   [Parallel Time: 1.0 ms, GC Workers: 8]
      [GC Worker Start (ms): Min: 136359.2, Avg: 136359.2, Max: 136359.2, Diff: 0.1]
      [Ext Root Scanning (ms): Min: 0.6, Avg: 0.7, Max: 0.9, Diff: 0.3, Sum: 5.7]
      [Update RS (ms): Min: 0.0, Avg: 0.0, Max: 0.0, Diff: 0.0, Sum: 0.0]
         [Processed Buffers: Min: 0, Avg: 0.2, Max: 2, Diff: 2, Sum: 2]
      [Scan RS (ms): Min: 0.0, Avg: 0.0, Max: 0.0, Diff: 0.0, Sum: 0.0]
      [Code Root Scanning (ms): Min: 0.0, Avg: 0.0, Max: 0.0, Diff: 0.0, Sum: 0.0]
      [Object Copy (ms): Min: 0.0, Avg: 0.2, Max: 0.3, Diff: 0.3, Sum: 1.6]
      [Termination (ms): Min: 0.0, Avg: 0.0, Max: 0.0, Diff: 0.0, Sum: 0.1]
      [GC Worker Other (ms): Min: 0.0, Avg: 0.0, Max: 0.0, Diff: 0.0, Sum: 0.0]
      [GC Worker Total (ms): Min: 0.9, Avg: 0.9, Max: 1.0, Diff: 0.1, Sum: 7.5]
      [GC Worker End (ms): Min: 136360.1, Avg: 136360.1, Max: 136360.2, Diff: 0.0]
   [Code Root Fixup: 0.0 ms]
   [Code Root Migration: 0.0 ms]
   [Clear CT: 0.0 ms]
   [Other: 0.1 ms]
      [Choose CSet: 0.0 ms]
      [Ref Proc: 0.1 ms]
      [Ref Enq: 0.0 ms]
      [Free CSet: 0.0 ms]
   [Eden: 3072.0K(3072.0K)->0.0B(2048.0K) Survivors: 0.0B->1024.0K Heap: 5013.3K(7168.0K)->2779.5K(7168.0K)]
 [Times: user=0.00 sys=0.00, real=0.00 secs] 
136.360: Total time for which application threads were stopped: 0.0012020 seconds, Stopping threads took: 0.0000050 seconds
136.361: Application time: 0.0002460 seconds
136.361: [GC pause (young), 0.0009460 secs]
   [Parallel Time: 0.8 ms, GC Workers: 8]
      [GC Worker Start (ms): Min: 136360.6, Avg: 136360.6, Max: 136360.7, Diff: 0.0]
      [Ext Root Scanning (ms): Min: 0.2, Avg: 0.3, Max: 0.5, Diff: 0.3, Sum: 2.5]
      [Update RS (ms): Min: 0.0, Avg: 0.0, Max: 0.0, Diff: 0.0, Sum: 0.0]
         [Processed Buffers: Min: 0, Avg: 0.2, Max: 1, Diff: 1, Sum: 2]
      [Scan RS (ms): Min: 0.0, Avg: 0.0, Max: 0.0, Diff: 0.0, Sum: 0.0]
      [Code Root Scanning (ms): Min: 0.0, Avg: 0.0, Max: 0.0, Diff: 0.0, Sum: 0.0]
      [Object Copy (ms): Min: 0.2, Avg: 0.5, Max: 0.5, Diff: 0.3, Sum: 3.7]
      [Termination (ms): Min: 0.0, Avg: 0.0, Max: 0.0, Diff: 0.0, Sum: 0.0]
      [GC Worker Other (ms): Min: 0.0, Avg: 0.0, Max: 0.0, Diff: 0.0, Sum: 0.0]
      [GC Worker Total (ms): Min: 0.8, Avg: 0.8, Max: 0.8, Diff: 0.0, Sum: 6.2]
      [GC Worker End (ms): Min: 136361.4, Avg: 136361.4, Max: 136361.4, Diff: 0.0]
   [Code Root Fixup: 0.0 ms]
   [Code Root Migration: 0.0 ms]
   [Clear CT: 0.0 ms]
   [Other: 0.1 ms]
      [Choose CSet: 0.0 ms]
      [Ref Proc: 0.1 ms]
      [Ref Enq: 0.0 ms]
      [Free CSet: 0.0 ms]
   [Eden: 2048.0K(2048.0K)->0.0B(3072.0K) Survivors: 1024.0K->1024.0K Heap: 4827.5K(7168.0K)->4791.8K(8192.0K)]
 [Times: user=0.00 sys=0.00, real=0.01 secs] 
136.362: Total time for which application threads were stopped: 0.0010130 seconds, Stopping threads took: 0.0000050 seconds
139.119: Application time: 2.7569040 seconds
139.173: [GC pause (young) (initial-mark) (to-space exhausted), 0.0015290 secs]
   [Parallel Time: 1.3 ms, GC Workers: 8]
      [GC Worker Start (ms): Min: 139172.9, Avg: 139172.9, Max: 139173.0, Diff: 0.1]
      [Ext Root Scanning (ms): Min: 0.4, Avg: 0.4, Max: 0.5, Diff: 0.1, Sum: 3.3]
      [Code Root Marking (ms): Min: 0.0, Avg: 0.0, Max: 0.0, Diff: 0.0, Sum: 0.0]
      [Update RS (ms): Min: 0.0, Avg: 0.0, Max: 0.1, Diff: 0.1, Sum: 0.2]
         [Processed Buffers: Min: 0, Avg: 1.4, Max: 3, Diff: 3, Sum: 11]
      [Scan RS (ms): Min: 0.0, Avg: 0.0, Max: 0.0, Diff: 0.0, Sum: 0.0]
      [Code Root Scanning (ms): Min: 0.0, Avg: 0.0, Max: 0.0, Diff: 0.0, Sum: 0.0]
      [Object Copy (ms): Min: 0.7, Avg: 0.8, Max: 0.8, Diff: 0.1, Sum: 6.1]
      [Termination (ms): Min: 0.0, Avg: 0.0, Max: 0.0, Diff: 0.0, Sum: 0.0]
      [GC Worker Other (ms): Min: 0.0, Avg: 0.0, Max: 0.0, Diff: 0.0, Sum: 0.1]
      [GC Worker Total (ms): Min: 1.2, Avg: 1.2, Max: 1.3, Diff: 0.1, Sum: 9.8]
      [GC Worker End (ms): Min: 139174.2, Avg: 139174.2, Max: 139174.2, Diff: 0.0]
   [Code Root Fixup: 0.0 ms]
   [Code Root Migration: 0.0 ms]
   [Clear CT: 0.0 ms]
   [Other: 0.2 ms]
      [Choose CSet: 0.0 ms]
      [Ref Proc: 0.0 ms]
      [Ref Enq: 0.0 ms]
      [Free CSet: 0.0 ms]
   [Eden: 3072.0K(3072.0K)->0.0B(4096.0K) Survivors: 1024.0K->0.0B Heap: 7863.8K(8192.0K)->8085.3K(8192.0K)]
 [Times: user=0.01 sys=0.00, real=0.00 secs] 
139.174: [GC concurrent-root-region-scan-start]
139.174: 139.174: [GC concurrent-root-region-scan-end, 0.0000060 secs]
Total time for which application threads were stopped: 0.0559530 seconds, Stopping threads took: 0.0543140 seconds
139.174: [GC concurrent-mark-start]
139.175: Application time: 0.0000400 seconds
139.175: [GC pause (young), 0.0004990 secs]
   [Parallel Time: 0.4 ms, GC Workers: 8]
      [GC Worker Start (ms): Min: 139174.5, Avg: 139174.6, Max: 139174.6, Diff: 0.0]
      [Ext Root Scanning (ms): Min: 0.3, Avg: 0.3, Max: 0.3, Diff: 0.1, Sum: 2.3]
      [Update RS (ms): Min: 0.0, Avg: 0.0, Max: 0.0, Diff: 0.0, Sum: 0.2]
         [Processed Buffers: Min: 0, Avg: 2.2, Max: 6, Diff: 6, Sum: 18]
      [Scan RS (ms): Min: 0.0, Avg: 0.0, Max: 0.0, Diff: 0.0, Sum: 0.0]
      [Code Root Scanning (ms): Min: 0.0, Avg: 0.0, Max: 0.0, Diff: 0.0, Sum: 0.0]
      [Object Copy (ms): Min: 0.0, Avg: 0.0, Max: 0.0, Diff: 0.0, Sum: 0.1]
      [Termination (ms): Min: 0.0, Avg: 0.0, Max: 0.0, Diff: 0.0, Sum: 0.2]
      [GC Worker Other (ms): Min: 0.0, Avg: 0.0, Max: 0.0, Diff: 0.0, Sum: 0.0]
      [GC Worker Total (ms): Min: 0.3, Avg: 0.4, Max: 0.4, Diff: 0.0, Sum: 2.9]
      [GC Worker End (ms): Min: 139174.9, Avg: 139174.9, Max: 139174.9, Diff: 0.0]
   [Code Root Fixup: 0.0 ms]
   [Code Root Migration: 0.0 ms]
   [Clear CT: 0.0 ms]
   [Other: 0.1 ms]
      [Choose CSet: 0.0 ms]
      [Ref Proc: 0.1 ms]
      [Ref Enq: 0.0 ms]
      [Free CSet: 0.0 ms]
   [Eden: 0.0B(4096.0K)->0.0B(3072.0K) Survivors: 0.0B->0.0B Heap: 8085.3K(8192.0K)->8085.3K(8192.0K)]
 [Times: user=0.00 sys=0.00, real=0.00 secs] 
139.175: Total time for which application threads were stopped: 0.0005700 seconds, Stopping threads took: 0.0000070 seconds
139.175: Application time: 0.0000240 seconds
139.175: [GC pause (young), 0.0004990 secs]
   [Parallel Time: 0.3 ms, GC Workers: 8]
      [GC Worker Start (ms): Min: 139175.1, Avg: 139175.1, Max: 139175.2, Diff: 0.0]
      [Ext Root Scanning (ms): Min: 0.2, Avg: 0.2, Max: 0.3, Diff: 0.1, Sum: 1.9]
      [SATB Filtering (ms): Min: 0.0, Avg: 0.0, Max: 0.0, Diff: 0.0, Sum: 0.0]
      [Update RS (ms): Min: 0.0, Avg: 0.0, Max: 0.0, Diff: 0.0, Sum: 0.0]
         [Processed Buffers: Min: 0, Avg: 0.1, Max: 1, Diff: 1, Sum: 1]
      [Scan RS (ms): Min: 0.0, Avg: 0.0, Max: 0.0, Diff: 0.0, Sum: 0.0]
      [Code Root Scanning (ms): Min: 0.0, Avg: 0.0, Max: 0.0, Diff: 0.0, Sum: 0.0]
      [Object Copy (ms): Min: 0.0, Avg: 0.0, Max: 0.0, Diff: 0.0, Sum: 0.1]
      [Termination (ms): Min: 0.0, Avg: 0.0, Max: 0.1, Diff: 0.1, Sum: 0.3]
      [GC Worker Other (ms): Min: 0.0, Avg: 0.0, Max: 0.0, Diff: 0.0, Sum: 0.0]
      [GC Worker Total (ms): Min: 0.3, Avg: 0.3, Max: 0.3, Diff: 0.0, Sum: 2.4]
      [GC Worker End (ms): Min: 139175.4, Avg: 139175.4, Max: 139175.4, Diff: 0.0]
   [Code Root Fixup: 0.0 ms]
   [Code Root Migration: 0.0 ms]
   [Clear CT: 0.0 ms]
   [Other: 0.1 ms]
      [Choose CSet: 0.0 ms]
      [Ref Proc: 0.1 ms]
      [Ref Enq: 0.0 ms]
      [Free CSet: 0.0 ms]
   [Eden: 0.0B(3072.0K)->0.0B(2048.0K) Survivors: 0.0B->0.0B Heap: 8085.3K(8192.0K)->8085.3K(8192.0K)]
 [Times: user=0.01 sys=0.00, real=0.00 secs] 
139.176: Total time for which application threads were stopped: 0.0005560 seconds, Stopping threads took: 0.0000040 seconds
139.176: Application time: 0.0000270 seconds
139.176: [Full GC 8085K->5618K(8192K), 0.0064920 secs]
   [Eden: 0.0B(2048.0K)->0.0B(1024.0K) Survivors: 0.0B->0.0B Heap: 8085.3K(8192.0K)->5618.6K(8192.0K)], [Perm: 5162K->5162K(20480K)]
 [Times: user=0.01 sys=0.00, real=0.01 secs] 
139.182: Total time for which application threads were stopped: 0.0065580 seconds, Stopping threads took: 0.0000030 seconds
139.182: [GC concurrent-mark-abort]
140.106: Application time: 0.9236730 seconds
140.159: [GC pause (young), 0.0018310 secs]
   [Parallel Time: 1.1 ms, GC Workers: 8]
      [GC Worker Start (ms): Min: 140159.3, Avg: 140159.4, Max: 140159.4, Diff: 0.1]
      [Ext Root Scanning (ms): Min: 0.6, Avg: 0.7, Max: 0.8, Diff: 0.1, Sum: 5.5]
      [Update RS (ms): Min: 0.0, Avg: 0.0, Max: 0.0, Diff: 0.0, Sum: 0.1]
         [Processed Buffers: Min: 0, Avg: 1.0, Max: 2, Diff: 2, Sum: 8]
      [Scan RS (ms): Min: 0.0, Avg: 0.0, Max: 0.0, Diff: 0.0, Sum: 0.0]
      [Code Root Scanning (ms): Min: 0.0, Avg: 0.0, Max: 0.0, Diff: 0.0, Sum: 0.0]
      [Object Copy (ms): Min: 0.1, Avg: 0.1, Max: 0.1, Diff: 0.1, Sum: 0.7]
      [Termination (ms): Min: 0.0, Avg: 0.0, Max: 0.0, Diff: 0.0, Sum: 0.1]
      [GC Worker Other (ms): Min: 0.0, Avg: 0.0, Max: 0.0, Diff: 0.0, Sum: 0.1]
      [GC Worker Total (ms): Min: 0.8, Avg: 0.8, Max: 0.9, Diff: 0.1, Sum: 6.5]
      [GC Worker End (ms): Min: 140160.2, Avg: 140160.2, Max: 140160.2, Diff: 0.0]
   [Code Root Fixup: 0.0 ms]
   [Code Root Migration: 0.0 ms]
   [Clear CT: 0.4 ms]
   [Other: 0.3 ms]
      [Choose CSet: 0.0 ms]
      [Ref Proc: 0.3 ms]
      [Ref Enq: 0.0 ms]
      [Free CSet: 0.0 ms]
   [Eden: 1024.0K(1024.0K)->0.0B(2048.0K) Survivors: 0.0B->1024.0K Heap: 6642.6K(8192.0K)->5849.1K(8192.0K)]
 [Times: user=0.00 sys=0.00, real=0.00 secs] 
140.161: Total time for which application threads were stopped: 0.0552550 seconds, Stopping threads took: 0.0532950 seconds
141.926: Application time: 1.7648640 seconds
141.962: [GC pause (young) (initial-mark) (to-space exhausted), 0.0012430 secs]
   [Parallel Time: 0.8 ms, GC Workers: 8]
      [GC Worker Start (ms): Min: 141962.0, Avg: 141962.1, Max: 141962.2, Diff: 0.1]
      [Ext Root Scanning (ms): Min: 0.4, Avg: 0.4, Max: 0.5, Diff: 0.1, Sum: 3.5]
      [Code Root Marking (ms): Min: 0.0, Avg: 0.0, Max: 0.0, Diff: 0.0, Sum: 0.0]
      [Update RS (ms): Min: 0.0, Avg: 0.0, Max: 0.0, Diff: 0.0, Sum: 0.1]
         [Processed Buffers: Min: 0, Avg: 1.0, Max: 3, Diff: 3, Sum: 8]
      [Scan RS (ms): Min: 0.0, Avg: 0.0, Max: 0.0, Diff: 0.0, Sum: 0.0]
      [Code Root Scanning (ms): Min: 0.0, Avg: 0.0, Max: 0.0, Diff: 0.0, Sum: 0.0]
      [Object Copy (ms): Min: 0.1, Avg: 0.2, Max: 0.3, Diff: 0.2, Sum: 1.3]
      [Termination (ms): Min: 0.0, Avg: 0.0, Max: 0.1, Diff: 0.1, Sum: 0.3]
      [GC Worker Other (ms): Min: 0.0, Avg: 0.0, Max: 0.0, Diff: 0.0, Sum: 0.1]
      [GC Worker Total (ms): Min: 0.6, Avg: 0.7, Max: 0.7, Diff: 0.1, Sum: 5.2]
      [GC Worker End (ms): Min: 141962.8, Avg: 141962.8, Max: 141962.8, Diff: 0.0]
   [Code Root Fixup: 0.0 ms]
   [Code Root Migration: 0.0 ms]
   [Clear CT: 0.1 ms]
   [Other: 0.3 ms]
      [Choose CSet: 0.0 ms]
      [Ref Proc: 0.2 ms]
      [Ref Enq: 0.0 ms]
      [Free CSet: 0.0 ms]
   [Eden: 1024.0K(2048.0K)->0.0B(2048.0K) Survivors: 1024.0K->0.0B Heap: 6873.1K(8192.0K)->6873.1K(8192.0K)]
 [Times: user=0.01 sys=0.00, real=0.00 secs] 
141.963: [GC concurrent-root-region-scan-start]
141.963: [GC concurrent-root-region-scan-end, 0.0000060 secs]
141.963: [GC concurrent-mark-start]
141.963: Total time for which application threads were stopped: 0.0372660 seconds, Stopping threads took: 0.0358920 seconds
141.963: Application time: 0.0000390 seconds
141.963: [GC pause (young), 0.0004720 secs]
   [Parallel Time: 0.4 ms, GC Workers: 8]
      [GC Worker Start (ms): Min: 141963.4, Avg: 141963.4, Max: 141963.4, Diff: 0.0]
      [Ext Root Scanning (ms): Min: 0.2, Avg: 0.3, Max: 0.3, Diff: 0.0, Sum: 2.1]
      [SATB Filtering (ms): Min: 0.0, Avg: 0.0, Max: 0.0, Diff: 0.0, Sum: 0.0]
      [Update RS (ms): Min: 0.0, Avg: 0.0, Max: 0.0, Diff: 0.0, Sum: 0.1]
         [Processed Buffers: Min: 0, Avg: 1.8, Max: 6, Diff: 6, Sum: 14]
      [Scan RS (ms): Min: 0.0, Avg: 0.0, Max: 0.0, Diff: 0.0, Sum: 0.0]
      [Code Root Scanning (ms): Min: 0.0, Avg: 0.0, Max: 0.0, Diff: 0.0, Sum: 0.0]
      [Object Copy (ms): Min: 0.0, Avg: 0.0, Max: 0.0, Diff: 0.0, Sum: 0.1]
      [Termination (ms): Min: 0.0, Avg: 0.0, Max: 0.0, Diff: 0.0, Sum: 0.3]
      [GC Worker Other (ms): Min: 0.0, Avg: 0.0, Max: 0.0, Diff: 0.0, Sum: 0.0]
      [GC Worker Total (ms): Min: 0.3, Avg: 0.3, Max: 0.3, Diff: 0.0, Sum: 2.6]
      [GC Worker End (ms): Min: 141963.7, Avg: 141963.7, Max: 141963.7, Diff: 0.0]
   [Code Root Fixup: 0.0 ms]
   [Code Root Migration: 0.0 ms]
   [Clear CT: 0.0 ms]
   [Other: 0.1 ms]
      [Choose CSet: 0.0 ms]
      [Ref Proc: 0.0 ms]
      [Ref Enq: 0.0 ms]
      [Free CSet: 0.0 ms]
   [Eden: 0.0B(2048.0K)->0.0B(2048.0K) Survivors: 0.0B->0.0B Heap: 6873.1K(8192.0K)->6873.1K(8192.0K)]
 [Times: user=0.00 sys=0.00, real=0.00 secs] 
141.964: Total time for which application threads were stopped: 0.0005330 seconds, Stopping threads took: 0.0000060 seconds
141.964: Application time: 0.0000330 seconds
141.964: [GC pause (young), 0.0004840 secs]
   [Parallel Time: 0.3 ms, GC Workers: 8]
      [GC Worker Start (ms): Min: 141963.9, Avg: 141964.0, Max: 141964.0, Diff: 0.0]
      [Ext Root Scanning (ms): Min: 0.2, Avg: 0.2, Max: 0.3, Diff: 0.0, Sum: 1.9]
      [Update RS (ms): Min: 0.0, Avg: 0.0, Max: 0.0, Diff: 0.0, Sum: 0.0]
         [Processed Buffers: Min: 0, Avg: 0.1, Max: 1, Diff: 1, Sum: 1]
      [Scan RS (ms): Min: 0.0, Avg: 0.0, Max: 0.0, Diff: 0.0, Sum: 0.0]
      [Code Root Scanning (ms): Min: 0.0, Avg: 0.0, Max: 0.0, Diff: 0.0, Sum: 0.0]
      [Object Copy (ms): Min: 0.0, Avg: 0.0, Max: 0.0, Diff: 0.0, Sum: 0.1]
      [Termination (ms): Min: 0.0, Avg: 0.0, Max: 0.1, Diff: 0.1, Sum: 0.3]
      [GC Worker Other (ms): Min: 0.0, Avg: 0.0, Max: 0.0, Diff: 0.0, Sum: 0.0]
      [GC Worker Total (ms): Min: 0.3, Avg: 0.3, Max: 0.3, Diff: 0.0, Sum: 2.3]
      [GC Worker End (ms): Min: 141964.2, Avg: 141964.2, Max: 141964.3, Diff: 0.0]
   [Code Root Fixup: 0.0 ms]
   [Code Root Migration: 0.0 ms]
   [Clear CT: 0.0 ms]
   [Other: 0.1 ms]
      [Choose CSet: 0.0 ms]
      [Ref Proc: 0.1 ms]
      [Ref Enq: 0.0 ms]
      [Free CSet: 0.0 ms]
   [Eden: 0.0B(2048.0K)->0.0B(1024.0K) Survivors: 0.0B->0.0B Heap: 6873.1K(8192.0K)->6873.1K(8192.0K)]
 [Times: user=0.00 sys=0.00, real=0.00 secs] 
141.964: Total time for which application threads were stopped: 0.0005480 seconds, Stopping threads took: 0.0000060 seconds
141.964: Application time: 0.0000230 seconds
141.965: [Full GC 6873K->5603K(8192K), 0.0061340 secs]
   [Eden: 0.0B(1024.0K)->0.0B(1024.0K) Survivors: 0.0B->0.0B Heap: 6873.1K(8192.0K)->5603.9K(8192.0K)], [Perm: 5162K->5162K(20480K)]
 [Times: user=0.01 sys=0.00, real=0.01 secs] 
141.971: Total time for which application threads were stopped: 0.0062010 seconds, Stopping threads took: 0.0000040 seconds
141.971: [GC concurrent-mark-abort]
142.897: Application time: 0.9267290 seconds
142.950: [GC pause (young), 0.0011660 secs]
   [Parallel Time: 0.9 ms, GC Workers: 8]
      [GC Worker Start (ms): Min: 142950.2, Avg: 142950.2, Max: 142950.3, Diff: 0.1]
      [Ext Root Scanning (ms): Min: 0.7, Avg: 0.7, Max: 0.7, Diff: 0.1, Sum: 5.5]
      [Update RS (ms): Min: 0.0, Avg: 0.0, Max: 0.0, Diff: 0.0, Sum: 0.1]
         [Processed Buffers: Min: 0, Avg: 1.0, Max: 4, Diff: 4, Sum: 8]
      [Scan RS (ms): Min: 0.0, Avg: 0.0, Max: 0.0, Diff: 0.0, Sum: 0.0]
      [Code Root Scanning (ms): Min: 0.0, Avg: 0.0, Max: 0.0, Diff: 0.0, Sum: 0.0]
      [Object Copy (ms): Min: 0.0, Avg: 0.1, Max: 0.1, Diff: 0.1, Sum: 0.7]
      [Termination (ms): Min: 0.0, Avg: 0.0, Max: 0.0, Diff: 0.0, Sum: 0.1]
      [GC Worker Other (ms): Min: 0.0, Avg: 0.0, Max: 0.0, Diff: 0.0, Sum: 0.0]
      [GC Worker Total (ms): Min: 0.8, Avg: 0.8, Max: 0.8, Diff: 0.1, Sum: 6.4]
      [GC Worker End (ms): Min: 142951.0, Avg: 142951.0, Max: 142951.0, Diff: 0.0]
   [Code Root Fixup: 0.0 ms]
   [Code Root Migration: 0.0 ms]
   [Clear CT: 0.1 ms]
   [Other: 0.2 ms]
      [Choose CSet: 0.0 ms]
      [Ref Proc: 0.1 ms]
      [Ref Enq: 0.0 ms]
      [Free CSet: 0.0 ms]
   [Eden: 1024.0K(1024.0K)->0.0B(1024.0K) Survivors: 0.0B->1024.0K Heap: 6627.9K(8192.0K)->5850.4K(8192.0K)]
 [Times: user=0.00 sys=0.00, real=0.00 secs] 
142.951: Total time for which application threads were stopped: 0.0539820 seconds, Stopping threads took: 0.0527160 seconds
143.933: Application time: 0.9812020 seconds
143.988: [GC pause (young) (initial-mark) (to-space exhausted), 0.0010440 secs]
   [Parallel Time: 0.7 ms, GC Workers: 8]
      [GC Worker Start (ms): Min: 143987.8, Avg: 143987.9, Max: 143987.9, Diff: 0.1]
      [Ext Root Scanning (ms): Min: 0.4, Avg: 0.4, Max: 0.5, Diff: 0.1, Sum: 3.2]
      [Code Root Marking (ms): Min: 0.0, Avg: 0.0, Max: 0.0, Diff: 0.0, Sum: 0.0]
      [Update RS (ms): Min: 0.0, Avg: 0.0, Max: 0.0, Diff: 0.0, Sum: 0.1]
         [Processed Buffers: Min: 0, Avg: 0.9, Max: 2, Diff: 2, Sum: 7]
      [Scan RS (ms): Min: 0.0, Avg: 0.0, Max: 0.0, Diff: 0.0, Sum: 0.0]
      [Code Root Scanning (ms): Min: 0.0, Avg: 0.0, Max: 0.0, Diff: 0.0, Sum: 0.0]
      [Object Copy (ms): Min: 0.1, Avg: 0.2, Max: 0.2, Diff: 0.1, Sum: 1.5]
      [Termination (ms): Min: 0.0, Avg: 0.0, Max: 0.1, Diff: 0.1, Sum: 0.3]
      [GC Worker Other (ms): Min: 0.0, Avg: 0.0, Max: 0.0, Diff: 0.0, Sum: 0.0]
      [GC Worker Total (ms): Min: 0.6, Avg: 0.6, Max: 0.7, Diff: 0.1, Sum: 5.2]
      [GC Worker End (ms): Min: 143988.5, Avg: 143988.5, Max: 143988.5, Diff: 0.0]
   [Code Root Fixup: 0.0 ms]
   [Code Root Migration: 0.0 ms]
   [Clear CT: 0.1 ms]
   [Other: 0.2 ms]
      [Choose CSet: 0.0 ms]
      [Ref Proc: 0.1 ms]
      [Ref Enq: 0.0 ms]
      [Free CSet: 0.0 ms]
   [Eden: 1024.0K(1024.0K)->0.0B(1024.0K) Survivors: 1024.0K->0.0B Heap: 6874.4K(8192.0K)->6874.4K(8192.0K)]
 [Times: user=0.01 sys=0.00, real=0.00 secs] 
143.989: [GC concurrent-root-region-scan-start]
143.989: 143.989: [GC concurrent-root-region-scan-end, 0.0000060 secs]
143.989: Total time for which application threads were stopped: 0.0563100 seconds, Stopping threads took: 0.0551460 seconds
[GC concurrent-mark-start]
143.989: Application time: 0.0000430 seconds
143.989: [Full GC 6874K->5629K(8192K), 0.0056090 secs]
   [Eden: 0.0B(1024.0K)->0.0B(1024.0K) Survivors: 0.0B->0.0B Heap: 6874.4K(8192.0K)->5629.9K(8192.0K)], [Perm: 5162K->5162K(20480K)]
 [Times: user=0.01 sys=0.00, real=0.01 secs] 
143.995: Total time for which application threads were stopped: 0.0056740 seconds, Stopping threads took: 0.0000060 seconds
143.995: [GC concurrent-mark-abort]
145.667: Application time: 1.6719790 seconds
145.718: [GC pause (young), 0.0015240 secs]
   [Parallel Time: 1.1 ms, GC Workers: 8]
      [GC Worker Start (ms): Min: 145718.4, Avg: 145718.5, Max: 145718.6, Diff: 0.1]
      [Ext Root Scanning (ms): Min: 0.6, Avg: 0.7, Max: 0.7, Diff: 0.1, Sum: 5.5]
      [Update RS (ms): Min: 0.0, Avg: 0.0, Max: 0.0, Diff: 0.0, Sum: 0.1]
         [Processed Buffers: Min: 0, Avg: 0.9, Max: 2, Diff: 2, Sum: 7]
      [Scan RS (ms): Min: 0.0, Avg: 0.0, Max: 0.0, Diff: 0.0, Sum: 0.0]
      [Code Root Scanning (ms): Min: 0.0, Avg: 0.0, Max: 0.0, Diff: 0.0, Sum: 0.0]
      [Object Copy (ms): Min: 0.1, Avg: 0.1, Max: 0.1, Diff: 0.0, Sum: 0.7]
      [Termination (ms): Min: 0.0, Avg: 0.0, Max: 0.0, Diff: 0.0, Sum: 0.0]
      [GC Worker Other (ms): Min: 0.0, Avg: 0.0, Max: 0.0, Diff: 0.0, Sum: 0.1]
      [GC Worker Total (ms): Min: 0.8, Avg: 0.8, Max: 0.9, Diff: 0.1, Sum: 6.4]
      [GC Worker End (ms): Min: 145719.3, Avg: 145719.3, Max: 145719.3, Diff: 0.0]
   [Code Root Fixup: 0.0 ms]
   [Code Root Migration: 0.0 ms]
   [Clear CT: 0.2 ms]
   [Other: 0.2 ms]
      [Choose CSet: 0.0 ms]
      [Ref Proc: 0.1 ms]
      [Ref Enq: 0.0 ms]
      [Free CSet: 0.0 ms]
   [Eden: 1024.0K(1024.0K)->0.0B(1024.0K) Survivors: 0.0B->1024.0K Heap: 6653.9K(8192.0K)->5846.4K(8192.0K)]
 [Times: user=0.01 sys=0.00, real=0.00 secs] 
145.720: Total time for which application threads were stopped: 0.0533790 seconds, Stopping threads took: 0.0517330 seconds
146.641: Application time: 0.9214030 seconds
146.698: [GC pause (young) (initial-mark) (to-space exhausted), 0.0010870 secs]
   [Parallel Time: 0.8 ms, GC Workers: 8]
      [GC Worker Start (ms): Min: 146698.3, Avg: 146698.4, Max: 146698.4, Diff: 0.1]
      [Ext Root Scanning (ms): Min: 0.3, Avg: 0.4, Max: 0.5, Diff: 0.1, Sum: 3.1]
      [Code Root Marking (ms): Min: 0.0, Avg: 0.0, Max: 0.0, Diff: 0.0, Sum: 0.0]
      [Update RS (ms): Min: 0.0, Avg: 0.0, Max: 0.0, Diff: 0.0, Sum: 0.1]
         [Processed Buffers: Min: 0, Avg: 0.9, Max: 3, Diff: 3, Sum: 7]
      [Scan RS (ms): Min: 0.0, Avg: 0.0, Max: 0.0, Diff: 0.0, Sum: 0.0]
      [Code Root Scanning (ms): Min: 0.0, Avg: 0.0, Max: 0.0, Diff: 0.0, Sum: 0.0]
      [Object Copy (ms): Min: 0.1, Avg: 0.2, Max: 0.3, Diff: 0.2, Sum: 1.4]
      [Termination (ms): Min: 0.0, Avg: 0.0, Max: 0.1, Diff: 0.1, Sum: 0.3]
      [GC Worker Other (ms): Min: 0.0, Avg: 0.0, Max: 0.0, Diff: 0.0, Sum: 0.0]
      [GC Worker Total (ms): Min: 0.6, Avg: 0.6, Max: 0.7, Diff: 0.1, Sum: 4.9]
      [GC Worker End (ms): Min: 146699.0, Avg: 146699.0, Max: 146699.0, Diff: 0.0]
   [Code Root Fixup: 0.0 ms]
   [Code Root Migration: 0.0 ms]
   [Clear CT: 0.1 ms]
   [Other: 0.2 ms]
      [Choose CSet: 0.0 ms]
      [Ref Proc: 0.1 ms]
      [Ref Enq: 0.0 ms]
      [Free CSet: 0.0 ms]
   [Eden: 1024.0K(1024.0K)->0.0B(1024.0K) Survivors: 1024.0K->0.0B Heap: 6870.4K(8192.0K)->6870.4K(8192.0K)]
 [Times: user=0.01 sys=0.00, real=0.00 secs] 
146.699: [GC concurrent-root-region-scan-start]
146.699: 146.699: [GC concurrent-root-region-scan-end, 0.0000040 secs]
Total time for which application threads were stopped: 0.0580110 seconds, Stopping threads took: 0.0568010 seconds
146.699: [GC concurrent-mark-start]
146.699: Application time: 0.0000440 seconds
146.699: [Full GC 6870K->5623K(8192K), 0.0056630 secs]
   [Eden: 0.0B(1024.0K)->0.0B(1024.0K) Survivors: 0.0B->0.0B Heap: 6870.4K(8192.0K)->5623.5K(8192.0K)], [Perm: 5162K->5162K(20480K)]
 [Times: user=0.00 sys=0.00, real=0.01 secs] 
146.705: Total time for which application threads were stopped: 0.0057340 seconds, Stopping threads took: 0.0000070 seconds
146.705: [GC concurrent-mark-abort]
147.923: Application time: 1.2176540 seconds
147.973: [GC pause (young), 0.0018120 secs]
   [Parallel Time: 1.1 ms, GC Workers: 8]
      [GC Worker Start (ms): Min: 147973.2, Avg: 147973.3, Max: 147973.3, Diff: 0.1]
      [Ext Root Scanning (ms): Min: 0.7, Avg: 0.7, Max: 0.8, Diff: 0.1, Sum: 5.6]
      [Update RS (ms): Min: 0.0, Avg: 0.0, Max: 0.0, Diff: 0.0, Sum: 0.1]
         [Processed Buffers: Min: 0, Avg: 0.9, Max: 3, Diff: 3, Sum: 7]
      [Scan RS (ms): Min: 0.0, Avg: 0.0, Max: 0.0, Diff: 0.0, Sum: 0.0]
      [Code Root Scanning (ms): Min: 0.0, Avg: 0.0, Max: 0.0, Diff: 0.0, Sum: 0.0]
      [Object Copy (ms): Min: 0.1, Avg: 0.1, Max: 0.1, Diff: 0.1, Sum: 0.8]
      [Termination (ms): Min: 0.0, Avg: 0.0, Max: 0.0, Diff: 0.0, Sum: 0.1]
      [GC Worker Other (ms): Min: 0.0, Avg: 0.0, Max: 0.0, Diff: 0.0, Sum: 0.0]
      [GC Worker Total (ms): Min: 0.8, Avg: 0.8, Max: 0.9, Diff: 0.1, Sum: 6.6]
      [GC Worker End (ms): Min: 147974.1, Avg: 147974.1, Max: 147974.1, Diff: 0.0]
   [Code Root Fixup: 0.0 ms]
   [Code Root Migration: 0.0 ms]
   [Clear CT: 0.3 ms]
   [Other: 0.4 ms]
      [Choose CSet: 0.0 ms]
      [Ref Proc: 0.3 ms]
      [Ref Enq: 0.0 ms]
      [Free CSet: 0.0 ms]
   [Eden: 1024.0K(1024.0K)->0.0B(1024.0K) Survivors: 0.0B->1024.0K Heap: 6647.5K(8192.0K)->5870.0K(8192.0K)]
 [Times: user=0.01 sys=0.00, real=0.00 secs] 
147.975: Total time for which application threads were stopped: 0.0521780 seconds, Stopping threads took: 0.0502580 seconds
149.417: Application time: 1.4415900 seconds
149.471: [GC pause (young) (initial-mark) (to-space exhausted), 0.0010320 secs]
   [Parallel Time: 0.7 ms, GC Workers: 8]
      [GC Worker Start (ms): Min: 149471.2, Avg: 149471.3, Max: 149471.3, Diff: 0.1]
      [Ext Root Scanning (ms): Min: 0.3, Avg: 0.4, Max: 0.4, Diff: 0.1, Sum: 3.2]
      [Code Root Marking (ms): Min: 0.0, Avg: 0.0, Max: 0.0, Diff: 0.0, Sum: 0.0]
      [Update RS (ms): Min: 0.0, Avg: 0.0, Max: 0.0, Diff: 0.0, Sum: 0.1]
         [Processed Buffers: Min: 0, Avg: 0.9, Max: 2, Diff: 2, Sum: 7]
      [Scan RS (ms): Min: 0.0, Avg: 0.0, Max: 0.0, Diff: 0.0, Sum: 0.0]
      [Code Root Scanning (ms): Min: 0.0, Avg: 0.0, Max: 0.0, Diff: 0.0, Sum: 0.0]
      [Object Copy (ms): Min: 0.1, Avg: 0.2, Max: 0.2, Diff: 0.1, Sum: 1.4]
      [Termination (ms): Min: 0.0, Avg: 0.0, Max: 0.1, Diff: 0.1, Sum: 0.3]
      [GC Worker Other (ms): Min: 0.0, Avg: 0.0, Max: 0.0, Diff: 0.0, Sum: 0.0]
      [GC Worker Total (ms): Min: 0.6, Avg: 0.6, Max: 0.7, Diff: 0.1, Sum: 5.0]
      [GC Worker End (ms): Min: 149471.9, Avg: 149471.9, Max: 149471.9, Diff: 0.0]
   [Code Root Fixup: 0.0 ms]
   [Code Root Migration: 0.0 ms]
   [Clear CT: 0.1 ms]
   [Other: 0.2 ms]
      [Choose CSet: 0.0 ms]
      [Ref Proc: 0.1 ms]
      [Ref Enq: 0.0 ms]
      [Free CSet: 0.0 ms]
   [Eden: 1024.0K(1024.0K)->0.0B(1024.0K) Survivors: 1024.0K->0.0B Heap: 6894.0K(8192.0K)->6894.0K(8192.0K)]
 [Times: user=0.01 sys=0.00, real=0.00 secs] 
149.472: [GC concurrent-root-region-scan-start]
149.472: 149.472: [GC concurrent-root-region-scan-end, 0.0000060 secs]
Total time for which application threads were stopped: 0.0556840 seconds, Stopping threads took: 0.0545500 seconds
149.472: [GC concurrent-mark-start]
149.472: Application time: 0.0000410 seconds
149.472: [GC pause (young), 0.0006040 secs]
   [Parallel Time: 0.5 ms, GC Workers: 8]
      [GC Worker Start (ms): Min: 149472.4, Avg: 149472.5, Max: 149472.8, Diff: 0.5]
      [Ext Root Scanning (ms): Min: 0.0, Avg: 0.2, Max: 0.3, Diff: 0.3, Sum: 1.8]
      [SATB Filtering (ms): Min: 0.0, Avg: 0.0, Max: 0.0, Diff: 0.0, Sum: 0.0]
      [Update RS (ms): Min: 0.0, Avg: 0.0, Max: 0.0, Diff: 0.0, Sum: 0.1]
         [Processed Buffers: Min: 0, Avg: 2.0, Max: 8, Diff: 8, Sum: 16]
      [Scan RS (ms): Min: 0.0, Avg: 0.0, Max: 0.0, Diff: 0.0, Sum: 0.0]
      [Code Root Scanning (ms): Min: 0.0, Avg: 0.0, Max: 0.0, Diff: 0.0, Sum: 0.0]
      [Object Copy (ms): Min: 0.0, Avg: 0.0, Max: 0.0, Diff: 0.0, Sum: 0.1]
      [Termination (ms): Min: 0.0, Avg: 0.1, Max: 0.1, Diff: 0.1, Sum: 0.8]
      [GC Worker Other (ms): Min: -0.0, Avg: 0.0, Max: 0.0, Diff: 0.0, Sum: 0.0]
      [GC Worker Total (ms): Min: 0.0, Avg: 0.4, Max: 0.5, Diff: 0.5, Sum: 2.8]
      [GC Worker End (ms): Min: 149472.8, Avg: 149472.8, Max: 149472.9, Diff: 0.0]
   [Code Root Fixup: 0.0 ms]
   [Code Root Migration: 0.0 ms]
   [Clear CT: 0.0 ms]
   [Other: 0.1 ms]
      [Choose CSet: 0.0 ms]
      [Ref Proc: 0.1 ms]
      [Ref Enq: 0.0 ms]
      [Free CSet: 0.0 ms]
   [Eden: 0.0B(1024.0K)->0.0B(1024.0K) Survivors: 0.0B->0.0B Heap: 6894.0K(8192.0K)->6894.0K(8192.0K)]
 [Times: user=0.00 sys=0.00, real=0.00 secs] 
149.473: Total time for which application threads were stopped: 0.0006830 seconds, Stopping threads took: 0.0000060 seconds
149.473: Application time: 0.0000370 seconds
149.473: [GC pause (young), 0.0005100 secs]
   [Parallel Time: 0.3 ms, GC Workers: 8]
      [GC Worker Start (ms): Min: 149473.1, Avg: 149473.1, Max: 149473.1, Diff: 0.0]
      [Ext Root Scanning (ms): Min: 0.2, Avg: 0.2, Max: 0.3, Diff: 0.1, Sum: 1.9]
      [Update RS (ms): Min: 0.0, Avg: 0.0, Max: 0.0, Diff: 0.0, Sum: 0.0]
         [Processed Buffers: Min: 0, Avg: 0.1, Max: 1, Diff: 1, Sum: 1]
      [Scan RS (ms): Min: 0.0, Avg: 0.0, Max: 0.0, Diff: 0.0, Sum: 0.0]
      [Code Root Scanning (ms): Min: 0.0, Avg: 0.0, Max: 0.0, Diff: 0.0, Sum: 0.0]
      [Object Copy (ms): Min: 0.0, Avg: 0.0, Max: 0.0, Diff: 0.0, Sum: 0.1]
      [Termination (ms): Min: 0.0, Avg: 0.0, Max: 0.1, Diff: 0.1, Sum: 0.3]
      [GC Worker Other (ms): Min: -0.0, Avg: 0.0, Max: 0.0, Diff: 0.0, Sum: 0.0]
      [GC Worker Total (ms): Min: 0.3, Avg: 0.3, Max: 0.3, Diff: 0.0, Sum: 2.4]
      [GC Worker End (ms): Min: 149473.4, Avg: 149473.4, Max: 149473.4, Diff: 0.0]
   [Code Root Fixup: 0.0 ms]
   [Code Root Migration: 0.0 ms]
   [Clear CT: 0.0 ms]
   [Other: 0.1 ms]
      [Choose CSet: 0.0 ms]
      [Ref Proc: 0.1 ms]
      [Ref Enq: 0.0 ms]
      [Free CSet: 0.0 ms]
   [Eden: 0.0B(1024.0K)->0.0B(1024.0K) Survivors: 0.0B->0.0B Heap: 6894.0K(8192.0K)->6894.0K(8192.0K)]
 [Times: user=0.00 sys=0.00, real=0.00 secs] 
149.474: Total time for which application threads were stopped: 0.0005670 seconds, Stopping threads took: 0.0000050 seconds
149.474: Application time: 0.0000300 seconds
149.474: [Full GC 6893K->5608K(8192K), 0.0053380 secs]
   [Eden: 0.0B(1024.0K)->0.0B(1024.0K) Survivors: 0.0B->0.0B Heap: 6894.0K(8192.0K)->5608.7K(8192.0K)], [Perm: 5163K->5163K(20480K)]
 [Times: user=0.01 sys=0.00, real=0.00 secs] 
149.479: Total time for which application threads were stopped: 0.0053990 seconds, Stopping threads took: 0.0000040 seconds
149.479: [GC concurrent-mark-abort]
149.485: Application time: 0.0063290 seconds
149.538: Total time for which application threads were stopped: 0.0524660 seconds, Stopping threads took: 0.0524390 seconds
150.471: Application time: 0.9334820 seconds
150.521: [GC pause (young), 0.0011760 secs]
   [Parallel Time: 0.9 ms, GC Workers: 8]
      [GC Worker Start (ms): Min: 150521.0, Avg: 150521.0, Max: 150521.0, Diff: 0.1]
      [Ext Root Scanning (ms): Min: 0.7, Avg: 0.7, Max: 0.8, Diff: 0.1, Sum: 5.7]
      [Update RS (ms): Min: 0.0, Avg: 0.0, Max: 0.0, Diff: 0.0, Sum: 0.1]
         [Processed Buffers: Min: 0, Avg: 1.0, Max: 2, Diff: 2, Sum: 8]
      [Scan RS (ms): Min: 0.0, Avg: 0.0, Max: 0.0, Diff: 0.0, Sum: 0.0]
      [Code Root Scanning (ms): Min: 0.0, Avg: 0.0, Max: 0.0, Diff: 0.0, Sum: 0.0]
      [Object Copy (ms): Min: 0.1, Avg: 0.1, Max: 0.1, Diff: 0.0, Sum: 0.7]
      [Termination (ms): Min: 0.0, Avg: 0.0, Max: 0.0, Diff: 0.0, Sum: 0.1]
      [GC Worker Other (ms): Min: 0.0, Avg: 0.0, Max: 0.0, Diff: 0.0, Sum: 0.0]
      [GC Worker Total (ms): Min: 0.8, Avg: 0.8, Max: 0.9, Diff: 0.1, Sum: 6.7]
      [GC Worker End (ms): Min: 150521.8, Avg: 150521.8, Max: 150521.8, Diff: 0.0]
   [Code Root Fixup: 0.0 ms]
   [Code Root Migration: 0.0 ms]
   [Clear CT: 0.1 ms]
   [Other: 0.2 ms]
      [Choose CSet: 0.0 ms]
      [Ref Proc: 0.1 ms]
      [Ref Enq: 0.0 ms]
      [Free CSet: 0.0 ms]
   [Eden: 1024.0K(1024.0K)->0.0B(1024.0K) Survivors: 0.0B->1024.0K Heap: 6632.7K(8192.0K)->5831.2K(8192.0K)]
 [Times: user=0.01 sys=0.00, real=0.01 secs] 
150.522: Total time for which application threads were stopped: 0.0508360 seconds, Stopping threads took: 0.0495450 seconds
152.185: Application time: 1.6630770 seconds
152.207: [GC pause (young) (initial-mark) (to-space exhausted), 0.0009920 secs]
   [Parallel Time: 0.7 ms, GC Workers: 8]
      [GC Worker Start (ms): Min: 152206.9, Avg: 152206.9, Max: 152207.0, Diff: 0.1]
      [Ext Root Scanning (ms): Min: 0.4, Avg: 0.4, Max: 0.4, Diff: 0.1, Sum: 3.3]
      [Code Root Marking (ms): Min: 0.0, Avg: 0.0, Max: 0.0, Diff: 0.0, Sum: 0.0]
      [Update RS (ms): Min: 0.0, Avg: 0.0, Max: 0.0, Diff: 0.0, Sum: 0.1]
         [Processed Buffers: Min: 0, Avg: 1.0, Max: 3, Diff: 3, Sum: 8]
      [Scan RS (ms): Min: 0.0, Avg: 0.0, Max: 0.0, Diff: 0.0, Sum: 0.0]
      [Code Root Scanning (ms): Min: 0.0, Avg: 0.0, Max: 0.0, Diff: 0.0, Sum: 0.0]
      [Object Copy (ms): Min: 0.1, Avg: 0.2, Max: 0.2, Diff: 0.1, Sum: 1.4]
      [Termination (ms): Min: 0.0, Avg: 0.0, Max: 0.1, Diff: 0.1, Sum: 0.3]
      [GC Worker Other (ms): Min: 0.0, Avg: 0.0, Max: 0.0, Diff: 0.0, Sum: 0.0]
      [GC Worker Total (ms): Min: 0.6, Avg: 0.6, Max: 0.7, Diff: 0.1, Sum: 5.1]
      [GC Worker End (ms): Min: 152207.6, Avg: 152207.6, Max: 152207.6, Diff: 0.0]
   [Code Root Fixup: 0.0 ms]
   [Code Root Migration: 0.0 ms]
   [Clear CT: 0.0 ms]
   [Other: 0.2 ms]
      [Choose CSet: 0.0 ms]
      [Ref Proc: 0.1 ms]
      [Ref Enq: 0.0 ms]
      [Free CSet: 0.0 ms]
   [Eden: 1024.0K(1024.0K)->0.0B(1024.0K) Survivors: 1024.0K->0.0B Heap: 6855.2K(8192.0K)->6855.2K(8192.0K)]
 [Times: user=0.01 sys=0.00, real=0.00 secs] 
152.208: [GC concurrent-root-region-scan-start]
152.208: 152.208: [GC concurrent-root-region-scan-end, 0.0000060 secs]
Total time for which application threads were stopped: 0.0226830 seconds, Stopping threads took: 0.0215840 seconds
152.208: [GC concurrent-mark-start]
152.208: Application time: 0.0000400 seconds
152.208: [GC pause (young), 0.0004810 secs]
   [Parallel Time: 0.4 ms, GC Workers: 8]
      [GC Worker Start (ms): Min: 152208.0, Avg: 152208.1, Max: 152208.1, Diff: 0.0]
      [Ext Root Scanning (ms): Min: 0.3, Avg: 0.3, Max: 0.3, Diff: 0.0, Sum: 2.2]
      [SATB Filtering (ms): Min: 0.0, Avg: 0.0, Max: 0.0, Diff: 0.0, Sum: 0.0]
      [Update RS (ms): Min: 0.0, Avg: 0.0, Max: 0.0, Diff: 0.0, Sum: 0.1]
         [Processed Buffers: Min: 0, Avg: 1.8, Max: 5, Diff: 5, Sum: 14]
      [Scan RS (ms): Min: 0.0, Avg: 0.0, Max: 0.0, Diff: 0.0, Sum: 0.0]
      [Code Root Scanning (ms): Min: 0.0, Avg: 0.0, Max: 0.0, Diff: 0.0, Sum: 0.0]
      [Object Copy (ms): Min: 0.0, Avg: 0.0, Max: 0.0, Diff: 0.0, Sum: 0.1]
      [Termination (ms): Min: 0.0, Avg: 0.0, Max: 0.0, Diff: 0.0, Sum: 0.2]
      [GC Worker Other (ms): Min: 0.0, Avg: 0.0, Max: 0.0, Diff: 0.0, Sum: 0.0]
      [GC Worker Total (ms): Min: 0.3, Avg: 0.3, Max: 0.3, Diff: 0.0, Sum: 2.6]
      [GC Worker End (ms): Min: 152208.4, Avg: 152208.4, Max: 152208.4, Diff: 0.0]
   [Code Root Fixup: 0.0 ms]
   [Code Root Migration: 0.0 ms]
   [Clear CT: 0.0 ms]
   [Other: 0.1 ms]
      [Choose CSet: 0.0 ms]
      [Ref Proc: 0.1 ms]
      [Ref Enq: 0.0 ms]
      [Free CSet: 0.0 ms]
   [Eden: 0.0B(1024.0K)->0.0B(1024.0K) Survivors: 0.0B->0.0B Heap: 6855.2K(8192.0K)->6855.2K(8192.0K)]
 [Times: user=0.00 sys=0.00, real=0.00 secs] 
152.209: Total time for which application threads were stopped: 0.0005630 seconds, Stopping threads took: 0.0000200 seconds
152.209: Application time: 0.0000410 seconds
152.209: [GC pause (young), 0.0004710 secs]
   [Parallel Time: 0.4 ms, GC Workers: 8]
      [GC Worker Start (ms): Min: 152208.6, Avg: 152208.7, Max: 152209.0, Diff: 0.3]
      [Ext Root Scanning (ms): Min: 0.0, Avg: 0.2, Max: 0.3, Diff: 0.3, Sum: 1.7]
      [Update RS (ms): Min: 0.0, Avg: 0.0, Max: 0.0, Diff: 0.0, Sum: 0.0]
         [Processed Buffers: Min: 0, Avg: 0.1, Max: 1, Diff: 1, Sum: 1]
      [Scan RS (ms): Min: 0.0, Avg: 0.0, Max: 0.0, Diff: 0.0, Sum: 0.0]
      [Code Root Scanning (ms): Min: 0.0, Avg: 0.0, Max: 0.0, Diff: 0.0, Sum: 0.0]
      [Object Copy (ms): Min: 0.0, Avg: 0.0, Max: 0.0, Diff: 0.0, Sum: 0.1]
      [Termination (ms): Min: 0.0, Avg: 0.1, Max: 0.1, Diff: 0.1, Sum: 0.4]
      [GC Worker Other (ms): Min: -0.0, Avg: 0.0, Max: 0.0, Diff: 0.0, Sum: 0.0]
      [GC Worker Total (ms): Min: 0.0, Avg: 0.3, Max: 0.3, Diff: 0.3, Sum: 2.3]
      [GC Worker End (ms): Min: 152209.0, Avg: 152209.0, Max: 152209.0, Diff: 0.0]
   [Code Root Fixup: 0.0 ms]
   [Code Root Migration: 0.0 ms]
   [Clear CT: 0.0 ms]
   [Other: 0.1 ms]
      [Choose CSet: 0.0 ms]
      [Ref Proc: 0.1 ms]
      [Ref Enq: 0.0 ms]
      [Free CSet: 0.0 ms]
   [Eden: 0.0B(1024.0K)->0.0B(1024.0K) Survivors: 0.0B->0.0B Heap: 6855.2K(8192.0K)->6855.2K(8192.0K)]
 [Times: user=0.00 sys=0.00, real=0.00 secs] 
152.209: Total time for which application threads were stopped: 0.0005450 seconds, Stopping threads took: 0.0000140 seconds
152.209: Application time: 0.0000440 seconds
152.209: [Full GC 6855K->5610K(8192K), 0.0059130 secs]
   [Eden: 0.0B(1024.0K)->0.0B(1024.0K) Survivors: 0.0B->0.0B Heap: 6855.2K(8192.0K)->5610.4K(8192.0K)], [Perm: 5163K->5163K(20480K)]
 [Times: user=0.01 sys=0.00, real=0.01 secs] 
152.215: Total time for which application threads were stopped: 0.0059870 seconds, Stopping threads took: 0.0000130 seconds
152.215: [GC concurrent-mark-abort]
153.254: Application time: 1.0388580 seconds
153.311: [GC pause (young), 0.0012650 secs]
   [Parallel Time: 0.9 ms, GC Workers: 8]
      [GC Worker Start (ms): Min: 153310.9, Avg: 153310.9, Max: 153311.0, Diff: 0.1]
      [Ext Root Scanning (ms): Min: 0.6, Avg: 0.7, Max: 0.7, Diff: 0.1, Sum: 5.5]
      [Update RS (ms): Min: 0.0, Avg: 0.0, Max: 0.0, Diff: 0.0, Sum: 0.1]
         [Processed Buffers: Min: 0, Avg: 1.0, Max: 2, Diff: 2, Sum: 8]
      [Scan RS (ms): Min: 0.0, Avg: 0.0, Max: 0.0, Diff: 0.0, Sum: 0.0]
      [Code Root Scanning (ms): Min: 0.0, Avg: 0.0, Max: 0.0, Diff: 0.0, Sum: 0.0]
      [Object Copy (ms): Min: 0.1, Avg: 0.1, Max: 0.1, Diff: 0.1, Sum: 0.8]
      [Termination (ms): Min: 0.0, Avg: 0.0, Max: 0.0, Diff: 0.0, Sum: 0.0]
      [GC Worker Other (ms): Min: 0.0, Avg: 0.0, Max: 0.0, Diff: 0.0, Sum: 0.1]
      [GC Worker Total (ms): Min: 0.8, Avg: 0.8, Max: 0.9, Diff: 0.1, Sum: 6.5]
      [GC Worker End (ms): Min: 153311.7, Avg: 153311.7, Max: 153311.7, Diff: 0.0]
   [Code Root Fixup: 0.0 ms]
   [Code Root Migration: 0.0 ms]
   [Clear CT: 0.2 ms]
   [Other: 0.2 ms]
      [Choose CSet: 0.0 ms]
      [Ref Proc: 0.1 ms]
      [Ref Enq: 0.0 ms]
      [Free CSet: 0.0 ms]
   [Eden: 1024.0K(1024.0K)->0.0B(1024.0K) Survivors: 0.0B->1024.0K Heap: 6634.4K(8192.0K)->5850.9K(8192.0K)]
 [Times: user=0.00 sys=0.00, real=0.00 secs] 
153.312: Total time for which application threads were stopped: 0.0581110 seconds, Stopping threads took: 0.0567450 seconds
154.407: Application time: 1.0947610 seconds
154.460: [GC pause (young) (initial-mark) (to-space exhausted), 0.0009740 secs]
   [Parallel Time: 0.7 ms, GC Workers: 8]
      [GC Worker Start (ms): Min: 154460.2, Avg: 154460.2, Max: 154460.2, Diff: 0.1]
      [Ext Root Scanning (ms): Min: 0.3, Avg: 0.4, Max: 0.4, Diff: 0.1, Sum: 3.2]
      [Code Root Marking (ms): Min: 0.0, Avg: 0.0, Max: 0.0, Diff: 0.0, Sum: 0.0]
      [Update RS (ms): Min: 0.0, Avg: 0.0, Max: 0.0, Diff: 0.0, Sum: 0.1]
         [Processed Buffers: Min: 0, Avg: 1.2, Max: 4, Diff: 4, Sum: 10]
      [Scan RS (ms): Min: 0.0, Avg: 0.0, Max: 0.0, Diff: 0.0, Sum: 0.0]
      [Code Root Scanning (ms): Min: 0.0, Avg: 0.0, Max: 0.0, Diff: 0.0, Sum: 0.0]
      [Object Copy (ms): Min: 0.1, Avg: 0.2, Max: 0.2, Diff: 0.0, Sum: 1.4]
      [Termination (ms): Min: 0.0, Avg: 0.0, Max: 0.1, Diff: 0.1, Sum: 0.2]
      [GC Worker Other (ms): Min: 0.0, Avg: 0.0, Max: 0.0, Diff: 0.0, Sum: 0.0]
      [GC Worker Total (ms): Min: 0.6, Avg: 0.6, Max: 0.6, Diff: 0.1, Sum: 4.9]
      [GC Worker End (ms): Min: 154460.8, Avg: 154460.8, Max: 154460.8, Diff: 0.0]
   [Code Root Fixup: 0.0 ms]
   [Code Root Migration: 0.0 ms]
   [Clear CT: 0.1 ms]
   [Other: 0.2 ms]
      [Choose CSet: 0.0 ms]
      [Ref Proc: 0.1 ms]
      [Ref Enq: 0.0 ms]
      [Free CSet: 0.0 ms]
   [Eden: 1024.0K(1024.0K)->0.0B(1024.0K) Survivors: 1024.0K->0.0B Heap: 6874.9K(8192.0K)->6874.9K(8192.0K)]
 [Times: user=0.00 sys=0.00, real=0.00 secs] 
154.461: [GC concurrent-root-region-scan-start]
154.461: [GC concurrent-root-region-scan-end, 0.0000060 secs]
154.461154.461: : [GC concurrent-mark-start]
Total time for which application threads were stopped: 0.0542620 seconds, Stopping threads took: 0.0531780 seconds
154.461: Application time: 0.0000390 seconds
154.461: [GC pause (young), 0.0004930 secs]
   [Parallel Time: 0.4 ms, GC Workers: 8]
      [GC Worker Start (ms): Min: 154461.2, Avg: 154461.3, Max: 154461.3, Diff: 0.0]
      [Ext Root Scanning (ms): Min: 0.2, Avg: 0.3, Max: 0.3, Diff: 0.1, Sum: 2.2]
      [Update RS (ms): Min: 0.0, Avg: 0.0, Max: 0.0, Diff: 0.0, Sum: 0.1]
         [Processed Buffers: Min: 0, Avg: 1.2, Max: 8, Diff: 8, Sum: 10]
      [Scan RS (ms): Min: 0.0, Avg: 0.0, Max: 0.0, Diff: 0.0, Sum: 0.0]
      [Code Root Scanning (ms): Min: 0.0, Avg: 0.0, Max: 0.0, Diff: 0.0, Sum: 0.0]
      [Object Copy (ms): Min: 0.0, Avg: 0.0, Max: 0.0, Diff: 0.0, Sum: 0.1]
      [Termination (ms): Min: 0.0, Avg: 0.0, Max: 0.1, Diff: 0.1, Sum: 0.4]
      [GC Worker Other (ms): Min: 0.0, Avg: 0.0, Max: 0.0, Diff: 0.0, Sum: 0.0]
      [GC Worker Total (ms): Min: 0.3, Avg: 0.4, Max: 0.4, Diff: 0.0, Sum: 2.8]
      [GC Worker End (ms): Min: 154461.6, Avg: 154461.6, Max: 154461.6, Diff: 0.0]
   [Code Root Fixup: 0.0 ms]
   [Code Root Migration: 0.0 ms]
   [Clear CT: 0.0 ms]
   [Other: 0.1 ms]
      [Choose CSet: 0.0 ms]
      [Ref Proc: 0.0 ms]
      [Ref Enq: 0.0 ms]
      [Free CSet: 0.0 ms]
   [Eden: 0.0B(1024.0K)->0.0B(1024.0K) Survivors: 0.0B->0.0B Heap: 6874.9K(8192.0K)->6874.9K(8192.0K)]
 [Times: user=0.01 sys=0.00, real=0.01 secs] 
154.462: Total time for which application threads were stopped: 0.0005490 seconds, Stopping threads took: 0.0000050 seconds
154.462: Application time: 0.0000270 seconds
154.462: [GC pause (young), 0.0004410 secs]
   [Parallel Time: 0.3 ms, GC Workers: 8]
      [GC Worker Start (ms): Min: 154461.8, Avg: 154461.8, Max: 154461.8, Diff: 0.0]
      [Ext Root Scanning (ms): Min: 0.2, Avg: 0.2, Max: 0.3, Diff: 0.1, Sum: 1.9]
      [Update RS (ms): Min: 0.0, Avg: 0.0, Max: 0.0, Diff: 0.0, Sum: 0.0]
         [Processed Buffers: Min: 0, Avg: 0.1, Max: 1, Diff: 1, Sum: 1]
      [Scan RS (ms): Min: 0.0, Avg: 0.0, Max: 0.0, Diff: 0.0, Sum: 0.0]
      [Code Root Scanning (ms): Min: 0.0, Avg: 0.0, Max: 0.0, Diff: 0.0, Sum: 0.0]
      [Object Copy (ms): Min: 0.0, Avg: 0.0, Max: 0.0, Diff: 0.0, Sum: 0.1]
      [Termination (ms): Min: 0.0, Avg: 0.0, Max: 0.1, Diff: 0.1, Sum: 0.3]
      [GC Worker Other (ms): Min: -0.0, Avg: 0.0, Max: 0.0, Diff: 0.0, Sum: 0.0]
      [GC Worker Total (ms): Min: 0.3, Avg: 0.3, Max: 0.3, Diff: 0.0, Sum: 2.3]
      [GC Worker End (ms): Min: 154462.1, Avg: 154462.1, Max: 154462.1, Diff: 0.0]
   [Code Root Fixup: 0.0 ms]
   [Code Root Migration: 0.0 ms]
   [Clear CT: 0.0 ms]
   [Other: 0.1 ms]
      [Choose CSet: 0.0 ms]
      [Ref Proc: 0.1 ms]
      [Ref Enq: 0.0 ms]
      [Free CSet: 0.0 ms]
   [Eden: 0.0B(1024.0K)->0.0B(1024.0K) Survivors: 0.0B->0.0B Heap: 6874.9K(8192.0K)->6874.9K(8192.0K)]
 [Times: user=0.00 sys=0.00, real=0.00 secs] 
154.462: Total time for which application threads were stopped: 0.0004940 seconds, Stopping threads took: 0.0000030 seconds
154.462: Application time: 0.0000310 seconds
154.462: [GC pause (young), 0.0004220 secs]
   [Parallel Time: 0.3 ms, GC Workers: 8]
      [GC Worker Start (ms): Min: 154462.3, Avg: 154462.4, Max: 154462.4, Diff: 0.0]
      [Ext Root Scanning (ms): Min: 0.2, Avg: 0.2, Max: 0.3, Diff: 0.0, Sum: 1.8]
      [SATB Filtering (ms): Min: 0.0, Avg: 0.0, Max: 0.0, Diff: 0.0, Sum: 0.0]
      [Update RS (ms): Min: 0.0, Avg: 0.0, Max: 0.0, Diff: 0.0, Sum: 0.0]
         [Processed Buffers: Min: 0, Avg: 0.1, Max: 1, Diff: 1, Sum: 1]
      [Scan RS (ms): Min: 0.0, Avg: 0.0, Max: 0.0, Diff: 0.0, Sum: 0.0]
      [Code Root Scanning (ms): Min: 0.0, Avg: 0.0, Max: 0.0, Diff: 0.0, Sum: 0.0]
      [Object Copy (ms): Min: 0.0, Avg: 0.0, Max: 0.0, Diff: 0.0, Sum: 0.1]
      [Termination (ms): Min: 0.0, Avg: 0.0, Max: 0.1, Diff: 0.1, Sum: 0.3]
      [GC Worker Other (ms): Min: 0.0, Avg: 0.0, Max: 0.0, Diff: 0.0, Sum: 0.0]
      [GC Worker Total (ms): Min: 0.3, Avg: 0.3, Max: 0.3, Diff: 0.0, Sum: 2.2]
      [GC Worker End (ms): Min: 154462.6, Avg: 154462.6, Max: 154462.6, Diff: 0.0]
   [Code Root Fixup: 0.0 ms]
   [Code Root Migration: 0.0 ms]
   [Clear CT: 0.0 ms]
   [Other: 0.1 ms]
      [Choose CSet: 0.0 ms]
      [Ref Proc: 0.1 ms]
      [Ref Enq: 0.0 ms]
      [Free CSet: 0.0 ms]
   [Eden: 0.0B(1024.0K)->0.0B(1024.0K) Survivors: 0.0B->0.0B Heap: 6874.9K(8192.0K)->6874.9K(8192.0K)]
 [Times: user=0.00 sys=0.00, real=0.00 secs] 
154.463: Total time for which application threads were stopped: 0.0004770 seconds, Stopping threads took: 0.0000030 seconds
154.463: Application time: 0.0000290 seconds
154.463: [Full GC 6874K->5627K(8192K), 0.0057060 secs]
   [Eden: 0.0B(1024.0K)->0.0B(1024.0K) Survivors: 0.0B->0.0B Heap: 6874.9K(8192.0K)->5627.8K(8192.0K)], [Perm: 5163K->5163K(20480K)]
 [Times: user=0.01 sys=0.00, real=0.00 secs] 
154.469: Total time for which application threads were stopped: 0.0057670 seconds, Stopping threads took: 0.0000030 seconds
154.469: [GC concurrent-mark-abort]
155.915: Application time: 1.4461620 seconds
155.970: [GC pause (young), 0.0017520 secs]
   [Parallel Time: 1.0 ms, GC Workers: 8]
      [GC Worker Start (ms): Min: 155969.8, Avg: 155969.9, Max: 155969.9, Diff: 0.1]
      [Ext Root Scanning (ms): Min: 0.6, Avg: 0.7, Max: 0.8, Diff: 0.1, Sum: 5.6]
      [Update RS (ms): Min: 0.0, Avg: 0.0, Max: 0.0, Diff: 0.0, Sum: 0.1]
         [Processed Buffers: Min: 0, Avg: 0.9, Max: 3, Diff: 3, Sum: 7]
      [Scan RS (ms): Min: 0.0, Avg: 0.0, Max: 0.0, Diff: 0.0, Sum: 0.0]
      [Code Root Scanning (ms): Min: 0.0, Avg: 0.0, Max: 0.0, Diff: 0.0, Sum: 0.0]
      [Object Copy (ms): Min: 0.1, Avg: 0.1, Max: 0.1, Diff: 0.1, Sum: 0.7]
      [Termination (ms): Min: 0.0, Avg: 0.0, Max: 0.0, Diff: 0.0, Sum: 0.0]
      [GC Worker Other (ms): Min: 0.0, Avg: 0.0, Max: 0.0, Diff: 0.0, Sum: 0.1]
      [GC Worker Total (ms): Min: 0.8, Avg: 0.8, Max: 0.8, Diff: 0.1, Sum: 6.4]
      [GC Worker End (ms): Min: 155970.7, Avg: 155970.7, Max: 155970.7, Diff: 0.0]
   [Code Root Fixup: 0.0 ms]
   [Code Root Migration: 0.0 ms]
   [Clear CT: 0.5 ms]
   [Other: 0.2 ms]
      [Choose CSet: 0.0 ms]
      [Ref Proc: 0.2 ms]
      [Ref Enq: 0.0 ms]
      [Free CSet: 0.0 ms]
   [Eden: 1024.0K(1024.0K)->0.0B(1024.0K) Survivors: 0.0B->1024.0K Heap: 6651.8K(8192.0K)->5850.3K(8192.0K)]
 [Times: user=0.00 sys=0.00, real=0.00 secs] 
155.972: Total time for which application threads were stopped: 0.0568420 seconds, Stopping threads took: 0.0549860 seconds
157.131: Application time: 1.1594270 seconds
157.183: [GC pause (young) (initial-mark) (to-space exhausted), 0.0013270 secs]
   [Parallel Time: 0.9 ms, GC Workers: 8]
      [GC Worker Start (ms): Min: 157183.2, Avg: 157183.3, Max: 157183.3, Diff: 0.1]
      [Ext Root Scanning (ms): Min: 0.4, Avg: 0.4, Max: 0.4, Diff: 0.1, Sum: 3.2]
      [Code Root Marking (ms): Min: 0.0, Avg: 0.0, Max: 0.0, Diff: 0.0, Sum: 0.0]
      [Update RS (ms): Min: 0.0, Avg: 0.0, Max: 0.0, Diff: 0.0, Sum: 0.0]
         [Processed Buffers: Min: 0, Avg: 0.9, Max: 4, Diff: 4, Sum: 7]
      [Scan RS (ms): Min: 0.0, Avg: 0.0, Max: 0.0, Diff: 0.0, Sum: 0.0]
      [Code Root Scanning (ms): Min: 0.0, Avg: 0.0, Max: 0.0, Diff: 0.0, Sum: 0.0]
      [Object Copy (ms): Min: 0.1, Avg: 0.2, Max: 0.2, Diff: 0.1, Sum: 1.3]
      [Termination (ms): Min: 0.0, Avg: 0.0, Max: 0.1, Diff: 0.1, Sum: 0.4]
      [GC Worker Other (ms): Min: 0.0, Avg: 0.0, Max: 0.0, Diff: 0.0, Sum: 0.0]
      [GC Worker Total (ms): Min: 0.6, Avg: 0.6, Max: 0.7, Diff: 0.1, Sum: 5.0]
      [GC Worker End (ms): Min: 157183.9, Avg: 157183.9, Max: 157183.9, Diff: 0.0]
   [Code Root Fixup: 0.0 ms]
   [Code Root Migration: 0.0 ms]
   [Clear CT: 0.1 ms]
   [Other: 0.3 ms]
      [Choose CSet: 0.0 ms]
      [Ref Proc: 0.1 ms]
      [Ref Enq: 0.0 ms]
      [Free CSet: 0.0 ms]
   [Eden: 1024.0K(1024.0K)->0.0B(1024.0K) Survivors: 1024.0K->0.0B Heap: 6874.3K(8192.0K)->6874.3K(8192.0K)]
 [Times: user=0.01 sys=0.00, real=0.00 secs] 
157.185: [GC concurrent-root-region-scan-start]
157.185: [GC concurrent-root-region-scan-end, 0.0000060 secs]
157.185: 157.185: Total time for which application threads were stopped: 0.0535370 seconds, Stopping threads took: 0.0520760 seconds
[GC concurrent-mark-start]
157.185: Application time: 0.0000400 seconds
157.185: [Full GC 6874K->5637K(8192K), 0.0057090 secs]
   [Eden: 0.0B(1024.0K)->0.0B(1024.0K) Survivors: 0.0B->0.0B Heap: 6874.3K(8192.0K)->5637.7K(8192.0K)], [Perm: 5166K->5166K(20480K)]
 [Times: user=0.01 sys=0.00, real=0.01 secs] 
157.190: Total time for which application threads were stopped: 0.0057800 seconds, Stopping threads took: 0.0000060 seconds
157.190: [GC concurrent-mark-abort]
158.680: Application time: 1.4892500 seconds
158.701: [GC pause (young), 0.0016990 secs]
   [Parallel Time: 0.9 ms, GC Workers: 8]
      [GC Worker Start (ms): Min: 158701.2, Avg: 158701.3, Max: 158701.3, Diff: 0.1]
      [Ext Root Scanning (ms): Min: 0.6, Avg: 0.7, Max: 0.8, Diff: 0.1, Sum: 5.6]
      [Update RS (ms): Min: 0.0, Avg: 0.0, Max: 0.0, Diff: 0.0, Sum: 0.1]
         [Processed Buffers: Min: 0, Avg: 1.0, Max: 4, Diff: 4, Sum: 8]
      [Scan RS (ms): Min: 0.0, Avg: 0.0, Max: 0.0, Diff: 0.0, Sum: 0.0]
      [Code Root Scanning (ms): Min: 0.0, Avg: 0.0, Max: 0.0, Diff: 0.0, Sum: 0.0]
      [Object Copy (ms): Min: 0.1, Avg: 0.1, Max: 0.1, Diff: 0.0, Sum: 0.7]
      [Termination (ms): Min: 0.0, Avg: 0.0, Max: 0.0, Diff: 0.0, Sum: 0.1]
      [GC Worker Other (ms): Min: 0.0, Avg: 0.0, Max: 0.0, Diff: 0.0, Sum: 0.1]
      [GC Worker Total (ms): Min: 0.8, Avg: 0.8, Max: 0.9, Diff: 0.1, Sum: 6.5]
      [GC Worker End (ms): Min: 158702.1, Avg: 158702.1, Max: 158702.1, Diff: 0.0]
   [Code Root Fixup: 0.0 ms]
   [Code Root Migration: 0.0 ms]
   [Clear CT: 0.5 ms]
   [Other: 0.3 ms]
      [Choose CSet: 0.0 ms]
      [Ref Proc: 0.3 ms]
      [Ref Enq: 0.0 ms]
      [Free CSet: 0.0 ms]
   [Eden: 1024.0K(1024.0K)->0.0B(1024.0K) Survivors: 0.0B->1024.0K Heap: 6661.7K(8192.0K)->5860.2K(8192.0K)]
 [Times: user=0.01 sys=0.00, real=0.01 secs] 
158.703: Total time for which application threads were stopped: 0.0233330 seconds, Stopping threads took: 0.0215330 seconds
159.742: Application time: 1.0391740 seconds
159.798: [GC pause (young) (initial-mark) (to-space exhausted), 0.0012930 secs]
   [Parallel Time: 0.8 ms, GC Workers: 8]
      [GC Worker Start (ms): Min: 159797.8, Avg: 159797.9, Max: 159797.9, Diff: 0.1]
      [Ext Root Scanning (ms): Min: 0.3, Avg: 0.4, Max: 0.5, Diff: 0.1, Sum: 3.2]
      [Code Root Marking (ms): Min: 0.0, Avg: 0.0, Max: 0.0, Diff: 0.0, Sum: 0.0]
      [Update RS (ms): Min: 0.0, Avg: 0.0, Max: 0.0, Diff: 0.0, Sum: 0.0]
         [Processed Buffers: Min: 0, Avg: 1.0, Max: 3, Diff: 3, Sum: 8]
      [Scan RS (ms): Min: 0.0, Avg: 0.0, Max: 0.0, Diff: 0.0, Sum: 0.0]
      [Code Root Scanning (ms): Min: 0.0, Avg: 0.0, Max: 0.0, Diff: 0.0, Sum: 0.0]
      [Object Copy (ms): Min: 0.1, Avg: 0.2, Max: 0.3, Diff: 0.1, Sum: 1.4]
      [Termination (ms): Min: 0.0, Avg: 0.0, Max: 0.1, Diff: 0.1, Sum: 0.3]
      [GC Worker Other (ms): Min: 0.0, Avg: 0.0, Max: 0.0, Diff: 0.0, Sum: 0.0]
      [GC Worker Total (ms): Min: 0.6, Avg: 0.6, Max: 0.7, Diff: 0.1, Sum: 5.0]
      [GC Worker End (ms): Min: 159798.5, Avg: 159798.5, Max: 159798.5, Diff: 0.0]
   [Code Root Fixup: 0.0 ms]
   [Code Root Migration: 0.0 ms]
   [Clear CT: 0.2 ms]
   [Other: 0.3 ms]
      [Choose CSet: 0.0 ms]
      [Ref Proc: 0.2 ms]
      [Ref Enq: 0.0 ms]
      [Free CSet: 0.0 ms]
   [Eden: 1024.0K(1024.0K)->0.0B(1024.0K) Survivors: 1024.0K->0.0B Heap: 6884.2K(8192.0K)->6884.2K(8192.0K)]
 [Times: user=0.01 sys=0.00, real=0.00 secs] 
159.799: [GC concurrent-root-region-scan-start]
159.799: [GC concurrent-root-region-scan-end, 0.0000060 secs]
159.799: [GC concurrent-mark-start]
159.799: Total time for which application threads were stopped: 0.0569990 seconds, Stopping threads took: 0.0555940 seconds
159.800: [GC concurrent-mark-end, 0.0008350 secs]
159.800: Application time: 0.0008480 seconds
159.800: [GC pause (young), 0.0004840 secs]
   [Parallel Time: 0.4 ms, GC Workers: 8]
      [GC Worker Start (ms): Min: 159800.0, Avg: 159800.0, Max: 159800.1, Diff: 0.0]
      [Ext Root Scanning (ms): Min: 0.3, Avg: 0.3, Max: 0.3, Diff: 0.0, Sum: 2.3]
      [SATB Filtering (ms): Min: 0.0, Avg: 0.0, Max: 0.0, Diff: 0.0, Sum: 0.0]
      [Update RS (ms): Min: 0.0, Avg: 0.0, Max: 0.0, Diff: 0.0, Sum: 0.1]
         [Processed Buffers: Min: 0, Avg: 1.8, Max: 10, Diff: 10, Sum: 14]
      [Scan RS (ms): Min: 0.0, Avg: 0.0, Max: 0.0, Diff: 0.0, Sum: 0.0]
      [Code Root Scanning (ms): Min: 0.0, Avg: 0.0, Max: 0.0, Diff: 0.0, Sum: 0.0]
      [Object Copy (ms): Min: 0.0, Avg: 0.0, Max: 0.0, Diff: 0.0, Sum: 0.2]
      [Termination (ms): Min: 0.0, Avg: 0.0, Max: 0.0, Diff: 0.0, Sum: 0.2]
      [GC Worker Other (ms): Min: 0.0, Avg: 0.0, Max: 0.0, Diff: 0.0, Sum: 0.0]
      [GC Worker Total (ms): Min: 0.3, Avg: 0.3, Max: 0.3, Diff: 0.0, Sum: 2.7]
      [GC Worker End (ms): Min: 159800.4, Avg: 159800.4, Max: 159800.4, Diff: 0.0]
   [Code Root Fixup: 0.0 ms]
   [Code Root Migration: 0.0 ms]
   [Clear CT: 0.0 ms]
   [Other: 0.1 ms]
      [Choose CSet: 0.0 ms]
      [Ref Proc: 0.1 ms]
      [Ref Enq: 0.0 ms]
      [Free CSet: 0.0 ms]
   [Eden: 0.0B(1024.0K)->0.0B(1024.0K) Survivors: 0.0B->0.0B Heap: 6884.2K(8192.0K)->6884.2K(8192.0K)]
 [Times: user=0.00 sys=0.00, real=0.00 secs] 
159.801: Total time for which application threads were stopped: 0.0005520 seconds, Stopping threads took: 0.0000070 seconds
159.801: Application time: 0.0000170 seconds
159.801: [GC pause (young), 0.0004270 secs]
   [Parallel Time: 0.3 ms, GC Workers: 8]
      [GC Worker Start (ms): Min: 159800.6, Avg: 159800.6, Max: 159800.6, Diff: 0.0]
      [Ext Root Scanning (ms): Min: 0.2, Avg: 0.2, Max: 0.3, Diff: 0.0, Sum: 1.9]
      [SATB Filtering (ms): Min: 0.0, Avg: 0.0, Max: 0.0, Diff: 0.0, Sum: 0.0]
      [Update RS (ms): Min: 0.0, Avg: 0.0, Max: 0.0, Diff: 0.0, Sum: 0.0]
         [Processed Buffers: Min: 0, Avg: 0.1, Max: 1, Diff: 1, Sum: 1]
      [Scan RS (ms): Min: 0.0, Avg: 0.0, Max: 0.0, Diff: 0.0, Sum: 0.0]
      [Code Root Scanning (ms): Min: 0.0, Avg: 0.0, Max: 0.0, Diff: 0.0, Sum: 0.0]
      [Object Copy (ms): Min: 0.0, Avg: 0.0, Max: 0.0, Diff: 0.0, Sum: 0.1]
      [Termination (ms): Min: 0.0, Avg: 0.0, Max: 0.0, Diff: 0.0, Sum: 0.2]
      [GC Worker Other (ms): Min: 0.0, Avg: 0.0, Max: 0.0, Diff: 0.0, Sum: 0.0]
      [GC Worker Total (ms): Min: 0.3, Avg: 0.3, Max: 0.3, Diff: 0.0, Sum: 2.2]
      [GC Worker End (ms): Min: 159800.9, Avg: 159800.9, Max: 159800.9, Diff: 0.0]
   [Code Root Fixup: 0.0 ms]
   [Code Root Migration: 0.0 ms]
   [Clear CT: 0.0 ms]
   [Other: 0.1 ms]
      [Choose CSet: 0.0 ms]
      [Ref Proc: 0.1 ms]
      [Ref Enq: 0.0 ms]
      [Free CSet: 0.0 ms]
   [Eden: 0.0B(1024.0K)->0.0B(1024.0K) Survivors: 0.0B->0.0B Heap: 6884.2K(8192.0K)->6884.2K(8192.0K)]
 [Times: user=0.00 sys=0.00, real=0.00 secs] 
159.801: Total time for which application threads were stopped: 0.0004860 seconds, Stopping threads took: 0.0000050 seconds
159.801: Application time: 0.0000190 seconds
159.801: [GC pause (young), 0.0004370 secs]
   [Parallel Time: 0.3 ms, GC Workers: 8]
      [GC Worker Start (ms): Min: 159801.1, Avg: 159801.1, Max: 159801.1, Diff: 0.0]
      [Ext Root Scanning (ms): Min: 0.2, Avg: 0.2, Max: 0.3, Diff: 0.1, Sum: 1.8]
      [SATB Filtering (ms): Min: 0.0, Avg: 0.0, Max: 0.0, Diff: 0.0, Sum: 0.0]
      [Update RS (ms): Min: 0.0, Avg: 0.0, Max: 0.0, Diff: 0.0, Sum: 0.0]
         [Processed Buffers: Min: 0, Avg: 0.1, Max: 1, Diff: 1, Sum: 1]
      [Scan RS (ms): Min: 0.0, Avg: 0.0, Max: 0.0, Diff: 0.0, Sum: 0.0]
      [Code Root Scanning (ms): Min: 0.0, Avg: 0.0, Max: 0.0, Diff: 0.0, Sum: 0.0]
      [Object Copy (ms): Min: 0.0, Avg: 0.0, Max: 0.0, Diff: 0.0, Sum: 0.1]
      [Termination (ms): Min: 0.0, Avg: 0.0, Max: 0.1, Diff: 0.1, Sum: 0.3]
      [GC Worker Other (ms): Min: 0.0, Avg: 0.0, Max: 0.0, Diff: 0.0, Sum: 0.0]
      [GC Worker Total (ms): Min: 0.3, Avg: 0.3, Max: 0.3, Diff: 0.0, Sum: 2.3]
      [GC Worker End (ms): Min: 159801.4, Avg: 159801.4, Max: 159801.4, Diff: 0.0]
   [Code Root Fixup: 0.0 ms]
   [Code Root Migration: 0.0 ms]
   [Clear CT: 0.0 ms]
   [Other: 0.1 ms]
      [Choose CSet: 0.0 ms]
      [Ref Proc: 0.1 ms]
      [Ref Enq: 0.0 ms]
      [Free CSet: 0.0 ms]
   [Eden: 0.0B(1024.0K)->0.0B(1024.0K) Survivors: 0.0B->0.0B Heap: 6884.2K(8192.0K)->6884.2K(8192.0K)]
 [Times: user=0.01 sys=0.00, real=0.01 secs] 
159.802: Total time for which application threads were stopped: 0.0004990 seconds, Stopping threads took: 0.0000040 seconds
159.802: Application time: 0.0000170 seconds
159.802: [GC pause (young), 0.0007310 secs]
   [Parallel Time: 0.4 ms, GC Workers: 8]
      [GC Worker Start (ms): Min: 159801.6, Avg: 159801.7, Max: 159802.0, Diff: 0.3]
      [Ext Root Scanning (ms): Min: 0.0, Avg: 0.2, Max: 0.2, Diff: 0.2, Sum: 1.7]
      [SATB Filtering (ms): Min: 0.0, Avg: 0.0, Max: 0.0, Diff: 0.0, Sum: 0.0]
      [Update RS (ms): Min: 0.0, Avg: 0.0, Max: 0.0, Diff: 0.0, Sum: 0.0]
         [Processed Buffers: Min: 0, Avg: 0.1, Max: 1, Diff: 1, Sum: 1]
      [Scan RS (ms): Min: 0.0, Avg: 0.0, Max: 0.0, Diff: 0.0, Sum: 0.0]
      [Code Root Scanning (ms): Min: 0.0, Avg: 0.0, Max: 0.0, Diff: 0.0, Sum: 0.0]
      [Object Copy (ms): Min: 0.0, Avg: 0.0, Max: 0.0, Diff: 0.0, Sum: 0.1]
      [Termination (ms): Min: 0.0, Avg: 0.1, Max: 0.1, Diff: 0.1, Sum: 0.6]
      [GC Worker Other (ms): Min: 0.0, Avg: 0.0, Max: 0.0, Diff: 0.0, Sum: 0.0]
      [GC Worker Total (ms): Min: 0.0, Avg: 0.3, Max: 0.4, Diff: 0.4, Sum: 2.4]
      [GC Worker End (ms): Min: 159802.0, Avg: 159802.0, Max: 159802.0, Diff: 0.0]
   [Code Root Fixup: 0.0 ms]
   [Code Root Migration: 0.0 ms]
   [Clear CT: 0.0 ms]
   [Other: 0.3 ms]
      [Choose CSet: 0.0 ms]
      [Ref Proc: 0.3 ms]
      [Ref Enq: 0.0 ms]
      [Free CSet: 0.0 ms]
   [Eden: 0.0B(1024.0K)->0.0B(1024.0K) Survivors: 0.0B->0.0B Heap: 6884.2K(8192.0K)->6884.2K(8192.0K)]
 [Times: user=0.00 sys=0.00, real=0.00 secs] 
159.802: Total time for which application threads were stopped: 0.0007870 seconds, Stopping threads took: 0.0000040 seconds
159.802: Application time: 0.0000130 seconds
159.802: [Full GC 6884K->5614K(8192K), 0.0053060 secs]
   [Eden: 0.0B(1024.0K)->0.0B(1024.0K) Survivors: 0.0B->0.0B Heap: 6884.2K(8192.0K)->5614.9K(8192.0K)], [Perm: 5166K->5166K(20480K)]
 [Times: user=0.01 sys=0.00, real=0.00 secs] 
159.808: Total time for which application threads were stopped: 0.0053640 seconds, Stopping threads took: 0.0000030 seconds
159.808: Application time: 0.0000600 seconds
159.808: [GC remark, 0.0000080 secs]
 [Times: user=0.00 sys=0.00, real=0.00 secs] 
159.808: Total time for which application threads were stopped: 0.0000700 seconds, Stopping threads took: 0.0000420 seconds
159.808: [GC concurrent-mark-abort]
160.965: Application time: 1.1566510 seconds
161.020: [GC pause (young), 0.0014130 secs]
   [Parallel Time: 1.0 ms, GC Workers: 8]
      [GC Worker Start (ms): Min: 161020.3, Avg: 161020.3, Max: 161020.4, Diff: 0.1]
      [Ext Root Scanning (ms): Min: 0.7, Avg: 0.7, Max: 0.8, Diff: 0.1, Sum: 5.6]
      [Update RS (ms): Min: 0.0, Avg: 0.0, Max: 0.0, Diff: 0.0, Sum: 0.1]
         [Processed Buffers: Min: 0, Avg: 1.0, Max: 3, Diff: 3, Sum: 8]
      [Scan RS (ms): Min: 0.0, Avg: 0.0, Max: 0.0, Diff: 0.0, Sum: 0.0]
      [Code Root Scanning (ms): Min: 0.0, Avg: 0.0, Max: 0.0, Diff: 0.0, Sum: 0.0]
      [Object Copy (ms): Min: 0.1, Avg: 0.1, Max: 0.1, Diff: 0.1, Sum: 0.7]
      [Termination (ms): Min: 0.0, Avg: 0.0, Max: 0.0, Diff: 0.0, Sum: 0.1]
      [GC Worker Other (ms): Min: 0.0, Avg: 0.0, Max: 0.0, Diff: 0.0, Sum: 0.1]
      [GC Worker Total (ms): Min: 0.8, Avg: 0.8, Max: 0.9, Diff: 0.1, Sum: 6.6]
      [GC Worker End (ms): Min: 161021.2, Avg: 161021.2, Max: 161021.2, Diff: 0.0]
   [Code Root Fixup: 0.0 ms]
   [Code Root Migration: 0.0 ms]
   [Clear CT: 0.3 ms]
   [Other: 0.1 ms]
      [Choose CSet: 0.0 ms]
      [Ref Proc: 0.1 ms]
      [Ref Enq: 0.0 ms]
      [Free CSet: 0.0 ms]
   [Eden: 1024.0K(1024.0K)->0.0B(1024.0K) Survivors: 0.0B->1024.0K Heap: 6638.9K(8192.0K)->5839.4K(8192.0K)]
 [Times: user=0.01 sys=0.00, real=0.01 secs] 
161.022: Total time for which application threads were stopped: 0.0571700 seconds, Stopping threads took: 0.0556150 seconds
162.402: Application time: 1.3800680 seconds
162.456: [GC pause (young) (initial-mark) (to-space exhausted), 0.0010500 secs]
   [Parallel Time: 0.7 ms, GC Workers: 8]
      [GC Worker Start (ms): Min: 162456.0, Avg: 162456.0, Max: 162456.0, Diff: 0.1]
      [Ext Root Scanning (ms): Min: 0.3, Avg: 0.4, Max: 0.5, Diff: 0.1, Sum: 3.1]
      [Code Root Marking (ms): Min: 0.0, Avg: 0.0, Max: 0.0, Diff: 0.0, Sum: 0.0]
      [Update RS (ms): Min: 0.0, Avg: 0.0, Max: 0.0, Diff: 0.0, Sum: 0.1]
         [Processed Buffers: Min: 0, Avg: 1.0, Max: 3, Diff: 3, Sum: 8]
      [Scan RS (ms): Min: 0.0, Avg: 0.0, Max: 0.0, Diff: 0.0, Sum: 0.0]
      [Code Root Scanning (ms): Min: 0.0, Avg: 0.0, Max: 0.0, Diff: 0.0, Sum: 0.0]
      [Object Copy (ms): Min: 0.1, Avg: 0.2, Max: 0.2, Diff: 0.1, Sum: 1.4]
      [Termination (ms): Min: 0.0, Avg: 0.0, Max: 0.1, Diff: 0.1, Sum: 0.3]
      [GC Worker Other (ms): Min: 0.0, Avg: 0.0, Max: 0.0, Diff: 0.0, Sum: 0.0]
      [GC Worker Total (ms): Min: 0.6, Avg: 0.6, Max: 0.7, Diff: 0.1, Sum: 5.0]
      [GC Worker End (ms): Min: 162456.6, Avg: 162456.6, Max: 162456.7, Diff: 0.0]
   [Code Root Fixup: 0.0 ms]
   [Code Root Migration: 0.0 ms]
   [Clear CT: 0.1 ms]
   [Other: 0.3 ms]
      [Choose CSet: 0.0 ms]
      [Ref Proc: 0.1 ms]
      [Ref Enq: 0.0 ms]
      [Free CSet: 0.0 ms]
   [Eden: 1024.0K(1024.0K)->0.0B(1024.0K) Survivors: 1024.0K->0.0B Heap: 6863.4K(8192.0K)->6863.4K(8192.0K)]
 [Times: user=0.01 sys=0.00, real=0.00 secs] 
162.457: [GC concurrent-root-region-scan-start]
162.457: [GC concurrent-root-region-scan-end, 0.0000050 secs]
162.457: 162.457: [GC concurrent-mark-start]
Total time for which application threads were stopped: 0.0552740 seconds, Stopping threads took: 0.0541180 seconds
162.458: [GC concurrent-mark-end, 0.0008430 secs]
162.458: Application time: 0.0008730 seconds
162.458: [GC pause (young), 0.0005070 secs]
   [Parallel Time: 0.4 ms, GC Workers: 8]
      [GC Worker Start (ms): Min: 162458.0, Avg: 162458.0, Max: 162458.0, Diff: 0.0]
      [Ext Root Scanning (ms): Min: 0.2, Avg: 0.3, Max: 0.3, Diff: 0.1, Sum: 2.2]
      [SATB Filtering (ms): Min: 0.0, Avg: 0.0, Max: 0.0, Diff: 0.0, Sum: 0.0]
      [Update RS (ms): Min: 0.0, Avg: 0.0, Max: 0.0, Diff: 0.0, Sum: 0.1]
         [Processed Buffers: Min: 0, Avg: 1.8, Max: 5, Diff: 5, Sum: 14]
      [Scan RS (ms): Min: 0.0, Avg: 0.0, Max: 0.0, Diff: 0.0, Sum: 0.0]
      [Code Root Scanning (ms): Min: 0.0, Avg: 0.0, Max: 0.0, Diff: 0.0, Sum: 0.0]
      [Object Copy (ms): Min: 0.0, Avg: 0.0, Max: 0.0, Diff: 0.0, Sum: 0.1]
      [Termination (ms): Min: 0.0, Avg: 0.0, Max: 0.0, Diff: 0.0, Sum: 0.2]
      [GC Worker Other (ms): Min: 0.0, Avg: 0.0, Max: 0.0, Diff: 0.0, Sum: 0.0]
      [GC Worker Total (ms): Min: 0.3, Avg: 0.3, Max: 0.3, Diff: 0.0, Sum: 2.7]
      [GC Worker End (ms): Min: 162458.3, Avg: 162458.3, Max: 162458.3, Diff: 0.0]
   [Code Root Fixup: 0.0 ms]
   [Code Root Migration: 0.0 ms]
   [Clear CT: 0.1 ms]
   [Other: 0.1 ms]
      [Choose CSet: 0.0 ms]
      [Ref Proc: 0.1 ms]
      [Ref Enq: 0.0 ms]
      [Free CSet: 0.0 ms]
   [Eden: 0.0B(1024.0K)->0.0B(1024.0K) Survivors: 0.0B->0.0B Heap: 6863.4K(8192.0K)->6863.4K(8192.0K)]
 [Times: user=0.00 sys=0.00, real=0.00 secs] 
162.459: Total time for which application threads were stopped: 0.0005800 seconds, Stopping threads took: 0.0000070 seconds
162.459: Application time: 0.0000230 seconds
162.459: [GC remark 162.459: [GC ref-proc, 0.0005010 secs], 0.0008780 secs]
 [Times: user=0.01 sys=0.00, real=0.00 secs] 
162.459: Total time for which application threads were stopped: 0.0009030 seconds, Stopping threads took: 0.0000060 seconds
162.459: Application time: 0.0000170 seconds
162.459: [GC pause (young), 0.0004510 secs]
   [Parallel Time: 0.3 ms, GC Workers: 8]
      [GC Worker Start (ms): Min: 162459.5, Avg: 162459.5, Max: 162459.5, Diff: 0.0]
      [Ext Root Scanning (ms): Min: 0.2, Avg: 0.2, Max: 0.3, Diff: 0.0, Sum: 1.9]
      [Update RS (ms): Min: 0.0, Avg: 0.0, Max: 0.0, Diff: 0.0, Sum: 0.0]
         [Processed Buffers: Min: 0, Avg: 0.1, Max: 1, Diff: 1, Sum: 1]
      [Scan RS (ms): Min: 0.0, Avg: 0.0, Max: 0.0, Diff: 0.0, Sum: 0.0]
      [Code Root Scanning (ms): Min: 0.0, Avg: 0.0, Max: 0.0, Diff: 0.0, Sum: 0.0]
      [Object Copy (ms): Min: 0.0, Avg: 0.0, Max: 0.0, Diff: 0.0, Sum: 0.1]
      [Termination (ms): Min: 0.0, Avg: 0.0, Max: 0.1, Diff: 0.1, Sum: 0.3]
      [GC Worker Other (ms): Min: -0.0, Avg: 0.0, Max: 0.0, Diff: 0.0, Sum: 0.0]
      [GC Worker Total (ms): Min: 0.3, Avg: 0.3, Max: 0.3, Diff: 0.0, Sum: 2.4]
      [GC Worker End (ms): Min: 162459.8, Avg: 162459.8, Max: 162459.8, Diff: 0.0]
   [Code Root Fixup: 0.0 ms]
   [Code Root Migration: 0.0 ms]
   [Clear CT: 0.0 ms]
   [Other: 0.1 ms]
      [Choose CSet: 0.0 ms]
      [Ref Proc: 0.1 ms]
      [Ref Enq: 0.0 ms]
      [Free CSet: 0.0 ms]
   [Eden: 0.0B(1024.0K)->0.0B(1024.0K) Survivors: 0.0B->0.0B Heap: 6863.4K(8192.0K)->6863.4K(8192.0K)]
 [Times: user=0.00 sys=0.00, real=0.00 secs] 
162.460: Total time for which application threads were stopped: 0.0005130 seconds, Stopping threads took: 0.0000050 seconds
162.460: Application time: 0.0000170 seconds
162.460: [GC pause (young), 0.0004690 secs]
   [Parallel Time: 0.4 ms, GC Workers: 8]
      [GC Worker Start (ms): Min: 162460.0, Avg: 162460.1, Max: 162460.3, Diff: 0.3]
      [Ext Root Scanning (ms): Min: 0.0, Avg: 0.2, Max: 0.3, Diff: 0.3, Sum: 1.7]
      [Update RS (ms): Min: 0.0, Avg: 0.0, Max: 0.0, Diff: 0.0, Sum: 0.0]
         [Processed Buffers: Min: 0, Avg: 0.1, Max: 1, Diff: 1, Sum: 1]
      [Scan RS (ms): Min: 0.0, Avg: 0.0, Max: 0.0, Diff: 0.0, Sum: 0.0]
      [Code Root Scanning (ms): Min: 0.0, Avg: 0.0, Max: 0.0, Diff: 0.0, Sum: 0.0]
      [Object Copy (ms): Min: 0.0, Avg: 0.0, Max: 0.0, Diff: 0.0, Sum: 0.1]
      [Termination (ms): Min: 0.0, Avg: 0.1, Max: 0.1, Diff: 0.1, Sum: 0.4]
      [GC Worker Other (ms): Min: 0.0, Avg: 0.0, Max: 0.0, Diff: 0.0, Sum: 0.0]
      [GC Worker Total (ms): Min: 0.0, Avg: 0.3, Max: 0.3, Diff: 0.3, Sum: 2.3]
      [GC Worker End (ms): Min: 162460.3, Avg: 162460.4, Max: 162460.4, Diff: 0.0]
   [Code Root Fixup: 0.0 ms]
   [Code Root Migration: 0.0 ms]
   [Clear CT: 0.0 ms]
   [Other: 0.1 ms]
      [Choose CSet: 0.0 ms]
      [Ref Proc: 0.1 ms]
      [Ref Enq: 0.0 ms]
      [Free CSet: 0.0 ms]
   [Eden: 0.0B(1024.0K)->0.0B(1024.0K) Survivors: 0.0B->0.0B Heap: 6863.4K(8192.0K)->6863.4K(8192.0K)]
 [Times: user=0.00 sys=0.00, real=0.00 secs] 
162.461: Total time for which application threads were stopped: 0.0005240 seconds, Stopping threads took: 0.0000040 seconds
162.461: Application time: 0.0000140 seconds
162.461: [GC pause (young), 0.0004350 secs]
   [Parallel Time: 0.3 ms, GC Workers: 8]
      [GC Worker Start (ms): Min: 162460.6, Avg: 162460.6, Max: 162460.6, Diff: 0.0]
      [Ext Root Scanning (ms): Min: 0.2, Avg: 0.2, Max: 0.3, Diff: 0.1, Sum: 1.8]
      [Update RS (ms): Min: 0.0, Avg: 0.0, Max: 0.0, Diff: 0.0, Sum: 0.0]
         [Processed Buffers: Min: 0, Avg: 0.1, Max: 1, Diff: 1, Sum: 1]
      [Scan RS (ms): Min: 0.0, Avg: 0.0, Max: 0.0, Diff: 0.0, Sum: 0.0]
      [Code Root Scanning (ms): Min: 0.0, Avg: 0.0, Max: 0.0, Diff: 0.0, Sum: 0.0]
      [Object Copy (ms): Min: 0.0, Avg: 0.0, Max: 0.0, Diff: 0.0, Sum: 0.1]
      [Termination (ms): Min: 0.0, Avg: 0.0, Max: 0.1, Diff: 0.1, Sum: 0.3]
      [GC Worker Other (ms): Min: 0.0, Avg: 0.0, Max: 0.0, Diff: 0.0, Sum: 0.0]
      [GC Worker Total (ms): Min: 0.3, Avg: 0.3, Max: 0.3, Diff: 0.0, Sum: 2.3]
      [GC Worker End (ms): Min: 162460.8, Avg: 162460.8, Max: 162460.9, Diff: 0.0]
   [Code Root Fixup: 0.0 ms]
   [Code Root Migration: 0.0 ms]
   [Clear CT: 0.0 ms]
   [Other: 0.1 ms]
      [Choose CSet: 0.0 ms]
      [Ref Proc: 0.1 ms]
      [Ref Enq: 0.0 ms]
      [Free CSet: 0.0 ms]
   [Eden: 0.0B(1024.0K)->0.0B(1024.0K) Survivors: 0.0B->0.0B Heap: 6863.4K(8192.0K)->6863.4K(8192.0K)]
 [Times: user=0.00 sys=0.00, real=0.00 secs] 
162.461: Total time for which application threads were stopped: 0.0004910 seconds, Stopping threads took: 0.0000030 seconds
162.461: Application time: 0.0000140 seconds
162.461: [Full GC 6863K->5640K(8192K), 0.0055730 secs]
   [Eden: 0.0B(1024.0K)->0.0B(1024.0K) Survivors: 0.0B->0.0B Heap: 6863.4K(8192.0K)->5640.8K(8192.0K)], [Perm: 5166K->5166K(20480K)]
 [Times: user=0.01 sys=0.00, real=0.01 secs] 
162.467: Total time for which application threads were stopped: 0.0056320 seconds, Stopping threads took: 0.0000030 seconds
162.467: Application time: 0.0000290 seconds
162.467: [GC cleanup, 0.0000030 secs]
 [Times: user=0.00 sys=0.00, real=0.00 secs] 
162.467: Total time for which application threads were stopped: 0.0000390 seconds, Stopping threads took: 0.0000240 seconds
162.467: [GC concurrent-mark-abort]
163.577: Application time: 1.1103570 seconds
163.622: [GC pause (young), 0.0016530 secs]
   [Parallel Time: 0.9 ms, GC Workers: 8]
      [GC Worker Start (ms): Min: 163622.1, Avg: 163622.2, Max: 163622.3, Diff: 0.1]
      [Ext Root Scanning (ms): Min: 0.6, Avg: 0.7, Max: 0.8, Diff: 0.1, Sum: 5.6]
      [Update RS (ms): Min: 0.0, Avg: 0.0, Max: 0.0, Diff: 0.0, Sum: 0.1]
         [Processed Buffers: Min: 0, Avg: 1.0, Max: 3, Diff: 3, Sum: 8]
      [Scan RS (ms): Min: 0.0, Avg: 0.0, Max: 0.0, Diff: 0.0, Sum: 0.0]
      [Code Root Scanning (ms): Min: 0.0, Avg: 0.0, Max: 0.0, Diff: 0.0, Sum: 0.0]
      [Object Copy (ms): Min: 0.1, Avg: 0.1, Max: 0.1, Diff: 0.0, Sum: 0.7]
      [Termination (ms): Min: 0.0, Avg: 0.0, Max: 0.0, Diff: 0.0, Sum: 0.1]
      [GC Worker Other (ms): Min: 0.0, Avg: 0.0, Max: 0.0, Diff: 0.0, Sum: 0.1]
      [GC Worker Total (ms): Min: 0.8, Avg: 0.8, Max: 0.9, Diff: 0.1, Sum: 6.5]
      [GC Worker End (ms): Min: 163623.0, Avg: 163623.0, Max: 163623.0, Diff: 0.0]
   [Code Root Fixup: 0.0 ms]
   [Code Root Migration: 0.0 ms]
   [Clear CT: 0.4 ms]
   [Other: 0.3 ms]
      [Choose CSet: 0.0 ms]
      [Ref Proc: 0.3 ms]
      [Ref Enq: 0.0 ms]
      [Free CSet: 0.0 ms]
   [Eden: 1024.0K(1024.0K)->0.0B(1024.0K) Survivors: 0.0B->1024.0K Heap: 6664.8K(8192.0K)->5851.2K(8192.0K)]
 [Times: user=0.01 sys=0.00, real=0.00 secs] 
163.624: Total time for which application threads were stopped: 0.0467310 seconds, Stopping threads took: 0.0449580 seconds
164.831: Application time: 1.2072160 seconds
164.875: [GC pause (young) (initial-mark) (to-space exhausted), 0.0019600 secs]
   [Parallel Time: 0.9 ms, GC Workers: 8]
      [GC Worker Start (ms): Min: 164874.6, Avg: 164874.7, Max: 164874.7, Diff: 0.1]
      [Ext Root Scanning (ms): Min: 0.4, Avg: 0.4, Max: 0.4, Diff: 0.1, Sum: 3.2]
      [Code Root Marking (ms): Min: 0.0, Avg: 0.0, Max: 0.0, Diff: 0.0, Sum: 0.0]
      [Update RS (ms): Min: 0.0, Avg: 0.0, Max: 0.0, Diff: 0.0, Sum: 0.1]
         [Processed Buffers: Min: 0, Avg: 1.0, Max: 3, Diff: 3, Sum: 8]
      [Scan RS (ms): Min: 0.0, Avg: 0.0, Max: 0.0, Diff: 0.0, Sum: 0.0]
      [Code Root Scanning (ms): Min: 0.0, Avg: 0.0, Max: 0.0, Diff: 0.0, Sum: 0.0]
      [Object Copy (ms): Min: 0.2, Avg: 0.2, Max: 0.2, Diff: 0.1, Sum: 1.6]
      [Termination (ms): Min: 0.0, Avg: 0.0, Max: 0.1, Diff: 0.1, Sum: 0.3]
      [GC Worker Other (ms): Min: 0.0, Avg: 0.0, Max: 0.0, Diff: 0.0, Sum: 0.0]
      [GC Worker Total (ms): Min: 0.6, Avg: 0.6, Max: 0.7, Diff: 0.1, Sum: 5.2]
      [GC Worker End (ms): Min: 164875.3, Avg: 164875.3, Max: 164875.3, Diff: 0.0]
   [Code Root Fixup: 0.0 ms]
   [Code Root Migration: 0.0 ms]
   [Clear CT: 0.5 ms]
   [Other: 0.6 ms]
      [Choose CSet: 0.0 ms]
      [Ref Proc: 0.3 ms]
      [Ref Enq: 0.0 ms]
      [Free CSet: 0.0 ms]
   [Eden: 1024.0K(1024.0K)->0.0B(1024.0K) Survivors: 1024.0K->0.0B Heap: 6875.2K(8192.0K)->6875.2K(8192.0K)]
 [Times: user=0.01 sys=0.00, real=0.00 secs] 
164.877: Total time for which application threads were stopped: 0.0455600 seconds, Stopping threads took: 0.0434810 seconds
164.877: [GC concurrent-root-region-scan-start]
164.877: [GC concurrent-root-region-scan-end, 0.0000040 secs]
164.877: [GC concurrent-mark-start]
164.877: Application time: 0.0000490 seconds
164.877: [GC pause (young), 0.0005640 secs]
   [Parallel Time: 0.4 ms, GC Workers: 8]
      [GC Worker Start (ms): Min: 164876.7, Avg: 164876.7, Max: 164876.7, Diff: 0.0]
      [Ext Root Scanning (ms): Min: 0.2, Avg: 0.3, Max: 0.3, Diff: 0.1, Sum: 2.2]
      [SATB Filtering (ms): Min: 0.0, Avg: 0.0, Max: 0.0, Diff: 0.0, Sum: 0.0]
      [Update RS (ms): Min: 0.0, Avg: 0.0, Max: 0.0, Diff: 0.0, Sum: 0.1]
         [Processed Buffers: Min: 0, Avg: 1.8, Max: 7, Diff: 7, Sum: 14]
      [Scan RS (ms): Min: 0.0, Avg: 0.0, Max: 0.0, Diff: 0.0, Sum: 0.0]
      [Code Root Scanning (ms): Min: 0.0, Avg: 0.0, Max: 0.0, Diff: 0.0, Sum: 0.0]
      [Object Copy (ms): Min: 0.0, Avg: 0.0, Max: 0.0, Diff: 0.0, Sum: 0.1]
      [Termination (ms): Min: 0.0, Avg: 0.0, Max: 0.1, Diff: 0.1, Sum: 0.4]
      [GC Worker Other (ms): Min: 0.0, Avg: 0.0, Max: 0.0, Diff: 0.0, Sum: 0.0]
      [GC Worker Total (ms): Min: 0.3, Avg: 0.3, Max: 0.4, Diff: 0.0, Sum: 2.8]
      [GC Worker End (ms): Min: 164877.1, Avg: 164877.1, Max: 164877.1, Diff: 0.0]
   [Code Root Fixup: 0.0 ms]
   [Code Root Migration: 0.0 ms]
   [Clear CT: 0.0 ms]
   [Other: 0.1 ms]
      [Choose CSet: 0.0 ms]
      [Ref Proc: 0.1 ms]
      [Ref Enq: 0.0 ms]
      [Free CSet: 0.0 ms]
   [Eden: 0.0B(1024.0K)->0.0B(1024.0K) Survivors: 0.0B->0.0B Heap: 6875.2K(8192.0K)->6875.2K(8192.0K)]
 [Times: user=0.00 sys=0.00, real=0.00 secs] 
164.877: Total time for which application threads were stopped: 0.0006520 seconds, Stopping threads took: 0.0000210 seconds
164.877: Application time: 0.0000330 seconds
164.877: [GC pause (young), 0.0004550 secs]
   [Parallel Time: 0.3 ms, GC Workers: 8]
      [GC Worker Start (ms): Min: 164877.4, Avg: 164877.4, Max: 164877.4, Diff: 0.0]
      [Ext Root Scanning (ms): Min: 0.2, Avg: 0.2, Max: 0.3, Diff: 0.1, Sum: 1.9]
      [Update RS (ms): Min: 0.0, Avg: 0.0, Max: 0.0, Diff: 0.0, Sum: 0.0]
         [Processed Buffers: Min: 0, Avg: 0.1, Max: 1, Diff: 1, Sum: 1]
      [Scan RS (ms): Min: 0.0, Avg: 0.0, Max: 0.0, Diff: 0.0, Sum: 0.0]
      [Code Root Scanning (ms): Min: 0.0, Avg: 0.0, Max: 0.0, Diff: 0.0, Sum: 0.0]
      [Object Copy (ms): Min: 0.0, Avg: 0.0, Max: 0.0, Diff: 0.0, Sum: 0.1]
      [Termination (ms): Min: 0.0, Avg: 0.0, Max: 0.1, Diff: 0.1, Sum: 0.3]
      [GC Worker Other (ms): Min: 0.0, Avg: 0.0, Max: 0.0, Diff: 0.0, Sum: 0.0]
      [GC Worker Total (ms): Min: 0.3, Avg: 0.3, Max: 0.3, Diff: 0.0, Sum: 2.4]
      [GC Worker End (ms): Min: 164877.7, Avg: 164877.7, Max: 164877.7, Diff: 0.0]
   [Code Root Fixup: 0.0 ms]
   [Code Root Migration: 0.0 ms]
   [Clear CT: 0.0 ms]
   [Other: 0.1 ms]
      [Choose CSet: 0.0 ms]
      [Ref Proc: 0.0 ms]
      [Ref Enq: 0.0 ms]
      [Free CSet: 0.0 ms]
   [Eden: 0.0B(1024.0K)->0.0B(1024.0K) Survivors: 0.0B->0.0B Heap: 6875.2K(8192.0K)->6875.2K(8192.0K)]
 [Times: user=0.01 sys=0.00, real=0.00 secs] 
164.878: Total time for which application threads were stopped: 0.0005300 seconds, Stopping threads took: 0.0000150 seconds
164.878: Application time: 0.0000390 seconds
164.878: [GC pause (young), 0.0004370 secs]
   [Parallel Time: 0.3 ms, GC Workers: 8]
      [GC Worker Start (ms): Min: 164877.9, Avg: 164878.0, Max: 164878.0, Diff: 0.0]
      [Ext Root Scanning (ms): Min: 0.2, Avg: 0.2, Max: 0.3, Diff: 0.1, Sum: 1.9]
      [Update RS (ms): Min: 0.0, Avg: 0.0, Max: 0.0, Diff: 0.0, Sum: 0.0]
         [Processed Buffers: Min: 0, Avg: 0.1, Max: 1, Diff: 1, Sum: 1]
      [Scan RS (ms): Min: 0.0, Avg: 0.0, Max: 0.0, Diff: 0.0, Sum: 0.0]
      [Code Root Scanning (ms): Min: 0.0, Avg: 0.0, Max: 0.0, Diff: 0.0, Sum: 0.0]
      [Object Copy (ms): Min: 0.0, Avg: 0.0, Max: 0.0, Diff: 0.0, Sum: 0.1]
      [Termination (ms): Min: 0.0, Avg: 0.0, Max: 0.1, Diff: 0.1, Sum: 0.3]
      [GC Worker Other (ms): Min: 0.0, Avg: 0.0, Max: 0.0, Diff: 0.0, Sum: 0.0]
      [GC Worker Total (ms): Min: 0.3, Avg: 0.3, Max: 0.3, Diff: 0.0, Sum: 2.3]
      [GC Worker End (ms): Min: 164878.2, Avg: 164878.2, Max: 164878.3, Diff: 0.0]
   [Code Root Fixup: 0.0 ms]
   [Code Root Migration: 0.0 ms]
   [Clear CT: 0.0 ms]
   [Other: 0.1 ms]
      [Choose CSet: 0.0 ms]
      [Ref Proc: 0.1 ms]
      [Ref Enq: 0.0 ms]
      [Free CSet: 0.0 ms]
   [Eden: 0.0B(1024.0K)->0.0B(1024.0K) Survivors: 0.0B->0.0B Heap: 6875.2K(8192.0K)->6875.2K(8192.0K)]
 [Times: user=0.00 sys=0.00, real=0.00 secs] 
164.878: Total time for which application threads were stopped: 0.0005020 seconds, Stopping threads took: 0.0000130 seconds
164.878: Application time: 0.0000260 seconds
164.878: [GC pause (young), 0.0005260 secs]
   [Parallel Time: 0.4 ms, GC Workers: 8]
      [GC Worker Start (ms): Min: 164878.5, Avg: 164878.5, Max: 164878.8, Diff: 0.3]
      [Ext Root Scanning (ms): Min: 0.0, Avg: 0.2, Max: 0.3, Diff: 0.3, Sum: 1.7]
      [SATB Filtering (ms): Min: 0.0, Avg: 0.0, Max: 0.0, Diff: 0.0, Sum: 0.0]
      [Update RS (ms): Min: 0.0, Avg: 0.0, Max: 0.0, Diff: 0.0, Sum: 0.0]
         [Processed Buffers: Min: 0, Avg: 0.1, Max: 1, Diff: 1, Sum: 1]
      [Scan RS (ms): Min: 0.0, Avg: 0.0, Max: 0.0, Diff: 0.0, Sum: 0.0]
      [Code Root Scanning (ms): Min: 0.0, Avg: 0.0, Max: 0.0, Diff: 0.0, Sum: 0.0]
      [Object Copy (ms): Min: 0.0, Avg: 0.0, Max: 0.0, Diff: 0.0, Sum: 0.1]
      [Termination (ms): Min: 0.0, Avg: 0.1, Max: 0.1, Diff: 0.1, Sum: 0.4]
      [GC Worker Other (ms): Min: 0.0, Avg: 0.0, Max: 0.0, Diff: 0.0, Sum: 0.0]
      [GC Worker Total (ms): Min: 0.0, Avg: 0.3, Max: 0.3, Diff: 0.3, Sum: 2.2]
      [GC Worker End (ms): Min: 164878.8, Avg: 164878.8, Max: 164878.8, Diff: 0.0]
   [Code Root Fixup: 0.0 ms]
   [Code Root Migration: 0.0 ms]
   [Clear CT: 0.0 ms]
   [Other: 0.1 ms]
      [Choose CSet: 0.0 ms]
      [Ref Proc: 0.1 ms]
      [Ref Enq: 0.0 ms]
      [Free CSet: 0.0 ms]
   [Eden: 0.0B(1024.0K)->0.0B(1024.0K) Survivors: 0.0B->0.0B Heap: 6875.2K(8192.0K)->6875.2K(8192.0K)]
 [Times: user=0.00 sys=0.00, real=0.00 secs] 
164.879: Total time for which application threads were stopped: 0.0005890 seconds, Stopping threads took: 0.0000150 seconds
164.879: Application time: 0.0000430 seconds
164.933: [GC pause (young), 0.0005260 secs]
   [Parallel Time: 0.4 ms, GC Workers: 8]
      [GC Worker Start (ms): Min: 164933.2, Avg: 164933.2, Max: 164933.3, Diff: 0.0]
      [Ext Root Scanning (ms): Min: 0.2, Avg: 0.3, Max: 0.3, Diff: 0.0, Sum: 2.0]
      [SATB Filtering (ms): Min: 0.0, Avg: 0.0, Max: 0.0, Diff: 0.0, Sum: 0.0]
      [Update RS (ms): Min: 0.0, Avg: 0.0, Max: 0.0, Diff: 0.0, Sum: 0.0]
         [Processed Buffers: Min: 0, Avg: 0.1, Max: 1, Diff: 1, Sum: 1]
      [Scan RS (ms): Min: 0.0, Avg: 0.0, Max: 0.0, Diff: 0.0, Sum: 0.0]
      [Code Root Scanning (ms): Min: 0.0, Avg: 0.0, Max: 0.0, Diff: 0.0, Sum: 0.0]
      [Object Copy (ms): Min: 0.0, Avg: 0.0, Max: 0.0, Diff: 0.0, Sum: 0.1]
      [Termination (ms): Min: 0.0, Avg: 0.0, Max: 0.1, Diff: 0.1, Sum: 0.3]
      [GC Worker Other (ms): Min: -0.0, Avg: 0.0, Max: 0.0, Diff: 0.0, Sum: 0.0]
      [GC Worker Total (ms): Min: 0.3, Avg: 0.3, Max: 0.3, Diff: 0.0, Sum: 2.5]
      [GC Worker End (ms): Min: 164933.5, Avg: 164933.6, Max: 164933.6, Diff: 0.0]
   [Code Root Fixup: 0.0 ms]
   [Code Root Migration: 0.0 ms]
   [Clear CT: 0.1 ms]
   [Other: 0.1 ms]
      [Choose CSet: 0.0 ms]
      [Ref Proc: 0.1 ms]
      [Ref Enq: 0.0 ms]
      [Free CSet: 0.0 ms]
   [Eden: 0.0B(1024.0K)->0.0B(1024.0K) Survivors: 0.0B->0.0B Heap: 6875.2K(8192.0K)->6875.2K(8192.0K)]
 [Times: user=0.00 sys=0.00, real=0.00 secs] 
164.934: Total time for which application threads were stopped: 0.0546980 seconds, Stopping threads took: 0.0541100 seconds
164.934: Application time: 0.0000450 seconds
164.934: [Full GC 6875K->5634K(8192K), 0.0057600 secs]
   [Eden: 0.0B(1024.0K)->0.0B(1024.0K) Survivors: 0.0B->0.0B Heap: 6875.2K(8192.0K)->5634.1K(8192.0K)], [Perm: 5166K->5166K(20480K)]
 [Times: user=0.01 sys=0.00, real=0.00 secs] 
164.940: Total time for which application threads were stopped: 0.0058180 seconds, Stopping threads took: 0.0000040 seconds
164.940: [GC concurrent-mark-abort]
166.264: Application time: 1.3243540 seconds
166.318: [GC pause (young), 0.0019940 secs]
   [Parallel Time: 1.1 ms, GC Workers: 8]
      [GC Worker Start (ms): Min: 166318.4, Avg: 166318.4, Max: 166318.5, Diff: 0.1]
      [Ext Root Scanning (ms): Min: 0.7, Avg: 0.7, Max: 0.7, Diff: 0.1, Sum: 5.6]
      [Update RS (ms): Min: 0.0, Avg: 0.0, Max: 0.0, Diff: 0.0, Sum: 0.1]
         [Processed Buffers: Min: 0, Avg: 1.0, Max: 3, Diff: 3, Sum: 8]
      [Scan RS (ms): Min: 0.0, Avg: 0.0, Max: 0.0, Diff: 0.0, Sum: 0.0]
      [Code Root Scanning (ms): Min: 0.0, Avg: 0.0, Max: 0.0, Diff: 0.0, Sum: 0.0]
      [Object Copy (ms): Min: 0.1, Avg: 0.1, Max: 0.1, Diff: 0.0, Sum: 0.7]
      [Termination (ms): Min: 0.0, Avg: 0.0, Max: 0.0, Diff: 0.0, Sum: 0.2]
      [GC Worker Other (ms): Min: 0.0, Avg: 0.0, Max: 0.0, Diff: 0.0, Sum: 0.1]
      [GC Worker Total (ms): Min: 0.8, Avg: 0.8, Max: 0.9, Diff: 0.1, Sum: 6.6]
      [GC Worker End (ms): Min: 166319.2, Avg: 166319.3, Max: 166319.3, Diff: 0.0]
   [Code Root Fixup: 0.0 ms]
   [Code Root Migration: 0.0 ms]
   [Clear CT: 0.5 ms]
   [Other: 0.3 ms]
      [Choose CSet: 0.0 ms]
      [Ref Proc: 0.3 ms]
      [Ref Enq: 0.0 ms]
      [Free CSet: 0.0 ms]
   [Eden: 1024.0K(1024.0K)->0.0B(1024.0K) Survivors: 0.0B->1024.0K Heap: 6658.1K(8192.0K)->5848.5K(8192.0K)]
 [Times: user=0.01 sys=0.00, real=0.00 secs] 
166.320: Total time for which application threads were stopped: 0.0563950 seconds, Stopping threads took: 0.0542720 seconds
167.477: Application time: 1.1566890 seconds
167.530: [GC pause (young) (initial-mark) (to-space exhausted), 0.0015020 secs]
   [Parallel Time: 0.9 ms, GC Workers: 8]
      [GC Worker Start (ms): Min: 167530.4, Avg: 167530.4, Max: 167530.5, Diff: 0.1]
      [Ext Root Scanning (ms): Min: 0.4, Avg: 0.4, Max: 0.5, Diff: 0.1, Sum: 3.1]
      [Code Root Marking (ms): Min: 0.0, Avg: 0.0, Max: 0.0, Diff: 0.0, Sum: 0.0]
      [Update RS (ms): Min: 0.0, Avg: 0.0, Max: 0.0, Diff: 0.0, Sum: 0.1]
         [Processed Buffers: Min: 0, Avg: 0.9, Max: 2, Diff: 2, Sum: 7]
      [Scan RS (ms): Min: 0.0, Avg: 0.0, Max: 0.0, Diff: 0.0, Sum: 0.0]
      [Code Root Scanning (ms): Min: 0.0, Avg: 0.0, Max: 0.0, Diff: 0.0, Sum: 0.0]
      [Object Copy (ms): Min: 0.1, Avg: 0.1, Max: 0.2, Diff: 0.1, Sum: 1.2]
      [Termination (ms): Min: 0.0, Avg: 0.0, Max: 0.1, Diff: 0.1, Sum: 0.2]
      [GC Worker Other (ms): Min: 0.0, Avg: 0.0, Max: 0.0, Diff: 0.0, Sum: 0.0]
      [GC Worker Total (ms): Min: 0.6, Avg: 0.6, Max: 0.6, Diff: 0.1, Sum: 4.7]
      [GC Worker End (ms): Min: 167531.0, Avg: 167531.0, Max: 167531.0, Diff: 0.0]
   [Code Root Fixup: 0.0 ms]
   [Code Root Migration: 0.0 ms]
   [Clear CT: 0.2 ms]
   [Other: 0.4 ms]
      [Choose CSet: 0.0 ms]
      [Ref Proc: 0.3 ms]
      [Ref Enq: 0.0 ms]
      [Free CSet: 0.0 ms]
   [Eden: 1024.0K(1024.0K)->0.0B(1024.0K) Survivors: 1024.0K->0.0B Heap: 6872.5K(8192.0K)->6872.5K(8192.0K)]
 [Times: user=0.00 sys=0.00, real=0.00 secs] 
167.532: [GC concurrent-root-region-scan-start]
167.532: [GC concurrent-root-region-scan-end, 0.0000060 secs]
167.532: 167.532: [GC concurrent-mark-start]
Total time for which application threads were stopped: 0.0548470 seconds, Stopping threads took: 0.0532090 seconds
167.533: [GC concurrent-mark-end, 0.0008510 secs]
167.533: Application time: 0.0008780 seconds
167.533: [GC pause (young), 0.0005540 secs]
   [Parallel Time: 0.4 ms, GC Workers: 8]
      [GC Worker Start (ms): Min: 167532.9, Avg: 167532.9, Max: 167532.9, Diff: 0.0]
      [Ext Root Scanning (ms): Min: 0.3, Avg: 0.3, Max: 0.3, Diff: 0.1, Sum: 2.3]
      [SATB Filtering (ms): Min: 0.0, Avg: 0.0, Max: 0.0, Diff: 0.0, Sum: 0.0]
      [Update RS (ms): Min: 0.0, Avg: 0.0, Max: 0.0, Diff: 0.0, Sum: 0.1]
         [Processed Buffers: Min: 0, Avg: 1.6, Max: 6, Diff: 6, Sum: 13]
      [Scan RS (ms): Min: 0.0, Avg: 0.0, Max: 0.0, Diff: 0.0, Sum: 0.0]
      [Code Root Scanning (ms): Min: 0.0, Avg: 0.0, Max: 0.0, Diff: 0.0, Sum: 0.0]
      [Object Copy (ms): Min: 0.0, Avg: 0.0, Max: 0.0, Diff: 0.0, Sum: 0.1]
      [Termination (ms): Min: 0.0, Avg: 0.0, Max: 0.1, Diff: 0.1, Sum: 0.4]
      [GC Worker Other (ms): Min: 0.0, Avg: 0.0, Max: 0.0, Diff: 0.0, Sum: 0.0]
      [GC Worker Total (ms): Min: 0.4, Avg: 0.4, Max: 0.4, Diff: 0.0, Sum: 2.9]
      [GC Worker End (ms): Min: 167533.2, Avg: 167533.2, Max: 167533.2, Diff: 0.0]
   [Code Root Fixup: 0.0 ms]
   [Code Root Migration: 0.0 ms]
   [Clear CT: 0.0 ms]
   [Other: 0.1 ms]
      [Choose CSet: 0.0 ms]
      [Ref Proc: 0.1 ms]
      [Ref Enq: 0.0 ms]
      [Free CSet: 0.0 ms]
   [Eden: 0.0B(1024.0K)->0.0B(1024.0K) Survivors: 0.0B->0.0B Heap: 6872.5K(8192.0K)->6872.5K(8192.0K)]
 [Times: user=0.00 sys=0.00, real=0.00 secs] 
167.533: Total time for which application threads were stopped: 0.0006190 seconds, Stopping threads took: 0.0000060 seconds
167.533: Application time: 0.0000150 seconds
167.533: [GC pause (young), 0.0004320 secs]
   [Parallel Time: 0.3 ms, GC Workers: 8]
      [GC Worker Start (ms): Min: 167533.5, Avg: 167533.5, Max: 167533.5, Diff: 0.0]
      [Ext Root Scanning (ms): Min: 0.2, Avg: 0.2, Max: 0.3, Diff: 0.1, Sum: 1.9]
      [SATB Filtering (ms): Min: 0.0, Avg: 0.0, Max: 0.0, Diff: 0.0, Sum: 0.0]
      [Update RS (ms): Min: 0.0, Avg: 0.0, Max: 0.0, Diff: 0.0, Sum: 0.0]
         [Processed Buffers: Min: 0, Avg: 0.1, Max: 1, Diff: 1, Sum: 1]
      [Scan RS (ms): Min: 0.0, Avg: 0.0, Max: 0.0, Diff: 0.0, Sum: 0.0]
      [Code Root Scanning (ms): Min: 0.0, Avg: 0.0, Max: 0.0, Diff: 0.0, Sum: 0.0]
      [Object Copy (ms): Min: 0.0, Avg: 0.0, Max: 0.0, Diff: 0.0, Sum: 0.1]
      [Termination (ms): Min: 0.0, Avg: 0.0, Max: 0.1, Diff: 0.1, Sum: 0.3]
      [GC Worker Other (ms): Min: 0.0, Avg: 0.0, Max: 0.0, Diff: 0.0, Sum: 0.0]
      [GC Worker Total (ms): Min: 0.3, Avg: 0.3, Max: 0.3, Diff: 0.0, Sum: 2.4]
      [GC Worker End (ms): Min: 167533.8, Avg: 167533.8, Max: 167533.8, Diff: 0.0]
   [Code Root Fixup: 0.0 ms]
   [Code Root Migration: 0.0 ms]
   [Clear CT: 0.0 ms]
   [Other: 0.1 ms]
      [Choose CSet: 0.0 ms]
      [Ref Proc: 0.0 ms]
      [Ref Enq: 0.0 ms]
      [Free CSet: 0.0 ms]
   [Eden: 0.0B(1024.0K)->0.0B(1024.0K) Survivors: 0.0B->0.0B Heap: 6872.5K(8192.0K)->6872.5K(8192.0K)]
 [Times: user=0.00 sys=0.00, real=0.00 secs] 
167.534: Total time for which application threads were stopped: 0.0004900 seconds, Stopping threads took: 0.0000040 seconds
167.534: Application time: 0.0000140 seconds
167.534: [GC pause (young), 0.0004410 secs]
   [Parallel Time: 0.3 ms, GC Workers: 8]
      [GC Worker Start (ms): Min: 167534.0, Avg: 167534.0, Max: 167534.0, Diff: 0.0]
      [Ext Root Scanning (ms): Min: 0.2, Avg: 0.2, Max: 0.3, Diff: 0.1, Sum: 1.9]
      [Update RS (ms): Min: 0.0, Avg: 0.0, Max: 0.0, Diff: 0.0, Sum: 0.0]
         [Processed Buffers: Min: 0, Avg: 0.1, Max: 1, Diff: 1, Sum: 1]
      [Scan RS (ms): Min: 0.0, Avg: 0.0, Max: 0.0, Diff: 0.0, Sum: 0.0]
      [Code Root Scanning (ms): Min: 0.0, Avg: 0.0, Max: 0.0, Diff: 0.0, Sum: 0.0]
      [Object Copy (ms): Min: 0.0, Avg: 0.0, Max: 0.0, Diff: 0.0, Sum: 0.1]
      [Termination (ms): Min: 0.0, Avg: 0.0, Max: 0.1, Diff: 0.1, Sum: 0.3]
      [GC Worker Other (ms): Min: -0.0, Avg: 0.0, Max: 0.0, Diff: 0.0, Sum: 0.0]
      [GC Worker Total (ms): Min: 0.3, Avg: 0.3, Max: 0.3, Diff: 0.0, Sum: 2.3]
      [GC Worker End (ms): Min: 167534.3, Avg: 167534.3, Max: 167534.3, Diff: 0.0]
   [Code Root Fixup: 0.0 ms]
   [Code Root Migration: 0.0 ms]
   [Clear CT: 0.1 ms]
   [Other: 0.1 ms]
      [Choose CSet: 0.0 ms]
      [Ref Proc: 0.0 ms]
      [Ref Enq: 0.0 ms]
      [Free CSet: 0.0 ms]
   [Eden: 0.0B(1024.0K)->0.0B(1024.0K) Survivors: 0.0B->0.0B Heap: 6872.5K(8192.0K)->6872.5K(8192.0K)]
 [Times: user=0.00 sys=0.00, real=0.00 secs] 
167.534: Total time for which application threads were stopped: 0.0004950 seconds, Stopping threads took: 0.0000030 seconds
167.534: Application time: 0.0000150 seconds
167.534: [Full GC 6872K->5619K(8192K), 0.0053980 secs]
   [Eden: 0.0B(1024.0K)->0.0B(1024.0K) Survivors: 0.0B->0.0B Heap: 6872.5K(8192.0K)->5619.5K(8192.0K)], [Perm: 5166K->5166K(20480K)]
 [Times: user=0.01 sys=0.00, real=0.00 secs] 
167.540: Total time for which application threads were stopped: 0.0054660 seconds, Stopping threads took: 0.0000040 seconds
167.540: Application time: 0.0000650 seconds
167.540: [GC remark, 0.0000050 secs]
 [Times: user=0.00 sys=0.00, real=0.00 secs] 
167.540: Total time for which application threads were stopped: 0.0001070 seconds, Stopping threads took: 0.0000880 seconds
167.540: [GC concurrent-mark-abort]
168.972: Application time: 1.4317990 seconds
168.989: [GC pause (young), 0.0013990 secs]
   [Parallel Time: 1.0 ms, GC Workers: 8]
      [GC Worker Start (ms): Min: 168989.1, Avg: 168989.2, Max: 168989.2, Diff: 0.1]
      [Ext Root Scanning (ms): Min: 0.7, Avg: 0.7, Max: 0.7, Diff: 0.1, Sum: 5.6]
      [Update RS (ms): Min: 0.0, Avg: 0.0, Max: 0.0, Diff: 0.0, Sum: 0.1]
         [Processed Buffers: Min: 0, Avg: 1.0, Max: 3, Diff: 3, Sum: 8]
      [Scan RS (ms): Min: 0.0, Avg: 0.0, Max: 0.0, Diff: 0.0, Sum: 0.0]
      [Code Root Scanning (ms): Min: 0.0, Avg: 0.0, Max: 0.0, Diff: 0.0, Sum: 0.0]
      [Object Copy (ms): Min: 0.1, Avg: 0.1, Max: 0.1, Diff: 0.1, Sum: 0.7]
      [Termination (ms): Min: 0.0, Avg: 0.0, Max: 0.0, Diff: 0.0, Sum: 0.1]
      [GC Worker Other (ms): Min: 0.0, Avg: 0.0, Max: 0.0, Diff: 0.0, Sum: 0.0]
      [GC Worker Total (ms): Min: 0.8, Avg: 0.8, Max: 0.8, Diff: 0.1, Sum: 6.4]
      [GC Worker End (ms): Min: 168990.0, Avg: 168990.0, Max: 168990.0, Diff: 0.0]
   [Code Root Fixup: 0.0 ms]
   [Code Root Migration: 0.0 ms]
   [Clear CT: 0.2 ms]
   [Other: 0.2 ms]
      [Choose CSet: 0.0 ms]
      [Ref Proc: 0.2 ms]
      [Ref Enq: 0.0 ms]
      [Free CSet: 0.0 ms]
   [Eden: 1024.0K(1024.0K)->0.0B(1024.0K) Survivors: 0.0B->1024.0K Heap: 6643.5K(8192.0K)->5866.0K(8192.0K)]
 [Times: user=0.01 sys=0.00, real=0.01 secs] 
168.991: Total time for which application threads were stopped: 0.0186490 seconds, Stopping threads took: 0.0171500 seconds
170.141: Application time: 1.1507360 seconds
170.196: [GC pause (young) (initial-mark) (to-space exhausted), 0.0010670 secs]
   [Parallel Time: 0.8 ms, GC Workers: 8]
      [GC Worker Start (ms): Min: 170195.8, Avg: 170195.8, Max: 170195.9, Diff: 0.1]
      [Ext Root Scanning (ms): Min: 0.4, Avg: 0.4, Max: 0.4, Diff: 0.1, Sum: 3.1]
      [Code Root Marking (ms): Min: 0.0, Avg: 0.0, Max: 0.0, Diff: 0.0, Sum: 0.0]
      [Update RS (ms): Min: 0.0, Avg: 0.0, Max: 0.0, Diff: 0.0, Sum: 0.1]
         [Processed Buffers: Min: 0, Avg: 1.1, Max: 3, Diff: 3, Sum: 9]
      [Scan RS (ms): Min: 0.0, Avg: 0.0, Max: 0.0, Diff: 0.0, Sum: 0.0]
      [Code Root Scanning (ms): Min: 0.0, Avg: 0.0, Max: 0.0, Diff: 0.0, Sum: 0.0]
      [Object Copy (ms): Min: 0.1, Avg: 0.2, Max: 0.2, Diff: 0.1, Sum: 1.3]
      [Termination (ms): Min: 0.0, Avg: 0.0, Max: 0.1, Diff: 0.1, Sum: 0.3]
      [GC Worker Other (ms): Min: 0.0, Avg: 0.0, Max: 0.0, Diff: 0.0, Sum: 0.0]
      [GC Worker Total (ms): Min: 0.6, Avg: 0.6, Max: 0.7, Diff: 0.1, Sum: 4.9]
      [GC Worker End (ms): Min: 170196.4, Avg: 170196.4, Max: 170196.4, Diff: 0.0]
   [Code Root Fixup: 0.0 ms]
   [Code Root Migration: 0.0 ms]
   [Clear CT: 0.1 ms]
   [Other: 0.2 ms]
      [Choose CSet: 0.0 ms]
      [Ref Proc: 0.1 ms]
      [Ref Enq: 0.0 ms]
      [Free CSet: 0.0 ms]
   [Eden: 1024.0K(1024.0K)->0.0B(1024.0K) Survivors: 1024.0K->0.0B Heap: 6890.0K(8192.0K)->6890.0K(8192.0K)]
 [Times: user=0.00 sys=0.00, real=0.00 secs] 
170.197: [GC concurrent-root-region-scan-start]
170.197: 170.197: [GC concurrent-root-region-scan-end, 0.0000040 secs]
170.197: Total time for which application threads were stopped: 0.0555760 seconds, Stopping threads took: 0.0544040 seconds
[GC concurrent-mark-start]
170.197: Application time: 0.0000500 seconds
170.197: [GC pause (young), 0.0004870 secs]
   [Parallel Time: 0.4 ms, GC Workers: 8]
      [GC Worker Start (ms): Min: 170197.0, Avg: 170197.0, Max: 170197.0, Diff: 0.0]
      [Ext Root Scanning (ms): Min: 0.2, Avg: 0.3, Max: 0.3, Diff: 0.1, Sum: 2.2]
      [SATB Filtering (ms): Min: 0.0, Avg: 0.0, Max: 0.0, Diff: 0.0, Sum: 0.0]
      [Update RS (ms): Min: 0.0, Avg: 0.0, Max: 0.0, Diff: 0.0, Sum: 0.1]
         [Processed Buffers: Min: 0, Avg: 1.8, Max: 12, Diff: 12, Sum: 14]
      [Scan RS (ms): Min: 0.0, Avg: 0.0, Max: 0.0, Diff: 0.0, Sum: 0.0]
      [Code Root Scanning (ms): Min: 0.0, Avg: 0.0, Max: 0.0, Diff: 0.0, Sum: 0.0]
      [Object Copy (ms): Min: 0.0, Avg: 0.0, Max: 0.0, Diff: 0.0, Sum: 0.1]
      [Termination (ms): Min: 0.0, Avg: 0.0, Max: 0.1, Diff: 0.1, Sum: 0.3]
      [GC Worker Other (ms): Min: 0.0, Avg: 0.0, Max: 0.0, Diff: 0.0, Sum: 0.0]
      [GC Worker Total (ms): Min: 0.3, Avg: 0.3, Max: 0.4, Diff: 0.0, Sum: 2.7]
      [GC Worker End (ms): Min: 170197.3, Avg: 170197.3, Max: 170197.3, Diff: 0.0]
   [Code Root Fixup: 0.0 ms]
   [Code Root Migration: 0.0 ms]
   [Clear CT: 0.0 ms]
   [Other: 0.1 ms]
      [Choose CSet: 0.0 ms]
      [Ref Proc: 0.1 ms]
      [Ref Enq: 0.0 ms]
      [Free CSet: 0.0 ms]
   [Eden: 0.0B(1024.0K)->0.0B(1024.0K) Survivors: 0.0B->0.0B Heap: 6890.0K(8192.0K)->6890.0K(8192.0K)]
 [Times: user=0.00 sys=0.00, real=0.00 secs] 
170.197: Total time for which application threads were stopped: 0.0005610 seconds, Stopping threads took: 0.0000070 seconds
170.198: Application time: 0.0000290 seconds
170.198: [GC pause (young), 0.0004350 secs]
   [Parallel Time: 0.3 ms, GC Workers: 8]
      [GC Worker Start (ms): Min: 170197.5, Avg: 170197.5, Max: 170197.6, Diff: 0.0]
      [Ext Root Scanning (ms): Min: 0.2, Avg: 0.2, Max: 0.3, Diff: 0.1, Sum: 1.9]
      [Update RS (ms): Min: 0.0, Avg: 0.0, Max: 0.0, Diff: 0.0, Sum: 0.0]
         [Processed Buffers: Min: 0, Avg: 0.1, Max: 1, Diff: 1, Sum: 1]
      [Scan RS (ms): Min: 0.0, Avg: 0.0, Max: 0.0, Diff: 0.0, Sum: 0.0]
      [Code Root Scanning (ms): Min: 0.0, Avg: 0.0, Max: 0.0, Diff: 0.0, Sum: 0.0]
      [Object Copy (ms): Min: 0.0, Avg: 0.0, Max: 0.0, Diff: 0.0, Sum: 0.1]
      [Termination (ms): Min: 0.0, Avg: 0.0, Max: 0.1, Diff: 0.1, Sum: 0.3]
      [GC Worker Other (ms): Min: 0.0, Avg: 0.0, Max: 0.0, Diff: 0.0, Sum: 0.0]
      [GC Worker Total (ms): Min: 0.3, Avg: 0.3, Max: 0.3, Diff: 0.0, Sum: 2.3]
      [GC Worker End (ms): Min: 170197.8, Avg: 170197.8, Max: 170197.8, Diff: 0.0]
   [Code Root Fixup: 0.0 ms]
   [Code Root Migration: 0.0 ms]
   [Clear CT: 0.0 ms]
   [Other: 0.1 ms]
      [Choose CSet: 0.0 ms]
      [Ref Proc: 0.0 ms]
      [Ref Enq: 0.0 ms]
      [Free CSet: 0.0 ms]
   [Eden: 0.0B(1024.0K)->0.0B(1024.0K) Survivors: 0.0B->0.0B Heap: 6890.0K(8192.0K)->6890.0K(8192.0K)]
 [Times: user=0.01 sys=0.00, real=0.00 secs] 
170.198: Total time for which application threads were stopped: 0.0004930 seconds, Stopping threads took: 0.0000050 seconds
170.198: Application time: 0.0000220 seconds
170.198: [Full GC 6890K->5621K(8192K), 0.0054970 secs]
   [Eden: 0.0B(1024.0K)->0.0B(1024.0K) Survivors: 0.0B->0.0B Heap: 6890.0K(8192.0K)->5621.2K(8192.0K)], [Perm: 5166K->5166K(20480K)]
 [Times: user=0.00 sys=0.00, real=0.01 secs] 
170.204: Total time for which application threads were stopped: 0.0055600 seconds, Stopping threads took: 0.0000040 seconds
170.204: [GC concurrent-mark-abort]
171.369: Application time: 1.1653080 seconds
171.419: [GC pause (young), 0.0015130 secs]
   [Parallel Time: 1.1 ms, GC Workers: 8]
      [GC Worker Start (ms): Min: 171419.2, Avg: 171419.3, Max: 171419.3, Diff: 0.1]
      [Ext Root Scanning (ms): Min: 0.7, Avg: 0.7, Max: 0.8, Diff: 0.2, Sum: 5.7]
      [Update RS (ms): Min: 0.0, Avg: 0.0, Max: 0.0, Diff: 0.0, Sum: 0.1]
         [Processed Buffers: Min: 0, Avg: 1.0, Max: 3, Diff: 3, Sum: 8]
      [Scan RS (ms): Min: 0.0, Avg: 0.0, Max: 0.0, Diff: 0.0, Sum: 0.0]
      [Code Root Scanning (ms): Min: 0.0, Avg: 0.0, Max: 0.0, Diff: 0.0, Sum: 0.0]
      [Object Copy (ms): Min: 0.1, Avg: 0.1, Max: 0.1, Diff: 0.0, Sum: 0.7]
      [Termination (ms): Min: 0.0, Avg: 0.0, Max: 0.0, Diff: 0.0, Sum: 0.2]
      [GC Worker Other (ms): Min: 0.0, Avg: 0.0, Max: 0.0, Diff: 0.0, Sum: 0.0]
      [GC Worker Total (ms): Min: 0.8, Avg: 0.8, Max: 0.9, Diff: 0.1, Sum: 6.7]
      [GC Worker End (ms): Min: 171420.1, Avg: 171420.1, Max: 171420.1, Diff: 0.0]
   [Code Root Fixup: 0.0 ms]
   [Code Root Migration: 0.0 ms]
   [Clear CT: 0.2 ms]
   [Other: 0.2 ms]
      [Choose CSet: 0.0 ms]
      [Ref Proc: 0.2 ms]
      [Ref Enq: 0.0 ms]
      [Free CSet: 0.0 ms]
   [Eden: 1024.0K(1024.0K)->0.0B(1024.0K) Survivors: 0.0B->1024.0K Heap: 6645.2K(8192.0K)->5861.7K(8192.0K)]
 [Times: user=0.01 sys=0.00, real=0.00 secs] 
171.421: Total time for which application threads were stopped: 0.0518430 seconds, Stopping threads took: 0.0501980 seconds
172.678: Application time: 1.2568510 seconds
172.694: [GC pause (young) (initial-mark) (to-space exhausted), 0.0009730 secs]
   [Parallel Time: 0.7 ms, GC Workers: 8]
      [GC Worker Start (ms): Min: 172694.3, Avg: 172694.4, Max: 172694.4, Diff: 0.1]
      [Ext Root Scanning (ms): Min: 0.3, Avg: 0.4, Max: 0.4, Diff: 0.1, Sum: 3.1]
      [Code Root Marking (ms): Min: 0.0, Avg: 0.0, Max: 0.0, Diff: 0.0, Sum: 0.0]
      [Update RS (ms): Min: 0.0, Avg: 0.0, Max: 0.0, Diff: 0.0, Sum: 0.1]
         [Processed Buffers: Min: 0, Avg: 1.0, Max: 2, Diff: 2, Sum: 8]
      [Scan RS (ms): Min: 0.0, Avg: 0.0, Max: 0.0, Diff: 0.0, Sum: 0.0]
      [Code Root Scanning (ms): Min: 0.0, Avg: 0.0, Max: 0.0, Diff: 0.0, Sum: 0.0]
      [Object Copy (ms): Min: 0.1, Avg: 0.2, Max: 0.2, Diff: 0.1, Sum: 1.4]
      [Termination (ms): Min: 0.0, Avg: 0.0, Max: 0.1, Diff: 0.1, Sum: 0.3]
      [GC Worker Other (ms): Min: 0.0, Avg: 0.0, Max: 0.0, Diff: 0.0, Sum: 0.0]
      [GC Worker Total (ms): Min: 0.6, Avg: 0.6, Max: 0.7, Diff: 0.1, Sum: 4.9]
      [GC Worker End (ms): Min: 172695.0, Avg: 172695.0, Max: 172695.0, Diff: 0.0]
   [Code Root Fixup: 0.0 ms]
   [Code Root Migration: 0.0 ms]
   [Clear CT: 0.0 ms]
   [Other: 0.2 ms]
      [Choose CSet: 0.0 ms]
      [Ref Proc: 0.1 ms]
      [Ref Enq: 0.0 ms]
      [Free CSet: 0.0 ms]
   [Eden: 1024.0K(1024.0K)->0.0B(1024.0K) Survivors: 1024.0K->0.0B Heap: 6885.7K(8192.0K)->6885.7K(8192.0K)]
 [Times: user=0.01 sys=0.00, real=0.00 secs] 
172.695: [GC concurrent-root-region-scan-start]
172.695: 172.695[GC concurrent-root-region-scan-end, 0.0000050 secs]
: 172.695: [GC concurrent-mark-start]
Total time for which application threads were stopped: 0.0177500 seconds, Stopping threads took: 0.0166760 seconds
172.695: Application time: 0.0000370 seconds
172.695: [Full GC 6885K->5622K(8192K), 0.0056060 secs]
   [Eden: 0.0B(1024.0K)->0.0B(1024.0K) Survivors: 0.0B->0.0B Heap: 6885.7K(8192.0K)->5622.6K(8192.0K)], [Perm: 5166K->5166K(20480K)]
 [Times: user=0.01 sys=0.00, real=0.00 secs] 
172.701: Total time for which application threads were stopped: 0.0056710 seconds, Stopping threads took: 0.0000050 seconds
172.701: [GC concurrent-mark-abort]
173.906: Application time: 1.2053900 seconds
173.959: [GC pause (young), 0.0012200 secs]
   [Parallel Time: 0.9 ms, GC Workers: 8]
      [GC Worker Start (ms): Min: 173958.9, Avg: 173958.9, Max: 173959.0, Diff: 0.1]
      [Ext Root Scanning (ms): Min: 0.7, Avg: 0.8, Max: 0.8, Diff: 0.1, Sum: 6.0]
      [Update RS (ms): Min: 0.0, Avg: 0.0, Max: 0.0, Diff: 0.0, Sum: 0.1]
         [Processed Buffers: Min: 0, Avg: 1.0, Max: 2, Diff: 2, Sum: 8]
      [Scan RS (ms): Min: 0.0, Avg: 0.0, Max: 0.0, Diff: 0.0, Sum: 0.0]
      [Code Root Scanning (ms): Min: 0.0, Avg: 0.0, Max: 0.0, Diff: 0.0, Sum: 0.0]
      [Object Copy (ms): Min: 0.1, Avg: 0.1, Max: 0.1, Diff: 0.1, Sum: 0.6]
      [Termination (ms): Min: 0.0, Avg: 0.0, Max: 0.0, Diff: 0.0, Sum: 0.1]
      [GC Worker Other (ms): Min: 0.0, Avg: 0.0, Max: 0.0, Diff: 0.0, Sum: 0.0]
      [GC Worker Total (ms): Min: 0.8, Avg: 0.9, Max: 0.9, Diff: 0.1, Sum: 6.8]
      [GC Worker End (ms): Min: 173959.8, Avg: 173959.8, Max: 173959.8, Diff: 0.0]
   [Code Root Fixup: 0.0 ms]
   [Code Root Migration: 0.0 ms]
   [Clear CT: 0.1 ms]
   [Other: 0.2 ms]
      [Choose CSet: 0.0 ms]
      [Ref Proc: 0.2 ms]
      [Ref Enq: 0.0 ms]
      [Free CSet: 0.0 ms]
   [Eden: 1024.0K(1024.0K)->0.0B(1024.0K) Survivors: 0.0B->1024.0K Heap: 6646.6K(8192.0K)->5835.0K(8192.0K)]
 [Times: user=0.00 sys=0.00, real=0.00 secs] 
173.960: Total time for which application threads were stopped: 0.0537040 seconds, Stopping threads took: 0.0523780 seconds
175.181: Application time: 1.2204300 seconds
175.229: [GC pause (young) (initial-mark) (to-space exhausted), 0.0009490 secs]
   [Parallel Time: 0.7 ms, GC Workers: 8]
      [GC Worker Start (ms): Min: 175229.1, Avg: 175229.1, Max: 175229.1, Diff: 0.0]
      [Ext Root Scanning (ms): Min: 0.4, Avg: 0.4, Max: 0.5, Diff: 0.1, Sum: 3.3]
      [Code Root Marking (ms): Min: 0.0, Avg: 0.0, Max: 0.0, Diff: 0.0, Sum: 0.0]
      [Update RS (ms): Min: 0.0, Avg: 0.0, Max: 0.0, Diff: 0.0, Sum: 0.1]
         [Processed Buffers: Min: 0, Avg: 1.2, Max: 3, Diff: 3, Sum: 10]
      [Scan RS (ms): Min: 0.0, Avg: 0.0, Max: 0.0, Diff: 0.0, Sum: 0.0]
      [Code Root Scanning (ms): Min: 0.0, Avg: 0.0, Max: 0.0, Diff: 0.0, Sum: 0.0]
      [Object Copy (ms): Min: 0.1, Avg: 0.2, Max: 0.2, Diff: 0.1, Sum: 1.2]
      [Termination (ms): Min: 0.0, Avg: 0.0, Max: 0.0, Diff: 0.0, Sum: 0.2]
      [GC Worker Other (ms): Min: 0.0, Avg: 0.0, Max: 0.0, Diff: 0.0, Sum: 0.0]
      [GC Worker Total (ms): Min: 0.6, Avg: 0.6, Max: 0.6, Diff: 0.0, Sum: 4.9]
      [GC Worker End (ms): Min: 175229.7, Avg: 175229.7, Max: 175229.7, Diff: 0.0]
   [Code Root Fixup: 0.0 ms]
   [Code Root Migration: 0.0 ms]
   [Clear CT: 0.0 ms]
   [Other: 0.2 ms]
      [Choose CSet: 0.0 ms]
      [Ref Proc: 0.1 ms]
      [Ref Enq: 0.0 ms]
      [Free CSet: 0.0 ms]
   [Eden: 1024.0K(1024.0K)->0.0B(1024.0K) Survivors: 1024.0K->0.0B Heap: 6859.0K(8192.0K)->6859.0K(8192.0K)]
 [Times: user=0.01 sys=0.00, real=0.01 secs] 
175.230: [GC concurrent-root-region-scan-start]
175.230: [GC concurrent-root-region-scan-end, 0.0000040 secs]
175.230: 175.230: [GC concurrent-mark-start]
Total time for which application threads were stopped: 0.0495000 seconds, Stopping threads took: 0.0484370 seconds
175.230: Application time: 0.0000390 seconds
175.230: [Full GC 6859K->5624K(8192K), 0.0058500 secs]
   [Eden: 0.0B(1024.0K)->0.0B(1024.0K) Survivors: 0.0B->0.0B Heap: 6859.0K(8192.0K)->5624.1K(8192.0K)], [Perm: 5166K->5166K(20480K)]
 [Times: user=0.01 sys=0.00, real=0.00 secs] 
175.236: Total time for which application threads were stopped: 0.0059200 seconds, Stopping threads took: 0.0000060 seconds
175.236: [GC concurrent-mark-abort]
176.442: Application time: 1.2064180 seconds
176.455: [GC pause (young), 0.0012770 secs]
   [Parallel Time: 0.9 ms, GC Workers: 8]
      [GC Worker Start (ms): Min: 176455.3, Avg: 176455.4, Max: 176455.4, Diff: 0.1]
      [Ext Root Scanning (ms): Min: 0.7, Avg: 0.7, Max: 0.8, Diff: 0.1, Sum: 5.8]
      [Update RS (ms): Min: 0.0, Avg: 0.0, Max: 0.0, Diff: 0.0, Sum: 0.1]
         [Processed Buffers: Min: 0, Avg: 1.0, Max: 3, Diff: 3, Sum: 8]
      [Scan RS (ms): Min: 0.0, Avg: 0.0, Max: 0.0, Diff: 0.0, Sum: 0.0]
      [Code Root Scanning (ms): Min: 0.0, Avg: 0.0, Max: 0.0, Diff: 0.0, Sum: 0.0]
      [Object Copy (ms): Min: 0.1, Avg: 0.1, Max: 0.1, Diff: 0.0, Sum: 0.7]
      [Termination (ms): Min: 0.0, Avg: 0.0, Max: 0.0, Diff: 0.0, Sum: 0.1]
      [GC Worker Other (ms): Min: 0.0, Avg: 0.0, Max: 0.0, Diff: 0.0, Sum: 0.1]
      [GC Worker Total (ms): Min: 0.8, Avg: 0.8, Max: 0.9, Diff: 0.1, Sum: 6.7]
      [GC Worker End (ms): Min: 176456.2, Avg: 176456.2, Max: 176456.2, Diff: 0.0]
   [Code Root Fixup: 0.0 ms]
   [Code Root Migration: 0.0 ms]
   [Clear CT: 0.2 ms]
   [Other: 0.2 ms]
      [Choose CSet: 0.0 ms]
      [Ref Proc: 0.2 ms]
      [Ref Enq: 0.0 ms]
      [Free CSet: 0.0 ms]
   [Eden: 1024.0K(1024.0K)->0.0B(1024.0K) Survivors: 0.0B->1024.0K Heap: 6648.1K(8192.0K)->5848.6K(8192.0K)]
 [Times: user=0.01 sys=0.00, real=0.00 secs] 
176.457: Total time for which application threads were stopped: 0.0141730 seconds, Stopping threads took: 0.0127970 seconds
177.661: Application time: 1.2047350 seconds
177.714: [GC pause (young) (initial-mark) (to-space exhausted), 0.0010710 secs]
   [Parallel Time: 0.7 ms, GC Workers: 8]
      [GC Worker Start (ms): Min: 177713.9, Avg: 177714.0, Max: 177714.0, Diff: 0.1]
      [Ext Root Scanning (ms): Min: 0.4, Avg: 0.4, Max: 0.4, Diff: 0.1, Sum: 3.3]
      [Code Root Marking (ms): Min: 0.0, Avg: 0.0, Max: 0.0, Diff: 0.0, Sum: 0.0]
      [Update RS (ms): Min: 0.0, Avg: 0.0, Max: 0.0, Diff: 0.0, Sum: 0.1]
         [Processed Buffers: Min: 0, Avg: 1.1, Max: 3, Diff: 3, Sum: 9]
      [Scan RS (ms): Min: 0.0, Avg: 0.0, Max: 0.0, Diff: 0.0, Sum: 0.0]
      [Code Root Scanning (ms): Min: 0.0, Avg: 0.0, Max: 0.0, Diff: 0.0, Sum: 0.0]
      [Object Copy (ms): Min: 0.1, Avg: 0.2, Max: 0.2, Diff: 0.1, Sum: 1.3]
      [Termination (ms): Min: 0.0, Avg: 0.0, Max: 0.1, Diff: 0.1, Sum: 0.3]
      [GC Worker Other (ms): Min: 0.0, Avg: 0.0, Max: 0.0, Diff: 0.0, Sum: 0.0]
      [GC Worker Total (ms): Min: 0.6, Avg: 0.6, Max: 0.7, Diff: 0.1, Sum: 5.0]
      [GC Worker End (ms): Min: 177714.6, Avg: 177714.6, Max: 177714.6, Diff: 0.0]
   [Code Root Fixup: 0.0 ms]
   [Code Root Migration: 0.0 ms]
   [Clear CT: 0.1 ms]
   [Other: 0.2 ms]
      [Choose CSet: 0.0 ms]
      [Ref Proc: 0.1 ms]
      [Ref Enq: 0.0 ms]
      [Free CSet: 0.0 ms]
   [Eden: 1024.0K(1024.0K)->0.0B(1024.0K) Survivors: 1024.0K->0.0B Heap: 6872.6K(8192.0K)->6872.6K(8192.0K)]
 [Times: user=0.01 sys=0.00, real=0.00 secs] 
177.717: [GC concurrent-root-region-scan-start]
177.717: [GC concurrent-root-region-scan-end, 0.0000050 secs]
177.717: [GC concurrent-mark-start]
177.717: Total time for which application threads were stopped: 0.0551350 seconds, Stopping threads took: 0.0524880 seconds
177.717: Application time: 0.0000390 seconds
177.717: [GC pause (young), 0.0004630 secs]
   [Parallel Time: 0.4 ms, GC Workers: 8]
      [GC Worker Start (ms): Min: 177716.6, Avg: 177716.6, Max: 177716.6, Diff: 0.0]
      [Ext Root Scanning (ms): Min: 0.2, Avg: 0.3, Max: 0.3, Diff: 0.0, Sum: 2.1]
      [Update RS (ms): Min: 0.0, Avg: 0.0, Max: 0.0, Diff: 0.0, Sum: 0.1]
         [Processed Buffers: Min: 0, Avg: 1.8, Max: 7, Diff: 7, Sum: 14]
      [Scan RS (ms): Min: 0.0, Avg: 0.0, Max: 0.0, Diff: 0.0, Sum: 0.0]
      [Code Root Scanning (ms): Min: 0.0, Avg: 0.0, Max: 0.0, Diff: 0.0, Sum: 0.0]
      [Object Copy (ms): Min: 0.0, Avg: 0.0, Max: 0.0, Diff: 0.0, Sum: 0.1]
      [Termination (ms): Min: 0.0, Avg: 0.0, Max: 0.0, Diff: 0.0, Sum: 0.2]
      [GC Worker Other (ms): Min: -0.0, Avg: 0.0, Max: 0.0, Diff: 0.0, Sum: 0.0]
      [GC Worker Total (ms): Min: 0.3, Avg: 0.3, Max: 0.3, Diff: 0.0, Sum: 2.5]
      [GC Worker End (ms): Min: 177716.9, Avg: 177716.9, Max: 177716.9, Diff: 0.0]
   [Code Root Fixup: 0.0 ms]
   [Code Root Migration: 0.0 ms]
   [Clear CT: 0.0 ms]
   [Other: 0.1 ms]
      [Choose CSet: 0.0 ms]
      [Ref Proc: 0.1 ms]
      [Ref Enq: 0.0 ms]
      [Free CSet: 0.0 ms]
   [Eden: 0.0B(1024.0K)->0.0B(1024.0K) Survivors: 0.0B->0.0B Heap: 6872.6K(8192.0K)->6872.6K(8192.0K)]
 [Times: user=0.00 sys=0.00, real=0.00 secs] 
177.717: Total time for which application threads were stopped: 0.0005370 seconds, Stopping threads took: 0.0000190 seconds
177.717: Application time: 0.0000400 seconds
177.771: [GC pause (young), 0.0004920 secs]
   [Parallel Time: 0.3 ms, GC Workers: 8]
      [GC Worker Start (ms): Min: 177771.3, Avg: 177771.3, Max: 177771.3, Diff: 0.0]
      [Ext Root Scanning (ms): Min: 0.2, Avg: 0.2, Max: 0.3, Diff: 0.0, Sum: 1.9]
      [Update RS (ms): Min: 0.0, Avg: 0.0, Max: 0.0, Diff: 0.0, Sum: 0.0]
         [Processed Buffers: Min: 0, Avg: 0.1, Max: 1, Diff: 1, Sum: 1]
      [Scan RS (ms): Min: 0.0, Avg: 0.0, Max: 0.0, Diff: 0.0, Sum: 0.0]
      [Code Root Scanning (ms): Min: 0.0, Avg: 0.0, Max: 0.0, Diff: 0.0, Sum: 0.0]
      [Object Copy (ms): Min: 0.0, Avg: 0.0, Max: 0.0, Diff: 0.0, Sum: 0.1]
      [Termination (ms): Min: 0.0, Avg: 0.0, Max: 0.1, Diff: 0.1, Sum: 0.3]
      [GC Worker Other (ms): Min: 0.0, Avg: 0.0, Max: 0.0, Diff: 0.0, Sum: 0.0]
      [GC Worker Total (ms): Min: 0.3, Avg: 0.3, Max: 0.3, Diff: 0.0, Sum: 2.3]
      [GC Worker End (ms): Min: 177771.6, Avg: 177771.6, Max: 177771.6, Diff: 0.0]
   [Code Root Fixup: 0.0 ms]
   [Code Root Migration: 0.0 ms]
   [Clear CT: 0.1 ms]
   [Other: 0.1 ms]
      [Choose CSet: 0.0 ms]
      [Ref Proc: 0.1 ms]
      [Ref Enq: 0.0 ms]
      [Free CSet: 0.0 ms]
   [Eden: 0.0B(1024.0K)->0.0B(1024.0K) Survivors: 0.0B->0.0B Heap: 6872.6K(8192.0K)->6872.6K(8192.0K)]
 [Times: user=0.00 sys=0.00, real=0.00 secs] 
177.772: Total time for which application threads were stopped: 0.0547020 seconds, Stopping threads took: 0.0541550 seconds
177.772: Application time: 0.0000350 seconds
177.772: [Full GC 6872K->5617K(8192K), 0.0055980 secs]
   [Eden: 0.0B(1024.0K)->0.0B(1024.0K) Survivors: 0.0B->0.0B Heap: 6872.6K(8192.0K)->5617.5K(8192.0K)], [Perm: 5166K->5166K(20480K)]
 [Times: user=0.01 sys=0.00, real=0.00 secs] 
177.778: Total time for which application threads were stopped: 0.0056630 seconds, Stopping threads took: 0.0000040 seconds
177.778: [GC concurrent-mark-abort]
179.046: Application time: 1.2685670 seconds
179.100: [GC pause (young), 0.0012680 secs]
   [Parallel Time: 0.9 ms, GC Workers: 8]
      [GC Worker Start (ms): Min: 179100.1, Avg: 179100.1, Max: 179100.2, Diff: 0.1]
      [Ext Root Scanning (ms): Min: 0.7, Avg: 0.7, Max: 0.8, Diff: 0.1, Sum: 5.8]
      [Update RS (ms): Min: 0.0, Avg: 0.0, Max: 0.0, Diff: 0.0, Sum: 0.1]
         [Processed Buffers: Min: 0, Avg: 0.9, Max: 2, Diff: 2, Sum: 7]
      [Scan RS (ms): Min: 0.0, Avg: 0.0, Max: 0.0, Diff: 0.0, Sum: 0.0]
      [Code Root Scanning (ms): Min: 0.0, Avg: 0.0, Max: 0.0, Diff: 0.0, Sum: 0.0]
      [Object Copy (ms): Min: 0.1, Avg: 0.1, Max: 0.1, Diff: 0.0, Sum: 0.7]
      [Termination (ms): Min: 0.0, Avg: 0.0, Max: 0.0, Diff: 0.0, Sum: 0.0]
      [GC Worker Other (ms): Min: 0.0, Avg: 0.0, Max: 0.0, Diff: 0.0, Sum: 0.1]
      [GC Worker Total (ms): Min: 0.8, Avg: 0.8, Max: 0.9, Diff: 0.1, Sum: 6.7]
      [GC Worker End (ms): Min: 179101.0, Avg: 179101.0, Max: 179101.0, Diff: 0.0]
   [Code Root Fixup: 0.0 ms]
   [Code Root Migration: 0.0 ms]
   [Clear CT: 0.1 ms]
   [Other: 0.2 ms]
      [Choose CSet: 0.0 ms]
      [Ref Proc: 0.2 ms]
      [Ref Enq: 0.0 ms]
      [Free CSet: 0.0 ms]
   [Eden: 1024.0K(1024.0K)->0.0B(1024.0K) Survivors: 0.0B->1024.0K Heap: 6641.5K(8192.0K)->5842.0K(8192.0K)]
 [Times: user=0.00 sys=0.00, real=0.00 secs] 
179.101: Total time for which application threads were stopped: 0.0552640 seconds, Stopping threads took: 0.0538950 seconds
180.258: Application time: 1.1570580 seconds
180.311: [GC pause (young) (initial-mark) (to-space exhausted), 0.0010890 secs]
   [Parallel Time: 0.7 ms, GC Workers: 8]
      [GC Worker Start (ms): Min: 180311.0, Avg: 180311.0, Max: 180311.0, Diff: 0.1]
      [Ext Root Scanning (ms): Min: 0.4, Avg: 0.4, Max: 0.5, Diff: 0.1, Sum: 3.3]
      [Code Root Marking (ms): Min: 0.0, Avg: 0.0, Max: 0.0, Diff: 0.0, Sum: 0.0]
      [Update RS (ms): Min: 0.0, Avg: 0.0, Max: 0.0, Diff: 0.0, Sum: 0.0]
         [Processed Buffers: Min: 0, Avg: 1.0, Max: 3, Diff: 3, Sum: 8]
      [Scan RS (ms): Min: 0.0, Avg: 0.0, Max: 0.0, Diff: 0.0, Sum: 0.0]
      [Code Root Scanning (ms): Min: 0.0, Avg: 0.0, Max: 0.0, Diff: 0.0, Sum: 0.0]
      [Object Copy (ms): Min: 0.1, Avg: 0.2, Max: 0.2, Diff: 0.1, Sum: 1.3]
      [Termination (ms): Min: 0.0, Avg: 0.0, Max: 0.1, Diff: 0.1, Sum: 0.2]
      [GC Worker Other (ms): Min: 0.0, Avg: 0.0, Max: 0.0, Diff: 0.0, Sum: 0.0]
      [GC Worker Total (ms): Min: 0.6, Avg: 0.6, Max: 0.7, Diff: 0.1, Sum: 5.0]
      [GC Worker End (ms): Min: 180311.6, Avg: 180311.6, Max: 180311.6, Diff: 0.0]
   [Code Root Fixup: 0.0 ms]
   [Code Root Migration: 0.0 ms]
   [Clear CT: 0.1 ms]
   [Other: 0.3 ms]
      [Choose CSet: 0.0 ms]
      [Ref Proc: 0.1 ms]
      [Ref Enq: 0.0 ms]
      [Free CSet: 0.0 ms]
   [Eden: 1024.0K(1024.0K)->0.0B(1024.0K) Survivors: 1024.0K->0.0B Heap: 6866.0K(8192.0K)->6866.0K(8192.0K)]
 [Times: user=0.00 sys=0.00, real=0.00 secs] 
180.312: [GC concurrent-root-region-scan-start]
180.312: [GC concurrent-root-region-scan-end, 0.0000050 secs]
180.312: [GC concurrent-mark-start]
180.312: Total time for which application threads were stopped: 0.0536650 seconds, Stopping threads took: 0.0524770 seconds
180.312: Application time: 0.0000380 seconds
180.312: [GC pause (young), 0.0004520 secs]
   [Parallel Time: 0.3 ms, GC Workers: 8]
      [GC Worker Start (ms): Min: 180312.2, Avg: 180312.2, Max: 180312.2, Diff: 0.0]
      [Ext Root Scanning (ms): Min: 0.2, Avg: 0.3, Max: 0.3, Diff: 0.0, Sum: 2.0]
      [SATB Filtering (ms): Min: 0.0, Avg: 0.0, Max: 0.0, Diff: 0.0, Sum: 0.0]
      [Update RS (ms): Min: 0.0, Avg: 0.0, Max: 0.0, Diff: 0.0, Sum: 0.1]
         [Processed Buffers: Min: 0, Avg: 1.6, Max: 5, Diff: 5, Sum: 13]
      [Scan RS (ms): Min: 0.0, Avg: 0.0, Max: 0.0, Diff: 0.0, Sum: 0.0]
      [Code Root Scanning (ms): Min: 0.0, Avg: 0.0, Max: 0.0, Diff: 0.0, Sum: 0.0]
      [Object Copy (ms): Min: 0.0, Avg: 0.0, Max: 0.0, Diff: 0.0, Sum: 0.1]
      [Termination (ms): Min: 0.0, Avg: 0.0, Max: 0.0, Diff: 0.0, Sum: 0.2]
      [GC Worker Other (ms): Min: -0.0, Avg: 0.0, Max: 0.0, Diff: 0.0, Sum: 0.0]
      [GC Worker Total (ms): Min: 0.3, Avg: 0.3, Max: 0.3, Diff: 0.0, Sum: 2.4]
      [GC Worker End (ms): Min: 180312.5, Avg: 180312.5, Max: 180312.5, Diff: 0.0]
   [Code Root Fixup: 0.0 ms]
   [Code Root Migration: 0.0 ms]
   [Clear CT: 0.0 ms]
   [Other: 0.1 ms]
      [Choose CSet: 0.0 ms]
      [Ref Proc: 0.1 ms]
      [Ref Enq: 0.0 ms]
      [Free CSet: 0.0 ms]
   [Eden: 0.0B(1024.0K)->0.0B(1024.0K) Survivors: 0.0B->0.0B Heap: 6866.0K(8192.0K)->6866.0K(8192.0K)]
 [Times: user=0.01 sys=0.00, real=0.00 secs] 
180.313: Total time for which application threads were stopped: 0.0005230 seconds, Stopping threads took: 0.0000060 seconds
180.313: Application time: 0.0000290 seconds
180.313: [GC pause (young), 0.0004250 secs]
   [Parallel Time: 0.3 ms, GC Workers: 8]
      [GC Worker Start (ms): Min: 180312.7, Avg: 180312.7, Max: 180312.7, Diff: 0.0]
      [Ext Root Scanning (ms): Min: 0.2, Avg: 0.2, Max: 0.3, Diff: 0.0, Sum: 1.8]
      [SATB Filtering (ms): Min: 0.0, Avg: 0.0, Max: 0.0, Diff: 0.0, Sum: 0.0]
      [Update RS (ms): Min: 0.0, Avg: 0.0, Max: 0.0, Diff: 0.0, Sum: 0.0]
         [Processed Buffers: Min: 0, Avg: 0.1, Max: 1, Diff: 1, Sum: 1]
      [Scan RS (ms): Min: 0.0, Avg: 0.0, Max: 0.0, Diff: 0.0, Sum: 0.0]
      [Code Root Scanning (ms): Min: 0.0, Avg: 0.0, Max: 0.0, Diff: 0.0, Sum: 0.0]
      [Object Copy (ms): Min: 0.0, Avg: 0.0, Max: 0.0, Diff: 0.0, Sum: 0.1]
      [Termination (ms): Min: 0.0, Avg: 0.0, Max: 0.1, Diff: 0.1, Sum: 0.3]
      [GC Worker Other (ms): Min: 0.0, Avg: 0.0, Max: 0.0, Diff: 0.0, Sum: 0.0]
      [GC Worker Total (ms): Min: 0.3, Avg: 0.3, Max: 0.3, Diff: 0.0, Sum: 2.3]
      [GC Worker End (ms): Min: 180313.0, Avg: 180313.0, Max: 180313.0, Diff: 0.0]
   [Code Root Fixup: 0.0 ms]
   [Code Root Migration: 0.0 ms]
   [Clear CT: 0.0 ms]
   [Other: 0.1 ms]
      [Choose CSet: 0.0 ms]
      [Ref Proc: 0.1 ms]
      [Ref Enq: 0.0 ms]
      [Free CSet: 0.0 ms]
   [Eden: 0.0B(1024.0K)->0.0B(1024.0K) Survivors: 0.0B->0.0B Heap: 6866.0K(8192.0K)->6866.0K(8192.0K)]
 [Times: user=0.00 sys=0.00, real=0.00 secs] 
180.313: Total time for which application threads were stopped: 0.0004810 seconds, Stopping threads took: 0.0000050 seconds
180.313: Application time: 0.0000320 seconds
180.313: [Full GC 6866K->5614K(8192K), 0.0054950 secs]
   [Eden: 0.0B(1024.0K)->0.0B(1024.0K) Survivors: 0.0B->0.0B Heap: 6866.0K(8192.0K)->5614.8K(8192.0K)], [Perm: 5166K->5166K(20480K)]
 [Times: user=0.01 sys=0.00, real=0.00 secs] 
180.319: Total time for which application threads were stopped: 0.0055580 seconds, Stopping threads took: 0.0000040 seconds
180.319: [GC concurrent-mark-abort]
181.589: Application time: 1.2706550 seconds
181.637: [GC pause (young), 0.0017290 secs]
   [Parallel Time: 1.1 ms, GC Workers: 8]
      [GC Worker Start (ms): Min: 181637.0, Avg: 181637.0, Max: 181637.1, Diff: 0.1]
      [Ext Root Scanning (ms): Min: 0.7, Avg: 0.7, Max: 0.8, Diff: 0.1, Sum: 5.9]
      [Update RS (ms): Min: 0.0, Avg: 0.0, Max: 0.0, Diff: 0.0, Sum: 0.1]
         [Processed Buffers: Min: 0, Avg: 1.0, Max: 3, Diff: 3, Sum: 8]
      [Scan RS (ms): Min: 0.0, Avg: 0.0, Max: 0.0, Diff: 0.0, Sum: 0.0]
      [Code Root Scanning (ms): Min: 0.0, Avg: 0.0, Max: 0.0, Diff: 0.0, Sum: 0.0]
      [Object Copy (ms): Min: 0.1, Avg: 0.1, Max: 0.1, Diff: 0.0, Sum: 0.8]
      [Termination (ms): Min: 0.0, Avg: 0.0, Max: 0.0, Diff: 0.0, Sum: 0.1]
      [GC Worker Other (ms): Min: 0.0, Avg: 0.0, Max: 0.0, Diff: 0.0, Sum: 0.1]
      [GC Worker Total (ms): Min: 0.8, Avg: 0.9, Max: 0.9, Diff: 0.0, Sum: 6.8]
      [GC Worker End (ms): Min: 181637.9, Avg: 181637.9, Max: 181637.9, Diff: 0.0]
   [Code Root Fixup: 0.0 ms]
   [Code Root Migration: 0.0 ms]
   [Clear CT: 0.3 ms]
   [Other: 0.3 ms]
      [Choose CSet: 0.0 ms]
      [Ref Proc: 0.3 ms]
      [Ref Enq: 0.0 ms]
      [Free CSet: 0.0 ms]
   [Eden: 1024.0K(1024.0K)->0.0B(1024.0K) Survivors: 0.0B->1024.0K Heap: 6638.8K(8192.0K)->5859.3K(8192.0K)]
 [Times: user=0.01 sys=0.00, real=0.00 secs] 
181.639: Total time for which application threads were stopped: 0.0493660 seconds, Stopping threads took: 0.0475270 seconds
182.854: Application time: 1.2148900 seconds
182.908: [GC pause (young) (initial-mark) (to-space exhausted), 0.0012500 secs]
   [Parallel Time: 0.9 ms, GC Workers: 8]
      [GC Worker Start (ms): Min: 182907.8, Avg: 182907.8, Max: 182907.9, Diff: 0.1]
      [Ext Root Scanning (ms): Min: 0.4, Avg: 0.4, Max: 0.5, Diff: 0.1, Sum: 3.4]
      [Code Root Marking (ms): Min: 0.0, Avg: 0.0, Max: 0.0, Diff: 0.0, Sum: 0.0]
      [Update RS (ms): Min: 0.0, Avg: 0.0, Max: 0.0, Diff: 0.0, Sum: 0.1]
         [Processed Buffers: Min: 0, Avg: 1.0, Max: 3, Diff: 3, Sum: 8]
      [Scan RS (ms): Min: 0.0, Avg: 0.0, Max: 0.0, Diff: 0.0, Sum: 0.0]
      [Code Root Scanning (ms): Min: 0.0, Avg: 0.0, Max: 0.0, Diff: 0.0, Sum: 0.0]
      [Object Copy (ms): Min: 0.1, Avg: 0.2, Max: 0.3, Diff: 0.2, Sum: 1.8]
      [Termination (ms): Min: 0.0, Avg: 0.1, Max: 0.1, Diff: 0.1, Sum: 0.5]
      [GC Worker Other (ms): Min: 0.0, Avg: 0.0, Max: 0.0, Diff: 0.0, Sum: 0.0]
      [GC Worker Total (ms): Min: 0.7, Avg: 0.7, Max: 0.8, Diff: 0.1, Sum: 5.8]
      [GC Worker End (ms): Min: 182908.6, Avg: 182908.6, Max: 182908.6, Diff: 0.0]
   [Code Root Fixup: 0.0 ms]
   [Code Root Migration: 0.0 ms]
   [Clear CT: 0.1 ms]
   [Other: 0.3 ms]
      [Choose CSet: 0.0 ms]
      [Ref Proc: 0.1 ms]
      [Ref Enq: 0.0 ms]
      [Free CSet: 0.0 ms]
   [Eden: 1024.0K(1024.0K)->0.0B(1024.0K) Survivors: 1024.0K->0.0B Heap: 6883.3K(8192.0K)->6883.3K(8192.0K)]
 [Times: user=0.01 sys=0.00, real=0.00 secs] 
182.911: [GC concurrent-root-region-scan-start]
182.911: [GC concurrent-root-region-scan-end, 0.0000040 secs]
182.911: [GC concurrent-mark-start]
182.911: Total time for which application threads were stopped: 0.0568420 seconds, Stopping threads took: 0.0540420 seconds
182.911: Application time: 0.0000680 seconds
182.966: [GC pause (young), 0.0007360 secs]
   [Parallel Time: 0.5 ms, GC Workers: 8]
      [GC Worker Start (ms): Min: 182965.7, Avg: 182965.7, Max: 182965.8, Diff: 0.1]
      [Ext Root Scanning (ms): Min: 0.3, Avg: 0.3, Max: 0.4, Diff: 0.0, Sum: 2.7]
      [SATB Filtering (ms): Min: 0.0, Avg: 0.0, Max: 0.0, Diff: 0.0, Sum: 0.0]
      [Update RS (ms): Min: 0.0, Avg: 0.0, Max: 0.0, Diff: 0.0, Sum: 0.1]
         [Processed Buffers: Min: 0, Avg: 1.8, Max: 5, Diff: 5, Sum: 14]
      [Scan RS (ms): Min: 0.0, Avg: 0.0, Max: 0.0, Diff: 0.0, Sum: 0.0]
      [Code Root Scanning (ms): Min: 0.0, Avg: 0.0, Max: 0.0, Diff: 0.0, Sum: 0.0]
      [Object Copy (ms): Min: 0.0, Avg: 0.0, Max: 0.0, Diff: 0.0, Sum: 0.2]
      [Termination (ms): Min: 0.0, Avg: 0.0, Max: 0.0, Diff: 0.0, Sum: 0.2]
      [GC Worker Other (ms): Min: 0.0, Avg: 0.0, Max: 0.0, Diff: 0.0, Sum: 0.0]
      [GC Worker Total (ms): Min: 0.4, Avg: 0.4, Max: 0.5, Diff: 0.1, Sum: 3.3]
      [GC Worker End (ms): Min: 182966.1, Avg: 182966.1, Max: 182966.1, Diff: 0.0]
   [Code Root Fixup: 0.0 ms]
   [Code Root Migration: 0.0 ms]
   [Clear CT: 0.1 ms]
   [Other: 0.1 ms]
      [Choose CSet: 0.0 ms]
      [Ref Proc: 0.1 ms]
      [Ref Enq: 0.0 ms]
      [Free CSet: 0.0 ms]
   [Eden: 0.0B(1024.0K)->0.0B(1024.0K) Survivors: 0.0B->0.0B Heap: 6883.3K(8192.0K)->6883.3K(8192.0K)]
 [Times: user=0.01 sys=0.00, real=0.00 secs] 
182.966: Total time for which application threads were stopped: 0.0558780 seconds, Stopping threads took: 0.0550700 seconds
182.967: Application time: 0.0000520 seconds
182.967: [GC pause (young), 0.0004550 secs]
   [Parallel Time: 0.3 ms, GC Workers: 8]
      [GC Worker Start (ms): Min: 182966.5, Avg: 182966.5, Max: 182966.6, Diff: 0.0]
      [Ext Root Scanning (ms): Min: 0.2, Avg: 0.2, Max: 0.3, Diff: 0.1, Sum: 1.9]
      [SATB Filtering (ms): Min: 0.0, Avg: 0.0, Max: 0.0, Diff: 0.0, Sum: 0.0]
      [Update RS (ms): Min: 0.0, Avg: 0.0, Max: 0.0, Diff: 0.0, Sum: 0.0]
         [Processed Buffers: Min: 0, Avg: 0.1, Max: 1, Diff: 1, Sum: 1]
      [Scan RS (ms): Min: 0.0, Avg: 0.0, Max: 0.0, Diff: 0.0, Sum: 0.0]
      [Code Root Scanning (ms): Min: 0.0, Avg: 0.0, Max: 0.0, Diff: 0.0, Sum: 0.0]
      [Object Copy (ms): Min: 0.0, Avg: 0.0, Max: 0.0, Diff: 0.0, Sum: 0.1]
      [Termination (ms): Min: 0.0, Avg: 0.0, Max: 0.0, Diff: 0.0, Sum: 0.2]
      [GC Worker Other (ms): Min: 0.0, Avg: 0.0, Max: 0.0, Diff: 0.0, Sum: 0.0]
      [GC Worker Total (ms): Min: 0.3, Avg: 0.3, Max: 0.3, Diff: 0.0, Sum: 2.4]
      [GC Worker End (ms): Min: 182966.8, Avg: 182966.8, Max: 182966.9, Diff: 0.0]
   [Code Root Fixup: 0.0 ms]
   [Code Root Migration: 0.0 ms]
   [Clear CT: 0.0 ms]
   [Other: 0.1 ms]
      [Choose CSet: 0.0 ms]
      [Ref Proc: 0.1 ms]
      [Ref Enq: 0.0 ms]
      [Free CSet: 0.0 ms]
   [Eden: 0.0B(1024.0K)->0.0B(1024.0K) Survivors: 0.0B->0.0B Heap: 6883.3K(8192.0K)->6883.3K(8192.0K)]
 [Times: user=0.00 sys=0.00, real=0.00 secs] 
182.967: Total time for which application threads were stopped: 0.0005200 seconds, Stopping threads took: 0.0000050 seconds
182.967: Application time: 0.0000270 seconds
182.967: [Full GC 6883K->5620K(8192K), 0.0055540 secs]
   [Eden: 0.0B(1024.0K)->0.0B(1024.0K) Survivors: 0.0B->0.0B Heap: 6883.3K(8192.0K)->5620.7K(8192.0K)], [Perm: 5166K->5166K(20480K)]
 [Times: user=0.01 sys=0.00, real=0.01 secs] 
182.973: Total time for which application threads were stopped: 0.0056180 seconds, Stopping threads took: 0.0000040 seconds
182.973: [GC concurrent-mark-abort]
184.063: Application time: 1.0898360 seconds
184.074: [GC pause (young), 0.0016350 secs]
   [Parallel Time: 1.1 ms, GC Workers: 8]
      [GC Worker Start (ms): Min: 184073.9, Avg: 184073.9, Max: 184074.0, Diff: 0.1]
      [Ext Root Scanning (ms): Min: 0.7, Avg: 0.7, Max: 0.8, Diff: 0.1, Sum: 5.9]
      [Update RS (ms): Min: 0.0, Avg: 0.0, Max: 0.0, Diff: 0.0, Sum: 0.1]
         [Processed Buffers: Min: 0, Avg: 1.0, Max: 3, Diff: 3, Sum: 8]
      [Scan RS (ms): Min: 0.0, Avg: 0.0, Max: 0.0, Diff: 0.0, Sum: 0.0]
      [Code Root Scanning (ms): Min: 0.0, Avg: 0.0, Max: 0.0, Diff: 0.0, Sum: 0.0]
      [Object Copy (ms): Min: 0.1, Avg: 0.1, Max: 0.1, Diff: 0.1, Sum: 0.7]
      [Termination (ms): Min: 0.0, Avg: 0.0, Max: 0.0, Diff: 0.0, Sum: 0.1]
      [GC Worker Other (ms): Min: 0.0, Avg: 0.0, Max: 0.0, Diff: 0.0, Sum: 0.1]
      [GC Worker Total (ms): Min: 0.8, Avg: 0.8, Max: 0.9, Diff: 0.1, Sum: 6.7]
      [GC Worker End (ms): Min: 184074.8, Avg: 184074.8, Max: 184074.8, Diff: 0.0]
   [Code Root Fixup: 0.0 ms]
   [Code Root Migration: 0.0 ms]
   [Clear CT: 0.2 ms]
   [Other: 0.4 ms]
      [Choose CSet: 0.0 ms]
      [Ref Proc: 0.3 ms]
      [Ref Enq: 0.0 ms]
      [Free CSet: 0.0 ms]
   [Eden: 1024.0K(1024.0K)->0.0B(1024.0K) Survivors: 0.0B->1024.0K Heap: 6644.7K(8192.0K)->5851.2K(8192.0K)]
 [Times: user=0.00 sys=0.00, real=0.00 secs] 
184.076: Total time for which application threads were stopped: 0.0130210 seconds, Stopping threads took: 0.0112610 seconds
185.397: Application time: 1.3209900 seconds
185.449: [GC pause (young) (initial-mark) (to-space exhausted), 0.0011160 secs]
   [Parallel Time: 0.8 ms, GC Workers: 8]
      [GC Worker Start (ms): Min: 185449.1, Avg: 185449.1, Max: 185449.1, Diff: 0.1]
      [Ext Root Scanning (ms): Min: 0.4, Avg: 0.4, Max: 0.5, Diff: 0.1, Sum: 3.4]
      [Code Root Marking (ms): Min: 0.0, Avg: 0.0, Max: 0.0, Diff: 0.0, Sum: 0.0]
      [Update RS (ms): Min: 0.0, Avg: 0.0, Max: 0.0, Diff: 0.0, Sum: 0.1]
         [Processed Buffers: Min: 0, Avg: 1.0, Max: 2, Diff: 2, Sum: 8]
      [Scan RS (ms): Min: 0.0, Avg: 0.0, Max: 0.0, Diff: 0.0, Sum: 0.0]
      [Code Root Scanning (ms): Min: 0.0, Avg: 0.0, Max: 0.0, Diff: 0.0, Sum: 0.0]
      [Object Copy (ms): Min: 0.1, Avg: 0.2, Max: 0.2, Diff: 0.1, Sum: 1.4]
      [Termination (ms): Min: 0.0, Avg: 0.0, Max: 0.1, Diff: 0.1, Sum: 0.3]
      [GC Worker Other (ms): Min: 0.0, Avg: 0.0, Max: 0.0, Diff: 0.0, Sum: 0.0]
      [GC Worker Total (ms): Min: 0.6, Avg: 0.7, Max: 0.7, Diff: 0.1, Sum: 5.2]
      [GC Worker End (ms): Min: 185449.7, Avg: 185449.7, Max: 185449.8, Diff: 0.0]
   [Code Root Fixup: 0.0 ms]
   [Code Root Migration: 0.0 ms]
   [Clear CT: 0.1 ms]
   [Other: 0.3 ms]
      [Choose CSet: 0.0 ms]
      [Ref Proc: 0.1 ms]
      [Ref Enq: 0.0 ms]
      [Free CSet: 0.0 ms]
   [Eden: 1024.0K(1024.0K)->0.0B(1024.0K) Survivors: 1024.0K->0.0B Heap: 6875.2K(8192.0K)->6875.2K(8192.0K)]
 [Times: user=0.01 sys=0.00, real=0.01 secs] 
185.450: [GC concurrent-root-region-scan-start]
185.450: 185.450: [GC concurrent-root-region-scan-end, 0.0000070 secs]
185.450: Total time for which application threads were stopped: 0.0536790 seconds, Stopping threads took: 0.0524520 seconds
[GC concurrent-mark-start]
185.450: Application time: 0.0000400 seconds
185.450: [GC pause (young), 0.0004600 secs]
   [Parallel Time: 0.3 ms, GC Workers: 8]
      [GC Worker Start (ms): Min: 185450.3, Avg: 185450.3, Max: 185450.3, Diff: 0.0]
      [Ext Root Scanning (ms): Min: 0.2, Avg: 0.3, Max: 0.3, Diff: 0.1, Sum: 2.0]
      [SATB Filtering (ms): Min: 0.0, Avg: 0.0, Max: 0.0, Diff: 0.0, Sum: 0.0]
      [Update RS (ms): Min: 0.0, Avg: 0.0, Max: 0.0, Diff: 0.0, Sum: 0.1]
         [Processed Buffers: Min: 0, Avg: 2.0, Max: 11, Diff: 11, Sum: 16]
      [Scan RS (ms): Min: 0.0, Avg: 0.0, Max: 0.0, Diff: 0.0, Sum: 0.0]
      [Code Root Scanning (ms): Min: 0.0, Avg: 0.0, Max: 0.0, Diff: 0.0, Sum: 0.0]
      [Object Copy (ms): Min: 0.0, Avg: 0.0, Max: 0.0, Diff: 0.0, Sum: 0.1]
      [Termination (ms): Min: 0.0, Avg: 0.0, Max: 0.0, Diff: 0.0, Sum: 0.2]
      [GC Worker Other (ms): Min: 0.0, Avg: 0.0, Max: 0.0, Diff: 0.0, Sum: 0.0]
      [GC Worker Total (ms): Min: 0.3, Avg: 0.3, Max: 0.3, Diff: 0.0, Sum: 2.5]
      [GC Worker End (ms): Min: 185450.6, Avg: 185450.6, Max: 185450.6, Diff: 0.0]
   [Code Root Fixup: 0.0 ms]
   [Code Root Migration: 0.0 ms]
   [Clear CT: 0.0 ms]
   [Other: 0.1 ms]
      [Choose CSet: 0.0 ms]
      [Ref Proc: 0.1 ms]
      [Ref Enq: 0.0 ms]
      [Free CSet: 0.0 ms]
   [Eden: 0.0B(1024.0K)->0.0B(1024.0K) Survivors: 0.0B->0.0B Heap: 6875.2K(8192.0K)->6875.2K(8192.0K)]
 [Times: user=0.00 sys=0.00, real=0.00 secs] 
185.451: Total time for which application threads were stopped: 0.0005320 seconds, Stopping threads took: 0.0000160 seconds
185.451: Application time: 0.0000320 seconds
185.451: [GC pause (young), 0.0004580 secs]
   [Parallel Time: 0.3 ms, GC Workers: 8]
      [GC Worker Start (ms): Min: 185450.9, Avg: 185450.9, Max: 185451.2, Diff: 0.3]
      [Ext Root Scanning (ms): Min: 0.0, Avg: 0.2, Max: 0.3, Diff: 0.3, Sum: 1.7]
      [Update RS (ms): Min: 0.0, Avg: 0.0, Max: 0.0, Diff: 0.0, Sum: 0.0]
         [Processed Buffers: Min: 0, Avg: 0.1, Max: 1, Diff: 1, Sum: 1]
      [Scan RS (ms): Min: 0.0, Avg: 0.0, Max: 0.0, Diff: 0.0, Sum: 0.0]
      [Code Root Scanning (ms): Min: 0.0, Avg: 0.0, Max: 0.0, Diff: 0.0, Sum: 0.0]
      [Object Copy (ms): Min: 0.0, Avg: 0.0, Max: 0.0, Diff: 0.0, Sum: 0.1]
      [Termination (ms): Min: 0.0, Avg: 0.1, Max: 0.1, Diff: 0.1, Sum: 0.4]
      [GC Worker Other (ms): Min: 0.0, Avg: 0.0, Max: 0.0, Diff: 0.0, Sum: 0.0]
      [GC Worker Total (ms): Min: 0.0, Avg: 0.3, Max: 0.3, Diff: 0.3, Sum: 2.2]
      [GC Worker End (ms): Min: 185451.2, Avg: 185451.2, Max: 185451.2, Diff: 0.0]
   [Code Root Fixup: 0.0 ms]
   [Code Root Migration: 0.0 ms]
   [Clear CT: 0.0 ms]
   [Other: 0.1 ms]
      [Choose CSet: 0.0 ms]
      [Ref Proc: 0.1 ms]
      [Ref Enq: 0.0 ms]
      [Free CSet: 0.0 ms]
   [Eden: 0.0B(1024.0K)->0.0B(1024.0K) Survivors: 0.0B->0.0B Heap: 6875.2K(8192.0K)->6875.2K(8192.0K)]
 [Times: user=0.01 sys=0.00, real=0.00 secs] 
185.451: Total time for which application threads were stopped: 0.0005210 seconds, Stopping threads took: 0.0000140 seconds
185.451: Application time: 0.0000400 seconds
185.451: [Full GC 6875K->5630K(8192K), 0.0055370 secs]
   [Eden: 0.0B(1024.0K)->0.0B(1024.0K) Survivors: 0.0B->0.0B Heap: 6875.2K(8192.0K)->5630.3K(8192.0K)], [Perm: 5166K->5166K(20480K)]
 [Times: user=0.00 sys=0.00, real=0.00 secs] 
185.457: Total time for which application threads were stopped: 0.0056160 seconds, Stopping threads took: 0.0000140 seconds
185.457: [GC concurrent-mark-abort]
185.457: Application time: 0.0004810 seconds
185.512: Total time for which application threads were stopped: 0.0541960 seconds, Stopping threads took: 0.0541720 seconds
186.777: Application time: 1.2656780 seconds
186.831: [GC pause (young), 0.0016470 secs]
   [Parallel Time: 1.0 ms, GC Workers: 8]
      [GC Worker Start (ms): Min: 186830.9, Avg: 186831.0, Max: 186831.0, Diff: 0.1]
      [Ext Root Scanning (ms): Min: 0.7, Avg: 0.7, Max: 0.8, Diff: 0.1, Sum: 5.9]
      [Update RS (ms): Min: 0.0, Avg: 0.0, Max: 0.0, Diff: 0.0, Sum: 0.1]
         [Processed Buffers: Min: 0, Avg: 0.9, Max: 3, Diff: 3, Sum: 7]
      [Scan RS (ms): Min: 0.0, Avg: 0.0, Max: 0.0, Diff: 0.0, Sum: 0.0]
      [Code Root Scanning (ms): Min: 0.0, Avg: 0.0, Max: 0.0, Diff: 0.0, Sum: 0.0]
      [Object Copy (ms): Min: 0.1, Avg: 0.1, Max: 0.1, Diff: 0.1, Sum: 0.7]
      [Termination (ms): Min: 0.0, Avg: 0.0, Max: 0.0, Diff: 0.0, Sum: 0.1]
      [GC Worker Other (ms): Min: 0.0, Avg: 0.0, Max: 0.0, Diff: 0.0, Sum: 0.0]
      [GC Worker Total (ms): Min: 0.8, Avg: 0.9, Max: 0.9, Diff: 0.1, Sum: 6.9]
      [GC Worker End (ms): Min: 186831.8, Avg: 186831.8, Max: 186831.8, Diff: 0.0]
   [Code Root Fixup: 0.0 ms]
   [Code Root Migration: 0.0 ms]
   [Clear CT: 0.4 ms]
   [Other: 0.3 ms]
      [Choose CSet: 0.0 ms]
      [Ref Proc: 0.2 ms]
      [Ref Enq: 0.0 ms]
      [Free CSet: 0.0 ms]
   [Eden: 1024.0K(1024.0K)->0.0B(1024.0K) Survivors: 0.0B->1024.0K Heap: 6654.3K(8192.0K)->5854.8K(8192.0K)]
 [Times: user=0.01 sys=0.00, real=0.00 secs] 
186.833: Total time for which application threads were stopped: 0.0552080 seconds, Stopping threads took: 0.0534390 seconds
188.112: Application time: 1.2795530 seconds
188.162: [GC pause (young) (initial-mark) (to-space exhausted), 0.0019230 secs]
   [Parallel Time: 0.8 ms, GC Workers: 8]
      [GC Worker Start (ms): Min: 188162.3, Avg: 188162.4, Max: 188162.4, Diff: 0.1]
      [Ext Root Scanning (ms): Min: 0.4, Avg: 0.4, Max: 0.4, Diff: 0.1, Sum: 3.2]
      [Code Root Marking (ms): Min: 0.0, Avg: 0.0, Max: 0.0, Diff: 0.0, Sum: 0.0]
      [Update RS (ms): Min: 0.0, Avg: 0.0, Max: 0.0, Diff: 0.0, Sum: 0.1]
         [Processed Buffers: Min: 0, Avg: 1.0, Max: 2, Diff: 2, Sum: 8]
      [Scan RS (ms): Min: 0.0, Avg: 0.0, Max: 0.0, Diff: 0.0, Sum: 0.0]
      [Code Root Scanning (ms): Min: 0.0, Avg: 0.0, Max: 0.0, Diff: 0.0, Sum: 0.0]
      [Object Copy (ms): Min: 0.1, Avg: 0.2, Max: 0.2, Diff: 0.1, Sum: 1.5]
      [Termination (ms): Min: 0.0, Avg: 0.0, Max: 0.1, Diff: 0.1, Sum: 0.4]
      [GC Worker Other (ms): Min: 0.0, Avg: 0.0, Max: 0.0, Diff: 0.0, Sum: 0.0]
      [GC Worker Total (ms): Min: 0.6, Avg: 0.6, Max: 0.7, Diff: 0.1, Sum: 5.2]
      [GC Worker End (ms): Min: 188163.0, Avg: 188163.0, Max: 188163.0, Diff: 0.0]
   [Code Root Fixup: 0.0 ms]
   [Code Root Migration: 0.0 ms]
   [Clear CT: 0.6 ms]
   [Other: 0.6 ms]
      [Choose CSet: 0.0 ms]
      [Ref Proc: 0.1 ms]
      [Ref Enq: 0.0 ms]
      [Free CSet: 0.0 ms]
   [Eden: 1024.0K(1024.0K)->0.0B(1024.0K) Survivors: 1024.0K->0.0B Heap: 6878.8K(8192.0K)->6878.8K(8192.0K)]
 [Times: user=0.00 sys=0.00, real=0.00 secs] 
188.166: Total time for which application threads were stopped: 0.0536280 seconds, Stopping threads took: 0.0500620 seconds
188.166: [GC concurrent-root-region-scan-start]
188.166: [GC concurrent-root-region-scan-end, 0.0000040 secs]
188.166: [GC concurrent-mark-start]
188.166: Application time: 0.0000730 seconds
188.166: [Full GC 6878K->5631K(8192K), 0.0061440 secs]
   [Eden: 0.0B(1024.0K)->0.0B(1024.0K) Survivors: 0.0B->0.0B Heap: 6878.8K(8192.0K)->5631.7K(8192.0K)], [Perm: 5166K->5166K(20480K)]
 [Times: user=0.01 sys=0.00, real=0.01 secs] 
188.172: Total time for which application threads were stopped: 0.0062160 seconds, Stopping threads took: 0.0000060 seconds
188.172: [GC concurrent-mark-abort]
189.326: Application time: 1.1540860 seconds
189.383: [GC pause (young), 0.0015880 secs]
   [Parallel Time: 1.1 ms, GC Workers: 8]
      [GC Worker Start (ms): Min: 189382.7, Avg: 189382.8, Max: 189382.8, Diff: 0.1]
      [Ext Root Scanning (ms): Min: 0.7, Avg: 0.7, Max: 0.8, Diff: 0.1, Sum: 5.8]
      [Update RS (ms): Min: 0.0, Avg: 0.0, Max: 0.0, Diff: 0.0, Sum: 0.1]
         [Processed Buffers: Min: 0, Avg: 1.0, Max: 2, Diff: 2, Sum: 8]
      [Scan RS (ms): Min: 0.0, Avg: 0.0, Max: 0.0, Diff: 0.0, Sum: 0.0]
      [Code Root Scanning (ms): Min: 0.0, Avg: 0.0, Max: 0.0, Diff: 0.0, Sum: 0.0]
      [Object Copy (ms): Min: 0.1, Avg: 0.1, Max: 0.1, Diff: 0.1, Sum: 0.7]
      [Termination (ms): Min: 0.0, Avg: 0.0, Max: 0.0, Diff: 0.0, Sum: 0.0]
      [GC Worker Other (ms): Min: 0.0, Avg: 0.0, Max: 0.0, Diff: 0.0, Sum: 0.1]
      [GC Worker Total (ms): Min: 0.8, Avg: 0.8, Max: 0.9, Diff: 0.1, Sum: 6.7]
      [GC Worker End (ms): Min: 189383.6, Avg: 189383.7, Max: 189383.7, Diff: 0.0]
   [Code Root Fixup: 0.0 ms]
   [Code Root Migration: 0.0 ms]
   [Clear CT: 0.3 ms]
   [Other: 0.2 ms]
      [Choose CSet: 0.0 ms]
      [Ref Proc: 0.1 ms]
      [Ref Enq: 0.0 ms]
      [Free CSet: 0.0 ms]
   [Eden: 1024.0K(1024.0K)->0.0B(1024.0K) Survivors: 0.0B->1024.0K Heap: 6655.7K(8192.0K)->5848.2K(8192.0K)]
 [Times: user=0.00 sys=0.00, real=0.00 secs] 
189.384: Total time for which application threads were stopped: 0.0582400 seconds, Stopping threads took: 0.0565400 seconds
190.592: Application time: 1.2077160 seconds
190.647: [GC pause (young) (initial-mark) (to-space exhausted), 0.0010980 secs]
   [Parallel Time: 0.7 ms, GC Workers: 8]
      [GC Worker Start (ms): Min: 190646.9, Avg: 190646.9, Max: 190646.9, Diff: 0.1]
      [Ext Root Scanning (ms): Min: 0.4, Avg: 0.4, Max: 0.5, Diff: 0.1, Sum: 3.3]
      [Code Root Marking (ms): Min: 0.0, Avg: 0.0, Max: 0.0, Diff: 0.0, Sum: 0.0]
      [Update RS (ms): Min: 0.0, Avg: 0.0, Max: 0.0, Diff: 0.0, Sum: 0.1]
         [Processed Buffers: Min: 0, Avg: 1.1, Max: 2, Diff: 2, Sum: 9]
      [Scan RS (ms): Min: 0.0, Avg: 0.0, Max: 0.0, Diff: 0.0, Sum: 0.0]
      [Code Root Scanning (ms): Min: 0.0, Avg: 0.0, Max: 0.0, Diff: 0.0, Sum: 0.0]
      [Object Copy (ms): Min: 0.1, Avg: 0.2, Max: 0.2, Diff: 0.1, Sum: 1.3]
      [Termination (ms): Min: 0.0, Avg: 0.1, Max: 0.1, Diff: 0.1, Sum: 0.5]
      [GC Worker Other (ms): Min: 0.0, Avg: 0.0, Max: 0.0, Diff: 0.0, Sum: 0.0]
      [GC Worker Total (ms): Min: 0.6, Avg: 0.7, Max: 0.7, Diff: 0.1, Sum: 5.3]
      [GC Worker End (ms): Min: 190647.5, Avg: 190647.5, Max: 190647.6, Diff: 0.0]
   [Code Root Fixup: 0.0 ms]
   [Code Root Migration: 0.0 ms]
   [Clear CT: 0.1 ms]
   [Other: 0.2 ms]
      [Choose CSet: 0.0 ms]
      [Ref Proc: 0.1 ms]
      [Ref Enq: 0.0 ms]
      [Free CSet: 0.0 ms]
   [Eden: 1024.0K(1024.0K)->0.0B(1024.0K) Survivors: 1024.0K->0.0B Heap: 6872.2K(8192.0K)->6872.2K(8192.0K)]
 [Times: user=0.00 sys=0.00, real=0.00 secs] 
190.648: [GC concurrent-root-region-scan-start]
190.648: [GC concurrent-root-region-scan-end, 0.0000040 secs]
190.648: 190.648: [GC concurrent-mark-start]
Total time for which application threads were stopped: 0.0558970 seconds, Stopping threads took: 0.0546990 seconds
190.648: Application time: 0.0000520 seconds
190.648: [GC pause (young), 0.0004900 secs]
   [Parallel Time: 0.4 ms, GC Workers: 8]
      [GC Worker Start (ms): Min: 190648.1, Avg: 190648.1, Max: 190648.1, Diff: 0.0]
      [Ext Root Scanning (ms): Min: 0.2, Avg: 0.2, Max: 0.3, Diff: 0.1, Sum: 2.0]
      [Update RS (ms): Min: 0.0, Avg: 0.0, Max: 0.0, Diff: 0.0, Sum: 0.1]
         [Processed Buffers: Min: 0, Avg: 1.9, Max: 12, Diff: 12, Sum: 15]
      [Scan RS (ms): Min: 0.0, Avg: 0.0, Max: 0.0, Diff: 0.0, Sum: 0.0]
      [Code Root Scanning (ms): Min: 0.0, Avg: 0.0, Max: 0.0, Diff: 0.0, Sum: 0.0]
      [Object Copy (ms): Min: 0.0, Avg: 0.0, Max: 0.0, Diff: 0.0, Sum: 0.1]
      [Termination (ms): Min: 0.0, Avg: 0.0, Max: 0.0, Diff: 0.0, Sum: 0.2]
      [GC Worker Other (ms): Min: 0.0, Avg: 0.0, Max: 0.0, Diff: 0.0, Sum: 0.0]
      [GC Worker Total (ms): Min: 0.3, Avg: 0.3, Max: 0.3, Diff: 0.0, Sum: 2.4]
      [GC Worker End (ms): Min: 190648.4, Avg: 190648.4, Max: 190648.4, Diff: 0.0]
   [Code Root Fixup: 0.0 ms]
   [Code Root Migration: 0.0 ms]
   [Clear CT: 0.0 ms]
   [Other: 0.1 ms]
      [Choose CSet: 0.0 ms]
      [Ref Proc: 0.0 ms]
      [Ref Enq: 0.0 ms]
      [Free CSet: 0.0 ms]
   [Eden: 0.0B(1024.0K)->0.0B(1024.0K) Survivors: 0.0B->0.0B Heap: 6872.2K(8192.0K)->6872.2K(8192.0K)]
 [Times: user=0.01 sys=0.00, real=0.00 secs] 
190.649: Total time for which application threads were stopped: 0.0005590 seconds, Stopping threads took: 0.0000060 seconds
190.649: Application time: 0.0000290 seconds
190.649: [GC pause (young), 0.0004790 secs]
   [Parallel Time: 0.4 ms, GC Workers: 8]
      [GC Worker Start (ms): Min: 190648.6, Avg: 190648.7, Max: 190649.0, Diff: 0.3]
      [Ext Root Scanning (ms): Min: 0.0, Avg: 0.2, Max: 0.3, Diff: 0.3, Sum: 1.5]
      [Update RS (ms): Min: 0.0, Avg: 0.0, Max: 0.0, Diff: 0.0, Sum: 0.0]
         [Processed Buffers: Min: 0, Avg: 0.1, Max: 1, Diff: 1, Sum: 1]
      [Scan RS (ms): Min: 0.0, Avg: 0.0, Max: 0.0, Diff: 0.0, Sum: 0.0]
      [Code Root Scanning (ms): Min: 0.0, Avg: 0.0, Max: 0.0, Diff: 0.0, Sum: 0.0]
      [Object Copy (ms): Min: 0.0, Avg: 0.0, Max: 0.0, Diff: 0.0, Sum: 0.1]
      [Termination (ms): Min: 0.0, Avg: 0.1, Max: 0.1, Diff: 0.1, Sum: 0.4]
      [GC Worker Other (ms): Min: -0.0, Avg: 0.0, Max: 0.0, Diff: 0.0, Sum: 0.0]
      [GC Worker Total (ms): Min: 0.0, Avg: 0.3, Max: 0.4, Diff: 0.3, Sum: 2.1]
      [GC Worker End (ms): Min: 190649.0, Avg: 190649.0, Max: 190649.0, Diff: 0.0]
   [Code Root Fixup: 0.0 ms]
   [Code Root Migration: 0.0 ms]
   [Clear CT: 0.0 ms]
   [Other: 0.1 ms]
      [Choose CSet: 0.0 ms]
      [Ref Proc: 0.1 ms]
      [Ref Enq: 0.0 ms]
      [Free CSet: 0.0 ms]
   [Eden: 0.0B(1024.0K)->0.0B(1024.0K) Survivors: 0.0B->0.0B Heap: 6872.2K(8192.0K)->6872.2K(8192.0K)]
 [Times: user=0.00 sys=0.00, real=0.00 secs] 
190.649: Total time for which application threads were stopped: 0.0005350 seconds, Stopping threads took: 0.0000040 seconds
190.649: Application time: 0.0000310 seconds
190.649: [GC pause (young), 0.0005010 secs]
   [Parallel Time: 0.3 ms, GC Workers: 8]
      [GC Worker Start (ms): Min: 190649.2, Avg: 190649.2, Max: 190649.2, Diff: 0.0]
      [Ext Root Scanning (ms): Min: 0.2, Avg: 0.2, Max: 0.3, Diff: 0.0, Sum: 1.9]
      [Update RS (ms): Min: 0.0, Avg: 0.0, Max: 0.0, Diff: 0.0, Sum: 0.0]
         [Processed Buffers: Min: 0, Avg: 0.1, Max: 1, Diff: 1, Sum: 1]
      [Scan RS (ms): Min: 0.0, Avg: 0.0, Max: 0.0, Diff: 0.0, Sum: 0.0]
      [Code Root Scanning (ms): Min: 0.0, Avg: 0.0, Max: 0.0, Diff: 0.0, Sum: 0.0]
      [Object Copy (ms): Min: 0.0, Avg: 0.0, Max: 0.0, Diff: 0.0, Sum: 0.1]
      [Termination (ms): Min: 0.0, Avg: 0.0, Max: 0.0, Diff: 0.0, Sum: 0.2]
      [GC Worker Other (ms): Min: 0.0, Avg: 0.0, Max: 0.0, Diff: 0.0, Sum: 0.0]
      [GC Worker Total (ms): Min: 0.3, Avg: 0.3, Max: 0.3, Diff: 0.0, Sum: 2.3]
      [GC Worker End (ms): Min: 190649.5, Avg: 190649.5, Max: 190649.5, Diff: 0.0]
   [Code Root Fixup: 0.0 ms]
   [Code Root Migration: 0.0 ms]
   [Clear CT: 0.0 ms]
   [Other: 0.1 ms]
      [Choose CSet: 0.0 ms]
      [Ref Proc: 0.1 ms]
      [Ref Enq: 0.0 ms]
      [Free CSet: 0.0 ms]
   [Eden: 0.0B(1024.0K)->0.0B(1024.0K) Survivors: 0.0B->0.0B Heap: 6872.2K(8192.0K)->6872.2K(8192.0K)]
 [Times: user=0.00 sys=0.00, real=0.01 secs] 
190.650: Total time for which application threads were stopped: 0.0005540 seconds, Stopping threads took: 0.0000030 seconds
190.650: Application time: 0.0000370 seconds
190.650: [GC pause (young), 0.0004930 secs]
   [Parallel Time: 0.3 ms, GC Workers: 8]
      [GC Worker Start (ms): Min: 190649.8, Avg: 190649.8, Max: 190649.8, Diff: 0.0]
      [Ext Root Scanning (ms): Min: 0.2, Avg: 0.2, Max: 0.2, Diff: 0.0, Sum: 1.8]
      [Update RS (ms): Min: 0.0, Avg: 0.0, Max: 0.0, Diff: 0.0, Sum: 0.0]
         [Processed Buffers: Min: 0, Avg: 0.1, Max: 1, Diff: 1, Sum: 1]
      [Scan RS (ms): Min: 0.0, Avg: 0.0, Max: 0.0, Diff: 0.0, Sum: 0.0]
      [Code Root Scanning (ms): Min: 0.0, Avg: 0.0, Max: 0.0, Diff: 0.0, Sum: 0.0]
      [Object Copy (ms): Min: 0.0, Avg: 0.0, Max: 0.0, Diff: 0.0, Sum: 0.1]
      [Termination (ms): Min: 0.0, Avg: 0.0, Max: 0.1, Diff: 0.1, Sum: 0.3]
      [GC Worker Other (ms): Min: -0.0, Avg: 0.0, Max: 0.0, Diff: 0.0, Sum: 0.0]
      [GC Worker Total (ms): Min: 0.3, Avg: 0.3, Max: 0.3, Diff: 0.0, Sum: 2.3]
      [GC Worker End (ms): Min: 190650.1, Avg: 190650.1, Max: 190650.1, Diff: 0.0]
   [Code Root Fixup: 0.0 ms]
   [Code Root Migration: 0.0 ms]
   [Clear CT: 0.0 ms]
   [Other: 0.1 ms]
      [Choose CSet: 0.0 ms]
      [Ref Proc: 0.1 ms]
      [Ref Enq: 0.0 ms]
      [Free CSet: 0.0 ms]
   [Eden: 0.0B(1024.0K)->0.0B(1024.0K) Survivors: 0.0B->0.0B Heap: 6872.2K(8192.0K)->6872.2K(8192.0K)]
 [Times: user=0.01 sys=0.00, real=0.00 secs] 
190.650: Total time for which application threads were stopped: 0.0005480 seconds, Stopping threads took: 0.0000030 seconds
190.650: Application time: 0.0000230 seconds
190.650: [Full GC 6872K->5633K(8192K), 0.0055280 secs]
   [Eden: 0.0B(1024.0K)->0.0B(1024.0K) Survivors: 0.0B->0.0B Heap: 6872.2K(8192.0K)->5633.3K(8192.0K)], [Perm: 5166K->5166K(20480K)]
 [Times: user=0.00 sys=0.00, real=0.00 secs] 
190.656: Total time for which application threads were stopped: 0.0055890 seconds, Stopping threads took: 0.0000030 seconds
190.656: [GC concurrent-mark-abort]
192.033: Application time: 1.3775300 seconds
192.088: [GC pause (young), 0.0017570 secs]
   [Parallel Time: 1.0 ms, GC Workers: 8]
      [GC Worker Start (ms): Min: 192088.2, Avg: 192088.3, Max: 192088.4, Diff: 0.1]
      [Ext Root Scanning (ms): Min: 0.7, Avg: 0.7, Max: 0.8, Diff: 0.1, Sum: 5.9]
      [Update RS (ms): Min: 0.0, Avg: 0.0, Max: 0.0, Diff: 0.0, Sum: 0.1]
         [Processed Buffers: Min: 0, Avg: 1.0, Max: 3, Diff: 3, Sum: 8]
      [Scan RS (ms): Min: 0.0, Avg: 0.0, Max: 0.0, Diff: 0.0, Sum: 0.0]
      [Code Root Scanning (ms): Min: 0.0, Avg: 0.0, Max: 0.0, Diff: 0.0, Sum: 0.0]
      [Object Copy (ms): Min: 0.1, Avg: 0.1, Max: 0.1, Diff: 0.0, Sum: 0.6]
      [Termination (ms): Min: 0.0, Avg: 0.0, Max: 0.0, Diff: 0.0, Sum: 0.1]
      [GC Worker Other (ms): Min: 0.0, Avg: 0.0, Max: 0.0, Diff: 0.0, Sum: 0.1]
      [GC Worker Total (ms): Min: 0.8, Avg: 0.8, Max: 0.9, Diff: 0.1, Sum: 6.8]
      [GC Worker End (ms): Min: 192089.1, Avg: 192089.2, Max: 192089.2, Diff: 0.0]
   [Code Root Fixup: 0.0 ms]
   [Code Root Migration: 0.0 ms]
   [Clear CT: 0.5 ms]
   [Other: 0.2 ms]
      [Choose CSet: 0.0 ms]
      [Ref Proc: 0.2 ms]
      [Ref Enq: 0.0 ms]
      [Free CSet: 0.0 ms]
   [Eden: 1024.0K(1024.0K)->0.0B(1024.0K) Survivors: 0.0B->1024.0K Heap: 6657.3K(8192.0K)->5881.9K(8192.0K)]
 [Times: user=0.01 sys=0.00, real=0.01 secs] 
192.090: Total time for which application threads were stopped: 0.0565300 seconds, Stopping threads took: 0.0546550 seconds
193.184: Application time: 1.0940720 seconds
193.236: [GC pause (young) (initial-mark) (to-space exhausted), 0.0011040 secs]
   [Parallel Time: 0.8 ms, GC Workers: 8]
      [GC Worker Start (ms): Min: 193236.4, Avg: 193236.5, Max: 193236.5, Diff: 0.1]
      [Ext Root Scanning (ms): Min: 0.4, Avg: 0.4, Max: 0.5, Diff: 0.1, Sum: 3.4]
      [Code Root Marking (ms): Min: 0.0, Avg: 0.0, Max: 0.0, Diff: 0.0, Sum: 0.0]
      [Update RS (ms): Min: 0.0, Avg: 0.0, Max: 0.0, Diff: 0.0, Sum: 0.1]
         [Processed Buffers: Min: 0, Avg: 0.9, Max: 3, Diff: 3, Sum: 7]
      [Scan RS (ms): Min: 0.0, Avg: 0.0, Max: 0.0, Diff: 0.0, Sum: 0.0]
      [Code Root Scanning (ms): Min: 0.0, Avg: 0.0, Max: 0.0, Diff: 0.0, Sum: 0.0]
      [Object Copy (ms): Min: 0.1, Avg: 0.2, Max: 0.2, Diff: 0.1, Sum: 1.5]
      [Termination (ms): Min: 0.0, Avg: 0.1, Max: 0.1, Diff: 0.1, Sum: 0.5]
      [GC Worker Other (ms): Min: 0.0, Avg: 0.0, Max: 0.0, Diff: 0.0, Sum: 0.0]
      [GC Worker Total (ms): Min: 0.6, Avg: 0.7, Max: 0.7, Diff: 0.1, Sum: 5.4]
      [GC Worker End (ms): Min: 193237.2, Avg: 193237.2, Max: 193237.2, Diff: 0.0]
   [Code Root Fixup: 0.0 ms]
   [Code Root Migration: 0.0 ms]
   [Clear CT: 0.1 ms]
   [Other: 0.2 ms]
      [Choose CSet: 0.0 ms]
      [Ref Proc: 0.1 ms]
      [Ref Enq: 0.0 ms]
      [Free CSet: 0.0 ms]
   [Eden: 1024.0K(1024.0K)->0.0B(1024.0K) Survivors: 1024.0K->0.0B Heap: 6905.9K(8192.0K)->6905.9K(8192.0K)]
 [Times: user=0.00 sys=0.01, real=0.00 secs] 
193.239: [GC concurrent-root-region-scan-start]
193.239: [GC concurrent-root-region-scan-end, 0.0000060 secs]
193.239: [GC concurrent-mark-start]
193.239: Total time for which application threads were stopped: 0.0550280 seconds, Stopping threads took: 0.0522640 seconds
193.240: [GC concurrent-mark-end, 0.0013860 secs]
193.241: Application time: 0.0014060 seconds
193.241: [GC pause (young), 0.0005090 secs]
   [Parallel Time: 0.4 ms, GC Workers: 8]
      [GC Worker Start (ms): Min: 193240.6, Avg: 193240.6, Max: 193240.6, Diff: 0.0]
      [Ext Root Scanning (ms): Min: 0.2, Avg: 0.3, Max: 0.3, Diff: 0.1, Sum: 2.2]
      [SATB Filtering (ms): Min: 0.0, Avg: 0.0, Max: 0.0, Diff: 0.0, Sum: 0.0]
      [Update RS (ms): Min: 0.0, Avg: 0.0, Max: 0.0, Diff: 0.0, Sum: 0.1]
         [Processed Buffers: Min: 0, Avg: 1.8, Max: 5, Diff: 5, Sum: 14]
      [Scan RS (ms): Min: 0.0, Avg: 0.0, Max: 0.0, Diff: 0.0, Sum: 0.0]
      [Code Root Scanning (ms): Min: 0.0, Avg: 0.0, Max: 0.0, Diff: 0.0, Sum: 0.0]
      [Object Copy (ms): Min: 0.0, Avg: 0.0, Max: 0.0, Diff: 0.0, Sum: 0.1]
      [Termination (ms): Min: 0.0, Avg: 0.0, Max: 0.1, Diff: 0.1, Sum: 0.3]
      [GC Worker Other (ms): Min: 0.0, Avg: 0.0, Max: 0.0, Diff: 0.0, Sum: 0.0]
      [GC Worker Total (ms): Min: 0.3, Avg: 0.3, Max: 0.3, Diff: 0.0, Sum: 2.7]
      [GC Worker End (ms): Min: 193240.9, Avg: 193240.9, Max: 193240.9, Diff: 0.0]
   [Code Root Fixup: 0.0 ms]
   [Code Root Migration: 0.0 ms]
   [Clear CT: 0.0 ms]
   [Other: 0.1 ms]
      [Choose CSet: 0.0 ms]
      [Ref Proc: 0.1 ms]
      [Ref Enq: 0.0 ms]
      [Free CSet: 0.0 ms]
   [Eden: 0.0B(1024.0K)->0.0B(1024.0K) Survivors: 0.0B->0.0B Heap: 6905.9K(8192.0K)->6905.9K(8192.0K)]
 [Times: user=0.00 sys=0.00, real=0.00 secs] 
193.241: Total time for which application threads were stopped: 0.0005720 seconds, Stopping threads took: 0.0000060 seconds
193.241: Application time: 0.0000140 seconds
193.241: [GC pause (young), 0.0004970 secs]
   [Parallel Time: 0.3 ms, GC Workers: 8]
      [GC Worker Start (ms): Min: 193241.1, Avg: 193241.1, Max: 193241.2, Diff: 0.0]
      [Ext Root Scanning (ms): Min: 0.2, Avg: 0.2, Max: 0.3, Diff: 0.0, Sum: 1.9]
      [Update RS (ms): Min: 0.0, Avg: 0.0, Max: 0.0, Diff: 0.0, Sum: 0.0]
         [Processed Buffers: Min: 0, Avg: 0.1, Max: 1, Diff: 1, Sum: 1]
      [Scan RS (ms): Min: 0.0, Avg: 0.0, Max: 0.0, Diff: 0.0, Sum: 0.0]
      [Code Root Scanning (ms): Min: 0.0, Avg: 0.0, Max: 0.0, Diff: 0.0, Sum: 0.0]
      [Object Copy (ms): Min: 0.0, Avg: 0.0, Max: 0.0, Diff: 0.0, Sum: 0.1]
      [Termination (ms): Min: 0.0, Avg: 0.0, Max: 0.1, Diff: 0.1, Sum: 0.3]
      [GC Worker Other (ms): Min: 0.0, Avg: 0.0, Max: 0.0, Diff: 0.0, Sum: 0.0]
      [GC Worker Total (ms): Min: 0.3, Avg: 0.3, Max: 0.3, Diff: 0.0, Sum: 2.4]
      [GC Worker End (ms): Min: 193241.4, Avg: 193241.4, Max: 193241.4, Diff: 0.0]
   [Code Root Fixup: 0.0 ms]
   [Code Root Migration: 0.0 ms]
   [Clear CT: 0.0 ms]
   [Other: 0.1 ms]
      [Choose CSet: 0.0 ms]
      [Ref Proc: 0.1 ms]
      [Ref Enq: 0.0 ms]
      [Free CSet: 0.0 ms]
   [Eden: 0.0B(1024.0K)->0.0B(1024.0K) Survivors: 0.0B->0.0B Heap: 6905.9K(8192.0K)->6905.9K(8192.0K)]
 [Times: user=0.00 sys=0.00, real=0.01 secs] 
193.242: Total time for which application threads were stopped: 0.0005520 seconds, Stopping threads took: 0.0000040 seconds
193.242: Application time: 0.0000180 seconds
193.242: [GC pause (young), 0.0004430 secs]
   [Parallel Time: 0.3 ms, GC Workers: 8]
      [GC Worker Start (ms): Min: 193241.7, Avg: 193241.7, Max: 193241.7, Diff: 0.0]
      [Ext Root Scanning (ms): Min: 0.2, Avg: 0.2, Max: 0.3, Diff: 0.1, Sum: 1.8]
      [Update RS (ms): Min: 0.0, Avg: 0.0, Max: 0.0, Diff: 0.0, Sum: 0.0]
         [Processed Buffers: Min: 0, Avg: 0.1, Max: 1, Diff: 1, Sum: 1]
      [Scan RS (ms): Min: 0.0, Avg: 0.0, Max: 0.0, Diff: 0.0, Sum: 0.0]
      [Code Root Scanning (ms): Min: 0.0, Avg: 0.0, Max: 0.0, Diff: 0.0, Sum: 0.0]
      [Object Copy (ms): Min: 0.0, Avg: 0.0, Max: 0.0, Diff: 0.0, Sum: 0.1]
      [Termination (ms): Min: 0.0, Avg: 0.0, Max: 0.1, Diff: 0.1, Sum: 0.3]
      [GC Worker Other (ms): Min: -0.0, Avg: 0.0, Max: 0.0, Diff: 0.0, Sum: 0.0]
      [GC Worker Total (ms): Min: 0.3, Avg: 0.3, Max: 0.3, Diff: 0.0, Sum: 2.3]
      [GC Worker End (ms): Min: 193242.0, Avg: 193242.0, Max: 193242.0, Diff: 0.0]
   [Code Root Fixup: 0.0 ms]
   [Code Root Migration: 0.0 ms]
   [Clear CT: 0.0 ms]
   [Other: 0.1 ms]
      [Choose CSet: 0.0 ms]
      [Ref Proc: 0.1 ms]
      [Ref Enq: 0.0 ms]
      [Free CSet: 0.0 ms]
   [Eden: 0.0B(1024.0K)->0.0B(1024.0K) Survivors: 0.0B->0.0B Heap: 6905.9K(8192.0K)->6905.9K(8192.0K)]
 [Times: user=0.01 sys=0.00, real=0.00 secs] 
193.242: Total time for which application threads were stopped: 0.0005010 seconds, Stopping threads took: 0.0000050 seconds
193.242: Application time: 0.0000170 seconds
193.242: [Full GC 6905K->5626K(8192K), 0.0054030 secs]
   [Eden: 0.0B(1024.0K)->0.0B(1024.0K) Survivors: 0.0B->0.0B Heap: 6905.9K(8192.0K)->5626.7K(8192.0K)], [Perm: 5166K->5166K(20480K)]
 [Times: user=0.00 sys=0.00, real=0.00 secs] 
193.248: Total time for which application threads were stopped: 0.0054670 seconds, Stopping threads took: 0.0000040 seconds
193.248: Application time: 0.0000450 seconds
193.248: [GC remark, 0.0000060 secs]
 [Times: user=0.00 sys=0.00, real=0.00 secs] 
193.248: Total time for which application threads were stopped: 0.0000790 seconds, Stopping threads took: 0.0000460 seconds
193.248: Application time: 0.0000690 seconds
193.248: Total time for which application threads were stopped: 0.0000760 seconds, Stopping threads took: 0.0000700 seconds
193.248: [GC concurrent-mark-abort]
194.457: Application time: 1.2085750 seconds
194.510: [GC pause (young), 0.0013870 secs]
   [Parallel Time: 1.1 ms, GC Workers: 8]
      [GC Worker Start (ms): Min: 194510.4, Avg: 194510.5, Max: 194510.5, Diff: 0.1]
      [Ext Root Scanning (ms): Min: 0.7, Avg: 0.7, Max: 0.8, Diff: 0.1, Sum: 6.0]
      [Update RS (ms): Min: 0.0, Avg: 0.0, Max: 0.0, Diff: 0.0, Sum: 0.1]
         [Processed Buffers: Min: 0, Avg: 0.9, Max: 3, Diff: 3, Sum: 7]
      [Scan RS (ms): Min: 0.0, Avg: 0.0, Max: 0.0, Diff: 0.0, Sum: 0.0]
      [Code Root Scanning (ms): Min: 0.0, Avg: 0.0, Max: 0.0, Diff: 0.0, Sum: 0.0]
      [Object Copy (ms): Min: 0.1, Avg: 0.1, Max: 0.1, Diff: 0.0, Sum: 0.7]
      [Termination (ms): Min: 0.0, Avg: 0.0, Max: 0.0, Diff: 0.0, Sum: 0.1]
      [GC Worker Other (ms): Min: 0.0, Avg: 0.0, Max: 0.0, Diff: 0.0, Sum: 0.1]
      [GC Worker Total (ms): Min: 0.8, Avg: 0.9, Max: 0.9, Diff: 0.1, Sum: 6.9]
      [GC Worker End (ms): Min: 194511.3, Avg: 194511.3, Max: 194511.3, Diff: 0.0]
   [Code Root Fixup: 0.0 ms]
   [Code Root Migration: 0.0 ms]
   [Clear CT: 0.2 ms]
   [Other: 0.1 ms]
      [Choose CSet: 0.0 ms]
      [Ref Proc: 0.1 ms]
      [Ref Enq: 0.0 ms]
      [Free CSet: 0.0 ms]
   [Eden: 1024.0K(1024.0K)->0.0B(1024.0K) Survivors: 0.0B->1024.0K Heap: 6650.7K(8192.0K)->5891.3K(8192.0K)]
 [Times: user=0.01 sys=0.00, real=0.00 secs] 
194.512: Total time for which application threads were stopped: 0.0553070 seconds, Stopping threads took: 0.0537960 seconds
195.941: Application time: 1.4288920 seconds
195.960: [GC pause (young) (initial-mark) (to-space exhausted), 0.0009800 secs]
   [Parallel Time: 0.7 ms, GC Workers: 8]
      [GC Worker Start (ms): Min: 195960.1, Avg: 195960.2, Max: 195960.2, Diff: 0.1]
      [Ext Root Scanning (ms): Min: 0.4, Avg: 0.5, Max: 0.5, Diff: 0.1, Sum: 3.8]
      [Code Root Marking (ms): Min: 0.0, Avg: 0.0, Max: 0.0, Diff: 0.0, Sum: 0.0]
      [Update RS (ms): Min: 0.0, Avg: 0.0, Max: 0.0, Diff: 0.0, Sum: 0.1]
         [Processed Buffers: Min: 0, Avg: 1.0, Max: 2, Diff: 2, Sum: 8]
      [Scan RS (ms): Min: 0.0, Avg: 0.0, Max: 0.0, Diff: 0.0, Sum: 0.0]
      [Code Root Scanning (ms): Min: 0.0, Avg: 0.0, Max: 0.0, Diff: 0.0, Sum: 0.0]
      [Object Copy (ms): Min: 0.1, Avg: 0.1, Max: 0.2, Diff: 0.1, Sum: 1.2]
      [Termination (ms): Min: 0.0, Avg: 0.0, Max: 0.1, Diff: 0.1, Sum: 0.2]
      [GC Worker Other (ms): Min: 0.0, Avg: 0.0, Max: 0.0, Diff: 0.0, Sum: 0.0]
      [GC Worker Total (ms): Min: 0.6, Avg: 0.7, Max: 0.7, Diff: 0.1, Sum: 5.3]
      [GC Worker End (ms): Min: 195960.8, Avg: 195960.8, Max: 195960.8, Diff: 0.0]
   [Code Root Fixup: 0.0 ms]
   [Code Root Migration: 0.0 ms]
   [Clear CT: 0.0 ms]
   [Other: 0.2 ms]
      [Choose CSet: 0.0 ms]
      [Ref Proc: 0.1 ms]
      [Ref Enq: 0.0 ms]
      [Free CSet: 0.0 ms]
   [Eden: 1024.0K(1024.0K)->0.0B(1024.0K) Survivors: 1024.0K->0.0B Heap: 6915.3K(8192.0K)->6915.3K(8192.0K)]
 [Times: user=0.00 sys=0.00, real=0.00 secs] 
195.961: [GC concurrent-root-region-scan-start]
195.961: [GC concurrent-root-region-scan-end, 0.0000060 secs]
195.961: 195.961[GC concurrent-mark-start]
: Total time for which application threads were stopped: 0.0204270 seconds, Stopping threads took: 0.0193330 seconds
195.961: Application time: 0.0000360 seconds
195.961: [GC pause (young), 0.0004520 secs]
   [Parallel Time: 0.3 ms, GC Workers: 8]
      [GC Worker Start (ms): Min: 195961.2, Avg: 195961.2, Max: 195961.2, Diff: 0.0]
      [Ext Root Scanning (ms): Min: 0.2, Avg: 0.3, Max: 0.3, Diff: 0.1, Sum: 2.1]
      [SATB Filtering (ms): Min: 0.0, Avg: 0.0, Max: 0.0, Diff: 0.0, Sum: 0.0]
      [Update RS (ms): Min: 0.0, Avg: 0.0, Max: 0.0, Diff: 0.0, Sum: 0.1]
         [Processed Buffers: Min: 0, Avg: 1.9, Max: 10, Diff: 10, Sum: 15]
      [Scan RS (ms): Min: 0.0, Avg: 0.0, Max: 0.0, Diff: 0.0, Sum: 0.0]
      [Code Root Scanning (ms): Min: 0.0, Avg: 0.0, Max: 0.0, Diff: 0.0, Sum: 0.0]
      [Object Copy (ms): Min: 0.0, Avg: 0.0, Max: 0.0, Diff: 0.0, Sum: 0.1]
      [Termination (ms): Min: 0.0, Avg: 0.0, Max: 0.0, Diff: 0.0, Sum: 0.2]
      [GC Worker Other (ms): Min: 0.0, Avg: 0.0, Max: 0.0, Diff: 0.0, Sum: 0.0]
      [GC Worker Total (ms): Min: 0.3, Avg: 0.3, Max: 0.3, Diff: 0.0, Sum: 2.5]
      [GC Worker End (ms): Min: 195961.5, Avg: 195961.5, Max: 195961.6, Diff: 0.0]
   [Code Root Fixup: 0.0 ms]
   [Code Root Migration: 0.0 ms]
   [Clear CT: 0.0 ms]
   [Other: 0.1 ms]
      [Choose CSet: 0.0 ms]
      [Ref Proc: 0.1 ms]
      [Ref Enq: 0.0 ms]
      [Free CSet: 0.0 ms]
   [Eden: 0.0B(1024.0K)->0.0B(1024.0K) Survivors: 0.0B->0.0B Heap: 6915.3K(8192.0K)->6915.3K(8192.0K)]
 [Times: user=0.01 sys=0.00, real=0.01 secs] 
195.962: Total time for which application threads were stopped: 0.0005120 seconds, Stopping threads took: 0.0000060 seconds
195.962: Application time: 0.0000330 seconds
195.962: [GC pause (young), 0.0004920 secs]
   [Parallel Time: 0.3 ms, GC Workers: 8]
      [GC Worker Start (ms): Min: 195961.8, Avg: 195961.8, Max: 195961.8, Diff: 0.0]
      [Ext Root Scanning (ms): Min: 0.2, Avg: 0.2, Max: 0.3, Diff: 0.0, Sum: 1.8]
      [SATB Filtering (ms): Min: 0.0, Avg: 0.0, Max: 0.0, Diff: 0.0, Sum: 0.0]
      [Update RS (ms): Min: 0.0, Avg: 0.0, Max: 0.0, Diff: 0.0, Sum: 0.0]
         [Processed Buffers: Min: 0, Avg: 0.1, Max: 1, Diff: 1, Sum: 1]
      [Scan RS (ms): Min: 0.0, Avg: 0.0, Max: 0.0, Diff: 0.0, Sum: 0.0]
      [Code Root Scanning (ms): Min: 0.0, Avg: 0.0, Max: 0.0, Diff: 0.0, Sum: 0.0]
      [Object Copy (ms): Min: 0.0, Avg: 0.0, Max: 0.0, Diff: 0.0, Sum: 0.1]
      [Termination (ms): Min: 0.0, Avg: 0.0, Max: 0.1, Diff: 0.1, Sum: 0.3]
      [GC Worker Other (ms): Min: 0.0, Avg: 0.0, Max: 0.0, Diff: 0.0, Sum: 0.0]
      [GC Worker Total (ms): Min: 0.3, Avg: 0.3, Max: 0.3, Diff: 0.0, Sum: 2.3]
      [GC Worker End (ms): Min: 195962.0, Avg: 195962.1, Max: 195962.1, Diff: 0.0]
   [Code Root Fixup: 0.0 ms]
   [Code Root Migration: 0.0 ms]
   [Clear CT: 0.0 ms]
   [Other: 0.1 ms]
      [Choose CSet: 0.0 ms]
      [Ref Proc: 0.1 ms]
      [Ref Enq: 0.0 ms]
      [Free CSet: 0.0 ms]
   [Eden: 0.0B(1024.0K)->0.0B(1024.0K) Survivors: 0.0B->0.0B Heap: 6915.3K(8192.0K)->6915.3K(8192.0K)]
 [Times: user=0.00 sys=0.00, real=0.00 secs] 
195.962: Total time for which application threads were stopped: 0.0005470 seconds, Stopping threads took: 0.0000030 seconds
195.962: Application time: 0.0000270 seconds
195.962: [Full GC 6915K->5628K(8192K), 0.0053800 secs]
   [Eden: 0.0B(1024.0K)->0.0B(1024.0K) Survivors: 0.0B->0.0B Heap: 6915.3K(8192.0K)->5628.3K(8192.0K)], [Perm: 5166K->5166K(20480K)]
 [Times: user=0.01 sys=0.00, real=0.00 secs] 
195.968: Total time for which application threads were stopped: 0.0054410 seconds, Stopping threads took: 0.0000040 seconds
195.968: [GC concurrent-mark-abort]
197.015: Application time: 1.0468900 seconds
197.071: [GC pause (young), 0.0015020 secs]
   [Parallel Time: 0.9 ms, GC Workers: 8]
      [GC Worker Start (ms): Min: 197071.3, Avg: 197071.4, Max: 197071.5, Diff: 0.1]
      [Ext Root Scanning (ms): Min: 0.7, Avg: 0.7, Max: 0.8, Diff: 0.1, Sum: 5.9]
      [Update RS (ms): Min: 0.0, Avg: 0.0, Max: 0.0, Diff: 0.0, Sum: 0.1]
         [Processed Buffers: Min: 0, Avg: 1.0, Max: 2, Diff: 2, Sum: 8]
      [Scan RS (ms): Min: 0.0, Avg: 0.0, Max: 0.0, Diff: 0.0, Sum: 0.0]
      [Code Root Scanning (ms): Min: 0.0, Avg: 0.0, Max: 0.0, Diff: 0.0, Sum: 0.0]
      [Object Copy (ms): Min: 0.1, Avg: 0.1, Max: 0.1, Diff: 0.1, Sum: 0.7]
      [Termination (ms): Min: 0.0, Avg: 0.0, Max: 0.0, Diff: 0.0, Sum: 0.0]
      [GC Worker Other (ms): Min: 0.0, Avg: 0.0, Max: 0.0, Diff: 0.0, Sum: 0.1]
      [GC Worker Total (ms): Min: 0.8, Avg: 0.9, Max: 0.9, Diff: 0.1, Sum: 6.9]
      [GC Worker End (ms): Min: 197072.3, Avg: 197072.3, Max: 197072.3, Diff: 0.0]
   [Code Root Fixup: 0.0 ms]
   [Code Root Migration: 0.0 ms]
   [Clear CT: 0.4 ms]
   [Other: 0.1 ms]
      [Choose CSet: 0.0 ms]
      [Ref Proc: 0.1 ms]
      [Ref Enq: 0.0 ms]
      [Free CSet: 0.0 ms]
   [Eden: 1024.0K(1024.0K)->0.0B(1024.0K) Survivors: 0.0B->1024.0K Heap: 6652.3K(8192.0K)->5858.8K(8192.0K)]
 [Times: user=0.01 sys=0.00, real=0.00 secs] 
197.073: Total time for which application threads were stopped: 0.0582370 seconds, Stopping threads took: 0.0566100 seconds
198.565: Application time: 1.4924520 seconds
198.614: [GC pause (young) (initial-mark) (to-space exhausted), 0.0010880 secs]
   [Parallel Time: 0.8 ms, GC Workers: 8]
      [GC Worker Start (ms): Min: 198614.1, Avg: 198614.1, Max: 198614.2, Diff: 0.1]
      [Ext Root Scanning (ms): Min: 0.4, Avg: 0.4, Max: 0.4, Diff: 0.1, Sum: 3.3]
      [Code Root Marking (ms): Min: 0.0, Avg: 0.0, Max: 0.0, Diff: 0.0, Sum: 0.0]
      [Update RS (ms): Min: 0.0, Avg: 0.0, Max: 0.0, Diff: 0.0, Sum: 0.1]
         [Processed Buffers: Min: 0, Avg: 1.0, Max: 3, Diff: 3, Sum: 8]
      [Scan RS (ms): Min: 0.0, Avg: 0.0, Max: 0.0, Diff: 0.0, Sum: 0.0]
      [Code Root Scanning (ms): Min: 0.0, Avg: 0.0, Max: 0.0, Diff: 0.0, Sum: 0.0]
      [Object Copy (ms): Min: 0.2, Avg: 0.2, Max: 0.2, Diff: 0.1, Sum: 1.4]
      [Termination (ms): Min: 0.0, Avg: 0.0, Max: 0.1, Diff: 0.1, Sum: 0.3]
      [GC Worker Other (ms): Min: 0.0, Avg: 0.0, Max: 0.0, Diff: 0.0, Sum: 0.0]
      [GC Worker Total (ms): Min: 0.6, Avg: 0.6, Max: 0.7, Diff: 0.1, Sum: 5.0]
      [GC Worker End (ms): Min: 198614.8, Avg: 198614.8, Max: 198614.8, Diff: 0.0]
   [Code Root Fixup: 0.0 ms]
   [Code Root Migration: 0.0 ms]
   [Clear CT: 0.1 ms]
   [Other: 0.3 ms]
      [Choose CSet: 0.0 ms]
      [Ref Proc: 0.1 ms]
      [Ref Enq: 0.0 ms]
      [Free CSet: 0.0 ms]
   [Eden: 1024.0K(1024.0K)->0.0B(1024.0K) Survivors: 1024.0K->0.0B Heap: 6882.8K(8192.0K)->6882.8K(8192.0K)]
 [Times: user=0.01 sys=0.00, real=0.00 secs] 
198.615: [GC concurrent-root-region-scan-start]
198.615: [GC concurrent-root-region-scan-end, 0.0000060 secs]
198.615: [GC concurrent-mark-start]
198.615: Total time for which application threads were stopped: 0.0498740 seconds, Stopping threads took: 0.0486490 seconds
198.615: Application time: 0.0000470 seconds
198.615: [GC pause (young), 0.0004590 secs]
   [Parallel Time: 0.3 ms, GC Workers: 8]
      [GC Worker Start (ms): Min: 198615.3, Avg: 198615.3, Max: 198615.3, Diff: 0.0]
      [Ext Root Scanning (ms): Min: 0.2, Avg: 0.3, Max: 0.3, Diff: 0.0, Sum: 2.1]
      [SATB Filtering (ms): Min: 0.0, Avg: 0.0, Max: 0.0, Diff: 0.0, Sum: 0.0]
      [Update RS (ms): Min: 0.0, Avg: 0.0, Max: 0.0, Diff: 0.0, Sum: 0.1]
         [Processed Buffers: Min: 0, Avg: 1.9, Max: 6, Diff: 6, Sum: 15]
      [Scan RS (ms): Min: 0.0, Avg: 0.0, Max: 0.0, Diff: 0.0, Sum: 0.0]
      [Code Root Scanning (ms): Min: 0.0, Avg: 0.0, Max: 0.0, Diff: 0.0, Sum: 0.0]
      [Object Copy (ms): Min: 0.0, Avg: 0.0, Max: 0.0, Diff: 0.0, Sum: 0.1]
      [Termination (ms): Min: 0.0, Avg: 0.0, Max: 0.0, Diff: 0.0, Sum: 0.2]
      [GC Worker Other (ms): Min: -0.0, Avg: 0.0, Max: 0.0, Diff: 0.0, Sum: 0.0]
      [GC Worker Total (ms): Min: 0.3, Avg: 0.3, Max: 0.3, Diff: 0.0, Sum: 2.5]
      [GC Worker End (ms): Min: 198615.6, Avg: 198615.6, Max: 198615.6, Diff: 0.0]
   [Code Root Fixup: 0.0 ms]
   [Code Root Migration: 0.0 ms]
   [Clear CT: 0.0 ms]
   [Other: 0.1 ms]
      [Choose CSet: 0.0 ms]
      [Ref Proc: 0.1 ms]
      [Ref Enq: 0.0 ms]
      [Free CSet: 0.0 ms]
   [Eden: 0.0B(1024.0K)->0.0B(1024.0K) Survivors: 0.0B->0.0B Heap: 6882.8K(8192.0K)->6882.8K(8192.0K)]
 [Times: user=0.00 sys=0.00, real=0.00 secs] 
198.616: Total time for which application threads were stopped: 0.0005280 seconds, Stopping threads took: 0.0000070 seconds
198.616: Application time: 0.0000330 seconds
198.616: [GC pause (young), 0.0004870 secs]
   [Parallel Time: 0.3 ms, GC Workers: 8]
      [GC Worker Start (ms): Min: 198615.8, Avg: 198615.9, Max: 198615.9, Diff: 0.0]
      [Ext Root Scanning (ms): Min: 0.2, Avg: 0.2, Max: 0.3, Diff: 0.1, Sum: 1.8]
      [Update RS (ms): Min: 0.0, Avg: 0.0, Max: 0.0, Diff: 0.0, Sum: 0.0]
         [Processed Buffers: Min: 0, Avg: 0.1, Max: 1, Diff: 1, Sum: 1]
      [Scan RS (ms): Min: 0.0, Avg: 0.0, Max: 0.0, Diff: 0.0, Sum: 0.0]
      [Code Root Scanning (ms): Min: 0.0, Avg: 0.0, Max: 0.0, Diff: 0.0, Sum: 0.0]
      [Object Copy (ms): Min: 0.0, Avg: 0.0, Max: 0.0, Diff: 0.0, Sum: 0.1]
      [Termination (ms): Min: 0.0, Avg: 0.0, Max: 0.1, Diff: 0.1, Sum: 0.3]
      [GC Worker Other (ms): Min: 0.0, Avg: 0.0, Max: 0.0, Diff: 0.0, Sum: 0.0]
      [GC Worker Total (ms): Min: 0.3, Avg: 0.3, Max: 0.3, Diff: 0.0, Sum: 2.3]
      [GC Worker End (ms): Min: 198616.1, Avg: 198616.1, Max: 198616.1, Diff: 0.0]
   [Code Root Fixup: 0.0 ms]
   [Code Root Migration: 0.0 ms]
   [Clear CT: 0.0 ms]
   [Other: 0.1 ms]
      [Choose CSet: 0.0 ms]
      [Ref Proc: 0.1 ms]
      [Ref Enq: 0.0 ms]
      [Free CSet: 0.0 ms]
   [Eden: 0.0B(1024.0K)->0.0B(1024.0K) Survivors: 0.0B->0.0B Heap: 6882.8K(8192.0K)->6882.8K(8192.0K)]
 [Times: user=0.00 sys=0.00, real=0.00 secs] 
198.616: Total time for which application threads were stopped: 0.0005370 seconds, Stopping threads took: 0.0000030 seconds
198.616: Application time: 0.0000220 seconds
198.616: [GC pause (young), 0.0004330 secs]
   [Parallel Time: 0.3 ms, GC Workers: 8]
      [GC Worker Start (ms): Min: 198616.4, Avg: 198616.4, Max: 198616.4, Diff: 0.0]
      [Ext Root Scanning (ms): Min: 0.2, Avg: 0.2, Max: 0.3, Diff: 0.1, Sum: 1.9]
      [SATB Filtering (ms): Min: 0.0, Avg: 0.0, Max: 0.0, Diff: 0.0, Sum: 0.0]
      [Update RS (ms): Min: 0.0, Avg: 0.0, Max: 0.0, Diff: 0.0, Sum: 0.0]
         [Processed Buffers: Min: 0, Avg: 0.1, Max: 1, Diff: 1, Sum: 1]
      [Scan RS (ms): Min: 0.0, Avg: 0.0, Max: 0.0, Diff: 0.0, Sum: 0.0]
      [Code Root Scanning (ms): Min: 0.0, Avg: 0.0, Max: 0.0, Diff: 0.0, Sum: 0.0]
      [Object Copy (ms): Min: 0.0, Avg: 0.0, Max: 0.0, Diff: 0.0, Sum: 0.1]
      [Termination (ms): Min: 0.0, Avg: 0.0, Max: 0.1, Diff: 0.1, Sum: 0.3]
      [GC Worker Other (ms): Min: -0.0, Avg: 0.0, Max: 0.0, Diff: 0.0, Sum: 0.0]
      [GC Worker Total (ms): Min: 0.3, Avg: 0.3, Max: 0.3, Diff: 0.0, Sum: 2.3]
      [GC Worker End (ms): Min: 198616.7, Avg: 198616.7, Max: 198616.7, Diff: 0.0]
   [Code Root Fixup: 0.0 ms]
   [Code Root Migration: 0.0 ms]
   [Clear CT: 0.0 ms]
   [Other: 0.1 ms]
      [Choose CSet: 0.0 ms]
      [Ref Proc: 0.1 ms]
      [Ref Enq: 0.0 ms]
      [Free CSet: 0.0 ms]
   [Eden: 0.0B(1024.0K)->0.0B(1024.0K) Survivors: 0.0B->0.0B Heap: 6882.8K(8192.0K)->6882.8K(8192.0K)]
 [Times: user=0.00 sys=0.00, real=0.00 secs] 
198.617: Total time for which application threads were stopped: 0.0004880 seconds, Stopping threads took: 0.0000030 seconds
198.617: Application time: 0.0000360 seconds
198.617: [Full GC 6882K->5662K(8192K), 0.0055640 secs]
   [Eden: 0.0B(1024.0K)->0.0B(1024.0K) Survivors: 0.0B->0.0B Heap: 6882.8K(8192.0K)->5662.2K(8192.0K)], [Perm: 5166K->5166K(20480K)]
 [Times: user=0.01 sys=0.00, real=0.01 secs] 
198.623: Total time for which application threads were stopped: 0.0056280 seconds, Stopping threads took: 0.0000040 seconds
198.623: [GC concurrent-mark-abort]
198.625: Application time: 0.0028760 seconds
198.682: Total time for which application threads were stopped: 0.0564280 seconds, Stopping threads took: 0.0563920 seconds
199.711: Application time: 1.0287060 seconds
199.761: [GC pause (young), 0.0018960 secs]
   [Parallel Time: 1.2 ms, GC Workers: 8]
      [GC Worker Start (ms): Min: 199760.8, Avg: 199760.8, Max: 199760.9, Diff: 0.1]
      [Ext Root Scanning (ms): Min: 0.7, Avg: 0.7, Max: 0.8, Diff: 0.1, Sum: 5.8]
      [Update RS (ms): Min: 0.0, Avg: 0.0, Max: 0.0, Diff: 0.0, Sum: 0.1]
         [Processed Buffers: Min: 0, Avg: 0.9, Max: 2, Diff: 2, Sum: 7]
      [Scan RS (ms): Min: 0.0, Avg: 0.0, Max: 0.0, Diff: 0.0, Sum: 0.0]
      [Code Root Scanning (ms): Min: 0.0, Avg: 0.0, Max: 0.0, Diff: 0.0, Sum: 0.0]
      [Object Copy (ms): Min: 0.1, Avg: 0.1, Max: 0.1, Diff: 0.1, Sum: 0.8]
      [Termination (ms): Min: 0.0, Avg: 0.0, Max: 0.0, Diff: 0.0, Sum: 0.1]
      [GC Worker Other (ms): Min: 0.0, Avg: 0.0, Max: 0.0, Diff: 0.0, Sum: 0.1]
      [GC Worker Total (ms): Min: 0.8, Avg: 0.8, Max: 0.9, Diff: 0.1, Sum: 6.8]
      [GC Worker End (ms): Min: 199761.7, Avg: 199761.7, Max: 199761.7, Diff: 0.0]
   [Code Root Fixup: 0.0 ms]
   [Code Root Migration: 0.0 ms]
   [Clear CT: 0.4 ms]
   [Other: 0.3 ms]
      [Choose CSet: 0.0 ms]
      [Ref Proc: 0.3 ms]
      [Ref Enq: 0.0 ms]
      [Free CSet: 0.0 ms]
   [Eden: 1024.0K(1024.0K)->0.0B(1024.0K) Survivors: 0.0B->1024.0K Heap: 6686.2K(8192.0K)->5910.7K(8192.0K)]
 [Times: user=0.01 sys=0.00, real=0.01 secs] 
199.763: Total time for which application threads were stopped: 0.0521580 seconds, Stopping threads took: 0.0501420 seconds
200.968: Application time: 1.2053570 seconds
201.020: [GC pause (young) (initial-mark) (to-space exhausted), 0.0012440 secs]
   [Parallel Time: 0.8 ms, GC Workers: 8]
      [GC Worker Start (ms): Min: 201019.5, Avg: 201019.6, Max: 201019.7, Diff: 0.1]
      [Ext Root Scanning (ms): Min: 0.4, Avg: 0.4, Max: 0.5, Diff: 0.1, Sum: 3.4]
      [Code Root Marking (ms): Min: 0.0, Avg: 0.0, Max: 0.0, Diff: 0.0, Sum: 0.0]
      [Update RS (ms): Min: 0.0, Avg: 0.0, Max: 0.0, Diff: 0.0, Sum: 0.1]
         [Processed Buffers: Min: 0, Avg: 1.1, Max: 3, Diff: 3, Sum: 9]
      [Scan RS (ms): Min: 0.0, Avg: 0.0, Max: 0.0, Diff: 0.0, Sum: 0.0]
      [Code Root Scanning (ms): Min: 0.0, Avg: 0.0, Max: 0.0, Diff: 0.0, Sum: 0.0]
      [Object Copy (ms): Min: 0.1, Avg: 0.2, Max: 0.2, Diff: 0.1, Sum: 1.4]
      [Termination (ms): Min: 0.0, Avg: 0.1, Max: 0.1, Diff: 0.1, Sum: 0.4]
      [GC Worker Other (ms): Min: 0.0, Avg: 0.0, Max: 0.0, Diff: 0.0, Sum: 0.0]
      [GC Worker Total (ms): Min: 0.6, Avg: 0.7, Max: 0.7, Diff: 0.1, Sum: 5.3]
      [GC Worker End (ms): Min: 201020.3, Avg: 201020.3, Max: 201020.3, Diff: 0.0]
   [Code Root Fixup: 0.0 ms]
   [Code Root Migration: 0.0 ms]
   [Clear CT: 0.1 ms]
   [Other: 0.3 ms]
      [Choose CSet: 0.0 ms]
      [Ref Proc: 0.2 ms]
      [Ref Enq: 0.0 ms]
      [Free CSet: 0.0 ms]
   [Eden: 1024.0K(1024.0K)->0.0B(1024.0K) Survivors: 1024.0K->0.0B Heap: 6934.7K(8192.0K)->6934.7K(8192.0K)]
 [Times: user=0.00 sys=0.00, real=0.00 secs] 
201.021: [GC concurrent-root-region-scan-start]
201.021: [GC concurrent-root-region-scan-end, 0.0000050 secs]
201.021: [GC concurrent-mark-start]
201.021: Total time for which application threads were stopped: 0.0527630 seconds, Stopping threads took: 0.0513960 seconds
201.021: Application time: 0.0005960 seconds
201.021: [GC pause (young), 0.0004690 secs]
   [Parallel Time: 0.4 ms, GC Workers: 8]
      [GC Worker Start (ms): Min: 201021.5, Avg: 201021.5, Max: 201021.5, Diff: 0.0]
      [Ext Root Scanning (ms): Min: 0.2, Avg: 0.3, Max: 0.3, Diff: 0.1, Sum: 2.1]
      [SATB Filtering (ms): Min: 0.0, Avg: 0.0, Max: 0.0, Diff: 0.0, Sum: 0.0]
      [Update RS (ms): Min: 0.0, Avg: 0.0, Max: 0.0, Diff: 0.0, Sum: 0.1]
         [Processed Buffers: Min: 0, Avg: 1.8, Max: 6, Diff: 6, Sum: 14]
      [Scan RS (ms): Min: 0.0, Avg: 0.0, Max: 0.0, Diff: 0.0, Sum: 0.0]
      [Code Root Scanning (ms): Min: 0.0, Avg: 0.0, Max: 0.0, Diff: 0.0, Sum: 0.0]
      [Object Copy (ms): Min: 0.0, Avg: 0.0, Max: 0.0, Diff: 0.0, Sum: 0.1]
      [Termination (ms): Min: 0.0, Avg: 0.0, Max: 0.1, Diff: 0.1, Sum: 0.3]
      [GC Worker Other (ms): Min: 0.0, Avg: 0.0, Max: 0.0, Diff: 0.0, Sum: 0.0]
      [GC Worker Total (ms): Min: 0.3, Avg: 0.3, Max: 0.3, Diff: 0.0, Sum: 2.6]
      [GC Worker End (ms): Min: 201021.8, Avg: 201021.8, Max: 201021.8, Diff: 0.0]
   [Code Root Fixup: 0.0 ms]
   [Code Root Migration: 0.0 ms]
   [Clear CT: 0.0 ms]
   [Other: 0.1 ms]
      [Choose CSet: 0.0 ms]
      [Ref Proc: 0.1 ms]
      [Ref Enq: 0.0 ms]
      [Free CSet: 0.0 ms]
   [Eden: 0.0B(1024.0K)->0.0B(1024.0K) Survivors: 0.0B->0.0B Heap: 6934.7K(8192.0K)->6934.7K(8192.0K)]
 [Times: user=0.01 sys=0.00, real=0.00 secs] 
201.022: Total time for which application threads were stopped: 0.0005400 seconds, Stopping threads took: 0.0000070 seconds
201.022: Application time: 0.0000250 seconds
201.022: [GC pause (young), 0.0004870 secs]
   [Parallel Time: 0.3 ms, GC Workers: 8]
      [GC Worker Start (ms): Min: 201022.0, Avg: 201022.0, Max: 201022.0, Diff: 0.0]
      [Ext Root Scanning (ms): Min: 0.2, Avg: 0.2, Max: 0.3, Diff: 0.0, Sum: 1.9]
      [Update RS (ms): Min: 0.0, Avg: 0.0, Max: 0.0, Diff: 0.0, Sum: 0.0]
         [Processed Buffers: Min: 0, Avg: 0.1, Max: 1, Diff: 1, Sum: 1]
      [Scan RS (ms): Min: 0.0, Avg: 0.0, Max: 0.0, Diff: 0.0, Sum: 0.0]
      [Code Root Scanning (ms): Min: 0.0, Avg: 0.0, Max: 0.0, Diff: 0.0, Sum: 0.0]
      [Object Copy (ms): Min: 0.0, Avg: 0.0, Max: 0.0, Diff: 0.0, Sum: 0.1]
      [Termination (ms): Min: 0.0, Avg: 0.0, Max: 0.1, Diff: 0.1, Sum: 0.3]
      [GC Worker Other (ms): Min: -0.0, Avg: 0.0, Max: 0.0, Diff: 0.0, Sum: 0.0]
      [GC Worker Total (ms): Min: 0.3, Avg: 0.3, Max: 0.3, Diff: 0.0, Sum: 2.3]
      [GC Worker End (ms): Min: 201022.3, Avg: 201022.3, Max: 201022.3, Diff: 0.0]
   [Code Root Fixup: 0.0 ms]
   [Code Root Migration: 0.0 ms]
   [Clear CT: 0.0 ms]
   [Other: 0.1 ms]
      [Choose CSet: 0.0 ms]
      [Ref Proc: 0.1 ms]
      [Ref Enq: 0.0 ms]
      [Free CSet: 0.0 ms]
   [Eden: 0.0B(1024.0K)->0.0B(1024.0K) Survivors: 0.0B->0.0B Heap: 6934.7K(8192.0K)->6934.7K(8192.0K)]
 [Times: user=0.00 sys=0.00, real=0.00 secs] 
201.023: Total time for which application threads were stopped: 0.0005410 seconds, Stopping threads took: 0.0000030 seconds
201.023: Application time: 0.0000330 seconds
201.023: [GC pause (young), 0.0004290 secs]
   [Parallel Time: 0.3 ms, GC Workers: 8]
      [GC Worker Start (ms): Min: 201022.6, Avg: 201022.6, Max: 201022.6, Diff: 0.0]
      [Ext Root Scanning (ms): Min: 0.2, Avg: 0.2, Max: 0.3, Diff: 0.1, Sum: 1.8]
      [Update RS (ms): Min: 0.0, Avg: 0.0, Max: 0.0, Diff: 0.0, Sum: 0.0]
         [Processed Buffers: Min: 0, Avg: 0.1, Max: 1, Diff: 1, Sum: 1]
      [Scan RS (ms): Min: 0.0, Avg: 0.0, Max: 0.0, Diff: 0.0, Sum: 0.0]
      [Code Root Scanning (ms): Min: 0.0, Avg: 0.0, Max: 0.0, Diff: 0.0, Sum: 0.0]
      [Object Copy (ms): Min: 0.0, Avg: 0.0, Max: 0.0, Diff: 0.0, Sum: 0.1]
      [Termination (ms): Min: 0.0, Avg: 0.0, Max: 0.1, Diff: 0.1, Sum: 0.3]
      [GC Worker Other (ms): Min: -0.0, Avg: 0.0, Max: 0.0, Diff: 0.0, Sum: 0.0]
      [GC Worker Total (ms): Min: 0.3, Avg: 0.3, Max: 0.3, Diff: 0.0, Sum: 2.3]
      [GC Worker End (ms): Min: 201022.9, Avg: 201022.9, Max: 201022.9, Diff: 0.0]
   [Code Root Fixup: 0.0 ms]
   [Code Root Migration: 0.0 ms]
   [Clear CT: 0.0 ms]
   [Other: 0.1 ms]
      [Choose CSet: 0.0 ms]
      [Ref Proc: 0.0 ms]
      [Ref Enq: 0.0 ms]
      [Free CSet: 0.0 ms]
   [Eden: 0.0B(1024.0K)->0.0B(1024.0K) Survivors: 0.0B->0.0B Heap: 6934.7K(8192.0K)->6934.7K(8192.0K)]
 [Times: user=0.00 sys=0.00, real=0.00 secs] 
201.023: Total time for which application threads were stopped: 0.0004880 seconds, Stopping threads took: 0.0000040 seconds
201.023: Application time: 0.0000250 seconds
201.023: [GC pause (young), 0.0004200 secs]
   [Parallel Time: 0.3 ms, GC Workers: 8]
      [GC Worker Start (ms): Min: 201023.1, Avg: 201023.1, Max: 201023.1, Diff: 0.0]
      [Ext Root Scanning (ms): Min: 0.2, Avg: 0.2, Max: 0.3, Diff: 0.0, Sum: 1.8]
      [Update RS (ms): Min: 0.0, Avg: 0.0, Max: 0.0, Diff: 0.0, Sum: 0.0]
         [Processed Buffers: Min: 0, Avg: 0.1, Max: 1, Diff: 1, Sum: 1]
      [Scan RS (ms): Min: 0.0, Avg: 0.0, Max: 0.0, Diff: 0.0, Sum: 0.0]
      [Code Root Scanning (ms): Min: 0.0, Avg: 0.0, Max: 0.0, Diff: 0.0, Sum: 0.0]
      [Object Copy (ms): Min: 0.0, Avg: 0.0, Max: 0.0, Diff: 0.0, Sum: 0.1]
      [Termination (ms): Min: 0.0, Avg: 0.0, Max: 0.1, Diff: 0.1, Sum: 0.3]
      [GC Worker Other (ms): Min: 0.0, Avg: 0.0, Max: 0.0, Diff: 0.0, Sum: 0.0]
      [GC Worker Total (ms): Min: 0.3, Avg: 0.3, Max: 0.3, Diff: 0.0, Sum: 2.2]
      [GC Worker End (ms): Min: 201023.4, Avg: 201023.4, Max: 201023.4, Diff: 0.0]
   [Code Root Fixup: 0.0 ms]
   [Code Root Migration: 0.0 ms]
   [Clear CT: 0.0 ms]
   [Other: 0.1 ms]
      [Choose CSet: 0.0 ms]
      [Ref Proc: 0.1 ms]
      [Ref Enq: 0.0 ms]
      [Free CSet: 0.0 ms]
   [Eden: 0.0B(1024.0K)->0.0B(1024.0K) Survivors: 0.0B->0.0B Heap: 6934.7K(8192.0K)->6934.7K(8192.0K)]
 [Times: user=0.01 sys=0.00, real=0.00 secs] 
201.024: Total time for which application threads were stopped: 0.0004720 seconds, Stopping threads took: 0.0000040 seconds
201.024: Application time: 0.0000200 seconds
201.024: [GC pause (young), 0.0005240 secs]
   [Parallel Time: 0.4 ms, GC Workers: 8]
      [GC Worker Start (ms): Min: 201023.6, Avg: 201023.7, Max: 201024.0, Diff: 0.4]
      [Ext Root Scanning (ms): Min: 0.0, Avg: 0.2, Max: 0.3, Diff: 0.3, Sum: 1.5]
      [SATB Filtering (ms): Min: 0.0, Avg: 0.0, Max: 0.0, Diff: 0.0, Sum: 0.0]
      [Update RS (ms): Min: 0.0, Avg: 0.0, Max: 0.0, Diff: 0.0, Sum: 0.0]
         [Processed Buffers: Min: 0, Avg: 0.1, Max: 1, Diff: 1, Sum: 1]
      [Scan RS (ms): Min: 0.0, Avg: 0.0, Max: 0.0, Diff: 0.0, Sum: 0.0]
      [Code Root Scanning (ms): Min: 0.0, Avg: 0.0, Max: 0.0, Diff: 0.0, Sum: 0.0]
      [Object Copy (ms): Min: 0.0, Avg: 0.0, Max: 0.0, Diff: 0.0, Sum: 0.1]
      [Termination (ms): Min: 0.0, Avg: 0.1, Max: 0.1, Diff: 0.1, Sum: 0.7]
      [GC Worker Other (ms): Min: -0.0, Avg: 0.0, Max: 0.0, Diff: 0.0, Sum: 0.0]
      [GC Worker Total (ms): Min: 0.0, Avg: 0.3, Max: 0.4, Diff: 0.4, Sum: 2.3]
      [GC Worker End (ms): Min: 201024.0, Avg: 201024.0, Max: 201024.0, Diff: 0.0]
   [Code Root Fixup: 0.0 ms]
   [Code Root Migration: 0.0 ms]
   [Clear CT: 0.0 ms]
   [Other: 0.1 ms]
      [Choose CSet: 0.0 ms]
      [Ref Proc: 0.1 ms]
      [Ref Enq: 0.0 ms]
      [Free CSet: 0.0 ms]
   [Eden: 0.0B(1024.0K)->0.0B(1024.0K) Survivors: 0.0B->0.0B Heap: 6934.7K(8192.0K)->6934.7K(8192.0K)]
 [Times: user=0.00 sys=0.00, real=0.00 secs] 
201.024: Total time for which application threads were stopped: 0.0005750 seconds, Stopping threads took: 0.0000030 seconds
201.024: Application time: 0.0000220 seconds
201.024: [Full GC 6934K->5655K(8192K), 0.0054200 secs]
   [Eden: 0.0B(1024.0K)->0.0B(1024.0K) Survivors: 0.0B->0.0B Heap: 6934.7K(8192.0K)->5655.5K(8192.0K)], [Perm: 5166K->5166K(20480K)]
 [Times: user=0.01 sys=0.00, real=0.01 secs] 
201.030: Total time for which application threads were stopped: 0.0054790 seconds, Stopping threads took: 0.0000020 seconds
201.030: [GC concurrent-mark-abort]
202.522: Application time: 1.4920690 seconds
202.533: [GC pause (young), 0.0014480 secs]
   [Parallel Time: 1.1 ms, GC Workers: 8]
      [GC Worker Start (ms): Min: 202532.8, Avg: 202532.8, Max: 202532.9, Diff: 0.1]
      [Ext Root Scanning (ms): Min: 0.7, Avg: 0.7, Max: 0.8, Diff: 0.1, Sum: 5.7]
      [Update RS (ms): Min: 0.0, Avg: 0.0, Max: 0.0, Diff: 0.0, Sum: 0.1]
         [Processed Buffers: Min: 0, Avg: 1.0, Max: 4, Diff: 4, Sum: 8]
      [Scan RS (ms): Min: 0.0, Avg: 0.0, Max: 0.0, Diff: 0.0, Sum: 0.0]
      [Code Root Scanning (ms): Min: 0.0, Avg: 0.0, Max: 0.0, Diff: 0.0, Sum: 0.0]
      [Object Copy (ms): Min: 0.1, Avg: 0.1, Max: 0.1, Diff: 0.0, Sum: 0.7]
      [Termination (ms): Min: 0.0, Avg: 0.0, Max: 0.0, Diff: 0.0, Sum: 0.1]
      [GC Worker Other (ms): Min: 0.0, Avg: 0.0, Max: 0.0, Diff: 0.0, Sum: 0.1]
      [GC Worker Total (ms): Min: 0.8, Avg: 0.8, Max: 0.9, Diff: 0.1, Sum: 6.6]
      [GC Worker End (ms): Min: 202533.6, Avg: 202533.7, Max: 202533.7, Diff: 0.0]
   [Code Root Fixup: 0.0 ms]
   [Code Root Migration: 0.0 ms]
   [Clear CT: 0.2 ms]
   [Other: 0.1 ms]
      [Choose CSet: 0.0 ms]
      [Ref Proc: 0.1 ms]
      [Ref Enq: 0.0 ms]
      [Free CSet: 0.0 ms]
   [Eden: 1024.0K(1024.0K)->0.0B(1024.0K) Survivors: 0.0B->1024.0K Heap: 6679.5K(8192.0K)->5878.0K(8192.0K)]
 [Times: user=0.01 sys=0.00, real=0.00 secs] 
202.534: Total time for which application threads were stopped: 0.0125260 seconds, Stopping threads took: 0.0109690 seconds
203.624: Application time: 1.0894050 seconds
203.636: [GC pause (young) (initial-mark) (to-space exhausted), 0.0009690 secs]
   [Parallel Time: 0.7 ms, GC Workers: 8]
      [GC Worker Start (ms): Min: 203636.2, Avg: 203636.2, Max: 203636.3, Diff: 0.1]
      [Ext Root Scanning (ms): Min: 0.4, Avg: 0.4, Max: 0.5, Diff: 0.1, Sum: 3.4]
      [Code Root Marking (ms): Min: 0.0, Avg: 0.0, Max: 0.0, Diff: 0.0, Sum: 0.0]
      [Update RS (ms): Min: 0.0, Avg: 0.0, Max: 0.0, Diff: 0.0, Sum: 0.1]
         [Processed Buffers: Min: 0, Avg: 1.0, Max: 3, Diff: 3, Sum: 8]
      [Scan RS (ms): Min: 0.0, Avg: 0.0, Max: 0.0, Diff: 0.0, Sum: 0.0]
      [Code Root Scanning (ms): Min: 0.0, Avg: 0.0, Max: 0.0, Diff: 0.0, Sum: 0.0]
      [Object Copy (ms): Min: 0.1, Avg: 0.2, Max: 0.2, Diff: 0.1, Sum: 1.3]
      [Termination (ms): Min: 0.0, Avg: 0.0, Max: 0.1, Diff: 0.1, Sum: 0.2]
      [GC Worker Other (ms): Min: 0.0, Avg: 0.0, Max: 0.0, Diff: 0.0, Sum: 0.0]
      [GC Worker Total (ms): Min: 0.6, Avg: 0.6, Max: 0.7, Diff: 0.1, Sum: 5.0]
      [GC Worker End (ms): Min: 203636.8, Avg: 203636.9, Max: 203636.9, Diff: 0.0]
   [Code Root Fixup: 0.0 ms]
   [Code Root Migration: 0.0 ms]
   [Clear CT: 0.1 ms]
   [Other: 0.2 ms]
      [Choose CSet: 0.0 ms]
      [Ref Proc: 0.1 ms]
      [Ref Enq: 0.0 ms]
      [Free CSet: 0.0 ms]
   [Eden: 1024.0K(1024.0K)->0.0B(1024.0K) Survivors: 1024.0K->0.0B Heap: 6902.0K(8192.0K)->6902.0K(8192.0K)]
 [Times: user=0.01 sys=0.00, real=0.00 secs] 
203.637: [GC concurrent-root-region-scan-start]
203.637: [GC concurrent-root-region-scan-end, 0.0000050 secs]
203.637: [GC concurrent-mark-start]
203.637: Total time for which application threads were stopped: 0.0135560 seconds, Stopping threads took: 0.0124830 seconds
203.638: [GC concurrent-mark-end, 0.0008580 secs]
203.638: Application time: 0.0008840 seconds
203.638: [GC pause (young), 0.0005110 secs]
   [Parallel Time: 0.4 ms, GC Workers: 8]
      [GC Worker Start (ms): Min: 203638.1, Avg: 203638.1, Max: 203638.2, Diff: 0.0]
      [Ext Root Scanning (ms): Min: 0.2, Avg: 0.3, Max: 0.3, Diff: 0.1, Sum: 2.1]
      [Update RS (ms): Min: 0.0, Avg: 0.0, Max: 0.1, Diff: 0.1, Sum: 0.1]
         [Processed Buffers: Min: 0, Avg: 1.8, Max: 7, Diff: 7, Sum: 14]
      [Scan RS (ms): Min: 0.0, Avg: 0.0, Max: 0.0, Diff: 0.0, Sum: 0.0]
      [Code Root Scanning (ms): Min: 0.0, Avg: 0.0, Max: 0.0, Diff: 0.0, Sum: 0.0]
      [Object Copy (ms): Min: 0.0, Avg: 0.0, Max: 0.0, Diff: 0.0, Sum: 0.1]
      [Termination (ms): Min: 0.0, Avg: 0.0, Max: 0.1, Diff: 0.1, Sum: 0.3]
      [GC Worker Other (ms): Min: 0.0, Avg: 0.0, Max: 0.0, Diff: 0.0, Sum: 0.0]
      [GC Worker Total (ms): Min: 0.3, Avg: 0.3, Max: 0.3, Diff: 0.0, Sum: 2.7]
      [GC Worker End (ms): Min: 203638.5, Avg: 203638.5, Max: 203638.5, Diff: 0.0]
   [Code Root Fixup: 0.0 ms]
   [Code Root Migration: 0.0 ms]
   [Clear CT: 0.1 ms]
   [Other: 0.1 ms]
      [Choose CSet: 0.0 ms]
      [Ref Proc: 0.1 ms]
      [Ref Enq: 0.0 ms]
      [Free CSet: 0.0 ms]
   [Eden: 0.0B(1024.0K)->0.0B(1024.0K) Survivors: 0.0B->0.0B Heap: 6902.0K(8192.0K)->6902.0K(8192.0K)]
 [Times: user=0.00 sys=0.00, real=0.00 secs] 
203.639: Total time for which application threads were stopped: 0.0005820 seconds, Stopping threads took: 0.0000070 seconds
203.639: Application time: 0.0000130 seconds
203.639: [GC pause (young), 0.0004360 secs]
   [Parallel Time: 0.3 ms, GC Workers: 8]
      [GC Worker Start (ms): Min: 203638.7, Avg: 203638.7, Max: 203638.7, Diff: 0.0]
      [Ext Root Scanning (ms): Min: 0.2, Avg: 0.2, Max: 0.3, Diff: 0.0, Sum: 1.8]
      [SATB Filtering (ms): Min: 0.0, Avg: 0.0, Max: 0.0, Diff: 0.0, Sum: 0.0]
      [Update RS (ms): Min: 0.0, Avg: 0.0, Max: 0.0, Diff: 0.0, Sum: 0.0]
         [Processed Buffers: Min: 0, Avg: 0.1, Max: 1, Diff: 1, Sum: 1]
      [Scan RS (ms): Min: 0.0, Avg: 0.0, Max: 0.0, Diff: 0.0, Sum: 0.0]
      [Code Root Scanning (ms): Min: 0.0, Avg: 0.0, Max: 0.0, Diff: 0.0, Sum: 0.0]
      [Object Copy (ms): Min: 0.0, Avg: 0.0, Max: 0.0, Diff: 0.0, Sum: 0.1]
      [Termination (ms): Min: 0.0, Avg: 0.0, Max: 0.1, Diff: 0.1, Sum: 0.3]
      [GC Worker Other (ms): Min: 0.0, Avg: 0.0, Max: 0.0, Diff: 0.0, Sum: 0.0]
      [GC Worker Total (ms): Min: 0.3, Avg: 0.3, Max: 0.3, Diff: 0.0, Sum: 2.3]
      [GC Worker End (ms): Min: 203639.0, Avg: 203639.0, Max: 203639.0, Diff: 0.0]
   [Code Root Fixup: 0.0 ms]
   [Code Root Migration: 0.0 ms]
   [Clear CT: 0.0 ms]
   [Other: 0.1 ms]
      [Choose CSet: 0.0 ms]
      [Ref Proc: 0.1 ms]
      [Ref Enq: 0.0 ms]
      [Free CSet: 0.0 ms]
   [Eden: 0.0B(1024.0K)->0.0B(1024.0K) Survivors: 0.0B->0.0B Heap: 6902.0K(8192.0K)->6902.0K(8192.0K)]
 [Times: user=0.00 sys=0.00, real=0.00 secs] 
203.639: Total time for which application threads were stopped: 0.0004910 seconds, Stopping threads took: 0.0000030 seconds
203.639: Application time: 0.0000150 seconds
203.639: [GC pause (young), 0.0004230 secs]
   [Parallel Time: 0.3 ms, GC Workers: 8]
      [GC Worker Start (ms): Min: 203639.2, Avg: 203639.2, Max: 203639.2, Diff: 0.0]
      [Ext Root Scanning (ms): Min: 0.2, Avg: 0.2, Max: 0.2, Diff: 0.0, Sum: 1.8]
      [Update RS (ms): Min: 0.0, Avg: 0.0, Max: 0.0, Diff: 0.0, Sum: 0.0]
         [Processed Buffers: Min: 0, Avg: 0.1, Max: 1, Diff: 1, Sum: 1]
      [Scan RS (ms): Min: 0.0, Avg: 0.0, Max: 0.0, Diff: 0.0, Sum: 0.0]
      [Code Root Scanning (ms): Min: 0.0, Avg: 0.0, Max: 0.0, Diff: 0.0, Sum: 0.0]
      [Object Copy (ms): Min: 0.0, Avg: 0.0, Max: 0.0, Diff: 0.0, Sum: 0.1]
      [Termination (ms): Min: 0.0, Avg: 0.0, Max: 0.1, Diff: 0.1, Sum: 0.3]
      [GC Worker Other (ms): Min: 0.0, Avg: 0.0, Max: 0.0, Diff: 0.0, Sum: 0.0]
      [GC Worker Total (ms): Min: 0.3, Avg: 0.3, Max: 0.3, Diff: 0.0, Sum: 2.2]
      [GC Worker End (ms): Min: 203639.5, Avg: 203639.5, Max: 203639.5, Diff: 0.0]
   [Code Root Fixup: 0.0 ms]
   [Code Root Migration: 0.0 ms]
   [Clear CT: 0.0 ms]
   [Other: 0.1 ms]
      [Choose CSet: 0.0 ms]
      [Ref Proc: 0.1 ms]
      [Ref Enq: 0.0 ms]
      [Free CSet: 0.0 ms]
   [Eden: 0.0B(1024.0K)->0.0B(1024.0K) Survivors: 0.0B->0.0B Heap: 6902.0K(8192.0K)->6902.0K(8192.0K)]
 [Times: user=0.01 sys=0.00, real=0.00 secs] 
203.640: Total time for which application threads were stopped: 0.0004740 seconds, Stopping threads took: 0.0000030 seconds
203.640: Application time: 0.0000130 seconds
203.640: [Full GC 6902K->5640K(8192K), 0.0054820 secs]
   [Eden: 0.0B(1024.0K)->0.0B(1024.0K) Survivors: 0.0B->0.0B Heap: 6902.0K(8192.0K)->5641.0K(8192.0K)], [Perm: 5166K->5166K(20480K)]
 [Times: user=0.00 sys=0.00, real=0.01 secs] 
203.645: Total time for which application threads were stopped: 0.0055440 seconds, Stopping threads took: 0.0000030 seconds
203.645: Application time: 0.0000370 seconds
203.645: [GC remark, 0.0000040 secs]
 [Times: user=0.00 sys=0.00, real=0.00 secs] 
203.645: Total time for which application threads were stopped: 0.0000460 seconds, Stopping threads took: 0.0000280 seconds
203.645: [GC concurrent-mark-abort]
205.092: Application time: 1.4463960 seconds
205.147: [GC pause (young), 0.0013770 secs]
   [Parallel Time: 0.9 ms, GC Workers: 8]
      [GC Worker Start (ms): Min: 205147.4, Avg: 205147.5, Max: 205147.5, Diff: 0.1]
      [Ext Root Scanning (ms): Min: 0.7, Avg: 0.7, Max: 0.8, Diff: 0.1, Sum: 5.8]
      [Update RS (ms): Min: 0.0, Avg: 0.0, Max: 0.0, Diff: 0.0, Sum: 0.1]
         [Processed Buffers: Min: 0, Avg: 1.0, Max: 3, Diff: 3, Sum: 8]
      [Scan RS (ms): Min: 0.0, Avg: 0.0, Max: 0.0, Diff: 0.0, Sum: 0.0]
      [Code Root Scanning (ms): Min: 0.0, Avg: 0.0, Max: 0.0, Diff: 0.0, Sum: 0.0]
      [Object Copy (ms): Min: 0.1, Avg: 0.1, Max: 0.1, Diff: 0.0, Sum: 0.7]
      [Termination (ms): Min: 0.0, Avg: 0.0, Max: 0.0, Diff: 0.0, Sum: 0.1]
      [GC Worker Other (ms): Min: 0.0, Avg: 0.0, Max: 0.0, Diff: 0.0, Sum: 0.1]
      [GC Worker Total (ms): Min: 0.8, Avg: 0.8, Max: 0.9, Diff: 0.1, Sum: 6.8]
      [GC Worker End (ms): Min: 205148.3, Avg: 205148.3, Max: 205148.3, Diff: 0.0]
   [Code Root Fixup: 0.0 ms]
   [Code Root Migration: 0.0 ms]
   [Clear CT: 0.3 ms]
   [Other: 0.1 ms]
      [Choose CSet: 0.0 ms]
      [Ref Proc: 0.1 ms]
      [Ref Enq: 0.0 ms]
      [Free CSet: 0.0 ms]
   [Eden: 1024.0K(1024.0K)->0.0B(1024.0K) Survivors: 0.0B->1024.0K Heap: 6665.0K(8192.0K)->5881.5K(8192.0K)]
 [Times: user=0.01 sys=0.00, real=0.00 secs] 
205.149: Total time for which application threads were stopped: 0.0571080 seconds, Stopping threads took: 0.0556190 seconds
206.240: Application time: 1.0910850 seconds
206.287: [GC pause (young) (initial-mark) (to-space exhausted), 0.0010910 secs]
   [Parallel Time: 0.8 ms, GC Workers: 8]
      [GC Worker Start (ms): Min: 206287.1, Avg: 206287.1, Max: 206287.2, Diff: 0.1]
      [Ext Root Scanning (ms): Min: 0.4, Avg: 0.4, Max: 0.5, Diff: 0.1, Sum: 3.3]
      [Code Root Marking (ms): Min: 0.0, Avg: 0.0, Max: 0.0, Diff: 0.0, Sum: 0.0]
      [Update RS (ms): Min: 0.0, Avg: 0.0, Max: 0.0, Diff: 0.0, Sum: 0.1]
         [Processed Buffers: Min: 0, Avg: 1.0, Max: 3, Diff: 3, Sum: 8]
      [Scan RS (ms): Min: 0.0, Avg: 0.0, Max: 0.0, Diff: 0.0, Sum: 0.0]
      [Code Root Scanning (ms): Min: 0.0, Avg: 0.0, Max: 0.0, Diff: 0.0, Sum: 0.0]
      [Object Copy (ms): Min: 0.1, Avg: 0.2, Max: 0.2, Diff: 0.1, Sum: 1.6]
      [Termination (ms): Min: 0.0, Avg: 0.1, Max: 0.1, Diff: 0.1, Sum: 0.5]
      [GC Worker Other (ms): Min: 0.0, Avg: 0.0, Max: 0.0, Diff: 0.0, Sum: 0.0]
      [GC Worker Total (ms): Min: 0.6, Avg: 0.7, Max: 0.7, Diff: 0.1, Sum: 5.5]
      [GC Worker End (ms): Min: 206287.8, Avg: 206287.8, Max: 206287.8, Diff: 0.0]
   [Code Root Fixup: 0.0 ms]
   [Code Root Migration: 0.0 ms]
   [Clear CT: 0.1 ms]
   [Other: 0.2 ms]
      [Choose CSet: 0.0 ms]
      [Ref Proc: 0.1 ms]
      [Ref Enq: 0.0 ms]
      [Free CSet: 0.0 ms]
   [Eden: 1024.0K(1024.0K)->0.0B(1024.0K) Survivors: 1024.0K->0.0B Heap: 6905.5K(8192.0K)->6905.5K(8192.0K)]
 [Times: user=0.00 sys=0.00, real=0.00 secs] 
206.288: [GC concurrent-root-region-scan-start]
206.288: [GC concurrent-root-region-scan-end, 0.0000050 secs]
206.288: [GC concurrent-mark-start]
206.288: Total time for which application threads were stopped: 0.0482840 seconds, Stopping threads took: 0.0470810 seconds
206.289: [GC concurrent-mark-end, 0.0008630 secs]
206.289: Application time: 0.0008810 seconds
206.289: [GC remark 206.289: [GC ref-proc, 0.0005110 secs], 0.0009110 secs]
 [Times: user=0.01 sys=0.00, real=0.01 secs] 
206.290: Total time for which application threads were stopped: 0.0009370 seconds, Stopping threads took: 0.0000060 seconds
206.290: Application time: 0.0000190 seconds
206.290: [GC pause (young), 0.0005160 secs]
   [Parallel Time: 0.4 ms, GC Workers: 8]
      [GC Worker Start (ms): Min: 206290.1, Avg: 206290.1, Max: 206290.1, Diff: 0.0]
      [Ext Root Scanning (ms): Min: 0.3, Avg: 0.3, Max: 0.3, Diff: 0.1, Sum: 2.4]
      [SATB Filtering (ms): Min: 0.0, Avg: 0.0, Max: 0.0, Diff: 0.0, Sum: 0.0]
      [Update RS (ms): Min: 0.0, Avg: 0.0, Max: 0.0, Diff: 0.0, Sum: 0.1]
         [Processed Buffers: Min: 0, Avg: 1.5, Max: 7, Diff: 7, Sum: 12]
      [Scan RS (ms): Min: 0.0, Avg: 0.0, Max: 0.0, Diff: 0.0, Sum: 0.0]
      [Code Root Scanning (ms): Min: 0.0, Avg: 0.0, Max: 0.0, Diff: 0.0, Sum: 0.0]
      [Object Copy (ms): Min: 0.0, Avg: 0.0, Max: 0.0, Diff: 0.0, Sum: 0.1]
      [Termination (ms): Min: 0.0, Avg: 0.0, Max: 0.0, Diff: 0.0, Sum: 0.2]
      [GC Worker Other (ms): Min: 0.0, Avg: 0.0, Max: 0.0, Diff: 0.0, Sum: 0.0]
      [GC Worker Total (ms): Min: 0.3, Avg: 0.4, Max: 0.4, Diff: 0.0, Sum: 2.9]
      [GC Worker End (ms): Min: 206290.4, Avg: 206290.4, Max: 206290.4, Diff: 0.0]
   [Code Root Fixup: 0.0 ms]
   [Code Root Migration: 0.0 ms]
   [Clear CT: 0.0 ms]
   [Other: 0.1 ms]
      [Choose CSet: 0.0 ms]
      [Ref Proc: 0.1 ms]
      [Ref Enq: 0.0 ms]
      [Free CSet: 0.0 ms]
   [Eden: 0.0B(1024.0K)->0.0B(1024.0K) Survivors: 0.0B->0.0B Heap: 6905.5K(8192.0K)->6905.5K(8192.0K)]
 [Times: user=0.00 sys=0.00, real=0.00 secs] 
206.291: Total time for which application threads were stopped: 0.0005840 seconds, Stopping threads took: 0.0000040 seconds
206.291: Application time: 0.0000170 seconds
206.291: [GC pause (young), 0.0004410 secs]
   [Parallel Time: 0.3 ms, GC Workers: 8]
      [GC Worker Start (ms): Min: 206290.7, Avg: 206290.7, Max: 206290.7, Diff: 0.0]
      [Ext Root Scanning (ms): Min: 0.2, Avg: 0.2, Max: 0.3, Diff: 0.1, Sum: 1.9]
      [Update RS (ms): Min: 0.0, Avg: 0.0, Max: 0.0, Diff: 0.0, Sum: 0.0]
         [Processed Buffers: Min: 0, Avg: 0.1, Max: 1, Diff: 1, Sum: 1]
      [Scan RS (ms): Min: 0.0, Avg: 0.0, Max: 0.0, Diff: 0.0, Sum: 0.0]
      [Code Root Scanning (ms): Min: 0.0, Avg: 0.0, Max: 0.0, Diff: 0.0, Sum: 0.0]
      [Object Copy (ms): Min: 0.0, Avg: 0.0, Max: 0.0, Diff: 0.0, Sum: 0.1]
      [Termination (ms): Min: 0.0, Avg: 0.0, Max: 0.1, Diff: 0.1, Sum: 0.4]
      [GC Worker Other (ms): Min: -0.0, Avg: 0.0, Max: 0.0, Diff: 0.0, Sum: 0.0]
      [GC Worker Total (ms): Min: 0.3, Avg: 0.3, Max: 0.3, Diff: 0.0, Sum: 2.4]
      [GC Worker End (ms): Min: 206291.0, Avg: 206291.0, Max: 206291.0, Diff: 0.0]
   [Code Root Fixup: 0.0 ms]
   [Code Root Migration: 0.0 ms]
   [Clear CT: 0.0 ms]
   [Other: 0.1 ms]
      [Choose CSet: 0.0 ms]
      [Ref Proc: 0.1 ms]
      [Ref Enq: 0.0 ms]
      [Free CSet: 0.0 ms]
   [Eden: 0.0B(1024.0K)->0.0B(1024.0K) Survivors: 0.0B->0.0B Heap: 6905.5K(8192.0K)->6905.5K(8192.0K)]
 [Times: user=0.00 sys=0.00, real=0.00 secs] 
206.291: Total time for which application threads were stopped: 0.0004980 seconds, Stopping threads took: 0.0000050 seconds
206.291: Application time: 0.0000130 seconds
206.291: [Full GC 6905K->5642K(8192K), 0.0054260 secs]
   [Eden: 0.0B(1024.0K)->0.0B(1024.0K) Survivors: 0.0B->0.0B Heap: 6905.5K(8192.0K)->5642.5K(8192.0K)], [Perm: 5167K->5167K(20480K)]
 [Times: user=0.01 sys=0.00, real=0.00 secs] 
206.297: Total time for which application threads were stopped: 0.0054820 seconds, Stopping threads took: 0.0000030 seconds
206.297: Application time: 0.0000430 seconds
206.297: [GC cleanup, 0.0000030 secs]
 [Times: user=0.00 sys=0.00, real=0.00 secs] 
206.297: Total time for which application threads were stopped: 0.0000360 seconds, Stopping threads took: 0.0000200 seconds
206.297: [GC concurrent-mark-abort]
207.448: Application time: 1.1516920 seconds
207.503: [GC pause (young), 0.0015820 secs]
   [Parallel Time: 1.2 ms, GC Workers: 8]
      [GC Worker Start (ms): Min: 207503.3, Avg: 207503.4, Max: 207503.4, Diff: 0.1]
      [Ext Root Scanning (ms): Min: 0.7, Avg: 0.7, Max: 0.8, Diff: 0.2, Sum: 5.9]
      [Update RS (ms): Min: 0.0, Avg: 0.0, Max: 0.0, Diff: 0.0, Sum: 0.1]
         [Processed Buffers: Min: 0, Avg: 1.0, Max: 3, Diff: 3, Sum: 8]
      [Scan RS (ms): Min: 0.0, Avg: 0.0, Max: 0.0, Diff: 0.0, Sum: 0.0]
      [Code Root Scanning (ms): Min: 0.0, Avg: 0.0, Max: 0.0, Diff: 0.0, Sum: 0.0]
      [Object Copy (ms): Min: 0.1, Avg: 0.1, Max: 0.1, Diff: 0.1, Sum: 0.7]
      [Termination (ms): Min: 0.0, Avg: 0.0, Max: 0.0, Diff: 0.0, Sum: 0.2]
      [GC Worker Other (ms): Min: 0.0, Avg: 0.0, Max: 0.0, Diff: 0.0, Sum: 0.0]
      [GC Worker Total (ms): Min: 0.8, Avg: 0.9, Max: 0.9, Diff: 0.1, Sum: 6.8]
      [GC Worker End (ms): Min: 207504.2, Avg: 207504.2, Max: 207504.3, Diff: 0.0]
   [Code Root Fixup: 0.0 ms]
   [Code Root Migration: 0.0 ms]
   [Clear CT: 0.2 ms]
   [Other: 0.2 ms]
      [Choose CSet: 0.0 ms]
      [Ref Proc: 0.2 ms]
      [Ref Enq: 0.0 ms]
      [Free CSet: 0.0 ms]
   [Eden: 1024.0K(1024.0K)->0.0B(1024.0K) Survivors: 0.0B->1024.0K Heap: 6666.5K(8192.0K)->5883.0K(8192.0K)]
 [Times: user=0.01 sys=0.00, real=0.00 secs] 
207.506: Total time for which application threads were stopped: 0.0580860 seconds, Stopping threads took: 0.0548220 seconds
208.988: Application time: 1.4813630 seconds
209.011: [GC pause (young) (initial-mark) (to-space exhausted), 0.0013440 secs]
   [Parallel Time: 0.9 ms, GC Workers: 8]
      [GC Worker Start (ms): Min: 209011.5, Avg: 209011.6, Max: 209011.6, Diff: 0.1]
      [Ext Root Scanning (ms): Min: 0.4, Avg: 0.4, Max: 0.5, Diff: 0.1, Sum: 3.3]
      [Code Root Marking (ms): Min: 0.0, Avg: 0.0, Max: 0.0, Diff: 0.0, Sum: 0.0]
      [Update RS (ms): Min: 0.0, Avg: 0.0, Max: 0.0, Diff: 0.0, Sum: 0.1]
         [Processed Buffers: Min: 0, Avg: 0.9, Max: 2, Diff: 2, Sum: 7]
      [Scan RS (ms): Min: 0.0, Avg: 0.0, Max: 0.0, Diff: 0.0, Sum: 0.0]
      [Code Root Scanning (ms): Min: 0.0, Avg: 0.0, Max: 0.0, Diff: 0.0, Sum: 0.0]
      [Object Copy (ms): Min: 0.1, Avg: 0.2, Max: 0.2, Diff: 0.2, Sum: 1.4]
      [Termination (ms): Min: 0.0, Avg: 0.0, Max: 0.1, Diff: 0.1, Sum: 0.4]
      [GC Worker Other (ms): Min: 0.0, Avg: 0.0, Max: 0.0, Diff: 0.0, Sum: 0.0]
      [GC Worker Total (ms): Min: 0.6, Avg: 0.6, Max: 0.7, Diff: 0.1, Sum: 5.2]
      [GC Worker End (ms): Min: 209012.2, Avg: 209012.2, Max: 209012.2, Diff: 0.0]
   [Code Root Fixup: 0.0 ms]
   [Code Root Migration: 0.0 ms]
   [Clear CT: 0.2 ms]
   [Other: 0.3 ms]
      [Choose CSet: 0.0 ms]
      [Ref Proc: 0.2 ms]
      [Ref Enq: 0.0 ms]
      [Free CSet: 0.0 ms]
   [Eden: 1024.0K(1024.0K)->0.0B(1024.0K) Survivors: 1024.0K->0.0B Heap: 6907.0K(8192.0K)->6907.0K(8192.0K)]
 [Times: user=0.00 sys=0.00, real=0.00 secs] 
209.013: [GC concurrent-root-region-scan-start]
209.013: [GC concurrent-root-region-scan-end, 0.0000050 secs]
209.013: [GC concurrent-mark-start]
209.013: Total time for which application threads were stopped: 0.0250010 seconds, Stopping threads took: 0.0235330 seconds
209.013: Application time: 0.0000390 seconds
209.013: [Full GC 6907K->5636K(8192K), 0.0057790 secs]
   [Eden: 0.0B(1024.0K)->0.0B(1024.0K) Survivors: 0.0B->0.0B Heap: 6907.0K(8192.0K)->5636.0K(8192.0K)], [Perm: 5167K->5167K(20480K)]
 [Times: user=0.01 sys=0.00, real=0.00 secs] 
209.019: Total time for which application threads were stopped: 0.0058490 seconds, Stopping threads took: 0.0000060 seconds
209.019: [GC concurrent-mark-abort]
210.110: Application time: 1.0916940 seconds
210.163: [GC pause (young), 0.0017230 secs]
   [Parallel Time: 0.9 ms, GC Workers: 8]
      [GC Worker Start (ms): Min: 210163.2, Avg: 210163.3, Max: 210163.3, Diff: 0.1]
      [Ext Root Scanning (ms): Min: 0.7, Avg: 0.7, Max: 0.8, Diff: 0.1, Sum: 5.8]
      [Update RS (ms): Min: 0.0, Avg: 0.0, Max: 0.0, Diff: 0.0, Sum: 0.1]
         [Processed Buffers: Min: 0, Avg: 1.0, Max: 3, Diff: 3, Sum: 8]
      [Scan RS (ms): Min: 0.0, Avg: 0.0, Max: 0.0, Diff: 0.0, Sum: 0.0]
      [Code Root Scanning (ms): Min: 0.0, Avg: 0.0, Max: 0.0, Diff: 0.0, Sum: 0.0]
      [Object Copy (ms): Min: 0.1, Avg: 0.1, Max: 0.1, Diff: 0.0, Sum: 0.7]
      [Termination (ms): Min: 0.0, Avg: 0.0, Max: 0.0, Diff: 0.0, Sum: 0.0]
      [GC Worker Other (ms): Min: 0.0, Avg: 0.0, Max: 0.0, Diff: 0.0, Sum: 0.1]
      [GC Worker Total (ms): Min: 0.8, Avg: 0.8, Max: 0.9, Diff: 0.1, Sum: 6.7]
      [GC Worker End (ms): Min: 210164.1, Avg: 210164.1, Max: 210164.1, Diff: 0.0]
   [Code Root Fixup: 0.0 ms]
   [Code Root Migration: 0.0 ms]
   [Clear CT: 0.6 ms]
   [Other: 0.1 ms]
      [Choose CSet: 0.0 ms]
      [Ref Proc: 0.1 ms]
      [Ref Enq: 0.0 ms]
      [Free CSet: 0.0 ms]
   [Eden: 1024.0K(1024.0K)->0.0B(1024.0K) Survivors: 0.0B->1024.0K Heap: 6660.0K(8192.0K)->5868.5K(8192.0K)]
 [Times: user=0.00 sys=0.00, real=0.00 secs] 
210.165: Total time for which application threads were stopped: 0.0545190 seconds, Stopping threads took: 0.0526810 seconds
211.435: Application time: 1.2701250 seconds
211.489: [GC pause (young) (initial-mark) (to-space exhausted), 0.0010530 secs]
   [Parallel Time: 0.7 ms, GC Workers: 8]
      [GC Worker Start (ms): Min: 211488.8, Avg: 211488.8, Max: 211488.9, Diff: 0.1]
      [Ext Root Scanning (ms): Min: 0.3, Avg: 0.4, Max: 0.5, Diff: 0.1, Sum: 3.2]
      [Code Root Marking (ms): Min: 0.0, Avg: 0.0, Max: 0.0, Diff: 0.0, Sum: 0.0]
      [Update RS (ms): Min: 0.0, Avg: 0.0, Max: 0.0, Diff: 0.0, Sum: 0.1]
         [Processed Buffers: Min: 0, Avg: 1.1, Max: 3, Diff: 3, Sum: 9]
      [Scan RS (ms): Min: 0.0, Avg: 0.0, Max: 0.0, Diff: 0.0, Sum: 0.0]
      [Code Root Scanning (ms): Min: 0.0, Avg: 0.0, Max: 0.0, Diff: 0.0, Sum: 0.0]
      [Object Copy (ms): Min: 0.1, Avg: 0.2, Max: 0.3, Diff: 0.2, Sum: 1.4]
      [Termination (ms): Min: 0.0, Avg: 0.0, Max: 0.1, Diff: 0.1, Sum: 0.3]
      [GC Worker Other (ms): Min: 0.0, Avg: 0.0, Max: 0.0, Diff: 0.0, Sum: 0.0]
      [GC Worker Total (ms): Min: 0.6, Avg: 0.6, Max: 0.7, Diff: 0.1, Sum: 5.1]
      [GC Worker End (ms): Min: 211489.5, Avg: 211489.5, Max: 211489.5, Diff: 0.0]
   [Code Root Fixup: 0.0 ms]
   [Code Root Migration: 0.0 ms]
   [Clear CT: 0.1 ms]
   [Other: 0.2 ms]
      [Choose CSet: 0.0 ms]
      [Ref Proc: 0.1 ms]
      [Ref Enq: 0.0 ms]
      [Free CSet: 0.0 ms]
   [Eden: 1024.0K(1024.0K)->0.0B(1024.0K) Survivors: 1024.0K->0.0B Heap: 6892.5K(8192.0K)->6892.5K(8192.0K)]
 [Times: user=0.00 sys=0.00, real=0.01 secs] 
211.490: [GC concurrent-root-region-scan-start]
211.490: [GC concurrent-root-region-scan-end, 0.0000050 secs]
211.490: 211.490: [GC concurrent-mark-start]
Total time for which application threads were stopped: 0.0547990 seconds, Stopping threads took: 0.0536140 seconds
211.490: Application time: 0.0000430 seconds
211.490: [GC pause (young), 0.0004770 secs]
   [Parallel Time: 0.4 ms, GC Workers: 8]
      [GC Worker Start (ms): Min: 211490.0, Avg: 211490.0, Max: 211490.0, Diff: 0.0]
      [Ext Root Scanning (ms): Min: 0.2, Avg: 0.2, Max: 0.3, Diff: 0.1, Sum: 2.0]
      [SATB Filtering (ms): Min: 0.0, Avg: 0.0, Max: 0.0, Diff: 0.0, Sum: 0.0]
      [Update RS (ms): Min: 0.0, Avg: 0.0, Max: 0.0, Diff: 0.0, Sum: 0.1]
         [Processed Buffers: Min: 0, Avg: 1.8, Max: 7, Diff: 7, Sum: 14]
      [Scan RS (ms): Min: 0.0, Avg: 0.0, Max: 0.0, Diff: 0.0, Sum: 0.0]
      [Code Root Scanning (ms): Min: 0.0, Avg: 0.0, Max: 0.0, Diff: 0.0, Sum: 0.0]
      [Object Copy (ms): Min: 0.0, Avg: 0.0, Max: 0.0, Diff: 0.0, Sum: 0.1]
      [Termination (ms): Min: 0.0, Avg: 0.0, Max: 0.1, Diff: 0.1, Sum: 0.4]
      [GC Worker Other (ms): Min: 0.0, Avg: 0.0, Max: 0.0, Diff: 0.0, Sum: 0.0]
      [GC Worker Total (ms): Min: 0.3, Avg: 0.3, Max: 0.3, Diff: 0.0, Sum: 2.5]
      [GC Worker End (ms): Min: 211490.3, Avg: 211490.3, Max: 211490.3, Diff: 0.0]
   [Code Root Fixup: 0.0 ms]
   [Code Root Migration: 0.0 ms]
   [Clear CT: 0.0 ms]
   [Other: 0.1 ms]
      [Choose CSet: 0.0 ms]
      [Ref Proc: 0.1 ms]
      [Ref Enq: 0.0 ms]
      [Free CSet: 0.0 ms]
   [Eden: 0.0B(1024.0K)->0.0B(1024.0K) Survivors: 0.0B->0.0B Heap: 6892.5K(8192.0K)->6892.5K(8192.0K)]
 [Times: user=0.00 sys=0.00, real=0.00 secs] 
211.490: Total time for which application threads were stopped: 0.0005410 seconds, Stopping threads took: 0.0000060 seconds
211.491: Application time: 0.0000320 seconds
211.491: [GC pause (young), 0.0004290 secs]
   [Parallel Time: 0.3 ms, GC Workers: 8]
      [GC Worker Start (ms): Min: 211490.5, Avg: 211490.6, Max: 211490.6, Diff: 0.0]
      [Ext Root Scanning (ms): Min: 0.2, Avg: 0.2, Max: 0.3, Diff: 0.1, Sum: 1.8]
      [SATB Filtering (ms): Min: 0.0, Avg: 0.0, Max: 0.0, Diff: 0.0, Sum: 0.0]
      [Update RS (ms): Min: 0.0, Avg: 0.0, Max: 0.0, Diff: 0.0, Sum: 0.0]
         [Processed Buffers: Min: 0, Avg: 0.1, Max: 1, Diff: 1, Sum: 1]
      [Scan RS (ms): Min: 0.0, Avg: 0.0, Max: 0.0, Diff: 0.0, Sum: 0.0]
      [Code Root Scanning (ms): Min: 0.0, Avg: 0.0, Max: 0.0, Diff: 0.0, Sum: 0.0]
      [Object Copy (ms): Min: 0.0, Avg: 0.0, Max: 0.0, Diff: 0.0, Sum: 0.1]
      [Termination (ms): Min: 0.0, Avg: 0.0, Max: 0.1, Diff: 0.1, Sum: 0.3]
      [GC Worker Other (ms): Min: 0.0, Avg: 0.0, Max: 0.0, Diff: 0.0, Sum: 0.0]
      [GC Worker Total (ms): Min: 0.3, Avg: 0.3, Max: 0.3, Diff: 0.0, Sum: 2.3]
      [GC Worker End (ms): Min: 211490.8, Avg: 211490.8, Max: 211490.9, Diff: 0.0]
   [Code Root Fixup: 0.0 ms]
   [Code Root Migration: 0.0 ms]
   [Clear CT: 0.0 ms]
   [Other: 0.1 ms]
      [Choose CSet: 0.0 ms]
      [Ref Proc: 0.1 ms]
      [Ref Enq: 0.0 ms]
      [Free CSet: 0.0 ms]
   [Eden: 0.0B(1024.0K)->0.0B(1024.0K) Survivors: 0.0B->0.0B Heap: 6892.5K(8192.0K)->6892.5K(8192.0K)]
 [Times: user=0.00 sys=0.00, real=0.00 secs] 
211.491: Total time for which application threads were stopped: 0.0004910 seconds, Stopping threads took: 0.0000040 seconds
211.491: Application time: 0.0000250 seconds
211.491: [Full GC 6892K->5661K(8192K), 0.0054960 secs]
   [Eden: 0.0B(1024.0K)->0.0B(1024.0K) Survivors: 0.0B->0.0B Heap: 6892.5K(8192.0K)->5661.7K(8192.0K)], [Perm: 5167K->5167K(20480K)]
 [Times: user=0.01 sys=0.00, real=0.00 secs] 
211.497: Total time for which application threads were stopped: 0.0055560 seconds, Stopping threads took: 0.0000030 seconds
211.497: [GC concurrent-mark-abort]
212.768: Application time: 1.2712310 seconds
212.821: [GC pause (young), 0.0014440 secs]
   [Parallel Time: 0.9 ms, GC Workers: 8]
      [GC Worker Start (ms): Min: 212821.4, Avg: 212821.4, Max: 212821.4, Diff: 0.1]
      [Ext Root Scanning (ms): Min: 0.7, Avg: 0.7, Max: 0.8, Diff: 0.1, Sum: 6.0]
      [Update RS (ms): Min: 0.0, Avg: 0.0, Max: 0.0, Diff: 0.0, Sum: 0.1]
         [Processed Buffers: Min: 0, Avg: 0.9, Max: 2, Diff: 2, Sum: 7]
      [Scan RS (ms): Min: 0.0, Avg: 0.0, Max: 0.0, Diff: 0.0, Sum: 0.0]
      [Code Root Scanning (ms): Min: 0.0, Avg: 0.0, Max: 0.0, Diff: 0.0, Sum: 0.0]
      [Object Copy (ms): Min: 0.0, Avg: 0.1, Max: 0.1, Diff: 0.1, Sum: 0.7]
      [Termination (ms): Min: 0.0, Avg: 0.0, Max: 0.0, Diff: 0.0, Sum: 0.1]
      [GC Worker Other (ms): Min: 0.0, Avg: 0.0, Max: 0.0, Diff: 0.0, Sum: 0.0]
      [GC Worker Total (ms): Min: 0.8, Avg: 0.9, Max: 0.9, Diff: 0.1, Sum: 6.9]
      [GC Worker End (ms): Min: 212822.3, Avg: 212822.3, Max: 212822.3, Diff: 0.0]
   [Code Root Fixup: 0.0 ms]
   [Code Root Migration: 0.0 ms]
   [Clear CT: 0.3 ms]
   [Other: 0.2 ms]
      [Choose CSet: 0.0 ms]
      [Ref Proc: 0.2 ms]
      [Ref Enq: 0.0 ms]
      [Free CSet: 0.0 ms]
   [Eden: 1024.0K(1024.0K)->0.0B(1024.0K) Survivors: 0.0B->1024.0K Heap: 6685.7K(8192.0K)->5910.2K(8192.0K)]
 [Times: user=0.00 sys=0.00, real=0.01 secs] 
212.824: Total time for which application threads were stopped: 0.0564990 seconds, Stopping threads took: 0.0534690 seconds
213.974: Application time: 1.1498430 seconds
214.027: [GC pause (young) (initial-mark) (to-space exhausted), 0.0011260 secs]
   [Parallel Time: 0.8 ms, GC Workers: 8]
      [GC Worker Start (ms): Min: 214027.1, Avg: 214027.2, Max: 214027.3, Diff: 0.1]
      [Ext Root Scanning (ms): Min: 0.4, Avg: 0.4, Max: 0.5, Diff: 0.1, Sum: 3.2]
      [Code Root Marking (ms): Min: 0.0, Avg: 0.0, Max: 0.0, Diff: 0.0, Sum: 0.0]
      [Update RS (ms): Min: 0.0, Avg: 0.0, Max: 0.0, Diff: 0.0, Sum: 0.1]
         [Processed Buffers: Min: 0, Avg: 0.9, Max: 3, Diff: 3, Sum: 7]
      [Scan RS (ms): Min: 0.0, Avg: 0.0, Max: 0.0, Diff: 0.0, Sum: 0.0]
      [Code Root Scanning (ms): Min: 0.0, Avg: 0.0, Max: 0.0, Diff: 0.0, Sum: 0.0]
      [Object Copy (ms): Min: 0.1, Avg: 0.2, Max: 0.2, Diff: 0.1, Sum: 1.2]
      [Termination (ms): Min: 0.0, Avg: 0.0, Max: 0.1, Diff: 0.1, Sum: 0.3]
      [GC Worker Other (ms): Min: 0.0, Avg: 0.0, Max: 0.0, Diff: 0.0, Sum: 0.0]
      [GC Worker Total (ms): Min: 0.6, Avg: 0.6, Max: 0.7, Diff: 0.1, Sum: 4.9]
      [GC Worker End (ms): Min: 214027.8, Avg: 214027.8, Max: 214027.8, Diff: 0.0]
   [Code Root Fixup: 0.0 ms]
   [Code Root Migration: 0.0 ms]
   [Clear CT: 0.1 ms]
   [Other: 0.3 ms]
      [Choose CSet: 0.0 ms]
      [Ref Proc: 0.1 ms]
      [Ref Enq: 0.0 ms]
      [Free CSet: 0.0 ms]
   [Eden: 1024.0K(1024.0K)->0.0B(1024.0K) Survivors: 1024.0K->0.0B Heap: 6934.2K(8192.0K)->6934.2K(8192.0K)]
 [Times: user=0.01 sys=0.00, real=0.00 secs] 
214.028: [GC concurrent-root-region-scan-start]
214.028: [GC concurrent-root-region-scan-end, 0.0000060 secs]
214.028: [GC concurrent-mark-start]
214.028: Total time for which application threads were stopped: 0.0541400 seconds, Stopping threads took: 0.0528930 seconds
214.028: Application time: 0.0000390 seconds
214.028: [GC pause (young), 0.0004580 secs]
   [Parallel Time: 0.4 ms, GC Workers: 8]
      [GC Worker Start (ms): Min: 214028.4, Avg: 214028.4, Max: 214028.4, Diff: 0.0]
      [Ext Root Scanning (ms): Min: 0.2, Avg: 0.2, Max: 0.3, Diff: 0.1, Sum: 2.0]
      [SATB Filtering (ms): Min: 0.0, Avg: 0.0, Max: 0.0, Diff: 0.0, Sum: 0.0]
      [Update RS (ms): Min: 0.0, Avg: 0.0, Max: 0.0, Diff: 0.0, Sum: 0.1]
         [Processed Buffers: Min: 0, Avg: 1.5, Max: 6, Diff: 6, Sum: 12]
      [Scan RS (ms): Min: 0.0, Avg: 0.0, Max: 0.0, Diff: 0.0, Sum: 0.0]
      [Code Root Scanning (ms): Min: 0.0, Avg: 0.0, Max: 0.0, Diff: 0.0, Sum: 0.0]
      [Object Copy (ms): Min: 0.0, Avg: 0.0, Max: 0.0, Diff: 0.0, Sum: 0.1]
      [Termination (ms): Min: 0.0, Avg: 0.0, Max: 0.0, Diff: 0.0, Sum: 0.2]
      [GC Worker Other (ms): Min: -0.0, Avg: 0.0, Max: 0.0, Diff: 0.0, Sum: 0.0]
      [GC Worker Total (ms): Min: 0.3, Avg: 0.3, Max: 0.3, Diff: 0.0, Sum: 2.4]
      [GC Worker End (ms): Min: 214028.7, Avg: 214028.7, Max: 214028.7, Diff: 0.0]
   [Code Root Fixup: 0.0 ms]
   [Code Root Migration: 0.0 ms]
   [Clear CT: 0.0 ms]
   [Other: 0.1 ms]
      [Choose CSet: 0.0 ms]
      [Ref Proc: 0.0 ms]
      [Ref Enq: 0.0 ms]
      [Free CSet: 0.0 ms]
   [Eden: 0.0B(1024.0K)->0.0B(1024.0K) Survivors: 0.0B->0.0B Heap: 6934.2K(8192.0K)->6934.2K(8192.0K)]
 [Times: user=0.00 sys=0.00, real=0.00 secs] 
214.029: Total time for which application threads were stopped: 0.0005270 seconds, Stopping threads took: 0.0000060 seconds
214.029: Application time: 0.0000290 seconds
214.029: [GC pause (young), 0.0004350 secs]
   [Parallel Time: 0.3 ms, GC Workers: 8]
      [GC Worker Start (ms): Min: 214028.9, Avg: 214028.9, Max: 214028.9, Diff: 0.0]
      [Ext Root Scanning (ms): Min: 0.2, Avg: 0.2, Max: 0.3, Diff: 0.1, Sum: 1.9]
      [Update RS (ms): Min: 0.0, Avg: 0.0, Max: 0.0, Diff: 0.0, Sum: 0.0]
         [Processed Buffers: Min: 0, Avg: 0.1, Max: 1, Diff: 1, Sum: 1]
      [Scan RS (ms): Min: 0.0, Avg: 0.0, Max: 0.0, Diff: 0.0, Sum: 0.0]
      [Code Root Scanning (ms): Min: 0.0, Avg: 0.0, Max: 0.0, Diff: 0.0, Sum: 0.0]
      [Object Copy (ms): Min: 0.0, Avg: 0.0, Max: 0.0, Diff: 0.0, Sum: 0.1]
      [Termination (ms): Min: 0.0, Avg: 0.0, Max: 0.1, Diff: 0.1, Sum: 0.3]
      [GC Worker Other (ms): Min: 0.0, Avg: 0.0, Max: 0.0, Diff: 0.0, Sum: 0.0]
      [GC Worker Total (ms): Min: 0.3, Avg: 0.3, Max: 0.3, Diff: 0.0, Sum: 2.3]
      [GC Worker End (ms): Min: 214029.2, Avg: 214029.2, Max: 214029.2, Diff: 0.0]
   [Code Root Fixup: 0.0 ms]
   [Code Root Migration: 0.0 ms]
   [Clear CT: 0.0 ms]
   [Other: 0.1 ms]
      [Choose CSet: 0.0 ms]
      [Ref Proc: 0.0 ms]
      [Ref Enq: 0.0 ms]
      [Free CSet: 0.0 ms]
   [Eden: 0.0B(1024.0K)->0.0B(1024.0K) Survivors: 0.0B->0.0B Heap: 6934.2K(8192.0K)->6934.2K(8192.0K)]
 [Times: user=0.00 sys=0.00, real=0.01 secs] 
214.029: Total time for which application threads were stopped: 0.0004930 seconds, Stopping threads took: 0.0000040 seconds
214.029: Application time: 0.0000300 seconds
214.029: [GC pause (young), 0.0005320 secs]
   [Parallel Time: 0.4 ms, GC Workers: 8]
      [GC Worker Start (ms): Min: 214029.5, Avg: 214029.5, Max: 214029.8, Diff: 0.3]
      [Ext Root Scanning (ms): Min: 0.0, Avg: 0.2, Max: 0.3, Diff: 0.3, Sum: 1.5]
      [SATB Filtering (ms): Min: 0.0, Avg: 0.0, Max: 0.0, Diff: 0.0, Sum: 0.0]
      [Update RS (ms): Min: 0.0, Avg: 0.0, Max: 0.0, Diff: 0.0, Sum: 0.0]
         [Processed Buffers: Min: 0, Avg: 0.1, Max: 1, Diff: 1, Sum: 1]
      [Scan RS (ms): Min: 0.0, Avg: 0.0, Max: 0.0, Diff: 0.0, Sum: 0.0]
      [Code Root Scanning (ms): Min: 0.0, Avg: 0.0, Max: 0.0, Diff: 0.0, Sum: 0.0]
      [Object Copy (ms): Min: 0.0, Avg: 0.0, Max: 0.0, Diff: 0.0, Sum: 0.1]
      [Termination (ms): Min: 0.0, Avg: 0.1, Max: 0.1, Diff: 0.1, Sum: 0.4]
      [GC Worker Other (ms): Min: -0.0, Avg: 0.0, Max: 0.0, Diff: 0.0, Sum: 0.0]
      [GC Worker Total (ms): Min: 0.0, Avg: 0.3, Max: 0.3, Diff: 0.3, Sum: 2.0]
      [GC Worker End (ms): Min: 214029.8, Avg: 214029.8, Max: 214029.8, Diff: 0.0]
   [Code Root Fixup: 0.0 ms]
   [Code Root Migration: 0.0 ms]
   [Clear CT: 0.0 ms]
   [Other: 0.1 ms]
      [Choose CSet: 0.0 ms]
      [Ref Proc: 0.1 ms]
      [Ref Enq: 0.0 ms]
      [Free CSet: 0.0 ms]
   [Eden: 0.0B(1024.0K)->0.0B(1024.0K) Survivors: 0.0B->0.0B Heap: 6934.2K(8192.0K)->6934.2K(8192.0K)]
 [Times: user=0.01 sys=0.00, real=0.00 secs] 
214.030: Total time for which application threads were stopped: 0.0005870 seconds, Stopping threads took: 0.0000030 seconds
214.030: Application time: 0.0000230 seconds
214.030: [Full GC 6934K->5639K(8192K), 0.0056320 secs]
   [Eden: 0.0B(1024.0K)->0.0B(1024.0K) Survivors: 0.0B->0.0B Heap: 6934.2K(8192.0K)->5639.2K(8192.0K)], [Perm: 5167K->5167K(20480K)]
 [Times: user=0.01 sys=0.00, real=0.00 secs] 
214.036: Total time for which application threads were stopped: 0.0056930 seconds, Stopping threads took: 0.0000030 seconds
214.036: [GC concurrent-mark-abort]
215.305: Application time: 1.2688050 seconds
215.359: [GC pause (young), 0.0012720 secs]
   [Parallel Time: 0.9 ms, GC Workers: 8]
      [GC Worker Start (ms): Min: 215358.6, Avg: 215358.6, Max: 215358.7, Diff: 0.1]
      [Ext Root Scanning (ms): Min: 0.7, Avg: 0.7, Max: 0.8, Diff: 0.1, Sum: 5.8]
      [Update RS (ms): Min: 0.0, Avg: 0.0, Max: 0.0, Diff: 0.0, Sum: 0.1]
         [Processed Buffers: Min: 0, Avg: 1.0, Max: 3, Diff: 3, Sum: 8]
      [Scan RS (ms): Min: 0.0, Avg: 0.0, Max: 0.0, Diff: 0.0, Sum: 0.0]
      [Code Root Scanning (ms): Min: 0.0, Avg: 0.0, Max: 0.0, Diff: 0.0, Sum: 0.0]
      [Object Copy (ms): Min: 0.1, Avg: 0.1, Max: 0.1, Diff: 0.0, Sum: 0.8]
      [Termination (ms): Min: 0.0, Avg: 0.0, Max: 0.0, Diff: 0.0, Sum: 0.1]
      [GC Worker Other (ms): Min: 0.0, Avg: 0.0, Max: 0.0, Diff: 0.0, Sum: 0.1]
      [GC Worker Total (ms): Min: 0.8, Avg: 0.9, Max: 0.9, Diff: 0.1, Sum: 6.8]
      [GC Worker End (ms): Min: 215359.5, Avg: 215359.5, Max: 215359.5, Diff: 0.0]
   [Code Root Fixup: 0.0 ms]
   [Code Root Migration: 0.0 ms]
   [Clear CT: 0.1 ms]
   [Other: 0.2 ms]
      [Choose CSet: 0.0 ms]
      [Ref Proc: 0.2 ms]
      [Ref Enq: 0.0 ms]
      [Free CSet: 0.0 ms]
   [Eden: 1024.0K(1024.0K)->0.0B(1024.0K) Survivors: 0.0B->1024.0K Heap: 6663.2K(8192.0K)->5895.8K(8192.0K)]
 [Times: user=0.00 sys=0.00, real=0.00 secs] 
215.360: Total time for which application threads were stopped: 0.0553520 seconds, Stopping threads took: 0.0539520 seconds
216.624: Application time: 1.2640610 seconds
216.675: [GC pause (young) (initial-mark) (to-space exhausted), 0.0010430 secs]
   [Parallel Time: 0.7 ms, GC Workers: 8]
      [GC Worker Start (ms): Min: 216674.8, Avg: 216674.8, Max: 216674.8, Diff: 0.1]
      [Ext Root Scanning (ms): Min: 0.4, Avg: 0.4, Max: 0.5, Diff: 0.1, Sum: 3.3]
      [Code Root Marking (ms): Min: 0.0, Avg: 0.0, Max: 0.0, Diff: 0.0, Sum: 0.0]
      [Update RS (ms): Min: 0.0, Avg: 0.0, Max: 0.0, Diff: 0.0, Sum: 0.1]
         [Processed Buffers: Min: 0, Avg: 1.1, Max: 2, Diff: 2, Sum: 9]
      [Scan RS (ms): Min: 0.0, Avg: 0.0, Max: 0.0, Diff: 0.0, Sum: 0.0]
      [Code Root Scanning (ms): Min: 0.0, Avg: 0.0, Max: 0.0, Diff: 0.0, Sum: 0.0]
      [Object Copy (ms): Min: 0.1, Avg: 0.2, Max: 0.2, Diff: 0.1, Sum: 1.2]
      [Termination (ms): Min: 0.0, Avg: 0.0, Max: 0.1, Diff: 0.1, Sum: 0.3]
      [GC Worker Other (ms): Min: 0.0, Avg: 0.0, Max: 0.0, Diff: 0.0, Sum: 0.0]
      [GC Worker Total (ms): Min: 0.6, Avg: 0.6, Max: 0.7, Diff: 0.1, Sum: 5.0]
      [GC Worker End (ms): Min: 216675.4, Avg: 216675.4, Max: 216675.4, Diff: 0.0]
   [Code Root Fixup: 0.0 ms]
   [Code Root Migration: 0.0 ms]
   [Clear CT: 0.1 ms]
   [Other: 0.2 ms]
      [Choose CSet: 0.0 ms]
      [Ref Proc: 0.1 ms]
      [Ref Enq: 0.0 ms]
      [Free CSet: 0.0 ms]
   [Eden: 1024.0K(1024.0K)->0.0B(1024.0K) Survivors: 1024.0K->0.0B Heap: 6919.8K(8192.0K)->6919.8K(8192.0K)]
 [Times: user=0.00 sys=0.00, real=0.00 secs] 
216.676: [GC concurrent-root-region-scan-start]
216.676: [GC concurrent-root-region-scan-end, 0.0000050 secs]
216.676: 216.676: [GC concurrent-mark-start]
Total time for which application threads were stopped: 0.0519120 seconds, Stopping threads took: 0.0507570 seconds
216.676: Application time: 0.0000410 seconds
216.676: [GC pause (young), 0.0004690 secs]
   [Parallel Time: 0.4 ms, GC Workers: 8]
      [GC Worker Start (ms): Min: 216675.9, Avg: 216676.0, Max: 216676.0, Diff: 0.0]
      [Ext Root Scanning (ms): Min: 0.2, Avg: 0.3, Max: 0.3, Diff: 0.1, Sum: 2.0]
      [SATB Filtering (ms): Min: 0.0, Avg: 0.0, Max: 0.0, Diff: 0.0, Sum: 0.0]
      [Update RS (ms): Min: 0.0, Avg: 0.0, Max: 0.0, Diff: 0.0, Sum: 0.1]
         [Processed Buffers: Min: 0, Avg: 1.8, Max: 6, Diff: 6, Sum: 14]
      [Scan RS (ms): Min: 0.0, Avg: 0.0, Max: 0.0, Diff: 0.0, Sum: 0.0]
      [Code Root Scanning (ms): Min: 0.0, Avg: 0.0, Max: 0.0, Diff: 0.0, Sum: 0.0]
      [Object Copy (ms): Min: 0.0, Avg: 0.0, Max: 0.0, Diff: 0.0, Sum: 0.1]
      [Termination (ms): Min: 0.0, Avg: 0.0, Max: 0.1, Diff: 0.1, Sum: 0.3]
      [GC Worker Other (ms): Min: 0.0, Avg: 0.0, Max: 0.0, Diff: 0.0, Sum: 0.0]
      [GC Worker Total (ms): Min: 0.3, Avg: 0.3, Max: 0.3, Diff: 0.0, Sum: 2.5]
      [GC Worker End (ms): Min: 216676.3, Avg: 216676.3, Max: 216676.3, Diff: 0.0]
   [Code Root Fixup: 0.0 ms]
   [Code Root Migration: 0.0 ms]
   [Clear CT: 0.0 ms]
   [Other: 0.1 ms]
      [Choose CSet: 0.0 ms]
      [Ref Proc: 0.0 ms]
      [Ref Enq: 0.0 ms]
      [Free CSet: 0.0 ms]
   [Eden: 0.0B(1024.0K)->0.0B(1024.0K) Survivors: 0.0B->0.0B Heap: 6919.8K(8192.0K)->6919.8K(8192.0K)]
 [Times: user=0.00 sys=0.00, real=0.00 secs] 
216.676: Total time for which application threads were stopped: 0.0005310 seconds, Stopping threads took: 0.0000060 seconds
216.676: Application time: 0.0000340 seconds
216.676: [GC pause (young), 0.0004200 secs]
   [Parallel Time: 0.3 ms, GC Workers: 8]
      [GC Worker Start (ms): Min: 216676.5, Avg: 216676.5, Max: 216676.5, Diff: 0.0]
      [Ext Root Scanning (ms): Min: 0.2, Avg: 0.2, Max: 0.3, Diff: 0.1, Sum: 1.8]
      [SATB Filtering (ms): Min: 0.0, Avg: 0.0, Max: 0.0, Diff: 0.0, Sum: 0.0]
      [Update RS (ms): Min: 0.0, Avg: 0.0, Max: 0.0, Diff: 0.0, Sum: 0.0]
         [Processed Buffers: Min: 0, Avg: 0.1, Max: 1, Diff: 1, Sum: 1]
      [Scan RS (ms): Min: 0.0, Avg: 0.0, Max: 0.0, Diff: 0.0, Sum: 0.0]
      [Code Root Scanning (ms): Min: 0.0, Avg: 0.0, Max: 0.0, Diff: 0.0, Sum: 0.0]
      [Object Copy (ms): Min: 0.0, Avg: 0.0, Max: 0.0, Diff: 0.0, Sum: 0.1]
      [Termination (ms): Min: 0.0, Avg: 0.0, Max: 0.1, Diff: 0.1, Sum: 0.3]
      [GC Worker Other (ms): Min: -0.0, Avg: 0.0, Max: 0.0, Diff: 0.0, Sum: 0.0]
      [GC Worker Total (ms): Min: 0.3, Avg: 0.3, Max: 0.3, Diff: 0.0, Sum: 2.3]
      [GC Worker End (ms): Min: 216676.8, Avg: 216676.8, Max: 216676.8, Diff: 0.0]
   [Code Root Fixup: 0.0 ms]
   [Code Root Migration: 0.0 ms]
   [Clear CT: 0.0 ms]
   [Other: 0.1 ms]
      [Choose CSet: 0.0 ms]
      [Ref Proc: 0.1 ms]
      [Ref Enq: 0.0 ms]
      [Free CSet: 0.0 ms]
   [Eden: 0.0B(1024.0K)->0.0B(1024.0K) Survivors: 0.0B->0.0B Heap: 6919.8K(8192.0K)->6919.8K(8192.0K)]
 [Times: user=0.00 sys=0.00, real=0.00 secs] 
216.677: Total time for which application threads were stopped: 0.0004740 seconds, Stopping threads took: 0.0000030 seconds
216.677: Application time: 0.0000260 seconds
216.677: [Full GC 6919K->5648K(8192K), 0.0059000 secs]
   [Eden: 0.0B(1024.0K)->0.0B(1024.0K) Survivors: 0.0B->0.0B Heap: 6919.8K(8192.0K)->5648.6K(8192.0K)], [Perm: 5167K->5167K(20480K)]
 [Times: user=0.01 sys=0.00, real=0.01 secs] 
216.683: Total time for which application threads were stopped: 0.0059610 seconds, Stopping threads took: 0.0000030 seconds
216.683: [GC concurrent-mark-abort]
217.777: Application time: 1.0941150 seconds
217.830: [GC pause (young), 0.0014730 secs]
   [Parallel Time: 1.1 ms, GC Workers: 8]
      [GC Worker Start (ms): Min: 217830.5, Avg: 217830.5, Max: 217830.5, Diff: 0.1]
      [Ext Root Scanning (ms): Min: 0.7, Avg: 0.7, Max: 0.8, Diff: 0.1, Sum: 5.9]
      [Update RS (ms): Min: 0.0, Avg: 0.0, Max: 0.0, Diff: 0.0, Sum: 0.1]
         [Processed Buffers: Min: 0, Avg: 1.0, Max: 3, Diff: 3, Sum: 8]
      [Scan RS (ms): Min: 0.0, Avg: 0.0, Max: 0.0, Diff: 0.0, Sum: 0.0]
      [Code Root Scanning (ms): Min: 0.0, Avg: 0.0, Max: 0.0, Diff: 0.0, Sum: 0.0]
      [Object Copy (ms): Min: 0.1, Avg: 0.1, Max: 0.1, Diff: 0.1, Sum: 0.7]
      [Termination (ms): Min: 0.0, Avg: 0.0, Max: 0.0, Diff: 0.0, Sum: 0.2]
      [GC Worker Other (ms): Min: 0.0, Avg: 0.0, Max: 0.0, Diff: 0.0, Sum: 0.0]
      [GC Worker Total (ms): Min: 0.8, Avg: 0.9, Max: 0.9, Diff: 0.1, Sum: 6.8]
      [GC Worker End (ms): Min: 217831.3, Avg: 217831.3, Max: 217831.4, Diff: 0.0]
   [Code Root Fixup: 0.0 ms]
   [Code Root Migration: 0.0 ms]
   [Clear CT: 0.2 ms]
   [Other: 0.2 ms]
      [Choose CSet: 0.0 ms]
      [Ref Proc: 0.1 ms]
      [Ref Enq: 0.0 ms]
      [Free CSet: 0.0 ms]
   [Eden: 1024.0K(1024.0K)->0.0B(1024.0K) Survivors: 0.0B->1024.0K Heap: 6672.6K(8192.0K)->5873.1K(8192.0K)]
 [Times: user=0.01 sys=0.00, real=0.00 secs] 
217.832: Total time for which application threads were stopped: 0.0549110 seconds, Stopping threads took: 0.0533290 seconds
219.158: Application time: 1.3256530 seconds
219.214: [GC pause (young) (initial-mark) (to-space exhausted), 0.0013220 secs]
   [Parallel Time: 0.8 ms, GC Workers: 8]
      [GC Worker Start (ms): Min: 219214.1, Avg: 219214.1, Max: 219214.2, Diff: 0.1]
      [Ext Root Scanning (ms): Min: 0.4, Avg: 0.4, Max: 0.5, Diff: 0.1, Sum: 3.3]
      [Code Root Marking (ms): Min: 0.0, Avg: 0.0, Max: 0.0, Diff: 0.0, Sum: 0.0]
      [Update RS (ms): Min: 0.0, Avg: 0.0, Max: 0.0, Diff: 0.0, Sum: 0.1]
         [Processed Buffers: Min: 0, Avg: 1.0, Max: 2, Diff: 2, Sum: 8]
      [Scan RS (ms): Min: 0.0, Avg: 0.0, Max: 0.0, Diff: 0.0, Sum: 0.0]
      [Code Root Scanning (ms): Min: 0.0, Avg: 0.0, Max: 0.0, Diff: 0.0, Sum: 0.0]
      [Object Copy (ms): Min: 0.1, Avg: 0.2, Max: 0.2, Diff: 0.1, Sum: 1.4]
      [Termination (ms): Min: 0.0, Avg: 0.1, Max: 0.1, Diff: 0.1, Sum: 0.5]
      [GC Worker Other (ms): Min: 0.0, Avg: 0.0, Max: 0.0, Diff: 0.0, Sum: 0.0]
      [GC Worker Total (ms): Min: 0.6, Avg: 0.7, Max: 0.7, Diff: 0.1, Sum: 5.4]
      [GC Worker End (ms): Min: 219214.8, Avg: 219214.8, Max: 219214.8, Diff: 0.0]
   [Code Root Fixup: 0.0 ms]
   [Code Root Migration: 0.0 ms]
   [Clear CT: 0.2 ms]
   [Other: 0.3 ms]
      [Choose CSet: 0.0 ms]
      [Ref Proc: 0.2 ms]
      [Ref Enq: 0.0 ms]
      [Free CSet: 0.0 ms]
   [Eden: 1024.0K(1024.0K)->0.0B(1024.0K) Survivors: 1024.0K->0.0B Heap: 6897.1K(8192.0K)->6897.1K(8192.0K)]
 [Times: user=0.01 sys=0.00, real=0.00 secs] 
219.215: [GC concurrent-root-region-scan-start]
219.215: 219.215: [GC concurrent-root-region-scan-end, 0.0000060 secs]
219.215: Total time for which application threads were stopped: 0.0577840 seconds, Stopping threads took: 0.0563360 seconds
[GC concurrent-mark-start]
219.215: Application time: 0.0000630 seconds
219.215: [Full GC 6897K->5674K(8192K), 0.0057830 secs]
   [Eden: 0.0B(1024.0K)->0.0B(1024.0K) Survivors: 0.0B->0.0B Heap: 6897.1K(8192.0K)->5674.5K(8192.0K)], [Perm: 5167K->5167K(20480K)]
 [Times: user=0.01 sys=0.00, real=0.00 secs] 
219.221: Total time for which application threads were stopped: 0.0058520 seconds, Stopping threads took: 0.0000060 seconds
219.221: [GC concurrent-mark-abort]
220.418: Application time: 1.1967880 seconds
220.440: [GC pause (young), 0.0018480 secs]
   [Parallel Time: 1.1 ms, GC Workers: 8]
      [GC Worker Start (ms): Min: 220440.5, Avg: 220440.5, Max: 220440.6, Diff: 0.1]
      [Ext Root Scanning (ms): Min: 0.7, Avg: 0.7, Max: 0.8, Diff: 0.1, Sum: 5.8]
      [Update RS (ms): Min: 0.0, Avg: 0.0, Max: 0.0, Diff: 0.0, Sum: 0.1]
         [Processed Buffers: Min: 0, Avg: 0.9, Max: 3, Diff: 3, Sum: 7]
      [Scan RS (ms): Min: 0.0, Avg: 0.0, Max: 0.0, Diff: 0.0, Sum: 0.0]
      [Code Root Scanning (ms): Min: 0.0, Avg: 0.0, Max: 0.0, Diff: 0.0, Sum: 0.0]
      [Object Copy (ms): Min: 0.1, Avg: 0.1, Max: 0.1, Diff: 0.0, Sum: 0.8]
      [Termination (ms): Min: 0.0, Avg: 0.0, Max: 0.0, Diff: 0.0, Sum: 0.1]
      [GC Worker Other (ms): Min: 0.0, Avg: 0.0, Max: 0.0, Diff: 0.0, Sum: 0.1]
      [GC Worker Total (ms): Min: 0.8, Avg: 0.9, Max: 0.9, Diff: 0.1, Sum: 6.8]
      [GC Worker End (ms): Min: 220441.4, Avg: 220441.4, Max: 220441.4, Diff: 0.0]
   [Code Root Fixup: 0.0 ms]
   [Code Root Migration: 0.0 ms]
   [Clear CT: 0.6 ms]
   [Other: 0.2 ms]
      [Choose CSet: 0.0 ms]
      [Ref Proc: 0.2 ms]
      [Ref Enq: 0.0 ms]
      [Free CSet: 0.0 ms]
   [Eden: 1024.0K(1024.0K)->0.0B(1024.0K) Survivors: 0.0B->1024.0K Heap: 6698.5K(8192.0K)->5899.0K(8192.0K)]
 [Times: user=0.01 sys=0.00, real=0.01 secs] 
220.442: Total time for which application threads were stopped: 0.0242650 seconds, Stopping threads took: 0.0223040 seconds
221.593: Application time: 1.1505220 seconds
221.648: [GC pause (young) (initial-mark) (to-space exhausted), 0.0012240 secs]
   [Parallel Time: 0.8 ms, GC Workers: 8]
      [GC Worker Start (ms): Min: 221647.6, Avg: 221647.7, Max: 221647.7, Diff: 0.1]
      [Ext Root Scanning (ms): Min: 0.4, Avg: 0.4, Max: 0.5, Diff: 0.1, Sum: 3.3]
      [Code Root Marking (ms): Min: 0.0, Avg: 0.0, Max: 0.0, Diff: 0.0, Sum: 0.0]
      [Update RS (ms): Min: 0.0, Avg: 0.0, Max: 0.0, Diff: 0.0, Sum: 0.1]
         [Processed Buffers: Min: 0, Avg: 1.2, Max: 3, Diff: 3, Sum: 10]
      [Scan RS (ms): Min: 0.0, Avg: 0.0, Max: 0.0, Diff: 0.0, Sum: 0.0]
      [Code Root Scanning (ms): Min: 0.0, Avg: 0.0, Max: 0.0, Diff: 0.0, Sum: 0.0]
      [Object Copy (ms): Min: 0.1, Avg: 0.2, Max: 0.3, Diff: 0.1, Sum: 1.5]
      [Termination (ms): Min: 0.0, Avg: 0.1, Max: 0.1, Diff: 0.1, Sum: 0.5]
      [GC Worker Other (ms): Min: 0.0, Avg: 0.0, Max: 0.0, Diff: 0.0, Sum: 0.1]
      [GC Worker Total (ms): Min: 0.6, Avg: 0.7, Max: 0.7, Diff: 0.1, Sum: 5.4]
      [GC Worker End (ms): Min: 221648.3, Avg: 221648.3, Max: 221648.3, Diff: 0.0]
   [Code Root Fixup: 0.0 ms]
   [Code Root Migration: 0.0 ms]
   [Clear CT: 0.1 ms]
   [Other: 0.3 ms]
      [Choose CSet: 0.0 ms]
      [Ref Proc: 0.1 ms]
      [Ref Enq: 0.0 ms]
      [Free CSet: 0.0 ms]
   [Eden: 1024.0K(1024.0K)->0.0B(1024.0K) Survivors: 1024.0K->0.0B Heap: 6923.0K(8192.0K)->6923.0K(8192.0K)]
 [Times: user=0.01 sys=0.00, real=0.00 secs] 
221.649: [GC concurrent-root-region-scan-start]
221.649: [GC concurrent-root-region-scan-end, 0.0000040 secs]
221.649: 221.649: [GC concurrent-mark-start]
Total time for which application threads were stopped: 0.0559520 seconds, Stopping threads took: 0.0546260 seconds
221.650: [GC concurrent-mark-end, 0.0014040 secs]
221.650: Application time: 0.0014240 seconds
221.650: [GC pause (young), 0.0004710 secs]
   [Parallel Time: 0.3 ms, GC Workers: 8]
      [GC Worker Start (ms): Min: 221650.3, Avg: 221650.3, Max: 221650.3, Diff: 0.0]
      [Ext Root Scanning (ms): Min: 0.3, Avg: 0.3, Max: 0.3, Diff: 0.0, Sum: 2.1]
      [SATB Filtering (ms): Min: 0.0, Avg: 0.0, Max: 0.0, Diff: 0.0, Sum: 0.0]
      [Update RS (ms): Min: 0.0, Avg: 0.0, Max: 0.0, Diff: 0.0, Sum: 0.1]
         [Processed Buffers: Min: 0, Avg: 1.6, Max: 9, Diff: 9, Sum: 13]
      [Scan RS (ms): Min: 0.0, Avg: 0.0, Max: 0.0, Diff: 0.0, Sum: 0.0]
      [Code Root Scanning (ms): Min: 0.0, Avg: 0.0, Max: 0.0, Diff: 0.0, Sum: 0.0]
      [Object Copy (ms): Min: 0.0, Avg: 0.0, Max: 0.0, Diff: 0.0, Sum: 0.1]
      [Termination (ms): Min: 0.0, Avg: 0.0, Max: 0.0, Diff: 0.0, Sum: 0.2]
      [GC Worker Other (ms): Min: 0.0, Avg: 0.0, Max: 0.0, Diff: 0.0, Sum: 0.0]
      [GC Worker Total (ms): Min: 0.3, Avg: 0.3, Max: 0.3, Diff: 0.0, Sum: 2.5]
      [GC Worker End (ms): Min: 221650.6, Avg: 221650.6, Max: 221650.7, Diff: 0.0]
   [Code Root Fixup: 0.0 ms]
   [Code Root Migration: 0.0 ms]
   [Clear CT: 0.0 ms]
   [Other: 0.1 ms]
      [Choose CSet: 0.0 ms]
      [Ref Proc: 0.1 ms]
      [Ref Enq: 0.0 ms]
      [Free CSet: 0.0 ms]
   [Eden: 0.0B(1024.0K)->0.0B(1024.0K) Survivors: 0.0B->0.0B Heap: 6923.0K(8192.0K)->6923.0K(8192.0K)]
 [Times: user=0.01 sys=0.00, real=0.00 secs] 
221.651: Total time for which application threads were stopped: 0.0005380 seconds, Stopping threads took: 0.0000080 seconds
221.651: Application time: 0.0000170 seconds
221.651: [GC pause (young), 0.0005030 secs]
   [Parallel Time: 0.3 ms, GC Workers: 8]
      [GC Worker Start (ms): Min: 221650.9, Avg: 221650.9, Max: 221650.9, Diff: 0.0]
      [Ext Root Scanning (ms): Min: 0.2, Avg: 0.2, Max: 0.3, Diff: 0.1, Sum: 1.8]
      [Update RS (ms): Min: 0.0, Avg: 0.0, Max: 0.0, Diff: 0.0, Sum: 0.0]
         [Processed Buffers: Min: 0, Avg: 0.1, Max: 1, Diff: 1, Sum: 1]
      [Scan RS (ms): Min: 0.0, Avg: 0.0, Max: 0.0, Diff: 0.0, Sum: 0.0]
      [Code Root Scanning (ms): Min: 0.0, Avg: 0.0, Max: 0.0, Diff: 0.0, Sum: 0.0]
      [Object Copy (ms): Min: 0.0, Avg: 0.0, Max: 0.0, Diff: 0.0, Sum: 0.1]
      [Termination (ms): Min: 0.0, Avg: 0.0, Max: 0.1, Diff: 0.1, Sum: 0.3]
      [GC Worker Other (ms): Min: 0.0, Avg: 0.0, Max: 0.0, Diff: 0.0, Sum: 0.0]
      [GC Worker Total (ms): Min: 0.3, Avg: 0.3, Max: 0.3, Diff: 0.0, Sum: 2.3]
      [GC Worker End (ms): Min: 221651.2, Avg: 221651.2, Max: 221651.2, Diff: 0.0]
   [Code Root Fixup: 0.0 ms]
   [Code Root Migration: 0.0 ms]
   [Clear CT: 0.0 ms]
   [Other: 0.1 ms]
      [Choose CSet: 0.0 ms]
      [Ref Proc: 0.1 ms]
      [Ref Enq: 0.0 ms]
      [Free CSet: 0.0 ms]
   [Eden: 0.0B(1024.0K)->0.0B(1024.0K) Survivors: 0.0B->0.0B Heap: 6923.0K(8192.0K)->6923.0K(8192.0K)]
 [Times: user=0.00 sys=0.00, real=0.00 secs] 
221.651: Total time for which application threads were stopped: 0.0005640 seconds, Stopping threads took: 0.0000040 seconds
221.651: Application time: 0.0000160 seconds
221.651: [GC pause (young), 0.0004900 secs]
   [Parallel Time: 0.3 ms, GC Workers: 8]
      [GC Worker Start (ms): Min: 221651.4, Avg: 221651.5, Max: 221651.5, Diff: 0.0]
      [Ext Root Scanning (ms): Min: 0.2, Avg: 0.2, Max: 0.3, Diff: 0.0, Sum: 1.8]
      [Update RS (ms): Min: 0.0, Avg: 0.0, Max: 0.0, Diff: 0.0, Sum: 0.0]
         [Processed Buffers: Min: 0, Avg: 0.1, Max: 1, Diff: 1, Sum: 1]
      [Scan RS (ms): Min: 0.0, Avg: 0.0, Max: 0.0, Diff: 0.0, Sum: 0.0]
      [Code Root Scanning (ms): Min: 0.0, Avg: 0.0, Max: 0.0, Diff: 0.0, Sum: 0.0]
      [Object Copy (ms): Min: 0.0, Avg: 0.0, Max: 0.0, Diff: 0.0, Sum: 0.1]
      [Termination (ms): Min: 0.0, Avg: 0.0, Max: 0.1, Diff: 0.1, Sum: 0.3]
      [GC Worker Other (ms): Min: -0.0, Avg: 0.0, Max: 0.0, Diff: 0.0, Sum: 0.0]
      [GC Worker Total (ms): Min: 0.3, Avg: 0.3, Max: 0.3, Diff: 0.0, Sum: 2.3]
      [GC Worker End (ms): Min: 221651.7, Avg: 221651.7, Max: 221651.7, Diff: 0.0]
   [Code Root Fixup: 0.0 ms]
   [Code Root Migration: 0.0 ms]
   [Clear CT: 0.0 ms]
   [Other: 0.1 ms]
      [Choose CSet: 0.0 ms]
      [Ref Proc: 0.1 ms]
      [Ref Enq: 0.0 ms]
      [Free CSet: 0.0 ms]
   [Eden: 0.0B(1024.0K)->0.0B(1024.0K) Survivors: 0.0B->0.0B Heap: 6923.0K(8192.0K)->6923.0K(8192.0K)]
 [Times: user=0.00 sys=0.00, real=0.00 secs] 
221.652: Total time for which application threads were stopped: 0.0005450 seconds, Stopping threads took: 0.0000040 seconds
221.652: Application time: 0.0000140 seconds
221.652: [Full GC 6923K->5668K(8192K), 0.0054280 secs]
   [Eden: 0.0B(1024.0K)->0.0B(1024.0K) Survivors: 0.0B->0.0B Heap: 6923.0K(8192.0K)->5668.0K(8192.0K)], [Perm: 5167K->5167K(20480K)]
 [Times: user=0.01 sys=0.00, real=0.00 secs] 
221.657: Total time for which application threads were stopped: 0.0054900 seconds, Stopping threads took: 0.0000030 seconds
221.658: Application time: 0.0000520 seconds
221.658: [GC remark, 0.0000060 secs]
 [Times: user=0.00 sys=0.00, real=0.00 secs] 
221.658: Total time for which application threads were stopped: 0.0000560 seconds, Stopping threads took: 0.0000340 seconds
221.658: [GC concurrent-mark-abort]
221.658: Application time: 0.0000440 seconds
221.658: Total time for which application threads were stopped: 0.0001060 seconds, Stopping threads took: 0.0000830 seconds
222.989: Application time: 1.3310210 seconds
223.043: [GC pause (young), 0.0012360 secs]
   [Parallel Time: 0.9 ms, GC Workers: 8]
      [GC Worker Start (ms): Min: 223043.1, Avg: 223043.2, Max: 223043.2, Diff: 0.1]
      [Ext Root Scanning (ms): Min: 0.7, Avg: 0.7, Max: 0.8, Diff: 0.1, Sum: 5.8]
      [Update RS (ms): Min: 0.0, Avg: 0.0, Max: 0.0, Diff: 0.0, Sum: 0.1]
         [Processed Buffers: Min: 0, Avg: 0.9, Max: 3, Diff: 3, Sum: 7]
      [Scan RS (ms): Min: 0.0, Avg: 0.0, Max: 0.0, Diff: 0.0, Sum: 0.0]
      [Code Root Scanning (ms): Min: 0.0, Avg: 0.0, Max: 0.0, Diff: 0.0, Sum: 0.0]
      [Object Copy (ms): Min: 0.1, Avg: 0.1, Max: 0.1, Diff: 0.1, Sum: 0.8]
      [Termination (ms): Min: 0.0, Avg: 0.0, Max: 0.0, Diff: 0.0, Sum: 0.0]
      [GC Worker Other (ms): Min: 0.0, Avg: 0.0, Max: 0.0, Diff: 0.0, Sum: 0.1]
      [GC Worker Total (ms): Min: 0.8, Avg: 0.8, Max: 0.9, Diff: 0.1, Sum: 6.8]
      [GC Worker End (ms): Min: 223044.0, Avg: 223044.0, Max: 223044.0, Diff: 0.0]
   [Code Root Fixup: 0.0 ms]
   [Code Root Migration: 0.0 ms]
   [Clear CT: 0.1 ms]
   [Other: 0.2 ms]
      [Choose CSet: 0.0 ms]
      [Ref Proc: 0.1 ms]
      [Ref Enq: 0.0 ms]
      [Free CSet: 0.0 ms]
   [Eden: 1024.0K(1024.0K)->0.0B(1024.0K) Survivors: 0.0B->1024.0K Heap: 6692.0K(8192.0K)->5900.5K(8192.0K)]
 [Times: user=0.01 sys=0.00, real=0.00 secs] 
223.044: Total time for which application threads were stopped: 0.0556590 seconds, Stopping threads took: 0.0543060 seconds
224.256: Application time: 1.2118100 seconds
224.313: [GC pause (young) (initial-mark) (to-space exhausted), 0.0009610 secs]
   [Parallel Time: 0.7 ms, GC Workers: 8]
      [GC Worker Start (ms): Min: 224312.7, Avg: 224312.7, Max: 224312.7, Diff: 0.1]
      [Ext Root Scanning (ms): Min: 0.4, Avg: 0.4, Max: 0.5, Diff: 0.1, Sum: 3.4]
      [Code Root Marking (ms): Min: 0.0, Avg: 0.0, Max: 0.0, Diff: 0.0, Sum: 0.0]
      [Update RS (ms): Min: 0.0, Avg: 0.0, Max: 0.0, Diff: 0.0, Sum: 0.1]
         [Processed Buffers: Min: 0, Avg: 1.1, Max: 4, Diff: 4, Sum: 9]
      [Scan RS (ms): Min: 0.0, Avg: 0.0, Max: 0.0, Diff: 0.0, Sum: 0.0]
      [Code Root Scanning (ms): Min: 0.0, Avg: 0.0, Max: 0.0, Diff: 0.0, Sum: 0.0]
      [Object Copy (ms): Min: 0.1, Avg: 0.2, Max: 0.2, Diff: 0.1, Sum: 1.3]
      [Termination (ms): Min: 0.0, Avg: 0.0, Max: 0.1, Diff: 0.1, Sum: 0.2]
      [GC Worker Other (ms): Min: 0.0, Avg: 0.0, Max: 0.0, Diff: 0.0, Sum: 0.0]
      [GC Worker Total (ms): Min: 0.6, Avg: 0.6, Max: 0.7, Diff: 0.1, Sum: 5.0]
      [GC Worker End (ms): Min: 224313.3, Avg: 224313.3, Max: 224313.3, Diff: 0.0]
   [Code Root Fixup: 0.0 ms]
   [Code Root Migration: 0.0 ms]
   [Clear CT: 0.1 ms]
   [Other: 0.2 ms]
      [Choose CSet: 0.0 ms]
      [Ref Proc: 0.1 ms]
      [Ref Enq: 0.0 ms]
      [Free CSet: 0.0 ms]
   [Eden: 1024.0K(1024.0K)->0.0B(1024.0K) Survivors: 1024.0K->0.0B Heap: 6924.5K(8192.0K)->6924.5K(8192.0K)]
 [Times: user=0.00 sys=0.01, real=0.00 secs] 
224.314: [GC concurrent-root-region-scan-start]
224.314: 224.314: [GC concurrent-root-region-scan-end, 0.0000040 secs]
224.314Total time for which application threads were stopped: 0.0574300 seconds, Stopping threads took: 0.0563670 seconds
: [GC concurrent-mark-start]
224.314: Application time: 0.0000420 seconds
224.314: [GC pause (young), 0.0005120 secs]
   [Parallel Time: 0.3 ms, GC Workers: 8]
      [GC Worker Start (ms): Min: 224313.8, Avg: 224313.8, Max: 224313.8, Diff: 0.0]
      [Ext Root Scanning (ms): Min: 0.2, Avg: 0.2, Max: 0.3, Diff: 0.0, Sum: 2.0]
      [Update RS (ms): Min: 0.0, Avg: 0.0, Max: 0.0, Diff: 0.0, Sum: 0.1]
         [Processed Buffers: Min: 0, Avg: 1.6, Max: 5, Diff: 5, Sum: 13]
      [Scan RS (ms): Min: 0.0, Avg: 0.0, Max: 0.0, Diff: 0.0, Sum: 0.0]
      [Code Root Scanning (ms): Min: 0.0, Avg: 0.0, Max: 0.0, Diff: 0.0, Sum: 0.0]
      [Object Copy (ms): Min: 0.0, Avg: 0.0, Max: 0.0, Diff: 0.0, Sum: 0.1]
      [Termination (ms): Min: 0.0, Avg: 0.0, Max: 0.0, Diff: 0.0, Sum: 0.2]
      [GC Worker Other (ms): Min: -0.0, Avg: 0.0, Max: 0.0, Diff: 0.0, Sum: 0.0]
      [GC Worker Total (ms): Min: 0.3, Avg: 0.3, Max: 0.3, Diff: 0.0, Sum: 2.4]
      [GC Worker End (ms): Min: 224314.1, Avg: 224314.1, Max: 224314.1, Diff: 0.0]
   [Code Root Fixup: 0.0 ms]
   [Code Root Migration: 0.0 ms]
   [Clear CT: 0.0 ms]
   [Other: 0.1 ms]
      [Choose CSet: 0.0 ms]
      [Ref Proc: 0.1 ms]
      [Ref Enq: 0.0 ms]
      [Free CSet: 0.0 ms]
   [Eden: 0.0B(1024.0K)->0.0B(1024.0K) Survivors: 0.0B->0.0B Heap: 6924.5K(8192.0K)->6924.5K(8192.0K)]
 [Times: user=0.00 sys=0.00, real=0.00 secs] 
224.314: Total time for which application threads were stopped: 0.0005970 seconds, Stopping threads took: 0.0000190 seconds
224.314: Application time: 0.0000480 seconds
224.369: [GC pause (young), 0.0005220 secs]
   [Parallel Time: 0.3 ms, GC Workers: 8]
      [GC Worker Start (ms): Min: 224368.6, Avg: 224368.6, Max: 224368.6, Diff: 0.0]
      [Ext Root Scanning (ms): Min: 0.2, Avg: 0.2, Max: 0.3, Diff: 0.1, Sum: 1.9]
      [Update RS (ms): Min: 0.0, Avg: 0.0, Max: 0.0, Diff: 0.0, Sum: 0.0]
         [Processed Buffers: Min: 0, Avg: 0.1, Max: 1, Diff: 1, Sum: 1]
      [Scan RS (ms): Min: 0.0, Avg: 0.0, Max: 0.0, Diff: 0.0, Sum: 0.0]
      [Code Root Scanning (ms): Min: 0.0, Avg: 0.0, Max: 0.0, Diff: 0.0, Sum: 0.0]
      [Object Copy (ms): Min: 0.0, Avg: 0.0, Max: 0.0, Diff: 0.0, Sum: 0.1]
      [Termination (ms): Min: 0.0, Avg: 0.0, Max: 0.1, Diff: 0.1, Sum: 0.3]
      [GC Worker Other (ms): Min: 0.0, Avg: 0.0, Max: 0.0, Diff: 0.0, Sum: 0.0]
      [GC Worker Total (ms): Min: 0.3, Avg: 0.3, Max: 0.3, Diff: 0.0, Sum: 2.3]
      [GC Worker End (ms): Min: 224368.9, Avg: 224368.9, Max: 224368.9, Diff: 0.0]
   [Code Root Fixup: 0.0 ms]
   [Code Root Migration: 0.0 ms]
   [Clear CT: 0.0 ms]
   [Other: 0.1 ms]
      [Choose CSet: 0.0 ms]
      [Ref Proc: 0.1 ms]
      [Ref Enq: 0.0 ms]
      [Free CSet: 0.0 ms]
   [Eden: 0.0B(1024.0K)->0.0B(1024.0K) Survivors: 0.0B->0.0B Heap: 6924.5K(8192.0K)->6924.5K(8192.0K)]
 [Times: user=0.01 sys=0.00, real=0.00 secs] 
224.369: Total time for which application threads were stopped: 0.0547900 seconds, Stopping threads took: 0.0542150 seconds
224.369: Application time: 0.0000320 seconds
224.369: [Full GC 6924K->5653K(8192K), 0.0056130 secs]
   [Eden: 0.0B(1024.0K)->0.0B(1024.0K) Survivors: 0.0B->0.0B Heap: 6924.5K(8192.0K)->5653.3K(8192.0K)], [Perm: 5168K->5168K(20480K)]
 [Times: user=0.00 sys=0.00, real=0.01 secs] 
224.375: Total time for which application threads were stopped: 0.0056770 seconds, Stopping threads took: 0.0000050 seconds
224.375: [GC concurrent-mark-abort]
225.480: Application time: 1.1052230 seconds
225.530: [GC pause (young), 0.0016310 secs]
   [Parallel Time: 1.1 ms, GC Workers: 8]
      [GC Worker Start (ms): Min: 225530.4, Avg: 225530.4, Max: 225530.5, Diff: 0.1]
      [Ext Root Scanning (ms): Min: 0.7, Avg: 0.7, Max: 0.7, Diff: 0.1, Sum: 5.7]
      [Update RS (ms): Min: 0.0, Avg: 0.0, Max: 0.0, Diff: 0.0, Sum: 0.1]
         [Processed Buffers: Min: 0, Avg: 0.9, Max: 3, Diff: 3, Sum: 7]
      [Scan RS (ms): Min: 0.0, Avg: 0.0, Max: 0.0, Diff: 0.0, Sum: 0.0]
      [Code Root Scanning (ms): Min: 0.0, Avg: 0.0, Max: 0.0, Diff: 0.0, Sum: 0.0]
      [Object Copy (ms): Min: 0.1, Avg: 0.1, Max: 0.1, Diff: 0.1, Sum: 0.7]
      [Termination (ms): Min: 0.0, Avg: 0.0, Max: 0.0, Diff: 0.0, Sum: 0.1]
      [GC Worker Other (ms): Min: 0.0, Avg: 0.0, Max: 0.0, Diff: 0.0, Sum: 0.1]
      [GC Worker Total (ms): Min: 0.8, Avg: 0.8, Max: 0.9, Diff: 0.1, Sum: 6.6]
      [GC Worker End (ms): Min: 225531.3, Avg: 225531.3, Max: 225531.3, Diff: 0.0]
   [Code Root Fixup: 0.0 ms]
   [Code Root Migration: 0.0 ms]
   [Clear CT: 0.3 ms]
   [Other: 0.3 ms]
      [Choose CSet: 0.0 ms]
      [Ref Proc: 0.2 ms]
      [Ref Enq: 0.0 ms]
      [Free CSet: 0.0 ms]
   [Eden: 1024.0K(1024.0K)->0.0B(1024.0K) Survivors: 0.0B->1024.0K Heap: 6677.3K(8192.0K)->5877.8K(8192.0K)]
 [Times: user=0.01 sys=0.00, real=0.00 secs] 
225.532: Total time for which application threads were stopped: 0.0519480 seconds, Stopping threads took: 0.0502170 seconds
226.859: Application time: 1.3270090 seconds
226.913: [GC pause (young) (initial-mark) (to-space exhausted), 0.0010940 secs]
   [Parallel Time: 0.8 ms, GC Workers: 8]
      [GC Worker Start (ms): Min: 226913.5, Avg: 226913.5, Max: 226913.6, Diff: 0.1]
      [Ext Root Scanning (ms): Min: 0.4, Avg: 0.4, Max: 0.4, Diff: 0.1, Sum: 3.3]
      [Code Root Marking (ms): Min: 0.0, Avg: 0.0, Max: 0.0, Diff: 0.0, Sum: 0.0]
      [Update RS (ms): Min: 0.0, Avg: 0.0, Max: 0.0, Diff: 0.0, Sum: 0.1]
         [Processed Buffers: Min: 0, Avg: 0.8, Max: 2, Diff: 2, Sum: 6]
      [Scan RS (ms): Min: 0.0, Avg: 0.0, Max: 0.0, Diff: 0.0, Sum: 0.0]
      [Code Root Scanning (ms): Min: 0.0, Avg: 0.0, Max: 0.0, Diff: 0.0, Sum: 0.0]
      [Object Copy (ms): Min: 0.1, Avg: 0.2, Max: 0.2, Diff: 0.1, Sum: 1.3]
      [Termination (ms): Min: 0.0, Avg: 0.1, Max: 0.1, Diff: 0.1, Sum: 0.4]
      [GC Worker Other (ms): Min: 0.0, Avg: 0.0, Max: 0.0, Diff: 0.0, Sum: 0.0]
      [GC Worker Total (ms): Min: 0.6, Avg: 0.6, Max: 0.7, Diff: 0.1, Sum: 5.1]
      [GC Worker End (ms): Min: 226914.2, Avg: 226914.2, Max: 226914.2, Diff: 0.0]
   [Code Root Fixup: 0.0 ms]
   [Code Root Migration: 0.0 ms]
   [Clear CT: 0.1 ms]
   [Other: 0.3 ms]
      [Choose CSet: 0.0 ms]
      [Ref Proc: 0.1 ms]
      [Ref Enq: 0.0 ms]
      [Free CSet: 0.0 ms]
   [Eden: 1024.0K(1024.0K)->0.0B(1024.0K) Survivors: 1024.0K->0.0B Heap: 6901.8K(8192.0K)->6901.8K(8192.0K)]
 [Times: user=0.01 sys=0.00, real=0.00 secs] 
226.915: [GC concurrent-root-region-scan-start]
226.915: [GC concurrent-root-region-scan-end, 0.0000060 secs]
226.915: [GC concurrent-mark-start]
226.915: Total time for which application threads were stopped: 0.0555920 seconds, Stopping threads took: 0.0543870 seconds
226.915: Application time: 0.0000370 seconds
226.915: [GC pause (young), 0.0004510 secs]
   [Parallel Time: 0.3 ms, GC Workers: 8]
      [GC Worker Start (ms): Min: 226914.7, Avg: 226914.7, Max: 226914.7, Diff: 0.0]
      [Ext Root Scanning (ms): Min: 0.2, Avg: 0.3, Max: 0.3, Diff: 0.0, Sum: 2.0]
      [Update RS (ms): Min: 0.0, Avg: 0.0, Max: 0.0, Diff: 0.0, Sum: 0.1]
         [Processed Buffers: Min: 0, Avg: 1.6, Max: 3, Diff: 3, Sum: 13]
      [Scan RS (ms): Min: 0.0, Avg: 0.0, Max: 0.0, Diff: 0.0, Sum: 0.0]
      [Code Root Scanning (ms): Min: 0.0, Avg: 0.0, Max: 0.0, Diff: 0.0, Sum: 0.0]
      [Object Copy (ms): Min: 0.0, Avg: 0.0, Max: 0.0, Diff: 0.0, Sum: 0.1]
      [Termination (ms): Min: 0.0, Avg: 0.0, Max: 0.0, Diff: 0.0, Sum: 0.2]
      [GC Worker Other (ms): Min: 0.0, Avg: 0.0, Max: 0.0, Diff: 0.0, Sum: 0.0]
      [GC Worker Total (ms): Min: 0.3, Avg: 0.3, Max: 0.3, Diff: 0.0, Sum: 2.5]
      [GC Worker End (ms): Min: 226915.0, Avg: 226915.0, Max: 226915.0, Diff: 0.0]
   [Code Root Fixup: 0.0 ms]
   [Code Root Migration: 0.0 ms]
   [Clear CT: 0.0 ms]
   [Other: 0.1 ms]
      [Choose CSet: 0.0 ms]
      [Ref Proc: 0.1 ms]
      [Ref Enq: 0.0 ms]
      [Free CSet: 0.0 ms]
   [Eden: 0.0B(1024.0K)->0.0B(1024.0K) Survivors: 0.0B->0.0B Heap: 6901.8K(8192.0K)->6901.8K(8192.0K)]
 [Times: user=0.00 sys=0.00, real=0.00 secs] 
226.915: Total time for which application threads were stopped: 0.0005100 seconds, Stopping threads took: 0.0000060 seconds
226.915: Application time: 0.0000330 seconds
226.915: [GC pause (young), 0.0004340 secs]
   [Parallel Time: 0.3 ms, GC Workers: 8]
      [GC Worker Start (ms): Min: 226915.2, Avg: 226915.3, Max: 226915.3, Diff: 0.0]
      [Ext Root Scanning (ms): Min: 0.2, Avg: 0.2, Max: 0.3, Diff: 0.0, Sum: 1.8]
      [Update RS (ms): Min: 0.0, Avg: 0.0, Max: 0.0, Diff: 0.0, Sum: 0.0]
         [Processed Buffers: Min: 0, Avg: 0.1, Max: 1, Diff: 1, Sum: 1]
      [Scan RS (ms): Min: 0.0, Avg: 0.0, Max: 0.0, Diff: 0.0, Sum: 0.0]
      [Code Root Scanning (ms): Min: 0.0, Avg: 0.0, Max: 0.0, Diff: 0.0, Sum: 0.0]
      [Object Copy (ms): Min: 0.0, Avg: 0.0, Max: 0.0, Diff: 0.0, Sum: 0.1]
      [Termination (ms): Min: 0.0, Avg: 0.0, Max: 0.1, Diff: 0.1, Sum: 0.3]
      [GC Worker Other (ms): Min: -0.0, Avg: 0.0, Max: 0.0, Diff: 0.0, Sum: 0.0]
      [GC Worker Total (ms): Min: 0.3, Avg: 0.3, Max: 0.3, Diff: 0.0, Sum: 2.3]
      [GC Worker End (ms): Min: 226915.5, Avg: 226915.5, Max: 226915.5, Diff: 0.0]
   [Code Root Fixup: 0.0 ms]
   [Code Root Migration: 0.0 ms]
   [Clear CT: 0.0 ms]
   [Other: 0.1 ms]
      [Choose CSet: 0.0 ms]
      [Ref Proc: 0.1 ms]
      [Ref Enq: 0.0 ms]
      [Free CSet: 0.0 ms]
   [Eden: 0.0B(1024.0K)->0.0B(1024.0K) Survivors: 0.0B->0.0B Heap: 6901.8K(8192.0K)->6901.8K(8192.0K)]
 [Times: user=0.00 sys=0.00, real=0.00 secs] 
226.916: Total time for which application threads were stopped: 0.0004880 seconds, Stopping threads took: 0.0000030 seconds
226.916: Application time: 0.0000300 seconds
226.916: [Full GC 6901K->5679K(8192K), 0.0055460 secs]
   [Eden: 0.0B(1024.0K)->0.0B(1024.0K) Survivors: 0.0B->0.0B Heap: 6901.8K(8192.0K)->5679.1K(8192.0K)], [Perm: 5168K->5168K(20480K)]
 [Times: user=0.01 sys=0.00, real=0.00 secs] 
226.921: Total time for which application threads were stopped: 0.0056070 seconds, Stopping threads took: 0.0000030 seconds
226.921: [GC concurrent-mark-abort]
226.929: Application time: 0.0080380 seconds
226.981: Total time for which application threads were stopped: 0.0514830 seconds, Stopping threads took: 0.0514590 seconds
228.070: Application time: 1.0889510 seconds
228.121: [GC pause (young), 0.0019760 secs]
   [Parallel Time: 1.2 ms, GC Workers: 8]
      [GC Worker Start (ms): Min: 228121.2, Avg: 228121.3, Max: 228121.4, Diff: 0.1]
      [Ext Root Scanning (ms): Min: 0.7, Avg: 0.7, Max: 0.8, Diff: 0.1, Sum: 5.9]
      [Update RS (ms): Min: 0.0, Avg: 0.0, Max: 0.0, Diff: 0.0, Sum: 0.1]
         [Processed Buffers: Min: 0, Avg: 1.0, Max: 2, Diff: 2, Sum: 8]
      [Scan RS (ms): Min: 0.0, Avg: 0.0, Max: 0.0, Diff: 0.0, Sum: 0.0]
      [Code Root Scanning (ms): Min: 0.0, Avg: 0.0, Max: 0.0, Diff: 0.0, Sum: 0.0]
      [Object Copy (ms): Min: 0.1, Avg: 0.1, Max: 0.1, Diff: 0.0, Sum: 0.7]
      [Termination (ms): Min: 0.0, Avg: 0.0, Max: 0.0, Diff: 0.0, Sum: 0.0]
      [GC Worker Other (ms): Min: 0.0, Avg: 0.0, Max: 0.0, Diff: 0.0, Sum: 0.1]
      [GC Worker Total (ms): Min: 0.8, Avg: 0.9, Max: 0.9, Diff: 0.1, Sum: 6.8]
      [GC Worker End (ms): Min: 228122.2, Avg: 228122.2, Max: 228122.2, Diff: 0.0]
   [Code Root Fixup: 0.0 ms]
   [Code Root Migration: 0.0 ms]
   [Clear CT: 0.5 ms]
   [Other: 0.3 ms]
      [Choose CSet: 0.0 ms]
      [Ref Proc: 0.2 ms]
      [Ref Enq: 0.0 ms]
      [Free CSet: 0.0 ms]
   [Eden: 1024.0K(1024.0K)->0.0B(1024.0K) Survivors: 0.0B->1024.0K Heap: 6703.1K(8192.0K)->5903.6K(8192.0K)]
 [Times: user=0.01 sys=0.00, real=0.01 secs] 
228.125: Total time for which application threads were stopped: 0.0551040 seconds, Stopping threads took: 0.0513320 seconds
229.336: Application time: 1.2110230 seconds
229.391: [GC pause (young) (initial-mark) (to-space exhausted), 0.0013770 secs]
   [Parallel Time: 0.9 ms, GC Workers: 8]
      [GC Worker Start (ms): Min: 229390.7, Avg: 229390.8, Max: 229390.8, Diff: 0.1]
      [Ext Root Scanning (ms): Min: 0.3, Avg: 0.4, Max: 0.5, Diff: 0.1, Sum: 3.3]
      [Code Root Marking (ms): Min: 0.0, Avg: 0.0, Max: 0.0, Diff: 0.0, Sum: 0.0]
      [Update RS (ms): Min: 0.0, Avg: 0.0, Max: 0.0, Diff: 0.0, Sum: 0.0]
         [Processed Buffers: Min: 0, Avg: 1.1, Max: 4, Diff: 4, Sum: 9]
      [Scan RS (ms): Min: 0.0, Avg: 0.0, Max: 0.0, Diff: 0.0, Sum: 0.0]
      [Code Root Scanning (ms): Min: 0.0, Avg: 0.0, Max: 0.0, Diff: 0.0, Sum: 0.0]
      [Object Copy (ms): Min: 0.1, Avg: 0.2, Max: 0.2, Diff: 0.1, Sum: 1.4]
      [Termination (ms): Min: 0.0, Avg: 0.1, Max: 0.1, Diff: 0.1, Sum: 0.4]
      [GC Worker Other (ms): Min: 0.0, Avg: 0.0, Max: 0.0, Diff: 0.0, Sum: 0.0]
      [GC Worker Total (ms): Min: 0.6, Avg: 0.7, Max: 0.7, Diff: 0.1, Sum: 5.3]
      [GC Worker End (ms): Min: 229391.5, Avg: 229391.5, Max: 229391.5, Diff: 0.0]
   [Code Root Fixup: 0.0 ms]
   [Code Root Migration: 0.0 ms]
   [Clear CT: 0.2 ms]
   [Other: 0.3 ms]
      [Choose CSet: 0.0 ms]
      [Ref Proc: 0.2 ms]
      [Ref Enq: 0.0 ms]
      [Free CSet: 0.0 ms]
   [Eden: 1024.0K(1024.0K)->0.0B(1024.0K) Survivors: 1024.0K->0.0B Heap: 6927.6K(8192.0K)->6927.6K(8192.0K)]
 [Times: user=0.01 sys=0.00, real=0.00 secs] 
229.392: [GC concurrent-root-region-scan-start]
229.392: [GC concurrent-root-region-scan-end, 0.0000060 secs]
229.392: 229.392[GC concurrent-mark-start]
: Total time for which application threads were stopped: 0.0561950 seconds, Stopping threads took: 0.0546920 seconds
229.392: Application time: 0.0000380 seconds
229.392: [Full GC 6927K->5656K(8192K), 0.0058370 secs]
   [Eden: 0.0B(1024.0K)->0.0B(1024.0K) Survivors: 0.0B->0.0B Heap: 6927.6K(8192.0K)->5656.3K(8192.0K)], [Perm: 5168K->5168K(20480K)]
 [Times: user=0.00 sys=0.00, real=0.00 secs] 
229.398: Total time for which application threads were stopped: 0.0059080 seconds, Stopping threads took: 0.0000070 seconds
229.398: [GC concurrent-mark-abort]
230.777: Application time: 1.3787950 seconds
230.830: [GC pause (young), 0.0013340 secs]
   [Parallel Time: 1.0 ms, GC Workers: 8]
      [GC Worker Start (ms): Min: 230830.4, Avg: 230830.5, Max: 230830.5, Diff: 0.1]
      [Ext Root Scanning (ms): Min: 0.7, Avg: 0.8, Max: 0.8, Diff: 0.1, Sum: 6.0]
      [Update RS (ms): Min: 0.0, Avg: 0.0, Max: 0.0, Diff: 0.0, Sum: 0.0]
         [Processed Buffers: Min: 0, Avg: 1.0, Max: 4, Diff: 4, Sum: 8]
      [Scan RS (ms): Min: 0.0, Avg: 0.0, Max: 0.0, Diff: 0.0, Sum: 0.0]
      [Code Root Scanning (ms): Min: 0.0, Avg: 0.0, Max: 0.0, Diff: 0.0, Sum: 0.0]
      [Object Copy (ms): Min: 0.0, Avg: 0.1, Max: 0.1, Diff: 0.1, Sum: 0.6]
      [Termination (ms): Min: 0.0, Avg: 0.0, Max: 0.0, Diff: 0.0, Sum: 0.1]
      [GC Worker Other (ms): Min: 0.0, Avg: 0.0, Max: 0.0, Diff: 0.0, Sum: 0.1]
      [GC Worker Total (ms): Min: 0.8, Avg: 0.9, Max: 0.9, Diff: 0.1, Sum: 6.9]
      [GC Worker End (ms): Min: 230831.3, Avg: 230831.3, Max: 230831.3, Diff: 0.0]
   [Code Root Fixup: 0.0 ms]
   [Code Root Migration: 0.0 ms]
   [Clear CT: 0.2 ms]
   [Other: 0.1 ms]
      [Choose CSet: 0.0 ms]
      [Ref Proc: 0.1 ms]
      [Ref Enq: 0.0 ms]
      [Free CSet: 0.0 ms]
   [Eden: 1024.0K(1024.0K)->0.0B(1024.0K) Survivors: 0.0B->1024.0K Heap: 6680.3K(8192.0K)->5870.8K(8192.0K)]
 [Times: user=0.01 sys=0.00, real=0.00 secs] 
230.832: Total time for which application threads were stopped: 0.0548580 seconds, Stopping threads took: 0.0534020 seconds
231.866: Application time: 1.0345290 seconds
231.921: [GC pause (young) (initial-mark) (to-space exhausted), 0.0013100 secs]
   [Parallel Time: 0.9 ms, GC Workers: 8]
      [GC Worker Start (ms): Min: 231921.2, Avg: 231921.3, Max: 231921.3, Diff: 0.1]
      [Ext Root Scanning (ms): Min: 0.4, Avg: 0.4, Max: 0.5, Diff: 0.1, Sum: 3.5]
      [Code Root Marking (ms): Min: 0.0, Avg: 0.0, Max: 0.0, Diff: 0.0, Sum: 0.0]
      [Update RS (ms): Min: 0.0, Avg: 0.0, Max: 0.0, Diff: 0.0, Sum: 0.1]
         [Processed Buffers: Min: 0, Avg: 1.0, Max: 2, Diff: 2, Sum: 8]
      [Scan RS (ms): Min: 0.0, Avg: 0.0, Max: 0.0, Diff: 0.0, Sum: 0.0]
      [Code Root Scanning (ms): Min: 0.0, Avg: 0.0, Max: 0.0, Diff: 0.0, Sum: 0.0]
      [Object Copy (ms): Min: 0.1, Avg: 0.2, Max: 0.2, Diff: 0.1, Sum: 1.3]
      [Termination (ms): Min: 0.0, Avg: 0.0, Max: 0.1, Diff: 0.1, Sum: 0.2]
      [GC Worker Other (ms): Min: 0.0, Avg: 0.0, Max: 0.0, Diff: 0.0, Sum: 0.0]
      [GC Worker Total (ms): Min: 0.6, Avg: 0.6, Max: 0.7, Diff: 0.1, Sum: 5.1]
      [GC Worker End (ms): Min: 231921.9, Avg: 231921.9, Max: 231921.9, Diff: 0.0]
   [Code Root Fixup: 0.0 ms]
   [Code Root Migration: 0.0 ms]
   [Clear CT: 0.1 ms]
   [Other: 0.3 ms]
      [Choose CSet: 0.0 ms]
      [Ref Proc: 0.2 ms]
      [Ref Enq: 0.0 ms]
      [Free CSet: 0.0 ms]
   [Eden: 1024.0K(1024.0K)->0.0B(1024.0K) Survivors: 1024.0K->0.0B Heap: 6894.8K(8192.0K)->6894.8K(8192.0K)]
 [Times: user=0.00 sys=0.00, real=0.01 secs] 
231.923: [GC concurrent-root-region-scan-start]
231.923: [GC concurrent-root-region-scan-end, 0.0000060 secs]
231.923231.923: : [GC concurrent-mark-start]
Total time for which application threads were stopped: 0.0562640 seconds, Stopping threads took: 0.0548310 seconds
231.923: Application time: 0.0000390 seconds
231.977: [Full GC 6894K->5657K(8192K), 0.0059620 secs]
   [Eden: 0.0B(1024.0K)->0.0B(1024.0K) Survivors: 0.0B->0.0B Heap: 6894.8K(8192.0K)->5657.9K(8192.0K)], [Perm: 5168K->5168K(20480K)]
 [Times: user=0.01 sys=0.00, real=0.01 secs] 
231.983: Total time for which application threads were stopped: 0.0601590 seconds, Stopping threads took: 0.0541270 seconds
231.983: [GC concurrent-mark-abort]
233.252: Application time: 1.2695510 seconds
233.309: [GC pause (young), 0.0018560 secs]
   [Parallel Time: 1.2 ms, GC Workers: 8]
      [GC Worker Start (ms): Min: 233308.6, Avg: 233308.7, Max: 233308.7, Diff: 0.1]
      [Ext Root Scanning (ms): Min: 0.7, Avg: 0.8, Max: 0.8, Diff: 0.1, Sum: 6.1]
      [Update RS (ms): Min: 0.0, Avg: 0.0, Max: 0.0, Diff: 0.0, Sum: 0.1]
         [Processed Buffers: Min: 0, Avg: 1.0, Max: 2, Diff: 2, Sum: 8]
      [Scan RS (ms): Min: 0.0, Avg: 0.0, Max: 0.0, Diff: 0.0, Sum: 0.0]
      [Code Root Scanning (ms): Min: 0.0, Avg: 0.0, Max: 0.0, Diff: 0.0, Sum: 0.0]
      [Object Copy (ms): Min: 0.1, Avg: 0.1, Max: 0.1, Diff: 0.1, Sum: 0.7]
      [Termination (ms): Min: 0.0, Avg: 0.0, Max: 0.0, Diff: 0.0, Sum: 0.0]
      [GC Worker Other (ms): Min: 0.0, Avg: 0.0, Max: 0.0, Diff: 0.0, Sum: 0.1]
      [GC Worker Total (ms): Min: 0.8, Avg: 0.9, Max: 0.9, Diff: 0.1, Sum: 7.0]
      [GC Worker End (ms): Min: 233309.6, Avg: 233309.6, Max: 233309.6, Diff: 0.0]
   [Code Root Fixup: 0.0 ms]
   [Code Root Migration: 0.0 ms]
   [Clear CT: 0.4 ms]
   [Other: 0.2 ms]
      [Choose CSet: 0.0 ms]
      [Ref Proc: 0.2 ms]
      [Ref Enq: 0.0 ms]
      [Free CSet: 0.0 ms]
   [Eden: 1024.0K(1024.0K)->0.0B(1024.0K) Survivors: 0.0B->1024.0K Heap: 6681.9K(8192.0K)->5882.3K(8192.0K)]
 [Times: user=0.01 sys=0.00, real=0.01 secs] 
233.312: Total time for which application threads were stopped: 0.0597750 seconds, Stopping threads took: 0.0562460 seconds
234.692: Application time: 1.3797860 seconds
234.746: [GC pause (young) (initial-mark) (to-space exhausted), 0.0013510 secs]
   [Parallel Time: 0.9 ms, GC Workers: 8]
      [GC Worker Start (ms): Min: 234745.9, Avg: 234745.9, Max: 234746.0, Diff: 0.1]
      [Ext Root Scanning (ms): Min: 0.4, Avg: 0.4, Max: 0.4, Diff: 0.1, Sum: 3.3]
      [Code Root Marking (ms): Min: 0.0, Avg: 0.0, Max: 0.0, Diff: 0.0, Sum: 0.0]
      [Update RS (ms): Min: 0.0, Avg: 0.0, Max: 0.0, Diff: 0.0, Sum: 0.1]
         [Processed Buffers: Min: 0, Avg: 1.0, Max: 2, Diff: 2, Sum: 8]
      [Scan RS (ms): Min: 0.0, Avg: 0.0, Max: 0.0, Diff: 0.0, Sum: 0.0]
      [Code Root Scanning (ms): Min: 0.0, Avg: 0.0, Max: 0.0, Diff: 0.0, Sum: 0.0]
      [Object Copy (ms): Min: 0.1, Avg: 0.2, Max: 0.2, Diff: 0.1, Sum: 1.4]
      [Termination (ms): Min: 0.0, Avg: 0.0, Max: 0.1, Diff: 0.1, Sum: 0.3]
      [GC Worker Other (ms): Min: 0.0, Avg: 0.0, Max: 0.0, Diff: 0.0, Sum: 0.0]
      [GC Worker Total (ms): Min: 0.6, Avg: 0.6, Max: 0.7, Diff: 0.1, Sum: 5.1]
      [GC Worker End (ms): Min: 234746.6, Avg: 234746.6, Max: 234746.6, Diff: 0.0]
   [Code Root Fixup: 0.0 ms]
   [Code Root Migration: 0.0 ms]
   [Clear CT: 0.1 ms]
   [Other: 0.4 ms]
      [Choose CSet: 0.0 ms]
      [Ref Proc: 0.2 ms]
      [Ref Enq: 0.0 ms]
      [Free CSet: 0.0 ms]
   [Eden: 1024.0K(1024.0K)->0.0B(1024.0K) Survivors: 1024.0K->0.0B Heap: 6906.3K(8192.0K)->6906.3K(8192.0K)]
 [Times: user=0.00 sys=0.00, real=0.00 secs] 
234.747: [GC concurrent-root-region-scan-start]
234.747: [GC concurrent-root-region-scan-end, 0.0000060 secs]
234.747: [GC concurrent-mark-start]
234.747: Total time for which application threads were stopped: 0.0553760 seconds, Stopping threads took: 0.0539000 seconds
234.747: Application time: 0.0000380 seconds
234.747: [GC pause (young), 0.0004500 secs]
   [Parallel Time: 0.3 ms, GC Workers: 8]
      [GC Worker Start (ms): Min: 234747.3, Avg: 234747.3, Max: 234747.3, Diff: 0.0]
      [Ext Root Scanning (ms): Min: 0.2, Avg: 0.2, Max: 0.3, Diff: 0.1, Sum: 2.0]
      [SATB Filtering (ms): Min: 0.0, Avg: 0.0, Max: 0.0, Diff: 0.0, Sum: 0.0]
      [Update RS (ms): Min: 0.0, Avg: 0.0, Max: 0.0, Diff: 0.0, Sum: 0.1]
         [Processed Buffers: Min: 0, Avg: 1.9, Max: 6, Diff: 6, Sum: 15]
      [Scan RS (ms): Min: 0.0, Avg: 0.0, Max: 0.0, Diff: 0.0, Sum: 0.0]
      [Code Root Scanning (ms): Min: 0.0, Avg: 0.0, Max: 0.0, Diff: 0.0, Sum: 0.0]
      [Object Copy (ms): Min: 0.0, Avg: 0.0, Max: 0.0, Diff: 0.0, Sum: 0.1]
      [Termination (ms): Min: 0.0, Avg: 0.0, Max: 0.0, Diff: 0.0, Sum: 0.2]
      [GC Worker Other (ms): Min: 0.0, Avg: 0.0, Max: 0.0, Diff: 0.0, Sum: 0.0]
      [GC Worker Total (ms): Min: 0.3, Avg: 0.3, Max: 0.3, Diff: 0.0, Sum: 2.4]
      [GC Worker End (ms): Min: 234747.6, Avg: 234747.6, Max: 234747.6, Diff: 0.0]
   [Code Root Fixup: 0.0 ms]
   [Code Root Migration: 0.0 ms]
   [Clear CT: 0.0 ms]
   [Other: 0.1 ms]
      [Choose CSet: 0.0 ms]
      [Ref Proc: 0.0 ms]
      [Ref Enq: 0.0 ms]
      [Free CSet: 0.0 ms]
   [Eden: 0.0B(1024.0K)->0.0B(1024.0K) Survivors: 0.0B->0.0B Heap: 6906.3K(8192.0K)->6906.3K(8192.0K)]
 [Times: user=0.01 sys=0.00, real=0.00 secs] 
234.748: Total time for which application threads were stopped: 0.0005200 seconds, Stopping threads took: 0.0000060 seconds
234.748: Application time: 0.0000320 seconds
234.748: [GC pause (young), 0.0004300 secs]
   [Parallel Time: 0.3 ms, GC Workers: 8]
      [GC Worker Start (ms): Min: 234747.9, Avg: 234747.9, Max: 234747.9, Diff: 0.0]
      [Ext Root Scanning (ms): Min: 0.2, Avg: 0.2, Max: 0.2, Diff: 0.0, Sum: 1.8]
      [SATB Filtering (ms): Min: 0.0, Avg: 0.0, Max: 0.0, Diff: 0.0, Sum: 0.0]
      [Update RS (ms): Min: 0.0, Avg: 0.0, Max: 0.0, Diff: 0.0, Sum: 0.0]
         [Processed Buffers: Min: 0, Avg: 0.1, Max: 1, Diff: 1, Sum: 1]
      [Scan RS (ms): Min: 0.0, Avg: 0.0, Max: 0.0, Diff: 0.0, Sum: 0.0]
      [Code Root Scanning (ms): Min: 0.0, Avg: 0.0, Max: 0.0, Diff: 0.0, Sum: 0.0]
      [Object Copy (ms): Min: 0.0, Avg: 0.0, Max: 0.0, Diff: 0.0, Sum: 0.1]
      [Termination (ms): Min: 0.0, Avg: 0.0, Max: 0.1, Diff: 0.1, Sum: 0.3]
      [GC Worker Other (ms): Min: -0.0, Avg: 0.0, Max: 0.0, Diff: 0.0, Sum: 0.0]
      [GC Worker Total (ms): Min: 0.3, Avg: 0.3, Max: 0.3, Diff: 0.0, Sum: 2.3]
      [GC Worker End (ms): Min: 234748.1, Avg: 234748.1, Max: 234748.2, Diff: 0.0]
   [Code Root Fixup: 0.0 ms]
   [Code Root Migration: 0.0 ms]
   [Clear CT: 0.0 ms]
   [Other: 0.1 ms]
      [Choose CSet: 0.0 ms]
      [Ref Proc: 0.1 ms]
      [Ref Enq: 0.0 ms]
      [Free CSet: 0.0 ms]
   [Eden: 0.0B(1024.0K)->0.0B(1024.0K) Survivors: 0.0B->0.0B Heap: 6906.3K(8192.0K)->6906.3K(8192.0K)]
 [Times: user=0.00 sys=0.00, real=0.00 secs] 
234.748: Total time for which application threads were stopped: 0.0004830 seconds, Stopping threads took: 0.0000030 seconds
234.748: Application time: 0.0000260 seconds
234.748: [GC pause (young), 0.0004280 secs]
   [Parallel Time: 0.3 ms, GC Workers: 8]
      [GC Worker Start (ms): Min: 234748.4, Avg: 234748.4, Max: 234748.4, Diff: 0.0]
      [Ext Root Scanning (ms): Min: 0.2, Avg: 0.2, Max: 0.2, Diff: 0.0, Sum: 1.8]
      [Update RS (ms): Min: 0.0, Avg: 0.0, Max: 0.0, Diff: 0.0, Sum: 0.0]
         [Processed Buffers: Min: 0, Avg: 0.1, Max: 1, Diff: 1, Sum: 1]
      [Scan RS (ms): Min: 0.0, Avg: 0.0, Max: 0.0, Diff: 0.0, Sum: 0.0]
      [Code Root Scanning (ms): Min: 0.0, Avg: 0.0, Max: 0.0, Diff: 0.0, Sum: 0.0]
      [Object Copy (ms): Min: 0.0, Avg: 0.0, Max: 0.0, Diff: 0.0, Sum: 0.1]
      [Termination (ms): Min: 0.0, Avg: 0.0, Max: 0.0, Diff: 0.0, Sum: 0.3]
      [GC Worker Other (ms): Min: 0.0, Avg: 0.0, Max: 0.0, Diff: 0.0, Sum: 0.0]
      [GC Worker Total (ms): Min: 0.3, Avg: 0.3, Max: 0.3, Diff: 0.0, Sum: 2.2]
      [GC Worker End (ms): Min: 234748.6, Avg: 234748.7, Max: 234748.7, Diff: 0.0]
   [Code Root Fixup: 0.0 ms]
   [Code Root Migration: 0.0 ms]
   [Clear CT: 0.0 ms]
   [Other: 0.1 ms]
      [Choose CSet: 0.0 ms]
      [Ref Proc: 0.1 ms]
      [Ref Enq: 0.0 ms]
      [Free CSet: 0.0 ms]
   [Eden: 0.0B(1024.0K)->0.0B(1024.0K) Survivors: 0.0B->0.0B Heap: 6906.3K(8192.0K)->6906.3K(8192.0K)]
 [Times: user=0.00 sys=0.00, real=0.00 secs] 
234.749: Total time for which application threads were stopped: 0.0004800 seconds, Stopping threads took: 0.0000030 seconds
234.749: Application time: 0.0000270 seconds
234.749: [GC pause (young), 0.0004940 secs]
   [Parallel Time: 0.4 ms, GC Workers: 8]
      [GC Worker Start (ms): Min: 234748.9, Avg: 234748.9, Max: 234749.2, Diff: 0.3]
      [Ext Root Scanning (ms): Min: 0.0, Avg: 0.2, Max: 0.3, Diff: 0.3, Sum: 1.7]
      [Update RS (ms): Min: 0.0, Avg: 0.0, Max: 0.0, Diff: 0.0, Sum: 0.0]
         [Processed Buffers: Min: 0, Avg: 0.1, Max: 1, Diff: 1, Sum: 1]
      [Scan RS (ms): Min: 0.0, Avg: 0.0, Max: 0.0, Diff: 0.0, Sum: 0.0]
      [Code Root Scanning (ms): Min: 0.0, Avg: 0.0, Max: 0.0, Diff: 0.0, Sum: 0.0]
      [Object Copy (ms): Min: 0.0, Avg: 0.0, Max: 0.0, Diff: 0.0, Sum: 0.1]
      [Termination (ms): Min: 0.0, Avg: 0.1, Max: 0.1, Diff: 0.1, Sum: 0.6]
      [GC Worker Other (ms): Min: 0.0, Avg: 0.0, Max: 0.0, Diff: 0.0, Sum: 0.0]
      [GC Worker Total (ms): Min: 0.0, Avg: 0.3, Max: 0.4, Diff: 0.3, Sum: 2.4]
      [GC Worker End (ms): Min: 234749.2, Avg: 234749.2, Max: 234749.2, Diff: 0.0]
   [Code Root Fixup: 0.0 ms]
   [Code Root Migration: 0.0 ms]
   [Clear CT: 0.1 ms]
   [Other: 0.1 ms]
      [Choose CSet: 0.0 ms]
      [Ref Proc: 0.0 ms]
      [Ref Enq: 0.0 ms]
      [Free CSet: 0.0 ms]
   [Eden: 0.0B(1024.0K)->0.0B(1024.0K) Survivors: 0.0B->0.0B Heap: 6906.3K(8192.0K)->6906.3K(8192.0K)]
 [Times: user=0.00 sys=0.00, real=0.01 secs] 
234.749: Total time for which application threads were stopped: 0.0005580 seconds, Stopping threads took: 0.0000040 seconds
234.749: Application time: 0.0000440 seconds
234.749: [Full GC 6906K->5651K(8192K), 0.0055720 secs]
   [Eden: 0.0B(1024.0K)->0.0B(1024.0K) Survivors: 0.0B->0.0B Heap: 6906.3K(8192.0K)->5651.3K(8192.0K)], [Perm: 5168K->5168K(20480K)]
 [Times: user=0.01 sys=0.00, real=0.00 secs] 
234.755: Total time for which application threads were stopped: 0.0056350 seconds, Stopping threads took: 0.0000040 seconds
234.755: [GC concurrent-mark-abort]
235.792: Application time: 1.0366540 seconds
235.848: [GC pause (young), 0.0013850 secs]
   [Parallel Time: 0.9 ms, GC Workers: 8]
      [GC Worker Start (ms): Min: 235848.4, Avg: 235848.5, Max: 235848.5, Diff: 0.1]
      [Ext Root Scanning (ms): Min: 0.7, Avg: 0.7, Max: 0.8, Diff: 0.1, Sum: 6.0]
      [Update RS (ms): Min: 0.0, Avg: 0.0, Max: 0.0, Diff: 0.0, Sum: 0.1]
         [Processed Buffers: Min: 0, Avg: 1.0, Max: 3, Diff: 3, Sum: 8]
      [Scan RS (ms): Min: 0.0, Avg: 0.0, Max: 0.0, Diff: 0.0, Sum: 0.0]
      [Code Root Scanning (ms): Min: 0.0, Avg: 0.0, Max: 0.0, Diff: 0.0, Sum: 0.0]
      [Object Copy (ms): Min: 0.1, Avg: 0.1, Max: 0.1, Diff: 0.0, Sum: 0.7]
      [Termination (ms): Min: 0.0, Avg: 0.0, Max: 0.0, Diff: 0.0, Sum: 0.1]
      [GC Worker Other (ms): Min: 0.0, Avg: 0.0, Max: 0.0, Diff: 0.0, Sum: 0.0]
      [GC Worker Total (ms): Min: 0.8, Avg: 0.9, Max: 0.9, Diff: 0.1, Sum: 6.8]
      [GC Worker End (ms): Min: 235849.3, Avg: 235849.3, Max: 235849.3, Diff: 0.0]
   [Code Root Fixup: 0.0 ms]
   [Code Root Migration: 0.0 ms]
   [Clear CT: 0.3 ms]
   [Other: 0.1 ms]
      [Choose CSet: 0.0 ms]
      [Ref Proc: 0.1 ms]
      [Ref Enq: 0.0 ms]
      [Free CSet: 0.0 ms]
   [Eden: 1024.0K(1024.0K)->0.0B(1024.0K) Survivors: 0.0B->1024.0K Heap: 6675.3K(8192.0K)->5901.8K(8192.0K)]
 [Times: user=0.00 sys=0.00, real=0.01 secs] 
235.850: Total time for which application threads were stopped: 0.0580960 seconds, Stopping threads took: 0.0565890 seconds
237.063: Application time: 1.2131260 seconds
237.119: [GC pause (young) (initial-mark) (to-space exhausted), 0.0009820 secs]
   [Parallel Time: 0.7 ms, GC Workers: 8]
      [GC Worker Start (ms): Min: 237119.4, Avg: 237119.4, Max: 237119.5, Diff: 0.1]
      [Ext Root Scanning (ms): Min: 0.4, Avg: 0.4, Max: 0.5, Diff: 0.1, Sum: 3.3]
      [Code Root Marking (ms): Min: 0.0, Avg: 0.0, Max: 0.0, Diff: 0.0, Sum: 0.0]
      [Update RS (ms): Min: 0.0, Avg: 0.0, Max: 0.0, Diff: 0.0, Sum: 0.1]
         [Processed Buffers: Min: 0, Avg: 1.0, Max: 2, Diff: 2, Sum: 8]
      [Scan RS (ms): Min: 0.0, Avg: 0.0, Max: 0.0, Diff: 0.0, Sum: 0.0]
      [Code Root Scanning (ms): Min: 0.0, Avg: 0.0, Max: 0.0, Diff: 0.0, Sum: 0.0]
      [Object Copy (ms): Min: 0.1, Avg: 0.2, Max: 0.2, Diff: 0.1, Sum: 1.2]
      [Termination (ms): Min: 0.0, Avg: 0.0, Max: 0.1, Diff: 0.1, Sum: 0.3]
      [GC Worker Other (ms): Min: 0.0, Avg: 0.0, Max: 0.0, Diff: 0.0, Sum: 0.0]
      [GC Worker Total (ms): Min: 0.6, Avg: 0.6, Max: 0.6, Diff: 0.1, Sum: 4.9]
      [GC Worker End (ms): Min: 237120.1, Avg: 237120.1, Max: 237120.1, Diff: 0.0]
   [Code Root Fixup: 0.0 ms]
   [Code Root Migration: 0.0 ms]
   [Clear CT: 0.1 ms]
   [Other: 0.2 ms]
      [Choose CSet: 0.0 ms]
      [Ref Proc: 0.1 ms]
      [Ref Enq: 0.0 ms]
      [Free CSet: 0.0 ms]
   [Eden: 1024.0K(1024.0K)->0.0B(1024.0K) Survivors: 1024.0K->0.0B Heap: 6925.8K(8192.0K)->6925.8K(8192.0K)]
 [Times: user=0.01 sys=0.00, real=0.00 secs] 
237.120: [GC concurrent-root-region-scan-start]
237.120: [GC concurrent-root-region-scan-end, 0.0000060 secs]
237.120: 237.120: [GC concurrent-mark-start]
Total time for which application threads were stopped: 0.0574700 seconds, Stopping threads took: 0.0563700 seconds
237.120: Application time: 0.0000380 seconds
237.121: [GC pause (young), 0.0004380 secs]
   [Parallel Time: 0.3 ms, GC Workers: 8]
      [GC Worker Start (ms): Min: 237120.5, Avg: 237120.5, Max: 237120.5, Diff: 0.0]
      [Ext Root Scanning (ms): Min: 0.2, Avg: 0.2, Max: 0.3, Diff: 0.1, Sum: 2.0]
      [Update RS (ms): Min: 0.0, Avg: 0.0, Max: 0.0, Diff: 0.0, Sum: 0.1]
         [Processed Buffers: Min: 0, Avg: 1.8, Max: 10, Diff: 10, Sum: 14]
      [Scan RS (ms): Min: 0.0, Avg: 0.0, Max: 0.0, Diff: 0.0, Sum: 0.0]
      [Code Root Scanning (ms): Min: 0.0, Avg: 0.0, Max: 0.0, Diff: 0.0, Sum: 0.0]
      [Object Copy (ms): Min: 0.0, Avg: 0.0, Max: 0.0, Diff: 0.0, Sum: 0.1]
      [Termination (ms): Min: 0.0, Avg: 0.0, Max: 0.0, Diff: 0.0, Sum: 0.3]
      [GC Worker Other (ms): Min: 0.0, Avg: 0.0, Max: 0.0, Diff: 0.0, Sum: 0.0]
      [GC Worker Total (ms): Min: 0.3, Avg: 0.3, Max: 0.3, Diff: 0.0, Sum: 2.4]
      [GC Worker End (ms): Min: 237120.8, Avg: 237120.8, Max: 237120.8, Diff: 0.0]
   [Code Root Fixup: 0.0 ms]
   [Code Root Migration: 0.0 ms]
   [Clear CT: 0.0 ms]
   [Other: 0.1 ms]
      [Choose CSet: 0.0 ms]
      [Ref Proc: 0.1 ms]
      [Ref Enq: 0.0 ms]
      [Free CSet: 0.0 ms]
   [Eden: 0.0B(1024.0K)->0.0B(1024.0K) Survivors: 0.0B->0.0B Heap: 6925.8K(8192.0K)->6925.8K(8192.0K)]
 [Times: user=0.00 sys=0.00, real=0.00 secs] 
237.121: Total time for which application threads were stopped: 0.0005020 seconds, Stopping threads took: 0.0000070 seconds
237.121: Application time: 0.0000310 seconds
237.121: [GC pause (young), 0.0004970 secs]
   [Parallel Time: 0.4 ms, GC Workers: 8]
      [GC Worker Start (ms): Min: 237121.0, Avg: 237121.1, Max: 237121.4, Diff: 0.3]
      [Ext Root Scanning (ms): Min: 0.0, Avg: 0.2, Max: 0.3, Diff: 0.3, Sum: 1.7]
      [SATB Filtering (ms): Min: 0.0, Avg: 0.0, Max: 0.0, Diff: 0.0, Sum: 0.0]
      [Update RS (ms): Min: 0.0, Avg: 0.0, Max: 0.0, Diff: 0.0, Sum: 0.0]
         [Processed Buffers: Min: 0, Avg: 0.1, Max: 1, Diff: 1, Sum: 1]
      [Scan RS (ms): Min: 0.0, Avg: 0.0, Max: 0.0, Diff: 0.0, Sum: 0.0]
      [Code Root Scanning (ms): Min: 0.0, Avg: 0.0, Max: 0.0, Diff: 0.0, Sum: 0.0]
      [Object Copy (ms): Min: 0.0, Avg: 0.0, Max: 0.0, Diff: 0.0, Sum: 0.1]
      [Termination (ms): Min: 0.0, Avg: 0.1, Max: 0.1, Diff: 0.1, Sum: 0.6]
      [GC Worker Other (ms): Min: 0.0, Avg: 0.0, Max: 0.0, Diff: 0.0, Sum: 0.0]
      [GC Worker Total (ms): Min: 0.0, Avg: 0.3, Max: 0.4, Diff: 0.4, Sum: 2.5]
      [GC Worker End (ms): Min: 237121.4, Avg: 237121.4, Max: 237121.4, Diff: 0.0]
   [Code Root Fixup: 0.0 ms]
   [Code Root Migration: 0.0 ms]
   [Clear CT: 0.0 ms]
   [Other: 0.1 ms]
      [Choose CSet: 0.0 ms]
      [Ref Proc: 0.1 ms]
      [Ref Enq: 0.0 ms]
      [Free CSet: 0.0 ms]
   [Eden: 0.0B(1024.0K)->0.0B(1024.0K) Survivors: 0.0B->0.0B Heap: 6925.8K(8192.0K)->6925.8K(8192.0K)]
 [Times: user=0.00 sys=0.00, real=0.01 secs] 
237.122: Total time for which application threads were stopped: 0.0005510 seconds, Stopping threads took: 0.0000030 seconds
237.122: Application time: 0.0000270 seconds
237.122: [Full GC 6925K->5660K(8192K), 0.0055340 secs]
   [Eden: 0.0B(1024.0K)->0.0B(1024.0K) Survivors: 0.0B->0.0B Heap: 6925.8K(8192.0K)->5660.9K(8192.0K)], [Perm: 5168K->5168K(20480K)]
 [Times: user=0.01 sys=0.00, real=0.00 secs] 
237.127: Total time for which application threads were stopped: 0.0055990 seconds, Stopping threads took: 0.0000040 seconds
237.127: [GC concurrent-mark-abort]
238.506: Application time: 1.3792010 seconds
238.559: [GC pause (young), 0.0016230 secs]
   [Parallel Time: 1.0 ms, GC Workers: 8]
      [GC Worker Start (ms): Min: 238558.6, Avg: 238558.7, Max: 238558.7, Diff: 0.1]
      [Ext Root Scanning (ms): Min: 0.7, Avg: 0.7, Max: 0.8, Diff: 0.1, Sum: 6.0]
      [Update RS (ms): Min: 0.0, Avg: 0.0, Max: 0.0, Diff: 0.0, Sum: 0.1]
         [Processed Buffers: Min: 0, Avg: 1.0, Max: 2, Diff: 2, Sum: 8]
      [Scan RS (ms): Min: 0.0, Avg: 0.0, Max: 0.0, Diff: 0.0, Sum: 0.0]
      [Code Root Scanning (ms): Min: 0.0, Avg: 0.0, Max: 0.0, Diff: 0.0, Sum: 0.0]
      [Object Copy (ms): Min: 0.1, Avg: 0.1, Max: 0.1, Diff: 0.0, Sum: 0.8]
      [Termination (ms): Min: 0.0, Avg: 0.0, Max: 0.0, Diff: 0.0, Sum: 0.1]
      [GC Worker Other (ms): Min: 0.0, Avg: 0.0, Max: 0.0, Diff: 0.0, Sum: 0.1]
      [GC Worker Total (ms): Min: 0.8, Avg: 0.9, Max: 0.9, Diff: 0.1, Sum: 7.0]
      [GC Worker End (ms): Min: 238559.6, Avg: 238559.6, Max: 238559.6, Diff: 0.0]
   [Code Root Fixup: 0.0 ms]
   [Code Root Migration: 0.0 ms]
   [Clear CT: 0.3 ms]
   [Other: 0.3 ms]
      [Choose CSet: 0.0 ms]
      [Ref Proc: 0.3 ms]
      [Ref Enq: 0.0 ms]
      [Free CSet: 0.0 ms]
   [Eden: 1024.0K(1024.0K)->0.0B(1024.0K) Survivors: 0.0B->1024.0K Heap: 6684.9K(8192.0K)->5909.4K(8192.0K)]
 [Times: user=0.01 sys=0.00, real=0.01 secs] 
238.562: Total time for which application threads were stopped: 0.0554270 seconds, Stopping threads took: 0.0521650 seconds
239.599: Application time: 1.0374700 seconds
239.653: [GC pause (young) (initial-mark) (to-space exhausted), 0.0010460 secs]
   [Parallel Time: 0.7 ms, GC Workers: 8]
      [GC Worker Start (ms): Min: 239652.8, Avg: 239652.8, Max: 239652.9, Diff: 0.1]
      [Ext Root Scanning (ms): Min: 0.4, Avg: 0.4, Max: 0.5, Diff: 0.1, Sum: 3.4]
      [Code Root Marking (ms): Min: 0.0, Avg: 0.0, Max: 0.0, Diff: 0.0, Sum: 0.0]
      [Update RS (ms): Min: 0.0, Avg: 0.0, Max: 0.0, Diff: 0.0, Sum: 0.1]
         [Processed Buffers: Min: 0, Avg: 1.1, Max: 4, Diff: 4, Sum: 9]
      [Scan RS (ms): Min: 0.0, Avg: 0.0, Max: 0.0, Diff: 0.0, Sum: 0.0]
      [Code Root Scanning (ms): Min: 0.0, Avg: 0.0, Max: 0.0, Diff: 0.0, Sum: 0.0]
      [Object Copy (ms): Min: 0.1, Avg: 0.2, Max: 0.2, Diff: 0.1, Sum: 1.4]
      [Termination (ms): Min: 0.0, Avg: 0.0, Max: 0.1, Diff: 0.1, Sum: 0.3]
      [GC Worker Other (ms): Min: 0.0, Avg: 0.0, Max: 0.0, Diff: 0.0, Sum: 0.0]
      [GC Worker Total (ms): Min: 0.6, Avg: 0.7, Max: 0.7, Diff: 0.1, Sum: 5.3]
      [GC Worker End (ms): Min: 239653.5, Avg: 239653.5, Max: 239653.5, Diff: 0.0]
   [Code Root Fixup: 0.0 ms]
   [Code Root Migration: 0.0 ms]
   [Clear CT: 0.1 ms]
   [Other: 0.2 ms]
      [Choose CSet: 0.0 ms]
      [Ref Proc: 0.1 ms]
      [Ref Enq: 0.0 ms]
      [Free CSet: 0.0 ms]
   [Eden: 1024.0K(1024.0K)->0.0B(1024.0K) Survivors: 1024.0K->0.0B Heap: 6933.4K(8192.0K)->6933.4K(8192.0K)]
 [Times: user=0.00 sys=0.00, real=0.00 secs] 
239.654: [GC concurrent-root-region-scan-start]
239.654: [GC concurrent-root-region-scan-end, 0.0000060 secs]
239.654: [GC concurrent-mark-start]
239.654: Total time for which application threads were stopped: 0.0545720 seconds, Stopping threads took: 0.0533970 seconds
239.654: Application time: 0.0000380 seconds
239.654: [GC pause (young), 0.0004490 secs]
   [Parallel Time: 0.3 ms, GC Workers: 8]
      [GC Worker Start (ms): Min: 239653.9, Avg: 239653.9, Max: 239654.0, Diff: 0.0]
      [Ext Root Scanning (ms): Min: 0.2, Avg: 0.2, Max: 0.3, Diff: 0.1, Sum: 2.0]
      [SATB Filtering (ms): Min: 0.0, Avg: 0.0, Max: 0.0, Diff: 0.0, Sum: 0.0]
      [Update RS (ms): Min: 0.0, Avg: 0.0, Max: 0.0, Diff: 0.0, Sum: 0.1]
         [Processed Buffers: Min: 0, Avg: 1.9, Max: 9, Diff: 9, Sum: 15]
      [Scan RS (ms): Min: 0.0, Avg: 0.0, Max: 0.0, Diff: 0.0, Sum: 0.0]
      [Code Root Scanning (ms): Min: 0.0, Avg: 0.0, Max: 0.0, Diff: 0.0, Sum: 0.0]
      [Object Copy (ms): Min: 0.0, Avg: 0.0, Max: 0.0, Diff: 0.0, Sum: 0.1]
      [Termination (ms): Min: 0.0, Avg: 0.0, Max: 0.0, Diff: 0.0, Sum: 0.3]
      [GC Worker Other (ms): Min: 0.0, Avg: 0.0, Max: 0.0, Diff: 0.0, Sum: 0.0]
      [GC Worker Total (ms): Min: 0.3, Avg: 0.3, Max: 0.3, Diff: 0.0, Sum: 2.4]
      [GC Worker End (ms): Min: 239654.2, Avg: 239654.3, Max: 239654.3, Diff: 0.0]
   [Code Root Fixup: 0.0 ms]
   [Code Root Migration: 0.0 ms]
   [Clear CT: 0.0 ms]
   [Other: 0.1 ms]
      [Choose CSet: 0.0 ms]
      [Ref Proc: 0.0 ms]
      [Ref Enq: 0.0 ms]
      [Free CSet: 0.0 ms]
   [Eden: 0.0B(1024.0K)->0.0B(1024.0K) Survivors: 0.0B->0.0B Heap: 6933.4K(8192.0K)->6933.4K(8192.0K)]
 [Times: user=0.00 sys=0.00, real=0.00 secs] 
239.654: Total time for which application threads were stopped: 0.0005180 seconds, Stopping threads took: 0.0000050 seconds
239.654: Application time: 0.0000330 seconds
239.654: [GC pause (young), 0.0004330 secs]
   [Parallel Time: 0.3 ms, GC Workers: 8]
      [GC Worker Start (ms): Min: 239654.5, Avg: 239654.5, Max: 239654.5, Diff: 0.0]
      [Ext Root Scanning (ms): Min: 0.2, Avg: 0.2, Max: 0.3, Diff: 0.1, Sum: 1.8]
      [SATB Filtering (ms): Min: 0.0, Avg: 0.0, Max: 0.0, Diff: 0.0, Sum: 0.0]
      [Update RS (ms): Min: 0.0, Avg: 0.0, Max: 0.0, Diff: 0.0, Sum: 0.0]
         [Processed Buffers: Min: 0, Avg: 0.1, Max: 1, Diff: 1, Sum: 1]
      [Scan RS (ms): Min: 0.0, Avg: 0.0, Max: 0.0, Diff: 0.0, Sum: 0.0]
      [Code Root Scanning (ms): Min: 0.0, Avg: 0.0, Max: 0.0, Diff: 0.0, Sum: 0.0]
      [Object Copy (ms): Min: 0.0, Avg: 0.0, Max: 0.0, Diff: 0.0, Sum: 0.1]
      [Termination (ms): Min: 0.0, Avg: 0.0, Max: 0.1, Diff: 0.1, Sum: 0.3]
      [GC Worker Other (ms): Min: 0.0, Avg: 0.0, Max: 0.0, Diff: 0.0, Sum: 0.0]
      [GC Worker Total (ms): Min: 0.3, Avg: 0.3, Max: 0.3, Diff: 0.0, Sum: 2.3]
      [GC Worker End (ms): Min: 239654.8, Avg: 239654.8, Max: 239654.8, Diff: 0.0]
   [Code Root Fixup: 0.0 ms]
   [Code Root Migration: 0.0 ms]
   [Clear CT: 0.0 ms]
   [Other: 0.1 ms]
      [Choose CSet: 0.0 ms]
      [Ref Proc: 0.1 ms]
      [Ref Enq: 0.0 ms]
      [Free CSet: 0.0 ms]
   [Eden: 0.0B(1024.0K)->0.0B(1024.0K) Survivors: 0.0B->0.0B Heap: 6933.4K(8192.0K)->6933.4K(8192.0K)]
 [Times: user=0.01 sys=0.00, real=0.00 secs] 
239.655: Total time for which application threads were stopped: 0.0004900 seconds, Stopping threads took: 0.0000040 seconds
239.655: Application time: 0.0000310 seconds
239.655: [Full GC 6933K->5662K(8192K), 0.0055070 secs]
   [Eden: 0.0B(1024.0K)->0.0B(1024.0K) Survivors: 0.0B->0.0B Heap: 6933.4K(8192.0K)->5662.4K(8192.0K)], [Perm: 5168K->5168K(20480K)]
 [Times: user=0.00 sys=0.00, real=0.00 secs] 
239.661: Total time for which application threads were stopped: 0.0055730 seconds, Stopping threads took: 0.0000050 seconds
239.661: [GC concurrent-mark-abort]
241.040: Application time: 1.3797030 seconds
241.090: [GC pause (young), 0.0014550 secs]
   [Parallel Time: 1.0 ms, GC Workers: 8]
      [GC Worker Start (ms): Min: 241090.3, Avg: 241090.3, Max: 241090.4, Diff: 0.1]
      [Ext Root Scanning (ms): Min: 0.7, Avg: 0.7, Max: 0.8, Diff: 0.1, Sum: 5.9]
      [Update RS (ms): Min: 0.0, Avg: 0.0, Max: 0.0, Diff: 0.0, Sum: 0.1]
         [Processed Buffers: Min: 0, Avg: 1.0, Max: 3, Diff: 3, Sum: 8]
      [Scan RS (ms): Min: 0.0, Avg: 0.0, Max: 0.0, Diff: 0.0, Sum: 0.0]
      [Code Root Scanning (ms): Min: 0.0, Avg: 0.0, Max: 0.0, Diff: 0.0, Sum: 0.0]
      [Object Copy (ms): Min: 0.1, Avg: 0.1, Max: 0.1, Diff: 0.0, Sum: 0.7]
      [Termination (ms): Min: 0.0, Avg: 0.0, Max: 0.0, Diff: 0.0, Sum: 0.1]
      [GC Worker Other (ms): Min: 0.0, Avg: 0.0, Max: 0.0, Diff: 0.0, Sum: 0.1]
      [GC Worker Total (ms): Min: 0.8, Avg: 0.9, Max: 0.9, Diff: 0.1, Sum: 6.8]
      [GC Worker End (ms): Min: 241091.2, Avg: 241091.2, Max: 241091.2, Diff: 0.0]
   [Code Root Fixup: 0.0 ms]
   [Code Root Migration: 0.0 ms]
   [Clear CT: 0.3 ms]
   [Other: 0.2 ms]
      [Choose CSet: 0.0 ms]
      [Ref Proc: 0.2 ms]
      [Ref Enq: 0.0 ms]
      [Free CSet: 0.0 ms]
   [Eden: 1024.0K(1024.0K)->0.0B(1024.0K) Survivors: 0.0B->1024.0K Heap: 6686.4K(8192.0K)->5902.9K(8192.0K)]
 [Times: user=0.01 sys=0.00, real=0.00 secs] 
241.092: Total time for which application threads were stopped: 0.0514830 seconds, Stopping threads took: 0.0499010 seconds
242.359: Application time: 1.2671050 seconds
242.410: [GC pause (young) (initial-mark) (to-space exhausted), 0.0011760 secs]
   [Parallel Time: 0.8 ms, GC Workers: 8]
      [GC Worker Start (ms): Min: 242410.5, Avg: 242410.5, Max: 242410.6, Diff: 0.1]
      [Ext Root Scanning (ms): Min: 0.4, Avg: 0.4, Max: 0.5, Diff: 0.1, Sum: 3.4]
      [Code Root Marking (ms): Min: 0.0, Avg: 0.0, Max: 0.0, Diff: 0.0, Sum: 0.0]
      [Update RS (ms): Min: 0.0, Avg: 0.0, Max: 0.0, Diff: 0.0, Sum: 0.1]
         [Processed Buffers: Min: 0, Avg: 1.0, Max: 3, Diff: 3, Sum: 8]
      [Scan RS (ms): Min: 0.0, Avg: 0.0, Max: 0.0, Diff: 0.0, Sum: 0.0]
      [Code Root Scanning (ms): Min: 0.0, Avg: 0.0, Max: 0.0, Diff: 0.0, Sum: 0.0]
      [Object Copy (ms): Min: 0.1, Avg: 0.2, Max: 0.2, Diff: 0.1, Sum: 1.4]
      [Termination (ms): Min: 0.0, Avg: 0.0, Max: 0.1, Diff: 0.1, Sum: 0.3]
      [GC Worker Other (ms): Min: 0.0, Avg: 0.0, Max: 0.0, Diff: 0.0, Sum: 0.0]
      [GC Worker Total (ms): Min: 0.6, Avg: 0.6, Max: 0.7, Diff: 0.1, Sum: 5.1]
      [GC Worker End (ms): Min: 242411.2, Avg: 242411.2, Max: 242411.2, Diff: 0.0]
   [Code Root Fixup: 0.0 ms]
   [Code Root Migration: 0.0 ms]
   [Clear CT: 0.1 ms]
   [Other: 0.3 ms]
      [Choose CSet: 0.0 ms]
      [Ref Proc: 0.1 ms]
      [Ref Enq: 0.0 ms]
      [Free CSet: 0.0 ms]
   [Eden: 1024.0K(1024.0K)->0.0B(1024.0K) Survivors: 1024.0K->0.0B Heap: 6926.9K(8192.0K)->6926.9K(8192.0K)]
 [Times: user=0.00 sys=0.00, real=0.00 secs] 
242.412: [GC concurrent-root-region-scan-start]
242.412: [GC concurrent-root-region-scan-end, 0.0000050 secs]
242.412: [GC concurrent-mark-start]
242.412: Total time for which application threads were stopped: 0.0528160 seconds, Stopping threads took: 0.0515060 seconds
242.412: Application time: 0.0000360 seconds
242.412: [GC pause (young), 0.0005170 secs]
   [Parallel Time: 0.3 ms, GC Workers: 8]
      [GC Worker Start (ms): Min: 242411.7, Avg: 242411.7, Max: 242411.8, Diff: 0.0]
      [Ext Root Scanning (ms): Min: 0.2, Avg: 0.2, Max: 0.3, Diff: 0.1, Sum: 2.0]
      [SATB Filtering (ms): Min: 0.0, Avg: 0.0, Max: 0.0, Diff: 0.0, Sum: 0.0]
      [Update RS (ms): Min: 0.0, Avg: 0.0, Max: 0.0, Diff: 0.0, Sum: 0.1]
         [Processed Buffers: Min: 0, Avg: 1.9, Max: 7, Diff: 7, Sum: 15]
      [Scan RS (ms): Min: 0.0, Avg: 0.0, Max: 0.0, Diff: 0.0, Sum: 0.0]
      [Code Root Scanning (ms): Min: 0.0, Avg: 0.0, Max: 0.0, Diff: 0.0, Sum: 0.0]
      [Object Copy (ms): Min: 0.0, Avg: 0.0, Max: 0.0, Diff: 0.0, Sum: 0.1]
      [Termination (ms): Min: 0.0, Avg: 0.0, Max: 0.0, Diff: 0.0, Sum: 0.3]
      [GC Worker Other (ms): Min: 0.0, Avg: 0.0, Max: 0.0, Diff: 0.0, Sum: 0.0]
      [GC Worker Total (ms): Min: 0.3, Avg: 0.3, Max: 0.3, Diff: 0.0, Sum: 2.4]
      [GC Worker End (ms): Min: 242412.0, Avg: 242412.1, Max: 242412.1, Diff: 0.0]
   [Code Root Fixup: 0.0 ms]
   [Code Root Migration: 0.0 ms]
   [Clear CT: 0.0 ms]
   [Other: 0.1 ms]
      [Choose CSet: 0.0 ms]
      [Ref Proc: 0.1 ms]
      [Ref Enq: 0.0 ms]
      [Free CSet: 0.0 ms]
   [Eden: 0.0B(1024.0K)->0.0B(1024.0K) Survivors: 0.0B->0.0B Heap: 6926.9K(8192.0K)->6926.9K(8192.0K)]
 [Times: user=0.00 sys=0.00, real=0.00 secs] 
242.412: Total time for which application threads were stopped: 0.0005780 seconds, Stopping threads took: 0.0000060 seconds
242.412: Application time: 0.0000360 seconds
242.412: [GC pause (young), 0.0004360 secs]
   [Parallel Time: 0.3 ms, GC Workers: 8]
      [GC Worker Start (ms): Min: 242412.3, Avg: 242412.4, Max: 242412.4, Diff: 0.0]
      [Ext Root Scanning (ms): Min: 0.2, Avg: 0.2, Max: 0.3, Diff: 0.0, Sum: 1.8]
      [Update RS (ms): Min: 0.0, Avg: 0.0, Max: 0.0, Diff: 0.0, Sum: 0.0]
         [Processed Buffers: Min: 0, Avg: 0.1, Max: 1, Diff: 1, Sum: 1]
      [Scan RS (ms): Min: 0.0, Avg: 0.0, Max: 0.0, Diff: 0.0, Sum: 0.0]
      [Code Root Scanning (ms): Min: 0.0, Avg: 0.0, Max: 0.0, Diff: 0.0, Sum: 0.0]
      [Object Copy (ms): Min: 0.0, Avg: 0.0, Max: 0.0, Diff: 0.0, Sum: 0.1]
      [Termination (ms): Min: 0.0, Avg: 0.0, Max: 0.1, Diff: 0.1, Sum: 0.3]
      [GC Worker Other (ms): Min: -0.0, Avg: 0.0, Max: 0.0, Diff: 0.0, Sum: 0.0]
      [GC Worker Total (ms): Min: 0.3, Avg: 0.3, Max: 0.3, Diff: 0.0, Sum: 2.3]
      [GC Worker End (ms): Min: 242412.6, Avg: 242412.6, Max: 242412.6, Diff: 0.0]
   [Code Root Fixup: 0.0 ms]
   [Code Root Migration: 0.0 ms]
   [Clear CT: 0.0 ms]
   [Other: 0.1 ms]
      [Choose CSet: 0.0 ms]
      [Ref Proc: 0.0 ms]
      [Ref Enq: 0.0 ms]
      [Free CSet: 0.0 ms]
   [Eden: 0.0B(1024.0K)->0.0B(1024.0K) Survivors: 0.0B->0.0B Heap: 6926.9K(8192.0K)->6926.9K(8192.0K)]
 [Times: user=0.00 sys=0.00, real=0.00 secs] 
242.413: Total time for which application threads were stopped: 0.0004940 seconds, Stopping threads took: 0.0000040 seconds
242.413: Application time: 0.0000340 seconds
242.413: [Full GC 6926K->5663K(8192K), 0.0055490 secs]
   [Eden: 0.0B(1024.0K)->0.0B(1024.0K) Survivors: 0.0B->0.0B Heap: 6926.9K(8192.0K)->5664.0K(8192.0K)], [Perm: 5168K->5168K(20480K)]
 [Times: user=0.01 sys=0.00, real=0.00 secs] 
242.418: Total time for which application threads were stopped: 0.0056140 seconds, Stopping threads took: 0.0000040 seconds
242.419: [GC concurrent-mark-abort]
243.455: Application time: 1.0366980 seconds
243.510: [GC pause (young), 0.0019040 secs]
   [Parallel Time: 0.9 ms, GC Workers: 8]
      [GC Worker Start (ms): Min: 243509.8, Avg: 243509.8, Max: 243509.9, Diff: 0.1]
      [Ext Root Scanning (ms): Min: 0.7, Avg: 0.7, Max: 0.8, Diff: 0.1, Sum: 5.9]
      [Update RS (ms): Min: 0.0, Avg: 0.0, Max: 0.0, Diff: 0.0, Sum: 0.1]
         [Processed Buffers: Min: 0, Avg: 1.0, Max: 2, Diff: 2, Sum: 8]
      [Scan RS (ms): Min: 0.0, Avg: 0.0, Max: 0.0, Diff: 0.0, Sum: 0.0]
      [Code Root Scanning (ms): Min: 0.0, Avg: 0.0, Max: 0.0, Diff: 0.0, Sum: 0.0]
      [Object Copy (ms): Min: 0.1, Avg: 0.1, Max: 0.1, Diff: 0.0, Sum: 0.7]
      [Termination (ms): Min: 0.0, Avg: 0.0, Max: 0.0, Diff: 0.0, Sum: 0.1]
      [GC Worker Other (ms): Min: 0.0, Avg: 0.0, Max: 0.0, Diff: 0.0, Sum: 0.1]
      [GC Worker Total (ms): Min: 0.8, Avg: 0.8, Max: 0.9, Diff: 0.1, Sum: 6.8]
      [GC Worker End (ms): Min: 243510.7, Avg: 243510.7, Max: 243510.7, Diff: 0.0]
   [Code Root Fixup: 0.0 ms]
   [Code Root Migration: 0.0 ms]
   [Clear CT: 0.7 ms]
   [Other: 0.3 ms]
      [Choose CSet: 0.0 ms]
      [Ref Proc: 0.2 ms]
      [Ref Enq: 0.0 ms]
      [Free CSet: 0.0 ms]
   [Eden: 1024.0K(1024.0K)->0.0B(1024.0K) Survivors: 0.0B->1024.0K Heap: 6688.0K(8192.0K)->5880.5K(8192.0K)]
 [Times: user=0.01 sys=0.00, real=0.00 secs] 
243.512: Total time for which application threads were stopped: 0.0565500 seconds, Stopping threads took: 0.0545250 seconds
245.071: Application time: 1.5589530 seconds
245.117: [GC pause (young) (initial-mark) (to-space exhausted), 0.0014160 secs]
   [Parallel Time: 0.8 ms, GC Workers: 8]
      [GC Worker Start (ms): Min: 245116.9, Avg: 245117.0, Max: 245117.0, Diff: 0.1]
      [Ext Root Scanning (ms): Min: 0.4, Avg: 0.4, Max: 0.5, Diff: 0.1, Sum: 3.4]
      [Code Root Marking (ms): Min: 0.0, Avg: 0.0, Max: 0.0, Diff: 0.0, Sum: 0.0]
      [Update RS (ms): Min: 0.0, Avg: 0.0, Max: 0.0, Diff: 0.0, Sum: 0.1]
         [Processed Buffers: Min: 0, Avg: 1.1, Max: 3, Diff: 3, Sum: 9]
      [Scan RS (ms): Min: 0.0, Avg: 0.0, Max: 0.0, Diff: 0.0, Sum: 0.0]
      [Code Root Scanning (ms): Min: 0.0, Avg: 0.0, Max: 0.0, Diff: 0.0, Sum: 0.0]
      [Object Copy (ms): Min: 0.1, Avg: 0.2, Max: 0.2, Diff: 0.1, Sum: 1.4]
      [Termination (ms): Min: 0.0, Avg: 0.0, Max: 0.1, Diff: 0.1, Sum: 0.3]
      [GC Worker Other (ms): Min: 0.0, Avg: 0.0, Max: 0.0, Diff: 0.0, Sum: 0.0]
      [GC Worker Total (ms): Min: 0.6, Avg: 0.7, Max: 0.7, Diff: 0.1, Sum: 5.2]
      [GC Worker End (ms): Min: 245117.6, Avg: 245117.6, Max: 245117.6, Diff: 0.0]
   [Code Root Fixup: 0.0 ms]
   [Code Root Migration: 0.0 ms]
   [Clear CT: 0.2 ms]
   [Other: 0.3 ms]
      [Choose CSet: 0.0 ms]
      [Ref Proc: 0.2 ms]
      [Ref Enq: 0.0 ms]
      [Free CSet: 0.0 ms]
   [Eden: 1024.0K(1024.0K)->0.0B(1024.0K) Survivors: 1024.0K->0.0B Heap: 6904.5K(8192.0K)->6904.5K(8192.0K)]
 [Times: user=0.00 sys=0.00, real=0.00 secs] 
245.118: [GC concurrent-root-region-scan-start]
245.118: [GC concurrent-root-region-scan-end, 0.0000050 secs]
245.118: [GC concurrent-mark-start]
245.118: Total time for which application threads were stopped: 0.0477100 seconds, Stopping threads took: 0.0461790 seconds
245.118: Application time: 0.0000600 seconds
245.118: [GC pause (young), 0.0004580 secs]
   [Parallel Time: 0.3 ms, GC Workers: 8]
      [GC Worker Start (ms): Min: 245118.5, Avg: 245118.5, Max: 245118.5, Diff: 0.0]
      [Ext Root Scanning (ms): Min: 0.2, Avg: 0.2, Max: 0.3, Diff: 0.1, Sum: 2.0]
      [Update RS (ms): Min: 0.0, Avg: 0.0, Max: 0.0, Diff: 0.0, Sum: 0.1]
         [Processed Buffers: Min: 0, Avg: 1.9, Max: 6, Diff: 6, Sum: 15]
      [Scan RS (ms): Min: 0.0, Avg: 0.0, Max: 0.0, Diff: 0.0, Sum: 0.0]
      [Code Root Scanning (ms): Min: 0.0, Avg: 0.0, Max: 0.0, Diff: 0.0, Sum: 0.0]
      [Object Copy (ms): Min: 0.0, Avg: 0.0, Max: 0.0, Diff: 0.0, Sum: 0.1]
      [Termination (ms): Min: 0.0, Avg: 0.0, Max: 0.0, Diff: 0.0, Sum: 0.2]
      [GC Worker Other (ms): Min: 0.0, Avg: 0.0, Max: 0.0, Diff: 0.0, Sum: 0.0]
      [GC Worker Total (ms): Min: 0.3, Avg: 0.3, Max: 0.3, Diff: 0.0, Sum: 2.4]
      [GC Worker End (ms): Min: 245118.8, Avg: 245118.8, Max: 245118.8, Diff: 0.0]
   [Code Root Fixup: 0.0 ms]
   [Code Root Migration: 0.0 ms]
   [Clear CT: 0.0 ms]
   [Other: 0.1 ms]
      [Choose CSet: 0.0 ms]
      [Ref Proc: 0.1 ms]
      [Ref Enq: 0.0 ms]
      [Free CSet: 0.0 ms]
   [Eden: 0.0B(1024.0K)->0.0B(1024.0K) Survivors: 0.0B->0.0B Heap: 6904.5K(8192.0K)->6904.5K(8192.0K)]
 [Times: user=0.01 sys=0.00, real=0.00 secs] 
245.119: Total time for which application threads were stopped: 0.0005210 seconds, Stopping threads took: 0.0000060 seconds
245.119: Application time: 0.0000330 seconds
245.119: [GC pause (young), 0.0004330 secs]
   [Parallel Time: 0.3 ms, GC Workers: 8]
      [GC Worker Start (ms): Min: 245119.0, Avg: 245119.0, Max: 245119.0, Diff: 0.0]
      [Ext Root Scanning (ms): Min: 0.2, Avg: 0.2, Max: 0.3, Diff: 0.0, Sum: 1.8]
      [SATB Filtering (ms): Min: 0.0, Avg: 0.0, Max: 0.0, Diff: 0.0, Sum: 0.0]
      [Update RS (ms): Min: 0.0, Avg: 0.0, Max: 0.0, Diff: 0.0, Sum: 0.0]
         [Processed Buffers: Min: 0, Avg: 0.1, Max: 1, Diff: 1, Sum: 1]
      [Scan RS (ms): Min: 0.0, Avg: 0.0, Max: 0.0, Diff: 0.0, Sum: 0.0]
      [Code Root Scanning (ms): Min: 0.0, Avg: 0.0, Max: 0.0, Diff: 0.0, Sum: 0.0]
      [Object Copy (ms): Min: 0.0, Avg: 0.0, Max: 0.0, Diff: 0.0, Sum: 0.1]
      [Termination (ms): Min: 0.0, Avg: 0.0, Max: 0.1, Diff: 0.1, Sum: 0.3]
      [GC Worker Other (ms): Min: -0.0, Avg: 0.0, Max: 0.0, Diff: 0.0, Sum: 0.0]
      [GC Worker Total (ms): Min: 0.3, Avg: 0.3, Max: 0.3, Diff: 0.0, Sum: 2.3]
      [GC Worker End (ms): Min: 245119.3, Avg: 245119.3, Max: 245119.3, Diff: 0.0]
   [Code Root Fixup: 0.0 ms]
   [Code Root Migration: 0.0 ms]
   [Clear CT: 0.0 ms]
   [Other: 0.1 ms]
      [Choose CSet: 0.0 ms]
      [Ref Proc: 0.1 ms]
      [Ref Enq: 0.0 ms]
      [Free CSet: 0.0 ms]
   [Eden: 0.0B(1024.0K)->0.0B(1024.0K) Survivors: 0.0B->0.0B Heap: 6904.5K(8192.0K)->6904.5K(8192.0K)]
 [Times: user=0.00 sys=0.00, real=0.00 secs] 
245.119: Total time for which application threads were stopped: 0.0004880 seconds, Stopping threads took: 0.0000040 seconds
245.120: Application time: 0.0000230 seconds
245.120: [GC pause (young), 0.0004350 secs]
   [Parallel Time: 0.3 ms, GC Workers: 8]
      [GC Worker Start (ms): Min: 245119.5, Avg: 245119.5, Max: 245119.6, Diff: 0.0]
      [Ext Root Scanning (ms): Min: 0.2, Avg: 0.2, Max: 0.3, Diff: 0.1, Sum: 1.8]
      [SATB Filtering (ms): Min: 0.0, Avg: 0.0, Max: 0.0, Diff: 0.0, Sum: 0.0]
      [Update RS (ms): Min: 0.0, Avg: 0.0, Max: 0.0, Diff: 0.0, Sum: 0.0]
         [Processed Buffers: Min: 0, Avg: 0.1, Max: 1, Diff: 1, Sum: 1]
      [Scan RS (ms): Min: 0.0, Avg: 0.0, Max: 0.0, Diff: 0.0, Sum: 0.0]
      [Code Root Scanning (ms): Min: 0.0, Avg: 0.0, Max: 0.0, Diff: 0.0, Sum: 0.0]
      [Object Copy (ms): Min: 0.0, Avg: 0.0, Max: 0.0, Diff: 0.0, Sum: 0.1]
      [Termination (ms): Min: 0.0, Avg: 0.0, Max: 0.0, Diff: 0.0, Sum: 0.3]
      [GC Worker Other (ms): Min: 0.0, Avg: 0.0, Max: 0.0, Diff: 0.0, Sum: 0.0]
      [GC Worker Total (ms): Min: 0.3, Avg: 0.3, Max: 0.3, Diff: 0.0, Sum: 2.2]
      [GC Worker End (ms): Min: 245119.8, Avg: 245119.8, Max: 245119.8, Diff: 0.0]
   [Code Root Fixup: 0.0 ms]
   [Code Root Migration: 0.0 ms]
   [Clear CT: 0.0 ms]
   [Other: 0.1 ms]
      [Choose CSet: 0.0 ms]
      [Ref Proc: 0.1 ms]
      [Ref Enq: 0.0 ms]
      [Free CSet: 0.0 ms]
   [Eden: 0.0B(1024.0K)->0.0B(1024.0K) Survivors: 0.0B->0.0B Heap: 6904.5K(8192.0K)->6904.5K(8192.0K)]
 [Times: user=0.00 sys=0.00, real=0.00 secs] 
245.120: Total time for which application threads were stopped: 0.0004900 seconds, Stopping threads took: 0.0000030 seconds
245.120: Application time: 0.0000400 seconds
245.120: [Full GC 6904K->5681K(8192K), 0.0056100 secs]
   [Eden: 0.0B(1024.0K)->0.0B(1024.0K) Survivors: 0.0B->0.0B Heap: 6904.5K(8192.0K)->5681.6K(8192.0K)], [Perm: 5168K->5168K(20480K)]
 [Times: user=0.01 sys=0.00, real=0.01 secs] 
245.126: Total time for which application threads were stopped: 0.0056750 seconds, Stopping threads took: 0.0000040 seconds
245.126: [GC concurrent-mark-abort]
246.160: Application time: 1.0340350 seconds
246.214: [GC pause (young), 0.0020020 secs]
   [Parallel Time: 1.3 ms, GC Workers: 8]
      [GC Worker Start (ms): Min: 246214.4, Avg: 246214.5, Max: 246214.5, Diff: 0.1]
      [Ext Root Scanning (ms): Min: 0.7, Avg: 0.8, Max: 0.8, Diff: 0.1, Sum: 6.0]
      [Update RS (ms): Min: 0.0, Avg: 0.0, Max: 0.0, Diff: 0.0, Sum: 0.1]
         [Processed Buffers: Min: 0, Avg: 1.0, Max: 3, Diff: 3, Sum: 8]
      [Scan RS (ms): Min: 0.0, Avg: 0.0, Max: 0.0, Diff: 0.0, Sum: 0.0]
      [Code Root Scanning (ms): Min: 0.0, Avg: 0.0, Max: 0.0, Diff: 0.0, Sum: 0.0]
      [Object Copy (ms): Min: 0.1, Avg: 0.1, Max: 0.1, Diff: 0.0, Sum: 0.7]
      [Termination (ms): Min: 0.0, Avg: 0.0, Max: 0.0, Diff: 0.0, Sum: 0.0]
      [GC Worker Other (ms): Min: 0.0, Avg: 0.0, Max: 0.0, Diff: 0.0, Sum: 0.1]
      [GC Worker Total (ms): Min: 0.8, Avg: 0.9, Max: 0.9, Diff: 0.1, Sum: 6.9]
      [GC Worker End (ms): Min: 246215.4, Avg: 246215.4, Max: 246215.4, Diff: 0.0]
   [Code Root Fixup: 0.0 ms]
   [Code Root Migration: 0.0 ms]
   [Clear CT: 0.5 ms]
   [Other: 0.2 ms]
      [Choose CSet: 0.0 ms]
      [Ref Proc: 0.2 ms]
      [Ref Enq: 0.0 ms]
      [Free CSet: 0.0 ms]
   [Eden: 1024.0K(1024.0K)->0.0B(1024.0K) Survivors: 0.0B->1024.0K Heap: 6705.6K(8192.0K)->5904.0K(8192.0K)]
 [Times: user=0.00 sys=0.00, real=0.00 secs] 
246.216: Total time for which application threads were stopped: 0.0567050 seconds, Stopping threads took: 0.0546010 seconds
247.435: Application time: 1.2185290 seconds
247.489: [GC pause (young) (initial-mark) (to-space exhausted), 0.0011530 secs]
   [Parallel Time: 0.8 ms, GC Workers: 8]
      [GC Worker Start (ms): Min: 247489.0, Avg: 247489.0, Max: 247489.1, Diff: 0.1]
      [Ext Root Scanning (ms): Min: 0.4, Avg: 0.4, Max: 0.5, Diff: 0.1, Sum: 3.3]
      [Code Root Marking (ms): Min: 0.0, Avg: 0.0, Max: 0.0, Diff: 0.0, Sum: 0.0]
      [Update RS (ms): Min: 0.0, Avg: 0.0, Max: 0.0, Diff: 0.0, Sum: 0.1]
         [Processed Buffers: Min: 0, Avg: 0.9, Max: 2, Diff: 2, Sum: 7]
      [Scan RS (ms): Min: 0.0, Avg: 0.0, Max: 0.0, Diff: 0.0, Sum: 0.0]
      [Code Root Scanning (ms): Min: 0.0, Avg: 0.0, Max: 0.0, Diff: 0.0, Sum: 0.0]
      [Object Copy (ms): Min: 0.1, Avg: 0.2, Max: 0.2, Diff: 0.1, Sum: 1.3]
      [Termination (ms): Min: 0.0, Avg: 0.0, Max: 0.1, Diff: 0.1, Sum: 0.3]
      [GC Worker Other (ms): Min: 0.0, Avg: 0.0, Max: 0.0, Diff: 0.0, Sum: 0.0]
      [GC Worker Total (ms): Min: 0.6, Avg: 0.6, Max: 0.7, Diff: 0.1, Sum: 5.0]
      [GC Worker End (ms): Min: 247489.7, Avg: 247489.7, Max: 247489.7, Diff: 0.0]
   [Code Root Fixup: 0.0 ms]
   [Code Root Migration: 0.0 ms]
   [Clear CT: 0.1 ms]
   [Other: 0.2 ms]
      [Choose CSet: 0.0 ms]
      [Ref Proc: 0.1 ms]
      [Ref Enq: 0.0 ms]
      [Free CSet: 0.0 ms]
   [Eden: 1024.0K(1024.0K)->0.0B(1024.0K) Survivors: 1024.0K->0.0B Heap: 6928.0K(8192.0K)->6928.0K(8192.0K)]
 [Times: user=0.01 sys=0.00, real=0.01 secs] 
247.490: [GC concurrent-root-region-scan-start]
247.490: [GC concurrent-root-region-scan-end, 0.0000050 secs]
247.490: [GC concurrent-mark-start]
247.490: Total time for which application threads were stopped: 0.0551680 seconds, Stopping threads took: 0.0538810 seconds
247.490: Application time: 0.0000350 seconds
247.490: [GC pause (young), 0.0004620 secs]
   [Parallel Time: 0.4 ms, GC Workers: 8]
      [GC Worker Start (ms): Min: 247490.2, Avg: 247490.2, Max: 247490.2, Diff: 0.0]
      [Ext Root Scanning (ms): Min: 0.2, Avg: 0.2, Max: 0.3, Diff: 0.1, Sum: 2.0]
      [SATB Filtering (ms): Min: 0.0, Avg: 0.0, Max: 0.0, Diff: 0.0, Sum: 0.0]
      [Update RS (ms): Min: 0.0, Avg: 0.0, Max: 0.0, Diff: 0.0, Sum: 0.1]
         [Processed Buffers: Min: 0, Avg: 1.8, Max: 5, Diff: 5, Sum: 14]
      [Scan RS (ms): Min: 0.0, Avg: 0.0, Max: 0.0, Diff: 0.0, Sum: 0.0]
      [Code Root Scanning (ms): Min: 0.0, Avg: 0.0, Max: 0.0, Diff: 0.0, Sum: 0.0]
      [Object Copy (ms): Min: 0.0, Avg: 0.0, Max: 0.0, Diff: 0.0, Sum: 0.1]
      [Termination (ms): Min: 0.0, Avg: 0.0, Max: 0.0, Diff: 0.0, Sum: 0.3]
      [GC Worker Other (ms): Min: 0.0, Avg: 0.0, Max: 0.0, Diff: 0.0, Sum: 0.0]
      [GC Worker Total (ms): Min: 0.3, Avg: 0.3, Max: 0.3, Diff: 0.0, Sum: 2.5]
      [GC Worker End (ms): Min: 247490.5, Avg: 247490.5, Max: 247490.6, Diff: 0.0]
   [Code Root Fixup: 0.0 ms]
   [Code Root Migration: 0.0 ms]
   [Clear CT: 0.1 ms]
   [Other: 0.1 ms]
      [Choose CSet: 0.0 ms]
      [Ref Proc: 0.0 ms]
      [Ref Enq: 0.0 ms]
      [Free CSet: 0.0 ms]
   [Eden: 0.0B(1024.0K)->0.0B(1024.0K) Survivors: 0.0B->0.0B Heap: 6928.0K(8192.0K)->6928.0K(8192.0K)]
 [Times: user=0.00 sys=0.00, real=0.00 secs] 
247.491: Total time for which application threads were stopped: 0.0005200 seconds, Stopping threads took: 0.0000060 seconds
247.491: Application time: 0.0000280 seconds
247.491: [GC pause (young), 0.0004920 secs]
   [Parallel Time: 0.3 ms, GC Workers: 8]
      [GC Worker Start (ms): Min: 247490.8, Avg: 247490.8, Max: 247490.8, Diff: 0.0]
      [Ext Root Scanning (ms): Min: 0.2, Avg: 0.2, Max: 0.3, Diff: 0.0, Sum: 1.8]
      [Update RS (ms): Min: 0.0, Avg: 0.0, Max: 0.0, Diff: 0.0, Sum: 0.0]
         [Processed Buffers: Min: 0, Avg: 0.1, Max: 1, Diff: 1, Sum: 1]
      [Scan RS (ms): Min: 0.0, Avg: 0.0, Max: 0.0, Diff: 0.0, Sum: 0.0]
      [Code Root Scanning (ms): Min: 0.0, Avg: 0.0, Max: 0.0, Diff: 0.0, Sum: 0.0]
      [Object Copy (ms): Min: 0.0, Avg: 0.0, Max: 0.0, Diff: 0.0, Sum: 0.1]
      [Termination (ms): Min: 0.0, Avg: 0.0, Max: 0.1, Diff: 0.1, Sum: 0.3]
      [GC Worker Other (ms): Min: 0.0, Avg: 0.0, Max: 0.0, Diff: 0.0, Sum: 0.0]
      [GC Worker Total (ms): Min: 0.3, Avg: 0.3, Max: 0.3, Diff: 0.0, Sum: 2.3]
      [GC Worker End (ms): Min: 247491.1, Avg: 247491.1, Max: 247491.1, Diff: 0.0]
   [Code Root Fixup: 0.0 ms]
   [Code Root Migration: 0.0 ms]
   [Clear CT: 0.0 ms]
   [Other: 0.1 ms]
      [Choose CSet: 0.0 ms]
      [Ref Proc: 0.1 ms]
      [Ref Enq: 0.0 ms]
      [Free CSet: 0.0 ms]
   [Eden: 0.0B(1024.0K)->0.0B(1024.0K) Survivors: 0.0B->0.0B Heap: 6928.0K(8192.0K)->6928.0K(8192.0K)]
 [Times: user=0.01 sys=0.00, real=0.00 secs] 
247.491: Total time for which application threads were stopped: 0.0005470 seconds, Stopping threads took: 0.0000040 seconds
247.491: Application time: 0.0000230 seconds
247.491: [Full GC 6928K->5683K(8192K), 0.0055510 secs]
   [Eden: 0.0B(1024.0K)->0.0B(1024.0K) Survivors: 0.0B->0.0B Heap: 6928.0K(8192.0K)->5683.1K(8192.0K)], [Perm: 5168K->5168K(20480K)]
 [Times: user=0.00 sys=0.00, real=0.00 secs] 
247.497: Total time for which application threads were stopped: 0.0056140 seconds, Stopping threads took: 0.0000040 seconds
247.497: [GC concurrent-mark-abort]
248.814: Application time: 1.3175350 seconds
248.832: [GC pause (young), 0.0012610 secs]
   [Parallel Time: 1.0 ms, GC Workers: 8]
      [GC Worker Start (ms): Min: 248832.1, Avg: 248832.1, Max: 248832.2, Diff: 0.1]
      [Ext Root Scanning (ms): Min: 0.7, Avg: 0.7, Max: 0.8, Diff: 0.1, Sum: 5.9]
      [Update RS (ms): Min: 0.0, Avg: 0.0, Max: 0.0, Diff: 0.0, Sum: 0.1]
         [Processed Buffers: Min: 0, Avg: 1.0, Max: 2, Diff: 2, Sum: 8]
      [Scan RS (ms): Min: 0.0, Avg: 0.0, Max: 0.0, Diff: 0.0, Sum: 0.0]
      [Code Root Scanning (ms): Min: 0.0, Avg: 0.0, Max: 0.0, Diff: 0.0, Sum: 0.0]
      [Object Copy (ms): Min: 0.1, Avg: 0.1, Max: 0.1, Diff: 0.0, Sum: 0.7]
      [Termination (ms): Min: 0.0, Avg: 0.0, Max: 0.0, Diff: 0.0, Sum: 0.1]
      [GC Worker Other (ms): Min: 0.0, Avg: 0.0, Max: 0.0, Diff: 0.0, Sum: 0.0]
      [GC Worker Total (ms): Min: 0.8, Avg: 0.8, Max: 0.9, Diff: 0.1, Sum: 6.8]
      [GC Worker End (ms): Min: 248833.0, Avg: 248833.0, Max: 248833.0, Diff: 0.0]
   [Code Root Fixup: 0.0 ms]
   [Code Root Migration: 0.0 ms]
   [Clear CT: 0.1 ms]
   [Other: 0.2 ms]
      [Choose CSet: 0.0 ms]
      [Ref Proc: 0.1 ms]
      [Ref Enq: 0.0 ms]
      [Free CSet: 0.0 ms]
   [Eden: 1024.0K(1024.0K)->0.0B(1024.0K) Survivors: 0.0B->1024.0K Heap: 6707.1K(8192.0K)->5899.6K(8192.0K)]
 [Times: user=0.01 sys=0.00, real=0.00 secs] 
248.833: Total time for which application threads were stopped: 0.0189580 seconds, Stopping threads took: 0.0175450 seconds
249.927: Application time: 1.0934120 seconds
249.982: [GC pause (young) (initial-mark) (to-space exhausted), 0.0010070 secs]
   [Parallel Time: 0.7 ms, GC Workers: 8]
      [GC Worker Start (ms): Min: 249981.8, Avg: 249981.9, Max: 249982.1, Diff: 0.3]
      [Ext Root Scanning (ms): Min: 0.2, Avg: 0.4, Max: 0.5, Diff: 0.2, Sum: 3.2]
      [Code Root Marking (ms): Min: 0.0, Avg: 0.0, Max: 0.0, Diff: 0.0, Sum: 0.0]
      [Update RS (ms): Min: 0.0, Avg: 0.0, Max: 0.0, Diff: 0.0, Sum: 0.1]
         [Processed Buffers: Min: 0, Avg: 1.1, Max: 4, Diff: 4, Sum: 9]
      [Scan RS (ms): Min: 0.0, Avg: 0.0, Max: 0.0, Diff: 0.0, Sum: 0.0]
      [Code Root Scanning (ms): Min: 0.0, Avg: 0.0, Max: 0.0, Diff: 0.0, Sum: 0.0]
      [Object Copy (ms): Min: 0.1, Avg: 0.2, Max: 0.2, Diff: 0.1, Sum: 1.3]
      [Termination (ms): Min: 0.0, Avg: 0.0, Max: 0.1, Diff: 0.1, Sum: 0.2]
      [GC Worker Other (ms): Min: 0.0, Avg: 0.0, Max: 0.0, Diff: 0.0, Sum: 0.0]
      [GC Worker Total (ms): Min: 0.4, Avg: 0.6, Max: 0.7, Diff: 0.3, Sum: 4.9]
      [GC Worker End (ms): Min: 249982.5, Avg: 249982.5, Max: 249982.5, Diff: 0.0]
   [Code Root Fixup: 0.0 ms]
   [Code Root Migration: 0.0 ms]
   [Clear CT: 0.0 ms]
   [Other: 0.2 ms]
      [Choose CSet: 0.0 ms]
      [Ref Proc: 0.1 ms]
      [Ref Enq: 0.0 ms]
      [Free CSet: 0.0 ms]
   [Eden: 1024.0K(1024.0K)->0.0B(1024.0K) Survivors: 1024.0K->0.0B Heap: 6923.6K(8192.0K)->6923.6K(8192.0K)]
 [Times: user=0.00 sys=0.00, real=0.00 secs] 
249.983: [GC concurrent-root-region-scan-start]
249.983: [GC concurrent-root-region-scan-end, 0.0000050 secs]
249.983: [GC concurrent-mark-start]
249.983: Total time for which application threads were stopped: 0.0560060 seconds, Stopping threads took: 0.0548920 seconds
249.983: Application time: 0.0000510 seconds
249.983: [GC pause (young), 0.0004470 secs]
   [Parallel Time: 0.3 ms, GC Workers: 8]
      [GC Worker Start (ms): Min: 249982.9, Avg: 249982.9, Max: 249982.9, Diff: 0.0]
      [Ext Root Scanning (ms): Min: 0.2, Avg: 0.2, Max: 0.3, Diff: 0.1, Sum: 2.0]
      [SATB Filtering (ms): Min: 0.0, Avg: 0.0, Max: 0.0, Diff: 0.0, Sum: 0.0]
      [Update RS (ms): Min: 0.0, Avg: 0.0, Max: 0.0, Diff: 0.0, Sum: 0.1]
         [Processed Buffers: Min: 0, Avg: 1.5, Max: 6, Diff: 6, Sum: 12]
      [Scan RS (ms): Min: 0.0, Avg: 0.0, Max: 0.0, Diff: 0.0, Sum: 0.0]
      [Code Root Scanning (ms): Min: 0.0, Avg: 0.0, Max: 0.0, Diff: 0.0, Sum: 0.0]
      [Object Copy (ms): Min: 0.0, Avg: 0.0, Max: 0.0, Diff: 0.0, Sum: 0.1]
      [Termination (ms): Min: 0.0, Avg: 0.0, Max: 0.1, Diff: 0.1, Sum: 0.3]
      [GC Worker Other (ms): Min: -0.0, Avg: 0.0, Max: 0.0, Diff: 0.0, Sum: 0.0]
      [GC Worker Total (ms): Min: 0.3, Avg: 0.3, Max: 0.3, Diff: 0.0, Sum: 2.5]
      [GC Worker End (ms): Min: 249983.2, Avg: 249983.2, Max: 249983.3, Diff: 0.0]
   [Code Root Fixup: 0.0 ms]
   [Code Root Migration: 0.0 ms]
   [Clear CT: 0.0 ms]
   [Other: 0.1 ms]
      [Choose CSet: 0.0 ms]
      [Ref Proc: 0.1 ms]
      [Ref Enq: 0.0 ms]
      [Free CSet: 0.0 ms]
   [Eden: 0.0B(1024.0K)->0.0B(1024.0K) Survivors: 0.0B->0.0B Heap: 6923.6K(8192.0K)->6923.6K(8192.0K)]
 [Times: user=0.01 sys=0.00, real=0.00 secs] 
249.983: Total time for which application threads were stopped: 0.0005110 seconds, Stopping threads took: 0.0000060 seconds
249.983: Application time: 0.0000260 seconds
249.983: [GC pause (young), 0.0004220 secs]
   [Parallel Time: 0.3 ms, GC Workers: 8]
      [GC Worker Start (ms): Min: 249983.5, Avg: 249983.5, Max: 249983.5, Diff: 0.0]
      [Ext Root Scanning (ms): Min: 0.2, Avg: 0.2, Max: 0.2, Diff: 0.0, Sum: 1.8]
      [SATB Filtering (ms): Min: 0.0, Avg: 0.0, Max: 0.0, Diff: 0.0, Sum: 0.0]
      [Update RS (ms): Min: 0.0, Avg: 0.0, Max: 0.0, Diff: 0.0, Sum: 0.0]
         [Processed Buffers: Min: 0, Avg: 0.1, Max: 1, Diff: 1, Sum: 1]
      [Scan RS (ms): Min: 0.0, Avg: 0.0, Max: 0.0, Diff: 0.0, Sum: 0.0]
      [Code Root Scanning (ms): Min: 0.0, Avg: 0.0, Max: 0.0, Diff: 0.0, Sum: 0.0]
      [Object Copy (ms): Min: 0.0, Avg: 0.0, Max: 0.0, Diff: 0.0, Sum: 0.1]
      [Termination (ms): Min: 0.0, Avg: 0.0, Max: 0.0, Diff: 0.0, Sum: 0.2]
      [GC Worker Other (ms): Min: 0.0, Avg: 0.0, Max: 0.0, Diff: 0.0, Sum: 0.0]
      [GC Worker Total (ms): Min: 0.3, Avg: 0.3, Max: 0.3, Diff: 0.0, Sum: 2.2]
      [GC Worker End (ms): Min: 249983.7, Avg: 249983.7, Max: 249983.8, Diff: 0.0]
   [Code Root Fixup: 0.0 ms]
   [Code Root Migration: 0.0 ms]
   [Clear CT: 0.0 ms]
   [Other: 0.1 ms]
      [Choose CSet: 0.0 ms]
      [Ref Proc: 0.0 ms]
      [Ref Enq: 0.0 ms]
      [Free CSet: 0.0 ms]
   [Eden: 0.0B(1024.0K)->0.0B(1024.0K) Survivors: 0.0B->0.0B Heap: 6923.6K(8192.0K)->6923.6K(8192.0K)]
 [Times: user=0.00 sys=0.00, real=0.00 secs] 
249.984: Total time for which application threads were stopped: 0.0004770 seconds, Stopping threads took: 0.0000030 seconds
249.984: Application time: 0.0000230 seconds
249.984: [GC pause (young), 0.0004310 secs]
   [Parallel Time: 0.3 ms, GC Workers: 8]
      [GC Worker Start (ms): Min: 249984.0, Avg: 249984.0, Max: 249984.0, Diff: 0.0]
      [Ext Root Scanning (ms): Min: 0.2, Avg: 0.2, Max: 0.3, Diff: 0.0, Sum: 1.8]
      [SATB Filtering (ms): Min: 0.0, Avg: 0.0, Max: 0.0, Diff: 0.0, Sum: 0.0]
      [Update RS (ms): Min: 0.0, Avg: 0.0, Max: 0.0, Diff: 0.0, Sum: 0.0]
         [Processed Buffers: Min: 0, Avg: 0.1, Max: 1, Diff: 1, Sum: 1]
      [Scan RS (ms): Min: 0.0, Avg: 0.0, Max: 0.0, Diff: 0.0, Sum: 0.0]
      [Code Root Scanning (ms): Min: 0.0, Avg: 0.0, Max: 0.0, Diff: 0.0, Sum: 0.0]
      [Object Copy (ms): Min: 0.0, Avg: 0.0, Max: 0.0, Diff: 0.0, Sum: 0.1]
      [Termination (ms): Min: 0.0, Avg: 0.0, Max: 0.1, Diff: 0.1, Sum: 0.3]
      [GC Worker Other (ms): Min: 0.0, Avg: 0.0, Max: 0.0, Diff: 0.0, Sum: 0.0]
      [GC Worker Total (ms): Min: 0.3, Avg: 0.3, Max: 0.3, Diff: 0.0, Sum: 2.2]
      [GC Worker End (ms): Min: 249984.2, Avg: 249984.3, Max: 249984.3, Diff: 0.0]
   [Code Root Fixup: 0.0 ms]
   [Code Root Migration: 0.0 ms]
   [Clear CT: 0.0 ms]
   [Other: 0.1 ms]
      [Choose CSet: 0.0 ms]
      [Ref Proc: 0.0 ms]
      [Ref Enq: 0.0 ms]
      [Free CSet: 0.0 ms]
   [Eden: 0.0B(1024.0K)->0.0B(1024.0K) Survivors: 0.0B->0.0B Heap: 6923.6K(8192.0K)->6923.6K(8192.0K)]
 [Times: user=0.00 sys=0.00, real=0.00 secs] 
249.984: Total time for which application threads were stopped: 0.0004870 seconds, Stopping threads took: 0.0000050 seconds
249.984: Application time: 0.0000300 seconds
249.984: [Full GC 6923K->5668K(8192K), 0.0055840 secs]
   [Eden: 0.0B(1024.0K)->0.0B(1024.0K) Survivors: 0.0B->0.0B Heap: 6923.6K(8192.0K)->5668.5K(8192.0K)], [Perm: 5168K->5168K(20480K)]
 [Times: user=0.01 sys=0.00, real=0.01 secs] 
249.990: Total time for which application threads were stopped: 0.0056440 seconds, Stopping threads took: 0.0000030 seconds
249.990: [GC concurrent-mark-abort]
251.249: Application time: 1.2590890 seconds
251.271: [GC pause (young), 0.0015490 secs]
   [Parallel Time: 0.9 ms, GC Workers: 8]
      [GC Worker Start (ms): Min: 251270.8, Avg: 251270.9, Max: 251270.9, Diff: 0.1]
      [Ext Root Scanning (ms): Min: 0.7, Avg: 0.7, Max: 0.8, Diff: 0.1, Sum: 5.8]
      [Update RS (ms): Min: 0.0, Avg: 0.0, Max: 0.0, Diff: 0.0, Sum: 0.1]
         [Processed Buffers: Min: 0, Avg: 1.0, Max: 2, Diff: 2, Sum: 8]
      [Scan RS (ms): Min: 0.0, Avg: 0.0, Max: 0.0, Diff: 0.0, Sum: 0.0]
      [Code Root Scanning (ms): Min: 0.0, Avg: 0.0, Max: 0.0, Diff: 0.0, Sum: 0.0]
      [Object Copy (ms): Min: 0.1, Avg: 0.1, Max: 0.1, Diff: 0.0, Sum: 0.7]
      [Termination (ms): Min: 0.0, Avg: 0.0, Max: 0.0, Diff: 0.0, Sum: 0.0]
      [GC Worker Other (ms): Min: 0.0, Avg: 0.0, Max: 0.0, Diff: 0.0, Sum: 0.1]
      [GC Worker Total (ms): Min: 0.8, Avg: 0.8, Max: 0.9, Diff: 0.1, Sum: 6.7]
      [GC Worker End (ms): Min: 251271.7, Avg: 251271.7, Max: 251271.7, Diff: 0.0]
   [Code Root Fixup: 0.0 ms]
   [Code Root Migration: 0.0 ms]
   [Clear CT: 0.4 ms]
   [Other: 0.2 ms]
      [Choose CSet: 0.0 ms]
      [Ref Proc: 0.2 ms]
      [Ref Enq: 0.0 ms]
      [Free CSet: 0.0 ms]
   [Eden: 1024.0K(1024.0K)->0.0B(1024.0K) Survivors: 0.0B->1024.0K Heap: 6692.5K(8192.0K)->5885.0K(8192.0K)]
 [Times: user=0.01 sys=0.00, real=0.00 secs] 
251.272: Total time for which application threads were stopped: 0.0232170 seconds, Stopping threads took: 0.0215470 seconds
252.651: Application time: 1.3789930 seconds
252.704: [GC pause (young) (initial-mark) (to-space exhausted), 0.0013640 secs]
   [Parallel Time: 0.9 ms, GC Workers: 8]
      [GC Worker Start (ms): Min: 252704.4, Avg: 252704.4, Max: 252704.5, Diff: 0.1]
      [Ext Root Scanning (ms): Min: 0.4, Avg: 0.4, Max: 0.5, Diff: 0.1, Sum: 3.3]
      [Code Root Marking (ms): Min: 0.0, Avg: 0.0, Max: 0.0, Diff: 0.0, Sum: 0.0]
      [Update RS (ms): Min: 0.0, Avg: 0.0, Max: 0.0, Diff: 0.0, Sum: 0.1]
         [Processed Buffers: Min: 0, Avg: 1.1, Max: 3, Diff: 3, Sum: 9]
      [Scan RS (ms): Min: 0.0, Avg: 0.0, Max: 0.0, Diff: 0.0, Sum: 0.0]
      [Code Root Scanning (ms): Min: 0.0, Avg: 0.0, Max: 0.0, Diff: 0.0, Sum: 0.0]
      [Object Copy (ms): Min: 0.1, Avg: 0.2, Max: 0.2, Diff: 0.1, Sum: 1.3]
      [Termination (ms): Min: 0.0, Avg: 0.0, Max: 0.1, Diff: 0.1, Sum: 0.3]
      [GC Worker Other (ms): Min: 0.0, Avg: 0.0, Max: 0.0, Diff: 0.0, Sum: 0.0]
      [GC Worker Total (ms): Min: 0.6, Avg: 0.6, Max: 0.7, Diff: 0.1, Sum: 5.1]
      [GC Worker End (ms): Min: 252705.1, Avg: 252705.1, Max: 252705.1, Diff: 0.0]
   [Code Root Fixup: 0.0 ms]
   [Code Root Migration: 0.0 ms]
   [Clear CT: 0.2 ms]
   [Other: 0.3 ms]
      [Choose CSet: 0.0 ms]
      [Ref Proc: 0.1 ms]
      [Ref Enq: 0.0 ms]
      [Free CSet: 0.0 ms]
   [Eden: 1024.0K(1024.0K)->0.0B(1024.0K) Survivors: 1024.0K->0.0B Heap: 6909.0K(8192.0K)->6909.0K(8192.0K)]
 [Times: user=0.01 sys=0.00, real=0.00 secs] 
252.706: [GC concurrent-root-region-scan-start]
252.706: [GC concurrent-root-region-scan-end, 0.0000050 secs]
252.706: [GC concurrent-mark-start]
252.706: Total time for which application threads were stopped: 0.0543550 seconds, Stopping threads took: 0.0528700 seconds
252.706: Application time: 0.0000510 seconds
252.706: [GC pause (young), 0.0004500 secs]
   [Parallel Time: 0.3 ms, GC Workers: 8]
      [GC Worker Start (ms): Min: 252705.8, Avg: 252705.9, Max: 252705.9, Diff: 0.0]
      [Ext Root Scanning (ms): Min: 0.2, Avg: 0.3, Max: 0.3, Diff: 0.0, Sum: 2.0]
      [SATB Filtering (ms): Min: 0.0, Avg: 0.0, Max: 0.0, Diff: 0.0, Sum: 0.0]
      [Update RS (ms): Min: 0.0, Avg: 0.0, Max: 0.0, Diff: 0.0, Sum: 0.1]
         [Processed Buffers: Min: 0, Avg: 1.9, Max: 7, Diff: 7, Sum: 15]
      [Scan RS (ms): Min: 0.0, Avg: 0.0, Max: 0.0, Diff: 0.0, Sum: 0.0]
      [Code Root Scanning (ms): Min: 0.0, Avg: 0.0, Max: 0.0, Diff: 0.0, Sum: 0.0]
      [Object Copy (ms): Min: 0.0, Avg: 0.0, Max: 0.0, Diff: 0.0, Sum: 0.1]
      [Termination (ms): Min: 0.0, Avg: 0.0, Max: 0.0, Diff: 0.0, Sum: 0.2]
      [GC Worker Other (ms): Min: 0.0, Avg: 0.0, Max: 0.0, Diff: 0.0, Sum: 0.0]
      [GC Worker Total (ms): Min: 0.3, Avg: 0.3, Max: 0.3, Diff: 0.0, Sum: 2.5]
      [GC Worker End (ms): Min: 252706.2, Avg: 252706.2, Max: 252706.2, Diff: 0.0]
   [Code Root Fixup: 0.0 ms]
   [Code Root Migration: 0.0 ms]
   [Clear CT: 0.0 ms]
   [Other: 0.1 ms]
      [Choose CSet: 0.0 ms]
      [Ref Proc: 0.1 ms]
      [Ref Enq: 0.0 ms]
      [Free CSet: 0.0 ms]
   [Eden: 0.0B(1024.0K)->0.0B(1024.0K) Survivors: 0.0B->0.0B Heap: 6909.0K(8192.0K)->6909.0K(8192.0K)]
 [Times: user=0.00 sys=0.00, real=0.00 secs] 
252.706: Total time for which application threads were stopped: 0.0005180 seconds, Stopping threads took: 0.0000060 seconds
252.706: Application time: 0.0000350 seconds
252.706: [GC pause (young), 0.0004840 secs]
   [Parallel Time: 0.3 ms, GC Workers: 8]
      [GC Worker Start (ms): Min: 252706.4, Avg: 252706.4, Max: 252706.4, Diff: 0.0]
      [Ext Root Scanning (ms): Min: 0.2, Avg: 0.2, Max: 0.2, Diff: 0.0, Sum: 1.8]
      [Update RS (ms): Min: 0.0, Avg: 0.0, Max: 0.0, Diff: 0.0, Sum: 0.0]
         [Processed Buffers: Min: 0, Avg: 0.1, Max: 1, Diff: 1, Sum: 1]
      [Scan RS (ms): Min: 0.0, Avg: 0.0, Max: 0.0, Diff: 0.0, Sum: 0.0]
      [Code Root Scanning (ms): Min: 0.0, Avg: 0.0, Max: 0.0, Diff: 0.0, Sum: 0.0]
      [Object Copy (ms): Min: 0.0, Avg: 0.0, Max: 0.0, Diff: 0.0, Sum: 0.1]
      [Termination (ms): Min: 0.0, Avg: 0.0, Max: 0.0, Diff: 0.0, Sum: 0.2]
      [GC Worker Other (ms): Min: 0.0, Avg: 0.0, Max: 0.0, Diff: 0.0, Sum: 0.0]
      [GC Worker Total (ms): Min: 0.3, Avg: 0.3, Max: 0.3, Diff: 0.0, Sum: 2.2]
      [GC Worker End (ms): Min: 252706.7, Avg: 252706.7, Max: 252706.7, Diff: 0.0]
   [Code Root Fixup: 0.0 ms]
   [Code Root Migration: 0.0 ms]
   [Clear CT: 0.0 ms]
   [Other: 0.1 ms]
      [Choose CSet: 0.0 ms]
      [Ref Proc: 0.1 ms]
      [Ref Enq: 0.0 ms]
      [Free CSet: 0.0 ms]
   [Eden: 0.0B(1024.0K)->0.0B(1024.0K) Survivors: 0.0B->0.0B Heap: 6909.0K(8192.0K)->6909.0K(8192.0K)]
 [Times: user=0.01 sys=0.00, real=0.00 secs] 
252.707: Total time for which application threads were stopped: 0.0005410 seconds, Stopping threads took: 0.0000040 seconds
252.707: Application time: 0.0000290 seconds
252.707: [Full GC 6909K->5686K(8192K), 0.0055830 secs]
   [Eden: 0.0B(1024.0K)->0.0B(1024.0K) Survivors: 0.0B->0.0B Heap: 6909.0K(8192.0K)->5686.4K(8192.0K)], [Perm: 5168K->5168K(20480K)]
 [Times: user=0.00 sys=0.00, real=0.01 secs] 
252.713: Total time for which application threads were stopped: 0.0056460 seconds, Stopping threads took: 0.0000040 seconds
252.713: [GC concurrent-mark-abort]
252.713: Application time: 0.0000930 seconds
252.713: Total time for which application threads were stopped: 0.0000720 seconds, Stopping threads took: 0.0000610 seconds
253.807: Application time: 1.0939420 seconds
253.861: [GC pause (young), 0.0011920 secs]
   [Parallel Time: 0.9 ms, GC Workers: 8]
      [GC Worker Start (ms): Min: 253860.8, Avg: 253860.8, Max: 253860.8, Diff: 0.1]
      [Ext Root Scanning (ms): Min: 0.7, Avg: 0.8, Max: 0.8, Diff: 0.0, Sum: 6.0]
      [Update RS (ms): Min: 0.0, Avg: 0.0, Max: 0.0, Diff: 0.0, Sum: 0.1]
         [Processed Buffers: Min: 0, Avg: 1.0, Max: 2, Diff: 2, Sum: 8]
      [Scan RS (ms): Min: 0.0, Avg: 0.0, Max: 0.0, Diff: 0.0, Sum: 0.0]
      [Code Root Scanning (ms): Min: 0.0, Avg: 0.0, Max: 0.0, Diff: 0.0, Sum: 0.0]
      [Object Copy (ms): Min: 0.1, Avg: 0.1, Max: 0.1, Diff: 0.1, Sum: 0.8]
      [Termination (ms): Min: 0.0, Avg: 0.0, Max: 0.0, Diff: 0.0, Sum: 0.1]
      [GC Worker Other (ms): Min: 0.0, Avg: 0.0, Max: 0.0, Diff: 0.0, Sum: 0.1]
      [GC Worker Total (ms): Min: 0.8, Avg: 0.9, Max: 0.9, Diff: 0.1, Sum: 7.0]
      [GC Worker End (ms): Min: 253861.7, Avg: 253861.7, Max: 253861.7, Diff: 0.0]
   [Code Root Fixup: 0.0 ms]
   [Code Root Migration: 0.0 ms]
   [Clear CT: 0.1 ms]
   [Other: 0.2 ms]
      [Choose CSet: 0.0 ms]
      [Ref Proc: 0.1 ms]
      [Ref Enq: 0.0 ms]
      [Free CSet: 0.0 ms]
   [Eden: 1024.0K(1024.0K)->0.0B(1024.0K) Survivors: 0.0B->1024.0K Heap: 6710.4K(8192.0K)->5918.9K(8192.0K)]
 [Times: user=0.00 sys=0.00, real=0.01 secs] 
253.862: Total time for which application threads were stopped: 0.0553150 seconds, Stopping threads took: 0.0540090 seconds
255.075: Application time: 1.2130760 seconds
255.129: [GC pause (young) (initial-mark) (to-space exhausted), 0.0009470 secs]
   [Parallel Time: 0.7 ms, GC Workers: 8]
      [GC Worker Start (ms): Min: 255129.5, Avg: 255129.5, Max: 255129.5, Diff: 0.0]
      [Ext Root Scanning (ms): Min: 0.4, Avg: 0.4, Max: 0.5, Diff: 0.1, Sum: 3.4]
      [Code Root Marking (ms): Min: 0.0, Avg: 0.0, Max: 0.0, Diff: 0.0, Sum: 0.0]
      [Update RS (ms): Min: 0.0, Avg: 0.0, Max: 0.0, Diff: 0.0, Sum: 0.1]
         [Processed Buffers: Min: 0, Avg: 1.1, Max: 2, Diff: 2, Sum: 9]
      [Scan RS (ms): Min: 0.0, Avg: 0.0, Max: 0.0, Diff: 0.0, Sum: 0.0]
      [Code Root Scanning (ms): Min: 0.0, Avg: 0.0, Max: 0.0, Diff: 0.0, Sum: 0.0]
      [Object Copy (ms): Min: 0.1, Avg: 0.2, Max: 0.2, Diff: 0.1, Sum: 1.4]
      [Termination (ms): Min: 0.0, Avg: 0.0, Max: 0.1, Diff: 0.1, Sum: 0.3]
      [GC Worker Other (ms): Min: 0.0, Avg: 0.0, Max: 0.0, Diff: 0.0, Sum: 0.0]
      [GC Worker Total (ms): Min: 0.6, Avg: 0.7, Max: 0.7, Diff: 0.0, Sum: 5.3]
      [GC Worker End (ms): Min: 255130.2, Avg: 255130.2, Max: 255130.2, Diff: 0.0]
   [Code Root Fixup: 0.0 ms]
   [Code Root Migration: 0.0 ms]
   [Clear CT: 0.0 ms]
   [Other: 0.2 ms]
      [Choose CSet: 0.0 ms]
      [Ref Proc: 0.0 ms]
      [Ref Enq: 0.0 ms]
      [Free CSet: 0.0 ms]
   [Eden: 1024.0K(1024.0K)->0.0B(1024.0K) Survivors: 1024.0K->0.0B Heap: 6942.9K(8192.0K)->6942.9K(8192.0K)]
 [Times: user=0.01 sys=0.00, real=0.00 secs] 
255.130: [GC concurrent-root-region-scan-start]
255.130: [GC concurrent-root-region-scan-end, 0.0000050 secs]
255.130: 255.130: [GC concurrent-mark-start]
Total time for which application threads were stopped: 0.0553980 seconds, Stopping threads took: 0.0543380 seconds
255.131: [GC concurrent-mark-end, 0.0008630 secs]
255.131: Application time: 0.0008870 seconds
255.131: [GC pause (young), 0.0004750 secs]
   [Parallel Time: 0.4 ms, GC Workers: 8]
      [GC Worker Start (ms): Min: 255131.4, Avg: 255131.4, Max: 255131.4, Diff: 0.0]
      [Ext Root Scanning (ms): Min: 0.2, Avg: 0.3, Max: 0.3, Diff: 0.1, Sum: 2.1]
      [SATB Filtering (ms): Min: 0.0, Avg: 0.0, Max: 0.0, Diff: 0.0, Sum: 0.0]
      [Update RS (ms): Min: 0.0, Avg: 0.0, Max: 0.0, Diff: 0.0, Sum: 0.1]
         [Processed Buffers: Min: 0, Avg: 1.8, Max: 5, Diff: 5, Sum: 14]
      [Scan RS (ms): Min: 0.0, Avg: 0.0, Max: 0.0, Diff: 0.0, Sum: 0.0]
      [Code Root Scanning (ms): Min: 0.0, Avg: 0.0, Max: 0.0, Diff: 0.0, Sum: 0.0]
      [Object Copy (ms): Min: 0.0, Avg: 0.0, Max: 0.0, Diff: 0.0, Sum: 0.1]
      [Termination (ms): Min: 0.0, Avg: 0.0, Max: 0.0, Diff: 0.0, Sum: 0.2]
      [GC Worker Other (ms): Min: -0.0, Avg: 0.0, Max: 0.0, Diff: 0.0, Sum: 0.0]
      [GC Worker Total (ms): Min: 0.3, Avg: 0.3, Max: 0.3, Diff: 0.0, Sum: 2.5]
      [GC Worker End (ms): Min: 255131.7, Avg: 255131.7, Max: 255131.7, Diff: 0.0]
   [Code Root Fixup: 0.0 ms]
   [Code Root Migration: 0.0 ms]
   [Clear CT: 0.0 ms]
   [Other: 0.1 ms]
      [Choose CSet: 0.0 ms]
      [Ref Proc: 0.1 ms]
      [Ref Enq: 0.0 ms]
      [Free CSet: 0.0 ms]
   [Eden: 0.0B(1024.0K)->0.0B(1024.0K) Survivors: 0.0B->0.0B Heap: 6942.9K(8192.0K)->6942.9K(8192.0K)]
 [Times: user=0.00 sys=0.00, real=0.00 secs] 
255.132: Total time for which application threads were stopped: 0.0005380 seconds, Stopping threads took: 0.0000070 seconds
255.132: Application time: 0.0000150 seconds
255.132: [GC pause (young), 0.0004960 secs]
   [Parallel Time: 0.3 ms, GC Workers: 8]
      [GC Worker Start (ms): Min: 255132.0, Avg: 255132.0, Max: 255132.0, Diff: 0.0]
      [Ext Root Scanning (ms): Min: 0.2, Avg: 0.2, Max: 0.3, Diff: 0.0, Sum: 1.8]
      [Update RS (ms): Min: 0.0, Avg: 0.0, Max: 0.0, Diff: 0.0, Sum: 0.0]
         [Processed Buffers: Min: 0, Avg: 0.1, Max: 1, Diff: 1, Sum: 1]
      [Scan RS (ms): Min: 0.0, Avg: 0.0, Max: 0.0, Diff: 0.0, Sum: 0.0]
      [Code Root Scanning (ms): Min: 0.0, Avg: 0.0, Max: 0.0, Diff: 0.0, Sum: 0.0]
      [Object Copy (ms): Min: 0.0, Avg: 0.0, Max: 0.0, Diff: 0.0, Sum: 0.1]
      [Termination (ms): Min: 0.0, Avg: 0.0, Max: 0.1, Diff: 0.1, Sum: 0.3]
      [GC Worker Other (ms): Min: 0.0, Avg: 0.0, Max: 0.0, Diff: 0.0, Sum: 0.0]
      [GC Worker Total (ms): Min: 0.3, Avg: 0.3, Max: 0.3, Diff: 0.0, Sum: 2.3]
      [GC Worker End (ms): Min: 255132.2, Avg: 255132.2, Max: 255132.3, Diff: 0.0]
   [Code Root Fixup: 0.0 ms]
   [Code Root Migration: 0.0 ms]
   [Clear CT: 0.0 ms]
   [Other: 0.1 ms]
      [Choose CSet: 0.0 ms]
      [Ref Proc: 0.1 ms]
      [Ref Enq: 0.0 ms]
      [Free CSet: 0.0 ms]
   [Eden: 0.0B(1024.0K)->0.0B(1024.0K) Survivors: 0.0B->0.0B Heap: 6942.9K(8192.0K)->6942.9K(8192.0K)]
 [Times: user=0.01 sys=0.00, real=0.00 secs] 
255.132: Total time for which application threads were stopped: 0.0005520 seconds, Stopping threads took: 0.0000040 seconds
255.132: Application time: 0.0000120 seconds
255.133: [Full GC 6942K->5687K(8192K), 0.0055730 secs]
   [Eden: 0.0B(1024.0K)->0.0B(1024.0K) Survivors: 0.0B->0.0B Heap: 6942.9K(8192.0K)->5687.7K(8192.0K)], [Perm: 5168K->5168K(20480K)]
 [Times: user=0.00 sys=0.00, real=0.00 secs] 
255.138: Total time for which application threads were stopped: 0.0056330 seconds, Stopping threads took: 0.0000030 seconds
255.138: Application time: 0.0000650 seconds
255.138: [GC remark, 0.0000060 secs]
 [Times: user=0.00 sys=0.00, real=0.00 secs] 
255.138: Total time for which application threads were stopped: 0.0000560 seconds, Stopping threads took: 0.0000350 seconds
255.138: [GC concurrent-mark-abort]
256.401: Application time: 1.2627690 seconds
256.454: [GC pause (young), 0.0011830 secs]
   [Parallel Time: 1.0 ms, GC Workers: 8]
      [GC Worker Start (ms): Min: 256453.9, Avg: 256453.9, Max: 256453.9, Diff: 0.1]
      [Ext Root Scanning (ms): Min: 0.7, Avg: 0.7, Max: 0.8, Diff: 0.1, Sum: 5.9]
      [Update RS (ms): Min: 0.0, Avg: 0.0, Max: 0.0, Diff: 0.0, Sum: 0.1]
         [Processed Buffers: Min: 0, Avg: 1.0, Max: 3, Diff: 3, Sum: 8]
      [Scan RS (ms): Min: 0.0, Avg: 0.0, Max: 0.0, Diff: 0.0, Sum: 0.0]
      [Code Root Scanning (ms): Min: 0.0, Avg: 0.0, Max: 0.0, Diff: 0.0, Sum: 0.0]
      [Object Copy (ms): Min: 0.1, Avg: 0.1, Max: 0.1, Diff: 0.0, Sum: 0.7]
      [Termination (ms): Min: 0.0, Avg: 0.0, Max: 0.0, Diff: 0.0, Sum: 0.0]
      [GC Worker Other (ms): Min: 0.0, Avg: 0.0, Max: 0.0, Diff: 0.0, Sum: 0.1]
      [GC Worker Total (ms): Min: 0.8, Avg: 0.8, Max: 0.9, Diff: 0.1, Sum: 6.8]
      [GC Worker End (ms): Min: 256454.8, Avg: 256454.8, Max: 256454.8, Diff: 0.0]
   [Code Root Fixup: 0.0 ms]
   [Code Root Migration: 0.0 ms]
   [Clear CT: 0.1 ms]
   [Other: 0.1 ms]
      [Choose CSet: 0.0 ms]
      [Ref Proc: 0.1 ms]
      [Ref Enq: 0.0 ms]
      [Free CSet: 0.0 ms]
   [Eden: 1024.0K(1024.0K)->0.0B(1024.0K) Survivors: 0.0B->1024.0K Heap: 6711.7K(8192.0K)->5894.1K(8192.0K)]
 [Times: user=0.01 sys=0.00, real=0.00 secs] 
256.455: Total time for which application threads were stopped: 0.0540760 seconds, Stopping threads took: 0.0527930 seconds
257.672: Application time: 1.2171990 seconds
257.724: [GC pause (young) (initial-mark) (to-space exhausted), 0.0010570 secs]
   [Parallel Time: 0.7 ms, GC Workers: 8]
      [GC Worker Start (ms): Min: 257723.6, Avg: 257723.7, Max: 257723.7, Diff: 0.1]
      [Ext Root Scanning (ms): Min: 0.4, Avg: 0.4, Max: 0.5, Diff: 0.1, Sum: 3.4]
      [Code Root Marking (ms): Min: 0.0, Avg: 0.0, Max: 0.0, Diff: 0.0, Sum: 0.0]
      [Update RS (ms): Min: 0.0, Avg: 0.0, Max: 0.0, Diff: 0.0, Sum: 0.0]
         [Processed Buffers: Min: 0, Avg: 1.1, Max: 3, Diff: 3, Sum: 9]
      [Scan RS (ms): Min: 0.0, Avg: 0.0, Max: 0.0, Diff: 0.0, Sum: 0.0]
      [Code Root Scanning (ms): Min: 0.0, Avg: 0.0, Max: 0.0, Diff: 0.0, Sum: 0.0]
      [Object Copy (ms): Min: 0.1, Avg: 0.1, Max: 0.2, Diff: 0.1, Sum: 1.2]
      [Termination (ms): Min: 0.0, Avg: 0.0, Max: 0.1, Diff: 0.1, Sum: 0.3]
      [GC Worker Other (ms): Min: 0.0, Avg: 0.0, Max: 0.0, Diff: 0.0, Sum: 0.0]
      [GC Worker Total (ms): Min: 0.6, Avg: 0.6, Max: 0.7, Diff: 0.1, Sum: 5.0]
      [GC Worker End (ms): Min: 257724.3, Avg: 257724.3, Max: 257724.3, Diff: 0.0]
   [Code Root Fixup: 0.0 ms]
   [Code Root Migration: 0.0 ms]
   [Clear CT: 0.1 ms]
   [Other: 0.2 ms]
      [Choose CSet: 0.0 ms]
      [Ref Proc: 0.1 ms]
      [Ref Enq: 0.0 ms]
      [Free CSet: 0.0 ms]
   [Eden: 1024.0K(1024.0K)->0.0B(1024.0K) Survivors: 1024.0K->0.0B Heap: 6918.1K(8192.0K)->6918.1K(8192.0K)]
 [Times: user=0.00 sys=0.00, real=0.00 secs] 
257.725: [GC concurrent-root-region-scan-start]
257.725: [GC concurrent-root-region-scan-end, 0.0000050 secs]
257.725: [GC concurrent-mark-start]
257.725: Total time for which application threads were stopped: 0.0524480 seconds, Stopping threads took: 0.0512780 seconds
257.725: Application time: 0.0000410 seconds
257.725: [GC pause (young), 0.0004520 secs]
   [Parallel Time: 0.3 ms, GC Workers: 8]
      [GC Worker Start (ms): Min: 257724.8, Avg: 257724.8, Max: 257724.9, Diff: 0.0]
      [Ext Root Scanning (ms): Min: 0.2, Avg: 0.2, Max: 0.3, Diff: 0.0, Sum: 2.0]
      [Update RS (ms): Min: 0.0, Avg: 0.0, Max: 0.0, Diff: 0.0, Sum: 0.1]
         [Processed Buffers: Min: 0, Avg: 1.6, Max: 8, Diff: 8, Sum: 13]
      [Scan RS (ms): Min: 0.0, Avg: 0.0, Max: 0.0, Diff: 0.0, Sum: 0.0]
      [Code Root Scanning (ms): Min: 0.0, Avg: 0.0, Max: 0.0, Diff: 0.0, Sum: 0.0]
      [Object Copy (ms): Min: 0.0, Avg: 0.0, Max: 0.0, Diff: 0.0, Sum: 0.1]
      [Termination (ms): Min: 0.0, Avg: 0.0, Max: 0.0, Diff: 0.0, Sum: 0.2]
      [GC Worker Other (ms): Min: 0.0, Avg: 0.0, Max: 0.0, Diff: 0.0, Sum: 0.0]
      [GC Worker Total (ms): Min: 0.3, Avg: 0.3, Max: 0.3, Diff: 0.0, Sum: 2.4]
      [GC Worker End (ms): Min: 257725.1, Avg: 257725.1, Max: 257725.1, Diff: 0.0]
   [Code Root Fixup: 0.0 ms]
   [Code Root Migration: 0.0 ms]
   [Clear CT: 0.0 ms]
   [Other: 0.1 ms]
      [Choose CSet: 0.0 ms]
      [Ref Proc: 0.1 ms]
      [Ref Enq: 0.0 ms]
      [Free CSet: 0.0 ms]
   [Eden: 0.0B(1024.0K)->0.0B(1024.0K) Survivors: 0.0B->0.0B Heap: 6918.1K(8192.0K)->6918.1K(8192.0K)]
 [Times: user=0.00 sys=0.00, real=0.00 secs] 
257.725: Total time for which application threads were stopped: 0.0005100 seconds, Stopping threads took: 0.0000060 seconds
257.725: Application time: 0.0000340 seconds
257.725: [GC pause (young), 0.0004980 secs]
   [Parallel Time: 0.3 ms, GC Workers: 8]
      [GC Worker Start (ms): Min: 257725.4, Avg: 257725.4, Max: 257725.4, Diff: 0.0]
      [Ext Root Scanning (ms): Min: 0.2, Avg: 0.2, Max: 0.2, Diff: 0.0, Sum: 1.9]
      [Update RS (ms): Min: 0.0, Avg: 0.0, Max: 0.0, Diff: 0.0, Sum: 0.0]
         [Processed Buffers: Min: 0, Avg: 0.1, Max: 1, Diff: 1, Sum: 1]
      [Scan RS (ms): Min: 0.0, Avg: 0.0, Max: 0.0, Diff: 0.0, Sum: 0.0]
      [Code Root Scanning (ms): Min: 0.0, Avg: 0.0, Max: 0.0, Diff: 0.0, Sum: 0.0]
      [Object Copy (ms): Min: 0.0, Avg: 0.0, Max: 0.0, Diff: 0.0, Sum: 0.1]
      [Termination (ms): Min: 0.0, Avg: 0.0, Max: 0.1, Diff: 0.1, Sum: 0.3]
      [GC Worker Other (ms): Min: -0.0, Avg: 0.0, Max: 0.0, Diff: 0.0, Sum: 0.0]
      [GC Worker Total (ms): Min: 0.3, Avg: 0.3, Max: 0.3, Diff: 0.0, Sum: 2.3]
      [GC Worker End (ms): Min: 257725.6, Avg: 257725.7, Max: 257725.7, Diff: 0.0]
   [Code Root Fixup: 0.0 ms]
   [Code Root Migration: 0.0 ms]
   [Clear CT: 0.0 ms]
   [Other: 0.1 ms]
      [Choose CSet: 0.0 ms]
      [Ref Proc: 0.1 ms]
      [Ref Enq: 0.0 ms]
      [Free CSet: 0.0 ms]
   [Eden: 0.0B(1024.0K)->0.0B(1024.0K) Survivors: 0.0B->0.0B Heap: 6918.1K(8192.0K)->6918.1K(8192.0K)]
 [Times: user=0.01 sys=0.00, real=0.00 secs] 
257.726: Total time for which application threads were stopped: 0.0005540 seconds, Stopping threads took: 0.0000030 seconds
257.726: Application time: 0.0000280 seconds
257.726: [Full GC 6918K->5665K(8192K), 0.0056150 secs]
   [Eden: 0.0B(1024.0K)->0.0B(1024.0K) Survivors: 0.0B->0.0B Heap: 6918.1K(8192.0K)->5665.0K(8192.0K)], [Perm: 5168K->5168K(20480K)]
 [Times: user=0.01 sys=0.00, real=0.01 secs] 
257.732: Total time for which application threads were stopped: 0.0056780 seconds, Stopping threads took: 0.0000040 seconds
257.732: [GC concurrent-mark-abort]
258.945: Application time: 1.2129900 seconds
259.000: [GC pause (young), 0.0011730 secs]
   [Parallel Time: 0.9 ms, GC Workers: 8]
      [GC Worker Start (ms): Min: 259000.1, Avg: 259000.2, Max: 259000.2, Diff: 0.1]
      [Ext Root Scanning (ms): Min: 0.7, Avg: 0.7, Max: 0.8, Diff: 0.1, Sum: 5.9]
      [Update RS (ms): Min: 0.0, Avg: 0.0, Max: 0.0, Diff: 0.0, Sum: 0.1]
         [Processed Buffers: Min: 0, Avg: 1.0, Max: 2, Diff: 2, Sum: 8]
      [Scan RS (ms): Min: 0.0, Avg: 0.0, Max: 0.0, Diff: 0.0, Sum: 0.0]
      [Code Root Scanning (ms): Min: 0.0, Avg: 0.0, Max: 0.0, Diff: 0.0, Sum: 0.0]
      [Object Copy (ms): Min: 0.1, Avg: 0.1, Max: 0.1, Diff: 0.1, Sum: 0.8]
      [Termination (ms): Min: 0.0, Avg: 0.0, Max: 0.0, Diff: 0.0, Sum: 0.1]
      [GC Worker Other (ms): Min: 0.0, Avg: 0.0, Max: 0.0, Diff: 0.0, Sum: 0.1]
      [GC Worker Total (ms): Min: 0.8, Avg: 0.9, Max: 0.9, Diff: 0.1, Sum: 6.8]
      [GC Worker End (ms): Min: 259001.0, Avg: 259001.0, Max: 259001.0, Diff: 0.0]
   [Code Root Fixup: 0.0 ms]
   [Code Root Migration: 0.0 ms]
   [Clear CT: 0.1 ms]
   [Other: 0.2 ms]
      [Choose CSet: 0.0 ms]
      [Ref Proc: 0.1 ms]
      [Ref Enq: 0.0 ms]
      [Free CSet: 0.0 ms]
   [Eden: 1024.0K(1024.0K)->0.0B(1024.0K) Survivors: 0.0B->1024.0K Heap: 6689.0K(8192.0K)->5913.5K(8192.0K)]
 [Times: user=0.00 sys=0.00, real=0.00 secs] 
259.001: Total time for which application threads were stopped: 0.0567410 seconds, Stopping threads took: 0.0554440 seconds
260.201: Application time: 1.1993680 seconds
260.225: [GC pause (young) (initial-mark) (to-space exhausted), 0.0009860 secs]
   [Parallel Time: 0.7 ms, GC Workers: 8]
      [GC Worker Start (ms): Min: 260225.1, Avg: 260225.2, Max: 260225.2, Diff: 0.1]
      [Ext Root Scanning (ms): Min: 0.4, Avg: 0.4, Max: 0.5, Diff: 0.1, Sum: 3.3]
      [Code Root Marking (ms): Min: 0.0, Avg: 0.0, Max: 0.0, Diff: 0.0, Sum: 0.0]
      [Update RS (ms): Min: 0.0, Avg: 0.0, Max: 0.0, Diff: 0.0, Sum: 0.1]
         [Processed Buffers: Min: 0, Avg: 1.0, Max: 3, Diff: 3, Sum: 8]
      [Scan RS (ms): Min: 0.0, Avg: 0.0, Max: 0.0, Diff: 0.0, Sum: 0.0]
      [Code Root Scanning (ms): Min: 0.0, Avg: 0.0, Max: 0.0, Diff: 0.0, Sum: 0.0]
      [Object Copy (ms): Min: 0.1, Avg: 0.2, Max: 0.2, Diff: 0.1, Sum: 1.3]
      [Termination (ms): Min: 0.0, Avg: 0.0, Max: 0.1, Diff: 0.1, Sum: 0.3]
      [GC Worker Other (ms): Min: 0.0, Avg: 0.0, Max: 0.0, Diff: 0.0, Sum: 0.0]
      [GC Worker Total (ms): Min: 0.6, Avg: 0.6, Max: 0.7, Diff: 0.0, Sum: 5.0]
      [GC Worker End (ms): Min: 260225.8, Avg: 260225.8, Max: 260225.8, Diff: 0.0]
   [Code Root Fixup: 0.0 ms]
   [Code Root Migration: 0.0 ms]
   [Clear CT: 0.1 ms]
   [Other: 0.2 ms]
      [Choose CSet: 0.0 ms]
      [Ref Proc: 0.1 ms]
      [Ref Enq: 0.0 ms]
      [Free CSet: 0.0 ms]
   [Eden: 1024.0K(1024.0K)->0.0B(1024.0K) Survivors: 1024.0K->0.0B Heap: 6937.5K(8192.0K)->6937.5K(8192.0K)]
 [Times: user=0.01 sys=0.00, real=0.00 secs] 
260.226: [GC concurrent-root-region-scan-start]
260.226: [GC concurrent-root-region-scan-end, 0.0000060 secs]
260.226: 260.226: [GC concurrent-mark-start]
Total time for which application threads were stopped: 0.0254520 seconds, Stopping threads took: 0.0243660 seconds
260.226: Application time: 0.0000540 seconds
260.226: [GC pause (young), 0.0004520 secs]
   [Parallel Time: 0.3 ms, GC Workers: 8]
      [GC Worker Start (ms): Min: 260226.2, Avg: 260226.2, Max: 260226.3, Diff: 0.0]
      [Ext Root Scanning (ms): Min: 0.2, Avg: 0.3, Max: 0.3, Diff: 0.1, Sum: 2.0]
      [SATB Filtering (ms): Min: 0.0, Avg: 0.0, Max: 0.0, Diff: 0.0, Sum: 0.0]
      [Update RS (ms): Min: 0.0, Avg: 0.0, Max: 0.0, Diff: 0.0, Sum: 0.1]
         [Processed Buffers: Min: 0, Avg: 1.5, Max: 5, Diff: 5, Sum: 12]
      [Scan RS (ms): Min: 0.0, Avg: 0.0, Max: 0.0, Diff: 0.0, Sum: 0.0]
      [Code Root Scanning (ms): Min: 0.0, Avg: 0.0, Max: 0.0, Diff: 0.0, Sum: 0.0]
      [Object Copy (ms): Min: 0.0, Avg: 0.0, Max: 0.0, Diff: 0.0, Sum: 0.1]
      [Termination (ms): Min: 0.0, Avg: 0.0, Max: 0.0, Diff: 0.0, Sum: 0.2]
      [GC Worker Other (ms): Min: -0.0, Avg: 0.0, Max: 0.0, Diff: 0.0, Sum: 0.0]
      [GC Worker Total (ms): Min: 0.3, Avg: 0.3, Max: 0.3, Diff: 0.0, Sum: 2.4]
      [GC Worker End (ms): Min: 260226.5, Avg: 260226.5, Max: 260226.6, Diff: 0.0]
   [Code Root Fixup: 0.0 ms]
   [Code Root Migration: 0.0 ms]
   [Clear CT: 0.0 ms]
   [Other: 0.1 ms]
      [Choose CSet: 0.0 ms]
      [Ref Proc: 0.1 ms]
      [Ref Enq: 0.0 ms]
      [Free CSet: 0.0 ms]
   [Eden: 0.0B(1024.0K)->0.0B(1024.0K) Survivors: 0.0B->0.0B Heap: 6937.5K(8192.0K)->6937.5K(8192.0K)]
 [Times: user=0.00 sys=0.00, real=0.00 secs] 
260.227: Total time for which application threads were stopped: 0.0005220 seconds, Stopping threads took: 0.0000060 seconds
260.227: Application time: 0.0000360 seconds
260.227: [GC pause (young), 0.0004860 secs]
   [Parallel Time: 0.3 ms, GC Workers: 8]
      [GC Worker Start (ms): Min: 260226.8, Avg: 260226.8, Max: 260226.8, Diff: 0.0]
      [Ext Root Scanning (ms): Min: 0.2, Avg: 0.2, Max: 0.3, Diff: 0.0, Sum: 1.9]
      [SATB Filtering (ms): Min: 0.0, Avg: 0.0, Max: 0.0, Diff: 0.0, Sum: 0.0]
      [Update RS (ms): Min: 0.0, Avg: 0.0, Max: 0.0, Diff: 0.0, Sum: 0.0]
         [Processed Buffers: Min: 0, Avg: 0.1, Max: 1, Diff: 1, Sum: 1]
      [Scan RS (ms): Min: 0.0, Avg: 0.0, Max: 0.0, Diff: 0.0, Sum: 0.0]
      [Code Root Scanning (ms): Min: 0.0, Avg: 0.0, Max: 0.0, Diff: 0.0, Sum: 0.0]
      [Object Copy (ms): Min: 0.0, Avg: 0.0, Max: 0.0, Diff: 0.0, Sum: 0.1]
      [Termination (ms): Min: 0.0, Avg: 0.0, Max: 0.1, Diff: 0.1, Sum: 0.3]
      [GC Worker Other (ms): Min: 0.0, Avg: 0.0, Max: 0.0, Diff: 0.0, Sum: 0.0]
      [GC Worker Total (ms): Min: 0.3, Avg: 0.3, Max: 0.3, Diff: 0.0, Sum: 2.3]
      [GC Worker End (ms): Min: 260227.1, Avg: 260227.1, Max: 260227.1, Diff: 0.0]
   [Code Root Fixup: 0.0 ms]
   [Code Root Migration: 0.0 ms]
   [Clear CT: 0.0 ms]
   [Other: 0.1 ms]
      [Choose CSet: 0.0 ms]
      [Ref Proc: 0.1 ms]
      [Ref Enq: 0.0 ms]
      [Free CSet: 0.0 ms]
   [Eden: 0.0B(1024.0K)->0.0B(1024.0K) Survivors: 0.0B->0.0B Heap: 6937.5K(8192.0K)->6937.5K(8192.0K)]
 [Times: user=0.00 sys=0.00, real=0.00 secs] 
260.227: Total time for which application threads were stopped: 0.0005410 seconds, Stopping threads took: 0.0000040 seconds
260.227: Application time: 0.0000250 seconds
260.227: [Full GC 6937K->5666K(8192K), 0.0056100 secs]
   [Eden: 0.0B(1024.0K)->0.0B(1024.0K) Survivors: 0.0B->0.0B Heap: 6937.5K(8192.0K)->5666.6K(8192.0K)], [Perm: 5168K->5168K(20480K)]
 [Times: user=0.01 sys=0.00, real=0.01 secs] 
260.233: Total time for which application threads were stopped: 0.0056720 seconds, Stopping threads took: 0.0000030 seconds
260.233: [GC concurrent-mark-abort]
260.234: Application time: 0.0006020 seconds
260.291: Total time for which application threads were stopped: 0.0571240 seconds, Stopping threads took: 0.0570880 seconds
261.495: Application time: 1.2047590 seconds
261.550: [GC pause (young), 0.0017090 secs]
   [Parallel Time: 0.9 ms, GC Workers: 8]
      [GC Worker Start (ms): Min: 261550.2, Avg: 261550.3, Max: 261550.3, Diff: 0.1]
      [Ext Root Scanning (ms): Min: 0.7, Avg: 0.7, Max: 0.8, Diff: 0.1, Sum: 5.8]
      [Update RS (ms): Min: 0.0, Avg: 0.0, Max: 0.0, Diff: 0.0, Sum: 0.1]
         [Processed Buffers: Min: 0, Avg: 1.0, Max: 4, Diff: 4, Sum: 8]
      [Scan RS (ms): Min: 0.0, Avg: 0.0, Max: 0.0, Diff: 0.0, Sum: 0.0]
      [Code Root Scanning (ms): Min: 0.0, Avg: 0.0, Max: 0.0, Diff: 0.0, Sum: 0.0]
      [Object Copy (ms): Min: 0.1, Avg: 0.1, Max: 0.1, Diff: 0.0, Sum: 0.7]
      [Termination (ms): Min: 0.0, Avg: 0.0, Max: 0.0, Diff: 0.0, Sum: 0.1]
      [GC Worker Other (ms): Min: 0.0, Avg: 0.0, Max: 0.0, Diff: 0.0, Sum: 0.0]
      [GC Worker Total (ms): Min: 0.8, Avg: 0.8, Max: 0.9, Diff: 0.1, Sum: 6.8]
      [GC Worker End (ms): Min: 261551.1, Avg: 261551.1, Max: 261551.1, Diff: 0.0]
   [Code Root Fixup: 0.0 ms]
   [Code Root Migration: 0.0 ms]
   [Clear CT: 0.5 ms]
   [Other: 0.3 ms]
      [Choose CSet: 0.0 ms]
      [Ref Proc: 0.2 ms]
      [Ref Enq: 0.0 ms]
      [Free CSet: 0.0 ms]
   [Eden: 1024.0K(1024.0K)->0.0B(1024.0K) Survivors: 0.0B->1024.0K Heap: 6690.6K(8192.0K)->5913.1K(8192.0K)]
 [Times: user=0.01 sys=0.00, real=0.00 secs] 
261.552: Total time for which application threads were stopped: 0.0564310 seconds, Stopping threads took: 0.0546010 seconds
262.987: Application time: 1.4350690 seconds
263.038: [GC pause (young) (initial-mark) (to-space exhausted), 0.0020370 secs]
   [Parallel Time: 1.0 ms, GC Workers: 8]
      [GC Worker Start (ms): Min: 263037.9, Avg: 263037.9, Max: 263038.0, Diff: 0.1]
      [Ext Root Scanning (ms): Min: 0.4, Avg: 0.4, Max: 0.5, Diff: 0.2, Sum: 3.5]
      [Code Root Marking (ms): Min: 0.0, Avg: 0.0, Max: 0.0, Diff: 0.0, Sum: 0.0]
      [Update RS (ms): Min: 0.0, Avg: 0.0, Max: 0.0, Diff: 0.0, Sum: 0.1]
         [Processed Buffers: Min: 0, Avg: 0.9, Max: 3, Diff: 3, Sum: 7]
      [Scan RS (ms): Min: 0.0, Avg: 0.0, Max: 0.0, Diff: 0.0, Sum: 0.0]
      [Code Root Scanning (ms): Min: 0.0, Avg: 0.0, Max: 0.0, Diff: 0.0, Sum: 0.0]
      [Object Copy (ms): Min: 0.2, Avg: 0.2, Max: 0.3, Diff: 0.1, Sum: 1.8]
      [Termination (ms): Min: 0.0, Avg: 0.0, Max: 0.1, Diff: 0.1, Sum: 0.3]
      [GC Worker Other (ms): Min: 0.0, Avg: 0.0, Max: 0.0, Diff: 0.0, Sum: 0.0]
      [GC Worker Total (ms): Min: 0.7, Avg: 0.7, Max: 0.8, Diff: 0.1, Sum: 5.7]
      [GC Worker End (ms): Min: 263038.6, Avg: 263038.6, Max: 263038.6, Diff: 0.0]
   [Code Root Fixup: 0.0 ms]
   [Code Root Migration: 0.0 ms]
   [Clear CT: 0.4 ms]
   [Other: 0.6 ms]
      [Choose CSet: 0.0 ms]
      [Ref Proc: 0.3 ms]
      [Ref Enq: 0.0 ms]
      [Free CSet: 0.0 ms]
   [Eden: 1024.0K(1024.0K)->0.0B(1024.0K) Survivors: 1024.0K->0.0B Heap: 6937.1K(8192.0K)->6937.1K(8192.0K)]
 [Times: user=0.01 sys=0.00, real=0.00 secs] 
263.040: [GC concurrent-root-region-scan-start]
263.040: [GC concurrent-root-region-scan-end, 0.0000060 secs]
263.040: [GC concurrent-mark-start]
263.040: Total time for which application threads were stopped: 0.0529350 seconds, Stopping threads took: 0.0507780 seconds
263.040: Application time: 0.0000900 seconds
263.094: [Full GC 6937K->5700K(8192K), 0.0057990 secs]
   [Eden: 0.0B(1024.0K)->0.0B(1024.0K) Survivors: 0.0B->0.0B Heap: 6937.1K(8192.0K)->5700.5K(8192.0K)], [Perm: 5168K->5168K(20480K)]
 [Times: user=0.01 sys=0.00, real=0.00 secs] 
263.100: Total time for which application threads were stopped: 0.0601590 seconds, Stopping threads took: 0.0542950 seconds
263.100: [GC concurrent-mark-abort]
264.256: Application time: 1.1563010 seconds
264.310: [GC pause (young), 0.0013710 secs]
   [Parallel Time: 1.0 ms, GC Workers: 8]
      [GC Worker Start (ms): Min: 264310.0, Avg: 264310.0, Max: 264310.1, Diff: 0.1]
      [Ext Root Scanning (ms): Min: 0.7, Avg: 0.8, Max: 0.8, Diff: 0.1, Sum: 6.0]
      [Update RS (ms): Min: 0.0, Avg: 0.0, Max: 0.0, Diff: 0.0, Sum: 0.0]
         [Processed Buffers: Min: 0, Avg: 1.0, Max: 2, Diff: 2, Sum: 8]
      [Scan RS (ms): Min: 0.0, Avg: 0.0, Max: 0.0, Diff: 0.0, Sum: 0.0]
      [Code Root Scanning (ms): Min: 0.0, Avg: 0.0, Max: 0.0, Diff: 0.0, Sum: 0.0]
      [Object Copy (ms): Min: 0.0, Avg: 0.1, Max: 0.1, Diff: 0.1, Sum: 0.6]
      [Termination (ms): Min: 0.0, Avg: 0.0, Max: 0.0, Diff: 0.0, Sum: 0.1]
      [GC Worker Other (ms): Min: 0.0, Avg: 0.0, Max: 0.0, Diff: 0.0, Sum: 0.1]
      [GC Worker Total (ms): Min: 0.8, Avg: 0.9, Max: 0.9, Diff: 0.1, Sum: 6.9]
      [GC Worker End (ms): Min: 264310.9, Avg: 264310.9, Max: 264310.9, Diff: 0.0]
   [Code Root Fixup: 0.0 ms]
   [Code Root Migration: 0.0 ms]
   [Clear CT: 0.1 ms]
   [Other: 0.3 ms]
      [Choose CSet: 0.0 ms]
      [Ref Proc: 0.2 ms]
      [Ref Enq: 0.0 ms]
      [Free CSet: 0.0 ms]
   [Eden: 1024.0K(1024.0K)->0.0B(1024.0K) Survivors: 0.0B->1024.0K Heap: 6724.5K(8192.0K)->5917.0K(8192.0K)]
 [Times: user=0.01 sys=0.00, real=0.00 secs] 
264.313: Total time for which application threads were stopped: 0.0563620 seconds, Stopping threads took: 0.0534100 seconds
265.294: Application time: 0.9806720 seconds
265.350: [GC pause (young) (initial-mark) (to-space exhausted), 0.0010830 secs]
   [Parallel Time: 0.8 ms, GC Workers: 8]
      [GC Worker Start (ms): Min: 265350.2, Avg: 265350.3, Max: 265350.3, Diff: 0.1]
      [Ext Root Scanning (ms): Min: 0.4, Avg: 0.4, Max: 0.5, Diff: 0.1, Sum: 3.3]
      [Code Root Marking (ms): Min: 0.0, Avg: 0.0, Max: 0.0, Diff: 0.0, Sum: 0.0]
      [Update RS (ms): Min: 0.0, Avg: 0.0, Max: 0.0, Diff: 0.0, Sum: 0.1]
         [Processed Buffers: Min: 0, Avg: 1.1, Max: 2, Diff: 2, Sum: 9]
      [Scan RS (ms): Min: 0.0, Avg: 0.0, Max: 0.0, Diff: 0.0, Sum: 0.0]
      [Code Root Scanning (ms): Min: 0.0, Avg: 0.0, Max: 0.0, Diff: 0.0, Sum: 0.0]
      [Object Copy (ms): Min: 0.1, Avg: 0.2, Max: 0.2, Diff: 0.1, Sum: 1.6]
      [Termination (ms): Min: 0.0, Avg: 0.0, Max: 0.1, Diff: 0.1, Sum: 0.2]
      [GC Worker Other (ms): Min: 0.0, Avg: 0.0, Max: 0.0, Diff: 0.0, Sum: 0.0]
      [GC Worker Total (ms): Min: 0.6, Avg: 0.7, Max: 0.7, Diff: 0.1, Sum: 5.3]
      [GC Worker End (ms): Min: 265350.9, Avg: 265350.9, Max: 265350.9, Diff: 0.0]
   [Code Root Fixup: 0.0 ms]
   [Code Root Migration: 0.0 ms]
   [Clear CT: 0.1 ms]
   [Other: 0.2 ms]
      [Choose CSet: 0.0 ms]
      [Ref Proc: 0.1 ms]
      [Ref Enq: 0.0 ms]
      [Free CSet: 0.0 ms]
   [Eden: 1024.0K(1024.0K)->0.0B(1024.0K) Survivors: 1024.0K->0.0B Heap: 6941.0K(8192.0K)->6941.0K(8192.0K)]
 [Times: user=0.01 sys=0.00, real=0.00 secs] 
265.351: [GC concurrent-root-region-scan-start]
265.351: [GC concurrent-root-region-scan-end, 0.0000060 secs]
265.351: [GC concurrent-mark-start]
265.351: Total time for which application threads were stopped: 0.0578180 seconds, Stopping threads took: 0.0566210 seconds
265.351: Application time: 0.0000340 seconds
265.351: [Full GC 6941K->5677K(8192K), 0.0056850 secs]
   [Eden: 0.0B(1024.0K)->0.0B(1024.0K) Survivors: 0.0B->0.0B Heap: 6941.0K(8192.0K)->5677.8K(8192.0K)], [Perm: 5168K->5168K(20480K)]
 [Times: user=0.00 sys=0.00, real=0.00 secs] 
265.357: Total time for which application threads were stopped: 0.0057510 seconds, Stopping threads took: 0.0000060 seconds
265.357: [GC concurrent-mark-abort]
266.798: Application time: 1.4408590 seconds
266.851: [GC pause (young), 0.0013550 secs]
   [Parallel Time: 0.9 ms, GC Workers: 8]
      [GC Worker Start (ms): Min: 266851.2, Avg: 266851.2, Max: 266851.3, Diff: 0.1]
      [Ext Root Scanning (ms): Min: 0.7, Avg: 0.7, Max: 0.8, Diff: 0.1, Sum: 5.8]
      [Update RS (ms): Min: 0.0, Avg: 0.0, Max: 0.0, Diff: 0.0, Sum: 0.1]
         [Processed Buffers: Min: 0, Avg: 1.0, Max: 3, Diff: 3, Sum: 8]
      [Scan RS (ms): Min: 0.0, Avg: 0.0, Max: 0.0, Diff: 0.0, Sum: 0.0]
      [Code Root Scanning (ms): Min: 0.0, Avg: 0.0, Max: 0.0, Diff: 0.0, Sum: 0.0]
      [Object Copy (ms): Min: 0.1, Avg: 0.1, Max: 0.1, Diff: 0.1, Sum: 0.8]
      [Termination (ms): Min: 0.0, Avg: 0.0, Max: 0.0, Diff: 0.0, Sum: 0.1]
      [GC Worker Other (ms): Min: 0.0, Avg: 0.0, Max: 0.0, Diff: 0.0, Sum: 0.1]
      [GC Worker Total (ms): Min: 0.8, Avg: 0.8, Max: 0.9, Diff: 0.1, Sum: 6.7]
      [GC Worker End (ms): Min: 266852.1, Avg: 266852.1, Max: 266852.1, Diff: 0.0]
   [Code Root Fixup: 0.0 ms]
   [Code Root Migration: 0.0 ms]
   [Clear CT: 0.2 ms]
   [Other: 0.3 ms]
      [Choose CSet: 0.0 ms]
      [Ref Proc: 0.3 ms]
      [Ref Enq: 0.0 ms]
      [Free CSet: 0.0 ms]
   [Eden: 1024.0K(1024.0K)->0.0B(1024.0K) Survivors: 0.0B->1024.0K Heap: 6701.8K(8192.0K)->5918.3K(8192.0K)]
 [Times: user=0.01 sys=0.00, real=0.00 secs] 
266.853: Total time for which application threads were stopped: 0.0545870 seconds, Stopping threads took: 0.0531260 seconds
268.072: Application time: 1.2193940 seconds
268.120: [GC pause (young) (initial-mark) (to-space exhausted), 0.0010140 secs]
   [Parallel Time: 0.7 ms, GC Workers: 8]
      [GC Worker Start (ms): Min: 268119.8, Avg: 268119.8, Max: 268119.8, Diff: 0.1]
      [Ext Root Scanning (ms): Min: 0.4, Avg: 0.4, Max: 0.5, Diff: 0.1, Sum: 3.3]
      [Code Root Marking (ms): Min: 0.0, Avg: 0.0, Max: 0.0, Diff: 0.0, Sum: 0.0]
      [Update RS (ms): Min: 0.0, Avg: 0.0, Max: 0.0, Diff: 0.0, Sum: 0.0]
         [Processed Buffers: Min: 0, Avg: 1.0, Max: 3, Diff: 3, Sum: 8]
      [Scan RS (ms): Min: 0.0, Avg: 0.0, Max: 0.0, Diff: 0.0, Sum: 0.0]
      [Code Root Scanning (ms): Min: 0.0, Avg: 0.0, Max: 0.0, Diff: 0.0, Sum: 0.0]
      [Object Copy (ms): Min: 0.1, Avg: 0.2, Max: 0.2, Diff: 0.1, Sum: 1.2]
      [Termination (ms): Min: 0.0, Avg: 0.0, Max: 0.1, Diff: 0.1, Sum: 0.4]
      [GC Worker Other (ms): Min: 0.0, Avg: 0.0, Max: 0.0, Diff: 0.0, Sum: 0.0]
      [GC Worker Total (ms): Min: 0.6, Avg: 0.6, Max: 0.7, Diff: 0.1, Sum: 5.0]
      [GC Worker End (ms): Min: 268120.4, Avg: 268120.4, Max: 268120.4, Diff: 0.0]
   [Code Root Fixup: 0.0 ms]
   [Code Root Migration: 0.0 ms]
   [Clear CT: 0.1 ms]
   [Other: 0.2 ms]
      [Choose CSet: 0.0 ms]
      [Ref Proc: 0.1 ms]
      [Ref Enq: 0.0 ms]
      [Free CSet: 0.0 ms]
   [Eden: 1024.0K(1024.0K)->0.0B(1024.0K) Survivors: 1024.0K->0.0B Heap: 6942.3K(8192.0K)->6942.3K(8192.0K)]
 [Times: user=0.00 sys=0.00, real=0.00 secs] 
268.121: [GC concurrent-root-region-scan-start]
268.121: [GC concurrent-root-region-scan-end, 0.0000060 secs]
268.121: [GC concurrent-mark-start]
268.121: Total time for which application threads were stopped: 0.0488430 seconds, Stopping threads took: 0.0477180 seconds
268.121: Application time: 0.0000380 seconds
268.121: [GC pause (young), 0.0004940 secs]
   [Parallel Time: 0.4 ms, GC Workers: 8]
      [GC Worker Start (ms): Min: 268120.9, Avg: 268120.9, Max: 268121.2, Diff: 0.4]
      [Ext Root Scanning (ms): Min: 0.0, Avg: 0.2, Max: 0.3, Diff: 0.3, Sum: 1.8]
      [SATB Filtering (ms): Min: 0.0, Avg: 0.0, Max: 0.0, Diff: 0.0, Sum: 0.0]
      [Update RS (ms): Min: 0.0, Avg: 0.0, Max: 0.0, Diff: 0.0, Sum: 0.1]
         [Processed Buffers: Min: 0, Avg: 1.6, Max: 5, Diff: 5, Sum: 13]
      [Scan RS (ms): Min: 0.0, Avg: 0.0, Max: 0.0, Diff: 0.0, Sum: 0.0]
      [Code Root Scanning (ms): Min: 0.0, Avg: 0.0, Max: 0.0, Diff: 0.0, Sum: 0.0]
      [Object Copy (ms): Min: 0.0, Avg: 0.0, Max: 0.0, Diff: 0.0, Sum: 0.1]
      [Termination (ms): Min: 0.0, Avg: 0.1, Max: 0.1, Diff: 0.1, Sum: 0.4]
      [GC Worker Other (ms): Min: 0.0, Avg: 0.0, Max: 0.0, Diff: 0.0, Sum: 0.0]
      [GC Worker Total (ms): Min: 0.0, Avg: 0.3, Max: 0.4, Diff: 0.4, Sum: 2.5]
      [GC Worker End (ms): Min: 268121.2, Avg: 268121.2, Max: 268121.3, Diff: 0.0]
   [Code Root Fixup: 0.0 ms]
   [Code Root Migration: 0.0 ms]
   [Clear CT: 0.0 ms]
   [Other: 0.1 ms]
      [Choose CSet: 0.0 ms]
      [Ref Proc: 0.0 ms]
      [Ref Enq: 0.0 ms]
      [Free CSet: 0.0 ms]
   [Eden: 0.0B(1024.0K)->0.0B(1024.0K) Survivors: 0.0B->0.0B Heap: 6942.3K(8192.0K)->6942.3K(8192.0K)]
 [Times: user=0.00 sys=0.00, real=0.01 secs] 
268.121: Total time for which application threads were stopped: 0.0005580 seconds, Stopping threads took: 0.0000050 seconds
268.121: Application time: 0.0000310 seconds
268.121: [GC pause (young), 0.0004940 secs]
   [Parallel Time: 0.3 ms, GC Workers: 8]
      [GC Worker Start (ms): Min: 268121.5, Avg: 268121.5, Max: 268121.5, Diff: 0.0]
      [Ext Root Scanning (ms): Min: 0.2, Avg: 0.2, Max: 0.3, Diff: 0.0, Sum: 1.9]
      [SATB Filtering (ms): Min: 0.0, Avg: 0.0, Max: 0.0, Diff: 0.0, Sum: 0.0]
      [Update RS (ms): Min: 0.0, Avg: 0.0, Max: 0.0, Diff: 0.0, Sum: 0.0]
         [Processed Buffers: Min: 0, Avg: 0.1, Max: 1, Diff: 1, Sum: 1]
      [Scan RS (ms): Min: 0.0, Avg: 0.0, Max: 0.0, Diff: 0.0, Sum: 0.0]
      [Code Root Scanning (ms): Min: 0.0, Avg: 0.0, Max: 0.0, Diff: 0.0, Sum: 0.0]
      [Object Copy (ms): Min: 0.0, Avg: 0.0, Max: 0.0, Diff: 0.0, Sum: 0.1]
      [Termination (ms): Min: 0.0, Avg: 0.0, Max: 0.1, Diff: 0.1, Sum: 0.3]
      [GC Worker Other (ms): Min: 0.0, Avg: 0.0, Max: 0.0, Diff: 0.0, Sum: 0.0]
      [GC Worker Total (ms): Min: 0.3, Avg: 0.3, Max: 0.3, Diff: 0.0, Sum: 2.3]
      [GC Worker End (ms): Min: 268121.8, Avg: 268121.8, Max: 268121.8, Diff: 0.0]
   [Code Root Fixup: 0.0 ms]
   [Code Root Migration: 0.0 ms]
   [Clear CT: 0.0 ms]
   [Other: 0.1 ms]
      [Choose CSet: 0.0 ms]
      [Ref Proc: 0.1 ms]
      [Ref Enq: 0.0 ms]
      [Free CSet: 0.0 ms]
   [Eden: 0.0B(1024.0K)->0.0B(1024.0K) Survivors: 0.0B->0.0B Heap: 6942.3K(8192.0K)->6942.3K(8192.0K)]
 [Times: user=0.01 sys=0.00, real=0.00 secs] 
268.122: Total time for which application threads were stopped: 0.0005460 seconds, Stopping threads took: 0.0000040 seconds
268.122: Application time: 0.0000250 seconds
268.122: [GC pause (young), 0.0004170 secs]
   [Parallel Time: 0.3 ms, GC Workers: 8]
      [GC Worker Start (ms): Min: 268122.0, Avg: 268122.0, Max: 268122.1, Diff: 0.0]
      [Ext Root Scanning (ms): Min: 0.2, Avg: 0.2, Max: 0.3, Diff: 0.1, Sum: 1.8]
      [SATB Filtering (ms): Min: 0.0, Avg: 0.0, Max: 0.0, Diff: 0.0, Sum: 0.0]
      [Update RS (ms): Min: 0.0, Avg: 0.0, Max: 0.0, Diff: 0.0, Sum: 0.0]
         [Processed Buffers: Min: 0, Avg: 0.1, Max: 1, Diff: 1, Sum: 1]
      [Scan RS (ms): Min: 0.0, Avg: 0.0, Max: 0.0, Diff: 0.0, Sum: 0.0]
      [Code Root Scanning (ms): Min: 0.0, Avg: 0.0, Max: 0.0, Diff: 0.0, Sum: 0.0]
      [Object Copy (ms): Min: 0.0, Avg: 0.0, Max: 0.0, Diff: 0.0, Sum: 0.1]
      [Termination (ms): Min: 0.0, Avg: 0.0, Max: 0.0, Diff: 0.0, Sum: 0.3]
      [GC Worker Other (ms): Min: 0.0, Avg: 0.0, Max: 0.0, Diff: 0.0, Sum: 0.0]
      [GC Worker Total (ms): Min: 0.3, Avg: 0.3, Max: 0.3, Diff: 0.0, Sum: 2.2]
      [GC Worker End (ms): Min: 268122.3, Avg: 268122.3, Max: 268122.3, Diff: 0.0]
   [Code Root Fixup: 0.0 ms]
   [Code Root Migration: 0.0 ms]
   [Clear CT: 0.0 ms]
   [Other: 0.1 ms]
      [Choose CSet: 0.0 ms]
      [Ref Proc: 0.0 ms]
      [Ref Enq: 0.0 ms]
      [Free CSet: 0.0 ms]
   [Eden: 0.0B(1024.0K)->0.0B(1024.0K) Survivors: 0.0B->0.0B Heap: 6942.3K(8192.0K)->6942.3K(8192.0K)]
 [Times: user=0.00 sys=0.00, real=0.00 secs] 
268.122: Total time for which application threads were stopped: 0.0004740 seconds, Stopping threads took: 0.0000030 seconds
268.123: Application time: 0.0000230 seconds
268.123: [GC pause (young), 0.0004280 secs]
   [Parallel Time: 0.3 ms, GC Workers: 8]
      [GC Worker Start (ms): Min: 268122.5, Avg: 268122.5, Max: 268122.6, Diff: 0.0]
      [Ext Root Scanning (ms): Min: 0.2, Avg: 0.2, Max: 0.2, Diff: 0.0, Sum: 1.8]
      [SATB Filtering (ms): Min: 0.0, Avg: 0.0, Max: 0.0, Diff: 0.0, Sum: 0.0]
      [Update RS (ms): Min: 0.0, Avg: 0.0, Max: 0.0, Diff: 0.0, Sum: 0.0]
         [Processed Buffers: Min: 0, Avg: 0.1, Max: 1, Diff: 1, Sum: 1]
      [Scan RS (ms): Min: 0.0, Avg: 0.0, Max: 0.0, Diff: 0.0, Sum: 0.0]
      [Code Root Scanning (ms): Min: 0.0, Avg: 0.0, Max: 0.0, Diff: 0.0, Sum: 0.0]
      [Object Copy (ms): Min: 0.0, Avg: 0.0, Max: 0.0, Diff: 0.0, Sum: 0.1]
      [Termination (ms): Min: 0.0, Avg: 0.0, Max: 0.1, Diff: 0.1, Sum: 0.3]
      [GC Worker Other (ms): Min: 0.0, Avg: 0.0, Max: 0.0, Diff: 0.0, Sum: 0.0]
      [GC Worker Total (ms): Min: 0.3, Avg: 0.3, Max: 0.3, Diff: 0.0, Sum: 2.3]
      [GC Worker End (ms): Min: 268122.8, Avg: 268122.8, Max: 268122.8, Diff: 0.0]
   [Code Root Fixup: 0.0 ms]
   [Code Root Migration: 0.0 ms]
   [Clear CT: 0.0 ms]
   [Other: 0.1 ms]
      [Choose CSet: 0.0 ms]
      [Ref Proc: 0.0 ms]
      [Ref Enq: 0.0 ms]
      [Free CSet: 0.0 ms]
   [Eden: 0.0B(1024.0K)->0.0B(1024.0K) Survivors: 0.0B->0.0B Heap: 6942.3K(8192.0K)->6942.3K(8192.0K)]
 [Times: user=0.00 sys=0.00, real=0.00 secs] 
268.123: Total time for which application threads were stopped: 0.0004800 seconds, Stopping threads took: 0.0000040 seconds
268.123: Application time: 0.0000310 seconds
268.123: [Full GC 6942K->5679K(8192K), 0.0055460 secs]
   [Eden: 0.0B(1024.0K)->0.0B(1024.0K) Survivors: 0.0B->0.0B Heap: 6942.3K(8192.0K)->5679.3K(8192.0K)], [Perm: 5168K->5168K(20480K)]
 [Times: user=0.01 sys=0.00, real=0.00 secs] 
268.129: Total time for which application threads were stopped: 0.0056100 seconds, Stopping threads took: 0.0000040 seconds
268.129: [GC concurrent-mark-abort]
269.333: Application time: 1.2048100 seconds
269.387: [GC pause (young), 0.0012520 secs]
   [Parallel Time: 0.9 ms, GC Workers: 8]
      [GC Worker Start (ms): Min: 269387.5, Avg: 269387.6, Max: 269387.6, Diff: 0.1]
      [Ext Root Scanning (ms): Min: 0.7, Avg: 0.7, Max: 0.8, Diff: 0.1, Sum: 5.8]
      [Update RS (ms): Min: 0.0, Avg: 0.0, Max: 0.0, Diff: 0.0, Sum: 0.1]
         [Processed Buffers: Min: 0, Avg: 0.9, Max: 2, Diff: 2, Sum: 7]
      [Scan RS (ms): Min: 0.0, Avg: 0.0, Max: 0.0, Diff: 0.0, Sum: 0.0]
      [Code Root Scanning (ms): Min: 0.0, Avg: 0.0, Max: 0.0, Diff: 0.0, Sum: 0.0]
      [Object Copy (ms): Min: 0.1, Avg: 0.1, Max: 0.1, Diff: 0.1, Sum: 0.7]
      [Termination (ms): Min: 0.0, Avg: 0.0, Max: 0.0, Diff: 0.0, Sum: 0.1]
      [GC Worker Other (ms): Min: 0.0, Avg: 0.0, Max: 0.0, Diff: 0.0, Sum: 0.1]
      [GC Worker Total (ms): Min: 0.8, Avg: 0.8, Max: 0.9, Diff: 0.1, Sum: 6.7]
      [GC Worker End (ms): Min: 269388.4, Avg: 269388.4, Max: 269388.4, Diff: 0.0]
   [Code Root Fixup: 0.0 ms]
   [Code Root Migration: 0.0 ms]
   [Clear CT: 0.1 ms]
   [Other: 0.2 ms]
      [Choose CSet: 0.0 ms]
      [Ref Proc: 0.2 ms]
      [Ref Enq: 0.0 ms]
      [Free CSet: 0.0 ms]
   [Eden: 1024.0K(1024.0K)->0.0B(1024.0K) Survivors: 0.0B->1024.0K Heap: 6703.3K(8192.0K)->5919.8K(8192.0K)]
 [Times: user=0.00 sys=0.00, real=0.00 secs] 
269.390: Total time for which application threads were stopped: 0.0569040 seconds, Stopping threads took: 0.0539790 seconds
270.600: Application time: 1.2095260 seconds
270.652: [GC pause (young) (initial-mark) (to-space exhausted), 0.0009880 secs]
   [Parallel Time: 0.7 ms, GC Workers: 8]
      [GC Worker Start (ms): Min: 270652.1, Avg: 270652.2, Max: 270652.2, Diff: 0.1]
      [Ext Root Scanning (ms): Min: 0.4, Avg: 0.4, Max: 0.5, Diff: 0.1, Sum: 3.3]
      [Code Root Marking (ms): Min: 0.0, Avg: 0.0, Max: 0.0, Diff: 0.0, Sum: 0.0]
      [Update RS (ms): Min: 0.0, Avg: 0.0, Max: 0.0, Diff: 0.0, Sum: 0.1]
         [Processed Buffers: Min: 0, Avg: 1.1, Max: 2, Diff: 2, Sum: 9]
      [Scan RS (ms): Min: 0.0, Avg: 0.0, Max: 0.0, Diff: 0.0, Sum: 0.0]
      [Code Root Scanning (ms): Min: 0.0, Avg: 0.0, Max: 0.0, Diff: 0.0, Sum: 0.0]
      [Object Copy (ms): Min: 0.1, Avg: 0.2, Max: 0.2, Diff: 0.1, Sum: 1.4]
      [Termination (ms): Min: 0.0, Avg: 0.0, Max: 0.1, Diff: 0.1, Sum: 0.3]
      [GC Worker Other (ms): Min: 0.0, Avg: 0.0, Max: 0.0, Diff: 0.0, Sum: 0.0]
      [GC Worker Total (ms): Min: 0.6, Avg: 0.6, Max: 0.7, Diff: 0.1, Sum: 5.1]
      [GC Worker End (ms): Min: 270652.8, Avg: 270652.8, Max: 270652.8, Diff: 0.0]
   [Code Root Fixup: 0.0 ms]
   [Code Root Migration: 0.0 ms]
   [Clear CT: 0.0 ms]
   [Other: 0.2 ms]
      [Choose CSet: 0.0 ms]
      [Ref Proc: 0.1 ms]
      [Ref Enq: 0.0 ms]
      [Free CSet: 0.0 ms]
   [Eden: 1024.0K(1024.0K)->0.0B(1024.0K) Survivors: 1024.0K->0.0B Heap: 6943.8K(8192.0K)->6943.8K(8192.0K)]
 [Times: user=0.00 sys=0.00, real=0.00 secs] 
270.653: [GC concurrent-root-region-scan-start]
270.653: 270.653: [GC concurrent-root-region-scan-end, 0.0000040 secs]
Total time for which application threads were stopped: 0.0532650 seconds, Stopping threads took: 0.0521780 seconds
270.653: [GC concurrent-mark-start]
270.653: Application time: 0.0000370 seconds
270.653: [Full GC 6943K->5680K(8192K), 0.0058260 secs]
   [Eden: 0.0B(1024.0K)->0.0B(1024.0K) Survivors: 0.0B->0.0B Heap: 6943.8K(8192.0K)->5680.9K(8192.0K)], [Perm: 5168K->5168K(20480K)]
 [Times: user=0.01 sys=0.00, real=0.00 secs] 
270.659: Total time for which application threads were stopped: 0.0058950 seconds, Stopping threads took: 0.0000050 seconds
270.659: [GC concurrent-mark-abort]
271.878: Application time: 1.2192060 seconds
271.928: [GC pause (young), 0.0011630 secs]
   [Parallel Time: 0.9 ms, GC Workers: 8]
      [GC Worker Start (ms): Min: 271928.0, Avg: 271928.0, Max: 271928.0, Diff: 0.1]
      [Ext Root Scanning (ms): Min: 0.7, Avg: 0.8, Max: 0.8, Diff: 0.0, Sum: 6.1]
      [Update RS (ms): Min: 0.0, Avg: 0.0, Max: 0.0, Diff: 0.0, Sum: 0.1]
         [Processed Buffers: Min: 0, Avg: 1.0, Max: 2, Diff: 2, Sum: 8]
      [Scan RS (ms): Min: 0.0, Avg: 0.0, Max: 0.0, Diff: 0.0, Sum: 0.0]
      [Code Root Scanning (ms): Min: 0.0, Avg: 0.0, Max: 0.0, Diff: 0.0, Sum: 0.0]
      [Object Copy (ms): Min: 0.0, Avg: 0.1, Max: 0.1, Diff: 0.1, Sum: 0.7]
      [Termination (ms): Min: 0.0, Avg: 0.0, Max: 0.0, Diff: 0.0, Sum: 0.1]
      [GC Worker Other (ms): Min: 0.0, Avg: 0.0, Max: 0.0, Diff: 0.0, Sum: 0.0]
      [GC Worker Total (ms): Min: 0.8, Avg: 0.9, Max: 0.9, Diff: 0.1, Sum: 6.9]
      [GC Worker End (ms): Min: 271928.9, Avg: 271928.9, Max: 271928.9, Diff: 0.0]
   [Code Root Fixup: 0.0 ms]
   [Code Root Migration: 0.0 ms]
   [Clear CT: 0.1 ms]
   [Other: 0.2 ms]
      [Choose CSet: 0.0 ms]
      [Ref Proc: 0.1 ms]
      [Ref Enq: 0.0 ms]
      [Free CSet: 0.0 ms]
   [Eden: 1024.0K(1024.0K)->0.0B(1024.0K) Survivors: 0.0B->1024.0K Heap: 6704.9K(8192.0K)->5919.4K(8192.0K)]
 [Times: user=0.01 sys=0.00, real=0.00 secs] 
271.929: Total time for which application threads were stopped: 0.0508810 seconds, Stopping threads took: 0.0496050 seconds
273.271: Application time: 1.3416670 seconds
273.318: [GC pause (young) (initial-mark) (to-space exhausted), 0.0010040 secs]
   [Parallel Time: 0.7 ms, GC Workers: 8]
      [GC Worker Start (ms): Min: 273318.5, Avg: 273318.5, Max: 273318.6, Diff: 0.1]
      [Ext Root Scanning (ms): Min: 0.4, Avg: 0.4, Max: 0.4, Diff: 0.1, Sum: 3.2]
      [Code Root Marking (ms): Min: 0.0, Avg: 0.0, Max: 0.0, Diff: 0.0, Sum: 0.0]
      [Update RS (ms): Min: 0.0, Avg: 0.0, Max: 0.0, Diff: 0.0, Sum: 0.0]
         [Processed Buffers: Min: 0, Avg: 0.9, Max: 4, Diff: 4, Sum: 7]
      [Scan RS (ms): Min: 0.0, Avg: 0.0, Max: 0.0, Diff: 0.0, Sum: 0.0]
      [Code Root Scanning (ms): Min: 0.0, Avg: 0.0, Max: 0.0, Diff: 0.0, Sum: 0.0]
      [Object Copy (ms): Min: 0.1, Avg: 0.2, Max: 0.2, Diff: 0.1, Sum: 1.2]
      [Termination (ms): Min: 0.0, Avg: 0.0, Max: 0.1, Diff: 0.1, Sum: 0.2]
      [GC Worker Other (ms): Min: 0.0, Avg: 0.0, Max: 0.0, Diff: 0.0, Sum: 0.0]
      [GC Worker Total (ms): Min: 0.6, Avg: 0.6, Max: 0.6, Diff: 0.1, Sum: 4.8]
      [GC Worker End (ms): Min: 273319.1, Avg: 273319.1, Max: 273319.2, Diff: 0.0]
   [Code Root Fixup: 0.0 ms]
   [Code Root Migration: 0.0 ms]
   [Clear CT: 0.1 ms]
   [Other: 0.2 ms]
      [Choose CSet: 0.0 ms]
      [Ref Proc: 0.1 ms]
      [Ref Enq: 0.0 ms]
      [Free CSet: 0.0 ms]
   [Eden: 1024.0K(1024.0K)->0.0B(1024.0K) Survivors: 1024.0K->0.0B Heap: 6943.4K(8192.0K)->6943.4K(8192.0K)]
 [Times: user=0.01 sys=0.00, real=0.00 secs] 
273.320: [GC concurrent-root-region-scan-start]
273.320: 273.320: [GC concurrent-root-region-scan-end, 0.0000040 secs]
Total time for which application threads were stopped: 0.0487110 seconds, Stopping threads took: 0.0476060 seconds
273.320: [GC concurrent-mark-start]
273.320: Application time: 0.0000400 seconds
273.320: [GC pause (young), 0.0004570 secs]
   [Parallel Time: 0.3 ms, GC Workers: 8]
      [GC Worker Start (ms): Min: 273319.6, Avg: 273319.6, Max: 273319.6, Diff: 0.0]
      [Ext Root Scanning (ms): Min: 0.2, Avg: 0.2, Max: 0.3, Diff: 0.1, Sum: 2.0]
      [Update RS (ms): Min: 0.0, Avg: 0.0, Max: 0.0, Diff: 0.0, Sum: 0.1]
         [Processed Buffers: Min: 0, Avg: 1.8, Max: 8, Diff: 8, Sum: 14]
      [Scan RS (ms): Min: 0.0, Avg: 0.0, Max: 0.0, Diff: 0.0, Sum: 0.0]
      [Code Root Scanning (ms): Min: 0.0, Avg: 0.0, Max: 0.0, Diff: 0.0, Sum: 0.0]
      [Object Copy (ms): Min: 0.0, Avg: 0.0, Max: 0.0, Diff: 0.0, Sum: 0.1]
      [Termination (ms): Min: 0.0, Avg: 0.0, Max: 0.0, Diff: 0.0, Sum: 0.2]
      [GC Worker Other (ms): Min: 0.0, Avg: 0.0, Max: 0.0, Diff: 0.0, Sum: 0.0]
      [GC Worker Total (ms): Min: 0.3, Avg: 0.3, Max: 0.3, Diff: 0.0, Sum: 2.4]
      [GC Worker End (ms): Min: 273319.9, Avg: 273319.9, Max: 273319.9, Diff: 0.0]
   [Code Root Fixup: 0.0 ms]
   [Code Root Migration: 0.0 ms]
   [Clear CT: 0.0 ms]
   [Other: 0.1 ms]
      [Choose CSet: 0.0 ms]
      [Ref Proc: 0.1 ms]
      [Ref Enq: 0.0 ms]
      [Free CSet: 0.0 ms]
   [Eden: 0.0B(1024.0K)->0.0B(1024.0K) Survivors: 0.0B->0.0B Heap: 6943.4K(8192.0K)->6943.4K(8192.0K)]
 [Times: user=0.00 sys=0.00, real=0.00 secs] 
273.320: Total time for which application threads were stopped: 0.0005190 seconds, Stopping threads took: 0.0000060 seconds
273.320: Application time: 0.0000320 seconds
273.320: [GC pause (young), 0.0004200 secs]
   [Parallel Time: 0.3 ms, GC Workers: 8]
      [GC Worker Start (ms): Min: 273320.2, Avg: 273320.2, Max: 273320.2, Diff: 0.0]
      [Ext Root Scanning (ms): Min: 0.2, Avg: 0.2, Max: 0.3, Diff: 0.1, Sum: 1.8]
      [SATB Filtering (ms): Min: 0.0, Avg: 0.0, Max: 0.0, Diff: 0.0, Sum: 0.0]
      [Update RS (ms): Min: 0.0, Avg: 0.0, Max: 0.0, Diff: 0.0, Sum: 0.0]
         [Processed Buffers: Min: 0, Avg: 0.1, Max: 1, Diff: 1, Sum: 1]
      [Scan RS (ms): Min: 0.0, Avg: 0.0, Max: 0.0, Diff: 0.0, Sum: 0.0]
      [Code Root Scanning (ms): Min: 0.0, Avg: 0.0, Max: 0.0, Diff: 0.0, Sum: 0.0]
      [Object Copy (ms): Min: 0.0, Avg: 0.0, Max: 0.0, Diff: 0.0, Sum: 0.1]
      [Termination (ms): Min: 0.0, Avg: 0.0, Max: 0.1, Diff: 0.1, Sum: 0.3]
      [GC Worker Other (ms): Min: 0.0, Avg: 0.0, Max: 0.0, Diff: 0.0, Sum: 0.0]
      [GC Worker Total (ms): Min: 0.3, Avg: 0.3, Max: 0.3, Diff: 0.0, Sum: 2.3]
      [GC Worker End (ms): Min: 273320.5, Avg: 273320.5, Max: 273320.5, Diff: 0.0]
   [Code Root Fixup: 0.0 ms]
   [Code Root Migration: 0.0 ms]
   [Clear CT: 0.0 ms]
   [Other: 0.1 ms]
      [Choose CSet: 0.0 ms]
      [Ref Proc: 0.1 ms]
      [Ref Enq: 0.0 ms]
      [Free CSet: 0.0 ms]
   [Eden: 0.0B(1024.0K)->0.0B(1024.0K) Survivors: 0.0B->0.0B Heap: 6943.4K(8192.0K)->6943.4K(8192.0K)]
 [Times: user=0.00 sys=0.00, real=0.00 secs] 
273.321: Total time for which application threads were stopped: 0.0004820 seconds, Stopping threads took: 0.0000030 seconds
273.321: Application time: 0.0000270 seconds
273.321: [Full GC 6943K->5674K(8192K), 0.0055810 secs]
   [Eden: 0.0B(1024.0K)->0.0B(1024.0K) Survivors: 0.0B->0.0B Heap: 6943.4K(8192.0K)->5674.3K(8192.0K)], [Perm: 5168K->5168K(20480K)]
 [Times: user=0.01 sys=0.00, real=0.01 secs] 
273.326: Total time for which application threads were stopped: 0.0056420 seconds, Stopping threads took: 0.0000030 seconds
273.326: [GC concurrent-mark-abort]
273.333: Application time: 0.0070940 seconds
273.385: Total time for which application threads were stopped: 0.0512690 seconds, Stopping threads took: 0.0512540 seconds
274.360: Application time: 0.9752590 seconds
274.412: [GC pause (young), 0.0012790 secs]
   [Parallel Time: 0.9 ms, GC Workers: 8]
      [GC Worker Start (ms): Min: 274412.2, Avg: 274412.3, Max: 274412.3, Diff: 0.1]
      [Ext Root Scanning (ms): Min: 0.7, Avg: 0.7, Max: 0.8, Diff: 0.1, Sum: 5.9]
      [Update RS (ms): Min: 0.0, Avg: 0.0, Max: 0.0, Diff: 0.0, Sum: 0.1]
         [Processed Buffers: Min: 0, Avg: 1.0, Max: 2, Diff: 2, Sum: 8]
      [Scan RS (ms): Min: 0.0, Avg: 0.0, Max: 0.0, Diff: 0.0, Sum: 0.0]
      [Code Root Scanning (ms): Min: 0.0, Avg: 0.0, Max: 0.0, Diff: 0.0, Sum: 0.0]
      [Object Copy (ms): Min: 0.1, Avg: 0.1, Max: 0.1, Diff: 0.0, Sum: 0.7]
      [Termination (ms): Min: 0.0, Avg: 0.0, Max: 0.0, Diff: 0.0, Sum: 0.1]
      [GC Worker Other (ms): Min: 0.0, Avg: 0.0, Max: 0.0, Diff: 0.0, Sum: 0.0]
      [GC Worker Total (ms): Min: 0.8, Avg: 0.8, Max: 0.9, Diff: 0.1, Sum: 6.8]
      [GC Worker End (ms): Min: 274413.1, Avg: 274413.1, Max: 274413.1, Diff: 0.0]
   [Code Root Fixup: 0.0 ms]
   [Code Root Migration: 0.0 ms]
   [Clear CT: 0.2 ms]
   [Other: 0.1 ms]
      [Choose CSet: 0.0 ms]
      [Ref Proc: 0.1 ms]
      [Ref Enq: 0.0 ms]
      [Free CSet: 0.0 ms]
   [Eden: 1024.0K(1024.0K)->0.0B(1024.0K) Survivors: 0.0B->1024.0K Heap: 6698.3K(8192.0K)->5904.8K(8192.0K)]
 [Times: user=0.01 sys=0.00, real=0.00 secs] 
274.415: Total time for which application threads were stopped: 0.0550680 seconds, Stopping threads took: 0.0522200 seconds
275.695: Application time: 1.2800660 seconds
275.741: [GC pause (young) (initial-mark) (to-space exhausted), 0.0012730 secs]
   [Parallel Time: 0.9 ms, GC Workers: 8]
      [GC Worker Start (ms): Min: 275740.8, Avg: 275740.8, Max: 275740.9, Diff: 0.1]
      [Ext Root Scanning (ms): Min: 0.3, Avg: 0.4, Max: 0.5, Diff: 0.2, Sum: 3.3]
      [Code Root Marking (ms): Min: 0.0, Avg: 0.0, Max: 0.0, Diff: 0.0, Sum: 0.0]
      [Update RS (ms): Min: 0.0, Avg: 0.0, Max: 0.0, Diff: 0.0, Sum: 0.1]
         [Processed Buffers: Min: 0, Avg: 1.1, Max: 3, Diff: 3, Sum: 9]
      [Scan RS (ms): Min: 0.0, Avg: 0.0, Max: 0.0, Diff: 0.0, Sum: 0.0]
      [Code Root Scanning (ms): Min: 0.0, Avg: 0.0, Max: 0.0, Diff: 0.0, Sum: 0.0]
      [Object Copy (ms): Min: 0.1, Avg: 0.2, Max: 0.3, Diff: 0.2, Sum: 1.4]
      [Termination (ms): Min: 0.0, Avg: 0.0, Max: 0.1, Diff: 0.1, Sum: 0.3]
      [GC Worker Other (ms): Min: 0.0, Avg: 0.0, Max: 0.0, Diff: 0.0, Sum: 0.0]
      [GC Worker Total (ms): Min: 0.6, Avg: 0.6, Max: 0.7, Diff: 0.1, Sum: 5.1]
      [GC Worker End (ms): Min: 275741.5, Avg: 275741.5, Max: 275741.5, Diff: 0.0]
   [Code Root Fixup: 0.0 ms]
   [Code Root Migration: 0.0 ms]
   [Clear CT: 0.2 ms]
   [Other: 0.2 ms]
      [Choose CSet: 0.0 ms]
      [Ref Proc: 0.1 ms]
      [Ref Enq: 0.0 ms]
      [Free CSet: 0.0 ms]
   [Eden: 1024.0K(1024.0K)->0.0B(1024.0K) Survivors: 1024.0K->0.0B Heap: 6928.8K(8192.0K)->6928.8K(8192.0K)]
 [Times: user=0.01 sys=0.00, real=0.01 secs] 
275.742: [GC concurrent-root-region-scan-start]
275.742: [GC concurrent-root-region-scan-end, 0.0000060 secs]
275.742: 275.742: [GC concurrent-mark-start]
Total time for which application threads were stopped: 0.0470490 seconds, Stopping threads took: 0.0456450 seconds
275.742: Application time: 0.0000390 seconds
275.742: [GC pause (young), 0.0005180 secs]
   [Parallel Time: 0.3 ms, GC Workers: 8]
      [GC Worker Start (ms): Min: 275742.2, Avg: 275742.2, Max: 275742.2, Diff: 0.0]
      [Ext Root Scanning (ms): Min: 0.2, Avg: 0.3, Max: 0.3, Diff: 0.0, Sum: 2.0]
      [SATB Filtering (ms): Min: 0.0, Avg: 0.0, Max: 0.0, Diff: 0.0, Sum: 0.0]
      [Update RS (ms): Min: 0.0, Avg: 0.0, Max: 0.0, Diff: 0.0, Sum: 0.1]
         [Processed Buffers: Min: 0, Avg: 1.9, Max: 6, Diff: 6, Sum: 15]
      [Scan RS (ms): Min: 0.0, Avg: 0.0, Max: 0.0, Diff: 0.0, Sum: 0.0]
      [Code Root Scanning (ms): Min: 0.0, Avg: 0.0, Max: 0.0, Diff: 0.0, Sum: 0.0]
      [Object Copy (ms): Min: 0.0, Avg: 0.0, Max: 0.0, Diff: 0.0, Sum: 0.1]
      [Termination (ms): Min: 0.0, Avg: 0.0, Max: 0.0, Diff: 0.0, Sum: 0.2]
      [GC Worker Other (ms): Min: 0.0, Avg: 0.0, Max: 0.0, Diff: 0.0, Sum: 0.0]
      [GC Worker Total (ms): Min: 0.3, Avg: 0.3, Max: 0.3, Diff: 0.0, Sum: 2.4]
      [GC Worker End (ms): Min: 275742.5, Avg: 275742.5, Max: 275742.5, Diff: 0.0]
   [Code Root Fixup: 0.0 ms]
   [Code Root Migration: 0.0 ms]
   [Clear CT: 0.0 ms]
   [Other: 0.1 ms]
      [Choose CSet: 0.0 ms]
      [Ref Proc: 0.1 ms]
      [Ref Enq: 0.0 ms]
      [Free CSet: 0.0 ms]
   [Eden: 0.0B(1024.0K)->0.0B(1024.0K) Survivors: 0.0B->0.0B Heap: 6928.8K(8192.0K)->6928.8K(8192.0K)]
 [Times: user=0.00 sys=0.00, real=0.00 secs] 
275.743: Total time for which application threads were stopped: 0.0005780 seconds, Stopping threads took: 0.0000050 seconds
275.743: Application time: 0.0000270 seconds
275.743: [GC pause (young), 0.0005420 secs]
   [Parallel Time: 0.4 ms, GC Workers: 8]
      [GC Worker Start (ms): Min: 275742.8, Avg: 275742.9, Max: 275743.1, Diff: 0.3]
      [Ext Root Scanning (ms): Min: 0.0, Avg: 0.2, Max: 0.3, Diff: 0.3, Sum: 1.3]
      [Update RS (ms): Min: 0.0, Avg: 0.0, Max: 0.0, Diff: 0.0, Sum: 0.0]
         [Processed Buffers: Min: 0, Avg: 0.1, Max: 1, Diff: 1, Sum: 1]
      [Scan RS (ms): Min: 0.0, Avg: 0.0, Max: 0.0, Diff: 0.0, Sum: 0.0]
      [Code Root Scanning (ms): Min: 0.0, Avg: 0.0, Max: 0.0, Diff: 0.0, Sum: 0.0]
      [Object Copy (ms): Min: 0.0, Avg: 0.0, Max: 0.0, Diff: 0.0, Sum: 0.1]
      [Termination (ms): Min: 0.0, Avg: 0.0, Max: 0.1, Diff: 0.1, Sum: 0.4]
      [GC Worker Other (ms): Min: 0.0, Avg: 0.0, Max: 0.0, Diff: 0.0, Sum: 0.0]
      [GC Worker Total (ms): Min: 0.0, Avg: 0.2, Max: 0.4, Diff: 0.4, Sum: 1.8]
      [GC Worker End (ms): Min: 275743.1, Avg: 275743.1, Max: 275743.2, Diff: 0.0]
   [Code Root Fixup: 0.0 ms]
   [Code Root Migration: 0.0 ms]
   [Clear CT: 0.0 ms]
   [Other: 0.1 ms]
      [Choose CSet: 0.0 ms]
      [Ref Proc: 0.1 ms]
      [Ref Enq: 0.0 ms]
      [Free CSet: 0.0 ms]
   [Eden: 0.0B(1024.0K)->0.0B(1024.0K) Survivors: 0.0B->0.0B Heap: 6928.8K(8192.0K)->6928.8K(8192.0K)]
 [Times: user=0.00 sys=0.00, real=0.00 secs] 
275.743: Total time for which application threads were stopped: 0.0005950 seconds, Stopping threads took: 0.0000040 seconds
275.743: Application time: 0.0000240 seconds
275.743: [Full GC 6928K->5700K(8192K), 0.0055790 secs]
   [Eden: 0.0B(1024.0K)->0.0B(1024.0K) Survivors: 0.0B->0.0B Heap: 6928.8K(8192.0K)->5700.2K(8192.0K)], [Perm: 5169K->5169K(20480K)]
 [Times: user=0.01 sys=0.00, real=0.00 secs] 
275.749: Total time for which application threads were stopped: 0.0056500 seconds, Stopping threads took: 0.0000040 seconds
275.749: [GC concurrent-mark-abort]
275.753: Application time: 0.0043540 seconds
275.808: Total time for which application threads were stopped: 0.0547680 seconds, Stopping threads took: 0.0547540 seconds
277.128: Application time: 1.3194820 seconds
277.162: [GC pause (young), 0.0013080 secs]
   [Parallel Time: 0.9 ms, GC Workers: 8]
      [GC Worker Start (ms): Min: 277162.3, Avg: 277162.4, Max: 277162.4, Diff: 0.1]
      [Ext Root Scanning (ms): Min: 0.7, Avg: 0.7, Max: 0.8, Diff: 0.1, Sum: 5.8]
      [Update RS (ms): Min: 0.0, Avg: 0.0, Max: 0.0, Diff: 0.0, Sum: 0.1]
         [Processed Buffers: Min: 0, Avg: 1.0, Max: 3, Diff: 3, Sum: 8]
      [Scan RS (ms): Min: 0.0, Avg: 0.0, Max: 0.0, Diff: 0.0, Sum: 0.0]
      [Code Root Scanning (ms): Min: 0.0, Avg: 0.0, Max: 0.0, Diff: 0.0, Sum: 0.0]
      [Object Copy (ms): Min: 0.0, Avg: 0.1, Max: 0.1, Diff: 0.1, Sum: 0.6]
      [Termination (ms): Min: 0.0, Avg: 0.0, Max: 0.0, Diff: 0.0, Sum: 0.1]
      [GC Worker Other (ms): Min: 0.0, Avg: 0.0, Max: 0.0, Diff: 0.0, Sum: 0.0]
      [GC Worker Total (ms): Min: 0.8, Avg: 0.8, Max: 0.9, Diff: 0.1, Sum: 6.7]
      [GC Worker End (ms): Min: 277163.2, Avg: 277163.2, Max: 277163.2, Diff: 0.0]
   [Code Root Fixup: 0.0 ms]
   [Code Root Migration: 0.0 ms]
   [Clear CT: 0.1 ms]
   [Other: 0.2 ms]
      [Choose CSet: 0.0 ms]
      [Ref Proc: 0.2 ms]
      [Ref Enq: 0.0 ms]
      [Free CSet: 0.0 ms]
   [Eden: 1024.0K(1024.0K)->0.0B(1024.0K) Survivors: 0.0B->1024.0K Heap: 6724.2K(8192.0K)->5906.6K(8192.0K)]
 [Times: user=0.01 sys=0.00, real=0.00 secs] 
277.164: Total time for which application threads were stopped: 0.0360370 seconds, Stopping threads took: 0.0346140 seconds
278.316: Application time: 1.1518620 seconds
278.370: [GC pause (young) (initial-mark) (to-space exhausted), 0.0009970 secs]
   [Parallel Time: 0.8 ms, GC Workers: 8]
      [GC Worker Start (ms): Min: 278370.0, Avg: 278370.0, Max: 278370.0, Diff: 0.1]
      [Ext Root Scanning (ms): Min: 0.4, Avg: 0.4, Max: 0.5, Diff: 0.1, Sum: 3.3]
      [Code Root Marking (ms): Min: 0.0, Avg: 0.0, Max: 0.0, Diff: 0.0, Sum: 0.0]
      [Update RS (ms): Min: 0.0, Avg: 0.0, Max: 0.0, Diff: 0.0, Sum: 0.1]
         [Processed Buffers: Min: 0, Avg: 1.0, Max: 2, Diff: 2, Sum: 8]
      [Scan RS (ms): Min: 0.0, Avg: 0.0, Max: 0.0, Diff: 0.0, Sum: 0.0]
      [Code Root Scanning (ms): Min: 0.0, Avg: 0.0, Max: 0.0, Diff: 0.0, Sum: 0.0]
      [Object Copy (ms): Min: 0.1, Avg: 0.2, Max: 0.2, Diff: 0.1, Sum: 1.5]
      [Termination (ms): Min: 0.0, Avg: 0.1, Max: 0.1, Diff: 0.1, Sum: 0.5]
      [GC Worker Other (ms): Min: 0.0, Avg: 0.0, Max: 0.0, Diff: 0.0, Sum: 0.0]
      [GC Worker Total (ms): Min: 0.6, Avg: 0.7, Max: 0.7, Diff: 0.1, Sum: 5.4]
      [GC Worker End (ms): Min: 278370.7, Avg: 278370.7, Max: 278370.7, Diff: 0.0]
   [Code Root Fixup: 0.0 ms]
   [Code Root Migration: 0.0 ms]
   [Clear CT: 0.0 ms]
   [Other: 0.2 ms]
      [Choose CSet: 0.0 ms]
      [Ref Proc: 0.1 ms]
      [Ref Enq: 0.0 ms]
      [Free CSet: 0.0 ms]
   [Eden: 1024.0K(1024.0K)->0.0B(1024.0K) Survivors: 1024.0K->0.0B Heap: 6930.6K(8192.0K)->6930.6K(8192.0K)]
 [Times: user=0.00 sys=0.00, real=0.00 secs] 
278.371: [GC concurrent-root-region-scan-start]
278.371: [GC concurrent-root-region-scan-end, 0.0000050 secs]
278.371: 278.371: [GC concurrent-mark-start]
Total time for which application threads were stopped: 0.0554540 seconds, Stopping threads took: 0.0543560 seconds
278.372: [GC concurrent-mark-end, 0.0008610 secs]
278.372: Application time: 0.0008860 seconds
278.372: [Full GC 6930K->5677K(8192K), 0.0058290 secs]
   [Eden: 0.0B(1024.0K)->0.0B(1024.0K) Survivors: 0.0B->0.0B Heap: 6930.6K(8192.0K)->5677.4K(8192.0K)], [Perm: 5171K->5171K(20480K)]
 [Times: user=0.01 sys=0.00, real=0.00 secs] 
278.378: Total time for which application threads were stopped: 0.0058950 seconds, Stopping threads took: 0.0000060 seconds
278.378: Application time: 0.0000680 seconds
278.378: [GC remark, 0.0000130 secs]
 [Times: user=0.00 sys=0.00, real=0.00 secs] 
278.378: Total time for which application threads were stopped: 0.0000720 seconds, Stopping threads took: 0.0000410 seconds
278.378: [GC concurrent-mark-abort]
279.589: Application time: 1.2115040 seconds
279.646: [GC pause (young), 0.0018350 secs]
   [Parallel Time: 1.2 ms, GC Workers: 8]
      [GC Worker Start (ms): Min: 279646.0, Avg: 279646.0, Max: 279646.1, Diff: 0.1]
      [Ext Root Scanning (ms): Min: 0.7, Avg: 0.7, Max: 0.8, Diff: 0.1, Sum: 5.7]
      [Update RS (ms): Min: 0.0, Avg: 0.0, Max: 0.0, Diff: 0.0, Sum: 0.1]
         [Processed Buffers: Min: 0, Avg: 1.0, Max: 2, Diff: 2, Sum: 8]
      [Scan RS (ms): Min: 0.0, Avg: 0.0, Max: 0.0, Diff: 0.0, Sum: 0.0]
      [Code Root Scanning (ms): Min: 0.0, Avg: 0.0, Max: 0.0, Diff: 0.0, Sum: 0.0]
      [Object Copy (ms): Min: 0.1, Avg: 0.1, Max: 0.1, Diff: 0.0, Sum: 0.7]
      [Termination (ms): Min: 0.0, Avg: 0.0, Max: 0.0, Diff: 0.0, Sum: 0.1]
      [GC Worker Other (ms): Min: 0.0, Avg: 0.0, Max: 0.0, Diff: 0.0, Sum: 0.1]
      [GC Worker Total (ms): Min: 0.8, Avg: 0.8, Max: 0.9, Diff: 0.1, Sum: 6.6]
      [GC Worker End (ms): Min: 279646.9, Avg: 279646.9, Max: 279646.9, Diff: 0.0]
   [Code Root Fixup: 0.0 ms]
   [Code Root Migration: 0.0 ms]
   [Clear CT: 0.3 ms]
   [Other: 0.3 ms]
      [Choose CSet: 0.0 ms]
      [Ref Proc: 0.3 ms]
      [Ref Enq: 0.0 ms]
      [Free CSet: 0.0 ms]
   [Eden: 1024.0K(1024.0K)->0.0B(1024.0K) Survivors: 0.0B->1024.0K Heap: 6701.4K(8192.0K)->5925.9K(8192.0K)]
 [Times: user=0.01 sys=0.00, real=0.00 secs] 
279.649: Total time for which application threads were stopped: 0.0598980 seconds, Stopping threads took: 0.0564440 seconds
280.855: Application time: 1.2059890 seconds
280.910: [GC pause (young) (initial-mark) (to-space exhausted), 0.0014350 secs]
   [Parallel Time: 1.0 ms, GC Workers: 8]
      [GC Worker Start (ms): Min: 280909.8, Avg: 280909.9, Max: 280909.9, Diff: 0.1]
      [Ext Root Scanning (ms): Min: 0.4, Avg: 0.4, Max: 0.5, Diff: 0.1, Sum: 3.3]
      [Code Root Marking (ms): Min: 0.0, Avg: 0.0, Max: 0.0, Diff: 0.0, Sum: 0.0]
      [Update RS (ms): Min: 0.0, Avg: 0.0, Max: 0.0, Diff: 0.0, Sum: 0.1]
         [Processed Buffers: Min: 0, Avg: 1.0, Max: 4, Diff: 4, Sum: 8]
      [Scan RS (ms): Min: 0.0, Avg: 0.0, Max: 0.0, Diff: 0.0, Sum: 0.0]
      [Code Root Scanning (ms): Min: 0.0, Avg: 0.0, Max: 0.0, Diff: 0.0, Sum: 0.0]
      [Object Copy (ms): Min: 0.2, Avg: 0.2, Max: 0.2, Diff: 0.1, Sum: 1.7]
      [Termination (ms): Min: 0.0, Avg: 0.1, Max: 0.1, Diff: 0.1, Sum: 0.5]
      [GC Worker Other (ms): Min: 0.0, Avg: 0.0, Max: 0.0, Diff: 0.0, Sum: 0.0]
      [GC Worker Total (ms): Min: 0.7, Avg: 0.7, Max: 0.7, Diff: 0.1, Sum: 5.6]
      [GC Worker End (ms): Min: 280910.5, Avg: 280910.6, Max: 280910.6, Diff: 0.0]
   [Code Root Fixup: 0.0 ms]
   [Code Root Migration: 0.0 ms]
   [Clear CT: 0.2 ms]
   [Other: 0.3 ms]
      [Choose CSet: 0.0 ms]
      [Ref Proc: 0.2 ms]
      [Ref Enq: 0.0 ms]
      [Free CSet: 0.0 ms]
   [Eden: 1024.0K(1024.0K)->0.0B(1024.0K) Survivors: 1024.0K->0.0B Heap: 6949.9K(8192.0K)->6949.9K(8192.0K)]
 [Times: user=0.00 sys=0.00, real=0.00 secs] 
280.911: [GC concurrent-root-region-scan-start]
280.911: [GC concurrent-root-region-scan-end, 0.0000060 secs]
280.911: 280.911: [GC concurrent-mark-start]
Total time for which application threads were stopped: 0.0559640 seconds, Stopping threads took: 0.0544050 seconds
280.911: Application time: 0.0000370 seconds
280.911: [Full GC 6949K->5678K(8192K), 0.0058000 secs]
   [Eden: 0.0B(1024.0K)->0.0B(1024.0K) Survivors: 0.0B->0.0B Heap: 6949.9K(8192.0K)->5678.8K(8192.0K)], [Perm: 5171K->5171K(20480K)]
 [Times: user=0.01 sys=0.00, real=0.00 secs] 
280.917: Total time for which application threads were stopped: 0.0058690 seconds, Stopping threads took: 0.0000060 seconds
280.917: [GC concurrent-mark-abort]
282.128: Application time: 1.2106510 seconds
282.179: [GC pause (young), 0.0012690 secs]
   [Parallel Time: 0.9 ms, GC Workers: 8]
      [GC Worker Start (ms): Min: 282179.4, Avg: 282179.5, Max: 282179.5, Diff: 0.1]
      [Ext Root Scanning (ms): Min: 0.7, Avg: 0.7, Max: 0.8, Diff: 0.1, Sum: 5.9]
      [Update RS (ms): Min: 0.0, Avg: 0.0, Max: 0.0, Diff: 0.0, Sum: 0.1]
         [Processed Buffers: Min: 0, Avg: 1.0, Max: 2, Diff: 2, Sum: 8]
      [Scan RS (ms): Min: 0.0, Avg: 0.0, Max: 0.0, Diff: 0.0, Sum: 0.0]
      [Code Root Scanning (ms): Min: 0.0, Avg: 0.0, Max: 0.0, Diff: 0.0, Sum: 0.0]
      [Object Copy (ms): Min: 0.1, Avg: 0.1, Max: 0.1, Diff: 0.0, Sum: 0.7]
      [Termination (ms): Min: 0.0, Avg: 0.0, Max: 0.0, Diff: 0.0, Sum: 0.1]
      [GC Worker Other (ms): Min: 0.0, Avg: 0.0, Max: 0.0, Diff: 0.0, Sum: 0.1]
      [GC Worker Total (ms): Min: 0.8, Avg: 0.8, Max: 0.9, Diff: 0.1, Sum: 6.8]
      [GC Worker End (ms): Min: 282180.3, Avg: 282180.3, Max: 282180.3, Diff: 0.0]
   [Code Root Fixup: 0.0 ms]
   [Code Root Migration: 0.0 ms]
   [Clear CT: 0.2 ms]
   [Other: 0.2 ms]
      [Choose CSet: 0.0 ms]
      [Ref Proc: 0.1 ms]
      [Ref Enq: 0.0 ms]
      [Free CSet: 0.0 ms]
   [Eden: 1024.0K(1024.0K)->0.0B(1024.0K) Survivors: 0.0B->1024.0K Heap: 6702.8K(8192.0K)->5903.3K(8192.0K)]
 [Times: user=0.01 sys=0.00, real=0.00 secs] 
282.181: Total time for which application threads were stopped: 0.0528550 seconds, Stopping threads took: 0.0514600 seconds
283.447: Application time: 1.2658620 seconds
283.501: [GC pause (young) (initial-mark) (to-space exhausted), 0.0009860 secs]
   [Parallel Time: 0.7 ms, GC Workers: 8]
      [GC Worker Start (ms): Min: 283501.4, Avg: 283501.4, Max: 283501.5, Diff: 0.1]
      [Ext Root Scanning (ms): Min: 0.4, Avg: 0.4, Max: 0.5, Diff: 0.1, Sum: 3.4]
      [Code Root Marking (ms): Min: 0.0, Avg: 0.0, Max: 0.0, Diff: 0.0, Sum: 0.0]
      [Update RS (ms): Min: 0.0, Avg: 0.0, Max: 0.0, Diff: 0.0, Sum: 0.1]
         [Processed Buffers: Min: 0, Avg: 1.1, Max: 3, Diff: 3, Sum: 9]
      [Scan RS (ms): Min: 0.0, Avg: 0.0, Max: 0.0, Diff: 0.0, Sum: 0.0]
      [Code Root Scanning (ms): Min: 0.0, Avg: 0.0, Max: 0.0, Diff: 0.0, Sum: 0.0]
      [Object Copy (ms): Min: 0.1, Avg: 0.1, Max: 0.2, Diff: 0.1, Sum: 1.2]
      [Termination (ms): Min: 0.0, Avg: 0.0, Max: 0.1, Diff: 0.1, Sum: 0.3]
      [GC Worker Other (ms): Min: 0.0, Avg: 0.0, Max: 0.0, Diff: 0.0, Sum: 0.0]
      [GC Worker Total (ms): Min: 0.6, Avg: 0.6, Max: 0.7, Diff: 0.1, Sum: 4.9]
      [GC Worker End (ms): Min: 283502.1, Avg: 283502.1, Max: 283502.1, Diff: 0.0]
   [Code Root Fixup: 0.0 ms]
   [Code Root Migration: 0.0 ms]
   [Clear CT: 0.0 ms]
   [Other: 0.2 ms]
      [Choose CSet: 0.0 ms]
      [Ref Proc: 0.1 ms]
      [Ref Enq: 0.0 ms]
      [Free CSet: 0.0 ms]
   [Eden: 1024.0K(1024.0K)->0.0B(1024.0K) Survivors: 1024.0K->0.0B Heap: 6927.3K(8192.0K)->6927.3K(8192.0K)]
 [Times: user=0.01 sys=0.00, real=0.01 secs] 
283.502: [GC concurrent-root-region-scan-start]
283.502: [GC concurrent-root-region-scan-end, 0.0000050 secs]
283.502: [GC concurrent-mark-start]
283.502: Total time for which application threads were stopped: 0.0558650 seconds, Stopping threads took: 0.0547710 seconds
283.502: Application time: 0.0000500 seconds
283.502: [Full GC 6927K->5688K(8192K), 0.0059560 secs]
   [Eden: 0.0B(1024.0K)->0.0B(1024.0K) Survivors: 0.0B->0.0B Heap: 6927.3K(8192.0K)->5688.4K(8192.0K)], [Perm: 5171K->5171K(20480K)]
 [Times: user=0.00 sys=0.00, real=0.00 secs] 
283.509: Total time for which application threads were stopped: 0.0060240 seconds, Stopping threads took: 0.0000060 seconds
283.509: [GC concurrent-mark-abort]
284.828: Application time: 1.3199420 seconds
284.880: [GC pause (young), 0.0013050 secs]
   [Parallel Time: 1.0 ms, GC Workers: 8]
      [GC Worker Start (ms): Min: 284880.1, Avg: 284880.1, Max: 284880.2, Diff: 0.1]
      [Ext Root Scanning (ms): Min: 0.7, Avg: 0.7, Max: 0.8, Diff: 0.1, Sum: 6.0]
      [Update RS (ms): Min: 0.0, Avg: 0.0, Max: 0.0, Diff: 0.0, Sum: 0.1]
         [Processed Buffers: Min: 0, Avg: 1.0, Max: 2, Diff: 2, Sum: 8]
      [Scan RS (ms): Min: 0.0, Avg: 0.0, Max: 0.0, Diff: 0.0, Sum: 0.0]
      [Code Root Scanning (ms): Min: 0.0, Avg: 0.0, Max: 0.0, Diff: 0.0, Sum: 0.0]
      [Object Copy (ms): Min: 0.1, Avg: 0.1, Max: 0.1, Diff: 0.1, Sum: 0.7]
      [Termination (ms): Min: 0.0, Avg: 0.0, Max: 0.0, Diff: 0.0, Sum: 0.1]
      [GC Worker Other (ms): Min: 0.0, Avg: 0.0, Max: 0.0, Diff: 0.0, Sum: 0.1]
      [GC Worker Total (ms): Min: 0.8, Avg: 0.9, Max: 0.9, Diff: 0.1, Sum: 6.9]
      [GC Worker End (ms): Min: 284881.0, Avg: 284881.0, Max: 284881.0, Diff: 0.0]
   [Code Root Fixup: 0.0 ms]
   [Code Root Migration: 0.0 ms]
   [Clear CT: 0.1 ms]
   [Other: 0.2 ms]
      [Choose CSet: 0.0 ms]
      [Ref Proc: 0.1 ms]
      [Ref Enq: 0.0 ms]
      [Free CSet: 0.0 ms]
   [Eden: 1024.0K(1024.0K)->0.0B(1024.0K) Survivors: 0.0B->1024.0K Heap: 6712.4K(8192.0K)->5937.0K(8192.0K)]
 [Times: user=0.00 sys=0.00, real=0.01 secs] 
284.881: Total time for which application threads were stopped: 0.0529800 seconds, Stopping threads took: 0.0515370 seconds
285.975: Application time: 1.0933480 seconds
286.024: [GC pause (young) (initial-mark) (to-space exhausted), 0.0009600 secs]
   [Parallel Time: 0.7 ms, GC Workers: 8]
      [GC Worker Start (ms): Min: 286024.4, Avg: 286024.4, Max: 286024.5, Diff: 0.1]
      [Ext Root Scanning (ms): Min: 0.4, Avg: 0.4, Max: 0.4, Diff: 0.1, Sum: 3.3]
      [Code Root Marking (ms): Min: 0.0, Avg: 0.0, Max: 0.0, Diff: 0.0, Sum: 0.0]
      [Update RS (ms): Min: 0.0, Avg: 0.0, Max: 0.0, Diff: 0.0, Sum: 0.0]
         [Processed Buffers: Min: 0, Avg: 1.0, Max: 3, Diff: 3, Sum: 8]
      [Scan RS (ms): Min: 0.0, Avg: 0.0, Max: 0.0, Diff: 0.0, Sum: 0.0]
      [Code Root Scanning (ms): Min: 0.0, Avg: 0.0, Max: 0.0, Diff: 0.0, Sum: 0.0]
      [Object Copy (ms): Min: 0.1, Avg: 0.2, Max: 0.2, Diff: 0.1, Sum: 1.3]
      [Termination (ms): Min: 0.0, Avg: 0.0, Max: 0.1, Diff: 0.1, Sum: 0.4]
      [GC Worker Other (ms): Min: 0.0, Avg: 0.0, Max: 0.0, Diff: 0.0, Sum: 0.0]
      [GC Worker Total (ms): Min: 0.6, Avg: 0.6, Max: 0.7, Diff: 0.1, Sum: 5.1]
      [GC Worker End (ms): Min: 286025.1, Avg: 286025.1, Max: 286025.1, Diff: 0.0]
   [Code Root Fixup: 0.0 ms]
   [Code Root Migration: 0.0 ms]
   [Clear CT: 0.0 ms]
   [Other: 0.2 ms]
      [Choose CSet: 0.0 ms]
      [Ref Proc: 0.1 ms]
      [Ref Enq: 0.0 ms]
      [Free CSet: 0.0 ms]
   [Eden: 1024.0K(1024.0K)->0.0B(1024.0K) Survivors: 1024.0K->0.0B Heap: 6961.0K(8192.0K)->6961.0K(8192.0K)]
 [Times: user=0.01 sys=0.00, real=0.00 secs] 
286.025: [GC concurrent-root-region-scan-start]
286.025: [GC concurrent-root-region-scan-end, 0.0000060 secs]
286.025: [GC concurrent-mark-start]
286.025: Total time for which application threads were stopped: 0.0506280 seconds, Stopping threads took: 0.0495560 seconds
286.025: Application time: 0.0000510 seconds
286.025: [GC pause (young), 0.0005100 secs]
   [Parallel Time: 0.3 ms, GC Workers: 8]
      [GC Worker Start (ms): Min: 286025.5, Avg: 286025.5, Max: 286025.5, Diff: 0.0]
      [Ext Root Scanning (ms): Min: 0.2, Avg: 0.3, Max: 0.3, Diff: 0.0, Sum: 2.0]
      [Update RS (ms): Min: 0.0, Avg: 0.0, Max: 0.0, Diff: 0.0, Sum: 0.1]
         [Processed Buffers: Min: 0, Avg: 1.8, Max: 4, Diff: 4, Sum: 14]
      [Scan RS (ms): Min: 0.0, Avg: 0.0, Max: 0.0, Diff: 0.0, Sum: 0.0]
      [Code Root Scanning (ms): Min: 0.0, Avg: 0.0, Max: 0.0, Diff: 0.0, Sum: 0.0]
      [Object Copy (ms): Min: 0.0, Avg: 0.0, Max: 0.0, Diff: 0.0, Sum: 0.1]
      [Termination (ms): Min: 0.0, Avg: 0.0, Max: 0.0, Diff: 0.0, Sum: 0.2]
      [GC Worker Other (ms): Min: 0.0, Avg: 0.0, Max: 0.0, Diff: 0.0, Sum: 0.0]
      [GC Worker Total (ms): Min: 0.3, Avg: 0.3, Max: 0.3, Diff: 0.0, Sum: 2.4]
      [GC Worker End (ms): Min: 286025.8, Avg: 286025.8, Max: 286025.8, Diff: 0.0]
   [Code Root Fixup: 0.0 ms]
   [Code Root Migration: 0.0 ms]
   [Clear CT: 0.0 ms]
   [Other: 0.1 ms]
      [Choose CSet: 0.0 ms]
      [Ref Proc: 0.1 ms]
      [Ref Enq: 0.0 ms]
      [Free CSet: 0.0 ms]
   [Eden: 0.0B(1024.0K)->0.0B(1024.0K) Survivors: 0.0B->0.0B Heap: 6961.0K(8192.0K)->6961.0K(8192.0K)]
 [Times: user=0.00 sys=0.00, real=0.00 secs] 
286.026: Total time for which application threads were stopped: 0.0005720 seconds, Stopping threads took: 0.0000060 seconds
286.026: Application time: 0.0000290 seconds
286.026: [GC pause (young), 0.0005430 secs]
   [Parallel Time: 0.4 ms, GC Workers: 8]
      [GC Worker Start (ms): Min: 286026.1, Avg: 286026.2, Max: 286026.4, Diff: 0.3]
      [Ext Root Scanning (ms): Min: 0.0, Avg: 0.2, Max: 0.3, Diff: 0.3, Sum: 1.5]
      [SATB Filtering (ms): Min: 0.0, Avg: 0.0, Max: 0.0, Diff: 0.0, Sum: 0.0]
      [Update RS (ms): Min: 0.0, Avg: 0.0, Max: 0.0, Diff: 0.0, Sum: 0.0]
         [Processed Buffers: Min: 0, Avg: 0.1, Max: 1, Diff: 1, Sum: 1]
      [Scan RS (ms): Min: 0.0, Avg: 0.0, Max: 0.0, Diff: 0.0, Sum: 0.0]
      [Code Root Scanning (ms): Min: 0.0, Avg: 0.0, Max: 0.0, Diff: 0.0, Sum: 0.0]
      [Object Copy (ms): Min: 0.0, Avg: 0.0, Max: 0.0, Diff: 0.0, Sum: 0.1]
      [Termination (ms): Min: 0.0, Avg: 0.1, Max: 0.1, Diff: 0.1, Sum: 0.4]
      [GC Worker Other (ms): Min: 0.0, Avg: 0.0, Max: 0.0, Diff: 0.0, Sum: 0.0]
      [GC Worker Total (ms): Min: 0.0, Avg: 0.3, Max: 0.4, Diff: 0.3, Sum: 2.1]
      [GC Worker End (ms): Min: 286026.4, Avg: 286026.4, Max: 286026.4, Diff: 0.0]
   [Code Root Fixup: 0.0 ms]
   [Code Root Migration: 0.0 ms]
   [Clear CT: 0.0 ms]
   [Other: 0.1 ms]
      [Choose CSet: 0.0 ms]
      [Ref Proc: 0.1 ms]
      [Ref Enq: 0.0 ms]
      [Free CSet: 0.0 ms]
   [Eden: 0.0B(1024.0K)->0.0B(1024.0K) Survivors: 0.0B->0.0B Heap: 6961.0K(8192.0K)->6961.0K(8192.0K)]
 [Times: user=0.00 sys=0.00, real=0.00 secs] 
286.027: Total time for which application threads were stopped: 0.0006030 seconds, Stopping threads took: 0.0000030 seconds
286.027: Application time: 0.0000180 seconds
286.027: [Full GC 6960K->5714K(8192K), 0.0056310 secs]
   [Eden: 0.0B(1024.0K)->0.0B(1024.0K) Survivors: 0.0B->0.0B Heap: 6961.0K(8192.0K)->5714.3K(8192.0K)], [Perm: 5171K->5171K(20480K)]
 [Times: user=0.01 sys=0.00, real=0.01 secs] 
286.032: Total time for which application threads were stopped: 0.0056920 seconds, Stopping threads took: 0.0000030 seconds
286.032: [GC concurrent-mark-abort]
286.037: Application time: 0.0050250 seconds
286.091: Total time for which application threads were stopped: 0.0533170 seconds, Stopping threads took: 0.0533020 seconds
287.307: Application time: 1.2164060 seconds
287.362: [GC pause (young), 0.0020880 secs]
   [Parallel Time: 1.2 ms, GC Workers: 8]
      [GC Worker Start (ms): Min: 287362.1, Avg: 287362.2, Max: 287362.2, Diff: 0.1]
      [Ext Root Scanning (ms): Min: 0.7, Avg: 0.7, Max: 0.8, Diff: 0.1, Sum: 5.8]
      [Update RS (ms): Min: 0.0, Avg: 0.0, Max: 0.0, Diff: 0.0, Sum: 0.1]
         [Processed Buffers: Min: 0, Avg: 1.0, Max: 3, Diff: 3, Sum: 8]
      [Scan RS (ms): Min: 0.0, Avg: 0.0, Max: 0.0, Diff: 0.0, Sum: 0.0]
      [Code Root Scanning (ms): Min: 0.0, Avg: 0.0, Max: 0.0, Diff: 0.0, Sum: 0.0]
      [Object Copy (ms): Min: 0.1, Avg: 0.1, Max: 0.1, Diff: 0.1, Sum: 0.7]
      [Termination (ms): Min: 0.0, Avg: 0.0, Max: 0.0, Diff: 0.0, Sum: 0.1]
      [GC Worker Other (ms): Min: 0.0, Avg: 0.0, Max: 0.0, Diff: 0.0, Sum: 0.1]
      [GC Worker Total (ms): Min: 0.8, Avg: 0.8, Max: 0.9, Diff: 0.1, Sum: 6.7]
      [GC Worker End (ms): Min: 287363.0, Avg: 287363.0, Max: 287363.0, Diff: 0.0]
   [Code Root Fixup: 0.0 ms]
   [Code Root Migration: 0.0 ms]
   [Clear CT: 0.6 ms]
   [Other: 0.3 ms]
      [Choose CSet: 0.0 ms]
      [Ref Proc: 0.3 ms]
      [Ref Enq: 0.0 ms]
      [Free CSet: 0.0 ms]
   [Eden: 1024.0K(1024.0K)->0.0B(1024.0K) Survivors: 0.0B->1024.0K Heap: 6738.3K(8192.0K)->5938.8K(8192.0K)]
 [Times: user=0.01 sys=0.00, real=0.00 secs] 
287.364: Total time for which application threads were stopped: 0.0571130 seconds, Stopping threads took: 0.0549050 seconds
288.572: Application time: 1.2074340 seconds
288.626: [GC pause (young) (initial-mark) (to-space exhausted), 0.0010910 secs]
   [Parallel Time: 0.8 ms, GC Workers: 8]
      [GC Worker Start (ms): Min: 288626.2, Avg: 288626.2, Max: 288626.3, Diff: 0.1]
      [Ext Root Scanning (ms): Min: 0.4, Avg: 0.4, Max: 0.5, Diff: 0.1, Sum: 3.2]
      [Code Root Marking (ms): Min: 0.0, Avg: 0.0, Max: 0.0, Diff: 0.0, Sum: 0.0]
      [Update RS (ms): Min: 0.0, Avg: 0.0, Max: 0.0, Diff: 0.0, Sum: 0.1]
         [Processed Buffers: Min: 0, Avg: 1.1, Max: 3, Diff: 3, Sum: 9]
      [Scan RS (ms): Min: 0.0, Avg: 0.0, Max: 0.0, Diff: 0.0, Sum: 0.0]
      [Code Root Scanning (ms): Min: 0.0, Avg: 0.0, Max: 0.0, Diff: 0.0, Sum: 0.0]
      [Object Copy (ms): Min: 0.1, Avg: 0.2, Max: 0.3, Diff: 0.1, Sum: 1.4]
      [Termination (ms): Min: 0.0, Avg: 0.0, Max: 0.1, Diff: 0.1, Sum: 0.2]
      [GC Worker Other (ms): Min: 0.0, Avg: 0.0, Max: 0.0, Diff: 0.0, Sum: 0.0]
      [GC Worker Total (ms): Min: 0.6, Avg: 0.6, Max: 0.7, Diff: 0.1, Sum: 5.0]
      [GC Worker End (ms): Min: 288626.8, Avg: 288626.9, Max: 288626.9, Diff: 0.0]
   [Code Root Fixup: 0.0 ms]
   [Code Root Migration: 0.0 ms]
   [Clear CT: 0.1 ms]
   [Other: 0.2 ms]
      [Choose CSet: 0.0 ms]
      [Ref Proc: 0.1 ms]
      [Ref Enq: 0.0 ms]
      [Free CSet: 0.0 ms]
   [Eden: 1024.0K(1024.0K)->0.0B(1024.0K) Survivors: 1024.0K->0.0B Heap: 6962.8K(8192.0K)->6962.8K(8192.0K)]
 [Times: user=0.00 sys=0.00, real=0.00 secs] 
288.627: [GC concurrent-root-region-scan-start]
288.627: [GC concurrent-root-region-scan-end, 0.0000060 secs]
288.627: [GC concurrent-mark-start]
288.627: Total time for which application threads were stopped: 0.0556200 seconds, Stopping threads took: 0.0543960 seconds
288.627: Application time: 0.0000380 seconds
288.627: [GC pause (young), 0.0005770 secs]
   [Parallel Time: 0.4 ms, GC Workers: 8]
      [GC Worker Start (ms): Min: 288627.4, Avg: 288627.4, Max: 288627.7, Diff: 0.4]
      [Ext Root Scanning (ms): Min: 0.0, Avg: 0.2, Max: 0.3, Diff: 0.3, Sum: 1.8]
      [SATB Filtering (ms): Min: 0.0, Avg: 0.0, Max: 0.0, Diff: 0.0, Sum: 0.0]
      [Update RS (ms): Min: 0.0, Avg: 0.0, Max: 0.0, Diff: 0.0, Sum: 0.1]
         [Processed Buffers: Min: 0, Avg: 2.0, Max: 6, Diff: 6, Sum: 16]
      [Scan RS (ms): Min: 0.0, Avg: 0.0, Max: 0.0, Diff: 0.0, Sum: 0.0]
      [Code Root Scanning (ms): Min: 0.0, Avg: 0.0, Max: 0.0, Diff: 0.0, Sum: 0.0]
      [Object Copy (ms): Min: 0.0, Avg: 0.0, Max: 0.0, Diff: 0.0, Sum: 0.1]
      [Termination (ms): Min: 0.0, Avg: 0.1, Max: 0.1, Diff: 0.1, Sum: 0.6]
      [GC Worker Other (ms): Min: 0.0, Avg: 0.0, Max: 0.0, Diff: 0.0, Sum: 0.0]
      [GC Worker Total (ms): Min: 0.0, Avg: 0.3, Max: 0.4, Diff: 0.4, Sum: 2.6]
      [GC Worker End (ms): Min: 288627.7, Avg: 288627.7, Max: 288627.8, Diff: 0.0]
   [Code Root Fixup: 0.0 ms]
   [Code Root Migration: 0.0 ms]
   [Clear CT: 0.0 ms]
   [Other: 0.1 ms]
      [Choose CSet: 0.0 ms]
      [Ref Proc: 0.1 ms]
      [Ref Enq: 0.0 ms]
      [Free CSet: 0.0 ms]
   [Eden: 0.0B(1024.0K)->0.0B(1024.0K) Survivors: 0.0B->0.0B Heap: 6962.8K(8192.0K)->6962.8K(8192.0K)]
 [Times: user=0.01 sys=0.00, real=0.00 secs] 
288.628: Total time for which application threads were stopped: 0.0006360 seconds, Stopping threads took: 0.0000060 seconds
288.628: Application time: 0.0000360 seconds
288.628: [GC pause (young), 0.0004270 secs]
   [Parallel Time: 0.3 ms, GC Workers: 8]
      [GC Worker Start (ms): Min: 288628.0, Avg: 288628.0, Max: 288628.1, Diff: 0.0]
      [Ext Root Scanning (ms): Min: 0.2, Avg: 0.2, Max: 0.3, Diff: 0.1, Sum: 1.8]
      [Update RS (ms): Min: 0.0, Avg: 0.0, Max: 0.0, Diff: 0.0, Sum: 0.0]
         [Processed Buffers: Min: 0, Avg: 0.1, Max: 1, Diff: 1, Sum: 1]
      [Scan RS (ms): Min: 0.0, Avg: 0.0, Max: 0.0, Diff: 0.0, Sum: 0.0]
      [Code Root Scanning (ms): Min: 0.0, Avg: 0.0, Max: 0.0, Diff: 0.0, Sum: 0.0]
      [Object Copy (ms): Min: 0.0, Avg: 0.0, Max: 0.0, Diff: 0.0, Sum: 0.1]
      [Termination (ms): Min: 0.0, Avg: 0.0, Max: 0.1, Diff: 0.1, Sum: 0.3]
      [GC Worker Other (ms): Min: 0.0, Avg: 0.0, Max: 0.0, Diff: 0.0, Sum: 0.0]
      [GC Worker Total (ms): Min: 0.3, Avg: 0.3, Max: 0.3, Diff: 0.0, Sum: 2.3]
      [GC Worker End (ms): Min: 288628.3, Avg: 288628.3, Max: 288628.3, Diff: 0.0]
   [Code Root Fixup: 0.0 ms]
   [Code Root Migration: 0.0 ms]
   [Clear CT: 0.0 ms]
   [Other: 0.1 ms]
      [Choose CSet: 0.0 ms]
      [Ref Proc: 0.0 ms]
      [Ref Enq: 0.0 ms]
      [Free CSet: 0.0 ms]
   [Eden: 0.0B(1024.0K)->0.0B(1024.0K) Survivors: 0.0B->0.0B Heap: 6962.8K(8192.0K)->6962.8K(8192.0K)]
 [Times: user=0.00 sys=0.00, real=0.00 secs] 
288.628: Total time for which application threads were stopped: 0.0004870 seconds, Stopping threads took: 0.0000040 seconds
288.629: Application time: 0.0000300 seconds
288.629: [GC pause (young), 0.0004450 secs]
   [Parallel Time: 0.3 ms, GC Workers: 8]
      [GC Worker Start (ms): Min: 288628.5, Avg: 288628.6, Max: 288628.6, Diff: 0.0]
      [Ext Root Scanning (ms): Min: 0.2, Avg: 0.2, Max: 0.3, Diff: 0.1, Sum: 1.8]
      [SATB Filtering (ms): Min: 0.0, Avg: 0.0, Max: 0.0, Diff: 0.0, Sum: 0.0]
      [Update RS (ms): Min: 0.0, Avg: 0.0, Max: 0.0, Diff: 0.0, Sum: 0.0]
         [Processed Buffers: Min: 0, Avg: 0.1, Max: 1, Diff: 1, Sum: 1]
      [Scan RS (ms): Min: 0.0, Avg: 0.0, Max: 0.0, Diff: 0.0, Sum: 0.0]
      [Code Root Scanning (ms): Min: 0.0, Avg: 0.0, Max: 0.0, Diff: 0.0, Sum: 0.0]
      [Object Copy (ms): Min: 0.0, Avg: 0.0, Max: 0.0, Diff: 0.0, Sum: 0.1]
      [Termination (ms): Min: 0.0, Avg: 0.0, Max: 0.1, Diff: 0.1, Sum: 0.3]
      [GC Worker Other (ms): Min: 0.0, Avg: 0.0, Max: 0.0, Diff: 0.0, Sum: 0.0]
      [GC Worker Total (ms): Min: 0.3, Avg: 0.3, Max: 0.3, Diff: 0.0, Sum: 2.2]
      [GC Worker End (ms): Min: 288628.8, Avg: 288628.8, Max: 288628.9, Diff: 0.0]
   [Code Root Fixup: 0.0 ms]
   [Code Root Migration: 0.0 ms]
   [Clear CT: 0.0 ms]
   [Other: 0.1 ms]
      [Choose CSet: 0.0 ms]
      [Ref Proc: 0.1 ms]
      [Ref Enq: 0.0 ms]
      [Free CSet: 0.0 ms]
   [Eden: 0.0B(1024.0K)->0.0B(1024.0K) Survivors: 0.0B->0.0B Heap: 6962.8K(8192.0K)->6962.8K(8192.0K)]
 [Times: user=0.00 sys=0.00, real=0.00 secs] 
288.629: Total time for which application threads were stopped: 0.0004960 seconds, Stopping threads took: 0.0000030 seconds
288.629: Application time: 0.0000210 seconds
288.629: [Full GC 6962K->5691K(8192K), 0.0055450 secs]
   [Eden: 0.0B(1024.0K)->0.0B(1024.0K) Survivors: 0.0B->0.0B Heap: 6962.8K(8192.0K)->5691.5K(8192.0K)], [Perm: 5171K->5171K(20480K)]
 [Times: user=0.01 sys=0.00, real=0.01 secs] 
288.635: Total time for which application threads were stopped: 0.0056090 seconds, Stopping threads took: 0.0000030 seconds
288.635: [GC concurrent-mark-abort]
289.909: Application time: 1.2739990 seconds
289.965: [GC pause (young), 0.0019370 secs]
   [Parallel Time: 1.1 ms, GC Workers: 8]
      [GC Worker Start (ms): Min: 289965.0, Avg: 289965.1, Max: 289965.1, Diff: 0.1]
      [Ext Root Scanning (ms): Min: 0.7, Avg: 0.7, Max: 0.8, Diff: 0.1, Sum: 5.9]
      [Update RS (ms): Min: 0.0, Avg: 0.0, Max: 0.0, Diff: 0.0, Sum: 0.1]
         [Processed Buffers: Min: 0, Avg: 1.0, Max: 3, Diff: 3, Sum: 8]
      [Scan RS (ms): Min: 0.0, Avg: 0.0, Max: 0.0, Diff: 0.0, Sum: 0.0]
      [Code Root Scanning (ms): Min: 0.0, Avg: 0.0, Max: 0.0, Diff: 0.0, Sum: 0.0]
      [Object Copy (ms): Min: 0.1, Avg: 0.1, Max: 0.1, Diff: 0.1, Sum: 0.7]
      [Termination (ms): Min: 0.0, Avg: 0.0, Max: 0.0, Diff: 0.0, Sum: 0.1]
      [GC Worker Other (ms): Min: 0.0, Avg: 0.0, Max: 0.0, Diff: 0.0, Sum: 0.0]
      [GC Worker Total (ms): Min: 0.8, Avg: 0.9, Max: 0.9, Diff: 0.1, Sum: 6.8]
      [GC Worker End (ms): Min: 289965.9, Avg: 289965.9, Max: 289965.9, Diff: 0.0]
   [Code Root Fixup: 0.0 ms]
   [Code Root Migration: 0.0 ms]
   [Clear CT: 0.6 ms]
   [Other: 0.3 ms]
      [Choose CSet: 0.0 ms]
      [Ref Proc: 0.2 ms]
      [Ref Enq: 0.0 ms]
      [Free CSet: 0.0 ms]
   [Eden: 1024.0K(1024.0K)->0.0B(1024.0K) Survivors: 0.0B->1024.0K Heap: 6715.5K(8192.0K)->5932.0K(8192.0K)]
 [Times: user=0.01 sys=0.00, real=0.00 secs] 
289.968: Total time for which application threads were stopped: 0.0598430 seconds, Stopping threads took: 0.0562890 seconds
291.175: Application time: 1.2064280 seconds
291.225: [GC pause (young) (initial-mark) (to-space exhausted), 0.0013870 secs]
   [Parallel Time: 0.7 ms, GC Workers: 8]
      [GC Worker Start (ms): Min: 291225.3, Avg: 291225.3, Max: 291225.3, Diff: 0.1]
      [Ext Root Scanning (ms): Min: 0.4, Avg: 0.4, Max: 0.5, Diff: 0.1, Sum: 3.4]
      [Code Root Marking (ms): Min: 0.0, Avg: 0.0, Max: 0.0, Diff: 0.0, Sum: 0.0]
      [Update RS (ms): Min: 0.0, Avg: 0.0, Max: 0.0, Diff: 0.0, Sum: 0.1]
         [Processed Buffers: Min: 0, Avg: 1.0, Max: 2, Diff: 2, Sum: 8]
      [Scan RS (ms): Min: 0.0, Avg: 0.0, Max: 0.0, Diff: 0.0, Sum: 0.0]
      [Code Root Scanning (ms): Min: 0.0, Avg: 0.0, Max: 0.0, Diff: 0.0, Sum: 0.0]
      [Object Copy (ms): Min: 0.1, Avg: 0.2, Max: 0.2, Diff: 0.1, Sum: 1.2]
      [Termination (ms): Min: 0.0, Avg: 0.0, Max: 0.1, Diff: 0.1, Sum: 0.4]
      [GC Worker Other (ms): Min: 0.0, Avg: 0.0, Max: 0.0, Diff: 0.0, Sum: 0.0]
      [GC Worker Total (ms): Min: 0.6, Avg: 0.6, Max: 0.7, Diff: 0.1, Sum: 5.2]
      [GC Worker End (ms): Min: 291225.9, Avg: 291225.9, Max: 291226.0, Diff: 0.0]
   [Code Root Fixup: 0.0 ms]
   [Code Root Migration: 0.0 ms]
   [Clear CT: 0.4 ms]
   [Other: 0.3 ms]
      [Choose CSet: 0.0 ms]
      [Ref Proc: 0.1 ms]
      [Ref Enq: 0.0 ms]
      [Free CSet: 0.0 ms]
   [Eden: 1024.0K(1024.0K)->0.0B(1024.0K) Survivors: 1024.0K->0.0B Heap: 6956.0K(8192.0K)->6956.0K(8192.0K)]
 [Times: user=0.01 sys=0.00, real=0.00 secs] 
291.227: [GC concurrent-root-region-scan-start]
291.227: [GC concurrent-root-region-scan-end, 0.0000050 secs]
291.227: 291.227: [GC concurrent-mark-start]
Total time for which application threads were stopped: 0.0517670 seconds, Stopping threads took: 0.0502640 seconds
291.227: Application time: 0.0000390 seconds
291.227: [Full GC 6955K->5693K(8192K), 0.0061230 secs]
   [Eden: 0.0B(1024.0K)->0.0B(1024.0K) Survivors: 0.0B->0.0B Heap: 6956.0K(8192.0K)->5693.1K(8192.0K)], [Perm: 5171K->5171K(20480K)]
 [Times: user=0.01 sys=0.00, real=0.01 secs] 
291.233: Total time for which application threads were stopped: 0.0061920 seconds, Stopping threads took: 0.0000060 seconds
291.233: [GC concurrent-mark-abort]
292.448: Application time: 1.2153660 seconds
292.501: [GC pause (young), 0.0014800 secs]
   [Parallel Time: 1.1 ms, GC Workers: 8]
      [GC Worker Start (ms): Min: 292501.0, Avg: 292501.1, Max: 292501.1, Diff: 0.1]
      [Ext Root Scanning (ms): Min: 0.7, Avg: 0.7, Max: 0.7, Diff: 0.1, Sum: 5.7]
      [Update RS (ms): Min: 0.0, Avg: 0.0, Max: 0.0, Diff: 0.0, Sum: 0.1]
         [Processed Buffers: Min: 0, Avg: 0.9, Max: 2, Diff: 2, Sum: 7]
      [Scan RS (ms): Min: 0.0, Avg: 0.0, Max: 0.0, Diff: 0.0, Sum: 0.0]
      [Code Root Scanning (ms): Min: 0.0, Avg: 0.0, Max: 0.0, Diff: 0.0, Sum: 0.0]
      [Object Copy (ms): Min: 0.1, Avg: 0.1, Max: 0.1, Diff: 0.1, Sum: 0.7]
      [Termination (ms): Min: 0.0, Avg: 0.0, Max: 0.0, Diff: 0.0, Sum: 0.2]
      [GC Worker Other (ms): Min: 0.0, Avg: 0.0, Max: 0.0, Diff: 0.0, Sum: 0.1]
      [GC Worker Total (ms): Min: 0.8, Avg: 0.8, Max: 0.9, Diff: 0.1, Sum: 6.7]
      [GC Worker End (ms): Min: 292501.9, Avg: 292501.9, Max: 292501.9, Diff: 0.0]
   [Code Root Fixup: 0.0 ms]
   [Code Root Migration: 0.0 ms]
   [Clear CT: 0.2 ms]
   [Other: 0.2 ms]
      [Choose CSet: 0.0 ms]
      [Ref Proc: 0.2 ms]
      [Ref Enq: 0.0 ms]
      [Free CSet: 0.0 ms]
   [Eden: 1024.0K(1024.0K)->0.0B(1024.0K) Survivors: 0.0B->1024.0K Heap: 6717.1K(8192.0K)->5917.6K(8192.0K)]
 [Times: user=0.01 sys=0.00, real=0.01 secs] 
292.503: Total time for which application threads were stopped: 0.0542040 seconds, Stopping threads took: 0.0526020 seconds
293.756: Application time: 1.2530070 seconds
293.782: [GC pause (young) (initial-mark) (to-space exhausted), 0.0010130 secs]
   [Parallel Time: 0.7 ms, GC Workers: 8]
      [GC Worker Start (ms): Min: 293782.4, Avg: 293782.4, Max: 293782.5, Diff: 0.1]
      [Ext Root Scanning (ms): Min: 0.4, Avg: 0.4, Max: 0.5, Diff: 0.1, Sum: 3.3]
      [Code Root Marking (ms): Min: 0.0, Avg: 0.0, Max: 0.0, Diff: 0.0, Sum: 0.0]
      [Update RS (ms): Min: 0.0, Avg: 0.0, Max: 0.0, Diff: 0.0, Sum: 0.1]
         [Processed Buffers: Min: 0, Avg: 1.0, Max: 3, Diff: 3, Sum: 8]
      [Scan RS (ms): Min: 0.0, Avg: 0.0, Max: 0.0, Diff: 0.0, Sum: 0.0]
      [Code Root Scanning (ms): Min: 0.0, Avg: 0.0, Max: 0.0, Diff: 0.0, Sum: 0.0]
      [Object Copy (ms): Min: 0.1, Avg: 0.2, Max: 0.2, Diff: 0.1, Sum: 1.3]
      [Termination (ms): Min: 0.0, Avg: 0.0, Max: 0.1, Diff: 0.1, Sum: 0.3]
      [GC Worker Other (ms): Min: 0.0, Avg: 0.0, Max: 0.0, Diff: 0.0, Sum: 0.0]
      [GC Worker Total (ms): Min: 0.6, Avg: 0.6, Max: 0.7, Diff: 0.1, Sum: 5.0]
      [GC Worker End (ms): Min: 293783.1, Avg: 293783.1, Max: 293783.1, Diff: 0.0]
   [Code Root Fixup: 0.0 ms]
   [Code Root Migration: 0.0 ms]
   [Clear CT: 0.1 ms]
   [Other: 0.2 ms]
      [Choose CSet: 0.0 ms]
      [Ref Proc: 0.1 ms]
      [Ref Enq: 0.0 ms]
      [Free CSet: 0.0 ms]
   [Eden: 1024.0K(1024.0K)->0.0B(1024.0K) Survivors: 1024.0K->0.0B Heap: 6941.6K(8192.0K)->6941.6K(8192.0K)]
 [Times: user=0.00 sys=0.00, real=0.00 secs] 
293.783: [GC concurrent-root-region-scan-start]
293.783: [GC concurrent-root-region-scan-end, 0.0000060 secs]
293.783: [GC concurrent-mark-start]
293.783: Total time for which application threads were stopped: 0.0279570 seconds, Stopping threads took: 0.0268330 seconds
293.784: Application time: 0.0000350 seconds
293.784: [Full GC 6941K->5718K(8192K), 0.0057060 secs]
   [Eden: 0.0B(1024.0K)->0.0B(1024.0K) Survivors: 0.0B->0.0B Heap: 6941.6K(8192.0K)->5718.9K(8192.0K)], [Perm: 5171K->5171K(20480K)]
 [Times: user=0.01 sys=0.00, real=0.00 secs] 
293.789: Total time for which application threads were stopped: 0.0057750 seconds, Stopping threads took: 0.0000060 seconds
293.789: [GC concurrent-mark-abort]
294.946: Application time: 1.1571990 seconds
295.001: [GC pause (young), 0.0018500 secs]
   [Parallel Time: 0.9 ms, GC Workers: 8]
      [GC Worker Start (ms): Min: 295000.8, Avg: 295000.8, Max: 295000.9, Diff: 0.1]
      [Ext Root Scanning (ms): Min: 0.7, Avg: 0.7, Max: 0.8, Diff: 0.1, Sum: 5.8]
      [Update RS (ms): Min: 0.0, Avg: 0.0, Max: 0.0, Diff: 0.0, Sum: 0.1]
         [Processed Buffers: Min: 0, Avg: 1.0, Max: 4, Diff: 4, Sum: 8]
      [Scan RS (ms): Min: 0.0, Avg: 0.0, Max: 0.0, Diff: 0.0, Sum: 0.0]
      [Code Root Scanning (ms): Min: 0.0, Avg: 0.0, Max: 0.0, Diff: 0.0, Sum: 0.0]
      [Object Copy (ms): Min: 0.1, Avg: 0.1, Max: 0.1, Diff: 0.0, Sum: 0.7]
      [Termination (ms): Min: 0.0, Avg: 0.0, Max: 0.0, Diff: 0.0, Sum: 0.1]
      [GC Worker Other (ms): Min: 0.0, Avg: 0.0, Max: 0.0, Diff: 0.0, Sum: 0.0]
      [GC Worker Total (ms): Min: 0.8, Avg: 0.8, Max: 0.9, Diff: 0.1, Sum: 6.7]
      [GC Worker End (ms): Min: 295001.7, Avg: 295001.7, Max: 295001.7, Diff: 0.0]
   [Code Root Fixup: 0.0 ms]
   [Code Root Migration: 0.0 ms]
   [Clear CT: 0.7 ms]
   [Other: 0.2 ms]
      [Choose CSet: 0.0 ms]
      [Ref Proc: 0.1 ms]
      [Ref Enq: 0.0 ms]
      [Free CSet: 0.0 ms]
   [Eden: 1024.0K(1024.0K)->0.0B(1024.0K) Survivors: 0.0B->1024.0K Heap: 6742.9K(8192.0K)->5933.3K(8192.0K)]
 [Times: user=0.01 sys=0.00, real=0.01 secs] 
295.003: Total time for which application threads were stopped: 0.0562040 seconds, Stopping threads took: 0.0542360 seconds
296.214: Application time: 1.2110130 seconds
296.267: [GC pause (young) (initial-mark) (to-space exhausted), 0.0016140 secs]
   [Parallel Time: 0.9 ms, GC Workers: 8]
      [GC Worker Start (ms): Min: 296266.7, Avg: 296266.8, Max: 296266.8, Diff: 0.1]
      [Ext Root Scanning (ms): Min: 0.4, Avg: 0.4, Max: 0.5, Diff: 0.1, Sum: 3.2]
      [Code Root Marking (ms): Min: 0.0, Avg: 0.0, Max: 0.0, Diff: 0.0, Sum: 0.0]
      [Update RS (ms): Min: 0.0, Avg: 0.0, Max: 0.0, Diff: 0.0, Sum: 0.0]
         [Processed Buffers: Min: 0, Avg: 1.0, Max: 3, Diff: 3, Sum: 8]
      [Scan RS (ms): Min: 0.0, Avg: 0.0, Max: 0.0, Diff: 0.0, Sum: 0.0]
      [Code Root Scanning (ms): Min: 0.0, Avg: 0.0, Max: 0.0, Diff: 0.0, Sum: 0.0]
      [Object Copy (ms): Min: 0.1, Avg: 0.2, Max: 0.2, Diff: 0.1, Sum: 1.2]
      [Termination (ms): Min: 0.0, Avg: 0.0, Max: 0.1, Diff: 0.1, Sum: 0.3]
      [GC Worker Other (ms): Min: 0.0, Avg: 0.0, Max: 0.0, Diff: 0.0, Sum: 0.0]
      [GC Worker Total (ms): Min: 0.6, Avg: 0.6, Max: 0.7, Diff: 0.1, Sum: 4.9]
      [GC Worker End (ms): Min: 296267.4, Avg: 296267.4, Max: 296267.4, Diff: 0.0]
   [Code Root Fixup: 0.0 ms]
   [Code Root Migration: 0.0 ms]
   [Clear CT: 0.3 ms]
   [Other: 0.4 ms]
      [Choose CSet: 0.0 ms]
      [Ref Proc: 0.2 ms]
      [Ref Enq: 0.0 ms]
      [Free CSet: 0.0 ms]
   [Eden: 1024.0K(1024.0K)->0.0B(1024.0K) Survivors: 1024.0K->0.0B Heap: 6957.3K(8192.0K)->6957.3K(8192.0K)]
 [Times: user=0.01 sys=0.00, real=0.00 secs] 
296.268: [GC concurrent-root-region-scan-start]
296.268: [GC concurrent-root-region-scan-end, 0.0000060 secs]
296.268: [GC concurrent-mark-start]
296.268: Total time for which application threads were stopped: 0.0546830 seconds, Stopping threads took: 0.0529580 seconds
296.268: Application time: 0.0000380 seconds
296.268: [GC pause (young), 0.0004630 secs]
   [Parallel Time: 0.4 ms, GC Workers: 8]
      [GC Worker Start (ms): Min: 296268.5, Avg: 296268.5, Max: 296268.5, Diff: 0.0]
      [Ext Root Scanning (ms): Min: 0.2, Avg: 0.3, Max: 0.3, Diff: 0.1, Sum: 2.1]
      [SATB Filtering (ms): Min: 0.0, Avg: 0.0, Max: 0.0, Diff: 0.0, Sum: 0.0]
      [Update RS (ms): Min: 0.0, Avg: 0.0, Max: 0.0, Diff: 0.0, Sum: 0.1]
         [Processed Buffers: Min: 0, Avg: 1.5, Max: 7, Diff: 7, Sum: 12]
      [Scan RS (ms): Min: 0.0, Avg: 0.0, Max: 0.0, Diff: 0.0, Sum: 0.0]
      [Code Root Scanning (ms): Min: 0.0, Avg: 0.0, Max: 0.0, Diff: 0.0, Sum: 0.0]
      [Object Copy (ms): Min: 0.0, Avg: 0.0, Max: 0.0, Diff: 0.0, Sum: 0.1]
      [Termination (ms): Min: 0.0, Avg: 0.0, Max: 0.1, Diff: 0.1, Sum: 0.3]
      [GC Worker Other (ms): Min: 0.0, Avg: 0.0, Max: 0.0, Diff: 0.0, Sum: 0.0]
      [GC Worker Total (ms): Min: 0.3, Avg: 0.3, Max: 0.3, Diff: 0.0, Sum: 2.6]
      [GC Worker End (ms): Min: 296268.8, Avg: 296268.8, Max: 296268.8, Diff: 0.0]
   [Code Root Fixup: 0.0 ms]
   [Code Root Migration: 0.0 ms]
   [Clear CT: 0.0 ms]
   [Other: 0.1 ms]
      [Choose CSet: 0.0 ms]
      [Ref Proc: 0.0 ms]
      [Ref Enq: 0.0 ms]
      [Free CSet: 0.0 ms]
   [Eden: 0.0B(1024.0K)->0.0B(1024.0K) Survivors: 0.0B->0.0B Heap: 6957.3K(8192.0K)->6957.3K(8192.0K)]
 [Times: user=0.00 sys=0.00, real=0.00 secs] 
296.269: Total time for which application threads were stopped: 0.0005220 seconds, Stopping threads took: 0.0000060 seconds
296.269: Application time: 0.0000320 seconds
296.269: [GC pause (young), 0.0004360 secs]
   [Parallel Time: 0.3 ms, GC Workers: 8]
      [GC Worker Start (ms): Min: 296269.0, Avg: 296269.0, Max: 296269.0, Diff: 0.0]
      [Ext Root Scanning (ms): Min: 0.2, Avg: 0.2, Max: 0.3, Diff: 0.1, Sum: 1.8]
      [Update RS (ms): Min: 0.0, Avg: 0.0, Max: 0.0, Diff: 0.0, Sum: 0.0]
         [Processed Buffers: Min: 0, Avg: 0.1, Max: 1, Diff: 1, Sum: 1]
      [Scan RS (ms): Min: 0.0, Avg: 0.0, Max: 0.0, Diff: 0.0, Sum: 0.0]
      [Code Root Scanning (ms): Min: 0.0, Avg: 0.0, Max: 0.0, Diff: 0.0, Sum: 0.0]
      [Object Copy (ms): Min: 0.0, Avg: 0.0, Max: 0.0, Diff: 0.0, Sum: 0.1]
      [Termination (ms): Min: 0.0, Avg: 0.0, Max: 0.1, Diff: 0.1, Sum: 0.3]
      [GC Worker Other (ms): Min: 0.0, Avg: 0.0, Max: 0.0, Diff: 0.0, Sum: 0.0]
      [GC Worker Total (ms): Min: 0.3, Avg: 0.3, Max: 0.3, Diff: 0.0, Sum: 2.3]
      [GC Worker End (ms): Min: 296269.3, Avg: 296269.3, Max: 296269.3, Diff: 0.0]
   [Code Root Fixup: 0.0 ms]
   [Code Root Migration: 0.0 ms]
   [Clear CT: 0.1 ms]
   [Other: 0.1 ms]
      [Choose CSet: 0.0 ms]
      [Ref Proc: 0.0 ms]
      [Ref Enq: 0.0 ms]
      [Free CSet: 0.0 ms]
   [Eden: 0.0B(1024.0K)->0.0B(1024.0K) Survivors: 0.0B->0.0B Heap: 6957.3K(8192.0K)->6957.3K(8192.0K)]
 [Times: user=0.00 sys=0.01, real=0.01 secs] 
296.269: Total time for which application threads were stopped: 0.0004920 seconds, Stopping threads took: 0.0000030 seconds
296.269: Application time: 0.0000300 seconds
296.270: [Full GC 6957K->5696K(8192K), 0.0055920 secs]
   [Eden: 0.0B(1024.0K)->0.0B(1024.0K) Survivors: 0.0B->0.0B Heap: 6957.3K(8192.0K)->5696.1K(8192.0K)], [Perm: 5171K->5171K(20480K)]
 [Times: user=0.01 sys=0.00, real=0.00 secs] 
296.275: Total time for which application threads were stopped: 0.0056510 seconds, Stopping threads took: 0.0000030 seconds
296.275: [GC concurrent-mark-abort]
296.275: Application time: 0.0002190 seconds
296.275: Total time for which application threads were stopped: 0.0000900 seconds, Stopping threads took: 0.0000790 seconds
297.603: Application time: 1.3276250 seconds
297.659: [GC pause (young), 0.0011150 secs]
   [Parallel Time: 0.9 ms, GC Workers: 8]
      [GC Worker Start (ms): Min: 297659.4, Avg: 297659.4, Max: 297659.4, Diff: 0.1]
      [Ext Root Scanning (ms): Min: 0.7, Avg: 0.7, Max: 0.8, Diff: 0.1, Sum: 5.8]
      [Update RS (ms): Min: 0.0, Avg: 0.0, Max: 0.0, Diff: 0.0, Sum: 0.1]
         [Processed Buffers: Min: 0, Avg: 1.0, Max: 3, Diff: 3, Sum: 8]
      [Scan RS (ms): Min: 0.0, Avg: 0.0, Max: 0.0, Diff: 0.0, Sum: 0.0]
      [Code Root Scanning (ms): Min: 0.0, Avg: 0.0, Max: 0.0, Diff: 0.0, Sum: 0.0]
      [Object Copy (ms): Min: 0.1, Avg: 0.1, Max: 0.1, Diff: 0.1, Sum: 0.8]
      [Termination (ms): Min: 0.0, Avg: 0.0, Max: 0.0, Diff: 0.0, Sum: 0.1]
      [GC Worker Other (ms): Min: 0.0, Avg: 0.0, Max: 0.0, Diff: 0.0, Sum: 0.0]
      [GC Worker Total (ms): Min: 0.8, Avg: 0.8, Max: 0.9, Diff: 0.1, Sum: 6.7]
      [GC Worker End (ms): Min: 297660.3, Avg: 297660.3, Max: 297660.3, Diff: 0.0]
   [Code Root Fixup: 0.0 ms]
   [Code Root Migration: 0.0 ms]
   [Clear CT: 0.1 ms]
   [Other: 0.1 ms]
      [Choose CSet: 0.0 ms]
      [Ref Proc: 0.1 ms]
      [Ref Enq: 0.0 ms]
      [Free CSet: 0.0 ms]
   [Eden: 1024.0K(1024.0K)->0.0B(1024.0K) Survivors: 0.0B->1024.0K Heap: 6720.1K(8192.0K)->5944.6K(8192.0K)]
 [Times: user=0.01 sys=0.00, real=0.00 secs] 
297.661: Total time for which application threads were stopped: 0.0574340 seconds, Stopping threads took: 0.0562080 seconds
298.923: Application time: 1.2627910 seconds
298.973: [GC pause (young) (initial-mark) (to-space exhausted), 0.0011010 secs]
   [Parallel Time: 0.8 ms, GC Workers: 8]
      [GC Worker Start (ms): Min: 298973.2, Avg: 298973.2, Max: 298973.3, Diff: 0.1]
      [Ext Root Scanning (ms): Min: 0.4, Avg: 0.5, Max: 0.5, Diff: 0.1, Sum: 3.7]
      [Code Root Marking (ms): Min: 0.0, Avg: 0.0, Max: 0.0, Diff: 0.0, Sum: 0.0]
      [Update RS (ms): Min: 0.0, Avg: 0.0, Max: 0.0, Diff: 0.0, Sum: 0.1]
         [Processed Buffers: Min: 0, Avg: 0.9, Max: 2, Diff: 2, Sum: 7]
      [Scan RS (ms): Min: 0.0, Avg: 0.0, Max: 0.0, Diff: 0.0, Sum: 0.0]
      [Code Root Scanning (ms): Min: 0.0, Avg: 0.0, Max: 0.0, Diff: 0.0, Sum: 0.0]
      [Object Copy (ms): Min: 0.1, Avg: 0.2, Max: 0.2, Diff: 0.1, Sum: 1.3]
      [Termination (ms): Min: 0.0, Avg: 0.0, Max: 0.1, Diff: 0.1, Sum: 0.3]
      [GC Worker Other (ms): Min: 0.0, Avg: 0.0, Max: 0.0, Diff: 0.0, Sum: 0.0]
      [GC Worker Total (ms): Min: 0.6, Avg: 0.7, Max: 0.7, Diff: 0.1, Sum: 5.4]
      [GC Worker End (ms): Min: 298973.9, Avg: 298973.9, Max: 298973.9, Diff: 0.0]
   [Code Root Fixup: 0.0 ms]
   [Code Root Migration: 0.0 ms]
   [Clear CT: 0.1 ms]
   [Other: 0.2 ms]
      [Choose CSet: 0.0 ms]
      [Ref Proc: 0.1 ms]
      [Ref Enq: 0.0 ms]
      [Free CSet: 0.0 ms]
   [Eden: 1024.0K(1024.0K)->0.0B(1024.0K) Survivors: 1024.0K->0.0B Heap: 6968.6K(8192.0K)->6968.6K(8192.0K)]
 [Times: user=0.00 sys=0.00, real=0.00 secs] 
298.974: [GC concurrent-root-region-scan-start]
298.974: [GC concurrent-root-region-scan-end, 0.0000040 secs]
298.974: [GC concurrent-mark-start]
298.974: Total time for which application threads were stopped: 0.0509970 seconds, Stopping threads took: 0.0497890 seconds
298.974: Application time: 0.0000360 seconds
298.974: [GC pause (young), 0.0004510 secs]
   [Parallel Time: 0.3 ms, GC Workers: 8]
      [GC Worker Start (ms): Min: 298974.4, Avg: 298974.4, Max: 298974.4, Diff: 0.0]
      [Ext Root Scanning (ms): Min: 0.2, Avg: 0.2, Max: 0.3, Diff: 0.0, Sum: 2.0]
      [Update RS (ms): Min: 0.0, Avg: 0.0, Max: 0.0, Diff: 0.0, Sum: 0.1]
         [Processed Buffers: Min: 0, Avg: 1.8, Max: 4, Diff: 4, Sum: 14]
      [Scan RS (ms): Min: 0.0, Avg: 0.0, Max: 0.0, Diff: 0.0, Sum: 0.0]
      [Code Root Scanning (ms): Min: 0.0, Avg: 0.0, Max: 0.0, Diff: 0.0, Sum: 0.0]
      [Object Copy (ms): Min: 0.0, Avg: 0.0, Max: 0.0, Diff: 0.0, Sum: 0.1]
      [Termination (ms): Min: 0.0, Avg: 0.0, Max: 0.0, Diff: 0.0, Sum: 0.2]
      [GC Worker Other (ms): Min: 0.0, Avg: 0.0, Max: 0.0, Diff: 0.0, Sum: 0.0]
      [GC Worker Total (ms): Min: 0.3, Avg: 0.3, Max: 0.3, Diff: 0.0, Sum: 2.4]
      [GC Worker End (ms): Min: 298974.7, Avg: 298974.7, Max: 298974.7, Diff: 0.0]
   [Code Root Fixup: 0.0 ms]
   [Code Root Migration: 0.0 ms]
   [Clear CT: 0.0 ms]
   [Other: 0.1 ms]
      [Choose CSet: 0.0 ms]
      [Ref Proc: 0.0 ms]
      [Ref Enq: 0.0 ms]
      [Free CSet: 0.0 ms]
   [Eden: 0.0B(1024.0K)->0.0B(1024.0K) Survivors: 0.0B->0.0B Heap: 6968.6K(8192.0K)->6968.6K(8192.0K)]
 [Times: user=0.01 sys=0.00, real=0.00 secs] 
298.975: Total time for which application threads were stopped: 0.0005180 seconds, Stopping threads took: 0.0000070 seconds
298.975: Application time: 0.0000310 seconds
298.975: [GC pause (young), 0.0004250 secs]
   [Parallel Time: 0.3 ms, GC Workers: 8]
      [GC Worker Start (ms): Min: 298974.9, Avg: 298974.9, Max: 298975.0, Diff: 0.0]
      [Ext Root Scanning (ms): Min: 0.2, Avg: 0.2, Max: 0.2, Diff: 0.0, Sum: 1.8]
      [SATB Filtering (ms): Min: 0.0, Avg: 0.0, Max: 0.0, Diff: 0.0, Sum: 0.0]
      [Update RS (ms): Min: 0.0, Avg: 0.0, Max: 0.0, Diff: 0.0, Sum: 0.0]
         [Processed Buffers: Min: 0, Avg: 0.1, Max: 1, Diff: 1, Sum: 1]
      [Scan RS (ms): Min: 0.0, Avg: 0.0, Max: 0.0, Diff: 0.0, Sum: 0.0]
      [Code Root Scanning (ms): Min: 0.0, Avg: 0.0, Max: 0.0, Diff: 0.0, Sum: 0.0]
      [Object Copy (ms): Min: 0.0, Avg: 0.0, Max: 0.0, Diff: 0.0, Sum: 0.1]
      [Termination (ms): Min: 0.0, Avg: 0.0, Max: 0.1, Diff: 0.1, Sum: 0.3]
      [GC Worker Other (ms): Min: -0.0, Avg: 0.0, Max: 0.0, Diff: 0.0, Sum: 0.0]
      [GC Worker Total (ms): Min: 0.3, Avg: 0.3, Max: 0.3, Diff: 0.0, Sum: 2.3]
      [GC Worker End (ms): Min: 298975.2, Avg: 298975.2, Max: 298975.2, Diff: 0.0]
   [Code Root Fixup: 0.0 ms]
   [Code Root Migration: 0.0 ms]
   [Clear CT: 0.0 ms]
   [Other: 0.1 ms]
      [Choose CSet: 0.0 ms]
      [Ref Proc: 0.1 ms]
      [Ref Enq: 0.0 ms]
      [Free CSet: 0.0 ms]
   [Eden: 0.0B(1024.0K)->0.0B(1024.0K) Survivors: 0.0B->0.0B Heap: 6968.6K(8192.0K)->6968.6K(8192.0K)]
 [Times: user=0.00 sys=0.00, real=0.00 secs] 
298.975: Total time for which application threads were stopped: 0.0004810 seconds, Stopping threads took: 0.0000040 seconds
298.975: Application time: 0.0000330 seconds
298.975: [Full GC 6968K->5697K(8192K), 0.0057530 secs]
   [Eden: 0.0B(1024.0K)->0.0B(1024.0K) Survivors: 0.0B->0.0B Heap: 6968.6K(8192.0K)->5697.7K(8192.0K)], [Perm: 5171K->5171K(20480K)]
 [Times: user=0.01 sys=0.00, real=0.00 secs] 
298.981: Total time for which application threads were stopped: 0.0058130 seconds, Stopping threads took: 0.0000030 seconds
298.981: [GC concurrent-mark-abort]
300.077: Application time: 1.0957970 seconds
300.132: [GC pause (young), 0.0015460 secs]
   [Parallel Time: 1.1 ms, GC Workers: 8]
      [GC Worker Start (ms): Min: 300131.7, Avg: 300131.8, Max: 300131.8, Diff: 0.1]
      [Ext Root Scanning (ms): Min: 0.7, Avg: 0.7, Max: 0.8, Diff: 0.1, Sum: 5.8]
      [Update RS (ms): Min: 0.0, Avg: 0.0, Max: 0.0, Diff: 0.0, Sum: 0.1]
         [Processed Buffers: Min: 0, Avg: 1.0, Max: 3, Diff: 3, Sum: 8]
      [Scan RS (ms): Min: 0.0, Avg: 0.0, Max: 0.0, Diff: 0.0, Sum: 0.0]
      [Code Root Scanning (ms): Min: 0.0, Avg: 0.0, Max: 0.0, Diff: 0.0, Sum: 0.0]
      [Object Copy (ms): Min: 0.1, Avg: 0.1, Max: 0.1, Diff: 0.0, Sum: 0.7]
      [Termination (ms): Min: 0.0, Avg: 0.0, Max: 0.0, Diff: 0.0, Sum: 0.1]
      [GC Worker Other (ms): Min: 0.0, Avg: 0.0, Max: 0.0, Diff: 0.0, Sum: 0.1]
      [GC Worker Total (ms): Min: 0.8, Avg: 0.8, Max: 0.9, Diff: 0.1, Sum: 6.7]
      [GC Worker End (ms): Min: 300132.6, Avg: 300132.6, Max: 300132.6, Diff: 0.0]
   [Code Root Fixup: 0.0 ms]
   [Code Root Migration: 0.0 ms]
   [Clear CT: 0.2 ms]
   [Other: 0.2 ms]
      [Choose CSet: 0.0 ms]
      [Ref Proc: 0.2 ms]
      [Ref Enq: 0.0 ms]
      [Free CSet: 0.0 ms]
   [Eden: 1024.0K(1024.0K)->0.0B(1024.0K) Survivors: 0.0B->1024.0K Heap: 6721.7K(8192.0K)->5922.2K(8192.0K)]
 [Times: user=0.01 sys=0.00, real=0.00 secs] 
300.135: Total time for which application threads were stopped: 0.0577980 seconds, Stopping threads took: 0.0546370 seconds
301.400: Application time: 1.2653920 seconds
301.455: [GC pause (young) (initial-mark) (to-space exhausted), 0.0010590 secs]
   [Parallel Time: 0.7 ms, GC Workers: 8]
      [GC Worker Start (ms): Min: 301454.6, Avg: 301454.7, Max: 301454.7, Diff: 0.1]
      [Ext Root Scanning (ms): Min: 0.4, Avg: 0.4, Max: 0.5, Diff: 0.1, Sum: 3.3]
      [Code Root Marking (ms): Min: 0.0, Avg: 0.0, Max: 0.0, Diff: 0.0, Sum: 0.0]
      [Update RS (ms): Min: 0.0, Avg: 0.0, Max: 0.0, Diff: 0.0, Sum: 0.1]
         [Processed Buffers: Min: 0, Avg: 1.1, Max: 2, Diff: 2, Sum: 9]
      [Scan RS (ms): Min: 0.0, Avg: 0.0, Max: 0.0, Diff: 0.0, Sum: 0.0]
      [Code Root Scanning (ms): Min: 0.0, Avg: 0.0, Max: 0.0, Diff: 0.0, Sum: 0.0]
      [Object Copy (ms): Min: 0.1, Avg: 0.2, Max: 0.2, Diff: 0.1, Sum: 1.3]
      [Termination (ms): Min: 0.0, Avg: 0.1, Max: 0.1, Diff: 0.1, Sum: 0.4]
      [GC Worker Other (ms): Min: 0.0, Avg: 0.0, Max: 0.0, Diff: 0.0, Sum: 0.0]
      [GC Worker Total (ms): Min: 0.6, Avg: 0.7, Max: 0.7, Diff: 0.1, Sum: 5.2]
      [GC Worker End (ms): Min: 301455.3, Avg: 301455.3, Max: 301455.3, Diff: 0.0]
   [Code Root Fixup: 0.0 ms]
   [Code Root Migration: 0.0 ms]
   [Clear CT: 0.0 ms]
   [Other: 0.3 ms]
      [Choose CSet: 0.0 ms]
      [Ref Proc: 0.1 ms]
      [Ref Enq: 0.0 ms]
      [Free CSet: 0.0 ms]
   [Eden: 1024.0K(1024.0K)->0.0B(1024.0K) Survivors: 1024.0K->0.0B Heap: 6946.2K(8192.0K)->6946.2K(8192.0K)]
 [Times: user=0.01 sys=0.00, real=0.00 secs] 
301.456: [GC concurrent-root-region-scan-start]
301.456: [GC concurrent-root-region-scan-end, 0.0000060 secs]
301.456: 301.456: [GC concurrent-mark-start]
Total time for which application threads were stopped: 0.0555070 seconds, Stopping threads took: 0.0543360 seconds
301.456: Application time: 0.0000550 seconds
301.456: [GC pause (young), 0.0005050 secs]
   [Parallel Time: 0.3 ms, GC Workers: 8]
      [GC Worker Start (ms): Min: 301455.8, Avg: 301455.8, Max: 301455.8, Diff: 0.0]
      [Ext Root Scanning (ms): Min: 0.2, Avg: 0.3, Max: 0.3, Diff: 0.1, Sum: 2.0]
      [SATB Filtering (ms): Min: 0.0, Avg: 0.0, Max: 0.0, Diff: 0.0, Sum: 0.0]
      [Update RS (ms): Min: 0.0, Avg: 0.0, Max: 0.0, Diff: 0.0, Sum: 0.1]
         [Processed Buffers: Min: 0, Avg: 1.8, Max: 6, Diff: 6, Sum: 14]
      [Scan RS (ms): Min: 0.0, Avg: 0.0, Max: 0.0, Diff: 0.0, Sum: 0.0]
      [Code Root Scanning (ms): Min: 0.0, Avg: 0.0, Max: 0.0, Diff: 0.0, Sum: 0.0]
      [Object Copy (ms): Min: 0.0, Avg: 0.0, Max: 0.0, Diff: 0.0, Sum: 0.1]
      [Termination (ms): Min: 0.0, Avg: 0.0, Max: 0.0, Diff: 0.0, Sum: 0.2]
      [GC Worker Other (ms): Min: 0.0, Avg: 0.0, Max: 0.0, Diff: 0.0, Sum: 0.0]
      [GC Worker Total (ms): Min: 0.3, Avg: 0.3, Max: 0.3, Diff: 0.0, Sum: 2.5]
      [GC Worker End (ms): Min: 301456.1, Avg: 301456.1, Max: 301456.1, Diff: 0.0]
   [Code Root Fixup: 0.0 ms]
   [Code Root Migration: 0.0 ms]
   [Clear CT: 0.1 ms]
   [Other: 0.1 ms]
      [Choose CSet: 0.0 ms]
      [Ref Proc: 0.1 ms]
      [Ref Enq: 0.0 ms]
      [Free CSet: 0.0 ms]
   [Eden: 0.0B(1024.0K)->0.0B(1024.0K) Survivors: 0.0B->0.0B Heap: 6946.2K(8192.0K)->6946.2K(8192.0K)]
 [Times: user=0.00 sys=0.00, real=0.00 secs] 
301.456: Total time for which application threads were stopped: 0.0005680 seconds, Stopping threads took: 0.0000060 seconds
301.456: Application time: 0.0000360 seconds
301.456: [GC pause (young), 0.0004330 secs]
   [Parallel Time: 0.3 ms, GC Workers: 8]
      [GC Worker Start (ms): Min: 301456.4, Avg: 301456.4, Max: 301456.4, Diff: 0.0]
      [Ext Root Scanning (ms): Min: 0.2, Avg: 0.2, Max: 0.2, Diff: 0.0, Sum: 1.9]
      [Update RS (ms): Min: 0.0, Avg: 0.0, Max: 0.0, Diff: 0.0, Sum: 0.0]
         [Processed Buffers: Min: 0, Avg: 0.1, Max: 1, Diff: 1, Sum: 1]
      [Scan RS (ms): Min: 0.0, Avg: 0.0, Max: 0.0, Diff: 0.0, Sum: 0.0]
      [Code Root Scanning (ms): Min: 0.0, Avg: 0.0, Max: 0.0, Diff: 0.0, Sum: 0.0]
      [Object Copy (ms): Min: 0.0, Avg: 0.0, Max: 0.0, Diff: 0.0, Sum: 0.1]
      [Termination (ms): Min: 0.0, Avg: 0.0, Max: 0.0, Diff: 0.0, Sum: 0.2]
      [GC Worker Other (ms): Min: 0.0, Avg: 0.0, Max: 0.0, Diff: 0.0, Sum: 0.0]
      [GC Worker Total (ms): Min: 0.3, Avg: 0.3, Max: 0.3, Diff: 0.0, Sum: 2.3]
      [GC Worker End (ms): Min: 301456.7, Avg: 301456.7, Max: 301456.7, Diff: 0.0]
   [Code Root Fixup: 0.0 ms]
   [Code Root Migration: 0.0 ms]
   [Clear CT: 0.0 ms]
   [Other: 0.1 ms]
      [Choose CSet: 0.0 ms]
      [Ref Proc: 0.1 ms]
      [Ref Enq: 0.0 ms]
      [Free CSet: 0.0 ms]
   [Eden: 0.0B(1024.0K)->0.0B(1024.0K) Survivors: 0.0B->0.0B Heap: 6946.2K(8192.0K)->6946.2K(8192.0K)]
 [Times: user=0.00 sys=0.00, real=0.00 secs] 
301.457: Total time for which application threads were stopped: 0.0004900 seconds, Stopping threads took: 0.0000040 seconds
301.457: Application time: 0.0000290 seconds
301.457: [GC pause (young), 0.0004650 secs]
   [Parallel Time: 0.4 ms, GC Workers: 8]
      [GC Worker Start (ms): Min: 301456.9, Avg: 301457.0, Max: 301457.3, Diff: 0.3]
      [Ext Root Scanning (ms): Min: 0.0, Avg: 0.2, Max: 0.3, Diff: 0.3, Sum: 1.7]
      [Update RS (ms): Min: 0.0, Avg: 0.0, Max: 0.0, Diff: 0.0, Sum: 0.0]
         [Processed Buffers: Min: 0, Avg: 0.1, Max: 1, Diff: 1, Sum: 1]
      [Scan RS (ms): Min: 0.0, Avg: 0.0, Max: 0.0, Diff: 0.0, Sum: 0.0]
      [Code Root Scanning (ms): Min: 0.0, Avg: 0.0, Max: 0.0, Diff: 0.0, Sum: 0.0]
      [Object Copy (ms): Min: 0.0, Avg: 0.0, Max: 0.0, Diff: 0.0, Sum: 0.1]
      [Termination (ms): Min: 0.0, Avg: 0.1, Max: 0.1, Diff: 0.1, Sum: 0.4]
      [GC Worker Other (ms): Min: -0.0, Avg: 0.0, Max: 0.0, Diff: 0.0, Sum: 0.0]
      [GC Worker Total (ms): Min: 0.0, Avg: 0.3, Max: 0.3, Diff: 0.3, Sum: 2.2]
      [GC Worker End (ms): Min: 301457.3, Avg: 301457.3, Max: 301457.3, Diff: 0.0]
   [Code Root Fixup: 0.0 ms]
   [Code Root Migration: 0.0 ms]
   [Clear CT: 0.0 ms]
   [Other: 0.1 ms]
      [Choose CSet: 0.0 ms]
      [Ref Proc: 0.0 ms]
      [Ref Enq: 0.0 ms]
      [Free CSet: 0.0 ms]
   [Eden: 0.0B(1024.0K)->0.0B(1024.0K) Survivors: 0.0B->0.0B Heap: 6946.2K(8192.0K)->6946.2K(8192.0K)]
 [Times: user=0.00 sys=0.01, real=0.00 secs] 
301.457: Total time for which application threads were stopped: 0.0005190 seconds, Stopping threads took: 0.0000030 seconds
301.457: Application time: 0.0000310 seconds
301.457: [GC pause (young), 0.0004280 secs]
   [Parallel Time: 0.3 ms, GC Workers: 8]
      [GC Worker Start (ms): Min: 301457.5, Avg: 301457.5, Max: 301457.5, Diff: 0.0]
      [Ext Root Scanning (ms): Min: 0.2, Avg: 0.2, Max: 0.2, Diff: 0.0, Sum: 1.8]
      [SATB Filtering (ms): Min: 0.0, Avg: 0.0, Max: 0.0, Diff: 0.0, Sum: 0.0]
      [Update RS (ms): Min: 0.0, Avg: 0.0, Max: 0.0, Diff: 0.0, Sum: 0.0]
         [Processed Buffers: Min: 0, Avg: 0.1, Max: 1, Diff: 1, Sum: 1]
      [Scan RS (ms): Min: 0.0, Avg: 0.0, Max: 0.0, Diff: 0.0, Sum: 0.0]
      [Code Root Scanning (ms): Min: 0.0, Avg: 0.0, Max: 0.0, Diff: 0.0, Sum: 0.0]
      [Object Copy (ms): Min: 0.0, Avg: 0.0, Max: 0.0, Diff: 0.0, Sum: 0.1]
      [Termination (ms): Min: 0.0, Avg: 0.0, Max: 0.1, Diff: 0.1, Sum: 0.3]
      [GC Worker Other (ms): Min: 0.0, Avg: 0.0, Max: 0.0, Diff: 0.0, Sum: 0.0]
      [GC Worker Total (ms): Min: 0.3, Avg: 0.3, Max: 0.3, Diff: 0.0, Sum: 2.2]
      [GC Worker End (ms): Min: 301457.8, Avg: 301457.8, Max: 301457.8, Diff: 0.0]
   [Code Root Fixup: 0.0 ms]
   [Code Root Migration: 0.0 ms]
   [Clear CT: 0.0 ms]
   [Other: 0.1 ms]
      [Choose CSet: 0.0 ms]
      [Ref Proc: 0.1 ms]
      [Ref Enq: 0.0 ms]
      [Free CSet: 0.0 ms]
   [Eden: 0.0B(1024.0K)->0.0B(1024.0K) Survivors: 0.0B->0.0B Heap: 6946.2K(8192.0K)->6946.2K(8192.0K)]
 [Times: user=0.00 sys=0.00, real=0.00 secs] 
301.458: Total time for which application threads were stopped: 0.0004810 seconds, Stopping threads took: 0.0000040 seconds
301.458: Application time: 0.0000310 seconds
301.458: [GC pause (young), 0.0005520 secs]
   [Parallel Time: 0.4 ms, GC Workers: 8]
      [GC Worker Start (ms): Min: 301458.0, Avg: 301458.1, Max: 301458.4, Diff: 0.4]
      [Ext Root Scanning (ms): Min: 0.0, Avg: 0.2, Max: 0.3, Diff: 0.3, Sum: 1.7]
      [Update RS (ms): Min: 0.0, Avg: 0.0, Max: 0.0, Diff: 0.0, Sum: 0.0]
         [Processed Buffers: Min: 0, Avg: 0.1, Max: 1, Diff: 1, Sum: 1]
      [Scan RS (ms): Min: 0.0, Avg: 0.0, Max: 0.0, Diff: 0.0, Sum: 0.0]
      [Code Root Scanning (ms): Min: 0.0, Avg: 0.0, Max: 0.0, Diff: 0.0, Sum: 0.0]
      [Object Copy (ms): Min: 0.0, Avg: 0.0, Max: 0.0, Diff: 0.0, Sum: 0.1]
      [Termination (ms): Min: 0.0, Avg: 0.1, Max: 0.1, Diff: 0.1, Sum: 0.7]
      [GC Worker Other (ms): Min: 0.0, Avg: 0.0, Max: 0.0, Diff: 0.0, Sum: 0.0]
      [GC Worker Total (ms): Min: 0.0, Avg: 0.3, Max: 0.4, Diff: 0.4, Sum: 2.5]
      [GC Worker End (ms): Min: 301458.4, Avg: 301458.4, Max: 301458.4, Diff: 0.0]
   [Code Root Fixup: 0.0 ms]
   [Code Root Migration: 0.0 ms]
   [Clear CT: 0.0 ms]
   [Other: 0.1 ms]
      [Choose CSet: 0.0 ms]
      [Ref Proc: 0.1 ms]
      [Ref Enq: 0.0 ms]
      [Free CSet: 0.0 ms]
   [Eden: 0.0B(1024.0K)->0.0B(1024.0K) Survivors: 0.0B->0.0B Heap: 6946.2K(8192.0K)->6946.2K(8192.0K)]
 [Times: user=0.01 sys=0.00, real=0.00 secs] 
301.459: Total time for which application threads were stopped: 0.0006090 seconds, Stopping threads took: 0.0000030 seconds
301.459: Application time: 0.0000220 seconds
301.459: [Full GC 6946K->5691K(8192K), 0.0057720 secs]
   [Eden: 0.0B(1024.0K)->0.0B(1024.0K) Survivors: 0.0B->0.0B Heap: 6946.2K(8192.0K)->5691.1K(8192.0K)], [Perm: 5171K->5171K(20480K)]
 [Times: user=0.01 sys=0.00, real=0.01 secs] 
301.464: Total time for which application threads were stopped: 0.0058280 seconds, Stopping threads took: 0.0000040 seconds
301.464: [GC concurrent-mark-abort]
302.786: Application time: 1.3219550 seconds
302.836: [GC pause (young), 0.0015040 secs]
   [Parallel Time: 1.0 ms, GC Workers: 8]
      [GC Worker Start (ms): Min: 302836.2, Avg: 302836.3, Max: 302836.3, Diff: 0.1]
      [Ext Root Scanning (ms): Min: 0.7, Avg: 0.7, Max: 0.8, Diff: 0.1, Sum: 5.9]
      [Update RS (ms): Min: 0.0, Avg: 0.0, Max: 0.0, Diff: 0.0, Sum: 0.1]
         [Processed Buffers: Min: 0, Avg: 1.0, Max: 3, Diff: 3, Sum: 8]
      [Scan RS (ms): Min: 0.0, Avg: 0.0, Max: 0.0, Diff: 0.0, Sum: 0.0]
      [Code Root Scanning (ms): Min: 0.0, Avg: 0.0, Max: 0.0, Diff: 0.0, Sum: 0.0]
      [Object Copy (ms): Min: 0.1, Avg: 0.1, Max: 0.1, Diff: 0.1, Sum: 0.7]
      [Termination (ms): Min: 0.0, Avg: 0.0, Max: 0.0, Diff: 0.0, Sum: 0.1]
      [GC Worker Other (ms): Min: 0.0, Avg: 0.0, Max: 0.0, Diff: 0.0, Sum: 0.1]
      [GC Worker Total (ms): Min: 0.8, Avg: 0.9, Max: 0.9, Diff: 0.1, Sum: 6.9]
      [GC Worker End (ms): Min: 302837.1, Avg: 302837.1, Max: 302837.1, Diff: 0.0]
   [Code Root Fixup: 0.0 ms]
   [Code Root Migration: 0.0 ms]
   [Clear CT: 0.3 ms]
   [Other: 0.2 ms]
      [Choose CSet: 0.0 ms]
      [Ref Proc: 0.1 ms]
      [Ref Enq: 0.0 ms]
      [Free CSet: 0.0 ms]
   [Eden: 1024.0K(1024.0K)->0.0B(1024.0K) Survivors: 0.0B->1024.0K Heap: 6715.1K(8192.0K)->5947.6K(8192.0K)]
 [Times: user=0.01 sys=0.00, real=0.00 secs] 
302.838: Total time for which application threads were stopped: 0.0513510 seconds, Stopping threads took: 0.0497260 seconds
303.926: Application time: 1.0878340 seconds
303.940: [GC pause (young) (initial-mark) (to-space exhausted), 0.0010150 secs]
   [Parallel Time: 0.7 ms, GC Workers: 8]
      [GC Worker Start (ms): Min: 303940.4, Avg: 303940.4, Max: 303940.5, Diff: 0.1]
      [Ext Root Scanning (ms): Min: 0.4, Avg: 0.4, Max: 0.5, Diff: 0.1, Sum: 3.3]
      [Code Root Marking (ms): Min: 0.0, Avg: 0.0, Max: 0.0, Diff: 0.0, Sum: 0.0]
      [Update RS (ms): Min: 0.0, Avg: 0.0, Max: 0.0, Diff: 0.0, Sum: 0.1]
         [Processed Buffers: Min: 0, Avg: 1.0, Max: 3, Diff: 3, Sum: 8]
      [Scan RS (ms): Min: 0.0, Avg: 0.0, Max: 0.0, Diff: 0.0, Sum: 0.0]
      [Code Root Scanning (ms): Min: 0.0, Avg: 0.0, Max: 0.0, Diff: 0.0, Sum: 0.0]
      [Object Copy (ms): Min: 0.1, Avg: 0.2, Max: 0.2, Diff: 0.1, Sum: 1.4]
      [Termination (ms): Min: 0.0, Avg: 0.0, Max: 0.1, Diff: 0.1, Sum: 0.3]
      [GC Worker Other (ms): Min: 0.0, Avg: 0.0, Max: 0.0, Diff: 0.0, Sum: 0.0]
      [GC Worker Total (ms): Min: 0.6, Avg: 0.6, Max: 0.7, Diff: 0.1, Sum: 5.2]
      [GC Worker End (ms): Min: 303941.1, Avg: 303941.1, Max: 303941.1, Diff: 0.0]
   [Code Root Fixup: 0.0 ms]
   [Code Root Migration: 0.0 ms]
   [Clear CT: 0.1 ms]
   [Other: 0.2 ms]
      [Choose CSet: 0.0 ms]
      [Ref Proc: 0.1 ms]
      [Ref Enq: 0.0 ms]
      [Free CSet: 0.0 ms]
   [Eden: 1024.0K(1024.0K)->0.0B(1024.0K) Survivors: 1024.0K->0.0B Heap: 6971.6K(8192.0K)->6971.6K(8192.0K)]
 [Times: user=0.00 sys=0.00, real=0.01 secs] 
303.941: [GC concurrent-root-region-scan-start]
303.941: 303.941: [GC concurrent-root-region-scan-end, 0.0000030 secs]
303.941: Total time for which application threads were stopped: 0.0158780 seconds, Stopping threads took: 0.0147570 seconds
[GC concurrent-mark-start]
303.942: Application time: 0.0000370 seconds
303.942: [GC pause (young), 0.0004600 secs]
   [Parallel Time: 0.3 ms, GC Workers: 8]
      [GC Worker Start (ms): Min: 303941.5, Avg: 303941.5, Max: 303941.5, Diff: 0.0]
      [Ext Root Scanning (ms): Min: 0.2, Avg: 0.3, Max: 0.3, Diff: 0.1, Sum: 2.0]
      [SATB Filtering (ms): Min: 0.0, Avg: 0.0, Max: 0.0, Diff: 0.0, Sum: 0.0]
      [Update RS (ms): Min: 0.0, Avg: 0.0, Max: 0.0, Diff: 0.0, Sum: 0.1]
         [Processed Buffers: Min: 0, Avg: 1.8, Max: 7, Diff: 7, Sum: 14]
      [Scan RS (ms): Min: 0.0, Avg: 0.0, Max: 0.0, Diff: 0.0, Sum: 0.0]
      [Code Root Scanning (ms): Min: 0.0, Avg: 0.0, Max: 0.0, Diff: 0.0, Sum: 0.0]
      [Object Copy (ms): Min: 0.0, Avg: 0.0, Max: 0.0, Diff: 0.0, Sum: 0.1]
      [Termination (ms): Min: 0.0, Avg: 0.0, Max: 0.1, Diff: 0.1, Sum: 0.3]
      [GC Worker Other (ms): Min: 0.0, Avg: 0.0, Max: 0.0, Diff: 0.0, Sum: 0.0]
      [GC Worker Total (ms): Min: 0.3, Avg: 0.3, Max: 0.3, Diff: 0.0, Sum: 2.6]
      [GC Worker End (ms): Min: 303941.8, Avg: 303941.9, Max: 303941.9, Diff: 0.0]
   [Code Root Fixup: 0.0 ms]
   [Code Root Migration: 0.0 ms]
   [Clear CT: 0.0 ms]
   [Other: 0.1 ms]
      [Choose CSet: 0.0 ms]
      [Ref Proc: 0.1 ms]
      [Ref Enq: 0.0 ms]
      [Free CSet: 0.0 ms]
   [Eden: 0.0B(1024.0K)->0.0B(1024.0K) Survivors: 0.0B->0.0B Heap: 6971.6K(8192.0K)->6971.6K(8192.0K)]
 [Times: user=0.01 sys=0.00, real=0.00 secs] 
303.942: Total time for which application threads were stopped: 0.0005220 seconds, Stopping threads took: 0.0000060 seconds
303.942: Application time: 0.0000320 seconds
303.942: [GC pause (young), 0.0004430 secs]
   [Parallel Time: 0.3 ms, GC Workers: 8]
      [GC Worker Start (ms): Min: 303942.1, Avg: 303942.1, Max: 303942.1, Diff: 0.0]
      [Ext Root Scanning (ms): Min: 0.2, Avg: 0.2, Max: 0.3, Diff: 0.0, Sum: 1.8]
      [SATB Filtering (ms): Min: 0.0, Avg: 0.0, Max: 0.0, Diff: 0.0, Sum: 0.0]
      [Update RS (ms): Min: 0.0, Avg: 0.0, Max: 0.0, Diff: 0.0, Sum: 0.0]
         [Processed Buffers: Min: 0, Avg: 0.1, Max: 1, Diff: 1, Sum: 1]
      [Scan RS (ms): Min: 0.0, Avg: 0.0, Max: 0.0, Diff: 0.0, Sum: 0.0]
      [Code Root Scanning (ms): Min: 0.0, Avg: 0.0, Max: 0.0, Diff: 0.0, Sum: 0.0]
      [Object Copy (ms): Min: 0.0, Avg: 0.0, Max: 0.0, Diff: 0.0, Sum: 0.1]
      [Termination (ms): Min: 0.0, Avg: 0.0, Max: 0.1, Diff: 0.1, Sum: 0.4]
      [GC Worker Other (ms): Min: 0.0, Avg: 0.0, Max: 0.0, Diff: 0.0, Sum: 0.0]
      [GC Worker Total (ms): Min: 0.3, Avg: 0.3, Max: 0.3, Diff: 0.0, Sum: 2.4]
      [GC Worker End (ms): Min: 303942.4, Avg: 303942.4, Max: 303942.4, Diff: 0.0]
   [Code Root Fixup: 0.0 ms]
   [Code Root Migration: 0.0 ms]
   [Clear CT: 0.0 ms]
   [Other: 0.1 ms]
      [Choose CSet: 0.0 ms]
      [Ref Proc: 0.0 ms]
      [Ref Enq: 0.0 ms]
      [Free CSet: 0.0 ms]
   [Eden: 0.0B(1024.0K)->0.0B(1024.0K) Survivors: 0.0B->0.0B Heap: 6971.6K(8192.0K)->6971.6K(8192.0K)]
 [Times: user=0.00 sys=0.00, real=0.00 secs] 
303.943: Total time for which application threads were stopped: 0.0004970 seconds, Stopping threads took: 0.0000050 seconds
303.943: Application time: 0.0000270 seconds
303.943: [GC pause (young), 0.0004240 secs]
   [Parallel Time: 0.3 ms, GC Workers: 8]
      [GC Worker Start (ms): Min: 303942.6, Avg: 303942.6, Max: 303942.6, Diff: 0.0]
      [Ext Root Scanning (ms): Min: 0.2, Avg: 0.2, Max: 0.3, Diff: 0.1, Sum: 1.8]
      [SATB Filtering (ms): Min: 0.0, Avg: 0.0, Max: 0.0, Diff: 0.0, Sum: 0.0]
      [Update RS (ms): Min: 0.0, Avg: 0.0, Max: 0.0, Diff: 0.0, Sum: 0.0]
         [Processed Buffers: Min: 0, Avg: 0.1, Max: 1, Diff: 1, Sum: 1]
      [Scan RS (ms): Min: 0.0, Avg: 0.0, Max: 0.0, Diff: 0.0, Sum: 0.0]
      [Code Root Scanning (ms): Min: 0.0, Avg: 0.0, Max: 0.0, Diff: 0.0, Sum: 0.0]
      [Object Copy (ms): Min: 0.0, Avg: 0.0, Max: 0.0, Diff: 0.0, Sum: 0.1]
      [Termination (ms): Min: 0.0, Avg: 0.0, Max: 0.1, Diff: 0.1, Sum: 0.3]
      [GC Worker Other (ms): Min: -0.0, Avg: 0.0, Max: 0.0, Diff: 0.0, Sum: 0.0]
      [GC Worker Total (ms): Min: 0.3, Avg: 0.3, Max: 0.3, Diff: 0.0, Sum: 2.3]
      [GC Worker End (ms): Min: 303942.9, Avg: 303942.9, Max: 303942.9, Diff: 0.0]
   [Code Root Fixup: 0.0 ms]
   [Code Root Migration: 0.0 ms]
   [Clear CT: 0.0 ms]
   [Other: 0.1 ms]
      [Choose CSet: 0.0 ms]
      [Ref Proc: 0.1 ms]
      [Ref Enq: 0.0 ms]
      [Free CSet: 0.0 ms]
   [Eden: 0.0B(1024.0K)->0.0B(1024.0K) Survivors: 0.0B->0.0B Heap: 6971.6K(8192.0K)->6971.6K(8192.0K)]
 [Times: user=0.00 sys=0.00, real=0.00 secs] 
303.943: Total time for which application threads were stopped: 0.0004830 seconds, Stopping threads took: 0.0000050 seconds
303.943: Application time: 0.0000320 seconds
303.943: [GC pause (young), 0.0004170 secs]
   [Parallel Time: 0.3 ms, GC Workers: 8]
      [GC Worker Start (ms): Min: 303943.1, Avg: 303943.1, Max: 303943.1, Diff: 0.0]
      [Ext Root Scanning (ms): Min: 0.2, Avg: 0.2, Max: 0.3, Diff: 0.1, Sum: 1.8]
      [Update RS (ms): Min: 0.0, Avg: 0.0, Max: 0.0, Diff: 0.0, Sum: 0.0]
         [Processed Buffers: Min: 0, Avg: 0.1, Max: 1, Diff: 1, Sum: 1]
      [Scan RS (ms): Min: 0.0, Avg: 0.0, Max: 0.0, Diff: 0.0, Sum: 0.0]
      [Code Root Scanning (ms): Min: 0.0, Avg: 0.0, Max: 0.0, Diff: 0.0, Sum: 0.0]
      [Object Copy (ms): Min: 0.0, Avg: 0.0, Max: 0.0, Diff: 0.0, Sum: 0.1]
      [Termination (ms): Min: 0.0, Avg: 0.0, Max: 0.1, Diff: 0.1, Sum: 0.3]
      [GC Worker Other (ms): Min: 0.0, Avg: 0.0, Max: 0.0, Diff: 0.0, Sum: 0.0]
      [GC Worker Total (ms): Min: 0.3, Avg: 0.3, Max: 0.3, Diff: 0.0, Sum: 2.3]
      [GC Worker End (ms): Min: 303943.4, Avg: 303943.4, Max: 303943.4, Diff: 0.0]
   [Code Root Fixup: 0.0 ms]
   [Code Root Migration: 0.0 ms]
   [Clear CT: 0.0 ms]
   [Other: 0.1 ms]
      [Choose CSet: 0.0 ms]
      [Ref Proc: 0.1 ms]
      [Ref Enq: 0.0 ms]
      [Free CSet: 0.0 ms]
   [Eden: 0.0B(1024.0K)->0.0B(1024.0K) Survivors: 0.0B->0.0B Heap: 6971.6K(8192.0K)->6971.6K(8192.0K)]
 [Times: user=0.00 sys=0.00, real=0.00 secs] 
303.944: Total time for which application threads were stopped: 0.0004680 seconds, Stopping threads took: 0.0000030 seconds
303.944: Application time: 0.0000220 seconds
303.944: [Full GC 6971K->5725K(8192K), 0.0057360 secs]
   [Eden: 0.0B(1024.0K)->0.0B(1024.0K) Survivors: 0.0B->0.0B Heap: 6971.6K(8192.0K)->5725.0K(8192.0K)], [Perm: 5171K->5171K(20480K)]
 [Times: user=0.01 sys=0.00, real=0.01 secs] 
303.949: Total time for which application threads were stopped: 0.0058080 seconds, Stopping threads took: 0.0000040 seconds
303.949: [GC concurrent-mark-abort]
305.219: Application time: 1.2691370 seconds
305.275: [GC pause (young), 0.0012700 secs]
   [Parallel Time: 0.9 ms, GC Workers: 8]
      [GC Worker Start (ms): Min: 305275.0, Avg: 305275.1, Max: 305275.1, Diff: 0.1]
      [Ext Root Scanning (ms): Min: 0.7, Avg: 0.7, Max: 0.8, Diff: 0.1, Sum: 5.8]
      [Update RS (ms): Min: 0.0, Avg: 0.0, Max: 0.0, Diff: 0.0, Sum: 0.1]
         [Processed Buffers: Min: 0, Avg: 1.0, Max: 3, Diff: 3, Sum: 8]
      [Scan RS (ms): Min: 0.0, Avg: 0.0, Max: 0.0, Diff: 0.0, Sum: 0.0]
      [Code Root Scanning (ms): Min: 0.0, Avg: 0.0, Max: 0.0, Diff: 0.0, Sum: 0.0]
      [Object Copy (ms): Min: 0.1, Avg: 0.1, Max: 0.1, Diff: 0.0, Sum: 0.6]
      [Termination (ms): Min: 0.0, Avg: 0.0, Max: 0.0, Diff: 0.0, Sum: 0.1]
      [GC Worker Other (ms): Min: 0.0, Avg: 0.0, Max: 0.0, Diff: 0.0, Sum: 0.0]
      [GC Worker Total (ms): Min: 0.8, Avg: 0.8, Max: 0.9, Diff: 0.1, Sum: 6.7]
      [GC Worker End (ms): Min: 305275.9, Avg: 305275.9, Max: 305275.9, Diff: 0.0]
   [Code Root Fixup: 0.0 ms]
   [Code Root Migration: 0.0 ms]
   [Clear CT: 0.1 ms]
   [Other: 0.2 ms]
      [Choose CSet: 0.0 ms]
      [Ref Proc: 0.2 ms]
      [Ref Enq: 0.0 ms]
      [Free CSet: 0.0 ms]
   [Eden: 1024.0K(1024.0K)->0.0B(1024.0K) Survivors: 0.0B->1024.0K Heap: 6749.0K(8192.0K)->5949.5K(8192.0K)]
 [Times: user=0.01 sys=0.00, real=0.00 secs] 
305.278: Total time for which application threads were stopped: 0.0592450 seconds, Stopping threads took: 0.0563870 seconds
306.529: Application time: 1.2513420 seconds
306.545: [GC pause (young) (initial-mark) (to-space exhausted), 0.0010130 secs]
   [Parallel Time: 0.7 ms, GC Workers: 8]
      [GC Worker Start (ms): Min: 306545.0, Avg: 306545.0, Max: 306545.0, Diff: 0.1]
      [Ext Root Scanning (ms): Min: 0.4, Avg: 0.4, Max: 0.5, Diff: 0.1, Sum: 3.4]
      [Code Root Marking (ms): Min: 0.0, Avg: 0.0, Max: 0.0, Diff: 0.0, Sum: 0.0]
      [Update RS (ms): Min: 0.0, Avg: 0.0, Max: 0.0, Diff: 0.0, Sum: 0.1]
         [Processed Buffers: Min: 0, Avg: 1.1, Max: 3, Diff: 3, Sum: 9]
      [Scan RS (ms): Min: 0.0, Avg: 0.0, Max: 0.0, Diff: 0.0, Sum: 0.0]
      [Code Root Scanning (ms): Min: 0.0, Avg: 0.0, Max: 0.0, Diff: 0.0, Sum: 0.0]
      [Object Copy (ms): Min: 0.1, Avg: 0.2, Max: 0.2, Diff: 0.1, Sum: 1.2]
      [Termination (ms): Min: 0.0, Avg: 0.0, Max: 0.1, Diff: 0.1, Sum: 0.2]
      [GC Worker Other (ms): Min: 0.0, Avg: 0.0, Max: 0.0, Diff: 0.0, Sum: 0.0]
      [GC Worker Total (ms): Min: 0.6, Avg: 0.6, Max: 0.6, Diff: 0.1, Sum: 4.9]
      [GC Worker End (ms): Min: 306545.6, Avg: 306545.6, Max: 306545.6, Diff: 0.0]
   [Code Root Fixup: 0.0 ms]
   [Code Root Migration: 0.0 ms]
   [Clear CT: 0.1 ms]
   [Other: 0.2 ms]
      [Choose CSet: 0.0 ms]
      [Ref Proc: 0.1 ms]
      [Ref Enq: 0.0 ms]
      [Free CSet: 0.0 ms]
   [Eden: 1024.0K(1024.0K)->0.0B(1024.0K) Survivors: 1024.0K->0.0B Heap: 6973.5K(8192.0K)->6973.5K(8192.0K)]
 [Times: user=0.00 sys=0.00, real=0.00 secs] 
306.546: [GC concurrent-root-region-scan-start]
306.546: 306.546: [GC concurrent-root-region-scan-end, 0.0000050 secs]
306.546: Total time for which application threads were stopped: 0.0168750 seconds, Stopping threads took: 0.0157610 seconds
[GC concurrent-mark-start]
306.546: Application time: 0.0000400 seconds
306.546: [GC pause (young), 0.0005140 secs]
   [Parallel Time: 0.4 ms, GC Workers: 8]
      [GC Worker Start (ms): Min: 306546.1, Avg: 306546.1, Max: 306546.1, Diff: 0.0]
      [Ext Root Scanning (ms): Min: 0.2, Avg: 0.3, Max: 0.3, Diff: 0.0, Sum: 2.0]
      [SATB Filtering (ms): Min: 0.0, Avg: 0.0, Max: 0.0, Diff: 0.0, Sum: 0.0]
      [Update RS (ms): Min: 0.0, Avg: 0.0, Max: 0.0, Diff: 0.0, Sum: 0.1]
         [Processed Buffers: Min: 0, Avg: 1.8, Max: 12, Diff: 12, Sum: 14]
      [Scan RS (ms): Min: 0.0, Avg: 0.0, Max: 0.0, Diff: 0.0, Sum: 0.0]
      [Code Root Scanning (ms): Min: 0.0, Avg: 0.0, Max: 0.0, Diff: 0.0, Sum: 0.0]
      [Object Copy (ms): Min: 0.0, Avg: 0.0, Max: 0.0, Diff: 0.0, Sum: 0.1]
      [Termination (ms): Min: 0.0, Avg: 0.0, Max: 0.0, Diff: 0.0, Sum: 0.2]
      [GC Worker Other (ms): Min: -0.0, Avg: 0.0, Max: 0.0, Diff: 0.0, Sum: 0.0]
      [GC Worker Total (ms): Min: 0.3, Avg: 0.3, Max: 0.3, Diff: 0.0, Sum: 2.4]
      [GC Worker End (ms): Min: 306546.4, Avg: 306546.4, Max: 306546.4, Diff: 0.0]
   [Code Root Fixup: 0.0 ms]
   [Code Root Migration: 0.0 ms]
   [Clear CT: 0.0 ms]
   [Other: 0.1 ms]
      [Choose CSet: 0.0 ms]
      [Ref Proc: 0.1 ms]
      [Ref Enq: 0.0 ms]
      [Free CSet: 0.0 ms]
   [Eden: 0.0B(1024.0K)->0.0B(1024.0K) Survivors: 0.0B->0.0B Heap: 6973.5K(8192.0K)->6973.5K(8192.0K)]
 [Times: user=0.01 sys=0.00, real=0.00 secs] 
306.547: Total time for which application threads were stopped: 0.0005760 seconds, Stopping threads took: 0.0000050 seconds
306.547: Application time: 0.0000290 seconds
306.547: [GC pause (young), 0.0004220 secs]
   [Parallel Time: 0.3 ms, GC Workers: 8]
      [GC Worker Start (ms): Min: 306546.7, Avg: 306546.7, Max: 306546.7, Diff: 0.0]
      [Ext Root Scanning (ms): Min: 0.2, Avg: 0.2, Max: 0.3, Diff: 0.1, Sum: 1.8]
      [SATB Filtering (ms): Min: 0.0, Avg: 0.0, Max: 0.0, Diff: 0.0, Sum: 0.0]
      [Update RS (ms): Min: 0.0, Avg: 0.0, Max: 0.0, Diff: 0.0, Sum: 0.0]
         [Processed Buffers: Min: 0, Avg: 0.1, Max: 1, Diff: 1, Sum: 1]
      [Scan RS (ms): Min: 0.0, Avg: 0.0, Max: 0.0, Diff: 0.0, Sum: 0.0]
      [Code Root Scanning (ms): Min: 0.0, Avg: 0.0, Max: 0.0, Diff: 0.0, Sum: 0.0]
      [Object Copy (ms): Min: 0.0, Avg: 0.0, Max: 0.0, Diff: 0.0, Sum: 0.1]
      [Termination (ms): Min: 0.0, Avg: 0.0, Max: 0.1, Diff: 0.1, Sum: 0.3]
      [GC Worker Other (ms): Min: -0.0, Avg: 0.0, Max: 0.0, Diff: 0.0, Sum: 0.0]
      [GC Worker Total (ms): Min: 0.3, Avg: 0.3, Max: 0.3, Diff: 0.0, Sum: 2.2]
      [GC Worker End (ms): Min: 306547.0, Avg: 306547.0, Max: 306547.0, Diff: 0.0]
   [Code Root Fixup: 0.0 ms]
   [Code Root Migration: 0.0 ms]
   [Clear CT: 0.0 ms]
   [Other: 0.1 ms]
      [Choose CSet: 0.0 ms]
      [Ref Proc: 0.1 ms]
      [Ref Enq: 0.0 ms]
      [Free CSet: 0.0 ms]
   [Eden: 0.0B(1024.0K)->0.0B(1024.0K) Survivors: 0.0B->0.0B Heap: 6973.5K(8192.0K)->6973.5K(8192.0K)]
 [Times: user=0.00 sys=0.00, real=0.00 secs] 
306.547: Total time for which application threads were stopped: 0.0004880 seconds, Stopping threads took: 0.0000050 seconds
306.547: Application time: 0.0000280 seconds
306.547: [Full GC 6973K->5694K(8192K), 0.0056490 secs]
   [Eden: 0.0B(1024.0K)->0.0B(1024.0K) Survivors: 0.0B->0.0B Heap: 6973.5K(8192.0K)->5694.1K(8192.0K)], [Perm: 5171K->5171K(20480K)]
 [Times: user=0.01 sys=0.00, real=0.01 secs] 
306.553: Total time for which application threads were stopped: 0.0057110 seconds, Stopping threads took: 0.0000030 seconds
306.553: [GC concurrent-mark-abort]
306.554: Application time: 0.0006400 seconds
306.611: Total time for which application threads were stopped: 0.0569780 seconds, Stopping threads took: 0.0569620 seconds
307.644: Application time: 1.0339430 seconds
307.699: [GC pause (young), 0.0014870 secs]
   [Parallel Time: 1.1 ms, GC Workers: 8]
      [GC Worker Start (ms): Min: 307699.2, Avg: 307699.3, Max: 307699.3, Diff: 0.1]
      [Ext Root Scanning (ms): Min: 0.7, Avg: 0.7, Max: 0.8, Diff: 0.1, Sum: 5.9]
      [Update RS (ms): Min: 0.0, Avg: 0.0, Max: 0.0, Diff: 0.0, Sum: 0.0]
         [Processed Buffers: Min: 0, Avg: 1.0, Max: 2, Diff: 2, Sum: 8]
      [Scan RS (ms): Min: 0.0, Avg: 0.0, Max: 0.0, Diff: 0.0, Sum: 0.0]
      [Code Root Scanning (ms): Min: 0.0, Avg: 0.0, Max: 0.0, Diff: 0.0, Sum: 0.0]
      [Object Copy (ms): Min: 0.1, Avg: 0.1, Max: 0.1, Diff: 0.0, Sum: 0.7]
      [Termination (ms): Min: 0.0, Avg: 0.0, Max: 0.0, Diff: 0.0, Sum: 0.1]
      [GC Worker Other (ms): Min: 0.0, Avg: 0.0, Max: 0.0, Diff: 0.0, Sum: 0.1]
      [GC Worker Total (ms): Min: 0.8, Avg: 0.9, Max: 0.9, Diff: 0.1, Sum: 6.8]
      [GC Worker End (ms): Min: 307700.1, Avg: 307700.1, Max: 307700.1, Diff: 0.0]
   [Code Root Fixup: 0.0 ms]
   [Code Root Migration: 0.0 ms]
   [Clear CT: 0.2 ms]
   [Other: 0.2 ms]
      [Choose CSet: 0.0 ms]
      [Ref Proc: 0.1 ms]
      [Ref Enq: 0.0 ms]
      [Free CSet: 0.0 ms]
   [Eden: 1024.0K(1024.0K)->0.0B(1024.0K) Survivors: 0.0B->1024.0K Heap: 6718.1K(8192.0K)->5926.6K(8192.0K)]
 [Times: user=0.01 sys=0.00, real=0.00 secs] 
307.701: Total time for which application threads were stopped: 0.0562620 seconds, Stopping threads took: 0.0546530 seconds
309.031: Application time: 1.3299810 seconds
309.087: [GC pause (young) (initial-mark) (to-space exhausted), 0.0011180 secs]
   [Parallel Time: 0.8 ms, GC Workers: 8]
      [GC Worker Start (ms): Min: 309087.3, Avg: 309087.4, Max: 309087.4, Diff: 0.1]
      [Ext Root Scanning (ms): Min: 0.3, Avg: 0.4, Max: 0.5, Diff: 0.1, Sum: 3.2]
      [Code Root Marking (ms): Min: 0.0, Avg: 0.0, Max: 0.0, Diff: 0.0, Sum: 0.0]
      [Update RS (ms): Min: 0.0, Avg: 0.0, Max: 0.0, Diff: 0.0, Sum: 0.1]
         [Processed Buffers: Min: 0, Avg: 1.1, Max: 3, Diff: 3, Sum: 9]
      [Scan RS (ms): Min: 0.0, Avg: 0.0, Max: 0.0, Diff: 0.0, Sum: 0.0]
      [Code Root Scanning (ms): Min: 0.0, Avg: 0.0, Max: 0.0, Diff: 0.0, Sum: 0.0]
      [Object Copy (ms): Min: 0.1, Avg: 0.2, Max: 0.2, Diff: 0.1, Sum: 1.6]
      [Termination (ms): Min: 0.0, Avg: 0.0, Max: 0.1, Diff: 0.1, Sum: 0.3]
      [GC Worker Other (ms): Min: 0.0, Avg: 0.0, Max: 0.0, Diff: 0.0, Sum: 0.0]
      [GC Worker Total (ms): Min: 0.6, Avg: 0.6, Max: 0.7, Diff: 0.1, Sum: 5.2]
      [GC Worker End (ms): Min: 309088.0, Avg: 309088.0, Max: 309088.1, Diff: 0.0]
   [Code Root Fixup: 0.0 ms]
   [Code Root Migration: 0.0 ms]
   [Clear CT: 0.1 ms]
   [Other: 0.3 ms]
      [Choose CSet: 0.0 ms]
      [Ref Proc: 0.1 ms]
      [Ref Enq: 0.0 ms]
      [Free CSet: 0.0 ms]
   [Eden: 1024.0K(1024.0K)->0.0B(1024.0K) Survivors: 1024.0K->0.0B Heap: 6950.6K(8192.0K)->6950.6K(8192.0K)]
 [Times: user=0.00 sys=0.00, real=0.00 secs] 
309.089: [GC concurrent-root-region-scan-start]
309.089: [GC concurrent-root-region-scan-end, 0.0000050 secs]
309.089: [GC concurrent-mark-start]
309.089: Total time for which application threads were stopped: 0.0578270 seconds, Stopping threads took: 0.0565950 seconds
309.089: Application time: 0.0000370 seconds
309.089: [GC pause (young), 0.0004690 secs]
   [Parallel Time: 0.4 ms, GC Workers: 8]
      [GC Worker Start (ms): Min: 309088.6, Avg: 309088.6, Max: 309088.6, Diff: 0.0]
      [Ext Root Scanning (ms): Min: 0.2, Avg: 0.3, Max: 0.3, Diff: 0.1, Sum: 2.0]
      [SATB Filtering (ms): Min: 0.0, Avg: 0.0, Max: 0.0, Diff: 0.0, Sum: 0.0]
      [Update RS (ms): Min: 0.0, Avg: 0.0, Max: 0.0, Diff: 0.0, Sum: 0.1]
         [Processed Buffers: Min: 0, Avg: 1.6, Max: 7, Diff: 7, Sum: 13]
      [Scan RS (ms): Min: 0.0, Avg: 0.0, Max: 0.0, Diff: 0.0, Sum: 0.0]
      [Code Root Scanning (ms): Min: 0.0, Avg: 0.0, Max: 0.0, Diff: 0.0, Sum: 0.0]
      [Object Copy (ms): Min: 0.0, Avg: 0.0, Max: 0.0, Diff: 0.0, Sum: 0.1]
      [Termination (ms): Min: 0.0, Avg: 0.0, Max: 0.0, Diff: 0.0, Sum: 0.3]
      [GC Worker Other (ms): Min: 0.0, Avg: 0.0, Max: 0.0, Diff: 0.0, Sum: 0.0]
      [GC Worker Total (ms): Min: 0.3, Avg: 0.3, Max: 0.3, Diff: 0.0, Sum: 2.5]
      [GC Worker End (ms): Min: 309088.9, Avg: 309088.9, Max: 309088.9, Diff: 0.0]
   [Code Root Fixup: 0.0 ms]
   [Code Root Migration: 0.0 ms]
   [Clear CT: 0.0 ms]
   [Other: 0.1 ms]
      [Choose CSet: 0.0 ms]
      [Ref Proc: 0.1 ms]
      [Ref Enq: 0.0 ms]
      [Free CSet: 0.0 ms]
   [Eden: 0.0B(1024.0K)->0.0B(1024.0K) Survivors: 0.0B->0.0B Heap: 6950.6K(8192.0K)->6950.6K(8192.0K)]
 [Times: user=0.01 sys=0.00, real=0.00 secs] 
309.089: Total time for which application threads were stopped: 0.0005300 seconds, Stopping threads took: 0.0000050 seconds
309.089: Application time: 0.0000290 seconds
309.089: [GC pause (young), 0.0004210 secs]
   [Parallel Time: 0.3 ms, GC Workers: 8]
      [GC Worker Start (ms): Min: 309089.1, Avg: 309089.1, Max: 309089.2, Diff: 0.0]
      [Ext Root Scanning (ms): Min: 0.2, Avg: 0.2, Max: 0.3, Diff: 0.1, Sum: 1.9]
      [Update RS (ms): Min: 0.0, Avg: 0.0, Max: 0.0, Diff: 0.0, Sum: 0.0]
         [Processed Buffers: Min: 0, Avg: 0.1, Max: 1, Diff: 1, Sum: 1]
      [Scan RS (ms): Min: 0.0, Avg: 0.0, Max: 0.0, Diff: 0.0, Sum: 0.0]
      [Code Root Scanning (ms): Min: 0.0, Avg: 0.0, Max: 0.0, Diff: 0.0, Sum: 0.0]
      [Object Copy (ms): Min: 0.0, Avg: 0.0, Max: 0.0, Diff: 0.0, Sum: 0.1]
      [Termination (ms): Min: 0.0, Avg: 0.0, Max: 0.1, Diff: 0.1, Sum: 0.3]
      [GC Worker Other (ms): Min: 0.0, Avg: 0.0, Max: 0.0, Diff: 0.0, Sum: 0.0]
      [GC Worker Total (ms): Min: 0.3, Avg: 0.3, Max: 0.3, Diff: 0.0, Sum: 2.3]
      [GC Worker End (ms): Min: 309089.4, Avg: 309089.4, Max: 309089.4, Diff: 0.0]
   [Code Root Fixup: 0.0 ms]
   [Code Root Migration: 0.0 ms]
   [Clear CT: 0.0 ms]
   [Other: 0.0 ms]
      [Choose CSet: 0.0 ms]
      [Ref Proc: 0.0 ms]
      [Ref Enq: 0.0 ms]
      [Free CSet: 0.0 ms]
   [Eden: 0.0B(1024.0K)->0.0B(1024.0K) Survivors: 0.0B->0.0B Heap: 6950.6K(8192.0K)->6950.6K(8192.0K)]
 [Times: user=0.00 sys=0.00, real=0.01 secs] 
309.090: Total time for which application threads were stopped: 0.0004760 seconds, Stopping threads took: 0.0000040 seconds
309.090: Application time: 0.0000240 seconds
309.090: [Full GC 6950K->5703K(8192K), 0.0056290 secs]
   [Eden: 0.0B(1024.0K)->0.0B(1024.0K) Survivors: 0.0B->0.0B Heap: 6950.6K(8192.0K)->5703.7K(8192.0K)], [Perm: 5171K->5171K(20480K)]
 [Times: user=0.01 sys=0.00, real=0.00 secs] 
309.095: Total time for which application threads were stopped: 0.0057000 seconds, Stopping threads took: 0.0000050 seconds
309.095: [GC concurrent-mark-abort]
310.362: Application time: 1.2663050 seconds
310.416: [GC pause (young), 0.0018980 secs]
   [Parallel Time: 1.1 ms, GC Workers: 8]
      [GC Worker Start (ms): Min: 310416.4, Avg: 310416.5, Max: 310416.5, Diff: 0.1]
      [Ext Root Scanning (ms): Min: 0.7, Avg: 0.7, Max: 0.8, Diff: 0.1, Sum: 5.8]
      [Update RS (ms): Min: 0.0, Avg: 0.0, Max: 0.0, Diff: 0.0, Sum: 0.1]
         [Processed Buffers: Min: 0, Avg: 0.9, Max: 2, Diff: 2, Sum: 7]
      [Scan RS (ms): Min: 0.0, Avg: 0.0, Max: 0.0, Diff: 0.0, Sum: 0.0]
      [Code Root Scanning (ms): Min: 0.0, Avg: 0.0, Max: 0.0, Diff: 0.0, Sum: 0.0]
      [Object Copy (ms): Min: 0.1, Avg: 0.1, Max: 0.1, Diff: 0.0, Sum: 0.7]
      [Termination (ms): Min: 0.0, Avg: 0.0, Max: 0.0, Diff: 0.0, Sum: 0.1]
      [GC Worker Other (ms): Min: 0.0, Avg: 0.0, Max: 0.0, Diff: 0.0, Sum: 0.1]
      [GC Worker Total (ms): Min: 0.8, Avg: 0.8, Max: 0.9, Diff: 0.1, Sum: 6.8]
      [GC Worker End (ms): Min: 310417.3, Avg: 310417.3, Max: 310417.4, Diff: 0.0]
   [Code Root Fixup: 0.0 ms]
   [Code Root Migration: 0.0 ms]
   [Clear CT: 0.5 ms]
   [Other: 0.4 ms]
      [Choose CSet: 0.0 ms]
      [Ref Proc: 0.3 ms]
      [Ref Enq: 0.0 ms]
      [Free CSet: 0.0 ms]
   [Eden: 1024.0K(1024.0K)->0.0B(1024.0K) Survivors: 0.0B->1024.0K Heap: 6727.7K(8192.0K)->5928.2K(8192.0K)]
 [Times: user=0.01 sys=0.01, real=0.00 secs] 
310.420: Total time for which application threads were stopped: 0.0582210 seconds, Stopping threads took: 0.0547200 seconds
311.456: Application time: 1.0362970 seconds
311.508: [GC pause (young) (initial-mark) (to-space exhausted), 0.0021710 secs]
   [Parallel Time: 0.9 ms, GC Workers: 8]
      [GC Worker Start (ms): Min: 311508.5, Avg: 311508.6, Max: 311508.6, Diff: 0.1]
      [Ext Root Scanning (ms): Min: 0.4, Avg: 0.4, Max: 0.5, Diff: 0.1, Sum: 3.3]
      [Code Root Marking (ms): Min: 0.0, Avg: 0.0, Max: 0.0, Diff: 0.0, Sum: 0.0]
      [Update RS (ms): Min: 0.0, Avg: 0.0, Max: 0.0, Diff: 0.0, Sum: 0.1]
         [Processed Buffers: Min: 0, Avg: 1.1, Max: 3, Diff: 3, Sum: 9]
      [Scan RS (ms): Min: 0.0, Avg: 0.0, Max: 0.0, Diff: 0.0, Sum: 0.0]
      [Code Root Scanning (ms): Min: 0.0, Avg: 0.0, Max: 0.0, Diff: 0.0, Sum: 0.0]
      [Object Copy (ms): Min: 0.1, Avg: 0.2, Max: 0.2, Diff: 0.1, Sum: 1.4]
      [Termination (ms): Min: 0.0, Avg: 0.0, Max: 0.1, Diff: 0.1, Sum: 0.3]
      [GC Worker Other (ms): Min: 0.0, Avg: 0.0, Max: 0.0, Diff: 0.0, Sum: 0.1]
      [GC Worker Total (ms): Min: 0.6, Avg: 0.6, Max: 0.7, Diff: 0.1, Sum: 5.2]
      [GC Worker End (ms): Min: 311509.2, Avg: 311509.2, Max: 311509.2, Diff: 0.0]
   [Code Root Fixup: 0.0 ms]
   [Code Root Migration: 0.0 ms]
   [Clear CT: 0.7 ms]
   [Other: 0.5 ms]
      [Choose CSet: 0.0 ms]
      [Ref Proc: 0.1 ms]
      [Ref Enq: 0.0 ms]
      [Free CSet: 0.0 ms]
   [Eden: 1024.0K(1024.0K)->0.0B(1024.0K) Survivors: 1024.0K->0.0B Heap: 6952.2K(8192.0K)->6952.2K(8192.0K)]
 [Times: user=0.01 sys=0.00, real=0.01 secs] 
311.511: Total time for which application threads were stopped: 0.0545480 seconds, Stopping threads took: 0.0522570 seconds
311.511: [GC concurrent-root-region-scan-start]
311.511: [GC concurrent-root-region-scan-end, 0.0000030 secs]
311.511: [GC concurrent-mark-start]
311.511: Application time: 0.0000760 seconds
311.511: [Full GC 6952K->5721K(8192K), 0.0058400 secs]
   [Eden: 0.0B(1024.0K)->0.0B(1024.0K) Survivors: 0.0B->0.0B Heap: 6952.2K(8192.0K)->5721.6K(8192.0K)], [Perm: 5171K->5171K(20480K)]
 [Times: user=0.01 sys=0.00, real=0.00 secs] 
311.517: Total time for which application threads were stopped: 0.0059090 seconds, Stopping threads took: 0.0000070 seconds
311.517: [GC concurrent-mark-abort]
312.787: Application time: 1.2704840 seconds
312.842: [GC pause (young), 0.0013750 secs]
   [Parallel Time: 0.9 ms, GC Workers: 8]
      [GC Worker Start (ms): Min: 312842.1, Avg: 312842.1, Max: 312842.2, Diff: 0.1]
      [Ext Root Scanning (ms): Min: 0.6, Avg: 0.7, Max: 0.8, Diff: 0.1, Sum: 5.6]
      [Update RS (ms): Min: 0.0, Avg: 0.0, Max: 0.0, Diff: 0.0, Sum: 0.1]
         [Processed Buffers: Min: 0, Avg: 1.0, Max: 2, Diff: 2, Sum: 8]
      [Scan RS (ms): Min: 0.0, Avg: 0.0, Max: 0.0, Diff: 0.0, Sum: 0.0]
      [Code Root Scanning (ms): Min: 0.0, Avg: 0.0, Max: 0.0, Diff: 0.0, Sum: 0.0]
      [Object Copy (ms): Min: 0.1, Avg: 0.1, Max: 0.1, Diff: 0.0, Sum: 0.7]
      [Termination (ms): Min: 0.0, Avg: 0.0, Max: 0.0, Diff: 0.0, Sum: 0.1]
      [GC Worker Other (ms): Min: 0.0, Avg: 0.0, Max: 0.0, Diff: 0.0, Sum: 0.0]
      [GC Worker Total (ms): Min: 0.8, Avg: 0.8, Max: 0.9, Diff: 0.1, Sum: 6.5]
      [GC Worker End (ms): Min: 312842.9, Avg: 312842.9, Max: 312843.0, Diff: 0.0]
   [Code Root Fixup: 0.0 ms]
   [Code Root Migration: 0.0 ms]
   [Clear CT: 0.3 ms]
   [Other: 0.1 ms]
      [Choose CSet: 0.0 ms]
      [Ref Proc: 0.1 ms]
      [Ref Enq: 0.0 ms]
      [Free CSet: 0.0 ms]
   [Eden: 1024.0K(1024.0K)->0.0B(1024.0K) Survivors: 0.0B->1024.0K Heap: 6745.6K(8192.0K)->5954.1K(8192.0K)]
 [Times: user=0.01 sys=0.00, real=0.00 secs] 
312.843: Total time for which application threads were stopped: 0.0563230 seconds, Stopping threads took: 0.0548140 seconds
314.159: Application time: 1.3152540 seconds
314.174: [GC pause (young) (initial-mark) (to-space exhausted), 0.0012640 secs]
   [Parallel Time: 0.8 ms, GC Workers: 8]
      [GC Worker Start (ms): Min: 314174.2, Avg: 314174.2, Max: 314174.3, Diff: 0.1]
      [Ext Root Scanning (ms): Min: 0.4, Avg: 0.4, Max: 0.5, Diff: 0.1, Sum: 3.3]
      [Code Root Marking (ms): Min: 0.0, Avg: 0.0, Max: 0.0, Diff: 0.0, Sum: 0.0]
      [Update RS (ms): Min: 0.0, Avg: 0.0, Max: 0.0, Diff: 0.0, Sum: 0.1]
         [Processed Buffers: Min: 0, Avg: 1.1, Max: 3, Diff: 3, Sum: 9]
      [Scan RS (ms): Min: 0.0, Avg: 0.0, Max: 0.0, Diff: 0.0, Sum: 0.0]
      [Code Root Scanning (ms): Min: 0.0, Avg: 0.0, Max: 0.0, Diff: 0.0, Sum: 0.0]
      [Object Copy (ms): Min: 0.2, Avg: 0.2, Max: 0.3, Diff: 0.1, Sum: 1.7]
      [Termination (ms): Min: 0.0, Avg: 0.1, Max: 0.1, Diff: 0.1, Sum: 0.5]
      [GC Worker Other (ms): Min: 0.0, Avg: 0.0, Max: 0.0, Diff: 0.0, Sum: 0.0]
      [GC Worker Total (ms): Min: 0.7, Avg: 0.7, Max: 0.7, Diff: 0.1, Sum: 5.6]
      [GC Worker End (ms): Min: 314174.9, Avg: 314174.9, Max: 314174.9, Diff: 0.0]
   [Code Root Fixup: 0.0 ms]
   [Code Root Migration: 0.0 ms]
   [Clear CT: 0.1 ms]
   [Other: 0.4 ms]
      [Choose CSet: 0.0 ms]
      [Ref Proc: 0.2 ms]
      [Ref Enq: 0.0 ms]
      [Free CSet: 0.0 ms]
   [Eden: 1024.0K(1024.0K)->0.0B(1024.0K) Survivors: 1024.0K->0.0B Heap: 6978.1K(8192.0K)->6978.1K(8192.0K)]
 [Times: user=0.00 sys=0.00, real=0.00 secs] 
314.175: [GC concurrent-root-region-scan-start]
314.175: [GC concurrent-root-region-scan-end, 0.0000050 secs]
314.175: 314.175: [GC concurrent-mark-start]
Total time for which application threads were stopped: 0.0167410 seconds, Stopping threads took: 0.0153710 seconds
314.176: [GC concurrent-mark-end, 0.0008710 secs]
314.176: Application time: 0.0008970 seconds
314.176: [GC pause (young), 0.0004810 secs]
   [Parallel Time: 0.4 ms, GC Workers: 8]
      [GC Worker Start (ms): Min: 314176.4, Avg: 314176.4, Max: 314176.5, Diff: 0.0]
      [Ext Root Scanning (ms): Min: 0.2, Avg: 0.3, Max: 0.3, Diff: 0.1, Sum: 2.1]
      [Update RS (ms): Min: 0.0, Avg: 0.0, Max: 0.0, Diff: 0.0, Sum: 0.1]
         [Processed Buffers: Min: 0, Avg: 1.4, Max: 3, Diff: 3, Sum: 11]
      [Scan RS (ms): Min: 0.0, Avg: 0.0, Max: 0.0, Diff: 0.0, Sum: 0.0]
      [Code Root Scanning (ms): Min: 0.0, Avg: 0.0, Max: 0.0, Diff: 0.0, Sum: 0.0]
      [Object Copy (ms): Min: 0.0, Avg: 0.0, Max: 0.0, Diff: 0.0, Sum: 0.1]
      [Termination (ms): Min: 0.0, Avg: 0.0, Max: 0.1, Diff: 0.1, Sum: 0.3]
      [GC Worker Other (ms): Min: 0.0, Avg: 0.0, Max: 0.0, Diff: 0.0, Sum: 0.0]
      [GC Worker Total (ms): Min: 0.3, Avg: 0.3, Max: 0.3, Diff: 0.0, Sum: 2.6]
      [GC Worker End (ms): Min: 314176.8, Avg: 314176.8, Max: 314176.8, Diff: 0.0]
   [Code Root Fixup: 0.0 ms]
   [Code Root Migration: 0.0 ms]
   [Clear CT: 0.0 ms]
   [Other: 0.1 ms]
      [Choose CSet: 0.0 ms]
      [Ref Proc: 0.1 ms]
      [Ref Enq: 0.0 ms]
      [Free CSet: 0.0 ms]
   [Eden: 0.0B(1024.0K)->0.0B(1024.0K) Survivors: 0.0B->0.0B Heap: 6978.1K(8192.0K)->6978.1K(8192.0K)]
 [Times: user=0.01 sys=0.00, real=0.00 secs] 
314.177: Total time for which application threads were stopped: 0.0005520 seconds, Stopping threads took: 0.0000060 seconds
314.177: Application time: 0.0000140 seconds
314.177: [GC pause (young), 0.0004310 secs]
   [Parallel Time: 0.3 ms, GC Workers: 8]
      [GC Worker Start (ms): Min: 314177.0, Avg: 314177.0, Max: 314177.0, Diff: 0.0]
      [Ext Root Scanning (ms): Min: 0.2, Avg: 0.2, Max: 0.3, Diff: 0.0, Sum: 1.8]
      [SATB Filtering (ms): Min: 0.0, Avg: 0.0, Max: 0.0, Diff: 0.0, Sum: 0.0]
      [Update RS (ms): Min: 0.0, Avg: 0.0, Max: 0.0, Diff: 0.0, Sum: 0.0]
         [Processed Buffers: Min: 0, Avg: 0.1, Max: 1, Diff: 1, Sum: 1]
      [Scan RS (ms): Min: 0.0, Avg: 0.0, Max: 0.0, Diff: 0.0, Sum: 0.0]
      [Code Root Scanning (ms): Min: 0.0, Avg: 0.0, Max: 0.0, Diff: 0.0, Sum: 0.0]
      [Object Copy (ms): Min: 0.0, Avg: 0.0, Max: 0.0, Diff: 0.0, Sum: 0.1]
      [Termination (ms): Min: 0.0, Avg: 0.0, Max: 0.1, Diff: 0.1, Sum: 0.3]
      [GC Worker Other (ms): Min: -0.0, Avg: 0.0, Max: 0.0, Diff: 0.0, Sum: 0.0]
      [GC Worker Total (ms): Min: 0.3, Avg: 0.3, Max: 0.3, Diff: 0.0, Sum: 2.3]
      [GC Worker End (ms): Min: 314177.3, Avg: 314177.3, Max: 314177.3, Diff: 0.0]
   [Code Root Fixup: 0.0 ms]
   [Code Root Migration: 0.0 ms]
   [Clear CT: 0.0 ms]
   [Other: 0.1 ms]
      [Choose CSet: 0.0 ms]
      [Ref Proc: 0.1 ms]
      [Ref Enq: 0.0 ms]
      [Free CSet: 0.0 ms]
   [Eden: 0.0B(1024.0K)->0.0B(1024.0K) Survivors: 0.0B->0.0B Heap: 6978.1K(8192.0K)->6978.1K(8192.0K)]
 [Times: user=0.00 sys=0.00, real=0.00 secs] 
314.177: Total time for which application threads were stopped: 0.0004840 seconds, Stopping threads took: 0.0000030 seconds
314.177: Application time: 0.0000150 seconds
314.177: [GC pause (young), 0.0004800 secs]
   [Parallel Time: 0.3 ms, GC Workers: 8]
      [GC Worker Start (ms): Min: 314177.5, Avg: 314177.5, Max: 314177.5, Diff: 0.0]
      [Ext Root Scanning (ms): Min: 0.2, Avg: 0.2, Max: 0.3, Diff: 0.1, Sum: 1.8]
      [SATB Filtering (ms): Min: 0.0, Avg: 0.0, Max: 0.0, Diff: 0.0, Sum: 0.0]
      [Update RS (ms): Min: 0.0, Avg: 0.0, Max: 0.0, Diff: 0.0, Sum: 0.0]
         [Processed Buffers: Min: 0, Avg: 0.1, Max: 1, Diff: 1, Sum: 1]
      [Scan RS (ms): Min: 0.0, Avg: 0.0, Max: 0.0, Diff: 0.0, Sum: 0.0]
      [Code Root Scanning (ms): Min: 0.0, Avg: 0.0, Max: 0.0, Diff: 0.0, Sum: 0.0]
      [Object Copy (ms): Min: 0.0, Avg: 0.0, Max: 0.0, Diff: 0.0, Sum: 0.1]
      [Termination (ms): Min: 0.0, Avg: 0.0, Max: 0.1, Diff: 0.1, Sum: 0.3]
      [GC Worker Other (ms): Min: 0.0, Avg: 0.0, Max: 0.0, Diff: 0.0, Sum: 0.0]
      [GC Worker Total (ms): Min: 0.3, Avg: 0.3, Max: 0.3, Diff: 0.0, Sum: 2.2]
      [GC Worker End (ms): Min: 314177.8, Avg: 314177.8, Max: 314177.8, Diff: 0.0]
   [Code Root Fixup: 0.0 ms]
   [Code Root Migration: 0.0 ms]
   [Clear CT: 0.0 ms]
   [Other: 0.1 ms]
      [Choose CSet: 0.0 ms]
      [Ref Proc: 0.1 ms]
      [Ref Enq: 0.0 ms]
      [Free CSet: 0.0 ms]
   [Eden: 0.0B(1024.0K)->0.0B(1024.0K) Survivors: 0.0B->0.0B Heap: 6978.1K(8192.0K)->6978.1K(8192.0K)]
 [Times: user=0.00 sys=0.00, real=0.00 secs] 
314.178: Total time for which application threads were stopped: 0.0005360 seconds, Stopping threads took: 0.0000040 seconds
314.178: Application time: 0.0000140 seconds
314.178: [Full GC 6978K->5731K(8192K), 0.0054670 secs]
   [Eden: 0.0B(1024.0K)->0.0B(1024.0K) Survivors: 0.0B->0.0B Heap: 6978.1K(8192.0K)->5731.0K(8192.0K)], [Perm: 5171K->5171K(20480K)]
 [Times: user=0.01 sys=0.00, real=0.01 secs] 
314.184: Total time for which application threads were stopped: 0.0055290 seconds, Stopping threads took: 0.0000030 seconds
314.184: Application time: 0.0000630 seconds
314.184: [GC remark, 0.0000070 secs]
 [Times: user=0.00 sys=0.00, real=0.00 secs] 
314.184: Total time for which application threads were stopped: 0.0001030 seconds, Stopping threads took: 0.0000700 seconds
314.184: [GC concurrent-mark-abort]
314.184: Application time: 0.0000930 seconds
314.184: Total time for which application threads were stopped: 0.0001240 seconds, Stopping threads took: 0.0001180 seconds
315.226: Application time: 1.0417280 seconds
315.278: [GC pause (young), 0.0013050 secs]
   [Parallel Time: 1.0 ms, GC Workers: 8]
      [GC Worker Start (ms): Min: 315278.1, Avg: 315278.2, Max: 315278.2, Diff: 0.1]
      [Ext Root Scanning (ms): Min: 0.7, Avg: 0.7, Max: 0.7, Diff: 0.1, Sum: 5.8]
      [Update RS (ms): Min: 0.0, Avg: 0.0, Max: 0.0, Diff: 0.0, Sum: 0.1]
         [Processed Buffers: Min: 0, Avg: 1.0, Max: 3, Diff: 3, Sum: 8]
      [Scan RS (ms): Min: 0.0, Avg: 0.0, Max: 0.0, Diff: 0.0, Sum: 0.0]
      [Code Root Scanning (ms): Min: 0.0, Avg: 0.0, Max: 0.0, Diff: 0.0, Sum: 0.0]
      [Object Copy (ms): Min: 0.1, Avg: 0.1, Max: 0.1, Diff: 0.0, Sum: 0.8]
      [Termination (ms): Min: 0.0, Avg: 0.0, Max: 0.0, Diff: 0.0, Sum: 0.0]
      [GC Worker Other (ms): Min: 0.0, Avg: 0.0, Max: 0.0, Diff: 0.0, Sum: 0.1]
      [GC Worker Total (ms): Min: 0.8, Avg: 0.8, Max: 0.9, Diff: 0.1, Sum: 6.8]
      [GC Worker End (ms): Min: 315279.0, Avg: 315279.0, Max: 315279.0, Diff: 0.0]
   [Code Root Fixup: 0.0 ms]
   [Code Root Migration: 0.0 ms]
   [Clear CT: 0.1 ms]
   [Other: 0.2 ms]
      [Choose CSet: 0.0 ms]
      [Ref Proc: 0.1 ms]
      [Ref Enq: 0.0 ms]
      [Free CSet: 0.0 ms]
   [Eden: 1024.0K(1024.0K)->0.0B(1024.0K) Survivors: 0.0B->1024.0K Heap: 6755.0K(8192.0K)->5977.5K(8192.0K)]
 [Times: user=0.00 sys=0.00, real=0.00 secs] 
315.279: Total time for which application threads were stopped: 0.0538160 seconds, Stopping threads took: 0.0524050 seconds
316.833: Application time: 1.5538150 seconds
316.890: [GC pause (young) (initial-mark) (to-space exhausted), 0.0010320 secs]
   [Parallel Time: 0.7 ms, GC Workers: 8]
      [GC Worker Start (ms): Min: 316889.8, Avg: 316889.8, Max: 316889.8, Diff: 0.0]
      [Ext Root Scanning (ms): Min: 0.4, Avg: 0.4, Max: 0.5, Diff: 0.1, Sum: 3.5]
      [Code Root Marking (ms): Min: 0.0, Avg: 0.0, Max: 0.0, Diff: 0.0, Sum: 0.0]
      [Update RS (ms): Min: 0.0, Avg: 0.0, Max: 0.0, Diff: 0.0, Sum: 0.1]
         [Processed Buffers: Min: 0, Avg: 1.0, Max: 2, Diff: 2, Sum: 8]
      [Scan RS (ms): Min: 0.0, Avg: 0.0, Max: 0.0, Diff: 0.0, Sum: 0.0]
      [Code Root Scanning (ms): Min: 0.0, Avg: 0.0, Max: 0.0, Diff: 0.0, Sum: 0.0]
      [Object Copy (ms): Min: 0.1, Avg: 0.2, Max: 0.2, Diff: 0.1, Sum: 1.3]
      [Termination (ms): Min: 0.0, Avg: 0.0, Max: 0.1, Diff: 0.1, Sum: 0.3]
      [GC Worker Other (ms): Min: 0.0, Avg: 0.0, Max: 0.0, Diff: 0.0, Sum: 0.0]
      [GC Worker Total (ms): Min: 0.6, Avg: 0.7, Max: 0.7, Diff: 0.0, Sum: 5.2]
      [GC Worker End (ms): Min: 316890.4, Avg: 316890.4, Max: 316890.4, Diff: 0.0]
   [Code Root Fixup: 0.0 ms]
   [Code Root Migration: 0.0 ms]
   [Clear CT: 0.1 ms]
   [Other: 0.2 ms]
      [Choose CSet: 0.0 ms]
      [Ref Proc: 0.1 ms]
      [Ref Enq: 0.0 ms]
      [Free CSet: 0.0 ms]
   [Eden: 1024.0K(1024.0K)->0.0B(1024.0K) Survivors: 1024.0K->0.0B Heap: 7001.5K(8192.0K)->7001.5K(8192.0K)]
 [Times: user=0.01 sys=0.00, real=0.00 secs] 
316.891: [GC concurrent-root-region-scan-start]
316.891: [GC concurrent-root-region-scan-end, 0.0000060 secs]
316.891: 316.891: [GC concurrent-mark-start]
Total time for which application threads were stopped: 0.0575570 seconds, Stopping threads took: 0.0564200 seconds
316.891: Application time: 0.0000370 seconds
316.891: [GC pause (young), 0.0004780 secs]
   [Parallel Time: 0.4 ms, GC Workers: 8]
      [GC Worker Start (ms): Min: 316890.9, Avg: 316890.9, Max: 316890.9, Diff: 0.0]
      [Ext Root Scanning (ms): Min: 0.2, Avg: 0.3, Max: 0.3, Diff: 0.1, Sum: 2.0]
      [SATB Filtering (ms): Min: 0.0, Avg: 0.0, Max: 0.0, Diff: 0.0, Sum: 0.0]
      [Update RS (ms): Min: 0.0, Avg: 0.0, Max: 0.0, Diff: 0.0, Sum: 0.1]
         [Processed Buffers: Min: 0, Avg: 1.9, Max: 7, Diff: 7, Sum: 15]
      [Scan RS (ms): Min: 0.0, Avg: 0.0, Max: 0.0, Diff: 0.0, Sum: 0.0]
      [Code Root Scanning (ms): Min: 0.0, Avg: 0.0, Max: 0.0, Diff: 0.0, Sum: 0.0]
      [Object Copy (ms): Min: 0.0, Avg: 0.0, Max: 0.0, Diff: 0.0, Sum: 0.1]
      [Termination (ms): Min: 0.0, Avg: 0.0, Max: 0.1, Diff: 0.1, Sum: 0.4]
      [GC Worker Other (ms): Min: 0.0, Avg: 0.0, Max: 0.0, Diff: 0.0, Sum: 0.0]
      [GC Worker Total (ms): Min: 0.3, Avg: 0.3, Max: 0.3, Diff: 0.0, Sum: 2.6]
      [GC Worker End (ms): Min: 316891.2, Avg: 316891.3, Max: 316891.3, Diff: 0.0]
   [Code Root Fixup: 0.0 ms]
   [Code Root Migration: 0.0 ms]
   [Clear CT: 0.0 ms]
   [Other: 0.1 ms]
      [Choose CSet: 0.0 ms]
      [Ref Proc: 0.0 ms]
      [Ref Enq: 0.0 ms]
      [Free CSet: 0.0 ms]
   [Eden: 0.0B(1024.0K)->0.0B(1024.0K) Survivors: 0.0B->0.0B Heap: 7001.5K(8192.0K)->7001.5K(8192.0K)]
 [Times: user=0.00 sys=0.00, real=0.00 secs] 
316.891: Total time for which application threads were stopped: 0.0005610 seconds, Stopping threads took: 0.0000190 seconds
316.891: Application time: 0.0000320 seconds
316.892: [GC pause (young), 0.0004250 secs]
   [Parallel Time: 0.3 ms, GC Workers: 8]
      [GC Worker Start (ms): Min: 316891.5, Avg: 316891.5, Max: 316891.5, Diff: 0.0]
      [Ext Root Scanning (ms): Min: 0.2, Avg: 0.2, Max: 0.3, Diff: 0.0, Sum: 1.8]
      [SATB Filtering (ms): Min: 0.0, Avg: 0.0, Max: 0.0, Diff: 0.0, Sum: 0.0]
      [Update RS (ms): Min: 0.0, Avg: 0.0, Max: 0.0, Diff: 0.0, Sum: 0.0]
         [Processed Buffers: Min: 0, Avg: 0.1, Max: 1, Diff: 1, Sum: 1]
      [Scan RS (ms): Min: 0.0, Avg: 0.0, Max: 0.0, Diff: 0.0, Sum: 0.0]
      [Code Root Scanning (ms): Min: 0.0, Avg: 0.0, Max: 0.0, Diff: 0.0, Sum: 0.0]
      [Object Copy (ms): Min: 0.0, Avg: 0.0, Max: 0.0, Diff: 0.0, Sum: 0.1]
      [Termination (ms): Min: 0.0, Avg: 0.0, Max: 0.1, Diff: 0.1, Sum: 0.3]
      [GC Worker Other (ms): Min: -0.0, Avg: 0.0, Max: 0.0, Diff: 0.0, Sum: 0.0]
      [GC Worker Total (ms): Min: 0.3, Avg: 0.3, Max: 0.3, Diff: 0.0, Sum: 2.3]
      [GC Worker End (ms): Min: 316891.8, Avg: 316891.8, Max: 316891.8, Diff: 0.0]
   [Code Root Fixup: 0.0 ms]
   [Code Root Migration: 0.0 ms]
   [Clear CT: 0.0 ms]
   [Other: 0.1 ms]
      [Choose CSet: 0.0 ms]
      [Ref Proc: 0.0 ms]
      [Ref Enq: 0.0 ms]
      [Free CSet: 0.0 ms]
   [Eden: 0.0B(1024.0K)->0.0B(1024.0K) Survivors: 0.0B->0.0B Heap: 7001.5K(8192.0K)->7001.5K(8192.0K)]
 [Times: user=0.01 sys=0.00, real=0.00 secs] 
316.892: Total time for which application threads were stopped: 0.0004950 seconds, Stopping threads took: 0.0000140 seconds
316.892: Application time: 0.0000440 seconds
316.892: [Full GC 7001K->5724K(8192K), 0.0057390 secs]
   [Eden: 0.0B(1024.0K)->0.0B(1024.0K) Survivors: 0.0B->0.0B Heap: 7001.5K(8192.0K)->5724.5K(8192.0K)], [Perm: 5171K->5171K(20480K)]
 [Times: user=0.00 sys=0.00, real=0.00 secs] 
316.898: Total time for which application threads were stopped: 0.0058120 seconds, Stopping threads took: 0.0000140 seconds
316.898: [GC concurrent-mark-abort]
317.876: Application time: 0.9777170 seconds
317.930: [GC pause (young), 0.0017140 secs]
   [Parallel Time: 0.9 ms, GC Workers: 8]
      [GC Worker Start (ms): Min: 317930.0, Avg: 317930.0, Max: 317930.0, Diff: 0.1]
      [Ext Root Scanning (ms): Min: 0.7, Avg: 0.7, Max: 0.8, Diff: 0.1, Sum: 5.8]
      [Update RS (ms): Min: 0.0, Avg: 0.0, Max: 0.0, Diff: 0.0, Sum: 0.1]
         [Processed Buffers: Min: 0, Avg: 1.0, Max: 3, Diff: 3, Sum: 8]
      [Scan RS (ms): Min: 0.0, Avg: 0.0, Max: 0.0, Diff: 0.0, Sum: 0.0]
      [Code Root Scanning (ms): Min: 0.0, Avg: 0.0, Max: 0.0, Diff: 0.0, Sum: 0.0]
      [Object Copy (ms): Min: 0.1, Avg: 0.1, Max: 0.1, Diff: 0.0, Sum: 0.8]
      [Termination (ms): Min: 0.0, Avg: 0.0, Max: 0.0, Diff: 0.0, Sum: 0.1]
      [GC Worker Other (ms): Min: 0.0, Avg: 0.0, Max: 0.0, Diff: 0.0, Sum: 0.0]
      [GC Worker Total (ms): Min: 0.8, Avg: 0.9, Max: 0.9, Diff: 0.1, Sum: 6.8]
      [GC Worker End (ms): Min: 317930.9, Avg: 317930.9, Max: 317930.9, Diff: 0.0]
   [Code Root Fixup: 0.0 ms]
   [Code Root Migration: 0.0 ms]
   [Clear CT: 0.5 ms]
   [Other: 0.3 ms]
      [Choose CSet: 0.0 ms]
      [Ref Proc: 0.3 ms]
      [Ref Enq: 0.0 ms]
      [Free CSet: 0.0 ms]
   [Eden: 1024.0K(1024.0K)->0.0B(1024.0K) Survivors: 0.0B->1024.0K Heap: 6748.5K(8192.0K)->5973.0K(8192.0K)]
 [Times: user=0.00 sys=0.00, real=0.00 secs] 
317.932: Total time for which application threads were stopped: 0.0561840 seconds, Stopping threads took: 0.0543410 seconds
319.141: Application time: 1.2095990 seconds
319.196: [GC pause (young) (initial-mark) (to-space exhausted), 0.0011560 secs]
   [Parallel Time: 0.8 ms, GC Workers: 8]
      [GC Worker Start (ms): Min: 319195.7, Avg: 319195.7, Max: 319195.7, Diff: 0.1]
      [Ext Root Scanning (ms): Min: 0.4, Avg: 0.4, Max: 0.4, Diff: 0.1, Sum: 3.3]
      [Code Root Marking (ms): Min: 0.0, Avg: 0.0, Max: 0.0, Diff: 0.0, Sum: 0.0]
      [Update RS (ms): Min: 0.0, Avg: 0.0, Max: 0.0, Diff: 0.0, Sum: 0.1]
         [Processed Buffers: Min: 0, Avg: 1.0, Max: 2, Diff: 2, Sum: 8]
      [Scan RS (ms): Min: 0.0, Avg: 0.0, Max: 0.0, Diff: 0.0, Sum: 0.0]
      [Code Root Scanning (ms): Min: 0.0, Avg: 0.0, Max: 0.0, Diff: 0.0, Sum: 0.0]
      [Object Copy (ms): Min: 0.2, Avg: 0.2, Max: 0.2, Diff: 0.1, Sum: 1.5]
      [Termination (ms): Min: 0.0, Avg: 0.0, Max: 0.1, Diff: 0.1, Sum: 0.3]
      [GC Worker Other (ms): Min: 0.0, Avg: 0.0, Max: 0.0, Diff: 0.0, Sum: 0.0]
      [GC Worker Total (ms): Min: 0.6, Avg: 0.7, Max: 0.7, Diff: 0.1, Sum: 5.3]
      [GC Worker End (ms): Min: 319196.4, Avg: 319196.4, Max: 319196.4, Diff: 0.0]
   [Code Root Fixup: 0.0 ms]
   [Code Root Migration: 0.0 ms]
   [Clear CT: 0.1 ms]
   [Other: 0.3 ms]
      [Choose CSet: 0.0 ms]
      [Ref Proc: 0.1 ms]
      [Ref Enq: 0.0 ms]
      [Free CSet: 0.0 ms]
   [Eden: 1024.0K(1024.0K)->0.0B(1024.0K) Survivors: 1024.0K->0.0B Heap: 6997.0K(8192.0K)->6997.0K(8192.0K)]
 [Times: user=0.00 sys=0.00, real=0.00 secs] 
319.197: [GC concurrent-root-region-scan-start]
319.197: [GC concurrent-root-region-scan-end, 0.0000060 secs]
319.197: [GC concurrent-mark-start]
319.197: Total time for which application threads were stopped: 0.0555320 seconds, Stopping threads took: 0.0542720 seconds
319.197: Application time: 0.0000500 seconds
319.197: [GC pause (young), 0.0004420 secs]
   [Parallel Time: 0.3 ms, GC Workers: 8]
      [GC Worker Start (ms): Min: 319196.9, Avg: 319197.0, Max: 319197.0, Diff: 0.0]
      [Ext Root Scanning (ms): Min: 0.2, Avg: 0.3, Max: 0.3, Diff: 0.0, Sum: 2.0]
      [SATB Filtering (ms): Min: 0.0, Avg: 0.0, Max: 0.0, Diff: 0.0, Sum: 0.0]
      [Update RS (ms): Min: 0.0, Avg: 0.0, Max: 0.0, Diff: 0.0, Sum: 0.1]
         [Processed Buffers: Min: 0, Avg: 1.6, Max: 4, Diff: 4, Sum: 13]
      [Scan RS (ms): Min: 0.0, Avg: 0.0, Max: 0.0, Diff: 0.0, Sum: 0.0]
      [Code Root Scanning (ms): Min: 0.0, Avg: 0.0, Max: 0.0, Diff: 0.0, Sum: 0.0]
      [Object Copy (ms): Min: 0.0, Avg: 0.0, Max: 0.0, Diff: 0.0, Sum: 0.1]
      [Termination (ms): Min: 0.0, Avg: 0.0, Max: 0.0, Diff: 0.0, Sum: 0.1]
      [GC Worker Other (ms): Min: 0.0, Avg: 0.0, Max: 0.0, Diff: 0.0, Sum: 0.0]
      [GC Worker Total (ms): Min: 0.3, Avg: 0.3, Max: 0.3, Diff: 0.0, Sum: 2.4]
      [GC Worker End (ms): Min: 319197.2, Avg: 319197.3, Max: 319197.3, Diff: 0.0]
   [Code Root Fixup: 0.0 ms]
   [Code Root Migration: 0.0 ms]
   [Clear CT: 0.0 ms]
   [Other: 0.1 ms]
      [Choose CSet: 0.0 ms]
      [Ref Proc: 0.1 ms]
      [Ref Enq: 0.0 ms]
      [Free CSet: 0.0 ms]
   [Eden: 0.0B(1024.0K)->0.0B(1024.0K) Survivors: 0.0B->0.0B Heap: 6997.0K(8192.0K)->6997.0K(8192.0K)]
 [Times: user=0.01 sys=0.00, real=0.00 secs] 
319.197: Total time for which application threads were stopped: 0.0005000 seconds, Stopping threads took: 0.0000050 seconds
319.197: Application time: 0.0000310 seconds
319.197: [GC pause (young), 0.0004370 secs]
   [Parallel Time: 0.3 ms, GC Workers: 8]
      [GC Worker Start (ms): Min: 319197.5, Avg: 319197.5, Max: 319197.5, Diff: 0.0]
      [Ext Root Scanning (ms): Min: 0.2, Avg: 0.2, Max: 0.3, Diff: 0.0, Sum: 1.8]
      [Update RS (ms): Min: 0.0, Avg: 0.0, Max: 0.0, Diff: 0.0, Sum: 0.0]
         [Processed Buffers: Min: 0, Avg: 0.1, Max: 1, Diff: 1, Sum: 1]
      [Scan RS (ms): Min: 0.0, Avg: 0.0, Max: 0.0, Diff: 0.0, Sum: 0.0]
      [Code Root Scanning (ms): Min: 0.0, Avg: 0.0, Max: 0.0, Diff: 0.0, Sum: 0.0]
      [Object Copy (ms): Min: 0.0, Avg: 0.0, Max: 0.0, Diff: 0.0, Sum: 0.1]
      [Termination (ms): Min: 0.0, Avg: 0.0, Max: 0.1, Diff: 0.1, Sum: 0.3]
      [GC Worker Other (ms): Min: -0.0, Avg: 0.0, Max: 0.0, Diff: 0.0, Sum: 0.0]
      [GC Worker Total (ms): Min: 0.3, Avg: 0.3, Max: 0.3, Diff: 0.0, Sum: 2.3]
      [GC Worker End (ms): Min: 319197.8, Avg: 319197.8, Max: 319197.8, Diff: 0.0]
   [Code Root Fixup: 0.0 ms]
   [Code Root Migration: 0.0 ms]
   [Clear CT: 0.0 ms]
   [Other: 0.1 ms]
      [Choose CSet: 0.0 ms]
      [Ref Proc: 0.0 ms]
      [Ref Enq: 0.0 ms]
      [Free CSet: 0.0 ms]
   [Eden: 0.0B(1024.0K)->0.0B(1024.0K) Survivors: 0.0B->0.0B Heap: 6997.0K(8192.0K)->6997.0K(8192.0K)]
 [Times: user=0.00 sys=0.00, real=0.00 secs] 
319.198: Total time for which application threads were stopped: 0.0005000 seconds, Stopping threads took: 0.0000030 seconds
319.198: Application time: 0.0000180 seconds
319.198: [Full GC 6996K->5725K(8192K), 0.0057850 secs]
   [Eden: 0.0B(1024.0K)->0.0B(1024.0K) Survivors: 0.0B->0.0B Heap: 6997.0K(8192.0K)->5725.8K(8192.0K)], [Perm: 5171K->5171K(20480K)]
 [Times: user=0.01 sys=0.00, real=0.01 secs] 
319.204: Total time for which application threads were stopped: 0.0058460 seconds, Stopping threads took: 0.0000030 seconds
319.204: [GC concurrent-mark-abort]
320.632: Application time: 1.4281450 seconds
320.686: [GC pause (young), 0.0016820 secs]
   [Parallel Time: 0.9 ms, GC Workers: 8]
      [GC Worker Start (ms): Min: 320686.0, Avg: 320686.0, Max: 320686.1, Diff: 0.1]
      [Ext Root Scanning (ms): Min: 0.7, Avg: 0.7, Max: 0.8, Diff: 0.1, Sum: 5.9]
      [Update RS (ms): Min: 0.0, Avg: 0.0, Max: 0.0, Diff: 0.0, Sum: 0.1]
         [Processed Buffers: Min: 0, Avg: 1.0, Max: 2, Diff: 2, Sum: 8]
      [Scan RS (ms): Min: 0.0, Avg: 0.0, Max: 0.0, Diff: 0.0, Sum: 0.0]
      [Code Root Scanning (ms): Min: 0.0, Avg: 0.0, Max: 0.0, Diff: 0.0, Sum: 0.0]
      [Object Copy (ms): Min: 0.1, Avg: 0.1, Max: 0.1, Diff: 0.0, Sum: 0.7]
      [Termination (ms): Min: 0.0, Avg: 0.0, Max: 0.0, Diff: 0.0, Sum: 0.1]
      [GC Worker Other (ms): Min: 0.0, Avg: 0.0, Max: 0.0, Diff: 0.0, Sum: 0.1]
      [GC Worker Total (ms): Min: 0.8, Avg: 0.8, Max: 0.9, Diff: 0.1, Sum: 6.7]
      [GC Worker End (ms): Min: 320686.9, Avg: 320686.9, Max: 320686.9, Diff: 0.0]
   [Code Root Fixup: 0.0 ms]
   [Code Root Migration: 0.0 ms]
   [Clear CT: 0.4 ms]
   [Other: 0.3 ms]
      [Choose CSet: 0.0 ms]
      [Ref Proc: 0.3 ms]
      [Ref Enq: 0.0 ms]
      [Free CSet: 0.0 ms]
   [Eden: 1024.0K(1024.0K)->0.0B(1024.0K) Survivors: 0.0B->1024.0K Heap: 6749.8K(8192.0K)->5950.3K(8192.0K)]
 [Times: user=0.01 sys=0.00, real=0.00 secs] 
320.688: Total time for which application threads were stopped: 0.0557040 seconds, Stopping threads took: 0.0539010 seconds
321.724: Application time: 1.0364960 seconds
321.780: [GC pause (young) (initial-mark) (to-space exhausted), 0.0011310 secs]
   [Parallel Time: 0.8 ms, GC Workers: 8]
      [GC Worker Start (ms): Min: 321780.4, Avg: 321780.5, Max: 321780.5, Diff: 0.1]
      [Ext Root Scanning (ms): Min: 0.4, Avg: 0.4, Max: 0.5, Diff: 0.1, Sum: 3.3]
      [Code Root Marking (ms): Min: 0.0, Avg: 0.0, Max: 0.0, Diff: 0.0, Sum: 0.0]
      [Update RS (ms): Min: 0.0, Avg: 0.0, Max: 0.0, Diff: 0.0, Sum: 0.1]
         [Processed Buffers: Min: 0, Avg: 1.1, Max: 3, Diff: 3, Sum: 9]
      [Scan RS (ms): Min: 0.0, Avg: 0.0, Max: 0.0, Diff: 0.0, Sum: 0.0]
      [Code Root Scanning (ms): Min: 0.0, Avg: 0.0, Max: 0.0, Diff: 0.0, Sum: 0.0]
      [Object Copy (ms): Min: 0.1, Avg: 0.2, Max: 0.3, Diff: 0.1, Sum: 1.7]
      [Termination (ms): Min: 0.0, Avg: 0.0, Max: 0.1, Diff: 0.1, Sum: 0.3]
      [GC Worker Other (ms): Min: 0.0, Avg: 0.0, Max: 0.0, Diff: 0.0, Sum: 0.0]
      [GC Worker Total (ms): Min: 0.6, Avg: 0.7, Max: 0.7, Diff: 0.1, Sum: 5.4]
      [GC Worker End (ms): Min: 321781.2, Avg: 321781.2, Max: 321781.2, Diff: 0.0]
   [Code Root Fixup: 0.0 ms]
   [Code Root Migration: 0.0 ms]
   [Clear CT: 0.1 ms]
   [Other: 0.2 ms]
      [Choose CSet: 0.0 ms]
      [Ref Proc: 0.1 ms]
      [Ref Enq: 0.0 ms]
      [Free CSet: 0.0 ms]
   [Eden: 1024.0K(1024.0K)->0.0B(1024.0K) Survivors: 1024.0K->0.0B Heap: 6974.3K(8192.0K)->6974.3K(8192.0K)]
 [Times: user=0.00 sys=0.00, real=0.01 secs] 
321.782: [GC concurrent-root-region-scan-start]
321.782: [GC concurrent-root-region-scan-end, 0.0000060 secs]
321.782: 321.782: [GC concurrent-mark-start]
Total time for which application threads were stopped: 0.0574320 seconds, Stopping threads took: 0.0561670 seconds
321.782: Application time: 0.0000380 seconds
321.782: [GC pause (young), 0.0004510 secs]
   [Parallel Time: 0.3 ms, GC Workers: 8]
      [GC Worker Start (ms): Min: 321781.7, Avg: 321781.7, Max: 321781.7, Diff: 0.0]
      [Ext Root Scanning (ms): Min: 0.2, Avg: 0.3, Max: 0.3, Diff: 0.1, Sum: 2.0]
      [SATB Filtering (ms): Min: 0.0, Avg: 0.0, Max: 0.0, Diff: 0.0, Sum: 0.0]
      [Update RS (ms): Min: 0.0, Avg: 0.0, Max: 0.0, Diff: 0.0, Sum: 0.1]
         [Processed Buffers: Min: 0, Avg: 1.9, Max: 8, Diff: 8, Sum: 15]
      [Scan RS (ms): Min: 0.0, Avg: 0.0, Max: 0.0, Diff: 0.0, Sum: 0.0]
      [Code Root Scanning (ms): Min: 0.0, Avg: 0.0, Max: 0.0, Diff: 0.0, Sum: 0.0]
      [Object Copy (ms): Min: 0.0, Avg: 0.0, Max: 0.0, Diff: 0.0, Sum: 0.1]
      [Termination (ms): Min: 0.0, Avg: 0.0, Max: 0.0, Diff: 0.0, Sum: 0.2]
      [GC Worker Other (ms): Min: 0.0, Avg: 0.0, Max: 0.0, Diff: 0.0, Sum: 0.0]
      [GC Worker Total (ms): Min: 0.3, Avg: 0.3, Max: 0.3, Diff: 0.0, Sum: 2.5]
      [GC Worker End (ms): Min: 321782.0, Avg: 321782.0, Max: 321782.0, Diff: 0.0]
   [Code Root Fixup: 0.0 ms]
   [Code Root Migration: 0.0 ms]
   [Clear CT: 0.0 ms]
   [Other: 0.1 ms]
      [Choose CSet: 0.0 ms]
      [Ref Proc: 0.1 ms]
      [Ref Enq: 0.0 ms]
      [Free CSet: 0.0 ms]
   [Eden: 0.0B(1024.0K)->0.0B(1024.0K) Survivors: 0.0B->0.0B Heap: 6974.3K(8192.0K)->6974.3K(8192.0K)]
 [Times: user=0.00 sys=0.00, real=0.00 secs] 
321.782: Total time for which application threads were stopped: 0.0005120 seconds, Stopping threads took: 0.0000060 seconds
321.782: Application time: 0.0000320 seconds
321.782: [GC pause (young), 0.0004250 secs]
   [Parallel Time: 0.3 ms, GC Workers: 8]
      [GC Worker Start (ms): Min: 321782.2, Avg: 321782.2, Max: 321782.2, Diff: 0.0]
      [Ext Root Scanning (ms): Min: 0.2, Avg: 0.2, Max: 0.3, Diff: 0.0, Sum: 1.8]
      [Update RS (ms): Min: 0.0, Avg: 0.0, Max: 0.0, Diff: 0.0, Sum: 0.0]
         [Processed Buffers: Min: 0, Avg: 0.1, Max: 1, Diff: 1, Sum: 1]
      [Scan RS (ms): Min: 0.0, Avg: 0.0, Max: 0.0, Diff: 0.0, Sum: 0.0]
      [Code Root Scanning (ms): Min: 0.0, Avg: 0.0, Max: 0.0, Diff: 0.0, Sum: 0.0]
      [Object Copy (ms): Min: 0.0, Avg: 0.0, Max: 0.0, Diff: 0.0, Sum: 0.1]
      [Termination (ms): Min: 0.0, Avg: 0.0, Max: 0.1, Diff: 0.1, Sum: 0.3]
      [GC Worker Other (ms): Min: -0.0, Avg: 0.0, Max: 0.0, Diff: 0.0, Sum: 0.0]
      [GC Worker Total (ms): Min: 0.3, Avg: 0.3, Max: 0.3, Diff: 0.0, Sum: 2.3]
      [GC Worker End (ms): Min: 321782.5, Avg: 321782.5, Max: 321782.5, Diff: 0.0]
   [Code Root Fixup: 0.0 ms]
   [Code Root Migration: 0.0 ms]
   [Clear CT: 0.0 ms]
   [Other: 0.1 ms]
      [Choose CSet: 0.0 ms]
      [Ref Proc: 0.1 ms]
      [Ref Enq: 0.0 ms]
      [Free CSet: 0.0 ms]
   [Eden: 0.0B(1024.0K)->0.0B(1024.0K) Survivors: 0.0B->0.0B Heap: 6974.3K(8192.0K)->6974.3K(8192.0K)]
 [Times: user=0.01 sys=0.00, real=0.00 secs] 
321.783: Total time for which application threads were stopped: 0.0004810 seconds, Stopping threads took: 0.0000040 seconds
321.783: Application time: 0.0000270 seconds
321.783: [Full GC 6974K->5711K(8192K), 0.0055890 secs]
   [Eden: 0.0B(1024.0K)->0.0B(1024.0K) Survivors: 0.0B->0.0B Heap: 6974.3K(8192.0K)->5711.4K(8192.0K)], [Perm: 5171K->5171K(20480K)]
 [Times: user=0.01 sys=0.00, real=0.00 secs] 
321.788: Total time for which application threads were stopped: 0.0056470 seconds, Stopping threads took: 0.0000030 seconds
321.788: [GC concurrent-mark-abort]
323.288: Application time: 1.4992360 seconds
323.342: [GC pause (young), 0.0020270 secs]
   [Parallel Time: 1.1 ms, GC Workers: 8]
      [GC Worker Start (ms): Min: 323341.9, Avg: 323342.0, Max: 323342.1, Diff: 0.1]
      [Ext Root Scanning (ms): Min: 0.7, Avg: 0.7, Max: 0.8, Diff: 0.1, Sum: 5.9]
      [Update RS (ms): Min: 0.0, Avg: 0.0, Max: 0.0, Diff: 0.0, Sum: 0.1]
         [Processed Buffers: Min: 0, Avg: 1.0, Max: 3, Diff: 3, Sum: 8]
      [Scan RS (ms): Min: 0.0, Avg: 0.0, Max: 0.0, Diff: 0.0, Sum: 0.0]
      [Code Root Scanning (ms): Min: 0.0, Avg: 0.0, Max: 0.0, Diff: 0.0, Sum: 0.0]
      [Object Copy (ms): Min: 0.1, Avg: 0.1, Max: 0.1, Diff: 0.0, Sum: 0.7]
      [Termination (ms): Min: 0.0, Avg: 0.0, Max: 0.0, Diff: 0.0, Sum: 0.1]
      [GC Worker Other (ms): Min: 0.0, Avg: 0.0, Max: 0.0, Diff: 0.0, Sum: 0.1]
      [GC Worker Total (ms): Min: 0.8, Avg: 0.8, Max: 0.9, Diff: 0.1, Sum: 6.8]
      [GC Worker End (ms): Min: 323342.8, Avg: 323342.9, Max: 323342.9, Diff: 0.0]
   [Code Root Fixup: 0.0 ms]
   [Code Root Migration: 0.0 ms]
   [Clear CT: 0.7 ms]
   [Other: 0.2 ms]
      [Choose CSet: 0.0 ms]
      [Ref Proc: 0.2 ms]
      [Ref Enq: 0.0 ms]
      [Free CSet: 0.0 ms]
   [Eden: 1024.0K(1024.0K)->0.0B(1024.0K) Survivors: 0.0B->1024.0K Heap: 6735.4K(8192.0K)->5935.9K(8192.0K)]
 [Times: user=0.01 sys=0.00, real=0.00 secs] 
323.344: Total time for which application threads were stopped: 0.0564370 seconds, Stopping threads took: 0.0542770 seconds
324.380: Application time: 1.0360680 seconds
324.436: [GC pause (young) (initial-mark) (to-space exhausted), 0.0011260 secs]
   [Parallel Time: 0.8 ms, GC Workers: 8]
      [GC Worker Start (ms): Min: 324436.2, Avg: 324436.3, Max: 324436.3, Diff: 0.1]
      [Ext Root Scanning (ms): Min: 0.4, Avg: 0.4, Max: 0.5, Diff: 0.1, Sum: 3.4]
      [Code Root Marking (ms): Min: 0.0, Avg: 0.0, Max: 0.0, Diff: 0.0, Sum: 0.0]
      [Update RS (ms): Min: 0.0, Avg: 0.0, Max: 0.0, Diff: 0.0, Sum: 0.1]
         [Processed Buffers: Min: 0, Avg: 1.1, Max: 4, Diff: 4, Sum: 9]
      [Scan RS (ms): Min: 0.0, Avg: 0.0, Max: 0.0, Diff: 0.0, Sum: 0.0]
      [Code Root Scanning (ms): Min: 0.0, Avg: 0.0, Max: 0.0, Diff: 0.0, Sum: 0.0]
      [Object Copy (ms): Min: 0.1, Avg: 0.2, Max: 0.2, Diff: 0.1, Sum: 1.3]
      [Termination (ms): Min: 0.0, Avg: 0.0, Max: 0.1, Diff: 0.1, Sum: 0.3]
      [GC Worker Other (ms): Min: 0.0, Avg: 0.0, Max: 0.0, Diff: 0.0, Sum: 0.0]
      [GC Worker Total (ms): Min: 0.6, Avg: 0.6, Max: 0.7, Diff: 0.1, Sum: 5.1]
      [GC Worker End (ms): Min: 324436.9, Avg: 324436.9, Max: 324436.9, Diff: 0.0]
   [Code Root Fixup: 0.0 ms]
   [Code Root Migration: 0.0 ms]
   [Clear CT: 0.1 ms]
   [Other: 0.3 ms]
      [Choose CSet: 0.0 ms]
      [Ref Proc: 0.1 ms]
      [Ref Enq: 0.0 ms]
      [Free CSet: 0.0 ms]
   [Eden: 1024.0K(1024.0K)->0.0B(1024.0K) Survivors: 1024.0K->0.0B Heap: 6959.9K(8192.0K)->6959.9K(8192.0K)]
 [Times: user=0.00 sys=0.00, real=0.00 secs] 
324.437: [GC concurrent-root-region-scan-start]
324.437: 324.437[GC concurrent-root-region-scan-end, 0.0000040 secs]
: 324.437: [GC concurrent-mark-start]
Total time for which application threads were stopped: 0.0572890 seconds, Stopping threads took: 0.0560530 seconds
324.437: Application time: 0.0000380 seconds
324.437: [Full GC 6959K->5737K(8192K), 0.0057450 secs]
   [Eden: 0.0B(1024.0K)->0.0B(1024.0K) Survivors: 0.0B->0.0B Heap: 6959.9K(8192.0K)->5737.2K(8192.0K)], [Perm: 5171K->5171K(20480K)]
 [Times: user=0.01 sys=0.00, real=0.01 secs] 
324.443: Total time for which application threads were stopped: 0.0058110 seconds, Stopping threads took: 0.0000050 seconds
324.457: [GC concurrent-mark-abort]
325.649: Application time: 1.2054410 seconds
325.697: [GC pause (young), 0.0012620 secs]
   [Parallel Time: 1.0 ms, GC Workers: 8]
      [GC Worker Start (ms): Min: 325696.7, Avg: 325696.8, Max: 325696.8, Diff: 0.1]
      [Ext Root Scanning (ms): Min: 0.7, Avg: 0.8, Max: 0.8, Diff: 0.1, Sum: 6.0]
      [Update RS (ms): Min: 0.0, Avg: 0.0, Max: 0.0, Diff: 0.0, Sum: 0.1]
         [Processed Buffers: Min: 0, Avg: 1.0, Max: 3, Diff: 3, Sum: 8]
      [Scan RS (ms): Min: 0.0, Avg: 0.0, Max: 0.0, Diff: 0.0, Sum: 0.0]
      [Code Root Scanning (ms): Min: 0.0, Avg: 0.0, Max: 0.0, Diff: 0.0, Sum: 0.0]
      [Object Copy (ms): Min: 0.1, Avg: 0.1, Max: 0.1, Diff: 0.0, Sum: 0.7]
      [Termination (ms): Min: 0.0, Avg: 0.0, Max: 0.0, Diff: 0.0, Sum: 0.1]
      [GC Worker Other (ms): Min: 0.0, Avg: 0.0, Max: 0.0, Diff: 0.0, Sum: 0.0]
      [GC Worker Total (ms): Min: 0.8, Avg: 0.9, Max: 0.9, Diff: 0.1, Sum: 6.9]
      [GC Worker End (ms): Min: 325697.7, Avg: 325697.7, Max: 325697.7, Diff: 0.0]
   [Code Root Fixup: 0.0 ms]
   [Code Root Migration: 0.0 ms]
   [Clear CT: 0.1 ms]
   [Other: 0.2 ms]
      [Choose CSet: 0.0 ms]
      [Ref Proc: 0.2 ms]
      [Ref Enq: 0.0 ms]
      [Free CSet: 0.0 ms]
   [Eden: 1024.0K(1024.0K)->0.0B(1024.0K) Survivors: 0.0B->1024.0K Heap: 6761.2K(8192.0K)->5959.7K(8192.0K)]
 [Times: user=0.01 sys=0.00, real=0.00 secs] 
325.698: Total time for which application threads were stopped: 0.0493580 seconds, Stopping threads took: 0.0479850 seconds
326.698: Application time: 1.0001170 seconds
326.751: Total time for which application threads were stopped: 0.0523860 seconds, Stopping threads took: 0.0523620 seconds
327.097: Application time: 0.3463880 seconds
327.153: [GC pause (young) (initial-mark) (to-space exhausted), 0.0011430 secs]
   [Parallel Time: 0.8 ms, GC Workers: 8]
      [GC Worker Start (ms): Min: 327153.0, Avg: 327153.0, Max: 327153.1, Diff: 0.1]
      [Ext Root Scanning (ms): Min: 0.4, Avg: 0.4, Max: 0.5, Diff: 0.1, Sum: 3.3]
      [Code Root Marking (ms): Min: 0.0, Avg: 0.0, Max: 0.0, Diff: 0.0, Sum: 0.0]
      [Update RS (ms): Min: 0.0, Avg: 0.0, Max: 0.0, Diff: 0.0, Sum: 0.1]
         [Processed Buffers: Min: 0, Avg: 1.0, Max: 4, Diff: 4, Sum: 8]
      [Scan RS (ms): Min: 0.0, Avg: 0.0, Max: 0.0, Diff: 0.0, Sum: 0.0]
      [Code Root Scanning (ms): Min: 0.0, Avg: 0.0, Max: 0.0, Diff: 0.0, Sum: 0.0]
      [Object Copy (ms): Min: 0.1, Avg: 0.2, Max: 0.2, Diff: 0.1, Sum: 1.6]
      [Termination (ms): Min: 0.0, Avg: 0.0, Max: 0.1, Diff: 0.1, Sum: 0.3]
      [GC Worker Other (ms): Min: 0.0, Avg: 0.0, Max: 0.0, Diff: 0.0, Sum: 0.0]
      [GC Worker Total (ms): Min: 0.6, Avg: 0.7, Max: 0.7, Diff: 0.1, Sum: 5.4]
      [GC Worker End (ms): Min: 327153.7, Avg: 327153.7, Max: 327153.7, Diff: 0.0]
   [Code Root Fixup: 0.0 ms]
   [Code Root Migration: 0.0 ms]
   [Clear CT: 0.1 ms]
   [Other: 0.3 ms]
      [Choose CSet: 0.0 ms]
      [Ref Proc: 0.1 ms]
      [Ref Enq: 0.0 ms]
      [Free CSet: 0.0 ms]
   [Eden: 1024.0K(1024.0K)->0.0B(1024.0K) Survivors: 1024.0K->0.0B Heap: 6983.7K(8192.0K)->6983.7K(8192.0K)]
 [Times: user=0.01 sys=0.00, real=0.00 secs] 
327.154: [GC concurrent-root-region-scan-start]
327.154: [GC concurrent-root-region-scan-end, 0.0000060 secs]
327.154: 327.154: [GC concurrent-mark-start]
Total time for which application threads were stopped: 0.0572530 seconds, Stopping threads took: 0.0560150 seconds
327.154: Application time: 0.0000400 seconds
327.154: [GC pause (young), 0.0005300 secs]
   [Parallel Time: 0.4 ms, GC Workers: 8]
      [GC Worker Start (ms): Min: 327154.2, Avg: 327154.3, Max: 327154.3, Diff: 0.0]
      [Ext Root Scanning (ms): Min: 0.2, Avg: 0.3, Max: 0.3, Diff: 0.1, Sum: 2.0]
      [SATB Filtering (ms): Min: 0.0, Avg: 0.0, Max: 0.0, Diff: 0.0, Sum: 0.0]
      [Update RS (ms): Min: 0.0, Avg: 0.0, Max: 0.0, Diff: 0.0, Sum: 0.1]
         [Processed Buffers: Min: 0, Avg: 1.4, Max: 4, Diff: 4, Sum: 11]
      [Scan RS (ms): Min: 0.0, Avg: 0.0, Max: 0.0, Diff: 0.0, Sum: 0.0]
      [Code Root Scanning (ms): Min: 0.0, Avg: 0.0, Max: 0.0, Diff: 0.0, Sum: 0.0]
      [Object Copy (ms): Min: 0.0, Avg: 0.0, Max: 0.0, Diff: 0.0, Sum: 0.1]
      [Termination (ms): Min: 0.0, Avg: 0.0, Max: 0.1, Diff: 0.1, Sum: 0.4]
      [GC Worker Other (ms): Min: 0.0, Avg: 0.0, Max: 0.0, Diff: 0.0, Sum: 0.0]
      [GC Worker Total (ms): Min: 0.3, Avg: 0.3, Max: 0.3, Diff: 0.0, Sum: 2.6]
      [GC Worker End (ms): Min: 327154.6, Avg: 327154.6, Max: 327154.6, Diff: 0.0]
   [Code Root Fixup: 0.0 ms]
   [Code Root Migration: 0.0 ms]
   [Clear CT: 0.0 ms]
   [Other: 0.1 ms]
      [Choose CSet: 0.0 ms]
      [Ref Proc: 0.1 ms]
      [Ref Enq: 0.0 ms]
      [Free CSet: 0.0 ms]
   [Eden: 0.0B(1024.0K)->0.0B(1024.0K) Survivors: 0.0B->0.0B Heap: 6983.7K(8192.0K)->6983.7K(8192.0K)]
 [Times: user=0.00 sys=0.00, real=0.00 secs] 
327.155: Total time for which application threads were stopped: 0.0005990 seconds, Stopping threads took: 0.0000070 seconds
327.155: Application time: 0.0000310 seconds
327.155: [GC pause (young), 0.0005240 secs]
   [Parallel Time: 0.4 ms, GC Workers: 8]
      [GC Worker Start (ms): Min: 327154.9, Avg: 327154.9, Max: 327155.2, Diff: 0.3]
      [Ext Root Scanning (ms): Min: 0.0, Avg: 0.2, Max: 0.3, Diff: 0.3, Sum: 1.7]
      [SATB Filtering (ms): Min: 0.0, Avg: 0.0, Max: 0.0, Diff: 0.0, Sum: 0.0]
      [Update RS (ms): Min: 0.0, Avg: 0.0, Max: 0.0, Diff: 0.0, Sum: 0.0]
         [Processed Buffers: Min: 0, Avg: 0.1, Max: 1, Diff: 1, Sum: 1]
      [Scan RS (ms): Min: 0.0, Avg: 0.0, Max: 0.0, Diff: 0.0, Sum: 0.0]
      [Code Root Scanning (ms): Min: 0.0, Avg: 0.0, Max: 0.0, Diff: 0.0, Sum: 0.0]
      [Object Copy (ms): Min: 0.0, Avg: 0.0, Max: 0.0, Diff: 0.0, Sum: 0.1]
      [Termination (ms): Min: 0.0, Avg: 0.1, Max: 0.1, Diff: 0.1, Sum: 0.4]
      [GC Worker Other (ms): Min: -0.0, Avg: 0.0, Max: 0.0, Diff: 0.0, Sum: 0.0]
      [GC Worker Total (ms): Min: 0.0, Avg: 0.3, Max: 0.3, Diff: 0.3, Sum: 2.2]
      [GC Worker End (ms): Min: 327155.2, Avg: 327155.2, Max: 327155.2, Diff: 0.0]
   [Code Root Fixup: 0.0 ms]
   [Code Root Migration: 0.0 ms]
   [Clear CT: 0.0 ms]
   [Other: 0.1 ms]
      [Choose CSet: 0.0 ms]
      [Ref Proc: 0.1 ms]
      [Ref Enq: 0.0 ms]
      [Free CSet: 0.0 ms]
   [Eden: 0.0B(1024.0K)->0.0B(1024.0K) Survivors: 0.0B->0.0B Heap: 6983.7K(8192.0K)->6983.7K(8192.0K)]
 [Times: user=0.00 sys=0.00, real=0.00 secs] 
327.155: Total time for which application threads were stopped: 0.0005840 seconds, Stopping threads took: 0.0000050 seconds
327.155: Application time: 0.0000260 seconds
327.155: [Full GC 6983K->5738K(8192K), 0.0058180 secs]
   [Eden: 0.0B(1024.0K)->0.0B(1024.0K) Survivors: 0.0B->0.0B Heap: 6983.7K(8192.0K)->5738.9K(8192.0K)], [Perm: 5171K->5171K(20480K)]
 [Times: user=0.01 sys=0.00, real=0.00 secs] 
327.161: Total time for which application threads were stopped: 0.0058790 seconds, Stopping threads took: 0.0000030 seconds
327.161: [GC concurrent-mark-abort]
328.198: Application time: 1.0363590 seconds
328.253: [GC pause (young), 0.0018830 secs]
   [Parallel Time: 1.0 ms, GC Workers: 8]
      [GC Worker Start (ms): Min: 328252.6, Avg: 328252.7, Max: 328252.7, Diff: 0.1]
      [Ext Root Scanning (ms): Min: 0.7, Avg: 0.7, Max: 0.8, Diff: 0.1, Sum: 6.0]
      [Update RS (ms): Min: 0.0, Avg: 0.0, Max: 0.0, Diff: 0.0, Sum: 0.1]
         [Processed Buffers: Min: 0, Avg: 1.0, Max: 3, Diff: 3, Sum: 8]
      [Scan RS (ms): Min: 0.0, Avg: 0.0, Max: 0.0, Diff: 0.0, Sum: 0.0]
      [Code Root Scanning (ms): Min: 0.0, Avg: 0.0, Max: 0.0, Diff: 0.0, Sum: 0.0]
      [Object Copy (ms): Min: 0.1, Avg: 0.1, Max: 0.1, Diff: 0.1, Sum: 0.7]
      [Termination (ms): Min: 0.0, Avg: 0.0, Max: 0.0, Diff: 0.0, Sum: 0.2]
      [GC Worker Other (ms): Min: 0.0, Avg: 0.0, Max: 0.0, Diff: 0.0, Sum: 0.0]
      [GC Worker Total (ms): Min: 0.8, Avg: 0.9, Max: 0.9, Diff: 0.1, Sum: 7.0]
      [GC Worker End (ms): Min: 328253.6, Avg: 328253.6, Max: 328253.6, Diff: 0.0]
   [Code Root Fixup: 0.0 ms]
   [Code Root Migration: 0.0 ms]
   [Clear CT: 0.7 ms]
   [Other: 0.2 ms]
      [Choose CSet: 0.0 ms]
      [Ref Proc: 0.1 ms]
      [Ref Enq: 0.0 ms]
      [Free CSet: 0.0 ms]
   [Eden: 1024.0K(1024.0K)->0.0B(1024.0K) Survivors: 0.0B->1024.0K Heap: 6762.9K(8192.0K)->5977.4K(8192.0K)]
 [Times: user=0.01 sys=0.00, real=0.00 secs] 
328.255: Total time for which application threads were stopped: 0.0568530 seconds, Stopping threads took: 0.0548430 seconds
329.460: Application time: 1.2052340 seconds
329.514: [GC pause (young) (initial-mark) (to-space exhausted), 0.0016110 secs]
   [Parallel Time: 1.0 ms, GC Workers: 8]
      [GC Worker Start (ms): Min: 329514.3, Avg: 329514.4, Max: 329514.4, Diff: 0.1]
      [Ext Root Scanning (ms): Min: 0.3, Avg: 0.4, Max: 0.4, Diff: 0.1, Sum: 3.2]
      [Code Root Marking (ms): Min: 0.0, Avg: 0.0, Max: 0.0, Diff: 0.0, Sum: 0.0]
      [Update RS (ms): Min: 0.0, Avg: 0.0, Max: 0.0, Diff: 0.0, Sum: 0.0]
         [Processed Buffers: Min: 0, Avg: 0.9, Max: 3, Diff: 3, Sum: 7]
      [Scan RS (ms): Min: 0.0, Avg: 0.0, Max: 0.0, Diff: 0.0, Sum: 0.0]
      [Code Root Scanning (ms): Min: 0.0, Avg: 0.0, Max: 0.0, Diff: 0.0, Sum: 0.0]
      [Object Copy (ms): Min: 0.1, Avg: 0.2, Max: 0.2, Diff: 0.1, Sum: 1.3]
      [Termination (ms): Min: 0.0, Avg: 0.0, Max: 0.1, Diff: 0.1, Sum: 0.3]
      [GC Worker Other (ms): Min: 0.0, Avg: 0.0, Max: 0.0, Diff: 0.0, Sum: 0.0]
      [GC Worker Total (ms): Min: 0.6, Avg: 0.6, Max: 0.7, Diff: 0.1, Sum: 4.9]
      [GC Worker End (ms): Min: 329515.0, Avg: 329515.0, Max: 329515.0, Diff: 0.0]
   [Code Root Fixup: 0.0 ms]
   [Code Root Migration: 0.0 ms]
   [Clear CT: 0.3 ms]
   [Other: 0.4 ms]
      [Choose CSet: 0.0 ms]
      [Ref Proc: 0.2 ms]
      [Ref Enq: 0.0 ms]
      [Free CSet: 0.0 ms]
   [Eden: 1024.0K(1024.0K)->0.0B(1024.0K) Survivors: 1024.0K->0.0B Heap: 7001.4K(8192.0K)->7001.4K(8192.0K)]
 [Times: user=0.01 sys=0.00, real=0.00 secs] 
329.516: Total time for which application threads were stopped: 0.0561600 seconds, Stopping threads took: 0.0544190 seconds
329.516: [GC concurrent-root-region-scan-start]
329.516: [GC concurrent-root-region-scan-end, 0.0000030 secs]
329.516: [GC concurrent-mark-start]
329.516: Application time: 0.0000370 seconds
329.516: [GC pause (young), 0.0004600 secs]
   [Parallel Time: 0.3 ms, GC Workers: 8]
      [GC Worker Start (ms): Min: 329516.0, Avg: 329516.0, Max: 329516.1, Diff: 0.0]
      [Ext Root Scanning (ms): Min: 0.2, Avg: 0.3, Max: 0.3, Diff: 0.1, Sum: 2.0]
      [SATB Filtering (ms): Min: 0.0, Avg: 0.0, Max: 0.0, Diff: 0.0, Sum: 0.0]
      [Update RS (ms): Min: 0.0, Avg: 0.0, Max: 0.0, Diff: 0.0, Sum: 0.1]
         [Processed Buffers: Min: 0, Avg: 1.8, Max: 5, Diff: 5, Sum: 14]
      [Scan RS (ms): Min: 0.0, Avg: 0.0, Max: 0.0, Diff: 0.0, Sum: 0.0]
      [Code Root Scanning (ms): Min: 0.0, Avg: 0.0, Max: 0.0, Diff: 0.0, Sum: 0.0]
      [Object Copy (ms): Min: 0.0, Avg: 0.0, Max: 0.0, Diff: 0.0, Sum: 0.1]
      [Termination (ms): Min: 0.0, Avg: 0.0, Max: 0.0, Diff: 0.0, Sum: 0.2]
      [GC Worker Other (ms): Min: 0.0, Avg: 0.0, Max: 0.0, Diff: 0.0, Sum: 0.0]
      [GC Worker Total (ms): Min: 0.3, Avg: 0.3, Max: 0.3, Diff: 0.0, Sum: 2.4]
      [GC Worker End (ms): Min: 329516.3, Avg: 329516.4, Max: 329516.4, Diff: 0.0]
   [Code Root Fixup: 0.0 ms]
   [Code Root Migration: 0.0 ms]
   [Clear CT: 0.0 ms]
   [Other: 0.1 ms]
      [Choose CSet: 0.0 ms]
      [Ref Proc: 0.1 ms]
      [Ref Enq: 0.0 ms]
      [Free CSet: 0.0 ms]
   [Eden: 0.0B(1024.0K)->0.0B(1024.0K) Survivors: 0.0B->0.0B Heap: 7001.4K(8192.0K)->7001.4K(8192.0K)]
 [Times: user=0.00 sys=0.00, real=0.00 secs] 
329.517: Total time for which application threads were stopped: 0.0005350 seconds, Stopping threads took: 0.0000200 seconds
329.517: Application time: 0.0000390 seconds
329.517: [GC pause (young), 0.0004460 secs]
   [Parallel Time: 0.3 ms, GC Workers: 8]
      [GC Worker Start (ms): Min: 329516.6, Avg: 329516.6, Max: 329516.6, Diff: 0.0]
      [Ext Root Scanning (ms): Min: 0.2, Avg: 0.2, Max: 0.3, Diff: 0.0, Sum: 1.8]
      [Update RS (ms): Min: 0.0, Avg: 0.0, Max: 0.0, Diff: 0.0, Sum: 0.0]
         [Processed Buffers: Min: 0, Avg: 0.1, Max: 1, Diff: 1, Sum: 1]
      [Scan RS (ms): Min: 0.0, Avg: 0.0, Max: 0.0, Diff: 0.0, Sum: 0.0]
      [Code Root Scanning (ms): Min: 0.0, Avg: 0.0, Max: 0.0, Diff: 0.0, Sum: 0.0]
      [Object Copy (ms): Min: 0.0, Avg: 0.0, Max: 0.0, Diff: 0.0, Sum: 0.1]
      [Termination (ms): Min: 0.0, Avg: 0.0, Max: 0.1, Diff: 0.1, Sum: 0.3]
      [GC Worker Other (ms): Min: -0.0, Avg: 0.0, Max: 0.0, Diff: 0.0, Sum: 0.0]
      [GC Worker Total (ms): Min: 0.3, Avg: 0.3, Max: 0.3, Diff: 0.0, Sum: 2.3]
      [GC Worker End (ms): Min: 329516.9, Avg: 329516.9, Max: 329516.9, Diff: 0.0]
   [Code Root Fixup: 0.0 ms]
   [Code Root Migration: 0.0 ms]
   [Clear CT: 0.0 ms]
   [Other: 0.1 ms]
      [Choose CSet: 0.0 ms]
      [Ref Proc: 0.1 ms]
      [Ref Enq: 0.0 ms]
      [Free CSet: 0.0 ms]
   [Eden: 0.0B(1024.0K)->0.0B(1024.0K) Survivors: 0.0B->0.0B Heap: 7001.4K(8192.0K)->7001.4K(8192.0K)]
 [Times: user=0.01 sys=0.00, real=0.00 secs] 
329.517: Total time for which application threads were stopped: 0.0005140 seconds, Stopping threads took: 0.0000130 seconds
329.517: Application time: 0.0000390 seconds
329.571: [Full GC 7001K->5716K(8192K), 0.0056760 secs]
   [Eden: 0.0B(1024.0K)->0.0B(1024.0K) Survivors: 0.0B->0.0B Heap: 7001.4K(8192.0K)->5716.2K(8192.0K)], [Perm: 5171K->5171K(20480K)]
 [Times: user=0.01 sys=0.00, real=0.00 secs] 
329.577: Total time for which application threads were stopped: 0.0598870 seconds, Stopping threads took: 0.0541500 seconds
329.577: [GC concurrent-mark-abort]
329.578: Application time: 0.0004980 seconds
329.632: Total time for which application threads were stopped: 0.0548220 seconds, Stopping threads took: 0.0547970 seconds
330.954: Application time: 1.3215020 seconds
331.009: [GC pause (young), 0.0018240 secs]
   [Parallel Time: 1.1 ms, GC Workers: 8]
      [GC Worker Start (ms): Min: 331008.7, Avg: 331008.8, Max: 331008.8, Diff: 0.1]
      [Ext Root Scanning (ms): Min: 0.7, Avg: 0.8, Max: 0.8, Diff: 0.1, Sum: 6.0]
      [Update RS (ms): Min: 0.0, Avg: 0.0, Max: 0.0, Diff: 0.0, Sum: 0.1]
         [Processed Buffers: Min: 0, Avg: 1.0, Max: 2, Diff: 2, Sum: 8]
      [Scan RS (ms): Min: 0.0, Avg: 0.0, Max: 0.0, Diff: 0.0, Sum: 0.0]
      [Code Root Scanning (ms): Min: 0.0, Avg: 0.0, Max: 0.0, Diff: 0.0, Sum: 0.0]
      [Object Copy (ms): Min: 0.1, Avg: 0.1, Max: 0.1, Diff: 0.0, Sum: 0.7]
      [Termination (ms): Min: 0.0, Avg: 0.0, Max: 0.0, Diff: 0.0, Sum: 0.0]
      [GC Worker Other (ms): Min: 0.0, Avg: 0.0, Max: 0.0, Diff: 0.0, Sum: 0.1]
      [GC Worker Total (ms): Min: 0.8, Avg: 0.9, Max: 0.9, Diff: 0.1, Sum: 6.9]
      [GC Worker End (ms): Min: 331009.6, Avg: 331009.6, Max: 331009.6, Diff: 0.0]
   [Code Root Fixup: 0.0 ms]
   [Code Root Migration: 0.0 ms]
   [Clear CT: 0.4 ms]
   [Other: 0.3 ms]
      [Choose CSet: 0.0 ms]
      [Ref Proc: 0.3 ms]
      [Ref Enq: 0.0 ms]
      [Free CSet: 0.0 ms]
   [Eden: 1024.0K(1024.0K)->0.0B(1024.0K) Survivors: 0.0B->1024.0K Heap: 6740.2K(8192.0K)->5940.6K(8192.0K)]
 [Times: user=0.01 sys=0.00, real=0.01 secs] 
331.011: Total time for which application threads were stopped: 0.0567640 seconds, Stopping threads took: 0.0548340 seconds
332.278: Application time: 1.2670710 seconds
332.331: [GC pause (young) (initial-mark) (to-space exhausted), 0.0011840 secs]
   [Parallel Time: 0.8 ms, GC Workers: 8]
      [GC Worker Start (ms): Min: 332331.3, Avg: 332331.3, Max: 332331.4, Diff: 0.1]
      [Ext Root Scanning (ms): Min: 0.4, Avg: 0.4, Max: 0.5, Diff: 0.1, Sum: 3.3]
      [Code Root Marking (ms): Min: 0.0, Avg: 0.0, Max: 0.0, Diff: 0.0, Sum: 0.0]
      [Update RS (ms): Min: 0.0, Avg: 0.0, Max: 0.0, Diff: 0.0, Sum: 0.1]
         [Processed Buffers: Min: 0, Avg: 1.1, Max: 2, Diff: 2, Sum: 9]
      [Scan RS (ms): Min: 0.0, Avg: 0.0, Max: 0.0, Diff: 0.0, Sum: 0.0]
      [Code Root Scanning (ms): Min: 0.0, Avg: 0.0, Max: 0.0, Diff: 0.0, Sum: 0.0]
      [Object Copy (ms): Min: 0.1, Avg: 0.2, Max: 0.2, Diff: 0.1, Sum: 1.3]
      [Termination (ms): Min: 0.0, Avg: 0.0, Max: 0.1, Diff: 0.1, Sum: 0.2]
      [GC Worker Other (ms): Min: 0.0, Avg: 0.0, Max: 0.0, Diff: 0.0, Sum: 0.0]
      [GC Worker Total (ms): Min: 0.6, Avg: 0.6, Max: 0.7, Diff: 0.1, Sum: 5.0]
      [GC Worker End (ms): Min: 332331.9, Avg: 332332.0, Max: 332332.0, Diff: 0.0]
   [Code Root Fixup: 0.0 ms]
   [Code Root Migration: 0.0 ms]
   [Clear CT: 0.1 ms]
   [Other: 0.3 ms]
      [Choose CSet: 0.0 ms]
      [Ref Proc: 0.1 ms]
      [Ref Enq: 0.0 ms]
      [Free CSet: 0.0 ms]
   [Eden: 1024.0K(1024.0K)->0.0B(1024.0K) Survivors: 1024.0K->0.0B Heap: 6964.6K(8192.0K)->6964.6K(8192.0K)]
 [Times: user=0.00 sys=0.00, real=0.00 secs] 
332.332: [GC concurrent-root-region-scan-start]
332.332: [GC concurrent-root-region-scan-end, 0.0000050 secs]
332.332: [GC concurrent-mark-start]
332.332: Total time for which application threads were stopped: 0.0548070 seconds, Stopping threads took: 0.0535100 seconds
332.333: Application time: 0.0000470 seconds
332.333: [Full GC 6964K->5709K(8192K), 0.0058400 secs]
   [Eden: 0.0B(1024.0K)->0.0B(1024.0K) Survivors: 0.0B->0.0B Heap: 6964.6K(8192.0K)->5709.6K(8192.0K)], [Perm: 5171K->5171K(20480K)]
 [Times: user=0.01 sys=0.00, real=0.00 secs] 
332.338: Total time for which application threads were stopped: 0.0059080 seconds, Stopping threads took: 0.0000060 seconds
332.338: [GC concurrent-mark-abort]
333.711: Application time: 1.3728180 seconds
333.732: [GC pause (young), 0.0012820 secs]
   [Parallel Time: 0.9 ms, GC Workers: 8]
      [GC Worker Start (ms): Min: 333732.2, Avg: 333732.3, Max: 333732.3, Diff: 0.1]
      [Ext Root Scanning (ms): Min: 0.7, Avg: 0.8, Max: 0.8, Diff: 0.1, Sum: 6.1]
      [Update RS (ms): Min: 0.0, Avg: 0.0, Max: 0.0, Diff: 0.0, Sum: 0.1]
         [Processed Buffers: Min: 0, Avg: 1.0, Max: 2, Diff: 2, Sum: 8]
      [Scan RS (ms): Min: 0.0, Avg: 0.0, Max: 0.0, Diff: 0.0, Sum: 0.0]
      [Code Root Scanning (ms): Min: 0.0, Avg: 0.0, Max: 0.0, Diff: 0.0, Sum: 0.0]
      [Object Copy (ms): Min: 0.1, Avg: 0.1, Max: 0.1, Diff: 0.1, Sum: 0.7]
      [Termination (ms): Min: 0.0, Avg: 0.0, Max: 0.0, Diff: 0.0, Sum: 0.1]
      [GC Worker Other (ms): Min: 0.0, Avg: 0.0, Max: 0.0, Diff: 0.0, Sum: 0.0]
      [GC Worker Total (ms): Min: 0.8, Avg: 0.9, Max: 0.9, Diff: 0.1, Sum: 6.9]
      [GC Worker End (ms): Min: 333733.1, Avg: 333733.1, Max: 333733.1, Diff: 0.0]
   [Code Root Fixup: 0.0 ms]
   [Code Root Migration: 0.0 ms]
   [Clear CT: 0.2 ms]
   [Other: 0.2 ms]
      [Choose CSet: 0.0 ms]
      [Ref Proc: 0.2 ms]
      [Ref Enq: 0.0 ms]
      [Free CSet: 0.0 ms]
   [Eden: 1024.0K(1024.0K)->0.0B(1024.0K) Survivors: 0.0B->1024.0K Heap: 6733.6K(8192.0K)->5942.1K(8192.0K)]
 [Times: user=0.00 sys=0.00, real=0.00 secs] 
333.735: Total time for which application threads were stopped: 0.0237780 seconds, Stopping threads took: 0.0209130 seconds
334.766: Application time: 1.0311270 seconds
334.820: [GC pause (young) (initial-mark) (to-space exhausted), 0.0010250 secs]
   [Parallel Time: 0.8 ms, GC Workers: 8]
      [GC Worker Start (ms): Min: 334820.2, Avg: 334820.3, Max: 334820.3, Diff: 0.1]
      [Ext Root Scanning (ms): Min: 0.4, Avg: 0.4, Max: 0.5, Diff: 0.1, Sum: 3.3]
      [Code Root Marking (ms): Min: 0.0, Avg: 0.0, Max: 0.0, Diff: 0.0, Sum: 0.0]
      [Update RS (ms): Min: 0.0, Avg: 0.0, Max: 0.0, Diff: 0.0, Sum: 0.1]
         [Processed Buffers: Min: 0, Avg: 1.0, Max: 3, Diff: 3, Sum: 8]
      [Scan RS (ms): Min: 0.0, Avg: 0.0, Max: 0.0, Diff: 0.0, Sum: 0.0]
      [Code Root Scanning (ms): Min: 0.0, Avg: 0.0, Max: 0.0, Diff: 0.0, Sum: 0.0]
      [Object Copy (ms): Min: 0.1, Avg: 0.2, Max: 0.3, Diff: 0.1, Sum: 1.3]
      [Termination (ms): Min: 0.0, Avg: 0.0, Max: 0.1, Diff: 0.1, Sum: 0.2]
      [GC Worker Other (ms): Min: 0.0, Avg: 0.0, Max: 0.0, Diff: 0.0, Sum: 0.0]
      [GC Worker Total (ms): Min: 0.6, Avg: 0.6, Max: 0.7, Diff: 0.1, Sum: 5.0]
      [GC Worker End (ms): Min: 334820.9, Avg: 334820.9, Max: 334820.9, Diff: 0.0]
   [Code Root Fixup: 0.0 ms]
   [Code Root Migration: 0.0 ms]
   [Clear CT: 0.0 ms]
   [Other: 0.2 ms]
      [Choose CSet: 0.0 ms]
      [Ref Proc: 0.1 ms]
      [Ref Enq: 0.0 ms]
      [Free CSet: 0.0 ms]
   [Eden: 1024.0K(1024.0K)->0.0B(1024.0K) Survivors: 1024.0K->0.0B Heap: 6966.1K(8192.0K)->6966.1K(8192.0K)]
 [Times: user=0.01 sys=0.00, real=0.00 secs] 
334.821: [GC concurrent-root-region-scan-start]
334.821: 334.821: [GC concurrent-root-region-scan-end, 0.0000050 secs]
Total time for which application threads were stopped: 0.0550940 seconds, Stopping threads took: 0.0539460 seconds
334.821: [GC concurrent-mark-start]
334.821: Application time: 0.0000410 seconds
334.821: [GC pause (young), 0.0004650 secs]
   [Parallel Time: 0.3 ms, GC Workers: 8]
      [GC Worker Start (ms): Min: 334821.3, Avg: 334821.3, Max: 334821.4, Diff: 0.0]
      [Ext Root Scanning (ms): Min: 0.2, Avg: 0.3, Max: 0.3, Diff: 0.0, Sum: 2.0]
      [Update RS (ms): Min: 0.0, Avg: 0.0, Max: 0.0, Diff: 0.0, Sum: 0.1]
         [Processed Buffers: Min: 0, Avg: 1.6, Max: 6, Diff: 6, Sum: 13]
      [Scan RS (ms): Min: 0.0, Avg: 0.0, Max: 0.0, Diff: 0.0, Sum: 0.0]
      [Code Root Scanning (ms): Min: 0.0, Avg: 0.0, Max: 0.0, Diff: 0.0, Sum: 0.0]
      [Object Copy (ms): Min: 0.0, Avg: 0.0, Max: 0.0, Diff: 0.0, Sum: 0.1]
      [Termination (ms): Min: 0.0, Avg: 0.0, Max: 0.0, Diff: 0.0, Sum: 0.2]
      [GC Worker Other (ms): Min: 0.0, Avg: 0.0, Max: 0.0, Diff: 0.0, Sum: 0.0]
      [GC Worker Total (ms): Min: 0.3, Avg: 0.3, Max: 0.3, Diff: 0.0, Sum: 2.5]
      [GC Worker End (ms): Min: 334821.6, Avg: 334821.7, Max: 334821.7, Diff: 0.0]
   [Code Root Fixup: 0.0 ms]
   [Code Root Migration: 0.0 ms]
   [Clear CT: 0.1 ms]
   [Other: 0.1 ms]
      [Choose CSet: 0.0 ms]
      [Ref Proc: 0.1 ms]
      [Ref Enq: 0.0 ms]
      [Free CSet: 0.0 ms]
   [Eden: 0.0B(1024.0K)->0.0B(1024.0K) Survivors: 0.0B->0.0B Heap: 6966.1K(8192.0K)->6966.1K(8192.0K)]
 [Times: user=0.00 sys=0.00, real=0.01 secs] 
334.822: Total time for which application threads were stopped: 0.0005440 seconds, Stopping threads took: 0.0000200 seconds
334.822: Application time: 0.0000360 seconds
334.876: [GC pause (young), 0.0005080 secs]
   [Parallel Time: 0.4 ms, GC Workers: 8]
      [GC Worker Start (ms): Min: 334876.1, Avg: 334876.1, Max: 334876.1, Diff: 0.0]
      [Ext Root Scanning (ms): Min: 0.2, Avg: 0.2, Max: 0.2, Diff: 0.1, Sum: 1.8]
      [SATB Filtering (ms): Min: 0.0, Avg: 0.0, Max: 0.0, Diff: 0.0, Sum: 0.0]
      [Update RS (ms): Min: 0.0, Avg: 0.0, Max: 0.0, Diff: 0.0, Sum: 0.0]
         [Processed Buffers: Min: 0, Avg: 0.1, Max: 1, Diff: 1, Sum: 1]
      [Scan RS (ms): Min: 0.0, Avg: 0.0, Max: 0.0, Diff: 0.0, Sum: 0.0]
      [Code Root Scanning (ms): Min: 0.0, Avg: 0.0, Max: 0.0, Diff: 0.0, Sum: 0.0]
      [Object Copy (ms): Min: 0.0, Avg: 0.0, Max: 0.0, Diff: 0.0, Sum: 0.1]
      [Termination (ms): Min: 0.0, Avg: 0.0, Max: 0.1, Diff: 0.1, Sum: 0.3]
      [GC Worker Other (ms): Min: 0.0, Avg: 0.0, Max: 0.0, Diff: 0.0, Sum: 0.0]
      [GC Worker Total (ms): Min: 0.3, Avg: 0.3, Max: 0.3, Diff: 0.0, Sum: 2.3]
      [GC Worker End (ms): Min: 334876.4, Avg: 334876.4, Max: 334876.4, Diff: 0.0]
   [Code Root Fixup: 0.0 ms]
   [Code Root Migration: 0.0 ms]
   [Clear CT: 0.1 ms]
   [Other: 0.1 ms]
      [Choose CSet: 0.0 ms]
      [Ref Proc: 0.1 ms]
      [Ref Enq: 0.0 ms]
      [Free CSet: 0.0 ms]
   [Eden: 0.0B(1024.0K)->0.0B(1024.0K) Survivors: 0.0B->0.0B Heap: 6966.1K(8192.0K)->6966.1K(8192.0K)]
 [Times: user=0.01 sys=0.00, real=0.00 secs] 
334.877: Total time for which application threads were stopped: 0.0547490 seconds, Stopping threads took: 0.0541850 seconds
334.877: Application time: 0.0000440 seconds
334.877: [GC pause (young), 0.0004250 secs]
   [Parallel Time: 0.3 ms, GC Workers: 8]
      [GC Worker Start (ms): Min: 334876.7, Avg: 334876.7, Max: 334876.7, Diff: 0.0]
      [Ext Root Scanning (ms): Min: 0.2, Avg: 0.2, Max: 0.2, Diff: 0.0, Sum: 1.8]
      [Update RS (ms): Min: 0.0, Avg: 0.0, Max: 0.0, Diff: 0.0, Sum: 0.0]
         [Processed Buffers: Min: 0, Avg: 0.1, Max: 1, Diff: 1, Sum: 1]
      [Scan RS (ms): Min: 0.0, Avg: 0.0, Max: 0.0, Diff: 0.0, Sum: 0.0]
      [Code Root Scanning (ms): Min: 0.0, Avg: 0.0, Max: 0.0, Diff: 0.0, Sum: 0.0]
      [Object Copy (ms): Min: 0.0, Avg: 0.0, Max: 0.0, Diff: 0.0, Sum: 0.1]
      [Termination (ms): Min: 0.0, Avg: 0.0, Max: 0.1, Diff: 0.1, Sum: 0.2]
      [GC Worker Other (ms): Min: 0.0, Avg: 0.0, Max: 0.0, Diff: 0.0, Sum: 0.0]
      [GC Worker Total (ms): Min: 0.3, Avg: 0.3, Max: 0.3, Diff: 0.0, Sum: 2.3]
      [GC Worker End (ms): Min: 334877.0, Avg: 334877.0, Max: 334877.0, Diff: 0.0]
   [Code Root Fixup: 0.0 ms]
   [Code Root Migration: 0.0 ms]
   [Clear CT: 0.0 ms]
   [Other: 0.1 ms]
      [Choose CSet: 0.0 ms]
      [Ref Proc: 0.1 ms]
      [Ref Enq: 0.0 ms]
      [Free CSet: 0.0 ms]
   [Eden: 0.0B(1024.0K)->0.0B(1024.0K) Survivors: 0.0B->0.0B Heap: 6966.1K(8192.0K)->6966.1K(8192.0K)]
 [Times: user=0.00 sys=0.00, real=0.00 secs] 
334.877: Total time for which application threads were stopped: 0.0004820 seconds, Stopping threads took: 0.0000030 seconds
334.877: Application time: 0.0000380 seconds
334.877: [GC pause (young), 0.0004260 secs]
   [Parallel Time: 0.3 ms, GC Workers: 8]
      [GC Worker Start (ms): Min: 334877.2, Avg: 334877.2, Max: 334877.2, Diff: 0.0]
      [Ext Root Scanning (ms): Min: 0.2, Avg: 0.2, Max: 0.3, Diff: 0.0, Sum: 1.9]
      [SATB Filtering (ms): Min: 0.0, Avg: 0.0, Max: 0.0, Diff: 0.0, Sum: 0.0]
      [Update RS (ms): Min: 0.0, Avg: 0.0, Max: 0.0, Diff: 0.0, Sum: 0.0]
         [Processed Buffers: Min: 0, Avg: 0.1, Max: 1, Diff: 1, Sum: 1]
      [Scan RS (ms): Min: 0.0, Avg: 0.0, Max: 0.0, Diff: 0.0, Sum: 0.0]
      [Code Root Scanning (ms): Min: 0.0, Avg: 0.0, Max: 0.0, Diff: 0.0, Sum: 0.0]
      [Object Copy (ms): Min: 0.0, Avg: 0.0, Max: 0.0, Diff: 0.0, Sum: 0.1]
      [Termination (ms): Min: 0.0, Avg: 0.0, Max: 0.1, Diff: 0.1, Sum: 0.3]
      [GC Worker Other (ms): Min: 0.0, Avg: 0.0, Max: 0.0, Diff: 0.0, Sum: 0.0]
      [GC Worker Total (ms): Min: 0.3, Avg: 0.3, Max: 0.3, Diff: 0.0, Sum: 2.3]
      [GC Worker End (ms): Min: 334877.5, Avg: 334877.5, Max: 334877.5, Diff: 0.0]
   [Code Root Fixup: 0.0 ms]
   [Code Root Migration: 0.0 ms]
   [Clear CT: 0.0 ms]
   [Other: 0.1 ms]
      [Choose CSet: 0.0 ms]
      [Ref Proc: 0.1 ms]
      [Ref Enq: 0.0 ms]
      [Free CSet: 0.0 ms]
   [Eden: 0.0B(1024.0K)->0.0B(1024.0K) Survivors: 0.0B->0.0B Heap: 6966.1K(8192.0K)->6966.1K(8192.0K)]
 [Times: user=0.00 sys=0.00, real=0.00 secs] 
334.878: Total time for which application threads were stopped: 0.0004790 seconds, Stopping threads took: 0.0000030 seconds
334.878: Application time: 0.0000220 seconds
334.878: [Full GC 6966K->5719K(8192K), 0.0056500 secs]
   [Eden: 0.0B(1024.0K)->0.0B(1024.0K) Survivors: 0.0B->0.0B Heap: 6966.1K(8192.0K)->5719.3K(8192.0K)], [Perm: 5171K->5171K(20480K)]
 [Times: user=0.01 sys=0.00, real=0.01 secs] 
334.883: Total time for which application threads were stopped: 0.0057100 seconds, Stopping threads took: 0.0000030 seconds
334.883: [GC concurrent-mark-abort]
336.152: Application time: 1.2681860 seconds
336.203: [GC pause (young), 0.0017280 secs]
   [Parallel Time: 1.0 ms, GC Workers: 8]
      [GC Worker Start (ms): Min: 336203.0, Avg: 336203.1, Max: 336203.2, Diff: 0.1]
      [Ext Root Scanning (ms): Min: 0.7, Avg: 0.7, Max: 0.8, Diff: 0.1, Sum: 6.0]
      [Update RS (ms): Min: 0.0, Avg: 0.0, Max: 0.0, Diff: 0.0, Sum: 0.1]
         [Processed Buffers: Min: 0, Avg: 1.0, Max: 3, Diff: 3, Sum: 8]
      [Scan RS (ms): Min: 0.0, Avg: 0.0, Max: 0.0, Diff: 0.0, Sum: 0.0]
      [Code Root Scanning (ms): Min: 0.0, Avg: 0.0, Max: 0.0, Diff: 0.0, Sum: 0.0]
      [Object Copy (ms): Min: 0.1, Avg: 0.1, Max: 0.1, Diff: 0.0, Sum: 0.7]
      [Termination (ms): Min: 0.0, Avg: 0.0, Max: 0.0, Diff: 0.0, Sum: 0.1]
      [GC Worker Other (ms): Min: 0.0, Avg: 0.0, Max: 0.0, Diff: 0.0, Sum: 0.1]
      [GC Worker Total (ms): Min: 0.8, Avg: 0.9, Max: 0.9, Diff: 0.1, Sum: 6.9]
      [GC Worker End (ms): Min: 336204.0, Avg: 336204.0, Max: 336204.0, Diff: 0.0]
   [Code Root Fixup: 0.0 ms]
   [Code Root Migration: 0.0 ms]
   [Clear CT: 0.5 ms]
   [Other: 0.2 ms]
      [Choose CSet: 0.0 ms]
      [Ref Proc: 0.2 ms]
      [Ref Enq: 0.0 ms]
      [Free CSet: 0.0 ms]
   [Eden: 1024.0K(1024.0K)->0.0B(1024.0K) Survivors: 0.0B->1024.0K Heap: 6743.3K(8192.0K)->5933.7K(8192.0K)]
 [Times: user=0.01 sys=0.00, real=0.00 secs] 
336.205: Total time for which application threads were stopped: 0.0532010 seconds, Stopping threads took: 0.0513470 seconds
337.535: Application time: 1.3300370 seconds
337.592: [GC pause (young) (initial-mark) (to-space exhausted), 0.0013150 secs]
   [Parallel Time: 0.8 ms, GC Workers: 8]
      [GC Worker Start (ms): Min: 337591.9, Avg: 337592.0, Max: 337592.1, Diff: 0.1]
      [Ext Root Scanning (ms): Min: 0.4, Avg: 0.4, Max: 0.5, Diff: 0.1, Sum: 3.3]
      [Code Root Marking (ms): Min: 0.0, Avg: 0.0, Max: 0.0, Diff: 0.0, Sum: 0.0]
      [Update RS (ms): Min: 0.0, Avg: 0.0, Max: 0.0, Diff: 0.0, Sum: 0.1]
         [Processed Buffers: Min: 0, Avg: 1.1, Max: 3, Diff: 3, Sum: 9]
      [Scan RS (ms): Min: 0.0, Avg: 0.0, Max: 0.0, Diff: 0.0, Sum: 0.0]
      [Code Root Scanning (ms): Min: 0.0, Avg: 0.0, Max: 0.0, Diff: 0.0, Sum: 0.0]
      [Object Copy (ms): Min: 0.1, Avg: 0.2, Max: 0.3, Diff: 0.2, Sum: 1.6]
      [Termination (ms): Min: 0.0, Avg: 0.0, Max: 0.1, Diff: 0.1, Sum: 0.3]
      [GC Worker Other (ms): Min: 0.0, Avg: 0.0, Max: 0.0, Diff: 0.0, Sum: 0.0]
      [GC Worker Total (ms): Min: 0.6, Avg: 0.7, Max: 0.7, Diff: 0.1, Sum: 5.4]
      [GC Worker End (ms): Min: 337592.7, Avg: 337592.7, Max: 337592.7, Diff: 0.0]
   [Code Root Fixup: 0.0 ms]
   [Code Root Migration: 0.0 ms]
   [Clear CT: 0.1 ms]
   [Other: 0.4 ms]
      [Choose CSet: 0.0 ms]
      [Ref Proc: 0.2 ms]
      [Ref Enq: 0.0 ms]
      [Free CSet: 0.0 ms]
   [Eden: 1024.0K(1024.0K)->0.0B(1024.0K) Survivors: 1024.0K->0.0B Heap: 6957.7K(8192.0K)->6957.7K(8192.0K)]
 [Times: user=0.01 sys=0.00, real=0.00 secs] 
337.593: [GC concurrent-root-region-scan-start]
337.593: [GC concurrent-root-region-scan-end, 0.0000060 secs]
337.593: [GC concurrent-mark-start]
337.593: Total time for which application threads were stopped: 0.0584680 seconds, Stopping threads took: 0.0570200 seconds
337.593: Application time: 0.0000370 seconds
337.593: [GC pause (young), 0.0004430 secs]
   [Parallel Time: 0.3 ms, GC Workers: 8]
      [GC Worker Start (ms): Min: 337593.4, Avg: 337593.4, Max: 337593.4, Diff: 0.0]
      [Ext Root Scanning (ms): Min: 0.2, Avg: 0.2, Max: 0.3, Diff: 0.0, Sum: 2.0]
      [Update RS (ms): Min: 0.0, Avg: 0.0, Max: 0.0, Diff: 0.0, Sum: 0.1]
         [Processed Buffers: Min: 0, Avg: 1.6, Max: 6, Diff: 6, Sum: 13]
      [Scan RS (ms): Min: 0.0, Avg: 0.0, Max: 0.0, Diff: 0.0, Sum: 0.0]
      [Code Root Scanning (ms): Min: 0.0, Avg: 0.0, Max: 0.0, Diff: 0.0, Sum: 0.0]
      [Object Copy (ms): Min: 0.0, Avg: 0.0, Max: 0.0, Diff: 0.0, Sum: 0.1]
      [Termination (ms): Min: 0.0, Avg: 0.0, Max: 0.0, Diff: 0.0, Sum: 0.2]
      [GC Worker Other (ms): Min: 0.0, Avg: 0.0, Max: 0.0, Diff: 0.0, Sum: 0.0]
      [GC Worker Total (ms): Min: 0.3, Avg: 0.3, Max: 0.3, Diff: 0.0, Sum: 2.4]
      [GC Worker End (ms): Min: 337593.7, Avg: 337593.7, Max: 337593.7, Diff: 0.0]
   [Code Root Fixup: 0.0 ms]
   [Code Root Migration: 0.0 ms]
   [Clear CT: 0.0 ms]
   [Other: 0.1 ms]
      [Choose CSet: 0.0 ms]
      [Ref Proc: 0.1 ms]
      [Ref Enq: 0.0 ms]
      [Free CSet: 0.0 ms]
   [Eden: 0.0B(1024.0K)->0.0B(1024.0K) Survivors: 0.0B->0.0B Heap: 6957.7K(8192.0K)->6957.7K(8192.0K)]
 [Times: user=0.00 sys=0.00, real=0.00 secs] 
337.594: Total time for which application threads were stopped: 0.0005020 seconds, Stopping threads took: 0.0000050 seconds
337.594: Application time: 0.0000350 seconds
337.594: [GC pause (young), 0.0004290 secs]
   [Parallel Time: 0.3 ms, GC Workers: 8]
      [GC Worker Start (ms): Min: 337593.9, Avg: 337593.9, Max: 337593.9, Diff: 0.0]
      [Ext Root Scanning (ms): Min: 0.2, Avg: 0.2, Max: 0.3, Diff: 0.1, Sum: 1.8]
      [SATB Filtering (ms): Min: 0.0, Avg: 0.0, Max: 0.0, Diff: 0.0, Sum: 0.0]
      [Update RS (ms): Min: 0.0, Avg: 0.0, Max: 0.0, Diff: 0.0, Sum: 0.0]
         [Processed Buffers: Min: 0, Avg: 0.1, Max: 1, Diff: 1, Sum: 1]
      [Scan RS (ms): Min: 0.0, Avg: 0.0, Max: 0.0, Diff: 0.0, Sum: 0.0]
      [Code Root Scanning (ms): Min: 0.0, Avg: 0.0, Max: 0.0, Diff: 0.0, Sum: 0.0]
      [Object Copy (ms): Min: 0.0, Avg: 0.0, Max: 0.0, Diff: 0.0, Sum: 0.1]
      [Termination (ms): Min: 0.0, Avg: 0.0, Max: 0.1, Diff: 0.1, Sum: 0.3]
      [GC Worker Other (ms): Min: -0.0, Avg: 0.0, Max: 0.0, Diff: 0.0, Sum: 0.0]
      [GC Worker Total (ms): Min: 0.3, Avg: 0.3, Max: 0.3, Diff: 0.0, Sum: 2.3]
      [GC Worker End (ms): Min: 337594.2, Avg: 337594.2, Max: 337594.2, Diff: 0.0]
   [Code Root Fixup: 0.0 ms]
   [Code Root Migration: 0.0 ms]
   [Clear CT: 0.0 ms]
   [Other: 0.1 ms]
      [Choose CSet: 0.0 ms]
      [Ref Proc: 0.1 ms]
      [Ref Enq: 0.0 ms]
      [Free CSet: 0.0 ms]
   [Eden: 0.0B(1024.0K)->0.0B(1024.0K) Survivors: 0.0B->0.0B Heap: 6957.7K(8192.0K)->6957.7K(8192.0K)]
 [Times: user=0.00 sys=0.00, real=0.00 secs] 
337.594: Total time for which application threads were stopped: 0.0004890 seconds, Stopping threads took: 0.0000050 seconds
337.594: Application time: 0.0000290 seconds
337.594: [GC pause (young), 0.0004220 secs]
   [Parallel Time: 0.3 ms, GC Workers: 8]
      [GC Worker Start (ms): Min: 337594.4, Avg: 337594.4, Max: 337594.4, Diff: 0.0]
      [Ext Root Scanning (ms): Min: 0.2, Avg: 0.2, Max: 0.2, Diff: 0.0, Sum: 1.8]
      [Update RS (ms): Min: 0.0, Avg: 0.0, Max: 0.0, Diff: 0.0, Sum: 0.0]
         [Processed Buffers: Min: 0, Avg: 0.1, Max: 1, Diff: 1, Sum: 1]
      [Scan RS (ms): Min: 0.0, Avg: 0.0, Max: 0.0, Diff: 0.0, Sum: 0.0]
      [Code Root Scanning (ms): Min: 0.0, Avg: 0.0, Max: 0.0, Diff: 0.0, Sum: 0.0]
      [Object Copy (ms): Min: 0.0, Avg: 0.0, Max: 0.0, Diff: 0.0, Sum: 0.1]
      [Termination (ms): Min: 0.0, Avg: 0.0, Max: 0.0, Diff: 0.0, Sum: 0.3]
      [GC Worker Other (ms): Min: 0.0, Avg: 0.0, Max: 0.0, Diff: 0.0, Sum: 0.0]
      [GC Worker Total (ms): Min: 0.3, Avg: 0.3, Max: 0.3, Diff: 0.0, Sum: 2.2]
      [GC Worker End (ms): Min: 337594.7, Avg: 337594.7, Max: 337594.7, Diff: 0.0]
   [Code Root Fixup: 0.0 ms]
   [Code Root Migration: 0.0 ms]
   [Clear CT: 0.0 ms]
   [Other: 0.1 ms]
      [Choose CSet: 0.0 ms]
      [Ref Proc: 0.0 ms]
      [Ref Enq: 0.0 ms]
      [Free CSet: 0.0 ms]
   [Eden: 0.0B(1024.0K)->0.0B(1024.0K) Survivors: 0.0B->0.0B Heap: 6957.7K(8192.0K)->6957.7K(8192.0K)]
 [Times: user=0.00 sys=0.00, real=0.00 secs] 
337.595: Total time for which application threads were stopped: 0.0004750 seconds, Stopping threads took: 0.0000030 seconds
337.595: Application time: 0.0000300 seconds
337.595: [Full GC 6957K->5720K(8192K), 0.0057450 secs]
   [Eden: 0.0B(1024.0K)->0.0B(1024.0K) Survivors: 0.0B->0.0B Heap: 6957.7K(8192.0K)->5720.8K(8192.0K)], [Perm: 5171K->5171K(20480K)]
 [Times: user=0.01 sys=0.00, real=0.00 secs] 
337.601: Total time for which application threads were stopped: 0.0058060 seconds, Stopping threads took: 0.0000030 seconds
337.601: [GC concurrent-mark-abort]
338.578: Application time: 0.9776220 seconds
338.632: [GC pause (young), 0.0012790 secs]
   [Parallel Time: 1.0 ms, GC Workers: 8]
      [GC Worker Start (ms): Min: 338631.9, Avg: 338632.0, Max: 338632.0, Diff: 0.1]
      [Ext Root Scanning (ms): Min: 0.7, Avg: 0.7, Max: 0.8, Diff: 0.1, Sum: 6.0]
      [Update RS (ms): Min: 0.0, Avg: 0.0, Max: 0.0, Diff: 0.0, Sum: 0.0]
         [Processed Buffers: Min: 0, Avg: 1.0, Max: 2, Diff: 2, Sum: 8]
      [Scan RS (ms): Min: 0.0, Avg: 0.0, Max: 0.0, Diff: 0.0, Sum: 0.0]
      [Code Root Scanning (ms): Min: 0.0, Avg: 0.0, Max: 0.0, Diff: 0.0, Sum: 0.0]
      [Object Copy (ms): Min: 0.1, Avg: 0.1, Max: 0.1, Diff: 0.0, Sum: 0.7]
      [Termination (ms): Min: 0.0, Avg: 0.0, Max: 0.0, Diff: 0.0, Sum: 0.1]
      [GC Worker Other (ms): Min: 0.0, Avg: 0.0, Max: 0.0, Diff: 0.0, Sum: 0.1]
      [GC Worker Total (ms): Min: 0.8, Avg: 0.9, Max: 0.9, Diff: 0.1, Sum: 6.9]
      [GC Worker End (ms): Min: 338632.8, Avg: 338632.8, Max: 338632.8, Diff: 0.0]
   [Code Root Fixup: 0.0 ms]
   [Code Root Migration: 0.0 ms]
   [Clear CT: 0.1 ms]
   [Other: 0.2 ms]
      [Choose CSet: 0.0 ms]
      [Ref Proc: 0.2 ms]
      [Ref Enq: 0.0 ms]
      [Free CSet: 0.0 ms]
   [Eden: 1024.0K(1024.0K)->0.0B(1024.0K) Survivors: 0.0B->1024.0K Heap: 6744.8K(8192.0K)->5961.2K(8192.0K)]
 [Times: user=0.01 sys=0.00, real=0.00 secs] 
338.633: Total time for which application threads were stopped: 0.0548590 seconds, Stopping threads took: 0.0534720 seconds
339.957: Application time: 1.3241370 seconds
340.012: [GC pause (young) (initial-mark) (to-space exhausted), 0.0009230 secs]
   [Parallel Time: 0.7 ms, GC Workers: 8]
      [GC Worker Start (ms): Min: 340012.1, Avg: 340012.2, Max: 340012.2, Diff: 0.1]
      [Ext Root Scanning (ms): Min: 0.4, Avg: 0.4, Max: 0.5, Diff: 0.1, Sum: 3.3]
      [Code Root Marking (ms): Min: 0.0, Avg: 0.0, Max: 0.0, Diff: 0.0, Sum: 0.0]
      [Update RS (ms): Min: 0.0, Avg: 0.0, Max: 0.0, Diff: 0.0, Sum: 0.0]
         [Processed Buffers: Min: 0, Avg: 1.1, Max: 4, Diff: 4, Sum: 9]
      [Scan RS (ms): Min: 0.0, Avg: 0.0, Max: 0.0, Diff: 0.0, Sum: 0.0]
      [Code Root Scanning (ms): Min: 0.0, Avg: 0.0, Max: 0.0, Diff: 0.0, Sum: 0.0]
      [Object Copy (ms): Min: 0.1, Avg: 0.1, Max: 0.2, Diff: 0.1, Sum: 1.2]
      [Termination (ms): Min: 0.0, Avg: 0.0, Max: 0.1, Diff: 0.1, Sum: 0.3]
      [GC Worker Other (ms): Min: 0.0, Avg: 0.0, Max: 0.0, Diff: 0.0, Sum: 0.0]
      [GC Worker Total (ms): Min: 0.6, Avg: 0.6, Max: 0.6, Diff: 0.1, Sum: 4.9]
      [GC Worker End (ms): Min: 340012.8, Avg: 340012.8, Max: 340012.8, Diff: 0.0]
   [Code Root Fixup: 0.0 ms]
   [Code Root Migration: 0.0 ms]
   [Clear CT: 0.0 ms]
   [Other: 0.2 ms]
      [Choose CSet: 0.0 ms]
      [Ref Proc: 0.1 ms]
      [Ref Enq: 0.0 ms]
      [Free CSet: 0.0 ms]
   [Eden: 1024.0K(1024.0K)->0.0B(1024.0K) Survivors: 1024.0K->0.0B Heap: 6985.2K(8192.0K)->6985.2K(8192.0K)]
 [Times: user=0.01 sys=0.00, real=0.00 secs] 
340.013: [GC concurrent-root-region-scan-start]
340.013: [GC concurrent-root-region-scan-end, 0.0000060 secs]
340.013: [GC concurrent-mark-start]
340.013: Total time for which application threads were stopped: 0.0557840 seconds, Stopping threads took: 0.0547460 seconds
340.013: Application time: 0.0000360 seconds
340.013: [Full GC 6985K->5722K(8192K), 0.0059300 secs]
   [Eden: 0.0B(1024.0K)->0.0B(1024.0K) Survivors: 0.0B->0.0B Heap: 6985.2K(8192.0K)->5722.2K(8192.0K)], [Perm: 5171K->5171K(20480K)]
 [Times: user=0.01 sys=0.00, real=0.00 secs] 
340.019: Total time for which application threads were stopped: 0.0059980 seconds, Stopping threads took: 0.0000070 seconds
340.019: [GC concurrent-mark-abort]
341.284: Application time: 1.2649810 seconds
341.339: [GC pause (young), 0.0018990 secs]
   [Parallel Time: 1.1 ms, GC Workers: 8]
      [GC Worker Start (ms): Min: 341338.8, Avg: 341338.8, Max: 341338.9, Diff: 0.1]
      [Ext Root Scanning (ms): Min: 0.7, Avg: 0.7, Max: 0.8, Diff: 0.1, Sum: 6.0]
      [Update RS (ms): Min: 0.0, Avg: 0.0, Max: 0.0, Diff: 0.0, Sum: 0.1]
         [Processed Buffers: Min: 0, Avg: 1.0, Max: 3, Diff: 3, Sum: 8]
      [Scan RS (ms): Min: 0.0, Avg: 0.0, Max: 0.0, Diff: 0.0, Sum: 0.0]
      [Code Root Scanning (ms): Min: 0.0, Avg: 0.0, Max: 0.0, Diff: 0.0, Sum: 0.0]
      [Object Copy (ms): Min: 0.1, Avg: 0.1, Max: 0.1, Diff: 0.0, Sum: 0.8]
      [Termination (ms): Min: 0.0, Avg: 0.0, Max: 0.0, Diff: 0.0, Sum: 0.1]
      [GC Worker Other (ms): Min: 0.0, Avg: 0.0, Max: 0.0, Diff: 0.0, Sum: 0.0]
      [GC Worker Total (ms): Min: 0.8, Avg: 0.9, Max: 0.9, Diff: 0.1, Sum: 6.9]
      [GC Worker End (ms): Min: 341339.7, Avg: 341339.7, Max: 341339.7, Diff: 0.0]
   [Code Root Fixup: 0.0 ms]
   [Code Root Migration: 0.0 ms]
   [Clear CT: 0.6 ms]
   [Other: 0.2 ms]
      [Choose CSet: 0.0 ms]
      [Ref Proc: 0.1 ms]
      [Ref Enq: 0.0 ms]
      [Free CSet: 0.0 ms]
   [Eden: 1024.0K(1024.0K)->0.0B(1024.0K) Survivors: 0.0B->1024.0K Heap: 6746.2K(8192.0K)->5968.7K(8192.0K)]
 [Times: user=0.00 sys=0.00, real=0.00 secs] 
341.341: Total time for which application threads were stopped: 0.0565600 seconds, Stopping threads took: 0.0545370 seconds
342.403: Application time: 1.0622290 seconds
342.445: [GC pause (young) (initial-mark) (to-space exhausted), 0.0013240 secs]
   [Parallel Time: 0.8 ms, GC Workers: 8]
      [GC Worker Start (ms): Min: 342444.8, Avg: 342444.8, Max: 342444.9, Diff: 0.1]
      [Ext Root Scanning (ms): Min: 0.4, Avg: 0.4, Max: 0.5, Diff: 0.1, Sum: 3.4]
      [Code Root Marking (ms): Min: 0.0, Avg: 0.0, Max: 0.0, Diff: 0.0, Sum: 0.0]
      [Update RS (ms): Min: 0.0, Avg: 0.0, Max: 0.0, Diff: 0.0, Sum: 0.1]
         [Processed Buffers: Min: 0, Avg: 0.9, Max: 3, Diff: 3, Sum: 7]
      [Scan RS (ms): Min: 0.0, Avg: 0.0, Max: 0.0, Diff: 0.0, Sum: 0.0]
      [Code Root Scanning (ms): Min: 0.0, Avg: 0.0, Max: 0.0, Diff: 0.0, Sum: 0.0]
      [Object Copy (ms): Min: 0.1, Avg: 0.2, Max: 0.3, Diff: 0.1, Sum: 1.6]
      [Termination (ms): Min: 0.0, Avg: 0.1, Max: 0.1, Diff: 0.1, Sum: 0.5]
      [GC Worker Other (ms): Min: 0.0, Avg: 0.0, Max: 0.0, Diff: 0.0, Sum: 0.0]
      [GC Worker Total (ms): Min: 0.7, Avg: 0.7, Max: 0.7, Diff: 0.1, Sum: 5.6]
      [GC Worker End (ms): Min: 342445.5, Avg: 342445.5, Max: 342445.5, Diff: 0.0]
   [Code Root Fixup: 0.0 ms]
   [Code Root Migration: 0.0 ms]
   [Clear CT: 0.1 ms]
   [Other: 0.4 ms]
      [Choose CSet: 0.0 ms]
      [Ref Proc: 0.2 ms]
      [Ref Enq: 0.0 ms]
      [Free CSet: 0.0 ms]
   [Eden: 1024.0K(1024.0K)->0.0B(1024.0K) Survivors: 1024.0K->0.0B Heap: 6992.7K(8192.0K)->6992.7K(8192.0K)]
 [Times: user=0.00 sys=0.00, real=0.00 secs] 
342.446: [GC concurrent-root-region-scan-start]
342.446: [GC concurrent-root-region-scan-end, 0.0000050 secs]
342.446: [GC concurrent-mark-start]
342.446: Total time for which application threads were stopped: 0.0432190 seconds, Stopping threads took: 0.0417840 seconds
342.446: Application time: 0.0000400 seconds
342.446: [GC pause (young), 0.0004590 secs]
   [Parallel Time: 0.3 ms, GC Workers: 8]
      [GC Worker Start (ms): Min: 342446.2, Avg: 342446.2, Max: 342446.3, Diff: 0.0]
      [Ext Root Scanning (ms): Min: 0.2, Avg: 0.2, Max: 0.3, Diff: 0.1, Sum: 2.0]
      [SATB Filtering (ms): Min: 0.0, Avg: 0.0, Max: 0.0, Diff: 0.0, Sum: 0.0]
      [Update RS (ms): Min: 0.0, Avg: 0.0, Max: 0.0, Diff: 0.0, Sum: 0.1]
         [Processed Buffers: Min: 0, Avg: 1.6, Max: 7, Diff: 7, Sum: 13]
      [Scan RS (ms): Min: 0.0, Avg: 0.0, Max: 0.0, Diff: 0.0, Sum: 0.0]
      [Code Root Scanning (ms): Min: 0.0, Avg: 0.0, Max: 0.0, Diff: 0.0, Sum: 0.0]
      [Object Copy (ms): Min: 0.0, Avg: 0.0, Max: 0.0, Diff: 0.0, Sum: 0.1]
      [Termination (ms): Min: 0.0, Avg: 0.0, Max: 0.0, Diff: 0.0, Sum: 0.2]
      [GC Worker Other (ms): Min: 0.0, Avg: 0.0, Max: 0.0, Diff: 0.0, Sum: 0.0]
      [GC Worker Total (ms): Min: 0.3, Avg: 0.3, Max: 0.3, Diff: 0.0, Sum: 2.4]
      [GC Worker End (ms): Min: 342446.5, Avg: 342446.5, Max: 342446.5, Diff: 0.0]
   [Code Root Fixup: 0.0 ms]
   [Code Root Migration: 0.0 ms]
   [Clear CT: 0.0 ms]
   [Other: 0.1 ms]
      [Choose CSet: 0.0 ms]
      [Ref Proc: 0.1 ms]
      [Ref Enq: 0.0 ms]
      [Free CSet: 0.0 ms]
   [Eden: 0.0B(1024.0K)->0.0B(1024.0K) Survivors: 0.0B->0.0B Heap: 6992.7K(8192.0K)->6992.7K(8192.0K)]
 [Times: user=0.00 sys=0.00, real=0.00 secs] 
342.447: Total time for which application threads were stopped: 0.0005240 seconds, Stopping threads took: 0.0000070 seconds
342.447: Application time: 0.0000330 seconds
342.447: [GC pause (young), 0.0004370 secs]
   [Parallel Time: 0.3 ms, GC Workers: 8]
      [GC Worker Start (ms): Min: 342446.8, Avg: 342446.8, Max: 342446.8, Diff: 0.0]
      [Ext Root Scanning (ms): Min: 0.2, Avg: 0.2, Max: 0.3, Diff: 0.1, Sum: 1.8]
      [Update RS (ms): Min: 0.0, Avg: 0.0, Max: 0.0, Diff: 0.0, Sum: 0.0]
         [Processed Buffers: Min: 0, Avg: 0.1, Max: 1, Diff: 1, Sum: 1]
      [Scan RS (ms): Min: 0.0, Avg: 0.0, Max: 0.0, Diff: 0.0, Sum: 0.0]
      [Code Root Scanning (ms): Min: 0.0, Avg: 0.0, Max: 0.0, Diff: 0.0, Sum: 0.0]
      [Object Copy (ms): Min: 0.0, Avg: 0.0, Max: 0.0, Diff: 0.0, Sum: 0.1]
      [Termination (ms): Min: 0.0, Avg: 0.0, Max: 0.1, Diff: 0.1, Sum: 0.3]
      [GC Worker Other (ms): Min: -0.0, Avg: 0.0, Max: 0.0, Diff: 0.0, Sum: 0.0]
      [GC Worker Total (ms): Min: 0.3, Avg: 0.3, Max: 0.3, Diff: 0.0, Sum: 2.3]
      [GC Worker End (ms): Min: 342447.1, Avg: 342447.1, Max: 342447.1, Diff: 0.0]
   [Code Root Fixup: 0.0 ms]
   [Code Root Migration: 0.0 ms]
   [Clear CT: 0.1 ms]
   [Other: 0.1 ms]
      [Choose CSet: 0.0 ms]
      [Ref Proc: 0.0 ms]
      [Ref Enq: 0.0 ms]
      [Free CSet: 0.0 ms]
   [Eden: 0.0B(1024.0K)->0.0B(1024.0K) Survivors: 0.0B->0.0B Heap: 6992.7K(8192.0K)->6992.7K(8192.0K)]
 [Times: user=0.01 sys=0.00, real=0.00 secs] 
342.447: Total time for which application threads were stopped: 0.0004880 seconds, Stopping threads took: 0.0000030 seconds
342.447: Application time: 0.0000290 seconds
342.447: [GC pause (young), 0.0004210 secs]
   [Parallel Time: 0.3 ms, GC Workers: 8]
      [GC Worker Start (ms): Min: 342447.3, Avg: 342447.3, Max: 342447.3, Diff: 0.0]
      [Ext Root Scanning (ms): Min: 0.2, Avg: 0.2, Max: 0.3, Diff: 0.1, Sum: 1.8]
      [SATB Filtering (ms): Min: 0.0, Avg: 0.0, Max: 0.0, Diff: 0.0, Sum: 0.0]
      [Update RS (ms): Min: 0.0, Avg: 0.0, Max: 0.0, Diff: 0.0, Sum: 0.0]
         [Processed Buffers: Min: 0, Avg: 0.1, Max: 1, Diff: 1, Sum: 1]
      [Scan RS (ms): Min: 0.0, Avg: 0.0, Max: 0.0, Diff: 0.0, Sum: 0.0]
      [Code Root Scanning (ms): Min: 0.0, Avg: 0.0, Max: 0.0, Diff: 0.0, Sum: 0.0]
      [Object Copy (ms): Min: 0.0, Avg: 0.0, Max: 0.0, Diff: 0.0, Sum: 0.1]
      [Termination (ms): Min: 0.0, Avg: 0.0, Max: 0.0, Diff: 0.0, Sum: 0.2]
      [GC Worker Other (ms): Min: 0.0, Avg: 0.0, Max: 0.0, Diff: 0.0, Sum: 0.0]
      [GC Worker Total (ms): Min: 0.3, Avg: 0.3, Max: 0.3, Diff: 0.0, Sum: 2.2]
      [GC Worker End (ms): Min: 342447.6, Avg: 342447.6, Max: 342447.6, Diff: 0.0]
   [Code Root Fixup: 0.0 ms]
   [Code Root Migration: 0.0 ms]
   [Clear CT: 0.0 ms]
   [Other: 0.1 ms]
      [Choose CSet: 0.0 ms]
      [Ref Proc: 0.1 ms]
      [Ref Enq: 0.0 ms]
      [Free CSet: 0.0 ms]
   [Eden: 0.0B(1024.0K)->0.0B(1024.0K) Survivors: 0.0B->0.0B Heap: 6992.7K(8192.0K)->6992.7K(8192.0K)]
 [Times: user=0.00 sys=0.00, real=0.00 secs] 
342.448: Total time for which application threads were stopped: 0.0004790 seconds, Stopping threads took: 0.0000030 seconds
342.448: Application time: 0.0000250 seconds
342.448: [Full GC 6992K->5723K(8192K), 0.0056920 secs]
   [Eden: 0.0B(1024.0K)->0.0B(1024.0K) Survivors: 0.0B->0.0B Heap: 6992.7K(8192.0K)->5723.8K(8192.0K)], [Perm: 5171K->5171K(20480K)]
 [Times: user=0.01 sys=0.00, real=0.01 secs] 
342.454: Total time for which application threads were stopped: 0.0057550 seconds, Stopping threads took: 0.0000040 seconds
342.454: [GC concurrent-mark-abort]
343.775: Application time: 1.3209870 seconds
343.828: [GC pause (young), 0.0012100 secs]
   [Parallel Time: 1.0 ms, GC Workers: 8]
      [GC Worker Start (ms): Min: 343828.2, Avg: 343828.3, Max: 343828.3, Diff: 0.1]
      [Ext Root Scanning (ms): Min: 0.7, Avg: 0.7, Max: 0.8, Diff: 0.1, Sum: 6.0]
      [Update RS (ms): Min: 0.0, Avg: 0.0, Max: 0.0, Diff: 0.0, Sum: 0.0]
         [Processed Buffers: Min: 0, Avg: 1.0, Max: 3, Diff: 3, Sum: 8]
      [Scan RS (ms): Min: 0.0, Avg: 0.0, Max: 0.0, Diff: 0.0, Sum: 0.0]
      [Code Root Scanning (ms): Min: 0.0, Avg: 0.0, Max: 0.0, Diff: 0.0, Sum: 0.0]
      [Object Copy (ms): Min: 0.1, Avg: 0.1, Max: 0.1, Diff: 0.0, Sum: 0.7]
      [Termination (ms): Min: 0.0, Avg: 0.0, Max: 0.0, Diff: 0.0, Sum: 0.1]
      [GC Worker Other (ms): Min: 0.0, Avg: 0.0, Max: 0.0, Diff: 0.0, Sum: 0.1]
      [GC Worker Total (ms): Min: 0.8, Avg: 0.9, Max: 0.9, Diff: 0.1, Sum: 6.8]
      [GC Worker End (ms): Min: 343829.2, Avg: 343829.2, Max: 343829.2, Diff: 0.0]
   [Code Root Fixup: 0.0 ms]
   [Code Root Migration: 0.0 ms]
   [Clear CT: 0.1 ms]
   [Other: 0.1 ms]
      [Choose CSet: 0.0 ms]
      [Ref Proc: 0.1 ms]
      [Ref Enq: 0.0 ms]
      [Free CSet: 0.0 ms]
   [Eden: 1024.0K(1024.0K)->0.0B(1024.0K) Survivors: 0.0B->1024.0K Heap: 6747.8K(8192.0K)->5940.2K(8192.0K)]
 [Times: user=0.01 sys=0.00, real=0.01 secs] 
343.829: Total time for which application threads were stopped: 0.0549620 seconds, Stopping threads took: 0.0536350 seconds
345.031: Application time: 1.2014300 seconds
345.051: [GC pause (young) (initial-mark) (to-space exhausted), 0.0010400 secs]
   [Parallel Time: 0.7 ms, GC Workers: 8]
      [GC Worker Start (ms): Min: 345051.3, Avg: 345051.3, Max: 345051.4, Diff: 0.1]
      [Ext Root Scanning (ms): Min: 0.4, Avg: 0.4, Max: 0.5, Diff: 0.1, Sum: 3.4]
      [Code Root Marking (ms): Min: 0.0, Avg: 0.0, Max: 0.0, Diff: 0.0, Sum: 0.0]
      [Update RS (ms): Min: 0.0, Avg: 0.0, Max: 0.0, Diff: 0.0, Sum: 0.1]
         [Processed Buffers: Min: 0, Avg: 1.0, Max: 3, Diff: 3, Sum: 8]
      [Scan RS (ms): Min: 0.0, Avg: 0.0, Max: 0.0, Diff: 0.0, Sum: 0.0]
      [Code Root Scanning (ms): Min: 0.0, Avg: 0.0, Max: 0.0, Diff: 0.0, Sum: 0.0]
      [Object Copy (ms): Min: 0.1, Avg: 0.2, Max: 0.2, Diff: 0.0, Sum: 1.3]
      [Termination (ms): Min: 0.0, Avg: 0.0, Max: 0.1, Diff: 0.1, Sum: 0.2]
      [GC Worker Other (ms): Min: 0.0, Avg: 0.0, Max: 0.0, Diff: 0.0, Sum: 0.0]
      [GC Worker Total (ms): Min: 0.6, Avg: 0.6, Max: 0.7, Diff: 0.1, Sum: 5.0]
      [GC Worker End (ms): Min: 345052.0, Avg: 345052.0, Max: 345052.0, Diff: 0.0]
   [Code Root Fixup: 0.0 ms]
   [Code Root Migration: 0.0 ms]
   [Clear CT: 0.1 ms]
   [Other: 0.3 ms]
      [Choose CSet: 0.0 ms]
      [Ref Proc: 0.1 ms]
      [Ref Enq: 0.0 ms]
      [Free CSet: 0.0 ms]
   [Eden: 1024.0K(1024.0K)->0.0B(1024.0K) Survivors: 1024.0K->0.0B Heap: 6964.2K(8192.0K)->6964.2K(8192.0K)]
 [Times: user=0.01 sys=0.00, real=0.00 secs] 
345.052: [GC concurrent-root-region-scan-start]
345.052: [GC concurrent-root-region-scan-end, 0.0000070 secs]
345.052: [GC concurrent-mark-start]
345.052: Total time for which application threads were stopped: 0.0214760 seconds, Stopping threads took: 0.0203100 seconds
345.052: Application time: 0.0000370 seconds
345.052: [GC pause (young), 0.0004610 secs]
   [Parallel Time: 0.3 ms, GC Workers: 8]
      [GC Worker Start (ms): Min: 345052.5, Avg: 345052.5, Max: 345052.5, Diff: 0.0]
      [Ext Root Scanning (ms): Min: 0.2, Avg: 0.2, Max: 0.3, Diff: 0.1, Sum: 2.0]
      [Update RS (ms): Min: 0.0, Avg: 0.0, Max: 0.0, Diff: 0.0, Sum: 0.1]
         [Processed Buffers: Min: 0, Avg: 1.5, Max: 5, Diff: 5, Sum: 12]
      [Scan RS (ms): Min: 0.0, Avg: 0.0, Max: 0.0, Diff: 0.0, Sum: 0.0]
      [Code Root Scanning (ms): Min: 0.0, Avg: 0.0, Max: 0.0, Diff: 0.0, Sum: 0.0]
      [Object Copy (ms): Min: 0.0, Avg: 0.0, Max: 0.0, Diff: 0.0, Sum: 0.1]
      [Termination (ms): Min: 0.0, Avg: 0.0, Max: 0.0, Diff: 0.0, Sum: 0.3]
      [GC Worker Other (ms): Min: 0.0, Avg: 0.0, Max: 0.0, Diff: 0.0, Sum: 0.0]
      [GC Worker Total (ms): Min: 0.3, Avg: 0.3, Max: 0.3, Diff: 0.0, Sum: 2.4]
      [GC Worker End (ms): Min: 345052.8, Avg: 345052.8, Max: 345052.8, Diff: 0.0]
   [Code Root Fixup: 0.0 ms]
   [Code Root Migration: 0.0 ms]
   [Clear CT: 0.0 ms]
   [Other: 0.1 ms]
      [Choose CSet: 0.0 ms]
      [Ref Proc: 0.1 ms]
      [Ref Enq: 0.0 ms]
      [Free CSet: 0.0 ms]
   [Eden: 0.0B(1024.0K)->0.0B(1024.0K) Survivors: 0.0B->0.0B Heap: 6964.2K(8192.0K)->6964.2K(8192.0K)]
 [Times: user=0.00 sys=0.00, real=0.00 secs] 
345.053: Total time for which application threads were stopped: 0.0005220 seconds, Stopping threads took: 0.0000070 seconds
345.053: Application time: 0.0000300 seconds
345.053: [GC pause (young), 0.0004840 secs]
   [Parallel Time: 0.4 ms, GC Workers: 8]
      [GC Worker Start (ms): Min: 345053.0, Avg: 345053.1, Max: 345053.3, Diff: 0.3]
      [Ext Root Scanning (ms): Min: 0.0, Avg: 0.2, Max: 0.3, Diff: 0.3, Sum: 1.5]
      [Update RS (ms): Min: 0.0, Avg: 0.0, Max: 0.0, Diff: 0.0, Sum: 0.0]
         [Processed Buffers: Min: 0, Avg: 0.1, Max: 1, Diff: 1, Sum: 1]
      [Scan RS (ms): Min: 0.0, Avg: 0.0, Max: 0.0, Diff: 0.0, Sum: 0.0]
      [Code Root Scanning (ms): Min: 0.0, Avg: 0.0, Max: 0.0, Diff: 0.0, Sum: 0.0]
      [Object Copy (ms): Min: 0.0, Avg: 0.0, Max: 0.0, Diff: 0.0, Sum: 0.1]
      [Termination (ms): Min: 0.0, Avg: 0.1, Max: 0.1, Diff: 0.1, Sum: 0.4]
      [GC Worker Other (ms): Min: -0.0, Avg: 0.0, Max: 0.0, Diff: 0.0, Sum: 0.0]
      [GC Worker Total (ms): Min: 0.0, Avg: 0.3, Max: 0.4, Diff: 0.3, Sum: 2.1]
      [GC Worker End (ms): Min: 345053.4, Avg: 345053.4, Max: 345053.4, Diff: 0.0]
   [Code Root Fixup: 0.0 ms]
   [Code Root Migration: 0.0 ms]
   [Clear CT: 0.0 ms]
   [Other: 0.1 ms]
      [Choose CSet: 0.0 ms]
      [Ref Proc: 0.1 ms]
      [Ref Enq: 0.0 ms]
      [Free CSet: 0.0 ms]
   [Eden: 0.0B(1024.0K)->0.0B(1024.0K) Survivors: 0.0B->0.0B Heap: 6964.2K(8192.0K)->6964.2K(8192.0K)]
 [Times: user=0.00 sys=0.00, real=0.00 secs] 
345.054: Total time for which application threads were stopped: 0.0005380 seconds, Stopping threads took: 0.0000040 seconds
345.054: Application time: 0.0000330 seconds
345.054: [GC pause (young), 0.0004630 secs]
   [Parallel Time: 0.3 ms, GC Workers: 8]
      [GC Worker Start (ms): Min: 345053.6, Avg: 345053.6, Max: 345053.6, Diff: 0.0]
      [Ext Root Scanning (ms): Min: 0.2, Avg: 0.2, Max: 0.3, Diff: 0.0, Sum: 1.8]
      [SATB Filtering (ms): Min: 0.0, Avg: 0.0, Max: 0.0, Diff: 0.0, Sum: 0.0]
      [Update RS (ms): Min: 0.0, Avg: 0.0, Max: 0.0, Diff: 0.0, Sum: 0.0]
         [Processed Buffers: Min: 0, Avg: 0.1, Max: 1, Diff: 1, Sum: 1]
      [Scan RS (ms): Min: 0.0, Avg: 0.0, Max: 0.0, Diff: 0.0, Sum: 0.0]
      [Code Root Scanning (ms): Min: 0.0, Avg: 0.0, Max: 0.0, Diff: 0.0, Sum: 0.0]
      [Object Copy (ms): Min: 0.0, Avg: 0.0, Max: 0.0, Diff: 0.0, Sum: 0.1]
      [Termination (ms): Min: 0.0, Avg: 0.0, Max: 0.1, Diff: 0.1, Sum: 0.3]
      [GC Worker Other (ms): Min: -0.0, Avg: 0.0, Max: 0.0, Diff: 0.0, Sum: 0.0]
      [GC Worker Total (ms): Min: 0.3, Avg: 0.3, Max: 0.3, Diff: 0.0, Sum: 2.3]
      [GC Worker End (ms): Min: 345053.9, Avg: 345053.9, Max: 345053.9, Diff: 0.0]
   [Code Root Fixup: 0.0 ms]
   [Code Root Migration: 0.0 ms]
   [Clear CT: 0.1 ms]
   [Other: 0.1 ms]
      [Choose CSet: 0.0 ms]
      [Ref Proc: 0.1 ms]
      [Ref Enq: 0.0 ms]
      [Free CSet: 0.0 ms]
   [Eden: 0.0B(1024.0K)->0.0B(1024.0K) Survivors: 0.0B->0.0B Heap: 6964.2K(8192.0K)->6964.2K(8192.0K)]
 [Times: user=0.00 sys=0.00, real=0.00 secs] 
345.054: Total time for which application threads were stopped: 0.0005200 seconds, Stopping threads took: 0.0000030 seconds
345.054: Application time: 0.0000220 seconds
345.054: [Full GC 6964K->5749K(8192K), 0.0057890 secs]
   [Eden: 0.0B(1024.0K)->0.0B(1024.0K) Survivors: 0.0B->0.0B Heap: 6964.2K(8192.0K)->5749.6K(8192.0K)], [Perm: 5171K->5171K(20480K)]
 [Times: user=0.01 sys=0.00, real=0.00 secs] 
345.060: Total time for which application threads were stopped: 0.0058500 seconds, Stopping threads took: 0.0000030 seconds
345.060: [GC concurrent-mark-abort]
346.210: Application time: 1.1503820 seconds
346.263: [GC pause (young), 0.0016080 secs]
   [Parallel Time: 0.9 ms, GC Workers: 8]
      [GC Worker Start (ms): Min: 346263.5, Avg: 346263.5, Max: 346263.6, Diff: 0.1]
      [Ext Root Scanning (ms): Min: 0.7, Avg: 0.7, Max: 0.8, Diff: 0.1, Sum: 5.8]
      [Update RS (ms): Min: 0.0, Avg: 0.0, Max: 0.0, Diff: 0.0, Sum: 0.1]
         [Processed Buffers: Min: 0, Avg: 1.0, Max: 3, Diff: 3, Sum: 8]
      [Scan RS (ms): Min: 0.0, Avg: 0.0, Max: 0.0, Diff: 0.0, Sum: 0.0]
      [Code Root Scanning (ms): Min: 0.0, Avg: 0.0, Max: 0.0, Diff: 0.0, Sum: 0.0]
      [Object Copy (ms): Min: 0.1, Avg: 0.1, Max: 0.1, Diff: 0.1, Sum: 0.8]
      [Termination (ms): Min: 0.0, Avg: 0.0, Max: 0.0, Diff: 0.0, Sum: 0.1]
      [GC Worker Other (ms): Min: 0.0, Avg: 0.0, Max: 0.0, Diff: 0.0, Sum: 0.1]
      [GC Worker Total (ms): Min: 0.8, Avg: 0.8, Max: 0.9, Diff: 0.1, Sum: 6.8]
      [GC Worker End (ms): Min: 346264.4, Avg: 346264.4, Max: 346264.4, Diff: 0.0]
   [Code Root Fixup: 0.0 ms]
   [Code Root Migration: 0.0 ms]
   [Clear CT: 0.4 ms]
   [Other: 0.2 ms]
      [Choose CSet: 0.0 ms]
      [Ref Proc: 0.2 ms]
      [Ref Enq: 0.0 ms]
      [Free CSet: 0.0 ms]
   [Eden: 1024.0K(1024.0K)->0.0B(1024.0K) Survivors: 0.0B->1024.0K Heap: 6773.6K(8192.0K)->5974.0K(8192.0K)]
 [Times: user=0.01 sys=0.00, real=0.00 secs] 
346.265: Total time for which application threads were stopped: 0.0547570 seconds, Stopping threads took: 0.0530290 seconds
347.591: Application time: 1.3258410 seconds
347.647: [GC pause (young) (initial-mark) (to-space exhausted), 0.0015880 secs]
   [Parallel Time: 1.0 ms, GC Workers: 8]
      [GC Worker Start (ms): Min: 347647.2, Avg: 347647.3, Max: 347647.3, Diff: 0.1]
      [Ext Root Scanning (ms): Min: 0.3, Avg: 0.4, Max: 0.4, Diff: 0.1, Sum: 3.2]
      [Code Root Marking (ms): Min: 0.0, Avg: 0.0, Max: 0.0, Diff: 0.0, Sum: 0.0]
      [Update RS (ms): Min: 0.0, Avg: 0.0, Max: 0.0, Diff: 0.0, Sum: 0.0]
         [Processed Buffers: Min: 0, Avg: 1.1, Max: 4, Diff: 4, Sum: 9]
      [Scan RS (ms): Min: 0.0, Avg: 0.0, Max: 0.0, Diff: 0.0, Sum: 0.0]
      [Code Root Scanning (ms): Min: 0.0, Avg: 0.0, Max: 0.0, Diff: 0.0, Sum: 0.0]
      [Object Copy (ms): Min: 0.1, Avg: 0.2, Max: 0.3, Diff: 0.1, Sum: 1.7]
      [Termination (ms): Min: 0.0, Avg: 0.0, Max: 0.1, Diff: 0.1, Sum: 0.3]
      [GC Worker Other (ms): Min: 0.0, Avg: 0.0, Max: 0.0, Diff: 0.0, Sum: 0.0]
      [GC Worker Total (ms): Min: 0.6, Avg: 0.7, Max: 0.7, Diff: 0.1, Sum: 5.4]
      [GC Worker End (ms): Min: 347647.9, Avg: 347647.9, Max: 347648.0, Diff: 0.0]
   [Code Root Fixup: 0.0 ms]
   [Code Root Migration: 0.0 ms]
   [Clear CT: 0.2 ms]
   [Other: 0.4 ms]
      [Choose CSet: 0.0 ms]
      [Ref Proc: 0.2 ms]
      [Ref Enq: 0.0 ms]
      [Free CSet: 0.0 ms]
   [Eden: 1024.0K(1024.0K)->0.0B(1024.0K) Survivors: 1024.0K->0.0B Heap: 6998.0K(8192.0K)->6998.0K(8192.0K)]
 [Times: user=0.00 sys=0.00, real=0.00 secs] 
347.649: [GC concurrent-root-region-scan-start]
347.649: [GC concurrent-root-region-scan-end, 0.0000050 secs]
347.649: [GC concurrent-mark-start]
347.649: Total time for which application threads were stopped: 0.0579040 seconds, Stopping threads took: 0.0561840 seconds
347.649: Application time: 0.0005660 seconds
347.649: [GC pause (young), 0.0004690 secs]
   [Parallel Time: 0.4 ms, GC Workers: 8]
      [GC Worker Start (ms): Min: 347649.4, Avg: 347649.5, Max: 347649.5, Diff: 0.0]
      [Ext Root Scanning (ms): Min: 0.2, Avg: 0.3, Max: 0.3, Diff: 0.1, Sum: 2.1]
      [SATB Filtering (ms): Min: 0.0, Avg: 0.0, Max: 0.0, Diff: 0.0, Sum: 0.0]
      [Update RS (ms): Min: 0.0, Avg: 0.0, Max: 0.0, Diff: 0.0, Sum: 0.1]
         [Processed Buffers: Min: 0, Avg: 1.6, Max: 5, Diff: 5, Sum: 13]
      [Scan RS (ms): Min: 0.0, Avg: 0.0, Max: 0.0, Diff: 0.0, Sum: 0.0]
      [Code Root Scanning (ms): Min: 0.0, Avg: 0.0, Max: 0.0, Diff: 0.0, Sum: 0.0]
      [Object Copy (ms): Min: 0.0, Avg: 0.0, Max: 0.0, Diff: 0.0, Sum: 0.1]
      [Termination (ms): Min: 0.0, Avg: 0.0, Max: 0.0, Diff: 0.0, Sum: 0.2]
      [GC Worker Other (ms): Min: -0.0, Avg: 0.0, Max: 0.0, Diff: 0.0, Sum: 0.0]
      [GC Worker Total (ms): Min: 0.3, Avg: 0.3, Max: 0.3, Diff: 0.0, Sum: 2.5]
      [GC Worker End (ms): Min: 347649.8, Avg: 347649.8, Max: 347649.8, Diff: 0.0]
   [Code Root Fixup: 0.0 ms]
   [Code Root Migration: 0.0 ms]
   [Clear CT: 0.0 ms]
   [Other: 0.1 ms]
      [Choose CSet: 0.0 ms]
      [Ref Proc: 0.0 ms]
      [Ref Enq: 0.0 ms]
      [Free CSet: 0.0 ms]
   [Eden: 0.0B(1024.0K)->0.0B(1024.0K) Survivors: 0.0B->0.0B Heap: 6998.0K(8192.0K)->6998.0K(8192.0K)]
 [Times: user=0.00 sys=0.00, real=0.00 secs] 
347.650: Total time for which application threads were stopped: 0.0005330 seconds, Stopping threads took: 0.0000070 seconds
347.650: Application time: 0.0000330 seconds
347.650: [GC pause (young), 0.0004220 secs]
   [Parallel Time: 0.3 ms, GC Workers: 8]
      [GC Worker Start (ms): Min: 347650.0, Avg: 347650.0, Max: 347650.0, Diff: 0.0]
      [Ext Root Scanning (ms): Min: 0.2, Avg: 0.2, Max: 0.3, Diff: 0.1, Sum: 1.9]
      [Update RS (ms): Min: 0.0, Avg: 0.0, Max: 0.0, Diff: 0.0, Sum: 0.0]
         [Processed Buffers: Min: 0, Avg: 0.1, Max: 1, Diff: 1, Sum: 1]
      [Scan RS (ms): Min: 0.0, Avg: 0.0, Max: 0.0, Diff: 0.0, Sum: 0.0]
      [Code Root Scanning (ms): Min: 0.0, Avg: 0.0, Max: 0.0, Diff: 0.0, Sum: 0.0]
      [Object Copy (ms): Min: 0.0, Avg: 0.0, Max: 0.0, Diff: 0.0, Sum: 0.1]
      [Termination (ms): Min: 0.0, Avg: 0.0, Max: 0.1, Diff: 0.1, Sum: 0.3]
      [GC Worker Other (ms): Min: 0.0, Avg: 0.0, Max: 0.0, Diff: 0.0, Sum: 0.0]
      [GC Worker Total (ms): Min: 0.3, Avg: 0.3, Max: 0.3, Diff: 0.0, Sum: 2.3]
      [GC Worker End (ms): Min: 347650.3, Avg: 347650.3, Max: 347650.3, Diff: 0.0]
   [Code Root Fixup: 0.0 ms]
   [Code Root Migration: 0.0 ms]
   [Clear CT: 0.0 ms]
   [Other: 0.1 ms]
      [Choose CSet: 0.0 ms]
      [Ref Proc: 0.1 ms]
      [Ref Enq: 0.0 ms]
      [Free CSet: 0.0 ms]
   [Eden: 0.0B(1024.0K)->0.0B(1024.0K) Survivors: 0.0B->0.0B Heap: 6998.0K(8192.0K)->6998.0K(8192.0K)]
 [Times: user=0.00 sys=0.00, real=0.00 secs] 
347.650: Total time for which application threads were stopped: 0.0004790 seconds, Stopping threads took: 0.0000050 seconds
347.650: Application time: 0.0000290 seconds
347.650: [GC pause (young), 0.0004250 secs]
   [Parallel Time: 0.3 ms, GC Workers: 8]
      [GC Worker Start (ms): Min: 347650.5, Avg: 347650.5, Max: 347650.5, Diff: 0.0]
      [Ext Root Scanning (ms): Min: 0.2, Avg: 0.2, Max: 0.2, Diff: 0.0, Sum: 1.8]
      [Update RS (ms): Min: 0.0, Avg: 0.0, Max: 0.0, Diff: 0.0, Sum: 0.0]
         [Processed Buffers: Min: 0, Avg: 0.1, Max: 1, Diff: 1, Sum: 1]
      [Scan RS (ms): Min: 0.0, Avg: 0.0, Max: 0.0, Diff: 0.0, Sum: 0.0]
      [Code Root Scanning (ms): Min: 0.0, Avg: 0.0, Max: 0.0, Diff: 0.0, Sum: 0.0]
      [Object Copy (ms): Min: 0.0, Avg: 0.0, Max: 0.0, Diff: 0.0, Sum: 0.1]
      [Termination (ms): Min: 0.0, Avg: 0.0, Max: 0.1, Diff: 0.1, Sum: 0.3]
      [GC Worker Other (ms): Min: 0.0, Avg: 0.0, Max: 0.0, Diff: 0.0, Sum: 0.0]
      [GC Worker Total (ms): Min: 0.3, Avg: 0.3, Max: 0.3, Diff: 0.0, Sum: 2.3]
      [GC Worker End (ms): Min: 347650.8, Avg: 347650.8, Max: 347650.8, Diff: 0.0]
   [Code Root Fixup: 0.0 ms]
   [Code Root Migration: 0.0 ms]
   [Clear CT: 0.0 ms]
   [Other: 0.1 ms]
      [Choose CSet: 0.0 ms]
      [Ref Proc: 0.1 ms]
      [Ref Enq: 0.0 ms]
      [Free CSet: 0.0 ms]
   [Eden: 0.0B(1024.0K)->0.0B(1024.0K) Survivors: 0.0B->0.0B Heap: 6998.0K(8192.0K)->6998.0K(8192.0K)]
 [Times: user=0.00 sys=0.00, real=0.00 secs] 
347.651: Total time for which application threads were stopped: 0.0004850 seconds, Stopping threads took: 0.0000040 seconds
347.651: Application time: 0.0000280 seconds
347.651: [Full GC 6998K->5743K(8192K), 0.0055850 secs]
   [Eden: 0.0B(1024.0K)->0.0B(1024.0K) Survivors: 0.0B->0.0B Heap: 6998.0K(8192.0K)->5743.1K(8192.0K)], [Perm: 5171K->5171K(20480K)]
 [Times: user=0.01 sys=0.00, real=0.00 secs] 
347.657: Total time for which application threads were stopped: 0.0056470 seconds, Stopping threads took: 0.0000030 seconds
347.657: [GC concurrent-mark-abort]
348.866: Application time: 1.2096510 seconds
348.921: [GC pause (young), 0.0013300 secs]
   [Parallel Time: 0.9 ms, GC Workers: 8]
      [GC Worker Start (ms): Min: 348921.4, Avg: 348921.4, Max: 348921.5, Diff: 0.1]
      [Ext Root Scanning (ms): Min: 0.7, Avg: 0.7, Max: 0.8, Diff: 0.1, Sum: 5.9]
      [Update RS (ms): Min: 0.0, Avg: 0.0, Max: 0.0, Diff: 0.0, Sum: 0.1]
         [Processed Buffers: Min: 0, Avg: 1.0, Max: 2, Diff: 2, Sum: 8]
      [Scan RS (ms): Min: 0.0, Avg: 0.0, Max: 0.0, Diff: 0.0, Sum: 0.0]
      [Code Root Scanning (ms): Min: 0.0, Avg: 0.0, Max: 0.0, Diff: 0.0, Sum: 0.0]
      [Object Copy (ms): Min: 0.1, Avg: 0.1, Max: 0.1, Diff: 0.0, Sum: 0.7]
      [Termination (ms): Min: 0.0, Avg: 0.0, Max: 0.0, Diff: 0.0, Sum: 0.1]
      [GC Worker Other (ms): Min: 0.0, Avg: 0.0, Max: 0.0, Diff: 0.0, Sum: 0.0]
      [GC Worker Total (ms): Min: 0.8, Avg: 0.8, Max: 0.9, Diff: 0.1, Sum: 6.7]
      [GC Worker End (ms): Min: 348922.3, Avg: 348922.3, Max: 348922.3, Diff: 0.0]
   [Code Root Fixup: 0.0 ms]
   [Code Root Migration: 0.0 ms]
   [Clear CT: 0.2 ms]
   [Other: 0.2 ms]
      [Choose CSet: 0.0 ms]
      [Ref Proc: 0.2 ms]
      [Ref Enq: 0.0 ms]
      [Free CSet: 0.0 ms]
   [Eden: 1024.0K(1024.0K)->0.0B(1024.0K) Survivors: 0.0B->1024.0K Heap: 6767.1K(8192.0K)->5967.6K(8192.0K)]
 [Times: user=0.01 sys=0.00, real=0.01 secs] 
348.923: Total time for which application threads were stopped: 0.0564560 seconds, Stopping threads took: 0.0550210 seconds
350.018: Application time: 1.0947680 seconds
350.074: [GC pause (young) (initial-mark) (to-space exhausted), 0.0009910 secs]
   [Parallel Time: 0.7 ms, GC Workers: 8]
      [GC Worker Start (ms): Min: 350074.3, Avg: 350074.3, Max: 350074.4, Diff: 0.1]
      [Ext Root Scanning (ms): Min: 0.4, Avg: 0.4, Max: 0.4, Diff: 0.1, Sum: 3.3]
      [Code Root Marking (ms): Min: 0.0, Avg: 0.0, Max: 0.0, Diff: 0.0, Sum: 0.0]
      [Update RS (ms): Min: 0.0, Avg: 0.0, Max: 0.0, Diff: 0.0, Sum: 0.1]
         [Processed Buffers: Min: 0, Avg: 1.0, Max: 4, Diff: 4, Sum: 8]
      [Scan RS (ms): Min: 0.0, Avg: 0.0, Max: 0.0, Diff: 0.0, Sum: 0.0]
      [Code Root Scanning (ms): Min: 0.0, Avg: 0.0, Max: 0.0, Diff: 0.0, Sum: 0.0]
      [Object Copy (ms): Min: 0.1, Avg: 0.2, Max: 0.2, Diff: 0.1, Sum: 1.3]
      [Termination (ms): Min: 0.0, Avg: 0.0, Max: 0.1, Diff: 0.1, Sum: 0.4]
      [GC Worker Other (ms): Min: 0.0, Avg: 0.0, Max: 0.0, Diff: 0.0, Sum: 0.0]
      [GC Worker Total (ms): Min: 0.6, Avg: 0.6, Max: 0.7, Diff: 0.1, Sum: 5.0]
      [GC Worker End (ms): Min: 350074.9, Avg: 350075.0, Max: 350075.0, Diff: 0.0]
   [Code Root Fixup: 0.0 ms]
   [Code Root Migration: 0.0 ms]
   [Clear CT: 0.1 ms]
   [Other: 0.2 ms]
      [Choose CSet: 0.0 ms]
      [Ref Proc: 0.1 ms]
      [Ref Enq: 0.0 ms]
      [Free CSet: 0.0 ms]
   [Eden: 1024.0K(1024.0K)->0.0B(1024.0K) Survivors: 1024.0K->0.0B Heap: 6991.6K(8192.0K)->6991.6K(8192.0K)]
 [Times: user=0.00 sys=0.00, real=0.00 secs] 
350.075: [GC concurrent-root-region-scan-start]
350.075: [GC concurrent-root-region-scan-end, 0.0000070 secs]
350.075: [GC concurrent-mark-start]
350.075: Total time for which application threads were stopped: 0.0578200 seconds, Stopping threads took: 0.0567060 seconds
350.076: [GC concurrent-mark-end, 0.0008690 secs]
350.076: Application time: 0.0008860 seconds
350.076: [GC remark 350.076: [GC ref-proc, 0.0004930 secs], 0.0008870 secs]
 [Times: user=0.00 sys=0.00, real=0.00 secs] 
350.077: Total time for which application threads were stopped: 0.0009100 seconds, Stopping threads took: 0.0000060 seconds
350.077: Application time: 0.0000200 seconds
350.077: [GC pause (young), 0.0005350 secs]
   [Parallel Time: 0.4 ms, GC Workers: 8]
      [GC Worker Start (ms): Min: 350077.2, Avg: 350077.2, Max: 350077.2, Diff: 0.0]
      [Ext Root Scanning (ms): Min: 0.3, Avg: 0.3, Max: 0.3, Diff: 0.0, Sum: 2.6]
      [SATB Filtering (ms): Min: 0.0, Avg: 0.0, Max: 0.0, Diff: 0.0, Sum: 0.0]
      [Update RS (ms): Min: 0.0, Avg: 0.0, Max: 0.0, Diff: 0.0, Sum: 0.1]
         [Processed Buffers: Min: 0, Avg: 1.6, Max: 4, Diff: 4, Sum: 13]
      [Scan RS (ms): Min: 0.0, Avg: 0.0, Max: 0.0, Diff: 0.0, Sum: 0.0]
      [Code Root Scanning (ms): Min: 0.0, Avg: 0.0, Max: 0.0, Diff: 0.0, Sum: 0.0]
      [Object Copy (ms): Min: 0.0, Avg: 0.0, Max: 0.0, Diff: 0.0, Sum: 0.1]
      [Termination (ms): Min: 0.0, Avg: 0.0, Max: 0.0, Diff: 0.0, Sum: 0.2]
      [GC Worker Other (ms): Min: 0.0, Avg: 0.0, Max: 0.0, Diff: 0.0, Sum: 0.0]
      [GC Worker Total (ms): Min: 0.4, Avg: 0.4, Max: 0.4, Diff: 0.0, Sum: 3.0]
      [GC Worker End (ms): Min: 350077.6, Avg: 350077.6, Max: 350077.6, Diff: 0.0]
   [Code Root Fixup: 0.0 ms]
   [Code Root Migration: 0.0 ms]
   [Clear CT: 0.0 ms]
   [Other: 0.1 ms]
      [Choose CSet: 0.0 ms]
      [Ref Proc: 0.1 ms]
      [Ref Enq: 0.0 ms]
      [Free CSet: 0.0 ms]
   [Eden: 0.0B(1024.0K)->0.0B(1024.0K) Survivors: 0.0B->0.0B Heap: 6991.6K(8192.0K)->6991.6K(8192.0K)]
 [Times: user=0.00 sys=0.00, real=0.00 secs] 
350.078: Total time for which application threads were stopped: 0.0005960 seconds, Stopping threads took: 0.0000050 seconds
350.078: Application time: 0.0000160 seconds
350.078: [GC pause (young), 0.0005140 secs]
   [Parallel Time: 0.4 ms, GC Workers: 8]
      [GC Worker Start (ms): Min: 350077.8, Avg: 350077.9, Max: 350078.2, Diff: 0.4]
      [Ext Root Scanning (ms): Min: 0.0, Avg: 0.2, Max: 0.3, Diff: 0.3, Sum: 1.7]
      [Update RS (ms): Min: 0.0, Avg: 0.0, Max: 0.0, Diff: 0.0, Sum: 0.0]
         [Processed Buffers: Min: 0, Avg: 0.1, Max: 1, Diff: 1, Sum: 1]
      [Scan RS (ms): Min: 0.0, Avg: 0.0, Max: 0.0, Diff: 0.0, Sum: 0.0]
      [Code Root Scanning (ms): Min: 0.0, Avg: 0.0, Max: 0.0, Diff: 0.0, Sum: 0.0]
      [Object Copy (ms): Min: 0.0, Avg: 0.0, Max: 0.0, Diff: 0.0, Sum: 0.1]
      [Termination (ms): Min: 0.0, Avg: 0.1, Max: 0.1, Diff: 0.1, Sum: 0.8]
      [GC Worker Other (ms): Min: 0.0, Avg: 0.0, Max: 0.0, Diff: 0.0, Sum: 0.0]
      [GC Worker Total (ms): Min: 0.0, Avg: 0.3, Max: 0.4, Diff: 0.4, Sum: 2.6]
      [GC Worker End (ms): Min: 350078.2, Avg: 350078.2, Max: 350078.2, Diff: 0.0]
   [Code Root Fixup: 0.0 ms]
   [Code Root Migration: 0.0 ms]
   [Clear CT: 0.0 ms]
   [Other: 0.1 ms]
      [Choose CSet: 0.0 ms]
      [Ref Proc: 0.1 ms]
      [Ref Enq: 0.0 ms]
      [Free CSet: 0.0 ms]
   [Eden: 0.0B(1024.0K)->0.0B(1024.0K) Survivors: 0.0B->0.0B Heap: 6991.6K(8192.0K)->6991.6K(8192.0K)]
 [Times: user=0.00 sys=0.00, real=0.00 secs] 
350.078: Total time for which application threads were stopped: 0.0005710 seconds, Stopping threads took: 0.0000040 seconds
350.078: Application time: 0.0000140 seconds
350.078: [Full GC 6991K->5728K(8192K), 0.0055550 secs]
   [Eden: 0.0B(1024.0K)->0.0B(1024.0K) Survivors: 0.0B->0.0B Heap: 6991.6K(8192.0K)->5728.3K(8192.0K)], [Perm: 5171K->5171K(20480K)]
 [Times: user=0.01 sys=0.00, real=0.01 secs] 
350.084: Total time for which application threads were stopped: 0.0056190 seconds, Stopping threads took: 0.0000040 seconds
350.084: Application time: 0.0000470 seconds
350.084: [GC cleanup, 0.0000060 secs]
 [Times: user=0.00 sys=0.00, real=0.00 secs] 
350.084: Total time for which application threads were stopped: 0.0000530 seconds, Stopping threads took: 0.0000320 seconds
350.084: [GC concurrent-mark-abort]
351.349: Application time: 1.2650560 seconds
351.404: [GC pause (young), 0.0012560 secs]
   [Parallel Time: 0.9 ms, GC Workers: 8]
      [GC Worker Start (ms): Min: 351404.2, Avg: 351404.2, Max: 351404.3, Diff: 0.1]
      [Ext Root Scanning (ms): Min: 0.7, Avg: 0.7, Max: 0.8, Diff: 0.1, Sum: 5.9]
      [Update RS (ms): Min: 0.0, Avg: 0.0, Max: 0.0, Diff: 0.0, Sum: 0.1]
         [Processed Buffers: Min: 0, Avg: 1.0, Max: 3, Diff: 3, Sum: 8]
      [Scan RS (ms): Min: 0.0, Avg: 0.0, Max: 0.0, Diff: 0.0, Sum: 0.0]
      [Code Root Scanning (ms): Min: 0.0, Avg: 0.0, Max: 0.0, Diff: 0.0, Sum: 0.0]
      [Object Copy (ms): Min: 0.1, Avg: 0.1, Max: 0.1, Diff: 0.0, Sum: 0.7]
      [Termination (ms): Min: 0.0, Avg: 0.0, Max: 0.0, Diff: 0.0, Sum: 0.1]
      [GC Worker Other (ms): Min: 0.0, Avg: 0.0, Max: 0.0, Diff: 0.0, Sum: 0.1]
      [GC Worker Total (ms): Min: 0.8, Avg: 0.9, Max: 0.9, Diff: 0.1, Sum: 6.8]
      [GC Worker End (ms): Min: 351405.1, Avg: 351405.1, Max: 351405.1, Diff: 0.0]
   [Code Root Fixup: 0.0 ms]
   [Code Root Migration: 0.0 ms]
   [Clear CT: 0.2 ms]
   [Other: 0.1 ms]
      [Choose CSet: 0.0 ms]
      [Ref Proc: 0.1 ms]
      [Ref Enq: 0.0 ms]
      [Free CSet: 0.0 ms]
   [Eden: 1024.0K(1024.0K)->0.0B(1024.0K) Survivors: 0.0B->1024.0K Heap: 6752.3K(8192.0K)->5952.7K(8192.0K)]
 [Times: user=0.00 sys=0.00, real=0.00 secs] 
351.405: Total time for which application threads were stopped: 0.0563110 seconds, Stopping threads took: 0.0549550 seconds
352.616: Application time: 1.2109500 seconds
352.670: [GC pause (young) (initial-mark) (to-space exhausted), 0.0009700 secs]
   [Parallel Time: 0.7 ms, GC Workers: 8]
      [GC Worker Start (ms): Min: 352670.1, Avg: 352670.1, Max: 352670.1, Diff: 0.1]
      [Ext Root Scanning (ms): Min: 0.4, Avg: 0.4, Max: 0.4, Diff: 0.1, Sum: 3.3]
      [Code Root Marking (ms): Min: 0.0, Avg: 0.0, Max: 0.0, Diff: 0.0, Sum: 0.0]
      [Update RS (ms): Min: 0.0, Avg: 0.0, Max: 0.0, Diff: 0.0, Sum: 0.1]
         [Processed Buffers: Min: 0, Avg: 1.0, Max: 2, Diff: 2, Sum: 8]
      [Scan RS (ms): Min: 0.0, Avg: 0.0, Max: 0.0, Diff: 0.0, Sum: 0.0]
      [Code Root Scanning (ms): Min: 0.0, Avg: 0.0, Max: 0.0, Diff: 0.0, Sum: 0.0]
      [Object Copy (ms): Min: 0.1, Avg: 0.2, Max: 0.2, Diff: 0.1, Sum: 1.4]
      [Termination (ms): Min: 0.0, Avg: 0.0, Max: 0.1, Diff: 0.1, Sum: 0.2]
      [GC Worker Other (ms): Min: 0.0, Avg: 0.0, Max: 0.0, Diff: 0.0, Sum: 0.0]
      [GC Worker Total (ms): Min: 0.6, Avg: 0.6, Max: 0.7, Diff: 0.1, Sum: 5.1]
      [GC Worker End (ms): Min: 352670.7, Avg: 352670.7, Max: 352670.8, Diff: 0.0]
   [Code Root Fixup: 0.0 ms]
   [Code Root Migration: 0.0 ms]
   [Clear CT: 0.0 ms]
   [Other: 0.2 ms]
      [Choose CSet: 0.0 ms]
      [Ref Proc: 0.1 ms]
      [Ref Enq: 0.0 ms]
      [Free CSet: 0.0 ms]
   [Eden: 1024.0K(1024.0K)->0.0B(1024.0K) Survivors: 1024.0K->0.0B Heap: 6976.7K(8192.0K)->6976.7K(8192.0K)]
 [Times: user=0.01 sys=0.00, real=0.00 secs] 
352.671: [GC concurrent-root-region-scan-start]
352.671: [GC concurrent-root-region-scan-end, 0.0000050 secs]
352.671: [GC concurrent-mark-start]
352.671: Total time for which application threads were stopped: 0.0546750 seconds, Stopping threads took: 0.0536030 seconds
352.671: Application time: 0.0000350 seconds
352.671: [GC pause (young), 0.0004570 secs]
   [Parallel Time: 0.3 ms, GC Workers: 8]
      [GC Worker Start (ms): Min: 352671.2, Avg: 352671.2, Max: 352671.2, Diff: 0.0]
      [Ext Root Scanning (ms): Min: 0.2, Avg: 0.3, Max: 0.3, Diff: 0.0, Sum: 2.0]
      [Update RS (ms): Min: 0.0, Avg: 0.0, Max: 0.0, Diff: 0.0, Sum: 0.1]
         [Processed Buffers: Min: 0, Avg: 1.9, Max: 8, Diff: 8, Sum: 15]
      [Scan RS (ms): Min: 0.0, Avg: 0.0, Max: 0.0, Diff: 0.0, Sum: 0.0]
      [Code Root Scanning (ms): Min: 0.0, Avg: 0.0, Max: 0.0, Diff: 0.0, Sum: 0.0]
      [Object Copy (ms): Min: 0.0, Avg: 0.0, Max: 0.0, Diff: 0.0, Sum: 0.1]
      [Termination (ms): Min: 0.0, Avg: 0.0, Max: 0.0, Diff: 0.0, Sum: 0.2]
      [GC Worker Other (ms): Min: 0.0, Avg: 0.0, Max: 0.0, Diff: 0.0, Sum: 0.0]
      [GC Worker Total (ms): Min: 0.3, Avg: 0.3, Max: 0.3, Diff: 0.0, Sum: 2.4]
      [GC Worker End (ms): Min: 352671.5, Avg: 352671.5, Max: 352671.5, Diff: 0.0]
   [Code Root Fixup: 0.0 ms]
   [Code Root Migration: 0.0 ms]
   [Clear CT: 0.0 ms]
   [Other: 0.1 ms]
      [Choose CSet: 0.0 ms]
      [Ref Proc: 0.1 ms]
      [Ref Enq: 0.0 ms]
      [Free CSet: 0.0 ms]
   [Eden: 0.0B(1024.0K)->0.0B(1024.0K) Survivors: 0.0B->0.0B Heap: 6976.7K(8192.0K)->6976.7K(8192.0K)]
 [Times: user=0.00 sys=0.00, real=0.00 secs] 
352.672: Total time for which application threads were stopped: 0.0005220 seconds, Stopping threads took: 0.0000060 seconds
352.672: Application time: 0.0000310 seconds
352.672: [GC pause (young), 0.0005180 secs]
   [Parallel Time: 0.3 ms, GC Workers: 8]
      [GC Worker Start (ms): Min: 352671.7, Avg: 352671.7, Max: 352672.0, Diff: 0.3]
      [Ext Root Scanning (ms): Min: 0.0, Avg: 0.2, Max: 0.3, Diff: 0.3, Sum: 1.7]
      [Update RS (ms): Min: 0.0, Avg: 0.0, Max: 0.0, Diff: 0.0, Sum: 0.0]
         [Processed Buffers: Min: 0, Avg: 0.1, Max: 1, Diff: 1, Sum: 1]
      [Scan RS (ms): Min: 0.0, Avg: 0.0, Max: 0.0, Diff: 0.0, Sum: 0.0]
      [Code Root Scanning (ms): Min: 0.0, Avg: 0.0, Max: 0.0, Diff: 0.0, Sum: 0.0]
      [Object Copy (ms): Min: 0.0, Avg: 0.0, Max: 0.0, Diff: 0.0, Sum: 0.1]
      [Termination (ms): Min: 0.0, Avg: 0.1, Max: 0.1, Diff: 0.1, Sum: 0.4]
      [GC Worker Other (ms): Min: 0.0, Avg: 0.0, Max: 0.0, Diff: 0.0, Sum: 0.0]
      [GC Worker Total (ms): Min: 0.0, Avg: 0.3, Max: 0.3, Diff: 0.3, Sum: 2.2]
      [GC Worker End (ms): Min: 352672.0, Avg: 352672.0, Max: 352672.0, Diff: 0.0]
   [Code Root Fixup: 0.0 ms]
   [Code Root Migration: 0.0 ms]
   [Clear CT: 0.0 ms]
   [Other: 0.1 ms]
      [Choose CSet: 0.0 ms]
      [Ref Proc: 0.1 ms]
      [Ref Enq: 0.0 ms]
      [Free CSet: 0.0 ms]
   [Eden: 0.0B(1024.0K)->0.0B(1024.0K) Survivors: 0.0B->0.0B Heap: 6976.7K(8192.0K)->6976.7K(8192.0K)]
 [Times: user=0.00 sys=0.00, real=0.00 secs] 
352.672: Total time for which application threads were stopped: 0.0005690 seconds, Stopping threads took: 0.0000040 seconds
352.672: Application time: 0.0000260 seconds
352.672: [Full GC 6976K->5745K(8192K), 0.0056350 secs]
   [Eden: 0.0B(1024.0K)->0.0B(1024.0K) Survivors: 0.0B->0.0B Heap: 6976.7K(8192.0K)->5745.8K(8192.0K)], [Perm: 5171K->5171K(20480K)]
 [Times: user=0.01 sys=0.00, real=0.00 secs] 
352.678: Total time for which application threads were stopped: 0.0057030 seconds, Stopping threads took: 0.0000050 seconds
352.678: [GC concurrent-mark-abort]
353.771: Application time: 1.0925460 seconds
353.825: [GC pause (young), 0.0019070 secs]
   [Parallel Time: 1.2 ms, GC Workers: 8]
      [GC Worker Start (ms): Min: 353824.9, Avg: 353825.0, Max: 353825.0, Diff: 0.1]
      [Ext Root Scanning (ms): Min: 0.7, Avg: 0.7, Max: 0.8, Diff: 0.1, Sum: 5.9]
      [Update RS (ms): Min: 0.0, Avg: 0.0, Max: 0.0, Diff: 0.0, Sum: 0.1]
         [Processed Buffers: Min: 0, Avg: 1.0, Max: 4, Diff: 4, Sum: 8]
      [Scan RS (ms): Min: 0.0, Avg: 0.0, Max: 0.0, Diff: 0.0, Sum: 0.0]
      [Code Root Scanning (ms): Min: 0.0, Avg: 0.0, Max: 0.0, Diff: 0.0, Sum: 0.0]
      [Object Copy (ms): Min: 0.1, Avg: 0.1, Max: 0.1, Diff: 0.0, Sum: 0.7]
      [Termination (ms): Min: 0.0, Avg: 0.0, Max: 0.0, Diff: 0.0, Sum: 0.1]
      [GC Worker Other (ms): Min: 0.0, Avg: 0.0, Max: 0.0, Diff: 0.0, Sum: 0.1]
      [GC Worker Total (ms): Min: 0.8, Avg: 0.9, Max: 0.9, Diff: 0.1, Sum: 6.8]
      [GC Worker End (ms): Min: 353825.8, Avg: 353825.8, Max: 353825.9, Diff: 0.0]
   [Code Root Fixup: 0.0 ms]
   [Code Root Migration: 0.0 ms]
   [Clear CT: 0.5 ms]
   [Other: 0.3 ms]
      [Choose CSet: 0.0 ms]
      [Ref Proc: 0.2 ms]
      [Ref Enq: 0.0 ms]
      [Free CSet: 0.0 ms]
   [Eden: 1024.0K(1024.0K)->0.0B(1024.0K) Survivors: 0.0B->1024.0K Heap: 6769.8K(8192.0K)->5970.3K(8192.0K)]
 [Times: user=0.01 sys=0.00, real=0.00 secs] 
353.827: Total time for which application threads were stopped: 0.0563560 seconds, Stopping threads took: 0.0543420 seconds
355.157: Application time: 1.3299280 seconds
355.213: [GC pause (young) (initial-mark) (to-space exhausted), 0.0017120 secs]
   [Parallel Time: 0.8 ms, GC Workers: 8]
      [GC Worker Start (ms): Min: 355213.2, Avg: 355213.2, Max: 355213.3, Diff: 0.1]
      [Ext Root Scanning (ms): Min: 0.3, Avg: 0.4, Max: 0.5, Diff: 0.1, Sum: 3.2]
      [Code Root Marking (ms): Min: 0.0, Avg: 0.0, Max: 0.0, Diff: 0.0, Sum: 0.0]
      [Update RS (ms): Min: 0.0, Avg: 0.0, Max: 0.0, Diff: 0.0, Sum: 0.1]
         [Processed Buffers: Min: 0, Avg: 1.0, Max: 3, Diff: 3, Sum: 8]
      [Scan RS (ms): Min: 0.0, Avg: 0.0, Max: 0.0, Diff: 0.0, Sum: 0.0]
      [Code Root Scanning (ms): Min: 0.0, Avg: 0.0, Max: 0.0, Diff: 0.0, Sum: 0.0]
      [Object Copy (ms): Min: 0.1, Avg: 0.2, Max: 0.2, Diff: 0.1, Sum: 1.4]
      [Termination (ms): Min: 0.0, Avg: 0.0, Max: 0.1, Diff: 0.1, Sum: 0.4]
      [GC Worker Other (ms): Min: 0.0, Avg: 0.0, Max: 0.0, Diff: 0.0, Sum: 0.0]
      [GC Worker Total (ms): Min: 0.6, Avg: 0.6, Max: 0.7, Diff: 0.1, Sum: 5.1]
      [GC Worker End (ms): Min: 355213.9, Avg: 355213.9, Max: 355213.9, Diff: 0.0]
   [Code Root Fixup: 0.0 ms]
   [Code Root Migration: 0.0 ms]
   [Clear CT: 0.4 ms]
   [Other: 0.5 ms]
      [Choose CSet: 0.0 ms]
      [Ref Proc: 0.4 ms]
      [Ref Enq: 0.0 ms]
      [Free CSet: 0.0 ms]
   [Eden: 1024.0K(1024.0K)->0.0B(1024.0K) Survivors: 1024.0K->0.0B Heap: 6994.3K(8192.0K)->6994.3K(8192.0K)]
 [Times: user=0.01 sys=0.00, real=0.00 secs] 
355.215: [GC concurrent-root-region-scan-start]
355.215: [GC concurrent-root-region-scan-end, 0.0000060 secs]
355.215: [GC concurrent-mark-start]
355.215: Total time for which application threads were stopped: 0.0581150 seconds, Stopping threads took: 0.0562710 seconds
355.215: Application time: 0.0000200 seconds
355.215: [GC pause (young), 0.0004900 secs]
   [Parallel Time: 0.4 ms, GC Workers: 8]
      [GC Worker Start (ms): Min: 355215.0, Avg: 355215.0, Max: 355215.0, Diff: 0.0]
      [Ext Root Scanning (ms): Min: 0.2, Avg: 0.3, Max: 0.3, Diff: 0.1, Sum: 2.1]
      [SATB Filtering (ms): Min: 0.0, Avg: 0.0, Max: 0.0, Diff: 0.0, Sum: 0.0]
      [Update RS (ms): Min: 0.0, Avg: 0.0, Max: 0.0, Diff: 0.0, Sum: 0.1]
         [Processed Buffers: Min: 0, Avg: 1.8, Max: 5, Diff: 5, Sum: 14]
      [Scan RS (ms): Min: 0.0, Avg: 0.0, Max: 0.0, Diff: 0.0, Sum: 0.0]
      [Code Root Scanning (ms): Min: 0.0, Avg: 0.0, Max: 0.0, Diff: 0.0, Sum: 0.0]
      [Object Copy (ms): Min: 0.0, Avg: 0.0, Max: 0.0, Diff: 0.0, Sum: 0.1]
      [Termination (ms): Min: 0.0, Avg: 0.0, Max: 0.1, Diff: 0.1, Sum: 0.3]
      [GC Worker Other (ms): Min: 0.0, Avg: 0.0, Max: 0.0, Diff: 0.0, Sum: 0.0]
      [GC Worker Total (ms): Min: 0.3, Avg: 0.3, Max: 0.3, Diff: 0.0, Sum: 2.6]
      [GC Worker End (ms): Min: 355215.3, Avg: 355215.3, Max: 355215.3, Diff: 0.0]
   [Code Root Fixup: 0.0 ms]
   [Code Root Migration: 0.0 ms]
   [Clear CT: 0.1 ms]
   [Other: 0.1 ms]
      [Choose CSet: 0.0 ms]
      [Ref Proc: 0.0 ms]
      [Ref Enq: 0.0 ms]
      [Free CSet: 0.0 ms]
   [Eden: 0.0B(1024.0K)->0.0B(1024.0K) Survivors: 0.0B->0.0B Heap: 6994.3K(8192.0K)->6994.3K(8192.0K)]
 [Times: user=0.00 sys=0.00, real=0.00 secs] 
355.216: Total time for which application threads were stopped: 0.0005630 seconds, Stopping threads took: 0.0000180 seconds
355.216: Application time: 0.0000340 seconds
355.216: [GC pause (young), 0.0004300 secs]
   [Parallel Time: 0.3 ms, GC Workers: 8]
      [GC Worker Start (ms): Min: 355215.6, Avg: 355215.6, Max: 355215.6, Diff: 0.0]
      [Ext Root Scanning (ms): Min: 0.2, Avg: 0.2, Max: 0.3, Diff: 0.1, Sum: 1.9]
      [Update RS (ms): Min: 0.0, Avg: 0.0, Max: 0.0, Diff: 0.0, Sum: 0.0]
         [Processed Buffers: Min: 0, Avg: 0.1, Max: 1, Diff: 1, Sum: 1]
      [Scan RS (ms): Min: 0.0, Avg: 0.0, Max: 0.0, Diff: 0.0, Sum: 0.0]
      [Code Root Scanning (ms): Min: 0.0, Avg: 0.0, Max: 0.0, Diff: 0.0, Sum: 0.0]
      [Object Copy (ms): Min: 0.0, Avg: 0.0, Max: 0.0, Diff: 0.0, Sum: 0.1]
      [Termination (ms): Min: 0.0, Avg: 0.0, Max: 0.1, Diff: 0.1, Sum: 0.2]
      [GC Worker Other (ms): Min: -0.0, Avg: 0.0, Max: 0.0, Diff: 0.0, Sum: 0.0]
      [GC Worker Total (ms): Min: 0.3, Avg: 0.3, Max: 0.3, Diff: 0.0, Sum: 2.2]
      [GC Worker End (ms): Min: 355215.9, Avg: 355215.9, Max: 355215.9, Diff: 0.0]
   [Code Root Fixup: 0.0 ms]
   [Code Root Migration: 0.0 ms]
   [Clear CT: 0.0 ms]
   [Other: 0.1 ms]
      [Choose CSet: 0.0 ms]
      [Ref Proc: 0.0 ms]
      [Ref Enq: 0.0 ms]
      [Free CSet: 0.0 ms]
   [Eden: 0.0B(1024.0K)->0.0B(1024.0K) Survivors: 0.0B->0.0B Heap: 6994.3K(8192.0K)->6994.3K(8192.0K)]
 [Times: user=0.00 sys=0.00, real=0.00 secs] 
355.216: Total time for which application threads were stopped: 0.0004890 seconds, Stopping threads took: 0.0000030 seconds
355.216: Application time: 0.0000330 seconds
355.216: [GC pause (young), 0.0004440 secs]
   [Parallel Time: 0.3 ms, GC Workers: 8]
      [GC Worker Start (ms): Min: 355216.1, Avg: 355216.1, Max: 355216.1, Diff: 0.0]
      [Ext Root Scanning (ms): Min: 0.2, Avg: 0.2, Max: 0.3, Diff: 0.1, Sum: 1.8]
      [SATB Filtering (ms): Min: 0.0, Avg: 0.0, Max: 0.0, Diff: 0.0, Sum: 0.0]
      [Update RS (ms): Min: 0.0, Avg: 0.0, Max: 0.0, Diff: 0.0, Sum: 0.0]
         [Processed Buffers: Min: 0, Avg: 0.1, Max: 1, Diff: 1, Sum: 1]
      [Scan RS (ms): Min: 0.0, Avg: 0.0, Max: 0.0, Diff: 0.0, Sum: 0.0]
      [Code Root Scanning (ms): Min: 0.0, Avg: 0.0, Max: 0.0, Diff: 0.0, Sum: 0.0]
      [Object Copy (ms): Min: 0.0, Avg: 0.0, Max: 0.0, Diff: 0.0, Sum: 0.1]
      [Termination (ms): Min: 0.0, Avg: 0.0, Max: 0.1, Diff: 0.1, Sum: 0.3]
      [GC Worker Other (ms): Min: -0.0, Avg: 0.0, Max: 0.0, Diff: 0.0, Sum: 0.0]
      [GC Worker Total (ms): Min: 0.3, Avg: 0.3, Max: 0.3, Diff: 0.0, Sum: 2.3]
      [GC Worker End (ms): Min: 355216.4, Avg: 355216.4, Max: 355216.4, Diff: 0.0]
   [Code Root Fixup: 0.0 ms]
   [Code Root Migration: 0.0 ms]
   [Clear CT: 0.0 ms]
   [Other: 0.1 ms]
      [Choose CSet: 0.0 ms]
      [Ref Proc: 0.1 ms]
      [Ref Enq: 0.0 ms]
      [Free CSet: 0.0 ms]
   [Eden: 0.0B(1024.0K)->0.0B(1024.0K) Survivors: 0.0B->0.0B Heap: 6994.3K(8192.0K)->6994.3K(8192.0K)]
 [Times: user=0.00 sys=0.00, real=0.00 secs] 
355.217: Total time for which application threads were stopped: 0.0005010 seconds, Stopping threads took: 0.0000040 seconds
355.217: Application time: 0.0000320 seconds
355.217: [GC pause (young), 0.0004800 secs]
   [Parallel Time: 0.4 ms, GC Workers: 8]
      [GC Worker Start (ms): Min: 355216.6, Avg: 355216.7, Max: 355217.0, Diff: 0.3]
      [Ext Root Scanning (ms): Min: 0.0, Avg: 0.2, Max: 0.3, Diff: 0.3, Sum: 1.7]
      [SATB Filtering (ms): Min: 0.0, Avg: 0.0, Max: 0.0, Diff: 0.0, Sum: 0.0]
      [Update RS (ms): Min: 0.0, Avg: 0.0, Max: 0.0, Diff: 0.0, Sum: 0.0]
         [Processed Buffers: Min: 0, Avg: 0.1, Max: 1, Diff: 1, Sum: 1]
      [Scan RS (ms): Min: 0.0, Avg: 0.0, Max: 0.0, Diff: 0.0, Sum: 0.0]
      [Code Root Scanning (ms): Min: 0.0, Avg: 0.0, Max: 0.0, Diff: 0.0, Sum: 0.0]
      [Object Copy (ms): Min: 0.0, Avg: 0.0, Max: 0.0, Diff: 0.0, Sum: 0.1]
      [Termination (ms): Min: 0.0, Avg: 0.1, Max: 0.1, Diff: 0.1, Sum: 0.5]
      [GC Worker Other (ms): Min: 0.0, Avg: 0.0, Max: 0.0, Diff: 0.0, Sum: 0.0]
      [GC Worker Total (ms): Min: 0.0, Avg: 0.3, Max: 0.4, Diff: 0.4, Sum: 2.4]
      [GC Worker End (ms): Min: 355217.0, Avg: 355217.0, Max: 355217.0, Diff: 0.0]
   [Code Root Fixup: 0.0 ms]
   [Code Root Migration: 0.0 ms]
   [Clear CT: 0.0 ms]
   [Other: 0.1 ms]
      [Choose CSet: 0.0 ms]
      [Ref Proc: 0.1 ms]
      [Ref Enq: 0.0 ms]
      [Free CSet: 0.0 ms]
   [Eden: 0.0B(1024.0K)->0.0B(1024.0K) Survivors: 0.0B->0.0B Heap: 6994.3K(8192.0K)->6994.3K(8192.0K)]
 [Times: user=0.01 sys=0.00, real=0.00 secs] 
355.217: Total time for which application threads were stopped: 0.0005390 seconds, Stopping threads took: 0.0000040 seconds
355.217: Application time: 0.0000260 seconds
355.217: [GC pause (young), 0.0004310 secs]
   [Parallel Time: 0.3 ms, GC Workers: 8]
      [GC Worker Start (ms): Min: 355217.2, Avg: 355217.2, Max: 355217.2, Diff: 0.0]
      [Ext Root Scanning (ms): Min: 0.2, Avg: 0.2, Max: 0.3, Diff: 0.0, Sum: 1.9]
      [SATB Filtering (ms): Min: 0.0, Avg: 0.0, Max: 0.0, Diff: 0.0, Sum: 0.0]
      [Update RS (ms): Min: 0.0, Avg: 0.0, Max: 0.0, Diff: 0.0, Sum: 0.0]
         [Processed Buffers: Min: 0, Avg: 0.1, Max: 1, Diff: 1, Sum: 1]
      [Scan RS (ms): Min: 0.0, Avg: 0.0, Max: 0.0, Diff: 0.0, Sum: 0.0]
      [Code Root Scanning (ms): Min: 0.0, Avg: 0.0, Max: 0.0, Diff: 0.0, Sum: 0.0]
      [Object Copy (ms): Min: 0.0, Avg: 0.0, Max: 0.0, Diff: 0.0, Sum: 0.1]
      [Termination (ms): Min: 0.0, Avg: 0.0, Max: 0.0, Diff: 0.0, Sum: 0.3]
      [GC Worker Other (ms): Min: 0.0, Avg: 0.0, Max: 0.0, Diff: 0.0, Sum: 0.0]
      [GC Worker Total (ms): Min: 0.3, Avg: 0.3, Max: 0.3, Diff: 0.0, Sum: 2.3]
      [GC Worker End (ms): Min: 355217.5, Avg: 355217.5, Max: 355217.5, Diff: 0.0]
   [Code Root Fixup: 0.0 ms]
   [Code Root Migration: 0.0 ms]
   [Clear CT: 0.0 ms]
   [Other: 0.1 ms]
      [Choose CSet: 0.0 ms]
      [Ref Proc: 0.1 ms]
      [Ref Enq: 0.0 ms]
      [Free CSet: 0.0 ms]
   [Eden: 0.0B(1024.0K)->0.0B(1024.0K) Survivors: 0.0B->0.0B Heap: 6994.3K(8192.0K)->6994.3K(8192.0K)]
 [Times: user=0.00 sys=0.00, real=0.00 secs] 
355.218: Total time for which application threads were stopped: 0.0004840 seconds, Stopping threads took: 0.0000030 seconds
355.218: Application time: 0.0000310 seconds
355.218: [GC pause (young), 0.0004860 secs]
   [Parallel Time: 0.3 ms, GC Workers: 8]
      [GC Worker Start (ms): Min: 355217.7, Avg: 355217.7, Max: 355217.7, Diff: 0.0]
      [Ext Root Scanning (ms): Min: 0.2, Avg: 0.2, Max: 0.3, Diff: 0.1, Sum: 1.8]
      [Update RS (ms): Min: 0.0, Avg: 0.0, Max: 0.0, Diff: 0.0, Sum: 0.0]
         [Processed Buffers: Min: 0, Avg: 0.1, Max: 1, Diff: 1, Sum: 1]
      [Scan RS (ms): Min: 0.0, Avg: 0.0, Max: 0.0, Diff: 0.0, Sum: 0.0]
      [Code Root Scanning (ms): Min: 0.0, Avg: 0.0, Max: 0.0, Diff: 0.0, Sum: 0.0]
      [Object Copy (ms): Min: 0.0, Avg: 0.0, Max: 0.0, Diff: 0.0, Sum: 0.1]
      [Termination (ms): Min: 0.0, Avg: 0.0, Max: 0.1, Diff: 0.1, Sum: 0.3]
      [GC Worker Other (ms): Min: 0.0, Avg: 0.0, Max: 0.0, Diff: 0.0, Sum: 0.0]
      [GC Worker Total (ms): Min: 0.3, Avg: 0.3, Max: 0.3, Diff: 0.0, Sum: 2.3]
      [GC Worker End (ms): Min: 355218.0, Avg: 355218.0, Max: 355218.0, Diff: 0.0]
   [Code Root Fixup: 0.0 ms]
   [Code Root Migration: 0.0 ms]
   [Clear CT: 0.0 ms]
   [Other: 0.1 ms]
      [Choose CSet: 0.0 ms]
      [Ref Proc: 0.1 ms]
      [Ref Enq: 0.0 ms]
      [Free CSet: 0.0 ms]
   [Eden: 0.0B(1024.0K)->0.0B(1024.0K) Survivors: 0.0B->0.0B Heap: 6994.3K(8192.0K)->6994.3K(8192.0K)]
 [Times: user=0.00 sys=0.00, real=0.00 secs] 
355.218: Total time for which application threads were stopped: 0.0005390 seconds, Stopping threads took: 0.0000030 seconds
355.218: Application time: 0.0000350 seconds
355.218: [Full GC 6994K->5747K(8192K), 0.0056730 secs]
   [Eden: 0.0B(1024.0K)->0.0B(1024.0K) Survivors: 0.0B->0.0B Heap: 6994.3K(8192.0K)->5747.6K(8192.0K)], [Perm: 5171K->5171K(20480K)]
 [Times: user=0.01 sys=0.00, real=0.01 secs] 
355.224: Total time for which application threads were stopped: 0.0057350 seconds, Stopping threads took: 0.0000030 seconds
355.224: [GC concurrent-mark-abort]
356.431: Application time: 1.2074200 seconds
356.488: [GC pause (young), 0.0013070 secs]
   [Parallel Time: 0.9 ms, GC Workers: 8]
      [GC Worker Start (ms): Min: 356487.7, Avg: 356487.8, Max: 356487.8, Diff: 0.1]
      [Ext Root Scanning (ms): Min: 0.7, Avg: 0.7, Max: 0.8, Diff: 0.1, Sum: 6.0]
      [Update RS (ms): Min: 0.0, Avg: 0.0, Max: 0.0, Diff: 0.0, Sum: 0.1]
         [Processed Buffers: Min: 0, Avg: 1.0, Max: 4, Diff: 4, Sum: 8]
      [Scan RS (ms): Min: 0.0, Avg: 0.0, Max: 0.0, Diff: 0.0, Sum: 0.0]
      [Code Root Scanning (ms): Min: 0.0, Avg: 0.0, Max: 0.0, Diff: 0.0, Sum: 0.0]
      [Object Copy (ms): Min: 0.1, Avg: 0.1, Max: 0.1, Diff: 0.0, Sum: 0.7]
      [Termination (ms): Min: 0.0, Avg: 0.0, Max: 0.0, Diff: 0.0, Sum: 0.1]
      [GC Worker Other (ms): Min: 0.0, Avg: 0.0, Max: 0.0, Diff: 0.0, Sum: 0.0]
      [GC Worker Total (ms): Min: 0.8, Avg: 0.9, Max: 0.9, Diff: 0.1, Sum: 6.8]
      [GC Worker End (ms): Min: 356488.6, Avg: 356488.6, Max: 356488.6, Diff: 0.0]
   [Code Root Fixup: 0.0 ms]
   [Code Root Migration: 0.0 ms]
   [Clear CT: 0.2 ms]
   [Other: 0.2 ms]
      [Choose CSet: 0.0 ms]
      [Ref Proc: 0.2 ms]
      [Ref Enq: 0.0 ms]
      [Free CSet: 0.0 ms]
   [Eden: 1024.0K(1024.0K)->0.0B(1024.0K) Survivors: 0.0B->1024.0K Heap: 6771.6K(8192.0K)->5972.1K(8192.0K)]
 [Times: user=0.01 sys=0.00, real=0.00 secs] 
356.489: Total time for which application threads were stopped: 0.0576610 seconds, Stopping threads took: 0.0562230 seconds
357.640: Application time: 1.1510880 seconds
357.694: [GC pause (young) (initial-mark) (to-space exhausted), 0.0012010 secs]
   [Parallel Time: 0.8 ms, GC Workers: 8]
      [GC Worker Start (ms): Min: 357694.5, Avg: 357694.5, Max: 357694.6, Diff: 0.1]
      [Ext Root Scanning (ms): Min: 0.4, Avg: 0.4, Max: 0.5, Diff: 0.1, Sum: 3.3]
      [Code Root Marking (ms): Min: 0.0, Avg: 0.0, Max: 0.0, Diff: 0.0, Sum: 0.0]
      [Update RS (ms): Min: 0.0, Avg: 0.0, Max: 0.0, Diff: 0.0, Sum: 0.1]
         [Processed Buffers: Min: 0, Avg: 1.0, Max: 2, Diff: 2, Sum: 8]
      [Scan RS (ms): Min: 0.0, Avg: 0.0, Max: 0.0, Diff: 0.0, Sum: 0.0]
      [Code Root Scanning (ms): Min: 0.0, Avg: 0.0, Max: 0.0, Diff: 0.0, Sum: 0.0]
      [Object Copy (ms): Min: 0.1, Avg: 0.2, Max: 0.3, Diff: 0.2, Sum: 1.5]
      [Termination (ms): Min: 0.0, Avg: 0.0, Max: 0.1, Diff: 0.1, Sum: 0.3]
      [GC Worker Other (ms): Min: 0.0, Avg: 0.0, Max: 0.0, Diff: 0.0, Sum: 0.0]
      [GC Worker Total (ms): Min: 0.6, Avg: 0.7, Max: 0.7, Diff: 0.1, Sum: 5.2]
      [GC Worker End (ms): Min: 357695.2, Avg: 357695.2, Max: 357695.2, Diff: 0.0]
   [Code Root Fixup: 0.0 ms]
   [Code Root Migration: 0.0 ms]
   [Clear CT: 0.2 ms]
   [Other: 0.3 ms]
      [Choose CSet: 0.0 ms]
      [Ref Proc: 0.1 ms]
      [Ref Enq: 0.0 ms]
      [Free CSet: 0.0 ms]
   [Eden: 1024.0K(1024.0K)->0.0B(1024.0K) Survivors: 1024.0K->0.0B Heap: 6996.1K(8192.0K)->6996.1K(8192.0K)]
 [Times: user=0.00 sys=0.00, real=0.00 secs] 
357.696: [GC concurrent-root-region-scan-start]
357.696: [GC concurrent-root-region-scan-end, 0.0000060 secs]
357.696: 357.696: [GC concurrent-mark-start]
Total time for which application threads were stopped: 0.0555270 seconds, Stopping threads took: 0.0541980 seconds
357.697: [GC concurrent-mark-end, 0.0008660 secs]
357.697: Application time: 0.0008880 seconds
357.697: [GC remark 357.697: [GC ref-proc, 0.0005000 secs], 0.0008660 secs]
 [Times: user=0.01 sys=0.00, real=0.00 secs] 
357.697: Total time for which application threads were stopped: 0.0008910 seconds, Stopping threads took: 0.0000060 seconds
357.697: Application time: 0.0000170 seconds
357.698: [GC pause (young), 0.0005200 secs]
   [Parallel Time: 0.4 ms, GC Workers: 8]
      [GC Worker Start (ms): Min: 357697.5, Avg: 357697.5, Max: 357697.5, Diff: 0.0]
      [Ext Root Scanning (ms): Min: 0.3, Avg: 0.3, Max: 0.3, Diff: 0.0, Sum: 2.5]
      [SATB Filtering (ms): Min: 0.0, Avg: 0.0, Max: 0.0, Diff: 0.0, Sum: 0.0]
      [Update RS (ms): Min: 0.0, Avg: 0.0, Max: 0.0, Diff: 0.0, Sum: 0.1]
         [Processed Buffers: Min: 0, Avg: 1.8, Max: 6, Diff: 6, Sum: 14]
      [Scan RS (ms): Min: 0.0, Avg: 0.0, Max: 0.0, Diff: 0.0, Sum: 0.0]
      [Code Root Scanning (ms): Min: 0.0, Avg: 0.0, Max: 0.0, Diff: 0.0, Sum: 0.0]
      [Object Copy (ms): Min: 0.0, Avg: 0.0, Max: 0.0, Diff: 0.0, Sum: 0.1]
      [Termination (ms): Min: 0.0, Avg: 0.0, Max: 0.0, Diff: 0.0, Sum: 0.2]
      [GC Worker Other (ms): Min: 0.0, Avg: 0.0, Max: 0.0, Diff: 0.0, Sum: 0.0]
      [GC Worker Total (ms): Min: 0.3, Avg: 0.4, Max: 0.4, Diff: 0.0, Sum: 2.9]
      [GC Worker End (ms): Min: 357697.9, Avg: 357697.9, Max: 357697.9, Diff: 0.0]
   [Code Root Fixup: 0.0 ms]
   [Code Root Migration: 0.0 ms]
   [Clear CT: 0.0 ms]
   [Other: 0.1 ms]
      [Choose CSet: 0.0 ms]
      [Ref Proc: 0.1 ms]
      [Ref Enq: 0.0 ms]
      [Free CSet: 0.0 ms]
   [Eden: 0.0B(1024.0K)->0.0B(1024.0K) Survivors: 0.0B->0.0B Heap: 6996.1K(8192.0K)->6996.1K(8192.0K)]
 [Times: user=0.00 sys=0.00, real=0.00 secs] 
357.698: Total time for which application threads were stopped: 0.0005840 seconds, Stopping threads took: 0.0000030 seconds
357.698: Application time: 0.0000160 seconds
357.698: [GC pause (young), 0.0004730 secs]
   [Parallel Time: 0.4 ms, GC Workers: 8]
      [GC Worker Start (ms): Min: 357698.1, Avg: 357698.2, Max: 357698.4, Diff: 0.3]
      [Ext Root Scanning (ms): Min: 0.0, Avg: 0.2, Max: 0.3, Diff: 0.3, Sum: 1.7]
      [Update RS (ms): Min: 0.0, Avg: 0.0, Max: 0.0, Diff: 0.0, Sum: 0.0]
         [Processed Buffers: Min: 0, Avg: 0.1, Max: 1, Diff: 1, Sum: 1]
      [Scan RS (ms): Min: 0.0, Avg: 0.0, Max: 0.0, Diff: 0.0, Sum: 0.0]
      [Code Root Scanning (ms): Min: 0.0, Avg: 0.0, Max: 0.0, Diff: 0.0, Sum: 0.0]
      [Object Copy (ms): Min: 0.0, Avg: 0.0, Max: 0.0, Diff: 0.0, Sum: 0.1]
      [Termination (ms): Min: 0.0, Avg: 0.1, Max: 0.1, Diff: 0.1, Sum: 0.4]
      [GC Worker Other (ms): Min: -0.0, Avg: 0.0, Max: 0.0, Diff: 0.0, Sum: 0.0]
      [GC Worker Total (ms): Min: 0.0, Avg: 0.3, Max: 0.3, Diff: 0.3, Sum: 2.3]
      [GC Worker End (ms): Min: 357698.5, Avg: 357698.5, Max: 357698.5, Diff: 0.0]
   [Code Root Fixup: 0.0 ms]
   [Code Root Migration: 0.0 ms]
   [Clear CT: 0.0 ms]
   [Other: 0.1 ms]
      [Choose CSet: 0.0 ms]
      [Ref Proc: 0.1 ms]
      [Ref Enq: 0.0 ms]
      [Free CSet: 0.0 ms]
   [Eden: 0.0B(1024.0K)->0.0B(1024.0K) Survivors: 0.0B->0.0B Heap: 6996.1K(8192.0K)->6996.1K(8192.0K)]
 [Times: user=0.00 sys=0.00, real=0.00 secs] 
357.699: Total time for which application threads were stopped: 0.0005280 seconds, Stopping threads took: 0.0000050 seconds
357.699: Application time: 0.0000150 seconds
357.699: [GC pause (young), 0.0004280 secs]
   [Parallel Time: 0.3 ms, GC Workers: 8]
      [GC Worker Start (ms): Min: 357698.7, Avg: 357698.7, Max: 357698.7, Diff: 0.0]
      [Ext Root Scanning (ms): Min: 0.2, Avg: 0.2, Max: 0.3, Diff: 0.1, Sum: 1.8]
      [Update RS (ms): Min: 0.0, Avg: 0.0, Max: 0.0, Diff: 0.0, Sum: 0.0]
         [Processed Buffers: Min: 0, Avg: 0.1, Max: 1, Diff: 1, Sum: 1]
      [Scan RS (ms): Min: 0.0, Avg: 0.0, Max: 0.0, Diff: 0.0, Sum: 0.0]
      [Code Root Scanning (ms): Min: 0.0, Avg: 0.0, Max: 0.0, Diff: 0.0, Sum: 0.0]
      [Object Copy (ms): Min: 0.0, Avg: 0.0, Max: 0.0, Diff: 0.0, Sum: 0.1]
      [Termination (ms): Min: 0.0, Avg: 0.0, Max: 0.1, Diff: 0.1, Sum: 0.3]
      [GC Worker Other (ms): Min: -0.0, Avg: 0.0, Max: 0.0, Diff: 0.0, Sum: 0.0]
      [GC Worker Total (ms): Min: 0.3, Avg: 0.3, Max: 0.3, Diff: 0.0, Sum: 2.2]
      [GC Worker End (ms): Min: 357698.9, Avg: 357699.0, Max: 357699.0, Diff: 0.0]
   [Code Root Fixup: 0.0 ms]
   [Code Root Migration: 0.0 ms]
   [Clear CT: 0.0 ms]
   [Other: 0.1 ms]
      [Choose CSet: 0.0 ms]
      [Ref Proc: 0.0 ms]
      [Ref Enq: 0.0 ms]
      [Free CSet: 0.0 ms]
   [Eden: 0.0B(1024.0K)->0.0B(1024.0K) Survivors: 0.0B->0.0B Heap: 6996.1K(8192.0K)->6996.1K(8192.0K)]
 [Times: user=0.00 sys=0.00, real=0.00 secs] 
357.699: Total time for which application threads were stopped: 0.0004810 seconds, Stopping threads took: 0.0000040 seconds
357.699: Application time: 0.0000150 seconds
357.699: [GC cleanup 6996K->6996K(8192K), 0.0001620 secs]
 [Times: user=0.00 sys=0.00, real=0.00 secs] 
357.699: Total time for which application threads were stopped: 0.0001760 seconds, Stopping threads took: 0.0000030 seconds
357.699: Application time: 0.0000270 seconds
357.699: [GC pause (young), 0.0004220 secs]
   [Parallel Time: 0.3 ms, GC Workers: 8]
      [GC Worker Start (ms): Min: 357699.4, Avg: 357699.4, Max: 357699.4, Diff: 0.0]
      [Ext Root Scanning (ms): Min: 0.2, Avg: 0.2, Max: 0.3, Diff: 0.1, Sum: 1.8]
      [Update RS (ms): Min: 0.0, Avg: 0.0, Max: 0.0, Diff: 0.0, Sum: 0.0]
         [Processed Buffers: Min: 0, Avg: 0.1, Max: 1, Diff: 1, Sum: 1]
      [Scan RS (ms): Min: 0.0, Avg: 0.0, Max: 0.0, Diff: 0.0, Sum: 0.0]
      [Code Root Scanning (ms): Min: 0.0, Avg: 0.0, Max: 0.0, Diff: 0.0, Sum: 0.0]
      [Object Copy (ms): Min: 0.0, Avg: 0.0, Max: 0.0, Diff: 0.0, Sum: 0.1]
      [Termination (ms): Min: 0.0, Avg: 0.0, Max: 0.1, Diff: 0.1, Sum: 0.3]
      [GC Worker Other (ms): Min: 0.0, Avg: 0.0, Max: 0.0, Diff: 0.0, Sum: 0.0]
      [GC Worker Total (ms): Min: 0.3, Avg: 0.3, Max: 0.3, Diff: 0.0, Sum: 2.3]
      [GC Worker End (ms): Min: 357699.7, Avg: 357699.7, Max: 357699.7, Diff: 0.0]
   [Code Root Fixup: 0.0 ms]
   [Code Root Migration: 0.0 ms]
   [Clear CT: 0.0 ms]
   [Other: 0.1 ms]
      [Choose CSet: 0.0 ms]
      [Ref Proc: 0.1 ms]
      [Ref Enq: 0.0 ms]
      [Free CSet: 0.0 ms]
   [Eden: 0.0B(1024.0K)->0.0B(1024.0K) Survivors: 0.0B->0.0B Heap: 6996.1K(8192.0K)->6996.1K(8192.0K)]
 [Times: user=0.00 sys=0.00, real=0.00 secs] 
357.700: Total time for which application threads were stopped: 0.0004790 seconds, Stopping threads took: 0.0000030 seconds
357.700: Application time: 0.0000350 seconds
357.700: [GC pause (mixed) (to-space exhausted), 0.0005220 secs]
   [Parallel Time: 0.4 ms, GC Workers: 8]
      [GC Worker Start (ms): Min: 357699.9, Avg: 357699.9, Max: 357699.9, Diff: 0.0]
      [Ext Root Scanning (ms): Min: 0.2, Avg: 0.2, Max: 0.2, Diff: 0.0, Sum: 1.8]
      [Update RS (ms): Min: 0.0, Avg: 0.0, Max: 0.0, Diff: 0.0, Sum: 0.0]
         [Processed Buffers: Min: 0, Avg: 0.1, Max: 1, Diff: 1, Sum: 1]
      [Scan RS (ms): Min: 0.0, Avg: 0.0, Max: 0.0, Diff: 0.0, Sum: 0.0]
      [Code Root Scanning (ms): Min: 0.0, Avg: 0.0, Max: 0.0, Diff: 0.0, Sum: 0.0]
      [Object Copy (ms): Min: 0.0, Avg: 0.0, Max: 0.1, Diff: 0.1, Sum: 0.3]
      [Termination (ms): Min: 0.0, Avg: 0.1, Max: 0.1, Diff: 0.1, Sum: 0.5]
      [GC Worker Other (ms): Min: -0.0, Avg: 0.0, Max: 0.0, Diff: 0.0, Sum: 0.0]
      [GC Worker Total (ms): Min: 0.3, Avg: 0.3, Max: 0.3, Diff: 0.0, Sum: 2.7]
      [GC Worker End (ms): Min: 357700.2, Avg: 357700.2, Max: 357700.2, Diff: 0.0]
   [Code Root Fixup: 0.0 ms]
   [Code Root Migration: 0.0 ms]
   [Clear CT: 0.0 ms]
   [Other: 0.1 ms]
      [Choose CSet: 0.0 ms]
      [Ref Proc: 0.1 ms]
      [Ref Enq: 0.0 ms]
      [Free CSet: 0.0 ms]
   [Eden: 0.0B(1024.0K)->0.0B(1024.0K) Survivors: 0.0B->0.0B Heap: 6996.1K(8192.0K)->6996.1K(8192.0K)]
 [Times: user=0.00 sys=0.00, real=0.00 secs] 
357.700: Total time for which application threads were stopped: 0.0005730 seconds, Stopping threads took: 0.0000030 seconds
357.700: Application time: 0.0000350 seconds
357.700: [Full GC 6996K->5732K(8192K), 0.0056250 secs]
   [Eden: 0.0B(1024.0K)->0.0B(1024.0K) Survivors: 0.0B->0.0B Heap: 6996.1K(8192.0K)->5732.8K(8192.0K)], [Perm: 5171K->5171K(20480K)]
 [Times: user=0.01 sys=0.00, real=0.01 secs] 
357.706: Total time for which application threads were stopped: 0.0056890 seconds, Stopping threads took: 0.0000030 seconds
359.016: Application time: 1.3093530 seconds
359.051: [GC pause (young), 0.0015670 secs]
   [Parallel Time: 1.1 ms, GC Workers: 8]
      [GC Worker Start (ms): Min: 359051.2, Avg: 359051.2, Max: 359051.3, Diff: 0.1]
      [Ext Root Scanning (ms): Min: 0.7, Avg: 0.7, Max: 0.8, Diff: 0.1, Sum: 5.8]
      [Update RS (ms): Min: 0.0, Avg: 0.0, Max: 0.0, Diff: 0.0, Sum: 0.1]
         [Processed Buffers: Min: 0, Avg: 1.0, Max: 3, Diff: 3, Sum: 8]
      [Scan RS (ms): Min: 0.0, Avg: 0.0, Max: 0.0, Diff: 0.0, Sum: 0.0]
      [Code Root Scanning (ms): Min: 0.0, Avg: 0.0, Max: 0.0, Diff: 0.0, Sum: 0.0]
      [Object Copy (ms): Min: 0.1, Avg: 0.1, Max: 0.1, Diff: 0.0, Sum: 0.7]
      [Termination (ms): Min: 0.0, Avg: 0.0, Max: 0.0, Diff: 0.0, Sum: 0.1]
      [GC Worker Other (ms): Min: 0.0, Avg: 0.0, Max: 0.0, Diff: 0.0, Sum: 0.0]
      [GC Worker Total (ms): Min: 0.8, Avg: 0.8, Max: 0.9, Diff: 0.1, Sum: 6.8]
      [GC Worker End (ms): Min: 359052.1, Avg: 359052.1, Max: 359052.1, Diff: 0.0]
   [Code Root Fixup: 0.0 ms]
   [Code Root Migration: 0.0 ms]
   [Clear CT: 0.3 ms]
   [Other: 0.2 ms]
      [Choose CSet: 0.0 ms]
      [Ref Proc: 0.2 ms]
      [Ref Enq: 0.0 ms]
      [Free CSet: 0.0 ms]
   [Eden: 1024.0K(1024.0K)->0.0B(1024.0K) Survivors: 0.0B->1024.0K Heap: 6756.8K(8192.0K)->5955.3K(8192.0K)]
 [Times: user=0.01 sys=0.00, real=0.00 secs] 
359.053: Total time for which application threads were stopped: 0.0372750 seconds, Stopping threads took: 0.0355970 seconds
360.263: Application time: 1.2104370 seconds
360.316: [GC pause (young) (initial-mark) (to-space exhausted), 0.0016120 secs]
   [Parallel Time: 0.9 ms, GC Workers: 8]
      [GC Worker Start (ms): Min: 360315.7, Avg: 360315.7, Max: 360315.8, Diff: 0.1]
      [Ext Root Scanning (ms): Min: 0.4, Avg: 0.4, Max: 0.4, Diff: 0.1, Sum: 3.2]
      [Code Root Marking (ms): Min: 0.0, Avg: 0.0, Max: 0.0, Diff: 0.0, Sum: 0.0]
      [Update RS (ms): Min: 0.0, Avg: 0.0, Max: 0.0, Diff: 0.0, Sum: 0.1]
         [Processed Buffers: Min: 0, Avg: 1.0, Max: 3, Diff: 3, Sum: 8]
      [Scan RS (ms): Min: 0.0, Avg: 0.0, Max: 0.0, Diff: 0.0, Sum: 0.0]
      [Code Root Scanning (ms): Min: 0.0, Avg: 0.0, Max: 0.0, Diff: 0.0, Sum: 0.0]
      [Object Copy (ms): Min: 0.1, Avg: 0.2, Max: 0.3, Diff: 0.2, Sum: 1.4]
      [Termination (ms): Min: 0.0, Avg: 0.0, Max: 0.1, Diff: 0.1, Sum: 0.3]
      [GC Worker Other (ms): Min: 0.0, Avg: 0.0, Max: 0.0, Diff: 0.0, Sum: 0.0]
      [GC Worker Total (ms): Min: 0.6, Avg: 0.6, Max: 0.7, Diff: 0.1, Sum: 5.0]
      [GC Worker End (ms): Min: 360316.4, Avg: 360316.4, Max: 360316.4, Diff: 0.0]
   [Code Root Fixup: 0.0 ms]
   [Code Root Migration: 0.0 ms]
   [Clear CT: 0.3 ms]
   [Other: 0.4 ms]
      [Choose CSet: 0.0 ms]
      [Ref Proc: 0.2 ms]
      [Ref Enq: 0.0 ms]
      [Free CSet: 0.0 ms]
   [Eden: 1024.0K(1024.0K)->0.0B(1024.0K) Survivors: 1024.0K->0.0B Heap: 6979.3K(8192.0K)->6979.3K(8192.0K)]
 [Times: user=0.01 sys=0.00, real=0.00 secs] 
360.317: [GC concurrent-root-region-scan-start]
360.317: 360.317: [GC concurrent-root-region-scan-end, 0.0000050 secs]
Total time for which application threads were stopped: 0.0541030 seconds, Stopping threads took: 0.0523540 seconds
360.317: [GC concurrent-mark-start]
360.317: Application time: 0.0000530 seconds
360.317: [GC pause (young), 0.0004770 secs]
   [Parallel Time: 0.4 ms, GC Workers: 8]
      [GC Worker Start (ms): Min: 360317.4, Avg: 360317.5, Max: 360317.5, Diff: 0.0]
      [Ext Root Scanning (ms): Min: 0.2, Avg: 0.3, Max: 0.3, Diff: 0.1, Sum: 2.0]
      [SATB Filtering (ms): Min: 0.0, Avg: 0.0, Max: 0.0, Diff: 0.0, Sum: 0.0]
      [Update RS (ms): Min: 0.0, Avg: 0.0, Max: 0.0, Diff: 0.0, Sum: 0.1]
         [Processed Buffers: Min: 0, Avg: 1.6, Max: 6, Diff: 6, Sum: 13]
      [Scan RS (ms): Min: 0.0, Avg: 0.0, Max: 0.0, Diff: 0.0, Sum: 0.0]
      [Code Root Scanning (ms): Min: 0.0, Avg: 0.0, Max: 0.0, Diff: 0.0, Sum: 0.0]
      [Object Copy (ms): Min: 0.0, Avg: 0.0, Max: 0.0, Diff: 0.0, Sum: 0.1]
      [Termination (ms): Min: 0.0, Avg: 0.0, Max: 0.0, Diff: 0.0, Sum: 0.2]
      [GC Worker Other (ms): Min: 0.0, Avg: 0.0, Max: 0.0, Diff: 0.0, Sum: 0.0]
      [GC Worker Total (ms): Min: 0.3, Avg: 0.3, Max: 0.3, Diff: 0.0, Sum: 2.4]
      [GC Worker End (ms): Min: 360317.7, Avg: 360317.8, Max: 360317.8, Diff: 0.0]
   [Code Root Fixup: 0.0 ms]
   [Code Root Migration: 0.0 ms]
   [Clear CT: 0.0 ms]
   [Other: 0.1 ms]
      [Choose CSet: 0.0 ms]
      [Ref Proc: 0.1 ms]
      [Ref Enq: 0.0 ms]
      [Free CSet: 0.0 ms]
   [Eden: 0.0B(1024.0K)->0.0B(1024.0K) Survivors: 0.0B->0.0B Heap: 6979.3K(8192.0K)->6979.3K(8192.0K)]
 [Times: user=0.00 sys=0.00, real=0.00 secs] 
360.318: Total time for which application threads were stopped: 0.0005560 seconds, Stopping threads took: 0.0000200 seconds
360.318: Application time: 0.0000350 seconds
360.318: [GC pause (young), 0.0004340 secs]
   [Parallel Time: 0.3 ms, GC Workers: 8]
      [GC Worker Start (ms): Min: 360318.0, Avg: 360318.0, Max: 360318.0, Diff: 0.0]
      [Ext Root Scanning (ms): Min: 0.2, Avg: 0.2, Max: 0.2, Diff: 0.0, Sum: 1.8]
      [SATB Filtering (ms): Min: 0.0, Avg: 0.0, Max: 0.0, Diff: 0.0, Sum: 0.0]
      [Update RS (ms): Min: 0.0, Avg: 0.0, Max: 0.0, Diff: 0.0, Sum: 0.0]
         [Processed Buffers: Min: 0, Avg: 0.1, Max: 1, Diff: 1, Sum: 1]
      [Scan RS (ms): Min: 0.0, Avg: 0.0, Max: 0.0, Diff: 0.0, Sum: 0.0]
      [Code Root Scanning (ms): Min: 0.0, Avg: 0.0, Max: 0.0, Diff: 0.0, Sum: 0.0]
      [Object Copy (ms): Min: 0.0, Avg: 0.0, Max: 0.0, Diff: 0.0, Sum: 0.1]
      [Termination (ms): Min: 0.0, Avg: 0.0, Max: 0.1, Diff: 0.1, Sum: 0.3]
      [GC Worker Other (ms): Min: -0.0, Avg: 0.0, Max: 0.0, Diff: 0.0, Sum: 0.0]
      [GC Worker Total (ms): Min: 0.3, Avg: 0.3, Max: 0.3, Diff: 0.0, Sum: 2.3]
      [GC Worker End (ms): Min: 360318.3, Avg: 360318.3, Max: 360318.3, Diff: 0.0]
   [Code Root Fixup: 0.0 ms]
   [Code Root Migration: 0.0 ms]
   [Clear CT: 0.0 ms]
   [Other: 0.1 ms]
      [Choose CSet: 0.0 ms]
      [Ref Proc: 0.1 ms]
      [Ref Enq: 0.0 ms]
      [Free CSet: 0.0 ms]
   [Eden: 0.0B(1024.0K)->0.0B(1024.0K) Survivors: 0.0B->0.0B Heap: 6979.3K(8192.0K)->6979.3K(8192.0K)]
 [Times: user=0.00 sys=0.00, real=0.00 secs] 
360.318: Total time for which application threads were stopped: 0.0005070 seconds, Stopping threads took: 0.0000150 seconds
360.319: Application time: 0.0000480 seconds
360.373: [Full GC 6979K->5750K(8192K), 0.0058260 secs]
   [Eden: 0.0B(1024.0K)->0.0B(1024.0K) Survivors: 0.0B->0.0B Heap: 6979.3K(8192.0K)->5750.4K(8192.0K)], [Perm: 5171K->5171K(20480K)]
 [Times: user=0.01 sys=0.00, real=0.00 secs] 
360.379: Total time for which application threads were stopped: 0.0607210 seconds, Stopping threads took: 0.0548320 seconds
360.379: [GC concurrent-mark-abort]
361.542: Application time: 1.1628450 seconds
361.591: [GC pause (young), 0.0014490 secs]
   [Parallel Time: 0.9 ms, GC Workers: 8]
      [GC Worker Start (ms): Min: 361590.9, Avg: 361591.0, Max: 361591.0, Diff: 0.1]
      [Ext Root Scanning (ms): Min: 0.7, Avg: 0.7, Max: 0.8, Diff: 0.1, Sum: 5.8]
      [Update RS (ms): Min: 0.0, Avg: 0.0, Max: 0.0, Diff: 0.0, Sum: 0.1]
         [Processed Buffers: Min: 0, Avg: 1.0, Max: 2, Diff: 2, Sum: 8]
      [Scan RS (ms): Min: 0.0, Avg: 0.0, Max: 0.0, Diff: 0.0, Sum: 0.0]
      [Code Root Scanning (ms): Min: 0.0, Avg: 0.0, Max: 0.0, Diff: 0.0, Sum: 0.0]
      [Object Copy (ms): Min: 0.1, Avg: 0.1, Max: 0.1, Diff: 0.0, Sum: 0.8]
      [Termination (ms): Min: 0.0, Avg: 0.0, Max: 0.0, Diff: 0.0, Sum: 0.1]
      [GC Worker Other (ms): Min: 0.0, Avg: 0.0, Max: 0.0, Diff: 0.0, Sum: 0.1]
      [GC Worker Total (ms): Min: 0.8, Avg: 0.8, Max: 0.9, Diff: 0.1, Sum: 6.7]
      [GC Worker End (ms): Min: 361591.8, Avg: 361591.8, Max: 361591.8, Diff: 0.0]
   [Code Root Fixup: 0.0 ms]
   [Code Root Migration: 0.0 ms]
   [Clear CT: 0.3 ms]
   [Other: 0.2 ms]
      [Choose CSet: 0.0 ms]
      [Ref Proc: 0.2 ms]
      [Ref Enq: 0.0 ms]
      [Free CSet: 0.0 ms]
   [Eden: 1024.0K(1024.0K)->0.0B(1024.0K) Survivors: 0.0B->1024.0K Heap: 6774.4K(8192.0K)->5998.9K(8192.0K)]
 [Times: user=0.01 sys=0.00, real=0.00 secs] 
361.592: Total time for which application threads were stopped: 0.0503010 seconds, Stopping threads took: 0.0487310 seconds
362.799: Application time: 1.2066330 seconds
362.851: [GC pause (young) (initial-mark) (to-space exhausted), 0.0012170 secs]
   [Parallel Time: 0.9 ms, GC Workers: 8]
      [GC Worker Start (ms): Min: 362851.0, Avg: 362851.1, Max: 362851.1, Diff: 0.1]
      [Ext Root Scanning (ms): Min: 0.4, Avg: 0.4, Max: 0.5, Diff: 0.1, Sum: 3.3]
      [Code Root Marking (ms): Min: 0.0, Avg: 0.0, Max: 0.0, Diff: 0.0, Sum: 0.0]
      [Update RS (ms): Min: 0.0, Avg: 0.0, Max: 0.0, Diff: 0.0, Sum: 0.1]
         [Processed Buffers: Min: 0, Avg: 1.2, Max: 3, Diff: 3, Sum: 10]
      [Scan RS (ms): Min: 0.0, Avg: 0.0, Max: 0.0, Diff: 0.0, Sum: 0.0]
      [Code Root Scanning (ms): Min: 0.0, Avg: 0.0, Max: 0.0, Diff: 0.0, Sum: 0.0]
      [Object Copy (ms): Min: 0.1, Avg: 0.2, Max: 0.2, Diff: 0.1, Sum: 1.3]
      [Termination (ms): Min: 0.0, Avg: 0.0, Max: 0.1, Diff: 0.1, Sum: 0.3]
      [GC Worker Other (ms): Min: 0.0, Avg: 0.0, Max: 0.0, Diff: 0.0, Sum: 0.0]
      [GC Worker Total (ms): Min: 0.6, Avg: 0.6, Max: 0.7, Diff: 0.1, Sum: 5.0]
      [GC Worker End (ms): Min: 362851.7, Avg: 362851.7, Max: 362851.7, Diff: 0.0]
   [Code Root Fixup: 0.0 ms]
   [Code Root Migration: 0.0 ms]
   [Clear CT: 0.1 ms]
   [Other: 0.3 ms]
      [Choose CSet: 0.0 ms]
      [Ref Proc: 0.1 ms]
      [Ref Enq: 0.0 ms]
      [Free CSet: 0.0 ms]
   [Eden: 1024.0K(1024.0K)->0.0B(1024.0K) Survivors: 1024.0K->0.0B Heap: 7022.9K(8192.0K)->7022.9K(8192.0K)]
 [Times: user=0.00 sys=0.00, real=0.00 secs] 
362.852: [GC concurrent-root-region-scan-start]
362.852: [GC concurrent-root-region-scan-end, 0.0000050 secs]
362.852: [GC concurrent-mark-start]
362.852: Total time for which application threads were stopped: 0.0532100 seconds, Stopping threads took: 0.0518590 seconds
362.852: Application time: 0.0000400 seconds
362.852: [Full GC 7022K->5735K(8192K), 0.0059070 secs]
   [Eden: 0.0B(1024.0K)->0.0B(1024.0K) Survivors: 0.0B->0.0B Heap: 7022.9K(8192.0K)->5735.9K(8192.0K)], [Perm: 5171K->5171K(20480K)]
 [Times: user=0.01 sys=0.00, real=0.00 secs] 
362.858: Total time for which application threads were stopped: 0.0059740 seconds, Stopping threads took: 0.0000060 seconds
362.858: [GC concurrent-mark-abort]
364.121: Application time: 1.2622490 seconds
364.173: [GC pause (young), 0.0012920 secs]
   [Parallel Time: 0.9 ms, GC Workers: 8]
      [GC Worker Start (ms): Min: 364172.7, Avg: 364172.7, Max: 364172.7, Diff: 0.1]
      [Ext Root Scanning (ms): Min: 0.7, Avg: 0.7, Max: 0.7, Diff: 0.1, Sum: 5.8]
      [Update RS (ms): Min: 0.0, Avg: 0.0, Max: 0.0, Diff: 0.0, Sum: 0.1]
         [Processed Buffers: Min: 0, Avg: 1.0, Max: 2, Diff: 2, Sum: 8]
      [Scan RS (ms): Min: 0.0, Avg: 0.0, Max: 0.0, Diff: 0.0, Sum: 0.0]
      [Code Root Scanning (ms): Min: 0.0, Avg: 0.0, Max: 0.0, Diff: 0.0, Sum: 0.0]
      [Object Copy (ms): Min: 0.1, Avg: 0.1, Max: 0.1, Diff: 0.1, Sum: 0.7]
      [Termination (ms): Min: 0.0, Avg: 0.0, Max: 0.0, Diff: 0.0, Sum: 0.0]
      [GC Worker Other (ms): Min: 0.0, Avg: 0.0, Max: 0.0, Diff: 0.0, Sum: 0.1]
      [GC Worker Total (ms): Min: 0.8, Avg: 0.8, Max: 0.9, Diff: 0.1, Sum: 6.6]
      [GC Worker End (ms): Min: 364173.5, Avg: 364173.5, Max: 364173.5, Diff: 0.0]
   [Code Root Fixup: 0.0 ms]
   [Code Root Migration: 0.0 ms]
   [Clear CT: 0.1 ms]
   [Other: 0.2 ms]
      [Choose CSet: 0.0 ms]
      [Ref Proc: 0.2 ms]
      [Ref Enq: 0.0 ms]
      [Free CSet: 0.0 ms]
   [Eden: 1024.0K(1024.0K)->0.0B(1024.0K) Survivors: 0.0B->1024.0K Heap: 6759.9K(8192.0K)->5984.4K(8192.0K)]
 [Times: user=0.00 sys=0.00, real=0.00 secs] 
364.174: Total time for which application threads were stopped: 0.0534500 seconds, Stopping threads took: 0.0520610 seconds
365.555: Application time: 1.3809580 seconds
365.610: [GC pause (young) (initial-mark) (to-space exhausted), 0.0010550 secs]
   [Parallel Time: 0.7 ms, GC Workers: 8]
      [GC Worker Start (ms): Min: 365610.0, Avg: 365610.0, Max: 365610.0, Diff: 0.1]
      [Ext Root Scanning (ms): Min: 0.4, Avg: 0.4, Max: 0.4, Diff: 0.1, Sum: 3.3]
      [Code Root Marking (ms): Min: 0.0, Avg: 0.0, Max: 0.0, Diff: 0.0, Sum: 0.0]
      [Update RS (ms): Min: 0.0, Avg: 0.0, Max: 0.0, Diff: 0.0, Sum: 0.1]
         [Processed Buffers: Min: 0, Avg: 1.2, Max: 3, Diff: 3, Sum: 10]
      [Scan RS (ms): Min: 0.0, Avg: 0.0, Max: 0.0, Diff: 0.0, Sum: 0.0]
      [Code Root Scanning (ms): Min: 0.0, Avg: 0.0, Max: 0.0, Diff: 0.0, Sum: 0.0]
      [Object Copy (ms): Min: 0.1, Avg: 0.2, Max: 0.3, Diff: 0.1, Sum: 1.4]
      [Termination (ms): Min: 0.0, Avg: 0.0, Max: 0.1, Diff: 0.1, Sum: 0.3]
      [GC Worker Other (ms): Min: 0.0, Avg: 0.0, Max: 0.0, Diff: 0.0, Sum: 0.0]
      [GC Worker Total (ms): Min: 0.6, Avg: 0.6, Max: 0.7, Diff: 0.1, Sum: 5.1]
      [GC Worker End (ms): Min: 365610.6, Avg: 365610.6, Max: 365610.6, Diff: 0.0]
   [Code Root Fixup: 0.0 ms]
   [Code Root Migration: 0.0 ms]
   [Clear CT: 0.0 ms]
   [Other: 0.3 ms]
      [Choose CSet: 0.0 ms]
      [Ref Proc: 0.1 ms]
      [Ref Enq: 0.0 ms]
      [Free CSet: 0.0 ms]
   [Eden: 1024.0K(1024.0K)->0.0B(1024.0K) Survivors: 1024.0K->0.0B Heap: 7008.4K(8192.0K)->7008.4K(8192.0K)]
 [Times: user=0.01 sys=0.00, real=0.00 secs] 
365.611: [GC concurrent-root-region-scan-start]
365.611: 365.611: [GC concurrent-root-region-scan-end, 0.0000050 secs]
365.611: Total time for which application threads were stopped: 0.0561230 seconds, Stopping threads took: 0.0549590 seconds
[GC concurrent-mark-start]
365.611: Application time: 0.0000430 seconds
365.611: [Full GC 7008K->5737K(8192K), 0.0058050 secs]
   [Eden: 0.0B(1024.0K)->0.0B(1024.0K) Survivors: 0.0B->0.0B Heap: 7008.4K(8192.0K)->5737.4K(8192.0K)], [Perm: 5171K->5171K(20480K)]
 [Times: user=0.01 sys=0.00, real=0.00 secs] 
365.617: Total time for which application threads were stopped: 0.0058750 seconds, Stopping threads took: 0.0000060 seconds
365.617: [GC concurrent-mark-abort]
366.651: Application time: 1.0341370 seconds
366.702: [GC pause (young), 0.0011290 secs]
   [Parallel Time: 0.9 ms, GC Workers: 8]
      [GC Worker Start (ms): Min: 366701.9, Avg: 366702.0, Max: 366702.0, Diff: 0.1]
      [Ext Root Scanning (ms): Min: 0.7, Avg: 0.7, Max: 0.8, Diff: 0.1, Sum: 5.9]
      [Update RS (ms): Min: 0.0, Avg: 0.0, Max: 0.0, Diff: 0.0, Sum: 0.1]
         [Processed Buffers: Min: 0, Avg: 1.0, Max: 3, Diff: 3, Sum: 8]
      [Scan RS (ms): Min: 0.0, Avg: 0.0, Max: 0.0, Diff: 0.0, Sum: 0.0]
      [Code Root Scanning (ms): Min: 0.0, Avg: 0.0, Max: 0.0, Diff: 0.0, Sum: 0.0]
      [Object Copy (ms): Min: 0.1, Avg: 0.1, Max: 0.1, Diff: 0.0, Sum: 0.7]
      [Termination (ms): Min: 0.0, Avg: 0.0, Max: 0.0, Diff: 0.0, Sum: 0.0]
      [GC Worker Other (ms): Min: 0.0, Avg: 0.0, Max: 0.0, Diff: 0.0, Sum: 0.1]
      [GC Worker Total (ms): Min: 0.8, Avg: 0.9, Max: 0.9, Diff: 0.1, Sum: 6.8]
      [GC Worker End (ms): Min: 366702.8, Avg: 366702.8, Max: 366702.8, Diff: 0.0]
   [Code Root Fixup: 0.0 ms]
   [Code Root Migration: 0.0 ms]
   [Clear CT: 0.1 ms]
   [Other: 0.1 ms]
      [Choose CSet: 0.0 ms]
      [Ref Proc: 0.1 ms]
      [Ref Enq: 0.0 ms]
      [Free CSet: 0.0 ms]
   [Eden: 1024.0K(1024.0K)->0.0B(1024.0K) Survivors: 0.0B->1024.0K Heap: 6761.4K(8192.0K)->5961.9K(8192.0K)]
 [Times: user=0.01 sys=0.00, real=0.00 secs] 
366.703: Total time for which application threads were stopped: 0.0520060 seconds, Stopping threads took: 0.0507710 seconds
368.025: Application time: 1.3220590 seconds
368.079: [GC pause (young) (initial-mark) (to-space exhausted), 0.0009330 secs]
   [Parallel Time: 0.7 ms, GC Workers: 8]
      [GC Worker Start (ms): Min: 368078.9, Avg: 368078.9, Max: 368078.9, Diff: 0.0]
      [Ext Root Scanning (ms): Min: 0.4, Avg: 0.4, Max: 0.4, Diff: 0.1, Sum: 3.4]
      [Code Root Marking (ms): Min: 0.0, Avg: 0.0, Max: 0.0, Diff: 0.0, Sum: 0.0]
      [Update RS (ms): Min: 0.0, Avg: 0.0, Max: 0.0, Diff: 0.0, Sum: 0.1]
         [Processed Buffers: Min: 0, Avg: 1.0, Max: 2, Diff: 2, Sum: 8]
      [Scan RS (ms): Min: 0.0, Avg: 0.0, Max: 0.0, Diff: 0.0, Sum: 0.0]
      [Code Root Scanning (ms): Min: 0.0, Avg: 0.0, Max: 0.0, Diff: 0.0, Sum: 0.0]
      [Object Copy (ms): Min: 0.1, Avg: 0.2, Max: 0.2, Diff: 0.0, Sum: 1.2]
      [Termination (ms): Min: 0.0, Avg: 0.0, Max: 0.1, Diff: 0.1, Sum: 0.2]
      [GC Worker Other (ms): Min: 0.0, Avg: 0.0, Max: 0.0, Diff: 0.0, Sum: 0.0]
      [GC Worker Total (ms): Min: 0.6, Avg: 0.6, Max: 0.6, Diff: 0.0, Sum: 4.9]
      [GC Worker End (ms): Min: 368079.5, Avg: 368079.5, Max: 368079.5, Diff: 0.0]
   [Code Root Fixup: 0.0 ms]
   [Code Root Migration: 0.0 ms]
   [Clear CT: 0.0 ms]
   [Other: 0.2 ms]
      [Choose CSet: 0.0 ms]
      [Ref Proc: 0.1 ms]
      [Ref Enq: 0.0 ms]
      [Free CSet: 0.0 ms]
   [Eden: 1024.0K(1024.0K)->0.0B(1024.0K) Survivors: 1024.0K->0.0B Heap: 6985.9K(8192.0K)->6985.9K(8192.0K)]
 [Times: user=0.01 sys=0.00, real=0.00 secs] 
368.080: [GC concurrent-root-region-scan-start]
368.080: [GC concurrent-root-region-scan-end, 0.0000060 secs]
368.080: 368.080: [GC concurrent-mark-start]
Total time for which application threads were stopped: 0.0546490 seconds, Stopping threads took: 0.0536080 seconds
368.081: [GC concurrent-mark-end, 0.0008610 secs]
368.081: Application time: 0.0008900 seconds
368.081: [GC pause (young), 0.0004800 secs]
   [Parallel Time: 0.4 ms, GC Workers: 8]
      [GC Worker Start (ms): Min: 368080.8, Avg: 368080.8, Max: 368080.8, Diff: 0.0]
      [Ext Root Scanning (ms): Min: 0.2, Avg: 0.3, Max: 0.3, Diff: 0.0, Sum: 2.1]
      [SATB Filtering (ms): Min: 0.0, Avg: 0.0, Max: 0.0, Diff: 0.0, Sum: 0.0]
      [Update RS (ms): Min: 0.0, Avg: 0.0, Max: 0.0, Diff: 0.0, Sum: 0.1]
         [Processed Buffers: Min: 0, Avg: 1.9, Max: 7, Diff: 7, Sum: 15]
      [Scan RS (ms): Min: 0.0, Avg: 0.0, Max: 0.0, Diff: 0.0, Sum: 0.0]
      [Code Root Scanning (ms): Min: 0.0, Avg: 0.0, Max: 0.0, Diff: 0.0, Sum: 0.0]
      [Object Copy (ms): Min: 0.0, Avg: 0.0, Max: 0.0, Diff: 0.0, Sum: 0.1]
      [Termination (ms): Min: 0.0, Avg: 0.0, Max: 0.0, Diff: 0.0, Sum: 0.2]
      [GC Worker Other (ms): Min: 0.0, Avg: 0.0, Max: 0.0, Diff: 0.0, Sum: 0.0]
      [GC Worker Total (ms): Min: 0.3, Avg: 0.3, Max: 0.3, Diff: 0.0, Sum: 2.6]
      [GC Worker End (ms): Min: 368081.1, Avg: 368081.1, Max: 368081.1, Diff: 0.0]
   [Code Root Fixup: 0.0 ms]
   [Code Root Migration: 0.0 ms]
   [Clear CT: 0.0 ms]
   [Other: 0.1 ms]
      [Choose CSet: 0.0 ms]
      [Ref Proc: 0.1 ms]
      [Ref Enq: 0.0 ms]
      [Free CSet: 0.0 ms]
   [Eden: 0.0B(1024.0K)->0.0B(1024.0K) Survivors: 0.0B->0.0B Heap: 6985.9K(8192.0K)->6985.9K(8192.0K)]
 [Times: user=0.00 sys=0.00, real=0.00 secs] 
368.081: Total time for which application threads were stopped: 0.0005600 seconds, Stopping threads took: 0.0000070 seconds
368.081: Application time: 0.0000180 seconds
368.081: [GC pause (young), 0.0004440 secs]
   [Parallel Time: 0.3 ms, GC Workers: 8]
      [GC Worker Start (ms): Min: 368081.3, Avg: 368081.3, Max: 368081.3, Diff: 0.0]
      [Ext Root Scanning (ms): Min: 0.2, Avg: 0.2, Max: 0.3, Diff: 0.1, Sum: 1.9]
      [Update RS (ms): Min: 0.0, Avg: 0.0, Max: 0.0, Diff: 0.0, Sum: 0.0]
         [Processed Buffers: Min: 0, Avg: 0.1, Max: 1, Diff: 1, Sum: 1]
      [Scan RS (ms): Min: 0.0, Avg: 0.0, Max: 0.0, Diff: 0.0, Sum: 0.0]
      [Code Root Scanning (ms): Min: 0.0, Avg: 0.0, Max: 0.0, Diff: 0.0, Sum: 0.0]
      [Object Copy (ms): Min: 0.0, Avg: 0.0, Max: 0.0, Diff: 0.0, Sum: 0.1]
      [Termination (ms): Min: 0.0, Avg: 0.0, Max: 0.1, Diff: 0.1, Sum: 0.3]
      [GC Worker Other (ms): Min: -0.0, Avg: 0.0, Max: 0.0, Diff: 0.0, Sum: 0.0]
      [GC Worker Total (ms): Min: 0.3, Avg: 0.3, Max: 0.3, Diff: 0.0, Sum: 2.3]
      [GC Worker End (ms): Min: 368081.6, Avg: 368081.6, Max: 368081.6, Diff: 0.0]
   [Code Root Fixup: 0.0 ms]
   [Code Root Migration: 0.0 ms]
   [Clear CT: 0.0 ms]
   [Other: 0.1 ms]
      [Choose CSet: 0.0 ms]
      [Ref Proc: 0.0 ms]
      [Ref Enq: 0.0 ms]
      [Free CSet: 0.0 ms]
   [Eden: 0.0B(1024.0K)->0.0B(1024.0K) Survivors: 0.0B->0.0B Heap: 6985.9K(8192.0K)->6985.9K(8192.0K)]
 [Times: user=0.01 sys=0.00, real=0.01 secs] 
368.082: Total time for which application threads were stopped: 0.0005000 seconds, Stopping threads took: 0.0000050 seconds
368.082: Application time: 0.0000160 seconds
368.082: [GC pause (young), 0.0004250 secs]
   [Parallel Time: 0.3 ms, GC Workers: 8]
      [GC Worker Start (ms): Min: 368081.8, Avg: 368081.8, Max: 368081.9, Diff: 0.0]
      [Ext Root Scanning (ms): Min: 0.2, Avg: 0.2, Max: 0.3, Diff: 0.1, Sum: 1.8]
      [SATB Filtering (ms): Min: 0.0, Avg: 0.0, Max: 0.0, Diff: 0.0, Sum: 0.0]
      [Update RS (ms): Min: 0.0, Avg: 0.0, Max: 0.0, Diff: 0.0, Sum: 0.0]
         [Processed Buffers: Min: 0, Avg: 0.1, Max: 1, Diff: 1, Sum: 1]
      [Scan RS (ms): Min: 0.0, Avg: 0.0, Max: 0.0, Diff: 0.0, Sum: 0.0]
      [Code Root Scanning (ms): Min: 0.0, Avg: 0.0, Max: 0.0, Diff: 0.0, Sum: 0.0]
      [Object Copy (ms): Min: 0.0, Avg: 0.0, Max: 0.0, Diff: 0.0, Sum: 0.1]
      [Termination (ms): Min: 0.0, Avg: 0.0, Max: 0.1, Diff: 0.1, Sum: 0.3]
      [GC Worker Other (ms): Min: 0.0, Avg: 0.0, Max: 0.0, Diff: 0.0, Sum: 0.0]
      [GC Worker Total (ms): Min: 0.3, Avg: 0.3, Max: 0.3, Diff: 0.0, Sum: 2.2]
      [GC Worker End (ms): Min: 368082.1, Avg: 368082.1, Max: 368082.1, Diff: 0.0]
   [Code Root Fixup: 0.0 ms]
   [Code Root Migration: 0.0 ms]
   [Clear CT: 0.0 ms]
   [Other: 0.1 ms]
      [Choose CSet: 0.0 ms]
      [Ref Proc: 0.1 ms]
      [Ref Enq: 0.0 ms]
      [Free CSet: 0.0 ms]
   [Eden: 0.0B(1024.0K)->0.0B(1024.0K) Survivors: 0.0B->0.0B Heap: 6985.9K(8192.0K)->6985.9K(8192.0K)]
 [Times: user=0.00 sys=0.00, real=0.00 secs] 
368.082: Total time for which application threads were stopped: 0.0004810 seconds, Stopping threads took: 0.0000040 seconds
368.082: Application time: 0.0000140 seconds
368.082: [Full GC 6985K->5738K(8192K), 0.0055930 secs]
   [Eden: 0.0B(1024.0K)->0.0B(1024.0K) Survivors: 0.0B->0.0B Heap: 6985.9K(8192.0K)->5739.0K(8192.0K)], [Perm: 5171K->5171K(20480K)]
 [Times: user=0.01 sys=0.00, real=0.00 secs] 
368.088: Total time for which application threads were stopped: 0.0056560 seconds, Stopping threads took: 0.0000030 seconds
368.088: Application time: 0.0000540 seconds
368.088: [GC remark, 0.0000050 secs]
 [Times: user=0.00 sys=0.00, real=0.00 secs] 
368.088: Total time for which application threads were stopped: 0.0000540 seconds, Stopping threads took: 0.0000330 seconds
368.088: Application time: 0.0000340 seconds
368.088: Total time for which application threads were stopped: 0.0000210 seconds, Stopping threads took: 0.0000170 seconds
368.088: [GC concurrent-mark-abort]
369.297: Application time: 1.2085600 seconds
369.348: [GC pause (young), 0.0011920 secs]
   [Parallel Time: 0.9 ms, GC Workers: 8]
      [GC Worker Start (ms): Min: 369348.2, Avg: 369348.3, Max: 369348.3, Diff: 0.1]
      [Ext Root Scanning (ms): Min: 0.7, Avg: 0.7, Max: 0.8, Diff: 0.1, Sum: 5.8]
      [Update RS (ms): Min: 0.0, Avg: 0.0, Max: 0.0, Diff: 0.0, Sum: 0.1]
         [Processed Buffers: Min: 0, Avg: 1.0, Max: 2, Diff: 2, Sum: 8]
      [Scan RS (ms): Min: 0.0, Avg: 0.0, Max: 0.0, Diff: 0.0, Sum: 0.0]
      [Code Root Scanning (ms): Min: 0.0, Avg: 0.0, Max: 0.0, Diff: 0.0, Sum: 0.0]
      [Object Copy (ms): Min: 0.1, Avg: 0.1, Max: 0.1, Diff: 0.1, Sum: 0.7]
      [Termination (ms): Min: 0.0, Avg: 0.0, Max: 0.0, Diff: 0.0, Sum: 0.1]
      [GC Worker Other (ms): Min: 0.0, Avg: 0.0, Max: 0.0, Diff: 0.0, Sum: 0.0]
      [GC Worker Total (ms): Min: 0.8, Avg: 0.8, Max: 0.9, Diff: 0.1, Sum: 6.7]
      [GC Worker End (ms): Min: 369349.1, Avg: 369349.1, Max: 369349.1, Diff: 0.0]
   [Code Root Fixup: 0.0 ms]
   [Code Root Migration: 0.0 ms]
   [Clear CT: 0.1 ms]
   [Other: 0.1 ms]
      [Choose CSet: 0.0 ms]
      [Ref Proc: 0.1 ms]
      [Ref Enq: 0.0 ms]
      [Free CSet: 0.0 ms]
   [Eden: 1024.0K(1024.0K)->0.0B(1024.0K) Survivors: 0.0B->1024.0K Heap: 6763.0K(8192.0K)->5979.5K(8192.0K)]
 [Times: user=0.00 sys=0.00, real=0.01 secs] 
369.349: Total time for which application threads were stopped: 0.0527630 seconds, Stopping threads took: 0.0514450 seconds
370.505: Application time: 1.1559350 seconds
370.559: [GC pause (young) (initial-mark) (to-space exhausted), 0.0009760 secs]
   [Parallel Time: 0.7 ms, GC Workers: 8]
      [GC Worker Start (ms): Min: 370559.0, Avg: 370559.0, Max: 370559.0, Diff: 0.0]
      [Ext Root Scanning (ms): Min: 0.4, Avg: 0.4, Max: 0.5, Diff: 0.1, Sum: 3.4]
      [Code Root Marking (ms): Min: 0.0, Avg: 0.0, Max: 0.0, Diff: 0.0, Sum: 0.0]
      [Update RS (ms): Min: 0.0, Avg: 0.0, Max: 0.0, Diff: 0.0, Sum: 0.1]
         [Processed Buffers: Min: 0, Avg: 0.9, Max: 3, Diff: 3, Sum: 7]
      [Scan RS (ms): Min: 0.0, Avg: 0.0, Max: 0.0, Diff: 0.0, Sum: 0.0]
      [Code Root Scanning (ms): Min: 0.0, Avg: 0.0, Max: 0.0, Diff: 0.0, Sum: 0.0]
      [Object Copy (ms): Min: 0.1, Avg: 0.2, Max: 0.2, Diff: 0.1, Sum: 1.3]
      [Termination (ms): Min: 0.0, Avg: 0.0, Max: 0.1, Diff: 0.1, Sum: 0.3]
      [GC Worker Other (ms): Min: 0.0, Avg: 0.0, Max: 0.0, Diff: 0.0, Sum: 0.0]
      [GC Worker Total (ms): Min: 0.6, Avg: 0.6, Max: 0.7, Diff: 0.1, Sum: 5.1]
      [GC Worker End (ms): Min: 370559.6, Avg: 370559.6, Max: 370559.6, Diff: 0.0]
   [Code Root Fixup: 0.0 ms]
   [Code Root Migration: 0.0 ms]
   [Clear CT: 0.1 ms]
   [Other: 0.2 ms]
      [Choose CSet: 0.0 ms]
      [Ref Proc: 0.1 ms]
      [Ref Enq: 0.0 ms]
      [Free CSet: 0.0 ms]
   [Eden: 1024.0K(1024.0K)->0.0B(1024.0K) Survivors: 1024.0K->0.0B Heap: 7003.5K(8192.0K)->7003.5K(8192.0K)]
 [Times: user=0.01 sys=0.00, real=0.00 secs] 
370.560: [GC concurrent-root-region-scan-start]
370.560: 370.560: [GC concurrent-root-region-scan-end, 0.0000040 secs]
Total time for which application threads were stopped: 0.0545840 seconds, Stopping threads took: 0.0534990 seconds
370.560: [GC concurrent-mark-start]
370.560: Application time: 0.0000390 seconds
370.560: [Full GC 7003K->5764K(8192K), 0.0059370 secs]
   [Eden: 0.0B(1024.0K)->0.0B(1024.0K) Survivors: 0.0B->0.0B Heap: 7003.5K(8192.0K)->5764.8K(8192.0K)], [Perm: 5171K->5171K(20480K)]
 [Times: user=0.00 sys=0.00, real=0.01 secs] 
370.566: Total time for which application threads were stopped: 0.0060070 seconds, Stopping threads took: 0.0000060 seconds
370.566: [GC concurrent-mark-abort]
371.891: Application time: 1.3247660 seconds
371.947: [GC pause (young), 0.0015720 secs]
   [Parallel Time: 0.9 ms, GC Workers: 8]
      [GC Worker Start (ms): Min: 371947.3, Avg: 371947.4, Max: 371947.5, Diff: 0.1]
      [Ext Root Scanning (ms): Min: 0.7, Avg: 0.7, Max: 0.8, Diff: 0.1, Sum: 5.8]
      [Update RS (ms): Min: 0.0, Avg: 0.0, Max: 0.0, Diff: 0.0, Sum: 0.1]
         [Processed Buffers: Min: 0, Avg: 1.0, Max: 3, Diff: 3, Sum: 8]
      [Scan RS (ms): Min: 0.0, Avg: 0.0, Max: 0.0, Diff: 0.0, Sum: 0.0]
      [Code Root Scanning (ms): Min: 0.0, Avg: 0.0, Max: 0.0, Diff: 0.0, Sum: 0.0]
      [Object Copy (ms): Min: 0.1, Avg: 0.1, Max: 0.1, Diff: 0.0, Sum: 0.7]
      [Termination (ms): Min: 0.0, Avg: 0.0, Max: 0.0, Diff: 0.0, Sum: 0.1]
      [GC Worker Other (ms): Min: 0.0, Avg: 0.0, Max: 0.0, Diff: 0.0, Sum: 0.0]
      [GC Worker Total (ms): Min: 0.8, Avg: 0.8, Max: 0.9, Diff: 0.1, Sum: 6.7]
      [GC Worker End (ms): Min: 371948.2, Avg: 371948.2, Max: 371948.3, Diff: 0.0]
   [Code Root Fixup: 0.0 ms]
   [Code Root Migration: 0.0 ms]
   [Clear CT: 0.5 ms]
   [Other: 0.1 ms]
      [Choose CSet: 0.0 ms]
      [Ref Proc: 0.1 ms]
      [Ref Enq: 0.0 ms]
      [Free CSet: 0.0 ms]
   [Eden: 1024.0K(1024.0K)->0.0B(1024.0K) Survivors: 0.0B->1024.0K Heap: 6788.8K(8192.0K)->5989.3K(8192.0K)]
 [Times: user=0.01 sys=0.00, real=0.00 secs] 
371.949: Total time for which application threads were stopped: 0.0581530 seconds, Stopping threads took: 0.0564630 seconds
373.100: Application time: 1.1505750 seconds
373.156: [GC pause (young) (initial-mark) (to-space exhausted), 0.0012160 secs]
   [Parallel Time: 0.9 ms, GC Workers: 8]
      [GC Worker Start (ms): Min: 373155.7, Avg: 373155.7, Max: 373155.8, Diff: 0.1]
      [Ext Root Scanning (ms): Min: 0.4, Avg: 0.4, Max: 0.4, Diff: 0.1, Sum: 3.3]
      [Code Root Marking (ms): Min: 0.0, Avg: 0.0, Max: 0.0, Diff: 0.0, Sum: 0.0]
      [Update RS (ms): Min: 0.0, Avg: 0.0, Max: 0.0, Diff: 0.0, Sum: 0.1]
         [Processed Buffers: Min: 0, Avg: 1.1, Max: 3, Diff: 3, Sum: 9]
      [Scan RS (ms): Min: 0.0, Avg: 0.0, Max: 0.0, Diff: 0.0, Sum: 0.0]
      [Code Root Scanning (ms): Min: 0.0, Avg: 0.0, Max: 0.0, Diff: 0.0, Sum: 0.0]
      [Object Copy (ms): Min: 0.1, Avg: 0.2, Max: 0.2, Diff: 0.1, Sum: 1.3]
      [Termination (ms): Min: 0.0, Avg: 0.0, Max: 0.1, Diff: 0.1, Sum: 0.3]
      [GC Worker Other (ms): Min: 0.0, Avg: 0.0, Max: 0.0, Diff: 0.0, Sum: 0.1]
      [GC Worker Total (ms): Min: 0.6, Avg: 0.6, Max: 0.7, Diff: 0.1, Sum: 5.0]
      [GC Worker End (ms): Min: 373156.3, Avg: 373156.3, Max: 373156.3, Diff: 0.0]
   [Code Root Fixup: 0.0 ms]
   [Code Root Migration: 0.0 ms]
   [Clear CT: 0.1 ms]
   [Other: 0.2 ms]
      [Choose CSet: 0.0 ms]
      [Ref Proc: 0.1 ms]
      [Ref Enq: 0.0 ms]
      [Free CSet: 0.0 ms]
   [Eden: 1024.0K(1024.0K)->0.0B(1024.0K) Survivors: 1024.0K->0.0B Heap: 7013.3K(8192.0K)->7013.3K(8192.0K)]
 [Times: user=0.01 sys=0.00, real=0.00 secs] 
373.157: [GC concurrent-root-region-scan-start]
373.157: [GC concurrent-root-region-scan-end, 0.0000050 secs]
373.157: 373.157: [GC concurrent-mark-start]
Total time for which application threads were stopped: 0.0573770 seconds, Stopping threads took: 0.0560350 seconds
373.157: Application time: 0.0000380 seconds
373.157: [Full GC 7013K->5766K(8192K), 0.0058090 secs]
   [Eden: 0.0B(1024.0K)->0.0B(1024.0K) Survivors: 0.0B->0.0B Heap: 7013.3K(8192.0K)->5766.3K(8192.0K)], [Perm: 5171K->5171K(20480K)]
 [Times: user=0.01 sys=0.00, real=0.01 secs] 
373.163: Total time for which application threads were stopped: 0.0058750 seconds, Stopping threads took: 0.0000050 seconds
373.163: [GC concurrent-mark-abort]
374.314: Application time: 1.1514370 seconds
374.369: [GC pause (young), 0.0018220 secs]
   [Parallel Time: 0.9 ms, GC Workers: 8]
      [GC Worker Start (ms): Min: 374368.6, Avg: 374368.6, Max: 374368.7, Diff: 0.1]
      [Ext Root Scanning (ms): Min: 0.7, Avg: 0.7, Max: 0.8, Diff: 0.1, Sum: 5.9]
      [Update RS (ms): Min: 0.0, Avg: 0.0, Max: 0.0, Diff: 0.0, Sum: 0.1]
         [Processed Buffers: Min: 0, Avg: 1.0, Max: 4, Diff: 4, Sum: 8]
      [Scan RS (ms): Min: 0.0, Avg: 0.0, Max: 0.0, Diff: 0.0, Sum: 0.0]
      [Code Root Scanning (ms): Min: 0.0, Avg: 0.0, Max: 0.0, Diff: 0.0, Sum: 0.0]
      [Object Copy (ms): Min: 0.0, Avg: 0.1, Max: 0.1, Diff: 0.1, Sum: 0.7]
      [Termination (ms): Min: 0.0, Avg: 0.0, Max: 0.0, Diff: 0.0, Sum: 0.1]
      [GC Worker Other (ms): Min: 0.0, Avg: 0.0, Max: 0.0, Diff: 0.0, Sum: 0.1]
      [GC Worker Total (ms): Min: 0.8, Avg: 0.9, Max: 0.9, Diff: 0.1, Sum: 6.8]
      [GC Worker End (ms): Min: 374369.5, Avg: 374369.5, Max: 374369.5, Diff: 0.0]
   [Code Root Fixup: 0.0 ms]
   [Code Root Migration: 0.0 ms]
   [Clear CT: 0.5 ms]
   [Other: 0.4 ms]
      [Choose CSet: 0.0 ms]
      [Ref Proc: 0.3 ms]
      [Ref Enq: 0.0 ms]
      [Free CSet: 0.0 ms]
   [Eden: 1024.0K(1024.0K)->0.0B(1024.0K) Survivors: 0.0B->1024.0K Heap: 6790.3K(8192.0K)->5980.7K(8192.0K)]
 [Times: user=0.00 sys=0.00, real=0.01 secs] 
374.370: Total time for which application threads were stopped: 0.0561670 seconds, Stopping threads took: 0.0542160 seconds
375.704: Application time: 1.3340360 seconds
375.755: [GC pause (young) (initial-mark) (to-space exhausted), 0.0019250 secs]
   [Parallel Time: 1.0 ms, GC Workers: 8]
      [GC Worker Start (ms): Min: 375754.7, Avg: 375754.7, Max: 375754.8, Diff: 0.1]
      [Ext Root Scanning (ms): Min: 0.4, Avg: 0.4, Max: 0.5, Diff: 0.1, Sum: 3.4]
      [Code Root Marking (ms): Min: 0.0, Avg: 0.0, Max: 0.0, Diff: 0.0, Sum: 0.0]
      [Update RS (ms): Min: 0.0, Avg: 0.0, Max: 0.0, Diff: 0.0, Sum: 0.1]
         [Processed Buffers: Min: 0, Avg: 1.0, Max: 2, Diff: 2, Sum: 8]
      [Scan RS (ms): Min: 0.0, Avg: 0.0, Max: 0.0, Diff: 0.0, Sum: 0.0]
      [Code Root Scanning (ms): Min: 0.0, Avg: 0.0, Max: 0.0, Diff: 0.0, Sum: 0.0]
      [Object Copy (ms): Min: 0.2, Avg: 0.2, Max: 0.3, Diff: 0.1, Sum: 1.8]
      [Termination (ms): Min: 0.0, Avg: 0.0, Max: 0.1, Diff: 0.1, Sum: 0.3]
      [GC Worker Other (ms): Min: 0.0, Avg: 0.0, Max: 0.0, Diff: 0.0, Sum: 0.1]
      [GC Worker Total (ms): Min: 0.6, Avg: 0.7, Max: 0.8, Diff: 0.1, Sum: 5.5]
      [GC Worker End (ms): Min: 375755.4, Avg: 375755.4, Max: 375755.4, Diff: 0.0]
   [Code Root Fixup: 0.0 ms]
   [Code Root Migration: 0.0 ms]
   [Clear CT: 0.4 ms]
   [Other: 0.5 ms]
      [Choose CSet: 0.0 ms]
      [Ref Proc: 0.3 ms]
      [Ref Enq: 0.0 ms]
      [Free CSet: 0.0 ms]
   [Eden: 1024.0K(1024.0K)->0.0B(1024.0K) Survivors: 1024.0K->0.0B Heap: 7004.7K(8192.0K)->7004.7K(8192.0K)]
 [Times: user=0.00 sys=0.00, real=0.00 secs] 
375.757: Total time for which application threads were stopped: 0.0521540 seconds, Stopping threads took: 0.0501070 seconds
375.757: [GC concurrent-root-region-scan-start]
375.757: [GC concurrent-root-region-scan-end, 0.0000030 secs]
375.757: [GC concurrent-mark-start]
375.757: Application time: 0.0000260 seconds
375.757: [Full GC 7004K->5767K(8192K), 0.0062920 secs]
   [Eden: 0.0B(1024.0K)->0.0B(1024.0K) Survivors: 0.0B->0.0B Heap: 7004.7K(8192.0K)->5767.8K(8192.0K)], [Perm: 5171K->5171K(20480K)]
 [Times: user=0.01 sys=0.00, real=0.01 secs] 
375.763: Total time for which application threads were stopped: 0.0063700 seconds, Stopping threads took: 0.0000060 seconds
375.763: [GC concurrent-mark-abort]
376.958: Application time: 1.1947950 seconds
376.978: [GC pause (young), 0.0017010 secs]
   [Parallel Time: 1.1 ms, GC Workers: 8]
      [GC Worker Start (ms): Min: 376977.9, Avg: 376978.0, Max: 376978.0, Diff: 0.1]
      [Ext Root Scanning (ms): Min: 0.7, Avg: 0.7, Max: 0.8, Diff: 0.1, Sum: 5.9]
      [Update RS (ms): Min: 0.0, Avg: 0.0, Max: 0.0, Diff: 0.0, Sum: 0.1]
         [Processed Buffers: Min: 0, Avg: 1.0, Max: 3, Diff: 3, Sum: 8]
      [Scan RS (ms): Min: 0.0, Avg: 0.0, Max: 0.0, Diff: 0.0, Sum: 0.0]
      [Code Root Scanning (ms): Min: 0.0, Avg: 0.0, Max: 0.0, Diff: 0.0, Sum: 0.0]
      [Object Copy (ms): Min: 0.1, Avg: 0.1, Max: 0.1, Diff: 0.0, Sum: 0.7]
      [Termination (ms): Min: 0.0, Avg: 0.0, Max: 0.0, Diff: 0.0, Sum: 0.1]
      [GC Worker Other (ms): Min: 0.0, Avg: 0.0, Max: 0.0, Diff: 0.0, Sum: 0.1]
      [GC Worker Total (ms): Min: 0.8, Avg: 0.8, Max: 0.9, Diff: 0.1, Sum: 6.8]
      [GC Worker End (ms): Min: 376978.8, Avg: 376978.8, Max: 376978.8, Diff: 0.0]
   [Code Root Fixup: 0.0 ms]
   [Code Root Migration: 0.0 ms]
   [Clear CT: 0.4 ms]
   [Other: 0.2 ms]
      [Choose CSet: 0.0 ms]
      [Ref Proc: 0.2 ms]
      [Ref Enq: 0.0 ms]
      [Free CSet: 0.0 ms]
   [Eden: 1024.0K(1024.0K)->0.0B(1024.0K) Survivors: 0.0B->1024.0K Heap: 6791.8K(8192.0K)->5984.3K(8192.0K)]
 [Times: user=0.01 sys=0.00, real=0.00 secs] 
376.981: Total time for which application threads were stopped: 0.0233460 seconds, Stopping threads took: 0.0200100 seconds
378.060: Application time: 1.0785540 seconds
378.060: [GC pause (young) (initial-mark) (to-space exhausted), 0.0012870 secs]
   [Parallel Time: 0.7 ms, GC Workers: 8]
      [GC Worker Start (ms): Min: 378059.8, Avg: 378059.9, Max: 378059.9, Diff: 0.1]
      [Ext Root Scanning (ms): Min: 0.3, Avg: 0.4, Max: 0.5, Diff: 0.1, Sum: 3.3]
      [Code Root Marking (ms): Min: 0.0, Avg: 0.0, Max: 0.0, Diff: 0.0, Sum: 0.0]
      [Update RS (ms): Min: 0.0, Avg: 0.0, Max: 0.0, Diff: 0.0, Sum: 0.1]
         [Processed Buffers: Min: 0, Avg: 1.2, Max: 2, Diff: 2, Sum: 10]
      [Scan RS (ms): Min: 0.0, Avg: 0.0, Max: 0.0, Diff: 0.0, Sum: 0.0]
      [Code Root Scanning (ms): Min: 0.0, Avg: 0.0, Max: 0.0, Diff: 0.0, Sum: 0.0]
      [Object Copy (ms): Min: 0.0, Avg: 0.1, Max: 0.2, Diff: 0.1, Sum: 1.0]
      [Termination (ms): Min: 0.0, Avg: 0.0, Max: 0.1, Diff: 0.1, Sum: 0.2]
      [GC Worker Other (ms): Min: 0.0, Avg: 0.0, Max: 0.0, Diff: 0.0, Sum: 0.0]
      [GC Worker Total (ms): Min: 0.5, Avg: 0.6, Max: 0.6, Diff: 0.1, Sum: 4.7]
      [GC Worker End (ms): Min: 378060.4, Avg: 378060.5, Max: 378060.5, Diff: 0.0]
   [Code Root Fixup: 0.0 ms]
   [Code Root Migration: 0.0 ms]
   [Clear CT: 0.1 ms]
   [Other: 0.5 ms]
      [Choose CSet: 0.0 ms]
      [Ref Proc: 0.1 ms]
      [Ref Enq: 0.0 ms]
      [Free CSet: 0.0 ms]
   [Eden: 1024.0K(1024.0K)->0.0B(1024.0K) Survivors: 1024.0K->0.0B Heap: 7008.3K(8192.0K)->7008.3K(8192.0K)]
 [Times: user=0.01 sys=0.00, real=0.00 secs] 
378.061: Total time for which application threads were stopped: 0.0013930 seconds, Stopping threads took: 0.0000200 seconds
378.061: [GC concurrent-root-region-scan-start]
378.061: [GC concurrent-root-region-scan-end, 0.0000040 secs]
378.061: [GC concurrent-mark-start]
378.061: Application time: 0.0000140 seconds
378.061: [GC pause (young), 0.0004410 secs]
   [Parallel Time: 0.3 ms, GC Workers: 8]
      [GC Worker Start (ms): Min: 378061.2, Avg: 378061.2, Max: 378061.2, Diff: 0.0]
      [Ext Root Scanning (ms): Min: 0.2, Avg: 0.2, Max: 0.3, Diff: 0.0, Sum: 1.9]
      [Update RS (ms): Min: 0.0, Avg: 0.0, Max: 0.0, Diff: 0.0, Sum: 0.0]
         [Processed Buffers: Min: 0, Avg: 1.9, Max: 13, Diff: 13, Sum: 15]
      [Scan RS (ms): Min: 0.0, Avg: 0.0, Max: 0.0, Diff: 0.0, Sum: 0.0]
      [Code Root Scanning (ms): Min: 0.0, Avg: 0.0, Max: 0.0, Diff: 0.0, Sum: 0.0]
      [Object Copy (ms): Min: 0.0, Avg: 0.0, Max: 0.0, Diff: 0.0, Sum: 0.1]
      [Termination (ms): Min: 0.0, Avg: 0.0, Max: 0.0, Diff: 0.0, Sum: 0.2]
      [GC Worker Other (ms): Min: 0.0, Avg: 0.0, Max: 0.0, Diff: 0.0, Sum: 0.0]
      [GC Worker Total (ms): Min: 0.3, Avg: 0.3, Max: 0.3, Diff: 0.0, Sum: 2.4]
      [GC Worker End (ms): Min: 378061.4, Avg: 378061.5, Max: 378061.5, Diff: 0.0]
   [Code Root Fixup: 0.0 ms]
   [Code Root Migration: 0.0 ms]
   [Clear CT: 0.0 ms]
   [Other: 0.1 ms]
      [Choose CSet: 0.0 ms]
      [Ref Proc: 0.1 ms]
      [Ref Enq: 0.0 ms]
      [Free CSet: 0.0 ms]
   [Eden: 0.0B(1024.0K)->0.0B(1024.0K) Survivors: 0.0B->0.0B Heap: 7008.3K(8192.0K)->7008.3K(8192.0K)]
 [Times: user=0.00 sys=0.00, real=0.01 secs] 
378.062: Total time for which application threads were stopped: 0.0005030 seconds, Stopping threads took: 0.0000080 seconds
378.062: Application time: 0.0000280 seconds
378.062: [Full GC 7008K->1583K(7168K), 0.0056370 secs]
   [Eden: 0.0B(1024.0K)->0.0B(3072.0K) Survivors: 0.0B->0.0B Heap: 7008.3K(8192.0K)->1583.5K(7168.0K)], [Perm: 5171K->5171K(20480K)]
 [Times: user=0.01 sys=0.00, real=0.00 secs] 
378.067: Total time for which application threads were stopped: 0.0056950 seconds, Stopping threads took: 0.0000030 seconds
378.067: [GC concurrent-mark-abort]
378.098: Application time: 0.0306040 seconds
378.098: [GC pause (young), 0.0013580 secs]
   [Parallel Time: 1.0 ms, GC Workers: 8]
      [GC Worker Start (ms): Min: 378098.0, Avg: 378098.2, Max: 378098.9, Diff: 0.9]
      [Ext Root Scanning (ms): Min: 0.0, Avg: 0.6, Max: 0.8, Diff: 0.8, Sum: 5.1]
      [Update RS (ms): Min: 0.0, Avg: 0.0, Max: 0.0, Diff: 0.0, Sum: 0.0]
         [Processed Buffers: Min: 0, Avg: 0.1, Max: 1, Diff: 1, Sum: 1]
      [Scan RS (ms): Min: 0.0, Avg: 0.0, Max: 0.0, Diff: 0.0, Sum: 0.0]
      [Code Root Scanning (ms): Min: 0.0, Avg: 0.0, Max: 0.0, Diff: 0.0, Sum: 0.0]
      [Object Copy (ms): Min: 0.0, Avg: 0.0, Max: 0.1, Diff: 0.1, Sum: 0.2]
      [Termination (ms): Min: 0.0, Avg: 0.0, Max: 0.1, Diff: 0.1, Sum: 0.4]
      [GC Worker Other (ms): Min: 0.0, Avg: 0.0, Max: 0.0, Diff: 0.0, Sum: 0.0]
      [GC Worker Total (ms): Min: 0.0, Avg: 0.7, Max: 0.9, Diff: 0.9, Sum: 5.8]
      [GC Worker End (ms): Min: 378098.9, Avg: 378098.9, Max: 378099.0, Diff: 0.0]
   [Code Root Fixup: 0.0 ms]
   [Code Root Migration: 0.0 ms]
   [Clear CT: 0.2 ms]
   [Other: 0.2 ms]
      [Choose CSet: 0.0 ms]
      [Ref Proc: 0.2 ms]
      [Ref Enq: 0.0 ms]
      [Free CSet: 0.0 ms]
   [Eden: 3072.0K(3072.0K)->0.0B(2048.0K) Survivors: 0.0B->1024.0K Heap: 4655.5K(7168.0K)->1589.5K(7168.0K)]
 [Times: user=0.01 sys=0.00, real=0.00 secs] 
378.099: Total time for which application threads were stopped: 0.0015050 seconds, Stopping threads took: 0.0000150 seconds
378.117: Application time: 0.0174530 seconds
378.117: [GC pause (young), 0.0011060 secs]
   [Parallel Time: 0.7 ms, GC Workers: 8]
      [GC Worker Start (ms): Min: 378117.0, Avg: 378117.1, Max: 378117.7, Diff: 0.7]
      [Ext Root Scanning (ms): Min: 0.0, Avg: 0.4, Max: 0.5, Diff: 0.5, Sum: 2.9]
      [Update RS (ms): Min: 0.0, Avg: 0.0, Max: 0.1, Diff: 0.1, Sum: 0.1]
         [Processed Buffers: Min: 0, Avg: 0.5, Max: 3, Diff: 3, Sum: 4]
      [Scan RS (ms): Min: 0.0, Avg: 0.0, Max: 0.0, Diff: 0.0, Sum: 0.0]
      [Code Root Scanning (ms): Min: 0.0, Avg: 0.0, Max: 0.0, Diff: 0.0, Sum: 0.0]
      [Object Copy (ms): Min: 0.0, Avg: 0.1, Max: 0.2, Diff: 0.2, Sum: 1.0]
      [Termination (ms): Min: 0.0, Avg: 0.1, Max: 0.1, Diff: 0.1, Sum: 0.5]
      [GC Worker Other (ms): Min: 0.0, Avg: 0.0, Max: 0.0, Diff: 0.0, Sum: 0.0]
      [GC Worker Total (ms): Min: 0.0, Avg: 0.6, Max: 0.7, Diff: 0.7, Sum: 4.6]
      [GC Worker End (ms): Min: 378117.7, Avg: 378117.7, Max: 378117.7, Diff: 0.0]
   [Code Root Fixup: 0.0 ms]
   [Code Root Migration: 0.0 ms]
   [Clear CT: 0.1 ms]
   [Other: 0.3 ms]
      [Choose CSet: 0.0 ms]
      [Ref Proc: 0.2 ms]
      [Ref Enq: 0.0 ms]
      [Free CSet: 0.0 ms]
   [Eden: 2048.0K(2048.0K)->0.0B(2048.0K) Survivors: 1024.0K->1024.0K Heap: 3637.5K(7168.0K)->2262.4K(7168.0K)]
 [Times: user=0.01 sys=0.00, real=0.00 secs] 
378.118: Total time for which application threads were stopped: 0.0012140 seconds, Stopping threads took: 0.0000120 seconds
378.141: Application time: 0.0230970 seconds
378.141: Total time for which application threads were stopped: 0.0000420 seconds, Stopping threads took: 0.0000080 seconds
378.205: Application time: 0.0638560 seconds
378.205: [GC pause (young), 0.0015630 secs]
   [Parallel Time: 1.3 ms, GC Workers: 8]
      [GC Worker Start (ms): Min: 378205.2, Avg: 378205.4, Max: 378206.5, Diff: 1.3]
      [Ext Root Scanning (ms): Min: 0.0, Avg: 0.5, Max: 0.6, Diff: 0.6, Sum: 3.7]
      [Update RS (ms): Min: 0.0, Avg: 0.0, Max: 0.1, Diff: 0.1, Sum: 0.1]
         [Processed Buffers: Min: 0, Avg: 1.0, Max: 3, Diff: 3, Sum: 8]
      [Scan RS (ms): Min: 0.0, Avg: 0.0, Max: 0.0, Diff: 0.0, Sum: 0.0]
      [Code Root Scanning (ms): Min: 0.0, Avg: 0.0, Max: 0.0, Diff: 0.0, Sum: 0.0]
      [Object Copy (ms): Min: 0.0, Avg: 0.5, Max: 0.7, Diff: 0.7, Sum: 4.2]
      [Termination (ms): Min: 0.0, Avg: 0.1, Max: 0.1, Diff: 0.1, Sum: 0.6]
      [GC Worker Other (ms): Min: 0.0, Avg: 0.0, Max: 0.0, Diff: 0.0, Sum: 0.0]
      [GC Worker Total (ms): Min: 0.0, Avg: 1.1, Max: 1.3, Diff: 1.3, Sum: 8.8]
      [GC Worker End (ms): Min: 378206.5, Avg: 378206.5, Max: 378206.5, Diff: 0.0]
   [Code Root Fixup: 0.0 ms]
   [Code Root Migration: 0.0 ms]
   [Clear CT: 0.1 ms]
   [Other: 0.2 ms]
      [Choose CSet: 0.0 ms]
      [Ref Proc: 0.2 ms]
      [Ref Enq: 0.0 ms]
      [Free CSet: 0.0 ms]
   [Eden: 2048.0K(2048.0K)->0.0B(1024.0K) Survivors: 1024.0K->1024.0K Heap: 4310.4K(7168.0K)->3372.0K(7168.0K)]
 [Times: user=0.01 sys=0.00, real=0.00 secs] 
378.207: Total time for which application threads were stopped: 0.0016840 seconds, Stopping threads took: 0.0000120 seconds
378.227: Application time: 0.0199400 seconds
378.227: [GC pause (young), 0.0101270 secs]
   [Parallel Time: 1.8 ms, GC Workers: 8]
      [GC Worker Start (ms): Min: 378226.8, Avg: 378227.3, Max: 378228.5, Diff: 1.7]
      [Ext Root Scanning (ms): Min: 0.0, Avg: 0.4, Max: 0.7, Diff: 0.7, Sum: 3.6]
      [Update RS (ms): Min: 0.0, Avg: 0.1, Max: 0.3, Diff: 0.3, Sum: 1.1]
         [Processed Buffers: Min: 0, Avg: 1.5, Max: 5, Diff: 5, Sum: 12]
      [Scan RS (ms): Min: 0.0, Avg: 0.0, Max: 0.0, Diff: 0.0, Sum: 0.0]
      [Code Root Scanning (ms): Min: 0.0, Avg: 0.0, Max: 0.0, Diff: 0.0, Sum: 0.0]
      [Object Copy (ms): Min: 0.0, Avg: 0.6, Max: 0.8, Diff: 0.8, Sum: 4.5]
      [Termination (ms): Min: 0.0, Avg: 0.1, Max: 0.2, Diff: 0.2, Sum: 1.0]
      [GC Worker Other (ms): Min: 0.0, Avg: 0.0, Max: 0.0, Diff: 0.0, Sum: 0.0]
      [GC Worker Total (ms): Min: 0.0, Avg: 1.3, Max: 1.7, Diff: 1.7, Sum: 10.3]
      [GC Worker End (ms): Min: 378228.5, Avg: 378228.6, Max: 378228.6, Diff: 0.0]
   [Code Root Fixup: 0.0 ms]
   [Code Root Migration: 0.0 ms]
   [Clear CT: 0.1 ms]
   [Other: 8.3 ms]
      [Choose CSet: 0.0 ms]
      [Ref Proc: 8.2 ms]
      [Ref Enq: 0.0 ms]
      [Free CSet: 0.0 ms]
   [Eden: 1024.0K(1024.0K)->0.0B(1024.0K) Survivors: 1024.0K->1024.0K Heap: 4396.0K(7168.0K)->4809.5K(8192.0K)]
 [Times: user=0.08 sys=0.00, real=0.01 secs] 
378.237: Total time for which application threads were stopped: 0.0102430 seconds, Stopping threads took: 0.0000130 seconds
378.250: Application time: 0.0125500 seconds
378.250: [GC pause (young) (initial-mark), 0.0029710 secs]
   [Parallel Time: 2.7 ms, GC Workers: 8]
      [GC Worker Start (ms): Min: 378249.6, Avg: 378250.0, Max: 378252.1, Diff: 2.5]
      [Ext Root Scanning (ms): Min: 0.0, Avg: 0.4, Max: 0.6, Diff: 0.6, Sum: 3.4]
      [Code Root Marking (ms): Min: 0.0, Avg: 0.0, Max: 0.0, Diff: 0.0, Sum: 0.0]
      [Update RS (ms): Min: 0.0, Avg: 0.2, Max: 0.6, Diff: 0.6, Sum: 1.6]
         [Processed Buffers: Min: 0, Avg: 1.5, Max: 3, Diff: 3, Sum: 12]
      [Scan RS (ms): Min: 0.0, Avg: 0.0, Max: 0.0, Diff: 0.0, Sum: 0.0]
      [Code Root Scanning (ms): Min: 0.0, Avg: 0.0, Max: 0.0, Diff: 0.0, Sum: 0.0]
      [Object Copy (ms): Min: 0.0, Avg: 0.4, Max: 0.5, Diff: 0.5, Sum: 3.1]
      [Termination (ms): Min: 0.0, Avg: 1.2, Max: 1.4, Diff: 1.4, Sum: 9.3]
      [GC Worker Other (ms): Min: 0.0, Avg: 0.0, Max: 0.0, Diff: 0.0, Sum: 0.1]
      [GC Worker Total (ms): Min: 0.0, Avg: 2.2, Max: 2.5, Diff: 2.5, Sum: 17.5]
      [GC Worker End (ms): Min: 378252.1, Avg: 378252.1, Max: 378252.2, Diff: 0.0]
   [Code Root Fixup: 0.0 ms]
   [Code Root Migration: 0.0 ms]
   [Clear CT: 0.1 ms]
   [Other: 0.2 ms]
      [Choose CSet: 0.0 ms]
      [Ref Proc: 0.2 ms]
      [Ref Enq: 0.0 ms]
      [Free CSet: 0.0 ms]
   [Eden: 1024.0K(1024.0K)->0.0B(1024.0K) Survivors: 1024.0K->1024.0K Heap: 5833.5K(8192.0K)->5389.3K(8192.0K)]
 [Times: user=0.02 sys=0.00, real=0.00 secs] 
378.253: [GC concurrent-root-region-scan-start]
378.253: Total time for which application threads were stopped: 0.0030880 seconds, Stopping threads took: 0.0000150 seconds
378.253: [GC concurrent-root-region-scan-end, 0.0001020 secs]
378.253: [GC concurrent-mark-start]
378.257: [GC concurrent-mark-end, 0.0039150 secs]
378.257: Application time: 0.0040420 seconds
378.257: [GC remark 378.257: [GC ref-proc, 0.0001110 secs], 0.0006900 secs]
 [Times: user=0.00 sys=0.01, real=0.00 secs] 
378.257: Total time for which application threads were stopped: 0.0007500 seconds, Stopping threads took: 0.0000300 seconds
378.257: Application time: 0.0000290 seconds
378.257: [GC cleanup 5743K->5743K(8192K), 0.0001740 secs]
 [Times: user=0.00 sys=0.00, real=0.00 secs] 
378.258: Total time for which application threads were stopped: 0.0002150 seconds, Stopping threads took: 0.0000240 seconds
378.258: Application time: 0.0000690 seconds
378.258: Total time for which application threads were stopped: 0.0000320 seconds, Stopping threads took: 0.0000180 seconds
378.264: Application time: 0.0064630 seconds
378.264: [GC pause (young), 0.0052190 secs]
   [Parallel Time: 1.1 ms, GC Workers: 8]
      [GC Worker Start (ms): Min: 378264.3, Avg: 378264.6, Max: 378265.4, Diff: 1.1]
      [Ext Root Scanning (ms): Min: 0.0, Avg: 0.4, Max: 0.6, Diff: 0.6, Sum: 3.5]
      [Update RS (ms): Min: 0.0, Avg: 0.2, Max: 0.3, Diff: 0.3, Sum: 1.3]
         [Processed Buffers: Min: 0, Avg: 1.5, Max: 4, Diff: 4, Sum: 12]
      [Scan RS (ms): Min: 0.0, Avg: 0.0, Max: 0.0, Diff: 0.0, Sum: 0.0]
      [Code Root Scanning (ms): Min: 0.0, Avg: 0.0, Max: 0.0, Diff: 0.0, Sum: 0.0]
      [Object Copy (ms): Min: 0.0, Avg: 0.1, Max: 0.2, Diff: 0.2, Sum: 0.7]
      [Termination (ms): Min: 0.0, Avg: 0.1, Max: 0.2, Diff: 0.2, Sum: 1.0]
      [GC Worker Other (ms): Min: 0.0, Avg: 0.0, Max: 0.0, Diff: 0.0, Sum: 0.0]
      [GC Worker Total (ms): Min: 0.0, Avg: 0.8, Max: 1.1, Diff: 1.1, Sum: 6.5]
      [GC Worker End (ms): Min: 378265.4, Avg: 378265.4, Max: 378265.4, Diff: 0.0]
   [Code Root Fixup: 0.0 ms]
   [Code Root Migration: 0.0 ms]
   [Clear CT: 0.0 ms]
   [Other: 4.0 ms]
      [Choose CSet: 0.0 ms]
      [Ref Proc: 4.0 ms]
      [Ref Enq: 0.0 ms]
      [Free CSet: 0.0 ms]
   [Eden: 1024.0K(1024.0K)->0.0B(1024.0K) Survivors: 1024.0K->1024.0K Heap: 6413.3K(8192.0K)->5093.2K(8192.0K)]
 [Times: user=0.05 sys=0.00, real=0.01 secs] 
378.270: Total time for which application threads were stopped: 0.0053210 seconds, Stopping threads took: 0.0000120 seconds
378.293: Application time: 0.0236550 seconds
378.293: [GC pause (mixed) (to-space exhausted), 0.0015570 secs]
   [Parallel Time: 1.0 ms, GC Workers: 8]
      [GC Worker Start (ms): Min: 378293.3, Avg: 378293.3, Max: 378293.4, Diff: 0.1]
      [Ext Root Scanning (ms): Min: 0.5, Avg: 0.5, Max: 0.6, Diff: 0.2, Sum: 4.1]
      [Update RS (ms): Min: 0.0, Avg: 0.0, Max: 0.1, Diff: 0.1, Sum: 0.2]
         [Processed Buffers: Min: 0, Avg: 1.1, Max: 3, Diff: 3, Sum: 9]
      [Scan RS (ms): Min: 0.0, Avg: 0.0, Max: 0.0, Diff: 0.0, Sum: 0.1]
      [Code Root Scanning (ms): Min: 0.0, Avg: 0.0, Max: 0.0, Diff: 0.0, Sum: 0.0]
      [Object Copy (ms): Min: 0.3, Avg: 0.3, Max: 0.4, Diff: 0.1, Sum: 2.7]
      [Termination (ms): Min: 0.0, Avg: 0.0, Max: 0.0, Diff: 0.0, Sum: 0.0]
      [GC Worker Other (ms): Min: 0.0, Avg: 0.0, Max: 0.0, Diff: 0.0, Sum: 0.1]
      [GC Worker Total (ms): Min: 0.9, Avg: 0.9, Max: 0.9, Diff: 0.1, Sum: 7.2]
      [GC Worker End (ms): Min: 378294.2, Avg: 378294.2, Max: 378294.2, Diff: 0.0]
   [Code Root Fixup: 0.0 ms]
   [Code Root Migration: 0.0 ms]
   [Clear CT: 0.1 ms]
   [Other: 0.5 ms]
      [Choose CSet: 0.0 ms]
      [Ref Proc: 0.2 ms]
      [Ref Enq: 0.0 ms]
      [Free CSet: 0.0 ms]
   [Eden: 1024.0K(1024.0K)->0.0B(1024.0K) Survivors: 1024.0K->1024.0K Heap: 6117.2K(8192.0K)->5679.5K(8192.0K)]
 [Times: user=0.01 sys=0.00, real=0.00 secs] 
378.295: Total time for which application threads were stopped: 0.0016650 seconds, Stopping threads took: 0.0000080 seconds
378.299: Application time: 0.0045970 seconds
378.300: [GC pause (young) (to-space exhausted), 0.0025830 secs]
   [Parallel Time: 1.9 ms, GC Workers: 8]
      [GC Worker Start (ms): Min: 378299.5, Avg: 378299.6, Max: 378299.6, Diff: 0.1]
      [Ext Root Scanning (ms): Min: 0.3, Avg: 0.4, Max: 0.4, Diff: 0.1, Sum: 3.1]
      [Update RS (ms): Min: 0.0, Avg: 0.0, Max: 0.1, Diff: 0.1, Sum: 0.2]
         [Processed Buffers: Min: 0, Avg: 2.1, Max: 7, Diff: 7, Sum: 17]
      [Scan RS (ms): Min: 0.0, Avg: 0.0, Max: 0.0, Diff: 0.0, Sum: 0.0]
      [Code Root Scanning (ms): Min: 0.0, Avg: 0.0, Max: 0.0, Diff: 0.0, Sum: 0.0]
      [Object Copy (ms): Min: 1.4, Avg: 1.4, Max: 1.4, Diff: 0.0, Sum: 11.5]
      [Termination (ms): Min: 0.0, Avg: 0.0, Max: 0.0, Diff: 0.0, Sum: 0.1]
      [GC Worker Other (ms): Min: 0.0, Avg: 0.0, Max: 0.0, Diff: 0.0, Sum: 0.0]
      [GC Worker Total (ms): Min: 1.8, Avg: 1.9, Max: 1.9, Diff: 0.1, Sum: 14.9]
      [GC Worker End (ms): Min: 378301.4, Avg: 378301.4, Max: 378301.4, Diff: 0.0]
   [Code Root Fixup: 0.0 ms]
   [Code Root Migration: 0.0 ms]
   [Clear CT: 0.0 ms]
   [Other: 0.6 ms]
      [Choose CSet: 0.0 ms]
      [Ref Proc: 0.1 ms]
      [Ref Enq: 0.0 ms]
      [Free CSet: 0.0 ms]
   [Eden: 1024.0K(1024.0K)->0.0B(1024.0K) Survivors: 1024.0K->1024.0K Heap: 6703.5K(8192.0K)->7727.5K(8192.0K)]
 [Times: user=0.01 sys=0.00, real=0.01 secs] 
378.302: Total time for which application threads were stopped: 0.0026560 seconds, Stopping threads took: 0.0000060 seconds
378.302: Application time: 0.0000160 seconds
378.302: [Full GC 7727K->4198K(8192K), 0.0107910 secs]
   [Eden: 0.0B(1024.0K)->0.0B(1024.0K) Survivors: 1024.0K->0.0B Heap: 7727.5K(8192.0K)->4198.2K(8192.0K)], [Perm: 7820K->7820K(20480K)]
 [Times: user=0.01 sys=0.00, real=0.01 secs] 
378.313: Total time for which application threads were stopped: 0.0108650 seconds, Stopping threads took: 0.0000050 seconds
378.328: Application time: 0.0150660 seconds
378.328: [GC pause (young), 0.0022440 secs]
   [Parallel Time: 1.3 ms, GC Workers: 8]
      [GC Worker Start (ms): Min: 378328.2, Avg: 378328.2, Max: 378328.3, Diff: 0.1]
      [Ext Root Scanning (ms): Min: 0.7, Avg: 0.8, Max: 0.9, Diff: 0.2, Sum: 6.4]
      [Update RS (ms): Min: 0.0, Avg: 0.0, Max: 0.1, Diff: 0.1, Sum: 0.1]
         [Processed Buffers: Min: 0, Avg: 0.4, Max: 2, Diff: 2, Sum: 3]
      [Scan RS (ms): Min: 0.0, Avg: 0.0, Max: 0.0, Diff: 0.0, Sum: 0.0]
      [Code Root Scanning (ms): Min: 0.0, Avg: 0.0, Max: 0.0, Diff: 0.0, Sum: 0.0]
      [Object Copy (ms): Min: 0.1, Avg: 0.1, Max: 0.2, Diff: 0.1, Sum: 1.1]
      [Termination (ms): Min: 0.0, Avg: 0.0, Max: 0.1, Diff: 0.1, Sum: 0.3]
      [GC Worker Other (ms): Min: 0.0, Avg: 0.0, Max: 0.0, Diff: 0.0, Sum: 0.1]
      [GC Worker Total (ms): Min: 1.0, Avg: 1.0, Max: 1.1, Diff: 0.1, Sum: 8.0]
      [GC Worker End (ms): Min: 378329.2, Avg: 378329.2, Max: 378329.3, Diff: 0.0]
   [Code Root Fixup: 0.0 ms]
   [Code Root Migration: 0.0 ms]
   [Clear CT: 0.6 ms]
   [Other: 0.4 ms]
      [Choose CSet: 0.0 ms]
      [Ref Proc: 0.4 ms]
      [Ref Enq: 0.0 ms]
      [Free CSet: 0.0 ms]
   [Eden: 1024.0K(1024.0K)->0.0B(1024.0K) Survivors: 0.0B->1024.0K Heap: 5222.2K(8192.0K)->4962.0K(8192.0K)]
 [Times: user=0.01 sys=0.00, real=0.01 secs] 
378.330: Total time for which application threads were stopped: 0.0023440 seconds, Stopping threads took: 0.0000200 seconds
378.348: Application time: 0.0180250 seconds
378.349: [GC pause (young) (initial-mark), 0.0025430 secs]
   [Parallel Time: 1.6 ms, GC Workers: 8]
      [GC Worker Start (ms): Min: 378348.5, Avg: 378348.8, Max: 378350.1, Diff: 1.6]
      [Ext Root Scanning (ms): Min: 0.0, Avg: 0.5, Max: 0.6, Diff: 0.6, Sum: 3.6]
      [Code Root Marking (ms): Min: 0.0, Avg: 0.0, Max: 0.0, Diff: 0.0, Sum: 0.1]
      [Update RS (ms): Min: 0.0, Avg: 0.0, Max: 0.1, Diff: 0.1, Sum: 0.2]
         [Processed Buffers: Min: 0, Avg: 1.6, Max: 8, Diff: 8, Sum: 13]
      [Scan RS (ms): Min: 0.0, Avg: 0.0, Max: 0.0, Diff: 0.0, Sum: 0.0]
      [Code Root Scanning (ms): Min: 0.0, Avg: 0.0, Max: 0.0, Diff: 0.0, Sum: 0.0]
      [Object Copy (ms): Min: 0.0, Avg: 0.3, Max: 0.4, Diff: 0.4, Sum: 2.7]
      [Termination (ms): Min: 0.0, Avg: 0.6, Max: 0.6, Diff: 0.6, Sum: 4.4]
      [GC Worker Other (ms): Min: 0.0, Avg: 0.0, Max: 0.0, Diff: 0.0, Sum: 0.0]
      [GC Worker Total (ms): Min: 0.0, Avg: 1.4, Max: 1.6, Diff: 1.6, Sum: 11.0]
      [GC Worker End (ms): Min: 378350.1, Avg: 378350.1, Max: 378350.1, Diff: 0.0]
   [Code Root Fixup: 0.0 ms]
   [Code Root Migration: 0.0 ms]
   [Clear CT: 0.5 ms]
   [Other: 0.4 ms]
      [Choose CSet: 0.0 ms]
      [Ref Proc: 0.4 ms]
      [Ref Enq: 0.0 ms]
      [Free CSet: 0.0 ms]
   [Eden: 1024.0K(1024.0K)->0.0B(1024.0K) Survivors: 1024.0K->1024.0K Heap: 5986.0K(8192.0K)->4891.6K(8192.0K)]
 [Times: user=0.01 sys=0.00, real=0.01 secs] 
378.351: Total time for which application threads were stopped: 0.0026460 seconds, Stopping threads took: 0.0000120 seconds
378.351: [GC concurrent-root-region-scan-start]
378.351: [GC concurrent-root-region-scan-end, 0.0003010 secs]
378.351: [GC concurrent-mark-start]
378.354: [GC concurrent-mark-end, 0.0022460 secs]
378.354: Application time: 0.0025840 seconds
378.354: [GC remark 378.354: [GC ref-proc, 0.0001140 secs], 0.0007950 secs]
 [Times: user=0.00 sys=0.00, real=0.00 secs] 
378.355: Total time for which application threads were stopped: 0.0009080 seconds, Stopping threads took: 0.0000880 seconds
378.355: Application time: 0.0000290 seconds
378.355: [GC cleanup 4914K->4914K(8192K), 0.0002450 secs]
 [Times: user=0.00 sys=0.00, real=0.00 secs] 
378.355: Total time for which application threads were stopped: 0.0002620 seconds, Stopping threads took: 0.0000040 seconds
378.377: Application time: 0.0217290 seconds
378.377: [GC pause (young), 0.0012540 secs]
   [Parallel Time: 1.0 ms, GC Workers: 8]
      [GC Worker Start (ms): Min: 378376.7, Avg: 378376.7, Max: 378376.7, Diff: 0.1]
      [Ext Root Scanning (ms): Min: 0.5, Avg: 0.6, Max: 0.6, Diff: 0.1, Sum: 4.6]
      [Update RS (ms): Min: 0.0, Avg: 0.0, Max: 0.1, Diff: 0.1, Sum: 0.4]
         [Processed Buffers: Min: 0, Avg: 1.0, Max: 2, Diff: 2, Sum: 8]
      [Scan RS (ms): Min: 0.0, Avg: 0.0, Max: 0.0, Diff: 0.0, Sum: 0.0]
      [Code Root Scanning (ms): Min: 0.0, Avg: 0.0, Max: 0.0, Diff: 0.0, Sum: 0.0]
      [Object Copy (ms): Min: 0.2, Avg: 0.3, Max: 0.4, Diff: 0.1, Sum: 2.2]
      [Termination (ms): Min: 0.0, Avg: 0.0, Max: 0.0, Diff: 0.0, Sum: 0.0]
      [GC Worker Other (ms): Min: 0.0, Avg: 0.0, Max: 0.0, Diff: 0.0, Sum: 0.1]
      [GC Worker Total (ms): Min: 0.9, Avg: 0.9, Max: 1.0, Diff: 0.1, Sum: 7.3]
      [GC Worker End (ms): Min: 378377.6, Avg: 378377.6, Max: 378377.6, Diff: 0.0]
   [Code Root Fixup: 0.0 ms]
   [Code Root Migration: 0.0 ms]
   [Clear CT: 0.1 ms]
   [Other: 0.2 ms]
      [Choose CSet: 0.0 ms]
      [Ref Proc: 0.1 ms]
      [Ref Enq: 0.0 ms]
      [Free CSet: 0.0 ms]
   [Eden: 1024.0K(1024.0K)->0.0B(1024.0K) Survivors: 1024.0K->1024.0K Heap: 5915.6K(8192.0K)->5187.6K(8192.0K)]
 [Times: user=0.01 sys=0.00, real=0.00 secs] 
378.378: Total time for which application threads were stopped: 0.0013390 seconds, Stopping threads took: 0.0000060 seconds
378.395: Application time: 0.0168020 seconds
378.395: [GC pause (mixed) (to-space exhausted), 0.0026270 secs]
   [Parallel Time: 2.2 ms, GC Workers: 8]
      [GC Worker Start (ms): Min: 378394.8, Avg: 378394.9, Max: 378394.9, Diff: 0.1]
      [Ext Root Scanning (ms): Min: 0.5, Avg: 0.6, Max: 0.7, Diff: 0.2, Sum: 4.6]
      [Update RS (ms): Min: 0.0, Avg: 0.0, Max: 0.2, Diff: 0.2, Sum: 0.3]
         [Processed Buffers: Min: 0, Avg: 1.4, Max: 4, Diff: 4, Sum: 11]
      [Scan RS (ms): Min: 0.0, Avg: 0.0, Max: 0.0, Diff: 0.0, Sum: 0.0]
      [Code Root Scanning (ms): Min: 0.0, Avg: 0.0, Max: 0.0, Diff: 0.0, Sum: 0.0]
      [Object Copy (ms): Min: 1.4, Avg: 1.5, Max: 1.5, Diff: 0.1, Sum: 11.7]
      [Termination (ms): Min: 0.0, Avg: 0.0, Max: 0.0, Diff: 0.0, Sum: 0.1]
      [GC Worker Other (ms): Min: 0.0, Avg: 0.0, Max: 0.0, Diff: 0.0, Sum: 0.0]
      [GC Worker Total (ms): Min: 2.1, Avg: 2.1, Max: 2.1, Diff: 0.1, Sum: 16.8]
      [GC Worker End (ms): Min: 378397.0, Avg: 378397.0, Max: 378397.0, Diff: 0.0]
   [Code Root Fixup: 0.0 ms]
   [Code Root Migration: 0.0 ms]
   [Clear CT: 0.0 ms]
   [Other: 0.4 ms]
      [Choose CSet: 0.0 ms]
      [Ref Proc: 0.1 ms]
      [Ref Enq: 0.0 ms]
      [Free CSet: 0.0 ms]
   [Eden: 1024.0K(1024.0K)->0.0B(1024.0K) Survivors: 1024.0K->1024.0K Heap: 6211.6K(8192.0K)->7235.6K(8192.0K)]
 [Times: user=0.02 sys=0.00, real=0.00 secs] 
378.397: Total time for which application threads were stopped: 0.0027150 seconds, Stopping threads took: 0.0000070 seconds
378.398: Application time: 0.0000170 seconds
378.398: [Full GC 7235K->4903K(8192K), 0.0132710 secs]
   [Eden: 0.0B(1024.0K)->0.0B(1024.0K) Survivors: 1024.0K->0.0B Heap: 7235.6K(8192.0K)->4903.2K(8192.0K)], [Perm: 10602K->10602K(20480K)]
 [Times: user=0.01 sys=0.00, real=0.02 secs] 
378.411: Total time for which application threads were stopped: 0.0133390 seconds, Stopping threads took: 0.0000040 seconds
378.433: Application time: 0.0218580 seconds
378.433: [GC pause (young), 0.0023900 secs]
   [Parallel Time: 1.7 ms, GC Workers: 8]
      [GC Worker Start (ms): Min: 378432.8, Avg: 378432.8, Max: 378432.9, Diff: 0.1]
      [Ext Root Scanning (ms): Min: 1.1, Avg: 1.1, Max: 1.3, Diff: 0.2, Sum: 9.1]
      [Update RS (ms): Min: 0.0, Avg: 0.0, Max: 0.1, Diff: 0.1, Sum: 0.2]
         [Processed Buffers: Min: 0, Avg: 0.5, Max: 2, Diff: 2, Sum: 4]
      [Scan RS (ms): Min: 0.0, Avg: 0.0, Max: 0.0, Diff: 0.0, Sum: 0.0]
      [Code Root Scanning (ms): Min: 0.0, Avg: 0.0, Max: 0.0, Diff: 0.0, Sum: 0.0]
      [Object Copy (ms): Min: 0.2, Avg: 0.2, Max: 0.3, Diff: 0.1, Sum: 2.0]
      [Termination (ms): Min: 0.0, Avg: 0.0, Max: 0.0, Diff: 0.0, Sum: 0.3]
      [GC Worker Other (ms): Min: 0.0, Avg: 0.0, Max: 0.0, Diff: 0.0, Sum: 0.1]
      [GC Worker Total (ms): Min: 1.4, Avg: 1.5, Max: 1.5, Diff: 0.1, Sum: 11.6]
      [GC Worker End (ms): Min: 378434.3, Avg: 378434.3, Max: 378434.3, Diff: 0.0]
   [Code Root Fixup: 0.0 ms]
   [Code Root Migration: 0.0 ms]
   [Clear CT: 0.4 ms]
   [Other: 0.3 ms]
      [Choose CSet: 0.0 ms]
      [Ref Proc: 0.3 ms]
      [Ref Enq: 0.0 ms]
      [Free CSet: 0.0 ms]
   [Eden: 1024.0K(1024.0K)->0.0B(1024.0K) Survivors: 0.0B->1024.0K Heap: 5927.2K(8192.0K)->5524.2K(8192.0K)]
 [Times: user=0.01 sys=0.00, real=0.00 secs] 
378.435: Total time for which application threads were stopped: 0.0024960 seconds, Stopping threads took: 0.0000130 seconds
378.435: Application time: 0.0000870 seconds
378.435: Total time for which application threads were stopped: 0.0000430 seconds, Stopping threads took: 0.0000190 seconds
378.457: Application time: 0.0220510 seconds
378.457: [GC pause (young) (initial-mark), 0.0016340 secs]
   [Parallel Time: 1.3 ms, GC Workers: 8]
      [GC Worker Start (ms): Min: 378457.5, Avg: 378457.5, Max: 378457.6, Diff: 0.1]
      [Ext Root Scanning (ms): Min: 0.6, Avg: 0.6, Max: 0.7, Diff: 0.1, Sum: 5.1]
      [Code Root Marking (ms): Min: 0.0, Avg: 0.0, Max: 0.0, Diff: 0.0, Sum: 0.1]
      [Update RS (ms): Min: 0.0, Avg: 0.0, Max: 0.1, Diff: 0.1, Sum: 0.2]
         [Processed Buffers: Min: 0, Avg: 1.5, Max: 4, Diff: 4, Sum: 12]
      [Scan RS (ms): Min: 0.0, Avg: 0.0, Max: 0.0, Diff: 0.0, Sum: 0.0]
      [Code Root Scanning (ms): Min: 0.0, Avg: 0.0, Max: 0.0, Diff: 0.0, Sum: 0.0]
      [Object Copy (ms): Min: 0.3, Avg: 0.4, Max: 0.5, Diff: 0.2, Sum: 3.4]
      [Termination (ms): Min: 0.0, Avg: 0.0, Max: 0.0, Diff: 0.0, Sum: 0.0]
      [GC Worker Other (ms): Min: 0.0, Avg: 0.0, Max: 0.0, Diff: 0.0, Sum: 0.1]
      [GC Worker Total (ms): Min: 1.1, Avg: 1.1, Max: 1.2, Diff: 0.1, Sum: 8.9]
      [GC Worker End (ms): Min: 378458.6, Avg: 378458.6, Max: 378458.6, Diff: 0.0]
   [Code Root Fixup: 0.0 ms]
   [Code Root Migration: 0.0 ms]
   [Clear CT: 0.1 ms]
   [Other: 0.2 ms]
      [Choose CSet: 0.0 ms]
      [Ref Proc: 0.2 ms]
      [Ref Enq: 0.0 ms]
      [Free CSet: 0.0 ms]
   [Eden: 1024.0K(1024.0K)->0.0B(1024.0K) Survivors: 1024.0K->0.0B Heap: 6548.2K(8192.0K)->5468.7K(8192.0K)]
 [Times: user=0.01 sys=0.00, real=0.00 secs] 
378.459: Total time for which application threads were stopped: 0.0017340 seconds, Stopping threads took: 0.0000080 seconds
378.459: [GC concurrent-root-region-scan-start]
378.459: [GC concurrent-root-region-scan-end, 0.0000040 secs]
378.459: [GC concurrent-mark-start]
378.459: Application time: 0.0001160 seconds
378.459: Total time for which application threads were stopped: 0.0000280 seconds, Stopping threads took: 0.0000130 seconds
378.463: [GC concurrent-mark-end, 0.0036750 secs]
378.463: Application time: 0.0035720 seconds
378.463: [GC remark 378.463: [GC ref-proc, 0.0001150 secs], 0.0007290 secs]
 [Times: user=0.00 sys=0.00, real=0.00 secs] 
378.464: Total time for which application threads were stopped: 0.0007550 seconds, Stopping threads took: 0.0000050 seconds
378.464: Application time: 0.0000310 seconds
378.464: [GC cleanup 5578K->5578K(8192K), 0.0001680 secs]
 [Times: user=0.00 sys=0.00, real=0.00 secs] 
378.464: Total time for which application threads were stopped: 0.0001980 seconds, Stopping threads took: 0.0000130 seconds
378.475: Application time: 0.0114470 seconds
378.475: [GC pause (young), 0.0014510 secs]
   [Parallel Time: 1.2 ms, GC Workers: 8]
      [GC Worker Start (ms): Min: 378475.3, Avg: 378475.6, Max: 378476.5, Diff: 1.2]
      [Ext Root Scanning (ms): Min: 0.0, Avg: 0.7, Max: 1.0, Diff: 1.0, Sum: 5.6]
      [Update RS (ms): Min: 0.0, Avg: 0.1, Max: 0.3, Diff: 0.3, Sum: 1.0]
         [Processed Buffers: Min: 0, Avg: 1.8, Max: 4, Diff: 4, Sum: 14]
      [Scan RS (ms): Min: 0.0, Avg: 0.0, Max: 0.0, Diff: 0.0, Sum: 0.0]
      [Code Root Scanning (ms): Min: 0.0, Avg: 0.0, Max: 0.0, Diff: 0.0, Sum: 0.0]
      [Object Copy (ms): Min: 0.0, Avg: 0.1, Max: 0.1, Diff: 0.1, Sum: 0.7]
      [Termination (ms): Min: 0.0, Avg: 0.1, Max: 0.1, Diff: 0.1, Sum: 0.5]
      [GC Worker Other (ms): Min: 0.0, Avg: 0.0, Max: 0.0, Diff: 0.0, Sum: 0.0]
      [GC Worker Total (ms): Min: 0.0, Avg: 1.0, Max: 1.2, Diff: 1.2, Sum: 7.8]
      [GC Worker End (ms): Min: 378476.5, Avg: 378476.5, Max: 378476.5, Diff: 0.0]
   [Code Root Fixup: 0.0 ms]
   [Code Root Migration: 0.0 ms]
   [Clear CT: 0.0 ms]
   [Other: 0.2 ms]
      [Choose CSet: 0.0 ms]
      [Ref Proc: 0.1 ms]
      [Ref Enq: 0.0 ms]
      [Free CSet: 0.0 ms]
   [Eden: 1024.0K(1024.0K)->0.0B(1024.0K) Survivors: 0.0B->1024.0K Heap: 6431.3K(8192.0K)->5595.4K(8192.0K)]
 [Times: user=0.01 sys=0.00, real=0.00 secs] 
378.477: Total time for which application threads were stopped: 0.0015470 seconds, Stopping threads took: 0.0000120 seconds
378.477: Application time: 0.0000180 seconds
378.477: [Full GC 5595K->4497K(8192K), 0.0181870 secs]
   [Eden: 0.0B(1024.0K)->0.0B(1024.0K) Survivors: 1024.0K->0.0B Heap: 5595.4K(8192.0K)->4497.0K(8192.0K)], [Perm: 12356K->12349K(20480K)]
 [Times: user=0.05 sys=0.00, real=0.02 secs] 
378.495: Total time for which application threads were stopped: 0.0182720 seconds, Stopping threads took: 0.0000100 seconds
378.495: Application time: 0.0002470 seconds
378.496: [GC pause (young) (initial-mark), 0.0027370 secs]
   [Parallel Time: 1.8 ms, GC Workers: 8]
      [GC Worker Start (ms): Min: 378495.7, Avg: 378495.8, Max: 378495.8, Diff: 0.1]
      [Ext Root Scanning (ms): Min: 1.3, Avg: 1.3, Max: 1.4, Diff: 0.1, Sum: 10.4]
      [Code Root Marking (ms): Min: 0.0, Avg: 0.0, Max: 0.0, Diff: 0.0, Sum: 0.1]
      [Update RS (ms): Min: 0.0, Avg: 0.0, Max: 0.0, Diff: 0.0, Sum: 0.0]
         [Processed Buffers: Min: 0, Avg: 0.2, Max: 1, Diff: 1, Sum: 2]
      [Scan RS (ms): Min: 0.0, Avg: 0.0, Max: 0.0, Diff: 0.0, Sum: 0.0]
      [Code Root Scanning (ms): Min: 0.0, Avg: 0.0, Max: 0.0, Diff: 0.0, Sum: 0.0]
      [Object Copy (ms): Min: 0.2, Avg: 0.3, Max: 0.4, Diff: 0.2, Sum: 2.2]
      [Termination (ms): Min: 0.0, Avg: 0.0, Max: 0.1, Diff: 0.1, Sum: 0.3]
      [GC Worker Other (ms): Min: 0.0, Avg: 0.0, Max: 0.0, Diff: 0.0, Sum: 0.0]
      [GC Worker Total (ms): Min: 1.6, Avg: 1.6, Max: 1.7, Diff: 0.1, Sum: 13.1]
      [GC Worker End (ms): Min: 378497.4, Avg: 378497.4, Max: 378497.4, Diff: 0.0]
   [Code Root Fixup: 0.0 ms]
   [Code Root Migration: 0.0 ms]
   [Clear CT: 0.5 ms]
   [Other: 0.4 ms]
      [Choose CSet: 0.0 ms]
      [Ref Proc: 0.4 ms]
      [Ref Enq: 0.0 ms]
      [Free CSet: 0.0 ms]
   [Eden: 0.0B(1024.0K)->0.0B(1024.0K) Survivors: 0.0B->0.0B Heap: 6606.4K(8192.0K)->6606.4K(8192.0K)]
 [Times: user=0.01 sys=0.00, real=0.00 secs] 
378.499: Total time for which application threads were stopped: 0.0031400 seconds, Stopping threads took: 0.0003060 seconds
378.499: [GC concurrent-root-region-scan-start]
378.499: [GC concurrent-root-region-scan-end, 0.0000040 secs]
378.499: [GC concurrent-mark-start]
378.499: Application time: 0.0000440 seconds
378.499: [GC pause (young), 0.0013770 secs]
   [Parallel Time: 0.9 ms, GC Workers: 8]
      [GC Worker Start (ms): Min: 378498.6, Avg: 378498.8, Max: 378499.5, Diff: 0.9]
      [Ext Root Scanning (ms): Min: 0.0, Avg: 0.5, Max: 0.7, Diff: 0.7, Sum: 3.9]
      [Update RS (ms): Min: 0.0, Avg: 0.0, Max: 0.0, Diff: 0.0, Sum: 0.0]
         [Processed Buffers: Min: 0, Avg: 0.2, Max: 2, Diff: 2, Sum: 2]
      [Scan RS (ms): Min: 0.0, Avg: 0.0, Max: 0.0, Diff: 0.0, Sum: 0.0]
      [Code Root Scanning (ms): Min: 0.0, Avg: 0.0, Max: 0.0, Diff: 0.0, Sum: 0.0]
      [Object Copy (ms): Min: 0.0, Avg: 0.0, Max: 0.1, Diff: 0.1, Sum: 0.3]
      [Termination (ms): Min: 0.0, Avg: 0.1, Max: 0.3, Diff: 0.3, Sum: 1.0]
      [GC Worker Other (ms): Min: -0.0, Avg: 0.0, Max: 0.0, Diff: 0.0, Sum: 0.0]
      [GC Worker Total (ms): Min: 0.0, Avg: 0.7, Max: 0.9, Diff: 0.9, Sum: 5.3]
      [GC Worker End (ms): Min: 378499.5, Avg: 378499.5, Max: 378499.5, Diff: 0.0]
   [Code Root Fixup: 0.0 ms]
   [Code Root Migration: 0.0 ms]
   [Clear CT: 0.2 ms]
   [Other: 0.2 ms]
      [Choose CSet: 0.0 ms]
      [Ref Proc: 0.2 ms]
      [Ref Enq: 0.0 ms]
      [Free CSet: 0.0 ms]
   [Eden: 0.0B(1024.0K)->0.0B(1024.0K) Survivors: 0.0B->0.0B Heap: 6606.4K(8192.0K)->6606.4K(8192.0K)]
 [Times: user=0.01 sys=0.00, real=0.00 secs] 
378.500: Total time for which application threads were stopped: 0.0014540 seconds, Stopping threads took: 0.0000130 seconds
378.500: Application time: 0.0000280 seconds
378.500: [Full GC 6606K->6590K(8192K), 0.0143680 secs]
   [Eden: 0.0B(1024.0K)->0.0B(1024.0K) Survivors: 0.0B->0.0B Heap: 6606.4K(8192.0K)->6590.6K(8192.0K)], [Perm: 12349K->12349K(20480K)]
 [Times: user=0.02 sys=0.00, real=0.02 secs] 
378.514: [Full GC 6590K->6590K(8192K), 0.0134700 secs]
   [Eden: 0.0B(1024.0K)->0.0B(1024.0K) Survivors: 0.0B->0.0B Heap: 6590.6K(8192.0K)->6590.6K(8192.0K)], [Perm: 12349K->12349K(20480K)]
 [Times: user=0.02 sys=0.00, real=0.01 secs] 
378.528: Total time for which application threads were stopped: 0.0279750 seconds, Stopping threads took: 0.0000180 seconds
378.528: Application time: 0.0000550 seconds
378.528: [GC pause (young), 0.0016830 secs]
   [Parallel Time: 1.4 ms, GC Workers: 8]
      [GC Worker Start (ms): Min: 378528.1, Avg: 378528.2, Max: 378528.2, Diff: 0.1]
      [Ext Root Scanning (ms): Min: 1.1, Avg: 1.1, Max: 1.2, Diff: 0.2, Sum: 9.2]
      [SATB Filtering (ms): Min: 0.0, Avg: 0.0, Max: 0.0, Diff: 0.0, Sum: 0.0]
      [Update RS (ms): Min: 0.0, Avg: 0.0, Max: 0.0, Diff: 0.0, Sum: 0.0]
         [Processed Buffers: Min: 0, Avg: 0.1, Max: 1, Diff: 1, Sum: 1]
      [Scan RS (ms): Min: 0.0, Avg: 0.0, Max: 0.0, Diff: 0.0, Sum: 0.0]
      [Code Root Scanning (ms): Min: 0.0, Avg: 0.0, Max: 0.0, Diff: 0.0, Sum: 0.0]
      [Object Copy (ms): Min: 0.1, Avg: 0.1, Max: 0.1, Diff: 0.1, Sum: 0.7]
      [Termination (ms): Min: 0.0, Avg: 0.0, Max: 0.1, Diff: 0.1, Sum: 0.3]
      [GC Worker Other (ms): Min: 0.0, Avg: 0.0, Max: 0.0, Diff: 0.0, Sum: 0.0]
      [GC Worker Total (ms): Min: 1.3, Avg: 1.3, Max: 1.3, Diff: 0.1, Sum: 10.3]
      [GC Worker End (ms): Min: 378529.5, Avg: 378529.5, Max: 378529.5, Diff: 0.0]
   [Code Root Fixup: 0.0 ms]
   [Code Root Migration: 0.0 ms]
   [Clear CT: 0.1 ms]
   [Other: 0.1 ms]
      [Choose CSet: 0.0 ms]
      [Ref Proc: 0.1 ms]
      [Ref Enq: 0.0 ms]
      [Free CSet: 0.0 ms]
   [Eden: 0.0B(1024.0K)->0.0B(1024.0K) Survivors: 0.0B->0.0B Heap: 6590.6K(8192.0K)->6590.6K(8192.0K)]
 [Times: user=0.01 sys=0.00, real=0.01 secs] 
378.530: Total time for which application threads were stopped: 0.0018030 seconds, Stopping threads took: 0.0000230 seconds
378.530: [GC concurrent-mark-abort]
378.530: Application time: 0.0000520 seconds
378.530: [GC pause (young), 0.0009450 secs]
   [Parallel Time: 0.8 ms, GC Workers: 8]
      [GC Worker Start (ms): Min: 378530.0, Avg: 378530.0, Max: 378530.0, Diff: 0.0]
      [Ext Root Scanning (ms): Min: 0.6, Avg: 0.6, Max: 0.7, Diff: 0.1, Sum: 5.0]
      [Update RS (ms): Min: 0.0, Avg: 0.0, Max: 0.0, Diff: 0.0, Sum: 0.0]
         [Processed Buffers: Min: 0, Avg: 0.1, Max: 1, Diff: 1, Sum: 1]
      [Scan RS (ms): Min: 0.0, Avg: 0.0, Max: 0.0, Diff: 0.0, Sum: 0.0]
      [Code Root Scanning (ms): Min: 0.0, Avg: 0.0, Max: 0.0, Diff: 0.0, Sum: 0.0]
      [Object Copy (ms): Min: 0.0, Avg: 0.1, Max: 0.1, Diff: 0.0, Sum: 0.4]
      [Termination (ms): Min: 0.0, Avg: 0.1, Max: 0.2, Diff: 0.2, Sum: 0.5]
      [GC Worker Other (ms): Min: 0.0, Avg: 0.0, Max: 0.0, Diff: 0.0, Sum: 0.0]
      [GC Worker Total (ms): Min: 0.7, Avg: 0.7, Max: 0.8, Diff: 0.0, Sum: 6.0]
      [GC Worker End (ms): Min: 378530.7, Avg: 378530.7, Max: 378530.8, Diff: 0.0]
   [Code Root Fixup: 0.0 ms]
   [Code Root Migration: 0.0 ms]
   [Clear CT: 0.1 ms]
   [Other: 0.1 ms]
      [Choose CSet: 0.0 ms]
      [Ref Proc: 0.1 ms]
      [Ref Enq: 0.0 ms]
      [Free CSet: 0.0 ms]
   [Eden: 0.0B(1024.0K)->0.0B(1024.0K) Survivors: 0.0B->0.0B Heap: 6590.6K(8192.0K)->6590.6K(8192.0K)]
 [Times: user=0.01 sys=0.00, real=0.00 secs] 
378.531: Total time for which application threads were stopped: 0.0010440 seconds, Stopping threads took: 0.0000210 seconds
378.531: Application time: 0.0000420 seconds
378.531: [Full GC 6590K->6590K(8192K), 0.0142530 secs]
   [Eden: 0.0B(1024.0K)->0.0B(1024.0K) Survivors: 0.0B->0.0B Heap: 6590.6K(8192.0K)->6590.6K(8192.0K)], [Perm: 12349K->12349K(20480K)]
 [Times: user=0.02 sys=0.00, real=0.01 secs] 
378.545: [Full GC 6590K->6590K(8192K), 0.0137710 secs]
   [Eden: 0.0B(1024.0K)->0.0B(1024.0K) Survivors: 0.0B->0.0B Heap: 6590.6K(8192.0K)->6590.6K(8192.0K)], [Perm: 12349K->12349K(20480K)]
 [Times: user=0.02 sys=0.00, real=0.01 secs] 
378.559: Total time for which application threads were stopped: 0.0281550 seconds, Stopping threads took: 0.0000050 seconds
378.559: Application time: 0.0000520 seconds
378.559: [GC pause (young), 0.0014740 secs]
   [Parallel Time: 1.3 ms, GC Workers: 8]
      [GC Worker Start (ms): Min: 378559.3, Avg: 378559.3, Max: 378559.3, Diff: 0.0]
      [Ext Root Scanning (ms): Min: 1.1, Avg: 1.1, Max: 1.2, Diff: 0.1, Sum: 9.1]
      [Update RS (ms): Min: 0.0, Avg: 0.0, Max: 0.0, Diff: 0.0, Sum: 0.0]
         [Processed Buffers: Min: 0, Avg: 0.1, Max: 1, Diff: 1, Sum: 1]
      [Scan RS (ms): Min: 0.0, Avg: 0.0, Max: 0.0, Diff: 0.0, Sum: 0.0]
      [Code Root Scanning (ms): Min: 0.0, Avg: 0.0, Max: 0.0, Diff: 0.0, Sum: 0.0]
      [Object Copy (ms): Min: 0.0, Avg: 0.1, Max: 0.1, Diff: 0.1, Sum: 0.6]
      [Termination (ms): Min: 0.0, Avg: 0.0, Max: 0.1, Diff: 0.1, Sum: 0.3]
      [GC Worker Other (ms): Min: 0.0, Avg: 0.0, Max: 0.0, Diff: 0.0, Sum: 0.0]
      [GC Worker Total (ms): Min: 1.2, Avg: 1.3, Max: 1.3, Diff: 0.1, Sum: 10.1]
      [GC Worker End (ms): Min: 378560.6, Avg: 378560.6, Max: 378560.6, Diff: 0.0]
   [Code Root Fixup: 0.0 ms]
   [Code Root Migration: 0.0 ms]
   [Clear CT: 0.1 ms]
   [Other: 0.1 ms]
      [Choose CSet: 0.0 ms]
      [Ref Proc: 0.1 ms]
      [Ref Enq: 0.0 ms]
      [Free CSet: 0.0 ms]
   [Eden: 0.0B(1024.0K)->0.0B(1024.0K) Survivors: 0.0B->0.0B Heap: 6590.6K(8192.0K)->6590.6K(8192.0K)]
 [Times: user=0.01 sys=0.00, real=0.00 secs] 
378.561: Total time for which application threads were stopped: 0.0015760 seconds, Stopping threads took: 0.0000160 seconds
378.561: Application time: 0.0000440 seconds
378.561: [GC pause (young), 0.0007620 secs]
   [Parallel Time: 0.6 ms, GC Workers: 8]
      [GC Worker Start (ms): Min: 378560.9, Avg: 378560.9, Max: 378560.9, Diff: 0.0]
      [Ext Root Scanning (ms): Min: 0.4, Avg: 0.5, Max: 0.6, Diff: 0.1, Sum: 4.1]
      [Update RS (ms): Min: 0.0, Avg: 0.0, Max: 0.0, Diff: 0.0, Sum: 0.0]
         [Processed Buffers: Min: 0, Avg: 0.2, Max: 2, Diff: 2, Sum: 2]
      [Scan RS (ms): Min: 0.0, Avg: 0.0, Max: 0.0, Diff: 0.0, Sum: 0.0]
      [Code Root Scanning (ms): Min: 0.0, Avg: 0.0, Max: 0.0, Diff: 0.0, Sum: 0.0]
      [Object Copy (ms): Min: 0.0, Avg: 0.0, Max: 0.1, Diff: 0.0, Sum: 0.3]
      [Termination (ms): Min: 0.0, Avg: 0.1, Max: 0.1, Diff: 0.1, Sum: 0.4]
      [GC Worker Other (ms): Min: -0.0, Avg: 0.0, Max: 0.0, Diff: 0.0, Sum: 0.0]
      [GC Worker Total (ms): Min: 0.6, Avg: 0.6, Max: 0.6, Diff: 0.0, Sum: 4.9]
      [GC Worker End (ms): Min: 378561.5, Avg: 378561.5, Max: 378561.5, Diff: 0.0]
   [Code Root Fixup: 0.0 ms]
   [Code Root Migration: 0.0 ms]
   [Clear CT: 0.0 ms]
   [Other: 0.1 ms]
      [Choose CSet: 0.0 ms]
      [Ref Proc: 0.1 ms]
      [Ref Enq: 0.0 ms]
      [Free CSet: 0.0 ms]
   [Eden: 0.0B(1024.0K)->0.0B(1024.0K) Survivors: 0.0B->0.0B Heap: 6590.6K(8192.0K)->6590.6K(8192.0K)]
 [Times: user=0.00 sys=0.00, real=0.01 secs] 
378.562: Total time for which application threads were stopped: 0.0008330 seconds, Stopping threads took: 0.0000050 seconds
378.562: Application time: 0.0000190 seconds
378.562: [Full GC 6590K->6590K(8192K), 0.0141450 secs]
   [Eden: 0.0B(1024.0K)->0.0B(1024.0K) Survivors: 0.0B->0.0B Heap: 6590.6K(8192.0K)->6590.3K(8192.0K)], [Perm: 12349K->12349K(20480K)]
 [Times: user=0.02 sys=0.00, real=0.01 secs] 
378.576: [Full GC 6590K->6590K(8192K), 0.0142490 secs]
   [Eden: 0.0B(1024.0K)->0.0B(1024.0K) Survivors: 0.0B->0.0B Heap: 6590.3K(8192.0K)->6590.3K(8192.0K)], [Perm: 12349K->12349K(20480K)]
 [Times: user=0.02 sys=0.00, real=0.02 secs] 
378.590: Total time for which application threads were stopped: 0.0285020 seconds, Stopping threads took: 0.0000030 seconds
378.590: Application time: 0.0000750 seconds
378.590: [GC pause (young), 0.0016840 secs]
   [Parallel Time: 1.3 ms, GC Workers: 8]
      [GC Worker Start (ms): Min: 378590.4, Avg: 378590.5, Max: 378590.5, Diff: 0.1]
      [Ext Root Scanning (ms): Min: 1.0, Avg: 1.1, Max: 1.1, Diff: 0.1, Sum: 8.6]
      [Update RS (ms): Min: 0.0, Avg: 0.0, Max: 0.0, Diff: 0.0, Sum: 0.0]
         [Processed Buffers: Min: 0, Avg: 0.1, Max: 1, Diff: 1, Sum: 1]
      [Scan RS (ms): Min: 0.0, Avg: 0.0, Max: 0.0, Diff: 0.0, Sum: 0.0]
      [Code Root Scanning (ms): Min: 0.0, Avg: 0.0, Max: 0.0, Diff: 0.0, Sum: 0.0]
      [Object Copy (ms): Min: 0.1, Avg: 0.1, Max: 0.1, Diff: 0.1, Sum: 0.7]
      [Termination (ms): Min: 0.0, Avg: 0.0, Max: 0.1, Diff: 0.1, Sum: 0.2]
      [GC Worker Other (ms): Min: 0.0, Avg: 0.0, Max: 0.0, Diff: 0.0, Sum: 0.0]
      [GC Worker Total (ms): Min: 1.2, Avg: 1.2, Max: 1.3, Diff: 0.1, Sum: 9.6]
      [GC Worker End (ms): Min: 378591.7, Avg: 378591.7, Max: 378591.7, Diff: 0.0]
   [Code Root Fixup: 0.0 ms]
   [Code Root Migration: 0.0 ms]
   [Clear CT: 0.2 ms]
   [Other: 0.2 ms]
      [Choose CSet: 0.0 ms]
      [Ref Proc: 0.2 ms]
      [Ref Enq: 0.0 ms]
      [Free CSet: 0.0 ms]
   [Eden: 0.0B(1024.0K)->0.0B(1024.0K) Survivors: 0.0B->0.0B Heap: 6590.3K(8192.0K)->6590.3K(8192.0K)]
 [Times: user=0.01 sys=0.00, real=0.00 secs] 
378.592: Total time for which application threads were stopped: 0.0018320 seconds, Stopping threads took: 0.0000660 seconds
378.592: Application time: 0.0000290 seconds
378.592: [GC pause (young) (initial-mark), 0.0009090 secs]
   [Parallel Time: 0.8 ms, GC Workers: 8]
      [GC Worker Start (ms): Min: 378592.2, Avg: 378592.2, Max: 378592.2, Diff: 0.0]
      [Ext Root Scanning (ms): Min: 0.4, Avg: 0.5, Max: 0.6, Diff: 0.1, Sum: 3.9]
      [Code Root Marking (ms): Min: 0.0, Avg: 0.0, Max: 0.1, Diff: 0.1, Sum: 0.1]
      [Update RS (ms): Min: 0.0, Avg: 0.0, Max: 0.0, Diff: 0.0, Sum: 0.0]
         [Processed Buffers: Min: 0, Avg: 0.1, Max: 1, Diff: 1, Sum: 1]
      [Scan RS (ms): Min: 0.0, Avg: 0.0, Max: 0.0, Diff: 0.0, Sum: 0.0]
      [Code Root Scanning (ms): Min: 0.0, Avg: 0.0, Max: 0.0, Diff: 0.0, Sum: 0.0]
      [Object Copy (ms): Min: 0.1, Avg: 0.1, Max: 0.2, Diff: 0.0, Sum: 1.1]
      [Termination (ms): Min: 0.0, Avg: 0.1, Max: 0.1, Diff: 0.1, Sum: 0.5]
      [GC Worker Other (ms): Min: 0.0, Avg: 0.0, Max: 0.0, Diff: 0.0, Sum: 0.0]
      [GC Worker Total (ms): Min: 0.7, Avg: 0.7, Max: 0.7, Diff: 0.0, Sum: 5.5]
      [GC Worker End (ms): Min: 378592.9, Avg: 378592.9, Max: 378592.9, Diff: 0.0]
   [Code Root Fixup: 0.0 ms]
   [Code Root Migration: 0.0 ms]
   [Clear CT: 0.1 ms]
   [Other: 0.1 ms]
      [Choose CSet: 0.0 ms]
      [Ref Proc: 0.1 ms]
      [Ref Enq: 0.0 ms]
      [Free CSet: 0.0 ms]
   [Eden: 0.0B(1024.0K)->0.0B(1024.0K) Survivors: 0.0B->0.0B Heap: 6590.3K(8192.0K)->6590.3K(8192.0K)]
 [Times: user=0.01 sys=0.00, real=0.00 secs] 
378.593: 378.593: [GC concurrent-root-region-scan-start]
Total time for which application threads were stopped: 0.0009810 seconds, Stopping threads took: 0.0000050 seconds
378.593: [GC concurrent-root-region-scan-end, 0.0000030 secs]
378.593: [GC concurrent-mark-start]
378.593: Application time: 0.0000270 seconds
378.593: [Full GC 6590K->2857K(8192K), 0.0125110 secs]
   [Eden: 0.0B(1024.0K)->0.0B(3072.0K) Survivors: 0.0B->0.0B Heap: 6590.3K(8192.0K)->2857.2K(8192.0K)], [Perm: 12349K->12349K(20480K)]
 [Times: user=0.02 sys=0.00, real=0.01 secs] 
378.606: Total time for which application threads were stopped: 0.0125780 seconds, Stopping threads took: 0.0000040 seconds
378.606: [GC concurrent-mark-abort]
Heap
 garbage-first heap   total 8192K, used 2857K [0x00000000fa600000, 0x00000000fae00000, 0x00000000fae00000)
  region size 1024K, 1 young (1024K), 0 survivors (0K)
 compacting perm gen  total 20480K, used 12373K [0x00000000fae00000, 0x00000000fc200000, 0x0000000100000000)
   the space 20480K,  60% used [0x00000000fae00000, 0x00000000fba15720, 0x00000000fba15800, 0x00000000fc200000)
No shared spaces configured.
378.608: Application time: 0.0019630 seconds
