Java HotSpot(TM) 64-Bit Server VM (24.80-b11) for linux-amd64 JRE (1.7.0_80-b15), built on Apr 10 2015 19:53:14 by "java_re" with gcc 4.3.0 20080428 (Red Hat 4.3.0-8)
Memory: 4k page, physical 8000092k(5214816k free), swap 8218620k(8218620k free)
CommandLine flags: -XX:InitialHeapSize=2571264 -XX:MaxHeapSize=2571264 -XX:+PrintGC -XX:+PrintGCApplicationConcurrentTime -XX:+PrintGCApplicationStoppedTime -XX:+PrintGCDetails -XX:+PrintGCTimeStamps -XX:-UseAdaptiveSizePolicy -XX:+UseCompressedOops -XX:+UseG1GC 
0.039: Application time: 0.0155020 seconds
0.039: [GC pause (young), 0.0010870 secs]
   [Parallel Time: 0.6 ms, GC Workers: 8]
      [GC Worker Start (ms): Min: 39.0, Avg: 39.0, Max: 39.1, Diff: 0.2]
      [Ext Root Scanning (ms): Min: 0.2, Avg: 0.3, Max: 0.6, Diff: 0.4, Sum: 2.6]
      [Update RS (ms): Min: 0.0, Avg: 0.0, Max: 0.0, Diff: 0.0, Sum: 0.0]
         [Processed Buffers: Min: 0, Avg: 1.1, Max: 7, Diff: 7, Sum: 9]
      [Scan RS (ms): Min: 0.0, Avg: 0.0, Max: 0.0, Diff: 0.0, Sum: 0.0]
      [Code Root Scanning (ms): Min: 0.0, Avg: 0.0, Max: 0.0, Diff: 0.0, Sum: 0.0]
      [Object Copy (ms): Min: 0.0, Avg: 0.1, Max: 0.2, Diff: 0.2, Sum: 1.1]
      [Termination (ms): Min: 0.0, Avg: 0.1, Max: 0.1, Diff: 0.1, Sum: 0.5]
      [GC Worker Other (ms): Min: 0.0, Avg: 0.0, Max: 0.0, Diff: 0.0, Sum: 0.1]
      [GC Worker Total (ms): Min: 0.4, Avg: 0.5, Max: 0.6, Diff: 0.2, Sum: 4.3]
      [GC Worker End (ms): Min: 39.6, Avg: 39.6, Max: 39.6, Diff: 0.0]
   [Code Root Fixup: 0.0 ms]
   [Code Root Migration: 0.0 ms]
   [Clear CT: 0.0 ms]
   [Other: 0.4 ms]
      [Choose CSet: 0.0 ms]
      [Ref Proc: 0.4 ms]
      [Ref Enq: 0.0 ms]
      [Free CSet: 0.0 ms]
   [Eden: 1024.0K(1024.0K)->0.0B(1024.0K) Survivors: 0.0B->1024.0K Heap: 1024.0K(3072.0K)->736.1K(3072.0K)]
 [Times: user=0.01 sys=0.00, real=0.00 secs] 
0.040: Total time for which application threads were stopped: 0.0012100 seconds, Stopping threads took: 0.0000110 seconds
0.079: Application time: 0.0390890 seconds
0.079: [GC pause (young), 0.0009890 secs]
   [Parallel Time: 0.7 ms, GC Workers: 8]
      [GC Worker Start (ms): Min: 79.3, Avg: 79.3, Max: 79.4, Diff: 0.1]
      [Ext Root Scanning (ms): Min: 0.3, Avg: 0.3, Max: 0.4, Diff: 0.1, Sum: 2.5]
      [Update RS (ms): Min: 0.0, Avg: 0.0, Max: 0.0, Diff: 0.0, Sum: 0.0]
         [Processed Buffers: Min: 0, Avg: 1.0, Max: 8, Diff: 8, Sum: 8]
      [Scan RS (ms): Min: 0.0, Avg: 0.0, Max: 0.0, Diff: 0.0, Sum: 0.0]
      [Code Root Scanning (ms): Min: 0.0, Avg: 0.0, Max: 0.0, Diff: 0.0, Sum: 0.0]
      [Object Copy (ms): Min: 0.3, Avg: 0.3, Max: 0.3, Diff: 0.1, Sum: 2.3]
      [Termination (ms): Min: 0.0, Avg: 0.0, Max: 0.0, Diff: 0.0, Sum: 0.0]
      [GC Worker Other (ms): Min: 0.0, Avg: 0.0, Max: 0.0, Diff: 0.0, Sum: 0.0]
      [GC Worker Total (ms): Min: 0.6, Avg: 0.6, Max: 0.7, Diff: 0.1, Sum: 4.9]
      [GC Worker End (ms): Min: 79.9, Avg: 79.9, Max: 79.9, Diff: 0.0]
   [Code Root Fixup: 0.0 ms]
   [Code Root Migration: 0.0 ms]
   [Clear CT: 0.2 ms]
   [Other: 0.2 ms]
      [Choose CSet: 0.0 ms]
      [Ref Proc: 0.1 ms]
      [Ref Enq: 0.0 ms]
      [Free CSet: 0.0 ms]
   [Eden: 1024.0K(1024.0K)->0.0B(1024.0K) Survivors: 1024.0K->1024.0K Heap: 1760.1K(3072.0K)->915.9K(3072.0K)]
 [Times: user=0.00 sys=0.01, real=0.00 secs] 
0.080: Total time for which application threads were stopped: 0.0010900 seconds, Stopping threads took: 0.0000090 seconds
0.091: Application time: 0.0105600 seconds
0.091: [GC pause (young), 0.0009230 secs]
   [Parallel Time: 0.7 ms, GC Workers: 8]
      [GC Worker Start (ms): Min: 90.9, Avg: 91.0, Max: 91.0, Diff: 0.1]
      [Ext Root Scanning (ms): Min: 0.2, Avg: 0.3, Max: 0.4, Diff: 0.2, Sum: 2.2]
      [Update RS (ms): Min: 0.0, Avg: 0.0, Max: 0.0, Diff: 0.0, Sum: 0.0]
         [Processed Buffers: Min: 0, Avg: 0.2, Max: 2, Diff: 2, Sum: 2]
      [Scan RS (ms): Min: 0.0, Avg: 0.0, Max: 0.0, Diff: 0.0, Sum: 0.0]
      [Code Root Scanning (ms): Min: 0.0, Avg: 0.0, Max: 0.0, Diff: 0.0, Sum: 0.0]
      [Object Copy (ms): Min: 0.3, Avg: 0.3, Max: 0.4, Diff: 0.1, Sum: 2.6]
      [Termination (ms): Min: 0.0, Avg: 0.0, Max: 0.0, Diff: 0.0, Sum: 0.0]
      [GC Worker Other (ms): Min: 0.0, Avg: 0.0, Max: 0.0, Diff: 0.0, Sum: 0.1]
      [GC Worker Total (ms): Min: 0.6, Avg: 0.6, Max: 0.6, Diff: 0.1, Sum: 4.9]
      [GC Worker End (ms): Min: 91.6, Avg: 91.6, Max: 91.6, Diff: 0.0]
   [Code Root Fixup: 0.0 ms]
   [Code Root Migration: 0.0 ms]
   [Clear CT: 0.0 ms]
   [Other: 0.1 ms]
      [Choose CSet: 0.0 ms]
      [Ref Proc: 0.1 ms]
      [Ref Enq: 0.0 ms]
      [Free CSet: 0.0 ms]
   [Eden: 1024.0K(1024.0K)->0.0B(1024.0K) Survivors: 1024.0K->1024.0K Heap: 1939.9K(3072.0K)->1121.7K(4096.0K)]
 [Times: user=0.01 sys=0.00, real=0.00 secs] 
0.092: Total time for which application threads were stopped: 0.0010090 seconds, Stopping threads took: 0.0000070 seconds
0.105: Application time: 0.0131290 seconds
0.105: [GC pause (young), 0.0013230 secs]
   [Parallel Time: 1.1 ms, GC Workers: 8]
      [GC Worker Start (ms): Min: 105.1, Avg: 105.2, Max: 106.1, Diff: 1.0]
      [Ext Root Scanning (ms): Min: 0.0, Avg: 0.3, Max: 0.4, Diff: 0.4, Sum: 2.7]
      [Update RS (ms): Min: 0.0, Avg: 0.1, Max: 0.1, Diff: 0.1, Sum: 0.5]
         [Processed Buffers: Min: 0, Avg: 1.4, Max: 4, Diff: 4, Sum: 11]
      [Scan RS (ms): Min: 0.0, Avg: 0.0, Max: 0.0, Diff: 0.0, Sum: 0.0]
      [Code Root Scanning (ms): Min: 0.0, Avg: 0.0, Max: 0.0, Diff: 0.0, Sum: 0.0]
      [Object Copy (ms): Min: 0.0, Avg: 0.4, Max: 0.5, Diff: 0.5, Sum: 3.1]
      [Termination (ms): Min: 0.0, Avg: 0.1, Max: 0.1, Diff: 0.1, Sum: 0.6]
      [GC Worker Other (ms): Min: 0.0, Avg: 0.0, Max: 0.0, Diff: 0.0, Sum: 0.1]
      [GC Worker Total (ms): Min: 0.0, Avg: 0.9, Max: 1.0, Diff: 1.0, Sum: 6.9]
      [GC Worker End (ms): Min: 106.1, Avg: 106.1, Max: 106.1, Diff: 0.0]
   [Code Root Fixup: 0.0 ms]
   [Code Root Migration: 0.0 ms]
   [Clear CT: 0.1 ms]
   [Other: 0.2 ms]
      [Choose CSet: 0.0 ms]
      [Ref Proc: 0.1 ms]
      [Ref Enq: 0.0 ms]
      [Free CSet: 0.0 ms]
   [Eden: 1024.0K(1024.0K)->0.0B(1024.0K) Survivors: 1024.0K->1024.0K Heap: 2145.7K(4096.0K)->1728.0K(4096.0K)]
 [Times: user=0.00 sys=0.00, real=0.00 secs] 
0.106: Total time for which application threads were stopped: 0.0014140 seconds, Stopping threads took: 0.0000100 seconds
0.113: Application time: 0.0068450 seconds
0.113: [GC pause (young) (to-space exhausted), 0.0039600 secs]
   [Parallel Time: 3.2 ms, GC Workers: 8]
      [GC Worker Start (ms): Min: 113.3, Avg: 113.3, Max: 113.4, Diff: 0.1]
      [Ext Root Scanning (ms): Min: 0.3, Avg: 0.4, Max: 0.4, Diff: 0.2, Sum: 2.9]
      [Update RS (ms): Min: 0.0, Avg: 0.0, Max: 0.1, Diff: 0.1, Sum: 0.3]
         [Processed Buffers: Min: 1, Avg: 1.4, Max: 3, Diff: 2, Sum: 11]
      [Scan RS (ms): Min: 0.0, Avg: 0.0, Max: 0.0, Diff: 0.0, Sum: 0.0]
      [Code Root Scanning (ms): Min: 0.0, Avg: 0.0, Max: 0.0, Diff: 0.0, Sum: 0.0]
      [Object Copy (ms): Min: 2.7, Avg: 2.7, Max: 2.9, Diff: 0.2, Sum: 22.0]
      [Termination (ms): Min: 0.0, Avg: 0.0, Max: 0.0, Diff: 0.0, Sum: 0.1]
      [GC Worker Other (ms): Min: 0.0, Avg: 0.0, Max: 0.0, Diff: 0.0, Sum: 0.0]
      [GC Worker Total (ms): Min: 3.1, Avg: 3.2, Max: 3.2, Diff: 0.1, Sum: 25.3]
      [GC Worker End (ms): Min: 116.5, Avg: 116.5, Max: 116.5, Diff: 0.0]
   [Code Root Fixup: 0.0 ms]
   [Code Root Migration: 0.0 ms]
   [Clear CT: 0.0 ms]
   [Other: 0.7 ms]
      [Choose CSet: 0.0 ms]
      [Ref Proc: 0.1 ms]
      [Ref Enq: 0.0 ms]
      [Free CSet: 0.0 ms]
   [Eden: 1024.0K(1024.0K)->0.0B(1024.0K) Survivors: 1024.0K->1024.0K Heap: 2752.0K(4096.0K)->4096.0K(4096.0K)]
 [Times: user=0.01 sys=0.00, real=0.01 secs] 
0.117: Total time for which application threads were stopped: 0.0040480 seconds, Stopping threads took: 0.0000090 seconds
0.117: Application time: 0.0000160 seconds
0.117: [GC pause (young) (initial-mark) (to-space exhausted), 0.0026240 secs]
   [Parallel Time: 2.2 ms, GC Workers: 8]
      [GC Worker Start (ms): Min: 117.4, Avg: 117.4, Max: 117.4, Diff: 0.0]
      [Ext Root Scanning (ms): Min: 0.2, Avg: 0.2, Max: 0.3, Diff: 0.1, Sum: 2.0]
      [Code Root Marking (ms): Min: 0.0, Avg: 0.0, Max: 0.0, Diff: 0.0, Sum: 0.0]
      [Update RS (ms): Min: 0.1, Avg: 0.1, Max: 0.2, Diff: 0.2, Sum: 1.0]
         [Processed Buffers: Min: 1, Avg: 2.8, Max: 6, Diff: 5, Sum: 22]
      [Scan RS (ms): Min: 0.0, Avg: 0.0, Max: 0.0, Diff: 0.0, Sum: 0.0]
      [Code Root Scanning (ms): Min: 0.0, Avg: 0.0, Max: 0.0, Diff: 0.0, Sum: 0.0]
      [Object Copy (ms): Min: 1.7, Avg: 1.8, Max: 1.9, Diff: 0.1, Sum: 14.3]
      [Termination (ms): Min: 0.0, Avg: 0.0, Max: 0.0, Diff: 0.0, Sum: 0.1]
      [GC Worker Other (ms): Min: 0.0, Avg: 0.0, Max: 0.0, Diff: 0.0, Sum: 0.0]
      [GC Worker Total (ms): Min: 2.2, Avg: 2.2, Max: 2.2, Diff: 0.0, Sum: 17.5]
      [GC Worker End (ms): Min: 119.6, Avg: 119.6, Max: 119.6, Diff: 0.0]
   [Code Root Fixup: 0.0 ms]
   [Code Root Migration: 0.0 ms]
   [Clear CT: 0.0 ms]
   [Other: 0.4 ms]
      [Choose CSet: 0.0 ms]
      [Ref Proc: 0.0 ms]
      [Ref Enq: 0.0 ms]
      [Free CSet: 0.0 ms]
   [Eden: 0.0B(1024.0K)->0.0B(1024.0K) Survivors: 1024.0K->0.0B Heap: 4096.0K(4096.0K)->4096.0K(4096.0K)]
 [Times: user=0.01 sys=0.00, real=0.00 secs] 
0.120: Total time for which application threads were stopped: 0.0026930 seconds, Stopping threads took: 0.0000080 seconds
0.120: [GC concurrent-root-region-scan-start]
0.120: [GC concurrent-root-region-scan-end, 0.0000070 secs]
0.120: [GC concurrent-mark-start]
0.120: Application time: 0.0000130 seconds
0.120: [Full GC 4096K->1853K(4096K), 0.0064400 secs]
   [Eden: 0.0B(1024.0K)->0.0B(1024.0K) Survivors: 0.0B->0.0B Heap: 4096.0K(4096.0K)->1853.2K(4096.0K)], [Perm: 4669K->4669K(20480K)]
 [Times: user=0.00 sys=0.00, real=0.01 secs] 
0.127: Total time for which application threads were stopped: 0.0065110 seconds, Stopping threads took: 0.0000060 seconds
0.127: [GC concurrent-mark-abort]
4.029: Application time: 3.9022940 seconds
4.029: Total time for which application threads were stopped: 0.0001400 seconds, Stopping threads took: 0.0000630 seconds
14.700: Application time: 10.6711380 seconds
14.700: [GC pause (young), 0.0016240 secs]
   [Parallel Time: 0.7 ms, GC Workers: 8]
      [GC Worker Start (ms): Min: 14700.2, Avg: 14700.3, Max: 14700.3, Diff: 0.1]
      [Ext Root Scanning (ms): Min: 0.5, Avg: 0.5, Max: 0.6, Diff: 0.1, Sum: 4.3]
      [Update RS (ms): Min: 0.0, Avg: 0.0, Max: 0.0, Diff: 0.0, Sum: 0.1]
         [Processed Buffers: Min: 0, Avg: 0.4, Max: 2, Diff: 2, Sum: 3]
      [Scan RS (ms): Min: 0.0, Avg: 0.0, Max: 0.0, Diff: 0.0, Sum: 0.0]
      [Code Root Scanning (ms): Min: 0.0, Avg: 0.0, Max: 0.0, Diff: 0.0, Sum: 0.0]
      [Object Copy (ms): Min: 0.1, Avg: 0.1, Max: 0.1, Diff: 0.0, Sum: 0.5]
      [Termination (ms): Min: 0.0, Avg: 0.0, Max: 0.0, Diff: 0.0, Sum: 0.0]
      [GC Worker Other (ms): Min: 0.0, Avg: 0.0, Max: 0.0, Diff: 0.0, Sum: 0.1]
      [GC Worker Total (ms): Min: 0.6, Avg: 0.6, Max: 0.7, Diff: 0.1, Sum: 5.1]
      [GC Worker End (ms): Min: 14700.9, Avg: 14700.9, Max: 14700.9, Diff: 0.0]
   [Code Root Fixup: 0.0 ms]
   [Code Root Migration: 0.0 ms]
   [Clear CT: 0.5 ms]
   [Other: 0.4 ms]
      [Choose CSet: 0.0 ms]
      [Ref Proc: 0.4 ms]
      [Ref Enq: 0.0 ms]
      [Free CSet: 0.0 ms]
   [Eden: 1024.0K(1024.0K)->0.0B(1024.0K) Survivors: 0.0B->1024.0K Heap: 2877.2K(4096.0K)->2018.4K(4096.0K)]
 [Times: user=0.00 sys=0.00, real=0.00 secs] 
14.702: Total time for which application threads were stopped: 0.0017130 seconds, Stopping threads took: 0.0000090 seconds
14.702: Application time: 0.0001110 seconds
14.702: Total time for which application threads were stopped: 0.0001040 seconds, Stopping threads took: 0.0000700 seconds
14.702: Application time: 0.0000950 seconds
14.702: Total time for which application threads were stopped: 0.0000280 seconds, Stopping threads took: 0.0000200 seconds
14.702: Application time: 0.0000560 seconds
14.702: Total time for which application threads were stopped: 0.0001020 seconds, Stopping threads took: 0.0000690 seconds
14.702: Application time: 0.0000820 seconds
14.702: Total time for which application threads were stopped: 0.0000120 seconds, Stopping threads took: 0.0000060 seconds
14.703: Application time: 0.0000490 seconds
14.703: Total time for which application threads were stopped: 0.0000150 seconds, Stopping threads took: 0.0000110 seconds
14.703: Application time: 0.0000290 seconds
14.703: Total time for which application threads were stopped: 0.0000070 seconds, Stopping threads took: 0.0000040 seconds
14.703: Application time: 0.0000220 seconds
14.703: Total time for which application threads were stopped: 0.0000120 seconds, Stopping threads took: 0.0000090 seconds
14.703: Application time: 0.0000100 seconds
14.703: Total time for which application threads were stopped: 0.0000110 seconds, Stopping threads took: 0.0000080 seconds
14.703: Application time: 0.0000110 seconds
14.703: Total time for which application threads were stopped: 0.0000120 seconds, Stopping threads took: 0.0000090 seconds
14.703: Application time: 0.0000100 seconds
14.703: Total time for which application threads were stopped: 0.0000120 seconds, Stopping threads took: 0.0000080 seconds
14.703: Application time: 0.0000330 seconds
14.703: Total time for which application threads were stopped: 0.0000120 seconds, Stopping threads took: 0.0000080 seconds
14.703: Application time: 0.0000290 seconds
14.703: Total time for which application threads were stopped: 0.0000150 seconds, Stopping threads took: 0.0000110 seconds
14.703: Application time: 0.0000290 seconds
14.703: Total time for which application threads were stopped: 0.0000110 seconds, Stopping threads took: 0.0000050 seconds
14.703: Application time: 0.0000210 seconds
14.703: Total time for which application threads were stopped: 0.0000090 seconds, Stopping threads took: 0.0000050 seconds
14.703: Application time: 0.0000200 seconds
14.703: Total time for which application threads were stopped: 0.0000130 seconds, Stopping threads took: 0.0000090 seconds
14.703: Application time: 0.0000200 seconds
14.703: Total time for which application threads were stopped: 0.0000160 seconds, Stopping threads took: 0.0000130 seconds
14.703: Application time: 0.0000100 seconds
14.703: Total time for which application threads were stopped: 0.0000120 seconds, Stopping threads took: 0.0000080 seconds
14.703: Application time: 0.0000120 seconds
14.703: Total time for which application threads were stopped: 0.0000070 seconds, Stopping threads took: 0.0000040 seconds
14.703: Application time: 0.0000100 seconds
14.703: Total time for which application threads were stopped: 0.0000100 seconds, Stopping threads took: 0.0000050 seconds
14.703: Application time: 0.0000100 seconds
14.703: Total time for which application threads were stopped: 0.0000140 seconds, Stopping threads took: 0.0000090 seconds
14.709: Application time: 0.0060600 seconds
14.709: Total time for which application threads were stopped: 0.0000070 seconds, Stopping threads took: 0.0000030 seconds
14.709: Application time: 0.0000100 seconds
14.709: Total time for which application threads were stopped: 0.0000060 seconds, Stopping threads took: 0.0000030 seconds
14.710: Application time: 0.0013390 seconds
14.710: Total time for which application threads were stopped: 0.0000090 seconds, Stopping threads took: 0.0000030 seconds
14.716: Application time: 0.0059140 seconds
14.716: [GC pause (young) (initial-mark) (to-space exhausted), 0.0031400 secs]
   [Parallel Time: 2.4 ms, GC Workers: 8]
      [GC Worker Start (ms): Min: 14716.4, Avg: 14716.4, Max: 14716.4, Diff: 0.0]
      [Ext Root Scanning (ms): Min: 0.2, Avg: 0.3, Max: 0.3, Diff: 0.1, Sum: 2.4]
      [Code Root Marking (ms): Min: 0.0, Avg: 0.0, Max: 0.0, Diff: 0.0, Sum: 0.0]
      [Update RS (ms): Min: 0.0, Avg: 0.0, Max: 0.1, Diff: 0.1, Sum: 0.1]
         [Processed Buffers: Min: 0, Avg: 1.5, Max: 12, Diff: 12, Sum: 12]
      [Scan RS (ms): Min: 0.0, Avg: 0.0, Max: 0.0, Diff: 0.0, Sum: 0.0]
      [Code Root Scanning (ms): Min: 0.0, Avg: 0.2, Max: 1.5, Diff: 1.5, Sum: 1.5]
      [Object Copy (ms): Min: 0.4, Avg: 1.9, Max: 2.1, Diff: 1.7, Sum: 14.8]
      [Termination (ms): Min: 0.0, Avg: 0.0, Max: 0.1, Diff: 0.1, Sum: 0.2]
      [GC Worker Other (ms): Min: 0.0, Avg: 0.0, Max: 0.0, Diff: 0.0, Sum: 0.0]
      [GC Worker Total (ms): Min: 2.4, Avg: 2.4, Max: 2.4, Diff: 0.1, Sum: 19.1]
      [GC Worker End (ms): Min: 14718.8, Avg: 14718.8, Max: 14718.8, Diff: 0.0]
   [Code Root Fixup: 0.0 ms]
   [Code Root Migration: 0.0 ms]
   [Clear CT: 0.1 ms]
   [Other: 0.6 ms]
      [Choose CSet: 0.0 ms]
      [Ref Proc: 0.1 ms]
      [Ref Enq: 0.0 ms]
      [Free CSet: 0.0 ms]
   [Eden: 1024.0K(1024.0K)->0.0B(1024.0K) Survivors: 1024.0K->0.0B Heap: 3042.4K(4096.0K)->3042.4K(4096.0K)]
 [Times: user=0.00 sys=0.01, real=0.00 secs] 
14.720: 14.720: [GC concurrent-root-region-scan-start]
14.720Total time for which application threads were stopped: 0.0032220 seconds, Stopping threads took: 0.0000040 seconds
: [GC concurrent-root-region-scan-end, 0.0000050 secs]
14.720: [GC concurrent-mark-start]
14.720: Application time: 0.0000190 seconds
14.720: [Full GC 3042K->2145K(4096K), 0.0061140 secs]
   [Eden: 0.0B(1024.0K)->0.0B(1024.0K) Survivors: 0.0B->0.0B Heap: 3042.4K(4096.0K)->2145.9K(4096.0K)], [Perm: 4824K->4824K(20480K)]
 [Times: user=0.01 sys=0.00, real=0.01 secs] 
14.726: Total time for which application threads were stopped: 0.0061770 seconds, Stopping threads took: 0.0000040 seconds
14.726: [GC concurrent-mark-abort]
14.726: Application time: 0.0001040 seconds
14.726: Total time for which application threads were stopped: 0.0000180 seconds, Stopping threads took: 0.0000090 seconds
14.726: Application time: 0.0000590 seconds
14.726: Total time for which application threads were stopped: 0.0000110 seconds, Stopping threads took: 0.0000070 seconds
14.726: Application time: 0.0000400 seconds
14.726: Total time for which application threads were stopped: 0.0000110 seconds, Stopping threads took: 0.0000070 seconds
14.726: Application time: 0.0000530 seconds
14.726: Total time for which application threads were stopped: 0.0000080 seconds, Stopping threads took: 0.0000050 seconds
14.726: Application time: 0.0000300 seconds
14.726: Total time for which application threads were stopped: 0.0000080 seconds, Stopping threads took: 0.0000050 seconds
14.726: Application time: 0.0000220 seconds
14.726: Total time for which application threads were stopped: 0.0000090 seconds, Stopping threads took: 0.0000050 seconds
14.726: Application time: 0.0000180 seconds
14.726: Total time for which application threads were stopped: 0.0000080 seconds, Stopping threads took: 0.0000050 seconds
14.726: Application time: 0.0000320 seconds
14.726: Total time for which application threads were stopped: 0.0000090 seconds, Stopping threads took: 0.0000050 seconds
14.726: Application time: 0.0000090 seconds
14.726: Total time for which application threads were stopped: 0.0000090 seconds, Stopping threads took: 0.0000060 seconds
14.726: Application time: 0.0000080 seconds
14.726: Total time for which application threads were stopped: 0.0000150 seconds, Stopping threads took: 0.0000110 seconds
14.726: Application time: 0.0000090 seconds
14.726: Total time for which application threads were stopped: 0.0000150 seconds, Stopping threads took: 0.0000110 seconds
14.726: Application time: 0.0000080 seconds
14.726: Total time for which application threads were stopped: 0.0000130 seconds, Stopping threads took: 0.0000100 seconds
14.726: Application time: 0.0000090 seconds
14.726: Total time for which application threads were stopped: 0.0000060 seconds, Stopping threads took: 0.0000030 seconds
14.726: Application time: 0.0000090 seconds
14.726: Total time for which application threads were stopped: 0.0000120 seconds, Stopping threads took: 0.0000090 seconds
14.726: Application time: 0.0000080 seconds
14.726: Total time for which application threads were stopped: 0.0000120 seconds, Stopping threads took: 0.0000080 seconds
14.726: Application time: 0.0000090 seconds
14.726: Total time for which application threads were stopped: 0.0000150 seconds, Stopping threads took: 0.0000120 seconds
14.726: Application time: 0.0000110 seconds
14.726: Total time for which application threads were stopped: 0.0000080 seconds, Stopping threads took: 0.0000050 seconds
14.726: Application time: 0.0000090 seconds
14.726: Total time for which application threads were stopped: 0.0000090 seconds, Stopping threads took: 0.0000050 seconds
14.726: Application time: 0.0000070 seconds
14.726: Total time for which application threads were stopped: 0.0000080 seconds, Stopping threads took: 0.0000040 seconds
14.726: Application time: 0.0000090 seconds
14.726: Total time for which application threads were stopped: 0.0000240 seconds, Stopping threads took: 0.0000050 seconds
14.731: Application time: 0.0040870 seconds
14.731: [GC pause (young) (to-space exhausted), 0.0036630 secs]
   [Parallel Time: 3.0 ms, GC Workers: 8]
      [GC Worker Start (ms): Min: 14730.6, Avg: 14730.7, Max: 14731.3, Diff: 0.7]
      [Ext Root Scanning (ms): Min: 0.0, Avg: 0.6, Max: 0.7, Diff: 0.7, Sum: 4.5]
      [Update RS (ms): Min: 0.0, Avg: 0.0, Max: 0.0, Diff: 0.0, Sum: 0.1]
         [Processed Buffers: Min: 0, Avg: 0.4, Max: 2, Diff: 2, Sum: 3]
      [Scan RS (ms): Min: 0.0, Avg: 0.0, Max: 0.0, Diff: 0.0, Sum: 0.0]
      [Code Root Scanning (ms): Min: 0.0, Avg: 0.0, Max: 0.0, Diff: 0.0, Sum: 0.0]
      [Object Copy (ms): Min: 1.0, Avg: 1.8, Max: 2.3, Diff: 1.3, Sum: 14.5]
      [Termination (ms): Min: 0.0, Avg: 0.5, Max: 1.2, Diff: 1.2, Sum: 3.7]
      [GC Worker Other (ms): Min: 0.0, Avg: 0.0, Max: 0.0, Diff: 0.0, Sum: 0.0]
      [GC Worker Total (ms): Min: 2.3, Avg: 2.9, Max: 3.0, Diff: 0.7, Sum: 22.8]
      [GC Worker End (ms): Min: 14733.6, Avg: 14733.6, Max: 14733.6, Diff: 0.0]
   [Code Root Fixup: 0.0 ms]
   [Code Root Migration: 0.0 ms]
   [Clear CT: 0.1 ms]
   [Other: 0.5 ms]
      [Choose CSet: 0.0 ms]
      [Ref Proc: 0.1 ms]
      [Ref Enq: 0.0 ms]
      [Free CSet: 0.0 ms]
   [Eden: 1024.0K(1024.0K)->0.0B(1024.0K) Survivors: 0.0B->0.0B Heap: 3169.9K(4096.0K)->3169.9K(4096.0K)]
 [Times: user=0.01 sys=0.00, real=0.00 secs] 
14.734: Total time for which application threads were stopped: 0.0037680 seconds, Stopping threads took: 0.0000070 seconds
14.734: Application time: 0.0000200 seconds
14.734: [GC pause (young) (initial-mark), 0.0008890 secs]
   [Parallel Time: 0.7 ms, GC Workers: 8]
      [GC Worker Start (ms): Min: 14734.4, Avg: 14734.5, Max: 14735.0, Diff: 0.6]
      [Ext Root Scanning (ms): Min: 0.0, Avg: 0.3, Max: 0.4, Diff: 0.4, Sum: 2.4]
      [Code Root Marking (ms): Min: 0.0, Avg: 0.0, Max: 0.0, Diff: 0.0, Sum: 0.1]
      [Update RS (ms): Min: 0.0, Avg: 0.1, Max: 0.2, Diff: 0.2, Sum: 0.6]
         [Processed Buffers: Min: 0, Avg: 1.4, Max: 3, Diff: 3, Sum: 11]
      [Scan RS (ms): Min: 0.0, Avg: 0.0, Max: 0.0, Diff: 0.0, Sum: 0.0]
      [Code Root Scanning (ms): Min: 0.0, Avg: 0.0, Max: 0.0, Diff: 0.0, Sum: 0.0]
      [Object Copy (ms): Min: 0.0, Avg: 0.1, Max: 0.1, Diff: 0.1, Sum: 0.6]
      [Termination (ms): Min: 0.0, Avg: 0.1, Max: 0.2, Diff: 0.2, Sum: 0.8]
      [GC Worker Other (ms): Min: 0.0, Avg: 0.0, Max: 0.0, Diff: 0.0, Sum: 0.0]
      [GC Worker Total (ms): Min: 0.0, Avg: 0.6, Max: 0.7, Diff: 0.7, Sum: 4.5]
      [GC Worker End (ms): Min: 14735.1, Avg: 14735.1, Max: 14735.1, Diff: 0.0]
   [Code Root Fixup: 0.0 ms]
   [Code Root Migration: 0.0 ms]
   [Clear CT: 0.0 ms]
   [Other: 0.1 ms]
      [Choose CSet: 0.0 ms]
      [Ref Proc: 0.1 ms]
      [Ref Enq: 0.0 ms]
      [Free CSet: 0.0 ms]
   [Eden: 0.0B(1024.0K)->0.0B(1024.0K) Survivors: 0.0B->0.0B Heap: 3169.9K(4096.0K)->3169.9K(4096.0K)]
 [Times: user=0.00 sys=0.01, real=0.00 secs] 
14.73514.735: : [GC concurrent-root-region-scan-start]
Total time for which application threads were stopped: 0.0009660 seconds, Stopping threads took: 0.0000100 seconds
14.735: [GC concurrent-root-region-scan-end, 0.0000040 secs]
14.735: [GC concurrent-mark-start]
14.735: Application time: 0.0000260 seconds
14.735: [Full GC 3169K->2549K(4096K), 0.0065030 secs]
   [Eden: 0.0B(1024.0K)->0.0B(1024.0K) Survivors: 0.0B->0.0B Heap: 3169.9K(4096.0K)->2549.9K(4096.0K)], [Perm: 4826K->4826K(20480K)]
 [Times: user=0.01 sys=0.00, real=0.01 secs] 
14.742: Total time for which application threads were stopped: 0.0065700 seconds, Stopping threads took: 0.0000060 seconds
14.742: [GC concurrent-mark-abort]
14.750: Application time: 0.0081500 seconds
14.750: Total time for which application threads were stopped: 0.0000520 seconds, Stopping threads took: 0.0000200 seconds
14.763: Application time: 0.0127310 seconds
14.763: [GC pause (young) (to-space exhausted), 0.0029150 secs]
   [Parallel Time: 2.2 ms, GC Workers: 8]
      [GC Worker Start (ms): Min: 14762.9, Avg: 14763.0, Max: 14763.0, Diff: 0.1]
      [Ext Root Scanning (ms): Min: 0.5, Avg: 0.6, Max: 0.6, Diff: 0.1, Sum: 4.7]
      [Update RS (ms): Min: 0.0, Avg: 0.0, Max: 0.1, Diff: 0.1, Sum: 0.1]
         [Processed Buffers: Min: 0, Avg: 0.5, Max: 3, Diff: 3, Sum: 4]
      [Scan RS (ms): Min: 0.0, Avg: 0.0, Max: 0.0, Diff: 0.0, Sum: 0.0]
      [Code Root Scanning (ms): Min: 0.0, Avg: 0.0, Max: 0.0, Diff: 0.0, Sum: 0.0]
      [Object Copy (ms): Min: 1.4, Avg: 1.4, Max: 1.5, Diff: 0.1, Sum: 11.4]
      [Termination (ms): Min: 0.0, Avg: 0.1, Max: 0.1, Diff: 0.1, Sum: 0.6]
      [GC Worker Other (ms): Min: 0.0, Avg: 0.0, Max: 0.0, Diff: 0.0, Sum: 0.0]
      [GC Worker Total (ms): Min: 2.1, Avg: 2.1, Max: 2.1, Diff: 0.1, Sum: 16.8]
      [GC Worker End (ms): Min: 14765.1, Avg: 14765.1, Max: 14765.1, Diff: 0.0]
   [Code Root Fixup: 0.0 ms]
   [Code Root Migration: 0.0 ms]
   [Clear CT: 0.1 ms]
   [Other: 0.6 ms]
      [Choose CSet: 0.0 ms]
      [Ref Proc: 0.1 ms]
      [Ref Enq: 0.0 ms]
      [Free CSet: 0.0 ms]
   [Eden: 1024.0K(1024.0K)->0.0B(1024.0K) Survivors: 0.0B->0.0B Heap: 3573.9K(4096.0K)->3573.9K(4096.0K)]
 [Times: user=0.00 sys=0.00, real=0.01 secs] 
14.766: Total time for which application threads were stopped: 0.0030150 seconds, Stopping threads took: 0.0000190 seconds
14.766: Application time: 0.0000140 seconds
14.766: [GC pause (young) (initial-mark), 0.0006120 secs]
   [Parallel Time: 0.5 ms, GC Workers: 8]
      [GC Worker Start (ms): Min: 14765.9, Avg: 14765.9, Max: 14765.9, Diff: 0.0]
      [Ext Root Scanning (ms): Min: 0.2, Avg: 0.2, Max: 0.3, Diff: 0.1, Sum: 2.0]
      [Code Root Marking (ms): Min: 0.0, Avg: 0.0, Max: 0.0, Diff: 0.0, Sum: 0.0]
      [Update RS (ms): Min: 0.0, Avg: 0.1, Max: 0.2, Diff: 0.2, Sum: 0.5]
         [Processed Buffers: Min: 0, Avg: 1.6, Max: 4, Diff: 4, Sum: 13]
      [Scan RS (ms): Min: 0.0, Avg: 0.0, Max: 0.0, Diff: 0.0, Sum: 0.0]
      [Code Root Scanning (ms): Min: 0.0, Avg: 0.0, Max: 0.0, Diff: 0.0, Sum: 0.0]
      [Object Copy (ms): Min: 0.1, Avg: 0.1, Max: 0.1, Diff: 0.0, Sum: 0.5]
      [Termination (ms): Min: 0.0, Avg: 0.1, Max: 0.1, Diff: 0.1, Sum: 0.8]
      [GC Worker Other (ms): Min: 0.0, Avg: 0.0, Max: 0.0, Diff: 0.0, Sum: 0.0]
      [GC Worker Total (ms): Min: 0.5, Avg: 0.5, Max: 0.5, Diff: 0.0, Sum: 3.8]
      [GC Worker End (ms): Min: 14766.4, Avg: 14766.4, Max: 14766.4, Diff: 0.0]
   [Code Root Fixup: 0.0 ms]
   [Code Root Migration: 0.0 ms]
   [Clear CT: 0.0 ms]
   [Other: 0.1 ms]
      [Choose CSet: 0.0 ms]
      [Ref Proc: 0.1 ms]
      [Ref Enq: 0.0 ms]
      [Free CSet: 0.0 ms]
   [Eden: 0.0B(1024.0K)->0.0B(1024.0K) Survivors: 0.0B->0.0B Heap: 3573.9K(4096.0K)->3573.9K(4096.0K)]
 [Times: user=0.01 sys=0.00, real=0.00 secs] 
14.767: 14.767: Total time for which application threads were stopped: 0.0006720 seconds, Stopping threads took: 0.0000040 seconds
[GC concurrent-root-region-scan-start]
14.767: [GC concurrent-root-region-scan-end, 0.0000030 secs]
14.767: [GC concurrent-mark-start]
14.767: Application time: 0.0000180 seconds
14.767: [Full GC 3573K->2263K(4096K), 0.0071200 secs]
   [Eden: 0.0B(1024.0K)->0.0B(1024.0K) Survivors: 0.0B->0.0B Heap: 3573.9K(4096.0K)->2263.2K(4096.0K)], [Perm: 5063K->5061K(20480K)]
 [Times: user=0.01 sys=0.01, real=0.00 secs] 
14.774: Total time for which application threads were stopped: 0.0071880 seconds, Stopping threads took: 0.0000050 seconds
14.774: [GC concurrent-mark-abort]
14.776: Application time: 0.0025460 seconds
14.776: [Full GC 2345K->1136K(4096K), 0.0059950 secs]
   [Eden: 1024.0K(1024.0K)->0.0B(1024.0K) Survivors: 0.0B->0.0B Heap: 2346.0K(4096.0K)->1136.4K(4096.0K)], [Perm: 5073K->5073K(20480K)]
 [Times: user=0.01 sys=0.00, real=0.00 secs] 
14.782: Total time for which application threads were stopped: 0.0060950 seconds, Stopping threads took: 0.0000310 seconds
14.782: Application time: 0.0000470 seconds
14.782: [Full GC 1136K->1136K(4096K), 0.0050220 secs]
   [Eden: 0.0B(1024.0K)->0.0B(1024.0K) Survivors: 0.0B->0.0B Heap: 1136.4K(4096.0K)->1136.4K(4096.0K)], [Perm: 5073K->5073K(20480K)]
 [Times: user=0.00 sys=0.00, real=0.01 secs] 
14.788: Total time for which application threads were stopped: 0.0050890 seconds, Stopping threads took: 0.0000070 seconds
14.791: Application time: 0.0032490 seconds
14.791: Total time for which application threads were stopped: 0.0000200 seconds, Stopping threads took: 0.0000080 seconds
16.512: Application time: 1.7211650 seconds
16.512: Total time for which application threads were stopped: 0.0000450 seconds, Stopping threads took: 0.0000270 seconds
16.520: Application time: 0.0084010 seconds
16.520: [GC pause (young), 0.0016610 secs]
   [Parallel Time: 1.2 ms, GC Workers: 8]
      [GC Worker Start (ms): Min: 16520.5, Avg: 16520.6, Max: 16521.1, Diff: 0.6]
      [Ext Root Scanning (ms): Min: 0.1, Avg: 0.6, Max: 0.7, Diff: 0.6, Sum: 4.6]
      [Update RS (ms): Min: 0.0, Avg: 0.0, Max: 0.1, Diff: 0.1, Sum: 0.1]
         [Processed Buffers: Min: 0, Avg: 1.1, Max: 4, Diff: 4, Sum: 9]
      [Scan RS (ms): Min: 0.0, Avg: 0.0, Max: 0.0, Diff: 0.0, Sum: 0.0]
      [Code Root Scanning (ms): Min: 0.0, Avg: 0.0, Max: 0.0, Diff: 0.0, Sum: 0.0]
      [Object Copy (ms): Min: 0.1, Avg: 0.2, Max: 0.2, Diff: 0.1, Sum: 1.2]
      [Termination (ms): Min: 0.0, Avg: 0.0, Max: 0.0, Diff: 0.0, Sum: 0.0]
      [GC Worker Other (ms): Min: 0.0, Avg: 0.0, Max: 0.0, Diff: 0.0, Sum: 0.0]
      [GC Worker Total (ms): Min: 0.3, Avg: 0.8, Max: 0.9, Diff: 0.6, Sum: 6.1]
      [GC Worker End (ms): Min: 16521.4, Avg: 16521.4, Max: 16521.4, Diff: 0.0]
   [Code Root Fixup: 0.0 ms]
   [Code Root Migration: 0.0 ms]
   [Clear CT: 0.2 ms]
   [Other: 0.3 ms]
      [Choose CSet: 0.0 ms]
      [Ref Proc: 0.3 ms]
      [Ref Enq: 0.0 ms]
      [Free CSet: 0.0 ms]
   [Eden: 1024.0K(1024.0K)->0.0B(1024.0K) Survivors: 0.0B->1024.0K Heap: 2160.4K(4096.0K)->1620.8K(4096.0K)]
 [Times: user=0.01 sys=0.00, real=0.00 secs] 
16.522: Total time for which application threads were stopped: 0.0017560 seconds, Stopping threads took: 0.0000120 seconds
16.522: Application time: 0.0000860 seconds
16.522: Total time for which application threads were stopped: 0.0000240 seconds, Stopping threads took: 0.0000110 seconds
16.522: Application time: 0.0000240 seconds
16.522: Total time for which application threads were stopped: 0.0000260 seconds, Stopping threads took: 0.0000180 seconds
16.522: Application time: 0.0000130 seconds
16.522: Total time for which application threads were stopped: 0.0000090 seconds, Stopping threads took: 0.0000030 seconds
16.527: Application time: 0.0043900 seconds
16.527: [GC pause (young) (initial-mark) (to-space exhausted), 0.0047160 secs]
   [Parallel Time: 4.1 ms, GC Workers: 8]
      [GC Worker Start (ms): Min: 16526.8, Avg: 16526.9, Max: 16527.2, Diff: 0.4]
      [Ext Root Scanning (ms): Min: 0.0, Avg: 0.3, Max: 0.4, Diff: 0.4, Sum: 2.5]
      [Code Root Marking (ms): Min: 0.0, Avg: 0.0, Max: 0.0, Diff: 0.0, Sum: 0.0]
      [Update RS (ms): Min: 0.0, Avg: 0.0, Max: 0.1, Diff: 0.1, Sum: 0.1]
         [Processed Buffers: Min: 0, Avg: 1.2, Max: 6, Diff: 6, Sum: 10]
      [Scan RS (ms): Min: 0.0, Avg: 0.0, Max: 0.0, Diff: 0.0, Sum: 0.0]
      [Code Root Scanning (ms): Min: 0.0, Avg: 0.0, Max: 0.0, Diff: 0.0, Sum: 0.0]
      [Object Copy (ms): Min: 3.4, Avg: 3.5, Max: 3.6, Diff: 0.2, Sum: 28.2]
      [Termination (ms): Min: 0.0, Avg: 0.1, Max: 0.1, Diff: 0.1, Sum: 0.5]
      [GC Worker Other (ms): Min: 0.0, Avg: 0.0, Max: 0.0, Diff: 0.0, Sum: 0.0]
      [GC Worker Total (ms): Min: 3.6, Avg: 3.9, Max: 4.0, Diff: 0.4, Sum: 31.4]
      [GC Worker End (ms): Min: 16530.8, Avg: 16530.8, Max: 16530.8, Diff: 0.0]
   [Code Root Fixup: 0.0 ms]
   [Code Root Migration: 0.0 ms]
   [Clear CT: 0.1 ms]
   [Other: 0.6 ms]
      [Choose CSet: 0.0 ms]
      [Ref Proc: 0.1 ms]
      [Ref Enq: 0.0 ms]
      [Free CSet: 0.0 ms]
   [Eden: 1024.0K(1024.0K)->0.0B(1024.0K) Survivors: 1024.0K->0.0B Heap: 2644.8K(4096.0K)->2644.8K(4096.0K)]
 [Times: user=0.01 sys=0.00, real=0.00 secs] 
16.532: [GC concurrent-root-region-scan-start]
16.532: 16.532: Total time for which application threads were stopped: 0.0048300 seconds, Stopping threads took: 0.0000210 seconds
[GC concurrent-root-region-scan-end, 0.0000030 secs]
16.532: [GC concurrent-mark-start]
16.533: [GC concurrent-mark-end, 0.0009610 secs]
16.533: Application time: 0.0009720 seconds
16.533: [GC pause (young), 0.0007890 secs]
   [Parallel Time: 0.6 ms, GC Workers: 8]
      [GC Worker Start (ms): Min: 16532.6, Avg: 16532.7, Max: 16533.2, Diff: 0.6]
      [Ext Root Scanning (ms): Min: 0.0, Avg: 0.3, Max: 0.4, Diff: 0.4, Sum: 2.2]
      [SATB Filtering (ms): Min: 0.0, Avg: 0.0, Max: 0.0, Diff: 0.0, Sum: 0.0]
      [Update RS (ms): Min: 0.0, Avg: 0.1, Max: 0.2, Diff: 0.2, Sum: 1.0]
         [Processed Buffers: Min: 0, Avg: 1.9, Max: 4, Diff: 4, Sum: 15]
      [Scan RS (ms): Min: 0.0, Avg: 0.0, Max: 0.0, Diff: 0.0, Sum: 0.0]
      [Code Root Scanning (ms): Min: 0.0, Avg: 0.0, Max: 0.0, Diff: 0.0, Sum: 0.0]
      [Object Copy (ms): Min: 0.0, Avg: 0.0, Max: 0.0, Diff: 0.0, Sum: 0.1]
      [Termination (ms): Min: 0.0, Avg: 0.1, Max: 0.2, Diff: 0.2, Sum: 0.8]
      [GC Worker Other (ms): Min: 0.0, Avg: 0.0, Max: 0.0, Diff: 0.0, Sum: 0.0]
      [GC Worker Total (ms): Min: 0.0, Avg: 0.5, Max: 0.6, Diff: 0.6, Sum: 4.2]
      [GC Worker End (ms): Min: 16533.2, Avg: 16533.2, Max: 16533.2, Diff: 0.0]
   [Code Root Fixup: 0.0 ms]
   [Code Root Migration: 0.0 ms]
   [Clear CT: 0.1 ms]
   [Other: 0.1 ms]
      [Choose CSet: 0.0 ms]
      [Ref Proc: 0.1 ms]
      [Ref Enq: 0.0 ms]
      [Free CSet: 0.0 ms]
   [Eden: 0.0B(1024.0K)->0.0B(1024.0K) Survivors: 0.0B->0.0B Heap: 2644.8K(4096.0K)->2644.8K(4096.0K)]
 [Times: user=0.01 sys=0.00, real=0.00 secs] 
16.533: Total time for which application threads were stopped: 0.0008660 seconds, Stopping threads took: 0.0000090 seconds
16.533: Application time: 0.0000140 seconds
16.533: [Full GC 2644K->1942K(4096K), 0.0060820 secs]
   [Eden: 0.0B(1024.0K)->0.0B(1024.0K) Survivors: 0.0B->0.0B Heap: 2644.8K(4096.0K)->1942.2K(4096.0K)], [Perm: 5401K->5401K(20480K)]
 [Times: user=0.01 sys=0.00, real=0.01 secs] 
16.540: Total time for which application threads were stopped: 0.0061470 seconds, Stopping threads took: 0.0000070 seconds
16.540: Application time: 0.0000380 seconds
16.540: [GC remark, 0.0000130 secs]
 [Times: user=0.00 sys=0.00, real=0.00 secs] 
16.540: Total time for which application threads were stopped: 0.0000420 seconds, Stopping threads took: 0.0000160 seconds
16.540: [GC concurrent-mark-abort]
16.562: Application time: 0.0223550 seconds
16.562: Total time for which application threads were stopped: 0.0000540 seconds, Stopping threads took: 0.0000120 seconds
16.569: Application time: 0.0064370 seconds
16.569: [GC pause (young), 0.0018710 secs]
   [Parallel Time: 1.0 ms, GC Workers: 8]
      [GC Worker Start (ms): Min: 16568.6, Avg: 16568.7, Max: 16568.7, Diff: 0.1]
      [Ext Root Scanning (ms): Min: 0.6, Avg: 0.7, Max: 0.7, Diff: 0.1, Sum: 5.5]
      [Update RS (ms): Min: 0.0, Avg: 0.0, Max: 0.1, Diff: 0.1, Sum: 0.2]
         [Processed Buffers: Min: 0, Avg: 0.9, Max: 3, Diff: 3, Sum: 7]
      [Scan RS (ms): Min: 0.0, Avg: 0.0, Max: 0.0, Diff: 0.0, Sum: 0.0]
      [Code Root Scanning (ms): Min: 0.0, Avg: 0.0, Max: 0.0, Diff: 0.0, Sum: 0.0]
      [Object Copy (ms): Min: 0.1, Avg: 0.2, Max: 0.2, Diff: 0.1, Sum: 1.7]
      [Termination (ms): Min: 0.0, Avg: 0.0, Max: 0.0, Diff: 0.0, Sum: 0.0]
      [GC Worker Other (ms): Min: 0.0, Avg: 0.0, Max: 0.0, Diff: 0.0, Sum: 0.1]
      [GC Worker Total (ms): Min: 0.9, Avg: 0.9, Max: 1.0, Diff: 0.1, Sum: 7.4]
      [GC Worker End (ms): Min: 16569.6, Avg: 16569.6, Max: 16569.6, Diff: 0.0]
   [Code Root Fixup: 0.0 ms]
   [Code Root Migration: 0.0 ms]
   [Clear CT: 0.4 ms]
   [Other: 0.4 ms]
      [Choose CSet: 0.0 ms]
      [Ref Proc: 0.3 ms]
      [Ref Enq: 0.0 ms]
      [Free CSet: 0.0 ms]
   [Eden: 1024.0K(1024.0K)->0.0B(1024.0K) Survivors: 0.0B->1024.0K Heap: 2966.2K(4096.0K)->2556.3K(4096.0K)]
 [Times: user=0.01 sys=0.00, real=0.00 secs] 
16.570: Total time for which application threads were stopped: 0.0019680 seconds, Stopping threads took: 0.0000080 seconds
16.584: Application time: 0.0139360 seconds
16.584: [GC pause (young) (initial-mark) (to-space exhausted), 0.0037850 secs]
   [Parallel Time: 3.2 ms, GC Workers: 8]
      [GC Worker Start (ms): Min: 16584.5, Avg: 16584.6, Max: 16585.0, Diff: 0.5]
      [Ext Root Scanning (ms): Min: 0.1, Avg: 0.4, Max: 0.5, Diff: 0.4, Sum: 3.0]
      [Code Root Marking (ms): Min: 0.0, Avg: 0.0, Max: 0.0, Diff: 0.0, Sum: 0.0]
      [Update RS (ms): Min: 0.0, Avg: 0.0, Max: 0.1, Diff: 0.1, Sum: 0.1]
         [Processed Buffers: Min: 0, Avg: 1.2, Max: 6, Diff: 6, Sum: 10]
      [Scan RS (ms): Min: 0.0, Avg: 0.0, Max: 0.0, Diff: 0.0, Sum: 0.0]
      [Code Root Scanning (ms): Min: 0.0, Avg: 0.0, Max: 0.0, Diff: 0.0, Sum: 0.0]
      [Object Copy (ms): Min: 2.5, Avg: 2.6, Max: 2.7, Diff: 0.2, Sum: 20.7]
      [Termination (ms): Min: 0.0, Avg: 0.1, Max: 0.1, Diff: 0.1, Sum: 0.8]
      [GC Worker Other (ms): Min: 0.0, Avg: 0.0, Max: 0.0, Diff: 0.0, Sum: 0.0]
      [GC Worker Total (ms): Min: 2.7, Avg: 3.1, Max: 3.2, Diff: 0.5, Sum: 24.7]
      [GC Worker End (ms): Min: 16587.7, Avg: 16587.7, Max: 16587.7, Diff: 0.0]
   [Code Root Fixup: 0.0 ms]
   [Code Root Migration: 0.0 ms]
   [Clear CT: 0.0 ms]
   [Other: 0.5 ms]
      [Choose CSet: 0.0 ms]
      [Ref Proc: 0.1 ms]
      [Ref Enq: 0.0 ms]
      [Free CSet: 0.0 ms]
   [Eden: 1024.0K(1024.0K)->0.0B(1024.0K) Survivors: 1024.0K->0.0B Heap: 3580.3K(4096.0K)->3580.3K(4096.0K)]
 [Times: user=0.01 sys=0.00, real=0.00 secs] 
16.588: [GC concurrent-root-region-scan-start]
16.588: 16.588: [GC concurrent-root-region-scan-end, 0.0000040 secs]
Total time for which application threads were stopped: 0.0038920 seconds, Stopping threads took: 0.0000110 seconds
16.588: [GC concurrent-mark-start]
16.588: Application time: 0.0000240 seconds
16.588: [Full GC 3580K->2063K(4096K), 0.0075070 secs]
   [Eden: 0.0B(1024.0K)->0.0B(1024.0K) Survivors: 0.0B->0.0B Heap: 3580.3K(4096.0K)->2063.8K(4096.0K)], [Perm: 6903K->6902K(20480K)]
 [Times: user=0.01 sys=0.00, real=0.00 secs] 
16.596: Total time for which application threads were stopped: 0.0075790 seconds, Stopping threads took: 0.0000080 seconds
16.596: [GC concurrent-mark-abort]
16.606: Application time: 0.0098240 seconds
16.606: [GC pause (young) (to-space exhausted), 0.0020580 secs]
   [Parallel Time: 1.5 ms, GC Workers: 8]
      [GC Worker Start (ms): Min: 16605.8, Avg: 16605.9, Max: 16605.9, Diff: 0.1]
      [Ext Root Scanning (ms): Min: 0.8, Avg: 0.9, Max: 0.9, Diff: 0.1, Sum: 6.9]
      [Update RS (ms): Min: 0.0, Avg: 0.0, Max: 0.1, Diff: 0.1, Sum: 0.2]
         [Processed Buffers: Min: 0, Avg: 0.2, Max: 1, Diff: 1, Sum: 2]
      [Scan RS (ms): Min: 0.0, Avg: 0.0, Max: 0.0, Diff: 0.0, Sum: 0.0]
      [Code Root Scanning (ms): Min: 0.0, Avg: 0.0, Max: 0.0, Diff: 0.0, Sum: 0.0]
      [Object Copy (ms): Min: 0.3, Avg: 0.4, Max: 0.4, Diff: 0.2, Sum: 2.9]
      [Termination (ms): Min: 0.0, Avg: 0.1, Max: 0.1, Diff: 0.1, Sum: 0.5]
      [GC Worker Other (ms): Min: 0.0, Avg: 0.0, Max: 0.0, Diff: 0.0, Sum: 0.0]
      [GC Worker Total (ms): Min: 1.3, Avg: 1.3, Max: 1.4, Diff: 0.1, Sum: 10.5]
      [GC Worker End (ms): Min: 16607.2, Avg: 16607.2, Max: 16607.2, Diff: 0.0]
   [Code Root Fixup: 0.0 ms]
   [Code Root Migration: 0.0 ms]
   [Clear CT: 0.1 ms]
   [Other: 0.5 ms]
      [Choose CSet: 0.0 ms]
      [Ref Proc: 0.2 ms]
      [Ref Enq: 0.0 ms]
      [Free CSet: 0.0 ms]
   [Eden: 1024.0K(1024.0K)->0.0B(1024.0K) Survivors: 0.0B->0.0B Heap: 3087.8K(4096.0K)->3087.8K(4096.0K)]
 [Times: user=0.01 sys=0.00, real=0.00 secs] 
16.608: Total time for which application threads were stopped: 0.0021570 seconds, Stopping threads took: 0.0000080 seconds
16.608: Application time: 0.0000190 seconds
16.608: [GC pause (young) (initial-mark), 0.0008710 secs]
   [Parallel Time: 0.7 ms, GC Workers: 8]
      [GC Worker Start (ms): Min: 16608.0, Avg: 16608.0, Max: 16608.0, Diff: 0.0]
      [Ext Root Scanning (ms): Min: 0.4, Avg: 0.4, Max: 0.4, Diff: 0.1, Sum: 3.3]
      [Code Root Marking (ms): Min: 0.0, Avg: 0.0, Max: 0.0, Diff: 0.0, Sum: 0.0]
      [Update RS (ms): Min: 0.0, Avg: 0.0, Max: 0.1, Diff: 0.1, Sum: 0.2]
         [Processed Buffers: Min: 0, Avg: 1.4, Max: 5, Diff: 5, Sum: 11]
      [Scan RS (ms): Min: 0.0, Avg: 0.0, Max: 0.0, Diff: 0.0, Sum: 0.0]
      [Code Root Scanning (ms): Min: 0.0, Avg: 0.0, Max: 0.0, Diff: 0.0, Sum: 0.0]
      [Object Copy (ms): Min: 0.1, Avg: 0.1, Max: 0.1, Diff: 0.1, Sum: 0.8]
      [Termination (ms): Min: 0.0, Avg: 0.1, Max: 0.1, Diff: 0.1, Sum: 0.6]
      [GC Worker Other (ms): Min: 0.0, Avg: 0.0, Max: 0.0, Diff: 0.0, Sum: 0.0]
      [GC Worker Total (ms): Min: 0.6, Avg: 0.6, Max: 0.6, Diff: 0.0, Sum: 5.0]
      [GC Worker End (ms): Min: 16608.6, Avg: 16608.6, Max: 16608.6, Diff: 0.0]
   [Code Root Fixup: 0.0 ms]
   [Code Root Migration: 0.0 ms]
   [Clear CT: 0.1 ms]
   [Other: 0.1 ms]
      [Choose CSet: 0.0 ms]
      [Ref Proc: 0.1 ms]
      [Ref Enq: 0.0 ms]
      [Free CSet: 0.0 ms]
   [Eden: 0.0B(1024.0K)->0.0B(1024.0K) Survivors: 0.0B->0.0B Heap: 3087.8K(4096.0K)->3087.8K(4096.0K)]
 [Times: user=0.01 sys=0.00, real=0.00 secs] 
16.609: 16.609: [GC concurrent-root-region-scan-start]
Total time for which application threads were stopped: 0.0009580 seconds, Stopping threads took: 0.0000050 seconds
16.609: [GC concurrent-root-region-scan-end, 0.0000030 secs]
16.609: [GC concurrent-mark-start]
16.609: Application time: 0.0000220 seconds
16.609: [Full GC 3087K->2161K(4096K), 0.0074630 secs]
   [Eden: 0.0B(1024.0K)->0.0B(1024.0K) Survivors: 0.0B->0.0B Heap: 3087.8K(4096.0K)->2161.1K(4096.0K)], [Perm: 7257K->7257K(20480K)]
 [Times: user=0.01 sys=0.00, real=0.01 secs] 
16.616: Total time for which application threads were stopped: 0.0075300 seconds, Stopping threads took: 0.0000060 seconds
16.616: [GC concurrent-mark-abort]
16.637: Application time: 0.0200720 seconds
16.637: [GC pause (young) (to-space exhausted), 0.0021320 secs]
   [Parallel Time: 1.7 ms, GC Workers: 8]
      [GC Worker Start (ms): Min: 16636.6, Avg: 16636.6, Max: 16636.7, Diff: 0.1]
      [Ext Root Scanning (ms): Min: 0.8, Avg: 0.8, Max: 0.9, Diff: 0.1, Sum: 6.7]
      [Update RS (ms): Min: 0.0, Avg: 0.0, Max: 0.1, Diff: 0.1, Sum: 0.1]
         [Processed Buffers: Min: 0, Avg: 0.5, Max: 3, Diff: 3, Sum: 4]
      [Scan RS (ms): Min: 0.0, Avg: 0.0, Max: 0.0, Diff: 0.0, Sum: 0.0]
      [Code Root Scanning (ms): Min: 0.0, Avg: 0.0, Max: 0.0, Diff: 0.0, Sum: 0.0]
      [Object Copy (ms): Min: 0.7, Avg: 0.7, Max: 0.8, Diff: 0.1, Sum: 5.8]
      [Termination (ms): Min: 0.0, Avg: 0.1, Max: 0.1, Diff: 0.1, Sum: 0.4]
      [GC Worker Other (ms): Min: 0.0, Avg: 0.0, Max: 0.0, Diff: 0.0, Sum: 0.0]
      [GC Worker Total (ms): Min: 1.6, Avg: 1.6, Max: 1.7, Diff: 0.1, Sum: 13.0]
      [GC Worker End (ms): Min: 16638.2, Avg: 16638.2, Max: 16638.2, Diff: 0.0]
   [Code Root Fixup: 0.0 ms]
   [Code Root Migration: 0.0 ms]
   [Clear CT: 0.0 ms]
   [Other: 0.4 ms]
      [Choose CSet: 0.0 ms]
      [Ref Proc: 0.1 ms]
      [Ref Enq: 0.0 ms]
      [Free CSet: 0.0 ms]
   [Eden: 1024.0K(1024.0K)->0.0B(1024.0K) Survivors: 0.0B->0.0B Heap: 3185.1K(4096.0K)->3185.1K(4096.0K)]
 [Times: user=0.01 sys=0.00, real=0.00 secs] 
16.639: Total time for which application threads were stopped: 0.0022180 seconds, Stopping threads took: 0.0000070 seconds
16.639: Application time: 0.0000150 seconds
16.639: [Full GC 3185K->2160K(4096K), 0.0077850 secs]
   [Eden: 0.0B(1024.0K)->0.0B(1024.0K) Survivors: 0.0B->0.0B Heap: 3185.1K(4096.0K)->2161.0K(4096.0K)], [Perm: 7811K->7811K(20480K)]
 [Times: user=0.01 sys=0.00, real=0.01 secs] 
16.647: Total time for which application threads were stopped: 0.0078470 seconds, Stopping threads took: 0.0000040 seconds
16.656: Application time: 0.0098750 seconds
16.657: [GC pause (young) (to-space exhausted), 0.0042070 secs]
   [Parallel Time: 3.3 ms, GC Workers: 8]
      [GC Worker Start (ms): Min: 16656.6, Avg: 16656.6, Max: 16656.7, Diff: 0.1]
      [Ext Root Scanning (ms): Min: 0.8, Avg: 0.9, Max: 1.0, Diff: 0.2, Sum: 7.2]
      [Update RS (ms): Min: 0.0, Avg: 0.0, Max: 0.1, Diff: 0.1, Sum: 0.1]
         [Processed Buffers: Min: 0, Avg: 0.4, Max: 2, Diff: 2, Sum: 3]
      [Scan RS (ms): Min: 0.0, Avg: 0.0, Max: 0.0, Diff: 0.0, Sum: 0.0]
      [Code Root Scanning (ms): Min: 0.0, Avg: 0.0, Max: 0.0, Diff: 0.0, Sum: 0.0]
      [Object Copy (ms): Min: 2.0, Avg: 2.1, Max: 2.1, Diff: 0.1, Sum: 16.5]
      [Termination (ms): Min: 0.0, Avg: 0.0, Max: 0.1, Diff: 0.1, Sum: 0.4]
      [GC Worker Other (ms): Min: 0.0, Avg: 0.0, Max: 0.0, Diff: 0.0, Sum: 0.0]
      [GC Worker Total (ms): Min: 3.0, Avg: 3.0, Max: 3.1, Diff: 0.1, Sum: 24.3]
      [GC Worker End (ms): Min: 16659.6, Avg: 16659.7, Max: 16659.7, Diff: 0.0]
   [Code Root Fixup: 0.0 ms]
   [Code Root Migration: 0.0 ms]
   [Clear CT: 0.2 ms]
   [Other: 0.7 ms]
      [Choose CSet: 0.0 ms]
      [Ref Proc: 0.1 ms]
      [Ref Enq: 0.0 ms]
      [Free CSet: 0.0 ms]
   [Eden: 1024.0K(1024.0K)->0.0B(1024.0K) Survivors: 0.0B->0.0B Heap: 3185.0K(4096.0K)->3185.0K(4096.0K)]
 [Times: user=0.01 sys=0.00, real=0.00 secs] 
16.661: Total time for which application threads were stopped: 0.0043260 seconds, Stopping threads took: 0.0000180 seconds
16.661: Application time: 0.0000330 seconds
16.661: [Full GC 3184K->2465K(4096K), 0.0096640 secs]
   [Eden: 0.0B(1024.0K)->0.0B(1024.0K) Survivors: 0.0B->0.0B Heap: 3185.0K(4096.0K)->2466.0K(4096.0K)], [Perm: 7886K->7886K(20480K)]
 [Times: user=0.02 sys=0.00, real=0.01 secs] 
16.671: Total time for which application threads were stopped: 0.0097370 seconds, Stopping threads took: 0.0000050 seconds
16.684: Application time: 0.0132730 seconds
16.684: [GC pause (young) (to-space exhausted), 0.0035240 secs]
   [Parallel Time: 2.2 ms, GC Workers: 8]
      [GC Worker Start (ms): Min: 16683.9, Avg: 16684.0, Max: 16684.0, Diff: 0.1]
      [Ext Root Scanning (ms): Min: 0.8, Avg: 0.9, Max: 1.0, Diff: 0.1, Sum: 7.4]
      [Update RS (ms): Min: 0.0, Avg: 0.0, Max: 0.1, Diff: 0.1, Sum: 0.1]
         [Processed Buffers: Min: 0, Avg: 0.4, Max: 3, Diff: 3, Sum: 3]
      [Scan RS (ms): Min: 0.0, Avg: 0.0, Max: 0.0, Diff: 0.0, Sum: 0.0]
      [Code Root Scanning (ms): Min: 0.0, Avg: 0.0, Max: 0.0, Diff: 0.0, Sum: 0.0]
      [Object Copy (ms): Min: 0.3, Avg: 0.6, Max: 0.9, Diff: 0.6, Sum: 4.7]
      [Termination (ms): Min: 0.0, Avg: 0.3, Max: 0.6, Diff: 0.6, Sum: 2.4]
      [GC Worker Other (ms): Min: 0.0, Avg: 0.0, Max: 0.0, Diff: 0.0, Sum: 0.0]
      [GC Worker Total (ms): Min: 1.8, Avg: 1.8, Max: 1.9, Diff: 0.1, Sum: 14.8]
      [GC Worker End (ms): Min: 16685.8, Avg: 16685.8, Max: 16685.8, Diff: 0.0]
   [Code Root Fixup: 0.0 ms]
   [Code Root Migration: 0.0 ms]
   [Clear CT: 0.4 ms]
   [Other: 0.9 ms]
      [Choose CSet: 0.0 ms]
      [Ref Proc: 0.2 ms]
      [Ref Enq: 0.0 ms]
      [Free CSet: 0.0 ms]
   [Eden: 1024.0K(1024.0K)->0.0B(1024.0K) Survivors: 0.0B->0.0B Heap: 3490.0K(4096.0K)->3490.0K(4096.0K)]
 [Times: user=0.01 sys=0.00, real=0.01 secs] 
16.687: Total time for which application threads were stopped: 0.0036380 seconds, Stopping threads took: 0.0000100 seconds
16.688: Application time: 0.0000480 seconds
16.688: [GC pause (young) (initial-mark), 0.0007750 secs]
   [Parallel Time: 0.6 ms, GC Workers: 8]
      [GC Worker Start (ms): Min: 16687.6, Avg: 16687.6, Max: 16687.7, Diff: 0.1]
      [Ext Root Scanning (ms): Min: 0.3, Avg: 0.3, Max: 0.4, Diff: 0.1, Sum: 2.6]
      [Code Root Marking (ms): Min: 0.0, Avg: 0.0, Max: 0.0, Diff: 0.0, Sum: 0.0]
      [Update RS (ms): Min: 0.0, Avg: 0.0, Max: 0.1, Diff: 0.1, Sum: 0.3]
         [Processed Buffers: Min: 0, Avg: 1.2, Max: 4, Diff: 4, Sum: 10]
      [Scan RS (ms): Min: 0.0, Avg: 0.0, Max: 0.0, Diff: 0.0, Sum: 0.0]
      [Code Root Scanning (ms): Min: 0.0, Avg: 0.0, Max: 0.0, Diff: 0.0, Sum: 0.0]
      [Object Copy (ms): Min: 0.1, Avg: 0.1, Max: 0.1, Diff: 0.1, Sum: 0.7]
      [Termination (ms): Min: 0.0, Avg: 0.1, Max: 0.1, Diff: 0.1, Sum: 0.4]
      [GC Worker Other (ms): Min: 0.0, Avg: 0.0, Max: 0.0, Diff: 0.0, Sum: 0.0]
      [GC Worker Total (ms): Min: 0.5, Avg: 0.5, Max: 0.6, Diff: 0.1, Sum: 4.1]
      [GC Worker End (ms): Min: 16688.1, Avg: 16688.2, Max: 16688.2, Diff: 0.0]
   [Code Root Fixup: 0.0 ms]
   [Code Root Migration: 0.0 ms]
   [Clear CT: 0.0 ms]
   [Other: 0.1 ms]
      [Choose CSet: 0.0 ms]
      [Ref Proc: 0.1 ms]
      [Ref Enq: 0.0 ms]
      [Free CSet: 0.0 ms]
   [Eden: 0.0B(1024.0K)->0.0B(1024.0K) Survivors: 0.0B->0.0B Heap: 3490.0K(4096.0K)->3490.0K(4096.0K)]
 [Times: user=0.01 sys=0.00, real=0.00 secs] 
16.688: 16.688: Total time for which application threads were stopped: 0.0008670 seconds, Stopping threads took: 0.0000190 seconds
[GC concurrent-root-region-scan-start]
16.688: [GC concurrent-root-region-scan-end, 0.0000040 secs]
16.688: [GC concurrent-mark-start]
16.688: Application time: 0.0000200 seconds
16.688: [Full GC 3489K->2333K(4096K), 0.0086030 secs]
   [Eden: 0.0B(1024.0K)->0.0B(1024.0K) Survivors: 0.0B->0.0B Heap: 3490.0K(4096.0K)->2333.5K(4096.0K)], [Perm: 7948K->7947K(20480K)]
 [Times: user=0.01 sys=0.00, real=0.01 secs] 
16.697: Total time for which application threads were stopped: 0.0086660 seconds, Stopping threads took: 0.0000040 seconds
16.697: [GC concurrent-mark-abort]
16.716: Application time: 0.0187530 seconds
16.716: [GC pause (young) (to-space exhausted), 0.0027140 secs]
   [Parallel Time: 2.2 ms, GC Workers: 8]
      [GC Worker Start (ms): Min: 16715.9, Avg: 16716.0, Max: 16716.0, Diff: 0.1]
      [Ext Root Scanning (ms): Min: 0.5, Avg: 0.8, Max: 1.2, Diff: 0.6, Sum: 6.4]
      [Update RS (ms): Min: 0.0, Avg: 0.0, Max: 0.1, Diff: 0.1, Sum: 0.1]
         [Processed Buffers: Min: 0, Avg: 0.6, Max: 2, Diff: 2, Sum: 5]
      [Scan RS (ms): Min: 0.0, Avg: 0.0, Max: 0.0, Diff: 0.0, Sum: 0.0]
      [Code Root Scanning (ms): Min: 0.0, Avg: 0.0, Max: 0.0, Diff: 0.0, Sum: 0.0]
      [Object Copy (ms): Min: 0.8, Avg: 1.2, Max: 1.6, Diff: 0.7, Sum: 10.0]
      [Termination (ms): Min: 0.0, Avg: 0.0, Max: 0.0, Diff: 0.0, Sum: 0.2]
      [GC Worker Other (ms): Min: 0.0, Avg: 0.0, Max: 0.0, Diff: 0.0, Sum: 0.0]
      [GC Worker Total (ms): Min: 2.0, Avg: 2.1, Max: 2.1, Diff: 0.1, Sum: 16.7]
      [GC Worker End (ms): Min: 16718.0, Avg: 16718.0, Max: 16718.1, Diff: 0.0]
   [Code Root Fixup: 0.0 ms]
   [Code Root Migration: 0.0 ms]
   [Clear CT: 0.0 ms]
   [Other: 0.5 ms]
      [Choose CSet: 0.0 ms]
      [Ref Proc: 0.1 ms]
      [Ref Enq: 0.0 ms]
      [Free CSet: 0.0 ms]
   [Eden: 1024.0K(1024.0K)->0.0B(1024.0K) Survivors: 0.0B->0.0B Heap: 3357.5K(4096.0K)->3357.5K(4096.0K)]
 [Times: user=0.01 sys=0.00, real=0.01 secs] 
16.719: Total time for which application threads were stopped: 0.0028160 seconds, Stopping threads took: 0.0000190 seconds
16.719: Application time: 0.0000160 seconds
16.719: [GC pause (young) (initial-mark), 0.0007740 secs]
   [Parallel Time: 0.7 ms, GC Workers: 8]
      [GC Worker Start (ms): Min: 16718.7, Avg: 16718.7, Max: 16718.7, Diff: 0.0]
      [Ext Root Scanning (ms): Min: 0.3, Avg: 0.4, Max: 0.4, Diff: 0.1, Sum: 3.0]
      [Code Root Marking (ms): Min: 0.0, Avg: 0.0, Max: 0.0, Diff: 0.0, Sum: 0.0]
      [Update RS (ms): Min: 0.0, Avg: 0.1, Max: 0.1, Diff: 0.1, Sum: 0.4]
         [Processed Buffers: Min: 0, Avg: 1.4, Max: 7, Diff: 7, Sum: 11]
      [Scan RS (ms): Min: 0.0, Avg: 0.0, Max: 0.0, Diff: 0.0, Sum: 0.0]
      [Code Root Scanning (ms): Min: 0.0, Avg: 0.0, Max: 0.0, Diff: 0.0, Sum: 0.0]
      [Object Copy (ms): Min: 0.1, Avg: 0.1, Max: 0.1, Diff: 0.0, Sum: 0.8]
      [Termination (ms): Min: 0.0, Avg: 0.1, Max: 0.1, Diff: 0.1, Sum: 0.8]
      [GC Worker Other (ms): Min: -0.0, Avg: 0.0, Max: 0.0, Diff: 0.0, Sum: 0.0]
      [GC Worker Total (ms): Min: 0.6, Avg: 0.6, Max: 0.6, Diff: 0.0, Sum: 5.0]
      [GC Worker End (ms): Min: 16719.3, Avg: 16719.3, Max: 16719.4, Diff: 0.0]
   [Code Root Fixup: 0.0 ms]
   [Code Root Migration: 0.0 ms]
   [Clear CT: 0.0 ms]
   [Other: 0.1 ms]
      [Choose CSet: 0.0 ms]
      [Ref Proc: 0.0 ms]
      [Ref Enq: 0.0 ms]
      [Free CSet: 0.0 ms]
   [Eden: 0.0B(1024.0K)->0.0B(1024.0K) Survivors: 0.0B->0.0B Heap: 3357.5K(4096.0K)->3357.5K(4096.0K)]
 [Times: user=0.01 sys=0.00, real=0.00 secs] 
16.720: 16.720: [GC concurrent-root-region-scan-start]
Total time for which application threads were stopped: 0.0008410 seconds, Stopping threads took: 0.0000040 seconds
16.720: [GC concurrent-root-region-scan-end, 0.0000030 secs]
16.720: [GC concurrent-mark-start]
16.720: Application time: 0.0005430 seconds
16.720: [Full GC 3357K->2701K(4096K), 0.0096690 secs]
   [Eden: 0.0B(1024.0K)->0.0B(1024.0K) Survivors: 0.0B->0.0B Heap: 3357.5K(4096.0K)->2701.8K(4096.0K)], [Perm: 8871K->8871K(20480K)]
 [Times: user=0.01 sys=0.00, real=0.01 secs] 
16.730: Total time for which application threads were stopped: 0.0097360 seconds, Stopping threads took: 0.0000040 seconds
16.730: [GC concurrent-mark-abort]
16.756: Application time: 0.0259370 seconds
16.756: [GC pause (young) (to-space exhausted), 0.0027930 secs]
   [Parallel Time: 2.2 ms, GC Workers: 8]
      [GC Worker Start (ms): Min: 16755.8, Avg: 16755.9, Max: 16755.9, Diff: 0.1]
      [Ext Root Scanning (ms): Min: 0.8, Avg: 0.9, Max: 1.0, Diff: 0.2, Sum: 7.3]
      [Update RS (ms): Min: 0.0, Avg: 0.0, Max: 0.1, Diff: 0.1, Sum: 0.2]
         [Processed Buffers: Min: 0, Avg: 0.6, Max: 2, Diff: 2, Sum: 5]
      [Scan RS (ms): Min: 0.0, Avg: 0.0, Max: 0.0, Diff: 0.0, Sum: 0.0]
      [Code Root Scanning (ms): Min: 0.0, Avg: 0.0, Max: 0.0, Diff: 0.0, Sum: 0.0]
      [Object Copy (ms): Min: 1.0, Avg: 1.1, Max: 1.2, Diff: 0.2, Sum: 8.7]
      [Termination (ms): Min: 0.0, Avg: 0.1, Max: 0.2, Diff: 0.2, Sum: 0.9]
      [GC Worker Other (ms): Min: 0.0, Avg: 0.0, Max: 0.0, Diff: 0.0, Sum: 0.0]
      [GC Worker Total (ms): Min: 2.1, Avg: 2.1, Max: 2.2, Diff: 0.1, Sum: 17.1]
      [GC Worker End (ms): Min: 16758.0, Avg: 16758.0, Max: 16758.0, Diff: 0.0]
   [Code Root Fixup: 0.0 ms]
   [Code Root Migration: 0.0 ms]
   [Clear CT: 0.0 ms]
   [Other: 0.5 ms]
      [Choose CSet: 0.0 ms]
      [Ref Proc: 0.1 ms]
      [Ref Enq: 0.0 ms]
      [Free CSet: 0.0 ms]
   [Eden: 1024.0K(1024.0K)->0.0B(1024.0K) Survivors: 0.0B->0.0B Heap: 3725.8K(4096.0K)->3725.8K(4096.0K)]
 [Times: user=0.01 sys=0.00, real=0.01 secs] 
16.759: Total time for which application threads were stopped: 0.0028860 seconds, Stopping threads took: 0.0000080 seconds
16.759: Application time: 0.0000170 seconds
16.759: [GC pause (young) (initial-mark), 0.0009110 secs]
   [Parallel Time: 0.8 ms, GC Workers: 8]
      [GC Worker Start (ms): Min: 16758.7, Avg: 16758.7, Max: 16758.7, Diff: 0.0]
      [Ext Root Scanning (ms): Min: 0.4, Avg: 0.4, Max: 0.4, Diff: 0.1, Sum: 3.3]
      [Code Root Marking (ms): Min: 0.0, Avg: 0.0, Max: 0.0, Diff: 0.0, Sum: 0.0]
      [Update RS (ms): Min: 0.0, Avg: 0.1, Max: 0.2, Diff: 0.2, Sum: 0.6]
         [Processed Buffers: Min: 0, Avg: 1.8, Max: 3, Diff: 3, Sum: 14]
      [Scan RS (ms): Min: 0.0, Avg: 0.0, Max: 0.0, Diff: 0.0, Sum: 0.0]
      [Code Root Scanning (ms): Min: 0.0, Avg: 0.0, Max: 0.0, Diff: 0.0, Sum: 0.0]
      [Object Copy (ms): Min: 0.1, Avg: 0.1, Max: 0.2, Diff: 0.1, Sum: 0.9]
      [Termination (ms): Min: 0.0, Avg: 0.2, Max: 0.2, Diff: 0.2, Sum: 1.3]
      [GC Worker Other (ms): Min: 0.0, Avg: 0.0, Max: 0.0, Diff: 0.0, Sum: 0.0]
      [GC Worker Total (ms): Min: 0.7, Avg: 0.8, Max: 0.8, Diff: 0.0, Sum: 6.1]
      [GC Worker End (ms): Min: 16759.4, Avg: 16759.5, Max: 16759.5, Diff: 0.0]
   [Code Root Fixup: 0.0 ms]
   [Code Root Migration: 0.0 ms]
   [Clear CT: 0.0 ms]
   [Other: 0.1 ms]
      [Choose CSet: 0.0 ms]
      [Ref Proc: 0.1 ms]
      [Ref Enq: 0.0 ms]
      [Free CSet: 0.0 ms]
   [Eden: 0.0B(1024.0K)->0.0B(1024.0K) Survivors: 0.0B->0.0B Heap: 3725.8K(4096.0K)->3725.8K(4096.0K)]
 [Times: user=0.00 sys=0.00, real=0.00 secs] 
16.760: 16.760: Total time for which application threads were stopped: 0.0009750 seconds, Stopping threads took: 0.0000050 seconds
[GC concurrent-root-region-scan-start]
16.760: [GC concurrent-root-region-scan-end, 0.0000040 secs]
16.760: [GC concurrent-mark-start]
16.760: Application time: 0.0000160 seconds
16.760: [Full GC 3725K->2818K(4096K), 0.0101040 secs]
   [Eden: 0.0B(1024.0K)->0.0B(1024.0K) Survivors: 0.0B->0.0B Heap: 3725.8K(4096.0K)->2818.1K(4096.0K)], [Perm: 9721K->9721K(20480K)]
 [Times: user=0.02 sys=0.00, real=0.01 secs] 
16.770: Total time for which application threads were stopped: 0.0101730 seconds, Stopping threads took: 0.0000040 seconds
16.770: [GC concurrent-mark-abort]
16.789: Application time: 0.0194110 seconds
16.789: [GC pause (young) (to-space exhausted), 0.0029840 secs]
   [Parallel Time: 2.4 ms, GC Workers: 8]
      [GC Worker Start (ms): Min: 16789.3, Avg: 16789.4, Max: 16789.5, Diff: 0.2]
      [Ext Root Scanning (ms): Min: 0.6, Avg: 0.9, Max: 1.2, Diff: 0.6, Sum: 6.8]
      [Update RS (ms): Min: 0.0, Avg: 0.0, Max: 0.2, Diff: 0.2, Sum: 0.2]
         [Processed Buffers: Min: 0, Avg: 0.8, Max: 4, Diff: 4, Sum: 6]
      [Scan RS (ms): Min: 0.0, Avg: 0.0, Max: 0.0, Diff: 0.0, Sum: 0.0]
      [Code Root Scanning (ms): Min: 0.0, Avg: 0.0, Max: 0.0, Diff: 0.0, Sum: 0.0]
      [Object Copy (ms): Min: 1.1, Avg: 1.3, Max: 1.4, Diff: 0.4, Sum: 10.5]
      [Termination (ms): Min: 0.0, Avg: 0.1, Max: 0.1, Diff: 0.1, Sum: 0.4]
      [GC Worker Other (ms): Min: 0.0, Avg: 0.0, Max: 0.0, Diff: 0.0, Sum: 0.0]
      [GC Worker Total (ms): Min: 2.1, Avg: 2.3, Max: 2.3, Diff: 0.2, Sum: 18.0]
      [GC Worker End (ms): Min: 16791.6, Avg: 16791.6, Max: 16791.6, Diff: 0.0]
   [Code Root Fixup: 0.0 ms]
   [Code Root Migration: 0.0 ms]
   [Clear CT: 0.1 ms]
   [Other: 0.5 ms]
      [Choose CSet: 0.0 ms]
      [Ref Proc: 0.1 ms]
      [Ref Enq: 0.0 ms]
      [Free CSet: 0.0 ms]
   [Eden: 1024.0K(1024.0K)->0.0B(1024.0K) Survivors: 0.0B->0.0B Heap: 3842.1K(4096.0K)->3842.1K(4096.0K)]
 [Times: user=0.01 sys=0.00, real=0.00 secs] 
16.792: Total time for which application threads were stopped: 0.0030960 seconds, Stopping threads took: 0.0000130 seconds
16.792: Application time: 0.0000180 seconds
16.792: [Full GC 3842K->3187K(4096K), 0.0122000 secs]
   [Eden: 0.0B(1024.0K)->0.0B(1024.0K) Survivors: 0.0B->0.0B Heap: 3842.1K(4096.0K)->3187.2K(4096.0K)], [Perm: 10656K->10656K(20480K)]
 [Times: user=0.02 sys=0.00, real=0.02 secs] 
16.805: [Full GC 3187K->2745K(4096K), 0.0127020 secs]
   [Eden: 0.0B(1024.0K)->0.0B(1024.0K) Survivors: 0.0B->0.0B Heap: 3187.2K(4096.0K)->2745.2K(4096.0K)], [Perm: 10656K->10652K(20480K)]
 [Times: user=0.01 sys=0.00, real=0.01 secs] 
16.817: Total time for which application threads were stopped: 0.0250430 seconds, Stopping threads took: 0.0000170 seconds
16.834: Application time: 0.0166760 seconds
16.834: [GC pause (young) (to-space exhausted), 0.0032240 secs]
   [Parallel Time: 2.5 ms, GC Workers: 8]
      [GC Worker Start (ms): Min: 16834.1, Avg: 16834.2, Max: 16834.2, Diff: 0.1]
      [Ext Root Scanning (ms): Min: 0.8, Avg: 0.9, Max: 1.2, Diff: 0.4, Sum: 7.4]
      [Update RS (ms): Min: 0.0, Avg: 0.0, Max: 0.1, Diff: 0.1, Sum: 0.1]
         [Processed Buffers: Min: 0, Avg: 0.5, Max: 4, Diff: 4, Sum: 4]
      [Scan RS (ms): Min: 0.0, Avg: 0.0, Max: 0.0, Diff: 0.0, Sum: 0.0]
      [Code Root Scanning (ms): Min: 0.0, Avg: 0.0, Max: 0.0, Diff: 0.0, Sum: 0.0]
      [Object Copy (ms): Min: 1.2, Avg: 1.4, Max: 1.5, Diff: 0.3, Sum: 11.1]
      [Termination (ms): Min: 0.0, Avg: 0.0, Max: 0.1, Diff: 0.1, Sum: 0.2]
      [GC Worker Other (ms): Min: 0.0, Avg: 0.0, Max: 0.0, Diff: 0.0, Sum: 0.0]
      [GC Worker Total (ms): Min: 2.3, Avg: 2.4, Max: 2.4, Diff: 0.1, Sum: 19.0]
      [GC Worker End (ms): Min: 16836.6, Avg: 16836.6, Max: 16836.6, Diff: 0.0]
   [Code Root Fixup: 0.0 ms]
   [Code Root Migration: 0.0 ms]
   [Clear CT: 0.1 ms]
   [Other: 0.6 ms]
      [Choose CSet: 0.0 ms]
      [Ref Proc: 0.1 ms]
      [Ref Enq: 0.0 ms]
      [Free CSet: 0.0 ms]
   [Eden: 1024.0K(1024.0K)->0.0B(1024.0K) Survivors: 0.0B->0.0B Heap: 3769.2K(4096.0K)->3769.2K(4096.0K)]
 [Times: user=0.01 sys=0.00, real=0.01 secs] 
16.837: Total time for which application threads were stopped: 0.0033220 seconds, Stopping threads took: 0.0000080 seconds
16.837: Application time: 0.0000170 seconds
16.837: [GC pause (young) (initial-mark), 0.0009120 secs]
   [Parallel Time: 0.8 ms, GC Workers: 8]
      [GC Worker Start (ms): Min: 16837.4, Avg: 16837.4, Max: 16837.5, Diff: 0.0]
      [Ext Root Scanning (ms): Min: 0.4, Avg: 0.5, Max: 0.5, Diff: 0.1, Sum: 3.8]
      [Code Root Marking (ms): Min: 0.0, Avg: 0.0, Max: 0.0, Diff: 0.0, Sum: 0.0]
      [Update RS (ms): Min: 0.0, Avg: 0.1, Max: 0.2, Diff: 0.2, Sum: 0.5]
         [Processed Buffers: Min: 0, Avg: 1.5, Max: 5, Diff: 5, Sum: 12]
      [Scan RS (ms): Min: 0.0, Avg: 0.0, Max: 0.0, Diff: 0.0, Sum: 0.0]
      [Code Root Scanning (ms): Min: 0.0, Avg: 0.0, Max: 0.0, Diff: 0.0, Sum: 0.0]
      [Object Copy (ms): Min: 0.1, Avg: 0.1, Max: 0.2, Diff: 0.1, Sum: 1.1]
      [Termination (ms): Min: 0.0, Avg: 0.1, Max: 0.1, Diff: 0.1, Sum: 0.5]
      [GC Worker Other (ms): Min: 0.0, Avg: 0.0, Max: 0.0, Diff: 0.0, Sum: 0.0]
      [GC Worker Total (ms): Min: 0.7, Avg: 0.8, Max: 0.8, Diff: 0.0, Sum: 6.0]
      [GC Worker End (ms): Min: 16838.2, Avg: 16838.2, Max: 16838.2, Diff: 0.0]
   [Code Root Fixup: 0.0 ms]
   [Code Root Migration: 0.0 ms]
   [Clear CT: 0.0 ms]
   [Other: 0.1 ms]
      [Choose CSet: 0.0 ms]
      [Ref Proc: 0.1 ms]
      [Ref Enq: 0.0 ms]
      [Free CSet: 0.0 ms]
   [Eden: 0.0B(1024.0K)->0.0B(1024.0K) Survivors: 0.0B->0.0B Heap: 3769.2K(4096.0K)->3769.2K(4096.0K)]
 [Times: user=0.01 sys=0.00, real=0.00 secs] 
16.838: [GC concurrent-root-region-scan-start]
16.838: 16.838: [GC concurrent-root-region-scan-end, 0.0000040 secs]
Total time for which application threads were stopped: 0.0009860 seconds, Stopping threads took: 0.0000040 seconds
16.838: [GC concurrent-mark-start]
16.838: Application time: 0.0000230 seconds
16.838: [Full GC 3769K->2919K(4096K), 0.0124620 secs]
   [Eden: 0.0B(1024.0K)->0.0B(1024.0K) Survivors: 0.0B->0.0B Heap: 3769.2K(4096.0K)->2919.9K(4096.0K)], [Perm: 11212K->11212K(20480K)]
 [Times: user=0.01 sys=0.00, real=0.01 secs] 
16.851: Total time for which application threads were stopped: 0.0125370 seconds, Stopping threads took: 0.0000050 seconds
16.851: [GC concurrent-mark-abort]
16.869: Application time: 0.0185280 seconds
16.870: [GC pause (young) (to-space exhausted), 0.0047530 secs]
   [Parallel Time: 3.9 ms, GC Workers: 8]
      [GC Worker Start (ms): Min: 16869.5, Avg: 16869.6, Max: 16869.7, Diff: 0.2]
      [Ext Root Scanning (ms): Min: 0.6, Avg: 1.0, Max: 1.3, Diff: 0.7, Sum: 7.9]
      [Update RS (ms): Min: 0.0, Avg: 0.0, Max: 0.1, Diff: 0.1, Sum: 0.2]
         [Processed Buffers: Min: 0, Avg: 0.4, Max: 1, Diff: 1, Sum: 3]
      [Scan RS (ms): Min: 0.0, Avg: 0.0, Max: 0.0, Diff: 0.0, Sum: 0.0]
      [Code Root Scanning (ms): Min: 0.0, Avg: 0.0, Max: 0.0, Diff: 0.0, Sum: 0.0]
      [Object Copy (ms): Min: 2.4, Avg: 2.6, Max: 3.0, Diff: 0.6, Sum: 21.2]
      [Termination (ms): Min: 0.0, Avg: 0.1, Max: 0.1, Diff: 0.1, Sum: 0.7]
      [GC Worker Other (ms): Min: 0.0, Avg: 0.0, Max: 0.0, Diff: 0.0, Sum: 0.0]
      [GC Worker Total (ms): Min: 3.6, Avg: 3.7, Max: 3.8, Diff: 0.2, Sum: 29.9]
      [GC Worker End (ms): Min: 16873.3, Avg: 16873.3, Max: 16873.3, Diff: 0.0]
   [Code Root Fixup: 0.0 ms]
   [Code Root Migration: 0.0 ms]
   [Clear CT: 0.1 ms]
   [Other: 0.7 ms]
      [Choose CSet: 0.0 ms]
      [Ref Proc: 0.2 ms]
      [Ref Enq: 0.0 ms]
      [Free CSet: 0.0 ms]
   [Eden: 1024.0K(1024.0K)->0.0B(1024.0K) Survivors: 0.0B->0.0B Heap: 3943.9K(4096.0K)->3943.9K(4096.0K)]
 [Times: user=0.02 sys=0.00, real=0.00 secs] 
16.874: Total time for which application threads were stopped: 0.0048540 seconds, Stopping threads took: 0.0000120 seconds
16.874: Application time: 0.0000170 seconds
16.874: [GC pause (young) (initial-mark), 0.0016340 secs]
   [Parallel Time: 1.5 ms, GC Workers: 8]
      [GC Worker Start (ms): Min: 16874.4, Avg: 16874.6, Max: 16875.8, Diff: 1.4]
      [Ext Root Scanning (ms): Min: 0.0, Avg: 0.5, Max: 0.8, Diff: 0.8, Sum: 4.2]
      [Code Root Marking (ms): Min: 0.0, Avg: 0.0, Max: 0.0, Diff: 0.0, Sum: 0.0]
      [Update RS (ms): Min: 0.0, Avg: 0.1, Max: 0.2, Diff: 0.2, Sum: 0.7]
         [Processed Buffers: Min: 0, Avg: 1.9, Max: 4, Diff: 4, Sum: 15]
      [Scan RS (ms): Min: 0.0, Avg: 0.0, Max: 0.0, Diff: 0.0, Sum: 0.0]
      [Code Root Scanning (ms): Min: 0.0, Avg: 0.0, Max: 0.0, Diff: 0.0, Sum: 0.0]
      [Object Copy (ms): Min: 0.0, Avg: 0.2, Max: 0.2, Diff: 0.2, Sum: 1.2]
      [Termination (ms): Min: 0.0, Avg: 0.5, Max: 0.6, Diff: 0.6, Sum: 3.7]
      [GC Worker Other (ms): Min: 0.0, Avg: 0.0, Max: 0.0, Diff: 0.0, Sum: 0.0]
      [GC Worker Total (ms): Min: 0.0, Avg: 1.2, Max: 1.4, Diff: 1.4, Sum: 9.9]
      [GC Worker End (ms): Min: 16875.8, Avg: 16875.8, Max: 16875.8, Diff: 0.0]
   [Code Root Fixup: 0.0 ms]
   [Code Root Migration: 0.0 ms]
   [Clear CT: 0.0 ms]
   [Other: 0.1 ms]
      [Choose CSet: 0.0 ms]
      [Ref Proc: 0.1 ms]
      [Ref Enq: 0.0 ms]
      [Free CSet: 0.0 ms]
   [Eden: 0.0B(1024.0K)->0.0B(1024.0K) Survivors: 0.0B->0.0B Heap: 3943.9K(4096.0K)->3943.9K(4096.0K)]
 [Times: user=0.01 sys=0.00, real=0.01 secs] 
16.876: [GC concurrent-root-region-scan-start]
16.876: 16.876: [GC concurrent-root-region-scan-end, 0.0000040 secs]
Total time for which application threads were stopped: 0.0017290 seconds, Stopping threads took: 0.0000080 seconds
16.876: [GC concurrent-mark-start]
16.876: Application time: 0.0000270 seconds
16.876: [Full GC 3943K->3200K(4096K), 0.0123440 secs]
   [Eden: 0.0B(1024.0K)->0.0B(1024.0K) Survivors: 0.0B->0.0B Heap: 3943.9K(4096.0K)->3200.8K(4096.0K)], [Perm: 11591K->11591K(20480K)]
 [Times: user=0.02 sys=0.00, real=0.01 secs] 
16.889: [Full GC 3200K->3096K(4096K), 0.0116520 secs]
   [Eden: 0.0B(1024.0K)->0.0B(1024.0K) Survivors: 0.0B->0.0B Heap: 3200.8K(4096.0K)->3096.1K(4096.0K)], [Perm: 11591K->11591K(20480K)]
 [Times: user=0.01 sys=0.00, real=0.01 secs] 
16.900: Total time for which application threads were stopped: 0.0241160 seconds, Stopping threads took: 0.0000080 seconds
16.900: [GC concurrent-mark-abort]
16.900: Application time: 0.0002370 seconds
16.900: [GC pause (young), 0.0016530 secs]
   [Parallel Time: 1.4 ms, GC Workers: 8]
      [GC Worker Start (ms): Min: 16900.5, Avg: 16900.5, Max: 16900.6, Diff: 0.1]
      [Ext Root Scanning (ms): Min: 1.2, Avg: 1.2, Max: 1.2, Diff: 0.1, Sum: 9.5]
      [Update RS (ms): Min: 0.0, Avg: 0.0, Max: 0.0, Diff: 0.0, Sum: 0.1]
         [Processed Buffers: Min: 0, Avg: 0.4, Max: 2, Diff: 2, Sum: 3]
      [Scan RS (ms): Min: 0.0, Avg: 0.0, Max: 0.0, Diff: 0.0, Sum: 0.0]
      [Code Root Scanning (ms): Min: 0.0, Avg: 0.0, Max: 0.0, Diff: 0.0, Sum: 0.0]
      [Object Copy (ms): Min: 0.0, Avg: 0.1, Max: 0.1, Diff: 0.0, Sum: 0.5]
      [Termination (ms): Min: 0.0, Avg: 0.0, Max: 0.1, Diff: 0.1, Sum: 0.3]
      [GC Worker Other (ms): Min: 0.0, Avg: 0.0, Max: 0.0, Diff: 0.0, Sum: 0.0]
      [GC Worker Total (ms): Min: 1.3, Avg: 1.3, Max: 1.3, Diff: 0.1, Sum: 10.3]
      [GC Worker End (ms): Min: 16901.8, Avg: 16901.8, Max: 16901.8, Diff: 0.0]
   [Code Root Fixup: 0.0 ms]
   [Code Root Migration: 0.0 ms]
   [Clear CT: 0.1 ms]
   [Other: 0.1 ms]
      [Choose CSet: 0.0 ms]
      [Ref Proc: 0.1 ms]
      [Ref Enq: 0.0 ms]
      [Free CSet: 0.0 ms]
   [Eden: 0.0B(1024.0K)->0.0B(1024.0K) Survivors: 0.0B->0.0B Heap: 3096.1K(4096.0K)->3096.1K(4096.0K)]
 [Times: user=0.02 sys=0.00, real=0.00 secs] 
16.902: Total time for which application threads were stopped: 0.0017520 seconds, Stopping threads took: 0.0000060 seconds
16.902: Application time: 0.0000530 seconds
16.902: [GC pause (young), 0.0008780 secs]
   [Parallel Time: 0.8 ms, GC Workers: 8]
      [GC Worker Start (ms): Min: 16902.3, Avg: 16902.3, Max: 16902.3, Diff: 0.0]
      [Ext Root Scanning (ms): Min: 0.5, Avg: 0.6, Max: 0.7, Diff: 0.1, Sum: 4.8]
      [Update RS (ms): Min: 0.0, Avg: 0.0, Max: 0.0, Diff: 0.0, Sum: 0.0]
         [Processed Buffers: Min: 0, Avg: 0.1, Max: 1, Diff: 1, Sum: 1]
      [Scan RS (ms): Min: 0.0, Avg: 0.0, Max: 0.0, Diff: 0.0, Sum: 0.0]
      [Code Root Scanning (ms): Min: 0.0, Avg: 0.0, Max: 0.0, Diff: 0.0, Sum: 0.0]
      [Object Copy (ms): Min: 0.0, Avg: 0.0, Max: 0.1, Diff: 0.0, Sum: 0.4]
      [Termination (ms): Min: 0.0, Avg: 0.1, Max: 0.1, Diff: 0.1, Sum: 0.5]
      [GC Worker Other (ms): Min: 0.0, Avg: 0.0, Max: 0.0, Diff: 0.0, Sum: 0.0]
      [GC Worker Total (ms): Min: 0.7, Avg: 0.7, Max: 0.7, Diff: 0.0, Sum: 5.7]
      [GC Worker End (ms): Min: 16903.0, Avg: 16903.0, Max: 16903.1, Diff: 0.0]
   [Code Root Fixup: 0.0 ms]
   [Code Root Migration: 0.0 ms]
   [Clear CT: 0.0 ms]
   [Other: 0.1 ms]
      [Choose CSet: 0.0 ms]
      [Ref Proc: 0.1 ms]
      [Ref Enq: 0.0 ms]
      [Free CSet: 0.0 ms]
   [Eden: 0.0B(1024.0K)->0.0B(1024.0K) Survivors: 0.0B->0.0B Heap: 3096.1K(4096.0K)->3096.1K(4096.0K)]
 [Times: user=0.00 sys=0.00, real=0.00 secs] 
16.903: Total time for which application threads were stopped: 0.0009480 seconds, Stopping threads took: 0.0000050 seconds
16.903: Application time: 0.0000140 seconds
16.903: [Full GC 3096K->2562K(4096K), 0.0111980 secs]
   [Eden: 0.0B(1024.0K)->0.0B(1024.0K) Survivors: 0.0B->0.0B Heap: 3096.1K(4096.0K)->2562.6K(4096.0K)], [Perm: 11591K->11590K(20480K)]
 [Times: user=0.02 sys=0.00, real=0.01 secs] 
16.915: Total time for which application threads were stopped: 0.0112610 seconds, Stopping threads took: 0.0000040 seconds
Heap
 garbage-first heap   total 4096K, used 2562K [0x00000000faa00000, 0x00000000fae00000, 0x00000000fae00000)
  region size 1024K, 1 young (1024K), 0 survivors (0K)
 compacting perm gen  total 20480K, used 11601K [0x00000000fae00000, 0x00000000fc200000, 0x0000000100000000)
   the space 20480K,  56% used [0x00000000fae00000, 0x00000000fb954588, 0x00000000fb954600, 0x00000000fc200000)
No shared spaces configured.
16.916: Application time: 0.0010910 seconds
