Java HotSpot(TM) 64-Bit Server VM (24.80-b11) for linux-amd64 JRE (1.7.0_80-b15), built on Apr 10 2015 19:53:14 by "java_re" with gcc 4.3.0 20080428 (Red Hat 4.3.0-8)
Memory: 4k page, physical 8000092k(6365080k free), swap 8218620k(8218620k free)
CommandLine flags: -XX:InitialHeapSize=174129152 -XX:MaxHeapSize=174129152 -XX:+PrintGC -XX:+PrintGCApplicationConcurrentTime -XX:+PrintGCApplicationStoppedTime -XX:+PrintGCDetails -XX:+PrintGCTimeStamps -XX:-UseAdaptiveSizePolicy -XX:+UseCompressedOops -XX:+UseParallelGC 
1.011: Application time: 0.9834440 seconds
1.011: Total time for which application threads were stopped: 0.0000440 seconds, Stopping threads took: 0.0000110 seconds
4.033: Application time: 3.0219560 seconds
4.033: Total time for which application threads were stopped: 0.0000650 seconds, Stopping threads took: 0.0000100 seconds
14.675: Application time: 10.6420400 seconds
14.675: Total time for which application threads were stopped: 0.0000220 seconds, Stopping threads took: 0.0000070 seconds
14.675: Application time: 0.0000630 seconds
14.675: Total time for which application threads were stopped: 0.0000240 seconds, Stopping threads took: 0.0000080 seconds
14.677: Application time: 0.0015340 seconds
14.677: Total time for which application threads were stopped: 0.0000240 seconds, Stopping threads took: 0.0000180 seconds
14.696: Application time: 0.0193980 seconds
14.696: Total time for which application threads were stopped: 0.0000420 seconds, Stopping threads took: 0.0000110 seconds
14.710: Application time: 0.0140310 seconds
14.710: [GC [PSYoungGen: 11496K->3338K(50176K)] 11496K->3346K(163840K), 0.0023660 secs] [Times: user=0.00 sys=0.01, real=0.00 secs] 
14.713: [Full GC [PSYoungGen: 3338K->0K(50176K)] [ParOldGen: 8K->3145K(113664K)] 3346K->3145K(163840K) [PSPermGen: 5076K->5074K(21504K)], 0.0118410 secs] [Times: user=0.05 sys=0.00, real=0.01 secs] 
14.725: Total time for which application threads were stopped: 0.0143320 seconds, Stopping threads took: 0.0000180 seconds
14.725: Application time: 0.0000530 seconds
14.725: [GC [PSYoungGen: 0K->0K(50176K)] 3145K->3145K(163840K), 0.0002790 secs] [Times: user=0.00 sys=0.00, real=0.00 secs] 
14.725: [Full GC [PSYoungGen: 0K->0K(50176K)] [ParOldGen: 3145K->3145K(113664K)] 3145K->3145K(163840K) [PSPermGen: 5074K->5074K(21504K)], 0.0040070 secs] [Times: user=0.02 sys=0.00, real=0.00 secs] 
14.729: Total time for which application threads were stopped: 0.0043860 seconds, Stopping threads took: 0.0000170 seconds
14.729: Application time: 0.0000480 seconds
14.729: Total time for which application threads were stopped: 0.0000220 seconds, Stopping threads took: 0.0000140 seconds
14.729: Application time: 0.0000230 seconds
14.729: Total time for which application threads were stopped: 0.0000130 seconds, Stopping threads took: 0.0000090 seconds
14.729: Application time: 0.0000300 seconds
14.729: Total time for which application threads were stopped: 0.0000130 seconds, Stopping threads took: 0.0000100 seconds
14.729: Application time: 0.0000140 seconds
14.729: Total time for which application threads were stopped: 0.0000160 seconds, Stopping threads took: 0.0000130 seconds
14.729: Application time: 0.0000180 seconds
14.729: Total time for which application threads were stopped: 0.0000140 seconds, Stopping threads took: 0.0000100 seconds
14.729: Application time: 0.0000120 seconds
14.729: Total time for which application threads were stopped: 0.0000140 seconds, Stopping threads took: 0.0000110 seconds
14.729: Application time: 0.0000120 seconds
14.729: Total time for which application threads were stopped: 0.0000150 seconds, Stopping threads took: 0.0000110 seconds
14.729: Application time: 0.0000120 seconds
14.729: Total time for which application threads were stopped: 0.0000170 seconds, Stopping threads took: 0.0000130 seconds
14.729: Application time: 0.0000210 seconds
14.729: Total time for which application threads were stopped: 0.0000150 seconds, Stopping threads took: 0.0000120 seconds
14.729: Application time: 0.0000110 seconds
14.730: Total time for which application threads were stopped: 0.0000210 seconds, Stopping threads took: 0.0000180 seconds
14.730: Application time: 0.0000550 seconds
14.730: Total time for which application threads were stopped: 0.0000180 seconds, Stopping threads took: 0.0000150 seconds
14.730: Application time: 0.0000080 seconds
14.730: Total time for which application threads were stopped: 0.0000150 seconds, Stopping threads took: 0.0000120 seconds
14.730: Application time: 0.0000080 seconds
14.730: Total time for which application threads were stopped: 0.0000140 seconds, Stopping threads took: 0.0000110 seconds
14.730: Application time: 0.0000090 seconds
14.730: Total time for which application threads were stopped: 0.0000150 seconds, Stopping threads took: 0.0000110 seconds
14.730: Application time: 0.0000090 seconds
14.730: Total time for which application threads were stopped: 0.0000140 seconds, Stopping threads took: 0.0000110 seconds
14.730: Application time: 0.0000090 seconds
14.730: Total time for which application threads were stopped: 0.0000120 seconds, Stopping threads took: 0.0000080 seconds
14.730: Application time: 0.0000090 seconds
14.730: Total time for which application threads were stopped: 0.0000110 seconds, Stopping threads took: 0.0000080 seconds
14.730: Application time: 0.0000090 seconds
14.730: Total time for which application threads were stopped: 0.0000120 seconds, Stopping threads took: 0.0000090 seconds
14.730: Application time: 0.0000080 seconds
14.730: Total time for which application threads were stopped: 0.0000120 seconds, Stopping threads took: 0.0000090 seconds
14.730: Application time: 0.0000080 seconds
14.730: Total time for which application threads were stopped: 0.0000190 seconds, Stopping threads took: 0.0000090 seconds
14.730: Application time: 0.0004480 seconds
14.730: Total time for which application threads were stopped: 0.0000160 seconds, Stopping threads took: 0.0000060 seconds
14.761: Application time: 0.0310310 seconds
14.761: Total time for which application threads were stopped: 0.0000640 seconds, Stopping threads took: 0.0000130 seconds
14.788: Application time: 0.0262060 seconds
14.788: Total time for which application threads were stopped: 0.0000340 seconds, Stopping threads took: 0.0000090 seconds
14.809: Application time: 0.0213260 seconds
14.809: Total time for which application threads were stopped: 0.0000120 seconds, Stopping threads took: 0.0000040 seconds
14.810: Application time: 0.0007980 seconds
14.810: Total time for which application threads were stopped: 0.0000860 seconds, Stopping threads took: 0.0000770 seconds
14.810: Application time: 0.0001280 seconds
14.810: Total time for which application threads were stopped: 0.0000500 seconds, Stopping threads took: 0.0000400 seconds
14.811: Application time: 0.0005000 seconds
14.811: Total time for which application threads were stopped: 0.0000210 seconds, Stopping threads took: 0.0000130 seconds
14.811: Application time: 0.0000260 seconds
14.811: Total time for which application threads were stopped: 0.0000320 seconds, Stopping threads took: 0.0000250 seconds
14.811: Application time: 0.0000240 seconds
14.811: Total time for which application threads were stopped: 0.0000320 seconds, Stopping threads took: 0.0000230 seconds
14.811: Application time: 0.0000470 seconds
14.811: Total time for which application threads were stopped: 0.0000230 seconds, Stopping threads took: 0.0000160 seconds
14.811: Application time: 0.0005980 seconds
14.811: Total time for which application threads were stopped: 0.0000270 seconds, Stopping threads took: 0.0000150 seconds
14.811: Application time: 0.0000430 seconds
14.811: Total time for which application threads were stopped: 0.0000280 seconds, Stopping threads took: 0.0000170 seconds
14.811: Application time: 0.0000250 seconds
14.812: Total time for which application threads were stopped: 0.0000350 seconds, Stopping threads took: 0.0000280 seconds
14.812: Application time: 0.0000780 seconds
14.812: Total time for which application threads were stopped: 0.0000120 seconds, Stopping threads took: 0.0000060 seconds
14.812: Application time: 0.0000100 seconds
14.812: Total time for which application threads were stopped: 0.0000070 seconds, Stopping threads took: 0.0000030 seconds
14.812: Application time: 0.0000100 seconds
14.812: Total time for which application threads were stopped: 0.0000070 seconds, Stopping threads took: 0.0000020 seconds
14.812: Application time: 0.0000150 seconds
14.812: Total time for which application threads were stopped: 0.0000070 seconds, Stopping threads took: 0.0000020 seconds
14.812: Application time: 0.0000970 seconds
14.812: Total time for which application threads were stopped: 0.0000070 seconds, Stopping threads took: 0.0000030 seconds
14.812: Application time: 0.0002720 seconds
14.812: Total time for which application threads were stopped: 0.0000360 seconds, Stopping threads took: 0.0000260 seconds
14.815: Application time: 0.0030690 seconds
14.815: Total time for which application threads were stopped: 0.0000560 seconds, Stopping threads took: 0.0000440 seconds
14.815: Application time: 0.0002720 seconds
14.816: Total time for which application threads were stopped: 0.0000780 seconds, Stopping threads took: 0.0000420 seconds
14.816: Application time: 0.0004130 seconds
14.816: Total time for which application threads were stopped: 0.0000260 seconds, Stopping threads took: 0.0000180 seconds
14.816: Application time: 0.0000370 seconds
14.816: Total time for which application threads were stopped: 0.0000230 seconds, Stopping threads took: 0.0000150 seconds
14.839: Application time: 0.0228660 seconds
14.839: Total time for which application threads were stopped: 0.0000260 seconds, Stopping threads took: 0.0000100 seconds
14.839: Application time: 0.0001310 seconds
14.839: Total time for which application threads were stopped: 0.0000560 seconds, Stopping threads took: 0.0000430 seconds
14.839: Application time: 0.0000480 seconds
14.839: Total time for which application threads were stopped: 0.0000190 seconds, Stopping threads took: 0.0000080 seconds
14.839: Application time: 0.0001290 seconds
14.839: Total time for which application threads were stopped: 0.0000240 seconds, Stopping threads took: 0.0000160 seconds
14.839: Application time: 0.0000630 seconds
14.839: Total time for which application threads were stopped: 0.0000240 seconds, Stopping threads took: 0.0000170 seconds
14.839: Application time: 0.0000430 seconds
14.840: Total time for which application threads were stopped: 0.0000270 seconds, Stopping threads took: 0.0000140 seconds
14.840: Application time: 0.0003110 seconds
14.840: Total time for which application threads were stopped: 0.0000610 seconds, Stopping threads took: 0.0000120 seconds
14.863: Application time: 0.0233410 seconds
14.863: Total time for which application threads were stopped: 0.0000790 seconds, Stopping threads took: 0.0000280 seconds
14.864: Application time: 0.0008910 seconds
14.864: Total time for which application threads were stopped: 0.0000340 seconds, Stopping threads took: 0.0000190 seconds
14.927: Application time: 0.0625850 seconds
14.927: [GC [PSYoungGen: 43183K->6634K(50176K)] 46329K->22686K(163840K), 0.0051660 secs] [Times: user=0.03 sys=0.00, real=0.01 secs] 
14.932: Total time for which application threads were stopped: 0.0055410 seconds, Stopping threads took: 0.0002560 seconds
14.933: Application time: 0.0009810 seconds
14.933: Total time for which application threads were stopped: 0.0000760 seconds, Stopping threads took: 0.0000570 seconds
14.933: Application time: 0.0000210 seconds
14.934: Total time for which application threads were stopped: 0.0000390 seconds, Stopping threads took: 0.0000280 seconds
14.934: Application time: 0.0000150 seconds
14.934: Total time for which application threads were stopped: 0.0000290 seconds, Stopping threads took: 0.0000220 seconds
14.934: Application time: 0.0000150 seconds
14.934: Total time for which application threads were stopped: 0.0000210 seconds, Stopping threads took: 0.0000130 seconds
14.934: Application time: 0.0000110 seconds
14.934: Total time for which application threads were stopped: 0.0000260 seconds, Stopping threads took: 0.0000190 seconds
14.934: Application time: 0.0000110 seconds
14.934: Total time for which application threads were stopped: 0.0000270 seconds, Stopping threads took: 0.0000200 seconds
14.934: Application time: 0.0000110 seconds
14.934: Total time for which application threads were stopped: 0.0000260 seconds, Stopping threads took: 0.0000190 seconds
14.934: Application time: 0.0000110 seconds
14.934: Total time for which application threads were stopped: 0.0000220 seconds, Stopping threads took: 0.0000160 seconds
14.934: Application time: 0.0000110 seconds
14.934: Total time for which application threads were stopped: 0.0000240 seconds, Stopping threads took: 0.0000170 seconds
14.934: Application time: 0.0000100 seconds
14.934: Total time for which application threads were stopped: 0.0000270 seconds, Stopping threads took: 0.0000200 seconds
14.934: Application time: 0.0000110 seconds
14.934: Total time for which application threads were stopped: 0.0000260 seconds, Stopping threads took: 0.0000190 seconds
14.934: Application time: 0.0000110 seconds
14.934: Total time for which application threads were stopped: 0.0000220 seconds, Stopping threads took: 0.0000160 seconds
14.934: Application time: 0.0000110 seconds
14.934: Total time for which application threads were stopped: 0.0000240 seconds, Stopping threads took: 0.0000170 seconds
14.934: Application time: 0.0000100 seconds
14.934: Total time for which application threads were stopped: 0.0000260 seconds, Stopping threads took: 0.0000200 seconds
14.934: Application time: 0.0000190 seconds
14.934: Total time for which application threads were stopped: 0.0000300 seconds, Stopping threads took: 0.0000230 seconds
14.934: Application time: 0.0000140 seconds
14.934: Total time for which application threads were stopped: 0.0000280 seconds, Stopping threads took: 0.0000220 seconds
14.934: Application time: 0.0000110 seconds
14.934: Total time for which application threads were stopped: 0.0000260 seconds, Stopping threads took: 0.0000200 seconds
14.934: Application time: 0.0000120 seconds
14.934: Total time for which application threads were stopped: 0.0000260 seconds, Stopping threads took: 0.0000200 seconds
14.934: Application time: 0.0000110 seconds
14.934: Total time for which application threads were stopped: 0.0000240 seconds, Stopping threads took: 0.0000170 seconds
14.934: Application time: 0.0000120 seconds
14.934: Total time for which application threads were stopped: 0.0000670 seconds, Stopping threads took: 0.0000160 seconds
14.934: Application time: 0.0001940 seconds
14.938: Total time for which application threads were stopped: 0.0035630 seconds, Stopping threads took: 0.0035550 seconds
14.938: Application time: 0.0000400 seconds
14.941: Total time for which application threads were stopped: 0.0025510 seconds, Stopping threads took: 0.0025420 seconds
14.950: Application time: 0.0094450 seconds
14.950: Total time for which application threads were stopped: 0.0002280 seconds, Stopping threads took: 0.0001940 seconds
14.951: Application time: 0.0004080 seconds
14.951: Total time for which application threads were stopped: 0.0002050 seconds, Stopping threads took: 0.0001910 seconds
14.956: Application time: 0.0046220 seconds
14.956: [GC [PSYoungGen: 50091K->6468K(50176K)] 66143K->31070K(163840K), 0.0038030 secs] [Times: user=0.03 sys=0.00, real=0.00 secs] 
14.960: Total time for which application threads were stopped: 0.0040580 seconds, Stopping threads took: 0.0001480 seconds
14.975: Application time: 0.0151820 seconds
14.975: [GC [PSYoungGen: 49988K->6468K(50176K)] 74590K->40333K(163840K), 0.0044650 secs] [Times: user=0.02 sys=0.01, real=0.00 secs] 
14.979: Total time for which application threads were stopped: 0.0046950 seconds, Stopping threads took: 0.0001300 seconds
14.995: Application time: 0.0151920 seconds
14.995: [GC [PSYoungGen: 49699K->6468K(50176K)] 83564K->47458K(163840K), 0.0038720 secs] [Times: user=0.02 sys=0.01, real=0.00 secs] 
14.999: Total time for which application threads were stopped: 0.0040700 seconds, Stopping threads took: 0.0001020 seconds
15.012: Application time: 0.0137670 seconds
15.013: [GC [PSYoungGen: 49601K->6500K(50176K)] 90591K->58178K(163840K), 0.0045080 secs] [Times: user=0.03 sys=0.00, real=0.00 secs] 
15.018: Total time for which application threads were stopped: 0.0049900 seconds, Stopping threads took: 0.0003960 seconds
15.033: Application time: 0.0155390 seconds
15.033: [GC [PSYoungGen: 49502K->6500K(50176K)] 101180K->71003K(163840K), 0.0049150 secs] [Times: user=0.03 sys=0.00, real=0.00 secs] 
15.038: Total time for which application threads were stopped: 0.0051010 seconds, Stopping threads took: 0.0001020 seconds
15.052: Application time: 0.0141690 seconds
15.053: [GC [PSYoungGen: 49416K->6468K(50176K)] 113919K->82371K(163840K), 0.0047990 secs] [Times: user=0.03 sys=0.01, real=0.00 secs] 
15.057: Total time for which application threads were stopped: 0.0049870 seconds, Stopping threads took: 0.0001020 seconds
15.072: Application time: 0.0148310 seconds
15.074: [GC [PSYoungGen: 49327K->6516K(50176K)] 125231K->92394K(163840K), 0.0044690 secs] [Times: user=0.03 sys=0.00, real=0.00 secs] 
15.079: Total time for which application threads were stopped: 0.0064310 seconds, Stopping threads took: 0.0018730 seconds
15.093: Application time: 0.0148160 seconds
15.094: [GC [PSYoungGen: 49338K->6500K(50176K)] 135217K->97382K(163840K), 0.0033970 secs] [Times: user=0.02 sys=0.00, real=0.00 secs] 
15.097: Total time for which application threads were stopped: 0.0036290 seconds, Stopping threads took: 0.0001470 seconds
15.113: Application time: 0.0155540 seconds
15.113: [GC [PSYoungGen: 49314K->6484K(50176K)] 140196K->105916K(163840K), 0.0039000 secs] [Times: user=0.03 sys=0.00, real=0.00 secs] 
15.117: [Full GC [PSYoungGen: 6484K->0K(50176K)] [ParOldGen: 99432K->24762K(113664K)] 105916K->24762K(163840K) [PSPermGen: 6049K->6040K(21504K)], 0.0166270 secs] [Times: user=0.09 sys=0.00, real=0.02 secs] 
15.134: Total time for which application threads were stopped: 0.0211270 seconds, Stopping threads took: 0.0004630 seconds
15.149: Application time: 0.0148590 seconds
15.149: [GC [PSYoungGen: 43509K->6540K(50176K)] 68272K->38428K(163840K), 0.0042590 secs] [Times: user=0.03 sys=0.00, real=0.01 secs] 
15.153: Total time for which application threads were stopped: 0.0044510 seconds, Stopping threads took: 0.0001080 seconds
15.168: Application time: 0.0148650 seconds
15.168: [GC [PSYoungGen: 50034K->6573K(50176K)] 81922K->48436K(163840K), 0.0048110 secs] [Times: user=0.04 sys=0.00, real=0.01 secs] 
15.173: Total time for which application threads were stopped: 0.0050100 seconds, Stopping threads took: 0.0001160 seconds
15.188: Application time: 0.0146160 seconds
15.188: [GC [PSYoungGen: 50073K->6637K(50176K)] 91936K->57764K(163840K), 0.0046190 secs] [Times: user=0.03 sys=0.00, real=0.01 secs] 
15.192: Total time for which application threads were stopped: 0.0048140 seconds, Stopping threads took: 0.0001000 seconds
15.206: Application time: 0.0135880 seconds
15.210: [GC [PSYoungGen: 50122K->6605K(50176K)] 101250K->65571K(163840K), 0.0041710 secs] [Times: user=0.03 sys=0.00, real=0.00 secs] 
15.214: Total time for which application threads were stopped: 0.0082740 seconds, Stopping threads took: 0.0040200 seconds
15.229: Application time: 0.0143880 seconds
15.229: [GC [PSYoungGen: 50099K->6637K(50176K)] 109065K->74868K(163840K), 0.0046900 secs] [Times: user=0.03 sys=0.00, real=0.01 secs] 
15.234: Total time for which application threads were stopped: 0.0049110 seconds, Stopping threads took: 0.0001320 seconds
15.248: Application time: 0.0147300 seconds
15.248: [GC [PSYoungGen: 50145K->6638K(50176K)] 118375K->86279K(163840K), 0.0052660 secs] [Times: user=0.04 sys=0.00, real=0.01 secs] 
15.254: Total time for which application threads were stopped: 0.0054380 seconds, Stopping threads took: 0.0000860 seconds
15.269: Application time: 0.0154380 seconds
15.269: [GC [PSYoungGen: 50126K->6637K(50176K)] 129767K->94118K(163840K), 0.0043000 secs] [Times: user=0.04 sys=0.00, real=0.01 secs] 
15.274: Total time for which application threads were stopped: 0.0045590 seconds, Stopping threads took: 0.0001720 seconds
15.289: Application time: 0.0148690 seconds
15.289: [GC [PSYoungGen: 50138K->6637K(50176K)] 137619K->104095K(163840K), 0.0047640 secs] [Times: user=0.03 sys=0.00, real=0.01 secs] 
15.294: Total time for which application threads were stopped: 0.0050650 seconds, Stopping threads took: 0.0002150 seconds
15.308: Application time: 0.0142010 seconds
15.308: [GC [PSYoungGen: 50137K->6637K(50176K)] 147595K->112647K(163840K), 0.0042440 secs] [Times: user=0.02 sys=0.00, real=0.01 secs] 
15.313: [Full GC [PSYoungGen: 6637K->0K(50176K)] [ParOldGen: 106009K->28329K(113664K)] 112647K->28329K(163840K) [PSPermGen: 6041K->6041K(21504K)], 0.0113800 secs] [Times: user=0.07 sys=0.00, real=0.01 secs] 
15.324: Total time for which application threads were stopped: 0.0161460 seconds, Stopping threads took: 0.0003840 seconds
15.340: Application time: 0.0156270 seconds
15.340: [GC [PSYoungGen: 43485K->6477K(50176K)] 71815K->41933K(163840K), 0.0041640 secs] [Times: user=0.03 sys=0.00, real=0.01 secs] 
15.344: Total time for which application threads were stopped: 0.0044250 seconds, Stopping threads took: 0.0001700 seconds
15.359: Application time: 0.0147350 seconds
15.359: [GC [PSYoungGen: 49961K->6477K(50176K)] 85417K->50483K(163840K), 0.0043530 secs] [Times: user=0.03 sys=0.00, real=0.01 secs] 
15.364: Total time for which application threads were stopped: 0.0045890 seconds, Stopping threads took: 0.0001480 seconds
15.378: Application time: 0.0142970 seconds
15.378: [GC [PSYoungGen: 49290K->6604K(50176K)] 93297K->59874K(163840K), 0.0045810 secs] [Times: user=0.04 sys=0.00, real=0.01 secs] 
15.383: Total time for which application threads were stopped: 0.0049720 seconds, Stopping threads took: 0.0003070 seconds
15.398: Application time: 0.0149570 seconds
15.398: [GC [PSYoungGen: 50095K->6636K(50176K)] 103365K->63469K(163840K), 0.0032130 secs] [Times: user=0.02 sys=0.00, real=0.00 secs] 
15.401: Total time for which application threads were stopped: 0.0034040 seconds, Stopping threads took: 0.0001090 seconds
15.546: Application time: 0.1450790 seconds
15.546: [GC [PSYoungGen: 50137K->6636K(50176K)] 106969K->75589K(163840K), 0.0054980 secs] [Times: user=0.04 sys=0.00, real=0.01 secs] 
15.552: Total time for which application threads were stopped: 0.0056440 seconds, Stopping threads took: 0.0000610 seconds
15.743: Application time: 0.1909320 seconds
15.743: [GC [PSYoungGen: 50116K->6636K(50176K)] 119069K->85565K(163840K), 0.0048530 secs] [Times: user=0.04 sys=0.00, real=0.00 secs] 
15.748: Total time for which application threads were stopped: 0.0050190 seconds, Stopping threads took: 0.0000730 seconds
15.921: Application time: 0.1734200 seconds
15.921: [GC [PSYoungGen: 50116K->6636K(50176K)] 129044K->95548K(163840K), 0.0049210 secs] [Times: user=0.04 sys=0.00, real=0.01 secs] 
15.926: Total time for which application threads were stopped: 0.0050740 seconds, Stopping threads took: 0.0000700 seconds
16.121: Application time: 0.1943860 seconds
16.121: [GC [PSYoungGen: 50116K->6636K(50176K)] 139028K->105531K(163840K), 0.0049060 secs] [Times: user=0.03 sys=0.00, real=0.01 secs] 
16.126: Total time for which application threads were stopped: 0.0050740 seconds, Stopping threads took: 0.0000840 seconds
16.301: Application time: 0.1753260 seconds
16.301: [GC [PSYoungGen: 49464K->6636K(50176K)] 148359K->115514K(163840K), 0.0047610 secs] [Times: user=0.03 sys=0.00, real=0.01 secs] 
16.306: [Full GC [PSYoungGen: 6636K->0K(50176K)] [ParOldGen: 108878K->25478K(113664K)] 115514K->25478K(163840K) [PSPermGen: 6046K->6046K(21504K)], 0.0105540 secs] [Times: user=0.06 sys=0.00, real=0.01 secs] 
16.317: Total time for which application threads were stopped: 0.0155290 seconds, Stopping threads took: 0.0000720 seconds
16.545: Application time: 0.2280710 seconds
16.545: [GC [PSYoungGen: 43488K->6508K(50176K)] 68966K->42674K(163840K), 0.0051360 secs] [Times: user=0.03 sys=0.00, real=0.01 secs] 
16.550: Total time for which application threads were stopped: 0.0053250 seconds, Stopping threads took: 0.0001020 seconds
16.737: Application time: 0.1866750 seconds
16.737: [GC [PSYoungGen: 49988K->6476K(50176K)] 86154K->52617K(163840K), 0.0049140 secs] [Times: user=0.04 sys=0.00, real=0.00 secs] 
16.742: Total time for which application threads were stopped: 0.0050720 seconds, Stopping threads took: 0.0000750 seconds
16.977: Application time: 0.2356730 seconds
16.978: [GC [PSYoungGen: 49956K->6476K(50176K)] 96097K->62592K(163840K), 0.0049270 secs] [Times: user=0.04 sys=0.00, real=0.01 secs] 
16.983: Total time for which application threads were stopped: 0.0050890 seconds, Stopping threads took: 0.0000680 seconds
17.176: Application time: 0.1938890 seconds
17.177: [GC [PSYoungGen: 49964K->6508K(50176K)] 106080K->72600K(163840K), 0.0049350 secs] [Times: user=0.03 sys=0.00, real=0.00 secs] 
17.182: Total time for which application threads were stopped: 0.0050790 seconds, Stopping threads took: 0.0000600 seconds
17.361: Application time: 0.1794750 seconds
17.361: [GC [PSYoungGen: 49317K->6636K(50176K)] 115409K->81278K(163840K), 0.0044840 secs] [Times: user=0.03 sys=0.00, real=0.01 secs] 
17.366: Total time for which application threads were stopped: 0.0046390 seconds, Stopping threads took: 0.0000710 seconds
17.507: Application time: 0.1410340 seconds
17.507: [GC [PSYoungGen: 50134K->6636K(50176K)] 124776K->91974K(163840K), 0.0051150 secs] [Times: user=0.03 sys=0.00, real=0.01 secs] 
17.512: Total time for which application threads were stopped: 0.0052980 seconds, Stopping threads took: 0.0000880 seconds
17.658: Application time: 0.1456640 seconds
17.658: [GC [PSYoungGen: 50118K->5956K(50176K)] 135455K->101982K(163840K), 0.0048800 secs] [Times: user=0.03 sys=0.00, real=0.01 secs] 
17.663: Total time for which application threads were stopped: 0.0050320 seconds, Stopping threads took: 0.0000700 seconds
17.811: Application time: 0.1485930 seconds
17.811: [GC [PSYoungGen: 49438K->5956K(50176K)] 145464K->112670K(163840K), 0.0049460 secs] [Times: user=0.04 sys=0.00, real=0.00 secs] 
17.816: [Full GC [PSYoungGen: 5956K->0K(50176K)] [ParOldGen: 106714K->25682K(113664K)] 112670K->25682K(163840K) [PSPermGen: 6049K->6049K(21504K)], 0.0101310 secs] [Times: user=0.06 sys=0.00, real=0.01 secs] 
17.827: Total time for which application threads were stopped: 0.0152830 seconds, Stopping threads took: 0.0000720 seconds
17.962: Application time: 0.1351230 seconds
17.962: [GC [PSYoungGen: 43483K->6445K(50176K)] 69166K->42104K(163840K), 0.0049150 secs] [Times: user=0.04 sys=0.00, real=0.01 secs] 
17.967: Total time for which application threads were stopped: 0.0050710 seconds, Stopping threads took: 0.0000690 seconds
18.109: Application time: 0.1426540 seconds
18.110: [GC [PSYoungGen: 49937K->6509K(50176K)] 85596K->51432K(163840K), 0.0046760 secs] [Times: user=0.03 sys=0.01, real=0.01 secs] 
18.114: Total time for which application threads were stopped: 0.0048470 seconds, Stopping threads took: 0.0000750 seconds
18.242: Application time: 0.1279580 seconds
18.242: [GC [PSYoungGen: 50010K->6541K(50176K)] 94933K->61440K(163840K), 0.0048730 secs] [Times: user=0.03 sys=0.00, real=0.00 secs] 
18.247: Total time for which application threads were stopped: 0.0050210 seconds, Stopping threads took: 0.0000640 seconds
18.381: Application time: 0.1336190 seconds
18.381: [GC [PSYoungGen: 49357K->5956K(50176K)] 104257K->75820K(163840K), 0.0061210 secs] [Times: user=0.04 sys=0.00, real=0.01 secs] 
18.387: Total time for which application threads were stopped: 0.0062970 seconds, Stopping threads took: 0.0000930 seconds
18.558: Application time: 0.1710230 seconds
18.558: [GC [PSYoungGen: 49440K->5956K(50176K)] 119304K->86509K(163840K), 0.0049430 secs] [Times: user=0.04 sys=0.00, real=0.01 secs] 
18.563: Total time for which application threads were stopped: 0.0051130 seconds, Stopping threads took: 0.0000820 seconds
18.711: Application time: 0.1481360 seconds
18.712: [GC [PSYoungGen: 49439K->6637K(50176K)] 129992K->97173K(163840K), 0.0050220 secs] [Times: user=0.04 sys=0.00, real=0.00 secs] 
18.717: Total time for which application threads were stopped: 0.0051980 seconds, Stopping threads took: 0.0000740 seconds
18.870: Application time: 0.1534930 seconds
18.870: [GC [PSYoungGen: 50119K->6636K(50176K)] 140655K->106444K(163840K), 0.0048080 secs] [Times: user=0.04 sys=0.00, real=0.00 secs] 
18.875: Total time for which application threads were stopped: 0.0049640 seconds, Stopping threads took: 0.0000740 seconds
19.048: Application time: 0.1729620 seconds
19.048: [GC [PSYoungGen: 50118K->6636K(50176K)] 149925K->116419K(163840K), 0.0049000 secs] [Times: user=0.04 sys=0.00, real=0.01 secs] 
19.053: [Full GC [PSYoungGen: 6636K->0K(50176K)] [ParOldGen: 109783K->31385K(113664K)] 116419K->31385K(163840K) [PSPermGen: 6049K->6049K(21504K)], 0.0104500 secs] [Times: user=0.06 sys=0.00, real=0.01 secs] 
19.064: Total time for which application threads were stopped: 0.0155510 seconds, Stopping threads took: 0.0000690 seconds
19.067: Application time: 0.0031190 seconds
19.067: Total time for which application threads were stopped: 0.0000690 seconds, Stopping threads took: 0.0000440 seconds
19.116: Application time: 0.0488630 seconds
19.116: [GC [PSYoungGen: 42809K->6508K(50176K)] 74195K->41456K(163840K), 0.0032070 secs] [Times: user=0.02 sys=0.00, real=0.00 secs] 
19.119: Total time for which application threads were stopped: 0.0033870 seconds, Stopping threads took: 0.0000940 seconds
19.155: Application time: 0.0361500 seconds
19.155: [GC [PSYoungGen: 49991K->6476K(50176K)] 84939K->49975K(163840K), 0.0046640 secs] [Times: user=0.03 sys=0.00, real=0.00 secs] 
19.160: Total time for which application threads were stopped: 0.0048140 seconds, Stopping threads took: 0.0000660 seconds
19.200: Application time: 0.0396350 seconds
19.202: [GC [PSYoungGen: 49963K->6540K(50176K)] 93462K->55739K(163840K), 0.0038550 secs] [Times: user=0.03 sys=0.00, real=0.00 secs] 
19.206: Total time for which application threads were stopped: 0.0063750 seconds, Stopping threads took: 0.0024370 seconds
19.252: Application time: 0.0463580 seconds
19.253: [GC [PSYoungGen: 49356K->6588K(50176K)] 98555K->62200K(163840K), 0.0041220 secs] [Times: user=0.03 sys=0.00, real=0.00 secs] 
19.257: Total time for which application threads were stopped: 0.0043330 seconds, Stopping threads took: 0.0001100 seconds
19.307: Application time: 0.0501600 seconds
19.307: [GC [PSYoungGen: 49400K->6636K(50176K)] 105012K->70806K(163840K), 0.0047060 secs] [Times: user=0.03 sys=0.00, real=0.01 secs] 
19.312: Total time for which application threads were stopped: 0.0048860 seconds, Stopping threads took: 0.0000870 seconds
19.335: Application time: 0.0234850 seconds
19.335: [GC [PSYoungGen: 49932K->5988K(50176K)] 114102K->71583K(163840K), 0.0024940 secs] [Times: user=0.02 sys=0.00, real=0.00 secs] 
19.338: Total time for which application threads were stopped: 0.0026700 seconds, Stopping threads took: 0.0000900 seconds
19.355: Application time: 0.0173330 seconds
19.356: [GC [PSYoungGen: 49262K->6100K(50176K)] 114857K->74545K(163840K), 0.0028790 secs] [Times: user=0.01 sys=0.00, real=0.00 secs] 
19.359: Total time for which application threads were stopped: 0.0035410 seconds, Stopping threads took: 0.0005770 seconds
19.374: Application time: 0.0153590 seconds
19.374: [GC [PSYoungGen: 49315K->6148K(50176K)] 117760K->81006K(163840K), 0.0037170 secs] [Times: user=0.03 sys=0.00, real=0.00 secs] 
19.378: Total time for which application threads were stopped: 0.0038830 seconds, Stopping threads took: 0.0000810 seconds
19.392: Application time: 0.0141960 seconds
19.393: [GC [PSYoungGen: 49036K->6636K(50176K)] 123894K->90970K(163840K), 0.0047320 secs] [Times: user=0.03 sys=0.00, real=0.00 secs] 
19.397: Total time for which application threads were stopped: 0.0050740 seconds, Stopping threads took: 0.0002560 seconds
19.412: Application time: 0.0149840 seconds
19.414: [GC [PSYoungGen: 49463K->6652K(50176K)] 133796K->98111K(163840K), 0.0043330 secs] [Times: user=0.04 sys=0.00, real=0.00 secs] 
19.418: Total time for which application threads were stopped: 0.0060710 seconds, Stopping threads took: 0.0016490 seconds
19.432: Application time: 0.0138990 seconds
19.433: [GC [PSYoungGen: 50123K->6636K(50176K)] 141582K->106654K(163840K), 0.0045060 secs] [Times: user=0.03 sys=0.00, real=0.00 secs] 
19.437: Total time for which application threads were stopped: 0.0047470 seconds, Stopping threads took: 0.0001210 seconds
19.452: Application time: 0.0146530 seconds
19.452: [GC [PSYoungGen: 50128K->6636K(50176K)] 150146K->114500K(163840K), 0.0042390 secs] [Times: user=0.03 sys=0.00, real=0.00 secs] 
19.456: [Full GC [PSYoungGen: 6636K->0K(50176K)] [ParOldGen: 107863K->25538K(113664K)] 114500K->25538K(163840K) [PSPermGen: 6052K->6052K(21504K)], 0.0101780 secs] [Times: user=0.05 sys=0.01, real=0.01 secs] 
19.466: Total time for which application threads were stopped: 0.0147440 seconds, Stopping threads took: 0.0001890 seconds
19.481: Application time: 0.0147710 seconds
19.481: [GC [PSYoungGen: 43499K->6573K(50176K)] 69037K->39948K(163840K), 0.0042390 secs] [Times: user=0.03 sys=0.00, real=0.01 secs] 
19.486: Total time for which application threads were stopped: 0.0044630 seconds, Stopping threads took: 0.0001360 seconds
19.499: Application time: 0.0134710 seconds
19.499: [GC [PSYoungGen: 50052K->6636K(50176K)] 83428K->48563K(163840K), 0.0045510 secs] [Times: user=0.03 sys=0.00, real=0.01 secs] 
19.504: Total time for which application threads were stopped: 0.0047290 seconds, Stopping threads took: 0.0000900 seconds
19.518: Application time: 0.0136650 seconds
19.518: [GC [PSYoungGen: 50128K->6636K(50176K)] 92055K->55688K(163840K), 0.0040190 secs] [Times: user=0.03 sys=0.00, real=0.00 secs] 
19.522: Total time for which application threads were stopped: 0.0042630 seconds, Stopping threads took: 0.0001610 seconds
19.536: Application time: 0.0139170 seconds
19.536: [GC [PSYoungGen: 50130K->6636K(50176K)] 99182K->62821K(163840K), 0.0041490 secs] [Times: user=0.03 sys=0.00, real=0.00 secs] 
19.540: Total time for which application threads were stopped: 0.0043250 seconds, Stopping threads took: 0.0000930 seconds
19.553: Application time: 0.0128950 seconds
19.553: [GC [PSYoungGen: 50122K->6636K(50176K)] 106308K->69955K(163840K), 0.0039870 secs] [Times: user=0.03 sys=0.00, real=0.00 secs] 
19.557: Total time for which application threads were stopped: 0.0042870 seconds, Stopping threads took: 0.0002200 seconds
19.573: Application time: 0.0154760 seconds
19.573: [GC [PSYoungGen: 50125K->6637K(50176K)] 113444K->76377K(163840K), 0.0039370 secs] [Times: user=0.03 sys=0.00, real=0.00 secs] 
19.577: Total time for which application threads were stopped: 0.0041210 seconds, Stopping threads took: 0.0001010 seconds
19.591: Application time: 0.0142820 seconds
19.591: [GC [PSYoungGen: 50137K->6637K(50176K)] 119877K->85640K(163840K), 0.0047000 secs] [Times: user=0.04 sys=0.00, real=0.00 secs] 
19.596: Total time for which application threads were stopped: 0.0048630 seconds, Stopping threads took: 0.0000830 seconds
19.610: Application time: 0.0140950 seconds
19.610: [GC [PSYoungGen: 50124K->6637K(50176K)] 129128K->90629K(163840K), 0.0035770 secs] [Times: user=0.02 sys=0.00, real=0.00 secs] 
19.614: Total time for which application threads were stopped: 0.0038320 seconds, Stopping threads took: 0.0001590 seconds
19.627: Application time: 0.0130630 seconds
19.627: [GC [PSYoungGen: 50135K->6637K(50176K)] 134127K->97755K(163840K), 0.0042140 secs] [Times: user=0.02 sys=0.00, real=0.01 secs] 
19.631: Total time for which application threads were stopped: 0.0043850 seconds, Stopping threads took: 0.0000830 seconds
19.646: Application time: 0.0144830 seconds
19.646: [GC [PSYoungGen: 50118K->6605K(50176K)] 141237K->103424K(163840K), 0.0037730 secs] [Times: user=0.03 sys=0.00, real=0.01 secs] 
19.650: Total time for which application threads were stopped: 0.0041220 seconds, Stopping threads took: 0.0002630 seconds
19.663: Application time: 0.0132750 seconds
19.663: [GC [PSYoungGen: 50101K->6637K(50176K)] 146921K->109165K(163840K), 0.0038380 secs] [Times: user=0.03 sys=0.00, real=0.00 secs] 
19.667: Total time for which application threads were stopped: 0.0040240 seconds, Stopping threads took: 0.0000860 seconds
19.681: Application time: 0.0134090 seconds
19.681: [GC [PSYoungGen: 50128K->6636K(50176K)] 152656K->113448K(163840K), 0.0034110 secs] [Times: user=0.02 sys=0.00, real=0.01 secs] 
19.684: [Full GC [PSYoungGen: 6636K->0K(50176K)] [ParOldGen: 106811K->24996K(113664K)] 113448K->24996K(163840K) [PSPermGen: 6053K->6053K(21504K)], 0.0097960 secs] [Times: user=0.05 sys=0.00, real=0.01 secs] 
19.694: Total time for which application threads were stopped: 0.0134350 seconds, Stopping threads took: 0.0000920 seconds
19.791: Application time: 0.0972890 seconds
19.792: [GC [PSYoungGen: 43499K->6540K(50176K)] 68495K->42937K(163840K), 0.0052930 secs] [Times: user=0.04 sys=0.00, real=0.00 secs] 
19.797: Total time for which application threads were stopped: 0.0054580 seconds, Stopping threads took: 0.0000600 seconds
19.989: Application time: 0.1921950 seconds
19.989: [GC [PSYoungGen: 50020K->6508K(50176K)] 86416K->52880K(163840K), 0.0048680 secs] [Times: user=0.04 sys=0.00, real=0.01 secs] 
19.994: Total time for which application threads were stopped: 0.0050340 seconds, Stopping threads took: 0.0000800 seconds
20.176: Application time: 0.1822030 seconds
20.176: [GC [PSYoungGen: 49988K->6540K(50176K)] 96360K->62175K(163840K), 0.0045900 secs] [Times: user=0.03 sys=0.00, real=0.00 secs] 
20.181: Total time for which application threads were stopped: 0.0047500 seconds, Stopping threads took: 0.0000730 seconds
20.358: Application time: 0.1767170 seconds
20.358: [GC [PSYoungGen: 50028K->6604K(50176K)] 105663K->72926K(163840K), 0.0050730 secs] [Times: user=0.04 sys=0.01, real=0.01 secs] 
20.363: Total time for which application threads were stopped: 0.0052660 seconds, Stopping threads took: 0.0000910 seconds
20.554: Application time: 0.1912330 seconds
20.554: [GC [PSYoungGen: 50110K->6636K(50176K)] 116432K->84367K(163840K), 0.0052680 secs] [Times: user=0.04 sys=0.00, real=0.00 secs] 
20.560: Total time for which application threads were stopped: 0.0054170 seconds, Stopping threads took: 0.0000650 seconds
20.741: Application time: 0.1809550 seconds
20.741: [GC [PSYoungGen: 50150K->6636K(50176K)] 127881K->97200K(163840K), 0.0056390 secs] [Times: user=0.04 sys=0.00, real=0.01 secs] 
20.747: Total time for which application threads were stopped: 0.0057930 seconds, Stopping threads took: 0.0000700 seconds
20.961: Application time: 0.2146800 seconds
20.961: [GC [PSYoungGen: 50116K->5956K(50176K)] 140680K->107920K(163840K), 0.0051820 secs] [Times: user=0.04 sys=0.00, real=0.01 secs] 
20.967: [Full GC [PSYoungGen: 5956K->0K(50176K)] [ParOldGen: 101963K->31490K(113664K)] 107920K->31490K(163840K) [PSPermGen: 6053K->6053K(21504K)], 0.0108320 secs] [Times: user=0.06 sys=0.00, real=0.01 secs] 
20.977: Total time for which application threads were stopped: 0.0162290 seconds, Stopping threads took: 0.0000660 seconds
21.192: Application time: 0.2148440 seconds
21.192: [GC [PSYoungGen: 43479K->6444K(50176K)] 74969K->47910K(163840K), 0.0049320 secs] [Times: user=0.03 sys=0.00, real=0.00 secs] 
21.197: Total time for which application threads were stopped: 0.0050990 seconds, Stopping threads took: 0.0000790 seconds
21.381: Application time: 0.1836820 seconds
21.381: [GC [PSYoungGen: 49934K->6508K(50176K)] 91400K->57949K(163840K), 0.0048630 secs] [Times: user=0.04 sys=0.00, real=0.01 secs] 
21.386: Total time for which application threads were stopped: 0.0050200 seconds, Stopping threads took: 0.0000700 seconds
21.559: Application time: 0.1732870 seconds
21.559: [GC [PSYoungGen: 50022K->6636K(50176K)] 101462K->69477K(163840K), 0.0052360 secs] [Times: user=0.04 sys=0.00, real=0.01 secs] 
21.565: Total time for which application threads were stopped: 0.0054000 seconds, Stopping threads took: 0.0000670 seconds
21.706: Application time: 0.1409110 seconds
21.706: [GC [PSYoungGen: 50142K->5956K(50176K)] 112983K->81622K(163840K), 0.0055120 secs] [Times: user=0.04 sys=0.00, real=0.01 secs] 
21.711: Total time for which application threads were stopped: 0.0056750 seconds, Stopping threads took: 0.0000750 seconds
21.849: Application time: 0.1375190 seconds
21.849: [GC [PSYoungGen: 49437K->5956K(50176K)] 125104K->92311K(163840K), 0.0049840 secs] [Times: user=0.04 sys=0.00, real=0.01 secs] 
21.854: Total time for which application threads were stopped: 0.0051490 seconds, Stopping threads took: 0.0000700 seconds
21.997: Application time: 0.1432140 seconds
21.997: [GC [PSYoungGen: 49438K->5956K(50176K)] 135793K->102287K(163840K), 0.0047510 secs] [Times: user=0.04 sys=0.00, real=0.01 secs] 
22.002: Total time for which application threads were stopped: 0.0049090 seconds, Stopping threads took: 0.0000720 seconds
22.145: Application time: 0.1429410 seconds
22.145: [GC [PSYoungGen: 49448K->5956K(50176K)] 145779K->113688K(163840K), 0.0051560 secs] [Times: user=0.04 sys=0.00, real=0.01 secs] 
22.150: [Full GC [PSYoungGen: 5956K->0K(50176K)] [ParOldGen: 107732K->26251K(113664K)] 113688K->26251K(163840K) [PSPermGen: 6053K->6053K(21504K)], 0.0107950 secs] [Times: user=0.06 sys=0.00, real=0.00 secs] 
22.161: Total time for which application threads were stopped: 0.0161700 seconds, Stopping threads took: 0.0000670 seconds
22.315: Application time: 0.1534470 seconds
22.315: [GC [PSYoungGen: 43483K->6413K(50176K)] 69735K->42641K(163840K), 0.0049470 secs] [Times: user=0.04 sys=0.00, real=0.00 secs] 
22.320: Total time for which application threads were stopped: 0.0051210 seconds, Stopping threads took: 0.0000900 seconds
22.465: Application time: 0.1449470 seconds
22.465: [GC [PSYoungGen: 49923K->6541K(50176K)] 86151K->53458K(163840K), 0.0050890 secs] [Times: user=0.04 sys=0.00, real=0.01 secs] 
22.470: Total time for which application threads were stopped: 0.0052450 seconds, Stopping threads took: 0.0000700 seconds
22.618: Application time: 0.1481520 seconds
22.618: [GC [PSYoungGen: 50060K->6637K(50176K)] 96976K->64955K(163840K), 0.0052100 secs] [Times: user=0.04 sys=0.00, real=0.01 secs] 
22.624: Total time for which application threads were stopped: 0.0053790 seconds, Stopping threads took: 0.0000810 seconds
22.767: Application time: 0.1429690 seconds
22.767: [GC [PSYoungGen: 50120K->6637K(50176K)] 108439K->74939K(163840K), 0.0049640 secs] [Times: user=0.04 sys=0.00, real=0.01 secs] 
22.772: Total time for which application threads were stopped: 0.0051600 seconds, Stopping threads took: 0.0001030 seconds
22.933: Application time: 0.1615430 seconds
22.933: [GC [PSYoungGen: 50119K->6637K(50176K)] 118422K->84923K(163840K), 0.0049470 secs] [Times: user=0.04 sys=0.00, real=0.00 secs] 
22.938: Total time for which application threads were stopped: 0.0051060 seconds, Stopping threads took: 0.0000730 seconds
23.022: Application time: 0.0837640 seconds
23.022: [GC [PSYoungGen: 49448K->5956K(50176K)] 127734K->94931K(163840K), 0.0050560 secs] [Times: user=0.04 sys=0.00, real=0.00 secs] 
23.027: Total time for which application threads were stopped: 0.0052210 seconds, Stopping threads took: 0.0000760 seconds
23.064: Application time: 0.0365230 seconds
23.064: [GC [PSYoungGen: 49438K->5956K(50176K)] 138413K->101343K(163840K), 0.0039790 secs] [Times: user=0.03 sys=0.00, real=0.00 secs] 
23.068: Total time for which application threads were stopped: 0.0041440 seconds, Stopping threads took: 0.0000760 seconds
23.105: Application time: 0.0373620 seconds
23.106: [GC [PSYoungGen: 49442K->6637K(50176K)] 144830K->107020K(163840K), 0.0036500 secs] [Times: user=0.02 sys=0.00, real=0.00 secs] 
23.109: [Full GC [PSYoungGen: 6637K->0K(50176K)] [ParOldGen: 100383K->31341K(113664K)] 107020K->31341K(163840K) [PSPermGen: 6054K->6053K(21504K)], 0.0104440 secs] [Times: user=0.06 sys=0.00, real=0.01 secs] 
23.120: Total time for which application threads were stopped: 0.0143370 seconds, Stopping threads took: 0.0001080 seconds
23.151: Application time: 0.0311830 seconds
23.151: [GC [PSYoungGen: 43487K->6540K(50176K)] 74828K->40733K(163840K), 0.0030000 secs] [Times: user=0.02 sys=0.00, real=0.00 secs] 
23.154: Total time for which application threads were stopped: 0.0031450 seconds, Stopping threads took: 0.0000620 seconds
23.297: Application time: 0.1434280 seconds
23.298: [GC [PSYoungGen: 50029K->6476K(50176K)] 84222K->50644K(163840K), 0.0049300 secs] [Times: user=0.04 sys=0.00, real=0.01 secs] 
23.303: Total time for which application threads were stopped: 0.0051200 seconds, Stopping threads took: 0.0000840 seconds
23.412: Application time: 0.1094460 seconds
23.412: [GC [PSYoungGen: 49287K->6636K(50176K)] 93455K->61492K(163840K), 0.0053490 secs] [Times: user=0.04 sys=0.00, real=0.00 secs] 
23.418: Total time for which application threads were stopped: 0.0055290 seconds, Stopping threads took: 0.0000920 seconds
23.456: Application time: 0.0380020 seconds
23.456: [GC [PSYoungGen: 50118K->6572K(50176K)] 104974K->67840K(163840K), 0.0041210 secs] [Times: user=0.03 sys=0.00, real=0.00 secs] 
23.460: Total time for which application threads were stopped: 0.0043000 seconds, Stopping threads took: 0.0000940 seconds
23.493: Application time: 0.0334500 seconds
23.493: [GC [PSYoungGen: 49965K->6653K(50176K)] 111233K->70066K(163840K), 0.0028990 secs] [Times: user=0.02 sys=0.00, real=0.00 secs] 
23.496: Total time for which application threads were stopped: 0.0030770 seconds, Stopping threads took: 0.0000920 seconds
23.513: Application time: 0.0163750 seconds
23.513: [GC [PSYoungGen: 49645K->6636K(50176K)] 113059K->77220K(163840K), 0.0041780 secs] [Times: user=0.03 sys=0.00, real=0.00 secs] 
23.517: Total time for which application threads were stopped: 0.0043500 seconds, Stopping threads took: 0.0000880 seconds
23.530: Application time: 0.0133210 seconds
23.531: [GC [PSYoungGen: 50111K->6636K(50176K)] 120694K->82944K(163840K), 0.0038430 secs] [Times: user=0.03 sys=0.00, real=0.00 secs] 
23.534: Total time for which application threads were stopped: 0.0040060 seconds, Stopping threads took: 0.0000790 seconds
23.550: Application time: 0.0158020 seconds
23.550: [GC [PSYoungGen: 49902K->6052K(50176K)] 126209K->86634K(163840K), 0.0031800 secs] [Times: user=0.02 sys=0.00, real=0.00 secs] 
23.554: Total time for which application threads were stopped: 0.0033800 seconds, Stopping threads took: 0.0001210 seconds
23.569: Application time: 0.0158050 seconds
23.570: [GC [PSYoungGen: 49091K->6636K(50176K)] 129674K->95124K(163840K), 0.0044880 secs] [Times: user=0.03 sys=0.00, real=0.01 secs] 
23.574: Total time for which application threads were stopped: 0.0046700 seconds, Stopping threads took: 0.0000920 seconds
23.591: Application time: 0.0165070 seconds
23.591: [GC [PSYoungGen: 50116K->6636K(50176K)] 138605K->100120K(163840K), 0.0036240 secs] [Times: user=0.02 sys=0.00, real=0.00 secs] 
23.595: Total time for which application threads were stopped: 0.0038670 seconds, Stopping threads took: 0.0001580 seconds
23.610: Application time: 0.0149990 seconds
23.610: [GC [PSYoungGen: 50122K->5988K(50176K)] 143606K->105172K(163840K), 0.0036230 secs] [Times: user=0.03 sys=0.00, real=0.01 secs] 
23.613: Total time for which application threads were stopped: 0.0038100 seconds, Stopping threads took: 0.0000990 seconds
23.627: Application time: 0.0134610 seconds
23.627: [GC [PSYoungGen: 49299K->6036K(50176K)] 148483K->110921K(163840K), 0.0036360 secs] [Times: user=0.02 sys=0.00, real=0.01 secs] 
23.631: [Full GC [PSYoungGen: 6036K->0K(50176K)] [ParOldGen: 104884K->23409K(113664K)] 110921K->23409K(163840K) [PSPermGen: 6062K->6062K(21504K)], 0.0119550 secs] [Times: user=0.06 sys=0.00, real=0.01 secs] 
23.643: Total time for which application threads were stopped: 0.0158080 seconds, Stopping threads took: 0.0000840 seconds
23.656: Application time: 0.0136730 seconds
23.656: [GC [PSYoungGen: 42996K->6605K(50176K)] 66406K->37140K(163840K), 0.0040760 secs] [Times: user=0.03 sys=0.00, real=0.00 secs] 
23.661: Total time for which application threads were stopped: 0.0042620 seconds, Stopping threads took: 0.0000960 seconds
23.675: Application time: 0.0144470 seconds
23.675: [GC [PSYoungGen: 50007K->6621K(50176K)] 80543K->40007K(163840K), 0.0027550 secs] [Times: user=0.02 sys=0.00, real=0.00 secs] 
23.678: Total time for which application threads were stopped: 0.0029350 seconds, Stopping threads took: 0.0000920 seconds
23.693: Application time: 0.0152350 seconds
23.693: [GC [PSYoungGen: 49526K->6605K(50176K)] 82912K->49254K(163840K), 0.0046680 secs] [Times: user=0.03 sys=0.00, real=0.00 secs] 
23.698: Total time for which application threads were stopped: 0.0048830 seconds, Stopping threads took: 0.0001200 seconds
23.712: Application time: 0.0139770 seconds
23.712: [GC [PSYoungGen: 50093K->6637K(50176K)] 92743K->55708K(163840K), 0.0038910 secs] [Times: user=0.03 sys=0.00, real=0.00 secs] 
23.716: Total time for which application threads were stopped: 0.0042390 seconds, Stopping threads took: 0.0002620 seconds
23.729: Application time: 0.0130190 seconds
23.730: [GC [PSYoungGen: 50133K->6637K(50176K)] 99204K->64274K(163840K), 0.0045320 secs] [Times: user=0.04 sys=0.00, real=0.01 secs] 
23.734: Total time for which application threads were stopped: 0.0047570 seconds, Stopping threads took: 0.0001380 seconds
23.748: Application time: 0.0139700 seconds
23.748: [GC [PSYoungGen: 50122K->6636K(50176K)] 107760K->71408K(163840K), 0.0040940 secs] [Times: user=0.03 sys=0.00, real=0.01 secs] 
23.752: Total time for which application threads were stopped: 0.0042680 seconds, Stopping threads took: 0.0000910 seconds
23.766: Application time: 0.0131940 seconds
23.766: [GC [PSYoungGen: 50127K->6636K(50176K)] 114898K->76403K(163840K), 0.0036070 secs] [Times: user=0.03 sys=0.00, real=0.00 secs] 
23.769: Total time for which application threads were stopped: 0.0038800 seconds, Stopping threads took: 0.0001850 seconds
23.787: Application time: 0.0171000 seconds
23.787: [GC [PSYoungGen: 50128K->6636K(50176K)] 119895K->82816K(163840K), 0.0040350 secs] [Times: user=0.03 sys=0.00, real=0.01 secs] 
23.791: Total time for which application threads were stopped: 0.0042160 seconds, Stopping threads took: 0.0000960 seconds
23.812: Application time: 0.0212380 seconds
23.812: [GC [PSYoungGen: 50125K->6636K(50176K)] 126305K->85674K(163840K), 0.0032090 secs] [Times: user=0.02 sys=0.00, real=0.00 secs] 
23.815: Total time for which application threads were stopped: 0.0033860 seconds, Stopping threads took: 0.0000810 seconds
23.838: Application time: 0.0224790 seconds
23.838: [GC [PSYoungGen: 50123K->6604K(50176K)] 129161K->91343K(163840K), 0.0039310 secs] [Times: user=0.03 sys=0.00, real=0.00 secs] 
23.842: Total time for which application threads were stopped: 0.0041230 seconds, Stopping threads took: 0.0001010 seconds
23.866: Application time: 0.0243100 seconds
23.866: [GC [PSYoungGen: 50102K->6636K(50176K)] 134840K->98500K(163840K), 0.0042520 secs] [Times: user=0.02 sys=0.00, real=0.01 secs] 
23.871: Total time for which application threads were stopped: 0.0044240 seconds, Stopping threads took: 0.0000870 seconds
23.933: Application time: 0.0618440 seconds
23.933: [GC [PSYoungGen: 50128K->6604K(50176K)] 141992K->105593K(163840K), 0.0040850 secs] [Times: user=0.03 sys=0.00, real=0.00 secs] 
23.937: Total time for which application threads were stopped: 0.0042300 seconds, Stopping threads took: 0.0000590 seconds
24.123: Application time: 0.1865910 seconds
24.124: [GC [PSYoungGen: 50092K->6636K(50176K)] 149081K->115600K(163840K), 0.0048960 secs] [Times: user=0.03 sys=0.00, real=0.00 secs] 
24.128: [Full GC [PSYoungGen: 6636K->0K(50176K)] [ParOldGen: 108964K->25537K(113664K)] 115600K->25537K(163840K) [PSPermGen: 6062K->6062K(21504K)], 0.0098500 secs] [Times: user=0.06 sys=0.00, real=0.01 secs] 
24.138: Total time for which application threads were stopped: 0.0149690 seconds, Stopping threads took: 0.0000870 seconds
24.331: Application time: 0.1924620 seconds
24.331: [GC [PSYoungGen: 43479K->6444K(50176K)] 69017K->41957K(163840K), 0.0049030 secs] [Times: user=0.03 sys=0.00, real=0.00 secs] 
24.336: Total time for which application threads were stopped: 0.0050720 seconds, Stopping threads took: 0.0000790 seconds
24.506: Application time: 0.1697050 seconds
24.506: [GC [PSYoungGen: 49932K->6476K(50176K)] 85446K->51252K(163840K), 0.0046420 secs] [Times: user=0.04 sys=0.00, real=0.01 secs] 
24.510: Total time for which application threads were stopped: 0.0047880 seconds, Stopping threads took: 0.0000600 seconds
24.714: Application time: 0.2039160 seconds
24.714: [GC [PSYoungGen: 49973K->6572K(50176K)] 94749K->62036K(163840K), 0.0050930 secs] [Times: user=0.04 sys=0.00, real=0.00 secs] 
24.720: Total time for which application threads were stopped: 0.0052600 seconds, Stopping threads took: 0.0000740 seconds
24.919: Application time: 0.1994880 seconds
24.919: [GC [PSYoungGen: 50086K->6636K(50176K)] 105550K->74925K(163840K), 0.0056240 secs] [Times: user=0.05 sys=0.00, real=0.01 secs] 
24.925: Total time for which application threads were stopped: 0.0057910 seconds, Stopping threads took: 0.0000690 seconds
25.106: Application time: 0.1811850 seconds
25.106: [GC [PSYoungGen: 50124K->6636K(50176K)] 118413K->85621K(163840K), 0.0051290 secs] [Times: user=0.03 sys=0.00, real=0.01 secs] 
25.111: Total time for which application threads were stopped: 0.0052730 seconds, Stopping threads took: 0.0000620 seconds
25.286: Application time: 0.1743180 seconds
25.286: [GC [PSYoungGen: 50116K->6636K(50176K)] 129101K->95596K(163840K), 0.0049360 secs] [Times: user=0.04 sys=0.00, real=0.01 secs] 
25.291: Total time for which application threads were stopped: 0.0050950 seconds, Stopping threads took: 0.0000750 seconds
25.494: Application time: 0.2031590 seconds
25.494: [GC [PSYoungGen: 50125K->6636K(50176K)] 139084K->105579K(163840K), 0.0049080 secs] [Times: user=0.04 sys=0.00, real=0.00 secs] 
25.499: [Full GC [PSYoungGen: 6636K->0K(50176K)] [ParOldGen: 98943K->30627K(113664K)] 105579K->30627K(163840K) [PSPermGen: 6062K->6062K(21504K)], 0.0101570 secs] [Times: user=0.06 sys=0.00, real=0.01 secs] 
25.509: Total time for which application threads were stopped: 0.0152710 seconds, Stopping threads took: 0.0000550 seconds
25.684: Application time: 0.1746000 seconds
25.684: [GC [PSYoungGen: 43505K->6540K(50176K)] 74132K->47143K(163840K), 0.0047800 secs] [Times: user=0.04 sys=0.00, real=0.00 secs] 
25.689: Total time for which application threads were stopped: 0.0049290 seconds, Stopping threads took: 0.0000670 seconds
25.826: Application time: 0.1370300 seconds
25.826: [GC [PSYoungGen: 50046K->6604K(50176K)] 90649K->57895K(163840K), 0.0051530 secs] [Times: user=0.04 sys=0.00, real=0.01 secs] 
25.831: Total time for which application threads were stopped: 0.0052990 seconds, Stopping threads took: 0.0000610 seconds
25.969: Application time: 0.1381800 seconds
25.969: [GC [PSYoungGen: 50094K->6636K(50176K)] 101385K->67903K(163840K), 0.0049410 secs] [Times: user=0.04 sys=0.00, real=0.01 secs] 
25.974: Total time for which application threads were stopped: 0.0050930 seconds, Stopping threads took: 0.0000700 seconds
26.118: Application time: 0.1438290 seconds
26.118: [GC [PSYoungGen: 50119K->6637K(50176K)] 111385K->77879K(163840K), 0.0048840 secs] [Times: user=0.03 sys=0.00, real=0.01 secs] 
26.123: Total time for which application threads were stopped: 0.0050310 seconds, Stopping threads took: 0.0000550 seconds
26.251: Application time: 0.1280800 seconds
26.251: [GC [PSYoungGen: 50120K->6637K(50176K)] 121362K->87143K(163840K), 0.0047020 secs] [Times: user=0.04 sys=0.00, real=0.00 secs] 
26.256: Total time for which application threads were stopped: 0.0048490 seconds, Stopping threads took: 0.0000660 seconds
26.400: Application time: 0.1436010 seconds
26.400: [GC [PSYoungGen: 50129K->5956K(50176K)] 130635K->97864K(163840K), 0.0051720 secs] [Times: user=0.04 sys=0.00, real=0.01 secs] 
26.405: Total time for which application threads were stopped: 0.0053500 seconds, Stopping threads took: 0.0000900 seconds
26.569: Application time: 0.1637170 seconds
26.569: [GC [PSYoungGen: 49457K->5956K(50176K)] 141365K->108553K(163840K), 0.0049680 secs] [Times: user=0.03 sys=0.00, real=0.01 secs] 
26.574: [Full GC [PSYoungGen: 5956K->0K(50176K)] [ParOldGen: 102596K->26965K(113664K)] 108553K->26965K(163840K) [PSPermGen: 6063K->6063K(21504K)], 0.0103300 secs] [Times: user=0.06 sys=0.00, real=0.01 secs] 
26.584: Total time for which application threads were stopped: 0.0154910 seconds, Stopping threads took: 0.0000550 seconds
26.729: Application time: 0.1444080 seconds
26.729: [GC [PSYoungGen: 43517K->6637K(50176K)] 70482K->45003K(163840K), 0.0053250 secs] [Times: user=0.04 sys=0.00, real=0.01 secs] 
26.734: Total time for which application threads were stopped: 0.0054980 seconds, Stopping threads took: 0.0000640 seconds
26.875: Application time: 0.1407010 seconds
26.875: [GC [PSYoungGen: 50120K->6541K(50176K)] 88487K->54171K(163840K), 0.0047050 secs] [Times: user=0.04 sys=0.00, real=0.00 secs] 
26.880: Total time for which application threads were stopped: 0.0048610 seconds, Stopping threads took: 0.0000720 seconds
27.006: Application time: 0.1266170 seconds
27.006: [GC [PSYoungGen: 49354K->6637K(50176K)] 96984K->64955K(163840K), 0.0053510 secs] [Times: user=0.04 sys=0.00, real=0.01 secs] 
27.012: Total time for which application threads were stopped: 0.0055040 seconds, Stopping threads took: 0.0000680 seconds
27.043: Application time: 0.0311200 seconds
27.043: [GC [PSYoungGen: 50123K->6637K(50176K)] 108442K->74226K(163840K), 0.0048270 secs] [Times: user=0.04 sys=0.00, real=0.00 secs] 
27.048: Total time for which application threads were stopped: 0.0049800 seconds, Stopping threads took: 0.0000690 seconds
27.090: Application time: 0.0424250 seconds
27.090: [GC [PSYoungGen: 50117K->6637K(50176K)] 117707K->77077K(163840K), 0.0031000 secs] [Times: user=0.02 sys=0.00, real=0.00 secs] 
27.094: Total time for which application threads were stopped: 0.0032660 seconds, Stopping threads took: 0.0000790 seconds
27.122: Application time: 0.0286420 seconds
27.122: [GC [PSYoungGen: 50127K->6605K(50176K)] 120567K->84170K(163840K), 0.0041960 secs] [Times: user=0.04 sys=0.00, real=0.00 secs] 
27.127: Total time for which application threads were stopped: 0.0043550 seconds, Stopping threads took: 0.0000760 seconds
27.227: Application time: 0.0999300 seconds
27.227: [GC [PSYoungGen: 50096K->6604K(50176K)] 127662K->94858K(163840K), 0.0051800 secs] [Times: user=0.04 sys=0.00, real=0.01 secs] 
27.232: Total time for which application threads were stopped: 0.0053390 seconds, Stopping threads took: 0.0000750 seconds
27.306: Application time: 0.0737820 seconds
27.306: [GC [PSYoungGen: 49415K->6636K(50176K)] 137669K->105586K(163840K), 0.0051700 secs] [Times: user=0.03 sys=0.00, real=0.01 secs] 
27.311: Total time for which application threads were stopped: 0.0053570 seconds, Stopping threads took: 0.0000860 seconds
27.356: Application time: 0.0452710 seconds
27.356: [GC [PSYoungGen: 50125K->5956K(50176K)] 149074K->111318K(163840K), 0.0038410 secs] [Times: user=0.03 sys=0.00, real=0.00 secs] 
27.360: [Full GC [PSYoungGen: 5956K->0K(50176K)] [ParOldGen: 105362K->30656K(113664K)] 111318K->30656K(163840K) [PSPermGen: 6065K->6065K(21504K)], 0.0101060 secs] [Times: user=0.06 sys=0.00, real=0.02 secs] 
27.371: Total time for which application threads were stopped: 0.0141890 seconds, Stopping threads took: 0.0001090 seconds
27.407: Application time: 0.0363410 seconds
27.407: [GC [PSYoungGen: 43487K->6509K(50176K)] 74144K->40728K(163840K), 0.0032170 secs] [Times: user=0.02 sys=0.01, real=0.01 secs] 
27.410: Total time for which application threads were stopped: 0.0033830 seconds, Stopping threads took: 0.0000780 seconds
27.468: Application time: 0.0580950 seconds
27.468: [GC [PSYoungGen: 49998K->6508K(50176K)] 84218K->48566K(163840K), 0.0042630 secs] [Times: user=0.04 sys=0.00, real=0.01 secs] 
27.473: Total time for which application threads were stopped: 0.0044090 seconds, Stopping threads took: 0.0000630 seconds
27.544: Application time: 0.0712830 seconds
27.545: [GC [PSYoungGen: 49887K->6636K(50176K)] 91945K->56531K(163840K), 0.0043960 secs] [Times: user=0.03 sys=0.00, real=0.00 secs] 
27.549: Total time for which application threads were stopped: 0.0049010 seconds, Stopping threads took: 0.0004200 seconds
27.572: Application time: 0.0233950 seconds
27.573: [GC [PSYoungGen: 49597K->6588K(50176K)] 99492K->63609K(163840K), 0.0042530 secs] [Times: user=0.04 sys=0.00, real=0.00 secs] 
27.577: Total time for which application threads were stopped: 0.0044680 seconds, Stopping threads took: 0.0001280 seconds
27.604: Application time: 0.0267780 seconds
27.604: [GC [PSYoungGen: 50077K->6620K(50176K)] 107097K->70766K(163840K), 0.0042610 secs] [Times: user=0.03 sys=0.00, real=0.00 secs] 
27.608: Total time for which application threads were stopped: 0.0044490 seconds, Stopping threads took: 0.0000900 seconds
27.630: Application time: 0.0221540 seconds
27.630: [GC [PSYoungGen: 49712K->6637K(50176K)] 113858K->72928K(163840K), 0.0028260 secs] [Times: user=0.02 sys=0.00, real=0.00 secs] 
27.633: Total time for which application threads were stopped: 0.0029700 seconds, Stopping threads took: 0.0000630 seconds
27.651: Application time: 0.0175890 seconds
27.651: [GC [PSYoungGen: 49844K->6636K(50176K)] 116135K->77219K(163840K), 0.0034730 secs] [Times: user=0.01 sys=0.00, real=0.00 secs] 
27.654: Total time for which application threads were stopped: 0.0036880 seconds, Stopping threads took: 0.0001040 seconds
27.671: Application time: 0.0165740 seconds
27.671: [GC [PSYoungGen: 50112K->6637K(50176K)] 120695K->80085K(163840K), 0.0030200 secs] [Times: user=0.02 sys=0.00, real=0.00 secs] 
27.674: Total time for which application threads were stopped: 0.0032030 seconds, Stopping threads took: 0.0000980 seconds
27.692: Application time: 0.0179080 seconds
27.692: [GC [PSYoungGen: 49466K->6636K(50176K)] 122915K->84413K(163840K), 0.0034420 secs] [Times: user=0.02 sys=0.00, real=0.00 secs] 
27.696: Total time for which application threads were stopped: 0.0036240 seconds, Stopping threads took: 0.0000990 seconds
27.712: Application time: 0.0166910 seconds
27.713: [GC [PSYoungGen: 50113K->6636K(50176K)] 127889K->92258K(163840K), 0.0044760 secs] [Times: user=0.04 sys=0.00, real=0.00 secs] 
27.717: Total time for which application threads were stopped: 0.0046550 seconds, Stopping threads took: 0.0000910 seconds
27.739: Application time: 0.0223090 seconds
27.740: [GC [PSYoungGen: 50132K->6636K(50176K)] 135754K->95841K(163840K), 0.0032810 secs] [Times: user=0.01 sys=0.00, real=0.01 secs] 
27.743: Total time for which application threads were stopped: 0.0034480 seconds, Stopping threads took: 0.0000820 seconds
27.769: Application time: 0.0256570 seconds
27.769: [GC [PSYoungGen: 50114K->6636K(50176K)] 139319K->98003K(163840K), 0.0029020 secs] [Times: user=0.02 sys=0.00, real=0.01 secs] 
27.772: Total time for which application threads were stopped: 0.0032610 seconds, Stopping threads took: 0.0002760 seconds
27.800: Application time: 0.0282620 seconds
27.800: [GC [PSYoungGen: 50118K->6636K(50176K)] 141485K->102278K(163840K), 0.0034400 secs] [Times: user=0.03 sys=0.00, real=0.01 secs] 
27.804: Total time for which application threads were stopped: 0.0036000 seconds, Stopping threads took: 0.0000780 seconds
27.827: Application time: 0.0230050 seconds
27.827: [GC [PSYoungGen: 50152K->6052K(50176K)] 145794K->107394K(163840K), 0.0037550 secs] [Times: user=0.03 sys=0.00, real=0.01 secs] 
27.831: Total time for which application threads were stopped: 0.0039370 seconds, Stopping threads took: 0.0000870 seconds
27.849: Application time: 0.0184440 seconds
27.849: [GC [PSYoungGen: 48883K->6636K(50176K)] 150225K->110901K(163840K), 0.0030700 secs] [Times: user=0.02 sys=0.00, real=0.01 secs] 
27.852: [Full GC [PSYoungGen: 6636K->0K(50176K)] [ParOldGen: 104264K->22697K(113664K)] 110901K->22697K(163840K) [PSPermGen: 6074K->6074K(21504K)], 0.0097310 secs] [Times: user=0.05 sys=0.00, real=0.01 secs] 
27.862: Total time for which application threads were stopped: 0.0130330 seconds, Stopping threads took: 0.0000930 seconds
27.880: Application time: 0.0175440 seconds
27.880: [GC [PSYoungGen: 43482K->6540K(50176K)] 66180K->33513K(163840K), 0.0032090 secs] [Times: user=0.03 sys=0.00, real=0.01 secs] 
27.883: Total time for which application threads were stopped: 0.0033810 seconds, Stopping threads took: 0.0000870 seconds
27.899: Application time: 0.0159230 seconds
27.899: [GC [PSYoungGen: 50031K->6604K(50176K)] 77004K->41415K(163840K), 0.0043640 secs] [Times: user=0.03 sys=0.00, real=0.01 secs] 
27.903: Total time for which application threads were stopped: 0.0045270 seconds, Stopping threads took: 0.0000800 seconds
27.929: Application time: 0.0254610 seconds
27.929: [GC [PSYoungGen: 50089K->6604K(50176K)] 84900K->44265K(163840K), 0.0030700 secs] [Times: user=0.02 sys=0.00, real=0.01 secs] 
27.932: Total time for which application threads were stopped: 0.0032380 seconds, Stopping threads took: 0.0000750 seconds
27.955: Application time: 0.0225480 seconds
27.955: [GC [PSYoungGen: 50088K->6636K(50176K)] 87749K->47860K(163840K), 0.0031690 secs] [Times: user=0.03 sys=0.00, real=0.00 secs] 
27.958: Total time for which application threads were stopped: 0.0033350 seconds, Stopping threads took: 0.0000810 seconds
27.978: Application time: 0.0199870 seconds
27.978: [GC [PSYoungGen: 50124K->6572K(50176K)] 91348K->54210K(163840K), 0.0041000 secs] [Times: user=0.02 sys=0.00, real=0.01 secs] 
27.982: Total time for which application threads were stopped: 0.0042630 seconds, Stopping threads took: 0.0000800 seconds
28.005: Application time: 0.0227910 seconds
28.005: [GC [PSYoungGen: 50057K->6636K(50176K)] 97694K->58548K(163840K), 0.0033850 secs] [Times: user=0.03 sys=0.00, real=0.00 secs] 
28.009: Total time for which application threads were stopped: 0.0035360 seconds, Stopping threads took: 0.0000690 seconds
28.181: Application time: 0.1725010 seconds
28.181: [GC [PSYoungGen: 50133K->6604K(50176K)] 102045K->69917K(163840K), 0.0053140 secs] [Times: user=0.04 sys=0.00, real=0.01 secs] 
28.187: Total time for which application threads were stopped: 0.0055010 seconds, Stopping threads took: 0.0001040 seconds
28.371: Application time: 0.1846350 seconds
28.371: [GC [PSYoungGen: 50092K->6636K(50176K)] 113405K->79924K(163840K), 0.0049210 secs] [Times: user=0.03 sys=0.00, real=0.00 secs] 
28.376: Total time for which application threads were stopped: 0.0050910 seconds, Stopping threads took: 0.0000710 seconds
28.577: Application time: 0.2002750 seconds
28.577: [GC [PSYoungGen: 50116K->6636K(50176K)] 123404K->89899K(163840K), 0.0048890 secs] [Times: user=0.03 sys=0.00, real=0.00 secs] 
28.582: Total time for which application threads were stopped: 0.0050400 seconds, Stopping threads took: 0.0000660 seconds
28.759: Application time: 0.1770360 seconds
28.759: [GC [PSYoungGen: 50141K->5956K(50176K)] 133404K->100619K(163840K), 0.0050750 secs] [Times: user=0.04 sys=0.00, real=0.01 secs] 
28.764: Total time for which application threads were stopped: 0.0052290 seconds, Stopping threads took: 0.0000730 seconds
28.972: Application time: 0.2081030 seconds
28.972: [GC [PSYoungGen: 49461K->5956K(50176K)] 144124K->112019K(163840K), 0.0051200 secs] [Times: user=0.04 sys=0.00, real=0.00 secs] 
28.977: [Full GC [PSYoungGen: 5956K->0K(50176K)] [ParOldGen: 106063K->29824K(113664K)] 112019K->29824K(163840K) [PSPermGen: 6074K->6074K(21504K)], 0.0100300 secs] [Times: user=0.05 sys=0.00, real=0.01 secs] 
28.987: Total time for which application threads were stopped: 0.0153520 seconds, Stopping threads took: 0.0000610 seconds
29.179: Application time: 0.1913090 seconds
29.179: [GC [PSYoungGen: 43488K->6476K(50176K)] 73312K->46275K(163840K), 0.0048770 secs] [Times: user=0.03 sys=0.00, real=0.01 secs] 
29.184: Total time for which application threads were stopped: 0.0050300 seconds, Stopping threads took: 0.0000700 seconds
29.366: Application time: 0.1822650 seconds
29.366: [GC [PSYoungGen: 49964K->6476K(50176K)] 89764K->56251K(163840K), 0.0048400 secs] [Times: user=0.03 sys=0.00, real=0.01 secs] 
29.371: Total time for which application threads were stopped: 0.0049930 seconds, Stopping threads took: 0.0000710 seconds
29.560: Application time: 0.1888220 seconds
29.560: [GC [PSYoungGen: 49965K->6540K(50176K)] 99739K->66290K(163840K), 0.0049590 secs] [Times: user=0.03 sys=0.00, real=0.01 secs] 
29.565: Total time for which application threads were stopped: 0.0051350 seconds, Stopping threads took: 0.0000780 seconds
29.711: Application time: 0.1455860 seconds
29.711: [GC [PSYoungGen: 50029K->6636K(50176K)] 109779K->77787K(163840K), 0.0053360 secs] [Times: user=0.04 sys=0.00, real=0.00 secs] 
29.716: Total time for which application threads were stopped: 0.0055120 seconds, Stopping threads took: 0.0000920 seconds
29.873: Application time: 0.1564560 seconds
29.873: [GC [PSYoungGen: 50136K->6636K(50176K)] 121287K->87762K(163840K), 0.0049630 secs] [Times: user=0.04 sys=0.00, real=0.00 secs] 
29.878: Total time for which application threads were stopped: 0.0051050 seconds, Stopping threads took: 0.0000570 seconds
30.017: Application time: 0.1394990 seconds
30.017: [GC [PSYoungGen: 50143K->5956K(50176K)] 131269K->98483K(163840K), 0.0051440 secs] [Times: user=0.04 sys=0.00, real=0.01 secs] 
30.022: Total time for which application threads were stopped: 0.0053090 seconds, Stopping threads took: 0.0000790 seconds
30.171: Application time: 0.1482260 seconds
30.171: [GC [PSYoungGen: 49438K->5956K(50176K)] 141965K->109172K(163840K), 0.0050010 secs] [Times: user=0.03 sys=0.00, real=0.00 secs] 
30.176: [Full GC [PSYoungGen: 5956K->0K(50176K)] [ParOldGen: 103215K->26261K(113664K)] 109172K->26261K(163840K) [PSPermGen: 6074K->6074K(21504K)], 0.0101710 secs] [Times: user=0.05 sys=0.00, real=0.01 secs] 
30.186: Total time for which application threads were stopped: 0.0153770 seconds, Stopping threads took: 0.0000610 seconds
30.329: Application time: 0.1429130 seconds
30.329: [GC [PSYoungGen: 43491K->6445K(50176K)] 69752K->42682K(163840K), 0.0049160 secs] [Times: user=0.04 sys=0.00, real=0.01 secs] 
30.334: Total time for which application threads were stopped: 0.0050730 seconds, Stopping threads took: 0.0000730 seconds
30.474: Application time: 0.1401880 seconds
30.474: [GC [PSYoungGen: 49937K->6509K(50176K)] 86174K->53435K(163840K), 0.0050960 secs] [Times: user=0.04 sys=0.00, real=0.00 secs] 
30.480: Total time for which application threads were stopped: 0.0052520 seconds, Stopping threads took: 0.0000720 seconds
30.622: Application time: 0.1420090 seconds
30.622: [GC [PSYoungGen: 50009K->6541K(50176K)] 96935K->64868K(163840K), 0.0053140 secs] [Times: user=0.04 sys=0.00, real=0.01 secs] 
30.627: Total time for which application threads were stopped: 0.0054790 seconds, Stopping threads took: 0.0000820 seconds
30.781: Application time: 0.1544290 seconds
30.782: [GC [PSYoungGen: 50033K->6605K(50176K)] 108360K->75621K(163840K), 0.0051260 secs] [Times: user=0.03 sys=0.00, real=0.01 secs] 
30.787: Total time for which application threads were stopped: 0.0053010 seconds, Stopping threads took: 0.0000800 seconds
30.917: Application time: 0.1307030 seconds
30.918: [GC [PSYoungGen: 50105K->6637K(50176K)] 119121K->86350K(163840K), 0.0051770 secs] [Times: user=0.04 sys=0.00, real=0.01 secs] 
30.923: Total time for which application threads were stopped: 0.0053890 seconds, Stopping threads took: 0.0001270 seconds
31.026: Application time: 0.1030200 seconds
31.026: [GC [PSYoungGen: 49448K->6637K(50176K)] 129161K->97759K(163840K), 0.0054830 secs] [Times: user=0.04 sys=0.00, real=0.01 secs] 
31.032: Total time for which application threads were stopped: 0.0056850 seconds, Stopping threads took: 0.0001090 seconds
31.072: Application time: 0.0407050 seconds
31.072: [GC [PSYoungGen: 50125K->6637K(50176K)] 141247K->102042K(163840K), 0.0033820 secs] [Times: user=0.02 sys=0.00, real=0.00 secs] 
31.076: Total time for which application threads were stopped: 0.0035460 seconds, Stopping threads took: 0.0000800 seconds
31.107: Application time: 0.0314690 seconds
31.107: [GC [PSYoungGen: 50117K->6637K(50176K)] 145523K->108463K(163840K), 0.0041120 secs] [Times: user=0.03 sys=0.00, real=0.01 secs] 
31.112: [Full GC [PSYoungGen: 6637K->0K(50176K)] [ParOldGen: 101826K->31278K(113664K)] 108463K->31278K(163840K) [PSPermGen: 6076K->6076K(21504K)], 0.0102560 secs] [Times: user=0.05 sys=0.00, real=0.00 secs] 
31.122: Total time for which application threads were stopped: 0.0145690 seconds, Stopping threads took: 0.0000670 seconds
31.167: Application time: 0.0449320 seconds
31.167: [GC [PSYoungGen: 43493K->6604K(50176K)] 74771K->37882K(163840K), 0.0019900 secs] [Times: user=0.02 sys=0.00, real=0.00 secs] 
31.169: Total time for which application threads were stopped: 0.0021450 seconds, Stopping threads took: 0.0000700 seconds
31.291: Application time: 0.1217510 seconds
31.291: [GC [PSYoungGen: 49416K->6508K(50176K)] 80694K->48475K(163840K), 0.0051600 secs] [Times: user=0.04 sys=0.00, real=0.00 secs] 
31.296: Total time for which application threads were stopped: 0.0053560 seconds, Stopping threads took: 0.0000960 seconds
31.341: Application time: 0.0448780 seconds
31.341: [GC [PSYoungGen: 49986K->6604K(50176K)] 91952K->53558K(163840K), 0.0036840 secs] [Times: user=0.03 sys=0.00, real=0.01 secs] 
31.345: Total time for which application threads were stopped: 0.0038510 seconds, Stopping threads took: 0.0000840 seconds
31.376: Application time: 0.0312960 seconds
31.376: [GC [PSYoungGen: 50092K->6540K(50176K)] 97046K->60620K(163840K), 0.0042360 secs] [Times: user=0.03 sys=0.00, real=0.00 secs] 
31.380: Total time for which application threads were stopped: 0.0044050 seconds, Stopping threads took: 0.0000860 seconds
31.409: Application time: 0.0288060 seconds
31.409: [GC [PSYoungGen: 49352K->6637K(50176K)] 103432K->64279K(163840K), 0.0032940 secs] [Times: user=0.02 sys=0.00, real=0.01 secs] 
31.413: Total time for which application threads were stopped: 0.0034840 seconds, Stopping threads took: 0.0001040 seconds
31.439: Application time: 0.0267290 seconds
31.440: [GC [PSYoungGen: 50122K->6572K(50176K)] 107764K->69202K(163840K), 0.0035650 secs] [Times: user=0.03 sys=0.00, real=0.01 secs] 
31.443: Total time for which application threads were stopped: 0.0037230 seconds, Stopping threads took: 0.0000730 seconds
31.482: Application time: 0.0384820 seconds
31.482: [GC [PSYoungGen: 50061K->6572K(50176K)] 112691K->74903K(163840K), 0.0039430 secs] [Times: user=0.03 sys=0.00, real=0.01 secs] 
31.486: Total time for which application threads were stopped: 0.0041120 seconds, Stopping threads took: 0.0000810 seconds
31.520: Application time: 0.0338140 seconds
31.520: [GC [PSYoungGen: 50059K->6637K(50176K)] 118389K->80675K(163840K), 0.0038860 secs] [Times: user=0.03 sys=0.00, real=0.01 secs] 
31.524: Total time for which application threads were stopped: 0.0040460 seconds, Stopping threads took: 0.0000770 seconds
31.606: Application time: 0.0819360 seconds
31.606: [GC [PSYoungGen: 50154K->6604K(50176K)] 124192K->89193K(163840K), 0.0044940 secs] [Times: user=0.04 sys=0.01, real=0.01 secs] 
31.610: Total time for which application threads were stopped: 0.0046380 seconds, Stopping threads took: 0.0000600 seconds
31.651: Application time: 0.0407410 seconds
31.651: [GC [PSYoungGen: 50104K->6636K(50176K)] 132693K->99200K(163840K), 0.0050260 secs] [Times: user=0.03 sys=0.00, real=0.00 secs] 
31.656: Total time for which application threads were stopped: 0.0051860 seconds, Stopping threads took: 0.0000750 seconds
31.700: Application time: 0.0439020 seconds
31.702: [GC [PSYoungGen: 50115K->6636K(50176K)] 142679K->102059K(163840K), 0.0031240 secs] [Times: user=0.02 sys=0.00, real=0.00 secs] 
31.705: Total time for which application threads were stopped: 0.0051730 seconds, Stopping threads took: 0.0019510 seconds
31.729: Application time: 0.0240370 seconds
31.729: [GC [PSYoungGen: 49453K->6636K(50176K)] 144875K->109933K(163840K), 0.0045920 secs] [Times: user=0.03 sys=0.00, real=0.01 secs] 
31.734: [Full GC [PSYoungGen: 6636K->0K(50176K)] [ParOldGen: 103296K->26973K(113664K)] 109933K->26973K(163840K) [PSPermGen: 6077K->6077K(21504K)], 0.0106150 secs] [Times: user=0.06 sys=0.00, real=0.01 secs] 
31.745: Total time for which application threads were stopped: 0.0154450 seconds, Stopping threads took: 0.0001030 seconds
31.767: Application time: 0.0225830 seconds
31.767: [GC [PSYoungGen: 43479K->5860K(50176K)] 70452K->32833K(163840K), 0.0019440 secs] [Times: user=0.01 sys=0.00, real=0.00 secs] 
31.769: Total time for which application threads were stopped: 0.0021090 seconds, Stopping threads took: 0.0000820 seconds
31.800: Application time: 0.0303830 seconds
31.800: [GC [PSYoungGen: 49350K->6540K(50176K)] 76324K->39214K(163840K), 0.0036520 secs] [Times: user=0.02 sys=0.00, real=0.01 secs] 
31.804: Total time for which application threads were stopped: 0.0038300 seconds, Stopping threads took: 0.0000840 seconds
31.838: Application time: 0.0347730 seconds
31.839: [GC [PSYoungGen: 50029K->6557K(50176K)] 82703K->43506K(163840K), 0.0034400 secs] [Times: user=0.02 sys=0.00, real=0.01 secs] 
31.842: Total time for which application threads were stopped: 0.0036050 seconds, Stopping threads took: 0.0000810 seconds
31.864: Application time: 0.0214880 seconds
31.864: [GC [PSYoungGen: 50072K->6604K(50176K)] 87020K->49966K(163840K), 0.0040920 secs] [Times: user=0.03 sys=0.00, real=0.00 secs] 
31.868: Total time for which application threads were stopped: 0.0042530 seconds, Stopping threads took: 0.0000770 seconds
31.897: Application time: 0.0290650 seconds
31.897: [GC [PSYoungGen: 49841K->6636K(50176K)] 93202K->54273K(163840K), 0.0033780 secs] [Times: user=0.02 sys=0.00, real=0.00 secs] 
31.900: Total time for which application threads were stopped: 0.0035380 seconds, Stopping threads took: 0.0000750 seconds
31.922: Application time: 0.0217400 seconds
31.922: [GC [PSYoungGen: 49743K->6636K(50176K)] 97380K->61422K(163840K), 0.0041290 secs] [Times: user=0.03 sys=0.00, real=0.00 secs] 
31.926: Total time for which application threads were stopped: 0.0042910 seconds, Stopping threads took: 0.0000790 seconds
31.950: Application time: 0.0232630 seconds
31.950: [GC [PSYoungGen: 50112K->6636K(50176K)] 104898K->67151K(163840K), 0.0038540 secs] [Times: user=0.02 sys=0.00, real=0.01 secs] 
31.954: Total time for which application threads were stopped: 0.0040230 seconds, Stopping threads took: 0.0000890 seconds
31.971: Application time: 0.0170130 seconds
31.971: [GC [PSYoungGen: 50136K->6636K(50176K)] 110650K->74989K(163840K), 0.0043950 secs] [Times: user=0.02 sys=0.01, real=0.00 secs] 
31.975: Total time for which application threads were stopped: 0.0045540 seconds, Stopping threads took: 0.0000780 seconds
31.992: Application time: 0.0171320 seconds
31.993: [GC [PSYoungGen: 50109K->6636K(50176K)] 118461K->77134K(163840K), 0.0029330 secs] [Times: user=0.02 sys=0.00, real=0.00 secs] 
31.996: Total time for which application threads were stopped: 0.0034170 seconds, Stopping threads took: 0.0004040 seconds
32.014: Application time: 0.0181490 seconds
32.015: [GC [PSYoungGen: 50126K->6572K(50176K)] 120624K->80633K(163840K), 0.0032030 secs] [Times: user=0.02 sys=0.00, real=0.00 secs] 
32.018: Total time for which application threads were stopped: 0.0038650 seconds, Stopping threads took: 0.0005830 seconds
32.036: Application time: 0.0183020 seconds
32.036: [GC [PSYoungGen: 50067K->6636K(50176K)] 124127K->85685K(163840K), 0.0037260 secs] [Times: user=0.03 sys=0.00, real=0.00 secs] 
32.040: Total time for which application threads were stopped: 0.0039260 seconds, Stopping threads took: 0.0001170 seconds
32.059: Application time: 0.0187190 seconds
32.059: [GC [PSYoungGen: 50133K->6636K(50176K)] 129181K->92098K(163840K), 0.0041750 secs] [Times: user=0.03 sys=0.00, real=0.01 secs] 
32.063: Total time for which application threads were stopped: 0.0043460 seconds, Stopping threads took: 0.0000840 seconds
32.088: Application time: 0.0246240 seconds
32.088: [GC [PSYoungGen: 50120K->6636K(50176K)] 135582K->93523K(163840K), 0.0027930 secs] [Times: user=0.02 sys=0.00, real=0.01 secs] 
32.091: Total time for which application threads were stopped: 0.0029790 seconds, Stopping threads took: 0.0001010 seconds
32.250: Application time: 0.1597120 seconds
32.251: [GC [PSYoungGen: 50124K->6636K(50176K)] 137011K->103534K(163840K), 0.0049010 secs] [Times: user=0.04 sys=0.00, real=0.00 secs] 
32.256: Total time for which application threads were stopped: 0.0050560 seconds, Stopping threads took: 0.0000680 seconds
32.445: Application time: 0.1896200 seconds
32.445: [GC [PSYoungGen: 50124K->6636K(50176K)] 147023K->113518K(163840K), 0.0049240 secs] [Times: user=0.03 sys=0.00, real=0.01 secs] 
32.450: [Full GC [PSYoungGen: 6636K->0K(50176K)] [ParOldGen: 106881K->26260K(113664K)] 113518K->26260K(163840K) [PSPermGen: 6077K->6077K(21504K)], 0.0106070 secs] [Times: user=0.06 sys=0.00, real=0.00 secs] 
32.461: Total time for which application threads were stopped: 0.0157460 seconds, Stopping threads took: 0.0000700 seconds
32.667: Application time: 0.2061420 seconds
32.667: [GC [PSYoungGen: 43488K->6572K(50176K)] 69748K->43520K(163840K), 0.0050050 secs] [Times: user=0.04 sys=0.00, real=0.01 secs] 
32.672: Total time for which application threads were stopped: 0.0051440 seconds, Stopping threads took: 0.0000570 seconds
32.847: Application time: 0.1747770 seconds
32.847: [GC [PSYoungGen: 50069K->6540K(50176K)] 87017K->54889K(163840K), 0.0051970 secs] [Times: user=0.04 sys=0.00, real=0.01 secs] 
32.852: Total time for which application threads were stopped: 0.0053490 seconds, Stopping threads took: 0.0000690 seconds
33.040: Application time: 0.1876790 seconds
33.040: [GC [PSYoungGen: 50045K->6636K(50176K)] 98394K->66385K(163840K), 0.0053060 secs] [Times: user=0.03 sys=0.00, real=0.01 secs] 
33.045: Total time for which application threads were stopped: 0.0054790 seconds, Stopping threads took: 0.0000800 seconds
33.240: Application time: 0.1947500 seconds
33.240: [GC [PSYoungGen: 50124K->6636K(50176K)] 109873K->77081K(163840K), 0.0051660 secs] [Times: user=0.04 sys=0.00, real=0.01 secs] 
33.246: Total time for which application threads were stopped: 0.0053150 seconds, Stopping threads took: 0.0000630 seconds
33.419: Application time: 0.1734660 seconds
33.419: [GC [PSYoungGen: 50124K->6636K(50176K)] 120569K->88489K(163840K), 0.0053020 secs] [Times: user=0.04 sys=0.00, real=0.01 secs] 
33.424: Total time for which application threads were stopped: 0.0054500 seconds, Stopping threads took: 0.0000610 seconds
33.599: Application time: 0.1741500 seconds
33.599: [GC [PSYoungGen: 50127K->6636K(50176K)] 131980K->99177K(163840K), 0.0051150 secs] [Times: user=0.04 sys=0.00, real=0.01 secs] 
33.604: Total time for which application threads were stopped: 0.0052890 seconds, Stopping threads took: 0.0000810 seconds
33.766: Application time: 0.1617630 seconds
33.766: [GC [PSYoungGen: 50134K->6636K(50176K)] 142675K->109865K(163840K), 0.0051330 secs] [Times: user=0.04 sys=0.00, real=0.01 secs] 
33.771: [Full GC [PSYoungGen: 6636K->0K(50176K)] [ParOldGen: 103228K->26973K(113664K)] 109865K->26973K(163840K) [PSPermGen: 6077K->6077K(21504K)], 0.0103900 secs] [Times: user=0.06 sys=0.00, real=0.00 secs] 
33.781: Total time for which application threads were stopped: 0.0157680 seconds, Stopping threads took: 0.0001070 seconds
33.928: Application time: 0.1468090 seconds
33.928: [GC [PSYoungGen: 43481K->6412K(50176K)] 70455K->42649K(163840K), 0.0046810 secs] [Times: user=0.03 sys=0.00, real=0.01 secs] 
33.933: Total time for which application threads were stopped: 0.0048270 seconds, Stopping threads took: 0.0000620 seconds
34.075: Application time: 0.1422840 seconds
34.075: [GC [PSYoungGen: 49928K->6636K(50176K)] 86164K->55707K(163840K), 0.0056710 secs] [Times: user=0.04 sys=0.00, real=0.00 secs] 
34.081: Total time for which application threads were stopped: 0.0058220 seconds, Stopping threads took: 0.0000670 seconds
34.222: Application time: 0.1407560 seconds
34.222: [GC [PSYoungGen: 50119K->6541K(50176K)] 99190K->64875K(163840K), 0.0046510 secs] [Times: user=0.03 sys=0.00, real=0.00 secs] 
34.227: Total time for which application threads were stopped: 0.0049090 seconds, Stopping threads took: 0.0001640 seconds
34.370: Application time: 0.1428920 seconds
34.370: [GC [PSYoungGen: 50041K->6605K(50176K)] 108375K->76340K(163840K), 0.0053480 secs] [Times: user=0.04 sys=0.00, real=0.01 secs] 
34.375: Total time for which application threads were stopped: 0.0055010 seconds, Stopping threads took: 0.0000710 seconds
34.516: Application time: 0.1404230 seconds
34.516: [GC [PSYoungGen: 50088K->6637K(50176K)] 119823K->85636K(163840K), 0.0046880 secs] [Times: user=0.04 sys=0.00, real=0.00 secs] 
34.521: Total time for which application threads were stopped: 0.0048610 seconds, Stopping threads took: 0.0000860 seconds
34.658: Application time: 0.1370470 seconds
34.658: [GC [PSYoungGen: 50137K->6637K(50176K)] 129136K->97045K(163840K), 0.0053000 secs] [Times: user=0.04 sys=0.00, real=0.01 secs] 
34.663: Total time for which application threads were stopped: 0.0054490 seconds, Stopping threads took: 0.0000660 seconds
34.813: Application time: 0.1502780 seconds
34.813: [GC [PSYoungGen: 50120K->6637K(50176K)] 140529K->107029K(163840K), 0.0050060 secs] [Times: user=0.04 sys=0.00, real=0.00 secs] 
34.819: [Full GC [PSYoungGen: 6637K->0K(50176K)] [ParOldGen: 100392K->29300K(113664K)] 107029K->29300K(163840K) [PSPermGen: 6077K->6077K(21504K)], 0.0105090 secs] [Times: user=0.06 sys=0.00, real=0.01 secs] 
34.829: Total time for which application threads were stopped: 0.0157280 seconds, Stopping threads took: 0.0000660 seconds
34.976: Application time: 0.1468130 seconds
34.976: [GC [PSYoungGen: 43508K->6605K(50176K)] 72809K->47307K(163840K), 0.0053140 secs] [Times: user=0.03 sys=0.00, real=0.00 secs] 
34.981: Total time for which application threads were stopped: 0.0054730 seconds, Stopping threads took: 0.0000710 seconds
35.045: Application time: 0.0640670 seconds
35.046: [GC [PSYoungGen: 49415K->6573K(50176K)] 90117K->56538K(163840K), 0.0047310 secs] [Times: user=0.04 sys=0.00, real=0.01 secs] 
35.050: Total time for which application threads were stopped: 0.0048940 seconds, Stopping threads took: 0.0000780 seconds
35.087: Application time: 0.0369820 seconds
35.087: [GC [PSYoungGen: 50063K->6573K(50176K)] 100029K->64376K(163840K), 0.0044380 secs] [Times: user=0.04 sys=0.00, real=0.01 secs] 
35.092: Total time for which application threads were stopped: 0.0046130 seconds, Stopping threads took: 0.0000910 seconds
35.128: Application time: 0.0360290 seconds
35.128: [GC [PSYoungGen: 50057K->6637K(50176K)] 107860K->68724K(163840K), 0.0034740 secs] [Times: user=0.02 sys=0.00, real=0.01 secs] 
35.132: Total time for which application threads were stopped: 0.0036330 seconds, Stopping threads took: 0.0000760 seconds
35.175: Application time: 0.0438910 seconds
35.176: [GC [PSYoungGen: 50126K->6573K(50176K)] 112213K->77210K(163840K), 0.0045610 secs] [Times: user=0.04 sys=0.00, real=0.00 secs] 
35.180: Total time for which application threads were stopped: 0.0047100 seconds, Stopping threads took: 0.0000650 seconds
35.265: Application time: 0.0849660 seconds
35.265: [GC [PSYoungGen: 49384K->6636K(50176K)] 120022K->87962K(163840K), 0.0052900 secs] [Times: user=0.04 sys=0.00, real=0.01 secs] 
35.271: Total time for which application threads were stopped: 0.0054500 seconds, Stopping threads took: 0.0000760 seconds
35.310: Application time: 0.0398530 seconds
35.311: [GC [PSYoungGen: 49913K->6004K(50176K)] 131239K->90180K(163840K), 0.0028550 secs] [Times: user=0.02 sys=0.00, real=0.00 secs] 
35.313: Total time for which application threads were stopped: 0.0030040 seconds, Stopping threads took: 0.0000670 seconds
35.339: Application time: 0.0255110 seconds
35.339: [GC [PSYoungGen: 49018K->6637K(50176K)] 133194K->96529K(163840K), 0.0039590 secs] [Times: user=0.03 sys=0.00, real=0.01 secs] 
35.343: Total time for which application threads were stopped: 0.0041270 seconds, Stopping threads took: 0.0000770 seconds
35.364: Application time: 0.0212860 seconds
35.365: [GC [PSYoungGen: 50128K->5988K(50176K)] 140020K->102294K(163840K), 0.0038890 secs] [Times: user=0.02 sys=0.01, real=0.00 secs] 
35.368: Total time for which application threads were stopped: 0.0040620 seconds, Stopping threads took: 0.0000870 seconds
35.388: Application time: 0.0194500 seconds
35.388: [GC [PSYoungGen: 49464K->6652K(50176K)] 145770K->109391K(163840K), 0.0040400 secs] [Times: user=0.03 sys=0.00, real=0.01 secs] 
35.392: [Full GC [PSYoungGen: 6652K->0K(50176K)] [ParOldGen: 102738K->32948K(113664K)] 109391K->32948K(163840K) [PSPermGen: 6079K->6079K(21504K)], 0.0106950 secs] [Times: user=0.06 sys=0.00, real=0.01 secs] 
35.403: Total time for which application threads were stopped: 0.0149670 seconds, Stopping threads took: 0.0001020 seconds
35.440: Application time: 0.0369010 seconds
35.440: [GC [PSYoungGen: 43491K->6605K(50176K)] 76440K->39553K(163840K), 0.0021390 secs] [Times: user=0.01 sys=0.00, real=0.01 secs] 
35.442: Total time for which application threads were stopped: 0.0022940 seconds, Stopping threads took: 0.0000790 seconds
35.471: Application time: 0.0291560 seconds
35.471: [GC [PSYoungGen: 50094K->6540K(50176K)] 83042K->48039K(163840K), 0.0046320 secs] [Times: user=0.04 sys=0.00, real=0.00 secs] 
35.476: Total time for which application threads were stopped: 0.0047910 seconds, Stopping threads took: 0.0000760 seconds
35.575: Application time: 0.0991260 seconds
35.575: [GC [PSYoungGen: 49360K->6604K(50176K)] 90859K->59503K(163840K), 0.0054710 secs] [Times: user=0.04 sys=0.00, real=0.00 secs] 
35.581: Total time for which application threads were stopped: 0.0056670 seconds, Stopping threads took: 0.0001070 seconds
35.616: Application time: 0.0354520 seconds
35.616: [GC [PSYoungGen: 49417K->6636K(50176K)] 102316K->65948K(163840K), 0.0039740 secs] [Times: user=0.03 sys=0.00, real=0.00 secs] 
35.620: Total time for which application threads were stopped: 0.0041370 seconds, Stopping threads took: 0.0000780 seconds
35.644: Application time: 0.0234770 seconds
35.644: [GC [PSYoungGen: 50116K->6636K(50176K)] 109428K->70223K(163840K), 0.0034060 secs] [Times: user=0.03 sys=0.00, real=0.00 secs] 
35.647: Total time for which application threads were stopped: 0.0035870 seconds, Stopping threads took: 0.0001020 seconds
35.669: Application time: 0.0219040 seconds
35.670: [GC [PSYoungGen: 50117K->6637K(50176K)] 113704K->74499K(163840K), 0.0035080 secs] [Times: user=0.03 sys=0.00, real=0.01 secs] 
35.673: Total time for which application threads were stopped: 0.0036910 seconds, Stopping threads took: 0.0000950 seconds
35.696: Application time: 0.0232710 seconds
35.696: [GC [PSYoungGen: 50127K->6637K(50176K)] 117990K->78069K(163840K), 0.0032730 secs] [Times: user=0.02 sys=0.00, real=0.00 secs] 
35.700: Total time for which application threads were stopped: 0.0034540 seconds, Stopping threads took: 0.0000920 seconds
35.722: Application time: 0.0226200 seconds
35.723: [GC [PSYoungGen: 50114K->6604K(50176K)] 121547K->84450K(163840K), 0.0041240 secs] [Times: user=0.03 sys=0.00, real=0.00 secs] 
35.727: Total time for which application threads were stopped: 0.0043080 seconds, Stopping threads took: 0.0001000 seconds
35.756: Application time: 0.0294780 seconds
35.756: [GC [PSYoungGen: 50100K->6636K(50176K)] 127946K->90183K(163840K), 0.0039570 secs] [Times: user=0.03 sys=0.00, real=0.00 secs] 
35.760: Total time for which application threads were stopped: 0.0041280 seconds, Stopping threads took: 0.0000820 seconds
35.876: Application time: 0.1161100 seconds
35.877: [GC [PSYoungGen: 49455K->6652K(50176K)] 133001K->101599K(163840K), 0.0054450 secs] [Times: user=0.04 sys=0.00, real=0.01 secs] 
35.882: Total time for which application threads were stopped: 0.0056110 seconds, Stopping threads took: 0.0000730 seconds
35.920: Application time: 0.0381340 seconds
35.920: [GC [PSYoungGen: 49875K->5988K(50176K)] 144821K->108772K(163840K), 0.0042280 secs] [Times: user=0.04 sys=0.00, real=0.01 secs] 
35.925: [Full GC [PSYoungGen: 5988K->0K(50176K)] [ParOldGen: 102784K->24128K(113664K)] 108772K->24128K(163840K) [PSPermGen: 6079K->6079K(21504K)], 0.0099360 secs] [Times: user=0.04 sys=0.00, real=0.01 secs] 
35.935: Total time for which application threads were stopped: 0.0143900 seconds, Stopping threads took: 0.0000920 seconds
35.962: Application time: 0.0270020 seconds
35.962: [GC [PSYoungGen: 43070K->6604K(50176K)] 67198K->32158K(163840K), 0.0025140 secs] [Times: user=0.01 sys=0.01, real=0.01 secs] 
35.964: Total time for which application threads were stopped: 0.0026930 seconds, Stopping threads took: 0.0000910 seconds
35.992: Application time: 0.0281410 seconds
35.993: [GC [PSYoungGen: 50085K->6572K(50176K)] 75639K->35689K(163840K), 0.0032430 secs] [Times: user=0.02 sys=0.00, real=0.00 secs] 
35.996: Total time for which application threads were stopped: 0.0034620 seconds, Stopping threads took: 0.0001300 seconds
36.015: Application time: 0.0192400 seconds
36.015: [GC [PSYoungGen: 49961K->6524K(50176K)] 79077K->42766K(163840K), 0.0041920 secs] [Times: user=0.04 sys=0.00, real=0.00 secs] 
36.019: Total time for which application threads were stopped: 0.0043450 seconds, Stopping threads took: 0.0000710 seconds
36.038: Application time: 0.0183340 seconds
36.038: [GC [PSYoungGen: 49434K->6636K(50176K)] 85675K->47866K(163840K), 0.0037000 secs] [Times: user=0.03 sys=0.00, real=0.00 secs] 
36.042: Total time for which application threads were stopped: 0.0038690 seconds, Stopping threads took: 0.0000840 seconds
36.062: Application time: 0.0202240 seconds
36.062: [GC [PSYoungGen: 50120K->6636K(50176K)] 91349K->52854K(163840K), 0.0036640 secs] [Times: user=0.02 sys=0.00, real=0.00 secs] 
36.066: Total time for which application threads were stopped: 0.0038810 seconds, Stopping threads took: 0.0001310 seconds
36.086: Application time: 0.0205050 seconds
36.086: [GC [PSYoungGen: 50137K->6572K(50176K)] 96354K->58490K(163840K), 0.0039500 secs] [Times: user=0.02 sys=0.00, real=0.01 secs] 
36.090: Total time for which application threads were stopped: 0.0041180 seconds, Stopping threads took: 0.0000830 seconds
36.114: Application time: 0.0233880 seconds
36.114: [GC [PSYoungGen: 50065K->6604K(50176K)] 101983K->65647K(163840K), 0.0041960 secs] [Times: user=0.03 sys=0.01, real=0.00 secs] 
36.118: Total time for which application threads were stopped: 0.0043700 seconds, Stopping threads took: 0.0000900 seconds
36.157: Application time: 0.0384940 seconds
36.157: [GC [PSYoungGen: 50090K->6604K(50176K)] 109133K->69210K(163840K), 0.0033060 secs] [Times: user=0.03 sys=0.00, real=0.00 secs] 
36.160: Total time for which application threads were stopped: 0.0034820 seconds, Stopping threads took: 0.0000920 seconds
36.259: Application time: 0.0983590 seconds
36.259: [GC [PSYoungGen: 50095K->6636K(50176K)] 112701K->79217K(163840K), 0.0048770 secs] [Times: user=0.03 sys=0.00, real=0.01 secs] 
36.264: Total time for which application threads were stopped: 0.0050280 seconds, Stopping threads took: 0.0000680 seconds
36.459: Application time: 0.1955330 seconds
36.459: [GC [PSYoungGen: 50133K->6636K(50176K)] 122714K->89913K(163840K), 0.0051020 secs] [Times: user=0.03 sys=0.00, real=0.01 secs] 
36.464: Total time for which application threads were stopped: 0.0052750 seconds, Stopping threads took: 0.0000790 seconds
36.657: Application time: 0.1929540 seconds
36.657: [GC [PSYoungGen: 50124K->6652K(50176K)] 133401K->99912K(163840K), 0.0049030 secs] [Times: user=0.04 sys=0.00, real=0.01 secs] 
36.662: Total time for which application threads were stopped: 0.0050420 seconds, Stopping threads took: 0.0000610 seconds
36.834: Application time: 0.1719960 seconds
36.835: [GC [PSYoungGen: 50140K->5988K(50176K)] 143400K->109935K(163840K), 0.0049210 secs] [Times: user=0.04 sys=0.00, real=0.00 secs] 
36.839: [Full GC [PSYoungGen: 5988K->0K(50176K)] [ParOldGen: 103947K->29917K(113664K)] 109935K->29917K(163840K) [PSPermGen: 6079K->6079K(21504K)], 0.0100640 secs] [Times: user=0.05 sys=0.00, real=0.01 secs] 
36.850: Total time for which application threads were stopped: 0.0152040 seconds, Stopping threads took: 0.0000810 seconds
37.070: Application time: 0.2206570 seconds
37.070: [GC [PSYoungGen: 43505K->6604K(50176K)] 73422K->47922K(163840K), 0.0052040 secs] [Times: user=0.04 sys=0.00, real=0.00 secs] 
37.076: Total time for which application threads were stopped: 0.0053510 seconds, Stopping threads took: 0.0000540 seconds
37.236: Application time: 0.1604720 seconds
37.236: [GC [PSYoungGen: 50094K->6636K(50176K)] 91412K->58642K(163840K), 0.0051560 secs] [Times: user=0.04 sys=0.00, real=0.00 secs] 
37.241: Total time for which application threads were stopped: 0.0053230 seconds, Stopping threads took: 0.0000830 seconds
37.428: Application time: 0.1869520 seconds
37.428: [GC [PSYoungGen: 50135K->6604K(50176K)] 102140K->68585K(163840K), 0.0048130 secs] [Times: user=0.03 sys=0.00, real=0.01 secs] 
37.433: Total time for which application threads were stopped: 0.0049630 seconds, Stopping threads took: 0.0000650 seconds
37.597: Application time: 0.1637070 seconds
37.597: [GC [PSYoungGen: 50085K->6636K(50176K)] 112065K->76455K(163840K), 0.0042850 secs] [Times: user=0.03 sys=0.00, real=0.00 secs] 
37.601: Total time for which application threads were stopped: 0.0044610 seconds, Stopping threads took: 0.0000810 seconds
37.755: Application time: 0.1539770 seconds
37.756: [GC [PSYoungGen: 50136K->6636K(50176K)] 119955K->87864K(163840K), 0.0052700 secs] [Times: user=0.04 sys=0.00, real=0.00 secs] 
37.761: Total time for which application threads were stopped: 0.0054380 seconds, Stopping threads took: 0.0000840 seconds
37.921: Application time: 0.1605310 seconds
37.922: [GC [PSYoungGen: 50118K->6636K(50176K)] 131345K->97127K(163840K), 0.0047460 secs] [Times: user=0.03 sys=0.00, real=0.01 secs] 
37.926: Total time for which application threads were stopped: 0.0049000 seconds, Stopping threads took: 0.0000710 seconds
38.070: Application time: 0.1432420 seconds
38.070: [GC [PSYoungGen: 50144K->5956K(50176K)] 140634K->109272K(163840K), 0.0055400 secs] [Times: user=0.04 sys=0.00, real=0.01 secs] 
38.075: [Full GC [PSYoungGen: 5956K->0K(50176K)] [ParOldGen: 103316K->26974K(113664K)] 109272K->26974K(163840K) [PSPermGen: 6079K->6079K(21504K)], 0.0103330 secs] [Times: user=0.06 sys=0.00, real=0.01 secs] 
38.086: Total time for which application threads were stopped: 0.0160740 seconds, Stopping threads took: 0.0000660 seconds
38.227: Application time: 0.1409940 seconds
38.227: [GC [PSYoungGen: 43498K->6541K(50176K)] 70473K->44204K(163840K), 0.0050700 secs] [Times: user=0.04 sys=0.00, real=0.01 secs] 
38.232: Total time for which application threads were stopped: 0.0052260 seconds, Stopping threads took: 0.0000630 seconds
38.362: Application time: 0.1299670 seconds
38.362: [GC [PSYoungGen: 50032K->6605K(50176K)] 87696K->53532K(163840K), 0.0047280 secs] [Times: user=0.03 sys=0.00, real=0.01 secs] 
38.367: Total time for which application threads were stopped: 0.0048820 seconds, Stopping threads took: 0.0000740 seconds
38.502: Application time: 0.1357430 seconds
38.503: [GC [PSYoungGen: 50105K->6637K(50176K)] 97032K->63540K(163840K), 0.0049120 secs] [Times: user=0.04 sys=0.00, real=0.00 secs] 
38.508: Total time for which application threads were stopped: 0.0050650 seconds, Stopping threads took: 0.0000710 seconds
38.673: Application time: 0.1653000 seconds
38.673: [GC [PSYoungGen: 50120K->6637K(50176K)] 107023K->74229K(163840K), 0.0051210 secs] [Times: user=0.04 sys=0.00, real=0.00 secs] 
38.678: Total time for which application threads were stopped: 0.0052650 seconds, Stopping threads took: 0.0000620 seconds
38.807: Application time: 0.1293250 seconds
38.808: [GC [PSYoungGen: 50128K->6637K(50176K)] 117720K->84205K(163840K), 0.0049460 secs] [Times: user=0.03 sys=0.00, real=0.01 secs] 
38.813: Total time for which application threads were stopped: 0.0051020 seconds, Stopping threads took: 0.0000640 seconds
38.957: Application time: 0.1443410 seconds
38.957: [GC [PSYoungGen: 49884K->5972K(50176K)] 127452K->92803K(163840K), 0.0044820 secs] [Times: user=0.03 sys=0.00, real=0.00 secs] 
38.962: Total time for which application threads were stopped: 0.0046390 seconds, Stopping threads took: 0.0000740 seconds
39.004: Application time: 0.0428070 seconds
39.004: [GC [PSYoungGen: 49035K->6637K(50176K)] 135867K->101322K(163840K), 0.0044530 secs] [Times: user=0.03 sys=0.00, real=0.00 secs] 
39.009: Total time for which application threads were stopped: 0.0046160 seconds, Stopping threads took: 0.0000740 seconds
39.051: Application time: 0.0424950 seconds
39.052: [GC [PSYoungGen: 50118K->6637K(50176K)] 144803K->106310K(163840K), 0.0037100 secs] [Times: user=0.03 sys=0.00, real=0.00 secs] 
39.055: [Full GC [PSYoungGen: 6637K->0K(50176K)] [ParOldGen: 99673K->30013K(113664K)] 106310K->30013K(163840K) [PSPermGen: 6079K->6079K(21504K)], 0.0108430 secs] [Times: user=0.06 sys=0.00, real=0.01 secs] 
39.066: Total time for which application threads were stopped: 0.0147610 seconds, Stopping threads took: 0.0000740 seconds
39.100: Application time: 0.0336320 seconds
39.100: [GC [PSYoungGen: 43487K->6541K(50176K)] 73500K->38691K(163840K), 0.0029120 secs] [Times: user=0.02 sys=0.00, real=0.01 secs] 
39.103: Total time for which application threads were stopped: 0.0030770 seconds, Stopping threads took: 0.0000830 seconds
39.186: Application time: 0.0827380 seconds
39.186: [GC [PSYoungGen: 50034K->6477K(50176K)] 82184K->47178K(163840K), 0.0044480 secs] [Times: user=0.03 sys=0.00, real=0.01 secs] 
39.190: Total time for which application threads were stopped: 0.0047440 seconds, Stopping threads took: 0.0002140 seconds
39.233: Application time: 0.0429680 seconds
39.234: [GC [PSYoungGen: 49291K->6508K(50176K)] 89992K->56473K(163840K), 0.0047860 secs] [Times: user=0.03 sys=0.00, real=0.00 secs] 
39.238: Total time for which application threads were stopped: 0.0049640 seconds, Stopping threads took: 0.0000930 seconds
39.277: Application time: 0.0385720 seconds
39.277: [GC [PSYoungGen: 49989K->6572K(50176K)] 99954K->61525K(163840K), 0.0037440 secs] [Times: user=0.03 sys=0.00, real=0.00 secs] 
39.281: Total time for which application threads were stopped: 0.0039200 seconds, Stopping threads took: 0.0000880 seconds
39.312: Application time: 0.0313030 seconds
39.312: [GC [PSYoungGen: 49575K->6573K(50176K)] 104527K->65800K(163840K), 0.0033820 secs] [Times: user=0.03 sys=0.00, real=0.00 secs] 
39.316: Total time for which application threads were stopped: 0.0035480 seconds, Stopping threads took: 0.0000710 seconds
39.350: Application time: 0.0338160 seconds
39.350: [GC [PSYoungGen: 49871K->6636K(50176K)] 109099K->72989K(163840K), 0.0042930 secs] [Times: user=0.03 sys=0.00, real=0.01 secs] 
39.354: Total time for which application threads were stopped: 0.0044770 seconds, Stopping threads took: 0.0000880 seconds
39.393: Application time: 0.0391400 seconds
39.393: [GC [PSYoungGen: 50117K->6508K(50176K)] 116469K->78562K(163840K), 0.0038650 secs] [Times: user=0.03 sys=0.00, real=0.00 secs] 
39.397: Total time for which application threads were stopped: 0.0040700 seconds, Stopping threads took: 0.0001210 seconds
39.433: Application time: 0.0356960 seconds
39.433: [GC [PSYoungGen: 49995K->6572K(50176K)] 122049K->83613K(163840K), 0.0037530 secs] [Times: user=0.03 sys=0.00, real=0.00 secs] 
39.437: Total time for which application threads were stopped: 0.0039390 seconds, Stopping threads took: 0.0000980 seconds
39.471: Application time: 0.0340470 seconds
39.471: [GC [PSYoungGen: 50060K->6573K(50176K)] 127101K->89314K(163840K), 0.0040280 secs] [Times: user=0.02 sys=0.00, real=0.00 secs] 
39.475: Total time for which application threads were stopped: 0.0041940 seconds, Stopping threads took: 0.0000780 seconds
39.534: Application time: 0.0584440 seconds
39.534: [GC [PSYoungGen: 49389K->6636K(50176K)] 132130K->99361K(163840K), 0.0051440 secs] [Times: user=0.04 sys=0.00, real=0.00 secs] 
39.539: Total time for which application threads were stopped: 0.0053270 seconds, Stopping threads took: 0.0000970 seconds
39.575: Application time: 0.0359200 seconds
39.575: [GC [PSYoungGen: 50156K->6652K(50176K)] 142881K->105117K(163840K), 0.0038030 secs] [Times: user=0.02 sys=0.00, real=0.00 secs] 
39.579: Total time for which application threads were stopped: 0.0039680 seconds, Stopping threads took: 0.0000800 seconds
39.602: Application time: 0.0227860 seconds
39.602: [GC [PSYoungGen: 50135K->6636K(50176K)] 148600K->107960K(163840K), 0.0031210 secs] [Times: user=0.03 sys=0.00, real=0.01 secs] 
39.605: [Full GC [PSYoungGen: 6636K->0K(50176K)] [ParOldGen: 101323K->26974K(113664K)] 107960K->26974K(163840K) [PSPermGen: 6080K->6080K(21504K)], 0.0104090 secs] [Times: user=0.05 sys=0.00, real=0.01 secs] 
39.615: Total time for which application threads were stopped: 0.0137700 seconds, Stopping threads took: 0.0000990 seconds
39.635: Application time: 0.0192750 seconds
39.635: [GC [PSYoungGen: 43492K->6573K(50176K)] 70467K->38535K(163840K), 0.0037380 secs] [Times: user=0.03 sys=0.00, real=0.00 secs] 
39.639: Total time for which application threads were stopped: 0.0039190 seconds, Stopping threads took: 0.0000920 seconds
39.660: Application time: 0.0218980 seconds
39.661: [GC [PSYoungGen: 50057K->6508K(50176K)] 82019K->45596K(163840K), 0.0041620 secs] [Times: user=0.03 sys=0.00, real=0.01 secs] 
39.665: Total time for which application threads were stopped: 0.0043320 seconds, Stopping threads took: 0.0000850 seconds
39.698: Application time: 0.0331850 seconds
39.698: [GC [PSYoungGen: 49998K->6509K(50176K)] 89086K->47022K(163840K), 0.0026810 secs] [Times: user=0.02 sys=0.00, real=0.00 secs] 
39.701: Total time for which application threads were stopped: 0.0028480 seconds, Stopping threads took: 0.0000850 seconds
39.731: Application time: 0.0300310 seconds
39.731: [GC [PSYoungGen: 49996K->6540K(50176K)] 90509K->52753K(163840K), 0.0036880 secs] [Times: user=0.02 sys=0.00, real=0.00 secs] 
39.735: Total time for which application threads were stopped: 0.0038610 seconds, Stopping threads took: 0.0000860 seconds
39.843: Application time: 0.1086700 seconds
39.844: [GC [PSYoungGen: 49352K->6604K(50176K)] 95565K->64218K(163840K), 0.0054620 secs] [Times: user=0.04 sys=0.00, real=0.00 secs] 
39.849: Total time for which application threads were stopped: 0.0056490 seconds, Stopping threads took: 0.0000900 seconds
39.892: Application time: 0.0425010 seconds
39.892: [GC [PSYoungGen: 50086K->6572K(50176K)] 107700K->67036K(163840K), 0.0029750 secs] [Times: user=0.02 sys=0.00, real=0.00 secs] 
39.895: Total time for which application threads were stopped: 0.0033780 seconds, Stopping threads took: 0.0003190 seconds
39.918: Application time: 0.0234660 seconds
39.918: [GC [PSYoungGen: 49387K->6636K(50176K)] 109851K->75650K(163840K), 0.0046440 secs] [Times: user=0.04 sys=0.00, real=0.01 secs] 
39.923: Total time for which application threads were stopped: 0.0048140 seconds, Stopping threads took: 0.0000820 seconds
39.945: Application time: 0.0218610 seconds
39.945: [GC [PSYoungGen: 50127K->6620K(50176K)] 119141K->79910K(163840K), 0.0034830 secs] [Times: user=0.02 sys=0.00, real=0.00 secs] 
39.949: Total time for which application threads were stopped: 0.0036530 seconds, Stopping threads took: 0.0000890 seconds
39.973: Application time: 0.0238860 seconds
39.973: [GC [PSYoungGen: 50096K->6636K(50176K)] 123385K->82776K(163840K), 0.0029930 secs] [Times: user=0.03 sys=0.00, real=0.00 secs] 
39.976: Total time for which application threads were stopped: 0.0031560 seconds, Stopping threads took: 0.0000790 seconds
40.011: Application time: 0.0355080 seconds
40.011: [GC [PSYoungGen: 50131K->6636K(50176K)] 126271K->89901K(163840K), 0.0044190 secs] [Times: user=0.03 sys=0.00, real=0.00 secs] 
40.016: Total time for which application threads were stopped: 0.0045800 seconds, Stopping threads took: 0.0000720 seconds
40.049: Application time: 0.0334040 seconds
40.049: [GC [PSYoungGen: 50132K->6652K(50176K)] 133397K->96330K(163840K), 0.0041840 secs] [Times: user=0.03 sys=0.00, real=0.01 secs] 
40.054: Total time for which application threads were stopped: 0.0043600 seconds, Stopping threads took: 0.0000910 seconds
40.109: Application time: 0.0549850 seconds
40.109: [GC [PSYoungGen: 49469K->6636K(50176K)] 139147K->104864K(163840K), 0.0047180 secs] [Times: user=0.03 sys=0.00, real=0.01 secs] 
40.113: Total time for which application threads were stopped: 0.0048950 seconds, Stopping threads took: 0.0000890 seconds
40.152: Application time: 0.0386240 seconds
40.152: [GC [PSYoungGen: 50127K->6636K(50176K)] 148354K->111321K(163840K), 0.0041360 secs] [Times: user=0.03 sys=0.00, real=0.00 secs] 
40.156: [Full GC [PSYoungGen: 6636K->0K(50176K)] [ParOldGen: 104684K->26261K(113664K)] 111321K->26261K(163840K) [PSPermGen: 6082K->6082K(21504K)], 0.0101800 secs] [Times: user=0.06 sys=0.00, real=0.01 secs] 
40.167: Total time for which application threads were stopped: 0.0145340 seconds, Stopping threads took: 0.0000790 seconds
40.204: Application time: 0.0375640 seconds
40.204: [GC [PSYoungGen: 43486K->6541K(50176K)] 69747K->34940K(163840K), 0.0028550 secs] [Times: user=0.03 sys=0.00, real=0.00 secs] 
40.207: Total time for which application threads were stopped: 0.0030220 seconds, Stopping threads took: 0.0000850 seconds
40.286: Application time: 0.0784130 seconds
40.286: [GC [PSYoungGen: 50033K->6508K(50176K)] 78432K->44883K(163840K), 0.0048220 secs] [Times: user=0.04 sys=0.00, real=0.01 secs] 
40.291: Total time for which application threads were stopped: 0.0049760 seconds, Stopping threads took: 0.0000680 seconds
40.459: Application time: 0.1679530 seconds
40.459: [GC [PSYoungGen: 50005K->6572K(50176K)] 88379K->55634K(163840K), 0.0050750 secs] [Times: user=0.04 sys=0.00, real=0.01 secs] 
40.464: Total time for which application threads were stopped: 0.0052330 seconds, Stopping threads took: 0.0000640 seconds
40.658: Application time: 0.1939440 seconds
40.658: [GC [PSYoungGen: 50069K->6604K(50176K)] 99131K->64929K(163840K), 0.0046200 secs] [Times: user=0.03 sys=0.00, real=0.01 secs] 
40.663: Total time for which application threads were stopped: 0.0047720 seconds, Stopping threads took: 0.0000670 seconds
40.858: Application time: 0.1955070 seconds
40.858: [GC [PSYoungGen: 50084K->6604K(50176K)] 108409K->74904K(163840K), 0.0049090 secs] [Times: user=0.03 sys=0.00, real=0.01 secs] 
40.863: Total time for which application threads were stopped: 0.0050590 seconds, Stopping threads took: 0.0000710 seconds
41.067: Application time: 0.2036910 seconds
41.067: [GC [PSYoungGen: 50109K->6636K(50176K)] 118409K->86344K(163840K), 0.0052040 secs] [Times: user=0.04 sys=0.00, real=0.01 secs] 
41.072: Total time for which application threads were stopped: 0.0053680 seconds, Stopping threads took: 0.0000710 seconds
41.260: Application time: 0.1881610 seconds
41.260: [GC [PSYoungGen: 50125K->6636K(50176K)] 129833K->97040K(163840K), 0.0051550 secs] [Times: user=0.04 sys=0.00, real=0.01 secs] 
41.266: Total time for which application threads were stopped: 0.0053020 seconds, Stopping threads took: 0.0000640 seconds
41.435: Application time: 0.1696890 seconds
41.435: [GC [PSYoungGen: 50135K->6636K(50176K)] 140539K->107024K(163840K), 0.0049380 secs] [Times: user=0.04 sys=0.00, real=0.00 secs] 
41.440: [Full GC [PSYoungGen: 6636K->0K(50176K)] [ParOldGen: 100387K->27686K(113664K)] 107024K->27686K(163840K) [PSPermGen: 6082K->6082K(21504K)], 0.0105100 secs] [Times: user=0.06 sys=0.00, real=0.02 secs] 
41.451: Total time for which application threads were stopped: 0.0156570 seconds, Stopping threads took: 0.0000740 seconds
41.633: Application time: 0.1819460 seconds
41.633: [GC [PSYoungGen: 43488K->6508K(50176K)] 71175K->44171K(163840K), 0.0049950 secs] [Times: user=0.04 sys=0.00, real=0.00 secs] 
41.638: Total time for which application threads were stopped: 0.0051660 seconds, Stopping threads took: 0.0000810 seconds
41.795: Application time: 0.1568880 seconds
41.795: [GC [PSYoungGen: 50000K->6572K(50176K)] 87662K->53498K(163840K), 0.0046320 secs] [Times: user=0.04 sys=0.00, real=0.00 secs] 
41.800: Total time for which application threads were stopped: 0.0047780 seconds, Stopping threads took: 0.0000600 seconds
41.952: Application time: 0.1518960 seconds
41.952: [GC [PSYoungGen: 50062K->6572K(50176K)] 96988K->64186K(163840K), 0.0051600 secs] [Times: user=0.04 sys=0.00, real=0.00 secs] 
41.957: Total time for which application threads were stopped: 0.0053150 seconds, Stopping threads took: 0.0000710 seconds
42.104: Application time: 0.1469940 seconds
42.104: [GC [PSYoungGen: 50072K->6605K(50176K)] 107685K->74907K(163840K), 0.0050130 secs] [Times: user=0.03 sys=0.00, real=0.00 secs] 
42.109: Total time for which application threads were stopped: 0.0051640 seconds, Stopping threads took: 0.0000670 seconds
42.248: Application time: 0.1386630 seconds
42.248: [GC [PSYoungGen: 50104K->6637K(50176K)] 118406K->84915K(163840K), 0.0049320 secs] [Times: user=0.04 sys=0.00, real=0.01 secs] 
42.253: Total time for which application threads were stopped: 0.0050890 seconds, Stopping threads took: 0.0000650 seconds
42.395: Application time: 0.1421050 seconds
42.395: [GC [PSYoungGen: 50128K->5956K(50176K)] 128406K->95636K(163840K), 0.0051930 secs] [Times: user=0.04 sys=0.00, real=0.00 secs] 
42.400: Total time for which application threads were stopped: 0.0053420 seconds, Stopping threads took: 0.0000670 seconds
42.564: Application time: 0.1637540 seconds
42.564: [GC [PSYoungGen: 49456K->6637K(50176K)] 139136K->107013K(163840K), 0.0051180 secs] [Times: user=0.03 sys=0.00, real=0.00 secs] 
42.569: [Full GC [PSYoungGen: 6637K->0K(50176K)] [ParOldGen: 100376K->28616K(113664K)] 107013K->28616K(163840K) [PSPermGen: 6082K->6082K(21504K)], 0.0105990 secs] [Times: user=0.06 sys=0.00, real=0.01 secs] 
42.580: Total time for which application threads were stopped: 0.0159310 seconds, Stopping threads took: 0.0000650 seconds
42.722: Application time: 0.1416310 seconds
42.722: [GC [PSYoungGen: 43483K->6413K(50176K)] 72099K->44293K(163840K), 0.0046950 secs] [Times: user=0.04 sys=0.00, real=0.01 secs] 
42.727: Total time for which application threads were stopped: 0.0048530 seconds, Stopping threads took: 0.0000760 seconds
42.864: Application time: 0.1375540 seconds
42.864: [GC [PSYoungGen: 49904K->6477K(50176K)] 87784K->55045K(163840K), 0.0051300 secs] [Times: user=0.04 sys=0.00, real=0.00 secs] 
42.869: Total time for which application threads were stopped: 0.0052940 seconds, Stopping threads took: 0.0000670 seconds
43.018: Application time: 0.1484520 seconds
43.018: [GC [PSYoungGen: 49478K->6621K(50176K)] 98046K->63740K(163840K), 0.0045240 secs] [Times: user=0.02 sys=0.01, real=0.01 secs] 
43.023: Total time for which application threads were stopped: 0.0046890 seconds, Stopping threads took: 0.0000830 seconds
43.069: Application time: 0.0461730 seconds
43.069: [GC [PSYoungGen: 49923K->6605K(50176K)] 107043K->70850K(163840K), 0.0042950 secs] [Times: user=0.03 sys=0.00, real=0.01 secs] 
43.073: Total time for which application threads were stopped: 0.0044590 seconds, Stopping threads took: 0.0000780 seconds
43.108: Application time: 0.0346420 seconds
43.110: [GC [PSYoungGen: 50088K->6605K(50176K)] 114333K->76550K(163840K), 0.0038460 secs] [Times: user=0.03 sys=0.00, real=0.00 secs] 
43.114: Total time for which application threads were stopped: 0.0061950 seconds, Stopping threads took: 0.0022530 seconds
43.147: Application time: 0.0332590 seconds
43.150: [GC [PSYoungGen: 50103K->6637K(50176K)] 120048K->82291K(163840K), 0.0038670 secs] [Times: user=0.02 sys=0.01, real=0.00 secs] 
43.154: Total time for which application threads were stopped: 0.0067560 seconds, Stopping threads took: 0.0027890 seconds
43.240: Application time: 0.0857330 seconds
43.240: [GC [PSYoungGen: 50008K->6652K(50176K)] 125662K->90153K(163840K), 0.0042800 secs] [Times: user=0.03 sys=0.00, real=0.01 secs] 
43.244: Total time for which application threads were stopped: 0.0044290 seconds, Stopping threads took: 0.0000650 seconds
43.277: Application time: 0.0328080 seconds
43.277: [GC [PSYoungGen: 49620K->6636K(50176K)] 133120K->97306K(163840K), 0.0042750 secs] [Times: user=0.04 sys=0.00, real=0.00 secs] 
43.281: Total time for which application threads were stopped: 0.0044480 seconds, Stopping threads took: 0.0000860 seconds
43.306: Application time: 0.0246400 seconds
43.306: [GC [PSYoungGen: 50117K->6636K(50176K)] 140786K->103014K(163840K), 0.0039070 secs] [Times: user=0.03 sys=0.00, real=0.01 secs] 
43.310: Total time for which application threads were stopped: 0.0040710 seconds, Stopping threads took: 0.0000770 seconds
43.332: Application time: 0.0218970 seconds
43.332: [GC [PSYoungGen: 50125K->6636K(50176K)] 146503K->108010K(163840K), 0.0037530 secs] [Times: user=0.03 sys=0.00, real=0.00 secs] 
43.336: [Full GC [PSYoungGen: 6636K->0K(50176K)] [ParOldGen: 101373K->29113K(113664K)] 108010K->29113K(163840K) [PSPermGen: 6083K->6083K(21504K)], 0.0107960 secs] [Times: user=0.06 sys=0.00, real=0.01 secs] 
43.347: Total time for which application threads were stopped: 0.0147750 seconds, Stopping threads took: 0.0000920 seconds
43.370: Application time: 0.0236400 seconds
43.371: [GC [PSYoungGen: 43488K->5860K(50176K)] 72601K->34973K(163840K), 0.0019430 secs] [Times: user=0.01 sys=0.00, real=0.00 secs] 
43.373: Total time for which application threads were stopped: 0.0021160 seconds, Stopping threads took: 0.0000840 seconds
43.393: Application time: 0.0205700 seconds
43.393: [GC [PSYoungGen: 49338K->6573K(50176K)] 78451K->39249K(163840K), 0.0032420 secs] [Times: user=0.03 sys=0.00, real=0.00 secs] 
43.397: Total time for which application threads were stopped: 0.0034400 seconds, Stopping threads took: 0.0001130 seconds
43.419: Application time: 0.0225610 seconds
43.419: [GC [PSYoungGen: 50068K->6541K(50176K)] 82744K->45629K(163840K), 0.0040810 secs] [Times: user=0.03 sys=0.00, real=0.01 secs] 
43.423: Total time for which application threads were stopped: 0.0042610 seconds, Stopping threads took: 0.0000940 seconds
43.512: Application time: 0.0883480 seconds
43.512: [GC [PSYoungGen: 50033K->6476K(50176K)] 89121K->56253K(163840K), 0.0050600 secs] [Times: user=0.03 sys=0.00, real=0.00 secs] 
43.517: Total time for which application threads were stopped: 0.0052390 seconds, Stopping threads took: 0.0000910 seconds
43.574: Application time: 0.0567460 seconds
43.574: [GC [PSYoungGen: 49326K->6604K(50176K)] 99103K->67069K(163840K), 0.0052600 secs] [Times: user=0.04 sys=0.00, real=0.00 secs] 
43.579: Total time for which application threads were stopped: 0.0054370 seconds, Stopping threads took: 0.0000900 seconds
43.604: Application time: 0.0242950 seconds
43.604: [GC [PSYoungGen: 50082K->6620K(50176K)] 110547K->70648K(163840K), 0.0033330 secs] [Times: user=0.03 sys=0.00, real=0.00 secs] 
43.607: Total time for which application threads were stopped: 0.0035110 seconds, Stopping threads took: 0.0000870 seconds
43.629: Application time: 0.0218780 seconds
43.629: [GC [PSYoungGen: 50109K->6636K(50176K)] 114136K->75651K(163840K), 0.0037240 secs] [Times: user=0.03 sys=0.00, real=0.01 secs] 
43.633: Total time for which application threads were stopped: 0.0039070 seconds, Stopping threads took: 0.0000930 seconds
43.653: Application time: 0.0200920 seconds
43.653: [GC [PSYoungGen: 50122K->6604K(50176K)] 119137K->82745K(163840K), 0.0043540 secs] [Times: user=0.03 sys=0.00, real=0.00 secs] 
43.657: Total time for which application threads were stopped: 0.0045340 seconds, Stopping threads took: 0.0000910 seconds
43.678: Application time: 0.0209300 seconds
43.679: [GC [PSYoungGen: 50089K->6637K(50176K)] 126230K->87061K(163840K), 0.0035050 secs] [Times: user=0.03 sys=0.00, real=0.01 secs] 
43.682: Total time for which application threads were stopped: 0.0036800 seconds, Stopping threads took: 0.0000880 seconds
43.704: Application time: 0.0215850 seconds
43.704: [GC [PSYoungGen: 50130K->6636K(50176K)] 130554K->90623K(163840K), 0.0033440 secs] [Times: user=0.02 sys=0.00, real=0.00 secs] 
43.707: Total time for which application threads were stopped: 0.0035150 seconds, Stopping threads took: 0.0000850 seconds
43.783: Application time: 0.0757380 seconds
43.783: [GC [PSYoungGen: 49458K->6636K(50176K)] 133445K->100630K(163840K), 0.0051010 secs] [Times: user=0.03 sys=0.00, real=0.00 secs] 
43.788: Total time for which application threads were stopped: 0.0052450 seconds, Stopping threads took: 0.0000550 seconds
43.833: Application time: 0.0453250 seconds
43.834: [GC [PSYoungGen: 50120K->6636K(50176K)] 144114K->108468K(163840K), 0.0045720 secs] [Times: user=0.03 sys=0.00, real=0.00 secs] 
43.838: [Full GC [PSYoungGen: 6636K->0K(50176K)] [ParOldGen: 101831K->27687K(113664K)] 108468K->27687K(163840K) [PSPermGen: 6084K->6084K(21504K)], 0.0106690 secs] [Times: user=0.06 sys=0.00, real=0.01 secs] 
43.849: Total time for which application threads were stopped: 0.0154560 seconds, Stopping threads took: 0.0000770 seconds
43.887: Application time: 0.0385210 seconds
43.888: [GC [PSYoungGen: 43483K->6572K(50176K)] 71170K->36397K(163840K), 0.0028670 secs] [Times: user=0.02 sys=0.00, real=0.01 secs] 
43.890: Total time for which application threads were stopped: 0.0030300 seconds, Stopping threads took: 0.0000690 seconds
43.923: Application time: 0.0322840 seconds
43.923: [GC [PSYoungGen: 50061K->6508K(50176K)] 79886K->44884K(163840K), 0.0047190 secs] [Times: user=0.03 sys=0.00, real=0.00 secs] 
43.928: Total time for which application threads were stopped: 0.0048870 seconds, Stopping threads took: 0.0000830 seconds
44.006: Application time: 0.0786230 seconds
44.006: [GC [PSYoungGen: 49330K->6636K(50176K)] 87705K->56412K(163840K), 0.0053600 secs] [Times: user=0.04 sys=0.00, real=0.01 secs] 
44.012: Total time for which application threads were stopped: 0.0055220 seconds, Stopping threads took: 0.0000790 seconds
44.053: Application time: 0.0412770 seconds
44.053: [GC [PSYoungGen: 50116K->6540K(50176K)] 99892K->62016K(163840K), 0.0038530 secs] [Times: user=0.03 sys=0.00, real=0.00 secs] 
44.057: Total time for which application threads were stopped: 0.0040230 seconds, Stopping threads took: 0.0000850 seconds
44.093: Application time: 0.0355840 seconds
44.093: [GC [PSYoungGen: 50026K->6604K(50176K)] 105502K->68493K(163840K), 0.0041200 secs] [Times: user=0.03 sys=0.00, real=0.00 secs] 
44.097: Total time for which application threads were stopped: 0.0042810 seconds, Stopping threads took: 0.0000770 seconds
44.131: Application time: 0.0343180 seconds
44.131: [GC [PSYoungGen: 50101K->6572K(50176K)] 111990K->74874K(163840K), 0.0040860 secs] [Times: user=0.03 sys=0.00, real=0.00 secs] 
44.136: Total time for which application threads were stopped: 0.0042410 seconds, Stopping threads took: 0.0000710 seconds
44.193: Application time: 0.0571550 seconds
44.193: [GC [PSYoungGen: 49387K->6636K(50176K)] 117688K->82063K(163840K), 0.0042900 secs] [Times: user=0.02 sys=0.01, real=0.00 secs] 
44.197: Total time for which application threads were stopped: 0.0044640 seconds, Stopping threads took: 0.0000860 seconds
44.232: Application time: 0.0352860 seconds
44.233: [GC [PSYoungGen: 50130K->6636K(50176K)] 125557K->91334K(163840K), 0.0048300 secs] [Times: user=0.03 sys=0.00, real=0.00 secs] 
44.237: Total time for which application threads were stopped: 0.0049880 seconds, Stopping threads took: 0.0000730 seconds
44.275: Application time: 0.0371960 seconds
44.275: [GC [PSYoungGen: 50121K->6636K(50176K)] 134818K->94184K(163840K), 0.0030920 secs] [Times: user=0.02 sys=0.00, real=0.00 secs] 
44.278: Total time for which application threads were stopped: 0.0032570 seconds, Stopping threads took: 0.0000790 seconds
44.361: Application time: 0.0829120 seconds
44.361: [GC [PSYoungGen: 50129K->6604K(50176K)] 137676K->103415K(163840K), 0.0047020 secs] [Times: user=0.03 sys=0.00, real=0.01 secs] 
44.366: Total time for which application threads were stopped: 0.0048560 seconds, Stopping threads took: 0.0000650 seconds
44.530: Application time: 0.1641020 seconds
44.530: [GC [PSYoungGen: 50101K->6652K(50176K)] 146911K->114863K(163840K), 0.0053180 secs] [Times: user=0.05 sys=0.00, real=0.01 secs] 
44.535: [Full GC [PSYoungGen: 6652K->0K(50176K)] [ParOldGen: 108210K->27687K(113664K)] 114863K->27687K(163840K) [PSPermGen: 6084K->6084K(21504K)], 0.0108080 secs] [Times: user=0.05 sys=0.00, real=0.01 secs] 
44.546: Total time for which application threads were stopped: 0.0163400 seconds, Stopping threads took: 0.0000740 seconds
44.741: Application time: 0.1944960 seconds
44.741: [GC [PSYoungGen: 43496K->6508K(50176K)] 71183K->45596K(163840K), 0.0053220 secs] [Times: user=0.04 sys=0.00, real=0.01 secs] 
44.746: Total time for which application threads were stopped: 0.0054780 seconds, Stopping threads took: 0.0000690 seconds
44.948: Application time: 0.2017490 seconds
44.948: [GC [PSYoungGen: 49996K->6540K(50176K)] 89084K->55603K(163840K), 0.0048010 secs] [Times: user=0.04 sys=0.00, real=0.01 secs] 
44.953: Total time for which application threads were stopped: 0.0049490 seconds, Stopping threads took: 0.0000660 seconds
45.131: Application time: 0.1777860 seconds
45.131: [GC [PSYoungGen: 50028K->6636K(50176K)] 99091K->64257K(163840K), 0.0043920 secs] [Times: user=0.02 sys=0.00, real=0.00 secs] 
45.135: Total time for which application threads were stopped: 0.0045560 seconds, Stopping threads took: 0.0000690 seconds
45.304: Application time: 0.1688160 seconds
45.304: [GC [PSYoungGen: 50142K->6636K(50176K)] 107763K->75657K(163840K), 0.0052830 secs] [Times: user=0.04 sys=0.00, real=0.00 secs] 
45.309: Total time for which application threads were stopped: 0.0054380 seconds, Stopping threads took: 0.0000710 seconds
45.498: Application time: 0.1886930 seconds
45.498: [GC [PSYoungGen: 50127K->5956K(50176K)] 119148K->85665K(163840K), 0.0048740 secs] [Times: user=0.04 sys=0.00, real=0.01 secs] 
45.503: Total time for which application threads were stopped: 0.0050170 seconds, Stopping threads took: 0.0000590 seconds
45.682: Application time: 0.1792140 seconds
45.682: [GC [PSYoungGen: 49445K->6636K(50176K)] 129154K->96329K(163840K), 0.0049140 secs] [Times: user=0.03 sys=0.00, real=0.00 secs] 
45.687: Total time for which application threads were stopped: 0.0050720 seconds, Stopping threads took: 0.0000650 seconds
45.831: Application time: 0.1435890 seconds
45.831: [GC [PSYoungGen: 50134K->6636K(50176K)] 139827K->107025K(163840K), 0.0051210 secs] [Times: user=0.04 sys=0.00, real=0.00 secs] 
45.836: [Full GC [PSYoungGen: 6636K->0K(50176K)] [ParOldGen: 100388K->25550K(113664K)] 107025K->25550K(163840K) [PSPermGen: 6084K->6084K(21504K)], 0.0099060 secs] [Times: user=0.05 sys=0.00, real=0.01 secs] 
45.846: Total time for which application threads were stopped: 0.0152230 seconds, Stopping threads took: 0.0000610 seconds
45.991: Application time: 0.1450190 seconds
45.991: [GC [PSYoungGen: 43481K->6413K(50176K)] 69032K->41226K(163840K), 0.0046780 secs] [Times: user=0.03 sys=0.00, real=0.00 secs] 
45.996: Total time for which application threads were stopped: 0.0048330 seconds, Stopping threads took: 0.0000710 seconds
46.138: Application time: 0.1417360 seconds
46.138: [GC [PSYoungGen: 49920K->6573K(50176K)] 84734K->52075K(163840K), 0.0051100 secs] [Times: user=0.02 sys=0.01, real=0.01 secs] 
46.143: Total time for which application threads were stopped: 0.0052660 seconds, Stopping threads took: 0.0000770 seconds
46.284: Application time: 0.1404870 seconds
46.284: [GC [PSYoungGen: 50072K->6605K(50176K)] 95574K->61370K(163840K), 0.0047160 secs] [Times: user=0.03 sys=0.00, real=0.00 secs] 
46.288: Total time for which application threads were stopped: 0.0048840 seconds, Stopping threads took: 0.0000700 seconds
46.427: Application time: 0.1388110 seconds
46.427: [GC [PSYoungGen: 50088K->6605K(50176K)] 104854K->71346K(163840K), 0.0049290 secs] [Times: user=0.04 sys=0.00, real=0.01 secs] 
46.432: Total time for which application threads were stopped: 0.0050870 seconds, Stopping threads took: 0.0000740 seconds
46.589: Application time: 0.1562170 seconds
46.589: [GC [PSYoungGen: 50105K->6637K(50176K)] 114847K->82075K(163840K), 0.0051430 secs] [Times: user=0.04 sys=0.00, real=0.01 secs] 
46.594: Total time for which application threads were stopped: 0.0053080 seconds, Stopping threads took: 0.0000800 seconds
46.740: Application time: 0.1461920 seconds
46.740: [GC [PSYoungGen: 50128K->6637K(50176K)] 125567K->92059K(163840K), 0.0050020 secs] [Times: user=0.03 sys=0.00, real=0.01 secs] 
46.745: Total time for which application threads were stopped: 0.0051550 seconds, Stopping threads took: 0.0000710 seconds
46.887: Application time: 0.1418630 seconds
46.887: [GC [PSYoungGen: 50120K->6637K(50176K)] 135542K->101331K(163840K), 0.0047600 secs] [Times: user=0.03 sys=0.00, real=0.01 secs] 
46.892: Total time for which application threads were stopped: 0.0049470 seconds, Stopping threads took: 0.0000900 seconds
47.051: Application time: 0.1585970 seconds
47.051: [GC [PSYoungGen: 50136K->6637K(50176K)] 144830K->109881K(163840K), 0.0045310 secs] [Times: user=0.03 sys=0.00, real=0.00 secs] 
47.055: [Full GC [PSYoungGen: 6637K->0K(50176K)] [ParOldGen: 103244K->28587K(113664K)] 109881K->28587K(163840K) [PSPermGen: 6084K->6084K(21504K)], 0.0103510 secs] [Times: user=0.06 sys=0.00, real=0.01 secs] 
47.066: Total time for which application threads were stopped: 0.0151470 seconds, Stopping threads took: 0.0001310 seconds
47.111: Application time: 0.0456990 seconds
47.112: [GC [PSYoungGen: 42811K->6476K(50176K)] 71398K->40052K(163840K), 0.0036710 secs] [Times: user=0.03 sys=0.00, real=0.00 secs] 
47.115: Total time for which application threads were stopped: 0.0038490 seconds, Stopping threads took: 0.0000890 seconds
47.152: Application time: 0.0366650 seconds
47.152: [GC [PSYoungGen: 49960K->6477K(50176K)] 83535K->47890K(163840K), 0.0043660 secs] [Times: user=0.03 sys=0.00, real=0.00 secs] 
47.157: Total time for which application threads were stopped: 0.0045650 seconds, Stopping threads took: 0.0001140 seconds
47.192: Application time: 0.0351080 seconds
47.192: [GC [PSYoungGen: 49964K->6509K(50176K)] 91377K->52198K(163840K), 0.0034190 secs] [Times: user=0.03 sys=0.00, real=0.00 secs] 
47.195: Total time for which application threads were stopped: 0.0035930 seconds, Stopping threads took: 0.0000870 seconds
47.248: Application time: 0.0524460 seconds
47.248: [GC [PSYoungGen: 49329K->6540K(50176K)] 95018K->61493K(163840K), 0.0048930 secs] [Times: user=0.03 sys=0.00, real=0.01 secs] 
47.253: Total time for which application threads were stopped: 0.0050510 seconds, Stopping threads took: 0.0000730 seconds
47.287: Application time: 0.0344530 seconds
47.287: [GC [PSYoungGen: 50059K->6636K(50176K)] 105011K->67289K(163840K), 0.0038590 secs] [Times: user=0.03 sys=0.00, real=0.01 secs] 
47.291: Total time for which application threads were stopped: 0.0040970 seconds, Stopping threads took: 0.0001520 seconds
47.316: Application time: 0.0251530 seconds
47.318: [GC [PSYoungGen: 50123K->6636K(50176K)] 110775K->71572K(163840K), 0.0034520 secs] [Times: user=0.02 sys=0.00, real=0.00 secs] 
47.322: Total time for which application threads were stopped: 0.0050700 seconds, Stopping threads took: 0.0015300 seconds
47.344: Application time: 0.0224090 seconds
47.344: [GC [PSYoungGen: 50117K->6573K(50176K)] 115053K->74359K(163840K), 0.0031460 secs] [Times: user=0.02 sys=0.00, real=0.00 secs] 
47.347: Total time for which application threads were stopped: 0.0033120 seconds, Stopping threads took: 0.0000790 seconds
47.367: Application time: 0.0199470 seconds
47.367: [GC [PSYoungGen: 50065K->6653K(50176K)] 117851K->79426K(163840K), 0.0036780 secs] [Times: user=0.03 sys=0.00, real=0.01 secs] 
47.371: Total time for which application threads were stopped: 0.0038580 seconds, Stopping threads took: 0.0000950 seconds
47.391: Application time: 0.0199930 seconds
47.391: [GC [PSYoungGen: 50128K->6605K(50176K)] 122901K->82229K(163840K), 0.0030680 secs] [Times: user=0.02 sys=0.00, real=0.00 secs] 
47.395: Total time for which application threads were stopped: 0.0034050 seconds, Stopping threads took: 0.0002380 seconds
47.426: Application time: 0.0320010 seconds
47.427: [GC [PSYoungGen: 50100K->6605K(50176K)] 125724K->86504K(163840K), 0.0035550 secs] [Times: user=0.02 sys=0.01, real=0.01 secs] 
47.430: Total time for which application threads were stopped: 0.0037360 seconds, Stopping threads took: 0.0000970 seconds
47.537: Application time: 0.1065310 seconds
47.537: [GC [PSYoungGen: 50124K->6652K(50176K)] 130024K->95815K(163840K), 0.0047280 secs] [Times: user=0.03 sys=0.00, real=0.00 secs] 
47.542: Total time for which application threads were stopped: 0.0048790 seconds, Stopping threads took: 0.0000650 seconds
47.581: Application time: 0.0388750 seconds
47.581: [GC [PSYoungGen: 49470K->5988K(50176K)] 138632K->101563K(163840K), 0.0038780 secs] [Times: user=0.03 sys=0.00, real=0.01 secs] 
47.585: Total time for which application threads were stopped: 0.0040410 seconds, Stopping threads took: 0.0000750 seconds
47.611: Application time: 0.0259840 seconds
47.611: [GC [PSYoungGen: 49470K->6636K(50176K)] 145045K->105129K(163840K), 0.0030010 secs] [Times: user=0.02 sys=0.00, real=0.00 secs] 
47.614: Total time for which application threads were stopped: 0.0031540 seconds, Stopping threads took: 0.0000710 seconds
47.634: Application time: 0.0204040 seconds
47.634: [GC [PSYoungGen: 50124K->6636K(50176K)] 148617K->112255K(163840K), 0.0044030 secs] [Times: user=0.04 sys=0.00, real=0.00 secs] 
47.639: [Full GC [PSYoungGen: 6636K->0K(50176K)] [ParOldGen: 105618K->28400K(113664K)] 112255K->28400K(163840K) [PSPermGen: 6084K->6084K(21504K)], 0.0110290 secs] [Times: user=0.06 sys=0.00, real=0.01 secs] 
47.650: Total time for which application threads were stopped: 0.0156460 seconds, Stopping threads took: 0.0000760 seconds
47.672: Application time: 0.0219590 seconds
47.672: [GC [PSYoungGen: 43491K->5892K(50176K)] 71892K->34293K(163840K), 0.0019630 secs] [Times: user=0.02 sys=0.00, real=0.00 secs] 
47.674: Total time for which application threads were stopped: 0.0021780 seconds, Stopping threads took: 0.0001310 seconds
47.692: Application time: 0.0185770 seconds
47.693: [GC [PSYoungGen: 49368K->6541K(50176K)] 77768K->39217K(163840K), 0.0034150 secs] [Times: user=0.03 sys=0.00, real=0.00 secs] 
47.696: Total time for which application threads were stopped: 0.0036020 seconds, Stopping threads took: 0.0001020 seconds
47.724: Application time: 0.0280300 seconds
47.724: [GC [PSYoungGen: 50037K->6540K(50176K)] 82713K->45629K(163840K), 0.0040020 secs] [Times: user=0.03 sys=0.00, real=0.00 secs] 
47.728: Total time for which application threads were stopped: 0.0041760 seconds, Stopping threads took: 0.0000910 seconds
47.806: Application time: 0.0781940 seconds
47.807: [GC [PSYoungGen: 49361K->6540K(50176K)] 88450K->54892K(163840K), 0.0049100 secs] [Times: user=0.03 sys=0.00, real=0.01 secs] 
47.812: Total time for which application threads were stopped: 0.0050910 seconds, Stopping threads took: 0.0000950 seconds
47.845: Application time: 0.0329550 seconds
47.845: [GC [PSYoungGen: 50026K->6572K(50176K)] 98378K->64187K(163840K), 0.0048170 secs] [Times: user=0.03 sys=0.00, real=0.00 secs] 
47.850: Total time for which application threads were stopped: 0.0050140 seconds, Stopping threads took: 0.0001120 seconds
47.891: Application time: 0.0413360 seconds
47.891: [GC [PSYoungGen: 50054K->6604K(50176K)] 107669K->69207K(163840K), 0.0037270 secs] [Times: user=0.03 sys=0.00, real=0.00 secs] 
47.895: Total time for which application threads were stopped: 0.0038950 seconds, Stopping threads took: 0.0000800 seconds
47.926: Application time: 0.0314270 seconds
47.926: [GC [PSYoungGen: 50092K->6572K(50176K)] 112695K->76300K(163840K), 0.0043190 secs] [Times: user=0.03 sys=0.00, real=0.01 secs] 
47.931: Total time for which application threads were stopped: 0.0044930 seconds, Stopping threads took: 0.0000800 seconds
48.052: Application time: 0.1210930 seconds
48.052: [GC [PSYoungGen: 50061K->6540K(50176K)] 119789K->86956K(163840K), 0.0050830 secs] [Times: user=0.03 sys=0.00, real=0.00 secs] 
48.057: Total time for which application threads were stopped: 0.0052260 seconds, Stopping threads took: 0.0000590 seconds
48.132: Application time: 0.0745130 seconds
48.132: [GC [PSYoungGen: 49401K->6636K(50176K)] 129817K->98484K(163840K), 0.0054460 secs] [Times: user=0.04 sys=0.00, real=0.00 secs] 
48.137: Total time for which application threads were stopped: 0.0056250 seconds, Stopping threads took: 0.0000930 seconds
48.164: Application time: 0.0272140 seconds
48.165: [GC [PSYoungGen: 50114K->6604K(50176K)] 141962K->102015K(163840K), 0.0033800 secs] [Times: user=0.02 sys=0.00, real=0.00 secs] 
48.168: Total time for which application threads were stopped: 0.0035480 seconds, Stopping threads took: 0.0000820 seconds
48.189: Application time: 0.0211060 seconds
48.189: [GC [PSYoungGen: 50095K->6652K(50176K)] 145505K->109196K(163840K), 0.0042750 secs] [Times: user=0.04 sys=0.00, real=0.01 secs] 
48.194: [Full GC [PSYoungGen: 6652K->0K(50176K)] [ParOldGen: 102543K->26975K(113664K)] 109196K->26975K(163840K) [PSPermGen: 6084K->6084K(21504K)], 0.0106460 secs] [Times: user=0.06 sys=0.00, real=0.01 secs] 
48.204: Total time for which application threads were stopped: 0.0151400 seconds, Stopping threads took: 0.0000850 seconds
48.225: Application time: 0.0209080 seconds
48.225: [GC [PSYoungGen: 43483K->6541K(50176K)] 70458K->35653K(163840K), 0.0027820 secs] [Times: user=0.02 sys=0.00, real=0.00 secs] 
48.228: Total time for which application threads were stopped: 0.0029620 seconds, Stopping threads took: 0.0000860 seconds
48.248: Application time: 0.0202750 seconds
48.248: [GC [PSYoungGen: 50024K->6605K(50176K)] 79137K->36430K(163840K), 0.0025100 secs] [Times: user=0.02 sys=0.00, real=0.01 secs] 
48.251: Total time for which application threads were stopped: 0.0026910 seconds, Stopping threads took: 0.0000950 seconds
48.269: Application time: 0.0181010 seconds
48.269: [GC [PSYoungGen: 50098K->6508K(50176K)] 79923K->41322K(163840K), 0.0034770 secs] [Times: user=0.02 sys=0.00, real=0.01 secs] 
48.273: Total time for which application threads were stopped: 0.0036340 seconds, Stopping threads took: 0.0000750 seconds
48.361: Application time: 0.0880590 seconds
48.361: [GC [PSYoungGen: 50019K->6572K(50176K)] 84832K->52073K(163840K), 0.0050350 secs] [Times: user=0.04 sys=0.00, real=0.01 secs] 
48.366: Total time for which application threads were stopped: 0.0051890 seconds, Stopping threads took: 0.0000700 seconds
48.558: Application time: 0.1922350 seconds
48.558: [GC [PSYoungGen: 50052K->6604K(50176K)] 95553K->62793K(163840K), 0.0050500 secs] [Times: user=0.03 sys=0.01, real=0.01 secs] 
48.563: Total time for which application threads were stopped: 0.0052040 seconds, Stopping threads took: 0.0000610 seconds
48.761: Application time: 0.1977310 seconds
48.761: [GC [PSYoungGen: 50101K->6604K(50176K)] 106289K->74193K(163840K), 0.0053230 secs] [Times: user=0.04 sys=0.00, real=0.01 secs] 
48.767: Total time for which application threads were stopped: 0.0054620 seconds, Stopping threads took: 0.0000570 seconds
48.964: Application time: 0.1973550 seconds
48.964: [GC [PSYoungGen: 50092K->6636K(50176K)] 117681K->84208K(163840K), 0.0048150 secs] [Times: user=0.04 sys=0.00, real=0.00 secs] 
48.969: Total time for which application threads were stopped: 0.0049760 seconds, Stopping threads took: 0.0000730 seconds
49.139: Application time: 0.1700790 seconds
49.139: [GC [PSYoungGen: 50135K->5956K(50176K)] 127707K->94928K(163840K), 0.0051910 secs] [Times: user=0.04 sys=0.00, real=0.01 secs] 
49.144: Total time for which application threads were stopped: 0.0053520 seconds, Stopping threads took: 0.0000690 seconds
49.328: Application time: 0.1839790 seconds
49.329: [GC [PSYoungGen: 49461K->5956K(50176K)] 138433K->106328K(163840K), 0.0049830 secs] [Times: user=0.04 sys=0.00, real=0.01 secs] 
49.334: [Full GC [PSYoungGen: 5956K->0K(50176K)] [ParOldGen: 100372K->27688K(113664K)] 106328K->27688K(163840K) [PSPermGen: 6084K->6084K(21504K)], 0.0104870 secs] [Times: user=0.06 sys=0.00, real=0.01 secs] 
49.344: Total time for which application threads were stopped: 0.0156920 seconds, Stopping threads took: 0.0000890 seconds
49.520: Application time: 0.1755890 seconds
49.520: [GC [PSYoungGen: 43480K->6412K(50176K)] 71168K->44076K(163840K), 0.0048900 secs] [Times: user=0.04 sys=0.00, real=0.01 secs] 
49.525: Total time for which application threads were stopped: 0.0050330 seconds, Stopping threads took: 0.0000580 seconds
49.678: Application time: 0.1536530 seconds
49.679: [GC [PSYoungGen: 49912K->6540K(50176K)] 87575K->54179K(163840K), 0.0049150 secs] [Times: user=0.04 sys=0.00, real=0.01 secs] 
49.683: Total time for which application threads were stopped: 0.0050770 seconds, Stopping threads took: 0.0000650 seconds
49.830: Application time: 0.1466700 seconds
49.830: [GC [PSYoungGen: 50030K->6572K(50176K)] 97669K->64899K(163840K), 0.0051160 secs] [Times: user=0.04 sys=0.00, real=0.00 secs] 
49.835: Total time for which application threads were stopped: 0.0052730 seconds, Stopping threads took: 0.0000730 seconds
49.984: Application time: 0.1484400 seconds
49.984: [GC [PSYoungGen: 50063K->6572K(50176K)] 108390K->74875K(163840K), 0.0049270 secs] [Times: user=0.04 sys=0.00, real=0.00 secs] 
49.989: Total time for which application threads were stopped: 0.0050820 seconds, Stopping threads took: 0.0000740 seconds
50.148: Application time: 0.1589380 seconds
50.148: [GC [PSYoungGen: 50063K->6637K(50176K)] 118366K->84923K(163840K), 0.0048590 secs] [Times: user=0.03 sys=0.00, real=0.01 secs] 
50.153: Total time for which application threads were stopped: 0.0050120 seconds, Stopping threads took: 0.0000660 seconds
50.285: Application time: 0.1319460 seconds
50.285: [GC [PSYoungGen: 50145K->5956K(50176K)] 128431K->95644K(163840K), 0.0050640 secs] [Times: user=0.04 sys=0.00, real=0.01 secs] 
50.290: Total time for which application threads were stopped: 0.0052360 seconds, Stopping threads took: 0.0000760 seconds
50.425: Application time: 0.1352770 seconds
50.426: [GC [PSYoungGen: 49447K->5956K(50176K)] 139135K->106333K(163840K), 0.0049830 secs] [Times: user=0.03 sys=0.00, real=0.01 secs] 
50.431: [Full GC [PSYoungGen: 5956K->0K(50176K)] [ParOldGen: 100376K->27903K(113664K)] 106333K->27903K(163840K) [PSPermGen: 6084K->6084K(21504K)], 0.0104740 secs] [Times: user=0.06 sys=0.00, real=0.00 secs] 
50.441: Total time for which application threads were stopped: 0.0156990 seconds, Stopping threads took: 0.0000950 seconds
50.600: Application time: 0.1586970 seconds
50.600: [GC [PSYoungGen: 43491K->6445K(50176K)] 71395K->44325K(163840K), 0.0049490 secs] [Times: user=0.04 sys=0.00, real=0.01 secs] 
50.605: Total time for which application threads were stopped: 0.0051090 seconds, Stopping threads took: 0.0000720 seconds
50.753: Application time: 0.1477370 seconds
50.753: [GC [PSYoungGen: 49936K->6509K(50176K)] 87816K->54365K(163840K), 0.0049540 secs] [Times: user=0.04 sys=0.00, real=0.00 secs] 
50.758: Total time for which application threads were stopped: 0.0051290 seconds, Stopping threads took: 0.0000900 seconds
50.906: Application time: 0.1478770 seconds
50.906: [GC [PSYoungGen: 49992K->6509K(50176K)] 97848K->63628K(163840K), 0.0046760 secs] [Times: user=0.04 sys=0.00, real=0.01 secs] 
50.910: Total time for which application threads were stopped: 0.0048440 seconds, Stopping threads took: 0.0000710 seconds
50.956: Application time: 0.0453810 seconds
50.956: [GC [PSYoungGen: 49318K->6637K(50176K)] 106437K->73732K(163840K), 0.0051010 secs] [Times: user=0.04 sys=0.00, real=0.00 secs] 
50.961: Total time for which application threads were stopped: 0.0052630 seconds, Stopping threads took: 0.0000760 seconds
50.978: Application time: 0.0173620 seconds
50.979: [GC [PSYoungGen: 50122K->6605K(50176K)] 117217K->75838K(163840K), 0.0029450 secs] [Times: user=0.03 sys=0.00, real=0.00 secs] 
50.982: Total time for which application threads were stopped: 0.0031020 seconds, Stopping threads took: 0.0000730 seconds
50.997: Application time: 0.0152340 seconds
50.997: [GC [PSYoungGen: 50088K->6637K(50176K)] 119321K->78016K(163840K), 0.0030320 secs] [Times: user=0.03 sys=0.00, real=0.00 secs] 
51.000: Total time for which application threads were stopped: 0.0032320 seconds, Stopping threads took: 0.0001110 seconds
51.092: Application time: 0.0917730 seconds
51.092: [GC [PSYoungGen: 50146K->6637K(50176K)] 121525K->87991K(163840K), 0.0048460 secs] [Times: user=0.03 sys=0.00, real=0.00 secs] 
51.097: Total time for which application threads were stopped: 0.0050120 seconds, Stopping threads took: 0.0000820 seconds
51.194: Application time: 0.0966720 seconds
51.194: [GC [PSYoungGen: 49447K->6636K(50176K)] 130801K->98679K(163840K), 0.0053380 secs] [Times: user=0.04 sys=0.00, real=0.00 secs] 
51.199: Total time for which application threads were stopped: 0.0055250 seconds, Stopping threads took: 0.0001020 seconds
51.216: Application time: 0.0164550 seconds
51.216: [GC [PSYoungGen: 50115K->5988K(50176K)] 142158K->100168K(163840K), 0.0027850 secs] [Times: user=0.02 sys=0.00, real=0.00 secs] 
51.218: Total time for which application threads were stopped: 0.0029450 seconds, Stopping threads took: 0.0000740 seconds
51.237: Application time: 0.0187180 seconds
51.238: [GC [PSYoungGen: 49482K->6605K(50176K)] 143662K->105061K(163840K), 0.0034990 secs] [Times: user=0.02 sys=0.00, real=0.00 secs] 
51.242: [Full GC [PSYoungGen: 6605K->0K(50176K)] [ParOldGen: 98456K->32236K(113664K)] 105061K->32236K(163840K) [PSPermGen: 6084K->6084K(21504K)], 0.0102050 secs] [Times: user=0.06 sys=0.00, real=0.02 secs] 
51.252: Total time for which application threads were stopped: 0.0147070 seconds, Stopping threads took: 0.0008680 seconds
51.285: Application time: 0.0331250 seconds
51.285: [GC [PSYoungGen: 42816K->6540K(50176K)] 75052K->40914K(163840K), 0.0026640 secs] [Times: user=0.02 sys=0.00, real=0.00 secs] 
51.288: Total time for which application threads were stopped: 0.0028230 seconds, Stopping threads took: 0.0000750 seconds
51.307: Application time: 0.0187470 seconds
51.307: [GC [PSYoungGen: 50016K->6540K(50176K)] 84390K->43764K(163840K), 0.0030320 secs] [Times: user=0.02 sys=0.00, real=0.00 secs] 
51.310: Total time for which application threads were stopped: 0.0032180 seconds, Stopping threads took: 0.0001010 seconds
51.328: Application time: 0.0182310 seconds
51.328: [GC [PSYoungGen: 50024K->6541K(50176K)] 87248K->48040K(163840K), 0.0035230 secs] [Times: user=0.03 sys=0.00, real=0.01 secs] 
51.332: Total time for which application threads were stopped: 0.0037000 seconds, Stopping threads took: 0.0000920 seconds
51.344: Application time: 0.0121570 seconds
51.344: [GC [PSYoungGen: 50026K->6636K(50176K)] 91525K->52411K(163840K), 0.0035180 secs] [Times: user=0.02 sys=0.00, real=0.00 secs] 
51.348: Total time for which application threads were stopped: 0.0037100 seconds, Stopping threads took: 0.0001080 seconds
51.439: Application time: 0.0909330 seconds
51.439: [GC [PSYoungGen: 49455K->6636K(50176K)] 95230K->63099K(163840K), 0.0052860 secs] [Times: user=0.04 sys=0.00, real=0.01 secs] 
51.444: Total time for which application threads were stopped: 0.0054720 seconds, Stopping threads took: 0.0000890 seconds
51.462: Application time: 0.0177770 seconds
51.462: [GC [PSYoungGen: 50120K->6636K(50176K)] 106583K->64524K(163840K), 0.0026150 secs] [Times: user=0.02 sys=0.00, real=0.01 secs] 
51.465: Total time for which application threads were stopped: 0.0027710 seconds, Stopping threads took: 0.0000750 seconds
51.482: Application time: 0.0175210 seconds
51.482: [GC [PSYoungGen: 50123K->6605K(50176K)] 108010K->67343K(163840K), 0.0030130 secs] [Times: user=0.02 sys=0.00, real=0.00 secs] 
51.485: Total time for which application threads were stopped: 0.0033340 seconds, Stopping threads took: 0.0002360 seconds
51.526: Application time: 0.0405980 seconds
51.526: [GC [PSYoungGen: 49424K->6636K(50176K)] 110163K->74516K(163840K), 0.0041320 secs] [Times: user=0.03 sys=0.00, real=0.01 secs] 
51.530: Total time for which application threads were stopped: 0.0042760 seconds, Stopping threads took: 0.0000650 seconds
51.549: Application time: 0.0185750 seconds
51.549: [GC [PSYoungGen: 50112K->6604K(50176K)] 117991K->77334K(163840K), 0.0032390 secs] [Times: user=0.01 sys=0.00, real=0.01 secs] 
51.552: Total time for which application threads were stopped: 0.0034150 seconds, Stopping threads took: 0.0000910 seconds
51.571: Application time: 0.0184220 seconds
51.571: [GC [PSYoungGen: 50088K->6573K(50176K)] 120817K->81577K(163840K), 0.0035650 secs] [Times: user=0.02 sys=0.00, real=0.00 secs] 
51.574: Total time for which application threads were stopped: 0.0037350 seconds, Stopping threads took: 0.0000880 seconds
51.586: Application time: 0.0115980 seconds
51.586: [GC [PSYoungGen: 50060K->6636K(50176K)] 125065K->86629K(163840K), 0.0037640 secs] [Times: user=0.01 sys=0.01, real=0.01 secs] 
51.590: Total time for which application threads were stopped: 0.0039640 seconds, Stopping threads took: 0.0001000 seconds
51.740: Application time: 0.1497850 seconds
51.740: [GC [PSYoungGen: 49455K->6636K(50176K)] 129448K->96648K(163840K), 0.0048390 secs] [Times: user=0.04 sys=0.00, real=0.01 secs] 
51.745: Total time for which application threads were stopped: 0.0049980 seconds, Stopping threads took: 0.0000720 seconds
51.764: Application time: 0.0191410 seconds
51.764: [GC [PSYoungGen: 50112K->6604K(50176K)] 140124K->100179K(163840K), 0.0034660 secs] [Times: user=0.03 sys=0.00, real=0.00 secs] 
51.768: Total time for which application threads were stopped: 0.0036420 seconds, Stopping threads took: 0.0000890 seconds
51.787: Application time: 0.0195370 seconds
51.787: [GC [PSYoungGen: 50086K->6636K(50176K)] 143660K->103782K(163840K), 0.0034680 secs] [Times: user=0.02 sys=0.00, real=0.01 secs] 
51.791: Total time for which application threads were stopped: 0.0036280 seconds, Stopping threads took: 0.0000750 seconds
51.811: Application time: 0.0201560 seconds
51.811: [GC [PSYoungGen: 50130K->6652K(50176K)] 147275K->107368K(163840K), 0.0031570 secs] [Times: user=0.02 sys=0.01, real=0.00 secs] 
51.814: Total time for which application threads were stopped: 0.0033230 seconds, Stopping threads took: 0.0000850 seconds
51.972: Application time: 0.1573850 seconds
51.972: [GC [PSYoungGen: 50141K->6636K(50176K)] 150857K->117383K(163840K), 0.0049980 secs] [Times: user=0.03 sys=0.00, real=0.00 secs] 
51.977: [Full GC [PSYoungGen: 6636K->0K(50176K)] [ParOldGen: 110747K->26976K(113664K)] 117383K->26976K(163840K) [PSPermGen: 6085K->6085K(21504K)], 0.0107490 secs] [Times: user=0.07 sys=0.00, real=0.01 secs] 
51.988: Total time for which application threads were stopped: 0.0159750 seconds, Stopping threads took: 0.0000740 seconds
52.040: Application time: 0.0527390 seconds
52.040: [GC [PSYoungGen: 42811K->6540K(50176K)] 69787K->38504K(163840K), 0.0037010 secs] [Times: user=0.03 sys=0.00, real=0.01 secs] 
52.044: Total time for which application threads were stopped: 0.0038840 seconds, Stopping threads took: 0.0000940 seconds
52.061: Application time: 0.0170080 seconds
52.061: [GC [PSYoungGen: 50020K->6476K(50176K)] 81983K->41290K(163840K), 0.0031130 secs] [Times: user=0.03 sys=0.00, real=0.01 secs] 
52.065: Total time for which application threads were stopped: 0.0033010 seconds, Stopping threads took: 0.0001020 seconds
52.077: Application time: 0.0127290 seconds
52.077: [GC [PSYoungGen: 49857K->6524K(50176K)] 84671K->46326K(163840K), 0.0037400 secs] [Times: user=0.03 sys=0.00, real=0.00 secs] 
52.081: Total time for which application threads were stopped: 0.0039010 seconds, Stopping threads took: 0.0000770 seconds
52.099: Application time: 0.0178910 seconds
52.099: [GC [PSYoungGen: 49441K->6604K(50176K)] 89242K->50681K(163840K), 0.0035910 secs] [Times: user=0.03 sys=0.00, real=0.01 secs] 
52.103: Total time for which application threads were stopped: 0.0037470 seconds, Stopping threads took: 0.0000730 seconds
52.119: Application time: 0.0161170 seconds
52.119: [GC [PSYoungGen: 50089K->6540K(50176K)] 94166K->52754K(163840K), 0.0029550 secs] [Times: user=0.02 sys=0.00, real=0.01 secs] 
52.122: Total time for which application threads were stopped: 0.0031120 seconds, Stopping threads took: 0.0000750 seconds
52.137: Application time: 0.0151220 seconds
52.137: [GC [PSYoungGen: 50024K->6604K(50176K)] 96238K->55669K(163840K), 0.0031520 secs] [Times: user=0.02 sys=0.00, real=0.00 secs] 
52.141: Total time for which application threads were stopped: 0.0033280 seconds, Stopping threads took: 0.0000930 seconds
52.255: Application time: 0.1143950 seconds
52.255: [GC [PSYoungGen: 50103K->6636K(50176K)] 99168K->66388K(163840K), 0.0050830 secs] [Times: user=0.03 sys=0.00, real=0.00 secs] 
52.260: Total time for which application threads were stopped: 0.0052390 seconds, Stopping threads took: 0.0000720 seconds
52.447: Application time: 0.1864370 seconds
52.447: [GC [PSYoungGen: 50124K->6604K(50176K)] 109876K->77756K(163840K), 0.0053390 secs] [Times: user=0.04 sys=0.00, real=0.01 secs] 
52.452: Total time for which application threads were stopped: 0.0054850 seconds, Stopping threads took: 0.0000610 seconds
52.648: Application time: 0.1960450 seconds
52.648: [GC [PSYoungGen: 50101K->6636K(50176K)] 121253K->89189K(163840K), 0.0052090 secs] [Times: user=0.04 sys=0.00, real=0.01 secs] 
52.653: Total time for which application threads were stopped: 0.0053720 seconds, Stopping threads took: 0.0000690 seconds
52.847: Application time: 0.1936390 seconds
52.847: [GC [PSYoungGen: 50124K->6636K(50176K)] 132677K->99180K(163840K), 0.0048860 secs] [Times: user=0.04 sys=0.00, real=0.01 secs] 
52.852: Total time for which application threads were stopped: 0.0050590 seconds, Stopping threads took: 0.0000870 seconds
53.010: Application time: 0.1580690 seconds
53.010: [GC [PSYoungGen: 50135K->6636K(50176K)] 142679K->110624K(163840K), 0.0053570 secs] [Times: user=0.04 sys=0.00, real=0.00 secs] 
53.016: [Full GC [PSYoungGen: 6636K->0K(50176K)] [ParOldGen: 103988K->29826K(113664K)] 110624K->29826K(163840K) [PSPermGen: 6085K->6085K(21504K)], 0.0111310 secs] [Times: user=0.06 sys=0.00, real=0.01 secs] 
53.027: Total time for which application threads were stopped: 0.0166910 seconds, Stopping threads took: 0.0000670 seconds
53.219: Application time: 0.1918530 seconds
53.219: [GC [PSYoungGen: 43496K->6604K(50176K)] 73322K->47118K(163840K), 0.0051030 secs] [Times: user=0.04 sys=0.00, real=0.01 secs] 
53.224: Total time for which application threads were stopped: 0.0052740 seconds, Stopping threads took: 0.0000600 seconds
53.388: Application time: 0.1639680 seconds
53.388: [GC [PSYoungGen: 50093K->6604K(50176K)] 90607K->57806K(163840K), 0.0050690 secs] [Times: user=0.04 sys=0.00, real=0.01 secs] 
53.393: Total time for which application threads were stopped: 0.0052340 seconds, Stopping threads took: 0.0000830 seconds
53.552: Application time: 0.1582650 seconds
53.552: [GC [PSYoungGen: 50102K->6604K(50176K)] 101303K->68494K(163840K), 0.0051000 secs] [Times: user=0.04 sys=0.00, real=0.00 secs] 
53.557: Total time for which application threads were stopped: 0.0052470 seconds, Stopping threads took: 0.0000600 seconds
53.702: Application time: 0.1447430 seconds
53.702: [GC [PSYoungGen: 50094K->6636K(50176K)] 111984K->79214K(163840K), 0.0051280 secs] [Times: user=0.04 sys=0.00, real=0.01 secs] 
53.707: Total time for which application threads were stopped: 0.0052750 seconds, Stopping threads took: 0.0000670 seconds
53.858: Application time: 0.1509790 seconds
53.858: [GC [PSYoungGen: 50127K->6637K(50176K)] 122705K->89903K(163840K), 0.0051320 secs] [Times: user=0.04 sys=0.00, real=0.01 secs] 
53.863: Total time for which application threads were stopped: 0.0053170 seconds, Stopping threads took: 0.0000850 seconds
54.004: Application time: 0.1406410 seconds
54.004: [GC [PSYoungGen: 50128K->6637K(50176K)] 133394K->99887K(163840K), 0.0049510 secs] [Times: user=0.03 sys=0.00, real=0.00 secs] 
54.009: Total time for which application threads were stopped: 0.0051240 seconds, Stopping threads took: 0.0000880 seconds
54.145: Application time: 0.1364650 seconds
54.145: [GC [PSYoungGen: 50146K->6637K(50176K)] 143396K->111288K(163840K), 0.0053360 secs] [Times: user=0.04 sys=0.00, real=0.01 secs] 
54.151: [Full GC [PSYoungGen: 6637K->0K(50176K)] [ParOldGen: 104651K->26977K(113664K)] 111288K->26977K(163840K) [PSPermGen: 6085K->6085K(21504K)], 0.0105980 secs] [Times: user=0.06 sys=0.00, real=0.00 secs] 
54.162: Total time for which application threads were stopped: 0.0161550 seconds, Stopping threads took: 0.0000830 seconds
54.321: Application time: 0.1595170 seconds
54.321: [GC [PSYoungGen: 43483K->6509K(50176K)] 70461K->42037K(163840K), 0.0044570 secs] [Times: user=0.03 sys=0.00, real=0.01 secs] 
54.326: Total time for which application threads were stopped: 0.0046330 seconds, Stopping threads took: 0.0000900 seconds
54.476: Application time: 0.1503040 seconds
54.476: [GC [PSYoungGen: 50009K->6605K(50176K)] 85538K->53535K(163840K), 0.0052260 secs] [Times: user=0.04 sys=0.00, real=0.00 secs] 
54.481: Total time for which application threads were stopped: 0.0053750 seconds, Stopping threads took: 0.0000580 seconds
54.592: Application time: 0.1107500 seconds
54.592: [GC [PSYoungGen: 50096K->6541K(50176K)] 97026K->64159K(163840K), 0.0050890 secs] [Times: user=0.04 sys=0.00, real=0.00 secs] 
54.597: Total time for which application threads were stopped: 0.0052470 seconds, Stopping threads took: 0.0000710 seconds
54.759: Application time: 0.1619720 seconds
54.759: [GC [PSYoungGen: 49540K->6605K(50176K)] 107158K->72062K(163840K), 0.0043260 secs] [Times: user=0.03 sys=0.00, real=0.01 secs] 
54.764: Total time for which application threads were stopped: 0.0045040 seconds, Stopping threads took: 0.0000950 seconds
54.792: Application time: 0.0278580 seconds
54.792: [GC [PSYoungGen: 49906K->6653K(50176K)] 115362K->77810K(163840K), 0.0038640 secs] [Times: user=0.02 sys=0.00, real=0.00 secs] 
54.796: Total time for which application threads were stopped: 0.0040340 seconds, Stopping threads took: 0.0000860 seconds
54.813: Application time: 0.0174270 seconds
54.813: [GC [PSYoungGen: 50135K->6637K(50176K)] 121292K->82070K(163840K), 0.0035730 secs] [Times: user=0.03 sys=0.00, real=0.00 secs] 
54.817: Total time for which application threads were stopped: 0.0037470 seconds, Stopping threads took: 0.0000880 seconds
54.830: Application time: 0.0134390 seconds
54.830: [GC [PSYoungGen: 50121K->6573K(50176K)] 125554K->84856K(163840K), 0.0031210 secs] [Times: user=0.02 sys=0.00, real=0.00 secs] 
54.834: Total time for which application threads were stopped: 0.0032980 seconds, Stopping threads took: 0.0000880 seconds
54.957: Application time: 0.1231460 seconds
54.957: [GC [PSYoungGen: 50072K->6637K(50176K)] 128355K->96337K(163840K), 0.0053500 secs] [Times: user=0.04 sys=0.00, real=0.01 secs] 
54.962: Total time for which application threads were stopped: 0.0054980 seconds, Stopping threads took: 0.0000660 seconds
55.102: Application time: 0.1392750 seconds
55.102: [GC [PSYoungGen: 49449K->6636K(50176K)] 139149K->107041K(163840K), 0.0052160 secs] [Times: user=0.04 sys=0.00, real=0.01 secs] 
55.107: [Full GC [PSYoungGen: 6636K->0K(50176K)] [ParOldGen: 100404K->31309K(113664K)] 107041K->31309K(163840K) [PSPermGen: 6085K->6085K(21504K)], 0.0102390 secs] [Times: user=0.06 sys=0.00, real=0.01 secs] 
55.117: Total time for which application threads were stopped: 0.0156720 seconds, Stopping threads took: 0.0000750 seconds
55.135: Application time: 0.0173440 seconds
55.135: [GC [PSYoungGen: 43478K->6541K(50176K)] 74787K->37850K(163840K), 0.0023240 secs] [Times: user=0.01 sys=0.00, real=0.00 secs] 
55.137: Total time for which application threads were stopped: 0.0025100 seconds, Stopping threads took: 0.0001030 seconds
55.156: Application time: 0.0186660 seconds
55.156: [GC [PSYoungGen: 50023K->6541K(50176K)] 81333K->42125K(163840K), 0.0035510 secs] [Times: user=0.03 sys=0.00, real=0.00 secs] 
55.160: Total time for which application threads were stopped: 0.0037430 seconds, Stopping threads took: 0.0001050 seconds
55.173: Application time: 0.0133800 seconds
55.173: [GC [PSYoungGen: 50061K->6540K(50176K)] 85645K->42125K(163840K), 0.0020850 secs] [Times: user=0.02 sys=0.00, real=0.00 secs] 
55.175: Total time for which application threads were stopped: 0.0023070 seconds, Stopping threads took: 0.0001370 seconds
55.202: Application time: 0.0270710 seconds
55.202: [GC [PSYoungGen: 50035K->6572K(50176K)] 85619K->47145K(163840K), 0.0037030 secs] [Times: user=0.03 sys=0.00, real=0.00 secs] 
55.206: Total time for which application threads were stopped: 0.0038810 seconds, Stopping threads took: 0.0000880 seconds
55.222: Application time: 0.0162520 seconds
55.223: [GC [PSYoungGen: 50056K->6573K(50176K)] 90629K->52845K(163840K), 0.0038870 secs] [Times: user=0.03 sys=0.00, real=0.00 secs] 
55.226: Total time for which application threads were stopped: 0.0040500 seconds, Stopping threads took: 0.0000790 seconds
55.240: Application time: 0.0130840 seconds
55.240: [GC [PSYoungGen: 50057K->6573K(50176K)] 96330K->54270K(163840K), 0.0027590 secs] [Times: user=0.02 sys=0.00, real=0.01 secs] 
55.242: Total time for which application threads were stopped: 0.0029280 seconds, Stopping threads took: 0.0000840 seconds
55.330: Application time: 0.0874540 seconds
55.330: [GC [PSYoungGen: 49393K->6636K(50176K)] 97090K->65743K(163840K), 0.0054800 secs] [Times: user=0.05 sys=0.00, real=0.00 secs] 
55.336: Total time for which application threads were stopped: 0.0056780 seconds, Stopping threads took: 0.0001110 seconds
55.352: Application time: 0.0163740 seconds
55.353: [GC [PSYoungGen: 50156K->6636K(50176K)] 109262K->67176K(163840K), 0.0027240 secs] [Times: user=0.02 sys=0.00, real=0.00 secs] 
55.356: Total time for which application threads were stopped: 0.0036990 seconds, Stopping threads took: 0.0008680 seconds
55.369: Application time: 0.0132760 seconds
55.369: [GC [PSYoungGen: 50113K->6636K(50176K)] 110653K->69321K(163840K), 0.0030270 secs] [Times: user=0.03 sys=0.00, real=0.01 secs] 
55.372: Total time for which application threads were stopped: 0.0032080 seconds, Stopping threads took: 0.0000920 seconds
55.383: Application time: 0.0104030 seconds
55.383: [GC [PSYoungGen: 50126K->6636K(50176K)] 112811K->72884K(163840K), 0.0033960 secs] [Times: user=0.02 sys=0.00, real=0.00 secs] 
55.386: Total time for which application threads were stopped: 0.0035650 seconds, Stopping threads took: 0.0000870 seconds
55.396: Application time: 0.0098390 seconds
55.396: [GC [PSYoungGen: 50122K->6604K(50176K)] 116370K->77128K(163840K), 0.0034520 secs] [Times: user=0.02 sys=0.00, real=0.00 secs] 
55.400: Total time for which application threads were stopped: 0.0036150 seconds, Stopping threads took: 0.0000710 seconds
55.417: Application time: 0.0169620 seconds
55.417: [GC [PSYoungGen: 50099K->6636K(50176K)] 120622K->82880K(163840K), 0.0039330 secs] [Times: user=0.03 sys=0.00, real=0.00 secs] 
55.421: Total time for which application threads were stopped: 0.0040980 seconds, Stopping threads took: 0.0000780 seconds
55.480: Application time: 0.0588580 seconds
55.480: [GC [PSYoungGen: 50123K->6636K(50176K)] 126366K->87867K(163840K), 0.0036100 secs] [Times: user=0.03 sys=0.00, real=0.01 secs] 
55.483: Total time for which application threads were stopped: 0.0037600 seconds, Stopping threads took: 0.0000670 seconds
55.581: Application time: 0.0980320 seconds
55.581: [GC [PSYoungGen: 49446K->6620K(50176K)] 130677K->98539K(163840K), 0.0053420 secs] [Times: user=0.04 sys=0.00, real=0.01 secs] 
55.587: Total time for which application threads were stopped: 0.0055130 seconds, Stopping threads took: 0.0000860 seconds
55.606: Application time: 0.0189750 seconds
55.606: [GC [PSYoungGen: 50102K->6636K(50176K)] 142021K->98555K(163840K), 0.0022460 secs] [Times: user=0.01 sys=0.00, real=0.00 secs] 
55.608: Total time for which application threads were stopped: 0.0024160 seconds, Stopping threads took: 0.0000800 seconds
55.626: Application time: 0.0173920 seconds
55.626: [GC [PSYoungGen: 50122K->6652K(50176K)] 142041K->102847K(163840K), 0.0034830 secs] [Times: user=0.03 sys=0.00, real=0.00 secs] 
55.629: Total time for which application threads were stopped: 0.0036510 seconds, Stopping threads took: 0.0000830 seconds
55.696: Application time: 0.0666740 seconds
55.696: [GC [PSYoungGen: 50145K->6636K(50176K)] 146339K->112141K(163840K), 0.0048120 secs] [Times: user=0.03 sys=0.00, real=0.00 secs] 
55.701: [Full GC [PSYoungGen: 6636K->0K(50176K)] [ParOldGen: 105505K->26264K(113664K)] 112141K->26264K(163840K) [PSPermGen: 6085K->6085K(21504K)], 0.0106110 secs] [Times: user=0.06 sys=0.00, real=0.02 secs] 
55.712: Total time for which application threads were stopped: 0.0156180 seconds, Stopping threads took: 0.0000630 seconds
55.831: Application time: 0.1195400 seconds
55.831: [GC [PSYoungGen: 42819K->6508K(50176K)] 69083K->42747K(163840K), 0.0050910 secs] [Times: user=0.04 sys=0.00, real=0.00 secs] 
55.836: Total time for which application threads were stopped: 0.0052470 seconds, Stopping threads took: 0.0000650 seconds
55.856: Application time: 0.0191420 seconds
55.856: [GC [PSYoungGen: 49990K->5828K(50176K)] 86229K->42067K(163840K), 0.0020020 secs] [Times: user=0.01 sys=0.00, real=0.00 secs] 
55.858: Total time for which application threads were stopped: 0.0021490 seconds, Stopping threads took: 0.0000660 seconds
55.875: Application time: 0.0173400 seconds
55.875: [GC [PSYoungGen: 49348K->6556K(50176K)] 85587K->47071K(163840K), 0.0034140 secs] [Times: user=0.03 sys=0.00, real=0.00 secs] 
55.879: Total time for which application threads were stopped: 0.0035880 seconds, Stopping threads took: 0.0000900 seconds
55.889: Application time: 0.0099200 seconds
55.889: [GC [PSYoungGen: 50041K->6604K(50176K)] 90555K->51394K(163840K), 0.0035360 secs] [Times: user=0.02 sys=0.00, real=0.01 secs] 
55.893: Total time for which application threads were stopped: 0.0041960 seconds, Stopping threads took: 0.0005750 seconds
55.907: Application time: 0.0138720 seconds
55.907: [GC [PSYoungGen: 50092K->6636K(50176K)] 94882K->56413K(163840K), 0.0038060 secs] [Times: user=0.02 sys=0.00, real=0.01 secs] 
55.911: Total time for which application threads were stopped: 0.0039950 seconds, Stopping threads took: 0.0001020 seconds
55.938: Application time: 0.0277000 seconds
55.938: [GC [PSYoungGen: 50127K->6605K(50176K)] 99904K->57094K(163840K), 0.0023870 secs] [Times: user=0.02 sys=0.00, real=0.00 secs] 
55.941: Total time for which application threads were stopped: 0.0025540 seconds, Stopping threads took: 0.0000850 seconds
55.976: Application time: 0.0347830 seconds
55.976: [GC [PSYoungGen: 50095K->6604K(50176K)] 100584K->62794K(163840K), 0.0037080 secs] [Times: user=0.03 sys=0.00, real=0.00 secs] 
55.980: Total time for which application threads were stopped: 0.0038730 seconds, Stopping threads took: 0.0000790 seconds
56.164: Application time: 0.1848490 seconds
56.165: [GC [PSYoungGen: 50092K->6604K(50176K)] 106282K->72057K(163840K), 0.0047060 secs] [Times: user=0.03 sys=0.00, real=0.00 secs] 
56.169: Total time for which application threads were stopped: 0.0048850 seconds, Stopping threads took: 0.0000840 seconds
56.345: Application time: 0.1753150 seconds
56.345: [GC [PSYoungGen: 50109K->6636K(50176K)] 115562K->82817K(163840K), 0.0050710 secs] [Times: user=0.04 sys=0.00, real=0.00 secs] 
56.350: Total time for which application threads were stopped: 0.0052510 seconds, Stopping threads took: 0.0000940 seconds
56.549: Application time: 0.1996150 seconds
56.550: [GC [PSYoungGen: 50124K->6636K(50176K)] 126305K->93544K(163840K), 0.0050900 secs] [Times: user=0.04 sys=0.00, real=0.01 secs] 
56.555: Total time for which application threads were stopped: 0.0052360 seconds, Stopping threads took: 0.0000640 seconds
56.749: Application time: 0.1947050 seconds
56.750: [GC [PSYoungGen: 50124K->6604K(50176K)] 137032K->102775K(163840K), 0.0046840 secs] [Times: user=0.03 sys=0.00, real=0.01 secs] 
56.754: Total time for which application threads were stopped: 0.0048520 seconds, Stopping threads took: 0.0000750 seconds
56.932: Application time: 0.1781470 seconds
56.932: [GC [PSYoungGen: 50103K->5956K(50176K)] 146274K->114952K(163840K), 0.0054740 secs] [Times: user=0.04 sys=0.01, real=0.00 secs] 
56.938: [Full GC [PSYoungGen: 5956K->0K(50176K)] [ParOldGen: 108996K->30539K(113664K)] 114952K->30539K(163840K) [PSPermGen: 6085K->6085K(21504K)], 0.0113560 secs] [Times: user=0.06 sys=0.00, real=0.01 secs] 
56.949: Total time for which application threads were stopped: 0.0170380 seconds, Stopping threads took: 0.0000600 seconds
57.152: Application time: 0.2022180 seconds
57.152: [GC [PSYoungGen: 43488K->6444K(50176K)] 74027K->46959K(163840K), 0.0048880 secs] [Times: user=0.03 sys=0.00, real=0.00 secs] 
57.157: Total time for which application threads were stopped: 0.0050540 seconds, Stopping threads took: 0.0000760 seconds
57.316: Application time: 0.1595450 seconds
57.316: [GC [PSYoungGen: 49941K->6572K(50176K)] 90456K->58487K(163840K), 0.0052010 secs] [Times: user=0.04 sys=0.00, real=0.00 secs] 
57.322: Total time for which application threads were stopped: 0.0053580 seconds, Stopping threads took: 0.0000630 seconds
57.482: Application time: 0.1604700 seconds
57.482: [GC [PSYoungGen: 50061K->6604K(50176K)] 101976K->69920K(163840K), 0.0052730 secs] [Times: user=0.04 sys=0.00, real=0.00 secs] 
57.488: Total time for which application threads were stopped: 0.0054450 seconds, Stopping threads took: 0.0000830 seconds
57.637: Application time: 0.1493700 seconds
57.637: [GC [PSYoungGen: 50094K->6636K(50176K)] 113410K->80640K(163840K), 0.0068500 secs] [Times: user=0.04 sys=0.00, real=0.01 secs] 
57.644: Total time for which application threads were stopped: 0.0069890 seconds, Stopping threads took: 0.0000600 seconds
57.807: Application time: 0.1630690 seconds
57.807: [GC [PSYoungGen: 50127K->6637K(50176K)] 124131K->89912K(163840K), 0.0046740 secs] [Times: user=0.03 sys=0.00, real=0.01 secs] 
57.812: Total time for which application threads were stopped: 0.0048330 seconds, Stopping threads took: 0.0000790 seconds
57.925: Application time: 0.1133010 seconds
57.925: [GC [PSYoungGen: 50145K->5956K(50176K)] 133420K->100632K(163840K), 0.0051610 secs] [Times: user=0.04 sys=0.00, real=0.01 secs] 
57.930: Total time for which application threads were stopped: 0.0053250 seconds, Stopping threads took: 0.0000690 seconds
58.089: Application time: 0.1583590 seconds
58.089: [GC [PSYoungGen: 49447K->5956K(50176K)] 144123K->112033K(163840K), 0.0051670 secs] [Times: user=0.04 sys=0.00, real=0.01 secs] 
58.094: [Full GC [PSYoungGen: 5956K->0K(50176K)] [ParOldGen: 106077K->26978K(113664K)] 112033K->26978K(163840K) [PSPermGen: 6085K->6085K(21504K)], 0.0105780 secs] [Times: user=0.06 sys=0.00, real=0.01 secs] 
58.105: Total time for which application threads were stopped: 0.0159520 seconds, Stopping threads took: 0.0000660 seconds
58.253: Application time: 0.1487400 seconds
58.254: [GC [PSYoungGen: 43491K->6509K(50176K)] 70469K->43463K(163840K), 0.0049330 secs] [Times: user=0.04 sys=0.00, real=0.00 secs] 
58.259: Total time for which application threads were stopped: 0.0050840 seconds, Stopping threads took: 0.0000680 seconds
58.400: Application time: 0.1416360 seconds
58.400: [GC [PSYoungGen: 50001K->6541K(50176K)] 86955K->54184K(163840K), 0.0051000 secs] [Times: user=0.03 sys=0.00, real=0.01 secs] 
58.405: Total time for which application threads were stopped: 0.0052440 seconds, Stopping threads took: 0.0000640 seconds
58.547: Application time: 0.1417110 seconds
58.547: [GC [PSYoungGen: 50033K->6605K(50176K)] 97676K->64224K(163840K), 0.0048520 secs] [Times: user=0.03 sys=0.00, real=0.01 secs] 
58.552: Total time for which application threads were stopped: 0.0050320 seconds, Stopping threads took: 0.0000870 seconds
58.702: Application time: 0.1497990 seconds
58.702: [GC [PSYoungGen: 50096K->6541K(50176K)] 107715K->74136K(163840K), 0.0049140 secs] [Times: user=0.03 sys=0.00, real=0.00 secs] 
58.707: Total time for which application threads were stopped: 0.0050920 seconds, Stopping threads took: 0.0000950 seconds
58.744: Application time: 0.0364840 seconds
58.744: [GC [PSYoungGen: 49361K->6636K(50176K)] 116956K->81357K(163840K), 0.0042530 secs] [Times: user=0.03 sys=0.00, real=0.00 secs] 
58.748: Total time for which application threads were stopped: 0.0044160 seconds, Stopping threads took: 0.0000760 seconds
58.766: Application time: 0.0175470 seconds
58.766: [GC [PSYoungGen: 50116K->6573K(50176K)] 124836K->82006K(163840K), 0.0025340 secs] [Times: user=0.02 sys=0.00, real=0.00 secs] 
58.768: Total time for which application threads were stopped: 0.0027160 seconds, Stopping threads took: 0.0000980 seconds
58.782: Application time: 0.0138490 seconds
58.782: [GC [PSYoungGen: 50058K->6605K(50176K)] 125491K->85601K(163840K), 0.0033310 secs] [Times: user=0.02 sys=0.00, real=0.00 secs] 
58.786: Total time for which application threads were stopped: 0.0035000 seconds, Stopping threads took: 0.0000850 seconds
58.885: Application time: 0.0998540 seconds
58.886: [GC [PSYoungGen: 50095K->6636K(50176K)] 129091K->95608K(163840K), 0.0049750 secs] [Times: user=0.04 sys=0.00, real=0.01 secs] 
58.891: Total time for which application threads were stopped: 0.0051560 seconds, Stopping threads took: 0.0000990 seconds
58.960: Application time: 0.0692940 seconds
58.962: [GC [PSYoungGen: 49445K->6636K(50176K)] 138416K->103462K(163840K), 0.0046690 secs] [Times: user=0.04 sys=0.00, real=0.00 secs] 
58.967: Total time for which application threads were stopped: 0.0068160 seconds, Stopping threads took: 0.0020580 seconds
58.982: Application time: 0.0153080 seconds
58.982: [GC [PSYoungGen: 50123K->6637K(50176K)] 146949K->107754K(163840K), 0.0034690 secs] [Times: user=0.02 sys=0.00, real=0.00 secs] 
58.986: [Full GC [PSYoungGen: 6637K->0K(50176K)] [ParOldGen: 101117K->31310K(113664K)] 107754K->31310K(163840K) [PSPermGen: 6085K->6085K(21504K)], 0.0099710 secs] [Times: user=0.06 sys=0.00, real=0.01 secs] 
58.996: Total time for which application threads were stopped: 0.0138480 seconds, Stopping threads took: 0.0002730 seconds
59.012: Application time: 0.0156900 seconds
59.012: [GC [PSYoungGen: 43483K->4403K(50176K)] 74793K->35713K(163840K), 0.0016280 secs] [Times: user=0.01 sys=0.00, real=0.00 secs] 
59.013: Total time for which application threads were stopped: 0.0018110 seconds, Stopping threads took: 0.0001040 seconds
59.085: Application time: 0.0713230 seconds
59.085: [GC [PSYoungGen: 47224K->6508K(50176K)] 78534K->47794K(163840K), 0.0048750 secs] [Times: user=0.04 sys=0.00, real=0.01 secs] 
59.090: Total time for which application threads were stopped: 0.0053230 seconds, Stopping threads took: 0.0003550 seconds
59.109: Application time: 0.0188890 seconds
59.109: [GC [PSYoungGen: 49982K->6604K(50176K)] 91268K->50028K(163840K), 0.0029810 secs] [Times: user=0.02 sys=0.00, real=0.01 secs] 
59.112: Total time for which application threads were stopped: 0.0031790 seconds, Stopping threads took: 0.0001030 seconds
59.132: Application time: 0.0197690 seconds
59.132: [GC [PSYoungGen: 50087K->6605K(50176K)] 93510K->52166K(163840K), 0.0029330 secs] [Times: user=0.02 sys=0.00, real=0.00 secs] 
59.135: Total time for which application threads were stopped: 0.0031030 seconds, Stopping threads took: 0.0000850 seconds
59.162: Application time: 0.0265460 seconds
59.162: [GC [PSYoungGen: 50100K->6572K(50176K)] 95660K->55696K(163840K), 0.0031290 secs] [Times: user=0.02 sys=0.00, real=0.01 secs] 
59.165: Total time for which application threads were stopped: 0.0033140 seconds, Stopping threads took: 0.0001050 seconds
59.297: Application time: 0.1322220 seconds
59.297: [GC [PSYoungGen: 49383K->6572K(50176K)] 98506K->65671K(163840K), 0.0049630 secs] [Times: user=0.03 sys=0.01, real=0.01 secs] 
59.302: Total time for which application threads were stopped: 0.0051560 seconds, Stopping threads took: 0.0001100 seconds
59.319: Application time: 0.0169290 seconds
59.319: [GC [PSYoungGen: 50052K->6572K(50176K)] 109151K->69946K(163840K), 0.0035530 secs] [Times: user=0.02 sys=0.00, real=0.01 secs] 
59.323: Total time for which application threads were stopped: 0.0037170 seconds, Stopping threads took: 0.0000780 seconds
59.340: Application time: 0.0171160 seconds
59.340: [GC [PSYoungGen: 49382K->6636K(50176K)] 112756K->72869K(163840K), 0.0031200 secs] [Times: user=0.03 sys=0.00, real=0.01 secs] 
59.344: Total time for which application threads were stopped: 0.0034900 seconds, Stopping threads took: 0.0002810 seconds
59.354: Application time: 0.0109090 seconds
59.355: [GC [PSYoungGen: 50121K->6605K(50176K)] 116353K->77825K(163840K), 0.0039710 secs] [Times: user=0.03 sys=0.00, real=0.00 secs] 
59.359: Total time for which application threads were stopped: 0.0041580 seconds, Stopping threads took: 0.0001030 seconds
59.368: Application time: 0.0098020 seconds
59.369: [GC [PSYoungGen: 50096K->6636K(50176K)] 121316K->83564K(163840K), 0.0038760 secs] [Times: user=0.03 sys=0.00, real=0.01 secs] 
59.372: Total time for which application threads were stopped: 0.0040430 seconds, Stopping threads took: 0.0000830 seconds
59.391: Application time: 0.0186180 seconds
59.391: [GC [PSYoungGen: 50119K->6637K(50176K)] 127047K->87856K(163840K), 0.0035900 secs] [Times: user=0.03 sys=0.00, real=0.00 secs] 
59.395: Total time for which application threads were stopped: 0.0037480 seconds, Stopping threads took: 0.0000660 seconds
59.435: Application time: 0.0399640 seconds
59.435: [GC [PSYoungGen: 50127K->6636K(50176K)] 131346K->88568K(163840K), 0.0022370 secs] [Times: user=0.01 sys=0.00, real=0.00 secs] 
59.437: Total time for which application threads were stopped: 0.0023760 seconds, Stopping threads took: 0.0000590 seconds
59.545: Application time: 0.1076490 seconds
59.545: [GC [PSYoungGen: 49446K->6636K(50176K)] 131377K->98583K(163840K), 0.0051130 secs] [Times: user=0.03 sys=0.00, real=0.01 secs] 
59.550: Total time for which application threads were stopped: 0.0052840 seconds, Stopping threads took: 0.0000850 seconds
59.567: Application time: 0.0169630 seconds
59.567: [GC [PSYoungGen: 50112K->6636K(50176K)] 142059K->101433K(163840K), 0.0031970 secs] [Times: user=0.03 sys=0.00, real=0.01 secs] 
59.570: Total time for which application threads were stopped: 0.0033640 seconds, Stopping threads took: 0.0000830 seconds
59.599: Application time: 0.0287240 seconds
59.599: [GC [PSYoungGen: 50129K->6636K(50176K)] 144926K->104284K(163840K), 0.0030260 secs] [Times: user=0.03 sys=0.00, real=0.01 secs] 
59.602: Total time for which application threads were stopped: 0.0031820 seconds, Stopping threads took: 0.0000640 seconds
59.619: Application time: 0.0164680 seconds
59.619: [GC [PSYoungGen: 50127K->6620K(50176K)] 147774K->109968K(163840K), 0.0037080 secs] [Times: user=0.02 sys=0.00, real=0.01 secs] 
59.623: [Full GC [PSYoungGen: 6620K->0K(50176K)] [ParOldGen: 103347K->26265K(113664K)] 109968K->26265K(163840K) [PSPermGen: 6085K->6085K(21504K)], 0.0102820 secs] [Times: user=0.06 sys=0.00, real=0.01 secs] 
59.633: Total time for which application threads were stopped: 0.0142070 seconds, Stopping threads took: 0.0000730 seconds
59.716: Application time: 0.0825840 seconds
59.716: [GC [PSYoungGen: 42817K->6620K(50176K)] 69082K->43573K(163840K), 0.0053010 secs] [Times: user=0.04 sys=0.00, real=0.00 secs] 
59.721: Total time for which application threads were stopped: 0.0054870 seconds, Stopping threads took: 0.0000980 seconds
59.738: Application time: 0.0171800 seconds
59.738: [GC [PSYoungGen: 50105K->6604K(50176K)] 87058K->44982K(163840K), 0.0027460 secs] [Times: user=0.02 sys=0.00, real=0.00 secs] 
59.741: Total time for which application threads were stopped: 0.0029120 seconds, Stopping threads took: 0.0000820 seconds
59.757: Application time: 0.0158200 seconds
59.757: [GC [PSYoungGen: 50088K->6636K(50176K)] 88465K->47864K(163840K), 0.0031340 secs] [Times: user=0.03 sys=0.00, real=0.00 secs] 
59.760: Total time for which application threads were stopped: 0.0033060 seconds, Stopping threads took: 0.0000890 seconds
59.809: Application time: 0.0491260 seconds
59.810: [GC [PSYoungGen: 49454K->6572K(50176K)] 90682K->57063K(163840K), 0.0048930 secs] [Times: user=0.04 sys=0.00, real=0.01 secs] 
59.815: Total time for which application threads were stopped: 0.0050690 seconds, Stopping threads took: 0.0000890 seconds
59.832: Application time: 0.0179640 seconds
59.833: [GC [PSYoungGen: 50056K->6604K(50176K)] 100547K->58520K(163840K), 0.0025490 secs] [Times: user=0.02 sys=0.00, real=0.00 secs] 
59.835: Total time for which application threads were stopped: 0.0027000 seconds, Stopping threads took: 0.0000720 seconds
59.852: Application time: 0.0172810 seconds
59.853: [GC [PSYoungGen: 50089K->6604K(50176K)] 102005K->64221K(163840K), 0.0038990 secs] [Times: user=0.03 sys=0.00, real=0.00 secs] 
59.857: Total time for which application threads were stopped: 0.0040800 seconds, Stopping threads took: 0.0000970 seconds
59.917: Application time: 0.0607270 seconds
59.917: [GC [PSYoungGen: 50096K->6636K(50176K)] 107712K->71377K(163840K), 0.0040960 secs] [Times: user=0.03 sys=0.00, real=0.00 secs] 
59.922: Total time for which application threads were stopped: 0.0042510 seconds, Stopping threads took: 0.0000710 seconds
60.095: Application time: 0.1739500 seconds
60.096: [GC [PSYoungGen: 50133K->6636K(50176K)] 114874K->81353K(163840K), 0.0049240 secs] [Times: user=0.03 sys=0.00, real=0.00 secs] 
60.101: Total time for which application threads were stopped: 0.0050810 seconds, Stopping threads took: 0.0000710 seconds
60.287: Application time: 0.1867060 seconds
60.287: [GC [PSYoungGen: 50124K->6636K(50176K)] 124841K->92084K(163840K), 0.0051030 secs] [Times: user=0.04 sys=0.00, real=0.01 secs] 
60.293: Total time for which application threads were stopped: 0.0052630 seconds, Stopping threads took: 0.0000660 seconds
60.490: Application time: 0.1975310 seconds
60.490: [GC [PSYoungGen: 50133K->6636K(50176K)] 135581K->102796K(163840K), 0.0051480 secs] [Times: user=0.04 sys=0.00, real=0.00 secs] 
60.495: Total time for which application threads were stopped: 0.0052980 seconds, Stopping threads took: 0.0000660 seconds
60.706: Application time: 0.2106580 seconds
60.706: [GC [PSYoungGen: 50133K->6636K(50176K)] 146293K->112067K(163840K), 0.0046340 secs] [Times: user=0.03 sys=0.00, real=0.01 secs] 
60.711: [Full GC [PSYoungGen: 6636K->0K(50176K)] [ParOldGen: 105430K->27690K(113664K)] 112067K->27690K(163840K) [PSPermGen: 6085K->6085K(21504K)], 0.0109570 secs] [Times: user=0.06 sys=0.00, real=0.00 secs] 
60.722: Total time for which application threads were stopped: 0.0157860 seconds, Stopping threads took: 0.0000620 seconds
60.898: Application time: 0.1765140 seconds
60.898: [GC [PSYoungGen: 43488K->6508K(50176K)] 71178K->44886K(163840K), 0.0050610 secs] [Times: user=0.04 sys=0.00, real=0.01 secs] 
60.904: Total time for which application threads were stopped: 0.0052280 seconds, Stopping threads took: 0.0000730 seconds
61.070: Application time: 0.1665340 seconds
61.070: [GC [PSYoungGen: 49997K->6508K(50176K)] 88374K->54861K(163840K), 0.0048770 secs] [Times: user=0.04 sys=0.00, real=0.00 secs] 
61.075: Total time for which application threads were stopped: 0.0050420 seconds, Stopping threads took: 0.0000820 seconds
61.239: Application time: 0.1636790 seconds
61.239: [GC [PSYoungGen: 50005K->6572K(50176K)] 98358K->65613K(163840K), 0.0051530 secs] [Times: user=0.04 sys=0.00, real=0.01 secs] 
61.244: Total time for which application threads were stopped: 0.0053210 seconds, Stopping threads took: 0.0000820 seconds
61.400: Application time: 0.1556590 seconds
61.400: [GC [PSYoungGen: 50062K->6604K(50176K)] 109103K->76333K(163840K), 0.0051450 secs] [Times: user=0.04 sys=0.00, real=0.01 secs] 
61.405: Total time for which application threads were stopped: 0.0053040 seconds, Stopping threads took: 0.0000630 seconds
61.573: Application time: 0.1678910 seconds
61.573: [GC [PSYoungGen: 50103K->6636K(50176K)] 119832K->87054K(163840K), 0.0051050 secs] [Times: user=0.04 sys=0.00, real=0.00 secs] 
61.578: Total time for which application threads were stopped: 0.0052740 seconds, Stopping threads took: 0.0000850 seconds
61.710: Application time: 0.1315250 seconds
61.710: [GC [PSYoungGen: 50135K->6636K(50176K)] 130552K->97038K(163840K), 0.0049440 secs] [Times: user=0.03 sys=0.00, real=0.01 secs] 
61.715: Total time for which application threads were stopped: 0.0050980 seconds, Stopping threads took: 0.0000720 seconds
61.856: Application time: 0.1409290 seconds
61.856: [GC [PSYoungGen: 50119K->6637K(50176K)] 140520K->107734K(163840K), 0.0051690 secs] [Times: user=0.04 sys=0.00, real=0.00 secs] 
61.861: [Full GC [PSYoungGen: 6637K->0K(50176K)] [ParOldGen: 101097K->26266K(113664K)] 107734K->26266K(163840K) [PSPermGen: 6085K->6085K(21504K)], 0.0101640 secs] [Times: user=0.05 sys=0.00, real=0.02 secs] 
61.871: Total time for which application threads were stopped: 0.0155430 seconds, Stopping threads took: 0.0000770 seconds
62.016: Application time: 0.1442480 seconds
62.016: [GC [PSYoungGen: 43491K->6541K(50176K)] 69758K->43496K(163840K), 0.0050850 secs] [Times: user=0.04 sys=0.00, real=0.00 secs] 
62.021: Total time for which application threads were stopped: 0.0052470 seconds, Stopping threads took: 0.0000690 seconds
62.165: Application time: 0.1442670 seconds
62.165: [GC [PSYoungGen: 50041K->6637K(50176K)] 86996K->54281K(163840K), 0.0051150 secs] [Times: user=0.04 sys=0.00, real=0.01 secs] 
62.170: Total time for which application threads were stopped: 0.0052760 seconds, Stopping threads took: 0.0000780 seconds
62.320: Application time: 0.1491800 seconds
62.320: [GC [PSYoungGen: 50129K->6637K(50176K)] 97773K->64257K(163840K), 0.0048570 secs] [Times: user=0.04 sys=0.00, real=0.01 secs] 
62.325: Total time for which application threads were stopped: 0.0050230 seconds, Stopping threads took: 0.0000790 seconds
62.463: Application time: 0.1380120 seconds
62.463: [GC [PSYoungGen: 50129K->6637K(50176K)] 107749K->74233K(163840K), 0.0049520 secs] [Times: user=0.04 sys=0.00, real=0.00 secs] 
62.468: Total time for which application threads were stopped: 0.0051060 seconds, Stopping threads took: 0.0000680 seconds
62.555: Application time: 0.0876370 seconds
62.556: [GC [PSYoungGen: 49456K->6637K(50176K)] 117052K->84217K(163840K), 0.0050860 secs] [Times: user=0.04 sys=0.00, real=0.00 secs] 
62.561: Total time for which application threads were stopped: 0.0052550 seconds, Stopping threads took: 0.0000760 seconds
62.578: Application time: 0.0170780 seconds
62.578: [GC [PSYoungGen: 50121K->6637K(50176K)] 127701K->86363K(163840K), 0.0030150 secs] [Times: user=0.02 sys=0.00, real=0.00 secs] 
62.581: Total time for which application threads were stopped: 0.0031910 seconds, Stopping threads took: 0.0000920 seconds
62.596: Application time: 0.0152440 seconds
62.596: [GC [PSYoungGen: 50131K->5956K(50176K)] 129857K->89958K(163840K), 0.0033770 secs] [Times: user=0.02 sys=0.00, real=0.00 secs] 
62.600: Total time for which application threads were stopped: 0.0035560 seconds, Stopping threads took: 0.0000870 seconds
62.675: Application time: 0.0755940 seconds
62.675: [GC [PSYoungGen: 49447K->5988K(50176K)] 133449K->99965K(163840K), 0.0047230 secs] [Times: user=0.04 sys=0.00, real=0.00 secs] 
62.680: Total time for which application threads were stopped: 0.0048760 seconds, Stopping threads took: 0.0000660 seconds
62.824: Application time: 0.1434160 seconds
62.824: [GC [PSYoungGen: 49470K->5988K(50176K)] 143447K->109941K(163840K), 0.0047520 secs] [Times: user=0.04 sys=0.00, real=0.00 secs] 
62.829: [Full GC [PSYoungGen: 5988K->0K(50176K)] [ParOldGen: 103953K->31341K(113664K)] 109941K->31341K(163840K) [PSPermGen: 6085K->6085K(21504K)], 0.0103470 secs] [Times: user=0.06 sys=0.00, real=0.01 secs] 
62.839: Total time for which application threads were stopped: 0.0153070 seconds, Stopping threads took: 0.0000710 seconds
62.905: Application time: 0.0665150 seconds
62.906: [GC [PSYoungGen: 42811K->6508K(50176K)] 74152K->43550K(163840K), 0.0038000 secs] [Times: user=0.03 sys=0.00, real=0.00 secs] 
62.909: Total time for which application threads were stopped: 0.0039820 seconds, Stopping threads took: 0.0000970 seconds
62.924: Application time: 0.0146450 seconds
62.924: [GC [PSYoungGen: 49989K->6540K(50176K)] 87031K->48570K(163840K), 0.0037940 secs] [Times: user=0.03 sys=0.00, real=0.00 secs] 
62.928: Total time for which application threads were stopped: 0.0039770 seconds, Stopping threads took: 0.0000990 seconds
62.944: Application time: 0.0160310 seconds
62.944: [GC [PSYoungGen: 50022K->6605K(50176K)] 92051K->50059K(163840K), 0.0027710 secs] [Times: user=0.02 sys=0.00, real=0.00 secs] 
62.947: Total time for which application threads were stopped: 0.0029480 seconds, Stopping threads took: 0.0000940 seconds
63.053: Application time: 0.1059200 seconds
63.053: [GC [PSYoungGen: 50096K->6508K(50176K)] 93551K->60651K(163840K), 0.0051620 secs] [Times: user=0.03 sys=0.00, real=0.00 secs] 
63.058: Total time for which application threads were stopped: 0.0053120 seconds, Stopping threads took: 0.0000680 seconds
63.146: Application time: 0.0877530 seconds
63.146: [GC [PSYoungGen: 49318K->6508K(50176K)] 103460K->69914K(163840K), 0.0046550 secs] [Times: user=0.02 sys=0.00, real=0.01 secs] 
63.151: Total time for which application threads were stopped: 0.0048360 seconds, Stopping threads took: 0.0000690 seconds
63.169: Application time: 0.0177220 seconds
63.169: [GC [PSYoungGen: 49995K->6540K(50176K)] 113400K->72796K(163840K), 0.0034010 secs] [Times: user=0.02 sys=0.00, real=0.01 secs] 
63.172: Total time for which application threads were stopped: 0.0035940 seconds, Stopping threads took: 0.0000990 seconds
63.218: Application time: 0.0458310 seconds
63.218: [GC [PSYoungGen: 50025K->6573K(50176K)] 116280K->77816K(163840K), 0.0037640 secs] [Times: user=0.02 sys=0.00, real=0.00 secs] 
63.222: Total time for which application threads were stopped: 0.0039340 seconds, Stopping threads took: 0.0000780 seconds
63.249: Application time: 0.0269460 seconds
63.249: [GC [PSYoungGen: 49386K->6572K(50176K)] 120629K->83516K(163840K), 0.0040730 secs] [Times: user=0.04 sys=0.00, real=0.01 secs] 
63.253: Total time for which application threads were stopped: 0.0042810 seconds, Stopping threads took: 0.0001050 seconds
63.281: Application time: 0.0283080 seconds
63.282: [GC [PSYoungGen: 50050K->6604K(50176K)] 126994K->89961K(163840K), 0.0041680 secs] [Times: user=0.03 sys=0.00, real=0.01 secs] 
63.286: Total time for which application threads were stopped: 0.0043420 seconds, Stopping threads took: 0.0000860 seconds
63.304: Application time: 0.0183150 seconds
63.304: [GC [PSYoungGen: 50116K->6636K(50176K)] 133472K->90705K(163840K), 0.0025720 secs] [Times: user=0.02 sys=0.00, real=0.00 secs] 
63.307: Total time for which application threads were stopped: 0.0029120 seconds, Stopping threads took: 0.0002510 seconds
63.318: Application time: 0.0107400 seconds
63.318: [GC [PSYoungGen: 50117K->6636K(50176K)] 134186K->91478K(163840K), 0.0025810 secs] [Times: user=0.01 sys=0.00, real=0.00 secs] 
63.321: Total time for which application threads were stopped: 0.0032350 seconds, Stopping threads took: 0.0005750 seconds
63.333: Application time: 0.0120680 seconds
63.333: [GC [PSYoungGen: 50123K->6604K(50176K)] 134964K->94296K(163840K), 0.0031840 secs] [Times: user=0.03 sys=0.00, real=0.00 secs] 
63.336: Total time for which application threads were stopped: 0.0033510 seconds, Stopping threads took: 0.0000830 seconds
63.354: Application time: 0.0176590 seconds
63.354: [GC [PSYoungGen: 50088K->6636K(50176K)] 137779K->98603K(163840K), 0.0035630 secs] [Times: user=0.02 sys=0.00, real=0.00 secs] 
63.358: Total time for which application threads were stopped: 0.0037370 seconds, Stopping threads took: 0.0000910 seconds
63.371: Application time: 0.0127240 seconds
63.371: [GC [PSYoungGen: 50130K->6652K(50176K)] 142097K->100757K(163840K), 0.0027440 secs] [Times: user=0.02 sys=0.00, real=0.00 secs] 
63.374: Total time for which application threads were stopped: 0.0029700 seconds, Stopping threads took: 0.0001460 seconds
63.468: Application time: 0.0945380 seconds
63.469: [GC [PSYoungGen: 50167K->6636K(50176K)] 144271K->110019K(163840K), 0.0048690 secs] [Times: user=0.04 sys=0.00, real=0.01 secs] 
63.474: [Full GC [PSYoungGen: 6636K->0K(50176K)] [ParOldGen: 103383K->25553K(113664K)] 110019K->25553K(163840K) [PSPermGen: 6085K->6085K(21504K)], 0.0104820 secs] [Times: user=0.06 sys=0.00, real=0.01 secs] 
63.484: Total time for which application threads were stopped: 0.0161070 seconds, Stopping threads took: 0.0006190 seconds
63.500: Application time: 0.0161000 seconds
63.501: [GC [PSYoungGen: 43484K->3722K(50176K)] 69037K->29275K(163840K), 0.0012180 secs] [Times: user=0.01 sys=0.00, real=0.01 secs] 
63.502: Total time for which application threads were stopped: 0.0021510 seconds, Stopping threads took: 0.0008680 seconds
63.518: Application time: 0.0152050 seconds
63.518: [GC [PSYoungGen: 47207K->6540K(50176K)] 72760K->34944K(163840K), 0.0031030 secs] [Times: user=0.03 sys=0.00, real=0.00 secs] 
63.521: Total time for which application threads were stopped: 0.0033020 seconds, Stopping threads took: 0.0001110 seconds
63.568: Application time: 0.0471880 seconds
63.568: [GC [PSYoungGen: 49348K->6604K(50176K)] 77751K->42845K(163840K), 0.0045010 secs] [Times: user=0.03 sys=0.00, real=0.01 secs] 
63.573: Total time for which application threads were stopped: 0.0046690 seconds, Stopping threads took: 0.0000800 seconds
63.590: Application time: 0.0167340 seconds
63.590: [GC [PSYoungGen: 50090K->6604K(50176K)] 86332K->42845K(163840K), 0.0022570 secs] [Times: user=0.02 sys=0.00, real=0.01 secs] 
63.592: Total time for which application threads were stopped: 0.0024280 seconds, Stopping threads took: 0.0000870 seconds
63.610: Application time: 0.0177710 seconds
63.610: [GC [PSYoungGen: 50095K->6604K(50176K)] 86337K->49258K(163840K), 0.0041090 secs] [Times: user=0.03 sys=0.00, real=0.01 secs] 
63.614: Total time for which application threads were stopped: 0.0042800 seconds, Stopping threads took: 0.0000850 seconds
63.668: Application time: 0.0541850 seconds
63.668: [GC [PSYoungGen: 50094K->6540K(50176K)] 92748K->55607K(163840K), 0.0038060 secs] [Times: user=0.03 sys=0.00, real=0.01 secs] 
63.672: Total time for which application threads were stopped: 0.0039750 seconds, Stopping threads took: 0.0000720 seconds
63.737: Application time: 0.0648360 seconds
63.737: [GC [PSYoungGen: 50059K->6636K(50176K)] 99125K->66391K(163840K), 0.0052980 secs] [Times: user=0.04 sys=0.00, real=0.01 secs] 
63.743: Total time for which application threads were stopped: 0.0054670 seconds, Stopping threads took: 0.0000840 seconds
63.758: Application time: 0.0157270 seconds
63.758: [GC [PSYoungGen: 50115K->6572K(50176K)] 109869K->69177K(163840K), 0.0031540 secs] [Times: user=0.02 sys=0.00, real=0.00 secs] 
63.762: Total time for which application threads were stopped: 0.0033540 seconds, Stopping threads took: 0.0001170 seconds
63.775: Application time: 0.0132090 seconds
63.775: [GC [PSYoungGen: 50059K->6636K(50176K)] 112664K->74237K(163840K), 0.0037630 secs] [Times: user=0.03 sys=0.00, real=0.00 secs] 
63.779: Total time for which application threads were stopped: 0.0039340 seconds, Stopping threads took: 0.0000880 seconds
63.908: Application time: 0.1291850 seconds
63.908: [GC [PSYoungGen: 50132K->6604K(50176K)] 117732K->84180K(163840K), 0.0049040 secs] [Times: user=0.03 sys=0.00, real=0.01 secs] 
63.913: Total time for which application threads were stopped: 0.0050520 seconds, Stopping threads took: 0.0000650 seconds
64.079: Application time: 0.1660810 seconds
64.079: [GC [PSYoungGen: 50084K->6636K(50176K)] 127659K->93474K(163840K), 0.0046930 secs] [Times: user=0.03 sys=0.00, real=0.01 secs] 
64.084: Total time for which application threads were stopped: 0.0048460 seconds, Stopping threads took: 0.0000690 seconds
64.282: Application time: 0.1982380 seconds
64.282: [GC [PSYoungGen: 50130K->6636K(50176K)] 136969K->104198K(163840K), 0.0050710 secs] [Times: user=0.04 sys=0.00, real=0.00 secs] 
64.287: Total time for which application threads were stopped: 0.0052490 seconds, Stopping threads took: 0.0000870 seconds
64.477: Application time: 0.1898950 seconds
64.477: [GC [PSYoungGen: 50130K->6636K(50176K)] 147692K->114918K(163840K), 0.0051380 secs] [Times: user=0.04 sys=0.00, real=0.01 secs] 
64.483: [Full GC [PSYoungGen: 6636K->0K(50176K)] [ParOldGen: 108281K->29116K(113664K)] 114918K->29116K(163840K) [PSPermGen: 6086K->6086K(21504K)], 0.0110800 secs] [Times: user=0.06 sys=0.00, real=0.01 secs] 
64.494: Total time for which application threads were stopped: 0.0164400 seconds, Stopping threads took: 0.0000850 seconds
64.664: Application time: 0.1700300 seconds
64.664: [GC [PSYoungGen: 43502K->6572K(50176K)] 72618K->47089K(163840K), 0.0053140 secs] [Times: user=0.04 sys=0.00, real=0.00 secs] 
64.669: Total time for which application threads were stopped: 0.0054680 seconds, Stopping threads took: 0.0000710 seconds
64.875: Application time: 0.2053180 seconds
64.875: [GC [PSYoungGen: 50060K->6572K(50176K)] 90577K->56351K(163840K), 0.0046300 secs] [Times: user=0.04 sys=0.00, real=0.00 secs] 
64.879: Total time for which application threads were stopped: 0.0047960 seconds, Stopping threads took: 0.0000750 seconds
65.051: Application time: 0.1712280 seconds
65.051: [GC [PSYoungGen: 50052K->6604K(50176K)] 99832K->66359K(163840K), 0.0049220 secs] [Times: user=0.03 sys=0.00, real=0.00 secs] 
65.056: Total time for which application threads were stopped: 0.0050670 seconds, Stopping threads took: 0.0000580 seconds
65.215: Application time: 0.1596060 seconds
65.215: [GC [PSYoungGen: 50093K->6636K(50176K)] 109848K->77087K(163840K), 0.0051800 secs] [Times: user=0.04 sys=0.00, real=0.00 secs] 
65.221: Total time for which application threads were stopped: 0.0053400 seconds, Stopping threads took: 0.0000750 seconds
65.372: Application time: 0.1516490 seconds
65.372: [GC [PSYoungGen: 50143K->6636K(50176K)] 120594K->87775K(163840K), 0.0050490 secs] [Times: user=0.04 sys=0.00, real=0.00 secs] 
65.377: Total time for which application threads were stopped: 0.0052150 seconds, Stopping threads took: 0.0000830 seconds
65.524: Application time: 0.1462110 seconds
65.524: [GC [PSYoungGen: 50135K->6636K(50176K)] 131274K->97759K(163840K), 0.0049540 secs] [Times: user=0.04 sys=0.00, real=0.00 secs] 
65.529: Total time for which application threads were stopped: 0.0051110 seconds, Stopping threads took: 0.0000650 seconds
65.674: Application time: 0.1456480 seconds
65.675: [GC [PSYoungGen: 50127K->5956K(50176K)] 141250K->107054K(163840K), 0.0047780 secs] [Times: user=0.03 sys=0.00, real=0.00 secs] 
65.679: [Full GC [PSYoungGen: 5956K->0K(50176K)] [ParOldGen: 101098K->24842K(113664K)] 107054K->24842K(163840K) [PSPermGen: 6086K->6086K(21504K)], 0.0100970 secs] [Times: user=0.06 sys=0.00, real=0.01 secs] 
65.690: Total time for which application threads were stopped: 0.0150800 seconds, Stopping threads took: 0.0000710 seconds
65.830: Application time: 0.1405160 seconds
65.830: [GC [PSYoungGen: 43490K->6477K(50176K)] 68333K->42007K(163840K), 0.0051860 secs] [Times: user=0.04 sys=0.00, real=0.00 secs] 
65.835: Total time for which application threads were stopped: 0.0053490 seconds, Stopping threads took: 0.0000750 seconds
65.985: Application time: 0.1499690 seconds
65.985: [GC [PSYoungGen: 49960K->6541K(50176K)] 85491K->51335K(163840K), 0.0047220 secs] [Times: user=0.03 sys=0.01, real=0.01 secs] 
65.990: Total time for which application threads were stopped: 0.0048770 seconds, Stopping threads took: 0.0000700 seconds
66.119: Application time: 0.1283790 seconds
66.119: [GC [PSYoungGen: 50039K->6541K(50176K)] 94834K->60599K(163840K), 0.0046750 secs] [Times: user=0.04 sys=0.00, real=0.01 secs] 
66.123: Total time for which application threads were stopped: 0.0048290 seconds, Stopping threads took: 0.0000610 seconds
66.278: Application time: 0.1544190 seconds
66.278: [GC [PSYoungGen: 50033K->6573K(50176K)] 104091K->70607K(163840K), 0.0049300 secs] [Times: user=0.04 sys=0.00, real=0.01 secs] 
66.283: Total time for which application threads were stopped: 0.0050940 seconds, Stopping threads took: 0.0000790 seconds
66.438: Application time: 0.1546050 seconds
66.438: [GC [PSYoungGen: 50073K->6637K(50176K)] 114107K->81360K(163840K), 0.0051220 secs] [Times: user=0.04 sys=0.00, real=0.01 secs] 
66.443: Total time for which application threads were stopped: 0.0052840 seconds, Stopping threads took: 0.0000780 seconds
66.516: Application time: 0.0729070 seconds
66.516: [GC [PSYoungGen: 49447K->6637K(50176K)] 124169K->92056K(163840K), 0.0053650 secs] [Times: user=0.05 sys=0.00, real=0.00 secs] 
66.521: Total time for which application threads were stopped: 0.0055350 seconds, Stopping threads took: 0.0000850 seconds
66.536: Application time: 0.0150190 seconds
66.537: [GC [PSYoungGen: 50125K->6637K(50176K)] 135545K->94914K(163840K), 0.0031060 secs] [Times: user=0.02 sys=0.00, real=0.00 secs] 
66.540: Total time for which application threads were stopped: 0.0033200 seconds, Stopping threads took: 0.0001300 seconds
66.555: Application time: 0.0151890 seconds
66.555: [GC [PSYoungGen: 50123K->6637K(50176K)] 138401K->98477K(163840K), 0.0032500 secs] [Times: user=0.02 sys=0.00, real=0.00 secs] 
66.558: Total time for which application threads were stopped: 0.0035320 seconds, Stopping threads took: 0.0001980 seconds
66.630: Application time: 0.0718200 seconds
66.630: [GC [PSYoungGen: 50130K->6637K(50176K)] 141971K->107781K(163840K), 0.0048080 secs] [Times: user=0.03 sys=0.00, real=0.00 secs] 
66.635: [Full GC [PSYoungGen: 6637K->0K(50176K)] [ParOldGen: 101144K->29863K(113664K)] 107781K->29863K(163840K) [PSPermGen: 6086K->6086K(21504K)], 0.0100440 secs] [Times: user=0.06 sys=0.00, real=0.01 secs] 
66.645: Total time for which application threads were stopped: 0.0150700 seconds, Stopping threads took: 0.0000750 seconds
66.747: Application time: 0.1013930 seconds
66.747: [GC [PSYoungGen: 43515K->6476K(50176K)] 73378K->45603K(163840K), 0.0048820 secs] [Times: user=0.04 sys=0.00, real=0.01 secs] 
66.752: Total time for which application threads were stopped: 0.0050460 seconds, Stopping threads took: 0.0000760 seconds
66.768: Application time: 0.0160010 seconds
66.768: [GC [PSYoungGen: 49963K->6540K(50176K)] 89089K->47805K(163840K), 0.0028860 secs] [Times: user=0.02 sys=0.00, real=0.01 secs] 
66.771: Total time for which application threads were stopped: 0.0030600 seconds, Stopping threads took: 0.0000870 seconds
66.787: Application time: 0.0163600 seconds
66.787: [GC [PSYoungGen: 50023K->6605K(50176K)] 91287K->50007K(163840K), 0.0029070 secs] [Times: user=0.03 sys=0.00, real=0.01 secs] 
66.790: Total time for which application threads were stopped: 0.0031870 seconds, Stopping threads took: 0.0001970 seconds
66.864: Application time: 0.0734870 seconds
66.864: [GC [PSYoungGen: 50095K->6508K(50176K)] 93497K->59173K(163840K), 0.0047070 secs] [Times: user=0.04 sys=0.00, real=0.00 secs] 
66.869: Total time for which application threads were stopped: 0.0048650 seconds, Stopping threads took: 0.0000760 seconds
67.046: Application time: 0.1770570 seconds
67.046: [GC [PSYoungGen: 49990K->6540K(50176K)] 102655K->68468K(163840K), 0.0047190 secs] [Times: user=0.03 sys=0.00, real=0.01 secs] 
67.051: Total time for which application threads were stopped: 0.0048650 seconds, Stopping threads took: 0.0000610 seconds
67.150: Application time: 0.0993320 seconds
67.150: [GC [PSYoungGen: 50055K->6604K(50176K)] 111983K->79220K(163840K), 0.0052380 secs] [Times: user=0.04 sys=0.00, real=0.00 secs] 
67.155: Total time for which application threads were stopped: 0.0054330 seconds, Stopping threads took: 0.0001030 seconds
67.172: Application time: 0.0161130 seconds
67.172: [GC [PSYoungGen: 50080K->6604K(50176K)] 122696K->81358K(163840K), 0.0029830 secs] [Times: user=0.03 sys=0.00, real=0.00 secs] 
67.175: Total time for which application threads were stopped: 0.0031530 seconds, Stopping threads took: 0.0000860 seconds
67.194: Application time: 0.0191730 seconds
67.194: [GC [PSYoungGen: 50094K->6540K(50176K)] 124847K->83432K(163840K), 0.0029480 secs] [Times: user=0.02 sys=0.00, real=0.00 secs] 
67.197: Total time for which application threads were stopped: 0.0031020 seconds, Stopping threads took: 0.0000680 seconds
67.236: Application time: 0.0389760 seconds
67.236: [GC [PSYoungGen: 50031K->6652K(50176K)] 126922K->89964K(163840K), 0.0039940 secs] [Times: user=0.03 sys=0.00, real=0.00 secs] 
67.240: Total time for which application threads were stopped: 0.0041820 seconds, Stopping threads took: 0.0001050 seconds
67.260: Application time: 0.0197960 seconds
67.260: [GC [PSYoungGen: 50156K->6604K(50176K)] 133468K->92766K(163840K), 0.0031910 secs] [Times: user=0.02 sys=0.00, real=0.01 secs] 
67.263: Total time for which application threads were stopped: 0.0033610 seconds, Stopping threads took: 0.0000860 seconds
67.280: Application time: 0.0169910 seconds
67.280: [GC [PSYoungGen: 50087K->6653K(50176K)] 136249K->97802K(163840K), 0.0037650 secs] [Times: user=0.03 sys=0.00, real=0.01 secs] 
67.284: Total time for which application threads were stopped: 0.0039330 seconds, Stopping threads took: 0.0000830 seconds
67.297: Application time: 0.0124500 seconds
67.297: [GC [PSYoungGen: 49992K->5972K(50176K)] 141142K->97122K(163840K), 0.0022730 secs] [Times: user=0.01 sys=0.00, real=0.00 secs] 
67.299: Total time for which application threads were stopped: 0.0024420 seconds, Stopping threads took: 0.0000860 seconds
67.321: Application time: 0.0218490 seconds
67.321: [GC [PSYoungGen: 48919K->6652K(50176K)] 140069K->102077K(163840K), 0.0036720 secs] [Times: user=0.03 sys=0.00, real=0.01 secs] 
67.325: Total time for which application threads were stopped: 0.0038460 seconds, Stopping threads took: 0.0000870 seconds
67.342: Application time: 0.0168210 seconds
67.342: [GC [PSYoungGen: 50132K->6604K(50176K)] 145557K->104879K(163840K), 0.0032150 secs] [Times: user=0.02 sys=0.00, real=0.01 secs] 
67.345: Total time for which application threads were stopped: 0.0033760 seconds, Stopping threads took: 0.0000770 seconds
67.358: Application time: 0.0127530 seconds
67.358: [GC [PSYoungGen: 50087K->6636K(50176K)] 148362K->107049K(163840K), 0.0030160 secs] [Times: user=0.02 sys=0.00, real=0.00 secs] 
67.361: Total time for which application threads were stopped: 0.0031850 seconds, Stopping threads took: 0.0000820 seconds
67.441: Application time: 0.0803240 seconds
67.441: [GC [PSYoungGen: 49447K->6636K(50176K)] 149859K->117813K(163840K), 0.0053850 secs] [Times: user=0.04 sys=0.00, real=0.01 secs] 
67.447: [Full GC [PSYoungGen: 6636K->0K(50176K)] [ParOldGen: 111176K->26266K(113664K)] 117813K->26266K(163840K) [PSPermGen: 6086K->6086K(21504K)], 0.0103960 secs] [Times: user=0.06 sys=0.00, real=0.01 secs] 
67.457: Total time for which application threads were stopped: 0.0160010 seconds, Stopping threads took: 0.0000840 seconds
67.474: Application time: 0.0170250 seconds
67.475: [GC [PSYoungGen: 43485K->3658K(50176K)] 69752K->29925K(163840K), 0.0013800 secs] [Times: user=0.01 sys=0.00, real=0.00 secs] 
67.476: Total time for which application threads were stopped: 0.0019670 seconds, Stopping threads took: 0.0005190 seconds
67.492: Application time: 0.0161100 seconds
67.493: [GC [PSYoungGen: 47178K->6604K(50176K)] 73445K->33584K(163840K), 0.0024130 secs] [Times: user=0.02 sys=0.00, real=0.00 secs] 
67.495: Total time for which application threads were stopped: 0.0025990 seconds, Stopping threads took: 0.0000920 seconds
67.508: Application time: 0.0131100 seconds
67.508: [GC [PSYoungGen: 50087K->6636K(50176K)] 77067K->35040K(163840K), 0.0027250 secs] [Times: user=0.02 sys=0.00, real=0.01 secs] 
67.511: Total time for which application threads were stopped: 0.0028930 seconds, Stopping threads took: 0.0000810 seconds
67.524: Application time: 0.0132760 seconds
67.524: [GC [PSYoungGen: 50144K->6604K(50176K)] 78548K->41421K(163840K), 0.0040120 secs] [Times: user=0.03 sys=0.00, real=0.00 secs] 
67.528: Total time for which application threads were stopped: 0.0041730 seconds, Stopping threads took: 0.0000770 seconds
67.541: Application time: 0.0127870 seconds
67.542: [GC [PSYoungGen: 50090K->6604K(50176K)] 84907K->43559K(163840K), 0.0028980 secs] [Times: user=0.02 sys=0.00, real=0.00 secs] 
67.545: Total time for which application threads were stopped: 0.0039210 seconds, Stopping threads took: 0.0009380 seconds
67.556: Application time: 0.0105660 seconds
67.558: [GC [PSYoungGen: 50088K->6636K(50176K)] 87043K->45016K(163840K), 0.0027320 secs] [Times: user=0.02 sys=0.00, real=0.00 secs] 
67.561: Total time for which application threads were stopped: 0.0051490 seconds, Stopping threads took: 0.0023300 seconds
67.571: Application time: 0.0097040 seconds
67.571: [GC [PSYoungGen: 50119K->6604K(50176K)] 88499K->46409K(163840K), 0.0026490 secs] [Times: user=0.02 sys=0.00, real=0.00 secs] 
67.574: Total time for which application threads were stopped: 0.0035060 seconds, Stopping threads took: 0.0007730 seconds
67.590: Application time: 0.0155060 seconds
67.590: [GC [PSYoungGen: 50097K->6636K(50176K)] 89902K->50724K(163840K), 0.0035680 secs] [Times: user=0.03 sys=0.00, real=0.01 secs] 
67.593: Total time for which application threads were stopped: 0.0037480 seconds, Stopping threads took: 0.0000920 seconds
67.675: Application time: 0.0814100 seconds
67.675: [GC [PSYoungGen: 50128K->6604K(50176K)] 94216K->59242K(163840K), 0.0045110 secs] [Times: user=0.03 sys=0.00, real=0.00 secs] 
67.679: Total time for which application threads were stopped: 0.0047030 seconds, Stopping threads took: 0.0001010 seconds
67.869: Application time: 0.1896440 seconds
67.869: [GC [PSYoungGen: 50092K->6636K(50176K)] 102730K->69970K(163840K), 0.0050320 secs] [Times: user=0.03 sys=0.00, real=0.01 secs] 
67.874: Total time for which application threads were stopped: 0.0051790 seconds, Stopping threads took: 0.0000630 seconds
68.051: Application time: 0.1766820 seconds
68.051: [GC [PSYoungGen: 50116K->6636K(50176K)] 113450K->79241K(163840K), 0.0047050 secs] [Times: user=0.03 sys=0.00, real=0.00 secs] 
68.056: Total time for which application threads were stopped: 0.0048560 seconds, Stopping threads took: 0.0000700 seconds
68.269: Application time: 0.2127020 seconds
68.269: [GC [PSYoungGen: 50137K->6020K(50176K)] 122741K->89312K(163840K), 0.0049260 secs] [Times: user=0.04 sys=0.00, real=0.01 secs] 
68.274: Total time for which application threads were stopped: 0.0051120 seconds, Stopping threads took: 0.0000880 seconds
68.464: Application time: 0.1899470 seconds
68.464: [GC [PSYoungGen: 49506K->6020K(50176K)] 132798K->100000K(163840K), 0.0049300 secs] [Times: user=0.04 sys=0.00, real=0.00 secs] 
68.469: Total time for which application threads were stopped: 0.0050970 seconds, Stopping threads took: 0.0000840 seconds
68.655: Application time: 0.1860560 seconds
68.655: [GC [PSYoungGen: 49533K->6636K(50176K)] 143513K->112085K(163840K), 0.0053290 secs] [Times: user=0.04 sys=0.00, real=0.00 secs] 
68.660: [Full GC [PSYoungGen: 6636K->0K(50176K)] [ParOldGen: 105448K->28404K(113664K)] 112085K->28404K(163840K) [PSPermGen: 6086K->6086K(21504K)], 0.0107450 secs] [Times: user=0.06 sys=0.00, real=0.02 secs] 
68.671: Total time for which application threads were stopped: 0.0162680 seconds, Stopping threads took: 0.0000630 seconds
68.858: Application time: 0.1871570 seconds
68.858: [GC [PSYoungGen: 43480K->6412K(50176K)] 71884K->44792K(163840K), 0.0049260 secs] [Times: user=0.04 sys=0.00, real=0.01 secs] 
68.863: Total time for which application threads were stopped: 0.0051020 seconds, Stopping threads took: 0.0000700 seconds
69.042: Application time: 0.1788220 seconds
69.042: [GC [PSYoungGen: 49892K->6412K(50176K)] 88272K->54055K(163840K), 0.0047110 secs] [Times: user=0.03 sys=0.00, real=0.00 secs] 
69.047: Total time for which application threads were stopped: 0.0048570 seconds, Stopping threads took: 0.0000650 seconds
69.222: Application time: 0.1752300 seconds
69.222: [GC [PSYoungGen: 49902K->6476K(50176K)] 97544K->64094K(163840K), 0.0048520 secs] [Times: user=0.03 sys=0.00, real=0.00 secs] 
69.227: Total time for which application threads were stopped: 0.0049950 seconds, Stopping threads took: 0.0000600 seconds
69.380: Application time: 0.1526350 seconds
69.380: [GC [PSYoungGen: 49975K->6604K(50176K)] 107593K->73485K(163840K), 0.0046570 secs] [Times: user=0.03 sys=0.00, real=0.01 secs] 
69.385: Total time for which application threads were stopped: 0.0048200 seconds, Stopping threads took: 0.0000720 seconds
69.525: Application time: 0.1399100 seconds
69.525: [GC [PSYoungGen: 50120K->6636K(50176K)] 117001K->84926K(163840K), 0.0053540 secs] [Times: user=0.04 sys=0.00, real=0.01 secs] 
69.530: Total time for which application threads were stopped: 0.0055090 seconds, Stopping threads took: 0.0000730 seconds
69.681: Application time: 0.1504830 seconds
69.681: [GC [PSYoungGen: 50127K->6637K(50176K)] 128416K->94910K(163840K), 0.0049020 secs] [Times: user=0.04 sys=0.00, real=0.01 secs] 
69.686: Total time for which application threads were stopped: 0.0050580 seconds, Stopping threads took: 0.0000690 seconds
69.830: Application time: 0.1443950 seconds
69.830: [GC [PSYoungGen: 50119K->6637K(50176K)] 138393K->104182K(163840K), 0.0047070 secs] [Times: user=0.03 sys=0.00, real=0.00 secs] 
69.835: [Full GC [PSYoungGen: 6637K->0K(50176K)] [ParOldGen: 97544K->26268K(113664K)] 104182K->26268K(163840K) [PSPermGen: 6086K->6086K(21504K)], 0.0106180 secs] [Times: user=0.06 sys=0.00, real=0.01 secs] 
69.846: Total time for which application threads were stopped: 0.0155520 seconds, Stopping threads took: 0.0000950 seconds
69.990: Application time: 0.1441220 seconds
69.990: [GC [PSYoungGen: 43491K->6541K(50176K)] 69759K->42072K(163840K), 0.0047340 secs] [Times: user=0.03 sys=0.00, real=0.01 secs] 
69.995: Total time for which application threads were stopped: 0.0048950 seconds, Stopping threads took: 0.0000630 seconds
70.131: Application time: 0.1360690 seconds
70.131: [GC [PSYoungGen: 50031K->6509K(50176K)] 85563K->52017K(163840K), 0.0049500 secs] [Times: user=0.04 sys=0.00, real=0.00 secs] 
70.136: Total time for which application threads were stopped: 0.0051010 seconds, Stopping threads took: 0.0000680 seconds
70.277: Application time: 0.1416700 seconds
70.278: [GC [PSYoungGen: 49992K->6605K(50176K)] 95500K->62089K(163840K), 0.0052610 secs] [Times: user=0.04 sys=0.00, real=0.01 secs] 
70.283: Total time for which application threads were stopped: 0.0054380 seconds, Stopping threads took: 0.0000940 seconds
70.443: Application time: 0.1603280 seconds
70.443: [GC [PSYoungGen: 50122K->6637K(50176K)] 105606K->72817K(163840K), 0.0050920 secs] [Times: user=0.04 sys=0.00, real=0.00 secs] 
70.448: Total time for which application threads were stopped: 0.0052400 seconds, Stopping threads took: 0.0000650 seconds
70.545: Application time: 0.0964080 seconds
70.545: [GC [PSYoungGen: 50153K->6637K(50176K)] 116333K->83514K(163840K), 0.0053560 secs] [Times: user=0.04 sys=0.00, real=0.01 secs] 
70.550: Total time for which application threads were stopped: 0.0055360 seconds, Stopping threads took: 0.0000860 seconds
70.565: Application time: 0.0150370 seconds
70.566: [GC [PSYoungGen: 50151K->6020K(50176K)] 127028K->85748K(163840K), 0.0027290 secs] [Times: user=0.02 sys=0.00, real=0.00 secs] 
70.568: Total time for which application threads were stopped: 0.0028970 seconds, Stopping threads took: 0.0000790 seconds
70.584: Application time: 0.0154170 seconds
70.585: [GC [PSYoungGen: 49500K->5956K(50176K)] 129227K->88534K(163840K), 0.0029910 secs] [Times: user=0.03 sys=0.00, real=0.00 secs] 
70.588: Total time for which application threads were stopped: 0.0038020 seconds, Stopping threads took: 0.0007200 seconds
70.597: Application time: 0.0097510 seconds
70.597: [GC [PSYoungGen: 49439K->5956K(50176K)] 132016K->92097K(163840K), 0.0044710 secs] [Times: user=0.04 sys=0.00, real=0.00 secs] 
70.602: Total time for which application threads were stopped: 0.0046860 seconds, Stopping threads took: 0.0001330 seconds
70.614: Application time: 0.0124450 seconds
70.615: [GC [PSYoungGen: 49449K->6637K(50176K)] 135590K->95643K(163840K), 0.0029590 secs] [Times: user=0.02 sys=0.00, real=0.00 secs] 
70.618: Total time for which application threads were stopped: 0.0031230 seconds, Stopping threads took: 0.0000860 seconds
70.635: Application time: 0.0175070 seconds
70.635: [GC [PSYoungGen: 50120K->6637K(50176K)] 139127K->99206K(163840K), 0.0035150 secs] [Times: user=0.02 sys=0.00, real=0.00 secs] 
70.639: Total time for which application threads were stopped: 0.0037090 seconds, Stopping threads took: 0.0000830 seconds
70.698: Application time: 0.0596720 seconds
70.699: [GC [PSYoungGen: 50127K->6652K(50176K)] 142697K->105635K(163840K), 0.0039890 secs] [Times: user=0.02 sys=0.00, real=0.01 secs] 
70.703: [Full GC [PSYoungGen: 6652K->0K(50176K)] [ParOldGen: 98982K->30600K(113664K)] 105635K->30600K(163840K) [PSPermGen: 6086K->6086K(21504K)], 0.0102330 secs] [Times: user=0.06 sys=0.00, real=0.01 secs] 
70.713: Total time for which application threads were stopped: 0.0144440 seconds, Stopping threads took: 0.0000880 seconds
70.874: Application time: 0.1613450 seconds
70.874: [GC [PSYoungGen: 43481K->6412K(50176K)] 74082K->46276K(163840K), 0.0047060 secs] [Times: user=0.04 sys=0.00, real=0.00 secs] 
70.879: Total time for which application threads were stopped: 0.0048550 seconds, Stopping threads took: 0.0000650 seconds
70.975: Application time: 0.0954720 seconds
70.975: [GC [PSYoungGen: 49928K->6540K(50176K)] 89791K->57092K(163840K), 0.0053110 secs] [Times: user=0.04 sys=0.00, real=0.00 secs] 
70.980: Total time for which application threads were stopped: 0.0054740 seconds, Stopping threads took: 0.0000790 seconds
70.997: Application time: 0.0170740 seconds
70.997: [GC [PSYoungGen: 50026K->6572K(50176K)] 100578K->58549K(163840K), 0.0025230 secs] [Times: user=0.01 sys=0.00, real=0.00 secs] 
71.000: Total time for which application threads were stopped: 0.0027500 seconds, Stopping threads took: 0.0001430 seconds
71.017: Application time: 0.0171110 seconds
71.017: [GC [PSYoungGen: 50055K->6540K(50176K)] 102031K->60655K(163840K), 0.0030080 secs] [Times: user=0.02 sys=0.00, real=0.00 secs] 
71.020: Total time for which application threads were stopped: 0.0031850 seconds, Stopping threads took: 0.0000920 seconds
71.089: Application time: 0.0685860 seconds
71.089: [GC [PSYoungGen: 50031K->6508K(50176K)] 104146K->69886K(163840K), 0.0047040 secs] [Times: user=0.04 sys=0.00, real=0.01 secs] 
71.094: Total time for which application threads were stopped: 0.0048670 seconds, Stopping threads took: 0.0000700 seconds
71.196: Application time: 0.1023640 seconds
71.196: [GC [PSYoungGen: 50023K->6508K(50176K)] 113400K->79861K(163840K), 0.0051180 secs] [Times: user=0.04 sys=0.00, real=0.00 secs] 
71.201: Total time for which application threads were stopped: 0.0053160 seconds, Stopping threads took: 0.0001120 seconds
71.218: Application time: 0.0170430 seconds
71.218: [GC [PSYoungGen: 49990K->6604K(50176K)] 123343K->81382K(163840K), 0.0026610 secs] [Times: user=0.02 sys=0.00, real=0.00 secs] 
71.221: Total time for which application threads were stopped: 0.0028270 seconds, Stopping threads took: 0.0000830 seconds
71.237: Application time: 0.0162790 seconds
71.238: [GC [PSYoungGen: 50089K->6557K(50176K)] 124867K->87035K(163840K), 0.0039520 secs] [Times: user=0.03 sys=0.00, real=0.00 secs] 
71.242: Total time for which application threads were stopped: 0.0041430 seconds, Stopping threads took: 0.0001080 seconds
71.295: Application time: 0.0535770 seconds
71.295: [GC [PSYoungGen: 50047K->6604K(50176K)] 130525K->93495K(163840K), 0.0039810 secs] [Times: user=0.03 sys=0.00, real=0.00 secs] 
71.299: Total time for which application threads were stopped: 0.0041550 seconds, Stopping threads took: 0.0000810 seconds
71.341: Application time: 0.0416620 seconds
71.341: [GC [PSYoungGen: 50121K->6636K(50176K)] 137011K->102077K(163840K), 0.0047170 secs] [Times: user=0.04 sys=0.00, real=0.01 secs] 
71.346: Total time for which application threads were stopped: 0.0048860 seconds, Stopping threads took: 0.0000840 seconds
71.363: Application time: 0.0166980 seconds
71.363: [GC [PSYoungGen: 50112K->6572K(50176K)] 145553K->102726K(163840K), 0.0026530 secs] [Times: user=0.01 sys=0.00, real=0.00 secs] 
71.365: Total time for which application threads were stopped: 0.0028240 seconds, Stopping threads took: 0.0000920 seconds
71.379: Application time: 0.0135920 seconds
71.379: [GC [PSYoungGen: 50059K->6588K(50176K)] 146212K->107017K(163840K), 0.0035830 secs] [Times: user=0.03 sys=0.01, real=0.01 secs] 
71.383: [Full GC [PSYoungGen: 6588K->0K(50176K)] [ParOldGen: 100428K->27692K(113664K)] 107017K->27692K(163840K) [PSPermGen: 6086K->6086K(21504K)], 0.0104660 secs] [Times: user=0.06 sys=0.00, real=0.01 secs] 
71.393: Total time for which application threads were stopped: 0.0142660 seconds, Stopping threads took: 0.0000860 seconds
71.437: Application time: 0.0440910 seconds
71.438: [GC [PSYoungGen: 42837K->6652K(50176K)] 70529K->37195K(163840K), 0.0029840 secs] [Times: user=0.02 sys=0.00, real=0.00 secs] 
71.441: Total time for which application threads were stopped: 0.0035380 seconds, Stopping threads took: 0.0004710 seconds
71.452: Application time: 0.0112860 seconds
71.452: [GC [PSYoungGen: 50126K->6604K(50176K)] 80669K->38572K(163840K), 0.0027780 secs] [Times: user=0.02 sys=0.00, real=0.00 secs] 
71.455: Total time for which application threads were stopped: 0.0029610 seconds, Stopping threads took: 0.0000980 seconds
71.467: Application time: 0.0115040 seconds
71.468: [GC [PSYoungGen: 50087K->6652K(50176K)] 82054K->40045K(163840K), 0.0026970 secs] [Times: user=0.01 sys=0.00, real=0.01 secs] 
71.470: Total time for which application threads were stopped: 0.0035950 seconds, Stopping threads took: 0.0008110 seconds
71.481: Application time: 0.0111910 seconds
71.482: [GC [PSYoungGen: 50144K->6604K(50176K)] 83537K->45697K(163840K), 0.0038550 secs] [Times: user=0.03 sys=0.01, real=0.00 secs] 
71.486: Total time for which application threads were stopped: 0.0046650 seconds, Stopping threads took: 0.0007230 seconds
71.496: Application time: 0.0097460 seconds
71.496: [GC [PSYoungGen: 50088K->6636K(50176K)] 89181K->47867K(163840K), 0.0029540 secs] [Times: user=0.03 sys=0.00, real=0.00 secs] 
71.499: Total time for which application threads were stopped: 0.0031340 seconds, Stopping threads took: 0.0000910 seconds
71.511: Application time: 0.0118880 seconds
71.511: [GC [PSYoungGen: 50070K->6652K(50176K)] 91301K->51446K(163840K), 0.0033710 secs] [Times: user=0.03 sys=0.00, real=0.00 secs] 
71.514: Total time for which application threads were stopped: 0.0035330 seconds, Stopping threads took: 0.0000780 seconds
71.530: Application time: 0.0156840 seconds
71.530: [GC [PSYoungGen: 49513K->6652K(50176K)] 94307K->53583K(163840K), 0.0029330 secs] [Times: user=0.02 sys=0.00, real=0.00 secs] 
71.533: Total time for which application threads were stopped: 0.0030940 seconds, Stopping threads took: 0.0000780 seconds
71.550: Application time: 0.0162720 seconds
71.550: [GC [PSYoungGen: 50137K->6636K(50176K)] 97067K->55000K(163840K), 0.0027360 secs] [Times: user=0.02 sys=0.00, real=0.01 secs] 
71.552: Total time for which application threads were stopped: 0.0029040 seconds, Stopping threads took: 0.0000840 seconds
71.567: Application time: 0.0149740 seconds
71.568: [GC [PSYoungGen: 50121K->6620K(50176K)] 98485K->59260K(163840K), 0.0034900 secs] [Times: user=0.03 sys=0.00, real=0.01 secs] 
71.571: Total time for which application threads were stopped: 0.0036530 seconds, Stopping threads took: 0.0000820 seconds
71.662: Application time: 0.0905990 seconds
71.662: [GC [PSYoungGen: 50118K->6636K(50176K)] 102757K->69291K(163840K), 0.0048730 secs] [Times: user=0.04 sys=0.00, real=0.01 secs] 
71.667: Total time for which application threads were stopped: 0.0050300 seconds, Stopping threads took: 0.0000570 seconds
71.852: Application time: 0.1854780 seconds
71.852: [GC [PSYoungGen: 50116K->6652K(50176K)] 112770K->79298K(163840K), 0.0049180 secs] [Times: user=0.04 sys=0.00, real=0.00 secs] 
71.857: Total time for which application threads were stopped: 0.0050760 seconds, Stopping threads took: 0.0000730 seconds
72.054: Application time: 0.1965840 seconds
72.054: [GC [PSYoungGen: 50140K->6652K(50176K)] 122786K->89281K(163840K), 0.0049050 secs] [Times: user=0.04 sys=0.00, real=0.00 secs] 
72.059: Total time for which application threads were stopped: 0.0050560 seconds, Stopping threads took: 0.0000670 seconds
72.256: Application time: 0.1975150 seconds
72.257: [GC [PSYoungGen: 50140K->5972K(50176K)] 132769K->99288K(163840K), 0.0049210 secs] [Times: user=0.03 sys=0.00, real=0.00 secs] 
72.261: Total time for which application threads were stopped: 0.0050810 seconds, Stopping threads took: 0.0000600 seconds
72.433: Application time: 0.1715440 seconds
72.433: [GC [PSYoungGen: 49474K->6004K(50176K)] 142791K->111433K(163840K), 0.0053490 secs] [Times: user=0.03 sys=0.00, real=0.00 secs] 
72.439: [Full GC [PSYoungGen: 6004K->0K(50176K)] [ParOldGen: 105429K->29829K(113664K)] 111433K->29829K(163840K) [PSPermGen: 6086K->6086K(21504K)], 0.0113030 secs] [Times: user=0.07 sys=0.00, real=0.01 secs] 
72.450: Total time for which application threads were stopped: 0.0168710 seconds, Stopping threads took: 0.0000850 seconds
72.649: Application time: 0.1989360 seconds
72.649: [GC [PSYoungGen: 43496K->6572K(50176K)] 73326K->47090K(163840K), 0.0049650 secs] [Times: user=0.03 sys=0.00, real=0.01 secs] 
72.654: Total time for which application threads were stopped: 0.0051170 seconds, Stopping threads took: 0.0000700 seconds
72.826: Application time: 0.1724020 seconds
72.826: [GC [PSYoungGen: 50061K->6508K(50176K)] 90578K->57001K(163840K), 0.0049110 secs] [Times: user=0.03 sys=0.00, real=0.01 secs] 
72.831: Total time for which application threads were stopped: 0.0050770 seconds, Stopping threads took: 0.0000730 seconds
72.999: Application time: 0.1671580 seconds
72.999: [GC [PSYoungGen: 49997K->6636K(50176K)] 100490K->67104K(163840K), 0.0049110 secs] [Times: user=0.04 sys=0.00, real=0.01 secs] 
73.004: Total time for which application threads were stopped: 0.0050530 seconds, Stopping threads took: 0.0000570 seconds
73.177: Application time: 0.1737490 seconds
73.178: [GC [PSYoungGen: 50126K->6636K(50176K)] 110594K->77080K(163840K), 0.0049390 secs] [Times: user=0.03 sys=0.00, real=0.01 secs] 
73.182: Total time for which application threads were stopped: 0.0050910 seconds, Stopping threads took: 0.0000670 seconds
73.330: Application time: 0.1478950 seconds
73.331: [GC [PSYoungGen: 50135K->6636K(50176K)] 120579K->87776K(163840K), 0.0051380 secs] [Times: user=0.04 sys=0.00, real=0.00 secs] 
73.336: Total time for which application threads were stopped: 0.0053050 seconds, Stopping threads took: 0.0000700 seconds
73.479: Application time: 0.1430490 seconds
73.479: [GC [PSYoungGen: 50136K->5956K(50176K)] 131275K->98496K(163840K), 0.0051270 secs] [Times: user=0.03 sys=0.00, real=0.01 secs] 
73.484: Total time for which application threads were stopped: 0.0052990 seconds, Stopping threads took: 0.0000870 seconds
73.631: Application time: 0.1467780 seconds
73.631: [GC [PSYoungGen: 49456K->5956K(50176K)] 141996K->110610K(163840K), 0.0053580 secs] [Times: user=0.04 sys=0.00, real=0.00 secs] 
73.636: [Full GC [PSYoungGen: 5956K->0K(50176K)] [ParOldGen: 104654K->26981K(113664K)] 110610K->26981K(163840K) [PSPermGen: 6086K->6086K(21504K)], 0.0125420 secs] [Times: user=0.07 sys=0.00, real=0.01 secs] 
73.649: Total time for which application threads were stopped: 0.0181390 seconds, Stopping threads took: 0.0001030 seconds
73.805: Application time: 0.1558880 seconds
73.805: [GC [PSYoungGen: 43482K->6413K(50176K)] 70463K->42657K(163840K), 0.0046720 secs] [Times: user=0.04 sys=0.00, real=0.00 secs] 
73.810: Total time for which application threads were stopped: 0.0048320 seconds, Stopping threads took: 0.0000680 seconds
73.933: Application time: 0.1229920 seconds
73.933: [GC [PSYoungGen: 49905K->6573K(50176K)] 86149K->52793K(163840K), 0.0048690 secs] [Times: user=0.04 sys=0.00, real=0.00 secs] 
73.938: Total time for which application threads were stopped: 0.0050360 seconds, Stopping threads took: 0.0000710 seconds
74.076: Application time: 0.1385910 seconds
74.076: [GC [PSYoungGen: 50065K->6509K(50176K)] 96286K->62706K(163840K), 0.0049080 secs] [Times: user=0.04 sys=0.00, real=0.00 secs] 
74.081: Total time for which application threads were stopped: 0.0050680 seconds, Stopping threads took: 0.0000750 seconds
74.218: Application time: 0.1369080 seconds
74.218: [GC [PSYoungGen: 50009K->6637K(50176K)] 106206K->73522K(163840K), 0.0051410 secs] [Times: user=0.04 sys=0.00, real=0.01 secs] 
74.224: Total time for which application threads were stopped: 0.0052900 seconds, Stopping threads took: 0.0000650 seconds
74.378: Application time: 0.1540150 seconds
74.378: [GC [PSYoungGen: 50128K->6605K(50176K)] 117014K->83466K(163840K), 0.0049420 secs] [Times: user=0.03 sys=0.00, real=0.01 secs] 
74.383: Total time for which application threads were stopped: 0.0050860 seconds, Stopping threads took: 0.0000630 seconds
74.456: Application time: 0.0729410 seconds
74.456: [GC [PSYoungGen: 49416K->6637K(50176K)] 126278K->94195K(163840K), 0.0053260 secs] [Times: user=0.04 sys=0.00, real=0.00 secs] 
74.461: Total time for which application threads were stopped: 0.0055280 seconds, Stopping threads took: 0.0001060 seconds
74.478: Application time: 0.0164030 seconds
74.478: [GC [PSYoungGen: 50121K->5988K(50176K)] 137679K->94971K(163840K), 0.0026460 secs] [Times: user=0.02 sys=0.00, real=0.00 secs] 
74.480: Total time for which application threads were stopped: 0.0028140 seconds, Stopping threads took: 0.0000830 seconds
74.496: Application time: 0.0154710 seconds
74.496: [GC [PSYoungGen: 49471K->6637K(50176K)] 138454K->97758K(163840K), 0.0029950 secs] [Times: user=0.02 sys=0.00, real=0.00 secs] 
74.499: Total time for which application threads were stopped: 0.0031880 seconds, Stopping threads took: 0.0001050 seconds
74.542: Application time: 0.0431320 seconds
74.542: [GC [PSYoungGen: 49447K->5988K(50176K)] 140568K->106372K(163840K), 0.0047580 secs] [Times: user=0.04 sys=0.00, real=0.00 secs] 
74.547: [Full GC [PSYoungGen: 5988K->0K(50176K)] [ParOldGen: 100384K->30600K(113664K)] 106372K->30600K(163840K) [PSPermGen: 6086K->6086K(21504K)], 0.0103810 secs] [Times: user=0.05 sys=0.00, real=0.01 secs] 
74.558: Total time for which application threads were stopped: 0.0153470 seconds, Stopping threads took: 0.0000750 seconds
74.574: Application time: 0.0165940 seconds
74.574: [GC [PSYoungGen: 43475K->4435K(50176K)] 74076K->35036K(163840K), 0.0016330 secs] [Times: user=0.01 sys=0.00, real=0.00 secs] 
74.576: Total time for which application threads were stopped: 0.0017850 seconds, Stopping threads took: 0.0000780 seconds
74.595: Application time: 0.0185940 seconds
74.595: [GC [PSYoungGen: 47925K->6508K(50176K)] 78526K->38534K(163840K), 0.0027230 secs] [Times: user=0.02 sys=0.00, real=0.00 secs] 
74.597: Total time for which application threads were stopped: 0.0028840 seconds, Stopping threads took: 0.0000790 seconds
74.629: Application time: 0.0314870 seconds
74.629: [GC [PSYoungGen: 49995K->6540K(50176K)] 82021K->44267K(163840K), 0.0037310 secs] [Times: user=0.03 sys=0.00, real=0.01 secs] 
74.633: Total time for which application threads were stopped: 0.0038930 seconds, Stopping threads took: 0.0000760 seconds
74.800: Application time: 0.1672880 seconds
74.800: [GC [PSYoungGen: 50022K->6476K(50176K)] 87748K->53466K(163840K), 0.0047290 secs] [Times: user=0.02 sys=0.00, real=0.01 secs] 
74.805: Total time for which application threads were stopped: 0.0048900 seconds, Stopping threads took: 0.0000790 seconds
74.859: Application time: 0.0540030 seconds
74.859: [GC [PSYoungGen: 49991K->6540K(50176K)] 96981K->59230K(163840K), 0.0039140 secs] [Times: user=0.02 sys=0.00, real=0.01 secs] 
74.863: Total time for which application threads were stopped: 0.0040910 seconds, Stopping threads took: 0.0000840 seconds
74.877: Application time: 0.0134970 seconds
74.877: [GC [PSYoungGen: 50023K->6572K(50176K)] 102713K->65675K(163840K), 0.0041320 secs] [Times: user=0.03 sys=0.00, real=0.00 secs] 
74.881: Total time for which application threads were stopped: 0.0043110 seconds, Stopping threads took: 0.0000910 seconds
74.896: Application time: 0.0153310 seconds
74.896: [GC [PSYoungGen: 50054K->6508K(50176K)] 109156K->67036K(163840K), 0.0027890 secs] [Times: user=0.02 sys=0.00, real=0.00 secs] 
74.899: Total time for which application threads were stopped: 0.0029550 seconds, Stopping threads took: 0.0000830 seconds
74.962: Application time: 0.0625430 seconds
74.962: [GC [PSYoungGen: 49321K->6572K(50176K)] 109848K->77076K(163840K), 0.0051210 secs] [Times: user=0.03 sys=0.00, real=0.01 secs] 
74.967: Total time for which application threads were stopped: 0.0053110 seconds, Stopping threads took: 0.0000920 seconds
74.983: Application time: 0.0159980 seconds
74.983: [GC [PSYoungGen: 50048K->6636K(50176K)] 120551K->79277K(163840K), 0.0029960 secs] [Times: user=0.02 sys=0.00, real=0.00 secs] 
74.986: Total time for which application threads were stopped: 0.0031590 seconds, Stopping threads took: 0.0000800 seconds
75.006: Application time: 0.0194190 seconds
75.006: [GC [PSYoungGen: 50126K->6604K(50176K)] 122767K->80671K(163840K), 0.0027510 secs] [Times: user=0.02 sys=0.00, real=0.00 secs] 
75.009: Total time for which application threads were stopped: 0.0029150 seconds, Stopping threads took: 0.0000780 seconds
75.035: Application time: 0.0267460 seconds
75.035: [GC [PSYoungGen: 50094K->6604K(50176K)] 124160K->87796K(163840K), 0.0042270 secs] [Times: user=0.03 sys=0.00, real=0.00 secs] 
75.040: Total time for which application threads were stopped: 0.0043840 seconds, Stopping threads took: 0.0000740 seconds
75.212: Application time: 0.1722040 seconds
75.212: [GC [PSYoungGen: 50119K->6636K(50176K)] 131310K->97819K(163840K), 0.0050510 secs] [Times: user=0.04 sys=0.00, real=0.00 secs] 
75.217: Total time for which application threads were stopped: 0.0051950 seconds, Stopping threads took: 0.0000580 seconds
75.234: Application time: 0.0171220 seconds
75.234: [GC [PSYoungGen: 50151K->6636K(50176K)] 141333K->103527K(163840K), 0.0039830 secs] [Times: user=0.03 sys=0.00, real=0.00 secs] 
75.238: Total time for which application threads were stopped: 0.0041980 seconds, Stopping threads took: 0.0001310 seconds
75.252: Application time: 0.0133810 seconds
75.252: [GC [PSYoungGen: 50114K->6652K(50176K)] 147005K->105713K(163840K), 0.0030680 secs] [Times: user=0.02 sys=0.00, real=0.00 secs] 
75.255: Total time for which application threads were stopped: 0.0032660 seconds, Stopping threads took: 0.0001150 seconds
75.266: Application time: 0.0106550 seconds
75.266: [GC [PSYoungGen: 50131K->6636K(50176K)] 149192K->107842K(163840K), 0.0029150 secs] [Times: user=0.01 sys=0.00, real=0.00 secs] 
75.269: [Full GC [PSYoungGen: 6636K->0K(50176K)] [ParOldGen: 101205K->25555K(113664K)] 107842K->25555K(163840K) [PSPermGen: 6086K->6086K(21504K)], 0.0105170 secs] [Times: user=0.06 sys=0.00, real=0.01 secs] 
75.279: Total time for which application threads were stopped: 0.0138080 seconds, Stopping threads took: 0.0002430 seconds
75.290: Application time: 0.0105270 seconds
75.290: [GC [PSYoungGen: 43490K->4467K(50176K)] 69045K->30022K(163840K), 0.0014670 secs] [Times: user=0.01 sys=0.00, real=0.00 secs] 
75.292: Total time for which application threads were stopped: 0.0016260 seconds, Stopping threads took: 0.0000890 seconds
75.302: Application time: 0.0105680 seconds
75.302: [GC [PSYoungGen: 47957K->3042K(50176K)] 73512K->28597K(163840K), 0.0009570 secs] [Times: user=0.00 sys=0.00, real=0.00 secs] 
75.303: Total time for which application threads were stopped: 0.0011820 seconds, Stopping threads took: 0.0001610 seconds
75.326: Application time: 0.0229940 seconds
75.327: [GC [PSYoungGen: 46533K->6572K(50176K)] 72088K->36402K(163840K), 0.0032480 secs] [Times: user=0.02 sys=0.00, real=0.00 secs] 
75.330: Total time for which application threads were stopped: 0.0033950 seconds, Stopping threads took: 0.0000660 seconds
75.446: Application time: 0.1165770 seconds
75.446: [GC [PSYoungGen: 49381K->6572K(50176K)] 79211K->46378K(163840K), 0.0050430 secs] [Times: user=0.04 sys=0.00, real=0.01 secs] 
75.452: Total time for which application threads were stopped: 0.0052090 seconds, Stopping threads took: 0.0000800 seconds
75.469: Application time: 0.0170940 seconds
75.469: [GC [PSYoungGen: 50056K->6636K(50176K)] 89861K->48579K(163840K), 0.0028490 secs] [Times: user=0.02 sys=0.00, real=0.01 secs] 
75.472: Total time for which application threads were stopped: 0.0030170 seconds, Stopping threads took: 0.0000750 seconds
75.487: Application time: 0.0151700 seconds
75.490: [GC [PSYoungGen: 50128K->6636K(50176K)] 92071K->55000K(163840K), 0.0041060 secs] [Times: user=0.03 sys=0.00, real=0.00 secs] 
75.494: Total time for which application threads were stopped: 0.0073580 seconds, Stopping threads took: 0.0031650 seconds
75.566: Application time: 0.0714660 seconds
75.566: [GC [PSYoungGen: 50126K->6636K(50176K)] 98489K->61413K(163840K), 0.0038960 secs] [Times: user=0.03 sys=0.01, real=0.00 secs] 
75.570: Total time for which application threads were stopped: 0.0040760 seconds, Stopping threads took: 0.0000980 seconds
75.600: Application time: 0.0302290 seconds
75.600: [GC [PSYoungGen: 50150K->6636K(50176K)] 104927K->69250K(163840K), 0.0045590 secs] [Times: user=0.03 sys=0.00, real=0.01 secs] 
75.605: Total time for which application threads were stopped: 0.0047470 seconds, Stopping threads took: 0.0000860 seconds
75.622: Application time: 0.0171980 seconds
75.622: [GC [PSYoungGen: 50114K->6636K(50176K)] 112728K->71396K(163840K), 0.0029850 secs] [Times: user=0.02 sys=0.00, real=0.00 secs] 
75.625: Total time for which application threads were stopped: 0.0031560 seconds, Stopping threads took: 0.0000860 seconds
75.638: Application time: 0.0127060 seconds
75.638: [GC [PSYoungGen: 50119K->5956K(50176K)] 114878K->74278K(163840K), 0.0048650 secs] [Times: user=0.03 sys=0.00, real=0.01 secs] 
75.643: Total time for which application threads were stopped: 0.0050340 seconds, Stopping threads took: 0.0000900 seconds
75.806: Application time: 0.1634480 seconds
75.806: [GC [PSYoungGen: 49451K->6636K(50176K)] 117773K->84982K(163840K), 0.0048580 secs] [Times: user=0.03 sys=0.00, real=0.01 secs] 
75.811: Total time for which application threads were stopped: 0.0050250 seconds, Stopping threads took: 0.0000830 seconds
76.015: Application time: 0.2034480 seconds
76.015: [GC [PSYoungGen: 50124K->6636K(50176K)] 128470K->94989K(163840K), 0.0048850 secs] [Times: user=0.03 sys=0.00, real=0.00 secs] 
76.020: Total time for which application threads were stopped: 0.0050320 seconds, Stopping threads took: 0.0000540 seconds
76.190: Application time: 0.1698600 seconds
76.190: [GC [PSYoungGen: 50122K->6636K(50176K)] 138475K->104972K(163840K), 0.0049190 secs] [Times: user=0.03 sys=0.01, real=0.01 secs] 
76.195: Total time for which application threads were stopped: 0.0050850 seconds, Stopping threads took: 0.0000840 seconds
76.408: Application time: 0.2134250 seconds
76.408: [GC [PSYoungGen: 50130K->6636K(50176K)] 148467K->114955K(163840K), 0.0049370 secs] [Times: user=0.03 sys=0.00, real=0.01 secs] 
76.413: [Full GC [PSYoungGen: 6636K->0K(50176K)] [ParOldGen: 108319K->29118K(113664K)] 114955K->29118K(163840K) [PSPermGen: 6086K->6086K(21504K)], 0.0111160 secs] [Times: user=0.06 sys=0.00, real=0.01 secs] 
76.424: Total time for which application threads were stopped: 0.0162610 seconds, Stopping threads took: 0.0000710 seconds
76.607: Application time: 0.1830380 seconds
76.608: [GC [PSYoungGen: 43503K->6604K(50176K)] 72621K->45697K(163840K), 0.0048760 secs] [Times: user=0.04 sys=0.00, real=0.01 secs] 
76.613: Total time for which application threads were stopped: 0.0050410 seconds, Stopping threads took: 0.0000660 seconds
76.778: Application time: 0.1655710 seconds
76.778: [GC [PSYoungGen: 50084K->6572K(50176K)] 89178K->54928K(163840K), 0.0047750 secs] [Times: user=0.03 sys=0.00, real=0.01 secs] 
76.784: Total time for which application threads were stopped: 0.0058780 seconds, Stopping threads took: 0.0000870 seconds
76.927: Application time: 0.1429110 seconds
76.927: [GC [PSYoungGen: 50070K->6636K(50176K)] 98426K->66401K(163840K), 0.0053910 secs] [Times: user=0.04 sys=0.00, real=0.01 secs] 
76.932: Total time for which application threads were stopped: 0.0055570 seconds, Stopping threads took: 0.0000780 seconds
77.126: Application time: 0.1939630 seconds
77.127: [GC [PSYoungGen: 50117K->6604K(50176K)] 109882K->75632K(163840K), 0.0046610 secs] [Times: user=0.04 sys=0.00, real=0.01 secs] 
77.131: Total time for which application threads were stopped: 0.0048400 seconds, Stopping threads took: 0.0000870 seconds
77.269: Application time: 0.1374860 seconds
77.269: [GC [PSYoungGen: 50112K->6636K(50176K)] 119140K->86352K(163840K), 0.0050240 secs] [Times: user=0.04 sys=0.00, real=0.01 secs] 
77.274: Total time for which application threads were stopped: 0.0051750 seconds, Stopping threads took: 0.0000670 seconds
77.425: Application time: 0.1506700 seconds
77.425: [GC [PSYoungGen: 50127K->5956K(50176K)] 129843K->97073K(163840K), 0.0051070 secs] [Times: user=0.04 sys=0.00, real=0.00 secs] 
77.430: Total time for which application threads were stopped: 0.0052680 seconds, Stopping threads took: 0.0000740 seconds
77.568: Application time: 0.1384950 seconds
77.568: [GC [PSYoungGen: 49447K->6637K(50176K)] 140564K->107737K(163840K), 0.0050060 secs] [Times: user=0.03 sys=0.00, real=0.01 secs] 
77.574: [Full GC [PSYoungGen: 6637K->0K(50176K)] [ParOldGen: 101100K->26982K(113664K)] 107737K->26982K(163840K) [PSPermGen: 6086K->6086K(21504K)], 0.0104900 secs] [Times: user=0.06 sys=0.00, real=0.01 secs] 
77.584: Total time for which application threads were stopped: 0.0157150 seconds, Stopping threads took: 0.0000810 seconds
77.722: Application time: 0.1379290 seconds
77.722: [GC [PSYoungGen: 43499K->6541K(50176K)] 70482K->43499K(163840K), 0.0049460 secs] [Times: user=0.04 sys=0.00, real=0.00 secs] 
77.727: Total time for which application threads were stopped: 0.0051180 seconds, Stopping threads took: 0.0000750 seconds
77.873: Application time: 0.1458900 seconds
77.873: [GC [PSYoungGen: 50032K->6605K(50176K)] 86990K->53539K(163840K), 0.0049540 secs] [Times: user=0.03 sys=0.00, real=0.00 secs] 
77.878: Total time for which application threads were stopped: 0.0051100 seconds, Stopping threads took: 0.0000720 seconds
78.021: Application time: 0.1428530 seconds
78.021: [GC [PSYoungGen: 50088K->6573K(50176K)] 97022K->63483K(163840K), 0.0049500 secs] [Times: user=0.03 sys=0.00, real=0.01 secs] 
78.026: Total time for which application threads were stopped: 0.0051020 seconds, Stopping threads took: 0.0000690 seconds
78.175: Application time: 0.1490780 seconds
78.175: [GC [PSYoungGen: 50073K->6637K(50176K)] 106983K->73523K(163840K), 0.0049410 secs] [Times: user=0.03 sys=0.01, real=0.00 secs] 
78.180: Total time for which application threads were stopped: 0.0050860 seconds, Stopping threads took: 0.0000620 seconds
78.348: Application time: 0.1678940 seconds
78.348: [GC [PSYoungGen: 50128K->6637K(50176K)] 117014K->83507K(163840K), 0.0049110 secs] [Times: user=0.03 sys=0.00, real=0.01 secs] 
78.353: Total time for which application threads were stopped: 0.0050730 seconds, Stopping threads took: 0.0000690 seconds
78.381: Application time: 0.0275320 seconds
78.381: [GC [PSYoungGen: 50150K->6637K(50176K)] 127020K->89936K(163840K), 0.0041520 secs] [Times: user=0.03 sys=0.00, real=0.01 secs] 
78.385: Total time for which application threads were stopped: 0.0043340 seconds, Stopping threads took: 0.0000980 seconds
78.402: Application time: 0.0172830 seconds
78.403: [GC [PSYoungGen: 50114K->6637K(50176K)] 133413K->91361K(163840K), 0.0027640 secs] [Times: user=0.02 sys=0.00, real=0.00 secs] 
78.405: Total time for which application threads were stopped: 0.0029470 seconds, Stopping threads took: 0.0000990 seconds
78.418: Application time: 0.0127310 seconds
78.418: [GC [PSYoungGen: 50120K->6637K(50176K)] 134844K->93499K(163840K), 0.0030000 secs] [Times: user=0.01 sys=0.00, real=0.00 secs] 
78.421: Total time for which application threads were stopped: 0.0031600 seconds, Stopping threads took: 0.0000760 seconds
78.505: Application time: 0.0840090 seconds
78.505: [GC [PSYoungGen: 49457K->5988K(50176K)] 136319K->104964K(163840K), 0.0054840 secs] [Times: user=0.05 sys=0.00, real=0.01 secs] 
78.511: [Full GC [PSYoungGen: 5988K->0K(50176K)] [ParOldGen: 98975K->29119K(113664K)] 104964K->29119K(163840K) [PSPermGen: 6086K->6086K(21504K)], 0.0110240 secs] [Times: user=0.05 sys=0.01, real=0.01 secs] 
78.522: Total time for which application threads were stopped: 0.0167700 seconds, Stopping threads took: 0.0001170 seconds
78.539: Application time: 0.0169810 seconds
78.539: [GC [PSYoungGen: 43475K->2265K(50176K)] 72595K->31385K(163840K), 0.0008810 secs] [Times: user=0.00 sys=0.00, real=0.00 secs] 
78.540: Total time for which application threads were stopped: 0.0010330 seconds, Stopping threads took: 0.0000910 seconds
78.559: Application time: 0.0190560 seconds
78.559: [GC [PSYoungGen: 45758K->6477K(50176K)] 74878K->35596K(163840K), 0.0022960 secs] [Times: user=0.01 sys=0.00, real=0.00 secs] 
78.562: Total time for which application threads were stopped: 0.0024600 seconds, Stopping threads took: 0.0000820 seconds
78.601: Application time: 0.0396940 seconds
78.601: [GC [PSYoungGen: 49966K->6540K(50176K)] 79085K->42785K(163840K), 0.0040360 secs] [Times: user=0.03 sys=0.00, real=0.01 secs] 
78.605: Total time for which application threads were stopped: 0.0041900 seconds, Stopping threads took: 0.0000710 seconds
78.742: Application time: 0.1368720 seconds
78.742: [GC [PSYoungGen: 50058K->6540K(50176K)] 86303K->52761K(163840K), 0.0050610 secs] [Times: user=0.03 sys=0.00, real=0.00 secs] 
78.748: Total time for which application threads were stopped: 0.0052210 seconds, Stopping threads took: 0.0000750 seconds
78.763: Application time: 0.0157520 seconds
78.763: [GC [PSYoungGen: 49911K->6604K(50176K)] 96132K->54963K(163840K), 0.0029620 secs] [Times: user=0.03 sys=0.00, real=0.00 secs] 
78.766: Total time for which application threads were stopped: 0.0031450 seconds, Stopping threads took: 0.0000990 seconds
78.780: Application time: 0.0138430 seconds
78.782: [GC [PSYoungGen: 49513K->6572K(50176K)] 97871K->57781K(163840K), 0.0030890 secs] [Times: user=0.02 sys=0.00, real=0.00 secs] 
78.785: Total time for which application threads were stopped: 0.0049470 seconds, Stopping threads took: 0.0017640 seconds
78.798: Application time: 0.0124240 seconds
78.798: [GC [PSYoungGen: 50060K->6637K(50176K)] 101268K->62120K(163840K), 0.0034880 secs] [Times: user=0.02 sys=0.00, real=0.00 secs] 
78.801: Total time for which application threads were stopped: 0.0037080 seconds, Stopping threads took: 0.0001330 seconds
78.811: Application time: 0.0094140 seconds
78.811: [GC [PSYoungGen: 50110K->6637K(50176K)] 105594K->63545K(163840K), 0.0026840 secs] [Times: user=0.01 sys=0.00, real=0.00 secs] 
78.814: Total time for which application threads were stopped: 0.0028550 seconds, Stopping threads took: 0.0000890 seconds
78.830: Application time: 0.0161250 seconds
78.830: [GC [PSYoungGen: 50126K->6604K(50176K)] 107035K->66363K(163840K), 0.0031470 secs] [Times: user=0.03 sys=0.00, real=0.01 secs] 
78.833: Total time for which application threads were stopped: 0.0033210 seconds, Stopping threads took: 0.0000890 seconds
78.865: Application time: 0.0317390 seconds
78.865: [GC [PSYoungGen: 50098K->6636K(50176K)] 109857K->68533K(163840K), 0.0026930 secs] [Times: user=0.02 sys=0.00, real=0.00 secs] 
78.868: Total time for which application threads were stopped: 0.0028610 seconds, Stopping threads took: 0.0000750 seconds
79.022: Application time: 0.1545960 seconds
79.022: [GC [PSYoungGen: 50117K->6604K(50176K)] 112013K->78476K(163840K), 0.0049550 secs] [Times: user=0.04 sys=0.00, real=0.00 secs] 
79.027: Total time for which application threads were stopped: 0.0051010 seconds, Stopping threads took: 0.0000630 seconds
79.125: Application time: 0.0979290 seconds
79.126: [GC [PSYoungGen: 50119K->6636K(50176K)] 121991K->88483K(163840K), 0.0050560 secs] [Times: user=0.04 sys=0.00, real=0.01 secs] 
79.131: Total time for which application threads were stopped: 0.0052960 seconds, Stopping threads took: 0.0001560 seconds
79.148: Application time: 0.0172260 seconds
79.148: [GC [PSYoungGen: 50118K->6636K(50176K)] 131965K->90621K(163840K), 0.0028760 secs] [Times: user=0.02 sys=0.00, real=0.01 secs] 
79.151: Total time for which application threads were stopped: 0.0030300 seconds, Stopping threads took: 0.0000740 seconds
79.167: Application time: 0.0165990 seconds
79.168: [GC [PSYoungGen: 50118K->6572K(50176K)] 134103K->92695K(163840K), 0.0030460 secs] [Times: user=0.02 sys=0.01, real=0.01 secs] 
79.171: Total time for which application threads were stopped: 0.0032190 seconds, Stopping threads took: 0.0000900 seconds
79.220: Application time: 0.0492680 seconds
79.221: [GC [PSYoungGen: 49383K->6636K(50176K)] 135505K->100664K(163840K), 0.0043410 secs] [Times: user=0.02 sys=0.00, real=0.01 secs] 
79.225: Total time for which application threads were stopped: 0.0050840 seconds, Stopping threads took: 0.0006610 seconds
79.243: Application time: 0.0181340 seconds
79.243: [GC [PSYoungGen: 50110K->6620K(50176K)] 144138K->102073K(163840K), 0.0027770 secs] [Times: user=0.02 sys=0.00, real=0.00 secs] 
79.246: Total time for which application threads were stopped: 0.0029480 seconds, Stopping threads took: 0.0000840 seconds
79.264: Application time: 0.0174270 seconds
79.264: [GC [PSYoungGen: 50104K->5988K(50176K)] 145557K->105004K(163840K), 0.0031930 secs] [Times: user=0.02 sys=0.00, real=0.00 secs] 
79.267: Total time for which application threads were stopped: 0.0033620 seconds, Stopping threads took: 0.0000850 seconds
79.278: Application time: 0.0110700 seconds
79.279: [GC [PSYoungGen: 49503K->6636K(50176K)] 148519K->108534K(163840K), 0.0031070 secs] [Times: user=0.02 sys=0.00, real=0.00 secs] 
79.282: [Full GC [PSYoungGen: 6636K->0K(50176K)] [ParOldGen: 101897K->25556K(113664K)] 108534K->25556K(163840K) [PSPermGen: 6086K->6086K(21504K)], 0.0102720 secs] [Times: user=0.06 sys=0.00, real=0.02 secs] 
79.292: Total time for which application threads were stopped: 0.0140410 seconds, Stopping threads took: 0.0005330 seconds
79.305: Application time: 0.0128950 seconds
79.305: [GC [PSYoungGen: 43484K->5924K(50176K)] 69041K->31480K(163840K), 0.0021600 secs] [Times: user=0.02 sys=0.00, real=0.00 secs] 
79.307: Total time for which application threads were stopped: 0.0023340 seconds, Stopping threads took: 0.0000940 seconds
79.325: Application time: 0.0174960 seconds
79.325: [GC [PSYoungGen: 49404K->6572K(50176K)] 74961K->35691K(163840K), 0.0032880 secs] [Times: user=0.02 sys=0.00, real=0.00 secs] 
79.328: Total time for which application threads were stopped: 0.0034630 seconds, Stopping threads took: 0.0000910 seconds
79.346: Application time: 0.0180060 seconds
79.346: [GC [PSYoungGen: 50064K->6540K(50176K)] 79183K->36372K(163840K), 0.0022510 secs] [Times: user=0.02 sys=0.00, real=0.00 secs] 
79.349: Total time for which application threads were stopped: 0.0024010 seconds, Stopping threads took: 0.0000680 seconds
79.484: Application time: 0.1357180 seconds
79.485: [GC [PSYoungGen: 49352K->6540K(50176K)] 79183K->47059K(163840K), 0.0051660 secs] [Times: user=0.04 sys=0.00, real=0.01 secs] 
79.491: Total time for which application threads were stopped: 0.0061500 seconds, Stopping threads took: 0.0008930 seconds
79.506: Application time: 0.0157270 seconds
79.506: [GC [PSYoungGen: 50022K->6572K(50176K)] 90541K->49941K(163840K), 0.0031900 secs] [Times: user=0.02 sys=0.00, real=0.00 secs] 
79.510: Total time for which application threads were stopped: 0.0033650 seconds, Stopping threads took: 0.0000920 seconds
79.528: Application time: 0.0182920 seconds
79.528: [GC [PSYoungGen: 50056K->6636K(50176K)] 93426K->54289K(163840K), 0.0035320 secs] [Times: user=0.02 sys=0.00, real=0.01 secs] 
79.532: Total time for which application threads were stopped: 0.0036990 seconds, Stopping threads took: 0.0000840 seconds
79.583: Application time: 0.0509840 seconds
79.583: [GC [PSYoungGen: 50133K->6636K(50176K)] 97785K->59276K(163840K), 0.0035440 secs] [Times: user=0.02 sys=0.00, real=0.00 secs] 
79.586: Total time for which application threads were stopped: 0.0036900 seconds, Stopping threads took: 0.0000650 seconds
79.755: Application time: 0.1688070 seconds
79.755: [GC [PSYoungGen: 50122K->6636K(50176K)] 102762K->68539K(163840K), 0.0046720 secs] [Times: user=0.04 sys=0.00, real=0.00 secs] 
79.760: Total time for which application threads were stopped: 0.0048230 seconds, Stopping threads took: 0.0000700 seconds
79.955: Application time: 0.1946620 seconds
79.955: [GC [PSYoungGen: 50124K->6636K(50176K)] 112027K->79243K(163840K), 0.0050850 secs] [Times: user=0.04 sys=0.00, real=0.00 secs] 
79.960: Total time for which application threads were stopped: 0.0052380 seconds, Stopping threads took: 0.0000680 seconds
80.155: Application time: 0.1949510 seconds
80.155: [GC [PSYoungGen: 50124K->6636K(50176K)] 122731K->89258K(163840K), 0.0049620 secs] [Times: user=0.04 sys=0.00, real=0.00 secs] 
80.160: Total time for which application threads were stopped: 0.0051240 seconds, Stopping threads took: 0.0000650 seconds
80.350: Application time: 0.1895850 seconds
80.350: [GC [PSYoungGen: 50132K->6636K(50176K)] 132754K->99954K(163840K), 0.0051260 secs] [Times: user=0.03 sys=0.00, real=0.01 secs] 
80.355: Total time for which application threads were stopped: 0.0052710 seconds, Stopping threads took: 0.0000650 seconds
80.546: Application time: 0.1914610 seconds
80.546: [GC [PSYoungGen: 50141K->6636K(50176K)] 143459K->111362K(163840K), 0.0053120 secs] [Times: user=0.04 sys=0.00, real=0.01 secs] 
80.552: [Full GC [PSYoungGen: 6636K->0K(50176K)] [ParOldGen: 104725K->29118K(113664K)] 111362K->29118K(163840K) [PSPermGen: 6086K->6086K(21504K)], 0.0109470 secs] [Times: user=0.06 sys=0.01, real=0.01 secs] 
80.563: Total time for which application threads were stopped: 0.0164530 seconds, Stopping threads took: 0.0000600 seconds
80.727: Application time: 0.1642760 seconds
80.727: [GC [PSYoungGen: 43497K->6508K(50176K)] 72615K->45602K(163840K), 0.0048640 secs] [Times: user=0.04 sys=0.00, real=0.01 secs] 
80.732: Total time for which application threads were stopped: 0.0050260 seconds, Stopping threads took: 0.0000690 seconds
80.894: Application time: 0.1623610 seconds
80.894: [GC [PSYoungGen: 49989K->6572K(50176K)] 89083K->55642K(163840K), 0.0049210 secs] [Times: user=0.04 sys=0.00, real=0.00 secs] 
80.899: Total time for which application threads were stopped: 0.0050800 seconds, Stopping threads took: 0.0000740 seconds
81.074: Application time: 0.1747800 seconds
81.074: [GC [PSYoungGen: 50062K->6604K(50176K)] 99131K->64937K(163840K), 0.0046370 secs] [Times: user=0.03 sys=0.00, real=0.00 secs] 
81.079: Total time for which application threads were stopped: 0.0047770 seconds, Stopping threads took: 0.0000580 seconds
81.227: Application time: 0.1483940 seconds
81.228: [GC [PSYoungGen: 50095K->6540K(50176K)] 108427K->74849K(163840K), 0.0049260 secs] [Times: user=0.04 sys=0.00, real=0.01 secs] 
81.232: Total time for which application threads were stopped: 0.0050790 seconds, Stopping threads took: 0.0000700 seconds
81.371: Application time: 0.1384070 seconds
81.371: [GC [PSYoungGen: 50040K->6637K(50176K)] 118348K->83503K(163840K), 0.0044390 secs] [Times: user=0.04 sys=0.00, real=0.00 secs] 
81.376: Total time for which application threads were stopped: 0.0046100 seconds, Stopping threads took: 0.0000800 seconds
81.515: Application time: 0.1390130 seconds
81.515: [GC [PSYoungGen: 50136K->6637K(50176K)] 127003K->93488K(163840K), 0.0049270 secs] [Times: user=0.03 sys=0.00, real=0.00 secs] 
81.520: Total time for which application threads were stopped: 0.0050990 seconds, Stopping threads took: 0.0000900 seconds
81.657: Application time: 0.1372850 seconds
81.657: [GC [PSYoungGen: 50137K->6637K(50176K)] 136988K->103472K(163840K), 0.0049450 secs] [Times: user=0.04 sys=0.00, real=0.01 secs] 
81.662: Total time for which application threads were stopped: 0.0051170 seconds, Stopping threads took: 0.0000710 seconds
81.800: Application time: 0.1384730 seconds
81.801: [GC [PSYoungGen: 50120K->6605K(50176K)] 146955K->113416K(163840K), 0.0050060 secs] [Times: user=0.04 sys=0.00, real=0.01 secs] 
81.806: [Full GC [PSYoungGen: 6605K->0K(50176K)] [ParOldGen: 106811K->28408K(113664K)] 113416K->28408K(163840K) [PSPermGen: 6086K->6086K(21504K)], 0.0107210 secs] [Times: user=0.06 sys=0.00, real=0.01 secs] 
81.816: Total time for which application threads were stopped: 0.0159490 seconds, Stopping threads took: 0.0000890 seconds
81.977: Application time: 0.1606940 seconds
81.977: [GC [PSYoungGen: 43491K->6509K(50176K)] 71899K->44180K(163840K), 0.0047190 secs] [Times: user=0.04 sys=0.00, real=0.01 secs] 
81.982: Total time for which application threads were stopped: 0.0048880 seconds, Stopping threads took: 0.0000770 seconds
82.130: Application time: 0.1478870 seconds
82.130: [GC [PSYoungGen: 50001K->6509K(50176K)] 87672K->54156K(163840K), 0.0049030 secs] [Times: user=0.04 sys=0.00, real=0.00 secs] 
82.135: Total time for which application threads were stopped: 0.0050560 seconds, Stopping threads took: 0.0000690 seconds
82.287: Application time: 0.1515780 seconds
82.287: [GC [PSYoungGen: 50008K->6637K(50176K)] 97656K->64260K(163840K), 0.0049220 secs] [Times: user=0.04 sys=0.00, real=0.01 secs] 
82.292: Total time for which application threads were stopped: 0.0050720 seconds, Stopping threads took: 0.0000660 seconds
82.347: Application time: 0.0557950 seconds
82.348: [GC [PSYoungGen: 50154K->6604K(50176K)] 107777K->72066K(163840K), 0.0045010 secs] [Times: user=0.04 sys=0.00, real=0.01 secs] 
82.352: Total time for which application threads were stopped: 0.0046720 seconds, Stopping threads took: 0.0000820 seconds
82.367: Application time: 0.0148640 seconds
82.367: [GC [PSYoungGen: 50083K->6637K(50176K)] 115545K->76382K(163840K), 0.0035890 secs] [Times: user=0.03 sys=0.00, real=0.01 secs] 
82.371: Total time for which application threads were stopped: 0.0037500 seconds, Stopping threads took: 0.0000770 seconds
82.385: Application time: 0.0142120 seconds
82.385: [GC [PSYoungGen: 50120K->6637K(50176K)] 119865K->78519K(163840K), 0.0030320 secs] [Times: user=0.02 sys=0.00, real=0.00 secs] 
82.388: Total time for which application threads were stopped: 0.0032030 seconds, Stopping threads took: 0.0000880 seconds
82.466: Application time: 0.0782070 seconds
82.466: [GC [PSYoungGen: 49447K->6652K(50176K)] 121330K->89240K(163840K), 0.0051260 secs] [Times: user=0.04 sys=0.00, real=0.01 secs] 
82.472: Total time for which application threads were stopped: 0.0052700 seconds, Stopping threads took: 0.0000640 seconds
82.491: Application time: 0.0195920 seconds
82.491: [GC [PSYoungGen: 50128K->6620K(50176K)] 132715K->92770K(163840K), 0.0034230 secs] [Times: user=0.02 sys=0.00, real=0.00 secs] 
82.495: Total time for which application threads were stopped: 0.0035980 seconds, Stopping threads took: 0.0000780 seconds
82.514: Application time: 0.0190540 seconds
82.514: [GC [PSYoungGen: 50100K->6653K(50176K)] 136249K->92802K(163840K), 0.0024220 secs] [Times: user=0.02 sys=0.00, real=0.00 secs] 
82.516: Total time for which application threads were stopped: 0.0025950 seconds, Stopping threads took: 0.0000830 seconds
82.530: Application time: 0.0135930 seconds
82.530: [GC [PSYoungGen: 50146K->6652K(50176K)] 136296K->94940K(163840K), 0.0027000 secs] [Times: user=0.02 sys=0.00, real=0.00 secs] 
82.533: Total time for which application threads were stopped: 0.0028570 seconds, Stopping threads took: 0.0000720 seconds
82.590: Application time: 0.0573830 seconds
82.590: [GC [PSYoungGen: 50169K->6636K(50176K)] 138457K->103526K(163840K), 0.0047740 secs] [Times: user=0.03 sys=0.00, real=0.00 secs] 
82.595: Total time for which application threads were stopped: 0.0049390 seconds, Stopping threads took: 0.0000780 seconds
82.611: Application time: 0.0153740 seconds
82.611: [GC [PSYoungGen: 50115K->6637K(50176K)] 147005K->106393K(163840K), 0.0031710 secs] [Times: user=0.02 sys=0.00, real=0.00 secs] 
82.614: [Full GC [PSYoungGen: 6637K->0K(50176K)] [ParOldGen: 99756K->28615K(113664K)] 106393K->28615K(163840K) [PSPermGen: 6087K->6087K(21504K)], 0.0106180 secs] [Times: user=0.06 sys=0.00, real=0.01 secs] 
82.625: Total time for which application threads were stopped: 0.0140070 seconds, Stopping threads took: 0.0000730 seconds
82.640: Application time: 0.0150620 seconds
82.641: [GC [PSYoungGen: 43485K->5084K(50176K)] 72101K->33700K(163840K), 0.0018450 secs] [Times: user=0.01 sys=0.00, real=0.01 secs] 
82.643: Total time for which application threads were stopped: 0.0028950 seconds, Stopping threads took: 0.0009660 seconds
82.671: Application time: 0.0282230 seconds
82.671: [GC [PSYoungGen: 48601K->6540K(50176K)] 77217K->41569K(163840K), 0.0041220 secs] [Times: user=0.03 sys=0.00, real=0.00 secs] 
82.675: Total time for which application threads were stopped: 0.0042840 seconds, Stopping threads took: 0.0000770 seconds
82.692: Application time: 0.0171770 seconds
82.692: [GC [PSYoungGen: 50022K->6572K(50176K)] 85051K->41601K(163840K), 0.0023800 secs] [Times: user=0.02 sys=0.00, real=0.00 secs] 
82.695: Total time for which application threads were stopped: 0.0025520 seconds, Stopping threads took: 0.0000880 seconds
82.711: Application time: 0.0159320 seconds
82.711: [GC [PSYoungGen: 50055K->6540K(50176K)] 85084K->44419K(163840K), 0.0031300 secs] [Times: user=0.02 sys=0.00, real=0.00 secs] 
82.714: Total time for which application threads were stopped: 0.0032950 seconds, Stopping threads took: 0.0000810 seconds
82.797: Application time: 0.0828860 seconds
82.797: [GC [PSYoungGen: 50032K->6572K(50176K)] 87911K->54427K(163840K), 0.0048310 secs] [Times: user=0.04 sys=0.00, real=0.00 secs] 
82.802: Total time for which application threads were stopped: 0.0049790 seconds, Stopping threads took: 0.0000620 seconds
82.959: Application time: 0.1573360 seconds
82.959: [GC [PSYoungGen: 50053K->6540K(50176K)] 97907K->64370K(163840K), 0.0050140 secs] [Times: user=0.04 sys=0.00, real=0.01 secs] 
82.964: Total time for which application threads were stopped: 0.0051710 seconds, Stopping threads took: 0.0000700 seconds
83.012: Application time: 0.0475960 seconds
83.012: [GC [PSYoungGen: 50055K->6604K(50176K)] 107885K->69422K(163840K), 0.0035710 secs] [Times: user=0.02 sys=0.00, real=0.00 secs] 
83.016: Total time for which application threads were stopped: 0.0039520 seconds, Stopping threads took: 0.0002850 seconds
83.032: Application time: 0.0160930 seconds
83.032: [GC [PSYoungGen: 50085K->6604K(50176K)] 112903K->73697K(163840K), 0.0036190 secs] [Times: user=0.03 sys=0.00, real=0.00 secs] 
83.036: Total time for which application threads were stopped: 0.0038080 seconds, Stopping threads took: 0.0001030 seconds
83.049: Application time: 0.0131360 seconds
83.049: [GC [PSYoungGen: 50089K->6572K(50176K)] 117182K->77940K(163840K), 0.0035860 secs] [Times: user=0.03 sys=0.00, real=0.01 secs] 
83.053: Total time for which application threads were stopped: 0.0037640 seconds, Stopping threads took: 0.0000960 seconds
83.126: Application time: 0.0731410 seconds
83.127: [GC [PSYoungGen: 49381K->6636K(50176K)] 120749K->86554K(163840K), 0.0045820 secs] [Times: user=0.03 sys=0.00, real=0.01 secs] 
83.131: Total time for which application threads were stopped: 0.0054710 seconds, Stopping threads took: 0.0008070 seconds
83.148: Application time: 0.0161900 seconds
83.148: [GC [PSYoungGen: 50118K->6620K(50176K)] 130036K->87963K(163840K), 0.0026280 secs] [Times: user=0.02 sys=0.00, real=0.01 secs] 
83.150: Total time for which application threads were stopped: 0.0028060 seconds, Stopping threads took: 0.0000920 seconds
83.168: Application time: 0.0177670 seconds
83.168: [GC [PSYoungGen: 50102K->6620K(50176K)] 131445K->90814K(163840K), 0.0031380 secs] [Times: user=0.02 sys=0.00, real=0.01 secs] 
83.172: Total time for which application threads were stopped: 0.0033110 seconds, Stopping threads took: 0.0000890 seconds
83.243: Application time: 0.0712720 seconds
83.243: [GC [PSYoungGen: 50111K->6572K(50176K)] 134305K->99316K(163840K), 0.0045700 secs] [Times: user=0.03 sys=0.00, real=0.00 secs] 
83.248: Total time for which application threads were stopped: 0.0047270 seconds, Stopping threads took: 0.0000670 seconds
83.325: Application time: 0.0774090 seconds
83.326: [GC [PSYoungGen: 49401K->6020K(50176K)] 142144K->107313K(163840K), 0.0044330 secs] [Times: user=0.03 sys=0.01, real=0.01 secs] 
83.330: [Full GC [PSYoungGen: 6020K->0K(50176K)] [ParOldGen: 101293K->21993K(113664K)] 107313K->21993K(163840K) [PSPermGen: 6087K->6087K(21504K)], 0.0097880 secs] [Times: user=0.05 sys=0.00, real=0.00 secs] 
83.340: Total time for which application threads were stopped: 0.0151750 seconds, Stopping threads took: 0.0008200 seconds
83.352: Application time: 0.0114310 seconds
83.352: [GC [PSYoungGen: 43482K->5179K(50176K)] 65475K->27172K(163840K), 0.0017990 secs] [Times: user=0.01 sys=0.00, real=0.00 secs] 
83.354: Total time for which application threads were stopped: 0.0023560 seconds, Stopping threads took: 0.0004770 seconds
83.366: Application time: 0.0121570 seconds
83.366: [GC [PSYoungGen: 48663K->6604K(50176K)] 70657K->30022K(163840K), 0.0026210 secs] [Times: user=0.02 sys=0.00, real=0.00 secs] 
83.369: Total time for which application threads were stopped: 0.0030090 seconds, Stopping threads took: 0.0003060 seconds
83.382: Application time: 0.0126340 seconds
83.382: [GC [PSYoungGen: 50084K->5892K(50176K)] 73502K->29310K(163840K), 0.0019970 secs] [Times: user=0.01 sys=0.00, real=0.01 secs] 
83.384: Total time for which application threads were stopped: 0.0022200 seconds, Stopping threads took: 0.0001390 seconds
83.394: Application time: 0.0099910 seconds
83.394: [GC [PSYoungGen: 49382K->6604K(50176K)] 72800K->32160K(163840K), 0.0028860 secs] [Times: user=0.02 sys=0.00, real=0.00 secs] 
83.397: Total time for which application threads were stopped: 0.0030410 seconds, Stopping threads took: 0.0000750 seconds
83.408: Application time: 0.0113880 seconds
83.408: [GC [PSYoungGen: 50095K->6604K(50176K)] 75651K->33585K(163840K), 0.0027380 secs] [Times: user=0.02 sys=0.00, real=0.01 secs] 
83.411: Total time for which application threads were stopped: 0.0029180 seconds, Stopping threads took: 0.0000920 seconds
83.511: Application time: 0.0995030 seconds
83.511: [GC [PSYoungGen: 50099K->6636K(50176K)] 77080K->44305K(163840K), 0.0050470 secs] [Times: user=0.03 sys=0.00, real=0.00 secs] 
83.516: Total time for which application threads were stopped: 0.0052190 seconds, Stopping threads took: 0.0000870 seconds
83.719: Application time: 0.2034230 seconds
83.720: [GC [PSYoungGen: 50132K->6636K(50176K)] 87801K->55001K(163840K), 0.0050720 secs] [Times: user=0.04 sys=0.00, real=0.01 secs] 
83.725: Total time for which application threads were stopped: 0.0052340 seconds, Stopping threads took: 0.0000650 seconds
83.926: Application time: 0.2014080 seconds
83.926: [GC [PSYoungGen: 50122K->6636K(50176K)] 98487K->64271K(163840K), 0.0046660 secs] [Times: user=0.03 sys=0.00, real=0.01 secs] 
83.931: Total time for which application threads were stopped: 0.0048310 seconds, Stopping threads took: 0.0000810 seconds
84.115: Application time: 0.1836160 seconds
84.115: [GC [PSYoungGen: 50124K->6636K(50176K)] 107759K->74967K(163840K), 0.0051130 secs] [Times: user=0.04 sys=0.00, real=0.00 secs] 
84.120: Total time for which application threads were stopped: 0.0052640 seconds, Stopping threads took: 0.0000680 seconds
84.319: Application time: 0.1988340 seconds
84.319: [GC [PSYoungGen: 50122K->6636K(50176K)] 118453K->84238K(163840K), 0.0047680 secs] [Times: user=0.03 sys=0.00, real=0.01 secs] 
84.324: Total time for which application threads were stopped: 0.0049300 seconds, Stopping threads took: 0.0000680 seconds
84.517: Application time: 0.1935560 seconds
84.517: [GC [PSYoungGen: 50133K->5956K(50176K)] 127735K->94245K(163840K), 0.0048960 secs] [Times: user=0.04 sys=0.00, real=0.01 secs] 
84.522: Total time for which application threads were stopped: 0.0050490 seconds, Stopping threads took: 0.0000690 seconds
84.701: Application time: 0.1787230 seconds
84.701: [GC [PSYoungGen: 49461K->6636K(50176K)] 137751K->105622K(163840K), 0.0051350 secs] [Times: user=0.04 sys=0.00, real=0.01 secs] 
84.706: [Full GC [PSYoungGen: 6636K->0K(50176K)] [ParOldGen: 98985K->26981K(113664K)] 105622K->26981K(163840K) [PSPermGen: 6087K->6087K(21504K)], 0.0105410 secs] [Times: user=0.06 sys=0.01, real=0.01 secs] 
84.717: Total time for which application threads were stopped: 0.0158770 seconds, Stopping threads took: 0.0000570 seconds
84.879: Application time: 0.1625430 seconds
84.879: [GC [PSYoungGen: 43480K->6412K(50176K)] 70462K->43370K(163840K), 0.0048950 secs] [Times: user=0.04 sys=0.00, real=0.01 secs] 
84.884: Total time for which application threads were stopped: 0.0050660 seconds, Stopping threads took: 0.0000760 seconds
85.035: Application time: 0.1508670 seconds
85.035: [GC [PSYoungGen: 49911K->6604K(50176K)] 86868K->52825K(163840K), 0.0046590 secs] [Times: user=0.04 sys=0.00, real=0.00 secs] 
85.040: Total time for which application threads were stopped: 0.0048070 seconds, Stopping threads took: 0.0000650 seconds
85.188: Application time: 0.1475570 seconds
85.188: [GC [PSYoungGen: 50086K->6508K(50176K)] 96306K->62705K(163840K), 0.0049750 secs] [Times: user=0.04 sys=0.00, real=0.01 secs] 
85.193: Total time for which application threads were stopped: 0.0051370 seconds, Stopping threads took: 0.0000770 seconds
85.346: Application time: 0.1537130 seconds
85.347: [GC [PSYoungGen: 50009K->6637K(50176K)] 106205K->72809K(163840K), 0.0049670 secs] [Times: user=0.03 sys=0.00, real=0.01 secs] 
85.352: Total time for which application threads were stopped: 0.0051070 seconds, Stopping threads took: 0.0000560 seconds
85.491: Application time: 0.1393320 seconds
85.491: [GC [PSYoungGen: 50145K->6637K(50176K)] 116317K->84218K(163840K), 0.0053410 secs] [Times: user=0.04 sys=0.00, real=0.00 secs] 
85.496: Total time for which application threads were stopped: 0.0054970 seconds, Stopping threads took: 0.0000650 seconds
85.645: Application time: 0.1484860 seconds
85.645: [GC [PSYoungGen: 50128K->6637K(50176K)] 127709K->94194K(163840K), 0.0048850 secs] [Times: user=0.04 sys=0.00, real=0.00 secs] 
85.650: Total time for which application threads were stopped: 0.0050370 seconds, Stopping threads took: 0.0000660 seconds
85.789: Application time: 0.1390440 seconds
85.789: [GC [PSYoungGen: 50120K->6637K(50176K)] 137677K->103465K(163840K), 0.0047130 secs] [Times: user=0.04 sys=0.00, real=0.01 secs] 
85.794: Total time for which application threads were stopped: 0.0048620 seconds, Stopping threads took: 0.0000650 seconds
85.937: Application time: 0.1430890 seconds
85.937: [GC [PSYoungGen: 50128K->5956K(50176K)] 146957K->113473K(163840K), 0.0049830 secs] [Times: user=0.04 sys=0.00, real=0.01 secs] 
85.942: [Full GC [PSYoungGen: 5956K->0K(50176K)] [ParOldGen: 107517K->28408K(113664K)] 113473K->28408K(163840K) [PSPermGen: 6087K->6087K(21504K)], 0.0109900 secs] [Times: user=0.06 sys=0.00, real=0.01 secs] 
85.953: Total time for which application threads were stopped: 0.0161760 seconds, Stopping threads took: 0.0000680 seconds
86.108: Application time: 0.1544580 seconds
86.108: [GC [PSYoungGen: 43491K->6509K(50176K)] 71899K->45606K(163840K), 0.0051910 secs] [Times: user=0.04 sys=0.00, real=0.01 secs] 
86.113: Total time for which application threads were stopped: 0.0053590 seconds, Stopping threads took: 0.0000710 seconds
86.266: Application time: 0.1532410 seconds
86.266: [GC [PSYoungGen: 50009K->6541K(50176K)] 89106K->54901K(163840K), 0.0047420 secs] [Times: user=0.03 sys=0.00, real=0.01 secs] 
86.271: Total time for which application threads were stopped: 0.0048910 seconds, Stopping threads took: 0.0000660 seconds
86.299: Application time: 0.0278350 seconds
86.299: [GC [PSYoungGen: 50056K->6604K(50176K)] 98416K->62090K(163840K), 0.0042960 secs] [Times: user=0.04 sys=0.00, real=0.01 secs] 
86.303: Total time for which application threads were stopped: 0.0044540 seconds, Stopping threads took: 0.0000730 seconds
86.320: Application time: 0.0166060 seconds
86.320: [GC [PSYoungGen: 50080K->6637K(50176K)] 105566K->62835K(163840K), 0.0026320 secs] [Times: user=0.02 sys=0.00, real=0.01 secs] 
86.323: Total time for which application threads were stopped: 0.0028210 seconds, Stopping threads took: 0.0000960 seconds
86.336: Application time: 0.0135850 seconds
86.336: [GC [PSYoungGen: 50120K->6637K(50176K)] 106318K->64260K(163840K), 0.0027070 secs] [Times: user=0.02 sys=0.00, real=0.00 secs] 
86.339: Total time for which application threads were stopped: 0.0028570 seconds, Stopping threads took: 0.0000700 seconds
86.432: Application time: 0.0925210 seconds
86.434: [GC [PSYoungGen: 49447K->6604K(50176K)] 107070K->74204K(163840K), 0.0050390 secs] [Times: user=0.03 sys=0.00, real=0.00 secs] 
86.439: Total time for which application threads were stopped: 0.0074180 seconds, Stopping threads took: 0.0022970 seconds
86.456: Application time: 0.0170990 seconds
86.456: [GC [PSYoungGen: 50082K->6636K(50176K)] 117681K->77798K(163840K), 0.0034250 secs] [Times: user=0.03 sys=0.00, real=0.00 secs] 
86.460: Total time for which application threads were stopped: 0.0036110 seconds, Stopping threads took: 0.0001000 seconds
86.480: Application time: 0.0196420 seconds
86.480: [GC [PSYoungGen: 50123K->6637K(50176K)] 121285K->78535K(163840K), 0.0026540 secs] [Times: user=0.02 sys=0.00, real=0.01 secs] 
86.482: Total time for which application threads were stopped: 0.0028170 seconds, Stopping threads took: 0.0000820 seconds
86.498: Application time: 0.0153540 seconds
86.498: [GC [PSYoungGen: 50123K->6604K(50176K)] 122021K->83490K(163840K), 0.0035070 secs] [Times: user=0.03 sys=0.00, real=0.00 secs] 
86.501: Total time for which application threads were stopped: 0.0036610 seconds, Stopping threads took: 0.0000730 seconds
86.530: Application time: 0.0283800 seconds
86.530: [GC [PSYoungGen: 50115K->6636K(50176K)] 127001K->88530K(163840K), 0.0038040 secs] [Times: user=0.02 sys=0.00, real=0.01 secs] 
86.534: Total time for which application threads were stopped: 0.0039770 seconds, Stopping threads took: 0.0000870 seconds
86.551: Application time: 0.0168850 seconds
86.551: [GC [PSYoungGen: 50114K->6637K(50176K)] 132008K->90684K(163840K), 0.0030050 secs] [Times: user=0.02 sys=0.00, real=0.00 secs] 
86.554: Total time for which application threads were stopped: 0.0031640 seconds, Stopping threads took: 0.0000750 seconds
86.567: Application time: 0.0129590 seconds
86.567: [GC [PSYoungGen: 50119K->6636K(50176K)] 134167K->91397K(163840K), 0.0025170 secs] [Times: user=0.02 sys=0.00, real=0.00 secs] 
86.569: Total time for which application threads were stopped: 0.0026740 seconds, Stopping threads took: 0.0000780 seconds
86.597: Application time: 0.0279280 seconds
86.597: [GC [PSYoungGen: 49447K->6636K(50176K)] 134207K->97841K(163840K), 0.0041470 secs] [Times: user=0.03 sys=0.00, real=0.00 secs] 
86.602: Total time for which application threads were stopped: 0.0043210 seconds, Stopping threads took: 0.0000880 seconds
86.618: Application time: 0.0158410 seconds
86.618: [GC [PSYoungGen: 50114K->6637K(50176K)] 141319K->99979K(163840K), 0.0030320 secs] [Times: user=0.02 sys=0.00, real=0.00 secs] 
86.621: Total time for which application threads were stopped: 0.0032120 seconds, Stopping threads took: 0.0000850 seconds
86.635: Application time: 0.0141170 seconds
86.635: [GC [PSYoungGen: 50122K->6637K(50176K)] 143464K->102853K(163840K), 0.0032080 secs] [Times: user=0.03 sys=0.00, real=0.00 secs] 
86.638: Total time for which application threads were stopped: 0.0033850 seconds, Stopping threads took: 0.0000810 seconds
86.735: Application time: 0.0964550 seconds
86.735: [GC [PSYoungGen: 50126K->6636K(50176K)] 146343K->113573K(163840K), 0.0052090 secs] [Times: user=0.03 sys=0.00, real=0.00 secs] 
86.740: [Full GC [PSYoungGen: 6636K->0K(50176K)] [ParOldGen: 106936K->28407K(113664K)] 113573K->28407K(163840K) [PSPermGen: 6087K->6087K(21504K)], 0.0112370 secs] [Times: user=0.06 sys=0.00, real=0.02 secs] 
86.751: Total time for which application threads were stopped: 0.0166540 seconds, Stopping threads took: 0.0000700 seconds
86.847: Application time: 0.0961170 seconds
86.848: [GC [PSYoungGen: 43514K->6444K(50176K)] 71922K->44827K(163840K), 0.0050330 secs] [Times: user=0.04 sys=0.00, real=0.01 secs] 
86.853: Total time for which application threads were stopped: 0.0052100 seconds, Stopping threads took: 0.0000790 seconds
86.869: Application time: 0.0164060 seconds
86.869: [GC [PSYoungGen: 49927K->6636K(50176K)] 88310K->45019K(163840K), 0.0024030 secs] [Times: user=0.02 sys=0.00, real=0.01 secs] 
86.872: Total time for which application threads were stopped: 0.0025740 seconds, Stopping threads took: 0.0000860 seconds
86.886: Application time: 0.0141040 seconds
86.886: [GC [PSYoungGen: 50123K->6572K(50176K)] 88506K->49231K(163840K), 0.0034610 secs] [Times: user=0.02 sys=0.00, real=0.00 secs] 
86.889: Total time for which application threads were stopped: 0.0036420 seconds, Stopping threads took: 0.0000960 seconds
86.971: Application time: 0.0817010 seconds
86.971: [GC [PSYoungGen: 49955K->6588K(50176K)] 92613K->57084K(163840K), 0.0043080 secs] [Times: user=0.03 sys=0.00, real=0.00 secs] 
86.976: Total time for which application threads were stopped: 0.0044700 seconds, Stopping threads took: 0.0000800 seconds
86.997: Application time: 0.0211680 seconds
86.997: [GC [PSYoungGen: 49492K->6524K(50176K)] 99988K->62721K(163840K), 0.0039870 secs] [Times: user=0.03 sys=0.00, real=0.00 secs] 
87.001: Total time for which application threads were stopped: 0.0041730 seconds, Stopping threads took: 0.0001000 seconds
87.019: Application time: 0.0184080 seconds
87.019: [GC [PSYoungGen: 50001K->6604K(50176K)] 106197K->62801K(163840K), 0.0024330 secs] [Times: user=0.02 sys=0.00, real=0.00 secs] 
87.022: Total time for which application threads were stopped: 0.0025990 seconds, Stopping threads took: 0.0000840 seconds
87.035: Application time: 0.0135080 seconds
87.036: [GC [PSYoungGen: 50096K->6572K(50176K)] 106292K->64194K(163840K), 0.0025820 secs] [Times: user=0.02 sys=0.00, real=0.00 secs] 
87.038: Total time for which application threads were stopped: 0.0027400 seconds, Stopping threads took: 0.0000760 seconds
87.193: Application time: 0.1550680 seconds
87.193: [GC [PSYoungGen: 50052K->6540K(50176K)] 107673K->74849K(163840K), 0.0051640 secs] [Times: user=0.03 sys=0.00, real=0.00 secs] 
87.199: Total time for which application threads were stopped: 0.0053390 seconds, Stopping threads took: 0.0000750 seconds
87.244: Application time: 0.0457190 seconds
87.244: [GC [PSYoungGen: 50052K->6604K(50176K)] 118361K->82038K(163840K), 0.0043940 secs] [Times: user=0.03 sys=0.00, real=0.00 secs] 
87.249: Total time for which application threads were stopped: 0.0045630 seconds, Stopping threads took: 0.0000830 seconds
87.266: Application time: 0.0169790 seconds
87.266: [GC [PSYoungGen: 50082K->6636K(50176K)] 125516K->83496K(163840K), 0.0028330 secs] [Times: user=0.02 sys=0.00, real=0.00 secs] 
87.269: Total time for which application threads were stopped: 0.0030140 seconds, Stopping threads took: 0.0000900 seconds
87.281: Application time: 0.0117360 seconds
87.281: [GC [PSYoungGen: 50129K->6636K(50176K)] 126988K->88483K(163840K), 0.0037360 secs] [Times: user=0.02 sys=0.00, real=0.01 secs] 
87.285: Total time for which application threads were stopped: 0.0039020 seconds, Stopping threads took: 0.0000830 seconds
87.354: Application time: 0.0693750 seconds
87.354: [GC [PSYoungGen: 49447K->6636K(50176K)] 131294K->97041K(163840K), 0.0045670 secs] [Times: user=0.02 sys=0.00, real=0.00 secs] 
87.359: Total time for which application threads were stopped: 0.0050430 seconds, Stopping threads took: 0.0003950 seconds
87.375: Application time: 0.0156280 seconds
87.375: [GC [PSYoungGen: 50122K->5988K(50176K)] 140527K->100668K(163840K), 0.0032440 secs] [Times: user=0.02 sys=0.00, real=0.00 secs] 
87.378: Total time for which application threads were stopped: 0.0034080 seconds, Stopping threads took: 0.0000740 seconds
87.395: Application time: 0.0170790 seconds
87.395: [GC [PSYoungGen: 49468K->6636K(50176K)] 144149K->102029K(163840K), 0.0026400 secs] [Times: user=0.02 sys=0.00, real=0.00 secs] 
87.398: Total time for which application threads were stopped: 0.0028110 seconds, Stopping threads took: 0.0000870 seconds
87.481: Application time: 0.0834550 seconds
87.481: [GC [PSYoungGen: 50135K->6636K(50176K)] 145528K->112101K(163840K), 0.0049530 secs] [Times: user=0.03 sys=0.00, real=0.01 secs] 
87.486: [Full GC [PSYoungGen: 6636K->0K(50176K)] [ParOldGen: 105464K->25557K(113664K)] 112101K->25557K(163840K) [PSPermGen: 6087K->6087K(21504K)], 0.0104580 secs] [Times: user=0.06 sys=0.00, real=0.01 secs] 
87.497: Total time for which application threads were stopped: 0.0156120 seconds, Stopping threads took: 0.0000670 seconds
87.691: Application time: 0.1937570 seconds
87.691: [GC [PSYoungGen: 43496K->6572K(50176K)] 69053K->42817K(163840K), 0.0050240 secs] [Times: user=0.04 sys=0.00, real=0.00 secs] 
87.696: Total time for which application threads were stopped: 0.0051650 seconds, Stopping threads took: 0.0000560 seconds
87.883: Application time: 0.1866550 seconds
87.883: [GC [PSYoungGen: 50060K->6572K(50176K)] 86305K->53505K(163840K), 0.0050920 secs] [Times: user=0.04 sys=0.00, real=0.00 secs] 
87.888: Total time for which application threads were stopped: 0.0052490 seconds, Stopping threads took: 0.0000590 seconds
88.087: Application time: 0.1993070 seconds
88.087: [GC [PSYoungGen: 50060K->6636K(50176K)] 96993K->63544K(163840K), 0.0048800 secs] [Times: user=0.03 sys=0.00, real=0.01 secs] 
88.092: Total time for which application threads were stopped: 0.0050390 seconds, Stopping threads took: 0.0000730 seconds
88.272: Application time: 0.1796150 seconds
88.272: [GC [PSYoungGen: 50139K->6636K(50176K)] 107047K->73519K(163840K), 0.0048840 secs] [Times: user=0.04 sys=0.00, real=0.00 secs] 
88.277: Total time for which application threads were stopped: 0.0050260 seconds, Stopping threads took: 0.0000610 seconds
88.470: Application time: 0.1929350 seconds
88.470: [GC [PSYoungGen: 50124K->5956K(50176K)] 117008K->84239K(163840K), 0.0051780 secs] [Times: user=0.04 sys=0.00, real=0.01 secs] 
88.475: Total time for which application threads were stopped: 0.0053430 seconds, Stopping threads took: 0.0000680 seconds
88.653: Application time: 0.1777580 seconds
88.653: [GC [PSYoungGen: 49453K->5956K(50176K)] 127737K->94927K(163840K), 0.0047920 secs] [Times: user=0.03 sys=0.00, real=0.00 secs] 
88.658: Total time for which application threads were stopped: 0.0049400 seconds, Stopping threads took: 0.0000660 seconds
88.822: Application time: 0.1647150 seconds
88.823: [GC [PSYoungGen: 49436K->5956K(50176K)] 138408K->105615K(163840K), 0.0049350 secs] [Times: user=0.04 sys=0.00, real=0.00 secs] 
88.828: [Full GC [PSYoungGen: 5956K->0K(50176K)] [ParOldGen: 99659K->28407K(113664K)] 105615K->28407K(163840K) [PSPermGen: 6087K->6087K(21504K)], 0.0106970 secs] [Times: user=0.06 sys=0.00, real=0.01 secs] 
88.838: Total time for which application threads were stopped: 0.0158460 seconds, Stopping threads took: 0.0000800 seconds
88.997: Application time: 0.1591750 seconds
88.998: [GC [PSYoungGen: 43498K->6508K(50176K)] 71906K->44892K(163840K), 0.0048800 secs] [Times: user=0.04 sys=0.00, real=0.01 secs] 
89.003: Total time for which application threads were stopped: 0.0050310 seconds, Stopping threads took: 0.0000560 seconds
89.160: Application time: 0.1578460 seconds
89.160: [GC [PSYoungGen: 49990K->6605K(50176K)] 88374K->54251K(163840K), 0.0046110 secs] [Times: user=0.04 sys=0.00, real=0.01 secs] 
89.165: Total time for which application threads were stopped: 0.0047620 seconds, Stopping threads took: 0.0000650 seconds
89.279: Application time: 0.1133750 seconds
89.279: [GC [PSYoungGen: 50113K->6573K(50176K)] 97759K->65620K(163840K), 0.0053060 secs] [Times: user=0.04 sys=0.00, real=0.01 secs] 
89.284: Total time for which application threads were stopped: 0.0054570 seconds, Stopping threads took: 0.0000690 seconds
89.430: Application time: 0.1460270 seconds
89.430: [GC [PSYoungGen: 50073K->6637K(50176K)] 109121K->75668K(163840K), 0.0049650 secs] [Times: user=0.03 sys=0.00, real=0.00 secs] 
89.435: Total time for which application threads were stopped: 0.0051180 seconds, Stopping threads took: 0.0000690 seconds
89.596: Application time: 0.1604210 seconds
89.596: [GC [PSYoungGen: 50128K->5956K(50176K)] 119160K->85677K(163840K), 0.0048620 secs] [Times: user=0.04 sys=0.00, real=0.00 secs] 
89.601: Total time for which application threads were stopped: 0.0050240 seconds, Stopping threads took: 0.0000670 seconds
89.748: Application time: 0.1469410 seconds
89.748: [GC [PSYoungGen: 49448K->5956K(50176K)] 129169K->95653K(163840K), 0.0047430 secs] [Times: user=0.04 sys=0.00, real=0.01 secs] 
89.752: Total time for which application threads were stopped: 0.0048990 seconds, Stopping threads took: 0.0000730 seconds
89.884: Application time: 0.1313610 seconds
89.884: [GC [PSYoungGen: 49446K->5956K(50176K)] 139143K->106341K(163840K), 0.0050440 secs] [Times: user=0.04 sys=0.00, real=0.00 secs] 
89.889: [Full GC [PSYoungGen: 5956K->0K(50176K)] [ParOldGen: 100385K->29121K(113664K)] 106341K->29121K(163840K) [PSPermGen: 6087K->6087K(21504K)], 0.0109680 secs] [Times: user=0.06 sys=0.00, real=0.01 secs] 
89.900: Total time for which application threads were stopped: 0.0162200 seconds, Stopping threads took: 0.0000760 seconds
90.064: Application time: 0.1640420 seconds
90.064: [GC [PSYoungGen: 43482K->6413K(50176K)] 72604K->44798K(163840K), 0.0047590 secs] [Times: user=0.04 sys=0.00, real=0.00 secs] 
90.069: Total time for which application threads were stopped: 0.0049180 seconds, Stopping threads took: 0.0000740 seconds
90.224: Application time: 0.1552100 seconds
90.224: [GC [PSYoungGen: 49764K->6589K(50176K)] 88149K->53525K(163840K), 0.0044380 secs] [Times: user=0.03 sys=0.00, real=0.00 secs] 
90.229: Total time for which application threads were stopped: 0.0046300 seconds, Stopping threads took: 0.0000980 seconds
90.250: Application time: 0.0209470 seconds
90.250: [GC [PSYoungGen: 49539K->6604K(50176K)] 96475K->61379K(163840K), 0.0045510 secs] [Times: user=0.03 sys=0.00, real=0.01 secs] 
90.254: Total time for which application threads were stopped: 0.0047390 seconds, Stopping threads took: 0.0000990 seconds
90.272: Application time: 0.0172650 seconds
90.272: [GC [PSYoungGen: 50080K->6605K(50176K)] 104854K->62091K(163840K), 0.0026340 secs] [Times: user=0.02 sys=0.00, real=0.00 secs] 
90.275: Total time for which application threads were stopped: 0.0028030 seconds, Stopping threads took: 0.0000880 seconds
90.287: Application time: 0.0128490 seconds
90.288: [GC [PSYoungGen: 50087K->6605K(50176K)] 105574K->63516K(163840K), 0.0027930 secs] [Times: user=0.02 sys=0.00, real=0.01 secs] 
90.290: Total time for which application threads were stopped: 0.0029710 seconds, Stopping threads took: 0.0000940 seconds
90.383: Application time: 0.0926380 seconds
90.383: [GC [PSYoungGen: 49416K->6636K(50176K)] 106328K->74236K(163840K), 0.0052950 secs] [Times: user=0.04 sys=0.00, real=0.00 secs] 
90.388: Total time for which application threads were stopped: 0.0054550 seconds, Stopping threads took: 0.0000770 seconds
90.404: Application time: 0.0153320 seconds
90.404: [GC [PSYoungGen: 50113K->6636K(50176K)] 117713K->77807K(163840K), 0.0033720 secs] [Times: user=0.02 sys=0.00, real=0.00 secs] 
90.407: Total time for which application threads were stopped: 0.0035420 seconds, Stopping threads took: 0.0000860 seconds
90.426: Application time: 0.0191000 seconds
90.427: [GC [PSYoungGen: 50125K->6605K(50176K)] 121296K->79913K(163840K), 0.0029970 secs] [Times: user=0.03 sys=0.00, real=0.00 secs] 
90.430: Total time for which application threads were stopped: 0.0031600 seconds, Stopping threads took: 0.0000830 seconds
90.471: Application time: 0.0414130 seconds
90.471: [GC [PSYoungGen: 50092K->6604K(50176K)] 123400K->84900K(163840K), 0.0035000 secs] [Times: user=0.02 sys=0.00, real=0.00 secs] 
90.475: Total time for which application threads were stopped: 0.0036490 seconds, Stopping threads took: 0.0000660 seconds
90.519: Application time: 0.0443240 seconds
90.519: [GC [PSYoungGen: 49860K->6036K(50176K)] 128156K->92170K(163840K), 0.0042820 secs] [Times: user=0.03 sys=0.00, real=0.01 secs] 
90.523: Total time for which application threads were stopped: 0.0044420 seconds, Stopping threads took: 0.0000740 seconds
90.537: Application time: 0.0136850 seconds
90.538: [GC [PSYoungGen: 49097K->6652K(50176K)] 135231K->93531K(163840K), 0.0025980 secs] [Times: user=0.02 sys=0.00, real=0.00 secs] 
90.541: Total time for which application threads were stopped: 0.0035240 seconds, Stopping threads took: 0.0008400 seconds
90.553: Application time: 0.0122210 seconds
90.553: [GC [PSYoungGen: 50130K->6652K(50176K)] 137008K->94956K(163840K), 0.0027910 secs] [Times: user=0.02 sys=0.00, real=0.00 secs] 
90.556: Total time for which application threads were stopped: 0.0029680 seconds, Stopping threads took: 0.0000980 seconds
90.565: Application time: 0.0095580 seconds
90.566: [GC [PSYoungGen: 50136K->6637K(50176K)] 138440K->97078K(163840K), 0.0028630 secs] [Times: user=0.02 sys=0.00, real=0.00 secs] 
90.569: Total time for which application threads were stopped: 0.0031070 seconds, Stopping threads took: 0.0001580 seconds
90.580: Application time: 0.0117620 seconds
90.580: [GC [PSYoungGen: 50129K->6636K(50176K)] 140570K->102822K(163840K), 0.0039690 secs] [Times: user=0.03 sys=0.00, real=0.01 secs] 
90.584: Total time for which application threads were stopped: 0.0041470 seconds, Stopping threads took: 0.0000940 seconds
90.600: Application time: 0.0150980 seconds
90.600: [GC [PSYoungGen: 50121K->6004K(50176K)] 146307K->105752K(163840K), 0.0032560 secs] [Times: user=0.02 sys=0.00, real=0.01 secs] 
90.603: Total time for which application threads were stopped: 0.0034420 seconds, Stopping threads took: 0.0001000 seconds
90.727: Application time: 0.1236170 seconds
90.727: [GC [PSYoungGen: 49493K->6636K(50176K)] 149242K->116368K(163840K), 0.0049790 secs] [Times: user=0.04 sys=0.00, real=0.01 secs] 
90.732: [Full GC [PSYoungGen: 6636K->0K(50176K)] [ParOldGen: 109731K->27931K(113664K)] 116368K->27931K(163840K) [PSPermGen: 6087K->6087K(21504K)], 0.0106490 secs] [Times: user=0.06 sys=0.00, real=0.01 secs] 
90.742: Total time for which application threads were stopped: 0.0158330 seconds, Stopping threads took: 0.0000610 seconds
90.770: Application time: 0.0271750 seconds
90.770: [GC [PSYoungGen: 43518K->6476K(50176K)] 71449K->42245K(163840K), 0.0044900 secs] [Times: user=0.04 sys=0.00, real=0.01 secs] 
90.774: Total time for which application threads were stopped: 0.0046670 seconds, Stopping threads took: 0.0000880 seconds
90.795: Application time: 0.0204940 seconds
90.795: [GC [PSYoungGen: 49951K->6524K(50176K)] 85720K->42293K(163840K), 0.0024060 secs] [Times: user=0.01 sys=0.00, real=0.00 secs] 
90.797: Total time for which application threads were stopped: 0.0025640 seconds, Stopping threads took: 0.0000760 seconds
90.811: Application time: 0.0135600 seconds
90.811: [GC [PSYoungGen: 50005K->6476K(50176K)] 85774K->42958K(163840K), 0.0025850 secs] [Times: user=0.02 sys=0.00, real=0.00 secs] 
90.814: Total time for which application threads were stopped: 0.0027470 seconds, Stopping threads took: 0.0000790 seconds
90.908: Application time: 0.0948050 seconds
90.909: [GC [PSYoungGen: 49285K->6540K(50176K)] 85767K->53710K(163840K), 0.0051440 secs] [Times: user=0.04 sys=0.00, real=0.01 secs] 
90.914: Total time for which application threads were stopped: 0.0053020 seconds, Stopping threads took: 0.0000740 seconds
90.931: Application time: 0.0171650 seconds
90.931: [GC [PSYoungGen: 50016K->6508K(50176K)] 97185K->55815K(163840K), 0.0029770 secs] [Times: user=0.03 sys=0.00, real=0.00 secs] 
90.934: Total time for which application threads were stopped: 0.0031430 seconds, Stopping threads took: 0.0000810 seconds
90.953: Application time: 0.0191390 seconds
90.953: [GC [PSYoungGen: 49990K->6572K(50176K)] 99297K->57304K(163840K), 0.0029120 secs] [Times: user=0.01 sys=0.00, real=0.00 secs] 
90.956: Total time for which application threads were stopped: 0.0030750 seconds, Stopping threads took: 0.0000810 seconds
90.986: Application time: 0.0297710 seconds
90.986: [GC [PSYoungGen: 50069K->6636K(50176K)] 100801K->62356K(163840K), 0.0035280 secs] [Times: user=0.03 sys=0.00, real=0.00 secs] 
90.990: Total time for which application threads were stopped: 0.0036840 seconds, Stopping threads took: 0.0000760 seconds
91.128: Application time: 0.1386900 seconds
91.129: [GC [PSYoungGen: 50151K->6636K(50176K)] 105870K->72339K(163840K), 0.0051040 secs] [Times: user=0.04 sys=0.00, real=0.01 secs] 
91.134: Total time for which application threads were stopped: 0.0052750 seconds, Stopping threads took: 0.0000860 seconds
91.148: Application time: 0.0147360 seconds
91.149: [GC [PSYoungGen: 50114K->6604K(50176K)] 115817K->77295K(163840K), 0.0038240 secs] [Times: user=0.03 sys=0.00, real=0.01 secs] 
91.152: Total time for which application threads were stopped: 0.0040020 seconds, Stopping threads took: 0.0000920 seconds
91.170: Application time: 0.0179640 seconds
91.171: [GC [PSYoungGen: 50118K->6636K(50176K)] 120809K->78784K(163840K), 0.0028040 secs] [Times: user=0.02 sys=0.00, real=0.00 secs] 
91.173: Total time for which application threads were stopped: 0.0030000 seconds, Stopping threads took: 0.0001160 seconds
91.184: Application time: 0.0103440 seconds
91.184: [GC [PSYoungGen: 50119K->6636K(50176K)] 122266K->80922K(163840K), 0.0028670 secs] [Times: user=0.03 sys=0.00, real=0.00 secs] 
91.187: Total time for which application threads were stopped: 0.0030740 seconds, Stopping threads took: 0.0001210 seconds
91.199: Application time: 0.0118300 seconds
91.199: [GC [PSYoungGen: 50123K->6620K(50176K)] 124408K->84468K(163840K), 0.0033610 secs] [Times: user=0.03 sys=0.00, real=0.01 secs] 
91.202: Total time for which application threads were stopped: 0.0035220 seconds, Stopping threads took: 0.0000780 seconds
91.221: Application time: 0.0192630 seconds
91.222: [GC [PSYoungGen: 50102K->6604K(50176K)] 127950K->87302K(163840K), 0.0032360 secs] [Times: user=0.02 sys=0.00, real=0.01 secs] 
91.225: Total time for which application threads were stopped: 0.0034070 seconds, Stopping threads took: 0.0000880 seconds
91.264: Application time: 0.0392090 seconds
91.264: [GC [PSYoungGen: 50107K->5988K(50176K)] 130805K->91673K(163840K), 0.0033420 secs] [Times: user=0.02 sys=0.00, real=0.00 secs] 
91.268: Total time for which application threads were stopped: 0.0034940 seconds, Stopping threads took: 0.0000600 seconds
91.435: Application time: 0.1675600 seconds
91.435: [GC [PSYoungGen: 49476K->6652K(50176K)] 135161K->102373K(163840K), 0.0049270 secs] [Times: user=0.04 sys=0.00, real=0.00 secs] 
91.440: Total time for which application threads were stopped: 0.0050810 seconds, Stopping threads took: 0.0000700 seconds
91.648: Application time: 0.2082420 seconds
91.649: [GC [PSYoungGen: 50148K->5956K(50176K)] 145869K->113813K(163840K), 0.0052140 secs] [Times: user=0.04 sys=0.00, real=0.01 secs] 
91.654: [Full GC [PSYoungGen: 5956K->0K(50176K)] [ParOldGen: 107857K->28407K(113664K)] 113813K->28407K(163840K) [PSPermGen: 6087K->6087K(21504K)], 0.0109190 secs] [Times: user=0.06 sys=0.01, real=0.01 secs] 
91.665: Total time for which application threads were stopped: 0.0163360 seconds, Stopping threads took: 0.0000660 seconds
91.845: Application time: 0.1800990 seconds
91.845: [GC [PSYoungGen: 43488K->6444K(50176K)] 71895K->44827K(163840K), 0.0049140 secs] [Times: user=0.03 sys=0.00, real=0.01 secs] 
91.850: Total time for which application threads were stopped: 0.0050920 seconds, Stopping threads took: 0.0000730 seconds
92.045: Application time: 0.1946720 seconds
92.045: [GC [PSYoungGen: 49932K->6540K(50176K)] 88315K->54898K(163840K), 0.0048720 secs] [Times: user=0.04 sys=0.00, real=0.00 secs] 
92.050: Total time for which application threads were stopped: 0.0050090 seconds, Stopping threads took: 0.0000540 seconds
92.222: Application time: 0.1722720 seconds
92.222: [GC [PSYoungGen: 50036K->6572K(50176K)] 98395K->66331K(163840K), 0.0052750 secs] [Times: user=0.03 sys=0.00, real=0.00 secs] 
92.227: Total time for which application threads were stopped: 0.0054530 seconds, Stopping threads took: 0.0000910 seconds
92.421: Application time: 0.1931840 seconds
92.421: [GC [PSYoungGen: 50078K->6636K(50176K)] 109836K->77082K(163840K), 0.0049710 secs] [Times: user=0.04 sys=0.00, real=0.01 secs] 
92.426: Total time for which application threads were stopped: 0.0051220 seconds, Stopping threads took: 0.0000580 seconds
92.578: Application time: 0.1523360 seconds
92.578: [GC [PSYoungGen: 50125K->6636K(50176K)] 120571K->87066K(163840K), 0.0049330 secs] [Times: user=0.04 sys=0.00, real=0.01 secs] 
92.583: Total time for which application threads were stopped: 0.0050840 seconds, Stopping threads took: 0.0000680 seconds
92.747: Application time: 0.1636900 seconds
92.747: [GC [PSYoungGen: 50126K->6636K(50176K)] 130555K->96329K(163840K), 0.0047240 secs] [Times: user=0.03 sys=0.00, real=0.01 secs] 
92.752: Total time for which application threads were stopped: 0.0048760 seconds, Stopping threads took: 0.0000680 seconds
92.906: Application time: 0.1545720 seconds
92.906: [GC [PSYoungGen: 50118K->6636K(50176K)] 139810K->106305K(163840K), 0.0049350 secs] [Times: user=0.03 sys=0.00, real=0.01 secs] 
92.911: [Full GC [PSYoungGen: 6636K->0K(50176K)] [ParOldGen: 99668K->27695K(113664K)] 106305K->27695K(163840K) [PSPermGen: 6087K->6087K(21504K)], 0.0107610 secs] [Times: user=0.06 sys=0.00, real=0.01 secs] 
92.922: Total time for which application threads were stopped: 0.0159050 seconds, Stopping threads took: 0.0000740 seconds
93.077: Application time: 0.1543890 seconds
93.077: [GC [PSYoungGen: 43490K->6541K(50176K)] 71186K->44925K(163840K), 0.0051350 secs] [Times: user=0.04 sys=0.00, real=0.00 secs] 
93.082: Total time for which application threads were stopped: 0.0053000 seconds, Stopping threads took: 0.0000640 seconds
93.222: Application time: 0.1396820 seconds
93.222: [GC [PSYoungGen: 50058K->6637K(50176K)] 88442K->56422K(163840K), 0.0053620 secs] [Times: user=0.05 sys=0.00, real=0.01 secs] 
93.227: Total time for which application threads were stopped: 0.0055290 seconds, Stopping threads took: 0.0000790 seconds
93.376: Application time: 0.1488640 seconds
93.376: [GC [PSYoungGen: 50137K->6637K(50176K)] 99923K->65694K(163840K), 0.0046530 secs] [Times: user=0.04 sys=0.00, real=0.00 secs] 
93.381: Total time for which application threads were stopped: 0.0047960 seconds, Stopping threads took: 0.0000620 seconds
93.514: Application time: 0.1332500 seconds
93.514: [GC [PSYoungGen: 50120K->6637K(50176K)] 109177K->74965K(163840K), 0.0047460 secs] [Times: user=0.04 sys=0.00, real=0.00 secs] 
93.519: Total time for which application threads were stopped: 0.0048950 seconds, Stopping threads took: 0.0000640 seconds
93.662: Application time: 0.1435150 seconds
93.663: [GC [PSYoungGen: 50129K->5956K(50176K)] 118457K->85686K(163840K), 0.0052030 secs] [Times: user=0.04 sys=0.00, real=0.00 secs] 
93.668: Total time for which application threads were stopped: 0.0053700 seconds, Stopping threads took: 0.0000650 seconds
93.825: Application time: 0.1572790 seconds
93.825: [GC [PSYoungGen: 49448K->6637K(50176K)] 129178K->95638K(163840K), 0.0047590 secs] [Times: user=0.03 sys=0.01, real=0.01 secs] 
93.830: Total time for which application threads were stopped: 0.0049150 seconds, Stopping threads took: 0.0000610 seconds
93.984: Application time: 0.1541330 seconds
93.984: [GC [PSYoungGen: 50120K->6637K(50176K)] 139121K->104902K(163840K), 0.0047780 secs] [Times: user=0.04 sys=0.00, real=0.00 secs] 
93.989: Total time for which application threads were stopped: 0.0049380 seconds, Stopping threads took: 0.0000740 seconds
94.145: Application time: 0.1556710 seconds
94.145: [GC [PSYoungGen: 50136K->6605K(50176K)] 148401K->115558K(163840K), 0.0051350 secs] [Times: user=0.03 sys=0.00, real=0.01 secs] 
94.150: [Full GC [PSYoungGen: 6605K->0K(50176K)] [ParOldGen: 108953K->30546K(113664K)] 115558K->30546K(163840K) [PSPermGen: 6087K->6087K(21504K)], 0.0111050 secs] [Times: user=0.07 sys=0.00, real=0.00 secs] 
94.161: Total time for which application threads were stopped: 0.0164390 seconds, Stopping threads took: 0.0000650 seconds
94.216: Application time: 0.0547490 seconds
94.216: [GC [PSYoungGen: 43517K->6509K(50176K)] 74064K->42756K(163840K), 0.0038800 secs] [Times: user=0.03 sys=0.00, real=0.00 secs] 
94.220: Total time for which application threads were stopped: 0.0040570 seconds, Stopping threads took: 0.0000790 seconds
94.236: Application time: 0.0157600 seconds
94.236: [GC [PSYoungGen: 49931K->6557K(50176K)] 86178K->42804K(163840K), 0.0023650 secs] [Times: user=0.01 sys=0.00, real=0.00 secs] 
94.238: Total time for which application threads were stopped: 0.0025660 seconds, Stopping threads took: 0.0001150 seconds
94.250: Application time: 0.0120500 seconds
94.251: [GC [PSYoungGen: 49414K->6541K(50176K)] 85662K->47776K(163840K), 0.0037180 secs] [Times: user=0.02 sys=0.00, real=0.00 secs] 
94.254: Total time for which application threads were stopped: 0.0038840 seconds, Stopping threads took: 0.0000860 seconds
94.264: Application time: 0.0099020 seconds
94.264: [GC [PSYoungGen: 50021K->6604K(50176K)] 91257K->49265K(163840K), 0.0026150 secs] [Times: user=0.02 sys=0.00, real=0.00 secs] 
94.267: Total time for which application threads were stopped: 0.0029150 seconds, Stopping threads took: 0.0002170 seconds
94.281: Application time: 0.0138370 seconds
94.281: [GC [PSYoungGen: 50094K->6573K(50176K)] 92754K->54221K(163840K), 0.0037630 secs] [Times: user=0.03 sys=0.00, real=0.01 secs] 
94.285: Total time for which application threads were stopped: 0.0039530 seconds, Stopping threads took: 0.0001050 seconds
94.301: Application time: 0.0160950 seconds
94.301: [GC [PSYoungGen: 50054K->6605K(50176K)] 97702K->54253K(163840K), 0.0023680 secs] [Times: user=0.02 sys=0.00, real=0.01 secs] 
94.304: Total time for which application threads were stopped: 0.0025400 seconds, Stopping threads took: 0.0000920 seconds
94.355: Application time: 0.0510120 seconds
94.355: [GC [PSYoungGen: 49414K->6636K(50176K)] 97063K->61418K(163840K), 0.0042040 secs] [Times: user=0.03 sys=0.00, real=0.00 secs] 
94.359: Total time for which application threads were stopped: 0.0045420 seconds, Stopping threads took: 0.0002540 seconds
94.374: Application time: 0.0151800 seconds
94.374: [GC [PSYoungGen: 50114K->6572K(50176K)] 104896K->64917K(163840K), 0.0033890 secs] [Times: user=0.02 sys=0.00, real=0.00 secs] 
94.378: Total time for which application threads were stopped: 0.0035640 seconds, Stopping threads took: 0.0000910 seconds
94.397: Application time: 0.0191210 seconds
94.397: [GC [PSYoungGen: 50062K->6637K(50176K)] 108406K->67119K(163840K), 0.0029740 secs] [Times: user=0.02 sys=0.00, real=0.00 secs] 
94.400: Total time for which application threads were stopped: 0.0031410 seconds, Stopping threads took: 0.0000860 seconds
94.450: Application time: 0.0496230 seconds
94.450: [GC [PSYoungGen: 50127K->6604K(50176K)] 110609K->73499K(163840K), 0.0039290 secs] [Times: user=0.03 sys=0.00, real=0.01 secs] 
94.454: Total time for which application threads were stopped: 0.0040940 seconds, Stopping threads took: 0.0000810 seconds
94.482: Application time: 0.0283430 seconds
94.482: [GC [PSYoungGen: 50115K->6636K(50176K)] 117010K->77838K(163840K), 0.0037140 secs] [Times: user=0.02 sys=0.00, real=0.00 secs] 
94.486: Total time for which application threads were stopped: 0.0038820 seconds, Stopping threads took: 0.0000810 seconds
94.501: Application time: 0.0147700 seconds
94.501: [GC [PSYoungGen: 50119K->6636K(50176K)] 121322K->84972K(163840K), 0.0043440 secs] [Times: user=0.03 sys=0.00, real=0.01 secs] 
94.505: Total time for which application threads were stopped: 0.0045150 seconds, Stopping threads took: 0.0000850 seconds
94.520: Application time: 0.0143280 seconds
94.520: [GC [PSYoungGen: 50118K->6637K(50176K)] 128453K->84972K(163840K), 0.0023830 secs] [Times: user=0.01 sys=0.00, real=0.01 secs] 
94.522: Total time for which application threads were stopped: 0.0025500 seconds, Stopping threads took: 0.0000850 seconds
94.593: Application time: 0.0702890 seconds
94.593: [GC [PSYoungGen: 49448K->6652K(50176K)] 127783K->95676K(163840K), 0.0053720 secs] [Times: user=0.03 sys=0.00, real=0.00 secs] 
94.598: Total time for which application threads were stopped: 0.0055520 seconds, Stopping threads took: 0.0000930 seconds
94.615: Application time: 0.0164560 seconds
94.615: [GC [PSYoungGen: 50138K->6652K(50176K)] 139162K->99967K(163840K), 0.0034590 secs] [Times: user=0.03 sys=0.00, real=0.00 secs] 
94.618: Total time for which application threads were stopped: 0.0036180 seconds, Stopping threads took: 0.0000670 seconds
94.635: Application time: 0.0165780 seconds
94.635: [GC [PSYoungGen: 50136K->6653K(50176K)] 143451K->104274K(163840K), 0.0038340 secs] [Times: user=0.02 sys=0.00, real=0.00 secs] 
94.639: Total time for which application threads were stopped: 0.0040200 seconds, Stopping threads took: 0.0000840 seconds
94.696: Application time: 0.0575120 seconds
94.696: [GC [PSYoungGen: 50144K->6636K(50176K)] 147766K->112848K(163840K), 0.0246000 secs] [Times: user=0.17 sys=0.00, real=0.02 secs] 
94.721: [Full GC [PSYoungGen: 6636K->0K(50176K)] [ParOldGen: 106212K->26983K(113664K)] 112848K->26983K(163840K) [PSPermGen: 6087K->6087K(21504K)], 0.0105910 secs] [Times: user=0.06 sys=0.00, real=0.02 secs] 
94.732: Total time for which application threads were stopped: 0.0354310 seconds, Stopping threads took: 0.0001110 seconds
94.893: Application time: 0.1608350 seconds
94.893: [GC [PSYoungGen: 43387K->6492K(50176K)] 70370K->40601K(163840K), 0.0040800 secs] [Times: user=0.03 sys=0.00, real=0.00 secs] 
94.897: Total time for which application threads were stopped: 0.0042370 seconds, Stopping threads took: 0.0000670 seconds
94.918: Application time: 0.0211910 seconds
94.918: [GC [PSYoungGen: 49381K->6540K(50176K)] 83490K->44924K(163840K), 0.0035480 secs] [Times: user=0.02 sys=0.00, real=0.00 secs] 
94.922: Total time for which application threads were stopped: 0.0037110 seconds, Stopping threads took: 0.0000790 seconds
94.940: Application time: 0.0179370 seconds
94.940: [GC [PSYoungGen: 50019K->6604K(50176K)] 88403K->46413K(163840K), 0.0027740 secs] [Times: user=0.02 sys=0.00, real=0.01 secs] 
94.943: Total time for which application threads were stopped: 0.0029420 seconds, Stopping threads took: 0.0000840 seconds
94.954: Application time: 0.0112060 seconds
94.954: [GC [PSYoungGen: 50088K->6572K(50176K)] 89897K->49944K(163840K), 0.0033630 secs] [Times: user=0.02 sys=0.00, real=0.00 secs] 
94.957: Total time for which application threads were stopped: 0.0035450 seconds, Stopping threads took: 0.0000920 seconds
95.050: Application time: 0.0924310 seconds
95.050: [GC [PSYoungGen: 49383K->6508K(50176K)] 92755K->60568K(163840K), 0.0053270 secs] [Times: user=0.04 sys=0.00, real=0.01 secs] 
95.055: Total time for which application threads were stopped: 0.0054950 seconds, Stopping threads took: 0.0000820 seconds
95.070: Application time: 0.0151930 seconds
95.071: [GC [PSYoungGen: 49790K->6652K(50176K)] 103849K->62849K(163840K), 0.0027920 secs] [Times: user=0.02 sys=0.00, real=0.00 secs] 
95.073: Total time for which application threads were stopped: 0.0029380 seconds, Stopping threads took: 0.0000660 seconds
95.088: Application time: 0.0142540 seconds
95.088: [GC [PSYoungGen: 49652K->6620K(50176K)] 105849K->66380K(163840K), 0.0034030 secs] [Times: user=0.02 sys=0.01, real=0.01 secs] 
95.091: Total time for which application threads were stopped: 0.0037710 seconds, Stopping threads took: 0.0002800 seconds
95.102: Application time: 0.0101230 seconds
95.102: [GC [PSYoungGen: 50101K->6636K(50176K)] 109860K->67845K(163840K), 0.0027790 secs] [Times: user=0.02 sys=0.00, real=0.01 secs] 
95.105: Total time for which application threads were stopped: 0.0031710 seconds, Stopping threads took: 0.0003100 seconds
95.116: Application time: 0.0111690 seconds
95.116: [GC [PSYoungGen: 50133K->6620K(50176K)] 111342K->72817K(163840K), 0.0034810 secs] [Times: user=0.02 sys=0.00, real=0.00 secs] 
95.120: Total time for which application threads were stopped: 0.0036410 seconds, Stopping threads took: 0.0000760 seconds
95.138: Application time: 0.0186550 seconds
95.138: [GC [PSYoungGen: 50100K->6636K(50176K)] 116297K->74971K(163840K), 0.0030070 secs] [Times: user=0.03 sys=0.00, real=0.00 secs] 
95.141: Total time for which application threads were stopped: 0.0031730 seconds, Stopping threads took: 0.0000820 seconds
95.220: Application time: 0.0785290 seconds
95.220: [GC [PSYoungGen: 50129K->6620K(50176K)] 118463K->85642K(163840K), 0.0050750 secs] [Times: user=0.04 sys=0.00, real=0.01 secs] 
95.225: Total time for which application threads were stopped: 0.0052370 seconds, Stopping threads took: 0.0000710 seconds
95.411: Application time: 0.1857890 seconds
95.411: [GC [PSYoungGen: 50125K->6652K(50176K)] 129147K->97082K(163840K), 0.0053440 secs] [Times: user=0.04 sys=0.00, real=0.00 secs] 
95.416: Total time for which application threads were stopped: 0.0055180 seconds, Stopping threads took: 0.0000810 seconds
95.603: Application time: 0.1861810 seconds
95.603: [GC [PSYoungGen: 50146K->6004K(50176K)] 140577K->107122K(163840K), 0.0048720 secs] [Times: user=0.03 sys=0.00, real=0.00 secs] 
95.608: [Full GC [PSYoungGen: 6004K->0K(50176K)] [ParOldGen: 101118K->27695K(113664K)] 107122K->27695K(163840K) [PSPermGen: 6087K->6087K(21504K)], 0.0109120 secs] [Times: user=0.07 sys=0.00, real=0.01 secs] 
95.619: Total time for which application threads were stopped: 0.0159810 seconds, Stopping threads took: 0.0000650 seconds
95.815: Application time: 0.1965060 seconds
95.815: [GC [PSYoungGen: 43479K->6412K(50176K)] 71175K->44083K(163840K), 0.0048820 secs] [Times: user=0.04 sys=0.00, real=0.00 secs] 
95.820: Total time for which application threads were stopped: 0.0050340 seconds, Stopping threads took: 0.0000640 seconds
96.031: Application time: 0.2106940 seconds
96.031: [GC [PSYoungGen: 49906K->6572K(50176K)] 87577K->54218K(163840K), 0.0049720 secs] [Times: user=0.04 sys=0.00, real=0.00 secs] 
96.036: Total time for which application threads were stopped: 0.0051440 seconds, Stopping threads took: 0.0000720 seconds
96.231: Application time: 0.1948140 seconds
96.231: [GC [PSYoungGen: 50060K->6572K(50176K)] 97706K->63481K(163840K), 0.0046400 secs] [Times: user=0.04 sys=0.00, real=0.00 secs] 
96.236: Total time for which application threads were stopped: 0.0047840 seconds, Stopping threads took: 0.0000620 seconds
96.413: Application time: 0.1776440 seconds
96.413: [GC [PSYoungGen: 50086K->6636K(50176K)] 106995K->74241K(163840K), 0.0050670 secs] [Times: user=0.04 sys=0.00, real=0.00 secs] 
96.418: Total time for which application threads were stopped: 0.0052090 seconds, Stopping threads took: 0.0000590 seconds
96.575: Application time: 0.1566620 seconds
96.575: [GC [PSYoungGen: 50125K->5956K(50176K)] 117730K->83536K(163840K), 0.0046000 secs] [Times: user=0.04 sys=0.00, real=0.00 secs] 
96.580: Total time for which application threads were stopped: 0.0047710 seconds, Stopping threads took: 0.0000800 seconds
96.723: Application time: 0.1427760 seconds
96.723: [GC [PSYoungGen: 49437K->6636K(50176K)] 127017K->94200K(163840K), 0.0049820 secs] [Times: user=0.03 sys=0.00, real=0.00 secs] 
96.728: Total time for which application threads were stopped: 0.0051340 seconds, Stopping threads took: 0.0000680 seconds
96.903: Application time: 0.1750610 seconds
96.903: [GC [PSYoungGen: 50127K->6636K(50176K)] 137690K->103471K(163840K), 0.0046580 secs] [Times: user=0.03 sys=0.00, real=0.00 secs] 
96.908: Total time for which application threads were stopped: 0.0048320 seconds, Stopping threads took: 0.0000890 seconds
97.050: Application time: 0.1421680 seconds
97.050: [GC [PSYoungGen: 50128K->6637K(50176K)] 146962K->112743K(163840K), 0.0047130 secs] [Times: user=0.04 sys=0.00, real=0.00 secs] 
97.055: [Full GC [PSYoungGen: 6637K->0K(50176K)] [ParOldGen: 106106K->24846K(113664K)] 112743K->24846K(163840K) [PSPermGen: 6087K->6087K(21504K)], 0.0100110 secs] [Times: user=0.05 sys=0.00, real=0.01 secs] 
97.065: Total time for which application threads were stopped: 0.0149430 seconds, Stopping threads took: 0.0000830 seconds
97.189: Application time: 0.1245390 seconds
97.189: [GC [PSYoungGen: 43508K->6573K(50176K)] 68355K->41395K(163840K), 0.0049610 secs] [Times: user=0.04 sys=0.00, real=0.01 secs] 
97.194: Total time for which application threads were stopped: 0.0051270 seconds, Stopping threads took: 0.0000670 seconds
97.340: Application time: 0.1451560 seconds
97.340: [GC [PSYoungGen: 50073K->6637K(50176K)] 84896K->52156K(163840K), 0.0051440 secs] [Times: user=0.04 sys=0.00, real=0.01 secs] 
97.345: Total time for which application threads were stopped: 0.0053290 seconds, Stopping threads took: 0.0000920 seconds
97.510: Application time: 0.1654770 seconds
97.511: [GC [PSYoungGen: 50129K->6637K(50176K)] 95648K->61420K(163840K), 0.0046850 secs] [Times: user=0.04 sys=0.00, real=0.00 secs] 
97.515: Total time for which application threads were stopped: 0.0048390 seconds, Stopping threads took: 0.0000700 seconds
97.667: Application time: 0.1519060 seconds
97.667: [GC [PSYoungGen: 50120K->6637K(50176K)] 104903K->70683K(163840K), 0.0045850 secs] [Times: user=0.03 sys=0.00, real=0.01 secs] 
97.672: Total time for which application threads were stopped: 0.0047240 seconds, Stopping threads took: 0.0000580 seconds
97.801: Application time: 0.1286290 seconds
97.801: [GC [PSYoungGen: 50128K->6637K(50176K)] 114175K->80659K(163840K), 0.0049830 secs] [Times: user=0.04 sys=0.00, real=0.01 secs] 
97.806: Total time for which application threads were stopped: 0.0051640 seconds, Stopping threads took: 0.0000870 seconds
97.958: Application time: 0.1521120 seconds
97.958: [GC [PSYoungGen: 50128K->6637K(50176K)] 124150K->89930K(163840K), 0.0048740 secs] [Times: user=0.03 sys=0.00, real=0.01 secs] 
97.963: Total time for which application threads were stopped: 0.0050380 seconds, Stopping threads took: 0.0000820 seconds
98.125: Application time: 0.1625420 seconds
98.126: [GC [PSYoungGen: 50127K->5956K(50176K)] 133421K->99226K(163840K), 0.0047410 secs] [Times: user=0.03 sys=0.00, real=0.01 secs] 
98.130: Total time for which application threads were stopped: 0.0049320 seconds, Stopping threads took: 0.0001050 seconds
98.158: Application time: 0.0272110 seconds
98.158: [GC [PSYoungGen: 49467K->5956K(50176K)] 142736K->103501K(163840K), 0.0033690 secs] [Times: user=0.03 sys=0.00, real=0.00 secs] 
98.161: Total time for which application threads were stopped: 0.0035460 seconds, Stopping threads took: 0.0000920 seconds
98.178: Application time: 0.0167920 seconds
98.178: [GC [PSYoungGen: 49462K->6020K(50176K)] 147007K->104990K(163840K), 0.0026330 secs] [Times: user=0.02 sys=0.00, real=0.00 secs] 
98.181: [Full GC [PSYoungGen: 6020K->0K(50176K)] [ParOldGen: 98970K->26276K(113664K)] 104990K->26276K(163840K) [PSPermGen: 6087K->6087K(21504K)], 0.0103010 secs] [Times: user=0.06 sys=0.00, real=0.02 secs] 
98.191: Total time for which application threads were stopped: 0.0131760 seconds, Stopping threads took: 0.0001060 seconds
98.202: Application time: 0.0113700 seconds
98.203: [GC [PSYoungGen: 43489K->5179K(50176K)] 69766K->31456K(163840K), 0.0018230 secs] [Times: user=0.01 sys=0.00, real=0.00 secs] 
98.204: Total time for which application threads were stopped: 0.0019750 seconds, Stopping threads took: 0.0000730 seconds
98.215: Application time: 0.0100830 seconds
98.215: [GC [PSYoungGen: 48667K->6572K(50176K)] 74944K->34987K(163840K), 0.0027970 secs] [Times: user=0.02 sys=0.00, real=0.00 secs] 
98.217: Total time for which application threads were stopped: 0.0029490 seconds, Stopping threads took: 0.0000710 seconds
98.235: Application time: 0.0171820 seconds
98.235: [GC [PSYoungGen: 50048K->6637K(50176K)] 78463K->35051K(163840K), 0.0023230 secs] [Times: user=0.02 sys=0.00, real=0.00 secs] 
98.237: Total time for which application threads were stopped: 0.0024930 seconds, Stopping threads took: 0.0000820 seconds
98.250: Application time: 0.0128450 seconds
98.250: [GC [PSYoungGen: 50121K->6572K(50176K)] 78535K->39262K(163840K), 0.0035010 secs] [Times: user=0.02 sys=0.00, real=0.00 secs] 
98.254: Total time for which application threads were stopped: 0.0036670 seconds, Stopping threads took: 0.0000810 seconds
98.305: Application time: 0.0513350 seconds
98.305: [GC [PSYoungGen: 50092K->6572K(50176K)] 82782K->47813K(163840K), 0.0046500 secs] [Times: user=0.04 sys=0.00, real=0.00 secs] 
98.310: Total time for which application threads were stopped: 0.0048310 seconds, Stopping threads took: 0.0000820 seconds
98.330: Application time: 0.0204840 seconds
98.330: [GC [PSYoungGen: 50057K->6636K(50176K)] 91297K->49302K(163840K), 0.0027790 secs] [Times: user=0.02 sys=0.00, real=0.00 secs] 
98.333: Total time for which application threads were stopped: 0.0029480 seconds, Stopping threads took: 0.0000760 seconds
98.348: Application time: 0.0147780 seconds
98.348: [GC [PSYoungGen: 49635K->6604K(50176K)] 92300K->50695K(163840K), 0.0026940 secs] [Times: user=0.01 sys=0.00, real=0.01 secs] 
98.351: Total time for which application threads were stopped: 0.0028520 seconds, Stopping threads took: 0.0000730 seconds
98.369: Application time: 0.0185530 seconds
98.370: [GC [PSYoungGen: 49896K->6652K(50176K)] 93987K->55731K(163840K), 0.0037590 secs] [Times: user=0.03 sys=0.00, real=0.01 secs] 
98.373: Total time for which application threads were stopped: 0.0039350 seconds, Stopping threads took: 0.0000880 seconds
98.390: Application time: 0.0164890 seconds
98.390: [GC [PSYoungGen: 50136K->6636K(50176K)] 99215K->58565K(163840K), 0.0030560 secs] [Times: user=0.02 sys=0.00, real=0.00 secs] 
98.393: Total time for which application threads were stopped: 0.0032210 seconds, Stopping threads took: 0.0000840 seconds
98.409: Application time: 0.0162380 seconds
98.409: [GC [PSYoungGen: 50120K->6605K(50176K)] 102049K->61383K(163840K), 0.0032240 secs] [Times: user=0.03 sys=0.00, real=0.01 secs] 
98.413: Total time for which application threads were stopped: 0.0033990 seconds, Stopping threads took: 0.0000890 seconds
98.485: Application time: 0.0725690 seconds
98.485: [GC [PSYoungGen: 50096K->6636K(50176K)] 104875K->70678K(163840K), 0.0046990 secs] [Times: user=0.03 sys=0.00, real=0.01 secs] 
98.490: Total time for which application threads were stopped: 0.0048450 seconds, Stopping threads took: 0.0000640 seconds
98.557: Application time: 0.0666470 seconds
98.557: [GC [PSYoungGen: 50151K->6636K(50176K)] 114193K->80669K(163840K), 0.0051330 secs] [Times: user=0.03 sys=0.00, real=0.01 secs] 
98.562: Total time for which application threads were stopped: 0.0053010 seconds, Stopping threads took: 0.0000820 seconds
98.578: Application time: 0.0158020 seconds
98.578: [GC [PSYoungGen: 50121K->6636K(50176K)] 124154K->81382K(163840K), 0.0025390 secs] [Times: user=0.02 sys=0.00, real=0.00 secs] 
98.581: Total time for which application threads were stopped: 0.0027640 seconds, Stopping threads took: 0.0001410 seconds
98.594: Application time: 0.0136390 seconds
98.594: [GC [PSYoungGen: 50123K->6652K(50176K)] 124869K->87811K(163840K), 0.0041700 secs] [Times: user=0.04 sys=0.00, real=0.00 secs] 
98.599: Total time for which application threads were stopped: 0.0043450 seconds, Stopping threads took: 0.0000910 seconds
98.701: Application time: 0.1023420 seconds
98.701: [GC [PSYoungGen: 50144K->6636K(50176K)] 131303K->97770K(163840K), 0.0049490 secs] [Times: user=0.04 sys=0.00, real=0.01 secs] 
98.706: Total time for which application threads were stopped: 0.0050970 seconds, Stopping threads took: 0.0000640 seconds
98.795: Application time: 0.0885320 seconds
98.795: [GC [PSYoungGen: 50151K->6636K(50176K)] 141285K->108474K(163840K), 0.0053980 secs] [Times: user=0.04 sys=0.00, real=0.00 secs] 
98.800: [Full GC [PSYoungGen: 6636K->0K(50176K)] [ParOldGen: 101837K->26983K(113664K)] 108474K->26983K(163840K) [PSPermGen: 6088K->6088K(21504K)], 0.0109780 secs] [Times: user=0.06 sys=0.00, real=0.02 secs] 
98.811: Total time for which application threads were stopped: 0.0166210 seconds, Stopping threads took: 0.0001100 seconds
98.827: Application time: 0.0155440 seconds
98.827: [GC [PSYoungGen: 43488K->6540K(50176K)] 70472K->34949K(163840K), 0.0026580 secs] [Times: user=0.02 sys=0.00, real=0.00 secs] 
98.830: Total time for which application threads were stopped: 0.0028280 seconds, Stopping threads took: 0.0000730 seconds
98.845: Application time: 0.0157900 seconds
98.846: [GC [PSYoungGen: 50023K->6540K(50176K)] 78432K->37800K(163840K), 0.0031120 secs] [Times: user=0.03 sys=0.00, real=0.00 secs] 
98.849: Total time for which application threads were stopped: 0.0032760 seconds, Stopping threads took: 0.0000770 seconds
98.940: Application time: 0.0910270 seconds
98.940: [GC [PSYoungGen: 50032K->6508K(50176K)] 81291K->47743K(163840K), 0.0048930 secs] [Times: user=0.04 sys=0.00, real=0.01 secs] 
98.945: Total time for which application threads were stopped: 0.0050460 seconds, Stopping threads took: 0.0000630 seconds
99.059: Application time: 0.1141000 seconds
99.059: [GC [PSYoungGen: 50023K->6604K(50176K)] 91257K->58526K(163840K), 0.0053530 secs] [Times: user=0.04 sys=0.00, real=0.01 secs] 
99.064: Total time for which application threads were stopped: 0.0055260 seconds, Stopping threads took: 0.0000870 seconds
99.083: Application time: 0.0187310 seconds
99.083: [GC [PSYoungGen: 50086K->6604K(50176K)] 102009K->59952K(163840K), 0.0025820 secs] [Times: user=0.02 sys=0.00, real=0.00 secs] 
99.086: Total time for which application threads were stopped: 0.0027440 seconds, Stopping threads took: 0.0000780 seconds
99.103: Application time: 0.0173330 seconds
99.103: [GC [PSYoungGen: 50094K->6540K(50176K)] 103441K->63450K(163840K), 0.0033690 secs] [Times: user=0.02 sys=0.00, real=0.00 secs] 
99.107: Total time for which application threads were stopped: 0.0035520 seconds, Stopping threads took: 0.0001020 seconds
99.156: Application time: 0.0496080 seconds
99.157: [GC [PSYoungGen: 50038K->6540K(50176K)] 106948K->72713K(163840K), 0.0046830 secs] [Times: user=0.03 sys=0.00, real=0.00 secs] 
99.161: Total time for which application threads were stopped: 0.0048310 seconds, Stopping threads took: 0.0000630 seconds
99.216: Application time: 0.0549120 seconds
99.216: [GC [PSYoungGen: 50057K->6636K(50176K)] 116230K->82072K(163840K), 0.0048990 secs] [Times: user=0.04 sys=0.00, real=0.00 secs] 
99.221: Total time for which application threads were stopped: 0.0050790 seconds, Stopping threads took: 0.0000940 seconds
99.238: Application time: 0.0162940 seconds
99.238: [GC [PSYoungGen: 50113K->6604K(50176K)] 125549K->83465K(163840K), 0.0027580 secs] [Times: user=0.02 sys=0.00, real=0.00 secs] 
99.240: Total time for which application threads were stopped: 0.0029340 seconds, Stopping threads took: 0.0000870 seconds
99.254: Application time: 0.0133710 seconds
99.254: [GC [PSYoungGen: 50087K->6636K(50176K)] 126948K->85659K(163840K), 0.0030070 secs] [Times: user=0.01 sys=0.00, real=0.00 secs] 
99.257: Total time for which application threads were stopped: 0.0031850 seconds, Stopping threads took: 0.0000880 seconds
99.404: Application time: 0.1472160 seconds
99.404: [GC [PSYoungGen: 50139K->6636K(50176K)] 129161K->96390K(163840K), 0.0050300 secs] [Times: user=0.04 sys=0.00, real=0.00 secs] 
99.409: Total time for which application threads were stopped: 0.0051940 seconds, Stopping threads took: 0.0000720 seconds
99.592: Application time: 0.1825280 seconds
99.592: [GC [PSYoungGen: 50124K->6636K(50176K)] 139878K->107086K(163840K), 0.0051670 secs] [Times: user=0.04 sys=0.00, real=0.00 secs] 
99.597: [Full GC [PSYoungGen: 6636K->0K(50176K)] [ParOldGen: 100449K->29121K(113664K)] 107086K->29121K(163840K) [PSPermGen: 6089K->6089K(21504K)], 0.0106630 secs] [Times: user=0.06 sys=0.00, real=0.01 secs] 
99.608: Total time for which application threads were stopped: 0.0160250 seconds, Stopping threads took: 0.0000630 seconds
99.807: Application time: 0.1986550 seconds
99.807: [GC [PSYoungGen: 43488K->6508K(50176K)] 72609K->45605K(163840K), 0.0049180 secs] [Times: user=0.03 sys=0.00, real=0.01 secs] 
99.812: Total time for which application threads were stopped: 0.0050950 seconds, Stopping threads took: 0.0000880 seconds
100.010: Application time: 0.1979570 seconds
100.010: [GC [PSYoungGen: 49994K->6572K(50176K)] 89091K->54931K(163840K), 0.0047250 secs] [Times: user=0.03 sys=0.00, real=0.01 secs] 
100.015: Total time for which application threads were stopped: 0.0048910 seconds, Stopping threads took: 0.0000730 seconds
100.216: Application time: 0.2018090 seconds
100.217: [GC [PSYoungGen: 50067K->6604K(50176K)] 98426K->63514K(163840K), 0.0045050 secs] [Times: user=0.04 sys=0.00, real=0.00 secs] 
100.221: Total time for which application threads were stopped: 0.0046630 seconds, Stopping threads took: 0.0000750 seconds
100.377: Application time: 0.1562060 seconds
100.377: [GC [PSYoungGen: 50118K->6636K(50176K)] 107027K->74946K(163840K), 0.0052500 secs] [Times: user=0.03 sys=0.00, real=0.01 secs] 
100.383: Total time for which application threads were stopped: 0.0054050 seconds, Stopping threads took: 0.0000720 seconds
100.532: Application time: 0.1492810 seconds
100.532: [GC [PSYoungGen: 50117K->5956K(50176K)] 118427K->84241K(163840K), 0.0047340 secs] [Times: user=0.04 sys=0.00, real=0.00 secs] 
100.537: Total time for which application threads were stopped: 0.0049060 seconds, Stopping threads took: 0.0000770 seconds
100.710: Application time: 0.1728900 seconds
100.710: [GC [PSYoungGen: 49437K->5956K(50176K)] 127722K->93504K(163840K), 0.0045250 secs] [Times: user=0.03 sys=0.00, real=0.00 secs] 
100.715: Total time for which application threads were stopped: 0.0049450 seconds, Stopping threads took: 0.0003330 seconds
100.866: Application time: 0.1517090 seconds
100.867: [GC [PSYoungGen: 49447K->6637K(50176K)] 136995K->104881K(163840K), 0.0051710 secs] [Times: user=0.03 sys=0.00, real=0.01 secs] 
100.872: [Full GC [PSYoungGen: 6637K->0K(50176K)] [ParOldGen: 98244K->26984K(113664K)] 104881K->26984K(163840K) [PSPermGen: 6089K->6089K(21504K)], 0.0104900 secs] [Times: user=0.06 sys=0.00, real=0.01 secs] 
100.882: Total time for which application threads were stopped: 0.0158610 seconds, Stopping threads took: 0.0000690 seconds
101.049: Application time: 0.1665360 seconds
101.049: [GC [PSYoungGen: 43491K->6541K(50176K)] 70476K->42789K(163840K), 0.0046450 secs] [Times: user=0.03 sys=0.00, real=0.01 secs] 
101.054: Total time for which application threads were stopped: 0.0047970 seconds, Stopping threads took: 0.0000580 seconds
101.166: Application time: 0.1123530 seconds
101.166: [GC [PSYoungGen: 50041K->6605K(50176K)] 86289K->53541K(163840K), 0.0051680 secs] [Times: user=0.04 sys=0.00, real=0.01 secs] 
101.171: Total time for which application threads were stopped: 0.0053290 seconds, Stopping threads took: 0.0000780 seconds
101.322: Application time: 0.1507190 seconds
101.322: [GC [PSYoungGen: 50122K->6637K(50176K)] 97059K->64983K(163840K), 0.0052950 secs] [Times: user=0.04 sys=0.00, real=0.00 secs] 
101.328: Total time for which application threads were stopped: 0.0054610 seconds, Stopping threads took: 0.0000790 seconds
101.482: Application time: 0.1540760 seconds
101.482: [GC [PSYoungGen: 50120K->6573K(50176K)] 108466K->74182K(163840K), 0.0047890 secs] [Times: user=0.03 sys=0.00, real=0.01 secs] 
101.487: Total time for which application threads were stopped: 0.0049450 seconds, Stopping threads took: 0.0000720 seconds
101.643: Application time: 0.1562990 seconds
101.643: [GC [PSYoungGen: 50064K->5956K(50176K)] 117674K->83542K(163840K), 0.0046090 secs] [Times: user=0.03 sys=0.00, real=0.00 secs] 
101.648: Total time for which application threads were stopped: 0.0047580 seconds, Stopping threads took: 0.0000540 seconds
101.801: Application time: 0.1529830 seconds
101.801: [GC [PSYoungGen: 49439K->6637K(50176K)] 127024K->94206K(163840K), 0.0049750 secs] [Times: user=0.04 sys=0.00, real=0.01 secs] 
101.806: Total time for which application threads were stopped: 0.0051240 seconds, Stopping threads took: 0.0000670 seconds
101.956: Application time: 0.1503400 seconds
101.956: [GC [PSYoungGen: 50127K->6637K(50176K)] 137697K->103469K(163840K), 0.0047280 secs] [Times: user=0.04 sys=0.00, real=0.00 secs] 
101.961: Total time for which application threads were stopped: 0.0048720 seconds, Stopping threads took: 0.0000620 seconds
102.044: Application time: 0.0835640 seconds
102.045: [GC [PSYoungGen: 50152K->6636K(50176K)] 146985K->114182K(163840K), 0.0053800 secs] [Times: user=0.04 sys=0.00, real=0.01 secs] 
102.050: [Full GC [PSYoungGen: 6636K->0K(50176K)] [ParOldGen: 107545K->30041K(113664K)] 114182K->30041K(163840K) [PSPermGen: 6089K->6089K(21504K)], 0.0107940 secs] [Times: user=0.07 sys=0.00, real=0.00 secs] 
102.061: Total time for which application threads were stopped: 0.0163980 seconds, Stopping threads took: 0.0000820 seconds
102.077: Application time: 0.0164140 seconds
102.077: [GC [PSYoungGen: 43484K->4435K(50176K)] 73525K->34476K(163840K), 0.0016430 secs] [Times: user=0.01 sys=0.00, real=0.00 secs] 
102.079: Total time for which application threads were stopped: 0.0018140 seconds, Stopping threads took: 0.0000870 seconds
102.096: Application time: 0.0166840 seconds
102.096: [GC [PSYoungGen: 47918K->5892K(50176K)] 77959K->35933K(163840K), 0.0019840 secs] [Times: user=0.02 sys=0.00, real=0.00 secs] 
102.098: Total time for which application threads were stopped: 0.0021690 seconds, Stopping threads took: 0.0001030 seconds
102.173: Application time: 0.0752840 seconds
102.173: [GC [PSYoungGen: 49393K->6476K(50176K)] 79434K->46493K(163840K), 0.0048920 secs] [Times: user=0.04 sys=0.00, real=0.00 secs] 
102.178: Total time for which application threads were stopped: 0.0050460 seconds, Stopping threads took: 0.0000620 seconds
102.208: Application time: 0.0292670 seconds
102.208: [GC [PSYoungGen: 49991K->6572K(50176K)] 90008K->53715K(163840K), 0.0042840 secs] [Times: user=0.03 sys=0.00, real=0.01 secs] 
102.212: Total time for which application threads were stopped: 0.0044560 seconds, Stopping threads took: 0.0000860 seconds
102.228: Application time: 0.0164490 seconds
102.229: [GC [PSYoungGen: 49935K->5908K(50176K)] 97078K->53050K(163840K), 0.0021660 secs] [Times: user=0.01 sys=0.00, real=0.01 secs] 
102.231: Total time for which application threads were stopped: 0.0023380 seconds, Stopping threads took: 0.0000870 seconds
102.243: Application time: 0.0119230 seconds
102.243: [GC [PSYoungGen: 48827K->6652K(50176K)] 95969K->54531K(163840K), 0.0025580 secs] [Times: user=0.01 sys=0.00, real=0.00 secs] 
102.245: Total time for which application threads were stopped: 0.0027190 seconds, Stopping threads took: 0.0000770 seconds
102.256: Application time: 0.0104010 seconds
102.256: [GC [PSYoungGen: 50156K->6636K(50176K)] 98035K->56661K(163840K), 0.0028320 secs] [Times: user=0.02 sys=0.00, real=0.00 secs] 
102.259: Total time for which application threads were stopped: 0.0031040 seconds, Stopping threads took: 0.0001920 seconds
102.269: Application time: 0.0104670 seconds
102.270: [GC [PSYoungGen: 50129K->6636K(50176K)] 100153K->61701K(163840K), 0.0037050 secs] [Times: user=0.03 sys=0.00, real=0.01 secs] 
102.273: Total time for which application threads were stopped: 0.0039360 seconds, Stopping threads took: 0.0001480 seconds
102.284: Application time: 0.0108800 seconds
102.285: [GC [PSYoungGen: 50123K->6620K(50176K)] 105187K->65960K(163840K), 0.0035020 secs] [Times: user=0.02 sys=0.00, real=0.00 secs] 
102.288: Total time for which application threads were stopped: 0.0038600 seconds, Stopping threads took: 0.0002710 seconds
102.299: Application time: 0.0107730 seconds
102.299: [GC [PSYoungGen: 50102K->6589K(50176K)] 109442K->68066K(163840K), 0.0029570 secs] [Times: user=0.02 sys=0.00, real=0.01 secs] 
102.302: Total time for which application threads were stopped: 0.0034210 seconds, Stopping threads took: 0.0003800 seconds
102.312: Application time: 0.0099170 seconds
102.313: [GC [PSYoungGen: 50072K->6637K(50176K)] 111549K->69539K(163840K), 0.0027540 secs] [Times: user=0.02 sys=0.00, real=0.00 secs] 
102.315: Total time for which application threads were stopped: 0.0031560 seconds, Stopping threads took: 0.0003180 seconds
102.325: Application time: 0.0099120 seconds
102.325: [GC [PSYoungGen: 50127K->6636K(50176K)] 113029K->71684K(163840K), 0.0030090 secs] [Times: user=0.02 sys=0.00, real=0.00 secs] 
102.329: Total time for which application threads were stopped: 0.0032020 seconds, Stopping threads took: 0.0001030 seconds
102.381: Application time: 0.0522460 seconds
102.381: [GC [PSYoungGen: 49446K->6636K(50176K)] 114494K->80979K(163840K), 0.0049060 secs] [Times: user=0.04 sys=0.00, real=0.01 secs] 
102.386: Total time for which application threads were stopped: 0.0050820 seconds, Stopping threads took: 0.0000880 seconds
102.402: Application time: 0.0160940 seconds
102.402: [GC [PSYoungGen: 50120K->6620K(50176K)] 124463K->83101K(163840K), 0.0029920 secs] [Times: user=0.02 sys=0.00, real=0.00 secs] 
102.405: Total time for which application threads were stopped: 0.0031790 seconds, Stopping threads took: 0.0001050 seconds
102.422: Application time: 0.0169970 seconds
102.422: [GC [PSYoungGen: 50103K->6637K(50176K)] 126584K->85255K(163840K), 0.0030220 secs] [Times: user=0.02 sys=0.00, real=0.00 secs] 
102.425: Total time for which application threads were stopped: 0.0031890 seconds, Stopping threads took: 0.0000810 seconds
102.503: Application time: 0.0773540 seconds
102.503: [GC [PSYoungGen: 50129K->6636K(50176K)] 128747K->95942K(163840K), 0.0051210 secs] [Times: user=0.03 sys=0.00, real=0.00 secs] 
102.508: Total time for which application threads were stopped: 0.0052730 seconds, Stopping threads took: 0.0000680 seconds
102.629: Application time: 0.1213230 seconds
102.629: [GC [PSYoungGen: 50152K->6652K(50176K)] 139458K->105990K(163840K), 0.0051420 secs] [Times: user=0.04 sys=0.00, real=0.01 secs] 
102.635: [Full GC [PSYoungGen: 6652K->0K(50176K)] [ParOldGen: 99337K->26272K(113664K)] 105990K->26272K(163840K) [PSPermGen: 6090K->6090K(21504K)], 0.0107250 secs] [Times: user=0.05 sys=0.00, real=0.01 secs] 
102.645: Total time for which application threads were stopped: 0.0161030 seconds, Stopping threads took: 0.0001000 seconds
102.662: Application time: 0.0162840 seconds
102.662: [GC [PSYoungGen: 43475K->4435K(50176K)] 69747K->30707K(163840K), 0.0016270 secs] [Times: user=0.01 sys=0.00, real=0.01 secs] 
102.663: Total time for which application threads were stopped: 0.0017860 seconds, Stopping threads took: 0.0000850 seconds
102.683: Application time: 0.0193020 seconds
102.683: [GC [PSYoungGen: 47924K->6572K(50176K)] 74196K->32845K(163840K), 0.0022850 secs] [Times: user=0.02 sys=0.00, real=0.00 secs] 
102.685: Total time for which application threads were stopped: 0.0024580 seconds, Stopping threads took: 0.0000750 seconds
102.734: Application time: 0.0484390 seconds
102.734: [GC [PSYoungGen: 50064K->6476K(50176K)] 76336K->42011K(163840K), 0.0047220 secs] [Times: user=0.04 sys=0.00, real=0.00 secs] 
102.739: Total time for which application threads were stopped: 0.0048710 seconds, Stopping threads took: 0.0000640 seconds
102.905: Application time: 0.1667980 seconds
102.905: [GC [PSYoungGen: 49956K->6508K(50176K)] 85491K->51306K(163840K), 0.0047130 secs] [Times: user=0.04 sys=0.00, real=0.01 secs] 
102.910: Total time for which application threads were stopped: 0.0048680 seconds, Stopping threads took: 0.0000700 seconds
102.950: Application time: 0.0402420 seconds
102.951: [GC [PSYoungGen: 50021K->6508K(50176K)] 94818K->57006K(163840K), 0.0039620 secs] [Times: user=0.02 sys=0.00, real=0.00 secs] 
102.955: Total time for which application threads were stopped: 0.0041390 seconds, Stopping threads took: 0.0000920 seconds
102.972: Application time: 0.0170490 seconds
102.972: [GC [PSYoungGen: 49990K->6476K(50176K)] 100488K->59112K(163840K), 0.0029340 secs] [Times: user=0.02 sys=0.00, real=0.00 secs] 
102.975: Total time for which application threads were stopped: 0.0031020 seconds, Stopping threads took: 0.0000820 seconds
102.987: Application time: 0.0125200 seconds
102.987: [GC [PSYoungGen: 49963K->6540K(50176K)] 102598K->62738K(163840K), 0.0033640 secs] [Times: user=0.03 sys=0.00, real=0.01 secs] 
102.991: Total time for which application threads were stopped: 0.0035370 seconds, Stopping threads took: 0.0000880 seconds
103.137: Application time: 0.1460610 seconds
103.137: [GC [PSYoungGen: 50035K->6508K(50176K)] 106233K->73394K(163840K), 0.0050610 secs] [Times: user=0.03 sys=0.00, real=0.01 secs] 
103.142: Total time for which application threads were stopped: 0.0052150 seconds, Stopping threads took: 0.0000710 seconds
103.242: Application time: 0.1001580 seconds
103.242: [GC [PSYoungGen: 49323K->6636K(50176K)] 116209K->84210K(163840K), 0.0052600 secs] [Times: user=0.02 sys=0.00, real=0.00 secs] 
103.248: Total time for which application threads were stopped: 0.0054250 seconds, Stopping threads took: 0.0000710 seconds
103.264: Application time: 0.0161210 seconds
103.264: [GC [PSYoungGen: 50131K->6020K(50176K)] 127704K->87156K(163840K), 0.0030130 secs] [Times: user=0.02 sys=0.00, real=0.00 secs] 
103.267: Total time for which application threads were stopped: 0.0034140 seconds, Stopping threads took: 0.0003090 seconds
103.284: Application time: 0.0165230 seconds
103.284: [GC [PSYoungGen: 49504K->5988K(50176K)] 130640K->91399K(163840K), 0.0033880 secs] [Times: user=0.02 sys=0.00, real=0.00 secs] 
103.287: Total time for which application threads were stopped: 0.0035810 seconds, Stopping threads took: 0.0001080 seconds
103.376: Application time: 0.0885670 seconds
103.376: [GC [PSYoungGen: 49486K->6636K(50176K)] 134898K->102091K(163840K), 0.0049350 secs] [Times: user=0.04 sys=0.00, real=0.00 secs] 
103.381: Total time for which application threads were stopped: 0.0050820 seconds, Stopping threads took: 0.0000610 seconds
103.580: Application time: 0.1994140 seconds
103.580: [GC [PSYoungGen: 50122K->6636K(50176K)] 145577K->111362K(163840K), 0.0047080 secs] [Times: user=0.03 sys=0.00, real=0.01 secs] 
103.585: [Full GC [PSYoungGen: 6636K->0K(50176K)] [ParOldGen: 104725K->28409K(113664K)] 111362K->28409K(163840K) [PSPermGen: 6090K->6090K(21504K)], 0.0108100 secs] [Times: user=0.06 sys=0.00, real=0.01 secs] 
103.596: Total time for which application threads were stopped: 0.0157190 seconds, Stopping threads took: 0.0000700 seconds
103.804: Application time: 0.2082910 seconds
103.804: [GC [PSYoungGen: 43479K->6412K(50176K)] 71889K->44797K(163840K), 0.0048610 secs] [Times: user=0.03 sys=0.00, real=0.00 secs] 
103.809: Total time for which application threads were stopped: 0.0050190 seconds, Stopping threads took: 0.0000620 seconds
103.999: Application time: 0.1894630 seconds
103.999: [GC [PSYoungGen: 49900K->6540K(50176K)] 88285K->54900K(163840K), 0.0049170 secs] [Times: user=0.03 sys=0.00, real=0.01 secs] 
104.004: Total time for which application threads were stopped: 0.0050570 seconds, Stopping threads took: 0.0000560 seconds
104.179: Application time: 0.1748140 seconds
104.179: [GC [PSYoungGen: 50035K->6636K(50176K)] 98395K->65684K(163840K), 0.0051100 secs] [Times: user=0.04 sys=0.00, real=0.01 secs] 
104.184: Total time for which application threads were stopped: 0.0052510 seconds, Stopping threads took: 0.0000570 seconds
104.354: Application time: 0.1695100 seconds
104.354: [GC [PSYoungGen: 50151K->6636K(50176K)] 109199K->77092K(163840K), 0.0052970 secs] [Times: user=0.04 sys=0.00, real=0.00 secs] 
104.359: Total time for which application threads were stopped: 0.0054860 seconds, Stopping threads took: 0.0000910 seconds
104.517: Application time: 0.1583550 seconds
104.517: [GC [PSYoungGen: 50117K->6636K(50176K)] 120573K->84930K(163840K), 0.0043430 secs] [Times: user=0.03 sys=0.00, real=0.00 secs] 
104.522: Total time for which application threads were stopped: 0.0045170 seconds, Stopping threads took: 0.0000900 seconds
104.682: Application time: 0.1602960 seconds
104.682: [GC [PSYoungGen: 50126K->5956K(50176K)] 128420K->94938K(163840K), 0.0049090 secs] [Times: user=0.04 sys=0.00, real=0.00 secs] 
104.687: Total time for which application threads were stopped: 0.0050590 seconds, Stopping threads took: 0.0000650 seconds
104.822: Application time: 0.1346520 seconds
104.822: [GC [PSYoungGen: 49438K->5956K(50176K)] 138420K->105626K(163840K), 0.0049680 secs] [Times: user=0.03 sys=0.00, real=0.00 secs] 
104.827: [Full GC [PSYoungGen: 5956K->0K(50176K)] [ParOldGen: 99670K->26985K(113664K)] 105626K->26985K(163840K) [PSPermGen: 6090K->6090K(21504K)], 0.0105660 secs] [Times: user=0.06 sys=0.00, real=0.01 secs] 
104.838: Total time for which application threads were stopped: 0.0157530 seconds, Stopping threads took: 0.0000750 seconds
104.977: Application time: 0.1390110 seconds
104.977: [GC [PSYoungGen: 43498K->6541K(50176K)] 70483K->43502K(163840K), 0.0048850 secs] [Times: user=0.04 sys=0.00, real=0.00 secs] 
104.982: Total time for which application threads were stopped: 0.0050520 seconds, Stopping threads took: 0.0000730 seconds
105.156: Application time: 0.1743740 seconds
105.156: [GC [PSYoungGen: 50033K->6605K(50176K)] 86994K->53542K(163840K), 0.0048850 secs] [Times: user=0.04 sys=0.00, real=0.00 secs] 
105.161: Total time for which application threads were stopped: 0.0050510 seconds, Stopping threads took: 0.0000720 seconds
105.310: Application time: 0.1485860 seconds
105.310: [GC [PSYoungGen: 50123K->6637K(50176K)] 97060K->64271K(163840K), 0.0050780 secs] [Times: user=0.04 sys=0.00, real=0.01 secs] 
105.315: Total time for which application threads were stopped: 0.0052300 seconds, Stopping threads took: 0.0000650 seconds
105.470: Application time: 0.1549140 seconds
105.470: [GC [PSYoungGen: 50129K->5956K(50176K)] 107763K->74992K(163840K), 0.0051310 secs] [Times: user=0.04 sys=0.00, real=0.00 secs] 
105.475: Total time for which application threads were stopped: 0.0052860 seconds, Stopping threads took: 0.0000660 seconds
105.605: Application time: 0.1302670 seconds
105.606: [GC [PSYoungGen: 49439K->6637K(50176K)] 118475K->84944K(163840K), 0.0047980 secs] [Times: user=0.03 sys=0.00, real=0.01 secs] 
105.610: Total time for which application threads were stopped: 0.0049590 seconds, Stopping threads took: 0.0000680 seconds
105.776: Application time: 0.1652320 seconds
105.776: [GC [PSYoungGen: 50119K->6637K(50176K)] 128426K->94207K(163840K), 0.0047240 secs] [Times: user=0.04 sys=0.00, real=0.00 secs] 
105.781: Total time for which application threads were stopped: 0.0048840 seconds, Stopping threads took: 0.0000730 seconds
105.926: Application time: 0.1459090 seconds
105.927: [GC [PSYoungGen: 50127K->6637K(50176K)] 137698K->104191K(163840K), 0.0049980 secs] [Times: user=0.03 sys=0.00, real=0.01 secs] 
105.932: Total time for which application threads were stopped: 0.0051540 seconds, Stopping threads took: 0.0000720 seconds
106.034: Application time: 0.1024850 seconds
106.034: [GC [PSYoungGen: 50152K->6636K(50176K)] 147706K->114174K(163840K), 0.0050910 secs] [Times: user=0.04 sys=0.00, real=0.00 secs] 
106.039: [Full GC [PSYoungGen: 6636K->0K(50176K)] [ParOldGen: 107537K->29328K(113664K)] 114174K->29328K(163840K) [PSPermGen: 6090K->6090K(21504K)], 0.0111080 secs] [Times: user=0.07 sys=0.00, real=0.02 secs] 
106.050: Total time for which application threads were stopped: 0.0164100 seconds, Stopping threads took: 0.0000740 seconds
106.067: Application time: 0.0161050 seconds
106.067: [GC [PSYoungGen: 43483K->3690K(50176K)] 72812K->33019K(163840K), 0.0014090 secs] [Times: user=0.01 sys=0.00, real=0.00 secs] 
106.068: Total time for which application threads were stopped: 0.0015630 seconds, Stopping threads took: 0.0000830 seconds
106.084: Application time: 0.0153900 seconds
106.084: [GC [PSYoungGen: 47174K->6508K(50176K)] 76503K->40113K(163840K), 0.0035020 secs] [Times: user=0.02 sys=0.01, real=0.00 secs] 
106.087: Total time for which application threads were stopped: 0.0036750 seconds, Stopping threads took: 0.0000900 seconds
106.153: Application time: 0.0661240 seconds
106.153: [GC [PSYoungGen: 50007K->6572K(50176K)] 83611K->47302K(163840K), 0.0041520 secs] [Times: user=0.03 sys=0.00, real=0.00 secs] 
106.158: Total time for which application threads were stopped: 0.0043100 seconds, Stopping threads took: 0.0000560 seconds
106.220: Application time: 0.0620520 seconds
106.220: [GC [PSYoungGen: 50091K->6572K(50176K)] 90821K->56565K(163840K), 0.0048850 secs] [Times: user=0.03 sys=0.00, real=0.01 secs] 
106.225: Total time for which application threads were stopped: 0.0050530 seconds, Stopping threads took: 0.0000830 seconds
106.239: Application time: 0.0140390 seconds
106.239: [GC [PSYoungGen: 50051K->6636K(50176K)] 100043K->60192K(163840K), 0.0034150 secs] [Times: user=0.02 sys=0.00, real=0.01 secs] 
106.242: Total time for which application threads were stopped: 0.0035880 seconds, Stopping threads took: 0.0000880 seconds
106.258: Application time: 0.0155070 seconds
106.258: [GC [PSYoungGen: 50118K->6637K(50176K)] 103673K->60192K(163840K), 0.0023710 secs] [Times: user=0.02 sys=0.00, real=0.00 secs] 
106.260: Total time for which application threads were stopped: 0.0025460 seconds, Stopping threads took: 0.0000920 seconds
106.283: Application time: 0.0226580 seconds
106.286: [GC [PSYoungGen: 49888K->6636K(50176K)] 103443K->64475K(163840K), 0.0034310 secs] [Times: user=0.03 sys=0.00, real=0.00 secs] 
106.290: Total time for which application threads were stopped: 0.0064430 seconds, Stopping threads took: 0.0029190 seconds
106.306: Application time: 0.0159860 seconds
106.306: [GC [PSYoungGen: 49709K->6636K(50176K)] 107548K->67325K(163840K), 0.0030560 secs] [Times: user=0.02 sys=0.00, real=0.00 secs] 
106.309: Total time for which application threads were stopped: 0.0034310 seconds, Stopping threads took: 0.0002890 seconds
106.321: Application time: 0.0115560 seconds
106.321: [GC [PSYoungGen: 50111K->6637K(50176K)] 110799K->71616K(163840K), 0.0035970 secs] [Times: user=0.03 sys=0.00, real=0.01 secs] 
106.324: Total time for which application threads were stopped: 0.0037810 seconds, Stopping threads took: 0.0001000 seconds
106.335: Application time: 0.0111260 seconds
106.336: [GC [PSYoungGen: 50123K->6637K(50176K)] 115103K->73073K(163840K), 0.0027670 secs] [Times: user=0.02 sys=0.00, real=0.00 secs] 
106.338: Total time for which application threads were stopped: 0.0029410 seconds, Stopping threads took: 0.0000890 seconds
106.351: Application time: 0.0121400 seconds
106.351: [GC [PSYoungGen: 50124K->6636K(50176K)] 116561K->74498K(163840K), 0.0038940 secs] [Times: user=0.02 sys=0.00, real=0.00 secs] 
106.355: Total time for which application threads were stopped: 0.0040610 seconds, Stopping threads took: 0.0000840 seconds
106.370: Application time: 0.0155080 seconds
106.370: [GC [PSYoungGen: 50121K->6636K(50176K)] 117983K->76644K(163840K), 0.0028630 secs] [Times: user=0.02 sys=0.00, real=0.00 secs] 
106.373: Total time for which application threads were stopped: 0.0031230 seconds, Stopping threads took: 0.0001760 seconds
106.392: Application time: 0.0188240 seconds
106.392: [GC [PSYoungGen: 50155K->6652K(50176K)] 120162K->81664K(163840K), 0.0038260 secs] [Times: user=0.02 sys=0.00, real=0.00 secs] 
106.396: Total time for which application threads were stopped: 0.0039880 seconds, Stopping threads took: 0.0000770 seconds
106.412: Application time: 0.0161250 seconds
106.412: [GC [PSYoungGen: 50136K->6636K(50176K)] 125147K->85210K(163840K), 0.0031980 secs] [Times: user=0.03 sys=0.00, real=0.00 secs] 
106.416: Total time for which application threads were stopped: 0.0033810 seconds, Stopping threads took: 0.0000970 seconds
106.433: Application time: 0.0177430 seconds
106.433: [GC [PSYoungGen: 50118K->6636K(50176K)] 128692K->86635K(163840K), 0.0027270 secs] [Times: user=0.02 sys=0.00, real=0.00 secs] 
106.436: Total time for which application threads were stopped: 0.0029530 seconds, Stopping threads took: 0.0001400 seconds
106.483: Application time: 0.0467330 seconds
106.483: [GC [PSYoungGen: 49447K->6636K(50176K)] 129446K->95234K(163840K), 0.0045440 secs] [Times: user=0.03 sys=0.00, real=0.00 secs] 
106.488: Total time for which application threads were stopped: 0.0046940 seconds, Stopping threads took: 0.0000670 seconds
106.506: Application time: 0.0184170 seconds
106.506: [GC [PSYoungGen: 50110K->6020K(50176K)] 138707K->97467K(163840K), 0.0029700 secs] [Times: user=0.02 sys=0.00, real=0.00 secs] 
106.509: Total time for which application threads were stopped: 0.0031220 seconds, Stopping threads took: 0.0000700 seconds
106.526: Application time: 0.0172570 seconds
106.527: [GC [PSYoungGen: 49502K->6604K(50176K)] 140950K->102359K(163840K), 0.0035720 secs] [Times: user=0.02 sys=0.00, real=0.01 secs] 
106.530: Total time for which application threads were stopped: 0.0037310 seconds, Stopping threads took: 0.0000750 seconds
106.543: Application time: 0.0128150 seconds
106.543: [GC [PSYoungGen: 50086K->6004K(50176K)] 145841K->102487K(163840K), 0.0023850 secs] [Times: user=0.02 sys=0.00, real=0.00 secs] 
106.546: Total time for which application threads were stopped: 0.0025450 seconds, Stopping threads took: 0.0000740 seconds
106.714: Application time: 0.1684640 seconds
106.714: [GC [PSYoungGen: 49492K->6636K(50176K)] 145976K->111702K(163840K), 0.0045620 secs] [Times: user=0.03 sys=0.00, real=0.00 secs] 
106.719: [Full GC [PSYoungGen: 6636K->0K(50176K)] [ParOldGen: 105065K->24846K(113664K)] 111702K->24846K(163840K) [PSPermGen: 6090K->6090K(21504K)], 0.0103080 secs] [Times: user=0.05 sys=0.00, real=0.01 secs] 
106.729: Total time for which application threads were stopped: 0.0152640 seconds, Stopping threads took: 0.0002410 seconds
106.758: Application time: 0.0283000 seconds
106.758: [GC [PSYoungGen: 43511K->6572K(50176K)] 68358K->33557K(163840K), 0.0028120 secs] [Times: user=0.02 sys=0.00, real=0.00 secs] 
106.761: Total time for which application threads were stopped: 0.0029880 seconds, Stopping threads took: 0.0000920 seconds
106.777: Application time: 0.0160130 seconds
106.777: [GC [PSYoungGen: 50054K->6508K(50176K)] 77038K->39905K(163840K), 0.0041260 secs] [Times: user=0.03 sys=0.00, real=0.00 secs] 
106.781: Total time for which application threads were stopped: 0.0043020 seconds, Stopping threads took: 0.0000890 seconds
106.795: Application time: 0.0136850 seconds
106.795: [GC [PSYoungGen: 49989K->6508K(50176K)] 83386K->39905K(163840K), 0.0023600 secs] [Times: user=0.01 sys=0.00, real=0.00 secs] 
106.797: Total time for which application threads were stopped: 0.0025390 seconds, Stopping threads took: 0.0000960 seconds
106.957: Application time: 0.1600290 seconds
106.957: [GC [PSYoungGen: 49997K->6476K(50176K)] 83394K->50561K(163840K), 0.0050410 secs] [Times: user=0.04 sys=0.00, real=0.01 secs] 
106.962: Total time for which application threads were stopped: 0.0051870 seconds, Stopping threads took: 0.0000630 seconds
107.132: Application time: 0.1698440 seconds
107.132: [GC [PSYoungGen: 49996K->6636K(50176K)] 94081K->60696K(163840K), 0.0048050 secs] [Times: user=0.04 sys=0.00, real=0.00 secs] 
107.137: Total time for which application threads were stopped: 0.0049560 seconds, Stopping threads took: 0.0000650 seconds
107.155: Application time: 0.0178280 seconds
107.155: [GC [PSYoungGen: 50114K->6604K(50176K)] 104174K->65652K(163840K), 0.0038040 secs] [Times: user=0.03 sys=0.00, real=0.00 secs] 
107.159: Total time for which application threads were stopped: 0.0039650 seconds, Stopping threads took: 0.0000750 seconds
107.176: Application time: 0.0171230 seconds
107.176: [GC [PSYoungGen: 50085K->6604K(50176K)] 109132K->69215K(163840K), 0.0033840 secs] [Times: user=0.02 sys=0.00, real=0.00 secs] 
107.180: Total time for which application threads were stopped: 0.0035570 seconds, Stopping threads took: 0.0000880 seconds
107.194: Application time: 0.0141720 seconds
107.194: [GC [PSYoungGen: 50095K->6636K(50176K)] 112705K->69262K(163840K), 0.0022190 secs] [Times: user=0.02 sys=0.00, real=0.00 secs] 
107.196: Total time for which application threads were stopped: 0.0023820 seconds, Stopping threads took: 0.0000810 seconds
107.380: Application time: 0.1835180 seconds
107.380: [GC [PSYoungGen: 50143K->6636K(50176K)] 112769K->80671K(163840K), 0.0052020 secs] [Times: user=0.04 sys=0.00, real=0.01 secs] 
107.385: Total time for which application threads were stopped: 0.0053640 seconds, Stopping threads took: 0.0000700 seconds
107.580: Application time: 0.1953960 seconds
107.581: [GC [PSYoungGen: 50124K->6652K(50176K)] 124159K->90674K(163840K), 0.0049120 secs] [Times: user=0.03 sys=0.00, real=0.01 secs] 
107.586: Total time for which application threads were stopped: 0.0050890 seconds, Stopping threads took: 0.0000900 seconds
107.766: Application time: 0.1803320 seconds
107.766: [GC [PSYoungGen: 50140K->5972K(50176K)] 134162K->101394K(163840K), 0.0051490 secs] [Times: user=0.04 sys=0.00, real=0.01 secs] 
107.771: Total time for which application threads were stopped: 0.0053150 seconds, Stopping threads took: 0.0000790 seconds
107.966: Application time: 0.1947390 seconds
107.966: [GC [PSYoungGen: 49451K->5972K(50176K)] 144873K->110656K(163840K), 0.0044690 secs] [Times: user=0.04 sys=0.00, real=0.01 secs] 
107.971: [Full GC [PSYoungGen: 5972K->0K(50176K)] [ParOldGen: 104684K->29121K(113664K)] 110656K->29121K(163840K) [PSPermGen: 6090K->6090K(21504K)], 0.0109660 secs] [Times: user=0.06 sys=0.00, real=0.00 secs] 
107.982: Total time for which application threads were stopped: 0.0158700 seconds, Stopping threads took: 0.0002900 seconds
108.175: Application time: 0.1931550 seconds
108.175: [GC [PSYoungGen: 43505K->6572K(50176K)] 72626K->47094K(163840K), 0.0052460 secs] [Times: user=0.04 sys=0.00, real=0.00 secs] 
108.180: Total time for which application threads were stopped: 0.0053870 seconds, Stopping threads took: 0.0000590 seconds
108.366: Application time: 0.1853110 seconds
108.366: [GC [PSYoungGen: 50069K->6636K(50176K)] 90592K->56421K(163840K), 0.0045750 secs] [Times: user=0.03 sys=0.00, real=0.01 secs] 
108.370: Total time for which application threads were stopped: 0.0047150 seconds, Stopping threads took: 0.0000600 seconds
108.510: Application time: 0.1396570 seconds
108.510: [GC [PSYoungGen: 50134K->6636K(50176K)] 99919K->66405K(163840K), 0.0049340 secs] [Times: user=0.03 sys=0.00, real=0.00 secs] 
108.515: Total time for which application threads were stopped: 0.0050870 seconds, Stopping threads took: 0.0000570 seconds
108.668: Application time: 0.1531710 seconds
108.668: [GC [PSYoungGen: 50126K->6636K(50176K)] 109894K->75676K(163840K), 0.0047070 secs] [Times: user=0.03 sys=0.00, real=0.01 secs] 
108.673: Total time for which application threads were stopped: 0.0048570 seconds, Stopping threads took: 0.0000640 seconds
108.822: Application time: 0.1487140 seconds
108.822: [GC [PSYoungGen: 50118K->6637K(50176K)] 119158K->84947K(163840K), 0.0047350 secs] [Times: user=0.03 sys=0.00, real=0.00 secs] 
108.827: Total time for which application threads were stopped: 0.0048830 seconds, Stopping threads took: 0.0000590 seconds
108.968: Application time: 0.1416230 seconds
108.969: [GC [PSYoungGen: 50128K->6637K(50176K)] 128438K->95644K(163840K), 0.0051950 secs] [Times: user=0.03 sys=0.00, real=0.01 secs] 
108.974: Total time for which application threads were stopped: 0.0053670 seconds, Stopping threads took: 0.0000900 seconds
109.126: Application time: 0.1519850 seconds
109.126: [GC [PSYoungGen: 50137K->6637K(50176K)] 139145K->105620K(163840K), 0.0049340 secs] [Times: user=0.04 sys=0.00, real=0.01 secs] 
109.131: [Full GC [PSYoungGen: 6637K->0K(50176K)] [ParOldGen: 98983K->25561K(113664K)] 105620K->25561K(163840K) [PSPermGen: 6090K->6090K(21504K)], 0.0100370 secs] [Times: user=0.05 sys=0.00, real=0.00 secs] 
109.141: Total time for which application threads were stopped: 0.0151840 seconds, Stopping threads took: 0.0000660 seconds
109.277: Application time: 0.1358250 seconds
109.277: [GC [PSYoungGen: 43500K->6605K(50176K)] 69062K->41430K(163840K), 0.0046400 secs] [Times: user=0.03 sys=0.00, real=0.00 secs] 
109.282: Total time for which application threads were stopped: 0.0047910 seconds, Stopping threads took: 0.0000650 seconds
109.404: Application time: 0.1220660 seconds
109.404: [GC [PSYoungGen: 50103K->6605K(50176K)] 84928K->51406K(163840K), 0.0049150 secs] [Times: user=0.04 sys=0.00, real=0.00 secs] 
109.409: Total time for which application threads were stopped: 0.0050650 seconds, Stopping threads took: 0.0000660 seconds
109.553: Application time: 0.1444640 seconds
109.553: [GC [PSYoungGen: 50097K->6637K(50176K)] 94898K->59989K(163840K), 0.0044610 secs] [Times: user=0.04 sys=0.00, real=0.00 secs] 
109.558: Total time for which application threads were stopped: 0.0046280 seconds, Stopping threads took: 0.0000820 seconds
109.723: Application time: 0.1656830 seconds
109.724: [GC [PSYoungGen: 50119K->6637K(50176K)] 103472K->69252K(163840K), 0.0047930 secs] [Times: user=0.04 sys=0.00, real=0.00 secs] 
109.728: Total time for which application threads were stopped: 0.0049750 seconds, Stopping threads took: 0.0000880 seconds
109.795: Application time: 0.0666390 seconds
109.795: [GC [PSYoungGen: 50154K->6605K(50176K)] 112770K->77771K(163840K), 0.0047100 secs] [Times: user=0.03 sys=0.00, real=0.00 secs] 
109.800: Total time for which application threads were stopped: 0.0048740 seconds, Stopping threads took: 0.0000750 seconds
109.815: Application time: 0.0148030 seconds
109.815: [GC [PSYoungGen: 50083K->6637K(50176K)] 121250K->79244K(163840K), 0.0026630 secs] [Times: user=0.02 sys=0.00, real=0.00 secs] 
109.818: Total time for which application threads were stopped: 0.0028280 seconds, Stopping threads took: 0.0000730 seconds
109.838: Application time: 0.0205660 seconds
109.838: [GC [PSYoungGen: 50127K->6637K(50176K)] 122735K->87090K(163840K), 0.0045280 secs] [Times: user=0.03 sys=0.00, real=0.01 secs] 
109.843: Total time for which application threads were stopped: 0.0046990 seconds, Stopping threads took: 0.0000840 seconds
109.913: Application time: 0.0697900 seconds
109.913: [GC [PSYoungGen: 50136K->6636K(50176K)] 130590K->96362K(163840K), 0.0047770 secs] [Times: user=0.04 sys=0.00, real=0.00 secs] 
109.918: Total time for which application threads were stopped: 0.0049280 seconds, Stopping threads took: 0.0000680 seconds
109.996: Application time: 0.0779010 seconds
109.996: [GC [PSYoungGen: 50152K->5988K(50176K)] 139877K->104976K(163840K), 0.0046220 secs] [Times: user=0.04 sys=0.00, real=0.00 secs] 
110.001: Total time for which application threads were stopped: 0.0051250 seconds, Stopping threads took: 0.0004130 seconds
110.017: Application time: 0.0166630 seconds
110.017: [GC [PSYoungGen: 49472K->5956K(50176K)] 148460K->107082K(163840K), 0.0028520 secs] [Times: user=0.02 sys=0.00, real=0.00 secs] 
110.020: [Full GC [PSYoungGen: 5956K->0K(50176K)] [ParOldGen: 101125K->30605K(113664K)] 107082K->30605K(163840K) [PSPermGen: 6090K->6090K(21504K)], 0.0105310 secs] [Times: user=0.06 sys=0.00, real=0.02 secs] 
110.031: Total time for which application threads were stopped: 0.0135910 seconds, Stopping threads took: 0.0000720 seconds
110.047: Application time: 0.0158990 seconds
110.047: [GC [PSYoungGen: 43483K->3722K(50176K)] 74088K->34328K(163840K), 0.0014750 secs] [Times: user=0.01 sys=0.00, real=0.00 secs] 
110.048: Total time for which application threads were stopped: 0.0016270 seconds, Stopping threads took: 0.0000790 seconds
110.141: Application time: 0.0924950 seconds
110.141: [GC [PSYoungGen: 47215K->6476K(50176K)] 77820K->47058K(163840K), 0.0048450 secs] [Times: user=0.03 sys=0.00, real=0.01 secs] 
110.146: Total time for which application threads were stopped: 0.0049990 seconds, Stopping threads took: 0.0000700 seconds
110.253: Application time: 0.1072630 seconds
110.253: [GC [PSYoungGen: 49992K->6636K(50176K)] 90573K->57906K(163840K), 0.0052520 secs] [Times: user=0.04 sys=0.00, real=0.00 secs] 
110.259: Total time for which application threads were stopped: 0.0054540 seconds, Stopping threads took: 0.0001030 seconds
110.273: Application time: 0.0142620 seconds
110.273: [GC [PSYoungGen: 50143K->6636K(50176K)] 101412K->62181K(163840K), 0.0034690 secs] [Times: user=0.02 sys=0.00, real=0.00 secs] 
110.277: Total time for which application threads were stopped: 0.0036450 seconds, Stopping threads took: 0.0000900 seconds
110.290: Application time: 0.0133780 seconds
110.290: [GC [PSYoungGen: 50123K->6604K(50176K)] 105668K->64287K(163840K), 0.0028660 secs] [Times: user=0.02 sys=0.00, real=0.00 secs] 
110.293: Total time for which application threads were stopped: 0.0033830 seconds, Stopping threads took: 0.0004340 seconds
110.304: Application time: 0.0110900 seconds
110.305: [GC [PSYoungGen: 50088K->6604K(50176K)] 107770K->66424K(163840K), 0.0029120 secs] [Times: user=0.02 sys=0.00, real=0.00 secs] 
110.308: Total time for which application threads were stopped: 0.0030900 seconds, Stopping threads took: 0.0000910 seconds
110.317: Application time: 0.0095200 seconds
110.317: [GC [PSYoungGen: 50086K->6636K(50176K)] 109906K->67881K(163840K), 0.0027920 secs] [Times: user=0.02 sys=0.00, real=0.00 secs] 
110.320: Total time for which application threads were stopped: 0.0029500 seconds, Stopping threads took: 0.0000790 seconds
110.335: Application time: 0.0153670 seconds
110.336: [GC [PSYoungGen: 50128K->6653K(50176K)] 111373K->72181K(163840K), 0.0034110 secs] [Times: user=0.03 sys=0.00, real=0.00 secs] 
110.339: Total time for which application threads were stopped: 0.0040030 seconds, Stopping threads took: 0.0005060 seconds
110.354: Application time: 0.0146710 seconds
110.354: [GC [PSYoungGen: 50168K->6636K(50176K)] 115697K->74302K(163840K), 0.0030130 secs] [Times: user=0.02 sys=0.00, real=0.00 secs] 
110.357: Total time for which application threads were stopped: 0.0032170 seconds, Stopping threads took: 0.0001150 seconds
110.372: Application time: 0.0151620 seconds
110.373: [GC [PSYoungGen: 50114K->6604K(50176K)] 117780K->79258K(163840K), 0.0037870 secs] [Times: user=0.03 sys=0.00, real=0.00 secs] 
110.376: Total time for which application threads were stopped: 0.0039760 seconds, Stopping threads took: 0.0001020 seconds
110.395: Application time: 0.0190800 seconds
110.396: [GC [PSYoungGen: 50086K->6636K(50176K)] 122740K->80715K(163840K), 0.0028290 secs] [Times: user=0.02 sys=0.00, real=0.00 secs] 
110.398: Total time for which application threads were stopped: 0.0030010 seconds, Stopping threads took: 0.0000890 seconds
110.439: Application time: 0.0409280 seconds
110.439: [GC [PSYoungGen: 50131K->6636K(50176K)] 124210K->85719K(163840K), 0.0035140 secs] [Times: user=0.02 sys=0.00, real=0.01 secs] 
110.443: Total time for which application threads were stopped: 0.0036620 seconds, Stopping threads took: 0.0000640 seconds
110.470: Application time: 0.0272730 seconds
110.470: [GC [PSYoungGen: 50149K->6652K(50176K)] 129231K->92163K(163840K), 0.0041940 secs] [Times: user=0.03 sys=0.00, real=0.00 secs] 
110.475: Total time for which application threads were stopped: 0.0043560 seconds, Stopping threads took: 0.0000760 seconds
110.490: Application time: 0.0158110 seconds
110.491: [GC [PSYoungGen: 50132K->6652K(50176K)] 135643K->95030K(163840K), 0.0030970 secs] [Times: user=0.02 sys=0.00, real=0.00 secs] 
110.494: Total time for which application threads were stopped: 0.0032520 seconds, Stopping threads took: 0.0000700 seconds
110.507: Application time: 0.0135380 seconds
110.507: [GC [PSYoungGen: 50137K->6652K(50176K)] 138514K->98592K(163840K), 0.0034170 secs] [Times: user=0.03 sys=0.00, real=0.01 secs] 
110.511: Total time for which application threads were stopped: 0.0035860 seconds, Stopping threads took: 0.0000850 seconds
110.635: Application time: 0.1245620 seconds
110.636: [GC [PSYoungGen: 49461K->6636K(50176K)] 141401K->108595K(163840K), 0.0067860 secs] [Times: user=0.04 sys=0.00, real=0.01 secs] 
110.643: [Full GC [PSYoungGen: 6636K->0K(50176K)] [ParOldGen: 101959K->24847K(113664K)] 108595K->24847K(163840K) [PSPermGen: 6090K->6090K(21504K)], 0.0109670 secs] [Times: user=0.06 sys=0.00, real=0.01 secs] 
110.654: Total time for which application threads were stopped: 0.0182910 seconds, Stopping threads took: 0.0004070 seconds
110.670: Application time: 0.0165810 seconds
110.670: [GC [PSYoungGen: 43477K->6508K(50176K)] 68325K->33494K(163840K), 0.0027650 secs] [Times: user=0.02 sys=0.00, real=0.00 secs] 
110.673: Total time for which application threads were stopped: 0.0029210 seconds, Stopping threads took: 0.0000710 seconds
110.691: Application time: 0.0180150 seconds
110.691: [GC [PSYoungGen: 49989K->6476K(50176K)] 76974K->37737K(163840K), 0.0035110 secs] [Times: user=0.02 sys=0.00, real=0.00 secs] 
110.695: Total time for which application threads were stopped: 0.0036720 seconds, Stopping threads took: 0.0000770 seconds
110.719: Application time: 0.0235880 seconds
110.719: [GC [PSYoungGen: 49966K->6508K(50176K)] 81227K->38481K(163840K), 0.0022620 secs] [Times: user=0.01 sys=0.00, real=0.00 secs] 
110.721: Total time for which application threads were stopped: 0.0024250 seconds, Stopping threads took: 0.0000820 seconds
110.888: Application time: 0.1674060 seconds
110.888: [GC [PSYoungGen: 49996K->6540K(50176K)] 81969K->48489K(163840K), 0.0048500 secs] [Times: user=0.03 sys=0.00, real=0.01 secs] 
110.893: Total time for which application threads were stopped: 0.0050140 seconds, Stopping threads took: 0.0000700 seconds
110.972: Application time: 0.0784550 seconds
110.972: [GC [PSYoungGen: 49348K->6572K(50176K)] 91297K->58496K(163840K), 0.0050530 secs] [Times: user=0.04 sys=0.00, real=0.00 secs] 
110.977: Total time for which application threads were stopped: 0.0052390 seconds, Stopping threads took: 0.0000970 seconds
110.994: Application time: 0.0165710 seconds
110.994: [GC [PSYoungGen: 50056K->6604K(50176K)] 101980K->61378K(163840K), 0.0031580 secs] [Times: user=0.02 sys=0.00, real=0.00 secs] 
110.997: Total time for which application threads were stopped: 0.0033450 seconds, Stopping threads took: 0.0001020 seconds
111.013: Application time: 0.0155490 seconds
111.013: [GC [PSYoungGen: 50087K->6604K(50176K)] 104861K->62803K(163840K), 0.0027570 secs] [Times: user=0.02 sys=0.00, real=0.00 secs] 
111.015: Total time for which application threads were stopped: 0.0029520 seconds, Stopping threads took: 0.0001110 seconds
111.121: Application time: 0.1055200 seconds
111.121: [GC [PSYoungGen: 50096K->6636K(50176K)] 106294K->73523K(163840K), 0.0050550 secs] [Times: user=0.04 sys=0.01, real=0.01 secs] 
111.126: Total time for which application threads were stopped: 0.0052050 seconds, Stopping threads took: 0.0000690 seconds
111.316: Application time: 0.1902780 seconds
111.317: [GC [PSYoungGen: 50135K->6636K(50176K)] 117021K->82801K(163840K), 0.0047110 secs] [Times: user=0.04 sys=0.00, real=0.00 secs] 
111.321: Total time for which application threads were stopped: 0.0048560 seconds, Stopping threads took: 0.0000620 seconds
111.518: Application time: 0.1965300 seconds
111.518: [GC [PSYoungGen: 50124K->5988K(50176K)] 126289K->92841K(163840K), 0.0049130 secs] [Times: user=0.04 sys=0.00, real=0.01 secs] 
111.523: Total time for which application threads were stopped: 0.0050910 seconds, Stopping threads took: 0.0000850 seconds
111.728: Application time: 0.2052070 seconds
111.728: [GC [PSYoungGen: 49476K->5988K(50176K)] 136329K->104241K(163840K), 0.0051410 secs] [Times: user=0.04 sys=0.00, real=0.01 secs] 
111.733: [Full GC [PSYoungGen: 5988K->0K(50176K)] [ParOldGen: 98253K->32003K(113664K)] 104241K->32003K(163840K) [PSPermGen: 6090K->6090K(21504K)], 0.0105910 secs] [Times: user=0.06 sys=0.00, real=0.01 secs] 
111.744: Total time for which application threads were stopped: 0.0159350 seconds, Stopping threads took: 0.0000710 seconds
111.926: Application time: 0.1814330 seconds
111.926: [GC [PSYoungGen: 43494K->6476K(50176K)] 75498K->48455K(163840K), 0.0048920 secs] [Times: user=0.03 sys=0.00, real=0.01 secs] 
111.931: Total time for which application threads were stopped: 0.0050670 seconds, Stopping threads took: 0.0000870 seconds
112.106: Application time: 0.1753190 seconds
112.106: [GC [PSYoungGen: 49965K->6604K(50176K)] 91943K->59271K(163840K), 0.0051320 secs] [Times: user=0.03 sys=0.00, real=0.01 secs] 
112.111: Total time for which application threads were stopped: 0.0052940 seconds, Stopping threads took: 0.0000680 seconds
112.280: Application time: 0.1692050 seconds
112.281: [GC [PSYoungGen: 50102K->6604K(50176K)] 102768K->68533K(163840K), 0.0047840 secs] [Times: user=0.03 sys=0.00, real=0.01 secs] 
112.285: Total time for which application threads were stopped: 0.0049260 seconds, Stopping threads took: 0.0000600 seconds
112.433: Application time: 0.1471390 seconds
112.433: [GC [PSYoungGen: 50103K->6636K(50176K)] 112032K->79261K(163840K), 0.0050550 secs] [Times: user=0.04 sys=0.00, real=0.00 secs] 
112.438: Total time for which application threads were stopped: 0.0052210 seconds, Stopping threads took: 0.0000800 seconds
112.582: Application time: 0.1445940 seconds
112.582: [GC [PSYoungGen: 50127K->6637K(50176K)] 122752K->88533K(163840K), 0.0047930 secs] [Times: user=0.03 sys=0.00, real=0.00 secs] 
112.587: Total time for which application threads were stopped: 0.0049440 seconds, Stopping threads took: 0.0000690 seconds
112.729: Application time: 0.1413690 seconds
112.729: [GC [PSYoungGen: 50127K->6637K(50176K)] 132023K->99221K(163840K), 0.0051660 secs] [Times: user=0.04 sys=0.00, real=0.01 secs] 
112.734: Total time for which application threads were stopped: 0.0053360 seconds, Stopping threads took: 0.0000640 seconds
112.889: Application time: 0.1547350 seconds
112.889: [GC [PSYoungGen: 50128K->6637K(50176K)] 142712K->108493K(163840K), 0.0047300 secs] [Times: user=0.03 sys=0.00, real=0.01 secs] 
112.894: [Full GC [PSYoungGen: 6637K->0K(50176K)] [ParOldGen: 101855K->26274K(113664K)] 108493K->26274K(163840K) [PSPermGen: 6090K->6090K(21504K)], 0.0103620 secs] [Times: user=0.06 sys=0.00, real=0.01 secs] 
112.904: Total time for which application threads were stopped: 0.0153020 seconds, Stopping threads took: 0.0000670 seconds
113.056: Application time: 0.1520570 seconds
113.056: [GC [PSYoungGen: 43491K->6541K(50176K)] 69766K->43504K(163840K), 0.0050750 secs] [Times: user=0.04 sys=0.00, real=0.00 secs] 
113.061: Total time for which application threads were stopped: 0.0052230 seconds, Stopping threads took: 0.0000660 seconds
113.216: Application time: 0.1550180 seconds
113.216: [GC [PSYoungGen: 50041K->6605K(50176K)] 87004K->52831K(163840K), 0.0045420 secs] [Times: user=0.03 sys=0.00, real=0.00 secs] 
113.221: Total time for which application threads were stopped: 0.0047170 seconds, Stopping threads took: 0.0000930 seconds
113.345: Application time: 0.1242650 seconds
113.345: [GC [PSYoungGen: 50105K->6637K(50176K)] 96332K->63552K(163840K), 0.0050750 secs] [Times: user=0.03 sys=0.00, real=0.01 secs] 
113.351: Total time for which application threads were stopped: 0.0052440 seconds, Stopping threads took: 0.0000750 seconds
113.495: Application time: 0.1448540 seconds
113.496: [GC [PSYoungGen: 50129K->6637K(50176K)] 107044K->73536K(163840K), 0.0049610 secs] [Times: user=0.04 sys=0.00, real=0.00 secs] 
113.501: Total time for which application threads were stopped: 0.0051340 seconds, Stopping threads took: 0.0000860 seconds
113.620: Application time: 0.1191050 seconds
113.620: [GC [PSYoungGen: 50154K->6637K(50176K)] 117053K->84233K(163840K), 0.0052850 secs] [Times: user=0.04 sys=0.00, real=0.01 secs] 
113.625: Total time for which application threads were stopped: 0.0054630 seconds, Stopping threads took: 0.0000920 seconds
113.641: Application time: 0.0163450 seconds
113.642: [GC [PSYoungGen: 50112K->5956K(50176K)] 127708K->87115K(163840K), 0.0030460 secs] [Times: user=0.03 sys=0.00, real=0.01 secs] 
113.645: Total time for which application threads were stopped: 0.0032490 seconds, Stopping threads took: 0.0001090 seconds
113.663: Application time: 0.0186350 seconds
113.663: [GC [PSYoungGen: 49447K->6637K(50176K)] 130605K->90646K(163840K), 0.0032070 secs] [Times: user=0.02 sys=0.00, real=0.00 secs] 
113.667: Total time for which application threads were stopped: 0.0033670 seconds, Stopping threads took: 0.0000760 seconds
113.693: Application time: 0.0267460 seconds
113.694: [GC [PSYoungGen: 50124K->6637K(50176K)] 134133K->94208K(163840K), 0.0031550 secs] [Times: user=0.03 sys=0.00, real=0.00 secs] 
113.697: Total time for which application threads were stopped: 0.0033120 seconds, Stopping threads took: 0.0000740 seconds
113.847: Application time: 0.1502740 seconds
113.847: [GC [PSYoungGen: 50127K->6636K(50176K)] 137699K->103479K(163840K), 0.0047410 secs] [Times: user=0.03 sys=0.00, real=0.01 secs] 
113.852: Total time for which application threads were stopped: 0.0048970 seconds, Stopping threads took: 0.0000670 seconds
113.893: Application time: 0.0410690 seconds
113.893: [GC [PSYoungGen: 50149K->5988K(50176K)] 146992K->109244K(163840K), 0.0039650 secs] [Times: user=0.03 sys=0.00, real=0.00 secs] 
113.897: [Full GC [PSYoungGen: 5988K->0K(50176K)] [ParOldGen: 103255K->30041K(113664K)] 109244K->30041K(163840K) [PSPermGen: 6090K->6090K(21504K)], 0.0109920 secs] [Times: user=0.06 sys=0.00, real=0.01 secs] 
113.908: Total time for which application threads were stopped: 0.0151880 seconds, Stopping threads took: 0.0000930 seconds
113.925: Application time: 0.0167770 seconds
113.925: [GC [PSYoungGen: 43479K->5860K(50176K)] 73520K->35901K(163840K), 0.0021290 secs] [Times: user=0.01 sys=0.00, real=0.00 secs] 
113.927: Total time for which application threads were stopped: 0.0022990 seconds, Stopping threads took: 0.0000880 seconds
113.940: Application time: 0.0130130 seconds
113.940: [GC [PSYoungGen: 49343K->6541K(50176K)] 79384K->38719K(163840K), 0.0029380 secs] [Times: user=0.02 sys=0.00, real=0.01 secs] 
113.943: Total time for which application threads were stopped: 0.0031020 seconds, Stopping threads took: 0.0000810 seconds
114.063: Application time: 0.1191110 seconds
114.063: [GC [PSYoungGen: 50030K->6540K(50176K)] 82209K->48695K(163840K), 0.0048190 secs] [Times: user=0.03 sys=0.00, real=0.00 secs] 
114.068: Total time for which application threads were stopped: 0.0049600 seconds, Stopping threads took: 0.0000580 seconds
114.208: Application time: 0.1409860 seconds
114.209: [GC [PSYoungGen: 50056K->6540K(50176K)] 92210K->59382K(163840K), 0.0052060 secs] [Times: user=0.04 sys=0.00, real=0.01 secs] 
114.214: Total time for which application threads were stopped: 0.0053720 seconds, Stopping threads took: 0.0000790 seconds
114.230: Application time: 0.0157610 seconds
114.230: [GC [PSYoungGen: 49722K->5956K(50176K)] 102564K->59510K(163840K), 0.0022110 secs] [Times: user=0.02 sys=0.00, real=0.01 secs] 
114.232: Total time for which application threads were stopped: 0.0023680 seconds, Stopping threads took: 0.0000770 seconds
114.243: Application time: 0.0112880 seconds
114.244: [GC [PSYoungGen: 49117K->6636K(50176K)] 102671K->62336K(163840K), 0.0028340 secs] [Times: user=0.02 sys=0.00, real=0.00 secs] 
114.247: Total time for which application threads were stopped: 0.0035180 seconds, Stopping threads took: 0.0006000 seconds
114.259: Application time: 0.0117920 seconds
114.259: [GC [PSYoungGen: 50109K->6636K(50176K)] 105809K->64498K(163840K), 0.0028680 secs] [Times: user=0.02 sys=0.00, real=0.00 secs] 
114.262: Total time for which application threads were stopped: 0.0031610 seconds, Stopping threads took: 0.0002080 seconds
114.273: Application time: 0.0117000 seconds
114.274: [GC [PSYoungGen: 50120K->6636K(50176K)] 107982K->67348K(163840K), 0.0030340 secs] [Times: user=0.02 sys=0.01, real=0.00 secs] 
114.277: Total time for which application threads were stopped: 0.0038850 seconds, Stopping threads took: 0.0007640 seconds
114.289: Application time: 0.0116760 seconds
114.289: [GC [PSYoungGen: 50131K->6636K(50176K)] 110843K->72388K(163840K), 0.0036190 secs] [Times: user=0.03 sys=0.00, real=0.01 secs] 
114.293: Total time for which application threads were stopped: 0.0039810 seconds, Stopping threads took: 0.0002780 seconds
114.304: Application time: 0.0113160 seconds
114.305: [GC [PSYoungGen: 50118K->6652K(50176K)] 115870K->74542K(163840K), 0.0029560 secs] [Times: user=0.02 sys=0.00, real=0.00 secs] 
114.308: Total time for which application threads were stopped: 0.0031730 seconds, Stopping threads took: 0.0001340 seconds
114.319: Application time: 0.0115940 seconds
114.319: [GC [PSYoungGen: 50134K->6604K(50176K)] 118023K->75919K(163840K), 0.0026620 secs] [Times: user=0.02 sys=0.00, real=0.01 secs] 
114.322: Total time for which application threads were stopped: 0.0029070 seconds, Stopping threads took: 0.0001550 seconds
114.333: Application time: 0.0110590 seconds
114.333: [GC [PSYoungGen: 50098K->6653K(50176K)] 119413K->79530K(163840K), 0.0033710 secs] [Times: user=0.02 sys=0.00, real=0.00 secs] 
114.337: Total time for which application threads were stopped: 0.0035740 seconds, Stopping threads took: 0.0001170 seconds
114.348: Application time: 0.0112090 seconds
114.348: [GC [PSYoungGen: 50138K->6637K(50176K)] 123015K->81652K(163840K), 0.0028420 secs] [Times: user=0.02 sys=0.00, real=0.01 secs] 
114.351: Total time for which application threads were stopped: 0.0032180 seconds, Stopping threads took: 0.0002840 seconds
114.361: Application time: 0.0096890 seconds
114.361: [GC [PSYoungGen: 50129K->6637K(50176K)] 125144K->88085K(163840K), 0.0041390 secs] [Times: user=0.02 sys=0.00, real=0.01 secs] 
114.365: Total time for which application threads were stopped: 0.0043760 seconds, Stopping threads took: 0.0001490 seconds
114.376: Application time: 0.0105300 seconds
114.376: [GC [PSYoungGen: 50114K->6636K(50176K)] 131562K->88797K(163840K), 0.0023710 secs] [Times: user=0.02 sys=0.00, real=0.00 secs] 
114.378: Total time for which application threads were stopped: 0.0026130 seconds, Stopping threads took: 0.0001610 seconds
114.430: Application time: 0.0517940 seconds
114.430: [GC [PSYoungGen: 50141K->6636K(50176K)] 132302K->96651K(163840K), 0.0043380 secs] [Times: user=0.02 sys=0.00, real=0.00 secs] 
114.435: Total time for which application threads were stopped: 0.0044960 seconds, Stopping threads took: 0.0000610 seconds
114.533: Application time: 0.0982390 seconds
114.533: [GC [PSYoungGen: 50151K->6636K(50176K)] 140166K->106682K(163840K), 0.0050730 secs] [Times: user=0.04 sys=0.00, real=0.00 secs] 
114.538: [Full GC [PSYoungGen: 6636K->0K(50176K)] [ParOldGen: 100046K->25561K(113664K)] 106682K->25561K(163840K) [PSPermGen: 6090K->6090K(21504K)], 0.0102720 secs] [Times: user=0.06 sys=0.00, real=0.01 secs] 
114.548: Total time for which application threads were stopped: 0.0155630 seconds, Stopping threads took: 0.0000820 seconds
114.563: Application time: 0.0146450 seconds
114.563: [GC [PSYoungGen: 43488K->6540K(50176K)] 69049K->33526K(163840K), 0.0026090 secs] [Times: user=0.02 sys=0.00, real=0.00 secs] 
114.566: Total time for which application threads were stopped: 0.0027680 seconds, Stopping threads took: 0.0000760 seconds
114.582: Application time: 0.0166240 seconds
114.583: [GC [PSYoungGen: 50023K->6540K(50176K)] 77009K->34952K(163840K), 0.0026040 secs] [Times: user=0.01 sys=0.00, real=0.00 secs] 
114.585: Total time for which application threads were stopped: 0.0027490 seconds, Stopping threads took: 0.0000650 seconds
114.669: Application time: 0.0839010 seconds
114.669: [GC [PSYoungGen: 50038K->6540K(50176K)] 78450K->45639K(163840K), 0.0050560 secs] [Times: user=0.04 sys=0.00, real=0.01 secs] 
114.674: Total time for which application threads were stopped: 0.0052160 seconds, Stopping threads took: 0.0000730 seconds
114.861: Application time: 0.1866210 seconds
114.861: [GC [PSYoungGen: 50026K->6636K(50176K)] 89125K->54998K(163840K), 0.0046450 secs] [Times: user=0.04 sys=0.00, real=0.01 secs] 
114.866: Total time for which application threads were stopped: 0.0047980 seconds, Stopping threads took: 0.0000570 seconds
114.894: Application time: 0.0278030 seconds
114.894: [GC [PSYoungGen: 50150K->6636K(50176K)] 98512K->62836K(163840K), 0.0044640 secs] [Times: user=0.03 sys=0.00, real=0.00 secs] 
114.898: Total time for which application threads were stopped: 0.0046760 seconds, Stopping threads took: 0.0001290 seconds
114.916: Application time: 0.0180980 seconds
114.916: [GC [PSYoungGen: 50112K->6604K(50176K)] 106312K->63516K(163840K), 0.0025610 secs] [Times: user=0.02 sys=0.00, real=0.00 secs] 
114.919: Total time for which application threads were stopped: 0.0027230 seconds, Stopping threads took: 0.0000810 seconds
114.931: Application time: 0.0119540 seconds
114.931: [GC [PSYoungGen: 50089K->6636K(50176K)] 107001K->67824K(163840K), 0.0035180 secs] [Times: user=0.02 sys=0.00, real=0.00 secs] 
114.935: Total time for which application threads were stopped: 0.0037020 seconds, Stopping threads took: 0.0000980 seconds
115.102: Application time: 0.1670870 seconds
115.102: [GC [PSYoungGen: 50125K->6604K(50176K)] 111312K->77767K(163840K), 0.0048610 secs] [Times: user=0.03 sys=0.00, real=0.01 secs] 
115.107: Total time for which application threads were stopped: 0.0050070 seconds, Stopping threads took: 0.0000640 seconds
115.282: Application time: 0.1756060 seconds
115.283: [GC [PSYoungGen: 50096K->6636K(50176K)] 121259K->87069K(163840K), 0.0047170 secs] [Times: user=0.04 sys=0.00, real=0.00 secs] 
115.287: Total time for which application threads were stopped: 0.0048840 seconds, Stopping threads took: 0.0000850 seconds
115.477: Application time: 0.1896650 seconds
115.477: [GC [PSYoungGen: 50139K->5956K(50176K)] 130572K->99214K(163840K), 0.0055070 secs] [Times: user=0.05 sys=0.00, real=0.01 secs] 
115.483: Total time for which application threads were stopped: 0.0056630 seconds, Stopping threads took: 0.0000580 seconds
115.685: Application time: 0.2020910 seconds
115.685: [GC [PSYoungGen: 49444K->6636K(50176K)] 142703K->109886K(163840K), 0.0049410 secs] [Times: user=0.04 sys=0.00, real=0.00 secs] 
115.690: [Full GC [PSYoungGen: 6636K->0K(50176K)] [ParOldGen: 103249K->31449K(113664K)] 109886K->31449K(163840K) [PSPermGen: 6090K->6090K(21504K)], 0.0105830 secs] [Times: user=0.06 sys=0.00, real=0.01 secs] 
115.700: Total time for which application threads were stopped: 0.0157400 seconds, Stopping threads took: 0.0000710 seconds
115.888: Application time: 0.1871580 seconds
115.888: [GC [PSYoungGen: 43494K->6508K(50176K)] 74944K->47933K(163840K), 0.0048700 secs] [Times: user=0.03 sys=0.00, real=0.01 secs] 
115.893: Total time for which application threads were stopped: 0.0050280 seconds, Stopping threads took: 0.0000700 seconds
116.063: Application time: 0.1707810 seconds
116.064: [GC [PSYoungGen: 49988K->6540K(50176K)] 91413K->57228K(163840K), 0.0047660 secs] [Times: user=0.03 sys=0.00, real=0.00 secs] 
116.068: Total time for which application threads were stopped: 0.0049270 seconds, Stopping threads took: 0.0000680 seconds
116.239: Application time: 0.1704970 seconds
116.239: [GC [PSYoungGen: 50021K->6572K(50176K)] 100709K->66523K(163840K), 0.0047150 secs] [Times: user=0.03 sys=0.00, real=0.01 secs] 
116.244: Total time for which application threads were stopped: 0.0048770 seconds, Stopping threads took: 0.0000790 seconds
116.401: Application time: 0.1571400 seconds
116.401: [GC [PSYoungGen: 50088K->6604K(50176K)] 110039K->78668K(163840K), 0.0055230 secs] [Times: user=0.04 sys=0.00, real=0.01 secs] 
116.407: Total time for which application threads were stopped: 0.0056800 seconds, Stopping threads took: 0.0000740 seconds
116.546: Application time: 0.1397990 seconds
116.547: [GC [PSYoungGen: 50103K->6636K(50176K)] 122167K->90109K(163840K), 0.0052540 secs] [Times: user=0.04 sys=0.00, real=0.01 secs] 
116.552: Total time for which application threads were stopped: 0.0054300 seconds, Stopping threads took: 0.0000920 seconds
116.701: Application time: 0.1491240 seconds
116.701: [GC [PSYoungGen: 50127K->6637K(50176K)] 133600K->99380K(163840K), 0.0047990 secs] [Times: user=0.04 sys=0.00, real=0.01 secs] 
116.706: Total time for which application threads were stopped: 0.0049860 seconds, Stopping threads took: 0.0000880 seconds
116.859: Application time: 0.1533950 seconds
116.859: [GC [PSYoungGen: 50128K->6637K(50176K)] 142871K->108652K(163840K), 0.0047490 secs] [Times: user=0.03 sys=0.00, real=0.01 secs] 
116.864: [Full GC [PSYoungGen: 6637K->0K(50176K)] [ParOldGen: 102015K->25562K(113664K)] 108652K->25562K(163840K) [PSPermGen: 6090K->6090K(21504K)], 0.0105810 secs] [Times: user=0.06 sys=0.01, real=0.01 secs] 
116.875: Total time for which application threads were stopped: 0.0155180 seconds, Stopping threads took: 0.0000520 seconds
117.005: Application time: 0.1306070 seconds
117.006: [GC [PSYoungGen: 43482K->6413K(50176K)] 69045K->41951K(163840K), 0.0049230 secs] [Times: user=0.04 sys=0.00, real=0.01 secs] 
117.011: Total time for which application threads were stopped: 0.0050880 seconds, Stopping threads took: 0.0000840 seconds
117.163: Application time: 0.1527640 seconds
117.163: [GC [PSYoungGen: 49896K->6413K(50176K)] 85434K->51215K(163840K), 0.0047710 secs] [Times: user=0.04 sys=0.00, real=0.00 secs] 
117.168: Total time for which application threads were stopped: 0.0049230 seconds, Stopping threads took: 0.0000690 seconds
117.318: Application time: 0.1497890 seconds
117.318: [GC [PSYoungGen: 49931K->6605K(50176K)] 94733K->63521K(163840K), 0.0054400 secs] [Times: user=0.05 sys=0.00, real=0.01 secs] 
117.324: Total time for which application threads were stopped: 0.0055950 seconds, Stopping threads took: 0.0000630 seconds
117.466: Application time: 0.1423400 seconds
117.466: [GC [PSYoungGen: 49417K->6637K(50176K)] 106333K->72112K(163840K), 0.0044220 secs] [Times: user=0.03 sys=0.00, real=0.01 secs] 
117.471: Total time for which application threads were stopped: 0.0045810 seconds, Stopping threads took: 0.0000780 seconds
117.488: Application time: 0.0178720 seconds
117.489: [GC [PSYoungGen: 50113K->6637K(50176K)] 115588K->76387K(163840K), 0.0035840 secs] [Times: user=0.02 sys=0.00, real=0.01 secs] 
117.492: Total time for which application threads were stopped: 0.0037600 seconds, Stopping threads took: 0.0000920 seconds
117.509: Application time: 0.0170040 seconds
117.509: [GC [PSYoungGen: 50117K->6637K(50176K)] 119867K->79237K(163840K), 0.0031110 secs] [Times: user=0.02 sys=0.00, real=0.01 secs] 
117.512: Total time for which application threads were stopped: 0.0032910 seconds, Stopping threads took: 0.0000970 seconds
117.525: Application time: 0.0122770 seconds
117.525: [GC [PSYoungGen: 50117K->6637K(50176K)] 122717K->79958K(163840K), 0.0026340 secs] [Times: user=0.02 sys=0.00, real=0.00 secs] 
117.528: Total time for which application threads were stopped: 0.0028130 seconds, Stopping threads took: 0.0000920 seconds
117.668: Application time: 0.1400350 seconds
117.668: [GC [PSYoungGen: 49927K->5988K(50176K)] 123248K->87860K(163840K), 0.0042680 secs] [Times: user=0.03 sys=0.00, real=0.01 secs] 
117.672: Total time for which application threads were stopped: 0.0044110 seconds, Stopping threads took: 0.0000620 seconds
117.696: Application time: 0.0235660 seconds
117.696: [GC [PSYoungGen: 48987K->6637K(50176K)] 130859K->93496K(163840K), 0.0036720 secs] [Times: user=0.02 sys=0.00, real=0.00 secs] 
117.699: Total time for which application threads were stopped: 0.0038350 seconds, Stopping threads took: 0.0000770 seconds
117.717: Application time: 0.0177740 seconds
117.717: [GC [PSYoungGen: 50115K->6637K(50176K)] 136975K->94930K(163840K), 0.0028510 secs] [Times: user=0.02 sys=0.00, real=0.00 secs] 
117.720: Total time for which application threads were stopped: 0.0030260 seconds, Stopping threads took: 0.0000920 seconds
117.732: Application time: 0.0119260 seconds
117.732: [GC [PSYoungGen: 50123K->6637K(50176K)] 138416K->99942K(163840K), 0.0037920 secs] [Times: user=0.03 sys=0.00, real=0.00 secs] 
117.736: Total time for which application threads were stopped: 0.0039850 seconds, Stopping threads took: 0.0001030 seconds
117.879: Application time: 0.1425840 seconds
117.879: [GC [PSYoungGen: 50136K->6636K(50176K)] 143441K->110674K(163840K), 0.0050530 secs] [Times: user=0.03 sys=0.00, real=0.01 secs] 
117.884: [Full GC [PSYoungGen: 6636K->0K(50176K)] [ParOldGen: 104037K->30611K(113664K)] 110674K->30611K(163840K) [PSPermGen: 6090K->6090K(21504K)], 0.0104090 secs] [Times: user=0.06 sys=0.00, real=0.01 secs] 
117.894: Total time for which application threads were stopped: 0.0156920 seconds, Stopping threads took: 0.0000860 seconds
118.039: Application time: 0.1450370 seconds
118.040: [GC [PSYoungGen: 43481K->6412K(50176K)] 74092K->46999K(163840K), 0.0049340 secs] [Times: user=0.04 sys=0.00, real=0.01 secs] 
118.045: Total time for which application threads were stopped: 0.0050820 seconds, Stopping threads took: 0.0000650 seconds
118.191: Application time: 0.1460410 seconds
118.191: [GC [PSYoungGen: 49927K->6476K(50176K)] 90514K->57751K(163840K), 0.0051980 secs] [Times: user=0.03 sys=0.00, real=0.00 secs] 
118.196: Total time for which application threads were stopped: 0.0053820 seconds, Stopping threads took: 0.0001000 seconds
118.214: Application time: 0.0177340 seconds
118.214: [GC [PSYoungGen: 49983K->6572K(50176K)] 101257K->59984K(163840K), 0.0029050 secs] [Times: user=0.02 sys=0.00, real=0.00 secs] 
118.217: Total time for which application threads were stopped: 0.0035430 seconds, Stopping threads took: 0.0005530 seconds
118.230: Application time: 0.0126870 seconds
118.231: [GC [PSYoungGen: 50051K->6604K(50176K)] 103463K->62154K(163840K), 0.0029900 secs] [Times: user=0.02 sys=0.00, real=0.00 secs] 
118.234: Total time for which application threads were stopped: 0.0038510 seconds, Stopping threads took: 0.0007760 seconds
118.244: Application time: 0.0105280 seconds
118.245: [GC [PSYoungGen: 50083K->6572K(50176K)] 105633K->63547K(163840K), 0.0027090 secs] [Times: user=0.02 sys=0.00, real=0.00 secs] 
118.247: Total time for which application threads were stopped: 0.0031000 seconds, Stopping threads took: 0.0003070 seconds
118.257: Application time: 0.0098460 seconds
118.258: [GC [PSYoungGen: 50065K->6604K(50176K)] 107040K->67854K(163840K), 0.0035340 secs] [Times: user=0.03 sys=0.00, real=0.00 secs] 
118.261: Total time for which application threads were stopped: 0.0040520 seconds, Stopping threads took: 0.0004320 seconds
118.275: Application time: 0.0136680 seconds
118.275: [GC [PSYoungGen: 50092K->6604K(50176K)] 111342K->69992K(163840K), 0.0030500 secs] [Times: user=0.01 sys=0.00, real=0.00 secs] 
118.278: Total time for which application threads were stopped: 0.0032090 seconds, Stopping threads took: 0.0000740 seconds
118.299: Application time: 0.0209030 seconds
118.299: [GC [PSYoungGen: 50121K->6636K(50176K)] 113509K->74307K(163840K), 0.0034650 secs] [Times: user=0.02 sys=0.00, real=0.01 secs] 
118.303: Total time for which application threads were stopped: 0.0036580 seconds, Stopping threads took: 0.0001110 seconds
118.320: Application time: 0.0174140 seconds
118.320: [GC [PSYoungGen: 50065K->6636K(50176K)] 117736K->75020K(163840K), 0.0025780 secs] [Times: user=0.02 sys=0.00, real=0.01 secs] 
118.323: Total time for which application threads were stopped: 0.0027640 seconds, Stopping threads took: 0.0001020 seconds
118.336: Application time: 0.0133800 seconds
118.337: [GC [PSYoungGen: 49482K->6636K(50176K)] 117866K->76453K(163840K), 0.0027830 secs] [Times: user=0.02 sys=0.00, real=0.00 secs] 
118.340: Total time for which application threads were stopped: 0.0035490 seconds, Stopping threads took: 0.0006810 seconds
118.351: Application time: 0.0112310 seconds
118.354: [GC [PSYoungGen: 50122K->6637K(50176K)] 119938K->79319K(163840K), 0.0031630 secs] [Times: user=0.03 sys=0.00, real=0.00 secs] 
118.357: Total time for which application threads were stopped: 0.0061810 seconds, Stopping threads took: 0.0029280 seconds
118.367: Application time: 0.0097440 seconds
118.367: [GC [PSYoungGen: 50122K->6636K(50176K)] 122805K->82225K(163840K), 0.0030190 secs] [Times: user=0.02 sys=0.00, real=0.01 secs] 
118.370: Total time for which application threads were stopped: 0.0032360 seconds, Stopping threads took: 0.0001330 seconds
118.385: Application time: 0.0149660 seconds
118.386: [GC [PSYoungGen: 50120K->6636K(50176K)] 125709K->84371K(163840K), 0.0030190 secs] [Times: user=0.02 sys=0.00, real=0.00 secs] 
118.389: Total time for which application threads were stopped: 0.0034840 seconds, Stopping threads took: 0.0003660 seconds
118.411: Application time: 0.0226180 seconds
118.412: [GC [PSYoungGen: 50130K->6636K(50176K)] 127864K->87220K(163840K), 0.0029000 secs] [Times: user=0.02 sys=0.00, real=0.00 secs] 
118.414: Total time for which application threads were stopped: 0.0030950 seconds, Stopping threads took: 0.0001130 seconds
118.484: Application time: 0.0699050 seconds
118.485: [GC [PSYoungGen: 50156K->6636K(50176K)] 130740K->97204K(163840K), 0.0051410 secs] [Times: user=0.04 sys=0.00, real=0.00 secs] 
118.490: Total time for which application threads were stopped: 0.0053250 seconds, Stopping threads took: 0.0000990 seconds
118.505: Application time: 0.0150930 seconds
118.505: [GC [PSYoungGen: 50121K->6636K(50176K)] 140688K->100070K(163840K), 0.0031660 secs] [Times: user=0.02 sys=0.00, real=0.00 secs] 
118.508: Total time for which application threads were stopped: 0.0033370 seconds, Stopping threads took: 0.0000870 seconds
118.523: Application time: 0.0146530 seconds
118.523: [GC [PSYoungGen: 50120K->6636K(50176K)] 143553K->102936K(163840K), 0.0031960 secs] [Times: user=0.02 sys=0.00, real=0.00 secs] 
118.526: Total time for which application threads were stopped: 0.0033560 seconds, Stopping threads took: 0.0000760 seconds
118.651: Application time: 0.1249930 seconds
118.651: [GC [PSYoungGen: 50125K->6636K(50176K)] 146425K->112951K(163840K), 0.0047910 secs] [Times: user=0.04 sys=0.00, real=0.00 secs] 
118.656: [Full GC [PSYoungGen: 6636K->0K(50176K)] [ParOldGen: 106315K->26274K(113664K)] 112951K->26274K(163840K) [PSPermGen: 6090K->6090K(21504K)], 0.0105900 secs] [Times: user=0.05 sys=0.00, real=0.01 secs] 
118.667: Total time for which application threads were stopped: 0.0155810 seconds, Stopping threads took: 0.0000620 seconds
118.798: Application time: 0.1317300 seconds
118.799: [GC [PSYoungGen: 42811K->6508K(50176K)] 69085K->44183K(163840K), 0.0054650 secs] [Times: user=0.04 sys=0.00, real=0.01 secs] 
118.804: Total time for which application threads were stopped: 0.0056240 seconds, Stopping threads took: 0.0000730 seconds
118.821: Application time: 0.0168010 seconds
118.821: [GC [PSYoungGen: 49984K->6540K(50176K)] 87658K->45640K(163840K), 0.0027680 secs] [Times: user=0.02 sys=0.00, real=0.01 secs] 
118.824: Total time for which application threads were stopped: 0.0029450 seconds, Stopping threads took: 0.0000920 seconds
118.843: Application time: 0.0192730 seconds
118.843: [GC [PSYoungGen: 50031K->6540K(50176K)] 89130K->48490K(163840K), 0.0031150 secs] [Times: user=0.03 sys=0.00, real=0.00 secs] 
118.846: Total time for which application threads were stopped: 0.0032720 seconds, Stopping threads took: 0.0000740 seconds
118.884: Application time: 0.0375780 seconds
118.884: [GC [PSYoungGen: 50030K->6572K(50176K)] 91980K->54934K(163840K), 0.0039270 secs] [Times: user=0.03 sys=0.00, real=0.00 secs] 
118.888: Total time for which application threads were stopped: 0.0040940 seconds, Stopping threads took: 0.0000840 seconds
119.084: Application time: 0.1960630 seconds
119.084: [GC [PSYoungGen: 50052K->6476K(50176K)] 98414K->64101K(163840K), 0.0046790 secs] [Times: user=0.03 sys=0.00, real=0.00 secs] 
119.089: Total time for which application threads were stopped: 0.0048330 seconds, Stopping threads took: 0.0000620 seconds
119.282: Application time: 0.1933200 seconds
119.282: [GC [PSYoungGen: 49970K->6604K(50176K)] 107595K->74917K(163840K), 0.0051290 secs] [Times: user=0.03 sys=0.00, real=0.00 secs] 
119.288: Total time for which application threads were stopped: 0.0052690 seconds, Stopping threads took: 0.0000560 seconds
119.468: Application time: 0.1808150 seconds
119.468: [GC [PSYoungGen: 50100K->6636K(50176K)] 118413K->85645K(163840K), 0.0051270 secs] [Times: user=0.04 sys=0.00, real=0.01 secs] 
119.474: Total time for which application threads were stopped: 0.0052720 seconds, Stopping threads took: 0.0000610 seconds
119.665: Application time: 0.1910620 seconds
119.665: [GC [PSYoungGen: 50141K->5988K(50176K)] 129150K->96396K(163840K), 0.0050550 secs] [Times: user=0.04 sys=0.00, real=0.00 secs] 
119.670: Total time for which application threads were stopped: 0.0052090 seconds, Stopping threads took: 0.0000630 seconds
119.853: Application time: 0.1829500 seconds
119.853: [GC [PSYoungGen: 49476K->6636K(50176K)] 139885K->107060K(163840K), 0.0049810 secs] [Times: user=0.03 sys=0.00, real=0.00 secs] 
119.858: [Full GC [PSYoungGen: 6636K->0K(50176K)] [ParOldGen: 100424K->29124K(113664K)] 107060K->29124K(163840K) [PSPermGen: 6090K->6090K(21504K)], 0.0111250 secs] [Times: user=0.06 sys=0.00, real=0.01 secs] 
119.869: Total time for which application threads were stopped: 0.0163190 seconds, Stopping threads took: 0.0000710 seconds
120.034: Application time: 0.1645050 seconds
120.034: [GC [PSYoungGen: 43480K->6412K(50176K)] 72604K->45512K(163840K), 0.0049730 secs] [Times: user=0.04 sys=0.00, real=0.00 secs] 
120.039: Total time for which application threads were stopped: 0.0051300 seconds, Stopping threads took: 0.0000730 seconds
120.236: Application time: 0.1968320 seconds
120.236: [GC [PSYoungGen: 49902K->6572K(50176K)] 89002K->56360K(163840K), 0.0051500 secs] [Times: user=0.04 sys=0.00, real=0.00 secs] 
120.241: Total time for which application threads were stopped: 0.0053220 seconds, Stopping threads took: 0.0000800 seconds
120.391: Application time: 0.1498070 seconds
120.391: [GC [PSYoungGen: 50080K->6572K(50176K)] 99867K->67048K(163840K), 0.0050480 secs] [Times: user=0.04 sys=0.00, real=0.00 secs] 
120.396: Total time for which application threads were stopped: 0.0051940 seconds, Stopping threads took: 0.0000630 seconds
120.539: Application time: 0.1432480 seconds
120.539: [GC [PSYoungGen: 50071K->6636K(50176K)] 110547K->77809K(163840K), 0.0050590 secs] [Times: user=0.04 sys=0.00, real=0.01 secs] 
120.544: Total time for which application threads were stopped: 0.0051960 seconds, Stopping threads took: 0.0000550 seconds
120.682: Application time: 0.1372580 seconds
120.682: [GC [PSYoungGen: 50136K->5956K(50176K)] 121308K->87817K(163840K), 0.0049060 secs] [Times: user=0.04 sys=0.00, real=0.01 secs] 
120.687: Total time for which application threads were stopped: 0.0050680 seconds, Stopping threads took: 0.0000670 seconds
120.813: Application time: 0.1261900 seconds
120.813: [GC [PSYoungGen: 49438K->5956K(50176K)] 131299K->98505K(163840K), 0.0049660 secs] [Times: user=0.03 sys=0.00, real=0.00 secs] 
120.818: Total time for which application threads were stopped: 0.0051490 seconds, Stopping threads took: 0.0000920 seconds
120.970: Application time: 0.1518960 seconds
120.970: [GC [PSYoungGen: 49439K->6637K(50176K)] 141988K->108457K(163840K), 0.0048080 secs] [Times: user=0.04 sys=0.00, real=0.00 secs] 
120.975: [Full GC [PSYoungGen: 6637K->0K(50176K)] [ParOldGen: 101820K->26275K(113664K)] 108457K->26275K(163840K) [PSPermGen: 6090K->6090K(21504K)], 0.0102020 secs] [Times: user=0.05 sys=0.00, real=0.01 secs] 
120.985: Total time for which application threads were stopped: 0.0152130 seconds, Stopping threads took: 0.0000660 seconds
121.134: Application time: 0.1491260 seconds
121.134: [GC [PSYoungGen: 43492K->6477K(50176K)] 69767K->42016K(163840K), 0.0047570 secs] [Times: user=0.03 sys=0.00, real=0.00 secs] 
121.139: Total time for which application threads were stopped: 0.0049130 seconds, Stopping threads took: 0.0000750 seconds
121.285: Application time: 0.1453030 seconds
121.285: [GC [PSYoungGen: 49984K->6605K(50176K)] 85523K->52833K(163840K), 0.0050950 secs] [Times: user=0.04 sys=0.00, real=0.00 secs] 
121.290: Total time for which application threads were stopped: 0.0052480 seconds, Stopping threads took: 0.0000680 seconds
121.441: Application time: 0.1516370 seconds
121.442: [GC [PSYoungGen: 50096K->6605K(50176K)] 96324K->64234K(163840K), 0.0053620 secs] [Times: user=0.04 sys=0.00, real=0.01 secs] 
121.447: Total time for which application threads were stopped: 0.0055260 seconds, Stopping threads took: 0.0000710 seconds
121.494: Application time: 0.0473930 seconds
121.495: [GC [PSYoungGen: 50120K->6637K(50176K)] 107749K->72833K(163840K), 0.0046750 secs] [Times: user=0.03 sys=0.00, real=0.00 secs] 
121.499: Total time for which application threads were stopped: 0.0048680 seconds, Stopping threads took: 0.0000820 seconds
121.515: Application time: 0.0161410 seconds
121.516: [GC [PSYoungGen: 50114K->6637K(50176K)] 116310K->74258K(163840K), 0.0027960 secs] [Times: user=0.02 sys=0.00, real=0.00 secs] 
121.518: Total time for which application threads were stopped: 0.0029790 seconds, Stopping threads took: 0.0000970 seconds
121.532: Application time: 0.0133330 seconds
121.532: [GC [PSYoungGen: 50120K->6605K(50176K)] 117741K->77076K(163840K), 0.0032020 secs] [Times: user=0.02 sys=0.00, real=0.00 secs] 
121.535: Total time for which application threads were stopped: 0.0033710 seconds, Stopping threads took: 0.0000870 seconds
121.580: Application time: 0.0450400 seconds
121.580: [GC [PSYoungGen: 49421K->6636K(50176K)] 119892K->85703K(163840K), 0.0046950 secs] [Times: user=0.04 sys=0.00, real=0.01 secs] 
121.585: Total time for which application threads were stopped: 0.0048620 seconds, Stopping threads took: 0.0000780 seconds
121.603: Application time: 0.0180970 seconds
121.603: [GC [PSYoungGen: 50119K->5956K(50176K)] 129185K->85735K(163840K), 0.0023540 secs] [Times: user=0.02 sys=0.00, real=0.00 secs] 
121.606: Total time for which application threads were stopped: 0.0025200 seconds, Stopping threads took: 0.0000830 seconds
121.621: Application time: 0.0150460 seconds
121.621: [GC [PSYoungGen: 49443K->6637K(50176K)] 129221K->90691K(163840K), 0.0036740 secs] [Times: user=0.02 sys=0.00, real=0.01 secs] 
121.624: Total time for which application threads were stopped: 0.0038540 seconds, Stopping threads took: 0.0000940 seconds
121.702: Application time: 0.0779030 seconds
121.702: [GC [PSYoungGen: 50126K->6637K(50176K)] 134180K->99241K(163840K), 0.0045510 secs] [Times: user=0.04 sys=0.00, real=0.00 secs] 
121.707: Total time for which application threads were stopped: 0.0047010 seconds, Stopping threads took: 0.0000660 seconds
121.860: Application time: 0.1527520 seconds
121.860: [GC [PSYoungGen: 50118K->6636K(50176K)] 142723K->108504K(163840K), 0.0047880 secs] [Times: user=0.03 sys=0.00, real=0.01 secs] 
121.865: [Full GC [PSYoungGen: 6636K->0K(50176K)] [ParOldGen: 101867K->30607K(113664K)] 108504K->30607K(163840K) [PSPermGen: 6090K->6090K(21504K)], 0.0103330 secs] [Times: user=0.06 sys=0.00, real=0.01 secs] 
121.875: Total time for which application threads were stopped: 0.0153230 seconds, Stopping threads took: 0.0000720 seconds
122.038: Application time: 0.1625170 seconds
122.038: [GC [PSYoungGen: 43481K->6412K(50176K)] 74088K->46283K(163840K), 0.0047220 secs] [Times: user=0.03 sys=0.00, real=0.01 secs] 
122.043: Total time for which application threads were stopped: 0.0048820 seconds, Stopping threads took: 0.0000650 seconds
122.143: Application time: 0.1003390 seconds
122.143: [GC [PSYoungGen: 49927K->6444K(50176K)] 89797K->56290K(163840K), 0.0050880 secs] [Times: user=0.03 sys=0.00, real=0.00 secs] 
122.148: Total time for which application threads were stopped: 0.0052770 seconds, Stopping threads took: 0.0000990 seconds
122.165: Application time: 0.0163350 seconds
122.165: [GC [PSYoungGen: 49928K->6604K(50176K)] 99774K->57875K(163840K), 0.0027710 secs] [Times: user=0.02 sys=0.00, real=0.00 secs] 
122.167: Total time for which application threads were stopped: 0.0029460 seconds, Stopping threads took: 0.0000910 seconds
122.184: Application time: 0.0162840 seconds
122.184: [GC [PSYoungGen: 50087K->6508K(50176K)] 101358K->59917K(163840K), 0.0030160 secs] [Times: user=0.02 sys=0.00, real=0.00 secs] 
122.187: Total time for which application threads were stopped: 0.0031890 seconds, Stopping threads took: 0.0000900 seconds
122.207: Application time: 0.0204330 seconds
122.208: [GC [PSYoungGen: 50027K->6572K(50176K)] 103436K->64256K(163840K), 0.0035630 secs] [Times: user=0.02 sys=0.00, real=0.01 secs] 
122.211: Total time for which application threads were stopped: 0.0037280 seconds, Stopping threads took: 0.0000790 seconds
122.226: Application time: 0.0151300 seconds
122.226: [GC [PSYoungGen: 50050K->6572K(50176K)] 107734K->67819K(163840K), 0.0033850 secs] [Times: user=0.03 sys=0.00, real=0.00 secs] 
122.230: Total time for which application threads were stopped: 0.0035400 seconds, Stopping threads took: 0.0000720 seconds
122.249: Application time: 0.0188590 seconds
122.249: [GC [PSYoungGen: 50062K->6540K(50176K)] 111308K->70637K(163840K), 0.0031980 secs] [Times: user=0.02 sys=0.00, real=0.01 secs] 
122.252: Total time for which application threads were stopped: 0.0033670 seconds, Stopping threads took: 0.0000840 seconds
122.295: Application time: 0.0429320 seconds
122.295: [GC [PSYoungGen: 49762K->6636K(50176K)] 113859K->76433K(163840K), 0.0037070 secs] [Times: user=0.03 sys=0.00, real=0.00 secs] 
122.299: Total time for which application threads were stopped: 0.0038680 seconds, Stopping threads took: 0.0000800 seconds
122.325: Application time: 0.0265480 seconds
122.326: [GC [PSYoungGen: 49459K->6652K(50176K)] 119256K->79307K(163840K), 0.0031890 secs] [Times: user=0.02 sys=0.00, real=0.00 secs] 
122.329: Total time for which application threads were stopped: 0.0033720 seconds, Stopping threads took: 0.0000990 seconds
122.342: Application time: 0.0131920 seconds
122.342: [GC [PSYoungGen: 49698K->6636K(50176K)] 122353K->85044K(163840K), 0.0039240 secs] [Times: user=0.03 sys=0.00, real=0.00 secs] 
122.346: Total time for which application threads were stopped: 0.0042740 seconds, Stopping threads took: 0.0002680 seconds
122.359: Application time: 0.0125400 seconds
122.359: [GC [PSYoungGen: 50121K->6637K(50176K)] 128528K->86493K(163840K), 0.0027350 secs] [Times: user=0.02 sys=0.00, real=0.00 secs] 
122.362: Total time for which application threads were stopped: 0.0030190 seconds, Stopping threads took: 0.0001990 seconds
122.371: Application time: 0.0091160 seconds
122.371: [GC [PSYoungGen: 50109K->6636K(50176K)] 129966K->88630K(163840K), 0.0029850 secs] [Times: user=0.02 sys=0.00, real=0.00 secs] 
122.374: Total time for which application threads were stopped: 0.0031470 seconds, Stopping threads took: 0.0000800 seconds
122.389: Application time: 0.0150710 seconds
122.389: [GC [PSYoungGen: 49936K->5972K(50176K)] 131930K->91529K(163840K), 0.0031930 secs] [Times: user=0.03 sys=0.00, real=0.01 secs] 
122.393: Total time for which application threads were stopped: 0.0033730 seconds, Stopping threads took: 0.0000940 seconds
122.405: Application time: 0.0123110 seconds
122.405: [GC [PSYoungGen: 48965K->6652K(50176K)] 134521K->93634K(163840K), 0.0028040 secs] [Times: user=0.02 sys=0.00, real=0.00 secs] 
122.408: Total time for which application threads were stopped: 0.0035120 seconds, Stopping threads took: 0.0006210 seconds
122.422: Application time: 0.0137470 seconds
122.422: [GC [PSYoungGen: 50137K->6652K(50176K)] 137119K->97225K(163840K), 0.0034050 secs] [Times: user=0.02 sys=0.00, real=0.00 secs] 
122.426: Total time for which application threads were stopped: 0.0035840 seconds, Stopping threads took: 0.0000940 seconds
122.442: Application time: 0.0167110 seconds
122.442: [GC [PSYoungGen: 50132K->6620K(50176K)] 140705K->100043K(163840K), 0.0032450 secs] [Times: user=0.02 sys=0.00, real=0.00 secs] 
122.446: Total time for which application threads were stopped: 0.0033930 seconds, Stopping threads took: 0.0000640 seconds
122.459: Application time: 0.0128180 seconds
122.459: [GC [PSYoungGen: 50105K->6636K(50176K)] 143527K->103670K(163840K), 0.0034060 secs] [Times: user=0.02 sys=0.00, real=0.01 secs] 
122.462: Total time for which application threads were stopped: 0.0035720 seconds, Stopping threads took: 0.0000820 seconds
122.607: Application time: 0.1452410 seconds
122.608: [GC [PSYoungGen: 50141K->6636K(50176K)] 147174K->115790K(163840K), 0.0055130 secs] [Times: user=0.05 sys=0.00, real=0.01 secs] 
122.613: [Full GC [PSYoungGen: 6636K->0K(50176K)] [ParOldGen: 109154K->27699K(113664K)] 115790K->27699K(163840K) [PSPermGen: 6090K->6090K(21504K)], 0.0105100 secs] [Times: user=0.06 sys=0.00, real=0.01 secs] 
122.624: Total time for which application threads were stopped: 0.0162480 seconds, Stopping threads took: 0.0000700 seconds
122.703: Application time: 0.0796530 seconds
122.703: [GC [PSYoungGen: 43514K->6508K(50176K)] 71214K->44183K(163840K), 0.0050660 secs] [Times: user=0.03 sys=0.00, real=0.00 secs] 
122.709: Total time for which application threads were stopped: 0.0052260 seconds, Stopping threads took: 0.0000710 seconds
122.724: Application time: 0.0150260 seconds
122.724: [GC [PSYoungGen: 49995K->6508K(50176K)] 87670K->47746K(163840K), 0.0033370 secs] [Times: user=0.03 sys=0.00, real=0.00 secs] 
122.727: Total time for which application threads were stopped: 0.0035180 seconds, Stopping threads took: 0.0000950 seconds
122.742: Application time: 0.0150440 seconds
122.742: [GC [PSYoungGen: 49991K->6508K(50176K)] 91229K->49171K(163840K), 0.0027460 secs] [Times: user=0.02 sys=0.00, real=0.00 secs] 
122.745: Total time for which application threads were stopped: 0.0029110 seconds, Stopping threads took: 0.0000800 seconds
122.861: Application time: 0.1158350 seconds
122.861: [GC [PSYoungGen: 49997K->6476K(50176K)] 92660K->59114K(163840K), 0.0048410 secs] [Times: user=0.03 sys=0.00, real=0.01 secs] 
122.866: Total time for which application threads were stopped: 0.0050100 seconds, Stopping threads took: 0.0000840 seconds
123.056: Application time: 0.1897260 seconds
123.056: [GC [PSYoungGen: 49956K->6508K(50176K)] 102594K->67696K(163840K), 0.0044660 secs] [Times: user=0.04 sys=0.00, real=0.00 secs] 
123.060: Total time for which application threads were stopped: 0.0046170 seconds, Stopping threads took: 0.0000670 seconds
123.225: Application time: 0.1643780 seconds
123.225: [GC [PSYoungGen: 50002K->6572K(50176K)] 111190K->78448K(163840K), 0.0051390 secs] [Times: user=0.04 sys=0.00, real=0.00 secs] 
123.230: Total time for which application threads were stopped: 0.0053060 seconds, Stopping threads took: 0.0000690 seconds
123.437: Application time: 0.2075290 seconds
123.438: [GC [PSYoungGen: 50077K->6636K(50176K)] 121952K->90641K(163840K), 0.0054910 secs] [Times: user=0.04 sys=0.00, real=0.01 secs] 
123.443: Total time for which application threads were stopped: 0.0056410 seconds, Stopping threads took: 0.0000660 seconds
123.610: Application time: 0.1667450 seconds
123.610: [GC [PSYoungGen: 50140K->6636K(50176K)] 134144K->101369K(163840K), 0.0051920 secs] [Times: user=0.03 sys=0.00, real=0.00 secs] 
123.615: Total time for which application threads were stopped: 0.0053840 seconds, Stopping threads took: 0.0001030 seconds
123.799: Application time: 0.1837290 seconds
123.799: [GC [PSYoungGen: 50116K->6636K(50176K)] 144849K->110631K(163840K), 0.0047400 secs] [Times: user=0.04 sys=0.00, real=0.01 secs] 
123.804: [Full GC [PSYoungGen: 6636K->0K(50176K)] [ParOldGen: 103995K->29124K(113664K)] 110631K->29124K(163840K) [PSPermGen: 6090K->6090K(21504K)], 0.0109910 secs] [Times: user=0.05 sys=0.01, real=0.01 secs] 
123.815: Total time for which application threads were stopped: 0.0159810 seconds, Stopping threads took: 0.0001070 seconds
124.013: Application time: 0.1983030 seconds
124.013: [GC [PSYoungGen: 43480K->6444K(50176K)] 72605K->44832K(163840K), 0.0046800 secs] [Times: user=0.03 sys=0.00, real=0.00 secs] 
124.018: Total time for which application threads were stopped: 0.0048210 seconds, Stopping threads took: 0.0000560 seconds
124.191: Application time: 0.1728170 seconds
124.191: [GC [PSYoungGen: 49934K->6540K(50176K)] 88322K->54191K(163840K), 0.0046400 secs] [Times: user=0.03 sys=0.00, real=0.00 secs] 
124.196: Total time for which application threads were stopped: 0.0047920 seconds, Stopping threads took: 0.0000630 seconds
124.343: Application time: 0.1474870 seconds
124.343: [GC [PSYoungGen: 50054K->6636K(50176K)] 97705K->64983K(163840K), 0.0050620 secs] [Times: user=0.04 sys=0.00, real=0.00 secs] 
124.348: Total time for which application threads were stopped: 0.0052240 seconds, Stopping threads took: 0.0000620 seconds
124.497: Application time: 0.1489930 seconds
124.498: [GC [PSYoungGen: 50135K->6636K(50176K)] 108482K->76384K(163840K), 0.0052970 secs] [Times: user=0.04 sys=0.00, real=0.01 secs] 
124.503: Total time for which application threads were stopped: 0.0054650 seconds, Stopping threads took: 0.0000850 seconds
124.637: Application time: 0.1345410 seconds
124.637: [GC [PSYoungGen: 50127K->6637K(50176K)] 119875K->86368K(163840K), 0.0052240 secs] [Times: user=0.03 sys=0.00, real=0.01 secs] 
124.643: Total time for which application threads were stopped: 0.0053640 seconds, Stopping threads took: 0.0000570 seconds
124.782: Application time: 0.1390740 seconds
124.782: [GC [PSYoungGen: 50119K->6605K(50176K)] 129851K->95600K(163840K), 0.0047500 secs] [Times: user=0.02 sys=0.00, real=0.01 secs] 
124.787: Total time for which application threads were stopped: 0.0049100 seconds, Stopping threads took: 0.0000750 seconds
124.936: Application time: 0.1493660 seconds
124.936: [GC [PSYoungGen: 50088K->6637K(50176K)] 139083K->104895K(163840K), 0.0047240 secs] [Times: user=0.04 sys=0.00, real=0.00 secs] 
124.941: [Full GC [PSYoungGen: 6637K->0K(50176K)] [ParOldGen: 98258K->26276K(113664K)] 104895K->26276K(163840K) [PSPermGen: 6090K->6090K(21504K)], 0.0102440 secs] [Times: user=0.05 sys=0.00, real=0.02 secs] 
124.951: Total time for which application threads were stopped: 0.0151750 seconds, Stopping threads took: 0.0000600 seconds
125.086: Application time: 0.1347590 seconds
125.086: [GC [PSYoungGen: 43498K->6509K(50176K)] 69774K->42761K(163840K), 0.0049530 secs] [Times: user=0.03 sys=0.00, real=0.01 secs] 
125.091: Total time for which application threads were stopped: 0.0051000 seconds, Stopping threads took: 0.0000600 seconds
125.249: Application time: 0.1576320 seconds
125.249: [GC [PSYoungGen: 50018K->6637K(50176K)] 86270K->54298K(163840K), 0.0053700 secs] [Times: user=0.04 sys=0.00, real=0.01 secs] 
125.254: Total time for which application threads were stopped: 0.0055280 seconds, Stopping threads took: 0.0000740 seconds
125.351: Application time: 0.0967720 seconds
125.351: [GC [PSYoungGen: 50155K->6605K(50176K)] 97817K->64955K(163840K), 0.0053690 secs] [Times: user=0.04 sys=0.00, real=0.00 secs] 
125.357: Total time for which application threads were stopped: 0.0055420 seconds, Stopping threads took: 0.0000880 seconds
125.375: Application time: 0.0181760 seconds
125.375: [GC [PSYoungGen: 50087K->6637K(50176K)] 108437K->65003K(163840K), 0.0022680 secs] [Times: user=0.01 sys=0.00, real=0.00 secs] 
125.377: Total time for which application threads were stopped: 0.0024100 seconds, Stopping threads took: 0.0000630 seconds
125.393: Application time: 0.0160790 seconds
125.393: [GC [PSYoungGen: 50154K->6637K(50176K)] 108521K->67853K(163840K), 0.0031610 secs] [Times: user=0.02 sys=0.00, real=0.00 secs] 
125.397: Total time for which application threads were stopped: 0.0033160 seconds, Stopping threads took: 0.0000730 seconds
125.406: Application time: 0.0097530 seconds
125.407: [GC [PSYoungGen: 50113K->6637K(50176K)] 111329K->70704K(163840K), 0.0031260 secs] [Times: user=0.03 sys=0.00, real=0.00 secs] 
125.410: Total time for which application threads were stopped: 0.0032860 seconds, Stopping threads took: 0.0000810 seconds
125.422: Application time: 0.0120060 seconds
125.422: [GC [PSYoungGen: 50123K->6637K(50176K)] 114190K->73586K(163840K), 0.0031740 secs] [Times: user=0.02 sys=0.00, real=0.01 secs] 
125.425: Total time for which application threads were stopped: 0.0033510 seconds, Stopping threads took: 0.0000880 seconds
125.444: Application time: 0.0188810 seconds
125.444: [GC [PSYoungGen: 50128K->6637K(50176K)] 117077K->76444K(163840K), 0.0032010 secs] [Times: user=0.03 sys=0.00, real=0.00 secs] 
125.447: Total time for which application threads were stopped: 0.0033850 seconds, Stopping threads took: 0.0000890 seconds
125.492: Application time: 0.0445800 seconds
125.492: [GC [PSYoungGen: 50124K->6637K(50176K)] 119931K->80007K(163840K), 0.0032680 secs] [Times: user=0.02 sys=0.00, real=0.00 secs] 
125.495: Total time for which application threads were stopped: 0.0034160 seconds, Stopping threads took: 0.0000610 seconds
125.647: Application time: 0.1515790 seconds
125.647: [GC [PSYoungGen: 50127K->6637K(50176K)] 123498K->89983K(163840K), 0.0048130 secs] [Times: user=0.03 sys=0.00, real=0.01 secs] 
125.652: Total time for which application threads were stopped: 0.0049510 seconds, Stopping threads took: 0.0000560 seconds
125.802: Application time: 0.1497080 seconds
125.802: [GC [PSYoungGen: 50118K->5956K(50176K)] 133464K->99278K(163840K), 0.0047860 secs] [Times: user=0.04 sys=0.00, real=0.01 secs] 
125.806: Total time for which application threads were stopped: 0.0049520 seconds, Stopping threads took: 0.0000840 seconds
125.973: Application time: 0.1668370 seconds
125.973: [GC [PSYoungGen: 49470K->5988K(50176K)] 142791K->109998K(163840K), 0.0049740 secs] [Times: user=0.04 sys=0.00, real=0.00 secs] 
125.978: [Full GC [PSYoungGen: 5988K->0K(50176K)] [ParOldGen: 104009K->28615K(113664K)] 109998K->28615K(163840K) [PSPermGen: 6090K->6090K(21504K)], 0.0105640 secs] [Times: user=0.06 sys=0.00, real=0.01 secs] 
125.989: Total time for which application threads were stopped: 0.0157750 seconds, Stopping threads took: 0.0000880 seconds
126.007: Application time: 0.0174890 seconds
126.007: [GC [PSYoungGen: 43475K->5828K(50176K)] 72091K->34443K(163840K), 0.0020840 secs] [Times: user=0.01 sys=0.00, real=0.00 secs] 
126.009: Total time for which application threads were stopped: 0.0022760 seconds, Stopping threads took: 0.0001110 seconds
126.026: Application time: 0.0172330 seconds
126.026: [GC [PSYoungGen: 49308K->6509K(50176K)] 77924K->39399K(163840K), 0.0034970 secs] [Times: user=0.03 sys=0.00, real=0.00 secs] 
126.030: Total time for which application threads were stopped: 0.0036780 seconds, Stopping threads took: 0.0000920 seconds
126.042: Application time: 0.0123690 seconds
126.042: [GC [PSYoungGen: 49990K->6508K(50176K)] 82881K->41537K(163840K), 0.0029560 secs] [Times: user=0.02 sys=0.00, real=0.00 secs] 
126.045: Total time for which application threads were stopped: 0.0031240 seconds, Stopping threads took: 0.0000800 seconds
126.144: Application time: 0.0991840 seconds
126.145: [GC [PSYoungGen: 49319K->6540K(50176K)] 84348K->52257K(163840K), 0.0053360 secs] [Times: user=0.04 sys=0.01, real=0.01 secs] 
126.150: Total time for which application threads were stopped: 0.0055350 seconds, Stopping threads took: 0.0000960 seconds
126.166: Application time: 0.0161640 seconds
126.166: [GC [PSYoungGen: 50024K->6572K(50176K)] 95740K->54426K(163840K), 0.0029090 secs] [Times: user=0.02 sys=0.00, real=0.00 secs] 
126.169: Total time for which application threads were stopped: 0.0030630 seconds, Stopping threads took: 0.0000740 seconds
126.185: Application time: 0.0157360 seconds
126.185: [GC [PSYoungGen: 50057K->6605K(50176K)] 97910K->58734K(163840K), 0.0035600 secs] [Times: user=0.03 sys=0.00, real=0.00 secs] 
126.189: Total time for which application threads were stopped: 0.0037350 seconds, Stopping threads took: 0.0000860 seconds
126.246: Application time: 0.0569150 seconds
126.246: [GC [PSYoungGen: 49413K->6604K(50176K)] 101542K->66571K(163840K), 0.0043430 secs] [Times: user=0.04 sys=0.00, real=0.01 secs] 
126.250: Total time for which application threads were stopped: 0.0044910 seconds, Stopping threads took: 0.0000650 seconds
126.267: Application time: 0.0173550 seconds
126.268: [GC [PSYoungGen: 50082K->6604K(50176K)] 110049K->67996K(163840K), 0.0027290 secs] [Times: user=0.02 sys=0.00, real=0.01 secs] 
126.270: Total time for which application threads were stopped: 0.0028960 seconds, Stopping threads took: 0.0000820 seconds
126.287: Application time: 0.0161720 seconds
126.287: [GC [PSYoungGen: 49895K->6652K(50176K)] 111287K->73040K(163840K), 0.0036810 secs] [Times: user=0.03 sys=0.00, real=0.01 secs] 
126.290: Total time for which application threads were stopped: 0.0038380 seconds, Stopping threads took: 0.0000710 seconds
126.302: Application time: 0.0118590 seconds
126.302: [GC [PSYoungGen: 49503K->6052K(50176K)] 115891K->75290K(163840K), 0.0029380 secs] [Times: user=0.03 sys=0.00, real=0.00 secs] 
126.305: Total time for which application threads were stopped: 0.0031370 seconds, Stopping threads took: 0.0001130 seconds
126.318: Application time: 0.0123230 seconds
126.318: [GC [PSYoungGen: 48998K->6636K(50176K)] 118236K->77299K(163840K), 0.0027390 secs] [Times: user=0.02 sys=0.00, real=0.00 secs] 
126.321: Total time for which application threads were stopped: 0.0031590 seconds, Stopping threads took: 0.0003360 seconds
126.332: Application time: 0.0113710 seconds
126.332: [GC [PSYoungGen: 50118K->6636K(50176K)] 120781K->78028K(163840K), 0.0024030 secs] [Times: user=0.02 sys=0.00, real=0.00 secs] 
126.335: Total time for which application threads were stopped: 0.0025570 seconds, Stopping threads took: 0.0000720 seconds
126.345: Application time: 0.0106680 seconds
126.346: [GC [PSYoungGen: 50121K->6652K(50176K)] 121513K->78068K(163840K), 0.0022510 secs] [Times: user=0.01 sys=0.00, real=0.00 secs] 
126.349: Total time for which application threads were stopped: 0.0030730 seconds, Stopping threads took: 0.0007450 seconds
126.360: Application time: 0.0119310 seconds
126.361: [GC [PSYoungGen: 50136K->6652K(50176K)] 121551K->82359K(163840K), 0.0035010 secs] [Times: user=0.03 sys=0.00, real=0.01 secs] 
126.365: Total time for which application threads were stopped: 0.0043590 seconds, Stopping threads took: 0.0007730 seconds
126.375: Application time: 0.0096710 seconds
126.375: [GC [PSYoungGen: 50145K->6636K(50176K)] 125851K->86658K(163840K), 0.0035330 secs] [Times: user=0.03 sys=0.00, real=0.00 secs] 
126.378: Total time for which application threads were stopped: 0.0037800 seconds, Stopping threads took: 0.0001630 seconds
126.388: Application time: 0.0097930 seconds
126.388: [GC [PSYoungGen: 50128K->6636K(50176K)] 130150K->90221K(163840K), 0.0034080 secs] [Times: user=0.03 sys=0.00, real=0.01 secs] 
126.392: Total time for which application threads were stopped: 0.0035970 seconds, Stopping threads took: 0.0001040 seconds
126.577: Application time: 0.1850340 seconds
126.577: [GC [PSYoungGen: 50125K->6636K(50176K)] 133709K->100196K(163840K), 0.0049340 secs] [Times: user=0.03 sys=0.00, real=0.00 secs] 
126.582: Total time for which application threads were stopped: 0.0050990 seconds, Stopping threads took: 0.0000690 seconds
126.613: Application time: 0.0314800 seconds
126.613: [GC [PSYoungGen: 50150K->6004K(50176K)] 143710K->106689K(163840K), 0.0041890 secs] [Times: user=0.03 sys=0.00, real=0.00 secs] 
126.618: Total time for which application threads were stopped: 0.0043760 seconds, Stopping threads took: 0.0001020 seconds
126.634: Application time: 0.0167780 seconds
126.635: [GC [PSYoungGen: 49481K->6636K(50176K)] 150166K->108786K(163840K), 0.0028340 secs] [Times: user=0.01 sys=0.00, real=0.00 secs] 
126.637: [Full GC [PSYoungGen: 6636K->0K(50176K)] [ParOldGen: 102150K->26275K(113664K)] 108786K->26275K(163840K) [PSPermGen: 6090K->6090K(21504K)], 0.0117850 secs] [Times: user=0.07 sys=0.00, real=0.01 secs] 
126.649: Total time for which application threads were stopped: 0.0148290 seconds, Stopping threads took: 0.0000740 seconds
126.662: Application time: 0.0128720 seconds
126.662: [GC [PSYoungGen: 43484K->6540K(50176K)] 69759K->32816K(163840K), 0.0022600 secs] [Times: user=0.02 sys=0.00, real=0.00 secs] 
126.665: Total time for which application threads were stopped: 0.0024260 seconds, Stopping threads took: 0.0000790 seconds
126.819: Application time: 0.1539010 seconds
126.819: [GC [PSYoungGen: 50029K->6508K(50176K)] 76305K->43471K(163840K), 0.0050530 secs] [Times: user=0.04 sys=0.00, real=0.01 secs] 
126.824: Total time for which application threads were stopped: 0.0052040 seconds, Stopping threads took: 0.0000670 seconds
126.997: Application time: 0.1734520 seconds
126.997: [GC [PSYoungGen: 49994K->6540K(50176K)] 86957K->52766K(163840K), 0.0047280 secs] [Times: user=0.04 sys=0.00, real=0.01 secs] 
127.002: Total time for which application threads were stopped: 0.0048870 seconds, Stopping threads took: 0.0000730 seconds
127.204: Application time: 0.2014940 seconds
127.204: [GC [PSYoungGen: 50034K->6636K(50176K)] 96260K->62837K(163840K), 0.0048660 secs] [Times: user=0.04 sys=0.00, real=0.00 secs] 
127.209: Total time for which application threads were stopped: 0.0050150 seconds, Stopping threads took: 0.0000580 seconds
127.380: Application time: 0.1715910 seconds
127.380: [GC [PSYoungGen: 50141K->5956K(50176K)] 106342K->72844K(163840K), 0.0049200 secs] [Times: user=0.04 sys=0.00, real=0.01 secs] 
127.385: Total time for which application threads were stopped: 0.0050640 seconds, Stopping threads took: 0.0000580 seconds
127.573: Application time: 0.1881290 seconds
127.573: [GC [PSYoungGen: 49452K->6636K(50176K)] 116341K->84925K(163840K), 0.0052850 secs] [Times: user=0.04 sys=0.00, real=0.00 secs] 
127.579: Total time for which application threads were stopped: 0.0054550 seconds, Stopping threads took: 0.0000850 seconds
127.765: Application time: 0.1860400 seconds
127.765: [GC [PSYoungGen: 50117K->5956K(50176K)] 128406K->94220K(163840K), 0.0046770 secs] [Times: user=0.04 sys=0.00, real=0.00 secs] 
127.770: Total time for which application threads were stopped: 0.0048420 seconds, Stopping threads took: 0.0000640 seconds
127.952: Application time: 0.1818240 seconds
127.952: [GC [PSYoungGen: 49437K->5956K(50176K)] 137701K->104908K(163840K), 0.0049870 secs] [Times: user=0.04 sys=0.00, real=0.00 secs] 
127.957: [Full GC [PSYoungGen: 5956K->0K(50176K)] [ParOldGen: 98952K->29838K(113664K)] 104908K->29838K(163840K) [PSPermGen: 6090K->6090K(21504K)], 0.0110930 secs] [Times: user=0.06 sys=0.00, real=0.01 secs] 
127.968: Total time for which application threads were stopped: 0.0162690 seconds, Stopping threads took: 0.0000560 seconds
128.134: Application time: 0.1662080 seconds
128.134: [GC [PSYoungGen: 43498K->6604K(50176K)] 73336K->46418K(163840K), 0.0048770 secs] [Times: user=0.04 sys=0.00, real=0.00 secs] 
128.139: Total time for which application threads were stopped: 0.0050290 seconds, Stopping threads took: 0.0000690 seconds
128.308: Application time: 0.1690480 seconds
128.308: [GC [PSYoungGen: 50120K->6636K(50176K)] 89934K->56434K(163840K), 0.0048400 secs] [Times: user=0.04 sys=0.00, real=0.01 secs] 
128.313: Total time for which application threads were stopped: 0.0050040 seconds, Stopping threads took: 0.0000670 seconds
128.453: Application time: 0.1403890 seconds
128.454: [GC [PSYoungGen: 50127K->6636K(50176K)] 99924K->67130K(163840K), 0.0051480 secs] [Times: user=0.04 sys=0.00, real=0.00 secs] 
128.459: Total time for which application threads were stopped: 0.0053080 seconds, Stopping threads took: 0.0000750 seconds
128.595: Application time: 0.1357510 seconds
128.595: [GC [PSYoungGen: 50127K->6637K(50176K)] 110621K->77114K(163840K), 0.0049320 secs] [Times: user=0.04 sys=0.00, real=0.00 secs] 
128.600: Total time for which application threads were stopped: 0.0050820 seconds, Stopping threads took: 0.0000640 seconds
128.754: Application time: 0.1543480 seconds
128.754: [GC [PSYoungGen: 50119K->6637K(50176K)] 120597K->86378K(163840K), 0.0047370 secs] [Times: user=0.04 sys=0.00, real=0.00 secs] 
128.759: Total time for which application threads were stopped: 0.0048940 seconds, Stopping threads took: 0.0000710 seconds
128.909: Application time: 0.1501590 seconds
128.909: [GC [PSYoungGen: 50128K->6637K(50176K)] 129869K->95649K(163840K), 0.0046960 secs] [Times: user=0.03 sys=0.00, real=0.01 secs] 
128.914: Total time for which application threads were stopped: 0.0048600 seconds, Stopping threads took: 0.0000710 seconds
129.055: Application time: 0.1410700 seconds
129.055: [GC [PSYoungGen: 50129K->6637K(50176K)] 139141K->105633K(163840K), 0.0049880 secs] [Times: user=0.04 sys=0.00, real=0.00 secs] 
129.060: [Full GC [PSYoungGen: 6637K->0K(50176K)] [ParOldGen: 98996K->27702K(113664K)] 105633K->27702K(163840K) [PSPermGen: 6090K->6090K(21504K)], 0.0107950 secs] [Times: user=0.06 sys=0.00, real=0.02 secs] 
129.071: Total time for which application threads were stopped: 0.0160070 seconds, Stopping threads took: 0.0000860 seconds
129.227: Application time: 0.1560940 seconds
129.227: [GC [PSYoungGen: 43500K->6605K(50176K)] 71202K->44283K(163840K), 0.0049230 secs] [Times: user=0.04 sys=0.00, real=0.01 secs] 
129.232: Total time for which application threads were stopped: 0.0050720 seconds, Stopping threads took: 0.0000660 seconds
129.324: Application time: 0.0913570 seconds
129.324: [GC [PSYoungGen: 49945K->6621K(50176K)] 87623K->52850K(163840K), 0.0046540 secs] [Times: user=0.03 sys=0.00, real=0.00 secs] 
129.328: Total time for which application threads were stopped: 0.0048440 seconds, Stopping threads took: 0.0001060 seconds
129.341: Application time: 0.0131060 seconds
129.342: [GC [PSYoungGen: 49600K->6637K(50176K)] 95829K->55020K(163840K), 0.0029510 secs] [Times: user=0.02 sys=0.00, real=0.01 secs] 
129.345: Total time for which application threads were stopped: 0.0031770 seconds, Stopping threads took: 0.0001410 seconds
129.357: Application time: 0.0119820 seconds
129.357: [GC [PSYoungGen: 50121K->6637K(50176K)] 98504K->57870K(163840K), 0.0031670 secs] [Times: user=0.02 sys=0.00, real=0.00 secs] 
129.360: Total time for which application threads were stopped: 0.0033950 seconds, Stopping threads took: 0.0001430 seconds
129.371: Application time: 0.0110820 seconds
129.372: [GC [PSYoungGen: 50118K->6653K(50176K)] 101351K->60048K(163840K), 0.0028560 secs] [Times: user=0.02 sys=0.00, real=0.00 secs] 
129.375: Total time for which application threads were stopped: 0.0037860 seconds, Stopping threads took: 0.0008470 seconds
129.385: Application time: 0.0099530 seconds
129.385: [GC [PSYoungGen: 50137K->6637K(50176K)] 103531K->62169K(163840K), 0.0028490 secs] [Times: user=0.02 sys=0.00, real=0.00 secs] 
129.388: Total time for which application threads were stopped: 0.0034900 seconds, Stopping threads took: 0.0005560 seconds
129.399: Application time: 0.0104360 seconds
129.399: [GC [PSYoungGen: 50130K->6637K(50176K)] 105663K->68583K(163840K), 0.0040510 secs] [Times: user=0.03 sys=0.00, real=0.01 secs] 
129.403: Total time for which application threads were stopped: 0.0043040 seconds, Stopping threads took: 0.0001700 seconds
129.473: Application time: 0.0697160 seconds
129.473: [GC [PSYoungGen: 50134K->6637K(50176K)] 112080K->74283K(163840K), 0.0037380 secs] [Times: user=0.03 sys=0.00, real=0.00 secs] 
129.477: Total time for which application threads were stopped: 0.0038950 seconds, Stopping threads took: 0.0000640 seconds
129.632: Application time: 0.1557280 seconds
129.633: [GC [PSYoungGen: 50119K->6653K(50176K)] 117765K->83562K(163840K), 0.0046740 secs] [Times: user=0.03 sys=0.00, real=0.00 secs] 
129.637: Total time for which application threads were stopped: 0.0048550 seconds, Stopping threads took: 0.0000920 seconds
129.803: Application time: 0.1654610 seconds
129.803: [GC [PSYoungGen: 50134K->6636K(50176K)] 127044K->92825K(163840K), 0.0047750 secs] [Times: user=0.03 sys=0.00, real=0.00 secs] 
129.808: Total time for which application threads were stopped: 0.0049250 seconds, Stopping threads took: 0.0000690 seconds
129.911: Application time: 0.1036620 seconds
129.911: [GC [PSYoungGen: 50152K->6652K(50176K)] 136341K->102832K(163840K), 0.0051170 secs] [Times: user=0.04 sys=0.00, real=0.00 secs] 
129.917: Total time for which application threads were stopped: 0.0052920 seconds, Stopping threads took: 0.0000860 seconds
129.933: Application time: 0.0166020 seconds
129.933: [GC [PSYoungGen: 50128K->5972K(50176K)] 146308K->103577K(163840K), 0.0025830 secs] [Times: user=0.02 sys=0.00, real=0.00 secs] 
129.936: Total time for which application threads were stopped: 0.0027710 seconds, Stopping threads took: 0.0001030 seconds
129.954: Application time: 0.0184910 seconds
129.955: [GC [PSYoungGen: 49460K->6636K(50176K)] 147065K->105667K(163840K), 0.0028360 secs] [Times: user=0.02 sys=0.00, real=0.00 secs] 
129.958: [Full GC [PSYoungGen: 6636K->0K(50176K)] [ParOldGen: 99030K->29328K(113664K)] 105667K->29328K(163840K) [PSPermGen: 6090K->6090K(21504K)], 0.0107490 secs] [Times: user=0.06 sys=0.00, real=0.01 secs] 
129.968: Total time for which application threads were stopped: 0.0138080 seconds, Stopping threads took: 0.0000920 seconds
130.021: Application time: 0.0531420 seconds
130.022: [GC [PSYoungGen: 43490K->6508K(50176K)] 72819K->44387K(163840K), 0.0044830 secs] [Times: user=0.04 sys=0.00, real=0.01 secs] 
130.026: Total time for which application threads were stopped: 0.0046770 seconds, Stopping threads took: 0.0000940 seconds
130.122: Application time: 0.0958580 seconds
130.122: [GC [PSYoungGen: 50023K->6636K(50176K)] 87902K->55203K(163840K), 0.0053160 secs] [Times: user=0.04 sys=0.00, real=0.00 secs] 
130.127: Total time for which application threads were stopped: 0.0054790 seconds, Stopping threads took: 0.0000710 seconds
130.143: Application time: 0.0158300 seconds
130.143: [GC [PSYoungGen: 50124K->6604K(50176K)] 98691K->58021K(163840K), 0.0030840 secs] [Times: user=0.02 sys=0.00, real=0.00 secs] 
130.147: Total time for which application threads were stopped: 0.0032510 seconds, Stopping threads took: 0.0000840 seconds
130.162: Application time: 0.0155940 seconds
130.162: [GC [PSYoungGen: 50113K->6540K(50176K)] 101530K->61520K(163840K), 0.0032710 secs] [Times: user=0.02 sys=0.00, real=0.00 secs] 
130.166: Total time for which application threads were stopped: 0.0034600 seconds, Stopping threads took: 0.0001060 seconds
130.175: Application time: 0.0096930 seconds
130.176: [GC [PSYoungGen: 50022K->6636K(50176K)] 105002K->63753K(163840K), 0.0028560 secs] [Times: user=0.02 sys=0.00, real=0.00 secs] 
130.179: Total time for which application threads were stopped: 0.0032940 seconds, Stopping threads took: 0.0003560 seconds
130.191: Application time: 0.0122780 seconds
130.191: [GC [PSYoungGen: 50125K->6636K(50176K)] 107242K->66603K(163840K), 0.0031240 secs] [Times: user=0.02 sys=0.00, real=0.00 secs] 
130.194: Total time for which application threads were stopped: 0.0032970 seconds, Stopping threads took: 0.0000880 seconds
130.213: Application time: 0.0184290 seconds
130.213: [GC [PSYoungGen: 50125K->6636K(50176K)] 110092K->68741K(163840K), 0.0030210 secs] [Times: user=0.02 sys=0.00, real=0.00 secs] 
130.216: Total time for which application threads were stopped: 0.0032000 seconds, Stopping threads took: 0.0000970 seconds
130.263: Application time: 0.0467540 seconds
130.263: [GC [PSYoungGen: 49447K->6636K(50176K)] 111552K->77307K(163840K), 0.0044670 secs] [Times: user=0.03 sys=0.00, real=0.00 secs] 
130.267: Total time for which application threads were stopped: 0.0046330 seconds, Stopping threads took: 0.0000740 seconds
130.285: Application time: 0.0181780 seconds
130.286: [GC [PSYoungGen: 50142K->6652K(50176K)] 120813K->78780K(163840K), 0.0026790 secs] [Times: user=0.02 sys=0.00, real=0.00 secs] 
130.289: Total time for which application threads were stopped: 0.0036310 seconds, Stopping threads took: 0.0008700 seconds
130.301: Application time: 0.0121090 seconds
130.302: [GC [PSYoungGen: 50145K->6636K(50176K)] 122273K->81678K(163840K), 0.0031790 secs] [Times: user=0.03 sys=0.00, real=0.01 secs] 
130.305: Total time for which application threads were stopped: 0.0037010 seconds, Stopping threads took: 0.0004320 seconds
130.315: Application time: 0.0104910 seconds
130.318: [GC [PSYoungGen: 50115K->6636K(50176K)] 125157K->85241K(163840K), 0.0033570 secs] [Times: user=0.03 sys=0.00, real=0.00 secs] 
130.321: Total time for which application threads were stopped: 0.0061300 seconds, Stopping threads took: 0.0026890 seconds
130.332: Application time: 0.0108020 seconds
130.332: [GC [PSYoungGen: 50126K->6636K(50176K)] 128730K->85962K(163840K), 0.0025910 secs] [Times: user=0.01 sys=0.00, real=0.00 secs] 
130.335: Total time for which application threads were stopped: 0.0027910 seconds, Stopping threads took: 0.0001120 seconds
130.347: Application time: 0.0115630 seconds
130.347: [GC [PSYoungGen: 50120K->6636K(50176K)] 129446K->90950K(163840K), 0.0038090 secs] [Times: user=0.02 sys=0.00, real=0.01 secs] 
130.351: Total time for which application threads were stopped: 0.0039830 seconds, Stopping threads took: 0.0000890 seconds
130.396: Application time: 0.0456890 seconds
130.396: [GC [PSYoungGen: 50130K->6636K(50176K)] 134443K->92382K(163840K), 0.0024990 secs] [Times: user=0.01 sys=0.00, real=0.00 secs] 
130.399: Total time for which application threads were stopped: 0.0026400 seconds, Stopping threads took: 0.0000590 seconds
130.513: Application time: 0.1138600 seconds
130.513: [GC [PSYoungGen: 50151K->5988K(50176K)] 135897K->102421K(163840K), 0.0051010 secs] [Times: user=0.04 sys=0.00, real=0.00 secs] 
130.518: Total time for which application threads were stopped: 0.0052700 seconds, Stopping threads took: 0.0000830 seconds
130.535: Application time: 0.0173300 seconds
130.536: [GC [PSYoungGen: 49461K->5211K(50176K)] 145895K->101661K(163840K), 0.0020620 secs] [Times: user=0.01 sys=0.00, real=0.00 secs] 
130.538: Total time for which application threads were stopped: 0.0022250 seconds, Stopping threads took: 0.0000710 seconds
130.556: Application time: 0.0180400 seconds
130.556: [GC [PSYoungGen: 48701K->6636K(50176K)] 145151K->106697K(163840K), 0.0033250 secs] [Times: user=0.02 sys=0.00, real=0.00 secs] 
130.559: Total time for which application threads were stopped: 0.0034870 seconds, Stopping threads took: 0.0000790 seconds
130.622: Application time: 0.0630450 seconds
130.622: [GC [PSYoungGen: 50128K->6604K(50176K)] 150188K->114502K(163840K), 0.0042860 secs] [Times: user=0.02 sys=0.00, real=0.00 secs] 
130.627: [Full GC [PSYoungGen: 6604K->0K(50176K)] [ParOldGen: 107898K->25563K(113664K)] 114502K->25563K(163840K) [PSPermGen: 6090K->6090K(21504K)], 0.0107340 secs] [Times: user=0.06 sys=0.00, real=0.01 secs] 
130.637: Total time for which application threads were stopped: 0.0152140 seconds, Stopping threads took: 0.0000550 seconds
130.807: Application time: 0.1699730 seconds
130.808: [GC [PSYoungGen: 43479K->6412K(50176K)] 69042K->41951K(163840K), 0.0048910 secs] [Times: user=0.03 sys=0.00, real=0.01 secs] 
130.812: Total time for which application threads were stopped: 0.0050480 seconds, Stopping threads took: 0.0000720 seconds
131.011: Application time: 0.1986930 seconds
131.011: [GC [PSYoungGen: 49900K->6476K(50176K)] 85439K->51990K(163840K), 0.0048410 secs] [Times: user=0.04 sys=0.00, real=0.00 secs] 
131.016: Total time for which application threads were stopped: 0.0049870 seconds, Stopping threads took: 0.0000630 seconds
131.192: Application time: 0.1754110 seconds
131.192: [GC [PSYoungGen: 49977K->6540K(50176K)] 95490K->62029K(163840K), 0.0048870 secs] [Times: user=0.04 sys=0.00, real=0.00 secs] 
131.197: Total time for which application threads were stopped: 0.0050620 seconds, Stopping threads took: 0.0000730 seconds
131.396: Application time: 0.1989450 seconds
131.396: [GC [PSYoungGen: 50045K->6636K(50176K)] 105534K->72821K(163840K), 0.0050770 secs] [Times: user=0.04 sys=0.00, real=0.00 secs] 
131.401: Total time for which application threads were stopped: 0.0052540 seconds, Stopping threads took: 0.0000910 seconds
131.575: Application time: 0.1737360 seconds
131.575: [GC [PSYoungGen: 50124K->6636K(50176K)] 116309K->83517K(163840K), 0.0051420 secs] [Times: user=0.03 sys=0.00, real=0.00 secs] 
131.580: Total time for which application threads were stopped: 0.0053020 seconds, Stopping threads took: 0.0000750 seconds
131.776: Application time: 0.1957790 seconds
131.776: [GC [PSYoungGen: 50117K->6636K(50176K)] 126997K->92788K(163840K), 0.0047150 secs] [Times: user=0.03 sys=0.00, real=0.00 secs] 
131.781: Total time for which application threads were stopped: 0.0048930 seconds, Stopping threads took: 0.0000810 seconds
131.944: Application time: 0.1634430 seconds
131.944: [GC [PSYoungGen: 50126K->6604K(50176K)] 136277K->102731K(163840K), 0.0049570 secs] [Times: user=0.03 sys=0.00, real=0.00 secs] 
131.949: Total time for which application threads were stopped: 0.0051130 seconds, Stopping threads took: 0.0000720 seconds
132.125: Application time: 0.1754940 seconds
132.125: [GC [PSYoungGen: 50094K->6636K(50176K)] 146221K->112739K(163840K), 0.0049450 secs] [Times: user=0.03 sys=0.00, real=0.00 secs] 
132.130: [Full GC [PSYoungGen: 6636K->0K(50176K)] [ParOldGen: 106102K->27701K(113664K)] 112739K->27701K(163840K) [PSPermGen: 6090K->6090K(21504K)], 0.0107730 secs] [Times: user=0.06 sys=0.00, real=0.01 secs] 
132.141: Total time for which application threads were stopped: 0.0159250 seconds, Stopping threads took: 0.0000710 seconds
132.274: Application time: 0.1339080 seconds
132.275: [GC [PSYoungGen: 42812K->6636K(50176K)] 70513K->45034K(163840K), 0.0050940 secs] [Times: user=0.03 sys=0.00, real=0.00 secs] 
132.280: Total time for which application threads were stopped: 0.0052420 seconds, Stopping threads took: 0.0000650 seconds
132.436: Application time: 0.1565320 seconds
132.436: [GC [PSYoungGen: 50127K->6604K(50176K)] 88524K->54265K(163840K), 0.0045950 secs] [Times: user=0.03 sys=0.00, real=0.00 secs] 
132.441: Total time for which application threads were stopped: 0.0047590 seconds, Stopping threads took: 0.0000660 seconds
132.582: Application time: 0.1414860 seconds
132.583: [GC [PSYoungGen: 50087K->6637K(50176K)] 97748K->63569K(163840K), 0.0047290 secs] [Times: user=0.04 sys=0.00, real=0.00 secs] 
132.587: Total time for which application threads were stopped: 0.0049000 seconds, Stopping threads took: 0.0000860 seconds
132.725: Application time: 0.1374780 seconds
132.725: [GC [PSYoungGen: 50128K->6637K(50176K)] 107060K->73545K(163840K), 0.0049590 secs] [Times: user=0.04 sys=0.00, real=0.00 secs] 
132.730: Total time for which application threads were stopped: 0.0051070 seconds, Stopping threads took: 0.0000670 seconds
132.871: Application time: 0.1406460 seconds
132.871: [GC [PSYoungGen: 50120K->6637K(50176K)] 117028K->82817K(163840K), 0.0047400 secs] [Times: user=0.04 sys=0.00, real=0.00 secs] 
132.876: Total time for which application threads were stopped: 0.0049170 seconds, Stopping threads took: 0.0000890 seconds
133.025: Application time: 0.1493980 seconds
133.025: [GC [PSYoungGen: 50129K->6637K(50176K)] 126309K->92801K(163840K), 0.0048710 secs] [Times: user=0.04 sys=0.00, real=0.00 secs] 
133.030: Total time for which application threads were stopped: 0.0050330 seconds, Stopping threads took: 0.0000630 seconds
133.166: Application time: 0.1364040 seconds
133.166: [GC [PSYoungGen: 50146K->6637K(50176K)] 136310K->102777K(163840K), 0.0049510 secs] [Times: user=0.04 sys=0.00, real=0.01 secs] 
133.171: Total time for which application threads were stopped: 0.0051280 seconds, Stopping threads took: 0.0000910 seconds
133.292: Application time: 0.1204760 seconds
133.292: [GC [PSYoungGen: 50153K->5956K(50176K)] 146293K->112785K(163840K), 0.0051040 secs] [Times: user=0.04 sys=0.00, real=0.00 secs] 
133.297: [Full GC [PSYoungGen: 5956K->0K(50176K)] [ParOldGen: 106828K->29127K(113664K)] 112785K->29127K(163840K) [PSPermGen: 6090K->6090K(21504K)], 0.0109450 secs] [Times: user=0.06 sys=0.01, real=0.01 secs] 
133.308: Total time for which application threads were stopped: 0.0162680 seconds, Stopping threads took: 0.0000770 seconds
133.322: Application time: 0.0139740 seconds
133.322: [GC [PSYoungGen: 43488K->6573K(50176K)] 72616K->35701K(163840K), 0.0021000 secs] [Times: user=0.01 sys=0.00, real=0.00 secs] 
133.324: Total time for which application threads were stopped: 0.0022740 seconds, Stopping threads took: 0.0000920 seconds
133.342: Application time: 0.0173990 seconds
133.342: [GC [PSYoungGen: 50062K->6541K(50176K)] 79190K->42082K(163840K), 0.0041710 secs] [Times: user=0.03 sys=0.00, real=0.00 secs] 
133.346: Total time for which application threads were stopped: 0.0043480 seconds, Stopping threads took: 0.0000870 seconds
133.373: Application time: 0.0270330 seconds
133.373: [GC [PSYoungGen: 50060K->6541K(50176K)] 85601K->46357K(163840K), 0.0034290 secs] [Times: user=0.03 sys=0.00, real=0.00 secs] 
133.377: Total time for which application threads were stopped: 0.0035840 seconds, Stopping threads took: 0.0000720 seconds
133.394: Application time: 0.0172310 seconds
133.394: [GC [PSYoungGen: 50017K->6637K(50176K)] 89833K->48591K(163840K), 0.0029690 secs] [Times: user=0.02 sys=0.00, real=0.00 secs] 
133.397: Total time for which application threads were stopped: 0.0031310 seconds, Stopping threads took: 0.0000770 seconds
133.416: Application time: 0.0186150 seconds
133.417: [GC [PSYoungGen: 50121K->6573K(50176K)] 92075K->49952K(163840K), 0.0026920 secs] [Times: user=0.02 sys=0.00, real=0.00 secs] 
133.419: Total time for which application threads were stopped: 0.0036380 seconds, Stopping threads took: 0.0008640 seconds
133.434: Application time: 0.0143350 seconds
133.434: [GC [PSYoungGen: 50068K->6573K(50176K)] 93447K->53515K(163840K), 0.0030890 secs] [Times: user=0.02 sys=0.00, real=0.00 secs] 
133.437: Total time for which application threads were stopped: 0.0032570 seconds, Stopping threads took: 0.0000890 seconds
133.577: Application time: 0.1404080 seconds
133.578: [GC [PSYoungGen: 50054K->6604K(50176K)] 96997K->63522K(163840K), 0.0049740 secs] [Times: user=0.04 sys=0.00, real=0.01 secs] 
133.583: Total time for which application threads were stopped: 0.0051420 seconds, Stopping threads took: 0.0000770 seconds
133.742: Application time: 0.1597760 seconds
133.742: [GC [PSYoungGen: 50073K->6652K(50176K)] 106991K->70704K(163840K), 0.0041030 secs] [Times: user=0.03 sys=0.00, real=0.00 secs] 
133.747: Total time for which application threads were stopped: 0.0042490 seconds, Stopping threads took: 0.0000610 seconds
133.766: Application time: 0.0190470 seconds
133.766: [GC [PSYoungGen: 49462K->6620K(50176K)] 113513K->76372K(163840K), 0.0039750 secs] [Times: user=0.03 sys=0.00, real=0.00 secs] 
133.770: Total time for which application threads were stopped: 0.0041510 seconds, Stopping threads took: 0.0000900 seconds
133.787: Application time: 0.0175210 seconds
133.787: [GC [PSYoungGen: 50099K->6637K(50176K)] 119850K->78526K(163840K), 0.0030080 secs] [Times: user=0.03 sys=0.00, real=0.01 secs] 
133.791: Total time for which application threads were stopped: 0.0031740 seconds, Stopping threads took: 0.0000840 seconds
133.802: Application time: 0.0119540 seconds
133.803: [GC [PSYoungGen: 50120K->6605K(50176K)] 122010K->79919K(163840K), 0.0026380 secs] [Times: user=0.02 sys=0.00, real=0.00 secs] 
133.805: Total time for which application threads were stopped: 0.0029210 seconds, Stopping threads took: 0.0002000 seconds
133.930: Application time: 0.1249750 seconds
133.931: [GC [PSYoungGen: 49415K->6652K(50176K)] 122730K->90662K(163840K), 0.0051320 secs] [Times: user=0.03 sys=0.00, real=0.00 secs] 
133.936: Total time for which application threads were stopped: 0.0053020 seconds, Stopping threads took: 0.0000850 seconds
133.954: Application time: 0.0183790 seconds
133.954: [GC [PSYoungGen: 50126K->6636K(50176K)] 134136K->94217K(163840K), 0.0033570 secs] [Times: user=0.03 sys=0.00, real=0.00 secs] 
133.958: Total time for which application threads were stopped: 0.0035200 seconds, Stopping threads took: 0.0000780 seconds
133.975: Application time: 0.0177370 seconds
133.975: [GC [PSYoungGen: 50117K->6636K(50176K)] 137698K->96371K(163840K), 0.0030670 secs] [Times: user=0.02 sys=0.00, real=0.00 secs] 
133.979: Total time for which application threads were stopped: 0.0032610 seconds, Stopping threads took: 0.0001080 seconds
133.995: Application time: 0.0167490 seconds
133.995: [GC [PSYoungGen: 50128K->6636K(50176K)] 139862K->97099K(163840K), 0.0023560 secs] [Times: user=0.01 sys=0.00, real=0.00 secs] 
133.998: Total time for which application threads were stopped: 0.0025080 seconds, Stopping threads took: 0.0000700 seconds
134.094: Application time: 0.0965110 seconds
134.095: [GC [PSYoungGen: 50151K->6652K(50176K)] 140614K->107114K(163840K), 0.0051010 secs] [Times: user=0.04 sys=0.00, real=0.00 secs] 
134.100: [Full GC [PSYoungGen: 6652K->0K(50176K)] [ParOldGen: 100461K->26989K(113664K)] 107114K->26989K(163840K) [PSPermGen: 6090K->6090K(21504K)], 0.0106850 secs] [Times: user=0.06 sys=0.00, real=0.02 secs] 
134.110: Total time for which application threads were stopped: 0.0160190 seconds, Stopping threads took: 0.0000890 seconds
134.128: Application time: 0.0175440 seconds
134.128: [GC [PSYoungGen: 43482K->2329K(50176K)] 70471K->29318K(163840K), 0.0007540 secs] [Times: user=0.00 sys=0.00, real=0.00 secs] 
134.129: Total time for which application threads were stopped: 0.0009130 seconds, Stopping threads took: 0.0000970 seconds
134.146: Application time: 0.0173580 seconds
134.147: [GC [PSYoungGen: 45812K->3010K(50176K)] 72801K->29999K(163840K), 0.0010570 secs] [Times: user=0.01 sys=0.00, real=0.00 secs] 
134.148: Total time for which application threads were stopped: 0.0014100 seconds, Stopping threads took: 0.0002920 seconds
134.162: Application time: 0.0147030 seconds
134.162: [GC [PSYoungGen: 45820K->6476K(50176K)] 72809K->39878K(163840K), 0.0040210 secs] [Times: user=0.02 sys=0.00, real=0.00 secs] 
134.167: Total time for which application threads were stopped: 0.0042150 seconds, Stopping threads took: 0.0001090 seconds
134.183: Application time: 0.0167180 seconds
134.183: [GC [PSYoungGen: 49326K->6540K(50176K)] 82728K->42079K(163840K), 0.0028630 secs] [Times: user=0.02 sys=0.00, real=0.00 secs] 
134.186: Total time for which application threads were stopped: 0.0030250 seconds, Stopping threads took: 0.0000800 seconds
134.203: Application time: 0.0163840 seconds
134.204: [GC [PSYoungGen: 49965K->6588K(50176K)] 85504K->44265K(163840K), 0.0029310 secs] [Times: user=0.02 sys=0.00, real=0.00 secs] 
134.207: Total time for which application threads were stopped: 0.0039080 seconds, Stopping threads took: 0.0008920 seconds
134.218: Application time: 0.0115260 seconds
134.218: [GC [PSYoungGen: 50076K->6636K(50176K)] 87753K->45738K(163840K), 0.0027320 secs] [Times: user=0.02 sys=0.00, real=0.00 secs] 
134.221: Total time for which application threads were stopped: 0.0028950 seconds, Stopping threads took: 0.0000820 seconds
134.233: Application time: 0.0122090 seconds
134.233: [GC [PSYoungGen: 50117K->6604K(50176K)] 89219K->50694K(163840K), 0.0036910 secs] [Times: user=0.03 sys=0.00, real=0.00 secs] 
134.237: Total time for which application threads were stopped: 0.0038650 seconds, Stopping threads took: 0.0000860 seconds
134.255: Application time: 0.0177090 seconds
134.255: [GC [PSYoungGen: 50094K->6636K(50176K)] 94184K->55001K(163840K), 0.0035480 secs] [Times: user=0.03 sys=0.00, real=0.00 secs] 
134.259: Total time for which application threads were stopped: 0.0036990 seconds, Stopping threads took: 0.0000640 seconds
134.307: Application time: 0.0481690 seconds
134.307: [GC [PSYoungGen: 50131K->6604K(50176K)] 98496K->59244K(163840K), 0.0032940 secs] [Times: user=0.02 sys=0.00, real=0.01 secs] 
134.310: Total time for which application threads were stopped: 0.0034410 seconds, Stopping threads took: 0.0000570 seconds
134.345: Application time: 0.0350750 seconds
134.345: [GC [PSYoungGen: 49414K->6636K(50176K)] 102054K->69283K(163840K), 0.0050160 secs] [Times: user=0.04 sys=0.00, real=0.01 secs] 
134.350: Total time for which application threads were stopped: 0.0051860 seconds, Stopping threads took: 0.0000880 seconds
134.367: Application time: 0.0168550 seconds
134.367: [GC [PSYoungGen: 50111K->6636K(50176K)] 112758K->70012K(163840K), 0.0025970 secs] [Times: user=0.01 sys=0.01, real=0.01 secs] 
134.370: Total time for which application threads were stopped: 0.0027740 seconds, Stopping threads took: 0.0000780 seconds
134.384: Application time: 0.0136600 seconds
134.384: [GC [PSYoungGen: 50119K->6636K(50176K)] 113495K->72165K(163840K), 0.0029850 secs] [Times: user=0.03 sys=0.00, real=0.00 secs] 
134.387: Total time for which application threads were stopped: 0.0031560 seconds, Stopping threads took: 0.0000860 seconds
134.531: Application time: 0.1436770 seconds
134.531: [GC [PSYoungGen: 50124K->6636K(50176K)] 115654K->82141K(163840K), 0.0049020 secs] [Times: user=0.02 sys=0.00, real=0.00 secs] 
134.536: Total time for which application threads were stopped: 0.0050540 seconds, Stopping threads took: 0.0000680 seconds
134.734: Application time: 0.1981230 seconds
134.734: [GC [PSYoungGen: 50122K->6652K(50176K)] 125627K->91427K(163840K), 0.0047150 secs] [Times: user=0.03 sys=0.00, real=0.00 secs] 
134.739: Total time for which application threads were stopped: 0.0048680 seconds, Stopping threads took: 0.0000620 seconds
134.904: Application time: 0.1650240 seconds
134.904: [GC [PSYoungGen: 50138K->6652K(50176K)] 134913K->101419K(163840K), 0.0049230 secs] [Times: user=0.03 sys=0.00, real=0.00 secs] 
134.909: Total time for which application threads were stopped: 0.0050790 seconds, Stopping threads took: 0.0000720 seconds
135.118: Application time: 0.2096520 seconds
135.118: [GC [PSYoungGen: 50144K->6636K(50176K)] 144911K->110721K(163840K), 0.0047610 secs] [Times: user=0.04 sys=0.00, real=0.01 secs] 
135.123: [Full GC [PSYoungGen: 6636K->0K(50176K)] [ParOldGen: 104085K->27701K(113664K)] 110721K->27701K(163840K) [PSPermGen: 6090K->6090K(21504K)], 0.0110380 secs] [Times: user=0.06 sys=0.00, real=0.01 secs] 
135.134: Total time for which application threads were stopped: 0.0160030 seconds, Stopping threads took: 0.0000700 seconds
135.334: Application time: 0.1998660 seconds
135.334: [GC [PSYoungGen: 43511K->6540K(50176K)] 71212K->43504K(163840K), 0.0045960 secs] [Times: user=0.03 sys=0.00, real=0.00 secs] 
135.339: Total time for which application threads were stopped: 0.0047580 seconds, Stopping threads took: 0.0000680 seconds
135.527: Application time: 0.1875960 seconds
135.527: [GC [PSYoungGen: 50020K->6636K(50176K)] 86984K->54288K(163840K), 0.0050610 secs] [Times: user=0.04 sys=0.00, real=0.01 secs] 
135.532: Total time for which application threads were stopped: 0.0052110 seconds, Stopping threads took: 0.0000660 seconds
135.711: Application time: 0.1790620 seconds
135.711: [GC [PSYoungGen: 50117K->6604K(50176K)] 97769K->63519K(163840K), 0.0046620 secs] [Times: user=0.03 sys=0.00, real=0.00 secs] 
135.716: Total time for which application threads were stopped: 0.0048090 seconds, Stopping threads took: 0.0000620 seconds
135.879: Application time: 0.1629760 seconds
135.879: [GC [PSYoungGen: 50102K->6636K(50176K)] 107017K->74239K(163840K), 0.0050600 secs] [Times: user=0.04 sys=0.00, real=0.01 secs] 
135.884: Total time for which application threads were stopped: 0.0052430 seconds, Stopping threads took: 0.0000910 seconds
136.062: Application time: 0.1785600 seconds
136.063: [GC [PSYoungGen: 50118K->6636K(50176K)] 117720K->83510K(163840K), 0.0046780 secs] [Times: user=0.03 sys=0.00, real=0.00 secs] 
136.067: Total time for which application threads were stopped: 0.0048390 seconds, Stopping threads took: 0.0000790 seconds
136.208: Application time: 0.1406750 seconds
136.208: [GC [PSYoungGen: 50153K->6636K(50176K)] 127027K->94199K(163840K), 0.0050940 secs] [Times: user=0.03 sys=0.00, real=0.01 secs] 
136.213: Total time for which application threads were stopped: 0.0052530 seconds, Stopping threads took: 0.0000660 seconds
136.348: Application time: 0.1351190 seconds
136.348: [GC [PSYoungGen: 50136K->5956K(50176K)] 137698K->104919K(163840K), 0.0051140 secs] [Times: user=0.03 sys=0.00, real=0.01 secs] 
136.354: [Full GC [PSYoungGen: 5956K->0K(50176K)] [ParOldGen: 98963K->26277K(113664K)] 104919K->26277K(163840K) [PSPermGen: 6090K->6090K(21504K)], 0.0105830 secs] [Times: user=0.06 sys=0.00, real=0.01 secs] 
136.364: Total time for which application threads were stopped: 0.0158990 seconds, Stopping threads took: 0.0000670 seconds
136.508: Application time: 0.1439050 seconds
136.508: [GC [PSYoungGen: 43482K->6413K(50176K)] 69760K->41954K(163840K), 0.0047260 secs] [Times: user=0.04 sys=0.00, real=0.01 secs] 
136.513: Total time for which application threads were stopped: 0.0048970 seconds, Stopping threads took: 0.0000750 seconds
136.666: Application time: 0.1527320 seconds
136.666: [GC [PSYoungGen: 49904K->6541K(50176K)] 85445K->52058K(163840K), 0.0048690 secs] [Times: user=0.04 sys=0.00, real=0.01 secs] 
136.671: Total time for which application threads were stopped: 0.0050050 seconds, Stopping threads took: 0.0000550 seconds
136.813: Application time: 0.1420400 seconds
136.813: [GC [PSYoungGen: 50033K->6573K(50176K)] 95550K->61353K(163840K), 0.0047280 secs] [Times: user=0.04 sys=0.00, real=0.00 secs] 
136.818: Total time for which application threads were stopped: 0.0048650 seconds, Stopping threads took: 0.0000550 seconds
136.962: Application time: 0.1443770 seconds
136.962: [GC [PSYoungGen: 50065K->6573K(50176K)] 104846K->70617K(163840K), 0.0046940 secs] [Times: user=0.04 sys=0.00, real=0.00 secs] 
136.967: Total time for which application threads were stopped: 0.0048460 seconds, Stopping threads took: 0.0000690 seconds
137.118: Application time: 0.1511580 seconds
137.118: [GC [PSYoungGen: 50073K->6605K(50176K)] 114118K->80625K(163840K), 0.0049320 secs] [Times: user=0.03 sys=0.00, real=0.01 secs] 
137.123: Total time for which application threads were stopped: 0.0051030 seconds, Stopping threads took: 0.0000740 seconds
137.253: Application time: 0.1301260 seconds
137.253: [GC [PSYoungGen: 49416K->6637K(50176K)] 123437K->91361K(163840K), 0.0051310 secs] [Times: user=0.04 sys=0.00, real=0.00 secs] 
137.259: Total time for which application threads were stopped: 0.0052840 seconds, Stopping threads took: 0.0000690 seconds
137.277: Application time: 0.0180170 seconds
137.277: [GC [PSYoungGen: 50110K->6637K(50176K)] 134835K->92082K(163840K), 0.0026280 secs] [Times: user=0.02 sys=0.00, real=0.00 secs] 
137.279: Total time for which application threads were stopped: 0.0027890 seconds, Stopping threads took: 0.0000740 seconds
137.297: Application time: 0.0172600 seconds
137.297: [GC [PSYoungGen: 49851K->6637K(50176K)] 135297K->94220K(163840K), 0.0028920 secs] [Times: user=0.02 sys=0.00, real=0.00 secs] 
137.300: Total time for which application threads were stopped: 0.0030580 seconds, Stopping threads took: 0.0000840 seconds
137.311: Application time: 0.0109440 seconds
137.311: [GC [PSYoungGen: 49711K->5956K(50176K)] 137294K->99952K(163840K), 0.0039040 secs] [Times: user=0.03 sys=0.01, real=0.00 secs] 
137.315: Total time for which application threads were stopped: 0.0044440 seconds, Stopping threads took: 0.0004560 seconds
137.332: Application time: 0.0168890 seconds
137.332: [GC [PSYoungGen: 49438K->6605K(50176K)] 143434K->102026K(163840K), 0.0028330 secs] [Times: user=0.02 sys=0.00, real=0.00 secs] 
137.335: Total time for which application threads were stopped: 0.0030010 seconds, Stopping threads took: 0.0000830 seconds
137.351: Application time: 0.0164410 seconds
137.352: [GC [PSYoungGen: 50085K->5956K(50176K)] 145506K->105653K(163840K), 0.0034580 secs] [Times: user=0.02 sys=0.00, real=0.00 secs] 
137.355: [Full GC [PSYoungGen: 5956K->0K(50176K)] [ParOldGen: 99696K->30610K(113664K)] 105653K->30610K(163840K) [PSPermGen: 6090K->6090K(21504K)], 0.0103920 secs] [Times: user=0.06 sys=0.00, real=0.01 secs] 
137.366: Total time for which application threads were stopped: 0.0140740 seconds, Stopping threads took: 0.0000780 seconds
137.379: Application time: 0.0132730 seconds
137.379: [GC [PSYoungGen: 43480K->1585K(50176K)] 74090K->32195K(163840K), 0.0007690 secs] [Times: user=0.00 sys=0.00, real=0.00 secs] 
137.380: Total time for which application threads were stopped: 0.0009290 seconds, Stopping threads took: 0.0000980 seconds
137.517: Application time: 0.1368000 seconds
137.517: [GC [PSYoungGen: 45075K->6476K(50176K)] 75685K->45637K(163840K), 0.0044550 secs] [Times: user=0.03 sys=0.00, real=0.00 secs] 
137.521: Total time for which application threads were stopped: 0.0046250 seconds, Stopping threads took: 0.0000860 seconds
137.660: Application time: 0.1393050 seconds
137.661: [GC [PSYoungGen: 49993K->6572K(50176K)] 89154K->56421K(163840K), 0.0052450 secs] [Times: user=0.04 sys=0.00, real=0.01 secs] 
137.666: Total time for which application threads were stopped: 0.0054280 seconds, Stopping threads took: 0.0000860 seconds
137.682: Application time: 0.0161150 seconds
137.682: [GC [PSYoungGen: 50048K->6540K(50176K)] 99897K->59239K(163840K), 0.0031820 secs] [Times: user=0.03 sys=0.00, real=0.00 secs] 
137.685: Total time for which application threads were stopped: 0.0033420 seconds, Stopping threads took: 0.0000780 seconds
137.704: Application time: 0.0183110 seconds
137.704: [GC [PSYoungGen: 50024K->6572K(50176K)] 102723K->63547K(163840K), 0.0035970 secs] [Times: user=0.03 sys=0.00, real=0.00 secs] 
137.707: Total time for which application threads were stopped: 0.0037880 seconds, Stopping threads took: 0.0001080 seconds
137.722: Application time: 0.0143170 seconds
137.722: [GC [PSYoungGen: 50066K->6636K(50176K)] 107040K->65748K(163840K), 0.0026560 secs] [Times: user=0.02 sys=0.00, real=0.01 secs] 
137.725: Total time for which application threads were stopped: 0.0028150 seconds, Stopping threads took: 0.0000790 seconds
137.857: Application time: 0.1322820 seconds
137.857: [GC [PSYoungGen: 50151K->6572K(50176K)] 109263K->76372K(163840K), 0.0053490 secs] [Times: user=0.03 sys=0.00, real=0.01 secs] 
137.862: Total time for which application threads were stopped: 0.0055360 seconds, Stopping threads took: 0.0001000 seconds
137.877: Application time: 0.0147350 seconds
137.877: [GC [PSYoungGen: 50050K->6572K(50176K)] 119850K->81360K(163840K), 0.0037900 secs] [Times: user=0.03 sys=0.00, real=0.00 secs] 
137.881: Total time for which application threads were stopped: 0.0039860 seconds, Stopping threads took: 0.0001080 seconds
137.900: Application time: 0.0187640 seconds
137.900: [GC [PSYoungGen: 50054K->6636K(50176K)] 124842K->84274K(163840K), 0.0031570 secs] [Times: user=0.02 sys=0.01, real=0.01 secs] 
137.903: Total time for which application threads were stopped: 0.0033180 seconds, Stopping threads took: 0.0000800 seconds
137.952: Application time: 0.0487950 seconds
137.952: [GC [PSYoungGen: 50156K->6636K(50176K)] 127793K->87836K(163840K), 0.0031470 secs] [Times: user=0.02 sys=0.00, real=0.00 secs] 
137.955: Total time for which application threads were stopped: 0.0032960 seconds, Stopping threads took: 0.0000680 seconds
137.981: Application time: 0.0259920 seconds
137.982: [GC [PSYoungGen: 50126K->6636K(50176K)] 131326K->94969K(163840K), 0.0043610 secs] [Times: user=0.03 sys=0.00, real=0.01 secs] 
137.986: Total time for which application threads were stopped: 0.0046740 seconds, Stopping threads took: 0.0002120 seconds
138.002: Application time: 0.0165110 seconds
138.003: [GC [PSYoungGen: 50115K->6636K(50176K)] 138449K->97820K(163840K), 0.0031860 secs] [Times: user=0.02 sys=0.00, real=0.00 secs] 
138.006: Total time for which application threads were stopped: 0.0033510 seconds, Stopping threads took: 0.0000800 seconds
138.019: Application time: 0.0133500 seconds
138.019: [GC [PSYoungGen: 50119K->6636K(50176K)] 141303K->99957K(163840K), 0.0030140 secs] [Times: user=0.02 sys=0.00, real=0.01 secs] 
138.022: Total time for which application threads were stopped: 0.0031930 seconds, Stopping threads took: 0.0000920 seconds
138.074: Application time: 0.0519830 seconds
138.075: [GC [PSYoungGen: 50156K->6068K(50176K)] 143477K->107226K(163840K), 0.0044190 secs] [Times: user=0.03 sys=0.00, real=0.00 secs] 
138.079: [Full GC [PSYoungGen: 6068K->0K(50176K)] [ParOldGen: 101158K->22007K(113664K)] 107226K->22007K(163840K) [PSPermGen: 6090K->6090K(21504K)], 0.0092370 secs] [Times: user=0.05 sys=0.00, real=0.01 secs] 
138.088: Total time for which application threads were stopped: 0.0140420 seconds, Stopping threads took: 0.0002470 seconds
138.100: Application time: 0.0116300 seconds
138.100: [GC [PSYoungGen: 43511K->5211K(50176K)] 65518K->27218K(163840K), 0.0018070 secs] [Times: user=0.01 sys=0.00, real=0.01 secs] 
138.102: Total time for which application threads were stopped: 0.0019770 seconds, Stopping threads took: 0.0000910 seconds
138.114: Application time: 0.0120510 seconds
138.114: [GC [PSYoungGen: 48696K->6604K(50176K)] 70703K->30036K(163840K), 0.0025010 secs] [Times: user=0.02 sys=0.00, real=0.00 secs] 
138.117: Total time for which application threads were stopped: 0.0027970 seconds, Stopping threads took: 0.0002180 seconds
138.129: Application time: 0.0116470 seconds
138.129: [GC [PSYoungGen: 50087K->6508K(50176K)] 73520K->32791K(163840K), 0.0029630 secs] [Times: user=0.02 sys=0.00, real=0.01 secs] 
138.132: Total time for which application threads were stopped: 0.0031210 seconds, Stopping threads took: 0.0000780 seconds
138.141: Application time: 0.0094380 seconds
138.141: [GC [PSYoungGen: 49990K->6572K(50176K)] 76272K->34992K(163840K), 0.0028600 secs] [Times: user=0.02 sys=0.00, real=0.01 secs] 
138.144: Total time for which application threads were stopped: 0.0030330 seconds, Stopping threads took: 0.0000880 seconds
138.156: Application time: 0.0120360 seconds
138.156: [GC [PSYoungGen: 50065K->6604K(50176K)] 78485K->38587K(163840K), 0.0033160 secs] [Times: user=0.02 sys=0.00, real=0.00 secs] 
138.160: Total time for which application threads were stopped: 0.0034950 seconds, Stopping threads took: 0.0000960 seconds
138.249: Application time: 0.0891440 seconds
138.249: Total time for which application threads were stopped: 0.0001040 seconds, Stopping threads took: 0.0000710 seconds
138.271: Application time: 0.0223980 seconds
138.271: [GC [PSYoungGen: 49439K->6572K(50176K)] 81422K->46392K(163840K), 0.0041580 secs] [Times: user=0.03 sys=0.00, real=0.00 secs] 
138.276: Total time for which application threads were stopped: 0.0042830 seconds, Stopping threads took: 0.0000440 seconds
138.455: Application time: 0.1795340 seconds
138.455: [GC [PSYoungGen: 50058K->6604K(50176K)] 89878K->54975K(163840K), 0.0045720 secs] [Times: user=0.03 sys=0.00, real=0.00 secs] 
138.460: Total time for which application threads were stopped: 0.0047260 seconds, Stopping threads took: 0.0000670 seconds
138.656: Application time: 0.1963250 seconds
138.656: [GC [PSYoungGen: 50096K->6636K(50176K)] 98467K->62852K(163840K), 0.0041910 secs] [Times: user=0.04 sys=0.00, real=0.00 secs] 
138.661: Total time for which application threads were stopped: 0.0043290 seconds, Stopping threads took: 0.0000510 seconds
138.865: Application time: 0.2041770 seconds
138.865: [GC [PSYoungGen: 50114K->6636K(50176K)] 106330K->68552K(163840K), 0.0037380 secs] [Times: user=0.02 sys=0.00, real=0.00 secs] 
138.869: Total time for which application threads were stopped: 0.0040250 seconds, Stopping threads took: 0.0001860 seconds
139.042: Application time: 0.1730940 seconds
139.042: [GC [PSYoungGen: 50135K->5956K(50176K)] 112051K->77135K(163840K), 0.0045130 secs] [Times: user=0.04 sys=0.00, real=0.01 secs] 
139.047: Total time for which application threads were stopped: 0.0046640 seconds, Stopping threads took: 0.0000700 seconds
139.259: Application time: 0.2120180 seconds
139.259: [GC [PSYoungGen: 49443K->5956K(50176K)] 120622K->85685K(163840K), 0.0043580 secs] [Times: user=0.03 sys=0.00, real=0.01 secs] 
139.263: Total time for which application threads were stopped: 0.0044930 seconds, Stopping threads took: 0.0000510 seconds
139.414: Application time: 0.1508090 seconds
139.414: [GC [PSYoungGen: 49452K->6636K(50176K)] 129181K->94924K(163840K), 0.0045160 secs] [Times: user=0.02 sys=0.01, real=0.00 secs] 
139.419: Total time for which application threads were stopped: 0.0046820 seconds, Stopping threads took: 0.0000650 seconds
139.579: Application time: 0.1602630 seconds
139.579: [GC [PSYoungGen: 50124K->6636K(50176K)] 138412K->103482K(163840K), 0.0046290 secs] [Times: user=0.03 sys=0.00, real=0.01 secs] 
139.584: Total time for which application threads were stopped: 0.0047940 seconds, Stopping threads took: 0.0000770 seconds
139.755: Application time: 0.1717460 seconds
139.755: [GC [PSYoungGen: 50125K->5956K(50176K)] 146971K->111352K(163840K), 0.0043230 secs] [Times: user=0.03 sys=0.00, real=0.00 secs] 
139.760: [Full GC [PSYoungGen: 5956K->0K(50176K)] [ParOldGen: 105396K->24823K(113664K)] 111352K->24823K(163840K) [PSPermGen: 6090K->6090K(21504K)], 0.0094120 secs] [Times: user=0.05 sys=0.00, real=0.01 secs] 
139.769: Total time for which application threads were stopped: 0.0139550 seconds, Stopping threads took: 0.0000780 seconds
139.929: Application time: 0.1596400 seconds
139.929: [GC [PSYoungGen: 43488K->6508K(50176K)] 68311K->38457K(163840K), 0.0041380 secs] [Times: user=0.03 sys=0.00, real=0.01 secs] 
139.933: Total time for which application threads were stopped: 0.0042930 seconds, Stopping threads took: 0.0000610 seconds
140.091: Application time: 0.1578570 seconds
140.091: [GC [PSYoungGen: 49345K->6604K(50176K)] 81293K->44253K(163840K), 0.0036080 secs] [Times: user=0.03 sys=0.00, real=0.00 secs] 
140.095: Total time for which application threads were stopped: 0.0037480 seconds, Stopping threads took: 0.0000560 seconds
140.238: Application time: 0.1429440 seconds
140.238: [GC [PSYoungGen: 50100K->6637K(50176K)] 87749K->51411K(163840K), 0.0040490 secs] [Times: user=0.03 sys=0.00, real=0.00 secs] 
140.242: Total time for which application threads were stopped: 0.0041970 seconds, Stopping threads took: 0.0000670 seconds
140.384: Application time: 0.1424860 seconds
140.385: [GC [PSYoungGen: 50124K->5956K(50176K)] 94899K->57857K(163840K), 0.0039060 secs] [Times: user=0.02 sys=0.00, real=0.00 secs] 
140.388: Total time for which application threads were stopped: 0.0040430 seconds, Stopping threads took: 0.0000510 seconds
140.550: Application time: 0.1611060 seconds
140.550: [GC [PSYoungGen: 49435K->6637K(50176K)] 101336K->63533K(163840K), 0.0035620 secs] [Times: user=0.03 sys=0.00, real=0.01 secs] 
140.553: Total time for which application threads were stopped: 0.0037110 seconds, Stopping threads took: 0.0000520 seconds
140.679: Application time: 0.1253230 seconds
140.679: [GC [PSYoungGen: 50124K->6637K(50176K)] 107021K->69954K(163840K), 0.0039920 secs] [Times: user=0.03 sys=0.00, real=0.01 secs] 
140.683: Total time for which application threads were stopped: 0.0041390 seconds, Stopping threads took: 0.0000610 seconds
140.812: Application time: 0.1295600 seconds
140.812: Total time for which application threads were stopped: 0.0000870 seconds, Stopping threads took: 0.0000600 seconds
140.877: Application time: 0.0645430 seconds
140.877: [GC [PSYoungGen: 49463K->5956K(50176K)] 112781K->73549K(163840K), 0.0031550 secs] [Times: user=0.02 sys=0.00, real=0.00 secs] 
140.880: Total time for which application threads were stopped: 0.0032830 seconds, Stopping threads took: 0.0000410 seconds
141.044: Application time: 0.1641650 seconds
141.045: [GC [PSYoungGen: 49441K->6636K(50176K)] 117034K->77800K(163840K), 0.0031500 secs] [Times: user=0.02 sys=0.00, real=0.00 secs] 
141.048: Total time for which application threads were stopped: 0.0032840 seconds, Stopping threads took: 0.0000520 seconds
141.066: Application time: 0.0178650 seconds
141.066: Total time for which application threads were stopped: 0.0000670 seconds, Stopping threads took: 0.0000390 seconds
141.319: Application time: 0.2532110 seconds
141.319: [GC [PSYoungGen: 49557K->3074K(50176K)] 120721K->74238K(163840K), 0.0010140 secs] [Times: user=0.00 sys=0.00, real=0.00 secs] 
141.321: Total time for which application threads were stopped: 0.0017140 seconds, Stopping threads took: 0.0000350 seconds
141.323: Application time: 0.0026910 seconds
141.323: Total time for which application threads were stopped: 0.0000480 seconds, Stopping threads took: 0.0000260 seconds
141.481: Application time: 0.1573870 seconds
141.481: Total time for which application threads were stopped: 0.0000960 seconds, Stopping threads took: 0.0000710 seconds
141.498: Application time: 0.0173610 seconds
141.499: [GC [PSYoungGen: 46372K->6100K(50176K)] 117536K->82964K(163840K), 0.0034530 secs] [Times: user=0.02 sys=0.00, real=0.01 secs] 
141.502: Total time for which application threads were stopped: 0.0042510 seconds, Stopping threads took: 0.0007090 seconds
141.515: Application time: 0.0128110 seconds
141.517: [GC [PSYoungGen: 49078K->6148K(50176K)] 125943K->85149K(163840K), 0.0026000 secs] [Times: user=0.02 sys=0.00, real=0.00 secs] 
141.519: Total time for which application threads were stopped: 0.0039330 seconds, Stopping threads took: 0.0012510 seconds
141.533: Application time: 0.0133760 seconds
141.534: [GC [PSYoungGen: 49517K->6100K(50176K)] 128518K->85814K(163840K), 0.0022180 secs] [Times: user=0.01 sys=0.01, real=0.00 secs] 
141.536: Total time for which application threads were stopped: 0.0036130 seconds, Stopping threads took: 0.0013200 seconds
141.549: Application time: 0.0130450 seconds
141.550: [GC [PSYoungGen: 49257K->6132K(50176K)] 128971K->90121K(163840K), 0.0032530 secs] [Times: user=0.03 sys=0.00, real=0.00 secs] 
141.553: Total time for which application threads were stopped: 0.0042000 seconds, Stopping threads took: 0.0008570 seconds
141.568: Application time: 0.0143380 seconds
141.570: [GC [PSYoungGen: 49149K->6084K(50176K)] 133139K->90073K(163840K), 0.0020410 secs] [Times: user=0.01 sys=0.00, real=0.00 secs] 
141.572: Total time for which application threads were stopped: 0.0044200 seconds, Stopping threads took: 0.0022810 seconds
141.586: Application time: 0.0134810 seconds
141.586: [GC [PSYoungGen: 49010K->6100K(50176K)] 132999K->95077K(163840K), 0.0034600 secs] [Times: user=0.02 sys=0.00, real=0.00 secs] 
141.590: Total time for which application threads were stopped: 0.0038160 seconds, Stopping threads took: 0.0002650 seconds
141.603: Application time: 0.0133770 seconds
141.603: [GC [PSYoungGen: 48966K->6636K(50176K)] 137943K->100076K(163840K), 0.0034530 secs] [Times: user=0.02 sys=0.00, real=0.00 secs] 
141.607: Total time for which application threads were stopped: 0.0039860 seconds, Stopping threads took: 0.0004510 seconds
141.621: Application time: 0.0138460 seconds
141.622: [GC [PSYoungGen: 49463K->5956K(50176K)] 142903K->100132K(163840K), 0.0022230 secs] [Times: user=0.01 sys=0.00, real=0.01 secs] 
141.624: Total time for which application threads were stopped: 0.0030610 seconds, Stopping threads took: 0.0007500 seconds
141.637: Application time: 0.0135520 seconds
141.638: [GC [PSYoungGen: 49469K->5956K(50176K)] 143646K->100853K(163840K), 0.0038910 secs] [Times: user=0.03 sys=0.00, real=0.00 secs] 
141.642: Total time for which application threads were stopped: 0.0045570 seconds, Stopping threads took: 0.0005830 seconds
141.656: Application time: 0.0140580 seconds
141.657: [GC [PSYoungGen: 49460K->5956K(50176K)] 144357K->100853K(163840K), 0.0019730 secs] [Times: user=0.01 sys=0.00, real=0.00 secs] 
141.659: Total time for which application threads were stopped: 0.0027090 seconds, Stopping threads took: 0.0006560 seconds
141.673: Application time: 0.0138760 seconds
141.673: [GC [PSYoungGen: 49474K->6020K(50176K)] 144371K->107330K(163840K), 0.0037440 secs] [Times: user=0.02 sys=0.00, real=0.00 secs] 
141.677: Total time for which application threads were stopped: 0.0041000 seconds, Stopping threads took: 0.0002720 seconds
141.690: Application time: 0.0129130 seconds
141.691: [GC [PSYoungGen: 49514K->6004K(50176K)] 150824K->110164K(163840K), 0.0027420 secs] [Times: user=0.02 sys=0.00, real=0.00 secs] 
141.694: Total time for which application threads were stopped: 0.0041580 seconds, Stopping threads took: 0.0013330 seconds
141.706: Application time: 0.0123800 seconds
141.707: [GC [PSYoungGen: 49488K->5988K(50176K)] 153648K->112286K(163840K), 0.0026090 secs] [Times: user=0.02 sys=0.00, real=0.00 secs] 
141.710: [Full GC [PSYoungGen: 5988K->0K(50176K)] [ParOldGen: 106298K->17019K(113664K)] 112286K->17019K(163840K) [PSPermGen: 6114K->6114K(21504K)], 0.0083270 secs] [Times: user=0.03 sys=0.00, real=0.01 secs] 
141.718: Total time for which application threads were stopped: 0.0118680 seconds, Stopping threads took: 0.0007990 seconds
141.731: Application time: 0.0132890 seconds
141.732: [GC [PSYoungGen: 43485K->6413K(50176K)] 60504K->23433K(163840K), 0.0020870 secs] [Times: user=0.01 sys=0.01, real=0.00 secs] 
141.735: Total time for which application threads were stopped: 0.0032270 seconds, Stopping threads took: 0.0010550 seconds
141.748: Application time: 0.0130580 seconds
141.748: [GC [PSYoungGen: 49900K->5701K(50176K)] 66920K->22720K(163840K), 0.0018600 secs] [Times: user=0.01 sys=0.00, real=0.01 secs] 
141.750: Total time for which application threads were stopped: 0.0027250 seconds, Stopping threads took: 0.0007870 seconds
141.763: Application time: 0.0125710 seconds
141.764: [GC [PSYoungGen: 49196K->6574K(50176K)] 66215K->23593K(163840K), 0.0020100 secs] [Times: user=0.02 sys=0.00, real=0.00 secs] 
141.767: Total time for which application threads were stopped: 0.0035500 seconds, Stopping threads took: 0.0014640 seconds
141.779: Application time: 0.0121680 seconds
141.780: [GC [PSYoungGen: 49382K->6606K(50176K)] 66401K->27189K(163840K), 0.0031630 secs] [Times: user=0.02 sys=0.00, real=0.01 secs] 
141.783: Total time for which application threads were stopped: 0.0045550 seconds, Stopping threads took: 0.0013100 seconds
141.796: Application time: 0.0129090 seconds
141.797: [GC [PSYoungGen: 50101K->6638K(50176K)] 70684K->29367K(163840K), 0.0027580 secs] [Times: user=0.02 sys=0.00, real=0.00 secs] 
141.799: Total time for which application threads were stopped: 0.0032330 seconds, Stopping threads took: 0.0003900 seconds
141.812: Application time: 0.0125280 seconds
141.813: [GC [PSYoungGen: 50131K->6637K(50176K)] 72860K->30800K(163840K), 0.0025010 secs] [Times: user=0.02 sys=0.00, real=0.00 secs] 
141.815: Total time for which application threads were stopped: 0.0033350 seconds, Stopping threads took: 0.0007510 seconds
141.828: Application time: 0.0130790 seconds
141.829: [GC [PSYoungGen: 50123K->6637K(50176K)] 74285K->32233K(163840K), 0.0025390 secs] [Times: user=0.01 sys=0.00, real=0.01 secs] 
141.832: Total time for which application threads were stopped: 0.0034700 seconds, Stopping threads took: 0.0008460 seconds
141.844: Application time: 0.0122640 seconds
141.845: [GC [PSYoungGen: 50121K->6637K(50176K)] 75717K->35803K(163840K), 0.0031030 secs] [Times: user=0.02 sys=0.00, real=0.00 secs] 
141.848: Total time for which application threads were stopped: 0.0038720 seconds, Stopping threads took: 0.0006870 seconds
141.862: Application time: 0.0136270 seconds
141.863: [GC [PSYoungGen: 50119K->6573K(50176K)] 79286K->35739K(163840K), 0.0019600 secs] [Times: user=0.01 sys=0.00, real=0.00 secs] 
141.865: Total time for which application threads were stopped: 0.0029250 seconds, Stopping threads took: 0.0008820 seconds
141.878: Application time: 0.0132510 seconds
141.878: [GC [PSYoungGen: 50088K->5956K(50176K)] 79254K->40110K(163840K), 0.0031990 secs] [Times: user=0.02 sys=0.00, real=0.00 secs] 
141.882: Total time for which application threads were stopped: 0.0038030 seconds, Stopping threads took: 0.0005190 seconds
142.024: Application time: 0.1425620 seconds
142.024: [GC [PSYoungGen: 49469K->6636K(50176K)] 83623K->52903K(163840K), 0.0054650 secs] [Times: user=0.04 sys=0.00, real=0.00 secs] 
142.030: Total time for which application threads were stopped: 0.0056130 seconds, Stopping threads took: 0.0000630 seconds
142.238: Application time: 0.2076860 seconds
142.238: [GC [PSYoungGen: 50116K->5956K(50176K)] 96383K->63623K(163840K), 0.0050700 secs] [Times: user=0.04 sys=0.00, real=0.01 secs] 
142.243: Total time for which application threads were stopped: 0.0052360 seconds, Stopping threads took: 0.0000730 seconds
142.416: Application time: 0.1734320 seconds
142.416: [GC [PSYoungGen: 49435K->6636K(50176K)] 107103K->73574K(163840K), 0.0046990 secs] [Times: user=0.03 sys=0.00, real=0.00 secs] 
142.421: Total time for which application threads were stopped: 0.0048920 seconds, Stopping threads took: 0.0001010 seconds
142.627: Application time: 0.2062100 seconds
142.627: [GC [PSYoungGen: 50116K->6636K(50176K)] 117054K->82845K(163840K), 0.0046090 secs] [Times: user=0.03 sys=0.00, real=0.01 secs] 
142.632: Total time for which application threads were stopped: 0.0047530 seconds, Stopping threads took: 0.0000580 seconds
142.802: Application time: 0.1696190 seconds
142.802: [GC [PSYoungGen: 49448K->6636K(50176K)] 125656K->92116K(163840K), 0.0047140 secs] [Times: user=0.03 sys=0.00, real=0.01 secs] 
142.807: Total time for which application threads were stopped: 0.0048810 seconds, Stopping threads took: 0.0000740 seconds
143.016: Application time: 0.2096250 seconds
143.016: [GC [PSYoungGen: 50124K->6636K(50176K)] 135604K->103524K(163840K), 0.0054010 secs] [Times: user=0.04 sys=0.00, real=0.00 secs] 
143.022: Total time for which application threads were stopped: 0.0055550 seconds, Stopping threads took: 0.0000680 seconds
143.213: Application time: 0.1915570 seconds
143.213: [GC [PSYoungGen: 50116K->6636K(50176K)] 147003K->112794K(163840K), 0.0047880 secs] [Times: user=0.03 sys=0.01, real=0.00 secs] 
143.218: [Full GC [PSYoungGen: 6636K->0K(50176K)] [ParOldGen: 106158K->30727K(113664K)] 112794K->30727K(163840K) [PSPermGen: 6114K->6114K(21504K)], 0.0105550 secs] [Times: user=0.06 sys=0.00, real=0.01 secs] 
143.229: Total time for which application threads were stopped: 0.0155730 seconds, Stopping threads took: 0.0000980 seconds
143.447: Application time: 0.2184620 seconds
143.447: [GC [PSYoungGen: 43479K->6412K(50176K)] 74207K->46403K(163840K), 0.0046770 secs] [Times: user=0.03 sys=0.00, real=0.01 secs] 
143.452: Total time for which application threads were stopped: 0.0048400 seconds, Stopping threads took: 0.0000660 seconds
143.668: Application time: 0.2157230 seconds
143.668: [GC [PSYoungGen: 49892K->6412K(50176K)] 89882K->56378K(163840K), 0.0048850 secs] [Times: user=0.04 sys=0.00, real=0.01 secs] 
143.673: Total time for which application threads were stopped: 0.0050490 seconds, Stopping threads took: 0.0000820 seconds
143.832: Application time: 0.1595510 seconds
143.833: [GC [PSYoungGen: 49231K->6636K(50176K)] 99197K->68723K(163840K), 0.0054700 secs] [Times: user=0.04 sys=0.00, real=0.00 secs] 
143.838: Total time for which application threads were stopped: 0.0056230 seconds, Stopping threads took: 0.0000710 seconds
143.982: Application time: 0.1440340 seconds
143.982: [GC [PSYoungGen: 50134K->6636K(50176K)] 112221K->79419K(163840K), 0.0050950 secs] [Times: user=0.04 sys=0.00, real=0.00 secs] 
143.987: Total time for which application threads were stopped: 0.0052530 seconds, Stopping threads took: 0.0000630 seconds
144.132: Application time: 0.1442010 seconds
144.132: [GC [PSYoungGen: 50118K->5956K(50176K)] 122900K->88714K(163840K), 0.0047070 secs] [Times: user=0.03 sys=0.00, real=0.00 secs] 
144.136: Total time for which application threads were stopped: 0.0048530 seconds, Stopping threads took: 0.0000590 seconds
144.279: Application time: 0.1425690 seconds
144.279: [GC [PSYoungGen: 49438K->6637K(50176K)] 132196K->98666K(163840K), 0.0046950 secs] [Times: user=0.04 sys=0.00, real=0.01 secs] 
144.284: Total time for which application threads were stopped: 0.0048520 seconds, Stopping threads took: 0.0000720 seconds
144.401: Application time: 0.1170420 seconds
144.401: [GC [PSYoungGen: 50120K->6637K(50176K)] 142149K->108650K(163840K), 0.0049510 secs] [Times: user=0.04 sys=0.00, real=0.01 secs] 
144.406: [Full GC [PSYoungGen: 6637K->0K(50176K)] [ParOldGen: 102013K->25741K(113664K)] 108650K->25741K(163840K) [PSPermGen: 6116K->6116K(21504K)], 0.0097910 secs] [Times: user=0.05 sys=0.00, real=0.01 secs] 
144.416: Total time for which application threads were stopped: 0.0149570 seconds, Stopping threads took: 0.0000780 seconds
144.566: Application time: 0.1499020 seconds
144.566: [GC [PSYoungGen: 43483K->6413K(50176K)] 69225K->41418K(163840K), 0.0047790 secs] [Times: user=0.04 sys=0.00, real=0.01 secs] 
144.571: Total time for which application threads were stopped: 0.0049690 seconds, Stopping threads took: 0.0000910 seconds
144.710: Application time: 0.1388200 seconds
144.710: [GC [PSYoungGen: 49932K->6637K(50176K)] 84937K->51619K(163840K), 0.0049030 secs] [Times: user=0.04 sys=0.00, real=0.01 secs] 
144.715: Total time for which application threads were stopped: 0.0051060 seconds, Stopping threads took: 0.0001170 seconds
144.865: Application time: 0.1500860 seconds
144.865: [GC [PSYoungGen: 50156K->5956K(50176K)] 95138K->63765K(163840K), 0.0055490 secs] [Times: user=0.04 sys=0.00, real=0.01 secs] 
144.871: Total time for which application threads were stopped: 0.0057130 seconds, Stopping threads took: 0.0000800 seconds
145.029: Application time: 0.1587760 seconds
145.029: [GC [PSYoungGen: 49440K->5956K(50176K)] 107249K->74454K(163840K), 0.0049740 secs] [Times: user=0.04 sys=0.00, real=0.01 secs] 
145.034: Total time for which application threads were stopped: 0.0051830 seconds, Stopping threads took: 0.0001260 seconds
145.198: Application time: 0.1634540 seconds
145.198: [GC [PSYoungGen: 49439K->6637K(50176K)] 117937K->84405K(163840K), 0.0047730 secs] [Times: user=0.03 sys=0.00, real=0.01 secs] 
145.203: Total time for which application threads were stopped: 0.0049640 seconds, Stopping threads took: 0.0000980 seconds
145.370: Application time: 0.1666560 seconds
145.370: [GC [PSYoungGen: 50119K->6636K(50176K)] 127887K->93676K(163840K), 0.0047100 secs] [Times: user=0.04 sys=0.00, real=0.01 secs] 
145.374: Total time for which application threads were stopped: 0.0048870 seconds, Stopping threads took: 0.0000920 seconds
145.531: Application time: 0.1562910 seconds
145.531: [GC [PSYoungGen: 50118K->6636K(50176K)] 137157K->102947K(163840K), 0.0047460 secs] [Times: user=0.04 sys=0.00, real=0.00 secs] 
145.536: Total time for which application threads were stopped: 0.0049030 seconds, Stopping threads took: 0.0000700 seconds
145.693: Application time: 0.1573170 seconds
145.693: [GC [PSYoungGen: 49861K->5988K(50176K)] 146172K->110136K(163840K), 0.0040450 secs] [Times: user=0.03 sys=0.00, real=0.00 secs] 
145.697: [Full GC [PSYoungGen: 5988K->0K(50176K)] [ParOldGen: 104148K->25964K(113664K)] 110136K->25964K(163840K) [PSPermGen: 6116K->6116K(21504K)], 0.0091230 secs] [Times: user=0.05 sys=0.00, real=0.01 secs] 
145.706: Total time for which application threads were stopped: 0.0133630 seconds, Stopping threads took: 0.0000580 seconds
145.722: Application time: 0.0155760 seconds
145.722: [GC [PSYoungGen: 43088K->5924K(50176K)] 69053K->31888K(163840K), 0.0018310 secs] [Times: user=0.01 sys=0.00, real=0.00 secs] 
145.724: Total time for which application threads were stopped: 0.0023040 seconds, Stopping threads took: 0.0003830 seconds
145.736: Application time: 0.0122510 seconds
145.737: [GC [PSYoungGen: 49434K->6636K(50176K)] 75398K->32600K(163840K), 0.0022550 secs] [Times: user=0.02 sys=0.00, real=0.00 secs] 
145.740: Total time for which application threads were stopped: 0.0030760 seconds, Stopping threads took: 0.0007380 seconds
145.751: Application time: 0.0116930 seconds
145.751: [GC [PSYoungGen: 49697K->5956K(50176K)] 75661K->35483K(163840K), 0.0030720 secs] [Times: user=0.02 sys=0.00, real=0.00 secs] 
145.754: Total time for which application threads were stopped: 0.0032440 seconds, Stopping threads took: 0.0000870 seconds
145.765: Application time: 0.0105180 seconds
145.765: [GC [PSYoungGen: 49203K->6636K(50176K)] 78729K->39754K(163840K), 0.0032880 secs] [Times: user=0.02 sys=0.00, real=0.00 secs] 
145.769: Total time for which application threads were stopped: 0.0037010 seconds, Stopping threads took: 0.0003300 seconds
145.781: Application time: 0.0125890 seconds
145.782: [GC [PSYoungGen: 50134K->6636K(50176K)] 83251K->44770K(163840K), 0.0035650 secs] [Times: user=0.03 sys=0.00, real=0.00 secs] 
145.786: Total time for which application threads were stopped: 0.0045880 seconds, Stopping threads took: 0.0009250 seconds
145.798: Application time: 0.0124050 seconds
145.799: [GC [PSYoungGen: 49994K->5956K(50176K)] 88127K->44089K(163840K), 0.0019150 secs] [Times: user=0.01 sys=0.00, real=0.00 secs] 
145.801: Total time for which application threads were stopped: 0.0025650 seconds, Stopping threads took: 0.0005750 seconds
145.813: Application time: 0.0117410 seconds
145.814: [GC [PSYoungGen: 48874K->6636K(50176K)] 87007K->46940K(163840K), 0.0028110 secs] [Times: user=0.02 sys=0.00, real=0.00 secs] 
145.816: Total time for which application threads were stopped: 0.0038850 seconds, Stopping threads took: 0.0009880 seconds
145.830: Application time: 0.0133230 seconds
145.831: [GC [PSYoungGen: 49481K->5956K(50176K)] 89784K->47684K(163840K), 0.0023250 secs] [Times: user=0.02 sys=0.00, real=0.00 secs] 
145.833: Total time for which application threads were stopped: 0.0031990 seconds, Stopping threads took: 0.0007880 seconds
145.845: Application time: 0.0119770 seconds
145.845: [GC [PSYoungGen: 49288K->6020K(50176K)] 91016K->52736K(163840K), 0.0033710 secs] [Times: user=0.03 sys=0.00, real=0.00 secs] 
145.849: Total time for which application threads were stopped: 0.0037190 seconds, Stopping threads took: 0.0002590 seconds
145.862: Application time: 0.0129110 seconds
145.863: [GC [PSYoungGen: 49018K->5988K(50176K)] 95734K->56266K(163840K), 0.0029720 secs] [Times: user=0.02 sys=0.00, real=0.00 secs] 
145.866: Total time for which application threads were stopped: 0.0040760 seconds, Stopping threads took: 0.0010220 seconds
145.879: Application time: 0.0131220 seconds
145.880: [GC [PSYoungGen: 49405K->6052K(50176K)] 99683K->57755K(163840K), 0.0022740 secs] [Times: user=0.02 sys=0.00, real=0.00 secs] 
145.882: Total time for which application threads were stopped: 0.0030330 seconds, Stopping threads took: 0.0006750 seconds
145.895: Application time: 0.0133780 seconds
145.895: [GC [PSYoungGen: 49552K->6652K(50176K)] 101256K->62675K(163840K), 0.0034500 secs] [Times: user=0.02 sys=0.00, real=0.00 secs] 
145.899: Total time for which application threads were stopped: 0.0037000 seconds, Stopping threads took: 0.0001660 seconds
145.912: Application time: 0.0134900 seconds
145.913: [GC [PSYoungGen: 50139K->6637K(50176K)] 106161K->64821K(163840K), 0.0027480 secs] [Times: user=0.02 sys=0.00, real=0.00 secs] 
145.916: Total time for which application threads were stopped: 0.0036840 seconds, Stopping threads took: 0.0008510 seconds
145.929: Application time: 0.0125650 seconds
145.930: [GC [PSYoungGen: 50133K->6636K(50176K)] 108318K->66270K(163840K), 0.0025790 secs] [Times: user=0.02 sys=0.00, real=0.01 secs] 
145.932: Total time for which application threads were stopped: 0.0036820 seconds, Stopping threads took: 0.0010110 seconds
145.945: Application time: 0.0125000 seconds
145.946: [GC [PSYoungGen: 50114K->6652K(50176K)] 109747K->67007K(163840K), 0.0024050 secs] [Times: user=0.02 sys=0.00, real=0.00 secs] 
145.948: Total time for which application threads were stopped: 0.0033050 seconds, Stopping threads took: 0.0008180 seconds
145.961: Application time: 0.0125470 seconds
145.962: [GC [PSYoungGen: 50146K->6653K(50176K)] 110500K->69865K(163840K), 0.0029880 secs] [Times: user=0.02 sys=0.00, real=0.01 secs] 
145.965: Total time for which application threads were stopped: 0.0039700 seconds, Stopping threads took: 0.0008980 seconds
145.977: Application time: 0.0119040 seconds
145.978: [GC [PSYoungGen: 50145K->6637K(50176K)] 113357K->73444K(163840K), 0.0031870 secs] [Times: user=0.02 sys=0.00, real=0.00 secs] 
145.981: Total time for which application threads were stopped: 0.0042100 seconds, Stopping threads took: 0.0009360 seconds
145.993: Application time: 0.0117080 seconds
145.993: [GC [PSYoungGen: 50118K->6637K(50176K)] 116925K->74885K(163840K), 0.0025660 secs] [Times: user=0.02 sys=0.00, real=0.00 secs] 
145.996: Total time for which application threads were stopped: 0.0029690 seconds, Stopping threads took: 0.0003180 seconds
146.007: Application time: 0.0116380 seconds
146.007: [GC [PSYoungGen: 50130K->5956K(50176K)] 118378K->79913K(163840K), 0.0036490 secs] [Times: user=0.03 sys=0.00, real=0.01 secs] 
146.011: Total time for which application threads were stopped: 0.0038810 seconds, Stopping threads took: 0.0001470 seconds
146.022: Application time: 0.0111240 seconds
146.023: [GC [PSYoungGen: 49455K->6637K(50176K)] 123412K->82732K(163840K), 0.0027590 secs] [Times: user=0.01 sys=0.00, real=0.00 secs] 
146.025: Total time for which application threads were stopped: 0.0031260 seconds, Stopping threads took: 0.0002850 seconds
146.037: Application time: 0.0114580 seconds
146.037: [GC [PSYoungGen: 50114K->6637K(50176K)] 126208K->82747K(163840K), 0.0023240 secs] [Times: user=0.01 sys=0.00, real=0.00 secs] 
146.040: Total time for which application threads were stopped: 0.0027610 seconds, Stopping threads took: 0.0003530 seconds
146.051: Application time: 0.0111220 seconds
146.051: [GC [PSYoungGen: 50115K->6636K(50176K)] 126226K->84180K(163840K), 0.0025040 secs] [Times: user=0.02 sys=0.00, real=0.00 secs] 
146.054: Total time for which application threads were stopped: 0.0028930 seconds, Stopping threads took: 0.0003090 seconds
146.065: Application time: 0.0117570 seconds
146.065: [GC [PSYoungGen: 50150K->5956K(50176K)] 127694K->91345K(163840K), 0.0043410 secs] [Times: user=0.04 sys=0.00, real=0.00 secs] 
146.070: Total time for which application threads were stopped: 0.0045210 seconds, Stopping threads took: 0.0000960 seconds
146.201: Application time: 0.1308470 seconds
146.201: [GC [PSYoungGen: 49445K->6604K(50176K)] 134835K->102714K(163840K), 0.0050720 secs] [Times: user=0.04 sys=0.00, real=0.01 secs] 
146.206: Total time for which application threads were stopped: 0.0052180 seconds, Stopping threads took: 0.0000620 seconds
146.377: Application time: 0.1715470 seconds
146.378: [GC [PSYoungGen: 50084K->6636K(50176K)] 146193K->112024K(163840K), 0.0047480 secs] [Times: user=0.03 sys=0.00, real=0.01 secs] 
146.382: [Full GC [PSYoungGen: 6636K->0K(50176K)] [ParOldGen: 105388K->24858K(113664K)] 112024K->24858K(163840K) [PSPermGen: 6119K->6119K(21504K)], 0.0095860 secs] [Times: user=0.05 sys=0.00, real=0.01 secs] 
146.392: Total time for which application threads were stopped: 0.0145360 seconds, Stopping threads took: 0.0000580 seconds
146.589: Application time: 0.1969190 seconds
146.589: [GC [PSYoungGen: 43479K->6412K(50176K)] 68337K->40533K(163840K), 0.0045880 secs] [Times: user=0.04 sys=0.00, real=0.01 secs] 
146.594: Total time for which application threads were stopped: 0.0047570 seconds, Stopping threads took: 0.0000850 seconds
146.764: Application time: 0.1704780 seconds
146.764: [GC [PSYoungGen: 49898K->6540K(50176K)] 84019K->50636K(163840K), 0.0049170 secs] [Times: user=0.04 sys=0.00, real=0.00 secs] 
146.769: Total time for which application threads were stopped: 0.0050630 seconds, Stopping threads took: 0.0000630 seconds
146.961: Application time: 0.1912910 seconds
146.961: [GC [PSYoungGen: 50049K->6572K(50176K)] 94145K->61356K(163840K), 0.0050790 secs] [Times: user=0.03 sys=0.00, real=0.01 secs] 
146.966: Total time for which application threads were stopped: 0.0052460 seconds, Stopping threads took: 0.0000720 seconds
147.171: Application time: 0.2050790 seconds
147.171: [GC [PSYoungGen: 50077K->6636K(50176K)] 104861K->72828K(163840K), 0.0052420 secs] [Times: user=0.04 sys=0.00, real=0.00 secs] 
147.176: Total time for which application threads were stopped: 0.0054020 seconds, Stopping threads took: 0.0000750 seconds
147.371: Application time: 0.1949600 seconds
147.371: [GC [PSYoungGen: 50116K->5956K(50176K)] 116308K->82835K(163840K), 0.0049290 secs] [Times: user=0.04 sys=0.00, real=0.00 secs] 
147.376: Total time for which application threads were stopped: 0.0051070 seconds, Stopping threads took: 0.0000930 seconds
147.608: Application time: 0.2316290 seconds
147.608: [GC [PSYoungGen: 49435K->6636K(50176K)] 126315K->92787K(163840K), 0.0047160 secs] [Times: user=0.04 sys=0.00, real=0.01 secs] 
147.613: Total time for which application threads were stopped: 0.0048890 seconds, Stopping threads took: 0.0000810 seconds
147.797: Application time: 0.1843130 seconds
147.797: [GC [PSYoungGen: 50133K->6636K(50176K)] 136283K->102770K(163840K), 0.0049450 secs] [Times: user=0.04 sys=0.00, real=0.01 secs] 
147.802: Total time for which application threads were stopped: 0.0051010 seconds, Stopping threads took: 0.0000710 seconds
147.973: Application time: 0.1707290 seconds
147.973: [GC [PSYoungGen: 50142K->6636K(50176K)] 146276K->113458K(163840K), 0.0050190 secs] [Times: user=0.03 sys=0.00, real=0.00 secs] 
147.978: [Full GC [PSYoungGen: 6636K->0K(50176K)] [ParOldGen: 106821K->26495K(113664K)] 113458K->26495K(163840K) [PSPermGen: 6119K->6119K(21504K)], 0.0095930 secs] [Times: user=0.06 sys=0.00, real=0.01 secs] 
147.988: Total time for which application threads were stopped: 0.0148150 seconds, Stopping threads took: 0.0000670 seconds
148.130: Application time: 0.1426180 seconds
148.131: [GC [PSYoungGen: 43506K->6604K(50176K)] 70002K->44500K(163840K), 0.0052780 secs] [Times: user=0.03 sys=0.00, real=0.00 secs] 
148.136: Total time for which application threads were stopped: 0.0054370 seconds, Stopping threads took: 0.0000580 seconds
148.278: Application time: 0.1421900 seconds
148.278: [GC [PSYoungGen: 50086K->6636K(50176K)] 87982K->53796K(163840K), 0.0046950 secs] [Times: user=0.04 sys=0.00, real=0.01 secs] 
148.283: Total time for which application threads were stopped: 0.0048590 seconds, Stopping threads took: 0.0000790 seconds
148.426: Application time: 0.1434640 seconds
148.427: [GC [PSYoungGen: 50119K->6605K(50176K)] 97278K->63027K(163840K), 0.0047050 secs] [Times: user=0.03 sys=0.00, real=0.01 secs] 
148.431: Total time for which application threads were stopped: 0.0048520 seconds, Stopping threads took: 0.0000640 seconds
148.560: Application time: 0.1287030 seconds
148.560: [GC [PSYoungGen: 50088K->6573K(50176K)] 106510K->72971K(163840K), 0.0049530 secs] [Times: user=0.04 sys=0.00, real=0.01 secs] 
148.565: Total time for which application threads were stopped: 0.0051110 seconds, Stopping threads took: 0.0000740 seconds
148.717: Application time: 0.1523890 seconds
148.718: [GC [PSYoungGen: 50065K->6637K(50176K)] 116464K->83012K(163840K), 0.0048740 secs] [Times: user=0.03 sys=0.00, real=0.01 secs] 
148.723: Total time for which application threads were stopped: 0.0050270 seconds, Stopping threads took: 0.0000590 seconds
148.861: Application time: 0.1385450 seconds
148.861: [GC [PSYoungGen: 50138K->6637K(50176K)] 126513K->92996K(163840K), 0.0048880 secs] [Times: user=0.03 sys=0.00, real=0.01 secs] 
148.866: Total time for which application threads were stopped: 0.0050360 seconds, Stopping threads took: 0.0000610 seconds
149.016: Application time: 0.1501840 seconds
149.016: [GC [PSYoungGen: 49451K->5956K(50176K)] 135811K->105855K(163840K), 0.0056430 secs] [Times: user=0.04 sys=0.00, real=0.01 secs] 
149.022: [Full GC [PSYoungGen: 5956K->0K(50176K)] [ParOldGen: 99898K->30560K(113664K)] 105855K->30560K(163840K) [PSPermGen: 6119K->6119K(21504K)], 0.0105920 secs] [Times: user=0.06 sys=0.01, real=0.01 secs] 
149.033: Total time for which application threads were stopped: 0.0164350 seconds, Stopping threads took: 0.0000650 seconds
149.175: Application time: 0.1421270 seconds
149.175: [GC [PSYoungGen: 43483K->6413K(50176K)] 74044K->46237K(163840K), 0.0047240 secs] [Times: user=0.04 sys=0.00, real=0.00 secs] 
149.180: Total time for which application threads were stopped: 0.0048900 seconds, Stopping threads took: 0.0000830 seconds
149.334: Application time: 0.1545890 seconds
149.334: [GC [PSYoungGen: 49895K->6413K(50176K)] 89720K->56213K(163840K), 0.0049740 secs] [Times: user=0.04 sys=0.00, real=0.00 secs] 
149.339: Total time for which application threads were stopped: 0.0051370 seconds, Stopping threads took: 0.0000670 seconds
149.506: Application time: 0.1665770 seconds
149.506: [GC [PSYoungGen: 49894K->6412K(50176K)] 99695K->65476K(163840K), 0.0047950 secs] [Times: user=0.04 sys=0.00, real=0.01 secs] 
149.511: Total time for which application threads were stopped: 0.0049350 seconds, Stopping threads took: 0.0000560 seconds
149.655: Application time: 0.1444250 seconds
149.656: [GC [PSYoungGen: 49928K->6476K(50176K)] 108991K->74090K(163840K), 0.0046770 secs] [Times: user=0.04 sys=0.00, real=0.00 secs] 
149.660: Total time for which application threads were stopped: 0.0048290 seconds, Stopping threads took: 0.0000710 seconds
149.676: Application time: 0.0157400 seconds
149.676: [GC [PSYoungGen: 49954K->6508K(50176K)] 117568K->77685K(163840K), 0.0033430 secs] [Times: user=0.03 sys=0.00, real=0.00 secs] 
149.680: Total time for which application threads were stopped: 0.0035280 seconds, Stopping threads took: 0.0000990 seconds
149.697: Application time: 0.0176060 seconds
149.697: [GC [PSYoungGen: 49991K->6476K(50176K)] 121168K->80503K(163840K), 0.0031080 secs] [Times: user=0.02 sys=0.00, real=0.00 secs] 
149.700: Total time for which application threads were stopped: 0.0032730 seconds, Stopping threads took: 0.0000810 seconds
149.712: Application time: 0.0115430 seconds
149.712: [GC [PSYoungGen: 49958K->6476K(50176K)] 123985K->84066K(163840K), 0.0033770 secs] [Times: user=0.02 sys=0.00, real=0.00 secs] 
149.715: Total time for which application threads were stopped: 0.0035580 seconds, Stopping threads took: 0.0000920 seconds
149.771: Application time: 0.0554270 seconds
149.771: [GC [PSYoungGen: 49285K->6604K(50176K)] 126874K->89181K(163840K), 0.0037610 secs] [Times: user=0.02 sys=0.00, real=0.00 secs] 
149.775: Total time for which application threads were stopped: 0.0039370 seconds, Stopping threads took: 0.0000910 seconds
149.789: Application time: 0.0143500 seconds
149.789: [GC [PSYoungGen: 50085K->6572K(50176K)] 132662K->94137K(163840K), 0.0037460 secs] [Times: user=0.02 sys=0.00, real=0.01 secs] 
149.793: Total time for which application threads were stopped: 0.0039210 seconds, Stopping threads took: 0.0000890 seconds
149.807: Application time: 0.0143040 seconds
149.808: [GC [PSYoungGen: 50057K->6572K(50176K)] 137622K->96987K(163840K), 0.0031950 secs] [Times: user=0.02 sys=0.00, real=0.01 secs] 
149.811: Total time for which application threads were stopped: 0.0033630 seconds, Stopping threads took: 0.0000830 seconds
149.869: Application time: 0.0578860 seconds
149.869: [GC [PSYoungGen: 50088K->6636K(50176K)] 140503K->102751K(163840K), 0.0039670 secs] [Times: user=0.03 sys=0.00, real=0.01 secs] 
149.873: Total time for which application threads were stopped: 0.0041540 seconds, Stopping threads took: 0.0000910 seconds
149.887: Application time: 0.0137310 seconds
149.887: [GC [PSYoungGen: 50118K->6620K(50176K)] 146233K->107723K(163840K), 0.0035810 secs] [Times: user=0.03 sys=0.00, real=0.01 secs] 
149.891: [Full GC [PSYoungGen: 6620K->0K(50176K)] [ParOldGen: 101102K->30683K(113664K)] 107723K->30683K(163840K) [PSPermGen: 6119K->6119K(21504K)], 0.0092140 secs] [Times: user=0.05 sys=0.00, real=0.00 secs] 
149.900: Total time for which application threads were stopped: 0.0132320 seconds, Stopping threads took: 0.0003040 seconds
149.918: Application time: 0.0177620 seconds
149.918: [GC [PSYoungGen: 43519K->4499K(50176K)] 74203K->35183K(163840K), 0.0015500 secs] [Times: user=0.01 sys=0.00, real=0.00 secs] 
149.920: Total time for which application threads were stopped: 0.0024880 seconds, Stopping threads took: 0.0008580 seconds
149.930: Application time: 0.0100890 seconds
149.930: [GC [PSYoungGen: 47972K->5179K(50176K)] 78656K->35863K(163840K), 0.0018640 secs] [Times: user=0.01 sys=0.00, real=0.00 secs] 
149.932: Total time for which application threads were stopped: 0.0021320 seconds, Stopping threads took: 0.0001880 seconds
149.948: Application time: 0.0154730 seconds
149.948: [GC [PSYoungGen: 48672K->5147K(50176K)] 79356K->35831K(163840K), 0.0017400 secs] [Times: user=0.01 sys=0.00, real=0.00 secs] 
149.950: Total time for which application threads were stopped: 0.0018930 seconds, Stopping threads took: 0.0000740 seconds
149.967: Application time: 0.0171430 seconds
149.967: [GC [PSYoungGen: 48630K->6604K(50176K)] 79313K->38001K(163840K), 0.0025260 secs] [Times: user=0.02 sys=0.00, real=0.00 secs] 
149.970: Total time for which application threads were stopped: 0.0027000 seconds, Stopping threads took: 0.0000810 seconds
150.001: Application time: 0.0313000 seconds
150.001: [GC [PSYoungGen: 49805K->6004K(50176K)] 81201K->41675K(163840K), 0.0032650 secs] [Times: user=0.02 sys=0.00, real=0.01 secs] 
150.004: Total time for which application threads were stopped: 0.0034430 seconds, Stopping threads took: 0.0000940 seconds
150.018: Application time: 0.0133520 seconds
150.018: [GC [PSYoungGen: 49189K->6636K(50176K)] 84861K->48128K(163840K), 0.0039010 secs] [Times: user=0.03 sys=0.00, real=0.01 secs] 
150.022: Total time for which application threads were stopped: 0.0047690 seconds, Stopping threads took: 0.0007830 seconds
150.034: Application time: 0.0117490 seconds
150.035: [GC [PSYoungGen: 50110K->6636K(50176K)] 91601K->50978K(163840K), 0.0029980 secs] [Times: user=0.02 sys=0.00, real=0.00 secs] 
150.038: Total time for which application threads were stopped: 0.0036480 seconds, Stopping threads took: 0.0005650 seconds
150.049: Application time: 0.0116890 seconds
150.050: [GC [PSYoungGen: 50122K->6636K(50176K)] 94464K->54549K(163840K), 0.0032450 secs] [Times: user=0.03 sys=0.00, real=0.01 secs] 
150.053: Total time for which application threads were stopped: 0.0034300 seconds, Stopping threads took: 0.0001000 seconds
150.065: Application time: 0.0119880 seconds
150.066: [GC [PSYoungGen: 50125K->6604K(50176K)] 98037K->58792K(163840K), 0.0034190 secs] [Times: user=0.02 sys=0.00, real=0.00 secs] 
150.069: Total time for which application threads were stopped: 0.0043230 seconds, Stopping threads took: 0.0008220 seconds
150.080: Application time: 0.0112020 seconds
150.081: [GC [PSYoungGen: 50078K->6636K(50176K)] 102265K->60961K(163840K), 0.0028340 secs] [Times: user=0.02 sys=0.00, real=0.01 secs] 
150.084: Total time for which application threads were stopped: 0.0032640 seconds, Stopping threads took: 0.0003470 seconds
150.095: Application time: 0.0111130 seconds
150.096: [GC [PSYoungGen: 50134K->6636K(50176K)] 104459K->64524K(163840K), 0.0032300 secs] [Times: user=0.03 sys=0.00, real=0.00 secs] 
150.099: Total time for which application threads were stopped: 0.0042810 seconds, Stopping threads took: 0.0009660 seconds
150.110: Application time: 0.0105520 seconds
150.110: [GC [PSYoungGen: 50122K->6636K(50176K)] 108010K->65949K(163840K), 0.0026320 secs] [Times: user=0.02 sys=0.00, real=0.00 secs] 
150.113: Total time for which application threads were stopped: 0.0030120 seconds, Stopping threads took: 0.0002880 seconds
150.124: Application time: 0.0112110 seconds
150.124: [GC [PSYoungGen: 50122K->6636K(50176K)] 109435K->69512K(163840K), 0.0032790 secs] [Times: user=0.03 sys=0.00, real=0.00 secs] 
150.127: Total time for which application threads were stopped: 0.0034320 seconds, Stopping threads took: 0.0000680 seconds
150.138: Application time: 0.0108600 seconds
150.138: [GC [PSYoungGen: 50122K->6637K(50176K)] 112998K->70937K(163840K), 0.0026970 secs] [Times: user=0.02 sys=0.00, real=0.00 secs] 
150.141: Total time for which application threads were stopped: 0.0028630 seconds, Stopping threads took: 0.0000820 seconds
150.152: Application time: 0.0106380 seconds
150.152: [GC [PSYoungGen: 50127K->6573K(50176K)] 114428K->72299K(163840K), 0.0026650 secs] [Times: user=0.01 sys=0.00, real=0.00 secs] 
150.155: Total time for which application threads were stopped: 0.0028370 seconds, Stopping threads took: 0.0000910 seconds
150.164: Application time: 0.0097610 seconds
150.164: [GC [PSYoungGen: 50059K->6636K(50176K)] 115784K->75941K(163840K), 0.0033560 secs] [Times: user=0.03 sys=0.00, real=0.00 secs] 
150.168: Total time for which application threads were stopped: 0.0035220 seconds, Stopping threads took: 0.0000820 seconds
150.258: Application time: 0.0897830 seconds
150.258: [GC [PSYoungGen: 50134K->6636K(50176K)] 119439K->86628K(163840K), 0.0050160 secs] [Times: user=0.04 sys=0.00, real=0.01 secs] 
150.263: Total time for which application threads were stopped: 0.0051720 seconds, Stopping threads took: 0.0000700 seconds
150.451: Application time: 0.1885100 seconds
150.451: [GC [PSYoungGen: 50116K->6636K(50176K)] 130108K->96620K(163840K), 0.0048930 secs] [Times: user=0.03 sys=0.00, real=0.00 secs] 
150.456: Total time for which application threads were stopped: 0.0050510 seconds, Stopping threads took: 0.0000630 seconds
150.634: Application time: 0.1777480 seconds
150.634: [GC [PSYoungGen: 50122K->6636K(50176K)] 140106K->105890K(163840K), 0.0067920 secs] [Times: user=0.05 sys=0.00, real=0.00 secs] 
150.641: Total time for which application threads were stopped: 0.0069360 seconds, Stopping threads took: 0.0000630 seconds
150.823: Application time: 0.1818010 seconds
150.823: [GC [PSYoungGen: 50124K->6636K(50176K)] 149378K->115938K(163840K), 0.0049190 secs] [Times: user=0.04 sys=0.00, real=0.00 secs] 
150.828: [Full GC [PSYoungGen: 6636K->0K(50176K)] [ParOldGen: 109301K->26283K(113664K)] 115938K->26283K(163840K) [PSPermGen: 6119K->6119K(21504K)], 0.0099320 secs] [Times: user=0.05 sys=0.00, real=0.01 secs] 
150.838: Total time for which application threads were stopped: 0.0150480 seconds, Stopping threads took: 0.0000650 seconds
151.029: Application time: 0.1913820 seconds
151.029: [GC [PSYoungGen: 43502K->6540K(50176K)] 69786K->44224K(163840K), 0.0052250 secs] [Times: user=0.04 sys=0.00, real=0.01 secs] 
151.035: Total time for which application threads were stopped: 0.0053970 seconds, Stopping threads took: 0.0000830 seconds
151.240: Application time: 0.2052130 seconds
151.240: [GC [PSYoungGen: 50045K->6636K(50176K)] 87729K->56441K(163840K), 0.0054610 secs] [Times: user=0.05 sys=0.00, real=0.01 secs] 
151.245: Total time for which application threads were stopped: 0.0056240 seconds, Stopping threads took: 0.0000790 seconds
151.442: Application time: 0.1963350 seconds
151.442: [GC [PSYoungGen: 50116K->6604K(50176K)] 99921K->65672K(163840K), 0.0047800 secs] [Times: user=0.02 sys=0.01, real=0.01 secs] 
151.447: Total time for which application threads were stopped: 0.0049350 seconds, Stopping threads took: 0.0000680 seconds
151.648: Application time: 0.2007510 seconds
151.648: [GC [PSYoungGen: 50092K->6636K(50176K)] 109160K->74974K(163840K), 0.0046580 secs] [Times: user=0.03 sys=0.00, real=0.01 secs] 
151.652: Total time for which application threads were stopped: 0.0048130 seconds, Stopping threads took: 0.0000650 seconds
151.843: Application time: 0.1905690 seconds
151.843: [GC [PSYoungGen: 50133K->6636K(50176K)] 118471K->84958K(163840K), 0.0049330 secs] [Times: user=0.04 sys=0.00, real=0.00 secs] 
151.848: Total time for which application threads were stopped: 0.0050890 seconds, Stopping threads took: 0.0000710 seconds
152.010: Application time: 0.1616530 seconds
152.010: [GC [PSYoungGen: 50134K->6636K(50176K)] 128455K->94933K(163840K), 0.0049020 secs] [Times: user=0.03 sys=0.00, real=0.01 secs] 
152.015: Total time for which application threads were stopped: 0.0050450 seconds, Stopping threads took: 0.0000630 seconds
152.159: Application time: 0.1439490 seconds
152.159: [GC [PSYoungGen: 50143K->6636K(50176K)] 138440K->104909K(163840K), 0.0048980 secs] [Times: user=0.03 sys=0.00, real=0.01 secs] 
152.164: [Full GC [PSYoungGen: 6636K->0K(50176K)] [ParOldGen: 98272K->23434K(113664K)] 104909K->23434K(163840K) [PSPermGen: 6119K->6119K(21504K)], 0.0090260 secs] [Times: user=0.05 sys=0.00, real=0.01 secs] 
152.173: Total time for which application threads were stopped: 0.0141370 seconds, Stopping threads took: 0.0000690 seconds
152.312: Application time: 0.1395370 seconds
152.312: [GC [PSYoungGen: 43481K->6412K(50176K)] 66916K->39823K(163840K), 0.0049070 secs] [Times: user=0.03 sys=0.00, real=0.00 secs] 
152.317: Total time for which application threads were stopped: 0.0050540 seconds, Stopping threads took: 0.0000640 seconds
152.460: Application time: 0.1421300 seconds
152.460: [GC [PSYoungGen: 49895K->6413K(50176K)] 83305K->49086K(163840K), 0.0047160 secs] [Times: user=0.02 sys=0.00, real=0.01 secs] 
152.464: Total time for which application threads were stopped: 0.0048880 seconds, Stopping threads took: 0.0000840 seconds
152.582: Application time: 0.1176000 seconds
152.582: [GC [PSYoungGen: 49913K->6605K(50176K)] 92587K->58542K(163840K), 0.0047270 secs] [Times: user=0.04 sys=0.00, real=0.00 secs] 
152.587: Total time for which application threads were stopped: 0.0048860 seconds, Stopping threads took: 0.0000760 seconds
152.739: Application time: 0.1525400 seconds
152.740: [GC [PSYoungGen: 50097K->6541K(50176K)] 102034K->67742K(163840K), 0.0047160 secs] [Times: user=0.03 sys=0.00, real=0.01 secs] 
152.744: Total time for which application threads were stopped: 0.0048990 seconds, Stopping threads took: 0.0000930 seconds
152.889: Application time: 0.1451640 seconds
152.890: [GC [PSYoungGen: 50034K->6605K(50176K)] 111235K->78495K(163840K), 0.0051810 secs] [Times: user=0.03 sys=0.00, real=0.01 secs] 
152.895: Total time for which application threads were stopped: 0.0053420 seconds, Stopping threads took: 0.0000750 seconds
153.046: Application time: 0.1509140 seconds
153.046: [GC [PSYoungGen: 50123K->6637K(50176K)] 122013K->89223K(163840K), 0.0050780 secs] [Times: user=0.04 sys=0.00, real=0.01 secs] 
153.051: Total time for which application threads were stopped: 0.0052270 seconds, Stopping threads took: 0.0000670 seconds
153.208: Application time: 0.1566850 seconds
153.208: [GC [PSYoungGen: 50120K->6637K(50176K)] 132707K->98495K(163840K), 0.0047150 secs] [Times: user=0.03 sys=0.00, real=0.01 secs] 
153.213: Total time for which application threads were stopped: 0.0048650 seconds, Stopping threads took: 0.0000640 seconds
153.358: Application time: 0.1452480 seconds
153.358: [GC [PSYoungGen: 50119K->6637K(50176K)] 141977K->107758K(163840K), 0.0048010 secs] [Times: user=0.04 sys=0.00, real=0.01 secs] 
153.363: [Full GC [PSYoungGen: 6637K->0K(50176K)] [ParOldGen: 101121K->30689K(113664K)] 107758K->30689K(163840K) [PSPermGen: 6119K->6119K(21504K)], 0.0097070 secs] [Times: user=0.05 sys=0.00, real=0.01 secs] 
153.373: Total time for which application threads were stopped: 0.0147190 seconds, Stopping threads took: 0.0000720 seconds
153.536: Application time: 0.1631520 seconds
153.536: [GC [PSYoungGen: 43481K->6412K(50176K)] 74171K->47078K(163840K), 0.0049390 secs] [Times: user=0.04 sys=0.00, real=0.00 secs] 
153.541: Total time for which application threads were stopped: 0.0050990 seconds, Stopping threads took: 0.0000790 seconds
153.626: Application time: 0.0857130 seconds
153.627: [GC [PSYoungGen: 49900K->6524K(50176K)] 90565K->55028K(163840K), 0.0044420 secs] [Times: user=0.03 sys=0.00, real=0.01 secs] 
153.631: Total time for which application threads were stopped: 0.0046280 seconds, Stopping threads took: 0.0001000 seconds
153.645: Application time: 0.0139530 seconds
153.646: [GC [PSYoungGen: 49354K->6572K(50176K)] 97858K->57213K(163840K), 0.0028920 secs] [Times: user=0.02 sys=0.00, real=0.00 secs] 
153.648: Total time for which application threads were stopped: 0.0033750 seconds, Stopping threads took: 0.0004000 seconds
153.661: Application time: 0.0129050 seconds
153.662: [GC [PSYoungGen: 50052K->6572K(50176K)] 100693K->60776K(163840K), 0.0032550 secs] [Times: user=0.03 sys=0.00, real=0.01 secs] 
153.665: Total time for which application threads were stopped: 0.0037740 seconds, Stopping threads took: 0.0004350 seconds
153.675: Application time: 0.0100210 seconds
153.676: [GC [PSYoungGen: 50050K->6637K(50176K)] 104254K->62273K(163840K), 0.0026970 secs] [Times: user=0.02 sys=0.00, real=0.00 secs] 
153.678: Total time for which application threads were stopped: 0.0031980 seconds, Stopping threads took: 0.0004180 seconds
153.688: Application time: 0.0099810 seconds
153.689: [GC [PSYoungGen: 50120K->6620K(50176K)] 105757K->64395K(163840K), 0.0028930 secs] [Times: user=0.02 sys=0.00, real=0.01 secs] 
153.692: Total time for which application threads were stopped: 0.0034480 seconds, Stopping threads took: 0.0004700 seconds
153.707: Application time: 0.0150310 seconds
153.707: [GC [PSYoungGen: 50114K->6604K(50176K)] 107889K->66517K(163840K), 0.0029160 secs] [Times: user=0.02 sys=0.00, real=0.00 secs] 
153.710: Total time for which application threads were stopped: 0.0030760 seconds, Stopping threads took: 0.0000760 seconds
153.765: Application time: 0.0549500 seconds
153.765: [GC [PSYoungGen: 49414K->6636K(50176K)] 109326K->75827K(163840K), 0.0049640 secs] [Times: user=0.04 sys=0.00, real=0.00 secs] 
153.770: Total time for which application threads were stopped: 0.0051510 seconds, Stopping threads took: 0.0000890 seconds
153.786: Application time: 0.0158960 seconds
153.786: [GC [PSYoungGen: 50112K->6604K(50176K)] 119303K->78645K(163840K), 0.0032190 secs] [Times: user=0.02 sys=0.00, real=0.00 secs] 
153.789: Total time for which application threads were stopped: 0.0033960 seconds, Stopping threads took: 0.0000940 seconds
153.806: Application time: 0.0170380 seconds
153.806: [GC [PSYoungGen: 50121K->6653K(50176K)] 122162K->82977K(163840K), 0.0035330 secs] [Times: user=0.03 sys=0.00, real=0.01 secs] 
153.810: Total time for which application threads were stopped: 0.0037410 seconds, Stopping threads took: 0.0001260 seconds
153.820: Application time: 0.0101150 seconds
153.820: [GC [PSYoungGen: 50133K->6652K(50176K)] 126457K->83709K(163840K), 0.0026170 secs] [Times: user=0.02 sys=0.00, real=0.01 secs] 
153.823: Total time for which application threads were stopped: 0.0029640 seconds, Stopping threads took: 0.0002620 seconds
153.835: Application time: 0.0116150 seconds
153.835: [GC [PSYoungGen: 50139K->6620K(50176K)] 127196K->86527K(163840K), 0.0032380 secs] [Times: user=0.03 sys=0.00, real=0.00 secs] 
153.838: Total time for which application threads were stopped: 0.0034280 seconds, Stopping threads took: 0.0001020 seconds
153.858: Application time: 0.0193080 seconds
153.858: [GC [PSYoungGen: 50102K->6620K(50176K)] 130010K->89378K(163840K), 0.0031560 secs] [Times: user=0.02 sys=0.00, real=0.00 secs] 
153.861: Total time for which application threads were stopped: 0.0033280 seconds, Stopping threads took: 0.0000880 seconds
153.900: Application time: 0.0387600 seconds
153.900: [GC [PSYoungGen: 50115K->6652K(50176K)] 132872K->92980K(163840K), 0.0032090 secs] [Times: user=0.02 sys=0.00, real=0.01 secs] 
153.903: Total time for which application threads were stopped: 0.0033880 seconds, Stopping threads took: 0.0000830 seconds
154.000: Application time: 0.0972490 seconds
154.000: [GC [PSYoungGen: 50167K->6652K(50176K)] 136494K->103684K(163840K), 0.0053800 secs] [Times: user=0.04 sys=0.00, real=0.01 secs] 
154.006: Total time for which application threads were stopped: 0.0055570 seconds, Stopping threads took: 0.0000890 seconds
154.021: Application time: 0.0150740 seconds
154.021: [GC [PSYoungGen: 50171K->6652K(50176K)] 147202K->107323K(163840K), 0.0031850 secs] [Times: user=0.03 sys=0.00, real=0.01 secs] 
154.024: [Full GC [PSYoungGen: 6652K->0K(50176K)] [ParOldGen: 100670K->24837K(113664K)] 107323K->24837K(163840K) [PSPermGen: 6119K->6113K(21504K)], 0.0105230 secs] [Times: user=0.05 sys=0.01, real=0.01 secs] 
154.035: Total time for which application threads were stopped: 0.0140860 seconds, Stopping threads took: 0.0002410 seconds
154.047: Application time: 0.0122790 seconds
154.047: [GC [PSYoungGen: 43470K->2137K(50176K)] 68307K->26975K(163840K), 0.0009090 secs] [Times: user=0.01 sys=0.00, real=0.00 secs] 
154.048: Total time for which application threads were stopped: 0.0010690 seconds, Stopping threads took: 0.0000940 seconds
154.059: Application time: 0.0110890 seconds
154.060: [GC [PSYoungGen: 45626K->5892K(50176K)] 70463K->30730K(163840K), 0.0019370 secs] [Times: user=0.01 sys=0.00, real=0.00 secs] 
154.062: Total time for which application threads were stopped: 0.0022320 seconds, Stopping threads took: 0.0002200 seconds
154.073: Application time: 0.0108590 seconds
154.073: [GC [PSYoungGen: 49382K->6572K(50176K)] 74219K->32835K(163840K), 0.0025450 secs] [Times: user=0.02 sys=0.00, real=0.00 secs] 
154.075: Total time for which application threads were stopped: 0.0027100 seconds, Stopping threads took: 0.0000850 seconds
154.091: Application time: 0.0161760 seconds
154.092: [GC [PSYoungGen: 50057K->6572K(50176K)] 76319K->37823K(163840K), 0.0037110 secs] [Times: user=0.02 sys=0.00, real=0.00 secs] 
154.095: Total time for which application threads were stopped: 0.0038980 seconds, Stopping threads took: 0.0000890 seconds
154.167: Application time: 0.0714190 seconds
154.167: [GC [PSYoungGen: 49385K->6604K(50176K)] 80635K->47117K(163840K), 0.0045480 secs] [Times: user=0.03 sys=0.00, real=0.01 secs] 
154.171: Total time for which application threads were stopped: 0.0046860 seconds, Stopping threads took: 0.0000530 seconds
154.189: Application time: 0.0177940 seconds
154.189: [GC [PSYoungGen: 50080K->6572K(50176K)] 90593K->52073K(163840K), 0.0037310 secs] [Times: user=0.02 sys=0.00, real=0.01 secs] 
154.193: Total time for which application threads were stopped: 0.0039230 seconds, Stopping threads took: 0.0001030 seconds
154.210: Application time: 0.0169050 seconds
154.210: [GC [PSYoungGen: 50083K->6636K(50176K)] 95584K->53570K(163840K), 0.0027100 secs] [Times: user=0.02 sys=0.00, real=0.00 secs] 
154.213: Total time for which application threads were stopped: 0.0028740 seconds, Stopping threads took: 0.0000800 seconds
154.224: Application time: 0.0111460 seconds
154.224: [GC [PSYoungGen: 50119K->6636K(50176K)] 97053K->55708K(163840K), 0.0029510 secs] [Times: user=0.03 sys=0.00, real=0.00 secs] 
154.227: Total time for which application threads were stopped: 0.0031100 seconds, Stopping threads took: 0.0000790 seconds
154.238: Application time: 0.0107120 seconds
154.238: [GC [PSYoungGen: 50122K->6604K(50176K)] 99193K->57813K(163840K), 0.0029500 secs] [Times: user=0.02 sys=0.01, real=0.00 secs] 
154.241: Total time for which application threads were stopped: 0.0031340 seconds, Stopping threads took: 0.0000880 seconds
154.258: Application time: 0.0170630 seconds
154.258: [GC [PSYoungGen: 50086K->6604K(50176K)] 101295K->62801K(163840K), 0.0037370 secs] [Times: user=0.03 sys=0.00, real=0.00 secs] 
154.262: Total time for which application threads were stopped: 0.0038870 seconds, Stopping threads took: 0.0000670 seconds
154.274: Application time: 0.0121290 seconds
154.274: [GC [PSYoungGen: 50086K->6636K(50176K)] 106283K->65683K(163840K), 0.0031960 secs] [Times: user=0.02 sys=0.00, real=0.00 secs] 
154.277: Total time for which application threads were stopped: 0.0033560 seconds, Stopping threads took: 0.0000770 seconds
154.459: Application time: 0.1819960 seconds
154.460: [GC [PSYoungGen: 50125K->6636K(50176K)] 109171K->75658K(163840K), 0.0048280 secs] [Times: user=0.04 sys=0.00, real=0.01 secs] 
154.464: Total time for which application threads were stopped: 0.0049870 seconds, Stopping threads took: 0.0000620 seconds
154.635: Application time: 0.1709140 seconds
154.635: [GC [PSYoungGen: 50128K->6636K(50176K)] 119150K->85641K(163840K), 0.0066760 secs] [Times: user=0.05 sys=0.00, real=0.01 secs] 
154.642: Total time for which application threads were stopped: 0.0068170 seconds, Stopping threads took: 0.0000600 seconds
154.848: Application time: 0.2053850 seconds
154.848: [GC [PSYoungGen: 50132K->6636K(50176K)] 129138K->96397K(163840K), 0.0050820 secs] [Times: user=0.04 sys=0.00, real=0.01 secs] 
154.853: Total time for which application threads were stopped: 0.0052230 seconds, Stopping threads took: 0.0000540 seconds
155.028: Application time: 0.1754480 seconds
155.028: [GC [PSYoungGen: 50128K->6636K(50176K)] 139889K->105668K(163840K), 0.0047240 secs] [Times: user=0.03 sys=0.00, real=0.01 secs] 
155.033: [Full GC [PSYoungGen: 6636K->0K(50176K)] [ParOldGen: 99031K->27687K(113664K)] 105668K->27687K(163840K) [PSPermGen: 6113K->6113K(21504K)], 0.0102150 secs] [Times: user=0.05 sys=0.00, real=0.01 secs] 
155.043: Total time for which application threads were stopped: 0.0151460 seconds, Stopping threads took: 0.0000610 seconds
155.229: Application time: 0.1858330 seconds
155.229: [GC [PSYoungGen: 43496K->6508K(50176K)] 71183K->45596K(163840K), 0.0053150 secs] [Times: user=0.04 sys=0.00, real=0.01 secs] 
155.235: Total time for which application threads were stopped: 0.0054780 seconds, Stopping threads took: 0.0000770 seconds
155.455: Application time: 0.2206800 seconds
155.455: [GC [PSYoungGen: 49988K->6476K(50176K)] 89076K->54827K(163840K), 0.0046540 secs] [Times: user=0.03 sys=0.00, real=0.00 secs] 
155.460: Total time for which application threads were stopped: 0.0048130 seconds, Stopping threads took: 0.0000680 seconds
155.634: Application time: 0.1734560 seconds
155.634: [GC [PSYoungGen: 49965K->6604K(50176K)] 98315K->64217K(163840K), 0.0066830 secs] [Times: user=0.05 sys=0.00, real=0.00 secs] 
155.641: Total time for which application threads were stopped: 0.0068440 seconds, Stopping threads took: 0.0000700 seconds
155.789: Application time: 0.1483500 seconds
155.789: [GC [PSYoungGen: 50110K->6636K(50176K)] 107724K->75650K(163840K), 0.0053120 secs] [Times: user=0.04 sys=0.00, real=0.01 secs] 
155.794: Total time for which application threads were stopped: 0.0054990 seconds, Stopping threads took: 0.0001000 seconds
155.980: Application time: 0.1860970 seconds
155.981: [GC [PSYoungGen: 50134K->5956K(50176K)] 119147K->85657K(163840K), 0.0048910 secs] [Times: user=0.04 sys=0.00, real=0.01 secs] 
155.986: Total time for which application threads were stopped: 0.0050570 seconds, Stopping threads took: 0.0000800 seconds
156.147: Application time: 0.1614930 seconds
156.147: [GC [PSYoungGen: 49437K->6636K(50176K)] 129139K->95609K(163840K), 0.0047490 secs] [Times: user=0.04 sys=0.00, real=0.01 secs] 
156.152: Total time for which application threads were stopped: 0.0049120 seconds, Stopping threads took: 0.0000620 seconds
156.292: Application time: 0.1398160 seconds
156.292: [GC [PSYoungGen: 50136K->5956K(50176K)] 139108K->106329K(163840K), 0.0050180 secs] [Times: user=0.04 sys=0.00, real=0.00 secs] 
156.297: [Full GC [PSYoungGen: 5956K->0K(50176K)] [ParOldGen: 100373K->24838K(113664K)] 106329K->24838K(163840K) [PSPermGen: 6113K->6113K(21504K)], 0.0093890 secs] [Times: user=0.05 sys=0.00, real=0.01 secs] 
156.306: Total time for which application threads were stopped: 0.0146100 seconds, Stopping threads took: 0.0000670 seconds
156.425: Application time: 0.1191360 seconds
156.426: [GC [PSYoungGen: 43482K->6413K(50176K)] 68321K->40515K(163840K), 0.0047880 secs] [Times: user=0.04 sys=0.00, real=0.01 secs] 
156.430: Total time for which application threads were stopped: 0.0049590 seconds, Stopping threads took: 0.0000850 seconds
156.556: Application time: 0.1259210 seconds
156.556: [GC [PSYoungGen: 49913K->6605K(50176K)] 84015K->50683K(163840K), 0.0050000 secs] [Times: user=0.03 sys=0.00, real=0.00 secs] 
156.562: Total time for which application threads were stopped: 0.0051690 seconds, Stopping threads took: 0.0000830 seconds
156.708: Application time: 0.1461140 seconds
156.708: [GC [PSYoungGen: 50106K->6573K(50176K)] 94184K->61340K(163840K), 0.0051280 secs] [Times: user=0.04 sys=0.00, real=0.01 secs] 
156.713: Total time for which application threads were stopped: 0.0053110 seconds, Stopping threads took: 0.0000790 seconds
156.880: Application time: 0.1669430 seconds
156.880: [GC [PSYoungGen: 50074K->6637K(50176K)] 104841K->70676K(163840K), 0.0047180 secs] [Times: user=0.04 sys=0.00, real=0.01 secs] 
156.885: Total time for which application threads were stopped: 0.0048690 seconds, Stopping threads took: 0.0000690 seconds
157.040: Application time: 0.1552080 seconds
157.040: [GC [PSYoungGen: 50121K->6637K(50176K)] 114159K->79939K(163840K), 0.0047530 secs] [Times: user=0.03 sys=0.00, real=0.01 secs] 
157.045: Total time for which application threads were stopped: 0.0049030 seconds, Stopping threads took: 0.0000690 seconds
157.192: Application time: 0.1475520 seconds
157.193: [GC [PSYoungGen: 50137K->5956K(50176K)] 123439K->91372K(163840K), 0.0052860 secs] [Times: user=0.04 sys=0.00, real=0.00 secs] 
157.198: Total time for which application threads were stopped: 0.0054370 seconds, Stopping threads took: 0.0000670 seconds
157.360: Application time: 0.1621380 seconds
157.360: [GC [PSYoungGen: 49438K->6636K(50176K)] 134855K->101324K(163840K), 0.0047810 secs] [Times: user=0.03 sys=0.00, real=0.01 secs] 
157.365: Total time for which application threads were stopped: 0.0049520 seconds, Stopping threads took: 0.0000770 seconds
157.519: Application time: 0.1544780 seconds
157.520: [GC [PSYoungGen: 50118K->6636K(50176K)] 144805K->110587K(163840K), 0.0047490 secs] [Times: user=0.03 sys=0.00, real=0.01 secs] 
157.524: [Full GC [PSYoungGen: 6636K->0K(50176K)] [ParOldGen: 103950K->30539K(113664K)] 110587K->30539K(163840K) [PSPermGen: 6113K->6113K(21504K)], 0.0098600 secs] [Times: user=0.06 sys=0.00, real=0.01 secs] 
157.534: Total time for which application threads were stopped: 0.0148160 seconds, Stopping threads took: 0.0000650 seconds
157.567: Application time: 0.0324740 seconds
157.567: [GC [PSYoungGen: 43512K->6572K(50176K)] 74051K->39962K(163840K), 0.0031030 secs] [Times: user=0.03 sys=0.00, real=0.01 secs] 
157.570: Total time for which application threads were stopped: 0.0032790 seconds, Stopping threads took: 0.0000900 seconds
157.587: Application time: 0.0166990 seconds
157.587: [GC [PSYoungGen: 50050K->6540K(50176K)] 83439K->42067K(163840K), 0.0028970 secs] [Times: user=0.02 sys=0.00, real=0.00 secs] 
157.590: Total time for which application threads were stopped: 0.0030520 seconds, Stopping threads took: 0.0000720 seconds
157.602: Application time: 0.0126640 seconds
157.603: [GC [PSYoungGen: 50021K->6540K(50176K)] 85548K->42780K(163840K), 0.0025460 secs] [Times: user=0.02 sys=0.00, real=0.00 secs] 
157.605: Total time for which application threads were stopped: 0.0027080 seconds, Stopping threads took: 0.0000770 seconds
157.659: Application time: 0.0535250 seconds
157.659: [GC [PSYoungGen: 49834K->6620K(50176K)] 86073K->49273K(163840K), 0.0041030 secs] [Times: user=0.03 sys=0.00, real=0.01 secs] 
157.663: Total time for which application threads were stopped: 0.0042820 seconds, Stopping threads took: 0.0000940 seconds
157.676: Application time: 0.0125600 seconds
157.676: [GC [PSYoungGen: 49655K->6636K(50176K)] 92307K->52851K(163840K), 0.0032570 secs] [Times: user=0.02 sys=0.00, real=0.00 secs] 
157.679: Total time for which application threads were stopped: 0.0036390 seconds, Stopping threads took: 0.0002990 seconds
157.692: Application time: 0.0127490 seconds
157.692: [GC [PSYoungGen: 50112K->6636K(50176K)] 96327K->52851K(163840K), 0.0023910 secs] [Times: user=0.01 sys=0.00, real=0.00 secs] 
157.695: Total time for which application threads were stopped: 0.0029590 seconds, Stopping threads took: 0.0004820 seconds
157.704: Application time: 0.0095000 seconds
157.706: [GC [PSYoungGen: 50114K->6636K(50176K)] 96329K->54277K(163840K), 0.0027760 secs] [Times: user=0.01 sys=0.00, real=0.00 secs] 
157.709: Total time for which application threads were stopped: 0.0045340 seconds, Stopping threads took: 0.0016490 seconds
157.725: Application time: 0.0160310 seconds
157.725: [GC [PSYoungGen: 50028K->5988K(50176K)] 97668K->55053K(163840K), 0.0026050 secs] [Times: user=0.02 sys=0.00, real=0.00 secs] 
157.728: Total time for which application threads were stopped: 0.0028000 seconds, Stopping threads took: 0.0001050 seconds
157.738: Application time: 0.0102440 seconds
157.738: [GC [PSYoungGen: 48890K->6620K(50176K)] 97955K->58536K(163840K), 0.0030450 secs] [Times: user=0.02 sys=0.00, real=0.00 secs] 
157.741: Total time for which application threads were stopped: 0.0031950 seconds, Stopping threads took: 0.0000620 seconds
157.752: Application time: 0.0110300 seconds
157.752: [GC [PSYoungGen: 50096K->6636K(50176K)] 102012K->60717K(163840K), 0.0028110 secs] [Times: user=0.02 sys=0.00, real=0.00 secs] 
157.755: Total time for which application threads were stopped: 0.0029870 seconds, Stopping threads took: 0.0000920 seconds
157.772: Application time: 0.0163950 seconds
157.772: [GC [PSYoungGen: 50127K->6652K(50176K)] 104208K->62871K(163840K), 0.0030140 secs] [Times: user=0.02 sys=0.00, real=0.00 secs] 
157.775: Total time for which application threads were stopped: 0.0031710 seconds, Stopping threads took: 0.0000710 seconds
157.789: Application time: 0.0145690 seconds
157.790: [GC [PSYoungGen: 50137K->6588K(50176K)] 106356K->66370K(163840K), 0.0034040 secs] [Times: user=0.02 sys=0.00, real=0.01 secs] 
157.793: Total time for which application threads were stopped: 0.0035940 seconds, Stopping threads took: 0.0001050 seconds
157.884: Application time: 0.0908090 seconds
157.884: [GC [PSYoungGen: 50080K->6652K(50176K)] 109862K->77130K(163840K), 0.0051270 secs] [Times: user=0.04 sys=0.00, real=0.00 secs] 
157.889: Total time for which application threads were stopped: 0.0053050 seconds, Stopping threads took: 0.0000780 seconds
157.940: Application time: 0.0505310 seconds
157.940: [GC [PSYoungGen: 49964K->6652K(50176K)] 120441K->85051K(163840K), 0.0045510 secs] [Times: user=0.03 sys=0.00, real=0.01 secs] 
157.944: Total time for which application threads were stopped: 0.0047030 seconds, Stopping threads took: 0.0000660 seconds
157.957: Application time: 0.0127370 seconds
157.958: [GC [PSYoungGen: 49656K->6636K(50176K)] 128056K->88598K(163840K), 0.0033130 secs] [Times: user=0.03 sys=0.00, real=0.00 secs] 
157.961: Total time for which application threads were stopped: 0.0043470 seconds, Stopping threads took: 0.0009500 seconds
157.975: Application time: 0.0137600 seconds
157.976: [GC [PSYoungGen: 50114K->6636K(50176K)] 132076K->91488K(163840K), 0.0032140 secs] [Times: user=0.03 sys=0.00, real=0.00 secs] 
157.979: Total time for which application threads were stopped: 0.0039780 seconds, Stopping threads took: 0.0006800 seconds
157.989: Application time: 0.0099580 seconds
157.990: [GC [PSYoungGen: 50127K->6636K(50176K)] 134979K->93626K(163840K), 0.0029220 secs] [Times: user=0.01 sys=0.00, real=0.01 secs] 
157.993: Total time for which application threads were stopped: 0.0038190 seconds, Stopping threads took: 0.0008160 seconds
158.003: Application time: 0.0104560 seconds
158.004: [GC [PSYoungGen: 50117K->6636K(50176K)] 137107K->95051K(163840K), 0.0026170 secs] [Times: user=0.02 sys=0.00, real=0.00 secs] 
158.006: Total time for which application threads were stopped: 0.0028020 seconds, Stopping threads took: 0.0000990 seconds
158.020: Application time: 0.0133870 seconds
158.020: [GC [PSYoungGen: 50121K->6636K(50176K)] 138536K->97941K(163840K), 0.0032510 secs] [Times: user=0.02 sys=0.00, real=0.01 secs] 
158.023: Total time for which application threads were stopped: 0.0034270 seconds, Stopping threads took: 0.0000920 seconds
158.137: Application time: 0.1140590 seconds
158.137: [GC [PSYoungGen: 49909K->6020K(50176K)] 141214K->106587K(163840K), 0.0045780 secs] [Times: user=0.04 sys=0.00, real=0.00 secs] 
158.142: Total time for which application threads were stopped: 0.0047260 seconds, Stopping threads took: 0.0000660 seconds
158.157: Application time: 0.0151690 seconds
158.158: [GC [PSYoungGen: 49067K->6652K(50176K)] 149635K->111511K(163840K), 0.0034090 secs] [Times: user=0.03 sys=0.00, real=0.00 secs] 
158.161: [Full GC [PSYoungGen: 6652K->0K(50176K)] [ParOldGen: 104858K->24125K(113664K)] 111511K->24125K(163840K) [PSPermGen: 6113K->6113K(21504K)], 0.0104470 secs] [Times: user=0.05 sys=0.00, real=0.02 secs] 
158.172: Total time for which application threads were stopped: 0.0146650 seconds, Stopping threads took: 0.0006740 seconds
158.183: Application time: 0.0115900 seconds
158.183: [GC [PSYoungGen: 43486K->6604K(50176K)] 67611K->31442K(163840K), 0.0024520 secs] [Times: user=0.02 sys=0.00, real=0.00 secs] 
158.186: Total time for which application threads were stopped: 0.0027510 seconds, Stopping threads took: 0.0002090 seconds
158.197: Application time: 0.0105870 seconds
158.197: [GC [PSYoungGen: 50073K->5860K(50176K)] 74912K->30698K(163840K), 0.0019830 secs] [Times: user=0.02 sys=0.00, real=0.00 secs] 
158.199: Total time for which application threads were stopped: 0.0021480 seconds, Stopping threads took: 0.0000810 seconds
158.209: Application time: 0.0104620 seconds
158.210: [GC [PSYoungGen: 49350K->6605K(50176K)] 74189K->32155K(163840K), 0.0024180 secs] [Times: user=0.02 sys=0.00, real=0.01 secs] 
158.212: Total time for which application threads were stopped: 0.0029040 seconds, Stopping threads took: 0.0003980 seconds
158.222: Application time: 0.0103630 seconds
158.223: [GC [PSYoungGen: 50095K->6605K(50176K)] 75646K->32156K(163840K), 0.0021420 secs] [Times: user=0.02 sys=0.00, real=0.00 secs] 
158.225: Total time for which application threads were stopped: 0.0023210 seconds, Stopping threads took: 0.0000890 seconds
158.250: Application time: 0.0257240 seconds
158.251: [GC [PSYoungGen: 50096K->6540K(50176K)] 75647K->39216K(163840K), 0.0040190 secs] [Times: user=0.03 sys=0.00, real=0.00 secs] 
158.255: Total time for which application threads were stopped: 0.0041660 seconds, Stopping threads took: 0.0000680 seconds
158.447: Application time: 0.1924340 seconds
158.447: [GC [PSYoungGen: 50020K->6508K(50176K)] 82696K->49159K(163840K), 0.0048470 secs] [Times: user=0.04 sys=0.00, real=0.01 secs] 
158.452: Total time for which application threads were stopped: 0.0050060 seconds, Stopping threads took: 0.0000670 seconds
158.656: Application time: 0.2034380 seconds
158.656: [GC [PSYoungGen: 49996K->6572K(50176K)] 92647K->59199K(163840K), 0.0046930 secs] [Times: user=0.04 sys=0.00, real=0.00 secs] 
158.660: Total time for which application threads were stopped: 0.0048310 seconds, Stopping threads took: 0.0000550 seconds
158.819: Application time: 0.1586870 seconds
158.819: [GC [PSYoungGen: 50077K->6636K(50176K)] 102703K->70663K(163840K), 0.0052450 secs] [Times: user=0.04 sys=0.00, real=0.01 secs] 
158.824: Total time for which application threads were stopped: 0.0054150 seconds, Stopping threads took: 0.0000850 seconds
159.035: Application time: 0.2102230 seconds
159.035: [GC [PSYoungGen: 50132K->6636K(50176K)] 114159K->82071K(163840K), 0.0052540 secs] [Times: user=0.03 sys=0.00, real=0.00 secs] 
159.040: Total time for which application threads were stopped: 0.0054270 seconds, Stopping threads took: 0.0000790 seconds
159.232: Application time: 0.1922050 seconds
159.232: [GC [PSYoungGen: 50132K->6636K(50176K)] 125567K->92767K(163840K), 0.0050890 secs] [Times: user=0.04 sys=0.00, real=0.00 secs] 
159.238: Total time for which application threads were stopped: 0.0052460 seconds, Stopping threads took: 0.0000720 seconds
159.449: Application time: 0.2115210 seconds
159.449: [GC [PSYoungGen: 50116K->6636K(50176K)] 136247K->102030K(163840K), 0.0047110 secs] [Times: user=0.04 sys=0.00, real=0.01 secs] 
159.454: Total time for which application threads were stopped: 0.0048660 seconds, Stopping threads took: 0.0000600 seconds
159.635: Application time: 0.1814700 seconds
159.636: [GC [PSYoungGen: 50133K->6636K(50176K)] 145526K->112725K(163840K), 0.0069430 secs] [Times: user=0.05 sys=0.00, real=0.01 secs] 
159.643: [Full GC [PSYoungGen: 6636K->0K(50176K)] [ParOldGen: 106089K->30540K(113664K)] 112725K->30540K(163840K) [PSPermGen: 6113K->6113K(21504K)], 0.0098740 secs] [Times: user=0.05 sys=0.00, real=0.01 secs] 
159.653: Total time for which application threads were stopped: 0.0170720 seconds, Stopping threads took: 0.0001160 seconds
159.824: Application time: 0.1718600 seconds
159.825: [GC [PSYoungGen: 43497K->6508K(50176K)] 74037K->47737K(163840K), 0.0050540 secs] [Times: user=0.04 sys=0.00, real=0.00 secs] 
159.830: Total time for which application threads were stopped: 0.0052400 seconds, Stopping threads took: 0.0001010 seconds
159.988: Application time: 0.1585690 seconds
159.988: [GC [PSYoungGen: 50006K->6636K(50176K)] 91235K->59266K(163840K), 0.0052320 secs] [Times: user=0.04 sys=0.00, real=0.01 secs] 
159.994: Total time for which application threads were stopped: 0.0054060 seconds, Stopping threads took: 0.0000880 seconds
160.127: Application time: 0.1332190 seconds
160.130: [GC [PSYoungGen: 50126K->6604K(50176K)] 102756K->67784K(163840K), 0.0045860 secs] [Times: user=0.04 sys=0.00, real=0.00 secs] 
160.135: Total time for which application threads were stopped: 0.0078630 seconds, Stopping threads took: 0.0031910 seconds
160.273: Application time: 0.1385210 seconds
160.273: [GC [PSYoungGen: 50095K->6637K(50176K)] 111275K->77792K(163840K), 0.0049850 secs] [Times: user=0.04 sys=0.00, real=0.00 secs] 
160.278: Total time for which application threads were stopped: 0.0051830 seconds, Stopping threads took: 0.0001010 seconds
160.423: Application time: 0.1441350 seconds
160.423: [GC [PSYoungGen: 50128K->6637K(50176K)] 121284K->85639K(163840K), 0.0043290 secs] [Times: user=0.03 sys=0.00, real=0.00 secs] 
160.427: Total time for which application threads were stopped: 0.0044890 seconds, Stopping threads took: 0.0000660 seconds
160.574: Application time: 0.1473650 seconds
160.575: [GC [PSYoungGen: 50137K->6637K(50176K)] 129139K->94198K(163840K), 0.0045160 secs] [Times: user=0.03 sys=0.00, real=0.00 secs] 
160.579: Total time for which application threads were stopped: 0.0046750 seconds, Stopping threads took: 0.0000730 seconds
160.723: Application time: 0.1439400 seconds
160.723: [GC [PSYoungGen: 50129K->6637K(50176K)] 137690K->103470K(163840K), 0.0047560 secs] [Times: user=0.03 sys=0.00, real=0.00 secs] 
160.728: Total time for which application threads were stopped: 0.0049080 seconds, Stopping threads took: 0.0000680 seconds
160.867: Application time: 0.1386760 seconds
160.867: [GC [PSYoungGen: 50138K->6637K(50176K)] 146971K->114158K(163840K), 0.0051940 secs] [Times: user=0.03 sys=0.00, real=0.01 secs] 
160.872: [Full GC [PSYoungGen: 6637K->0K(50176K)] [ParOldGen: 107521K->29115K(113664K)] 114158K->29115K(163840K) [PSPermGen: 6113K->6113K(21504K)], 0.0105310 secs] [Times: user=0.06 sys=0.00, real=0.01 secs] 
160.883: Total time for which application threads were stopped: 0.0159300 seconds, Stopping threads took: 0.0000620 seconds
161.037: Application time: 0.1545250 seconds
161.037: [GC [PSYoungGen: 43483K->6413K(50176K)] 72599K->45505K(163840K), 0.0049850 secs] [Times: user=0.03 sys=0.00, real=0.01 secs] 
161.042: Total time for which application threads were stopped: 0.0051600 seconds, Stopping threads took: 0.0000900 seconds
161.193: Application time: 0.1503730 seconds
161.193: [GC [PSYoungGen: 49913K->6541K(50176K)] 89005K->56321K(163840K), 0.0050670 secs] [Times: user=0.04 sys=0.00, real=0.00 secs] 
161.198: Total time for which application threads were stopped: 0.0052260 seconds, Stopping threads took: 0.0000730 seconds
161.336: Application time: 0.1377950 seconds
161.336: [GC [PSYoungGen: 50023K->6508K(50176K)] 99803K->65552K(163840K), 0.0047270 secs] [Times: user=0.04 sys=0.00, real=0.00 secs] 
161.341: Total time for which application threads were stopped: 0.0048830 seconds, Stopping threads took: 0.0000730 seconds
161.430: Application time: 0.0895580 seconds
161.430: [GC [PSYoungGen: 50024K->6572K(50176K)] 109067K->76304K(163840K), 0.0052780 secs] [Times: user=0.04 sys=0.00, real=0.00 secs] 
161.436: Total time for which application threads were stopped: 0.0054700 seconds, Stopping threads took: 0.0000920 seconds
161.453: Application time: 0.0170340 seconds
161.453: [GC [PSYoungGen: 50057K->6604K(50176K)] 119788K->77761K(163840K), 0.0026750 secs] [Times: user=0.02 sys=0.00, real=0.00 secs] 
161.455: Total time for which application threads were stopped: 0.0028500 seconds, Stopping threads took: 0.0000900 seconds
161.471: Application time: 0.0155110 seconds
161.471: [GC [PSYoungGen: 50088K->6573K(50176K)] 121245K->81292K(163840K), 0.0033710 secs] [Times: user=0.03 sys=0.00, real=0.00 secs] 
161.474: Total time for which application threads were stopped: 0.0035350 seconds, Stopping threads took: 0.0000790 seconds
161.494: Application time: 0.0191140 seconds
161.494: [GC [PSYoungGen: 50088K->6636K(50176K)] 124807K->83494K(163840K), 0.0029570 secs] [Times: user=0.02 sys=0.00, real=0.00 secs] 
161.497: Total time for which application threads were stopped: 0.0031360 seconds, Stopping threads took: 0.0000910 seconds
161.513: Application time: 0.0162090 seconds
161.513: [GC [PSYoungGen: 50119K->6636K(50176K)] 126976K->85631K(163840K), 0.0028060 secs] [Times: user=0.02 sys=0.00, real=0.00 secs] 
161.516: Total time for which application threads were stopped: 0.0029900 seconds, Stopping threads took: 0.0000980 seconds
161.533: Application time: 0.0171720 seconds
161.533: [GC [PSYoungGen: 50120K->6637K(50176K)] 129115K->89194K(163840K), 0.0033600 secs] [Times: user=0.02 sys=0.00, real=0.00 secs] 
161.537: Total time for which application threads were stopped: 0.0035370 seconds, Stopping threads took: 0.0000890 seconds
161.563: Application time: 0.0263320 seconds
161.563: [GC [PSYoungGen: 50157K->6636K(50176K)] 132714K->94910K(163840K), 0.0037350 secs] [Times: user=0.03 sys=0.00, real=0.00 secs] 
161.567: Total time for which application threads were stopped: 0.0038880 seconds, Stopping threads took: 0.0000670 seconds
161.586: Application time: 0.0188020 seconds
161.586: [GC [PSYoungGen: 50110K->5956K(50176K)] 138384K->95655K(163840K), 0.0025780 secs] [Times: user=0.01 sys=0.00, real=0.00 secs] 
161.588: Total time for which application threads were stopped: 0.0027660 seconds, Stopping threads took: 0.0001040 seconds
161.607: Application time: 0.0181720 seconds
161.607: [GC [PSYoungGen: 49439K->6636K(50176K)] 139139K->97761K(163840K), 0.0027810 secs] [Times: user=0.02 sys=0.00, real=0.00 secs] 
161.610: Total time for which application threads were stopped: 0.0031970 seconds, Stopping threads took: 0.0003320 seconds
161.627: Application time: 0.0167900 seconds
161.627: [GC [PSYoungGen: 50132K->6636K(50176K)] 141256K->100619K(163840K), 0.0029510 secs] [Times: user=0.02 sys=0.00, real=0.00 secs] 
161.630: Total time for which application threads were stopped: 0.0030970 seconds, Stopping threads took: 0.0000650 seconds
161.713: Application time: 0.0836050 seconds
161.713: [GC [PSYoungGen: 50151K->6636K(50176K)] 144134K->110662K(163840K), 0.0051150 secs] [Times: user=0.03 sys=0.00, real=0.00 secs] 
161.719: [Full GC [PSYoungGen: 6636K->0K(50176K)] [ParOldGen: 104025K->27689K(113664K)] 110662K->27689K(163840K) [PSPermGen: 6113K->6113K(21504K)], 0.0100690 secs] [Times: user=0.06 sys=0.00, real=0.01 secs] 
161.729: Total time for which application threads were stopped: 0.0154120 seconds, Stopping threads took: 0.0000910 seconds
161.745: Application time: 0.0157840 seconds
161.745: [GC [PSYoungGen: 43486K->5892K(50176K)] 71175K->33581K(163840K), 0.0020280 secs] [Times: user=0.01 sys=0.00, real=0.00 secs] 
161.747: Total time for which application threads were stopped: 0.0022220 seconds, Stopping threads took: 0.0001090 seconds
161.763: Application time: 0.0164410 seconds
161.763: [GC [PSYoungGen: 49373K->6605K(50176K)] 77062K->34294K(163840K), 0.0023230 secs] [Times: user=0.02 sys=0.00, real=0.00 secs] 
161.766: Total time for which application threads were stopped: 0.0024860 seconds, Stopping threads took: 0.0000800 seconds
161.838: Application time: 0.0718790 seconds
161.838: [GC [PSYoungGen: 49416K->6476K(50176K)] 77106K->43428K(163840K), 0.0045780 secs] [Times: user=0.03 sys=0.00, real=0.01 secs] 
161.843: Total time for which application threads were stopped: 0.0049550 seconds, Stopping threads took: 0.0002950 seconds
161.861: Application time: 0.0180950 seconds
161.861: [GC [PSYoungGen: 49952K->6636K(50176K)] 86904K->46446K(163840K), 0.0032040 secs] [Times: user=0.02 sys=0.00, real=0.01 secs] 
161.864: Total time for which application threads were stopped: 0.0033760 seconds, Stopping threads took: 0.0000830 seconds
161.879: Application time: 0.0154780 seconds
161.880: [GC [PSYoungGen: 50152K->6540K(50176K)] 89962K->51338K(163840K), 0.0036820 secs] [Times: user=0.03 sys=0.00, real=0.01 secs] 
161.884: Total time for which application threads were stopped: 0.0044890 seconds, Stopping threads took: 0.0007210 seconds
161.898: Application time: 0.0138530 seconds
161.898: [GC [PSYoungGen: 50026K->6605K(50176K)] 94824K->55678K(163840K), 0.0035630 secs] [Times: user=0.03 sys=0.00, real=0.00 secs] 
161.902: Total time for which application threads were stopped: 0.0037840 seconds, Stopping threads took: 0.0001280 seconds
161.911: Application time: 0.0091040 seconds
161.911: [GC [PSYoungGen: 50075K->6604K(50176K)] 99148K->55678K(163840K), 0.0023860 secs] [Times: user=0.01 sys=0.00, real=0.00 secs] 
161.913: Total time for which application threads were stopped: 0.0026700 seconds, Stopping threads took: 0.0002040 seconds
161.929: Application time: 0.0157760 seconds
161.929: [GC [PSYoungGen: 50095K->6604K(50176K)] 99168K->59953K(163840K), 0.0035820 secs] [Times: user=0.03 sys=0.00, real=0.01 secs] 
161.933: Total time for which application threads were stopped: 0.0037520 seconds, Stopping threads took: 0.0000830 seconds
161.947: Application time: 0.0142720 seconds
161.947: [GC [PSYoungGen: 50095K->5860K(50176K)] 103443K->59208K(163840K), 0.0020740 secs] [Times: user=0.01 sys=0.00, real=0.00 secs] 
161.949: Total time for which application threads were stopped: 0.0022440 seconds, Stopping threads took: 0.0000790 seconds
162.048: Application time: 0.0987460 seconds
162.049: [GC [PSYoungGen: 49374K->6636K(50176K)] 102723K->69255K(163840K), 0.0048830 secs] [Times: user=0.04 sys=0.00, real=0.01 secs] 
162.053: Total time for which application threads were stopped: 0.0052940 seconds, Stopping threads took: 0.0003250 seconds
162.069: Application time: 0.0156670 seconds
162.069: [GC [PSYoungGen: 50122K->6636K(50176K)] 112741K->72818K(163840K), 0.0033000 secs] [Times: user=0.02 sys=0.00, real=0.01 secs] 
162.073: Total time for which application threads were stopped: 0.0034900 seconds, Stopping threads took: 0.0001060 seconds
162.089: Application time: 0.0164280 seconds
162.089: [GC [PSYoungGen: 50120K->6636K(50176K)] 116302K->75692K(163840K), 0.0032080 secs] [Times: user=0.02 sys=0.00, real=0.01 secs] 
162.092: Total time for which application threads were stopped: 0.0033900 seconds, Stopping threads took: 0.0000920 seconds
162.117: Application time: 0.0244460 seconds
162.117: [GC [PSYoungGen: 50156K->6636K(50176K)] 119211K->77885K(163840K), 0.0029370 secs] [Times: user=0.02 sys=0.00, real=0.00 secs] 
162.120: Total time for which application threads were stopped: 0.0030970 seconds, Stopping threads took: 0.0000760 seconds
162.137: Application time: 0.0173760 seconds
162.138: [GC [PSYoungGen: 50118K->6604K(50176K)] 121367K->79278K(163840K), 0.0026030 secs] [Times: user=0.02 sys=0.00, real=0.00 secs] 
162.140: Total time for which application threads were stopped: 0.0027840 seconds, Stopping threads took: 0.0000990 seconds
162.157: Application time: 0.0170460 seconds
162.157: [GC [PSYoungGen: 50089K->6652K(50176K)] 122763K->85027K(163840K), 0.0038610 secs] [Times: user=0.03 sys=0.00, real=0.00 secs] 
162.161: Total time for which application threads were stopped: 0.0040290 seconds, Stopping threads took: 0.0000820 seconds
162.206: Application time: 0.0449400 seconds
162.206: [GC [PSYoungGen: 50142K->6620K(50176K)] 128517K->92832K(163840K), 0.0043380 secs] [Times: user=0.03 sys=0.00, real=0.01 secs] 
162.211: Total time for which application threads were stopped: 0.0044840 seconds, Stopping threads took: 0.0000630 seconds
162.398: Application time: 0.1875490 seconds
162.398: [GC [PSYoungGen: 50100K->6652K(50176K)] 136312K->102127K(163840K), 0.0047690 secs] [Times: user=0.04 sys=0.00, real=0.01 secs] 
162.403: Total time for which application threads were stopped: 0.0049200 seconds, Stopping threads took: 0.0000670 seconds
162.594: Application time: 0.1906270 seconds
162.594: [GC [PSYoungGen: 50155K->6636K(50176K)] 145630K->112839K(163840K), 0.0050680 secs] [Times: user=0.04 sys=0.00, real=0.00 secs] 
162.599: [Full GC [PSYoungGen: 6636K->0K(50176K)] [ParOldGen: 106202K->26263K(113664K)] 112839K->26263K(163840K) [PSPermGen: 6113K->6113K(21504K)], 0.0097710 secs] [Times: user=0.05 sys=0.00, real=0.01 secs] 
162.609: Total time for which application threads were stopped: 0.0150460 seconds, Stopping threads took: 0.0000620 seconds
162.774: Application time: 0.1654440 seconds
162.774: [GC [PSYoungGen: 43487K->6572K(50176K)] 69751K->43524K(163840K), 0.0050360 secs] [Times: user=0.04 sys=0.00, real=0.00 secs] 
162.779: Total time for which application threads were stopped: 0.0051980 seconds, Stopping threads took: 0.0000790 seconds
162.993: Application time: 0.2135420 seconds
162.993: [GC [PSYoungGen: 50075K->6572K(50176K)] 87026K->54212K(163840K), 0.0051380 secs] [Times: user=0.03 sys=0.00, real=0.00 secs] 
162.998: Total time for which application threads were stopped: 0.0052870 seconds, Stopping threads took: 0.0000670 seconds
163.189: Application time: 0.1907380 seconds
163.189: [GC [PSYoungGen: 50060K->6636K(50176K)] 97700K->64251K(163840K), 0.0048890 secs] [Times: user=0.04 sys=0.00, real=0.01 secs] 
163.194: Total time for which application threads were stopped: 0.0050740 seconds, Stopping threads took: 0.0000830 seconds
163.400: Application time: 0.2054450 seconds
163.400: [GC [PSYoungGen: 50116K->6636K(50176K)] 107730K->74226K(163840K), 0.0049310 secs] [Times: user=0.04 sys=0.00, real=0.01 secs] 
163.405: Total time for which application threads were stopped: 0.0050840 seconds, Stopping threads took: 0.0000680 seconds
163.581: Application time: 0.1764970 seconds
163.581: [GC [PSYoungGen: 50133K->5956K(50176K)] 117723K->84233K(163840K), 0.0048860 secs] [Times: user=0.03 sys=0.00, real=0.01 secs] 
163.586: Total time for which application threads were stopped: 0.0050430 seconds, Stopping threads took: 0.0000730 seconds
163.766: Application time: 0.1795560 seconds
163.766: [GC [PSYoungGen: 49453K->5956K(50176K)] 127731K->95634K(163840K), 0.0051470 secs] [Times: user=0.04 sys=0.00, real=0.01 secs] 
163.771: Total time for which application threads were stopped: 0.0053240 seconds, Stopping threads took: 0.0000840 seconds
163.910: Application time: 0.1390530 seconds
163.910: [GC [PSYoungGen: 49454K->6636K(50176K)] 139132K->107723K(163840K), 0.0053240 secs] [Times: user=0.04 sys=0.00, real=0.00 secs] 
163.916: [Full GC [PSYoungGen: 6636K->0K(50176K)] [ParOldGen: 101086K->26977K(113664K)] 107723K->26977K(163840K) [PSPermGen: 6114K->6114K(21504K)], 0.0101540 secs] [Times: user=0.05 sys=0.00, real=0.01 secs] 
163.926: Total time for which application threads were stopped: 0.0156820 seconds, Stopping threads took: 0.0000690 seconds
164.087: Application time: 0.1616440 seconds
164.088: [GC [PSYoungGen: 43490K->6508K(50176K)] 70467K->42749K(163840K), 0.0046870 secs] [Times: user=0.04 sys=0.00, real=0.01 secs] 
164.092: Total time for which application threads were stopped: 0.0048310 seconds, Stopping threads took: 0.0000590 seconds
164.224: Application time: 0.1314480 seconds
164.224: [GC [PSYoungGen: 49999K->6573K(50176K)] 86239K->52789K(163840K), 0.0049010 secs] [Times: user=0.04 sys=0.00, real=0.00 secs] 
164.229: Total time for which application threads were stopped: 0.0050430 seconds, Stopping threads took: 0.0000580 seconds
164.373: Application time: 0.1437530 seconds
164.373: [GC [PSYoungGen: 50064K->6573K(50176K)] 96280K->62765K(163840K), 0.0049220 secs] [Times: user=0.03 sys=0.00, real=0.00 secs] 
164.378: Total time for which application threads were stopped: 0.0050900 seconds, Stopping threads took: 0.0000690 seconds
164.521: Application time: 0.1430930 seconds
164.521: [GC [PSYoungGen: 50074K->6637K(50176K)] 106266K->72805K(163840K), 0.0049550 secs] [Times: user=0.03 sys=0.00, real=0.01 secs] 
164.526: Total time for which application threads were stopped: 0.0051020 seconds, Stopping threads took: 0.0000660 seconds
164.673: Application time: 0.1473990 seconds
164.673: [GC [PSYoungGen: 50129K->6637K(50176K)] 116298K->82790K(163840K), 0.0048790 secs] [Times: user=0.03 sys=0.01, real=0.00 secs] 
164.678: Total time for which application threads were stopped: 0.0050340 seconds, Stopping threads took: 0.0000690 seconds
164.827: Application time: 0.1488660 seconds
164.827: [GC [PSYoungGen: 50138K->6637K(50176K)] 126291K->93487K(163840K), 0.0050930 secs] [Times: user=0.04 sys=0.00, real=0.01 secs] 
164.832: Total time for which application threads were stopped: 0.0052430 seconds, Stopping threads took: 0.0000650 seconds
164.963: Application time: 0.1309500 seconds
164.963: [GC [PSYoungGen: 50135K->6637K(50176K)] 136985K->103463K(163840K), 0.0049670 secs] [Times: user=0.03 sys=0.00, real=0.00 secs] 
164.968: Total time for which application threads were stopped: 0.0051290 seconds, Stopping threads took: 0.0000630 seconds
165.122: Application time: 0.1536060 seconds
165.122: [GC [PSYoungGen: 50119K->6637K(50176K)] 146945K->113438K(163840K), 0.0050230 secs] [Times: user=0.03 sys=0.00, real=0.00 secs] 
165.127: [Full GC [PSYoungGen: 6637K->0K(50176K)] [ParOldGen: 106801K->30713K(113664K)] 113438K->30713K(163840K) [PSPermGen: 6114K->6114K(21504K)], 0.0104820 secs] [Times: user=0.06 sys=0.00, real=0.01 secs] 
165.138: Total time for which application threads were stopped: 0.0157070 seconds, Stopping threads took: 0.0000690 seconds
165.300: Application time: 0.1624130 seconds
165.300: [GC [PSYoungGen: 43481K->6444K(50176K)] 74195K->46421K(163840K), 0.0047570 secs] [Times: user=0.04 sys=0.00, real=0.01 secs] 
165.305: Total time for which application threads were stopped: 0.0049070 seconds, Stopping threads took: 0.0000670 seconds
165.376: Application time: 0.0706200 seconds
165.376: [GC [PSYoungGen: 49960K->6476K(50176K)] 89936K->56429K(163840K), 0.0051090 secs] [Times: user=0.04 sys=0.00, real=0.00 secs] 
165.381: Total time for which application threads were stopped: 0.0052810 seconds, Stopping threads took: 0.0000860 seconds
165.397: Application time: 0.0162510 seconds
165.397: [GC [PSYoungGen: 49961K->6572K(50176K)] 99913K->58662K(163840K), 0.0029090 secs] [Times: user=0.02 sys=0.00, real=0.00 secs] 
165.400: Total time for which application threads were stopped: 0.0030800 seconds, Stopping threads took: 0.0000830 seconds
165.415: Application time: 0.0144630 seconds
165.415: [GC [PSYoungGen: 50057K->6572K(50176K)] 102148K->62225K(163840K), 0.0033930 secs] [Times: user=0.03 sys=0.00, real=0.00 secs] 
165.418: Total time for which application threads were stopped: 0.0035600 seconds, Stopping threads took: 0.0000830 seconds
165.466: Application time: 0.0475470 seconds
165.466: [GC [PSYoungGen: 49380K->6604K(50176K)] 105033K->67957K(163840K), 0.0039350 secs] [Times: user=0.03 sys=0.00, real=0.01 secs] 
165.470: Total time for which application threads were stopped: 0.0041240 seconds, Stopping threads took: 0.0000950 seconds
165.487: Application time: 0.0166050 seconds
165.487: [GC [PSYoungGen: 50080K->6604K(50176K)] 111433K->68670K(163840K), 0.0024890 secs] [Times: user=0.02 sys=0.00, real=0.00 secs] 
165.490: Total time for which application threads were stopped: 0.0028850 seconds, Stopping threads took: 0.0003150 seconds
165.507: Application time: 0.0176080 seconds
165.507: [GC [PSYoungGen: 50091K->6540K(50176K)] 112156K->74306K(163840K), 0.0039290 secs] [Times: user=0.03 sys=0.00, real=0.01 secs] 
165.511: Total time for which application threads were stopped: 0.0041200 seconds, Stopping threads took: 0.0001080 seconds
165.530: Application time: 0.0190480 seconds
165.530: [GC [PSYoungGen: 50060K->6636K(50176K)] 117826K->76548K(163840K), 0.0027870 secs] [Times: user=0.02 sys=0.00, real=0.00 secs] 
165.533: Total time for which application threads were stopped: 0.0029490 seconds, Stopping threads took: 0.0000760 seconds
165.550: Application time: 0.0171470 seconds
165.551: [GC [PSYoungGen: 50153K->6652K(50176K)] 120065K->79430K(163840K), 0.0031760 secs] [Times: user=0.02 sys=0.00, real=0.00 secs] 
165.554: Total time for which application threads were stopped: 0.0035250 seconds, Stopping threads took: 0.0002660 seconds
165.566: Application time: 0.0117350 seconds
165.566: [GC [PSYoungGen: 50134K->6636K(50176K)] 122912K->80126K(163840K), 0.0025330 secs] [Times: user=0.02 sys=0.00, real=0.00 secs] 
165.568: Total time for which application threads were stopped: 0.0027870 seconds, Stopping threads took: 0.0001670 seconds
165.579: Application time: 0.0107000 seconds
165.579: [GC [PSYoungGen: 50107K->6652K(50176K)] 123598K->80863K(163840K), 0.0024320 secs] [Times: user=0.02 sys=0.00, real=0.00 secs] 
165.582: Total time for which application threads were stopped: 0.0025970 seconds, Stopping threads took: 0.0000850 seconds
165.593: Application time: 0.0107850 seconds
165.593: [GC [PSYoungGen: 50143K->6637K(50176K)] 124353K->84418K(163840K), 0.0033590 secs] [Times: user=0.03 sys=0.00, real=0.00 secs] 
165.596: Total time for which application threads were stopped: 0.0036270 seconds, Stopping threads took: 0.0001810 seconds
165.607: Application time: 0.0105330 seconds
165.607: [GC [PSYoungGen: 50114K->6652K(50176K)] 127895K->85146K(163840K), 0.0024790 secs] [Times: user=0.02 sys=0.00, real=0.00 secs] 
165.609: Total time for which application threads were stopped: 0.0026420 seconds, Stopping threads took: 0.0000840 seconds
165.623: Application time: 0.0136660 seconds
165.623: [GC [PSYoungGen: 50156K->6636K(50176K)] 128650K->90838K(163840K), 0.0037880 secs] [Times: user=0.03 sys=0.00, real=0.00 secs] 
165.627: Total time for which application threads were stopped: 0.0039510 seconds, Stopping threads took: 0.0000790 seconds
165.725: Application time: 0.0975480 seconds
165.725: [GC [PSYoungGen: 50151K->6652K(50176K)] 134353K->100862K(163840K), 0.0051710 secs] [Times: user=0.03 sys=0.00, real=0.00 secs] 
165.730: Total time for which application threads were stopped: 0.0053490 seconds, Stopping threads took: 0.0000890 seconds
165.746: Application time: 0.0165620 seconds
165.747: [GC [PSYoungGen: 50137K->6636K(50176K)] 144346K->102311K(163840K), 0.0027850 secs] [Times: user=0.02 sys=0.00, real=0.00 secs] 
165.749: Total time for which application threads were stopped: 0.0029520 seconds, Stopping threads took: 0.0000840 seconds
165.764: Application time: 0.0147500 seconds
165.764: [GC [PSYoungGen: 50121K->6652K(50176K)] 145796K->104497K(163840K), 0.0029000 secs] [Times: user=0.02 sys=0.00, real=0.00 secs] 
165.767: Total time for which application threads were stopped: 0.0031150 seconds, Stopping threads took: 0.0001310 seconds
165.794: Application time: 0.0265980 seconds
165.794: [GC [PSYoungGen: 49462K->6652K(50176K)] 147306K->111638K(163840K), 0.0043340 secs] [Times: user=0.03 sys=0.00, real=0.00 secs] 
165.798: [Full GC [PSYoungGen: 6652K->0K(50176K)] [ParOldGen: 104985K->25552K(113664K)] 111638K->25552K(163840K) [PSPermGen: 6114K->6114K(21504K)], 0.0096580 secs] [Times: user=0.05 sys=0.00, real=0.01 secs] 
165.808: Total time for which application threads were stopped: 0.0143170 seconds, Stopping threads took: 0.0001870 seconds
165.827: Application time: 0.0183280 seconds
165.827: [GC [PSYoungGen: 43480K->1649K(50176K)] 69032K->27201K(163840K), 0.0005690 secs] [Times: user=0.00 sys=0.00, real=0.00 secs] 
165.827: Total time for which application threads were stopped: 0.0006980 seconds, Stopping threads took: 0.0000700 seconds
165.844: Application time: 0.0170490 seconds
165.844: [GC [PSYoungGen: 45131K->5148K(50176K)] 70683K->30700K(163840K), 0.0018630 secs] [Times: user=0.00 sys=0.00, real=0.00 secs] 
165.846: Total time for which application threads were stopped: 0.0020360 seconds, Stopping threads took: 0.0000940 seconds
165.922: Application time: 0.0760590 seconds
165.922: [GC [PSYoungGen: 48640K->6508K(50176K)] 74192K->42036K(163840K), 0.0048270 secs] [Times: user=0.04 sys=0.00, real=0.00 secs] 
165.927: Total time for which application threads were stopped: 0.0049730 seconds, Stopping threads took: 0.0000630 seconds
165.975: Application time: 0.0480350 seconds
165.976: [GC [PSYoungGen: 50027K->6508K(50176K)] 85554K->52011K(163840K), 0.0050740 secs] [Times: user=0.04 sys=0.00, real=0.00 secs] 
165.981: Total time for which application threads were stopped: 0.0052550 seconds, Stopping threads took: 0.0000850 seconds
165.997: Application time: 0.0160440 seconds
165.997: [GC [PSYoungGen: 49985K->6604K(50176K)] 95487K->53532K(163840K), 0.0028390 secs] [Times: user=0.02 sys=0.00, real=0.00 secs] 
166.000: Total time for which application threads were stopped: 0.0029990 seconds, Stopping threads took: 0.0000750 seconds
166.013: Application time: 0.0135750 seconds
166.013: [GC [PSYoungGen: 50089K->6636K(50176K)] 97017K->57127K(163840K), 0.0033480 secs] [Times: user=0.03 sys=0.00, real=0.00 secs] 
166.017: Total time for which application threads were stopped: 0.0035290 seconds, Stopping threads took: 0.0000940 seconds
166.076: Application time: 0.0592900 seconds
166.077: [GC [PSYoungGen: 49445K->6604K(50176K)] 99936K->63507K(163840K), 0.0040410 secs] [Times: user=0.03 sys=0.00, real=0.00 secs] 
166.081: Total time for which application threads were stopped: 0.0048000 seconds, Stopping threads took: 0.0006680 seconds
166.097: Application time: 0.0160540 seconds
166.097: [GC [PSYoungGen: 50092K->6572K(50176K)] 106995K->67750K(163840K), 0.0033390 secs] [Times: user=0.02 sys=0.00, real=0.00 secs] 
166.100: Total time for which application threads were stopped: 0.0035220 seconds, Stopping threads took: 0.0000970 seconds
166.117: Application time: 0.0169360 seconds
166.118: [GC [PSYoungGen: 50054K->6636K(50176K)] 111232K->69952K(163840K), 0.0030100 secs] [Times: user=0.02 sys=0.00, real=0.00 secs] 
166.121: Total time for which application threads were stopped: 0.0031850 seconds, Stopping threads took: 0.0000880 seconds
166.198: Application time: 0.0776500 seconds
166.198: [GC [PSYoungGen: 50129K->6572K(50176K)] 113445K->79863K(163840K), 0.0048710 secs] [Times: user=0.04 sys=0.00, real=0.01 secs] 
166.203: Total time for which application threads were stopped: 0.0050330 seconds, Stopping threads took: 0.0000810 seconds
166.378: Application time: 0.1749730 seconds
166.378: [GC [PSYoungGen: 50052K->6572K(50176K)] 123343K->89838K(163840K), 0.0049070 secs] [Times: user=0.04 sys=0.00, real=0.01 secs] 
166.383: Total time for which application threads were stopped: 0.0050520 seconds, Stopping threads took: 0.0000630 seconds
166.581: Application time: 0.1980700 seconds
166.581: [GC [PSYoungGen: 50073K->6636K(50176K)] 133339K->100598K(163840K), 0.0051180 secs] [Times: user=0.03 sys=0.01, real=0.01 secs] 
166.587: Total time for which application threads were stopped: 0.0052840 seconds, Stopping threads took: 0.0000700 seconds
166.746: Application time: 0.1596890 seconds
166.746: [GC [PSYoungGen: 50139K->6636K(50176K)] 144101K->111330K(163840K), 0.0051220 secs] [Times: user=0.03 sys=0.00, real=0.01 secs] 
166.752: [Full GC [PSYoungGen: 6636K->0K(50176K)] [ParOldGen: 104693K->28402K(113664K)] 111330K->28402K(163840K) [PSPermGen: 6114K->6114K(21504K)], 0.0101620 secs] [Times: user=0.05 sys=0.00, real=0.00 secs] 
166.762: Total time for which application threads were stopped: 0.0154810 seconds, Stopping threads took: 0.0000610 seconds
166.977: Application time: 0.2155520 seconds
166.978: [GC [PSYoungGen: 43487K->6476K(50176K)] 71890K->45566K(163840K), 0.0050850 secs] [Times: user=0.04 sys=0.00, real=0.01 secs] 
166.983: Total time for which application threads were stopped: 0.0052730 seconds, Stopping threads took: 0.0001020 seconds
167.182: Application time: 0.1994140 seconds
167.182: [GC [PSYoungGen: 49964K->6508K(50176K)] 89054K->55573K(163840K), 0.0049400 secs] [Times: user=0.04 sys=0.00, real=0.00 secs] 
167.187: Total time for which application threads were stopped: 0.0050950 seconds, Stopping threads took: 0.0000610 seconds
167.399: Application time: 0.2114710 seconds
167.399: [GC [PSYoungGen: 49996K->6604K(50176K)] 99061K->64932K(163840K), 0.0046160 secs] [Times: user=0.03 sys=0.00, real=0.01 secs] 
167.403: Total time for which application threads were stopped: 0.0047640 seconds, Stopping threads took: 0.0000650 seconds
167.559: Application time: 0.1552980 seconds
167.559: [GC [PSYoungGen: 50093K->6572K(50176K)] 108420K->75588K(163840K), 0.0051000 secs] [Times: user=0.03 sys=0.00, real=0.01 secs] 
167.564: Total time for which application threads were stopped: 0.0052480 seconds, Stopping threads took: 0.0000670 seconds
167.729: Application time: 0.1649330 seconds
167.729: [GC [PSYoungGen: 50087K->5956K(50176K)] 119103K->87084K(163840K), 0.0051990 secs] [Times: user=0.03 sys=0.00, real=0.01 secs] 
167.734: Total time for which application threads were stopped: 0.0053580 seconds, Stopping threads took: 0.0000650 seconds
167.872: Application time: 0.1381050 seconds
167.872: [GC [PSYoungGen: 49445K->6636K(50176K)] 130574K->97036K(163840K), 0.0046580 secs] [Times: user=0.03 sys=0.00, real=0.00 secs] 
167.877: Total time for which application threads were stopped: 0.0048110 seconds, Stopping threads took: 0.0000710 seconds
168.024: Application time: 0.1471940 seconds
168.024: [GC [PSYoungGen: 50127K->6636K(50176K)] 140526K->107020K(163840K), 0.0048930 secs] [Times: user=0.04 sys=0.00, real=0.00 secs] 
168.029: [Full GC [PSYoungGen: 6636K->0K(50176K)] [ParOldGen: 100383K->24840K(113664K)] 107020K->24840K(163840K) [PSPermGen: 6114K->6114K(21504K)], 0.0095220 secs] [Times: user=0.05 sys=0.00, real=0.01 secs] 
168.039: Total time for which application threads were stopped: 0.0146160 seconds, Stopping threads took: 0.0000680 seconds
168.182: Application time: 0.1431130 seconds
168.182: [GC [PSYoungGen: 43482K->6413K(50176K)] 68322K->40516K(163840K), 0.0047400 secs] [Times: user=0.04 sys=0.00, real=0.00 secs] 
168.187: Total time for which application threads were stopped: 0.0049000 seconds, Stopping threads took: 0.0000720 seconds
168.328: Application time: 0.1412310 seconds
168.328: [GC [PSYoungGen: 49913K->6477K(50176K)] 84017K->50557K(163840K), 0.0048840 secs] [Times: user=0.03 sys=0.00, real=0.01 secs] 
168.333: Total time for which application threads were stopped: 0.0050550 seconds, Stopping threads took: 0.0000760 seconds
168.476: Application time: 0.1423720 seconds
168.476: [GC [PSYoungGen: 49967K->6541K(50176K)] 94047K->59884K(163840K), 0.0046790 secs] [Times: user=0.04 sys=0.00, real=0.00 secs] 
168.480: Total time for which application threads were stopped: 0.0048280 seconds, Stopping threads took: 0.0000680 seconds
168.617: Application time: 0.1367250 seconds
168.617: [GC [PSYoungGen: 50042K->6605K(50176K)] 103386K->71350K(163840K), 0.0053270 secs] [Times: user=0.03 sys=0.00, real=0.01 secs] 
168.623: Total time for which application threads were stopped: 0.0054830 seconds, Stopping threads took: 0.0000730 seconds
168.781: Application time: 0.1587630 seconds
168.782: [GC [PSYoungGen: 50097K->6637K(50176K)] 114842K->81366K(163840K), 0.0049390 secs] [Times: user=0.03 sys=0.00, real=0.01 secs] 
168.787: Total time for which application threads were stopped: 0.0050970 seconds, Stopping threads took: 0.0000710 seconds
168.926: Application time: 0.1392950 seconds
168.926: [GC [PSYoungGen: 50137K->6637K(50176K)] 124867K->92063K(163840K), 0.0050700 secs] [Times: user=0.03 sys=0.00, real=0.01 secs] 
168.931: Total time for which application threads were stopped: 0.0052410 seconds, Stopping threads took: 0.0000780 seconds
169.085: Application time: 0.1534700 seconds
169.085: [GC [PSYoungGen: 50119K->5956K(50176K)] 135545K->102070K(163840K), 0.0049400 secs] [Times: user=0.04 sys=0.00, real=0.00 secs] 
169.090: Total time for which application threads were stopped: 0.0051170 seconds, Stopping threads took: 0.0000910 seconds
169.253: Application time: 0.1633740 seconds
169.253: [GC [PSYoungGen: 49464K->5988K(50176K)] 145579K->111366K(163840K), 0.0045200 secs] [Times: user=0.04 sys=0.00, real=0.00 secs] 
169.258: [Full GC [PSYoungGen: 5988K->0K(50176K)] [ParOldGen: 105377K->29148K(113664K)] 111366K->29148K(163840K) [PSPermGen: 6114K->6114K(21504K)], 0.0092600 secs] [Times: user=0.05 sys=0.00, real=0.01 secs] 
169.267: Total time for which application threads were stopped: 0.0139810 seconds, Stopping threads took: 0.0000680 seconds
169.285: Application time: 0.0179060 seconds
169.285: [GC [PSYoungGen: 43484K->6540K(50176K)] 72632K->36401K(163840K), 0.0024840 secs] [Times: user=0.02 sys=0.00, real=0.00 secs] 
169.288: Total time for which application threads were stopped: 0.0026550 seconds, Stopping threads took: 0.0000850 seconds
169.304: Application time: 0.0168290 seconds
169.305: [GC [PSYoungGen: 50021K->6509K(50176K)] 79881K->38507K(163840K), 0.0028200 secs] [Times: user=0.02 sys=0.01, real=0.00 secs] 
169.308: Total time for which application threads were stopped: 0.0036280 seconds, Stopping threads took: 0.0007240 seconds
169.320: Application time: 0.0120200 seconds
169.320: [GC [PSYoungGen: 49993K->6476K(50176K)] 81991K->43463K(163840K), 0.0037250 secs] [Times: user=0.02 sys=0.00, real=0.01 secs] 
169.324: Total time for which application threads were stopped: 0.0038980 seconds, Stopping threads took: 0.0000860 seconds
169.370: Application time: 0.0463640 seconds
169.371: [GC [PSYoungGen: 49285K->6572K(50176K)] 86272K->48547K(163840K), 0.0035910 secs] [Times: user=0.02 sys=0.00, real=0.00 secs] 
169.374: Total time for which application threads were stopped: 0.0038600 seconds, Stopping threads took: 0.0001850 seconds
169.389: Application time: 0.0150190 seconds
169.389: [GC [PSYoungGen: 50053K->6540K(50176K)] 92027K->52790K(163840K), 0.0035190 secs] [Times: user=0.03 sys=0.00, real=0.01 secs] 
169.393: Total time for which application threads were stopped: 0.0036970 seconds, Stopping threads took: 0.0000930 seconds
169.407: Application time: 0.0141380 seconds
169.407: [GC [PSYoungGen: 50024K->6636K(50176K)] 96273K->55024K(163840K), 0.0030180 secs] [Times: user=0.02 sys=0.00, real=0.01 secs] 
169.410: Total time for which application threads were stopped: 0.0032050 seconds, Stopping threads took: 0.0001020 seconds
169.526: Application time: 0.1160930 seconds
169.527: [GC [PSYoungGen: 50126K->6572K(50176K)] 98513K->64935K(163840K), 0.0048890 secs] [Times: user=0.03 sys=0.00, real=0.01 secs] 
169.531: Total time for which application threads were stopped: 0.0050550 seconds, Stopping threads took: 0.0000720 seconds
169.572: Application time: 0.0402040 seconds
169.572: [GC [PSYoungGen: 49405K->6636K(50176K)] 107767K->72852K(163840K), 0.0045150 secs] [Times: user=0.03 sys=0.00, real=0.00 secs] 
169.576: Total time for which application threads were stopped: 0.0046800 seconds, Stopping threads took: 0.0000790 seconds
169.589: Application time: 0.0123610 seconds
169.589: [GC [PSYoungGen: 50112K->6620K(50176K)] 116328K->74974K(163840K), 0.0029890 secs] [Times: user=0.02 sys=0.00, real=0.01 secs] 
169.592: Total time for which application threads were stopped: 0.0032590 seconds, Stopping threads took: 0.0001760 seconds
169.605: Application time: 0.0125870 seconds
169.605: [GC [PSYoungGen: 50104K->6604K(50176K)] 118458K->75671K(163840K), 0.0025930 secs] [Times: user=0.02 sys=0.00, real=0.00 secs] 
169.607: Total time for which application threads were stopped: 0.0028720 seconds, Stopping threads took: 0.0001930 seconds
169.619: Application time: 0.0118090 seconds
169.619: [GC [PSYoungGen: 50088K->6605K(50176K)] 119155K->79946K(163840K), 0.0035640 secs] [Times: user=0.02 sys=0.00, real=0.01 secs] 
169.623: Total time for which application threads were stopped: 0.0037270 seconds, Stopping threads took: 0.0000800 seconds
169.633: Application time: 0.0103750 seconds
169.634: [GC [PSYoungGen: 50097K->6621K(50176K)] 123438K->79962K(163840K), 0.0022490 secs] [Times: user=0.01 sys=0.00, real=0.00 secs] 
169.636: Total time for which application threads were stopped: 0.0025260 seconds, Stopping threads took: 0.0001970 seconds
169.647: Application time: 0.0109980 seconds
169.647: [GC [PSYoungGen: 50105K->5956K(50176K)] 123447K->82147K(163840K), 0.0030370 secs] [Times: user=0.02 sys=0.00, real=0.01 secs] 
169.650: Total time for which application threads were stopped: 0.0032210 seconds, Stopping threads took: 0.0001000 seconds
169.689: Application time: 0.0392430 seconds
169.689: [GC [PSYoungGen: 49190K->6652K(50176K)] 125382K->86486K(163840K), 0.0032400 secs] [Times: user=0.02 sys=0.00, real=0.01 secs] 
169.693: Total time for which application threads were stopped: 0.0034060 seconds, Stopping threads took: 0.0000800 seconds
169.706: Application time: 0.0136400 seconds
169.707: [GC [PSYoungGen: 49743K->6636K(50176K)] 129577K->87912K(163840K), 0.0028200 secs] [Times: user=0.02 sys=0.00, real=0.00 secs] 
169.710: Total time for which application threads were stopped: 0.0033230 seconds, Stopping threads took: 0.0004170 seconds
169.721: Application time: 0.0109160 seconds
169.722: [GC [PSYoungGen: 50113K->6636K(50176K)] 131388K->91482K(163840K), 0.0032360 secs] [Times: user=0.02 sys=0.00, real=0.01 secs] 
169.725: Total time for which application threads were stopped: 0.0042150 seconds, Stopping threads took: 0.0008930 seconds
169.735: Application time: 0.0098490 seconds
169.735: [GC [PSYoungGen: 50125K->6636K(50176K)] 134971K->94352K(163840K), 0.0030870 secs] [Times: user=0.02 sys=0.00, real=0.00 secs] 
169.738: Total time for which application threads were stopped: 0.0033310 seconds, Stopping threads took: 0.0001570 seconds
169.749: Application time: 0.0106940 seconds
169.749: [GC [PSYoungGen: 50128K->6652K(50176K)] 137844K->98652K(163840K), 0.0035220 secs] [Times: user=0.03 sys=0.00, real=0.01 secs] 
169.752: Total time for which application threads were stopped: 0.0036870 seconds, Stopping threads took: 0.0000790 seconds
169.768: Application time: 0.0158750 seconds
169.768: [GC [PSYoungGen: 50134K->6652K(50176K)] 142133K->100109K(163840K), 0.0028910 secs] [Times: user=0.02 sys=0.00, real=0.01 secs] 
169.771: Total time for which application threads were stopped: 0.0030640 seconds, Stopping threads took: 0.0000900 seconds
169.850: Application time: 0.0782330 seconds
169.850: [GC [PSYoungGen: 49464K->6652K(50176K)] 142920K->110805K(163840K), 0.0052680 secs] [Times: user=0.04 sys=0.00, real=0.01 secs] 
169.855: [Full GC [PSYoungGen: 6652K->0K(50176K)] [ParOldGen: 104152K->25552K(113664K)] 110805K->25552K(163840K) [PSPermGen: 6114K->6114K(21504K)], 0.0097230 secs] [Times: user=0.05 sys=0.00, real=0.01 secs] 
169.865: Total time for which application threads were stopped: 0.0152080 seconds, Stopping threads took: 0.0000830 seconds
169.882: Application time: 0.0167250 seconds
169.882: [GC [PSYoungGen: 43477K->5860K(50176K)] 69030K->31412K(163840K), 0.0021120 secs] [Times: user=0.02 sys=0.00, real=0.01 secs] 
169.884: Total time for which application threads were stopped: 0.0022810 seconds, Stopping threads took: 0.0000840 seconds
169.902: Application time: 0.0186950 seconds
169.903: [GC [PSYoungGen: 49345K->6508K(50176K)] 74898K->36336K(163840K), 0.0034120 secs] [Times: user=0.03 sys=0.00, real=0.00 secs] 
169.906: Total time for which application threads were stopped: 0.0036480 seconds, Stopping threads took: 0.0001540 seconds
169.941: Application time: 0.0352390 seconds
169.942: [GC [PSYoungGen: 50004K->6540K(50176K)] 79831K->39930K(163840K), 0.0030440 secs] [Times: user=0.02 sys=0.00, real=0.01 secs] 
169.945: Total time for which application threads were stopped: 0.0031940 seconds, Stopping threads took: 0.0000690 seconds
170.009: Application time: 0.0645470 seconds
170.009: [GC [PSYoungGen: 50060K->6508K(50176K)] 83450K->49874K(163840K), 0.0050840 secs] [Times: user=0.04 sys=0.00, real=0.01 secs] 
170.014: Total time for which application threads were stopped: 0.0052790 seconds, Stopping threads took: 0.0001090 seconds
170.030: Application time: 0.0151260 seconds
170.030: [GC [PSYoungGen: 49987K->6572K(50176K)] 93352K->52788K(163840K), 0.0031340 secs] [Times: user=0.02 sys=0.00, real=0.01 secs] 
170.033: Total time for which application threads were stopped: 0.0033210 seconds, Stopping threads took: 0.0000920 seconds
170.047: Application time: 0.0144450 seconds
170.047: [GC [PSYoungGen: 50057K->6540K(50176K)] 96273K->57031K(163840K), 0.0035310 secs] [Times: user=0.02 sys=0.00, real=0.01 secs] 
170.051: Total time for which application threads were stopped: 0.0037210 seconds, Stopping threads took: 0.0001090 seconds
170.164: Application time: 0.1130490 seconds
170.164: [GC [PSYoungGen: 50029K->6508K(50176K)] 100520K->67687K(163840K), 0.0050920 secs] [Times: user=0.03 sys=0.00, real=0.00 secs] 
170.169: Total time for which application threads were stopped: 0.0052480 seconds, Stopping threads took: 0.0000720 seconds
170.357: Application time: 0.1874370 seconds
170.357: [GC [PSYoungGen: 50002K->6636K(50176K)] 111181K->77790K(163840K), 0.0048750 secs] [Times: user=0.03 sys=0.00, real=0.00 secs] 
170.362: Total time for which application threads were stopped: 0.0050230 seconds, Stopping threads took: 0.0000660 seconds
170.552: Application time: 0.1897970 seconds
170.552: [GC [PSYoungGen: 50116K->6572K(50176K)] 121270K->84851K(163840K), 0.0040600 secs] [Times: user=0.03 sys=0.00, real=0.00 secs] 
170.556: Total time for which application threads were stopped: 0.0044900 seconds, Stopping threads took: 0.0003370 seconds
170.737: Application time: 0.1810520 seconds
170.737: [GC [PSYoungGen: 50081K->5956K(50176K)] 128360K->96347K(163840K), 0.0053240 secs] [Times: user=0.04 sys=0.00, real=0.01 secs] 
170.743: Total time for which application threads were stopped: 0.0054760 seconds, Stopping threads took: 0.0000700 seconds
170.948: Application time: 0.2053320 seconds
170.948: [GC [PSYoungGen: 49450K->6636K(50176K)] 139842K->107043K(163840K), 0.0049220 secs] [Times: user=0.04 sys=0.00, real=0.01 secs] 
170.953: [Full GC [PSYoungGen: 6636K->0K(50176K)] [ParOldGen: 100406K->31283K(113664K)] 107043K->31283K(163840K) [PSPermGen: 6114K->6114K(21504K)], 0.0094390 secs] [Times: user=0.05 sys=0.00, real=0.01 secs] 
170.963: Total time for which application threads were stopped: 0.0145710 seconds, Stopping threads took: 0.0000670 seconds
171.180: Application time: 0.2172100 seconds
171.180: [GC [PSYoungGen: 43479K->6412K(50176K)] 74763K->46958K(163840K), 0.0046260 secs] [Times: user=0.03 sys=0.00, real=0.01 secs] 
171.185: Total time for which application threads were stopped: 0.0047790 seconds, Stopping threads took: 0.0000620 seconds
171.365: Application time: 0.1803350 seconds
171.365: [GC [PSYoungGen: 49901K->6572K(50176K)] 90447K->57806K(163840K), 0.0051610 secs] [Times: user=0.03 sys=0.00, real=0.01 secs] 
171.370: Total time for which application threads were stopped: 0.0053120 seconds, Stopping threads took: 0.0000660 seconds
171.557: Application time: 0.1867560 seconds
171.557: [GC [PSYoungGen: 50070K->6604K(50176K)] 101303K->68526K(163840K), 0.0050940 secs] [Times: user=0.04 sys=0.00, real=0.01 secs] 
171.562: Total time for which application threads were stopped: 0.0052370 seconds, Stopping threads took: 0.0000570 seconds
171.721: Application time: 0.1592500 seconds
171.722: [GC [PSYoungGen: 50094K->6540K(50176K)] 112015K->78437K(163840K), 0.0049530 secs] [Times: user=0.04 sys=0.00, real=0.01 secs] 
171.727: Total time for which application threads were stopped: 0.0051220 seconds, Stopping threads took: 0.0000700 seconds
171.867: Application time: 0.1401680 seconds
171.867: [GC [PSYoungGen: 50048K->6636K(50176K)] 121945K->90655K(163840K), 0.0054980 secs] [Times: user=0.05 sys=0.00, real=0.01 secs] 
171.872: Total time for which application threads were stopped: 0.0056490 seconds, Stopping threads took: 0.0000700 seconds
172.013: Application time: 0.1406220 seconds
172.013: [GC [PSYoungGen: 50127K->6636K(50176K)] 134145K->100639K(163840K), 0.0049340 secs] [Times: user=0.04 sys=0.00, real=0.00 secs] 
172.018: Total time for which application threads were stopped: 0.0050880 seconds, Stopping threads took: 0.0000710 seconds
172.158: Application time: 0.1400740 seconds
172.158: [GC [PSYoungGen: 50128K->5956K(50176K)] 144130K->110647K(163840K), 0.0049010 secs] [Times: user=0.04 sys=0.00, real=0.01 secs] 
172.163: [Full GC [PSYoungGen: 5956K->0K(50176K)] [ParOldGen: 104690K->25553K(113664K)] 110647K->25553K(163840K) [PSPermGen: 6114K->6114K(21504K)], 0.0096140 secs] [Times: user=0.05 sys=0.00, real=0.01 secs] 
172.173: Total time for which application threads were stopped: 0.0147080 seconds, Stopping threads took: 0.0000610 seconds
172.304: Application time: 0.1310000 seconds
172.304: [GC [PSYoungGen: 43491K->6541K(50176K)] 69045K->41358K(163840K), 0.0047520 secs] [Times: user=0.04 sys=0.00, real=0.00 secs] 
172.309: Total time for which application threads were stopped: 0.0049100 seconds, Stopping threads took: 0.0000660 seconds
172.447: Application time: 0.1380320 seconds
172.447: [GC [PSYoungGen: 50033K->6573K(50176K)] 84851K->51367K(163840K), 0.0049540 secs] [Times: user=0.04 sys=0.00, real=0.01 secs] 
172.452: Total time for which application threads were stopped: 0.0051280 seconds, Stopping threads took: 0.0000900 seconds
172.598: Application time: 0.1459300 seconds
172.598: [GC [PSYoungGen: 50065K->6573K(50176K)] 94859K->61343K(163840K), 0.0049050 secs] [Times: user=0.03 sys=0.00, real=0.01 secs] 
172.603: Total time for which application threads were stopped: 0.0050670 seconds, Stopping threads took: 0.0000750 seconds
172.754: Application time: 0.1513340 seconds
172.754: [GC [PSYoungGen: 50082K->6637K(50176K)] 104852K->72096K(163840K), 0.0050510 secs] [Times: user=0.04 sys=0.00, real=0.00 secs] 
172.760: Total time for which application threads were stopped: 0.0052270 seconds, Stopping threads took: 0.0000930 seconds
172.890: Application time: 0.1309330 seconds
172.891: [GC [PSYoungGen: 50129K->6637K(50176K)] 115587K->82080K(163840K), 0.0049560 secs] [Times: user=0.03 sys=0.00, real=0.00 secs] 
172.896: Total time for which application threads were stopped: 0.0051270 seconds, Stopping threads took: 0.0000750 seconds
173.018: Application time: 0.1222220 seconds
173.018: [GC [PSYoungGen: 50154K->5956K(50176K)] 125597K->92800K(163840K), 0.0053720 secs] [Times: user=0.04 sys=0.00, real=0.01 secs] 
173.023: Total time for which application threads were stopped: 0.0055380 seconds, Stopping threads took: 0.0000790 seconds
173.047: Application time: 0.0234510 seconds
173.047: [GC [PSYoungGen: 49439K->5956K(50176K)] 136282K->99925K(163840K), 0.0041520 secs] [Times: user=0.03 sys=0.00, real=0.01 secs] 
173.051: Total time for which application threads were stopped: 0.0043190 seconds, Stopping threads took: 0.0000810 seconds
173.069: Application time: 0.0177680 seconds
173.069: [GC [PSYoungGen: 49440K->5956K(50176K)] 143409K->103488K(163840K), 0.0032470 secs] [Times: user=0.03 sys=0.00, real=0.01 secs] 
173.072: Total time for which application threads were stopped: 0.0034190 seconds, Stopping threads took: 0.0000860 seconds
173.106: Application time: 0.0340680 seconds
173.107: [GC [PSYoungGen: 49449K->6636K(50176K)] 146982K->106314K(163840K), 0.0028330 secs] [Times: user=0.02 sys=0.00, real=0.00 secs] 
173.109: [Full GC [PSYoungGen: 6636K->0K(50176K)] [ParOldGen: 99677K->29915K(113664K)] 106314K->29915K(163840K) [PSPermGen: 6114K->6114K(21504K)], 0.0094280 secs] [Times: user=0.05 sys=0.00, real=0.01 secs] 
173.119: Total time for which application threads were stopped: 0.0124780 seconds, Stopping threads took: 0.0000870 seconds
173.280: Application time: 0.1613600 seconds
173.280: [GC [PSYoungGen: 43481K->6444K(50176K)] 73397K->45623K(163840K), 0.0047090 secs] [Times: user=0.04 sys=0.00, real=0.01 secs] 
173.285: Total time for which application threads were stopped: 0.0048520 seconds, Stopping threads took: 0.0000610 seconds
173.312: Application time: 0.0272170 seconds
173.312: [GC [PSYoungGen: 49959K->6476K(50176K)] 89138K->53493K(163840K), 0.0045560 secs] [Times: user=0.03 sys=0.00, real=0.00 secs] 
173.317: Total time for which application threads were stopped: 0.0047280 seconds, Stopping threads took: 0.0000880 seconds
173.333: Application time: 0.0161650 seconds
173.333: [GC [PSYoungGen: 49954K->6476K(50176K)] 96970K->54918K(163840K), 0.0028060 secs] [Times: user=0.02 sys=0.00, real=0.00 secs] 
173.336: Total time for which application threads were stopped: 0.0029810 seconds, Stopping threads took: 0.0000900 seconds
173.350: Application time: 0.0133600 seconds
173.350: [GC [PSYoungGen: 49959K->6508K(50176K)] 98401K->57800K(163840K), 0.0032640 secs] [Times: user=0.02 sys=0.00, real=0.01 secs] 
173.353: Total time for which application threads were stopped: 0.0034370 seconds, Stopping threads took: 0.0000910 seconds
173.460: Application time: 0.1071750 seconds
173.460: [GC [PSYoungGen: 49890K->6620K(50176K)] 101182K->66463K(163840K), 0.0044490 secs] [Times: user=0.03 sys=0.01, real=0.01 secs] 
173.465: Total time for which application threads were stopped: 0.0046300 seconds, Stopping threads took: 0.0000840 seconds
173.481: Application time: 0.0162190 seconds
173.481: [GC [PSYoungGen: 49555K->6588K(50176K)] 109397K->69281K(163840K), 0.0031580 secs] [Times: user=0.02 sys=0.00, real=0.01 secs] 
173.484: Total time for which application threads were stopped: 0.0033480 seconds, Stopping threads took: 0.0001050 seconds
173.495: Application time: 0.0104980 seconds
173.495: [GC [PSYoungGen: 50068K->6652K(50176K)] 112760K->72907K(163840K), 0.0033370 secs] [Times: user=0.02 sys=0.00, real=0.00 secs] 
173.499: Total time for which application threads were stopped: 0.0037920 seconds, Stopping threads took: 0.0003720 seconds
173.510: Application time: 0.0113740 seconds
173.510: [GC [PSYoungGen: 50139K->6636K(50176K)] 116395K->75037K(163840K), 0.0029480 secs] [Times: user=0.02 sys=0.00, real=0.00 secs] 
173.513: Total time for which application threads were stopped: 0.0031140 seconds, Stopping threads took: 0.0000830 seconds
173.526: Application time: 0.0127050 seconds
173.526: [GC [PSYoungGen: 50118K->6605K(50176K)] 118519K->77856K(163840K), 0.0031650 secs] [Times: user=0.02 sys=0.00, real=0.00 secs] 
173.529: Total time for which application threads were stopped: 0.0033230 seconds, Stopping threads took: 0.0000750 seconds
173.538: Application time: 0.0092070 seconds
173.539: [GC [PSYoungGen: 50087K->6637K(50176K)] 121338K->79313K(163840K), 0.0027710 secs] [Times: user=0.02 sys=0.00, real=0.00 secs] 
173.541: Total time for which application threads were stopped: 0.0029950 seconds, Stopping threads took: 0.0001420 seconds
173.552: Application time: 0.0107040 seconds
173.552: [GC [PSYoungGen: 50124K->6604K(50176K)] 122800K->84268K(163840K), 0.0035820 secs] [Times: user=0.03 sys=0.00, real=0.00 secs] 
173.556: Total time for which application threads were stopped: 0.0038270 seconds, Stopping threads took: 0.0001560 seconds
173.693: Application time: 0.1372210 seconds
173.693: [GC [PSYoungGen: 49444K->6636K(50176K)] 127108K->93635K(163840K), 0.0047930 secs] [Times: user=0.03 sys=0.00, real=0.00 secs] 
173.698: Total time for which application threads were stopped: 0.0049730 seconds, Stopping threads took: 0.0000950 seconds
173.712: Application time: 0.0137410 seconds
173.713: [GC [PSYoungGen: 50120K->6636K(50176K)] 137119K->98643K(163840K), 0.0036440 secs] [Times: user=0.03 sys=0.00, real=0.00 secs] 
173.716: Total time for which application threads were stopped: 0.0046000 seconds, Stopping threads took: 0.0008710 seconds
173.727: Application time: 0.0101870 seconds
173.727: [GC [PSYoungGen: 50112K->6604K(50176K)] 142118K->100748K(163840K), 0.0027890 secs] [Times: user=0.02 sys=0.00, real=0.00 secs] 
173.730: Total time for which application threads were stopped: 0.0029740 seconds, Stopping threads took: 0.0001000 seconds
173.742: Application time: 0.0125410 seconds
173.743: [GC [PSYoungGen: 50124K->6652K(50176K)] 144268K->102237K(163840K), 0.0028130 secs] [Times: user=0.02 sys=0.00, real=0.00 secs] 
173.746: Total time for which application threads were stopped: 0.0036210 seconds, Stopping threads took: 0.0007240 seconds
173.758: Application time: 0.0117780 seconds
173.758: [GC [PSYoungGen: 50126K->6636K(50176K)] 145711K->103646K(163840K), 0.0027600 secs] [Times: user=0.03 sys=0.00, real=0.00 secs] 
173.761: Total time for which application threads were stopped: 0.0030300 seconds, Stopping threads took: 0.0001860 seconds
173.771: Application time: 0.0105990 seconds
173.771: [GC [PSYoungGen: 50135K->6653K(50176K)] 147145K->107249K(163840K), 0.0033700 secs] [Times: user=0.02 sys=0.00, real=0.00 secs] 
173.775: Total time for which application threads were stopped: 0.0035850 seconds, Stopping threads took: 0.0001310 seconds
173.785: Application time: 0.0105900 seconds
173.786: [GC [PSYoungGen: 50131K->6652K(50176K)] 150727K->110148K(163840K), 0.0030540 secs] [Times: user=0.02 sys=0.00, real=0.00 secs] 
173.789: [Full GC [PSYoungGen: 6652K->0K(50176K)] [ParOldGen: 103495K->23416K(113664K)] 110148K->23416K(163840K) [PSPermGen: 6114K->6114K(21504K)], 0.0092520 secs] [Times: user=0.05 sys=0.00, real=0.01 secs] 
173.798: Total time for which application threads were stopped: 0.0127700 seconds, Stopping threads took: 0.0003170 seconds
173.809: Application time: 0.0106490 seconds
173.809: [GC [PSYoungGen: 43487K->6572K(50176K)] 66903K->31413K(163840K), 0.0025740 secs] [Times: user=0.02 sys=0.00, real=0.01 secs] 
173.812: Total time for which application threads were stopped: 0.0030550 seconds, Stopping threads took: 0.0003950 seconds
173.829: Application time: 0.0171240 seconds
173.829: [GC [PSYoungGen: 49383K->6604K(50176K)] 74224K->35008K(163840K), 0.0032980 secs] [Times: user=0.02 sys=0.00, real=0.01 secs] 
173.832: Total time for which application threads were stopped: 0.0034900 seconds, Stopping threads took: 0.0001070 seconds
173.844: Application time: 0.0113790 seconds
173.844: [GC [PSYoungGen: 50086K->6636K(50176K)] 78490K->35040K(163840K), 0.0022980 secs] [Times: user=0.02 sys=0.00, real=0.00 secs] 
173.846: Total time for which application threads were stopped: 0.0025960 seconds, Stopping threads took: 0.0002130 seconds
173.858: Application time: 0.0111170 seconds
173.858: [GC [PSYoungGen: 50123K->6604K(50176K)] 78527K->37858K(163840K), 0.0031370 secs] [Times: user=0.02 sys=0.00, real=0.00 secs] 
173.861: Total time for which application threads were stopped: 0.0033290 seconds, Stopping threads took: 0.0000990 seconds
173.880: Application time: 0.0191790 seconds
173.880: [GC [PSYoungGen: 50092K->6604K(50176K)] 81346K->40708K(163840K), 0.0031540 secs] [Times: user=0.02 sys=0.00, real=0.01 secs] 
173.883: Total time for which application threads were stopped: 0.0033260 seconds, Stopping threads took: 0.0000880 seconds
173.950: Application time: 0.0662100 seconds
173.950: [GC [PSYoungGen: 50098K->6604K(50176K)] 84202K->49258K(163840K), 0.0044280 secs] [Times: user=0.03 sys=0.00, real=0.01 secs] 
173.954: Total time for which application threads were stopped: 0.0045840 seconds, Stopping threads took: 0.0000710 seconds
174.123: Application time: 0.1683980 seconds
174.123: [GC [PSYoungGen: 50092K->6636K(50176K)] 92746K->59282K(163840K), 0.0048510 secs] [Times: user=0.03 sys=0.00, real=0.00 secs] 
174.128: Total time for which application threads were stopped: 0.0050450 seconds, Stopping threads took: 0.0000930 seconds
174.319: Application time: 0.1913230 seconds
174.319: [GC [PSYoungGen: 50124K->6636K(50176K)] 102770K->69969K(163840K), 0.0050970 secs] [Times: user=0.04 sys=0.00, real=0.01 secs] 
174.324: Total time for which application threads were stopped: 0.0052510 seconds, Stopping threads took: 0.0000680 seconds
174.501: Application time: 0.1764830 seconds
174.501: [GC [PSYoungGen: 50128K->6636K(50176K)] 113462K->79272K(163840K), 0.0047070 secs] [Times: user=0.04 sys=0.00, real=0.01 secs] 
174.506: Total time for which application threads were stopped: 0.0048640 seconds, Stopping threads took: 0.0000740 seconds
174.712: Application time: 0.2068670 seconds
174.713: [GC [PSYoungGen: 50128K->6636K(50176K)] 122764K->88535K(163840K), 0.0046850 secs] [Times: user=0.03 sys=0.00, real=0.00 secs] 
174.717: Total time for which application threads were stopped: 0.0048410 seconds, Stopping threads took: 0.0000650 seconds
174.897: Application time: 0.1798700 seconds
174.897: [GC [PSYoungGen: 50132K->6636K(50176K)] 132031K->100648K(163840K), 0.0055040 secs] [Times: user=0.04 sys=0.00, real=0.01 secs] 
174.903: Total time for which application threads were stopped: 0.0056750 seconds, Stopping threads took: 0.0000850 seconds
175.111: Application time: 0.2078930 seconds
175.111: [GC [PSYoungGen: 50125K->5956K(50176K)] 144136K->110655K(163840K), 0.0048630 secs] [Times: user=0.04 sys=0.00, real=0.00 secs] 
175.116: [Full GC [PSYoungGen: 5956K->0K(50176K)] [ParOldGen: 104699K->29828K(113664K)] 110655K->29828K(163840K) [PSPermGen: 6114K->6114K(21504K)], 0.0104840 secs] [Times: user=0.06 sys=0.00, real=0.01 secs] 
175.126: Total time for which application threads were stopped: 0.0155510 seconds, Stopping threads took: 0.0000680 seconds
175.309: Application time: 0.1825750 seconds
175.309: [GC [PSYoungGen: 43488K->6508K(50176K)] 73316K->46312K(163840K), 0.0049140 secs] [Times: user=0.04 sys=0.00, real=0.01 secs] 
175.314: Total time for which application threads were stopped: 0.0051010 seconds, Stopping threads took: 0.0000760 seconds
175.502: Application time: 0.1876490 seconds
175.502: [GC [PSYoungGen: 49997K->6476K(50176K)] 89800K->55543K(163840K), 0.0045760 secs] [Times: user=0.03 sys=0.00, real=0.01 secs] 
175.506: Total time for which application threads were stopped: 0.0047230 seconds, Stopping threads took: 0.0000630 seconds
175.656: Application time: 0.1495370 seconds
175.656: [GC [PSYoungGen: 49966K->6540K(50176K)] 99032K->67007K(163840K), 0.0052900 secs] [Times: user=0.04 sys=0.00, real=0.00 secs] 
175.661: Total time for which application threads were stopped: 0.0054480 seconds, Stopping threads took: 0.0000740 seconds
175.818: Application time: 0.1562730 seconds
175.818: [GC [PSYoungGen: 50057K->6636K(50176K)] 110523K->77791K(163840K), 0.0049920 secs] [Times: user=0.04 sys=0.00, real=0.01 secs] 
175.823: Total time for which application threads were stopped: 0.0051560 seconds, Stopping threads took: 0.0000690 seconds
175.958: Application time: 0.1347840 seconds
175.958: [GC [PSYoungGen: 50127K->5956K(50176K)] 121282K->87087K(163840K), 0.0047740 secs] [Times: user=0.04 sys=0.00, real=0.01 secs] 
175.962: Total time for which application threads were stopped: 0.0049300 seconds, Stopping threads took: 0.0000710 seconds
176.109: Application time: 0.1468570 seconds
176.109: [GC [PSYoungGen: 49447K->5956K(50176K)] 130578K->97776K(163840K), 0.0049990 secs] [Times: user=0.04 sys=0.00, real=0.01 secs] 
176.115: Total time for which application threads were stopped: 0.0051540 seconds, Stopping threads took: 0.0000720 seconds
176.250: Application time: 0.1350610 seconds
176.250: [GC [PSYoungGen: 49439K->6637K(50176K)] 141259K->107728K(163840K), 0.0047770 secs] [Times: user=0.04 sys=0.00, real=0.01 secs] 
176.255: [Full GC [PSYoungGen: 6637K->0K(50176K)] [ParOldGen: 101090K->26267K(113664K)] 107728K->26267K(163840K) [PSPermGen: 6114K->6114K(21504K)], 0.0098090 secs] [Times: user=0.05 sys=0.00, real=0.01 secs] 
176.264: Total time for which application threads were stopped: 0.0147830 seconds, Stopping threads took: 0.0000640 seconds
176.403: Application time: 0.1386880 seconds
176.403: [GC [PSYoungGen: 43492K->6509K(50176K)] 69759K->42040K(163840K), 0.0047260 secs] [Times: user=0.04 sys=0.00, real=0.00 secs] 
176.408: Total time for which application threads were stopped: 0.0049070 seconds, Stopping threads took: 0.0000900 seconds
176.555: Application time: 0.1471530 seconds
176.555: [GC [PSYoungGen: 50001K->6541K(50176K)] 85532K->52048K(163840K), 0.0048870 secs] [Times: user=0.03 sys=0.00, real=0.00 secs] 
176.560: Total time for which application threads were stopped: 0.0050470 seconds, Stopping threads took: 0.0000780 seconds
176.705: Application time: 0.1449190 seconds
176.705: [GC [PSYoungGen: 50057K->6637K(50176K)] 95564K->63545K(163840K), 0.0053310 secs] [Times: user=0.03 sys=0.00, real=0.01 secs] 
176.711: Total time for which application threads were stopped: 0.0054990 seconds, Stopping threads took: 0.0000760 seconds
176.879: Application time: 0.1683620 seconds
176.879: [GC [PSYoungGen: 50120K->6637K(50176K)] 107028K->73529K(163840K), 0.0049310 secs] [Times: user=0.03 sys=0.00, real=0.01 secs] 
176.884: Total time for which application threads were stopped: 0.0051020 seconds, Stopping threads took: 0.0000870 seconds
176.984: Application time: 0.1002000 seconds
176.984: [GC [PSYoungGen: 50153K->6637K(50176K)] 117045K->83513K(163840K), 0.0050480 secs] [Times: user=0.04 sys=0.00, real=0.00 secs] 
176.989: Total time for which application threads were stopped: 0.0052290 seconds, Stopping threads took: 0.0000830 seconds
177.007: Application time: 0.0173800 seconds
177.007: [GC [PSYoungGen: 50119K->6637K(50176K)] 126995K->84233K(163840K), 0.0025140 secs] [Times: user=0.01 sys=0.00, real=0.00 secs] 
177.010: Total time for which application threads were stopped: 0.0026700 seconds, Stopping threads took: 0.0000720 seconds
177.026: Application time: 0.0165200 seconds
177.026: [GC [PSYoungGen: 50120K->6605K(50176K)] 127717K->88477K(163840K), 0.0035170 secs] [Times: user=0.03 sys=0.00, real=0.00 secs] 
177.030: Total time for which application threads were stopped: 0.0036840 seconds, Stopping threads took: 0.0000850 seconds
177.083: Application time: 0.0528510 seconds
177.083: [GC [PSYoungGen: 50125K->6636K(50176K)] 131997K->93497K(163840K), 0.0035700 secs] [Times: user=0.02 sys=0.00, real=0.00 secs] 
177.086: Total time for which application threads were stopped: 0.0037250 seconds, Stopping threads took: 0.0000660 seconds
177.104: Application time: 0.0177660 seconds
177.104: [GC [PSYoungGen: 50113K->6636K(50176K)] 136973K->97804K(163840K), 0.0035410 secs] [Times: user=0.03 sys=0.00, real=0.00 secs] 
177.108: Total time for which application threads were stopped: 0.0037280 seconds, Stopping threads took: 0.0001010 seconds
177.124: Application time: 0.0161140 seconds
177.124: [GC [PSYoungGen: 50118K->6637K(50176K)] 141286K->102079K(163840K), 0.0035770 secs] [Times: user=0.02 sys=0.00, real=0.00 secs] 
177.128: Total time for which application threads were stopped: 0.0037580 seconds, Stopping threads took: 0.0000940 seconds
177.140: Application time: 0.0127260 seconds
177.141: [GC [PSYoungGen: 50119K->6636K(50176K)] 145562K->104225K(163840K), 0.0030400 secs] [Times: user=0.02 sys=0.00, real=0.01 secs] 
177.144: Total time for which application threads were stopped: 0.0032160 seconds, Stopping threads took: 0.0000900 seconds
177.280: Application time: 0.1364870 seconds
177.280: [GC [PSYoungGen: 50126K->6636K(50176K)] 147715K->114208K(163840K), 0.0049790 secs] [Times: user=0.03 sys=0.00, real=0.01 secs] 
177.285: [Full GC [PSYoungGen: 6636K->0K(50176K)] [ParOldGen: 107571K->30656K(113664K)] 114208K->30656K(163840K) [PSPermGen: 6114K->6114K(21504K)], 0.0095210 secs] [Times: user=0.05 sys=0.00, real=0.01 secs] 
177.295: Total time for which application threads were stopped: 0.0146920 seconds, Stopping threads took: 0.0000590 seconds
177.396: Application time: 0.1013060 seconds
177.397: [GC [PSYoungGen: 43515K->6476K(50176K)] 74172K->46396K(163840K), 0.0048300 secs] [Times: user=0.03 sys=0.00, real=0.00 secs] 
177.401: Total time for which application threads were stopped: 0.0053600 seconds, Stopping threads took: 0.0004420 seconds
177.419: Application time: 0.0172640 seconds
177.419: [GC [PSYoungGen: 49958K->6572K(50176K)] 89878K->47917K(163840K), 0.0025380 secs] [Times: user=0.02 sys=0.00, real=0.00 secs] 
177.422: Total time for which application threads were stopped: 0.0027480 seconds, Stopping threads took: 0.0001290 seconds
177.438: Application time: 0.0164290 seconds
177.438: [GC [PSYoungGen: 49868K->6556K(50176K)] 91213K->50039K(163840K), 0.0029940 secs] [Times: user=0.02 sys=0.00, real=0.00 secs] 
177.441: Total time for which application threads were stopped: 0.0031620 seconds, Stopping threads took: 0.0000880 seconds
177.454: Application time: 0.0128480 seconds
177.454: [GC [PSYoungGen: 49550K->6604K(50176K)] 93033K->52224K(163840K), 0.0028910 secs] [Times: user=0.02 sys=0.00, real=0.00 secs] 
177.457: Total time for which application threads were stopped: 0.0030730 seconds, Stopping threads took: 0.0000990 seconds
177.472: Application time: 0.0148780 seconds
177.472: [GC [PSYoungGen: 50082K->6604K(50176K)] 95702K->55787K(163840K), 0.0033950 secs] [Times: user=0.03 sys=0.00, real=0.00 secs] 
177.475: Total time for which application threads were stopped: 0.0035720 seconds, Stopping threads took: 0.0000890 seconds
177.494: Application time: 0.0189010 seconds
177.495: [GC [PSYoungGen: 50094K->6637K(50176K)] 99276K->58670K(163840K), 0.0031630 secs] [Times: user=0.02 sys=0.00, real=0.00 secs] 
177.498: Total time for which application threads were stopped: 0.0033280 seconds, Stopping threads took: 0.0000750 seconds
177.545: Application time: 0.0468630 seconds
177.545: [GC [PSYoungGen: 50127K->6636K(50176K)] 102159K->65082K(163840K), 0.0039360 secs] [Times: user=0.03 sys=0.00, real=0.00 secs] 
177.549: Total time for which application threads were stopped: 0.0040930 seconds, Stopping threads took: 0.0000760 seconds
177.652: Application time: 0.1032430 seconds
177.652: [GC [PSYoungGen: 50152K->6636K(50176K)] 108598K->74345K(163840K), 0.0048220 secs] [Times: user=0.04 sys=0.00, real=0.00 secs] 
177.657: Total time for which application threads were stopped: 0.0049890 seconds, Stopping threads took: 0.0000810 seconds
177.673: Application time: 0.0160850 seconds
177.673: [GC [PSYoungGen: 50155K->6652K(50176K)] 117863K->75786K(163840K), 0.0025470 secs] [Times: user=0.02 sys=0.00, real=0.00 secs] 
177.676: Total time for which application threads were stopped: 0.0027240 seconds, Stopping threads took: 0.0000900 seconds
177.692: Application time: 0.0158540 seconds
177.692: [GC [PSYoungGen: 50128K->6652K(50176K)] 119261K->80093K(163840K), 0.0035600 secs] [Times: user=0.03 sys=0.00, real=0.00 secs] 
177.696: Total time for which application threads were stopped: 0.0043350 seconds, Stopping threads took: 0.0006860 seconds
177.706: Application time: 0.0102120 seconds
177.706: [GC [PSYoungGen: 50133K->6636K(50176K)] 123573K->81502K(163840K), 0.0027740 secs] [Times: user=0.02 sys=0.00, real=0.00 secs] 
177.709: Total time for which application threads were stopped: 0.0030850 seconds, Stopping threads took: 0.0002310 seconds
177.722: Application time: 0.0127940 seconds
177.722: [GC [PSYoungGen: 49895K->6652K(50176K)] 124761K->82231K(163840K), 0.0024260 secs] [Times: user=0.02 sys=0.00, real=0.00 secs] 
177.725: Total time for which application threads were stopped: 0.0025960 seconds, Stopping threads took: 0.0000840 seconds
177.739: Application time: 0.0146990 seconds
177.739: [GC [PSYoungGen: 49682K->6652K(50176K)] 125261K->87242K(163840K), 0.0037490 secs] [Times: user=0.03 sys=0.00, real=0.01 secs] 
177.743: Total time for which application threads were stopped: 0.0039170 seconds, Stopping threads took: 0.0000830 seconds
177.754: Application time: 0.0107330 seconds
177.755: [GC [PSYoungGen: 49875K->6020K(50176K)] 130465K->90173K(163840K), 0.0030930 secs] [Times: user=0.03 sys=0.00, real=0.00 secs] 
177.758: Total time for which application threads were stopped: 0.0038790 seconds, Stopping threads took: 0.0007000 seconds
177.768: Application time: 0.0101400 seconds
177.768: [GC [PSYoungGen: 49091K->6652K(50176K)] 133244K->92975K(163840K), 0.0029130 secs] [Times: user=0.02 sys=0.00, real=0.01 secs] 
177.771: Total time for which application threads were stopped: 0.0031390 seconds, Stopping threads took: 0.0001400 seconds
177.785: Application time: 0.0134280 seconds
177.785: [GC [PSYoungGen: 50129K->6652K(50176K)] 136452K->93735K(163840K), 0.0025200 secs] [Times: user=0.01 sys=0.00, real=0.00 secs] 
177.787: Total time for which application threads were stopped: 0.0027050 seconds, Stopping threads took: 0.0000970 seconds
177.798: Application time: 0.0106580 seconds
177.802: [GC [PSYoungGen: 50136K->6636K(50176K)] 137219K->95201K(163840K), 0.0027440 secs] [Times: user=0.02 sys=0.00, real=0.00 secs] 
177.805: Total time for which application threads were stopped: 0.0069320 seconds, Stopping threads took: 0.0041030 seconds
177.814: Application time: 0.0095900 seconds
177.815: [GC [PSYoungGen: 50121K->6636K(50176K)] 138686K->98811K(163840K), 0.0033840 secs] [Times: user=0.02 sys=0.00, real=0.00 secs] 
177.818: Total time for which application threads were stopped: 0.0035900 seconds, Stopping threads took: 0.0001200 seconds
177.834: Application time: 0.0155620 seconds
177.834: [GC [PSYoungGen: 50129K->6636K(50176K)] 142304K->102382K(163840K), 0.0033600 secs] [Times: user=0.02 sys=0.00, real=0.00 secs] 
177.837: Total time for which application threads were stopped: 0.0035460 seconds, Stopping threads took: 0.0000990 seconds
177.901: Application time: 0.0640990 seconds
177.901: [GC [PSYoungGen: 50129K->6572K(50176K)] 145875K->112293K(163840K), 0.0049230 secs] [Times: user=0.04 sys=0.00, real=0.01 secs] 
177.906: [Full GC [PSYoungGen: 6572K->0K(50176K)] [ParOldGen: 105720K->24841K(113664K)] 112293K->24841K(163840K) [PSPermGen: 6114K->6114K(21504K)], 0.0096210 secs] [Times: user=0.05 sys=0.00, real=0.01 secs] 
177.916: Total time for which application threads were stopped: 0.0147500 seconds, Stopping threads took: 0.0000710 seconds
178.110: Application time: 0.1940850 seconds
178.110: [GC [PSYoungGen: 43494K->6508K(50176K)] 68335K->42037K(163840K), 0.0050080 secs] [Times: user=0.04 sys=0.00, real=0.00 secs] 
178.115: Total time for which application threads were stopped: 0.0051710 seconds, Stopping threads took: 0.0000720 seconds
178.286: Application time: 0.1708550 seconds
178.286: [GC [PSYoungGen: 49988K->6572K(50176K)] 85517K->51364K(163840K), 0.0046860 secs] [Times: user=0.04 sys=0.00, real=0.01 secs] 
178.291: Total time for which application threads were stopped: 0.0048470 seconds, Stopping threads took: 0.0000760 seconds
178.481: Application time: 0.1902120 seconds
178.481: [GC [PSYoungGen: 50066K->6636K(50176K)] 94858K->62115K(163840K), 0.0050660 secs] [Times: user=0.04 sys=0.00, real=0.01 secs] 
178.486: Total time for which application threads were stopped: 0.0052220 seconds, Stopping threads took: 0.0000740 seconds
178.689: Application time: 0.2025300 seconds
178.689: [GC [PSYoungGen: 50135K->6636K(50176K)] 105614K->71378K(163840K), 0.0047310 secs] [Times: user=0.03 sys=0.00, real=0.01 secs] 
178.694: Total time for which application threads were stopped: 0.0048880 seconds, Stopping threads took: 0.0000580 seconds
178.872: Application time: 0.1780700 seconds
178.872: [GC [PSYoungGen: 50124K->6636K(50176K)] 114866K->81353K(163840K), 0.0049080 secs] [Times: user=0.04 sys=0.00, real=0.00 secs] 
178.877: Total time for which application threads were stopped: 0.0050800 seconds, Stopping threads took: 0.0000820 seconds
179.074: Application time: 0.1974200 seconds
179.075: [GC [PSYoungGen: 50133K->6636K(50176K)] 124851K->92049K(163840K), 0.0051450 secs] [Times: user=0.04 sys=0.00, real=0.00 secs] 
179.080: Total time for which application threads were stopped: 0.0052960 seconds, Stopping threads took: 0.0000660 seconds
179.279: Application time: 0.1997540 seconds
179.280: [GC [PSYoungGen: 50116K->6636K(50176K)] 135529K->101320K(163840K), 0.0047080 secs] [Times: user=0.04 sys=0.00, real=0.01 secs] 
179.284: Total time for which application threads were stopped: 0.0048810 seconds, Stopping threads took: 0.0000800 seconds
179.453: Application time: 0.1690540 seconds
179.454: [GC [PSYoungGen: 50134K->6636K(50176K)] 144818K->112008K(163840K), 0.0050520 secs] [Times: user=0.04 sys=0.00, real=0.00 secs] 
179.459: [Full GC [PSYoungGen: 6636K->0K(50176K)] [ParOldGen: 105371K->27691K(113664K)] 112008K->27691K(163840K) [PSPermGen: 6114K->6114K(21504K)], 0.0100650 secs] [Times: user=0.05 sys=0.00, real=0.01 secs] 
179.469: Total time for which application threads were stopped: 0.0153330 seconds, Stopping threads took: 0.0000820 seconds
179.636: Application time: 0.1672810 seconds
179.636: [GC [PSYoungGen: 43481K->6444K(50176K)] 71172K->42686K(163840K), 0.0069020 secs] [Times: user=0.05 sys=0.00, real=0.01 secs] 
179.643: Total time for which application threads were stopped: 0.0070830 seconds, Stopping threads took: 0.0000990 seconds
179.779: Application time: 0.1355950 seconds
179.779: [GC [PSYoungGen: 49255K->6604K(50176K)] 85497K->52822K(163840K), 0.0048950 secs] [Times: user=0.04 sys=0.00, real=0.01 secs] 
179.784: Total time for which application threads were stopped: 0.0050380 seconds, Stopping threads took: 0.0000600 seconds
179.921: Application time: 0.1368560 seconds
179.921: [GC [PSYoungGen: 50093K->6637K(50176K)] 96311K->63551K(163840K), 0.0050690 secs] [Times: user=0.03 sys=0.00, real=0.01 secs] 
179.926: Total time for which application threads were stopped: 0.0052210 seconds, Stopping threads took: 0.0000560 seconds
180.080: Application time: 0.1543500 seconds
180.080: [GC [PSYoungGen: 50119K->6637K(50176K)] 107033K->73535K(163840K), 0.0048740 secs] [Times: user=0.03 sys=0.00, real=0.01 secs] 
180.085: Total time for which application threads were stopped: 0.0050200 seconds, Stopping threads took: 0.0000640 seconds
180.209: Application time: 0.1235090 seconds
180.209: [GC [PSYoungGen: 50120K->6637K(50176K)] 117018K->82806K(163840K), 0.0046960 secs] [Times: user=0.04 sys=0.00, real=0.01 secs] 
180.214: Total time for which application threads were stopped: 0.0048590 seconds, Stopping threads took: 0.0000760 seconds
180.355: Application time: 0.1410940 seconds
180.355: [GC [PSYoungGen: 50137K->6637K(50176K)] 126307K->92790K(163840K), 0.0049320 secs] [Times: user=0.03 sys=0.00, real=0.00 secs] 
180.360: Total time for which application threads were stopped: 0.0050840 seconds, Stopping threads took: 0.0000680 seconds
180.492: Application time: 0.1324310 seconds
180.492: [GC [PSYoungGen: 50120K->6637K(50176K)] 136274K->102767K(163840K), 0.0049850 secs] [Times: user=0.04 sys=0.00, real=0.00 secs] 
180.497: Total time for which application threads were stopped: 0.0051700 seconds, Stopping threads took: 0.0000950 seconds
180.667: Application time: 0.1693860 seconds
180.667: [GC [PSYoungGen: 50155K->6637K(50176K)] 146284K->112751K(163840K), 0.0049250 secs] [Times: user=0.04 sys=0.00, real=0.01 secs] 
180.672: [Full GC [PSYoungGen: 6637K->0K(50176K)] [ParOldGen: 106113K->28405K(113664K)] 112751K->28405K(163840K) [PSPermGen: 6114K->6114K(21504K)], 0.0100130 secs] [Times: user=0.06 sys=0.00, real=0.00 secs] 
180.682: Total time for which application threads were stopped: 0.0151620 seconds, Stopping threads took: 0.0000820 seconds
180.818: Application time: 0.1365760 seconds
180.819: [GC [PSYoungGen: 43515K->6445K(50176K)] 71921K->44826K(163840K), 0.0050040 secs] [Times: user=0.03 sys=0.00, real=0.01 secs] 
180.824: Total time for which application threads were stopped: 0.0051550 seconds, Stopping threads took: 0.0000680 seconds
180.840: Application time: 0.0165980 seconds
180.840: [GC [PSYoungGen: 49921K->6573K(50176K)] 88302K->49230K(163840K), 0.0035590 secs] [Times: user=0.02 sys=0.00, real=0.01 secs] 
180.844: Total time for which application threads were stopped: 0.0037370 seconds, Stopping threads took: 0.0000920 seconds
180.864: Application time: 0.0196070 seconds
180.864: [GC [PSYoungGen: 50052K->6637K(50176K)] 92710K->49294K(163840K), 0.0023600 secs] [Times: user=0.02 sys=0.00, real=0.00 secs] 
180.866: Total time for which application threads were stopped: 0.0025310 seconds, Stopping threads took: 0.0000880 seconds
180.895: Application time: 0.0287480 seconds
180.895: [GC [PSYoungGen: 50130K->6573K(50176K)] 92787K->52792K(163840K), 0.0031470 secs] [Times: user=0.02 sys=0.00, real=0.00 secs] 
180.898: Total time for which application threads were stopped: 0.0032980 seconds, Stopping threads took: 0.0000700 seconds
181.003: Application time: 0.1047600 seconds
181.003: [GC [PSYoungGen: 50089K->6508K(50176K)] 96309K->62704K(163840K), 0.0050450 secs] [Times: user=0.04 sys=0.00, real=0.00 secs] 
181.008: Total time for which application threads were stopped: 0.0052190 seconds, Stopping threads took: 0.0000760 seconds
181.022: Application time: 0.0142960 seconds
181.023: [GC [PSYoungGen: 49989K->6572K(50176K)] 106184K->67756K(163840K), 0.0037800 secs] [Times: user=0.03 sys=0.00, real=0.00 secs] 
181.026: Total time for which application threads were stopped: 0.0039800 seconds, Stopping threads took: 0.0001130 seconds
181.046: Application time: 0.0195410 seconds
181.046: [GC [PSYoungGen: 50060K->6637K(50176K)] 111244K->68533K(163840K), 0.0026140 secs] [Times: user=0.02 sys=0.00, real=0.00 secs] 
181.049: Total time for which application threads were stopped: 0.0027710 seconds, Stopping threads took: 0.0000750 seconds
181.100: Application time: 0.0513650 seconds
181.100: [GC [PSYoungGen: 50128K->6652K(50176K)] 112025K->74970K(163840K), 0.0039230 secs] [Times: user=0.03 sys=0.00, real=0.01 secs] 
181.104: Total time for which application threads were stopped: 0.0040740 seconds, Stopping threads took: 0.0000660 seconds
181.268: Application time: 0.1641070 seconds
181.268: [GC [PSYoungGen: 50134K->6572K(50176K)] 118451K->84152K(163840K), 0.0046650 secs] [Times: user=0.03 sys=0.00, real=0.01 secs] 
181.273: Total time for which application threads were stopped: 0.0048150 seconds, Stopping threads took: 0.0000670 seconds
181.343: Application time: 0.0698280 seconds
181.343: [GC [PSYoungGen: 50091K->6620K(50176K)] 127671K->92751K(163840K), 0.0047090 secs] [Times: user=0.03 sys=0.00, real=0.00 secs] 
181.348: Total time for which application threads were stopped: 0.0048780 seconds, Stopping threads took: 0.0000800 seconds
181.363: Application time: 0.0149090 seconds
181.363: [GC [PSYoungGen: 50120K->5988K(50176K)] 136250K->93543K(163840K), 0.0025710 secs] [Times: user=0.02 sys=0.00, real=0.00 secs] 
181.366: Total time for which application threads were stopped: 0.0027550 seconds, Stopping threads took: 0.0000970 seconds
181.378: Application time: 0.0126470 seconds
181.378: [GC [PSYoungGen: 49480K->5988K(50176K)] 137036K->98531K(163840K), 0.0034990 secs] [Times: user=0.02 sys=0.00, real=0.00 secs] 
181.382: Total time for which application threads were stopped: 0.0036810 seconds, Stopping threads took: 0.0000980 seconds
181.392: Application time: 0.0101620 seconds
181.392: [GC [PSYoungGen: 49468K->5956K(50176K)] 142011K->99212K(163840K), 0.0024250 secs] [Times: user=0.01 sys=0.00, real=0.00 secs] 
181.395: Total time for which application threads were stopped: 0.0025710 seconds, Stopping threads took: 0.0000640 seconds
181.409: Application time: 0.0147570 seconds
181.409: [GC [PSYoungGen: 49443K->6052K(50176K)] 142699K->102870K(163840K), 0.0032120 secs] [Times: user=0.02 sys=0.00, real=0.01 secs] 
181.413: Total time for which application threads were stopped: 0.0033920 seconds, Stopping threads took: 0.0000930 seconds
181.428: Application time: 0.0149300 seconds
181.428: [GC [PSYoungGen: 49537K->6589K(50176K)] 146355K->106257K(163840K), 0.0032080 secs] [Times: user=0.03 sys=0.00, real=0.01 secs] 
181.431: Total time for which application threads were stopped: 0.0033800 seconds, Stopping threads took: 0.0000850 seconds
181.530: Application time: 0.0991900 seconds
181.530: [GC [PSYoungGen: 50080K->6636K(50176K)] 149749K->116336K(163840K), 0.0049350 secs] [Times: user=0.04 sys=0.00, real=0.00 secs] 
181.535: [Full GC [PSYoungGen: 6636K->0K(50176K)] [ParOldGen: 109700K->27931K(113664K)] 116336K->27931K(163840K) [PSPermGen: 6114K->6114K(21504K)], 0.0099340 secs] [Times: user=0.05 sys=0.00, real=0.01 secs] 
181.545: Total time for which application threads were stopped: 0.0150860 seconds, Stopping threads took: 0.0000710 seconds
181.690: Application time: 0.1443600 seconds
181.690: [GC [PSYoungGen: 43514K->6444K(50176K)] 71445K->44351K(163840K), 0.0050290 secs] [Times: user=0.04 sys=0.00, real=0.01 secs] 
181.695: Total time for which application threads were stopped: 0.0051910 seconds, Stopping threads took: 0.0000730 seconds
181.712: Application time: 0.0166830 seconds
181.712: [GC [PSYoungGen: 49641K->6524K(50176K)] 87548K->44431K(163840K), 0.0023250 secs] [Times: user=0.02 sys=0.00, real=0.00 secs] 
181.714: Total time for which application threads were stopped: 0.0024990 seconds, Stopping threads took: 0.0000880 seconds
181.730: Application time: 0.0161290 seconds
181.730: [GC [PSYoungGen: 49605K->6604K(50176K)] 87511K->46648K(163840K), 0.0029100 secs] [Times: user=0.02 sys=0.00, real=0.00 secs] 
181.733: Total time for which application threads were stopped: 0.0032110 seconds, Stopping threads took: 0.0002170 seconds
181.744: Application time: 0.0108140 seconds
181.744: [GC [PSYoungGen: 50091K->6604K(50176K)] 90135K->50211K(163840K), 0.0033470 secs] [Times: user=0.03 sys=0.00, real=0.00 secs] 
181.748: Total time for which application threads were stopped: 0.0035300 seconds, Stopping threads took: 0.0000990 seconds
181.757: Application time: 0.0093630 seconds
181.757: [GC [PSYoungGen: 50079K->5796K(50176K)] 93686K->49402K(163840K), 0.0020870 secs] [Times: user=0.01 sys=0.00, real=0.00 secs] 
181.759: Total time for which application threads were stopped: 0.0023790 seconds, Stopping threads took: 0.0002040 seconds
181.776: Application time: 0.0164140 seconds
181.776: [GC [PSYoungGen: 48615K->6636K(50176K)] 92222K->55239K(163840K), 0.0036920 secs] [Times: user=0.03 sys=0.00, real=0.00 secs] 
181.780: Total time for which application threads were stopped: 0.0038650 seconds, Stopping threads took: 0.0000890 seconds
181.791: Application time: 0.0112200 seconds
181.791: [GC [PSYoungGen: 50117K->6636K(50176K)] 98720K->55951K(163840K), 0.0025620 secs] [Times: user=0.01 sys=0.00, real=0.00 secs] 
181.794: Total time for which application threads were stopped: 0.0027610 seconds, Stopping threads took: 0.0001150 seconds
181.806: Application time: 0.0120280 seconds
181.806: [GC [PSYoungGen: 50121K->6636K(50176K)] 99436K->57376K(163840K), 0.0027910 secs] [Times: user=0.02 sys=0.00, real=0.00 secs] 
181.809: Total time for which application threads were stopped: 0.0029610 seconds, Stopping threads took: 0.0000800 seconds
181.826: Application time: 0.0177360 seconds
181.827: [GC [PSYoungGen: 50113K->6636K(50176K)] 100853K->60242K(163840K), 0.0030880 secs] [Times: user=0.02 sys=0.00, real=0.00 secs] 
181.830: Total time for which application threads were stopped: 0.0032380 seconds, Stopping threads took: 0.0000680 seconds
181.840: Application time: 0.0102010 seconds
181.841: [GC [PSYoungGen: 49444K->6652K(50176K)] 103050K->62396K(163840K), 0.0029120 secs] [Times: user=0.02 sys=0.00, real=0.01 secs] 
181.844: Total time for which application threads were stopped: 0.0035860 seconds, Stopping threads took: 0.0005910 seconds
181.856: Application time: 0.0128250 seconds
181.856: [GC [PSYoungGen: 50139K->6636K(50176K)] 105883K->66663K(163840K), 0.0036370 secs] [Times: user=0.02 sys=0.00, real=0.00 secs] 
181.860: Total time for which application threads were stopped: 0.0038300 seconds, Stopping threads took: 0.0001080 seconds
181.878: Application time: 0.0178910 seconds
181.879: [GC [PSYoungGen: 50117K->6652K(50176K)] 110144K->68817K(163840K), 0.0028980 secs] [Times: user=0.02 sys=0.00, real=0.00 secs] 
181.882: Total time for which application threads were stopped: 0.0038450 seconds, Stopping threads took: 0.0008610 seconds
181.911: Application time: 0.0286650 seconds
181.911: [GC [PSYoungGen: 50146K->6652K(50176K)] 112310K->70970K(163840K), 0.0026300 secs] [Times: user=0.01 sys=0.00, real=0.00 secs] 
181.913: Total time for which application threads were stopped: 0.0027810 seconds, Stopping threads took: 0.0000730 seconds
182.096: Application time: 0.1822740 seconds
182.096: [GC [PSYoungGen: 50140K->6636K(50176K)] 114458K->81710K(163840K), 0.0050440 secs] [Times: user=0.04 sys=0.00, real=0.00 secs] 
182.101: Total time for which application threads were stopped: 0.0051990 seconds, Stopping threads took: 0.0000630 seconds
182.280: Application time: 0.1788980 seconds
182.280: [GC [PSYoungGen: 50122K->6636K(50176K)] 125196K->91729K(163840K), 0.0049600 secs] [Times: user=0.03 sys=0.00, real=0.01 secs] 
182.285: Total time for which application threads were stopped: 0.0051340 seconds, Stopping threads took: 0.0000890 seconds
182.480: Application time: 0.1949030 seconds
182.480: [GC [PSYoungGen: 50124K->6636K(50176K)] 135217K->101744K(163840K), 0.0048870 secs] [Times: user=0.04 sys=0.00, real=0.01 secs] 
182.485: Total time for which application threads were stopped: 0.0050400 seconds, Stopping threads took: 0.0000670 seconds
182.663: Application time: 0.1778490 seconds
182.663: [GC [PSYoungGen: 50128K->6636K(50176K)] 145237K->111015K(163840K), 0.0046820 secs] [Times: user=0.03 sys=0.00, real=0.00 secs] 
182.668: [Full GC [PSYoungGen: 6636K->0K(50176K)] [ParOldGen: 104378K->27691K(113664K)] 111015K->27691K(163840K) [PSPermGen: 6114K->6114K(21504K)], 0.0103230 secs] [Times: user=0.06 sys=0.00, real=0.01 secs] 
182.678: Total time for which application threads were stopped: 0.0152140 seconds, Stopping threads took: 0.0000710 seconds
182.879: Application time: 0.2012470 seconds
182.879: [GC [PSYoungGen: 43503K->6572K(50176K)] 71194K->45664K(163840K), 0.0053500 secs] [Times: user=0.04 sys=0.00, real=0.01 secs] 
182.885: Total time for which application threads were stopped: 0.0054970 seconds, Stopping threads took: 0.0000590 seconds
183.049: Application time: 0.1645670 seconds
183.049: [GC [PSYoungGen: 50061K->6636K(50176K)] 89153K->56416K(163840K), 0.0051730 secs] [Times: user=0.04 sys=0.00, real=0.01 secs] 
183.055: Total time for which application threads were stopped: 0.0053220 seconds, Stopping threads took: 0.0000680 seconds
183.227: Application time: 0.1727900 seconds
183.227: [GC [PSYoungGen: 50125K->6636K(50176K)] 99905K->65679K(163840K), 0.0047310 secs] [Times: user=0.04 sys=0.00, real=0.01 secs] 
183.232: Total time for which application threads were stopped: 0.0049120 seconds, Stopping threads took: 0.0000840 seconds
183.414: Application time: 0.1818790 seconds
183.414: [GC [PSYoungGen: 50126K->6636K(50176K)] 109168K->76375K(163840K), 0.0050730 secs] [Times: user=0.04 sys=0.00, real=0.00 secs] 
183.419: Total time for which application threads were stopped: 0.0052240 seconds, Stopping threads took: 0.0000670 seconds
183.568: Application time: 0.1483190 seconds
183.568: [GC [PSYoungGen: 50126K->6636K(50176K)] 119865K->86359K(163840K), 0.0049110 secs] [Times: user=0.04 sys=0.00, real=0.01 secs] 
183.573: Total time for which application threads were stopped: 0.0050740 seconds, Stopping threads took: 0.0000800 seconds
183.724: Application time: 0.1516980 seconds
183.725: [GC [PSYoungGen: 50136K->5956K(50176K)] 129858K->97079K(163840K), 0.0051500 secs] [Times: user=0.04 sys=0.00, real=0.00 secs] 
183.730: Total time for which application threads were stopped: 0.0053360 seconds, Stopping threads took: 0.0000910 seconds
183.874: Application time: 0.1443440 seconds
183.874: [GC [PSYoungGen: 49464K->6637K(50176K)] 140587K->107744K(163840K), 0.0049400 secs] [Times: user=0.03 sys=0.00, real=0.00 secs] 
183.879: [Full GC [PSYoungGen: 6637K->0K(50176K)] [ParOldGen: 101106K->24842K(113664K)] 107744K->24842K(163840K) [PSPermGen: 6114K->6114K(21504K)], 0.0095820 secs] [Times: user=0.06 sys=0.00, real=0.01 secs] 
183.889: Total time for which application threads were stopped: 0.0147430 seconds, Stopping threads took: 0.0000750 seconds
184.039: Application time: 0.1503470 seconds
184.039: [GC [PSYoungGen: 43482K->6413K(50176K)] 68325K->40519K(163840K), 0.0047240 secs] [Times: user=0.03 sys=0.00, real=0.01 secs] 
184.044: Total time for which application threads were stopped: 0.0048760 seconds, Stopping threads took: 0.0000700 seconds
184.193: Application time: 0.1489740 seconds
184.193: [GC [PSYoungGen: 49911K->6509K(50176K)] 84017K->49879K(163840K), 0.0046930 secs] [Times: user=0.03 sys=0.00, real=0.00 secs] 
184.198: Total time for which application threads were stopped: 0.0048560 seconds, Stopping threads took: 0.0000810 seconds
184.340: Application time: 0.1419640 seconds
184.340: [GC [PSYoungGen: 49992K->6573K(50176K)] 93362K->59919K(163840K), 0.0049130 secs] [Times: user=0.04 sys=0.00, real=0.01 secs] 
184.345: Total time for which application threads were stopped: 0.0050820 seconds, Stopping threads took: 0.0000830 seconds
184.492: Application time: 0.1468850 seconds
184.492: [GC [PSYoungGen: 50056K->6541K(50176K)] 103402K->69150K(163840K), 0.0046580 secs] [Times: user=0.04 sys=0.00, real=0.00 secs] 
184.497: Total time for which application threads were stopped: 0.0048180 seconds, Stopping threads took: 0.0000600 seconds
184.631: Application time: 0.1343480 seconds
184.631: [GC [PSYoungGen: 50041K->6637K(50176K)] 112650K->79935K(163840K), 0.0051340 secs] [Times: user=0.04 sys=0.00, real=0.00 secs] 
184.636: Total time for which application threads were stopped: 0.0052970 seconds, Stopping threads took: 0.0000810 seconds
184.735: Application time: 0.0986460 seconds
184.735: [GC [PSYoungGen: 49458K->6637K(50176K)] 122756K->90623K(163840K), 0.0053140 secs] [Times: user=0.04 sys=0.00, real=0.00 secs] 
184.740: Total time for which application threads were stopped: 0.0054790 seconds, Stopping threads took: 0.0000790 seconds
184.756: Application time: 0.0155390 seconds
184.757: [GC [PSYoungGen: 50123K->5988K(50176K)] 134110K->92825K(163840K), 0.0029010 secs] [Times: user=0.02 sys=0.00, real=0.00 secs] 
184.760: Total time for which application threads were stopped: 0.0037200 seconds, Stopping threads took: 0.0007370 seconds
184.777: Application time: 0.0170030 seconds
184.777: [GC [PSYoungGen: 49470K->5956K(50176K)] 136307K->94931K(163840K), 0.0027920 secs] [Times: user=0.02 sys=0.00, real=0.00 secs] 
184.780: Total time for which application threads were stopped: 0.0029770 seconds, Stopping threads took: 0.0000990 seconds
184.808: Application time: 0.0283070 seconds
184.808: [GC [PSYoungGen: 48764K->6637K(50176K)] 137739K->102033K(163840K), 0.0040290 secs] [Times: user=0.02 sys=0.00, real=0.01 secs] 
184.812: Total time for which application threads were stopped: 0.0041920 seconds, Stopping threads took: 0.0000770 seconds
184.830: Application time: 0.0182540 seconds
184.831: [GC [PSYoungGen: 50110K->6637K(50176K)] 145506K->102033K(163840K), 0.0023900 secs] [Times: user=0.01 sys=0.00, real=0.00 secs] 
184.833: Total time for which application threads were stopped: 0.0025610 seconds, Stopping threads took: 0.0000870 seconds
184.851: Application time: 0.0179160 seconds
184.851: [GC [PSYoungGen: 50119K->5988K(50176K)] 145515K->105660K(163840K), 0.0034340 secs] [Times: user=0.03 sys=0.00, real=0.00 secs] 
184.855: [Full GC [PSYoungGen: 5988K->0K(50176K)] [ParOldGen: 99671K->30747K(113664K)] 105660K->30747K(163840K) [PSPermGen: 6114K->6114K(21504K)], 0.0099300 secs] [Times: user=0.05 sys=0.00, real=0.01 secs] 
184.865: Total time for which application threads were stopped: 0.0136090 seconds, Stopping threads took: 0.0001000 seconds
184.893: Application time: 0.0281190 seconds
184.893: [GC [PSYoungGen: 43493K->6604K(50176K)] 74240K->37352K(163840K), 0.0020310 secs] [Times: user=0.02 sys=0.00, real=0.00 secs] 
184.895: Total time for which application threads were stopped: 0.0021750 seconds, Stopping threads took: 0.0000640 seconds
185.042: Application time: 0.1473730 seconds
185.042: [GC [PSYoungGen: 50086K->6540K(50176K)] 80833K->47263K(163840K), 0.0049240 secs] [Times: user=0.04 sys=0.00, real=0.00 secs] 
185.047: Total time for which application threads were stopped: 0.0050820 seconds, Stopping threads took: 0.0000600 seconds
185.134: Application time: 0.0867140 seconds
185.135: [GC [PSYoungGen: 50056K->6508K(50176K)] 90778K->55782K(163840K), 0.0047200 secs] [Times: user=0.04 sys=0.00, real=0.00 secs] 
185.139: Total time for which application threads were stopped: 0.0052990 seconds, Stopping threads took: 0.0004960 seconds
185.153: Application time: 0.0138780 seconds
185.153: [GC [PSYoungGen: 49997K->6604K(50176K)] 99270K->60865K(163840K), 0.0037140 secs] [Times: user=0.03 sys=0.00, real=0.00 secs] 
185.157: Total time for which application threads were stopped: 0.0038840 seconds, Stopping threads took: 0.0000820 seconds
185.173: Application time: 0.0162440 seconds
185.173: [GC [PSYoungGen: 50087K->6605K(50176K)] 104348K->62291K(163840K), 0.0028100 secs] [Times: user=0.02 sys=0.00, real=0.00 secs] 
185.176: Total time for which application threads were stopped: 0.0029800 seconds, Stopping threads took: 0.0000840 seconds
185.250: Application time: 0.0737840 seconds
185.250: [GC [PSYoungGen: 49417K->6604K(50176K)] 105103K->72266K(163840K), 0.0048600 secs] [Times: user=0.03 sys=0.00, real=0.00 secs] 
185.255: Total time for which application threads were stopped: 0.0050300 seconds, Stopping threads took: 0.0000860 seconds
185.273: Application time: 0.0175820 seconds
185.273: [GC [PSYoungGen: 50080K->6636K(50176K)] 115741K->74435K(163840K), 0.0030000 secs] [Times: user=0.03 sys=0.00, real=0.00 secs] 
185.276: Total time for which application threads were stopped: 0.0031910 seconds, Stopping threads took: 0.0001050 seconds
185.292: Application time: 0.0164430 seconds
185.292: [GC [PSYoungGen: 50119K->6573K(50176K)] 117918K->79359K(163840K), 0.0037690 secs] [Times: user=0.02 sys=0.00, real=0.00 secs] 
185.296: Total time for which application threads were stopped: 0.0039440 seconds, Stopping threads took: 0.0000860 seconds
185.310: Application time: 0.0141860 seconds
185.311: [GC [PSYoungGen: 50063K->6572K(50176K)] 122850K->79359K(163840K), 0.0022020 secs] [Times: user=0.01 sys=0.00, real=0.00 secs] 
185.313: Total time for which application threads were stopped: 0.0023570 seconds, Stopping threads took: 0.0000730 seconds
185.483: Application time: 0.1698920 seconds
185.483: [GC [PSYoungGen: 50053K->6572K(50176K)] 122839K->89334K(163840K), 0.0048820 secs] [Times: user=0.04 sys=0.00, real=0.00 secs] 
185.488: Total time for which application threads were stopped: 0.0050560 seconds, Stopping threads took: 0.0000880 seconds
185.591: Application time: 0.1034780 seconds
185.591: [GC [PSYoungGen: 50087K->6636K(50176K)] 132849K->99374K(163840K), 0.0051290 secs] [Times: user=0.03 sys=0.00, real=0.00 secs] 
185.597: Total time for which application threads were stopped: 0.0053010 seconds, Stopping threads took: 0.0000750 seconds
185.611: Application time: 0.0142270 seconds
185.611: [GC [PSYoungGen: 50151K->6652K(50176K)] 142888K->102980K(163840K), 0.0032190 secs] [Times: user=0.02 sys=0.00, real=0.00 secs] 
185.614: Total time for which application threads were stopped: 0.0033760 seconds, Stopping threads took: 0.0000720 seconds
185.626: Application time: 0.0120290 seconds
185.626: [GC [PSYoungGen: 50132K->6636K(50176K)] 146460K->105102K(163840K), 0.0029820 secs] [Times: user=0.02 sys=0.00, real=0.00 secs] 
185.629: Total time for which application threads were stopped: 0.0031570 seconds, Stopping threads took: 0.0000900 seconds
185.641: Application time: 0.0116170 seconds
185.642: [GC [PSYoungGen: 50123K->6636K(50176K)] 148588K->107968K(163840K), 0.0031220 secs] [Times: user=0.01 sys=0.00, real=0.00 secs] 
185.645: [Full GC [PSYoungGen: 6636K->0K(50176K)] [ParOldGen: 101331K->26267K(113664K)] 107968K->26267K(163840K) [PSPermGen: 6114K->6114K(21504K)], 0.0097020 secs] [Times: user=0.06 sys=0.00, real=0.01 secs] 
185.655: Total time for which application threads were stopped: 0.0140120 seconds, Stopping threads took: 0.0010410 seconds
185.665: Application time: 0.0099600 seconds
185.665: [GC [PSYoungGen: 43482K->5115K(50176K)] 69749K->31383K(163840K), 0.0017330 secs] [Times: user=0.01 sys=0.00, real=0.00 secs] 
185.667: Total time for which application threads were stopped: 0.0019830 seconds, Stopping threads took: 0.0001730 seconds
185.684: Application time: 0.0167830 seconds
185.684: [GC [PSYoungGen: 48608K->6572K(50176K)] 74875K->34978K(163840K), 0.0029150 secs] [Times: user=0.02 sys=0.00, real=0.00 secs] 
185.687: Total time for which application threads were stopped: 0.0030890 seconds, Stopping threads took: 0.0000890 seconds
185.717: Application time: 0.0305410 seconds
185.718: [GC [PSYoungGen: 50090K->6572K(50176K)] 78495K->38540K(163840K), 0.0033370 secs] [Times: user=0.02 sys=0.00, real=0.00 secs] 
185.721: Total time for which application threads were stopped: 0.0035270 seconds, Stopping threads took: 0.0001030 seconds
185.736: Application time: 0.0151290 seconds
185.736: [GC [PSYoungGen: 50050K->6540K(50176K)] 82018K->43496K(163840K), 0.0037560 secs] [Times: user=0.02 sys=0.00, real=0.00 secs] 
185.740: Total time for which application threads were stopped: 0.0039230 seconds, Stopping threads took: 0.0000840 seconds
185.759: Application time: 0.0187430 seconds
185.759: [GC [PSYoungGen: 50045K->6636K(50176K)] 87001K->47867K(163840K), 0.0035920 secs] [Times: user=0.02 sys=0.00, real=0.01 secs] 
185.762: Total time for which application threads were stopped: 0.0037610 seconds, Stopping threads took: 0.0000860 seconds
185.818: Application time: 0.0552710 seconds
185.818: [GC [PSYoungGen: 50125K->6636K(50176K)] 91356K->53567K(163840K), 0.0036890 secs] [Times: user=0.02 sys=0.01, real=0.00 secs] 
185.822: Total time for which application threads were stopped: 0.0038320 seconds, Stopping threads took: 0.0000600 seconds
185.849: Application time: 0.0270770 seconds
185.849: [GC [PSYoungGen: 50153K->6636K(50176K)] 97083K->62874K(163840K), 0.0048950 secs] [Times: user=0.03 sys=0.00, real=0.01 secs] 
185.854: Total time for which application threads were stopped: 0.0050840 seconds, Stopping threads took: 0.0001010 seconds
185.870: Application time: 0.0163550 seconds
185.870: [GC [PSYoungGen: 50113K->6636K(50176K)] 106351K->64299K(163840K), 0.0027760 secs] [Times: user=0.02 sys=0.00, real=0.00 secs] 
185.873: Total time for which application threads were stopped: 0.0029360 seconds, Stopping threads took: 0.0000760 seconds
185.887: Application time: 0.0135240 seconds
185.887: [GC [PSYoungGen: 50117K->6636K(50176K)] 107780K->65740K(163840K), 0.0028990 secs] [Times: user=0.03 sys=0.00, real=0.00 secs] 
185.890: Total time for which application threads were stopped: 0.0030780 seconds, Stopping threads took: 0.0000950 seconds
186.045: Application time: 0.1552660 seconds
186.045: [GC [PSYoungGen: 50124K->6604K(50176K)] 109228K->75683K(163840K), 0.0048370 secs] [Times: user=0.03 sys=0.00, real=0.00 secs] 
186.050: Total time for which application threads were stopped: 0.0049790 seconds, Stopping threads took: 0.0000570 seconds
186.254: Application time: 0.2043610 seconds
186.254: [GC [PSYoungGen: 50098K->6636K(50176K)] 119177K->84273K(163840K), 0.0044490 secs] [Times: user=0.03 sys=0.00, real=0.00 secs] 
186.259: Total time for which application threads were stopped: 0.0046010 seconds, Stopping threads took: 0.0000620 seconds
186.443: Application time: 0.1837390 seconds
186.443: [GC [PSYoungGen: 50116K->6636K(50176K)] 127753K->94257K(163840K), 0.0049540 secs] [Times: user=0.03 sys=0.00, real=0.00 secs] 
186.448: Total time for which application threads were stopped: 0.0051140 seconds, Stopping threads took: 0.0000780 seconds
186.620: Application time: 0.1724500 seconds
186.620: [GC [PSYoungGen: 50130K->6636K(50176K)] 137751K->104952K(163840K), 0.0051310 secs] [Times: user=0.03 sys=0.00, real=0.01 secs] 
186.625: [Full GC [PSYoungGen: 6636K->0K(50176K)] [ParOldGen: 98316K->29117K(113664K)] 104952K->29117K(163840K) [PSPermGen: 6114K->6114K(21504K)], 0.0104260 secs] [Times: user=0.06 sys=0.00, real=0.01 secs] 
186.636: Total time for which application threads were stopped: 0.0157900 seconds, Stopping threads took: 0.0000990 seconds
186.836: Application time: 0.1998110 seconds
186.836: [GC [PSYoungGen: 43511K->6636K(50176K)] 72628K->46449K(163840K), 0.0050800 secs] [Times: user=0.04 sys=0.00, real=0.00 secs] 
186.841: Total time for which application threads were stopped: 0.0052350 seconds, Stopping threads took: 0.0000600 seconds
187.018: Application time: 0.1772690 seconds
187.018: [GC [PSYoungGen: 50116K->6604K(50176K)] 89929K->55680K(163840K), 0.0047250 secs] [Times: user=0.04 sys=0.00, real=0.01 secs] 
187.023: Total time for which application threads were stopped: 0.0048920 seconds, Stopping threads took: 0.0000830 seconds
187.192: Application time: 0.1690200 seconds
187.192: [GC [PSYoungGen: 50093K->6604K(50176K)] 99169K->65656K(163840K), 0.0049080 secs] [Times: user=0.04 sys=0.00, real=0.00 secs] 
187.197: Total time for which application threads were stopped: 0.0050580 seconds, Stopping threads took: 0.0000680 seconds
187.368: Application time: 0.1704760 seconds
187.368: [GC [PSYoungGen: 50094K->6604K(50176K)] 109145K->76344K(163840K), 0.0050690 secs] [Times: user=0.04 sys=0.00, real=0.01 secs] 
187.373: Total time for which application threads were stopped: 0.0052320 seconds, Stopping threads took: 0.0000700 seconds
187.529: Application time: 0.1564570 seconds
187.530: [GC [PSYoungGen: 50103K->6636K(50176K)] 119843K->86359K(163840K), 0.0048990 secs] [Times: user=0.03 sys=0.00, real=0.01 secs] 
187.534: Total time for which application threads were stopped: 0.0050520 seconds, Stopping threads took: 0.0000690 seconds
187.683: Application time: 0.1482880 seconds
187.683: [GC [PSYoungGen: 50127K->6637K(50176K)] 129850K->94205K(163840K), 0.0043580 secs] [Times: user=0.03 sys=0.00, real=0.00 secs] 
187.687: Total time for which application threads were stopped: 0.0045340 seconds, Stopping threads took: 0.0000950 seconds
187.828: Application time: 0.1411700 seconds
187.829: [GC [PSYoungGen: 50145K->5956K(50176K)] 137714K->105639K(163840K), 0.0052570 secs] [Times: user=0.04 sys=0.00, real=0.01 secs] 
187.834: [Full GC [PSYoungGen: 5956K->0K(50176K)] [ParOldGen: 99682K->26268K(113664K)] 105639K->26268K(163840K) [PSPermGen: 6114K->6114K(21504K)], 0.0100190 secs] [Times: user=0.05 sys=0.00, real=0.01 secs] 
187.844: Total time for which application threads were stopped: 0.0154700 seconds, Stopping threads took: 0.0000590 seconds
187.986: Application time: 0.1419840 seconds
187.986: [GC [PSYoungGen: 43482K->6413K(50176K)] 69751K->41945K(163840K), 0.0047570 secs] [Times: user=0.03 sys=0.00, real=0.01 secs] 
187.991: Total time for which application threads were stopped: 0.0049440 seconds, Stopping threads took: 0.0000950 seconds
188.134: Application time: 0.1427720 seconds
188.134: [GC [PSYoungGen: 49913K->6637K(50176K)] 85445K->52145K(163840K), 0.0048880 secs] [Times: user=0.03 sys=0.00, real=0.00 secs] 
188.139: Total time for which application threads were stopped: 0.0050420 seconds, Stopping threads took: 0.0000710 seconds
188.283: Application time: 0.1445670 seconds
188.283: [GC [PSYoungGen: 50129K->6605K(50176K)] 95637K->61377K(163840K), 0.0047360 secs] [Times: user=0.04 sys=0.00, real=0.00 secs] 
188.288: Total time for which application threads were stopped: 0.0049100 seconds, Stopping threads took: 0.0000910 seconds
188.444: Application time: 0.1555220 seconds
188.444: [GC [PSYoungGen: 50097K->6637K(50176K)] 104868K->71393K(163840K), 0.0049920 secs] [Times: user=0.04 sys=0.00, real=0.00 secs] 
188.449: Total time for which application threads were stopped: 0.0051420 seconds, Stopping threads took: 0.0000650 seconds
188.605: Application time: 0.1557190 seconds
188.605: [GC [PSYoungGen: 50128K->6605K(50176K)] 114884K->80624K(163840K), 0.0046880 secs] [Times: user=0.04 sys=0.00, real=0.00 secs] 
188.609: Total time for which application threads were stopped: 0.0048480 seconds, Stopping threads took: 0.0000680 seconds
188.740: Application time: 0.1301880 seconds
188.740: [GC [PSYoungGen: 49551K->6637K(50176K)] 123570K->88542K(163840K), 0.0042690 secs] [Times: user=0.03 sys=0.00, real=0.01 secs] 
188.744: Total time for which application threads were stopped: 0.0044170 seconds, Stopping threads took: 0.0000650 seconds
188.760: Application time: 0.0162020 seconds
188.760: [GC [PSYoungGen: 50008K->6637K(50176K)] 131914K->90688K(163840K), 0.0029540 secs] [Times: user=0.02 sys=0.00, real=0.01 secs] 
188.763: Total time for which application threads were stopped: 0.0031920 seconds, Stopping threads took: 0.0001520 seconds
188.775: Application time: 0.0111010 seconds
188.775: [GC [PSYoungGen: 50121K->6637K(50176K)] 134172K->92833K(163840K), 0.0029380 secs] [Times: user=0.01 sys=0.00, real=0.00 secs] 
188.778: Total time for which application threads were stopped: 0.0030970 seconds, Stopping threads took: 0.0000740 seconds
188.788: Application time: 0.0104810 seconds
188.788: [GC [PSYoungGen: 50110K->6637K(50176K)] 136307K->93546K(163840K), 0.0024520 secs] [Times: user=0.01 sys=0.00, real=0.01 secs] 
188.791: Total time for which application threads were stopped: 0.0026210 seconds, Stopping threads took: 0.0000870 seconds
188.802: Application time: 0.0108900 seconds
188.803: [GC [PSYoungGen: 50125K->6637K(50176K)] 137034K->95692K(163840K), 0.0029290 secs] [Times: user=0.02 sys=0.00, real=0.00 secs] 
188.806: Total time for which application threads were stopped: 0.0039210 seconds, Stopping threads took: 0.0009120 seconds
188.816: Application time: 0.0102800 seconds
188.816: [GC [PSYoungGen: 50129K->5956K(50176K)] 139184K->95724K(163840K), 0.0022410 secs] [Times: user=0.02 sys=0.00, real=0.00 secs] 
188.818: Total time for which application threads were stopped: 0.0024150 seconds, Stopping threads took: 0.0000900 seconds
188.832: Application time: 0.0136580 seconds
188.832: [GC [PSYoungGen: 49446K->6637K(50176K)] 139214K->102825K(163840K), 0.0040090 secs] [Times: user=0.02 sys=0.00, real=0.00 secs] 
188.836: Total time for which application threads were stopped: 0.0041660 seconds, Stopping threads took: 0.0000760 seconds
189.012: Application time: 0.1755680 seconds
189.012: [GC [PSYoungGen: 50118K->6636K(50176K)] 146307K->112801K(163840K), 0.0050130 secs] [Times: user=0.03 sys=0.00, real=0.00 secs] 
189.017: [Full GC [PSYoungGen: 6636K->0K(50176K)] [ParOldGen: 106164K->31315K(113664K)] 112801K->31315K(163840K) [PSPermGen: 6114K->6114K(21504K)], 0.0098410 secs] [Times: user=0.05 sys=0.00, real=0.01 secs] 
189.027: Total time for which application threads were stopped: 0.0150670 seconds, Stopping threads took: 0.0000730 seconds
189.132: Application time: 0.1055930 seconds
189.132: [GC [PSYoungGen: 43514K->6444K(50176K)] 74830K->47736K(163840K), 0.0051180 secs] [Times: user=0.04 sys=0.00, real=0.00 secs] 
189.138: Total time for which application threads were stopped: 0.0053000 seconds, Stopping threads took: 0.0000840 seconds
189.155: Application time: 0.0171840 seconds
189.155: [GC [PSYoungGen: 49926K->6636K(50176K)] 91218K->47928K(163840K), 0.0023890 secs] [Times: user=0.01 sys=0.00, real=0.00 secs] 
189.157: Total time for which application threads were stopped: 0.0025460 seconds, Stopping threads took: 0.0000740 seconds
189.173: Application time: 0.0153600 seconds
189.173: [GC [PSYoungGen: 49953K->6524K(50176K)] 91244K->50666K(163840K), 0.0031660 secs] [Times: user=0.02 sys=0.00, real=0.00 secs] 
189.176: Total time for which application threads were stopped: 0.0033370 seconds, Stopping threads took: 0.0000880 seconds
189.187: Application time: 0.0113060 seconds
189.187: [GC [PSYoungGen: 49501K->6604K(50176K)] 93642K->57159K(163840K), 0.0041090 secs] [Times: user=0.03 sys=0.00, real=0.01 secs] 
189.192: Total time for which application threads were stopped: 0.0042770 seconds, Stopping threads took: 0.0000760 seconds
189.208: Application time: 0.0159970 seconds
189.208: [GC [PSYoungGen: 50080K->6572K(50176K)] 100634K->59264K(163840K), 0.0030090 secs] [Times: user=0.02 sys=0.00, real=0.01 secs] 
189.211: Total time for which application threads were stopped: 0.0031760 seconds, Stopping threads took: 0.0000860 seconds
189.230: Application time: 0.0195040 seconds
189.230: [GC [PSYoungGen: 50060K->6573K(50176K)] 102752K->60690K(163840K), 0.0027550 secs] [Times: user=0.02 sys=0.00, real=0.00 secs] 
189.233: Total time for which application threads were stopped: 0.0029280 seconds, Stopping threads took: 0.0000890 seconds
189.283: Application time: 0.0497590 seconds
189.283: [GC [PSYoungGen: 50064K->6572K(50176K)] 104181K->68527K(163840K), 0.0043450 secs] [Times: user=0.03 sys=0.00, real=0.00 secs] 
189.287: Total time for which application threads were stopped: 0.0045020 seconds, Stopping threads took: 0.0000730 seconds
189.410: Application time: 0.1220990 seconds
189.410: [GC [PSYoungGen: 50087K->6636K(50176K)] 112042K->78567K(163840K), 0.0051550 secs] [Times: user=0.03 sys=0.00, real=0.01 secs] 
189.415: Total time for which application threads were stopped: 0.0053370 seconds, Stopping threads took: 0.0000950 seconds
189.432: Application time: 0.0170500 seconds
189.432: [GC [PSYoungGen: 50118K->6636K(50176K)] 122049K->80000K(163840K), 0.0026660 secs] [Times: user=0.02 sys=0.00, real=0.00 secs] 
189.435: Total time for which application threads were stopped: 0.0028310 seconds, Stopping threads took: 0.0000820 seconds
189.450: Application time: 0.0156630 seconds
189.451: [GC [PSYoungGen: 49846K->6004K(50176K)] 123210K->84355K(163840K), 0.0034550 secs] [Times: user=0.03 sys=0.00, real=0.00 secs] 
189.454: Total time for which application threads were stopped: 0.0036340 seconds, Stopping threads took: 0.0000980 seconds
189.466: Application time: 0.0120860 seconds
189.466: [GC [PSYoungGen: 49089K->6636K(50176K)] 127440K->88554K(163840K), 0.0033270 secs] [Times: user=0.03 sys=0.00, real=0.00 secs] 
189.470: Total time for which application threads were stopped: 0.0034780 seconds, Stopping threads took: 0.0000680 seconds
189.487: Application time: 0.0175840 seconds
189.487: [GC [PSYoungGen: 50110K->6636K(50176K)] 132028K->88570K(163840K), 0.0023940 secs] [Times: user=0.02 sys=0.00, real=0.00 secs] 
189.490: Total time for which application threads were stopped: 0.0025690 seconds, Stopping threads took: 0.0000890 seconds
189.509: Application time: 0.0188860 seconds
189.509: [GC [PSYoungGen: 50127K->6604K(50176K)] 132061K->92101K(163840K), 0.0033890 secs] [Times: user=0.02 sys=0.00, real=0.01 secs] 
189.512: Total time for which application threads were stopped: 0.0035570 seconds, Stopping threads took: 0.0000830 seconds
189.543: Application time: 0.0305180 seconds
189.543: [GC [PSYoungGen: 50093K->6652K(50176K)] 135590K->97857K(163840K), 0.0038420 secs] [Times: user=0.02 sys=0.00, real=0.00 secs] 
189.547: Total time for which application threads were stopped: 0.0040160 seconds, Stopping threads took: 0.0000900 seconds
189.717: Application time: 0.1702790 seconds
189.717: [GC [PSYoungGen: 49466K->6636K(50176K)] 140671K->107224K(163840K), 0.0046380 secs] [Times: user=0.04 sys=0.00, real=0.00 secs] 
189.722: [Full GC [PSYoungGen: 6636K->0K(50176K)] [ParOldGen: 100587K->24842K(113664K)] 107224K->24842K(163840K) [PSPermGen: 6114K->6114K(21504K)], 0.0094800 secs] [Times: user=0.05 sys=0.00, real=0.02 secs] 
189.731: Total time for which application threads were stopped: 0.0143360 seconds, Stopping threads took: 0.0000710 seconds
189.749: Application time: 0.0177060 seconds
189.749: [GC [PSYoungGen: 43477K->6508K(50176K)] 68320K->33489K(163840K), 0.0029440 secs] [Times: user=0.02 sys=0.00, real=0.01 secs] 
189.752: Total time for which application threads were stopped: 0.0031170 seconds, Stopping threads took: 0.0000880 seconds
189.770: Application time: 0.0173190 seconds
189.770: [GC [PSYoungGen: 49987K->6508K(50176K)] 76967K->36339K(163840K), 0.0031180 secs] [Times: user=0.03 sys=0.00, real=0.01 secs] 
189.773: Total time for which application threads were stopped: 0.0033190 seconds, Stopping threads took: 0.0001070 seconds
189.785: Application time: 0.0122550 seconds
189.785: [GC [PSYoungGen: 49990K->6476K(50176K)] 79821K->38444K(163840K), 0.0029650 secs] [Times: user=0.02 sys=0.01, real=0.00 secs] 
189.788: Total time for which application threads were stopped: 0.0031400 seconds, Stopping threads took: 0.0000910 seconds
189.835: Application time: 0.0464790 seconds
189.835: [GC [PSYoungGen: 49287K->6604K(50176K)] 81255K->47122K(163840K), 0.0046730 secs] [Times: user=0.03 sys=0.00, real=0.00 secs] 
189.840: Total time for which application threads were stopped: 0.0048320 seconds, Stopping threads took: 0.0000720 seconds
189.855: Application time: 0.0156360 seconds
189.855: [GC [PSYoungGen: 50083K->6508K(50176K)] 90601K->50589K(163840K), 0.0033580 secs] [Times: user=0.03 sys=0.00, real=0.00 secs] 
189.859: Total time for which application threads were stopped: 0.0035210 seconds, Stopping threads took: 0.0000790 seconds
189.873: Application time: 0.0138200 seconds
189.873: [GC [PSYoungGen: 49993K->6508K(50176K)] 94074K->54152K(163840K), 0.0033650 secs] [Times: user=0.02 sys=0.00, real=0.00 secs] 
189.876: Total time for which application threads were stopped: 0.0035430 seconds, Stopping threads took: 0.0000900 seconds
190.017: Application time: 0.1407270 seconds
190.017: [GC [PSYoungGen: 49997K->6540K(50176K)] 97641K->64159K(163840K), 0.0048860 secs] [Times: user=0.04 sys=0.00, real=0.00 secs] 
190.022: Total time for which application threads were stopped: 0.0050400 seconds, Stopping threads took: 0.0000690 seconds
190.201: Application time: 0.1791400 seconds
190.201: [GC [PSYoungGen: 50034K->6572K(50176K)] 107653K->74166K(163840K), 0.0048910 secs] [Times: user=0.03 sys=0.00, real=0.01 secs] 
190.206: Total time for which application threads were stopped: 0.0050480 seconds, Stopping threads took: 0.0000660 seconds
190.388: Application time: 0.1815630 seconds
190.388: [GC [PSYoungGen: 50064K->6636K(50176K)] 117658K->84926K(163840K), 0.0051110 secs] [Times: user=0.04 sys=0.00, real=0.01 secs] 
190.393: Total time for which application threads were stopped: 0.0052730 seconds, Stopping threads took: 0.0000680 seconds
190.612: Application time: 0.2195110 seconds
190.613: [GC [PSYoungGen: 50116K->6636K(50176K)] 128405K->94196K(163840K), 0.0046760 secs] [Times: user=0.03 sys=0.00, real=0.00 secs] 
190.617: Total time for which application threads were stopped: 0.0048350 seconds, Stopping threads took: 0.0000730 seconds
190.795: Application time: 0.1773010 seconds
190.795: [GC [PSYoungGen: 50148K->5988K(50176K)] 137708K->104948K(163840K), 0.0051440 secs] [Times: user=0.04 sys=0.00, real=0.00 secs] 
190.800: [Full GC [PSYoungGen: 5988K->0K(50176K)] [ParOldGen: 98960K->27692K(113664K)] 104948K->27692K(163840K) [PSPermGen: 6114K->6114K(21504K)], 0.0100950 secs] [Times: user=0.06 sys=0.00, real=0.02 secs] 
190.810: Total time for which application threads were stopped: 0.0154420 seconds, Stopping threads took: 0.0000700 seconds
190.992: Application time: 0.1824200 seconds
190.993: [GC [PSYoungGen: 43480K->6412K(50176K)] 71172K->43368K(163840K), 0.0046910 secs] [Times: user=0.03 sys=0.00, real=0.00 secs] 
190.997: Total time for which application threads were stopped: 0.0048590 seconds, Stopping threads took: 0.0000740 seconds
191.175: Application time: 0.1780640 seconds
191.176: [GC [PSYoungGen: 49910K->6540K(50176K)] 86866K->53471K(163840K), 0.0048860 secs] [Times: user=0.03 sys=0.00, real=0.00 secs] 
191.180: Total time for which application threads were stopped: 0.0050510 seconds, Stopping threads took: 0.0000790 seconds
191.335: Application time: 0.1548310 seconds
191.335: [GC [PSYoungGen: 50021K->6572K(50176K)] 96952K->63479K(163840K), 0.0049530 secs] [Times: user=0.03 sys=0.00, real=0.00 secs] 
191.340: Total time for which application threads were stopped: 0.0051050 seconds, Stopping threads took: 0.0000680 seconds
191.494: Application time: 0.1536050 seconds
191.494: [GC [PSYoungGen: 50071K->6572K(50176K)] 106978K->73455K(163840K), 0.0048440 secs] [Times: user=0.03 sys=0.00, real=0.00 secs] 
191.499: Total time for which application threads were stopped: 0.0050140 seconds, Stopping threads took: 0.0000730 seconds
191.654: Application time: 0.1554120 seconds
191.655: [GC [PSYoungGen: 50080K->6637K(50176K)] 116963K->82782K(163840K), 0.0045370 secs] [Times: user=0.04 sys=0.00, real=0.00 secs] 
191.659: Total time for which application threads were stopped: 0.0046740 seconds, Stopping threads took: 0.0000590 seconds
191.793: Application time: 0.1335900 seconds
191.793: [GC [PSYoungGen: 50127K->5956K(50176K)] 126273K->92790K(163840K), 0.0049490 secs] [Times: user=0.03 sys=0.00, real=0.00 secs] 
191.798: Total time for which application threads were stopped: 0.0051060 seconds, Stopping threads took: 0.0000760 seconds
191.949: Application time: 0.1512140 seconds
191.949: [GC [PSYoungGen: 49439K->6637K(50176K)] 136273K->102742K(163840K), 0.0047690 secs] [Times: user=0.04 sys=0.00, real=0.01 secs] 
191.954: Total time for which application threads were stopped: 0.0049460 seconds, Stopping threads took: 0.0000920 seconds
192.094: Application time: 0.1398810 seconds
192.094: [GC [PSYoungGen: 50137K->6637K(50176K)] 146243K->113439K(163840K), 0.0050700 secs] [Times: user=0.04 sys=0.00, real=0.00 secs] 
192.099: [Full GC [PSYoungGen: 6637K->0K(50176K)] [ParOldGen: 106802K->27694K(113664K)] 113439K->27694K(163840K) [PSPermGen: 6114K->6114K(21504K)], 0.0099620 secs] [Times: user=0.06 sys=0.01, real=0.01 secs] 
192.109: Total time for which application threads were stopped: 0.0152720 seconds, Stopping threads took: 0.0000940 seconds
192.250: Application time: 0.1408200 seconds
192.250: [GC [PSYoungGen: 43483K->6413K(50176K)] 71178K->43371K(163840K), 0.0047490 secs] [Times: user=0.03 sys=0.00, real=0.00 secs] 
192.255: Total time for which application threads were stopped: 0.0049120 seconds, Stopping threads took: 0.0000820 seconds
192.417: Application time: 0.1619470 seconds
192.417: [GC [PSYoungGen: 49913K->6573K(50176K)] 86871K->54932K(163840K), 0.0052750 secs] [Times: user=0.04 sys=0.00, real=0.01 secs] 
192.422: Total time for which application threads were stopped: 0.0054190 seconds, Stopping threads took: 0.0000620 seconds
192.585: Application time: 0.1628400 seconds
192.585: [GC [PSYoungGen: 50064K->6605K(50176K)] 98424K->64228K(163840K), 0.0045780 secs] [Times: user=0.03 sys=0.00, real=0.00 secs] 
192.590: Total time for which application threads were stopped: 0.0047370 seconds, Stopping threads took: 0.0000770 seconds
192.630: Application time: 0.0406650 seconds
192.631: [GC [PSYoungGen: 50121K->6541K(50176K)] 107744K->74140K(163840K), 0.0050580 secs] [Times: user=0.04 sys=0.00, real=0.00 secs] 
192.636: Total time for which application threads were stopped: 0.0052340 seconds, Stopping threads took: 0.0000770 seconds
192.652: Application time: 0.0167290 seconds
192.653: [GC [PSYoungGen: 50023K->6637K(50176K)] 117622K->74948K(163840K), 0.0026380 secs] [Times: user=0.01 sys=0.00, real=0.00 secs] 
192.655: Total time for which application threads were stopped: 0.0028530 seconds, Stopping threads took: 0.0001290 seconds
192.671: Application time: 0.0154800 seconds
192.671: [GC [PSYoungGen: 50118K->6637K(50176K)] 118430K->74948K(163840K), 0.0023500 secs] [Times: user=0.02 sys=0.00, real=0.00 secs] 
192.673: Total time for which application threads were stopped: 0.0025190 seconds, Stopping threads took: 0.0000840 seconds
192.699: Application time: 0.0258180 seconds
192.699: [GC [PSYoungGen: 49453K->6636K(50176K)] 117765K->82814K(163840K), 0.0045230 secs] [Times: user=0.03 sys=0.00, real=0.01 secs] 
192.704: Total time for which application threads were stopped: 0.0046900 seconds, Stopping threads took: 0.0000780 seconds
192.719: Application time: 0.0155230 seconds
192.719: [GC [PSYoungGen: 50114K->6621K(50176K)] 126292K->84223K(163840K), 0.0027470 secs] [Times: user=0.01 sys=0.01, real=0.01 secs] 
192.722: Total time for which application threads were stopped: 0.0029100 seconds, Stopping threads took: 0.0000790 seconds
192.748: Application time: 0.0256800 seconds
192.748: [GC [PSYoungGen: 50109K->6653K(50176K)] 127711K->88531K(163840K), 0.0036330 secs] [Times: user=0.02 sys=0.00, real=0.01 secs] 
192.752: Total time for which application threads were stopped: 0.0038380 seconds, Stopping threads took: 0.0001160 seconds
192.793: Application time: 0.0410820 seconds
192.793: [GC [PSYoungGen: 50143K->6652K(50176K)] 132021K->95657K(163840K), 0.0042220 secs] [Times: user=0.03 sys=0.00, real=0.00 secs] 
192.797: Total time for which application threads were stopped: 0.0043870 seconds, Stopping threads took: 0.0000790 seconds
192.956: Application time: 0.1587170 seconds
192.956: [GC [PSYoungGen: 50134K->6652K(50176K)] 139138K->104919K(163840K), 0.0048170 secs] [Times: user=0.04 sys=0.00, real=0.00 secs] 
192.961: Total time for which application threads were stopped: 0.0049760 seconds, Stopping threads took: 0.0000770 seconds
193.037: Application time: 0.0757830 seconds
193.038: [GC [PSYoungGen: 49483K->6036K(50176K)] 147750K->111428K(163840K), 0.0040020 secs] [Times: user=0.03 sys=0.00, real=0.00 secs] 
193.042: [Full GC [PSYoungGen: 6036K->0K(50176K)] [ParOldGen: 105392K->25556K(113664K)] 111428K->25556K(163840K) [PSPermGen: 6114K->6114K(21504K)], 0.0095640 secs] [Times: user=0.05 sys=0.00, real=0.02 secs] 
193.051: Total time for which application threads were stopped: 0.0144990 seconds, Stopping threads took: 0.0007980 seconds
193.062: Application time: 0.0110240 seconds
193.062: [GC [PSYoungGen: 43480K->6508K(50176K)] 69036K->34915K(163840K), 0.0030430 secs] [Times: user=0.02 sys=0.00, real=0.00 secs] 
193.065: Total time for which application threads were stopped: 0.0032180 seconds, Stopping threads took: 0.0000810 seconds
193.078: Application time: 0.0120700 seconds
193.078: [GC [PSYoungGen: 49991K->6540K(50176K)] 78397K->35659K(163840K), 0.0024800 secs] [Times: user=0.02 sys=0.00, real=0.00 secs] 
193.081: Total time for which application threads were stopped: 0.0031980 seconds, Stopping threads took: 0.0006330 seconds
193.093: Application time: 0.0124770 seconds
193.093: [GC [PSYoungGen: 50021K->6541K(50176K)] 79140K->39222K(163840K), 0.0034100 secs] [Times: user=0.02 sys=0.00, real=0.00 secs] 
193.097: Total time for which application threads were stopped: 0.0035790 seconds, Stopping threads took: 0.0000820 seconds
193.108: Application time: 0.0110190 seconds
193.108: [GC [PSYoungGen: 50025K->6509K(50176K)] 82706K->39190K(163840K), 0.0023180 secs] [Times: user=0.01 sys=0.00, real=0.01 secs] 
193.111: Total time for which application threads were stopped: 0.0028700 seconds, Stopping threads took: 0.0004650 seconds
193.120: Application time: 0.0093170 seconds
193.120: [GC [PSYoungGen: 49998K->6476K(50176K)] 82680K->39158K(163840K), 0.0022410 secs] [Times: user=0.01 sys=0.00, real=0.01 secs] 
193.122: Total time for which application threads were stopped: 0.0024150 seconds, Stopping threads took: 0.0000910 seconds
193.239: Application time: 0.1163070 seconds
193.239: [GC [PSYoungGen: 49966K->6540K(50176K)] 82647K->50622K(163840K), 0.0053250 secs] [Times: user=0.04 sys=0.00, real=0.01 secs] 
193.244: Total time for which application threads were stopped: 0.0055080 seconds, Stopping threads took: 0.0000870 seconds
193.314: Application time: 0.0696740 seconds
193.314: [GC [PSYoungGen: 50057K->6604K(50176K)] 94139K->60662K(163840K), 0.0050820 secs] [Times: user=0.03 sys=0.00, real=0.00 secs] 
193.319: Total time for which application threads were stopped: 0.0052570 seconds, Stopping threads took: 0.0000930 seconds
193.333: Application time: 0.0143080 seconds
193.334: [GC [PSYoungGen: 50087K->6572K(50176K)] 104144K->64905K(163840K), 0.0033530 secs] [Times: user=0.03 sys=0.00, real=0.00 secs] 
193.337: Total time for which application threads were stopped: 0.0035200 seconds, Stopping threads took: 0.0000830 seconds
193.351: Application time: 0.0139500 seconds
193.351: [GC [PSYoungGen: 50091K->6604K(50176K)] 108424K->70637K(163840K), 0.0039000 secs] [Times: user=0.03 sys=0.01, real=0.00 secs] 
193.355: Total time for which application threads were stopped: 0.0041020 seconds, Stopping threads took: 0.0001080 seconds
193.367: Application time: 0.0121850 seconds
193.367: [GC [PSYoungGen: 50084K->6588K(50176K)] 114117K->72046K(163840K), 0.0028520 secs] [Times: user=0.01 sys=0.01, real=0.01 secs] 
193.370: Total time for which application threads were stopped: 0.0030160 seconds, Stopping threads took: 0.0000780 seconds
193.387: Application time: 0.0164040 seconds
193.387: [GC [PSYoungGen: 50073K->6636K(50176K)] 115531K->74232K(163840K), 0.0029770 secs] [Times: user=0.02 sys=0.00, real=0.00 secs] 
193.390: Total time for which application threads were stopped: 0.0031440 seconds, Stopping threads took: 0.0000800 seconds
193.405: Application time: 0.0153420 seconds
193.405: [GC [PSYoungGen: 50118K->6636K(50176K)] 117713K->74945K(163840K), 0.0026500 secs] [Times: user=0.02 sys=0.00, real=0.00 secs] 
193.408: Total time for which application threads were stopped: 0.0028250 seconds, Stopping threads took: 0.0000890 seconds
193.510: Application time: 0.1015310 seconds
193.510: [GC [PSYoungGen: 50125K->6636K(50176K)] 118433K->85632K(163840K), 0.0051610 secs] [Times: user=0.04 sys=0.00, real=0.01 secs] 
193.515: Total time for which application threads were stopped: 0.0053130 seconds, Stopping threads took: 0.0000720 seconds
193.608: Application time: 0.0932330 seconds
193.608: [GC [PSYoungGen: 49444K->6636K(50176K)] 128440K->95648K(163840K), 0.0050370 secs] [Times: user=0.04 sys=0.00, real=0.01 secs] 
193.613: Total time for which application threads were stopped: 0.0052010 seconds, Stopping threads took: 0.0000780 seconds
193.629: Application time: 0.0155630 seconds
193.629: [GC [PSYoungGen: 50122K->6636K(50176K)] 139134K->99222K(163840K), 0.0033930 secs] [Times: user=0.02 sys=0.00, real=0.01 secs] 
193.632: Total time for which application threads were stopped: 0.0035520 seconds, Stopping threads took: 0.0000730 seconds
193.648: Application time: 0.0160760 seconds
193.649: [GC [PSYoungGen: 50121K->6604K(50176K)] 142707K->102040K(163840K), 0.0032490 secs] [Times: user=0.02 sys=0.00, real=0.01 secs] 
193.652: Total time for which application threads were stopped: 0.0034280 seconds, Stopping threads took: 0.0000880 seconds
193.737: Application time: 0.0848650 seconds
193.737: [GC [PSYoungGen: 50103K->6636K(50176K)] 145539K->112080K(163840K), 0.0049310 secs] [Times: user=0.04 sys=0.00, real=0.00 secs] 
193.742: [Full GC [PSYoungGen: 6636K->0K(50176K)] [ParOldGen: 105443K->26268K(113664K)] 112080K->26268K(163840K) [PSPermGen: 6114K->6114K(21504K)], 0.0098080 secs] [Times: user=0.05 sys=0.00, real=0.02 secs] 
193.752: Total time for which application threads were stopped: 0.0149410 seconds, Stopping threads took: 0.0000700 seconds
193.836: Application time: 0.0839180 seconds
193.836: [GC [PSYoungGen: 43514K->6444K(50176K)] 69782K->42688K(163840K), 0.0050790 secs] [Times: user=0.04 sys=0.00, real=0.00 secs] 
193.841: Total time for which application threads were stopped: 0.0052580 seconds, Stopping threads took: 0.0000820 seconds
193.857: Application time: 0.0163350 seconds
193.857: [GC [PSYoungGen: 49929K->6572K(50176K)] 86173K->44241K(163840K), 0.0027510 secs] [Times: user=0.02 sys=0.00, real=0.00 secs] 
193.860: Total time for which application threads were stopped: 0.0029350 seconds, Stopping threads took: 0.0000980 seconds
193.875: Application time: 0.0144110 seconds
193.875: [GC [PSYoungGen: 50055K->6476K(50176K)] 87724K->46283K(163840K), 0.0029780 secs] [Times: user=0.01 sys=0.00, real=0.00 secs] 
193.878: Total time for which application threads were stopped: 0.0031760 seconds, Stopping threads took: 0.0001160 seconds
193.990: Application time: 0.1120120 seconds
193.990: [GC [PSYoungGen: 49965K->6476K(50176K)] 89771K->56970K(163840K), 0.0050770 secs] [Times: user=0.03 sys=0.00, real=0.01 secs] 
193.995: Total time for which application threads were stopped: 0.0052330 seconds, Stopping threads took: 0.0000710 seconds
194.169: Application time: 0.1737040 seconds
194.169: [GC [PSYoungGen: 49972K->6572K(50176K)] 100467K->67754K(163840K), 0.0051220 secs] [Times: user=0.03 sys=0.01, real=0.01 secs] 
194.174: Total time for which application threads were stopped: 0.0052950 seconds, Stopping threads took: 0.0000710 seconds
194.367: Application time: 0.1927020 seconds
194.367: [GC [PSYoungGen: 50068K->6604K(50176K)] 111250K->78474K(163840K), 0.0051060 secs] [Times: user=0.04 sys=0.00, real=0.01 secs] 
194.372: Total time for which application threads were stopped: 0.0052670 seconds, Stopping threads took: 0.0000690 seconds
194.566: Application time: 0.1941990 seconds
194.566: [GC [PSYoungGen: 50092K->6636K(50176K)] 121962K->89906K(163840K), 0.0053080 secs] [Times: user=0.02 sys=0.00, real=0.01 secs] 
194.572: Total time for which application threads were stopped: 0.0054760 seconds, Stopping threads took: 0.0000820 seconds
194.762: Application time: 0.1905360 seconds
194.762: [GC [PSYoungGen: 50139K->6636K(50176K)] 133409K->100610K(163840K), 0.0051200 secs] [Times: user=0.03 sys=0.00, real=0.00 secs] 
194.767: Total time for which application threads were stopped: 0.0052700 seconds, Stopping threads took: 0.0000670 seconds
194.948: Application time: 0.1805260 seconds
194.948: [GC [PSYoungGen: 50116K->5956K(50176K)] 144090K->109905K(163840K), 0.0047430 secs] [Times: user=0.04 sys=0.00, real=0.01 secs] 
194.953: [Full GC [PSYoungGen: 5956K->0K(50176K)] [ParOldGen: 103949K->29118K(113664K)] 109905K->29118K(163840K) [PSPermGen: 6114K->6114K(21504K)], 0.0103610 secs] [Times: user=0.05 sys=0.00, real=0.01 secs] 
194.963: Total time for which application threads were stopped: 0.0153100 seconds, Stopping threads took: 0.0000610 seconds
195.116: Application time: 0.1529250 seconds
195.116: [GC [PSYoungGen: 43497K->6540K(50176K)] 72616K->47059K(163840K), 0.0052960 secs] [Times: user=0.04 sys=0.00, real=0.00 secs] 
195.122: Total time for which application threads were stopped: 0.0054540 seconds, Stopping threads took: 0.0000730 seconds
195.289: Application time: 0.1668750 seconds
195.289: [GC [PSYoungGen: 50030K->6508K(50176K)] 90549K->57003K(163840K), 0.0047750 secs] [Times: user=0.04 sys=0.00, real=0.01 secs] 
195.294: Total time for which application threads were stopped: 0.0049480 seconds, Stopping threads took: 0.0000900 seconds
195.441: Application time: 0.1477650 seconds
195.441: [GC [PSYoungGen: 49999K->6604K(50176K)] 100493K->67787K(163840K), 0.0051260 secs] [Times: user=0.03 sys=0.00, real=0.01 secs] 
195.447: Total time for which application threads were stopped: 0.0052820 seconds, Stopping threads took: 0.0000710 seconds
195.591: Application time: 0.1439610 seconds
195.591: [GC [PSYoungGen: 50104K->6605K(50176K)] 111287K->78476K(163840K), 0.0051060 secs] [Times: user=0.04 sys=0.00, real=0.00 secs] 
195.596: Total time for which application threads were stopped: 0.0052750 seconds, Stopping threads took: 0.0000750 seconds
195.748: Application time: 0.1517370 seconds
195.748: [GC [PSYoungGen: 50096K->6637K(50176K)] 121967K->87067K(163840K), 0.0045160 secs] [Times: user=0.03 sys=0.00, real=0.01 secs] 
195.752: Total time for which application threads were stopped: 0.0046770 seconds, Stopping threads took: 0.0000780 seconds
195.893: Application time: 0.1405620 seconds
195.893: [GC [PSYoungGen: 50137K->6637K(50176K)] 130567K->97051K(163840K), 0.0049040 secs] [Times: user=0.04 sys=0.00, real=0.00 secs] 
195.898: Total time for which application threads were stopped: 0.0050580 seconds, Stopping threads took: 0.0000680 seconds
196.030: Application time: 0.1322570 seconds
196.030: [GC [PSYoungGen: 50128K->6637K(50176K)] 140543K->107748K(163840K), 0.0051800 secs] [Times: user=0.04 sys=0.00, real=0.00 secs] 
196.035: [Full GC [PSYoungGen: 6637K->0K(50176K)] [ParOldGen: 101111K->28407K(113664K)] 107748K->28407K(163840K) [PSPermGen: 6114K->6114K(21504K)], 0.0102910 secs] [Times: user=0.05 sys=0.00, real=0.01 secs] 
196.046: Total time for which application threads were stopped: 0.0156750 seconds, Stopping threads took: 0.0000680 seconds
196.187: Application time: 0.1409690 seconds
196.187: [GC [PSYoungGen: 43483K->6413K(50176K)] 71891K->42659K(163840K), 0.0043360 secs] [Times: user=0.03 sys=0.00, real=0.01 secs] 
196.191: Total time for which application threads were stopped: 0.0045490 seconds, Stopping threads took: 0.0001100 seconds
196.347: Application time: 0.1553910 seconds
196.347: [GC [PSYoungGen: 49922K->6573K(50176K)] 86168K->53508K(163840K), 0.0050140 secs] [Times: user=0.04 sys=0.00, real=0.01 secs] 
196.352: Total time for which application threads were stopped: 0.0051930 seconds, Stopping threads took: 0.0000930 seconds
196.503: Application time: 0.1506450 seconds
196.503: [GC [PSYoungGen: 50055K->6573K(50176K)] 96991K->62771K(163840K), 0.0046710 secs] [Times: user=0.04 sys=0.00, real=0.00 secs] 
196.507: Total time for which application threads were stopped: 0.0048180 seconds, Stopping threads took: 0.0000660 seconds
196.537: Application time: 0.0294390 seconds
196.537: [GC [PSYoungGen: 50086K->6605K(50176K)] 106284K->71354K(163840K), 0.0046370 secs] [Times: user=0.04 sys=0.00, real=0.00 secs] 
196.542: Total time for which application threads were stopped: 0.0048080 seconds, Stopping threads took: 0.0000830 seconds
196.558: Application time: 0.0164040 seconds
196.558: [GC [PSYoungGen: 50087K->6573K(50176K)] 114837K->71322K(163840K), 0.0024650 secs] [Times: user=0.02 sys=0.00, real=0.00 secs] 
196.561: Total time for which application threads were stopped: 0.0026290 seconds, Stopping threads took: 0.0000810 seconds
196.574: Application time: 0.0137000 seconds
196.574: [GC [PSYoungGen: 50056K->6605K(50176K)] 114805K->73492K(163840K), 0.0030020 secs] [Times: user=0.02 sys=0.00, real=0.00 secs] 
196.578: Total time for which application threads were stopped: 0.0031670 seconds, Stopping threads took: 0.0000800 seconds
196.617: Application time: 0.0393250 seconds
196.617: [GC [PSYoungGen: 50120K->6636K(50176K)] 117007K->77799K(163840K), 0.0035700 secs] [Times: user=0.02 sys=0.00, real=0.00 secs] 
196.621: Total time for which application threads were stopped: 0.0037590 seconds, Stopping threads took: 0.0001010 seconds
196.636: Application time: 0.0151190 seconds
196.636: [GC [PSYoungGen: 50134K->6637K(50176K)] 121296K->82082K(163840K), 0.0037030 secs] [Times: user=0.03 sys=0.00, real=0.00 secs] 
196.640: Total time for which application threads were stopped: 0.0038930 seconds, Stopping threads took: 0.0000870 seconds
196.656: Application time: 0.0165250 seconds
196.656: [GC [PSYoungGen: 50119K->6637K(50176K)] 125565K->84220K(163840K), 0.0030230 secs] [Times: user=0.02 sys=0.00, real=0.00 secs] 
196.659: Total time for which application threads were stopped: 0.0032150 seconds, Stopping threads took: 0.0001110 seconds
196.728: Application time: 0.0682620 seconds
196.728: [GC [PSYoungGen: 50128K->6636K(50176K)] 127711K->92815K(163840K), 0.0045760 secs] [Times: user=0.04 sys=0.00, real=0.01 secs] 
196.732: Total time for which application threads were stopped: 0.0047460 seconds, Stopping threads took: 0.0000700 seconds
196.862: Application time: 0.1293080 seconds
196.862: [GC [PSYoungGen: 50152K->6636K(50176K)] 136330K->101373K(163840K), 0.0047410 secs] [Times: user=0.03 sys=0.00, real=0.01 secs] 
196.867: Total time for which application threads were stopped: 0.0049190 seconds, Stopping threads took: 0.0000890 seconds
196.882: Application time: 0.0150440 seconds
196.882: [GC [PSYoungGen: 50115K->6636K(50176K)] 144851K->107086K(163840K), 0.0039080 secs] [Times: user=0.03 sys=0.00, real=0.01 secs] 
196.886: [Full GC [PSYoungGen: 6636K->0K(50176K)] [ParOldGen: 100449K->29119K(113664K)] 107086K->29119K(163840K) [PSPermGen: 6114K->6114K(21504K)], 0.0102950 secs] [Times: user=0.06 sys=0.00, real=0.01 secs] 
196.896: Total time for which application threads were stopped: 0.0144340 seconds, Stopping threads took: 0.0000960 seconds
196.914: Application time: 0.0182170 seconds
196.914: [GC [PSYoungGen: 43245K->5892K(50176K)] 72364K->35012K(163840K), 0.0020540 secs] [Times: user=0.02 sys=0.00, real=0.00 secs] 
196.917: Total time for which application threads were stopped: 0.0022060 seconds, Stopping threads took: 0.0000690 seconds
196.928: Application time: 0.0116670 seconds
196.928: [GC [PSYoungGen: 48933K->5860K(50176K)] 78053K->34980K(163840K), 0.0020700 secs] [Times: user=0.01 sys=0.00, real=0.01 secs] 
196.930: Total time for which application threads were stopped: 0.0022240 seconds, Stopping threads took: 0.0000730 seconds
196.947: Application time: 0.0169790 seconds
196.948: [GC [PSYoungGen: 49344K->6636K(50176K)] 78464K->38606K(163840K), 0.0031410 secs] [Times: user=0.02 sys=0.00, real=0.01 secs] 
196.951: Total time for which application threads were stopped: 0.0033660 seconds, Stopping threads took: 0.0001370 seconds
196.970: Application time: 0.0191550 seconds
196.970: [GC [PSYoungGen: 50125K->6541K(50176K)] 82095K->40648K(163840K), 0.0029740 secs] [Times: user=0.02 sys=0.00, real=0.00 secs] 
196.973: Total time for which application threads were stopped: 0.0031430 seconds, Stopping threads took: 0.0000860 seconds
196.994: Application time: 0.0213630 seconds
196.995: [GC [PSYoungGen: 50028K->6540K(50176K)] 84135K->46348K(163840K), 0.0036760 secs] [Times: user=0.02 sys=0.00, real=0.00 secs] 
196.998: Total time for which application threads were stopped: 0.0038500 seconds, Stopping threads took: 0.0000920 seconds
197.160: Application time: 0.1619560 seconds
197.160: [GC [PSYoungGen: 50021K->6540K(50176K)] 89828K->56323K(163840K), 0.0049740 secs] [Times: user=0.03 sys=0.00, real=0.01 secs] 
197.165: Total time for which application threads were stopped: 0.0051240 seconds, Stopping threads took: 0.0000670 seconds
197.266: Application time: 0.1004050 seconds
197.266: [GC [PSYoungGen: 49870K->6652K(50176K)] 99653K->64986K(163840K), 0.0046930 secs] [Times: user=0.03 sys=0.00, real=0.01 secs] 
197.271: Total time for which application threads were stopped: 0.0048670 seconds, Stopping threads took: 0.0000770 seconds
197.283: Application time: 0.0126030 seconds
197.283: [GC [PSYoungGen: 49638K->6652K(50176K)] 107971K->69277K(163840K), 0.0036200 secs] [Times: user=0.03 sys=0.00, real=0.00 secs] 
197.287: Total time for which application threads were stopped: 0.0038040 seconds, Stopping threads took: 0.0001000 seconds
197.300: Application time: 0.0124650 seconds
197.300: [GC [PSYoungGen: 50133K->6604K(50176K)] 112758K->72791K(163840K), 0.0033760 secs] [Times: user=0.03 sys=0.00, real=0.01 secs] 
197.303: Total time for which application threads were stopped: 0.0038650 seconds, Stopping threads took: 0.0004030 seconds
197.314: Application time: 0.0103670 seconds
197.314: [GC [PSYoungGen: 50090K->6653K(50176K)] 116277K->73552K(163840K), 0.0024730 secs] [Times: user=0.02 sys=0.00, real=0.00 secs] 
197.317: Total time for which application threads were stopped: 0.0027790 seconds, Stopping threads took: 0.0002150 seconds
197.326: Application time: 0.0097580 seconds
197.326: [GC [PSYoungGen: 50135K->6636K(50176K)] 117035K->73536K(163840K), 0.0023180 secs] [Times: user=0.01 sys=0.00, real=0.00 secs] 
197.329: Total time for which application threads were stopped: 0.0024790 seconds, Stopping threads took: 0.0000820 seconds
197.343: Application time: 0.0137980 seconds
197.343: [GC [PSYoungGen: 50128K->6636K(50176K)] 117027K->74961K(163840K), 0.0028130 secs] [Times: user=0.02 sys=0.00, real=0.00 secs] 
197.346: Total time for which application threads were stopped: 0.0029770 seconds, Stopping threads took: 0.0000800 seconds
197.435: Application time: 0.0892650 seconds
197.435: [GC [PSYoungGen: 50126K->6556K(50176K)] 118450K->84856K(163840K), 0.0049110 secs] [Times: user=0.03 sys=0.00, real=0.00 secs] 
197.440: Total time for which application threads were stopped: 0.0050580 seconds, Stopping threads took: 0.0000620 seconds
197.480: Application time: 0.0396780 seconds
197.480: [GC [PSYoungGen: 50075K->6636K(50176K)] 128375K->91409K(163840K), 0.0042160 secs] [Times: user=0.04 sys=0.00, real=0.01 secs] 
197.484: Total time for which application threads were stopped: 0.0043860 seconds, Stopping threads took: 0.0000830 seconds
197.501: Application time: 0.0170870 seconds
197.501: [GC [PSYoungGen: 50114K->6636K(50176K)] 134887K->93571K(163840K), 0.0030160 secs] [Times: user=0.02 sys=0.00, real=0.01 secs] 
197.504: Total time for which application threads were stopped: 0.0031970 seconds, Stopping threads took: 0.0000890 seconds
197.517: Application time: 0.0129810 seconds
197.517: [GC [PSYoungGen: 50125K->6636K(50176K)] 137059K->99311K(163840K), 0.0038530 secs] [Times: user=0.03 sys=0.00, real=0.00 secs] 
197.521: Total time for which application threads were stopped: 0.0040160 seconds, Stopping threads took: 0.0000800 seconds
197.662: Application time: 0.1408360 seconds
197.662: [GC [PSYoungGen: 50131K->6636K(50176K)] 142806K->109286K(163840K), 0.0049100 secs] [Times: user=0.03 sys=0.00, real=0.00 secs] 
197.667: [Full GC [PSYoungGen: 6636K->0K(50176K)] [ParOldGen: 102649K->26269K(113664K)] 109286K->26269K(163840K) [PSPermGen: 6114K->6114K(21504K)], 0.0100260 secs] [Times: user=0.06 sys=0.00, real=0.01 secs] 
197.677: Total time for which application threads were stopped: 0.0151420 seconds, Stopping threads took: 0.0000730 seconds
197.736: Application time: 0.0584750 seconds
197.736: [GC [PSYoungGen: 43516K->6476K(50176K)] 69785K->39158K(163840K), 0.0040440 secs] [Times: user=0.03 sys=0.00, real=0.00 secs] 
197.740: Total time for which application threads were stopped: 0.0042150 seconds, Stopping threads took: 0.0000850 seconds
197.755: Application time: 0.0147810 seconds
197.755: [GC [PSYoungGen: 49957K->6508K(50176K)] 82639K->44890K(163840K), 0.0039190 secs] [Times: user=0.03 sys=0.00, real=0.00 secs] 
197.759: Total time for which application threads were stopped: 0.0040840 seconds, Stopping threads took: 0.0000810 seconds
197.773: Application time: 0.0142550 seconds
197.773: [GC [PSYoungGen: 49991K->6476K(50176K)] 88373K->46283K(163840K), 0.0027890 secs] [Times: user=0.02 sys=0.00, real=0.00 secs] 
197.776: Total time for which application threads were stopped: 0.0029630 seconds, Stopping threads took: 0.0000780 seconds
197.909: Application time: 0.1326860 seconds
197.909: [GC [PSYoungGen: 49980K->6604K(50176K)] 89787K->57811K(163840K), 0.0052530 secs] [Times: user=0.04 sys=0.00, real=0.01 secs] 
197.914: Total time for which application threads were stopped: 0.0054070 seconds, Stopping threads took: 0.0000710 seconds
198.109: Application time: 0.1946630 seconds
198.109: [GC [PSYoungGen: 50084K->6604K(50176K)] 101291K->67787K(163840K), 0.0048860 secs] [Times: user=0.03 sys=0.00, real=0.01 secs] 
198.114: Total time for which application threads were stopped: 0.0050430 seconds, Stopping threads took: 0.0000710 seconds
198.307: Application time: 0.1934920 seconds
198.307: [GC [PSYoungGen: 50098K->6636K(50176K)] 111281K->77794K(163840K), 0.0048820 secs] [Times: user=0.03 sys=0.00, real=0.01 secs] 
198.312: Total time for which application threads were stopped: 0.0050510 seconds, Stopping threads took: 0.0000780 seconds
198.505: Application time: 0.1931340 seconds
198.506: [GC [PSYoungGen: 50133K->6636K(50176K)] 121290K->87777K(163840K), 0.0049000 secs] [Times: user=0.04 sys=0.00, real=0.01 secs] 
198.511: Total time for which application threads were stopped: 0.0050650 seconds, Stopping threads took: 0.0000780 seconds
198.681: Application time: 0.1704560 seconds
198.681: [GC [PSYoungGen: 50131K->6636K(50176K)] 131272K->98481K(163840K), 0.0051240 secs] [Times: user=0.04 sys=0.01, real=0.01 secs] 
198.686: Total time for which application threads were stopped: 0.0052750 seconds, Stopping threads took: 0.0000670 seconds
198.853: Application time: 0.1670080 seconds
198.853: [GC [PSYoungGen: 50125K->6636K(50176K)] 141970K->107752K(163840K), 0.0047100 secs] [Times: user=0.03 sys=0.00, real=0.00 secs] 
198.858: [Full GC [PSYoungGen: 6636K->0K(50176K)] [ParOldGen: 101115K->27694K(113664K)] 107752K->27694K(163840K) [PSPermGen: 6114K->6114K(21504K)], 0.0101220 secs] [Times: user=0.06 sys=0.00, real=0.01 secs] 
198.868: Total time for which application threads were stopped: 0.0150810 seconds, Stopping threads took: 0.0000960 seconds
199.031: Application time: 0.1630380 seconds
199.032: [GC [PSYoungGen: 43489K->6540K(50176K)] 71183K->44210K(163840K), 0.0048730 secs] [Times: user=0.04 sys=0.00, real=0.00 secs] 
199.036: Total time for which application threads were stopped: 0.0050430 seconds, Stopping threads took: 0.0000850 seconds
199.203: Application time: 0.1664980 seconds
199.203: [GC [PSYoungGen: 50022K->6508K(50176K)] 87692K->54154K(163840K), 0.0049750 secs] [Times: user=0.04 sys=0.00, real=0.00 secs] 
199.208: Total time for which application threads were stopped: 0.0051330 seconds, Stopping threads took: 0.0000740 seconds
199.359: Application time: 0.1513320 seconds
199.360: [GC [PSYoungGen: 50016K->6572K(50176K)] 97662K->65619K(163840K), 0.0053140 secs] [Times: user=0.04 sys=0.00, real=0.01 secs] 
199.365: Total time for which application threads were stopped: 0.0055060 seconds, Stopping threads took: 0.0001000 seconds
199.510: Application time: 0.1445860 seconds
199.510: [GC [PSYoungGen: 50072K->6637K(50176K)] 109118K->76371K(163840K), 0.0051290 secs] [Times: user=0.04 sys=0.00, real=0.01 secs] 
199.515: Total time for which application threads were stopped: 0.0052950 seconds, Stopping threads took: 0.0000820 seconds
199.662: Application time: 0.1468130 seconds
199.662: [GC [PSYoungGen: 50128K->6637K(50176K)] 119863K->85643K(163840K), 0.0048100 secs] [Times: user=0.03 sys=0.00, real=0.01 secs] 
199.667: Total time for which application threads were stopped: 0.0049600 seconds, Stopping threads took: 0.0000650 seconds
199.801: Application time: 0.1342250 seconds
199.801: [GC [PSYoungGen: 50128K->6637K(50176K)] 129134K->95627K(163840K), 0.0048850 secs] [Times: user=0.04 sys=0.00, real=0.01 secs] 
199.806: Total time for which application threads were stopped: 0.0050310 seconds, Stopping threads took: 0.0000640 seconds
199.954: Application time: 0.1478680 seconds
199.954: [GC [PSYoungGen: 50128K->6637K(50176K)] 139118K->105603K(163840K), 0.0049660 secs] [Times: user=0.03 sys=0.00, real=0.00 secs] 
199.959: [Full GC [PSYoungGen: 6637K->0K(50176K)] [ParOldGen: 98966K->27695K(113664K)] 105603K->27695K(163840K) [PSPermGen: 6114K->6114K(21504K)], 0.0098910 secs] [Times: user=0.06 sys=0.00, real=0.01 secs] 
199.969: Total time for which application threads were stopped: 0.0150900 seconds, Stopping threads took: 0.0000840 seconds
200.126: Application time: 0.1571370 seconds
200.126: [GC [PSYoungGen: 43483K->6413K(50176K)] 71179K->44085K(163840K), 0.0049200 secs] [Times: user=0.03 sys=0.01, real=0.01 secs] 
200.131: Total time for which application threads were stopped: 0.0050780 seconds, Stopping threads took: 0.0000730 seconds
200.286: Application time: 0.1549740 seconds
200.286: [GC [PSYoungGen: 49913K->6541K(50176K)] 87585K->54901K(163840K), 0.0051340 secs] [Times: user=0.04 sys=0.00, real=0.01 secs] 
200.291: Total time for which application threads were stopped: 0.0052870 seconds, Stopping threads took: 0.0000710 seconds
200.384: Application time: 0.0926160 seconds
200.384: [GC [PSYoungGen: 49353K->6573K(50176K)] 97713K->64909K(163840K), 0.0050000 secs] [Times: user=0.03 sys=0.00, real=0.00 secs] 
200.389: Total time for which application threads were stopped: 0.0051730 seconds, Stopping threads took: 0.0000860 seconds
200.405: Application time: 0.0164020 seconds
200.406: [GC [PSYoungGen: 50057K->6637K(50176K)] 108393K->66398K(163840K), 0.0026740 secs] [Times: user=0.01 sys=0.00, real=0.00 secs] 
200.408: Total time for which application threads were stopped: 0.0028340 seconds, Stopping threads took: 0.0000740 seconds
200.425: Application time: 0.0168900 seconds
200.425: [GC [PSYoungGen: 50119K->6637K(50176K)] 109881K->69265K(163840K), 0.0031980 secs] [Times: user=0.02 sys=0.00, real=0.00 secs] 
200.429: Total time for which application threads were stopped: 0.0033480 seconds, Stopping threads took: 0.0000660 seconds
200.447: Application time: 0.0189110 seconds
200.448: [GC [PSYoungGen: 50156K->6637K(50176K)] 112784K->73540K(163840K), 0.0035410 secs] [Times: user=0.03 sys=0.00, real=0.01 secs] 
200.451: Total time for which application threads were stopped: 0.0037030 seconds, Stopping threads took: 0.0000780 seconds
200.467: Application time: 0.0155130 seconds
200.467: [GC [PSYoungGen: 50113K->6637K(50176K)] 117016K->75678K(163840K), 0.0029600 secs] [Times: user=0.02 sys=0.00, real=0.00 secs] 
200.470: Total time for which application threads were stopped: 0.0031390 seconds, Stopping threads took: 0.0000800 seconds
200.489: Application time: 0.0194390 seconds
200.489: [GC [PSYoungGen: 50126K->6653K(50176K)] 119167K->77832K(163840K), 0.0030120 secs] [Times: user=0.02 sys=0.00, real=0.01 secs] 
200.492: Total time for which application threads were stopped: 0.0031930 seconds, Stopping threads took: 0.0000960 seconds
200.517: Application time: 0.0242110 seconds
200.517: [GC [PSYoungGen: 50141K->6636K(50176K)] 121320K->83524K(163840K), 0.0038050 secs] [Times: user=0.03 sys=0.00, real=0.00 secs] 
200.521: Total time for which application threads were stopped: 0.0039700 seconds, Stopping threads took: 0.0000800 seconds
200.668: Application time: 0.1473440 seconds
200.668: [GC [PSYoungGen: 50156K->6636K(50176K)] 127044K->92851K(163840K), 0.0047100 secs] [Times: user=0.04 sys=0.00, real=0.01 secs] 
200.673: Total time for which application threads were stopped: 0.0048700 seconds, Stopping threads took: 0.0000740 seconds
200.690: Application time: 0.0176060 seconds
200.691: [GC [PSYoungGen: 50117K->6636K(50176K)] 136331K->96414K(163840K), 0.0033690 secs] [Times: user=0.02 sys=0.00, real=0.00 secs] 
200.694: Total time for which application threads were stopped: 0.0035420 seconds, Stopping threads took: 0.0000730 seconds
200.712: Application time: 0.0184180 seconds
200.713: [GC [PSYoungGen: 50115K->5956K(50176K)] 139893K->96446K(163840K), 0.0023210 secs] [Times: user=0.01 sys=0.00, real=0.00 secs] 
200.715: Total time for which application threads were stopped: 0.0024860 seconds, Stopping threads took: 0.0000800 seconds
200.728: Application time: 0.0132900 seconds
200.728: [GC [PSYoungGen: 49444K->6636K(50176K)] 139934K->97839K(163840K), 0.0023380 secs] [Times: user=0.02 sys=0.00, real=0.01 secs] 
200.731: Total time for which application threads were stopped: 0.0024990 seconds, Stopping threads took: 0.0000800 seconds
200.808: Application time: 0.0768720 seconds
200.808: [GC [PSYoungGen: 50156K->5972K(50176K)] 141358K->109287K(163840K), 0.0055150 secs] [Times: user=0.04 sys=0.00, real=0.01 secs] 
200.813: [Full GC [PSYoungGen: 5972K->0K(50176K)] [ParOldGen: 103315K->28407K(113664K)] 109287K->28407K(163840K) [PSPermGen: 6114K->6114K(21504K)], 0.0105700 secs] [Times: user=0.06 sys=0.00, real=0.01 secs] 
200.824: Total time for which application threads were stopped: 0.0163070 seconds, Stopping threads took: 0.0000840 seconds
200.841: Application time: 0.0166390 seconds
200.841: [GC [PSYoungGen: 43484K->4467K(50176K)] 71892K->32874K(163840K), 0.0015450 secs] [Times: user=0.01 sys=0.00, real=0.01 secs] 
200.842: Total time for which application threads were stopped: 0.0017000 seconds, Stopping threads took: 0.0000900 seconds
200.858: Application time: 0.0162090 seconds
200.859: [GC [PSYoungGen: 47948K->4467K(50176K)] 76356K->32875K(163840K), 0.0016260 secs] [Times: user=0.01 sys=0.00, real=0.00 secs] 
200.860: Total time for which application threads were stopped: 0.0017800 seconds, Stopping threads took: 0.0000850 seconds
200.953: Application time: 0.0922760 seconds
200.953: [GC [PSYoungGen: 47957K->6508K(50176K)] 76365K->44892K(163840K), 0.0049410 secs] [Times: user=0.03 sys=0.00, real=0.00 secs] 
200.958: Total time for which application threads were stopped: 0.0051000 seconds, Stopping threads took: 0.0000750 seconds
201.118: Application time: 0.1606170 seconds
201.118: [GC [PSYoungGen: 49989K->6476K(50176K)] 88372K->54835K(163840K), 0.0049840 secs] [Times: user=0.04 sys=0.00, real=0.01 secs] 
201.123: Total time for which application threads were stopped: 0.0051770 seconds, Stopping threads took: 0.0000900 seconds
201.224: Application time: 0.1004460 seconds
201.226: [GC [PSYoungGen: 49991K->6508K(50176K)] 98349K->63417K(163840K), 0.0045360 secs] [Times: user=0.03 sys=0.00, real=0.01 secs] 
201.231: Total time for which application threads were stopped: 0.0068000 seconds, Stopping threads took: 0.0021780 seconds
201.245: Application time: 0.0138990 seconds
201.245: [GC [PSYoungGen: 50026K->6572K(50176K)] 106935K->67044K(163840K), 0.0032110 secs] [Times: user=0.03 sys=0.00, real=0.00 secs] 
201.248: Total time for which application threads were stopped: 0.0033640 seconds, Stopping threads took: 0.0000710 seconds
201.261: Application time: 0.0130690 seconds
201.261: [GC [PSYoungGen: 50044K->6636K(50176K)] 110515K->68533K(163840K), 0.0027700 secs] [Times: user=0.02 sys=0.00, real=0.01 secs] 
201.264: Total time for which application threads were stopped: 0.0029360 seconds, Stopping threads took: 0.0000800 seconds
201.274: Application time: 0.0103190 seconds
201.274: [GC [PSYoungGen: 50122K->6572K(50176K)] 112019K->71319K(163840K), 0.0031370 secs] [Times: user=0.02 sys=0.00, real=0.00 secs] 
201.278: Total time for which application threads were stopped: 0.0033560 seconds, Stopping threads took: 0.0001360 seconds
201.288: Application time: 0.0104730 seconds
201.288: [GC [PSYoungGen: 50053K->6636K(50176K)] 114800K->71383K(163840K), 0.0021920 secs] [Times: user=0.02 sys=0.00, real=0.01 secs] 
201.290: Total time for which application threads were stopped: 0.0023530 seconds, Stopping threads took: 0.0000770 seconds
201.306: Application time: 0.0151380 seconds
201.306: [GC [PSYoungGen: 50128K->6636K(50176K)] 114875K->74241K(163840K), 0.0032180 secs] [Times: user=0.02 sys=0.00, real=0.00 secs] 
201.309: Total time for which application threads were stopped: 0.0033850 seconds, Stopping threads took: 0.0000810 seconds
201.402: Application time: 0.0931480 seconds
201.402: [GC [PSYoungGen: 50132K->6636K(50176K)] 117737K->84929K(163840K), 0.0050890 secs] [Times: user=0.03 sys=0.01, real=0.00 secs] 
201.407: Total time for which application threads were stopped: 0.0052480 seconds, Stopping threads took: 0.0000770 seconds
201.448: Application time: 0.0405770 seconds
201.448: [GC [PSYoungGen: 50149K->6636K(50176K)] 128441K->92070K(163840K), 0.0043780 secs] [Times: user=0.03 sys=0.00, real=0.01 secs] 
201.453: Total time for which application threads were stopped: 0.0045530 seconds, Stopping threads took: 0.0000890 seconds
201.469: Application time: 0.0169780 seconds
201.470: [GC [PSYoungGen: 50114K->6652K(50176K)] 135548K->94936K(163840K), 0.0032410 secs] [Times: user=0.02 sys=0.00, real=0.01 secs] 
201.473: Total time for which application threads were stopped: 0.0034100 seconds, Stopping threads took: 0.0000830 seconds
201.486: Application time: 0.0126640 seconds
201.486: [GC [PSYoungGen: 50143K->6636K(50176K)] 138427K->98483K(163840K), 0.0033180 secs] [Times: user=0.02 sys=0.00, real=0.00 secs] 
201.489: Total time for which application threads were stopped: 0.0034830 seconds, Stopping threads took: 0.0000820 seconds
201.633: Application time: 0.1443130 seconds
201.633: [GC [PSYoungGen: 50131K->6636K(50176K)] 141978K->109195K(163840K), 0.0070240 secs] [Times: user=0.05 sys=0.00, real=0.00 secs] 
201.641: [Full GC [PSYoungGen: 6636K->0K(50176K)] [ParOldGen: 102558K->27694K(113664K)] 109195K->27694K(163840K) [PSPermGen: 6114K->6114K(21504K)], 0.0099570 secs] [Times: user=0.06 sys=0.00, real=0.02 secs] 
201.651: Total time for which application threads were stopped: 0.0171940 seconds, Stopping threads took: 0.0000700 seconds
201.750: Application time: 0.0995580 seconds
201.750: [GC [PSYoungGen: 42808K->6508K(50176K)] 70503K->44178K(163840K), 0.0050930 secs] [Times: user=0.04 sys=0.00, real=0.00 secs] 
201.755: Total time for which application threads were stopped: 0.0052610 seconds, Stopping threads took: 0.0000800 seconds
201.771: Application time: 0.0161010 seconds
201.772: [GC [PSYoungGen: 49994K->6572K(50176K)] 87664K->46380K(163840K), 0.0028850 secs] [Times: user=0.02 sys=0.00, real=0.00 secs] 
201.775: Total time for which application threads were stopped: 0.0030740 seconds, Stopping threads took: 0.0001060 seconds
201.791: Application time: 0.0166480 seconds
201.791: [GC [PSYoungGen: 50053K->6540K(50176K)] 89861K->47773K(163840K), 0.0027790 secs] [Times: user=0.02 sys=0.00, real=0.00 secs] 
201.794: Total time for which application threads were stopped: 0.0029620 seconds, Stopping threads took: 0.0000980 seconds
201.878: Application time: 0.0833600 seconds
201.878: [GC [PSYoungGen: 50032K->6508K(50176K)] 91265K->58429K(163840K), 0.0050780 secs] [Times: user=0.04 sys=0.00, real=0.01 secs] 
201.883: Total time for which application threads were stopped: 0.0052260 seconds, Stopping threads took: 0.0000640 seconds
202.071: Application time: 0.1880950 seconds
202.071: [GC [PSYoungGen: 49988K->6572K(50176K)] 101908K->67755K(163840K), 0.0047750 secs] [Times: user=0.03 sys=0.00, real=0.00 secs] 
202.076: Total time for which application threads were stopped: 0.0049250 seconds, Stopping threads took: 0.0000640 seconds
202.261: Application time: 0.1854180 seconds
202.261: [GC [PSYoungGen: 50066K->6540K(50176K)] 111250K->77698K(163840K), 0.0048610 secs] [Times: user=0.03 sys=0.00, real=0.01 secs] 
202.266: Total time for which application threads were stopped: 0.0050170 seconds, Stopping threads took: 0.0000650 seconds
202.433: Application time: 0.1666000 seconds
202.433: [GC [PSYoungGen: 50037K->6636K(50176K)] 121195K->89211K(163840K), 0.0053040 secs] [Times: user=0.03 sys=0.01, real=0.00 secs] 
202.438: Total time for which application threads were stopped: 0.0054700 seconds, Stopping threads took: 0.0000840 seconds
202.624: Application time: 0.1857940 seconds
202.624: [GC [PSYoungGen: 50133K->6636K(50176K)] 132708K->99226K(163840K), 0.0048590 secs] [Times: user=0.04 sys=0.00, real=0.00 secs] 
202.629: Total time for which application threads were stopped: 0.0050160 seconds, Stopping threads took: 0.0000730 seconds
202.792: Application time: 0.1625490 seconds
202.792: [GC [PSYoungGen: 50134K->6636K(50176K)] 142724K->110627K(163840K), 0.0053070 secs] [Times: user=0.03 sys=0.00, real=0.00 secs] 
202.797: [Full GC [PSYoungGen: 6636K->0K(50176K)] [ParOldGen: 103990K->28407K(113664K)] 110627K->28407K(163840K) [PSPermGen: 6114K->6114K(21504K)], 0.0102570 secs] [Times: user=0.06 sys=0.00, real=0.01 secs] 
202.807: Total time for which application threads were stopped: 0.0157820 seconds, Stopping threads took: 0.0000690 seconds
202.966: Application time: 0.1582790 seconds
202.966: [GC [PSYoungGen: 43481K->6412K(50176K)] 71888K->44795K(163840K), 0.0049680 secs] [Times: user=0.03 sys=0.00, real=0.01 secs] 
202.971: Total time for which application threads were stopped: 0.0051260 seconds, Stopping threads took: 0.0000740 seconds
203.138: Application time: 0.1676130 seconds
203.139: [GC [PSYoungGen: 49894K->6412K(50176K)] 88277K->54771K(163840K), 0.0049200 secs] [Times: user=0.04 sys=0.00, real=0.01 secs] 
203.144: Total time for which application threads were stopped: 0.0050690 seconds, Stopping threads took: 0.0000630 seconds
203.299: Application time: 0.1551220 seconds
203.299: [GC [PSYoungGen: 49921K->6540K(50176K)] 98279K->65588K(163840K), 0.0050290 secs] [Times: user=0.03 sys=0.00, real=0.01 secs] 
203.304: Total time for which application threads were stopped: 0.0051870 seconds, Stopping threads took: 0.0000610 seconds
203.443: Application time: 0.1388420 seconds
203.443: [GC [PSYoungGen: 50040K->6573K(50176K)] 109087K->77021K(163840K), 0.0053410 secs] [Times: user=0.04 sys=0.00, real=0.00 secs] 
203.448: Total time for which application threads were stopped: 0.0054980 seconds, Stopping threads took: 0.0000730 seconds
203.589: Application time: 0.1408420 seconds
203.589: [GC [PSYoungGen: 50072K->6637K(50176K)] 120520K->87773K(163840K), 0.0052160 secs] [Times: user=0.03 sys=0.00, real=0.01 secs] 
203.594: Total time for which application threads were stopped: 0.0053660 seconds, Stopping threads took: 0.0000610 seconds
203.752: Application time: 0.1571380 seconds
203.752: [GC [PSYoungGen: 50128K->6637K(50176K)] 131264K->97757K(163840K), 0.0049160 secs] [Times: user=0.04 sys=0.00, real=0.00 secs] 
203.757: Total time for which application threads were stopped: 0.0050890 seconds, Stopping threads took: 0.0000880 seconds
203.904: Application time: 0.1472040 seconds
203.904: [GC [PSYoungGen: 50119K->6637K(50176K)] 141240K->107020K(163840K), 0.0047270 secs] [Times: user=0.03 sys=0.00, real=0.00 secs] 
203.909: [Full GC [PSYoungGen: 6637K->0K(50176K)] [ParOldGen: 100383K->27696K(113664K)] 107020K->27696K(163840K) [PSPermGen: 6114K->6114K(21504K)], 0.0099130 secs] [Times: user=0.06 sys=0.00, real=0.01 secs] 
203.919: Total time for which application threads were stopped: 0.0148480 seconds, Stopping threads took: 0.0000640 seconds
204.059: Application time: 0.1407950 seconds
204.060: [GC [PSYoungGen: 43491K->6541K(50176K)] 71187K->43500K(163840K), 0.0047110 secs] [Times: user=0.04 sys=0.00, real=0.01 secs] 
204.064: Total time for which application threads were stopped: 0.0048650 seconds, Stopping threads took: 0.0000710 seconds
204.212: Application time: 0.1478330 seconds
204.212: [GC [PSYoungGen: 50032K->6477K(50176K)] 86992K->54125K(163840K), 0.0051490 secs] [Times: user=0.03 sys=0.00, real=0.00 secs] 
204.218: Total time for which application threads were stopped: 0.0053020 seconds, Stopping threads took: 0.0000670 seconds
204.248: Application time: 0.0305470 seconds
204.248: [GC [PSYoungGen: 49990K->6541K(50176K)] 97638K->59889K(163840K), 0.0039160 secs] [Times: user=0.03 sys=0.00, real=0.01 secs] 
204.252: Total time for which application threads were stopped: 0.0041000 seconds, Stopping threads took: 0.0000990 seconds
204.269: Application time: 0.0172230 seconds
204.270: [GC [PSYoungGen: 50016K->6541K(50176K)] 103365K->59889K(163840K), 0.0024120 secs] [Times: user=0.02 sys=0.00, real=0.01 secs] 
204.272: Total time for which application threads were stopped: 0.0025780 seconds, Stopping threads took: 0.0000810 seconds
204.284: Application time: 0.0121070 seconds
204.284: [GC [PSYoungGen: 50034K->6605K(50176K)] 103382K->66366K(163840K), 0.0041600 secs] [Times: user=0.03 sys=0.00, real=0.00 secs] 
204.288: Total time for which application threads were stopped: 0.0043420 seconds, Stopping threads took: 0.0000930 seconds
204.373: Application time: 0.0841910 seconds
204.373: [GC [PSYoungGen: 49417K->6636K(50176K)] 109178K->77103K(163840K), 0.0052880 secs] [Times: user=0.04 sys=0.00, real=0.00 secs] 
204.378: Total time for which application threads were stopped: 0.0054550 seconds, Stopping threads took: 0.0000800 seconds
204.394: Application time: 0.0160270 seconds
204.394: [GC [PSYoungGen: 50113K->6636K(50176K)] 120579K->79240K(163840K), 0.0029830 secs] [Times: user=0.02 sys=0.00, real=0.00 secs] 
204.397: Total time for which application threads were stopped: 0.0031700 seconds, Stopping threads took: 0.0001020 seconds
204.416: Application time: 0.0192160 seconds
204.417: [GC [PSYoungGen: 50127K->6605K(50176K)] 122731K->82059K(163840K), 0.0031820 secs] [Times: user=0.02 sys=0.00, real=0.00 secs] 
204.420: Total time for which application threads were stopped: 0.0033680 seconds, Stopping threads took: 0.0000950 seconds
204.442: Application time: 0.0219120 seconds
204.442: [GC [PSYoungGen: 50092K->6637K(50176K)] 125546K->86374K(163840K), 0.0034610 secs] [Times: user=0.02 sys=0.00, real=0.01 secs] 
204.445: Total time for which application threads were stopped: 0.0036160 seconds, Stopping threads took: 0.0000700 seconds
204.557: Application time: 0.1114910 seconds
204.557: [GC [PSYoungGen: 49450K->6636K(50176K)] 129187K->96425K(163840K), 0.0050290 secs] [Times: user=0.04 sys=0.00, real=0.01 secs] 
204.562: Total time for which application threads were stopped: 0.0052010 seconds, Stopping threads took: 0.0000860 seconds
204.578: Application time: 0.0160450 seconds
204.578: [GC [PSYoungGen: 50120K->6636K(50176K)] 139910K->97146K(163840K), 0.0022700 secs] [Times: user=0.01 sys=0.00, real=0.00 secs] 
204.581: Total time for which application threads were stopped: 0.0025060 seconds, Stopping threads took: 0.0001570 seconds
204.596: Application time: 0.0155690 seconds
204.597: [GC [PSYoungGen: 50147K->5956K(50176K)] 140656K->100741K(163840K), 0.0033840 secs] [Times: user=0.03 sys=0.00, real=0.00 secs] 
204.600: Total time for which application threads were stopped: 0.0042520 seconds, Stopping threads took: 0.0007840 seconds
204.611: Application time: 0.0103080 seconds
204.611: [GC [PSYoungGen: 49438K->5988K(50176K)] 144223K->102198K(163840K), 0.0024430 secs] [Times: user=0.02 sys=0.00, real=0.00 secs] 
204.614: Total time for which application threads were stopped: 0.0031800 seconds, Stopping threads took: 0.0006460 seconds
204.624: Application time: 0.0103550 seconds
204.624: [GC [PSYoungGen: 49475K->5956K(50176K)] 145685K->106441K(163840K), 0.0033820 secs] [Times: user=0.02 sys=0.00, real=0.00 secs] 
204.628: [Full GC [PSYoungGen: 5956K->0K(50176K)] [ParOldGen: 100485K->26983K(113664K)] 106441K->26983K(163840K) [PSPermGen: 6114K->6114K(21504K)], 0.0100100 secs] [Times: user=0.05 sys=0.00, real=0.01 secs] 
204.638: Total time for which application threads were stopped: 0.0136380 seconds, Stopping threads took: 0.0001070 seconds
204.662: Application time: 0.0236480 seconds
204.662: [GC [PSYoungGen: 43488K->2265K(50176K)] 70471K->29249K(163840K), 0.0010050 secs] [Times: user=0.01 sys=0.00, real=0.01 secs] 
204.663: Total time for which application threads were stopped: 0.0011660 seconds, Stopping threads took: 0.0000950 seconds
204.724: Application time: 0.0607590 seconds
204.724: [GC [PSYoungGen: 45757K->6476K(50176K)] 72740K->42010K(163840K), 0.0045080 secs] [Times: user=0.04 sys=0.00, real=0.00 secs] 
204.728: Total time for which application threads were stopped: 0.0046610 seconds, Stopping threads took: 0.0000700 seconds
204.900: Application time: 0.1715310 seconds
204.900: [GC [PSYoungGen: 49957K->6508K(50176K)] 85491K->51305K(163840K), 0.0046830 secs] [Times: user=0.03 sys=0.00, real=0.01 secs] 
204.905: Total time for which application threads were stopped: 0.0048370 seconds, Stopping threads took: 0.0000680 seconds
205.075: Application time: 0.1706680 seconds
205.075: [GC [PSYoungGen: 49942K->6524K(50176K)] 94739K->58446K(163840K), 0.0040630 secs] [Times: user=0.04 sys=0.00, real=0.00 secs] 
205.079: Total time for which application threads were stopped: 0.0042550 seconds, Stopping threads took: 0.0000980 seconds
205.099: Application time: 0.0191480 seconds
205.099: [GC [PSYoungGen: 49376K->6540K(50176K)] 101298K->67725K(163840K), 0.0048520 secs] [Times: user=0.04 sys=0.00, real=0.01 secs] 
205.104: Total time for which application threads were stopped: 0.0050300 seconds, Stopping threads took: 0.0000920 seconds
205.121: Application time: 0.0172480 seconds
205.121: [GC [PSYoungGen: 50016K->6636K(50176K)] 111201K->67821K(163840K), 0.0024310 secs] [Times: user=0.02 sys=0.00, real=0.01 secs] 
205.124: Total time for which application threads were stopped: 0.0026100 seconds, Stopping threads took: 0.0000990 seconds
205.136: Application time: 0.0128870 seconds
205.137: [GC [PSYoungGen: 50117K->6636K(50176K)] 111302K->68534K(163840K), 0.0026350 secs] [Times: user=0.02 sys=0.00, real=0.00 secs] 
205.139: Total time for which application threads were stopped: 0.0028120 seconds, Stopping threads took: 0.0000940 seconds
205.216: Application time: 0.0762770 seconds
205.216: [GC [PSYoungGen: 49447K->6556K(50176K)] 111345K->79142K(163840K), 0.0052380 secs] [Times: user=0.04 sys=0.00, real=0.00 secs] 
205.221: Total time for which application threads were stopped: 0.0054100 seconds, Stopping threads took: 0.0000830 seconds
205.237: Application time: 0.0155910 seconds
205.237: [GC [PSYoungGen: 50042K->6604K(50176K)] 122628K->81327K(163840K), 0.0029930 secs] [Times: user=0.03 sys=0.00, real=0.00 secs] 
205.240: Total time for which application threads were stopped: 0.0031500 seconds, Stopping threads took: 0.0000740 seconds
205.256: Application time: 0.0160810 seconds
205.256: [GC [PSYoungGen: 50087K->6636K(50176K)] 124810K->83497K(163840K), 0.0029680 secs] [Times: user=0.02 sys=0.00, real=0.00 secs] 
205.259: Total time for which application threads were stopped: 0.0031390 seconds, Stopping threads took: 0.0000860 seconds
205.350: Application time: 0.0907100 seconds
205.350: [GC [PSYoungGen: 50136K->6604K(50176K)] 126997K->94865K(163840K), 0.0052500 secs] [Times: user=0.03 sys=0.00, real=0.01 secs] 
205.355: Total time for which application threads were stopped: 0.0054060 seconds, Stopping threads took: 0.0000720 seconds
205.407: Application time: 0.0522210 seconds
205.407: [GC [PSYoungGen: 49414K->6652K(50176K)] 137675K->104176K(163840K), 0.0050090 secs] [Times: user=0.03 sys=0.00, real=0.01 secs] 
205.412: [Full GC [PSYoungGen: 6652K->0K(50176K)] [ParOldGen: 97523K->26982K(113664K)] 104176K->26982K(163840K) [PSPermGen: 6114K->6114K(21504K)], 0.0099620 secs] [Times: user=0.06 sys=0.00, real=0.01 secs] 
205.422: Total time for which application threads were stopped: 0.0151850 seconds, Stopping threads took: 0.0000770 seconds
205.438: Application time: 0.0152100 seconds
205.438: [GC [PSYoungGen: 43478K->6572K(50176K)] 70461K->33555K(163840K), 0.0022540 secs] [Times: user=0.01 sys=0.00, real=0.00 secs] 
205.440: Total time for which application threads were stopped: 0.0024210 seconds, Stopping threads took: 0.0000800 seconds
205.454: Application time: 0.0143990 seconds
205.455: [GC [PSYoungGen: 50057K->6508K(50176K)] 77040K->37054K(163840K), 0.0032140 secs] [Times: user=0.02 sys=0.00, real=0.00 secs] 
205.458: Total time for which application threads were stopped: 0.0033870 seconds, Stopping threads took: 0.0000830 seconds
205.577: Application time: 0.1193890 seconds
205.577: [GC [PSYoungGen: 50009K->6604K(50176K)] 80555K->47125K(163840K), 0.0048890 secs] [Times: user=0.03 sys=0.00, real=0.01 secs] 
205.582: Total time for which application threads were stopped: 0.0050550 seconds, Stopping threads took: 0.0000700 seconds
205.636: Application time: 0.0538270 seconds
205.636: [GC [PSYoungGen: 50121K->6604K(50176K)] 90641K->55675K(163840K), 0.0064630 secs] [Times: user=0.05 sys=0.00, real=0.01 secs] 
205.643: Total time for which application threads were stopped: 0.0066670 seconds, Stopping threads took: 0.0001190 seconds
205.658: Application time: 0.0153930 seconds
205.658: [GC [PSYoungGen: 50083K->6636K(50176K)] 99154K->57845K(163840K), 0.0029330 secs] [Times: user=0.02 sys=0.00, real=0.00 secs] 
205.661: Total time for which application threads were stopped: 0.0031070 seconds, Stopping threads took: 0.0000900 seconds
205.675: Application time: 0.0137990 seconds
205.675: [GC [PSYoungGen: 50119K->6572K(50176K)] 101328K->59206K(163840K), 0.0027460 secs] [Times: user=0.01 sys=0.01, real=0.00 secs] 
205.678: Total time for which application threads were stopped: 0.0029330 seconds, Stopping threads took: 0.0000810 seconds
205.808: Application time: 0.1301330 seconds
205.808: [GC [PSYoungGen: 50061K->6636K(50176K)] 102695K->69958K(163840K), 0.0051330 secs] [Times: user=0.04 sys=0.00, real=0.01 secs] 
205.813: Total time for which application threads were stopped: 0.0052950 seconds, Stopping threads took: 0.0000810 seconds
206.022: Application time: 0.2090000 seconds
206.023: [GC [PSYoungGen: 50116K->6636K(50176K)] 113437K->79220K(163840K), 0.0046910 secs] [Times: user=0.04 sys=0.00, real=0.00 secs] 
206.027: Total time for which application threads were stopped: 0.0048420 seconds, Stopping threads took: 0.0000670 seconds
206.203: Application time: 0.1760330 seconds
206.203: [GC [PSYoungGen: 50130K->6636K(50176K)] 122715K->89203K(163840K), 0.0049280 secs] [Times: user=0.03 sys=0.00, real=0.00 secs] 
206.208: Total time for which application threads were stopped: 0.0051070 seconds, Stopping threads took: 0.0000850 seconds
206.412: Application time: 0.2035890 seconds
206.412: [GC [PSYoungGen: 50139K->5988K(50176K)] 132707K->99243K(163840K), 0.0048680 secs] [Times: user=0.04 sys=0.00, real=0.00 secs] 
206.417: Total time for which application threads were stopped: 0.0050160 seconds, Stopping threads took: 0.0000650 seconds
206.574: Application time: 0.1571190 seconds
206.574: [GC [PSYoungGen: 49483K->5988K(50176K)] 142738K->109218K(163840K), 0.0047700 secs] [Times: user=0.03 sys=0.00, real=0.00 secs] 
206.579: [Full GC [PSYoungGen: 5988K->0K(50176K)] [ParOldGen: 103230K->26982K(113664K)] 109218K->26982K(163840K) [PSPermGen: 6114K->6114K(21504K)], 0.0098500 secs] [Times: user=0.05 sys=0.00, real=0.01 secs] 
206.589: Total time for which application threads were stopped: 0.0148230 seconds, Stopping threads took: 0.0000700 seconds
206.752: Application time: 0.1630450 seconds
206.752: [GC [PSYoungGen: 43489K->6476K(50176K)] 70472K->43435K(163840K), 0.0049350 secs] [Times: user=0.03 sys=0.00, real=0.00 secs] 
206.757: Total time for which application threads were stopped: 0.0050960 seconds, Stopping threads took: 0.0000580 seconds
206.915: Application time: 0.1577830 seconds
206.915: [GC [PSYoungGen: 49958K->6476K(50176K)] 86916K->53410K(163840K), 0.0049440 secs] [Times: user=0.03 sys=0.00, real=0.00 secs] 
206.920: Total time for which application threads were stopped: 0.0050980 seconds, Stopping threads took: 0.0000710 seconds
207.079: Application time: 0.1588540 seconds
207.079: [GC [PSYoungGen: 49976K->6540K(50176K)] 96910K->63450K(163840K), 0.0048880 secs] [Times: user=0.04 sys=0.00, real=0.01 secs] 
207.084: Total time for which application threads were stopped: 0.0050440 seconds, Stopping threads took: 0.0000710 seconds
207.231: Application time: 0.1475080 seconds
207.232: [GC [PSYoungGen: 50040K->6637K(50176K)] 106949K->73522K(163840K), 0.0049300 secs] [Times: user=0.04 sys=0.00, real=0.00 secs] 
207.237: Total time for which application threads were stopped: 0.0050760 seconds, Stopping threads took: 0.0000660 seconds
207.390: Application time: 0.1532450 seconds
207.390: [GC [PSYoungGen: 50127K->6637K(50176K)] 117013K->82785K(163840K), 0.0047340 secs] [Times: user=0.04 sys=0.00, real=0.01 secs] 
207.395: Total time for which application threads were stopped: 0.0048890 seconds, Stopping threads took: 0.0000580 seconds
207.550: Application time: 0.1553270 seconds
207.550: [GC [PSYoungGen: 50136K->6637K(50176K)] 126285K->94194K(163840K), 0.0052770 secs] [Times: user=0.04 sys=0.00, real=0.00 secs] 
207.555: Total time for which application threads were stopped: 0.0054200 seconds, Stopping threads took: 0.0000590 seconds
207.694: Application time: 0.1383400 seconds
207.694: [GC [PSYoungGen: 50128K->6637K(50176K)] 137686K->104178K(163840K), 0.0049790 secs] [Times: user=0.03 sys=0.00, real=0.00 secs] 
207.699: [Full GC [PSYoungGen: 6637K->0K(50176K)] [ParOldGen: 97541K->27696K(113664K)] 104178K->27696K(163840K) [PSPermGen: 6114K->6114K(21504K)], 0.0101480 secs] [Times: user=0.06 sys=0.00, real=0.01 secs] 
207.709: Total time for which application threads were stopped: 0.0153480 seconds, Stopping threads took: 0.0000850 seconds
207.851: Application time: 0.1418750 seconds
207.851: [GC [PSYoungGen: 43482K->6445K(50176K)] 71179K->43405K(163840K), 0.0047170 secs] [Times: user=0.04 sys=0.00, real=0.00 secs] 
207.856: Total time for which application threads were stopped: 0.0048640 seconds, Stopping threads took: 0.0000620 seconds
208.004: Application time: 0.1483600 seconds
208.004: [GC [PSYoungGen: 49936K->6541K(50176K)] 86896K->53477K(163840K), 0.0049100 secs] [Times: user=0.03 sys=0.00, real=0.00 secs] 
208.009: Total time for which application threads were stopped: 0.0050630 seconds, Stopping threads took: 0.0000580 seconds
208.112: Application time: 0.1027200 seconds
208.112: [GC [PSYoungGen: 50057K->6637K(50176K)] 96993K->64261K(163840K), 0.0053120 secs] [Times: user=0.04 sys=0.00, real=0.00 secs] 
208.117: Total time for which application threads were stopped: 0.0054790 seconds, Stopping threads took: 0.0000810 seconds
208.135: Application time: 0.0170490 seconds
208.135: [GC [PSYoungGen: 50120K->6605K(50176K)] 107745K->65654K(163840K), 0.0026790 secs] [Times: user=0.02 sys=0.00, real=0.00 secs] 
208.137: Total time for which application threads were stopped: 0.0028350 seconds, Stopping threads took: 0.0000770 seconds
208.153: Application time: 0.0152840 seconds
208.153: [GC [PSYoungGen: 50100K->6637K(50176K)] 109150K->71387K(163840K), 0.0039420 secs] [Times: user=0.03 sys=0.00, real=0.00 secs] 
208.157: Total time for which application threads were stopped: 0.0041240 seconds, Stopping threads took: 0.0000990 seconds
208.213: Application time: 0.0561570 seconds
208.213: [GC [PSYoungGen: 50124K->6541K(50176K)] 114874K->74854K(163840K), 0.0031990 secs] [Times: user=0.03 sys=0.00, real=0.00 secs] 
208.216: Total time for which application threads were stopped: 0.0033530 seconds, Stopping threads took: 0.0000680 seconds
208.257: Application time: 0.0412220 seconds
208.258: [GC [PSYoungGen: 49350K->6637K(50176K)] 117663K->84221K(163840K), 0.0049040 secs] [Times: user=0.03 sys=0.00, real=0.01 secs] 
208.263: Total time for which application threads were stopped: 0.0050850 seconds, Stopping threads took: 0.0000910 seconds
208.279: Application time: 0.0163810 seconds
208.279: [GC [PSYoungGen: 50119K->6637K(50176K)] 127704K->84221K(163840K), 0.0024610 secs] [Times: user=0.02 sys=0.00, real=0.00 secs] 
208.282: Total time for which application threads were stopped: 0.0026210 seconds, Stopping threads took: 0.0000760 seconds
208.295: Application time: 0.0134420 seconds
208.295: [GC [PSYoungGen: 50122K->6605K(50176K)] 127706K->87752K(163840K), 0.0033970 secs] [Times: user=0.02 sys=0.00, real=0.00 secs] 
208.299: Total time for which application threads were stopped: 0.0035670 seconds, Stopping threads took: 0.0000860 seconds
208.397: Application time: 0.0981690 seconds
208.397: [GC [PSYoungGen: 50095K->6636K(50176K)] 131242K->97768K(163840K), 0.0049150 secs] [Times: user=0.04 sys=0.00, real=0.00 secs] 
208.402: Total time for which application threads were stopped: 0.0050750 seconds, Stopping threads took: 0.0000760 seconds
208.469: Application time: 0.0670500 seconds
208.469: [GC [PSYoungGen: 49446K->6652K(50176K)] 140577K->106350K(163840K), 0.0047080 secs] [Times: user=0.03 sys=0.00, real=0.01 secs] 
208.474: [Full GC [PSYoungGen: 6652K->0K(50176K)] [ParOldGen: 99697K->27696K(113664K)] 106350K->27696K(163840K) [PSPermGen: 6114K->6114K(21504K)], 0.0100270 secs] [Times: user=0.06 sys=0.00, real=0.01 secs] 
208.484: Total time for which application threads were stopped: 0.0149770 seconds, Stopping threads took: 0.0001000 seconds
208.498: Application time: 0.0142760 seconds
208.498: [GC [PSYoungGen: 43311K->3754K(50176K)] 71008K->31451K(163840K), 0.0014630 secs] [Times: user=0.01 sys=0.00, real=0.00 secs] 
208.500: Total time for which application threads were stopped: 0.0016090 seconds, Stopping threads took: 0.0000740 seconds
208.513: Application time: 0.0131370 seconds
208.513: [GC [PSYoungGen: 46731K->6605K(50176K)] 74427K->36439K(163840K), 0.0028980 secs] [Times: user=0.02 sys=0.00, real=0.00 secs] 
208.516: Total time for which application threads were stopped: 0.0030810 seconds, Stopping threads took: 0.0000830 seconds
208.526: Application time: 0.0104810 seconds
208.527: [GC [PSYoungGen: 50079K->3754K(50176K)] 79914K->33589K(163840K), 0.0014290 secs] [Times: user=0.01 sys=0.00, real=0.00 secs] 
208.528: Total time for which application threads were stopped: 0.0015750 seconds, Stopping threads took: 0.0000740 seconds
208.542: Application time: 0.0140250 seconds
208.542: [GC [PSYoungGen: 47249K->6573K(50176K)] 77084K->41395K(163840K), 0.0037140 secs] [Times: user=0.03 sys=0.00, real=0.00 secs] 
208.546: Total time for which application threads were stopped: 0.0038790 seconds, Stopping threads took: 0.0000770 seconds
208.561: Application time: 0.0154680 seconds
208.562: [GC [PSYoungGen: 50057K->6541K(50176K)] 84880K->45638K(163840K), 0.0035900 secs] [Times: user=0.03 sys=0.00, real=0.01 secs] 
208.565: Total time for which application threads were stopped: 0.0037620 seconds, Stopping threads took: 0.0000880 seconds
208.659: Application time: 0.0937080 seconds
208.659: [GC [PSYoungGen: 50033K->6476K(50176K)] 89130K->56262K(163840K), 0.0049890 secs] [Times: user=0.04 sys=0.00, real=0.01 secs] 
208.664: Total time for which application threads were stopped: 0.0051320 seconds, Stopping threads took: 0.0000620 seconds
208.831: Application time: 0.1667860 seconds
208.831: [GC [PSYoungGen: 49957K->6540K(50176K)] 99743K->65589K(163840K), 0.0047380 secs] [Times: user=0.04 sys=0.00, real=0.00 secs] 
208.836: Total time for which application threads were stopped: 0.0048880 seconds, Stopping threads took: 0.0000650 seconds
208.924: Application time: 0.0886770 seconds
208.925: [GC [PSYoungGen: 50055K->6572K(50176K)] 109104K->75596K(163840K), 0.0051020 secs] [Times: user=0.04 sys=0.00, real=0.00 secs] 
208.930: Total time for which application threads were stopped: 0.0052890 seconds, Stopping threads took: 0.0001010 seconds
208.945: Application time: 0.0148270 seconds
208.945: [GC [PSYoungGen: 50061K->6604K(50176K)] 119084K->80616K(163840K), 0.0038010 secs] [Times: user=0.02 sys=0.00, real=0.00 secs] 
208.948: Total time for which application threads were stopped: 0.0039700 seconds, Stopping threads took: 0.0000850 seconds
208.965: Application time: 0.0161960 seconds
208.965: [GC [PSYoungGen: 50087K->6573K(50176K)] 124099K->82009K(163840K), 0.0027770 secs] [Times: user=0.02 sys=0.00, real=0.00 secs] 
208.968: Total time for which application threads were stopped: 0.0029670 seconds, Stopping threads took: 0.0001050 seconds
209.045: Application time: 0.0777380 seconds
209.045: [GC [PSYoungGen: 50071K->6636K(50176K)] 125508K->92048K(163840K), 0.0049060 secs] [Times: user=0.04 sys=0.01, real=0.01 secs] 
209.050: Total time for which application threads were stopped: 0.0050620 seconds, Stopping threads took: 0.0000620 seconds
209.227: Application time: 0.1766830 seconds
209.227: [GC [PSYoungGen: 50116K->6604K(50176K)] 135528K->102704K(163840K), 0.0051250 secs] [Times: user=0.04 sys=0.00, real=0.01 secs] 
209.232: Total time for which application threads were stopped: 0.0052880 seconds, Stopping threads took: 0.0000770 seconds
209.271: Application time: 0.0383840 seconds
209.271: [GC [PSYoungGen: 50123K->6636K(50176K)] 146223K->110626K(163840K), 0.0045940 secs] [Times: user=0.04 sys=0.00, real=0.00 secs] 
209.276: [Full GC [PSYoungGen: 6636K->0K(50176K)] [ParOldGen: 103989K->28408K(113664K)] 110626K->28408K(163840K) [PSPermGen: 6114K->6114K(21504K)], 0.0102920 secs] [Times: user=0.05 sys=0.00, real=0.01 secs] 
209.286: Total time for which application threads were stopped: 0.0151150 seconds, Stopping threads took: 0.0000920 seconds
209.304: Application time: 0.0175810 seconds
209.304: [GC [PSYoungGen: 43477K->3754K(50176K)] 71885K->32163K(163840K), 0.0014500 secs] [Times: user=0.01 sys=0.00, real=0.00 secs] 
209.305: Total time for which application threads were stopped: 0.0015890 seconds, Stopping threads took: 0.0000650 seconds
209.318: Application time: 0.0125520 seconds
209.318: [GC [PSYoungGen: 47237K->6540K(50176K)] 75645K->34949K(163840K), 0.0023190 secs] [Times: user=0.01 sys=0.00, real=0.00 secs] 
209.320: Total time for which application threads were stopped: 0.0024870 seconds, Stopping threads took: 0.0000850 seconds
209.360: Application time: 0.0396620 seconds
209.360: [GC [PSYoungGen: 50060K->6572K(50176K)] 78468K->45668K(163840K), 0.0053110 secs] [Times: user=0.04 sys=0.00, real=0.01 secs] 
209.365: Total time for which application threads were stopped: 0.0054860 seconds, Stopping threads took: 0.0000870 seconds
209.382: Application time: 0.0163780 seconds
209.382: [GC [PSYoungGen: 50057K->6572K(50176K)] 89153K->48518K(163840K), 0.0031750 secs] [Times: user=0.02 sys=0.00, real=0.01 secs] 
209.385: Total time for which application threads were stopped: 0.0033510 seconds, Stopping threads took: 0.0000910 seconds
209.399: Application time: 0.0143850 seconds
209.400: [GC [PSYoungGen: 50063K->6604K(50176K)] 92010K->52826K(163840K), 0.0035970 secs] [Times: user=0.02 sys=0.00, real=0.01 secs] 
209.403: Total time for which application threads were stopped: 0.0037690 seconds, Stopping threads took: 0.0000880 seconds
209.477: Application time: 0.0734430 seconds
209.477: [GC [PSYoungGen: 49415K->6636K(50176K)] 95637K->62841K(163840K), 0.0050560 secs] [Times: user=0.04 sys=0.00, real=0.00 secs] 
209.482: Total time for which application threads were stopped: 0.0052170 seconds, Stopping threads took: 0.0000780 seconds
209.498: Application time: 0.0159320 seconds
209.498: [GC [PSYoungGen: 50120K->6620K(50176K)] 106325K->67100K(163840K), 0.0035800 secs] [Times: user=0.03 sys=0.00, real=0.00 secs] 
209.502: Total time for which application threads were stopped: 0.0037590 seconds, Stopping threads took: 0.0000940 seconds
209.521: Application time: 0.0193050 seconds
209.521: [GC [PSYoungGen: 50109K->6605K(50176K)] 110589K->69222K(163840K), 0.0028530 secs] [Times: user=0.02 sys=0.00, real=0.01 secs] 
209.524: Total time for which application threads were stopped: 0.0030340 seconds, Stopping threads took: 0.0000910 seconds
209.559: Application time: 0.0353350 seconds
209.559: [GC [PSYoungGen: 50093K->6636K(50176K)] 112710K->75666K(163840K), 0.0039760 secs] [Times: user=0.03 sys=0.00, real=0.01 secs] 
209.563: Total time for which application threads were stopped: 0.0041620 seconds, Stopping threads took: 0.0000920 seconds
209.757: Application time: 0.1931420 seconds
209.757: [GC [PSYoungGen: 50116K->6636K(50176K)] 119146K->84929K(163840K), 0.0047300 secs] [Times: user=0.03 sys=0.00, real=0.00 secs] 
209.761: Total time for which application threads were stopped: 0.0048750 seconds, Stopping threads took: 0.0000600 seconds
209.958: Application time: 0.1966500 seconds
209.958: [GC [PSYoungGen: 50124K->6636K(50176K)] 128417K->94920K(163840K), 0.0048690 secs] [Times: user=0.04 sys=0.00, real=0.01 secs] 
209.963: Total time for which application threads were stopped: 0.0050200 seconds, Stopping threads took: 0.0000680 seconds
210.119: Application time: 0.1562030 seconds
210.119: [GC [PSYoungGen: 50125K->6636K(50176K)] 138409K->104239K(163840K), 0.0047670 secs] [Times: user=0.04 sys=0.00, real=0.01 secs] 
210.124: Total time for which application threads were stopped: 0.0049800 seconds, Stopping threads took: 0.0001220 seconds
210.316: Application time: 0.1913130 seconds
210.316: [GC [PSYoungGen: 50139K->6636K(50176K)] 147742K->114222K(163840K), 0.0050130 secs] [Times: user=0.03 sys=0.00, real=0.00 secs] 
210.321: [Full GC [PSYoungGen: 6636K->0K(50176K)] [ParOldGen: 107586K->26983K(113664K)] 114222K->26983K(163840K) [PSPermGen: 6114K->6114K(21504K)], 0.0099300 secs] [Times: user=0.05 sys=0.00, real=0.02 secs] 
210.331: Total time for which application threads were stopped: 0.0151320 seconds, Stopping threads took: 0.0000550 seconds
210.488: Application time: 0.1577870 seconds
210.489: [GC [PSYoungGen: 43497K->6540K(50176K)] 70480K->44211K(163840K), 0.0050780 secs] [Times: user=0.04 sys=0.00, real=0.01 secs] 
210.494: Total time for which application threads were stopped: 0.0052350 seconds, Stopping threads took: 0.0000720 seconds
210.657: Application time: 0.1632660 seconds
210.657: [GC [PSYoungGen: 50030K->6540K(50176K)] 87701K->53474K(163840K), 0.0045730 secs] [Times: user=0.03 sys=0.00, real=0.00 secs] 
210.662: Total time for which application threads were stopped: 0.0047460 seconds, Stopping threads took: 0.0000790 seconds
210.825: Application time: 0.1627910 seconds
210.825: [GC [PSYoungGen: 50022K->6572K(50176K)] 96956K->63482K(163840K), 0.0048460 secs] [Times: user=0.03 sys=0.00, real=0.00 secs] 
210.830: Total time for which application threads were stopped: 0.0050040 seconds, Stopping threads took: 0.0000720 seconds
210.987: Application time: 0.1577820 seconds
210.987: [GC [PSYoungGen: 50072K->6636K(50176K)] 106982K->74243K(163840K), 0.0051060 secs] [Times: user=0.04 sys=0.00, real=0.01 secs] 
210.993: Total time for which application threads were stopped: 0.0053100 seconds, Stopping threads took: 0.0001180 seconds
211.130: Application time: 0.1370810 seconds
211.130: [GC [PSYoungGen: 50127K->6637K(50176K)] 117733K->84931K(163840K), 0.0052260 secs] [Times: user=0.04 sys=0.00, real=0.01 secs] 
211.135: Total time for which application threads were stopped: 0.0053770 seconds, Stopping threads took: 0.0000710 seconds
211.290: Application time: 0.1544580 seconds
211.290: [GC [PSYoungGen: 50145K->5956K(50176K)] 128439K->95651K(163840K), 0.0051500 secs] [Times: user=0.04 sys=0.00, real=0.01 secs] 
211.295: Total time for which application threads were stopped: 0.0053280 seconds, Stopping threads took: 0.0000830 seconds
211.452: Application time: 0.1568360 seconds
211.452: [GC [PSYoungGen: 49456K->6637K(50176K)] 139151K->106316K(163840K), 0.0048880 secs] [Times: user=0.03 sys=0.00, real=0.00 secs] 
211.457: [Full GC [PSYoungGen: 6637K->0K(50176K)] [ParOldGen: 99679K->26984K(113664K)] 106316K->26984K(163840K) [PSPermGen: 6114K->6114K(21504K)], 0.0098140 secs] [Times: user=0.05 sys=0.00, real=0.01 secs] 
211.467: Total time for which application threads were stopped: 0.0149120 seconds, Stopping threads took: 0.0000640 seconds
211.601: Application time: 0.1346440 seconds
211.601: [GC [PSYoungGen: 43482K->6445K(50176K)] 70467K->42693K(163840K), 0.0046410 secs] [Times: user=0.03 sys=0.00, real=0.01 secs] 
211.606: Total time for which application threads were stopped: 0.0047910 seconds, Stopping threads took: 0.0000640 seconds
211.751: Application time: 0.1450190 seconds
211.751: [GC [PSYoungGen: 49936K->6541K(50176K)] 86184K->52052K(163840K), 0.0047440 secs] [Times: user=0.03 sys=0.00, real=0.00 secs] 
211.756: Total time for which application threads were stopped: 0.0049040 seconds, Stopping threads took: 0.0000720 seconds
211.853: Application time: 0.0970160 seconds
211.853: [GC [PSYoungGen: 50057K->6509K(50176K)] 95568K->61996K(163840K), 0.0050860 secs] [Times: user=0.04 sys=0.01, real=0.00 secs] 
211.858: Total time for which application threads were stopped: 0.0052700 seconds, Stopping threads took: 0.0000870 seconds
211.874: Application time: 0.0153290 seconds
211.874: [GC [PSYoungGen: 49995K->6573K(50176K)] 105482K->64910K(163840K), 0.0030710 secs] [Times: user=0.02 sys=0.00, real=0.00 secs] 
211.877: Total time for which application threads were stopped: 0.0032350 seconds, Stopping threads took: 0.0000820 seconds
211.893: Application time: 0.0159430 seconds
211.893: [GC [PSYoungGen: 50058K->6573K(50176K)] 108396K->69899K(163840K), 0.0037200 secs] [Times: user=0.02 sys=0.00, real=0.00 secs] 
211.897: Total time for which application threads were stopped: 0.0038840 seconds, Stopping threads took: 0.0000790 seconds
211.947: Application time: 0.0500380 seconds
211.947: [GC [PSYoungGen: 50061K->6509K(50176K)] 113387K->74822K(163840K), 0.0036390 secs] [Times: user=0.02 sys=0.00, real=0.01 secs] 
211.951: Total time for which application threads were stopped: 0.0037920 seconds, Stopping threads took: 0.0000710 seconds
212.098: Application time: 0.1479150 seconds
212.099: [GC [PSYoungGen: 50000K->6605K(50176K)] 118314K->84894K(163840K), 0.0049180 secs] [Times: user=0.03 sys=0.00, real=0.01 secs] 
212.104: Total time for which application threads were stopped: 0.0050760 seconds, Stopping threads took: 0.0000760 seconds
212.208: Application time: 0.1042200 seconds
212.208: [GC [PSYoungGen: 49416K->6636K(50176K)] 127706K->95615K(163840K), 0.0053930 secs] [Times: user=0.04 sys=0.00, real=0.01 secs] 
212.213: Total time for which application threads were stopped: 0.0055640 seconds, Stopping threads took: 0.0000820 seconds
212.228: Application time: 0.0143890 seconds
212.228: [GC [PSYoungGen: 50117K->6604K(50176K)] 139095K->99858K(163840K), 0.0035770 secs] [Times: user=0.03 sys=0.00, real=0.01 secs] 
212.231: Total time for which application threads were stopped: 0.0037540 seconds, Stopping threads took: 0.0000890 seconds
212.251: Application time: 0.0195230 seconds
212.251: [GC [PSYoungGen: 50092K->6637K(50176K)] 143346K->100603K(163840K), 0.0026110 secs] [Times: user=0.01 sys=0.00, real=0.00 secs] 
212.254: Total time for which application threads were stopped: 0.0027690 seconds, Stopping threads took: 0.0000740 seconds
212.308: Application time: 0.0542680 seconds
212.308: [GC [PSYoungGen: 50135K->6637K(50176K)] 144101K->107736K(163840K), 0.0042020 secs] [Times: user=0.03 sys=0.00, real=0.01 secs] 
212.312: [Full GC [PSYoungGen: 6637K->0K(50176K)] [ParOldGen: 101099K->31480K(113664K)] 107736K->31480K(163840K) [PSPermGen: 6114K->6114K(21504K)], 0.0090920 secs] [Times: user=0.04 sys=0.00, real=0.00 secs] 
212.322: Total time for which application threads were stopped: 0.0135070 seconds, Stopping threads took: 0.0000780 seconds
212.351: Application time: 0.0299310 seconds
212.352: [GC [PSYoungGen: 43510K->6572K(50176K)] 74990K->39478K(163840K), 0.0027380 secs] [Times: user=0.02 sys=0.00, real=0.00 secs] 
212.354: Total time for which application threads were stopped: 0.0029020 seconds, Stopping threads took: 0.0000780 seconds
212.370: Application time: 0.0155450 seconds
212.370: [GC [PSYoungGen: 50054K->6477K(50176K)] 82960K->45083K(163840K), 0.0038300 secs] [Times: user=0.03 sys=0.00, real=0.00 secs] 
212.374: Total time for which application threads were stopped: 0.0040210 seconds, Stopping threads took: 0.0000850 seconds
212.387: Application time: 0.0134660 seconds
212.388: [GC [PSYoungGen: 49958K->6476K(50176K)] 88564K->45795K(163840K), 0.0026480 secs] [Times: user=0.01 sys=0.00, real=0.01 secs] 
212.390: Total time for which application threads were stopped: 0.0028150 seconds, Stopping threads took: 0.0000820 seconds
212.490: Application time: 0.1001080 seconds
212.490: [GC [PSYoungGen: 49287K->6588K(50176K)] 88606K->57308K(163840K), 0.0054070 secs] [Times: user=0.04 sys=0.00, real=0.00 secs] 
212.496: Total time for which application threads were stopped: 0.0055590 seconds, Stopping threads took: 0.0000670 seconds
212.514: Application time: 0.0180980 seconds
212.514: [GC [PSYoungGen: 50064K->6572K(50176K)] 100783K->58717K(163840K), 0.0026220 secs] [Times: user=0.01 sys=0.00, real=0.00 secs] 
212.517: Total time for which application threads were stopped: 0.0027680 seconds, Stopping threads took: 0.0000640 seconds
212.536: Application time: 0.0188770 seconds
212.536: [GC [PSYoungGen: 50054K->6572K(50176K)] 102199K->60142K(163840K), 0.0028150 secs] [Times: user=0.02 sys=0.00, real=0.00 secs] 
212.539: Total time for which application threads were stopped: 0.0029850 seconds, Stopping threads took: 0.0000850 seconds
212.561: Application time: 0.0222140 seconds
212.561: [GC [PSYoungGen: 50068K->6604K(50176K)] 103637K->64449K(163840K), 0.0034010 secs] [Times: user=0.03 sys=0.00, real=0.01 secs] 
212.564: Total time for which application threads were stopped: 0.0035600 seconds, Stopping threads took: 0.0000750 seconds
212.737: Application time: 0.1723550 seconds
212.737: [GC [PSYoungGen: 50085K->6604K(50176K)] 107930K->74424K(163840K), 0.0049130 secs] [Times: user=0.04 sys=0.00, real=0.00 secs] 
212.742: Total time for which application threads were stopped: 0.0050850 seconds, Stopping threads took: 0.0000860 seconds
212.771: Application time: 0.0295800 seconds
212.772: [GC [PSYoungGen: 50119K->6636K(50176K)] 117939K->82294K(163840K), 0.0044010 secs] [Times: user=0.04 sys=0.00, real=0.00 secs] 
212.776: Total time for which application threads were stopped: 0.0045930 seconds, Stopping threads took: 0.0001060 seconds
212.792: Application time: 0.0162500 seconds
212.792: [GC [PSYoungGen: 50114K->6588K(50176K)] 125771K->84384K(163840K), 0.0030200 secs] [Times: user=0.02 sys=0.00, real=0.00 secs] 
212.795: Total time for which application threads were stopped: 0.0031930 seconds, Stopping threads took: 0.0000860 seconds
212.809: Application time: 0.0134910 seconds
212.809: [GC [PSYoungGen: 50069K->6604K(50176K)] 127865K->85825K(163840K), 0.0028450 secs] [Times: user=0.02 sys=0.00, real=0.01 secs] 
212.812: Total time for which application threads were stopped: 0.0030450 seconds, Stopping threads took: 0.0001130 seconds
212.956: Application time: 0.1443110 seconds
212.956: [GC [PSYoungGen: 50102K->6652K(50176K)] 129322K->96569K(163840K), 0.0051160 secs] [Times: user=0.03 sys=0.00, real=0.00 secs] 
212.962: Total time for which application threads were stopped: 0.0052660 seconds, Stopping threads took: 0.0000580 seconds
213.085: Application time: 0.1229760 seconds
213.085: [GC [PSYoungGen: 50034K->6068K(50176K)] 139950K->104534K(163840K), 0.0045550 secs] [Times: user=0.03 sys=0.00, real=0.00 secs] 
213.089: [Full GC [PSYoungGen: 6068K->0K(50176K)] [ParOldGen: 98466K->23428K(113664K)] 104534K->23428K(163840K) [PSPermGen: 6116K->6116K(21504K)], 0.0092800 secs] [Times: user=0.04 sys=0.00, real=0.01 secs] 
213.099: Total time for which application threads were stopped: 0.0140590 seconds, Stopping threads took: 0.0000930 seconds
213.113: Application time: 0.0147050 seconds
213.113: [GC [PSYoungGen: 42931K->5892K(50176K)] 66359K->29320K(163840K), 0.0020300 secs] [Times: user=0.01 sys=0.00, real=0.00 secs] 
213.116: Total time for which application threads were stopped: 0.0021890 seconds, Stopping threads took: 0.0000760 seconds
213.127: Application time: 0.0118070 seconds
213.128: [GC [PSYoungGen: 49376K->6604K(50176K)] 72804K->32170K(163840K), 0.0028840 secs] [Times: user=0.02 sys=0.00, real=0.01 secs] 
213.131: Total time for which application threads were stopped: 0.0035080 seconds, Stopping threads took: 0.0005410 seconds
213.143: Application time: 0.0119180 seconds
213.143: [GC [PSYoungGen: 50082K->6604K(50176K)] 75648K->32882K(163840K), 0.0025030 secs] [Times: user=0.01 sys=0.00, real=0.00 secs] 
213.145: Total time for which application threads were stopped: 0.0026560 seconds, Stopping threads took: 0.0000710 seconds
213.157: Application time: 0.0120110 seconds
213.158: [GC [PSYoungGen: 50089K->6572K(50176K)] 76367K->34988K(163840K), 0.0029340 secs] [Times: user=0.02 sys=0.00, real=0.00 secs] 
213.161: Total time for which application threads were stopped: 0.0031040 seconds, Stopping threads took: 0.0000880 seconds
213.173: Application time: 0.0128340 seconds
213.174: [GC [PSYoungGen: 50064K->6508K(50176K)] 78480K->40625K(163840K), 0.0038690 secs] [Times: user=0.03 sys=0.00, real=0.00 secs] 
213.177: Total time for which application threads were stopped: 0.0040460 seconds, Stopping threads took: 0.0000910 seconds
213.237: Application time: 0.0599450 seconds
213.237: [GC [PSYoungGen: 50006K->6572K(50176K)] 84122K->47814K(163840K), 0.0040600 secs] [Times: user=0.03 sys=0.00, real=0.00 secs] 
213.242: Total time for which application threads were stopped: 0.0042120 seconds, Stopping threads took: 0.0000700 seconds
213.368: Application time: 0.1260050 seconds
213.368: [GC [PSYoungGen: 49380K->6604K(50176K)] 90622K->58533K(163840K), 0.0052680 secs] [Times: user=0.04 sys=0.00, real=0.01 secs] 
213.373: Total time for which application threads were stopped: 0.0054350 seconds, Stopping threads took: 0.0000800 seconds
213.388: Application time: 0.0153100 seconds
213.388: [GC [PSYoungGen: 50084K->6636K(50176K)] 102013K->62144K(163840K), 0.0031830 secs] [Times: user=0.02 sys=0.00, real=0.01 secs] 
213.392: Total time for which application threads were stopped: 0.0033510 seconds, Stopping threads took: 0.0000810 seconds
213.411: Application time: 0.0195610 seconds
213.411: [GC [PSYoungGen: 50124K->6636K(50176K)] 105632K->63569K(163840K), 0.0027860 secs] [Times: user=0.01 sys=0.01, real=0.00 secs] 
213.414: Total time for which application threads were stopped: 0.0029830 seconds, Stopping threads took: 0.0001120 seconds
213.479: Application time: 0.0644280 seconds
213.479: [GC [PSYoungGen: 50136K->6636K(50176K)] 107069K->72840K(163840K), 0.0047130 secs] [Times: user=0.04 sys=0.00, real=0.01 secs] 
213.484: Total time for which application threads were stopped: 0.0048660 seconds, Stopping threads took: 0.0000610 seconds
213.665: Application time: 0.1814240 seconds
213.665: [GC [PSYoungGen: 50116K->6636K(50176K)] 116319K->82110K(163840K), 0.0046890 secs] [Times: user=0.03 sys=0.00, real=0.00 secs] 
213.670: Total time for which application threads were stopped: 0.0048330 seconds, Stopping threads took: 0.0000630 seconds
213.851: Application time: 0.1812280 seconds
213.851: [GC [PSYoungGen: 50133K->5988K(50176K)] 125607K->92150K(163840K), 0.0049300 secs] [Times: user=0.04 sys=0.00, real=0.00 secs] 
213.856: Total time for which application threads were stopped: 0.0050770 seconds, Stopping threads took: 0.0000620 seconds
214.050: Application time: 0.1937330 seconds
214.050: [GC [PSYoungGen: 49467K->5988K(50176K)] 135630K->102837K(163840K), 0.0049150 secs] [Times: user=0.04 sys=0.00, real=0.01 secs] 
214.055: [Full GC [PSYoungGen: 5988K->0K(50176K)] [ParOldGen: 96849K->28408K(113664K)] 102837K->28408K(163840K) [PSPermGen: 6116K->6116K(21504K)], 0.0103780 secs] [Times: user=0.05 sys=0.00, real=0.01 secs] 
214.065: Total time for which application threads were stopped: 0.0155100 seconds, Stopping threads took: 0.0000730 seconds
214.247: Application time: 0.1814340 seconds
214.247: [GC [PSYoungGen: 43505K->6540K(50176K)] 71913K->46349K(163840K), 0.0052760 secs] [Times: user=0.04 sys=0.00, real=0.01 secs] 
214.252: Total time for which application threads were stopped: 0.0054250 seconds, Stopping threads took: 0.0000620 seconds
214.413: Application time: 0.1605840 seconds
214.413: [GC [PSYoungGen: 50038K->6636K(50176K)] 89847K->57133K(163840K), 0.0050970 secs] [Times: user=0.04 sys=0.00, real=0.00 secs] 
214.418: Total time for which application threads were stopped: 0.0052540 seconds, Stopping threads took: 0.0000710 seconds
214.577: Application time: 0.1590960 seconds
214.577: [GC [PSYoungGen: 50126K->6636K(50176K)] 100623K->67117K(163840K), 0.0049270 secs] [Times: user=0.03 sys=0.00, real=0.01 secs] 
214.582: Total time for which application threads were stopped: 0.0051140 seconds, Stopping threads took: 0.0000970 seconds
214.747: Application time: 0.1643940 seconds
214.747: [GC [PSYoungGen: 50135K->6636K(50176K)] 110616K->77100K(163840K), 0.0048360 secs] [Times: user=0.03 sys=0.00, real=0.01 secs] 
214.752: Total time for which application threads were stopped: 0.0050100 seconds, Stopping threads took: 0.0000900 seconds
214.908: Application time: 0.1558920 seconds
214.908: [GC [PSYoungGen: 50118K->5956K(50176K)] 120582K->87108K(163840K), 0.0049460 secs] [Times: user=0.04 sys=0.00, real=0.01 secs] 
214.913: Total time for which application threads were stopped: 0.0051020 seconds, Stopping threads took: 0.0000760 seconds
215.072: Application time: 0.1597960 seconds
215.073: [GC [PSYoungGen: 49456K->6636K(50176K)] 130608K->97060K(163840K), 0.0047310 secs] [Times: user=0.03 sys=0.00, real=0.00 secs] 
215.077: Total time for which application threads were stopped: 0.0048830 seconds, Stopping threads took: 0.0000680 seconds
215.233: Application time: 0.1557080 seconds
215.233: [GC [PSYoungGen: 50136K->6637K(50176K)] 140560K->105619K(163840K), 0.0044960 secs] [Times: user=0.03 sys=0.00, real=0.00 secs] 
215.238: [Full GC [PSYoungGen: 6637K->0K(50176K)] [ParOldGen: 98982K->25560K(113664K)] 105619K->25560K(163840K) [PSPermGen: 6116K->6116K(21504K)], 0.0096000 secs] [Times: user=0.05 sys=0.00, real=0.01 secs] 
215.247: Total time for which application threads were stopped: 0.0143320 seconds, Stopping threads took: 0.0000940 seconds
215.391: Application time: 0.1430970 seconds
215.391: [GC [PSYoungGen: 43499K->6509K(50176K)] 69059K->42045K(163840K), 0.0049230 secs] [Times: user=0.04 sys=0.00, real=0.00 secs] 
215.396: Total time for which application threads were stopped: 0.0050710 seconds, Stopping threads took: 0.0000660 seconds
215.535: Application time: 0.1391470 seconds
215.535: [GC [PSYoungGen: 49991K->6509K(50176K)] 85527K->51308K(163840K), 0.0047260 secs] [Times: user=0.04 sys=0.00, real=0.00 secs] 
215.540: Total time for which application threads were stopped: 0.0048860 seconds, Stopping threads took: 0.0000750 seconds
215.688: Application time: 0.1479790 seconds
215.688: [GC [PSYoungGen: 50000K->6573K(50176K)] 94799K->62061K(163840K), 0.0051310 secs] [Times: user=0.04 sys=0.00, real=0.01 secs] 
215.693: Total time for which application threads were stopped: 0.0052930 seconds, Stopping threads took: 0.0000780 seconds
215.739: Application time: 0.0460960 seconds
215.739: [GC [PSYoungGen: 50088K->6573K(50176K)] 105576K->68474K(163840K), 0.0040240 secs] [Times: user=0.03 sys=0.00, real=0.01 secs] 
215.743: Total time for which application threads were stopped: 0.0042010 seconds, Stopping threads took: 0.0000780 seconds
215.760: Application time: 0.0166740 seconds
215.760: [GC [PSYoungGen: 50050K->6637K(50176K)] 111951K->70675K(163840K), 0.0030700 secs] [Times: user=0.03 sys=0.00, real=0.01 secs] 
215.763: Total time for which application threads were stopped: 0.0032400 seconds, Stopping threads took: 0.0000830 seconds
215.776: Application time: 0.0129320 seconds
215.776: [GC [PSYoungGen: 50122K->6637K(50176K)] 114160K->74951K(163840K), 0.0035810 secs] [Times: user=0.02 sys=0.00, real=0.00 secs] 
215.780: Total time for which application threads were stopped: 0.0037570 seconds, Stopping threads took: 0.0000900 seconds
215.886: Application time: 0.1065710 seconds
215.886: [GC [PSYoungGen: 50128K->6605K(50176K)] 118442K->84895K(163840K), 0.0049520 secs] [Times: user=0.03 sys=0.00, real=0.01 secs] 
215.891: Total time for which application threads were stopped: 0.0051050 seconds, Stopping threads took: 0.0000720 seconds
216.034: Application time: 0.1423220 seconds
216.034: [GC [PSYoungGen: 50104K->6637K(50176K)] 128394K->94903K(163840K), 0.0050190 secs] [Times: user=0.03 sys=0.00, real=0.00 secs] 
216.039: Total time for which application threads were stopped: 0.0051980 seconds, Stopping threads took: 0.0000930 seconds
216.116: Application time: 0.0773100 seconds
216.116: [GC [PSYoungGen: 50154K->6637K(50176K)] 138420K->104210K(163840K), 0.0049210 secs] [Times: user=0.04 sys=0.00, real=0.00 secs] 
216.121: Total time for which application threads were stopped: 0.0050950 seconds, Stopping threads took: 0.0000880 seconds
216.135: Application time: 0.0137410 seconds
216.135: [GC [PSYoungGen: 50117K->6637K(50176K)] 147690K->109198K(163840K), 0.0037710 secs] [Times: user=0.03 sys=0.00, real=0.00 secs] 
216.139: [Full GC [PSYoungGen: 6637K->0K(50176K)] [ParOldGen: 102561K->29328K(113664K)] 109198K->29328K(163840K) [PSPermGen: 6116K->6116K(21504K)], 0.0101160 secs] [Times: user=0.06 sys=0.00, real=0.01 secs] 
216.149: Total time for which application threads were stopped: 0.0140980 seconds, Stopping threads took: 0.0000770 seconds
216.166: Application time: 0.0162960 seconds
216.166: [GC [PSYoungGen: 43481K->1553K(50176K)] 72810K->30882K(163840K), 0.0007620 secs] [Times: user=0.00 sys=0.00, real=0.00 secs] 
216.166: Total time for which application threads were stopped: 0.0009180 seconds, Stopping threads took: 0.0000870 seconds
216.236: Application time: 0.0693460 seconds
216.236: [GC [PSYoungGen: 44372K->6540K(50176K)] 73700K->46558K(163840K), 0.0051480 secs] [Times: user=0.04 sys=0.00, real=0.00 secs] 
216.241: Total time for which application threads were stopped: 0.0053190 seconds, Stopping threads took: 0.0000870 seconds
216.258: Application time: 0.0168850 seconds
216.258: [GC [PSYoungGen: 50016K->6540K(50176K)] 90033K->48695K(163840K), 0.0029950 secs] [Times: user=0.01 sys=0.00, real=0.00 secs] 
216.261: Total time for which application threads were stopped: 0.0031660 seconds, Stopping threads took: 0.0000800 seconds
216.278: Application time: 0.0172860 seconds
216.279: [GC [PSYoungGen: 50024K->6540K(50176K)] 92178K->52971K(163840K), 0.0035300 secs] [Times: user=0.03 sys=0.00, real=0.01 secs] 
216.282: Total time for which application threads were stopped: 0.0036890 seconds, Stopping threads took: 0.0000750 seconds
216.295: Application time: 0.0125920 seconds
216.295: [GC [PSYoungGen: 50022K->6508K(50176K)] 96452K->53651K(163840K), 0.0025320 secs] [Times: user=0.02 sys=0.00, real=0.00 secs] 
216.297: Total time for which application threads were stopped: 0.0026930 seconds, Stopping threads took: 0.0000790 seconds
216.436: Application time: 0.1382850 seconds
216.436: [GC [PSYoungGen: 49318K->6604K(50176K)] 96461K->64435K(163840K), 0.0051930 secs] [Times: user=0.04 sys=0.00, real=0.00 secs] 
216.441: Total time for which application threads were stopped: 0.0054010 seconds, Stopping threads took: 0.0001210 seconds
216.459: Application time: 0.0174290 seconds
216.459: [GC [PSYoungGen: 50082K->6652K(50176K)] 107913K->68046K(163840K), 0.0033620 secs] [Times: user=0.02 sys=0.00, real=0.01 secs] 
216.462: Total time for which application threads were stopped: 0.0035220 seconds, Stopping threads took: 0.0000750 seconds
216.481: Application time: 0.0185200 seconds
216.481: [GC [PSYoungGen: 50133K->6604K(50176K)] 111527K->69423K(163840K), 0.0027220 secs] [Times: user=0.02 sys=0.00, real=0.01 secs] 
216.484: Total time for which application threads were stopped: 0.0028880 seconds, Stopping threads took: 0.0000820 seconds
216.516: Application time: 0.0323150 seconds
216.516: [GC [PSYoungGen: 50098K->6604K(50176K)] 112917K->72273K(163840K), 0.0029180 secs] [Times: user=0.02 sys=0.00, real=0.00 secs] 
216.519: Total time for which application threads were stopped: 0.0030720 seconds, Stopping threads took: 0.0000680 seconds
216.627: Application time: 0.1082010 seconds
216.627: [GC [PSYoungGen: 50121K->6636K(50176K)] 115790K->82296K(163840K), 0.0050840 secs] [Times: user=0.04 sys=0.00, real=0.01 secs] 
216.632: Total time for which application threads were stopped: 0.0052720 seconds, Stopping threads took: 0.0000940 seconds
216.648: Application time: 0.0160710 seconds
216.649: [GC [PSYoungGen: 50112K->6636K(50176K)] 125772K->85162K(163840K), 0.0032040 secs] [Times: user=0.03 sys=0.00, real=0.01 secs] 
216.652: Total time for which application threads were stopped: 0.0033780 seconds, Stopping threads took: 0.0000900 seconds
216.671: Application time: 0.0186920 seconds
216.671: [GC [PSYoungGen: 50129K->6636K(50176K)] 128655K->90150K(163840K), 0.0037080 secs] [Times: user=0.02 sys=0.00, real=0.00 secs] 
216.674: Total time for which application threads were stopped: 0.0038670 seconds, Stopping threads took: 0.0000780 seconds
216.720: Application time: 0.0454080 seconds
216.720: [GC [PSYoungGen: 50129K->6652K(50176K)] 133643K->94441K(163840K), 0.0034010 secs] [Times: user=0.03 sys=0.00, real=0.01 secs] 
216.723: Total time for which application threads were stopped: 0.0035480 seconds, Stopping threads took: 0.0000650 seconds
216.887: Application time: 0.1632580 seconds
216.887: [GC [PSYoungGen: 50133K->6636K(50176K)] 137922K->103728K(163840K), 0.0047100 secs] [Times: user=0.04 sys=0.00, real=0.01 secs] 
216.891: Total time for which application threads were stopped: 0.0048650 seconds, Stopping threads took: 0.0000610 seconds
216.993: Application time: 0.1018090 seconds
216.993: [GC [PSYoungGen: 50151K->6652K(50176K)] 147243K->113751K(163840K), 0.0051610 secs] [Times: user=0.04 sys=0.00, real=0.00 secs] 
216.999: [Full GC [PSYoungGen: 6652K->0K(50176K)] [ParOldGen: 107099K->26984K(113664K)] 113751K->26984K(163840K) [PSPermGen: 6116K->6116K(21504K)], 0.0099350 secs] [Times: user=0.05 sys=0.00, real=0.01 secs] 
217.009: Total time for which application threads were stopped: 0.0153360 seconds, Stopping threads took: 0.0001010 seconds
217.026: Application time: 0.0174770 seconds
217.026: [GC [PSYoungGen: 43482K->1617K(50176K)] 70466K->28601K(163840K), 0.0007680 secs] [Times: user=0.01 sys=0.00, real=0.00 secs] 
217.027: Total time for which application threads were stopped: 0.0008970 seconds, Stopping threads took: 0.0000680 seconds
217.042: Application time: 0.0153010 seconds
217.042: [GC [PSYoungGen: 44831K->6540K(50176K)] 71816K->35662K(163840K), 0.0028650 secs] [Times: user=0.02 sys=0.00, real=0.00 secs] 
217.045: Total time for which application threads were stopped: 0.0030250 seconds, Stopping threads took: 0.0000780 seconds
217.059: Application time: 0.0139760 seconds
217.059: [GC [PSYoungGen: 49629K->6604K(50176K)] 78751K->43564K(163840K), 0.0044810 secs] [Times: user=0.04 sys=0.00, real=0.01 secs] 
217.064: Total time for which application threads were stopped: 0.0046450 seconds, Stopping threads took: 0.0000800 seconds
217.081: Application time: 0.0172960 seconds
217.081: [GC [PSYoungGen: 50078K->5179K(50176K)] 87038K->42139K(163840K), 0.0019810 secs] [Times: user=0.01 sys=0.00, real=0.01 secs] 
217.083: Total time for which application threads were stopped: 0.0021490 seconds, Stopping threads took: 0.0000840 seconds
217.102: Application time: 0.0183800 seconds
217.102: [GC [PSYoungGen: 48668K->6636K(50176K)] 85627K->44325K(163840K), 0.0026180 secs] [Times: user=0.02 sys=0.00, real=0.01 secs] 
217.105: Total time for which application threads were stopped: 0.0027910 seconds, Stopping threads took: 0.0000890 seconds
217.182: Application time: 0.0771020 seconds
217.182: [GC [PSYoungGen: 50129K->6572K(50176K)] 87817K->54236K(163840K), 0.0049030 secs] [Times: user=0.04 sys=0.00, real=0.01 secs] 
217.187: Total time for which application threads were stopped: 0.0050450 seconds, Stopping threads took: 0.0000610 seconds
217.243: Application time: 0.0559680 seconds
217.243: [GC [PSYoungGen: 49380K->6636K(50176K)] 97044K->64995K(163840K), 0.0052530 secs] [Times: user=0.04 sys=0.00, real=0.00 secs] 
217.248: Total time for which application threads were stopped: 0.0054050 seconds, Stopping threads took: 0.0000660 seconds
217.264: Application time: 0.0155660 seconds
217.264: [GC [PSYoungGen: 50121K->6636K(50176K)] 108480K->66445K(163840K), 0.0026940 secs] [Times: user=0.02 sys=0.00, real=0.00 secs] 
217.267: Total time for which application threads were stopped: 0.0029090 seconds, Stopping threads took: 0.0001300 seconds
217.281: Application time: 0.0142110 seconds
217.281: [GC [PSYoungGen: 50121K->6572K(50176K)] 109930K->69231K(163840K), 0.0030900 secs] [Times: user=0.02 sys=0.00, real=0.01 secs] 
217.284: Total time for which application threads were stopped: 0.0032560 seconds, Stopping threads took: 0.0000820 seconds
217.408: Application time: 0.1244250 seconds
217.409: [GC [PSYoungGen: 50067K->6636K(50176K)] 112726K->79270K(163840K), 0.0048700 secs] [Times: user=0.03 sys=0.00, real=0.01 secs] 
217.414: Total time for which application threads were stopped: 0.0050260 seconds, Stopping threads took: 0.0000610 seconds
217.582: Application time: 0.1680650 seconds
217.582: [GC [PSYoungGen: 50122K->6636K(50176K)] 122756K->89958K(163840K), 0.0051270 secs] [Times: user=0.04 sys=0.00, real=0.01 secs] 
217.587: Total time for which application threads were stopped: 0.0052860 seconds, Stopping threads took: 0.0000770 seconds
217.784: Application time: 0.1973840 seconds
217.784: [GC [PSYoungGen: 50124K->5988K(50176K)] 133446K->99997K(163840K), 0.0049000 secs] [Times: user=0.04 sys=0.00, real=0.00 secs] 
217.789: Total time for which application threads were stopped: 0.0050680 seconds, Stopping threads took: 0.0000820 seconds
217.978: Application time: 0.1882940 seconds
217.978: [GC [PSYoungGen: 49474K->6636K(50176K)] 143483K->109948K(163840K), 0.0048200 secs] [Times: user=0.03 sys=0.00, real=0.01 secs] 
217.983: [Full GC [PSYoungGen: 6636K->0K(50176K)] [ParOldGen: 103312K->27696K(113664K)] 109948K->27696K(163840K) [PSPermGen: 6116K->6116K(21504K)], 0.0099390 secs] [Times: user=0.06 sys=0.00, real=0.01 secs] 
217.993: Total time for which application threads were stopped: 0.0149750 seconds, Stopping threads took: 0.0000700 seconds
218.167: Application time: 0.1742650 seconds
218.167: [GC [PSYoungGen: 43503K->6572K(50176K)] 71200K->45670K(163840K), 0.0052760 secs] [Times: user=0.04 sys=0.00, real=0.01 secs] 
218.172: Total time for which application threads were stopped: 0.0054270 seconds, Stopping threads took: 0.0000690 seconds
218.357: Application time: 0.1849290 seconds
218.357: [GC [PSYoungGen: 50061K->6572K(50176K)] 89159K->57070K(163840K), 0.0053120 secs] [Times: user=0.03 sys=0.00, real=0.01 secs] 
218.363: Total time for which application threads were stopped: 0.0054680 seconds, Stopping threads took: 0.0000740 seconds
218.508: Application time: 0.1456450 seconds
218.508: [GC [PSYoungGen: 50062K->6636K(50176K)] 100560K->67822K(163840K), 0.0051100 secs] [Times: user=0.03 sys=0.00, real=0.01 secs] 
218.514: Total time for which application threads were stopped: 0.0052820 seconds, Stopping threads took: 0.0000750 seconds
218.684: Application time: 0.1702930 seconds
218.684: [GC [PSYoungGen: 50135K->6636K(50176K)] 111321K->79231K(163840K), 0.0053280 secs] [Times: user=0.05 sys=0.00, real=0.00 secs] 
218.689: Total time for which application threads were stopped: 0.0054770 seconds, Stopping threads took: 0.0000620 seconds
218.836: Application time: 0.1462660 seconds
218.836: [GC [PSYoungGen: 50118K->6636K(50176K)] 122713K->88494K(163840K), 0.0047570 secs] [Times: user=0.04 sys=0.00, real=0.00 secs] 
218.841: Total time for which application threads were stopped: 0.0049120 seconds, Stopping threads took: 0.0000710 seconds
218.995: Application time: 0.1548820 seconds
218.996: [GC [PSYoungGen: 50144K->6637K(50176K)] 132002K->99191K(163840K), 0.0051700 secs] [Times: user=0.03 sys=0.00, real=0.00 secs] 
219.001: Total time for which application threads were stopped: 0.0053170 seconds, Stopping threads took: 0.0000640 seconds
219.158: Application time: 0.1576360 seconds
219.159: [GC [PSYoungGen: 50128K->5956K(50176K)] 142682K->107773K(163840K), 0.0045160 secs] [Times: user=0.03 sys=0.00, real=0.01 secs] 
219.163: [Full GC [PSYoungGen: 5956K->0K(50176K)] [ParOldGen: 101817K->24847K(113664K)] 107773K->24847K(163840K) [PSPermGen: 6116K->6116K(21504K)], 0.0093010 secs] [Times: user=0.05 sys=0.00, real=0.01 secs] 
219.172: Total time for which application threads were stopped: 0.0140510 seconds, Stopping threads took: 0.0000820 seconds
219.304: Application time: 0.1318300 seconds
219.304: [GC [PSYoungGen: 43499K->6509K(50176K)] 68346K->41332K(163840K), 0.0049690 secs] [Times: user=0.03 sys=0.01, real=0.00 secs] 
219.309: Total time for which application threads were stopped: 0.0051180 seconds, Stopping threads took: 0.0000630 seconds
219.459: Application time: 0.1491190 seconds
219.459: [GC [PSYoungGen: 49991K->6605K(50176K)] 84815K->51404K(163840K), 0.0049890 secs] [Times: user=0.04 sys=0.00, real=0.01 secs] 
219.464: Total time for which application threads were stopped: 0.0051460 seconds, Stopping threads took: 0.0000730 seconds
219.626: Application time: 0.1626230 seconds
219.626: [GC [PSYoungGen: 50096K->6637K(50176K)] 94896K->61412K(163840K), 0.0048700 secs] [Times: user=0.04 sys=0.00, real=0.01 secs] 
219.631: Total time for which application threads were stopped: 0.0050230 seconds, Stopping threads took: 0.0000690 seconds
219.665: Application time: 0.0335670 seconds
219.665: [GC [PSYoungGen: 50152K->6637K(50176K)] 104927K->68538K(163840K), 0.0043030 secs] [Times: user=0.03 sys=0.00, real=0.00 secs] 
219.669: Total time for which application threads were stopped: 0.0045060 seconds, Stopping threads took: 0.0001050 seconds
219.685: Application time: 0.0155800 seconds
219.685: [GC [PSYoungGen: 50114K->6637K(50176K)] 112015K->70676K(163840K), 0.0030100 secs] [Times: user=0.02 sys=0.00, real=0.00 secs] 
219.688: Total time for which application threads were stopped: 0.0031820 seconds, Stopping threads took: 0.0000880 seconds
219.702: Application time: 0.0136950 seconds
219.702: [GC [PSYoungGen: 50120K->6573K(50176K)] 114159K->72037K(163840K), 0.0027790 secs] [Times: user=0.01 sys=0.00, real=0.00 secs] 
219.705: Total time for which application threads were stopped: 0.0029570 seconds, Stopping threads took: 0.0000970 seconds
219.809: Application time: 0.1039550 seconds
219.809: [GC [PSYoungGen: 50064K->6637K(50176K)] 115528K->82077K(163840K), 0.0049140 secs] [Times: user=0.04 sys=0.00, real=0.01 secs] 
219.814: Total time for which application threads were stopped: 0.0050740 seconds, Stopping threads took: 0.0000760 seconds
219.973: Application time: 0.1586390 seconds
219.973: [GC [PSYoungGen: 50136K->6637K(50176K)] 125576K->92781K(163840K), 0.0051350 secs] [Times: user=0.04 sys=0.00, real=0.00 secs] 
219.978: Total time for which application threads were stopped: 0.0052920 seconds, Stopping threads took: 0.0000720 seconds
220.066: Application time: 0.0878260 seconds
220.066: [GC [PSYoungGen: 49448K->6636K(50176K)] 135593K->103485K(163840K), 0.0053850 secs] [Times: user=0.04 sys=0.00, real=0.01 secs] 
220.071: [Full GC [PSYoungGen: 6636K->0K(50176K)] [ParOldGen: 96848K->30746K(113664K)] 103485K->30746K(163840K) [PSPermGen: 6116K->6116K(21504K)], 0.0096460 secs] [Times: user=0.05 sys=0.00, real=0.00 secs] 
220.081: Total time for which application threads were stopped: 0.0152790 seconds, Stopping threads took: 0.0001100 seconds
220.097: Application time: 0.0164230 seconds
220.097: [GC [PSYoungGen: 43486K->5828K(50176K)] 74232K->36575K(163840K), 0.0019070 secs] [Times: user=0.02 sys=0.00, real=0.00 secs] 
220.099: Total time for which application threads were stopped: 0.0020590 seconds, Stopping threads took: 0.0000680 seconds
220.116: Application time: 0.0163970 seconds
220.116: [GC [PSYoungGen: 49310K->6573K(50176K)] 80057K->39457K(163840K), 0.0029360 secs] [Times: user=0.02 sys=0.00, real=0.00 secs] 
220.119: Total time for which application threads were stopped: 0.0031090 seconds, Stopping threads took: 0.0000860 seconds
220.158: Application time: 0.0387750 seconds
220.158: [GC [PSYoungGen: 49382K->6508K(50176K)] 82266K->47943K(163840K), 0.0044480 secs] [Times: user=0.02 sys=0.00, real=0.01 secs] 
220.162: Total time for which application threads were stopped: 0.0045900 seconds, Stopping threads took: 0.0000670 seconds
220.181: Application time: 0.0183700 seconds
220.181: [GC [PSYoungGen: 49982K->6572K(50176K)] 91417K->51570K(163840K), 0.0034280 secs] [Times: user=0.03 sys=0.00, real=0.01 secs] 
220.184: Total time for which application threads were stopped: 0.0036070 seconds, Stopping threads took: 0.0000840 seconds
220.203: Application time: 0.0189600 seconds
220.203: [GC [PSYoungGen: 50052K->6605K(50176K)] 95049K->53027K(163840K), 0.0027480 secs] [Times: user=0.02 sys=0.00, real=0.00 secs] 
220.206: Total time for which application threads were stopped: 0.0029120 seconds, Stopping threads took: 0.0000810 seconds
220.217: Application time: 0.0106880 seconds
220.217: [GC [PSYoungGen: 50090K->6604K(50176K)] 96513K->58728K(163840K), 0.0039330 secs] [Times: user=0.03 sys=0.00, real=0.00 secs] 
220.221: Total time for which application threads were stopped: 0.0041210 seconds, Stopping threads took: 0.0001030 seconds
220.318: Application time: 0.0975180 seconds
220.319: [GC [PSYoungGen: 49418K->6572K(50176K)] 101541K->69384K(163840K), 0.0052200 secs] [Times: user=0.04 sys=0.00, real=0.01 secs] 
220.324: Total time for which application threads were stopped: 0.0053870 seconds, Stopping threads took: 0.0000810 seconds
220.341: Application time: 0.0173770 seconds
220.341: [GC [PSYoungGen: 50054K->6636K(50176K)] 112866K->70168K(163840K), 0.0025250 secs] [Times: user=0.02 sys=0.00, real=0.01 secs] 
220.344: Total time for which application threads were stopped: 0.0026860 seconds, Stopping threads took: 0.0000790 seconds
220.360: Application time: 0.0163610 seconds
220.360: [GC [PSYoungGen: 50122K->6637K(50176K)] 113654K->74444K(163840K), 0.0035950 secs] [Times: user=0.02 sys=0.00, real=0.01 secs] 
220.364: Total time for which application threads were stopped: 0.0037670 seconds, Stopping threads took: 0.0000880 seconds
220.432: Application time: 0.0678000 seconds
220.432: [GC [PSYoungGen: 50126K->6636K(50176K)] 117933K->82281K(163840K), 0.0042820 secs] [Times: user=0.03 sys=0.00, real=0.00 secs] 
220.436: Total time for which application threads were stopped: 0.0044490 seconds, Stopping threads took: 0.0000840 seconds
220.544: Application time: 0.1073750 seconds
220.544: [GC [PSYoungGen: 50152K->6604K(50176K)] 125796K->92224K(163840K), 0.0051090 secs] [Times: user=0.03 sys=0.00, real=0.00 secs] 
220.549: Total time for which application threads were stopped: 0.0052830 seconds, Stopping threads took: 0.0000870 seconds
220.564: Application time: 0.0153710 seconds
220.564: [GC [PSYoungGen: 50080K->5956K(50176K)] 135700K->94426K(163840K), 0.0030420 secs] [Times: user=0.02 sys=0.00, real=0.00 secs] 
220.568: Total time for which application threads were stopped: 0.0032000 seconds, Stopping threads took: 0.0000710 seconds
220.587: Application time: 0.0189590 seconds
220.587: [GC [PSYoungGen: 49453K->5988K(50176K)] 137923K->98021K(163840K), 0.0031580 secs] [Times: user=0.02 sys=0.00, real=0.00 secs] 
220.590: Total time for which application threads were stopped: 0.0033070 seconds, Stopping threads took: 0.0000650 seconds
220.601: Application time: 0.0108700 seconds
220.601: [GC [PSYoungGen: 49476K->6636K(50176K)] 141509K->105090K(163840K), 0.0039990 secs] [Times: user=0.03 sys=0.00, real=0.01 secs] 
220.605: Total time for which application threads were stopped: 0.0041590 seconds, Stopping threads took: 0.0000750 seconds
220.811: Application time: 0.2059670 seconds
220.811: [GC [PSYoungGen: 50116K->6652K(50176K)] 148570K->115794K(163840K), 0.0051230 secs] [Times: user=0.04 sys=0.00, real=0.00 secs] 
220.816: [Full GC [PSYoungGen: 6652K->0K(50176K)] [ParOldGen: 109141K->28410K(113664K)] 115794K->28410K(163840K) [PSPermGen: 6116K->6116K(21504K)], 0.0102200 secs] [Times: user=0.06 sys=0.00, real=0.01 secs] 
220.826: Total time for which application threads were stopped: 0.0155570 seconds, Stopping threads took: 0.0000720 seconds
220.860: Application time: 0.0340140 seconds
220.861: [GC [PSYoungGen: 42832K->6540K(50176K)] 71242K->40650K(163840K), 0.0038970 secs] [Times: user=0.03 sys=0.00, real=0.01 secs] 
220.864: Total time for which application threads were stopped: 0.0040750 seconds, Stopping threads took: 0.0000890 seconds
220.877: Application time: 0.0127140 seconds
220.877: [GC [PSYoungGen: 50022K->6572K(50176K)] 84132K->43532K(163840K), 0.0030470 secs] [Times: user=0.02 sys=0.00, real=0.00 secs] 
220.880: Total time for which application threads were stopped: 0.0032330 seconds, Stopping threads took: 0.0001000 seconds
220.892: Application time: 0.0112590 seconds
220.892: [GC [PSYoungGen: 50058K->6572K(50176K)] 87018K->45670K(163840K), 0.0029030 secs] [Times: user=0.02 sys=0.00, real=0.00 secs] 
220.895: Total time for which application threads were stopped: 0.0034730 seconds, Stopping threads took: 0.0004890 seconds
220.907: Application time: 0.0121500 seconds
220.908: [GC [PSYoungGen: 50048K->6540K(50176K)] 89146K->46351K(163840K), 0.0025090 secs] [Times: user=0.01 sys=0.00, real=0.01 secs] 
220.910: Total time for which application threads were stopped: 0.0027610 seconds, Stopping threads took: 0.0001700 seconds
220.921: Application time: 0.0109880 seconds
220.921: [GC [PSYoungGen: 50035K->6541K(50176K)] 89845K->52051K(163840K), 0.0038380 secs] [Times: user=0.03 sys=0.00, real=0.01 secs] 
220.925: Total time for which application threads were stopped: 0.0040430 seconds, Stopping threads took: 0.0001190 seconds
220.934: Application time: 0.0091270 seconds
220.934: [GC [PSYoungGen: 50015K->6604K(50176K)] 95525K->52828K(163840K), 0.0025200 secs] [Times: user=0.02 sys=0.00, real=0.00 secs] 
220.937: Total time for which application threads were stopped: 0.0026640 seconds, Stopping threads took: 0.0000630 seconds
220.990: Application time: 0.0531080 seconds
220.990: [GC [PSYoungGen: 49419K->6636K(50176K)] 95642K->59280K(163840K), 0.0039790 secs] [Times: user=0.03 sys=0.00, real=0.00 secs] 
220.994: Total time for which application threads were stopped: 0.0041890 seconds, Stopping threads took: 0.0001240 seconds
221.010: Application time: 0.0153640 seconds
221.010: [GC [PSYoungGen: 50124K->6572K(50176K)] 102768K->64204K(163840K), 0.0037440 secs] [Times: user=0.03 sys=0.00, real=0.01 secs] 
221.014: Total time for which application threads were stopped: 0.0039230 seconds, Stopping threads took: 0.0000930 seconds
221.029: Application time: 0.0151890 seconds
221.029: [GC [PSYoungGen: 50057K->6636K(50176K)] 107688K->68551K(163840K), 0.0036140 secs] [Times: user=0.03 sys=0.00, real=0.01 secs] 
221.032: Total time for which application threads were stopped: 0.0037920 seconds, Stopping threads took: 0.0000900 seconds
221.143: Application time: 0.1100440 seconds
221.143: [GC [PSYoungGen: 50134K->6636K(50176K)] 112049K->78534K(163840K), 0.0048820 secs] [Times: user=0.03 sys=0.00, real=0.00 secs] 
221.148: Total time for which application threads were stopped: 0.0050270 seconds, Stopping threads took: 0.0000610 seconds
221.315: Application time: 0.1670670 seconds
221.315: [GC [PSYoungGen: 50130K->6636K(50176K)] 122028K->88561K(163840K), 0.0049600 secs] [Times: user=0.03 sys=0.00, real=0.00 secs] 
221.320: Total time for which application threads were stopped: 0.0051390 seconds, Stopping threads took: 0.0000820 seconds
221.512: Application time: 0.1922250 seconds
221.512: [GC [PSYoungGen: 50122K->6636K(50176K)] 132047K->98597K(163840K), 0.0049370 secs] [Times: user=0.04 sys=0.00, real=0.00 secs] 
221.517: Total time for which application threads were stopped: 0.0050910 seconds, Stopping threads took: 0.0000700 seconds
221.720: Application time: 0.2024970 seconds
221.720: [GC [PSYoungGen: 50125K->6636K(50176K)] 142085K->108580K(163840K), 0.0048820 secs] [Times: user=0.04 sys=0.00, real=0.01 secs] 
221.725: [Full GC [PSYoungGen: 6636K->0K(50176K)] [ParOldGen: 101943K->27697K(113664K)] 108580K->27697K(163840K) [PSPermGen: 6116K->6116K(21504K)], 0.0103660 secs] [Times: user=0.05 sys=0.00, real=0.01 secs] 
221.735: Total time for which application threads were stopped: 0.0154550 seconds, Stopping threads took: 0.0000680 seconds
221.920: Application time: 0.1849800 seconds
221.920: [GC [PSYoungGen: 43496K->6604K(50176K)] 71194K->44989K(163840K), 0.0051280 secs] [Times: user=0.04 sys=0.00, real=0.01 secs] 
221.925: Total time for which application threads were stopped: 0.0052930 seconds, Stopping threads took: 0.0000590 seconds
222.099: Application time: 0.1735030 seconds
222.099: [GC [PSYoungGen: 50101K->6636K(50176K)] 88486K->55717K(163840K), 0.0050200 secs] [Times: user=0.04 sys=0.00, real=0.01 secs] 
222.104: Total time for which application threads were stopped: 0.0051590 seconds, Stopping threads took: 0.0000570 seconds
222.279: Application time: 0.1752420 seconds
222.279: [GC [PSYoungGen: 50126K->6636K(50176K)] 99207K->66413K(163840K), 0.0051720 secs] [Times: user=0.04 sys=0.00, real=0.01 secs] 
222.285: Total time for which application threads were stopped: 0.0053200 seconds, Stopping threads took: 0.0000660 seconds
222.474: Application time: 0.1897040 seconds
222.474: [GC [PSYoungGen: 50135K->6636K(50176K)] 109911K->76397K(163840K), 0.0048620 secs] [Times: user=0.03 sys=0.00, real=0.00 secs] 
222.479: Total time for which application threads were stopped: 0.0050240 seconds, Stopping threads took: 0.0000670 seconds
222.619: Application time: 0.1395710 seconds
222.619: [GC [PSYoungGen: 50126K->6636K(50176K)] 119887K->86380K(163840K), 0.0048890 secs] [Times: user=0.03 sys=0.00, real=0.01 secs] 
222.624: Total time for which application threads were stopped: 0.0050590 seconds, Stopping threads took: 0.0000860 seconds
222.792: Application time: 0.1684240 seconds
222.792: [GC [PSYoungGen: 50118K->5956K(50176K)] 129862K->95675K(163840K), 0.0046850 secs] [Times: user=0.03 sys=0.00, real=0.00 secs] 
222.797: Total time for which application threads were stopped: 0.0048490 seconds, Stopping threads took: 0.0000770 seconds
222.939: Application time: 0.1419840 seconds
222.939: [GC [PSYoungGen: 49455K->6636K(50176K)] 139175K->107052K(163840K), 0.0051610 secs] [Times: user=0.04 sys=0.00, real=0.01 secs] 
222.945: [Full GC [PSYoungGen: 6636K->0K(50176K)] [ParOldGen: 100415K->26273K(113664K)] 107052K->26273K(163840K) [PSPermGen: 6119K->6119K(21504K)], 0.0099300 secs] [Times: user=0.05 sys=0.00, real=0.01 secs] 
222.954: Total time for which application threads were stopped: 0.0153150 seconds, Stopping threads took: 0.0000900 seconds
223.101: Application time: 0.1462230 seconds
223.101: [GC [PSYoungGen: 43506K->6637K(50176K)] 69779K->42886K(163840K), 0.0048560 secs] [Times: user=0.04 sys=0.00, real=0.01 secs] 
223.106: Total time for which application threads were stopped: 0.0050100 seconds, Stopping threads took: 0.0000590 seconds
223.240: Application time: 0.1342080 seconds
223.240: [GC [PSYoungGen: 50128K->6637K(50176K)] 86377K->52150K(163840K), 0.0047640 secs] [Times: user=0.04 sys=0.00, real=0.01 secs] 
223.245: Total time for which application threads were stopped: 0.0049090 seconds, Stopping threads took: 0.0000660 seconds
223.379: Application time: 0.1343210 seconds
223.379: [GC [PSYoungGen: 50128K->6637K(50176K)] 95641K->62134K(163840K), 0.0049350 secs] [Times: user=0.04 sys=0.00, real=0.01 secs] 
223.384: Total time for which application threads were stopped: 0.0050900 seconds, Stopping threads took: 0.0000710 seconds
223.462: Application time: 0.0781790 seconds
223.463: [GC [PSYoungGen: 50151K->6637K(50176K)] 105648K->70685K(163840K), 0.0046900 secs] [Times: user=0.04 sys=0.00, real=0.00 secs] 
223.467: Total time for which application threads were stopped: 0.0048540 seconds, Stopping threads took: 0.0000760 seconds
223.483: Application time: 0.0156010 seconds
223.483: [GC [PSYoungGen: 50121K->6637K(50176K)] 114169K->72110K(163840K), 0.0027720 secs] [Times: user=0.02 sys=0.00, real=0.00 secs] 
223.486: Total time for which application threads were stopped: 0.0029400 seconds, Stopping threads took: 0.0000830 seconds
223.501: Application time: 0.0151660 seconds
223.501: [GC [PSYoungGen: 50120K->5956K(50176K)] 115593K->74992K(163840K), 0.0031220 secs] [Times: user=0.02 sys=0.00, real=0.01 secs] 
223.504: Total time for which application threads were stopped: 0.0033230 seconds, Stopping threads took: 0.0001190 seconds
223.590: Application time: 0.0858910 seconds
223.590: [GC [PSYoungGen: 49447K->6637K(50176K)] 118483K->85665K(163840K), 0.0049380 secs] [Times: user=0.04 sys=0.00, real=0.00 secs] 
223.595: Total time for which application threads were stopped: 0.0051250 seconds, Stopping threads took: 0.0000950 seconds
223.742: Application time: 0.1466890 seconds
223.742: [GC [PSYoungGen: 50137K->5988K(50176K)] 129165K->95705K(163840K), 0.0050150 secs] [Times: user=0.04 sys=0.00, real=0.00 secs] 
223.747: Total time for which application threads were stopped: 0.0051680 seconds, Stopping threads took: 0.0000620 seconds
223.901: Application time: 0.1534620 seconds
223.901: [GC [PSYoungGen: 49470K->5988K(50176K)] 139187K->105680K(163840K), 0.0047680 secs] [Times: user=0.04 sys=0.00, real=0.01 secs] 
223.906: [Full GC [PSYoungGen: 5988K->0K(50176K)] [ParOldGen: 99692K->29124K(113664K)] 105680K->29124K(163840K) [PSPermGen: 6119K->6119K(21504K)], 0.0102970 secs] [Times: user=0.05 sys=0.01, real=0.01 secs] 
223.916: Total time for which application threads were stopped: 0.0152750 seconds, Stopping threads took: 0.0000720 seconds
224.065: Application time: 0.1493730 seconds
224.065: [GC [PSYoungGen: 43263K->6492K(50176K)] 72387K->43455K(163840K), 0.0042960 secs] [Times: user=0.03 sys=0.00, real=0.00 secs] 
224.070: Total time for which application threads were stopped: 0.0044490 seconds, Stopping threads took: 0.0000710 seconds
224.093: Application time: 0.0236620 seconds
224.094: [GC [PSYoungGen: 49552K->6540K(50176K)] 86514K->47778K(163840K), 0.0034980 secs] [Times: user=0.02 sys=0.00, real=0.00 secs] 
224.098: Total time for which application threads were stopped: 0.0043490 seconds, Stopping threads took: 0.0007680 seconds
224.109: Application time: 0.0115390 seconds
224.110: [GC [PSYoungGen: 50018K->6604K(50176K)] 91256K->49980K(163840K), 0.0029080 secs] [Times: user=0.02 sys=0.00, real=0.01 secs] 
224.113: Total time for which application threads were stopped: 0.0032620 seconds, Stopping threads took: 0.0002720 seconds
224.122: Application time: 0.0096390 seconds
224.122: [GC [PSYoungGen: 50086K->6604K(50176K)] 93461K->54255K(163840K), 0.0034440 secs] [Times: user=0.03 sys=0.00, real=0.00 secs] 
224.126: Total time for which application threads were stopped: 0.0036910 seconds, Stopping threads took: 0.0001610 seconds
224.137: Application time: 0.0113440 seconds
224.138: [GC [PSYoungGen: 50092K->6637K(50176K)] 97743K->55712K(163840K), 0.0027270 secs] [Times: user=0.02 sys=0.00, real=0.00 secs] 
224.140: Total time for which application threads were stopped: 0.0030190 seconds, Stopping threads took: 0.0002050 seconds
224.151: Application time: 0.0102870 seconds
224.151: [GC [PSYoungGen: 50112K->5876K(50176K)] 99187K->54952K(163840K), 0.0020820 secs] [Times: user=0.02 sys=0.00, real=0.00 secs] 
224.153: Total time for which application threads were stopped: 0.0022380 seconds, Stopping threads took: 0.0000760 seconds
224.165: Application time: 0.0126230 seconds
224.166: [GC [PSYoungGen: 49378K->6636K(50176K)] 98453K->58562K(163840K), 0.0029910 secs] [Times: user=0.02 sys=0.00, real=0.00 secs] 
224.169: Total time for which application threads were stopped: 0.0031600 seconds, Stopping threads took: 0.0000850 seconds
224.272: Application time: 0.1034630 seconds
224.273: [GC [PSYoungGen: 50152K->6636K(50176K)] 102077K->67841K(163840K), 0.0048300 secs] [Times: user=0.04 sys=0.00, real=0.00 secs] 
224.277: Total time for which application threads were stopped: 0.0053920 seconds, Stopping threads took: 0.0004630 seconds
224.292: Application time: 0.0143410 seconds
224.292: [GC [PSYoungGen: 50125K->6572K(50176K)] 111329K->73477K(163840K), 0.0037830 secs] [Times: user=0.03 sys=0.00, real=0.00 secs] 
224.296: Total time for which application threads were stopped: 0.0039620 seconds, Stopping threads took: 0.0000910 seconds
224.314: Application time: 0.0178460 seconds
224.314: [GC [PSYoungGen: 50054K->6636K(50176K)] 116959K->75679K(163840K), 0.0030020 secs] [Times: user=0.02 sys=0.00, real=0.00 secs] 
224.317: Total time for which application threads were stopped: 0.0031820 seconds, Stopping threads took: 0.0000950 seconds
224.383: Application time: 0.0659880 seconds
224.383: [GC [PSYoungGen: 50126K->6652K(50176K)] 119169K->83549K(163840K), 0.0043690 secs] [Times: user=0.03 sys=0.00, real=0.00 secs] 
224.387: Total time for which application threads were stopped: 0.0045300 seconds, Stopping threads took: 0.0000770 seconds
224.507: Application time: 0.1198420 seconds
224.507: [GC [PSYoungGen: 49463K->6636K(50176K)] 126360K->95013K(163840K), 0.0054500 secs] [Times: user=0.04 sys=0.00, real=0.01 secs] 
224.513: Total time for which application threads were stopped: 0.0056070 seconds, Stopping threads took: 0.0000710 seconds
224.529: Application time: 0.0160680 seconds
224.529: [GC [PSYoungGen: 50112K->6636K(50176K)] 138489K->98576K(163840K), 0.0033880 secs] [Times: user=0.03 sys=0.00, real=0.01 secs] 
224.532: Total time for which application threads were stopped: 0.0035640 seconds, Stopping threads took: 0.0000920 seconds
224.552: Application time: 0.0193660 seconds
224.552: [GC [PSYoungGen: 50125K->6636K(50176K)] 142065K->100714K(163840K), 0.0029360 secs] [Times: user=0.02 sys=0.00, real=0.00 secs] 
224.555: Total time for which application threads were stopped: 0.0031090 seconds, Stopping threads took: 0.0000860 seconds
224.593: Application time: 0.0381400 seconds
224.593: [GC [PSYoungGen: 50125K->6636K(50176K)] 144203K->105701K(163840K), 0.0035370 secs] [Times: user=0.03 sys=0.00, real=0.00 secs] 
224.597: Total time for which application threads were stopped: 0.0036770 seconds, Stopping threads took: 0.0000560 seconds
224.691: Application time: 0.0944460 seconds
224.691: [GC [PSYoungGen: 50151K->6636K(50176K)] 149216K->116421K(163840K), 0.0053750 secs] [Times: user=0.04 sys=0.00, real=0.00 secs] 
224.697: [Full GC [PSYoungGen: 6636K->0K(50176K)] [ParOldGen: 109784K->27698K(113664K)] 116421K->27698K(163840K) [PSPermGen: 6119K->6119K(21504K)], 0.0102060 secs] [Times: user=0.05 sys=0.00, real=0.01 secs] 
224.707: Total time for which application threads were stopped: 0.0158000 seconds, Stopping threads took: 0.0000830 seconds
224.724: Application time: 0.0174430 seconds
224.725: [GC [PSYoungGen: 43482K->2329K(50176K)] 71180K->30027K(163840K), 0.0009570 secs] [Times: user=0.01 sys=0.00, real=0.00 secs] 
224.726: Total time for which application threads were stopped: 0.0011280 seconds, Stopping threads took: 0.0001050 seconds
224.741: Application time: 0.0156260 seconds
224.741: [GC [PSYoungGen: 45816K->6540K(50176K)] 73514K->36376K(163840K), 0.0029220 secs] [Times: user=0.03 sys=0.00, real=0.01 secs] 
224.744: Total time for which application threads were stopped: 0.0030990 seconds, Stopping threads took: 0.0000930 seconds
224.821: Application time: 0.0768690 seconds
224.821: [GC [PSYoungGen: 50060K->6508K(50176K)] 79896K->44182K(163840K), 0.0041520 secs] [Times: user=0.03 sys=0.00, real=0.01 secs] 
224.825: Total time for which application threads were stopped: 0.0043110 seconds, Stopping threads took: 0.0000660 seconds
224.844: Application time: 0.0180920 seconds
224.844: [GC [PSYoungGen: 49988K->6540K(50176K)] 87662K->49914K(163840K), 0.0039630 secs] [Times: user=0.02 sys=0.00, real=0.00 secs] 
224.848: Total time for which application threads were stopped: 0.0041380 seconds, Stopping threads took: 0.0000890 seconds
224.866: Application time: 0.0180770 seconds
224.866: [GC [PSYoungGen: 50019K->6508K(50176K)] 93392K->50594K(163840K), 0.0026740 secs] [Times: user=0.01 sys=0.00, real=0.00 secs] 
224.869: Total time for which application threads were stopped: 0.0028640 seconds, Stopping threads took: 0.0001060 seconds
224.882: Application time: 0.0132760 seconds
224.882: [GC [PSYoungGen: 50000K->6476K(50176K)] 94086K->51275K(163840K), 0.0023860 secs] [Times: user=0.01 sys=0.00, real=0.00 secs] 
224.885: Total time for which application threads were stopped: 0.0025820 seconds, Stopping threads took: 0.0001120 seconds
224.963: Application time: 0.0789560 seconds
224.964: [GC [PSYoungGen: 49991K->6540K(50176K)] 94789K->62739K(163840K), 0.0054500 secs] [Times: user=0.04 sys=0.00, real=0.00 secs] 
224.969: Total time for which application threads were stopped: 0.0056170 seconds, Stopping threads took: 0.0000830 seconds
224.984: Application time: 0.0145580 seconds
224.984: [GC [PSYoungGen: 50030K->6572K(50176K)] 106229K->69184K(163840K), 0.0040990 secs] [Times: user=0.03 sys=0.00, real=0.00 secs] 
224.988: Total time for which application threads were stopped: 0.0042500 seconds, Stopping threads took: 0.0000680 seconds
225.004: Application time: 0.0165180 seconds
225.005: [GC [PSYoungGen: 50053K->6604K(50176K)] 112665K->70641K(163840K), 0.0028190 secs] [Times: user=0.02 sys=0.00, real=0.00 secs] 
225.007: Total time for which application threads were stopped: 0.0029950 seconds, Stopping threads took: 0.0000930 seconds
225.126: Application time: 0.1184290 seconds
225.126: [GC [PSYoungGen: 50108K->6636K(50176K)] 114145K->80648K(163840K), 0.0048130 secs] [Times: user=0.04 sys=0.00, real=0.01 secs] 
225.131: Total time for which application threads were stopped: 0.0049830 seconds, Stopping threads took: 0.0000850 seconds
225.296: Application time: 0.1648230 seconds
225.296: [GC [PSYoungGen: 50122K->6636K(50176K)] 124134K->89911K(163840K), 0.0047220 secs] [Times: user=0.03 sys=0.00, real=0.00 secs] 
225.301: Total time for which application threads were stopped: 0.0048950 seconds, Stopping threads took: 0.0000870 seconds
225.478: Application time: 0.1778770 seconds
225.479: [GC [PSYoungGen: 50131K->6636K(50176K)] 133406K->99218K(163840K), 0.0048320 secs] [Times: user=0.03 sys=0.00, real=0.01 secs] 
225.483: Total time for which application threads were stopped: 0.0049960 seconds, Stopping threads took: 0.0000660 seconds
225.680: Application time: 0.1968240 seconds
225.680: [GC [PSYoungGen: 50122K->6636K(50176K)] 142704K->108488K(163840K), 0.0047850 secs] [Times: user=0.03 sys=0.00, real=0.01 secs] 
225.685: [Full GC [PSYoungGen: 6636K->0K(50176K)] [ParOldGen: 101852K->27698K(113664K)] 108488K->27698K(163840K) [PSPermGen: 6119K->6119K(21504K)], 0.0101490 secs] [Times: user=0.06 sys=0.00, real=0.01 secs] 
225.695: Total time for which application threads were stopped: 0.0151360 seconds, Stopping threads took: 0.0000660 seconds
225.897: Application time: 0.2016400 seconds
225.897: [GC [PSYoungGen: 43494K->6604K(50176K)] 71192K->44278K(163840K), 0.0048330 secs] [Times: user=0.03 sys=0.01, real=0.01 secs] 
225.902: Total time for which application threads were stopped: 0.0049840 seconds, Stopping threads took: 0.0000610 seconds
226.081: Application time: 0.1792300 seconds
226.081: [GC [PSYoungGen: 50093K->6572K(50176K)] 87766K->52796K(163840K), 0.0043630 secs] [Times: user=0.03 sys=0.00, real=0.01 secs] 
226.086: Total time for which application threads were stopped: 0.0045210 seconds, Stopping threads took: 0.0000650 seconds
226.250: Application time: 0.1644050 seconds
226.250: [GC [PSYoungGen: 50061K->6636K(50176K)] 96285K->62843K(163840K), 0.0049040 secs] [Times: user=0.03 sys=0.01, real=0.00 secs] 
226.255: Total time for which application threads were stopped: 0.0050560 seconds, Stopping threads took: 0.0000670 seconds
226.422: Application time: 0.1664600 seconds
226.422: [GC [PSYoungGen: 50134K->6636K(50176K)] 106341K->73531K(163840K), 0.0050980 secs] [Times: user=0.04 sys=0.00, real=0.01 secs] 
226.427: Total time for which application threads were stopped: 0.0052510 seconds, Stopping threads took: 0.0000680 seconds
226.582: Application time: 0.1546540 seconds
226.582: [GC [PSYoungGen: 50127K->6636K(50176K)] 117022K->83507K(163840K), 0.0049600 secs] [Times: user=0.03 sys=0.00, real=0.01 secs] 
226.587: Total time for which application threads were stopped: 0.0051240 seconds, Stopping threads took: 0.0000770 seconds
226.738: Application time: 0.1514560 seconds
226.738: [GC [PSYoungGen: 50127K->6636K(50176K)] 126997K->93491K(163840K), 0.0049560 secs] [Times: user=0.04 sys=0.00, real=0.01 secs] 
226.743: Total time for which application threads were stopped: 0.0051130 seconds, Stopping threads took: 0.0000610 seconds
226.895: Application time: 0.1517660 seconds
226.895: [GC [PSYoungGen: 50127K->6637K(50176K)] 136982K->104179K(163840K), 0.0051930 secs] [Times: user=0.04 sys=0.00, real=0.00 secs] 
226.900: [Full GC [PSYoungGen: 6637K->0K(50176K)] [ParOldGen: 97542K->26986K(113664K)] 104179K->26986K(163840K) [PSPermGen: 6119K->6119K(21504K)], 0.0099380 secs] [Times: user=0.05 sys=0.00, real=0.02 secs] 
226.910: Total time for which application threads were stopped: 0.0153500 seconds, Stopping threads took: 0.0000740 seconds
227.054: Application time: 0.1435180 seconds
227.054: [GC [PSYoungGen: 43508K->6573K(50176K)] 70494K->44960K(163840K), 0.0052910 secs] [Times: user=0.04 sys=0.00, real=0.00 secs] 
227.059: Total time for which application threads were stopped: 0.0054660 seconds, Stopping threads took: 0.0000900 seconds
227.192: Application time: 0.1321760 seconds
227.192: [GC [PSYoungGen: 50056K->6637K(50176K)] 88443K->54288K(163840K), 0.0046380 secs] [Times: user=0.04 sys=0.00, real=0.00 secs] 
227.196: Total time for which application threads were stopped: 0.0047920 seconds, Stopping threads took: 0.0000700 seconds
227.324: Application time: 0.1275820 seconds
227.325: [GC [PSYoungGen: 49455K->6637K(50176K)] 97106K->63551K(163840K), 0.0047930 secs] [Times: user=0.04 sys=0.00, real=0.00 secs] 
227.330: Total time for which application threads were stopped: 0.0057010 seconds, Stopping threads took: 0.0008120 seconds
227.346: Application time: 0.0167710 seconds
227.347: [GC [PSYoungGen: 50113K->6637K(50176K)] 107028K->67835K(163840K), 0.0036220 secs] [Times: user=0.03 sys=0.00, real=0.01 secs] 
227.350: Total time for which application threads were stopped: 0.0037740 seconds, Stopping threads took: 0.0000660 seconds
227.368: Application time: 0.0182570 seconds
227.369: [GC [PSYoungGen: 50115K->6605K(50176K)] 111314K->69228K(163840K), 0.0027890 secs] [Times: user=0.02 sys=0.00, real=0.01 secs] 
227.371: Total time for which application threads were stopped: 0.0029580 seconds, Stopping threads took: 0.0000840 seconds
227.383: Application time: 0.0116100 seconds
227.383: [GC [PSYoungGen: 50087K->6637K(50176K)] 112710K->71406K(163840K), 0.0030090 secs] [Times: user=0.03 sys=0.00, real=0.00 secs] 
227.386: Total time for which application threads were stopped: 0.0031730 seconds, Stopping threads took: 0.0000810 seconds
227.511: Application time: 0.1252820 seconds
227.512: [GC [PSYoungGen: 50137K->6637K(50176K)] 114906K->81390K(163840K), 0.0049660 secs] [Times: user=0.04 sys=0.00, real=0.00 secs] 
227.517: Total time for which application threads were stopped: 0.0051240 seconds, Stopping threads took: 0.0000720 seconds
227.680: Application time: 0.1629680 seconds
227.680: [GC [PSYoungGen: 50128K->6637K(50176K)] 124881K->91390K(163840K), 0.0049270 secs] [Times: user=0.03 sys=0.00, real=0.01 secs] 
227.685: Total time for which application threads were stopped: 0.0050830 seconds, Stopping threads took: 0.0000670 seconds
227.835: Application time: 0.1501020 seconds
227.835: [GC [PSYoungGen: 50128K->6637K(50176K)] 134881K->100661K(163840K), 0.0047500 secs] [Times: user=0.04 sys=0.00, real=0.00 secs] 
227.840: Total time for which application threads were stopped: 0.0049550 seconds, Stopping threads took: 0.0001070 seconds
227.972: Application time: 0.1325490 seconds
227.972: [GC [PSYoungGen: 50154K->6653K(50176K)] 144179K->110661K(163840K), 0.0051540 secs] [Times: user=0.03 sys=0.00, real=0.00 secs] 
227.978: [Full GC [PSYoungGen: 6653K->0K(50176K)] [ParOldGen: 104008K->29124K(113664K)] 110661K->29124K(163840K) [PSPermGen: 6119K->6119K(21504K)], 0.0105270 secs] [Times: user=0.05 sys=0.00, real=0.01 secs] 
227.988: Total time for which application threads were stopped: 0.0159220 seconds, Stopping threads took: 0.0001010 seconds
228.004: Application time: 0.0155820 seconds
228.004: [GC [PSYoungGen: 43475K->3722K(50176K)] 72600K->32847K(163840K), 0.0014760 secs] [Times: user=0.01 sys=0.00, real=0.00 secs] 
228.005: Total time for which application threads were stopped: 0.0016520 seconds, Stopping threads took: 0.0001020 seconds
228.024: Application time: 0.0180580 seconds
228.024: [GC [PSYoungGen: 47236K->5924K(50176K)] 76361K->35048K(163840K), 0.0021050 secs] [Times: user=0.02 sys=0.00, real=0.00 secs] 
228.026: Total time for which application threads were stopped: 0.0022690 seconds, Stopping threads took: 0.0000740 seconds
228.036: Application time: 0.0102190 seconds
228.037: [GC [PSYoungGen: 49407K->6604K(50176K)] 78531K->37867K(163840K), 0.0028620 secs] [Times: user=0.02 sys=0.00, real=0.00 secs] 
228.040: Total time for which application threads were stopped: 0.0036450 seconds, Stopping threads took: 0.0006990 seconds
228.050: Application time: 0.0101080 seconds
228.050: [GC [PSYoungGen: 50092K->6508K(50176K)] 81354K->43471K(163840K), 0.0038790 secs] [Times: user=0.03 sys=0.00, real=0.01 secs] 
228.054: Total time for which application threads were stopped: 0.0040700 seconds, Stopping threads took: 0.0001050 seconds
228.072: Application time: 0.0179220 seconds
228.072: [GC [PSYoungGen: 49992K->6541K(50176K)] 86955K->48491K(163840K), 0.0037470 secs] [Times: user=0.02 sys=0.00, real=0.00 secs] 
228.076: Total time for which application threads were stopped: 0.0039250 seconds, Stopping threads took: 0.0000920 seconds
228.124: Application time: 0.0480140 seconds
228.124: [GC [PSYoungGen: 50034K->6636K(50176K)] 91984K->52157K(163840K), 0.0031400 secs] [Times: user=0.02 sys=0.00, real=0.00 secs] 
228.127: Total time for which application threads were stopped: 0.0032890 seconds, Stopping threads took: 0.0000660 seconds
228.281: Application time: 0.1543850 seconds
228.281: [GC [PSYoungGen: 50117K->6508K(50176K)] 95638K->62005K(163840K), 0.0048870 secs] [Times: user=0.04 sys=0.01, real=0.01 secs] 
228.286: Total time for which application threads were stopped: 0.0050380 seconds, Stopping threads took: 0.0000670 seconds
228.347: Application time: 0.0602830 seconds
228.347: [GC [PSYoungGen: 50027K->6636K(50176K)] 105523K->72108K(163840K), 0.0050940 secs] [Times: user=0.03 sys=0.00, real=0.01 secs] 
228.352: Total time for which application threads were stopped: 0.0052890 seconds, Stopping threads took: 0.0000980 seconds
228.368: Application time: 0.0158580 seconds
228.368: [GC [PSYoungGen: 50121K->6636K(50176K)] 115593K->73533K(163840K), 0.0027510 secs] [Times: user=0.02 sys=0.00, real=0.01 secs] 
228.371: Total time for which application threads were stopped: 0.0029160 seconds, Stopping threads took: 0.0000800 seconds
228.384: Application time: 0.0137390 seconds
228.385: [GC [PSYoungGen: 49970K->6636K(50176K)] 116867K->76391K(163840K), 0.0031700 secs] [Times: user=0.02 sys=0.00, real=0.00 secs] 
228.388: Total time for which application threads were stopped: 0.0033430 seconds, Stopping threads took: 0.0000880 seconds
228.403: Application time: 0.0155220 seconds
228.403: [GC [PSYoungGen: 49592K->6636K(50176K)] 119347K->82100K(163840K), 0.0039290 secs] [Times: user=0.03 sys=0.00, real=0.00 secs] 
228.407: Total time for which application threads were stopped: 0.0040940 seconds, Stopping threads took: 0.0000780 seconds
228.425: Application time: 0.0172460 seconds
228.425: [GC [PSYoungGen: 50118K->6636K(50176K)] 125582K->82108K(163840K), 0.0024320 secs] [Times: user=0.02 sys=0.00, real=0.00 secs] 
228.427: Total time for which application threads were stopped: 0.0025990 seconds, Stopping threads took: 0.0000840 seconds
228.443: Application time: 0.0154960 seconds
228.443: [GC [PSYoungGen: 50119K->6636K(50176K)] 125591K->84962K(163840K), 0.0032720 secs] [Times: user=0.01 sys=0.00, real=0.00 secs] 
228.446: Total time for which application threads were stopped: 0.0034340 seconds, Stopping threads took: 0.0000780 seconds
228.492: Application time: 0.0458390 seconds
228.492: [GC [PSYoungGen: 49448K->6636K(50176K)] 127774K->94285K(163840K), 0.0049190 secs] [Times: user=0.04 sys=0.00, real=0.00 secs] 
228.497: Total time for which application threads were stopped: 0.0050930 seconds, Stopping threads took: 0.0000910 seconds
228.514: Application time: 0.0166050 seconds
228.514: [GC [PSYoungGen: 50112K->6636K(50176K)] 137760K->97135K(163840K), 0.0032410 secs] [Times: user=0.02 sys=0.01, real=0.00 secs] 
228.517: Total time for which application threads were stopped: 0.0034330 seconds, Stopping threads took: 0.0001090 seconds
228.536: Application time: 0.0192440 seconds
228.537: [GC [PSYoungGen: 50127K->6636K(50176K)] 140626K->99273K(163840K), 0.0029940 secs] [Times: user=0.03 sys=0.00, real=0.00 secs] 
228.540: Total time for which application threads were stopped: 0.0031590 seconds, Stopping threads took: 0.0000800 seconds
228.569: Application time: 0.0295240 seconds
228.569: [GC [PSYoungGen: 50126K->6636K(50176K)] 142763K->106438K(163840K), 0.0041280 secs] [Times: user=0.03 sys=0.00, real=0.01 secs] 
228.573: Total time for which application threads were stopped: 0.0042930 seconds, Stopping threads took: 0.0000810 seconds
228.656: Application time: 0.0829610 seconds
228.657: [GC [PSYoungGen: 50151K->6652K(50176K)] 149952K->116445K(163840K), 0.0051370 secs] [Times: user=0.04 sys=0.00, real=0.00 secs] 
228.662: [Full GC [PSYoungGen: 6652K->0K(50176K)] [ParOldGen: 109792K->26273K(113664K)] 116445K->26273K(163840K) [PSPermGen: 6119K->6119K(21504K)], 0.0098770 secs] [Times: user=0.06 sys=0.00, real=0.02 secs] 
228.672: Total time for which application threads were stopped: 0.0152320 seconds, Stopping threads took: 0.0000820 seconds
228.687: Application time: 0.0156760 seconds
228.687: [GC [PSYoungGen: 43484K->4435K(50176K)] 69758K->30708K(163840K), 0.0016340 secs] [Times: user=0.01 sys=0.00, real=0.00 secs] 
228.689: Total time for which application threads were stopped: 0.0017800 seconds, Stopping threads took: 0.0000700 seconds
228.704: Application time: 0.0153380 seconds
228.705: [GC [PSYoungGen: 47918K->6540K(50176K)] 74191K->32814K(163840K), 0.0023180 secs] [Times: user=0.02 sys=0.00, real=0.00 secs] 
228.707: Total time for which application threads were stopped: 0.0024940 seconds, Stopping threads took: 0.0000910 seconds
228.830: Application time: 0.1227880 seconds
228.830: [GC [PSYoungGen: 50056K->6540K(50176K)] 76329K->42076K(163840K), 0.0046300 secs] [Times: user=0.03 sys=0.00, real=0.01 secs] 
228.835: Total time for which application threads were stopped: 0.0047990 seconds, Stopping threads took: 0.0000820 seconds
228.853: Application time: 0.0182190 seconds
228.853: [GC [PSYoungGen: 50028K->6540K(50176K)] 85564K->49202K(163840K), 0.0043600 secs] [Times: user=0.02 sys=0.00, real=0.00 secs] 
228.857: Total time for which application threads were stopped: 0.0045480 seconds, Stopping threads took: 0.0000890 seconds
228.874: Application time: 0.0167940 seconds
228.874: [GC [PSYoungGen: 50020K->6572K(50176K)] 92681K->52796K(163840K), 0.0032290 secs] [Times: user=0.02 sys=0.00, real=0.00 secs] 
228.877: Total time for which application threads were stopped: 0.0033830 seconds, Stopping threads took: 0.0000700 seconds
228.890: Application time: 0.0129050 seconds
228.891: [GC [PSYoungGen: 50053K->6604K(50176K)] 96277K->53541K(163840K), 0.0026080 secs] [Times: user=0.01 sys=0.00, real=0.00 secs] 
228.893: Total time for which application threads were stopped: 0.0027700 seconds, Stopping threads took: 0.0000760 seconds
229.063: Application time: 0.1693890 seconds
229.063: [GC [PSYoungGen: 50105K->6572K(50176K)] 97042K->64197K(163840K), 0.0050570 secs] [Times: user=0.04 sys=0.00, real=0.00 secs] 
229.068: Total time for which application threads were stopped: 0.0052000 seconds, Stopping threads took: 0.0000560 seconds
229.262: Application time: 0.1942360 seconds
229.262: [GC [PSYoungGen: 50052K->6572K(50176K)] 107676K->73459K(163840K), 0.0047200 secs] [Times: user=0.03 sys=0.00, real=0.00 secs] 
229.267: Total time for which application threads were stopped: 0.0048550 seconds, Stopping threads took: 0.0000540 seconds
229.446: Application time: 0.1790380 seconds
229.446: [GC [PSYoungGen: 50077K->6636K(50176K)] 116964K->84247K(163840K), 0.0051740 secs] [Times: user=0.04 sys=0.00, real=0.01 secs] 
229.451: Total time for which application threads were stopped: 0.0053440 seconds, Stopping threads took: 0.0000660 seconds
229.639: Application time: 0.1876370 seconds
229.640: [GC [PSYoungGen: 50133K->6636K(50176K)] 127743K->94943K(163840K), 0.0051050 secs] [Times: user=0.04 sys=0.00, real=0.01 secs] 
229.645: Total time for which application threads were stopped: 0.0058410 seconds, Stopping threads took: 0.0006470 seconds
229.832: Application time: 0.1876190 seconds
229.832: [GC [PSYoungGen: 50123K->6636K(50176K)] 138429K->105639K(163840K), 0.0051050 secs] [Times: user=0.04 sys=0.00, real=0.00 secs] 
229.838: [Full GC [PSYoungGen: 6636K->0K(50176K)] [ParOldGen: 99002K->29836K(113664K)] 105639K->29836K(163840K) [PSPermGen: 6119K->6119K(21504K)], 0.0107000 secs] [Times: user=0.06 sys=0.00, real=0.01 secs] 
229.848: Total time for which application threads were stopped: 0.0160090 seconds, Stopping threads took: 0.0000690 seconds
230.018: Application time: 0.1691850 seconds
230.018: [GC [PSYoungGen: 43489K->6540K(50176K)] 73325K->46352K(163840K), 0.0049720 secs] [Times: user=0.04 sys=0.00, real=0.01 secs] 
230.023: Total time for which application threads were stopped: 0.0051330 seconds, Stopping threads took: 0.0000650 seconds
230.187: Application time: 0.1643120 seconds
230.187: [GC [PSYoungGen: 50030K->6508K(50176K)] 89841K->57008K(163840K), 0.0050800 secs] [Times: user=0.03 sys=0.00, real=0.01 secs] 
230.192: Total time for which application threads were stopped: 0.0052530 seconds, Stopping threads took: 0.0000860 seconds
230.370: Application time: 0.1781220 seconds
230.370: [GC [PSYoungGen: 50015K->6636K(50176K)] 100515K->67119K(163840K), 0.0047540 secs] [Times: user=0.03 sys=0.00, real=0.00 secs] 
230.375: Total time for which application threads were stopped: 0.0049080 seconds, Stopping threads took: 0.0000730 seconds
230.523: Application time: 0.1473300 seconds
230.523: [GC [PSYoungGen: 50126K->6636K(50176K)] 110609K->77103K(163840K), 0.0048250 secs] [Times: user=0.04 sys=0.00, real=0.00 secs] 
230.528: Total time for which application threads were stopped: 0.0050090 seconds, Stopping threads took: 0.0000850 seconds
230.673: Application time: 0.1457630 seconds
230.673: [GC [PSYoungGen: 50127K->5956K(50176K)] 120594K->87111K(163840K), 0.0049390 secs] [Times: user=0.04 sys=0.00, real=0.00 secs] 
230.678: Total time for which application threads were stopped: 0.0050800 seconds, Stopping threads took: 0.0000600 seconds
230.823: Application time: 0.1446050 seconds
230.823: [GC [PSYoungGen: 49447K->5956K(50176K)] 130602K->97800K(163840K), 0.0048800 secs] [Times: user=0.04 sys=0.00, real=0.00 secs] 
230.828: Total time for which application threads were stopped: 0.0050320 seconds, Stopping threads took: 0.0000690 seconds
230.953: Application time: 0.1253810 seconds
230.954: [GC [PSYoungGen: 49456K->5956K(50176K)] 141299K->108488K(163840K), 0.0049550 secs] [Times: user=0.04 sys=0.00, real=0.00 secs] 
230.959: [Full GC [PSYoungGen: 5956K->0K(50176K)] [ParOldGen: 102532K->26275K(113664K)] 108488K->26275K(163840K) [PSPermGen: 6119K->6119K(21504K)], 0.0100570 secs] [Times: user=0.05 sys=0.00, real=0.01 secs] 
230.969: Total time for which application threads were stopped: 0.0152060 seconds, Stopping threads took: 0.0000590 seconds
231.124: Application time: 0.1552250 seconds
231.124: [GC [PSYoungGen: 43483K->6413K(50176K)] 69758K->42664K(163840K), 0.0049570 secs] [Times: user=0.04 sys=0.00, real=0.00 secs] 
231.129: Total time for which application threads were stopped: 0.0051210 seconds, Stopping threads took: 0.0000710 seconds
231.285: Application time: 0.1556700 seconds
231.285: [GC [PSYoungGen: 49914K->6541K(50176K)] 86165K->52055K(163840K), 0.0046720 secs] [Times: user=0.03 sys=0.00, real=0.00 secs] 
231.290: Total time for which application threads were stopped: 0.0048180 seconds, Stopping threads took: 0.0000600 seconds
231.334: Application time: 0.0442710 seconds
231.334: [GC [PSYoungGen: 50059K->6605K(50176K)] 95573K->60670K(163840K), 0.0047150 secs] [Times: user=0.03 sys=0.01, real=0.00 secs] 
231.339: Total time for which application threads were stopped: 0.0049010 seconds, Stopping threads took: 0.0001000 seconds
231.353: Application time: 0.0140280 seconds
231.353: [GC [PSYoungGen: 50092K->6605K(50176K)] 104158K->64233K(163840K), 0.0033100 secs] [Times: user=0.02 sys=0.00, real=0.00 secs] 
231.356: Total time for which application threads were stopped: 0.0034920 seconds, Stopping threads took: 0.0000960 seconds
231.372: Application time: 0.0154990 seconds
231.372: [GC [PSYoungGen: 50086K->6605K(50176K)] 107715K->64946K(163840K), 0.0025940 secs] [Times: user=0.02 sys=0.00, real=0.00 secs] 
231.375: Total time for which application threads were stopped: 0.0027850 seconds, Stopping threads took: 0.0001070 seconds
231.459: Application time: 0.0843070 seconds
231.459: [GC [PSYoungGen: 50105K->6637K(50176K)] 108446K->74954K(163840K), 0.0048910 secs] [Times: user=0.04 sys=0.00, real=0.01 secs] 
231.464: Total time for which application threads were stopped: 0.0050430 seconds, Stopping threads took: 0.0000700 seconds
231.611: Application time: 0.1467330 seconds
231.611: [GC [PSYoungGen: 50128K->6637K(50176K)] 118445K->84225K(163840K), 0.0048010 secs] [Times: user=0.04 sys=0.00, real=0.00 secs] 
231.616: Total time for which application threads were stopped: 0.0049490 seconds, Stopping threads took: 0.0000640 seconds
231.762: Application time: 0.1461200 seconds
231.762: [GC [PSYoungGen: 50119K->6636K(50176K)] 127707K->94209K(163840K), 0.0049840 secs] [Times: user=0.04 sys=0.00, real=0.01 secs] 
231.767: Total time for which application threads were stopped: 0.0051510 seconds, Stopping threads took: 0.0000750 seconds
231.856: Application time: 0.0886800 seconds
231.856: [GC [PSYoungGen: 50152K->6636K(50176K)] 137724K->104225K(163840K), 0.0050770 secs] [Times: user=0.03 sys=0.00, real=0.00 secs] 
231.861: Total time for which application threads were stopped: 0.0052490 seconds, Stopping threads took: 0.0000800 seconds
231.876: Application time: 0.0154540 seconds
231.876: [GC [PSYoungGen: 50121K->5956K(50176K)] 147709K->105682K(163840K), 0.0028570 secs] [Times: user=0.02 sys=0.00, real=0.00 secs] 
231.879: [Full GC [PSYoungGen: 5956K->0K(50176K)] [ParOldGen: 99725K->32032K(113664K)] 105682K->32032K(163840K) [PSPermGen: 6119K->6119K(21504K)], 0.0094670 secs] [Times: user=0.05 sys=0.00, real=0.01 secs] 
231.889: Total time for which application threads were stopped: 0.0125820 seconds, Stopping threads took: 0.0001180 seconds
231.905: Application time: 0.0158450 seconds
231.905: [GC [PSYoungGen: 43483K->3755K(50176K)] 75515K->35787K(163840K), 0.0014530 secs] [Times: user=0.01 sys=0.00, real=0.00 secs] 
231.906: Total time for which application threads were stopped: 0.0016280 seconds, Stopping threads took: 0.0000980 seconds
231.974: Application time: 0.0673970 seconds
231.974: [GC [PSYoungGen: 46566K->6508K(50176K)] 78599K->48516K(163840K), 0.0050070 secs] [Times: user=0.04 sys=0.00, real=0.00 secs] 
231.979: Total time for which application threads were stopped: 0.0051660 seconds, Stopping threads took: 0.0000780 seconds
231.995: Application time: 0.0159450 seconds
231.995: [GC [PSYoungGen: 49986K->6604K(50176K)] 91994K->52175K(163840K), 0.0033360 secs] [Times: user=0.02 sys=0.00, real=0.00 secs] 
231.998: Total time for which application threads were stopped: 0.0034960 seconds, Stopping threads took: 0.0000760 seconds
232.017: Application time: 0.0182880 seconds
232.017: [GC [PSYoungGen: 50086K->6604K(50176K)] 95656K->55738K(163840K), 0.0034070 secs] [Times: user=0.03 sys=0.00, real=0.00 secs] 
232.020: Total time for which application threads were stopped: 0.0035690 seconds, Stopping threads took: 0.0000750 seconds
232.052: Application time: 0.0314680 seconds
232.052: [GC [PSYoungGen: 50098K->6572K(50176K)] 99231K->58556K(163840K), 0.0028500 secs] [Times: user=0.02 sys=0.00, real=0.00 secs] 
232.055: Total time for which application threads were stopped: 0.0030070 seconds, Stopping threads took: 0.0000800 seconds
232.196: Application time: 0.1409020 seconds
232.196: [GC [PSYoungGen: 50086K->6572K(50176K)] 102069K->68531K(163840K), 0.0048370 secs] [Times: user=0.03 sys=0.00, real=0.00 secs] 
232.201: Total time for which application threads were stopped: 0.0049950 seconds, Stopping threads took: 0.0000740 seconds
232.219: Application time: 0.0186600 seconds
232.219: [GC [PSYoungGen: 50046K->6572K(50176K)] 112004K->70668K(163840K), 0.0028760 secs] [Times: user=0.02 sys=0.00, real=0.01 secs] 
232.222: Total time for which application threads were stopped: 0.0030310 seconds, Stopping threads took: 0.0000710 seconds
232.241: Application time: 0.0187570 seconds
232.242: [GC [PSYoungGen: 50052K->6572K(50176K)] 114148K->71381K(163840K), 0.0025650 secs] [Times: user=0.01 sys=0.00, real=0.01 secs] 
232.244: Total time for which application threads were stopped: 0.0034950 seconds, Stopping threads took: 0.0008440 seconds
232.256: Application time: 0.0110700 seconds
232.256: [GC [PSYoungGen: 50057K->6572K(50176K)] 114866K->74944K(163840K), 0.0032950 secs] [Times: user=0.03 sys=0.00, real=0.00 secs] 
232.259: Total time for which application threads were stopped: 0.0034720 seconds, Stopping threads took: 0.0000950 seconds
232.324: Application time: 0.0647250 seconds
232.324: [GC [PSYoungGen: 49382K->6652K(50176K)] 117754K->85007K(163840K), 0.0050980 secs] [Times: user=0.04 sys=0.00, real=0.00 secs] 
232.329: Total time for which application threads were stopped: 0.0052800 seconds, Stopping threads took: 0.0000870 seconds
232.344: Application time: 0.0146510 seconds
232.344: [GC [PSYoungGen: 50133K->6620K(50176K)] 128487K->89250K(163840K), 0.0035450 secs] [Times: user=0.01 sys=0.01, real=0.00 secs] 
232.347: Total time for which application threads were stopped: 0.0037170 seconds, Stopping threads took: 0.0000900 seconds
232.361: Application time: 0.0138700 seconds
232.361: [GC [PSYoungGen: 49933K->6052K(50176K)] 132563K->91532K(163840K), 0.0030250 secs] [Times: user=0.02 sys=0.00, real=0.01 secs] 
232.364: Total time for which application threads were stopped: 0.0032080 seconds, Stopping threads took: 0.0000990 seconds
232.383: Application time: 0.0186210 seconds
232.383: [GC [PSYoungGen: 49027K->6652K(50176K)] 134507K->94302K(163840K), 0.0030560 secs] [Times: user=0.03 sys=0.00, real=0.00 secs] 
232.386: Total time for which application threads were stopped: 0.0032270 seconds, Stopping threads took: 0.0000810 seconds
232.402: Application time: 0.0154910 seconds
232.402: [GC [PSYoungGen: 50137K->6636K(50176K)] 137787K->96424K(163840K), 0.0030130 secs] [Times: user=0.02 sys=0.01, real=0.01 secs] 
232.405: Total time for which application threads were stopped: 0.0032000 seconds, Stopping threads took: 0.0001020 seconds
232.420: Application time: 0.0146070 seconds
232.420: [GC [PSYoungGen: 50123K->6652K(50176K)] 139910K->101427K(163840K), 0.0038420 secs] [Times: user=0.02 sys=0.00, real=0.01 secs] 
232.424: Total time for which application threads were stopped: 0.0040290 seconds, Stopping threads took: 0.0000990 seconds
232.519: Application time: 0.0953740 seconds
232.519: [GC [PSYoungGen: 50144K->6636K(50176K)] 144919K->112107K(163840K), 0.0051450 secs] [Times: user=0.03 sys=0.00, real=0.01 secs] 
232.524: [Full GC [PSYoungGen: 6636K->0K(50176K)] [ParOldGen: 105470K->27699K(113664K)] 112107K->27699K(163840K) [PSPermGen: 6119K->6119K(21504K)], 0.0102140 secs] [Times: user=0.06 sys=0.00, real=0.01 secs] 
232.535: Total time for which application threads were stopped: 0.0155560 seconds, Stopping threads took: 0.0000660 seconds
232.597: Application time: 0.0620410 seconds
232.597: [GC [PSYoungGen: 43516K->6508K(50176K)] 71215K->42045K(163840K), 0.0045070 secs] [Times: user=0.03 sys=0.00, real=0.00 secs] 
232.601: Total time for which application threads were stopped: 0.0046860 seconds, Stopping threads took: 0.0000910 seconds
232.617: Application time: 0.0160290 seconds
232.617: [GC [PSYoungGen: 49985K->6540K(50176K)] 85522K->44927K(163840K), 0.0031810 secs] [Times: user=0.03 sys=0.00, real=0.00 secs] 
232.621: Total time for which application threads were stopped: 0.0033450 seconds, Stopping threads took: 0.0000810 seconds
232.634: Application time: 0.0135860 seconds
232.634: [GC [PSYoungGen: 50025K->6508K(50176K)] 88412K->47745K(163840K), 0.0032160 secs] [Times: user=0.03 sys=0.00, real=0.00 secs] 
232.638: Total time for which application threads were stopped: 0.0034180 seconds, Stopping threads took: 0.0001150 seconds
232.720: Application time: 0.0823090 seconds
232.720: [GC [PSYoungGen: 49319K->6540K(50176K)] 90556K->58465K(163840K), 0.0052710 secs] [Times: user=0.04 sys=0.00, real=0.01 secs] 
232.725: Total time for which application threads were stopped: 0.0054520 seconds, Stopping threads took: 0.0000850 seconds
232.741: Application time: 0.0157580 seconds
232.741: [GC [PSYoungGen: 50018K->6572K(50176K)] 101943K->62772K(163840K), 0.0036020 secs] [Times: user=0.02 sys=0.00, real=0.01 secs] 
232.745: Total time for which application threads were stopped: 0.0037880 seconds, Stopping threads took: 0.0001010 seconds
232.764: Application time: 0.0193260 seconds
232.764: [GC [PSYoungGen: 50063K->6605K(50176K)] 106263K->66367K(163840K), 0.0032970 secs] [Times: user=0.02 sys=0.00, real=0.00 secs] 
232.768: Total time for which application threads were stopped: 0.0034690 seconds, Stopping threads took: 0.0000880 seconds
232.812: Application time: 0.0440970 seconds
232.812: [GC [PSYoungGen: 50099K->6604K(50176K)] 109862K->72067K(163840K), 0.0037960 secs] [Times: user=0.03 sys=0.00, real=0.00 secs] 
232.816: Total time for which application threads were stopped: 0.0039470 seconds, Stopping threads took: 0.0000680 seconds
233.009: Application time: 0.1935050 seconds
233.009: [GC [PSYoungGen: 50090K->6636K(50176K)] 115553K->81369K(163840K), 0.0046760 secs] [Times: user=0.04 sys=0.00, real=0.01 secs] 
233.014: Total time for which application threads were stopped: 0.0048340 seconds, Stopping threads took: 0.0000600 seconds
233.207: Application time: 0.1927390 seconds
233.207: [GC [PSYoungGen: 50122K->6636K(50176K)] 124855K->90632K(163840K), 0.0047020 secs] [Times: user=0.04 sys=0.00, real=0.01 secs] 
233.212: Total time for which application threads were stopped: 0.0048540 seconds, Stopping threads took: 0.0000670 seconds
233.402: Application time: 0.1904960 seconds
233.402: [GC [PSYoungGen: 50139K->5988K(50176K)] 134135K->100671K(163840K), 0.0048660 secs] [Times: user=0.03 sys=0.00, real=0.00 secs] 
233.407: Total time for which application threads were stopped: 0.0050140 seconds, Stopping threads took: 0.0000670 seconds
233.579: Application time: 0.1719110 seconds
233.579: [GC [PSYoungGen: 49476K->6020K(50176K)] 144160K->112104K(163840K), 0.0051700 secs] [Times: user=0.04 sys=0.00, real=0.01 secs] 
233.585: [Full GC [PSYoungGen: 6020K->0K(50176K)] [ParOldGen: 106084K->29836K(113664K)] 112104K->29836K(163840K) [PSPermGen: 6119K->6119K(21504K)], 0.0104300 secs] [Times: user=0.05 sys=0.00, real=0.01 secs] 
233.595: Total time for which application threads were stopped: 0.0158150 seconds, Stopping threads took: 0.0000690 seconds
233.797: Application time: 0.2020120 seconds
233.797: [GC [PSYoungGen: 43488K->6476K(50176K)] 73325K->46288K(163840K), 0.0048660 secs] [Times: user=0.03 sys=0.00, real=0.01 secs] 
233.802: Total time for which application threads were stopped: 0.0050150 seconds, Stopping threads took: 0.0000660 seconds
233.966: Application time: 0.1637200 seconds
233.966: [GC [PSYoungGen: 49965K->6540K(50176K)] 89777K->57040K(163840K), 0.0051120 secs] [Times: user=0.04 sys=0.00, real=0.01 secs] 
233.971: Total time for which application threads were stopped: 0.0052630 seconds, Stopping threads took: 0.0000680 seconds
234.145: Application time: 0.1735200 seconds
234.145: [GC [PSYoungGen: 50030K->6636K(50176K)] 100529K->67832K(163840K), 0.0051910 secs] [Times: user=0.04 sys=0.00, real=0.00 secs] 
234.150: Total time for which application threads were stopped: 0.0053630 seconds, Stopping threads took: 0.0000760 seconds
234.316: Application time: 0.1659210 seconds
234.316: [GC [PSYoungGen: 50143K->6604K(50176K)] 111339K->78488K(163840K), 0.0051140 secs] [Times: user=0.03 sys=0.00, real=0.00 secs] 
234.321: Total time for which application threads were stopped: 0.0052650 seconds, Stopping threads took: 0.0000680 seconds
234.459: Application time: 0.1382090 seconds
234.459: [GC [PSYoungGen: 50103K->6636K(50176K)] 121987K->89216K(163840K), 0.0050990 secs] [Times: user=0.04 sys=0.00, real=0.01 secs] 
234.465: Total time for which application threads were stopped: 0.0052640 seconds, Stopping threads took: 0.0000830 seconds
234.618: Application time: 0.1538130 seconds
234.619: [GC [PSYoungGen: 50127K->6637K(50176K)] 132707K->98488K(163840K), 0.0046760 secs] [Times: user=0.03 sys=0.00, real=0.01 secs] 
234.623: Total time for which application threads were stopped: 0.0048230 seconds, Stopping threads took: 0.0000630 seconds
234.764: Application time: 0.1406400 seconds
234.764: [GC [PSYoungGen: 50128K->6637K(50176K)] 141979K->108464K(163840K), 0.0049500 secs] [Times: user=0.03 sys=0.00, real=0.00 secs] 
234.769: [Full GC [PSYoungGen: 6637K->0K(50176K)] [ParOldGen: 101827K->26275K(113664K)] 108464K->26275K(163840K) [PSPermGen: 6119K->6119K(21504K)], 0.0097440 secs] [Times: user=0.06 sys=0.00, real=0.01 secs] 
234.779: Total time for which application threads were stopped: 0.0149070 seconds, Stopping threads took: 0.0000670 seconds
234.922: Application time: 0.1429640 seconds
234.922: [GC [PSYoungGen: 43491K->6509K(50176K)] 69766K->42760K(163840K), 0.0049740 secs] [Times: user=0.04 sys=0.00, real=0.01 secs] 
234.927: Total time for which application threads were stopped: 0.0051330 seconds, Stopping threads took: 0.0000750 seconds
235.076: Application time: 0.1491590 seconds
235.076: [GC [PSYoungGen: 49992K->6541K(50176K)] 86244K->50631K(163840K), 0.0043180 secs] [Times: user=0.03 sys=0.01, real=0.00 secs] 
235.081: Total time for which application threads were stopped: 0.0044990 seconds, Stopping threads took: 0.0000980 seconds
235.221: Application time: 0.1403820 seconds
235.221: [GC [PSYoungGen: 50041K->6637K(50176K)] 94131K->60703K(163840K), 0.0048580 secs] [Times: user=0.04 sys=0.00, real=0.01 secs] 
235.226: Total time for which application threads were stopped: 0.0050020 seconds, Stopping threads took: 0.0000560 seconds
235.297: Application time: 0.0706040 seconds
235.297: [GC [PSYoungGen: 50153K->6637K(50176K)] 104219K->70679K(163840K), 0.0050760 secs] [Times: user=0.04 sys=0.00, real=0.00 secs] 
235.302: Total time for which application threads were stopped: 0.0052770 seconds, Stopping threads took: 0.0000980 seconds
235.318: Application time: 0.0163930 seconds
235.318: [GC [PSYoungGen: 50130K->6637K(50176K)] 114172K->72104K(163840K), 0.0027460 secs] [Times: user=0.02 sys=0.00, real=0.00 secs] 
235.321: Total time for which application threads were stopped: 0.0029050 seconds, Stopping threads took: 0.0000750 seconds
235.338: Application time: 0.0167200 seconds
235.338: [GC [PSYoungGen: 50118K->6573K(50176K)] 115585K->72753K(163840K), 0.0026180 secs] [Times: user=0.01 sys=0.00, real=0.00 secs] 
235.341: Total time for which application threads were stopped: 0.0028190 seconds, Stopping threads took: 0.0001010 seconds
235.427: Application time: 0.0865310 seconds
235.427: [GC [PSYoungGen: 50072K->6637K(50176K)] 116253K->82801K(163840K), 0.0048800 secs] [Times: user=0.04 sys=0.00, real=0.01 secs] 
235.432: Total time for which application threads were stopped: 0.0050280 seconds, Stopping threads took: 0.0000650 seconds
235.571: Application time: 0.1389110 seconds
235.571: [GC [PSYoungGen: 50128K->6637K(50176K)] 126292K->92793K(163840K), 0.0049350 secs] [Times: user=0.04 sys=0.00, real=0.00 secs] 
235.576: Total time for which application threads were stopped: 0.0050870 seconds, Stopping threads took: 0.0000670 seconds
235.685: Application time: 0.1090960 seconds
235.685: [GC [PSYoungGen: 50153K->5956K(50176K)] 136309K->103513K(163840K), 0.0053650 secs] [Times: user=0.04 sys=0.00, real=0.01 secs] 
235.691: [Full GC [PSYoungGen: 5956K->0K(50176K)] [ParOldGen: 97556K->32033K(113664K)] 103513K->32033K(163840K) [PSPermGen: 6119K->6119K(21504K)], 0.0097970 secs] [Times: user=0.05 sys=0.00, real=0.00 secs] 
235.701: Total time for which application threads were stopped: 0.0153800 seconds, Stopping threads took: 0.0000810 seconds
235.717: Application time: 0.0160540 seconds
235.717: [GC [PSYoungGen: 43484K->5115K(50176K)] 75517K->37149K(163840K), 0.0016500 secs] [Times: user=0.01 sys=0.00, real=0.00 secs] 
235.719: Total time for which application threads were stopped: 0.0018110 seconds, Stopping threads took: 0.0000820 seconds
235.736: Application time: 0.0170830 seconds
235.736: [GC [PSYoungGen: 48599K->6541K(50176K)] 80632K->43562K(163840K), 0.0036460 secs] [Times: user=0.02 sys=0.00, real=0.00 secs] 
235.739: Total time for which application threads were stopped: 0.0038140 seconds, Stopping threads took: 0.0000850 seconds
235.791: Application time: 0.0518300 seconds
235.791: [GC [PSYoungGen: 50029K->6508K(50176K)] 87051K->51368K(163840K), 0.0043320 secs] [Times: user=0.03 sys=0.00, real=0.00 secs] 
235.796: Total time for which application threads were stopped: 0.0044720 seconds, Stopping threads took: 0.0000560 seconds
235.882: Application time: 0.0859860 seconds
235.886: [GC [PSYoungGen: 50024K->6476K(50176K)] 94884K->59886K(163840K), 0.0047100 secs] [Times: user=0.04 sys=0.00, real=0.01 secs] 
235.891: Total time for which application threads were stopped: 0.0090360 seconds, Stopping threads took: 0.0042300 seconds
235.907: Application time: 0.0165910 seconds
235.908: [GC [PSYoungGen: 49960K->6636K(50176K)] 103370K->61472K(163840K), 0.0027610 secs] [Times: user=0.02 sys=0.00, real=0.01 secs] 
235.910: Total time for which application threads were stopped: 0.0029400 seconds, Stopping threads took: 0.0000950 seconds
235.926: Application time: 0.0158410 seconds
235.926: [GC [PSYoungGen: 50121K->6573K(50176K)] 104956K->65683K(163840K), 0.0035700 secs] [Times: user=0.02 sys=0.00, real=0.00 secs] 
235.930: Total time for which application threads were stopped: 0.0037440 seconds, Stopping threads took: 0.0000850 seconds
236.000: Application time: 0.0695670 seconds
236.000: [GC [PSYoungGen: 50064K->6540K(50176K)] 109174K->73489K(163840K), 0.0043390 secs] [Times: user=0.03 sys=0.00, real=0.01 secs] 
236.004: Total time for which application threads were stopped: 0.0044920 seconds, Stopping threads took: 0.0000710 seconds
236.153: Application time: 0.1488650 seconds
236.153: [GC [PSYoungGen: 50021K->6508K(50176K)] 116969K->82720K(163840K), 0.0047770 secs] [Times: user=0.03 sys=0.00, real=0.00 secs] 
236.158: Total time for which application threads were stopped: 0.0049330 seconds, Stopping threads took: 0.0000710 seconds
236.204: Application time: 0.0463840 seconds
236.204: [GC [PSYoungGen: 50023K->6636K(50176K)] 126234K->89973K(163840K), 0.0043250 secs] [Times: user=0.03 sys=0.00, real=0.00 secs] 
236.209: Total time for which application threads were stopped: 0.0045060 seconds, Stopping threads took: 0.0000940 seconds
236.225: Application time: 0.0162080 seconds
236.225: [GC [PSYoungGen: 50120K->6636K(50176K)] 133456K->92111K(163840K), 0.0030320 secs] [Times: user=0.02 sys=0.00, real=0.00 secs] 
236.228: Total time for which application threads were stopped: 0.0032010 seconds, Stopping threads took: 0.0000840 seconds
236.241: Application time: 0.0133270 seconds
236.242: [GC [PSYoungGen: 50121K->6636K(50176K)] 135595K->95673K(163840K), 0.0034020 secs] [Times: user=0.03 sys=0.00, real=0.01 secs] 
236.245: Total time for which application threads were stopped: 0.0035750 seconds, Stopping threads took: 0.0000860 seconds
236.272: Application time: 0.0272620 seconds
236.272: [GC [PSYoungGen: 50156K->6636K(50176K)] 139193K->99260K(163840K), 0.0033890 secs] [Times: user=0.02 sys=0.00, real=0.00 secs] 
236.276: Total time for which application threads were stopped: 0.0035570 seconds, Stopping threads took: 0.0000850 seconds
236.291: Application time: 0.0150760 seconds
236.291: [GC [PSYoungGen: 50115K->6620K(50176K)] 142738K->102094K(163840K), 0.0031390 secs] [Times: user=0.02 sys=0.00, real=0.00 secs] 
236.294: Total time for which application threads were stopped: 0.0033160 seconds, Stopping threads took: 0.0000910 seconds
236.309: Application time: 0.0147240 seconds
236.309: [GC [PSYoungGen: 50102K->6636K(50176K)] 145575K->102822K(163840K), 0.0026460 secs] [Times: user=0.02 sys=0.00, real=0.01 secs] 
236.312: Total time for which application threads were stopped: 0.0028210 seconds, Stopping threads took: 0.0000910 seconds
236.348: Application time: 0.0367130 seconds
236.349: [GC [PSYoungGen: 50156K->6652K(50176K)] 146342K->110740K(163840K), 0.0045620 secs] [Times: user=0.04 sys=0.00, real=0.01 secs] 
236.353: [Full GC [PSYoungGen: 6652K->0K(50176K)] [ParOldGen: 104087K->26987K(113664K)] 110740K->26987K(163840K) [PSPermGen: 6119K->6119K(21504K)], 0.0098310 secs] [Times: user=0.05 sys=0.00, real=0.01 secs] 
236.363: Total time for which application threads were stopped: 0.0146210 seconds, Stopping threads took: 0.0000840 seconds
236.380: Application time: 0.0173120 seconds
236.381: [GC [PSYoungGen: 43350K->1617K(50176K)] 70337K->28604K(163840K), 0.0007420 secs] [Times: user=0.00 sys=0.00, real=0.00 secs] 
236.381: Total time for which application threads were stopped: 0.0009110 seconds, Stopping threads took: 0.0001040 seconds
236.395: Application time: 0.0132590 seconds
236.395: [GC [PSYoungGen: 44551K->5179K(50176K)] 71538K->32167K(163840K), 0.0018220 secs] [Times: user=0.01 sys=0.00, real=0.00 secs] 
236.397: Total time for which application threads were stopped: 0.0019870 seconds, Stopping threads took: 0.0000760 seconds
236.409: Application time: 0.0125900 seconds
236.409: [GC [PSYoungGen: 48662K->6540K(50176K)] 75650K->39940K(163840K), 0.0039710 secs] [Times: user=0.03 sys=0.00, real=0.01 secs] 
236.413: Total time for which application threads were stopped: 0.0041460 seconds, Stopping threads took: 0.0000890 seconds
236.424: Application time: 0.0107780 seconds
236.424: [GC [PSYoungGen: 50019K->6508K(50176K)] 83419K->42046K(163840K), 0.0029610 secs] [Times: user=0.02 sys=0.00, real=0.00 secs] 
236.427: Total time for which application threads were stopped: 0.0031480 seconds, Stopping threads took: 0.0000980 seconds
236.443: Application time: 0.0159420 seconds
236.443: [GC [PSYoungGen: 50001K->6636K(50176K)] 85539K->46449K(163840K), 0.0035850 secs] [Times: user=0.03 sys=0.00, real=0.00 secs] 
236.447: Total time for which application threads were stopped: 0.0037600 seconds, Stopping threads took: 0.0000890 seconds
236.522: Application time: 0.0752190 seconds
236.522: [GC [PSYoungGen: 50129K->6540K(50176K)] 89942K->56328K(163840K), 0.0048810 secs] [Times: user=0.04 sys=0.00, real=0.00 secs] 
236.527: Total time for which application threads were stopped: 0.0050290 seconds, Stopping threads took: 0.0000670 seconds
236.574: Application time: 0.0469910 seconds
236.574: [GC [PSYoungGen: 50057K->6636K(50176K)] 99845K->65687K(163840K), 0.0048900 secs] [Times: user=0.04 sys=0.00, real=0.00 secs] 
236.579: Total time for which application threads were stopped: 0.0050490 seconds, Stopping threads took: 0.0000730 seconds
236.595: Application time: 0.0157070 seconds
236.595: [GC [PSYoungGen: 50115K->6620K(50176K)] 109166K->69234K(163840K), 0.0033180 secs] [Times: user=0.03 sys=0.00, real=0.00 secs] 
236.598: Total time for which application threads were stopped: 0.0034780 seconds, Stopping threads took: 0.0000760 seconds
236.613: Application time: 0.0141590 seconds
236.613: [GC [PSYoungGen: 50103K->6604K(50176K)] 112717K->71355K(163840K), 0.0030220 secs] [Times: user=0.02 sys=0.00, real=0.00 secs] 
236.616: Total time for which application threads were stopped: 0.0031960 seconds, Stopping threads took: 0.0000890 seconds
236.770: Application time: 0.1542380 seconds
236.770: [GC [PSYoungGen: 50101K->6636K(50176K)] 114852K->82091K(163840K), 0.0051280 secs] [Times: user=0.04 sys=0.00, real=0.00 secs] 
236.775: Total time for which application threads were stopped: 0.0052680 seconds, Stopping threads took: 0.0000560 seconds
236.941: Application time: 0.1659250 seconds
236.941: [GC [PSYoungGen: 50124K->6636K(50176K)] 125579K->92066K(163840K), 0.0048990 secs] [Times: user=0.04 sys=0.00, real=0.01 secs] 
236.946: Total time for which application threads were stopped: 0.0050580 seconds, Stopping threads took: 0.0000640 seconds
237.138: Application time: 0.1921350 seconds
237.139: [GC [PSYoungGen: 50116K->6636K(50176K)] 135546K->102041K(163840K), 0.0048970 secs] [Times: user=0.04 sys=0.00, real=0.01 secs] 
237.143: Total time for which application threads were stopped: 0.0050380 seconds, Stopping threads took: 0.0000570 seconds
237.320: Application time: 0.1765060 seconds
237.320: [GC [PSYoungGen: 50154K->5988K(50176K)] 145559K->113506K(163840K), 0.0053000 secs] [Times: user=0.04 sys=0.00, real=0.01 secs] 
237.325: [Full GC [PSYoungGen: 5988K->0K(50176K)] [ParOldGen: 107518K->27699K(113664K)] 113506K->27699K(163840K) [PSPermGen: 6119K->6119K(21504K)], 0.0100680 secs] [Times: user=0.06 sys=0.00, real=0.01 secs] 
237.336: Total time for which application threads were stopped: 0.0155820 seconds, Stopping threads took: 0.0000720 seconds
237.530: Application time: 0.1940350 seconds
237.530: [GC [PSYoungGen: 43486K->6476K(50176K)] 71186K->44151K(163840K), 0.0049050 secs] [Times: user=0.04 sys=0.00, real=0.01 secs] 
237.535: Total time for which application threads were stopped: 0.0050600 seconds, Stopping threads took: 0.0000620 seconds
237.727: Application time: 0.1919210 seconds
237.727: [GC [PSYoungGen: 49965K->6572K(50176K)] 87640K->53510K(163840K), 0.0046900 secs] [Times: user=0.03 sys=0.00, real=0.01 secs] 
237.731: Total time for which application threads were stopped: 0.0048600 seconds, Stopping threads took: 0.0000850 seconds
237.891: Application time: 0.1598940 seconds
237.891: [GC [PSYoungGen: 50061K->6572K(50176K)] 96999K->62773K(163840K), 0.0047050 secs] [Times: user=0.04 sys=0.00, real=0.00 secs] 
237.896: Total time for which application threads were stopped: 0.0048520 seconds, Stopping threads took: 0.0000640 seconds
238.098: Application time: 0.2021290 seconds
238.098: [GC [PSYoungGen: 50053K->6604K(50176K)] 106254K->72068K(163840K), 0.0046360 secs] [Times: user=0.03 sys=0.00, real=0.01 secs] 
238.103: Total time for which application threads were stopped: 0.0047900 seconds, Stopping threads took: 0.0000620 seconds
238.246: Application time: 0.1427250 seconds
238.246: [GC [PSYoungGen: 50111K->6636K(50176K)] 115575K->82796K(163840K), 0.0050640 secs] [Times: user=0.04 sys=0.00, real=0.01 secs] 
238.251: Total time for which application threads were stopped: 0.0052130 seconds, Stopping threads took: 0.0000670 seconds
238.391: Application time: 0.1404020 seconds
238.392: [GC [PSYoungGen: 50135K->6636K(50176K)] 126295K->94918K(163840K), 0.0055600 secs] [Times: user=0.04 sys=0.00, real=0.00 secs] 
238.397: Total time for which application threads were stopped: 0.0057040 seconds, Stopping threads took: 0.0000600 seconds
238.543: Application time: 0.1455710 seconds
238.543: [GC [PSYoungGen: 50127K->6637K(50176K)] 138408K->104189K(163840K), 0.0047260 secs] [Times: user=0.04 sys=0.00, real=0.00 secs] 
238.548: [Full GC [PSYoungGen: 6637K->0K(50176K)] [ParOldGen: 97552K->24850K(113664K)] 104189K->24850K(163840K) [PSPermGen: 6119K->6119K(21504K)], 0.0095780 secs] [Times: user=0.05 sys=0.00, real=0.01 secs] 
238.557: Total time for which application threads were stopped: 0.0145050 seconds, Stopping threads took: 0.0000670 seconds
238.702: Application time: 0.1449230 seconds
238.702: [GC [PSYoungGen: 43491K->6541K(50176K)] 68341K->41367K(163840K), 0.0049020 secs] [Times: user=0.04 sys=0.00, real=0.00 secs] 
238.707: Total time for which application threads were stopped: 0.0050560 seconds, Stopping threads took: 0.0000630 seconds
238.849: Application time: 0.1413340 seconds
238.849: [GC [PSYoungGen: 50032K->6509K(50176K)] 84859K->52024K(163840K), 0.0051220 secs] [Times: user=0.04 sys=0.00, real=0.01 secs] 
238.854: Total time for which application threads were stopped: 0.0052720 seconds, Stopping threads took: 0.0000650 seconds
239.003: Application time: 0.1489780 seconds
239.003: [GC [PSYoungGen: 49992K->6541K(50176K)] 95507K->61320K(163840K), 0.0047050 secs] [Times: user=0.04 sys=0.00, real=0.00 secs] 
239.008: Total time for which application threads were stopped: 0.0048510 seconds, Stopping threads took: 0.0000650 seconds
239.142: Application time: 0.1341410 seconds
239.142: [GC [PSYoungGen: 50042K->6637K(50176K)] 104820K->71392K(163840K), 0.0048510 secs] [Times: user=0.04 sys=0.00, real=0.01 secs] 
239.147: Total time for which application threads were stopped: 0.0049960 seconds, Stopping threads took: 0.0000650 seconds
239.198: Application time: 0.0511230 seconds
239.198: [GC [PSYoungGen: 49455K->6637K(50176K)] 114210K->79951K(163840K), 0.0047150 secs] [Times: user=0.04 sys=0.00, real=0.01 secs] 
239.203: Total time for which application threads were stopped: 0.0049200 seconds, Stopping threads took: 0.0001090 seconds
239.217: Application time: 0.0143440 seconds
239.217: [GC [PSYoungGen: 50124K->6637K(50176K)] 123438K->83514K(163840K), 0.0034000 secs] [Times: user=0.03 sys=0.00, real=0.00 secs] 
239.221: Total time for which application threads were stopped: 0.0035870 seconds, Stopping threads took: 0.0000890 seconds
239.237: Application time: 0.0160680 seconds
239.237: [GC [PSYoungGen: 50118K->6637K(50176K)] 126995K->83522K(163840K), 0.0023900 secs] [Times: user=0.01 sys=0.00, real=0.00 secs] 
239.239: Total time for which application threads were stopped: 0.0025540 seconds, Stopping threads took: 0.0000810 seconds
239.339: Application time: 0.0995150 seconds
239.339: [GC [PSYoungGen: 50128K->6637K(50176K)] 127013K->93505K(163840K), 0.0049040 secs] [Times: user=0.04 sys=0.00, real=0.01 secs] 
239.344: Total time for which application threads were stopped: 0.0050710 seconds, Stopping threads took: 0.0000850 seconds
239.503: Application time: 0.1588300 seconds
239.503: [GC [PSYoungGen: 50128K->6636K(50176K)] 136997K->103481K(163840K), 0.0049520 secs] [Times: user=0.03 sys=0.00, real=0.00 secs] 
239.508: Total time for which application threads were stopped: 0.0051090 seconds, Stopping threads took: 0.0000680 seconds
239.544: Application time: 0.0356770 seconds
239.544: [GC [PSYoungGen: 50150K->5988K(50176K)] 146994K->112096K(163840K), 0.0046550 secs] [Times: user=0.03 sys=0.00, real=0.00 secs] 
239.549: [Full GC [PSYoungGen: 5988K->0K(50176K)] [ParOldGen: 106107K->30657K(113664K)] 112096K->30657K(163840K) [PSPermGen: 6119K->6119K(21504K)], 0.0094280 secs] [Times: user=0.05 sys=0.00, real=0.01 secs] 
239.558: Total time for which application threads were stopped: 0.0146390 seconds, Stopping threads took: 0.0004140 seconds
239.575: Application time: 0.0167620 seconds
239.575: [GC [PSYoungGen: 43482K->2297K(50176K)] 74140K->32954K(163840K), 0.0009940 secs] [Times: user=0.00 sys=0.00, real=0.00 secs] 
239.576: Total time for which application threads were stopped: 0.0011450 seconds, Stopping threads took: 0.0000860 seconds
239.590: Application time: 0.0141220 seconds
239.590: [GC [PSYoungGen: 45778K->2978K(50176K)] 76436K->33635K(163840K), 0.0012590 secs] [Times: user=0.01 sys=0.00, real=0.00 secs] 
239.592: Total time for which application threads were stopped: 0.0014070 seconds, Stopping threads took: 0.0000800 seconds
239.699: Application time: 0.1069980 seconds
239.699: [GC [PSYoungGen: 46468K->6508K(50176K)] 77125K->47141K(163840K), 0.0049420 secs] [Times: user=0.04 sys=0.00, real=0.01 secs] 
239.704: Total time for which application threads were stopped: 0.0050900 seconds, Stopping threads took: 0.0000610 seconds
239.798: Application time: 0.0939910 seconds
239.798: [GC [PSYoungGen: 50023K->6540K(50176K)] 90656K->55724K(163840K), 0.0045910 secs] [Times: user=0.04 sys=0.00, real=0.01 secs] 
239.803: Total time for which application threads were stopped: 0.0050270 seconds, Stopping threads took: 0.0003350 seconds
239.818: Application time: 0.0150670 seconds
239.818: [GC [PSYoungGen: 50029K->6604K(50176K)] 99212K->60063K(163840K), 0.0034040 secs] [Times: user=0.02 sys=0.00, real=0.00 secs] 
239.821: Total time for which application threads were stopped: 0.0035790 seconds, Stopping threads took: 0.0000930 seconds
239.838: Application time: 0.0168660 seconds
239.838: [GC [PSYoungGen: 50088K->6572K(50176K)] 103547K->63594K(163840K), 0.0033270 secs] [Times: user=0.02 sys=0.00, real=0.00 secs] 
239.842: Total time for which application threads were stopped: 0.0034800 seconds, Stopping threads took: 0.0000720 seconds
239.906: Application time: 0.0640140 seconds
239.906: [GC [PSYoungGen: 50064K->6540K(50176K)] 107085K->71399K(163840K), 0.0043190 secs] [Times: user=0.03 sys=0.00, real=0.01 secs] 
239.910: Total time for which application threads were stopped: 0.0044900 seconds, Stopping threads took: 0.0000860 seconds
240.058: Application time: 0.1473980 seconds
240.058: [GC [PSYoungGen: 50055K->6540K(50176K)] 114914K->81375K(163840K), 0.0048600 secs] [Times: user=0.03 sys=0.00, real=0.01 secs] 
240.063: Total time for which application threads were stopped: 0.0050180 seconds, Stopping threads took: 0.0000750 seconds
240.081: Application time: 0.0177400 seconds
240.081: [GC [PSYoungGen: 50014K->6540K(50176K)] 124848K->83512K(163840K), 0.0029810 secs] [Times: user=0.02 sys=0.00, real=0.01 secs] 
240.084: Total time for which application threads were stopped: 0.0031660 seconds, Stopping threads took: 0.0001020 seconds
240.100: Application time: 0.0163590 seconds
240.100: [GC [PSYoungGen: 50021K->6636K(50176K)] 126993K->86458K(163840K), 0.0032250 secs] [Times: user=0.02 sys=0.00, real=0.01 secs] 
240.103: Total time for which application threads were stopped: 0.0033910 seconds, Stopping threads took: 0.0000830 seconds
240.117: Application time: 0.0134520 seconds
240.117: [GC [PSYoungGen: 50134K->6636K(50176K)] 129957K->87883K(163840K), 0.0025980 secs] [Times: user=0.02 sys=0.00, real=0.00 secs] 
240.120: Total time for which application threads were stopped: 0.0027610 seconds, Stopping threads took: 0.0000820 seconds
240.151: Application time: 0.0310290 seconds
240.154: [GC [PSYoungGen: 50148K->6636K(50176K)] 131396K->94296K(163840K), 0.0041580 secs] [Times: user=0.02 sys=0.01, real=0.00 secs] 
240.158: Total time for which application threads were stopped: 0.0075820 seconds, Stopping threads took: 0.0033400 seconds
240.176: Application time: 0.0173860 seconds
240.176: [GC [PSYoungGen: 50114K->6620K(50176K)] 137773K->97130K(163840K), 0.0031780 secs] [Times: user=0.02 sys=0.00, real=0.00 secs] 
240.179: Total time for which application threads were stopped: 0.0033500 seconds, Stopping threads took: 0.0000850 seconds
240.192: Application time: 0.0127950 seconds
240.192: [GC [PSYoungGen: 50103K->6636K(50176K)] 140613K->99284K(163840K), 0.0030260 secs] [Times: user=0.02 sys=0.01, real=0.00 secs] 
240.195: Total time for which application threads were stopped: 0.0031980 seconds, Stopping threads took: 0.0000870 seconds
240.249: Application time: 0.0537490 seconds
240.249: [GC [PSYoungGen: 50155K->6636K(50176K)] 142802K->106485K(163840K), 0.0043810 secs] [Times: user=0.04 sys=0.00, real=0.01 secs] 
240.253: Total time for which application threads were stopped: 0.0045780 seconds, Stopping threads took: 0.0001080 seconds
240.268: Application time: 0.0148630 seconds
240.268: [GC [PSYoungGen: 50124K->6636K(50176K)] 149973K->109335K(163840K), 0.0030570 secs] [Times: user=0.02 sys=0.00, real=0.01 secs] 
240.272: [Full GC [PSYoungGen: 6636K->0K(50176K)] [ParOldGen: 102698K->25562K(113664K)] 109335K->25562K(163840K) [PSPermGen: 6119K->6119K(21504K)], 0.0097290 secs] [Times: user=0.05 sys=0.00, real=0.00 secs] 
240.281: Total time for which application threads were stopped: 0.0131440 seconds, Stopping threads took: 0.0002190 seconds
240.297: Application time: 0.0157420 seconds
240.297: [GC [PSYoungGen: 43518K->5179K(50176K)] 69080K->30742K(163840K), 0.0019580 secs] [Times: user=0.01 sys=0.00, real=0.00 secs] 
240.299: Total time for which application threads were stopped: 0.0021300 seconds, Stopping threads took: 0.0000910 seconds
240.310: Application time: 0.0105420 seconds
240.310: [GC [PSYoungGen: 48654K->6508K(50176K)] 74216K->32070K(163840K), 0.0021350 secs] [Times: user=0.02 sys=0.00, real=0.01 secs] 
240.312: Total time for which application threads were stopped: 0.0023170 seconds, Stopping threads took: 0.0000930 seconds
240.328: Application time: 0.0154990 seconds
240.328: [GC [PSYoungGen: 50003K->6572K(50176K)] 75565K->35697K(163840K), 0.0033250 secs] [Times: user=0.02 sys=0.00, real=0.01 secs] 
240.331: Total time for which application threads were stopped: 0.0034970 seconds, Stopping threads took: 0.0000890 seconds
240.347: Application time: 0.0154950 seconds
240.347: [GC [PSYoungGen: 49950K->6588K(50176K)] 79075K->36426K(163840K), 0.0025400 secs] [Times: user=0.02 sys=0.00, real=0.00 secs] 
240.349: Total time for which application threads were stopped: 0.0026830 seconds, Stopping threads took: 0.0000620 seconds
240.365: Application time: 0.0158350 seconds
240.365: [GC [PSYoungGen: 49497K->6524K(50176K)] 79334K->40637K(163840K), 0.0035190 secs] [Times: user=0.03 sys=0.00, real=0.00 secs] 
240.369: Total time for which application threads were stopped: 0.0036990 seconds, Stopping threads took: 0.0000920 seconds
240.385: Application time: 0.0158000 seconds
240.385: [GC [PSYoungGen: 50010K->6588K(50176K)] 84123K->44976K(163840K), 0.0035770 secs] [Times: user=0.03 sys=0.00, real=0.00 secs] 
240.388: Total time for which application threads were stopped: 0.0037440 seconds, Stopping threads took: 0.0000820 seconds
240.405: Application time: 0.0165970 seconds
240.405: [GC [PSYoungGen: 50073K->6652K(50176K)] 88461K->46465K(163840K), 0.0026760 secs] [Times: user=0.02 sys=0.00, real=0.00 secs] 
240.408: Total time for which application threads were stopped: 0.0028800 seconds, Stopping threads took: 0.0001180 seconds
240.499: Application time: 0.0914910 seconds
240.499: [GC [PSYoungGen: 50144K->6604K(50176K)] 89957K->57104K(163840K), 0.0050500 secs] [Times: user=0.04 sys=0.00, real=0.01 secs] 
240.505: Total time for which application threads were stopped: 0.0051970 seconds, Stopping threads took: 0.0000630 seconds
240.679: Application time: 0.1741300 seconds
240.679: [GC [PSYoungGen: 50092K->6604K(50176K)] 100592K->67080K(163840K), 0.0049230 secs] [Times: user=0.04 sys=0.00, real=0.01 secs] 
240.684: Total time for which application threads were stopped: 0.0050760 seconds, Stopping threads took: 0.0000690 seconds
240.879: Application time: 0.1949930 seconds
240.879: [GC [PSYoungGen: 50092K->6636K(50176K)] 110568K->77103K(163840K), 0.0048650 secs] [Times: user=0.03 sys=0.00, real=0.01 secs] 
240.884: Total time for which application threads were stopped: 0.0050570 seconds, Stopping threads took: 0.0000950 seconds
241.083: Application time: 0.1987900 seconds
241.083: [GC [PSYoungGen: 50124K->6636K(50176K)] 120591K->87827K(163840K), 0.0051020 secs] [Times: user=0.04 sys=0.00, real=0.00 secs] 
241.088: Total time for which application threads were stopped: 0.0052560 seconds, Stopping threads took: 0.0000700 seconds
241.256: Application time: 0.1685380 seconds
241.256: [GC [PSYoungGen: 50147K->5988K(50176K)] 131338K->99291K(163840K), 0.0053270 secs] [Times: user=0.04 sys=0.00, real=0.00 secs] 
241.262: Total time for which application threads were stopped: 0.0054840 seconds, Stopping threads took: 0.0000720 seconds
241.472: Application time: 0.2098900 seconds
241.472: [GC [PSYoungGen: 49476K->6636K(50176K)] 142779K->109955K(163840K), 0.0049200 secs] [Times: user=0.03 sys=0.00, real=0.00 secs] 
241.477: [Full GC [PSYoungGen: 6636K->0K(50176K)] [ParOldGen: 103318K->29837K(113664K)] 109955K->29837K(163840K) [PSPermGen: 6119K->6119K(21504K)], 0.0107160 secs] [Times: user=0.06 sys=0.00, real=0.01 secs] 
241.488: Total time for which application threads were stopped: 0.0158390 seconds, Stopping threads took: 0.0000540 seconds
241.657: Application time: 0.1697170 seconds
241.657: [GC [PSYoungGen: 43489K->6540K(50176K)] 73326K->44928K(163840K), 0.0043550 secs] [Times: user=0.03 sys=0.00, real=0.00 secs] 
241.662: Total time for which application threads were stopped: 0.0044860 seconds, Stopping threads took: 0.0000460 seconds
241.824: Application time: 0.1625400 seconds
241.824: [GC [PSYoungGen: 50030K->6540K(50176K)] 88418K->54904K(163840K), 0.0048520 secs] [Times: user=0.04 sys=0.00, real=0.00 secs] 
241.829: Total time for which application threads were stopped: 0.0050280 seconds, Stopping threads took: 0.0000910 seconds
242.006: Application time: 0.1768510 seconds
242.006: [GC [PSYoungGen: 50028K->6636K(50176K)] 98392K->63550K(163840K), 0.0043950 secs] [Times: user=0.03 sys=0.00, real=0.01 secs] 
242.011: Total time for which application threads were stopped: 0.0045680 seconds, Stopping threads took: 0.0000780 seconds
242.161: Application time: 0.1505490 seconds
242.161: [GC [PSYoungGen: 50126K->6604K(50176K)] 107040K->74206K(163840K), 0.0050520 secs] [Times: user=0.04 sys=0.00, real=0.01 secs] 
242.167: Total time for which application threads were stopped: 0.0052170 seconds, Stopping threads took: 0.0000830 seconds
242.309: Application time: 0.1427640 seconds
242.309: [GC [PSYoungGen: 49417K->6636K(50176K)] 117019K->83510K(163840K), 0.0047650 secs] [Times: user=0.03 sys=0.00, real=0.01 secs] 
242.314: Total time for which application threads were stopped: 0.0049390 seconds, Stopping threads took: 0.0000930 seconds
242.459: Application time: 0.1446200 seconds
242.459: [GC [PSYoungGen: 50118K->6637K(50176K)] 126991K->93494K(163840K), 0.0049540 secs] [Times: user=0.03 sys=0.00, real=0.01 secs] 
242.464: Total time for which application threads were stopped: 0.0051090 seconds, Stopping threads took: 0.0000690 seconds
242.609: Application time: 0.1445200 seconds
242.609: [GC [PSYoungGen: 50119K->6637K(50176K)] 136976K->102757K(163840K), 0.0047780 secs] [Times: user=0.03 sys=0.00, real=0.01 secs] 
242.613: Total time for which application threads were stopped: 0.0049620 seconds, Stopping threads took: 0.0000850 seconds
242.757: Application time: 0.1432900 seconds
242.757: [GC [PSYoungGen: 50128K->6605K(50176K)] 146249K->112701K(163840K), 0.0049450 secs] [Times: user=0.04 sys=0.00, real=0.00 secs] 
242.762: [Full GC [PSYoungGen: 6605K->0K(50176K)] [ParOldGen: 106096K->26989K(113664K)] 112701K->26989K(163840K) [PSPermGen: 6119K->6119K(21504K)], 0.0099050 secs] [Times: user=0.05 sys=0.00, real=0.02 secs] 
242.772: Total time for which application threads were stopped: 0.0150510 seconds, Stopping threads took: 0.0000690 seconds
242.911: Application time: 0.1389830 seconds
242.911: [GC [PSYoungGen: 43483K->6413K(50176K)] 70472K->42666K(163840K), 0.0046900 secs] [Times: user=0.03 sys=0.00, real=0.00 secs] 
242.916: Total time for which application threads were stopped: 0.0048480 seconds, Stopping threads took: 0.0000750 seconds
243.062: Application time: 0.1461600 seconds
243.062: [GC [PSYoungGen: 49357K->6621K(50176K)] 85610K->50712K(163840K), 0.0042570 secs] [Times: user=0.03 sys=0.00, real=0.01 secs] 
243.066: Total time for which application threads were stopped: 0.0044110 seconds, Stopping threads took: 0.0000720 seconds
243.093: Application time: 0.0263570 seconds
243.093: [GC [PSYoungGen: 49977K->6573K(50176K)] 94069K->56365K(163840K), 0.0039000 secs] [Times: user=0.02 sys=0.00, real=0.00 secs] 
243.097: Total time for which application threads were stopped: 0.0040670 seconds, Stopping threads took: 0.0000810 seconds
243.118: Application time: 0.0211500 seconds
243.118: [GC [PSYoungGen: 50063K->6637K(50176K)] 99855K->59287K(163840K), 0.0030410 secs] [Times: user=0.02 sys=0.00, real=0.00 secs] 
243.121: Total time for which application threads were stopped: 0.0033090 seconds, Stopping threads took: 0.0001670 seconds
243.134: Application time: 0.0133100 seconds
243.135: [GC [PSYoungGen: 50130K->6605K(50176K)] 102781K->62818K(163840K), 0.0034290 secs] [Times: user=0.02 sys=0.00, real=0.00 secs] 
243.138: Total time for which application threads were stopped: 0.0036080 seconds, Stopping threads took: 0.0000950 seconds
243.250: Application time: 0.1115190 seconds
243.250: [GC [PSYoungGen: 50105K->6637K(50176K)] 106318K->74267K(163840K), 0.0053560 secs] [Times: user=0.04 sys=0.00, real=0.01 secs] 
243.255: Total time for which application threads were stopped: 0.0055110 seconds, Stopping threads took: 0.0000720 seconds
243.377: Application time: 0.1223490 seconds
243.378: [GC [PSYoungGen: 50154K->6637K(50176K)] 117784K->84955K(163840K), 0.0053290 secs] [Times: user=0.04 sys=0.00, real=0.01 secs] 
243.383: Total time for which application threads were stopped: 0.0054970 seconds, Stopping threads took: 0.0000840 seconds
243.399: Application time: 0.0162770 seconds
243.399: [GC [PSYoungGen: 50113K->6653K(50176K)] 128432K->87117K(163840K), 0.0030310 secs] [Times: user=0.02 sys=0.00, real=0.01 secs] 
243.402: Total time for which application threads were stopped: 0.0031980 seconds, Stopping threads took: 0.0000840 seconds
243.420: Application time: 0.0179540 seconds
243.420: [GC [PSYoungGen: 50135K->6637K(50176K)] 130599K->89951K(163840K), 0.0032090 secs] [Times: user=0.03 sys=0.00, real=0.01 secs] 
243.424: Total time for which application threads were stopped: 0.0033870 seconds, Stopping threads took: 0.0000850 seconds
243.453: Application time: 0.0288580 seconds
243.453: [GC [PSYoungGen: 50132K->6636K(50176K)] 133446K->93562K(163840K), 0.0031840 secs] [Times: user=0.02 sys=0.00, real=0.00 secs] 
243.456: Total time for which application threads were stopped: 0.0033400 seconds, Stopping threads took: 0.0000740 seconds
243.614: Application time: 0.1580150 seconds
243.614: [GC [PSYoungGen: 50118K->6636K(50176K)] 137044K->103546K(163840K), 0.0050590 secs] [Times: user=0.04 sys=0.00, real=0.00 secs] 
243.619: Total time for which application threads were stopped: 0.0052230 seconds, Stopping threads took: 0.0000820 seconds
243.666: Application time: 0.0472960 seconds
243.667: [GC [PSYoungGen: 50153K->6636K(50176K)] 147062K->111407K(163840K), 0.0045080 secs] [Times: user=0.04 sys=0.00, real=0.01 secs] 
243.671: [Full GC [PSYoungGen: 6636K->0K(50176K)] [ParOldGen: 104771K->29126K(113664K)] 111407K->29126K(163840K) [PSPermGen: 6119K->6119K(21504K)], 0.0103970 secs] [Times: user=0.05 sys=0.00, real=0.00 secs] 
243.682: Total time for which application threads were stopped: 0.0151250 seconds, Stopping threads took: 0.0000720 seconds
243.699: Application time: 0.0170230 seconds
243.699: [GC [PSYoungGen: 43475K->1617K(50176K)] 72601K->30743K(163840K), 0.0007730 secs] [Times: user=0.00 sys=0.00, real=0.00 secs] 
243.700: Total time for which application threads were stopped: 0.0009240 seconds, Stopping threads took: 0.0000850 seconds
243.713: Application time: 0.0131330 seconds
243.713: [GC [PSYoungGen: 45100K->4467K(50176K)] 74226K->33594K(163840K), 0.0016860 secs] [Times: user=0.01 sys=0.00, real=0.00 secs] 
243.715: Total time for which application threads were stopped: 0.0018620 seconds, Stopping threads took: 0.0000970 seconds
243.832: Application time: 0.1177470 seconds
243.832: [GC [PSYoungGen: 47956K->6540K(50176K)] 77083K->45642K(163840K), 0.0048160 secs] [Times: user=0.03 sys=0.00, real=0.00 secs] 
243.837: Total time for which application threads were stopped: 0.0049730 seconds, Stopping threads took: 0.0000740 seconds
243.939: Application time: 0.1012520 seconds
243.939: [GC [PSYoungGen: 50055K->6540K(50176K)] 89157K->55618K(163840K), 0.0050140 secs] [Times: user=0.03 sys=0.00, real=0.01 secs] 
243.944: Total time for which application threads were stopped: 0.0051750 seconds, Stopping threads took: 0.0000740 seconds
243.957: Application time: 0.0128450 seconds
243.957: [GC [PSYoungGen: 50022K->6508K(50176K)] 99099K->62711K(163840K), 0.0042870 secs] [Times: user=0.03 sys=0.01, real=0.00 secs] 
243.961: Total time for which application threads were stopped: 0.0044450 seconds, Stopping threads took: 0.0000710 seconds
243.981: Application time: 0.0197510 seconds
243.981: [GC [PSYoungGen: 49996K->6508K(50176K)] 106199K->63424K(163840K), 0.0025450 secs] [Times: user=0.01 sys=0.00, real=0.01 secs] 
243.983: Total time for which application threads were stopped: 0.0027150 seconds, Stopping threads took: 0.0000830 seconds
244.034: Application time: 0.0502400 seconds
244.034: [GC [PSYoungGen: 50008K->6604K(50176K)] 106923K->71357K(163840K), 0.0043350 secs] [Times: user=0.03 sys=0.00, real=0.00 secs] 
244.038: Total time for which application threads were stopped: 0.0046770 seconds, Stopping threads took: 0.0002600 seconds
244.066: Application time: 0.0274990 seconds
244.066: [GC [PSYoungGen: 50114K->6604K(50176K)] 114867K->75632K(163840K), 0.0036120 secs] [Times: user=0.02 sys=0.00, real=0.00 secs] 
244.070: Total time for which application threads were stopped: 0.0037910 seconds, Stopping threads took: 0.0000970 seconds
244.087: Application time: 0.0174860 seconds
244.087: [GC [PSYoungGen: 50084K->6636K(50176K)] 119112K->79939K(163840K), 0.0035650 secs] [Times: user=0.02 sys=0.00, real=0.01 secs] 
244.091: Total time for which application threads were stopped: 0.0037340 seconds, Stopping threads took: 0.0000860 seconds
244.103: Application time: 0.0122630 seconds
244.103: [GC [PSYoungGen: 50117K->6636K(50176K)] 123420K->80660K(163840K), 0.0026100 secs] [Times: user=0.02 sys=0.00, real=0.00 secs] 
244.106: Total time for which application threads were stopped: 0.0027980 seconds, Stopping threads took: 0.0000840 seconds
244.151: Application time: 0.0447810 seconds
244.151: [GC [PSYoungGen: 49451K->6636K(50176K)] 123474K->89242K(163840K), 0.0046870 secs] [Times: user=0.03 sys=0.00, real=0.00 secs] 
244.156: Total time for which application threads were stopped: 0.0048500 seconds, Stopping threads took: 0.0000780 seconds
244.171: Application time: 0.0150690 seconds
244.171: [GC [PSYoungGen: 50145K->6636K(50176K)] 132751K->90667K(163840K), 0.0027520 secs] [Times: user=0.02 sys=0.00, real=0.00 secs] 
244.174: Total time for which application threads were stopped: 0.0031540 seconds, Stopping threads took: 0.0003090 seconds
244.187: Application time: 0.0127850 seconds
244.187: [GC [PSYoungGen: 50116K->6637K(50176K)] 134147K->92861K(163840K), 0.0029110 secs] [Times: user=0.02 sys=0.00, real=0.01 secs] 
244.190: Total time for which application threads were stopped: 0.0035590 seconds, Stopping threads took: 0.0005580 seconds
244.200: Application time: 0.0095020 seconds
244.200: [GC [PSYoungGen: 50116K->6636K(50176K)] 136341K->94999K(163840K), 0.0029850 secs] [Times: user=0.02 sys=0.00, real=0.01 secs] 
244.203: Total time for which application threads were stopped: 0.0032470 seconds, Stopping threads took: 0.0001790 seconds
244.218: Application time: 0.0147230 seconds
244.218: [GC [PSYoungGen: 50150K->6652K(50176K)] 138512K->95727K(163840K), 0.0025580 secs] [Times: user=0.01 sys=0.00, real=0.00 secs] 
244.221: Total time for which application threads were stopped: 0.0030710 seconds, Stopping threads took: 0.0004280 seconds
244.233: Application time: 0.0119170 seconds
244.233: [GC [PSYoungGen: 50143K->6036K(50176K)] 139218K->98674K(163840K), 0.0031460 secs] [Times: user=0.02 sys=0.00, real=0.00 secs] 
244.236: Total time for which application threads were stopped: 0.0033170 seconds, Stopping threads took: 0.0000850 seconds
244.246: Application time: 0.0095280 seconds
244.246: [GC [PSYoungGen: 49516K->6636K(50176K)] 142154K->102152K(163840K), 0.0031390 secs] [Times: user=0.02 sys=0.00, real=0.00 secs] 
244.249: Total time for which application threads were stopped: 0.0034000 seconds, Stopping threads took: 0.0001790 seconds
244.265: Application time: 0.0158090 seconds
244.265: [GC [PSYoungGen: 50124K->6636K(50176K)] 145640K->105018K(163840K), 0.0031970 secs] [Times: user=0.02 sys=0.00, real=0.00 secs] 
244.268: Total time for which application threads were stopped: 0.0033770 seconds, Stopping threads took: 0.0000930 seconds
244.282: Application time: 0.0140260 seconds
244.282: [GC [PSYoungGen: 50119K->6636K(50176K)] 148501K->107940K(163840K), 0.0032490 secs] [Times: user=0.02 sys=0.00, real=0.00 secs] 
244.286: Total time for which application threads were stopped: 0.0034280 seconds, Stopping threads took: 0.0000920 seconds
244.421: Application time: 0.1351930 seconds
244.421: [GC [PSYoungGen: 50131K->6636K(50176K)] 151436K->117924K(163840K), 0.0048980 secs] [Times: user=0.04 sys=0.00, real=0.01 secs] 
244.426: [Full GC [PSYoungGen: 6636K->0K(50176K)] [ParOldGen: 111287K->25563K(113664K)] 117924K->25563K(163840K) [PSPermGen: 6119K->6119K(21504K)], 0.0096610 secs] [Times: user=0.05 sys=0.00, real=0.01 secs] 
244.436: Total time for which application threads were stopped: 0.0147640 seconds, Stopping threads took: 0.0000730 seconds
244.621: Application time: 0.1857780 seconds
244.621: [GC [PSYoungGen: 43479K->6412K(50176K)] 69042K->41951K(163840K), 0.0049000 secs] [Times: user=0.03 sys=0.00, real=0.01 secs] 
244.626: Total time for which application threads were stopped: 0.0050620 seconds, Stopping threads took: 0.0000730 seconds
244.819: Application time: 0.1929490 seconds
244.819: [GC [PSYoungGen: 49900K->6508K(50176K)] 85439K->52022K(163840K), 0.0048770 secs] [Times: user=0.04 sys=0.00, real=0.01 secs] 
244.824: Total time for which application threads were stopped: 0.0050400 seconds, Stopping threads took: 0.0000690 seconds
245.014: Application time: 0.1899670 seconds
245.014: [GC [PSYoungGen: 50002K->6572K(50176K)] 95516K->62061K(163840K), 0.0048770 secs] [Times: user=0.04 sys=0.00, real=0.00 secs] 
245.019: Total time for which application threads were stopped: 0.0050190 seconds, Stopping threads took: 0.0000620 seconds
245.209: Application time: 0.1892620 seconds
245.209: [GC [PSYoungGen: 50081K->6636K(50176K)] 105570K->74246K(163840K), 0.0054690 secs] [Times: user=0.04 sys=0.00, real=0.01 secs] 
245.214: Total time for which application threads were stopped: 0.0056140 seconds, Stopping threads took: 0.0000620 seconds
245.412: Application time: 0.1974640 seconds
245.412: [GC [PSYoungGen: 50124K->5956K(50176K)] 117734K->83541K(163840K), 0.0046710 secs] [Times: user=0.04 sys=0.00, real=0.00 secs] 
245.417: Total time for which application threads were stopped: 0.0048420 seconds, Stopping threads took: 0.0000790 seconds
245.595: Application time: 0.1782100 seconds
245.595: [GC [PSYoungGen: 49445K->5956K(50176K)] 127030K->94229K(163840K), 0.0049560 secs] [Times: user=0.04 sys=0.00, real=0.00 secs] 
245.600: Total time for which application threads were stopped: 0.0050990 seconds, Stopping threads took: 0.0000580 seconds
245.797: Application time: 0.1968960 seconds
245.797: [GC [PSYoungGen: 49436K->5956K(50176K)] 137709K->104204K(163840K), 0.0046920 secs] [Times: user=0.04 sys=0.00, real=0.00 secs] 
245.802: [Full GC [PSYoungGen: 5956K->0K(50176K)] [ParOldGen: 98248K->28413K(113664K)] 104204K->28413K(163840K) [PSPermGen: 6119K->6119K(21504K)], 0.0101570 secs] [Times: user=0.05 sys=0.00, real=0.02 secs] 
245.812: Total time for which application threads were stopped: 0.0150680 seconds, Stopping threads took: 0.0000820 seconds
245.996: Application time: 0.1837700 seconds
245.996: [GC [PSYoungGen: 43481K->6412K(50176K)] 71894K->44089K(163840K), 0.0046120 secs] [Times: user=0.03 sys=0.00, real=0.00 secs] 
246.000: Total time for which application threads were stopped: 0.0047730 seconds, Stopping threads took: 0.0000680 seconds
246.161: Application time: 0.1605200 seconds
246.161: [GC [PSYoungGen: 49920K->6572K(50176K)] 87596K->55650K(163840K), 0.0052430 secs] [Times: user=0.04 sys=0.01, real=0.01 secs] 
246.166: Total time for which application threads were stopped: 0.0053960 seconds, Stopping threads took: 0.0000680 seconds
246.299: Application time: 0.1324390 seconds
246.299: [GC [PSYoungGen: 50081K->6636K(50176K)] 99158K->67115K(163840K), 0.0052150 secs] [Times: user=0.04 sys=0.00, real=0.01 secs] 
246.304: Total time for which application threads were stopped: 0.0053660 seconds, Stopping threads took: 0.0000640 seconds
246.439: Application time: 0.1350600 seconds
246.439: [GC [PSYoungGen: 50127K->6637K(50176K)] 110606K->77099K(163840K), 0.0048940 secs] [Times: user=0.03 sys=0.00, real=0.01 secs] 
246.444: Total time for which application threads were stopped: 0.0050480 seconds, Stopping threads took: 0.0000710 seconds
246.582: Application time: 0.1382760 seconds
246.583: [GC [PSYoungGen: 50128K->5956K(50176K)] 120590K->87819K(163840K), 0.0051370 secs] [Times: user=0.04 sys=0.00, real=0.00 secs] 
246.588: Total time for which application threads were stopped: 0.0052940 seconds, Stopping threads took: 0.0000640 seconds
246.740: Application time: 0.1526600 seconds
246.741: [GC [PSYoungGen: 49439K->6637K(50176K)] 131302K->97771K(163840K), 0.0047530 secs] [Times: user=0.04 sys=0.00, real=0.01 secs] 
246.745: Total time for which application threads were stopped: 0.0049290 seconds, Stopping threads took: 0.0000890 seconds
246.894: Application time: 0.1490210 seconds
246.894: [GC [PSYoungGen: 50129K->6637K(50176K)] 141263K->107043K(163840K), 0.0047280 secs] [Times: user=0.03 sys=0.00, real=0.00 secs] 
246.899: [Full GC [PSYoungGen: 6637K->0K(50176K)] [ParOldGen: 100406K->26990K(113664K)] 107043K->26990K(163840K) [PSPermGen: 6119K->6119K(21504K)], 0.0098830 secs] [Times: user=0.06 sys=0.00, real=0.01 secs] 
246.909: Total time for which application threads were stopped: 0.0148170 seconds, Stopping threads took: 0.0000730 seconds
247.031: Application time: 0.1220570 seconds
247.031: [GC [PSYoungGen: 42811K->6509K(50176K)] 69802K->43475K(163840K), 0.0048460 secs] [Times: user=0.04 sys=0.00, real=0.00 secs] 
247.036: Total time for which application threads were stopped: 0.0050400 seconds, Stopping threads took: 0.0001110 seconds
247.053: Application time: 0.0171700 seconds
247.054: [GC [PSYoungGen: 49983K->6477K(50176K)] 86949K->47006K(163840K), 0.0034100 secs] [Times: user=0.02 sys=0.00, real=0.00 secs] 
247.057: Total time for which application threads were stopped: 0.0036050 seconds, Stopping threads took: 0.0001090 seconds
247.075: Application time: 0.0179590 seconds
247.075: [GC [PSYoungGen: 49958K->6573K(50176K)] 90487K->50665K(163840K), 0.0033050 secs] [Times: user=0.03 sys=0.00, real=0.00 secs] 
247.079: Total time for which application threads were stopped: 0.0034600 seconds, Stopping threads took: 0.0000730 seconds
247.090: Application time: 0.0116260 seconds
247.090: [GC [PSYoungGen: 50063K->6605K(50176K)] 94156K->52835K(163840K), 0.0030000 secs] [Times: user=0.02 sys=0.00, real=0.00 secs] 
247.093: Total time for which application threads were stopped: 0.0031700 seconds, Stopping threads took: 0.0000790 seconds
247.228: Application time: 0.1344480 seconds
247.228: [GC [PSYoungGen: 50113K->6637K(50176K)] 96343K->64980K(163840K), 0.0055460 secs] [Times: user=0.04 sys=0.00, real=0.01 secs] 
247.233: Total time for which application threads were stopped: 0.0057130 seconds, Stopping threads took: 0.0000820 seconds
247.359: Application time: 0.1250590 seconds
247.359: [GC [PSYoungGen: 50155K->6636K(50176K)] 108499K->74964K(163840K), 0.0050870 secs] [Times: user=0.04 sys=0.00, real=0.01 secs] 
247.364: Total time for which application threads were stopped: 0.0052570 seconds, Stopping threads took: 0.0000860 seconds
247.380: Application time: 0.0165260 seconds
247.380: [GC [PSYoungGen: 50112K->6636K(50176K)] 118440K->77822K(163840K), 0.0032700 secs] [Times: user=0.03 sys=0.00, real=0.01 secs] 
247.384: Total time for which application threads were stopped: 0.0034540 seconds, Stopping threads took: 0.0001010 seconds
247.402: Application time: 0.0185360 seconds
247.402: [GC [PSYoungGen: 50119K->6637K(50176K)] 121305K->80697K(163840K), 0.0031540 secs] [Times: user=0.02 sys=0.00, real=0.00 secs] 
247.406: Total time for which application threads were stopped: 0.0033170 seconds, Stopping threads took: 0.0000810 seconds
247.427: Application time: 0.0216890 seconds
247.427: [GC [PSYoungGen: 50132K->6636K(50176K)] 124192K->84259K(163840K), 0.0031820 secs] [Times: user=0.03 sys=0.00, real=0.01 secs] 
247.431: Total time for which application threads were stopped: 0.0033380 seconds, Stopping threads took: 0.0000740 seconds
247.520: Application time: 0.0895290 seconds
247.520: [GC [PSYoungGen: 50152K->6652K(50176K)] 127774K->95007K(163840K), 0.0052990 secs] [Times: user=0.04 sys=0.00, real=0.01 secs] 
247.526: Total time for which application threads were stopped: 0.0054700 seconds, Stopping threads took: 0.0000850 seconds
247.541: Application time: 0.0149440 seconds
247.541: [GC [PSYoungGen: 50139K->6636K(50176K)] 138494K->98570K(163840K), 0.0033940 secs] [Times: user=0.02 sys=0.00, real=0.01 secs] 
247.544: Total time for which application threads were stopped: 0.0035560 seconds, Stopping threads took: 0.0000790 seconds
247.561: Application time: 0.0166680 seconds
247.561: [GC [PSYoungGen: 50118K->6637K(50176K)] 142051K->98586K(163840K), 0.0024050 secs] [Times: user=0.01 sys=0.00, real=0.01 secs] 
247.563: Total time for which application threads were stopped: 0.0025820 seconds, Stopping threads took: 0.0000890 seconds
247.657: Application time: 0.0936550 seconds
247.657: [GC [PSYoungGen: 50129K->6636K(50176K)] 142078K->108562K(163840K), 0.0047810 secs] [Times: user=0.04 sys=0.00, real=0.00 secs] 
247.662: [Full GC [PSYoungGen: 6636K->0K(50176K)] [ParOldGen: 101925K->28615K(113664K)] 108562K->28615K(163840K) [PSPermGen: 6119K->6119K(21504K)], 0.0102760 secs] [Times: user=0.05 sys=0.00, real=0.01 secs] 
247.672: Total time for which application threads were stopped: 0.0152530 seconds, Stopping threads took: 0.0000480 seconds
247.831: Application time: 0.1585410 seconds
247.831: [GC [PSYoungGen: 43480K->6412K(50176K)] 72096K->44291K(163840K), 0.0046340 secs] [Times: user=0.03 sys=0.00, real=0.00 secs] 
247.836: Total time for which application threads were stopped: 0.0048040 seconds, Stopping threads took: 0.0000830 seconds
247.862: Application time: 0.0267690 seconds
247.863: [GC [PSYoungGen: 49925K->6508K(50176K)] 87803K->50087K(163840K), 0.0039370 secs] [Times: user=0.03 sys=0.00, real=0.00 secs] 
247.867: Total time for which application threads were stopped: 0.0041060 seconds, Stopping threads took: 0.0000840 seconds
247.882: Application time: 0.0157040 seconds
247.882: [GC [PSYoungGen: 49989K->6476K(50176K)] 93568K->54330K(163840K), 0.0035330 secs] [Times: user=0.02 sys=0.00, real=0.00 secs] 
247.886: Total time for which application threads were stopped: 0.0037050 seconds, Stopping threads took: 0.0000810 seconds
247.900: Application time: 0.0135270 seconds
247.900: [GC [PSYoungGen: 49959K->6540K(50176K)] 97813K->57245K(163840K), 0.0032070 secs] [Times: user=0.03 sys=0.00, real=0.01 secs] 
247.903: Total time for which application threads were stopped: 0.0034010 seconds, Stopping threads took: 0.0001050 seconds
247.954: Application time: 0.0513190 seconds
247.954: [GC [PSYoungGen: 50058K->6588K(50176K)] 100762K->62993K(163840K), 0.0039160 secs] [Times: user=0.03 sys=0.00, real=0.00 secs] 
247.958: Total time for which application threads were stopped: 0.0040720 seconds, Stopping threads took: 0.0000690 seconds
247.973: Application time: 0.0147400 seconds
247.973: [GC [PSYoungGen: 50083K->6604K(50176K)] 106487K->67284K(163840K), 0.0035300 secs] [Times: user=0.03 sys=0.00, real=0.00 secs] 
247.977: Total time for which application threads were stopped: 0.0036930 seconds, Stopping threads took: 0.0000800 seconds
247.993: Application time: 0.0161290 seconds
247.993: [GC [PSYoungGen: 50087K->6637K(50176K)] 110766K->70166K(163840K), 0.0032220 secs] [Times: user=0.02 sys=0.00, real=0.00 secs] 
247.996: Total time for which application threads were stopped: 0.0033930 seconds, Stopping threads took: 0.0000880 seconds
248.069: Application time: 0.0730690 seconds
248.069: [GC [PSYoungGen: 50129K->6604K(50176K)] 113658K->80822K(163840K), 0.0051380 secs] [Times: user=0.04 sys=0.00, real=0.01 secs] 
248.075: Total time for which application threads were stopped: 0.0052950 seconds, Stopping threads took: 0.0000750 seconds
248.160: Application time: 0.0854640 seconds
248.160: [GC [PSYoungGen: 50123K->6636K(50176K)] 124340K->91541K(163840K), 0.0053150 secs] [Times: user=0.03 sys=0.00, real=0.01 secs] 
248.166: Total time for which application threads were stopped: 0.0055070 seconds, Stopping threads took: 0.0000970 seconds
248.181: Application time: 0.0154480 seconds
248.181: [GC [PSYoungGen: 50139K->6652K(50176K)] 135044K->92286K(163840K), 0.0025910 secs] [Times: user=0.01 sys=0.00, real=0.01 secs] 
248.184: Total time for which application threads were stopped: 0.0027730 seconds, Stopping threads took: 0.0000950 seconds
248.195: Application time: 0.0115190 seconds
248.196: [GC [PSYoungGen: 50142K->5956K(50176K)] 135776K->95152K(163840K), 0.0031230 secs] [Times: user=0.02 sys=0.00, real=0.00 secs] 
248.199: Total time for which application threads were stopped: 0.0040090 seconds, Stopping threads took: 0.0007990 seconds
248.209: Application time: 0.0093270 seconds
248.209: [GC [PSYoungGen: 49437K->6020K(50176K)] 138634K->97354K(163840K), 0.0027490 secs] [Times: user=0.02 sys=0.00, real=0.01 secs] 
248.212: Total time for which application threads were stopped: 0.0029550 seconds, Stopping threads took: 0.0001210 seconds
248.226: Application time: 0.0142010 seconds
248.226: [GC [PSYoungGen: 49509K->6652K(50176K)] 140843K->103010K(163840K), 0.0037990 secs] [Times: user=0.03 sys=0.00, real=0.00 secs] 
248.230: Total time for which application threads were stopped: 0.0039820 seconds, Stopping threads took: 0.0000910 seconds
248.245: Application time: 0.0154910 seconds
248.245: [GC [PSYoungGen: 50134K->6652K(50176K)] 146491K->103010K(163840K), 0.0024690 secs] [Times: user=0.02 sys=0.00, real=0.00 secs] 
248.248: Total time for which application threads were stopped: 0.0026520 seconds, Stopping threads took: 0.0000900 seconds
248.274: Application time: 0.0262280 seconds
248.274: [GC [PSYoungGen: 50166K->6652K(50176K)] 146524K->105884K(163840K), 0.0032170 secs] [Times: user=0.02 sys=0.00, real=0.00 secs] 
248.278: Total time for which application threads were stopped: 0.0033770 seconds, Stopping threads took: 0.0000790 seconds
248.293: Application time: 0.0155780 seconds
248.293: [GC [PSYoungGen: 50139K->6604K(50176K)] 149370K->108686K(163840K), 0.0032250 secs] [Times: user=0.02 sys=0.00, real=0.00 secs] 
248.297: [Full GC [PSYoungGen: 6604K->0K(50176K)] [ParOldGen: 102081K->24138K(113664K)] 108686K->24138K(163840K) [PSPermGen: 6124K->6124K(21504K)], 0.0093330 secs] [Times: user=0.05 sys=0.00, real=0.01 secs] 
248.306: Total time for which application threads were stopped: 0.0127800 seconds, Stopping threads took: 0.0000870 seconds
248.320: Application time: 0.0143950 seconds
248.321: [GC [PSYoungGen: 43486K->6540K(50176K)] 67625K->32104K(163840K), 0.0027240 secs] [Times: user=0.02 sys=0.00, real=0.01 secs] 
248.323: Total time for which application threads were stopped: 0.0029220 seconds, Stopping threads took: 0.0001120 seconds
248.429: Application time: 0.1058650 seconds
248.429: [GC [PSYoungGen: 50038K->6540K(50176K)] 75602K->42792K(163840K), 0.0050420 secs] [Times: user=0.04 sys=0.00, real=0.01 secs] 
248.434: Total time for which application threads were stopped: 0.0052070 seconds, Stopping threads took: 0.0000760 seconds
248.615: Application time: 0.1810920 seconds
248.616: [GC [PSYoungGen: 50028K->6540K(50176K)] 86280K->52767K(163840K), 0.0048390 secs] [Times: user=0.04 sys=0.00, real=0.00 secs] 
248.620: Total time for which application threads were stopped: 0.0049760 seconds, Stopping threads took: 0.0000560 seconds
248.803: Application time: 0.1823420 seconds
248.803: [GC [PSYoungGen: 50026K->6636K(50176K)] 96253K->62126K(163840K), 0.0046830 secs] [Times: user=0.03 sys=0.00, real=0.00 secs] 
248.808: Total time for which application threads were stopped: 0.0048500 seconds, Stopping threads took: 0.0000700 seconds
248.999: Application time: 0.1914920 seconds
248.999: [GC [PSYoungGen: 50132K->6636K(50176K)] 105622K->72101K(163840K), 0.0048340 secs] [Times: user=0.03 sys=0.00, real=0.01 secs] 
249.004: Total time for which application threads were stopped: 0.0049990 seconds, Stopping threads took: 0.0000780 seconds
249.189: Application time: 0.1850820 seconds
249.189: [GC [PSYoungGen: 50137K->6636K(50176K)] 115602K->82084K(163840K), 0.0049490 secs] [Times: user=0.04 sys=0.00, real=0.01 secs] 
249.194: Total time for which application threads were stopped: 0.0051180 seconds, Stopping threads took: 0.0000840 seconds
249.386: Application time: 0.1918780 seconds
249.386: [GC [PSYoungGen: 50116K->6636K(50176K)] 125564K->90634K(163840K), 0.0044220 secs] [Times: user=0.04 sys=0.00, real=0.01 secs] 
249.391: Total time for which application threads were stopped: 0.0045860 seconds, Stopping threads took: 0.0000690 seconds
249.579: Application time: 0.1880440 seconds
249.579: [GC [PSYoungGen: 50133K->6636K(50176K)] 134131K->100610K(163840K), 0.0047910 secs] [Times: user=0.03 sys=0.00, real=0.01 secs] 
249.584: Total time for which application threads were stopped: 0.0049550 seconds, Stopping threads took: 0.0000830 seconds
249.748: Application time: 0.1641330 seconds
249.748: [GC [PSYoungGen: 50117K->6636K(50176K)] 144091K->109873K(163840K), 0.0047910 secs] [Times: user=0.03 sys=0.00, real=0.01 secs] 
249.753: [Full GC [PSYoungGen: 6636K->0K(50176K)] [ParOldGen: 103236K->28414K(113664K)] 109873K->28414K(163840K) [PSPermGen: 6124K->6124K(21504K)], 0.0102190 secs] [Times: user=0.05 sys=0.00, real=0.01 secs] 
249.763: Total time for which application threads were stopped: 0.0152120 seconds, Stopping threads took: 0.0000710 seconds
249.917: Application time: 0.1538130 seconds
249.917: [GC [PSYoungGen: 43507K->6604K(50176K)] 71921K->46419K(163840K), 0.0052650 secs] [Times: user=0.04 sys=0.00, real=0.01 secs] 
249.922: Total time for which application threads were stopped: 0.0054250 seconds, Stopping threads took: 0.0000590 seconds
250.089: Application time: 0.1668150 seconds
250.089: [GC [PSYoungGen: 50086K->6604K(50176K)] 89901K->55683K(163840K), 0.0046990 secs] [Times: user=0.03 sys=0.00, real=0.01 secs] 
250.094: Total time for which application threads were stopped: 0.0048530 seconds, Stopping threads took: 0.0000720 seconds
250.234: Application time: 0.1396330 seconds
250.234: [GC [PSYoungGen: 50104K->6636K(50176K)] 99182K->66411K(163840K), 0.0050470 secs] [Times: user=0.03 sys=0.00, real=0.00 secs] 
250.239: Total time for which application threads were stopped: 0.0052090 seconds, Stopping threads took: 0.0000780 seconds
250.376: Application time: 0.1371980 seconds
250.376: [GC [PSYoungGen: 50136K->6637K(50176K)] 109910K->77107K(163840K), 0.0051130 secs] [Times: user=0.04 sys=0.00, real=0.00 secs] 
250.381: Total time for which application threads were stopped: 0.0053110 seconds, Stopping threads took: 0.0001130 seconds
250.526: Application time: 0.1443630 seconds
250.526: [GC [PSYoungGen: 50128K->6637K(50176K)] 120599K->87804K(163840K), 0.0051370 secs] [Times: user=0.04 sys=0.00, real=0.01 secs] 
250.531: Total time for which application threads were stopped: 0.0053060 seconds, Stopping threads took: 0.0000760 seconds
250.669: Application time: 0.1380150 seconds
250.669: [GC [PSYoungGen: 50120K->6637K(50176K)] 131287K->97067K(163840K), 0.0047340 secs] [Times: user=0.04 sys=0.00, real=0.01 secs] 
250.674: Total time for which application threads were stopped: 0.0048910 seconds, Stopping threads took: 0.0000700 seconds
250.818: Application time: 0.1441130 seconds
250.818: [GC [PSYoungGen: 49459K->6637K(50176K)] 139889K->107060K(163840K), 0.0048830 secs] [Times: user=0.03 sys=0.00, real=0.01 secs] 
250.823: [Full GC [PSYoungGen: 6637K->0K(50176K)] [ParOldGen: 100422K->26278K(113664K)] 107060K->26278K(163840K) [PSPermGen: 6124K->6124K(21504K)], 0.0096420 secs] [Times: user=0.05 sys=0.00, real=0.01 secs] 
250.833: Total time for which application threads were stopped: 0.0147150 seconds, Stopping threads took: 0.0000570 seconds
250.851: Application time: 0.0181560 seconds
250.851: [GC [PSYoungGen: 43476K->5796K(50176K)] 69754K->32074K(163840K), 0.0020960 secs] [Times: user=0.01 sys=0.00, real=0.00 secs] 
250.853: Total time for which application threads were stopped: 0.0022540 seconds, Stopping threads took: 0.0000750 seconds
250.872: Application time: 0.0183670 seconds
250.872: [GC [PSYoungGen: 49275K->6573K(50176K)] 75553K->32851K(163840K), 0.0023230 secs] [Times: user=0.02 sys=0.00, real=0.00 secs] 
250.874: Total time for which application threads were stopped: 0.0024900 seconds, Stopping threads took: 0.0000840 seconds
250.888: Application time: 0.0134950 seconds
250.888: [GC [PSYoungGen: 50065K->6509K(50176K)] 76343K->34212K(163840K), 0.0025080 secs] [Times: user=0.01 sys=0.00, real=0.01 secs] 
250.890: Total time for which application threads were stopped: 0.0026710 seconds, Stopping threads took: 0.0000800 seconds
251.037: Application time: 0.1466060 seconds
251.037: [GC [PSYoungGen: 49992K->6541K(50176K)] 77695K->44220K(163840K), 0.0049110 secs] [Times: user=0.04 sys=0.00, real=0.00 secs] 
251.042: Total time for which application threads were stopped: 0.0050800 seconds, Stopping threads took: 0.0000730 seconds
251.185: Application time: 0.1432110 seconds
251.185: [GC [PSYoungGen: 50040K->6605K(50176K)] 87720K->54972K(163840K), 0.0050650 secs] [Times: user=0.04 sys=0.00, real=0.01 secs] 
251.190: Total time for which application threads were stopped: 0.0052300 seconds, Stopping threads took: 0.0000840 seconds
251.277: Application time: 0.0868860 seconds
251.277: [GC [PSYoungGen: 49416K->6604K(50176K)] 97784K->64236K(163840K), 0.0048870 secs] [Times: user=0.03 sys=0.00, real=0.01 secs] 
251.282: Total time for which application threads were stopped: 0.0050880 seconds, Stopping threads took: 0.0001170 seconds
251.297: Application time: 0.0144820 seconds
251.297: [GC [PSYoungGen: 50091K->6604K(50176K)] 107722K->68511K(163840K), 0.0034100 secs] [Times: user=0.02 sys=0.00, real=0.00 secs] 
251.300: Total time for which application threads were stopped: 0.0035660 seconds, Stopping threads took: 0.0000740 seconds
251.317: Application time: 0.0168630 seconds
251.317: [GC [PSYoungGen: 50087K->6573K(50176K)] 111993K->70617K(163840K), 0.0029480 secs] [Times: user=0.02 sys=0.00, real=0.00 secs] 
251.320: Total time for which application threads were stopped: 0.0031180 seconds, Stopping threads took: 0.0000850 seconds
251.374: Application time: 0.0540670 seconds
251.375: [GC [PSYoungGen: 50093K->5956K(50176K)] 114137K->76413K(163840K), 0.0038440 secs] [Times: user=0.03 sys=0.00, real=0.00 secs] 
251.378: Total time for which application threads were stopped: 0.0040190 seconds, Stopping threads took: 0.0000910 seconds
251.395: Application time: 0.0163650 seconds
251.395: [GC [PSYoungGen: 49432K->6636K(50176K)] 119889K->80656K(163840K), 0.0033560 secs] [Times: user=0.02 sys=0.00, real=0.00 secs] 
251.398: Total time for which application threads were stopped: 0.0035170 seconds, Stopping threads took: 0.0000750 seconds
251.414: Application time: 0.0155040 seconds
251.414: [GC [PSYoungGen: 50121K->6637K(50176K)] 124141K->87077K(163840K), 0.0041840 secs] [Times: user=0.03 sys=0.00, real=0.00 secs] 
251.418: Total time for which application threads were stopped: 0.0043640 seconds, Stopping threads took: 0.0000880 seconds
251.431: Application time: 0.0130370 seconds
251.431: [GC [PSYoungGen: 50117K->6637K(50176K)] 130558K->87077K(163840K), 0.0024010 secs] [Times: user=0.01 sys=0.00, real=0.00 secs] 
251.434: Total time for which application threads were stopped: 0.0025610 seconds, Stopping threads took: 0.0000800 seconds
251.582: Application time: 0.1484820 seconds
251.582: [GC [PSYoungGen: 50126K->6636K(50176K)] 130567K->97061K(163840K), 0.0049170 secs] [Times: user=0.04 sys=0.00, real=0.00 secs] 
251.587: Total time for which application threads were stopped: 0.0050800 seconds, Stopping threads took: 0.0000680 seconds
251.663: Application time: 0.0753490 seconds
251.663: [GC [PSYoungGen: 50151K->6636K(50176K)] 140576K->107104K(163840K), 0.0051000 secs] [Times: user=0.04 sys=0.00, real=0.00 secs] 
251.668: [Full GC [PSYoungGen: 6636K->0K(50176K)] [ParOldGen: 100467K->29925K(113664K)] 107104K->29925K(163840K) [PSPermGen: 6124K->6124K(21504K)], 0.0093920 secs] [Times: user=0.05 sys=0.00, real=0.01 secs] 
251.677: Total time for which application threads were stopped: 0.0147170 seconds, Stopping threads took: 0.0000880 seconds
251.695: Application time: 0.0173840 seconds
251.695: [GC [PSYoungGen: 43482K->1585K(50176K)] 73407K->31510K(163840K), 0.0007560 secs] [Times: user=0.01 sys=0.00, real=0.00 secs] 
251.696: Total time for which application threads were stopped: 0.0009320 seconds, Stopping threads took: 0.0001130 seconds
251.710: Application time: 0.0143560 seconds
251.710: [GC [PSYoungGen: 45068K->4467K(50176K)] 74993K->34392K(163840K), 0.0016820 secs] [Times: user=0.01 sys=0.00, real=0.00 secs] 
251.712: Total time for which application threads were stopped: 0.0018280 seconds, Stopping threads took: 0.0000700 seconds
251.806: Application time: 0.0943170 seconds
251.806: [GC [PSYoungGen: 47276K->6508K(50176K)] 77202K->45696K(163840K), 0.0046750 secs] [Times: user=0.03 sys=0.00, real=0.01 secs] 
251.811: Total time for which application threads were stopped: 0.0048140 seconds, Stopping threads took: 0.0000550 seconds
251.830: Application time: 0.0188980 seconds
251.830: [GC [PSYoungGen: 49990K->6604K(50176K)] 89178K->49355K(163840K), 0.0033320 secs] [Times: user=0.03 sys=0.00, real=0.00 secs] 
251.834: Total time for which application threads were stopped: 0.0034870 seconds, Stopping threads took: 0.0000720 seconds
251.851: Application time: 0.0179260 seconds
251.852: [GC [PSYoungGen: 50083K->6604K(50176K)] 92834K->50780K(163840K), 0.0028310 secs] [Times: user=0.02 sys=0.00, real=0.00 secs] 
251.854: Total time for which application threads were stopped: 0.0029980 seconds, Stopping threads took: 0.0000830 seconds
251.866: Application time: 0.0111640 seconds
251.866: [GC [PSYoungGen: 50088K->6636K(50176K)] 94264K->54375K(163840K), 0.0033740 secs] [Times: user=0.02 sys=0.00, real=0.00 secs] 
251.869: Total time for which application threads were stopped: 0.0035510 seconds, Stopping threads took: 0.0000930 seconds
252.028: Application time: 0.1589040 seconds
252.028: [GC [PSYoungGen: 50125K->6604K(50176K)] 97863K->64318K(163840K), 0.0049370 secs] [Times: user=0.04 sys=0.00, real=0.01 secs] 
252.033: Total time for which application threads were stopped: 0.0050950 seconds, Stopping threads took: 0.0000730 seconds
252.135: Application time: 0.1017800 seconds
252.135: [GC [PSYoungGen: 49870K->6652K(50176K)] 107584K->72924K(163840K), 0.0045880 secs] [Times: user=0.04 sys=0.00, real=0.00 secs] 
252.140: Total time for which application threads were stopped: 0.0047500 seconds, Stopping threads took: 0.0000700 seconds
252.153: Application time: 0.0134390 seconds
252.154: [GC [PSYoungGen: 49698K->6636K(50176K)] 115970K->75762K(163840K), 0.0032480 secs] [Times: user=0.01 sys=0.00, real=0.00 secs] 
252.157: Total time for which application threads were stopped: 0.0042480 seconds, Stopping threads took: 0.0009180 seconds
252.172: Application time: 0.0147650 seconds
252.173: [GC [PSYoungGen: 50116K->5956K(50176K)] 119242K->76507K(163840K), 0.0025740 secs] [Times: user=0.02 sys=0.00, real=0.00 secs] 
252.176: Total time for which application threads were stopped: 0.0034040 seconds, Stopping threads took: 0.0007460 seconds
252.185: Application time: 0.0096730 seconds
252.185: [GC [PSYoungGen: 49443K->5988K(50176K)] 119994K->80814K(163840K), 0.0033290 secs] [Times: user=0.02 sys=0.00, real=0.00 secs] 
252.189: Total time for which application threads were stopped: 0.0035070 seconds, Stopping threads took: 0.0000900 seconds
252.199: Application time: 0.0099160 seconds
252.199: [GC [PSYoungGen: 49474K->6636K(50176K)] 124300K->83600K(163840K), 0.0029290 secs] [Times: user=0.02 sys=0.00, real=0.01 secs] 
252.202: Total time for which application threads were stopped: 0.0037920 seconds, Stopping threads took: 0.0007780 seconds
252.217: Application time: 0.0145360 seconds
252.217: [GC [PSYoungGen: 50129K->6652K(50176K)] 127093K->87187K(163840K), 0.0034530 secs] [Times: user=0.02 sys=0.00, real=0.00 secs] 
252.221: Total time for which application threads were stopped: 0.0036550 seconds, Stopping threads took: 0.0001150 seconds
252.268: Application time: 0.0473940 seconds
252.268: [GC [PSYoungGen: 49466K->6636K(50176K)] 130001K->92947K(163840K), 0.0039120 secs] [Times: user=0.03 sys=0.00, real=0.01 secs] 
252.272: Total time for which application threads were stopped: 0.0040750 seconds, Stopping threads took: 0.0000780 seconds
252.288: Application time: 0.0156000 seconds
252.288: [GC [PSYoungGen: 50114K->6636K(50176K)] 136425K->98679K(163840K), 0.0039730 secs] [Times: user=0.03 sys=0.00, real=0.01 secs] 
252.292: Total time for which application threads were stopped: 0.0041680 seconds, Stopping threads took: 0.0001040 seconds
252.311: Application time: 0.0192960 seconds
252.311: [GC [PSYoungGen: 50120K->6636K(50176K)] 142163K->101553K(163840K), 0.0031660 secs] [Times: user=0.02 sys=0.00, real=0.00 secs] 
252.315: Total time for which application threads were stopped: 0.0033450 seconds, Stopping threads took: 0.0000900 seconds
252.365: Application time: 0.0509540 seconds
252.366: [GC [PSYoungGen: 50137K->5956K(50176K)] 145055K->105860K(163840K), 0.0033520 secs] [Times: user=0.02 sys=0.00, real=0.00 secs] 
252.369: Total time for which application threads were stopped: 0.0034960 seconds, Stopping threads took: 0.0000620 seconds
252.543: Application time: 0.1744230 seconds
252.544: [GC [PSYoungGen: 49435K->6636K(50176K)] 149340K->115828K(163840K), 0.0047540 secs] [Times: user=0.04 sys=0.00, real=0.00 secs] 
252.548: [Full GC [PSYoungGen: 6636K->0K(50176K)] [ParOldGen: 109191K->26989K(113664K)] 115828K->26989K(163840K) [PSPermGen: 6124K->6124K(21504K)], 0.0099790 secs] [Times: user=0.05 sys=0.00, real=0.01 secs] 
252.558: Total time for which application threads were stopped: 0.0149840 seconds, Stopping threads took: 0.0001090 seconds
252.753: Application time: 0.1944490 seconds
252.753: [GC [PSYoungGen: 43494K->6540K(50176K)] 70483K->43505K(163840K), 0.0048580 secs] [Times: user=0.04 sys=0.00, real=0.00 secs] 
252.758: Total time for which application threads were stopped: 0.0050210 seconds, Stopping threads took: 0.0000640 seconds
252.925: Application time: 0.1669130 seconds
252.925: [GC [PSYoungGen: 50029K->6572K(50176K)] 86993K->54225K(163840K), 0.0051650 secs] [Times: user=0.04 sys=0.00, real=0.01 secs] 
252.930: Total time for which application threads were stopped: 0.0053140 seconds, Stopping threads took: 0.0000660 seconds
253.129: Application time: 0.1992090 seconds
253.129: [GC [PSYoungGen: 50065K->6636K(50176K)] 97717K->63551K(163840K), 0.0046410 secs] [Times: user=0.03 sys=0.00, real=0.01 secs] 
253.134: Total time for which application threads were stopped: 0.0047840 seconds, Stopping threads took: 0.0000610 seconds
253.317: Application time: 0.1827330 seconds
253.317: [GC [PSYoungGen: 50133K->6636K(50176K)] 107048K->74247K(163840K), 0.0050630 secs] [Times: user=0.04 sys=0.00, real=0.01 secs] 
253.322: Total time for which application threads were stopped: 0.0052230 seconds, Stopping threads took: 0.0000690 seconds
253.488: Application time: 0.1654760 seconds
253.488: [GC [PSYoungGen: 50126K->6636K(50176K)] 117737K->85656K(163840K), 0.0053190 secs] [Times: user=0.04 sys=0.00, real=0.01 secs] 
253.493: Total time for which application threads were stopped: 0.0054780 seconds, Stopping threads took: 0.0000710 seconds
253.674: Application time: 0.1814680 seconds
253.675: [GC [PSYoungGen: 50135K->6636K(50176K)] 129154K->95639K(163840K), 0.0048100 secs] [Times: user=0.03 sys=0.00, real=0.00 secs] 
253.679: Total time for which application threads were stopped: 0.0049600 seconds, Stopping threads took: 0.0000660 seconds
253.819: Application time: 0.1394840 seconds
253.819: [GC [PSYoungGen: 50126K->6636K(50176K)] 139129K->104910K(163840K), 0.0047090 secs] [Times: user=0.03 sys=0.00, real=0.01 secs] 
253.824: [Full GC [PSYoungGen: 6636K->0K(50176K)] [ParOldGen: 98273K->26990K(113664K)] 104910K->26990K(163840K) [PSPermGen: 6124K->6124K(21504K)], 0.0097750 secs] [Times: user=0.06 sys=0.00, real=0.01 secs] 
253.834: Total time for which application threads were stopped: 0.0147190 seconds, Stopping threads took: 0.0000880 seconds
254.006: Application time: 0.1722580 seconds
254.006: [GC [PSYoungGen: 43481K->6412K(50176K)] 70471K->42666K(163840K), 0.0047330 secs] [Times: user=0.03 sys=0.00, real=0.01 secs] 
254.011: Total time for which application threads were stopped: 0.0048890 seconds, Stopping threads took: 0.0000710 seconds
254.175: Application time: 0.1638890 seconds
254.175: [GC [PSYoungGen: 49912K->6573K(50176K)] 86165K->52802K(163840K), 0.0048880 secs] [Times: user=0.03 sys=0.00, real=0.00 secs] 
254.180: Total time for which application threads were stopped: 0.0050340 seconds, Stopping threads took: 0.0000620 seconds
254.321: Application time: 0.1415000 seconds
254.321: [GC [PSYoungGen: 50080K->6637K(50176K)] 96309K->64275K(163840K), 0.0052670 secs] [Times: user=0.04 sys=0.00, real=0.01 secs] 
254.327: Total time for which application threads were stopped: 0.0054400 seconds, Stopping threads took: 0.0000820 seconds
254.467: Application time: 0.1406460 seconds
254.467: [GC [PSYoungGen: 50119K->6573K(50176K)] 107757K->74187K(163840K), 0.0049490 secs] [Times: user=0.04 sys=0.00, real=0.01 secs] 
254.472: Total time for which application threads were stopped: 0.0050920 seconds, Stopping threads took: 0.0000600 seconds
254.619: Application time: 0.1464900 seconds
254.619: [GC [PSYoungGen: 50064K->6605K(50176K)] 117678K->84195K(163840K), 0.0049060 secs] [Times: user=0.04 sys=0.00, real=0.01 secs] 
254.624: Total time for which application threads were stopped: 0.0050680 seconds, Stopping threads took: 0.0000780 seconds
254.749: Application time: 0.1248380 seconds
254.749: [GC [PSYoungGen: 49418K->6637K(50176K)] 127008K->94211K(163840K), 0.0051200 secs] [Times: user=0.04 sys=0.00, real=0.01 secs] 
254.754: Total time for which application threads were stopped: 0.0053030 seconds, Stopping threads took: 0.0000850 seconds
254.769: Application time: 0.0143950 seconds
254.769: [GC [PSYoungGen: 50117K->5988K(50176K)] 137691K->99975K(163840K), 0.0039540 secs] [Times: user=0.03 sys=0.00, real=0.01 secs] 
254.773: Total time for which application threads were stopped: 0.0041410 seconds, Stopping threads took: 0.0001010 seconds
254.790: Application time: 0.0169980 seconds
254.790: [GC [PSYoungGen: 49469K->5956K(50176K)] 143456K->104219K(163840K), 0.0034240 secs] [Times: user=0.02 sys=0.00, real=0.01 secs] 
254.793: Total time for which application threads were stopped: 0.0036010 seconds, Stopping threads took: 0.0000900 seconds
254.808: Application time: 0.0143000 seconds
254.808: [GC [PSYoungGen: 49446K->5956K(50176K)] 147709K->104931K(163840K), 0.0022450 secs] [Times: user=0.01 sys=0.00, real=0.00 secs] 
254.810: [Full GC [PSYoungGen: 5956K->0K(50176K)] [ParOldGen: 98975K->27703K(113664K)] 104931K->27703K(163840K) [PSPermGen: 6124K->6124K(21504K)], 0.0100560 secs] [Times: user=0.05 sys=0.01, real=0.01 secs] 
254.820: Total time for which application threads were stopped: 0.0125050 seconds, Stopping threads took: 0.0000720 seconds
254.966: Application time: 0.1456330 seconds
254.966: [GC [PSYoungGen: 43482K->6413K(50176K)] 71186K->43380K(163840K), 0.0047090 secs] [Times: user=0.03 sys=0.00, real=0.01 secs] 
254.971: Total time for which application threads were stopped: 0.0048720 seconds, Stopping threads took: 0.0000690 seconds
255.113: Application time: 0.1423960 seconds
255.113: [GC [PSYoungGen: 49232K->6573K(50176K)] 86200K->54228K(163840K), 0.0051260 secs] [Times: user=0.04 sys=0.00, real=0.00 secs] 
255.118: Total time for which application threads were stopped: 0.0052850 seconds, Stopping threads took: 0.0000760 seconds
255.135: Application time: 0.0170130 seconds
255.135: [GC [PSYoungGen: 50048K->6573K(50176K)] 97704K->57791K(163840K), 0.0033840 secs] [Times: user=0.03 sys=0.00, real=0.00 secs] 
255.139: Total time for which application threads were stopped: 0.0035530 seconds, Stopping threads took: 0.0000840 seconds
255.158: Application time: 0.0188660 seconds
255.158: [GC [PSYoungGen: 50052K->6541K(50176K)] 101271K->58472K(163840K), 0.0025830 secs] [Times: user=0.01 sys=0.00, real=0.00 secs] 
255.160: Total time for which application threads were stopped: 0.0027570 seconds, Stopping threads took: 0.0000900 seconds
255.171: Application time: 0.0110240 seconds
255.172: [GC [PSYoungGen: 50037K->6637K(50176K)] 101968K->64268K(163840K), 0.0039310 secs] [Times: user=0.03 sys=0.00, real=0.00 secs] 
255.176: Total time for which application threads were stopped: 0.0041090 seconds, Stopping threads took: 0.0000910 seconds
255.233: Application time: 0.0573600 seconds
255.233: [GC [PSYoungGen: 49445K->6604K(50176K)] 107077K->70649K(163840K), 0.0041190 secs] [Times: user=0.03 sys=0.00, real=0.00 secs] 
255.237: Total time for which application threads were stopped: 0.0042890 seconds, Stopping threads took: 0.0000840 seconds
255.253: Application time: 0.0158990 seconds
255.253: [GC [PSYoungGen: 50083K->6637K(50176K)] 114128K->72106K(163840K), 0.0027170 secs] [Times: user=0.02 sys=0.00, real=0.00 secs] 
255.256: Total time for which application threads were stopped: 0.0029510 seconds, Stopping threads took: 0.0001460 seconds
255.269: Application time: 0.0131990 seconds
255.269: [GC [PSYoungGen: 50126K->6637K(50176K)] 115595K->78520K(163840K), 0.0041310 secs] [Times: user=0.03 sys=0.00, real=0.01 secs] 
255.274: Total time for which application threads were stopped: 0.0043050 seconds, Stopping threads took: 0.0000870 seconds
255.373: Application time: 0.0994550 seconds
255.373: [GC [PSYoungGen: 50129K->6636K(50176K)] 122012K->88511K(163840K), 0.0049290 secs] [Times: user=0.04 sys=0.00, real=0.00 secs] 
255.378: Total time for which application threads were stopped: 0.0050900 seconds, Stopping threads took: 0.0000770 seconds
255.517: Application time: 0.1386520 seconds
255.517: [GC [PSYoungGen: 50152K->6636K(50176K)] 132027K->98535K(163840K), 0.0051030 secs] [Times: user=0.03 sys=0.00, real=0.01 secs] 
255.522: Total time for which application threads were stopped: 0.0052790 seconds, Stopping threads took: 0.0000800 seconds
255.537: Application time: 0.0150040 seconds
255.537: [GC [PSYoungGen: 50115K->6636K(50176K)] 142013K->103522K(163840K), 0.0037710 secs] [Times: user=0.03 sys=0.00, real=0.00 secs] 
255.541: Total time for which application threads were stopped: 0.0039940 seconds, Stopping threads took: 0.0001380 seconds
255.559: Application time: 0.0183810 seconds
255.560: [GC [PSYoungGen: 50118K->5956K(50176K)] 147004K->106405K(163840K), 0.0032120 secs] [Times: user=0.02 sys=0.01, real=0.01 secs] 
255.563: [Full GC [PSYoungGen: 5956K->0K(50176K)] [ParOldGen: 100448K->27703K(113664K)] 106405K->27703K(163840K) [PSPermGen: 6124K->6124K(21504K)], 0.0101320 secs] [Times: user=0.05 sys=0.00, real=0.01 secs] 
255.573: Total time for which application threads were stopped: 0.0135720 seconds, Stopping threads took: 0.0000950 seconds
255.612: Application time: 0.0390820 seconds
255.612: [GC [PSYoungGen: 43493K->5179K(50176K)] 71196K->32882K(163840K), 0.0015560 secs] [Times: user=0.01 sys=0.00, real=0.00 secs] 
255.614: Total time for which application threads were stopped: 0.0016920 seconds, Stopping threads took: 0.0000610 seconds
255.712: Application time: 0.0984820 seconds
255.712: [GC [PSYoungGen: 47990K->6604K(50176K)] 75693K->44995K(163840K), 0.0052700 secs] [Times: user=0.04 sys=0.00, real=0.00 secs] 
255.718: Total time for which application threads were stopped: 0.0054560 seconds, Stopping threads took: 0.0000970 seconds
255.733: Application time: 0.0149330 seconds
255.733: [GC [PSYoungGen: 50082K->6604K(50176K)] 88473K->48558K(163840K), 0.0033970 secs] [Times: user=0.02 sys=0.00, real=0.00 secs] 
255.736: Total time for which application threads were stopped: 0.0035890 seconds, Stopping threads took: 0.0001020 seconds
255.756: Application time: 0.0193000 seconds
255.756: [GC [PSYoungGen: 50094K->6572K(50176K)] 92048K->50664K(163840K), 0.0030530 secs] [Times: user=0.02 sys=0.00, real=0.00 secs] 
255.759: Total time for which application threads were stopped: 0.0032640 seconds, Stopping threads took: 0.0001250 seconds
255.812: Application time: 0.0532950 seconds
255.812: [GC [PSYoungGen: 50062K->6604K(50176K)] 94153K->57821K(163840K), 0.0041430 secs] [Times: user=0.03 sys=0.00, real=0.00 secs] 
255.816: Total time for which application threads were stopped: 0.0043060 seconds, Stopping threads took: 0.0000780 seconds
255.995: Application time: 0.1781180 seconds
255.995: [GC [PSYoungGen: 50084K->6604K(50176K)] 101301K->67084K(163840K), 0.0047340 secs] [Times: user=0.04 sys=0.00, real=0.00 secs] 
255.999: Total time for which application threads were stopped: 0.0048760 seconds, Stopping threads took: 0.0000600 seconds
256.075: Application time: 0.0753140 seconds
256.075: [GC [PSYoungGen: 50123K->6636K(50176K)] 110602K->76378K(163840K), 0.0047270 secs] [Times: user=0.04 sys=0.00, real=0.00 secs] 
256.080: Total time for which application threads were stopped: 0.0048850 seconds, Stopping threads took: 0.0000660 seconds
256.095: Application time: 0.0152070 seconds
256.095: [GC [PSYoungGen: 50121K->6604K(50176K)] 119863K->78484K(163840K), 0.0030610 secs] [Times: user=0.02 sys=0.00, real=0.00 secs] 
256.098: Total time for which application threads were stopped: 0.0032590 seconds, Stopping threads took: 0.0001130 seconds
256.113: Application time: 0.0146120 seconds
256.113: [GC [PSYoungGen: 50089K->6652K(50176K)] 121969K->82095K(163840K), 0.0033890 secs] [Times: user=0.02 sys=0.00, real=0.00 secs] 
256.116: Total time for which application threads were stopped: 0.0035560 seconds, Stopping threads took: 0.0000830 seconds
256.202: Application time: 0.0858250 seconds
256.202: [GC [PSYoungGen: 49470K->6636K(50176K)] 124913K->92827K(163840K), 0.0050860 secs] [Times: user=0.03 sys=0.00, real=0.00 secs] 
256.207: Total time for which application threads were stopped: 0.0052490 seconds, Stopping threads took: 0.0000800 seconds
256.225: Application time: 0.0177310 seconds
256.225: [GC [PSYoungGen: 50112K->6636K(50176K)] 136302K->94972K(163840K), 0.0030210 secs] [Times: user=0.02 sys=0.00, real=0.00 secs] 
256.228: Total time for which application threads were stopped: 0.0031990 seconds, Stopping threads took: 0.0000910 seconds
256.247: Application time: 0.0186150 seconds
256.247: [GC [PSYoungGen: 50118K->6637K(50176K)] 138454K->97118K(163840K), 0.0030410 secs] [Times: user=0.02 sys=0.00, real=0.01 secs] 
256.250: Total time for which application threads were stopped: 0.0032210 seconds, Stopping threads took: 0.0000960 seconds
256.264: Application time: 0.0140660 seconds
256.264: [GC [PSYoungGen: 50157K->5956K(50176K)] 140638K->99287K(163840K), 0.0027500 secs] [Times: user=0.02 sys=0.00, real=0.00 secs] 
256.267: Total time for which application threads were stopped: 0.0029140 seconds, Stopping threads took: 0.0000790 seconds
256.285: Application time: 0.0176100 seconds
256.285: [GC [PSYoungGen: 49440K->6636K(50176K)] 142771K->105676K(163840K), 0.0039980 secs] [Times: user=0.03 sys=0.00, real=0.00 secs] 
256.289: Total time for which application threads were stopped: 0.0041940 seconds, Stopping threads took: 0.0001080 seconds
256.306: Application time: 0.0174340 seconds
256.306: [GC [PSYoungGen: 50115K->6636K(50176K)] 149154K->107838K(163840K), 0.0030510 secs] [Times: user=0.02 sys=0.00, real=0.00 secs] 
256.310: [Full GC [PSYoungGen: 6636K->0K(50176K)] [ParOldGen: 101201K->26990K(113664K)] 107838K->26990K(163840K) [PSPermGen: 6124K->6124K(21504K)], 0.0099880 secs] [Times: user=0.05 sys=0.00, real=0.01 secs] 
256.320: Total time for which application threads were stopped: 0.0132500 seconds, Stopping threads took: 0.0000800 seconds
256.332: Application time: 0.0121020 seconds
256.332: [GC [PSYoungGen: 43481K->3722K(50176K)] 70472K->30712K(163840K), 0.0014530 secs] [Times: user=0.01 sys=0.00, real=0.00 secs] 
256.333: Total time for which application threads were stopped: 0.0016060 seconds, Stopping threads took: 0.0000720 seconds
256.531: Application time: 0.1976420 seconds
256.534: [GC [PSYoungGen: 47217K->6540K(50176K)] 74207K->42081K(163840K), 0.0045150 secs] [Times: user=0.03 sys=0.00, real=0.00 secs] 
256.539: Total time for which application threads were stopped: 0.0076770 seconds, Stopping threads took: 0.0030820 seconds
256.705: Application time: 0.1664100 seconds
256.705: [GC [PSYoungGen: 50026K->6604K(50176K)] 85567K->51407K(163840K), 0.0046260 secs] [Times: user=0.04 sys=0.00, real=0.00 secs] 
256.710: Total time for which application threads were stopped: 0.0047930 seconds, Stopping threads took: 0.0000730 seconds
256.888: Application time: 0.1780180 seconds
256.888: [GC [PSYoungGen: 50093K->6604K(50176K)] 94896K->62095K(163840K), 0.0050720 secs] [Times: user=0.04 sys=0.00, real=0.01 secs] 
256.893: Total time for which application threads were stopped: 0.0052250 seconds, Stopping threads took: 0.0000700 seconds
257.087: Application time: 0.1942300 seconds
257.087: [GC [PSYoungGen: 50092K->6572K(50176K)] 105583K->72038K(163840K), 0.0048510 secs] [Times: user=0.04 sys=0.00, real=0.01 secs] 
257.092: Total time for which application threads were stopped: 0.0050050 seconds, Stopping threads took: 0.0000700 seconds
257.246: Application time: 0.1531610 seconds
257.246: [GC [PSYoungGen: 50085K->6636K(50176K)] 115551K->83511K(163840K), 0.0052950 secs] [Times: user=0.04 sys=0.00, real=0.01 secs] 
257.251: Total time for which application threads were stopped: 0.0054610 seconds, Stopping threads took: 0.0000700 seconds
257.437: Application time: 0.1862560 seconds
257.437: [GC [PSYoungGen: 50117K->6636K(50176K)] 126991K->92774K(163840K), 0.0047310 secs] [Times: user=0.04 sys=0.00, real=0.01 secs] 
257.442: Total time for which application threads were stopped: 0.0048910 seconds, Stopping threads took: 0.0000760 seconds
257.608: Application time: 0.1656840 seconds
257.608: [GC [PSYoungGen: 50135K->6636K(50176K)] 136272K->102757K(163840K), 0.0048870 secs] [Times: user=0.04 sys=0.00, real=0.01 secs] 
257.613: Total time for which application threads were stopped: 0.0050430 seconds, Stopping threads took: 0.0000680 seconds
257.773: Application time: 0.1604860 seconds
257.773: [GC [PSYoungGen: 50127K->6636K(50176K)] 146248K->112020K(163840K), 0.0048090 secs] [Times: user=0.04 sys=0.00, real=0.00 secs] 
257.778: [Full GC [PSYoungGen: 6636K->0K(50176K)] [ParOldGen: 105383K->26990K(113664K)] 112020K->26990K(163840K) [PSPermGen: 6124K->6124K(21504K)], 0.0100510 secs] [Times: user=0.05 sys=0.00, real=0.01 secs] 
257.788: Total time for which application threads were stopped: 0.0150910 seconds, Stopping threads took: 0.0000860 seconds
257.935: Application time: 0.1462000 seconds
257.935: [GC [PSYoungGen: 43482K->6413K(50176K)] 70472K->43379K(163840K), 0.0049440 secs] [Times: user=0.04 sys=0.00, real=0.00 secs] 
257.940: Total time for which application threads were stopped: 0.0051090 seconds, Stopping threads took: 0.0000820 seconds
258.105: Application time: 0.1651840 seconds
258.105: [GC [PSYoungGen: 49929K->6637K(50176K)] 86895K->54291K(163840K), 0.0051010 secs] [Times: user=0.04 sys=0.00, real=0.01 secs] 
258.110: Total time for which application threads were stopped: 0.0052450 seconds, Stopping threads took: 0.0000570 seconds
258.259: Application time: 0.1491590 seconds
258.259: [GC [PSYoungGen: 50127K->6637K(50176K)] 97782K->63555K(163840K), 0.0046920 secs] [Times: user=0.04 sys=0.00, real=0.01 secs] 
258.264: Total time for which application threads were stopped: 0.0048530 seconds, Stopping threads took: 0.0000760 seconds
258.394: Application time: 0.1296090 seconds
258.394: [GC [PSYoungGen: 50127K->6637K(50176K)] 107046K->73539K(163840K), 0.0049510 secs] [Times: user=0.04 sys=0.00, real=0.00 secs] 
258.399: Total time for which application threads were stopped: 0.0051110 seconds, Stopping threads took: 0.0000640 seconds
258.544: Application time: 0.1452500 seconds
258.544: [GC [PSYoungGen: 50119K->6637K(50176K)] 117021K->82802K(163840K), 0.0047060 secs] [Times: user=0.03 sys=0.00, real=0.00 secs] 
258.549: Total time for which application threads were stopped: 0.0048570 seconds, Stopping threads took: 0.0000660 seconds
258.578: Application time: 0.0288020 seconds
258.578: [GC [PSYoungGen: 50154K->6636K(50176K)] 126319K->86373K(163840K), 0.0033830 secs] [Times: user=0.02 sys=0.01, real=0.00 secs] 
258.581: Total time for which application threads were stopped: 0.0035580 seconds, Stopping threads took: 0.0000880 seconds
258.598: Application time: 0.0161840 seconds
258.598: [GC [PSYoungGen: 50117K->5988K(50176K)] 129853K->88575K(163840K), 0.0029960 secs] [Times: user=0.02 sys=0.00, real=0.00 secs] 
258.601: Total time for which application threads were stopped: 0.0031720 seconds, Stopping threads took: 0.0000880 seconds
258.614: Application time: 0.0128450 seconds
258.614: [GC [PSYoungGen: 49471K->5988K(50176K)] 132057K->90000K(163840K), 0.0025640 secs] [Times: user=0.01 sys=0.00, real=0.00 secs] 
258.616: Total time for which application threads were stopped: 0.0027400 seconds, Stopping threads took: 0.0000900 seconds
258.748: Application time: 0.1320960 seconds
258.749: [GC [PSYoungGen: 49479K->6653K(50176K)] 133491K->100648K(163840K), 0.0048740 secs] [Times: user=0.03 sys=0.00, real=0.01 secs] 
258.753: Total time for which application threads were stopped: 0.0050450 seconds, Stopping threads took: 0.0000860 seconds
258.886: Application time: 0.1320280 seconds
258.886: [GC [PSYoungGen: 50135K->6637K(50176K)] 144131K->109911K(163840K), 0.0048930 secs] [Times: user=0.03 sys=0.00, real=0.01 secs] 
258.891: [Full GC [PSYoungGen: 6637K->0K(50176K)] [ParOldGen: 103274K->27903K(113664K)] 109911K->27903K(163840K) [PSPermGen: 6125K->6125K(21504K)], 0.0097890 secs] [Times: user=0.05 sys=0.00, real=0.00 secs] 
258.900: Total time for which application threads were stopped: 0.0148880 seconds, Stopping threads took: 0.0000700 seconds
259.042: Application time: 0.1411710 seconds
259.042: [GC [PSYoungGen: 42819K->6573K(50176K)] 70723K->45165K(163840K), 0.0052180 secs] [Times: user=0.04 sys=0.00, real=0.01 secs] 
259.047: Total time for which application threads were stopped: 0.0054220 seconds, Stopping threads took: 0.0001060 seconds
259.064: Application time: 0.0165320 seconds
259.064: [GC [PSYoungGen: 50049K->6636K(50176K)] 88641K->48792K(163840K), 0.0033600 secs] [Times: user=0.03 sys=0.00, real=0.00 secs] 
259.067: Total time for which application threads were stopped: 0.0035300 seconds, Stopping threads took: 0.0000850 seconds
259.083: Application time: 0.0162370 seconds
259.083: [GC [PSYoungGen: 50149K->6637K(50176K)] 92305K->51642K(163840K), 0.0031600 secs] [Times: user=0.02 sys=0.00, real=0.00 secs] 
259.087: Total time for which application threads were stopped: 0.0033640 seconds, Stopping threads took: 0.0001190 seconds
259.097: Application time: 0.0107440 seconds
259.098: [GC [PSYoungGen: 50120K->6605K(50176K)] 95125K->53748K(163840K), 0.0029550 secs] [Times: user=0.02 sys=0.00, real=0.00 secs] 
259.101: Total time for which application threads were stopped: 0.0033960 seconds, Stopping threads took: 0.0003530 seconds
259.111: Application time: 0.0101460 seconds
259.111: [GC [PSYoungGen: 50088K->6636K(50176K)] 97231K->55933K(163840K), 0.0029760 secs] [Times: user=0.02 sys=0.00, real=0.00 secs] 
259.114: Total time for which application threads were stopped: 0.0031640 seconds, Stopping threads took: 0.0001040 seconds
259.133: Application time: 0.0186130 seconds
259.133: [GC [PSYoungGen: 50127K->6637K(50176K)] 99423K->57358K(163840K), 0.0028160 secs] [Times: user=0.02 sys=0.00, real=0.00 secs] 
259.136: Total time for which application threads were stopped: 0.0029880 seconds, Stopping threads took: 0.0000880 seconds
259.147: Application time: 0.0116110 seconds
259.147: [GC [PSYoungGen: 50120K->6605K(50176K)] 100842K->58752K(163840K), 0.0027380 secs] [Times: user=0.02 sys=0.00, real=0.01 secs] 
259.150: Total time for which application threads were stopped: 0.0028940 seconds, Stopping threads took: 0.0000720 seconds
259.312: Application time: 0.1613070 seconds
259.312: [GC [PSYoungGen: 50094K->6636K(50176K)] 102241K->68767K(163840K), 0.0049090 secs] [Times: user=0.03 sys=0.00, real=0.00 secs] 
259.317: Total time for which application threads were stopped: 0.0050640 seconds, Stopping threads took: 0.0000690 seconds
259.414: Application time: 0.0977450 seconds
259.414: [GC [PSYoungGen: 50152K->6636K(50176K)] 112283K->79455K(163840K), 0.0053590 secs] [Times: user=0.04 sys=0.00, real=0.00 secs] 
259.420: Total time for which application threads were stopped: 0.0055240 seconds, Stopping threads took: 0.0000800 seconds
259.438: Application time: 0.0181270 seconds
259.438: [GC [PSYoungGen: 50118K->6636K(50176K)] 122937K->79479K(163840K), 0.0024180 secs] [Times: user=0.02 sys=0.00, real=0.00 secs] 
259.441: Total time for which application threads were stopped: 0.0025700 seconds, Stopping threads took: 0.0000700 seconds
259.456: Application time: 0.0156830 seconds
259.456: [GC [PSYoungGen: 50123K->6604K(50176K)] 122966K->83010K(163840K), 0.0033080 secs] [Times: user=0.02 sys=0.00, real=0.00 secs] 
259.460: Total time for which application threads were stopped: 0.0034960 seconds, Stopping threads took: 0.0001020 seconds
259.532: Application time: 0.0723690 seconds
259.532: [GC [PSYoungGen: 50103K->6652K(50176K)] 126509K->92345K(163840K), 0.0047430 secs] [Times: user=0.04 sys=0.00, real=0.00 secs] 
259.537: Total time for which application threads were stopped: 0.0048940 seconds, Stopping threads took: 0.0000680 seconds
259.626: Application time: 0.0885140 seconds
259.626: [GC [PSYoungGen: 50167K->5956K(50176K)] 135860K->103049K(163840K), 0.0053900 secs] [Times: user=0.04 sys=0.00, real=0.01 secs] 
259.631: [Full GC [PSYoungGen: 5956K->0K(50176K)] [ParOldGen: 97093K->28415K(113664K)] 103049K->28415K(163840K) [PSPermGen: 6125K->6125K(21504K)], 0.0120150 secs] [Times: user=0.06 sys=0.00, real=0.01 secs] 
259.643: Total time for which application threads were stopped: 0.0176420 seconds, Stopping threads took: 0.0000870 seconds
259.659: Application time: 0.0156600 seconds
259.659: [GC [PSYoungGen: 43486K->6604K(50176K)] 71902K->35020K(163840K), 0.0022220 secs] [Times: user=0.01 sys=0.00, real=0.00 secs] 
259.661: Total time for which application threads were stopped: 0.0023890 seconds, Stopping threads took: 0.0000790 seconds
259.677: Application time: 0.0161630 seconds
259.678: [GC [PSYoungGen: 50089K->6508K(50176K)] 78505K->39200K(163840K), 0.0035340 secs] [Times: user=0.02 sys=0.00, real=0.00 secs] 
259.681: Total time for which application threads were stopped: 0.0037100 seconds, Stopping threads took: 0.0000910 seconds
259.758: Application time: 0.0766000 seconds
259.758: [GC [PSYoungGen: 50001K->6444K(50176K)] 82692K->49111K(163840K), 0.0049760 secs] [Times: user=0.03 sys=0.00, real=0.01 secs] 
259.763: Total time for which application threads were stopped: 0.0051280 seconds, Stopping threads took: 0.0000680 seconds
259.924: Application time: 0.1616370 seconds
259.925: [GC [PSYoungGen: 49924K->6476K(50176K)] 92591K->58406K(163840K), 0.0047150 secs] [Times: user=0.04 sys=0.00, real=0.00 secs] 
259.929: Total time for which application threads were stopped: 0.0048690 seconds, Stopping threads took: 0.0000700 seconds
259.991: Application time: 0.0613800 seconds
259.991: [GC [PSYoungGen: 49341K->6556K(50176K)] 101270K->66323K(163840K), 0.0043630 secs] [Times: user=0.03 sys=0.00, real=0.00 secs] 
259.995: Total time for which application threads were stopped: 0.0045550 seconds, Stopping threads took: 0.0001050 seconds
260.009: Application time: 0.0138320 seconds
260.010: [GC [PSYoungGen: 50010K->6572K(50176K)] 109777K->69189K(163840K), 0.0031380 secs] [Times: user=0.02 sys=0.00, real=0.01 secs] 
260.013: Total time for which application threads were stopped: 0.0036710 seconds, Stopping threads took: 0.0004440 seconds
260.025: Application time: 0.0122080 seconds
260.025: [GC [PSYoungGen: 50044K->6604K(50176K)] 112661K->69222K(163840K), 0.0024230 secs] [Times: user=0.01 sys=0.00, real=0.00 secs] 
260.028: Total time for which application threads were stopped: 0.0026030 seconds, Stopping threads took: 0.0000930 seconds
260.037: Application time: 0.0090730 seconds
260.037: [GC [PSYoungGen: 50090K->6636K(50176K)] 112708K->71391K(163840K), 0.0030000 secs] [Times: user=0.01 sys=0.00, real=0.00 secs] 
260.040: Total time for which application threads were stopped: 0.0032000 seconds, Stopping threads took: 0.0001140 seconds
260.054: Application time: 0.0139550 seconds
260.054: [GC [PSYoungGen: 50139K->6636K(50176K)] 114894K->75666K(163840K), 0.0034810 secs] [Times: user=0.02 sys=0.00, real=0.00 secs] 
260.058: Total time for which application threads were stopped: 0.0036960 seconds, Stopping threads took: 0.0001300 seconds
260.071: Application time: 0.0138990 seconds
260.072: [GC [PSYoungGen: 50121K->6636K(50176K)] 119151K->79229K(163840K), 0.0033750 secs] [Times: user=0.03 sys=0.00, real=0.00 secs] 
260.075: Total time for which application threads were stopped: 0.0035370 seconds, Stopping threads took: 0.0000720 seconds
260.166: Application time: 0.0906580 seconds
260.166: [GC [PSYoungGen: 49447K->6636K(50176K)] 122040K->89965K(163840K), 0.0051890 secs] [Times: user=0.04 sys=0.00, real=0.01 secs] 
260.171: Total time for which application threads were stopped: 0.0053710 seconds, Stopping threads took: 0.0000850 seconds
260.190: Application time: 0.0186510 seconds
260.190: [GC [PSYoungGen: 50112K->6604K(50176K)] 133441K->92070K(163840K), 0.0030300 secs] [Times: user=0.02 sys=0.00, real=0.01 secs] 
260.193: Total time for which application threads were stopped: 0.0032070 seconds, Stopping threads took: 0.0000930 seconds
260.212: Application time: 0.0193670 seconds
260.212: [GC [PSYoungGen: 50094K->6636K(50176K)] 135560K->94240K(163840K), 0.0029730 secs] [Times: user=0.02 sys=0.00, real=0.00 secs] 
260.215: Total time for which application threads were stopped: 0.0031460 seconds, Stopping threads took: 0.0000860 seconds
260.265: Application time: 0.0494380 seconds
260.265: [GC [PSYoungGen: 50128K->6652K(50176K)] 137732K->102110K(163840K), 0.0042420 secs] [Times: user=0.03 sys=0.00, real=0.00 secs] 
260.269: Total time for which application threads were stopped: 0.0043940 seconds, Stopping threads took: 0.0000680 seconds
260.440: Application time: 0.1712560 seconds
260.441: [GC [PSYoungGen: 50138K->6652K(50176K)] 145596K->112101K(163840K), 0.0049430 secs] [Times: user=0.03 sys=0.00, real=0.01 secs] 
260.446: [Full GC [PSYoungGen: 6652K->0K(50176K)] [ParOldGen: 105448K->27703K(113664K)] 112101K->27703K(163840K) [PSPermGen: 6125K->6125K(21504K)], 0.0102810 secs] [Times: user=0.06 sys=0.01, real=0.01 secs] 
260.456: Total time for which application threads were stopped: 0.0154260 seconds, Stopping threads took: 0.0000720 seconds
260.653: Application time: 0.1968350 seconds
260.653: [GC [PSYoungGen: 43496K->6572K(50176K)] 71199K->44963K(163840K), 0.0049990 secs] [Times: user=0.04 sys=0.00, real=0.00 secs] 
260.658: Total time for which application threads were stopped: 0.0051510 seconds, Stopping threads took: 0.0000680 seconds
260.821: Application time: 0.1634640 seconds
260.822: [GC [PSYoungGen: 50052K->6476K(50176K)] 88443K->54130K(163840K), 0.0047310 secs] [Times: user=0.04 sys=0.00, real=0.01 secs] 
260.826: Total time for which application threads were stopped: 0.0049030 seconds, Stopping threads took: 0.0000740 seconds
261.014: Application time: 0.1880670 seconds
261.014: [GC [PSYoungGen: 49971K->6572K(50176K)] 97624K->64201K(163840K), 0.0048840 secs] [Times: user=0.03 sys=0.00, real=0.00 secs] 
261.019: Total time for which application threads were stopped: 0.0050320 seconds, Stopping threads took: 0.0000620 seconds
261.184: Application time: 0.1646730 seconds
261.184: [GC [PSYoungGen: 50078K->6636K(50176K)] 107707K->75673K(163840K), 0.0053570 secs] [Times: user=0.04 sys=0.00, real=0.00 secs] 
261.190: Total time for which application threads were stopped: 0.0055200 seconds, Stopping threads took: 0.0000790 seconds
261.368: Application time: 0.1780750 seconds
261.368: [GC [PSYoungGen: 50126K->6636K(50176K)] 119163K->85657K(163840K), 0.0049180 secs] [Times: user=0.03 sys=0.00, real=0.01 secs] 
261.373: Total time for which application threads were stopped: 0.0050890 seconds, Stopping threads took: 0.0000750 seconds
261.542: Application time: 0.1688020 seconds
261.542: [GC [PSYoungGen: 50126K->6636K(50176K)] 129147K->95641K(163840K), 0.0049180 secs] [Times: user=0.04 sys=0.00, real=0.01 secs] 
261.547: Total time for which application threads were stopped: 0.0050890 seconds, Stopping threads took: 0.0000870 seconds
261.700: Application time: 0.1528670 seconds
261.700: [GC [PSYoungGen: 50127K->6636K(50176K)] 139131K->105624K(163840K), 0.0049270 secs] [Times: user=0.04 sys=0.00, real=0.01 secs] 
261.705: [Full GC [PSYoungGen: 6636K->0K(50176K)] [ParOldGen: 98987K->27703K(113664K)] 105624K->27703K(163840K) [PSPermGen: 6125K->6125K(21504K)], 0.0100320 secs] [Times: user=0.05 sys=0.00, real=0.01 secs] 
261.715: Total time for which application threads were stopped: 0.0151560 seconds, Stopping threads took: 0.0000620 seconds
261.871: Application time: 0.1565380 seconds
261.871: [GC [PSYoungGen: 43482K->6444K(50176K)] 71186K->43412K(163840K), 0.0047410 secs] [Times: user=0.04 sys=0.00, real=0.00 secs] 
261.876: Total time for which application threads were stopped: 0.0049270 seconds, Stopping threads took: 0.0000880 seconds
262.021: Application time: 0.1444330 seconds
262.021: [GC [PSYoungGen: 49952K->6541K(50176K)] 86919K->54196K(163840K), 0.0051140 secs] [Times: user=0.04 sys=0.00, real=0.01 secs] 
262.026: Total time for which application threads were stopped: 0.0052730 seconds, Stopping threads took: 0.0000740 seconds
262.178: Application time: 0.1522060 seconds
262.178: [GC [PSYoungGen: 50040K->6637K(50176K)] 97695K->64988K(163840K), 0.0050640 secs] [Times: user=0.04 sys=0.00, real=0.01 secs] 
262.183: Total time for which application threads were stopped: 0.0052170 seconds, Stopping threads took: 0.0000670 seconds
262.311: Application time: 0.1279010 seconds
262.311: [GC [PSYoungGen: 49448K->6636K(50176K)] 107799K->76397K(163840K), 0.0053880 secs] [Times: user=0.04 sys=0.00, real=0.00 secs] 
262.317: Total time for which application threads were stopped: 0.0055650 seconds, Stopping threads took: 0.0000920 seconds
262.334: Application time: 0.0170500 seconds
262.334: [GC [PSYoungGen: 50112K->6636K(50176K)] 119873K->79247K(163840K), 0.0032530 secs] [Times: user=0.02 sys=0.00, real=0.00 secs] 
262.337: Total time for which application threads were stopped: 0.0034290 seconds, Stopping threads took: 0.0000910 seconds
262.354: Application time: 0.0168530 seconds
262.354: [GC [PSYoungGen: 50117K->5988K(50176K)] 122728K->82875K(163840K), 0.0033680 secs] [Times: user=0.03 sys=0.00, real=0.00 secs] 
262.358: Total time for which application threads were stopped: 0.0035240 seconds, Stopping threads took: 0.0000730 seconds
262.372: Application time: 0.0141510 seconds
262.372: [GC [PSYoungGen: 49478K->5956K(50176K)] 126365K->82842K(163840K), 0.0020110 secs] [Times: user=0.02 sys=0.00, real=0.00 secs] 
262.374: Total time for which application threads were stopped: 0.0021800 seconds, Stopping threads took: 0.0000790 seconds
262.518: Application time: 0.1438060 seconds
262.518: [GC [PSYoungGen: 49447K->6637K(50176K)] 126333K->93515K(163840K), 0.0049390 secs] [Times: user=0.04 sys=0.00, real=0.01 secs] 
262.523: Total time for which application threads were stopped: 0.0051000 seconds, Stopping threads took: 0.0000750 seconds
262.669: Application time: 0.1458270 seconds
262.670: [GC [PSYoungGen: 50119K->5988K(50176K)] 136997K->102130K(163840K), 0.0045550 secs] [Times: user=0.03 sys=0.00, real=0.00 secs] 
262.675: Total time for which application threads were stopped: 0.0059600 seconds, Stopping threads took: 0.0013230 seconds
262.837: Application time: 0.1621360 seconds
262.837: [GC [PSYoungGen: 49470K->6637K(50176K)] 145612K->112081K(163840K), 0.0047290 secs] [Times: user=0.04 sys=0.00, real=0.00 secs] 
262.842: [Full GC [PSYoungGen: 6637K->0K(50176K)] [ParOldGen: 105444K->27932K(113664K)] 112081K->27932K(163840K) [PSPermGen: 6125K->6125K(21504K)], 0.0098110 secs] [Times: user=0.05 sys=0.00, real=0.02 secs] 
262.852: Total time for which application threads were stopped: 0.0147410 seconds, Stopping threads took: 0.0000720 seconds
262.946: Application time: 0.0946140 seconds
262.946: [GC [PSYoungGen: 42811K->6476K(50176K)] 70744K->44385K(163840K), 0.0050010 secs] [Times: user=0.04 sys=0.00, real=0.01 secs] 
262.951: Total time for which application threads were stopped: 0.0051700 seconds, Stopping threads took: 0.0000770 seconds
262.966: Application time: 0.0147590 seconds
262.966: [GC [PSYoungGen: 49963K->6604K(50176K)] 87871K->48075K(163840K), 0.0033120 secs] [Times: user=0.03 sys=0.00, real=0.00 secs] 
262.970: Total time for which application threads were stopped: 0.0034740 seconds, Stopping threads took: 0.0000770 seconds
262.988: Application time: 0.0185260 seconds
262.988: [GC [PSYoungGen: 50094K->6573K(50176K)] 91565K->51607K(163840K), 0.0033290 secs] [Times: user=0.02 sys=0.00, real=0.01 secs] 
262.992: Total time for which application threads were stopped: 0.0034870 seconds, Stopping threads took: 0.0000740 seconds
263.014: Application time: 0.0224890 seconds
263.014: [GC [PSYoungGen: 50089K->6636K(50176K)] 95123K->53095K(163840K), 0.0027170 secs] [Times: user=0.02 sys=0.00, real=0.00 secs] 
263.017: Total time for which application threads were stopped: 0.0028700 seconds, Stopping threads took: 0.0000700 seconds
263.033: Application time: 0.0161540 seconds
263.033: [GC [PSYoungGen: 50112K->6636K(50176K)] 96571K->55945K(163840K), 0.0031720 secs] [Times: user=0.03 sys=0.00, real=0.00 secs] 
263.036: Total time for which application threads were stopped: 0.0033680 seconds, Stopping threads took: 0.0001080 seconds
263.055: Application time: 0.0188920 seconds
263.055: [GC [PSYoungGen: 50119K->6637K(50176K)] 99428K->59517K(163840K), 0.0033720 secs] [Times: user=0.02 sys=0.00, real=0.00 secs] 
263.059: Total time for which application threads were stopped: 0.0035330 seconds, Stopping threads took: 0.0000770 seconds
263.070: Application time: 0.0113950 seconds
263.070: [GC [PSYoungGen: 50138K->6605K(50176K)] 103018K->63047K(163840K), 0.0031560 secs] [Times: user=0.03 sys=0.00, real=0.00 secs] 
263.074: Total time for which application threads were stopped: 0.0033040 seconds, Stopping threads took: 0.0000650 seconds
263.236: Application time: 0.1620870 seconds
263.236: [GC [PSYoungGen: 49886K->6004K(50176K)] 106329K->70997K(163840K), 0.0043010 secs] [Times: user=0.04 sys=0.00, real=0.00 secs] 
263.240: Total time for which application threads were stopped: 0.0044530 seconds, Stopping threads took: 0.0000700 seconds
263.264: Application time: 0.0237830 seconds
263.264: [GC [PSYoungGen: 49007K->6652K(50176K)] 114000K->75953K(163840K), 0.0036070 secs] [Times: user=0.02 sys=0.00, real=0.00 secs] 
263.268: Total time for which application threads were stopped: 0.0037760 seconds, Stopping threads took: 0.0000800 seconds
263.287: Application time: 0.0189720 seconds
263.287: [GC [PSYoungGen: 50132K->6605K(50176K)] 119432K->75905K(163840K), 0.0024320 secs] [Times: user=0.01 sys=0.00, real=0.00 secs] 
263.289: Total time for which application threads were stopped: 0.0026060 seconds, Stopping threads took: 0.0000920 seconds
263.300: Application time: 0.0102460 seconds
263.300: [GC [PSYoungGen: 50090K->6636K(50176K)] 119390K->81665K(163840K), 0.0039750 secs] [Times: user=0.03 sys=0.00, real=0.01 secs] 
263.304: Total time for which application threads were stopped: 0.0041490 seconds, Stopping threads took: 0.0000890 seconds
263.459: Application time: 0.1549910 seconds
263.459: [GC [PSYoungGen: 50126K->6636K(50176K)] 125155K->92377K(163840K), 0.0051100 secs] [Times: user=0.04 sys=0.00, real=0.01 secs] 
263.464: Total time for which application threads were stopped: 0.0052730 seconds, Stopping threads took: 0.0000660 seconds
263.497: Application time: 0.0327840 seconds
263.497: [GC [PSYoungGen: 50149K->5956K(50176K)] 135890K->98822K(163840K), 0.0041680 secs] [Times: user=0.03 sys=0.00, real=0.00 secs] 
263.501: Total time for which application threads were stopped: 0.0043540 seconds, Stopping threads took: 0.0001000 seconds
263.518: Application time: 0.0171770 seconds
263.518: [GC [PSYoungGen: 49433K->5956K(50176K)] 142300K->100960K(163840K), 0.0027840 secs] [Times: user=0.02 sys=0.00, real=0.00 secs] 
263.521: Total time for which application threads were stopped: 0.0029590 seconds, Stopping threads took: 0.0000910 seconds
263.534: Application time: 0.0126450 seconds
263.534: [GC [PSYoungGen: 49441K->5956K(50176K)] 144444K->105235K(163840K), 0.0033360 secs] [Times: user=0.03 sys=0.00, real=0.00 secs] 
263.537: Total time for which application threads were stopped: 0.0035120 seconds, Stopping threads took: 0.0000860 seconds
263.672: Application time: 0.1350840 seconds
263.673: [GC [PSYoungGen: 49445K->6636K(50176K)] 148725K->116651K(163840K), 0.0051340 secs] [Times: user=0.04 sys=0.00, real=0.00 secs] 
263.678: [Full GC [PSYoungGen: 6636K->0K(50176K)] [ParOldGen: 110015K->28416K(113664K)] 116651K->28416K(163840K) [PSPermGen: 6125K->6125K(21504K)], 0.0102940 secs] [Times: user=0.05 sys=0.00, real=0.01 secs] 
263.688: Total time for which application threads were stopped: 0.0156380 seconds, Stopping threads took: 0.0000730 seconds
263.878: Application time: 0.1898560 seconds
263.878: [GC [PSYoungGen: 43480K->6444K(50176K)] 71896K->44123K(163840K), 0.0046430 secs] [Times: user=0.03 sys=0.00, real=0.01 secs] 
263.883: Total time for which application threads were stopped: 0.0047860 seconds, Stopping threads took: 0.0000590 seconds
263.988: Application time: 0.1048920 seconds
263.988: [GC [PSYoungGen: 49259K->6540K(50176K)] 86938K->54195K(163840K), 0.0050450 secs] [Times: user=0.04 sys=0.00, real=0.01 secs] 
263.993: Total time for which application threads were stopped: 0.0052240 seconds, Stopping threads took: 0.0000790 seconds
264.005: Application time: 0.0125030 seconds
264.006: [GC [PSYoungGen: 50031K->6588K(50176K)] 97686K->58518K(163840K), 0.0035350 secs] [Times: user=0.02 sys=0.00, real=0.00 secs] 
264.009: Total time for which application threads were stopped: 0.0037980 seconds, Stopping threads took: 0.0001780 seconds
264.023: Application time: 0.0136230 seconds
264.023: [GC [PSYoungGen: 50093K->6604K(50176K)] 102023K->62097K(163840K), 0.0033550 secs] [Times: user=0.03 sys=0.00, real=0.00 secs] 
264.027: Total time for which application threads were stopped: 0.0039510 seconds, Stopping threads took: 0.0005030 seconds
264.037: Application time: 0.0105370 seconds
264.037: [GC [PSYoungGen: 50089K->6636K(50176K)] 105581K->64987K(163840K), 0.0032090 secs] [Times: user=0.02 sys=0.00, real=0.00 secs] 
264.041: Total time for which application threads were stopped: 0.0033830 seconds, Stopping threads took: 0.0000880 seconds
264.051: Application time: 0.0098730 seconds
264.051: [GC [PSYoungGen: 50119K->6636K(50176K)] 108470K->66412K(163840K), 0.0027450 secs] [Times: user=0.02 sys=0.00, real=0.00 secs] 
264.053: Total time for which application threads were stopped: 0.0029290 seconds, Stopping threads took: 0.0001010 seconds
264.070: Application time: 0.0162480 seconds
264.070: [GC [PSYoungGen: 50129K->6636K(50176K)] 109905K->68558K(163840K), 0.0029140 secs] [Times: user=0.02 sys=0.01, real=0.01 secs] 
264.073: Total time for which application threads were stopped: 0.0031570 seconds, Stopping threads took: 0.0001540 seconds
264.103: Application time: 0.0302880 seconds
264.103: [GC [PSYoungGen: 49447K->6636K(50176K)] 111368K->75691K(163840K), 0.0042890 secs] [Times: user=0.03 sys=0.00, real=0.00 secs] 
264.108: Total time for which application threads were stopped: 0.0044450 seconds, Stopping threads took: 0.0000720 seconds
264.124: Application time: 0.0168290 seconds
264.125: [GC [PSYoungGen: 50110K->5956K(50176K)] 119164K->76435K(163840K), 0.0026380 secs] [Times: user=0.01 sys=0.00, real=0.00 secs] 
264.127: Total time for which application threads were stopped: 0.0028080 seconds, Stopping threads took: 0.0000850 seconds
264.146: Application time: 0.0188360 seconds
264.146: [GC [PSYoungGen: 49447K->6020K(50176K)] 119926K->80774K(163840K), 0.0033590 secs] [Times: user=0.03 sys=0.00, real=0.00 secs] 
264.150: Total time for which application threads were stopped: 0.0035320 seconds, Stopping threads took: 0.0000880 seconds
264.178: Application time: 0.0283420 seconds
264.178: [GC [PSYoungGen: 49510K->6636K(50176K)] 124264K->87803K(163840K), 0.0039300 secs] [Times: user=0.03 sys=0.00, real=0.01 secs] 
264.182: Total time for which application threads were stopped: 0.0040750 seconds, Stopping threads took: 0.0000630 seconds
264.368: Application time: 0.1856130 seconds
264.368: [GC [PSYoungGen: 50133K->6652K(50176K)] 131300K->98563K(163840K), 0.0051360 secs] [Times: user=0.04 sys=0.00, real=0.01 secs] 
264.373: Total time for which application threads were stopped: 0.0052870 seconds, Stopping threads took: 0.0000690 seconds
264.543: Application time: 0.1700700 seconds
264.543: [GC [PSYoungGen: 50140K->6636K(50176K)] 142052K->108551K(163840K), 0.0049410 secs] [Times: user=0.04 sys=0.00, real=0.00 secs] 
264.548: [Full GC [PSYoungGen: 6636K->0K(50176K)] [ParOldGen: 101914K->27703K(113664K)] 108551K->27703K(163840K) [PSPermGen: 6125K->6125K(21504K)], 0.0099810 secs] [Times: user=0.05 sys=0.00, real=0.01 secs] 
264.558: Total time for which application threads were stopped: 0.0151510 seconds, Stopping threads took: 0.0000840 seconds
264.751: Application time: 0.1926160 seconds
264.751: [GC [PSYoungGen: 43480K->6444K(50176K)] 71183K->43411K(163840K), 0.0047080 secs] [Times: user=0.04 sys=0.00, real=0.00 secs] 
264.756: Total time for which application threads were stopped: 0.0048610 seconds, Stopping threads took: 0.0000690 seconds
264.945: Application time: 0.1889260 seconds
264.945: [GC [PSYoungGen: 49937K->6508K(50176K)] 86904K->52025K(163840K), 0.0044690 secs] [Times: user=0.04 sys=0.00, real=0.00 secs] 
264.949: Total time for which application threads were stopped: 0.0046170 seconds, Stopping threads took: 0.0000650 seconds
265.105: Application time: 0.1556890 seconds
265.105: [GC [PSYoungGen: 50012K->6636K(50176K)] 95529K->62841K(163840K), 0.0050630 secs] [Times: user=0.04 sys=0.00, real=0.01 secs] 
265.110: Total time for which application threads were stopped: 0.0052410 seconds, Stopping threads took: 0.0000800 seconds
265.284: Application time: 0.1740140 seconds
265.284: [GC [PSYoungGen: 50134K->6636K(50176K)] 106339K->73529K(163840K), 0.0050540 secs] [Times: user=0.04 sys=0.00, real=0.00 secs] 
265.289: Total time for which application threads were stopped: 0.0052220 seconds, Stopping threads took: 0.0000860 seconds
265.455: Application time: 0.1657580 seconds
265.455: [GC [PSYoungGen: 50126K->6636K(50176K)] 117019K->83513K(163840K), 0.0049560 secs] [Times: user=0.04 sys=0.00, real=0.00 secs] 
265.460: Total time for which application threads were stopped: 0.0050990 seconds, Stopping threads took: 0.0000550 seconds
265.622: Application time: 0.1614070 seconds
265.622: [GC [PSYoungGen: 50118K->6636K(50176K)] 126994K->93496K(163840K), 0.0049680 secs] [Times: user=0.03 sys=0.00, real=0.01 secs] 
265.627: Total time for which application threads were stopped: 0.0051240 seconds, Stopping threads took: 0.0000620 seconds
265.786: Application time: 0.1594110 seconds
265.786: [GC [PSYoungGen: 50119K->6637K(50176K)] 136979K->102768K(163840K), 0.0047460 secs] [Times: user=0.04 sys=0.00, real=0.01 secs] 
265.791: Total time for which application threads were stopped: 0.0049090 seconds, Stopping threads took: 0.0000760 seconds
265.934: Application time: 0.1428540 seconds
265.934: [GC [PSYoungGen: 50153K->6637K(50176K)] 146284K->112752K(163840K), 0.0049460 secs] [Times: user=0.04 sys=0.00, real=0.00 secs] 
265.939: [Full GC [PSYoungGen: 6637K->0K(50176K)] [ParOldGen: 106115K->25567K(113664K)] 112752K->25567K(163840K) [PSPermGen: 6125K->6125K(21504K)], 0.0098770 secs] [Times: user=0.05 sys=0.00, real=0.01 secs] 
265.949: Total time for which application threads were stopped: 0.0150310 seconds, Stopping threads took: 0.0000730 seconds
266.109: Application time: 0.1596180 seconds
266.109: [GC [PSYoungGen: 43482K->6413K(50176K)] 69049K->41243K(163840K), 0.0047390 secs] [Times: user=0.04 sys=0.00, real=0.01 secs] 
266.114: Total time for which application threads were stopped: 0.0048870 seconds, Stopping threads took: 0.0000610 seconds
266.157: Application time: 0.0434290 seconds
266.157: [GC [PSYoungGen: 49233K->6573K(50176K)] 84063K->49241K(163840K), 0.0044370 secs] [Times: user=0.03 sys=0.00, real=0.00 secs] 
266.162: Total time for which application threads were stopped: 0.0046020 seconds, Stopping threads took: 0.0000710 seconds
266.177: Application time: 0.0153730 seconds
266.177: [GC [PSYoungGen: 50049K->6573K(50176K)] 92718K->52092K(163840K), 0.0031080 secs] [Times: user=0.02 sys=0.00, real=0.00 secs] 
266.180: Total time for which application threads were stopped: 0.0032970 seconds, Stopping threads took: 0.0001030 seconds
266.194: Application time: 0.0141670 seconds
266.195: [GC [PSYoungGen: 50056K->6541K(50176K)] 95575K->54910K(163840K), 0.0031930 secs] [Times: user=0.01 sys=0.00, real=0.00 secs] 
266.198: Total time for which application threads were stopped: 0.0033700 seconds, Stopping threads took: 0.0000930 seconds
266.300: Application time: 0.1022850 seconds
266.300: [GC [PSYoungGen: 50039K->6605K(50176K)] 98409K->64950K(163840K), 0.0049290 secs] [Times: user=0.04 sys=0.00, real=0.01 secs] 
266.305: Total time for which application threads were stopped: 0.0051040 seconds, Stopping threads took: 0.0000880 seconds
266.458: Application time: 0.1524200 seconds
266.458: [GC [PSYoungGen: 50087K->6605K(50176K)] 108432K->74926K(163840K), 0.0049660 secs] [Times: user=0.03 sys=0.00, real=0.01 secs] 
266.463: Total time for which application threads were stopped: 0.0051400 seconds, Stopping threads took: 0.0000880 seconds
266.614: Application time: 0.1509380 seconds
266.614: [GC [PSYoungGen: 50087K->6605K(50176K)] 118408K->84189K(163840K), 0.0047030 secs] [Times: user=0.03 sys=0.00, real=0.00 secs] 
266.618: Total time for which application threads were stopped: 0.0048420 seconds, Stopping threads took: 0.0000590 seconds
266.746: Application time: 0.1276450 seconds
266.746: [GC [PSYoungGen: 50087K->6637K(50176K)] 127671K->93484K(163840K), 0.0047250 secs] [Times: user=0.04 sys=0.00, real=0.01 secs] 
266.751: Total time for which application threads were stopped: 0.0048930 seconds, Stopping threads took: 0.0000710 seconds
266.904: Application time: 0.1531770 seconds
266.904: [GC [PSYoungGen: 50152K->6004K(50176K)] 137000K->102115K(163840K), 0.0044860 secs] [Times: user=0.03 sys=0.00, real=0.00 secs] 
266.909: Total time for which application threads were stopped: 0.0046320 seconds, Stopping threads took: 0.0000610 seconds
266.927: Application time: 0.0186130 seconds
266.928: [GC [PSYoungGen: 49501K->6636K(50176K)] 145612K->108448K(163840K), 0.0039640 secs] [Times: user=0.03 sys=0.00, real=0.01 secs] 
266.932: [Full GC [PSYoungGen: 6636K->0K(50176K)] [ParOldGen: 101811K->29130K(113664K)] 108448K->29130K(163840K) [PSPermGen: 6125K->6125K(21504K)], 0.0102720 secs] [Times: user=0.06 sys=0.00, real=0.00 secs] 
266.942: Total time for which application threads were stopped: 0.0144570 seconds, Stopping threads took: 0.0000850 seconds
266.961: Application time: 0.0186440 seconds
266.961: [GC [PSYoungGen: 43476K->1585K(50176K)] 72606K->30715K(163840K), 0.0007520 secs] [Times: user=0.00 sys=0.00, real=0.00 secs] 
266.961: Total time for which application threads were stopped: 0.0008870 seconds, Stopping threads took: 0.0000740 seconds
266.973: Application time: 0.0117720 seconds
266.973: [GC [PSYoungGen: 45066K->4435K(50176K)] 74197K->33565K(163840K), 0.0016850 secs] [Times: user=0.01 sys=0.00, real=0.00 secs] 
266.975: Total time for which application threads were stopped: 0.0018650 seconds, Stopping threads took: 0.0001030 seconds
267.026: Application time: 0.0504570 seconds
267.026: [GC [PSYoungGen: 47256K->6572K(50176K)] 76387K->44253K(163840K), 0.0046820 secs] [Times: user=0.04 sys=0.00, real=0.01 secs] 
267.030: Total time for which application threads were stopped: 0.0048710 seconds, Stopping threads took: 0.0001000 seconds
267.046: Application time: 0.0158650 seconds
267.046: [GC [PSYoungGen: 50051K->6605K(50176K)] 87732K->46423K(163840K), 0.0028590 secs] [Times: user=0.02 sys=0.00, real=0.00 secs] 
267.049: Total time for which application threads were stopped: 0.0030110 seconds, Stopping threads took: 0.0000680 seconds
267.063: Application time: 0.0142030 seconds
267.064: [GC [PSYoungGen: 50092K->6605K(50176K)] 89910K->49986K(163840K), 0.0032630 secs] [Times: user=0.02 sys=0.00, real=0.00 secs] 
267.067: Total time for which application threads were stopped: 0.0034760 seconds, Stopping threads took: 0.0001280 seconds
267.143: Application time: 0.0763510 seconds
267.143: [GC [PSYoungGen: 49421K->6636K(50176K)] 92802K->60714K(163840K), 0.0051800 secs] [Times: user=0.04 sys=0.00, real=0.00 secs] 
267.149: Total time for which application threads were stopped: 0.0053470 seconds, Stopping threads took: 0.0000840 seconds
267.167: Application time: 0.0179830 seconds
267.167: [GC [PSYoungGen: 50110K->6652K(50176K)] 104187K->62163K(163840K), 0.0028060 secs] [Times: user=0.02 sys=0.00, real=0.00 secs] 
267.170: Total time for which application threads were stopped: 0.0029840 seconds, Stopping threads took: 0.0000940 seconds
267.189: Application time: 0.0189060 seconds
267.189: [GC [PSYoungGen: 50136K->6605K(50176K)] 105647K->64253K(163840K), 0.0028980 secs] [Times: user=0.02 sys=0.00, real=0.01 secs] 
267.192: Total time for which application threads were stopped: 0.0030580 seconds, Stopping threads took: 0.0000740 seconds
267.213: Application time: 0.0217950 seconds
267.214: [GC [PSYoungGen: 50100K->6636K(50176K)] 107748K->67847K(163840K), 0.0030960 secs] [Times: user=0.03 sys=0.00, real=0.00 secs] 
267.217: Total time for which application threads were stopped: 0.0032460 seconds, Stopping threads took: 0.0000660 seconds
267.282: Application time: 0.0654930 seconds
267.283: [GC [PSYoungGen: 50151K->6652K(50176K)] 111362K->76421K(163840K), 0.0046550 secs] [Times: user=0.03 sys=0.00, real=0.00 secs] 
267.287: Total time for which application threads were stopped: 0.0052290 seconds, Stopping threads took: 0.0004770 seconds
267.303: Application time: 0.0155210 seconds
267.303: [GC [PSYoungGen: 50139K->6636K(50176K)] 119908K->80681K(163840K), 0.0035700 secs] [Times: user=0.02 sys=0.00, real=0.00 secs] 
267.307: Total time for which application threads were stopped: 0.0037480 seconds, Stopping threads took: 0.0000940 seconds
267.321: Application time: 0.0146670 seconds
267.321: [GC [PSYoungGen: 50120K->6636K(50176K)] 124164K->81437K(163840K), 0.0025090 secs] [Times: user=0.01 sys=0.00, real=0.01 secs] 
267.324: Total time for which application threads were stopped: 0.0026730 seconds, Stopping threads took: 0.0000800 seconds
267.433: Application time: 0.1089390 seconds
267.433: [GC [PSYoungGen: 50126K->6636K(50176K)] 124927K->91421K(163840K), 0.0049280 secs] [Times: user=0.03 sys=0.00, real=0.00 secs] 
267.438: Total time for which application threads were stopped: 0.0050900 seconds, Stopping threads took: 0.0000720 seconds
267.606: Application time: 0.1675820 seconds
267.606: [GC [PSYoungGen: 50117K->6636K(50176K)] 134901K->100684K(163840K), 0.0047260 secs] [Times: user=0.04 sys=0.00, real=0.01 secs] 
267.611: Total time for which application threads were stopped: 0.0048840 seconds, Stopping threads took: 0.0000760 seconds
267.772: Application time: 0.1609940 seconds
267.772: [GC [PSYoungGen: 50116K->6636K(50176K)] 144164K->110659K(163840K), 0.0049630 secs] [Times: user=0.04 sys=0.00, real=0.00 secs] 
267.777: [Full GC [PSYoungGen: 6636K->0K(50176K)] [ParOldGen: 104022K->28416K(113664K)] 110659K->28416K(163840K) [PSPermGen: 6125K->6125K(21504K)], 0.0101560 secs] [Times: user=0.05 sys=0.00, real=0.01 secs] 
267.787: Total time for which application threads were stopped: 0.0153340 seconds, Stopping threads took: 0.0000790 seconds
267.867: Application time: 0.0797160 seconds
267.867: [GC [PSYoungGen: 43520K->6508K(50176K)] 71936K->42763K(163840K), 0.0044730 secs] [Times: user=0.03 sys=0.00, real=0.01 secs] 
267.871: Total time for which application threads were stopped: 0.0046460 seconds, Stopping threads took: 0.0000760 seconds
267.886: Application time: 0.0149000 seconds
267.886: [GC [PSYoungGen: 49993K->6572K(50176K)] 86247K->47102K(163840K), 0.0034560 secs] [Times: user=0.03 sys=0.00, real=0.00 secs] 
267.890: Total time for which application threads were stopped: 0.0036710 seconds, Stopping threads took: 0.0001260 seconds
267.904: Application time: 0.0146520 seconds
267.905: [GC [PSYoungGen: 50089K->6604K(50176K)] 90619K->49984K(163840K), 0.0031020 secs] [Times: user=0.02 sys=0.00, real=0.00 secs] 
267.908: Total time for which application threads were stopped: 0.0036570 seconds, Stopping threads took: 0.0004700 seconds
267.921: Application time: 0.0129720 seconds
267.921: [GC [PSYoungGen: 50084K->6636K(50176K)] 93464K->52154K(163840K), 0.0030330 secs] [Times: user=0.03 sys=0.00, real=0.01 secs] 
267.924: Total time for which application threads were stopped: 0.0032340 seconds, Stopping threads took: 0.0001140 seconds
267.940: Application time: 0.0153390 seconds
267.940: [GC [PSYoungGen: 50123K->6604K(50176K)] 95640K->54972K(163840K), 0.0031980 secs] [Times: user=0.02 sys=0.00, real=0.01 secs] 
267.943: Total time for which application threads were stopped: 0.0033600 seconds, Stopping threads took: 0.0000780 seconds
267.958: Application time: 0.0146950 seconds
267.958: [GC [PSYoungGen: 50087K->6604K(50176K)] 98455K->57822K(163840K), 0.0031700 secs] [Times: user=0.03 sys=0.00, real=0.00 secs] 
267.961: Total time for which application threads were stopped: 0.0033450 seconds, Stopping threads took: 0.0000890 seconds
268.032: Application time: 0.0712210 seconds
268.032: [GC [PSYoungGen: 49422K->6636K(50176K)] 100640K->68566K(163840K), 0.0051890 secs] [Times: user=0.04 sys=0.00, real=0.00 secs] 
268.038: Total time for which application threads were stopped: 0.0053690 seconds, Stopping threads took: 0.0000950 seconds
268.054: Application time: 0.0161870 seconds
268.054: [GC [PSYoungGen: 50112K->6652K(50176K)] 112041K->71432K(163840K), 0.0032240 secs] [Times: user=0.02 sys=0.00, real=0.00 secs] 
268.057: Total time for which application threads were stopped: 0.0034240 seconds, Stopping threads took: 0.0001070 seconds
268.077: Application time: 0.0193530 seconds
268.077: [GC [PSYoungGen: 50145K->6636K(50176K)] 114924K->74282K(163840K), 0.0030840 secs] [Times: user=0.02 sys=0.00, real=0.00 secs] 
268.080: Total time for which application threads were stopped: 0.0032820 seconds, Stopping threads took: 0.0001030 seconds
268.111: Application time: 0.0308790 seconds
268.111: [GC [PSYoungGen: 50133K->6652K(50176K)] 117779K->80006K(163840K), 0.0038140 secs] [Times: user=0.02 sys=0.00, real=0.00 secs] 
268.115: Total time for which application threads were stopped: 0.0039630 seconds, Stopping threads took: 0.0000690 seconds
268.304: Application time: 0.1893150 seconds
268.304: [GC [PSYoungGen: 50149K->6004K(50176K)] 123503K->90758K(163840K), 0.0050610 secs] [Times: user=0.04 sys=0.00, real=0.00 secs] 
268.309: Total time for which application threads were stopped: 0.0052100 seconds, Stopping threads took: 0.0000650 seconds
268.487: Application time: 0.1780600 seconds
268.487: [GC [PSYoungGen: 49484K->6004K(50176K)] 134238K->101446K(163840K), 0.0049550 secs] [Times: user=0.04 sys=0.00, real=0.01 secs] 
268.492: Total time for which application threads were stopped: 0.0051240 seconds, Stopping threads took: 0.0000680 seconds
268.684: Application time: 0.1914590 seconds
268.684: [GC [PSYoungGen: 49484K->6636K(50176K)] 144926K->111401K(163840K), 0.0047240 secs] [Times: user=0.03 sys=0.00, real=0.00 secs] 
268.689: [Full GC [PSYoungGen: 6636K->0K(50176K)] [ParOldGen: 104764K->27704K(113664K)] 111401K->27704K(163840K) [PSPermGen: 6125K->6125K(21504K)], 0.0102310 secs] [Times: user=0.06 sys=0.00, real=0.01 secs] 
268.699: Total time for which application threads were stopped: 0.0151480 seconds, Stopping threads took: 0.0000590 seconds
268.878: Application time: 0.1793110 seconds
268.878: [GC [PSYoungGen: 43495K->6540K(50176K)] 71199K->44932K(163840K), 0.0050420 secs] [Times: user=0.04 sys=0.00, real=0.01 secs] 
268.884: Total time for which application threads were stopped: 0.0051990 seconds, Stopping threads took: 0.0000720 seconds
269.055: Application time: 0.1711160 seconds
269.055: [GC [PSYoungGen: 50046K->6636K(50176K)] 88439K->57141K(163840K), 0.0053860 secs] [Times: user=0.04 sys=0.00, real=0.00 secs] 
269.060: Total time for which application threads were stopped: 0.0055500 seconds, Stopping threads took: 0.0000680 seconds
269.212: Application time: 0.1512550 seconds
269.212: [GC [PSYoungGen: 50143K->5956K(50176K)] 100648K->68574K(163840K), 0.0052860 secs] [Times: user=0.04 sys=0.00, real=0.00 secs] 
269.217: Total time for which application threads were stopped: 0.0054440 seconds, Stopping threads took: 0.0000760 seconds
269.391: Application time: 0.1735540 seconds
269.391: [GC [PSYoungGen: 49437K->5956K(50176K)] 112055K->78550K(163840K), 0.0047420 secs] [Times: user=0.04 sys=0.00, real=0.00 secs] 
269.395: Total time for which application threads were stopped: 0.0048990 seconds, Stopping threads took: 0.0000670 seconds
269.560: Application time: 0.1648730 seconds
269.560: [GC [PSYoungGen: 49438K->6636K(50176K)] 122031K->88501K(163840K), 0.0047120 secs] [Times: user=0.03 sys=0.00, real=0.01 secs] 
269.565: Total time for which application threads were stopped: 0.0048800 seconds, Stopping threads took: 0.0000720 seconds
269.719: Application time: 0.1534650 seconds
269.719: [GC [PSYoungGen: 50119K->6637K(50176K)] 131984K->97773K(163840K), 0.0047410 secs] [Times: user=0.03 sys=0.00, real=0.01 secs] 
269.724: Total time for which application threads were stopped: 0.0048960 seconds, Stopping threads took: 0.0000700 seconds
269.870: Application time: 0.1462730 seconds
269.870: [GC [PSYoungGen: 50154K->5956K(50176K)] 141290K->109918K(163840K), 0.0054330 secs] [Times: user=0.04 sys=0.00, real=0.01 secs] 
269.875: [Full GC [PSYoungGen: 5956K->0K(50176K)] [ParOldGen: 103962K->27705K(113664K)] 109918K->27705K(163840K) [PSPermGen: 6125K->6125K(21504K)], 0.0102300 secs] [Times: user=0.06 sys=0.00, real=0.01 secs] 
269.886: Total time for which application threads were stopped: 0.0158640 seconds, Stopping threads took: 0.0000660 seconds
270.049: Application time: 0.1630360 seconds
270.049: [GC [PSYoungGen: 43499K->6541K(50176K)] 71204K->43509K(163840K), 0.0046880 secs] [Times: user=0.04 sys=0.00, real=0.01 secs] 
270.054: Total time for which application threads were stopped: 0.0048610 seconds, Stopping threads took: 0.0000790 seconds
270.111: Application time: 0.0572740 seconds
270.111: [GC [PSYoungGen: 50058K->6573K(50176K)] 87027K->51380K(163840K), 0.0044430 secs] [Times: user=0.03 sys=0.00, real=0.00 secs] 
270.115: Total time for which application threads were stopped: 0.0046140 seconds, Stopping threads took: 0.0000790 seconds
270.130: Application time: 0.0143900 seconds
270.130: [GC [PSYoungGen: 50053K->6605K(50176K)] 94860K->54262K(163840K), 0.0030990 secs] [Times: user=0.03 sys=0.00, real=0.00 secs] 
270.133: Total time for which application threads were stopped: 0.0032710 seconds, Stopping threads took: 0.0000820 seconds
270.148: Application time: 0.0147970 seconds
270.148: [GC [PSYoungGen: 50100K->6637K(50176K)] 97758K->59282K(163840K), 0.0037660 secs] [Times: user=0.02 sys=0.00, real=0.01 secs] 
270.152: Total time for which application threads were stopped: 0.0039540 seconds, Stopping threads took: 0.0001030 seconds
270.225: Application time: 0.0733340 seconds
270.225: [GC [PSYoungGen: 50130K->6637K(50176K)] 102775K->69258K(163840K), 0.0049440 secs] [Times: user=0.04 sys=0.00, real=0.01 secs] 
270.230: Total time for which application threads were stopped: 0.0051040 seconds, Stopping threads took: 0.0000740 seconds
270.380: Application time: 0.1496110 seconds
270.380: [GC [PSYoungGen: 50119K->6637K(50176K)] 112740K->78521K(163840K), 0.0047540 secs] [Times: user=0.04 sys=0.00, real=0.01 secs] 
270.385: Total time for which application threads were stopped: 0.0049370 seconds, Stopping threads took: 0.0000990 seconds
270.539: Application time: 0.1538470 seconds
270.539: [GC [PSYoungGen: 50119K->6605K(50176K)] 122004K->87753K(163840K), 0.0047920 secs] [Times: user=0.03 sys=0.00, real=0.01 secs] 
270.544: Total time for which application threads were stopped: 0.0049630 seconds, Stopping threads took: 0.0000890 seconds
270.687: Application time: 0.1435040 seconds
270.687: [GC [PSYoungGen: 50087K->6605K(50176K)] 131235K->97728K(163840K), 0.0049590 secs] [Times: user=0.03 sys=0.00, real=0.01 secs] 
270.692: Total time for which application threads were stopped: 0.0051230 seconds, Stopping threads took: 0.0000690 seconds
270.787: Application time: 0.0945800 seconds
270.787: [GC [PSYoungGen: 50058K->6036K(50176K)] 141182K->105711K(163840K), 0.0045130 secs] [Times: user=0.03 sys=0.01, real=0.01 secs] 
270.792: [Full GC [PSYoungGen: 6036K->0K(50176K)] [ParOldGen: 99674K->23437K(113664K)] 105711K->23437K(163840K) [PSPermGen: 6125K->6125K(21504K)], 0.0091870 secs] [Times: user=0.05 sys=0.00, real=0.00 secs] 
270.801: Total time for which application threads were stopped: 0.0139110 seconds, Stopping threads took: 0.0000750 seconds
270.813: Application time: 0.0121050 seconds
270.813: [GC [PSYoungGen: 42877K->5211K(50176K)] 66314K->28649K(163840K), 0.0018140 secs] [Times: user=0.01 sys=0.00, real=0.00 secs] 
270.815: Total time for which application threads were stopped: 0.0019860 seconds, Stopping threads took: 0.0001050 seconds
270.827: Application time: 0.0122660 seconds
270.827: [GC [PSYoungGen: 48699K->6572K(50176K)] 72136K->34285K(163840K), 0.0034650 secs] [Times: user=0.03 sys=0.00, real=0.01 secs] 
270.831: Total time for which application threads were stopped: 0.0036590 seconds, Stopping threads took: 0.0001090 seconds
270.841: Application time: 0.0105910 seconds
270.842: [GC [PSYoungGen: 50054K->6509K(50176K)] 77767K->35647K(163840K), 0.0025500 secs] [Times: user=0.01 sys=0.00, real=0.00 secs] 
270.845: Total time for which application threads were stopped: 0.0033320 seconds, Stopping threads took: 0.0007040 seconds
270.856: Application time: 0.0107900 seconds
270.856: [GC [PSYoungGen: 49992K->6573K(50176K)] 79130K->39986K(163840K), 0.0034200 secs] [Times: user=0.02 sys=0.00, real=0.00 secs] 
270.859: Total time for which application threads were stopped: 0.0036070 seconds, Stopping threads took: 0.0001040 seconds
270.872: Application time: 0.0129510 seconds
270.872: [GC [PSYoungGen: 50064K->6541K(50176K)] 83477K->41379K(163840K), 0.0027390 secs] [Times: user=0.02 sys=0.00, real=0.00 secs] 
270.875: Total time for which application threads were stopped: 0.0029320 seconds, Stopping threads took: 0.0000970 seconds
270.946: Application time: 0.0710180 seconds
270.946: [GC [PSYoungGen: 50042K->6572K(50176K)] 84881K->51387K(163840K), 0.0049030 secs] [Times: user=0.04 sys=0.00, real=0.01 secs] 
270.951: Total time for which application threads were stopped: 0.0050610 seconds, Stopping threads took: 0.0000720 seconds
271.079: Application time: 0.1274050 seconds
271.079: [GC [PSYoungGen: 49382K->6636K(50176K)] 94197K->62139K(163840K), 0.0052750 secs] [Times: user=0.04 sys=0.00, real=0.01 secs] 
271.084: Total time for which application threads were stopped: 0.0054410 seconds, Stopping threads took: 0.0000770 seconds
271.099: Application time: 0.0149010 seconds
271.099: [GC [PSYoungGen: 50114K->6604K(50176K)] 105617K->65670K(163840K), 0.0034230 secs] [Times: user=0.02 sys=0.00, real=0.01 secs] 
271.102: Total time for which application threads were stopped: 0.0035920 seconds, Stopping threads took: 0.0000830 seconds
271.122: Application time: 0.0193370 seconds
271.122: [GC [PSYoungGen: 50095K->6605K(50176K)] 109161K->68520K(163840K), 0.0030590 secs] [Times: user=0.02 sys=0.00, real=0.01 secs] 
271.125: Total time for which application threads were stopped: 0.0032250 seconds, Stopping threads took: 0.0000830 seconds
271.163: Application time: 0.0379710 seconds
271.163: [GC [PSYoungGen: 50093K->6636K(50176K)] 112009K->74252K(163840K), 0.0036920 secs] [Times: user=0.03 sys=0.00, real=0.00 secs] 
271.167: Total time for which application threads were stopped: 0.0038410 seconds, Stopping threads took: 0.0000680 seconds
271.226: Application time: 0.0590220 seconds
271.226: [GC [PSYoungGen: 50153K->6636K(50176K)] 117769K->82803K(163840K), 0.0046680 secs] [Times: user=0.04 sys=0.00, real=0.01 secs] 
271.231: Total time for which application threads were stopped: 0.0048580 seconds, Stopping threads took: 0.0000950 seconds
271.246: Application time: 0.0155840 seconds
271.247: [GC [PSYoungGen: 50117K->6636K(50176K)] 126284K->84940K(163840K), 0.0031050 secs] [Times: user=0.02 sys=0.00, real=0.00 secs] 
271.250: Total time for which application threads were stopped: 0.0034620 seconds, Stopping threads took: 0.0002680 seconds
271.264: Application time: 0.0138750 seconds
271.264: [GC [PSYoungGen: 50122K->6636K(50176K)] 128426K->89224K(163840K), 0.0035980 secs] [Times: user=0.03 sys=0.00, real=0.00 secs] 
271.267: Total time for which application threads were stopped: 0.0037770 seconds, Stopping threads took: 0.0000940 seconds
271.387: Application time: 0.1195780 seconds
271.387: [GC [PSYoungGen: 50126K->6636K(50176K)] 132713K->99199K(163840K), 0.0049000 secs] [Times: user=0.04 sys=0.00, real=0.01 secs] 
271.392: Total time for which application threads were stopped: 0.0050510 seconds, Stopping threads took: 0.0000650 seconds
271.551: Application time: 0.1588190 seconds
271.551: [GC [PSYoungGen: 50117K->6636K(50176K)] 142679K->109182K(163840K), 0.0049570 secs] [Times: user=0.04 sys=0.00, real=0.00 secs] 
271.556: [Full GC [PSYoungGen: 6636K->0K(50176K)] [ParOldGen: 102546K->30118K(113664K)] 109182K->30118K(163840K) [PSPermGen: 6125K->6125K(21504K)], 0.0098650 secs] [Times: user=0.05 sys=0.00, real=0.01 secs] 
271.566: Total time for which application threads were stopped: 0.0150440 seconds, Stopping threads took: 0.0000870 seconds
271.744: Application time: 0.1778950 seconds
271.744: [GC [PSYoungGen: 43374K->6460K(50176K)] 73492K->43704K(163840K), 0.0040660 secs] [Times: user=0.02 sys=0.00, real=0.00 secs] 
271.748: Total time for which application threads were stopped: 0.0042320 seconds, Stopping threads took: 0.0000760 seconds
271.766: Application time: 0.0175230 seconds
271.766: [GC [PSYoungGen: 49402K->6588K(50176K)] 86646K->50957K(163840K), 0.0042570 secs] [Times: user=0.03 sys=0.00, real=0.01 secs] 
271.770: Total time for which application threads were stopped: 0.0047470 seconds, Stopping threads took: 0.0004070 seconds
271.781: Application time: 0.0103340 seconds
271.782: [GC [PSYoungGen: 50064K->6636K(50176K)] 94433K->51725K(163840K), 0.0025310 secs] [Times: user=0.02 sys=0.00, real=0.01 secs] 
271.784: Total time for which application threads were stopped: 0.0034910 seconds, Stopping threads took: 0.0008750 seconds
271.795: Application time: 0.0108550 seconds
271.795: [GC [PSYoungGen: 50129K->6636K(50176K)] 95218K->53151K(163840K), 0.0026070 secs] [Times: user=0.02 sys=0.00, real=0.00 secs] 
271.798: Total time for which application threads were stopped: 0.0027890 seconds, Stopping threads took: 0.0000980 seconds
271.810: Application time: 0.0119520 seconds
271.811: [GC [PSYoungGen: 50124K->6636K(50176K)] 96638K->54576K(163840K), 0.0027440 secs] [Times: user=0.02 sys=0.00, real=0.00 secs] 
271.814: Total time for which application threads were stopped: 0.0037170 seconds, Stopping threads took: 0.0008900 seconds
271.823: Application time: 0.0095430 seconds
271.823: [GC [PSYoungGen: 50121K->6605K(50176K)] 98061K->58819K(163840K), 0.0035240 secs] [Times: user=0.02 sys=0.00, real=0.00 secs] 
271.827: Total time for which application threads were stopped: 0.0038950 seconds, Stopping threads took: 0.0002840 seconds
271.838: Application time: 0.0106950 seconds
271.838: [GC [PSYoungGen: 50087K->6620K(50176K)] 102302K->58835K(163840K), 0.0023490 secs] [Times: user=0.01 sys=0.00, real=0.00 secs] 
271.840: Total time for which application threads were stopped: 0.0025210 seconds, Stopping threads took: 0.0000940 seconds
271.955: Application time: 0.1150520 seconds
271.955: [GC [PSYoungGen: 49431K->6636K(50176K)] 101645K->68834K(163840K), 0.0050410 secs] [Times: user=0.04 sys=0.00, real=0.00 secs] 
271.960: Total time for which application threads were stopped: 0.0052460 seconds, Stopping threads took: 0.0001200 seconds
271.976: Application time: 0.0157100 seconds
271.976: [GC [PSYoungGen: 50122K->6636K(50176K)] 112320K->73145K(163840K), 0.0033460 secs] [Times: user=0.02 sys=0.00, real=0.00 secs] 
271.980: Total time for which application threads were stopped: 0.0035100 seconds, Stopping threads took: 0.0000810 seconds
271.996: Application time: 0.0167040 seconds
271.997: [GC [PSYoungGen: 50121K->6604K(50176K)] 116630K->78814K(163840K), 0.0039260 secs] [Times: user=0.03 sys=0.00, real=0.00 secs] 
272.001: Total time for which application threads were stopped: 0.0040900 seconds, Stopping threads took: 0.0000820 seconds
272.066: Application time: 0.0652520 seconds
272.066: [GC [PSYoungGen: 50103K->6636K(50176K)] 122312K->85987K(163840K), 0.0041540 secs] [Times: user=0.03 sys=0.00, real=0.01 secs] 
272.070: Total time for which application threads were stopped: 0.0043020 seconds, Stopping threads took: 0.0000620 seconds
272.269: Application time: 0.1990810 seconds
272.269: [GC [PSYoungGen: 50133K->6636K(50176K)] 129484K->96711K(163840K), 0.0050570 secs] [Times: user=0.04 sys=0.00, real=0.01 secs] 
272.274: Total time for which application threads were stopped: 0.0052130 seconds, Stopping threads took: 0.0000630 seconds
272.435: Application time: 0.1602350 seconds
272.435: [GC [PSYoungGen: 50116K->6636K(50176K)] 140191K->106686K(163840K), 0.0049300 secs] [Times: user=0.03 sys=0.00, real=0.00 secs] 
272.440: [Full GC [PSYoungGen: 6636K->0K(50176K)] [ParOldGen: 100049K->28417K(113664K)] 106686K->28417K(163840K) [PSPermGen: 6125K->6125K(21504K)], 0.0103410 secs] [Times: user=0.06 sys=0.00, real=0.02 secs] 
272.450: Total time for which application threads were stopped: 0.0154920 seconds, Stopping threads took: 0.0000860 seconds
272.639: Application time: 0.1890790 seconds
272.640: [GC [PSYoungGen: 43480K->6412K(50176K)] 71897K->43380K(163840K), 0.0044370 secs] [Times: user=0.03 sys=0.00, real=0.01 secs] 
272.645: Total time for which application threads were stopped: 0.0055760 seconds, Stopping threads took: 0.0010480 seconds
272.835: Application time: 0.1900870 seconds
272.835: [GC [PSYoungGen: 49918K->6636K(50176K)] 86885K->54300K(163840K), 0.0049900 secs] [Times: user=0.04 sys=0.00, real=0.00 secs] 
272.840: Total time for which application threads were stopped: 0.0051560 seconds, Stopping threads took: 0.0000760 seconds
273.002: Application time: 0.1618460 seconds
273.002: [GC [PSYoungGen: 50143K->6636K(50176K)] 97806K->65708K(163840K), 0.0053010 secs] [Times: user=0.03 sys=0.01, real=0.01 secs] 
273.007: Total time for which application threads were stopped: 0.0054610 seconds, Stopping threads took: 0.0000710 seconds
273.182: Application time: 0.1747620 seconds
273.182: [GC [PSYoungGen: 50134K->5956K(50176K)] 109206K->75716K(163840K), 0.0048780 secs] [Times: user=0.04 sys=0.00, real=0.00 secs] 
273.187: Total time for which application threads were stopped: 0.0050220 seconds, Stopping threads took: 0.0000610 seconds
273.341: Application time: 0.1534090 seconds
273.341: [GC [PSYoungGen: 49437K->5956K(50176K)] 119197K->85692K(163840K), 0.0047390 secs] [Times: user=0.04 sys=0.00, real=0.01 secs] 
273.345: Total time for which application threads were stopped: 0.0049070 seconds, Stopping threads took: 0.0000710 seconds
273.495: Application time: 0.1492600 seconds
273.495: [GC [PSYoungGen: 49438K->6636K(50176K)] 129173K->96356K(163840K), 0.0049900 secs] [Times: user=0.03 sys=0.00, real=0.00 secs] 
273.500: Total time for which application threads were stopped: 0.0051670 seconds, Stopping threads took: 0.0000900 seconds
273.656: Application time: 0.1565170 seconds
273.656: [GC [PSYoungGen: 50119K->6636K(50176K)] 139838K->105627K(163840K), 0.0047560 secs] [Times: user=0.04 sys=0.00, real=0.00 secs] 
273.661: [Full GC [PSYoungGen: 6636K->0K(50176K)] [ParOldGen: 98990K->27705K(113664K)] 105627K->27705K(163840K) [PSPermGen: 6125K->6125K(21504K)], 0.0100540 secs] [Times: user=0.05 sys=0.00, real=0.02 secs] 
273.671: Total time for which application threads were stopped: 0.0150250 seconds, Stopping threads took: 0.0000810 seconds
273.822: Application time: 0.1505990 seconds
273.822: [GC [PSYoungGen: 43517K->6637K(50176K)] 71222K->46456K(163840K), 0.0055370 secs] [Times: user=0.04 sys=0.00, real=0.00 secs] 
273.828: Total time for which application threads were stopped: 0.0056880 seconds, Stopping threads took: 0.0000660 seconds
273.961: Application time: 0.1328740 seconds
273.961: [GC [PSYoungGen: 49447K->6636K(50176K)] 89267K->56448K(163840K), 0.0050020 secs] [Times: user=0.03 sys=0.00, real=0.01 secs] 
273.966: Total time for which application threads were stopped: 0.0051550 seconds, Stopping threads took: 0.0000610 seconds
273.982: Application time: 0.0164900 seconds
273.982: [GC [PSYoungGen: 50121K->6637K(50176K)] 99932K->60747K(163840K), 0.0035530 secs] [Times: user=0.02 sys=0.00, real=0.00 secs] 
273.986: Total time for which application threads were stopped: 0.0037180 seconds, Stopping threads took: 0.0000810 seconds
274.005: Application time: 0.0189800 seconds
274.005: [GC [PSYoungGen: 50116K->6637K(50176K)] 104227K->62173K(163840K), 0.0027670 secs] [Times: user=0.02 sys=0.00, real=0.00 secs] 
274.008: Total time for which application threads were stopped: 0.0029460 seconds, Stopping threads took: 0.0000910 seconds
274.024: Application time: 0.0163890 seconds
274.024: [GC [PSYoungGen: 50128K->6636K(50176K)] 105664K->63605K(163840K), 0.0025280 secs] [Times: user=0.02 sys=0.00, real=0.00 secs] 
274.027: Total time for which application threads were stopped: 0.0026820 seconds, Stopping threads took: 0.0000730 seconds
274.169: Application time: 0.1416730 seconds
274.169: [GC [PSYoungGen: 50127K->5956K(50176K)] 107096K->74326K(163840K), 0.0051520 secs] [Times: user=0.04 sys=0.00, real=0.01 secs] 
274.174: Total time for which application threads were stopped: 0.0052950 seconds, Stopping threads took: 0.0000590 seconds
274.319: Application time: 0.1447230 seconds
274.319: [GC [PSYoungGen: 49438K->6637K(50176K)] 117808K->84270K(163840K), 0.0047250 secs] [Times: user=0.03 sys=0.00, real=0.01 secs] 
274.324: Total time for which application threads were stopped: 0.0048830 seconds, Stopping threads took: 0.0000750 seconds
274.484: Application time: 0.1606420 seconds
274.484: [GC [PSYoungGen: 50119K->6637K(50176K)] 127752K->93549K(163840K), 0.0047060 secs] [Times: user=0.03 sys=0.00, real=0.00 secs] 
274.489: Total time for which application threads were stopped: 0.0048780 seconds, Stopping threads took: 0.0000720 seconds
274.651: Application time: 0.1623240 seconds
274.651: [GC [PSYoungGen: 50136K->6636K(50176K)] 137049K->102820K(163840K), 0.0046180 secs] [Times: user=0.03 sys=0.00, real=0.00 secs] 
274.656: Total time for which application threads were stopped: 0.0047640 seconds, Stopping threads took: 0.0000610 seconds
274.726: Application time: 0.0702030 seconds
274.726: [GC [PSYoungGen: 50152K->6637K(50176K)] 146336K->112804K(163840K), 0.0050330 secs] [Times: user=0.03 sys=0.00, real=0.01 secs] 
274.732: [Full GC [PSYoungGen: 6637K->0K(50176K)] [ParOldGen: 106167K->28418K(113664K)] 112804K->28418K(163840K) [PSPermGen: 6125K->6125K(21504K)], 0.0102460 secs] [Times: user=0.06 sys=0.00, real=0.00 secs] 
274.742: Total time for which application threads were stopped: 0.0155140 seconds, Stopping threads took: 0.0000930 seconds
274.757: Application time: 0.0155540 seconds
274.758: [GC [PSYoungGen: 43486K->5860K(50176K)] 71905K->34279K(163840K), 0.0020520 secs] [Times: user=0.01 sys=0.00, real=0.00 secs] 
274.760: Total time for which application threads were stopped: 0.0022160 seconds, Stopping threads took: 0.0000830 seconds
274.776: Application time: 0.0161170 seconds
274.776: [GC [PSYoungGen: 48720K->6573K(50176K)] 77139K->37842K(163840K), 0.0030420 secs] [Times: user=0.02 sys=0.01, real=0.00 secs] 
274.779: Total time for which application threads were stopped: 0.0032140 seconds, Stopping threads took: 0.0000840 seconds
274.800: Application time: 0.0208900 seconds
274.800: [GC [PSYoungGen: 49999K->6604K(50176K)] 81268K->39299K(163840K), 0.0027450 secs] [Times: user=0.02 sys=0.00, real=0.01 secs] 
274.803: Total time for which application threads were stopped: 0.0029740 seconds, Stopping threads took: 0.0001420 seconds
274.819: Application time: 0.0164560 seconds
274.819: [GC [PSYoungGen: 50097K->6572K(50176K)] 82791K->42117K(163840K), 0.0030240 secs] [Times: user=0.02 sys=0.00, real=0.01 secs] 
274.822: Total time for which application threads were stopped: 0.0031570 seconds, Stopping threads took: 0.0000500 seconds
274.839: Application time: 0.0162220 seconds
274.839: [GC [PSYoungGen: 50058K->6573K(50176K)] 85603K->47818K(163840K), 0.0039240 secs] [Times: user=0.03 sys=0.00, real=0.01 secs] 
274.843: Total time for which application threads were stopped: 0.0040910 seconds, Stopping threads took: 0.0000810 seconds
274.907: Application time: 0.0640310 seconds
274.907: [GC [PSYoungGen: 50063K->6604K(50176K)] 91308K->54262K(163840K), 0.0039760 secs] [Times: user=0.03 sys=0.00, real=0.01 secs] 
274.911: Total time for which application threads were stopped: 0.0041210 seconds, Stopping threads took: 0.0000650 seconds
275.033: Application time: 0.1218290 seconds
275.034: [GC [PSYoungGen: 49416K->6636K(50176K)] 97074K->63565K(163840K), 0.0047640 secs] [Times: user=0.04 sys=0.00, real=0.00 secs] 
275.038: Total time for which application threads were stopped: 0.0056360 seconds, Stopping threads took: 0.0007760 seconds
275.054: Application time: 0.0160710 seconds
275.055: [GC [PSYoungGen: 50112K->6524K(50176K)] 107041K->65591K(163840K), 0.0030560 secs] [Times: user=0.01 sys=0.00, real=0.00 secs] 
275.058: Total time for which application threads were stopped: 0.0032570 seconds, Stopping threads took: 0.0001130 seconds
275.077: Application time: 0.0192340 seconds
275.077: [GC [PSYoungGen: 50017K->6621K(50176K)] 109083K->69962K(163840K), 0.0034370 secs] [Times: user=0.03 sys=0.00, real=0.00 secs] 
275.081: Total time for which application threads were stopped: 0.0037170 seconds, Stopping threads took: 0.0001960 seconds
275.092: Application time: 0.0116790 seconds
275.093: [GC [PSYoungGen: 50140K->6652K(50176K)] 113482K->74269K(163840K), 0.0034030 secs] [Times: user=0.03 sys=0.00, real=0.00 secs] 
275.096: Total time for which application threads were stopped: 0.0036060 seconds, Stopping threads took: 0.0001190 seconds
275.114: Application time: 0.0182640 seconds
275.114: [GC [PSYoungGen: 50126K->6636K(50176K)] 117743K->77816K(163840K), 0.0033990 secs] [Times: user=0.02 sys=0.00, real=0.00 secs] 
275.118: Total time for which application threads were stopped: 0.0035700 seconds, Stopping threads took: 0.0000790 seconds
275.137: Application time: 0.0194540 seconds
275.137: [GC [PSYoungGen: 50118K->5988K(50176K)] 121298K->78592K(163840K), 0.0026210 secs] [Times: user=0.02 sys=0.00, real=0.00 secs] 
275.140: Total time for which application threads were stopped: 0.0027800 seconds, Stopping threads took: 0.0000760 seconds
275.167: Application time: 0.0273510 seconds
275.167: [GC [PSYoungGen: 49483K->6652K(50176K)] 122087K->83532K(163840K), 0.0033740 secs] [Times: user=0.02 sys=0.00, real=0.01 secs] 
275.171: Total time for which application threads were stopped: 0.0035160 seconds, Stopping threads took: 0.0000580 seconds
275.327: Application time: 0.1564850 seconds
275.328: [GC [PSYoungGen: 50133K->6636K(50176K)] 127013K->92102K(163840K), 0.0045010 secs] [Times: user=0.04 sys=0.00, real=0.01 secs] 
275.332: Total time for which application threads were stopped: 0.0046840 seconds, Stopping threads took: 0.0001020 seconds
275.503: Application time: 0.1708550 seconds
275.503: [GC [PSYoungGen: 50117K->6636K(50176K)] 135583K->101373K(163840K), 0.0047450 secs] [Times: user=0.04 sys=0.00, real=0.00 secs] 
275.508: Total time for which application threads were stopped: 0.0048960 seconds, Stopping threads took: 0.0000690 seconds
275.663: Application time: 0.1549870 seconds
275.663: [GC [PSYoungGen: 50149K->6636K(50176K)] 144886K->112097K(163840K), 0.0051800 secs] [Times: user=0.03 sys=0.00, real=0.00 secs] 
275.668: [Full GC [PSYoungGen: 6636K->0K(50176K)] [ParOldGen: 105460K->27705K(113664K)] 112097K->27705K(163840K) [PSPermGen: 6125K->6125K(21504K)], 0.0100870 secs] [Times: user=0.06 sys=0.00, real=0.01 secs] 
275.678: Total time for which application threads were stopped: 0.0154870 seconds, Stopping threads took: 0.0000750 seconds
275.695: Application time: 0.0170780 seconds
275.696: [GC [PSYoungGen: 43508K->3786K(50176K)] 71213K->31491K(163840K), 0.0013940 secs] [Times: user=0.01 sys=0.00, real=0.00 secs] 
275.697: Total time for which application threads were stopped: 0.0015540 seconds, Stopping threads took: 0.0000880 seconds
275.710: Application time: 0.0129220 seconds
275.710: [GC [PSYoungGen: 47262K->3074K(50176K)] 74967K->30779K(163840K), 0.0011240 secs] [Times: user=0.00 sys=0.00, real=0.00 secs] 
275.711: Total time for which application threads were stopped: 0.0014540 seconds, Stopping threads took: 0.0002610 seconds
275.721: Application time: 0.0101630 seconds
275.722: [GC [PSYoungGen: 46560K->6636K(50176K)] 74265K->36479K(163840K), 0.0027130 secs] [Times: user=0.02 sys=0.00, real=0.01 secs] 
275.724: Total time for which application threads were stopped: 0.0028800 seconds, Stopping threads took: 0.0000800 seconds
275.735: Application time: 0.0109590 seconds
275.736: [GC [PSYoungGen: 50128K->6540K(50176K)] 79971K->37808K(163840K), 0.0027330 secs] [Times: user=0.01 sys=0.00, real=0.00 secs] 
275.738: Total time for which application threads were stopped: 0.0029700 seconds, Stopping threads took: 0.0001490 seconds
275.751: Application time: 0.0124020 seconds
275.751: [GC [PSYoungGen: 50023K->6604K(50176K)] 81291K->40722K(163840K), 0.0031240 secs] [Times: user=0.03 sys=0.00, real=0.00 secs] 
275.754: Total time for which application threads were stopped: 0.0032940 seconds, Stopping threads took: 0.0000780 seconds
275.802: Application time: 0.0475550 seconds
275.802: [GC [PSYoungGen: 49715K->6636K(50176K)] 83833K->44317K(163840K), 0.0030680 secs] [Times: user=0.03 sys=0.00, real=0.01 secs] 
275.805: Total time for which application threads were stopped: 0.0032300 seconds, Stopping threads took: 0.0000760 seconds
275.839: Application time: 0.0340190 seconds
275.839: [GC [PSYoungGen: 49834K->6636K(50176K)] 87514K->53579K(163840K), 0.0048960 secs] [Times: user=0.03 sys=0.00, real=0.01 secs] 
275.844: Total time for which application threads were stopped: 0.0050770 seconds, Stopping threads took: 0.0000940 seconds
275.860: Application time: 0.0166160 seconds
275.861: [GC [PSYoungGen: 50113K->6636K(50176K)] 97057K->55013K(163840K), 0.0027570 secs] [Times: user=0.02 sys=0.00, real=0.01 secs] 
275.863: Total time for which application threads were stopped: 0.0029300 seconds, Stopping threads took: 0.0000880 seconds
275.877: Application time: 0.0135190 seconds
275.877: [GC [PSYoungGen: 50117K->6636K(50176K)] 98494K->55733K(163840K), 0.0026000 secs] [Times: user=0.02 sys=0.00, real=0.00 secs] 
275.880: Total time for which application threads were stopped: 0.0027770 seconds, Stopping threads took: 0.0000910 seconds
276.019: Application time: 0.1391280 seconds
276.019: [GC [PSYoungGen: 50133K->6636K(50176K)] 99230K->67133K(163840K), 0.0053140 secs] [Times: user=0.04 sys=0.00, real=0.01 secs] 
276.024: Total time for which application threads were stopped: 0.0054700 seconds, Stopping threads took: 0.0000710 seconds
276.193: Application time: 0.1688870 seconds
276.193: [GC [PSYoungGen: 50133K->6020K(50176K)] 110630K->77917K(163840K), 0.0050930 secs] [Times: user=0.04 sys=0.00, real=0.00 secs] 
276.198: Total time for which application threads were stopped: 0.0052560 seconds, Stopping threads took: 0.0000710 seconds
276.405: Application time: 0.2066760 seconds
276.405: [GC [PSYoungGen: 49500K->5988K(50176K)] 121397K->88573K(163840K), 0.0048990 secs] [Times: user=0.03 sys=0.00, real=0.01 secs] 
276.410: Total time for which application threads were stopped: 0.0050550 seconds, Stopping threads took: 0.0000740 seconds
276.600: Application time: 0.1901040 seconds
276.600: [GC [PSYoungGen: 49468K->6636K(50176K)] 132053K->98553K(163840K), 0.0046760 secs] [Times: user=0.04 sys=0.00, real=0.01 secs] 
276.605: Total time for which application threads were stopped: 0.0048380 seconds, Stopping threads took: 0.0000780 seconds
276.764: Application time: 0.1593230 seconds
276.765: [GC [PSYoungGen: 49445K->6636K(50176K)] 141361K->109961K(163840K), 0.0052540 secs] [Times: user=0.04 sys=0.00, real=0.00 secs] 
276.770: [Full GC [PSYoungGen: 6636K->0K(50176K)] [ParOldGen: 103324K->26993K(113664K)] 109961K->26993K(163840K) [PSPermGen: 6125K->6125K(21504K)], 0.0097580 secs] [Times: user=0.05 sys=0.00, real=0.01 secs] 
276.780: Total time for which application threads were stopped: 0.0152370 seconds, Stopping threads took: 0.0000750 seconds
276.940: Application time: 0.1598320 seconds
276.940: [GC [PSYoungGen: 43489K->6508K(50176K)] 70482K->44189K(163840K), 0.0051070 secs] [Times: user=0.04 sys=0.00, real=0.01 secs] 
276.945: Total time for which application threads were stopped: 0.0052580 seconds, Stopping threads took: 0.0000670 seconds
277.112: Application time: 0.1675790 seconds
277.113: [GC [PSYoungGen: 50007K->6636K(50176K)] 87688K->55718K(163840K), 0.0052560 secs] [Times: user=0.04 sys=0.00, real=0.00 secs] 
277.118: Total time for which application threads were stopped: 0.0054160 seconds, Stopping threads took: 0.0000740 seconds
277.283: Application time: 0.1648750 seconds
277.283: [GC [PSYoungGen: 50118K->6604K(50176K)] 99199K->64949K(163840K), 0.0047040 secs] [Times: user=0.03 sys=0.00, real=0.00 secs] 
277.288: Total time for which application threads were stopped: 0.0048620 seconds, Stopping threads took: 0.0000650 seconds
277.449: Application time: 0.1610800 seconds
277.449: [GC [PSYoungGen: 50086K->6540K(50176K)] 108431K->74148K(163840K), 0.0047550 secs] [Times: user=0.04 sys=0.00, real=0.01 secs] 
277.454: Total time for which application threads were stopped: 0.0049010 seconds, Stopping threads took: 0.0000620 seconds
277.603: Application time: 0.1499270 seconds
277.604: [GC [PSYoungGen: 50038K->6604K(50176K)] 117646K->83476K(163840K), 0.0046720 secs] [Times: user=0.03 sys=0.00, real=0.00 secs] 
277.608: Total time for which application threads were stopped: 0.0048190 seconds, Stopping threads took: 0.0000660 seconds
277.758: Application time: 0.1494400 seconds
277.758: [GC [PSYoungGen: 50104K->6637K(50176K)] 126975K->94917K(163840K), 0.0052820 secs] [Times: user=0.04 sys=0.00, real=0.01 secs] 
277.763: Total time for which application threads were stopped: 0.0054420 seconds, Stopping threads took: 0.0000750 seconds
277.857: Application time: 0.0934840 seconds
277.857: [GC [PSYoungGen: 49449K->5988K(50176K)] 137729K->105669K(163840K), 0.0052240 secs] [Times: user=0.04 sys=0.00, real=0.01 secs] 
277.862: [Full GC [PSYoungGen: 5988K->0K(50176K)] [ParOldGen: 99681K->26281K(113664K)] 105669K->26281K(163840K) [PSPermGen: 6125K->6125K(21504K)], 0.0098310 secs] [Times: user=0.05 sys=0.00, real=0.01 secs] 
277.872: Total time for which application threads were stopped: 0.0152810 seconds, Stopping threads took: 0.0000810 seconds
277.888: Application time: 0.0165490 seconds
277.889: [GC [PSYoungGen: 43482K->3754K(50176K)] 69764K->30036K(163840K), 0.0012780 secs] [Times: user=0.01 sys=0.00, real=0.00 secs] 
277.890: Total time for which application threads were stopped: 0.0014190 seconds, Stopping threads took: 0.0000680 seconds
277.908: Application time: 0.0177700 seconds
277.908: [GC [PSYoungGen: 47236K->6573K(50176K)] 73518K->32855K(163840K), 0.0022970 secs] [Times: user=0.02 sys=0.00, real=0.01 secs] 
277.910: Total time for which application threads were stopped: 0.0024620 seconds, Stopping threads took: 0.0000830 seconds
277.966: Application time: 0.0557650 seconds
277.966: [GC [PSYoungGen: 50080K->6604K(50176K)] 76362K->42150K(163840K), 0.0046090 secs] [Times: user=0.03 sys=0.00, real=0.01 secs] 
277.971: Total time for which application threads were stopped: 0.0047600 seconds, Stopping threads took: 0.0000700 seconds
278.092: Application time: 0.1213660 seconds
278.092: [GC [PSYoungGen: 50087K->6509K(50176K)] 85632K->52030K(163840K), 0.0049470 secs] [Times: user=0.04 sys=0.00, real=0.00 secs] 
278.097: Total time for which application threads were stopped: 0.0051110 seconds, Stopping threads took: 0.0000790 seconds
278.249: Application time: 0.1517820 seconds
278.249: [GC [PSYoungGen: 49991K->6573K(50176K)] 95512K->61357K(163840K), 0.0047470 secs] [Times: user=0.04 sys=0.00, real=0.01 secs] 
278.254: Total time for which application threads were stopped: 0.0049010 seconds, Stopping threads took: 0.0000740 seconds
278.423: Application time: 0.1690500 seconds
278.423: [GC [PSYoungGen: 50055K->6573K(50176K)] 104839K->70620K(163840K), 0.0046970 secs] [Times: user=0.04 sys=0.00, real=0.00 secs] 
278.428: Total time for which application threads were stopped: 0.0048750 seconds, Stopping threads took: 0.0000840 seconds
278.587: Application time: 0.1595330 seconds
278.587: [GC [PSYoungGen: 50072K->6605K(50176K)] 114120K->80628K(163840K), 0.0049700 secs] [Times: user=0.03 sys=0.00, real=0.01 secs] 
278.592: Total time for which application threads were stopped: 0.0051110 seconds, Stopping threads took: 0.0000560 seconds
278.656: Application time: 0.0636320 seconds
278.657: [GC [PSYoungGen: 49440K->6636K(50176K)] 123463K->89939K(163840K), 0.0049060 secs] [Times: user=0.04 sys=0.00, real=0.00 secs] 
278.662: Total time for which application threads were stopped: 0.0054660 seconds, Stopping threads took: 0.0004740 seconds
278.673: Application time: 0.0118980 seconds
278.674: [GC [PSYoungGen: 50121K->5956K(50176K)] 133424K->92109K(163840K), 0.0028560 secs] [Times: user=0.03 sys=0.00, real=0.00 secs] 
278.677: Total time for which application threads were stopped: 0.0036260 seconds, Stopping threads took: 0.0006890 seconds
278.688: Application time: 0.0105590 seconds
278.694: [GC [PSYoungGen: 49449K->5988K(50176K)] 135601K->99979K(163840K), 0.0043270 secs] [Times: user=0.03 sys=0.00, real=0.00 secs] 
278.699: Total time for which application threads were stopped: 0.0110260 seconds, Stopping threads took: 0.0065960 seconds
278.710: Application time: 0.0114630 seconds
278.711: [GC [PSYoungGen: 49466K->5956K(50176K)] 143457K->102085K(163840K), 0.0027740 secs] [Times: user=0.02 sys=0.00, real=0.00 secs] 
278.714: Total time for which application threads were stopped: 0.0035500 seconds, Stopping threads took: 0.0006720 seconds
278.725: Application time: 0.0108770 seconds
278.725: [GC [PSYoungGen: 49440K->6637K(50176K)] 145569K->102773K(163840K), 0.0023490 secs] [Times: user=0.02 sys=0.00, real=0.00 secs] 
278.727: Total time for which application threads were stopped: 0.0026070 seconds, Stopping threads took: 0.0001710 seconds
278.736: Application time: 0.0091570 seconds
278.736: [GC [PSYoungGen: 50119K->5988K(50176K)] 146255K->102837K(163840K), 0.0023710 secs] [Times: user=0.02 sys=0.00, real=0.00 secs] 
278.739: Total time for which application threads were stopped: 0.0025340 seconds, Stopping threads took: 0.0000860 seconds
278.859: Application time: 0.1203490 seconds
278.859: [GC [PSYoungGen: 49493K->6636K(50176K)] 146342K->114234K(163840K), 0.0050790 secs] [Times: user=0.04 sys=0.00, real=0.01 secs] 
278.864: [Full GC [PSYoungGen: 6636K->0K(50176K)] [ParOldGen: 107597K->30062K(113664K)] 114234K->30062K(163840K) [PSPermGen: 6125K->6125K(21504K)], 0.0098490 secs] [Times: user=0.05 sys=0.00, real=0.01 secs] 
278.874: Total time for which application threads were stopped: 0.0151280 seconds, Stopping threads took: 0.0000680 seconds
278.975: Application time: 0.1003100 seconds
278.975: [GC [PSYoungGen: 43517K->6604K(50176K)] 73579K->47355K(163840K), 0.0053260 secs] [Times: user=0.04 sys=0.00, real=0.00 secs] 
278.980: Total time for which application threads were stopped: 0.0054970 seconds, Stopping threads took: 0.0000770 seconds
278.996: Application time: 0.0162000 seconds
278.996: [GC [PSYoungGen: 50107K->6572K(50176K)] 90857K->48035K(163840K), 0.0026260 secs] [Times: user=0.01 sys=0.00, real=0.00 secs] 
278.999: Total time for which application threads were stopped: 0.0028100 seconds, Stopping threads took: 0.0001000 seconds
279.013: Application time: 0.0137150 seconds
279.013: [GC [PSYoungGen: 50058K->6636K(50176K)] 91521K->50237K(163840K), 0.0029600 secs] [Times: user=0.03 sys=0.00, real=0.00 secs] 
279.016: Total time for which application threads were stopped: 0.0031430 seconds, Stopping threads took: 0.0000980 seconds
279.026: Application time: 0.0103780 seconds
279.027: [GC [PSYoungGen: 50123K->6572K(50176K)] 93723K->53736K(163840K), 0.0032970 secs] [Times: user=0.02 sys=0.00, real=0.00 secs] 
279.030: Total time for which application threads were stopped: 0.0035420 seconds, Stopping threads took: 0.0001650 seconds
279.039: Application time: 0.0095720 seconds
279.040: [GC [PSYoungGen: 50056K->6604K(50176K)] 97219K->55906K(163840K), 0.0030170 secs] [Times: user=0.02 sys=0.00, real=0.01 secs] 
279.043: Total time for which application threads were stopped: 0.0033100 seconds, Stopping threads took: 0.0002110 seconds
279.058: Application time: 0.0152020 seconds
279.058: [GC [PSYoungGen: 50097K->6636K(50176K)] 99398K->59500K(163840K), 0.0033670 secs] [Times: user=0.03 sys=0.00, real=0.00 secs] 
279.062: Total time for which application threads were stopped: 0.0035300 seconds, Stopping threads took: 0.0000800 seconds
279.114: Application time: 0.0522800 seconds
279.114: [GC [PSYoungGen: 50128K->6508K(50176K)] 102992K->66498K(163840K), 0.0041590 secs] [Times: user=0.02 sys=0.01, real=0.00 secs] 
279.118: Total time for which application threads were stopped: 0.0043110 seconds, Stopping threads took: 0.0000670 seconds
279.284: Application time: 0.1656540 seconds
279.284: [GC [PSYoungGen: 49989K->6604K(50176K)] 109978K->75856K(163840K), 0.0047080 secs] [Times: user=0.03 sys=0.00, real=0.00 secs] 
279.289: Total time for which application threads were stopped: 0.0048530 seconds, Stopping threads took: 0.0000600 seconds
279.462: Application time: 0.1734560 seconds
279.462: [GC [PSYoungGen: 50118K->6636K(50176K)] 119371K->84439K(163840K), 0.0045280 secs] [Times: user=0.03 sys=0.00, real=0.00 secs] 
279.467: Total time for which application threads were stopped: 0.0046940 seconds, Stopping threads took: 0.0000840 seconds
279.493: Application time: 0.0264270 seconds
279.493: [GC [PSYoungGen: 50112K->6620K(50176K)] 127914K->89410K(163840K), 0.0037480 secs] [Times: user=0.02 sys=0.00, real=0.00 secs] 
279.497: Total time for which application threads were stopped: 0.0039290 seconds, Stopping threads took: 0.0000810 seconds
279.513: Application time: 0.0159010 seconds
279.513: [GC [PSYoungGen: 50102K->6636K(50176K)] 132892K->93702K(163840K), 0.0035710 secs] [Times: user=0.03 sys=0.00, real=0.00 secs] 
279.517: Total time for which application threads were stopped: 0.0037440 seconds, Stopping threads took: 0.0000780 seconds
279.530: Application time: 0.0126990 seconds
279.530: [GC [PSYoungGen: 50119K->6636K(50176K)] 137184K->96568K(163840K), 0.0031210 secs] [Times: user=0.01 sys=0.00, real=0.01 secs] 
279.533: Total time for which application threads were stopped: 0.0032930 seconds, Stopping threads took: 0.0000890 seconds
279.643: Application time: 0.1100340 seconds
279.643: [GC [PSYoungGen: 49460K->6636K(50176K)] 139392K->107312K(163840K), 0.0052240 secs] [Times: user=0.03 sys=0.00, real=0.00 secs] 
279.648: [Full GC [PSYoungGen: 6636K->0K(50176K)] [ParOldGen: 100675K->26280K(113664K)] 107312K->26280K(163840K) [PSPermGen: 6125K->6125K(21504K)], 0.0097380 secs] [Times: user=0.05 sys=0.00, real=0.01 secs] 
279.658: Total time for which application threads were stopped: 0.0151810 seconds, Stopping threads took: 0.0000750 seconds
279.676: Application time: 0.0183820 seconds
279.677: [GC [PSYoungGen: 43480K->1585K(50176K)] 69760K->27865K(163840K), 0.0005780 secs] [Times: user=0.00 sys=0.00, real=0.00 secs] 
279.677: Total time for which application threads were stopped: 0.0007080 seconds, Stopping threads took: 0.0000710 seconds
279.693: Application time: 0.0162800 seconds
279.694: [GC [PSYoungGen: 45070K->6541K(50176K)] 71351K->34959K(163840K), 0.0028630 secs] [Times: user=0.02 sys=0.00, real=0.00 secs] 
279.696: Total time for which application threads were stopped: 0.0030530 seconds, Stopping threads took: 0.0001080 seconds
279.758: Application time: 0.0618530 seconds
279.758: [GC [PSYoungGen: 50032K->6508K(50176K)] 78450K->43477K(163840K), 0.0044550 secs] [Times: user=0.04 sys=0.00, real=0.01 secs] 
279.763: Total time for which application threads were stopped: 0.0046010 seconds, Stopping threads took: 0.0000610 seconds
279.804: Application time: 0.0414460 seconds
279.804: [GC [PSYoungGen: 50022K->6508K(50176K)] 86991K->50602K(163840K), 0.0043210 secs] [Times: user=0.03 sys=0.00, real=0.00 secs] 
279.809: Total time for which application threads were stopped: 0.0044950 seconds, Stopping threads took: 0.0000880 seconds
279.825: Application time: 0.0161790 seconds
279.825: [GC [PSYoungGen: 49987K->6572K(50176K)] 94081K->53516K(163840K), 0.0031740 secs] [Times: user=0.02 sys=0.00, real=0.00 secs] 
279.828: Total time for which application threads were stopped: 0.0033410 seconds, Stopping threads took: 0.0000810 seconds
279.842: Application time: 0.0134230 seconds
279.842: [GC [PSYoungGen: 50055K->6572K(50176K)] 96999K->56366K(163840K), 0.0031780 secs] [Times: user=0.02 sys=0.00, real=0.01 secs] 
279.845: Total time for which application threads were stopped: 0.0033520 seconds, Stopping threads took: 0.0000890 seconds
279.989: Application time: 0.1440810 seconds
279.989: [GC [PSYoungGen: 50078K->6572K(50176K)] 99872K->67054K(163840K), 0.0050950 secs] [Times: user=0.03 sys=0.00, real=0.01 secs] 
279.995: Total time for which application threads were stopped: 0.0052570 seconds, Stopping threads took: 0.0000750 seconds
280.163: Application time: 0.1685040 seconds
280.163: [GC [PSYoungGen: 50060K->6604K(50176K)] 110542K->75636K(163840K), 0.0044660 secs] [Times: user=0.03 sys=0.00, real=0.00 secs] 
280.168: Total time for which application threads were stopped: 0.0047540 seconds, Stopping threads took: 0.0001890 seconds
280.343: Application time: 0.1748020 seconds
280.343: [GC [PSYoungGen: 50084K->6636K(50176K)] 119116K->85643K(163840K), 0.0049320 secs] [Times: user=0.03 sys=0.00, real=0.00 secs] 
280.348: Total time for which application threads were stopped: 0.0050960 seconds, Stopping threads took: 0.0000780 seconds
280.543: Application time: 0.1949760 seconds
280.543: [GC [PSYoungGen: 50125K->6636K(50176K)] 129132K->96339K(163840K), 0.0051530 secs] [Times: user=0.03 sys=0.00, real=0.00 secs] 
280.548: Total time for which application threads were stopped: 0.0053010 seconds, Stopping threads took: 0.0000650 seconds
280.714: Application time: 0.1664020 seconds
280.714: [GC [PSYoungGen: 50149K->6636K(50176K)] 139852K->107780K(163840K), 0.0053680 secs] [Times: user=0.04 sys=0.00, real=0.00 secs] 
280.720: [Full GC [PSYoungGen: 6636K->0K(50176K)] [ParOldGen: 101143K->27706K(113664K)] 107780K->27706K(163840K) [PSPermGen: 6125K->6125K(21504K)], 0.0100830 secs] [Times: user=0.05 sys=0.00, real=0.02 secs] 
280.730: Total time for which application threads were stopped: 0.0156680 seconds, Stopping threads took: 0.0000660 seconds
280.912: Application time: 0.1817240 seconds
280.912: [GC [PSYoungGen: 43489K->6540K(50176K)] 71195K->44935K(163840K), 0.0050760 secs] [Times: user=0.04 sys=0.00, real=0.00 secs] 
280.917: Total time for which application threads were stopped: 0.0052560 seconds, Stopping threads took: 0.0000940 seconds
281.063: Application time: 0.1455100 seconds
281.063: [GC [PSYoungGen: 50038K->6572K(50176K)] 88433K->54229K(163840K), 0.0047270 secs] [Times: user=0.04 sys=0.00, real=0.00 secs] 
281.067: Total time for which application threads were stopped: 0.0048740 seconds, Stopping threads took: 0.0000650 seconds
281.227: Application time: 0.1596870 seconds
281.227: [GC [PSYoungGen: 50054K->6572K(50176K)] 97711K->62068K(163840K), 0.0042630 secs] [Times: user=0.03 sys=0.00, real=0.01 secs] 
281.232: Total time for which application threads were stopped: 0.0044360 seconds, Stopping threads took: 0.0000810 seconds
281.395: Application time: 0.1638650 seconds
281.395: [GC [PSYoungGen: 50054K->6636K(50176K)] 105549K->71395K(163840K), 0.0046550 secs] [Times: user=0.03 sys=0.01, real=0.00 secs] 
281.400: Total time for which application threads were stopped: 0.0047970 seconds, Stopping threads took: 0.0000600 seconds
281.543: Application time: 0.1424720 seconds
281.543: [GC [PSYoungGen: 50144K->6636K(50176K)] 114903K->81379K(163840K), 0.0048470 secs] [Times: user=0.03 sys=0.00, real=0.00 secs] 
281.548: Total time for which application threads were stopped: 0.0049950 seconds, Stopping threads took: 0.0000670 seconds
281.676: Application time: 0.1279600 seconds
281.676: [GC [PSYoungGen: 50136K->6636K(50176K)] 124878K->92780K(163840K), 0.0053220 secs] [Times: user=0.04 sys=0.00, real=0.00 secs] 
281.681: Total time for which application threads were stopped: 0.0054770 seconds, Stopping threads took: 0.0000680 seconds
281.777: Application time: 0.0962090 seconds
281.777: [GC [PSYoungGen: 50153K->5988K(50176K)] 136296K->102820K(163840K), 0.0051020 secs] [Times: user=0.04 sys=0.00, real=0.01 secs] 
281.783: Total time for which application threads were stopped: 0.0052800 seconds, Stopping threads took: 0.0000830 seconds
281.799: Application time: 0.0165340 seconds
281.799: [GC [PSYoungGen: 49481K->5956K(50176K)] 146313K->104926K(163840K), 0.0027140 secs] [Times: user=0.02 sys=0.00, real=0.00 secs] 
281.802: [Full GC [PSYoungGen: 5956K->0K(50176K)] [ParOldGen: 98969K->26282K(113664K)] 104926K->26282K(163840K) [PSPermGen: 6125K->6125K(21504K)], 0.0099150 secs] [Times: user=0.05 sys=0.00, real=0.01 secs] 
281.812: Total time for which application threads were stopped: 0.0128280 seconds, Stopping threads took: 0.0000600 seconds
281.829: Application time: 0.0167240 seconds
281.829: [GC [PSYoungGen: 43482K->4403K(50176K)] 69764K->30685K(163840K), 0.0016560 secs] [Times: user=0.02 sys=0.00, real=0.01 secs] 
281.831: Total time for which application threads were stopped: 0.0018250 seconds, Stopping threads took: 0.0000920 seconds
281.891: Application time: 0.0609230 seconds
281.892: [GC [PSYoungGen: 47895K->6477K(50176K)] 74177K->42735K(163840K), 0.0048700 secs] [Times: user=0.04 sys=0.00, real=0.00 secs] 
281.896: Total time for which application threads were stopped: 0.0050450 seconds, Stopping threads took: 0.0000930 seconds
282.043: Application time: 0.1460790 seconds
282.043: [GC [PSYoungGen: 49968K->6637K(50176K)] 86226K->52871K(163840K), 0.0048400 secs] [Times: user=0.04 sys=0.00, real=0.00 secs] 
282.048: Total time for which application threads were stopped: 0.0049870 seconds, Stopping threads took: 0.0000630 seconds
282.188: Application time: 0.1402720 seconds
282.188: [GC [PSYoungGen: 50119K->6637K(50176K)] 96353K->62134K(163840K), 0.0046930 secs] [Times: user=0.03 sys=0.00, real=0.01 secs] 
282.193: Total time for which application threads were stopped: 0.0048470 seconds, Stopping threads took: 0.0000690 seconds
282.342: Application time: 0.1493950 seconds
282.342: [GC [PSYoungGen: 50128K->6573K(50176K)] 105625K->71333K(163840K), 0.0047500 secs] [Times: user=0.03 sys=0.00, real=0.00 secs] 
282.347: Total time for which application threads were stopped: 0.0049080 seconds, Stopping threads took: 0.0000650 seconds
282.452: Application time: 0.1050510 seconds
282.452: [GC [PSYoungGen: 49385K->6637K(50176K)] 114146K->81373K(163840K), 0.0050800 secs] [Times: user=0.04 sys=0.00, real=0.00 secs] 
282.457: Total time for which application threads were stopped: 0.0052480 seconds, Stopping threads took: 0.0000810 seconds
282.472: Application time: 0.0145640 seconds
282.472: [GC [PSYoungGen: 50115K->6636K(50176K)] 124852K->85656K(163840K), 0.0035280 secs] [Times: user=0.03 sys=0.00, real=0.00 secs] 
282.476: Total time for which application threads were stopped: 0.0037120 seconds, Stopping threads took: 0.0001000 seconds
282.497: Application time: 0.0214150 seconds
282.497: [GC [PSYoungGen: 50119K->6637K(50176K)] 129139K->87794K(163840K), 0.0029950 secs] [Times: user=0.02 sys=0.00, real=0.00 secs] 
282.500: Total time for which application threads were stopped: 0.0031710 seconds, Stopping threads took: 0.0000880 seconds
282.523: Application time: 0.0225930 seconds
282.523: [GC [PSYoungGen: 49449K->6636K(50176K)] 130607K->90644K(163840K), 0.0029070 secs] [Times: user=0.02 sys=0.00, real=0.00 secs] 
282.526: Total time for which application threads were stopped: 0.0030610 seconds, Stopping threads took: 0.0000730 seconds
282.544: Application time: 0.0179200 seconds
282.544: [GC [PSYoungGen: 50110K->6636K(50176K)] 134118K->93494K(163840K), 0.0032490 secs] [Times: user=0.02 sys=0.00, real=0.00 secs] 
282.547: Total time for which application threads were stopped: 0.0034170 seconds, Stopping threads took: 0.0000840 seconds
282.564: Application time: 0.0172590 seconds
282.565: [GC [PSYoungGen: 50126K->6637K(50176K)] 136984K->96369K(163840K), 0.0031780 secs] [Times: user=0.02 sys=0.00, real=0.00 secs] 
282.568: Total time for which application threads were stopped: 0.0033530 seconds, Stopping threads took: 0.0000910 seconds
282.579: Application time: 0.0108420 seconds
282.579: [GC [PSYoungGen: 50123K->6636K(50176K)] 139855K->101365K(163840K), 0.0036790 secs] [Times: user=0.02 sys=0.00, real=0.01 secs] 
282.582: Total time for which application threads were stopped: 0.0038260 seconds, Stopping threads took: 0.0000640 seconds
282.723: Application time: 0.1400870 seconds
282.723: [GC [PSYoungGen: 50126K->6636K(50176K)] 144854K->111392K(163840K), 0.0050290 secs] [Times: user=0.04 sys=0.00, real=0.00 secs] 
282.728: [Full GC [PSYoungGen: 6636K->0K(50176K)] [ParOldGen: 104755K->31326K(113664K)] 111392K->31326K(163840K) [PSPermGen: 6125K->6125K(21504K)], 0.0094870 secs] [Times: user=0.05 sys=0.00, real=0.01 secs] 
282.737: Total time for which application threads were stopped: 0.0147400 seconds, Stopping threads took: 0.0000860 seconds
282.826: Application time: 0.0889410 seconds
282.826: [GC [PSYoungGen: 42810K->6508K(50176K)] 74137K->48523K(163840K), 0.0052700 secs] [Times: user=0.04 sys=0.00, real=0.01 secs] 
282.832: Total time for which application threads were stopped: 0.0054330 seconds, Stopping threads took: 0.0000760 seconds
282.848: Application time: 0.0160270 seconds
282.848: [GC [PSYoungGen: 49992K->6572K(50176K)] 92007K->50012K(163840K), 0.0027740 secs] [Times: user=0.02 sys=0.00, real=0.01 secs] 
282.851: Total time for which application threads were stopped: 0.0029540 seconds, Stopping threads took: 0.0000870 seconds
282.867: Application time: 0.0164790 seconds
282.867: [GC [PSYoungGen: 50053K->6605K(50176K)] 93493K->51470K(163840K), 0.0028010 secs] [Times: user=0.02 sys=0.00, real=0.01 secs] 
282.870: Total time for which application threads were stopped: 0.0029760 seconds, Stopping threads took: 0.0000860 seconds
282.952: Application time: 0.0815330 seconds
282.952: [GC [PSYoungGen: 50125K->6636K(50176K)] 94990K->61477K(163840K), 0.0047660 secs] [Times: user=0.03 sys=0.00, real=0.00 secs] 
282.957: Total time for which application threads were stopped: 0.0049100 seconds, Stopping threads took: 0.0000600 seconds
282.975: Application time: 0.0180930 seconds
282.975: [GC [PSYoungGen: 50118K->6604K(50176K)] 104959K->65008K(163840K), 0.0032310 secs] [Times: user=0.01 sys=0.01, real=0.00 secs] 
282.978: Total time for which application threads were stopped: 0.0033920 seconds, Stopping threads took: 0.0000660 seconds
283.000: Application time: 0.0217660 seconds
283.000: [GC [PSYoungGen: 50083K->6540K(50176K)] 108486K->66369K(163840K), 0.0028310 secs] [Times: user=0.02 sys=0.00, real=0.01 secs] 
283.003: Total time for which application threads were stopped: 0.0029980 seconds, Stopping threads took: 0.0000820 seconds
283.014: Application time: 0.0112760 seconds
283.014: [GC [PSYoungGen: 50026K->6588K(50176K)] 109855K->69980K(163840K), 0.0033050 secs] [Times: user=0.02 sys=0.00, real=0.00 secs] 
283.018: Total time for which application threads were stopped: 0.0035960 seconds, Stopping threads took: 0.0002080 seconds
283.172: Application time: 0.1546120 seconds
283.172: [GC [PSYoungGen: 50077K->6572K(50176K)] 113469K->79939K(163840K), 0.0049050 secs] [Times: user=0.04 sys=0.00, real=0.00 secs] 
283.177: Total time for which application threads were stopped: 0.0050630 seconds, Stopping threads took: 0.0000710 seconds
283.351: Application time: 0.1741650 seconds
283.352: [GC [PSYoungGen: 50052K->6636K(50176K)] 123419K->89978K(163840K), 0.0049630 secs] [Times: user=0.04 sys=0.00, real=0.00 secs] 
283.357: Total time for which application threads were stopped: 0.0051230 seconds, Stopping threads took: 0.0000690 seconds
283.386: Application time: 0.0288940 seconds
283.386: [GC [PSYoungGen: 50147K->6652K(50176K)] 133489K->95710K(163840K), 0.0039070 secs] [Times: user=0.03 sys=0.00, real=0.00 secs] 
283.390: Total time for which application threads were stopped: 0.0040820 seconds, Stopping threads took: 0.0000900 seconds
283.406: Application time: 0.0164840 seconds
283.406: [GC [PSYoungGen: 50138K->6652K(50176K)] 139196K->98560K(163840K), 0.0031540 secs] [Times: user=0.02 sys=0.00, real=0.00 secs] 
283.409: Total time for which application threads were stopped: 0.0033140 seconds, Stopping threads took: 0.0000720 seconds
283.422: Application time: 0.0127620 seconds
283.422: [GC [PSYoungGen: 50135K->6620K(50176K)] 142043K->99241K(163840K), 0.0025270 secs] [Times: user=0.02 sys=0.00, real=0.00 secs] 
283.425: Total time for which application threads were stopped: 0.0027220 seconds, Stopping threads took: 0.0001150 seconds
283.524: Application time: 0.0988510 seconds
283.524: [GC [PSYoungGen: 49437K->6652K(50176K)] 142058K->110037K(163840K), 0.0053050 secs] [Times: user=0.04 sys=0.00, real=0.00 secs] 
283.529: [Full GC [PSYoungGen: 6652K->0K(50176K)] [ParOldGen: 103384K->26993K(113664K)] 110037K->26993K(163840K) [PSPermGen: 6125K->6125K(21504K)], 0.0097360 secs] [Times: user=0.06 sys=0.00, real=0.01 secs] 
283.539: Total time for which application threads were stopped: 0.0152510 seconds, Stopping threads took: 0.0000740 seconds
283.556: Application time: 0.0165030 seconds
283.556: [GC [PSYoungGen: 43475K->2201K(50176K)] 70469K->29195K(163840K), 0.0010810 secs] [Times: user=0.01 sys=0.00, real=0.00 secs] 
283.557: Total time for which application threads were stopped: 0.0012240 seconds, Stopping threads took: 0.0000790 seconds
283.575: Application time: 0.0177940 seconds
283.575: [GC [PSYoungGen: 45691K->6541K(50176K)] 72684K->35672K(163840K), 0.0028820 secs] [Times: user=0.02 sys=0.00, real=0.00 secs] 
283.578: Total time for which application threads were stopped: 0.0030290 seconds, Stopping threads took: 0.0000640 seconds
283.618: Application time: 0.0405780 seconds
283.618: [GC [PSYoungGen: 49349K->6540K(50176K)] 78480K->43509K(163840K), 0.0043120 secs] [Times: user=0.03 sys=0.00, real=0.01 secs] 
283.623: Total time for which application threads were stopped: 0.0044680 seconds, Stopping threads took: 0.0000730 seconds
283.640: Application time: 0.0178510 seconds
283.641: [GC [PSYoungGen: 50016K->6508K(50176K)] 86985K->45615K(163840K), 0.0028910 secs] [Times: user=0.02 sys=0.00, real=0.01 secs] 
283.644: Total time for which application threads were stopped: 0.0035540 seconds, Stopping threads took: 0.0005730 seconds
283.663: Application time: 0.0194900 seconds
283.664: [GC [PSYoungGen: 49990K->6540K(50176K)] 89097K->45647K(163840K), 0.0022810 secs] [Times: user=0.02 sys=0.00, real=0.00 secs] 
283.666: Total time for which application threads were stopped: 0.0025920 seconds, Stopping threads took: 0.0002290 seconds
283.678: Application time: 0.0116700 seconds
283.678: [GC [PSYoungGen: 50037K->6572K(50176K)] 89144K->49954K(163840K), 0.0032600 secs] [Times: user=0.03 sys=0.00, real=0.00 secs] 
283.681: Total time for which application threads were stopped: 0.0034220 seconds, Stopping threads took: 0.0000770 seconds
283.851: Application time: 0.1695320 seconds
283.851: [GC [PSYoungGen: 50069K->6636K(50176K)] 93451K->62131K(163840K), 0.0054780 secs] [Times: user=0.04 sys=0.00, real=0.00 secs] 
283.856: Total time for which application threads were stopped: 0.0056430 seconds, Stopping threads took: 0.0000820 seconds
284.058: Application time: 0.2015560 seconds
284.058: [GC [PSYoungGen: 50124K->6636K(50176K)] 105619K->72106K(163840K), 0.0048460 secs] [Times: user=0.04 sys=0.00, real=0.01 secs] 
284.063: Total time for which application threads were stopped: 0.0050140 seconds, Stopping threads took: 0.0000740 seconds
284.251: Application time: 0.1879040 seconds
284.251: [GC [PSYoungGen: 50116K->6636K(50176K)] 115586K->82081K(163840K), 0.0048780 secs] [Times: user=0.04 sys=0.00, real=0.00 secs] 
284.256: Total time for which application threads were stopped: 0.0050370 seconds, Stopping threads took: 0.0000740 seconds
284.435: Application time: 0.1791740 seconds
284.435: [GC [PSYoungGen: 50133K->6636K(50176K)] 125578K->92785K(163840K), 0.0051060 secs] [Times: user=0.04 sys=0.00, real=0.00 secs] 
284.440: Total time for which application threads were stopped: 0.0052490 seconds, Stopping threads took: 0.0000580 seconds
284.597: Application time: 0.1571370 seconds
284.598: [GC [PSYoungGen: 50142K->5956K(50176K)] 136291K->104930K(163840K), 0.0054420 secs] [Times: user=0.04 sys=0.00, real=0.01 secs] 
284.603: [Full GC [PSYoungGen: 5956K->0K(50176K)] [ParOldGen: 98974K->29131K(113664K)] 104930K->29131K(163840K) [PSPermGen: 6125K->6125K(21504K)], 0.0105540 secs] [Times: user=0.05 sys=0.00, real=0.01 secs] 
284.614: Total time for which application threads were stopped: 0.0162060 seconds, Stopping threads took: 0.0000670 seconds
284.766: Application time: 0.1524040 seconds
284.766: [GC [PSYoungGen: 43489K->6508K(50176K)] 72621K->46328K(163840K), 0.0051430 secs] [Times: user=0.04 sys=0.00, real=0.01 secs] 
284.771: Total time for which application threads were stopped: 0.0053000 seconds, Stopping threads took: 0.0000670 seconds
284.945: Application time: 0.1735940 seconds
284.945: [GC [PSYoungGen: 50007K->6572K(50176K)] 89827K->54943K(163840K), 0.0043970 secs] [Times: user=0.03 sys=0.00, real=0.00 secs] 
284.950: Total time for which application threads were stopped: 0.0046510 seconds, Stopping threads took: 0.0001710 seconds
285.089: Application time: 0.1397660 seconds
285.090: [GC [PSYoungGen: 50054K->6540K(50176K)] 98424K->64886K(163840K), 0.0049190 secs] [Times: user=0.04 sys=0.00, real=0.01 secs] 
285.094: Total time for which application threads were stopped: 0.0050940 seconds, Stopping threads took: 0.0000910 seconds
285.256: Application time: 0.1616080 seconds
285.256: [GC [PSYoungGen: 50031K->6605K(50176K)] 108377K->74214K(163840K), 0.0047190 secs] [Times: user=0.04 sys=0.00, real=0.00 secs] 
285.261: Total time for which application threads were stopped: 0.0049030 seconds, Stopping threads took: 0.0000860 seconds
285.420: Application time: 0.1589440 seconds
285.420: [GC [PSYoungGen: 50112K->6637K(50176K)] 117721K->84942K(163840K), 0.0049490 secs] [Times: user=0.03 sys=0.00, real=0.01 secs] 
285.425: Total time for which application threads were stopped: 0.0050960 seconds, Stopping threads took: 0.0000550 seconds
285.570: Application time: 0.1452690 seconds
285.570: [GC [PSYoungGen: 50127K->5956K(50176K)] 128432K->96375K(163840K), 0.0053350 secs] [Times: user=0.04 sys=0.00, real=0.00 secs] 
285.576: Total time for which application threads were stopped: 0.0054820 seconds, Stopping threads took: 0.0000610 seconds
285.640: Application time: 0.0642330 seconds
285.640: [GC [PSYoungGen: 49469K->6637K(50176K)] 139888K->106359K(163840K), 0.0047640 secs] [Times: user=0.03 sys=0.00, real=0.01 secs] 
285.645: [Full GC [PSYoungGen: 6637K->0K(50176K)] [ParOldGen: 99722K->26282K(113664K)] 106359K->26282K(163840K) [PSPermGen: 6125K->6125K(21504K)], 0.0099460 secs] [Times: user=0.05 sys=0.00, real=0.01 secs] 
285.655: Total time for which application threads were stopped: 0.0149230 seconds, Stopping threads took: 0.0000780 seconds
285.672: Application time: 0.0166340 seconds
285.672: [GC [PSYoungGen: 43482K->1585K(50176K)] 69765K->27867K(163840K), 0.0007420 secs] [Times: user=0.00 sys=0.00, real=0.00 secs] 
285.672: Total time for which application threads were stopped: 0.0008920 seconds, Stopping threads took: 0.0000860 seconds
285.686: Application time: 0.0137150 seconds
285.686: [GC [PSYoungGen: 45074K->6573K(50176K)] 71356K->35706K(163840K), 0.0029880 secs] [Times: user=0.02 sys=0.00, real=0.00 secs] 
285.689: Total time for which application threads were stopped: 0.0031280 seconds, Stopping threads took: 0.0000590 seconds
285.764: Application time: 0.0749780 seconds
285.764: [GC [PSYoungGen: 50074K->6541K(50176K)] 79207K->45650K(163840K), 0.0049590 secs] [Times: user=0.04 sys=0.00, real=0.00 secs] 
285.769: Total time for which application threads were stopped: 0.0051610 seconds, Stopping threads took: 0.0001010 seconds
285.928: Application time: 0.1582610 seconds
285.928: [GC [PSYoungGen: 50032K->6573K(50176K)] 89141K->56370K(163840K), 0.0051110 secs] [Times: user=0.04 sys=0.00, real=0.01 secs] 
285.933: Total time for which application threads were stopped: 0.0052590 seconds, Stopping threads took: 0.0000660 seconds
286.078: Application time: 0.1452190 seconds
286.078: [GC [PSYoungGen: 50055K->6573K(50176K)] 99853K->65633K(163840K), 0.0047370 secs] [Times: user=0.03 sys=0.00, real=0.01 secs] 
286.083: Total time for which application threads were stopped: 0.0048920 seconds, Stopping threads took: 0.0000710 seconds
286.241: Application time: 0.1580640 seconds
286.241: [GC [PSYoungGen: 50064K->6637K(50176K)] 109125K->74961K(163840K), 0.0046500 secs] [Times: user=0.03 sys=0.00, real=0.01 secs] 
286.246: Total time for which application threads were stopped: 0.0048050 seconds, Stopping threads took: 0.0000650 seconds
286.292: Application time: 0.0456780 seconds
286.292: [GC [PSYoungGen: 50151K->6637K(50176K)] 118476K->82086K(163840K), 0.0043190 secs] [Times: user=0.03 sys=0.00, real=0.00 secs] 
286.296: Total time for which application threads were stopped: 0.0044970 seconds, Stopping threads took: 0.0000840 seconds
286.311: Application time: 0.0150250 seconds
286.311: [GC [PSYoungGen: 50118K->6605K(50176K)] 125568K->84905K(163840K), 0.0031350 secs] [Times: user=0.01 sys=0.00, real=0.00 secs] 
286.314: Total time for which application threads were stopped: 0.0032940 seconds, Stopping threads took: 0.0000770 seconds
286.328: Application time: 0.0139200 seconds
286.329: [GC [PSYoungGen: 50088K->6637K(50176K)] 128388K->87787K(163840K), 0.0032090 secs] [Times: user=0.03 sys=0.00, real=0.01 secs] 
286.332: Total time for which application threads were stopped: 0.0033930 seconds, Stopping threads took: 0.0001000 seconds
286.376: Application time: 0.0438690 seconds
286.376: [GC [PSYoungGen: 49450K->6636K(50176K)] 130601K->93519K(163840K), 0.0039280 secs] [Times: user=0.03 sys=0.00, real=0.00 secs] 
286.380: Total time for which application threads were stopped: 0.0041010 seconds, Stopping threads took: 0.0000840 seconds
286.394: Application time: 0.0146570 seconds
286.395: [GC [PSYoungGen: 50132K->6637K(50176K)] 137015K->96386K(163840K), 0.0031420 secs] [Times: user=0.02 sys=0.00, real=0.00 secs] 
286.398: Total time for which application threads were stopped: 0.0032970 seconds, Stopping threads took: 0.0000720 seconds
286.413: Application time: 0.0155010 seconds
286.413: [GC [PSYoungGen: 50121K->5956K(50176K)] 139870K->100693K(163840K), 0.0036310 secs] [Times: user=0.02 sys=0.00, real=0.00 secs] 
286.417: Total time for which application threads were stopped: 0.0038210 seconds, Stopping threads took: 0.0001080 seconds
286.493: Application time: 0.0757370 seconds
286.493: [GC [PSYoungGen: 49448K->6636K(50176K)] 144185K->110677K(163840K), 0.0047380 secs] [Times: user=0.04 sys=0.00, real=0.00 secs] 
286.498: [Full GC [PSYoungGen: 6636K->0K(50176K)] [ParOldGen: 104040K->27931K(113664K)] 110677K->27931K(163840K) [PSPermGen: 6125K->6125K(21504K)], 0.0098330 secs] [Times: user=0.05 sys=0.00, real=0.01 secs] 
286.508: Total time for which application threads were stopped: 0.0147700 seconds, Stopping threads took: 0.0000650 seconds
286.658: Application time: 0.1506020 seconds
286.658: [GC [PSYoungGen: 43487K->6444K(50176K)] 71419K->44352K(163840K), 0.0049340 secs] [Times: user=0.04 sys=0.00, real=0.01 secs] 
286.663: Total time for which application threads were stopped: 0.0050920 seconds, Stopping threads took: 0.0000760 seconds
286.776: Application time: 0.1123810 seconds
286.776: [GC [PSYoungGen: 49960K->6636K(50176K)] 87867K->55232K(163840K), 0.0053150 secs] [Times: user=0.04 sys=0.00, real=0.00 secs] 
286.781: Total time for which application threads were stopped: 0.0055010 seconds, Stopping threads took: 0.0000980 seconds
286.798: Application time: 0.0166740 seconds
286.798: [GC [PSYoungGen: 50121K->6572K(50176K)] 98716K->55881K(163840K), 0.0025060 secs] [Times: user=0.02 sys=0.00, real=0.00 secs] 
286.801: Total time for which application threads were stopped: 0.0030100 seconds, Stopping threads took: 0.0004070 seconds
286.830: Application time: 0.0296360 seconds
286.834: [GC [PSYoungGen: 50060K->6572K(50176K)] 99368K->63719K(163840K), 0.0043490 secs] [Times: user=0.03 sys=0.00, real=0.00 secs] 
286.838: Total time for which application threads were stopped: 0.0079920 seconds, Stopping threads took: 0.0035600 seconds
286.905: Application time: 0.0667840 seconds
286.905: [GC [PSYoungGen: 50064K->6540K(50176K)] 107210K->71525K(163840K), 0.0045810 secs] [Times: user=0.03 sys=0.00, real=0.01 secs] 
286.910: Total time for which application threads were stopped: 0.0047690 seconds, Stopping threads took: 0.0000770 seconds
286.957: Application time: 0.0473630 seconds
286.958: [GC [PSYoungGen: 50055K->6540K(50176K)] 115039K->77225K(163840K), 0.0038530 secs] [Times: user=0.03 sys=0.00, real=0.00 secs] 
286.961: Total time for which application threads were stopped: 0.0040250 seconds, Stopping threads took: 0.0000890 seconds
286.978: Application time: 0.0165820 seconds
286.978: [GC [PSYoungGen: 50019K->6636K(50176K)] 120704K->80892K(163840K), 0.0033520 secs] [Times: user=0.03 sys=0.00, real=0.00 secs] 
286.982: Total time for which application threads were stopped: 0.0035170 seconds, Stopping threads took: 0.0000820 seconds
286.995: Application time: 0.0133710 seconds
286.995: [GC [PSYoungGen: 50119K->6604K(50176K)] 124375K->82997K(163840K), 0.0030230 secs] [Times: user=0.02 sys=0.00, real=0.00 secs] 
286.998: Total time for which application threads were stopped: 0.0031960 seconds, Stopping threads took: 0.0000860 seconds
287.120: Application time: 0.1220780 seconds
287.120: [GC [PSYoungGen: 50093K->6604K(50176K)] 126486K->92972K(163840K), 0.0049450 secs] [Times: user=0.03 sys=0.00, real=0.01 secs] 
287.125: Total time for which application threads were stopped: 0.0051010 seconds, Stopping threads took: 0.0000710 seconds
287.288: Application time: 0.1625220 seconds
287.288: [GC [PSYoungGen: 50123K->6636K(50176K)] 136492K->102988K(163840K), 0.0049310 secs] [Times: user=0.04 sys=0.00, real=0.01 secs] 
287.293: Total time for which application threads were stopped: 0.0051040 seconds, Stopping threads took: 0.0000880 seconds
287.311: Application time: 0.0178510 seconds
287.311: [GC [PSYoungGen: 50112K->6636K(50176K)] 146463K->105125K(163840K), 0.0030550 secs] [Times: user=0.02 sys=0.01, real=0.00 secs] 
287.314: Total time for which application threads were stopped: 0.0032490 seconds, Stopping threads took: 0.0000920 seconds
287.334: Application time: 0.0196310 seconds
287.334: [GC [PSYoungGen: 50123K->6636K(50176K)] 148612K->105149K(163840K), 0.0024570 secs] [Times: user=0.02 sys=0.00, real=0.00 secs] 
287.336: [Full GC [PSYoungGen: 6636K->0K(50176K)] [ParOldGen: 98513K->26994K(113664K)] 105149K->26994K(163840K) [PSPermGen: 6125K->6125K(21504K)], 0.0098850 secs] [Times: user=0.05 sys=0.00, real=0.01 secs] 
287.346: Total time for which application threads were stopped: 0.0125460 seconds, Stopping threads took: 0.0000710 seconds
287.364: Application time: 0.0178860 seconds
287.364: [GC [PSYoungGen: 43488K->6540K(50176K)] 70483K->35672K(163840K), 0.0026940 secs] [Times: user=0.02 sys=0.00, real=0.00 secs] 
287.367: Total time for which application threads were stopped: 0.0028490 seconds, Stopping threads took: 0.0000680 seconds
287.458: Application time: 0.0907380 seconds
287.458: [GC [PSYoungGen: 49348K->6604K(50176K)] 78481K->46424K(163840K), 0.0053500 secs] [Times: user=0.04 sys=0.00, real=0.01 secs] 
287.463: Total time for which application threads were stopped: 0.0055230 seconds, Stopping threads took: 0.0000880 seconds
287.480: Application time: 0.0164220 seconds
287.480: [GC [PSYoungGen: 50115K->6604K(50176K)] 89935K->46424K(163840K), 0.0023940 secs] [Times: user=0.02 sys=0.00, real=0.01 secs] 
287.482: Total time for which application threads were stopped: 0.0025650 seconds, Stopping threads took: 0.0000890 seconds
287.497: Application time: 0.0151610 seconds
287.497: [GC [PSYoungGen: 50094K->6636K(50176K)] 89914K->49307K(163840K), 0.0031300 secs] [Times: user=0.02 sys=0.00, real=0.00 secs] 
287.501: Total time for which application threads were stopped: 0.0032900 seconds, Stopping threads took: 0.0000740 seconds
287.510: Application time: 0.0098210 seconds
287.511: [GC [PSYoungGen: 50115K->6588K(50176K)] 92785K->54246K(163840K), 0.0036660 secs] [Times: user=0.02 sys=0.00, real=0.00 secs] 
287.514: Total time for which application threads were stopped: 0.0038410 seconds, Stopping threads took: 0.0000920 seconds
287.529: Application time: 0.0150910 seconds
287.530: [GC [PSYoungGen: 50083K->6636K(50176K)] 97741K->56432K(163840K), 0.0029470 secs] [Times: user=0.02 sys=0.00, real=0.01 secs] 
287.533: Total time for which application threads were stopped: 0.0031190 seconds, Stopping threads took: 0.0000860 seconds
287.550: Application time: 0.0175110 seconds
287.550: [GC [PSYoungGen: 50128K->6636K(50176K)] 99923K->59290K(163840K), 0.0031660 secs] [Times: user=0.03 sys=0.00, real=0.00 secs] 
287.553: Total time for which application threads were stopped: 0.0033470 seconds, Stopping threads took: 0.0000970 seconds
287.645: Application time: 0.0919680 seconds
287.645: [GC [PSYoungGen: 50128K->6636K(50176K)] 102782K->67840K(163840K), 0.0043140 secs] [Times: user=0.03 sys=0.00, real=0.00 secs] 
287.650: Total time for which application threads were stopped: 0.0044680 seconds, Stopping threads took: 0.0000710 seconds
287.822: Application time: 0.1723080 seconds
287.822: [GC [PSYoungGen: 50122K->6636K(50176K)] 111326K->77111K(163840K), 0.0046920 secs] [Times: user=0.03 sys=0.00, real=0.00 secs] 
287.827: Total time for which application threads were stopped: 0.0048470 seconds, Stopping threads took: 0.0000640 seconds
287.991: Application time: 0.1636370 seconds
287.991: [GC [PSYoungGen: 50125K->6636K(50176K)] 120599K->87835K(163840K), 0.0051150 secs] [Times: user=0.04 sys=0.00, real=0.00 secs] 
287.996: Total time for which application threads were stopped: 0.0052750 seconds, Stopping threads took: 0.0000800 seconds
288.200: Application time: 0.2045460 seconds
288.201: [GC [PSYoungGen: 50116K->6636K(50176K)] 131315K->97098K(163840K), 0.0046790 secs] [Times: user=0.03 sys=0.00, real=0.01 secs] 
288.205: Total time for which application threads were stopped: 0.0048500 seconds, Stopping threads took: 0.0000880 seconds
288.358: Application time: 0.1525820 seconds
288.358: [GC [PSYoungGen: 50134K->5956K(50176K)] 140595K->108530K(163840K), 0.0053870 secs] [Times: user=0.04 sys=0.00, real=0.01 secs] 
288.363: [Full GC [PSYoungGen: 5956K->0K(50176K)] [ParOldGen: 102574K->28419K(113664K)] 108530K->28419K(163840K) [PSPermGen: 6125K->6125K(21504K)], 0.0101320 secs] [Times: user=0.06 sys=0.00, real=0.01 secs] 
288.374: Total time for which application threads were stopped: 0.0157470 seconds, Stopping threads took: 0.0000740 seconds
288.544: Application time: 0.1704210 seconds
288.544: [GC [PSYoungGen: 43514K->6636K(50176K)] 71934K->47890K(163840K), 0.0056580 secs] [Times: user=0.05 sys=0.00, real=0.00 secs] 
288.550: Total time for which application threads were stopped: 0.0058180 seconds, Stopping threads took: 0.0000780 seconds
288.731: Application time: 0.1814680 seconds
288.731: [GC [PSYoungGen: 50117K->6572K(50176K)] 91371K->57801K(163840K), 0.0049190 secs] [Times: user=0.04 sys=0.00, real=0.00 secs] 
288.736: Total time for which application threads were stopped: 0.0050710 seconds, Stopping threads took: 0.0000690 seconds
288.913: Application time: 0.1761640 seconds
288.913: [GC [PSYoungGen: 50071K->6636K(50176K)] 101300K->68553K(163840K), 0.0050410 secs] [Times: user=0.04 sys=0.00, real=0.00 secs] 
288.918: Total time for which application threads were stopped: 0.0051940 seconds, Stopping threads took: 0.0000610 seconds
289.057: Application time: 0.1395400 seconds
289.057: [GC [PSYoungGen: 50127K->6636K(50176K)] 112044K->77816K(163840K), 0.0047740 secs] [Times: user=0.03 sys=0.00, real=0.01 secs] 
289.062: Total time for which application threads were stopped: 0.0049220 seconds, Stopping threads took: 0.0000690 seconds
289.237: Application time: 0.1749400 seconds
289.237: [GC [PSYoungGen: 50118K->6636K(50176K)] 121298K->87088K(163840K), 0.0047890 secs] [Times: user=0.04 sys=0.00, real=0.01 secs] 
289.242: Total time for which application threads were stopped: 0.0049410 seconds, Stopping threads took: 0.0000700 seconds
289.398: Application time: 0.1556990 seconds
289.398: [GC [PSYoungGen: 50135K->5956K(50176K)] 130586K->97808K(163840K), 0.0050490 secs] [Times: user=0.03 sys=0.01, real=0.01 secs] 
289.403: Total time for which application threads were stopped: 0.0052060 seconds, Stopping threads took: 0.0000690 seconds
289.449: Application time: 0.0462530 seconds
289.449: [GC [PSYoungGen: 48778K->5988K(50176K)] 140630K->106390K(163840K), 0.0045350 secs] [Times: user=0.03 sys=0.00, real=0.01 secs] 
289.454: [Full GC [PSYoungGen: 5988K->0K(50176K)] [ParOldGen: 100402K->25570K(113664K)] 106390K->25570K(163840K) [PSPermGen: 6125K->6125K(21504K)], 0.0095880 secs] [Times: user=0.05 sys=0.00, real=0.01 secs] 
289.464: Total time for which application threads were stopped: 0.0143640 seconds, Stopping threads took: 0.0000830 seconds
289.478: Application time: 0.0146970 seconds
289.478: [GC [PSYoungGen: 43478K->6541K(50176K)] 69049K->32111K(163840K), 0.0021920 secs] [Times: user=0.01 sys=0.00, real=0.00 secs] 
289.481: Total time for which application threads were stopped: 0.0023540 seconds, Stopping threads took: 0.0000740 seconds
289.496: Application time: 0.0153390 seconds
289.496: [GC [PSYoungGen: 50024K->6573K(50176K)] 75594K->34281K(163840K), 0.0029050 secs] [Times: user=0.02 sys=0.00, real=0.00 secs] 
289.499: Total time for which application threads were stopped: 0.0030970 seconds, Stopping threads took: 0.0001060 seconds
289.598: Application time: 0.0989180 seconds
289.598: [GC [PSYoungGen: 50063K->6508K(50176K)] 77771K->44193K(163840K), 0.0048290 secs] [Times: user=0.04 sys=0.00, real=0.01 secs] 
289.603: Total time for which application threads were stopped: 0.0049770 seconds, Stopping threads took: 0.0000670 seconds
289.748: Application time: 0.1452620 seconds
289.748: [GC [PSYoungGen: 50000K->6509K(50176K)] 87684K->53456K(163840K), 0.0046860 secs] [Times: user=0.04 sys=0.00, real=0.01 secs] 
289.753: Total time for which application threads were stopped: 0.0048430 seconds, Stopping threads took: 0.0000750 seconds
289.891: Application time: 0.1381330 seconds
289.891: [GC [PSYoungGen: 50000K->6573K(50176K)] 96947K->64208K(163840K), 0.0051230 secs] [Times: user=0.04 sys=0.00, real=0.00 secs] 
289.897: Total time for which application threads were stopped: 0.0052750 seconds, Stopping threads took: 0.0000640 seconds
290.044: Application time: 0.1474170 seconds
290.044: [GC [PSYoungGen: 50055K->6605K(50176K)] 107691K->73504K(163840K), 0.0047440 secs] [Times: user=0.04 sys=0.00, real=0.00 secs] 
290.049: Total time for which application threads were stopped: 0.0049000 seconds, Stopping threads took: 0.0000650 seconds
290.117: Application time: 0.0683320 seconds
290.117: [GC [PSYoungGen: 50120K->6605K(50176K)] 117019K->83480K(163840K), 0.0050610 secs] [Times: user=0.04 sys=0.00, real=0.01 secs] 
290.122: Total time for which application threads were stopped: 0.0052420 seconds, Stopping threads took: 0.0000940 seconds
290.138: Application time: 0.0151340 seconds
290.138: [GC [PSYoungGen: 50089K->6637K(50176K)] 126964K->84945K(163840K), 0.0028100 secs] [Times: user=0.02 sys=0.00, real=0.00 secs] 
290.141: Total time for which application threads were stopped: 0.0029750 seconds, Stopping threads took: 0.0000790 seconds
290.161: Application time: 0.0200150 seconds
290.161: [GC [PSYoungGen: 50130K->6637K(50176K)] 128439K->87795K(163840K), 0.0031090 secs] [Times: user=0.03 sys=0.00, real=0.01 secs] 
290.164: Total time for which application threads were stopped: 0.0033290 seconds, Stopping threads took: 0.0001370 seconds
290.250: Application time: 0.0857070 seconds
290.250: [GC [PSYoungGen: 50129K->6636K(50176K)] 131288K->97779K(163840K), 0.0049190 secs] [Times: user=0.04 sys=0.00, real=0.01 secs] 
290.255: Total time for which application threads were stopped: 0.0050610 seconds, Stopping threads took: 0.0000620 seconds
290.353: Application time: 0.0981770 seconds
290.353: [GC [PSYoungGen: 49457K->5956K(50176K)] 140600K->108499K(163840K), 0.0052990 secs] [Times: user=0.03 sys=0.00, real=0.00 secs] 
290.358: [Full GC [PSYoungGen: 5956K->0K(50176K)] [ParOldGen: 102543K->27931K(113664K)] 108499K->27931K(163840K) [PSPermGen: 6125K->6125K(21504K)], 0.0096880 secs] [Times: user=0.06 sys=0.00, real=0.01 secs] 
290.368: Total time for which application threads were stopped: 0.0152140 seconds, Stopping threads took: 0.0000880 seconds
290.386: Application time: 0.0184000 seconds
290.387: [GC [PSYoungGen: 43482K->1617K(50176K)] 71414K->29549K(163840K), 0.0006370 secs] [Times: user=0.00 sys=0.00, real=0.00 secs] 
290.387: Total time for which application threads were stopped: 0.0007830 seconds, Stopping threads took: 0.0000890 seconds
290.404: Application time: 0.0167700 seconds
290.404: [GC [PSYoungGen: 45101K->6541K(50176K)] 73033K->34473K(163840K), 0.0023070 secs] [Times: user=0.02 sys=0.00, real=0.00 secs] 
290.407: Total time for which application threads were stopped: 0.0024790 seconds, Stopping threads took: 0.0000850 seconds
290.468: Application time: 0.0610180 seconds
290.468: [GC [PSYoungGen: 50039K->6541K(50176K)] 77971K->43736K(163840K), 0.0046400 secs] [Times: user=0.04 sys=0.00, real=0.01 secs] 
290.472: Total time for which application threads were stopped: 0.0047880 seconds, Stopping threads took: 0.0000660 seconds
290.625: Application time: 0.1530810 seconds
290.626: [GC [PSYoungGen: 50022K->6508K(50176K)] 87217K->52967K(163840K), 0.0046300 secs] [Times: user=0.03 sys=0.00, real=0.01 secs] 
290.630: Total time for which application threads were stopped: 0.0047870 seconds, Stopping threads took: 0.0000640 seconds
290.691: Application time: 0.0610070 seconds
290.691: [GC [PSYoungGen: 50023K->6508K(50176K)] 96482K->62942K(163840K), 0.0050750 secs] [Times: user=0.04 sys=0.00, real=0.00 secs] 
290.696: Total time for which application threads were stopped: 0.0052410 seconds, Stopping threads took: 0.0000780 seconds
290.712: Application time: 0.0156520 seconds
290.712: [GC [PSYoungGen: 49995K->6636K(50176K)] 106429K->64495K(163840K), 0.0027160 secs] [Times: user=0.02 sys=0.00, real=0.00 secs] 
290.715: Total time for which application threads were stopped: 0.0029030 seconds, Stopping threads took: 0.0000910 seconds
290.730: Application time: 0.0153140 seconds
290.730: [GC [PSYoungGen: 50120K->6572K(50176K)] 107979K->66569K(163840K), 0.0030020 secs] [Times: user=0.02 sys=0.00, real=0.00 secs] 
290.733: Total time for which application threads were stopped: 0.0031640 seconds, Stopping threads took: 0.0000780 seconds
290.830: Application time: 0.0967240 seconds
290.830: [GC [PSYoungGen: 50062K->6604K(50176K)] 110059K->77289K(163840K), 0.0051300 secs] [Times: user=0.04 sys=0.00, real=0.00 secs] 
290.836: Total time for which application threads were stopped: 0.0052980 seconds, Stopping threads took: 0.0000860 seconds
290.866: Application time: 0.0302370 seconds
290.866: [GC [PSYoungGen: 50115K->6604K(50176K)] 120799K->80852K(163840K), 0.0034070 secs] [Times: user=0.02 sys=0.00, real=0.00 secs] 
290.869: Total time for which application threads were stopped: 0.0035950 seconds, Stopping threads took: 0.0001010 seconds
290.886: Application time: 0.0164910 seconds
290.886: [GC [PSYoungGen: 50086K->6636K(50176K)] 124333K->85871K(163840K), 0.0036690 secs] [Times: user=0.03 sys=0.01, real=0.00 secs] 
290.890: Total time for which application threads were stopped: 0.0038330 seconds, Stopping threads took: 0.0000750 seconds
290.902: Application time: 0.0125920 seconds
290.902: [GC [PSYoungGen: 50119K->6572K(50176K)] 129354K->87945K(163840K), 0.0030500 secs] [Times: user=0.02 sys=0.00, real=0.00 secs] 
290.905: Total time for which application threads were stopped: 0.0032090 seconds, Stopping threads took: 0.0000760 seconds
291.048: Application time: 0.1423170 seconds
291.048: [GC [PSYoungGen: 50068K->6636K(50176K)] 131440K->98000K(163840K), 0.0049020 secs] [Times: user=0.03 sys=0.00, real=0.01 secs] 
291.053: Total time for which application threads were stopped: 0.0050500 seconds, Stopping threads took: 0.0000620 seconds
291.145: Application time: 0.0924930 seconds
291.145: [GC [PSYoungGen: 50151K->6636K(50176K)] 141515K->108023K(163840K), 0.0051450 secs] [Times: user=0.04 sys=0.00, real=0.01 secs] 
291.151: [Full GC [PSYoungGen: 6636K->0K(50176K)] [ParOldGen: 101387K->27707K(113664K)] 108023K->27707K(163840K) [PSPermGen: 6125K->6125K(21504K)], 0.0101260 secs] [Times: user=0.06 sys=0.00, real=0.00 secs] 
291.161: Total time for which application threads were stopped: 0.0155120 seconds, Stopping threads took: 0.0000880 seconds
291.175: Application time: 0.0144830 seconds
291.175: [GC [PSYoungGen: 43488K->6572K(50176K)] 71195K->35705K(163840K), 0.0025830 secs] [Times: user=0.02 sys=0.00, real=0.00 secs] 
291.178: Total time for which application threads were stopped: 0.0027480 seconds, Stopping threads took: 0.0000780 seconds
291.194: Application time: 0.0161080 seconds
291.194: [GC [PSYoungGen: 50057K->6508K(50176K)] 79189K->40629K(163840K), 0.0036860 secs] [Times: user=0.03 sys=0.00, real=0.00 secs] 
291.198: Total time for which application threads were stopped: 0.0038520 seconds, Stopping threads took: 0.0000810 seconds
291.270: Application time: 0.0721530 seconds
291.270: [GC [PSYoungGen: 50001K->6476K(50176K)] 84121K->50572K(163840K), 0.0049050 secs] [Times: user=0.03 sys=0.00, real=0.00 secs] 
291.275: Total time for which application threads were stopped: 0.0050630 seconds, Stopping threads took: 0.0000740 seconds
291.347: Application time: 0.0713590 seconds
291.347: [GC [PSYoungGen: 49321K->6604K(50176K)] 93416K->57825K(163840K), 0.0042440 secs] [Times: user=0.03 sys=0.00, real=0.01 secs] 
291.351: Total time for which application threads were stopped: 0.0046410 seconds, Stopping threads took: 0.0003140 seconds
291.362: Application time: 0.0107710 seconds
291.362: [GC [PSYoungGen: 50074K->6572K(50176K)] 101295K->59218K(163840K), 0.0026040 secs] [Times: user=0.01 sys=0.00, real=0.00 secs] 
291.365: Total time for which application threads were stopped: 0.0027760 seconds, Stopping threads took: 0.0000860 seconds
291.375: Application time: 0.0104530 seconds
291.375: [GC [PSYoungGen: 50057K->6620K(50176K)] 102703K->63541K(163840K), 0.0035270 secs] [Times: user=0.01 sys=0.00, real=0.00 secs] 
291.379: Total time for which application threads were stopped: 0.0036900 seconds, Stopping threads took: 0.0000690 seconds
291.390: Application time: 0.0114360 seconds
291.391: [GC [PSYoungGen: 50109K->6605K(50176K)] 107030K->64951K(163840K), 0.0027180 secs] [Times: user=0.01 sys=0.00, real=0.00 secs] 
291.393: Total time for which application threads were stopped: 0.0029380 seconds, Stopping threads took: 0.0001380 seconds
291.403: Application time: 0.0092860 seconds
291.403: [GC [PSYoungGen: 50079K->6637K(50176K)] 108425K->65703K(163840K), 0.0025090 secs] [Times: user=0.02 sys=0.00, real=0.00 secs] 
291.405: Total time for which application threads were stopped: 0.0028110 seconds, Stopping threads took: 0.0002190 seconds
291.418: Application time: 0.0126900 seconds
291.418: [GC [PSYoungGen: 50130K->6636K(50176K)] 109196K->67848K(163840K), 0.0028130 secs] [Times: user=0.02 sys=0.00, real=0.00 secs] 
291.421: Total time for which application threads were stopped: 0.0029970 seconds, Stopping threads took: 0.0000980 seconds
291.561: Application time: 0.1402820 seconds
291.562: [GC [PSYoungGen: 50133K->6636K(50176K)] 111346K->78544K(163840K), 0.0050790 secs] [Times: user=0.04 sys=0.00, real=0.01 secs] 
291.567: Total time for which application threads were stopped: 0.0052220 seconds, Stopping threads took: 0.0000560 seconds
291.769: Application time: 0.2019210 seconds
291.769: [GC [PSYoungGen: 50122K->6636K(50176K)] 122030K->88519K(163840K), 0.0049230 secs] [Times: user=0.04 sys=0.00, real=0.01 secs] 
291.774: Total time for which application threads were stopped: 0.0050810 seconds, Stopping threads took: 0.0000620 seconds
291.940: Application time: 0.1658400 seconds
291.940: [GC [PSYoungGen: 50125K->6636K(50176K)] 132008K->98563K(163840K), 0.0049070 secs] [Times: user=0.03 sys=0.00, real=0.01 secs] 
291.945: Total time for which application threads were stopped: 0.0050660 seconds, Stopping threads took: 0.0000750 seconds
292.122: Application time: 0.1770090 seconds
292.122: [GC [PSYoungGen: 50133K->5956K(50176K)] 142059K->109283K(163840K), 0.0051710 secs] [Times: user=0.04 sys=0.00, real=0.01 secs] 
292.127: [Full GC [PSYoungGen: 5956K->0K(50176K)] [ParOldGen: 103326K->27707K(113664K)] 109283K->27707K(163840K) [PSPermGen: 6125K->6125K(21504K)], 0.0101140 secs] [Times: user=0.05 sys=0.00, real=0.01 secs] 
292.137: Total time for which application threads were stopped: 0.0155000 seconds, Stopping threads took: 0.0000790 seconds
292.305: Application time: 0.1678920 seconds
292.305: [GC [PSYoungGen: 43493K->6540K(50176K)] 71201K->43511K(163840K), 0.0046510 secs] [Times: user=0.03 sys=0.00, real=0.00 secs] 
292.310: Total time for which application threads were stopped: 0.0048410 seconds, Stopping threads took: 0.0000890 seconds
292.506: Application time: 0.1957220 seconds
292.506: [GC [PSYoungGen: 50038K->6540K(50176K)] 87009K->54199K(163840K), 0.0049790 secs] [Times: user=0.04 sys=0.00, real=0.01 secs] 
292.511: Total time for which application threads were stopped: 0.0051280 seconds, Stopping threads took: 0.0000630 seconds
292.669: Application time: 0.1581550 seconds
292.669: [GC [PSYoungGen: 50021K->6604K(50176K)] 97680K->63526K(163840K), 0.0046450 secs] [Times: user=0.04 sys=0.00, real=0.01 secs] 
292.674: Total time for which application threads were stopped: 0.0047930 seconds, Stopping threads took: 0.0000660 seconds
292.822: Application time: 0.1483990 seconds
292.822: [GC [PSYoungGen: 50103K->6604K(50176K)] 107024K->73501K(163840K), 0.0049070 secs] [Times: user=0.04 sys=0.00, real=0.00 secs] 
292.827: Total time for which application threads were stopped: 0.0050650 seconds, Stopping threads took: 0.0000640 seconds
292.978: Application time: 0.1512480 seconds
292.978: [GC [PSYoungGen: 50103K->5956K(50176K)] 117000K->83541K(163840K), 0.0048540 secs] [Times: user=0.03 sys=0.00, real=0.01 secs] 
292.983: Total time for which application threads were stopped: 0.0049950 seconds, Stopping threads took: 0.0000580 seconds
293.132: Application time: 0.1484620 seconds
293.132: [GC [PSYoungGen: 49438K->5956K(50176K)] 127023K->94942K(163840K), 0.0051900 secs] [Times: user=0.04 sys=0.00, real=0.00 secs] 
293.137: Total time for which application threads were stopped: 0.0053560 seconds, Stopping threads took: 0.0000820 seconds
293.286: Application time: 0.1488590 seconds
293.286: [GC [PSYoungGen: 49453K->5956K(50176K)] 138439K->105630K(163840K), 0.0049550 secs] [Times: user=0.04 sys=0.00, real=0.01 secs] 
293.291: [Full GC [PSYoungGen: 5956K->0K(50176K)] [ParOldGen: 99674K->26996K(113664K)] 105630K->26996K(163840K) [PSPermGen: 6125K->6125K(21504K)], 0.0100780 secs] [Times: user=0.05 sys=0.00, real=0.00 secs] 
293.301: Total time for which application threads were stopped: 0.0152440 seconds, Stopping threads took: 0.0000780 seconds
293.401: Application time: 0.0997840 seconds
293.401: [GC [PSYoungGen: 42811K->6508K(50176K)] 69808K->43481K(163840K), 0.0051240 secs] [Times: user=0.03 sys=0.00, real=0.01 secs] 
293.406: Total time for which application threads were stopped: 0.0053070 seconds, Stopping threads took: 0.0000830 seconds
293.423: Application time: 0.0164650 seconds
293.423: [GC [PSYoungGen: 49993K->6637K(50176K)] 86965K->45034K(163840K), 0.0027870 secs] [Times: user=0.02 sys=0.00, real=0.00 secs] 
293.426: Total time for which application threads were stopped: 0.0029450 seconds, Stopping threads took: 0.0000740 seconds
293.442: Application time: 0.0158920 seconds
293.442: [GC [PSYoungGen: 50118K->6605K(50176K)] 88515K->45714K(163840K), 0.0026020 secs] [Times: user=0.02 sys=0.00, real=0.01 secs] 
293.444: Total time for which application threads were stopped: 0.0027660 seconds, Stopping threads took: 0.0000820 seconds
293.528: Application time: 0.0832420 seconds
293.528: [GC [PSYoungGen: 50095K->6573K(50176K)] 89205K->56371K(163840K), 0.0051320 secs] [Times: user=0.04 sys=0.00, real=0.01 secs] 
293.533: Total time for which application threads were stopped: 0.0053120 seconds, Stopping threads took: 0.0000960 seconds
293.682: Application time: 0.1489870 seconds
293.682: [GC [PSYoungGen: 50064K->6541K(50176K)] 99862K->65602K(163840K), 0.0047010 secs] [Times: user=0.03 sys=0.00, real=0.00 secs] 
293.687: Total time for which application threads were stopped: 0.0048430 seconds, Stopping threads took: 0.0000590 seconds
293.829: Application time: 0.1425000 seconds
293.829: [GC [PSYoungGen: 50032K->6541K(50176K)] 109093K->75578K(163840K), 0.0049130 secs] [Times: user=0.04 sys=0.00, real=0.01 secs] 
293.834: Total time for which application threads were stopped: 0.0050690 seconds, Stopping threads took: 0.0000720 seconds
293.982: Application time: 0.1472890 seconds
293.982: [GC [PSYoungGen: 50032K->6637K(50176K)] 119070K->84938K(163840K), 0.0046900 secs] [Times: user=0.02 sys=0.00, real=0.01 secs] 
293.987: Total time for which application threads were stopped: 0.0048490 seconds, Stopping threads took: 0.0000630 seconds
294.018: Application time: 0.0309790 seconds
294.018: [GC [PSYoungGen: 50147K->6637K(50176K)] 128448K->89213K(163840K), 0.0035860 secs] [Times: user=0.03 sys=0.00, real=0.00 secs] 
294.021: Total time for which application threads were stopped: 0.0038040 seconds, Stopping threads took: 0.0001120 seconds
294.038: Application time: 0.0168680 seconds
294.038: [GC [PSYoungGen: 50116K->6637K(50176K)] 132693K->92071K(163840K), 0.0031730 secs] [Times: user=0.02 sys=0.00, real=0.00 secs] 
294.042: Total time for which application threads were stopped: 0.0033420 seconds, Stopping threads took: 0.0000800 seconds
294.053: Application time: 0.0115830 seconds
294.053: [GC [PSYoungGen: 50124K->6653K(50176K)] 135558K->97796K(163840K), 0.0040000 secs] [Times: user=0.02 sys=0.00, real=0.00 secs] 
294.057: Total time for which application threads were stopped: 0.0041810 seconds, Stopping threads took: 0.0000940 seconds
294.183: Application time: 0.1252510 seconds
294.183: [GC [PSYoungGen: 50143K->6637K(50176K)] 141286K->107764K(163840K), 0.0048840 secs] [Times: user=0.03 sys=0.00, real=0.00 secs] 
294.188: [Full GC [PSYoungGen: 6637K->0K(50176K)] [ParOldGen: 101127K->27931K(113664K)] 107764K->27931K(163840K) [PSPermGen: 6125K->6125K(21504K)], 0.0099080 secs] [Times: user=0.05 sys=0.00, real=0.01 secs] 
294.198: Total time for which application threads were stopped: 0.0150040 seconds, Stopping threads took: 0.0000710 seconds
294.247: Application time: 0.0491850 seconds
294.247: [GC [PSYoungGen: 42816K->6573K(50176K)] 70748K->42343K(163840K), 0.0044910 secs] [Times: user=0.03 sys=0.00, real=0.01 secs] 
294.251: Total time for which application threads were stopped: 0.0046540 seconds, Stopping threads took: 0.0000780 seconds
294.268: Application time: 0.0164310 seconds
294.268: [GC [PSYoungGen: 50057K->6637K(50176K)] 85827K->44544K(163840K), 0.0029390 secs] [Times: user=0.02 sys=0.00, real=0.01 secs] 
294.271: Total time for which application threads were stopped: 0.0031080 seconds, Stopping threads took: 0.0000860 seconds
294.285: Application time: 0.0143480 seconds
294.285: [GC [PSYoungGen: 50122K->6637K(50176K)] 88030K->48115K(163840K), 0.0033350 secs] [Times: user=0.03 sys=0.00, real=0.00 secs] 
294.289: Total time for which application threads were stopped: 0.0035100 seconds, Stopping threads took: 0.0000900 seconds
294.394: Application time: 0.1052310 seconds
294.394: [GC [PSYoungGen: 50133K->6604K(50176K)] 91612K->58059K(163840K), 0.0048480 secs] [Times: user=0.04 sys=0.00, real=0.00 secs] 
294.399: Total time for which application threads were stopped: 0.0049930 seconds, Stopping threads took: 0.0000630 seconds
294.566: Application time: 0.1667230 seconds
294.566: [GC [PSYoungGen: 50086K->6604K(50176K)] 101540K->67322K(163840K), 0.0047320 secs] [Times: user=0.03 sys=0.00, real=0.01 secs] 
294.571: Total time for which application threads were stopped: 0.0049090 seconds, Stopping threads took: 0.0000780 seconds
294.668: Application time: 0.0974150 seconds
294.669: [GC [PSYoungGen: 50119K->6636K(50176K)] 110837K->75920K(163840K), 0.0045220 secs] [Times: user=0.04 sys=0.00, real=0.01 secs] 
294.673: Total time for which application threads were stopped: 0.0053820 seconds, Stopping threads took: 0.0007740 seconds
294.690: Application time: 0.0166040 seconds
294.690: [GC [PSYoungGen: 50122K->6636K(50176K)] 119406K->79483K(163840K), 0.0032560 secs] [Times: user=0.02 sys=0.00, real=0.00 secs] 
294.694: Total time for which application threads were stopped: 0.0034220 seconds, Stopping threads took: 0.0000830 seconds
294.710: Application time: 0.0166220 seconds
294.710: [GC [PSYoungGen: 50119K->6604K(50176K)] 122965K->81589K(163840K), 0.0030300 secs] [Times: user=0.02 sys=0.00, real=0.00 secs] 
294.713: Total time for which application threads were stopped: 0.0031920 seconds, Stopping threads took: 0.0000790 seconds
294.756: Application time: 0.0427300 seconds
294.756: [GC [PSYoungGen: 49413K->6636K(50176K)] 124398K->88782K(163840K), 0.0041680 secs] [Times: user=0.03 sys=0.00, real=0.00 secs] 
294.760: Total time for which application threads were stopped: 0.0043290 seconds, Stopping threads took: 0.0000770 seconds
294.778: Application time: 0.0178110 seconds
294.778: [GC [PSYoungGen: 50112K->6636K(50176K)] 132258K->91648K(163840K), 0.0031880 secs] [Times: user=0.03 sys=0.00, real=0.00 secs] 
294.782: Total time for which application threads were stopped: 0.0033460 seconds, Stopping threads took: 0.0000750 seconds
294.800: Application time: 0.0184730 seconds
294.800: [GC [PSYoungGen: 50118K->6637K(50176K)] 135130K->94515K(163840K), 0.0032140 secs] [Times: user=0.03 sys=0.00, real=0.01 secs] 
294.803: Total time for which application threads were stopped: 0.0033810 seconds, Stopping threads took: 0.0000830 seconds
294.820: Application time: 0.0165250 seconds
294.820: [GC [PSYoungGen: 50130K->6636K(50176K)] 138008K->98805K(163840K), 0.0033640 secs] [Times: user=0.02 sys=0.00, real=0.01 secs] 
294.823: Total time for which application threads were stopped: 0.0035190 seconds, Stopping threads took: 0.0000710 seconds
294.968: Application time: 0.1442840 seconds
294.968: [GC [PSYoungGen: 50151K->6636K(50176K)] 142320K->109525K(163840K), 0.0053070 secs] [Times: user=0.04 sys=0.00, real=0.01 secs] 
294.973: [Full GC [PSYoungGen: 6636K->0K(50176K)] [ParOldGen: 102888K->27708K(113664K)] 109525K->27708K(163840K) [PSPermGen: 6125K->6125K(21504K)], 0.0099720 secs] [Times: user=0.05 sys=0.00, real=0.01 secs] 
294.983: Total time for which application threads were stopped: 0.0154870 seconds, Stopping threads took: 0.0000640 seconds
295.001: Application time: 0.0175910 seconds
295.001: [GC [PSYoungGen: 43484K->5892K(50176K)] 71192K->33600K(163840K), 0.0019010 secs] [Times: user=0.01 sys=0.00, real=0.01 secs] 
295.003: Total time for which application threads were stopped: 0.0020610 seconds, Stopping threads took: 0.0000760 seconds
295.022: Application time: 0.0194640 seconds
295.022: [GC [PSYoungGen: 49374K->6604K(50176K)] 77082K->35738K(163840K), 0.0026940 secs] [Times: user=0.02 sys=0.00, real=0.00 secs] 
295.025: Total time for which application threads were stopped: 0.0028530 seconds, Stopping threads took: 0.0000750 seconds
295.046: Application time: 0.0204540 seconds
295.046: [GC [PSYoungGen: 50099K->6572K(50176K)] 79232K->42118K(163840K), 0.0038790 secs] [Times: user=0.03 sys=0.00, real=0.00 secs] 
295.050: Total time for which application threads were stopped: 0.0040250 seconds, Stopping threads took: 0.0000660 seconds
295.226: Application time: 0.1764460 seconds
295.226: [GC [PSYoungGen: 50091K->6572K(50176K)] 85637K->52093K(163840K), 0.0047870 secs] [Times: user=0.04 sys=0.00, real=0.01 secs] 
295.231: Total time for which application threads were stopped: 0.0049500 seconds, Stopping threads took: 0.0000680 seconds
295.249: Application time: 0.0181270 seconds
295.249: [GC [PSYoungGen: 50048K->6636K(50176K)] 95569K->55015K(163840K), 0.0030850 secs] [Times: user=0.02 sys=0.00, real=0.01 secs] 
295.252: Total time for which application threads were stopped: 0.0032460 seconds, Stopping threads took: 0.0000770 seconds
295.267: Application time: 0.0143400 seconds
295.267: [GC [PSYoungGen: 50150K->6604K(50176K)] 98529K->58546K(163840K), 0.0034190 secs] [Times: user=0.02 sys=0.00, real=0.01 secs] 
295.270: Total time for which application threads were stopped: 0.0035970 seconds, Stopping threads took: 0.0000940 seconds
295.282: Application time: 0.0120460 seconds
295.283: [GC [PSYoungGen: 50087K->6604K(50176K)] 102029K->61396K(163840K), 0.0031130 secs] [Times: user=0.02 sys=0.00, real=0.00 secs] 
295.286: Total time for which application threads were stopped: 0.0035450 seconds, Stopping threads took: 0.0003370 seconds
295.295: Application time: 0.0094030 seconds
295.296: [GC [PSYoungGen: 50082K->6652K(50176K)] 104874K->63590K(163840K), 0.0028080 secs] [Times: user=0.02 sys=0.00, real=0.00 secs] 
295.299: Total time for which application threads were stopped: 0.0030950 seconds, Stopping threads took: 0.0002020 seconds
295.316: Application time: 0.0175120 seconds
295.316: [GC [PSYoungGen: 50145K->6604K(50176K)] 107083K->67105K(163840K), 0.0032530 secs] [Times: user=0.02 sys=0.00, real=0.00 secs] 
295.320: Total time for which application threads were stopped: 0.0036580 seconds, Stopping threads took: 0.0003200 seconds
295.333: Application time: 0.0134550 seconds
295.333: [GC [PSYoungGen: 50096K->6636K(50176K)] 110597K->67857K(163840K), 0.0023940 secs] [Times: user=0.02 sys=0.00, real=0.00 secs] 
295.336: Total time for which application threads were stopped: 0.0025730 seconds, Stopping threads took: 0.0000920 seconds
295.528: Application time: 0.1923330 seconds
295.528: [GC [PSYoungGen: 50125K->6636K(50176K)] 111345K->78553K(163840K), 0.0050310 secs] [Times: user=0.04 sys=0.00, real=0.01 secs] 
295.533: Total time for which application threads were stopped: 0.0051670 seconds, Stopping threads took: 0.0000540 seconds
295.694: Application time: 0.1610120 seconds
295.694: [GC [PSYoungGen: 50129K->6020K(50176K)] 122045K->87911K(163840K), 0.0047110 secs] [Times: user=0.04 sys=0.00, real=0.00 secs] 
295.699: Total time for which application threads were stopped: 0.0048600 seconds, Stopping threads took: 0.0000670 seconds
295.898: Application time: 0.1985110 seconds
295.898: [GC [PSYoungGen: 49500K->6636K(50176K)] 131391K->98571K(163840K), 0.0049430 secs] [Times: user=0.03 sys=0.00, real=0.01 secs] 
295.903: Total time for which application threads were stopped: 0.0051190 seconds, Stopping threads took: 0.0000720 seconds
296.062: Application time: 0.1595440 seconds
296.062: [GC [PSYoungGen: 50134K->6636K(50176K)] 142069K->109972K(163840K), 0.0053530 secs] [Times: user=0.04 sys=0.00, real=0.00 secs] 
296.068: [Full GC [PSYoungGen: 6636K->0K(50176K)] [ParOldGen: 103335K->28420K(113664K)] 109972K->28420K(163840K) [PSPermGen: 6125K->6125K(21504K)], 0.0103130 secs] [Times: user=0.06 sys=0.00, real=0.01 secs] 
296.078: Total time for which application threads were stopped: 0.0158900 seconds, Stopping threads took: 0.0000890 seconds
296.253: Application time: 0.1747210 seconds
296.253: [GC [PSYoungGen: 43502K->6572K(50176K)] 71922K->44256K(163840K), 0.0046990 secs] [Times: user=0.03 sys=0.00, real=0.00 secs] 
296.258: Total time for which application threads were stopped: 0.0048450 seconds, Stopping threads took: 0.0000610 seconds
296.426: Application time: 0.1684340 seconds
296.426: [GC [PSYoungGen: 50062K->6604K(50176K)] 87745K->54263K(163840K), 0.0049040 secs] [Times: user=0.04 sys=0.00, real=0.01 secs] 
296.431: Total time for which application threads were stopped: 0.0050630 seconds, Stopping threads took: 0.0000650 seconds
296.599: Application time: 0.1681690 seconds
296.600: [GC [PSYoungGen: 50085K->6636K(50176K)] 97745K->64271K(163840K), 0.0049040 secs] [Times: user=0.04 sys=0.00, real=0.01 secs] 
296.604: Total time for which application threads were stopped: 0.0050580 seconds, Stopping threads took: 0.0000680 seconds
296.769: Application time: 0.1643440 seconds
296.769: [GC [PSYoungGen: 50135K->6636K(50176K)] 107770K->74967K(163840K), 0.0051830 secs] [Times: user=0.04 sys=0.00, real=0.01 secs] 
296.774: Total time for which application threads were stopped: 0.0053300 seconds, Stopping threads took: 0.0000630 seconds
296.923: Application time: 0.1485260 seconds
296.923: [GC [PSYoungGen: 50135K->5956K(50176K)] 118466K->85687K(163840K), 0.0050710 secs] [Times: user=0.04 sys=0.00, real=0.00 secs] 
296.928: Total time for which application threads were stopped: 0.0052130 seconds, Stopping threads took: 0.0000620 seconds
297.098: Application time: 0.1696660 seconds
297.098: [GC [PSYoungGen: 49438K->5956K(50176K)] 129169K->95663K(163840K), 0.0047370 secs] [Times: user=0.03 sys=0.00, real=0.01 secs] 
297.102: Total time for which application threads were stopped: 0.0048970 seconds, Stopping threads took: 0.0000670 seconds
297.255: Application time: 0.1530450 seconds
297.256: [GC [PSYoungGen: 49455K->6636K(50176K)] 139163K->106327K(163840K), 0.0048400 secs] [Times: user=0.03 sys=0.00, real=0.00 secs] 
297.260: [Full GC [PSYoungGen: 6636K->0K(50176K)] [ParOldGen: 99691K->26996K(113664K)] 106327K->26996K(163840K) [PSPermGen: 6125K->6125K(21504K)], 0.0100330 secs] [Times: user=0.06 sys=0.00, real=0.02 secs] 
297.271: Total time for which application threads were stopped: 0.0150720 seconds, Stopping threads took: 0.0000650 seconds
297.307: Application time: 0.0365720 seconds
297.307: [GC [PSYoungGen: 43520K->6541K(50176K)] 70516K->39238K(163840K), 0.0037020 secs] [Times: user=0.03 sys=0.00, real=0.01 secs] 
297.311: Total time for which application threads were stopped: 0.0038620 seconds, Stopping threads took: 0.0000760 seconds
297.328: Application time: 0.0169560 seconds
297.328: [GC [PSYoungGen: 50022K->6573K(50176K)] 82719K->40695K(163840K), 0.0027150 secs] [Times: user=0.01 sys=0.00, real=0.01 secs] 
297.331: Total time for which application threads were stopped: 0.0028870 seconds, Stopping threads took: 0.0000830 seconds
297.344: Application time: 0.0134320 seconds
297.344: [GC [PSYoungGen: 50054K->6541K(50176K)] 84176K->41376K(163840K), 0.0025960 secs] [Times: user=0.02 sys=0.00, real=0.00 secs] 
297.347: Total time for which application threads were stopped: 0.0027670 seconds, Stopping threads took: 0.0000870 seconds
297.442: Application time: 0.0950260 seconds
297.442: [GC [PSYoungGen: 50031K->6541K(50176K)] 84866K->51351K(163840K), 0.0049340 secs] [Times: user=0.04 sys=0.00, real=0.00 secs] 
297.447: Total time for which application threads were stopped: 0.0050980 seconds, Stopping threads took: 0.0000700 seconds
297.597: Application time: 0.1495670 seconds
297.597: [GC [PSYoungGen: 50040K->6605K(50176K)] 94851K->61391K(163840K), 0.0049540 secs] [Times: user=0.04 sys=0.00, real=0.00 secs] 
297.602: Total time for which application threads were stopped: 0.0051220 seconds, Stopping threads took: 0.0000860 seconds
297.761: Application time: 0.1588600 seconds
297.761: [GC [PSYoungGen: 50096K->6637K(50176K)] 104882K->70687K(163840K), 0.0047480 secs] [Times: user=0.03 sys=0.00, real=0.01 secs] 
297.766: Total time for which application threads were stopped: 0.0049140 seconds, Stopping threads took: 0.0000690 seconds
297.864: Application time: 0.0979430 seconds
297.864: [GC [PSYoungGen: 50153K->6637K(50176K)] 114203K->81419K(163840K), 0.0053170 secs] [Times: user=0.04 sys=0.00, real=0.00 secs] 
297.869: Total time for which application threads were stopped: 0.0054900 seconds, Stopping threads took: 0.0000830 seconds
297.886: Application time: 0.0164430 seconds
297.886: [GC [PSYoungGen: 50123K->6637K(50176K)] 124905K->83557K(163840K), 0.0028160 secs] [Times: user=0.02 sys=0.00, real=0.00 secs] 
297.889: Total time for which application threads were stopped: 0.0029770 seconds, Stopping threads took: 0.0000740 seconds
297.904: Application time: 0.0158300 seconds
297.904: [GC [PSYoungGen: 50124K->6637K(50176K)] 127044K->89970K(163840K), 0.0040920 secs] [Times: user=0.02 sys=0.00, real=0.00 secs] 
297.909: Total time for which application threads were stopped: 0.0042600 seconds, Stopping threads took: 0.0000840 seconds
297.965: Application time: 0.0568530 seconds
297.966: [GC [PSYoungGen: 50123K->6637K(50176K)] 133457K->94253K(163840K), 0.0034230 secs] [Times: user=0.02 sys=0.00, real=0.00 secs] 
297.969: Total time for which application threads were stopped: 0.0035770 seconds, Stopping threads took: 0.0000700 seconds
298.123: Application time: 0.1538370 seconds
298.123: [GC [PSYoungGen: 50119K->6637K(50176K)] 137736K->103516K(163840K), 0.0047910 secs] [Times: user=0.03 sys=0.00, real=0.00 secs] 
298.128: Total time for which application threads were stopped: 0.0049670 seconds, Stopping threads took: 0.0000910 seconds
298.163: Application time: 0.0347990 seconds
298.163: [GC [PSYoungGen: 50149K->6636K(50176K)] 147029K->109961K(163840K), 0.0042180 secs] [Times: user=0.03 sys=0.00, real=0.00 secs] 
298.167: [Full GC [PSYoungGen: 6636K->0K(50176K)] [ParOldGen: 103324K->28422K(113664K)] 109961K->28422K(163840K) [PSPermGen: 6125K->6125K(21504K)], 0.0101620 secs] [Times: user=0.06 sys=0.00, real=0.01 secs] 
298.177: Total time for which application threads were stopped: 0.0146010 seconds, Stopping threads took: 0.0000810 seconds
298.194: Application time: 0.0165330 seconds
298.194: [GC [PSYoungGen: 43486K->4435K(50176K)] 71908K->32857K(163840K), 0.0015760 secs] [Times: user=0.01 sys=0.00, real=0.00 secs] 
298.196: Total time for which application threads were stopped: 0.0017650 seconds, Stopping threads took: 0.0001120 seconds
298.211: Application time: 0.0155980 seconds
298.211: [GC [PSYoungGen: 47918K->6637K(50176K)] 76340K->35059K(163840K), 0.0023050 secs] [Times: user=0.02 sys=0.00, real=0.00 secs] 
298.214: Total time for which application threads were stopped: 0.0024770 seconds, Stopping threads took: 0.0000860 seconds
298.334: Application time: 0.1199530 seconds
298.334: [GC [PSYoungGen: 50142K->6604K(50176K)] 78564K->46427K(163840K), 0.0053190 secs] [Times: user=0.04 sys=0.00, real=0.00 secs] 
298.339: Total time for which application threads were stopped: 0.0054800 seconds, Stopping threads took: 0.0000680 seconds
298.504: Application time: 0.1652800 seconds
298.504: [GC [PSYoungGen: 50086K->6604K(50176K)] 89908K->55690K(163840K), 0.0047020 secs] [Times: user=0.03 sys=0.00, real=0.00 secs] 
298.509: Total time for which application threads were stopped: 0.0048560 seconds, Stopping threads took: 0.0000710 seconds
298.583: Application time: 0.0736420 seconds
298.584: [GC [PSYoungGen: 49439K->6636K(50176K)] 98525K->64993K(163840K), 0.0048560 secs] [Times: user=0.04 sys=0.00, real=0.00 secs] 
298.588: Total time for which application threads were stopped: 0.0055640 seconds, Stopping threads took: 0.0006240 seconds
298.600: Application time: 0.0120450 seconds
298.601: [GC [PSYoungGen: 50110K->6636K(50176K)] 108467K->66418K(163840K), 0.0027380 secs] [Times: user=0.02 sys=0.00, real=0.01 secs] 
298.603: Total time for which application threads were stopped: 0.0029910 seconds, Stopping threads took: 0.0001670 seconds
298.614: Application time: 0.0107930 seconds
298.614: [GC [PSYoungGen: 50119K->6636K(50176K)] 109900K->69292K(163840K), 0.0031900 secs] [Times: user=0.03 sys=0.00, real=0.00 secs] 
298.618: Total time for which application threads were stopped: 0.0033940 seconds, Stopping threads took: 0.0001220 seconds
298.629: Application time: 0.0114160 seconds
298.629: [GC [PSYoungGen: 50118K->6637K(50176K)] 112774K->71438K(163840K), 0.0029530 secs] [Times: user=0.02 sys=0.00, real=0.01 secs] 
298.632: Total time for which application threads were stopped: 0.0031230 seconds, Stopping threads took: 0.0000860 seconds
298.643: Application time: 0.0105560 seconds
298.644: [GC [PSYoungGen: 50120K->6589K(50176K)] 114921K->71390K(163840K), 0.0023240 secs] [Times: user=0.01 sys=0.00, real=0.00 secs] 
298.646: Total time for which application threads were stopped: 0.0031580 seconds, Stopping threads took: 0.0007470 seconds
298.656: Application time: 0.0103130 seconds
298.656: [GC [PSYoungGen: 50083K->6636K(50176K)] 114884K->75001K(163840K), 0.0033020 secs] [Times: user=0.03 sys=0.00, real=0.00 secs] 
298.660: Total time for which application threads were stopped: 0.0035100 seconds, Stopping threads took: 0.0001230 seconds
298.738: Application time: 0.0784310 seconds
298.738: [GC [PSYoungGen: 49446K->6652K(50176K)] 117810K->83607K(163840K), 0.0045970 secs] [Times: user=0.03 sys=0.00, real=0.01 secs] 
298.743: Total time for which application threads were stopped: 0.0048060 seconds, Stopping threads took: 0.0001250 seconds
298.761: Application time: 0.0177410 seconds
298.761: [GC [PSYoungGen: 50130K->6652K(50176K)] 127085K->87170K(163840K), 0.0034090 secs] [Times: user=0.03 sys=0.00, real=0.01 secs] 
298.764: Total time for which application threads were stopped: 0.0035770 seconds, Stopping threads took: 0.0000840 seconds
298.784: Application time: 0.0195660 seconds
298.784: [GC [PSYoungGen: 50139K->6604K(50176K)] 130656K->87834K(163840K), 0.0026310 secs] [Times: user=0.02 sys=0.00, real=0.00 secs] 
298.787: Total time for which application threads were stopped: 0.0027990 seconds, Stopping threads took: 0.0000850 seconds
298.818: Application time: 0.0312500 seconds
298.818: [GC [PSYoungGen: 50102K->6004K(50176K)] 131332K->91509K(163840K), 0.0031260 secs] [Times: user=0.03 sys=0.00, real=0.00 secs] 
298.821: Total time for which application threads were stopped: 0.0032780 seconds, Stopping threads took: 0.0000620 seconds
298.985: Application time: 0.1638000 seconds
298.985: [GC [PSYoungGen: 49484K->6004K(50176K)] 134989K->102197K(163840K), 0.0049790 secs] [Times: user=0.03 sys=0.00, real=0.01 secs] 
298.990: Total time for which application threads were stopped: 0.0051630 seconds, Stopping threads took: 0.0000910 seconds
299.165: Application time: 0.1752250 seconds
299.166: [GC [PSYoungGen: 49492K->6652K(50176K)] 145685K->113549K(163840K), 0.0051520 secs] [Times: user=0.04 sys=0.00, real=0.01 secs] 
299.171: [Full GC [PSYoungGen: 6652K->0K(50176K)] [ParOldGen: 106896K->29133K(113664K)] 113549K->29133K(163840K) [PSPermGen: 6125K->6125K(21504K)], 0.0103780 secs] [Times: user=0.05 sys=0.00, real=0.00 secs] 
299.181: Total time for which application threads were stopped: 0.0157320 seconds, Stopping threads took: 0.0000700 seconds
299.249: Application time: 0.0678020 seconds
299.249: [GC [PSYoungGen: 43514K->6508K(50176K)] 72648K->40630K(163840K), 0.0036840 secs] [Times: user=0.03 sys=0.00, real=0.01 secs] 
299.253: Total time for which application threads were stopped: 0.0038530 seconds, Stopping threads took: 0.0000840 seconds
299.267: Application time: 0.0145830 seconds
299.268: [GC [PSYoungGen: 50021K->6540K(50176K)] 84143K->45649K(163840K), 0.0039430 secs] [Times: user=0.03 sys=0.00, real=0.01 secs] 
299.272: Total time for which application threads were stopped: 0.0042210 seconds, Stopping threads took: 0.0001980 seconds
299.283: Application time: 0.0117980 seconds
299.284: [GC [PSYoungGen: 50020K->6604K(50176K)] 89129K->47851K(163840K), 0.0029220 secs] [Times: user=0.03 sys=0.00, real=0.00 secs] 
299.287: Total time for which application threads were stopped: 0.0038040 seconds, Stopping threads took: 0.0007980 seconds
299.301: Application time: 0.0135670 seconds
299.302: [GC [PSYoungGen: 50090K->6636K(50176K)] 91337K->47899K(163840K), 0.0022880 secs] [Times: user=0.02 sys=0.00, real=0.01 secs] 
299.304: Total time for which application threads were stopped: 0.0032060 seconds, Stopping threads took: 0.0008290 seconds
299.314: Application time: 0.0100300 seconds
299.315: [GC [PSYoungGen: 50110K->6556K(50176K)] 91372K->48532K(163840K), 0.0025030 secs] [Times: user=0.02 sys=0.00, real=0.00 secs] 
299.317: Total time for which application threads were stopped: 0.0033580 seconds, Stopping threads took: 0.0007730 seconds
299.330: Application time: 0.0125970 seconds
299.330: [GC [PSYoungGen: 50047K->6636K(50176K)] 92023K->51462K(163840K), 0.0032560 secs] [Times: user=0.02 sys=0.00, real=0.00 secs] 
299.333: Total time for which application threads were stopped: 0.0035220 seconds, Stopping threads took: 0.0001630 seconds
299.480: Application time: 0.1467270 seconds
299.480: [GC [PSYoungGen: 50134K->6572K(50176K)] 94959K->62085K(163840K), 0.0050850 secs] [Times: user=0.03 sys=0.00, real=0.01 secs] 
299.485: Total time for which application threads were stopped: 0.0052310 seconds, Stopping threads took: 0.0000620 seconds
299.649: Application time: 0.1639160 seconds
299.649: [GC [PSYoungGen: 50065K->6636K(50176K)] 105578K->71420K(163840K), 0.0045790 secs] [Times: user=0.04 sys=0.00, real=0.01 secs] 
299.654: Total time for which application threads were stopped: 0.0047370 seconds, Stopping threads took: 0.0000670 seconds
299.844: Application time: 0.1898720 seconds
299.844: [GC [PSYoungGen: 50125K->6636K(50176K)] 114909K->82116K(163840K), 0.0051610 secs] [Times: user=0.04 sys=0.00, real=0.00 secs] 
299.849: Total time for which application threads were stopped: 0.0053200 seconds, Stopping threads took: 0.0000740 seconds
300.031: Application time: 0.1816170 seconds
300.031: [GC [PSYoungGen: 50125K->6636K(50176K)] 125605K->89986K(163840K), 0.0043040 secs] [Times: user=0.02 sys=0.00, real=0.00 secs] 
300.035: Total time for which application threads were stopped: 0.0044430 seconds, Stopping threads took: 0.0000570 seconds
300.194: Application time: 0.1582530 seconds
300.194: [GC [PSYoungGen: 50131K->5956K(50176K)] 133481K->99993K(163840K), 0.0049140 secs] [Times: user=0.04 sys=0.00, real=0.00 secs] 
300.199: Total time for which application threads were stopped: 0.0050770 seconds, Stopping threads took: 0.0000680 seconds
300.374: Application time: 0.1751040 seconds
300.374: [GC [PSYoungGen: 49454K->5956K(50176K)] 143491K->111394K(163840K), 0.0050980 secs] [Times: user=0.04 sys=0.00, real=0.00 secs] 
300.379: [Full GC [PSYoungGen: 5956K->0K(50176K)] [ParOldGen: 105438K->29134K(113664K)] 111394K->29134K(163840K) [PSPermGen: 6125K->6125K(21504K)], 0.0106780 secs] [Times: user=0.05 sys=0.00, real=0.01 secs] 
300.390: Total time for which application threads were stopped: 0.0159710 seconds, Stopping threads took: 0.0000610 seconds
300.570: Application time: 0.1805250 seconds
300.570: [GC [PSYoungGen: 43481K->6444K(50176K)] 72615K->44841K(163840K), 0.0047000 secs] [Times: user=0.03 sys=0.00, real=0.00 secs] 
300.575: Total time for which application threads were stopped: 0.0048410 seconds, Stopping threads took: 0.0000600 seconds
300.736: Application time: 0.1605000 seconds
300.736: [GC [PSYoungGen: 49952K->6604K(50176K)] 88349K->56402K(163840K), 0.0051800 secs] [Times: user=0.04 sys=0.00, real=0.00 secs] 
300.741: Total time for which application threads were stopped: 0.0053400 seconds, Stopping threads took: 0.0000660 seconds
300.889: Application time: 0.1479290 seconds
300.889: [GC [PSYoungGen: 50095K->6604K(50176K)] 99892K->67091K(163840K), 0.0051480 secs] [Times: user=0.04 sys=0.00, real=0.01 secs] 
300.894: Total time for which application threads were stopped: 0.0053000 seconds, Stopping threads took: 0.0000680 seconds
301.050: Application time: 0.1561250 seconds
301.050: [GC [PSYoungGen: 50095K->6636K(50176K)] 110581K->77106K(163840K), 0.0049030 secs] [Times: user=0.04 sys=0.00, real=0.00 secs] 
301.055: Total time for which application threads were stopped: 0.0050480 seconds, Stopping threads took: 0.0000630 seconds
301.196: Application time: 0.1404880 seconds
301.196: [GC [PSYoungGen: 49447K->6636K(50176K)] 119917K->87098K(163840K), 0.0049340 secs] [Times: user=0.04 sys=0.00, real=0.00 secs] 
301.201: Total time for which application threads were stopped: 0.0050800 seconds, Stopping threads took: 0.0000640 seconds
301.218: Application time: 0.0171510 seconds
301.218: [GC [PSYoungGen: 50113K->6636K(50176K)] 130574K->90661K(163840K), 0.0033610 secs] [Times: user=0.02 sys=0.00, real=0.00 secs] 
301.222: Total time for which application threads were stopped: 0.0035220 seconds, Stopping threads took: 0.0000750 seconds
301.239: Application time: 0.0176170 seconds
301.239: [GC [PSYoungGen: 50124K->5956K(50176K)] 134149K->92118K(163840K), 0.0028140 secs] [Times: user=0.02 sys=0.00, real=0.01 secs] 
301.242: Total time for which application threads were stopped: 0.0029840 seconds, Stopping threads took: 0.0000750 seconds
301.256: Application time: 0.0135080 seconds
301.256: [GC [PSYoungGen: 49448K->6637K(50176K)] 135610K->93511K(163840K), 0.0024010 secs] [Times: user=0.01 sys=0.00, real=0.00 secs] 
301.258: Total time for which application threads were stopped: 0.0025550 seconds, Stopping threads took: 0.0000700 seconds
301.395: Application time: 0.1371800 seconds
301.396: [GC [PSYoungGen: 50119K->6637K(50176K)] 136994K->103527K(163840K), 0.0049430 secs] [Times: user=0.03 sys=0.00, real=0.00 secs] 
301.401: [Full GC [PSYoungGen: 6637K->0K(50176K)] [ParOldGen: 96890K->26284K(113664K)] 103527K->26284K(163840K) [PSPermGen: 6125K->6125K(21504K)], 0.0099560 secs] [Times: user=0.05 sys=0.01, real=0.02 secs] 
301.411: Total time for which application threads were stopped: 0.0150990 seconds, Stopping threads took: 0.0000670 seconds
301.546: Application time: 0.1355430 seconds
301.546: [GC [PSYoungGen: 43499K->6509K(50176K)] 69784K->42769K(163840K), 0.0049580 secs] [Times: user=0.04 sys=0.00, real=0.01 secs] 
301.551: Total time for which application threads were stopped: 0.0051130 seconds, Stopping threads took: 0.0000720 seconds
301.701: Application time: 0.1500190 seconds
301.701: [GC [PSYoungGen: 50000K->6573K(50176K)] 86261K->52809K(163840K), 0.0049170 secs] [Times: user=0.04 sys=0.00, real=0.01 secs] 
301.706: Total time for which application threads were stopped: 0.0050700 seconds, Stopping threads took: 0.0000710 seconds
301.805: Application time: 0.0989480 seconds
301.805: [GC [PSYoungGen: 50089K->6604K(50176K)] 96325K->63530K(163840K), 0.0053010 secs] [Times: user=0.04 sys=0.00, real=0.01 secs] 
301.811: Total time for which application threads were stopped: 0.0055030 seconds, Stopping threads took: 0.0001070 seconds
301.827: Application time: 0.0161060 seconds
301.827: [GC [PSYoungGen: 50089K->6604K(50176K)] 107014K->65667K(163840K), 0.0028560 secs] [Times: user=0.02 sys=0.00, real=0.00 secs] 
301.830: Total time for which application threads were stopped: 0.0029950 seconds, Stopping threads took: 0.0000610 seconds
301.846: Application time: 0.0160210 seconds
301.846: [GC [PSYoungGen: 50088K->6605K(50176K)] 109151K->70656K(163840K), 0.0037060 secs] [Times: user=0.03 sys=0.00, real=0.00 secs] 
301.850: Total time for which application threads were stopped: 0.0038830 seconds, Stopping threads took: 0.0000940 seconds
301.900: Application time: 0.0503530 seconds
301.900: [GC [PSYoungGen: 50095K->6605K(50176K)] 114146K->76356K(163840K), 0.0037860 secs] [Times: user=0.03 sys=0.00, real=0.01 secs] 
301.904: Total time for which application threads were stopped: 0.0039560 seconds, Stopping threads took: 0.0000790 seconds
301.965: Application time: 0.0607760 seconds
301.965: [GC [PSYoungGen: 50122K->6636K(50176K)] 119873K->86372K(163840K), 0.0051250 secs] [Times: user=0.04 sys=0.00, real=0.01 secs] 
301.970: Total time for which application threads were stopped: 0.0052900 seconds, Stopping threads took: 0.0000790 seconds
301.984: Application time: 0.0141480 seconds
301.984: [GC [PSYoungGen: 50118K->6605K(50176K)] 129853K->90615K(163840K), 0.0035950 secs] [Times: user=0.02 sys=0.00, real=0.00 secs] 
301.988: Total time for which application threads were stopped: 0.0037680 seconds, Stopping threads took: 0.0000870 seconds
302.003: Application time: 0.0150830 seconds
302.003: [GC [PSYoungGen: 50088K->6637K(50176K)] 134099K->93498K(163840K), 0.0032450 secs] [Times: user=0.03 sys=0.00, real=0.00 secs] 
302.007: Total time for which application threads were stopped: 0.0034150 seconds, Stopping threads took: 0.0000860 seconds
302.093: Application time: 0.0859610 seconds
302.093: [GC [PSYoungGen: 50135K->6604K(50176K)] 136996K->103441K(163840K), 0.0050060 secs] [Times: user=0.03 sys=0.00, real=0.00 secs] 
302.098: Total time for which application threads were stopped: 0.0051570 seconds, Stopping threads took: 0.0000680 seconds
302.256: Application time: 0.1583010 seconds
302.256: [GC [PSYoungGen: 50103K->6636K(50176K)] 146940K->114918K(163840K), 0.0053900 secs] [Times: user=0.03 sys=0.00, real=0.00 secs] 
302.262: [Full GC [PSYoungGen: 6636K->0K(50176K)] [ParOldGen: 108281K->31487K(113664K)] 114918K->31487K(163840K) [PSPermGen: 6125K->6125K(21504K)], 0.0099780 secs] [Times: user=0.06 sys=0.00, real=0.02 secs] 
302.272: Total time for which application threads were stopped: 0.0155750 seconds, Stopping threads took: 0.0000710 seconds
302.442: Application time: 0.1700560 seconds
302.442: [GC [PSYoungGen: 43481K->6412K(50176K)] 74968K->47163K(163840K), 0.0047420 secs] [Times: user=0.03 sys=0.00, real=0.01 secs] 
302.447: Total time for which application threads were stopped: 0.0049060 seconds, Stopping threads took: 0.0000650 seconds
302.516: Application time: 0.0693700 seconds
302.516: [GC [PSYoungGen: 49931K->6476K(50176K)] 90681K->56490K(163840K), 0.0048320 secs] [Times: user=0.04 sys=0.00, real=0.00 secs] 
302.521: Total time for which application threads were stopped: 0.0050040 seconds, Stopping threads took: 0.0000870 seconds
302.534: Application time: 0.0133130 seconds
302.534: [GC [PSYoungGen: 49753K->6556K(50176K)] 99766K->60845K(163840K), 0.0035200 secs] [Times: user=0.03 sys=0.00, real=0.00 secs] 
302.538: Total time for which application threads were stopped: 0.0036850 seconds, Stopping threads took: 0.0000780 seconds
302.552: Application time: 0.0137860 seconds
302.552: [GC [PSYoungGen: 49564K->6604K(50176K)] 103852K->63031K(163840K), 0.0029910 secs] [Times: user=0.02 sys=0.00, real=0.00 secs] 
302.555: Total time for which application threads were stopped: 0.0031550 seconds, Stopping threads took: 0.0000780 seconds
302.565: Application time: 0.0096730 seconds
302.565: [GC [PSYoungGen: 50079K->6604K(50176K)] 106505K->65168K(163840K), 0.0029930 secs] [Times: user=0.02 sys=0.00, real=0.00 secs] 
302.568: Total time for which application threads were stopped: 0.0031560 seconds, Stopping threads took: 0.0000790 seconds
302.584: Application time: 0.0158200 seconds
302.584: [GC [PSYoungGen: 50099K->6636K(50176K)] 108663K->68050K(163840K), 0.0031580 secs] [Times: user=0.03 sys=0.00, real=0.00 secs] 
302.587: Total time for which application threads were stopped: 0.0033220 seconds, Stopping threads took: 0.0000770 seconds
302.602: Application time: 0.0147330 seconds
302.602: [GC [PSYoungGen: 50119K->6604K(50176K)] 111534K->70156K(163840K), 0.0030160 secs] [Times: user=0.02 sys=0.00, real=0.01 secs] 
302.605: Total time for which application threads were stopped: 0.0032000 seconds, Stopping threads took: 0.0000950 seconds
302.673: Application time: 0.0685310 seconds
302.673: [GC [PSYoungGen: 49414K->6604K(50176K)] 112966K->78706K(163840K), 0.0047430 secs] [Times: user=0.04 sys=0.00, real=0.00 secs] 
302.678: Total time for which application threads were stopped: 0.0049150 seconds, Stopping threads took: 0.0000880 seconds
302.693: Application time: 0.0149550 seconds
302.693: [GC [PSYoungGen: 50082K->6588K(50176K)] 122184K->83678K(163840K), 0.0037190 secs] [Times: user=0.03 sys=0.00, real=0.00 secs] 
302.697: Total time for which application threads were stopped: 0.0039010 seconds, Stopping threads took: 0.0000960 seconds
302.715: Application time: 0.0178900 seconds
302.715: [GC [PSYoungGen: 50071K->6636K(50176K)] 127161K->88722K(163840K), 0.0036680 secs] [Times: user=0.03 sys=0.00, real=0.00 secs] 
302.719: Total time for which application threads were stopped: 0.0038420 seconds, Stopping threads took: 0.0000890 seconds
302.767: Application time: 0.0479680 seconds
302.767: [GC [PSYoungGen: 50130K->6636K(50176K)] 132215K->90155K(163840K), 0.0025670 secs] [Times: user=0.02 sys=0.00, real=0.00 secs] 
302.770: Total time for which application threads were stopped: 0.0027020 seconds, Stopping threads took: 0.0000550 seconds
302.924: Application time: 0.1540260 seconds
302.924: [GC [PSYoungGen: 50131K->6636K(50176K)] 133649K->100130K(163840K), 0.0049200 secs] [Times: user=0.03 sys=0.00, real=0.00 secs] 
302.929: Total time for which application threads were stopped: 0.0050790 seconds, Stopping threads took: 0.0000710 seconds
303.026: Application time: 0.0975100 seconds
303.026: [GC [PSYoungGen: 50151K->6652K(50176K)] 143645K->110882K(163840K), 0.0054060 secs] [Times: user=0.04 sys=0.00, real=0.01 secs] 
303.032: [Full GC [PSYoungGen: 6652K->0K(50176K)] [ParOldGen: 104229K->28421K(113664K)] 110882K->28421K(163840K) [PSPermGen: 6125K->6125K(21504K)], 0.0101990 secs] [Times: user=0.06 sys=0.00, real=0.00 secs] 
303.042: Total time for which application threads were stopped: 0.0158450 seconds, Stopping threads took: 0.0000820 seconds
303.060: Application time: 0.0182280 seconds
303.060: [GC [PSYoungGen: 43482K->1585K(50176K)] 71903K->30006K(163840K), 0.0007010 secs] [Times: user=0.01 sys=0.00, real=0.00 secs] 
303.061: Total time for which application threads were stopped: 0.0008780 seconds, Stopping threads took: 0.0001120 seconds
303.077: Application time: 0.0156020 seconds
303.077: [GC [PSYoungGen: 45068K->4403K(50176K)] 73489K->32825K(163840K), 0.0016900 secs] [Times: user=0.01 sys=0.00, real=0.00 secs] 
303.079: Total time for which application threads were stopped: 0.0018590 seconds, Stopping threads took: 0.0000930 seconds
303.169: Application time: 0.0900090 seconds
303.169: [GC [PSYoungGen: 47894K->6476K(50176K)] 76316K->45586K(163840K), 0.0050570 secs] [Times: user=0.03 sys=0.00, real=0.01 secs] 
303.174: Total time for which application threads were stopped: 0.0052030 seconds, Stopping threads took: 0.0000640 seconds
303.207: Application time: 0.0336420 seconds
303.208: [GC [PSYoungGen: 49285K->6604K(50176K)] 88394K->51414K(163840K), 0.0039140 secs] [Times: user=0.03 sys=0.01, real=0.01 secs] 
303.212: Total time for which application threads were stopped: 0.0040770 seconds, Stopping threads took: 0.0000770 seconds
303.228: Application time: 0.0167730 seconds
303.228: [GC [PSYoungGen: 50082K->6572K(50176K)] 94891K->53519K(163840K), 0.0029590 secs] [Times: user=0.02 sys=0.00, real=0.01 secs] 
303.231: Total time for which application threads were stopped: 0.0031290 seconds, Stopping threads took: 0.0000860 seconds
303.244: Application time: 0.0124520 seconds
303.244: [GC [PSYoungGen: 50055K->6636K(50176K)] 97002K->55721K(163840K), 0.0030120 secs] [Times: user=0.02 sys=0.00, real=0.00 secs] 
303.247: Total time for which application threads were stopped: 0.0031790 seconds, Stopping threads took: 0.0000810 seconds
303.400: Application time: 0.1528240 seconds
303.400: [GC [PSYoungGen: 50124K->6508K(50176K)] 99209K->65568K(163840K), 0.0048590 secs] [Times: user=0.04 sys=0.00, real=0.01 secs] 
303.405: Total time for which application threads were stopped: 0.0050100 seconds, Stopping threads took: 0.0000670 seconds
303.571: Application time: 0.1660440 seconds
303.571: [GC [PSYoungGen: 50003K->6636K(50176K)] 109063K->75672K(163840K), 0.0049030 secs] [Times: user=0.04 sys=0.00, real=0.00 secs] 
303.576: Total time for which application threads were stopped: 0.0050590 seconds, Stopping threads took: 0.0000610 seconds
303.761: Application time: 0.1846130 seconds
303.761: [GC [PSYoungGen: 50133K->6636K(50176K)] 119168K->86367K(163840K), 0.0051040 secs] [Times: user=0.04 sys=0.00, real=0.01 secs] 
303.766: Total time for which application threads were stopped: 0.0052690 seconds, Stopping threads took: 0.0000810 seconds
303.921: Application time: 0.1549460 seconds
303.921: [GC [PSYoungGen: 50125K->5956K(50176K)] 129857K->97087K(163840K), 0.0051810 secs] [Times: user=0.04 sys=0.00, real=0.01 secs] 
303.926: Total time for which application threads were stopped: 0.0053600 seconds, Stopping threads took: 0.0000940 seconds
304.112: Application time: 0.1860590 seconds
304.112: [GC [PSYoungGen: 49460K->5988K(50176K)] 140592K->108520K(163840K), 0.0050860 secs] [Times: user=0.04 sys=0.00, real=0.00 secs] 
304.117: [Full GC [PSYoungGen: 5988K->0K(50176K)] [ParOldGen: 102532K->28422K(113664K)] 108520K->28422K(163840K) [PSPermGen: 6125K->6125K(21504K)], 0.0100460 secs] [Times: user=0.06 sys=0.00, real=0.01 secs] 
304.128: Total time for which application threads were stopped: 0.0153360 seconds, Stopping threads took: 0.0000580 seconds
304.287: Application time: 0.1595200 seconds
304.287: [GC [PSYoungGen: 43481K->6412K(50176K)] 71903K->44098K(163840K), 0.0047450 secs] [Times: user=0.04 sys=0.00, real=0.01 secs] 
304.292: Total time for which application threads were stopped: 0.0048960 seconds, Stopping threads took: 0.0000700 seconds
304.461: Application time: 0.1687280 seconds
304.461: [GC [PSYoungGen: 49902K->6444K(50176K)] 87587K->53393K(163840K), 0.0045950 secs] [Times: user=0.03 sys=0.00, real=0.01 secs] 
304.465: Total time for which application threads were stopped: 0.0047380 seconds, Stopping threads took: 0.0000600 seconds
304.628: Application time: 0.1629380 seconds
304.629: [GC [PSYoungGen: 49943K->6636K(50176K)] 96892K->64273K(163840K), 0.0049960 secs] [Times: user=0.04 sys=0.00, real=0.01 secs] 
304.634: Total time for which application threads were stopped: 0.0051550 seconds, Stopping threads took: 0.0000590 seconds
304.774: Application time: 0.1401030 seconds
304.774: [GC [PSYoungGen: 50136K->6604K(50176K)] 107772K->74929K(163840K), 0.0051440 secs] [Times: user=0.04 sys=0.00, real=0.00 secs] 
304.779: Total time for which application threads were stopped: 0.0052940 seconds, Stopping threads took: 0.0000620 seconds
304.925: Application time: 0.1461470 seconds
304.925: [GC [PSYoungGen: 50086K->6604K(50176K)] 118411K->84905K(163840K), 0.0049610 secs] [Times: user=0.04 sys=0.00, real=0.01 secs] 
304.930: Total time for which application threads were stopped: 0.0051260 seconds, Stopping threads took: 0.0000820 seconds
305.033: Application time: 0.1023770 seconds
305.033: [GC [PSYoungGen: 49425K->5988K(50176K)] 127726K->95689K(163840K), 0.0052670 secs] [Times: user=0.03 sys=0.00, real=0.00 secs] 
305.038: Total time for which application threads were stopped: 0.0054270 seconds, Stopping threads took: 0.0000700 seconds
305.056: Application time: 0.0181090 seconds
305.056: [GC [PSYoungGen: 49468K->5956K(50176K)] 139169K->95657K(163840K), 0.0020480 secs] [Times: user=0.02 sys=0.00, real=0.00 secs] 
305.058: Total time for which application threads were stopped: 0.0022250 seconds, Stopping threads took: 0.0000930 seconds
305.075: Application time: 0.0163780 seconds
305.075: [GC [PSYoungGen: 49440K->5956K(50176K)] 139141K->101358K(163840K), 0.0037480 secs] [Times: user=0.02 sys=0.00, real=0.00 secs] 
305.079: Total time for which application threads were stopped: 0.0039170 seconds, Stopping threads took: 0.0000840 seconds
305.104: Application time: 0.0249680 seconds
305.104: [GC [PSYoungGen: 49444K->6636K(50176K)] 144846K->107755K(163840K), 0.0037710 secs] [Times: user=0.03 sys=0.00, real=0.00 secs] 
305.108: [Full GC [PSYoungGen: 6636K->0K(50176K)] [ParOldGen: 101118K->26285K(113664K)] 107755K->26285K(163840K) [PSPermGen: 6125K->6125K(21504K)], 0.0099130 secs] [Times: user=0.05 sys=0.00, real=0.01 secs] 
305.118: Total time for which application threads were stopped: 0.0138950 seconds, Stopping threads took: 0.0000760 seconds
305.284: Application time: 0.1663000 seconds
305.284: [GC [PSYoungGen: 43482K->6413K(50176K)] 69767K->41961K(163840K), 0.0047180 secs] [Times: user=0.04 sys=0.00, real=0.00 secs] 
305.289: Total time for which application threads were stopped: 0.0048850 seconds, Stopping threads took: 0.0000720 seconds
305.434: Application time: 0.1448580 seconds
305.434: [GC [PSYoungGen: 49904K->6541K(50176K)] 85452K->51353K(163840K), 0.0046500 secs] [Times: user=0.03 sys=0.00, real=0.00 secs] 
305.438: Total time for which application threads were stopped: 0.0048030 seconds, Stopping threads took: 0.0000710 seconds
305.586: Application time: 0.1471860 seconds
305.586: [GC [PSYoungGen: 50040K->6573K(50176K)] 94852K->61360K(163840K), 0.0049170 secs] [Times: user=0.04 sys=0.00, real=0.01 secs] 
305.591: Total time for which application threads were stopped: 0.0050690 seconds, Stopping threads took: 0.0000660 seconds
305.655: Application time: 0.0640930 seconds
305.655: [GC [PSYoungGen: 50088K->6605K(50176K)] 104876K->71368K(163840K), 0.0051030 secs] [Times: user=0.04 sys=0.00, real=0.00 secs] 
305.660: Total time for which application threads were stopped: 0.0052780 seconds, Stopping threads took: 0.0000900 seconds
305.677: Application time: 0.0170730 seconds
305.677: [GC [PSYoungGen: 50087K->6637K(50176K)] 114851K->71408K(163840K), 0.0023590 secs] [Times: user=0.02 sys=0.00, real=0.00 secs] 
305.680: Total time for which application threads were stopped: 0.0025310 seconds, Stopping threads took: 0.0000850 seconds
305.696: Application time: 0.0163110 seconds
305.696: [GC [PSYoungGen: 50122K->6605K(50176K)] 114894K->74939K(163840K), 0.0034050 secs] [Times: user=0.03 sys=0.00, real=0.00 secs] 
305.700: Total time for which application threads were stopped: 0.0035780 seconds, Stopping threads took: 0.0000880 seconds
305.739: Application time: 0.0396780 seconds
305.739: [GC [PSYoungGen: 49413K->6637K(50176K)] 117747K->82817K(163840K), 0.0045430 secs] [Times: user=0.04 sys=0.00, real=0.01 secs] 
305.744: Total time for which application threads were stopped: 0.0047100 seconds, Stopping threads took: 0.0000790 seconds
305.760: Application time: 0.0159730 seconds
305.760: [GC [PSYoungGen: 50115K->6636K(50176K)] 126295K->84955K(163840K), 0.0029350 secs] [Times: user=0.02 sys=0.00, real=0.01 secs] 
305.763: Total time for which application threads were stopped: 0.0031740 seconds, Stopping threads took: 0.0001560 seconds
305.782: Application time: 0.0188020 seconds
305.782: [GC [PSYoungGen: 50119K->6605K(50176K)] 128438K->88486K(163840K), 0.0033040 secs] [Times: user=0.02 sys=0.00, real=0.00 secs] 
305.785: Total time for which application threads were stopped: 0.0034800 seconds, Stopping threads took: 0.0000950 seconds
305.819: Application time: 0.0332750 seconds
305.819: [GC [PSYoungGen: 50100K->6637K(50176K)] 131981K->92801K(163840K), 0.0033620 secs] [Times: user=0.02 sys=0.00, real=0.01 secs] 
305.822: Total time for which application threads were stopped: 0.0035370 seconds, Stopping threads took: 0.0000820 seconds
305.983: Application time: 0.1609030 seconds
305.983: [GC [PSYoungGen: 50142K->6637K(50176K)] 136307K->103533K(163840K), 0.0051210 secs] [Times: user=0.03 sys=0.00, real=0.00 secs] 
305.988: Total time for which application threads were stopped: 0.0052650 seconds, Stopping threads took: 0.0000580 seconds
306.151: Application time: 0.1622030 seconds
306.151: [GC [PSYoungGen: 50118K->6636K(50176K)] 147015K->113517K(163840K), 0.0049250 secs] [Times: user=0.04 sys=0.00, real=0.00 secs] 
306.156: [Full GC [PSYoungGen: 6636K->0K(50176K)] [ParOldGen: 106880K->29356K(113664K)] 113517K->29356K(163840K) [PSPermGen: 6125K->6125K(21504K)], 0.0102390 secs] [Times: user=0.06 sys=0.00, real=0.01 secs] 
306.166: Total time for which application threads were stopped: 0.0153760 seconds, Stopping threads took: 0.0000750 seconds
306.334: Application time: 0.1685480 seconds
306.335: [GC [PSYoungGen: 43481K->6412K(50176K)] 72837K->45032K(163840K), 0.0047080 secs] [Times: user=0.03 sys=0.00, real=0.00 secs] 
306.339: Total time for which application threads were stopped: 0.0048740 seconds, Stopping threads took: 0.0000740 seconds
306.428: Application time: 0.0882950 seconds
306.428: [GC [PSYoungGen: 49927K->6476K(50176K)] 88547K->53647K(163840K), 0.0046500 secs] [Times: user=0.03 sys=0.00, real=0.01 secs] 
306.433: Total time for which application threads were stopped: 0.0048450 seconds, Stopping threads took: 0.0001050 seconds
306.449: Application time: 0.0165790 seconds
306.449: [GC [PSYoungGen: 49961K->6572K(50176K)] 97131K->55168K(163840K), 0.0027430 secs] [Times: user=0.01 sys=0.00, real=0.01 secs] 
306.452: Total time for which application threads were stopped: 0.0029510 seconds, Stopping threads took: 0.0001240 seconds
306.466: Application time: 0.0143860 seconds
306.467: [GC [PSYoungGen: 50057K->6572K(50176K)] 98653K->58731K(163840K), 0.0033030 secs] [Times: user=0.03 sys=0.00, real=0.00 secs] 
306.470: Total time for which application threads were stopped: 0.0035030 seconds, Stopping threads took: 0.0001160 seconds
306.497: Application time: 0.0274920 seconds
306.498: [GC [PSYoungGen: 49380K->6540K(50176K)] 101538K->64399K(163840K), 0.0039550 secs] [Times: user=0.03 sys=0.00, real=0.00 secs] 
306.502: Total time for which application threads were stopped: 0.0041300 seconds, Stopping threads took: 0.0000860 seconds
306.520: Application time: 0.0182010 seconds
306.520: [GC [PSYoungGen: 50022K->6604K(50176K)] 107881K->65175K(163840K), 0.0025020 secs] [Times: user=0.01 sys=0.00, real=0.01 secs] 
306.522: Total time for which application threads were stopped: 0.0026580 seconds, Stopping threads took: 0.0000740 seconds
306.539: Application time: 0.0164450 seconds
306.539: [GC [PSYoungGen: 50087K->6572K(50176K)] 108658K->67281K(163840K), 0.0031010 secs] [Times: user=0.02 sys=0.00, real=0.01 secs] 
306.542: Total time for which application threads were stopped: 0.0032680 seconds, Stopping threads took: 0.0000830 seconds
306.623: Application time: 0.0811480 seconds
306.623: [GC [PSYoungGen: 50062K->6540K(50176K)] 110771K->77224K(163840K), 0.0049320 secs] [Times: user=0.03 sys=0.00, real=0.00 secs] 
306.628: Total time for which application threads were stopped: 0.0050700 seconds, Stopping threads took: 0.0000560 seconds
306.662: Application time: 0.0334150 seconds
306.662: [GC [PSYoungGen: 49350K->6636K(50176K)] 120034K->85166K(163840K), 0.0045310 secs] [Times: user=0.02 sys=0.00, real=0.01 secs] 
306.667: Total time for which application threads were stopped: 0.0047250 seconds, Stopping threads took: 0.0001100 seconds
306.683: Application time: 0.0168230 seconds
306.683: [GC [PSYoungGen: 50111K->6636K(50176K)] 128641K->86591K(163840K), 0.0027760 secs] [Times: user=0.01 sys=0.01, real=0.00 secs] 
306.686: Total time for which application threads were stopped: 0.0029460 seconds, Stopping threads took: 0.0000860 seconds
306.700: Application time: 0.0133100 seconds
306.700: [GC [PSYoungGen: 50119K->6636K(50176K)] 130074K->89441K(163840K), 0.0032200 secs] [Times: user=0.02 sys=0.00, real=0.01 secs] 
306.703: Total time for which application threads were stopped: 0.0033860 seconds, Stopping threads took: 0.0000810 seconds
306.837: Application time: 0.1337750 seconds
306.837: [GC [PSYoungGen: 50134K->6636K(50176K)] 132939K->100145K(163840K), 0.0051600 secs] [Times: user=0.04 sys=0.00, real=0.01 secs] 
306.842: Total time for which application threads were stopped: 0.0053210 seconds, Stopping threads took: 0.0000700 seconds
306.910: Application time: 0.0682500 seconds
306.914: [GC [PSYoungGen: 50149K->6636K(50176K)] 143657K->109500K(163840K), 0.0048860 secs] [Times: user=0.04 sys=0.00, real=0.00 secs] 
306.919: [Full GC [PSYoungGen: 6636K->0K(50176K)] [ParOldGen: 102863K->27709K(113664K)] 109500K->27709K(163840K) [PSPermGen: 6125K->6125K(21504K)], 0.0099650 secs] [Times: user=0.05 sys=0.00, real=0.01 secs] 
306.929: Total time for which application threads were stopped: 0.0186660 seconds, Stopping threads took: 0.0036720 seconds
306.945: Application time: 0.0155660 seconds
306.945: [GC [PSYoungGen: 43432K->4435K(50176K)] 71141K->32144K(163840K), 0.0017130 secs] [Times: user=0.01 sys=0.00, real=0.00 secs] 
306.946: Total time for which application threads were stopped: 0.0019030 seconds, Stopping threads took: 0.0001120 seconds
306.960: Application time: 0.0134180 seconds
306.960: [GC [PSYoungGen: 47288K->6605K(50176K)] 74998K->35027K(163840K), 0.0025030 secs] [Times: user=0.02 sys=0.00, real=0.01 secs] 
306.963: Total time for which application threads were stopped: 0.0026690 seconds, Stopping threads took: 0.0000810 seconds
306.972: Application time: 0.0095690 seconds
306.972: [GC [PSYoungGen: 50084K->6604K(50176K)] 78506K->35739K(163840K), 0.0025080 secs] [Times: user=0.02 sys=0.00, real=0.00 secs] 
306.975: Total time for which application threads were stopped: 0.0026630 seconds, Stopping threads took: 0.0000740 seconds
306.991: Application time: 0.0160550 seconds
306.991: [GC [PSYoungGen: 50090K->5892K(50176K)] 79225K->35027K(163840K), 0.0021420 secs] [Times: user=0.02 sys=0.00, real=0.00 secs] 
306.993: Total time for which application threads were stopped: 0.0023290 seconds, Stopping threads took: 0.0001030 seconds
307.007: Application time: 0.0137390 seconds
307.007: [GC [PSYoungGen: 49380K->6508K(50176K)] 78515K->44194K(163840K), 0.0046090 secs] [Times: user=0.03 sys=0.00, real=0.01 secs] 
307.012: Total time for which application threads were stopped: 0.0047750 seconds, Stopping threads took: 0.0000830 seconds
307.149: Application time: 0.1372410 seconds
307.149: [GC [PSYoungGen: 50006K->6540K(50176K)] 87691K->54201K(163840K), 0.0047990 secs] [Times: user=0.03 sys=0.00, real=0.01 secs] 
307.154: Total time for which application threads were stopped: 0.0049660 seconds, Stopping threads took: 0.0000820 seconds
307.308: Application time: 0.1538820 seconds
307.308: [GC [PSYoungGen: 50020K->6540K(50176K)] 97681K->64889K(163840K), 0.0051220 secs] [Times: user=0.03 sys=0.00, real=0.01 secs] 
307.313: Total time for which application threads were stopped: 0.0053000 seconds, Stopping threads took: 0.0000900 seconds
307.497: Application time: 0.1836360 seconds
307.497: [GC [PSYoungGen: 50035K->6636K(50176K)] 108383K->74960K(163840K), 0.0048590 secs] [Times: user=0.04 sys=0.00, real=0.00 secs] 
307.502: Total time for which application threads were stopped: 0.0050210 seconds, Stopping threads took: 0.0000690 seconds
307.673: Application time: 0.1714000 seconds
307.673: [GC [PSYoungGen: 50133K->6636K(50176K)] 118457K->84951K(163840K), 0.0048970 secs] [Times: user=0.04 sys=0.00, real=0.00 secs] 
307.678: Total time for which application threads were stopped: 0.0050410 seconds, Stopping threads took: 0.0000570 seconds
307.865: Application time: 0.1863750 seconds
307.865: [GC [PSYoungGen: 50125K->6636K(50176K)] 128440K->95679K(163840K), 0.0050310 secs] [Times: user=0.03 sys=0.00, real=0.00 secs] 
307.870: Total time for which application threads were stopped: 0.0051890 seconds, Stopping threads took: 0.0000700 seconds
308.025: Application time: 0.1547470 seconds
308.025: [GC [PSYoungGen: 50142K->5956K(50176K)] 139185K->107112K(163840K), 0.0052730 secs] [Times: user=0.04 sys=0.00, real=0.00 secs] 
308.030: [Full GC [PSYoungGen: 5956K->0K(50176K)] [ParOldGen: 101155K->29135K(113664K)] 107112K->29135K(163840K) [PSPermGen: 6125K->6125K(21504K)], 0.0104030 secs] [Times: user=0.06 sys=0.00, real=0.00 secs] 
308.040: Total time for which application threads were stopped: 0.0159170 seconds, Stopping threads took: 0.0000830 seconds
308.220: Application time: 0.1793880 seconds
308.220: [GC [PSYoungGen: 43481K->6444K(50176K)] 72616K->44843K(163840K), 0.0046680 secs] [Times: user=0.04 sys=0.00, real=0.01 secs] 
308.225: Total time for which application threads were stopped: 0.0048140 seconds, Stopping threads took: 0.0000640 seconds
308.388: Application time: 0.1628570 seconds
308.388: [GC [PSYoungGen: 49926K->6412K(50176K)] 88324K->54786K(163840K), 0.0049310 secs] [Times: user=0.04 sys=0.00, real=0.01 secs] 
308.393: Total time for which application threads were stopped: 0.0051110 seconds, Stopping threads took: 0.0000860 seconds
308.554: Application time: 0.1617140 seconds
308.554: [GC [PSYoungGen: 49929K->6604K(50176K)] 98302K->65666K(163840K), 0.0051320 secs] [Times: user=0.04 sys=0.00, real=0.00 secs] 
308.560: Total time for which application threads were stopped: 0.0053090 seconds, Stopping threads took: 0.0000840 seconds
308.705: Application time: 0.1455440 seconds
308.705: [GC [PSYoungGen: 50095K->6636K(50176K)] 109157K->76387K(163840K), 0.0051460 secs] [Times: user=0.03 sys=0.00, real=0.01 secs] 
308.711: Total time for which application threads were stopped: 0.0053300 seconds, Stopping threads took: 0.0000980 seconds
308.881: Application time: 0.1701970 seconds
308.881: [GC [PSYoungGen: 50118K->6636K(50176K)] 119868K->85650K(163840K), 0.0047460 secs] [Times: user=0.03 sys=0.00, real=0.01 secs] 
308.886: Total time for which application threads were stopped: 0.0048920 seconds, Stopping threads took: 0.0000610 seconds
308.982: Application time: 0.0964690 seconds
308.982: [GC [PSYoungGen: 49457K->5988K(50176K)] 128470K->96402K(163840K), 0.0052740 secs] [Times: user=0.04 sys=0.00, real=0.00 secs] 
308.988: Total time for which application threads were stopped: 0.0054240 seconds, Stopping threads took: 0.0000630 seconds
309.004: Application time: 0.0160040 seconds
309.004: [GC [PSYoungGen: 49472K->6604K(50176K)] 139886K->97731K(163840K), 0.0024480 secs] [Times: user=0.02 sys=0.00, real=0.00 secs] 
309.006: Total time for which application threads were stopped: 0.0025940 seconds, Stopping threads took: 0.0000650 seconds
309.023: Application time: 0.0167740 seconds
309.023: [GC [PSYoungGen: 50089K->5956K(50176K)] 141215K->102783K(163840K), 0.0037820 secs] [Times: user=0.03 sys=0.00, real=0.00 secs] 
309.027: [Full GC [PSYoungGen: 5956K->0K(50176K)] [ParOldGen: 96827K->27711K(113664K)] 102783K->27711K(163840K) [PSPermGen: 6125K->6125K(21504K)], 0.0101580 secs] [Times: user=0.05 sys=0.00, real=0.01 secs] 
309.037: Total time for which application threads were stopped: 0.0141480 seconds, Stopping threads took: 0.0000770 seconds
309.086: Application time: 0.0492640 seconds
309.086: [GC [PSYoungGen: 43489K->6508K(50176K)] 71201K->39920K(163840K), 0.0036960 secs] [Times: user=0.03 sys=0.00, real=0.01 secs] 
309.090: Total time for which application threads were stopped: 0.0038470 seconds, Stopping threads took: 0.0000560 seconds
309.232: Application time: 0.1414270 seconds
309.232: [GC [PSYoungGen: 49991K->6541K(50176K)] 83402K->49216K(163840K), 0.0047440 secs] [Times: user=0.03 sys=0.00, real=0.00 secs] 
309.236: Total time for which application threads were stopped: 0.0049000 seconds, Stopping threads took: 0.0000720 seconds
309.381: Application time: 0.1441970 seconds
309.381: [GC [PSYoungGen: 50040K->6541K(50176K)] 92715K->58479K(163840K), 0.0046940 secs] [Times: user=0.03 sys=0.00, real=0.01 secs] 
309.386: Total time for which application threads were stopped: 0.0048460 seconds, Stopping threads took: 0.0000690 seconds
309.520: Application time: 0.1339980 seconds
309.520: [GC [PSYoungGen: 49352K->6637K(50176K)] 101290K->68551K(163840K), 0.0048940 secs] [Times: user=0.03 sys=0.00, real=0.01 secs] 
309.525: Total time for which application threads were stopped: 0.0050450 seconds, Stopping threads took: 0.0000680 seconds
309.542: Application time: 0.0176200 seconds
309.542: [GC [PSYoungGen: 50112K->6605K(50176K)] 112027K->70656K(163840K), 0.0029860 secs] [Times: user=0.01 sys=0.00, real=0.00 secs] 
309.545: Total time for which application threads were stopped: 0.0031500 seconds, Stopping threads took: 0.0000820 seconds
309.562: Application time: 0.0166700 seconds
309.562: [GC [PSYoungGen: 49982K->6653K(50176K)] 114034K->74283K(163840K), 0.0033440 secs] [Times: user=0.03 sys=0.00, real=0.00 secs] 
309.566: Total time for which application threads were stopped: 0.0035020 seconds, Stopping threads took: 0.0000750 seconds
309.577: Application time: 0.0114220 seconds
309.577: [GC [PSYoungGen: 49564K->6637K(50176K)] 117195K->77830K(163840K), 0.0033240 secs] [Times: user=0.02 sys=0.00, real=0.00 secs] 
309.581: Total time for which application threads were stopped: 0.0038500 seconds, Stopping threads took: 0.0004410 seconds
309.593: Application time: 0.0123100 seconds
309.593: [GC [PSYoungGen: 50122K->6637K(50176K)] 121315K->80680K(163840K), 0.0031530 secs] [Times: user=0.03 sys=0.00, real=0.00 secs] 
309.596: Total time for which application threads were stopped: 0.0033450 seconds, Stopping threads took: 0.0000900 seconds
309.613: Application time: 0.0169830 seconds
309.614: [GC [PSYoungGen: 50114K->6637K(50176K)] 124158K->82106K(163840K), 0.0028180 secs] [Times: user=0.02 sys=0.00, real=0.00 secs] 
309.616: Total time for which application threads were stopped: 0.0029890 seconds, Stopping threads took: 0.0000870 seconds
309.629: Application time: 0.0128430 seconds
309.629: [GC [PSYoungGen: 50117K->6637K(50176K)] 125586K->82818K(163840K), 0.0026520 secs] [Times: user=0.02 sys=0.00, real=0.01 secs] 
309.632: Total time for which application threads were stopped: 0.0028320 seconds, Stopping threads took: 0.0000970 seconds
309.751: Application time: 0.1192740 seconds
309.752: [GC [PSYoungGen: 50128K->6637K(50176K)] 126309K->93523K(163840K), 0.0052160 secs] [Times: user=0.04 sys=0.00, real=0.00 secs] 
309.757: Total time for which application threads were stopped: 0.0053830 seconds, Stopping threads took: 0.0000810 seconds
309.930: Application time: 0.1732960 seconds
309.930: [GC [PSYoungGen: 50142K->6020K(50176K)] 137028K->105020K(163840K), 0.0053440 secs] [Times: user=0.05 sys=0.00, real=0.00 secs] 
309.936: [Full GC [PSYoungGen: 6020K->0K(50176K)] [ParOldGen: 98999K->29136K(113664K)] 105020K->29136K(163840K) [PSPermGen: 6125K->6125K(21504K)], 0.0104790 secs] [Times: user=0.05 sys=0.00, real=0.01 secs] 
309.946: Total time for which application threads were stopped: 0.0160480 seconds, Stopping threads took: 0.0000870 seconds
310.097: Application time: 0.1511670 seconds
310.097: [GC [PSYoungGen: 43481K->6412K(50176K)] 72618K->45525K(163840K), 0.0049240 secs] [Times: user=0.03 sys=0.00, real=0.01 secs] 
310.102: Total time for which application threads were stopped: 0.0050940 seconds, Stopping threads took: 0.0000750 seconds
310.275: Application time: 0.1731050 seconds
310.276: [GC [PSYoungGen: 49893K->6412K(50176K)] 89006K->55500K(163840K), 0.0049080 secs] [Times: user=0.03 sys=0.00, real=0.00 secs] 
310.281: Total time for which application threads were stopped: 0.0050610 seconds, Stopping threads took: 0.0000730 seconds
310.366: Application time: 0.0850630 seconds
310.366: [GC [PSYoungGen: 49711K->6524K(50176K)] 98799K->64162K(163840K), 0.0046940 secs] [Times: user=0.04 sys=0.00, real=0.01 secs] 
310.370: Total time for which application threads were stopped: 0.0048540 seconds, Stopping threads took: 0.0000760 seconds
310.384: Application time: 0.0132080 seconds
310.384: [GC [PSYoungGen: 49538K->6572K(50176K)] 107177K->66348K(163840K), 0.0028490 secs] [Times: user=0.02 sys=0.00, real=0.00 secs] 
310.387: Total time for which application threads were stopped: 0.0030180 seconds, Stopping threads took: 0.0000870 seconds
310.399: Application time: 0.0123580 seconds
310.399: [GC [PSYoungGen: 50056K->6604K(50176K)] 109832K->67805K(163840K), 0.0027770 secs] [Times: user=0.01 sys=0.00, real=0.01 secs] 
310.402: Total time for which application threads were stopped: 0.0029750 seconds, Stopping threads took: 0.0001150 seconds
310.413: Application time: 0.0111480 seconds
310.413: [GC [PSYoungGen: 50091K->6604K(50176K)] 111292K->70655K(163840K), 0.0031390 secs] [Times: user=0.02 sys=0.00, real=0.00 secs] 
310.417: Total time for which application threads were stopped: 0.0033120 seconds, Stopping threads took: 0.0000880 seconds
310.426: Application time: 0.0093840 seconds
310.426: [GC [PSYoungGen: 50079K->6572K(50176K)] 114130K->70623K(163840K), 0.0024030 secs] [Times: user=0.01 sys=0.00, real=0.00 secs] 
310.429: Total time for which application threads were stopped: 0.0026690 seconds, Stopping threads took: 0.0001810 seconds
310.441: Application time: 0.0121180 seconds
310.441: [GC [PSYoungGen: 50065K->6605K(50176K)] 114116K->73506K(163840K), 0.0032490 secs] [Times: user=0.02 sys=0.00, real=0.01 secs] 
310.444: Total time for which application threads were stopped: 0.0034360 seconds, Stopping threads took: 0.0001020 seconds
310.545: Application time: 0.1007580 seconds
310.545: [GC [PSYoungGen: 49948K->6636K(50176K)] 116849K->81375K(163840K), 0.0042500 secs] [Times: user=0.03 sys=0.00, real=0.00 secs] 
310.549: Total time for which application threads were stopped: 0.0043960 seconds, Stopping threads took: 0.0000610 seconds
310.572: Application time: 0.0222520 seconds
310.572: [GC [PSYoungGen: 49594K->6636K(50176K)] 124333K->87075K(163840K), 0.0039530 secs] [Times: user=0.02 sys=0.00, real=0.00 secs] 
310.576: Total time for which application threads were stopped: 0.0041310 seconds, Stopping threads took: 0.0000900 seconds
310.593: Application time: 0.0173850 seconds
310.593: [GC [PSYoungGen: 50114K->6020K(50176K)] 130553K->88596K(163840K), 0.0028300 secs] [Times: user=0.02 sys=0.00, real=0.00 secs] 
310.596: Total time for which application threads were stopped: 0.0030220 seconds, Stopping threads took: 0.0001040 seconds
310.609: Application time: 0.0133350 seconds
310.610: [GC [PSYoungGen: 49502K->5243K(50176K)] 132078K->87820K(163840K), 0.0019490 secs] [Times: user=0.01 sys=0.00, real=0.01 secs] 
310.612: Total time for which application threads were stopped: 0.0021350 seconds, Stopping threads took: 0.0000920 seconds
310.768: Application time: 0.1560470 seconds
310.768: [GC [PSYoungGen: 48732K->6636K(50176K)] 131308K->99924K(163840K), 0.0052030 secs] [Times: user=0.04 sys=0.00, real=0.01 secs] 
310.773: Total time for which application threads were stopped: 0.0053620 seconds, Stopping threads took: 0.0000770 seconds
310.862: Application time: 0.0894700 seconds
310.863: [GC [PSYoungGen: 49482K->6084K(50176K)] 142770K->109347K(163840K), 0.0049380 secs] [Times: user=0.04 sys=0.00, real=0.00 secs] 
310.868: [Full GC [PSYoungGen: 6084K->0K(50176K)] [ParOldGen: 103263K->24147K(113664K)] 109347K->24147K(163840K) [PSPermGen: 6125K->6125K(21504K)], 0.0094410 secs] [Times: user=0.04 sys=0.00, real=0.01 secs] 
310.877: Total time for which application threads were stopped: 0.0147070 seconds, Stopping threads took: 0.0001900 seconds
310.889: Application time: 0.0118270 seconds
310.889: [GC [PSYoungGen: 43477K->6540K(50176K)] 67625K->30688K(163840K), 0.0021540 secs] [Times: user=0.01 sys=0.00, real=0.01 secs] 
310.891: Total time for which application threads were stopped: 0.0022950 seconds, Stopping threads took: 0.0000600 seconds
310.902: Application time: 0.0104650 seconds
310.902: [GC [PSYoungGen: 50026K->6540K(50176K)] 74174K->34250K(163840K), 0.0032240 secs] [Times: user=0.02 sys=0.00, real=0.00 secs] 
310.906: Total time for which application threads were stopped: 0.0039370 seconds, Stopping threads took: 0.0006300 seconds
310.918: Application time: 0.0126350 seconds
310.918: [GC [PSYoungGen: 50019K->6572K(50176K)] 77730K->34995K(163840K), 0.0025320 secs] [Times: user=0.02 sys=0.00, real=0.00 secs] 
310.921: Total time for which application threads were stopped: 0.0026990 seconds, Stopping threads took: 0.0000830 seconds
310.933: Application time: 0.0117340 seconds
310.933: [GC [PSYoungGen: 50060K->6508K(50176K)] 78483K->39206K(163840K), 0.0034700 secs] [Times: user=0.03 sys=0.00, real=0.00 secs] 
310.936: Total time for which application threads were stopped: 0.0036490 seconds, Stopping threads took: 0.0000960 seconds
310.946: Application time: 0.0093720 seconds
310.946: [GC [PSYoungGen: 49990K->6508K(50176K)] 82688K->40632K(163840K), 0.0026230 secs] [Times: user=0.02 sys=0.00, real=0.00 secs] 
310.949: Total time for which application threads were stopped: 0.0032370 seconds, Stopping threads took: 0.0005290 seconds
311.070: Application time: 0.1206420 seconds
311.070: [GC [PSYoungGen: 50005K->6540K(50176K)] 84129K->51351K(163840K), 0.0050430 secs] [Times: user=0.04 sys=0.00, real=0.01 secs] 
311.075: Total time for which application threads were stopped: 0.0051990 seconds, Stopping threads took: 0.0000630 seconds
311.240: Application time: 0.1648260 seconds
311.240: [GC [PSYoungGen: 50020K->6604K(50176K)] 94831K->61390K(163840K), 0.0049000 secs] [Times: user=0.04 sys=0.00, real=0.01 secs] 
311.245: Total time for which application threads were stopped: 0.0050980 seconds, Stopping threads took: 0.0001050 seconds
311.425: Application time: 0.1799230 seconds
311.425: [GC [PSYoungGen: 50101K->6604K(50176K)] 104887K->72078K(163840K), 0.0050580 secs] [Times: user=0.03 sys=0.00, real=0.00 secs] 
311.430: Total time for which application threads were stopped: 0.0052170 seconds, Stopping threads took: 0.0000730 seconds
311.611: Application time: 0.1808160 seconds
311.611: [GC [PSYoungGen: 50110K->5956K(50176K)] 115584K->82118K(163840K), 0.0048650 secs] [Times: user=0.04 sys=0.00, real=0.00 secs] 
311.616: Total time for which application threads were stopped: 0.0050070 seconds, Stopping threads took: 0.0000590 seconds
311.782: Application time: 0.1661830 seconds
311.782: [GC [PSYoungGen: 49445K->6636K(50176K)] 125607K->92069K(163840K), 0.0047930 secs] [Times: user=0.04 sys=0.00, real=0.00 secs] 
311.787: Total time for which application threads were stopped: 0.0049760 seconds, Stopping threads took: 0.0000900 seconds
311.967: Application time: 0.1801020 seconds
311.967: [GC [PSYoungGen: 50134K->6636K(50176K)] 135566K->102765K(163840K), 0.0051150 secs] [Times: user=0.03 sys=0.00, real=0.01 secs] 
311.972: [Full GC [PSYoungGen: 6636K->0K(50176K)] [ParOldGen: 96128K->29135K(113664K)] 102765K->29135K(163840K) [PSPermGen: 6125K->6125K(21504K)], 0.0103750 secs] [Times: user=0.06 sys=0.00, real=0.01 secs] 
311.983: Total time for which application threads were stopped: 0.0157130 seconds, Stopping threads took: 0.0000860 seconds
312.153: Application time: 0.1704180 seconds
312.153: [GC [PSYoungGen: 43481K->6444K(50176K)] 72617K->44843K(163840K), 0.0046730 secs] [Times: user=0.04 sys=0.00, real=0.00 secs] 
312.158: Total time for which application threads were stopped: 0.0048360 seconds, Stopping threads took: 0.0000720 seconds
312.359: Application time: 0.2011170 seconds
312.359: [GC [PSYoungGen: 49926K->6412K(50176K)] 88325K->54074K(163840K), 0.0046720 secs] [Times: user=0.04 sys=0.00, real=0.01 secs] 
312.364: Total time for which application threads were stopped: 0.0048280 seconds, Stopping threads took: 0.0000620 seconds
312.515: Application time: 0.1507870 seconds
312.515: [GC [PSYoungGen: 49920K->6604K(50176K)] 97582K->65667K(163840K), 0.0053000 secs] [Times: user=0.04 sys=0.00, real=0.00 secs] 
312.520: Total time for which application threads were stopped: 0.0054450 seconds, Stopping threads took: 0.0000570 seconds
312.671: Application time: 0.1509260 seconds
312.671: [GC [PSYoungGen: 50103K->6636K(50176K)] 109165K->76395K(163840K), 0.0050700 secs] [Times: user=0.03 sys=0.00, real=0.00 secs] 
312.676: Total time for which application threads were stopped: 0.0052270 seconds, Stopping threads took: 0.0000710 seconds
312.786: Application time: 0.1095770 seconds
312.786: [GC [PSYoungGen: 49457K->5956K(50176K)] 119216K->87116K(163840K), 0.0053450 secs] [Times: user=0.05 sys=0.00, real=0.01 secs] 
312.791: Total time for which application threads were stopped: 0.0055190 seconds, Stopping threads took: 0.0000890 seconds
312.807: Application time: 0.0160330 seconds
312.808: [GC [PSYoungGen: 49432K->5956K(50176K)] 130592K->89966K(163840K), 0.0030310 secs] [Times: user=0.03 sys=0.00, real=0.01 secs] 
312.811: Total time for which application threads were stopped: 0.0032190 seconds, Stopping threads took: 0.0001040 seconds
312.830: Application time: 0.0188470 seconds
312.830: [GC [PSYoungGen: 49438K->6637K(50176K)] 133448K->93505K(163840K), 0.0031500 secs] [Times: user=0.02 sys=0.00, real=0.01 secs] 
312.833: Total time for which application threads were stopped: 0.0033170 seconds, Stopping threads took: 0.0000820 seconds
312.856: Application time: 0.0230540 seconds
312.856: [GC [PSYoungGen: 50131K->6636K(50176K)] 136999K->97796K(163840K), 0.0033350 secs] [Times: user=0.02 sys=0.00, real=0.00 secs] 
312.859: Total time for which application threads were stopped: 0.0035060 seconds, Stopping threads took: 0.0000770 seconds
312.999: Application time: 0.1397020 seconds
312.999: [GC [PSYoungGen: 50118K->5956K(50176K)] 141278K->106378K(163840K), 0.0045240 secs] [Times: user=0.03 sys=0.00, real=0.01 secs] 
313.004: [Full GC [PSYoungGen: 5956K->0K(50176K)] [ParOldGen: 100422K->25573K(113664K)] 106378K->25573K(163840K) [PSPermGen: 6125K->6125K(21504K)], 0.0094600 secs] [Times: user=0.05 sys=0.00, real=0.01 secs] 
313.013: Total time for which application threads were stopped: 0.0141930 seconds, Stopping threads took: 0.0000630 seconds
313.156: Application time: 0.1431290 seconds
313.157: [GC [PSYoungGen: 43482K->6413K(50176K)] 69056K->41962K(163840K), 0.0049520 secs] [Times: user=0.04 sys=0.00, real=0.00 secs] 
313.162: Total time for which application threads were stopped: 0.0051120 seconds, Stopping threads took: 0.0000760 seconds
313.313: Application time: 0.1516470 seconds
313.313: [GC [PSYoungGen: 49910K->6541K(50176K)] 85460K->51354K(163840K), 0.0046870 secs] [Times: user=0.03 sys=0.00, real=0.00 secs] 
313.318: Total time for which application threads were stopped: 0.0048280 seconds, Stopping threads took: 0.0000570 seconds
313.453: Application time: 0.1350880 seconds
313.453: [GC [PSYoungGen: 50056K->6637K(50176K)] 94869K->62138K(163840K), 0.0051680 secs] [Times: user=0.04 sys=0.00, real=0.00 secs] 
313.458: Total time for which application threads were stopped: 0.0053240 seconds, Stopping threads took: 0.0000750 seconds
313.478: Application time: 0.0195910 seconds
313.478: [GC [PSYoungGen: 50121K->6637K(50176K)] 105623K->66414K(163840K), 0.0035590 secs] [Times: user=0.02 sys=0.00, real=0.00 secs] 
313.482: Total time for which application threads were stopped: 0.0037210 seconds, Stopping threads took: 0.0000780 seconds
313.501: Application time: 0.0189890 seconds
313.501: [GC [PSYoungGen: 50118K->6637K(50176K)] 109895K->67126K(163840K), 0.0025480 secs] [Times: user=0.01 sys=0.00, real=0.01 secs] 
313.503: Total time for which application threads were stopped: 0.0027180 seconds, Stopping threads took: 0.0000770 seconds
313.514: Application time: 0.0108940 seconds
313.514: [GC [PSYoungGen: 50122K->6573K(50176K)] 110612K->71338K(163840K), 0.0035640 secs] [Times: user=0.03 sys=0.00, real=0.00 secs] 
313.518: Total time for which application threads were stopped: 0.0037220 seconds, Stopping threads took: 0.0000730 seconds
313.624: Application time: 0.1056300 seconds
313.624: [GC [PSYoungGen: 49385K->6637K(50176K)] 114150K->82803K(163840K), 0.0055220 secs] [Times: user=0.04 sys=0.00, real=0.00 secs] 
313.629: Total time for which application threads were stopped: 0.0056940 seconds, Stopping threads took: 0.0000860 seconds
313.645: Application time: 0.0151440 seconds
313.645: [GC [PSYoungGen: 50117K->6636K(50176K)] 126283K->85661K(163840K), 0.0031210 secs] [Times: user=0.02 sys=0.00, real=0.00 secs] 
313.648: Total time for which application threads were stopped: 0.0034830 seconds, Stopping threads took: 0.0002740 seconds
313.667: Application time: 0.0189370 seconds
313.667: [GC [PSYoungGen: 50145K->6637K(50176K)] 129169K->90681K(163840K), 0.0036690 secs] [Times: user=0.03 sys=0.00, real=0.01 secs] 
313.671: Total time for which application threads were stopped: 0.0038850 seconds, Stopping threads took: 0.0001320 seconds
313.728: Application time: 0.0568830 seconds
313.728: [GC [PSYoungGen: 50127K->6637K(50176K)] 134172K->96381K(163840K), 0.0037520 secs] [Times: user=0.03 sys=0.00, real=0.01 secs] 
313.732: Total time for which application threads were stopped: 0.0039270 seconds, Stopping threads took: 0.0000890 seconds
313.889: Application time: 0.1568430 seconds
313.889: [GC [PSYoungGen: 50127K->6636K(50176K)] 139872K->106397K(163840K), 0.0049890 secs] [Times: user=0.04 sys=0.00, real=0.01 secs] 
313.894: [Full GC [PSYoungGen: 6636K->0K(50176K)] [ParOldGen: 99760K->32209K(113664K)] 106397K->32209K(163840K) [PSPermGen: 6125K->6125K(21504K)], 0.0094930 secs] [Times: user=0.05 sys=0.00, real=0.01 secs] 
313.903: Total time for which application threads were stopped: 0.0147120 seconds, Stopping threads took: 0.0000880 seconds
314.069: Application time: 0.1653260 seconds
314.069: [GC [PSYoungGen: 43481K->6412K(50176K)] 75690K->47884K(163840K), 0.0047510 secs] [Times: user=0.04 sys=0.00, real=0.01 secs] 
314.073: Total time for which application threads were stopped: 0.0049160 seconds, Stopping threads took: 0.0000730 seconds
314.248: Application time: 0.1743520 seconds
314.248: [GC [PSYoungGen: 49893K->6444K(50176K)] 91365K->57179K(163840K), 0.0046930 secs] [Times: user=0.04 sys=0.00, real=0.01 secs] 
314.253: Total time for which application threads were stopped: 0.0048580 seconds, Stopping threads took: 0.0000830 seconds
314.320: Application time: 0.0669950 seconds
314.320: [GC [PSYoungGen: 49959K->6444K(50176K)] 100694K->67155K(163840K), 0.0051050 secs] [Times: user=0.03 sys=0.00, real=0.01 secs] 
314.325: Total time for which application threads were stopped: 0.0052720 seconds, Stopping threads took: 0.0000810 seconds
314.341: Application time: 0.0156090 seconds
314.341: [GC [PSYoungGen: 49929K->6636K(50176K)] 110639K->69484K(163840K), 0.0030250 secs] [Times: user=0.02 sys=0.00, real=0.01 secs] 
314.344: Total time for which application threads were stopped: 0.0031960 seconds, Stopping threads took: 0.0000840 seconds
314.358: Application time: 0.0145870 seconds
314.359: [GC [PSYoungGen: 50154K->6637K(50176K)] 113002K->70910K(163840K), 0.0026900 secs] [Times: user=0.02 sys=0.00, real=0.00 secs] 
314.361: Total time for which application threads were stopped: 0.0028840 seconds, Stopping threads took: 0.0001120 seconds
314.375: Application time: 0.0137370 seconds
314.375: [GC [PSYoungGen: 50118K->6636K(50176K)] 114391K->73759K(163840K), 0.0031970 secs] [Times: user=0.02 sys=0.00, real=0.00 secs] 
314.378: Total time for which application threads were stopped: 0.0033620 seconds, Stopping threads took: 0.0000820 seconds
314.394: Application time: 0.0153210 seconds
314.394: [GC [PSYoungGen: 50122K->6572K(50176K)] 117246K->76545K(163840K), 0.0031630 secs] [Times: user=0.03 sys=0.00, real=0.00 secs] 
314.397: Total time for which application threads were stopped: 0.0033350 seconds, Stopping threads took: 0.0000850 seconds
314.412: Application time: 0.0153770 seconds
314.413: [GC [PSYoungGen: 50055K->6604K(50176K)] 120028K->78715K(163840K), 0.0030450 secs] [Times: user=0.02 sys=0.00, real=0.00 secs] 
314.416: Total time for which application threads were stopped: 0.0032140 seconds, Stopping threads took: 0.0000840 seconds
314.487: Application time: 0.0709430 seconds
314.487: [GC [PSYoungGen: 49422K->6636K(50176K)] 121533K->89435K(163840K), 0.0052290 secs] [Times: user=0.04 sys=0.00, real=0.01 secs] 
314.492: Total time for which application threads were stopped: 0.0053790 seconds, Stopping threads took: 0.0000670 seconds
314.509: Application time: 0.0174300 seconds
314.510: [GC [PSYoungGen: 50112K->6636K(50176K)] 132911K->93002K(163840K), 0.0034030 secs] [Times: user=0.02 sys=0.00, real=0.01 secs] 
314.513: Total time for which application threads were stopped: 0.0035700 seconds, Stopping threads took: 0.0000830 seconds
314.531: Application time: 0.0184820 seconds
314.532: [GC [PSYoungGen: 50118K->6636K(50176K)] 136483K->94427K(163840K), 0.0028100 secs] [Times: user=0.02 sys=0.00, real=0.00 secs] 
314.534: Total time for which application threads were stopped: 0.0029730 seconds, Stopping threads took: 0.0000810 seconds
314.547: Application time: 0.0125540 seconds
314.547: [GC [PSYoungGen: 50130K->6604K(50176K)] 137920K->97245K(163840K), 0.0029880 secs] [Times: user=0.02 sys=0.00, real=0.01 secs] 
314.550: Total time for which application threads were stopped: 0.0031490 seconds, Stopping threads took: 0.0000750 seconds
314.713: Application time: 0.1624110 seconds
314.713: [GC [PSYoungGen: 49421K->6636K(50176K)] 140061K->107332K(163840K), 0.0048810 secs] [Times: user=0.04 sys=0.00, real=0.00 secs] 
314.718: [Full GC [PSYoungGen: 6636K->0K(50176K)] [ParOldGen: 100695K->24860K(113664K)] 107332K->24860K(163840K) [PSPermGen: 6125K->6125K(21504K)], 0.0093870 secs] [Times: user=0.05 sys=0.00, real=0.01 secs] 
314.727: Total time for which application threads were stopped: 0.0144870 seconds, Stopping threads took: 0.0000670 seconds
314.745: Application time: 0.0175980 seconds
314.745: [GC [PSYoungGen: 43389K->3754K(50176K)] 68250K->28615K(163840K), 0.0014280 secs] [Times: user=0.01 sys=0.00, real=0.00 secs] 
314.746: Total time for which application threads were stopped: 0.0016010 seconds, Stopping threads took: 0.0001010 seconds
314.759: Application time: 0.0127570 seconds
314.760: [GC [PSYoungGen: 46639K->6572K(50176K)] 71500K->32146K(163840K), 0.0024540 secs] [Times: user=0.02 sys=0.00, real=0.01 secs] 
314.762: Total time for which application threads were stopped: 0.0033260 seconds, Stopping threads took: 0.0007880 seconds
314.774: Application time: 0.0121890 seconds
314.775: [GC [PSYoungGen: 50056K->6508K(50176K)] 75629K->34219K(163840K), 0.0029930 secs] [Times: user=0.01 sys=0.00, real=0.00 secs] 
314.778: Total time for which application threads were stopped: 0.0031660 seconds, Stopping threads took: 0.0000880 seconds
314.787: Application time: 0.0092550 seconds
314.788: [GC [PSYoungGen: 49994K->6604K(50176K)] 77705K->35740K(163840K), 0.0025920 secs] [Times: user=0.02 sys=0.00, real=0.01 secs] 
314.790: Total time for which application threads were stopped: 0.0034540 seconds, Stopping threads took: 0.0007800 seconds
314.805: Application time: 0.0143490 seconds
314.805: [GC [PSYoungGen: 50088K->6572K(50176K)] 79224K->39984K(163840K), 0.0035240 secs] [Times: user=0.03 sys=0.00, real=0.00 secs] 
314.808: Total time for which application threads were stopped: 0.0037170 seconds, Stopping threads took: 0.0001050 seconds
314.821: Application time: 0.0126250 seconds
314.821: [GC [PSYoungGen: 50066K->6540K(50176K)] 83477K->42802K(163840K), 0.0029610 secs] [Times: user=0.02 sys=0.00, real=0.01 secs] 
314.824: Total time for which application threads were stopped: 0.0031300 seconds, Stopping threads took: 0.0000850 seconds
315.024: Application time: 0.1993790 seconds
315.024: [GC [PSYoungGen: 50020K->6540K(50176K)] 86281K->52777K(163840K), 0.0048690 secs] [Times: user=0.04 sys=0.00, real=0.00 secs] 
315.029: Total time for which application threads were stopped: 0.0050240 seconds, Stopping threads took: 0.0000690 seconds
315.195: Application time: 0.1659350 seconds
315.195: [GC [PSYoungGen: 50020K->6508K(50176K)] 96257K->62008K(163840K), 0.0046510 secs] [Times: user=0.03 sys=0.00, real=0.00 secs] 
315.199: Total time for which application threads were stopped: 0.0047930 seconds, Stopping threads took: 0.0000590 seconds
315.391: Application time: 0.1919590 seconds
315.391: [GC [PSYoungGen: 50003K->6636K(50176K)] 105503K->72824K(163840K), 0.0050680 secs] [Times: user=0.03 sys=0.00, real=0.00 secs] 
315.397: Total time for which application threads were stopped: 0.0052360 seconds, Stopping threads took: 0.0000740 seconds
315.557: Application time: 0.1606260 seconds
315.557: [GC [PSYoungGen: 50132K->6636K(50176K)] 116319K->83527K(163840K), 0.0050980 secs] [Times: user=0.04 sys=0.00, real=0.01 secs] 
315.562: Total time for which application threads were stopped: 0.0052520 seconds, Stopping threads took: 0.0000720 seconds
315.723: Application time: 0.1607450 seconds
315.723: [GC [PSYoungGen: 50149K->5956K(50176K)] 127040K->95672K(163840K), 0.0057180 secs] [Times: user=0.04 sys=0.00, real=0.00 secs] 
315.729: Total time for which application threads were stopped: 0.0058640 seconds, Stopping threads took: 0.0000610 seconds
315.915: Application time: 0.1859780 seconds
315.915: [GC [PSYoungGen: 49437K->6652K(50176K)] 139153K->106352K(163840K), 0.0049720 secs] [Times: user=0.04 sys=0.00, real=0.00 secs] 
315.920: [Full GC [PSYoungGen: 6652K->0K(50176K)] [ParOldGen: 99700K->29848K(113664K)] 106352K->29848K(163840K) [PSPermGen: 6125K->6125K(21504K)], 0.0103460 secs] [Times: user=0.05 sys=0.00, real=0.02 secs] 
315.931: Total time for which application threads were stopped: 0.0155210 seconds, Stopping threads took: 0.0000620 seconds
316.104: Application time: 0.1739370 seconds
316.105: [GC [PSYoungGen: 43481K->6412K(50176K)] 73329K->46237K(163840K), 0.0048660 secs] [Times: user=0.03 sys=0.00, real=0.00 secs] 
316.109: Total time for which application threads were stopped: 0.0050200 seconds, Stopping threads took: 0.0000690 seconds
316.282: Application time: 0.1721910 seconds
316.282: [GC [PSYoungGen: 49902K->6508K(50176K)] 89727K->55596K(163840K), 0.0046580 secs] [Times: user=0.03 sys=0.00, real=0.01 secs] 
316.287: Total time for which application threads were stopped: 0.0048200 seconds, Stopping threads took: 0.0000770 seconds
316.440: Application time: 0.1536650 seconds
316.440: [GC [PSYoungGen: 50007K->6572K(50176K)] 99094K->64923K(163840K), 0.0046710 secs] [Times: user=0.04 sys=0.00, real=0.01 secs] 
316.445: Total time for which application threads were stopped: 0.0048330 seconds, Stopping threads took: 0.0000680 seconds
316.598: Application time: 0.1531540 seconds
316.599: [GC [PSYoungGen: 49392K->6636K(50176K)] 107743K->74979K(163840K), 0.0048100 secs] [Times: user=0.04 sys=0.00, real=0.01 secs] 
316.604: Total time for which application threads were stopped: 0.0056070 seconds, Stopping threads took: 0.0007140 seconds
316.620: Application time: 0.0164920 seconds
316.620: [GC [PSYoungGen: 50116K->6604K(50176K)] 118458K->81359K(163840K), 0.0041230 secs] [Times: user=0.03 sys=0.00, real=0.01 secs] 
316.625: Total time for which application threads were stopped: 0.0042980 seconds, Stopping threads took: 0.0000880 seconds
316.642: Application time: 0.0175710 seconds
316.642: [GC [PSYoungGen: 50083K->6637K(50176K)] 124838K->82825K(163840K), 0.0026720 secs] [Times: user=0.02 sys=0.00, real=0.00 secs] 
316.645: Total time for which application threads were stopped: 0.0028290 seconds, Stopping threads took: 0.0000770 seconds
316.657: Application time: 0.0120890 seconds
316.657: [GC [PSYoungGen: 50119K->6636K(50176K)] 126307K->84962K(163840K), 0.0030200 secs] [Times: user=0.03 sys=0.00, real=0.00 secs] 
316.660: Total time for which application threads were stopped: 0.0031930 seconds, Stopping threads took: 0.0000910 seconds
316.798: Application time: 0.1375880 seconds
316.798: [GC [PSYoungGen: 50144K->6636K(50176K)] 128470K->96379K(163840K), 0.0052540 secs] [Times: user=0.03 sys=0.01, real=0.01 secs] 
316.803: Total time for which application threads were stopped: 0.0054140 seconds, Stopping threads took: 0.0000770 seconds
316.948: Application time: 0.1442920 seconds
316.948: [GC [PSYoungGen: 50118K->6637K(50176K)] 139861K->105658K(163840K), 0.0047320 secs] [Times: user=0.04 sys=0.00, real=0.01 secs] 
316.952: [Full GC [PSYoungGen: 6637K->0K(50176K)] [ParOldGen: 99021K->26287K(113664K)] 105658K->26287K(163840K) [PSPermGen: 6125K->6125K(21504K)], 0.0097600 secs] [Times: user=0.05 sys=0.00, real=0.01 secs] 
316.962: Total time for which application threads were stopped: 0.0147080 seconds, Stopping threads took: 0.0000700 seconds
317.112: Application time: 0.1493610 seconds
317.112: [GC [PSYoungGen: 43482K->6413K(50176K)] 69769K->41963K(163840K), 0.0046620 secs] [Times: user=0.04 sys=0.00, real=0.00 secs] 
317.116: Total time for which application threads were stopped: 0.0048070 seconds, Stopping threads took: 0.0000590 seconds
317.244: Application time: 0.1276190 seconds
317.244: [GC [PSYoungGen: 49904K->6541K(50176K)] 85454K->52779K(163840K), 0.0050750 secs] [Times: user=0.04 sys=0.00, real=0.00 secs] 
317.249: Total time for which application threads were stopped: 0.0052330 seconds, Stopping threads took: 0.0000730 seconds
317.391: Application time: 0.1416680 seconds
317.391: [GC [PSYoungGen: 49361K->6573K(50176K)] 95599K->63500K(163840K), 0.0050040 secs] [Times: user=0.04 sys=0.00, real=0.00 secs] 
317.396: Total time for which application threads were stopped: 0.0051550 seconds, Stopping threads took: 0.0000680 seconds
317.414: Application time: 0.0180260 seconds
317.414: [GC [PSYoungGen: 50046K->6637K(50176K)] 106974K->66422K(163840K), 0.0032210 secs] [Times: user=0.02 sys=0.00, real=0.00 secs] 
317.418: Total time for which application threads were stopped: 0.0033960 seconds, Stopping threads took: 0.0000910 seconds
317.432: Application time: 0.0147400 seconds
317.433: [GC [PSYoungGen: 50151K->6605K(50176K)] 109936K->69953K(163840K), 0.0032760 secs] [Times: user=0.03 sys=0.00, real=0.00 secs] 
317.436: Total time for which application threads were stopped: 0.0040510 seconds, Stopping threads took: 0.0006870 seconds
317.448: Application time: 0.0121360 seconds
317.449: [GC [PSYoungGen: 50088K->6637K(50176K)] 113436K->72131K(163840K), 0.0029690 secs] [Times: user=0.02 sys=0.00, real=0.01 secs] 
317.452: Total time for which application threads were stopped: 0.0031370 seconds, Stopping threads took: 0.0000740 seconds
317.466: Application time: 0.0142980 seconds
317.466: [GC [PSYoungGen: 50118K->6637K(50176K)] 115612K->74981K(163840K), 0.0030610 secs] [Times: user=0.02 sys=0.00, real=0.00 secs] 
317.469: Total time for which application threads were stopped: 0.0034070 seconds, Stopping threads took: 0.0002590 seconds
317.485: Application time: 0.0156060 seconds
317.485: [GC [PSYoungGen: 50126K->6637K(50176K)] 118471K->77831K(163840K), 0.0031670 secs] [Times: user=0.03 sys=0.00, real=0.00 secs] 
317.488: Total time for which application threads were stopped: 0.0033830 seconds, Stopping threads took: 0.0001290 seconds
317.500: Application time: 0.0120270 seconds
317.500: [GC [PSYoungGen: 50119K->6637K(50176K)] 121314K->79993K(163840K), 0.0030090 secs] [Times: user=0.02 sys=0.00, real=0.01 secs] 
317.504: Total time for which application threads were stopped: 0.0031890 seconds, Stopping threads took: 0.0000940 seconds
317.637: Application time: 0.1331410 seconds
317.637: [GC [PSYoungGen: 50151K->5972K(50176K)] 123507K->90729K(163840K), 0.0067710 secs] [Times: user=0.05 sys=0.00, real=0.01 secs] 
317.644: Total time for which application threads were stopped: 0.0069320 seconds, Stopping threads took: 0.0000790 seconds
317.815: Application time: 0.1715500 seconds
317.815: [GC [PSYoungGen: 49454K->5972K(50176K)] 134211K->100705K(163840K), 0.0047580 secs] [Times: user=0.03 sys=0.00, real=0.00 secs] 
317.820: Total time for which application threads were stopped: 0.0049200 seconds, Stopping threads took: 0.0000740 seconds
317.969: Application time: 0.1489670 seconds
317.969: [GC [PSYoungGen: 49453K->5972K(50176K)] 144186K->110680K(163840K), 0.0047540 secs] [Times: user=0.04 sys=0.00, real=0.01 secs] 
317.974: [Full GC [PSYoungGen: 5972K->0K(50176K)] [ParOldGen: 104708K->32221K(113664K)] 110680K->32221K(163840K) [PSPermGen: 6125K->6125K(21504K)], 0.0091850 secs] [Times: user=0.05 sys=0.00, real=0.01 secs] 
317.983: Total time for which application threads were stopped: 0.0141760 seconds, Stopping threads took: 0.0000830 seconds
318.151: Application time: 0.1675740 seconds
318.151: [GC [PSYoungGen: 43514K->6444K(50176K)] 75736K->48641K(163840K), 0.0049650 secs] [Times: user=0.03 sys=0.00, real=0.00 secs] 
318.156: Total time for which application threads were stopped: 0.0051380 seconds, Stopping threads took: 0.0000740 seconds
318.173: Application time: 0.0171670 seconds
318.173: [GC [PSYoungGen: 49920K->6604K(50176K)] 92117K->50938K(163840K), 0.0030230 secs] [Times: user=0.02 sys=0.00, real=0.00 secs] 
318.176: Total time for which application threads were stopped: 0.0031980 seconds, Stopping threads took: 0.0000910 seconds
318.194: Application time: 0.0174250 seconds
318.194: [GC [PSYoungGen: 50087K->6541K(50176K)] 94422K->55862K(163840K), 0.0037410 secs] [Times: user=0.03 sys=0.00, real=0.00 secs] 
318.198: Total time for which application threads were stopped: 0.0039130 seconds, Stopping threads took: 0.0000850 seconds
318.227: Application time: 0.0298260 seconds
318.228: [GC [PSYoungGen: 50032K->6604K(50176K)] 99354K->57351K(163840K), 0.0025620 secs] [Times: user=0.02 sys=0.00, real=0.01 secs] 
318.230: Total time for which application threads were stopped: 0.0027110 seconds, Stopping threads took: 0.0000680 seconds
318.327: Application time: 0.0965750 seconds
318.327: [GC [PSYoungGen: 49413K->6636K(50176K)] 100160K->66646K(163840K), 0.0048410 secs] [Times: user=0.03 sys=0.00, real=0.01 secs] 
318.332: Total time for which application threads were stopped: 0.0050210 seconds, Stopping threads took: 0.0000820 seconds
318.349: Application time: 0.0171450 seconds
318.349: [GC [PSYoungGen: 50120K->6604K(50176K)] 110130K->68752K(163840K), 0.0028900 secs] [Times: user=0.02 sys=0.00, real=0.01 secs] 
318.352: Total time for which application threads were stopped: 0.0030610 seconds, Stopping threads took: 0.0000890 seconds
318.369: Application time: 0.0166510 seconds
318.370: [GC [PSYoungGen: 49901K->6653K(50176K)] 112049K->69528K(163840K), 0.0025870 secs] [Times: user=0.02 sys=0.00, real=0.00 secs] 
318.373: Total time for which application threads were stopped: 0.0040630 seconds, Stopping threads took: 0.0013910 seconds
318.387: Application time: 0.0138960 seconds
318.387: [GC [PSYoungGen: 49644K->6636K(50176K)] 112520K->73075K(163840K), 0.0033530 secs] [Times: user=0.03 sys=0.00, real=0.01 secs] 
318.390: Total time for which application threads were stopped: 0.0035450 seconds, Stopping threads took: 0.0001030 seconds
318.408: Application time: 0.0174310 seconds
318.408: [GC [PSYoungGen: 50125K->6636K(50176K)] 116563K->74516K(163840K), 0.0026190 secs] [Times: user=0.02 sys=0.00, real=0.01 secs] 
318.410: Total time for which application threads were stopped: 0.0027890 seconds, Stopping threads took: 0.0000880 seconds
318.427: Application time: 0.0162740 seconds
318.427: [GC [PSYoungGen: 50120K->6636K(50176K)] 117999K->78079K(163840K), 0.0033760 secs] [Times: user=0.02 sys=0.00, real=0.01 secs] 
318.430: Total time for which application threads were stopped: 0.0035410 seconds, Stopping threads took: 0.0000790 seconds
318.497: Application time: 0.0665620 seconds
318.497: [GC [PSYoungGen: 50128K->6636K(50176K)] 121570K->86665K(163840K), 0.0045140 secs] [Times: user=0.04 sys=0.00, real=0.00 secs] 
318.501: Total time for which application threads were stopped: 0.0046860 seconds, Stopping threads took: 0.0000770 seconds
318.662: Application time: 0.1609230 seconds
318.663: [GC [PSYoungGen: 50125K->6636K(50176K)] 130153K->95963K(163840K), 0.0047440 secs] [Times: user=0.04 sys=0.00, real=0.00 secs] 
318.667: Total time for which application threads were stopped: 0.0048980 seconds, Stopping threads took: 0.0000660 seconds
318.696: Application time: 0.0285640 seconds
318.696: [GC [PSYoungGen: 50144K->6636K(50176K)] 139472K->99542K(163840K), 0.0034190 secs] [Times: user=0.02 sys=0.00, real=0.00 secs] 
318.699: Total time for which application threads were stopped: 0.0036010 seconds, Stopping threads took: 0.0000970 seconds
318.718: Application time: 0.0180610 seconds
318.718: [GC [PSYoungGen: 50145K->5972K(50176K)] 143051K->99590K(163840K), 0.0022990 secs] [Times: user=0.01 sys=0.00, real=0.00 secs] 
318.720: Total time for which application threads were stopped: 0.0024660 seconds, Stopping threads took: 0.0000860 seconds
318.731: Application time: 0.0109810 seconds
318.731: [GC [PSYoungGen: 49459K->6652K(50176K)] 143077K->103849K(163840K), 0.0034000 secs] [Times: user=0.02 sys=0.00, real=0.00 secs] 
318.735: Total time for which application threads were stopped: 0.0037790 seconds, Stopping threads took: 0.0002970 seconds
318.747: Application time: 0.0125800 seconds
318.747: [GC [PSYoungGen: 50139K->6636K(50176K)] 147336K->108885K(163840K), 0.0038020 secs] [Times: user=0.03 sys=0.00, real=0.01 secs] 
318.751: [Full GC [PSYoungGen: 6636K->0K(50176K)] [ParOldGen: 102248K->26998K(113664K)] 108885K->26998K(163840K) [PSPermGen: 6125K->6125K(21504K)], 0.0101950 secs] [Times: user=0.05 sys=0.00, real=0.00 secs] 
318.762: Total time for which application threads were stopped: 0.0142340 seconds, Stopping threads took: 0.0001010 seconds
318.778: Application time: 0.0168600 seconds
318.779: [GC [PSYoungGen: 43479K->5892K(50176K)] 70478K->32891K(163840K), 0.0021050 secs] [Times: user=0.01 sys=0.00, real=0.00 secs] 
318.781: Total time for which application threads were stopped: 0.0022720 seconds, Stopping threads took: 0.0000780 seconds
318.794: Application time: 0.0128820 seconds
318.794: [GC [PSYoungGen: 49372K->6572K(50176K)] 76371K->33571K(163840K), 0.0023190 secs] [Times: user=0.02 sys=0.00, real=0.00 secs] 
318.796: Total time for which application threads were stopped: 0.0024920 seconds, Stopping threads took: 0.0000890 seconds
318.964: Application time: 0.1680520 seconds
318.964: [GC [PSYoungGen: 50061K->6508K(50176K)] 77060K->43482K(163840K), 0.0048230 secs] [Times: user=0.03 sys=0.00, real=0.00 secs] 
318.969: Total time for which application threads were stopped: 0.0049690 seconds, Stopping threads took: 0.0000600 seconds
319.140: Application time: 0.1713170 seconds
319.141: [GC [PSYoungGen: 49995K->6572K(50176K)] 86969K->53522K(163840K), 0.0048820 secs] [Times: user=0.04 sys=0.00, real=0.01 secs] 
319.145: Total time for which application threads were stopped: 0.0050370 seconds, Stopping threads took: 0.0000590 seconds
319.341: Application time: 0.1953770 seconds
319.341: [GC [PSYoungGen: 50065K->6636K(50176K)] 97014K->62848K(163840K), 0.0046540 secs] [Times: user=0.03 sys=0.00, real=0.01 secs] 
319.346: Total time for which application threads were stopped: 0.0048020 seconds, Stopping threads took: 0.0000650 seconds
319.498: Application time: 0.1521760 seconds
319.498: [GC [PSYoungGen: 50135K->6636K(50176K)] 106347K->73536K(163840K), 0.0051230 secs] [Times: user=0.03 sys=0.00, real=0.01 secs] 
319.503: Total time for which application threads were stopped: 0.0052760 seconds, Stopping threads took: 0.0000710 seconds
319.684: Application time: 0.1807960 seconds
319.684: [GC [PSYoungGen: 50134K->5956K(50176K)] 117034K->84256K(163840K), 0.0050840 secs] [Times: user=0.04 sys=0.00, real=0.00 secs] 
319.689: Total time for which application threads were stopped: 0.0052660 seconds, Stopping threads took: 0.0000890 seconds
319.856: Application time: 0.1664340 seconds
319.856: [GC [PSYoungGen: 49445K->6636K(50176K)] 127746K->94921K(163840K), 0.0049300 secs] [Times: user=0.04 sys=0.00, real=0.00 secs] 
319.861: Total time for which application threads were stopped: 0.0050900 seconds, Stopping threads took: 0.0000730 seconds
320.048: Application time: 0.1872730 seconds
320.048: [GC [PSYoungGen: 50118K->6636K(50176K)] 138402K->104192K(163840K), 0.0047070 secs] [Times: user=0.04 sys=0.00, real=0.01 secs] 
320.053: [Full GC [PSYoungGen: 6636K->0K(50176K)] [ParOldGen: 97555K->29137K(113664K)] 104192K->29137K(163840K) [PSPermGen: 6125K->6125K(21504K)], 0.0102430 secs] [Times: user=0.05 sys=0.00, real=0.01 secs] 
320.063: Total time for which application threads were stopped: 0.0151450 seconds, Stopping threads took: 0.0000580 seconds
320.222: Application time: 0.1585620 seconds
320.222: [GC [PSYoungGen: 43498K->6508K(50176K)] 72636K->45621K(163840K), 0.0048950 secs] [Times: user=0.04 sys=0.00, real=0.01 secs] 
320.227: Total time for which application threads were stopped: 0.0050570 seconds, Stopping threads took: 0.0000680 seconds
320.395: Application time: 0.1679040 seconds
320.395: [GC [PSYoungGen: 50016K->6604K(50176K)] 89128K->56405K(163840K), 0.0050010 secs] [Times: user=0.04 sys=0.00, real=0.00 secs] 
320.400: Total time for which application threads were stopped: 0.0051470 seconds, Stopping threads took: 0.0000600 seconds
320.536: Application time: 0.1359970 seconds
320.536: [GC [PSYoungGen: 50086K->6636K(50176K)] 99887K->65708K(163840K), 0.0047540 secs] [Times: user=0.03 sys=0.00, real=0.00 secs] 
320.541: Total time for which application threads were stopped: 0.0049140 seconds, Stopping threads took: 0.0000730 seconds
320.624: Application time: 0.0834970 seconds
320.624: [GC [PSYoungGen: 49448K->6636K(50176K)] 108520K->75700K(163840K), 0.0051160 secs] [Times: user=0.04 sys=0.00, real=0.00 secs] 
320.629: Total time for which application threads were stopped: 0.0052780 seconds, Stopping threads took: 0.0000760 seconds
320.647: Application time: 0.0173480 seconds
320.647: [GC [PSYoungGen: 50119K->6636K(50176K)] 119182K->75716K(163840K), 0.0023920 secs] [Times: user=0.02 sys=0.00, real=0.00 secs] 
320.649: Total time for which application threads were stopped: 0.0025810 seconds, Stopping threads took: 0.0001010 seconds
320.665: Application time: 0.0153790 seconds
320.665: [GC [PSYoungGen: 50118K->5956K(50176K)] 119198K->76461K(163840K), 0.0026160 secs] [Times: user=0.02 sys=0.00, real=0.00 secs] 
320.668: Total time for which application threads were stopped: 0.0027830 seconds, Stopping threads took: 0.0000810 seconds
320.747: Application time: 0.0793980 seconds
320.747: [GC [PSYoungGen: 49454K->6636K(50176K)] 119959K->87846K(163840K), 0.0051230 secs] [Times: user=0.04 sys=0.00, real=0.01 secs] 
320.752: Total time for which application threads were stopped: 0.0053260 seconds, Stopping threads took: 0.0001050 seconds
320.901: Application time: 0.1490510 seconds
320.901: [GC [PSYoungGen: 50118K->6636K(50176K)] 131328K->97149K(163840K), 0.0047520 secs] [Times: user=0.03 sys=0.00, real=0.01 secs] 
320.906: Total time for which application threads were stopped: 0.0049150 seconds, Stopping threads took: 0.0000770 seconds
321.048: Application time: 0.1416380 seconds
321.048: [GC [PSYoungGen: 50127K->6637K(50176K)] 140640K->106412K(163840K), 0.0047710 secs] [Times: user=0.04 sys=0.00, real=0.01 secs] 
321.053: [Full GC [PSYoungGen: 6637K->0K(50176K)] [ParOldGen: 99775K->26287K(113664K)] 106412K->26287K(163840K) [PSPermGen: 6125K->6125K(21504K)], 0.0097290 secs] [Times: user=0.05 sys=0.00, real=0.01 secs] 
321.063: Total time for which application threads were stopped: 0.0147060 seconds, Stopping threads took: 0.0000730 seconds
321.204: Application time: 0.1414170 seconds
321.204: [GC [PSYoungGen: 43202K->6557K(50176K)] 69490K->39970K(163840K), 0.0041320 secs] [Times: user=0.03 sys=0.00, real=0.00 secs] 
321.208: Total time for which application threads were stopped: 0.0042740 seconds, Stopping threads took: 0.0000580 seconds
321.234: Application time: 0.0254390 seconds
321.234: [GC [PSYoungGen: 49647K->6509K(50176K)] 83060K->45622K(163840K), 0.0039450 secs] [Times: user=0.02 sys=0.00, real=0.00 secs] 
321.238: Total time for which application threads were stopped: 0.0041200 seconds, Stopping threads took: 0.0000880 seconds
321.256: Application time: 0.0177870 seconds
321.256: [GC [PSYoungGen: 49985K->6605K(50176K)] 89099K->45719K(163840K), 0.0023900 secs] [Times: user=0.01 sys=0.01, real=0.00 secs] 
321.258: Total time for which application threads were stopped: 0.0025710 seconds, Stopping threads took: 0.0000880 seconds
321.270: Application time: 0.0120000 seconds
321.270: [GC [PSYoungGen: 50089K->6605K(50176K)] 89203K->49994K(163840K), 0.0035790 secs] [Times: user=0.03 sys=0.00, real=0.00 secs] 
321.274: Total time for which application threads were stopped: 0.0037640 seconds, Stopping threads took: 0.0000930 seconds
321.366: Application time: 0.0924080 seconds
321.367: [GC [PSYoungGen: 49426K->6605K(50176K)] 92815K->59970K(163840K), 0.0051010 secs] [Times: user=0.04 sys=0.00, real=0.01 secs] 
321.372: Total time for which application threads were stopped: 0.0052480 seconds, Stopping threads took: 0.0000640 seconds
321.387: Application time: 0.0150030 seconds
321.387: [GC [PSYoungGen: 50083K->6605K(50176K)] 103448K->64958K(163840K), 0.0037420 secs] [Times: user=0.03 sys=0.00, real=0.01 secs] 
321.391: Total time for which application threads were stopped: 0.0039330 seconds, Stopping threads took: 0.0001050 seconds
321.410: Application time: 0.0190740 seconds
321.410: [GC [PSYoungGen: 50087K->6605K(50176K)] 108440K->66383K(163840K), 0.0027490 secs] [Times: user=0.02 sys=0.00, real=0.01 secs] 
321.413: Total time for which application threads were stopped: 0.0029170 seconds, Stopping threads took: 0.0000830 seconds
321.452: Application time: 0.0396100 seconds
321.452: [GC [PSYoungGen: 50100K->6637K(50176K)] 109878K->69978K(163840K), 0.0031440 secs] [Times: user=0.03 sys=0.00, real=0.00 secs] 
321.456: Total time for which application threads were stopped: 0.0032930 seconds, Stopping threads took: 0.0000660 seconds
321.607: Application time: 0.1511760 seconds
321.607: [GC [PSYoungGen: 50142K->6020K(50176K)] 113484K->80049K(163840K), 0.0049060 secs] [Times: user=0.03 sys=0.00, real=0.01 secs] 
321.612: Total time for which application threads were stopped: 0.0050560 seconds, Stopping threads took: 0.0000670 seconds
321.786: Application time: 0.1739650 seconds
321.786: [GC [PSYoungGen: 49502K->6652K(50176K)] 123531K->89961K(163840K), 0.0047740 secs] [Times: user=0.04 sys=0.00, real=0.01 secs] 
321.791: Total time for which application threads were stopped: 0.0049390 seconds, Stopping threads took: 0.0000720 seconds
321.943: Application time: 0.1520200 seconds
321.943: [GC [PSYoungGen: 50134K->6636K(50176K)] 133442K->99236K(163840K), 0.0048120 secs] [Times: user=0.04 sys=0.00, real=0.00 secs] 
321.948: Total time for which application threads were stopped: 0.0049790 seconds, Stopping threads took: 0.0000820 seconds
321.990: Application time: 0.0428300 seconds
321.991: [GC [PSYoungGen: 50151K->5988K(50176K)] 142750K->107138K(163840K), 0.0045290 secs] [Times: user=0.04 sys=0.00, real=0.00 secs] 
321.995: [Full GC [PSYoungGen: 5988K->0K(50176K)] [ParOldGen: 101149K->29850K(113664K)] 107138K->29850K(163840K) [PSPermGen: 6125K->6125K(21504K)], 0.0105490 secs] [Times: user=0.05 sys=0.00, real=0.01 secs] 
322.006: Total time for which application threads were stopped: 0.0152770 seconds, Stopping threads took: 0.0000660 seconds
322.023: Application time: 0.0167450 seconds
322.023: [GC [PSYoungGen: 43477K->3658K(50176K)] 73327K->33508K(163840K), 0.0015650 secs] [Times: user=0.01 sys=0.00, real=0.00 secs] 
322.024: Total time for which application threads were stopped: 0.0017290 seconds, Stopping threads took: 0.0000920 seconds
322.037: Application time: 0.0129600 seconds
322.037: [GC [PSYoungGen: 47141K->6540K(50176K)] 76991K->37103K(163840K), 0.0024800 secs] [Times: user=0.02 sys=0.00, real=0.00 secs] 
322.040: Total time for which application threads were stopped: 0.0026610 seconds, Stopping threads took: 0.0000960 seconds
322.169: Application time: 0.1287110 seconds
322.169: [GC [PSYoungGen: 50036K->6572K(50176K)] 80598K->47110K(163840K), 0.0049050 secs] [Times: user=0.04 sys=0.00, real=0.01 secs] 
322.174: Total time for which application threads were stopped: 0.0050560 seconds, Stopping threads took: 0.0000670 seconds
322.271: Application time: 0.0973020 seconds
322.271: [GC [PSYoungGen: 50087K->6572K(50176K)] 90625K->57086K(163840K), 0.0051110 secs] [Times: user=0.03 sys=0.00, real=0.00 secs] 
322.276: Total time for which application threads were stopped: 0.0052760 seconds, Stopping threads took: 0.0000780 seconds
322.293: Application time: 0.0171360 seconds
322.293: [GC [PSYoungGen: 50054K->6636K(50176K)] 100568K->57150K(163840K), 0.0024000 secs] [Times: user=0.02 sys=0.00, real=0.00 secs] 
322.296: Total time for which application threads were stopped: 0.0025750 seconds, Stopping threads took: 0.0000850 seconds
322.312: Application time: 0.0158470 seconds
322.312: [GC [PSYoungGen: 50126K->6636K(50176K)] 100639K->59296K(163840K), 0.0030080 secs] [Times: user=0.03 sys=0.00, real=0.00 secs] 
322.315: Total time for which application threads were stopped: 0.0031770 seconds, Stopping threads took: 0.0000870 seconds
322.367: Application time: 0.0521670 seconds
322.367: [GC [PSYoungGen: 49448K->6604K(50176K)] 102107K->68526K(163840K), 0.0049040 secs] [Times: user=0.04 sys=0.00, real=0.01 secs] 
322.372: Total time for which application threads were stopped: 0.0050640 seconds, Stopping threads took: 0.0000750 seconds
322.389: Application time: 0.0170270 seconds
322.389: [GC [PSYoungGen: 50078K->6604K(50176K)] 112000K->68526K(163840K), 0.0023640 secs] [Times: user=0.01 sys=0.00, real=0.01 secs] 
322.392: Total time for which application threads were stopped: 0.0025490 seconds, Stopping threads took: 0.0001010 seconds
322.410: Application time: 0.0183790 seconds
322.410: [GC [PSYoungGen: 50090K->6604K(50176K)] 112012K->74227K(163840K), 0.0039560 secs] [Times: user=0.02 sys=0.01, real=0.00 secs] 
322.414: Total time for which application threads were stopped: 0.0041120 seconds, Stopping threads took: 0.0000720 seconds
322.446: Application time: 0.0314220 seconds
322.446: [GC [PSYoungGen: 50099K->6604K(50176K)] 117721K->77789K(163840K), 0.0031790 secs] [Times: user=0.03 sys=0.00, real=0.00 secs] 
322.449: Total time for which application threads were stopped: 0.0033380 seconds, Stopping threads took: 0.0000650 seconds
322.595: Application time: 0.1454990 seconds
322.595: [GC [PSYoungGen: 50119K->6636K(50176K)] 121304K->87828K(163840K), 0.0050850 secs] [Times: user=0.04 sys=0.00, real=0.00 secs] 
322.600: Total time for which application threads were stopped: 0.0052510 seconds, Stopping threads took: 0.0000800 seconds
322.616: Application time: 0.0160600 seconds
322.616: [GC [PSYoungGen: 50067K->6636K(50176K)] 131259K->89986K(163840K), 0.0029880 secs] [Times: user=0.02 sys=0.00, real=0.00 secs] 
322.619: Total time for which application threads were stopped: 0.0031640 seconds, Stopping threads took: 0.0000900 seconds
322.633: Application time: 0.0135420 seconds
322.633: [GC [PSYoungGen: 49484K->6636K(50176K)] 132834K->92880K(163840K), 0.0031220 secs] [Times: user=0.02 sys=0.00, real=0.00 secs] 
322.636: Total time for which application threads were stopped: 0.0034370 seconds, Stopping threads took: 0.0002260 seconds
322.647: Application time: 0.0111100 seconds
322.647: [GC [PSYoungGen: 50121K->6652K(50176K)] 136364K->94321K(163840K), 0.0027780 secs] [Times: user=0.02 sys=0.00, real=0.01 secs] 
322.650: Total time for which application threads were stopped: 0.0029440 seconds, Stopping threads took: 0.0000810 seconds
322.659: Application time: 0.0094230 seconds
322.660: [GC [PSYoungGen: 50135K->6636K(50176K)] 137804K->96459K(163840K), 0.0029880 secs] [Times: user=0.02 sys=0.00, real=0.01 secs] 
322.663: Total time for which application threads were stopped: 0.0031690 seconds, Stopping threads took: 0.0000950 seconds
322.679: Application time: 0.0166920 seconds
322.679: [GC [PSYoungGen: 50138K->6637K(50176K)] 139961K->100750K(163840K), 0.0035220 secs] [Times: user=0.03 sys=0.00, real=0.01 secs] 
322.683: Total time for which application threads were stopped: 0.0036880 seconds, Stopping threads took: 0.0000820 seconds
322.742: Application time: 0.0590230 seconds
322.742: [GC [PSYoungGen: 50127K->5988K(50176K)] 144240K->107226K(163840K), 0.0039170 secs] [Times: user=0.03 sys=0.00, real=0.00 secs] 
322.746: Total time for which application threads were stopped: 0.0040810 seconds, Stopping threads took: 0.0000820 seconds
322.912: Application time: 0.1661680 seconds
322.912: [GC [PSYoungGen: 49474K->6636K(50176K)] 150713K->117154K(163840K), 0.0047000 secs] [Times: user=0.03 sys=0.00, real=0.00 secs] 
322.917: [Full GC [PSYoungGen: 6636K->0K(50176K)] [ParOldGen: 110517K->26287K(113664K)] 117154K->26287K(163840K) [PSPermGen: 6125K->6125K(21504K)], 0.0097160 secs] [Times: user=0.05 sys=0.00, real=0.01 secs] 
322.927: Total time for which application threads were stopped: 0.0146330 seconds, Stopping threads took: 0.0000700 seconds
323.115: Application time: 0.1884690 seconds
323.116: [GC [PSYoungGen: 43479K->6444K(50176K)] 69767K->41994K(163840K), 0.0046810 secs] [Times: user=0.03 sys=0.00, real=0.00 secs] 
323.120: Total time for which application threads were stopped: 0.0048330 seconds, Stopping threads took: 0.0000700 seconds
323.276: Application time: 0.1556470 seconds
323.276: [GC [PSYoungGen: 49939K->6508K(50176K)] 85489K->52746K(163840K), 0.0051520 secs] [Times: user=0.04 sys=0.00, real=0.00 secs] 
323.281: Total time for which application threads were stopped: 0.0053060 seconds, Stopping threads took: 0.0000700 seconds
323.460: Application time: 0.1792060 seconds
323.461: [GC [PSYoungGen: 50006K->6636K(50176K)] 96244K->63562K(163840K), 0.0050700 secs] [Times: user=0.04 sys=0.00, real=0.01 secs] 
323.466: Total time for which application threads were stopped: 0.0052480 seconds, Stopping threads took: 0.0000840 seconds
323.622: Application time: 0.1560960 seconds
323.622: [GC [PSYoungGen: 50142K->6636K(50176K)] 107068K->74971K(163840K), 0.0052810 secs] [Times: user=0.04 sys=0.00, real=0.01 secs] 
323.627: Total time for which application threads were stopped: 0.0054300 seconds, Stopping threads took: 0.0000670 seconds
323.823: Application time: 0.1957460 seconds
323.823: [GC [PSYoungGen: 50118K->6636K(50176K)] 118452K->84954K(163840K), 0.0049220 secs] [Times: user=0.04 sys=0.00, real=0.00 secs] 
323.828: Total time for which application threads were stopped: 0.0050710 seconds, Stopping threads took: 0.0000630 seconds
323.981: Application time: 0.1529160 seconds
323.981: [GC [PSYoungGen: 50126K->5956K(50176K)] 128444K->94962K(163840K), 0.0048960 secs] [Times: user=0.03 sys=0.00, real=0.01 secs] 
323.986: Total time for which application threads were stopped: 0.0050840 seconds, Stopping threads took: 0.0000870 seconds
324.138: Application time: 0.1522320 seconds
324.138: [GC [PSYoungGen: 49446K->6636K(50176K)] 138452K->105626K(163840K), 0.0049580 secs] [Times: user=0.03 sys=0.00, real=0.01 secs] 
324.143: [Full GC [PSYoungGen: 6636K->0K(50176K)] [ParOldGen: 98989K->29137K(113664K)] 105626K->29137K(163840K) [PSPermGen: 6125K->6125K(21504K)], 0.0103380 secs] [Times: user=0.06 sys=0.00, real=0.01 secs] 
324.154: Total time for which application threads were stopped: 0.0155180 seconds, Stopping threads took: 0.0000880 seconds
324.360: Application time: 0.2059530 seconds
324.360: [GC [PSYoungGen: 43498K->6540K(50176K)] 72636K->45654K(163840K), 0.0048540 secs] [Times: user=0.04 sys=0.00, real=0.01 secs] 
324.365: Total time for which application threads were stopped: 0.0050030 seconds, Stopping threads took: 0.0000660 seconds
324.501: Application time: 0.1362930 seconds
324.501: [GC [PSYoungGen: 50031K->6604K(50176K)] 89144K->56406K(163840K), 0.0050840 secs] [Times: user=0.04 sys=0.00, real=0.01 secs] 
324.506: Total time for which application threads were stopped: 0.0052410 seconds, Stopping threads took: 0.0000670 seconds
324.573: Application time: 0.0669050 seconds
324.573: [GC [PSYoungGen: 50124K->6636K(50176K)] 99926K->64997K(163840K), 0.0047280 secs] [Times: user=0.04 sys=0.00, real=0.00 secs] 
324.578: Total time for which application threads were stopped: 0.0048840 seconds, Stopping threads took: 0.0000700 seconds
324.592: Application time: 0.0134780 seconds
324.592: [GC [PSYoungGen: 50132K->6636K(50176K)] 108492K->69985K(163840K), 0.0037890 secs] [Times: user=0.03 sys=0.00, real=0.00 secs] 
324.596: Total time for which application threads were stopped: 0.0039590 seconds, Stopping threads took: 0.0000860 seconds
324.611: Application time: 0.0156820 seconds
324.611: [GC [PSYoungGen: 50119K->6637K(50176K)] 113468K->72835K(163840K), 0.0032310 secs] [Times: user=0.02 sys=0.00, real=0.00 secs] 
324.615: Total time for which application threads were stopped: 0.0033970 seconds, Stopping threads took: 0.0000820 seconds
324.697: Application time: 0.0821890 seconds
324.697: [GC [PSYoungGen: 50129K->6636K(50176K)] 116327K->82819K(163840K), 0.0049150 secs] [Times: user=0.04 sys=0.00, real=0.00 secs] 
324.702: Total time for which application threads were stopped: 0.0050640 seconds, Stopping threads took: 0.0000640 seconds
324.837: Application time: 0.1355160 seconds
324.837: [GC [PSYoungGen: 50127K->6637K(50176K)] 126309K->93515K(163840K), 0.0051250 secs] [Times: user=0.04 sys=0.00, real=0.01 secs] 
324.843: Total time for which application threads were stopped: 0.0052790 seconds, Stopping threads took: 0.0000710 seconds
324.984: Application time: 0.1411690 seconds
324.984: [GC [PSYoungGen: 50119K->6636K(50176K)] 136997K->102794K(163840K), 0.0047410 secs] [Times: user=0.04 sys=0.00, real=0.00 secs] 
324.989: Total time for which application threads were stopped: 0.0049180 seconds, Stopping threads took: 0.0000910 seconds
325.091: Application time: 0.1020140 seconds
325.091: [GC [PSYoungGen: 50154K->5988K(50176K)] 146312K->112834K(163840K), 0.0050960 secs] [Times: user=0.04 sys=0.00, real=0.00 secs] 
325.096: [Full GC [PSYoungGen: 5988K->0K(50176K)] [ParOldGen: 106846K->26288K(113664K)] 112834K->26288K(163840K) [PSPermGen: 6125K->6125K(21504K)], 0.0098750 secs] [Times: user=0.05 sys=0.00, real=0.01 secs] 
325.106: Total time for which application threads were stopped: 0.0152040 seconds, Stopping threads took: 0.0000850 seconds
325.123: Application time: 0.0174830 seconds
325.124: [GC [PSYoungGen: 43481K->1617K(50176K)] 69770K->27905K(163840K), 0.0006570 secs] [Times: user=0.00 sys=0.00, real=0.00 secs] 
325.124: Total time for which application threads were stopped: 0.0007990 seconds, Stopping threads took: 0.0000710 seconds
325.140: Application time: 0.0160910 seconds
325.140: [GC [PSYoungGen: 45110K->6637K(50176K)] 71398K->33638K(163840K), 0.0023650 secs] [Times: user=0.02 sys=0.00, real=0.01 secs] 
325.143: Total time for which application threads were stopped: 0.0025500 seconds, Stopping threads took: 0.0001000 seconds
325.214: Application time: 0.0706570 seconds
325.214: [GC [PSYoungGen: 50128K->6509K(50176K)] 77129K->43486K(163840K), 0.0048680 secs] [Times: user=0.04 sys=0.00, real=0.00 secs] 
325.219: Total time for which application threads were stopped: 0.0050100 seconds, Stopping threads took: 0.0000620 seconds
325.352: Application time: 0.1335030 seconds
325.352: [GC [PSYoungGen: 49320K->6604K(50176K)] 86296K->54270K(163840K), 0.0051340 secs] [Times: user=0.03 sys=0.00, real=0.00 secs] 
325.357: Total time for which application threads were stopped: 0.0052830 seconds, Stopping threads took: 0.0000640 seconds
325.373: Application time: 0.0157630 seconds
325.373: [GC [PSYoungGen: 50085K->6541K(50176K)] 97750K->60619K(163840K), 0.0041430 secs] [Times: user=0.03 sys=0.00, real=0.00 secs] 
325.377: Total time for which application threads were stopped: 0.0043080 seconds, Stopping threads took: 0.0000770 seconds
325.395: Application time: 0.0173270 seconds
325.395: [GC [PSYoungGen: 50019K->6605K(50176K)] 104097K->62108K(163840K), 0.0027860 secs] [Times: user=0.02 sys=0.00, real=0.00 secs] 
325.398: Total time for which application threads were stopped: 0.0029620 seconds, Stopping threads took: 0.0000930 seconds
325.410: Application time: 0.0121570 seconds
325.410: [GC [PSYoungGen: 50087K->6605K(50176K)] 105590K->64246K(163840K), 0.0029070 secs] [Times: user=0.01 sys=0.00, real=0.00 secs] 
325.413: Total time for which application threads were stopped: 0.0030910 seconds, Stopping threads took: 0.0001030 seconds
325.564: Application time: 0.1507800 seconds
325.564: [GC [PSYoungGen: 50119K->6636K(50176K)] 107760K->75006K(163840K), 0.0050600 secs] [Times: user=0.04 sys=0.00, real=0.00 secs] 
325.569: Total time for which application threads were stopped: 0.0052000 seconds, Stopping threads took: 0.0000570 seconds
325.723: Application time: 0.1545380 seconds
325.724: [GC [PSYoungGen: 50145K->5956K(50176K)] 118515K->83589K(163840K), 0.0044830 secs] [Times: user=0.04 sys=0.00, real=0.00 secs] 
325.728: Total time for which application threads were stopped: 0.0046340 seconds, Stopping threads took: 0.0000560 seconds
325.747: Application time: 0.0190950 seconds
325.747: [GC [PSYoungGen: 49438K->5956K(50176K)] 127071K->87151K(163840K), 0.0032090 secs] [Times: user=0.02 sys=0.00, real=0.01 secs] 
325.751: Total time for which application threads were stopped: 0.0034050 seconds, Stopping threads took: 0.0000970 seconds
325.768: Application time: 0.0178390 seconds
325.769: [GC [PSYoungGen: 49435K->5956K(50176K)] 130631K->90002K(163840K), 0.0030400 secs] [Times: user=0.02 sys=0.00, real=0.01 secs] 
325.772: Total time for which application threads were stopped: 0.0032150 seconds, Stopping threads took: 0.0000910 seconds
325.784: Application time: 0.0124430 seconds
325.784: [GC [PSYoungGen: 49441K->5956K(50176K)] 133487K->91427K(163840K), 0.0024360 secs] [Times: user=0.02 sys=0.00, real=0.00 secs] 
325.787: Total time for which application threads were stopped: 0.0026130 seconds, Stopping threads took: 0.0000930 seconds
325.958: Application time: 0.1710890 seconds
325.958: [GC [PSYoungGen: 49445K->5956K(50176K)] 134916K->102115K(163840K), 0.0049220 secs] [Times: user=0.03 sys=0.00, real=0.01 secs] 
325.963: Total time for which application threads were stopped: 0.0050750 seconds, Stopping threads took: 0.0000710 seconds
326.105: Application time: 0.1416560 seconds
326.105: [GC [PSYoungGen: 48767K->5988K(50176K)] 144926K->113547K(163840K), 0.0053250 secs] [Times: user=0.04 sys=0.00, real=0.01 secs] 
326.110: [Full GC [PSYoungGen: 5988K->0K(50176K)] [ParOldGen: 107559K->28425K(113664K)] 113547K->28425K(163840K) [PSPermGen: 6125K->6125K(21504K)], 0.0104530 secs] [Times: user=0.05 sys=0.00, real=0.00 secs] 
326.121: Total time for which application threads were stopped: 0.0159930 seconds, Stopping threads took: 0.0000780 seconds
326.137: Application time: 0.0167400 seconds
326.137: [GC [PSYoungGen: 43475K->4435K(50176K)] 71901K->32860K(163840K), 0.0016770 secs] [Times: user=0.01 sys=0.00, real=0.00 secs] 
326.139: Total time for which application threads were stopped: 0.0018490 seconds, Stopping threads took: 0.0000970 seconds
326.157: Application time: 0.0180030 seconds
326.157: [GC [PSYoungGen: 47918K->6508K(50176K)] 76344K->38496K(163840K), 0.0033050 secs] [Times: user=0.03 sys=0.01, real=0.00 secs] 
326.161: Total time for which application threads were stopped: 0.0034900 seconds, Stopping threads took: 0.0000970 seconds
326.195: Application time: 0.0345970 seconds
326.195: [GC [PSYoungGen: 50004K->6572K(50176K)] 81992K->42835K(163840K), 0.0033140 secs] [Times: user=0.03 sys=0.00, real=0.00 secs] 
326.199: Total time for which application threads were stopped: 0.0034610 seconds, Stopping threads took: 0.0000660 seconds
326.366: Application time: 0.1673860 seconds
326.366: [GC [PSYoungGen: 50059K->6508K(50176K)] 86322K->52034K(163840K), 0.0047180 secs] [Times: user=0.03 sys=0.00, real=0.01 secs] 
326.371: Total time for which application threads were stopped: 0.0048800 seconds, Stopping threads took: 0.0000650 seconds
326.457: Application time: 0.0859190 seconds
326.457: [GC [PSYoungGen: 50023K->6572K(50176K)] 95549K->62073K(163840K), 0.0050660 secs] [Times: user=0.04 sys=0.00, real=0.01 secs] 
326.462: Total time for which application threads were stopped: 0.0052350 seconds, Stopping threads took: 0.0000830 seconds
326.478: Application time: 0.0156650 seconds
326.478: [GC [PSYoungGen: 50057K->6636K(50176K)] 105558K->64275K(163840K), 0.0029750 secs] [Times: user=0.02 sys=0.00, real=0.00 secs] 
326.481: Total time for which application threads were stopped: 0.0031440 seconds, Stopping threads took: 0.0000840 seconds
326.496: Application time: 0.0146190 seconds
326.496: [GC [PSYoungGen: 50123K->6540K(50176K)] 107762K->67742K(163840K), 0.0033070 secs] [Times: user=0.03 sys=0.00, real=0.00 secs] 
326.499: Total time for which application threads were stopped: 0.0034820 seconds, Stopping threads took: 0.0000930 seconds
326.583: Application time: 0.0839070 seconds
326.583: [GC [PSYoungGen: 49811K->6652K(50176K)] 111013K->77124K(163840K), 0.0047550 secs] [Times: user=0.03 sys=0.00, real=0.00 secs] 
326.588: Total time for which application threads were stopped: 0.0048950 seconds, Stopping threads took: 0.0000560 seconds
326.603: Application time: 0.0153150 seconds
326.603: [GC [PSYoungGen: 49703K->6636K(50176K)] 120175K->80683K(163840K), 0.0033460 secs] [Times: user=0.02 sys=0.00, real=0.00 secs] 
326.607: Total time for which application threads were stopped: 0.0036210 seconds, Stopping threads took: 0.0001890 seconds
326.618: Application time: 0.0111370 seconds
326.618: [GC [PSYoungGen: 50120K->6636K(50176K)] 124167K->84254K(163840K), 0.0033370 secs] [Times: user=0.01 sys=0.00, real=0.00 secs] 
326.621: Total time for which application threads were stopped: 0.0035200 seconds, Stopping threads took: 0.0001000 seconds
326.632: Application time: 0.0109740 seconds
326.633: [GC [PSYoungGen: 50124K->5972K(50176K)] 127742K->85727K(163840K), 0.0026690 secs] [Times: user=0.01 sys=0.01, real=0.00 secs] 
326.635: Total time for which application threads were stopped: 0.0029660 seconds, Stopping threads took: 0.0002120 seconds
326.647: Application time: 0.0111600 seconds
326.648: [GC [PSYoungGen: 49460K->5988K(50176K)] 129215K->87881K(163840K), 0.0027340 secs] [Times: user=0.02 sys=0.01, real=0.01 secs] 
326.650: Total time for which application threads were stopped: 0.0037410 seconds, Stopping threads took: 0.0009080 seconds
326.660: Application time: 0.0099170 seconds
326.660: [GC [PSYoungGen: 49470K->6020K(50176K)] 131362K->87913K(163840K), 0.0021010 secs] [Times: user=0.01 sys=0.00, real=0.01 secs] 
326.663: Total time for which application threads were stopped: 0.0022790 seconds, Stopping threads took: 0.0000880 seconds
326.712: Application time: 0.0492860 seconds
326.712: [GC [PSYoungGen: 49519K->6636K(50176K)] 131411K->94978K(163840K), 0.0039050 secs] [Times: user=0.02 sys=0.00, real=0.00 secs] 
326.716: Total time for which application threads were stopped: 0.0040470 seconds, Stopping threads took: 0.0000610 seconds
326.885: Application time: 0.1690910 seconds
326.885: [GC [PSYoungGen: 50116K->6636K(50176K)] 138457K->104280K(163840K), 0.0047320 secs] [Times: user=0.04 sys=0.00, real=0.00 secs] 
326.890: Total time for which application threads were stopped: 0.0048970 seconds, Stopping threads took: 0.0000690 seconds
327.049: Application time: 0.1589000 seconds
327.049: [GC [PSYoungGen: 50125K->6636K(50176K)] 147769K->114296K(163840K), 0.0049770 secs] [Times: user=0.04 sys=0.00, real=0.01 secs] 
327.054: [Full GC [PSYoungGen: 6636K->0K(50176K)] [ParOldGen: 107659K->26287K(113664K)] 114296K->26287K(163840K) [PSPermGen: 6125K->6125K(21504K)], 0.0096470 secs] [Times: user=0.05 sys=0.00, real=0.01 secs] 
327.064: Total time for which application threads were stopped: 0.0148260 seconds, Stopping threads took: 0.0000660 seconds
327.249: Application time: 0.1856620 seconds
327.249: [GC [PSYoungGen: 43488K->6508K(50176K)] 69776K->43484K(163840K), 0.0051850 secs] [Times: user=0.03 sys=0.00, real=0.01 secs] 
327.255: Total time for which application threads were stopped: 0.0053310 seconds, Stopping threads took: 0.0000630 seconds
327.435: Application time: 0.1801220 seconds
327.435: [GC [PSYoungGen: 50004K->6572K(50176K)] 86979K->52811K(163840K), 0.0046170 secs] [Times: user=0.03 sys=0.00, real=0.00 secs] 
327.439: Total time for which application threads were stopped: 0.0047770 seconds, Stopping threads took: 0.0000670 seconds
327.606: Application time: 0.1661920 seconds
327.606: [GC [PSYoungGen: 50075K->6636K(50176K)] 96313K->62858K(163840K), 0.0048820 secs] [Times: user=0.03 sys=0.00, real=0.01 secs] 
327.611: Total time for which application threads were stopped: 0.0050370 seconds, Stopping threads took: 0.0000710 seconds
327.766: Application time: 0.1557630 seconds
327.767: [GC [PSYoungGen: 50126K->6636K(50176K)] 106348K->72842K(163840K), 0.0048840 secs] [Times: user=0.04 sys=0.00, real=0.01 secs] 
327.772: Total time for which application threads were stopped: 0.0050390 seconds, Stopping threads took: 0.0000730 seconds
327.931: Application time: 0.1593800 seconds
327.931: [GC [PSYoungGen: 50127K->6636K(50176K)] 116332K->82826K(163840K), 0.0049510 secs] [Times: user=0.04 sys=0.00, real=0.00 secs] 
327.936: Total time for which application threads were stopped: 0.0051130 seconds, Stopping threads took: 0.0000790 seconds
328.101: Application time: 0.1647780 seconds
328.101: [GC [PSYoungGen: 50127K->6636K(50176K)] 126316K->92809K(163840K), 0.0049330 secs] [Times: user=0.04 sys=0.00, real=0.01 secs] 
328.106: Total time for which application threads were stopped: 0.0051140 seconds, Stopping threads took: 0.0000800 seconds
328.280: Application time: 0.1744870 seconds
328.280: [GC [PSYoungGen: 50127K->6636K(50176K)] 136300K->102080K(163840K), 0.0047330 secs] [Times: user=0.04 sys=0.00, real=0.01 secs] 
328.285: Total time for which application threads were stopped: 0.0048820 seconds, Stopping threads took: 0.0000660 seconds
328.442: Application time: 0.1566570 seconds
328.442: [GC [PSYoungGen: 50127K->6636K(50176K)] 145570K->112064K(163840K), 0.0049810 secs] [Times: user=0.03 sys=0.00, real=0.00 secs] 
328.447: [Full GC [PSYoungGen: 6636K->0K(50176K)] [ParOldGen: 105427K->28426K(113664K)] 112064K->28426K(163840K) [PSPermGen: 6125K->6125K(21504K)], 0.0101520 secs] [Times: user=0.06 sys=0.00, real=0.01 secs] 
328.457: Total time for which application threads were stopped: 0.0153650 seconds, Stopping threads took: 0.0001020 seconds
328.552: Application time: 0.0950130 seconds
328.552: [GC [PSYoungGen: 42811K->6476K(50176K)] 71237K->44878K(163840K), 0.0050530 secs] [Times: user=0.04 sys=0.00, real=0.00 secs] 
328.558: Total time for which application threads were stopped: 0.0052280 seconds, Stopping threads took: 0.0000830 seconds
328.572: Application time: 0.0148980 seconds
328.573: [GC [PSYoungGen: 49963K->6604K(50176K)] 88365K->48569K(163840K), 0.0033620 secs] [Times: user=0.02 sys=0.00, real=0.00 secs] 
328.576: Total time for which application threads were stopped: 0.0035610 seconds, Stopping threads took: 0.0001140 seconds
328.593: Application time: 0.0166930 seconds
328.593: [GC [PSYoungGen: 50086K->6605K(50176K)] 92050K->48569K(163840K), 0.0024070 secs] [Times: user=0.01 sys=0.00, real=0.00 secs] 
328.595: Total time for which application threads were stopped: 0.0025790 seconds, Stopping threads took: 0.0000890 seconds
328.680: Application time: 0.0849570 seconds
328.680: [GC [PSYoungGen: 50114K->6636K(50176K)] 92079K->59297K(163840K), 0.0050430 secs] [Times: user=0.04 sys=0.00, real=0.01 secs] 
328.685: Total time for which application threads were stopped: 0.0052070 seconds, Stopping threads took: 0.0000650 seconds
328.835: Application time: 0.1500570 seconds
328.836: [GC [PSYoungGen: 50118K->6572K(50176K)] 102779K->68497K(163840K), 0.0046700 secs] [Times: user=0.04 sys=0.00, real=0.00 secs] 
328.840: Total time for which application threads were stopped: 0.0048230 seconds, Stopping threads took: 0.0000690 seconds
328.894: Application time: 0.0539530 seconds
328.894: [GC [PSYoungGen: 50086K->6605K(50176K)] 112010K->77792K(163840K), 0.0048990 secs] [Times: user=0.03 sys=0.00, real=0.00 secs] 
328.899: Total time for which application threads were stopped: 0.0050630 seconds, Stopping threads took: 0.0000780 seconds
328.916: Application time: 0.0163310 seconds
328.916: [GC [PSYoungGen: 50089K->6637K(50176K)] 121277K->79970K(163840K), 0.0029930 secs] [Times: user=0.03 sys=0.00, real=0.00 secs] 
328.919: Total time for which application threads were stopped: 0.0031620 seconds, Stopping threads took: 0.0000840 seconds
328.932: Application time: 0.0134920 seconds
328.932: [GC [PSYoungGen: 50122K->6637K(50176K)] 123455K->83532K(163840K), 0.0033970 secs] [Times: user=0.03 sys=0.00, real=0.00 secs] 
328.936: Total time for which application threads were stopped: 0.0035660 seconds, Stopping threads took: 0.0000830 seconds
329.023: Application time: 0.0869230 seconds
329.023: [GC [PSYoungGen: 50136K->6637K(50176K)] 127032K->94229K(163840K), 0.0051320 secs] [Times: user=0.03 sys=0.00, real=0.00 secs] 
329.028: Total time for which application threads were stopped: 0.0052770 seconds, Stopping threads took: 0.0000610 seconds
329.178: Application time: 0.1503270 seconds
329.179: [GC [PSYoungGen: 50119K->6637K(50176K)] 137711K->103500K(163840K), 0.0047460 secs] [Times: user=0.03 sys=0.00, real=0.01 secs] 
329.183: Total time for which application threads were stopped: 0.0048950 seconds, Stopping threads took: 0.0000690 seconds
329.332: Application time: 0.1486380 seconds
329.332: [GC [PSYoungGen: 50119K->6637K(50176K)] 146982K->112763K(163840K), 0.0047100 secs] [Times: user=0.04 sys=0.00, real=0.00 secs] 
329.337: [Full GC [PSYoungGen: 6637K->0K(50176K)] [ParOldGen: 106126K->27243K(113664K)] 112763K->27243K(163840K) [PSPermGen: 6125K->6125K(21504K)], 0.0096530 secs] [Times: user=0.05 sys=0.00, real=0.01 secs] 
329.347: Total time for which application threads were stopped: 0.0145750 seconds, Stopping threads took: 0.0000690 seconds
329.389: Application time: 0.0428830 seconds
329.390: [GC [PSYoungGen: 42810K->6572K(50176K)] 70054K->38092K(163840K), 0.0034860 secs] [Times: user=0.03 sys=0.00, real=0.01 secs] 
329.393: Total time for which application threads were stopped: 0.0036590 seconds, Stopping threads took: 0.0000890 seconds
329.409: Application time: 0.0157730 seconds
329.409: [GC [PSYoungGen: 50052K->6573K(50176K)] 81571K->42367K(163840K), 0.0035450 secs] [Times: user=0.02 sys=0.00, real=0.01 secs] 
329.413: Total time for which application threads were stopped: 0.0037110 seconds, Stopping threads took: 0.0000810 seconds
329.426: Application time: 0.0135020 seconds
329.426: [GC [PSYoungGen: 50056K->6573K(50176K)] 85850K->45217K(163840K), 0.0031840 secs] [Times: user=0.02 sys=0.00, real=0.00 secs] 
329.429: Total time for which application threads were stopped: 0.0033440 seconds, Stopping threads took: 0.0000690 seconds
329.519: Application time: 0.0897510 seconds
329.519: [GC [PSYoungGen: 49398K->6636K(50176K)] 88043K->55970K(163840K), 0.0051050 secs] [Times: user=0.04 sys=0.00, real=0.01 secs] 
329.524: Total time for which application threads were stopped: 0.0052620 seconds, Stopping threads took: 0.0000730 seconds
329.543: Application time: 0.0185570 seconds
329.543: [GC [PSYoungGen: 50112K->6636K(50176K)] 99446K->56690K(163840K), 0.0025020 secs] [Times: user=0.01 sys=0.00, real=0.00 secs] 
329.546: Total time for which application threads were stopped: 0.0027700 seconds, Stopping threads took: 0.0001850 seconds
329.564: Application time: 0.0185500 seconds
329.564: [GC [PSYoungGen: 50128K->6637K(50176K)] 100182K->59541K(163840K), 0.0031970 secs] [Times: user=0.02 sys=0.00, real=0.00 secs] 
329.568: Total time for which application threads were stopped: 0.0033840 seconds, Stopping threads took: 0.0001010 seconds
329.584: Application time: 0.0160470 seconds
329.584: [GC [PSYoungGen: 50130K->6637K(50176K)] 103034K->61694K(163840K), 0.0027560 secs] [Times: user=0.01 sys=0.00, real=0.00 secs] 
329.587: Total time for which application threads were stopped: 0.0029050 seconds, Stopping threads took: 0.0000680 seconds
329.747: Application time: 0.1599520 seconds
329.747: [GC [PSYoungGen: 50118K->6636K(50176K)] 105176K->71686K(163840K), 0.0049480 secs] [Times: user=0.04 sys=0.00, real=0.01 secs] 
329.752: Total time for which application threads were stopped: 0.0051060 seconds, Stopping threads took: 0.0000740 seconds
329.941: Application time: 0.1888520 seconds
329.941: [GC [PSYoungGen: 50126K->6636K(50176K)] 115175K->81693K(163840K), 0.0048650 secs] [Times: user=0.03 sys=0.00, real=0.01 secs] 
329.946: Total time for which application threads were stopped: 0.0050410 seconds, Stopping threads took: 0.0000800 seconds
329.974: Application time: 0.0279160 seconds
329.974: [GC [PSYoungGen: 50151K->5972K(50176K)] 125208K->88154K(163840K), 0.0041270 secs] [Times: user=0.03 sys=0.00, real=0.00 secs] 
329.978: Total time for which application threads were stopped: 0.0043150 seconds, Stopping threads took: 0.0001010 seconds
329.993: Application time: 0.0155620 seconds
329.994: [GC [PSYoungGen: 49453K->5972K(50176K)] 131635K->93142K(163840K), 0.0035670 secs] [Times: user=0.03 sys=0.00, real=0.00 secs] 
329.997: Total time for which application threads were stopped: 0.0037540 seconds, Stopping threads took: 0.0001010 seconds
330.011: Application time: 0.0140560 seconds
330.011: [GC [PSYoungGen: 49453K->6637K(50176K)] 136623K->93806K(163840K), 0.0024760 secs] [Times: user=0.01 sys=0.00, real=0.00 secs] 
330.014: Total time for which application threads were stopped: 0.0026650 seconds, Stopping threads took: 0.0001080 seconds
330.136: Application time: 0.1224520 seconds
330.136: [GC [PSYoungGen: 50126K->6652K(50176K)] 137296K->103829K(163840K), 0.0049300 secs] [Times: user=0.04 sys=0.00, real=0.00 secs] 
330.141: Total time for which application threads were stopped: 0.0051020 seconds, Stopping threads took: 0.0000870 seconds
330.304: Application time: 0.1625110 seconds
330.304: [GC [PSYoungGen: 50132K->5972K(50176K)] 147310K->113124K(163840K), 0.0047590 secs] [Times: user=0.03 sys=0.00, real=0.00 secs] 
330.309: [Full GC [PSYoungGen: 5972K->0K(50176K)] [ParOldGen: 107152K->28425K(113664K)] 113124K->28425K(163840K) [PSPermGen: 6125K->6125K(21504K)], 0.0101200 secs] [Times: user=0.05 sys=0.00, real=0.01 secs] 
330.319: Total time for which application threads were stopped: 0.0150920 seconds, Stopping threads took: 0.0000850 seconds
330.396: Application time: 0.0767920 seconds
330.397: [GC [PSYoungGen: 42808K->6508K(50176K)] 71234K->44197K(163840K), 0.0048400 secs] [Times: user=0.04 sys=0.00, real=0.00 secs] 
330.402: Total time for which application threads were stopped: 0.0057520 seconds, Stopping threads took: 0.0008250 seconds
330.417: Application time: 0.0156230 seconds
330.417: [GC [PSYoungGen: 49993K->6540K(50176K)] 87681K->46366K(163840K), 0.0029520 secs] [Times: user=0.02 sys=0.00, real=0.00 secs] 
330.420: Total time for which application threads were stopped: 0.0031260 seconds, Stopping threads took: 0.0000890 seconds
330.436: Application time: 0.0153190 seconds
330.436: [GC [PSYoungGen: 50022K->6572K(50176K)] 89848K->47824K(163840K), 0.0028090 secs] [Times: user=0.02 sys=0.00, real=0.00 secs] 
330.439: Total time for which application threads were stopped: 0.0029930 seconds, Stopping threads took: 0.0001020 seconds
330.486: Application time: 0.0476370 seconds
330.487: [GC [PSYoungGen: 50092K->6636K(50176K)] 91344K->55021K(163840K), 0.0043980 secs] [Times: user=0.03 sys=0.00, real=0.01 secs] 
330.491: Total time for which application threads were stopped: 0.0046930 seconds, Stopping threads took: 0.0001960 seconds
330.507: Application time: 0.0158270 seconds
330.507: [GC [PSYoungGen: 50122K->6620K(50176K)] 98507K->58567K(163840K), 0.0032150 secs] [Times: user=0.02 sys=0.00, real=0.01 secs] 
330.510: Total time for which application threads were stopped: 0.0034080 seconds, Stopping threads took: 0.0001110 seconds
330.531: Application time: 0.0205890 seconds
330.531: [GC [PSYoungGen: 50104K->6636K(50176K)] 102051K->62146K(163840K), 0.0032760 secs] [Times: user=0.02 sys=0.00, real=0.00 secs] 
330.534: Total time for which application threads were stopped: 0.0034700 seconds, Stopping threads took: 0.0001080 seconds
330.598: Application time: 0.0636860 seconds
330.598: [GC [PSYoungGen: 49462K->6652K(50176K)] 104972K->70032K(163840K), 0.0041710 secs] [Times: user=0.03 sys=0.00, real=0.01 secs] 
330.602: Total time for which application threads were stopped: 0.0043090 seconds, Stopping threads took: 0.0000570 seconds
330.620: Application time: 0.0175350 seconds
330.620: [GC [PSYoungGen: 50128K->6636K(50176K)] 113508K->75003K(163840K), 0.0037940 secs] [Times: user=0.03 sys=0.00, real=0.01 secs] 
330.624: Total time for which application threads were stopped: 0.0039750 seconds, Stopping threads took: 0.0000950 seconds
330.642: Application time: 0.0176880 seconds
330.642: [GC [PSYoungGen: 50117K->6636K(50176K)] 118484K->78566K(163840K), 0.0032600 secs] [Times: user=0.02 sys=0.00, real=0.01 secs] 
330.645: Total time for which application threads were stopped: 0.0034270 seconds, Stopping threads took: 0.0000800 seconds
330.658: Application time: 0.0125990 seconds
330.658: [GC [PSYoungGen: 50118K->6636K(50176K)] 122048K->78566K(163840K), 0.0022820 secs] [Times: user=0.02 sys=0.00, real=0.00 secs] 
330.660: Total time for which application threads were stopped: 0.0024690 seconds, Stopping threads took: 0.0001000 seconds
330.821: Application time: 0.1605930 seconds
330.821: [GC [PSYoungGen: 50133K->6652K(50176K)] 122063K->89294K(163840K), 0.0051340 secs] [Times: user=0.03 sys=0.00, real=0.01 secs] 
330.826: Total time for which application threads were stopped: 0.0053110 seconds, Stopping threads took: 0.0000920 seconds
331.025: Application time: 0.1991120 seconds
331.025: [GC [PSYoungGen: 50141K->6004K(50176K)] 132782K->99333K(163840K), 0.0048930 secs] [Times: user=0.03 sys=0.00, real=0.01 secs] 
331.030: Total time for which application threads were stopped: 0.0050830 seconds, Stopping threads took: 0.0000950 seconds
331.171: Application time: 0.1411190 seconds
331.171: [GC [PSYoungGen: 49484K->6636K(50176K)] 142814K->109284K(163840K), 0.0047030 secs] [Times: user=0.04 sys=0.00, real=0.00 secs] 
331.176: [Full GC [PSYoungGen: 6636K->0K(50176K)] [ParOldGen: 102648K->27000K(113664K)] 109284K->27000K(163840K) [PSPermGen: 6125K->6125K(21504K)], 0.0100810 secs] [Times: user=0.05 sys=0.00, real=0.01 secs] 
331.186: Total time for which application threads were stopped: 0.0150190 seconds, Stopping threads took: 0.0000990 seconds
331.382: Application time: 0.1957150 seconds
331.382: [GC [PSYoungGen: 43495K->6572K(50176K)] 70496K->43549K(163840K), 0.0048560 secs] [Times: user=0.03 sys=0.00, real=0.00 secs] 
331.387: Total time for which application threads were stopped: 0.0049970 seconds, Stopping threads took: 0.0000600 seconds
331.539: Application time: 0.1515830 seconds
331.539: [GC [PSYoungGen: 50077K->6636K(50176K)] 87053K->54301K(163840K), 0.0050890 secs] [Times: user=0.04 sys=0.00, real=0.01 secs] 
331.544: Total time for which application threads were stopped: 0.0052580 seconds, Stopping threads took: 0.0000690 seconds
331.694: Application time: 0.1501680 seconds
331.694: [GC [PSYoungGen: 50135K->6636K(50176K)] 97800K->64989K(163840K), 0.0051810 secs] [Times: user=0.04 sys=0.00, real=0.00 secs] 
331.699: Total time for which application threads were stopped: 0.0053340 seconds, Stopping threads took: 0.0000710 seconds
331.878: Application time: 0.1783580 seconds
331.878: [GC [PSYoungGen: 50126K->6636K(50176K)] 108479K->74260K(163840K), 0.0046260 secs] [Times: user=0.04 sys=0.00, real=0.01 secs] 
331.882: Total time for which application threads were stopped: 0.0047920 seconds, Stopping threads took: 0.0000810 seconds
332.036: Application time: 0.1539820 seconds
332.037: [GC [PSYoungGen: 50118K->6636K(50176K)] 117742K->84236K(163840K), 0.0049760 secs] [Times: user=0.04 sys=0.00, real=0.00 secs] 
332.042: Total time for which application threads were stopped: 0.0051280 seconds, Stopping threads took: 0.0000690 seconds
332.208: Application time: 0.1666160 seconds
332.208: [GC [PSYoungGen: 50127K->6636K(50176K)] 127726K->93507K(163840K), 0.0047390 secs] [Times: user=0.04 sys=0.00, real=0.01 secs] 
332.213: Total time for which application threads were stopped: 0.0049250 seconds, Stopping threads took: 0.0000890 seconds
332.376: Application time: 0.1628960 seconds
332.376: [GC [PSYoungGen: 50118K->6636K(50176K)] 136989K->103482K(163840K), 0.0050060 secs] [Times: user=0.04 sys=0.00, real=0.00 secs] 
332.381: Total time for which application threads were stopped: 0.0051580 seconds, Stopping threads took: 0.0000700 seconds
332.461: Application time: 0.0800590 seconds
332.461: [GC [PSYoungGen: 49463K->5956K(50176K)] 146309K->114203K(163840K), 0.0052340 secs] [Times: user=0.04 sys=0.00, real=0.01 secs] 
332.467: [Full GC [PSYoungGen: 5956K->0K(50176K)] [ParOldGen: 108246K->27001K(113664K)] 114203K->27001K(163840K) [PSPermGen: 6125K->6125K(21504K)], 0.0099380 secs] [Times: user=0.05 sys=0.00, real=0.01 secs] 
332.477: Total time for which application threads were stopped: 0.0153780 seconds, Stopping threads took: 0.0000700 seconds
332.492: Application time: 0.0149980 seconds
332.492: [GC [PSYoungGen: 43486K->6540K(50176K)] 70488K->35680K(163840K), 0.0027550 secs] [Times: user=0.02 sys=0.00, real=0.00 secs] 
332.495: Total time for which application threads were stopped: 0.0029210 seconds, Stopping threads took: 0.0000830 seconds
332.513: Application time: 0.0179580 seconds
332.513: [GC [PSYoungGen: 50021K->6541K(50176K)] 79160K->36392K(163840K), 0.0024680 secs] [Times: user=0.01 sys=0.00, real=0.00 secs] 
332.515: Total time for which application threads were stopped: 0.0026560 seconds, Stopping threads took: 0.0001090 seconds
332.576: Application time: 0.0610610 seconds
332.576: [GC [PSYoungGen: 50034K->6508K(50176K)] 79886K->44198K(163840K), 0.0041790 secs] [Times: user=0.03 sys=0.00, real=0.00 secs] 
332.581: Total time for which application threads were stopped: 0.0043440 seconds, Stopping threads took: 0.0000810 seconds
332.732: Application time: 0.1510370 seconds
332.732: [GC [PSYoungGen: 49998K->6508K(50176K)] 87688K->54174K(163840K), 0.0048730 secs] [Times: user=0.04 sys=0.00, real=0.00 secs] 
332.737: Total time for which application threads were stopped: 0.0050420 seconds, Stopping threads took: 0.0000730 seconds
332.777: Application time: 0.0404340 seconds
332.777: [GC [PSYoungGen: 49317K->6604K(50176K)] 96983K->59971K(163840K), 0.0039060 secs] [Times: user=0.03 sys=0.00, real=0.00 secs] 
332.781: Total time for which application threads were stopped: 0.0040680 seconds, Stopping threads took: 0.0000720 seconds
332.796: Application time: 0.0149810 seconds
332.796: [GC [PSYoungGen: 50084K->6636K(50176K)] 103450K->62853K(163840K), 0.0031820 secs] [Times: user=0.02 sys=0.00, real=0.00 secs] 
332.800: Total time for which application threads were stopped: 0.0033660 seconds, Stopping threads took: 0.0000890 seconds
332.813: Application time: 0.0130850 seconds
332.813: [GC [PSYoungGen: 50122K->6604K(50176K)] 106338K->65671K(163840K), 0.0031400 secs] [Times: user=0.03 sys=0.00, real=0.00 secs] 
332.816: Total time for which application threads were stopped: 0.0033800 seconds, Stopping threads took: 0.0001530 seconds
332.929: Application time: 0.1126120 seconds
332.929: [GC [PSYoungGen: 50094K->6572K(50176K)] 109161K->75615K(163840K), 0.0048840 secs] [Times: user=0.04 sys=0.00, real=0.01 secs] 
332.934: Total time for which application threads were stopped: 0.0050340 seconds, Stopping threads took: 0.0000670 seconds
333.078: Application time: 0.1442200 seconds
333.078: [GC [PSYoungGen: 50054K->6573K(50176K)] 119097K->85591K(163840K), 0.0049020 secs] [Times: user=0.02 sys=0.00, real=0.01 secs] 
333.083: Total time for which application threads were stopped: 0.0050610 seconds, Stopping threads took: 0.0000720 seconds
333.163: Application time: 0.0801970 seconds
333.163: [GC [PSYoungGen: 50088K->6636K(50176K)] 129106K->95630K(163840K), 0.0050190 secs] [Times: user=0.04 sys=0.00, real=0.00 secs] 
333.168: Total time for which application threads were stopped: 0.0051880 seconds, Stopping threads took: 0.0000800 seconds
333.183: Application time: 0.0144600 seconds
333.183: [GC [PSYoungGen: 50125K->6605K(50176K)] 139119K->100586K(163840K), 0.0036550 secs] [Times: user=0.02 sys=0.00, real=0.00 secs] 
333.187: Total time for which application threads were stopped: 0.0038050 seconds, Stopping threads took: 0.0000680 seconds
333.203: Application time: 0.0165280 seconds
333.203: [GC [PSYoungGen: 50087K->6605K(50176K)] 144069K->103437K(163840K), 0.0032370 secs] [Times: user=0.02 sys=0.01, real=0.00 secs] 
333.207: Total time for which application threads were stopped: 0.0034050 seconds, Stopping threads took: 0.0000830 seconds
333.269: Application time: 0.0623510 seconds
333.269: [GC [PSYoungGen: 50107K->6637K(50176K)] 146939K->112748K(163840K), 0.0047040 secs] [Times: user=0.03 sys=0.00, real=0.01 secs] 
333.274: [Full GC [PSYoungGen: 6637K->0K(50176K)] [ParOldGen: 106111K->25811K(113664K)] 112748K->25811K(163840K) [PSPermGen: 6125K->6125K(21504K)], 0.0094060 secs] [Times: user=0.05 sys=0.00, real=0.01 secs] 
333.283: Total time for which application threads were stopped: 0.0143280 seconds, Stopping threads took: 0.0000750 seconds
333.449: Application time: 0.1653240 seconds
333.449: [GC [PSYoungGen: 43496K->6541K(50176K)] 69307K->42327K(163840K), 0.0049170 secs] [Times: user=0.04 sys=0.00, real=0.01 secs] 
333.454: Total time for which application threads were stopped: 0.0050710 seconds, Stopping threads took: 0.0000710 seconds
333.498: Application time: 0.0446050 seconds
333.498: [GC [PSYoungGen: 49353K->6604K(50176K)] 85140K->50942K(163840K), 0.0046090 secs] [Times: user=0.03 sys=0.00, real=0.01 secs] 
333.503: Total time for which application threads were stopped: 0.0047680 seconds, Stopping threads took: 0.0000760 seconds
333.519: Application time: 0.0156120 seconds
333.519: [GC [PSYoungGen: 50081K->6636K(50176K)] 94419K->52399K(163840K), 0.0027610 secs] [Times: user=0.02 sys=0.00, real=0.00 secs] 
333.522: Total time for which application threads were stopped: 0.0029200 seconds, Stopping threads took: 0.0000750 seconds
333.536: Application time: 0.0140390 seconds
333.536: [GC [PSYoungGen: 50120K->6605K(50176K)] 95882K->55217K(163840K), 0.0032040 secs] [Times: user=0.03 sys=0.00, real=0.00 secs] 
333.539: Total time for which application threads were stopped: 0.0033790 seconds, Stopping threads took: 0.0000850 seconds
333.668: Application time: 0.1289220 seconds
333.668: [GC [PSYoungGen: 50095K->6636K(50176K)] 98707K->65233K(163840K), 0.0047680 secs] [Times: user=0.04 sys=0.00, real=0.01 secs] 
333.673: Total time for which application threads were stopped: 0.0049170 seconds, Stopping threads took: 0.0000700 seconds
333.766: Application time: 0.0931720 seconds
333.766: [GC [PSYoungGen: 49447K->6636K(50176K)] 108043K->75921K(163840K), 0.0053450 secs] [Times: user=0.04 sys=0.00, real=0.01 secs] 
333.771: Total time for which application threads were stopped: 0.0055300 seconds, Stopping threads took: 0.0000930 seconds
333.789: Application time: 0.0180120 seconds
333.790: [GC [PSYoungGen: 50118K->6636K(50176K)] 119403K->75921K(163840K), 0.0023820 secs] [Times: user=0.01 sys=0.00, real=0.01 secs] 
333.792: Total time for which application threads were stopped: 0.0025520 seconds, Stopping threads took: 0.0000750 seconds
333.808: Application time: 0.0157100 seconds
333.808: [GC [PSYoungGen: 50121K->6637K(50176K)] 119405K->80196K(163840K), 0.0035970 secs] [Times: user=0.03 sys=0.00, real=0.01 secs] 
333.812: Total time for which application threads were stopped: 0.0037690 seconds, Stopping threads took: 0.0000850 seconds
333.887: Application time: 0.0753850 seconds
333.887: [GC [PSYoungGen: 50128K->6636K(50176K)] 123687K->88754K(163840K), 0.0045770 secs] [Times: user=0.03 sys=0.00, real=0.01 secs] 
333.892: Total time for which application threads were stopped: 0.0047240 seconds, Stopping threads took: 0.0000670 seconds
334.056: Application time: 0.1644140 seconds
334.056: [GC [PSYoungGen: 50117K->6636K(50176K)] 132235K->98025K(163840K), 0.0047670 secs] [Times: user=0.04 sys=0.00, real=0.00 secs] 
334.061: Total time for which application threads were stopped: 0.0049240 seconds, Stopping threads took: 0.0000720 seconds
334.231: Application time: 0.1697370 seconds
334.231: [GC [PSYoungGen: 50125K->6636K(50176K)] 141514K->108037K(163840K), 0.0049300 secs] [Times: user=0.04 sys=0.00, real=0.00 secs] 
334.236: [Full GC [PSYoungGen: 6636K->0K(50176K)] [ParOldGen: 101400K->29138K(113664K)] 108037K->29138K(163840K) [PSPermGen: 6125K->6125K(21504K)], 0.0103380 secs] [Times: user=0.05 sys=0.00, real=0.01 secs] 
334.246: Total time for which application threads were stopped: 0.0154670 seconds, Stopping threads took: 0.0000660 seconds
334.302: Application time: 0.0559050 seconds
334.302: [GC [PSYoungGen: 43516K->6508K(50176K)] 72655K->41347K(163840K), 0.0038520 secs] [Times: user=0.03 sys=0.00, real=0.00 secs] 
334.306: Total time for which application threads were stopped: 0.0040400 seconds, Stopping threads took: 0.0000920 seconds
334.323: Application time: 0.0166950 seconds
334.323: [GC [PSYoungGen: 49985K->6476K(50176K)] 84824K->43453K(163840K), 0.0029120 secs] [Times: user=0.02 sys=0.00, real=0.00 secs] 
334.326: Total time for which application threads were stopped: 0.0030760 seconds, Stopping threads took: 0.0000810 seconds
334.339: Application time: 0.0130850 seconds
334.339: [GC [PSYoungGen: 49961K->6572K(50176K)] 86938K->48537K(163840K), 0.0037420 secs] [Times: user=0.03 sys=0.00, real=0.01 secs] 
334.343: Total time for which application threads were stopped: 0.0039350 seconds, Stopping threads took: 0.0001110 seconds
334.378: Application time: 0.0351230 seconds
334.378: [GC [PSYoungGen: 50090K->6572K(50176K)] 92054K->54237K(163840K), 0.0039030 secs] [Times: user=0.02 sys=0.00, real=0.01 secs] 
334.382: Total time for which application threads were stopped: 0.0040760 seconds, Stopping threads took: 0.0000810 seconds
334.399: Application time: 0.0164410 seconds
334.399: [GC [PSYoungGen: 50055K->6636K(50176K)] 97719K->55013K(163840K), 0.0026270 secs] [Times: user=0.02 sys=0.00, real=0.00 secs] 
334.401: Total time for which application threads were stopped: 0.0027960 seconds, Stopping threads took: 0.0000860 seconds
334.417: Application time: 0.0154890 seconds
334.417: [GC [PSYoungGen: 50120K->6636K(50176K)] 98497K->55014K(163840K), 0.0023810 secs] [Times: user=0.02 sys=0.00, real=0.00 secs] 
334.419: Total time for which application threads were stopped: 0.0025610 seconds, Stopping threads took: 0.0000960 seconds
334.510: Application time: 0.0904220 seconds
334.510: [GC [PSYoungGen: 50143K->6604K(50176K)] 98520K->66382K(163840K), 0.0052900 secs] [Times: user=0.04 sys=0.01, real=0.00 secs] 
334.515: Total time for which application threads were stopped: 0.0054590 seconds, Stopping threads took: 0.0000830 seconds
334.569: Application time: 0.0536460 seconds
334.569: [GC [PSYoungGen: 50118K->6620K(50176K)] 109896K->73523K(163840K), 0.0043960 secs] [Times: user=0.03 sys=0.00, real=0.01 secs] 
334.574: Total time for which application threads were stopped: 0.0045700 seconds, Stopping threads took: 0.0000850 seconds
334.590: Application time: 0.0165220 seconds
334.590: [GC [PSYoungGen: 50099K->6636K(50176K)] 117002K->76393K(163840K), 0.0031380 secs] [Times: user=0.02 sys=0.00, real=0.00 secs] 
334.593: Total time for which application threads were stopped: 0.0033060 seconds, Stopping threads took: 0.0000810 seconds
334.606: Application time: 0.0128260 seconds
334.606: [GC [PSYoungGen: 50123K->6604K(50176K)] 119880K->82061K(163840K), 0.0039720 secs] [Times: user=0.03 sys=0.00, real=0.01 secs] 
334.610: Total time for which application threads were stopped: 0.0041290 seconds, Stopping threads took: 0.0000760 seconds
334.758: Application time: 0.1478400 seconds
334.758: [GC [PSYoungGen: 50100K->6636K(50176K)] 125557K->92141K(163840K), 0.0048700 secs] [Times: user=0.03 sys=0.00, real=0.01 secs] 
334.763: Total time for which application threads were stopped: 0.0050120 seconds, Stopping threads took: 0.0000570 seconds
334.937: Application time: 0.1739360 seconds
334.937: [GC [PSYoungGen: 50125K->6636K(50176K)] 135630K->102116K(163840K), 0.0049240 secs] [Times: user=0.03 sys=0.00, real=0.01 secs] 
334.942: Total time for which application threads were stopped: 0.0050770 seconds, Stopping threads took: 0.0000570 seconds
335.103: Application time: 0.1608570 seconds
335.103: [GC [PSYoungGen: 50126K->5956K(50176K)] 145605K->112123K(163840K), 0.0049740 secs] [Times: user=0.04 sys=0.00, real=0.00 secs] 
335.108: [Full GC [PSYoungGen: 5956K->0K(50176K)] [ParOldGen: 106167K->26288K(113664K)] 112123K->26288K(163840K) [PSPermGen: 6125K->6125K(21504K)], 0.0096840 secs] [Times: user=0.05 sys=0.00, real=0.01 secs] 
335.118: Total time for which application threads were stopped: 0.0148630 seconds, Stopping threads took: 0.0000730 seconds
335.288: Application time: 0.1702760 seconds
335.288: [GC [PSYoungGen: 43487K->6508K(50176K)] 69776K->42773K(163840K), 0.0049170 secs] [Times: user=0.04 sys=0.00, real=0.01 secs] 
335.293: Total time for which application threads were stopped: 0.0050800 seconds, Stopping threads took: 0.0000760 seconds
335.468: Application time: 0.1750820 seconds
335.468: [GC [PSYoungGen: 50007K->6636K(50176K)] 86271K->54302K(163840K), 0.0052280 secs] [Times: user=0.04 sys=0.00, real=0.01 secs] 
335.474: Total time for which application threads were stopped: 0.0053930 seconds, Stopping threads took: 0.0000700 seconds
335.640: Application time: 0.1661300 seconds
335.640: [GC [PSYoungGen: 50143K->6636K(50176K)] 97809K->64990K(163840K), 0.0050280 secs] [Times: user=0.03 sys=0.00, real=0.01 secs] 
335.645: Total time for which application threads were stopped: 0.0052650 seconds, Stopping threads took: 0.0001510 seconds
335.802: Application time: 0.1568410 seconds
335.802: [GC [PSYoungGen: 50127K->6637K(50176K)] 108480K->74261K(163840K), 0.0047180 secs] [Times: user=0.03 sys=0.00, real=0.00 secs] 
335.807: Total time for which application threads were stopped: 0.0048950 seconds, Stopping threads took: 0.0000940 seconds
335.966: Application time: 0.1587080 seconds
335.966: [GC [PSYoungGen: 50127K->5956K(50176K)] 117751K->84268K(163840K), 0.0050150 secs] [Times: user=0.03 sys=0.00, real=0.01 secs] 
335.971: Total time for which application threads were stopped: 0.0051760 seconds, Stopping threads took: 0.0000760 seconds
336.134: Application time: 0.1628600 seconds
336.134: [GC [PSYoungGen: 49437K->5956K(50176K)] 127750K->94957K(163840K), 0.0049920 secs] [Times: user=0.04 sys=0.00, real=0.00 secs] 
336.139: Total time for which application threads were stopped: 0.0051710 seconds, Stopping threads took: 0.0000850 seconds
336.298: Application time: 0.1596760 seconds
336.299: [GC [PSYoungGen: 49157K->5972K(50176K)] 138158K->102811K(163840K), 0.0040610 secs] [Times: user=0.03 sys=0.01, real=0.01 secs] 
336.303: Total time for which application threads were stopped: 0.0042260 seconds, Stopping threads took: 0.0000860 seconds
336.329: Application time: 0.0262300 seconds
336.329: [GC [PSYoungGen: 49059K->5956K(50176K)] 145898K->107783K(163840K), 0.0035910 secs] [Times: user=0.03 sys=0.00, real=0.01 secs] 
336.333: [Full GC [PSYoungGen: 5956K->0K(50176K)] [ParOldGen: 101826K->27714K(113664K)] 107783K->27714K(163840K) [PSPermGen: 6125K->6125K(21504K)], 0.0099700 secs] [Times: user=0.05 sys=0.00, real=0.01 secs] 
336.343: Total time for which application threads were stopped: 0.0137840 seconds, Stopping threads took: 0.0000870 seconds
336.360: Application time: 0.0173450 seconds
336.360: [GC [PSYoungGen: 43478K->4499K(50176K)] 71193K->32214K(163840K), 0.0016290 secs] [Times: user=0.01 sys=0.00, real=0.00 secs] 
336.362: Total time for which application threads were stopped: 0.0017810 seconds, Stopping threads took: 0.0000760 seconds
336.374: Application time: 0.0123990 seconds
336.374: [GC [PSYoungGen: 47981K->6541K(50176K)] 75696K->34255K(163840K), 0.0022730 secs] [Times: user=0.02 sys=0.00, real=0.00 secs] 
336.377: Total time for which application threads were stopped: 0.0024300 seconds, Stopping threads took: 0.0000750 seconds
336.519: Application time: 0.1424860 seconds
336.519: [GC [PSYoungGen: 50056K->6636K(50176K)] 77771K->46464K(163840K), 0.0054590 secs] [Times: user=0.04 sys=0.00, real=0.01 secs] 
336.525: Total time for which application threads were stopped: 0.0056270 seconds, Stopping threads took: 0.0000820 seconds
336.643: Application time: 0.1181850 seconds
336.643: [GC [PSYoungGen: 50151K->6636K(50176K)] 89979K->56448K(163840K), 0.0049360 secs] [Times: user=0.04 sys=0.00, real=0.00 secs] 
336.648: Total time for which application threads were stopped: 0.0051000 seconds, Stopping threads took: 0.0000690 seconds
336.665: Application time: 0.0170770 seconds
336.665: [GC [PSYoungGen: 50112K->6636K(50176K)] 99924K->58594K(163840K), 0.0029800 secs] [Times: user=0.02 sys=0.00, real=0.00 secs] 
336.668: Total time for which application threads were stopped: 0.0031530 seconds, Stopping threads took: 0.0000900 seconds
336.686: Application time: 0.0181380 seconds
336.687: [GC [PSYoungGen: 50127K->6637K(50176K)] 102084K->62165K(163840K), 0.0032720 secs] [Times: user=0.02 sys=0.00, real=0.00 secs] 
336.690: Total time for which application threads were stopped: 0.0034270 seconds, Stopping threads took: 0.0000730 seconds
336.707: Application time: 0.0173050 seconds
336.707: [GC [PSYoungGen: 50130K->6636K(50176K)] 105658K->64302K(163840K), 0.0026860 secs] [Times: user=0.02 sys=0.00, real=0.01 secs] 
336.710: Total time for which application threads were stopped: 0.0028400 seconds, Stopping threads took: 0.0000730 seconds
336.859: Application time: 0.1488290 seconds
336.859: [GC [PSYoungGen: 50118K->6636K(50176K)] 107784K->73573K(163840K), 0.0047690 secs] [Times: user=0.03 sys=0.00, real=0.01 secs] 
336.864: Total time for which application threads were stopped: 0.0049300 seconds, Stopping threads took: 0.0000760 seconds
336.958: Application time: 0.0942000 seconds
336.958: [GC [PSYoungGen: 50152K->6652K(50176K)] 117090K->83589K(163840K), 0.0051480 secs] [Times: user=0.03 sys=0.00, real=0.01 secs] 
336.963: Total time for which application threads were stopped: 0.0053100 seconds, Stopping threads took: 0.0000760 seconds
336.981: Application time: 0.0173260 seconds
336.981: [GC [PSYoungGen: 50135K->6636K(50176K)] 127072K->85727K(163840K), 0.0028230 secs] [Times: user=0.02 sys=0.00, real=0.01 secs] 
336.984: Total time for which application threads were stopped: 0.0029970 seconds, Stopping threads took: 0.0000920 seconds
337.000: Application time: 0.0164640 seconds
337.000: [GC [PSYoungGen: 50119K->6637K(50176K)] 129209K->87881K(163840K), 0.0030300 secs] [Times: user=0.03 sys=0.00, real=0.01 secs] 
337.003: Total time for which application threads were stopped: 0.0032190 seconds, Stopping threads took: 0.0001050 seconds
337.060: Application time: 0.0562340 seconds
337.060: [GC [PSYoungGen: 50128K->6636K(50176K)] 131372K->96451K(163840K), 0.0045790 secs] [Times: user=0.03 sys=0.00, real=0.01 secs] 
337.064: Total time for which application threads were stopped: 0.0047560 seconds, Stopping threads took: 0.0000820 seconds
337.214: Application time: 0.1497300 seconds
337.214: [GC [PSYoungGen: 50127K->5988K(50176K)] 139942K->106491K(163840K), 0.0049430 secs] [Times: user=0.03 sys=0.00, real=0.00 secs] 
337.219: [Full GC [PSYoungGen: 5988K->0K(50176K)] [ParOldGen: 100503K->27002K(113664K)] 106491K->27002K(163840K) [PSPermGen: 6125K->6125K(21504K)], 0.0100250 secs] [Times: user=0.06 sys=0.00, real=0.01 secs] 
337.229: Total time for which application threads were stopped: 0.0151730 seconds, Stopping threads took: 0.0000640 seconds
337.390: Application time: 0.1605940 seconds
337.390: [GC [PSYoungGen: 43498K->6540K(50176K)] 70501K->44944K(163840K), 0.0052690 secs] [Times: user=0.04 sys=0.01, real=0.01 secs] 
337.395: Total time for which application threads were stopped: 0.0054270 seconds, Stopping threads took: 0.0000740 seconds
337.441: Application time: 0.0460400 seconds
337.441: [GC [PSYoungGen: 49354K->6572K(50176K)] 87757K->54239K(163840K), 0.0048890 secs] [Times: user=0.03 sys=0.00, real=0.01 secs] 
337.446: Total time for which application threads were stopped: 0.0050640 seconds, Stopping threads took: 0.0000900 seconds
337.462: Application time: 0.0151830 seconds
337.462: [GC [PSYoungGen: 50049K->6637K(50176K)] 97716K->56465K(163840K), 0.0029960 secs] [Times: user=0.02 sys=0.00, real=0.01 secs] 
337.465: Total time for which application threads were stopped: 0.0031740 seconds, Stopping threads took: 0.0000930 seconds
337.479: Application time: 0.0147450 seconds
337.480: [GC [PSYoungGen: 50120K->6573K(50176K)] 99948K->57826K(163840K), 0.0028500 secs] [Times: user=0.02 sys=0.00, real=0.01 secs] 
337.483: Total time for which application threads were stopped: 0.0030420 seconds, Stopping threads took: 0.0001040 seconds
337.582: Application time: 0.0999610 seconds
337.583: [GC [PSYoungGen: 50063K->6604K(50176K)] 101316K->68546K(163840K), 0.0051170 secs] [Times: user=0.03 sys=0.00, real=0.00 secs] 
337.588: Total time for which application threads were stopped: 0.0052710 seconds, Stopping threads took: 0.0000700 seconds
337.691: Application time: 0.1032310 seconds
337.691: [GC [PSYoungGen: 49413K->6652K(50176K)] 111355K->78577K(163840K), 0.0051220 secs] [Times: user=0.04 sys=0.00, real=0.00 secs] 
337.696: Total time for which application threads were stopped: 0.0052980 seconds, Stopping threads took: 0.0000900 seconds
337.711: Application time: 0.0149610 seconds
337.711: [GC [PSYoungGen: 50141K->6636K(50176K)] 122066K->83557K(163840K), 0.0036870 secs] [Times: user=0.02 sys=0.00, real=0.00 secs] 
337.715: Total time for which application threads were stopped: 0.0038810 seconds, Stopping threads took: 0.0001090 seconds
337.732: Application time: 0.0170360 seconds
337.732: [GC [PSYoungGen: 50121K->6637K(50176K)] 127041K->84270K(163840K), 0.0025480 secs] [Times: user=0.01 sys=0.00, real=0.00 secs] 
337.735: Total time for which application threads were stopped: 0.0028150 seconds, Stopping threads took: 0.0001760 seconds
337.806: Application time: 0.0707420 seconds
337.806: [GC [PSYoungGen: 50129K->6652K(50176K)] 127763K->93556K(163840K), 0.0046840 secs] [Times: user=0.03 sys=0.00, real=0.01 secs] 
337.811: Total time for which application threads were stopped: 0.0048440 seconds, Stopping threads took: 0.0000760 seconds
337.990: Application time: 0.1795730 seconds
337.990: [GC [PSYoungGen: 50141K->6652K(50176K)] 137045K->103540K(163840K), 0.0049450 secs] [Times: user=0.03 sys=0.00, real=0.00 secs] 
337.995: [Full GC [PSYoungGen: 6652K->0K(50176K)] [ParOldGen: 96887K->30621K(113664K)] 103540K->30621K(163840K) [PSPermGen: 6125K->6125K(21504K)], 0.0096120 secs] [Times: user=0.05 sys=0.00, real=0.01 secs] 
338.005: Total time for which application threads were stopped: 0.0147760 seconds, Stopping threads took: 0.0000820 seconds
338.134: Application time: 0.1295080 seconds
338.135: [GC [PSYoungGen: 43514K->6444K(50176K)] 74136K->47041K(163840K), 0.0050860 secs] [Times: user=0.04 sys=0.00, real=0.00 secs] 
338.140: Total time for which application threads were stopped: 0.0052650 seconds, Stopping threads took: 0.0000840 seconds
338.156: Application time: 0.0161550 seconds
338.156: [GC [PSYoungGen: 49920K->6476K(50176K)] 90517K->47073K(163840K), 0.0023550 secs] [Times: user=0.02 sys=0.00, real=0.00 secs] 
338.158: Total time for which application threads were stopped: 0.0025210 seconds, Stopping threads took: 0.0000800 seconds
338.176: Application time: 0.0178810 seconds
338.176: [GC [PSYoungGen: 49964K->6540K(50176K)] 90561K->50700K(163840K), 0.0033710 secs] [Times: user=0.02 sys=0.00, real=0.00 secs] 
338.180: Total time for which application threads were stopped: 0.0035480 seconds, Stopping threads took: 0.0000940 seconds
338.233: Application time: 0.0530370 seconds
338.233: [GC [PSYoungGen: 50032K->6508K(50176K)] 94191K->59931K(163840K), 0.0046990 secs] [Times: user=0.04 sys=0.00, real=0.00 secs] 
338.238: Total time for which application threads were stopped: 0.0048530 seconds, Stopping threads took: 0.0000600 seconds
338.338: Application time: 0.1006790 seconds
338.339: [GC [PSYoungGen: 49319K->6636K(50176K)] 102741K->70754K(163840K), 0.0053130 secs] [Times: user=0.04 sys=0.00, real=0.01 secs] 
338.344: Total time for which application threads were stopped: 0.0054820 seconds, Stopping threads took: 0.0000830 seconds
338.361: Application time: 0.0166170 seconds
338.361: [GC [PSYoungGen: 50122K->6540K(50176K)] 114240K->73508K(163840K), 0.0030110 secs] [Times: user=0.02 sys=0.00, real=0.01 secs] 
338.364: Total time for which application threads were stopped: 0.0031780 seconds, Stopping threads took: 0.0000830 seconds
338.380: Application time: 0.0166000 seconds
338.380: [GC [PSYoungGen: 50024K->6572K(50176K)] 116992K->77103K(163840K), 0.0033650 secs] [Times: user=0.03 sys=0.00, real=0.01 secs] 
338.384: Total time for which application threads were stopped: 0.0035530 seconds, Stopping threads took: 0.0001000 seconds
338.418: Application time: 0.0344290 seconds
338.418: [GC [PSYoungGen: 50090K->6636K(50176K)] 120621K->78616K(163840K), 0.0027220 secs] [Times: user=0.02 sys=0.00, real=0.00 secs] 
338.421: Total time for which application threads were stopped: 0.0029310 seconds, Stopping threads took: 0.0001290 seconds
338.436: Application time: 0.0146760 seconds
338.436: [GC [PSYoungGen: 50122K->6636K(50176K)] 122102K->84324K(163840K), 0.0039950 secs] [Times: user=0.03 sys=0.00, real=0.00 secs] 
338.440: Total time for which application threads were stopped: 0.0041640 seconds, Stopping threads took: 0.0000820 seconds
338.459: Application time: 0.0188160 seconds
338.459: [GC [PSYoungGen: 50120K->6572K(50176K)] 127808K->88536K(163840K), 0.0035300 secs] [Times: user=0.02 sys=0.00, real=0.01 secs] 
338.463: Total time for which application threads were stopped: 0.0036980 seconds, Stopping threads took: 0.0000860 seconds
338.501: Application time: 0.0386650 seconds
338.501: [GC [PSYoungGen: 50067K->6636K(50176K)] 132031K->92170K(163840K), 0.0030660 secs] [Times: user=0.02 sys=0.00, real=0.01 secs] 
338.504: Total time for which application threads were stopped: 0.0032300 seconds, Stopping threads took: 0.0000820 seconds
338.680: Application time: 0.1758030 seconds
338.680: [GC [PSYoungGen: 50131K->6636K(50176K)] 135665K->100760K(163840K), 0.0044740 secs] [Times: user=0.03 sys=0.00, real=0.01 secs] 
338.685: Total time for which application threads were stopped: 0.0046970 seconds, Stopping threads took: 0.0001410 seconds
338.844: Application time: 0.1585420 seconds
338.844: [GC [PSYoungGen: 50125K->6636K(50176K)] 144249K->110756K(163840K), 0.0048620 secs] [Times: user=0.03 sys=0.00, real=0.00 secs] 
338.849: [Full GC [PSYoungGen: 6636K->0K(50176K)] [ParOldGen: 104119K->25576K(113664K)] 110756K->25576K(163840K) [PSPermGen: 6125K->6125K(21504K)], 0.0096910 secs] [Times: user=0.05 sys=0.00, real=0.01 secs] 
338.858: Total time for which application threads were stopped: 0.0147680 seconds, Stopping threads took: 0.0000720 seconds
339.020: Application time: 0.1613220 seconds
339.020: [GC [PSYoungGen: 43480K->6412K(50176K)] 69057K->41252K(163840K), 0.0046730 secs] [Times: user=0.03 sys=0.00, real=0.01 secs] 
339.024: Total time for which application threads were stopped: 0.0048360 seconds, Stopping threads took: 0.0000700 seconds
339.205: Application time: 0.1801140 seconds
339.205: [GC [PSYoungGen: 49910K->6540K(50176K)] 84750K->52068K(163840K), 0.0050720 secs] [Times: user=0.04 sys=0.00, real=0.00 secs] 
339.210: Total time for which application threads were stopped: 0.0052200 seconds, Stopping threads took: 0.0000630 seconds
339.363: Application time: 0.1530360 seconds
339.363: [GC [PSYoungGen: 50034K->6604K(50176K)] 95562K->61395K(163840K), 0.0047280 secs] [Times: user=0.04 sys=0.00, real=0.00 secs] 
339.368: Total time for which application threads were stopped: 0.0048960 seconds, Stopping threads took: 0.0000740 seconds
339.530: Application time: 0.1624140 seconds
339.530: [GC [PSYoungGen: 50095K->6636K(50176K)] 104885K->72115K(163840K), 0.0051240 secs] [Times: user=0.04 sys=0.00, real=0.00 secs] 
339.535: Total time for which application threads were stopped: 0.0052740 seconds, Stopping threads took: 0.0000650 seconds
339.704: Application time: 0.1683840 seconds
339.704: [GC [PSYoungGen: 50142K->6636K(50176K)] 115621K->82811K(163840K), 0.0051230 secs] [Times: user=0.04 sys=0.00, real=0.00 secs] 
339.709: Total time for which application threads were stopped: 0.0052770 seconds, Stopping threads took: 0.0000700 seconds
339.880: Application time: 0.1708290 seconds
339.880: [GC [PSYoungGen: 50118K->6636K(50176K)] 126293K->92083K(163840K), 0.0047440 secs] [Times: user=0.03 sys=0.00, real=0.01 secs] 
339.885: Total time for which application threads were stopped: 0.0049740 seconds, Stopping threads took: 0.0001370 seconds
340.066: Application time: 0.1806180 seconds
340.066: [GC [PSYoungGen: 50118K->6636K(50176K)] 135564K->101346K(163840K), 0.0048210 secs] [Times: user=0.04 sys=0.00, real=0.01 secs] 
340.070: Total time for which application threads were stopped: 0.0049640 seconds, Stopping threads took: 0.0000630 seconds
340.179: Application time: 0.1084520 seconds
340.179: [GC [PSYoungGen: 49448K->6636K(50176K)] 144157K->112042K(163840K), 0.0053460 secs] [Times: user=0.04 sys=0.00, real=0.01 secs] 
340.184: [Full GC [PSYoungGen: 6636K->0K(50176K)] [ParOldGen: 105405K->27715K(113664K)] 112042K->27715K(163840K) [PSPermGen: 6125K->6125K(21504K)], 0.0099350 secs] [Times: user=0.06 sys=0.01, real=0.01 secs] 
340.194: Total time for which application threads were stopped: 0.0154880 seconds, Stopping threads took: 0.0000720 seconds
340.209: Application time: 0.0147410 seconds
340.209: [GC [PSYoungGen: 43480K->6444K(50176K)] 71195K->34160K(163840K), 0.0023170 secs] [Times: user=0.01 sys=0.00, real=0.01 secs] 
340.212: Total time for which application threads were stopped: 0.0024870 seconds, Stopping threads took: 0.0000870 seconds
340.229: Application time: 0.0173440 seconds
340.229: [GC [PSYoungGen: 49934K->6509K(50176K)] 77649K->40637K(163840K), 0.0040820 secs] [Times: user=0.03 sys=0.00, real=0.01 secs] 
340.233: Total time for which application threads were stopped: 0.0042500 seconds, Stopping threads took: 0.0000830 seconds
340.294: Application time: 0.0605280 seconds
340.294: [GC [PSYoungGen: 49997K->6540K(50176K)] 84125K->47794K(163840K), 0.0041290 secs] [Times: user=0.04 sys=0.00, real=0.00 secs] 
340.298: Total time for which application threads were stopped: 0.0042840 seconds, Stopping threads took: 0.0000710 seconds
340.452: Application time: 0.1539660 seconds
340.452: [GC [PSYoungGen: 50048K->6572K(50176K)] 91302K->57802K(163840K), 0.0048360 secs] [Times: user=0.03 sys=0.00, real=0.00 secs] 
340.457: Total time for which application threads were stopped: 0.0049990 seconds, Stopping threads took: 0.0000670 seconds
340.584: Application time: 0.1268340 seconds
340.584: [GC [PSYoungGen: 50063K->6572K(50176K)] 101292K->68490K(163840K), 0.0051490 secs] [Times: user=0.04 sys=0.00, real=0.00 secs] 
340.589: Total time for which application threads were stopped: 0.0053020 seconds, Stopping threads took: 0.0000670 seconds
340.653: Application time: 0.0639910 seconds
340.653: [GC [PSYoungGen: 50089K->6636K(50176K)] 112007K->77825K(163840K), 0.0049140 secs] [Times: user=0.03 sys=0.00, real=0.00 secs] 
340.658: Total time for which application threads were stopped: 0.0050790 seconds, Stopping threads took: 0.0000800 seconds
340.673: Application time: 0.0152230 seconds
340.674: [GC [PSYoungGen: 50115K->6636K(50176K)] 121304K->79258K(163840K), 0.0027040 secs] [Times: user=0.02 sys=0.00, real=0.00 secs] 
340.676: Total time for which application threads were stopped: 0.0028640 seconds, Stopping threads took: 0.0000720 seconds
340.691: Application time: 0.0143160 seconds
340.691: [GC [PSYoungGen: 50120K->6636K(50176K)] 122742K->82821K(163840K), 0.0034260 secs] [Times: user=0.01 sys=0.00, real=0.00 secs] 
340.694: Total time for which application threads were stopped: 0.0035880 seconds, Stopping threads took: 0.0000760 seconds
340.754: Application time: 0.0600690 seconds
340.754: [GC [PSYoungGen: 50154K->6636K(50176K)] 126339K->88522K(163840K), 0.0039370 secs] [Times: user=0.02 sys=0.00, real=0.00 secs] 
340.758: Total time for which application threads were stopped: 0.0041020 seconds, Stopping threads took: 0.0000790 seconds
340.772: Application time: 0.0134390 seconds
340.772: [GC [PSYoungGen: 50119K->6636K(50176K)] 132004K->94943K(163840K), 0.0040570 secs] [Times: user=0.03 sys=0.00, real=0.00 secs] 
340.776: Total time for which application threads were stopped: 0.0042240 seconds, Stopping threads took: 0.0000820 seconds
340.795: Application time: 0.0186300 seconds
340.795: [GC [PSYoungGen: 50127K->5988K(50176K)] 138433K->97857K(163840K), 0.0031730 secs] [Times: user=0.02 sys=0.00, real=0.00 secs] 
340.798: Total time for which application threads were stopped: 0.0033330 seconds, Stopping threads took: 0.0000750 seconds
340.847: Application time: 0.0494370 seconds
340.848: [GC [PSYoungGen: 49474K->6636K(50176K)] 141344K->102825K(163840K), 0.0033910 secs] [Times: user=0.02 sys=0.00, real=0.01 secs] 
340.851: Total time for which application threads were stopped: 0.0035410 seconds, Stopping threads took: 0.0000650 seconds
341.000: Application time: 0.1490460 seconds
341.000: [GC [PSYoungGen: 50127K->6636K(50176K)] 146316K->112809K(163840K), 0.0050350 secs] [Times: user=0.03 sys=0.00, real=0.01 secs] 
341.005: [Full GC [PSYoungGen: 6636K->0K(50176K)] [ParOldGen: 106172K->27003K(113664K)] 112809K->27003K(163840K) [PSPermGen: 6125K->6125K(21504K)], 0.0099950 secs] [Times: user=0.05 sys=0.00, real=0.01 secs] 
341.015: Total time for which application threads were stopped: 0.0152440 seconds, Stopping threads took: 0.0000680 seconds
341.164: Application time: 0.1490400 seconds
341.164: [GC [PSYoungGen: 43488K->6540K(50176K)] 70491K->42807K(163840K), 0.0047780 secs] [Times: user=0.04 sys=0.00, real=0.00 secs] 
341.169: Total time for which application threads were stopped: 0.0049210 seconds, Stopping threads took: 0.0000580 seconds
341.325: Application time: 0.1553520 seconds
341.325: [GC [PSYoungGen: 50031K->6604K(50176K)] 86297K->52134K(163840K), 0.0046910 secs] [Times: user=0.04 sys=0.00, real=0.00 secs] 
341.329: Total time for which application threads were stopped: 0.0048440 seconds, Stopping threads took: 0.0000670 seconds
341.398: Application time: 0.0681190 seconds
341.398: [GC [PSYoungGen: 49413K->6540K(50176K)] 94943K->59195K(163840K), 0.0041690 secs] [Times: user=0.04 sys=0.00, real=0.01 secs] 
341.402: Total time for which application threads were stopped: 0.0044780 seconds, Stopping threads took: 0.0002230 seconds
341.417: Application time: 0.0148600 seconds
341.417: [GC [PSYoungGen: 50027K->6637K(50176K)] 102682K->62862K(163840K), 0.0033970 secs] [Times: user=0.03 sys=0.00, real=0.00 secs] 
341.421: Total time for which application threads were stopped: 0.0035720 seconds, Stopping threads took: 0.0000870 seconds
341.436: Application time: 0.0152530 seconds
341.436: [GC [PSYoungGen: 50122K->6605K(50176K)] 106347K->65681K(163840K), 0.0032000 secs] [Times: user=0.03 sys=0.00, real=0.00 secs] 
341.439: Total time for which application threads were stopped: 0.0033810 seconds, Stopping threads took: 0.0000930 seconds
341.542: Application time: 0.1023520 seconds
341.542: [GC [PSYoungGen: 50067K->6652K(50176K)] 109143K->74287K(163840K), 0.0044850 secs] [Times: user=0.03 sys=0.00, real=0.01 secs] 
341.546: Total time for which application threads were stopped: 0.0046460 seconds, Stopping threads took: 0.0000680 seconds
341.565: Application time: 0.0188550 seconds
341.565: [GC [PSYoungGen: 49474K->6604K(50176K)] 117108K->78514K(163840K), 0.0036130 secs] [Times: user=0.03 sys=0.00, real=0.00 secs] 
341.569: Total time for which application threads were stopped: 0.0038170 seconds, Stopping threads took: 0.0001150 seconds
341.585: Application time: 0.0159940 seconds
341.585: [GC [PSYoungGen: 50093K->6636K(50176K)] 122002K->83542K(163840K), 0.0037830 secs] [Times: user=0.03 sys=0.00, real=0.00 secs] 
341.589: Total time for which application threads were stopped: 0.0039750 seconds, Stopping threads took: 0.0001070 seconds
341.602: Application time: 0.0128440 seconds
341.602: [GC [PSYoungGen: 50119K->6636K(50176K)] 127024K->85687K(163840K), 0.0030200 secs] [Times: user=0.02 sys=0.00, real=0.01 secs] 
341.605: Total time for which application threads were stopped: 0.0031900 seconds, Stopping threads took: 0.0000860 seconds
341.748: Application time: 0.1435030 seconds
341.748: [GC [PSYoungGen: 50132K->6652K(50176K)] 129183K->95695K(163840K), 0.0049360 secs] [Times: user=0.04 sys=0.00, real=0.01 secs] 
341.753: Total time for which application threads were stopped: 0.0051040 seconds, Stopping threads took: 0.0000820 seconds
341.937: Application time: 0.1830580 seconds
341.937: [GC [PSYoungGen: 50133K->6636K(50176K)] 139175K->105682K(163840K), 0.0049470 secs] [Times: user=0.04 sys=0.00, real=0.00 secs] 
341.942: Total time for which application threads were stopped: 0.0051030 seconds, Stopping threads took: 0.0000700 seconds
341.972: Application time: 0.0306230 seconds
341.972: [GC [PSYoungGen: 50147K->5988K(50176K)] 149193K->110021K(163840K), 0.0035970 secs] [Times: user=0.02 sys=0.00, real=0.00 secs] 
341.976: [Full GC [PSYoungGen: 5988K->0K(50176K)] [ParOldGen: 104033K->29852K(113664K)] 110021K->29852K(163840K) [PSPermGen: 6125K->6125K(21504K)], 0.0107410 secs] [Times: user=0.06 sys=0.00, real=0.01 secs] 
341.987: Total time for which application threads were stopped: 0.0145790 seconds, Stopping threads took: 0.0001020 seconds
342.004: Application time: 0.0175960 seconds
342.005: [GC [PSYoungGen: 43478K->4403K(50176K)] 73330K->34255K(163840K), 0.0015910 secs] [Times: user=0.01 sys=0.00, real=0.00 secs] 
342.006: Total time for which application threads were stopped: 0.0017470 seconds, Stopping threads took: 0.0000860 seconds
342.019: Application time: 0.0123910 seconds
342.019: [GC [PSYoungGen: 47889K->6508K(50176K)] 77741K->40636K(163840K), 0.0035030 secs] [Times: user=0.03 sys=0.00, real=0.01 secs] 
342.022: Total time for which application threads were stopped: 0.0036600 seconds, Stopping threads took: 0.0000720 seconds
342.193: Application time: 0.1702840 seconds
342.193: [GC [PSYoungGen: 50005K->6572K(50176K)] 84133K->50675K(163840K), 0.0048250 secs] [Times: user=0.03 sys=0.00, real=0.00 secs] 
342.198: Total time for which application threads were stopped: 0.0049900 seconds, Stopping threads took: 0.0000730 seconds
342.356: Application time: 0.1584680 seconds
342.356: [GC [PSYoungGen: 50058K->6572K(50176K)] 94162K->60651K(163840K), 0.0048990 secs] [Times: user=0.04 sys=0.00, real=0.00 secs] 
342.361: Total time for which application threads were stopped: 0.0050610 seconds, Stopping threads took: 0.0000780 seconds
342.406: Application time: 0.0446970 seconds
342.406: [GC [PSYoungGen: 50081K->6604K(50176K)] 104159K->62820K(163840K), 0.0029240 secs] [Times: user=0.02 sys=0.00, real=0.00 secs] 
342.409: Total time for which application threads were stopped: 0.0031010 seconds, Stopping threads took: 0.0000920 seconds
342.426: Application time: 0.0174740 seconds
342.426: [GC [PSYoungGen: 50084K->6636K(50176K)] 106300K->66415K(163840K), 0.0033250 secs] [Times: user=0.02 sys=0.00, real=0.00 secs] 
342.430: Total time for which application threads were stopped: 0.0035010 seconds, Stopping threads took: 0.0000820 seconds
342.442: Application time: 0.0119230 seconds
342.446: [GC [PSYoungGen: 49836K->6652K(50176K)] 109614K->69281K(163840K), 0.0031360 secs] [Times: user=0.02 sys=0.00, real=0.00 secs] 
342.449: Total time for which application threads were stopped: 0.0075020 seconds, Stopping threads took: 0.0042820 seconds
342.474: Application time: 0.0243080 seconds
342.474: [GC [PSYoungGen: 49746K->6652K(50176K)] 112375K->74269K(163840K), 0.0037670 secs] [Times: user=0.03 sys=0.00, real=0.00 secs] 
342.478: Total time for which application threads were stopped: 0.0039620 seconds, Stopping threads took: 0.0001070 seconds
342.493: Application time: 0.0153180 seconds
342.493: [GC [PSYoungGen: 50131K->6652K(50176K)] 117748K->77831K(163840K), 0.0033910 secs] [Times: user=0.02 sys=0.00, real=0.00 secs] 
342.496: Total time for which application threads were stopped: 0.0035830 seconds, Stopping threads took: 0.0001030 seconds
342.511: Application time: 0.0141440 seconds
342.511: [GC [PSYoungGen: 50133K->6636K(50176K)] 121313K->79249K(163840K), 0.0028240 secs] [Times: user=0.02 sys=0.00, real=0.00 secs] 
342.514: Total time for which application threads were stopped: 0.0029840 seconds, Stopping threads took: 0.0000770 seconds
342.654: Application time: 0.1404670 seconds
342.654: [GC [PSYoungGen: 50133K->6636K(50176K)] 122745K->89972K(163840K), 0.0049840 secs] [Times: user=0.04 sys=0.00, real=0.00 secs] 
342.659: Total time for which application threads were stopped: 0.0051270 seconds, Stopping threads took: 0.0000580 seconds
342.825: Application time: 0.1660550 seconds
342.825: [GC [PSYoungGen: 50134K->6636K(50176K)] 133470K->100692K(163840K), 0.0050910 secs] [Times: user=0.04 sys=0.00, real=0.01 secs] 
342.830: Total time for which application threads were stopped: 0.0052490 seconds, Stopping threads took: 0.0000670 seconds
343.000: Application time: 0.1693020 seconds
343.000: [GC [PSYoungGen: 50125K->6636K(50176K)] 144181K->110676K(163840K), 0.0048930 secs] [Times: user=0.04 sys=0.00, real=0.01 secs] 
343.005: [Full GC [PSYoungGen: 6636K->0K(50176K)] [ParOldGen: 104039K->27002K(113664K)] 110676K->27002K(163840K) [PSPermGen: 6125K->6125K(21504K)], 0.0100820 secs] [Times: user=0.05 sys=0.00, real=0.01 secs] 
343.015: Total time for which application threads were stopped: 0.0151900 seconds, Stopping threads took: 0.0000790 seconds
343.177: Application time: 0.1623790 seconds
343.177: [GC [PSYoungGen: 43490K->6508K(50176K)] 70492K->44199K(163840K), 0.0051330 secs] [Times: user=0.04 sys=0.00, real=0.01 secs] 
343.183: Total time for which application threads were stopped: 0.0052890 seconds, Stopping threads took: 0.0000720 seconds
343.357: Application time: 0.1748420 seconds
343.358: [GC [PSYoungGen: 49990K->6508K(50176K)] 87680K->53462K(163840K), 0.0047060 secs] [Times: user=0.04 sys=0.00, real=0.01 secs] 
343.362: Total time for which application threads were stopped: 0.0048890 seconds, Stopping threads took: 0.0000790 seconds
343.511: Application time: 0.1488360 seconds
343.511: [GC [PSYoungGen: 50015K->6604K(50176K)] 96969K->63534K(163840K), 0.0048350 secs] [Times: user=0.03 sys=0.00, real=0.00 secs] 
343.516: Total time for which application threads were stopped: 0.0050510 seconds, Stopping threads took: 0.0001310 seconds
343.677: Application time: 0.1609220 seconds
343.677: [GC [PSYoungGen: 50112K->6636K(50176K)] 107041K->75687K(163840K), 0.0054870 secs] [Times: user=0.04 sys=0.00, real=0.01 secs] 
343.683: Total time for which application threads were stopped: 0.0056320 seconds, Stopping threads took: 0.0000580 seconds
343.838: Application time: 0.1550690 seconds
343.838: [GC [PSYoungGen: 50127K->6636K(50176K)] 119177K->85671K(163840K), 0.0049390 secs] [Times: user=0.04 sys=0.00, real=0.01 secs] 
343.843: Total time for which application threads were stopped: 0.0051110 seconds, Stopping threads took: 0.0000780 seconds
344.003: Application time: 0.1596370 seconds
344.003: [GC [PSYoungGen: 50118K->6636K(50176K)] 129152K->95647K(163840K), 0.0049230 secs] [Times: user=0.03 sys=0.00, real=0.00 secs] 
344.008: Total time for which application threads were stopped: 0.0050890 seconds, Stopping threads took: 0.0000630 seconds
344.089: Application time: 0.0817360 seconds
344.090: [GC [PSYoungGen: 50152K->6636K(50176K)] 139162K->105638K(163840K), 0.0051600 secs] [Times: user=0.04 sys=0.00, real=0.01 secs] 
344.095: [Full GC [PSYoungGen: 6636K->0K(50176K)] [ParOldGen: 99001K->27715K(113664K)] 105638K->27715K(163840K) [PSPermGen: 6125K->6125K(21504K)], 0.0099630 secs] [Times: user=0.06 sys=0.00, real=0.01 secs] 
344.105: Total time for which application threads were stopped: 0.0153640 seconds, Stopping threads took: 0.0001030 seconds
344.121: Application time: 0.0166100 seconds
344.122: [GC [PSYoungGen: 43484K->3754K(50176K)] 71200K->31470K(163840K), 0.0014920 secs] [Times: user=0.01 sys=0.00, real=0.01 secs] 
344.123: Total time for which application threads were stopped: 0.0016550 seconds, Stopping threads took: 0.0000890 seconds
344.138: Application time: 0.0149570 seconds
344.138: [GC [PSYoungGen: 47237K->6541K(50176K)] 74953K->34256K(163840K), 0.0023050 secs] [Times: user=0.02 sys=0.00, real=0.00 secs] 
344.141: Total time for which application threads were stopped: 0.0024620 seconds, Stopping threads took: 0.0000750 seconds
344.219: Application time: 0.0787670 seconds
344.219: [GC [PSYoungGen: 50031K->6477K(50176K)] 77747K->44168K(163840K), 0.0048780 secs] [Times: user=0.03 sys=0.00, real=0.01 secs] 
344.224: Total time for which application threads were stopped: 0.0050310 seconds, Stopping threads took: 0.0000690 seconds
344.383: Application time: 0.1583360 seconds
344.383: [GC [PSYoungGen: 49976K->6604K(50176K)] 87667K->54984K(163840K), 0.0050210 secs] [Times: user=0.03 sys=0.00, real=0.00 secs] 
344.388: Total time for which application threads were stopped: 0.0051680 seconds, Stopping threads took: 0.0000670 seconds
344.538: Application time: 0.1501150 seconds
344.538: [GC [PSYoungGen: 50103K->6604K(50176K)] 98483K->66385K(163840K), 0.0053030 secs] [Times: user=0.04 sys=0.00, real=0.01 secs] 
344.543: Total time for which application threads were stopped: 0.0054640 seconds, Stopping threads took: 0.0000630 seconds
344.610: Application time: 0.0668960 seconds
344.610: [GC [PSYoungGen: 50124K->6636K(50176K)] 109904K->74263K(163840K), 0.0043670 secs] [Times: user=0.03 sys=0.01, real=0.00 secs] 
344.615: Total time for which application threads were stopped: 0.0045220 seconds, Stopping threads took: 0.0000740 seconds
344.628: Application time: 0.0134340 seconds
344.630: [GC [PSYoungGen: 49831K->5988K(50176K)] 117457K->78603K(163840K), 0.0034950 secs] [Times: user=0.03 sys=0.00, real=0.00 secs] 
344.634: Total time for which application threads were stopped: 0.0053410 seconds, Stopping threads took: 0.0017610 seconds
344.653: Application time: 0.0196220 seconds
344.654: [GC [PSYoungGen: 49077K->6637K(50176K)] 121692K->80677K(163840K), 0.0027770 secs] [Times: user=0.01 sys=0.00, real=0.00 secs] 
344.657: Total time for which application threads were stopped: 0.0034720 seconds, Stopping threads took: 0.0006090 seconds
344.666: Application time: 0.0096400 seconds
344.666: [GC [PSYoungGen: 50118K->6637K(50176K)] 124158K->83535K(163840K), 0.0031180 secs] [Times: user=0.02 sys=0.00, real=0.00 secs] 
344.670: Total time for which application threads were stopped: 0.0032900 seconds, Stopping threads took: 0.0000880 seconds
344.685: Application time: 0.0148850 seconds
344.685: [GC [PSYoungGen: 50122K->6636K(50176K)] 127020K->84960K(163840K), 0.0028200 secs] [Times: user=0.02 sys=0.00, real=0.00 secs] 
344.688: Total time for which application threads were stopped: 0.0029910 seconds, Stopping threads took: 0.0000870 seconds
344.702: Application time: 0.0140400 seconds
344.702: [GC [PSYoungGen: 50132K->5956K(50176K)] 128455K->89980K(163840K), 0.0037810 secs] [Times: user=0.02 sys=0.00, real=0.01 secs] 
344.706: Total time for which application threads were stopped: 0.0039560 seconds, Stopping threads took: 0.0000890 seconds
344.787: Application time: 0.0819140 seconds
344.788: [GC [PSYoungGen: 49449K->5988K(50176K)] 133472K->100700K(163840K), 0.0049460 secs] [Times: user=0.04 sys=0.00, real=0.01 secs] 
344.793: Total time for which application threads were stopped: 0.0050930 seconds, Stopping threads took: 0.0000640 seconds
344.962: Application time: 0.1696250 seconds
344.962: [GC [PSYoungGen: 49470K->6636K(50176K)] 144182K->110676K(163840K), 0.0048330 secs] [Times: user=0.04 sys=0.00, real=0.00 secs] 
344.967: [Full GC [PSYoungGen: 6636K->0K(50176K)] [ParOldGen: 104039K->27003K(113664K)] 110676K->27003K(163840K) [PSPermGen: 6125K->6125K(21504K)], 0.0098910 secs] [Times: user=0.05 sys=0.00, real=0.01 secs] 
344.977: Total time for which application threads were stopped: 0.0149370 seconds, Stopping threads took: 0.0000760 seconds
345.138: Application time: 0.1612060 seconds
345.138: [GC [PSYoungGen: 43489K->6540K(50176K)] 70493K->43520K(163840K), 0.0049090 secs] [Times: user=0.03 sys=0.00, real=0.01 secs] 
345.143: Total time for which application threads were stopped: 0.0050620 seconds, Stopping threads took: 0.0000580 seconds
345.301: Application time: 0.1574210 seconds
345.301: [GC [PSYoungGen: 50022K->6540K(50176K)] 87001K->52783K(163840K), 0.0046420 secs] [Times: user=0.04 sys=0.00, real=0.01 secs] 
345.306: Total time for which application threads were stopped: 0.0047850 seconds, Stopping threads took: 0.0000600 seconds
345.333: Application time: 0.0275380 seconds
345.333: [GC [PSYoungGen: 49349K->6572K(50176K)] 95591K->57090K(163840K), 0.0034720 secs] [Times: user=0.02 sys=0.00, real=0.00 secs] 
345.337: Total time for which application threads were stopped: 0.0036450 seconds, Stopping threads took: 0.0000840 seconds
345.353: Application time: 0.0166370 seconds
345.354: [GC [PSYoungGen: 50052K->6573K(50176K)] 100570K->60653K(163840K), 0.0033420 secs] [Times: user=0.02 sys=0.00, real=0.00 secs] 
345.357: Total time for which application threads were stopped: 0.0035190 seconds, Stopping threads took: 0.0000910 seconds
345.370: Application time: 0.0128000 seconds
345.370: [GC [PSYoungGen: 50064K->6636K(50176K)] 104144K->64280K(163840K), 0.0032720 secs] [Times: user=0.03 sys=0.00, real=0.01 secs] 
345.373: Total time for which application threads were stopped: 0.0034320 seconds, Stopping threads took: 0.0000780 seconds
345.520: Application time: 0.1470930 seconds
345.520: [GC [PSYoungGen: 50152K->6636K(50176K)] 107796K->74271K(163840K), 0.0048570 secs] [Times: user=0.04 sys=0.00, real=0.01 secs] 
345.525: Total time for which application threads were stopped: 0.0050070 seconds, Stopping threads took: 0.0000660 seconds
345.551: Application time: 0.0258820 seconds
345.551: [GC [PSYoungGen: 50123K->6604K(50176K)] 117758K->80652K(163840K), 0.0041650 secs] [Times: user=0.03 sys=0.00, real=0.00 secs] 
345.555: Total time for which application threads were stopped: 0.0043380 seconds, Stopping threads took: 0.0000840 seconds
345.572: Application time: 0.0166260 seconds
345.572: [GC [PSYoungGen: 50082K->6637K(50176K)] 124130K->82109K(163840K), 0.0028210 secs] [Times: user=0.02 sys=0.00, real=0.00 secs] 
345.575: Total time for which application threads were stopped: 0.0030120 seconds, Stopping threads took: 0.0001050 seconds
345.588: Application time: 0.0128850 seconds
345.588: [GC [PSYoungGen: 50121K->6637K(50176K)] 125594K->84247K(163840K), 0.0030020 secs] [Times: user=0.02 sys=0.00, real=0.01 secs] 
345.591: Total time for which application threads were stopped: 0.0031490 seconds, Stopping threads took: 0.0000630 seconds
345.727: Application time: 0.1356290 seconds
345.727: [GC [PSYoungGen: 50142K->6652K(50176K)] 127753K->95679K(163840K), 0.0053160 secs] [Times: user=0.04 sys=0.00, real=0.01 secs] 
345.732: Total time for which application threads were stopped: 0.0054750 seconds, Stopping threads took: 0.0000650 seconds
345.805: Application time: 0.0729800 seconds
345.805: [GC [PSYoungGen: 50171K->6004K(50176K)] 139198K->105006K(163840K), 0.0049260 secs] [Times: user=0.04 sys=0.00, real=0.01 secs] 
345.810: [Full GC [PSYoungGen: 6004K->0K(50176K)] [ParOldGen: 99002K->28428K(113664K)] 105006K->28428K(163840K) [PSPermGen: 6125K->6125K(21504K)], 0.0102330 secs] [Times: user=0.05 sys=0.00, real=0.00 secs] 
345.821: Total time for which application threads were stopped: 0.0153930 seconds, Stopping threads took: 0.0000870 seconds
345.836: Application time: 0.0156330 seconds
345.836: [GC [PSYoungGen: 43476K->3786K(50176K)] 71904K->32215K(163840K), 0.0014720 secs] [Times: user=0.01 sys=0.00, real=0.00 secs] 
345.838: Total time for which application threads were stopped: 0.0016280 seconds, Stopping threads took: 0.0000810 seconds
345.853: Application time: 0.0147030 seconds
345.853: [GC [PSYoungGen: 47268K->5180K(50176K)] 75696K->33608K(163840K), 0.0018530 secs] [Times: user=0.01 sys=0.00, real=0.00 secs] 
345.855: Total time for which application threads were stopped: 0.0020270 seconds, Stopping threads took: 0.0000930 seconds
345.974: Application time: 0.1196680 seconds
345.974: [GC [PSYoungGen: 48669K->6540K(50176K)] 77097K->44944K(163840K), 0.0049030 secs] [Times: user=0.03 sys=0.00, real=0.00 secs] 
345.979: Total time for which application threads were stopped: 0.0050530 seconds, Stopping threads took: 0.0000670 seconds
346.164: Application time: 0.1850220 seconds
346.165: [GC [PSYoungGen: 50029K->6508K(50176K)] 88433K->54887K(163840K), 0.0048790 secs] [Times: user=0.04 sys=0.00, real=0.00 secs] 
346.169: Total time for which application threads were stopped: 0.0050400 seconds, Stopping threads took: 0.0000770 seconds
346.272: Application time: 0.1028910 seconds
346.272: [GC [PSYoungGen: 49317K->6540K(50176K)] 97696K->64894K(163840K), 0.0050580 secs] [Times: user=0.04 sys=0.00, real=0.00 secs] 
346.278: Total time for which application threads were stopped: 0.0052290 seconds, Stopping threads took: 0.0000720 seconds
346.296: Application time: 0.0181130 seconds
346.296: [GC [PSYoungGen: 50020K->6636K(50176K)] 108374K->64990K(163840K), 0.0021510 secs] [Times: user=0.02 sys=0.00, real=0.00 secs] 
346.298: Total time for which application threads were stopped: 0.0023100 seconds, Stopping threads took: 0.0000700 seconds
346.315: Application time: 0.0170450 seconds
346.315: [GC [PSYoungGen: 50120K->6604K(50176K)] 108474K->69234K(163840K), 0.0035600 secs] [Times: user=0.03 sys=0.00, real=0.00 secs] 
346.319: Total time for which application threads were stopped: 0.0037280 seconds, Stopping threads took: 0.0000830 seconds
346.390: Application time: 0.0710690 seconds
346.390: [GC [PSYoungGen: 50096K->6604K(50176K)] 112725K->77784K(163840K), 0.0044450 secs] [Times: user=0.03 sys=0.00, real=0.01 secs] 
346.394: Total time for which application threads were stopped: 0.0045960 seconds, Stopping threads took: 0.0000680 seconds
346.460: Application time: 0.0657680 seconds
346.460: [GC [PSYoungGen: 50123K->6636K(50176K)] 121302K->88504K(163840K), 0.0053100 secs] [Times: user=0.04 sys=0.00, real=0.01 secs] 
346.466: Total time for which application threads were stopped: 0.0055000 seconds, Stopping threads took: 0.0001060 seconds
346.480: Application time: 0.0141390 seconds
346.480: [GC [PSYoungGen: 50123K->6636K(50176K)] 131990K->92779K(163840K), 0.0035620 secs] [Times: user=0.03 sys=0.00, real=0.01 secs] 
346.484: Total time for which application threads were stopped: 0.0037190 seconds, Stopping threads took: 0.0000750 seconds
346.498: Application time: 0.0148880 seconds
346.499: [GC [PSYoungGen: 50121K->6636K(50176K)] 136264K->96342K(163840K), 0.0034070 secs] [Times: user=0.02 sys=0.00, real=0.01 secs] 
346.502: Total time for which application threads were stopped: 0.0035620 seconds, Stopping threads took: 0.0000710 seconds
346.610: Application time: 0.1077680 seconds
346.610: [GC [PSYoungGen: 50126K->6636K(50176K)] 139831K->106317K(163840K), 0.0048940 secs] [Times: user=0.04 sys=0.00, real=0.01 secs] 
346.615: [Full GC [PSYoungGen: 6636K->0K(50176K)] [ParOldGen: 99680K->27715K(113664K)] 106317K->27715K(163840K) [PSPermGen: 6125K->6125K(21504K)], 0.0100410 secs] [Times: user=0.05 sys=0.00, real=0.01 secs] 
346.625: Total time for which application threads were stopped: 0.0151300 seconds, Stopping threads took: 0.0000610 seconds
346.792: Application time: 0.1674460 seconds
346.793: [GC [PSYoungGen: 43506K->6540K(50176K)] 71221K->45656K(163840K), 0.0052540 secs] [Times: user=0.04 sys=0.00, real=0.00 secs] 
346.798: Total time for which application threads were stopped: 0.0054310 seconds, Stopping threads took: 0.0000810 seconds
346.959: Application time: 0.1613790 seconds
346.959: [GC [PSYoungGen: 50030K->6636K(50176K)] 89146K->55728K(163840K), 0.0048860 secs] [Times: user=0.04 sys=0.00, real=0.01 secs] 
346.964: Total time for which application threads were stopped: 0.0050470 seconds, Stopping threads took: 0.0000730 seconds
347.132: Application time: 0.1673260 seconds
347.132: [GC [PSYoungGen: 50117K->6604K(50176K)] 99209K->64959K(163840K), 0.0046770 secs] [Times: user=0.04 sys=0.00, real=0.00 secs] 
347.136: Total time for which application threads were stopped: 0.0048230 seconds, Stopping threads took: 0.0000630 seconds
347.310: Application time: 0.1735880 seconds
347.310: [GC [PSYoungGen: 50102K->6604K(50176K)] 108457K->74934K(163840K), 0.0047880 secs] [Times: user=0.04 sys=0.00, real=0.00 secs] 
347.315: Total time for which application threads were stopped: 0.0049490 seconds, Stopping threads took: 0.0000700 seconds
347.480: Application time: 0.1649470 seconds
347.480: [GC [PSYoungGen: 50103K->5956K(50176K)] 118433K->84974K(163840K), 0.0047670 secs] [Times: user=0.04 sys=0.00, real=0.01 secs] 
347.485: Total time for which application threads were stopped: 0.0049200 seconds, Stopping threads took: 0.0000700 seconds
347.647: Application time: 0.1623880 seconds
347.647: [GC [PSYoungGen: 49455K->6636K(50176K)] 128473K->97063K(163840K), 0.0051460 secs] [Times: user=0.04 sys=0.00, real=0.01 secs] 
347.652: Total time for which application threads were stopped: 0.0052890 seconds, Stopping threads took: 0.0000590 seconds
347.810: Application time: 0.1575880 seconds
347.810: [GC [PSYoungGen: 50127K->5956K(50176K)] 140554K->107071K(163840K), 0.0049930 secs] [Times: user=0.04 sys=0.00, real=0.00 secs] 
347.815: [Full GC [PSYoungGen: 5956K->0K(50176K)] [ParOldGen: 101115K->28428K(113664K)] 107071K->28428K(163840K) [PSPermGen: 6125K->6125K(21504K)], 0.0101680 secs] [Times: user=0.05 sys=0.00, real=0.01 secs] 
347.825: Total time for which application threads were stopped: 0.0153760 seconds, Stopping threads took: 0.0000830 seconds
347.991: Application time: 0.1652160 seconds
347.991: [GC [PSYoungGen: 43508K->6444K(50176K)] 71937K->41999K(163840K), 0.0040770 secs] [Times: user=0.03 sys=0.00, real=0.00 secs] 
347.995: Total time for which application threads were stopped: 0.0042280 seconds, Stopping threads took: 0.0000590 seconds
348.013: Application time: 0.0179370 seconds
348.013: [GC [PSYoungGen: 49929K->6508K(50176K)] 85483K->47763K(163840K), 0.0039480 secs] [Times: user=0.03 sys=0.00, real=0.00 secs] 
348.017: Total time for which application threads were stopped: 0.0041420 seconds, Stopping threads took: 0.0001050 seconds
348.035: Application time: 0.0176630 seconds
348.035: [GC [PSYoungGen: 49987K->6573K(50176K)] 91242K->49252K(163840K), 0.0027940 secs] [Times: user=0.02 sys=0.00, real=0.00 secs] 
348.038: Total time for which application threads were stopped: 0.0029520 seconds, Stopping threads took: 0.0000720 seconds
348.050: Application time: 0.0120310 seconds
348.050: [GC [PSYoungGen: 50055K->6604K(50176K)] 92734K->52135K(163840K), 0.0032190 secs] [Times: user=0.02 sys=0.00, real=0.01 secs] 
348.053: Total time for which application threads were stopped: 0.0033900 seconds, Stopping threads took: 0.0000880 seconds
348.206: Application time: 0.1531570 seconds
348.206: [GC [PSYoungGen: 50095K->6508K(50176K)] 95625K->62014K(163840K), 0.0048810 secs] [Times: user=0.04 sys=0.00, real=0.01 secs] 
348.211: Total time for which application threads were stopped: 0.0050300 seconds, Stopping threads took: 0.0000650 seconds
348.364: Application time: 0.1527910 seconds
348.364: [GC [PSYoungGen: 50008K->6508K(50176K)] 105513K->72703K(163840K), 0.0050700 secs] [Times: user=0.04 sys=0.00, real=0.00 secs] 
348.369: Total time for which application threads were stopped: 0.0052190 seconds, Stopping threads took: 0.0000630 seconds
348.501: Application time: 0.1313040 seconds
348.501: [GC [PSYoungGen: 50008K->6604K(50176K)] 116202K->84199K(163840K), 0.0052550 secs] [Times: user=0.04 sys=0.00, real=0.01 secs] 
348.506: Total time for which application threads were stopped: 0.0054120 seconds, Stopping threads took: 0.0000670 seconds
348.577: Application time: 0.0712030 seconds
348.578: [GC [PSYoungGen: 49440K->6636K(50176K)] 127035K->94271K(163840K), 0.0050870 secs] [Times: user=0.04 sys=0.00, real=0.01 secs] 
348.583: Total time for which application threads were stopped: 0.0058570 seconds, Stopping threads took: 0.0006840 seconds
348.595: Application time: 0.0119980 seconds
348.595: [GC [PSYoungGen: 50110K->6604K(50176K)] 137745K->95664K(163840K), 0.0027430 secs] [Times: user=0.02 sys=0.00, real=0.00 secs] 
348.598: Total time for which application threads were stopped: 0.0029860 seconds, Stopping threads took: 0.0001500 seconds
348.609: Application time: 0.0108660 seconds
348.609: [GC [PSYoungGen: 50089K->5988K(50176K)] 139149K->97898K(163840K), 0.0029650 secs] [Times: user=0.02 sys=0.00, real=0.01 secs] 
348.612: Total time for which application threads were stopped: 0.0031770 seconds, Stopping threads took: 0.0001250 seconds
348.623: Application time: 0.0110460 seconds
348.624: [GC [PSYoungGen: 49467K->5988K(50176K)] 141377K->97898K(163840K), 0.0021360 secs] [Times: user=0.01 sys=0.00, real=0.00 secs] 
348.626: Total time for which application threads were stopped: 0.0028050 seconds, Stopping threads took: 0.0005880 seconds
348.635: Application time: 0.0095460 seconds
348.636: [GC [PSYoungGen: 49473K->6637K(50176K)] 141384K->101409K(163840K), 0.0054810 secs] [Times: user=0.03 sys=0.00, real=0.00 secs] 
348.641: Total time for which application threads were stopped: 0.0056590 seconds, Stopping threads took: 0.0000960 seconds
348.651: Application time: 0.0098460 seconds
348.651: [GC [PSYoungGen: 50129K->6637K(50176K)] 144901K->103547K(163840K), 0.0029660 secs] [Times: user=0.02 sys=0.00, real=0.00 secs] 
348.654: Total time for which application threads were stopped: 0.0031550 seconds, Stopping threads took: 0.0001020 seconds
348.740: Application time: 0.0858370 seconds
348.740: [GC [PSYoungGen: 50135K->6636K(50176K)] 147045K->114275K(163840K), 0.0051890 secs] [Times: user=0.04 sys=0.00, real=0.01 secs] 
348.745: [Full GC [PSYoungGen: 6636K->0K(50176K)] [ParOldGen: 107638K->27247K(113664K)] 114275K->27247K(163840K) [PSPermGen: 6125K->6125K(21504K)], 0.0097200 secs] [Times: user=0.05 sys=0.00, real=0.01 secs] 
348.755: Total time for which application threads were stopped: 0.0151320 seconds, Stopping threads took: 0.0000870 seconds
348.915: Application time: 0.1596790 seconds
348.915: [GC [PSYoungGen: 43481K->6412K(50176K)] 70729K->43636K(163840K), 0.0049510 secs] [Times: user=0.04 sys=0.00, real=0.00 secs] 
348.920: Total time for which application threads were stopped: 0.0051320 seconds, Stopping threads took: 0.0000950 seconds
349.083: Application time: 0.1635280 seconds
349.084: [GC [PSYoungGen: 49902K->6508K(50176K)] 87126K->52282K(163840K), 0.0045150 secs] [Times: user=0.03 sys=0.00, real=0.00 secs] 
349.088: Total time for which application threads were stopped: 0.0046720 seconds, Stopping threads took: 0.0000650 seconds
349.253: Application time: 0.1649680 seconds
349.253: [GC [PSYoungGen: 49823K->6572K(50176K)] 95597K->60184K(163840K), 0.0041830 secs] [Times: user=0.03 sys=0.00, real=0.00 secs] 
349.257: Total time for which application threads were stopped: 0.0043510 seconds, Stopping threads took: 0.0000800 seconds
349.280: Application time: 0.0227400 seconds
349.280: [GC [PSYoungGen: 49544K->6540K(50176K)] 103156K->65853K(163840K), 0.0039810 secs] [Times: user=0.02 sys=0.00, real=0.01 secs] 
349.284: Total time for which application threads were stopped: 0.0041960 seconds, Stopping threads took: 0.0001240 seconds
349.301: Application time: 0.0165780 seconds
349.302: [GC [PSYoungGen: 50021K->6541K(50176K)] 109333K->68703K(163840K), 0.0031090 secs] [Times: user=0.02 sys=0.00, real=0.01 secs] 
349.305: Total time for which application threads were stopped: 0.0038990 seconds, Stopping threads took: 0.0006740 seconds
349.317: Application time: 0.0121780 seconds
349.317: [GC [PSYoungGen: 50023K->6572K(50176K)] 112185K->71585K(163840K), 0.0032040 secs] [Times: user=0.02 sys=0.00, real=0.00 secs] 
349.320: Total time for which application threads were stopped: 0.0034080 seconds, Stopping threads took: 0.0001170 seconds
349.411: Application time: 0.0905780 seconds
349.411: [GC [PSYoungGen: 49392K->6572K(50176K)] 114405K->82273K(163840K), 0.0053620 secs] [Times: user=0.04 sys=0.00, real=0.00 secs] 
349.417: Total time for which application threads were stopped: 0.0055290 seconds, Stopping threads took: 0.0000800 seconds
349.433: Application time: 0.0165740 seconds
349.433: [GC [PSYoungGen: 50055K->6636K(50176K)] 125756K->84475K(163840K), 0.0027870 secs] [Times: user=0.02 sys=0.00, real=0.00 secs] 
349.436: Total time for which application threads were stopped: 0.0029710 seconds, Stopping threads took: 0.0000970 seconds
349.454: Application time: 0.0179110 seconds
349.454: [GC [PSYoungGen: 50117K->6636K(50176K)] 127955K->85196K(163840K), 0.0025600 secs] [Times: user=0.02 sys=0.00, real=0.00 secs] 
349.457: Total time for which application threads were stopped: 0.0027270 seconds, Stopping threads took: 0.0000790 seconds
349.525: Application time: 0.0687370 seconds
349.526: [GC [PSYoungGen: 50129K->6636K(50176K)] 128689K->94459K(163840K), 0.0047580 secs] [Times: user=0.04 sys=0.00, real=0.01 secs] 
349.530: Total time for which application threads were stopped: 0.0048990 seconds, Stopping threads took: 0.0000570 seconds
349.688: Application time: 0.1577550 seconds
349.688: [GC [PSYoungGen: 50133K->6636K(50176K)] 137956K->105895K(163840K), 0.0053430 secs] [Times: user=0.04 sys=0.00, real=0.01 secs] 
349.694: [Full GC [PSYoungGen: 6636K->0K(50176K)] [ParOldGen: 99258K->29853K(113664K)] 105895K->29853K(163840K) [PSPermGen: 6125K->6125K(21504K)], 0.0104620 secs] [Times: user=0.06 sys=0.00, real=0.01 secs] 
349.704: Total time for which application threads were stopped: 0.0160470 seconds, Stopping threads took: 0.0000890 seconds
349.739: Application time: 0.0348880 seconds
349.739: [GC [PSYoungGen: 43508K->5876K(50176K)] 73362K->35730K(163840K), 0.0021240 secs] [Times: user=0.01 sys=0.00, real=0.00 secs] 
349.741: Total time for which application threads were stopped: 0.0022910 seconds, Stopping threads took: 0.0000820 seconds
349.760: Application time: 0.0184310 seconds
349.760: [GC [PSYoungGen: 49353K->4435K(50176K)] 79207K->34289K(163840K), 0.0017400 secs] [Times: user=0.01 sys=0.00, real=0.00 secs] 
349.762: Total time for which application threads were stopped: 0.0018980 seconds, Stopping threads took: 0.0000810 seconds
349.773: Application time: 0.0115840 seconds
349.773: [GC [PSYoungGen: 47921K->6573K(50176K)] 77775K->38564K(163840K), 0.0029220 secs] [Times: user=0.02 sys=0.00, real=0.00 secs] 
349.776: Total time for which application threads were stopped: 0.0030990 seconds, Stopping threads took: 0.0000900 seconds
349.944: Application time: 0.1678870 seconds
349.944: [GC [PSYoungGen: 50070K->6572K(50176K)] 82061K->48539K(163840K), 0.0048160 secs] [Times: user=0.04 sys=0.00, real=0.00 secs] 
349.949: Total time for which application threads were stopped: 0.0049710 seconds, Stopping threads took: 0.0000730 seconds
350.123: Application time: 0.1739010 seconds
350.123: [GC [PSYoungGen: 50052K->6540K(50176K)] 92019K->58482K(163840K), 0.0048910 secs] [Times: user=0.04 sys=0.00, real=0.00 secs] 
350.128: Total time for which application threads were stopped: 0.0050400 seconds, Stopping threads took: 0.0000660 seconds
350.255: Application time: 0.1272260 seconds
350.256: [GC [PSYoungGen: 49351K->6604K(50176K)] 101293K->67809K(163840K), 0.0048540 secs] [Times: user=0.04 sys=0.00, real=0.00 secs] 
350.261: Total time for which application threads were stopped: 0.0050910 seconds, Stopping threads took: 0.0001400 seconds
350.276: Application time: 0.0153490 seconds
350.276: [GC [PSYoungGen: 50082K->6572K(50176K)] 111287K->72765K(163840K), 0.0037530 secs] [Times: user=0.02 sys=0.00, real=0.00 secs] 
350.280: Total time for which application threads were stopped: 0.0039300 seconds, Stopping threads took: 0.0000940 seconds
350.299: Application time: 0.0196990 seconds
350.300: [GC [PSYoungGen: 50059K->6637K(50176K)] 116252K->72829K(163840K), 0.0023190 secs] [Times: user=0.02 sys=0.00, real=0.00 secs] 
350.302: Total time for which application threads were stopped: 0.0024720 seconds, Stopping threads took: 0.0000670 seconds
350.331: Application time: 0.0292050 seconds
350.331: [GC [PSYoungGen: 50125K->6636K(50176K)] 116318K->77104K(163840K), 0.0033760 secs] [Times: user=0.03 sys=0.00, real=0.00 secs] 
350.335: Total time for which application threads were stopped: 0.0035280 seconds, Stopping threads took: 0.0000690 seconds
350.418: Application time: 0.0836380 seconds
350.418: [GC [PSYoungGen: 50151K->6636K(50176K)] 120619K->87079K(163840K), 0.0051230 secs] [Times: user=0.04 sys=0.00, real=0.01 secs] 
350.424: Total time for which application threads were stopped: 0.0052900 seconds, Stopping threads took: 0.0000770 seconds
350.439: Application time: 0.0152010 seconds
350.439: [GC [PSYoungGen: 50129K->6652K(50176K)] 130572K->89961K(163840K), 0.0032090 secs] [Times: user=0.02 sys=0.00, real=0.01 secs] 
350.442: Total time for which application threads were stopped: 0.0033680 seconds, Stopping threads took: 0.0000750 seconds
350.457: Application time: 0.0152000 seconds
350.458: [GC [PSYoungGen: 50135K->6636K(50176K)] 133445K->92796K(163840K), 0.0032310 secs] [Times: user=0.03 sys=0.00, real=0.00 secs] 
350.461: Total time for which application threads were stopped: 0.0034290 seconds, Stopping threads took: 0.0001100 seconds
350.560: Application time: 0.0989750 seconds
350.560: [GC [PSYoungGen: 50135K->6636K(50176K)] 136294K->103536K(163840K), 0.0051810 secs] [Times: user=0.03 sys=0.00, real=0.01 secs] 
350.565: Total time for which application threads were stopped: 0.0053360 seconds, Stopping threads took: 0.0000710 seconds
350.724: Application time: 0.1585050 seconds
350.724: [GC [PSYoungGen: 50134K->6636K(50176K)] 147033K->114232K(163840K), 0.0051480 secs] [Times: user=0.03 sys=0.00, real=0.00 secs] 
350.729: [Full GC [PSYoungGen: 6636K->0K(50176K)] [ParOldGen: 107595K->27003K(113664K)] 114232K->27003K(163840K) [PSPermGen: 6125K->6125K(21504K)], 0.0101160 secs] [Times: user=0.06 sys=0.00, real=0.01 secs] 
350.739: Total time for which application threads were stopped: 0.0154850 seconds, Stopping threads took: 0.0000850 seconds
350.922: Application time: 0.1830050 seconds
350.922: [GC [PSYoungGen: 43489K->6508K(50176K)] 70493K->44200K(163840K), 0.0050090 secs] [Times: user=0.04 sys=0.00, real=0.00 secs] 
350.927: Total time for which application threads were stopped: 0.0051580 seconds, Stopping threads took: 0.0000580 seconds
351.090: Application time: 0.1630110 seconds
351.090: [GC [PSYoungGen: 49989K->6508K(50176K)] 87681K->52751K(163840K), 0.0045910 secs] [Times: user=0.04 sys=0.00, real=0.00 secs] 
351.095: Total time for which application threads were stopped: 0.0047520 seconds, Stopping threads took: 0.0000770 seconds
351.244: Application time: 0.1492790 seconds
351.244: [GC [PSYoungGen: 50005K->6572K(50176K)] 96247K->62078K(163840K), 0.0047400 secs] [Times: user=0.04 sys=0.00, real=0.00 secs] 
351.249: Total time for which application threads were stopped: 0.0048980 seconds, Stopping threads took: 0.0000740 seconds
351.401: Application time: 0.1516260 seconds
351.401: [GC [PSYoungGen: 50079K->6604K(50176K)] 105584K->72085K(163840K), 0.0048160 secs] [Times: user=0.04 sys=0.00, real=0.01 secs] 
351.406: Total time for which application threads were stopped: 0.0049780 seconds, Stopping threads took: 0.0000750 seconds
351.572: Application time: 0.1665670 seconds
351.573: [GC [PSYoungGen: 50094K->6636K(50176K)] 115575K->82806K(163840K), 0.0051380 secs] [Times: user=0.03 sys=0.00, real=0.00 secs] 
351.578: Total time for which application threads were stopped: 0.0053050 seconds, Stopping threads took: 0.0000750 seconds
351.743: Application time: 0.1648840 seconds
351.743: [GC [PSYoungGen: 50127K->6636K(50176K)] 126296K->92789K(163840K), 0.0049180 secs] [Times: user=0.03 sys=0.01, real=0.00 secs] 
351.748: Total time for which application threads were stopped: 0.0050670 seconds, Stopping threads took: 0.0000650 seconds
351.775: Application time: 0.0276400 seconds
351.775: [GC [PSYoungGen: 50149K->6636K(50176K)] 136302K->98514K(163840K), 0.0040010 secs] [Times: user=0.03 sys=0.00, real=0.00 secs] 
351.780: Total time for which application threads were stopped: 0.0041740 seconds, Stopping threads took: 0.0000880 seconds
351.796: Application time: 0.0169800 seconds
351.797: [GC [PSYoungGen: 50114K->6636K(50176K)] 141991K->99939K(163840K), 0.0028270 secs] [Times: user=0.02 sys=0.00, real=0.00 secs] 
351.799: Total time for which application threads were stopped: 0.0029950 seconds, Stopping threads took: 0.0000820 seconds
351.812: Application time: 0.0128470 seconds
351.812: [GC [PSYoungGen: 50117K->5956K(50176K)] 143419K->100683K(163840K), 0.0026400 secs] [Times: user=0.02 sys=0.00, real=0.00 secs] 
351.815: Total time for which application threads were stopped: 0.0028150 seconds, Stopping threads took: 0.0000900 seconds
351.937: Application time: 0.1214450 seconds
351.937: [GC [PSYoungGen: 49446K->6636K(50176K)] 144174K->112052K(163840K), 0.0051680 secs] [Times: user=0.03 sys=0.00, real=0.00 secs] 
351.942: [Full GC [PSYoungGen: 6636K->0K(50176K)] [ParOldGen: 105415K->28429K(113664K)] 112052K->28429K(163840K) [PSPermGen: 6125K->6125K(21504K)], 0.0102420 secs] [Times: user=0.06 sys=0.00, real=0.02 secs] 
351.952: Total time for which application threads were stopped: 0.0156070 seconds, Stopping threads took: 0.0000590 seconds
352.120: Application time: 0.1673540 seconds
352.120: [GC [PSYoungGen: 43490K->6540K(50176K)] 71919K->44946K(163840K), 0.0049340 secs] [Times: user=0.03 sys=0.00, real=0.01 secs] 
352.125: Total time for which application threads were stopped: 0.0051020 seconds, Stopping threads took: 0.0000760 seconds
352.291: Application time: 0.1663430 seconds
352.291: [GC [PSYoungGen: 50031K->6572K(50176K)] 88436K->53528K(163840K), 0.0044910 secs] [Times: user=0.04 sys=0.00, real=0.00 secs] 
352.296: Total time for which application threads were stopped: 0.0046490 seconds, Stopping threads took: 0.0000730 seconds
352.434: Application time: 0.1382910 seconds
352.434: [GC [PSYoungGen: 49391K->6636K(50176K)] 96347K->64281K(163840K), 0.0051300 secs] [Times: user=0.04 sys=0.00, real=0.00 secs] 
352.439: Total time for which application threads were stopped: 0.0052980 seconds, Stopping threads took: 0.0000820 seconds
352.456: Application time: 0.0166800 seconds
352.456: [GC [PSYoungGen: 50112K->6604K(50176K)] 107756K->67811K(163840K), 0.0033520 secs] [Times: user=0.03 sys=0.00, real=0.00 secs] 
352.459: Total time for which application threads were stopped: 0.0035270 seconds, Stopping threads took: 0.0000870 seconds
352.477: Application time: 0.0173550 seconds
352.477: [GC [PSYoungGen: 49999K->6653K(50176K)] 111206K->69293K(163840K), 0.0027750 secs] [Times: user=0.02 sys=0.00, real=0.00 secs] 
352.480: Total time for which application threads were stopped: 0.0029500 seconds, Stopping threads took: 0.0000910 seconds
352.491: Application time: 0.0117010 seconds
352.492: [GC [PSYoungGen: 49542K->5956K(50176K)] 112182K->72159K(163840K), 0.0031620 secs] [Times: user=0.02 sys=0.00, real=0.00 secs] 
352.495: Total time for which application threads were stopped: 0.0035720 seconds, Stopping threads took: 0.0003250 seconds
352.508: Application time: 0.0126630 seconds
352.508: [GC [PSYoungGen: 49450K->5956K(50176K)] 115653K->75721K(163840K), 0.0032520 secs] [Times: user=0.03 sys=0.00, real=0.01 secs] 
352.511: Total time for which application threads were stopped: 0.0034250 seconds, Stopping threads took: 0.0000880 seconds
352.531: Application time: 0.0195080 seconds
352.531: [GC [PSYoungGen: 49436K->5988K(50176K)] 119201K->78604K(163840K), 0.0029100 secs] [Times: user=0.02 sys=0.00, real=0.00 secs] 
352.534: Total time for which application threads were stopped: 0.0030610 seconds, Stopping threads took: 0.0000660 seconds
352.546: Application time: 0.0126620 seconds
352.546: [GC [PSYoungGen: 49473K->6637K(50176K)] 122088K->82103K(163840K), 0.0031930 secs] [Times: user=0.02 sys=0.00, real=0.00 secs] 
352.550: Total time for which application threads were stopped: 0.0033620 seconds, Stopping threads took: 0.0000820 seconds
352.681: Application time: 0.1316010 seconds
352.681: [GC [PSYoungGen: 50126K->6636K(50176K)] 125592K->92835K(163840K), 0.0052030 secs] [Times: user=0.03 sys=0.00, real=0.01 secs] 
352.687: Total time for which application threads were stopped: 0.0053940 seconds, Stopping threads took: 0.0000960 seconds
352.846: Application time: 0.1595300 seconds
352.846: [GC [PSYoungGen: 50126K->5956K(50176K)] 136324K->103555K(163840K), 0.0051010 secs] [Times: user=0.04 sys=0.00, real=0.01 secs] 
352.852: [Full GC [PSYoungGen: 5956K->0K(50176K)] [ParOldGen: 97598K->28429K(113664K)] 103555K->28429K(163840K) [PSPermGen: 6125K->6125K(21504K)], 0.0102980 secs] [Times: user=0.05 sys=0.00, real=0.00 secs] 
352.862: Total time for which application threads were stopped: 0.0156010 seconds, Stopping threads took: 0.0000660 seconds
353.020: Application time: 0.1581040 seconds
353.020: [GC [PSYoungGen: 43481K->6412K(50176K)] 71911K->44818K(163840K), 0.0049490 secs] [Times: user=0.04 sys=0.00, real=0.01 secs] 
353.025: Total time for which application threads were stopped: 0.0050940 seconds, Stopping threads took: 0.0000590 seconds
353.126: Application time: 0.1008950 seconds
353.126: [GC [PSYoungGen: 49928K->6444K(50176K)] 88333K->54825K(163840K), 0.0050880 secs] [Times: user=0.04 sys=0.00, real=0.01 secs] 
353.131: Total time for which application threads were stopped: 0.0052710 seconds, Stopping threads took: 0.0000960 seconds
353.147: Application time: 0.0154570 seconds
353.147: [GC [PSYoungGen: 49931K->6572K(50176K)] 98312K->57804K(163840K), 0.0031540 secs] [Times: user=0.02 sys=0.01, real=0.01 secs] 
353.150: Total time for which application threads were stopped: 0.0033210 seconds, Stopping threads took: 0.0000750 seconds
353.166: Application time: 0.0164110 seconds
353.167: [GC [PSYoungGen: 50057K->6509K(50176K)] 101288K->61303K(163840K), 0.0033770 secs] [Times: user=0.02 sys=0.00, real=0.00 secs] 
353.170: Total time for which application threads were stopped: 0.0035330 seconds, Stopping threads took: 0.0000740 seconds
353.242: Application time: 0.0716770 seconds
353.242: [GC [PSYoungGen: 50008K->6572K(50176K)] 104802K->70630K(163840K), 0.0047470 secs] [Times: user=0.04 sys=0.00, real=0.01 secs] 
353.247: Total time for which application threads were stopped: 0.0049290 seconds, Stopping threads took: 0.0000860 seconds
353.336: Application time: 0.0897620 seconds
353.336: [GC [PSYoungGen: 49384K->6636K(50176K)] 113441K->80669K(163840K), 0.0050800 secs] [Times: user=0.04 sys=0.00, real=0.00 secs] 
353.342: Total time for which application threads were stopped: 0.0052710 seconds, Stopping threads took: 0.0001010 seconds
353.357: Application time: 0.0157700 seconds
353.358: [GC [PSYoungGen: 50123K->6636K(50176K)] 124155K->84232K(163840K), 0.0032830 secs] [Times: user=0.02 sys=0.00, real=0.00 secs] 
353.361: Total time for which application threads were stopped: 0.0034490 seconds, Stopping threads took: 0.0000810 seconds
353.378: Application time: 0.0172890 seconds
353.378: [GC [PSYoungGen: 50117K->6637K(50176K)] 127713K->84232K(163840K), 0.0023820 secs] [Times: user=0.02 sys=0.00, real=0.00 secs] 
353.381: Total time for which application threads were stopped: 0.0025430 seconds, Stopping threads took: 0.0000800 seconds
353.455: Application time: 0.0747100 seconds
353.456: [GC [PSYoungGen: 50129K->6620K(50176K)] 127724K->94191K(163840K), 0.0049360 secs] [Times: user=0.04 sys=0.00, real=0.00 secs] 
353.460: Total time for which application threads were stopped: 0.0051040 seconds, Stopping threads took: 0.0000820 seconds
353.529: Application time: 0.0685380 seconds
353.529: [GC [PSYoungGen: 49435K->6636K(50176K)] 137006K->103530K(163840K), 0.0048100 secs] [Times: user=0.03 sys=0.00, real=0.01 secs] 
353.534: Total time for which application threads were stopped: 0.0052530 seconds, Stopping threads took: 0.0003500 seconds
353.551: Application time: 0.0165900 seconds
353.551: [GC [PSYoungGen: 50119K->6636K(50176K)] 147013K->104979K(163840K), 0.0028150 secs] [Times: user=0.02 sys=0.00, real=0.00 secs] 
353.554: [Full GC [PSYoungGen: 6636K->0K(50176K)] [ParOldGen: 98343K->27004K(113664K)] 104979K->27004K(163840K) [PSPermGen: 6125K->6125K(21504K)], 0.0099260 secs] [Times: user=0.05 sys=0.00, real=0.01 secs] 
353.564: Total time for which application threads were stopped: 0.0129860 seconds, Stopping threads took: 0.0001080 seconds
353.579: Application time: 0.0148590 seconds
353.579: [GC [PSYoungGen: 43483K->3723K(50176K)] 70487K->30727K(163840K), 0.0014800 secs] [Times: user=0.01 sys=0.00, real=0.00 secs] 
353.580: Total time for which application threads were stopped: 0.0016360 seconds, Stopping threads took: 0.0000830 seconds
353.684: Application time: 0.1037800 seconds
353.684: [GC [PSYoungGen: 47220K->6572K(50176K)] 74225K->44265K(163840K), 0.0050610 secs] [Times: user=0.03 sys=0.00, real=0.00 secs] 
353.689: Total time for which application threads were stopped: 0.0052170 seconds, Stopping threads took: 0.0000720 seconds
353.863: Application time: 0.1736540 seconds
353.863: [GC [PSYoungGen: 50053K->6540K(50176K)] 87745K->53495K(163840K), 0.0046670 secs] [Times: user=0.04 sys=0.00, real=0.00 secs] 
353.868: Total time for which application threads were stopped: 0.0048210 seconds, Stopping threads took: 0.0000610 seconds
354.034: Application time: 0.1662460 seconds
354.034: [GC [PSYoungGen: 50027K->6572K(50176K)] 96982K->62790K(163840K), 0.0047130 secs] [Times: user=0.03 sys=0.00, real=0.00 secs] 
354.039: Total time for which application threads were stopped: 0.0048640 seconds, Stopping threads took: 0.0000700 seconds
354.210: Application time: 0.1707540 seconds
354.210: [GC [PSYoungGen: 50053K->6572K(50176K)] 106271K->72053K(163840K), 0.0047180 secs] [Times: user=0.03 sys=0.00, real=0.01 secs] 
354.215: Total time for which application threads were stopped: 0.0048700 seconds, Stopping threads took: 0.0000680 seconds
354.256: Application time: 0.0418720 seconds
354.257: [GC [PSYoungGen: 50085K->6604K(50176K)] 115566K->77785K(163840K), 0.0039260 secs] [Times: user=0.02 sys=0.00, real=0.00 secs] 
354.261: Total time for which application threads were stopped: 0.0040990 seconds, Stopping threads took: 0.0000870 seconds
354.278: Application time: 0.0170850 seconds
354.278: [GC [PSYoungGen: 50082K->6572K(50176K)] 121263K->78466K(163840K), 0.0026280 secs] [Times: user=0.02 sys=0.00, real=0.00 secs] 
354.280: Total time for which application threads were stopped: 0.0028000 seconds, Stopping threads took: 0.0000820 seconds
354.293: Application time: 0.0128790 seconds
354.293: [GC [PSYoungGen: 49882K->6620K(50176K)] 121775K->79227K(163840K), 0.0024830 secs] [Times: user=0.02 sys=0.00, real=0.00 secs] 
354.296: Total time for which application threads were stopped: 0.0026390 seconds, Stopping threads took: 0.0000710 seconds
354.315: Application time: 0.0193840 seconds
354.315: [GC [PSYoungGen: 49609K->6636K(50176K)] 122215K->89262K(163840K), 0.0051770 secs] [Times: user=0.04 sys=0.00, real=0.00 secs] 
354.321: Total time for which application threads were stopped: 0.0053430 seconds, Stopping threads took: 0.0000800 seconds
354.338: Application time: 0.0168830 seconds
354.338: [GC [PSYoungGen: 50119K->6604K(50176K)] 132745K->89230K(163840K), 0.0023630 secs] [Times: user=0.02 sys=0.00, real=0.00 secs] 
354.340: Total time for which application threads were stopped: 0.0025330 seconds, Stopping threads took: 0.0000810 seconds
354.354: Application time: 0.0140790 seconds
354.354: [GC [PSYoungGen: 50086K->6572K(50176K)] 132711K->89911K(163840K), 0.0026100 secs] [Times: user=0.02 sys=0.00, real=0.00 secs] 
354.357: Total time for which application threads were stopped: 0.0027680 seconds, Stopping threads took: 0.0000750 seconds
354.486: Application time: 0.1290800 seconds
354.486: [GC [PSYoungGen: 50077K->6636K(50176K)] 133415K->99966K(163840K), 0.0048910 secs] [Times: user=0.03 sys=0.00, real=0.01 secs] 
354.491: Total time for which application threads were stopped: 0.0050360 seconds, Stopping threads took: 0.0000560 seconds
354.652: Application time: 0.1608710 seconds
354.652: [GC [PSYoungGen: 50134K->6636K(50176K)] 143464K->110694K(163840K), 0.0051390 secs] [Times: user=0.04 sys=0.00, real=0.00 secs] 
354.657: [Full GC [PSYoungGen: 6636K->0K(50176K)] [ParOldGen: 104057K->27717K(113664K)] 110694K->27717K(163840K) [PSPermGen: 6125K->6125K(21504K)], 0.0102210 secs] [Times: user=0.05 sys=0.00, real=0.01 secs] 
354.668: Total time for which application threads were stopped: 0.0155570 seconds, Stopping threads took: 0.0000630 seconds
354.844: Application time: 0.1767880 seconds
354.844: [GC [PSYoungGen: 43480K->6444K(50176K)] 71197K->43424K(163840K), 0.0046940 secs] [Times: user=0.03 sys=0.00, real=0.00 secs] 
354.849: Total time for which application threads were stopped: 0.0048460 seconds, Stopping threads took: 0.0000640 seconds
355.001: Application time: 0.1520140 seconds
355.001: [GC [PSYoungGen: 49925K->6444K(50176K)] 86905K->52687K(163840K), 0.0047050 secs] [Times: user=0.04 sys=0.00, real=0.01 secs] 
355.006: Total time for which application threads were stopped: 0.0048900 seconds, Stopping threads took: 0.0000890 seconds
355.180: Application time: 0.1738140 seconds
355.180: [GC [PSYoungGen: 49934K->6476K(50176K)] 96177K->62695K(163840K), 0.0049070 secs] [Times: user=0.04 sys=0.00, real=0.01 secs] 
355.185: Total time for which application threads were stopped: 0.0050840 seconds, Stopping threads took: 0.0000920 seconds
355.352: Application time: 0.1672500 seconds
355.352: [GC [PSYoungGen: 49992K->6636K(50176K)] 106210K->74255K(163840K), 0.0052280 secs] [Times: user=0.03 sys=0.00, real=0.00 secs] 
355.358: Total time for which application threads were stopped: 0.0053710 seconds, Stopping threads took: 0.0000580 seconds
355.511: Application time: 0.1537520 seconds
355.511: [GC [PSYoungGen: 50135K->6636K(50176K)] 117754K->84239K(163840K), 0.0048840 secs] [Times: user=0.03 sys=0.00, real=0.00 secs] 
355.516: Total time for which application threads were stopped: 0.0050410 seconds, Stopping threads took: 0.0000640 seconds
355.545: Application time: 0.0286440 seconds
355.545: [GC [PSYoungGen: 50151K->5988K(50176K)] 127754K->92141K(163840K), 0.0045340 secs] [Times: user=0.03 sys=0.00, real=0.00 secs] 
355.550: Total time for which application threads were stopped: 0.0047110 seconds, Stopping threads took: 0.0000880 seconds
355.566: Application time: 0.0167130 seconds
355.567: [GC [PSYoungGen: 49465K->6637K(50176K)] 135619K->93502K(163840K), 0.0025670 secs] [Times: user=0.02 sys=0.00, real=0.00 secs] 
355.569: Total time for which application threads were stopped: 0.0027910 seconds, Stopping threads took: 0.0001440 seconds
355.582: Application time: 0.0131070 seconds
355.582: [GC [PSYoungGen: 50121K->5956K(50176K)] 136987K->96385K(163840K), 0.0031940 secs] [Times: user=0.02 sys=0.00, real=0.00 secs] 
355.586: Total time for which application threads were stopped: 0.0033570 seconds, Stopping threads took: 0.0000770 seconds
355.703: Application time: 0.1174890 seconds
355.703: [GC [PSYoungGen: 49446K->5988K(50176K)] 139874K->107817K(163840K), 0.0051810 secs] [Times: user=0.04 sys=0.00, real=0.00 secs] 
355.709: [Full GC [PSYoungGen: 5988K->0K(50176K)] [ParOldGen: 101829K->28430K(113664K)] 107817K->28430K(163840K) [PSPermGen: 6125K->6125K(21504K)], 0.0102090 secs] [Times: user=0.05 sys=0.00, real=0.01 secs] 
355.719: Total time for which application threads were stopped: 0.0155890 seconds, Stopping threads took: 0.0000630 seconds
355.881: Application time: 0.1619510 seconds
355.881: [GC [PSYoungGen: 43481K->6412K(50176K)] 71911K->44818K(163840K), 0.0048850 secs] [Times: user=0.04 sys=0.00, real=0.01 secs] 
355.886: Total time for which application threads were stopped: 0.0050300 seconds, Stopping threads took: 0.0000610 seconds
356.037: Application time: 0.1510820 seconds
356.037: [GC [PSYoungGen: 49903K->6540K(50176K)] 88309K->54209K(163840K), 0.0047410 secs] [Times: user=0.03 sys=0.00, real=0.00 secs] 
356.042: Total time for which application threads were stopped: 0.0049090 seconds, Stopping threads took: 0.0000650 seconds
356.192: Application time: 0.1503370 seconds
356.192: [GC [PSYoungGen: 50038K->6605K(50176K)] 97707K->64249K(163840K), 0.0049520 secs] [Times: user=0.04 sys=0.00, real=0.00 secs] 
356.197: Total time for which application threads were stopped: 0.0051140 seconds, Stopping threads took: 0.0000770 seconds
356.342: Application time: 0.1446550 seconds
356.342: [GC [PSYoungGen: 49415K->6604K(50176K)] 107060K->75650K(163840K), 0.0053310 secs] [Times: user=0.04 sys=0.00, real=0.00 secs] 
356.347: Total time for which application threads were stopped: 0.0054940 seconds, Stopping threads took: 0.0000760 seconds
356.365: Application time: 0.0175810 seconds
356.365: [GC [PSYoungGen: 50113K->6636K(50176K)] 119158K->79245K(163840K), 0.0033760 secs] [Times: user=0.03 sys=0.00, real=0.00 secs] 
356.369: Total time for which application threads were stopped: 0.0035570 seconds, Stopping threads took: 0.0000960 seconds
356.381: Application time: 0.0124500 seconds
356.382: [GC [PSYoungGen: 50115K->6652K(50176K)] 122723K->79989K(163840K), 0.0024390 secs] [Times: user=0.01 sys=0.00, real=0.01 secs] 
356.384: Total time for which application threads were stopped: 0.0031760 seconds, Stopping threads took: 0.0006500 seconds
356.395: Application time: 0.0112370 seconds
356.396: [GC [PSYoungGen: 50131K->6653K(50176K)] 123468K->83552K(163840K), 0.0034280 secs] [Times: user=0.02 sys=0.00, real=0.00 secs] 
356.399: Total time for which application threads were stopped: 0.0036140 seconds, Stopping threads took: 0.0001040 seconds
356.409: Application time: 0.0099990 seconds
356.409: [GC [PSYoungGen: 50143K->6653K(50176K)] 127043K->85698K(163840K), 0.0029350 secs] [Times: user=0.02 sys=0.00, real=0.01 secs] 
356.412: Total time for which application threads were stopped: 0.0032660 seconds, Stopping threads took: 0.0002440 seconds
356.425: Application time: 0.0127880 seconds
356.425: [GC [PSYoungGen: 50145K->5972K(50176K)] 129190K->89293K(163840K), 0.0033400 secs] [Times: user=0.03 sys=0.00, real=0.00 secs] 
356.429: Total time for which application threads were stopped: 0.0035230 seconds, Stopping threads took: 0.0000960 seconds
356.440: Application time: 0.0116030 seconds
356.440: [GC [PSYoungGen: 49454K->5956K(50176K)] 132775K->91414K(163840K), 0.0027840 secs] [Times: user=0.02 sys=0.00, real=0.01 secs] 
356.443: Total time for which application threads were stopped: 0.0029620 seconds, Stopping threads took: 0.0000920 seconds
356.589: Application time: 0.1460840 seconds
356.589: [GC [PSYoungGen: 49454K->6652K(50176K)] 134913K->103520K(163840K), 0.0053700 secs] [Times: user=0.04 sys=0.00, real=0.01 secs] 
356.595: [Full GC [PSYoungGen: 6652K->0K(50176K)] [ParOldGen: 96867K->28430K(113664K)] 103520K->28430K(163840K) [PSPermGen: 6125K->6125K(21504K)], 0.0103570 secs] [Times: user=0.05 sys=0.00, real=0.01 secs] 
356.605: Total time for which application threads were stopped: 0.0159480 seconds, Stopping threads took: 0.0000780 seconds
356.773: Application time: 0.1675710 seconds
356.773: [GC [PSYoungGen: 43481K->6412K(50176K)] 71912K->44106K(163840K), 0.0047680 secs] [Times: user=0.04 sys=0.00, real=0.00 secs] 
356.778: Total time for which application threads were stopped: 0.0049170 seconds, Stopping threads took: 0.0000620 seconds
356.934: Application time: 0.1567130 seconds
356.935: [GC [PSYoungGen: 49894K->6412K(50176K)] 87588K->53369K(163840K), 0.0047010 secs] [Times: user=0.04 sys=0.00, real=0.00 secs] 
356.939: Total time for which application threads were stopped: 0.0048550 seconds, Stopping threads took: 0.0000730 seconds
357.047: Application time: 0.1081650 seconds
357.048: [GC [PSYoungGen: 49930K->6572K(50176K)] 96886K->64217K(163840K), 0.0053270 secs] [Times: user=0.04 sys=0.00, real=0.01 secs] 
357.053: Total time for which application threads were stopped: 0.0054960 seconds, Stopping threads took: 0.0000840 seconds
357.070: Application time: 0.0173230 seconds
357.070: [GC [PSYoungGen: 50065K->6636K(50176K)] 107710K->65706K(163840K), 0.0026490 secs] [Times: user=0.02 sys=0.00, real=0.00 secs] 
357.073: Total time for which application threads were stopped: 0.0028180 seconds, Stopping threads took: 0.0000860 seconds
357.090: Application time: 0.0164480 seconds
357.090: [GC [PSYoungGen: 50127K->6605K(50176K)] 109197K->67812K(163840K), 0.0030020 secs] [Times: user=0.02 sys=0.00, real=0.01 secs] 
357.093: Total time for which application threads were stopped: 0.0031810 seconds, Stopping threads took: 0.0000900 seconds
357.155: Application time: 0.0622430 seconds
357.155: [GC [PSYoungGen: 50098K->6572K(50176K)] 111305K->77043K(163840K), 0.0047330 secs] [Times: user=0.03 sys=0.00, real=0.00 secs] 
357.160: Total time for which application threads were stopped: 0.0049000 seconds, Stopping threads took: 0.0000670 seconds
357.226: Application time: 0.0662160 seconds
357.226: [GC [PSYoungGen: 50091K->6604K(50176K)] 120562K->86338K(163840K), 0.0049100 secs] [Times: user=0.04 sys=0.00, real=0.01 secs] 
357.231: Total time for which application threads were stopped: 0.0050730 seconds, Stopping threads took: 0.0000760 seconds
357.247: Application time: 0.0160750 seconds
357.247: [GC [PSYoungGen: 50081K->6636K(50176K)] 129815K->89220K(163840K), 0.0032380 secs] [Times: user=0.02 sys=0.00, real=0.01 secs] 
357.251: Total time for which application threads were stopped: 0.0033940 seconds, Stopping threads took: 0.0000750 seconds
357.264: Application time: 0.0129220 seconds
357.264: [GC [PSYoungGen: 50123K->6637K(50176K)] 132707K->94921K(163840K), 0.0039970 secs] [Times: user=0.03 sys=0.00, real=0.00 secs] 
357.268: Total time for which application threads were stopped: 0.0041820 seconds, Stopping threads took: 0.0001010 seconds
357.361: Application time: 0.0937410 seconds
357.362: [GC [PSYoungGen: 50139K->6636K(50176K)] 138423K->104940K(163840K), 0.0049590 secs] [Times: user=0.04 sys=0.01, real=0.01 secs] 
357.367: [Full GC [PSYoungGen: 6636K->0K(50176K)] [ParOldGen: 98303K->30811K(113664K)] 104940K->30811K(163840K) [PSPermGen: 6125K->6125K(21504K)], 0.0090550 secs] [Times: user=0.04 sys=0.00, real=0.01 secs] 
357.376: Total time for which application threads were stopped: 0.0142200 seconds, Stopping threads took: 0.0000690 seconds
357.468: Application time: 0.0926780 seconds
357.468: [GC [PSYoungGen: 43514K->6444K(50176K)] 74326K->47231K(163840K), 0.0050710 secs] [Times: user=0.04 sys=0.00, real=0.01 secs] 
357.474: Total time for which application threads were stopped: 0.0052360 seconds, Stopping threads took: 0.0000780 seconds
357.490: Application time: 0.0165380 seconds
357.490: [GC [PSYoungGen: 49927K->6636K(50176K)] 90714K->47423K(163840K), 0.0024000 secs] [Times: user=0.02 sys=0.00, real=0.00 secs] 
357.493: Total time for which application threads were stopped: 0.0025810 seconds, Stopping threads took: 0.0000980 seconds
357.507: Application time: 0.0139050 seconds
357.507: [GC [PSYoungGen: 50121K->6572K(50176K)] 90909K->50922K(163840K), 0.0033320 secs] [Times: user=0.03 sys=0.00, real=0.01 secs] 
357.510: Total time for which application threads were stopped: 0.0034960 seconds, Stopping threads took: 0.0000790 seconds
357.618: Application time: 0.1076070 seconds
357.618: [GC [PSYoungGen: 50070K->6540K(50176K)] 94420K->62291K(163840K), 0.0052760 secs] [Times: user=0.04 sys=0.00, real=0.01 secs] 
357.623: Total time for which application threads were stopped: 0.0054210 seconds, Stopping threads took: 0.0000610 seconds
357.796: Application time: 0.1728390 seconds
357.796: [GC [PSYoungGen: 50021K->6508K(50176K)] 105771K->72234K(163840K), 0.0049250 secs] [Times: user=0.03 sys=0.00, real=0.00 secs] 
357.801: Total time for which application threads were stopped: 0.0050960 seconds, Stopping threads took: 0.0000750 seconds
357.982: Application time: 0.1807300 seconds
357.982: [GC [PSYoungGen: 49989K->6540K(50176K)] 115714K->80816K(163840K), 0.0045250 secs] [Times: user=0.03 sys=0.00, real=0.01 secs] 
357.987: Total time for which application threads were stopped: 0.0046730 seconds, Stopping threads took: 0.0000630 seconds
358.107: Application time: 0.1206400 seconds
358.107: [GC [PSYoungGen: 49349K->6540K(50176K)] 123625K->90792K(163840K), 0.0050790 secs] [Times: user=0.03 sys=0.00, real=0.01 secs] 
358.112: Total time for which application threads were stopped: 0.0052420 seconds, Stopping threads took: 0.0000760 seconds
358.130: Application time: 0.0180820 seconds
358.131: [GC [PSYoungGen: 50020K->5860K(50176K)] 134272K->90111K(163840K), 0.0019770 secs] [Times: user=0.01 sys=0.00, real=0.00 secs] 
358.133: Total time for which application threads were stopped: 0.0021300 seconds, Stopping threads took: 0.0000730 seconds
358.150: Application time: 0.0174570 seconds
358.150: [GC [PSYoungGen: 49343K->6636K(50176K)] 133595K->94467K(163840K), 0.0033590 secs] [Times: user=0.03 sys=0.00, real=0.00 secs] 
358.154: Total time for which application threads were stopped: 0.0035150 seconds, Stopping threads took: 0.0000710 seconds
358.183: Application time: 0.0291580 seconds
358.183: [GC [PSYoungGen: 49451K->6636K(50176K)] 137281K->100911K(163840K), 0.0038950 secs] [Times: user=0.03 sys=0.00, real=0.00 secs] 
358.187: Total time for which application threads were stopped: 0.0040510 seconds, Stopping threads took: 0.0000750 seconds
358.205: Application time: 0.0177200 seconds
358.205: [GC [PSYoungGen: 50112K->6652K(50176K)] 144387K->103073K(163840K), 0.0030200 secs] [Times: user=0.02 sys=0.00, real=0.00 secs] 
358.208: Total time for which application threads were stopped: 0.0031930 seconds, Stopping threads took: 0.0000870 seconds
358.232: Application time: 0.0238010 seconds
358.232: [GC [PSYoungGen: 50134K->6637K(50176K)] 146554K->106636K(163840K), 0.0034120 secs] [Times: user=0.03 sys=0.00, real=0.00 secs] 
358.235: [Full GC [PSYoungGen: 6637K->0K(50176K)] [ParOldGen: 99999K->27005K(113664K)] 106636K->27005K(163840K) [PSPermGen: 6125K->6125K(21504K)], 0.0101920 secs] [Times: user=0.05 sys=0.00, real=0.01 secs] 
358.245: Total time for which application threads were stopped: 0.0138470 seconds, Stopping threads took: 0.0001030 seconds
358.261: Application time: 0.0153210 seconds
358.261: [GC [PSYoungGen: 43493K->4467K(50176K)] 70498K->31472K(163840K), 0.0013640 secs] [Times: user=0.01 sys=0.01, real=0.01 secs] 
358.262: Total time for which application threads were stopped: 0.0015180 seconds, Stopping threads took: 0.0000850 seconds
358.438: Application time: 0.1755090 seconds
358.438: [GC [PSYoungGen: 47970K->6604K(50176K)] 74975K->42872K(163840K), 0.0045710 secs] [Times: user=0.04 sys=0.00, real=0.01 secs] 
358.442: Total time for which application threads were stopped: 0.0047420 seconds, Stopping threads took: 0.0000780 seconds
358.606: Application time: 0.1633500 seconds
358.606: [GC [PSYoungGen: 50093K->6604K(50176K)] 86361K->52848K(163840K), 0.0048210 secs] [Times: user=0.03 sys=0.00, real=0.01 secs] 
358.611: Total time for which application threads were stopped: 0.0049690 seconds, Stopping threads took: 0.0000660 seconds
358.802: Application time: 0.1913640 seconds
358.802: [GC [PSYoungGen: 50085K->6636K(50176K)] 96328K->62863K(163840K), 0.0048990 secs] [Times: user=0.03 sys=0.00, real=0.00 secs] 
358.807: Total time for which application threads were stopped: 0.0050660 seconds, Stopping threads took: 0.0000830 seconds
358.970: Application time: 0.1627800 seconds
358.970: [GC [PSYoungGen: 50117K->6636K(50176K)] 106344K->72839K(163840K), 0.0049790 secs] [Times: user=0.04 sys=0.00, real=0.00 secs] 
358.975: Total time for which application threads were stopped: 0.0051490 seconds, Stopping threads took: 0.0000770 seconds
359.139: Application time: 0.1643440 seconds
359.140: [GC [PSYoungGen: 50149K->6636K(50176K)] 116351K->83534K(163840K), 0.0050500 secs] [Times: user=0.03 sys=0.00, real=0.01 secs] 
359.145: Total time for which application threads were stopped: 0.0051970 seconds, Stopping threads took: 0.0000650 seconds
359.297: Application time: 0.1518340 seconds
359.297: [GC [PSYoungGen: 50118K->6636K(50176K)] 127016K->93510K(163840K), 0.0048780 secs] [Times: user=0.03 sys=0.00, real=0.00 secs] 
359.302: Total time for which application threads were stopped: 0.0050480 seconds, Stopping threads took: 0.0000780 seconds
359.455: Application time: 0.1536740 seconds
359.455: [GC [PSYoungGen: 49466K->5956K(50176K)] 136340K->104943K(163840K), 0.0054060 secs] [Times: user=0.04 sys=0.00, real=0.00 secs] 
359.461: [Full GC [PSYoungGen: 5956K->0K(50176K)] [ParOldGen: 98987K->27005K(113664K)] 104943K->27005K(163840K) [PSPermGen: 6125K->6125K(21504K)], 0.0099030 secs] [Times: user=0.06 sys=0.00, real=0.02 secs] 
359.471: Total time for which application threads were stopped: 0.0155240 seconds, Stopping threads took: 0.0000820 seconds
359.488: Application time: 0.0171230 seconds
359.488: [GC [PSYoungGen: 43477K->5860K(50176K)] 70483K->32865K(163840K), 0.0020980 secs] [Times: user=0.02 sys=0.00, real=0.01 secs] 
359.490: Total time for which application threads were stopped: 0.0022830 seconds, Stopping threads took: 0.0000870 seconds
359.506: Application time: 0.0162210 seconds
359.507: [GC [PSYoungGen: 49344K->6477K(50176K)] 76350K->42033K(163840K), 0.0046840 secs] [Times: user=0.04 sys=0.00, real=0.01 secs] 
359.511: Total time for which application threads were stopped: 0.0048720 seconds, Stopping threads took: 0.0001010 seconds
359.524: Application time: 0.0129320 seconds
359.524: [GC [PSYoungGen: 49959K->6573K(50176K)] 85515K->44266K(163840K), 0.0029620 secs] [Times: user=0.02 sys=0.00, real=0.00 secs] 
359.527: Total time for which application threads were stopped: 0.0031360 seconds, Stopping threads took: 0.0000890 seconds
359.677: Application time: 0.1492490 seconds
359.677: [GC [PSYoungGen: 50063K->6476K(50176K)] 87756K->54146K(163840K), 0.0048510 secs] [Times: user=0.04 sys=0.00, real=0.00 secs] 
359.682: Total time for which application threads were stopped: 0.0050030 seconds, Stopping threads took: 0.0000700 seconds
359.849: Application time: 0.1673140 seconds
359.849: [GC [PSYoungGen: 49959K->6509K(50176K)] 97628K->63441K(163840K), 0.0046980 secs] [Times: user=0.04 sys=0.00, real=0.01 secs] 
359.854: Total time for which application threads were stopped: 0.0048770 seconds, Stopping threads took: 0.0000950 seconds
360.005: Application time: 0.1509750 seconds
360.005: [GC [PSYoungGen: 50008K->6573K(50176K)] 106941K->73481K(163840K), 0.0049180 secs] [Times: user=0.04 sys=0.00, real=0.00 secs] 
360.010: Total time for which application threads were stopped: 0.0050860 seconds, Stopping threads took: 0.0000710 seconds
360.156: Application time: 0.1464730 seconds
360.156: [GC [PSYoungGen: 50063K->6637K(50176K)] 116972K->83521K(163840K), 0.0049390 secs] [Times: user=0.03 sys=0.00, real=0.00 secs] 
360.161: Total time for which application threads were stopped: 0.0051160 seconds, Stopping threads took: 0.0000920 seconds
360.298: Application time: 0.1365470 seconds
360.298: [GC [PSYoungGen: 49447K->6636K(50176K)] 126331K->94225K(163840K), 0.0051090 secs] [Times: user=0.02 sys=0.00, real=0.01 secs] 
360.303: Total time for which application threads were stopped: 0.0052690 seconds, Stopping threads took: 0.0000760 seconds
360.321: Application time: 0.0174730 seconds
360.321: [GC [PSYoungGen: 50121K->5956K(50176K)] 137709K->95682K(163840K), 0.0028030 secs] [Times: user=0.02 sys=0.00, real=0.01 secs] 
360.324: Total time for which application threads were stopped: 0.0030010 seconds, Stopping threads took: 0.0001080 seconds
360.342: Application time: 0.0177810 seconds
360.342: [GC [PSYoungGen: 49437K->5988K(50176K)] 139163K->98564K(163840K), 0.0029990 secs] [Times: user=0.02 sys=0.00, real=0.01 secs] 
360.345: Total time for which application threads were stopped: 0.0031830 seconds, Stopping threads took: 0.0000930 seconds
360.358: Application time: 0.0129370 seconds
360.358: [GC [PSYoungGen: 49480K->5988K(50176K)] 142056K->99277K(163840K), 0.0021070 secs] [Times: user=0.02 sys=0.00, real=0.00 secs] 
360.360: Total time for which application threads were stopped: 0.0022740 seconds, Stopping threads took: 0.0000850 seconds
360.396: Application time: 0.0362190 seconds
360.396: [GC [PSYoungGen: 49507K->6636K(50176K)] 142796K->106382K(163840K), 0.0041860 secs] [Times: user=0.03 sys=0.00, real=0.00 secs] 
360.401: [Full GC [PSYoungGen: 6636K->0K(50176K)] [ParOldGen: 99745K->26293K(113664K)] 106382K->26293K(163840K) [PSPermGen: 6125K->6125K(21504K)], 0.0097970 secs] [Times: user=0.05 sys=0.00, real=0.02 secs] 
360.410: Total time for which application threads were stopped: 0.0142180 seconds, Stopping threads took: 0.0000880 seconds
360.428: Application time: 0.0171160 seconds
360.428: [GC [PSYoungGen: 43478K->3690K(50176K)] 69771K->29984K(163840K), 0.0014910 secs] [Times: user=0.01 sys=0.00, real=0.00 secs] 
360.429: Total time for which application threads were stopped: 0.0016560 seconds, Stopping threads took: 0.0000900 seconds
360.441: Application time: 0.0122260 seconds
360.442: [GC [PSYoungGen: 47175K->6541K(50176K)] 73468K->35684K(163840K), 0.0031120 secs] [Times: user=0.02 sys=0.00, real=0.01 secs] 
360.445: Total time for which application threads were stopped: 0.0033050 seconds, Stopping threads took: 0.0001090 seconds
360.571: Application time: 0.1258180 seconds
360.571: [GC [PSYoungGen: 50030K->6508K(50176K)] 79174K->45628K(163840K), 0.0049310 secs] [Times: user=0.04 sys=0.00, real=0.00 secs] 
360.576: Total time for which application threads were stopped: 0.0050980 seconds, Stopping threads took: 0.0000670 seconds
360.740: Application time: 0.1643090 seconds
360.740: [GC [PSYoungGen: 49990K->6540K(50176K)] 89109K->54923K(163840K), 0.0046870 secs] [Times: user=0.04 sys=0.00, real=0.01 secs] 
360.745: Total time for which application threads were stopped: 0.0048410 seconds, Stopping threads took: 0.0000700 seconds
360.919: Application time: 0.1744920 seconds
360.919: [GC [PSYoungGen: 50022K->6540K(50176K)] 98404K->64186K(163840K), 0.0047270 secs] [Times: user=0.03 sys=0.00, real=0.01 secs] 
360.924: Total time for which application threads were stopped: 0.0048840 seconds, Stopping threads took: 0.0000710 seconds
361.049: Application time: 0.1248970 seconds
361.049: [GC [PSYoungGen: 50052K->6652K(50176K)] 107697K->72848K(163840K), 0.0046300 secs] [Times: user=0.04 sys=0.00, real=0.01 secs] 
361.054: Total time for which application threads were stopped: 0.0048150 seconds, Stopping threads took: 0.0001010 seconds
361.067: Application time: 0.0134380 seconds
361.068: [GC [PSYoungGen: 49469K->6604K(50176K)] 115664K->74938K(163840K), 0.0028800 secs] [Times: user=0.00 sys=0.01, real=0.01 secs] 
361.071: Total time for which application threads were stopped: 0.0033180 seconds, Stopping threads took: 0.0003550 seconds
361.080: Application time: 0.0097840 seconds
361.081: [GC [PSYoungGen: 50078K->6636K(50176K)] 118412K->77107K(163840K), 0.0029160 secs] [Times: user=0.02 sys=0.00, real=0.01 secs] 
361.084: Total time for which application threads were stopped: 0.0032280 seconds, Stopping threads took: 0.0002140 seconds
361.095: Application time: 0.0112910 seconds
361.096: [GC [PSYoungGen: 50126K->6636K(50176K)] 120597K->80670K(163840K), 0.0032170 secs] [Times: user=0.03 sys=0.00, real=0.00 secs] 
361.099: Total time for which application threads were stopped: 0.0039910 seconds, Stopping threads took: 0.0006920 seconds
361.112: Application time: 0.0129020 seconds
361.112: [GC [PSYoungGen: 50119K->6637K(50176K)] 124153K->82808K(163840K), 0.0029340 secs] [Times: user=0.02 sys=0.00, real=0.00 secs] 
361.115: Total time for which application threads were stopped: 0.0031070 seconds, Stopping threads took: 0.0000890 seconds
361.124: Application time: 0.0090290 seconds
361.124: [GC [PSYoungGen: 50120K->6605K(50176K)] 126291K->84201K(163840K), 0.0027760 secs] [Times: user=0.02 sys=0.00, real=0.00 secs] 
361.127: Total time for which application threads were stopped: 0.0029440 seconds, Stopping threads took: 0.0000850 seconds
361.164: Application time: 0.0374190 seconds
361.164: [GC [PSYoungGen: 50102K->6636K(50176K)] 127698K->91366K(163840K), 0.0041670 secs] [Times: user=0.04 sys=0.00, real=0.00 secs] 
361.169: Total time for which application threads were stopped: 0.0043130 seconds, Stopping threads took: 0.0000640 seconds
361.302: Application time: 0.1335910 seconds
361.302: [GC [PSYoungGen: 49446K->6636K(50176K)] 134176K->101418K(163840K), 0.0051380 secs] [Times: user=0.03 sys=0.00, real=0.00 secs] 
361.308: Total time for which application threads were stopped: 0.0053000 seconds, Stopping threads took: 0.0000760 seconds
361.323: Application time: 0.0157790 seconds
361.323: [GC [PSYoungGen: 50118K->6636K(50176K)] 144900K->104268K(163840K), 0.0032610 secs] [Times: user=0.02 sys=0.00, real=0.00 secs] 
361.327: Total time for which application threads were stopped: 0.0034400 seconds, Stopping threads took: 0.0000940 seconds
361.345: Application time: 0.0183200 seconds
361.345: [GC [PSYoungGen: 50129K->6636K(50176K)] 147761K->108551K(163840K), 0.0035140 secs] [Times: user=0.03 sys=0.00, real=0.00 secs] 
361.349: [Full GC [PSYoungGen: 6636K->0K(50176K)] [ParOldGen: 101914K->27718K(113664K)] 108551K->27718K(163840K) [PSPermGen: 6125K->6125K(21504K)], 0.0101920 secs] [Times: user=0.05 sys=0.00, real=0.01 secs] 
361.359: Total time for which application threads were stopped: 0.0139330 seconds, Stopping threads took: 0.0000800 seconds
361.406: Application time: 0.0472800 seconds
361.406: [GC [PSYoungGen: 43488K->6540K(50176K)] 71206K->36396K(163840K), 0.0026760 secs] [Times: user=0.02 sys=0.00, real=0.00 secs] 
361.409: Total time for which application threads were stopped: 0.0028300 seconds, Stopping threads took: 0.0000730 seconds
361.580: Application time: 0.1712630 seconds
361.580: [GC [PSYoungGen: 50029K->6540K(50176K)] 79885K->47084K(163840K), 0.0050230 secs] [Times: user=0.04 sys=0.00, real=0.01 secs] 
361.586: Total time for which application threads were stopped: 0.0051700 seconds, Stopping threads took: 0.0000630 seconds
361.764: Application time: 0.1789220 seconds
361.765: [GC [PSYoungGen: 50021K->6540K(50176K)] 90565K->56347K(163840K), 0.0047120 secs] [Times: user=0.03 sys=0.00, real=0.00 secs] 
361.769: Total time for which application threads were stopped: 0.0048940 seconds, Stopping threads took: 0.0000840 seconds
361.935: Application time: 0.1656370 seconds
361.935: [GC [PSYoungGen: 50021K->6604K(50176K)] 99827K->65674K(163840K), 0.0046920 secs] [Times: user=0.03 sys=0.00, real=0.00 secs] 
361.940: Total time for which application threads were stopped: 0.0048370 seconds, Stopping threads took: 0.0000600 seconds
362.103: Application time: 0.1628590 seconds
362.103: [GC [PSYoungGen: 50099K->6604K(50176K)] 109169K->76362K(163840K), 0.0051080 secs] [Times: user=0.04 sys=0.00, real=0.00 secs] 
362.108: Total time for which application threads were stopped: 0.0052670 seconds, Stopping threads took: 0.0000750 seconds
362.143: Application time: 0.0346380 seconds
362.143: [GC [PSYoungGen: 50113K->6636K(50176K)] 119870K->79956K(163840K), 0.0033680 secs] [Times: user=0.03 sys=0.00, real=0.00 secs] 
362.146: Total time for which application threads were stopped: 0.0035470 seconds, Stopping threads took: 0.0000920 seconds
362.162: Application time: 0.0161560 seconds
362.162: [GC [PSYoungGen: 50149K->6636K(50176K)] 123469K->82094K(163840K), 0.0029340 secs] [Times: user=0.03 sys=0.00, real=0.00 secs] 
362.165: Total time for which application threads were stopped: 0.0030830 seconds, Stopping threads took: 0.0000630 seconds
362.177: Application time: 0.0119070 seconds
362.178: [GC [PSYoungGen: 50119K->6636K(50176K)] 125577K->84244K(163840K), 0.0028370 secs] [Times: user=0.02 sys=0.00, real=0.00 secs] 
362.181: Total time for which application threads were stopped: 0.0035780 seconds, Stopping threads took: 0.0006540 seconds
362.191: Application time: 0.0099990 seconds
362.191: [GC [PSYoungGen: 50124K->6636K(50176K)] 127732K->89247K(163840K), 0.0036520 secs] [Times: user=0.03 sys=0.00, real=0.00 secs] 
362.195: Total time for which application threads were stopped: 0.0038460 seconds, Stopping threads took: 0.0001110 seconds
362.212: Application time: 0.0171860 seconds
362.212: [GC [PSYoungGen: 50122K->6636K(50176K)] 132734K->90696K(163840K), 0.0028040 secs] [Times: user=0.02 sys=0.00, real=0.00 secs] 
362.215: Total time for which application threads were stopped: 0.0029690 seconds, Stopping threads took: 0.0000820 seconds
362.228: Application time: 0.0128280 seconds
362.228: [GC [PSYoungGen: 50117K->6636K(50176K)] 134177K->92122K(163840K), 0.0027970 secs] [Times: user=0.01 sys=0.00, real=0.01 secs] 
362.231: Total time for which application threads were stopped: 0.0029690 seconds, Stopping threads took: 0.0000910 seconds
362.380: Application time: 0.1493120 seconds
362.380: [GC [PSYoungGen: 50151K->6652K(50176K)] 135636K->104259K(163840K), 0.0055390 secs] [Times: user=0.04 sys=0.00, real=0.01 secs] 
362.386: Total time for which application threads were stopped: 0.0057120 seconds, Stopping threads took: 0.0000760 seconds
362.558: Application time: 0.1718720 seconds
362.558: [GC [PSYoungGen: 50133K->6636K(50176K)] 147739K->114234K(163840K), 0.0049360 secs] [Times: user=0.04 sys=0.00, real=0.01 secs] 
362.563: [Full GC [PSYoungGen: 6636K->0K(50176K)] [ParOldGen: 107597K->28430K(113664K)] 114234K->28430K(163840K) [PSPermGen: 6125K->6125K(21504K)], 0.0103860 secs] [Times: user=0.06 sys=0.00, real=0.01 secs] 
362.573: Total time for which application threads were stopped: 0.0155340 seconds, Stopping threads took: 0.0000730 seconds
362.740: Application time: 0.1672350 seconds
362.741: [GC [PSYoungGen: 43480K->6412K(50176K)] 71911K->44818K(163840K), 0.0049240 secs] [Times: user=0.04 sys=0.00, real=0.01 secs] 
362.745: Total time for which application threads were stopped: 0.0050840 seconds, Stopping threads took: 0.0000740 seconds
362.923: Application time: 0.1777040 seconds
362.923: [GC [PSYoungGen: 49893K->6412K(50176K)] 88299K->54794K(163840K), 0.0049080 secs] [Times: user=0.04 sys=0.00, real=0.00 secs] 
362.928: Total time for which application threads were stopped: 0.0050670 seconds, Stopping threads took: 0.0000640 seconds
363.102: Application time: 0.1735950 seconds
363.102: [GC [PSYoungGen: 49923K->6604K(50176K)] 98305K->64249K(163840K), 0.0045690 secs] [Times: user=0.03 sys=0.01, real=0.01 secs] 
363.107: Total time for which application threads were stopped: 0.0047190 seconds, Stopping threads took: 0.0000680 seconds
363.229: Application time: 0.1219720 seconds
363.229: [GC [PSYoungGen: 49425K->6636K(50176K)] 107070K->74977K(163840K), 0.0052460 secs] [Times: user=0.04 sys=0.00, real=0.01 secs] 
363.234: Total time for which application threads were stopped: 0.0054080 seconds, Stopping threads took: 0.0000770 seconds
363.251: Application time: 0.0166140 seconds
363.251: [GC [PSYoungGen: 50112K->6636K(50176K)] 118453K->77827K(163840K), 0.0031900 secs] [Times: user=0.02 sys=0.00, real=0.00 secs] 
363.254: Total time for which application threads were stopped: 0.0033530 seconds, Stopping threads took: 0.0000800 seconds
363.270: Application time: 0.0161540 seconds
363.270: [GC [PSYoungGen: 50130K->5988K(50176K)] 121321K->85017K(163840K), 0.0042960 secs] [Times: user=0.04 sys=0.00, real=0.00 secs] 
363.275: Total time for which application threads were stopped: 0.0044680 seconds, Stopping threads took: 0.0000840 seconds
363.289: Application time: 0.0143120 seconds
363.289: [GC [PSYoungGen: 49480K->6636K(50176K)] 128509K->85677K(163840K), 0.0023060 secs] [Times: user=0.02 sys=0.00, real=0.01 secs] 
363.291: Total time for which application threads were stopped: 0.0024660 seconds, Stopping threads took: 0.0000770 seconds
363.450: Application time: 0.1589190 seconds
363.450: [GC [PSYoungGen: 50118K->5956K(50176K)] 129159K->96398K(163840K), 0.0051850 secs] [Times: user=0.04 sys=0.00, real=0.00 secs] 
363.456: Total time for which application threads were stopped: 0.0053660 seconds, Stopping threads took: 0.0000840 seconds
363.637: Application time: 0.1816090 seconds
363.637: [GC [PSYoungGen: 49438K->5956K(50176K)] 139879K->106373K(163840K), 0.0068310 secs] [Times: user=0.05 sys=0.00, real=0.01 secs] 
363.644: [Full GC [PSYoungGen: 5956K->0K(50176K)] [ParOldGen: 100417K->27718K(113664K)] 106373K->27718K(163840K) [PSPermGen: 6125K->6125K(21504K)], 0.0103590 secs] [Times: user=0.06 sys=0.00, real=0.01 secs] 
363.655: Total time for which application threads were stopped: 0.0173880 seconds, Stopping threads took: 0.0000630 seconds
363.799: Application time: 0.1443350 seconds
363.799: [GC [PSYoungGen: 43481K->6413K(50176K)] 71200K->44107K(163840K), 0.0049720 secs] [Times: user=0.04 sys=0.00, real=0.01 secs] 
363.804: Total time for which application threads were stopped: 0.0051250 seconds, Stopping threads took: 0.0000710 seconds
363.957: Application time: 0.1530220 seconds
363.957: [GC [PSYoungGen: 49901K->6445K(50176K)] 87596K->54114K(163840K), 0.0049240 secs] [Times: user=0.04 sys=0.00, real=0.01 secs] 
363.962: Total time for which application threads were stopped: 0.0051040 seconds, Stopping threads took: 0.0000850 seconds
364.130: Application time: 0.1674650 seconds
364.130: [GC [PSYoungGen: 49952K->6636K(50176K)] 97622K->64995K(163840K), 0.0051000 secs] [Times: user=0.04 sys=0.00, real=0.01 secs] 
364.135: Total time for which application threads were stopped: 0.0052580 seconds, Stopping threads took: 0.0000760 seconds
364.236: Application time: 0.1005710 seconds
364.236: [GC [PSYoungGen: 49456K->6636K(50176K)] 107815K->77124K(163840K), 0.0056790 secs] [Times: user=0.05 sys=0.00, real=0.00 secs] 
364.241: Total time for which application threads were stopped: 0.0058460 seconds, Stopping threads took: 0.0000780 seconds
364.257: Application time: 0.0161520 seconds
364.258: [GC [PSYoungGen: 50122K->6636K(50176K)] 120610K->79262K(163840K), 0.0028380 secs] [Times: user=0.02 sys=0.00, real=0.00 secs] 
364.261: Total time for which application threads were stopped: 0.0030340 seconds, Stopping threads took: 0.0001140 seconds
364.277: Application time: 0.0162440 seconds
364.277: [GC [PSYoungGen: 50123K->5956K(50176K)] 122748K->82144K(163840K), 0.0030350 secs] [Times: user=0.03 sys=0.00, real=0.00 secs] 
364.280: Total time for which application threads were stopped: 0.0032650 seconds, Stopping threads took: 0.0001470 seconds
364.336: Application time: 0.0559150 seconds
364.338: [GC [PSYoungGen: 49457K->6004K(50176K)] 125645K->89317K(163840K), 0.0039280 secs] [Times: user=0.03 sys=0.00, real=0.01 secs] 
364.342: Total time for which application threads were stopped: 0.0060460 seconds, Stopping threads took: 0.0020340 seconds
364.361: Application time: 0.0188190 seconds
364.361: [GC [PSYoungGen: 49502K->5956K(50176K)] 132815K->94257K(163840K), 0.0036200 secs] [Times: user=0.02 sys=0.00, real=0.01 secs] 
364.365: Total time for which application threads were stopped: 0.0038030 seconds, Stopping threads took: 0.0000990 seconds
364.381: Application time: 0.0164660 seconds
364.381: [GC [PSYoungGen: 49438K->5956K(50176K)] 137739K->99245K(163840K), 0.0036080 secs] [Times: user=0.02 sys=0.00, real=0.01 secs] 
364.385: Total time for which application threads were stopped: 0.0037940 seconds, Stopping threads took: 0.0000970 seconds
364.399: Application time: 0.0136300 seconds
364.399: [GC [PSYoungGen: 49439K->5956K(50176K)] 142728K->102095K(163840K), 0.0030080 secs] [Times: user=0.02 sys=0.00, real=0.00 secs] 
364.402: Total time for which application threads were stopped: 0.0031750 seconds, Stopping threads took: 0.0000820 seconds
364.536: Application time: 0.1347490 seconds
364.537: [GC [PSYoungGen: 49445K->5988K(50176K)] 145585K->112103K(163840K), 0.0048680 secs] [Times: user=0.04 sys=0.00, real=0.00 secs] 
364.542: [Full GC [PSYoungGen: 5988K->0K(50176K)] [ParOldGen: 106115K->27227K(113664K)] 112103K->27227K(163840K) [PSPermGen: 6125K->6125K(21504K)], 0.0097280 secs] [Times: user=0.05 sys=0.00, real=0.02 secs] 
364.551: Total time for which application threads were stopped: 0.0148120 seconds, Stopping threads took: 0.0000660 seconds
364.714: Application time: 0.1630150 seconds
364.714: [GC [PSYoungGen: 43481K->6412K(50176K)] 70708K->42903K(163840K), 0.0047500 secs] [Times: user=0.04 sys=0.00, real=0.00 secs] 
364.719: Total time for which application threads were stopped: 0.0049070 seconds, Stopping threads took: 0.0000710 seconds
364.875: Application time: 0.1556260 seconds
364.875: [GC [PSYoungGen: 49894K->6412K(50176K)] 86384K->52878K(163840K), 0.0049140 secs] [Times: user=0.04 sys=0.00, real=0.00 secs] 
364.880: Total time for which application threads were stopped: 0.0050820 seconds, Stopping threads took: 0.0000750 seconds
365.002: Application time: 0.1218680 seconds
365.002: [GC [PSYoungGen: 49224K->6476K(50176K)] 95690K->62918K(163840K), 0.0050940 secs] [Times: user=0.04 sys=0.01, real=0.01 secs] 
365.007: Total time for which application threads were stopped: 0.0052660 seconds, Stopping threads took: 0.0000880 seconds
365.022: Application time: 0.0151750 seconds
365.022: [GC [PSYoungGen: 49985K->6604K(50176K)] 106427K->67321K(163840K), 0.0035360 secs] [Times: user=0.03 sys=0.00, real=0.00 secs] 
365.026: Total time for which application threads were stopped: 0.0037540 seconds, Stopping threads took: 0.0001220 seconds
365.039: Application time: 0.0126120 seconds
365.039: [GC [PSYoungGen: 50081K->6604K(50176K)] 110798K->68034K(163840K), 0.0026260 secs] [Times: user=0.02 sys=0.00, real=0.00 secs] 
365.041: Total time for which application threads were stopped: 0.0027990 seconds, Stopping threads took: 0.0000780 seconds
365.052: Application time: 0.0109960 seconds
365.053: [GC [PSYoungGen: 50088K->6637K(50176K)] 111517K->69491K(163840K), 0.0026870 secs] [Times: user=0.02 sys=0.00, real=0.00 secs] 
365.055: Total time for which application threads were stopped: 0.0029000 seconds, Stopping threads took: 0.0001310 seconds
365.065: Application time: 0.0098040 seconds
365.066: [GC [PSYoungGen: 50122K->6556K(50176K)] 112977K->72261K(163840K), 0.0030380 secs] [Times: user=0.02 sys=0.00, real=0.00 secs] 
365.069: Total time for which application threads were stopped: 0.0035070 seconds, Stopping threads took: 0.0003820 seconds
365.083: Application time: 0.0146110 seconds
365.084: [GC [PSYoungGen: 50051K->6589K(50176K)] 115755K->76568K(163840K), 0.0034730 secs] [Times: user=0.03 sys=0.00, real=0.00 secs] 
365.087: Total time for which application threads were stopped: 0.0037930 seconds, Stopping threads took: 0.0002370 seconds
365.148: Application time: 0.0612560 seconds
365.148: [GC [PSYoungGen: 50096K->6636K(50176K)] 120075K->83757K(163840K), 0.0040520 secs] [Times: user=0.03 sys=0.00, real=0.01 secs] 
365.152: Total time for which application threads were stopped: 0.0041950 seconds, Stopping threads took: 0.0000610 seconds
365.180: Application time: 0.0274090 seconds
365.180: [GC [PSYoungGen: 50153K->6636K(50176K)] 127274K->91635K(163840K), 0.0044550 secs] [Times: user=0.03 sys=0.00, real=0.01 secs] 
365.185: Total time for which application threads were stopped: 0.0046200 seconds, Stopping threads took: 0.0000800 seconds
365.201: Application time: 0.0166860 seconds
365.201: [GC [PSYoungGen: 50114K->5988K(50176K)] 135113K->93125K(163840K), 0.0028280 secs] [Times: user=0.02 sys=0.00, real=0.01 secs] 
365.204: Total time for which application threads were stopped: 0.0029910 seconds, Stopping threads took: 0.0000770 seconds
365.218: Application time: 0.0134990 seconds
365.218: [GC [PSYoungGen: 49477K->5988K(50176K)] 136614K->94550K(163840K), 0.0024830 secs] [Times: user=0.02 sys=0.00, real=0.00 secs] 
365.220: Total time for which application threads were stopped: 0.0026530 seconds, Stopping threads took: 0.0000870 seconds
365.351: Application time: 0.1305180 seconds
365.351: [GC [PSYoungGen: 49484K->6636K(50176K)] 138046K->106639K(163840K), 0.0054110 secs] [Times: user=0.04 sys=0.00, real=0.00 secs] 
365.356: [Full GC [PSYoungGen: 6636K->0K(50176K)] [ParOldGen: 100002K->27718K(113664K)] 106639K->27718K(163840K) [PSPermGen: 6125K->6125K(21504K)], 0.0100070 secs] [Times: user=0.05 sys=0.00, real=0.01 secs] 
365.367: Total time for which application threads were stopped: 0.0156500 seconds, Stopping threads took: 0.0000960 seconds
365.536: Application time: 0.1690580 seconds
365.536: [GC [PSYoungGen: 43480K->6412K(50176K)] 71199K->43394K(163840K), 0.0047720 secs] [Times: user=0.04 sys=0.00, real=0.00 secs] 
365.541: Total time for which application threads were stopped: 0.0049190 seconds, Stopping threads took: 0.0000570 seconds
365.710: Application time: 0.1699640 seconds
365.711: [GC [PSYoungGen: 49893K->6444K(50176K)] 86875K->52689K(163840K), 0.0046700 secs] [Times: user=0.03 sys=0.00, real=0.00 secs] 
365.715: Total time for which application threads were stopped: 0.0048560 seconds, Stopping threads took: 0.0000810 seconds
365.893: Application time: 0.1778160 seconds
365.893: [GC [PSYoungGen: 49925K->6444K(50176K)] 96170K->61952K(163840K), 0.0047370 secs] [Times: user=0.03 sys=0.00, real=0.00 secs] 
365.898: Total time for which application threads were stopped: 0.0048950 seconds, Stopping threads took: 0.0000760 seconds
366.049: Application time: 0.1509210 seconds
366.049: [GC [PSYoungGen: 49270K->6636K(50176K)] 104777K->73544K(163840K), 0.0054360 secs] [Times: user=0.04 sys=0.00, real=0.01 secs] 
366.055: Total time for which application threads were stopped: 0.0056150 seconds, Stopping threads took: 0.0000960 seconds
366.071: Application time: 0.0166920 seconds
366.072: [GC [PSYoungGen: 50120K->6604K(50176K)] 117028K->77075K(163840K), 0.0032920 secs] [Times: user=0.03 sys=0.00, real=0.00 secs] 
366.075: Total time for which application threads were stopped: 0.0035910 seconds, Stopping threads took: 0.0002110 seconds
366.092: Application time: 0.0175600 seconds
366.093: [GC [PSYoungGen: 50085K->6636K(50176K)] 120556K->80669K(163840K), 0.0032980 secs] [Times: user=0.02 sys=0.00, real=0.00 secs] 
366.096: Total time for which application threads were stopped: 0.0035070 seconds, Stopping threads took: 0.0001250 seconds
366.111: Application time: 0.0153520 seconds
366.111: [GC [PSYoungGen: 50128K->6604K(50176K)] 124161K->81350K(163840K), 0.0023390 secs] [Times: user=0.01 sys=0.00, real=0.00 secs] 
366.114: Total time for which application threads were stopped: 0.0024890 seconds, Stopping threads took: 0.0000680 seconds
366.189: Application time: 0.0754240 seconds
366.189: [GC [PSYoungGen: 50124K->6636K(50176K)] 124870K->91365K(163840K), 0.0051060 secs] [Times: user=0.03 sys=0.00, real=0.01 secs] 
366.194: Total time for which application threads were stopped: 0.0052720 seconds, Stopping threads took: 0.0000800 seconds
366.210: Application time: 0.0151840 seconds
366.210: [GC [PSYoungGen: 50113K->6604K(50176K)] 134842K->94183K(163840K), 0.0032650 secs] [Times: user=0.03 sys=0.00, real=0.01 secs] 
366.213: Total time for which application threads were stopped: 0.0034360 seconds, Stopping threads took: 0.0000870 seconds
366.228: Application time: 0.0147350 seconds
366.228: [GC [PSYoungGen: 50088K->6636K(50176K)] 137667K->95641K(163840K), 0.0028950 secs] [Times: user=0.02 sys=0.00, real=0.01 secs] 
366.231: Total time for which application threads were stopped: 0.0031250 seconds, Stopping threads took: 0.0001360 seconds
366.339: Application time: 0.1075240 seconds
366.339: [GC [PSYoungGen: 50135K->6636K(50176K)] 139139K->106372K(163840K), 0.0051730 secs] [Times: user=0.04 sys=0.00, real=0.01 secs] 
366.344: [Full GC [PSYoungGen: 6636K->0K(50176K)] [ParOldGen: 99735K->28430K(113664K)] 106372K->28430K(163840K) [PSPermGen: 6125K->6125K(21504K)], 0.0104130 secs] [Times: user=0.06 sys=0.00, real=0.01 secs] 
366.354: Total time for which application threads were stopped: 0.0158170 seconds, Stopping threads took: 0.0000810 seconds
366.547: Application time: 0.1922090 seconds
366.547: [GC [PSYoungGen: 43489K->6508K(50176K)] 71920K->44915K(163840K), 0.0047920 secs] [Times: user=0.03 sys=0.00, real=0.01 secs] 
366.551: Total time for which application threads were stopped: 0.0049520 seconds, Stopping threads took: 0.0000760 seconds
366.704: Application time: 0.1528620 seconds
366.704: [GC [PSYoungGen: 49989K->6476K(50176K)] 88395K->54146K(163840K), 0.0046390 secs] [Times: user=0.04 sys=0.00, real=0.00 secs] 
366.709: Total time for which application threads were stopped: 0.0047900 seconds, Stopping threads took: 0.0000660 seconds
366.892: Application time: 0.1830400 seconds
366.892: [GC [PSYoungGen: 49957K->6540K(50176K)] 97626K->63472K(163840K), 0.0045960 secs] [Times: user=0.04 sys=0.00, real=0.00 secs] 
366.897: Total time for which application threads were stopped: 0.0047450 seconds, Stopping threads took: 0.0000560 seconds
366.994: Application time: 0.0969780 seconds
366.994: [GC [PSYoungGen: 49362K->6572K(50176K)] 106294K->73480K(163840K), 0.0049820 secs] [Times: user=0.03 sys=0.00, real=0.00 secs] 
366.999: Total time for which application threads were stopped: 0.0051510 seconds, Stopping threads took: 0.0000830 seconds
367.015: Application time: 0.0164140 seconds
367.016: [GC [PSYoungGen: 50054K->6636K(50176K)] 116962K->75681K(163840K), 0.0030140 secs] [Times: user=0.02 sys=0.00, real=0.00 secs] 
367.019: Total time for which application threads were stopped: 0.0032010 seconds, Stopping threads took: 0.0001010 seconds
367.038: Application time: 0.0194460 seconds
367.038: [GC [PSYoungGen: 50125K->6636K(50176K)] 119171K->77107K(163840K), 0.0027320 secs] [Times: user=0.02 sys=0.00, real=0.00 secs] 
367.041: Total time for which application threads were stopped: 0.0029110 seconds, Stopping threads took: 0.0000990 seconds
367.077: Application time: 0.0362220 seconds
367.077: [GC [PSYoungGen: 50125K->6604K(50176K)] 120596K->82775K(163840K), 0.0037630 secs] [Times: user=0.03 sys=0.00, real=0.00 secs] 
367.081: Total time for which application threads were stopped: 0.0039240 seconds, Stopping threads took: 0.0000770 seconds
367.221: Application time: 0.1396950 seconds
367.221: [GC [PSYoungGen: 50120K->6636K(50176K)] 126291K->94248K(163840K), 0.0053860 secs] [Times: user=0.04 sys=0.00, real=0.01 secs] 
367.226: Total time for which application threads were stopped: 0.0055410 seconds, Stopping threads took: 0.0000670 seconds
367.391: Application time: 0.1642140 seconds
367.391: [GC [PSYoungGen: 50118K->6636K(50176K)] 137730K->104224K(163840K), 0.0049750 secs] [Times: user=0.03 sys=0.00, real=0.00 secs] 
367.396: [Full GC [PSYoungGen: 6636K->0K(50176K)] [ParOldGen: 97587K->28431K(113664K)] 104224K->28431K(163840K) [PSPermGen: 6125K->6125K(21504K)], 0.0103620 secs] [Times: user=0.06 sys=0.00, real=0.01 secs] 
367.406: Total time for which application threads were stopped: 0.0155750 seconds, Stopping threads took: 0.0001030 seconds
367.558: Application time: 0.1512990 seconds
367.558: [GC [PSYoungGen: 43482K->6413K(50176K)] 71913K->44107K(163840K), 0.0046750 secs] [Times: user=0.04 sys=0.00, real=0.01 secs] 
367.562: Total time for which application threads were stopped: 0.0048560 seconds, Stopping threads took: 0.0000870 seconds
367.730: Application time: 0.1673630 seconds
367.730: [GC [PSYoungGen: 49895K->6445K(50176K)] 87590K->53403K(163840K), 0.0046750 secs] [Times: user=0.04 sys=0.00, real=0.01 secs] 
367.735: Total time for which application threads were stopped: 0.0048240 seconds, Stopping threads took: 0.0000680 seconds
367.904: Application time: 0.1697080 seconds
367.904: [GC [PSYoungGen: 49944K->6508K(50176K)] 96902K->64155K(163840K), 0.0051100 secs] [Times: user=0.04 sys=0.00, real=0.00 secs] 
367.910: Total time for which application threads were stopped: 0.0052720 seconds, Stopping threads took: 0.0000780 seconds
368.061: Application time: 0.1514550 seconds
368.061: [GC [PSYoungGen: 50016K->6636K(50176K)] 107662K->76396K(163840K), 0.0054590 secs] [Times: user=0.04 sys=0.01, real=0.01 secs] 
368.067: Total time for which application threads were stopped: 0.0056230 seconds, Stopping threads took: 0.0000680 seconds
368.173: Application time: 0.1063930 seconds
368.173: [GC [PSYoungGen: 49450K->6636K(50176K)] 119210K->87101K(163840K), 0.0053640 secs] [Times: user=0.04 sys=0.00, real=0.00 secs] 
368.179: Total time for which application threads were stopped: 0.0055530 seconds, Stopping threads took: 0.0001030 seconds
368.195: Application time: 0.0160560 seconds
368.195: [GC [PSYoungGen: 50112K->6636K(50176K)] 130576K->89238K(163840K), 0.0029880 secs] [Times: user=0.03 sys=0.00, real=0.00 secs] 
368.198: Total time for which application threads were stopped: 0.0031530 seconds, Stopping threads took: 0.0000820 seconds
368.217: Application time: 0.0191820 seconds
368.217: [GC [PSYoungGen: 50126K->6637K(50176K)] 132728K->91384K(163840K), 0.0029580 secs] [Times: user=0.02 sys=0.00, real=0.00 secs] 
368.220: Total time for which application threads were stopped: 0.0031310 seconds, Stopping threads took: 0.0000880 seconds
368.260: Application time: 0.0403590 seconds
368.261: [GC [PSYoungGen: 50126K->6636K(50176K)] 134874K->97821K(163840K), 0.0039460 secs] [Times: user=0.03 sys=0.00, real=0.01 secs] 
368.265: Total time for which application threads were stopped: 0.0041130 seconds, Stopping threads took: 0.0000850 seconds
368.306: Application time: 0.0410800 seconds
368.306: [GC [PSYoungGen: 50149K->6636K(50176K)] 141333K->103529K(163840K), 0.0039870 secs] [Times: user=0.03 sys=0.00, real=0.00 secs] 
368.310: Total time for which application threads were stopped: 0.0041490 seconds, Stopping threads took: 0.0000740 seconds
368.326: Application time: 0.0158220 seconds
368.326: [GC [PSYoungGen: 50116K->6636K(50176K)] 147009K->106395K(163840K), 0.0032100 secs] [Times: user=0.02 sys=0.00, real=0.00 secs] 
368.329: [Full GC [PSYoungGen: 6636K->0K(50176K)] [ParOldGen: 99758K->27719K(113664K)] 106395K->27719K(163840K) [PSPermGen: 6125K->6125K(21504K)], 0.0100440 secs] [Times: user=0.05 sys=0.00, real=0.01 secs] 
368.339: Total time for which application threads were stopped: 0.0134820 seconds, Stopping threads took: 0.0000890 seconds
368.352: Application time: 0.0124260 seconds
368.352: [GC [PSYoungGen: 43484K->6541K(50176K)] 71204K->34260K(163840K), 0.0022880 secs] [Times: user=0.01 sys=0.00, real=0.00 secs] 
368.354: Total time for which application threads were stopped: 0.0024810 seconds, Stopping threads took: 0.0001060 seconds
368.493: Application time: 0.1390130 seconds
368.493: [GC [PSYoungGen: 50030K->6508K(50176K)] 77750K->44203K(163840K), 0.0048470 secs] [Times: user=0.03 sys=0.00, real=0.00 secs] 
368.498: Total time for which application threads were stopped: 0.0049960 seconds, Stopping threads took: 0.0000660 seconds
368.644: Application time: 0.1462740 seconds
368.644: [GC [PSYoungGen: 49989K->6508K(50176K)] 87684K->53466K(163840K), 0.0045770 secs] [Times: user=0.04 sys=0.00, real=0.00 secs] 
368.649: Total time for which application threads were stopped: 0.0047420 seconds, Stopping threads took: 0.0000740 seconds
368.796: Application time: 0.1465900 seconds
368.796: [GC [PSYoungGen: 49989K->6508K(50176K)] 96947K->63442K(163840K), 0.0049090 secs] [Times: user=0.03 sys=0.00, real=0.00 secs] 
368.801: Total time for which application threads were stopped: 0.0050690 seconds, Stopping threads took: 0.0000750 seconds
368.860: Application time: 0.0591740 seconds
368.860: [GC [PSYoungGen: 50019K->6508K(50176K)] 106952K->69142K(163840K), 0.0039530 secs] [Times: user=0.03 sys=0.00, real=0.01 secs] 
368.864: Total time for which application threads were stopped: 0.0041290 seconds, Stopping threads took: 0.0000900 seconds
368.878: Application time: 0.0139840 seconds
368.878: [GC [PSYoungGen: 49518K->6604K(50176K)] 112151K->74226K(163840K), 0.0035840 secs] [Times: user=0.02 sys=0.00, real=0.00 secs] 
368.882: Total time for which application threads were stopped: 0.0037420 seconds, Stopping threads took: 0.0000730 seconds
368.896: Application time: 0.0137540 seconds
368.896: [GC [PSYoungGen: 49895K->6572K(50176K)] 117516K->77757K(163840K), 0.0033690 secs] [Times: user=0.01 sys=0.01, real=0.00 secs] 
368.899: Total time for which application threads were stopped: 0.0036970 seconds, Stopping threads took: 0.0002400 seconds
368.911: Application time: 0.0117060 seconds
368.911: [GC [PSYoungGen: 50054K->6636K(50176K)] 121238K->79958K(163840K), 0.0028880 secs] [Times: user=0.02 sys=0.00, real=0.00 secs] 
368.914: Total time for which application threads were stopped: 0.0030570 seconds, Stopping threads took: 0.0000760 seconds
368.934: Application time: 0.0203280 seconds
368.934: [GC [PSYoungGen: 50119K->6604K(50176K)] 123441K->81351K(163840K), 0.0028130 secs] [Times: user=0.02 sys=0.00, real=0.00 secs] 
368.937: Total time for which application threads were stopped: 0.0029920 seconds, Stopping threads took: 0.0000950 seconds
368.952: Application time: 0.0148750 seconds
368.952: [GC [PSYoungGen: 50086K->6637K(50176K)] 124833K->81391K(163840K), 0.0024370 secs] [Times: user=0.01 sys=0.00, real=0.00 secs] 
368.955: Total time for which application threads were stopped: 0.0026120 seconds, Stopping threads took: 0.0000910 seconds
368.986: Application time: 0.0316090 seconds
368.987: [GC [PSYoungGen: 49454K->6636K(50176K)] 124209K->89986K(163840K), 0.0046960 secs] [Times: user=0.03 sys=0.00, real=0.01 secs] 
368.991: Total time for which application threads were stopped: 0.0048510 seconds, Stopping threads took: 0.0000700 seconds
369.009: Application time: 0.0173120 seconds
369.009: [GC [PSYoungGen: 50120K->6020K(50176K)] 133470K->91507K(163840K), 0.0026690 secs] [Times: user=0.02 sys=0.00, real=0.01 secs] 
369.011: Total time for which application threads were stopped: 0.0028300 seconds, Stopping threads took: 0.0000780 seconds
369.028: Application time: 0.0164590 seconds
369.028: [GC [PSYoungGen: 49501K->5956K(50176K)] 134988K->92156K(163840K), 0.0024420 secs] [Times: user=0.01 sys=0.00, real=0.01 secs] 
369.031: Total time for which application threads were stopped: 0.0026210 seconds, Stopping threads took: 0.0000960 seconds
369.107: Application time: 0.0765660 seconds
369.107: [GC [PSYoungGen: 49448K->6604K(50176K)] 135648K->103492K(163840K), 0.0051630 secs] [Times: user=0.03 sys=0.00, real=0.01 secs] 
369.112: Total time for which application threads were stopped: 0.0053070 seconds, Stopping threads took: 0.0000620 seconds
369.261: Application time: 0.1484130 seconds
369.261: [GC [PSYoungGen: 50109K->6020K(50176K)] 146997K->115021K(163840K), 0.0053580 secs] [Times: user=0.04 sys=0.00, real=0.01 secs] 
369.266: [Full GC [PSYoungGen: 6020K->0K(50176K)] [ParOldGen: 109001K->27719K(113664K)] 115021K->27719K(163840K) [PSPermGen: 6125K->6125K(21504K)], 0.0101160 secs] [Times: user=0.05 sys=0.00, real=0.01 secs] 
369.276: Total time for which application threads were stopped: 0.0156840 seconds, Stopping threads took: 0.0000670 seconds
369.454: Application time: 0.1772230 seconds
369.454: [GC [PSYoungGen: 43481K->6412K(50176K)] 71200K->44107K(163840K), 0.0049520 secs] [Times: user=0.04 sys=0.00, real=0.00 secs] 
369.459: Total time for which application threads were stopped: 0.0051380 seconds, Stopping threads took: 0.0001010 seconds
369.628: Application time: 0.1687210 seconds
369.628: [GC [PSYoungGen: 49894K->6412K(50176K)] 87588K->54083K(163840K), 0.0049470 secs] [Times: user=0.04 sys=0.00, real=0.01 secs] 
369.633: Total time for which application threads were stopped: 0.0051030 seconds, Stopping threads took: 0.0000720 seconds
369.842: Application time: 0.2096760 seconds
369.842: [GC [PSYoungGen: 49908K->6604K(50176K)] 97578K->63537K(163840K), 0.0046480 secs] [Times: user=0.03 sys=0.00, real=0.00 secs] 
369.847: Total time for which application threads were stopped: 0.0047960 seconds, Stopping threads took: 0.0000530 seconds
370.006: Application time: 0.1586260 seconds
370.006: [GC [PSYoungGen: 50099K->6636K(50176K)] 107033K->73545K(163840K), 0.0049050 secs] [Times: user=0.04 sys=0.00, real=0.01 secs] 
370.011: Total time for which application threads were stopped: 0.0050560 seconds, Stopping threads took: 0.0000660 seconds
370.038: Application time: 0.0275600 seconds
370.038: [GC [PSYoungGen: 50147K->6604K(50176K)] 117055K->77788K(163840K), 0.0035700 secs] [Times: user=0.03 sys=0.00, real=0.01 secs] 
370.042: Total time for which application threads were stopped: 0.0037190 seconds, Stopping threads took: 0.0000640 seconds
370.059: Application time: 0.0165090 seconds
370.059: [GC [PSYoungGen: 50084K->6636K(50176K)] 121268K->80670K(163840K), 0.0031830 secs] [Times: user=0.02 sys=0.00, real=0.00 secs] 
370.062: Total time for which application threads were stopped: 0.0033440 seconds, Stopping threads took: 0.0000740 seconds
370.075: Application time: 0.0128170 seconds
370.075: [GC [PSYoungGen: 50117K->6636K(50176K)] 124151K->82103K(163840K), 0.0028060 secs] [Times: user=0.02 sys=0.00, real=0.00 secs] 
370.078: Total time for which application threads were stopped: 0.0029740 seconds, Stopping threads took: 0.0000850 seconds
370.130: Application time: 0.0523790 seconds
370.130: [GC [PSYoungGen: 49445K->6636K(50176K)] 124912K->89245K(163840K), 0.0042880 secs] [Times: user=0.02 sys=0.00, real=0.00 secs] 
370.135: Total time for which application threads were stopped: 0.0044800 seconds, Stopping threads took: 0.0001000 seconds
370.150: Application time: 0.0156740 seconds
370.150: [GC [PSYoungGen: 50123K->6604K(50176K)] 132731K->92775K(163840K), 0.0033920 secs] [Times: user=0.03 sys=0.00, real=0.00 secs] 
370.154: Total time for which application threads were stopped: 0.0035530 seconds, Stopping threads took: 0.0000760 seconds
370.168: Application time: 0.0142450 seconds
370.168: [GC [PSYoungGen: 50089K->6636K(50176K)] 136260K->96370K(163840K), 0.0033570 secs] [Times: user=0.02 sys=0.00, real=0.01 secs] 
370.172: Total time for which application threads were stopped: 0.0035390 seconds, Stopping threads took: 0.0000990 seconds
370.265: Application time: 0.0936470 seconds
370.265: [GC [PSYoungGen: 50134K->6636K(50176K)] 139868K->107806K(163840K), 0.0053540 secs] [Times: user=0.04 sys=0.00, real=0.01 secs] 
370.271: [Full GC [PSYoungGen: 6636K->0K(50176K)] [ParOldGen: 101170K->29144K(113664K)] 107806K->29144K(163840K) [PSPermGen: 6125K->6125K(21504K)], 0.0103300 secs] [Times: user=0.06 sys=0.00, real=0.00 secs] 
370.281: Total time for which application threads were stopped: 0.0159050 seconds, Stopping threads took: 0.0000870 seconds
370.461: Application time: 0.1796980 seconds
370.461: [GC [PSYoungGen: 43488K->6508K(50176K)] 72632K->46340K(163840K), 0.0050720 secs] [Times: user=0.04 sys=0.00, real=0.01 secs] 
370.466: Total time for which application threads were stopped: 0.0052280 seconds, Stopping threads took: 0.0000620 seconds
370.632: Application time: 0.1659080 seconds
370.632: [GC [PSYoungGen: 49989K->6508K(50176K)] 89821K->56315K(163840K), 0.0049610 secs] [Times: user=0.04 sys=0.00, real=0.00 secs] 
370.637: Total time for which application threads were stopped: 0.0051060 seconds, Stopping threads took: 0.0000610 seconds
370.759: Application time: 0.1222040 seconds
370.759: [GC [PSYoungGen: 50023K->6604K(50176K)] 99831K->67099K(163840K), 0.0053290 secs] [Times: user=0.04 sys=0.00, real=0.01 secs] 
370.765: Total time for which application threads were stopped: 0.0054890 seconds, Stopping threads took: 0.0000750 seconds
370.781: Application time: 0.0162750 seconds
370.781: [GC [PSYoungGen: 50080K->6572K(50176K)] 110575K->68492K(163840K), 0.0028110 secs] [Times: user=0.02 sys=0.00, real=0.01 secs] 
370.784: Total time for which application threads were stopped: 0.0030000 seconds, Stopping threads took: 0.0001050 seconds
370.803: Application time: 0.0193290 seconds
370.804: [GC [PSYoungGen: 50062K->6604K(50176K)] 111982K->72088K(163840K), 0.0033710 secs] [Times: user=0.02 sys=0.00, real=0.00 secs] 
370.807: Total time for which application threads were stopped: 0.0035280 seconds, Stopping threads took: 0.0000730 seconds
370.850: Application time: 0.0427630 seconds
370.850: [GC [PSYoungGen: 50112K->6604K(50176K)] 115595K->77075K(163840K), 0.0034370 secs] [Times: user=0.02 sys=0.00, real=0.01 secs] 
370.853: Total time for which application threads were stopped: 0.0035720 seconds, Stopping threads took: 0.0000510 seconds
371.011: Application time: 0.1580980 seconds
371.012: [GC [PSYoungGen: 50100K->6636K(50176K)] 120571K->87099K(163840K), 0.0048210 secs] [Times: user=0.04 sys=0.00, real=0.00 secs] 
371.016: Total time for which application threads were stopped: 0.0049790 seconds, Stopping threads took: 0.0000640 seconds
371.160: Application time: 0.1433810 seconds
371.160: [GC [PSYoungGen: 50144K->5988K(50176K)] 130606K->97851K(163840K), 0.0051380 secs] [Times: user=0.04 sys=0.00, real=0.01 secs] 
371.165: Total time for which application threads were stopped: 0.0052940 seconds, Stopping threads took: 0.0000720 seconds
371.324: Application time: 0.1592360 seconds
371.324: [GC [PSYoungGen: 49470K->5972K(50176K)] 141333K->107811K(163840K), 0.0047030 secs] [Times: user=0.04 sys=0.00, real=0.00 secs] 
371.329: [Full GC [PSYoungGen: 5972K->0K(50176K)] [ParOldGen: 101838K->27719K(113664K)] 107811K->27719K(163840K) [PSPermGen: 6125K->6125K(21504K)], 0.0099830 secs] [Times: user=0.05 sys=0.00, real=0.01 secs] 
371.339: Total time for which application threads were stopped: 0.0148920 seconds, Stopping threads took: 0.0000640 seconds
371.500: Application time: 0.1612240 seconds
371.501: [GC [PSYoungGen: 43481K->6445K(50176K)] 71201K->43427K(163840K), 0.0046740 secs] [Times: user=0.04 sys=0.00, real=0.01 secs] 
371.505: Total time for which application threads were stopped: 0.0048210 seconds, Stopping threads took: 0.0000640 seconds
371.667: Application time: 0.1617660 seconds
371.667: [GC [PSYoungGen: 49927K->6413K(50176K)] 86910K->51946K(163840K), 0.0044760 secs] [Times: user=0.04 sys=0.00, real=0.01 secs] 
371.672: Total time for which application threads were stopped: 0.0047510 seconds, Stopping threads took: 0.0001880 seconds
371.833: Application time: 0.1612650 seconds
371.833: [GC [PSYoungGen: 49920K->6604K(50176K)] 95454K->63539K(163840K), 0.0053400 secs] [Times: user=0.04 sys=0.00, real=0.00 secs] 
371.839: Total time for which application threads were stopped: 0.0054980 seconds, Stopping threads took: 0.0000760 seconds
372.002: Application time: 0.1636860 seconds
372.002: [GC [PSYoungGen: 50095K->6636K(50176K)] 107029K->73546K(163840K), 0.0049120 secs] [Times: user=0.03 sys=0.00, real=0.00 secs] 
372.007: Total time for which application threads were stopped: 0.0050690 seconds, Stopping threads took: 0.0000730 seconds
372.097: Application time: 0.0899880 seconds
372.097: [GC [PSYoungGen: 49457K->6636K(50176K)] 116367K->82818K(163840K), 0.0048230 secs] [Times: user=0.03 sys=0.00, real=0.01 secs] 
372.102: Total time for which application threads were stopped: 0.0049880 seconds, Stopping threads took: 0.0000790 seconds
372.120: Application time: 0.0174200 seconds
372.120: [GC [PSYoungGen: 50120K->6636K(50176K)] 126302K->84251K(163840K), 0.0026990 secs] [Times: user=0.02 sys=0.00, real=0.01 secs] 
372.123: Total time for which application threads were stopped: 0.0028550 seconds, Stopping threads took: 0.0000750 seconds
372.139: Application time: 0.0163780 seconds
372.139: [GC [PSYoungGen: 50121K->6636K(50176K)] 127735K->86397K(163840K), 0.0029110 secs] [Times: user=0.02 sys=0.00, real=0.01 secs] 
372.142: Total time for which application threads were stopped: 0.0032350 seconds, Stopping threads took: 0.0002400 seconds
372.174: Application time: 0.0318670 seconds
372.174: [GC [PSYoungGen: 50156K->6636K(50176K)] 129916K->90680K(163840K), 0.0035790 secs] [Times: user=0.03 sys=0.00, real=0.00 secs] 
372.178: Total time for which application threads were stopped: 0.0037500 seconds, Stopping threads took: 0.0000750 seconds
372.193: Application time: 0.0147650 seconds
372.193: [GC [PSYoungGen: 50114K->5988K(50176K)] 134158K->95019K(163840K), 0.0034730 secs] [Times: user=0.03 sys=0.00, real=0.00 secs] 
372.196: Total time for which application threads were stopped: 0.0037660 seconds, Stopping threads took: 0.0002070 seconds
372.215: Application time: 0.0188000 seconds
372.215: [GC [PSYoungGen: 49470K->5988K(50176K)] 138501K->97869K(163840K), 0.0029570 secs] [Times: user=0.02 sys=0.00, real=0.00 secs] 
372.218: Total time for which application threads were stopped: 0.0031180 seconds, Stopping threads took: 0.0000760 seconds
372.248: Application time: 0.0294390 seconds
372.248: [GC [PSYoungGen: 49481K->6636K(50176K)] 141363K->102088K(163840K), 0.0032700 secs] [Times: user=0.02 sys=0.00, real=0.01 secs] 
372.251: Total time for which application threads were stopped: 0.0034050 seconds, Stopping threads took: 0.0000560 seconds
372.402: Application time: 0.1511600 seconds
372.402: [GC [PSYoungGen: 50118K->5988K(50176K)] 145570K->112128K(163840K), 0.0049810 secs] [Times: user=0.04 sys=0.00, real=0.00 secs] 
372.407: [Full GC [PSYoungGen: 5988K->0K(50176K)] [ParOldGen: 106140K->28432K(113664K)] 112128K->28432K(163840K) [PSPermGen: 6125K->6125K(21504K)], 0.0101140 secs] [Times: user=0.05 sys=0.00, real=0.01 secs] 
372.418: Total time for which application threads were stopped: 0.0153030 seconds, Stopping threads took: 0.0000730 seconds
372.584: Application time: 0.1667040 seconds
372.584: [GC [PSYoungGen: 43481K->6412K(50176K)] 71913K->43395K(163840K), 0.0045480 secs] [Times: user=0.04 sys=0.00, real=0.00 secs] 
372.589: Total time for which application threads were stopped: 0.0047060 seconds, Stopping threads took: 0.0000730 seconds
372.741: Application time: 0.1516210 seconds
372.741: [GC [PSYoungGen: 49932K->6572K(50176K)] 86915K->53531K(163840K), 0.0047830 secs] [Times: user=0.04 sys=0.00, real=0.01 secs] 
372.746: Total time for which application threads were stopped: 0.0049470 seconds, Stopping threads took: 0.0000720 seconds
372.764: Application time: 0.0184710 seconds
372.764: [GC [PSYoungGen: 50052K->6540K(50176K)] 97010K->56349K(163840K), 0.0030780 secs] [Times: user=0.03 sys=0.00, real=0.00 secs] 
372.767: Total time for which application threads were stopped: 0.0033990 seconds, Stopping threads took: 0.0002330 seconds
372.785: Application time: 0.0178410 seconds
372.785: [GC [PSYoungGen: 50021K->6572K(50176K)] 99829K->59231K(163840K), 0.0031920 secs] [Times: user=0.02 sys=0.00, real=0.00 secs] 
372.789: Total time for which application threads were stopped: 0.0033740 seconds, Stopping threads took: 0.0000940 seconds
372.801: Application time: 0.0126040 seconds
372.801: [GC [PSYoungGen: 50054K->6540K(50176K)] 102712K->59199K(163840K), 0.0022620 secs] [Times: user=0.02 sys=0.00, real=0.01 secs] 
372.804: Total time for which application threads were stopped: 0.0024410 seconds, Stopping threads took: 0.0000950 seconds
372.840: Application time: 0.0361140 seconds
372.840: [GC [PSYoungGen: 49349K->6604K(50176K)] 102007K->65676K(163840K), 0.0041530 secs] [Times: user=0.03 sys=0.00, real=0.01 secs] 
372.844: Total time for which application threads were stopped: 0.0043380 seconds, Stopping threads took: 0.0001000 seconds
372.860: Application time: 0.0155440 seconds
372.860: [GC [PSYoungGen: 50083K->6604K(50176K)] 109155K->68526K(163840K), 0.0032140 secs] [Times: user=0.03 sys=0.00, real=0.01 secs] 
372.863: Total time for which application threads were stopped: 0.0033690 seconds, Stopping threads took: 0.0000710 seconds
372.876: Application time: 0.0133040 seconds
372.877: [GC [PSYoungGen: 50087K->6541K(50176K)] 112009K->71312K(163840K), 0.0032030 secs] [Times: user=0.03 sys=0.00, real=0.00 secs] 
372.880: Total time for which application threads were stopped: 0.0033720 seconds, Stopping threads took: 0.0000870 seconds
372.952: Application time: 0.0720160 seconds
372.952: [GC [PSYoungGen: 49352K->6636K(50176K)] 114123K->82817K(163840K), 0.0055120 secs] [Times: user=0.04 sys=0.00, real=0.00 secs] 
372.957: Total time for which application threads were stopped: 0.0056780 seconds, Stopping threads took: 0.0000820 seconds
372.973: Application time: 0.0158470 seconds
372.973: [GC [PSYoungGen: 50112K->6636K(50176K)] 126292K->84962K(163840K), 0.0030050 secs] [Times: user=0.02 sys=0.00, real=0.00 secs] 
372.976: Total time for which application threads were stopped: 0.0031820 seconds, Stopping threads took: 0.0000900 seconds
372.996: Application time: 0.0191230 seconds
372.996: [GC [PSYoungGen: 50133K->6621K(50176K)] 128459K->87084K(163840K), 0.0030450 secs] [Times: user=0.02 sys=0.01, real=0.00 secs] 
372.999: Total time for which application threads were stopped: 0.0032070 seconds, Stopping threads took: 0.0000790 seconds
373.035: Application time: 0.0357440 seconds
373.035: [GC [PSYoungGen: 50121K->6652K(50176K)] 130585K->94242K(163840K), 0.0041600 secs] [Times: user=0.03 sys=0.00, real=0.00 secs] 
373.039: Total time for which application threads were stopped: 0.0043110 seconds, Stopping threads took: 0.0000700 seconds
373.217: Application time: 0.1776920 seconds
373.217: [GC [PSYoungGen: 50148K->6636K(50176K)] 137738K->104277K(163840K), 0.0048490 secs] [Times: user=0.03 sys=0.00, real=0.00 secs] 
373.222: Total time for which application threads were stopped: 0.0049920 seconds, Stopping threads took: 0.0000570 seconds
373.394: Application time: 0.1719870 seconds
373.394: [GC [PSYoungGen: 50118K->6636K(50176K)] 147759K->113540K(163840K), 0.0047760 secs] [Times: user=0.04 sys=0.00, real=0.00 secs] 
373.398: [Full GC [PSYoungGen: 6636K->0K(50176K)] [ParOldGen: 106903K->27719K(113664K)] 113540K->27719K(163840K) [PSPermGen: 6125K->6125K(21504K)], 0.0101840 secs] [Times: user=0.05 sys=0.00, real=0.01 secs] 
373.409: Total time for which application threads were stopped: 0.0151790 seconds, Stopping threads took: 0.0000730 seconds
373.578: Application time: 0.1696680 seconds
373.579: [GC [PSYoungGen: 43489K->6572K(50176K)] 71209K->43555K(163840K), 0.0046320 secs] [Times: user=0.04 sys=0.00, real=0.01 secs] 
373.583: Total time for which application threads were stopped: 0.0047870 seconds, Stopping threads took: 0.0000700 seconds
373.751: Application time: 0.1680980 seconds
373.751: [GC [PSYoungGen: 50060K->6508K(50176K)] 87043K->52754K(163840K), 0.0046700 secs] [Times: user=0.03 sys=0.00, real=0.00 secs] 
373.756: Total time for which application threads were stopped: 0.0048210 seconds, Stopping threads took: 0.0000670 seconds
373.935: Application time: 0.1783960 seconds
373.935: [GC [PSYoungGen: 50003K->6604K(50176K)] 96249K->61400K(163840K), 0.0044670 secs] [Times: user=0.02 sys=0.00, real=0.00 secs] 
373.939: Total time for which application threads were stopped: 0.0046250 seconds, Stopping threads took: 0.0000650 seconds
373.990: Application time: 0.0511930 seconds
373.990: [GC [PSYoungGen: 50119K->6572K(50176K)] 104915K->67781K(163840K), 0.0041190 secs] [Times: user=0.03 sys=0.00, real=0.00 secs] 
373.995: Total time for which application threads were stopped: 0.0042750 seconds, Stopping threads took: 0.0000660 seconds
374.010: Application time: 0.0157400 seconds
374.010: [GC [PSYoungGen: 50052K->6604K(50176K)] 111260K->70663K(163840K), 0.0031430 secs] [Times: user=0.02 sys=0.00, real=0.00 secs] 
374.014: Total time for which application threads were stopped: 0.0033070 seconds, Stopping threads took: 0.0000780 seconds
374.027: Application time: 0.0133230 seconds
374.027: [GC [PSYoungGen: 50091K->6636K(50176K)] 114150K->75683K(163840K), 0.0036780 secs] [Times: user=0.03 sys=0.00, real=0.01 secs] 
374.031: Total time for which application threads were stopped: 0.0039280 seconds, Stopping threads took: 0.0001640 seconds
374.055: Application time: 0.0244520 seconds
374.055: [GC [PSYoungGen: 50152K->6652K(50176K)] 119199K->80687K(163840K), 0.0037760 secs] [Times: user=0.03 sys=0.00, real=0.00 secs] 
374.059: Total time for which application threads were stopped: 0.0039480 seconds, Stopping threads took: 0.0000840 seconds
374.077: Application time: 0.0172850 seconds
374.077: [GC [PSYoungGen: 50135K->6636K(50176K)] 124170K->80687K(163840K), 0.0024060 secs] [Times: user=0.02 sys=0.00, real=0.00 secs] 
374.079: Total time for which application threads were stopped: 0.0025840 seconds, Stopping threads took: 0.0000920 seconds
374.093: Application time: 0.0140890 seconds
374.093: [GC [PSYoungGen: 50118K->6636K(50176K)] 124168K->81407K(163840K), 0.0026710 secs] [Times: user=0.02 sys=0.00, real=0.00 secs] 
374.096: Total time for which application threads were stopped: 0.0028450 seconds, Stopping threads took: 0.0000900 seconds
374.198: Application time: 0.1014350 seconds
374.198: [GC [PSYoungGen: 50143K->5988K(50176K)] 124914K->92159K(163840K), 0.0051020 secs] [Times: user=0.04 sys=0.00, real=0.01 secs] 
374.203: Total time for which application threads were stopped: 0.0052510 seconds, Stopping threads took: 0.0000630 seconds
374.397: Application time: 0.1942130 seconds
374.397: [GC [PSYoungGen: 49468K->6636K(50176K)] 135639K->102823K(163840K), 0.0049460 secs] [Times: user=0.04 sys=0.00, real=0.01 secs] 
374.402: Total time for which application threads were stopped: 0.0050960 seconds, Stopping threads took: 0.0000640 seconds
374.533: Application time: 0.1307710 seconds
374.533: [GC [PSYoungGen: 50151K->6636K(50176K)] 146338K->112830K(163840K), 0.0051290 secs] [Times: user=0.04 sys=0.00, real=0.00 secs] 
374.538: [Full GC [PSYoungGen: 6636K->0K(50176K)] [ParOldGen: 106194K->27007K(113664K)] 112830K->27007K(163840K) [PSPermGen: 6125K->6125K(21504K)], 0.0099640 secs] [Times: user=0.05 sys=0.00, real=0.01 secs] 
374.548: Total time for which application threads were stopped: 0.0153260 seconds, Stopping threads took: 0.0000870 seconds
374.565: Application time: 0.0170160 seconds
374.565: [GC [PSYoungGen: 43477K->5892K(50176K)] 70484K->32899K(163840K), 0.0021610 secs] [Times: user=0.01 sys=0.00, real=0.00 secs] 
374.568: Total time for which application threads were stopped: 0.0023390 seconds, Stopping threads took: 0.0000950 seconds
374.586: Application time: 0.0186780 seconds
374.586: [GC [PSYoungGen: 49373K->6541K(50176K)] 76380K->34973K(163840K), 0.0027210 secs] [Times: user=0.02 sys=0.00, real=0.00 secs] 
374.589: Total time for which application threads were stopped: 0.0028820 seconds, Stopping threads took: 0.0000770 seconds
374.630: Application time: 0.0407630 seconds
374.630: [GC [PSYoungGen: 50036K->6508K(50176K)] 78468K->39216K(163840K), 0.0032440 secs] [Times: user=0.02 sys=0.00, real=0.00 secs] 
374.633: Total time for which application threads were stopped: 0.0033920 seconds, Stopping threads took: 0.0000620 seconds
374.788: Application time: 0.1549200 seconds
374.788: [GC [PSYoungGen: 49998K->6572K(50176K)] 82705K->49255K(163840K), 0.0049230 secs] [Times: user=0.04 sys=0.00, real=0.01 secs] 
374.793: Total time for which application threads were stopped: 0.0051060 seconds, Stopping threads took: 0.0001000 seconds
374.956: Application time: 0.1623940 seconds
374.956: [GC [PSYoungGen: 50077K->6572K(50176K)] 92760K->59231K(163840K), 0.0048610 secs] [Times: user=0.04 sys=0.00, real=0.00 secs] 
374.961: Total time for which application threads were stopped: 0.0050060 seconds, Stopping threads took: 0.0000570 seconds
375.109: Application time: 0.1486760 seconds
375.110: [GC [PSYoungGen: 50079K->6636K(50176K)] 102738K->69991K(163840K), 0.0050750 secs] [Times: user=0.03 sys=0.00, real=0.01 secs] 
375.115: Total time for which application threads were stopped: 0.0052360 seconds, Stopping threads took: 0.0000600 seconds
375.267: Application time: 0.1526450 seconds
375.267: [GC [PSYoungGen: 50118K->6636K(50176K)] 113473K->79975K(163840K), 0.0049300 secs] [Times: user=0.03 sys=0.00, real=0.01 secs] 
375.272: Total time for which application threads were stopped: 0.0050750 seconds, Stopping threads took: 0.0000620 seconds
375.429: Application time: 0.1567720 seconds
375.429: [GC [PSYoungGen: 50119K->6636K(50176K)] 123457K->89246K(163840K), 0.0047530 secs] [Times: user=0.03 sys=0.00, real=0.01 secs] 
375.434: Total time for which application threads were stopped: 0.0049070 seconds, Stopping threads took: 0.0000660 seconds
375.609: Application time: 0.1752580 seconds
375.609: [GC [PSYoungGen: 50127K->6636K(50176K)] 132737K->99222K(163840K), 0.0048950 secs] [Times: user=0.03 sys=0.00, real=0.01 secs] 
375.614: Total time for which application threads were stopped: 0.0050510 seconds, Stopping threads took: 0.0000700 seconds
375.778: Application time: 0.1634870 seconds
375.778: [GC [PSYoungGen: 50136K->6636K(50176K)] 142722K->109198K(163840K), 0.0050250 secs] [Times: user=0.04 sys=0.00, real=0.01 secs] 
375.783: [Full GC [PSYoungGen: 6636K->0K(50176K)] [ParOldGen: 102561K->29145K(113664K)] 109198K->29145K(163840K) [PSPermGen: 6125K->6125K(21504K)], 0.0104380 secs] [Times: user=0.06 sys=0.00, real=0.01 secs] 
375.794: Total time for which application threads were stopped: 0.0157030 seconds, Stopping threads took: 0.0000930 seconds
375.950: Application time: 0.1567710 seconds
375.950: [GC [PSYoungGen: 43499K->6572K(50176K)] 72644K->45694K(163840K), 0.0049520 secs] [Times: user=0.04 sys=0.00, real=0.00 secs] 
375.955: Total time for which application threads were stopped: 0.0051080 seconds, Stopping threads took: 0.0000700 seconds
376.020: Application time: 0.0644690 seconds
376.020: [GC [PSYoungGen: 50091K->6604K(50176K)] 89213K->54989K(163840K), 0.0048860 secs] [Times: user=0.04 sys=0.00, real=0.01 secs] 
376.025: Total time for which application threads were stopped: 0.0050600 seconds, Stopping threads took: 0.0000880 seconds
376.040: Application time: 0.0149730 seconds
376.040: [GC [PSYoungGen: 50081K->6572K(50176K)] 98465K->56382K(163840K), 0.0027710 secs] [Times: user=0.02 sys=0.00, real=0.01 secs] 
376.043: Total time for which application threads were stopped: 0.0029510 seconds, Stopping threads took: 0.0000890 seconds
376.057: Application time: 0.0136490 seconds
376.057: [GC [PSYoungGen: 50068K->6605K(50176K)] 99878K->61402K(163840K), 0.0037300 secs] [Times: user=0.03 sys=0.00, real=0.00 secs] 
376.060: Total time for which application threads were stopped: 0.0039170 seconds, Stopping threads took: 0.0001010 seconds
376.120: Application time: 0.0595570 seconds
376.121: [GC [PSYoungGen: 49414K->6636K(50176K)] 104212K->67134K(163840K), 0.0038290 secs] [Times: user=0.02 sys=0.00, real=0.01 secs] 
376.125: Total time for which application threads were stopped: 0.0045870 seconds, Stopping threads took: 0.0006730 seconds
376.140: Application time: 0.0152910 seconds
376.140: [GC [PSYoungGen: 50114K->6636K(50176K)] 110612K->70697K(163840K), 0.0033670 secs] [Times: user=0.02 sys=0.00, real=0.01 secs] 
376.143: Total time for which application threads were stopped: 0.0035650 seconds, Stopping threads took: 0.0001100 seconds
376.162: Application time: 0.0189860 seconds
376.163: [GC [PSYoungGen: 50127K->6572K(50176K)] 114188K->74196K(163840K), 0.0033780 secs] [Times: user=0.02 sys=0.00, real=0.00 secs] 
376.166: Total time for which application threads were stopped: 0.0035580 seconds, Stopping threads took: 0.0000850 seconds
376.199: Application time: 0.0325090 seconds
376.199: [GC [PSYoungGen: 50059K->6636K(50176K)] 117683K->79263K(163840K), 0.0036440 secs] [Times: user=0.03 sys=0.00, real=0.01 secs] 
376.202: Total time for which application threads were stopped: 0.0037920 seconds, Stopping threads took: 0.0000660 seconds
376.363: Application time: 0.1608600 seconds
376.363: [GC [PSYoungGen: 50117K->6604K(50176K)] 122744K->88494K(163840K), 0.0047850 secs] [Times: user=0.04 sys=0.00, real=0.00 secs] 
376.368: Total time for which application threads were stopped: 0.0049490 seconds, Stopping threads took: 0.0000690 seconds
376.523: Application time: 0.1551630 seconds
376.523: [GC [PSYoungGen: 50094K->6636K(50176K)] 131984K->97797K(163840K), 0.0047940 secs] [Times: user=0.03 sys=0.00, real=0.00 secs] 
376.528: Total time for which application threads were stopped: 0.0049460 seconds, Stopping threads took: 0.0000640 seconds
376.671: Application time: 0.1425740 seconds
376.672: [GC [PSYoungGen: 50150K->6636K(50176K)] 141311K->106424K(163840K), 0.0046250 secs] [Times: user=0.04 sys=0.00, real=0.00 secs] 
376.676: [Full GC [PSYoungGen: 6636K->0K(50176K)] [ParOldGen: 99787K->24870K(113664K)] 106424K->24870K(163840K) [PSPermGen: 6125K->6125K(21504K)], 0.0093960 secs] [Times: user=0.05 sys=0.00, real=0.01 secs] 
376.686: Total time for which application threads were stopped: 0.0148630 seconds, Stopping threads took: 0.0007110 seconds
376.703: Application time: 0.0170410 seconds
376.703: [GC [PSYoungGen: 43478K->6572K(50176K)] 68348K->32155K(163840K), 0.0023470 secs] [Times: user=0.01 sys=0.00, real=0.00 secs] 
376.705: Total time for which application threads were stopped: 0.0025230 seconds, Stopping threads took: 0.0000910 seconds
376.722: Application time: 0.0169180 seconds
376.722: [GC [PSYoungGen: 50053K->6477K(50176K)] 75636K->37047K(163840K), 0.0036060 secs] [Times: user=0.02 sys=0.00, real=0.00 secs] 
376.726: Total time for which application threads were stopped: 0.0037650 seconds, Stopping threads took: 0.0000750 seconds
376.738: Application time: 0.0122890 seconds
376.738: [GC [PSYoungGen: 49961K->6540K(50176K)] 80531K->41387K(163840K), 0.0034590 secs] [Times: user=0.02 sys=0.00, real=0.00 secs] 
376.742: Total time for which application threads were stopped: 0.0036390 seconds, Stopping threads took: 0.0000910 seconds
376.797: Application time: 0.0555210 seconds
376.798: [GC [PSYoungGen: 49357K->6620K(50176K)] 84203K->47167K(163840K), 0.0039070 secs] [Times: user=0.03 sys=0.00, real=0.00 secs] 
376.801: Total time for which application threads were stopped: 0.0040790 seconds, Stopping threads took: 0.0000880 seconds
376.813: Application time: 0.0113750 seconds
376.813: [GC [PSYoungGen: 50136K->6636K(50176K)] 90683K->50033K(163840K), 0.0030290 secs] [Times: user=0.02 sys=0.00, real=0.00 secs] 
376.817: Total time for which application threads were stopped: 0.0037130 seconds, Stopping threads took: 0.0005950 seconds
376.828: Application time: 0.0117760 seconds
376.829: [GC [PSYoungGen: 50117K->6604K(50176K)] 93514K->56414K(163840K), 0.0041160 secs] [Times: user=0.03 sys=0.00, real=0.01 secs] 
376.833: Total time for which application threads were stopped: 0.0044050 seconds, Stopping threads took: 0.0002060 seconds
376.844: Application time: 0.0110370 seconds
376.844: [GC [PSYoungGen: 50091K->6637K(50176K)] 99900K->57159K(163840K), 0.0025590 secs] [Times: user=0.02 sys=0.00, real=0.00 secs] 
376.847: Total time for which application threads were stopped: 0.0027450 seconds, Stopping threads took: 0.0001010 seconds
376.856: Application time: 0.0093880 seconds
376.856: [GC [PSYoungGen: 50111K->6637K(50176K)] 100633K->57159K(163840K), 0.0023540 secs] [Times: user=0.01 sys=0.00, real=0.00 secs] 
376.859: Total time for which application threads were stopped: 0.0026600 seconds, Stopping threads took: 0.0002240 seconds
376.872: Application time: 0.0134050 seconds
376.872: [GC [PSYoungGen: 50128K->6636K(50176K)] 100650K->58584K(163840K), 0.0028530 secs] [Times: user=0.02 sys=0.00, real=0.00 secs] 
376.875: Total time for which application threads were stopped: 0.0030520 seconds, Stopping threads took: 0.0001030 seconds
376.982: Application time: 0.1069420 seconds
376.982: [GC [PSYoungGen: 50135K->6636K(50176K)] 102082K->68575K(163840K), 0.0048660 secs] [Times: user=0.04 sys=0.00, real=0.00 secs] 
376.987: Total time for which application threads were stopped: 0.0050250 seconds, Stopping threads took: 0.0000710 seconds
377.173: Application time: 0.1862690 seconds
377.173: [GC [PSYoungGen: 50132K->6636K(50176K)] 112071K->78587K(163840K), 0.0048410 secs] [Times: user=0.03 sys=0.01, real=0.00 secs] 
377.178: Total time for which application threads were stopped: 0.0049780 seconds, Stopping threads took: 0.0000540 seconds
377.334: Application time: 0.1562130 seconds
377.335: [GC [PSYoungGen: 50118K->6636K(50176K)] 122068K->87882K(163840K), 0.0047310 secs] [Times: user=0.03 sys=0.00, real=0.00 secs] 
377.339: Total time for which application threads were stopped: 0.0048920 seconds, Stopping threads took: 0.0000770 seconds
377.530: Application time: 0.1910090 seconds
377.531: [GC [PSYoungGen: 50126K->5956K(50176K)] 131372K->97889K(163840K), 0.0048760 secs] [Times: user=0.03 sys=0.00, real=0.00 secs] 
377.535: Total time for which application threads were stopped: 0.0050600 seconds, Stopping threads took: 0.0000850 seconds
377.693: Application time: 0.1575780 seconds
377.693: [GC [PSYoungGen: 49445K->5956K(50176K)] 141378K->109290K(163840K), 0.0052430 secs] [Times: user=0.04 sys=0.00, real=0.00 secs] 
377.698: [Full GC [PSYoungGen: 5956K->0K(50176K)] [ParOldGen: 103333K->29857K(113664K)] 109290K->29857K(163840K) [PSPermGen: 6125K->6125K(21504K)], 0.0104080 secs] [Times: user=0.06 sys=0.00, real=0.01 secs] 
377.709: Total time for which application threads were stopped: 0.0158470 seconds, Stopping threads took: 0.0000630 seconds
377.821: Application time: 0.1125320 seconds
377.822: [GC [PSYoungGen: 42814K->6636K(50176K)] 72672K->47190K(163840K), 0.0053200 secs] [Times: user=0.04 sys=0.00, real=0.01 secs] 
377.827: Total time for which application threads were stopped: 0.0054940 seconds, Stopping threads took: 0.0000860 seconds
377.845: Application time: 0.0180620 seconds
377.845: [GC [PSYoungGen: 50118K->6604K(50176K)] 90672K->47158K(163840K), 0.0023850 secs] [Times: user=0.01 sys=0.00, real=0.00 secs] 
377.848: Total time for which application threads were stopped: 0.0025510 seconds, Stopping threads took: 0.0000840 seconds
377.862: Application time: 0.0140730 seconds
377.862: [GC [PSYoungGen: 50092K->6541K(50176K)] 90646K->54220K(163840K), 0.0043050 secs] [Times: user=0.02 sys=0.00, real=0.01 secs] 
377.866: Total time for which application threads were stopped: 0.0044790 seconds, Stopping threads took: 0.0000880 seconds
377.939: Application time: 0.0729420 seconds
377.939: [GC [PSYoungGen: 50032K->6572K(50176K)] 97711K->63514K(163840K), 0.0047850 secs] [Times: user=0.03 sys=0.00, real=0.01 secs] 
377.944: Total time for which application threads were stopped: 0.0049440 seconds, Stopping threads took: 0.0000760 seconds
378.044: Application time: 0.0999470 seconds
378.044: [GC [PSYoungGen: 49383K->6604K(50176K)] 106325K->74947K(163840K), 0.0054610 secs] [Times: user=0.04 sys=0.00, real=0.00 secs] 
378.050: Total time for which application threads were stopped: 0.0056360 seconds, Stopping threads took: 0.0000810 seconds
378.067: Application time: 0.0173820 seconds
378.067: [GC [PSYoungGen: 50088K->6604K(50176K)] 118430K->76372K(163840K), 0.0026710 secs] [Times: user=0.02 sys=0.00, real=0.00 secs] 
378.070: Total time for which application threads were stopped: 0.0028280 seconds, Stopping threads took: 0.0000770 seconds
378.087: Application time: 0.0170470 seconds
378.087: [GC [PSYoungGen: 50085K->6636K(50176K)] 119852K->77829K(163840K), 0.0028080 secs] [Times: user=0.02 sys=0.00, real=0.00 secs] 
378.090: Total time for which application threads were stopped: 0.0029870 seconds, Stopping threads took: 0.0000960 seconds
378.168: Application time: 0.0784000 seconds
378.168: [GC [PSYoungGen: 50137K->6636K(50176K)] 121330K->87820K(163840K), 0.0048090 secs] [Times: user=0.03 sys=0.00, real=0.01 secs] 
378.173: Total time for which application threads were stopped: 0.0049600 seconds, Stopping threads took: 0.0000670 seconds
378.337: Application time: 0.1637220 seconds
378.337: [GC [PSYoungGen: 50149K->6652K(50176K)] 131333K->97155K(163840K), 0.0046170 secs] [Times: user=0.04 sys=0.00, real=0.00 secs] 
378.342: Total time for which application threads were stopped: 0.0047630 seconds, Stopping threads took: 0.0000600 seconds
378.359: Application time: 0.0178020 seconds
378.360: [GC [PSYoungGen: 50132K->6636K(50176K)] 140635K->103552K(163840K), 0.0041320 secs] [Times: user=0.03 sys=0.00, real=0.01 secs] 
378.364: Total time for which application threads were stopped: 0.0043140 seconds, Stopping threads took: 0.0000950 seconds
378.380: Application time: 0.0167090 seconds
378.381: [GC [PSYoungGen: 50116K->6636K(50176K)] 147031K->105721K(163840K), 0.0029040 secs] [Times: user=0.02 sys=0.00, real=0.01 secs] 
378.384: [Full GC [PSYoungGen: 6636K->0K(50176K)] [ParOldGen: 99085K->26295K(113664K)] 105721K->26295K(163840K) [PSPermGen: 6125K->6125K(21504K)], 0.0097830 secs] [Times: user=0.05 sys=0.00, real=0.01 secs] 
378.394: Total time for which application threads were stopped: 0.0135680 seconds, Stopping threads took: 0.0007470 seconds
378.407: Application time: 0.0130840 seconds
378.407: [GC [PSYoungGen: 43482K->4403K(50176K)] 69777K->30698K(163840K), 0.0016730 secs] [Times: user=0.02 sys=0.00, real=0.00 secs] 
378.409: Total time for which application threads were stopped: 0.0018310 seconds, Stopping threads took: 0.0000820 seconds
378.572: Application time: 0.1625770 seconds
378.572: [GC [PSYoungGen: 47892K->6508K(50176K)] 74187K->42779K(163840K), 0.0048300 secs] [Times: user=0.03 sys=0.00, real=0.00 secs] 
378.577: Total time for which application threads were stopped: 0.0049880 seconds, Stopping threads took: 0.0000610 seconds
378.737: Application time: 0.1601540 seconds
378.737: [GC [PSYoungGen: 49998K->6572K(50176K)] 86268K->53531K(163840K), 0.0051230 secs] [Times: user=0.04 sys=0.00, real=0.00 secs] 
378.742: Total time for which application threads were stopped: 0.0052820 seconds, Stopping threads took: 0.0000670 seconds
378.894: Application time: 0.1522260 seconds
378.894: [GC [PSYoungGen: 50088K->6636K(50176K)] 97046K->64291K(163840K), 0.0050810 secs] [Times: user=0.04 sys=0.00, real=0.00 secs] 
378.899: Total time for which application threads were stopped: 0.0052510 seconds, Stopping threads took: 0.0000860 seconds
379.049: Application time: 0.1496530 seconds
379.049: [GC [PSYoungGen: 50135K->6636K(50176K)] 107789K->74275K(163840K), 0.0049210 secs] [Times: user=0.04 sys=0.00, real=0.01 secs] 
379.054: Total time for which application threads were stopped: 0.0050750 seconds, Stopping threads took: 0.0000690 seconds
379.230: Application time: 0.1754480 seconds
379.230: [GC [PSYoungGen: 50118K->6636K(50176K)] 117757K->84250K(163840K), 0.0049080 secs] [Times: user=0.04 sys=0.00, real=0.01 secs] 
379.235: Total time for which application threads were stopped: 0.0050680 seconds, Stopping threads took: 0.0000660 seconds
379.406: Application time: 0.1709610 seconds
379.406: [GC [PSYoungGen: 50127K->6636K(50176K)] 127741K->94234K(163840K), 0.0049400 secs] [Times: user=0.04 sys=0.00, real=0.01 secs] 
379.411: Total time for which application threads were stopped: 0.0051010 seconds, Stopping threads took: 0.0000730 seconds
379.563: Application time: 0.1526130 seconds
379.564: [GC [PSYoungGen: 50128K->6605K(50176K)] 137725K->104178K(163840K), 0.0049750 secs] [Times: user=0.04 sys=0.00, real=0.00 secs] 
379.569: [Full GC [PSYoungGen: 6605K->0K(50176K)] [ParOldGen: 97573K->29146K(113664K)] 104178K->29146K(163840K) [PSPermGen: 6125K->6125K(21504K)], 0.0103740 secs] [Times: user=0.06 sys=0.00, real=0.01 secs] 
379.579: Total time for which application threads were stopped: 0.0155520 seconds, Stopping threads took: 0.0000700 seconds
379.762: Application time: 0.1834180 seconds
379.762: [GC [PSYoungGen: 43490K->6540K(50176K)] 72636K->44950K(163840K), 0.0046700 secs] [Times: user=0.04 sys=0.00, real=0.00 secs] 
379.767: Total time for which application threads were stopped: 0.0048170 seconds, Stopping threads took: 0.0000560 seconds
379.912: Application time: 0.1449240 seconds
379.912: [GC [PSYoungGen: 50039K->6604K(50176K)] 88449K->55702K(163840K), 0.0050860 secs] [Times: user=0.04 sys=0.00, real=0.00 secs] 
379.917: Total time for which application threads were stopped: 0.0052300 seconds, Stopping threads took: 0.0000650 seconds
379.981: Application time: 0.0634220 seconds
379.981: [GC [PSYoungGen: 50118K->6604K(50176K)] 99215K->64253K(163840K), 0.0046790 secs] [Times: user=0.03 sys=0.00, real=0.01 secs] 
379.986: Total time for which application threads were stopped: 0.0048580 seconds, Stopping threads took: 0.0000920 seconds
380.000: Application time: 0.0147830 seconds
380.001: [GC [PSYoungGen: 50091K->6605K(50176K)] 107739K->67816K(163840K), 0.0034030 secs] [Times: user=0.03 sys=0.00, real=0.01 secs] 
380.004: Total time for which application threads were stopped: 0.0035730 seconds, Stopping threads took: 0.0000850 seconds
380.020: Application time: 0.0155220 seconds
380.020: [GC [PSYoungGen: 50086K->6637K(50176K)] 111297K->67856K(163840K), 0.0023840 secs] [Times: user=0.02 sys=0.00, real=0.01 secs] 
380.022: Total time for which application threads were stopped: 0.0025480 seconds, Stopping threads took: 0.0000770 seconds
380.058: Application time: 0.0356480 seconds
380.058: [GC [PSYoungGen: 49444K->6636K(50176K)] 110663K->75709K(163840K), 0.0045620 secs] [Times: user=0.04 sys=0.00, real=0.01 secs] 
380.062: Total time for which application threads were stopped: 0.0047270 seconds, Stopping threads took: 0.0000780 seconds
380.081: Application time: 0.0180650 seconds
380.081: [GC [PSYoungGen: 50118K->6636K(50176K)] 119191K->75709K(163840K), 0.0023610 secs] [Times: user=0.01 sys=0.00, real=0.01 secs] 
380.083: Total time for which application threads were stopped: 0.0025140 seconds, Stopping threads took: 0.0000710 seconds
380.099: Application time: 0.0158730 seconds
380.099: [GC [PSYoungGen: 50129K->6653K(50176K)] 119202K->80001K(163840K), 0.0036250 secs] [Times: user=0.03 sys=0.00, real=0.01 secs] 
380.103: Total time for which application threads were stopped: 0.0037920 seconds, Stopping threads took: 0.0000840 seconds
380.163: Application time: 0.0604050 seconds
380.163: [GC [PSYoungGen: 50146K->6636K(50176K)] 123494K->87859K(163840K), 0.0042780 secs] [Times: user=0.03 sys=0.00, real=0.00 secs] 
380.168: Total time for which application threads were stopped: 0.0044280 seconds, Stopping threads took: 0.0000680 seconds
380.307: Application time: 0.1392600 seconds
380.307: [GC [PSYoungGen: 50126K->6636K(50176K)] 131348K->97842K(163840K), 0.0049010 secs] [Times: user=0.04 sys=0.00, real=0.01 secs] 
380.312: Total time for which application threads were stopped: 0.0050730 seconds, Stopping threads took: 0.0000700 seconds
380.444: Application time: 0.1323730 seconds
380.444: [GC [PSYoungGen: 50152K->5988K(50176K)] 141358K->107169K(163840K), 0.0048190 secs] [Times: user=0.04 sys=0.00, real=0.00 secs] 
380.449: [Full GC [PSYoungGen: 5988K->0K(50176K)] [ParOldGen: 101181K->25583K(113664K)] 107169K->25583K(163840K) [PSPermGen: 6125K->6125K(21504K)], 0.0096250 secs] [Times: user=0.05 sys=0.00, real=0.01 secs] 
380.459: Total time for which application threads were stopped: 0.0147050 seconds, Stopping threads took: 0.0001250 seconds
380.474: Application time: 0.0147360 seconds
380.474: [GC [PSYoungGen: 43482K->6508K(50176K)] 69065K->37792K(163840K), 0.0038340 secs] [Times: user=0.02 sys=0.00, real=0.00 secs] 
380.478: Total time for which application threads were stopped: 0.0040070 seconds, Stopping threads took: 0.0000890 seconds
380.496: Application time: 0.0178900 seconds
380.496: [GC [PSYoungGen: 49987K->6477K(50176K)] 81271K->40610K(163840K), 0.0031410 secs] [Times: user=0.02 sys=0.00, real=0.00 secs] 
380.499: Total time for which application threads were stopped: 0.0033020 seconds, Stopping threads took: 0.0000760 seconds
380.524: Application time: 0.0255400 seconds
380.525: [GC [PSYoungGen: 49968K->6508K(50176K)] 84102K->42067K(163840K), 0.0025190 secs] [Times: user=0.02 sys=0.00, real=0.00 secs] 
380.527: Total time for which application threads were stopped: 0.0026670 seconds, Stopping threads took: 0.0000660 seconds
380.679: Application time: 0.1520420 seconds
380.679: [GC [PSYoungGen: 49990K->6508K(50176K)] 85549K->51330K(163840K), 0.0047520 secs] [Times: user=0.03 sys=0.00, real=0.01 secs] 
380.684: Total time for which application threads were stopped: 0.0049260 seconds, Stopping threads took: 0.0000880 seconds
380.785: Application time: 0.1014080 seconds
380.786: [GC [PSYoungGen: 49320K->6573K(50176K)] 94142K->61370K(163840K), 0.0050060 secs] [Times: user=0.04 sys=0.00, real=0.01 secs] 
380.791: Total time for which application threads were stopped: 0.0051720 seconds, Stopping threads took: 0.0000840 seconds
380.808: Application time: 0.0173670 seconds
380.808: [GC [PSYoungGen: 50055K->6605K(50176K)] 104852K->62827K(163840K), 0.0025850 secs] [Times: user=0.01 sys=0.00, real=0.01 secs] 
380.811: Total time for which application threads were stopped: 0.0027490 seconds, Stopping threads took: 0.0000750 seconds
380.828: Application time: 0.0175010 seconds
380.828: [GC [PSYoungGen: 50087K->6573K(50176K)] 106309K->65645K(163840K), 0.0031820 secs] [Times: user=0.02 sys=0.00, real=0.01 secs] 
380.832: Total time for which application threads were stopped: 0.0033640 seconds, Stopping threads took: 0.0000970 seconds
380.873: Application time: 0.0414160 seconds
380.873: [GC [PSYoungGen: 50008K->6620K(50176K)] 109081K->72106K(163840K), 0.0038420 secs] [Times: user=0.02 sys=0.00, real=0.00 secs] 
380.877: Total time for which application threads were stopped: 0.0039980 seconds, Stopping threads took: 0.0000720 seconds
380.898: Application time: 0.0207730 seconds
380.898: [GC [PSYoungGen: 49471K->6604K(50176K)] 114957K->76365K(163840K), 0.0035870 secs] [Times: user=0.03 sys=0.00, real=0.00 secs] 
380.902: Total time for which application threads were stopped: 0.0037700 seconds, Stopping threads took: 0.0000890 seconds
380.920: Application time: 0.0182110 seconds
380.920: [GC [PSYoungGen: 50083K->6605K(50176K)] 119844K->78503K(163840K), 0.0029160 secs] [Times: user=0.02 sys=0.00, real=0.01 secs] 
380.923: Total time for which application threads were stopped: 0.0031050 seconds, Stopping threads took: 0.0001020 seconds
380.935: Application time: 0.0116030 seconds
380.935: [GC [PSYoungGen: 50086K->6605K(50176K)] 121985K->80641K(163840K), 0.0030310 secs] [Times: user=0.02 sys=0.00, real=0.00 secs] 
380.938: Total time for which application threads were stopped: 0.0035710 seconds, Stopping threads took: 0.0004560 seconds
381.088: Application time: 0.1499050 seconds
381.088: [GC [PSYoungGen: 49416K->6636K(50176K)] 123452K->93566K(163840K), 0.0057250 secs] [Times: user=0.05 sys=0.00, real=0.01 secs] 
381.094: Total time for which application threads were stopped: 0.0058780 seconds, Stopping threads took: 0.0000600 seconds
381.256: Application time: 0.1622210 seconds
381.256: [GC [PSYoungGen: 50118K->6636K(50176K)] 137048K->102837K(163840K), 0.0047800 secs] [Times: user=0.03 sys=0.00, real=0.00 secs] 
381.261: Total time for which application threads were stopped: 0.0049420 seconds, Stopping threads took: 0.0000770 seconds
381.428: Application time: 0.1671310 seconds
381.428: [GC [PSYoungGen: 50123K->6636K(50176K)] 146325K->112100K(163840K), 0.0047410 secs] [Times: user=0.03 sys=0.00, real=0.01 secs] 
381.433: [Full GC [PSYoungGen: 6636K->0K(50176K)] [ParOldGen: 105464K->31343K(113664K)] 112100K->31343K(163840K) [PSPermGen: 6125K->6125K(21504K)], 0.0091590 secs] [Times: user=0.05 sys=0.00, real=0.01 secs] 
381.442: Total time for which application threads were stopped: 0.0141290 seconds, Stopping threads took: 0.0000830 seconds
381.645: Application time: 0.2021840 seconds
381.645: [GC [PSYoungGen: 43480K->6412K(50176K)] 74824K->47019K(163840K), 0.0045960 secs] [Times: user=0.04 sys=0.00, real=0.00 secs] 
381.649: Total time for which application threads were stopped: 0.0047510 seconds, Stopping threads took: 0.0000690 seconds
381.763: Application time: 0.1135850 seconds
381.763: [GC [PSYoungGen: 49222K->6508K(50176K)] 89829K->57090K(163840K), 0.0050710 secs] [Times: user=0.03 sys=0.00, real=0.00 secs] 
381.768: Total time for which application threads were stopped: 0.0052300 seconds, Stopping threads took: 0.0000720 seconds
381.785: Application time: 0.0171660 seconds
381.785: [GC [PSYoungGen: 49990K->6476K(50176K)] 100572K->57771K(163840K), 0.0023470 secs] [Times: user=0.02 sys=0.00, real=0.00 secs] 
381.788: Total time for which application threads were stopped: 0.0025120 seconds, Stopping threads took: 0.0000770 seconds
381.804: Application time: 0.0165400 seconds
381.804: [GC [PSYoungGen: 49967K->6540K(50176K)] 101262K->64248K(163840K), 0.0040310 secs] [Times: user=0.03 sys=0.00, real=0.00 secs] 
381.809: Total time for which application threads were stopped: 0.0042280 seconds, Stopping threads took: 0.0001120 seconds
381.869: Application time: 0.0601860 seconds
381.869: [GC [PSYoungGen: 50028K->6508K(50176K)] 107735K->70628K(163840K), 0.0039590 secs] [Times: user=0.03 sys=0.00, real=0.01 secs] 
381.873: Total time for which application threads were stopped: 0.0041040 seconds, Stopping threads took: 0.0000610 seconds
382.003: Application time: 0.1303080 seconds
382.003: [GC [PSYoungGen: 49319K->6604K(50176K)] 113439K->81412K(163840K), 0.0053520 secs] [Times: user=0.04 sys=0.00, real=0.00 secs] 
382.009: Total time for which application threads were stopped: 0.0055320 seconds, Stopping threads took: 0.0000840 seconds
382.024: Application time: 0.0150860 seconds
382.024: [GC [PSYoungGen: 50091K->6636K(50176K)] 124898K->85006K(163840K), 0.0034240 secs] [Times: user=0.02 sys=0.00, real=0.00 secs] 
382.027: Total time for which application threads were stopped: 0.0035880 seconds, Stopping threads took: 0.0000800 seconds
382.045: Application time: 0.0177210 seconds
382.045: [GC [PSYoungGen: 50153K->6652K(50176K)] 128523K->90034K(163840K), 0.0037450 secs] [Times: user=0.03 sys=0.00, real=0.00 secs] 
382.049: Total time for which application threads were stopped: 0.0041140 seconds, Stopping threads took: 0.0002850 seconds
382.060: Application time: 0.0103670 seconds
382.060: [GC [PSYoungGen: 50134K->6636K(50176K)] 133516K->91460K(163840K), 0.0027950 secs] [Times: user=0.02 sys=0.00, real=0.01 secs] 
382.063: Total time for which application threads were stopped: 0.0034050 seconds, Stopping threads took: 0.0005220 seconds
382.073: Application time: 0.0100440 seconds
382.073: [GC [PSYoungGen: 50124K->6636K(50176K)] 134947K->94357K(163840K), 0.0030900 secs] [Times: user=0.02 sys=0.00, real=0.00 secs] 
382.076: Total time for which application threads were stopped: 0.0032450 seconds, Stopping threads took: 0.0000710 seconds
382.096: Application time: 0.0195210 seconds
382.096: [GC [PSYoungGen: 50125K->6637K(50176K)] 137846K->96495K(163840K), 0.0030740 secs] [Times: user=0.03 sys=0.00, real=0.00 secs] 
382.099: Total time for which application threads were stopped: 0.0032450 seconds, Stopping threads took: 0.0000890 seconds
382.140: Application time: 0.0410600 seconds
382.140: [GC [PSYoungGen: 50125K->6636K(50176K)] 139984K->101491K(163840K), 0.0034640 secs] [Times: user=0.03 sys=0.00, real=0.01 secs] 
382.144: Total time for which application threads were stopped: 0.0036130 seconds, Stopping threads took: 0.0000640 seconds
382.308: Application time: 0.1642070 seconds
382.308: [GC [PSYoungGen: 50125K->5956K(50176K)] 144979K->111498K(163840K), 0.0048320 secs] [Times: user=0.04 sys=0.00, real=0.01 secs] 
382.313: [Full GC [PSYoungGen: 5956K->0K(50176K)] [ParOldGen: 105542K->26295K(113664K)] 111498K->26295K(163840K) [PSPermGen: 6125K->6125K(21504K)], 0.0099320 secs] [Times: user=0.05 sys=0.00, real=0.01 secs] 
382.323: Total time for which application threads were stopped: 0.0149600 seconds, Stopping threads took: 0.0000630 seconds
382.489: Application time: 0.1664940 seconds
382.489: [GC [PSYoungGen: 43480K->6412K(50176K)] 69776K->41971K(163840K), 0.0046830 secs] [Times: user=0.04 sys=0.00, real=0.01 secs] 
382.494: Total time for which application threads were stopped: 0.0048420 seconds, Stopping threads took: 0.0000760 seconds
382.652: Application time: 0.1575360 seconds
382.652: [GC [PSYoungGen: 49893K->6412K(50176K)] 85452K->51946K(163840K), 0.0048020 secs] [Times: user=0.04 sys=0.00, real=0.00 secs] 
382.657: Total time for which application threads were stopped: 0.0049510 seconds, Stopping threads took: 0.0000590 seconds
382.829: Application time: 0.1725120 seconds
382.829: [GC [PSYoungGen: 49919K->6604K(50176K)] 95453K->62827K(163840K), 0.0050110 secs] [Times: user=0.04 sys=0.00, real=0.01 secs] 
382.834: Total time for which application threads were stopped: 0.0051630 seconds, Stopping threads took: 0.0000690 seconds
382.979: Application time: 0.1442470 seconds
382.979: [GC [PSYoungGen: 50109K->6636K(50176K)] 106332K->73555K(163840K), 0.0051060 secs] [Times: user=0.04 sys=0.00, real=0.01 secs] 
382.984: Total time for which application threads were stopped: 0.0052470 seconds, Stopping threads took: 0.0000560 seconds
383.139: Application time: 0.1553780 seconds
383.139: [GC [PSYoungGen: 50127K->6637K(50176K)] 117046K->84243K(163840K), 0.0051880 secs] [Times: user=0.04 sys=0.00, real=0.01 secs] 
383.145: Total time for which application threads were stopped: 0.0053450 seconds, Stopping threads took: 0.0000710 seconds
383.308: Application time: 0.1631360 seconds
383.308: [GC [PSYoungGen: 50127K->6637K(50176K)] 127734K->94227K(163840K), 0.0049280 secs] [Times: user=0.03 sys=0.00, real=0.01 secs] 
383.313: Total time for which application threads were stopped: 0.0051010 seconds, Stopping threads took: 0.0000750 seconds
383.481: Application time: 0.1683220 seconds
383.481: [GC [PSYoungGen: 50119K->5956K(50176K)] 137709K->103522K(163840K), 0.0047090 secs] [Times: user=0.04 sys=0.00, real=0.01 secs] 
383.486: [Full GC [PSYoungGen: 5956K->0K(50176K)] [ParOldGen: 97566K->29146K(113664K)] 103522K->29146K(163840K) [PSPermGen: 6125K->6125K(21504K)], 0.0104170 secs] [Times: user=0.05 sys=0.00, real=0.01 secs] 
383.497: Total time for which application threads were stopped: 0.0153350 seconds, Stopping threads took: 0.0000670 seconds
383.657: Application time: 0.1603140 seconds
383.657: [GC [PSYoungGen: 43490K->6509K(50176K)] 72637K->44918K(163840K), 0.0047110 secs] [Times: user=0.04 sys=0.00, real=0.00 secs] 
383.662: Total time for which application threads were stopped: 0.0048790 seconds, Stopping threads took: 0.0000840 seconds
383.818: Application time: 0.1560270 seconds
383.818: [GC [PSYoungGen: 50008K->6604K(50176K)] 88417K->55702K(163840K), 0.0051430 secs] [Times: user=0.04 sys=0.00, real=0.01 secs] 
383.823: Total time for which application threads were stopped: 0.0052970 seconds, Stopping threads took: 0.0000660 seconds
383.921: Application time: 0.0979860 seconds
383.921: [GC [PSYoungGen: 49440K->6604K(50176K)] 98538K->64965K(163840K), 0.0048310 secs] [Times: user=0.03 sys=0.01, real=0.01 secs] 
383.926: Total time for which application threads were stopped: 0.0050020 seconds, Stopping threads took: 0.0000830 seconds
383.939: Application time: 0.0126690 seconds
383.939: [GC [PSYoungGen: 50080K->6636K(50176K)] 108441K->65710K(163840K), 0.0025530 secs] [Times: user=0.02 sys=0.00, real=0.00 secs] 
383.941: Total time for which application threads were stopped: 0.0027680 seconds, Stopping threads took: 0.0001310 seconds
383.952: Application time: 0.0104600 seconds
383.952: [GC [PSYoungGen: 50120K->6604K(50176K)] 109194K->68528K(163840K), 0.0031240 secs] [Times: user=0.02 sys=0.00, real=0.00 secs] 
383.955: Total time for which application threads were stopped: 0.0033280 seconds, Stopping threads took: 0.0001190 seconds
383.966: Application time: 0.0109900 seconds
383.967: [GC [PSYoungGen: 50083K->6588K(50176K)] 112007K->68512K(163840K), 0.0023690 secs] [Times: user=0.02 sys=0.00, real=0.00 secs] 
383.969: Total time for which application threads were stopped: 0.0030660 seconds, Stopping threads took: 0.0006170 seconds
383.980: Application time: 0.0106520 seconds
383.980: [GC [PSYoungGen: 50072K->6604K(50176K)] 111996K->69241K(163840K), 0.0025630 secs] [Times: user=0.01 sys=0.01, real=0.01 secs] 
383.983: Total time for which application threads were stopped: 0.0027760 seconds, Stopping threads took: 0.0001270 seconds
383.993: Application time: 0.0097750 seconds
383.993: [GC [PSYoungGen: 50100K->6636K(50176K)] 112737K->74269K(163840K), 0.0037030 secs] [Times: user=0.03 sys=0.00, real=0.00 secs] 
383.997: Total time for which application threads were stopped: 0.0040200 seconds, Stopping threads took: 0.0002290 seconds
384.070: Application time: 0.0733280 seconds
384.070: [GC [PSYoungGen: 50144K->6636K(50176K)] 117777K->84252K(163840K), 0.0049440 secs] [Times: user=0.02 sys=0.00, real=0.00 secs] 
384.075: Total time for which application threads were stopped: 0.0051230 seconds, Stopping threads took: 0.0000970 seconds
384.225: Application time: 0.1499430 seconds
384.225: [GC [PSYoungGen: 50139K->6036K(50176K)] 127755K->91490K(163840K), 0.0041010 secs] [Times: user=0.03 sys=0.00, real=0.00 secs] 
384.229: Total time for which application threads were stopped: 0.0042590 seconds, Stopping threads took: 0.0000740 seconds
384.248: Application time: 0.0186220 seconds
384.248: [GC [PSYoungGen: 49524K->5988K(50176K)] 134978K->96430K(163840K), 0.0036180 secs] [Times: user=0.03 sys=0.00, real=0.01 secs] 
384.252: Total time for which application threads were stopped: 0.0037920 seconds, Stopping threads took: 0.0000880 seconds
384.270: Application time: 0.0182090 seconds
384.270: [GC [PSYoungGen: 49466K->5956K(50176K)] 139908K->98535K(163840K), 0.0027860 secs] [Times: user=0.01 sys=0.00, real=0.01 secs] 
384.273: Total time for which application threads were stopped: 0.0029550 seconds, Stopping threads took: 0.0000850 seconds
384.286: Application time: 0.0135590 seconds
384.287: [GC [PSYoungGen: 49448K->6652K(50176K)] 142027K->99232K(163840K), 0.0021630 secs] [Times: user=0.01 sys=0.00, real=0.00 secs] 
384.289: Total time for which application threads were stopped: 0.0024050 seconds, Stopping threads took: 0.0001690 seconds
384.428: Application time: 0.1393030 seconds
384.428: [GC [PSYoungGen: 50134K->6652K(50176K)] 142713K->109960K(163840K), 0.0052020 secs] [Times: user=0.04 sys=0.00, real=0.01 secs] 
384.433: [Full GC [PSYoungGen: 6652K->0K(50176K)] [ParOldGen: 103307K->27008K(113664K)] 109960K->27008K(163840K) [PSPermGen: 6125K->6125K(21504K)], 0.0100850 secs] [Times: user=0.05 sys=0.00, real=0.01 secs] 
384.444: Total time for which application threads were stopped: 0.0155030 seconds, Stopping threads took: 0.0000690 seconds
384.612: Application time: 0.1686000 seconds
384.612: [GC [PSYoungGen: 43481K->6412K(50176K)] 70490K->43397K(163840K), 0.0049930 secs] [Times: user=0.03 sys=0.00, real=0.00 secs] 
384.617: Total time for which application threads were stopped: 0.0051720 seconds, Stopping threads took: 0.0000920 seconds
384.705: Application time: 0.0876720 seconds
384.705: [GC [PSYoungGen: 49224K->6540K(50176K)] 86208K->53501K(163840K), 0.0049390 secs] [Times: user=0.03 sys=0.01, real=0.01 secs] 
384.710: Total time for which application threads were stopped: 0.0052640 seconds, Stopping threads took: 0.0002390 seconds
384.726: Application time: 0.0161010 seconds
384.727: [GC [PSYoungGen: 49365K->6572K(50176K)] 96325K->54245K(163840K), 0.0025810 secs] [Times: user=0.02 sys=0.00, real=0.00 secs] 
384.729: Total time for which application threads were stopped: 0.0027400 seconds, Stopping threads took: 0.0000750 seconds
384.743: Application time: 0.0141140 seconds
384.743: [GC [PSYoungGen: 50061K->6509K(50176K)] 97734K->60594K(163840K), 0.0041530 secs] [Times: user=0.04 sys=0.00, real=0.00 secs] 
384.748: Total time for which application threads were stopped: 0.0043160 seconds, Stopping threads took: 0.0000780 seconds
384.815: Application time: 0.0673280 seconds
384.815: [GC [PSYoungGen: 50000K->6604K(50176K)] 104086K->67816K(163840K), 0.0041790 secs] [Times: user=0.02 sys=0.01, real=0.00 secs] 
384.819: Total time for which application threads were stopped: 0.0043250 seconds, Stopping threads took: 0.0000610 seconds
384.974: Application time: 0.1552650 seconds
384.975: [GC [PSYoungGen: 50117K->6652K(50176K)] 111328K->76414K(163840K), 0.0045970 secs] [Times: user=0.04 sys=0.00, real=0.00 secs] 
384.979: Total time for which application threads were stopped: 0.0047560 seconds, Stopping threads took: 0.0000630 seconds
385.185: Application time: 0.2053440 seconds
385.185: [GC [PSYoungGen: 50138K->5988K(50176K)] 119900K->83588K(163840K), 0.0040990 secs] [Times: user=0.03 sys=0.00, real=0.00 secs] 
385.189: Total time for which application threads were stopped: 0.0042550 seconds, Stopping threads took: 0.0000730 seconds
385.357: Application time: 0.1678120 seconds
385.357: [GC [PSYoungGen: 49467K->5988K(50176K)] 127067K->91425K(163840K), 0.0041920 secs] [Times: user=0.03 sys=0.00, real=0.00 secs] 
385.361: Total time for which application threads were stopped: 0.0043580 seconds, Stopping threads took: 0.0000790 seconds
385.394: Application time: 0.0333750 seconds
385.395: Total time for which application threads were stopped: 0.0001000 seconds, Stopping threads took: 0.0000740 seconds
385.542: Application time: 0.1477890 seconds
385.542: [GC [PSYoungGen: 48806K->5988K(50176K)] 134244K->97126K(163840K), 0.0035870 secs] [Times: user=0.03 sys=0.00, real=0.00 secs] 
385.546: Total time for which application threads were stopped: 0.0037840 seconds, Stopping threads took: 0.0000970 seconds
385.620: Application time: 0.0734390 seconds
385.620: Total time for which application threads were stopped: 0.0001190 seconds, Stopping threads took: 0.0000930 seconds
385.729: Application time: 0.1098360 seconds
385.730: [GC [PSYoungGen: 48820K->6572K(50176K)] 139958K->101985K(163840K), 0.0035660 secs] [Times: user=0.02 sys=0.00, real=0.01 secs] 
385.733: Total time for which application threads were stopped: 0.0036990 seconds, Stopping threads took: 0.0000470 seconds
385.773: Application time: 0.0400530 seconds
385.773: Total time for which application threads were stopped: 0.0000750 seconds, Stopping threads took: 0.0000490 seconds
385.897: Application time: 0.1236430 seconds
385.897: [GC [PSYoungGen: 49403K->5956K(50176K)] 144816K->104931K(163840K), 0.0030510 secs] [Times: user=0.02 sys=0.00, real=0.00 secs] 
385.900: Total time for which application threads were stopped: 0.0031820 seconds, Stopping threads took: 0.0000450 seconds
386.078: Application time: 0.1775910 seconds
386.078: [GC [PSYoungGen: 49429K->6637K(50176K)] 148405K->106325K(163840K), 0.0025810 secs] [Times: user=0.01 sys=0.00, real=0.00 secs] 
386.080: Total time for which application threads were stopped: 0.0027210 seconds, Stopping threads took: 0.0000500 seconds
386.207: Application time: 0.1267820 seconds
386.207: [GC [PSYoungGen: 50129K->5956K(50176K)] 149817K->109207K(163840K), 0.0030790 secs] [Times: user=0.02 sys=0.00, real=0.01 secs] 
386.210: [Full GC [PSYoungGen: 5956K->0K(50176K)] [ParOldGen: 103251K->15103K(113664K)] 109207K->15103K(163840K) [PSPermGen: 6125K->6125K(21504K)], 0.0076140 secs] [Times: user=0.04 sys=0.00, real=0.00 secs] 
386.218: Total time for which application threads were stopped: 0.0108840 seconds, Stopping threads took: 0.0000470 seconds
386.359: Application time: 0.1412380 seconds
386.359: [GC [PSYoungGen: 43492K->6605K(50176K)] 58595K->23846K(163840K), 0.0026820 secs] [Times: user=0.02 sys=0.00, real=0.01 secs] 
386.362: Total time for which application threads were stopped: 0.0028080 seconds, Stopping threads took: 0.0000400 seconds
386.552: Application time: 0.1896910 seconds
386.552: [GC [PSYoungGen: 50079K->6605K(50176K)] 67320K->24558K(163840K), 0.0022830 secs] [Times: user=0.01 sys=0.01, real=0.00 secs] 
386.554: Total time for which application threads were stopped: 0.0024100 seconds, Stopping threads took: 0.0000420 seconds
386.625: Application time: 0.0711920 seconds
386.626: Total time for which application threads were stopped: 0.0000740 seconds, Stopping threads took: 0.0000390 seconds
386.720: Application time: 0.0944610 seconds
386.720: [GC [PSYoungGen: 49427K->6637K(50176K)] 67381K->24590K(163840K), 0.0022180 secs] [Times: user=0.01 sys=0.00, real=0.01 secs] 
386.722: Total time for which application threads were stopped: 0.0023450 seconds, Stopping threads took: 0.0000400 seconds
386.846: Application time: 0.1235370 seconds
386.846: Total time for which application threads were stopped: 0.0000610 seconds, Stopping threads took: 0.0000340 seconds
387.028: Application time: 0.1822370 seconds
387.028: [GC [PSYoungGen: 49499K->2297K(50176K)] 67453K->20251K(163840K), 0.0010430 secs] [Times: user=0.01 sys=0.00, real=0.00 secs] 
387.029: Total time for which application threads were stopped: 0.0011270 seconds, Stopping threads took: 0.0000160 seconds
387.257: Application time: 0.2280720 seconds
387.257: Total time for which application threads were stopped: 0.0000580 seconds, Stopping threads took: 0.0000100 seconds
387.257: Application time: 0.0000210 seconds
387.257: Total time for which application threads were stopped: 0.0000090 seconds, Stopping threads took: 0.0000040 seconds
387.503: Application time: 0.2450660 seconds
387.503: Total time for which application threads were stopped: 0.0000320 seconds, Stopping threads took: 0.0000090 seconds
Heap
 PSYoungGen      total 50176K, used 44794K [0x00000000fc800000, 0x00000000fff80000, 0x0000000100000000)
  eden space 43520K, 97% used [0x00000000fc800000,0x00000000ff1802e0,0x00000000ff280000)
  from space 6656K, 34% used [0x00000000ff280000,0x00000000ff4be6a0,0x00000000ff900000)
  to   space 6656K, 0% used [0x00000000ff900000,0x00000000ff900000,0x00000000fff80000)
 ParOldGen       total 113664K, used 17953K [0x00000000f5800000, 0x00000000fc700000, 0x00000000fc800000)
  object space 113664K, 15% used [0x00000000f5800000,0x00000000f69885a0,0x00000000fc700000)
 PSPermGen       total 21504K, used 13499K [0x00000000f0600000, 0x00000000f1b00000, 0x00000000f5800000)
  object space 21504K, 62% used [0x00000000f0600000,0x00000000f132efc8,0x00000000f1b00000)
387.503: Application time: 0.0001680 seconds
