Java HotSpot(TM) 64-Bit Server VM (24.80-b11) for linux-amd64 JRE (1.7.0_80-b15), built on Apr 10 2015 19:53:14 by "java_re" with gcc 4.3.0 20080428 (Red Hat 4.3.0-8)
Memory: 4k page, physical 8000092k(6387084k free), swap 8218620k(8218620k free)
CommandLine flags: -XX:InitialHeapSize=280215552 -XX:MaxHeapSize=280215552 -XX:+PrintGC -XX:+PrintGCApplicationConcurrentTime -XX:+PrintGCApplicationStoppedTime -XX:+PrintGCDetails -XX:+PrintGCTimeStamps -XX:-UseAdaptiveSizePolicy -XX:+UseCompressedOops -XX:+UseParallelGC -XX:+UseParallelOldGC 
1.010: Application time: 0.9849940 seconds
1.010: Total time for which application threads were stopped: 0.0000470 seconds, Stopping threads took: 0.0000100 seconds
4.030: Application time: 3.0193540 seconds
4.030: Total time for which application threads were stopped: 0.0000700 seconds, Stopping threads took: 0.0000100 seconds
14.922: Application time: 10.8926300 seconds
14.922: Total time for which application threads were stopped: 0.0000340 seconds, Stopping threads took: 0.0000180 seconds
14.923: Application time: 0.0000640 seconds
14.923: Total time for which application threads were stopped: 0.0000240 seconds, Stopping threads took: 0.0000170 seconds
14.924: Application time: 0.0015300 seconds
14.924: Total time for which application threads were stopped: 0.0000250 seconds, Stopping threads took: 0.0000180 seconds
14.944: Application time: 0.0201400 seconds
14.944: Total time for which application threads were stopped: 0.0000430 seconds, Stopping threads took: 0.0000110 seconds
14.957: Application time: 0.0124020 seconds
14.957: [GC [PSYoungGen: 12674K->3336K(80384K)] 12674K->3344K(263168K), 0.0021690 secs] [Times: user=0.01 sys=0.01, real=0.00 secs] 
14.959: [Full GC [PSYoungGen: 3336K->0K(80384K)] [ParOldGen: 8K->3145K(182784K)] 3344K->3145K(263168K) [PSPermGen: 5075K->5074K(21504K)], 0.0106650 secs] [Times: user=0.04 sys=0.00, real=0.01 secs] 
14.970: Total time for which application threads were stopped: 0.0129610 seconds, Stopping threads took: 0.0000190 seconds
14.970: Application time: 0.0000410 seconds
14.970: [GC [PSYoungGen: 0K->0K(80384K)] 3145K->3145K(263168K), 0.0002520 secs] [Times: user=0.00 sys=0.00, real=0.00 secs] 
14.970: [Full GC [PSYoungGen: 0K->0K(80384K)] [ParOldGen: 3145K->3145K(182784K)] 3145K->3145K(263168K) [PSPermGen: 5074K->5074K(21504K)], 0.0041550 secs] [Times: user=0.01 sys=0.00, real=0.00 secs] 
14.974: Total time for which application threads were stopped: 0.0045050 seconds, Stopping threads took: 0.0000160 seconds
14.974: Application time: 0.0000630 seconds
14.974: Total time for which application threads were stopped: 0.0000250 seconds, Stopping threads took: 0.0000180 seconds
14.974: Application time: 0.0000360 seconds
14.974: Total time for which application threads were stopped: 0.0000150 seconds, Stopping threads took: 0.0000110 seconds
14.974: Application time: 0.0000330 seconds
14.974: Total time for which application threads were stopped: 0.0000140 seconds, Stopping threads took: 0.0000110 seconds
14.974: Application time: 0.0000120 seconds
14.974: Total time for which application threads were stopped: 0.0000160 seconds, Stopping threads took: 0.0000120 seconds
14.974: Application time: 0.0000620 seconds
14.975: Total time for which application threads were stopped: 0.0000170 seconds, Stopping threads took: 0.0000140 seconds
14.975: Application time: 0.0000120 seconds
14.975: Total time for which application threads were stopped: 0.0000160 seconds, Stopping threads took: 0.0000120 seconds
14.975: Application time: 0.0000120 seconds
14.975: Total time for which application threads were stopped: 0.0000160 seconds, Stopping threads took: 0.0000120 seconds
14.975: Application time: 0.0000110 seconds
14.975: Total time for which application threads were stopped: 0.0000160 seconds, Stopping threads took: 0.0000130 seconds
14.975: Application time: 0.0000610 seconds
14.975: Total time for which application threads were stopped: 0.0000170 seconds, Stopping threads took: 0.0000130 seconds
14.975: Application time: 0.0000110 seconds
14.975: Total time for which application threads were stopped: 0.0000120 seconds, Stopping threads took: 0.0000080 seconds
14.975: Application time: 0.0000110 seconds
14.975: Total time for which application threads were stopped: 0.0000110 seconds, Stopping threads took: 0.0000080 seconds
14.975: Application time: 0.0000110 seconds
14.975: Total time for which application threads were stopped: 0.0000120 seconds, Stopping threads took: 0.0000090 seconds
14.975: Application time: 0.0000110 seconds
14.975: Total time for which application threads were stopped: 0.0000120 seconds, Stopping threads took: 0.0000090 seconds
14.975: Application time: 0.0000110 seconds
14.975: Total time for which application threads were stopped: 0.0000130 seconds, Stopping threads took: 0.0000100 seconds
14.975: Application time: 0.0000100 seconds
14.975: Total time for which application threads were stopped: 0.0000120 seconds, Stopping threads took: 0.0000090 seconds
14.975: Application time: 0.0000110 seconds
14.975: Total time for which application threads were stopped: 0.0000130 seconds, Stopping threads took: 0.0000090 seconds
14.975: Application time: 0.0000120 seconds
14.975: Total time for which application threads were stopped: 0.0000140 seconds, Stopping threads took: 0.0000110 seconds
14.975: Application time: 0.0000110 seconds
14.975: Total time for which application threads were stopped: 0.0000330 seconds, Stopping threads took: 0.0000240 seconds
14.975: Application time: 0.0000130 seconds
14.975: Total time for which application threads were stopped: 0.0000200 seconds, Stopping threads took: 0.0000120 seconds
14.975: Application time: 0.0000120 seconds
14.975: Total time for which application threads were stopped: 0.0000200 seconds, Stopping threads took: 0.0000110 seconds
14.975: Application time: 0.0003370 seconds
14.975: Total time for which application threads were stopped: 0.0000140 seconds, Stopping threads took: 0.0000090 seconds
15.302: Application time: 0.3265030 seconds
15.302: Total time for which application threads were stopped: 0.0000690 seconds, Stopping threads took: 0.0000090 seconds
15.324: Application time: 0.0223280 seconds
15.324: Total time for which application threads were stopped: 0.0000300 seconds, Stopping threads took: 0.0000080 seconds
15.344: Application time: 0.0198890 seconds
15.344: Total time for which application threads were stopped: 0.0000260 seconds, Stopping threads took: 0.0000060 seconds
15.380: Application time: 0.0355500 seconds
15.380: Total time for which application threads were stopped: 0.0000410 seconds, Stopping threads took: 0.0000110 seconds
15.380: Application time: 0.0000360 seconds
15.380: Total time for which application threads were stopped: 0.0000270 seconds, Stopping threads took: 0.0000070 seconds
15.393: Application time: 0.0135990 seconds
15.394: Total time for which application threads were stopped: 0.0000400 seconds, Stopping threads took: 0.0000200 seconds
15.399: Application time: 0.0055560 seconds
15.399: Total time for which application threads were stopped: 0.0000350 seconds, Stopping threads took: 0.0000180 seconds
15.403: Application time: 0.0037410 seconds
15.403: Total time for which application threads were stopped: 0.0000370 seconds, Stopping threads took: 0.0000180 seconds
15.473: Application time: 0.0702560 seconds
15.473: Total time for which application threads were stopped: 0.0000480 seconds, Stopping threads took: 0.0000100 seconds
15.473: Application time: 0.0000370 seconds
15.473: Total time for which application threads were stopped: 0.0000260 seconds, Stopping threads took: 0.0000070 seconds
15.484: Application time: 0.0110040 seconds
15.484: Total time for which application threads were stopped: 0.0000390 seconds, Stopping threads took: 0.0000180 seconds
15.503: Application time: 0.0182740 seconds
15.503: Total time for which application threads were stopped: 0.0000480 seconds, Stopping threads took: 0.0000180 seconds
15.504: Application time: 0.0009540 seconds
15.504: Total time for which application threads were stopped: 0.0000360 seconds, Stopping threads took: 0.0000170 seconds
15.618: Application time: 0.1141890 seconds
15.618: Total time for which application threads were stopped: 0.0000440 seconds, Stopping threads took: 0.0000140 seconds
15.622: Application time: 0.0038380 seconds
15.622: Total time for which application threads were stopped: 0.0000300 seconds, Stopping threads took: 0.0000090 seconds
15.631: Application time: 0.0092680 seconds
15.631: Total time for which application threads were stopped: 0.0000460 seconds, Stopping threads took: 0.0000090 seconds
15.641: Application time: 0.0099140 seconds
15.641: Total time for which application threads were stopped: 0.0000420 seconds, Stopping threads took: 0.0000180 seconds
15.907: Application time: 0.2655650 seconds
15.907: [GC [PSYoungGen: 69120K->11246K(80384K)] 72265K->21087K(263168K), 0.0100320 secs] [Times: user=0.07 sys=0.00, real=0.02 secs] 
15.917: Total time for which application threads were stopped: 0.0101450 seconds, Stopping threads took: 0.0000190 seconds
15.917: Application time: 0.0001050 seconds
15.917: Total time for which application threads were stopped: 0.0001070 seconds, Stopping threads took: 0.0000690 seconds
15.917: Application time: 0.0000680 seconds
15.917: Total time for which application threads were stopped: 0.0000550 seconds, Stopping threads took: 0.0000210 seconds
15.917: Application time: 0.0000350 seconds
15.917: Total time for which application threads were stopped: 0.0000200 seconds, Stopping threads took: 0.0000140 seconds
15.917: Application time: 0.0000280 seconds
15.917: Total time for which application threads were stopped: 0.0000210 seconds, Stopping threads took: 0.0000160 seconds
15.917: Application time: 0.0000280 seconds
15.917: Total time for which application threads were stopped: 0.0000140 seconds, Stopping threads took: 0.0000090 seconds
15.917: Application time: 0.0000270 seconds
15.917: Total time for which application threads were stopped: 0.0000210 seconds, Stopping threads took: 0.0000160 seconds
15.917: Application time: 0.0000100 seconds
15.917: Total time for which application threads were stopped: 0.0000200 seconds, Stopping threads took: 0.0000150 seconds
15.917: Application time: 0.0000100 seconds
15.917: Total time for which application threads were stopped: 0.0000180 seconds, Stopping threads took: 0.0000130 seconds
15.917: Application time: 0.0000100 seconds
15.917: Total time for which application threads were stopped: 0.0000180 seconds, Stopping threads took: 0.0000130 seconds
15.917: Application time: 0.0000110 seconds
15.917: Total time for which application threads were stopped: 0.0000160 seconds, Stopping threads took: 0.0000110 seconds
15.917: Application time: 0.0000110 seconds
15.917: Total time for which application threads were stopped: 0.0000160 seconds, Stopping threads took: 0.0000110 seconds
15.917: Application time: 0.0000100 seconds
15.917: Total time for which application threads were stopped: 0.0000180 seconds, Stopping threads took: 0.0000130 seconds
15.917: Application time: 0.0000110 seconds
15.917: Total time for which application threads were stopped: 0.0000150 seconds, Stopping threads took: 0.0000100 seconds
15.917: Application time: 0.0000120 seconds
15.918: Total time for which application threads were stopped: 0.0000170 seconds, Stopping threads took: 0.0000120 seconds
15.918: Application time: 0.0000150 seconds
15.918: Total time for which application threads were stopped: 0.0000160 seconds, Stopping threads took: 0.0000110 seconds
15.918: Application time: 0.0000100 seconds
15.918: Total time for which application threads were stopped: 0.0000140 seconds, Stopping threads took: 0.0000090 seconds
15.918: Application time: 0.0000110 seconds
15.918: Total time for which application threads were stopped: 0.0000170 seconds, Stopping threads took: 0.0000120 seconds
15.918: Application time: 0.0000110 seconds
15.918: Total time for which application threads were stopped: 0.0000200 seconds, Stopping threads took: 0.0000160 seconds
15.918: Application time: 0.0000110 seconds
15.918: Total time for which application threads were stopped: 0.0000170 seconds, Stopping threads took: 0.0000130 seconds
15.918: Application time: 0.0000130 seconds
15.918: Total time for which application threads were stopped: 0.0000420 seconds, Stopping threads took: 0.0000150 seconds
15.918: Application time: 0.0005310 seconds
15.918: Total time for which application threads were stopped: 0.0000720 seconds, Stopping threads took: 0.0000590 seconds
15.919: Application time: 0.0009510 seconds
15.919: Total time for which application threads were stopped: 0.0000190 seconds, Stopping threads took: 0.0000100 seconds
16.005: Application time: 0.0856100 seconds
16.005: Total time for which application threads were stopped: 0.0000550 seconds, Stopping threads took: 0.0000190 seconds
16.176: Application time: 0.1714210 seconds
16.176: Total time for which application threads were stopped: 0.0000810 seconds, Stopping threads took: 0.0000090 seconds
16.177: Application time: 0.0000930 seconds
16.177: Total time for which application threads were stopped: 0.0000400 seconds, Stopping threads took: 0.0000220 seconds
16.177: Application time: 0.0000710 seconds
16.177: Total time for which application threads were stopped: 0.0000330 seconds, Stopping threads took: 0.0000180 seconds
16.178: Application time: 0.0009910 seconds
16.178: Total time for which application threads were stopped: 0.0000320 seconds, Stopping threads took: 0.0000180 seconds
16.178: Application time: 0.0000770 seconds
16.178: Total time for which application threads were stopped: 0.0000310 seconds, Stopping threads took: 0.0000170 seconds
16.178: Application time: 0.0000720 seconds
16.178: Total time for which application threads were stopped: 0.0000180 seconds, Stopping threads took: 0.0000040 seconds
16.178: Application time: 0.0000090 seconds
16.178: Total time for which application threads were stopped: 0.0000130 seconds, Stopping threads took: 0.0000020 seconds
16.178: Application time: 0.0000600 seconds
16.178: Total time for which application threads were stopped: 0.0000180 seconds, Stopping threads took: 0.0000040 seconds
16.178: Application time: 0.0000190 seconds
16.178: Total time for which application threads were stopped: 0.0000150 seconds, Stopping threads took: 0.0000040 seconds
16.178: Application time: 0.0000590 seconds
16.178: Total time for which application threads were stopped: 0.0000140 seconds, Stopping threads took: 0.0000030 seconds
16.178: Application time: 0.0000110 seconds
16.178: Total time for which application threads were stopped: 0.0000130 seconds, Stopping threads took: 0.0000030 seconds
16.178: Application time: 0.0000510 seconds
16.178: Total time for which application threads were stopped: 0.0000130 seconds, Stopping threads took: 0.0000030 seconds
16.178: Application time: 0.0000460 seconds
16.178: Total time for which application threads were stopped: 0.0000120 seconds, Stopping threads took: 0.0000020 seconds
16.178: Application time: 0.0000670 seconds
16.178: Total time for which application threads were stopped: 0.0000130 seconds, Stopping threads took: 0.0000030 seconds
16.178: Application time: 0.0000520 seconds
16.178: Total time for which application threads were stopped: 0.0000130 seconds, Stopping threads took: 0.0000030 seconds
16.179: Application time: 0.0000980 seconds
16.179: Total time for which application threads were stopped: 0.0000120 seconds, Stopping threads took: 0.0000020 seconds
16.179: Application time: 0.0000590 seconds
16.179: Total time for which application threads were stopped: 0.0000120 seconds, Stopping threads took: 0.0000020 seconds
16.179: Application time: 0.0004320 seconds
16.179: Total time for which application threads were stopped: 0.0000120 seconds, Stopping threads took: 0.0000020 seconds
16.179: Application time: 0.0000500 seconds
16.179: Total time for which application threads were stopped: 0.0000120 seconds, Stopping threads took: 0.0000030 seconds
16.179: Application time: 0.0001860 seconds
16.179: Total time for which application threads were stopped: 0.0000120 seconds, Stopping threads took: 0.0000030 seconds
16.179: Application time: 0.0000220 seconds
16.179: Total time for which application threads were stopped: 0.0000120 seconds, Stopping threads took: 0.0000030 seconds
16.179: Application time: 0.0000140 seconds
16.179: Total time for which application threads were stopped: 0.0000130 seconds, Stopping threads took: 0.0000030 seconds
16.179: Application time: 0.0000320 seconds
16.179: Total time for which application threads were stopped: 0.0000170 seconds, Stopping threads took: 0.0000040 seconds
16.181: Application time: 0.0011250 seconds
16.181: Total time for which application threads were stopped: 0.0000170 seconds, Stopping threads took: 0.0000050 seconds
16.181: Application time: 0.0000680 seconds
16.181: Total time for which application threads were stopped: 0.0000160 seconds, Stopping threads took: 0.0000040 seconds
16.181: Application time: 0.0000910 seconds
16.181: Total time for which application threads were stopped: 0.0000160 seconds, Stopping threads took: 0.0000040 seconds
16.181: Application time: 0.0000500 seconds
16.181: Total time for which application threads were stopped: 0.0000140 seconds, Stopping threads took: 0.0000040 seconds
16.181: Application time: 0.0001400 seconds
16.181: Total time for which application threads were stopped: 0.0000120 seconds, Stopping threads took: 0.0000030 seconds
16.181: Application time: 0.0003570 seconds
16.181: Total time for which application threads were stopped: 0.0000140 seconds, Stopping threads took: 0.0000030 seconds
16.182: Application time: 0.0007920 seconds
16.182: Total time for which application threads were stopped: 0.0000190 seconds, Stopping threads took: 0.0000050 seconds
16.182: Application time: 0.0000950 seconds
16.182: Total time for which application threads were stopped: 0.0000180 seconds, Stopping threads took: 0.0000050 seconds
16.183: Application time: 0.0002260 seconds
16.183: Total time for which application threads were stopped: 0.0000180 seconds, Stopping threads took: 0.0000050 seconds
16.183: Application time: 0.0000370 seconds
16.183: Total time for which application threads were stopped: 0.0000160 seconds, Stopping threads took: 0.0000040 seconds
16.183: Application time: 0.0000550 seconds
16.183: Total time for which application threads were stopped: 0.0000160 seconds, Stopping threads took: 0.0000040 seconds
16.183: Application time: 0.0001080 seconds
16.183: Total time for which application threads were stopped: 0.0000160 seconds, Stopping threads took: 0.0000040 seconds
16.183: Application time: 0.0000390 seconds
16.183: Total time for which application threads were stopped: 0.0000170 seconds, Stopping threads took: 0.0000040 seconds
16.188: Application time: 0.0046520 seconds
16.188: Total time for which application threads were stopped: 0.0000340 seconds, Stopping threads took: 0.0000110 seconds
16.188: Application time: 0.0000710 seconds
16.188: Total time for which application threads were stopped: 0.0000280 seconds, Stopping threads took: 0.0000070 seconds
16.188: Application time: 0.0000220 seconds
16.188: Total time for which application threads were stopped: 0.0000240 seconds, Stopping threads took: 0.0000070 seconds
16.188: Application time: 0.0000240 seconds
16.188: Total time for which application threads were stopped: 0.0000230 seconds, Stopping threads took: 0.0000070 seconds
16.188: Application time: 0.0000240 seconds
16.188: Total time for which application threads were stopped: 0.0000260 seconds, Stopping threads took: 0.0000070 seconds
16.188: Application time: 0.0000730 seconds
16.188: Total time for which application threads were stopped: 0.0000220 seconds, Stopping threads took: 0.0000070 seconds
16.188: Application time: 0.0000200 seconds
16.188: Total time for which application threads were stopped: 0.0000210 seconds, Stopping threads took: 0.0000060 seconds
16.188: Application time: 0.0000270 seconds
16.188: Total time for which application threads were stopped: 0.0000210 seconds, Stopping threads took: 0.0000060 seconds
16.188: Application time: 0.0001140 seconds
16.188: Total time for which application threads were stopped: 0.0000260 seconds, Stopping threads took: 0.0000060 seconds
16.188: Application time: 0.0000250 seconds
16.188: Total time for which application threads were stopped: 0.0000220 seconds, Stopping threads took: 0.0000070 seconds
16.188: Application time: 0.0000570 seconds
16.188: Total time for which application threads were stopped: 0.0000210 seconds, Stopping threads took: 0.0000060 seconds
16.188: Application time: 0.0000210 seconds
16.188: Total time for which application threads were stopped: 0.0000240 seconds, Stopping threads took: 0.0000060 seconds
16.189: Application time: 0.0006680 seconds
16.189: Total time for which application threads were stopped: 0.0000250 seconds, Stopping threads took: 0.0000080 seconds
16.189: Application time: 0.0000140 seconds
16.189: Total time for which application threads were stopped: 0.0000280 seconds, Stopping threads took: 0.0000120 seconds
16.189: Application time: 0.0000190 seconds
16.189: Total time for which application threads were stopped: 0.0000330 seconds, Stopping threads took: 0.0000170 seconds
16.209: Application time: 0.0201720 seconds
16.209: Total time for which application threads were stopped: 0.0000390 seconds, Stopping threads took: 0.0000100 seconds
16.223: Application time: 0.0134660 seconds
16.223: Total time for which application threads were stopped: 0.0000310 seconds, Stopping threads took: 0.0000040 seconds
16.361: Application time: 0.1379820 seconds
16.361: Total time for which application threads were stopped: 0.0000980 seconds, Stopping threads took: 0.0000170 seconds
16.431: Application time: 0.0699260 seconds
16.431: Total time for which application threads were stopped: 0.0000980 seconds, Stopping threads took: 0.0000150 seconds
16.445: Application time: 0.0135220 seconds
16.445: Total time for which application threads were stopped: 0.0000530 seconds, Stopping threads took: 0.0000100 seconds
16.801: Application time: 0.3565700 seconds
16.801: [GC [PSYoungGen: 80366K->11263K(80384K)] 90207K->25089K(263168K), 0.0068420 secs] [Times: user=0.04 sys=0.01, real=0.00 secs] 
16.808: Total time for which application threads were stopped: 0.0071490 seconds, Stopping threads took: 0.0000090 seconds
16.857: Application time: 0.0482940 seconds
16.857: Total time for which application threads were stopped: 0.0001600 seconds, Stopping threads took: 0.0000160 seconds
17.101: Application time: 0.2442480 seconds
17.101: Total time for which application threads were stopped: 0.0002580 seconds, Stopping threads took: 0.0000150 seconds
17.213: Application time: 0.1117380 seconds
17.213: [GC [PSYoungGen: 80383K->11247K(80384K)] 94209K->29949K(263168K), 0.0078460 secs] [Times: user=0.04 sys=0.01, real=0.01 secs] 
17.221: Total time for which application threads were stopped: 0.0081340 seconds, Stopping threads took: 0.0000120 seconds
17.308: Application time: 0.0864190 seconds
17.308: Total time for which application threads were stopped: 0.0002020 seconds, Stopping threads took: 0.0000120 seconds
17.531: Application time: 0.2232290 seconds
17.531: [GC [PSYoungGen: 80367K->11263K(80384K)] 99069K->34939K(263168K), 0.0080710 secs] [Times: user=0.05 sys=0.01, real=0.01 secs] 
17.539: Total time for which application threads were stopped: 0.0084440 seconds, Stopping threads took: 0.0000110 seconds
17.630: Application time: 0.0908620 seconds
17.631: Total time for which application threads were stopped: 0.0002400 seconds, Stopping threads took: 0.0000130 seconds
17.631: Application time: 0.0001210 seconds
17.631: Total time for which application threads were stopped: 0.0000920 seconds, Stopping threads took: 0.0000090 seconds
17.631: Application time: 0.0000470 seconds
17.631: Total time for which application threads were stopped: 0.0000620 seconds, Stopping threads took: 0.0000090 seconds
17.631: Application time: 0.0000480 seconds
17.631: Total time for which application threads were stopped: 0.0000540 seconds, Stopping threads took: 0.0000050 seconds
17.631: Application time: 0.0000470 seconds
17.631: Total time for which application threads were stopped: 0.0000520 seconds, Stopping threads took: 0.0000060 seconds
17.631: Application time: 0.0000780 seconds
17.631: Total time for which application threads were stopped: 0.0000540 seconds, Stopping threads took: 0.0000080 seconds
17.631: Application time: 0.0002310 seconds
17.631: Total time for which application threads were stopped: 0.0000570 seconds, Stopping threads took: 0.0000050 seconds
17.679: Application time: 0.0471710 seconds
17.679: Total time for which application threads were stopped: 0.0002050 seconds, Stopping threads took: 0.0000130 seconds
17.679: Application time: 0.0000870 seconds
17.679: Total time for which application threads were stopped: 0.0000360 seconds, Stopping threads took: 0.0000050 seconds
17.679: Application time: 0.0000540 seconds
17.679: Total time for which application threads were stopped: 0.0000350 seconds, Stopping threads took: 0.0000050 seconds
17.679: Application time: 0.0001670 seconds
17.679: Total time for which application threads were stopped: 0.0000310 seconds, Stopping threads took: 0.0000030 seconds
17.679: Application time: 0.0001640 seconds
17.679: Total time for which application threads were stopped: 0.0000350 seconds, Stopping threads took: 0.0000040 seconds
17.680: Application time: 0.0001050 seconds
17.680: Total time for which application threads were stopped: 0.0000380 seconds, Stopping threads took: 0.0000080 seconds
17.680: Application time: 0.0000570 seconds
17.680: Total time for which application threads were stopped: 0.0000360 seconds, Stopping threads took: 0.0000060 seconds
17.680: Application time: 0.0000970 seconds
17.680: Total time for which application threads were stopped: 0.0000360 seconds, Stopping threads took: 0.0000050 seconds
17.680: Application time: 0.0001050 seconds
17.680: Total time for which application threads were stopped: 0.0000320 seconds, Stopping threads took: 0.0000040 seconds
17.680: Application time: 0.0001060 seconds
17.680: Total time for which application threads were stopped: 0.0000360 seconds, Stopping threads took: 0.0000060 seconds
17.680: Application time: 0.0001150 seconds
17.680: Total time for which application threads were stopped: 0.0000350 seconds, Stopping threads took: 0.0000050 seconds
17.680: Application time: 0.0000400 seconds
17.680: Total time for which application threads were stopped: 0.0000390 seconds, Stopping threads took: 0.0000100 seconds
17.681: Application time: 0.0001820 seconds
17.681: Total time for which application threads were stopped: 0.0000420 seconds, Stopping threads took: 0.0000090 seconds
17.681: Application time: 0.0000540 seconds
17.681: Total time for which application threads were stopped: 0.0000420 seconds, Stopping threads took: 0.0000120 seconds
17.681: Application time: 0.0000380 seconds
17.681: Total time for which application threads were stopped: 0.0000380 seconds, Stopping threads took: 0.0000090 seconds
17.681: Application time: 0.0000360 seconds
17.681: Total time for which application threads were stopped: 0.0000310 seconds, Stopping threads took: 0.0000040 seconds
17.681: Application time: 0.0000370 seconds
17.681: Total time for which application threads were stopped: 0.0000320 seconds, Stopping threads took: 0.0000050 seconds
17.681: Application time: 0.0000360 seconds
17.681: Total time for which application threads were stopped: 0.0000320 seconds, Stopping threads took: 0.0000050 seconds
17.681: Application time: 0.0000380 seconds
17.681: Total time for which application threads were stopped: 0.0000360 seconds, Stopping threads took: 0.0000090 seconds
17.681: Application time: 0.0000540 seconds
17.681: Total time for which application threads were stopped: 0.0000310 seconds, Stopping threads took: 0.0000040 seconds
17.681: Application time: 0.0000530 seconds
17.681: Total time for which application threads were stopped: 0.0000320 seconds, Stopping threads took: 0.0000050 seconds
17.681: Application time: 0.0000370 seconds
17.681: Total time for which application threads were stopped: 0.0000370 seconds, Stopping threads took: 0.0000100 seconds
17.681: Application time: 0.0000370 seconds
17.681: Total time for which application threads were stopped: 0.0000690 seconds, Stopping threads took: 0.0000090 seconds
17.682: Application time: 0.0001070 seconds
17.682: Total time for which application threads were stopped: 0.0000400 seconds, Stopping threads took: 0.0000090 seconds
17.682: Application time: 0.0000630 seconds
17.682: Total time for which application threads were stopped: 0.0000390 seconds, Stopping threads took: 0.0000120 seconds
17.688: Application time: 0.0064750 seconds
17.688: Total time for which application threads were stopped: 0.0000540 seconds, Stopping threads took: 0.0000210 seconds
17.697: Application time: 0.0085430 seconds
17.697: Total time for which application threads were stopped: 0.0000440 seconds, Stopping threads took: 0.0000060 seconds
17.705: Application time: 0.0081510 seconds
17.705: Total time for which application threads were stopped: 0.0000420 seconds, Stopping threads took: 0.0000060 seconds
17.723: Application time: 0.0177690 seconds
17.723: Total time for which application threads were stopped: 0.0000420 seconds, Stopping threads took: 0.0000100 seconds
17.724: Application time: 0.0009580 seconds
17.724: Total time for which application threads were stopped: 0.0000390 seconds, Stopping threads took: 0.0000080 seconds
17.731: Application time: 0.0067690 seconds
17.731: Total time for which application threads were stopped: 0.0000380 seconds, Stopping threads took: 0.0000060 seconds
17.731: Application time: 0.0007860 seconds
17.731: Total time for which application threads were stopped: 0.0000460 seconds, Stopping threads took: 0.0000110 seconds
17.732: Application time: 0.0007610 seconds
17.732: Total time for which application threads were stopped: 0.0000420 seconds, Stopping threads took: 0.0000100 seconds
17.733: Application time: 0.0007990 seconds
17.733: Total time for which application threads were stopped: 0.0000370 seconds, Stopping threads took: 0.0000060 seconds
17.734: Application time: 0.0008080 seconds
17.734: Total time for which application threads were stopped: 0.0000440 seconds, Stopping threads took: 0.0000130 seconds
17.740: Application time: 0.0057130 seconds
17.740: Total time for which application threads were stopped: 0.0000370 seconds, Stopping threads took: 0.0000060 seconds
17.740: Application time: 0.0007380 seconds
17.740: Total time for which application threads were stopped: 0.0000450 seconds, Stopping threads took: 0.0000130 seconds
17.741: Application time: 0.0008230 seconds
17.741: Total time for which application threads were stopped: 0.0000380 seconds, Stopping threads took: 0.0000070 seconds
17.743: Application time: 0.0016650 seconds
17.743: Total time for which application threads were stopped: 0.0000380 seconds, Stopping threads took: 0.0000070 seconds
17.744: Application time: 0.0006980 seconds
17.744: Total time for which application threads were stopped: 0.0000410 seconds, Stopping threads took: 0.0000100 seconds
17.749: Application time: 0.0055560 seconds
17.749: Total time for which application threads were stopped: 0.0000460 seconds, Stopping threads took: 0.0000150 seconds
17.750: Application time: 0.0008030 seconds
17.750: Total time for which application threads were stopped: 0.0000630 seconds, Stopping threads took: 0.0000050 seconds
17.919: Application time: 0.1683310 seconds
17.919: [GC [PSYoungGen: 80383K->11247K(80384K)] 104059K->39833K(263168K), 0.0083490 secs] [Times: user=0.06 sys=0.00, real=0.00 secs] 
17.927: Total time for which application threads were stopped: 0.0087170 seconds, Stopping threads took: 0.0000110 seconds
18.234: Application time: 0.3062800 seconds
18.234: [GC [PSYoungGen: 80367K->11263K(80384K)] 108953K->44071K(263168K), 0.0081310 secs] [Times: user=0.06 sys=0.00, real=0.01 secs] 
18.242: Total time for which application threads were stopped: 0.0085630 seconds, Stopping threads took: 0.0000100 seconds
18.289: Application time: 0.0464180 seconds
18.289: Total time for which application threads were stopped: 0.0002170 seconds, Stopping threads took: 0.0000130 seconds
18.289: Application time: 0.0000670 seconds
18.289: Total time for which application threads were stopped: 0.0000910 seconds, Stopping threads took: 0.0000180 seconds
18.540: Application time: 0.2511900 seconds
18.541: [GC [PSYoungGen: 80383K->11255K(80384K)] 113191K->49228K(263168K), 0.0080030 secs] [Times: user=0.05 sys=0.01, real=0.01 secs] 
18.549: Total time for which application threads were stopped: 0.0085330 seconds, Stopping threads took: 0.0000120 seconds
18.549: Application time: 0.0001150 seconds
18.549: Total time for which application threads were stopped: 0.0002380 seconds, Stopping threads took: 0.0000260 seconds
18.641: Application time: 0.0916780 seconds
18.641: Total time for which application threads were stopped: 0.0002660 seconds, Stopping threads took: 0.0000120 seconds
18.720: Application time: 0.0787340 seconds
18.720: Total time for which application threads were stopped: 0.0002170 seconds, Stopping threads took: 0.0000100 seconds
18.888: Application time: 0.1683890 seconds
18.889: [GC [PSYoungGen: 80375K->11255K(80384K)] 118348K->54177K(263168K), 0.0080090 secs] [Times: user=0.05 sys=0.01, real=0.01 secs] 
18.897: Total time for which application threads were stopped: 0.0084550 seconds, Stopping threads took: 0.0000110 seconds
19.224: Application time: 0.3272520 seconds
19.224: [GC [PSYoungGen: 80375K->11255K(80384K)] 123297K->58465K(263168K), 0.0080280 secs] [Times: user=0.06 sys=0.01, real=0.01 secs] 
19.233: Total time for which application threads were stopped: 0.0085330 seconds, Stopping threads took: 0.0000110 seconds
19.535: Application time: 0.3019540 seconds
19.535: [GC [PSYoungGen: 80375K->11239K(80384K)] 127585K->63028K(263168K), 0.0082440 secs] [Times: user=0.06 sys=0.00, real=0.01 secs] 
19.543: Total time for which application threads were stopped: 0.0087010 seconds, Stopping threads took: 0.0000130 seconds
19.657: Application time: 0.1136280 seconds
19.657: Total time for which application threads were stopped: 0.0002900 seconds, Stopping threads took: 0.0000120 seconds
19.887: Application time: 0.2297350 seconds
19.887: [GC [PSYoungGen: 80359K->11239K(80384K)] 132148K->68353K(263168K), 0.0086680 secs] [Times: user=0.07 sys=0.00, real=0.01 secs] 
19.896: Total time for which application threads were stopped: 0.0091290 seconds, Stopping threads took: 0.0000120 seconds
19.896: Application time: 0.0000710 seconds
19.896: Total time for which application threads were stopped: 0.0002280 seconds, Stopping threads took: 0.0000180 seconds
20.210: Application time: 0.3135190 seconds
20.210: [GC [PSYoungGen: 80359K->11239K(80384K)] 137473K->73703K(263168K), 0.0088900 secs] [Times: user=0.06 sys=0.01, real=0.01 secs] 
20.219: Total time for which application threads were stopped: 0.0094940 seconds, Stopping threads took: 0.0000100 seconds
20.536: Application time: 0.3164700 seconds
20.536: [GC [PSYoungGen: 80359K->11249K(80384K)] 142823K->78562K(263168K), 0.0086200 secs] [Times: user=0.07 sys=0.00, real=0.01 secs] 
20.545: Total time for which application threads were stopped: 0.0092120 seconds, Stopping threads took: 0.0000130 seconds
20.600: Application time: 0.0553550 seconds
20.601: Total time for which application threads were stopped: 0.0003150 seconds, Stopping threads took: 0.0000130 seconds
20.802: Application time: 0.2013930 seconds
20.802: Total time for which application threads were stopped: 0.0004080 seconds, Stopping threads took: 0.0000120 seconds
20.892: Application time: 0.0899390 seconds
20.893: [GC [PSYoungGen: 80369K->11249K(80384K)] 147682K->83921K(263168K), 0.0089500 secs] [Times: user=0.06 sys=0.01, real=0.01 secs] 
20.902: Total time for which application threads were stopped: 0.0093780 seconds, Stopping threads took: 0.0000110 seconds
21.217: Application time: 0.3149080 seconds
21.217: [GC [PSYoungGen: 80369K->11249K(80384K)] 153041K->89738K(263168K), 0.0091360 secs] [Times: user=0.07 sys=0.00, real=0.00 secs] 
21.227: Total time for which application threads were stopped: 0.0097940 seconds, Stopping threads took: 0.0000120 seconds
21.517: Application time: 0.2905490 seconds
21.518: [GC [PSYoungGen: 80369K->11250K(80384K)] 158858K->94624K(263168K), 0.0091230 secs] [Times: user=0.07 sys=0.01, real=0.00 secs] 
21.527: Total time for which application threads were stopped: 0.0097490 seconds, Stopping threads took: 0.0000140 seconds
21.527: Application time: 0.0000930 seconds
21.527: Total time for which application threads were stopped: 0.0003230 seconds, Stopping threads took: 0.0000320 seconds
21.548: Application time: 0.0204460 seconds
21.548: Total time for which application threads were stopped: 0.0002030 seconds, Stopping threads took: 0.0000180 seconds
21.567: Application time: 0.0194670 seconds
21.568: Total time for which application threads were stopped: 0.0002780 seconds, Stopping threads took: 0.0000120 seconds
21.906: Application time: 0.3382720 seconds
21.906: [GC [PSYoungGen: 80370K->11234K(80384K)] 163744K->99286K(263168K), 0.0069950 secs] [Times: user=0.05 sys=0.00, real=0.01 secs] 
21.913: Total time for which application threads were stopped: 0.0074010 seconds, Stopping threads took: 0.0000100 seconds
22.246: Application time: 0.3330670 seconds
22.247: [GC [PSYoungGen: 80354K->11234K(80384K)] 168406K->105066K(263168K), 0.0075010 secs] [Times: user=0.06 sys=0.00, real=0.01 secs] 
22.254: Total time for which application threads were stopped: 0.0080080 seconds, Stopping threads took: 0.0000120 seconds
22.555: Application time: 0.3006560 seconds
22.556: [GC [PSYoungGen: 80354K->11234K(80384K)] 174186K->110323K(263168K), 0.0077540 secs] [Times: user=0.06 sys=0.00, real=0.01 secs] 
22.563: Total time for which application threads were stopped: 0.0083360 seconds, Stopping threads took: 0.0000120 seconds
22.678: Application time: 0.1142120 seconds
22.678: Total time for which application threads were stopped: 0.0003780 seconds, Stopping threads took: 0.0000120 seconds
22.908: Application time: 0.2299000 seconds
22.908: [GC [PSYoungGen: 80354K->11234K(80384K)] 179443K->116220K(263168K), 0.0079240 secs] [Times: user=0.06 sys=0.00, real=0.01 secs] 
22.916: Total time for which application threads were stopped: 0.0083890 seconds, Stopping threads took: 0.0000130 seconds
23.232: Application time: 0.3159930 seconds
23.233: [GC [PSYoungGen: 80354K->11234K(80384K)] 185340K->122256K(263168K), 0.0079750 secs] [Times: user=0.05 sys=0.01, real=0.01 secs] 
23.241: Total time for which application threads were stopped: 0.0086130 seconds, Stopping threads took: 0.0000120 seconds
23.241: Application time: 0.0000900 seconds
23.241: Total time for which application threads were stopped: 0.0002930 seconds, Stopping threads took: 0.0000170 seconds
23.550: Application time: 0.3091910 seconds
23.551: [GC [PSYoungGen: 80354K->11234K(80384K)] 191376K->128257K(263168K), 0.0080950 secs] [Times: user=0.06 sys=0.00, real=0.01 secs] 
23.559: Total time for which application threads were stopped: 0.0087080 seconds, Stopping threads took: 0.0000130 seconds
23.606: Application time: 0.0466370 seconds
23.606: Total time for which application threads were stopped: 0.0003030 seconds, Stopping threads took: 0.0000110 seconds
23.932: Application time: 0.3255860 seconds
23.932: [GC [PSYoungGen: 80354K->11234K(80384K)] 197377K->133499K(263168K), 0.0075680 secs] [Times: user=0.06 sys=0.00, real=0.01 secs] 
23.940: Total time for which application threads were stopped: 0.0081010 seconds, Stopping threads took: 0.0000100 seconds
24.236: Application time: 0.2964570 seconds
24.237: [GC [PSYoungGen: 80354K->11233K(80384K)] 202619K->139104K(263168K), 0.0079500 secs] [Times: user=0.05 sys=0.01, real=0.00 secs] 
24.245: Total time for which application threads were stopped: 0.0085060 seconds, Stopping threads took: 0.0000120 seconds
24.547: Application time: 0.3021420 seconds
24.547: [GC [PSYoungGen: 80353K->11234K(80384K)] 208224K->144291K(263168K), 0.0081490 secs] [Times: user=0.06 sys=0.00, real=0.01 secs] 
24.556: Total time for which application threads were stopped: 0.0087200 seconds, Stopping threads took: 0.0000120 seconds
24.598: Application time: 0.0424840 seconds
24.598: Total time for which application threads were stopped: 0.0003250 seconds, Stopping threads took: 0.0000120 seconds
24.598: Application time: 0.0000390 seconds
24.599: Total time for which application threads were stopped: 0.0000650 seconds, Stopping threads took: 0.0000170 seconds
24.599: Application time: 0.0001250 seconds
24.599: Total time for which application threads were stopped: 0.0000610 seconds, Stopping threads took: 0.0000080 seconds
24.599: Application time: 0.0000730 seconds
24.599: Total time for which application threads were stopped: 0.0000620 seconds, Stopping threads took: 0.0000080 seconds
24.599: Application time: 0.0000490 seconds
24.599: Total time for which application threads were stopped: 0.0000440 seconds, Stopping threads took: 0.0000030 seconds
24.599: Application time: 0.0000220 seconds
24.599: Total time for which application threads were stopped: 0.0000430 seconds, Stopping threads took: 0.0000030 seconds
24.670: Application time: 0.0704600 seconds
24.670: Total time for which application threads were stopped: 0.0003660 seconds, Stopping threads took: 0.0000440 seconds
24.677: Application time: 0.0071720 seconds
24.677: Total time for which application threads were stopped: 0.0002070 seconds, Stopping threads took: 0.0000190 seconds
24.677: Application time: 0.0000960 seconds
24.677: Total time for which application threads were stopped: 0.0000640 seconds, Stopping threads took: 0.0000150 seconds
24.678: Application time: 0.0002200 seconds
24.678: Total time for which application threads were stopped: 0.0000520 seconds, Stopping threads took: 0.0000070 seconds
24.921: Application time: 0.2429680 seconds
24.921: [GC [PSYoungGen: 80354K->11234K(80384K)] 213411K->148721K(263168K), 0.0076450 secs] [Times: user=0.05 sys=0.01, real=0.01 secs] 
24.929: Total time for which application threads were stopped: 0.0081040 seconds, Stopping threads took: 0.0000120 seconds
24.929: Application time: 0.0001190 seconds
24.929: Total time for which application threads were stopped: 0.0002540 seconds, Stopping threads took: 0.0000260 seconds
25.245: Application time: 0.3155170 seconds
25.245: [GC [PSYoungGen: 80354K->11250K(80384K)] 217841K->154477K(263168K), 0.0082760 secs] [Times: user=0.06 sys=0.00, real=0.01 secs] 
25.254: Total time for which application threads were stopped: 0.0088210 seconds, Stopping threads took: 0.0000110 seconds
25.564: Application time: 0.3109520 seconds
25.565: [GC [PSYoungGen: 80370K->11234K(80384K)] 223597K->159963K(263168K), 0.0084130 secs] [Times: user=0.07 sys=0.00, real=0.01 secs] 
25.573: Total time for which application threads were stopped: 0.0089680 seconds, Stopping threads took: 0.0000120 seconds
25.702: Application time: 0.1284770 seconds
25.702: Total time for which application threads were stopped: 0.0003250 seconds, Stopping threads took: 0.0000110 seconds
25.729: Application time: 0.0270960 seconds
25.730: Total time for which application threads were stopped: 0.0002100 seconds, Stopping threads took: 0.0000180 seconds
25.931: Application time: 0.2018500 seconds
25.932: [GC [PSYoungGen: 80354K->11234K(80384K)] 229083K->165534K(263168K), 0.0082520 secs] [Times: user=0.06 sys=0.00, real=0.01 secs] 
25.940: Total time for which application threads were stopped: 0.0087610 seconds, Stopping threads took: 0.0000120 seconds
26.243: Application time: 0.3030530 seconds
26.244: [GC [PSYoungGen: 80354K->11250K(80384K)] 234654K->171394K(263168K), 0.0081080 secs] [Times: user=0.06 sys=0.00, real=0.01 secs] 
26.252: Total time for which application threads were stopped: 0.0086260 seconds, Stopping threads took: 0.0000120 seconds
26.578: Application time: 0.3259880 seconds
26.578: [GC [PSYoungGen: 80370K->11250K(80384K)] 240514K->176889K(263168K), 0.0080650 secs] [Times: user=0.06 sys=0.00, real=0.00 secs] 
26.587: Total time for which application threads were stopped: 0.0086680 seconds, Stopping threads took: 0.0000120 seconds
26.587: Application time: 0.0000910 seconds
26.587: Total time for which application threads were stopped: 0.0002860 seconds, Stopping threads took: 0.0000160 seconds
26.687: Application time: 0.1002880 seconds
26.688: Total time for which application threads were stopped: 0.0003320 seconds, Stopping threads took: 0.0000120 seconds
26.933: Application time: 0.2456260 seconds
26.934: [GC [PSYoungGen: 80370K->11250K(80384K)] 246009K->182928K(263168K), 0.0082730 secs] [Times: user=0.04 sys=0.01, real=0.01 secs] 
26.942: Total time for which application threads were stopped: 0.0087910 seconds, Stopping threads took: 0.0000130 seconds
27.267: Application time: 0.3247940 seconds
27.267: [GC [PSYoungGen: 80370K->11250K(80384K)] 252048K->188262K(263168K), 0.0081840 secs] [Times: user=0.06 sys=0.00, real=0.01 secs] 
27.275: [Full GC [PSYoungGen: 11250K->0K(80384K)] [ParOldGen: 177012K->154720K(182784K)] 188262K->154720K(263168K) [PSPermGen: 12748K->12744K(23040K)], 0.1012510 secs] [Times: user=0.68 sys=0.00, real=0.11 secs] 
27.377: Total time for which application threads were stopped: 0.1100390 seconds, Stopping threads took: 0.0000120 seconds
27.377: Application time: 0.0000860 seconds
27.377: Total time for which application threads were stopped: 0.0003260 seconds, Stopping threads took: 0.0000180 seconds
27.676: Application time: 0.2989550 seconds
27.677: [GC [PSYoungGen: 69120K->5441K(80384K)] 223840K->160161K(263168K), 0.0032660 secs] [Times: user=0.02 sys=0.00, real=0.00 secs] 
27.680: Total time for which application threads were stopped: 0.0037840 seconds, Stopping threads took: 0.0000130 seconds
27.805: Application time: 0.1246240 seconds
27.805: Total time for which application threads were stopped: 0.0004090 seconds, Stopping threads took: 0.0000120 seconds
28.049: Application time: 0.2444960 seconds
28.050: [GC [PSYoungGen: 74561K->11235K(80384K)] 229281K->165955K(263168K), 0.0052340 secs] [Times: user=0.03 sys=0.01, real=0.00 secs] 
28.055: Total time for which application threads were stopped: 0.0057310 seconds, Stopping threads took: 0.0000130 seconds
28.378: Application time: 0.3223710 seconds
28.378: [GC [PSYoungGen: 80355K->11234K(80384K)] 235075K->170993K(263168K), 0.0067160 secs] [Times: user=0.05 sys=0.01, real=0.00 secs] 
28.385: Total time for which application threads were stopped: 0.0073350 seconds, Stopping threads took: 0.0000120 seconds
28.723: Application time: 0.3385710 seconds
28.724: [GC [PSYoungGen: 80354K->11234K(80384K)] 240113K->177765K(263168K), 0.0070290 secs] [Times: user=0.05 sys=0.00, real=0.01 secs] 
28.731: Total time for which application threads were stopped: 0.0075510 seconds, Stopping threads took: 0.0000110 seconds
28.813: Application time: 0.0822420 seconds
28.814: Total time for which application threads were stopped: 0.0003460 seconds, Stopping threads took: 0.0000130 seconds
28.825: Application time: 0.0117940 seconds
28.826: Total time for which application threads were stopped: 0.0002430 seconds, Stopping threads took: 0.0000090 seconds
29.081: Application time: 0.2555220 seconds
29.082: [GC [PSYoungGen: 80354K->11234K(80384K)] 246885K->183193K(263168K), 0.0069220 secs] [Times: user=0.05 sys=0.00, real=0.01 secs] 
29.089: Total time for which application threads were stopped: 0.0074660 seconds, Stopping threads took: 0.0000130 seconds
29.419: Application time: 0.3304590 seconds
29.420: [GC [PSYoungGen: 80354K->11234K(80384K)] 252313K->189587K(263168K), 0.0076400 secs] [Times: user=0.05 sys=0.00, real=0.00 secs] 
29.427: [Full GC [PSYoungGen: 11234K->0K(80384K)] [ParOldGen: 178352K->182114K(182784K)] 189587K->182114K(263168K) [PSPermGen: 12754K->12754K(23040K)], 0.0873480 secs] [Times: user=0.64 sys=0.00, real=0.09 secs] 
29.515: Total time for which application threads were stopped: 0.0956610 seconds, Stopping threads took: 0.0000120 seconds
29.515: Application time: 0.0000690 seconds
29.515: Total time for which application threads were stopped: 0.0003490 seconds, Stopping threads took: 0.0000360 seconds
29.840: Application time: 0.3251800 seconds
29.841: [Full GC [PSYoungGen: 69120K->3655K(80384K)] [ParOldGen: 182114K->182776K(182784K)] 251234K->186431K(263168K) [PSPermGen: 12765K->12765K(22528K)], 0.1266940 secs] [Times: user=0.93 sys=0.01, real=0.12 secs] 
29.968: Total time for which application threads were stopped: 0.1273360 seconds, Stopping threads took: 0.0000130 seconds
29.968: Application time: 0.0001510 seconds
29.968: Total time for which application threads were stopped: 0.0003560 seconds, Stopping threads took: 0.0000310 seconds
30.020: Application time: 0.0513740 seconds
30.020: Total time for which application threads were stopped: 0.0003070 seconds, Stopping threads took: 0.0000120 seconds
30.278: Application time: 0.2581430 seconds
30.278: [Full GC [PSYoungGen: 69120K->6514K(80384K)] [ParOldGen: 182776K->182323K(182784K)] 251896K->188837K(263168K) [PSPermGen: 12768K->12768K(22016K)], 0.1129640 secs] [Times: user=0.85 sys=0.00, real=0.11 secs] 
30.391: Total time for which application threads were stopped: 0.1133730 seconds, Stopping threads took: 0.0000120 seconds
30.679: Application time: 0.2880190 seconds
30.680: [Full GC [PSYoungGen: 69120K->9637K(80384K)] [ParOldGen: 182323K->182633K(182784K)] 251443K->192271K(263168K) [PSPermGen: 12770K->12770K(21504K)], 0.1255370 secs] [Times: user=0.91 sys=0.01, real=0.12 secs] 
30.806: Total time for which application threads were stopped: 0.1261110 seconds, Stopping threads took: 0.0000140 seconds
31.071: Application time: 0.2653490 seconds
31.071: [Full GC [PSYoungGen: 69120K->13757K(80384K)] [ParOldGen: 182633K->182367K(182784K)] 251753K->196125K(263168K) [PSPermGen: 12772K->12772K(21504K)], 0.1009360 secs] [Times: user=0.74 sys=0.00, real=0.10 secs] 
31.172: Total time for which application threads were stopped: 0.1014860 seconds, Stopping threads took: 0.0000130 seconds
31.413: Application time: 0.2405300 seconds
31.413: Total time for which application threads were stopped: 0.0004980 seconds, Stopping threads took: 0.0000130 seconds
31.426: Application time: 0.0125190 seconds
31.426: [Full GC [PSYoungGen: 69120K->17599K(80384K)] [ParOldGen: 182367K->182278K(182784K)] 251487K->199878K(263168K) [PSPermGen: 12772K->12772K(21504K)], 0.0873560 secs] [Times: user=0.63 sys=0.00, real=0.09 secs] 
31.514: Total time for which application threads were stopped: 0.0877180 seconds, Stopping threads took: 0.0000370 seconds
31.791: Application time: 0.2777580 seconds
31.792: [Full GC [PSYoungGen: 69120K->20588K(80384K)] [ParOldGen: 182278K->182713K(182784K)] 251398K->203302K(263168K) [PSPermGen: 12773K->12773K(21504K)], 0.1154670 secs] [Times: user=0.86 sys=0.00, real=0.11 secs] 
31.907: Total time for which application threads were stopped: 0.1160170 seconds, Stopping threads took: 0.0000140 seconds
32.132: Application time: 0.2242570 seconds
32.132: [Full GC [PSYoungGen: 69120K->24131K(80384K)] [ParOldGen: 182713K->182705K(182784K)] 251833K->206837K(263168K) [PSPermGen: 12773K->12773K(21504K)], 0.0648670 secs] [Times: user=0.46 sys=0.00, real=0.07 secs] 
32.197: Total time for which application threads were stopped: 0.0654000 seconds, Stopping threads took: 0.0000130 seconds
32.197: Application time: 0.0001310 seconds
32.198: Total time for which application threads were stopped: 0.0003320 seconds, Stopping threads took: 0.0000110 seconds
32.397: Application time: 0.1998910 seconds
32.398: [Full GC [PSYoungGen: 69120K->27279K(80384K)] [ParOldGen: 182705K->182705K(182784K)] 251825K->209984K(263168K) [PSPermGen: 12774K->12774K(21504K)], 0.0669960 secs] [Times: user=0.48 sys=0.01, real=0.06 secs] 
32.465: Total time for which application threads were stopped: 0.0674960 seconds, Stopping threads took: 0.0000130 seconds
32.648: Application time: 0.1827350 seconds
32.648: [Full GC [PSYoungGen: 69120K->30135K(80384K)] [ParOldGen: 182705K->182630K(182784K)] 251825K->212765K(263168K) [PSPermGen: 12775K->12775K(21504K)], 0.0993190 secs] [Times: user=0.73 sys=0.01, real=0.10 secs] 
32.748: Total time for which application threads were stopped: 0.0998320 seconds, Stopping threads took: 0.0000130 seconds
32.761: Application time: 0.0134800 seconds
32.761: Total time for which application threads were stopped: 0.0003070 seconds, Stopping threads took: 0.0000200 seconds
32.968: Application time: 0.2064550 seconds
32.968: [Full GC [PSYoungGen: 69120K->32808K(80384K)] [ParOldGen: 182630K->182630K(182784K)] 251750K->215439K(263168K) [PSPermGen: 12775K->12775K(21504K)], 0.0755150 secs] [Times: user=0.55 sys=0.00, real=0.08 secs] 
33.044: Total time for which application threads were stopped: 0.0760100 seconds, Stopping threads took: 0.0000120 seconds
33.204: Application time: 0.1606270 seconds
33.205: [Full GC [PSYoungGen: 69120K->35333K(80384K)] [ParOldGen: 182630K->182580K(182784K)] 251750K->217914K(263168K) [PSPermGen: 12775K->12775K(21504K)], 0.1147000 secs] [Times: user=0.85 sys=0.00, real=0.12 secs] 
33.320: Total time for which application threads were stopped: 0.1152260 seconds, Stopping threads took: 0.0000100 seconds
33.517: Application time: 0.1973540 seconds
33.517: [Full GC [PSYoungGen: 69120K->37485K(80384K)] [ParOldGen: 182580K->182394K(182784K)] 251700K->219879K(263168K) [PSPermGen: 12775K->12775K(21504K)], 0.1019540 secs] [Times: user=0.75 sys=0.00, real=0.10 secs] 
33.619: Total time for which application threads were stopped: 0.1023890 seconds, Stopping threads took: 0.0000130 seconds
33.758: Application time: 0.1386600 seconds
33.758: [Full GC [PSYoungGen: 69120K->38640K(80384K)] [ParOldGen: 182394K->182489K(182784K)] 251514K->221129K(263168K) [PSPermGen: 12777K->12777K(21504K)], 0.1503420 secs] [Times: user=1.13 sys=0.01, real=0.15 secs] 
33.909: Total time for which application threads were stopped: 0.1507570 seconds, Stopping threads took: 0.0000130 seconds
34.037: Application time: 0.1284120 seconds
34.038: [Full GC [PSYoungGen: 69120K->40556K(80384K)] [ParOldGen: 182489K->182359K(182784K)] 251609K->222915K(263168K) [PSPermGen: 12777K->12777K(21504K)], 0.1003900 secs] [Times: user=0.74 sys=0.01, real=0.10 secs] 
34.138: Total time for which application threads were stopped: 0.1008210 seconds, Stopping threads took: 0.0000130 seconds
34.276: Application time: 0.1380370 seconds
34.276: [Full GC [PSYoungGen: 69120K->42639K(80384K)] [ParOldGen: 182359K->182335K(182784K)] 251479K->224974K(263168K) [PSPermGen: 12777K->12777K(21504K)], 0.0717380 secs] [Times: user=0.51 sys=0.01, real=0.07 secs] 
34.348: Total time for which application threads were stopped: 0.0722070 seconds, Stopping threads took: 0.0000120 seconds
34.348: Application time: 0.0000870 seconds
34.349: Total time for which application threads were stopped: 0.0003470 seconds, Stopping threads took: 0.0000140 seconds
34.359: Application time: 0.0100070 seconds
34.359: Total time for which application threads were stopped: 0.0000990 seconds, Stopping threads took: 0.0000040 seconds
34.360: Application time: 0.0007330 seconds
34.360: Total time for which application threads were stopped: 0.0000720 seconds, Stopping threads took: 0.0000190 seconds
34.361: Application time: 0.0013080 seconds
34.361: Total time for which application threads were stopped: 0.0001220 seconds, Stopping threads took: 0.0000170 seconds
34.363: Application time: 0.0015940 seconds
34.363: Total time for which application threads were stopped: 0.0000680 seconds, Stopping threads took: 0.0000080 seconds
34.370: Application time: 0.0067930 seconds
34.370: Total time for which application threads were stopped: 0.0000950 seconds, Stopping threads took: 0.0000080 seconds
34.374: Application time: 0.0047750 seconds
34.375: Total time for which application threads were stopped: 0.0001380 seconds, Stopping threads took: 0.0000060 seconds
34.396: Application time: 0.0214170 seconds
34.396: Total time for which application threads were stopped: 0.0002570 seconds, Stopping threads took: 0.0000120 seconds
34.410: Application time: 0.0142540 seconds
34.411: Total time for which application threads were stopped: 0.0001800 seconds, Stopping threads took: 0.0000100 seconds
34.429: Application time: 0.0184390 seconds
34.429: Total time for which application threads were stopped: 0.0000560 seconds, Stopping threads took: 0.0000180 seconds
34.433: Application time: 0.0034470 seconds
34.433: Total time for which application threads were stopped: 0.0000590 seconds, Stopping threads took: 0.0000180 seconds
35.006: Application time: 0.5736260 seconds
35.007: Total time for which application threads were stopped: 0.0002140 seconds, Stopping threads took: 0.0000190 seconds
35.523: Application time: 0.5162760 seconds
35.523: Total time for which application threads were stopped: 0.0002270 seconds, Stopping threads took: 0.0000100 seconds
35.528: Application time: 0.0046420 seconds
35.528: Total time for which application threads were stopped: 0.0002170 seconds, Stopping threads took: 0.0000790 seconds
35.528: Application time: 0.0003350 seconds
35.528: Total time for which application threads were stopped: 0.0000940 seconds, Stopping threads took: 0.0000380 seconds
35.528: Application time: 0.0000150 seconds
35.528: Total time for which application threads were stopped: 0.0000450 seconds, Stopping threads took: 0.0000050 seconds
35.528: Application time: 0.0000420 seconds
35.529: Total time for which application threads were stopped: 0.0000720 seconds, Stopping threads took: 0.0000140 seconds
35.529: Application time: 0.0001400 seconds
35.529: Total time for which application threads were stopped: 0.0000600 seconds, Stopping threads took: 0.0000180 seconds
35.529: Application time: 0.0000170 seconds
35.529: Total time for which application threads were stopped: 0.0000440 seconds, Stopping threads took: 0.0000050 seconds
35.529: Application time: 0.0000100 seconds
35.529: Total time for which application threads were stopped: 0.0000520 seconds, Stopping threads took: 0.0000130 seconds
35.529: Application time: 0.0000170 seconds
35.529: Total time for which application threads were stopped: 0.0000490 seconds, Stopping threads took: 0.0000100 seconds
35.529: Application time: 0.0002210 seconds
35.529: Total time for which application threads were stopped: 0.0000670 seconds, Stopping threads took: 0.0000240 seconds
35.529: Application time: 0.0001180 seconds
35.529: Total time for which application threads were stopped: 0.0000760 seconds, Stopping threads took: 0.0000340 seconds
35.529: Application time: 0.0000580 seconds
35.530: Total time for which application threads were stopped: 0.0001180 seconds, Stopping threads took: 0.0000220 seconds
35.530: Application time: 0.0000130 seconds
35.530: Total time for which application threads were stopped: 0.0000570 seconds, Stopping threads took: 0.0000170 seconds
35.530: Application time: 0.0001280 seconds
35.530: Total time for which application threads were stopped: 0.0000860 seconds, Stopping threads took: 0.0000370 seconds
35.530: Application time: 0.0001380 seconds
35.530: Total time for which application threads were stopped: 0.0000810 seconds, Stopping threads took: 0.0000350 seconds
35.530: Application time: 0.0001080 seconds
35.530: Total time for which application threads were stopped: 0.0000880 seconds, Stopping threads took: 0.0000420 seconds
35.530: Application time: 0.0000140 seconds
35.530: Total time for which application threads were stopped: 0.0000610 seconds, Stopping threads took: 0.0000170 seconds
35.530: Application time: 0.0000350 seconds
35.530: Total time for which application threads were stopped: 0.0000650 seconds, Stopping threads took: 0.0000190 seconds
35.534: Application time: 0.0031630 seconds
35.534: Total time for which application threads were stopped: 0.0000800 seconds, Stopping threads took: 0.0000070 seconds
35.534: Application time: 0.0000420 seconds
35.534: Total time for which application threads were stopped: 0.0000580 seconds, Stopping threads took: 0.0000130 seconds
35.536: Application time: 0.0022350 seconds
35.536: Total time for which application threads were stopped: 0.0000740 seconds, Stopping threads took: 0.0000160 seconds
35.537: Application time: 0.0007180 seconds
35.537: Total time for which application threads were stopped: 0.0000970 seconds, Stopping threads took: 0.0000260 seconds
35.537: Application time: 0.0004940 seconds
35.538: Total time for which application threads were stopped: 0.0000930 seconds, Stopping threads took: 0.0000240 seconds
35.538: Application time: 0.0004270 seconds
35.538: Total time for which application threads were stopped: 0.0000770 seconds, Stopping threads took: 0.0000310 seconds
35.538: Application time: 0.0004370 seconds
35.539: Total time for which application threads were stopped: 0.0000570 seconds, Stopping threads took: 0.0000100 seconds
35.539: Application time: 0.0003720 seconds
35.539: Total time for which application threads were stopped: 0.0000620 seconds, Stopping threads took: 0.0000210 seconds
35.540: Application time: 0.0014420 seconds
35.540: Total time for which application threads were stopped: 0.0000660 seconds, Stopping threads took: 0.0000150 seconds
35.541: Application time: 0.0004340 seconds
35.541: Total time for which application threads were stopped: 0.0000610 seconds, Stopping threads took: 0.0000110 seconds
35.542: Application time: 0.0006050 seconds
35.542: Total time for which application threads were stopped: 0.0001240 seconds, Stopping threads took: 0.0000160 seconds
35.543: Application time: 0.0012760 seconds
35.543: Total time for which application threads were stopped: 0.0000590 seconds, Stopping threads took: 0.0000140 seconds
35.543: Application time: 0.0000210 seconds
35.543: Total time for which application threads were stopped: 0.0000520 seconds, Stopping threads took: 0.0000110 seconds
35.548: Application time: 0.0050240 seconds
35.548: Total time for which application threads were stopped: 0.0001440 seconds, Stopping threads took: 0.0000060 seconds
35.549: Application time: 0.0004960 seconds
35.549: Total time for which application threads were stopped: 0.0001120 seconds, Stopping threads took: 0.0000470 seconds
35.549: Application time: 0.0002700 seconds
35.549: Total time for which application threads were stopped: 0.0000740 seconds, Stopping threads took: 0.0000170 seconds
35.549: Application time: 0.0001780 seconds
35.549: Total time for which application threads were stopped: 0.0000590 seconds, Stopping threads took: 0.0000090 seconds
35.550: Application time: 0.0000600 seconds
35.550: Total time for which application threads were stopped: 0.0000590 seconds, Stopping threads took: 0.0000190 seconds
35.550: Application time: 0.0000320 seconds
35.550: Total time for which application threads were stopped: 0.0000530 seconds, Stopping threads took: 0.0000070 seconds
35.550: Application time: 0.0000670 seconds
35.550: Total time for which application threads were stopped: 0.0000700 seconds, Stopping threads took: 0.0000140 seconds
35.550: Application time: 0.0000890 seconds
35.550: Total time for which application threads were stopped: 0.0000610 seconds, Stopping threads took: 0.0000160 seconds
35.550: Application time: 0.0000450 seconds
35.550: Total time for which application threads were stopped: 0.0000580 seconds, Stopping threads took: 0.0000110 seconds
35.550: Application time: 0.0001010 seconds
35.550: Total time for which application threads were stopped: 0.0000630 seconds, Stopping threads took: 0.0000100 seconds
35.550: Application time: 0.0001120 seconds
35.550: Total time for which application threads were stopped: 0.0000450 seconds, Stopping threads took: 0.0000060 seconds
35.551: Application time: 0.0000630 seconds
35.551: Total time for which application threads were stopped: 0.0000620 seconds, Stopping threads took: 0.0000140 seconds
35.551: Application time: 0.0001690 seconds
35.551: Total time for which application threads were stopped: 0.0000580 seconds, Stopping threads took: 0.0000130 seconds
35.551: Application time: 0.0000450 seconds
35.551: Total time for which application threads were stopped: 0.0000600 seconds, Stopping threads took: 0.0000130 seconds
35.551: Application time: 0.0001520 seconds
35.551: Total time for which application threads were stopped: 0.0000680 seconds, Stopping threads took: 0.0000150 seconds
35.551: Application time: 0.0000610 seconds
35.551: Total time for which application threads were stopped: 0.0000710 seconds, Stopping threads took: 0.0000180 seconds
35.551: Application time: 0.0000110 seconds
35.551: Total time for which application threads were stopped: 0.0000600 seconds, Stopping threads took: 0.0000160 seconds
35.551: Application time: 0.0000280 seconds
35.551: Total time for which application threads were stopped: 0.0000540 seconds, Stopping threads took: 0.0000110 seconds
35.552: Application time: 0.0002440 seconds
35.552: Total time for which application threads were stopped: 0.0000490 seconds, Stopping threads took: 0.0000070 seconds
35.552: Application time: 0.0000190 seconds
35.552: Total time for which application threads were stopped: 0.0000480 seconds, Stopping threads took: 0.0000090 seconds
35.552: Application time: 0.0001830 seconds
35.552: Total time for which application threads were stopped: 0.0000590 seconds, Stopping threads took: 0.0000130 seconds
35.554: Application time: 0.0019680 seconds
35.554: Total time for which application threads were stopped: 0.0001130 seconds, Stopping threads took: 0.0000300 seconds
35.555: Application time: 0.0009530 seconds
35.555: Total time for which application threads were stopped: 0.0000690 seconds, Stopping threads took: 0.0000090 seconds
35.556: Application time: 0.0006370 seconds
35.556: Total time for which application threads were stopped: 0.0001970 seconds, Stopping threads took: 0.0000560 seconds
35.556: Application time: 0.0000880 seconds
35.556: Total time for which application threads were stopped: 0.0000700 seconds, Stopping threads took: 0.0000210 seconds
35.558: Application time: 0.0014620 seconds
35.558: Total time for which application threads were stopped: 0.0001070 seconds, Stopping threads took: 0.0000360 seconds
35.558: Application time: 0.0000190 seconds
35.558: Total time for which application threads were stopped: 0.0000620 seconds, Stopping threads took: 0.0000120 seconds
35.559: Application time: 0.0007520 seconds
35.559: Total time for which application threads were stopped: 0.0000800 seconds, Stopping threads took: 0.0000190 seconds
35.559: Application time: 0.0006420 seconds
35.559: Total time for which application threads were stopped: 0.0000750 seconds, Stopping threads took: 0.0000170 seconds
35.559: Application time: 0.0000270 seconds
35.559: Total time for which application threads were stopped: 0.0000610 seconds, Stopping threads took: 0.0000060 seconds
35.563: Application time: 0.0037480 seconds
35.563: Total time for which application threads were stopped: 0.0001680 seconds, Stopping threads took: 0.0000600 seconds
35.567: Application time: 0.0034970 seconds
35.567: Total time for which application threads were stopped: 0.0001680 seconds, Stopping threads took: 0.0000260 seconds
35.568: Application time: 0.0009170 seconds
35.568: Total time for which application threads were stopped: 0.0001470 seconds, Stopping threads took: 0.0000460 seconds
35.568: Application time: 0.0000540 seconds
35.568: Total time for which application threads were stopped: 0.0000870 seconds, Stopping threads took: 0.0000100 seconds
35.570: Application time: 0.0022400 seconds
35.571: Total time for which application threads were stopped: 0.0002230 seconds, Stopping threads took: 0.0001060 seconds
35.571: Application time: 0.0001180 seconds
35.571: Total time for which application threads were stopped: 0.0001490 seconds, Stopping threads took: 0.0000660 seconds
35.571: Application time: 0.0004030 seconds
35.572: Total time for which application threads were stopped: 0.0001480 seconds, Stopping threads took: 0.0000800 seconds
35.572: Application time: 0.0001190 seconds
35.572: Total time for which application threads were stopped: 0.0001110 seconds, Stopping threads took: 0.0000620 seconds
35.572: Application time: 0.0002010 seconds
35.572: Total time for which application threads were stopped: 0.0001290 seconds, Stopping threads took: 0.0000800 seconds
35.575: Application time: 0.0033400 seconds
35.576: Total time for which application threads were stopped: 0.0001260 seconds, Stopping threads took: 0.0000430 seconds
35.603: Application time: 0.0277140 seconds
35.604: [Full GC [PSYoungGen: 69118K->51108K(80384K)] [ParOldGen: 182335K->182273K(182784K)] 251453K->233382K(263168K) [PSPermGen: 13409K->13406K(21504K)], 0.1476840 secs] [Times: user=1.07 sys=0.00, real=0.15 secs] 
35.751: Total time for which application threads were stopped: 0.1480880 seconds, Stopping threads took: 0.0000490 seconds
35.752: Application time: 0.0005100 seconds
35.752: Total time for which application threads were stopped: 0.0004680 seconds, Stopping threads took: 0.0000790 seconds
35.777: Application time: 0.0246630 seconds
35.777: Total time for which application threads were stopped: 0.0003200 seconds, Stopping threads took: 0.0000410 seconds
35.778: Application time: 0.0011350 seconds
35.779: Total time for which application threads were stopped: 0.0001860 seconds, Stopping threads took: 0.0000420 seconds
35.779: Application time: 0.0000870 seconds
35.779: Total time for which application threads were stopped: 0.0001250 seconds, Stopping threads took: 0.0000510 seconds
35.785: Application time: 0.0057510 seconds
35.785: Total time for which application threads were stopped: 0.0002850 seconds, Stopping threads took: 0.0000710 seconds
35.786: Application time: 0.0007880 seconds
35.786: Total time for which application threads were stopped: 0.0001100 seconds, Stopping threads took: 0.0000260 seconds
35.787: Application time: 0.0015990 seconds
35.789: [Full GC [PSYoungGen: 69120K->57378K(80384K)] [ParOldGen: 182273K->182758K(182784K)] 251393K->240137K(263168K) [PSPermGen: 13443K->13443K(21504K)], 0.1515030 secs] [Times: user=1.11 sys=0.00, real=0.15 secs] 
35.940: Total time for which application threads were stopped: 0.1529410 seconds, Stopping threads took: 0.0012130 seconds
35.948: Application time: 0.0073960 seconds
35.948: Total time for which application threads were stopped: 0.0003240 seconds, Stopping threads took: 0.0000480 seconds
35.948: Application time: 0.0003290 seconds
35.949: Total time for which application threads were stopped: 0.0001970 seconds, Stopping threads took: 0.0000520 seconds
35.949: Application time: 0.0005160 seconds
35.949: Total time for which application threads were stopped: 0.0001620 seconds, Stopping threads took: 0.0000690 seconds
35.972: Application time: 0.0225440 seconds
35.972: [Full GC [PSYoungGen: 69120K->57983K(80384K)] [ParOldGen: 182758K->182348K(182784K)] 251878K->240332K(263168K) [PSPermGen: 13469K->13469K(21504K)], 0.1358050 secs] [Times: user=0.99 sys=0.00, real=0.13 secs] 
36.108: Total time for which application threads were stopped: 0.1362260 seconds, Stopping threads took: 0.0000810 seconds
36.138: Application time: 0.0303730 seconds
36.139: [Full GC [PSYoungGen: 69120K->58302K(80384K)] [ParOldGen: 182348K->182348K(182784K)] 251468K->240650K(263168K) [PSPermGen: 13470K->13470K(21504K)], 0.1145700 secs] [Times: user=0.84 sys=0.00, real=0.11 secs] 
36.253: Total time for which application threads were stopped: 0.1149960 seconds, Stopping threads took: 0.0000620 seconds
36.280: Application time: 0.0265180 seconds
36.280: [Full GC [PSYoungGen: 69120K->58638K(80384K)] [ParOldGen: 182348K->182343K(182784K)] 251468K->240981K(263168K) [PSPermGen: 13470K->13470K(21504K)], 0.1180090 secs] [Times: user=0.85 sys=0.01, real=0.12 secs] 
36.398: Total time for which application threads were stopped: 0.1184480 seconds, Stopping threads took: 0.0001080 seconds
36.424: Application time: 0.0255890 seconds
36.424: [Full GC [PSYoungGen: 69120K->59186K(80384K)] [ParOldGen: 182343K->182343K(182784K)] 251463K->241530K(263168K) [PSPermGen: 13470K->13470K(21504K)], 0.1172370 secs] [Times: user=0.86 sys=0.00, real=0.12 secs] 
36.542: Total time for which application threads were stopped: 0.1177060 seconds, Stopping threads took: 0.0001190 seconds
36.567: Application time: 0.0257200 seconds
36.568: [Full GC [PSYoungGen: 69120K->59622K(80384K)] [ParOldGen: 182343K->182343K(182784K)] 251463K->241966K(263168K) [PSPermGen: 13471K->13471K(21504K)], 0.1280760 secs] [Times: user=0.96 sys=0.01, real=0.13 secs] 
36.696: Total time for which application threads were stopped: 0.1286780 seconds, Stopping threads took: 0.0001470 seconds
36.715: Application time: 0.0191430 seconds
36.716: Total time for which application threads were stopped: 0.0004150 seconds, Stopping threads took: 0.0001230 seconds
36.720: Application time: 0.0047630 seconds
36.721: [Full GC [PSYoungGen: 69120K->59967K(80384K)] [ParOldGen: 182343K->182343K(182784K)] 251463K->242311K(263168K) [PSPermGen: 13472K->13472K(21504K)], 0.1327750 secs] [Times: user=0.94 sys=0.00, real=0.13 secs] 
36.854: Total time for which application threads were stopped: 0.1332280 seconds, Stopping threads took: 0.0001090 seconds
36.877: Application time: 0.0236910 seconds
36.878: [Full GC [PSYoungGen: 69120K->60188K(80384K)] [ParOldGen: 182343K->182343K(182784K)] 251463K->242531K(263168K) [PSPermGen: 13472K->13472K(21504K)], 0.1248970 secs] [Times: user=0.92 sys=0.01, real=0.12 secs] 
37.003: Total time for which application threads were stopped: 0.1253370 seconds, Stopping threads took: 0.0001110 seconds
37.025: Application time: 0.0227440 seconds
37.026: [Full GC [PSYoungGen: 69120K->60668K(80384K)] [ParOldGen: 182343K->182343K(182784K)] 251463K->243012K(263168K) [PSPermGen: 13472K->13472K(21504K)], 0.1157640 secs] [Times: user=0.84 sys=0.01, real=0.12 secs] 
37.142: Total time for which application threads were stopped: 0.1161750 seconds, Stopping threads took: 0.0000560 seconds
37.157: Application time: 0.0149300 seconds
37.157: [Full GC [PSYoungGen: 69120K->61010K(80384K)] [ParOldGen: 182343K->182343K(182784K)] 251463K->243353K(263168K) [PSPermGen: 13472K->13472K(21504K)], 0.1161450 secs] [Times: user=0.85 sys=0.00, real=0.11 secs] 
37.273: Total time for which application threads were stopped: 0.1165640 seconds, Stopping threads took: 0.0000790 seconds
37.280: Application time: 0.0066080 seconds
37.280: [Full GC [PSYoungGen: 69120K->61404K(80384K)] [ParOldGen: 182343K->182343K(182784K)] 251463K->243747K(263168K) [PSPermGen: 13472K->13472K(21504K)], 0.1147470 secs] [Times: user=0.84 sys=0.00, real=0.11 secs] 
37.395: Total time for which application threads were stopped: 0.1152870 seconds, Stopping threads took: 0.0001400 seconds
37.402: Application time: 0.0070550 seconds
37.403: [Full GC [PSYoungGen: 69120K->61600K(80384K)] [ParOldGen: 182343K->182343K(182784K)] 251463K->243943K(263168K) [PSPermGen: 13472K->13472K(21504K)], 0.1132080 secs] [Times: user=0.82 sys=0.00, real=0.11 secs] 
37.516: Total time for which application threads were stopped: 0.1137680 seconds, Stopping threads took: 0.0001890 seconds
37.524: Application time: 0.0085550 seconds
37.525: [Full GC [PSYoungGen: 69120K->62127K(80384K)] [ParOldGen: 182343K->182342K(182784K)] 251463K->244470K(263168K) [PSPermGen: 13472K->13472K(21504K)], 0.1165000 secs] [Times: user=0.86 sys=0.00, real=0.12 secs] 
37.641: Total time for which application threads were stopped: 0.1169850 seconds, Stopping threads took: 0.0001150 seconds
37.650: Application time: 0.0090440 seconds
37.651: [Full GC [PSYoungGen: 69120K->62317K(80384K)] [ParOldGen: 182342K->182338K(182784K)] 251462K->244655K(263168K) [PSPermGen: 13472K->13472K(21504K)], 0.1142880 secs] [Times: user=0.85 sys=0.00, real=0.11 secs] 
37.765: Total time for which application threads were stopped: 0.1147580 seconds, Stopping threads took: 0.0000970 seconds
37.773: Application time: 0.0079880 seconds
37.774: [Full GC [PSYoungGen: 69120K->62740K(80384K)] [ParOldGen: 182338K->182338K(182784K)] 251458K->245078K(263168K) [PSPermGen: 13472K->13472K(21504K)], 0.1156550 secs] [Times: user=0.85 sys=0.00, real=0.12 secs] 
37.889: Total time for which application threads were stopped: 0.1161200 seconds, Stopping threads took: 0.0000870 seconds
37.897: Application time: 0.0078310 seconds
37.898: [Full GC [PSYoungGen: 69120K->62924K(80384K)] [ParOldGen: 182338K->182338K(182784K)] 251458K->245262K(263168K) [PSPermGen: 13472K->13472K(21504K)], 0.1133140 secs] [Times: user=0.82 sys=0.01, real=0.11 secs] 
38.011: Total time for which application threads were stopped: 0.1138070 seconds, Stopping threads took: 0.0001070 seconds
38.017: Application time: 0.0061790 seconds
38.017: [Full GC [PSYoungGen: 69120K->63244K(80384K)] [ParOldGen: 182338K->182338K(182784K)] 251458K->245582K(263168K) [PSPermGen: 13473K->13473K(21504K)], 0.1124670 secs] [Times: user=0.82 sys=0.00, real=0.11 secs] 
38.130: Total time for which application threads were stopped: 0.1128930 seconds, Stopping threads took: 0.0000830 seconds
38.136: Application time: 0.0062130 seconds
38.137: [Full GC [PSYoungGen: 69120K->63417K(80384K)] [ParOldGen: 182338K->182338K(182784K)] 251458K->245756K(263168K) [PSPermGen: 13473K->13473K(21504K)], 0.1123840 secs] [Times: user=0.82 sys=0.00, real=0.11 secs] 
38.249: Total time for which application threads were stopped: 0.1128530 seconds, Stopping threads took: 0.0001110 seconds
38.254: Application time: 0.0054050 seconds
38.255: [Full GC [PSYoungGen: 69120K->63747K(80384K)] [ParOldGen: 182338K->182337K(182784K)] 251458K->246085K(263168K) [PSPermGen: 13473K->13473K(21504K)], 0.1123220 secs] [Times: user=0.82 sys=0.00, real=0.11 secs] 
38.367: Total time for which application threads were stopped: 0.1127410 seconds, Stopping threads took: 0.0000650 seconds
38.373: Application time: 0.0054340 seconds
38.373: [Full GC [PSYoungGen: 69120K->63973K(80384K)] [ParOldGen: 182337K->182337K(182784K)] 251457K->246311K(263168K) [PSPermGen: 13473K->13473K(21504K)], 0.1124630 secs] [Times: user=0.82 sys=0.00, real=0.11 secs] 
38.486: Total time for which application threads were stopped: 0.1129570 seconds, Stopping threads took: 0.0001130 seconds
38.492: Application time: 0.0059610 seconds
38.492: [Full GC [PSYoungGen: 69120K->64275K(80384K)] [ParOldGen: 182337K->182333K(182784K)] 251457K->246608K(263168K) [PSPermGen: 13473K->13473K(21504K)], 0.1145590 secs] [Times: user=0.84 sys=0.00, real=0.11 secs] 
38.607: Total time for which application threads were stopped: 0.1149940 seconds, Stopping threads took: 0.0000200 seconds
38.612: Application time: 0.0057510 seconds
38.613: [Full GC [PSYoungGen: 69120K->64501K(80384K)] [ParOldGen: 182333K->182333K(182784K)] 251453K->246834K(263168K) [PSPermGen: 13473K->13473K(21504K)], 0.0568450 secs] [Times: user=0.40 sys=0.00, real=0.06 secs] 
38.670: Total time for which application threads were stopped: 0.0572980 seconds, Stopping threads took: 0.0000640 seconds
38.675: Application time: 0.0051620 seconds
38.675: [Full GC [PSYoungGen: 69120K->64795K(80384K)] [ParOldGen: 182333K->182333K(182784K)] 251453K->247128K(263168K) [PSPermGen: 13473K->13473K(21504K)], 0.1159120 secs] [Times: user=0.85 sys=0.00, real=0.12 secs] 
38.791: Total time for which application threads were stopped: 0.1163160 seconds, Stopping threads took: 0.0000820 seconds
38.795: Application time: 0.0037090 seconds
38.795: [Full GC [PSYoungGen: 69120K->64991K(80384K)] [ParOldGen: 182333K->182333K(182784K)] 251453K->247324K(263168K) [PSPermGen: 13473K->13473K(21504K)], 0.1182830 secs] [Times: user=0.87 sys=0.00, real=0.12 secs] 
38.914: Total time for which application threads were stopped: 0.1187030 seconds, Stopping threads took: 0.0000350 seconds
38.918: Application time: 0.0039990 seconds
38.918: [Full GC [PSYoungGen: 69120K->65175K(80384K)] [ParOldGen: 182333K->182332K(182784K)] 251453K->247508K(263168K) [PSPermGen: 13473K->13473K(21504K)], 0.1137640 secs] [Times: user=0.83 sys=0.01, real=0.11 secs] 
39.032: Total time for which application threads were stopped: 0.1142080 seconds, Stopping threads took: 0.0000450 seconds
39.035: Application time: 0.0035140 seconds
39.036: [Full GC [PSYoungGen: 69119K->65238K(80384K)] [ParOldGen: 182332K->182332K(182784K)] 251452K->247571K(263168K) [PSPermGen: 13473K->13473K(21504K)], 0.0519740 secs] [Times: user=0.37 sys=0.00, real=0.05 secs] 
39.088: Total time for which application threads were stopped: 0.0524110 seconds, Stopping threads took: 0.0000770 seconds
39.091: Application time: 0.0035700 seconds
39.092: [Full GC [PSYoungGen: 69120K->65394K(80384K)] [ParOldGen: 182332K->182332K(182784K)] 251452K->247727K(263168K) [PSPermGen: 13473K->13473K(21504K)], 0.1141540 secs] [Times: user=0.84 sys=0.00, real=0.11 secs] 
39.206: Total time for which application threads were stopped: 0.1145630 seconds, Stopping threads took: 0.0000830 seconds
39.209: Application time: 0.0028200 seconds
39.209: [Full GC [PSYoungGen: 69120K->65517K(80384K)] [ParOldGen: 182332K->182332K(182784K)] 251452K->247850K(263168K) [PSPermGen: 13473K->13473K(21504K)], 0.1141360 secs] [Times: user=0.84 sys=0.00, real=0.11 secs] 
39.323: Total time for which application threads were stopped: 0.1145930 seconds, Stopping threads took: 0.0000860 seconds
39.326: Application time: 0.0029070 seconds
39.326: [Full GC [PSYoungGen: 69120K->65654K(80384K)] [ParOldGen: 182332K->182332K(182784K)] 251452K->247987K(263168K) [PSPermGen: 13473K->13473K(21504K)], 0.1124770 secs] [Times: user=0.83 sys=0.00, real=0.12 secs] 
39.439: Total time for which application threads were stopped: 0.1128790 seconds, Stopping threads took: 0.0000520 seconds
39.442: Application time: 0.0031560 seconds
39.443: [Full GC [PSYoungGen: 69120K->65701K(80384K)] [ParOldGen: 182332K->182332K(182784K)] 251452K->248034K(263168K) [PSPermGen: 13473K->13473K(21504K)], 0.1119930 secs] [Times: user=0.82 sys=0.00, real=0.11 secs] 
39.555: Total time for which application threads were stopped: 0.1123970 seconds, Stopping threads took: 0.0000450 seconds
39.558: Application time: 0.0032230 seconds
39.558: [Full GC [PSYoungGen: 69120K->65868K(80384K)] [ParOldGen: 182332K->182332K(182784K)] 251452K->248201K(263168K) [PSPermGen: 13473K->13473K(21504K)], 0.1130160 secs] [Times: user=0.83 sys=0.00, real=0.11 secs] 
39.671: Total time for which application threads were stopped: 0.1134300 seconds, Stopping threads took: 0.0000370 seconds
39.674: Application time: 0.0030140 seconds
39.675: [Full GC [PSYoungGen: 69120K->65990K(80384K)] [ParOldGen: 182332K->182332K(182784K)] 251452K->248323K(263168K) [PSPermGen: 13473K->13473K(21504K)], 0.0509300 secs] [Times: user=0.36 sys=0.00, real=0.05 secs] 
39.726: Total time for which application threads were stopped: 0.0513450 seconds, Stopping threads took: 0.0000470 seconds
39.729: Application time: 0.0029290 seconds
39.729: [Full GC [PSYoungGen: 69120K->66102K(80384K)] [ParOldGen: 182332K->182328K(182784K)] 251452K->248430K(263168K) [PSPermGen: 13473K->13473K(21504K)], 0.1150510 secs] [Times: user=0.84 sys=0.01, real=0.11 secs] 
39.844: Total time for which application threads were stopped: 0.1154540 seconds, Stopping threads took: 0.0000440 seconds
39.847: Application time: 0.0028150 seconds
39.847: [Full GC [PSYoungGen: 69120K->66234K(80384K)] [ParOldGen: 182328K->182327K(182784K)] 251448K->248562K(263168K) [PSPermGen: 13473K->13473K(21504K)], 0.1152980 secs] [Times: user=0.85 sys=0.00, real=0.12 secs] 
39.962: Total time for which application threads were stopped: 0.1157000 seconds, Stopping threads took: 0.0000450 seconds
39.965: Application time: 0.0023520 seconds
39.965: [Full GC [PSYoungGen: 69120K->66464K(80384K)] [ParOldGen: 182327K->182327K(182784K)] 251447K->248792K(263168K) [PSPermGen: 13473K->13473K(21504K)], 0.0555690 secs] [Times: user=0.39 sys=0.00, real=0.06 secs] 
40.021: Total time for which application threads were stopped: 0.0559440 seconds, Stopping threads took: 0.0000390 seconds
40.023: Application time: 0.0019450 seconds
40.023: [Full GC [PSYoungGen: 69120K->66558K(80384K)] [ParOldGen: 182327K->182288K(182784K)] 251447K->248847K(263168K) [PSPermGen: 13473K->13473K(21504K)], 0.1383570 secs] [Times: user=1.00 sys=0.00, real=0.14 secs] 
40.161: Total time for which application threads were stopped: 0.1387350 seconds, Stopping threads took: 0.0000580 seconds
40.164: Application time: 0.0022580 seconds
40.164: [Full GC [PSYoungGen: 69120K->66170K(80384K)] [ParOldGen: 182288K->182743K(182784K)] 251408K->248914K(263168K) [PSPermGen: 13473K->13473K(21504K)], 0.1545380 secs] [Times: user=1.15 sys=0.00, real=0.16 secs] 
40.319: Total time for which application threads were stopped: 0.1550200 seconds, Stopping threads took: 0.0001110 seconds
40.321: Application time: 0.0025880 seconds
40.322: [Full GC [PSYoungGen: 69120K->66276K(80384K)] [ParOldGen: 182743K->182743K(182784K)] 251863K->249020K(263168K) [PSPermGen: 13473K->13473K(21504K)], 0.1129640 secs] [Times: user=0.83 sys=0.01, real=0.11 secs] 
40.435: Total time for which application threads were stopped: 0.1133440 seconds, Stopping threads took: 0.0000340 seconds
40.437: Application time: 0.0023940 seconds
40.437: [Full GC [PSYoungGen: 69120K->66511K(80384K)] [ParOldGen: 182743K->182743K(182784K)] 251863K->249255K(263168K) [PSPermGen: 13473K->13473K(21504K)], 0.1126750 secs] [Times: user=0.83 sys=0.00, real=0.11 secs] 
40.552: Total time for which application threads were stopped: 0.1146210 seconds, Stopping threads took: 0.0000670 seconds
40.554: Application time: 0.0023180 seconds
40.554: [Full GC [PSYoungGen: 69120K->66643K(80384K)] [ParOldGen: 182743K->182743K(182784K)] 251863K->249387K(263168K) [PSPermGen: 13473K->13473K(21504K)], 0.1130050 secs] [Times: user=0.83 sys=0.00, real=0.11 secs] 
40.667: Total time for which application threads were stopped: 0.1134200 seconds, Stopping threads took: 0.0000510 seconds
40.670: Application time: 0.0021660 seconds
40.670: [Full GC [PSYoungGen: 69120K->66710K(80384K)] [ParOldGen: 182743K->182743K(182784K)] 251863K->249453K(263168K) [PSPermGen: 13473K->13473K(21504K)], 0.0507250 secs] [Times: user=0.36 sys=0.00, real=0.05 secs] 
40.721: Total time for which application threads were stopped: 0.0511750 seconds, Stopping threads took: 0.0000160 seconds
40.722: Application time: 0.0016250 seconds
40.723: [Full GC [PSYoungGen: 69120K->66742K(80384K)] [ParOldGen: 182743K->182743K(182784K)] 251863K->249485K(263168K) [PSPermGen: 13473K->13473K(21504K)], 0.0503440 secs] [Times: user=0.35 sys=0.00, real=0.05 secs] 
40.773: Total time for which application threads were stopped: 0.0507470 seconds, Stopping threads took: 0.0000170 seconds
40.775: Application time: 0.0014080 seconds
40.775: [Full GC [PSYoungGen: 69120K->66869K(80384K)] [ParOldGen: 182743K->182743K(182784K)] 251863K->249613K(263168K) [PSPermGen: 13474K->13474K(21504K)], 0.0501400 secs] [Times: user=0.34 sys=0.01, real=0.05 secs] 
40.825: Total time for which application threads were stopped: 0.0505250 seconds, Stopping threads took: 0.0000350 seconds
40.826: Application time: 0.0013970 seconds
40.827: [Full GC [PSYoungGen: 69120K->66902K(80384K)] [ParOldGen: 182743K->182743K(182784K)] 251863K->249646K(263168K) [PSPermGen: 13474K->13474K(21504K)], 0.0547560 secs] [Times: user=0.38 sys=0.00, real=0.06 secs] 
40.882: Total time for which application threads were stopped: 0.0552920 seconds, Stopping threads took: 0.0000380 seconds
40.883: Application time: 0.0014280 seconds
40.884: [Full GC [PSYoungGen: 69120K->67031K(80384K)] [ParOldGen: 182743K->182743K(182784K)] 251863K->249774K(263168K) [PSPermGen: 13474K->13474K(21504K)], 0.1138450 secs] [Times: user=0.84 sys=0.00, real=0.12 secs] 
40.997: Total time for which application threads were stopped: 0.1142650 seconds, Stopping threads took: 0.0000330 seconds
40.999: Application time: 0.0013760 seconds
40.999: [Full GC [PSYoungGen: 69120K->67064K(80384K)] [ParOldGen: 182743K->182743K(182784K)] 251863K->249807K(263168K) [PSPermGen: 13474K->13474K(21504K)], 0.1145340 secs] [Times: user=0.84 sys=0.00, real=0.11 secs] 
41.114: Total time for which application threads were stopped: 0.1149630 seconds, Stopping threads took: 0.0000160 seconds
41.115: Application time: 0.0012310 seconds
41.115: [Full GC [PSYoungGen: 69120K->67155K(80384K)] [ParOldGen: 182743K->182743K(182784K)] 251863K->249899K(263168K) [PSPermGen: 13474K->13474K(21504K)], 0.1135340 secs] [Times: user=0.84 sys=0.01, real=0.12 secs] 
41.229: Total time for which application threads were stopped: 0.1139700 seconds, Stopping threads took: 0.0000480 seconds
41.230: Application time: 0.0012630 seconds
41.231: [Full GC [PSYoungGen: 69120K->67211K(80384K)] [ParOldGen: 182743K->182743K(182784K)] 251863K->249955K(263168K) [PSPermGen: 13474K->13474K(21504K)], 0.0520910 secs] [Times: user=0.37 sys=0.00, real=0.05 secs] 
41.283: Total time for which application threads were stopped: 0.0525620 seconds, Stopping threads took: 0.0000180 seconds
41.284: Application time: 0.0011450 seconds
41.284: [Full GC [PSYoungGen: 69120K->67277K(80384K)] [ParOldGen: 182743K->182743K(182784K)] 251863K->250020K(263168K) [PSPermGen: 13474K->13474K(21504K)], 0.0538870 secs] [Times: user=0.37 sys=0.00, real=0.06 secs] 
41.338: Total time for which application threads were stopped: 0.0543600 seconds, Stopping threads took: 0.0000350 seconds
41.340: Application time: 0.0012980 seconds
41.340: [Full GC [PSYoungGen: 69120K->67291K(80384K)] [ParOldGen: 182743K->182743K(182784K)] 251863K->250035K(263168K) [PSPermGen: 13474K->13474K(21504K)], 0.0515660 secs] [Times: user=0.36 sys=0.00, real=0.05 secs] 
41.392: Total time for which application threads were stopped: 0.0519750 seconds, Stopping threads took: 0.0000240 seconds
41.393: Application time: 0.0011110 seconds
41.393: [Full GC [PSYoungGen: 69120K->67447K(80384K)] [ParOldGen: 182743K->182743K(182784K)] 251863K->250190K(263168K) [PSPermGen: 13474K->13474K(21504K)], 0.0510770 secs] [Times: user=0.36 sys=0.00, real=0.05 secs] 
41.444: Total time for which application threads were stopped: 0.0514940 seconds, Stopping threads took: 0.0000420 seconds
41.445: Application time: 0.0009640 seconds
41.446: [Full GC [PSYoungGen: 69120K->67531K(80384K)] [ParOldGen: 182743K->182743K(182784K)] 251863K->250274K(263168K) [PSPermGen: 13474K->13474K(21504K)], 0.0508780 secs] [Times: user=0.35 sys=0.00, real=0.05 secs] 
41.497: Total time for which application threads were stopped: 0.0513120 seconds, Stopping threads took: 0.0000290 seconds
41.497: Application time: 0.0009390 seconds
41.498: [Full GC [PSYoungGen: 69120K->67579K(80384K)] [ParOldGen: 182743K->182743K(182784K)] 251863K->250322K(263168K) [PSPermGen: 13474K->13474K(21504K)], 0.1128520 secs] [Times: user=0.83 sys=0.00, real=0.11 secs] 
41.611: Total time for which application threads were stopped: 0.1132440 seconds, Stopping threads took: 0.0000270 seconds
41.612: Application time: 0.0009840 seconds
41.612: [Full GC [PSYoungGen: 69120K->67670K(80384K)] [ParOldGen: 182743K->182743K(182784K)] 251863K->250414K(263168K) [PSPermGen: 13474K->13474K(21504K)], 0.1145500 secs] [Times: user=0.84 sys=0.00, real=0.11 secs] 
41.727: Total time for which application threads were stopped: 0.1150190 seconds, Stopping threads took: 0.0000490 seconds
41.728: Application time: 0.0008430 seconds
41.728: [Full GC [PSYoungGen: 69120K->67694K(80384K)] [ParOldGen: 182743K->182743K(182784K)] 251863K->250437K(263168K) [PSPermGen: 13474K->13474K(21504K)], 0.1144480 secs] [Times: user=0.84 sys=0.00, real=0.12 secs] 
41.842: Total time for which application threads were stopped: 0.1149180 seconds, Stopping threads took: 0.0000260 seconds
41.844: Application time: 0.0010260 seconds
41.844: [Full GC [PSYoungGen: 69120K->67750K(80384K)] [ParOldGen: 182743K->182738K(182784K)] 251863K->250488K(263168K) [PSPermGen: 13474K->13474K(21504K)], 0.1167160 secs] [Times: user=0.86 sys=0.00, real=0.12 secs] 
41.961: Total time for which application threads were stopped: 0.1171490 seconds, Stopping threads took: 0.0000140 seconds
41.962: Application time: 0.0008870 seconds
41.962: [Full GC [PSYoungGen: 69120K->67768K(80384K)] [ParOldGen: 182738K->182738K(182784K)] 251858K->250506K(263168K) [PSPermGen: 13474K->13474K(21504K)], 0.0528000 secs] [Times: user=0.37 sys=0.00, real=0.05 secs] 
42.015: Total time for which application threads were stopped: 0.0532760 seconds, Stopping threads took: 0.0000700 seconds
42.016: Application time: 0.0009430 seconds
42.016: [Full GC [PSYoungGen: 69120K->67819K(80384K)] [ParOldGen: 182738K->182738K(182784K)] 251858K->250557K(263168K) [PSPermGen: 13474K->13474K(21504K)], 0.0574390 secs] [Times: user=0.41 sys=0.00, real=0.06 secs] 
42.074: Total time for which application threads were stopped: 0.0578520 seconds, Stopping threads took: 0.0000140 seconds
42.074: Application time: 0.0008020 seconds
42.075: [Full GC [PSYoungGen: 69120K->67898K(80384K)] [ParOldGen: 182738K->182738K(182784K)] 251858K->250636K(263168K) [PSPermGen: 13474K->13474K(21504K)], 0.0516780 secs] [Times: user=0.37 sys=0.00, real=0.05 secs] 
42.127: Total time for which application threads were stopped: 0.0521990 seconds, Stopping threads took: 0.0000370 seconds
42.127: Application time: 0.0007640 seconds
42.128: [Full GC [PSYoungGen: 69120K->67947K(80384K)] [ParOldGen: 182738K->182738K(182784K)] 251858K->250685K(263168K) [PSPermGen: 13474K->13474K(21504K)], 0.0517720 secs] [Times: user=0.36 sys=0.00, real=0.06 secs] 
42.180: Total time for which application threads were stopped: 0.0522450 seconds, Stopping threads took: 0.0000230 seconds
42.180: Application time: 0.0007680 seconds
42.181: [Full GC [PSYoungGen: 69120K->67992K(80384K)] [ParOldGen: 182738K->182738K(182784K)] 251858K->250730K(263168K) [PSPermGen: 13474K->13474K(21504K)], 0.0506350 secs] [Times: user=0.35 sys=0.00, real=0.05 secs] 
42.232: Total time for which application threads were stopped: 0.0511080 seconds, Stopping threads took: 0.0000370 seconds
42.232: Application time: 0.0007930 seconds
42.233: [Full GC [PSYoungGen: 69120K->68001K(80384K)] [ParOldGen: 182738K->182738K(182784K)] 251858K->250740K(263168K) [PSPermGen: 13474K->13474K(21504K)], 0.0524020 secs] [Times: user=0.36 sys=0.01, real=0.05 secs] 
42.285: Total time for which application threads were stopped: 0.0528800 seconds, Stopping threads took: 0.0000310 seconds
42.286: Application time: 0.0006270 seconds
42.286: [Full GC [PSYoungGen: 69120K->68018K(80384K)] [ParOldGen: 182738K->182738K(182784K)] 251858K->250756K(263168K) [PSPermGen: 13474K->13474K(21504K)], 0.0536740 secs] [Times: user=0.38 sys=0.00, real=0.06 secs] 
42.340: Total time for which application threads were stopped: 0.0541060 seconds, Stopping threads took: 0.0000230 seconds
42.341: Application time: 0.0008030 seconds
42.341: [Full GC [PSYoungGen: 69120K->68090K(80384K)] [ParOldGen: 182738K->182738K(182784K)] 251858K->250829K(263168K) [PSPermGen: 13474K->13474K(21504K)], 0.1128980 secs] [Times: user=0.83 sys=0.00, real=0.11 secs] 
42.454: Total time for which application threads were stopped: 0.1132990 seconds, Stopping threads took: 0.0000240 seconds
42.455: Application time: 0.0008450 seconds
42.455: Total time for which application threads were stopped: 0.0004500 seconds, Stopping threads took: 0.0000580 seconds
42.455: Application time: 0.0000510 seconds
42.455: [Full GC [PSYoungGen: 69120K->68136K(80384K)] [ParOldGen: 182770K->182770K(182784K)] 251890K->250907K(263168K) [PSPermGen: 13474K->13474K(21504K)], 0.0550290 secs] [Times: user=0.39 sys=0.00, real=0.06 secs] 
42.511: Total time for which application threads were stopped: 0.0552050 seconds, Stopping threads took: 0.0000260 seconds
42.511: Application time: 0.0007980 seconds
42.512: [Full GC [PSYoungGen: 69120K->68213K(80384K)] [ParOldGen: 182772K->182739K(182784K)] 251892K->250952K(263168K) [PSPermGen: 13474K->13474K(21504K)], 0.1133800 secs] [Times: user=0.83 sys=0.00, real=0.11 secs] 
42.625: Total time for which application threads were stopped: 0.1138160 seconds, Stopping threads took: 0.0000280 seconds
42.626: Application time: 0.0007520 seconds
42.626: [Full GC [PSYoungGen: 69120K->68327K(80384K)] [ParOldGen: 182739K->182738K(182784K)] 251859K->251065K(263168K) [PSPermGen: 13474K->13474K(21504K)], 0.1128950 secs] [Times: user=0.83 sys=0.00, real=0.12 secs] 
42.739: Total time for which application threads were stopped: 0.1133250 seconds, Stopping threads took: 0.0000250 seconds
42.740: Application time: 0.0006260 seconds
42.740: [Full GC [PSYoungGen: 69120K->68370K(80384K)] [ParOldGen: 182738K->182738K(182784K)] 251858K->251109K(263168K) [PSPermGen: 13474K->13474K(21504K)], 0.1196870 secs] [Times: user=0.89 sys=0.00, real=0.12 secs] 
42.860: Total time for which application threads were stopped: 0.1202250 seconds, Stopping threads took: 0.0000360 seconds
42.861: Application time: 0.0006680 seconds
42.861: [Full GC [PSYoungGen: 69120K->68411K(80384K)] [ParOldGen: 182738K->182738K(182784K)] 251858K->251149K(263168K) [PSPermGen: 13474K->13474K(21504K)], 0.0517170 secs] [Times: user=0.36 sys=0.00, real=0.05 secs] 
42.913: Total time for which application threads were stopped: 0.0522310 seconds, Stopping threads took: 0.0000450 seconds
42.914: Application time: 0.0004860 seconds
42.914: [Full GC [PSYoungGen: 69120K->68417K(80384K)] [ParOldGen: 182738K->182738K(182784K)] 251858K->251155K(263168K) [PSPermGen: 13474K->13474K(21504K)], 0.0517580 secs] [Times: user=0.36 sys=0.00, real=0.05 secs] 
42.966: Total time for which application threads were stopped: 0.0522110 seconds, Stopping threads took: 0.0000160 seconds
42.966: Application time: 0.0004820 seconds
42.967: [Full GC [PSYoungGen: 69120K->68422K(80384K)] [ParOldGen: 182738K->182738K(182784K)] 251858K->251160K(263168K) [PSPermGen: 13474K->13474K(21504K)], 0.0505330 secs] [Times: user=0.34 sys=0.01, real=0.06 secs] 
43.017: Total time for which application threads were stopped: 0.0509570 seconds, Stopping threads took: 0.0000350 seconds
43.018: Application time: 0.0005040 seconds
43.018: [Full GC [PSYoungGen: 69120K->68465K(80384K)] [ParOldGen: 182738K->182738K(182784K)] 251858K->251203K(263168K) [PSPermGen: 13474K->13474K(21504K)], 0.0529310 secs] [Times: user=0.37 sys=0.00, real=0.05 secs] 
43.071: Total time for which application threads were stopped: 0.0533170 seconds, Stopping threads took: 0.0000100 seconds
43.072: Application time: 0.0005090 seconds
43.072: [Full GC [PSYoungGen: 69120K->68507K(80384K)] [ParOldGen: 182738K->182738K(182784K)] 251858K->251246K(263168K) [PSPermGen: 13474K->13474K(21504K)], 0.0504470 secs] [Times: user=0.35 sys=0.00, real=0.05 secs] 
43.122: Total time for which application threads were stopped: 0.0508500 seconds, Stopping threads took: 0.0000350 seconds
43.123: Application time: 0.0003690 seconds
43.123: [Full GC [PSYoungGen: 69120K->68517K(80384K)] [ParOldGen: 182738K->182738K(182784K)] 251858K->251256K(263168K) [PSPermGen: 13474K->13474K(21504K)], 0.0507860 secs] [Times: user=0.36 sys=0.00, real=0.05 secs] 
43.174: Total time for which application threads were stopped: 0.0512030 seconds, Stopping threads took: 0.0000480 seconds
43.174: Application time: 0.0003880 seconds
43.175: [Full GC [PSYoungGen: 69120K->68556K(80384K)] [ParOldGen: 182738K->182738K(182784K)] 251858K->251294K(263168K) [PSPermGen: 13474K->13474K(21504K)], 0.0506870 secs] [Times: user=0.35 sys=0.00, real=0.05 secs] 
43.225: Total time for which application threads were stopped: 0.0510970 seconds, Stopping threads took: 0.0000390 seconds
43.226: Application time: 0.0003850 seconds
43.226: [Full GC [PSYoungGen: 69119K->68563K(80384K)] [ParOldGen: 182738K->182738K(182784K)] 251858K->251302K(263168K) [PSPermGen: 13474K->13474K(21504K)], 0.0508050 secs] [Times: user=0.36 sys=0.00, real=0.06 secs] 
43.277: Total time for which application threads were stopped: 0.0512020 seconds, Stopping threads took: 0.0000230 seconds
43.277: Application time: 0.0003980 seconds
43.278: [Full GC [PSYoungGen: 69120K->68601K(80384K)] [ParOldGen: 182738K->182738K(182784K)] 251858K->251339K(263168K) [PSPermGen: 13474K->13474K(21504K)], 0.0511560 secs] [Times: user=0.35 sys=0.00, real=0.05 secs] 
43.329: Total time for which application threads were stopped: 0.0515780 seconds, Stopping threads took: 0.0000530 seconds
43.329: Application time: 0.0004210 seconds
43.330: Total time for which application threads were stopped: 0.0003410 seconds, Stopping threads took: 0.0000440 seconds
43.330: Application time: 0.0000520 seconds
43.330: [Full GC [PSYoungGen: 69120K->68640K(80384K)] [ParOldGen: 182744K->182740K(182784K)] 251864K->251381K(263168K) [PSPermGen: 13474K->13474K(21504K)], 0.0505380 secs] [Times: user=0.34 sys=0.00, real=0.05 secs] 
43.380: Total time for which application threads were stopped: 0.0506730 seconds, Stopping threads took: 0.0000160 seconds
43.381: Application time: 0.0003390 seconds
43.381: [Full GC [PSYoungGen: 69120K->68651K(80384K)] [ParOldGen: 182742K->182739K(182784K)] 251862K->251390K(263168K) [PSPermGen: 13474K->13474K(21504K)], 0.0528530 secs] [Times: user=0.37 sys=0.00, real=0.05 secs] 
43.434: Total time for which application threads were stopped: 0.0532430 seconds, Stopping threads took: 0.0000120 seconds
43.434: Application time: 0.0003420 seconds
43.435: [Full GC [PSYoungGen: 69120K->68656K(80384K)] [ParOldGen: 182739K->182738K(182784K)] 251859K->251395K(263168K) [PSPermGen: 13474K->13474K(21504K)], 0.0506410 secs] [Times: user=0.35 sys=0.00, real=0.05 secs] 
43.485: Total time for which application threads were stopped: 0.0510190 seconds, Stopping threads took: 0.0000090 seconds
43.486: Application time: 0.0003350 seconds
43.486: [Full GC [PSYoungGen: 69120K->68660K(80384K)] [ParOldGen: 182738K->182738K(182784K)] 251858K->251399K(263168K) [PSPermGen: 13474K->13474K(21504K)], 0.0504750 secs] [Times: user=0.35 sys=0.01, real=0.06 secs] 
43.537: Total time for which application threads were stopped: 0.0508990 seconds, Stopping threads took: 0.0000270 seconds
43.537: Application time: 0.0004110 seconds
43.537: [Full GC [PSYoungGen: 69120K->68665K(80384K)] [ParOldGen: 182738K->182738K(182784K)] 251858K->251403K(263168K) [PSPermGen: 13474K->13474K(21504K)], 0.0507270 secs] [Times: user=0.35 sys=0.00, real=0.04 secs] 
43.588: Total time for which application threads were stopped: 0.0511240 seconds, Stopping threads took: 0.0000230 seconds
43.589: Application time: 0.0004620 seconds
43.589: [Full GC [PSYoungGen: 69120K->68739K(80384K)] [ParOldGen: 182738K->182738K(182784K)] 251858K->251477K(263168K) [PSPermGen: 13474K->13474K(21504K)], 0.0505280 secs] [Times: user=0.35 sys=0.00, real=0.05 secs] 
43.640: Total time for which application threads were stopped: 0.0509430 seconds, Stopping threads took: 0.0000430 seconds
43.640: Application time: 0.0003480 seconds
43.640: [Full GC [PSYoungGen: 69120K->68742K(80384K)] [ParOldGen: 182738K->182738K(182784K)] 251858K->251481K(263168K) [PSPermGen: 13474K->13474K(21504K)], 0.0516010 secs] [Times: user=0.36 sys=0.00, real=0.05 secs] 
43.692: Total time for which application threads were stopped: 0.0519920 seconds, Stopping threads took: 0.0000180 seconds
43.692: Application time: 0.0003420 seconds
43.693: [Full GC [PSYoungGen: 69120K->68746K(80384K)] [ParOldGen: 182738K->182738K(182784K)] 251858K->251484K(263168K) [PSPermGen: 13474K->13474K(21504K)], 0.0508030 secs] [Times: user=0.35 sys=0.00, real=0.05 secs] 
43.743: Total time for which application threads were stopped: 0.0512130 seconds, Stopping threads took: 0.0000200 seconds
43.744: Application time: 0.0003830 seconds
43.744: [Full GC [PSYoungGen: 69119K->68746K(80384K)] [ParOldGen: 182738K->182738K(182784K)] 251858K->251485K(263168K) [PSPermGen: 13474K->13474K(21504K)], 0.0509620 secs] [Times: user=0.35 sys=0.00, real=0.05 secs] 
43.795: Total time for which application threads were stopped: 0.0513860 seconds, Stopping threads took: 0.0000500 seconds
43.796: Application time: 0.0003400 seconds
43.796: [Full GC [PSYoungGen: 69120K->68753K(80384K)] [ParOldGen: 182738K->182738K(182784K)] 251858K->251491K(263168K) [PSPermGen: 13474K->13474K(21504K)], 0.0506900 secs] [Times: user=0.35 sys=0.00, real=0.05 secs] 
43.847: Total time for which application threads were stopped: 0.0510880 seconds, Stopping threads took: 0.0000300 seconds
43.847: Application time: 0.0003470 seconds
43.847: [Full GC [PSYoungGen: 69120K->68787K(80384K)] [ParOldGen: 182738K->182738K(182784K)] 251858K->251525K(263168K) [PSPermGen: 13474K->13474K(21504K)], 0.0513530 secs] [Times: user=0.35 sys=0.00, real=0.06 secs] 
43.899: Total time for which application threads were stopped: 0.0517680 seconds, Stopping threads took: 0.0000360 seconds
43.899: Application time: 0.0003250 seconds
43.899: [Full GC [PSYoungGen: 69120K->68795K(80384K)] [ParOldGen: 182738K->182738K(182784K)] 251858K->251534K(263168K) [PSPermGen: 13474K->13474K(21504K)], 0.0506080 secs] [Times: user=0.35 sys=0.00, real=0.05 secs] 
43.950: Total time for which application threads were stopped: 0.0510080 seconds, Stopping threads took: 0.0000250 seconds
43.950: Application time: 0.0002580 seconds
43.951: [Full GC [PSYoungGen: 69120K->68801K(80384K)] [ParOldGen: 182738K->182738K(182784K)] 251858K->251539K(263168K) [PSPermGen: 13474K->13474K(21504K)], 0.0537920 secs] [Times: user=0.38 sys=0.00, real=0.05 secs] 
44.005: Total time for which application threads were stopped: 0.0542380 seconds, Stopping threads took: 0.0000420 seconds
44.005: Application time: 0.0002710 seconds
44.005: [Full GC [PSYoungGen: 69120K->68804K(80384K)] [ParOldGen: 182738K->182738K(182784K)] 251858K->251543K(263168K) [PSPermGen: 13474K->13474K(21504K)], 0.1138750 secs] [Times: user=0.84 sys=0.00, real=0.12 secs] 
44.119: Total time for which application threads were stopped: 0.1143060 seconds, Stopping threads took: 0.0000270 seconds
44.120: Application time: 0.0003030 seconds
44.120: [Full GC [PSYoungGen: 69120K->68809K(80384K)] [ParOldGen: 182738K->182738K(182784K)] 251858K->251548K(263168K) [PSPermGen: 13474K->13474K(21504K)], 0.0510460 secs] [Times: user=0.36 sys=0.00, real=0.05 secs] 
44.171: Total time for which application threads were stopped: 0.0515030 seconds, Stopping threads took: 0.0000660 seconds
44.171: Application time: 0.0002740 seconds
44.172: [Full GC [PSYoungGen: 69120K->68849K(80384K)] [ParOldGen: 182738K->182738K(182784K)] 251858K->251587K(263168K) [PSPermGen: 13474K->13474K(21504K)], 0.0509230 secs] [Times: user=0.35 sys=0.00, real=0.05 secs] 
44.223: Total time for which application threads were stopped: 0.0513560 seconds, Stopping threads took: 0.0000590 seconds
44.223: Application time: 0.0002740 seconds
44.223: Total time for which application threads were stopped: 0.0003350 seconds, Stopping threads took: 0.0000310 seconds
44.223: Application time: 0.0000350 seconds
44.223: [Full GC [PSYoungGen: 69120K->68852K(80384K)] [ParOldGen: 182738K->182738K(182784K)] 251858K->251590K(263168K) [PSPermGen: 13474K->13474K(21504K)], 0.0506860 secs] [Times: user=0.35 sys=0.00, real=0.05 secs] 
44.274: Total time for which application threads were stopped: 0.0508180 seconds, Stopping threads took: 0.0000190 seconds
44.274: Application time: 0.0002620 seconds
44.275: Total time for which application threads were stopped: 0.0003390 seconds, Stopping threads took: 0.0000400 seconds
44.275: Application time: 0.0000230 seconds
44.275: [Full GC [PSYoungGen: 69120K->68886K(80384K)] [ParOldGen: 182740K->182739K(182784K)] 251860K->251625K(263168K) [PSPermGen: 13474K->13474K(21504K)], 0.0509320 secs] [Times: user=0.35 sys=0.00, real=0.05 secs] 
44.326: Total time for which application threads were stopped: 0.0510560 seconds, Stopping threads took: 0.0000120 seconds
44.326: Application time: 0.0002570 seconds
44.326: [Full GC [PSYoungGen: 69120K->68887K(80384K)] [ParOldGen: 182741K->182740K(182784K)] 251861K->251627K(263168K) [PSPermGen: 13474K->13474K(21504K)], 0.0506580 secs] [Times: user=0.35 sys=0.00, real=0.06 secs] 
44.377: Total time for which application threads were stopped: 0.0510530 seconds, Stopping threads took: 0.0000220 seconds
44.377: Application time: 0.0002570 seconds
44.378: [Full GC [PSYoungGen: 69120K->68924K(80384K)] [ParOldGen: 182740K->182738K(182784K)] 251860K->251663K(263168K) [PSPermGen: 13474K->13474K(21504K)], 0.0504490 secs] [Times: user=0.35 sys=0.00, real=0.04 secs] 
44.428: Total time for which application threads were stopped: 0.0508510 seconds, Stopping threads took: 0.0000270 seconds
44.428: Application time: 0.0002510 seconds
44.429: [Full GC [PSYoungGen: 69120K->68960K(80384K)] [ParOldGen: 182738K->182738K(182784K)] 251858K->251698K(263168K) [PSPermGen: 13474K->13474K(21504K)], 0.0507000 secs] [Times: user=0.35 sys=0.00, real=0.05 secs] 
44.480: Total time for which application threads were stopped: 0.0511140 seconds, Stopping threads took: 0.0000260 seconds
44.480: Application time: 0.0001890 seconds
44.480: [Full GC [PSYoungGen: 69120K->68962K(80384K)] [ParOldGen: 182738K->182738K(182784K)] 251858K->251700K(263168K) [PSPermGen: 13474K->13474K(21504K)], 0.1132070 secs] [Times: user=0.84 sys=0.00, real=0.11 secs] 
44.593: Total time for which application threads were stopped: 0.1136160 seconds, Stopping threads took: 0.0000340 seconds
44.594: Application time: 0.0002040 seconds
44.594: [Full GC [PSYoungGen: 69120K->68964K(80384K)] [ParOldGen: 182738K->182738K(182784K)] 251858K->251702K(263168K) [PSPermGen: 13474K->13474K(21504K)], 0.0504260 secs] [Times: user=0.35 sys=0.00, real=0.05 secs] 
44.644: Total time for which application threads were stopped: 0.0508510 seconds, Stopping threads took: 0.0000140 seconds
44.645: Application time: 0.0002140 seconds
44.645: [Full GC [PSYoungGen: 69120K->68966K(80384K)] [ParOldGen: 182738K->182738K(182784K)] 251858K->251704K(263168K) [PSPermGen: 13474K->13474K(21504K)], 0.0505880 secs] [Times: user=0.35 sys=0.00, real=0.05 secs] 
44.696: Total time for which application threads were stopped: 0.0510240 seconds, Stopping threads took: 0.0000480 seconds
44.696: Application time: 0.0001930 seconds
44.696: [Full GC [PSYoungGen: 69120K->68968K(80384K)] [ParOldGen: 182738K->182738K(182784K)] 251858K->251706K(263168K) [PSPermGen: 13474K->13474K(21504K)], 0.0506330 secs] [Times: user=0.36 sys=0.00, real=0.05 secs] 
44.747: Total time for which application threads were stopped: 0.0510370 seconds, Stopping threads took: 0.0000280 seconds
44.747: Application time: 0.0002050 seconds
44.747: [Full GC [PSYoungGen: 69120K->68971K(80384K)] [ParOldGen: 182738K->182738K(182784K)] 251858K->251710K(263168K) [PSPermGen: 13474K->13474K(21504K)], 0.0507960 secs] [Times: user=0.35 sys=0.00, real=0.06 secs] 
44.798: Total time for which application threads were stopped: 0.0511820 seconds, Stopping threads took: 0.0000120 seconds
44.799: Application time: 0.0001930 seconds
44.799: [Full GC [PSYoungGen: 69120K->68975K(80384K)] [ParOldGen: 182738K->182738K(182784K)] 251858K->251713K(263168K) [PSPermGen: 13474K->13474K(21504K)], 0.0508640 secs] [Times: user=0.35 sys=0.00, real=0.05 secs] 
44.850: Total time for which application threads were stopped: 0.0512500 seconds, Stopping threads took: 0.0000120 seconds
44.850: Application time: 0.0002110 seconds
44.850: [Full GC [PSYoungGen: 69120K->68977K(80384K)] [ParOldGen: 182738K->182738K(182784K)] 251858K->251715K(263168K) [PSPermGen: 13474K->13474K(21504K)], 0.0513250 secs] [Times: user=0.35 sys=0.00, real=0.05 secs] 
44.902: Total time for which application threads were stopped: 0.0517610 seconds, Stopping threads took: 0.0000590 seconds
44.902: Application time: 0.0001720 seconds
44.902: [Full GC [PSYoungGen: 69120K->69041K(80384K)] [ParOldGen: 182738K->182738K(182784K)] 251858K->251780K(263168K) [PSPermGen: 13474K->13474K(21504K)], 0.0534950 secs] [Times: user=0.37 sys=0.00, real=0.05 secs] 
44.956: Total time for which application threads were stopped: 0.0538990 seconds, Stopping threads took: 0.0000270 seconds
44.956: Application time: 0.0001710 seconds
44.956: [Full GC [PSYoungGen: 69120K->69043K(80384K)] [ParOldGen: 182738K->182738K(182784K)] 251858K->251781K(263168K) [PSPermGen: 13474K->13474K(21504K)], 0.0506400 secs] [Times: user=0.36 sys=0.00, real=0.05 secs] 
45.007: Total time for which application threads were stopped: 0.0510500 seconds, Stopping threads took: 0.0000280 seconds
45.007: Application time: 0.0001560 seconds
45.008: [Full GC [PSYoungGen: 69120K->69044K(80384K)] [ParOldGen: 182738K->182738K(182784K)] 251858K->251782K(263168K) [PSPermGen: 13474K->13474K(21504K)], 0.0504630 secs] [Times: user=0.35 sys=0.00, real=0.06 secs] 
45.058: Total time for which application threads were stopped: 0.0508600 seconds, Stopping threads took: 0.0000210 seconds
45.058: Application time: 0.0000360 seconds
45.058: Total time for which application threads were stopped: 0.0003570 seconds, Stopping threads took: 0.0000310 seconds
45.059: Application time: 0.0001190 seconds
45.059: [Full GC [PSYoungGen: 69120K->69045K(80384K)] [ParOldGen: 182738K->182738K(182784K)] 251858K->251784K(263168K) [PSPermGen: 13474K->13474K(21504K)], 0.0506820 secs] [Times: user=0.35 sys=0.00, real=0.05 secs] 
45.109: Total time for which application threads were stopped: 0.0508140 seconds, Stopping threads took: 0.0000100 seconds
45.110: Application time: 0.0001560 seconds
45.110: [Full GC [PSYoungGen: 69120K->69047K(80384K)] [ParOldGen: 182738K->182738K(182784K)] 251858K->251786K(263168K) [PSPermGen: 13474K->13474K(21504K)], 0.0523230 secs] [Times: user=0.37 sys=0.00, real=0.05 secs] 
45.162: Total time for which application threads were stopped: 0.0527500 seconds, Stopping threads took: 0.0000270 seconds
45.162: Application time: 0.0001650 seconds
45.163: [Full GC [PSYoungGen: 69120K->69048K(80384K)] [ParOldGen: 182738K->182738K(182784K)] 251858K->251787K(263168K) [PSPermGen: 13474K->13474K(21504K)], 0.0523120 secs] [Times: user=0.37 sys=0.00, real=0.05 secs] 
45.215: Total time for which application threads were stopped: 0.0527200 seconds, Stopping threads took: 0.0000210 seconds
45.215: Application time: 0.0001310 seconds
45.216: [Full GC [PSYoungGen: 69120K->69049K(80384K)] [ParOldGen: 182738K->182738K(182784K)] 251858K->251787K(263168K) [PSPermGen: 13474K->13474K(21504K)], 0.0508030 secs] [Times: user=0.35 sys=0.00, real=0.05 secs] 
45.267: Total time for which application threads were stopped: 0.0512510 seconds, Stopping threads took: 0.0000700 seconds
45.267: Application time: 0.0001300 seconds
45.267: [Full GC [PSYoungGen: 69120K->69049K(80384K)] [ParOldGen: 182738K->182738K(182784K)] 251858K->251787K(263168K) [PSPermGen: 13474K->13474K(21504K)], 0.1131170 secs] [Times: user=0.83 sys=0.00, real=0.12 secs] 
45.380: Total time for which application threads were stopped: 0.1135300 seconds, Stopping threads took: 0.0000350 seconds
45.380: Application time: 0.0001340 seconds
45.381: [Full GC [PSYoungGen: 69119K->69051K(80384K)] [ParOldGen: 182738K->182738K(182784K)] 251858K->251789K(263168K) [PSPermGen: 13474K->13474K(21504K)], 0.0507640 secs] [Times: user=0.36 sys=0.00, real=0.05 secs] 
45.432: Total time for which application threads were stopped: 0.0511960 seconds, Stopping threads took: 0.0000430 seconds
45.432: Application time: 0.0001360 seconds
45.432: [Full GC [PSYoungGen: 69120K->69050K(80384K)] [ParOldGen: 182738K->182738K(182784K)] 251858K->251788K(263168K) [PSPermGen: 13474K->13474K(21504K)], 0.0507210 secs] [Times: user=0.35 sys=0.00, real=0.05 secs] 
45.483: Total time for which application threads were stopped: 0.0511490 seconds, Stopping threads took: 0.0000480 seconds
45.483: Application time: 0.0001630 seconds
45.483: [Full GC [PSYoungGen: 69120K->69049K(80384K)] [ParOldGen: 182738K->182738K(182784K)] 251858K->251787K(263168K) [PSPermGen: 13474K->13474K(21504K)], 0.0526270 secs] [Times: user=0.37 sys=0.00, real=0.05 secs] 
45.536: Total time for which application threads were stopped: 0.0530610 seconds, Stopping threads took: 0.0000600 seconds
45.536: Application time: 0.0001460 seconds
45.537: [Full GC [PSYoungGen: 69120K->69050K(80384K)] [ParOldGen: 182738K->182738K(182784K)] 251858K->251788K(263168K) [PSPermGen: 13474K->13474K(21504K)], 0.0508340 secs] [Times: user=0.35 sys=0.00, real=0.04 secs] 
45.588: Total time for which application threads were stopped: 0.0512780 seconds, Stopping threads took: 0.0000370 seconds
45.588: Application time: 0.0001480 seconds
45.588: [Full GC [PSYoungGen: 69120K->69052K(80384K)] [ParOldGen: 182738K->182738K(182784K)] 251858K->251790K(263168K) [PSPermGen: 13474K->13474K(21504K)], 0.0506150 secs] [Times: user=0.35 sys=0.00, real=0.06 secs] 
45.639: Total time for which application threads were stopped: 0.0510220 seconds, Stopping threads took: 0.0000310 seconds
45.639: Application time: 0.0001320 seconds
45.639: [Full GC [PSYoungGen: 69120K->69054K(80384K)] [ParOldGen: 182738K->182738K(182784K)] 251858K->251792K(263168K) [PSPermGen: 13474K->13474K(21504K)], 0.0505950 secs] [Times: user=0.35 sys=0.00, real=0.05 secs] 
45.690: Total time for which application threads were stopped: 0.0510580 seconds, Stopping threads took: 0.0000660 seconds
45.690: Application time: 0.0001420 seconds
45.690: [Full GC [PSYoungGen: 69120K->69055K(80384K)] [ParOldGen: 182738K->182738K(182784K)] 251858K->251793K(263168K) [PSPermGen: 13474K->13474K(21504K)], 0.0527460 secs] [Times: user=0.37 sys=0.00, real=0.05 secs] 
45.743: Total time for which application threads were stopped: 0.0531560 seconds, Stopping threads took: 0.0000340 seconds
45.743: Application time: 0.0001470 seconds
45.744: [Full GC [PSYoungGen: 69120K->69055K(80384K)] [ParOldGen: 182738K->182738K(182784K)] 251858K->251794K(263168K) [PSPermGen: 13474K->13474K(21504K)], 0.0527190 secs] [Times: user=0.37 sys=0.00, real=0.05 secs] 
45.796: Total time for which application threads were stopped: 0.0531240 seconds, Stopping threads took: 0.0000280 seconds
45.797: Application time: 0.0001660 seconds
45.797: [Full GC [PSYoungGen: 69120K->69057K(80384K)] [ParOldGen: 182738K->182738K(182784K)] 251858K->251795K(263168K) [PSPermGen: 13474K->13474K(21504K)], 0.0508140 secs] [Times: user=0.35 sys=0.00, real=0.04 secs] 
45.848: Total time for which application threads were stopped: 0.0512380 seconds, Stopping threads took: 0.0000350 seconds
45.848: Application time: 0.0001190 seconds
45.848: [Full GC [PSYoungGen: 69120K->69058K(80384K)] [ParOldGen: 182738K->182738K(182784K)] 251858K->251796K(263168K) [PSPermGen: 13474K->13474K(21504K)], 0.0511700 secs] [Times: user=0.35 sys=0.00, real=0.06 secs] 
45.900: Total time for which application threads were stopped: 0.0515750 seconds, Stopping threads took: 0.0000150 seconds
45.900: Application time: 0.0001240 seconds
45.900: [Full GC [PSYoungGen: 69120K->69059K(80384K)] [ParOldGen: 182738K->182738K(182784K)] 251858K->251797K(263168K) [PSPermGen: 13474K->13474K(21504K)], 0.0507080 secs] [Times: user=0.35 sys=0.00, real=0.05 secs] 
45.951: Total time for which application threads were stopped: 0.0511310 seconds, Stopping threads took: 0.0000290 seconds
45.951: Application time: 0.0001520 seconds
45.951: [Full GC [PSYoungGen: 69120K->69059K(80384K)] [ParOldGen: 182738K->182738K(182784K)] 251858K->251797K(263168K) [PSPermGen: 13474K->13474K(21504K)], 0.0507290 secs] [Times: user=0.35 sys=0.00, real=0.05 secs] 
46.002: Total time for which application threads were stopped: 0.0511350 seconds, Stopping threads took: 0.0000340 seconds
46.002: Application time: 0.0001360 seconds
46.003: [Full GC [PSYoungGen: 69120K->69058K(80384K)] [ParOldGen: 182738K->182738K(182784K)] 251858K->251796K(263168K) [PSPermGen: 13474K->13474K(21504K)], 0.0535400 secs] [Times: user=0.38 sys=0.00, real=0.05 secs] 
46.056: Total time for which application threads were stopped: 0.0539630 seconds, Stopping threads took: 0.0000450 seconds
46.056: Application time: 0.0001570 seconds
46.057: [Full GC [PSYoungGen: 69120K->69057K(80384K)] [ParOldGen: 182738K->182738K(182784K)] 251858K->251795K(263168K) [PSPermGen: 13474K->13474K(21504K)], 0.0509390 secs] [Times: user=0.35 sys=0.00, real=0.04 secs] 
46.108: Total time for which application threads were stopped: 0.0513550 seconds, Stopping threads took: 0.0000330 seconds
46.108: Application time: 0.0001300 seconds
46.108: [Full GC [PSYoungGen: 69120K->69059K(80384K)] [ParOldGen: 182738K->182738K(182784K)] 251858K->251797K(263168K) [PSPermGen: 13474K->13474K(21504K)], 0.0504760 secs] [Times: user=0.35 sys=0.00, real=0.06 secs] 
46.159: Total time for which application threads were stopped: 0.0508930 seconds, Stopping threads took: 0.0000360 seconds
46.159: Application time: 0.0001590 seconds
46.159: [Full GC [PSYoungGen: 69120K->69060K(80384K)] [ParOldGen: 182738K->182738K(182784K)] 251858K->251798K(263168K) [PSPermGen: 13474K->13474K(21504K)], 0.0506750 secs] [Times: user=0.35 sys=0.00, real=0.05 secs] 
46.210: Total time for which application threads were stopped: 0.0511760 seconds, Stopping threads took: 0.0000380 seconds
46.210: Application time: 0.0001590 seconds
46.211: [Full GC [PSYoungGen: 69120K->69064K(80384K)] [ParOldGen: 182738K->182738K(182784K)] 251858K->251802K(263168K) [PSPermGen: 13474K->13474K(21504K)], 0.0509190 secs] [Times: user=0.35 sys=0.00, real=0.05 secs] 
46.262: Total time for which application threads were stopped: 0.0513240 seconds, Stopping threads took: 0.0000160 seconds
46.262: Application time: 0.0001190 seconds
46.262: [Full GC [PSYoungGen: 69120K->69065K(80384K)] [ParOldGen: 182738K->182738K(182784K)] 251858K->251803K(263168K) [PSPermGen: 13474K->13474K(21504K)], 0.0508540 secs] [Times: user=0.35 sys=0.00, real=0.05 secs] 
46.313: Total time for which application threads were stopped: 0.0512870 seconds, Stopping threads took: 0.0000180 seconds
46.313: Application time: 0.0001430 seconds
46.313: [Full GC [PSYoungGen: 69120K->69066K(80384K)] [ParOldGen: 182738K->182738K(182784K)] 251858K->251804K(263168K) [PSPermGen: 13474K->13474K(21504K)], 0.0509520 secs] [Times: user=0.35 sys=0.00, real=0.05 secs] 
46.364: Total time for which application threads were stopped: 0.0513410 seconds, Stopping threads took: 0.0000140 seconds
46.365: Application time: 0.0001430 seconds
46.365: [Full GC [PSYoungGen: 69120K->69066K(80384K)] [ParOldGen: 182738K->182738K(182784K)] 251858K->251804K(263168K) [PSPermGen: 13474K->13474K(21504K)], 0.0521260 secs] [Times: user=0.36 sys=0.00, real=0.06 secs] 
46.417: Total time for which application threads were stopped: 0.0525370 seconds, Stopping threads took: 0.0000150 seconds
46.417: Application time: 0.0001390 seconds
46.418: [Full GC [PSYoungGen: 69120K->69067K(80384K)] [ParOldGen: 182738K->182738K(182784K)] 251858K->251805K(263168K) [PSPermGen: 13474K->13474K(21504K)], 0.0512340 secs] [Times: user=0.35 sys=0.00, real=0.05 secs] 
46.469: Total time for which application threads were stopped: 0.0516940 seconds, Stopping threads took: 0.0000810 seconds
46.469: Application time: 0.0001050 seconds
46.470: [Full GC [PSYoungGen: 69120K->69069K(80384K)] [ParOldGen: 182738K->182738K(182784K)] 251858K->251807K(263168K) [PSPermGen: 13474K->13474K(21504K)], 0.0507660 secs] [Times: user=0.35 sys=0.00, real=0.05 secs] 
46.520: Total time for which application threads were stopped: 0.0513400 seconds, Stopping threads took: 0.0001220 seconds
46.521: Application time: 0.0000960 seconds
46.521: [Full GC [PSYoungGen: 69120K->69068K(80384K)] [ParOldGen: 182738K->182738K(182784K)] 251858K->251806K(263168K) [PSPermGen: 13474K->13474K(21504K)], 0.1130610 secs] [Times: user=0.83 sys=0.00, real=0.11 secs] 
46.634: Total time for which application threads were stopped: 0.1134750 seconds, Stopping threads took: 0.0000170 seconds
46.634: Application time: 0.0001250 seconds
46.635: [Full GC [PSYoungGen: 69120K->69069K(80384K)] [ParOldGen: 182738K->182738K(182784K)] 251858K->251807K(263168K) [PSPermGen: 13474K->13474K(21504K)], 0.0504260 secs] [Times: user=0.35 sys=0.00, real=0.05 secs] 
46.685: Total time for which application threads were stopped: 0.0508680 seconds, Stopping threads took: 0.0000610 seconds
46.685: Application time: 0.0001180 seconds
46.685: [Full GC [PSYoungGen: 69120K->69069K(80384K)] [ParOldGen: 182738K->182738K(182784K)] 251858K->251807K(263168K) [PSPermGen: 13474K->13474K(21504K)], 0.0507710 secs] [Times: user=0.35 sys=0.00, real=0.05 secs] 
46.736: Total time for which application threads were stopped: 0.0512100 seconds, Stopping threads took: 0.0000380 seconds
46.736: Application time: 0.0001520 seconds
46.737: [Full GC [PSYoungGen: 69120K->69069K(80384K)] [ParOldGen: 182738K->182738K(182784K)] 251858K->251807K(263168K) [PSPermGen: 13474K->13474K(21504K)], 0.0507680 secs] [Times: user=0.36 sys=0.00, real=0.04 secs] 
46.788: Total time for which application threads were stopped: 0.0511800 seconds, Stopping threads took: 0.0000250 seconds
46.788: Application time: 0.0001380 seconds
46.788: [Full GC [PSYoungGen: 69120K->69070K(80384K)] [ParOldGen: 182738K->182738K(182784K)] 251858K->251808K(263168K) [PSPermGen: 13474K->13474K(21504K)], 0.0507490 secs] [Times: user=0.35 sys=0.00, real=0.06 secs] 
46.839: Total time for which application threads were stopped: 0.0511910 seconds, Stopping threads took: 0.0000570 seconds
46.839: Application time: 0.0001180 seconds
46.839: [Full GC [PSYoungGen: 69120K->69071K(80384K)] [ParOldGen: 182738K->182738K(182784K)] 251858K->251809K(263168K) [PSPermGen: 13474K->13474K(21504K)], 0.0525190 secs] [Times: user=0.36 sys=0.00, real=0.05 secs] 
46.892: Total time for which application threads were stopped: 0.0529260 seconds, Stopping threads took: 0.0000320 seconds
46.892: Application time: 0.0001180 seconds
46.893: [Full GC [PSYoungGen: 69120K->69072K(80384K)] [ParOldGen: 182738K->182738K(182784K)] 251858K->251810K(263168K) [PSPermGen: 13474K->13474K(21504K)], 0.0507430 secs] [Times: user=0.35 sys=0.00, real=0.05 secs] 
46.943: Total time for which application threads were stopped: 0.0511510 seconds, Stopping threads took: 0.0000330 seconds
46.943: Application time: 0.0001210 seconds
46.944: [Full GC [PSYoungGen: 69120K->69072K(80384K)] [ParOldGen: 182738K->182738K(182784K)] 251858K->251810K(263168K) [PSPermGen: 13474K->13474K(21504K)], 0.0505800 secs] [Times: user=0.35 sys=0.00, real=0.05 secs] 
46.994: Total time for which application threads were stopped: 0.0509950 seconds, Stopping threads took: 0.0000220 seconds
46.995: Application time: 0.0001210 seconds
46.995: [Full GC [PSYoungGen: 69120K->69074K(80384K)] [ParOldGen: 182738K->182738K(182784K)] 251858K->251812K(263168K) [PSPermGen: 13474K->13474K(21504K)], 0.0504820 secs] [Times: user=0.35 sys=0.00, real=0.05 secs] 
47.045: Total time for which application threads were stopped: 0.0508900 seconds, Stopping threads took: 0.0000240 seconds
47.046: Application time: 0.0000760 seconds
47.046: [Full GC [PSYoungGen: 69120K->69108K(80384K)] [ParOldGen: 182738K->182738K(182784K)] 251858K->251846K(263168K) [PSPermGen: 13474K->13474K(21504K)], 0.0508180 secs] [Times: user=0.35 sys=0.00, real=0.06 secs] 
47.097: Total time for which application threads were stopped: 0.0512150 seconds, Stopping threads took: 0.0000180 seconds
47.097: Application time: 0.0000860 seconds
47.097: [Full GC [PSYoungGen: 69120K->69108K(80384K)] [ParOldGen: 182738K->182738K(182784K)] 251858K->251846K(263168K) [PSPermGen: 13474K->13474K(21504K)], 0.0508240 secs] [Times: user=0.35 sys=0.00, real=0.04 secs] 
47.148: Total time for which application threads were stopped: 0.0512310 seconds, Stopping threads took: 0.0000280 seconds
47.148: Application time: 0.0000840 seconds
47.149: [Full GC [PSYoungGen: 69120K->69108K(80384K)] [ParOldGen: 182738K->182738K(182784K)] 251858K->251846K(263168K) [PSPermGen: 13474K->13474K(21504K)], 0.0507020 secs] [Times: user=0.35 sys=0.00, real=0.06 secs] 
47.199: Total time for which application threads were stopped: 0.0511340 seconds, Stopping threads took: 0.0000520 seconds
47.199: Application time: 0.0000730 seconds
47.200: [Full GC [PSYoungGen: 69120K->69108K(80384K)] [ParOldGen: 182738K->182738K(182784K)] 251858K->251846K(263168K) [PSPermGen: 13474K->13474K(21504K)], 0.0509120 secs] [Times: user=0.36 sys=0.00, real=0.05 secs] 
47.251: Total time for which application threads were stopped: 0.0513460 seconds, Stopping threads took: 0.0000350 seconds
47.251: Application time: 0.0000760 seconds
47.251: [Full GC [PSYoungGen: 69120K->69108K(80384K)] [ParOldGen: 182738K->182738K(182784K)] 251858K->251846K(263168K) [PSPermGen: 13474K->13474K(21504K)], 0.0507610 secs] [Times: user=0.35 sys=0.00, real=0.05 secs] 
47.302: Total time for which application threads were stopped: 0.0511540 seconds, Stopping threads took: 0.0000170 seconds
47.302: Application time: 0.0000870 seconds
47.302: Total time for which application threads were stopped: 0.0003380 seconds, Stopping threads took: 0.0000320 seconds
47.302: Application time: 0.0000170 seconds
47.302: [Full GC [PSYoungGen: 69120K->69109K(80384K)] [ParOldGen: 182738K->182738K(182784K)] 251858K->251847K(263168K) [PSPermGen: 13474K->13474K(21504K)], 0.0508060 secs] [Times: user=0.35 sys=0.00, real=0.05 secs] 
47.353: Total time for which application threads were stopped: 0.0509450 seconds, Stopping threads took: 0.0000200 seconds
47.353: Application time: 0.0000910 seconds
47.354: [Full GC [PSYoungGen: 69120K->69108K(80384K)] [ParOldGen: 182740K->182739K(182784K)] 251860K->251847K(263168K) [PSPermGen: 13474K->13474K(21504K)], 0.0504920 secs] [Times: user=0.35 sys=0.00, real=0.05 secs] 
47.404: Total time for which application threads were stopped: 0.0509100 seconds, Stopping threads took: 0.0000360 seconds
47.404: Application time: 0.0000770 seconds
47.405: [Full GC [PSYoungGen: 69120K->69109K(80384K)] [ParOldGen: 182739K->182738K(182784K)] 251859K->251848K(263168K) [PSPermGen: 13474K->13474K(21504K)], 0.0507990 secs] [Times: user=0.36 sys=0.00, real=0.05 secs] 
47.456: Total time for which application threads were stopped: 0.0512100 seconds, Stopping threads took: 0.0000150 seconds
47.456: Application time: 0.0000770 seconds
47.456: [Full GC [PSYoungGen: 69120K->69109K(80384K)] [ParOldGen: 182738K->182738K(182784K)] 251858K->251847K(263168K) [PSPermGen: 13474K->13474K(21504K)], 0.0504030 secs] [Times: user=0.35 sys=0.00, real=0.05 secs] 
47.507: Total time for which application threads were stopped: 0.0508390 seconds, Stopping threads took: 0.0000500 seconds
47.507: Application time: 0.0000600 seconds
47.507: [Full GC [PSYoungGen: 69120K->69110K(80384K)] [ParOldGen: 182738K->182738K(182784K)] 251858K->251848K(263168K) [PSPermGen: 13474K->13474K(21504K)], 0.0504480 secs] [Times: user=0.35 sys=0.00, real=0.06 secs] 
47.557: Total time for which application threads were stopped: 0.0508550 seconds, Stopping threads took: 0.0000190 seconds
47.558: Application time: 0.0000770 seconds
47.558: [Full GC [PSYoungGen: 69120K->69110K(80384K)] [ParOldGen: 182738K->182738K(182784K)] 251858K->251849K(263168K) [PSPermGen: 13474K->13474K(21504K)], 0.0506960 secs] [Times: user=0.35 sys=0.00, real=0.05 secs] 
47.609: Total time for which application threads were stopped: 0.0511130 seconds, Stopping threads took: 0.0000230 seconds
47.609: Application time: 0.0000630 seconds
47.609: [Full GC [PSYoungGen: 69120K->69110K(80384K)] [ParOldGen: 182738K->182738K(182784K)] 251858K->251848K(263168K) [PSPermGen: 13474K->13474K(21504K)], 0.0505090 secs] [Times: user=0.35 sys=0.00, real=0.05 secs] 
47.660: Total time for which application threads were stopped: 0.0509110 seconds, Stopping threads took: 0.0000260 seconds
47.660: Application time: 0.0001050 seconds
47.660: [Full GC [PSYoungGen: 69120K->69111K(80384K)] [ParOldGen: 182738K->182738K(182784K)] 251858K->251849K(263168K) [PSPermGen: 13474K->13474K(21504K)], 0.0505760 secs] [Times: user=0.35 sys=0.00, real=0.05 secs] 
47.711: Total time for which application threads were stopped: 0.0509760 seconds, Stopping threads took: 0.0000230 seconds
47.711: Application time: 0.0000680 seconds
47.711: [Full GC [PSYoungGen: 69120K->69111K(80384K)] [ParOldGen: 182738K->182738K(182784K)] 251858K->251849K(263168K) [PSPermGen: 13474K->13474K(21504K)], 0.0537430 secs] [Times: user=0.37 sys=0.00, real=0.05 secs] 
47.765: Total time for which application threads were stopped: 0.0541750 seconds, Stopping threads took: 0.0000260 seconds
47.765: Application time: 0.0000850 seconds
47.765: [Full GC [PSYoungGen: 69120K->69111K(80384K)] [ParOldGen: 182738K->182738K(182784K)] 251858K->251849K(263168K) [PSPermGen: 13474K->13474K(21504K)], 0.0507260 secs] [Times: user=0.35 sys=0.00, real=0.05 secs] 
47.816: Total time for which application threads were stopped: 0.0511460 seconds, Stopping threads took: 0.0000430 seconds
47.816: Application time: 0.0000680 seconds
47.817: [Full GC [PSYoungGen: 69120K->69111K(80384K)] [ParOldGen: 182738K->182738K(182784K)] 251858K->251849K(263168K) [PSPermGen: 13474K->13474K(21504K)], 0.0505070 secs] [Times: user=0.36 sys=0.00, real=0.04 secs] 
47.867: Total time for which application threads were stopped: 0.0509160 seconds, Stopping threads took: 0.0000210 seconds
47.867: Application time: 0.0000610 seconds
47.868: [Full GC [PSYoungGen: 69120K->69111K(80384K)] [ParOldGen: 182738K->182738K(182784K)] 251858K->251849K(263168K) [PSPermGen: 13474K->13474K(21504K)], 0.0526270 secs] [Times: user=0.36 sys=0.00, real=0.06 secs] 
47.920: Total time for which application threads were stopped: 0.0530410 seconds, Stopping threads took: 0.0000340 seconds
47.920: Application time: 0.0000670 seconds
47.921: [Full GC [PSYoungGen: 69120K->69111K(80384K)] [ParOldGen: 182738K->182738K(182784K)] 251858K->251849K(263168K) [PSPermGen: 13474K->13474K(21504K)], 0.0502090 secs] [Times: user=0.35 sys=0.00, real=0.05 secs] 
47.971: Total time for which application threads were stopped: 0.0506250 seconds, Stopping threads took: 0.0000250 seconds
47.971: Application time: 0.0000560 seconds
47.971: [Full GC [PSYoungGen: 69119K->69111K(80384K)] [ParOldGen: 182738K->182738K(182784K)] 251858K->251849K(263168K) [PSPermGen: 13474K->13474K(21504K)], 0.0505930 secs] [Times: user=0.35 sys=0.00, real=0.05 secs] 
48.022: Total time for which application threads were stopped: 0.0510120 seconds, Stopping threads took: 0.0000350 seconds
48.022: Application time: 0.0000620 seconds
48.022: [Full GC [PSYoungGen: 69120K->69111K(80384K)] [ParOldGen: 182738K->182738K(182784K)] 251858K->251849K(263168K) [PSPermGen: 13474K->13474K(21504K)], 0.0508510 secs] [Times: user=0.35 sys=0.00, real=0.05 secs] 
48.073: Total time for which application threads were stopped: 0.0512890 seconds, Stopping threads took: 0.0000440 seconds
48.073: Application time: 0.0000650 seconds
48.074: [Full GC [PSYoungGen: 69120K->69112K(80384K)] [ParOldGen: 182738K->182738K(182784K)] 251858K->251850K(263168K) [PSPermGen: 13474K->13474K(21504K)], 0.0507460 secs] [Times: user=0.35 sys=0.00, real=0.05 secs] 
48.125: Total time for which application threads were stopped: 0.0511550 seconds, Stopping threads took: 0.0000180 seconds
48.125: Application time: 0.0000660 seconds
48.125: [Full GC [PSYoungGen: 69120K->69112K(80384K)] [ParOldGen: 182738K->182738K(182784K)] 251858K->251850K(263168K) [PSPermGen: 13474K->13474K(21504K)], 0.0505010 secs] [Times: user=0.35 sys=0.00, real=0.05 secs] 
48.176: Total time for which application threads were stopped: 0.0509240 seconds, Stopping threads took: 0.0000420 seconds
48.176: Application time: 0.0000550 seconds
48.176: [Full GC [PSYoungGen: 69120K->69111K(80384K)] [ParOldGen: 182738K->182738K(182784K)] 251858K->251849K(263168K) [PSPermGen: 13474K->13474K(21504K)], 0.0505540 secs] [Times: user=0.35 sys=0.00, real=0.05 secs] 
48.227: Total time for which application threads were stopped: 0.0509570 seconds, Stopping threads took: 0.0000260 seconds
48.227: Application time: 0.0000730 seconds
48.227: [Full GC [PSYoungGen: 69120K->69112K(80384K)] [ParOldGen: 182738K->182738K(182784K)] 251858K->251850K(263168K) [PSPermGen: 13474K->13474K(21504K)], 0.0506040 secs] [Times: user=0.35 sys=0.00, real=0.06 secs] 
48.278: Total time for which application threads were stopped: 0.0510310 seconds, Stopping threads took: 0.0000260 seconds
48.278: Application time: 0.0000690 seconds
48.278: [Full GC [PSYoungGen: 69120K->69112K(80384K)] [ParOldGen: 182738K->182738K(182784K)] 251858K->251850K(263168K) [PSPermGen: 13474K->13474K(21504K)], 0.0507200 secs] [Times: user=0.35 sys=0.00, real=0.05 secs] 
48.329: Total time for which application threads were stopped: 0.0511640 seconds, Stopping threads took: 0.0000620 seconds
48.329: Application time: 0.0000620 seconds
48.329: [Full GC [PSYoungGen: 69120K->69112K(80384K)] [ParOldGen: 182738K->182738K(182784K)] 251858K->251850K(263168K) [PSPermGen: 13474K->13474K(21504K)], 0.0506630 secs] [Times: user=0.36 sys=0.00, real=0.05 secs] 
48.380: Total time for which application threads were stopped: 0.0511150 seconds, Stopping threads took: 0.0000690 seconds
48.380: Application time: 0.0000470 seconds
48.381: [Full GC [PSYoungGen: 69120K->69111K(80384K)] [ParOldGen: 182738K->182738K(182784K)] 251858K->251849K(263168K) [PSPermGen: 13474K->13474K(21504K)], 0.0510590 secs] [Times: user=0.35 sys=0.01, real=0.05 secs] 
48.432: Total time for which application threads were stopped: 0.0514700 seconds, Stopping threads took: 0.0000280 seconds
48.432: Application time: 0.0000620 seconds
48.432: [Full GC [PSYoungGen: 69120K->69111K(80384K)] [ParOldGen: 182738K->182738K(182784K)] 251858K->251849K(263168K) [PSPermGen: 13474K->13474K(21504K)], 0.0508530 secs] [Times: user=0.35 sys=0.00, real=0.05 secs] 
48.483: Total time for which application threads were stopped: 0.0512830 seconds, Stopping threads took: 0.0000530 seconds
48.483: Application time: 0.0000640 seconds
48.483: [Full GC [PSYoungGen: 69120K->69110K(80384K)] [ParOldGen: 182738K->182738K(182784K)] 251858K->251848K(263168K) [PSPermGen: 13474K->13474K(21504K)], 0.0504070 secs] [Times: user=0.35 sys=0.00, real=0.05 secs] 
48.534: Total time for which application threads were stopped: 0.0508340 seconds, Stopping threads took: 0.0000440 seconds
48.534: Application time: 0.0000630 seconds
48.534: [Full GC [PSYoungGen: 69120K->69111K(80384K)] [ParOldGen: 182738K->182738K(182784K)] 251858K->251849K(263168K) [PSPermGen: 13474K->13474K(21504K)], 0.0502930 secs] [Times: user=0.35 sys=0.00, real=0.05 secs] 
48.585: Total time for which application threads were stopped: 0.0507030 seconds, Stopping threads took: 0.0000300 seconds
48.585: Application time: 0.0000700 seconds
48.585: [Full GC [PSYoungGen: 69120K->69111K(80384K)] [ParOldGen: 182738K->182738K(182784K)] 251858K->251849K(263168K) [PSPermGen: 13474K->13474K(21504K)], 0.0504830 secs] [Times: user=0.35 sys=0.00, real=0.05 secs] 
48.636: Total time for which application threads were stopped: 0.0509190 seconds, Stopping threads took: 0.0000420 seconds
48.636: Application time: 0.0000760 seconds
48.636: [Full GC [PSYoungGen: 69120K->69110K(80384K)] [ParOldGen: 182738K->182738K(182784K)] 251858K->251848K(263168K) [PSPermGen: 13474K->13474K(21504K)], 0.0506680 secs] [Times: user=0.35 sys=0.00, real=0.05 secs] 
48.687: Total time for which application threads were stopped: 0.0510920 seconds, Stopping threads took: 0.0000480 seconds
48.687: Application time: 0.0000760 seconds
48.687: [Full GC [PSYoungGen: 69120K->69108K(80384K)] [ParOldGen: 182738K->182738K(182784K)] 251858K->251846K(263168K) [PSPermGen: 13474K->13474K(21504K)], 0.0507420 secs] [Times: user=0.36 sys=0.00, real=0.06 secs] 
48.738: Total time for which application threads were stopped: 0.0511840 seconds, Stopping threads took: 0.0000260 seconds
48.738: Application time: 0.0000810 seconds
48.739: [Full GC [PSYoungGen: 69120K->69108K(80384K)] [ParOldGen: 182738K->182738K(182784K)] 251858K->251846K(263168K) [PSPermGen: 13474K->13474K(21504K)], 0.0504810 secs] [Times: user=0.34 sys=0.01, real=0.05 secs] 
48.789: Total time for which application threads were stopped: 0.0509240 seconds, Stopping threads took: 0.0000410 seconds
48.789: Application time: 0.0000960 seconds
48.790: [Full GC [PSYoungGen: 69120K->69108K(80384K)] [ParOldGen: 182738K->182738K(182784K)] 251858K->251846K(263168K) [PSPermGen: 13474K->13474K(21504K)], 0.0508210 secs] [Times: user=0.35 sys=0.01, real=0.05 secs] 
48.840: Total time for which application threads were stopped: 0.0512350 seconds, Stopping threads took: 0.0000350 seconds
48.841: Application time: 0.0000830 seconds
48.841: [Full GC [PSYoungGen: 69120K->69109K(80384K)] [ParOldGen: 182738K->182738K(182784K)] 251858K->251847K(263168K) [PSPermGen: 13474K->13474K(21504K)], 0.0537110 secs] [Times: user=0.37 sys=0.00, real=0.05 secs] 
48.895: Total time for which application threads were stopped: 0.0541230 seconds, Stopping threads took: 0.0000230 seconds
48.895: Application time: 0.0000840 seconds
48.895: [Full GC [PSYoungGen: 69120K->69109K(80384K)] [ParOldGen: 182738K->182738K(182784K)] 251858K->251847K(263168K) [PSPermGen: 13474K->13474K(21504K)], 0.0505430 secs] [Times: user=0.35 sys=0.00, real=0.05 secs] 
48.946: Total time for which application threads were stopped: 0.0510200 seconds, Stopping threads took: 0.0000200 seconds
48.946: Application time: 0.0000860 seconds
48.946: [Full GC [PSYoungGen: 69120K->69109K(80384K)] [ParOldGen: 182738K->182738K(182784K)] 251858K->251847K(263168K) [PSPermGen: 13474K->13474K(21504K)], 0.0505550 secs] [Times: user=0.35 sys=0.00, real=0.06 secs] 
48.997: Total time for which application threads were stopped: 0.0509690 seconds, Stopping threads took: 0.0000260 seconds
48.997: Application time: 0.0000640 seconds
48.997: [Full GC [PSYoungGen: 69120K->69109K(80384K)] [ParOldGen: 182738K->182738K(182784K)] 251858K->251847K(263168K) [PSPermGen: 13474K->13474K(21504K)], 0.0507970 secs] [Times: user=0.35 sys=0.00, real=0.04 secs] 
49.048: Total time for which application threads were stopped: 0.0512430 seconds, Stopping threads took: 0.0000420 seconds
49.048: Application time: 0.0000970 seconds
49.049: [Full GC [PSYoungGen: 69120K->69109K(80384K)] [ParOldGen: 182738K->182738K(182784K)] 251858K->251847K(263168K) [PSPermGen: 13474K->13474K(21504K)], 0.0503780 secs] [Times: user=0.36 sys=0.00, real=0.05 secs] 
49.099: Total time for which application threads were stopped: 0.0508240 seconds, Stopping threads took: 0.0000200 seconds
49.099: Application time: 0.0000970 seconds
49.100: [Full GC [PSYoungGen: 69120K->69109K(80384K)] [ParOldGen: 182738K->182738K(182784K)] 251858K->251847K(263168K) [PSPermGen: 13474K->13474K(21504K)], 0.0507780 secs] [Times: user=0.35 sys=0.00, real=0.05 secs] 
49.150: Total time for which application threads were stopped: 0.0512220 seconds, Stopping threads took: 0.0000230 seconds
49.150: Application time: 0.0000820 seconds
49.151: [Full GC [PSYoungGen: 69120K->69109K(80384K)] [ParOldGen: 182738K->182738K(182784K)] 251858K->251848K(263168K) [PSPermGen: 13474K->13474K(21504K)], 0.0503120 secs] [Times: user=0.35 sys=0.00, real=0.05 secs] 
49.201: Total time for which application threads were stopped: 0.0507280 seconds, Stopping threads took: 0.0000240 seconds
49.201: Application time: 0.0000810 seconds
49.202: [Full GC [PSYoungGen: 69120K->69110K(80384K)] [ParOldGen: 182738K->182738K(182784K)] 251858K->251848K(263168K) [PSPermGen: 13474K->13474K(21504K)], 0.0503710 secs] [Times: user=0.35 sys=0.00, real=0.05 secs] 
49.252: Total time for which application threads were stopped: 0.0508670 seconds, Stopping threads took: 0.0000250 seconds
49.252: Application time: 0.0000710 seconds
49.253: [Full GC [PSYoungGen: 69120K->69110K(80384K)] [ParOldGen: 182738K->182738K(182784K)] 251858K->251848K(263168K) [PSPermGen: 13474K->13474K(21504K)], 0.0508970 secs] [Times: user=0.35 sys=0.00, real=0.05 secs] 
49.304: Total time for which application threads were stopped: 0.0513520 seconds, Stopping threads took: 0.0000450 seconds
49.304: Application time: 0.0000870 seconds
49.304: [Full GC [PSYoungGen: 69120K->69109K(80384K)] [ParOldGen: 182738K->182738K(182784K)] 251858K->251847K(263168K) [PSPermGen: 13474K->13474K(21504K)], 0.0527070 secs] [Times: user=0.37 sys=0.00, real=0.06 secs] 
49.357: Total time for which application threads were stopped: 0.0531640 seconds, Stopping threads took: 0.0000140 seconds
49.357: Application time: 0.0000690 seconds
49.357: [Full GC [PSYoungGen: 69120K->69110K(80384K)] [ParOldGen: 182738K->182738K(182784K)] 251858K->251848K(263168K) [PSPermGen: 13474K->13474K(21504K)], 0.0505710 secs] [Times: user=0.34 sys=0.00, real=0.04 secs] 
49.408: Total time for which application threads were stopped: 0.0510060 seconds, Stopping threads took: 0.0000250 seconds
49.408: Application time: 0.0000830 seconds
49.408: [Full GC [PSYoungGen: 69120K->69111K(80384K)] [ParOldGen: 182738K->182738K(182784K)] 251858K->251849K(263168K) [PSPermGen: 13474K->13474K(21504K)], 0.0505590 secs] [Times: user=0.35 sys=0.00, real=0.06 secs] 
49.459: Total time for which application threads were stopped: 0.0510180 seconds, Stopping threads took: 0.0000140 seconds
49.459: Application time: 0.0000690 seconds
49.459: [Full GC [PSYoungGen: 69120K->69111K(80384K)] [ParOldGen: 182738K->182738K(182784K)] 251858K->251849K(263168K) [PSPermGen: 13474K->13474K(21504K)], 0.0506070 secs] [Times: user=0.35 sys=0.00, real=0.05 secs] 
49.510: Total time for which application threads were stopped: 0.0510590 seconds, Stopping threads took: 0.0000360 seconds
49.510: Application time: 0.0000640 seconds
49.511: [Full GC [PSYoungGen: 69120K->69112K(80384K)] [ParOldGen: 182738K->182738K(182784K)] 251858K->251850K(263168K) [PSPermGen: 13474K->13474K(21504K)], 0.0507780 secs] [Times: user=0.35 sys=0.00, real=0.05 secs] 
49.561: Total time for which application threads were stopped: 0.0512530 seconds, Stopping threads took: 0.0000320 seconds
49.562: Application time: 0.0000820 seconds
49.562: [Full GC [PSYoungGen: 69120K->69112K(80384K)] [ParOldGen: 182738K->182738K(182784K)] 251858K->251850K(263168K) [PSPermGen: 13474K->13474K(21504K)], 0.0502750 secs] [Times: user=0.35 sys=0.00, real=0.05 secs] 
49.612: Total time for which application threads were stopped: 0.0507280 seconds, Stopping threads took: 0.0000140 seconds
49.612: Application time: 0.0000630 seconds
49.613: [Full GC [PSYoungGen: 69120K->69111K(80384K)] [ParOldGen: 182738K->182738K(182784K)] 251858K->251849K(263168K) [PSPermGen: 13474K->13474K(21504K)], 0.0507540 secs] [Times: user=0.35 sys=0.00, real=0.05 secs] 
49.664: Total time for which application threads were stopped: 0.0512520 seconds, Stopping threads took: 0.0000280 seconds
49.664: Application time: 0.0000630 seconds
49.664: [Full GC [PSYoungGen: 69119K->69112K(80384K)] [ParOldGen: 182738K->182738K(182784K)] 251858K->251850K(263168K) [PSPermGen: 13474K->13474K(21504K)], 0.0518940 secs] [Times: user=0.36 sys=0.00, real=0.05 secs] 
49.716: Total time for which application threads were stopped: 0.0523730 seconds, Stopping threads took: 0.0000830 seconds
49.716: Application time: 0.0000760 seconds
49.716: [Full GC [PSYoungGen: 69120K->69112K(80384K)] [ParOldGen: 182738K->182738K(182784K)] 251858K->251850K(263168K) [PSPermGen: 13474K->13474K(21504K)], 0.0504970 secs] [Times: user=0.35 sys=0.00, real=0.05 secs] 
49.767: Total time for which application threads were stopped: 0.0509260 seconds, Stopping threads took: 0.0000470 seconds
49.767: Application time: 0.0000670 seconds
49.767: [Full GC [PSYoungGen: 69120K->69112K(80384K)] [ParOldGen: 182738K->182738K(182784K)] 251858K->251850K(263168K) [PSPermGen: 13474K->13474K(21504K)], 0.0505810 secs] [Times: user=0.35 sys=0.00, real=0.06 secs] 
49.818: Total time for which application threads were stopped: 0.0510350 seconds, Stopping threads took: 0.0000350 seconds
49.818: Application time: 0.0000690 seconds
49.819: [Full GC [PSYoungGen: 69120K->69113K(80384K)] [ParOldGen: 182738K->182738K(182784K)] 251858K->251851K(263168K) [PSPermGen: 13474K->13474K(21504K)], 0.0507550 secs] [Times: user=0.35 sys=0.00, real=0.05 secs] 
49.869: Total time for which application threads were stopped: 0.0511710 seconds, Stopping threads took: 0.0000360 seconds
49.869: Application time: 0.0000560 seconds
49.870: [Full GC [PSYoungGen: 69120K->69113K(80384K)] [ParOldGen: 182738K->182738K(182784K)] 251858K->251851K(263168K) [PSPermGen: 13474K->13474K(21504K)], 0.0516380 secs] [Times: user=0.36 sys=0.00, real=0.05 secs] 
49.921: Total time for which application threads were stopped: 0.0520190 seconds, Stopping threads took: 0.0000070 seconds
49.921: Application time: 0.0000700 seconds
49.922: [Full GC [PSYoungGen: 69120K->69114K(80384K)] [ParOldGen: 182738K->182738K(182784K)] 251858K->251852K(263168K) [PSPermGen: 13474K->13474K(21504K)], 0.0505020 secs] [Times: user=0.35 sys=0.00, real=0.05 secs] 
49.972: Total time for which application threads were stopped: 0.0508950 seconds, Stopping threads took: 0.0000090 seconds
49.972: Application time: 0.0000450 seconds
49.973: [Full GC [PSYoungGen: 69120K->69115K(80384K)] [ParOldGen: 182738K->182738K(182784K)] 251858K->251853K(263168K) [PSPermGen: 13474K->13474K(21504K)], 0.0504350 secs] [Times: user=0.35 sys=0.01, real=0.05 secs] 
50.023: Total time for which application threads were stopped: 0.0508320 seconds, Stopping threads took: 0.0000080 seconds
50.023: Application time: 0.0000540 seconds
50.024: [Full GC [PSYoungGen: 69120K->69115K(80384K)] [ParOldGen: 182738K->182738K(182784K)] 251858K->251853K(263168K) [PSPermGen: 13474K->13474K(21504K)], 0.0508270 secs] [Times: user=0.35 sys=0.00, real=0.05 secs] 
50.075: Total time for which application threads were stopped: 0.0512510 seconds, Stopping threads took: 0.0000450 seconds
50.075: Application time: 0.0000480 seconds
50.075: [Full GC [PSYoungGen: 69120K->69116K(80384K)] [ParOldGen: 182738K->182738K(182784K)] 251858K->251854K(263168K) [PSPermGen: 13474K->13474K(21504K)], 0.0504550 secs] [Times: user=0.35 sys=0.00, real=0.05 secs] 
50.125: Total time for which application threads were stopped: 0.0508510 seconds, Stopping threads took: 0.0000180 seconds
50.126: Application time: 0.0000460 seconds
50.126: [Full GC [PSYoungGen: 69120K->69115K(80384K)] [ParOldGen: 182738K->182738K(182784K)] 251858K->251853K(263168K) [PSPermGen: 13474K->13474K(21504K)], 0.0504530 secs] [Times: user=0.34 sys=0.00, real=0.05 secs] 
50.176: Total time for which application threads were stopped: 0.0508610 seconds, Stopping threads took: 0.0000250 seconds
50.176: Application time: 0.0000390 seconds
50.177: [Full GC [PSYoungGen: 69120K->69116K(80384K)] [ParOldGen: 182738K->182738K(182784K)] 251858K->251854K(263168K) [PSPermGen: 13474K->13474K(21504K)], 0.0541890 secs] [Times: user=0.38 sys=0.00, real=0.05 secs] 
50.231: Total time for which application threads were stopped: 0.0546010 seconds, Stopping threads took: 0.0000250 seconds
50.231: Application time: 0.0000510 seconds
50.231: [Full GC [PSYoungGen: 69120K->69116K(80384K)] [ParOldGen: 182738K->182738K(182784K)] 251858K->251854K(263168K) [PSPermGen: 13474K->13474K(21504K)], 0.0536610 secs] [Times: user=0.37 sys=0.00, real=0.05 secs] 
50.285: Total time for which application threads were stopped: 0.0540700 seconds, Stopping threads took: 0.0000180 seconds
50.285: Application time: 0.0000380 seconds
50.286: [Full GC [PSYoungGen: 69120K->69115K(80384K)] [ParOldGen: 182738K->182738K(182784K)] 251858K->251854K(263168K) [PSPermGen: 13474K->13474K(21504K)], 0.0505180 secs] [Times: user=0.35 sys=0.00, real=0.05 secs] 
50.336: Total time for which application threads were stopped: 0.0509390 seconds, Stopping threads took: 0.0000180 seconds
50.336: Application time: 0.0000440 seconds
50.337: [Full GC [PSYoungGen: 69120K->69115K(80384K)] [ParOldGen: 182738K->182738K(182784K)] 251858K->251853K(263168K) [PSPermGen: 13474K->13474K(21504K)], 0.0523190 secs] [Times: user=0.36 sys=0.01, real=0.06 secs] 
50.389: Total time for which application threads were stopped: 0.0527150 seconds, Stopping threads took: 0.0000180 seconds
50.389: Application time: 0.0000400 seconds
50.389: [Full GC [PSYoungGen: 69120K->69116K(80384K)] [ParOldGen: 182738K->182738K(182784K)] 251858K->251854K(263168K) [PSPermGen: 13474K->13474K(21504K)], 0.0505930 secs] [Times: user=0.35 sys=0.00, real=0.05 secs] 
50.440: Total time for which application threads were stopped: 0.0509830 seconds, Stopping threads took: 0.0000080 seconds
50.440: Application time: 0.0000560 seconds
50.440: [Full GC [PSYoungGen: 69120K->69115K(80384K)] [ParOldGen: 182738K->182738K(182784K)] 251858K->251854K(263168K) [PSPermGen: 13474K->13474K(21504K)], 0.0502680 secs] [Times: user=0.35 sys=0.00, real=0.05 secs] 
50.491: Total time for which application threads were stopped: 0.0506650 seconds, Stopping threads took: 0.0000090 seconds
50.491: Application time: 0.0000600 seconds
50.491: [Full GC [PSYoungGen: 69120K->69115K(80384K)] [ParOldGen: 182738K->182738K(182784K)] 251858K->251854K(263168K) [PSPermGen: 13474K->13474K(21504K)], 0.0505450 secs] [Times: user=0.35 sys=0.00, real=0.05 secs] 
50.542: Total time for which application threads were stopped: 0.0509340 seconds, Stopping threads took: 0.0000130 seconds
50.542: Application time: 0.0000520 seconds
50.542: [Full GC [PSYoungGen: 69120K->69116K(80384K)] [ParOldGen: 182738K->182738K(182784K)] 251858K->251854K(263168K) [PSPermGen: 13474K->13474K(21504K)], 0.0506530 secs] [Times: user=0.35 sys=0.00, real=0.05 secs] 
50.593: Total time for which application threads were stopped: 0.0510730 seconds, Stopping threads took: 0.0000220 seconds
50.593: Application time: 0.0000520 seconds
50.593: [Full GC [PSYoungGen: 69120K->69115K(80384K)] [ParOldGen: 182738K->182738K(182784K)] 251858K->251854K(263168K) [PSPermGen: 13474K->13474K(21504K)], 0.0514950 secs] [Times: user=0.34 sys=0.00, real=0.05 secs] 
50.645: Total time for which application threads were stopped: 0.0518960 seconds, Stopping threads took: 0.0000240 seconds
50.645: Application time: 0.0000500 seconds
50.645: [Full GC [PSYoungGen: 69120K->69115K(80384K)] [ParOldGen: 182738K->182738K(182784K)] 251858K->251853K(263168K) [PSPermGen: 13474K->13474K(21504K)], 0.0503650 secs] [Times: user=0.34 sys=0.00, real=0.05 secs] 
50.696: Total time for which application threads were stopped: 0.0508000 seconds, Stopping threads took: 0.0000490 seconds
50.696: Application time: 0.0000540 seconds
50.696: [Full GC [PSYoungGen: 69120K->69115K(80384K)] [ParOldGen: 182738K->182738K(182784K)] 251858K->251853K(263168K) [PSPermGen: 13474K->13474K(21504K)], 0.0536740 secs] [Times: user=0.37 sys=0.00, real=0.06 secs] 
50.750: Total time for which application threads were stopped: 0.0540800 seconds, Stopping threads took: 0.0000220 seconds
50.750: Application time: 0.0000410 seconds
50.750: [Full GC [PSYoungGen: 69120K->69116K(80384K)] [ParOldGen: 182738K->182738K(182784K)] 251858K->251854K(263168K) [PSPermGen: 13474K->13474K(21504K)], 0.0504420 secs] [Times: user=0.35 sys=0.00, real=0.05 secs] 
50.801: Total time for which application threads were stopped: 0.0508310 seconds, Stopping threads took: 0.0000120 seconds
50.801: Application time: 0.0000580 seconds
50.801: [Full GC [PSYoungGen: 69120K->69116K(80384K)] [ParOldGen: 182738K->182738K(182784K)] 251858K->251854K(263168K) [PSPermGen: 13474K->13474K(21504K)], 0.0538640 secs] [Times: user=0.38 sys=0.00, real=0.05 secs] 
50.855: Total time for which application threads were stopped: 0.0542750 seconds, Stopping threads took: 0.0000080 seconds
50.855: Application time: 0.0000750 seconds
50.855: [Full GC [PSYoungGen: 69120K->69116K(80384K)] [ParOldGen: 182738K->182738K(182784K)] 251858K->251854K(263168K) [PSPermGen: 13474K->13474K(21504K)], 0.0505980 secs] [Times: user=0.35 sys=0.00, real=0.05 secs] 
50.906: Total time for which application threads were stopped: 0.0509960 seconds, Stopping threads took: 0.0000180 seconds
50.906: Application time: 0.0000670 seconds
50.906: [Full GC [PSYoungGen: 69120K->69116K(80384K)] [ParOldGen: 182738K->182738K(182784K)] 251858K->251854K(263168K) [PSPermGen: 13474K->13474K(21504K)], 0.0505430 secs] [Times: user=0.35 sys=0.00, real=0.06 secs] 
50.957: Total time for which application threads were stopped: 0.0509330 seconds, Stopping threads took: 0.0000080 seconds
50.957: Application time: 0.0000630 seconds
50.957: [Full GC [PSYoungGen: 69120K->69117K(80384K)] [ParOldGen: 182738K->182738K(182784K)] 251858K->251855K(263168K) [PSPermGen: 13474K->13474K(21504K)], 0.0504660 secs] [Times: user=0.35 sys=0.00, real=0.04 secs] 
51.008: Total time for which application threads were stopped: 0.0508580 seconds, Stopping threads took: 0.0000080 seconds
51.008: Application time: 0.0000490 seconds
51.008: [Full GC [PSYoungGen: 69120K->69117K(80384K)] [ParOldGen: 182738K->182738K(182784K)] 251858K->251855K(263168K) [PSPermGen: 13474K->13474K(21504K)], 0.0504590 secs] [Times: user=0.35 sys=0.00, real=0.06 secs] 
51.059: Total time for which application threads were stopped: 0.0508460 seconds, Stopping threads took: 0.0000090 seconds
51.059: Application time: 0.0000410 seconds
51.059: [Full GC [PSYoungGen: 69120K->69117K(80384K)] [ParOldGen: 182738K->182738K(182784K)] 251858K->251855K(263168K) [PSPermGen: 13474K->13474K(21504K)], 0.0507410 secs] [Times: user=0.35 sys=0.00, real=0.05 secs] 
51.110: Total time for which application threads were stopped: 0.0511450 seconds, Stopping threads took: 0.0000230 seconds
51.110: Application time: 0.0000730 seconds
51.110: [Full GC [PSYoungGen: 69120K->69116K(80384K)] [ParOldGen: 182772K->182771K(182784K)] 251892K->251887K(263168K) [PSPermGen: 13474K->13474K(21504K)], 0.0504900 secs] [Times: user=0.35 sys=0.01, real=0.05 secs] 
51.161: Total time for which application threads were stopped: 0.0508950 seconds, Stopping threads took: 0.0000190 seconds
51.161: Application time: 0.0000540 seconds
51.161: [Full GC [PSYoungGen: 69120K->69116K(80384K)] [ParOldGen: 182771K->182771K(182784K)] 251891K->251887K(263168K) [PSPermGen: 13474K->13474K(21504K)], 0.0507160 secs] [Times: user=0.35 sys=0.00, real=0.05 secs] 
51.212: Total time for which application threads were stopped: 0.0511230 seconds, Stopping threads took: 0.0000310 seconds
51.212: Application time: 0.0000570 seconds
51.213: [Full GC [PSYoungGen: 69120K->69116K(80384K)] [ParOldGen: 182771K->182770K(182784K)] 251891K->251887K(263168K) [PSPermGen: 13474K->13474K(21504K)], 0.0504860 secs] [Times: user=0.35 sys=0.00, real=0.05 secs] 
51.263: Total time for which application threads were stopped: 0.0508950 seconds, Stopping threads took: 0.0000260 seconds
51.263: Application time: 0.0000560 seconds
51.263: Total time for which application threads were stopped: 0.0003250 seconds, Stopping threads took: 0.0000130 seconds
51.264: Application time: 0.0000190 seconds
51.264: [Full GC [PSYoungGen: 69120K->69117K(80384K)] [ParOldGen: 182771K->182770K(182784K)] 251891K->251888K(263168K) [PSPermGen: 13474K->13474K(21504K)], 0.0508680 secs] [Times: user=0.35 sys=0.00, real=0.05 secs] 
51.314: Total time for which application threads were stopped: 0.0509840 seconds, Stopping threads took: 0.0000040 seconds
51.315: Application time: 0.0000790 seconds
51.315: [Full GC [PSYoungGen: 69120K->69115K(80384K)] [ParOldGen: 182772K->182771K(182784K)] 251892K->251887K(263168K) [PSPermGen: 13474K->13474K(21504K)], 0.0505170 secs] [Times: user=0.35 sys=0.00, real=0.05 secs] 
51.365: Total time for which application threads were stopped: 0.0509300 seconds, Stopping threads took: 0.0000080 seconds
51.366: Application time: 0.0000460 seconds
51.366: [Full GC [PSYoungGen: 69120K->69116K(80384K)] [ParOldGen: 182771K->182771K(182784K)] 251891K->251887K(263168K) [PSPermGen: 13474K->13474K(21504K)], 0.0505690 secs] [Times: user=0.35 sys=0.00, real=0.05 secs] 
51.417: Total time for which application threads were stopped: 0.0509720 seconds, Stopping threads took: 0.0000180 seconds
51.417: Application time: 0.0000420 seconds
51.417: [Full GC [PSYoungGen: 69120K->69116K(80384K)] [ParOldGen: 182771K->182771K(182784K)] 251891K->251887K(263168K) [PSPermGen: 13474K->13474K(21504K)], 0.0504810 secs] [Times: user=0.35 sys=0.00, real=0.04 secs] 
51.467: Total time for which application threads were stopped: 0.0508910 seconds, Stopping threads took: 0.0000260 seconds
51.468: Application time: 0.0000570 seconds
51.468: [Full GC [PSYoungGen: 69120K->69116K(80384K)] [ParOldGen: 182771K->182771K(182784K)] 251891K->251887K(263168K) [PSPermGen: 13474K->13474K(21504K)], 0.0505300 secs] [Times: user=0.35 sys=0.00, real=0.06 secs] 
51.518: Total time for which application threads were stopped: 0.0509310 seconds, Stopping threads took: 0.0000250 seconds
51.518: Application time: 0.0000460 seconds
51.519: [Full GC [PSYoungGen: 69120K->69117K(80384K)] [ParOldGen: 182771K->182770K(182784K)] 251891K->251888K(263168K) [PSPermGen: 13474K->13474K(21504K)], 0.0511790 secs] [Times: user=0.36 sys=0.00, real=0.05 secs] 
51.570: Total time for which application threads were stopped: 0.0515850 seconds, Stopping threads took: 0.0000290 seconds
51.570: Application time: 0.0000620 seconds
51.570: [Full GC [PSYoungGen: 69120K->69116K(80384K)] [ParOldGen: 182770K->182770K(182784K)] 251890K->251887K(263168K) [PSPermGen: 13474K->13474K(21504K)], 0.0538160 secs] [Times: user=0.37 sys=0.00, real=0.05 secs] 
51.624: Total time for which application threads were stopped: 0.0542100 seconds, Stopping threads took: 0.0000090 seconds
51.624: Application time: 0.0000580 seconds
51.625: [Full GC [PSYoungGen: 69120K->69117K(80384K)] [ParOldGen: 182770K->182770K(182784K)] 251890K->251887K(263168K) [PSPermGen: 13474K->13474K(21504K)], 0.0504330 secs] [Times: user=0.35 sys=0.00, real=0.05 secs] 
51.675: Total time for which application threads were stopped: 0.0508290 seconds, Stopping threads took: 0.0000080 seconds
51.675: Application time: 0.0000450 seconds
51.676: [Full GC [PSYoungGen: 69120K->69117K(80384K)] [ParOldGen: 182770K->182770K(182784K)] 251890K->251888K(263168K) [PSPermGen: 13474K->13474K(21504K)], 0.0507950 secs] [Times: user=0.36 sys=0.00, real=0.05 secs] 
51.726: Total time for which application threads were stopped: 0.0511870 seconds, Stopping threads took: 0.0000090 seconds
51.727: Application time: 0.0000480 seconds
51.727: [Full GC [PSYoungGen: 69120K->69117K(80384K)] [ParOldGen: 182770K->182770K(182784K)] 251890K->251888K(263168K) [PSPermGen: 13474K->13474K(21504K)], 0.0506250 secs] [Times: user=0.35 sys=0.00, real=0.06 secs] 
51.778: Total time for which application threads were stopped: 0.0510290 seconds, Stopping threads took: 0.0000210 seconds
51.778: Application time: 0.0000460 seconds
51.778: [Full GC [PSYoungGen: 69120K->69117K(80384K)] [ParOldGen: 182770K->182770K(182784K)] 251890K->251888K(263168K) [PSPermGen: 13474K->13474K(21504K)], 0.0505260 secs] [Times: user=0.35 sys=0.00, real=0.04 secs] 
51.829: Total time for which application threads were stopped: 0.0509150 seconds, Stopping threads took: 0.0000070 seconds
51.829: Application time: 0.0000600 seconds
51.829: [Full GC [PSYoungGen: 69120K->69118K(80384K)] [ParOldGen: 182770K->182770K(182784K)] 251890K->251888K(263168K) [PSPermGen: 13474K->13474K(21504K)], 0.0506260 secs] [Times: user=0.35 sys=0.01, real=0.05 secs] 
51.880: Total time for which application threads were stopped: 0.0510440 seconds, Stopping threads took: 0.0000140 seconds
51.880: Application time: 0.0000560 seconds
51.880: [Full GC [PSYoungGen: 69120K->69118K(80384K)] [ParOldGen: 182770K->182770K(182784K)] 251890K->251888K(263168K) [PSPermGen: 13474K->13474K(21504K)], 0.0512870 secs] [Times: user=0.35 sys=0.00, real=0.05 secs] 
51.931: Total time for which application threads were stopped: 0.0516780 seconds, Stopping threads took: 0.0000070 seconds
51.931: Application time: 0.0001090 seconds
51.932: [Full GC [PSYoungGen: 69120K->69117K(80384K)] [ParOldGen: 182770K->182770K(182784K)] 251890K->251888K(263168K) [PSPermGen: 13474K->13474K(21504K)], 0.0511330 secs] [Times: user=0.36 sys=0.00, real=0.05 secs] 
51.983: Total time for which application threads were stopped: 0.0515200 seconds, Stopping threads took: 0.0000080 seconds
51.983: Application time: 0.0000540 seconds
51.983: [Full GC [PSYoungGen: 69120K->69118K(80384K)] [ParOldGen: 182770K->182770K(182784K)] 251890K->251888K(263168K) [PSPermGen: 13474K->13474K(21504K)], 0.0505630 secs] [Times: user=0.35 sys=0.00, real=0.05 secs] 
52.034: Total time for which application threads were stopped: 0.0509530 seconds, Stopping threads took: 0.0000080 seconds
52.034: Application time: 0.0000390 seconds
52.034: [Full GC [PSYoungGen: 69120K->69118K(80384K)] [ParOldGen: 182770K->182770K(182784K)] 251890K->251888K(263168K) [PSPermGen: 13474K->13474K(21504K)], 0.0506760 secs] [Times: user=0.35 sys=0.00, real=0.05 secs] 
52.085: Total time for which application threads were stopped: 0.0510690 seconds, Stopping threads took: 0.0000120 seconds
52.085: Application time: 0.0000420 seconds
52.085: [Full GC [PSYoungGen: 69120K->69117K(80384K)] [ParOldGen: 182770K->182770K(182784K)] 251890K->251888K(263168K) [PSPermGen: 13474K->13474K(21504K)], 0.0504330 secs] [Times: user=0.35 sys=0.00, real=0.05 secs] 
52.136: Total time for which application threads were stopped: 0.0508280 seconds, Stopping threads took: 0.0000160 seconds
52.136: Application time: 0.0000460 seconds
52.136: [Full GC [PSYoungGen: 69120K->69118K(80384K)] [ParOldGen: 182770K->182770K(182784K)] 251890K->251888K(263168K) [PSPermGen: 13474K->13474K(21504K)], 0.0523200 secs] [Times: user=0.37 sys=0.00, real=0.06 secs] 
52.189: Total time for which application threads were stopped: 0.0527080 seconds, Stopping threads took: 0.0000080 seconds
52.189: Application time: 0.0000540 seconds
52.189: [Full GC [PSYoungGen: 69120K->69118K(80384K)] [ParOldGen: 182770K->182770K(182784K)] 251890K->251888K(263168K) [PSPermGen: 13474K->13474K(21504K)], 0.0518310 secs] [Times: user=0.36 sys=0.00, real=0.05 secs] 
52.241: Total time for which application threads were stopped: 0.0522270 seconds, Stopping threads took: 0.0000100 seconds
52.241: Application time: 0.0000380 seconds
52.241: [Full GC [PSYoungGen: 69120K->69118K(80384K)] [ParOldGen: 182770K->182770K(182784K)] 251890K->251888K(263168K) [PSPermGen: 13474K->13474K(21504K)], 0.0505200 secs] [Times: user=0.35 sys=0.00, real=0.05 secs] 
52.292: Total time for which application threads were stopped: 0.0509090 seconds, Stopping threads took: 0.0000090 seconds
52.292: Application time: 0.0000390 seconds
52.292: [Full GC [PSYoungGen: 69120K->69118K(80384K)] [ParOldGen: 182770K->182770K(182784K)] 251890K->251888K(263168K) [PSPermGen: 13474K->13474K(21504K)], 0.0526200 secs] [Times: user=0.37 sys=0.00, real=0.05 secs] 
52.345: Total time for which application threads were stopped: 0.0530140 seconds, Stopping threads took: 0.0000120 seconds
52.345: Application time: 0.0000390 seconds
52.345: [Full GC [PSYoungGen: 69120K->69118K(80384K)] [ParOldGen: 182770K->182770K(182784K)] 251890K->251888K(263168K) [PSPermGen: 13474K->13474K(21504K)], 0.0503270 secs] [Times: user=0.35 sys=0.00, real=0.05 secs] 
52.396: Total time for which application threads were stopped: 0.0507530 seconds, Stopping threads took: 0.0000260 seconds
52.396: Application time: 0.0000370 seconds
52.396: [Full GC [PSYoungGen: 69120K->69118K(80384K)] [ParOldGen: 182770K->182770K(182784K)] 251890K->251888K(263168K) [PSPermGen: 13474K->13474K(21504K)], 0.0506020 secs] [Times: user=0.35 sys=0.00, real=0.05 secs] 
52.447: Total time for which application threads were stopped: 0.0510130 seconds, Stopping threads took: 0.0000190 seconds
52.447: Application time: 0.0000400 seconds
52.447: [Full GC [PSYoungGen: 69120K->69118K(80384K)] [ParOldGen: 182770K->182770K(182784K)] 251890K->251888K(263168K) [PSPermGen: 13474K->13474K(21504K)], 0.0506660 secs] [Times: user=0.35 sys=0.00, real=0.06 secs] 
52.498: Total time for which application threads were stopped: 0.0510670 seconds, Stopping threads took: 0.0000240 seconds
52.498: Application time: 0.0000440 seconds
52.498: [Full GC [PSYoungGen: 69120K->69117K(80384K)] [ParOldGen: 182770K->182770K(182784K)] 251890K->251888K(263168K) [PSPermGen: 13474K->13474K(21504K)], 0.0508700 secs] [Times: user=0.35 sys=0.00, real=0.05 secs] 
52.549: Total time for which application threads were stopped: 0.0512610 seconds, Stopping threads took: 0.0000080 seconds
52.549: Application time: 0.0000470 seconds
52.550: [Full GC [PSYoungGen: 69120K->69117K(80384K)] [ParOldGen: 182770K->182770K(182784K)] 251890K->251888K(263168K) [PSPermGen: 13474K->13474K(21504K)], 0.0505940 secs] [Times: user=0.35 sys=0.00, real=0.05 secs] 
52.600: Total time for which application threads were stopped: 0.0509940 seconds, Stopping threads took: 0.0000190 seconds
52.600: Application time: 0.0000470 seconds
52.601: [Full GC [PSYoungGen: 69120K->69117K(80384K)] [ParOldGen: 182770K->182770K(182784K)] 251890K->251888K(263168K) [PSPermGen: 13474K->13474K(21504K)], 0.0507170 secs] [Times: user=0.35 sys=0.00, real=0.05 secs] 
52.651: Total time for which application threads were stopped: 0.0511150 seconds, Stopping threads took: 0.0000080 seconds
52.652: Application time: 0.0000430 seconds
52.652: [Full GC [PSYoungGen: 69120K->69118K(80384K)] [ParOldGen: 182770K->182770K(182784K)] 251890K->251888K(263168K) [PSPermGen: 13474K->13474K(21504K)], 0.0528160 secs] [Times: user=0.37 sys=0.00, real=0.05 secs] 
52.705: Total time for which application threads were stopped: 0.0532060 seconds, Stopping threads took: 0.0000090 seconds
52.705: Application time: 0.0000430 seconds
52.705: [Full GC [PSYoungGen: 69120K->69118K(80384K)] [ParOldGen: 182770K->182770K(182784K)] 251890K->251888K(263168K) [PSPermGen: 13474K->13474K(21504K)], 0.0507300 secs] [Times: user=0.35 sys=0.00, real=0.05 secs] 
52.756: Total time for which application threads were stopped: 0.0511180 seconds, Stopping threads took: 0.0000070 seconds
52.756: Application time: 0.0000450 seconds
52.756: [Full GC [PSYoungGen: 69120K->69118K(80384K)] [ParOldGen: 182770K->182770K(182784K)] 251890K->251888K(263168K) [PSPermGen: 13474K->13474K(21504K)], 0.0508670 secs] [Times: user=0.35 sys=0.00, real=0.05 secs] 
52.807: Total time for which application threads were stopped: 0.0512620 seconds, Stopping threads took: 0.0000080 seconds
52.807: Application time: 0.0000560 seconds
52.808: [Full GC [PSYoungGen: 69120K->69118K(80384K)] [ParOldGen: 182770K->182770K(182784K)] 251890K->251888K(263168K) [PSPermGen: 13474K->13474K(21504K)], 0.0505880 secs] [Times: user=0.35 sys=0.00, real=0.06 secs] 
52.858: Total time for which application threads were stopped: 0.0509920 seconds, Stopping threads took: 0.0000200 seconds
52.858: Application time: 0.0000580 seconds
52.859: [Full GC [PSYoungGen: 69120K->69118K(80384K)] [ParOldGen: 182770K->182770K(182784K)] 251890K->251888K(263168K) [PSPermGen: 13474K->13474K(21504K)], 0.0524650 secs] [Times: user=0.37 sys=0.00, real=0.05 secs] 
52.911: Total time for which application threads were stopped: 0.0528830 seconds, Stopping threads took: 0.0000090 seconds
52.911: Application time: 0.0000390 seconds
52.912: [Full GC [PSYoungGen: 69120K->69118K(80384K)] [ParOldGen: 182770K->182770K(182784K)] 251890K->251888K(263168K) [PSPermGen: 13474K->13474K(21504K)], 0.0519960 secs] [Times: user=0.36 sys=0.00, real=0.05 secs] 
52.964: Total time for which application threads were stopped: 0.0523970 seconds, Stopping threads took: 0.0000180 seconds
52.964: Application time: 0.0000510 seconds
52.964: [Full GC [PSYoungGen: 69120K->69118K(80384K)] [ParOldGen: 182770K->182770K(182784K)] 251890K->251888K(263168K) [PSPermGen: 13474K->13474K(21504K)], 0.0504380 secs] [Times: user=0.35 sys=0.00, real=0.05 secs] 
53.015: Total time for which application threads were stopped: 0.0508420 seconds, Stopping threads took: 0.0000230 seconds
53.015: Application time: 0.0000450 seconds
53.015: [Full GC [PSYoungGen: 69120K->69118K(80384K)] [ParOldGen: 182770K->182770K(182784K)] 251890K->251888K(263168K) [PSPermGen: 13474K->13474K(21504K)], 0.0522050 secs] [Times: user=0.37 sys=0.00, real=0.05 secs] 
53.067: Total time for which application threads were stopped: 0.0526060 seconds, Stopping threads took: 0.0000200 seconds
53.067: Application time: 0.0000330 seconds
53.068: [Full GC [PSYoungGen: 69120K->69118K(80384K)] [ParOldGen: 182770K->182770K(182784K)] 251890K->251888K(263168K) [PSPermGen: 13474K->13474K(21504K)], 0.0504610 secs] [Times: user=0.35 sys=0.00, real=0.06 secs] 
53.118: Total time for which application threads were stopped: 0.0508610 seconds, Stopping threads took: 0.0000200 seconds
53.118: Application time: 0.0000380 seconds
53.118: [Full GC [PSYoungGen: 69120K->69118K(80384K)] [ParOldGen: 182770K->182770K(182784K)] 251890K->251888K(263168K) [PSPermGen: 13474K->13474K(21504K)], 0.0505120 secs] [Times: user=0.35 sys=0.00, real=0.05 secs] 
53.169: Total time for which application threads were stopped: 0.0509200 seconds, Stopping threads took: 0.0000290 seconds
53.169: Application time: 0.0000340 seconds
53.169: [Full GC [PSYoungGen: 69120K->69118K(80384K)] [ParOldGen: 182770K->182770K(182784K)] 251890K->251888K(263168K) [PSPermGen: 13474K->13474K(21504K)], 0.0505480 secs] [Times: user=0.35 sys=0.00, real=0.05 secs] 
53.220: Total time for which application threads were stopped: 0.0509520 seconds, Stopping threads took: 0.0000260 seconds
53.220: Application time: 0.0000340 seconds
53.220: [Full GC [PSYoungGen: 69120K->69118K(80384K)] [ParOldGen: 182770K->182770K(182784K)] 251890K->251889K(263168K) [PSPermGen: 13474K->13474K(21504K)], 0.0507670 secs] [Times: user=0.35 sys=0.00, real=0.05 secs] 
53.271: Total time for which application threads were stopped: 0.0511650 seconds, Stopping threads took: 0.0000180 seconds
53.271: Application time: 0.0000410 seconds
53.272: [Full GC [PSYoungGen: 69120K->69118K(80384K)] [ParOldGen: 182770K->182770K(182784K)] 251890K->251889K(263168K) [PSPermGen: 13474K->13474K(21504K)], 0.0507740 secs] [Times: user=0.35 sys=0.00, real=0.05 secs] 
53.322: Total time for which application threads were stopped: 0.0511680 seconds, Stopping threads took: 0.0000090 seconds
53.323: Application time: 0.0000500 seconds
53.323: [Full GC [PSYoungGen: 69120K->69118K(80384K)] [ParOldGen: 182770K->182770K(182784K)] 251890K->251889K(263168K) [PSPermGen: 13474K->13474K(21504K)], 0.0506490 secs] [Times: user=0.35 sys=0.00, real=0.05 secs] 
53.374: Total time for which application threads were stopped: 0.0510440 seconds, Stopping threads took: 0.0000080 seconds
53.374: Application time: 0.0000640 seconds
53.374: [Full GC [PSYoungGen: 69120K->69118K(80384K)] [ParOldGen: 182770K->182770K(182784K)] 251890K->251889K(263168K) [PSPermGen: 13474K->13474K(21504K)], 0.0505950 secs] [Times: user=0.35 sys=0.00, real=0.05 secs] 
53.425: Total time for which application threads were stopped: 0.0510220 seconds, Stopping threads took: 0.0000080 seconds
53.425: Application time: 0.0000610 seconds
53.425: [Full GC [PSYoungGen: 69120K->69118K(80384K)] [ParOldGen: 182770K->182770K(182784K)] 251890K->251889K(263168K) [PSPermGen: 13474K->13474K(21504K)], 0.0504790 secs] [Times: user=0.35 sys=0.01, real=0.05 secs] 
53.476: Total time for which application threads were stopped: 0.0508700 seconds, Stopping threads took: 0.0000080 seconds
53.476: Application time: 0.0000300 seconds
53.476: [Full GC [PSYoungGen: 69120K->69118K(80384K)] [ParOldGen: 182770K->182770K(182784K)] 251890K->251889K(263168K) [PSPermGen: 13474K->13474K(21504K)], 0.0525580 secs] [Times: user=0.36 sys=0.00, real=0.05 secs] 
53.529: Total time for which application threads were stopped: 0.0529700 seconds, Stopping threads took: 0.0000170 seconds
53.529: Application time: 0.0000490 seconds
53.529: [Full GC [PSYoungGen: 69120K->69118K(80384K)] [ParOldGen: 182770K->182770K(182784K)] 251890K->251889K(263168K) [PSPermGen: 13474K->13474K(21504K)], 0.0504370 secs] [Times: user=0.35 sys=0.00, real=0.05 secs] 
53.579: Total time for which application threads were stopped: 0.0508550 seconds, Stopping threads took: 0.0000360 seconds
53.580: Application time: 0.0000420 seconds
53.580: [Full GC [PSYoungGen: 69120K->69118K(80384K)] [ParOldGen: 182770K->182770K(182784K)] 251890K->251889K(263168K) [PSPermGen: 13474K->13474K(21504K)], 0.0501840 secs] [Times: user=0.35 sys=0.00, real=0.05 secs] 
53.630: Total time for which application threads were stopped: 0.0505790 seconds, Stopping threads took: 0.0000090 seconds
53.630: Application time: 0.0000480 seconds
53.630: [Full GC [PSYoungGen: 69120K->69118K(80384K)] [ParOldGen: 182770K->182770K(182784K)] 251890K->251889K(263168K) [PSPermGen: 13474K->13474K(21504K)], 0.0506870 secs] [Times: user=0.35 sys=0.00, real=0.05 secs] 
53.681: Total time for which application threads were stopped: 0.0510720 seconds, Stopping threads took: 0.0000070 seconds
53.681: Application time: 0.0000480 seconds
53.682: [Full GC [PSYoungGen: 69120K->69118K(80384K)] [ParOldGen: 182770K->182770K(182784K)] 251890K->251889K(263168K) [PSPermGen: 13474K->13474K(21504K)], 0.0525970 secs] [Times: user=0.36 sys=0.00, real=0.05 secs] 
53.734: Total time for which application threads were stopped: 0.0529880 seconds, Stopping threads took: 0.0000100 seconds
53.734: Application time: 0.0000740 seconds
53.735: [Full GC [PSYoungGen: 69120K->69118K(80384K)] [ParOldGen: 182770K->182770K(182784K)] 251890K->251889K(263168K) [PSPermGen: 13474K->13474K(21504K)], 0.0507220 secs] [Times: user=0.35 sys=0.00, real=0.05 secs] 
53.785: Total time for which application threads were stopped: 0.0511170 seconds, Stopping threads took: 0.0000140 seconds
53.785: Application time: 0.0000440 seconds
53.786: [Full GC [PSYoungGen: 69120K->69118K(80384K)] [ParOldGen: 182770K->182770K(182784K)] 251890K->251889K(263168K) [PSPermGen: 13474K->13474K(21504K)], 0.0508310 secs] [Times: user=0.35 sys=0.00, real=0.06 secs] 
53.837: Total time for which application threads were stopped: 0.0512250 seconds, Stopping threads took: 0.0000080 seconds
53.837: Application time: 0.0000670 seconds
53.837: [Full GC [PSYoungGen: 69120K->69118K(80384K)] [ParOldGen: 182770K->182770K(182784K)] 251890K->251889K(263168K) [PSPermGen: 13474K->13474K(21504K)], 0.0544200 secs] [Times: user=0.38 sys=0.00, real=0.05 secs] 
53.892: Total time for which application threads were stopped: 0.0548100 seconds, Stopping threads took: 0.0000080 seconds
53.892: Application time: 0.0000430 seconds
53.892: [Full GC [PSYoungGen: 69120K->69118K(80384K)] [ParOldGen: 182770K->182770K(182784K)] 251890K->251889K(263168K) [PSPermGen: 13474K->13474K(21504K)], 0.0507090 secs] [Times: user=0.35 sys=0.00, real=0.05 secs] 
53.943: Total time for which application threads were stopped: 0.0511180 seconds, Stopping threads took: 0.0000090 seconds
53.943: Application time: 0.0000560 seconds
53.943: [Full GC [PSYoungGen: 69120K->69118K(80384K)] [ParOldGen: 182770K->182770K(182784K)] 251890K->251889K(263168K) [PSPermGen: 13474K->13474K(21504K)], 0.0505180 secs] [Times: user=0.35 sys=0.00, real=0.05 secs] 
53.994: Total time for which application threads were stopped: 0.0509090 seconds, Stopping threads took: 0.0000110 seconds
53.994: Application time: 0.0000370 seconds
53.994: [Full GC [PSYoungGen: 69120K->69118K(80384K)] [ParOldGen: 182770K->182770K(182784K)] 251890K->251889K(263168K) [PSPermGen: 13474K->13474K(21504K)], 0.0502790 secs] [Times: user=0.35 sys=0.00, real=0.05 secs] 
54.044: Total time for which application threads were stopped: 0.0506780 seconds, Stopping threads took: 0.0000170 seconds
54.044: Application time: 0.0000310 seconds
54.045: [Full GC [PSYoungGen: 69120K->69119K(80384K)] [ParOldGen: 182770K->182770K(182784K)] 251890K->251889K(263168K) [PSPermGen: 13474K->13474K(21504K)], 0.0507460 secs] [Times: user=0.35 sys=0.00, real=0.05 secs] 
54.096: Total time for which application threads were stopped: 0.0511680 seconds, Stopping threads took: 0.0000160 seconds
54.096: Application time: 0.0000390 seconds
54.096: [Full GC [PSYoungGen: 69120K->69119K(80384K)] [ParOldGen: 182770K->182770K(182784K)] 251890K->251889K(263168K) [PSPermGen: 13474K->13474K(21504K)], 0.0506590 secs] [Times: user=0.35 sys=0.00, real=0.05 secs] 
54.147: Total time for which application threads were stopped: 0.0510490 seconds, Stopping threads took: 0.0000080 seconds
54.147: Application time: 0.0000350 seconds
54.147: [Full GC [PSYoungGen: 69120K->69119K(80384K)] [ParOldGen: 182770K->182770K(182784K)] 251890K->251889K(263168K) [PSPermGen: 13474K->13474K(21504K)], 0.0509230 secs] [Times: user=0.35 sys=0.00, real=0.06 secs] 
54.198: Total time for which application threads were stopped: 0.0513970 seconds, Stopping threads took: 0.0000720 seconds
54.198: Application time: 0.0000840 seconds
54.199: [Full GC [PSYoungGen: 69120K->69119K(80384K)] [ParOldGen: 182770K->182770K(182784K)] 251890K->251889K(263168K) [PSPermGen: 13474K->13474K(21504K)], 0.0529300 secs] [Times: user=0.37 sys=0.00, real=0.05 secs] 
54.252: Total time for which application threads were stopped: 0.0533190 seconds, Stopping threads took: 0.0000080 seconds
54.252: Application time: 0.0000580 seconds
54.252: [Full GC [PSYoungGen: 69120K->69119K(80384K)] [ParOldGen: 182770K->182770K(182784K)] 251890K->251889K(263168K) [PSPermGen: 13474K->13474K(21504K)], 0.0504030 secs] [Times: user=0.35 sys=0.00, real=0.05 secs] 
54.302: Total time for which application threads were stopped: 0.0508000 seconds, Stopping threads took: 0.0000110 seconds
54.302: Application time: 0.0000480 seconds
54.303: [Full GC [PSYoungGen: 69120K->69119K(80384K)] [ParOldGen: 182770K->182770K(182784K)] 251890K->251889K(263168K) [PSPermGen: 13474K->13474K(21504K)], 0.0505180 secs] [Times: user=0.35 sys=0.00, real=0.05 secs] 
54.353: Total time for which application threads were stopped: 0.0509080 seconds, Stopping threads took: 0.0000110 seconds
54.353: Application time: 0.0000350 seconds
54.354: [Full GC [PSYoungGen: 69120K->69119K(80384K)] [ParOldGen: 182770K->182770K(182784K)] 251890K->251889K(263168K) [PSPermGen: 13474K->13474K(21504K)], 0.0506580 secs] [Times: user=0.35 sys=0.00, real=0.05 secs] 
54.404: Total time for which application threads were stopped: 0.0510610 seconds, Stopping threads took: 0.0000170 seconds
54.405: Application time: 0.0000330 seconds
54.405: [Full GC [PSYoungGen: 69120K->69119K(80384K)] [ParOldGen: 182770K->182770K(182784K)] 251890K->251889K(263168K) [PSPermGen: 13474K->13474K(21504K)], 0.0504020 secs] [Times: user=0.35 sys=0.00, real=0.05 secs] 
54.455: Total time for which application threads were stopped: 0.0508130 seconds, Stopping threads took: 0.0000060 seconds
54.455: Application time: 0.0000380 seconds
54.456: [Full GC [PSYoungGen: 69120K->69119K(80384K)] [ParOldGen: 182770K->182770K(182784K)] 251890K->251889K(263168K) [PSPermGen: 13474K->13474K(21504K)], 0.0519620 secs] [Times: user=0.36 sys=0.00, real=0.05 secs] 
54.508: Total time for which application threads were stopped: 0.0523500 seconds, Stopping threads took: 0.0000070 seconds
54.508: Application time: 0.0000390 seconds
54.508: [Full GC [PSYoungGen: 69120K->69119K(80384K)] [ParOldGen: 182770K->182770K(182784K)] 251890K->251889K(263168K) [PSPermGen: 13474K->13474K(21504K)], 0.0535680 secs] [Times: user=0.37 sys=0.00, real=0.06 secs] 
54.562: Total time for which application threads were stopped: 0.0539590 seconds, Stopping threads took: 0.0000070 seconds
54.562: Application time: 0.0000850 seconds
54.562: [Full GC [PSYoungGen: 69120K->69119K(80384K)] [ParOldGen: 182770K->182770K(182784K)] 251890K->251889K(263168K) [PSPermGen: 13474K->13474K(21504K)], 0.0504730 secs] [Times: user=0.35 sys=0.00, real=0.05 secs] 
54.613: Total time for which application threads were stopped: 0.0508630 seconds, Stopping threads took: 0.0000110 seconds
54.613: Application time: 0.0000540 seconds
54.613: [Full GC [PSYoungGen: 69120K->69119K(80384K)] [ParOldGen: 182770K->182770K(182784K)] 251890K->251889K(263168K) [PSPermGen: 13474K->13474K(21504K)], 0.0507620 secs] [Times: user=0.35 sys=0.00, real=0.05 secs] 
54.664: Total time for which application threads were stopped: 0.0511600 seconds, Stopping threads took: 0.0000090 seconds
54.664: Application time: 0.0000440 seconds
54.664: [Full GC [PSYoungGen: 69120K->69119K(80384K)] [ParOldGen: 182770K->182770K(182784K)] 251890K->251889K(263168K) [PSPermGen: 13474K->13474K(21504K)], 0.0505120 secs] [Times: user=0.35 sys=0.00, real=0.05 secs] 
54.715: Total time for which application threads were stopped: 0.0508950 seconds, Stopping threads took: 0.0000070 seconds
54.715: Application time: 0.0000610 seconds
54.715: [Full GC [PSYoungGen: 69120K->69118K(80384K)] [ParOldGen: 182770K->182770K(182784K)] 251890K->251889K(263168K) [PSPermGen: 13474K->13474K(21504K)], 0.0871280 secs] [Times: user=0.64 sys=0.00, real=0.09 secs] 
54.802: Total time for which application threads were stopped: 0.0875160 seconds, Stopping threads took: 0.0000090 seconds
54.802: Application time: 0.0000720 seconds
54.803: [Full GC [PSYoungGen: 69120K->69119K(80384K)] [ParOldGen: 182770K->182770K(182784K)] 251890K->251889K(263168K) [PSPermGen: 13474K->13474K(21504K)], 0.0506390 secs] [Times: user=0.35 sys=0.00, real=0.05 secs] 
54.854: Total time for which application threads were stopped: 0.0510290 seconds, Stopping threads took: 0.0000090 seconds
54.854: Application time: 0.0000530 seconds
54.854: [Full GC [PSYoungGen: 69120K->69119K(80384K)] [ParOldGen: 182770K->182770K(182784K)] 251890K->251889K(263168K) [PSPermGen: 13474K->13474K(21504K)], 0.0522760 secs] [Times: user=0.36 sys=0.00, real=0.05 secs] 
54.906: Total time for which application threads were stopped: 0.0526570 seconds, Stopping threads took: 0.0000060 seconds
54.906: Application time: 0.0000590 seconds
54.907: [Full GC [PSYoungGen: 69120K->69118K(80384K)] [ParOldGen: 182770K->182770K(182784K)] 251890K->251889K(263168K) [PSPermGen: 13474K->13474K(21504K)], 0.0505560 secs] [Times: user=0.36 sys=0.00, real=0.06 secs] 
54.957: Total time for which application threads were stopped: 0.0509690 seconds, Stopping threads took: 0.0000070 seconds
54.957: Application time: 0.0000610 seconds
54.958: [Full GC [PSYoungGen: 69120K->69118K(80384K)] [ParOldGen: 182770K->182770K(182784K)] 251890K->251889K(263168K) [PSPermGen: 13474K->13474K(21504K)], 0.0506420 secs] [Times: user=0.35 sys=0.00, real=0.04 secs] 
55.008: Total time for which application threads were stopped: 0.0510340 seconds, Stopping threads took: 0.0000080 seconds
55.008: Application time: 0.0000480 seconds
55.009: [Full GC [PSYoungGen: 69120K->69119K(80384K)] [ParOldGen: 182770K->182770K(182784K)] 251890K->251889K(263168K) [PSPermGen: 13474K->13474K(21504K)], 0.0505180 secs] [Times: user=0.35 sys=0.00, real=0.05 secs] 
55.059: Total time for which application threads were stopped: 0.0509270 seconds, Stopping threads took: 0.0000220 seconds
55.059: Application time: 0.0000400 seconds
55.060: [Full GC [PSYoungGen: 69120K->69118K(80384K)] [ParOldGen: 182770K->182770K(182784K)] 251890K->251889K(263168K) [PSPermGen: 13474K->13474K(21504K)], 0.0505780 secs] [Times: user=0.35 sys=0.00, real=0.05 secs] 
55.110: Total time for which application threads were stopped: 0.0509910 seconds, Stopping threads took: 0.0000310 seconds
55.110: Application time: 0.0000490 seconds
55.111: [Full GC [PSYoungGen: 69120K->69119K(80384K)] [ParOldGen: 182770K->182770K(182784K)] 251890K->251889K(263168K) [PSPermGen: 13474K->13474K(21504K)], 0.0506530 secs] [Times: user=0.35 sys=0.00, real=0.05 secs] 
55.161: Total time for which application threads were stopped: 0.0510370 seconds, Stopping threads took: 0.0000070 seconds
55.162: Application time: 0.0000580 seconds
55.162: [Full GC [PSYoungGen: 69120K->69118K(80384K)] [ParOldGen: 182770K->182770K(182784K)] 251890K->251889K(263168K) [PSPermGen: 13474K->13474K(21504K)], 0.0504370 secs] [Times: user=0.35 sys=0.00, real=0.05 secs] 
55.212: Total time for which application threads were stopped: 0.0508320 seconds, Stopping threads took: 0.0000080 seconds
55.212: Application time: 0.0000340 seconds
55.213: [Full GC [PSYoungGen: 69120K->69118K(80384K)] [ParOldGen: 182770K->182770K(182784K)] 251890K->251888K(263168K) [PSPermGen: 13474K->13474K(21504K)], 0.0502160 secs] [Times: user=0.35 sys=0.00, real=0.05 secs] 
55.263: Total time for which application threads were stopped: 0.0506270 seconds, Stopping threads took: 0.0000170 seconds
55.263: Application time: 0.0000440 seconds
55.263: [Full GC [PSYoungGen: 69120K->69118K(80384K)] [ParOldGen: 182770K->182770K(182784K)] 251890K->251888K(263168K) [PSPermGen: 13474K->13474K(21504K)], 0.0505650 secs] [Times: user=0.35 sys=0.00, real=0.05 secs] 
55.314: Total time for which application threads were stopped: 0.0509640 seconds, Stopping threads took: 0.0000090 seconds
55.314: Application time: 0.0000450 seconds
55.314: [Full GC [PSYoungGen: 69120K->69118K(80384K)] [ParOldGen: 182770K->182770K(182784K)] 251890K->251889K(263168K) [PSPermGen: 13474K->13474K(21504K)], 0.0508140 secs] [Times: user=0.35 sys=0.00, real=0.05 secs] 
55.365: Total time for which application threads were stopped: 0.0512060 seconds, Stopping threads took: 0.0000160 seconds
55.365: Application time: 0.0000350 seconds
55.366: [Full GC [PSYoungGen: 69120K->69118K(80384K)] [ParOldGen: 182770K->182770K(182784K)] 251890K->251889K(263168K) [PSPermGen: 13474K->13474K(21504K)], 0.0505350 secs] [Times: user=0.35 sys=0.01, real=0.05 secs] 
55.416: Total time for which application threads were stopped: 0.0509330 seconds, Stopping threads took: 0.0000190 seconds
55.416: Application time: 0.0000490 seconds
55.417: [Full GC [PSYoungGen: 69120K->69119K(80384K)] [ParOldGen: 182770K->182770K(182784K)] 251890K->251889K(263168K) [PSPermGen: 13474K->13474K(21504K)], 0.0519940 secs] [Times: user=0.36 sys=0.00, real=0.05 secs] 
55.469: Total time for which application threads were stopped: 0.0524210 seconds, Stopping threads took: 0.0000070 seconds
55.469: Application time: 0.0000470 seconds
55.469: [Full GC [PSYoungGen: 69120K->69119K(80384K)] [ParOldGen: 182770K->182770K(182784K)] 251890K->251889K(263168K) [PSPermGen: 13474K->13474K(21504K)], 0.0503700 secs] [Times: user=0.35 sys=0.00, real=0.05 secs] 
55.520: Total time for which application threads were stopped: 0.0507570 seconds, Stopping threads took: 0.0000080 seconds
55.520: Application time: 0.0000420 seconds
55.520: [Full GC [PSYoungGen: 69120K->69119K(80384K)] [ParOldGen: 182770K->182770K(182784K)] 251890K->251889K(263168K) [PSPermGen: 13474K->13474K(21504K)], 0.0505200 secs] [Times: user=0.35 sys=0.00, real=0.05 secs] 
55.570: Total time for which application threads were stopped: 0.0509140 seconds, Stopping threads took: 0.0000080 seconds
55.571: Application time: 0.0000370 seconds
55.571: [Full GC [PSYoungGen: 69120K->69119K(80384K)] [ParOldGen: 182770K->182770K(182784K)] 251890K->251889K(263168K) [PSPermGen: 13474K->13474K(21504K)], 0.0509620 secs] [Times: user=0.35 sys=0.00, real=0.05 secs] 
55.622: Total time for which application threads were stopped: 0.0513810 seconds, Stopping threads took: 0.0000070 seconds
55.622: Application time: 0.0000360 seconds
55.622: [Full GC [PSYoungGen: 69120K->69119K(80384K)] [ParOldGen: 182770K->182770K(182784K)] 251890K->251889K(263168K) [PSPermGen: 13474K->13474K(21504K)], 0.0519490 secs] [Times: user=0.37 sys=0.00, real=0.05 secs] 
55.674: Total time for which application threads were stopped: 0.0523420 seconds, Stopping threads took: 0.0000070 seconds
55.674: Application time: 0.0000420 seconds
55.675: [Full GC [PSYoungGen: 69120K->69119K(80384K)] [ParOldGen: 182770K->182770K(182784K)] 251890K->251889K(263168K) [PSPermGen: 13474K->13474K(21504K)], 0.0506650 secs] [Times: user=0.35 sys=0.00, real=0.05 secs] 
55.725: Total time for which application threads were stopped: 0.0510580 seconds, Stopping threads took: 0.0000100 seconds
55.725: Application time: 0.0000480 seconds
55.726: [Full GC [PSYoungGen: 69120K->69119K(80384K)] [ParOldGen: 182770K->182770K(182784K)] 251890K->251889K(263168K) [PSPermGen: 13474K->13474K(21504K)], 0.0517760 secs] [Times: user=0.36 sys=0.00, real=0.06 secs] 
55.778: Total time for which application threads were stopped: 0.0521810 seconds, Stopping threads took: 0.0000080 seconds
55.778: Application time: 0.0000520 seconds
55.778: [Full GC [PSYoungGen: 69120K->69119K(80384K)] [ParOldGen: 182770K->182770K(182784K)] 251890K->251889K(263168K) [PSPermGen: 13474K->13474K(21504K)], 0.0504710 secs] [Times: user=0.35 sys=0.00, real=0.04 secs] 
55.829: Total time for which application threads were stopped: 0.0508650 seconds, Stopping threads took: 0.0000090 seconds
55.829: Application time: 0.0000330 seconds
55.829: [Full GC [PSYoungGen: 69120K->69119K(80384K)] [ParOldGen: 182770K->182770K(182784K)] 251890K->251889K(263168K) [PSPermGen: 13474K->13474K(21504K)], 0.0503120 secs] [Times: user=0.35 sys=0.01, real=0.05 secs] 
55.879: Total time for which application threads were stopped: 0.0507320 seconds, Stopping threads took: 0.0000110 seconds
55.879: Application time: 0.0000510 seconds
55.880: [Full GC [PSYoungGen: 69120K->69119K(80384K)] [ParOldGen: 182770K->182770K(182784K)] 251890K->251889K(263168K) [PSPermGen: 13474K->13474K(21504K)], 0.0508060 secs] [Times: user=0.35 sys=0.00, real=0.05 secs] 
55.931: Total time for which application threads were stopped: 0.0511980 seconds, Stopping threads took: 0.0000080 seconds
55.931: Application time: 0.0000480 seconds
55.931: [Full GC [PSYoungGen: 69120K->69119K(80384K)] [ParOldGen: 182770K->182770K(182784K)] 251890K->251889K(263168K) [PSPermGen: 13474K->13474K(21504K)], 0.0505430 secs] [Times: user=0.35 sys=0.00, real=0.05 secs] 
55.982: Total time for which application threads were stopped: 0.0509580 seconds, Stopping threads took: 0.0000080 seconds
55.982: Application time: 0.0000420 seconds
55.982: [Full GC [PSYoungGen: 69120K->69119K(80384K)] [ParOldGen: 182770K->182770K(182784K)] 251890K->251889K(263168K) [PSPermGen: 13474K->13474K(21504K)], 0.0522290 secs] [Times: user=0.36 sys=0.00, real=0.05 secs] 
56.034: Total time for which application threads were stopped: 0.0526300 seconds, Stopping threads took: 0.0000110 seconds
56.034: Application time: 0.0000520 seconds
56.035: [Full GC [PSYoungGen: 69120K->69119K(80384K)] [ParOldGen: 182770K->182770K(182784K)] 251890K->251889K(263168K) [PSPermGen: 13474K->13474K(21504K)], 0.0509610 secs] [Times: user=0.36 sys=0.00, real=0.05 secs] 
56.086: Total time for which application threads were stopped: 0.0513450 seconds, Stopping threads took: 0.0000080 seconds
56.086: Application time: 0.0000590 seconds
56.086: [Full GC [PSYoungGen: 69120K->69119K(80384K)] [ParOldGen: 182770K->182770K(182784K)] 251890K->251889K(263168K) [PSPermGen: 13474K->13474K(21504K)], 0.0510450 secs] [Times: user=0.35 sys=0.00, real=0.06 secs] 
56.137: Total time for which application threads were stopped: 0.0514350 seconds, Stopping threads took: 0.0000080 seconds
56.137: Application time: 0.0000560 seconds
56.138: [Full GC [PSYoungGen: 69120K->69119K(80384K)] [ParOldGen: 182770K->182770K(182784K)] 251890K->251889K(263168K) [PSPermGen: 13474K->13474K(21504K)], 0.0505820 secs] [Times: user=0.35 sys=0.00, real=0.04 secs] 
56.188: Total time for which application threads were stopped: 0.0509780 seconds, Stopping threads took: 0.0000110 seconds
56.188: Application time: 0.0000490 seconds
56.189: [Full GC [PSYoungGen: 69120K->69119K(80384K)] [ParOldGen: 182770K->182770K(182784K)] 251890K->251889K(263168K) [PSPermGen: 13474K->13474K(21504K)], 0.0518970 secs] [Times: user=0.36 sys=0.00, real=0.06 secs] 
56.240: Total time for which application threads were stopped: 0.0522860 seconds, Stopping threads took: 0.0000070 seconds
56.241: Application time: 0.0000310 seconds
56.241: [Full GC [PSYoungGen: 69120K->69119K(80384K)] [ParOldGen: 182770K->182770K(182784K)] 251890K->251889K(263168K) [PSPermGen: 13474K->13474K(21504K)], 0.0508080 secs] [Times: user=0.35 sys=0.00, real=0.05 secs] 
56.292: Total time for which application threads were stopped: 0.0512100 seconds, Stopping threads took: 0.0000070 seconds
56.292: Application time: 0.0000380 seconds
56.292: [Full GC [PSYoungGen: 69120K->69119K(80384K)] [ParOldGen: 182770K->182770K(182784K)] 251890K->251889K(263168K) [PSPermGen: 13474K->13474K(21504K)], 0.0521520 secs] [Times: user=0.36 sys=0.00, real=0.05 secs] 
56.344: Total time for which application threads were stopped: 0.0525440 seconds, Stopping threads took: 0.0000090 seconds
56.344: Application time: 0.0000360 seconds
56.345: [Full GC [PSYoungGen: 69120K->69084K(80384K)] [ParOldGen: 182770K->182748K(182784K)] 251890K->251833K(263168K) [PSPermGen: 13474K->13474K(21504K)], 0.1300690 secs] [Times: user=0.95 sys=0.00, real=0.13 secs] 
56.475: Total time for which application threads were stopped: 0.1304700 seconds, Stopping threads took: 0.0000080 seconds
56.475: Application time: 0.0001110 seconds
56.475: [Full GC [PSYoungGen: 69120K->69085K(80384K)] [ParOldGen: 182748K->182748K(182784K)] 251868K->251834K(263168K) [PSPermGen: 13474K->13474K(21504K)], 0.0514320 secs] [Times: user=0.36 sys=0.00, real=0.05 secs] 
56.527: Total time for which application threads were stopped: 0.0518660 seconds, Stopping threads took: 0.0000090 seconds
56.527: Application time: 0.0001200 seconds
56.527: [Full GC [PSYoungGen: 69120K->69083K(80384K)] [ParOldGen: 182748K->182748K(182784K)] 251868K->251831K(263168K) [PSPermGen: 13474K->13474K(21504K)], 0.0567910 secs] [Times: user=0.40 sys=0.00, real=0.06 secs] 
56.584: Total time for which application threads were stopped: 0.0573020 seconds, Stopping threads took: 0.0001310 seconds
56.584: Application time: 0.0000760 seconds
56.585: [Full GC [PSYoungGen: 69120K->69115K(80384K)] [ParOldGen: 182748K->182748K(182784K)] 251868K->251863K(263168K) [PSPermGen: 13474K->13474K(21504K)], 0.0522480 secs] [Times: user=0.36 sys=0.00, real=0.06 secs] 
56.637: Total time for which application threads were stopped: 0.0526800 seconds, Stopping threads took: 0.0000320 seconds
56.637: Application time: 0.0000440 seconds
56.637: [Full GC [PSYoungGen: 69120K->69114K(80384K)] [ParOldGen: 182748K->182748K(182784K)] 251868K->251863K(263168K) [PSPermGen: 13474K->13474K(21504K)], 0.0530490 secs] [Times: user=0.37 sys=0.00, real=0.05 secs] 
56.690: Total time for which application threads were stopped: 0.0534470 seconds, Stopping threads took: 0.0000240 seconds
56.691: Application time: 0.0001010 seconds
56.691: [Full GC [PSYoungGen: 69120K->69115K(80384K)] [ParOldGen: 182748K->182748K(182784K)] 251868K->251863K(263168K) [PSPermGen: 13474K->13474K(21504K)], 0.0531700 secs] [Times: user=0.37 sys=0.00, real=0.05 secs] 
56.744: Total time for which application threads were stopped: 0.0535150 seconds, Stopping threads took: 0.0000210 seconds
56.744: Application time: 0.0000690 seconds
56.744: [Full GC [PSYoungGen: 69120K->69115K(80384K)] [ParOldGen: 182748K->182748K(182784K)] 251868K->251863K(263168K) [PSPermGen: 13474K->13474K(21504K)], 0.0528880 secs] [Times: user=0.36 sys=0.00, real=0.06 secs] 
56.797: Total time for which application threads were stopped: 0.0532520 seconds, Stopping threads took: 0.0000390 seconds
56.797: Application time: 0.0000500 seconds
56.798: [Full GC [PSYoungGen: 69120K->69115K(80384K)] [ParOldGen: 182748K->182748K(182784K)] 251868K->251864K(263168K) [PSPermGen: 13474K->13474K(21504K)], 0.0535040 secs] [Times: user=0.37 sys=0.00, real=0.05 secs] 
56.851: Total time for which application threads were stopped: 0.0538670 seconds, Stopping threads took: 0.0000410 seconds
56.851: Application time: 0.0000750 seconds
56.852: [Full GC [PSYoungGen: 69120K->69115K(80384K)] [ParOldGen: 182748K->182748K(182784K)] 251868K->251864K(263168K) [PSPermGen: 13474K->13474K(21504K)], 0.0534550 secs] [Times: user=0.37 sys=0.00, real=0.05 secs] 
56.905: Total time for which application threads were stopped: 0.0538290 seconds, Stopping threads took: 0.0000430 seconds
56.905: Application time: 0.0000410 seconds
56.906: Total time for which application threads were stopped: 0.0002840 seconds, Stopping threads took: 0.0000310 seconds
56.906: Application time: 0.0000320 seconds
56.906: [Full GC [PSYoungGen: 69120K->69115K(80384K)] [ParOldGen: 182749K->182749K(182784K)] 251869K->251864K(263168K) [PSPermGen: 13474K->13474K(21504K)], 0.0533220 secs] [Times: user=0.37 sys=0.00, real=0.06 secs] 
56.959: Total time for which application threads were stopped: 0.0535190 seconds, Stopping threads took: 0.0000170 seconds
56.959: Application time: 0.0000880 seconds
56.960: [Full GC [PSYoungGen: 69120K->69115K(80384K)] [ParOldGen: 182751K->182749K(182784K)] 251871K->251864K(263168K) [PSPermGen: 13474K->13474K(21504K)], 0.0581750 secs] [Times: user=0.40 sys=0.00, real=0.06 secs] 
57.018: Total time for which application threads were stopped: 0.0585340 seconds, Stopping threads took: 0.0000270 seconds
57.018: Application time: 0.0000600 seconds
57.018: [Full GC [PSYoungGen: 69120K->69114K(80384K)] [ParOldGen: 182749K->182749K(182784K)] 251869K->251863K(263168K) [PSPermGen: 13474K->13474K(21504K)], 0.0583550 secs] [Times: user=0.40 sys=0.00, real=0.05 secs] 
57.077: Total time for which application threads were stopped: 0.0587630 seconds, Stopping threads took: 0.0000520 seconds
57.077: Application time: 0.0000660 seconds
57.077: [Full GC [PSYoungGen: 69120K->69114K(80384K)] [ParOldGen: 182749K->182749K(182784K)] 251869K->251863K(263168K) [PSPermGen: 13474K->13474K(21504K)], 0.0583290 secs] [Times: user=0.41 sys=0.00, real=0.05 secs] 
57.135: Total time for which application threads were stopped: 0.0587080 seconds, Stopping threads took: 0.0000430 seconds
57.135: Application time: 0.0000550 seconds
57.136: [Full GC [PSYoungGen: 69120K->69114K(80384K)] [ParOldGen: 182749K->182748K(182784K)] 251869K->251863K(263168K) [PSPermGen: 13474K->13474K(21504K)], 0.0581630 secs] [Times: user=0.41 sys=0.00, real=0.06 secs] 
57.194: Total time for which application threads were stopped: 0.0585490 seconds, Stopping threads took: 0.0000540 seconds
57.194: Application time: 0.0000560 seconds
57.194: [Full GC [PSYoungGen: 69120K->69113K(80384K)] [ParOldGen: 182748K->182748K(182784K)] 251868K->251862K(263168K) [PSPermGen: 13474K->13474K(21504K)], 0.0581570 secs] [Times: user=0.41 sys=0.01, real=0.06 secs] 
57.253: Total time for which application threads were stopped: 0.0585680 seconds, Stopping threads took: 0.0000390 seconds
57.253: Application time: 0.0000800 seconds
57.253: [Full GC [PSYoungGen: 69120K->69113K(80384K)] [ParOldGen: 182748K->182748K(182784K)] 251868K->251862K(263168K) [PSPermGen: 13474K->13474K(21504K)], 0.0584470 secs] [Times: user=0.40 sys=0.00, real=0.06 secs] 
57.311: Total time for which application threads were stopped: 0.0588160 seconds, Stopping threads took: 0.0000360 seconds
57.312: Application time: 0.0000550 seconds
57.312: [Full GC [PSYoungGen: 69120K->69113K(80384K)] [ParOldGen: 182748K->182748K(182784K)] 251868K->251862K(263168K) [PSPermGen: 13474K->13474K(21504K)], 0.0606190 secs] [Times: user=0.43 sys=0.00, real=0.06 secs] 
57.373: Total time for which application threads were stopped: 0.0609890 seconds, Stopping threads took: 0.0000430 seconds
57.373: Application time: 0.0000620 seconds
57.373: [Full GC [PSYoungGen: 69120K->69114K(80384K)] [ParOldGen: 182748K->182748K(182784K)] 251868K->251862K(263168K) [PSPermGen: 13474K->13474K(21504K)], 0.0531390 secs] [Times: user=0.37 sys=0.00, real=0.05 secs] 
57.426: Total time for which application threads were stopped: 0.0535000 seconds, Stopping threads took: 0.0000290 seconds
57.426: Application time: 0.0000630 seconds
57.426: [Full GC [PSYoungGen: 69120K->69112K(80384K)] [ParOldGen: 182748K->182748K(182784K)] 251868K->251861K(263168K) [PSPermGen: 13474K->13474K(21504K)], 0.0579440 secs] [Times: user=0.40 sys=0.00, real=0.06 secs] 
57.484: Total time for which application threads were stopped: 0.0582780 seconds, Stopping threads took: 0.0000100 seconds
57.485: Application time: 0.0000680 seconds
57.485: [Full GC [PSYoungGen: 69120K->69112K(80384K)] [ParOldGen: 182748K->182748K(182784K)] 251868K->251861K(263168K) [PSPermGen: 13474K->13474K(21504K)], 0.0523530 secs] [Times: user=0.37 sys=0.00, real=0.06 secs] 
57.537: Total time for which application threads were stopped: 0.0526970 seconds, Stopping threads took: 0.0000080 seconds
57.537: Application time: 0.0000810 seconds
57.538: [Full GC [PSYoungGen: 69120K->69112K(80384K)] [ParOldGen: 182748K->182748K(182784K)] 251868K->251861K(263168K) [PSPermGen: 13474K->13474K(21504K)], 0.0551690 secs] [Times: user=0.38 sys=0.01, real=0.05 secs] 
57.593: Total time for which application threads were stopped: 0.0555280 seconds, Stopping threads took: 0.0000100 seconds
57.593: Application time: 0.0000660 seconds
57.593: [Full GC [PSYoungGen: 69120K->69112K(80384K)] [ParOldGen: 182748K->182748K(182784K)] 251868K->251861K(263168K) [PSPermGen: 13474K->13474K(21504K)], 0.0527860 secs] [Times: user=0.36 sys=0.00, real=0.05 secs] 
57.646: Total time for which application threads were stopped: 0.0531260 seconds, Stopping threads took: 0.0000230 seconds
57.646: Application time: 0.0000570 seconds
57.646: [Full GC [PSYoungGen: 69120K->69112K(80384K)] [ParOldGen: 182748K->182748K(182784K)] 251868K->251861K(263168K) [PSPermGen: 13474K->13474K(21504K)], 0.0525030 secs] [Times: user=0.36 sys=0.00, real=0.06 secs] 
57.699: Total time for which application threads were stopped: 0.0528640 seconds, Stopping threads took: 0.0000370 seconds
57.699: Application time: 0.0000620 seconds
57.699: [Full GC [PSYoungGen: 69120K->68575K(80384K)] [ParOldGen: 182748K->182688K(182784K)] 251868K->251263K(263168K) [PSPermGen: 13474K->13471K(21504K)], 0.1750800 secs] [Times: user=1.31 sys=0.00, real=0.17 secs] 
57.874: Total time for which application threads were stopped: 0.1754400 seconds, Stopping threads took: 0.0000350 seconds
57.875: Application time: 0.0003850 seconds
57.875: [Full GC [PSYoungGen: 69120K->68577K(80384K)] [ParOldGen: 182688K->182687K(182784K)] 251808K->251265K(263168K) [PSPermGen: 13471K->13471K(21504K)], 0.0507290 secs] [Times: user=0.35 sys=0.00, real=0.05 secs] 
57.926: Total time for which application threads were stopped: 0.0511470 seconds, Stopping threads took: 0.0000390 seconds
57.926: Application time: 0.0003730 seconds
57.927: [Full GC [PSYoungGen: 69120K->68618K(80384K)] [ParOldGen: 182687K->182687K(182784K)] 251807K->251306K(263168K) [PSPermGen: 13471K->13471K(21504K)], 0.0550220 secs] [Times: user=0.38 sys=0.00, real=0.06 secs] 
57.982: Total time for which application threads were stopped: 0.0554250 seconds, Stopping threads took: 0.0000320 seconds
57.982: Application time: 0.0003250 seconds
57.982: [Full GC [PSYoungGen: 69120K->68624K(80384K)] [ParOldGen: 182687K->182687K(182784K)] 251807K->251312K(263168K) [PSPermGen: 13471K->13471K(21504K)], 0.0504390 secs] [Times: user=0.35 sys=0.00, real=0.05 secs] 
58.033: Total time for which application threads were stopped: 0.0508340 seconds, Stopping threads took: 0.0000190 seconds
58.033: Application time: 0.0003010 seconds
58.034: [Full GC [PSYoungGen: 69120K->68632K(80384K)] [ParOldGen: 182687K->182687K(182784K)] 251807K->251320K(263168K) [PSPermGen: 13471K->13471K(21504K)], 0.0503240 secs] [Times: user=0.35 sys=0.00, real=0.05 secs] 
58.084: Total time for which application threads were stopped: 0.0507110 seconds, Stopping threads took: 0.0000080 seconds
58.084: Application time: 0.0002670 seconds
58.085: [Full GC [PSYoungGen: 69120K->68638K(80384K)] [ParOldGen: 182687K->182687K(182784K)] 251807K->251326K(263168K) [PSPermGen: 13471K->13471K(21504K)], 0.0501960 secs] [Times: user=0.35 sys=0.00, real=0.05 secs] 
58.135: Total time for which application threads were stopped: 0.0506200 seconds, Stopping threads took: 0.0000200 seconds
58.135: Application time: 0.0003080 seconds
58.135: [Full GC [PSYoungGen: 69120K->68645K(80384K)] [ParOldGen: 182687K->182687K(182784K)] 251807K->251333K(263168K) [PSPermGen: 13471K->13471K(21504K)], 0.0502780 secs] [Times: user=0.35 sys=0.00, real=0.05 secs] 
58.186: Total time for which application threads were stopped: 0.0506710 seconds, Stopping threads took: 0.0000200 seconds
58.186: Application time: 0.0003170 seconds
58.186: [Full GC [PSYoungGen: 69120K->68651K(80384K)] [ParOldGen: 182687K->182687K(182784K)] 251807K->251339K(263168K) [PSPermGen: 13471K->13471K(21504K)], 0.0503440 secs] [Times: user=0.35 sys=0.00, real=0.06 secs] 
58.237: Total time for which application threads were stopped: 0.0507640 seconds, Stopping threads took: 0.0000350 seconds
58.237: Application time: 0.0003350 seconds
58.238: [Full GC [PSYoungGen: 69120K->68655K(80384K)] [ParOldGen: 182687K->182687K(182784K)] 251807K->251343K(263168K) [PSPermGen: 13471K->13471K(21504K)], 0.0502890 secs] [Times: user=0.35 sys=0.00, real=0.04 secs] 
58.288: Total time for which application threads were stopped: 0.0506940 seconds, Stopping threads took: 0.0000330 seconds
58.288: Application time: 0.0003580 seconds
58.289: [Full GC [PSYoungGen: 69120K->68662K(80384K)] [ParOldGen: 182687K->182687K(182784K)] 251807K->251350K(263168K) [PSPermGen: 13471K->13471K(21504K)], 0.0505590 secs] [Times: user=0.35 sys=0.00, real=0.05 secs] 
58.339: Total time for which application threads were stopped: 0.0509820 seconds, Stopping threads took: 0.0000380 seconds
58.340: Application time: 0.0002760 seconds
58.340: [Full GC [PSYoungGen: 69120K->68669K(80384K)] [ParOldGen: 182687K->182687K(182784K)] 251807K->251357K(263168K) [PSPermGen: 13471K->13471K(21504K)], 0.0501360 secs] [Times: user=0.35 sys=0.00, real=0.05 secs] 
58.390: Total time for which application threads were stopped: 0.0505290 seconds, Stopping threads took: 0.0000190 seconds
58.390: Application time: 0.0003370 seconds
58.391: [Full GC [PSYoungGen: 69120K->68676K(80384K)] [ParOldGen: 182687K->182687K(182784K)] 251807K->251364K(263168K) [PSPermGen: 13471K->13471K(21504K)], 0.0529230 secs] [Times: user=0.37 sys=0.00, real=0.05 secs] 
58.444: Total time for which application threads were stopped: 0.0533470 seconds, Stopping threads took: 0.0000510 seconds
58.444: Application time: 0.0003200 seconds
58.444: [Full GC [PSYoungGen: 69119K->68679K(80384K)] [ParOldGen: 182687K->182687K(182784K)] 251807K->251367K(263168K) [PSPermGen: 13471K->13471K(21504K)], 0.0506170 secs] [Times: user=0.35 sys=0.00, real=0.05 secs] 
58.495: Total time for which application threads were stopped: 0.0510250 seconds, Stopping threads took: 0.0000390 seconds
58.496: Application time: 0.0003890 seconds
58.496: [Full GC [PSYoungGen: 69120K->68688K(80384K)] [ParOldGen: 182687K->182687K(182784K)] 251807K->251376K(263168K) [PSPermGen: 13471K->13471K(21504K)], 0.0502760 secs] [Times: user=0.35 sys=0.00, real=0.05 secs] 
58.546: Total time for which application threads were stopped: 0.0507020 seconds, Stopping threads took: 0.0000480 seconds
58.547: Application time: 0.0002970 seconds
58.547: [Full GC [PSYoungGen: 69120K->68694K(80384K)] [ParOldGen: 182687K->182687K(182784K)] 251807K->251382K(263168K) [PSPermGen: 13471K->13471K(21504K)], 0.0503650 secs] [Times: user=0.35 sys=0.00, real=0.06 secs] 
58.597: Total time for which application threads were stopped: 0.0507740 seconds, Stopping threads took: 0.0000380 seconds
58.598: Application time: 0.0002990 seconds
58.598: [Full GC [PSYoungGen: 69120K->68698K(80384K)] [ParOldGen: 182687K->182687K(182784K)] 251807K->251385K(263168K) [PSPermGen: 13471K->13471K(21504K)], 0.0504220 secs] [Times: user=0.35 sys=0.00, real=0.04 secs] 
58.648: Total time for which application threads were stopped: 0.0508570 seconds, Stopping threads took: 0.0000370 seconds
58.649: Application time: 0.0003310 seconds
58.649: [Full GC [PSYoungGen: 69120K->68700K(80384K)] [ParOldGen: 182687K->182687K(182784K)] 251807K->251388K(263168K) [PSPermGen: 13471K->13471K(21504K)], 0.0531500 secs] [Times: user=0.37 sys=0.00, real=0.05 secs] 
58.702: Total time for which application threads were stopped: 0.0535520 seconds, Stopping threads took: 0.0000360 seconds
58.703: Application time: 0.0003000 seconds
58.703: [Full GC [PSYoungGen: 69120K->68704K(80384K)] [ParOldGen: 182687K->182687K(182784K)] 251807K->251392K(263168K) [PSPermGen: 13471K->13471K(21504K)], 0.0502180 secs] [Times: user=0.34 sys=0.00, real=0.05 secs] 
58.753: Total time for which application threads were stopped: 0.0506450 seconds, Stopping threads took: 0.0000540 seconds
58.754: Application time: 0.0004520 seconds
58.754: [Full GC [PSYoungGen: 69120K->68703K(80384K)] [ParOldGen: 182687K->182687K(182784K)] 251807K->251391K(263168K) [PSPermGen: 13471K->13471K(21504K)], 0.0508320 secs] [Times: user=0.35 sys=0.00, real=0.05 secs] 
58.805: Total time for which application threads were stopped: 0.0512430 seconds, Stopping threads took: 0.0000270 seconds
58.805: Application time: 0.0004180 seconds
58.806: [Full GC [PSYoungGen: 69120K->68739K(80384K)] [ParOldGen: 182687K->182687K(182784K)] 251807K->251426K(263168K) [PSPermGen: 13471K->13471K(21504K)], 0.0532250 secs] [Times: user=0.37 sys=0.00, real=0.06 secs] 
58.859: Total time for which application threads were stopped: 0.0536330 seconds, Stopping threads took: 0.0000400 seconds
58.859: Application time: 0.0003160 seconds
58.860: [Full GC [PSYoungGen: 69120K->68784K(80384K)] [ParOldGen: 182687K->182687K(182784K)] 251807K->251471K(263168K) [PSPermGen: 13471K->13471K(21504K)], 0.0518140 secs] [Times: user=0.35 sys=0.00, real=0.05 secs] 
58.912: Total time for which application threads were stopped: 0.0522330 seconds, Stopping threads took: 0.0000390 seconds
58.912: Application time: 0.0003670 seconds
58.912: [Full GC [PSYoungGen: 69120K->68790K(80384K)] [ParOldGen: 182687K->182687K(182784K)] 251807K->251478K(263168K) [PSPermGen: 13471K->13471K(21504K)], 0.1139050 secs] [Times: user=0.83 sys=0.00, real=0.11 secs] 
59.026: Total time for which application threads were stopped: 0.1143380 seconds, Stopping threads took: 0.0000600 seconds
59.027: Application time: 0.0003620 seconds
59.027: [Full GC [PSYoungGen: 69120K->68833K(80384K)] [ParOldGen: 182687K->182687K(182784K)] 251807K->251520K(263168K) [PSPermGen: 13471K->13471K(21504K)], 0.0511470 secs] [Times: user=0.35 sys=0.00, real=0.06 secs] 
59.078: Total time for which application threads were stopped: 0.0516430 seconds, Stopping threads took: 0.0001040 seconds
59.079: Application time: 0.0002280 seconds
59.079: [Full GC [PSYoungGen: 69120K->68837K(80384K)] [ParOldGen: 182687K->182687K(182784K)] 251807K->251525K(263168K) [PSPermGen: 13471K->13471K(21504K)], 0.0505070 secs] [Times: user=0.34 sys=0.00, real=0.05 secs] 
59.129: Total time for which application threads were stopped: 0.0509040 seconds, Stopping threads took: 0.0000140 seconds
59.130: Application time: 0.0002410 seconds
59.130: [Full GC [PSYoungGen: 69120K->68874K(80384K)] [ParOldGen: 182687K->182687K(182784K)] 251807K->251562K(263168K) [PSPermGen: 13471K->13471K(21504K)], 0.0502950 secs] [Times: user=0.35 sys=0.00, real=0.05 secs] 
59.180: Total time for which application threads were stopped: 0.0507530 seconds, Stopping threads took: 0.0000580 seconds
59.181: Application time: 0.0002680 seconds
59.181: [Full GC [PSYoungGen: 69120K->68875K(80384K)] [ParOldGen: 182687K->182687K(182784K)] 251807K->251563K(263168K) [PSPermGen: 13471K->13471K(21504K)], 0.0504040 secs] [Times: user=0.35 sys=0.00, real=0.05 secs] 
59.232: Total time for which application threads were stopped: 0.0508300 seconds, Stopping threads took: 0.0000470 seconds
59.232: Application time: 0.0002520 seconds
59.232: [Full GC [PSYoungGen: 69120K->68879K(80384K)] [ParOldGen: 182687K->182687K(182784K)] 251807K->251567K(263168K) [PSPermGen: 13471K->13471K(21504K)], 0.0503680 secs] [Times: user=0.35 sys=0.00, real=0.05 secs] 
59.283: Total time for which application threads were stopped: 0.0508000 seconds, Stopping threads took: 0.0000570 seconds
59.283: Application time: 0.0002490 seconds
59.283: [Full GC [PSYoungGen: 69120K->68883K(80384K)] [ParOldGen: 182687K->182687K(182784K)] 251807K->251571K(263168K) [PSPermGen: 13471K->13471K(21504K)], 0.0505540 secs] [Times: user=0.35 sys=0.00, real=0.05 secs] 
59.334: Total time for which application threads were stopped: 0.0509660 seconds, Stopping threads took: 0.0000390 seconds
59.334: Application time: 0.0002240 seconds
59.334: [Full GC [PSYoungGen: 69120K->68886K(80384K)] [ParOldGen: 182687K->182687K(182784K)] 251807K->251573K(263168K) [PSPermGen: 13471K->13471K(21504K)], 0.1142510 secs] [Times: user=0.84 sys=0.00, real=0.12 secs] 
59.449: Total time for which application threads were stopped: 0.1147230 seconds, Stopping threads took: 0.0001000 seconds
59.449: Application time: 0.0002270 seconds
59.449: [Full GC [PSYoungGen: 69120K->68889K(80384K)] [ParOldGen: 182687K->182687K(182784K)] 251807K->251577K(263168K) [PSPermGen: 13471K->13471K(21504K)], 0.0525800 secs] [Times: user=0.37 sys=0.00, real=0.05 secs] 
59.502: Total time for which application threads were stopped: 0.0530750 seconds, Stopping threads took: 0.0001000 seconds
59.502: Application time: 0.0002510 seconds
59.503: [Full GC [PSYoungGen: 69120K->68893K(80384K)] [ParOldGen: 182687K->182687K(182784K)] 251807K->251580K(263168K) [PSPermGen: 13471K->13471K(21504K)], 0.0508280 secs] [Times: user=0.35 sys=0.01, real=0.05 secs] 
59.554: Total time for which application threads were stopped: 0.0512490 seconds, Stopping threads took: 0.0000480 seconds
59.554: Application time: 0.0002520 seconds
59.554: [Full GC [PSYoungGen: 69120K->68898K(80384K)] [ParOldGen: 182687K->182687K(182784K)] 251807K->251586K(263168K) [PSPermGen: 13471K->13471K(21504K)], 0.0504900 secs] [Times: user=0.35 sys=0.00, real=0.05 secs] 
59.605: Total time for which application threads were stopped: 0.0508860 seconds, Stopping threads took: 0.0000260 seconds
59.605: Application time: 0.0002610 seconds
59.605: [Full GC [PSYoungGen: 69120K->68897K(80384K)] [ParOldGen: 182687K->182687K(182784K)] 251807K->251585K(263168K) [PSPermGen: 13471K->13471K(21504K)], 0.0504100 secs] [Times: user=0.35 sys=0.00, real=0.05 secs] 
59.656: Total time for which application threads were stopped: 0.0508460 seconds, Stopping threads took: 0.0000610 seconds
59.656: Application time: 0.0001990 seconds
59.656: [Full GC [PSYoungGen: 69120K->68898K(80384K)] [ParOldGen: 182687K->182687K(182784K)] 251807K->251586K(263168K) [PSPermGen: 13471K->13471K(21504K)], 0.0503910 secs] [Times: user=0.35 sys=0.00, real=0.05 secs] 
59.707: Total time for which application threads were stopped: 0.0508240 seconds, Stopping threads took: 0.0000260 seconds
59.707: Application time: 0.0002420 seconds
59.707: [Full GC [PSYoungGen: 69120K->68902K(80384K)] [ParOldGen: 182687K->182687K(182784K)] 251807K->251590K(263168K) [PSPermGen: 13471K->13471K(21504K)], 0.0507700 secs] [Times: user=0.35 sys=0.00, real=0.06 secs] 
59.758: Total time for which application threads were stopped: 0.0511910 seconds, Stopping threads took: 0.0000450 seconds
59.759: Application time: 0.0002490 seconds
59.759: [Full GC [PSYoungGen: 69120K->68907K(80384K)] [ParOldGen: 182687K->182687K(182784K)] 251807K->251595K(263168K) [PSPermGen: 13471K->13471K(21504K)], 0.0506390 secs] [Times: user=0.35 sys=0.00, real=0.05 secs] 
59.810: Total time for which application threads were stopped: 0.0510420 seconds, Stopping threads took: 0.0000160 seconds
59.810: Application time: 0.0002900 seconds
59.810: [Full GC [PSYoungGen: 69120K->68940K(80384K)] [ParOldGen: 182687K->182687K(182784K)] 251807K->251628K(263168K) [PSPermGen: 13471K->13471K(21504K)], 0.0507720 secs] [Times: user=0.35 sys=0.00, real=0.05 secs] 
59.861: Total time for which application threads were stopped: 0.0511670 seconds, Stopping threads took: 0.0000230 seconds
59.861: Application time: 0.0002730 seconds
59.862: [Full GC [PSYoungGen: 69120K->68938K(80384K)] [ParOldGen: 182687K->182687K(182784K)] 251807K->251626K(263168K) [PSPermGen: 13471K->13471K(21504K)], 0.1133560 secs] [Times: user=0.83 sys=0.00, real=0.11 secs] 
59.975: Total time for which application threads were stopped: 0.1137850 seconds, Stopping threads took: 0.0000490 seconds
59.975: Application time: 0.0002410 seconds
59.976: [Full GC [PSYoungGen: 69120K->68946K(80384K)] [ParOldGen: 182687K->182687K(182784K)] 251807K->251633K(263168K) [PSPermGen: 13471K->13471K(21504K)], 0.0503650 secs] [Times: user=0.35 sys=0.00, real=0.05 secs] 
60.026: Total time for which application threads were stopped: 0.0508430 seconds, Stopping threads took: 0.0000770 seconds
60.026: Application time: 0.0002500 seconds
60.027: [Full GC [PSYoungGen: 69120K->68951K(80384K)] [ParOldGen: 182687K->182687K(182784K)] 251807K->251639K(263168K) [PSPermGen: 13471K->13471K(21504K)], 0.0505270 secs] [Times: user=0.35 sys=0.00, real=0.06 secs] 
60.077: Total time for which application threads were stopped: 0.0509580 seconds, Stopping threads took: 0.0000440 seconds
60.078: Application time: 0.0002080 seconds
60.078: [Full GC [PSYoungGen: 69120K->69018K(80384K)] [ParOldGen: 182687K->182687K(182784K)] 251807K->251706K(263168K) [PSPermGen: 13471K->13471K(21504K)], 0.0534170 secs] [Times: user=0.37 sys=0.00, real=0.05 secs] 
60.131: Total time for which application threads were stopped: 0.0538290 seconds, Stopping threads took: 0.0000360 seconds
60.132: Application time: 0.0001190 seconds
60.132: [Full GC [PSYoungGen: 69120K->69020K(80384K)] [ParOldGen: 182687K->182687K(182784K)] 251807K->251707K(263168K) [PSPermGen: 13471K->13471K(21504K)], 0.1132630 secs] [Times: user=0.83 sys=0.00, real=0.11 secs] 
60.245: Total time for which application threads were stopped: 0.1136500 seconds, Stopping threads took: 0.0000100 seconds
60.245: Application time: 0.0001620 seconds
60.246: [Full GC [PSYoungGen: 69120K->69021K(80384K)] [ParOldGen: 182687K->182687K(182784K)] 251807K->251709K(263168K) [PSPermGen: 13471K->13471K(21504K)], 0.0505000 secs] [Times: user=0.35 sys=0.00, real=0.05 secs] 
60.296: Total time for which application threads were stopped: 0.0509860 seconds, Stopping threads took: 0.0000720 seconds
60.296: Application time: 0.0001450 seconds
60.297: [Full GC [PSYoungGen: 69120K->69021K(80384K)] [ParOldGen: 182687K->182687K(182784K)] 251807K->251709K(263168K) [PSPermGen: 13471K->13471K(21504K)], 0.0502890 secs] [Times: user=0.35 sys=0.00, real=0.04 secs] 
60.347: Total time for which application threads were stopped: 0.0507400 seconds, Stopping threads took: 0.0000640 seconds
60.347: Application time: 0.0001540 seconds
60.348: [Full GC [PSYoungGen: 69120K->69023K(80384K)] [ParOldGen: 182687K->182687K(182784K)] 251807K->251710K(263168K) [PSPermGen: 13471K->13471K(21504K)], 0.0506620 secs] [Times: user=0.35 sys=0.00, real=0.06 secs] 
60.398: Total time for which application threads were stopped: 0.0511020 seconds, Stopping threads took: 0.0000550 seconds
60.399: Application time: 0.0001610 seconds
60.399: [Full GC [PSYoungGen: 69120K->69023K(80384K)] [ParOldGen: 182687K->182687K(182784K)] 251807K->251711K(263168K) [PSPermGen: 13471K->13471K(21504K)], 0.0505160 secs] [Times: user=0.35 sys=0.00, real=0.05 secs] 
60.450: Total time for which application threads were stopped: 0.0509230 seconds, Stopping threads took: 0.0000280 seconds
60.450: Application time: 0.0001450 seconds
60.450: [Full GC [PSYoungGen: 69120K->69026K(80384K)] [ParOldGen: 182687K->182687K(182784K)] 251807K->251714K(263168K) [PSPermGen: 13471K->13471K(21504K)], 0.0503590 secs] [Times: user=0.35 sys=0.00, real=0.05 secs] 
60.500: Total time for which application threads were stopped: 0.0507660 seconds, Stopping threads took: 0.0000270 seconds
60.501: Application time: 0.0001720 seconds
60.501: [Full GC [PSYoungGen: 69120K->69059K(80384K)] [ParOldGen: 182687K->182687K(182784K)] 251807K->251747K(263168K) [PSPermGen: 13471K->13471K(21504K)], 0.0503440 secs] [Times: user=0.34 sys=0.00, real=0.05 secs] 
60.551: Total time for which application threads were stopped: 0.0507660 seconds, Stopping threads took: 0.0000450 seconds
60.552: Application time: 0.0001320 seconds
60.552: [Full GC [PSYoungGen: 69120K->69065K(80384K)] [ParOldGen: 182687K->182683K(182784K)] 251807K->251748K(263168K) [PSPermGen: 13471K->13471K(21504K)], 0.0629050 secs] [Times: user=0.44 sys=0.00, real=0.06 secs] 
60.615: Total time for which application threads were stopped: 0.0633730 seconds, Stopping threads took: 0.0000690 seconds
60.615: Application time: 0.0001170 seconds
60.615: [Full GC [PSYoungGen: 69120K->69067K(80384K)] [ParOldGen: 182683K->182683K(182784K)] 251803K->251750K(263168K) [PSPermGen: 13471K->13471K(21504K)], 0.0504850 secs] [Times: user=0.35 sys=0.00, real=0.05 secs] 
60.666: Total time for which application threads were stopped: 0.0509580 seconds, Stopping threads took: 0.0000520 seconds
60.666: Application time: 0.0001360 seconds
60.666: [Full GC [PSYoungGen: 69120K->69068K(80384K)] [ParOldGen: 182683K->182683K(182784K)] 251803K->251751K(263168K) [PSPermGen: 13471K->13471K(21504K)], 0.0504950 secs] [Times: user=0.35 sys=0.00, real=0.06 secs] 
60.717: Total time for which application threads were stopped: 0.0509050 seconds, Stopping threads took: 0.0000250 seconds
60.717: Application time: 0.0001000 seconds
60.717: [Full GC [PSYoungGen: 69119K->69070K(80384K)] [ParOldGen: 182683K->182683K(182784K)] 251803K->251753K(263168K) [PSPermGen: 13471K->13471K(21504K)], 0.0503410 secs] [Times: user=0.35 sys=0.00, real=0.04 secs] 
60.768: Total time for which application threads were stopped: 0.0507320 seconds, Stopping threads took: 0.0000140 seconds
60.768: Application time: 0.0001070 seconds
60.768: [Full GC [PSYoungGen: 69120K->69071K(80384K)] [ParOldGen: 182683K->182683K(182784K)] 251803K->251754K(263168K) [PSPermGen: 13471K->13471K(21504K)], 0.0531830 secs] [Times: user=0.37 sys=0.00, real=0.06 secs] 
60.822: Total time for which application threads were stopped: 0.0536060 seconds, Stopping threads took: 0.0000210 seconds
60.822: Application time: 0.0001210 seconds
60.822: [Full GC [PSYoungGen: 69120K->69072K(80384K)] [ParOldGen: 182683K->182683K(182784K)] 251803K->251755K(263168K) [PSPermGen: 13471K->13471K(21504K)], 0.0505820 secs] [Times: user=0.35 sys=0.00, real=0.05 secs] 
60.873: Total time for which application threads were stopped: 0.0509760 seconds, Stopping threads took: 0.0000170 seconds
60.873: Application time: 0.0001210 seconds
60.873: [Full GC [PSYoungGen: 69120K->69073K(80384K)] [ParOldGen: 182683K->182683K(182784K)] 251803K->251756K(263168K) [PSPermGen: 13471K->13471K(21504K)], 0.0508410 secs] [Times: user=0.35 sys=0.00, real=0.05 secs] 
60.924: Total time for which application threads were stopped: 0.0512580 seconds, Stopping threads took: 0.0000310 seconds
60.924: Application time: 0.0001140 seconds
60.925: [Full GC [PSYoungGen: 69120K->69073K(80384K)] [ParOldGen: 182683K->182683K(182784K)] 251803K->251756K(263168K) [PSPermGen: 13471K->13471K(21504K)], 0.0505030 secs] [Times: user=0.35 sys=0.00, real=0.05 secs] 
60.975: Total time for which application threads were stopped: 0.0509360 seconds, Stopping threads took: 0.0000590 seconds
60.975: Application time: 0.0001080 seconds
60.976: [Full GC [PSYoungGen: 69120K->69073K(80384K)] [ParOldGen: 182683K->182683K(182784K)] 251803K->251756K(263168K) [PSPermGen: 13471K->13471K(21504K)], 0.0517770 secs] [Times: user=0.36 sys=0.00, real=0.05 secs] 
61.027: Total time for which application threads were stopped: 0.0521940 seconds, Stopping threads took: 0.0000390 seconds
61.028: Application time: 0.0000980 seconds
61.028: [Full GC [PSYoungGen: 69120K->69073K(80384K)] [ParOldGen: 182683K->182683K(182784K)] 251803K->251756K(263168K) [PSPermGen: 13471K->13471K(21504K)], 0.0505880 secs] [Times: user=0.35 sys=0.00, real=0.06 secs] 
61.079: Total time for which application threads were stopped: 0.0509860 seconds, Stopping threads took: 0.0000170 seconds
61.079: Application time: 0.0000940 seconds
61.079: [Full GC [PSYoungGen: 69120K->69073K(80384K)] [ParOldGen: 182683K->182683K(182784K)] 251803K->251756K(263168K) [PSPermGen: 13471K->13471K(21504K)], 0.0533570 secs] [Times: user=0.37 sys=0.00, real=0.05 secs] 
61.132: Total time for which application threads were stopped: 0.0537630 seconds, Stopping threads took: 0.0000170 seconds
61.132: Application time: 0.0000920 seconds
61.133: [Full GC [PSYoungGen: 69120K->69075K(80384K)] [ParOldGen: 182683K->182683K(182784K)] 251803K->251758K(263168K) [PSPermGen: 13471K->13471K(21504K)], 0.0506050 secs] [Times: user=0.35 sys=0.00, real=0.05 secs] 
61.183: Total time for which application threads were stopped: 0.0510160 seconds, Stopping threads took: 0.0000150 seconds
61.184: Application time: 0.0001220 seconds
61.184: [Full GC [PSYoungGen: 69120K->69075K(80384K)] [ParOldGen: 182683K->182683K(182784K)] 251803K->251758K(263168K) [PSPermGen: 13471K->13471K(21504K)], 0.0504730 secs] [Times: user=0.35 sys=0.00, real=0.05 secs] 
61.234: Total time for which application threads were stopped: 0.0508720 seconds, Stopping threads took: 0.0000180 seconds
61.235: Application time: 0.0000990 seconds
61.235: [Full GC [PSYoungGen: 69120K->69076K(80384K)] [ParOldGen: 182683K->182683K(182784K)] 251803K->251759K(263168K) [PSPermGen: 13471K->13471K(21504K)], 0.0511930 secs] [Times: user=0.35 sys=0.00, real=0.05 secs] 
61.286: Total time for which application threads were stopped: 0.0515970 seconds, Stopping threads took: 0.0000260 seconds
61.286: Application time: 0.0001060 seconds
61.287: [Full GC [PSYoungGen: 69120K->69077K(80384K)] [ParOldGen: 182683K->182683K(182784K)] 251803K->251760K(263168K) [PSPermGen: 13471K->13471K(21504K)], 0.0516250 secs] [Times: user=0.36 sys=0.00, real=0.06 secs] 
61.338: Total time for which application threads were stopped: 0.0520660 seconds, Stopping threads took: 0.0000130 seconds
61.338: Application time: 0.0001200 seconds
61.339: [Full GC [PSYoungGen: 69120K->69077K(80384K)] [ParOldGen: 182683K->182683K(182784K)] 251803K->251761K(263168K) [PSPermGen: 13471K->13471K(21504K)], 0.0504610 secs] [Times: user=0.35 sys=0.00, real=0.05 secs] 
61.389: Total time for which application threads were stopped: 0.0508750 seconds, Stopping threads took: 0.0000300 seconds
61.389: Application time: 0.0000790 seconds
61.390: [Full GC [PSYoungGen: 69113K->69078K(80384K)] [ParOldGen: 182683K->182683K(182784K)] 251796K->251761K(263168K) [PSPermGen: 13471K->13471K(21504K)], 0.0504330 secs] [Times: user=0.34 sys=0.01, real=0.05 secs] 
61.440: Total time for which application threads were stopped: 0.0508800 seconds, Stopping threads took: 0.0000680 seconds
61.440: Application time: 0.0000590 seconds
61.441: [Full GC [PSYoungGen: 69120K->69110K(80384K)] [ParOldGen: 182683K->182683K(182784K)] 251803K->251793K(263168K) [PSPermGen: 13471K->13471K(21504K)], 0.0506970 secs] [Times: user=0.35 sys=0.00, real=0.05 secs] 
61.491: Total time for which application threads were stopped: 0.0510960 seconds, Stopping threads took: 0.0000120 seconds
61.492: Application time: 0.0000660 seconds
61.492: [Full GC [PSYoungGen: 69120K->69110K(80384K)] [ParOldGen: 182683K->182683K(182784K)] 251803K->251793K(263168K) [PSPermGen: 13471K->13471K(21504K)], 0.0505830 secs] [Times: user=0.35 sys=0.00, real=0.05 secs] 
61.543: Total time for which application threads were stopped: 0.0510010 seconds, Stopping threads took: 0.0000380 seconds
61.543: Application time: 0.0000810 seconds
61.543: [Full GC [PSYoungGen: 69120K->69110K(80384K)] [ParOldGen: 182683K->182683K(182784K)] 251803K->251793K(263168K) [PSPermGen: 13471K->13471K(21504K)], 0.0502680 secs] [Times: user=0.35 sys=0.00, real=0.05 secs] 
61.593: Total time for which application threads were stopped: 0.0506840 seconds, Stopping threads took: 0.0000370 seconds
61.593: Application time: 0.0000810 seconds
61.594: [Full GC [PSYoungGen: 69120K->69111K(80384K)] [ParOldGen: 182683K->182683K(182784K)] 251803K->251794K(263168K) [PSPermGen: 13471K->13471K(21504K)], 0.0505060 secs] [Times: user=0.35 sys=0.00, real=0.05 secs] 
61.644: Total time for which application threads were stopped: 0.0509340 seconds, Stopping threads took: 0.0000460 seconds
61.644: Application time: 0.0000760 seconds
61.645: [Full GC [PSYoungGen: 69120K->69111K(80384K)] [ParOldGen: 182683K->182683K(182784K)] 251803K->251794K(263168K) [PSPermGen: 13471K->13471K(21504K)], 0.0504400 secs] [Times: user=0.35 sys=0.00, real=0.05 secs] 
61.695: Total time for which application threads were stopped: 0.0508600 seconds, Stopping threads took: 0.0000270 seconds
61.695: Application time: 0.0000730 seconds
61.696: [Full GC [PSYoungGen: 69120K->69111K(80384K)] [ParOldGen: 182683K->182683K(182784K)] 251803K->251794K(263168K) [PSPermGen: 13471K->13471K(21504K)], 0.0503720 secs] [Times: user=0.34 sys=0.00, real=0.05 secs] 
61.746: Total time for which application threads were stopped: 0.0507920 seconds, Stopping threads took: 0.0000390 seconds
61.746: Application time: 0.0000680 seconds
61.747: [Full GC [PSYoungGen: 69120K->69112K(80384K)] [ParOldGen: 182683K->182683K(182784K)] 251803K->251795K(263168K) [PSPermGen: 13471K->13471K(21504K)], 0.0505740 secs] [Times: user=0.35 sys=0.00, real=0.06 secs] 
61.797: Total time for which application threads were stopped: 0.0510130 seconds, Stopping threads took: 0.0000460 seconds
61.797: Application time: 0.0000770 seconds
61.798: [Full GC [PSYoungGen: 69120K->69112K(80384K)] [ParOldGen: 182683K->182683K(182784K)] 251803K->251795K(263168K) [PSPermGen: 13471K->13471K(21504K)], 0.0532640 secs] [Times: user=0.37 sys=0.00, real=0.05 secs] 
61.851: Total time for which application threads were stopped: 0.0537340 seconds, Stopping threads took: 0.0000600 seconds
61.851: Application time: 0.0000550 seconds
61.851: [Full GC [PSYoungGen: 69120K->69112K(80384K)] [ParOldGen: 182683K->182683K(182784K)] 251803K->251795K(263168K) [PSPermGen: 13471K->13471K(21504K)], 0.0511150 secs] [Times: user=0.34 sys=0.00, real=0.05 secs] 
61.903: Total time for which application threads were stopped: 0.0515280 seconds, Stopping threads took: 0.0000350 seconds
61.903: Application time: 0.0000480 seconds
61.903: [Full GC [PSYoungGen: 69120K->69111K(80384K)] [ParOldGen: 182683K->182683K(182784K)] 251803K->251794K(263168K) [PSPermGen: 13471K->13471K(21504K)], 0.0505950 secs] [Times: user=0.36 sys=0.00, real=0.05 secs] 
61.954: Total time for which application threads were stopped: 0.0510140 seconds, Stopping threads took: 0.0000310 seconds
61.954: Application time: 0.0000660 seconds
61.954: [Full GC [PSYoungGen: 69120K->69112K(80384K)] [ParOldGen: 182683K->182683K(182784K)] 251803K->251795K(263168K) [PSPermGen: 13471K->13471K(21504K)], 0.0520590 secs] [Times: user=0.36 sys=0.00, real=0.05 secs] 
62.006: Total time for which application threads were stopped: 0.0524890 seconds, Stopping threads took: 0.0000460 seconds
62.006: Application time: 0.0000620 seconds
62.007: [Full GC [PSYoungGen: 69120K->69112K(80384K)] [ParOldGen: 182683K->182683K(182784K)] 251803K->251795K(263168K) [PSPermGen: 13471K->13471K(21504K)], 0.0503970 secs] [Times: user=0.35 sys=0.00, real=0.06 secs] 
62.057: Total time for which application threads were stopped: 0.0508080 seconds, Stopping threads took: 0.0000380 seconds
62.057: Application time: 0.0000680 seconds
62.058: [Full GC [PSYoungGen: 69120K->69112K(80384K)] [ParOldGen: 182683K->182683K(182784K)] 251803K->251795K(263168K) [PSPermGen: 13471K->13471K(21504K)], 0.0503940 secs] [Times: user=0.35 sys=0.00, real=0.04 secs] 
62.108: Total time for which application threads were stopped: 0.0508050 seconds, Stopping threads took: 0.0000170 seconds
62.108: Application time: 0.0000630 seconds
62.108: [Full GC [PSYoungGen: 69120K->69112K(80384K)] [ParOldGen: 182683K->182683K(182784K)] 251803K->251795K(263168K) [PSPermGen: 13471K->13471K(21504K)], 0.0505100 secs] [Times: user=0.35 sys=0.00, real=0.06 secs] 
62.159: Total time for which application threads were stopped: 0.0509200 seconds, Stopping threads took: 0.0000130 seconds
62.159: Application time: 0.0000580 seconds
62.159: [Full GC [PSYoungGen: 69120K->69112K(80384K)] [ParOldGen: 182683K->182683K(182784K)] 251803K->251795K(263168K) [PSPermGen: 13471K->13471K(21504K)], 0.0505490 secs] [Times: user=0.35 sys=0.00, real=0.05 secs] 
62.210: Total time for which application threads were stopped: 0.0509720 seconds, Stopping threads took: 0.0000230 seconds
62.210: Application time: 0.0000730 seconds
62.210: [Full GC [PSYoungGen: 69120K->69112K(80384K)] [ParOldGen: 182683K->182683K(182784K)] 251803K->251795K(263168K) [PSPermGen: 13471K->13471K(21504K)], 0.0503460 secs] [Times: user=0.35 sys=0.00, real=0.05 secs] 
62.261: Total time for which application threads were stopped: 0.0507710 seconds, Stopping threads took: 0.0000410 seconds
62.261: Application time: 0.0000560 seconds
62.261: [Full GC [PSYoungGen: 69120K->69112K(80384K)] [ParOldGen: 182683K->182683K(182784K)] 251803K->251796K(263168K) [PSPermGen: 13471K->13471K(21504K)], 0.0506260 secs] [Times: user=0.35 sys=0.00, real=0.05 secs] 
62.312: Total time for which application threads were stopped: 0.0510270 seconds, Stopping threads took: 0.0000220 seconds
62.312: Application time: 0.0000730 seconds
62.312: [Full GC [PSYoungGen: 69120K->69112K(80384K)] [ParOldGen: 182683K->182683K(182784K)] 251803K->251795K(263168K) [PSPermGen: 13471K->13471K(21504K)], 0.0503110 secs] [Times: user=0.35 sys=0.00, real=0.05 secs] 
62.363: Total time for which application threads were stopped: 0.0507800 seconds, Stopping threads took: 0.0000480 seconds
62.363: Application time: 0.0000560 seconds
62.363: [Full GC [PSYoungGen: 69120K->69112K(80384K)] [ParOldGen: 182683K->182683K(182784K)] 251803K->251796K(263168K) [PSPermGen: 13471K->13471K(21504K)], 0.0501880 secs] [Times: user=0.35 sys=0.00, real=0.05 secs] 
62.413: Total time for which application threads were stopped: 0.0506010 seconds, Stopping threads took: 0.0000340 seconds
62.414: Application time: 0.0000640 seconds
62.414: [Full GC [PSYoungGen: 69120K->69113K(80384K)] [ParOldGen: 182683K->182683K(182784K)] 251803K->251796K(263168K) [PSPermGen: 13471K->13471K(21504K)], 0.0503210 secs] [Times: user=0.35 sys=0.00, real=0.05 secs] 
62.464: Total time for which application threads were stopped: 0.0507430 seconds, Stopping threads took: 0.0000350 seconds
62.464: Application time: 0.0000780 seconds
62.465: [Full GC [PSYoungGen: 69120K->69113K(80384K)] [ParOldGen: 182683K->182683K(182784K)] 251803K->251796K(263168K) [PSPermGen: 13471K->13471K(21504K)], 0.0533950 secs] [Times: user=0.38 sys=0.00, real=0.06 secs] 
62.518: Total time for which application threads were stopped: 0.0538060 seconds, Stopping threads took: 0.0000130 seconds
62.518: Application time: 0.0000680 seconds
62.519: [Full GC [PSYoungGen: 69120K->69114K(80384K)] [ParOldGen: 182683K->182683K(182784K)] 251803K->251797K(263168K) [PSPermGen: 13471K->13471K(21504K)], 0.0502730 secs] [Times: user=0.34 sys=0.00, real=0.05 secs] 
62.569: Total time for which application threads were stopped: 0.0507000 seconds, Stopping threads took: 0.0000470 seconds
62.569: Application time: 0.0000620 seconds
62.569: [Full GC [PSYoungGen: 69120K->69113K(80384K)] [ParOldGen: 182683K->182683K(182784K)] 251803K->251796K(263168K) [PSPermGen: 13471K->13471K(21504K)], 0.0505730 secs] [Times: user=0.35 sys=0.00, real=0.05 secs] 
62.620: Total time for which application threads were stopped: 0.0510200 seconds, Stopping threads took: 0.0000270 seconds
62.620: Application time: 0.0000550 seconds
62.620: [Full GC [PSYoungGen: 69119K->69113K(80384K)] [ParOldGen: 182683K->182683K(182784K)] 251803K->251796K(263168K) [PSPermGen: 13471K->13471K(21504K)], 0.0503660 secs] [Times: user=0.35 sys=0.00, real=0.05 secs] 
62.671: Total time for which application threads were stopped: 0.0507740 seconds, Stopping threads took: 0.0000250 seconds
62.671: Application time: 0.0000530 seconds
62.671: [Full GC [PSYoungGen: 69120K->69113K(80384K)] [ParOldGen: 182683K->182683K(182784K)] 251803K->251796K(263168K) [PSPermGen: 13471K->13471K(21504K)], 0.0503180 secs] [Times: user=0.35 sys=0.00, real=0.05 secs] 
62.722: Total time for which application threads were stopped: 0.0507300 seconds, Stopping threads took: 0.0000360 seconds
62.722: Application time: 0.0000570 seconds
62.722: [Full GC [PSYoungGen: 69120K->69114K(80384K)] [ParOldGen: 182683K->182683K(182784K)] 251803K->251797K(263168K) [PSPermGen: 13471K->13471K(21504K)], 0.0531810 secs] [Times: user=0.37 sys=0.00, real=0.05 secs] 
62.775: Total time for which application threads were stopped: 0.0535920 seconds, Stopping threads took: 0.0000240 seconds
62.775: Application time: 0.0000570 seconds
62.776: [Full GC [PSYoungGen: 69120K->69114K(80384K)] [ParOldGen: 182683K->182683K(182784K)] 251803K->251797K(263168K) [PSPermGen: 13471K->13471K(21504K)], 0.0502840 secs] [Times: user=0.35 sys=0.00, real=0.05 secs] 
62.826: Total time for which application threads were stopped: 0.0507070 seconds, Stopping threads took: 0.0000410 seconds
62.826: Application time: 0.0000600 seconds
62.826: [Full GC [PSYoungGen: 69120K->69114K(80384K)] [ParOldGen: 182683K->182683K(182784K)] 251803K->251797K(263168K) [PSPermGen: 13471K->13471K(21504K)], 0.0503440 secs] [Times: user=0.35 sys=0.00, real=0.06 secs] 
62.877: Total time for which application threads were stopped: 0.0507860 seconds, Stopping threads took: 0.0000430 seconds
62.877: Application time: 0.0000500 seconds
62.877: [Full GC [PSYoungGen: 69120K->69114K(80384K)] [ParOldGen: 182683K->182683K(182784K)] 251803K->251797K(263168K) [PSPermGen: 13471K->13471K(21504K)], 0.0506610 secs] [Times: user=0.35 sys=0.00, real=0.04 secs] 
62.928: Total time for which application threads were stopped: 0.0510730 seconds, Stopping threads took: 0.0000340 seconds
62.928: Application time: 0.0000570 seconds
62.928: [Full GC [PSYoungGen: 69120K->69114K(80384K)] [ParOldGen: 182683K->182683K(182784K)] 251803K->251797K(263168K) [PSPermGen: 13471K->13471K(21504K)], 0.0503070 secs] [Times: user=0.35 sys=0.00, real=0.06 secs] 
62.979: Total time for which application threads were stopped: 0.0507470 seconds, Stopping threads took: 0.0000610 seconds
62.979: Application time: 0.0000560 seconds
62.979: [Full GC [PSYoungGen: 69120K->69114K(80384K)] [ParOldGen: 182683K->182683K(182784K)] 251803K->251797K(263168K) [PSPermGen: 13471K->13471K(21504K)], 0.0503410 secs] [Times: user=0.35 sys=0.00, real=0.05 secs] 
63.030: Total time for which application threads were stopped: 0.0507560 seconds, Stopping threads took: 0.0000350 seconds
63.030: Application time: 0.0000470 seconds
63.030: [Full GC [PSYoungGen: 69120K->69114K(80384K)] [ParOldGen: 182683K->182683K(182784K)] 251803K->251797K(263168K) [PSPermGen: 13471K->13471K(21504K)], 0.0508370 secs] [Times: user=0.36 sys=0.00, real=0.05 secs] 
63.081: Total time for which application threads were stopped: 0.0512350 seconds, Stopping threads took: 0.0000200 seconds
63.081: Application time: 0.0000560 seconds
63.081: [Full GC [PSYoungGen: 69120K->69114K(80384K)] [ParOldGen: 182683K->182683K(182784K)] 251803K->251797K(263168K) [PSPermGen: 13471K->13471K(21504K)], 0.0503200 secs] [Times: user=0.35 sys=0.00, real=0.05 secs] 
63.132: Total time for which application threads were stopped: 0.0507450 seconds, Stopping threads took: 0.0000400 seconds
63.132: Application time: 0.0000760 seconds
63.132: [Full GC [PSYoungGen: 69120K->69114K(80384K)] [ParOldGen: 182683K->182683K(182784K)] 251803K->251797K(263168K) [PSPermGen: 13471K->13471K(21504K)], 0.0504180 secs] [Times: user=0.35 sys=0.00, real=0.05 secs] 
63.183: Total time for which application threads were stopped: 0.0508300 seconds, Stopping threads took: 0.0000170 seconds
63.183: Application time: 0.0000510 seconds
63.183: [Full GC [PSYoungGen: 69120K->69114K(80384K)] [ParOldGen: 182683K->182683K(182784K)] 251803K->251797K(263168K) [PSPermGen: 13471K->13471K(21504K)], 0.0504620 secs] [Times: user=0.35 sys=0.00, real=0.05 secs] 
63.234: Total time for which application threads were stopped: 0.0509000 seconds, Stopping threads took: 0.0000500 seconds
63.234: Application time: 0.0000520 seconds
63.234: [Full GC [PSYoungGen: 69120K->69115K(80384K)] [ParOldGen: 182683K->182683K(182784K)] 251803K->251798K(263168K) [PSPermGen: 13471K->13471K(21504K)], 0.0506480 secs] [Times: user=0.35 sys=0.00, real=0.05 secs] 
63.285: Total time for which application threads were stopped: 0.0510460 seconds, Stopping threads took: 0.0000210 seconds
63.285: Application time: 0.0000560 seconds
63.285: [Full GC [PSYoungGen: 69120K->69115K(80384K)] [ParOldGen: 182683K->182683K(182784K)] 251803K->251798K(263168K) [PSPermGen: 13471K->13471K(21504K)], 0.0501710 secs] [Times: user=0.35 sys=0.00, real=0.05 secs] 
63.335: Total time for which application threads were stopped: 0.0505910 seconds, Stopping threads took: 0.0000360 seconds
63.335: Application time: 0.0000580 seconds
63.336: [Full GC [PSYoungGen: 69120K->69114K(80384K)] [ParOldGen: 182683K->182683K(182784K)] 251803K->251798K(263168K) [PSPermGen: 13471K->13471K(21504K)], 0.0504820 secs] [Times: user=0.35 sys=0.00, real=0.05 secs] 
63.386: Total time for which application threads were stopped: 0.0509280 seconds, Stopping threads took: 0.0000320 seconds
63.386: Application time: 0.0000690 seconds
63.387: [Full GC [PSYoungGen: 69120K->69115K(80384K)] [ParOldGen: 182683K->182683K(182784K)] 251803K->251798K(263168K) [PSPermGen: 13471K->13471K(21504K)], 0.0504320 secs] [Times: user=0.35 sys=0.00, real=0.06 secs] 
63.437: Total time for which application threads were stopped: 0.0508760 seconds, Stopping threads took: 0.0000510 seconds
63.437: Application time: 0.0000660 seconds
63.438: [Full GC [PSYoungGen: 69120K->69115K(80384K)] [ParOldGen: 182683K->182683K(182784K)] 251803K->251798K(263168K) [PSPermGen: 13471K->13471K(21504K)], 0.0503910 secs] [Times: user=0.35 sys=0.00, real=0.04 secs] 
63.488: Total time for which application threads were stopped: 0.0508040 seconds, Stopping threads took: 0.0000360 seconds
63.488: Application time: 0.0000460 seconds
63.489: [Full GC [PSYoungGen: 69120K->69115K(80384K)] [ParOldGen: 182683K->182683K(182784K)] 251803K->251798K(263168K) [PSPermGen: 13471K->13471K(21504K)], 0.0504520 secs] [Times: user=0.35 sys=0.00, real=0.06 secs] 
63.539: Total time for which application threads were stopped: 0.0508770 seconds, Stopping threads took: 0.0000170 seconds
63.539: Application time: 0.0001010 seconds
63.540: [Full GC [PSYoungGen: 69120K->69115K(80384K)] [ParOldGen: 182717K->182715K(182784K)] 251837K->251831K(263168K) [PSPermGen: 13471K->13471K(21504K)], 0.0507740 secs] [Times: user=0.35 sys=0.01, real=0.05 secs] 
63.590: Total time for which application threads were stopped: 0.0511820 seconds, Stopping threads took: 0.0000190 seconds
63.590: Application time: 0.0000910 seconds
63.591: [Full GC [PSYoungGen: 69120K->69115K(80384K)] [ParOldGen: 182715K->182715K(182784K)] 251835K->251831K(263168K) [PSPermGen: 13471K->13471K(21504K)], 0.0504210 secs] [Times: user=0.35 sys=0.00, real=0.05 secs] 
63.641: Total time for which application threads were stopped: 0.0509300 seconds, Stopping threads took: 0.0000670 seconds
63.641: Application time: 0.0000570 seconds
63.642: [Full GC [PSYoungGen: 69120K->69115K(80384K)] [ParOldGen: 182715K->182715K(182784K)] 251835K->251831K(263168K) [PSPermGen: 13471K->13471K(21504K)], 0.0534170 secs] [Times: user=0.37 sys=0.00, real=0.05 secs] 
63.695: Total time for which application threads were stopped: 0.0538620 seconds, Stopping threads took: 0.0000630 seconds
63.695: Application time: 0.0000590 seconds
63.696: [Full GC [PSYoungGen: 69120K->69115K(80384K)] [ParOldGen: 182715K->182715K(182784K)] 251835K->251830K(263168K) [PSPermGen: 13471K->13471K(21504K)], 0.0505180 secs] [Times: user=0.35 sys=0.00, real=0.05 secs] 
63.746: Total time for which application threads were stopped: 0.0509340 seconds, Stopping threads took: 0.0000260 seconds
63.746: Application time: 0.0000600 seconds
63.747: Total time for which application threads were stopped: 0.0003330 seconds, Stopping threads took: 0.0000180 seconds
63.747: Application time: 0.0000240 seconds
63.747: [Full GC [PSYoungGen: 69120K->69115K(80384K)] [ParOldGen: 182716K->182715K(182784K)] 251836K->251830K(263168K) [PSPermGen: 13471K->13471K(21504K)], 0.0503320 secs] [Times: user=0.35 sys=0.00, real=0.06 secs] 
63.797: Total time for which application threads were stopped: 0.0504590 seconds, Stopping threads took: 0.0000060 seconds
63.797: Application time: 0.0000720 seconds
63.798: [Full GC [PSYoungGen: 69120K->69115K(80384K)] [ParOldGen: 182715K->182715K(182784K)] 251835K->251830K(263168K) [PSPermGen: 13471K->13471K(21504K)], 0.0501250 secs] [Times: user=0.34 sys=0.01, real=0.04 secs] 
63.848: Total time for which application threads were stopped: 0.0505600 seconds, Stopping threads took: 0.0000110 seconds
63.848: Application time: 0.0000480 seconds
63.848: [Full GC [PSYoungGen: 69120K->69115K(80384K)] [ParOldGen: 182715K->182715K(182784K)] 251835K->251831K(263168K) [PSPermGen: 13471K->13471K(21504K)], 0.0508430 secs] [Times: user=0.35 sys=0.00, real=0.06 secs] 
63.899: Total time for which application threads were stopped: 0.0512830 seconds, Stopping threads took: 0.0000290 seconds
63.899: Application time: 0.0000580 seconds
63.900: [Full GC [PSYoungGen: 69120K->69115K(80384K)] [ParOldGen: 182715K->182715K(182784K)] 251835K->251831K(263168K) [PSPermGen: 13471K->13471K(21504K)], 0.0516860 secs] [Times: user=0.36 sys=0.00, real=0.05 secs] 
63.951: Total time for which application threads were stopped: 0.0521170 seconds, Stopping threads took: 0.0000140 seconds
63.951: Application time: 0.0000650 seconds
63.952: [Full GC [PSYoungGen: 69120K->69115K(80384K)] [ParOldGen: 182715K->182715K(182784K)] 251835K->251830K(263168K) [PSPermGen: 13471K->13471K(21504K)], 0.0506660 secs] [Times: user=0.35 sys=0.00, real=0.05 secs] 
64.003: Total time for which application threads were stopped: 0.0511670 seconds, Stopping threads took: 0.0000320 seconds
64.003: Application time: 0.0000560 seconds
64.003: [Full GC [PSYoungGen: 69120K->69115K(80384K)] [ParOldGen: 182715K->182715K(182784K)] 251835K->251830K(263168K) [PSPermGen: 13471K->13471K(21504K)], 0.0505260 secs] [Times: user=0.35 sys=0.00, real=0.05 secs] 
64.054: Total time for which application threads were stopped: 0.0509380 seconds, Stopping threads took: 0.0000120 seconds
64.054: Application time: 0.0000710 seconds
64.054: [Full GC [PSYoungGen: 69120K->69115K(80384K)] [ParOldGen: 182715K->182715K(182784K)] 251835K->251830K(263168K) [PSPermGen: 13471K->13471K(21504K)], 0.0500480 secs] [Times: user=0.35 sys=0.00, real=0.05 secs] 
64.104: Total time for which application threads were stopped: 0.0504480 seconds, Stopping threads took: 0.0000150 seconds
64.104: Application time: 0.0000500 seconds
64.104: [Full GC [PSYoungGen: 69120K->69115K(80384K)] [ParOldGen: 182715K->182715K(182784K)] 251835K->251830K(263168K) [PSPermGen: 13471K->13471K(21504K)], 0.0505460 secs] [Times: user=0.35 sys=0.00, real=0.05 secs] 
64.155: Total time for which application threads were stopped: 0.0509790 seconds, Stopping threads took: 0.0000440 seconds
64.155: Application time: 0.0000710 seconds
64.155: [Full GC [PSYoungGen: 69119K->69116K(80384K)] [ParOldGen: 182715K->182715K(182784K)] 251835K->251831K(263168K) [PSPermGen: 13471K->13471K(21504K)], 0.0501500 secs] [Times: user=0.35 sys=0.00, real=0.05 secs] 
64.206: Total time for which application threads were stopped: 0.0505490 seconds, Stopping threads took: 0.0000160 seconds
64.206: Application time: 0.0000680 seconds
64.206: [Full GC [PSYoungGen: 69120K->69116K(80384K)] [ParOldGen: 182715K->182715K(182784K)] 251835K->251831K(263168K) [PSPermGen: 13471K->13471K(21504K)], 0.0520870 secs] [Times: user=0.37 sys=0.00, real=0.06 secs] 
64.258: Total time for which application threads were stopped: 0.0524860 seconds, Stopping threads took: 0.0000230 seconds
64.258: Application time: 0.0000590 seconds
64.259: [Full GC [PSYoungGen: 69120K->69116K(80384K)] [ParOldGen: 182715K->182715K(182784K)] 251835K->251831K(263168K) [PSPermGen: 13471K->13471K(21504K)], 0.0507750 secs] [Times: user=0.35 sys=0.00, real=0.05 secs] 
64.310: Total time for which application threads were stopped: 0.0511800 seconds, Stopping threads took: 0.0000210 seconds
64.310: Application time: 0.0000400 seconds
64.310: [Full GC [PSYoungGen: 69120K->69116K(80384K)] [ParOldGen: 182715K->182715K(182784K)] 251835K->251831K(263168K) [PSPermGen: 13471K->13471K(21504K)], 0.0504340 secs] [Times: user=0.35 sys=0.00, real=0.05 secs] 
64.360: Total time for which application threads were stopped: 0.0508320 seconds, Stopping threads took: 0.0000200 seconds
64.360: Application time: 0.0000660 seconds
64.361: [Full GC [PSYoungGen: 69120K->69116K(80384K)] [ParOldGen: 182715K->182715K(182784K)] 251835K->251831K(263168K) [PSPermGen: 13471K->13471K(21504K)], 0.0506790 secs] [Times: user=0.35 sys=0.00, real=0.05 secs] 
64.412: Total time for which application threads were stopped: 0.0511070 seconds, Stopping threads took: 0.0000200 seconds
64.412: Application time: 0.0000460 seconds
64.412: [Full GC [PSYoungGen: 69120K->69116K(80384K)] [ParOldGen: 182715K->182715K(182784K)] 251835K->251831K(263168K) [PSPermGen: 13471K->13471K(21504K)], 0.0505520 secs] [Times: user=0.35 sys=0.00, real=0.05 secs] 
64.463: Total time for which application threads were stopped: 0.0509990 seconds, Stopping threads took: 0.0000600 seconds
64.463: Application time: 0.0000520 seconds
64.463: [Full GC [PSYoungGen: 69120K->69116K(80384K)] [ParOldGen: 182715K->182715K(182784K)] 251835K->251831K(263168K) [PSPermGen: 13471K->13471K(21504K)], 0.0501150 secs] [Times: user=0.35 sys=0.00, real=0.05 secs] 
64.513: Total time for which application threads were stopped: 0.0505710 seconds, Stopping threads took: 0.0000670 seconds
64.513: Application time: 0.0000560 seconds
64.514: [Full GC [PSYoungGen: 69120K->69116K(80384K)] [ParOldGen: 182715K->182715K(182784K)] 251835K->251831K(263168K) [PSPermGen: 13471K->13471K(21504K)], 0.0506680 secs] [Times: user=0.35 sys=0.00, real=0.05 secs] 
64.564: Total time for which application threads were stopped: 0.0510730 seconds, Stopping threads took: 0.0000230 seconds
64.564: Application time: 0.0000610 seconds
64.565: [Full GC [PSYoungGen: 69120K->69116K(80384K)] [ParOldGen: 182715K->182715K(182784K)] 251835K->251831K(263168K) [PSPermGen: 13471K->13471K(21504K)], 0.0504460 secs] [Times: user=0.35 sys=0.00, real=0.05 secs] 
64.615: Total time for which application threads were stopped: 0.0508510 seconds, Stopping threads took: 0.0000180 seconds
64.615: Application time: 0.0000520 seconds
64.616: [Full GC [PSYoungGen: 69120K->69116K(80384K)] [ParOldGen: 182715K->182715K(182784K)] 251835K->251831K(263168K) [PSPermGen: 13471K->13471K(21504K)], 0.0503050 secs] [Times: user=0.35 sys=0.00, real=0.05 secs] 
64.666: Total time for which application threads were stopped: 0.0507160 seconds, Stopping threads took: 0.0000360 seconds
64.666: Application time: 0.0000470 seconds
64.666: [Full GC [PSYoungGen: 69120K->69116K(80384K)] [ParOldGen: 182715K->182715K(182784K)] 251835K->251831K(263168K) [PSPermGen: 13471K->13471K(21504K)], 0.0503170 secs] [Times: user=0.35 sys=0.00, real=0.06 secs] 
64.717: Total time for which application threads were stopped: 0.0507330 seconds, Stopping threads took: 0.0000320 seconds
64.717: Application time: 0.0000390 seconds
64.717: [Full GC [PSYoungGen: 69120K->69117K(80384K)] [ParOldGen: 182715K->182715K(182784K)] 251835K->251832K(263168K) [PSPermGen: 13471K->13471K(21504K)], 0.0540050 secs] [Times: user=0.37 sys=0.01, real=0.05 secs] 
64.771: Total time for which application threads were stopped: 0.0544100 seconds, Stopping threads took: 0.0000220 seconds
64.771: Application time: 0.0000690 seconds
64.772: [Full GC [PSYoungGen: 69120K->69117K(80384K)] [ParOldGen: 182715K->182715K(182784K)] 251835K->251832K(263168K) [PSPermGen: 13471K->13471K(21504K)], 0.0503060 secs] [Times: user=0.35 sys=0.00, real=0.05 secs] 
64.822: Total time for which application threads were stopped: 0.0507070 seconds, Stopping threads took: 0.0000210 seconds
64.822: Application time: 0.0000450 seconds
64.822: [Full GC [PSYoungGen: 69120K->69117K(80384K)] [ParOldGen: 182715K->182715K(182784K)] 251835K->251832K(263168K) [PSPermGen: 13471K->13471K(21504K)], 0.0505800 secs] [Times: user=0.35 sys=0.00, real=0.05 secs] 
64.873: Total time for which application threads were stopped: 0.0509770 seconds, Stopping threads took: 0.0000240 seconds
64.873: Application time: 0.0000470 seconds
64.873: [Full GC [PSYoungGen: 69120K->69117K(80384K)] [ParOldGen: 182715K->182715K(182784K)] 251835K->251832K(263168K) [PSPermGen: 13471K->13471K(21504K)], 0.0538170 secs] [Times: user=0.37 sys=0.00, real=0.05 secs] 
64.927: Total time for which application threads were stopped: 0.0542420 seconds, Stopping threads took: 0.0000180 seconds
64.927: Application time: 0.0000450 seconds
64.928: [Full GC [PSYoungGen: 69120K->69117K(80384K)] [ParOldGen: 182715K->182715K(182784K)] 251835K->251832K(263168K) [PSPermGen: 13471K->13471K(21504K)], 0.0616720 secs] [Times: user=0.42 sys=0.00, real=0.07 secs] 
64.990: Total time for which application threads were stopped: 0.0620810 seconds, Stopping threads took: 0.0000260 seconds
64.990: Application time: 0.0000600 seconds
64.990: [Full GC [PSYoungGen: 69120K->69117K(80384K)] [ParOldGen: 182715K->182715K(182784K)] 251835K->251832K(263168K) [PSPermGen: 13471K->13471K(21504K)], 0.0509060 secs] [Times: user=0.35 sys=0.00, real=0.05 secs] 
65.041: Total time for which application threads were stopped: 0.0513210 seconds, Stopping threads took: 0.0000310 seconds
65.041: Application time: 0.0000630 seconds
65.041: [Full GC [PSYoungGen: 69120K->69117K(80384K)] [ParOldGen: 182715K->182715K(182784K)] 251835K->251832K(263168K) [PSPermGen: 13471K->13471K(21504K)], 0.0510120 secs] [Times: user=0.34 sys=0.01, real=0.05 secs] 
65.092: Total time for which application threads were stopped: 0.0514260 seconds, Stopping threads took: 0.0000200 seconds
65.092: Application time: 0.0000540 seconds
65.093: [Full GC [PSYoungGen: 69120K->69117K(80384K)] [ParOldGen: 182715K->182715K(182784K)] 251835K->251832K(263168K) [PSPermGen: 13471K->13471K(21504K)], 0.0504980 secs] [Times: user=0.35 sys=0.00, real=0.05 secs] 
65.143: Total time for which application threads were stopped: 0.0508960 seconds, Stopping threads took: 0.0000090 seconds
65.143: Application time: 0.0000910 seconds
65.144: [Full GC [PSYoungGen: 69120K->69117K(80384K)] [ParOldGen: 182749K->182747K(182784K)] 251869K->251865K(263168K) [PSPermGen: 13471K->13471K(21504K)], 0.0509310 secs] [Times: user=0.35 sys=0.00, real=0.05 secs] 
65.195: Total time for which application threads were stopped: 0.0513410 seconds, Stopping threads took: 0.0000270 seconds
65.195: Application time: 0.0000540 seconds
65.195: [Full GC [PSYoungGen: 69120K->69117K(80384K)] [ParOldGen: 182747K->182747K(182784K)] 251867K->251865K(263168K) [PSPermGen: 13471K->13471K(21504K)], 0.0510200 secs] [Times: user=0.36 sys=0.00, real=0.05 secs] 
65.246: Total time for which application threads were stopped: 0.0514830 seconds, Stopping threads took: 0.0000610 seconds
65.246: Application time: 0.0000570 seconds
65.247: [Full GC [PSYoungGen: 69120K->69117K(80384K)] [ParOldGen: 182747K->182747K(182784K)] 251867K->251864K(263168K) [PSPermGen: 13471K->13471K(21504K)], 0.0506410 secs] [Times: user=0.34 sys=0.00, real=0.06 secs] 
65.297: Total time for which application threads were stopped: 0.0510320 seconds, Stopping threads took: 0.0000160 seconds
65.297: Application time: 0.0000710 seconds
65.298: [Full GC [PSYoungGen: 69120K->69117K(80384K)] [ParOldGen: 182747K->182747K(182784K)] 251867K->251864K(263168K) [PSPermGen: 13471K->13471K(21504K)], 0.0506600 secs] [Times: user=0.36 sys=0.00, real=0.04 secs] 
65.349: Total time for which application threads were stopped: 0.0510520 seconds, Stopping threads took: 0.0000110 seconds
65.349: Application time: 0.0000470 seconds
65.349: [Full GC [PSYoungGen: 69120K->69117K(80384K)] [ParOldGen: 182747K->182747K(182784K)] 251867K->251864K(263168K) [PSPermGen: 13471K->13471K(21504K)], 0.0502020 secs] [Times: user=0.34 sys=0.00, real=0.05 secs] 
65.399: Total time for which application threads were stopped: 0.0506370 seconds, Stopping threads took: 0.0000380 seconds
65.399: Application time: 0.0000480 seconds
65.400: [Full GC [PSYoungGen: 69120K->69117K(80384K)] [ParOldGen: 182747K->182747K(182784K)] 251867K->251864K(263168K) [PSPermGen: 13471K->13471K(21504K)], 0.0505390 secs] [Times: user=0.35 sys=0.00, real=0.05 secs] 
65.450: Total time for which application threads were stopped: 0.0509640 seconds, Stopping threads took: 0.0000220 seconds
65.450: Application time: 0.0000590 seconds
65.451: [Full GC [PSYoungGen: 69120K->69117K(80384K)] [ParOldGen: 182747K->182747K(182784K)] 251867K->251864K(263168K) [PSPermGen: 13471K->13471K(21504K)], 0.0503110 secs] [Times: user=0.35 sys=0.00, real=0.05 secs] 
65.501: Total time for which application threads were stopped: 0.0507080 seconds, Stopping threads took: 0.0000160 seconds
65.501: Application time: 0.0000630 seconds
65.501: [Full GC [PSYoungGen: 69120K->69117K(80384K)] [ParOldGen: 182747K->182747K(182784K)] 251867K->251864K(263168K) [PSPermGen: 13471K->13471K(21504K)], 0.0503590 secs] [Times: user=0.35 sys=0.01, real=0.05 secs] 
65.552: Total time for which application threads were stopped: 0.0507590 seconds, Stopping threads took: 0.0000180 seconds
65.552: Application time: 0.0000710 seconds
65.552: [Full GC [PSYoungGen: 69120K->69118K(80384K)] [ParOldGen: 182747K->182747K(182784K)] 251867K->251865K(263168K) [PSPermGen: 13471K->13471K(21504K)], 0.0503530 secs] [Times: user=0.35 sys=0.00, real=0.05 secs] 
65.603: Total time for which application threads were stopped: 0.0507640 seconds, Stopping threads took: 0.0000290 seconds
65.603: Application time: 0.0000420 seconds
65.603: [Full GC [PSYoungGen: 69120K->69118K(80384K)] [ParOldGen: 182747K->182747K(182784K)] 251867K->251865K(263168K) [PSPermGen: 13471K->13471K(21504K)], 0.0507050 secs] [Times: user=0.35 sys=0.00, real=0.05 secs] 
65.654: Total time for which application threads were stopped: 0.0511010 seconds, Stopping threads took: 0.0000120 seconds
65.654: Application time: 0.0000490 seconds
65.654: [Full GC [PSYoungGen: 69120K->69118K(80384K)] [ParOldGen: 182747K->182747K(182784K)] 251867K->251865K(263168K) [PSPermGen: 13471K->13471K(21504K)], 0.0503220 secs] [Times: user=0.35 sys=0.00, real=0.05 secs] 
65.705: Total time for which application threads were stopped: 0.0507790 seconds, Stopping threads took: 0.0000400 seconds
65.705: Application time: 0.0000660 seconds
65.705: [Full GC [PSYoungGen: 69120K->69118K(80384K)] [ParOldGen: 182747K->182747K(182784K)] 251867K->251865K(263168K) [PSPermGen: 13471K->13471K(21504K)], 0.0514450 secs] [Times: user=0.34 sys=0.00, real=0.05 secs] 
65.757: Total time for which application threads were stopped: 0.0519150 seconds, Stopping threads took: 0.0000620 seconds
65.757: Application time: 0.0000500 seconds
65.757: [Full GC [PSYoungGen: 69120K->69118K(80384K)] [ParOldGen: 182747K->182747K(182784K)] 251867K->251865K(263168K) [PSPermGen: 13471K->13471K(21504K)], 0.0671280 secs] [Times: user=0.46 sys=0.00, real=0.06 secs] 
65.824: Total time for which application threads were stopped: 0.0675390 seconds, Stopping threads took: 0.0000250 seconds
65.824: Application time: 0.0000500 seconds
65.825: [Full GC [PSYoungGen: 69120K->69118K(80384K)] [ParOldGen: 182747K->182747K(182784K)] 251867K->251865K(263168K) [PSPermGen: 13471K->13471K(21504K)], 0.0529020 secs] [Times: user=0.35 sys=0.00, real=0.06 secs] 
65.878: Total time for which application threads were stopped: 0.0533330 seconds, Stopping threads took: 0.0000330 seconds
65.878: Application time: 0.0000530 seconds
65.878: [Full GC [PSYoungGen: 69120K->69118K(80384K)] [ParOldGen: 182747K->182747K(182784K)] 251867K->251865K(263168K) [PSPermGen: 13471K->13471K(21504K)], 0.0537820 secs] [Times: user=0.38 sys=0.00, real=0.05 secs] 
65.932: Total time for which application threads were stopped: 0.0541800 seconds, Stopping threads took: 0.0000160 seconds
65.932: Application time: 0.0000520 seconds
65.932: [Full GC [PSYoungGen: 69120K->69118K(80384K)] [ParOldGen: 182747K->182747K(182784K)] 251867K->251865K(263168K) [PSPermGen: 13471K->13471K(21504K)], 0.0505830 secs] [Times: user=0.35 sys=0.00, real=0.05 secs] 
65.983: Total time for which application threads were stopped: 0.0510010 seconds, Stopping threads took: 0.0000100 seconds
65.983: Application time: 0.0000440 seconds
65.983: [Full GC [PSYoungGen: 69120K->69118K(80384K)] [ParOldGen: 182747K->182747K(182784K)] 251867K->251866K(263168K) [PSPermGen: 13471K->13471K(21504K)], 0.0506450 secs] [Times: user=0.35 sys=0.00, real=0.05 secs] 
66.034: Total time for which application threads were stopped: 0.0510460 seconds, Stopping threads took: 0.0000210 seconds
66.034: Application time: 0.0000430 seconds
66.034: [Full GC [PSYoungGen: 69120K->69119K(80384K)] [ParOldGen: 182747K->182747K(182784K)] 251867K->251866K(263168K) [PSPermGen: 13471K->13471K(21504K)], 0.0506110 secs] [Times: user=0.35 sys=0.00, real=0.05 secs] 
66.085: Total time for which application threads were stopped: 0.0510190 seconds, Stopping threads took: 0.0000210 seconds
66.085: Application time: 0.0000520 seconds
66.085: [Full GC [PSYoungGen: 69120K->69119K(80384K)] [ParOldGen: 182747K->182747K(182784K)] 251867K->251866K(263168K) [PSPermGen: 13471K->13471K(21504K)], 0.0503320 secs] [Times: user=0.35 sys=0.00, real=0.05 secs] 
66.136: Total time for which application threads were stopped: 0.0507450 seconds, Stopping threads took: 0.0000360 seconds
66.136: Application time: 0.0000480 seconds
66.136: [Full GC [PSYoungGen: 69120K->69119K(80384K)] [ParOldGen: 182747K->182747K(182784K)] 251867K->251866K(263168K) [PSPermGen: 13471K->13471K(21504K)], 0.0504490 secs] [Times: user=0.35 sys=0.00, real=0.05 secs] 
66.187: Total time for which application threads were stopped: 0.0508700 seconds, Stopping threads took: 0.0000270 seconds
66.187: Application time: 0.0000550 seconds
66.187: [Full GC [PSYoungGen: 69120K->69118K(80384K)] [ParOldGen: 182747K->182747K(182784K)] 251867K->251866K(263168K) [PSPermGen: 13471K->13471K(21504K)], 0.0505220 secs] [Times: user=0.35 sys=0.00, real=0.06 secs] 
66.238: Total time for which application threads were stopped: 0.0509450 seconds, Stopping threads took: 0.0000380 seconds
66.238: Application time: 0.0000620 seconds
66.238: [Full GC [PSYoungGen: 69120K->69118K(80384K)] [ParOldGen: 182747K->182747K(182784K)] 251867K->251866K(263168K) [PSPermGen: 13471K->13471K(21504K)], 0.0504670 secs] [Times: user=0.35 sys=0.00, real=0.05 secs] 
66.289: Total time for which application threads were stopped: 0.0508700 seconds, Stopping threads took: 0.0000210 seconds
66.289: Application time: 0.0000450 seconds
66.289: [Full GC [PSYoungGen: 69120K->69118K(80384K)] [ParOldGen: 182747K->182747K(182784K)] 251867K->251866K(263168K) [PSPermGen: 13471K->13471K(21504K)], 0.0504540 secs] [Times: user=0.35 sys=0.00, real=0.05 secs] 
66.340: Total time for which application threads were stopped: 0.0508790 seconds, Stopping threads took: 0.0000460 seconds
66.340: Application time: 0.0000340 seconds
66.340: [Full GC [PSYoungGen: 69120K->69119K(80384K)] [ParOldGen: 182747K->182747K(182784K)] 251867K->251866K(263168K) [PSPermGen: 13471K->13471K(21504K)], 0.0503700 secs] [Times: user=0.35 sys=0.00, real=0.05 secs] 
66.390: Total time for which application threads were stopped: 0.0507770 seconds, Stopping threads took: 0.0000320 seconds
66.390: Application time: 0.0000450 seconds
66.391: [Full GC [PSYoungGen: 69120K->69119K(80384K)] [ParOldGen: 182747K->182747K(182784K)] 251867K->251866K(263168K) [PSPermGen: 13471K->13471K(21504K)], 0.0503620 secs] [Times: user=0.35 sys=0.00, real=0.05 secs] 
66.441: Total time for which application threads were stopped: 0.0507600 seconds, Stopping threads took: 0.0000130 seconds
66.441: Application time: 0.0000740 seconds
66.442: [Full GC [PSYoungGen: 69120K->69119K(80384K)] [ParOldGen: 182747K->182747K(182784K)] 251867K->251866K(263168K) [PSPermGen: 13471K->13471K(21504K)], 0.0506380 secs] [Times: user=0.35 sys=0.01, real=0.05 secs] 
66.492: Total time for which application threads were stopped: 0.0510860 seconds, Stopping threads took: 0.0000410 seconds
66.492: Application time: 0.0000550 seconds
66.493: [Full GC [PSYoungGen: 69120K->69118K(80384K)] [ParOldGen: 182747K->182747K(182784K)] 251867K->251865K(263168K) [PSPermGen: 13471K->13471K(21504K)], 0.0526810 secs] [Times: user=0.37 sys=0.00, real=0.05 secs] 
66.546: Total time for which application threads were stopped: 0.0530890 seconds, Stopping threads took: 0.0000130 seconds
66.546: Application time: 0.0000500 seconds
66.546: [Full GC [PSYoungGen: 69120K->69118K(80384K)] [ParOldGen: 182747K->182747K(182784K)] 251867K->251865K(263168K) [PSPermGen: 13471K->13471K(21504K)], 0.0529370 secs] [Times: user=0.37 sys=0.00, real=0.06 secs] 
66.599: Total time for which application threads were stopped: 0.0533640 seconds, Stopping threads took: 0.0000440 seconds
66.599: Application time: 0.0000410 seconds
66.599: [Full GC [PSYoungGen: 69120K->69118K(80384K)] [ParOldGen: 182747K->182747K(182784K)] 251867K->251865K(263168K) [PSPermGen: 13471K->13471K(21504K)], 0.0502380 secs] [Times: user=0.35 sys=0.00, real=0.05 secs] 
66.650: Total time for which application threads were stopped: 0.0506730 seconds, Stopping threads took: 0.0000530 seconds
66.650: Application time: 0.0000500 seconds
66.650: [Full GC [PSYoungGen: 69120K->69118K(80384K)] [ParOldGen: 182747K->182747K(182784K)] 251867K->251865K(263168K) [PSPermGen: 13471K->13471K(21504K)], 0.0507000 secs] [Times: user=0.35 sys=0.00, real=0.05 secs] 
66.701: Total time for which application threads were stopped: 0.0511230 seconds, Stopping threads took: 0.0000430 seconds
66.701: Application time: 0.0000540 seconds
66.701: [Full GC [PSYoungGen: 69120K->69118K(80384K)] [ParOldGen: 182747K->182747K(182784K)] 251867K->251865K(263168K) [PSPermGen: 13471K->13471K(21504K)], 0.0503600 secs] [Times: user=0.35 sys=0.00, real=0.05 secs] 
66.752: Total time for which application threads were stopped: 0.0507600 seconds, Stopping threads took: 0.0000100 seconds
66.752: Application time: 0.0000590 seconds
66.752: [Full GC [PSYoungGen: 69120K->69118K(80384K)] [ParOldGen: 182747K->182747K(182784K)] 251867K->251865K(263168K) [PSPermGen: 13471K->13471K(21504K)], 0.0534130 secs] [Times: user=0.37 sys=0.00, real=0.05 secs] 
66.806: Total time for which application threads were stopped: 0.0538330 seconds, Stopping threads took: 0.0000140 seconds
66.806: Application time: 0.0000450 seconds
66.806: [Full GC [PSYoungGen: 69120K->69118K(80384K)] [ParOldGen: 182747K->182747K(182784K)] 251867K->251865K(263168K) [PSPermGen: 13471K->13471K(21504K)], 0.0527940 secs] [Times: user=0.37 sys=0.00, real=0.06 secs] 
66.859: Total time for which application threads were stopped: 0.0532300 seconds, Stopping threads took: 0.0000490 seconds
66.859: Application time: 0.0000510 seconds
66.859: [Full GC [PSYoungGen: 69120K->69118K(80384K)] [ParOldGen: 182747K->182747K(182784K)] 251867K->251865K(263168K) [PSPermGen: 13471K->13471K(21504K)], 0.0518880 secs] [Times: user=0.36 sys=0.00, real=0.05 secs] 
66.911: Total time for which application threads were stopped: 0.0522800 seconds, Stopping threads took: 0.0000130 seconds
66.911: Application time: 0.0000570 seconds
66.912: [Full GC [PSYoungGen: 69120K->69118K(80384K)] [ParOldGen: 182747K->182747K(182784K)] 251867K->251865K(263168K) [PSPermGen: 13471K->13471K(21504K)], 0.0502670 secs] [Times: user=0.35 sys=0.00, real=0.05 secs] 
66.962: Total time for which application threads were stopped: 0.0506880 seconds, Stopping threads took: 0.0000400 seconds
66.962: Application time: 0.0000580 seconds
66.962: [Full GC [PSYoungGen: 69120K->69118K(80384K)] [ParOldGen: 182747K->182747K(182784K)] 251867K->251865K(263168K) [PSPermGen: 13471K->13471K(21504K)], 0.0504970 secs] [Times: user=0.35 sys=0.00, real=0.05 secs] 
67.013: Total time for which application threads were stopped: 0.0509360 seconds, Stopping threads took: 0.0000310 seconds
67.013: Application time: 0.0000370 seconds
67.013: [Full GC [PSYoungGen: 69120K->69118K(80384K)] [ParOldGen: 182747K->182747K(182784K)] 251867K->251865K(263168K) [PSPermGen: 13471K->13471K(21504K)], 0.0504410 secs] [Times: user=0.35 sys=0.00, real=0.05 secs] 
67.064: Total time for which application threads were stopped: 0.0508550 seconds, Stopping threads took: 0.0000300 seconds
67.064: Application time: 0.0000420 seconds
67.064: [Full GC [PSYoungGen: 69120K->69118K(80384K)] [ParOldGen: 182747K->182747K(182784K)] 251867K->251865K(263168K) [PSPermGen: 13471K->13471K(21504K)], 0.0504570 secs] [Times: user=0.35 sys=0.00, real=0.05 secs] 
67.115: Total time for which application threads were stopped: 0.0508880 seconds, Stopping threads took: 0.0000360 seconds
67.115: Application time: 0.0000570 seconds
67.115: [Full GC [PSYoungGen: 69120K->69118K(80384K)] [ParOldGen: 182747K->182747K(182784K)] 251867K->251865K(263168K) [PSPermGen: 13471K->13471K(21504K)], 0.0505680 secs] [Times: user=0.35 sys=0.00, real=0.05 secs] 
67.166: Total time for which application threads were stopped: 0.0510630 seconds, Stopping threads took: 0.0000250 seconds
67.166: Application time: 0.0000370 seconds
67.166: [Full GC [PSYoungGen: 69120K->69118K(80384K)] [ParOldGen: 182747K->182747K(182784K)] 251867K->251865K(263168K) [PSPermGen: 13471K->13471K(21504K)], 0.0500510 secs] [Times: user=0.34 sys=0.00, real=0.05 secs] 
67.216: Total time for which application threads were stopped: 0.0504440 seconds, Stopping threads took: 0.0000160 seconds
67.216: Application time: 0.0000450 seconds
67.217: [Full GC [PSYoungGen: 69120K->69118K(80384K)] [ParOldGen: 182747K->182747K(182784K)] 251867K->251865K(263168K) [PSPermGen: 13471K->13471K(21504K)], 0.0502250 secs] [Times: user=0.35 sys=0.00, real=0.04 secs] 
67.267: Total time for which application threads were stopped: 0.0506480 seconds, Stopping threads took: 0.0000140 seconds
67.267: Application time: 0.0000450 seconds
67.267: [Full GC [PSYoungGen: 69120K->69118K(80384K)] [ParOldGen: 182747K->182747K(182784K)] 251867K->251865K(263168K) [PSPermGen: 13471K->13471K(21504K)], 0.0506400 secs] [Times: user=0.35 sys=0.00, real=0.06 secs] 
67.318: Total time for which application threads were stopped: 0.0510530 seconds, Stopping threads took: 0.0000130 seconds
67.318: Application time: 0.0000410 seconds
67.319: [Full GC [PSYoungGen: 69120K->69118K(80384K)] [ParOldGen: 182747K->182747K(182784K)] 251867K->251865K(263168K) [PSPermGen: 13471K->13471K(21504K)], 0.0504980 secs] [Times: user=0.35 sys=0.00, real=0.05 secs] 
67.369: Total time for which application threads were stopped: 0.0509280 seconds, Stopping threads took: 0.0000220 seconds
67.369: Application time: 0.0000650 seconds
67.370: [Full GC [PSYoungGen: 69120K->69118K(80384K)] [ParOldGen: 182747K->182747K(182784K)] 251867K->251865K(263168K) [PSPermGen: 13471K->13471K(21504K)], 0.0535850 secs] [Times: user=0.38 sys=0.00, real=0.05 secs] 
67.423: Total time for which application threads were stopped: 0.0540330 seconds, Stopping threads took: 0.0000250 seconds
67.423: Application time: 0.0000560 seconds
67.424: [Full GC [PSYoungGen: 69120K->69117K(80384K)] [ParOldGen: 182747K->182747K(182784K)] 251867K->251864K(263168K) [PSPermGen: 13471K->13471K(21504K)], 0.0502150 secs] [Times: user=0.35 sys=0.00, real=0.05 secs] 
67.474: Total time for which application threads were stopped: 0.0506840 seconds, Stopping threads took: 0.0000230 seconds
67.474: Application time: 0.0000590 seconds
67.474: [Full GC [PSYoungGen: 69120K->69117K(80384K)] [ParOldGen: 182747K->182747K(182784K)] 251867K->251865K(263168K) [PSPermGen: 13471K->13471K(21504K)], 0.0525220 secs] [Times: user=0.37 sys=0.00, real=0.05 secs] 
67.527: Total time for which application threads were stopped: 0.0529560 seconds, Stopping threads took: 0.0000120 seconds
67.527: Application time: 0.0000420 seconds
67.527: [Full GC [PSYoungGen: 69120K->69118K(80384K)] [ParOldGen: 182747K->182747K(182784K)] 251867K->251865K(263168K) [PSPermGen: 13471K->13471K(21504K)], 0.0504510 secs] [Times: user=0.35 sys=0.00, real=0.06 secs] 
67.578: Total time for which application threads were stopped: 0.0509690 seconds, Stopping threads took: 0.0000310 seconds
67.578: Application time: 0.0000490 seconds
67.578: [Full GC [PSYoungGen: 69120K->69117K(80384K)] [ParOldGen: 182747K->182747K(182784K)] 251867K->251864K(263168K) [PSPermGen: 13471K->13471K(21504K)], 0.0502610 secs] [Times: user=0.35 sys=0.00, real=0.05 secs] 
67.629: Total time for which application threads were stopped: 0.0506840 seconds, Stopping threads took: 0.0000150 seconds
67.629: Application time: 0.0000540 seconds
67.629: [Full GC [PSYoungGen: 69120K->69118K(80384K)] [ParOldGen: 182747K->182747K(182784K)] 251867K->251865K(263168K) [PSPermGen: 13471K->13471K(21504K)], 0.0525180 secs] [Times: user=0.36 sys=0.00, real=0.05 secs] 
67.682: Total time for which application threads were stopped: 0.0529510 seconds, Stopping threads took: 0.0000130 seconds
67.682: Application time: 0.0000460 seconds
67.682: [Full GC [PSYoungGen: 69120K->69118K(80384K)] [ParOldGen: 182747K->182747K(182784K)] 251867K->251865K(263168K) [PSPermGen: 13471K->13471K(21504K)], 0.0503880 secs] [Times: user=0.35 sys=0.00, real=0.05 secs] 
67.733: Total time for which application threads were stopped: 0.0508460 seconds, Stopping threads took: 0.0000370 seconds
67.733: Application time: 0.0000360 seconds
67.733: [Full GC [PSYoungGen: 69120K->69118K(80384K)] [ParOldGen: 182747K->182747K(182784K)] 251867K->251865K(263168K) [PSPermGen: 13471K->13471K(21504K)], 0.0501320 secs] [Times: user=0.35 sys=0.00, real=0.05 secs] 
67.783: Total time for which application threads were stopped: 0.0506050 seconds, Stopping threads took: 0.0000250 seconds
67.783: Application time: 0.0000490 seconds
67.784: [Full GC [PSYoungGen: 69120K->69118K(80384K)] [ParOldGen: 182747K->182747K(182784K)] 251867K->251865K(263168K) [PSPermGen: 13471K->13471K(21504K)], 0.0505140 secs] [Times: user=0.35 sys=0.00, real=0.05 secs] 
67.834: Total time for which application threads were stopped: 0.0509810 seconds, Stopping threads took: 0.0000130 seconds
67.834: Application time: 0.0000570 seconds
67.835: [Full GC [PSYoungGen: 69120K->69118K(80384K)] [ParOldGen: 182747K->182747K(182784K)] 251867K->251865K(263168K) [PSPermGen: 13471K->13471K(21504K)], 0.0511660 secs] [Times: user=0.35 sys=0.00, real=0.05 secs] 
67.886: Total time for which application threads were stopped: 0.0516470 seconds, Stopping threads took: 0.0000140 seconds
67.886: Application time: 0.0000590 seconds
67.887: [Full GC [PSYoungGen: 69120K->69118K(80384K)] [ParOldGen: 182747K->182747K(182784K)] 251867K->251865K(263168K) [PSPermGen: 13471K->13471K(21504K)], 0.0504080 secs] [Times: user=0.35 sys=0.00, real=0.06 secs] 
67.937: Total time for which application threads were stopped: 0.0509310 seconds, Stopping threads took: 0.0000130 seconds
67.937: Application time: 0.0000410 seconds
67.937: [Full GC [PSYoungGen: 69120K->69118K(80384K)] [ParOldGen: 182747K->182747K(182784K)] 251867K->251865K(263168K) [PSPermGen: 13471K->13471K(21504K)], 0.0508270 secs] [Times: user=0.35 sys=0.00, real=0.04 secs] 
67.988: Total time for which application threads were stopped: 0.0513130 seconds, Stopping threads took: 0.0000150 seconds
67.988: Application time: 0.0000550 seconds
67.989: [Full GC [PSYoungGen: 69120K->69118K(80384K)] [ParOldGen: 182747K->182747K(182784K)] 251867K->251865K(263168K) [PSPermGen: 13471K->13471K(21504K)], 0.0502390 secs] [Times: user=0.35 sys=0.00, real=0.05 secs] 
68.039: Total time for which application threads were stopped: 0.0507000 seconds, Stopping threads took: 0.0000440 seconds
68.039: Application time: 0.0000410 seconds
68.040: [Full GC [PSYoungGen: 69120K->69118K(80384K)] [ParOldGen: 182747K->182747K(182784K)] 251867K->251865K(263168K) [PSPermGen: 13471K->13471K(21504K)], 0.0507460 secs] [Times: user=0.35 sys=0.00, real=0.05 secs] 
68.090: Total time for which application threads were stopped: 0.0511730 seconds, Stopping threads took: 0.0000360 seconds
68.090: Application time: 0.0000430 seconds
68.091: [Full GC [PSYoungGen: 69120K->69118K(80384K)] [ParOldGen: 182747K->182747K(182784K)] 251867K->251865K(263168K) [PSPermGen: 13471K->13471K(21504K)], 0.0505430 secs] [Times: user=0.35 sys=0.00, real=0.05 secs] 
68.141: Total time for which application threads were stopped: 0.0509700 seconds, Stopping threads took: 0.0000440 seconds
68.141: Application time: 0.0000390 seconds
68.142: [Full GC [PSYoungGen: 69120K->69118K(80384K)] [ParOldGen: 182747K->182747K(182784K)] 251867K->251865K(263168K) [PSPermGen: 13471K->13471K(21504K)], 0.0529750 secs] [Times: user=0.38 sys=0.00, real=0.05 secs] 
68.195: Total time for which application threads were stopped: 0.0533850 seconds, Stopping threads took: 0.0000320 seconds
68.195: Application time: 0.0000440 seconds
68.195: [Full GC [PSYoungGen: 69120K->69118K(80384K)] [ParOldGen: 182747K->182747K(182784K)] 251867K->251865K(263168K) [PSPermGen: 13471K->13471K(21504K)], 0.0502560 secs] [Times: user=0.34 sys=0.00, real=0.05 secs] 
68.245: Total time for which application threads were stopped: 0.0506440 seconds, Stopping threads took: 0.0000090 seconds
68.245: Application time: 0.0000510 seconds
68.246: [Full GC [PSYoungGen: 69120K->69118K(80384K)] [ParOldGen: 182747K->182747K(182784K)] 251867K->251865K(263168K) [PSPermGen: 13471K->13471K(21504K)], 0.0507780 secs] [Times: user=0.36 sys=0.00, real=0.06 secs] 
68.297: Total time for which application threads were stopped: 0.0511970 seconds, Stopping threads took: 0.0000340 seconds
68.297: Application time: 0.0000570 seconds
68.297: [Full GC [PSYoungGen: 69120K->69118K(80384K)] [ParOldGen: 182747K->182747K(182784K)] 251867K->251865K(263168K) [PSPermGen: 13471K->13471K(21504K)], 0.0524840 secs] [Times: user=0.36 sys=0.00, real=0.05 secs] 
68.350: Total time for which application threads were stopped: 0.0528730 seconds, Stopping threads took: 0.0000070 seconds
68.350: Application time: 0.0000450 seconds
68.350: [Full GC [PSYoungGen: 69120K->69118K(80384K)] [ParOldGen: 182747K->182747K(182784K)] 251867K->251866K(263168K) [PSPermGen: 13471K->13471K(21504K)], 0.0501830 secs] [Times: user=0.35 sys=0.00, real=0.05 secs] 
68.400: Total time for which application threads were stopped: 0.0505810 seconds, Stopping threads took: 0.0000070 seconds
68.400: Application time: 0.0000420 seconds
68.401: [Full GC [PSYoungGen: 69120K->69119K(80384K)] [ParOldGen: 182747K->182747K(182784K)] 251867K->251866K(263168K) [PSPermGen: 13471K->13471K(21504K)], 0.0508290 secs] [Times: user=0.35 sys=0.00, real=0.05 secs] 
68.452: Total time for which application threads were stopped: 0.0512270 seconds, Stopping threads took: 0.0000110 seconds
68.452: Application time: 0.0000510 seconds
68.452: [Full GC [PSYoungGen: 69120K->69118K(80384K)] [ParOldGen: 182747K->182747K(182784K)] 251867K->251866K(263168K) [PSPermGen: 13471K->13471K(21504K)], 0.0504400 secs] [Times: user=0.35 sys=0.00, real=0.05 secs] 
68.502: Total time for which application threads were stopped: 0.0508540 seconds, Stopping threads took: 0.0000280 seconds
68.502: Application time: 0.0000330 seconds
68.503: [Full GC [PSYoungGen: 69120K->69118K(80384K)] [ParOldGen: 182747K->182747K(182784K)] 251867K->251865K(263168K) [PSPermGen: 13471K->13471K(21504K)], 0.0506340 secs] [Times: user=0.36 sys=0.00, real=0.05 secs] 
68.554: Total time for which application threads were stopped: 0.0510540 seconds, Stopping threads took: 0.0000220 seconds
68.554: Application time: 0.0000350 seconds
68.554: [Full GC [PSYoungGen: 69120K->69118K(80384K)] [ParOldGen: 182747K->182747K(182784K)] 251867K->251865K(263168K) [PSPermGen: 13471K->13471K(21504K)], 0.0504480 secs] [Times: user=0.35 sys=0.00, real=0.05 secs] 
68.604: Total time for which application threads were stopped: 0.0508440 seconds, Stopping threads took: 0.0000110 seconds
68.604: Application time: 0.0000440 seconds
68.605: [Full GC [PSYoungGen: 69120K->69118K(80384K)] [ParOldGen: 182747K->182747K(182784K)] 251867K->251865K(263168K) [PSPermGen: 13471K->13471K(21504K)], 0.0506040 secs] [Times: user=0.35 sys=0.00, real=0.05 secs] 
68.655: Total time for which application threads were stopped: 0.0510050 seconds, Stopping threads took: 0.0000080 seconds
68.656: Application time: 0.0000550 seconds
68.656: [Full GC [PSYoungGen: 69120K->69118K(80384K)] [ParOldGen: 182747K->182747K(182784K)] 251867K->251865K(263168K) [PSPermGen: 13471K->13471K(21504K)], 0.0535410 secs] [Times: user=0.37 sys=0.00, real=0.06 secs] 
68.709: Total time for which application threads were stopped: 0.0539290 seconds, Stopping threads took: 0.0000090 seconds
68.709: Application time: 0.0000480 seconds
68.710: [Full GC [PSYoungGen: 69120K->69118K(80384K)] [ParOldGen: 182747K->182747K(182784K)] 251867K->251865K(263168K) [PSPermGen: 13471K->13471K(21504K)], 0.0503670 secs] [Times: user=0.35 sys=0.00, real=0.05 secs] 
68.760: Total time for which application threads were stopped: 0.0507640 seconds, Stopping threads took: 0.0000120 seconds
68.760: Application time: 0.0000490 seconds
68.761: [Full GC [PSYoungGen: 69120K->69119K(80384K)] [ParOldGen: 182747K->182747K(182784K)] 251867K->251866K(263168K) [PSPermGen: 13471K->13471K(21504K)], 0.0504080 secs] [Times: user=0.35 sys=0.01, real=0.05 secs] 
68.811: Total time for which application threads were stopped: 0.0508100 seconds, Stopping threads took: 0.0000070 seconds
68.811: Application time: 0.0000540 seconds
68.812: [Full GC [PSYoungGen: 69120K->69118K(80384K)] [ParOldGen: 182747K->182747K(182784K)] 251867K->251865K(263168K) [PSPermGen: 13471K->13471K(21504K)], 0.0525730 secs] [Times: user=0.36 sys=0.00, real=0.05 secs] 
68.864: Total time for which application threads were stopped: 0.0529630 seconds, Stopping threads took: 0.0000080 seconds
68.864: Application time: 0.0000320 seconds
68.865: [Full GC [PSYoungGen: 69120K->69118K(80384K)] [ParOldGen: 182747K->182747K(182784K)] 251867K->251865K(263168K) [PSPermGen: 13471K->13471K(21504K)], 0.0507020 secs] [Times: user=0.35 sys=0.00, real=0.05 secs] 
68.915: Total time for which application threads were stopped: 0.0510980 seconds, Stopping threads took: 0.0000110 seconds
68.915: Application time: 0.0000410 seconds
68.916: [Full GC [PSYoungGen: 69120K->69118K(80384K)] [ParOldGen: 182747K->182747K(182784K)] 251867K->251865K(263168K) [PSPermGen: 13471K->13471K(21504K)], 0.0503840 secs] [Times: user=0.35 sys=0.00, real=0.05 secs] 
68.966: Total time for which application threads were stopped: 0.0507700 seconds, Stopping threads took: 0.0000070 seconds
68.966: Application time: 0.0000520 seconds
68.966: [Full GC [PSYoungGen: 69120K->69119K(80384K)] [ParOldGen: 182747K->182747K(182784K)] 251867K->251866K(263168K) [PSPermGen: 13471K->13471K(21504K)], 0.0505900 secs] [Times: user=0.35 sys=0.00, real=0.06 secs] 
69.017: Total time for which application threads were stopped: 0.0509780 seconds, Stopping threads took: 0.0000090 seconds
69.017: Application time: 0.0000420 seconds
69.018: [Full GC [PSYoungGen: 69120K->69119K(80384K)] [ParOldGen: 182747K->182747K(182784K)] 251867K->251866K(263168K) [PSPermGen: 13471K->13471K(21504K)], 0.0531890 secs] [Times: user=0.38 sys=0.00, real=0.05 secs] 
69.071: Total time for which application threads were stopped: 0.0535950 seconds, Stopping threads took: 0.0000070 seconds
69.071: Application time: 0.0000430 seconds
69.071: [Full GC [PSYoungGen: 69120K->69119K(80384K)] [ParOldGen: 182747K->182747K(182784K)] 251867K->251866K(263168K) [PSPermGen: 13471K->13471K(21504K)], 0.0503200 secs] [Times: user=0.34 sys=0.00, real=0.05 secs] 
69.122: Total time for which application threads were stopped: 0.0507100 seconds, Stopping threads took: 0.0000120 seconds
69.122: Application time: 0.0000380 seconds
69.122: [Full GC [PSYoungGen: 69120K->69118K(80384K)] [ParOldGen: 182747K->182747K(182784K)] 251867K->251865K(263168K) [PSPermGen: 13471K->13471K(21504K)], 0.0507970 secs] [Times: user=0.35 sys=0.00, real=0.05 secs] 
69.173: Total time for which application threads were stopped: 0.0511940 seconds, Stopping threads took: 0.0000210 seconds
69.173: Application time: 0.0000510 seconds
69.173: [Full GC [PSYoungGen: 69120K->69118K(80384K)] [ParOldGen: 182747K->182747K(182784K)] 251867K->251865K(263168K) [PSPermGen: 13471K->13471K(21504K)], 0.0504010 secs] [Times: user=0.35 sys=0.00, real=0.05 secs] 
69.224: Total time for which application threads were stopped: 0.0507940 seconds, Stopping threads took: 0.0000090 seconds
69.224: Application time: 0.0000580 seconds
69.224: [Full GC [PSYoungGen: 69120K->69118K(80384K)] [ParOldGen: 182747K->182747K(182784K)] 251867K->251865K(263168K) [PSPermGen: 13471K->13471K(21504K)], 0.0503080 secs] [Times: user=0.34 sys=0.00, real=0.05 secs] 
69.274: Total time for which application threads were stopped: 0.0506960 seconds, Stopping threads took: 0.0000070 seconds
69.274: Application time: 0.0000510 seconds
69.275: [Full GC [PSYoungGen: 69120K->69118K(80384K)] [ParOldGen: 182747K->182747K(182784K)] 251867K->251865K(263168K) [PSPermGen: 13471K->13471K(21504K)], 0.0529110 secs] [Times: user=0.37 sys=0.00, real=0.05 secs] 
69.328: Total time for which application threads were stopped: 0.0533130 seconds, Stopping threads took: 0.0000190 seconds
69.328: Application time: 0.0000300 seconds
69.328: [Full GC [PSYoungGen: 69120K->69118K(80384K)] [ParOldGen: 182747K->182747K(182784K)] 251867K->251865K(263168K) [PSPermGen: 13471K->13471K(21504K)], 0.0504630 secs] [Times: user=0.35 sys=0.00, real=0.06 secs] 
69.379: Total time for which application threads were stopped: 0.0508630 seconds, Stopping threads took: 0.0000180 seconds
69.379: Application time: 0.0000330 seconds
69.379: [Full GC [PSYoungGen: 69120K->69118K(80384K)] [ParOldGen: 182747K->182747K(182784K)] 251867K->251866K(263168K) [PSPermGen: 13471K->13471K(21504K)], 0.0506400 secs] [Times: user=0.35 sys=0.00, real=0.05 secs] 
69.430: Total time for which application threads were stopped: 0.0510340 seconds, Stopping threads took: 0.0000180 seconds
69.430: Application time: 0.0000450 seconds
69.430: [Full GC [PSYoungGen: 69120K->69119K(80384K)] [ParOldGen: 182747K->182747K(182784K)] 251867K->251866K(263168K) [PSPermGen: 13471K->13471K(21504K)], 0.0519600 secs] [Times: user=0.35 sys=0.00, real=0.05 secs] 
69.482: Total time for which application threads were stopped: 0.0523600 seconds, Stopping threads took: 0.0000100 seconds
69.482: Application time: 0.0000510 seconds
69.482: [Full GC [PSYoungGen: 69120K->69119K(80384K)] [ParOldGen: 182747K->182747K(182784K)] 251867K->251866K(263168K) [PSPermGen: 13471K->13471K(21504K)], 0.0528350 secs] [Times: user=0.36 sys=0.00, real=0.05 secs] 
69.535: Total time for which application threads were stopped: 0.0532180 seconds, Stopping threads took: 0.0000100 seconds
69.535: Application time: 0.0000480 seconds
69.536: [Full GC [PSYoungGen: 69120K->69119K(80384K)] [ParOldGen: 182747K->182747K(182784K)] 251867K->251866K(263168K) [PSPermGen: 13471K->13471K(21504K)], 0.0504250 secs] [Times: user=0.34 sys=0.00, real=0.05 secs] 
69.586: Total time for which application threads were stopped: 0.0508290 seconds, Stopping threads took: 0.0000100 seconds
69.586: Application time: 0.0000390 seconds
69.587: [Full GC [PSYoungGen: 69120K->69119K(80384K)] [ParOldGen: 182747K->182747K(182784K)] 251867K->251866K(263168K) [PSPermGen: 13471K->13471K(21504K)], 0.0502510 secs] [Times: user=0.35 sys=0.00, real=0.06 secs] 
69.637: Total time for which application threads were stopped: 0.0506460 seconds, Stopping threads took: 0.0000090 seconds
69.637: Application time: 0.0000440 seconds
69.637: [Full GC [PSYoungGen: 69120K->69119K(80384K)] [ParOldGen: 182747K->182747K(182784K)] 251867K->251866K(263168K) [PSPermGen: 13471K->13471K(21504K)], 0.0506340 secs] [Times: user=0.35 sys=0.00, real=0.04 secs] 
69.688: Total time for which application threads were stopped: 0.0510300 seconds, Stopping threads took: 0.0000090 seconds
69.688: Application time: 0.0000350 seconds
69.688: [Full GC [PSYoungGen: 69120K->69119K(80384K)] [ParOldGen: 182747K->182747K(182784K)] 251867K->251866K(263168K) [PSPermGen: 13471K->13471K(21504K)], 0.0501800 secs] [Times: user=0.35 sys=0.00, real=0.06 secs] 
69.739: Total time for which application threads were stopped: 0.0505700 seconds, Stopping threads took: 0.0000070 seconds
69.739: Application time: 0.0000450 seconds
69.739: [Full GC [PSYoungGen: 69120K->69119K(80384K)] [ParOldGen: 182747K->182747K(182784K)] 251867K->251866K(263168K) [PSPermGen: 13471K->13471K(21504K)], 0.0503810 secs] [Times: user=0.35 sys=0.00, real=0.05 secs] 
69.789: Total time for which application threads were stopped: 0.0507700 seconds, Stopping threads took: 0.0000120 seconds
69.789: Application time: 0.0000430 seconds
69.790: [Full GC [PSYoungGen: 69120K->69119K(80384K)] [ParOldGen: 182747K->182747K(182784K)] 251867K->251866K(263168K) [PSPermGen: 13471K->13471K(21504K)], 0.0518620 secs] [Times: user=0.35 sys=0.00, real=0.05 secs] 
69.842: Total time for which application threads were stopped: 0.0522680 seconds, Stopping threads took: 0.0000250 seconds
69.842: Application time: 0.0000320 seconds
69.842: [Full GC [PSYoungGen: 69120K->69119K(80384K)] [ParOldGen: 182747K->182747K(182784K)] 251867K->251866K(263168K) [PSPermGen: 13471K->13471K(21504K)], 0.0511950 secs] [Times: user=0.35 sys=0.00, real=0.05 secs] 
69.893: Total time for which application threads were stopped: 0.0515890 seconds, Stopping threads took: 0.0000210 seconds
69.893: Application time: 0.0000380 seconds
69.894: [Full GC [PSYoungGen: 69120K->69119K(80384K)] [ParOldGen: 182747K->182747K(182784K)] 251867K->251866K(263168K) [PSPermGen: 13471K->13471K(21504K)], 0.0501670 secs] [Times: user=0.35 sys=0.00, real=0.05 secs] 
69.944: Total time for which application threads were stopped: 0.0505540 seconds, Stopping threads took: 0.0000080 seconds
69.944: Application time: 0.0000500 seconds
69.944: [Full GC [PSYoungGen: 69120K->69119K(80384K)] [ParOldGen: 182747K->182747K(182784K)] 251867K->251866K(263168K) [PSPermGen: 13471K->13471K(21504K)], 0.0504630 secs] [Times: user=0.35 sys=0.00, real=0.05 secs] 
69.995: Total time for which application threads were stopped: 0.0508600 seconds, Stopping threads took: 0.0000110 seconds
69.995: Application time: 0.0000410 seconds
69.995: [Full GC [PSYoungGen: 69120K->69119K(80384K)] [ParOldGen: 182747K->182747K(182784K)] 251867K->251866K(263168K) [PSPermGen: 13471K->13471K(21504K)], 0.0526160 secs] [Times: user=0.36 sys=0.00, real=0.05 secs] 
70.048: Total time for which application threads were stopped: 0.0530200 seconds, Stopping threads took: 0.0000110 seconds
70.048: Application time: 0.0000420 seconds
70.048: [Full GC [PSYoungGen: 69120K->69119K(80384K)] [ParOldGen: 182747K->182747K(182784K)] 251867K->251866K(263168K) [PSPermGen: 13471K->13471K(21504K)], 0.0505840 secs] [Times: user=0.35 sys=0.00, real=0.06 secs] 
70.099: Total time for which application threads were stopped: 0.0509920 seconds, Stopping threads took: 0.0000070 seconds
70.099: Application time: 0.0000450 seconds
70.099: [Full GC [PSYoungGen: 69120K->69119K(80384K)] [ParOldGen: 182747K->182747K(182784K)] 251867K->251866K(263168K) [PSPermGen: 13471K->13471K(21504K)], 0.0504460 secs] [Times: user=0.35 sys=0.00, real=0.05 secs] 
70.150: Total time for which application threads were stopped: 0.0508480 seconds, Stopping threads took: 0.0000070 seconds
70.150: Application time: 0.0000370 seconds
70.150: [Full GC [PSYoungGen: 69120K->69119K(80384K)] [ParOldGen: 182747K->182747K(182784K)] 251867K->251866K(263168K) [PSPermGen: 13471K->13471K(21504K)], 0.0505700 secs] [Times: user=0.35 sys=0.00, real=0.05 secs] 
70.201: Total time for which application threads were stopped: 0.0509600 seconds, Stopping threads took: 0.0000110 seconds
70.201: Application time: 0.0000450 seconds
70.201: [Full GC [PSYoungGen: 69120K->69119K(80384K)] [ParOldGen: 182747K->182747K(182784K)] 251867K->251866K(263168K) [PSPermGen: 13471K->13471K(21504K)], 0.0504400 secs] [Times: user=0.35 sys=0.00, real=0.05 secs] 
70.252: Total time for which application threads were stopped: 0.0508330 seconds, Stopping threads took: 0.0000080 seconds
70.252: Application time: 0.0000550 seconds
70.252: [Full GC [PSYoungGen: 69120K->69119K(80384K)] [ParOldGen: 182747K->182747K(182784K)] 251867K->251866K(263168K) [PSPermGen: 13471K->13471K(21504K)], 0.0503510 secs] [Times: user=0.35 sys=0.00, real=0.05 secs] 
70.303: Total time for which application threads were stopped: 0.0507510 seconds, Stopping threads took: 0.0000080 seconds
70.303: Application time: 0.0000370 seconds
70.303: [Full GC [PSYoungGen: 69120K->69119K(80384K)] [ParOldGen: 182747K->182747K(182784K)] 251867K->251866K(263168K) [PSPermGen: 13471K->13471K(21504K)], 0.0504620 secs] [Times: user=0.35 sys=0.00, real=0.05 secs] 
70.353: Total time for which application threads were stopped: 0.0508580 seconds, Stopping threads took: 0.0000180 seconds
70.354: Application time: 0.0000620 seconds
70.354: [Full GC [PSYoungGen: 69120K->69119K(80384K)] [ParOldGen: 182747K->182747K(182784K)] 251867K->251866K(263168K) [PSPermGen: 13471K->13471K(21504K)], 0.0504060 secs] [Times: user=0.35 sys=0.00, real=0.05 secs] 
70.404: Total time for which application threads were stopped: 0.0507980 seconds, Stopping threads took: 0.0000090 seconds
70.404: Application time: 0.0000500 seconds
70.405: [Full GC [PSYoungGen: 69120K->69119K(80384K)] [ParOldGen: 182747K->182747K(182784K)] 251867K->251866K(263168K) [PSPermGen: 13471K->13471K(21504K)], 0.0504430 secs] [Times: user=0.35 sys=0.00, real=0.05 secs] 
70.455: Total time for which application threads were stopped: 0.0508450 seconds, Stopping threads took: 0.0000080 seconds
70.455: Application time: 0.0000640 seconds
70.456: [Full GC [PSYoungGen: 69120K->69119K(80384K)] [ParOldGen: 182747K->182747K(182784K)] 251867K->251866K(263168K) [PSPermGen: 13471K->13471K(21504K)], 0.0504110 secs] [Times: user=0.35 sys=0.00, real=0.05 secs] 
70.506: Total time for which application threads were stopped: 0.0508010 seconds, Stopping threads took: 0.0000080 seconds
70.506: Application time: 0.0000350 seconds
70.506: [Full GC [PSYoungGen: 69120K->69119K(80384K)] [ParOldGen: 182747K->182747K(182784K)] 251867K->251866K(263168K) [PSPermGen: 13471K->13471K(21504K)], 0.0531400 secs] [Times: user=0.37 sys=0.00, real=0.06 secs] 
70.560: Total time for which application threads were stopped: 0.0535340 seconds, Stopping threads took: 0.0000100 seconds
70.560: Application time: 0.0000340 seconds
70.560: [Full GC [PSYoungGen: 69120K->69119K(80384K)] [ParOldGen: 182747K->182747K(182784K)] 251867K->251866K(263168K) [PSPermGen: 13471K->13471K(21504K)], 0.0505680 secs] [Times: user=0.35 sys=0.00, real=0.05 secs] 
70.611: Total time for which application threads were stopped: 0.0509820 seconds, Stopping threads took: 0.0000070 seconds
70.611: Application time: 0.0000370 seconds
70.611: [Full GC [PSYoungGen: 69120K->69119K(80384K)] [ParOldGen: 182747K->182747K(182784K)] 251867K->251866K(263168K) [PSPermGen: 13471K->13471K(21504K)], 0.0508980 secs] [Times: user=0.35 sys=0.00, real=0.05 secs] 
70.662: Total time for which application threads were stopped: 0.0512840 seconds, Stopping threads took: 0.0000110 seconds
70.662: Application time: 0.0000360 seconds
70.662: [Full GC [PSYoungGen: 69120K->69119K(80384K)] [ParOldGen: 182747K->182747K(182784K)] 251867K->251866K(263168K) [PSPermGen: 13471K->13471K(21504K)], 0.0504820 secs] [Times: user=0.35 sys=0.00, real=0.05 secs] 
70.713: Total time for which application threads were stopped: 0.0508950 seconds, Stopping threads took: 0.0000120 seconds
70.713: Application time: 0.0000410 seconds
70.713: [Full GC [PSYoungGen: 69120K->69119K(80384K)] [ParOldGen: 182747K->182747K(182784K)] 251867K->251866K(263168K) [PSPermGen: 13471K->13471K(21504K)], 0.0529140 secs] [Times: user=0.37 sys=0.00, real=0.05 secs] 
70.766: Total time for which application threads were stopped: 0.0533060 seconds, Stopping threads took: 0.0000120 seconds
70.766: Application time: 0.0000370 seconds
70.767: [Full GC [PSYoungGen: 69120K->69119K(80384K)] [ParOldGen: 182747K->182747K(182784K)] 251867K->251866K(263168K) [PSPermGen: 13471K->13471K(21504K)], 0.0502600 secs] [Times: user=0.35 sys=0.01, real=0.06 secs] 
70.817: Total time for which application threads were stopped: 0.0506490 seconds, Stopping threads took: 0.0000070 seconds
70.817: Application time: 0.0000370 seconds
70.817: [Full GC [PSYoungGen: 69120K->69119K(80384K)] [ParOldGen: 182747K->182747K(182784K)] 251867K->251866K(263168K) [PSPermGen: 13471K->13471K(21504K)], 0.0526600 secs] [Times: user=0.36 sys=0.00, real=0.05 secs] 
70.870: Total time for which application threads were stopped: 0.0530510 seconds, Stopping threads took: 0.0000090 seconds
70.870: Application time: 0.0000350 seconds
70.870: [Full GC [PSYoungGen: 69120K->69119K(80384K)] [ParOldGen: 182747K->182747K(182784K)] 251867K->251866K(263168K) [PSPermGen: 13471K->13471K(21504K)], 0.0537350 secs] [Times: user=0.38 sys=0.00, real=0.05 secs] 
70.924: Total time for which application threads were stopped: 0.0541320 seconds, Stopping threads took: 0.0000150 seconds
70.924: Application time: 0.0000500 seconds
70.925: [Full GC [PSYoungGen: 69120K->69119K(80384K)] [ParOldGen: 182747K->182747K(182784K)] 251867K->251866K(263168K) [PSPermGen: 13471K->13471K(21504K)], 0.0504040 secs] [Times: user=0.35 sys=0.00, real=0.05 secs] 
70.975: Total time for which application threads were stopped: 0.0508050 seconds, Stopping threads took: 0.0000110 seconds
70.975: Application time: 0.0000340 seconds
70.975: [Full GC [PSYoungGen: 69120K->69119K(80384K)] [ParOldGen: 182747K->182747K(182784K)] 251867K->251866K(263168K) [PSPermGen: 13471K->13471K(21504K)], 0.0504220 secs] [Times: user=0.35 sys=0.00, real=0.05 secs] 
71.026: Total time for which application threads were stopped: 0.0508090 seconds, Stopping threads took: 0.0000110 seconds
71.026: Application time: 0.0000330 seconds
71.026: [Full GC [PSYoungGen: 69120K->69119K(80384K)] [ParOldGen: 182747K->182747K(182784K)] 251867K->251866K(263168K) [PSPermGen: 13471K->13471K(21504K)], 0.0503270 secs] [Times: user=0.35 sys=0.00, real=0.06 secs] 
71.077: Total time for which application threads were stopped: 0.0507190 seconds, Stopping threads took: 0.0000090 seconds
71.077: Application time: 0.0000310 seconds
71.077: [Full GC [PSYoungGen: 69120K->69119K(80384K)] [ParOldGen: 182747K->182747K(182784K)] 251867K->251866K(263168K) [PSPermGen: 13471K->13471K(21504K)], 0.0503600 secs] [Times: user=0.35 sys=0.00, real=0.04 secs] 
71.127: Total time for which application threads were stopped: 0.0507770 seconds, Stopping threads took: 0.0000100 seconds
71.128: Application time: 0.0000330 seconds
71.128: [Full GC [PSYoungGen: 69120K->69119K(80384K)] [ParOldGen: 182747K->182747K(182784K)] 251867K->251866K(263168K) [PSPermGen: 13471K->13471K(21504K)], 0.0506500 secs] [Times: user=0.35 sys=0.00, real=0.06 secs] 
71.179: Total time for which application threads were stopped: 0.0510340 seconds, Stopping threads took: 0.0000070 seconds
71.179: Application time: 0.0000350 seconds
71.179: [Full GC [PSYoungGen: 69120K->69119K(80384K)] [ParOldGen: 182747K->182747K(182784K)] 251867K->251866K(263168K) [PSPermGen: 13471K->13471K(21504K)], 0.0504820 secs] [Times: user=0.35 sys=0.00, real=0.05 secs] 
71.229: Total time for which application threads were stopped: 0.0508800 seconds, Stopping threads took: 0.0000120 seconds
71.229: Application time: 0.0000310 seconds
71.230: [Full GC [PSYoungGen: 69120K->69119K(80384K)] [ParOldGen: 182747K->182747K(182784K)] 251867K->251866K(263168K) [PSPermGen: 13471K->13471K(21504K)], 0.0502750 secs] [Times: user=0.35 sys=0.00, real=0.05 secs] 
71.280: Total time for which application threads were stopped: 0.0506700 seconds, Stopping threads took: 0.0000110 seconds
71.280: Application time: 0.0000490 seconds
71.281: [Full GC [PSYoungGen: 69120K->69119K(80384K)] [ParOldGen: 182747K->182747K(182784K)] 251867K->251866K(263168K) [PSPermGen: 13471K->13471K(21504K)], 0.0502360 secs] [Times: user=0.35 sys=0.00, real=0.05 secs] 
71.331: Total time for which application threads were stopped: 0.0506250 seconds, Stopping threads took: 0.0000060 seconds
71.331: Application time: 0.0000310 seconds
71.331: [Full GC [PSYoungGen: 69120K->69119K(80384K)] [ParOldGen: 182747K->182747K(182784K)] 251867K->251866K(263168K) [PSPermGen: 13471K->13471K(21504K)], 0.0505980 secs] [Times: user=0.35 sys=0.00, real=0.05 secs] 
71.382: Total time for which application threads were stopped: 0.0509950 seconds, Stopping threads took: 0.0000100 seconds
71.382: Application time: 0.0000480 seconds
71.382: [Full GC [PSYoungGen: 69120K->69119K(80384K)] [ParOldGen: 182747K->182747K(182784K)] 251867K->251867K(263168K) [PSPermGen: 13471K->13471K(21504K)], 0.0530440 secs] [Times: user=0.37 sys=0.00, real=0.05 secs] 
71.435: Total time for which application threads were stopped: 0.0534350 seconds, Stopping threads took: 0.0000070 seconds
71.435: Application time: 0.0000320 seconds
71.436: [Full GC [PSYoungGen: 69119K->69119K(80384K)] [ParOldGen: 182747K->182747K(182784K)] 251867K->251866K(263168K) [PSPermGen: 13471K->13471K(21504K)], 0.0505870 secs] [Times: user=0.35 sys=0.00, real=0.05 secs] 
71.486: Total time for which application threads were stopped: 0.0509790 seconds, Stopping threads took: 0.0000070 seconds
71.486: Application time: 0.0000550 seconds
71.487: [Full GC [PSYoungGen: 69119K->69119K(80384K)] [ParOldGen: 182747K->182747K(182784K)] 251867K->251866K(263168K) [PSPermGen: 13471K->13471K(21504K)], 0.0506590 secs] [Times: user=0.35 sys=0.00, real=0.06 secs] 
71.537: Total time for which application threads were stopped: 0.0510490 seconds, Stopping threads took: 0.0000080 seconds
71.538: Application time: 0.0000410 seconds
71.538: [Full GC [PSYoungGen: 69120K->69119K(80384K)] [ParOldGen: 182747K->182747K(182784K)] 251867K->251866K(263168K) [PSPermGen: 13471K->13471K(21504K)], 0.0503180 secs] [Times: user=0.35 sys=0.00, real=0.04 secs] 
71.588: Total time for which application threads were stopped: 0.0507110 seconds, Stopping threads took: 0.0000080 seconds
71.588: Application time: 0.0000420 seconds
71.589: [Full GC [PSYoungGen: 69120K->69119K(80384K)] [ParOldGen: 182747K->182747K(182784K)] 251867K->251866K(263168K) [PSPermGen: 13471K->13471K(21504K)], 0.0500850 secs] [Times: user=0.35 sys=0.00, real=0.05 secs] 
71.639: Total time for which application threads were stopped: 0.0505080 seconds, Stopping threads took: 0.0000110 seconds
71.639: Application time: 0.0000960 seconds
71.639: [Full GC [PSYoungGen: 69120K->69119K(80384K)] [ParOldGen: 182747K->182747K(182784K)] 251867K->251866K(263168K) [PSPermGen: 13471K->13471K(21504K)], 0.0509340 secs] [Times: user=0.35 sys=0.00, real=0.05 secs] 
71.690: Total time for which application threads were stopped: 0.0513500 seconds, Stopping threads took: 0.0000190 seconds
71.690: Application time: 0.0000570 seconds
71.691: [Full GC [PSYoungGen: 69120K->69119K(80384K)] [ParOldGen: 182747K->182747K(182784K)] 251867K->251866K(263168K) [PSPermGen: 13471K->13471K(21504K)], 0.0506120 secs] [Times: user=0.35 sys=0.00, real=0.05 secs] 
71.741: Total time for which application threads were stopped: 0.0510010 seconds, Stopping threads took: 0.0000080 seconds
71.741: Application time: 0.0000560 seconds
71.742: [Full GC [PSYoungGen: 69120K->69119K(80384K)] [ParOldGen: 182747K->182747K(182784K)] 251867K->251866K(263168K) [PSPermGen: 13471K->13471K(21504K)], 0.0532230 secs] [Times: user=0.37 sys=0.00, real=0.05 secs] 
71.795: Total time for which application threads were stopped: 0.0536100 seconds, Stopping threads took: 0.0000070 seconds
71.795: Application time: 0.0000410 seconds
71.795: [Full GC [PSYoungGen: 69120K->69119K(80384K)] [ParOldGen: 182747K->182747K(182784K)] 251867K->251866K(263168K) [PSPermGen: 13471K->13471K(21504K)], 0.0505540 secs] [Times: user=0.35 sys=0.00, real=0.05 secs] 
71.846: Total time for which application threads were stopped: 0.0509660 seconds, Stopping threads took: 0.0000130 seconds
71.846: Application time: 0.0000400 seconds
71.846: [Full GC [PSYoungGen: 69120K->69119K(80384K)] [ParOldGen: 182747K->182747K(182784K)] 251867K->251866K(263168K) [PSPermGen: 13471K->13471K(21504K)], 0.0532890 secs] [Times: user=0.37 sys=0.00, real=0.06 secs] 
71.900: Total time for which application threads were stopped: 0.0536850 seconds, Stopping threads took: 0.0000110 seconds
71.900: Application time: 0.0000370 seconds
71.900: [Full GC [PSYoungGen: 69120K->69119K(80384K)] [ParOldGen: 182747K->182747K(182784K)] 251867K->251866K(263168K) [PSPermGen: 13471K->13471K(21504K)], 0.0504210 secs] [Times: user=0.35 sys=0.00, real=0.05 secs] 
71.951: Total time for which application threads were stopped: 0.0508120 seconds, Stopping threads took: 0.0000070 seconds
71.951: Application time: 0.0000300 seconds
71.951: [Full GC [PSYoungGen: 69120K->69119K(80384K)] [ParOldGen: 182747K->182747K(182784K)] 251867K->251867K(263168K) [PSPermGen: 13471K->13471K(21504K)], 0.0504280 secs] [Times: user=0.35 sys=0.00, real=0.05 secs] 
72.001: Total time for which application threads were stopped: 0.0508200 seconds, Stopping threads took: 0.0000140 seconds
72.001: Application time: 0.0000480 seconds
72.002: [Full GC [PSYoungGen: 69120K->69119K(80384K)] [ParOldGen: 182747K->182747K(182784K)] 251867K->251867K(263168K) [PSPermGen: 13471K->13471K(21504K)], 0.0507020 secs] [Times: user=0.35 sys=0.00, real=0.05 secs] 
72.053: Total time for which application threads were stopped: 0.0510930 seconds, Stopping threads took: 0.0000080 seconds
72.053: Application time: 0.0000420 seconds
72.053: [Full GC [PSYoungGen: 69120K->69120K(80384K)] [ParOldGen: 182747K->182747K(182784K)] 251867K->251867K(263168K) [PSPermGen: 13471K->13471K(21504K)], 0.0517840 secs] [Times: user=0.36 sys=0.00, real=0.05 secs] 
72.105: Total time for which application threads were stopped: 0.0521800 seconds, Stopping threads took: 0.0000190 seconds
72.105: Application time: 0.0000720 seconds
72.105: [Full GC [PSYoungGen: 69120K->69119K(80384K)] [ParOldGen: 182749K->182747K(182784K)] 251869K->251866K(263168K) [PSPermGen: 13471K->13471K(21504K)], 0.0505780 secs] [Times: user=0.35 sys=0.00, real=0.05 secs] 
72.156: Total time for which application threads were stopped: 0.0509950 seconds, Stopping threads took: 0.0000080 seconds
72.156: Application time: 0.0000500 seconds
72.156: [Full GC [PSYoungGen: 69120K->69119K(80384K)] [ParOldGen: 182747K->182747K(182784K)] 251867K->251867K(263168K) [PSPermGen: 13471K->13471K(21504K)], 0.0504770 secs] [Times: user=0.35 sys=0.00, real=0.05 secs] 
72.207: Total time for which application threads were stopped: 0.0508600 seconds, Stopping threads took: 0.0000100 seconds
72.207: Application time: 0.0000350 seconds
72.207: [Full GC [PSYoungGen: 69120K->69119K(80384K)] [ParOldGen: 182747K->182747K(182784K)] 251867K->251866K(263168K) [PSPermGen: 13471K->13471K(21504K)], 0.0528260 secs] [Times: user=0.36 sys=0.00, real=0.06 secs] 
72.260: Total time for which application threads were stopped: 0.0532200 seconds, Stopping threads took: 0.0000140 seconds
72.260: Application time: 0.0000350 seconds
72.260: [Full GC [PSYoungGen: 69120K->69119K(80384K)] [ParOldGen: 182747K->182747K(182784K)] 251867K->251866K(263168K) [PSPermGen: 13471K->13471K(21504K)], 0.0509900 secs] [Times: user=0.35 sys=0.00, real=0.05 secs] 
72.311: Total time for which application threads were stopped: 0.0513820 seconds, Stopping threads took: 0.0000130 seconds
72.311: Application time: 0.0000310 seconds
72.312: [Full GC [PSYoungGen: 69120K->69119K(80384K)] [ParOldGen: 182747K->182747K(182784K)] 251867K->251866K(263168K) [PSPermGen: 13471K->13471K(21504K)], 0.0506430 secs] [Times: user=0.35 sys=0.00, real=0.05 secs] 
72.362: Total time for which application threads were stopped: 0.0510390 seconds, Stopping threads took: 0.0000120 seconds
72.363: Application time: 0.0000440 seconds
72.363: [Full GC [PSYoungGen: 69120K->69119K(80384K)] [ParOldGen: 182747K->182747K(182784K)] 251867K->251866K(263168K) [PSPermGen: 13471K->13471K(21504K)], 0.0501790 secs] [Times: user=0.35 sys=0.00, real=0.05 secs] 
72.413: Total time for which application threads were stopped: 0.0505630 seconds, Stopping threads took: 0.0000070 seconds
72.413: Application time: 0.0000440 seconds
72.413: [Full GC [PSYoungGen: 69120K->69119K(80384K)] [ParOldGen: 182747K->182747K(182784K)] 251867K->251866K(263168K) [PSPermGen: 13471K->13471K(21504K)], 0.0532300 secs] [Times: user=0.37 sys=0.00, real=0.05 secs] 
72.467: Total time for which application threads were stopped: 0.0536190 seconds, Stopping threads took: 0.0000100 seconds
72.467: Application time: 0.0000420 seconds
72.467: [Full GC [PSYoungGen: 69120K->69119K(80384K)] [ParOldGen: 182747K->182747K(182784K)] 251867K->251866K(263168K) [PSPermGen: 13471K->13471K(21504K)], 0.0532240 secs] [Times: user=0.37 sys=0.00, real=0.06 secs] 
72.520: Total time for which application threads were stopped: 0.0536170 seconds, Stopping threads took: 0.0000090 seconds
72.520: Application time: 0.0000370 seconds
72.521: [Full GC [PSYoungGen: 69120K->69119K(80384K)] [ParOldGen: 182747K->182747K(182784K)] 251867K->251866K(263168K) [PSPermGen: 13471K->13471K(21504K)], 0.0531940 secs] [Times: user=0.38 sys=0.00, real=0.05 secs] 
72.574: Total time for which application threads were stopped: 0.0536040 seconds, Stopping threads took: 0.0000190 seconds
72.574: Application time: 0.0000670 seconds
72.574: [Full GC [PSYoungGen: 69120K->69119K(80384K)] [ParOldGen: 182747K->182747K(182784K)] 251867K->251866K(263168K) [PSPermGen: 13471K->13471K(21504K)], 0.0505480 secs] [Times: user=0.34 sys=0.00, real=0.05 secs] 
72.625: Total time for which application threads were stopped: 0.0509330 seconds, Stopping threads took: 0.0000070 seconds
72.625: Application time: 0.0000470 seconds
72.625: [Full GC [PSYoungGen: 69120K->69119K(80384K)] [ParOldGen: 182747K->182747K(182784K)] 251867K->251866K(263168K) [PSPermGen: 13471K->13471K(21504K)], 0.0505450 secs] [Times: user=0.35 sys=0.00, real=0.05 secs] 
72.676: Total time for which application threads were stopped: 0.0509580 seconds, Stopping threads took: 0.0000080 seconds
72.676: Application time: 0.0000390 seconds
72.676: [Full GC [PSYoungGen: 69120K->69119K(80384K)] [ParOldGen: 182747K->182747K(182784K)] 251867K->251866K(263168K) [PSPermGen: 13471K->13471K(21504K)], 0.0504010 secs] [Times: user=0.35 sys=0.00, real=0.05 secs] 
72.727: Total time for which application threads were stopped: 0.0507920 seconds, Stopping threads took: 0.0000080 seconds
72.727: Application time: 0.0000370 seconds
72.727: [Full GC [PSYoungGen: 69120K->69119K(80384K)] [ParOldGen: 182747K->182747K(182784K)] 251867K->251866K(263168K) [PSPermGen: 13471K->13471K(21504K)], 0.0529840 secs] [Times: user=0.37 sys=0.00, real=0.06 secs] 
72.780: Total time for which application threads were stopped: 0.0533820 seconds, Stopping threads took: 0.0000070 seconds
72.780: Application time: 0.0000670 seconds
72.781: [Full GC [PSYoungGen: 69120K->69119K(80384K)] [ParOldGen: 182747K->182747K(182784K)] 251867K->251866K(263168K) [PSPermGen: 13471K->13471K(21504K)], 0.0504750 secs] [Times: user=0.35 sys=0.00, real=0.05 secs] 
72.831: Total time for which application threads were stopped: 0.0508770 seconds, Stopping threads took: 0.0000080 seconds
72.831: Application time: 0.0000560 seconds
72.832: [Full GC [PSYoungGen: 69120K->69119K(80384K)] [ParOldGen: 182747K->182747K(182784K)] 251867K->251866K(263168K) [PSPermGen: 13471K->13471K(21504K)], 0.0526320 secs] [Times: user=0.37 sys=0.00, real=0.05 secs] 
72.884: Total time for which application threads were stopped: 0.0530230 seconds, Stopping threads took: 0.0000070 seconds
72.884: Application time: 0.0000510 seconds
72.885: [Full GC [PSYoungGen: 69120K->69119K(80384K)] [ParOldGen: 182747K->182747K(182784K)] 251867K->251867K(263168K) [PSPermGen: 13471K->13471K(21504K)], 0.0540570 secs] [Times: user=0.38 sys=0.00, real=0.06 secs] 
72.939: Total time for which application threads were stopped: 0.0544580 seconds, Stopping threads took: 0.0000080 seconds
72.939: Application time: 0.0000660 seconds
72.939: [Full GC [PSYoungGen: 69120K->69119K(80384K)] [ParOldGen: 182747K->182747K(182784K)] 251867K->251867K(263168K) [PSPermGen: 13471K->13471K(21504K)], 0.0506910 secs] [Times: user=0.35 sys=0.00, real=0.05 secs] 
72.990: Total time for which application threads were stopped: 0.0510820 seconds, Stopping threads took: 0.0000080 seconds
72.990: Application time: 0.0000340 seconds
72.990: [Full GC [PSYoungGen: 69120K->69119K(80384K)] [ParOldGen: 182747K->182747K(182784K)] 251867K->251867K(263168K) [PSPermGen: 13471K->13471K(21504K)], 0.0501790 secs] [Times: user=0.34 sys=0.01, real=0.05 secs] 
73.041: Total time for which application threads were stopped: 0.0505930 seconds, Stopping threads took: 0.0000200 seconds
73.041: Application time: 0.0000600 seconds
73.041: [Full GC [PSYoungGen: 69120K->69119K(80384K)] [ParOldGen: 182747K->182747K(182784K)] 251867K->251867K(263168K) [PSPermGen: 13471K->13471K(21504K)], 0.0503940 secs] [Times: user=0.35 sys=0.00, real=0.05 secs] 
73.091: Total time for which application threads were stopped: 0.0507840 seconds, Stopping threads took: 0.0000090 seconds
73.092: Application time: 0.0000330 seconds
73.092: [Full GC [PSYoungGen: 69120K->69119K(80384K)] [ParOldGen: 182747K->182747K(182784K)] 251867K->251866K(263168K) [PSPermGen: 13471K->13471K(21504K)], 0.0522580 secs] [Times: user=0.36 sys=0.00, real=0.05 secs] 
73.144: Total time for which application threads were stopped: 0.0526510 seconds, Stopping threads took: 0.0000070 seconds
73.144: Application time: 0.0000540 seconds
73.145: [Full GC [PSYoungGen: 69120K->69119K(80384K)] [ParOldGen: 182747K->182747K(182784K)] 251867K->251867K(263168K) [PSPermGen: 13471K->13471K(21504K)], 0.0505330 secs] [Times: user=0.35 sys=0.00, real=0.05 secs] 
73.195: Total time for which application threads were stopped: 0.0509530 seconds, Stopping threads took: 0.0000080 seconds
73.195: Application time: 0.0000640 seconds
73.196: [Full GC [PSYoungGen: 69120K->69119K(80384K)] [ParOldGen: 182747K->182747K(182784K)] 251867K->251866K(263168K) [PSPermGen: 13471K->13471K(21504K)], 0.0503540 secs] [Times: user=0.35 sys=0.00, real=0.05 secs] 
73.246: Total time for which application threads were stopped: 0.0507430 seconds, Stopping threads took: 0.0000070 seconds
73.246: Application time: 0.0000360 seconds
73.246: [Full GC [PSYoungGen: 69120K->69119K(80384K)] [ParOldGen: 182747K->182747K(182784K)] 251867K->251867K(263168K) [PSPermGen: 13471K->13471K(21504K)], 0.0499960 secs] [Times: user=0.35 sys=0.00, real=0.05 secs] 
73.296: Total time for which application threads were stopped: 0.0503830 seconds, Stopping threads took: 0.0000080 seconds
73.296: Application time: 0.0000430 seconds
73.297: [Full GC [PSYoungGen: 69120K->69119K(80384K)] [ParOldGen: 182747K->182747K(182784K)] 251867K->251867K(263168K) [PSPermGen: 13471K->13471K(21504K)], 0.0507780 secs] [Times: user=0.35 sys=0.00, real=0.04 secs] 
73.348: Total time for which application threads were stopped: 0.0511970 seconds, Stopping threads took: 0.0000080 seconds
73.348: Application time: 0.0000800 seconds
73.348: [Full GC [PSYoungGen: 69120K->69119K(80384K)] [ParOldGen: 182747K->182747K(182784K)] 251867K->251867K(263168K) [PSPermGen: 13471K->13471K(21504K)], 0.0536500 secs] [Times: user=0.37 sys=0.00, real=0.06 secs] 
73.402: Total time for which application threads were stopped: 0.0540410 seconds, Stopping threads took: 0.0000070 seconds
73.402: Application time: 0.0000520 seconds
73.402: [Full GC [PSYoungGen: 69120K->69119K(80384K)] [ParOldGen: 182747K->182747K(182784K)] 251867K->251867K(263168K) [PSPermGen: 13471K->13471K(21504K)], 0.0508000 secs] [Times: user=0.35 sys=0.00, real=0.05 secs] 
73.453: Total time for which application threads were stopped: 0.0511930 seconds, Stopping threads took: 0.0000080 seconds
73.453: Application time: 0.0000310 seconds
73.453: [Full GC [PSYoungGen: 69120K->69119K(80384K)] [ParOldGen: 182747K->182747K(182784K)] 251867K->251867K(263168K) [PSPermGen: 13471K->13471K(21504K)], 0.0518690 secs] [Times: user=0.37 sys=0.00, real=0.05 secs] 
73.505: Total time for which application threads were stopped: 0.0522550 seconds, Stopping threads took: 0.0000080 seconds
73.505: Application time: 0.0000350 seconds
73.506: [Full GC [PSYoungGen: 69120K->69119K(80384K)] [ParOldGen: 182747K->182747K(182784K)] 251867K->251867K(263168K) [PSPermGen: 13471K->13471K(21504K)], 0.0502510 secs] [Times: user=0.34 sys=0.01, real=0.05 secs] 
73.556: Total time for which application threads were stopped: 0.0506520 seconds, Stopping threads took: 0.0000130 seconds
73.556: Application time: 0.0000400 seconds
73.556: [Full GC [PSYoungGen: 69120K->69119K(80384K)] [ParOldGen: 182747K->182747K(182784K)] 251867K->251867K(263168K) [PSPermGen: 13471K->13471K(21504K)], 0.0502440 secs] [Times: user=0.35 sys=0.00, real=0.05 secs] 
73.607: Total time for which application threads were stopped: 0.0506340 seconds, Stopping threads took: 0.0000070 seconds
73.607: Application time: 0.0000310 seconds
73.607: [Full GC [PSYoungGen: 69120K->69119K(80384K)] [ParOldGen: 182747K->182747K(182784K)] 251867K->251867K(263168K) [PSPermGen: 13471K->13471K(21504K)], 0.0505050 secs] [Times: user=0.35 sys=0.00, real=0.06 secs] 
73.658: Total time for which application threads were stopped: 0.0508900 seconds, Stopping threads took: 0.0000090 seconds
73.658: Application time: 0.0000370 seconds
73.658: [Full GC [PSYoungGen: 69120K->69119K(80384K)] [ParOldGen: 182747K->182747K(182784K)] 251867K->251867K(263168K) [PSPermGen: 13471K->13471K(21504K)], 0.0506380 secs] [Times: user=0.35 sys=0.00, real=0.05 secs] 
73.709: Total time for which application threads were stopped: 0.0510680 seconds, Stopping threads took: 0.0000130 seconds
73.709: Application time: 0.0000470 seconds
73.709: [Full GC [PSYoungGen: 69120K->69119K(80384K)] [ParOldGen: 182747K->182747K(182784K)] 251867K->251867K(263168K) [PSPermGen: 13471K->13471K(21504K)], 0.0504580 secs] [Times: user=0.35 sys=0.00, real=0.05 secs] 
73.760: Total time for which application threads were stopped: 0.0508450 seconds, Stopping threads took: 0.0000060 seconds
73.760: Application time: 0.0000430 seconds
73.760: [Full GC [PSYoungGen: 69120K->69119K(80384K)] [ParOldGen: 182747K->182747K(182784K)] 251867K->251867K(263168K) [PSPermGen: 13471K->13471K(21504K)], 0.0499680 secs] [Times: user=0.34 sys=0.00, real=0.05 secs] 
73.810: Total time for which application threads were stopped: 0.0503570 seconds, Stopping threads took: 0.0000070 seconds
73.810: Application time: 0.0000330 seconds
73.810: [Full GC [PSYoungGen: 69120K->69119K(80384K)] [ParOldGen: 182747K->182747K(182784K)] 251867K->251866K(263168K) [PSPermGen: 13471K->13471K(21504K)], 0.0536580 secs] [Times: user=0.38 sys=0.00, real=0.05 secs] 
73.864: Total time for which application threads were stopped: 0.0540430 seconds, Stopping threads took: 0.0000070 seconds
73.864: Application time: 0.0000640 seconds
73.864: [Full GC [PSYoungGen: 69120K->69119K(80384K)] [ParOldGen: 182747K->182747K(182784K)] 251867K->251867K(263168K) [PSPermGen: 13471K->13471K(21504K)], 0.0525340 secs] [Times: user=0.36 sys=0.00, real=0.06 secs] 
73.917: Total time for which application threads were stopped: 0.0529320 seconds, Stopping threads took: 0.0000090 seconds
73.917: Application time: 0.0000480 seconds
73.917: [Full GC [PSYoungGen: 69120K->69119K(80384K)] [ParOldGen: 182747K->182747K(182784K)] 251867K->251867K(263168K) [PSPermGen: 13471K->13471K(21504K)], 0.0522080 secs] [Times: user=0.36 sys=0.00, real=0.05 secs] 
73.970: Total time for which application threads were stopped: 0.0525970 seconds, Stopping threads took: 0.0000060 seconds
73.970: Application time: 0.0000370 seconds
73.970: [Full GC [PSYoungGen: 69120K->69119K(80384K)] [ParOldGen: 182747K->182747K(182784K)] 251867K->251866K(263168K) [PSPermGen: 13471K->13471K(21504K)], 0.0507000 secs] [Times: user=0.35 sys=0.00, real=0.05 secs] 
74.021: Total time for which application threads were stopped: 0.0510970 seconds, Stopping threads took: 0.0000130 seconds
74.021: Application time: 0.0000480 seconds
74.021: [Full GC [PSYoungGen: 69120K->69119K(80384K)] [ParOldGen: 182747K->182747K(182784K)] 251867K->251866K(263168K) [PSPermGen: 13471K->13471K(21504K)], 0.0506360 secs] [Times: user=0.35 sys=0.00, real=0.05 secs] 
74.072: Total time for which application threads were stopped: 0.0510280 seconds, Stopping threads took: 0.0000080 seconds
74.072: Application time: 0.0000430 seconds
74.072: [Full GC [PSYoungGen: 69120K->69119K(80384K)] [ParOldGen: 182747K->182747K(182784K)] 251867K->251866K(263168K) [PSPermGen: 13471K->13471K(21504K)], 0.0501690 secs] [Times: user=0.35 sys=0.00, real=0.05 secs] 
74.123: Total time for which application threads were stopped: 0.0505620 seconds, Stopping threads took: 0.0000070 seconds
74.123: Application time: 0.0000510 seconds
74.123: [Full GC [PSYoungGen: 69120K->69119K(80384K)] [ParOldGen: 182747K->182747K(182784K)] 251867K->251866K(263168K) [PSPermGen: 13471K->13471K(21504K)], 0.0524490 secs] [Times: user=0.37 sys=0.00, real=0.05 secs] 
74.175: Total time for which application threads were stopped: 0.0528300 seconds, Stopping threads took: 0.0000070 seconds
74.175: Application time: 0.0000440 seconds
74.176: [Full GC [PSYoungGen: 69120K->69119K(80384K)] [ParOldGen: 182747K->182747K(182784K)] 251867K->251866K(263168K) [PSPermGen: 13471K->13471K(21504K)], 0.0505240 secs] [Times: user=0.35 sys=0.00, real=0.05 secs] 
74.226: Total time for which application threads were stopped: 0.0509480 seconds, Stopping threads took: 0.0000150 seconds
74.226: Application time: 0.0000320 seconds
74.227: [Full GC [PSYoungGen: 69120K->69119K(80384K)] [ParOldGen: 182747K->182747K(182784K)] 251867K->251866K(263168K) [PSPermGen: 13471K->13471K(21504K)], 0.0503000 secs] [Times: user=0.35 sys=0.00, real=0.06 secs] 
74.277: Total time for which application threads were stopped: 0.0506920 seconds, Stopping threads took: 0.0000070 seconds
74.277: Application time: 0.0000300 seconds
74.278: [Full GC [PSYoungGen: 69120K->69119K(80384K)] [ParOldGen: 182747K->182747K(182784K)] 251867K->251866K(263168K) [PSPermGen: 13471K->13471K(21504K)], 0.0504770 secs] [Times: user=0.35 sys=0.00, real=0.04 secs] 
74.328: Total time for which application threads were stopped: 0.0508670 seconds, Stopping threads took: 0.0000100 seconds
74.328: Application time: 0.0000600 seconds
74.328: [Full GC [PSYoungGen: 69120K->69119K(80384K)] [ParOldGen: 182747K->182747K(182784K)] 251867K->251866K(263168K) [PSPermGen: 13471K->13471K(21504K)], 0.0525420 secs] [Times: user=0.37 sys=0.00, real=0.06 secs] 
74.381: Total time for which application threads were stopped: 0.0529350 seconds, Stopping threads took: 0.0000080 seconds
74.381: Application time: 0.0000540 seconds
74.381: [Full GC [PSYoungGen: 69120K->69119K(80384K)] [ParOldGen: 182747K->182747K(182784K)] 251867K->251867K(263168K) [PSPermGen: 13471K->13471K(21504K)], 0.0508100 secs] [Times: user=0.35 sys=0.00, real=0.05 secs] 
74.432: Total time for which application threads were stopped: 0.0512190 seconds, Stopping threads took: 0.0000080 seconds
74.432: Application time: 0.0000480 seconds
74.433: [Full GC [PSYoungGen: 69120K->69119K(80384K)] [ParOldGen: 182747K->182747K(182784K)] 251867K->251867K(263168K) [PSPermGen: 13471K->13471K(21504K)], 0.0504190 secs] [Times: user=0.35 sys=0.00, real=0.05 secs] 
74.483: Total time for which application threads were stopped: 0.0508130 seconds, Stopping threads took: 0.0000070 seconds
74.483: Application time: 0.0000420 seconds
74.484: [Full GC [PSYoungGen: 69120K->69119K(80384K)] [ParOldGen: 182747K->182747K(182784K)] 251867K->251867K(263168K) [PSPermGen: 13471K->13471K(21504K)], 0.0509970 secs] [Times: user=0.35 sys=0.00, real=0.05 secs] 
74.535: Total time for which application threads were stopped: 0.0513910 seconds, Stopping threads took: 0.0000110 seconds
74.535: Application time: 0.0000600 seconds
74.535: [Full GC [PSYoungGen: 69119K->69119K(80384K)] [ParOldGen: 182747K->182747K(182784K)] 251867K->251867K(263168K) [PSPermGen: 13471K->13471K(21504K)], 0.0534250 secs] [Times: user=0.38 sys=0.00, real=0.05 secs] 
74.588: Total time for which application threads were stopped: 0.0538130 seconds, Stopping threads took: 0.0000080 seconds
74.589: Application time: 0.0000430 seconds
74.589: [Full GC [PSYoungGen: 69120K->69119K(80384K)] [ParOldGen: 182747K->182747K(182784K)] 251867K->251867K(263168K) [PSPermGen: 13471K->13471K(21504K)], 0.0538130 secs] [Times: user=0.37 sys=0.00, real=0.05 secs] 
74.643: Total time for which application threads were stopped: 0.0542170 seconds, Stopping threads took: 0.0000090 seconds
74.643: Application time: 0.0000390 seconds
74.643: [Full GC [PSYoungGen: 69120K->69119K(80384K)] [ParOldGen: 182747K->182747K(182784K)] 251867K->251867K(263168K) [PSPermGen: 13471K->13471K(21504K)], 0.0535230 secs] [Times: user=0.38 sys=0.00, real=0.06 secs] 
74.697: Total time for which application threads were stopped: 0.0539120 seconds, Stopping threads took: 0.0000080 seconds
74.697: Application time: 0.0000480 seconds
74.697: [Full GC [PSYoungGen: 69120K->69119K(80384K)] [ParOldGen: 182747K->182747K(182784K)] 251867K->251867K(263168K) [PSPermGen: 13471K->13471K(21504K)], 0.0501350 secs] [Times: user=0.34 sys=0.00, real=0.04 secs] 
74.747: Total time for which application threads were stopped: 0.0505420 seconds, Stopping threads took: 0.0000060 seconds
74.747: Application time: 0.0000430 seconds
74.748: [Full GC [PSYoungGen: 69120K->69119K(80384K)] [ParOldGen: 182747K->182747K(182784K)] 251867K->251867K(263168K) [PSPermGen: 13471K->13471K(21504K)], 0.0505410 secs] [Times: user=0.34 sys=0.00, real=0.06 secs] 
74.798: Total time for which application threads were stopped: 0.0509320 seconds, Stopping threads took: 0.0000110 seconds
74.798: Application time: 0.0000290 seconds
74.799: [Full GC [PSYoungGen: 69119K->69119K(80384K)] [ParOldGen: 182747K->182747K(182784K)] 251867K->251867K(263168K) [PSPermGen: 13471K->13471K(21504K)], 0.0506070 secs] [Times: user=0.35 sys=0.00, real=0.05 secs] 
74.849: Total time for which application threads were stopped: 0.0509930 seconds, Stopping threads took: 0.0000070 seconds
74.849: Application time: 0.0000460 seconds
74.850: [Full GC [PSYoungGen: 69120K->69119K(80384K)] [ParOldGen: 182747K->182747K(182784K)] 251867K->251867K(263168K) [PSPermGen: 13471K->13471K(21504K)], 0.0536300 secs] [Times: user=0.37 sys=0.00, real=0.05 secs] 
74.903: Total time for which application threads were stopped: 0.0540200 seconds, Stopping threads took: 0.0000080 seconds
74.903: Application time: 0.0000430 seconds
74.904: [Full GC [PSYoungGen: 69120K->69120K(80384K)] [ParOldGen: 182747K->182747K(182784K)] 251867K->251867K(263168K) [PSPermGen: 13471K->13471K(21504K)], 0.0523970 secs] [Times: user=0.37 sys=0.00, real=0.05 secs] 
74.956: Total time for which application threads were stopped: 0.0527890 seconds, Stopping threads took: 0.0000110 seconds
74.956: Application time: 0.0000740 seconds
74.957: [Full GC [PSYoungGen: 69120K->69118K(80384K)] [ParOldGen: 182749K->182748K(182784K)] 251869K->251867K(263168K) [PSPermGen: 13471K->13471K(21504K)], 0.0502750 secs] [Times: user=0.35 sys=0.00, real=0.04 secs] 
75.007: Total time for which application threads were stopped: 0.0506920 seconds, Stopping threads took: 0.0000090 seconds
75.007: Application time: 0.0000440 seconds
75.007: [Full GC [PSYoungGen: 69120K->69118K(80384K)] [ParOldGen: 182748K->182748K(182784K)] 251868K->251867K(263168K) [PSPermGen: 13471K->13471K(21504K)], 0.0501480 secs] [Times: user=0.35 sys=0.00, real=0.06 secs] 
75.058: Total time for which application threads were stopped: 0.0505530 seconds, Stopping threads took: 0.0000250 seconds
75.058: Application time: 0.0000330 seconds
75.058: [Full GC [PSYoungGen: 69120K->69118K(80384K)] [ParOldGen: 182748K->182748K(182784K)] 251868K->251867K(263168K) [PSPermGen: 13471K->13471K(21504K)], 0.0533850 secs] [Times: user=0.37 sys=0.00, real=0.05 secs] 
75.111: Total time for which application threads were stopped: 0.0537800 seconds, Stopping threads took: 0.0000110 seconds
75.111: Application time: 0.0000800 seconds
75.112: [Full GC [PSYoungGen: 69120K->69118K(80384K)] [ParOldGen: 182748K->182748K(182784K)] 251868K->251866K(263168K) [PSPermGen: 13471K->13471K(21504K)], 0.0503770 secs] [Times: user=0.35 sys=0.00, real=0.05 secs] 
75.162: Total time for which application threads were stopped: 0.0507710 seconds, Stopping threads took: 0.0000080 seconds
75.162: Application time: 0.0000410 seconds
75.163: [Full GC [PSYoungGen: 69120K->69118K(80384K)] [ParOldGen: 182748K->182748K(182784K)] 251868K->251866K(263168K) [PSPermGen: 13471K->13471K(21504K)], 0.0503880 secs] [Times: user=0.35 sys=0.00, real=0.05 secs] 
75.213: Total time for which application threads were stopped: 0.0508140 seconds, Stopping threads took: 0.0000470 seconds
75.213: Application time: 0.0000410 seconds
75.213: [Full GC [PSYoungGen: 69120K->69118K(80384K)] [ParOldGen: 182748K->182748K(182784K)] 251868K->251867K(263168K) [PSPermGen: 13471K->13471K(21504K)], 0.0502230 secs] [Times: user=0.35 sys=0.00, real=0.05 secs] 
75.264: Total time for which application threads were stopped: 0.0506280 seconds, Stopping threads took: 0.0000070 seconds
75.264: Application time: 0.0000470 seconds
75.264: [Full GC [PSYoungGen: 69120K->69118K(80384K)] [ParOldGen: 182748K->182748K(182784K)] 251868K->251867K(263168K) [PSPermGen: 13471K->13471K(21504K)], 0.0505090 secs] [Times: user=0.35 sys=0.00, real=0.05 secs] 
75.315: Total time for which application threads were stopped: 0.0509030 seconds, Stopping threads took: 0.0000110 seconds
75.315: Application time: 0.0000350 seconds
75.315: [Full GC [PSYoungGen: 69120K->69119K(80384K)] [ParOldGen: 182748K->182748K(182784K)] 251868K->251867K(263168K) [PSPermGen: 13471K->13471K(21504K)], 0.0505780 secs] [Times: user=0.35 sys=0.00, real=0.05 secs] 
75.366: Total time for which application threads were stopped: 0.0509640 seconds, Stopping threads took: 0.0000080 seconds
75.366: Application time: 0.0000330 seconds
75.366: [Full GC [PSYoungGen: 69120K->69119K(80384K)] [ParOldGen: 182748K->182747K(182784K)] 251868K->251867K(263168K) [PSPermGen: 13471K->13471K(21504K)], 0.0502290 secs] [Times: user=0.35 sys=0.00, real=0.05 secs] 
75.416: Total time for which application threads were stopped: 0.0506280 seconds, Stopping threads took: 0.0000180 seconds
75.416: Application time: 0.0000380 seconds
75.417: [Full GC [PSYoungGen: 69120K->69119K(80384K)] [ParOldGen: 182747K->182747K(182784K)] 251867K->251867K(263168K) [PSPermGen: 13471K->13471K(21504K)], 0.0508080 secs] [Times: user=0.35 sys=0.00, real=0.04 secs] 
75.468: Total time for which application threads were stopped: 0.0512070 seconds, Stopping threads took: 0.0000080 seconds
75.468: Application time: 0.0000450 seconds
75.468: [Full GC [PSYoungGen: 69120K->69119K(80384K)] [ParOldGen: 182747K->182747K(182784K)] 251867K->251867K(263168K) [PSPermGen: 13471K->13471K(21504K)], 0.0508900 secs] [Times: user=0.35 sys=0.00, real=0.06 secs] 
75.519: Total time for which application threads were stopped: 0.0512790 seconds, Stopping threads took: 0.0000080 seconds
75.519: Application time: 0.0000470 seconds
75.519: [Full GC [PSYoungGen: 69120K->69119K(80384K)] [ParOldGen: 182747K->182747K(182784K)] 251867K->251867K(263168K) [PSPermGen: 13471K->13471K(21504K)], 0.0504190 secs] [Times: user=0.35 sys=0.00, real=0.05 secs] 
75.570: Total time for which application threads were stopped: 0.0508090 seconds, Stopping threads took: 0.0000090 seconds
75.570: Application time: 0.0000550 seconds
75.570: [Full GC [PSYoungGen: 69120K->69119K(80384K)] [ParOldGen: 182747K->182747K(182784K)] 251867K->251867K(263168K) [PSPermGen: 13471K->13471K(21504K)], 0.0506370 secs] [Times: user=0.34 sys=0.01, real=0.05 secs] 
75.621: Total time for which application threads were stopped: 0.0510250 seconds, Stopping threads took: 0.0000080 seconds
75.621: Application time: 0.0000840 seconds
75.621: [Full GC [PSYoungGen: 69120K->69119K(80384K)] [ParOldGen: 182747K->182747K(182784K)] 251867K->251867K(263168K) [PSPermGen: 13471K->13471K(21504K)], 0.0504080 secs] [Times: user=0.35 sys=0.00, real=0.05 secs] 
75.672: Total time for which application threads were stopped: 0.0508000 seconds, Stopping threads took: 0.0000080 seconds
75.672: Application time: 0.0000400 seconds
75.672: [Full GC [PSYoungGen: 69120K->69119K(80384K)] [ParOldGen: 182747K->182747K(182784K)] 251867K->251867K(263168K) [PSPermGen: 13471K->13471K(21504K)], 0.0506910 secs] [Times: user=0.35 sys=0.00, real=0.05 secs] 
75.723: Total time for which application threads were stopped: 0.0511020 seconds, Stopping threads took: 0.0000070 seconds
75.723: Application time: 0.0000420 seconds
75.723: [Full GC [PSYoungGen: 69120K->69119K(80384K)] [ParOldGen: 182747K->182747K(182784K)] 251867K->251867K(263168K) [PSPermGen: 13471K->13471K(21504K)], 0.0529730 secs] [Times: user=0.37 sys=0.00, real=0.05 secs] 
75.776: Total time for which application threads were stopped: 0.0533860 seconds, Stopping threads took: 0.0000090 seconds
75.776: Application time: 0.0000360 seconds
75.777: [Full GC [PSYoungGen: 69120K->69119K(80384K)] [ParOldGen: 182747K->182747K(182784K)] 251867K->251867K(263168K) [PSPermGen: 13471K->13471K(21504K)], 0.0529470 secs] [Times: user=0.37 sys=0.00, real=0.05 secs] 
75.830: Total time for which application threads were stopped: 0.0533600 seconds, Stopping threads took: 0.0000160 seconds
75.830: Application time: 0.0000430 seconds
75.830: [Full GC [PSYoungGen: 69120K->69119K(80384K)] [ParOldGen: 182747K->182747K(182784K)] 251867K->251867K(263168K) [PSPermGen: 13471K->13471K(21504K)], 0.0519240 secs] [Times: user=0.36 sys=0.00, real=0.05 secs] 
75.882: Total time for which application threads were stopped: 0.0523140 seconds, Stopping threads took: 0.0000110 seconds
75.882: Application time: 0.0000560 seconds
75.883: [Full GC [PSYoungGen: 69120K->69119K(80384K)] [ParOldGen: 182747K->182747K(182784K)] 251867K->251867K(263168K) [PSPermGen: 13471K->13471K(21504K)], 0.0509750 secs] [Times: user=0.35 sys=0.00, real=0.05 secs] 
75.934: Total time for which application threads were stopped: 0.0513660 seconds, Stopping threads took: 0.0000080 seconds
75.934: Application time: 0.0000440 seconds
75.934: [Full GC [PSYoungGen: 69120K->69119K(80384K)] [ParOldGen: 182747K->182747K(182784K)] 251867K->251867K(263168K) [PSPermGen: 13471K->13471K(21504K)], 0.0501700 secs] [Times: user=0.35 sys=0.01, real=0.05 secs] 
75.984: Total time for which application threads were stopped: 0.0505540 seconds, Stopping threads took: 0.0000060 seconds
75.984: Application time: 0.0000480 seconds
75.985: [Full GC [PSYoungGen: 69120K->69119K(80384K)] [ParOldGen: 182747K->182747K(182784K)] 251867K->251867K(263168K) [PSPermGen: 13471K->13471K(21504K)], 0.0505240 secs] [Times: user=0.35 sys=0.00, real=0.05 secs] 
76.035: Total time for which application threads were stopped: 0.0509120 seconds, Stopping threads took: 0.0000070 seconds
76.035: Application time: 0.0000500 seconds
76.035: [Full GC [PSYoungGen: 69120K->69119K(80384K)] [ParOldGen: 182747K->182747K(182784K)] 251867K->251867K(263168K) [PSPermGen: 13471K->13471K(21504K)], 0.0503010 secs] [Times: user=0.35 sys=0.00, real=0.05 secs] 
76.086: Total time for which application threads were stopped: 0.0507010 seconds, Stopping threads took: 0.0000090 seconds
76.086: Application time: 0.0000480 seconds
76.086: [Full GC [PSYoungGen: 69120K->69119K(80384K)] [ParOldGen: 182747K->182747K(182784K)] 251867K->251867K(263168K) [PSPermGen: 13471K->13471K(21504K)], 0.0504170 secs] [Times: user=0.34 sys=0.00, real=0.06 secs] 
76.137: Total time for which application threads were stopped: 0.0508040 seconds, Stopping threads took: 0.0000100 seconds
76.137: Application time: 0.0000420 seconds
76.137: [Full GC [PSYoungGen: 69120K->69119K(80384K)] [ParOldGen: 182747K->182747K(182784K)] 251867K->251867K(263168K) [PSPermGen: 13471K->13471K(21504K)], 0.0503810 secs] [Times: user=0.35 sys=0.00, real=0.04 secs] 
76.188: Total time for which application threads were stopped: 0.0507720 seconds, Stopping threads took: 0.0000100 seconds
76.188: Application time: 0.0000450 seconds
76.188: [Full GC [PSYoungGen: 69120K->69119K(80384K)] [ParOldGen: 182747K->182747K(182784K)] 251867K->251867K(263168K) [PSPermGen: 13471K->13471K(21504K)], 0.0526140 secs] [Times: user=0.37 sys=0.00, real=0.06 secs] 
76.241: Total time for which application threads were stopped: 0.0530020 seconds, Stopping threads took: 0.0000070 seconds
76.241: Application time: 0.0000540 seconds
76.241: [Full GC [PSYoungGen: 69120K->69119K(80384K)] [ParOldGen: 182747K->182747K(182784K)] 251867K->251867K(263168K) [PSPermGen: 13471K->13471K(21504K)], 0.0536110 secs] [Times: user=0.37 sys=0.00, real=0.05 secs] 
76.295: Total time for which application threads were stopped: 0.0540260 seconds, Stopping threads took: 0.0000080 seconds
76.295: Application time: 0.0000890 seconds
76.295: [Full GC [PSYoungGen: 69120K->69119K(80384K)] [ParOldGen: 182747K->182747K(182784K)] 251867K->251867K(263168K) [PSPermGen: 13471K->13471K(21504K)], 0.0504840 secs] [Times: user=0.35 sys=0.00, real=0.05 secs] 
76.346: Total time for which application threads were stopped: 0.0508740 seconds, Stopping threads took: 0.0000080 seconds
76.346: Application time: 0.0000480 seconds
76.346: [Full GC [PSYoungGen: 69120K->69119K(80384K)] [ParOldGen: 182747K->182747K(182784K)] 251867K->251867K(263168K) [PSPermGen: 13471K->13471K(21504K)], 0.0503430 secs] [Times: user=0.35 sys=0.00, real=0.05 secs] 
76.396: Total time for which application threads were stopped: 0.0507300 seconds, Stopping threads took: 0.0000070 seconds
76.396: Application time: 0.0000290 seconds
76.397: [Full GC [PSYoungGen: 69120K->69119K(80384K)] [ParOldGen: 182747K->182747K(182784K)] 251867K->251867K(263168K) [PSPermGen: 13471K->13471K(21504K)], 0.0518990 secs] [Times: user=0.36 sys=0.00, real=0.05 secs] 
76.449: Total time for which application threads were stopped: 0.0523000 seconds, Stopping threads took: 0.0000100 seconds
76.449: Application time: 0.0000350 seconds
76.449: [Full GC [PSYoungGen: 69120K->69119K(80384K)] [ParOldGen: 182747K->182747K(182784K)] 251867K->251867K(263168K) [PSPermGen: 13471K->13471K(21504K)], 0.0506850 secs] [Times: user=0.35 sys=0.00, real=0.05 secs] 
76.500: Total time for which application threads were stopped: 0.0510740 seconds, Stopping threads took: 0.0000070 seconds
76.500: Application time: 0.0000520 seconds
76.500: [Full GC [PSYoungGen: 69120K->69119K(80384K)] [ParOldGen: 182747K->182747K(182784K)] 251867K->251867K(263168K) [PSPermGen: 13471K->13471K(21504K)], 0.0504230 secs] [Times: user=0.35 sys=0.00, real=0.05 secs] 
76.551: Total time for which application threads were stopped: 0.0508140 seconds, Stopping threads took: 0.0000080 seconds
76.551: Application time: 0.0000470 seconds
76.551: [Full GC [PSYoungGen: 69120K->69119K(80384K)] [ParOldGen: 182747K->182747K(182784K)] 251867K->251867K(263168K) [PSPermGen: 13471K->13471K(21504K)], 0.0504890 secs] [Times: user=0.35 sys=0.00, real=0.05 secs] 
76.602: Total time for which application threads were stopped: 0.0508770 seconds, Stopping threads took: 0.0000140 seconds
76.602: Application time: 0.0000330 seconds
76.602: [Full GC [PSYoungGen: 69120K->69119K(80384K)] [ParOldGen: 182747K->182747K(182784K)] 251867K->251867K(263168K) [PSPermGen: 13471K->13471K(21504K)], 0.0504270 secs] [Times: user=0.35 sys=0.00, real=0.05 secs] 
76.653: Total time for which application threads were stopped: 0.0508280 seconds, Stopping threads took: 0.0000120 seconds
76.653: Application time: 0.0000280 seconds
76.653: [Full GC [PSYoungGen: 69120K->69119K(80384K)] [ParOldGen: 182747K->182747K(182784K)] 251867K->251867K(263168K) [PSPermGen: 13471K->13471K(21504K)], 0.0525480 secs] [Times: user=0.37 sys=0.00, real=0.05 secs] 
76.705: Total time for which application threads were stopped: 0.0529480 seconds, Stopping threads took: 0.0000090 seconds
76.706: Application time: 0.0000780 seconds
76.706: [Full GC [PSYoungGen: 69120K->69119K(80384K)] [ParOldGen: 182747K->182747K(182784K)] 251867K->251867K(263168K) [PSPermGen: 13471K->13471K(21504K)], 0.0530920 secs] [Times: user=0.37 sys=0.00, real=0.06 secs] 
76.759: Total time for which application threads were stopped: 0.0534810 seconds, Stopping threads took: 0.0000080 seconds
76.759: Application time: 0.0000500 seconds
76.759: [Full GC [PSYoungGen: 69120K->69119K(80384K)] [ParOldGen: 182747K->182747K(182784K)] 251867K->251867K(263168K) [PSPermGen: 13471K->13471K(21504K)], 0.0502880 secs] [Times: user=0.35 sys=0.00, real=0.05 secs] 
76.810: Total time for which application threads were stopped: 0.0507020 seconds, Stopping threads took: 0.0000070 seconds
76.810: Application time: 0.0000360 seconds
76.810: [Full GC [PSYoungGen: 69120K->69119K(80384K)] [ParOldGen: 182747K->182747K(182784K)] 251867K->251867K(263168K) [PSPermGen: 13471K->13471K(21504K)], 0.0504550 secs] [Times: user=0.35 sys=0.00, real=0.05 secs] 
76.861: Total time for which application threads were stopped: 0.0508430 seconds, Stopping threads took: 0.0000080 seconds
76.861: Application time: 0.0000600 seconds
76.861: [Full GC [PSYoungGen: 69120K->69119K(80384K)] [ParOldGen: 182747K->182747K(182784K)] 251867K->251867K(263168K) [PSPermGen: 13471K->13471K(21504K)], 0.0536870 secs] [Times: user=0.37 sys=0.00, real=0.05 secs] 
76.915: Total time for which application threads were stopped: 0.0540790 seconds, Stopping threads took: 0.0000070 seconds
76.915: Application time: 0.0000420 seconds
76.915: [Full GC [PSYoungGen: 69120K->69119K(80384K)] [ParOldGen: 182747K->182747K(182784K)] 251867K->251867K(263168K) [PSPermGen: 13471K->13471K(21504K)], 0.0501850 secs] [Times: user=0.35 sys=0.00, real=0.05 secs] 
76.965: Total time for which application threads were stopped: 0.0505740 seconds, Stopping threads took: 0.0000080 seconds
76.965: Application time: 0.0000310 seconds
76.966: [Full GC [PSYoungGen: 69120K->69119K(80384K)] [ParOldGen: 182747K->182747K(182784K)] 251867K->251867K(263168K) [PSPermGen: 13471K->13471K(21504K)], 0.0521280 secs] [Times: user=0.36 sys=0.00, real=0.06 secs] 
77.018: Total time for which application threads were stopped: 0.0525120 seconds, Stopping threads took: 0.0000070 seconds
77.018: Application time: 0.0000290 seconds
77.018: [Full GC [PSYoungGen: 69119K->69119K(80384K)] [ParOldGen: 182747K->182747K(182784K)] 251867K->251867K(263168K) [PSPermGen: 13471K->13471K(21504K)], 0.0503600 secs] [Times: user=0.35 sys=0.00, real=0.05 secs] 
77.069: Total time for which application threads were stopped: 0.0507590 seconds, Stopping threads took: 0.0000140 seconds
77.069: Application time: 0.0000510 seconds
77.069: [Full GC [PSYoungGen: 69119K->69119K(80384K)] [ParOldGen: 182747K->182747K(182784K)] 251867K->251867K(263168K) [PSPermGen: 13471K->13471K(21504K)], 0.0505070 secs] [Times: user=0.35 sys=0.00, real=0.05 secs] 
77.120: Total time for which application threads were stopped: 0.0509000 seconds, Stopping threads took: 0.0000070 seconds
77.120: Application time: 0.0000680 seconds
77.120: [Full GC [PSYoungGen: 69119K->69118K(80384K)] [ParOldGen: 182750K->182748K(182784K)] 251870K->251867K(263168K) [PSPermGen: 13471K->13471K(21504K)], 0.0502460 secs] [Times: user=0.35 sys=0.00, real=0.05 secs] 
77.170: Total time for which application threads were stopped: 0.0506380 seconds, Stopping threads took: 0.0000080 seconds
77.170: Application time: 0.0000340 seconds
77.171: [Full GC [PSYoungGen: 69120K->69118K(80384K)] [ParOldGen: 182748K->182748K(182784K)] 251868K->251867K(263168K) [PSPermGen: 13471K->13471K(21504K)], 0.0531180 secs] [Times: user=0.37 sys=0.00, real=0.05 secs] 
77.224: Total time for which application threads were stopped: 0.0535260 seconds, Stopping threads took: 0.0000070 seconds
77.224: Application time: 0.0000470 seconds
77.224: [Full GC [PSYoungGen: 69120K->69118K(80384K)] [ParOldGen: 182748K->182748K(182784K)] 251868K->251867K(263168K) [PSPermGen: 13471K->13471K(21504K)], 0.0520810 secs] [Times: user=0.37 sys=0.00, real=0.05 secs] 
77.277: Total time for which application threads were stopped: 0.0524720 seconds, Stopping threads took: 0.0000080 seconds
77.277: Application time: 0.0000610 seconds
77.277: [Full GC [PSYoungGen: 69120K->69119K(80384K)] [ParOldGen: 182748K->182748K(182784K)] 251868K->251867K(263168K) [PSPermGen: 13471K->13471K(21504K)], 0.0504890 secs] [Times: user=0.34 sys=0.01, real=0.04 secs] 
77.327: Total time for which application threads were stopped: 0.0509100 seconds, Stopping threads took: 0.0000160 seconds
77.328: Application time: 0.0000650 seconds
77.328: [Full GC [PSYoungGen: 69120K->69119K(80384K)] [ParOldGen: 182748K->182748K(182784K)] 251868K->251867K(263168K) [PSPermGen: 13471K->13471K(21504K)], 0.0501340 secs] [Times: user=0.35 sys=0.00, real=0.06 secs] 
77.378: Total time for which application threads were stopped: 0.0505240 seconds, Stopping threads took: 0.0000080 seconds
77.378: Application time: 0.0000370 seconds
77.378: [Full GC [PSYoungGen: 69120K->69119K(80384K)] [ParOldGen: 182748K->182748K(182784K)] 251868K->251867K(263168K) [PSPermGen: 13471K->13471K(21504K)], 0.0503130 secs] [Times: user=0.35 sys=0.00, real=0.05 secs] 
77.429: Total time for which application threads were stopped: 0.0507010 seconds, Stopping threads took: 0.0000090 seconds
77.429: Application time: 0.0000370 seconds
77.429: [Full GC [PSYoungGen: 69120K->69119K(80384K)] [ParOldGen: 182748K->182748K(182784K)] 251868K->251867K(263168K) [PSPermGen: 13471K->13471K(21504K)], 0.0503780 secs] [Times: user=0.35 sys=0.00, real=0.05 secs] 
77.480: Total time for which application threads were stopped: 0.0507620 seconds, Stopping threads took: 0.0000090 seconds
77.480: Application time: 0.0000590 seconds
77.480: [Full GC [PSYoungGen: 69120K->69119K(80384K)] [ParOldGen: 182748K->182748K(182784K)] 251868K->251867K(263168K) [PSPermGen: 13471K->13471K(21504K)], 0.0523930 secs] [Times: user=0.37 sys=0.00, real=0.05 secs] 
77.532: Total time for which application threads were stopped: 0.0527870 seconds, Stopping threads took: 0.0000080 seconds
77.533: Application time: 0.0000390 seconds
77.533: [Full GC [PSYoungGen: 69120K->69119K(80384K)] [ParOldGen: 182748K->182748K(182784K)] 251868K->251867K(263168K) [PSPermGen: 13471K->13471K(21504K)], 0.0508350 secs] [Times: user=0.35 sys=0.00, real=0.05 secs] 
77.584: Total time for which application threads were stopped: 0.0512410 seconds, Stopping threads took: 0.0000090 seconds
77.584: Application time: 0.0000540 seconds
77.584: [Full GC [PSYoungGen: 69120K->69119K(80384K)] [ParOldGen: 182748K->182748K(182784K)] 251868K->251867K(263168K) [PSPermGen: 13471K->13471K(21504K)], 0.0506500 secs] [Times: user=0.35 sys=0.00, real=0.05 secs] 
77.635: Total time for which application threads were stopped: 0.0510560 seconds, Stopping threads took: 0.0000190 seconds
77.635: Application time: 0.0000560 seconds
77.635: [Full GC [PSYoungGen: 69120K->69119K(80384K)] [ParOldGen: 182748K->182748K(182784K)] 251868K->251867K(263168K) [PSPermGen: 13471K->13471K(21504K)], 0.0505810 secs] [Times: user=0.35 sys=0.00, real=0.05 secs] 
77.686: Total time for which application threads were stopped: 0.0509670 seconds, Stopping threads took: 0.0000080 seconds
77.686: Application time: 0.0000510 seconds
77.686: [Full GC [PSYoungGen: 69120K->69119K(80384K)] [ParOldGen: 182748K->182748K(182784K)] 251868K->251867K(263168K) [PSPermGen: 13471K->13471K(21504K)], 0.0504680 secs] [Times: user=0.35 sys=0.00, real=0.06 secs] 
77.737: Total time for which application threads were stopped: 0.0508650 seconds, Stopping threads took: 0.0000070 seconds
77.737: Application time: 0.0000340 seconds
77.737: [Full GC [PSYoungGen: 69120K->69119K(80384K)] [ParOldGen: 182748K->182748K(182784K)] 251868K->251867K(263168K) [PSPermGen: 13471K->13471K(21504K)], 0.0505670 secs] [Times: user=0.35 sys=0.00, real=0.04 secs] 
77.788: Total time for which application threads were stopped: 0.0509540 seconds, Stopping threads took: 0.0000070 seconds
77.788: Application time: 0.0000300 seconds
77.788: [Full GC [PSYoungGen: 69120K->69119K(80384K)] [ParOldGen: 182748K->182748K(182784K)] 251868K->251867K(263168K) [PSPermGen: 13471K->13471K(21504K)], 0.0502980 secs] [Times: user=0.35 sys=0.00, real=0.06 secs] 
77.839: Total time for which application threads were stopped: 0.0507400 seconds, Stopping threads took: 0.0000130 seconds
77.839: Application time: 0.0000420 seconds
77.839: [Full GC [PSYoungGen: 69120K->69119K(80384K)] [ParOldGen: 182748K->182748K(182784K)] 251868K->251867K(263168K) [PSPermGen: 13471K->13471K(21504K)], 0.0516960 secs] [Times: user=0.36 sys=0.00, real=0.05 secs] 
77.891: Total time for which application threads were stopped: 0.0520850 seconds, Stopping threads took: 0.0000080 seconds
77.891: Application time: 0.0000510 seconds
77.891: [Full GC [PSYoungGen: 69120K->69119K(80384K)] [ParOldGen: 182748K->182748K(182784K)] 251868K->251867K(263168K) [PSPermGen: 13471K->13471K(21504K)], 0.0502840 secs] [Times: user=0.35 sys=0.00, real=0.05 secs] 
77.941: Total time for which application threads were stopped: 0.0506640 seconds, Stopping threads took: 0.0000110 seconds
77.941: Application time: 0.0000510 seconds
77.942: [Full GC [PSYoungGen: 69120K->69119K(80384K)] [ParOldGen: 182748K->182748K(182784K)] 251868K->251867K(263168K) [PSPermGen: 13471K->13471K(21504K)], 0.0524780 secs] [Times: user=0.36 sys=0.00, real=0.05 secs] 
77.994: Total time for which application threads were stopped: 0.0528700 seconds, Stopping threads took: 0.0000080 seconds
77.994: Application time: 0.0000340 seconds
77.995: [Full GC [PSYoungGen: 69120K->69119K(80384K)] [ParOldGen: 182748K->182748K(182784K)] 251868K->251867K(263168K) [PSPermGen: 13471K->13471K(21504K)], 0.0514830 secs] [Times: user=0.36 sys=0.00, real=0.05 secs] 
78.046: Total time for which application threads were stopped: 0.0518680 seconds, Stopping threads took: 0.0000070 seconds
78.046: Application time: 0.0000390 seconds
78.047: [Full GC [PSYoungGen: 69120K->69119K(80384K)] [ParOldGen: 182748K->182748K(182784K)] 251868K->251867K(263168K) [PSPermGen: 13471K->13471K(21504K)], 0.0503400 secs] [Times: user=0.35 sys=0.00, real=0.06 secs] 
78.097: Total time for which application threads were stopped: 0.0507290 seconds, Stopping threads took: 0.0000120 seconds
78.097: Application time: 0.0000430 seconds
78.097: [Full GC [PSYoungGen: 69120K->69119K(80384K)] [ParOldGen: 182748K->182748K(182784K)] 251868K->251867K(263168K) [PSPermGen: 13471K->13471K(21504K)], 0.0505700 secs] [Times: user=0.35 sys=0.00, real=0.04 secs] 
78.148: Total time for which application threads were stopped: 0.0509670 seconds, Stopping threads took: 0.0000110 seconds
78.148: Application time: 0.0000470 seconds
78.148: [Full GC [PSYoungGen: 69120K->69119K(80384K)] [ParOldGen: 182748K->182748K(182784K)] 251868K->251867K(263168K) [PSPermGen: 13471K->13471K(21504K)], 0.0507280 secs] [Times: user=0.35 sys=0.00, real=0.06 secs] 
78.199: Total time for which application threads were stopped: 0.0511210 seconds, Stopping threads took: 0.0000090 seconds
78.199: Application time: 0.0000400 seconds
78.200: [Full GC [PSYoungGen: 69120K->69119K(80384K)] [ParOldGen: 182748K->182748K(182784K)] 251868K->251867K(263168K) [PSPermGen: 13471K->13471K(21504K)], 0.0505790 secs] [Times: user=0.35 sys=0.00, real=0.05 secs] 
78.250: Total time for which application threads were stopped: 0.0509710 seconds, Stopping threads took: 0.0000090 seconds
78.250: Application time: 0.0000340 seconds
78.251: [Full GC [PSYoungGen: 69120K->69119K(80384K)] [ParOldGen: 182748K->182748K(182784K)] 251868K->251867K(263168K) [PSPermGen: 13471K->13471K(21504K)], 0.0533240 secs] [Times: user=0.37 sys=0.00, real=0.05 secs] 
78.304: Total time for which application threads were stopped: 0.0537260 seconds, Stopping threads took: 0.0000080 seconds
78.304: Application time: 0.0000470 seconds
78.304: [Full GC [PSYoungGen: 69120K->69119K(80384K)] [ParOldGen: 182748K->182748K(182784K)] 251868K->251867K(263168K) [PSPermGen: 13471K->13471K(21504K)], 0.0506660 secs] [Times: user=0.35 sys=0.00, real=0.05 secs] 
78.355: Total time for which application threads were stopped: 0.0510820 seconds, Stopping threads took: 0.0000120 seconds
78.355: Application time: 0.0000440 seconds
78.355: [Full GC [PSYoungGen: 69120K->69119K(80384K)] [ParOldGen: 182748K->182748K(182784K)] 251868K->251867K(263168K) [PSPermGen: 13471K->13471K(21504K)], 0.0524160 secs] [Times: user=0.37 sys=0.00, real=0.05 secs] 
78.408: Total time for which application threads were stopped: 0.0528200 seconds, Stopping threads took: 0.0000080 seconds
78.408: Application time: 0.0000400 seconds
78.408: [Full GC [PSYoungGen: 69120K->69119K(80384K)] [ParOldGen: 182748K->182748K(182784K)] 251868K->251867K(263168K) [PSPermGen: 13471K->13471K(21504K)], 0.0504260 secs] [Times: user=0.35 sys=0.00, real=0.06 secs] 
78.459: Total time for which application threads were stopped: 0.0508240 seconds, Stopping threads took: 0.0000090 seconds
78.459: Application time: 0.0000420 seconds
78.459: [Full GC [PSYoungGen: 69120K->69119K(80384K)] [ParOldGen: 182748K->182748K(182784K)] 251868K->251867K(263168K) [PSPermGen: 13471K->13471K(21504K)], 0.0507620 secs] [Times: user=0.35 sys=0.00, real=0.05 secs] 
78.510: Total time for which application threads were stopped: 0.0511520 seconds, Stopping threads took: 0.0000080 seconds
78.510: Application time: 0.0000410 seconds
78.510: [Full GC [PSYoungGen: 69120K->69119K(80384K)] [ParOldGen: 182748K->182748K(182784K)] 251868K->251867K(263168K) [PSPermGen: 13471K->13471K(21504K)], 0.0504700 secs] [Times: user=0.35 sys=0.00, real=0.05 secs] 
78.561: Total time for which application threads were stopped: 0.0508630 seconds, Stopping threads took: 0.0000110 seconds
78.561: Application time: 0.0000500 seconds
78.561: [Full GC [PSYoungGen: 69120K->69119K(80384K)] [ParOldGen: 182748K->182748K(182784K)] 251868K->251867K(263168K) [PSPermGen: 13471K->13471K(21504K)], 0.0505200 secs] [Times: user=0.35 sys=0.00, real=0.05 secs] 
78.612: Total time for which application threads were stopped: 0.0509110 seconds, Stopping threads took: 0.0000090 seconds
78.612: Application time: 0.0000440 seconds
78.612: [Full GC [PSYoungGen: 69119K->69119K(80384K)] [ParOldGen: 182748K->182748K(182784K)] 251867K->251867K(263168K) [PSPermGen: 13471K->13471K(21504K)], 0.0504470 secs] [Times: user=0.35 sys=0.00, real=0.05 secs] 
78.663: Total time for which application threads were stopped: 0.0508380 seconds, Stopping threads took: 0.0000100 seconds
78.663: Application time: 0.0000430 seconds
78.663: [Full GC [PSYoungGen: 69120K->69119K(80384K)] [ParOldGen: 182748K->182748K(182784K)] 251868K->251867K(263168K) [PSPermGen: 13471K->13471K(21504K)], 0.0534820 secs] [Times: user=0.37 sys=0.00, real=0.06 secs] 
78.717: Total time for which application threads were stopped: 0.0538770 seconds, Stopping threads took: 0.0000120 seconds
78.717: Application time: 0.0000560 seconds
78.717: [Full GC [PSYoungGen: 69120K->69119K(80384K)] [ParOldGen: 182748K->182747K(182784K)] 251868K->251867K(263168K) [PSPermGen: 13471K->13471K(21504K)], 0.0504080 secs] [Times: user=0.35 sys=0.00, real=0.04 secs] 
78.768: Total time for which application threads were stopped: 0.0508010 seconds, Stopping threads took: 0.0000080 seconds
78.768: Application time: 0.0000470 seconds
78.768: [Full GC [PSYoungGen: 69120K->69119K(80384K)] [ParOldGen: 182747K->182747K(182784K)] 251867K->251867K(263168K) [PSPermGen: 13471K->13471K(21504K)], 0.0507510 secs] [Times: user=0.35 sys=0.00, real=0.06 secs] 
78.819: Total time for which application threads were stopped: 0.0511610 seconds, Stopping threads took: 0.0000300 seconds
78.819: Application time: 0.0000330 seconds
78.819: [Full GC [PSYoungGen: 69120K->69119K(80384K)] [ParOldGen: 182747K->182747K(182784K)] 251867K->251867K(263168K) [PSPermGen: 13471K->13471K(21504K)], 0.0502830 secs] [Times: user=0.35 sys=0.00, real=0.05 secs] 
78.870: Total time for which application threads were stopped: 0.0507540 seconds, Stopping threads took: 0.0000680 seconds
78.870: Application time: 0.0000550 seconds
78.870: [Full GC [PSYoungGen: 69120K->69119K(80384K)] [ParOldGen: 182747K->182747K(182784K)] 251867K->251867K(263168K) [PSPermGen: 13471K->13471K(21504K)], 0.0509560 secs] [Times: user=0.35 sys=0.00, real=0.05 secs] 
78.921: Total time for which application threads were stopped: 0.0513460 seconds, Stopping threads took: 0.0000090 seconds
78.921: Application time: 0.0000350 seconds
78.921: [Full GC [PSYoungGen: 69120K->69119K(80384K)] [ParOldGen: 182747K->182747K(182784K)] 251867K->251867K(263168K) [PSPermGen: 13471K->13471K(21504K)], 0.0502720 secs] [Times: user=0.35 sys=0.00, real=0.05 secs] 
78.972: Total time for which application threads were stopped: 0.0506550 seconds, Stopping threads took: 0.0000080 seconds
78.972: Application time: 0.0000450 seconds
78.972: [Full GC [PSYoungGen: 69120K->69119K(80384K)] [ParOldGen: 182747K->182747K(182784K)] 251867K->251867K(263168K) [PSPermGen: 13471K->13471K(21504K)], 0.0504420 secs] [Times: user=0.35 sys=0.00, real=0.05 secs] 
79.023: Total time for which application threads were stopped: 0.0508460 seconds, Stopping threads took: 0.0000120 seconds
79.023: Application time: 0.0000530 seconds
79.023: [Full GC [PSYoungGen: 69120K->69119K(80384K)] [ParOldGen: 182747K->182747K(182784K)] 251867K->251867K(263168K) [PSPermGen: 13471K->13471K(21504K)], 0.0508410 secs] [Times: user=0.35 sys=0.00, real=0.05 secs] 
79.074: Total time for which application threads were stopped: 0.0512280 seconds, Stopping threads took: 0.0000080 seconds
79.074: Application time: 0.0000410 seconds
79.074: [Full GC [PSYoungGen: 69120K->69119K(80384K)] [ParOldGen: 182747K->182747K(182784K)] 251867K->251867K(263168K) [PSPermGen: 13471K->13471K(21504K)], 0.0505500 secs] [Times: user=0.35 sys=0.00, real=0.05 secs] 
79.125: Total time for which application threads were stopped: 0.0509460 seconds, Stopping threads took: 0.0000080 seconds
79.125: Application time: 0.0000310 seconds
79.125: [Full GC [PSYoungGen: 69120K->69119K(80384K)] [ParOldGen: 182747K->182747K(182784K)] 251867K->251867K(263168K) [PSPermGen: 13471K->13471K(21504K)], 0.0504350 secs] [Times: user=0.35 sys=0.00, real=0.05 secs] 
79.176: Total time for which application threads were stopped: 0.0508430 seconds, Stopping threads took: 0.0000260 seconds
79.176: Application time: 0.0000350 seconds
79.176: [Full GC [PSYoungGen: 69120K->69119K(80384K)] [ParOldGen: 182747K->182747K(182784K)] 251867K->251867K(263168K) [PSPermGen: 13471K->13471K(21504K)], 0.0521670 secs] [Times: user=0.37 sys=0.00, real=0.05 secs] 
79.228: Total time for which application threads were stopped: 0.0525540 seconds, Stopping threads took: 0.0000080 seconds
79.228: Application time: 0.0000440 seconds
79.229: [Full GC [PSYoungGen: 69120K->69119K(80384K)] [ParOldGen: 182747K->182747K(182784K)] 251867K->251867K(263168K) [PSPermGen: 13471K->13471K(21504K)], 0.0507690 secs] [Times: user=0.34 sys=0.00, real=0.05 secs] 
79.280: Total time for which application threads were stopped: 0.0511770 seconds, Stopping threads took: 0.0000110 seconds
79.280: Application time: 0.0000310 seconds
79.280: [Full GC [PSYoungGen: 69120K->69119K(80384K)] [ParOldGen: 182747K->182747K(182784K)] 251867K->251867K(263168K) [PSPermGen: 13471K->13471K(21504K)], 0.0529770 secs] [Times: user=0.37 sys=0.00, real=0.05 secs] 
79.333: Total time for which application threads were stopped: 0.0533680 seconds, Stopping threads took: 0.0000080 seconds
79.333: Application time: 0.0000430 seconds
79.333: [Full GC [PSYoungGen: 69120K->69119K(80384K)] [ParOldGen: 182747K->182747K(182784K)] 251867K->251867K(263168K) [PSPermGen: 13471K->13471K(21504K)], 0.0505560 secs] [Times: user=0.35 sys=0.00, real=0.05 secs] 
79.384: Total time for which application threads were stopped: 0.0509820 seconds, Stopping threads took: 0.0000080 seconds
79.384: Application time: 0.0000320 seconds
79.384: [Full GC [PSYoungGen: 69120K->69119K(80384K)] [ParOldGen: 182747K->182747K(182784K)] 251867K->251867K(263168K) [PSPermGen: 13471K->13471K(21504K)], 0.0502690 secs] [Times: user=0.35 sys=0.00, real=0.05 secs] 
79.435: Total time for which application threads were stopped: 0.0506570 seconds, Stopping threads took: 0.0000120 seconds
79.435: Application time: 0.0000350 seconds
79.435: [Full GC [PSYoungGen: 69120K->69119K(80384K)] [ParOldGen: 182747K->182747K(182784K)] 251867K->251867K(263168K) [PSPermGen: 13471K->13471K(21504K)], 0.0504010 secs] [Times: user=0.35 sys=0.00, real=0.05 secs] 
79.485: Total time for which application threads were stopped: 0.0507930 seconds, Stopping threads took: 0.0000110 seconds
79.486: Application time: 0.0000520 seconds
79.486: [Full GC [PSYoungGen: 69120K->69119K(80384K)] [ParOldGen: 182747K->182747K(182784K)] 251867K->251867K(263168K) [PSPermGen: 13471K->13471K(21504K)], 0.0502400 secs] [Times: user=0.34 sys=0.00, real=0.05 secs] 
79.536: Total time for which application threads were stopped: 0.0506400 seconds, Stopping threads took: 0.0000080 seconds
79.536: Application time: 0.0000360 seconds
79.537: [Full GC [PSYoungGen: 69120K->69119K(80384K)] [ParOldGen: 182747K->182747K(182784K)] 251867K->251867K(263168K) [PSPermGen: 13471K->13471K(21504K)], 0.0504080 secs] [Times: user=0.35 sys=0.00, real=0.05 secs] 
79.587: Total time for which application threads were stopped: 0.0507980 seconds, Stopping threads took: 0.0000070 seconds
79.587: Application time: 0.0000500 seconds
79.587: [Full GC [PSYoungGen: 69120K->69119K(80384K)] [ParOldGen: 182747K->182747K(182784K)] 251867K->251867K(263168K) [PSPermGen: 13471K->13471K(21504K)], 0.0521590 secs] [Times: user=0.37 sys=0.00, real=0.06 secs] 
79.640: Total time for which application threads were stopped: 0.0525470 seconds, Stopping threads took: 0.0000080 seconds
79.640: Application time: 0.0000680 seconds
79.640: [Full GC [PSYoungGen: 69119K->69119K(80384K)] [ParOldGen: 182750K->182748K(182784K)] 251870K->251867K(263168K) [PSPermGen: 13471K->13471K(21504K)], 0.0503740 secs] [Times: user=0.35 sys=0.00, real=0.05 secs] 
79.690: Total time for which application threads were stopped: 0.0507700 seconds, Stopping threads took: 0.0000080 seconds
79.690: Application time: 0.0000420 seconds
79.691: [Full GC [PSYoungGen: 69120K->69119K(80384K)] [ParOldGen: 182748K->182748K(182784K)] 251868K->251867K(263168K) [PSPermGen: 13471K->13471K(21504K)], 0.0507230 secs] [Times: user=0.35 sys=0.00, real=0.05 secs] 
79.742: Total time for which application threads were stopped: 0.0511180 seconds, Stopping threads took: 0.0000090 seconds
79.742: Application time: 0.0000310 seconds
79.742: [Full GC [PSYoungGen: 69120K->69119K(80384K)] [ParOldGen: 182748K->182748K(182784K)] 251868K->251867K(263168K) [PSPermGen: 13471K->13471K(21504K)], 0.0503820 secs] [Times: user=0.35 sys=0.00, real=0.05 secs] 
79.792: Total time for which application threads were stopped: 0.0507730 seconds, Stopping threads took: 0.0000070 seconds
79.792: Application time: 0.0000350 seconds
79.793: [Full GC [PSYoungGen: 69120K->69119K(80384K)] [ParOldGen: 182748K->182748K(182784K)] 251868K->251867K(263168K) [PSPermGen: 13471K->13471K(21504K)], 0.0501800 secs] [Times: user=0.35 sys=0.00, real=0.05 secs] 
79.843: Total time for which application threads were stopped: 0.0505810 seconds, Stopping threads took: 0.0000070 seconds
79.843: Application time: 0.0000510 seconds
79.843: [Full GC [PSYoungGen: 69120K->69119K(80384K)] [ParOldGen: 182748K->182748K(182784K)] 251868K->251867K(263168K) [PSPermGen: 13471K->13471K(21504K)], 0.0506480 secs] [Times: user=0.34 sys=0.00, real=0.05 secs] 
79.894: Total time for which application threads were stopped: 0.0510590 seconds, Stopping threads took: 0.0000080 seconds
79.894: Application time: 0.0000550 seconds
79.895: [Full GC [PSYoungGen: 69120K->69119K(80384K)] [ParOldGen: 182748K->182748K(182784K)] 251868K->251867K(263168K) [PSPermGen: 13471K->13471K(21504K)], 0.0501740 secs] [Times: user=0.35 sys=0.00, real=0.05 secs] 
79.945: Total time for which application threads were stopped: 0.0505670 seconds, Stopping threads took: 0.0000070 seconds
79.945: Application time: 0.0000510 seconds
79.945: [Full GC [PSYoungGen: 69120K->69119K(80384K)] [ParOldGen: 182748K->182748K(182784K)] 251868K->251867K(263168K) [PSPermGen: 13471K->13471K(21504K)], 0.0525980 secs] [Times: user=0.37 sys=0.00, real=0.06 secs] 
79.998: Total time for which application threads were stopped: 0.0529890 seconds, Stopping threads took: 0.0000090 seconds
79.998: Application time: 0.0000490 seconds
79.998: [Full GC [PSYoungGen: 69120K->69119K(80384K)] [ParOldGen: 182748K->182748K(182784K)] 251868K->251867K(263168K) [PSPermGen: 13471K->13471K(21504K)], 0.0524050 secs] [Times: user=0.37 sys=0.00, real=0.05 secs] 
80.051: Total time for which application threads were stopped: 0.0527990 seconds, Stopping threads took: 0.0000110 seconds
80.051: Application time: 0.0000350 seconds
80.051: [Full GC [PSYoungGen: 69120K->69119K(80384K)] [ParOldGen: 182748K->182748K(182784K)] 251868K->251867K(263168K) [PSPermGen: 13471K->13471K(21504K)], 0.0506410 secs] [Times: user=0.35 sys=0.00, real=0.05 secs] 
80.102: Total time for which application threads were stopped: 0.0510290 seconds, Stopping threads took: 0.0000080 seconds
80.102: Application time: 0.0000330 seconds
80.102: [Full GC [PSYoungGen: 69120K->69119K(80384K)] [ParOldGen: 182748K->182748K(182784K)] 251868K->251867K(263168K) [PSPermGen: 13471K->13471K(21504K)], 0.0506950 secs] [Times: user=0.35 sys=0.00, real=0.05 secs] 
80.153: Total time for which application threads were stopped: 0.0510830 seconds, Stopping threads took: 0.0000080 seconds
80.153: Application time: 0.0000360 seconds
80.153: [Full GC [PSYoungGen: 69120K->69119K(80384K)] [ParOldGen: 182748K->182748K(182784K)] 251868K->251867K(263168K) [PSPermGen: 13471K->13471K(21504K)], 0.0506550 secs] [Times: user=0.35 sys=0.00, real=0.05 secs] 
80.204: Total time for which application threads were stopped: 0.0510480 seconds, Stopping threads took: 0.0000100 seconds
80.204: Application time: 0.0000360 seconds
80.204: [Full GC [PSYoungGen: 69120K->69119K(80384K)] [ParOldGen: 182748K->182748K(182784K)] 251868K->251868K(263168K) [PSPermGen: 13471K->13471K(21504K)], 0.0503830 secs] [Times: user=0.35 sys=0.00, real=0.05 secs] 
80.255: Total time for which application threads were stopped: 0.0507750 seconds, Stopping threads took: 0.0000110 seconds
80.255: Application time: 0.0000440 seconds
80.255: [Full GC [PSYoungGen: 69120K->69119K(80384K)] [ParOldGen: 182748K->182748K(182784K)] 251868K->251868K(263168K) [PSPermGen: 13471K->13471K(21504K)], 0.0504660 secs] [Times: user=0.35 sys=0.00, real=0.05 secs] 
80.306: Total time for which application threads were stopped: 0.0508500 seconds, Stopping threads took: 0.0000070 seconds
80.306: Application time: 0.0000530 seconds
80.306: [Full GC [PSYoungGen: 69120K->69119K(80384K)] [ParOldGen: 182748K->182748K(182784K)] 251868K->251868K(263168K) [PSPermGen: 13471K->13471K(21504K)], 0.0507230 secs] [Times: user=0.35 sys=0.00, real=0.06 secs] 
80.357: Total time for which application threads were stopped: 0.0511090 seconds, Stopping threads took: 0.0000070 seconds
80.357: Application time: 0.0000520 seconds
80.357: [Full GC [PSYoungGen: 69120K->69119K(80384K)] [ParOldGen: 182748K->182748K(182784K)] 251868K->251868K(263168K) [PSPermGen: 13471K->13471K(21504K)], 0.0501980 secs] [Times: user=0.35 sys=0.00, real=0.04 secs] 
80.407: Total time for which application threads were stopped: 0.0506210 seconds, Stopping threads took: 0.0000080 seconds
80.408: Application time: 0.0000700 seconds
80.408: [Full GC [PSYoungGen: 69120K->69119K(80384K)] [ParOldGen: 182748K->182748K(182784K)] 251868K->251868K(263168K) [PSPermGen: 13471K->13471K(21504K)], 0.0510160 secs] [Times: user=0.35 sys=0.01, real=0.06 secs] 
80.459: Total time for which application threads were stopped: 0.0514200 seconds, Stopping threads took: 0.0000190 seconds
80.459: Application time: 0.0000510 seconds
80.459: [Full GC [PSYoungGen: 69120K->69119K(80384K)] [ParOldGen: 182748K->182748K(182784K)] 251868K->251868K(263168K) [PSPermGen: 13471K->13471K(21504K)], 0.0521860 secs] [Times: user=0.37 sys=0.00, real=0.05 secs] 
80.512: Total time for which application threads were stopped: 0.0525960 seconds, Stopping threads took: 0.0000070 seconds
80.512: Application time: 0.0000760 seconds
80.512: [Full GC [PSYoungGen: 69120K->69119K(80384K)] [ParOldGen: 182750K->182749K(182784K)] 251870K->251868K(263168K) [PSPermGen: 13471K->13471K(21504K)], 0.0502260 secs] [Times: user=0.35 sys=0.00, real=0.05 secs] 
80.562: Total time for which application threads were stopped: 0.0506100 seconds, Stopping threads took: 0.0000080 seconds
80.562: Application time: 0.0000800 seconds
80.563: [Full GC [PSYoungGen: 69120K->69119K(80384K)] [ParOldGen: 182749K->182748K(182784K)] 251869K->251868K(263168K) [PSPermGen: 13471K->13471K(21504K)], 0.0506860 secs] [Times: user=0.34 sys=0.00, real=0.05 secs] 
80.613: Total time for which application threads were stopped: 0.0510750 seconds, Stopping threads took: 0.0000080 seconds
80.614: Application time: 0.0000600 seconds
80.614: [Full GC [PSYoungGen: 69120K->69119K(80384K)] [ParOldGen: 182748K->182748K(182784K)] 251868K->251868K(263168K) [PSPermGen: 13471K->13471K(21504K)], 0.0517520 secs] [Times: user=0.36 sys=0.00, real=0.05 secs] 
80.666: Total time for which application threads were stopped: 0.0521390 seconds, Stopping threads took: 0.0000080 seconds
80.666: Application time: 0.0000300 seconds
80.666: [Full GC [PSYoungGen: 69120K->69119K(80384K)] [ParOldGen: 182748K->182748K(182784K)] 251868K->251868K(263168K) [PSPermGen: 13471K->13471K(21504K)], 0.0504750 secs] [Times: user=0.35 sys=0.00, real=0.05 secs] 
80.717: Total time for which application threads were stopped: 0.0508680 seconds, Stopping threads took: 0.0000110 seconds
80.717: Application time: 0.0000570 seconds
80.717: [Full GC [PSYoungGen: 69120K->69119K(80384K)] [ParOldGen: 182748K->182748K(182784K)] 251868K->251868K(263168K) [PSPermGen: 13471K->13471K(21504K)], 0.0525170 secs] [Times: user=0.36 sys=0.00, real=0.05 secs] 
80.770: Total time for which application threads were stopped: 0.0529300 seconds, Stopping threads took: 0.0000110 seconds
80.770: Application time: 0.0000570 seconds
80.770: [Full GC [PSYoungGen: 69120K->69119K(80384K)] [ParOldGen: 182748K->182748K(182784K)] 251868K->251868K(263168K) [PSPermGen: 13471K->13471K(21504K)], 0.0505610 secs] [Times: user=0.35 sys=0.00, real=0.05 secs] 
80.821: Total time for which application threads were stopped: 0.0509510 seconds, Stopping threads took: 0.0000080 seconds
80.821: Application time: 0.0000470 seconds
80.821: [Full GC [PSYoungGen: 69120K->69119K(80384K)] [ParOldGen: 182748K->182748K(182784K)] 251868K->251868K(263168K) [PSPermGen: 13471K->13471K(21504K)], 0.0506180 secs] [Times: user=0.35 sys=0.00, real=0.05 secs] 
80.872: Total time for which application threads were stopped: 0.0510130 seconds, Stopping threads took: 0.0000090 seconds
80.872: Application time: 0.0000310 seconds
80.872: [Full GC [PSYoungGen: 69120K->69119K(80384K)] [ParOldGen: 182748K->182748K(182784K)] 251868K->251868K(263168K) [PSPermGen: 13471K->13471K(21504K)], 0.0508330 secs] [Times: user=0.35 sys=0.00, real=0.05 secs] 
80.923: Total time for which application threads were stopped: 0.0512530 seconds, Stopping threads took: 0.0000100 seconds
80.923: Application time: 0.0000320 seconds
80.923: [Full GC [PSYoungGen: 69120K->69119K(80384K)] [ParOldGen: 182748K->182748K(182784K)] 251868K->251868K(263168K) [PSPermGen: 13471K->13471K(21504K)], 0.0503560 secs] [Times: user=0.35 sys=0.00, real=0.05 secs] 
80.974: Total time for which application threads were stopped: 0.0507420 seconds, Stopping threads took: 0.0000100 seconds
80.974: Application time: 0.0000360 seconds
80.974: [Full GC [PSYoungGen: 69120K->69119K(80384K)] [ParOldGen: 182748K->182748K(182784K)] 251868K->251868K(263168K) [PSPermGen: 13471K->13471K(21504K)], 0.0505170 secs] [Times: user=0.35 sys=0.00, real=0.05 secs] 
81.025: Total time for which application threads were stopped: 0.0509340 seconds, Stopping threads took: 0.0000120 seconds
81.025: Application time: 0.0000600 seconds
81.025: [Full GC [PSYoungGen: 69120K->69120K(80384K)] [ParOldGen: 182748K->182748K(182784K)] 251868K->251868K(263168K) [PSPermGen: 13471K->13471K(21504K)], 0.0526850 secs] [Times: user=0.36 sys=0.01, real=0.06 secs] 
81.078: Total time for which application threads were stopped: 0.0530770 seconds, Stopping threads took: 0.0000080 seconds
81.078: Application time: 0.0000590 seconds
81.078: [Full GC [PSYoungGen: 69120K->69119K(80384K)] [ParOldGen: 182750K->182749K(182784K)] 251870K->251868K(263168K) [PSPermGen: 13471K->13471K(21504K)], 0.0504400 secs] [Times: user=0.35 sys=0.00, real=0.05 secs] 
81.129: Total time for which application threads were stopped: 0.0508300 seconds, Stopping threads took: 0.0000090 seconds
81.129: Application time: 0.0000760 seconds
81.129: [Full GC [PSYoungGen: 69120K->69119K(80384K)] [ParOldGen: 182749K->182748K(182784K)] 251869K->251868K(263168K) [PSPermGen: 13471K->13471K(21504K)], 0.0504740 secs] [Times: user=0.35 sys=0.00, real=0.05 secs] 
81.180: Total time for which application threads were stopped: 0.0508680 seconds, Stopping threads took: 0.0000080 seconds
81.180: Application time: 0.0000490 seconds
81.180: [Full GC [PSYoungGen: 69120K->69119K(80384K)] [ParOldGen: 182748K->182748K(182784K)] 251868K->251868K(263168K) [PSPermGen: 13471K->13471K(21504K)], 0.0536780 secs] [Times: user=0.38 sys=0.00, real=0.05 secs] 
81.234: Total time for which application threads were stopped: 0.0540640 seconds, Stopping threads took: 0.0000070 seconds
81.234: Application time: 0.0000340 seconds
81.234: [Full GC [PSYoungGen: 69120K->69119K(80384K)] [ParOldGen: 182748K->182748K(182784K)] 251868K->251867K(263168K) [PSPermGen: 13471K->13471K(21504K)], 0.0530780 secs] [Times: user=0.37 sys=0.00, real=0.05 secs] 
81.287: Total time for which application threads were stopped: 0.0534670 seconds, Stopping threads took: 0.0000120 seconds
81.287: Application time: 0.0000440 seconds
81.288: [Full GC [PSYoungGen: 69120K->69119K(80384K)] [ParOldGen: 182748K->182748K(182784K)] 251868K->251867K(263168K) [PSPermGen: 13471K->13471K(21504K)], 0.0503960 secs] [Times: user=0.35 sys=0.00, real=0.06 secs] 
81.338: Total time for which application threads were stopped: 0.0507900 seconds, Stopping threads took: 0.0000080 seconds
81.338: Application time: 0.0000420 seconds
81.338: [Full GC [PSYoungGen: 69120K->69119K(80384K)] [ParOldGen: 182748K->182748K(182784K)] 251868K->251867K(263168K) [PSPermGen: 13471K->13471K(21504K)], 0.0533700 secs] [Times: user=0.37 sys=0.00, real=0.05 secs] 
81.392: Total time for which application threads were stopped: 0.0537620 seconds, Stopping threads took: 0.0000080 seconds
81.392: Application time: 0.0000790 seconds
81.392: [Full GC [PSYoungGen: 69120K->69119K(80384K)] [ParOldGen: 182748K->182748K(182784K)] 251868K->251867K(263168K) [PSPermGen: 13471K->13471K(21504K)], 0.0504640 secs] [Times: user=0.35 sys=0.00, real=0.05 secs] 
81.443: Total time for which application threads were stopped: 0.0508790 seconds, Stopping threads took: 0.0000080 seconds
81.443: Application time: 0.0000340 seconds
81.443: [Full GC [PSYoungGen: 69120K->69119K(80384K)] [ParOldGen: 182748K->182748K(182784K)] 251868K->251868K(263168K) [PSPermGen: 13471K->13471K(21504K)], 0.0508100 secs] [Times: user=0.35 sys=0.00, real=0.05 secs] 
81.494: Total time for which application threads were stopped: 0.0512000 seconds, Stopping threads took: 0.0000070 seconds
81.494: Application time: 0.0000390 seconds
81.494: [Full GC [PSYoungGen: 69120K->69119K(80384K)] [ParOldGen: 182748K->182748K(182784K)] 251868K->251867K(263168K) [PSPermGen: 13471K->13471K(21504K)], 0.0509300 secs] [Times: user=0.35 sys=0.00, real=0.05 secs] 
81.545: Total time for which application threads were stopped: 0.0513130 seconds, Stopping threads took: 0.0000070 seconds
81.545: Application time: 0.0000530 seconds
81.546: [Full GC [PSYoungGen: 69120K->69119K(80384K)] [ParOldGen: 182748K->182748K(182784K)] 251868K->251867K(263168K) [PSPermGen: 13471K->13471K(21504K)], 0.0529650 secs] [Times: user=0.37 sys=0.00, real=0.06 secs] 
81.599: Total time for which application threads were stopped: 0.0533620 seconds, Stopping threads took: 0.0000080 seconds
81.599: Application time: 0.0000410 seconds
81.599: [Full GC [PSYoungGen: 69120K->69119K(80384K)] [ParOldGen: 182748K->182748K(182784K)] 251868K->251867K(263168K) [PSPermGen: 13471K->13471K(21504K)], 0.0507070 secs] [Times: user=0.35 sys=0.00, real=0.05 secs] 
81.650: Total time for which application threads were stopped: 0.0511270 seconds, Stopping threads took: 0.0000340 seconds
81.650: Application time: 0.0000500 seconds
81.650: [Full GC [PSYoungGen: 69120K->69119K(80384K)] [ParOldGen: 182748K->182748K(182784K)] 251868K->251867K(263168K) [PSPermGen: 13471K->13471K(21504K)], 0.0530310 secs] [Times: user=0.37 sys=0.00, real=0.05 secs] 
81.703: Total time for which application threads were stopped: 0.0534180 seconds, Stopping threads took: 0.0000080 seconds
81.704: Application time: 0.0000530 seconds
81.704: [Full GC [PSYoungGen: 69120K->69119K(80384K)] [ParOldGen: 182748K->182748K(182784K)] 251868K->251867K(263168K) [PSPermGen: 13471K->13471K(21504K)], 0.0505620 secs] [Times: user=0.35 sys=0.00, real=0.05 secs] 
81.754: Total time for which application threads were stopped: 0.0509640 seconds, Stopping threads took: 0.0000200 seconds
81.755: Application time: 0.0000420 seconds
81.755: [Full GC [PSYoungGen: 69120K->69119K(80384K)] [ParOldGen: 182748K->182748K(182784K)] 251868K->251867K(263168K) [PSPermGen: 13471K->13471K(21504K)], 0.0504700 secs] [Times: user=0.35 sys=0.00, real=0.05 secs] 
81.805: Total time for which application threads were stopped: 0.0508630 seconds, Stopping threads took: 0.0000080 seconds
81.805: Application time: 0.0000450 seconds
81.806: [Full GC [PSYoungGen: 69120K->69119K(80384K)] [ParOldGen: 182748K->182748K(182784K)] 251868K->251867K(263168K) [PSPermGen: 13471K->13471K(21504K)], 0.0522250 secs] [Times: user=0.37 sys=0.00, real=0.06 secs] 
81.858: Total time for which application threads were stopped: 0.0526130 seconds, Stopping threads took: 0.0000070 seconds
81.858: Application time: 0.0000420 seconds
81.858: [Full GC [PSYoungGen: 69120K->69119K(80384K)] [ParOldGen: 182748K->182748K(182784K)] 251868K->251867K(263168K) [PSPermGen: 13471K->13471K(21504K)], 0.0504740 secs] [Times: user=0.35 sys=0.00, real=0.05 secs] 
81.909: Total time for which application threads were stopped: 0.0508550 seconds, Stopping threads took: 0.0000070 seconds
81.909: Application time: 0.0000700 seconds
81.909: [Full GC [PSYoungGen: 69120K->69119K(80384K)] [ParOldGen: 182748K->182748K(182784K)] 251868K->251867K(263168K) [PSPermGen: 13471K->13471K(21504K)], 0.0503090 secs] [Times: user=0.35 sys=0.00, real=0.05 secs] 
81.960: Total time for which application threads were stopped: 0.0507260 seconds, Stopping threads took: 0.0000090 seconds
81.960: Application time: 0.0000320 seconds
81.960: [Full GC [PSYoungGen: 69120K->69119K(80384K)] [ParOldGen: 182748K->182748K(182784K)] 251868K->251867K(263168K) [PSPermGen: 13471K->13471K(21504K)], 0.0503090 secs] [Times: user=0.35 sys=0.00, real=0.05 secs] 
82.010: Total time for which application threads were stopped: 0.0506950 seconds, Stopping threads took: 0.0000070 seconds
82.011: Application time: 0.0000330 seconds
82.011: [Full GC [PSYoungGen: 69120K->69119K(80384K)] [ParOldGen: 182748K->182748K(182784K)] 251868K->251867K(263168K) [PSPermGen: 13471K->13471K(21504K)], 0.0507170 secs] [Times: user=0.35 sys=0.00, real=0.05 secs] 
82.062: Total time for which application threads were stopped: 0.0511010 seconds, Stopping threads took: 0.0000100 seconds
82.062: Application time: 0.0000410 seconds
82.062: [Full GC [PSYoungGen: 69120K->69119K(80384K)] [ParOldGen: 182748K->182748K(182784K)] 251868K->251867K(263168K) [PSPermGen: 13471K->13471K(21504K)], 0.0502790 secs] [Times: user=0.35 sys=0.00, real=0.05 secs] 
82.112: Total time for which application threads were stopped: 0.0506750 seconds, Stopping threads took: 0.0000110 seconds
82.112: Application time: 0.0000490 seconds
82.113: [Full GC [PSYoungGen: 69120K->69119K(80384K)] [ParOldGen: 182748K->182748K(182784K)] 251868K->251867K(263168K) [PSPermGen: 13471K->13471K(21504K)], 0.0502580 secs] [Times: user=0.34 sys=0.00, real=0.05 secs] 
82.163: Total time for which application threads were stopped: 0.0506590 seconds, Stopping threads took: 0.0000120 seconds
82.163: Application time: 0.0000590 seconds
82.163: [Full GC [PSYoungGen: 69120K->69119K(80384K)] [ParOldGen: 182748K->182748K(182784K)] 251868K->251867K(263168K) [PSPermGen: 13471K->13471K(21504K)], 0.0506190 secs] [Times: user=0.35 sys=0.00, real=0.05 secs] 
82.214: Total time for which application threads were stopped: 0.0510100 seconds, Stopping threads took: 0.0000070 seconds
82.214: Application time: 0.0000530 seconds
82.215: [Full GC [PSYoungGen: 69120K->69119K(80384K)] [ParOldGen: 182748K->182748K(182784K)] 251868K->251867K(263168K) [PSPermGen: 13471K->13471K(21504K)], 0.0504020 secs] [Times: user=0.35 sys=0.00, real=0.05 secs] 
82.265: Total time for which application threads were stopped: 0.0507940 seconds, Stopping threads took: 0.0000090 seconds
82.265: Application time: 0.0000530 seconds
82.265: [Full GC [PSYoungGen: 69120K->69119K(80384K)] [ParOldGen: 182748K->182748K(182784K)] 251868K->251867K(263168K) [PSPermGen: 13471K->13471K(21504K)], 0.0517040 secs] [Times: user=0.36 sys=0.00, real=0.06 secs] 
82.317: Total time for which application threads were stopped: 0.0520870 seconds, Stopping threads took: 0.0000090 seconds
82.317: Application time: 0.0000460 seconds
82.317: [Full GC [PSYoungGen: 69120K->69119K(80384K)] [ParOldGen: 182748K->182748K(182784K)] 251868K->251868K(263168K) [PSPermGen: 13471K->13471K(21504K)], 0.0505540 secs] [Times: user=0.35 sys=0.00, real=0.04 secs] 
82.368: Total time for which application threads were stopped: 0.0509540 seconds, Stopping threads took: 0.0000140 seconds
82.368: Application time: 0.0000370 seconds
82.368: [Full GC [PSYoungGen: 69120K->69119K(80384K)] [ParOldGen: 182748K->182748K(182784K)] 251868K->251867K(263168K) [PSPermGen: 13471K->13471K(21504K)], 0.0505240 secs] [Times: user=0.35 sys=0.00, real=0.06 secs] 
82.419: Total time for which application threads were stopped: 0.0509110 seconds, Stopping threads took: 0.0000070 seconds
82.419: Application time: 0.0000290 seconds
82.419: [Full GC [PSYoungGen: 69120K->69119K(80384K)] [ParOldGen: 182748K->182748K(182784K)] 251868K->251868K(263168K) [PSPermGen: 13471K->13471K(21504K)], 0.0506150 secs] [Times: user=0.35 sys=0.00, real=0.05 secs] 
82.470: Total time for which application threads were stopped: 0.0510300 seconds, Stopping threads took: 0.0000100 seconds
82.470: Application time: 0.0000320 seconds
82.470: [Full GC [PSYoungGen: 69120K->69119K(80384K)] [ParOldGen: 182748K->182748K(182784K)] 251868K->251868K(263168K) [PSPermGen: 13471K->13471K(21504K)], 0.0505390 secs] [Times: user=0.36 sys=0.00, real=0.05 secs] 
82.521: Total time for which application threads were stopped: 0.0509250 seconds, Stopping threads took: 0.0000070 seconds
82.521: Application time: 0.0000500 seconds
82.521: [Full GC [PSYoungGen: 69119K->69119K(80384K)] [ParOldGen: 182748K->182748K(182784K)] 251868K->251868K(263168K) [PSPermGen: 13471K->13471K(21504K)], 0.0505730 secs] [Times: user=0.35 sys=0.00, real=0.05 secs] 
82.572: Total time for which application threads were stopped: 0.0509620 seconds, Stopping threads took: 0.0000080 seconds
82.572: Application time: 0.0000270 seconds
82.572: [Full GC [PSYoungGen: 69119K->69119K(80384K)] [ParOldGen: 182748K->182748K(182784K)] 251868K->251868K(263168K) [PSPermGen: 13471K->13471K(21504K)], 0.0528530 secs] [Times: user=0.37 sys=0.00, real=0.05 secs] 
82.625: Total time for which application threads were stopped: 0.0532460 seconds, Stopping threads took: 0.0000150 seconds
82.625: Application time: 0.0000490 seconds
82.626: [Full GC [PSYoungGen: 69119K->69119K(80384K)] [ParOldGen: 182750K->182748K(182784K)] 251870K->251868K(263168K) [PSPermGen: 13471K->13471K(21504K)], 0.0505210 secs] [Times: user=0.35 sys=0.00, real=0.05 secs] 
82.676: Total time for which application threads were stopped: 0.0509180 seconds, Stopping threads took: 0.0000070 seconds
82.676: Application time: 0.0000290 seconds
82.677: [Full GC [PSYoungGen: 69120K->69119K(80384K)] [ParOldGen: 182748K->182748K(182784K)] 251868K->251868K(263168K) [PSPermGen: 13471K->13471K(21504K)], 0.0503040 secs] [Times: user=0.35 sys=0.00, real=0.04 secs] 
82.727: Total time for which application threads were stopped: 0.0507020 seconds, Stopping threads took: 0.0000070 seconds
82.727: Application time: 0.0000420 seconds
82.727: [Full GC [PSYoungGen: 69120K->69119K(80384K)] [ParOldGen: 182748K->182748K(182784K)] 251868K->251868K(263168K) [PSPermGen: 13471K->13471K(21504K)], 0.0506260 secs] [Times: user=0.35 sys=0.00, real=0.06 secs] 
82.778: Total time for which application threads were stopped: 0.0510230 seconds, Stopping threads took: 0.0000130 seconds
82.778: Application time: 0.0000610 seconds
82.779: [Full GC [PSYoungGen: 69119K->69119K(80384K)] [ParOldGen: 182748K->182748K(182784K)] 251868K->251868K(263168K) [PSPermGen: 13471K->13471K(21504K)], 0.0532460 secs] [Times: user=0.37 sys=0.00, real=0.05 secs] 
82.832: Total time for which application threads were stopped: 0.0536350 seconds, Stopping threads took: 0.0000080 seconds
82.832: Application time: 0.0000810 seconds
82.832: [Full GC [PSYoungGen: 69119K->69118K(80384K)] [ParOldGen: 182750K->182749K(182784K)] 251870K->251867K(263168K) [PSPermGen: 13471K->13471K(21504K)], 0.0500560 secs] [Times: user=0.35 sys=0.00, real=0.05 secs] 
82.882: Total time for which application threads were stopped: 0.0504450 seconds, Stopping threads took: 0.0000080 seconds
82.882: Application time: 0.0000450 seconds
82.883: [Full GC [PSYoungGen: 69120K->69118K(80384K)] [ParOldGen: 182749K->182749K(182784K)] 251869K->251867K(263168K) [PSPermGen: 13471K->13471K(21504K)], 0.0509910 secs] [Times: user=0.35 sys=0.00, real=0.05 secs] 
82.934: Total time for which application threads were stopped: 0.0513820 seconds, Stopping threads took: 0.0000100 seconds
82.934: Application time: 0.0000370 seconds
82.934: [Full GC [PSYoungGen: 69120K->69118K(80384K)] [ParOldGen: 182749K->182749K(182784K)] 251869K->251867K(263168K) [PSPermGen: 13471K->13471K(21504K)], 0.0507310 secs] [Times: user=0.35 sys=0.00, real=0.05 secs] 
82.985: Total time for which application threads were stopped: 0.0511420 seconds, Stopping threads took: 0.0000110 seconds
82.985: Application time: 0.0000540 seconds
82.985: [Full GC [PSYoungGen: 69120K->69118K(80384K)] [ParOldGen: 182749K->182749K(182784K)] 251869K->251867K(263168K) [PSPermGen: 13471K->13471K(21504K)], 0.0537150 secs] [Times: user=0.37 sys=0.00, real=0.06 secs] 
83.039: Total time for which application threads were stopped: 0.0541090 seconds, Stopping threads took: 0.0000110 seconds
83.039: Application time: 0.0000910 seconds
83.040: [Full GC [PSYoungGen: 69120K->69119K(80384K)] [ParOldGen: 182749K->182749K(182784K)] 251869K->251868K(263168K) [PSPermGen: 13471K->13471K(21504K)], 0.0503670 secs] [Times: user=0.35 sys=0.00, real=0.05 secs] 
83.090: Total time for which application threads were stopped: 0.0507580 seconds, Stopping threads took: 0.0000070 seconds
83.090: Application time: 0.0000810 seconds
83.090: [Full GC [PSYoungGen: 69120K->69119K(80384K)] [ParOldGen: 182749K->182749K(182784K)] 251869K->251868K(263168K) [PSPermGen: 13471K->13471K(21504K)], 0.0521810 secs] [Times: user=0.37 sys=0.00, real=0.05 secs] 
83.143: Total time for which application threads were stopped: 0.0525740 seconds, Stopping threads took: 0.0000080 seconds
83.143: Application time: 0.0000320 seconds
83.143: [Full GC [PSYoungGen: 69120K->69119K(80384K)] [ParOldGen: 182749K->182749K(182784K)] 251869K->251868K(263168K) [PSPermGen: 13471K->13471K(21504K)], 0.0501800 secs] [Times: user=0.35 sys=0.00, real=0.05 secs] 
83.193: Total time for which application threads were stopped: 0.0505680 seconds, Stopping threads took: 0.0000070 seconds
83.193: Application time: 0.0000310 seconds
83.194: [Full GC [PSYoungGen: 69120K->69119K(80384K)] [ParOldGen: 182749K->182749K(182784K)] 251869K->251868K(263168K) [PSPermGen: 13471K->13471K(21504K)], 0.0506600 secs] [Times: user=0.35 sys=0.00, real=0.05 secs] 
83.244: Total time for which application threads were stopped: 0.0510620 seconds, Stopping threads took: 0.0000070 seconds
83.244: Application time: 0.0000350 seconds
83.245: [Full GC [PSYoungGen: 69120K->69119K(80384K)] [ParOldGen: 182749K->182749K(182784K)] 251869K->251868K(263168K) [PSPermGen: 13471K->13471K(21504K)], 0.0508190 secs] [Times: user=0.35 sys=0.00, real=0.05 secs] 
83.296: Total time for which application threads were stopped: 0.0512270 seconds, Stopping threads took: 0.0000180 seconds
83.296: Application time: 0.0000360 seconds
83.296: [Full GC [PSYoungGen: 69120K->69119K(80384K)] [ParOldGen: 182749K->182749K(182784K)] 251869K->251868K(263168K) [PSPermGen: 13471K->13471K(21504K)], 0.0505170 secs] [Times: user=0.35 sys=0.00, real=0.05 secs] 
83.347: Total time for which application threads were stopped: 0.0509120 seconds, Stopping threads took: 0.0000120 seconds
83.347: Application time: 0.0000360 seconds
83.347: [Full GC [PSYoungGen: 69120K->69119K(80384K)] [ParOldGen: 182749K->182749K(182784K)] 251869K->251868K(263168K) [PSPermGen: 13471K->13471K(21504K)], 0.0502850 secs] [Times: user=0.35 sys=0.00, real=0.06 secs] 
83.397: Total time for which application threads were stopped: 0.0506670 seconds, Stopping threads took: 0.0000080 seconds
83.397: Application time: 0.0000390 seconds
83.398: [Full GC [PSYoungGen: 69120K->69119K(80384K)] [ParOldGen: 182749K->182749K(182784K)] 251869K->251868K(263168K) [PSPermGen: 13471K->13471K(21504K)], 0.0509040 secs] [Times: user=0.36 sys=0.00, real=0.04 secs] 
83.449: Total time for which application threads were stopped: 0.0512990 seconds, Stopping threads took: 0.0000080 seconds
83.449: Application time: 0.0000340 seconds
83.449: [Full GC [PSYoungGen: 69120K->69119K(80384K)] [ParOldGen: 182749K->182749K(182784K)] 251869K->251868K(263168K) [PSPermGen: 13471K->13471K(21504K)], 0.0503740 secs] [Times: user=0.35 sys=0.00, real=0.05 secs] 
83.499: Total time for which application threads were stopped: 0.0507920 seconds, Stopping threads took: 0.0000120 seconds
83.499: Application time: 0.0000390 seconds
83.500: [Full GC [PSYoungGen: 69120K->69119K(80384K)] [ParOldGen: 182749K->182749K(182784K)] 251869K->251868K(263168K) [PSPermGen: 13471K->13471K(21504K)], 0.0529470 secs] [Times: user=0.37 sys=0.00, real=0.05 secs] 
83.553: Total time for which application threads were stopped: 0.0533370 seconds, Stopping threads took: 0.0000100 seconds
83.553: Application time: 0.0000310 seconds
83.553: [Full GC [PSYoungGen: 69120K->69119K(80384K)] [ParOldGen: 182749K->182749K(182784K)] 251869K->251868K(263168K) [PSPermGen: 13471K->13471K(21504K)], 0.0504560 secs] [Times: user=0.35 sys=0.00, real=0.05 secs] 
83.604: Total time for which application threads were stopped: 0.0508470 seconds, Stopping threads took: 0.0000100 seconds
83.604: Application time: 0.0000410 seconds
83.604: [Full GC [PSYoungGen: 69120K->69119K(80384K)] [ParOldGen: 182749K->182749K(182784K)] 251869K->251868K(263168K) [PSPermGen: 13471K->13471K(21504K)], 0.0506520 secs] [Times: user=0.35 sys=0.00, real=0.05 secs] 
83.655: Total time for which application threads were stopped: 0.0510370 seconds, Stopping threads took: 0.0000080 seconds
83.655: Application time: 0.0000530 seconds
83.655: [Full GC [PSYoungGen: 69120K->69118K(80384K)] [ParOldGen: 182749K->182748K(182784K)] 251869K->251867K(263168K) [PSPermGen: 13471K->13471K(21504K)], 0.0504090 secs] [Times: user=0.35 sys=0.00, real=0.05 secs] 
83.706: Total time for which application threads were stopped: 0.0508300 seconds, Stopping threads took: 0.0000410 seconds
83.706: Application time: 0.0000450 seconds
83.706: [Full GC [PSYoungGen: 69120K->69119K(80384K)] [ParOldGen: 182748K->182748K(182784K)] 251868K->251867K(263168K) [PSPermGen: 13471K->13471K(21504K)], 0.0507130 secs] [Times: user=0.35 sys=0.00, real=0.06 secs] 
83.757: Total time for which application threads were stopped: 0.0510960 seconds, Stopping threads took: 0.0000070 seconds
83.757: Application time: 0.0000520 seconds
83.757: [Full GC [PSYoungGen: 69120K->69119K(80384K)] [ParOldGen: 182748K->182748K(182784K)] 251868K->251867K(263168K) [PSPermGen: 13471K->13471K(21504K)], 0.0508060 secs] [Times: user=0.35 sys=0.00, real=0.04 secs] 
83.808: Total time for which application threads were stopped: 0.0511970 seconds, Stopping threads took: 0.0000110 seconds
83.808: Application time: 0.0000420 seconds
83.808: [Full GC [PSYoungGen: 69120K->69119K(80384K)] [ParOldGen: 182748K->182748K(182784K)] 251868K->251868K(263168K) [PSPermGen: 13471K->13471K(21504K)], 0.0534400 secs] [Times: user=0.38 sys=0.00, real=0.06 secs] 
83.862: Total time for which application threads were stopped: 0.0538320 seconds, Stopping threads took: 0.0000110 seconds
83.862: Application time: 0.0000450 seconds
83.862: [Full GC [PSYoungGen: 69120K->69119K(80384K)] [ParOldGen: 182748K->182748K(182784K)] 251868K->251868K(263168K) [PSPermGen: 13471K->13471K(21504K)], 0.0506590 secs] [Times: user=0.32 sys=0.03, real=0.05 secs] 
83.913: Total time for which application threads were stopped: 0.0510520 seconds, Stopping threads took: 0.0000110 seconds
83.913: Application time: 0.0000630 seconds
83.913: [Full GC [PSYoungGen: 69120K->69119K(80384K)] [ParOldGen: 182748K->182748K(182784K)] 251868K->251868K(263168K) [PSPermGen: 13471K->13471K(21504K)], 0.0522370 secs] [Times: user=0.36 sys=0.00, real=0.05 secs] 
83.966: Total time for which application threads were stopped: 0.0526220 seconds, Stopping threads took: 0.0000080 seconds
83.966: Application time: 0.0000430 seconds
83.966: [Full GC [PSYoungGen: 69120K->69119K(80384K)] [ParOldGen: 182748K->182748K(182784K)] 251868K->251868K(263168K) [PSPermGen: 13471K->13471K(21504K)], 0.0504130 secs] [Times: user=0.35 sys=0.00, real=0.05 secs] 
84.017: Total time for which application threads were stopped: 0.0508390 seconds, Stopping threads took: 0.0000130 seconds
84.017: Application time: 0.0000800 seconds
84.017: [Full GC [PSYoungGen: 69120K->69119K(80384K)] [ParOldGen: 182748K->182748K(182784K)] 251868K->251868K(263168K) [PSPermGen: 13471K->13471K(21504K)], 0.0507960 secs] [Times: user=0.34 sys=0.01, real=0.04 secs] 
84.068: Total time for which application threads were stopped: 0.0511890 seconds, Stopping threads took: 0.0000070 seconds
84.068: Application time: 0.0000460 seconds
84.068: [Full GC [PSYoungGen: 69120K->69119K(80384K)] [ParOldGen: 182748K->182748K(182784K)] 251868K->251867K(263168K) [PSPermGen: 13471K->13471K(21504K)], 0.0502660 secs] [Times: user=0.35 sys=0.00, real=0.06 secs] 
84.119: Total time for which application threads were stopped: 0.0506750 seconds, Stopping threads took: 0.0000240 seconds
84.119: Application time: 0.0000330 seconds
84.119: [Full GC [PSYoungGen: 69120K->69119K(80384K)] [ParOldGen: 182748K->182748K(182784K)] 251868K->251868K(263168K) [PSPermGen: 13471K->13471K(21504K)], 0.0534940 secs] [Times: user=0.38 sys=0.00, real=0.05 secs] 
84.173: Total time for which application threads were stopped: 0.0538900 seconds, Stopping threads took: 0.0000100 seconds
84.173: Application time: 0.0000660 seconds
84.173: [Full GC [PSYoungGen: 69120K->69119K(80384K)] [ParOldGen: 182748K->182748K(182784K)] 251868K->251868K(263168K) [PSPermGen: 13471K->13471K(21504K)], 0.0502890 secs] [Times: user=0.34 sys=0.00, real=0.05 secs] 
84.223: Total time for which application threads were stopped: 0.0506830 seconds, Stopping threads took: 0.0000090 seconds
84.223: Application time: 0.0000370 seconds
84.224: [Full GC [PSYoungGen: 69120K->69119K(80384K)] [ParOldGen: 182748K->182748K(182784K)] 251868K->251867K(263168K) [PSPermGen: 13471K->13471K(21504K)], 0.0504750 secs] [Times: user=0.35 sys=0.00, real=0.05 secs] 
84.274: Total time for which application threads were stopped: 0.0508720 seconds, Stopping threads took: 0.0000120 seconds
84.274: Application time: 0.0000560 seconds
84.275: [Full GC [PSYoungGen: 69120K->69119K(80384K)] [ParOldGen: 182748K->182748K(182784K)] 251868K->251868K(263168K) [PSPermGen: 13471K->13471K(21504K)], 0.0505180 secs] [Times: user=0.35 sys=0.00, real=0.05 secs] 
84.325: Total time for which application threads were stopped: 0.0509250 seconds, Stopping threads took: 0.0000080 seconds
84.325: Application time: 0.0000780 seconds
84.326: [Full GC [PSYoungGen: 69120K->69119K(80384K)] [ParOldGen: 182748K->182748K(182784K)] 251868K->251868K(263168K) [PSPermGen: 13471K->13471K(21504K)], 0.0510080 secs] [Times: user=0.35 sys=0.01, real=0.06 secs] 
84.377: Total time for which application threads were stopped: 0.0514040 seconds, Stopping threads took: 0.0000090 seconds
84.377: Application time: 0.0000380 seconds
84.377: [Full GC [PSYoungGen: 69120K->69119K(80384K)] [ParOldGen: 182748K->182748K(182784K)] 251868K->251868K(263168K) [PSPermGen: 13471K->13471K(21504K)], 0.0507040 secs] [Times: user=0.35 sys=0.00, real=0.04 secs] 
84.428: Total time for which application threads were stopped: 0.0510960 seconds, Stopping threads took: 0.0000090 seconds
84.428: Application time: 0.0000420 seconds
84.428: [Full GC [PSYoungGen: 69120K->69119K(80384K)] [ParOldGen: 182748K->182748K(182784K)] 251868K->251867K(263168K) [PSPermGen: 13471K->13471K(21504K)], 0.0506480 secs] [Times: user=0.35 sys=0.00, real=0.06 secs] 
84.479: Total time for which application threads were stopped: 0.0510590 seconds, Stopping threads took: 0.0000090 seconds
84.479: Application time: 0.0000390 seconds
84.479: [Full GC [PSYoungGen: 69120K->69119K(80384K)] [ParOldGen: 182748K->182748K(182784K)] 251868K->251867K(263168K) [PSPermGen: 13471K->13471K(21504K)], 0.0503910 secs] [Times: user=0.35 sys=0.00, real=0.05 secs] 
84.530: Total time for which application threads were stopped: 0.0508020 seconds, Stopping threads took: 0.0000080 seconds
84.530: Application time: 0.0000430 seconds
84.530: [Full GC [PSYoungGen: 69120K->69119K(80384K)] [ParOldGen: 182748K->182748K(182784K)] 251868K->251868K(263168K) [PSPermGen: 13471K->13471K(21504K)], 0.0523540 secs] [Times: user=0.37 sys=0.00, real=0.05 secs] 
84.583: Total time for which application threads were stopped: 0.0527450 seconds, Stopping threads took: 0.0000130 seconds
84.583: Application time: 0.0000480 seconds
84.583: [Full GC [PSYoungGen: 69120K->69119K(80384K)] [ParOldGen: 182748K->182748K(182784K)] 251868K->251868K(263168K) [PSPermGen: 13471K->13471K(21504K)], 0.0506300 secs] [Times: user=0.35 sys=0.00, real=0.05 secs] 
84.634: Total time for which application threads were stopped: 0.0510180 seconds, Stopping threads took: 0.0000080 seconds
84.634: Application time: 0.0000460 seconds
84.634: [Full GC [PSYoungGen: 69120K->69119K(80384K)] [ParOldGen: 182748K->182748K(182784K)] 251868K->251867K(263168K) [PSPermGen: 13471K->13471K(21504K)], 0.0504370 secs] [Times: user=0.35 sys=0.00, real=0.05 secs] 
84.684: Total time for which application threads were stopped: 0.0508290 seconds, Stopping threads took: 0.0000120 seconds
84.685: Application time: 0.0000320 seconds
84.685: [Full GC [PSYoungGen: 69120K->69119K(80384K)] [ParOldGen: 182748K->182748K(182784K)] 251868K->251867K(263168K) [PSPermGen: 13471K->13471K(21504K)], 0.0507960 secs] [Times: user=0.35 sys=0.00, real=0.05 secs] 
84.736: Total time for which application threads were stopped: 0.0512010 seconds, Stopping threads took: 0.0000110 seconds
84.736: Application time: 0.0000810 seconds
84.736: [Full GC [PSYoungGen: 69120K->69119K(80384K)] [ParOldGen: 182748K->182748K(182784K)] 251868K->251867K(263168K) [PSPermGen: 13471K->13471K(21504K)], 0.0532150 secs] [Times: user=0.37 sys=0.00, real=0.06 secs] 
84.789: Total time for which application threads were stopped: 0.0536040 seconds, Stopping threads took: 0.0000070 seconds
84.789: Application time: 0.0000480 seconds
84.790: [Full GC [PSYoungGen: 69120K->69119K(80384K)] [ParOldGen: 182748K->182748K(182784K)] 251868K->251867K(263168K) [PSPermGen: 13471K->13471K(21504K)], 0.0504590 secs] [Times: user=0.35 sys=0.00, real=0.05 secs] 
84.840: Total time for which application threads were stopped: 0.0508550 seconds, Stopping threads took: 0.0000080 seconds
84.840: Application time: 0.0000430 seconds
84.841: [Full GC [PSYoungGen: 69120K->69119K(80384K)] [ParOldGen: 182748K->182748K(182784K)] 251868K->251867K(263168K) [PSPermGen: 13471K->13471K(21504K)], 0.0524590 secs] [Times: user=0.36 sys=0.00, real=0.05 secs] 
84.893: Total time for which application threads were stopped: 0.0528680 seconds, Stopping threads took: 0.0000080 seconds
84.893: Application time: 0.0000350 seconds
84.894: [Full GC [PSYoungGen: 69120K->69119K(80384K)] [ParOldGen: 182748K->182748K(182784K)] 251868K->251867K(263168K) [PSPermGen: 13471K->13471K(21504K)], 0.0505920 secs] [Times: user=0.35 sys=0.00, real=0.05 secs] 
84.944: Total time for which application threads were stopped: 0.0509920 seconds, Stopping threads took: 0.0000080 seconds
84.944: Application time: 0.0000500 seconds
84.945: [Full GC [PSYoungGen: 69120K->69119K(80384K)] [ParOldGen: 182748K->182748K(182784K)] 251868K->251867K(263168K) [PSPermGen: 13471K->13471K(21504K)], 0.0504380 secs] [Times: user=0.35 sys=0.00, real=0.05 secs] 
84.995: Total time for which application threads were stopped: 0.0508400 seconds, Stopping threads took: 0.0000080 seconds
84.995: Application time: 0.0000330 seconds
84.996: [Full GC [PSYoungGen: 69120K->69119K(80384K)] [ParOldGen: 182748K->182748K(182784K)] 251868K->251867K(263168K) [PSPermGen: 13471K->13471K(21504K)], 0.0502860 secs] [Times: user=0.35 sys=0.00, real=0.05 secs] 
85.046: Total time for which application threads were stopped: 0.0506960 seconds, Stopping threads took: 0.0000100 seconds
85.046: Application time: 0.0000430 seconds
85.046: [Full GC [PSYoungGen: 69120K->69119K(80384K)] [ParOldGen: 182748K->182748K(182784K)] 251868K->251867K(263168K) [PSPermGen: 13471K->13471K(21504K)], 0.0506420 secs] [Times: user=0.35 sys=0.00, real=0.06 secs] 
85.097: Total time for which application threads were stopped: 0.0510250 seconds, Stopping threads took: 0.0000070 seconds
85.097: Application time: 0.0000540 seconds
85.097: [Full GC [PSYoungGen: 69120K->69119K(80384K)] [ParOldGen: 182748K->182748K(182784K)] 251868K->251867K(263168K) [PSPermGen: 13471K->13471K(21504K)], 0.0505660 secs] [Times: user=0.35 sys=0.00, real=0.04 secs] 
85.148: Total time for which application threads were stopped: 0.0509620 seconds, Stopping threads took: 0.0000130 seconds
85.148: Application time: 0.0000440 seconds
85.148: [Full GC [PSYoungGen: 69120K->69119K(80384K)] [ParOldGen: 182748K->182748K(182784K)] 251868K->251867K(263168K) [PSPermGen: 13471K->13471K(21504K)], 0.0535870 secs] [Times: user=0.38 sys=0.00, real=0.06 secs] 
85.202: Total time for which application threads were stopped: 0.0539710 seconds, Stopping threads took: 0.0000070 seconds
85.202: Application time: 0.0000400 seconds
85.202: [Full GC [PSYoungGen: 69120K->69119K(80384K)] [ParOldGen: 182748K->182748K(182784K)] 251868K->251867K(263168K) [PSPermGen: 13471K->13471K(21504K)], 0.0504120 secs] [Times: user=0.35 sys=0.00, real=0.05 secs] 
85.253: Total time for which application threads were stopped: 0.0508030 seconds, Stopping threads took: 0.0000100 seconds
85.253: Application time: 0.0000480 seconds
85.253: [Full GC [PSYoungGen: 69120K->69119K(80384K)] [ParOldGen: 182748K->182748K(182784K)] 251868K->251867K(263168K) [PSPermGen: 13471K->13471K(21504K)], 0.0522030 secs] [Times: user=0.36 sys=0.00, real=0.05 secs] 
85.305: Total time for which application threads were stopped: 0.0525940 seconds, Stopping threads took: 0.0000110 seconds
85.306: Application time: 0.0000530 seconds
85.306: [Full GC [PSYoungGen: 69120K->69119K(80384K)] [ParOldGen: 182748K->182748K(182784K)] 251868K->251868K(263168K) [PSPermGen: 13471K->13471K(21504K)], 0.0505750 secs] [Times: user=0.35 sys=0.00, real=0.05 secs] 
85.356: Total time for which application threads were stopped: 0.0509630 seconds, Stopping threads took: 0.0000080 seconds
85.357: Application time: 0.0000390 seconds
85.357: [Full GC [PSYoungGen: 69119K->69119K(80384K)] [ParOldGen: 182748K->182748K(182784K)] 251868K->251867K(263168K) [PSPermGen: 13471K->13471K(21504K)], 0.0505350 secs] [Times: user=0.35 sys=0.00, real=0.04 secs] 
85.407: Total time for which application threads were stopped: 0.0509320 seconds, Stopping threads took: 0.0000080 seconds
85.408: Application time: 0.0000820 seconds
85.408: [Full GC [PSYoungGen: 69120K->69119K(80384K)] [ParOldGen: 182748K->182748K(182784K)] 251868K->251867K(263168K) [PSPermGen: 13471K->13471K(21504K)], 0.0529280 secs] [Times: user=0.37 sys=0.00, real=0.06 secs] 
85.461: Total time for which application threads were stopped: 0.0533210 seconds, Stopping threads took: 0.0000120 seconds
85.461: Application time: 0.0000350 seconds
85.461: [Full GC [PSYoungGen: 69120K->69119K(80384K)] [ParOldGen: 182748K->182748K(182784K)] 251868K->251868K(263168K) [PSPermGen: 13471K->13471K(21504K)], 0.0503300 secs] [Times: user=0.35 sys=0.01, real=0.05 secs] 
85.512: Total time for which application threads were stopped: 0.0507160 seconds, Stopping threads took: 0.0000080 seconds
85.512: Application time: 0.0000330 seconds
85.512: [Full GC [PSYoungGen: 69120K->69119K(80384K)] [ParOldGen: 182748K->182748K(182784K)] 251868K->251867K(263168K) [PSPermGen: 13471K->13471K(21504K)], 0.0509040 secs] [Times: user=0.35 sys=0.00, real=0.05 secs] 
85.563: Total time for which application threads were stopped: 0.0513170 seconds, Stopping threads took: 0.0000130 seconds
85.563: Application time: 0.0000400 seconds
85.563: [Full GC [PSYoungGen: 69120K->69119K(80384K)] [ParOldGen: 182748K->182747K(182784K)] 251868K->251867K(263168K) [PSPermGen: 13471K->13471K(21504K)], 0.0506850 secs] [Times: user=0.35 sys=0.00, real=0.05 secs] 
85.614: Total time for which application threads were stopped: 0.0510700 seconds, Stopping threads took: 0.0000080 seconds
85.614: Application time: 0.0000580 seconds
85.614: [Full GC [PSYoungGen: 69120K->69119K(80384K)] [ParOldGen: 182747K->182747K(182784K)] 251867K->251867K(263168K) [PSPermGen: 13471K->13471K(21504K)], 0.0503860 secs] [Times: user=0.35 sys=0.00, real=0.05 secs] 
85.665: Total time for which application threads were stopped: 0.0507730 seconds, Stopping threads took: 0.0000080 seconds
85.665: Application time: 0.0000630 seconds
85.665: [Full GC [PSYoungGen: 69120K->69119K(80384K)] [ParOldGen: 182747K->182747K(182784K)] 251867K->251867K(263168K) [PSPermGen: 13471K->13471K(21504K)], 0.0502390 secs] [Times: user=0.35 sys=0.00, real=0.05 secs] 
85.716: Total time for which application threads were stopped: 0.0506370 seconds, Stopping threads took: 0.0000080 seconds
85.716: Application time: 0.0000400 seconds
85.716: [Full GC [PSYoungGen: 69120K->69119K(80384K)] [ParOldGen: 182747K->182747K(182784K)] 251867K->251867K(263168K) [PSPermGen: 13471K->13471K(21504K)], 0.0508760 secs] [Times: user=0.35 sys=0.00, real=0.05 secs] 
85.767: Total time for which application threads were stopped: 0.0512620 seconds, Stopping threads took: 0.0000060 seconds
85.767: Application time: 0.0000550 seconds
85.767: [Full GC [PSYoungGen: 69120K->69119K(80384K)] [ParOldGen: 182747K->182747K(182784K)] 251867K->251867K(263168K) [PSPermGen: 13471K->13471K(21504K)], 0.0508070 secs] [Times: user=0.35 sys=0.00, real=0.06 secs] 
85.818: Total time for which application threads were stopped: 0.0512120 seconds, Stopping threads took: 0.0000090 seconds
85.818: Application time: 0.0000470 seconds
85.819: [Full GC [PSYoungGen: 69120K->69119K(80384K)] [ParOldGen: 182747K->182747K(182784K)] 251867K->251867K(263168K) [PSPermGen: 13471K->13471K(21504K)], 0.0514690 secs] [Times: user=0.35 sys=0.00, real=0.05 secs] 
85.870: Total time for which application threads were stopped: 0.0518610 seconds, Stopping threads took: 0.0000080 seconds
85.870: Application time: 0.0000350 seconds
85.870: [Full GC [PSYoungGen: 69120K->69119K(80384K)] [ParOldGen: 182747K->182747K(182784K)] 251867K->251867K(263168K) [PSPermGen: 13471K->13471K(21504K)], 0.0542010 secs] [Times: user=0.38 sys=0.00, real=0.05 secs] 
85.925: Total time for which application threads were stopped: 0.0545950 seconds, Stopping threads took: 0.0000100 seconds
85.925: Application time: 0.0000420 seconds
85.925: [Full GC [PSYoungGen: 69120K->69119K(80384K)] [ParOldGen: 182747K->182747K(182784K)] 251867K->251867K(263168K) [PSPermGen: 13471K->13471K(21504K)], 0.0504360 secs] [Times: user=0.35 sys=0.00, real=0.05 secs] 
85.976: Total time for which application threads were stopped: 0.0508350 seconds, Stopping threads took: 0.0000080 seconds
85.976: Application time: 0.0000400 seconds
85.976: [Full GC [PSYoungGen: 69120K->69119K(80384K)] [ParOldGen: 182747K->182747K(182784K)] 251867K->251867K(263168K) [PSPermGen: 13471K->13471K(21504K)], 0.0500720 secs] [Times: user=0.35 sys=0.00, real=0.05 secs] 
86.026: Total time for which application threads were stopped: 0.0504610 seconds, Stopping threads took: 0.0000110 seconds
86.026: Application time: 0.0000360 seconds
86.026: [Full GC [PSYoungGen: 69120K->69119K(80384K)] [ParOldGen: 182747K->182747K(182784K)] 251867K->251867K(263168K) [PSPermGen: 13471K->13471K(21504K)], 0.0527660 secs] [Times: user=0.37 sys=0.00, real=0.06 secs] 
86.079: Total time for which application threads were stopped: 0.0531900 seconds, Stopping threads took: 0.0000120 seconds
86.079: Application time: 0.0000450 seconds
86.080: [Full GC [PSYoungGen: 69120K->69119K(80384K)] [ParOldGen: 182747K->182747K(182784K)] 251867K->251867K(263168K) [PSPermGen: 13471K->13471K(21504K)], 0.0501050 secs] [Times: user=0.35 sys=0.00, real=0.05 secs] 
86.130: Total time for which application threads were stopped: 0.0504900 seconds, Stopping threads took: 0.0000070 seconds
86.130: Application time: 0.0000520 seconds
86.130: [Full GC [PSYoungGen: 69120K->69119K(80384K)] [ParOldGen: 182747K->182747K(182784K)] 251867K->251867K(263168K) [PSPermGen: 13471K->13471K(21504K)], 0.0506780 secs] [Times: user=0.35 sys=0.00, real=0.05 secs] 
86.181: Total time for which application threads were stopped: 0.0510670 seconds, Stopping threads took: 0.0000090 seconds
86.181: Application time: 0.0000360 seconds
86.181: [Full GC [PSYoungGen: 69120K->69120K(80384K)] [ParOldGen: 182747K->182747K(182784K)] 251867K->251867K(263168K) [PSPermGen: 13471K->13471K(21504K)], 0.0507680 secs] [Times: user=0.35 sys=0.00, real=0.05 secs] 
86.232: Total time for which application threads were stopped: 0.0511650 seconds, Stopping threads took: 0.0000080 seconds
86.232: Application time: 0.0000690 seconds
86.233: [Full GC [PSYoungGen: 69120K->69119K(80384K)] [ParOldGen: 182750K->182748K(182784K)] 251870K->251867K(263168K) [PSPermGen: 13471K->13471K(21504K)], 0.0507490 secs] [Times: user=0.35 sys=0.00, real=0.05 secs] 
86.283: Total time for which application threads were stopped: 0.0511470 seconds, Stopping threads took: 0.0000080 seconds
86.283: Application time: 0.0000340 seconds
86.284: [Full GC [PSYoungGen: 69120K->69119K(80384K)] [ParOldGen: 182748K->182748K(182784K)] 251868K->251868K(263168K) [PSPermGen: 13471K->13471K(21504K)], 0.0507490 secs] [Times: user=0.35 sys=0.00, real=0.05 secs] 
86.335: Total time for which application threads were stopped: 0.0511420 seconds, Stopping threads took: 0.0000130 seconds
86.335: Application time: 0.0000320 seconds
86.335: [Full GC [PSYoungGen: 69120K->69119K(80384K)] [ParOldGen: 182748K->182748K(182784K)] 251868K->251868K(263168K) [PSPermGen: 13471K->13471K(21504K)], 0.0506280 secs] [Times: user=0.35 sys=0.00, real=0.05 secs] 
86.386: Total time for which application threads were stopped: 0.0510200 seconds, Stopping threads took: 0.0000120 seconds
86.386: Application time: 0.0000500 seconds
86.386: [Full GC [PSYoungGen: 69120K->69119K(80384K)] [ParOldGen: 182748K->182748K(182784K)] 251868K->251868K(263168K) [PSPermGen: 13471K->13471K(21504K)], 0.0501410 secs] [Times: user=0.35 sys=0.00, real=0.05 secs] 
86.436: Total time for which application threads were stopped: 0.0505330 seconds, Stopping threads took: 0.0000090 seconds
86.436: Application time: 0.0000360 seconds
86.437: [Full GC [PSYoungGen: 69120K->69119K(80384K)] [ParOldGen: 182748K->182748K(182784K)] 251868K->251868K(263168K) [PSPermGen: 13471K->13471K(21504K)], 0.0503180 secs] [Times: user=0.35 sys=0.00, real=0.04 secs] 
86.487: Total time for which application threads were stopped: 0.0507160 seconds, Stopping threads took: 0.0000120 seconds
86.487: Application time: 0.0000500 seconds
86.487: [Full GC [PSYoungGen: 69120K->69119K(80384K)] [ParOldGen: 182748K->182748K(182784K)] 251868K->251868K(263168K) [PSPermGen: 13471K->13471K(21504K)], 0.0509210 secs] [Times: user=0.35 sys=0.01, real=0.06 secs] 
86.538: Total time for which application threads were stopped: 0.0513250 seconds, Stopping threads took: 0.0000080 seconds
86.538: Application time: 0.0000500 seconds
86.539: [Full GC [PSYoungGen: 69120K->69119K(80384K)] [ParOldGen: 182748K->182748K(182784K)] 251868K->251868K(263168K) [PSPermGen: 13471K->13471K(21504K)], 0.0505960 secs] [Times: user=0.35 sys=0.00, real=0.05 secs] 
86.589: Total time for which application threads were stopped: 0.0510040 seconds, Stopping threads took: 0.0000060 seconds
86.589: Application time: 0.0000470 seconds
86.590: [Full GC [PSYoungGen: 69120K->69119K(80384K)] [ParOldGen: 182748K->182748K(182784K)] 251868K->251868K(263168K) [PSPermGen: 13471K->13471K(21504K)], 0.0501960 secs] [Times: user=0.35 sys=0.00, real=0.05 secs] 
86.640: Total time for which application threads were stopped: 0.0505800 seconds, Stopping threads took: 0.0000070 seconds
86.640: Application time: 0.0000430 seconds
86.640: [Full GC [PSYoungGen: 69120K->69119K(80384K)] [ParOldGen: 182748K->182748K(182784K)] 251868K->251868K(263168K) [PSPermGen: 13471K->13471K(21504K)], 0.0504570 secs] [Times: user=0.35 sys=0.00, real=0.05 secs] 
86.691: Total time for which application threads were stopped: 0.0508430 seconds, Stopping threads took: 0.0000100 seconds
86.691: Application time: 0.0000370 seconds
86.691: [Full GC [PSYoungGen: 69120K->69119K(80384K)] [ParOldGen: 182748K->182748K(182784K)] 251868K->251868K(263168K) [PSPermGen: 13471K->13471K(21504K)], 0.0534050 secs] [Times: user=0.37 sys=0.00, real=0.05 secs] 
86.745: Total time for which application threads were stopped: 0.0538040 seconds, Stopping threads took: 0.0000130 seconds
86.745: Application time: 0.0000390 seconds
86.745: [Full GC [PSYoungGen: 69120K->69119K(80384K)] [ParOldGen: 182748K->182748K(182784K)] 251868K->251868K(263168K) [PSPermGen: 13471K->13471K(21504K)], 0.0506960 secs] [Times: user=0.35 sys=0.00, real=0.05 secs] 
86.796: Total time for which application threads were stopped: 0.0510880 seconds, Stopping threads took: 0.0000070 seconds
86.796: Application time: 0.0000690 seconds
86.796: [Full GC [PSYoungGen: 69120K->69119K(80384K)] [ParOldGen: 182748K->182748K(182784K)] 251868K->251868K(263168K) [PSPermGen: 13471K->13471K(21504K)], 0.0503940 secs] [Times: user=0.35 sys=0.00, real=0.05 secs] 
86.847: Total time for which application threads were stopped: 0.0507840 seconds, Stopping threads took: 0.0000080 seconds
86.847: Application time: 0.0000300 seconds
86.847: [Full GC [PSYoungGen: 69120K->69119K(80384K)] [ParOldGen: 182748K->182748K(182784K)] 251868K->251868K(263168K) [PSPermGen: 13471K->13471K(21504K)], 0.0507840 secs] [Times: user=0.34 sys=0.00, real=0.06 secs] 
86.898: Total time for which application threads were stopped: 0.0511730 seconds, Stopping threads took: 0.0000120 seconds
86.898: Application time: 0.0000270 seconds
86.898: [Full GC [PSYoungGen: 69119K->69119K(80384K)] [ParOldGen: 182748K->182748K(182784K)] 251868K->251868K(263168K) [PSPermGen: 13471K->13471K(21504K)], 0.0504460 secs] [Times: user=0.35 sys=0.00, real=0.05 secs] 
86.949: Total time for which application threads were stopped: 0.0508450 seconds, Stopping threads took: 0.0000130 seconds
86.949: Application time: 0.0000700 seconds
86.949: [Full GC [PSYoungGen: 69120K->69119K(80384K)] [ParOldGen: 182750K->182748K(182784K)] 251870K->251868K(263168K) [PSPermGen: 13471K->13471K(21504K)], 0.0509000 secs] [Times: user=0.35 sys=0.00, real=0.05 secs] 
87.000: Total time for which application threads were stopped: 0.0512960 seconds, Stopping threads took: 0.0000080 seconds
87.000: Application time: 0.0000310 seconds
87.001: [Full GC [PSYoungGen: 69120K->69119K(80384K)] [ParOldGen: 182748K->182748K(182784K)] 251868K->251868K(263168K) [PSPermGen: 13471K->13471K(21504K)], 0.0506080 secs] [Times: user=0.35 sys=0.00, real=0.05 secs] 
87.051: Total time for which application threads were stopped: 0.0509970 seconds, Stopping threads took: 0.0000090 seconds
87.051: Application time: 0.0000330 seconds
87.052: [Full GC [PSYoungGen: 69120K->69119K(80384K)] [ParOldGen: 182748K->182748K(182784K)] 251868K->251868K(263168K) [PSPermGen: 13471K->13471K(21504K)], 0.0533670 secs] [Times: user=0.37 sys=0.00, real=0.05 secs] 
87.105: Total time for which application threads were stopped: 0.0537930 seconds, Stopping threads took: 0.0000110 seconds
87.105: Application time: 0.0000440 seconds
87.105: [Full GC [PSYoungGen: 69120K->69119K(80384K)] [ParOldGen: 182748K->182748K(182784K)] 251868K->251868K(263168K) [PSPermGen: 13471K->13471K(21504K)], 0.0507090 secs] [Times: user=0.35 sys=0.00, real=0.05 secs] 
87.156: Total time for which application threads were stopped: 0.0511000 seconds, Stopping threads took: 0.0000080 seconds
87.156: Application time: 0.0000300 seconds
87.157: [Full GC [PSYoungGen: 69120K->69119K(80384K)] [ParOldGen: 182748K->182748K(182784K)] 251868K->251868K(263168K) [PSPermGen: 13471K->13471K(21504K)], 0.0535530 secs] [Times: user=0.37 sys=0.00, real=0.06 secs] 
87.210: Total time for which application threads were stopped: 0.0539390 seconds, Stopping threads took: 0.0000070 seconds
87.210: Application time: 0.0000370 seconds
87.211: [Full GC [PSYoungGen: 69119K->69119K(80384K)] [ParOldGen: 182748K->182748K(182784K)] 251868K->251868K(263168K) [PSPermGen: 13471K->13471K(21504K)], 0.0525840 secs] [Times: user=0.37 sys=0.00, real=0.05 secs] 
87.263: Total time for which application threads were stopped: 0.0529720 seconds, Stopping threads took: 0.0000070 seconds
87.263: Application time: 0.0000670 seconds
87.264: [Full GC [PSYoungGen: 69119K->69119K(80384K)] [ParOldGen: 182750K->182749K(182784K)] 251870K->251868K(263168K) [PSPermGen: 13471K->13471K(21504K)], 0.0504380 secs] [Times: user=0.35 sys=0.00, real=0.05 secs] 
87.314: Total time for which application threads were stopped: 0.0508250 seconds, Stopping threads took: 0.0000070 seconds
87.314: Application time: 0.0000350 seconds
87.314: [Full GC [PSYoungGen: 69120K->69119K(80384K)] [ParOldGen: 182749K->182749K(182784K)] 251869K->251868K(263168K) [PSPermGen: 13471K->13471K(21504K)], 0.0528880 secs] [Times: user=0.37 sys=0.00, real=0.05 secs] 
87.367: Total time for which application threads were stopped: 0.0532790 seconds, Stopping threads took: 0.0000070 seconds
87.367: Application time: 0.0000330 seconds
87.368: [Full GC [PSYoungGen: 69120K->69119K(80384K)] [ParOldGen: 182749K->182749K(182784K)] 251869K->251868K(263168K) [PSPermGen: 13471K->13471K(21504K)], 0.0507540 secs] [Times: user=0.35 sys=0.00, real=0.06 secs] 
87.419: Total time for which application threads were stopped: 0.0511520 seconds, Stopping threads took: 0.0000140 seconds
87.419: Application time: 0.0000320 seconds
87.419: [Full GC [PSYoungGen: 69120K->69119K(80384K)] [ParOldGen: 182749K->182748K(182784K)] 251869K->251868K(263168K) [PSPermGen: 13471K->13471K(21504K)], 0.0504090 secs] [Times: user=0.35 sys=0.00, real=0.05 secs] 
87.469: Total time for which application threads were stopped: 0.0508010 seconds, Stopping threads took: 0.0000140 seconds
87.469: Application time: 0.0000320 seconds
87.470: [Full GC [PSYoungGen: 69120K->69119K(80384K)] [ParOldGen: 182748K->182748K(182784K)] 251868K->251868K(263168K) [PSPermGen: 13471K->13471K(21504K)], 0.0518100 secs] [Times: user=0.36 sys=0.00, real=0.05 secs] 
87.522: Total time for which application threads were stopped: 0.0522030 seconds, Stopping threads took: 0.0000080 seconds
87.522: Application time: 0.0000330 seconds
87.522: [Full GC [PSYoungGen: 69120K->69119K(80384K)] [ParOldGen: 182748K->182748K(182784K)] 251868K->251868K(263168K) [PSPermGen: 13471K->13471K(21504K)], 0.0502840 secs] [Times: user=0.35 sys=0.00, real=0.05 secs] 
87.572: Total time for which application threads were stopped: 0.0506710 seconds, Stopping threads took: 0.0000060 seconds
87.572: Application time: 0.0000520 seconds
87.573: [Full GC [PSYoungGen: 69120K->69119K(80384K)] [ParOldGen: 182748K->182748K(182784K)] 251868K->251868K(263168K) [PSPermGen: 13471K->13471K(21504K)], 0.0504090 secs] [Times: user=0.35 sys=0.00, real=0.05 secs] 
87.623: Total time for which application threads were stopped: 0.0508340 seconds, Stopping threads took: 0.0000080 seconds
87.623: Application time: 0.0000520 seconds
87.624: [Full GC [PSYoungGen: 69120K->69119K(80384K)] [ParOldGen: 182748K->182748K(182784K)] 251868K->251868K(263168K) [PSPermGen: 13471K->13471K(21504K)], 0.0505940 secs] [Times: user=0.35 sys=0.00, real=0.05 secs] 
87.674: Total time for which application threads were stopped: 0.0509830 seconds, Stopping threads took: 0.0000070 seconds
87.674: Application time: 0.0000360 seconds
87.675: [Full GC [PSYoungGen: 69120K->69119K(80384K)] [ParOldGen: 182748K->182748K(182784K)] 251868K->251868K(263168K) [PSPermGen: 13471K->13471K(21504K)], 0.0529020 secs] [Times: user=0.37 sys=0.00, real=0.05 secs] 
87.728: Total time for which application threads were stopped: 0.0532890 seconds, Stopping threads took: 0.0000070 seconds
87.728: Application time: 0.0000360 seconds
87.728: [Full GC [PSYoungGen: 69120K->69119K(80384K)] [ParOldGen: 182748K->182748K(182784K)] 251868K->251868K(263168K) [PSPermGen: 13471K->13471K(21504K)], 0.0501530 secs] [Times: user=0.35 sys=0.00, real=0.06 secs] 
87.778: Total time for which application threads were stopped: 0.0505550 seconds, Stopping threads took: 0.0000210 seconds
87.778: Application time: 0.0000420 seconds
87.779: [Full GC [PSYoungGen: 69120K->69119K(80384K)] [ParOldGen: 182748K->182748K(182784K)] 251868K->251868K(263168K) [PSPermGen: 13471K->13471K(21504K)], 0.0503890 secs] [Times: user=0.35 sys=0.00, real=0.05 secs] 
87.829: Total time for which application threads were stopped: 0.0507860 seconds, Stopping threads took: 0.0000080 seconds
87.829: Application time: 0.0000430 seconds
87.829: [Full GC [PSYoungGen: 69120K->69119K(80384K)] [ParOldGen: 182748K->182748K(182784K)] 251868K->251868K(263168K) [PSPermGen: 13471K->13471K(21504K)], 0.0532660 secs] [Times: user=0.37 sys=0.00, real=0.05 secs] 
87.883: Total time for which application threads were stopped: 0.0536570 seconds, Stopping threads took: 0.0000080 seconds
87.883: Application time: 0.0000510 seconds
87.883: [Full GC [PSYoungGen: 69120K->69119K(80384K)] [ParOldGen: 182748K->182748K(182784K)] 251868K->251868K(263168K) [PSPermGen: 13471K->13471K(21504K)], 0.0506930 secs] [Times: user=0.35 sys=0.00, real=0.05 secs] 
87.934: Total time for which application threads were stopped: 0.0510860 seconds, Stopping threads took: 0.0000080 seconds
87.934: Application time: 0.0000570 seconds
87.934: [Full GC [PSYoungGen: 69120K->69119K(80384K)] [ParOldGen: 182748K->182748K(182784K)] 251868K->251868K(263168K) [PSPermGen: 13471K->13471K(21504K)], 0.0526400 secs] [Times: user=0.37 sys=0.00, real=0.05 secs] 
87.987: Total time for which application threads were stopped: 0.0530270 seconds, Stopping threads took: 0.0000070 seconds
87.987: Application time: 0.0000330 seconds
87.987: [Full GC [PSYoungGen: 69120K->69119K(80384K)] [ParOldGen: 182748K->182748K(182784K)] 251868K->251868K(263168K) [PSPermGen: 13471K->13471K(21504K)], 0.0533330 secs] [Times: user=0.37 sys=0.00, real=0.06 secs] 
88.041: Total time for which application threads were stopped: 0.0537170 seconds, Stopping threads took: 0.0000070 seconds
88.041: Application time: 0.0000500 seconds
88.041: [Full GC [PSYoungGen: 69119K->69119K(80384K)] [ParOldGen: 182748K->182748K(182784K)] 251868K->251868K(263168K) [PSPermGen: 13471K->13471K(21504K)], 0.0504280 secs] [Times: user=0.35 sys=0.00, real=0.05 secs] 
88.092: Total time for which application threads were stopped: 0.0508160 seconds, Stopping threads took: 0.0000080 seconds
88.092: Application time: 0.0000600 seconds
88.092: [Full GC [PSYoungGen: 69120K->69119K(80384K)] [ParOldGen: 182751K->182749K(182784K)] 251871K->251869K(263168K) [PSPermGen: 13471K->13471K(21504K)], 0.0530320 secs] [Times: user=0.37 sys=0.00, real=0.05 secs] 
88.145: Total time for which application threads were stopped: 0.0534470 seconds, Stopping threads took: 0.0000090 seconds
88.145: Application time: 0.0000480 seconds
88.145: [Full GC [PSYoungGen: 69120K->69119K(80384K)] [ParOldGen: 182749K->182749K(182784K)] 251869K->251869K(263168K) [PSPermGen: 13471K->13471K(21504K)], 0.0505930 secs] [Times: user=0.35 sys=0.00, real=0.05 secs] 
88.196: Total time for which application threads were stopped: 0.0509970 seconds, Stopping threads took: 0.0000110 seconds
88.196: Application time: 0.0000360 seconds
88.197: [Full GC [PSYoungGen: 69120K->69119K(80384K)] [ParOldGen: 182749K->182749K(182784K)] 251869K->251869K(263168K) [PSPermGen: 13471K->13471K(21504K)], 0.0505050 secs] [Times: user=0.35 sys=0.00, real=0.05 secs] 
88.247: Total time for which application threads were stopped: 0.0509020 seconds, Stopping threads took: 0.0000160 seconds
88.247: Application time: 0.0000420 seconds
88.247: [Full GC [PSYoungGen: 69120K->69119K(80384K)] [ParOldGen: 182749K->182749K(182784K)] 251869K->251868K(263168K) [PSPermGen: 13471K->13471K(21504K)], 0.0504180 secs] [Times: user=0.35 sys=0.00, real=0.06 secs] 
88.298: Total time for which application threads were stopped: 0.0508130 seconds, Stopping threads took: 0.0000080 seconds
88.298: Application time: 0.0000340 seconds
88.298: [Full GC [PSYoungGen: 69120K->69119K(80384K)] [ParOldGen: 182749K->182749K(182784K)] 251869K->251868K(263168K) [PSPermGen: 13471K->13471K(21504K)], 0.0525700 secs] [Times: user=0.36 sys=0.00, real=0.05 secs] 
88.351: Total time for which application threads were stopped: 0.0529610 seconds, Stopping threads took: 0.0000070 seconds
88.351: Application time: 0.0000330 seconds
88.351: [Full GC [PSYoungGen: 69120K->69119K(80384K)] [ParOldGen: 182749K->182749K(182784K)] 251869K->251868K(263168K) [PSPermGen: 13471K->13471K(21504K)], 0.0504450 secs] [Times: user=0.36 sys=0.00, real=0.05 secs] 
88.402: Total time for which application threads were stopped: 0.0508300 seconds, Stopping threads took: 0.0000090 seconds
88.402: Application time: 0.0000500 seconds
88.402: [Full GC [PSYoungGen: 69120K->69119K(80384K)] [ParOldGen: 182749K->182749K(182784K)] 251869K->251868K(263168K) [PSPermGen: 13471K->13471K(21504K)], 0.0505240 secs] [Times: user=0.35 sys=0.00, real=0.05 secs] 
88.453: Total time for which application threads were stopped: 0.0509140 seconds, Stopping threads took: 0.0000080 seconds
88.453: Application time: 0.0000670 seconds
88.453: [Full GC [PSYoungGen: 69120K->69119K(80384K)] [ParOldGen: 182749K->182749K(182784K)] 251869K->251868K(263168K) [PSPermGen: 13471K->13471K(21504K)], 0.0506040 secs] [Times: user=0.35 sys=0.00, real=0.05 secs] 
88.504: Total time for which application threads were stopped: 0.0509960 seconds, Stopping threads took: 0.0000080 seconds
88.504: Application time: 0.0000370 seconds
88.504: [Full GC [PSYoungGen: 69120K->69119K(80384K)] [ParOldGen: 182749K->182749K(182784K)] 251869K->251868K(263168K) [PSPermGen: 13471K->13471K(21504K)], 0.0505140 secs] [Times: user=0.35 sys=0.00, real=0.05 secs] 
88.555: Total time for which application threads were stopped: 0.0509070 seconds, Stopping threads took: 0.0000120 seconds
88.555: Application time: 0.0000720 seconds
88.555: [Full GC [PSYoungGen: 69120K->69119K(80384K)] [ParOldGen: 182749K->182749K(182784K)] 251869K->251868K(263168K) [PSPermGen: 13471K->13471K(21504K)], 0.0505870 secs] [Times: user=0.35 sys=0.00, real=0.05 secs] 
88.606: Total time for which application threads were stopped: 0.0509800 seconds, Stopping threads took: 0.0000110 seconds
88.606: Application time: 0.0000340 seconds
88.606: [Full GC [PSYoungGen: 69120K->69119K(80384K)] [ParOldGen: 182749K->182749K(182784K)] 251869K->251869K(263168K) [PSPermGen: 13471K->13471K(21504K)], 0.0503380 secs] [Times: user=0.35 sys=0.00, real=0.06 secs] 
88.657: Total time for which application threads were stopped: 0.0507620 seconds, Stopping threads took: 0.0000060 seconds
88.657: Application time: 0.0000460 seconds
88.657: [Full GC [PSYoungGen: 69120K->69119K(80384K)] [ParOldGen: 182749K->182749K(182784K)] 251869K->251869K(263168K) [PSPermGen: 13471K->13471K(21504K)], 0.0505990 secs] [Times: user=0.35 sys=0.00, real=0.04 secs] 
88.708: Total time for which application threads were stopped: 0.0509880 seconds, Stopping threads took: 0.0000080 seconds
88.708: Application time: 0.0000580 seconds
88.708: [Full GC [PSYoungGen: 69120K->69119K(80384K)] [ParOldGen: 182749K->182749K(182784K)] 251869K->251869K(263168K) [PSPermGen: 13471K->13471K(21504K)], 0.0504050 secs] [Times: user=0.35 sys=0.00, real=0.06 secs] 
88.759: Total time for which application threads were stopped: 0.0508060 seconds, Stopping threads took: 0.0000080 seconds
88.759: Application time: 0.0000360 seconds
88.759: [Full GC [PSYoungGen: 69120K->69119K(80384K)] [ParOldGen: 182749K->182749K(182784K)] 251869K->251868K(263168K) [PSPermGen: 13471K->13471K(21504K)], 0.0506640 secs] [Times: user=0.35 sys=0.00, real=0.05 secs] 
88.810: Total time for which application threads were stopped: 0.0510530 seconds, Stopping threads took: 0.0000070 seconds
88.810: Application time: 0.0000320 seconds
88.810: [Full GC [PSYoungGen: 69120K->69119K(80384K)] [ParOldGen: 182749K->182749K(182784K)] 251869K->251868K(263168K) [PSPermGen: 13471K->13471K(21504K)], 0.0503120 secs] [Times: user=0.35 sys=0.00, real=0.05 secs] 
88.860: Total time for which application threads were stopped: 0.0506960 seconds, Stopping threads took: 0.0000070 seconds
88.860: Application time: 0.0000370 seconds
88.861: [Full GC [PSYoungGen: 69120K->69119K(80384K)] [ParOldGen: 182749K->182749K(182784K)] 251869K->251868K(263168K) [PSPermGen: 13471K->13471K(21504K)], 0.0508340 secs] [Times: user=0.35 sys=0.00, real=0.05 secs] 
88.912: Total time for which application threads were stopped: 0.0512340 seconds, Stopping threads took: 0.0000070 seconds
88.912: Application time: 0.0000420 seconds
88.912: [Full GC [PSYoungGen: 69119K->69119K(80384K)] [ParOldGen: 182749K->182748K(182784K)] 251868K->251868K(263168K) [PSPermGen: 13471K->13471K(21504K)], 0.0503090 secs] [Times: user=0.33 sys=0.02, real=0.05 secs] 
88.962: Total time for which application threads were stopped: 0.0506960 seconds, Stopping threads took: 0.0000090 seconds
88.962: Application time: 0.0000500 seconds
88.963: [Full GC [PSYoungGen: 69120K->69119K(80384K)] [ParOldGen: 182748K->182748K(182784K)] 251868K->251868K(263168K) [PSPermGen: 13471K->13471K(21504K)], 0.0506870 secs] [Times: user=0.35 sys=0.00, real=0.05 secs] 
89.013: Total time for which application threads were stopped: 0.0510750 seconds, Stopping threads took: 0.0000070 seconds
89.014: Application time: 0.0000320 seconds
89.014: [Full GC [PSYoungGen: 69120K->69120K(80384K)] [ParOldGen: 182748K->182748K(182784K)] 251868K->251868K(263168K) [PSPermGen: 13471K->13471K(21504K)], 0.0536050 secs] [Times: user=0.37 sys=0.00, real=0.05 secs] 
89.068: Total time for which application threads were stopped: 0.0539940 seconds, Stopping threads took: 0.0000070 seconds
89.068: Application time: 0.0000770 seconds
89.068: [Full GC [PSYoungGen: 69120K->69119K(80384K)] [ParOldGen: 182751K->182750K(182784K)] 251871K->251869K(263168K) [PSPermGen: 13471K->13471K(21504K)], 0.0506200 secs] [Times: user=0.35 sys=0.00, real=0.06 secs] 
89.119: Total time for which application threads were stopped: 0.0510170 seconds, Stopping threads took: 0.0000200 seconds
89.119: Application time: 0.0000360 seconds
89.119: [Full GC [PSYoungGen: 69120K->69119K(80384K)] [ParOldGen: 182750K->182749K(182784K)] 251870K->251869K(263168K) [PSPermGen: 13471K->13471K(21504K)], 0.0530770 secs] [Times: user=0.37 sys=0.00, real=0.05 secs] 
89.172: Total time for which application threads were stopped: 0.0535010 seconds, Stopping threads took: 0.0000260 seconds
89.172: Application time: 0.0000620 seconds
89.173: [Full GC [PSYoungGen: 69120K->69119K(80384K)] [ParOldGen: 182749K->182749K(182784K)] 251869K->251869K(263168K) [PSPermGen: 13471K->13471K(21504K)], 0.0509800 secs] [Times: user=0.36 sys=0.00, real=0.05 secs] 
89.224: Total time for which application threads were stopped: 0.0513670 seconds, Stopping threads took: 0.0000080 seconds
89.224: Application time: 0.0000550 seconds
89.224: [Full GC [PSYoungGen: 69120K->69119K(80384K)] [ParOldGen: 182749K->182749K(182784K)] 251869K->251869K(263168K) [PSPermGen: 13471K->13471K(21504K)], 0.0505650 secs] [Times: user=0.35 sys=0.00, real=0.05 secs] 
89.275: Total time for which application threads were stopped: 0.0509640 seconds, Stopping threads took: 0.0000080 seconds
89.275: Application time: 0.0000300 seconds
89.275: [Full GC [PSYoungGen: 69120K->69119K(80384K)] [ParOldGen: 182749K->182749K(182784K)] 251869K->251869K(263168K) [PSPermGen: 13471K->13471K(21504K)], 0.0507640 secs] [Times: user=0.35 sys=0.00, real=0.05 secs] 
89.326: Total time for which application threads were stopped: 0.0511520 seconds, Stopping threads took: 0.0000080 seconds
89.326: Application time: 0.0000870 seconds
89.326: [Full GC [PSYoungGen: 69120K->69119K(80384K)] [ParOldGen: 182749K->182749K(182784K)] 251869K->251869K(263168K) [PSPermGen: 13471K->13471K(21504K)], 0.0526980 secs] [Times: user=0.37 sys=0.00, real=0.06 secs] 
89.379: Total time for which application threads were stopped: 0.0530890 seconds, Stopping threads took: 0.0000080 seconds
89.379: Application time: 0.0000450 seconds
89.379: [Full GC [PSYoungGen: 69120K->69119K(80384K)] [ParOldGen: 182749K->182749K(182784K)] 251869K->251869K(263168K) [PSPermGen: 13471K->13471K(21504K)], 0.0527080 secs] [Times: user=0.37 sys=0.00, real=0.05 secs] 
89.432: Total time for which application threads were stopped: 0.0531020 seconds, Stopping threads took: 0.0000070 seconds
89.432: Application time: 0.0000470 seconds
89.432: [Full GC [PSYoungGen: 69120K->69119K(80384K)] [ParOldGen: 182749K->182749K(182784K)] 251869K->251869K(263168K) [PSPermGen: 13471K->13471K(21504K)], 0.0508090 secs] [Times: user=0.35 sys=0.00, real=0.05 secs] 
89.483: Total time for which application threads were stopped: 0.0512040 seconds, Stopping threads took: 0.0000080 seconds
89.483: Application time: 0.0000730 seconds
89.484: [Full GC [PSYoungGen: 69120K->69119K(80384K)] [ParOldGen: 182749K->182749K(182784K)] 251869K->251869K(263168K) [PSPermGen: 13471K->13471K(21504K)], 0.0507250 secs] [Times: user=0.35 sys=0.00, real=0.05 secs] 
89.535: Total time for which application threads were stopped: 0.0511140 seconds, Stopping threads took: 0.0000070 seconds
89.535: Application time: 0.0000340 seconds
89.535: [Full GC [PSYoungGen: 69120K->69119K(80384K)] [ParOldGen: 182749K->182749K(182784K)] 251869K->251869K(263168K) [PSPermGen: 13471K->13471K(21504K)], 0.0504710 secs] [Times: user=0.35 sys=0.00, real=0.05 secs] 
89.585: Total time for which application threads were stopped: 0.0508630 seconds, Stopping threads took: 0.0000110 seconds
89.586: Application time: 0.0000540 seconds
89.586: [Full GC [PSYoungGen: 69119K->69119K(80384K)] [ParOldGen: 182749K->182749K(182784K)] 251869K->251869K(263168K) [PSPermGen: 13471K->13471K(21504K)], 0.0507240 secs] [Times: user=0.35 sys=0.00, real=0.06 secs] 
89.637: Total time for which application threads were stopped: 0.0511280 seconds, Stopping threads took: 0.0000080 seconds
89.637: Application time: 0.0000530 seconds
89.637: [Full GC [PSYoungGen: 69120K->69119K(80384K)] [ParOldGen: 182749K->182749K(182784K)] 251869K->251869K(263168K) [PSPermGen: 13471K->13471K(21504K)], 0.0501000 secs] [Times: user=0.35 sys=0.00, real=0.04 secs] 
89.687: Total time for which application threads were stopped: 0.0505170 seconds, Stopping threads took: 0.0000080 seconds
89.687: Application time: 0.0000440 seconds
89.688: [Full GC [PSYoungGen: 69119K->69119K(80384K)] [ParOldGen: 182749K->182749K(182784K)] 251869K->251869K(263168K) [PSPermGen: 13471K->13471K(21504K)], 0.0503630 secs] [Times: user=0.35 sys=0.00, real=0.06 secs] 
89.738: Total time for which application threads were stopped: 0.0507520 seconds, Stopping threads took: 0.0000090 seconds
89.738: Application time: 0.0000680 seconds
89.738: [Full GC [PSYoungGen: 69119K->69118K(80384K)] [ParOldGen: 182751K->182750K(182784K)] 251871K->251868K(263168K) [PSPermGen: 13471K->13471K(21504K)], 0.0503500 secs] [Times: user=0.35 sys=0.00, real=0.05 secs] 
89.789: Total time for which application threads were stopped: 0.0507330 seconds, Stopping threads took: 0.0000080 seconds
89.789: Application time: 0.0000490 seconds
89.789: [Full GC [PSYoungGen: 69120K->69119K(80384K)] [ParOldGen: 182750K->182749K(182784K)] 251870K->251868K(263168K) [PSPermGen: 13471K->13471K(21504K)], 0.0508000 secs] [Times: user=0.35 sys=0.00, real=0.05 secs] 
89.840: Total time for which application threads were stopped: 0.0512040 seconds, Stopping threads took: 0.0000080 seconds
89.840: Application time: 0.0000500 seconds
89.840: [Full GC [PSYoungGen: 69120K->69119K(80384K)] [ParOldGen: 182749K->182749K(182784K)] 251869K->251869K(263168K) [PSPermGen: 13471K->13471K(21504K)], 0.0535820 secs] [Times: user=0.36 sys=0.00, real=0.05 secs] 
89.894: Total time for which application threads were stopped: 0.0539680 seconds, Stopping threads took: 0.0000080 seconds
89.894: Application time: 0.0000680 seconds
89.894: [Full GC [PSYoungGen: 69120K->69119K(80384K)] [ParOldGen: 182749K->182749K(182784K)] 251869K->251868K(263168K) [PSPermGen: 13471K->13471K(21504K)], 0.0502690 secs] [Times: user=0.35 sys=0.00, real=0.05 secs] 
89.945: Total time for which application threads were stopped: 0.0506680 seconds, Stopping threads took: 0.0000190 seconds
89.945: Application time: 0.0000550 seconds
89.945: [Full GC [PSYoungGen: 69120K->69118K(80384K)] [ParOldGen: 182749K->182749K(182784K)] 251869K->251868K(263168K) [PSPermGen: 13471K->13471K(21504K)], 0.0504080 secs] [Times: user=0.35 sys=0.00, real=0.05 secs] 
89.996: Total time for which application threads were stopped: 0.0508030 seconds, Stopping threads took: 0.0000170 seconds
89.996: Application time: 0.0000520 seconds
89.996: [Full GC [PSYoungGen: 69120K->69118K(80384K)] [ParOldGen: 182749K->182749K(182784K)] 251869K->251868K(263168K) [PSPermGen: 13471K->13471K(21504K)], 0.0503240 secs] [Times: user=0.35 sys=0.00, real=0.05 secs] 
90.046: Total time for which application threads were stopped: 0.0507290 seconds, Stopping threads took: 0.0000210 seconds
90.047: Application time: 0.0000510 seconds
90.047: [Full GC [PSYoungGen: 69120K->69118K(80384K)] [ParOldGen: 182749K->182749K(182784K)] 251869K->251868K(263168K) [PSPermGen: 13471K->13471K(21504K)], 0.0505580 secs] [Times: user=0.35 sys=0.00, real=0.06 secs] 
90.097: Total time for which application threads were stopped: 0.0509460 seconds, Stopping threads took: 0.0000090 seconds
90.098: Application time: 0.0000430 seconds
90.098: [Full GC [PSYoungGen: 69120K->69118K(80384K)] [ParOldGen: 182749K->182749K(182784K)] 251869K->251868K(263168K) [PSPermGen: 13471K->13471K(21504K)], 0.0508210 secs] [Times: user=0.35 sys=0.00, real=0.05 secs] 
90.149: Total time for which application threads were stopped: 0.0512210 seconds, Stopping threads took: 0.0000200 seconds
90.149: Application time: 0.0000260 seconds
90.149: [Full GC [PSYoungGen: 69120K->69118K(80384K)] [ParOldGen: 182749K->182749K(182784K)] 251869K->251868K(263168K) [PSPermGen: 13471K->13471K(21504K)], 0.0503330 secs] [Times: user=0.35 sys=0.00, real=0.05 secs] 
90.200: Total time for which application threads were stopped: 0.0507760 seconds, Stopping threads took: 0.0000310 seconds
90.200: Application time: 0.0000300 seconds
90.200: [Full GC [PSYoungGen: 69120K->69118K(80384K)] [ParOldGen: 182749K->182749K(182784K)] 251869K->251868K(263168K) [PSPermGen: 13471K->13471K(21504K)], 0.0505580 secs] [Times: user=0.36 sys=0.00, real=0.05 secs] 
90.251: Total time for which application threads were stopped: 0.0509530 seconds, Stopping threads took: 0.0000160 seconds
90.251: Application time: 0.0000380 seconds
90.251: [Full GC [PSYoungGen: 69120K->69118K(80384K)] [ParOldGen: 182749K->182749K(182784K)] 251869K->251868K(263168K) [PSPermGen: 13471K->13471K(21504K)], 0.0505090 secs] [Times: user=0.35 sys=0.00, real=0.05 secs] 
90.301: Total time for which application threads were stopped: 0.0508990 seconds, Stopping threads took: 0.0000090 seconds
90.302: Application time: 0.0000410 seconds
90.302: [Full GC [PSYoungGen: 69120K->69118K(80384K)] [ParOldGen: 182749K->182749K(182784K)] 251869K->251868K(263168K) [PSPermGen: 13471K->13471K(21504K)], 0.0506090 secs] [Times: user=0.35 sys=0.00, real=0.05 secs] 
90.353: Total time for which application threads were stopped: 0.0510000 seconds, Stopping threads took: 0.0000080 seconds
90.353: Application time: 0.0000480 seconds
90.353: [Full GC [PSYoungGen: 69120K->69119K(80384K)] [ParOldGen: 182749K->182749K(182784K)] 251869K->251868K(263168K) [PSPermGen: 13471K->13471K(21504K)], 0.0506290 secs] [Times: user=0.34 sys=0.01, real=0.05 secs] 
90.404: Total time for which application threads were stopped: 0.0510420 seconds, Stopping threads took: 0.0000300 seconds
90.404: Application time: 0.0000360 seconds
90.404: [Full GC [PSYoungGen: 69120K->69119K(80384K)] [ParOldGen: 182749K->182749K(182784K)] 251869K->251868K(263168K) [PSPermGen: 13471K->13471K(21504K)], 0.0523620 secs] [Times: user=0.37 sys=0.00, real=0.05 secs] 
90.456: Total time for which application threads were stopped: 0.0527560 seconds, Stopping threads took: 0.0000060 seconds
90.456: Application time: 0.0000510 seconds
90.457: [Full GC [PSYoungGen: 69120K->69119K(80384K)] [ParOldGen: 182749K->182749K(182784K)] 251869K->251868K(263168K) [PSPermGen: 13471K->13471K(21504K)], 0.0503570 secs] [Times: user=0.35 sys=0.00, real=0.04 secs] 
90.507: Total time for which application threads were stopped: 0.0507510 seconds, Stopping threads took: 0.0000060 seconds
90.507: Application time: 0.0000410 seconds
90.508: [Full GC [PSYoungGen: 69120K->69119K(80384K)] [ParOldGen: 182749K->182749K(182784K)] 251869K->251868K(263168K) [PSPermGen: 13471K->13471K(21504K)], 0.0506290 secs] [Times: user=0.35 sys=0.00, real=0.06 secs] 
90.558: Total time for which application threads were stopped: 0.0510140 seconds, Stopping threads took: 0.0000070 seconds
90.558: Application time: 0.0000450 seconds
90.559: [Full GC [PSYoungGen: 69120K->69119K(80384K)] [ParOldGen: 182749K->182749K(182784K)] 251869K->251868K(263168K) [PSPermGen: 13471K->13471K(21504K)], 0.0504690 secs] [Times: user=0.35 sys=0.00, real=0.05 secs] 
90.609: Total time for which application threads were stopped: 0.0508550 seconds, Stopping threads took: 0.0000100 seconds
90.609: Application time: 0.0000500 seconds
90.610: [Full GC [PSYoungGen: 69120K->69119K(80384K)] [ParOldGen: 182749K->182749K(182784K)] 251869K->251868K(263168K) [PSPermGen: 13471K->13471K(21504K)], 0.0501800 secs] [Times: user=0.35 sys=0.00, real=0.05 secs] 
90.660: Total time for which application threads were stopped: 0.0505680 seconds, Stopping threads took: 0.0000100 seconds
90.660: Application time: 0.0000460 seconds
90.660: [Full GC [PSYoungGen: 69120K->69119K(80384K)] [ParOldGen: 182749K->182749K(182784K)] 251869K->251868K(263168K) [PSPermGen: 13471K->13471K(21504K)], 0.0506530 secs] [Times: user=0.35 sys=0.00, real=0.05 secs] 
90.711: Total time for which application threads were stopped: 0.0510650 seconds, Stopping threads took: 0.0000100 seconds
90.711: Application time: 0.0000820 seconds
90.711: [Full GC [PSYoungGen: 69120K->69119K(80384K)] [ParOldGen: 182749K->182749K(182784K)] 251869K->251868K(263168K) [PSPermGen: 13471K->13471K(21504K)], 0.0509580 secs] [Times: user=0.35 sys=0.00, real=0.05 secs] 
90.762: Total time for which application threads were stopped: 0.0513450 seconds, Stopping threads took: 0.0000080 seconds
90.762: Application time: 0.0000520 seconds
90.763: [Full GC [PSYoungGen: 69120K->69119K(80384K)] [ParOldGen: 182749K->182749K(182784K)] 251869K->251868K(263168K) [PSPermGen: 13471K->13471K(21504K)], 0.0504840 secs] [Times: user=0.35 sys=0.00, real=0.05 secs] 
90.813: Total time for which application threads were stopped: 0.0508740 seconds, Stopping threads took: 0.0000090 seconds
90.813: Application time: 0.0000450 seconds
90.814: [Full GC [PSYoungGen: 69120K->69119K(80384K)] [ParOldGen: 182749K->182749K(182784K)] 251869K->251868K(263168K) [PSPermGen: 13471K->13471K(21504K)], 0.0507150 secs] [Times: user=0.35 sys=0.00, real=0.05 secs] 
90.864: Total time for which application threads were stopped: 0.0511280 seconds, Stopping threads took: 0.0000090 seconds
90.864: Application time: 0.0000480 seconds
90.865: [Full GC [PSYoungGen: 69120K->69119K(80384K)] [ParOldGen: 182749K->182749K(182784K)] 251869K->251868K(263168K) [PSPermGen: 13471K->13471K(21504K)], 0.0553330 secs] [Times: user=0.38 sys=0.00, real=0.06 secs] 
90.920: Total time for which application threads were stopped: 0.0557390 seconds, Stopping threads took: 0.0000080 seconds
90.920: Application time: 0.0000380 seconds
90.921: [Full GC [PSYoungGen: 69120K->69119K(80384K)] [ParOldGen: 182749K->182749K(182784K)] 251869K->251868K(263168K) [PSPermGen: 13471K->13471K(21504K)], 0.0504270 secs] [Times: user=0.34 sys=0.00, real=0.05 secs] 
90.971: Total time for which application threads were stopped: 0.0508270 seconds, Stopping threads took: 0.0000090 seconds
90.971: Application time: 0.0000560 seconds
90.971: [Full GC [PSYoungGen: 69120K->69119K(80384K)] [ParOldGen: 182749K->182749K(182784K)] 251869K->251868K(263168K) [PSPermGen: 13471K->13471K(21504K)], 0.0505740 secs] [Times: user=0.35 sys=0.00, real=0.05 secs] 
91.022: Total time for which application threads were stopped: 0.0509680 seconds, Stopping threads took: 0.0000100 seconds
91.022: Application time: 0.0000540 seconds
91.022: [Full GC [PSYoungGen: 69120K->69119K(80384K)] [ParOldGen: 182749K->182749K(182784K)] 251869K->251868K(263168K) [PSPermGen: 13471K->13471K(21504K)], 0.0504380 secs] [Times: user=0.35 sys=0.00, real=0.05 secs] 
91.073: Total time for which application threads were stopped: 0.0508300 seconds, Stopping threads took: 0.0000070 seconds
91.073: Application time: 0.0000510 seconds
91.073: [Full GC [PSYoungGen: 69120K->69119K(80384K)] [ParOldGen: 182749K->182749K(182784K)] 251869K->251868K(263168K) [PSPermGen: 13471K->13471K(21504K)], 0.0505080 secs] [Times: user=0.35 sys=0.01, real=0.05 secs] 
91.124: Total time for which application threads were stopped: 0.0509100 seconds, Stopping threads took: 0.0000180 seconds
91.124: Application time: 0.0000320 seconds
91.124: [Full GC [PSYoungGen: 69120K->69119K(80384K)] [ParOldGen: 182749K->182749K(182784K)] 251869K->251868K(263168K) [PSPermGen: 13471K->13471K(21504K)], 0.0503680 secs] [Times: user=0.36 sys=0.00, real=0.05 secs] 
91.175: Total time for which application threads were stopped: 0.0507560 seconds, Stopping threads took: 0.0000110 seconds
91.175: Application time: 0.0000340 seconds
91.175: [Full GC [PSYoungGen: 69120K->69119K(80384K)] [ParOldGen: 182749K->182749K(182784K)] 251869K->251868K(263168K) [PSPermGen: 13471K->13471K(21504K)], 0.0506390 secs] [Times: user=0.35 sys=0.00, real=0.05 secs] 
91.226: Total time for which application threads were stopped: 0.0510460 seconds, Stopping threads took: 0.0000080 seconds
91.226: Application time: 0.0000410 seconds
91.226: [Full GC [PSYoungGen: 69120K->69119K(80384K)] [ParOldGen: 182749K->182749K(182784K)] 251869K->251868K(263168K) [PSPermGen: 13471K->13471K(21504K)], 0.0504170 secs] [Times: user=0.35 sys=0.00, real=0.06 secs] 
91.277: Total time for which application threads were stopped: 0.0508320 seconds, Stopping threads took: 0.0000380 seconds
91.277: Application time: 0.0000320 seconds
91.277: [Full GC [PSYoungGen: 69120K->69119K(80384K)] [ParOldGen: 182749K->182748K(182784K)] 251869K->251868K(263168K) [PSPermGen: 13471K->13471K(21504K)], 0.0505100 secs] [Times: user=0.35 sys=0.00, real=0.04 secs] 
91.328: Total time for which application threads were stopped: 0.0509050 seconds, Stopping threads took: 0.0000160 seconds
91.328: Application time: 0.0000460 seconds
91.328: [Full GC [PSYoungGen: 69120K->69119K(80384K)] [ParOldGen: 182748K->182748K(182784K)] 251868K->251868K(263168K) [PSPermGen: 13471K->13471K(21504K)], 0.0533730 secs] [Times: user=0.37 sys=0.00, real=0.06 secs] 
91.381: Total time for which application threads were stopped: 0.0537700 seconds, Stopping threads took: 0.0000090 seconds
91.382: Application time: 0.0000440 seconds
91.382: [Full GC [PSYoungGen: 69120K->69119K(80384K)] [ParOldGen: 182748K->182748K(182784K)] 251868K->251868K(263168K) [PSPermGen: 13471K->13471K(21504K)], 0.0503580 secs] [Times: user=0.35 sys=0.00, real=0.05 secs] 
91.432: Total time for which application threads were stopped: 0.0507420 seconds, Stopping threads took: 0.0000070 seconds
91.432: Application time: 0.0000550 seconds
91.433: [Full GC [PSYoungGen: 69120K->69119K(80384K)] [ParOldGen: 182748K->182748K(182784K)] 251868K->251868K(263168K) [PSPermGen: 13471K->13471K(21504K)], 0.0503530 secs] [Times: user=0.35 sys=0.00, real=0.05 secs] 
91.483: Total time for which application threads were stopped: 0.0507620 seconds, Stopping threads took: 0.0000090 seconds
91.483: Application time: 0.0000490 seconds
91.483: [Full GC [PSYoungGen: 69120K->69119K(80384K)] [ParOldGen: 182748K->182748K(182784K)] 251868K->251868K(263168K) [PSPermGen: 13471K->13471K(21504K)], 0.0528090 secs] [Times: user=0.37 sys=0.00, real=0.05 secs] 
91.536: Total time for which application threads were stopped: 0.0531980 seconds, Stopping threads took: 0.0000090 seconds
91.536: Application time: 0.0000890 seconds
91.537: [Full GC [PSYoungGen: 69120K->69119K(80384K)] [ParOldGen: 182748K->182748K(182784K)] 251868K->251868K(263168K) [PSPermGen: 13471K->13471K(21504K)], 0.0502970 secs] [Times: user=0.34 sys=0.00, real=0.04 secs] 
91.587: Total time for which application threads were stopped: 0.0506920 seconds, Stopping threads took: 0.0000070 seconds
91.587: Application time: 0.0000570 seconds
91.587: [Full GC [PSYoungGen: 69120K->69119K(80384K)] [ParOldGen: 182748K->182748K(182784K)] 251868K->251868K(263168K) [PSPermGen: 13471K->13471K(21504K)], 0.0506810 secs] [Times: user=0.34 sys=0.00, real=0.06 secs] 
91.638: Total time for which application threads were stopped: 0.0510830 seconds, Stopping threads took: 0.0000080 seconds
91.638: Application time: 0.0000420 seconds
91.639: [Full GC [PSYoungGen: 69120K->69119K(80384K)] [ParOldGen: 182748K->182748K(182784K)] 251868K->251868K(263168K) [PSPermGen: 13471K->13471K(21504K)], 0.0505840 secs] [Times: user=0.34 sys=0.00, real=0.05 secs] 
91.689: Total time for which application threads were stopped: 0.0509820 seconds, Stopping threads took: 0.0000120 seconds
91.689: Application time: 0.0000680 seconds
91.690: [Full GC [PSYoungGen: 69119K->69119K(80384K)] [ParOldGen: 182748K->182748K(182784K)] 251868K->251868K(263168K) [PSPermGen: 13471K->13471K(21504K)], 0.0521740 secs] [Times: user=0.36 sys=0.00, real=0.05 secs] 
91.742: Total time for which application threads were stopped: 0.0526070 seconds, Stopping threads took: 0.0000110 seconds
91.742: Application time: 0.0000780 seconds
91.742: [Full GC [PSYoungGen: 69120K->69119K(80384K)] [ParOldGen: 182748K->182748K(182784K)] 251868K->251868K(263168K) [PSPermGen: 13471K->13471K(21504K)], 0.0505920 secs] [Times: user=0.35 sys=0.00, real=0.05 secs] 
91.793: Total time for which application threads were stopped: 0.0509830 seconds, Stopping threads took: 0.0000100 seconds
91.793: Application time: 0.0000420 seconds
91.793: [Full GC [PSYoungGen: 69119K->69119K(80384K)] [ParOldGen: 182748K->182748K(182784K)] 251868K->251868K(263168K) [PSPermGen: 13471K->13471K(21504K)], 0.0533580 secs] [Times: user=0.37 sys=0.00, real=0.05 secs] 
91.847: Total time for which application threads were stopped: 0.0537430 seconds, Stopping threads took: 0.0000100 seconds
91.847: Application time: 0.0000550 seconds
91.847: [Full GC [PSYoungGen: 69120K->69119K(80384K)] [ParOldGen: 182750K->182749K(182784K)] 251870K->251868K(263168K) [PSPermGen: 13471K->13471K(21504K)], 0.0508410 secs] [Times: user=0.35 sys=0.00, real=0.06 secs] 
91.898: Total time for which application threads were stopped: 0.0512320 seconds, Stopping threads took: 0.0000120 seconds
91.898: Application time: 0.0000340 seconds
91.898: [Full GC [PSYoungGen: 69120K->69119K(80384K)] [ParOldGen: 182749K->182749K(182784K)] 251869K->251868K(263168K) [PSPermGen: 13471K->13471K(21504K)], 0.0504590 secs] [Times: user=0.35 sys=0.00, real=0.05 secs] 
91.949: Total time for which application threads were stopped: 0.0508510 seconds, Stopping threads took: 0.0000120 seconds
91.949: Application time: 0.0000450 seconds
91.949: [Full GC [PSYoungGen: 69120K->69119K(80384K)] [ParOldGen: 182749K->182749K(182784K)] 251869K->251869K(263168K) [PSPermGen: 13471K->13471K(21504K)], 0.0503010 secs] [Times: user=0.34 sys=0.00, real=0.05 secs] 
92.000: Total time for which application threads were stopped: 0.0506940 seconds, Stopping threads took: 0.0000110 seconds
92.000: Application time: 0.0000410 seconds
92.000: [Full GC [PSYoungGen: 69119K->69119K(80384K)] [ParOldGen: 182749K->182749K(182784K)] 251869K->251869K(263168K) [PSPermGen: 13471K->13471K(21504K)], 0.0525750 secs] [Times: user=0.37 sys=0.00, real=0.05 secs] 
92.053: Total time for which application threads were stopped: 0.0529590 seconds, Stopping threads took: 0.0000080 seconds
92.053: Application time: 0.0000480 seconds
92.053: [Full GC [PSYoungGen: 69119K->69119K(80384K)] [ParOldGen: 182749K->182749K(182784K)] 251869K->251868K(263168K) [PSPermGen: 13471K->13471K(21504K)], 0.0504080 secs] [Times: user=0.35 sys=0.00, real=0.05 secs] 
92.104: Total time for which application threads were stopped: 0.0508000 seconds, Stopping threads took: 0.0000110 seconds
92.104: Application time: 0.0000360 seconds
92.104: [Full GC [PSYoungGen: 69120K->69119K(80384K)] [ParOldGen: 182749K->182749K(182784K)] 251869K->251868K(263168K) [PSPermGen: 13471K->13471K(21504K)], 0.0505950 secs] [Times: user=0.35 sys=0.00, real=0.05 secs] 
92.155: Total time for which application threads were stopped: 0.0509830 seconds, Stopping threads took: 0.0000100 seconds
92.155: Application time: 0.0000390 seconds
92.155: [Full GC [PSYoungGen: 69120K->69119K(80384K)] [ParOldGen: 182749K->182749K(182784K)] 251869K->251869K(263168K) [PSPermGen: 13471K->13471K(21504K)], 0.0503320 secs] [Times: user=0.35 sys=0.00, real=0.05 secs] 
92.205: Total time for which application threads were stopped: 0.0507200 seconds, Stopping threads took: 0.0000090 seconds
92.205: Application time: 0.0000420 seconds
92.206: [Full GC [PSYoungGen: 69119K->69119K(80384K)] [ParOldGen: 182749K->182749K(182784K)] 251869K->251869K(263168K) [PSPermGen: 13471K->13471K(21504K)], 0.0524210 secs] [Times: user=0.36 sys=0.00, real=0.06 secs] 
92.258: Total time for which application threads were stopped: 0.0528340 seconds, Stopping threads took: 0.0000110 seconds
92.258: Application time: 0.0000560 seconds
92.259: [Full GC [PSYoungGen: 69119K->69119K(80384K)] [ParOldGen: 182751K->182749K(182784K)] 251871K->251869K(263168K) [PSPermGen: 13471K->13471K(21504K)], 0.0508740 secs] [Times: user=0.36 sys=0.00, real=0.05 secs] 
92.310: Total time for which application threads were stopped: 0.0512690 seconds, Stopping threads took: 0.0000120 seconds
92.310: Application time: 0.0000570 seconds
92.310: [Full GC [PSYoungGen: 69120K->69119K(80384K)] [ParOldGen: 182749K->182749K(182784K)] 251869K->251869K(263168K) [PSPermGen: 13471K->13471K(21504K)], 0.0506870 secs] [Times: user=0.35 sys=0.00, real=0.05 secs] 
92.361: Total time for which application threads were stopped: 0.0510740 seconds, Stopping threads took: 0.0000070 seconds
92.361: Application time: 0.0000340 seconds
92.361: [Full GC [PSYoungGen: 69120K->69119K(80384K)] [ParOldGen: 182749K->182749K(182784K)] 251869K->251869K(263168K) [PSPermGen: 13471K->13471K(21504K)], 0.0506550 secs] [Times: user=0.35 sys=0.00, real=0.05 secs] 
92.412: Total time for which application threads were stopped: 0.0510460 seconds, Stopping threads took: 0.0000070 seconds
92.412: Application time: 0.0000320 seconds
92.412: [Full GC [PSYoungGen: 69120K->69119K(80384K)] [ParOldGen: 182749K->182749K(182784K)] 251869K->251869K(263168K) [PSPermGen: 13471K->13471K(21504K)], 0.0502580 secs] [Times: user=0.35 sys=0.00, real=0.05 secs] 
92.462: Total time for which application threads were stopped: 0.0506470 seconds, Stopping threads took: 0.0000080 seconds
92.462: Application time: 0.0000440 seconds
92.463: [Full GC [PSYoungGen: 69120K->69119K(80384K)] [ParOldGen: 182749K->182749K(182784K)] 251869K->251869K(263168K) [PSPermGen: 13471K->13471K(21504K)], 0.0505900 secs] [Times: user=0.35 sys=0.00, real=0.05 secs] 
92.513: Total time for which application threads were stopped: 0.0509750 seconds, Stopping threads took: 0.0000070 seconds
92.513: Application time: 0.0000320 seconds
92.514: [Full GC [PSYoungGen: 69119K->69119K(80384K)] [ParOldGen: 182749K->182749K(182784K)] 251869K->251869K(263168K) [PSPermGen: 13471K->13471K(21504K)], 0.0507800 secs] [Times: user=0.35 sys=0.00, real=0.05 secs] 
92.565: Total time for which application threads were stopped: 0.0511830 seconds, Stopping threads took: 0.0000090 seconds
92.565: Application time: 0.0000450 seconds
92.565: [Full GC [PSYoungGen: 69119K->69119K(80384K)] [ParOldGen: 182749K->182749K(182784K)] 251869K->251869K(263168K) [PSPermGen: 13471K->13471K(21504K)], 0.0536840 secs] [Times: user=0.38 sys=0.00, real=0.06 secs] 
92.619: Total time for which application threads were stopped: 0.0540670 seconds, Stopping threads took: 0.0000080 seconds
92.619: Application time: 0.0000400 seconds
92.619: [Full GC [PSYoungGen: 69120K->69119K(80384K)] [ParOldGen: 182749K->182749K(182784K)] 251869K->251869K(263168K) [PSPermGen: 13471K->13471K(21504K)], 0.0509150 secs] [Times: user=0.35 sys=0.00, real=0.05 secs] 
92.670: Total time for which application threads were stopped: 0.0513120 seconds, Stopping threads took: 0.0000160 seconds
92.670: Application time: 0.0000480 seconds
92.671: [Full GC [PSYoungGen: 69120K->69119K(80384K)] [ParOldGen: 182749K->182749K(182784K)] 251869K->251869K(263168K) [PSPermGen: 13471K->13471K(21504K)], 0.0503440 secs] [Times: user=0.35 sys=0.00, real=0.05 secs] 
92.721: Total time for which application threads were stopped: 0.0507320 seconds, Stopping threads took: 0.0000070 seconds
92.721: Application time: 0.0000470 seconds
92.721: [Full GC [PSYoungGen: 69120K->69120K(80384K)] [ParOldGen: 182749K->182749K(182784K)] 251869K->251869K(263168K) [PSPermGen: 13471K->13471K(21504K)], 0.0532700 secs] [Times: user=0.37 sys=0.00, real=0.05 secs] 
92.775: Total time for which application threads were stopped: 0.0536880 seconds, Stopping threads took: 0.0000080 seconds
92.775: Application time: 0.0000620 seconds
92.775: [Full GC [PSYoungGen: 69120K->69119K(80384K)] [ParOldGen: 182751K->182750K(182784K)] 251871K->251869K(263168K) [PSPermGen: 13471K->13471K(21504K)], 0.0507260 secs] [Times: user=0.35 sys=0.00, real=0.05 secs] 
92.826: Total time for which application threads were stopped: 0.0511180 seconds, Stopping threads took: 0.0000080 seconds
92.826: Application time: 0.0000510 seconds
92.826: [Full GC [PSYoungGen: 69120K->69119K(80384K)] [ParOldGen: 182750K->182749K(182784K)] 251870K->251869K(263168K) [PSPermGen: 13471K->13471K(21504K)], 0.0505580 secs] [Times: user=0.35 sys=0.00, real=0.06 secs] 
92.877: Total time for which application threads were stopped: 0.0509410 seconds, Stopping threads took: 0.0000070 seconds
92.877: Application time: 0.0000310 seconds
92.877: [Full GC [PSYoungGen: 69120K->69119K(80384K)] [ParOldGen: 182749K->182749K(182784K)] 251869K->251869K(263168K) [PSPermGen: 13471K->13471K(21504K)], 0.0507410 secs] [Times: user=0.35 sys=0.00, real=0.04 secs] 
92.928: Total time for which application threads were stopped: 0.0511350 seconds, Stopping threads took: 0.0000150 seconds
92.928: Application time: 0.0000330 seconds
92.928: [Full GC [PSYoungGen: 69120K->69119K(80384K)] [ParOldGen: 182749K->182749K(182784K)] 251869K->251869K(263168K) [PSPermGen: 13471K->13471K(21504K)], 0.0503290 secs] [Times: user=0.35 sys=0.00, real=0.06 secs] 
92.979: Total time for which application threads were stopped: 0.0507210 seconds, Stopping threads took: 0.0000130 seconds
92.979: Application time: 0.0000320 seconds
92.979: [Full GC [PSYoungGen: 69120K->69119K(80384K)] [ParOldGen: 182749K->182749K(182784K)] 251869K->251869K(263168K) [PSPermGen: 13471K->13471K(21504K)], 0.0502740 secs] [Times: user=0.35 sys=0.00, real=0.05 secs] 
93.029: Total time for which application threads were stopped: 0.0506660 seconds, Stopping threads took: 0.0000130 seconds
93.030: Application time: 0.0000480 seconds
93.030: [Full GC [PSYoungGen: 69120K->69119K(80384K)] [ParOldGen: 182749K->182749K(182784K)] 251869K->251869K(263168K) [PSPermGen: 13471K->13471K(21504K)], 0.0508760 secs] [Times: user=0.35 sys=0.00, real=0.05 secs] 
93.081: Total time for which application threads were stopped: 0.0512710 seconds, Stopping threads took: 0.0000110 seconds
93.081: Application time: 0.0000570 seconds
93.081: [Full GC [PSYoungGen: 69120K->69119K(80384K)] [ParOldGen: 182749K->182749K(182784K)] 251869K->251869K(263168K) [PSPermGen: 13471K->13471K(21504K)], 0.0506060 secs] [Times: user=0.35 sys=0.00, real=0.05 secs] 
93.132: Total time for which application threads were stopped: 0.0510090 seconds, Stopping threads took: 0.0000080 seconds
93.132: Application time: 0.0000500 seconds
93.132: [Full GC [PSYoungGen: 69120K->69119K(80384K)] [ParOldGen: 182749K->182749K(182784K)] 251869K->251869K(263168K) [PSPermGen: 13471K->13471K(21504K)], 0.0528550 secs] [Times: user=0.37 sys=0.00, real=0.05 secs] 
93.185: Total time for which application threads were stopped: 0.0532500 seconds, Stopping threads took: 0.0000070 seconds
93.185: Application time: 0.0000470 seconds
93.186: [Full GC [PSYoungGen: 69120K->69119K(80384K)] [ParOldGen: 182749K->182749K(182784K)] 251869K->251869K(263168K) [PSPermGen: 13471K->13471K(21504K)], 0.0505270 secs] [Times: user=0.35 sys=0.00, real=0.05 secs] 
93.236: Total time for which application threads were stopped: 0.0509310 seconds, Stopping threads took: 0.0000220 seconds
93.236: Application time: 0.0000430 seconds
93.237: [Full GC [PSYoungGen: 69120K->69119K(80384K)] [ParOldGen: 182749K->182749K(182784K)] 251869K->251869K(263168K) [PSPermGen: 13471K->13471K(21504K)], 0.0528930 secs] [Times: user=0.37 sys=0.01, real=0.06 secs] 
93.289: Total time for which application threads were stopped: 0.0532940 seconds, Stopping threads took: 0.0000070 seconds
93.290: Application time: 0.0000590 seconds
93.290: [Full GC [PSYoungGen: 69120K->69119K(80384K)] [ParOldGen: 182749K->182749K(182784K)] 251869K->251869K(263168K) [PSPermGen: 13471K->13471K(21504K)], 0.0505340 secs] [Times: user=0.35 sys=0.00, real=0.05 secs] 
93.340: Total time for which application threads were stopped: 0.0509260 seconds, Stopping threads took: 0.0000080 seconds
93.341: Application time: 0.0000480 seconds
93.341: [Full GC [PSYoungGen: 69120K->69119K(80384K)] [ParOldGen: 182749K->182749K(182784K)] 251869K->251869K(263168K) [PSPermGen: 13471K->13471K(21504K)], 0.0504710 secs] [Times: user=0.35 sys=0.00, real=0.05 secs] 
93.391: Total time for which application threads were stopped: 0.0508710 seconds, Stopping threads took: 0.0000070 seconds
93.391: Application time: 0.0000550 seconds
93.392: [Full GC [PSYoungGen: 69120K->69119K(80384K)] [ParOldGen: 182749K->182749K(182784K)] 251869K->251869K(263168K) [PSPermGen: 13471K->13471K(21504K)], 0.0503030 secs] [Times: user=0.35 sys=0.00, real=0.05 secs] 
93.442: Total time for which application threads were stopped: 0.0506950 seconds, Stopping threads took: 0.0000080 seconds
93.442: Application time: 0.0000500 seconds
93.443: [Full GC [PSYoungGen: 69120K->69119K(80384K)] [ParOldGen: 182749K->182749K(182784K)] 251869K->251869K(263168K) [PSPermGen: 13471K->13471K(21504K)], 0.0504070 secs] [Times: user=0.35 sys=0.00, real=0.05 secs] 
93.493: Total time for which application threads were stopped: 0.0507930 seconds, Stopping threads took: 0.0000080 seconds
93.493: Application time: 0.0000410 seconds
93.493: [Full GC [PSYoungGen: 69120K->69119K(80384K)] [ParOldGen: 182749K->182749K(182784K)] 251869K->251869K(263168K) [PSPermGen: 13471K->13471K(21504K)], 0.0500700 secs] [Times: user=0.35 sys=0.00, real=0.05 secs] 
93.543: Total time for which application threads were stopped: 0.0504610 seconds, Stopping threads took: 0.0000100 seconds
93.544: Application time: 0.0000530 seconds
93.544: [Full GC [PSYoungGen: 69120K->69119K(80384K)] [ParOldGen: 182749K->182749K(182784K)] 251869K->251869K(263168K) [PSPermGen: 13471K->13471K(21504K)], 0.0531780 secs] [Times: user=0.37 sys=0.00, real=0.06 secs] 
93.597: Total time for which application threads were stopped: 0.0535720 seconds, Stopping threads took: 0.0000120 seconds
93.597: Application time: 0.0000540 seconds
93.597: [Full GC [PSYoungGen: 69119K->69119K(80384K)] [ParOldGen: 182749K->182749K(182784K)] 251869K->251869K(263168K) [PSPermGen: 13471K->13471K(21504K)], 0.0500870 secs] [Times: user=0.35 sys=0.00, real=0.04 secs] 
93.648: Total time for which application threads were stopped: 0.0504720 seconds, Stopping threads took: 0.0000070 seconds
93.648: Application time: 0.0000470 seconds
93.648: [Full GC [PSYoungGen: 69120K->69119K(80384K)] [ParOldGen: 182749K->182749K(182784K)] 251869K->251869K(263168K) [PSPermGen: 13471K->13471K(21504K)], 0.0503150 secs] [Times: user=0.35 sys=0.00, real=0.06 secs] 
93.698: Total time for which application threads were stopped: 0.0507020 seconds, Stopping threads took: 0.0000070 seconds
93.698: Application time: 0.0000320 seconds
93.699: [Full GC [PSYoungGen: 69120K->69119K(80384K)] [ParOldGen: 182749K->182749K(182784K)] 251869K->251869K(263168K) [PSPermGen: 13471K->13471K(21504K)], 0.0532910 secs] [Times: user=0.37 sys=0.00, real=0.05 secs] 
93.752: Total time for which application threads were stopped: 0.0536790 seconds, Stopping threads took: 0.0000100 seconds
93.752: Application time: 0.0000300 seconds
93.752: [Full GC [PSYoungGen: 69120K->69119K(80384K)] [ParOldGen: 182749K->182749K(182784K)] 251869K->251869K(263168K) [PSPermGen: 13471K->13471K(21504K)], 0.0521110 secs] [Times: user=0.36 sys=0.00, real=0.05 secs] 
93.805: Total time for which application threads were stopped: 0.0525330 seconds, Stopping threads took: 0.0000150 seconds
93.805: Application time: 0.0000600 seconds
93.805: [Full GC [PSYoungGen: 69119K->69119K(80384K)] [ParOldGen: 182752K->182750K(182784K)] 251872K->251869K(263168K) [PSPermGen: 13471K->13471K(21504K)], 0.0502220 secs] [Times: user=0.35 sys=0.00, real=0.05 secs] 
93.855: Total time for which application threads were stopped: 0.0506090 seconds, Stopping threads took: 0.0000080 seconds
93.855: Application time: 0.0000480 seconds
93.856: [Full GC [PSYoungGen: 69120K->69118K(80384K)] [ParOldGen: 182750K->182750K(182784K)] 251870K->251869K(263168K) [PSPermGen: 13471K->13471K(21504K)], 0.0504450 secs] [Times: user=0.35 sys=0.00, real=0.05 secs] 
93.906: Total time for which application threads were stopped: 0.0508490 seconds, Stopping threads took: 0.0000190 seconds
93.906: Application time: 0.0000470 seconds
93.907: [Full GC [PSYoungGen: 69120K->69119K(80384K)] [ParOldGen: 182750K->182750K(182784K)] 251870K->251869K(263168K) [PSPermGen: 13471K->13471K(21504K)], 0.0522940 secs] [Times: user=0.37 sys=0.00, real=0.06 secs] 
93.959: Total time for which application threads were stopped: 0.0526830 seconds, Stopping threads took: 0.0000070 seconds
93.959: Application time: 0.0000430 seconds
93.959: [Full GC [PSYoungGen: 69120K->69118K(80384K)] [ParOldGen: 182750K->182750K(182784K)] 251870K->251868K(263168K) [PSPermGen: 13471K->13471K(21504K)], 0.0503830 secs] [Times: user=0.35 sys=0.00, real=0.05 secs] 
94.010: Total time for which application threads were stopped: 0.0507810 seconds, Stopping threads took: 0.0000110 seconds
94.010: Application time: 0.0000360 seconds
94.010: [Full GC [PSYoungGen: 69120K->69118K(80384K)] [ParOldGen: 182750K->182749K(182784K)] 251870K->251868K(263168K) [PSPermGen: 13471K->13471K(21504K)], 0.0535310 secs] [Times: user=0.37 sys=0.00, real=0.05 secs] 
94.064: Total time for which application threads were stopped: 0.0539330 seconds, Stopping threads took: 0.0000210 seconds
94.064: Application time: 0.0000370 seconds
94.064: [Full GC [PSYoungGen: 69120K->69119K(80384K)] [ParOldGen: 182749K->182749K(182784K)] 251869K->251868K(263168K) [PSPermGen: 13471K->13471K(21504K)], 0.0505370 secs] [Times: user=0.35 sys=0.00, real=0.05 secs] 
94.115: Total time for which application threads were stopped: 0.0509250 seconds, Stopping threads took: 0.0000110 seconds
94.115: Application time: 0.0000440 seconds
94.115: [Full GC [PSYoungGen: 69120K->69119K(80384K)] [ParOldGen: 182749K->182749K(182784K)] 251869K->251868K(263168K) [PSPermGen: 13471K->13471K(21504K)], 0.0501870 secs] [Times: user=0.35 sys=0.00, real=0.05 secs] 
94.165: Total time for which application threads were stopped: 0.0505700 seconds, Stopping threads took: 0.0000070 seconds
94.165: Application time: 0.0000340 seconds
94.166: [Full GC [PSYoungGen: 69120K->69119K(80384K)] [ParOldGen: 182749K->182749K(182784K)] 251869K->251869K(263168K) [PSPermGen: 13471K->13471K(21504K)], 0.0507170 secs] [Times: user=0.35 sys=0.00, real=0.05 secs] 
94.217: Total time for which application threads were stopped: 0.0511230 seconds, Stopping threads took: 0.0000150 seconds
94.217: Application time: 0.0000400 seconds
94.217: [Full GC [PSYoungGen: 69120K->69119K(80384K)] [ParOldGen: 182749K->182749K(182784K)] 251869K->251869K(263168K) [PSPermGen: 13471K->13471K(21504K)], 0.0507330 secs] [Times: user=0.35 sys=0.00, real=0.04 secs] 
94.268: Total time for which application threads were stopped: 0.0511320 seconds, Stopping threads took: 0.0000080 seconds
94.268: Application time: 0.0000470 seconds
94.268: [Full GC [PSYoungGen: 69120K->69119K(80384K)] [ParOldGen: 182749K->182749K(182784K)] 251869K->251869K(263168K) [PSPermGen: 13471K->13471K(21504K)], 0.0509100 secs] [Times: user=0.35 sys=0.00, real=0.06 secs] 
94.319: Total time for which application threads were stopped: 0.0513300 seconds, Stopping threads took: 0.0000080 seconds
94.319: Application time: 0.0000390 seconds
94.319: [Full GC [PSYoungGen: 69120K->69119K(80384K)] [ParOldGen: 182749K->182749K(182784K)] 251869K->251869K(263168K) [PSPermGen: 13471K->13471K(21504K)], 0.0522150 secs] [Times: user=0.36 sys=0.00, real=0.05 secs] 
94.372: Total time for which application threads were stopped: 0.0526370 seconds, Stopping threads took: 0.0000330 seconds
94.372: Application time: 0.0000420 seconds
94.372: [Full GC [PSYoungGen: 69120K->69119K(80384K)] [ParOldGen: 182749K->182749K(182784K)] 251869K->251869K(263168K) [PSPermGen: 13471K->13471K(21504K)], 0.0532070 secs] [Times: user=0.37 sys=0.00, real=0.05 secs] 
94.425: Total time for which application threads were stopped: 0.0536000 seconds, Stopping threads took: 0.0000140 seconds
94.425: Application time: 0.0000730 seconds
94.426: [Full GC [PSYoungGen: 69119K->69118K(80384K)] [ParOldGen: 182751K->182749K(182784K)] 251871K->251868K(263168K) [PSPermGen: 13471K->13471K(21504K)], 0.0502570 secs] [Times: user=0.35 sys=0.00, real=0.05 secs] 
94.476: Total time for which application threads were stopped: 0.0506440 seconds, Stopping threads took: 0.0000080 seconds
94.476: Application time: 0.0000410 seconds
94.476: [Full GC [PSYoungGen: 69120K->69118K(80384K)] [ParOldGen: 182749K->182749K(182784K)] 251869K->251868K(263168K) [PSPermGen: 13471K->13471K(21504K)], 0.0501920 secs] [Times: user=0.35 sys=0.00, real=0.05 secs] 
94.527: Total time for which application threads were stopped: 0.0505820 seconds, Stopping threads took: 0.0000090 seconds
94.527: Application time: 0.0000650 seconds
94.527: [Full GC [PSYoungGen: 69120K->69119K(80384K)] [ParOldGen: 182749K->182749K(182784K)] 251869K->251869K(263168K) [PSPermGen: 13471K->13471K(21504K)], 0.0508910 secs] [Times: user=0.36 sys=0.00, real=0.06 secs] 
94.578: Total time for which application threads were stopped: 0.0512750 seconds, Stopping threads took: 0.0000070 seconds
94.578: Application time: 0.0000610 seconds
94.578: [Full GC [PSYoungGen: 69120K->69119K(80384K)] [ParOldGen: 182749K->182749K(182784K)] 251869K->251869K(263168K) [PSPermGen: 13471K->13471K(21504K)], 0.0505000 secs] [Times: user=0.34 sys=0.00, real=0.05 secs] 
94.629: Total time for which application threads were stopped: 0.0508930 seconds, Stopping threads took: 0.0000080 seconds
94.629: Application time: 0.0000330 seconds
94.629: [Full GC [PSYoungGen: 69120K->69119K(80384K)] [ParOldGen: 182749K->182749K(182784K)] 251869K->251869K(263168K) [PSPermGen: 13471K->13471K(21504K)], 0.0501840 secs] [Times: user=0.35 sys=0.00, real=0.05 secs] 
94.680: Total time for which application threads were stopped: 0.0505690 seconds, Stopping threads took: 0.0000070 seconds
94.680: Application time: 0.0000550 seconds
94.680: [Full GC [PSYoungGen: 69120K->69119K(80384K)] [ParOldGen: 182749K->182749K(182784K)] 251869K->251869K(263168K) [PSPermGen: 13471K->13471K(21504K)], 0.0522510 secs] [Times: user=0.37 sys=0.00, real=0.05 secs] 
94.732: Total time for which application threads were stopped: 0.0526450 seconds, Stopping threads took: 0.0000080 seconds
94.732: Application time: 0.0000480 seconds
94.733: [Full GC [PSYoungGen: 69120K->69119K(80384K)] [ParOldGen: 182749K->182749K(182784K)] 251869K->251869K(263168K) [PSPermGen: 13471K->13471K(21504K)], 0.0503560 secs] [Times: user=0.35 sys=0.00, real=0.05 secs] 
94.783: Total time for which application threads were stopped: 0.0507660 seconds, Stopping threads took: 0.0000070 seconds
94.783: Application time: 0.0000600 seconds
94.784: [Full GC [PSYoungGen: 69120K->69119K(80384K)] [ParOldGen: 182749K->182749K(182784K)] 251869K->251869K(263168K) [PSPermGen: 13471K->13471K(21504K)], 0.0506920 secs] [Times: user=0.35 sys=0.01, real=0.05 secs] 
94.834: Total time for which application threads were stopped: 0.0511040 seconds, Stopping threads took: 0.0000080 seconds
94.834: Application time: 0.0000460 seconds
94.835: [Full GC [PSYoungGen: 69120K->69119K(80384K)] [ParOldGen: 182749K->182749K(182784K)] 251869K->251869K(263168K) [PSPermGen: 13471K->13471K(21504K)], 0.0504830 secs] [Times: user=0.35 sys=0.00, real=0.05 secs] 
94.885: Total time for which application threads were stopped: 0.0508890 seconds, Stopping threads took: 0.0000080 seconds
94.885: Application time: 0.0000340 seconds
94.886: [Full GC [PSYoungGen: 69120K->69119K(80384K)] [ParOldGen: 182749K->182749K(182784K)] 251869K->251869K(263168K) [PSPermGen: 13471K->13471K(21504K)], 0.0507700 secs] [Times: user=0.35 sys=0.00, real=0.05 secs] 
94.937: Total time for which application threads were stopped: 0.0512750 seconds, Stopping threads took: 0.0000240 seconds
94.937: Application time: 0.0000500 seconds
94.937: [Full GC [PSYoungGen: 69119K->69119K(80384K)] [ParOldGen: 182749K->182749K(182784K)] 251869K->251869K(263168K) [PSPermGen: 13471K->13471K(21504K)], 0.0501750 secs] [Times: user=0.34 sys=0.01, real=0.04 secs] 
94.987: Total time for which application threads were stopped: 0.0505650 seconds, Stopping threads took: 0.0000070 seconds
94.987: Application time: 0.0000710 seconds
94.988: [Full GC [PSYoungGen: 69119K->69119K(80384K)] [ParOldGen: 182751K->182750K(182784K)] 251871K->251869K(263168K) [PSPermGen: 13471K->13471K(21504K)], 0.0535100 secs] [Times: user=0.37 sys=0.00, real=0.06 secs] 
95.041: Total time for which application threads were stopped: 0.0539040 seconds, Stopping threads took: 0.0000080 seconds
95.041: Application time: 0.0000360 seconds
95.042: [Full GC [PSYoungGen: 69120K->69119K(80384K)] [ParOldGen: 182750K->182749K(182784K)] 251870K->251869K(263168K) [PSPermGen: 13471K->13471K(21504K)], 0.0507080 secs] [Times: user=0.35 sys=0.00, real=0.05 secs] 
95.092: Total time for which application threads were stopped: 0.0510990 seconds, Stopping threads took: 0.0000110 seconds
95.092: Application time: 0.0000470 seconds
95.093: [Full GC [PSYoungGen: 69120K->69119K(80384K)] [ParOldGen: 182749K->182749K(182784K)] 251869K->251869K(263168K) [PSPermGen: 13471K->13471K(21504K)], 0.0507130 secs] [Times: user=0.35 sys=0.00, real=0.05 secs] 
95.143: Total time for which application threads were stopped: 0.0511100 seconds, Stopping threads took: 0.0000080 seconds
95.144: Application time: 0.0000570 seconds
95.144: [Full GC [PSYoungGen: 69120K->69119K(80384K)] [ParOldGen: 182749K->182749K(182784K)] 251869K->251869K(263168K) [PSPermGen: 13471K->13471K(21504K)], 0.0504740 secs] [Times: user=0.35 sys=0.00, real=0.05 secs] 
95.194: Total time for which application threads were stopped: 0.0508680 seconds, Stopping threads took: 0.0000120 seconds
95.194: Application time: 0.0000300 seconds
95.195: [Full GC [PSYoungGen: 69120K->69119K(80384K)] [ParOldGen: 182749K->182749K(182784K)] 251869K->251869K(263168K) [PSPermGen: 13471K->13471K(21504K)], 0.0504990 secs] [Times: user=0.34 sys=0.00, real=0.05 secs] 
95.245: Total time for which application threads were stopped: 0.0508820 seconds, Stopping threads took: 0.0000060 seconds
95.245: Application time: 0.0000380 seconds
95.246: [Full GC [PSYoungGen: 69120K->69119K(80384K)] [ParOldGen: 182749K->182749K(182784K)] 251869K->251869K(263168K) [PSPermGen: 13471K->13471K(21504K)], 0.0501650 secs] [Times: user=0.34 sys=0.01, real=0.05 secs] 
95.296: Total time for which application threads were stopped: 0.0505510 seconds, Stopping threads took: 0.0000090 seconds
95.296: Application time: 0.0000400 seconds
95.296: [Full GC [PSYoungGen: 69120K->69119K(80384K)] [ParOldGen: 182749K->182749K(182784K)] 251869K->251869K(263168K) [PSPermGen: 13471K->13471K(21504K)], 0.0528480 secs] [Times: user=0.37 sys=0.00, real=0.06 secs] 
95.349: Total time for which application threads were stopped: 0.0532670 seconds, Stopping threads took: 0.0000090 seconds
95.349: Application time: 0.0000430 seconds
95.350: [Full GC [PSYoungGen: 69119K->69119K(80384K)] [ParOldGen: 182749K->182749K(182784K)] 251869K->251869K(263168K) [PSPermGen: 13471K->13471K(21504K)], 0.0502250 secs] [Times: user=0.35 sys=0.00, real=0.05 secs] 
95.400: Total time for which application threads were stopped: 0.0506100 seconds, Stopping threads took: 0.0000070 seconds
95.400: Application time: 0.0000680 seconds
95.400: [Full GC [PSYoungGen: 69119K->69118K(80384K)] [ParOldGen: 182751K->182750K(182784K)] 251871K->251869K(263168K) [PSPermGen: 13471K->13471K(21504K)], 0.0504850 secs] [Times: user=0.35 sys=0.00, real=0.05 secs] 
95.451: Total time for which application threads were stopped: 0.0508910 seconds, Stopping threads took: 0.0000080 seconds
95.451: Application time: 0.0000550 seconds
95.451: [Full GC [PSYoungGen: 69120K->69119K(80384K)] [ParOldGen: 182750K->182750K(182784K)] 251870K->251869K(263168K) [PSPermGen: 13471K->13471K(21504K)], 0.0526840 secs] [Times: user=0.37 sys=0.00, real=0.05 secs] 
95.504: Total time for which application threads were stopped: 0.0530680 seconds, Stopping threads took: 0.0000090 seconds
95.504: Application time: 0.0000420 seconds
95.504: [Full GC [PSYoungGen: 69120K->69119K(80384K)] [ParOldGen: 182750K->182750K(182784K)] 251870K->251869K(263168K) [PSPermGen: 13471K->13471K(21504K)], 0.0502650 secs] [Times: user=0.35 sys=0.00, real=0.05 secs] 
95.555: Total time for which application threads were stopped: 0.0506610 seconds, Stopping threads took: 0.0000140 seconds
95.555: Application time: 0.0000550 seconds
95.555: [Full GC [PSYoungGen: 69120K->69119K(80384K)] [ParOldGen: 182750K->182749K(182784K)] 251870K->251869K(263168K) [PSPermGen: 13471K->13471K(21504K)], 0.0505350 secs] [Times: user=0.35 sys=0.00, real=0.05 secs] 
95.606: Total time for which application threads were stopped: 0.0509210 seconds, Stopping threads took: 0.0000080 seconds
95.606: Application time: 0.0000460 seconds
95.606: [Full GC [PSYoungGen: 69120K->69119K(80384K)] [ParOldGen: 182749K->182749K(182784K)] 251869K->251869K(263168K) [PSPermGen: 13471K->13471K(21504K)], 0.0507840 secs] [Times: user=0.35 sys=0.00, real=0.06 secs] 
95.657: Total time for which application threads were stopped: 0.0511660 seconds, Stopping threads took: 0.0000060 seconds
95.657: Application time: 0.0000440 seconds
95.657: [Full GC [PSYoungGen: 69119K->69119K(80384K)] [ParOldGen: 182749K->182749K(182784K)] 251869K->251869K(263168K) [PSPermGen: 13471K->13471K(21504K)], 0.0504470 secs] [Times: user=0.35 sys=0.00, real=0.04 secs] 
95.708: Total time for which application threads were stopped: 0.0508350 seconds, Stopping threads took: 0.0000060 seconds
95.708: Application time: 0.0000460 seconds
95.708: [Full GC [PSYoungGen: 69120K->69119K(80384K)] [ParOldGen: 182749K->182749K(182784K)] 251869K->251869K(263168K) [PSPermGen: 13471K->13471K(21504K)], 0.0502160 secs] [Times: user=0.34 sys=0.00, real=0.06 secs] 
95.758: Total time for which application threads were stopped: 0.0506060 seconds, Stopping threads took: 0.0000100 seconds
95.758: Application time: 0.0000470 seconds
95.759: [Full GC [PSYoungGen: 69120K->69119K(80384K)] [ParOldGen: 182749K->182749K(182784K)] 251869K->251869K(263168K) [PSPermGen: 13471K->13471K(21504K)], 0.0505780 secs] [Times: user=0.34 sys=0.00, real=0.05 secs] 
95.809: Total time for which application threads were stopped: 0.0509660 seconds, Stopping threads took: 0.0000080 seconds
95.809: Application time: 0.0000270 seconds
95.810: [Full GC [PSYoungGen: 69120K->69119K(80384K)] [ParOldGen: 182749K->182749K(182784K)] 251869K->251869K(263168K) [PSPermGen: 13471K->13471K(21504K)], 0.0504660 secs] [Times: user=0.34 sys=0.00, real=0.05 secs] 
95.860: Total time for which application threads were stopped: 0.0508910 seconds, Stopping threads took: 0.0000100 seconds
95.860: Application time: 0.0000440 seconds
95.861: [Full GC [PSYoungGen: 69120K->69120K(80384K)] [ParOldGen: 182749K->182749K(182784K)] 251869K->251869K(263168K) [PSPermGen: 13471K->13471K(21504K)], 0.0518410 secs] [Times: user=0.36 sys=0.00, real=0.05 secs] 
95.913: Total time for which application threads were stopped: 0.0522810 seconds, Stopping threads took: 0.0000090 seconds
95.913: Application time: 0.0000560 seconds
95.913: [Full GC [PSYoungGen: 69120K->69119K(80384K)] [ParOldGen: 182752K->182750K(182784K)] 251872K->251869K(263168K) [PSPermGen: 13471K->13471K(21504K)], 0.0505280 secs] [Times: user=0.35 sys=0.00, real=0.05 secs] 
95.964: Total time for which application threads were stopped: 0.0509200 seconds, Stopping threads took: 0.0000080 seconds
95.964: Application time: 0.0000490 seconds
95.964: [Full GC [PSYoungGen: 69120K->69119K(80384K)] [ParOldGen: 182750K->182750K(182784K)] 251870K->251869K(263168K) [PSPermGen: 13471K->13471K(21504K)], 0.0505770 secs] [Times: user=0.35 sys=0.00, real=0.05 secs] 
96.015: Total time for which application threads were stopped: 0.0509630 seconds, Stopping threads took: 0.0000070 seconds
96.015: Application time: 0.0000460 seconds
96.015: [Full GC [PSYoungGen: 69120K->69119K(80384K)] [ParOldGen: 182750K->182750K(182784K)] 251870K->251870K(263168K) [PSPermGen: 13471K->13471K(21504K)], 0.0501520 secs] [Times: user=0.35 sys=0.00, real=0.05 secs] 
96.065: Total time for which application threads were stopped: 0.0505310 seconds, Stopping threads took: 0.0000070 seconds
96.065: Application time: 0.0000350 seconds
96.066: [Full GC [PSYoungGen: 69120K->69119K(80384K)] [ParOldGen: 182750K->182750K(182784K)] 251870K->251869K(263168K) [PSPermGen: 13471K->13471K(21504K)], 0.0527720 secs] [Times: user=0.37 sys=0.00, real=0.06 secs] 
96.118: Total time for which application threads were stopped: 0.0531640 seconds, Stopping threads took: 0.0000070 seconds
96.118: Application time: 0.0000390 seconds
96.119: [Full GC [PSYoungGen: 69120K->69119K(80384K)] [ParOldGen: 182750K->182750K(182784K)] 251870K->251869K(263168K) [PSPermGen: 13471K->13471K(21504K)], 0.0505250 secs] [Times: user=0.35 sys=0.00, real=0.05 secs] 
96.169: Total time for which application threads were stopped: 0.0509160 seconds, Stopping threads took: 0.0000080 seconds
96.169: Application time: 0.0000520 seconds
96.170: [Full GC [PSYoungGen: 69120K->69119K(80384K)] [ParOldGen: 182750K->182750K(182784K)] 251870K->251869K(263168K) [PSPermGen: 13471K->13471K(21504K)], 0.0531890 secs] [Times: user=0.37 sys=0.00, real=0.05 secs] 
96.223: Total time for which application threads were stopped: 0.0535820 seconds, Stopping threads took: 0.0000070 seconds
96.223: Application time: 0.0000310 seconds
96.223: [Full GC [PSYoungGen: 69120K->69119K(80384K)] [ParOldGen: 182750K->182750K(182784K)] 251870K->251869K(263168K) [PSPermGen: 13471K->13471K(21504K)], 0.0507420 secs] [Times: user=0.35 sys=0.00, real=0.05 secs] 
96.274: Total time for which application threads were stopped: 0.0511300 seconds, Stopping threads took: 0.0000090 seconds
96.274: Application time: 0.0000330 seconds
96.275: [Full GC [PSYoungGen: 69120K->69119K(80384K)] [ParOldGen: 182750K->182750K(182784K)] 251870K->251869K(263168K) [PSPermGen: 13471K->13471K(21504K)], 0.0503500 secs] [Times: user=0.35 sys=0.00, real=0.05 secs] 
96.325: Total time for which application threads were stopped: 0.0507420 seconds, Stopping threads took: 0.0000140 seconds
96.325: Application time: 0.0000350 seconds
96.325: [Full GC [PSYoungGen: 69120K->69119K(80384K)] [ParOldGen: 182750K->182750K(182784K)] 251870K->251869K(263168K) [PSPermGen: 13471K->13471K(21504K)], 0.0503370 secs] [Times: user=0.35 sys=0.00, real=0.05 secs] 
96.376: Total time for which application threads were stopped: 0.0507490 seconds, Stopping threads took: 0.0000070 seconds
96.376: Application time: 0.0000350 seconds
96.376: [Full GC [PSYoungGen: 69120K->69119K(80384K)] [ParOldGen: 182750K->182750K(182784K)] 251870K->251870K(263168K) [PSPermGen: 13471K->13471K(21504K)], 0.0502560 secs] [Times: user=0.35 sys=0.00, real=0.05 secs] 
96.426: Total time for which application threads were stopped: 0.0506590 seconds, Stopping threads took: 0.0000070 seconds
96.426: Application time: 0.0000780 seconds
96.427: [Full GC [PSYoungGen: 69120K->69119K(80384K)] [ParOldGen: 182752K->182750K(182784K)] 251872K->251869K(263168K) [PSPermGen: 13471K->13471K(21504K)], 0.0508250 secs] [Times: user=0.35 sys=0.00, real=0.06 secs] 
96.478: Total time for which application threads were stopped: 0.0512110 seconds, Stopping threads took: 0.0000080 seconds
96.478: Application time: 0.0000470 seconds
96.478: [Full GC [PSYoungGen: 69120K->69119K(80384K)] [ParOldGen: 182750K->182750K(182784K)] 251870K->251870K(263168K) [PSPermGen: 13471K->13471K(21504K)], 0.0527330 secs] [Times: user=0.37 sys=0.00, real=0.05 secs] 
96.531: Total time for which application threads were stopped: 0.0531260 seconds, Stopping threads took: 0.0000080 seconds
96.531: Application time: 0.0000480 seconds
96.531: [Full GC [PSYoungGen: 69120K->69119K(80384K)] [ParOldGen: 182750K->182750K(182784K)] 251870K->251870K(263168K) [PSPermGen: 13471K->13471K(21504K)], 0.0507190 secs] [Times: user=0.35 sys=0.00, real=0.05 secs] 
96.582: Total time for which application threads were stopped: 0.0511070 seconds, Stopping threads took: 0.0000080 seconds
96.582: Application time: 0.0000350 seconds
96.582: [Full GC [PSYoungGen: 69120K->69119K(80384K)] [ParOldGen: 182750K->182750K(182784K)] 251870K->251870K(263168K) [PSPermGen: 13471K->13471K(21504K)], 0.0533100 secs] [Times: user=0.37 sys=0.00, real=0.05 secs] 
96.636: Total time for which application threads were stopped: 0.0537030 seconds, Stopping threads took: 0.0000090 seconds
96.636: Application time: 0.0000510 seconds
96.636: [Full GC [PSYoungGen: 69120K->69120K(80384K)] [ParOldGen: 182750K->182750K(182784K)] 251870K->251870K(263168K) [PSPermGen: 13471K->13471K(21504K)], 0.0501580 secs] [Times: user=0.35 sys=0.00, real=0.05 secs] 
96.686: Total time for which application threads were stopped: 0.0505540 seconds, Stopping threads took: 0.0000110 seconds
96.686: Application time: 0.0000760 seconds
96.687: [Full GC [PSYoungGen: 69120K->69119K(80384K)] [ParOldGen: 182752K->182750K(182784K)] 251872K->251870K(263168K) [PSPermGen: 13471K->13471K(21504K)], 0.0505020 secs] [Times: user=0.35 sys=0.01, real=0.06 secs] 
96.737: Total time for which application threads were stopped: 0.0508860 seconds, Stopping threads took: 0.0000080 seconds
96.737: Application time: 0.0000430 seconds
96.738: [Full GC [PSYoungGen: 69120K->69119K(80384K)] [ParOldGen: 182750K->182750K(182784K)] 251870K->251870K(263168K) [PSPermGen: 13471K->13471K(21504K)], 0.0502120 secs] [Times: user=0.35 sys=0.00, real=0.04 secs] 
96.788: Total time for which application threads were stopped: 0.0506090 seconds, Stopping threads took: 0.0000090 seconds
96.788: Application time: 0.0000410 seconds
96.788: [Full GC [PSYoungGen: 69120K->69119K(80384K)] [ParOldGen: 182750K->182750K(182784K)] 251870K->251869K(263168K) [PSPermGen: 13471K->13471K(21504K)], 0.0508380 secs] [Times: user=0.35 sys=0.00, real=0.06 secs] 
96.839: Total time for which application threads were stopped: 0.0512340 seconds, Stopping threads took: 0.0000180 seconds
96.839: Application time: 0.0000450 seconds
96.840: [Full GC [PSYoungGen: 69120K->69119K(80384K)] [ParOldGen: 182750K->182750K(182784K)] 251870K->251869K(263168K) [PSPermGen: 13471K->13471K(21504K)], 0.0542220 secs] [Times: user=0.37 sys=0.00, real=0.05 secs] 
96.894: Total time for which application threads were stopped: 0.0546450 seconds, Stopping threads took: 0.0000080 seconds
96.894: Application time: 0.0000780 seconds
96.894: [Full GC [PSYoungGen: 69120K->69119K(80384K)] [ParOldGen: 182750K->182750K(182784K)] 251870K->251869K(263168K) [PSPermGen: 13471K->13471K(21504K)], 0.0505190 secs] [Times: user=0.35 sys=0.00, real=0.05 secs] 
96.945: Total time for which application threads were stopped: 0.0509180 seconds, Stopping threads took: 0.0000070 seconds
96.945: Application time: 0.0000480 seconds
96.945: [Full GC [PSYoungGen: 69120K->69119K(80384K)] [ParOldGen: 182750K->182750K(182784K)] 251870K->251869K(263168K) [PSPermGen: 13471K->13471K(21504K)], 0.0504630 secs] [Times: user=0.35 sys=0.00, real=0.05 secs] 
96.996: Total time for which application threads were stopped: 0.0508570 seconds, Stopping threads took: 0.0000090 seconds
96.996: Application time: 0.0000460 seconds
96.996: [Full GC [PSYoungGen: 69120K->69119K(80384K)] [ParOldGen: 182750K->182749K(182784K)] 251870K->251869K(263168K) [PSPermGen: 13471K->13471K(21504K)], 0.0537240 secs] [Times: user=0.38 sys=0.00, real=0.06 secs] 
97.050: Total time for which application threads were stopped: 0.0541120 seconds, Stopping threads took: 0.0000080 seconds
97.050: Application time: 0.0000390 seconds
97.050: [Full GC [PSYoungGen: 69120K->69119K(80384K)] [ParOldGen: 182749K->182749K(182784K)] 251869K->251869K(263168K) [PSPermGen: 13471K->13471K(21504K)], 0.0505390 secs] [Times: user=0.35 sys=0.00, real=0.05 secs] 
97.101: Total time for which application threads were stopped: 0.0509250 seconds, Stopping threads took: 0.0000080 seconds
97.101: Application time: 0.0000480 seconds
97.101: [Full GC [PSYoungGen: 69120K->69119K(80384K)] [ParOldGen: 182749K->182749K(182784K)] 251869K->251869K(263168K) [PSPermGen: 13471K->13471K(21504K)], 0.0506450 secs] [Times: user=0.35 sys=0.00, real=0.05 secs] 
97.152: Total time for which application threads were stopped: 0.0510370 seconds, Stopping threads took: 0.0000090 seconds
97.152: Application time: 0.0000450 seconds
97.152: [Full GC [PSYoungGen: 69119K->69119K(80384K)] [ParOldGen: 182749K->182749K(182784K)] 251869K->251869K(263168K) [PSPermGen: 13471K->13471K(21504K)], 0.0532870 secs] [Times: user=0.37 sys=0.00, real=0.05 secs] 
97.206: Total time for which application threads were stopped: 0.0536760 seconds, Stopping threads took: 0.0000070 seconds
97.206: Application time: 0.0000290 seconds
97.206: [Full GC [PSYoungGen: 69119K->69119K(80384K)] [ParOldGen: 182749K->182749K(182784K)] 251869K->251869K(263168K) [PSPermGen: 13471K->13471K(21504K)], 0.0523490 secs] [Times: user=0.37 sys=0.00, real=0.06 secs] 
97.259: Total time for which application threads were stopped: 0.0527430 seconds, Stopping threads took: 0.0000090 seconds
97.259: Application time: 0.0000290 seconds
97.259: [Full GC [PSYoungGen: 69119K->69119K(80384K)] [ParOldGen: 182749K->182749K(182784K)] 251869K->251869K(263168K) [PSPermGen: 13471K->13471K(21504K)], 0.0504400 secs] [Times: user=0.35 sys=0.00, real=0.05 secs] 
97.309: Total time for which application threads were stopped: 0.0508270 seconds, Stopping threads took: 0.0000070 seconds
97.309: Application time: 0.0000330 seconds
97.310: [Full GC [PSYoungGen: 69119K->69119K(80384K)] [ParOldGen: 182749K->182749K(182784K)] 251869K->251869K(263168K) [PSPermGen: 13471K->13471K(21504K)], 0.0505830 secs] [Times: user=0.35 sys=0.00, real=0.05 secs] 
97.360: Total time for which application threads were stopped: 0.0509730 seconds, Stopping threads took: 0.0000080 seconds
97.360: Application time: 0.0000320 seconds
97.361: [Full GC [PSYoungGen: 69119K->69119K(80384K)] [ParOldGen: 182749K->182749K(182784K)] 251869K->251869K(263168K) [PSPermGen: 13471K->13471K(21504K)], 0.0532080 secs] [Times: user=0.37 sys=0.00, real=0.05 secs] 
97.414: Total time for which application threads were stopped: 0.0536400 seconds, Stopping threads took: 0.0000120 seconds
97.414: Application time: 0.0000700 seconds
97.415: [Full GC [PSYoungGen: 69119K->69119K(80384K)] [ParOldGen: 182749K->182749K(182784K)] 251869K->251869K(263168K) [PSPermGen: 13471K->13471K(21504K)], 0.0531260 secs] [Times: user=0.37 sys=0.00, real=0.05 secs] 
97.468: Total time for which application threads were stopped: 0.0535180 seconds, Stopping threads took: 0.0000110 seconds
97.468: Application time: 0.0000310 seconds
97.468: [Full GC [PSYoungGen: 69119K->69119K(80384K)] [ParOldGen: 182749K->182749K(182784K)] 251869K->251869K(263168K) [PSPermGen: 13471K->13471K(21504K)], 0.0504010 secs] [Times: user=0.35 sys=0.00, real=0.06 secs] 
97.519: Total time for which application threads were stopped: 0.0508070 seconds, Stopping threads took: 0.0000130 seconds
97.519: Application time: 0.0000280 seconds
97.519: [Full GC [PSYoungGen: 69119K->69119K(80384K)] [ParOldGen: 182749K->182749K(182784K)] 251869K->251869K(263168K) [PSPermGen: 13471K->13471K(21504K)], 0.0505840 secs] [Times: user=0.35 sys=0.00, real=0.05 secs] 
97.570: Total time for which application threads were stopped: 0.0509810 seconds, Stopping threads took: 0.0000100 seconds
97.570: Application time: 0.0000580 seconds
97.570: [Full GC [PSYoungGen: 69119K->69119K(80384K)] [ParOldGen: 182752K->182750K(182784K)] 251872K->251870K(263168K) [PSPermGen: 13471K->13471K(21504K)], 0.0530810 secs] [Times: user=0.37 sys=0.00, real=0.05 secs] 
97.623: Total time for which application threads were stopped: 0.0534770 seconds, Stopping threads took: 0.0000100 seconds
97.623: Application time: 0.0000620 seconds
97.624: [Full GC [PSYoungGen: 69120K->69119K(80384K)] [ParOldGen: 182750K->182750K(182784K)] 251870K->251870K(263168K) [PSPermGen: 13471K->13471K(21504K)], 0.0504290 secs] [Times: user=0.35 sys=0.00, real=0.05 secs] 
97.674: Total time for which application threads were stopped: 0.0508280 seconds, Stopping threads took: 0.0000210 seconds
97.674: Application time: 0.0000540 seconds
97.674: [Full GC [PSYoungGen: 69120K->69119K(80384K)] [ParOldGen: 182750K->182750K(182784K)] 251870K->251870K(263168K) [PSPermGen: 13471K->13471K(21504K)], 0.0520620 secs] [Times: user=0.36 sys=0.00, real=0.05 secs] 
97.727: Total time for which application threads were stopped: 0.0524550 seconds, Stopping threads took: 0.0000090 seconds
97.727: Application time: 0.0000830 seconds
97.727: [Full GC [PSYoungGen: 69120K->69119K(80384K)] [ParOldGen: 182750K->182750K(182784K)] 251870K->251870K(263168K) [PSPermGen: 13471K->13471K(21504K)], 0.0506450 secs] [Times: user=0.35 sys=0.00, real=0.06 secs] 
97.778: Total time for which application threads were stopped: 0.0510340 seconds, Stopping threads took: 0.0000080 seconds
97.778: Application time: 0.0000400 seconds
97.778: [Full GC [PSYoungGen: 69120K->69119K(80384K)] [ParOldGen: 182750K->182750K(182784K)] 251870K->251870K(263168K) [PSPermGen: 13471K->13471K(21504K)], 0.0505940 secs] [Times: user=0.35 sys=0.00, real=0.05 secs] 
97.829: Total time for which application threads were stopped: 0.0509840 seconds, Stopping threads took: 0.0000080 seconds
97.829: Application time: 0.0000930 seconds
97.829: [Full GC [PSYoungGen: 69119K->69119K(80384K)] [ParOldGen: 182750K->182750K(182784K)] 251870K->251870K(263168K) [PSPermGen: 13471K->13471K(21504K)], 0.0502410 secs] [Times: user=0.35 sys=0.00, real=0.05 secs] 
97.879: Total time for which application threads were stopped: 0.0506320 seconds, Stopping threads took: 0.0000080 seconds
97.879: Application time: 0.0000600 seconds
97.880: [Full GC [PSYoungGen: 69119K->69119K(80384K)] [ParOldGen: 182752K->182751K(182784K)] 251872K->251870K(263168K) [PSPermGen: 13471K->13471K(21504K)], 0.0507190 secs] [Times: user=0.35 sys=0.00, real=0.05 secs] 
97.931: Total time for which application threads were stopped: 0.0511260 seconds, Stopping threads took: 0.0000080 seconds
97.931: Application time: 0.0000460 seconds
97.931: [Full GC [PSYoungGen: 69120K->69119K(80384K)] [ParOldGen: 182751K->182750K(182784K)] 251871K->251870K(263168K) [PSPermGen: 13471K->13471K(21504K)], 0.0527460 secs] [Times: user=0.37 sys=0.00, real=0.05 secs] 
97.984: Total time for which application threads were stopped: 0.0531340 seconds, Stopping threads took: 0.0000080 seconds
97.984: Application time: 0.0000370 seconds
97.984: [Full GC [PSYoungGen: 69120K->69119K(80384K)] [ParOldGen: 182750K->182750K(182784K)] 251870K->251870K(263168K) [PSPermGen: 13471K->13471K(21504K)], 0.0506330 secs] [Times: user=0.35 sys=0.00, real=0.05 secs] 
98.035: Total time for which application threads were stopped: 0.0510220 seconds, Stopping threads took: 0.0000110 seconds
98.035: Application time: 0.0000390 seconds
98.035: [Full GC [PSYoungGen: 69120K->69119K(80384K)] [ParOldGen: 182750K->182750K(182784K)] 251870K->251870K(263168K) [PSPermGen: 13471K->13471K(21504K)], 0.0506150 secs] [Times: user=0.35 sys=0.00, real=0.05 secs] 
98.086: Total time for which application threads were stopped: 0.0510200 seconds, Stopping threads took: 0.0000130 seconds
98.086: Application time: 0.0000420 seconds
98.086: [Full GC [PSYoungGen: 69120K->69119K(80384K)] [ParOldGen: 182750K->182750K(182784K)] 251870K->251870K(263168K) [PSPermGen: 13471K->13471K(21504K)], 0.0506510 secs] [Times: user=0.35 sys=0.00, real=0.06 secs] 
98.137: Total time for which application threads were stopped: 0.0510390 seconds, Stopping threads took: 0.0000080 seconds
98.137: Application time: 0.0000340 seconds
98.137: [Full GC [PSYoungGen: 69120K->69119K(80384K)] [ParOldGen: 182750K->182750K(182784K)] 251870K->251870K(263168K) [PSPermGen: 13471K->13471K(21504K)], 0.0503760 secs] [Times: user=0.35 sys=0.00, real=0.04 secs] 
98.188: Total time for which application threads were stopped: 0.0507700 seconds, Stopping threads took: 0.0000070 seconds
98.188: Application time: 0.0000310 seconds
98.188: [Full GC [PSYoungGen: 69120K->69119K(80384K)] [ParOldGen: 182750K->182750K(182784K)] 251870K->251870K(263168K) [PSPermGen: 13471K->13471K(21504K)], 0.0510020 secs] [Times: user=0.36 sys=0.00, real=0.06 secs] 
98.239: Total time for which application threads were stopped: 0.0513960 seconds, Stopping threads took: 0.0000110 seconds
98.239: Application time: 0.0000450 seconds
98.240: [Full GC [PSYoungGen: 69120K->69119K(80384K)] [ParOldGen: 182750K->182750K(182784K)] 251870K->251870K(263168K) [PSPermGen: 13471K->13471K(21504K)], 0.0505730 secs] [Times: user=0.35 sys=0.00, real=0.05 secs] 
98.290: Total time for which application threads were stopped: 0.0509730 seconds, Stopping threads took: 0.0000080 seconds
98.290: Application time: 0.0001000 seconds
98.291: [Full GC [PSYoungGen: 69120K->69119K(80384K)] [ParOldGen: 182750K->182750K(182784K)] 251870K->251870K(263168K) [PSPermGen: 13471K->13471K(21504K)], 0.0523000 secs] [Times: user=0.36 sys=0.00, real=0.05 secs] 
98.343: Total time for which application threads were stopped: 0.0526870 seconds, Stopping threads took: 0.0000080 seconds
98.343: Application time: 0.0000460 seconds
98.343: [Full GC [PSYoungGen: 69120K->69119K(80384K)] [ParOldGen: 182750K->182750K(182784K)] 251870K->251870K(263168K) [PSPermGen: 13471K->13471K(21504K)], 0.0526500 secs] [Times: user=0.37 sys=0.00, real=0.05 secs] 
98.396: Total time for which application threads were stopped: 0.0530410 seconds, Stopping threads took: 0.0000080 seconds
98.396: Application time: 0.0000540 seconds
98.397: [Full GC [PSYoungGen: 69120K->69119K(80384K)] [ParOldGen: 182750K->182750K(182784K)] 251870K->251870K(263168K) [PSPermGen: 13471K->13471K(21504K)], 0.0530830 secs] [Times: user=0.37 sys=0.00, real=0.06 secs] 
98.450: Total time for which application threads were stopped: 0.0534980 seconds, Stopping threads took: 0.0000080 seconds
98.450: Application time: 0.0000570 seconds
98.450: [Full GC [PSYoungGen: 69120K->69119K(80384K)] [ParOldGen: 182750K->182750K(182784K)] 251870K->251870K(263168K) [PSPermGen: 13471K->13471K(21504K)], 0.0503460 secs] [Times: user=0.35 sys=0.01, real=0.05 secs] 
98.500: Total time for which application threads were stopped: 0.0507310 seconds, Stopping threads took: 0.0000070 seconds
98.500: Application time: 0.0000420 seconds
98.501: [Full GC [PSYoungGen: 69120K->69119K(80384K)] [ParOldGen: 182750K->182750K(182784K)] 251870K->251870K(263168K) [PSPermGen: 13471K->13471K(21504K)], 0.0504640 secs] [Times: user=0.35 sys=0.00, real=0.05 secs] 
98.551: Total time for which application threads were stopped: 0.0508700 seconds, Stopping threads took: 0.0000110 seconds
98.551: Application time: 0.0000270 seconds
98.552: [Full GC [PSYoungGen: 69120K->69119K(80384K)] [ParOldGen: 182750K->182750K(182784K)] 251870K->251870K(263168K) [PSPermGen: 13471K->13471K(21504K)], 0.0514960 secs] [Times: user=0.35 sys=0.00, real=0.05 secs] 
98.603: Total time for which application threads were stopped: 0.0518820 seconds, Stopping threads took: 0.0000090 seconds
98.603: Application time: 0.0000420 seconds
98.604: [Full GC [PSYoungGen: 69120K->69120K(80384K)] [ParOldGen: 182750K->182750K(182784K)] 251870K->251870K(263168K) [PSPermGen: 13471K->13471K(21504K)], 0.0503890 secs] [Times: user=0.34 sys=0.00, real=0.05 secs] 
98.654: Total time for which application threads were stopped: 0.0507880 seconds, Stopping threads took: 0.0000090 seconds
98.654: Application time: 0.0000540 seconds
98.654: [Full GC [PSYoungGen: 69120K->69119K(80384K)] [ParOldGen: 182752K->182750K(182784K)] 251872K->251870K(263168K) [PSPermGen: 13471K->13471K(21504K)], 0.0519860 secs] [Times: user=0.37 sys=0.00, real=0.05 secs] 
98.707: Total time for which application threads were stopped: 0.0523750 seconds, Stopping threads took: 0.0000080 seconds
98.707: Application time: 0.0000510 seconds
98.707: [Full GC [PSYoungGen: 69120K->69119K(80384K)] [ParOldGen: 182750K->182750K(182784K)] 251870K->251870K(263168K) [PSPermGen: 13471K->13471K(21504K)], 0.0502660 secs] [Times: user=0.35 sys=0.00, real=0.06 secs] 
98.757: Total time for which application threads were stopped: 0.0506610 seconds, Stopping threads took: 0.0000080 seconds
98.757: Application time: 0.0000470 seconds
98.758: [Full GC [PSYoungGen: 69120K->69119K(80384K)] [ParOldGen: 182750K->182750K(182784K)] 251870K->251869K(263168K) [PSPermGen: 13471K->13471K(21504K)], 0.0504120 secs] [Times: user=0.35 sys=0.00, real=0.04 secs] 
98.808: Total time for which application threads were stopped: 0.0508480 seconds, Stopping threads took: 0.0000480 seconds
98.808: Application time: 0.0000430 seconds
98.809: [Full GC [PSYoungGen: 69120K->69119K(80384K)] [ParOldGen: 182750K->182750K(182784K)] 251870K->251869K(263168K) [PSPermGen: 13471K->13471K(21504K)], 0.0505370 secs] [Times: user=0.34 sys=0.00, real=0.06 secs] 
98.859: Total time for which application threads were stopped: 0.0509320 seconds, Stopping threads took: 0.0000090 seconds
98.859: Application time: 0.0000510 seconds
98.859: [Full GC [PSYoungGen: 69120K->69119K(80384K)] [ParOldGen: 182750K->182750K(182784K)] 251870K->251870K(263168K) [PSPermGen: 13471K->13471K(21504K)], 0.0518250 secs] [Times: user=0.36 sys=0.00, real=0.05 secs] 
98.911: Total time for which application threads were stopped: 0.0522140 seconds, Stopping threads took: 0.0000100 seconds
98.911: Application time: 0.0000440 seconds
98.912: [Full GC [PSYoungGen: 69120K->69119K(80384K)] [ParOldGen: 182750K->182750K(182784K)] 251870K->251870K(263168K) [PSPermGen: 13471K->13471K(21504K)], 0.0505800 secs] [Times: user=0.35 sys=0.00, real=0.05 secs] 
98.962: Total time for which application threads were stopped: 0.0509890 seconds, Stopping threads took: 0.0000070 seconds
98.962: Application time: 0.0000470 seconds
98.963: [Full GC [PSYoungGen: 69120K->69119K(80384K)] [ParOldGen: 182750K->182750K(182784K)] 251870K->251870K(263168K) [PSPermGen: 13471K->13471K(21504K)], 0.0524720 secs] [Times: user=0.36 sys=0.01, real=0.05 secs] 
99.015: Total time for which application threads were stopped: 0.0528580 seconds, Stopping threads took: 0.0000080 seconds
99.015: Application time: 0.0000410 seconds
99.016: [Full GC [PSYoungGen: 69119K->69119K(80384K)] [ParOldGen: 182750K->182750K(182784K)] 251870K->251870K(263168K) [PSPermGen: 13471K->13471K(21504K)], 0.0503570 secs] [Times: user=0.35 sys=0.00, real=0.05 secs] 
99.066: Total time for which application threads were stopped: 0.0507430 seconds, Stopping threads took: 0.0000070 seconds
99.066: Application time: 0.0000650 seconds
99.067: [Full GC [PSYoungGen: 69119K->69119K(80384K)] [ParOldGen: 182752K->182750K(182784K)] 251872K->251870K(263168K) [PSPermGen: 13471K->13471K(21504K)], 0.0505580 secs] [Times: user=0.35 sys=0.00, real=0.06 secs] 
99.117: Total time for which application threads were stopped: 0.0509400 seconds, Stopping threads took: 0.0000070 seconds
99.117: Application time: 0.0000400 seconds
99.118: [Full GC [PSYoungGen: 69120K->69119K(80384K)] [ParOldGen: 182750K->182750K(182784K)] 251870K->251870K(263168K) [PSPermGen: 13471K->13471K(21504K)], 0.0535070 secs] [Times: user=0.37 sys=0.00, real=0.05 secs] 
99.171: Total time for which application threads were stopped: 0.0539390 seconds, Stopping threads took: 0.0000400 seconds
99.171: Application time: 0.0000540 seconds
99.171: [Full GC [PSYoungGen: 69120K->69119K(80384K)] [ParOldGen: 182750K->182750K(182784K)] 251870K->251870K(263168K) [PSPermGen: 13471K->13471K(21504K)], 0.0505950 secs] [Times: user=0.35 sys=0.00, real=0.05 secs] 
99.222: Total time for which application threads were stopped: 0.0509810 seconds, Stopping threads took: 0.0000070 seconds
99.222: Application time: 0.0000330 seconds
99.223: [Full GC [PSYoungGen: 69120K->69119K(80384K)] [ParOldGen: 182750K->182750K(182784K)] 251870K->251870K(263168K) [PSPermGen: 13471K->13471K(21504K)], 0.0503230 secs] [Times: user=0.35 sys=0.00, real=0.05 secs] 
99.273: Total time for which application threads were stopped: 0.0507110 seconds, Stopping threads took: 0.0000110 seconds
99.273: Application time: 0.0000530 seconds
99.273: [Full GC [PSYoungGen: 69120K->69119K(80384K)] [ParOldGen: 182750K->182750K(182784K)] 251870K->251870K(263168K) [PSPermGen: 13471K->13471K(21504K)], 0.0506900 secs] [Times: user=0.35 sys=0.00, real=0.05 secs] 
99.324: Total time for which application threads were stopped: 0.0510840 seconds, Stopping threads took: 0.0000070 seconds
99.324: Application time: 0.0000390 seconds
99.324: [Full GC [PSYoungGen: 69119K->69119K(80384K)] [ParOldGen: 182750K->182750K(182784K)] 251870K->251870K(263168K) [PSPermGen: 13471K->13471K(21504K)], 0.0500970 secs] [Times: user=0.35 sys=0.00, real=0.05 secs] 
99.375: Total time for which application threads were stopped: 0.0504990 seconds, Stopping threads took: 0.0000080 seconds
99.375: Application time: 0.0000410 seconds
99.375: [Full GC [PSYoungGen: 69119K->69119K(80384K)] [ParOldGen: 182750K->182750K(182784K)] 251870K->251870K(263168K) [PSPermGen: 13471K->13471K(21504K)], 0.0505820 secs] [Times: user=0.35 sys=0.00, real=0.05 secs] 
99.426: Total time for which application threads were stopped: 0.0509650 seconds, Stopping threads took: 0.0000070 seconds
99.426: Application time: 0.0000460 seconds
99.426: [Full GC [PSYoungGen: 69119K->69119K(80384K)] [ParOldGen: 182752K->182750K(182784K)] 251872K->251870K(263168K) [PSPermGen: 13471K->13471K(21504K)], 0.0503500 secs] [Times: user=0.35 sys=0.00, real=0.05 secs] 
99.476: Total time for which application threads were stopped: 0.0507610 seconds, Stopping threads took: 0.0000070 seconds
99.476: Application time: 0.0000580 seconds
99.477: [Full GC [PSYoungGen: 69120K->69119K(80384K)] [ParOldGen: 182750K->182750K(182784K)] 251870K->251870K(263168K) [PSPermGen: 13471K->13471K(21504K)], 0.0503240 secs] [Times: user=0.35 sys=0.00, real=0.04 secs] 
99.527: Total time for which application threads were stopped: 0.0507200 seconds, Stopping threads took: 0.0000070 seconds
99.527: Application time: 0.0000440 seconds
99.528: [Full GC [PSYoungGen: 69119K->69119K(80384K)] [ParOldGen: 182750K->182750K(182784K)] 251870K->251870K(263168K) [PSPermGen: 13471K->13471K(21504K)], 0.0503830 secs] [Times: user=0.35 sys=0.00, real=0.06 secs] 
99.578: Total time for which application threads were stopped: 0.0507730 seconds, Stopping threads took: 0.0000080 seconds
99.578: Application time: 0.0000350 seconds
99.578: [Full GC [PSYoungGen: 69119K->69119K(80384K)] [ParOldGen: 182750K->182750K(182784K)] 251870K->251870K(263168K) [PSPermGen: 13471K->13471K(21504K)], 0.0504620 secs] [Times: user=0.35 sys=0.00, real=0.05 secs] 
99.629: Total time for which application threads were stopped: 0.0508570 seconds, Stopping threads took: 0.0000090 seconds
99.629: Application time: 0.0000630 seconds
99.629: [Full GC [PSYoungGen: 69120K->69119K(80384K)] [ParOldGen: 182752K->182751K(182784K)] 251872K->251870K(263168K) [PSPermGen: 13471K->13471K(21504K)], 0.0505280 secs] [Times: user=0.35 sys=0.00, real=0.05 secs] 
99.680: Total time for which application threads were stopped: 0.0509150 seconds, Stopping threads took: 0.0000080 seconds
99.680: Application time: 0.0000430 seconds
99.680: [Full GC [PSYoungGen: 69120K->69119K(80384K)] [ParOldGen: 182751K->182751K(182784K)] 251871K->251870K(263168K) [PSPermGen: 13471K->13471K(21504K)], 0.0504670 secs] [Times: user=0.35 sys=0.00, real=0.05 secs] 
99.731: Total time for which application threads were stopped: 0.0508760 seconds, Stopping threads took: 0.0000170 seconds
99.731: Application time: 0.0000540 seconds
99.731: [Full GC [PSYoungGen: 69120K->69119K(80384K)] [ParOldGen: 182751K->182750K(182784K)] 251871K->251870K(263168K) [PSPermGen: 13471K->13471K(21504K)], 0.0506170 secs] [Times: user=0.35 sys=0.00, real=0.05 secs] 
99.782: Total time for which application threads were stopped: 0.0510000 seconds, Stopping threads took: 0.0000070 seconds
99.782: Application time: 0.0000480 seconds
99.782: [Full GC [PSYoungGen: 69120K->69119K(80384K)] [ParOldGen: 182750K->182750K(182784K)] 251870K->251870K(263168K) [PSPermGen: 13471K->13471K(21504K)], 0.0503360 secs] [Times: user=0.35 sys=0.00, real=0.05 secs] 
99.833: Total time for which application threads were stopped: 0.0507390 seconds, Stopping threads took: 0.0000110 seconds
99.833: Application time: 0.0000570 seconds
99.833: [Full GC [PSYoungGen: 69120K->69119K(80384K)] [ParOldGen: 182750K->182750K(182784K)] 251870K->251870K(263168K) [PSPermGen: 13471K->13471K(21504K)], 0.0503210 secs] [Times: user=0.34 sys=0.00, real=0.05 secs] 
99.883: Total time for which application threads were stopped: 0.0507110 seconds, Stopping threads took: 0.0000070 seconds
99.883: Application time: 0.0000510 seconds
99.884: [Full GC [PSYoungGen: 69120K->69119K(80384K)] [ParOldGen: 182750K->182750K(182784K)] 251870K->251870K(263168K) [PSPermGen: 13471K->13471K(21504K)], 0.0539420 secs] [Times: user=0.38 sys=0.00, real=0.06 secs] 
99.938: Total time for which application threads were stopped: 0.0543340 seconds, Stopping threads took: 0.0000070 seconds
99.938: Application time: 0.0000590 seconds
99.938: [Full GC [PSYoungGen: 69120K->69119K(80384K)] [ParOldGen: 182750K->182750K(182784K)] 251870K->251870K(263168K) [PSPermGen: 13471K->13471K(21504K)], 0.0504740 secs] [Times: user=0.35 sys=0.00, real=0.05 secs] 
99.989: Total time for which application threads were stopped: 0.0508770 seconds, Stopping threads took: 0.0000070 seconds
99.989: Application time: 0.0000400 seconds
99.989: [Full GC [PSYoungGen: 69120K->69119K(80384K)] [ParOldGen: 182750K->182750K(182784K)] 251870K->251870K(263168K) [PSPermGen: 13471K->13471K(21504K)], 0.0503610 secs] [Times: user=0.35 sys=0.00, real=0.05 secs] 
100.040: Total time for which application threads were stopped: 0.0507550 seconds, Stopping threads took: 0.0000120 seconds
100.040: Application time: 0.0000510 seconds
100.040: [Full GC [PSYoungGen: 69120K->69119K(80384K)] [ParOldGen: 182750K->182750K(182784K)] 251870K->251870K(263168K) [PSPermGen: 13471K->13471K(21504K)], 0.0502910 secs] [Times: user=0.35 sys=0.00, real=0.05 secs] 
100.090: Total time for which application threads were stopped: 0.0506870 seconds, Stopping threads took: 0.0000140 seconds
100.090: Application time: 0.0000490 seconds
100.091: [Full GC [PSYoungGen: 69120K->69119K(80384K)] [ParOldGen: 182750K->182750K(182784K)] 251870K->251870K(263168K) [PSPermGen: 13471K->13471K(21504K)], 0.0539350 secs] [Times: user=0.38 sys=0.00, real=0.05 secs] 
100.145: Total time for which application threads were stopped: 0.0543340 seconds, Stopping threads took: 0.0000060 seconds
100.145: Application time: 0.0000360 seconds
100.145: [Full GC [PSYoungGen: 69120K->69119K(80384K)] [ParOldGen: 182750K->182750K(182784K)] 251870K->251870K(263168K) [PSPermGen: 13471K->13471K(21504K)], 0.0531230 secs] [Times: user=0.37 sys=0.00, real=0.06 secs] 
100.198: Total time for which application threads were stopped: 0.0535120 seconds, Stopping threads took: 0.0000080 seconds
100.198: Application time: 0.0000360 seconds
100.199: [Full GC [PSYoungGen: 69120K->69119K(80384K)] [ParOldGen: 182750K->182750K(182784K)] 251870K->251870K(263168K) [PSPermGen: 13471K->13471K(21504K)], 0.0503700 secs] [Times: user=0.35 sys=0.01, real=0.05 secs] 
100.249: Total time for which application threads were stopped: 0.0507640 seconds, Stopping threads took: 0.0000100 seconds
100.249: Application time: 0.0000360 seconds
100.249: [Full GC [PSYoungGen: 69120K->69119K(80384K)] [ParOldGen: 182750K->182750K(182784K)] 251870K->251870K(263168K) [PSPermGen: 13471K->13471K(21504K)], 0.0531900 secs] [Times: user=0.37 sys=0.00, real=0.05 secs] 
100.303: Total time for which application threads were stopped: 0.0535880 seconds, Stopping threads took: 0.0000120 seconds
100.303: Application time: 0.0000510 seconds
100.303: [Full GC [PSYoungGen: 69120K->69119K(80384K)] [ParOldGen: 182750K->182750K(182784K)] 251870K->251870K(263168K) [PSPermGen: 13471K->13471K(21504K)], 0.0526890 secs] [Times: user=0.37 sys=0.00, real=0.05 secs] 
100.356: Total time for which application threads were stopped: 0.0530820 seconds, Stopping threads took: 0.0000080 seconds
100.356: Application time: 0.0000500 seconds
100.356: [Full GC [PSYoungGen: 69120K->69119K(80384K)] [ParOldGen: 182750K->182750K(182784K)] 251870K->251870K(263168K) [PSPermGen: 13471K->13471K(21504K)], 0.0511140 secs] [Times: user=0.35 sys=0.00, real=0.05 secs] 
100.407: Total time for which application threads were stopped: 0.0515090 seconds, Stopping threads took: 0.0000080 seconds
100.407: Application time: 0.0000430 seconds
100.408: [Full GC [PSYoungGen: 69120K->69119K(80384K)] [ParOldGen: 182750K->182750K(182784K)] 251870K->251870K(263168K) [PSPermGen: 13471K->13471K(21504K)], 0.0527180 secs] [Times: user=0.37 sys=0.00, real=0.06 secs] 
100.460: Total time for which application threads were stopped: 0.0531070 seconds, Stopping threads took: 0.0000070 seconds
100.461: Application time: 0.0000490 seconds
100.461: [Full GC [PSYoungGen: 69120K->69119K(80384K)] [ParOldGen: 182750K->182750K(182784K)] 251870K->251870K(263168K) [PSPermGen: 13471K->13471K(21504K)], 0.0504730 secs] [Times: user=0.35 sys=0.00, real=0.05 secs] 
100.511: Total time for which application threads were stopped: 0.0508980 seconds, Stopping threads took: 0.0000080 seconds
100.511: Application time: 0.0000690 seconds
100.512: [Full GC [PSYoungGen: 69120K->69119K(80384K)] [ParOldGen: 182750K->182750K(182784K)] 251870K->251870K(263168K) [PSPermGen: 13471K->13471K(21504K)], 0.0503140 secs] [Times: user=0.35 sys=0.00, real=0.05 secs] 
100.562: Total time for which application threads were stopped: 0.0507030 seconds, Stopping threads took: 0.0000070 seconds
100.562: Application time: 0.0000840 seconds
100.563: [Full GC [PSYoungGen: 69119K->69119K(80384K)] [ParOldGen: 182752K->182751K(182784K)] 251872K->251870K(263168K) [PSPermGen: 13471K->13471K(21504K)], 0.0504460 secs] [Times: user=0.35 sys=0.00, real=0.05 secs] 
100.613: Total time for which application threads were stopped: 0.0508290 seconds, Stopping threads took: 0.0000070 seconds
100.613: Application time: 0.0000480 seconds
100.613: [Full GC [PSYoungGen: 69120K->69119K(80384K)] [ParOldGen: 182751K->182750K(182784K)] 251871K->251870K(263168K) [PSPermGen: 13471K->13471K(21504K)], 0.0503380 secs] [Times: user=0.35 sys=0.00, real=0.05 secs] 
100.664: Total time for which application threads were stopped: 0.0507190 seconds, Stopping threads took: 0.0000060 seconds
100.664: Application time: 0.0000390 seconds
100.664: [Full GC [PSYoungGen: 69120K->69119K(80384K)] [ParOldGen: 182750K->182750K(182784K)] 251870K->251870K(263168K) [PSPermGen: 13471K->13471K(21504K)], 0.0502770 secs] [Times: user=0.35 sys=0.00, real=0.05 secs] 
100.715: Total time for which application threads were stopped: 0.0506620 seconds, Stopping threads took: 0.0000100 seconds
100.715: Application time: 0.0000530 seconds
100.715: [Full GC [PSYoungGen: 69120K->69119K(80384K)] [ParOldGen: 182750K->182750K(182784K)] 251870K->251870K(263168K) [PSPermGen: 13471K->13471K(21504K)], 0.0510680 secs] [Times: user=0.35 sys=0.00, real=0.05 secs] 
100.766: Total time for which application threads were stopped: 0.0514590 seconds, Stopping threads took: 0.0000090 seconds
100.766: Application time: 0.0000630 seconds
100.766: [Full GC [PSYoungGen: 69120K->69119K(80384K)] [ParOldGen: 182750K->182750K(182784K)] 251870K->251870K(263168K) [PSPermGen: 13471K->13471K(21504K)], 0.0507670 secs] [Times: user=0.35 sys=0.00, real=0.06 secs] 
100.817: Total time for which application threads were stopped: 0.0511610 seconds, Stopping threads took: 0.0000080 seconds
100.817: Application time: 0.0000330 seconds
100.818: [Full GC [PSYoungGen: 69120K->69119K(80384K)] [ParOldGen: 182750K->182750K(182784K)] 251870K->251870K(263168K) [PSPermGen: 13471K->13471K(21504K)], 0.0504600 secs] [Times: user=0.35 sys=0.00, real=0.04 secs] 
100.868: Total time for which application threads were stopped: 0.0508480 seconds, Stopping threads took: 0.0000070 seconds
100.868: Application time: 0.0000480 seconds
100.869: [Full GC [PSYoungGen: 69119K->69119K(80384K)] [ParOldGen: 182750K->182750K(182784K)] 251870K->251870K(263168K) [PSPermGen: 13471K->13471K(21504K)], 0.0511740 secs] [Times: user=0.36 sys=0.00, real=0.06 secs] 
100.920: Total time for which application threads were stopped: 0.0515830 seconds, Stopping threads took: 0.0000100 seconds
100.920: Application time: 0.0000360 seconds
100.920: [Full GC [PSYoungGen: 69120K->69119K(80384K)] [ParOldGen: 182750K->182750K(182784K)] 251870K->251870K(263168K) [PSPermGen: 13471K->13471K(21504K)], 0.0516810 secs] [Times: user=0.34 sys=0.00, real=0.05 secs] 
100.972: Total time for which application threads were stopped: 0.0520770 seconds, Stopping threads took: 0.0000110 seconds
100.972: Application time: 0.0000310 seconds
100.972: [Full GC [PSYoungGen: 69120K->69119K(80384K)] [ParOldGen: 182750K->182750K(182784K)] 251870K->251870K(263168K) [PSPermGen: 13471K->13471K(21504K)], 0.0501790 secs] [Times: user=0.35 sys=0.00, real=0.05 secs] 
101.023: Total time for which application threads were stopped: 0.0505950 seconds, Stopping threads took: 0.0000130 seconds
101.023: Application time: 0.0000600 seconds
101.023: [Full GC [PSYoungGen: 69120K->69119K(80384K)] [ParOldGen: 182752K->182751K(182784K)] 251872K->251870K(263168K) [PSPermGen: 13471K->13471K(21504K)], 0.0532750 secs] [Times: user=0.38 sys=0.00, real=0.05 secs] 
101.076: Total time for which application threads were stopped: 0.0536650 seconds, Stopping threads took: 0.0000100 seconds
101.076: Application time: 0.0000360 seconds
101.077: [Full GC [PSYoungGen: 69120K->69119K(80384K)] [ParOldGen: 182751K->182750K(182784K)] 251871K->251870K(263168K) [PSPermGen: 13471K->13471K(21504K)], 0.0528850 secs] [Times: user=0.37 sys=0.00, real=0.05 secs] 
101.130: Total time for which application threads were stopped: 0.0532910 seconds, Stopping threads took: 0.0000130 seconds
101.130: Application time: 0.0000330 seconds
101.130: [Full GC [PSYoungGen: 69120K->69119K(80384K)] [ParOldGen: 182750K->182750K(182784K)] 251870K->251870K(263168K) [PSPermGen: 13471K->13471K(21504K)], 0.0504850 secs] [Times: user=0.34 sys=0.00, real=0.05 secs] 
101.181: Total time for which application threads were stopped: 0.0508780 seconds, Stopping threads took: 0.0000090 seconds
101.181: Application time: 0.0000530 seconds
101.181: [Full GC [PSYoungGen: 69120K->69119K(80384K)] [ParOldGen: 182750K->182750K(182784K)] 251870K->251870K(263168K) [PSPermGen: 13471K->13471K(21504K)], 0.0501650 secs] [Times: user=0.35 sys=0.00, real=0.05 secs] 
101.231: Total time for which application threads were stopped: 0.0505530 seconds, Stopping threads took: 0.0000070 seconds
101.231: Application time: 0.0000450 seconds
101.232: [Full GC [PSYoungGen: 69120K->69119K(80384K)] [ParOldGen: 182750K->182750K(182784K)] 251870K->251870K(263168K) [PSPermGen: 13471K->13471K(21504K)], 0.0503330 secs] [Times: user=0.35 sys=0.00, real=0.05 secs] 
101.282: Total time for which application threads were stopped: 0.0507240 seconds, Stopping threads took: 0.0000090 seconds
101.282: Application time: 0.0000350 seconds
101.282: [Full GC [PSYoungGen: 69120K->69119K(80384K)] [ParOldGen: 182750K->182750K(182784K)] 251870K->251870K(263168K) [PSPermGen: 13471K->13471K(21504K)], 0.0503070 secs] [Times: user=0.35 sys=0.00, real=0.05 secs] 
101.333: Total time for which application threads were stopped: 0.0507110 seconds, Stopping threads took: 0.0000110 seconds
101.333: Application time: 0.0000470 seconds
101.333: [Full GC [PSYoungGen: 69120K->69119K(80384K)] [ParOldGen: 182750K->182750K(182784K)] 251870K->251870K(263168K) [PSPermGen: 13471K->13471K(21504K)], 0.0502390 secs] [Times: user=0.34 sys=0.00, real=0.05 secs] 
101.383: Total time for which application threads were stopped: 0.0506330 seconds, Stopping threads took: 0.0000080 seconds
101.383: Application time: 0.0000490 seconds
101.384: [Full GC [PSYoungGen: 69120K->69119K(80384K)] [ParOldGen: 182750K->182750K(182784K)] 251870K->251870K(263168K) [PSPermGen: 13471K->13471K(21504K)], 0.0505300 secs] [Times: user=0.35 sys=0.00, real=0.05 secs] 
101.434: Total time for which application threads were stopped: 0.0509190 seconds, Stopping threads took: 0.0000070 seconds
101.434: Application time: 0.0000780 seconds
101.435: [Full GC [PSYoungGen: 69120K->69119K(80384K)] [ParOldGen: 182750K->182750K(182784K)] 251870K->251870K(263168K) [PSPermGen: 13471K->13471K(21504K)], 0.0504500 secs] [Times: user=0.35 sys=0.00, real=0.05 secs] 
101.485: Total time for which application threads were stopped: 0.0508550 seconds, Stopping threads took: 0.0000200 seconds
101.485: Application time: 0.0000760 seconds
101.486: [Full GC [PSYoungGen: 69120K->69119K(80384K)] [ParOldGen: 182750K->182750K(182784K)] 251870K->251870K(263168K) [PSPermGen: 13471K->13471K(21504K)], 0.0506960 secs] [Times: user=0.35 sys=0.01, real=0.05 secs] 
101.536: Total time for which application threads were stopped: 0.0511090 seconds, Stopping threads took: 0.0000080 seconds
101.536: Application time: 0.0000440 seconds
101.537: [Full GC [PSYoungGen: 69120K->69119K(80384K)] [ParOldGen: 182750K->182750K(182784K)] 251870K->251870K(263168K) [PSPermGen: 13471K->13471K(21504K)], 0.0506380 secs] [Times: user=0.35 sys=0.00, real=0.04 secs] 
101.588: Total time for which application threads were stopped: 0.0510410 seconds, Stopping threads took: 0.0000160 seconds
101.588: Application time: 0.0000400 seconds
101.588: [Full GC [PSYoungGen: 69120K->69119K(80384K)] [ParOldGen: 182750K->182750K(182784K)] 251870K->251870K(263168K) [PSPermGen: 13471K->13471K(21504K)], 0.0506280 secs] [Times: user=0.35 sys=0.00, real=0.06 secs] 
101.639: Total time for which application threads were stopped: 0.0510180 seconds, Stopping threads took: 0.0000120 seconds
101.639: Application time: 0.0000360 seconds
101.639: [Full GC [PSYoungGen: 69120K->69119K(80384K)] [ParOldGen: 182750K->182750K(182784K)] 251870K->251870K(263168K) [PSPermGen: 13471K->13471K(21504K)], 0.0505230 secs] [Times: user=0.35 sys=0.00, real=0.05 secs] 
101.690: Total time for which application threads were stopped: 0.0509150 seconds, Stopping threads took: 0.0000070 seconds
101.690: Application time: 0.0000580 seconds
101.690: [Full GC [PSYoungGen: 69120K->69119K(80384K)] [ParOldGen: 182750K->182750K(182784K)] 251870K->251870K(263168K) [PSPermGen: 13471K->13471K(21504K)], 0.0505050 secs] [Times: user=0.35 sys=0.00, real=0.05 secs] 
101.740: Total time for which application threads were stopped: 0.0508960 seconds, Stopping threads took: 0.0000080 seconds
101.741: Application time: 0.0000480 seconds
101.741: [Full GC [PSYoungGen: 69119K->69119K(80384K)] [ParOldGen: 182750K->182750K(182784K)] 251870K->251870K(263168K) [PSPermGen: 13471K->13471K(21504K)], 0.0502700 secs] [Times: user=0.34 sys=0.00, real=0.05 secs] 
101.791: Total time for which application threads were stopped: 0.0506630 seconds, Stopping threads took: 0.0000090 seconds
101.791: Application time: 0.0000300 seconds
101.792: [Full GC [PSYoungGen: 69119K->69119K(80384K)] [ParOldGen: 182750K->182750K(182784K)] 251870K->251870K(263168K) [PSPermGen: 13471K->13471K(21504K)], 0.0503240 secs] [Times: user=0.35 sys=0.00, real=0.05 secs] 
101.842: Total time for which application threads were stopped: 0.0507200 seconds, Stopping threads took: 0.0000130 seconds
101.842: Application time: 0.0000480 seconds
101.842: [Full GC [PSYoungGen: 69119K->69119K(80384K)] [ParOldGen: 182752K->182751K(182784K)] 251872K->251870K(263168K) [PSPermGen: 13471K->13471K(21504K)], 0.0509830 secs] [Times: user=0.35 sys=0.00, real=0.05 secs] 
101.893: Total time for which application threads were stopped: 0.0513820 seconds, Stopping threads took: 0.0000080 seconds
101.893: Application time: 0.0000450 seconds
101.894: [Full GC [PSYoungGen: 69120K->69119K(80384K)] [ParOldGen: 182751K->182750K(182784K)] 251871K->251870K(263168K) [PSPermGen: 13471K->13471K(21504K)], 0.0522290 secs] [Times: user=0.36 sys=0.00, real=0.05 secs] 
101.946: Total time for which application threads were stopped: 0.0526130 seconds, Stopping threads took: 0.0000100 seconds
101.946: Application time: 0.0000420 seconds
101.946: [Full GC [PSYoungGen: 69120K->69119K(80384K)] [ParOldGen: 182750K->182750K(182784K)] 251870K->251870K(263168K) [PSPermGen: 13471K->13471K(21504K)], 0.0501810 secs] [Times: user=0.34 sys=0.00, real=0.06 secs] 
101.997: Total time for which application threads were stopped: 0.0505800 seconds, Stopping threads took: 0.0000130 seconds
101.997: Application time: 0.0000370 seconds
101.997: [Full GC [PSYoungGen: 69120K->69119K(80384K)] [ParOldGen: 182750K->182750K(182784K)] 251870K->251870K(263168K) [PSPermGen: 13471K->13471K(21504K)], 0.0504250 secs] [Times: user=0.35 sys=0.00, real=0.04 secs] 
102.048: Total time for which application threads were stopped: 0.0508400 seconds, Stopping threads took: 0.0000090 seconds
102.048: Application time: 0.0000430 seconds
102.048: [Full GC [PSYoungGen: 69120K->69119K(80384K)] [ParOldGen: 182750K->182750K(182784K)] 251870K->251870K(263168K) [PSPermGen: 13471K->13471K(21504K)], 0.0504520 secs] [Times: user=0.35 sys=0.00, real=0.06 secs] 
102.098: Total time for which application threads were stopped: 0.0508460 seconds, Stopping threads took: 0.0000070 seconds
102.098: Application time: 0.0000430 seconds
102.099: [Full GC [PSYoungGen: 69119K->69119K(80384K)] [ParOldGen: 182750K->182750K(182784K)] 251870K->251870K(263168K) [PSPermGen: 13471K->13471K(21504K)], 0.0513600 secs] [Times: user=0.35 sys=0.00, real=0.05 secs] 
102.150: Total time for which application threads were stopped: 0.0517510 seconds, Stopping threads took: 0.0000060 seconds
102.150: Application time: 0.0000590 seconds
102.151: [Full GC [PSYoungGen: 69120K->69119K(80384K)] [ParOldGen: 182753K->182751K(182784K)] 251873K->251870K(263168K) [PSPermGen: 13471K->13471K(21504K)], 0.0507190 secs] [Times: user=0.33 sys=0.02, real=0.05 secs] 
102.201: Total time for which application threads were stopped: 0.0511140 seconds, Stopping threads took: 0.0000100 seconds
102.201: Application time: 0.0000450 seconds
102.202: [Full GC [PSYoungGen: 69120K->69119K(80384K)] [ParOldGen: 182751K->182751K(182784K)] 251871K->251871K(263168K) [PSPermGen: 13471K->13471K(21504K)], 0.0503560 secs] [Times: user=0.35 sys=0.00, real=0.05 secs] 
102.252: Total time for which application threads were stopped: 0.0507490 seconds, Stopping threads took: 0.0000080 seconds
102.252: Application time: 0.0000420 seconds
102.253: [Full GC [PSYoungGen: 69120K->69119K(80384K)] [ParOldGen: 182751K->182751K(182784K)] 251871K->251871K(263168K) [PSPermGen: 13471K->13471K(21504K)], 0.0533770 secs] [Times: user=0.37 sys=0.01, real=0.05 secs] 
102.306: Total time for which application threads were stopped: 0.0537690 seconds, Stopping threads took: 0.0000080 seconds
102.306: Application time: 0.0000630 seconds
102.306: [Full GC [PSYoungGen: 69119K->69119K(80384K)] [ParOldGen: 182751K->182751K(182784K)] 251871K->251871K(263168K) [PSPermGen: 13471K->13471K(21504K)], 0.0535650 secs] [Times: user=0.37 sys=0.00, real=0.06 secs] 
102.360: Total time for which application threads were stopped: 0.0539580 seconds, Stopping threads took: 0.0000090 seconds
102.360: Application time: 0.0000380 seconds
102.360: [Full GC [PSYoungGen: 69119K->69119K(80384K)] [ParOldGen: 182751K->182751K(182784K)] 251871K->251871K(263168K) [PSPermGen: 13471K->13471K(21504K)], 0.0501320 secs] [Times: user=0.35 sys=0.00, real=0.05 secs] 
102.411: Total time for which application threads were stopped: 0.0505200 seconds, Stopping threads took: 0.0000060 seconds
102.411: Application time: 0.0000420 seconds
102.411: [Full GC [PSYoungGen: 69119K->69119K(80384K)] [ParOldGen: 182751K->182751K(182784K)] 251871K->251871K(263168K) [PSPermGen: 13471K->13471K(21504K)], 0.0520480 secs] [Times: user=0.37 sys=0.00, real=0.05 secs] 
102.463: Total time for which application threads were stopped: 0.0524520 seconds, Stopping threads took: 0.0000100 seconds
102.463: Application time: 0.0000470 seconds
102.463: [Full GC [PSYoungGen: 69119K->69119K(80384K)] [ParOldGen: 182751K->182751K(182784K)] 251871K->251871K(263168K) [PSPermGen: 13471K->13471K(21504K)], 0.0521810 secs] [Times: user=0.36 sys=0.00, real=0.05 secs] 
102.516: Total time for which application threads were stopped: 0.0525620 seconds, Stopping threads took: 0.0000070 seconds
102.516: Application time: 0.0000560 seconds
102.516: [Full GC [PSYoungGen: 69119K->69119K(80384K)] [ParOldGen: 182753K->182751K(182784K)] 251873K->251870K(263168K) [PSPermGen: 13471K->13471K(21504K)], 0.0526990 secs] [Times: user=0.37 sys=0.00, real=0.06 secs] 
102.569: Total time for which application threads were stopped: 0.0531280 seconds, Stopping threads took: 0.0000080 seconds
102.569: Application time: 0.0000480 seconds
102.569: [Full GC [PSYoungGen: 69120K->69119K(80384K)] [ParOldGen: 182751K->182751K(182784K)] 251871K->251870K(263168K) [PSPermGen: 13471K->13471K(21504K)], 0.0525040 secs] [Times: user=0.37 sys=0.00, real=0.05 secs] 
102.622: Total time for which application threads were stopped: 0.0528990 seconds, Stopping threads took: 0.0000110 seconds
102.622: Application time: 0.0000430 seconds
102.622: [Full GC [PSYoungGen: 69120K->69119K(80384K)] [ParOldGen: 182751K->182751K(182784K)] 251871K->251870K(263168K) [PSPermGen: 13471K->13471K(21504K)], 0.0532610 secs] [Times: user=0.37 sys=0.00, real=0.05 secs] 
102.676: Total time for which application threads were stopped: 0.0536570 seconds, Stopping threads took: 0.0000080 seconds
102.676: Application time: 0.0000400 seconds
102.676: [Full GC [PSYoungGen: 69120K->69119K(80384K)] [ParOldGen: 182751K->182751K(182784K)] 251871K->251870K(263168K) [PSPermGen: 13471K->13471K(21504K)], 0.0520130 secs] [Times: user=0.36 sys=0.00, real=0.05 secs] 
102.728: Total time for which application threads were stopped: 0.0523990 seconds, Stopping threads took: 0.0000080 seconds
102.728: Application time: 0.0000480 seconds
102.728: [Full GC [PSYoungGen: 69120K->69119K(80384K)] [ParOldGen: 182751K->182751K(182784K)] 251871K->251870K(263168K) [PSPermGen: 13471K->13471K(21504K)], 0.0530270 secs] [Times: user=0.37 sys=0.00, real=0.06 secs] 
102.781: Total time for which application threads were stopped: 0.0534230 seconds, Stopping threads took: 0.0000080 seconds
102.782: Application time: 0.0000430 seconds
102.782: [Full GC [PSYoungGen: 69120K->69119K(80384K)] [ParOldGen: 182751K->182751K(182784K)] 251871K->251870K(263168K) [PSPermGen: 13471K->13471K(21504K)], 0.0503680 secs] [Times: user=0.35 sys=0.00, real=0.05 secs] 
102.832: Total time for which application threads were stopped: 0.0507530 seconds, Stopping threads took: 0.0000070 seconds
102.832: Application time: 0.0000620 seconds
102.833: [Full GC [PSYoungGen: 69120K->69119K(80384K)] [ParOldGen: 182751K->182751K(182784K)] 251871K->251870K(263168K) [PSPermGen: 13471K->13471K(21504K)], 0.0527680 secs] [Times: user=0.37 sys=0.00, real=0.05 secs] 
102.886: Total time for which application threads were stopped: 0.0531880 seconds, Stopping threads took: 0.0000090 seconds
102.886: Application time: 0.0000720 seconds
102.886: [Full GC [PSYoungGen: 69120K->69119K(80384K)] [ParOldGen: 182751K->182751K(182784K)] 251871K->251870K(263168K) [PSPermGen: 13471K->13471K(21504K)], 0.0506770 secs] [Times: user=0.35 sys=0.00, real=0.06 secs] 
102.937: Total time for which application threads were stopped: 0.0511550 seconds, Stopping threads took: 0.0000100 seconds
102.937: Application time: 0.0000480 seconds
102.937: [Full GC [PSYoungGen: 69120K->69119K(80384K)] [ParOldGen: 182751K->182751K(182784K)] 251871K->251870K(263168K) [PSPermGen: 13471K->13471K(21504K)], 0.0524520 secs] [Times: user=0.36 sys=0.00, real=0.05 secs] 
102.990: Total time for which application threads were stopped: 0.0528360 seconds, Stopping threads took: 0.0000080 seconds
102.990: Application time: 0.0000440 seconds
102.990: [Full GC [PSYoungGen: 69120K->69119K(80384K)] [ParOldGen: 182751K->182750K(182784K)] 251871K->251870K(263168K) [PSPermGen: 13471K->13471K(21504K)], 0.0514880 secs] [Times: user=0.36 sys=0.00, real=0.05 secs] 
103.042: Total time for which application threads were stopped: 0.0518840 seconds, Stopping threads took: 0.0000140 seconds
103.042: Application time: 0.0000370 seconds
103.042: [Full GC [PSYoungGen: 69120K->69119K(80384K)] [ParOldGen: 182750K->182750K(182784K)] 251870K->251870K(263168K) [PSPermGen: 13471K->13471K(21504K)], 0.0502330 secs] [Times: user=0.35 sys=0.00, real=0.05 secs] 
103.092: Total time for which application threads were stopped: 0.0506410 seconds, Stopping threads took: 0.0000070 seconds
103.092: Application time: 0.0000400 seconds
103.093: [Full GC [PSYoungGen: 69120K->69119K(80384K)] [ParOldGen: 182750K->182750K(182784K)] 251870K->251870K(263168K) [PSPermGen: 13471K->13471K(21504K)], 0.0506590 secs] [Times: user=0.35 sys=0.00, real=0.05 secs] 
103.143: Total time for which application threads were stopped: 0.0510660 seconds, Stopping threads took: 0.0000110 seconds
103.143: Application time: 0.0000550 seconds
103.144: [Full GC [PSYoungGen: 69120K->69119K(80384K)] [ParOldGen: 182750K->182750K(182784K)] 251870K->251870K(263168K) [PSPermGen: 13471K->13471K(21504K)], 0.0507370 secs] [Times: user=0.35 sys=0.00, real=0.05 secs] 
103.195: Total time for which application threads were stopped: 0.0511290 seconds, Stopping threads took: 0.0000120 seconds
103.195: Application time: 0.0000620 seconds
103.195: [Full GC [PSYoungGen: 69120K->69119K(80384K)] [ParOldGen: 182750K->182750K(182784K)] 251870K->251870K(263168K) [PSPermGen: 13471K->13471K(21504K)], 0.0506770 secs] [Times: user=0.36 sys=0.00, real=0.05 secs] 
103.246: Total time for which application threads were stopped: 0.0510710 seconds, Stopping threads took: 0.0000090 seconds
103.246: Application time: 0.0000520 seconds
103.246: [Full GC [PSYoungGen: 69120K->69119K(80384K)] [ParOldGen: 182750K->182750K(182784K)] 251870K->251870K(263168K) [PSPermGen: 13471K->13471K(21504K)], 0.0503280 secs] [Times: user=0.35 sys=0.00, real=0.05 secs] 
103.296: Total time for which application threads were stopped: 0.0507230 seconds, Stopping threads took: 0.0000110 seconds
103.296: Application time: 0.0000390 seconds
103.297: [Full GC [PSYoungGen: 69120K->69119K(80384K)] [ParOldGen: 182750K->182750K(182784K)] 251870K->251870K(263168K) [PSPermGen: 13471K->13471K(21504K)], 0.0505310 secs] [Times: user=0.35 sys=0.00, real=0.04 secs] 
103.347: Total time for which application threads were stopped: 0.0509420 seconds, Stopping threads took: 0.0000120 seconds
103.347: Application time: 0.0000440 seconds
103.348: [Full GC [PSYoungGen: 69120K->69119K(80384K)] [ParOldGen: 182750K->182750K(182784K)] 251870K->251870K(263168K) [PSPermGen: 13471K->13471K(21504K)], 0.0532110 secs] [Times: user=0.37 sys=0.00, real=0.06 secs] 
103.401: Total time for which application threads were stopped: 0.0535990 seconds, Stopping threads took: 0.0000080 seconds
103.401: Application time: 0.0000330 seconds
103.401: [Full GC [PSYoungGen: 69119K->69119K(80384K)] [ParOldGen: 182750K->182750K(182784K)] 251870K->251870K(263168K) [PSPermGen: 13471K->13471K(21504K)], 0.0503590 secs] [Times: user=0.35 sys=0.00, real=0.05 secs] 
103.452: Total time for which application threads were stopped: 0.0507480 seconds, Stopping threads took: 0.0000070 seconds
103.452: Application time: 0.0000770 seconds
103.452: [Full GC [PSYoungGen: 69119K->69119K(80384K)] [ParOldGen: 182752K->182750K(182784K)] 251872K->251869K(263168K) [PSPermGen: 13471K->13471K(21504K)], 0.0524820 secs] [Times: user=0.36 sys=0.00, real=0.05 secs] 
103.505: Total time for which application threads were stopped: 0.0528730 seconds, Stopping threads took: 0.0000090 seconds
103.505: Application time: 0.0000510 seconds
103.505: [Full GC [PSYoungGen: 69120K->69119K(80384K)] [ParOldGen: 182750K->182750K(182784K)] 251870K->251869K(263168K) [PSPermGen: 13471K->13471K(21504K)], 0.0505950 secs] [Times: user=0.35 sys=0.00, real=0.05 secs] 
103.556: Total time for which application threads were stopped: 0.0509970 seconds, Stopping threads took: 0.0000080 seconds
103.556: Application time: 0.0000560 seconds
103.556: [Full GC [PSYoungGen: 69120K->69119K(80384K)] [ParOldGen: 182750K->182750K(182784K)] 251870K->251869K(263168K) [PSPermGen: 13471K->13471K(21504K)], 0.0506250 secs] [Times: user=0.35 sys=0.00, real=0.05 secs] 
103.607: Total time for which application threads were stopped: 0.0510360 seconds, Stopping threads took: 0.0000070 seconds
103.607: Application time: 0.0000540 seconds
103.607: [Full GC [PSYoungGen: 69120K->69119K(80384K)] [ParOldGen: 182750K->182750K(182784K)] 251870K->251869K(263168K) [PSPermGen: 13471K->13471K(21504K)], 0.0505680 secs] [Times: user=0.35 sys=0.00, real=0.06 secs] 
103.658: Total time for which application threads were stopped: 0.0509580 seconds, Stopping threads took: 0.0000070 seconds
103.658: Application time: 0.0000640 seconds
103.658: [Full GC [PSYoungGen: 69120K->69119K(80384K)] [ParOldGen: 182750K->182750K(182784K)] 251870K->251869K(263168K) [PSPermGen: 13471K->13471K(21504K)], 0.0506640 secs] [Times: user=0.35 sys=0.00, real=0.05 secs] 
103.709: Total time for which application threads were stopped: 0.0510530 seconds, Stopping threads took: 0.0000080 seconds
103.709: Application time: 0.0000550 seconds
103.709: [Full GC [PSYoungGen: 69120K->69119K(80384K)] [ParOldGen: 182750K->182750K(182784K)] 251870K->251869K(263168K) [PSPermGen: 13471K->13471K(21504K)], 0.0504220 secs] [Times: user=0.35 sys=0.00, real=0.05 secs] 
103.760: Total time for which application threads were stopped: 0.0508110 seconds, Stopping threads took: 0.0000080 seconds
103.760: Application time: 0.0000470 seconds
103.760: [Full GC [PSYoungGen: 69120K->69119K(80384K)] [ParOldGen: 182750K->182750K(182784K)] 251870K->251870K(263168K) [PSPermGen: 13471K->13471K(21504K)], 0.0502230 secs] [Times: user=0.35 sys=0.00, real=0.05 secs] 
103.811: Total time for which application threads were stopped: 0.0506100 seconds, Stopping threads took: 0.0000070 seconds
103.811: Application time: 0.0000830 seconds
103.811: [Full GC [PSYoungGen: 69120K->69119K(80384K)] [ParOldGen: 182750K->182750K(182784K)] 251870K->251870K(263168K) [PSPermGen: 13471K->13471K(21504K)], 0.0506090 secs] [Times: user=0.35 sys=0.00, real=0.05 secs] 
103.862: Total time for which application threads were stopped: 0.0509900 seconds, Stopping threads took: 0.0000100 seconds
103.862: Application time: 0.0000520 seconds
103.862: [Full GC [PSYoungGen: 69120K->69119K(80384K)] [ParOldGen: 182750K->182750K(182784K)] 251870K->251870K(263168K) [PSPermGen: 13471K->13471K(21504K)], 0.0508900 secs] [Times: user=0.35 sys=0.00, real=0.05 secs] 
103.913: Total time for which application threads were stopped: 0.0512760 seconds, Stopping threads took: 0.0000070 seconds
103.913: Application time: 0.0000420 seconds
103.913: [Full GC [PSYoungGen: 69120K->69119K(80384K)] [ParOldGen: 182750K->182750K(182784K)] 251870K->251870K(263168K) [PSPermGen: 13471K->13471K(21504K)], 0.0524410 secs] [Times: user=0.37 sys=0.01, real=0.05 secs] 
103.966: Total time for which application threads were stopped: 0.0528300 seconds, Stopping threads took: 0.0000070 seconds
103.966: Application time: 0.0000510 seconds
103.966: [Full GC [PSYoungGen: 69120K->69119K(80384K)] [ParOldGen: 182750K->182750K(182784K)] 251870K->251870K(263168K) [PSPermGen: 13471K->13471K(21504K)], 0.0507700 secs] [Times: user=0.35 sys=0.00, real=0.06 secs] 
104.017: Total time for which application threads were stopped: 0.0511570 seconds, Stopping threads took: 0.0000080 seconds
104.017: Application time: 0.0000630 seconds
104.018: [Full GC [PSYoungGen: 69120K->69119K(80384K)] [ParOldGen: 182750K->182750K(182784K)] 251870K->251870K(263168K) [PSPermGen: 13471K->13471K(21504K)], 0.0503050 secs] [Times: user=0.35 sys=0.00, real=0.04 secs] 
104.068: Total time for which application threads were stopped: 0.0507010 seconds, Stopping threads took: 0.0000080 seconds
104.068: Application time: 0.0000280 seconds
104.068: [Full GC [PSYoungGen: 69119K->69119K(80384K)] [ParOldGen: 182750K->182750K(182784K)] 251870K->251870K(263168K) [PSPermGen: 13471K->13471K(21504K)], 0.0501660 secs] [Times: user=0.35 sys=0.00, real=0.06 secs] 
104.118: Total time for which application threads were stopped: 0.0505820 seconds, Stopping threads took: 0.0000060 seconds
104.119: Application time: 0.0000290 seconds
104.119: [Full GC [PSYoungGen: 69120K->69119K(80384K)] [ParOldGen: 182750K->182750K(182784K)] 251870K->251870K(263168K) [PSPermGen: 13471K->13471K(21504K)], 0.0506370 secs] [Times: user=0.35 sys=0.00, real=0.05 secs] 
104.170: Total time for which application threads were stopped: 0.0510270 seconds, Stopping threads took: 0.0000070 seconds
104.170: Application time: 0.0000550 seconds
104.170: [Full GC [PSYoungGen: 69119K->69119K(80384K)] [ParOldGen: 182752K->182750K(182784K)] 251872K->251870K(263168K) [PSPermGen: 13471K->13471K(21504K)], 0.0504880 secs] [Times: user=0.35 sys=0.00, real=0.05 secs] 
104.220: Total time for which application threads were stopped: 0.0508780 seconds, Stopping threads took: 0.0000080 seconds
104.221: Application time: 0.0000500 seconds
104.221: [Full GC [PSYoungGen: 69120K->69119K(80384K)] [ParOldGen: 182750K->182750K(182784K)] 251870K->251870K(263168K) [PSPermGen: 13471K->13471K(21504K)], 0.0505760 secs] [Times: user=0.35 sys=0.00, real=0.05 secs] 
104.272: Total time for which application threads were stopped: 0.0509780 seconds, Stopping threads took: 0.0000070 seconds
104.272: Application time: 0.0000450 seconds
104.272: [Full GC [PSYoungGen: 69120K->69119K(80384K)] [ParOldGen: 182750K->182750K(182784K)] 251870K->251870K(263168K) [PSPermGen: 13471K->13471K(21504K)], 0.0510120 secs] [Times: user=0.35 sys=0.00, real=0.05 secs] 
104.323: Total time for which application threads were stopped: 0.0513980 seconds, Stopping threads took: 0.0000080 seconds
104.323: Application time: 0.0000440 seconds
104.323: [Full GC [PSYoungGen: 69120K->69119K(80384K)] [ParOldGen: 182750K->182750K(182784K)] 251870K->251870K(263168K) [PSPermGen: 13471K->13471K(21504K)], 0.0504590 secs] [Times: user=0.35 sys=0.00, real=0.05 secs] 
104.374: Total time for which application threads were stopped: 0.0508540 seconds, Stopping threads took: 0.0000110 seconds
104.374: Application time: 0.0000390 seconds
104.374: [Full GC [PSYoungGen: 69120K->69119K(80384K)] [ParOldGen: 182750K->182750K(182784K)] 251870K->251870K(263168K) [PSPermGen: 13471K->13471K(21504K)], 0.0523720 secs] [Times: user=0.37 sys=0.00, real=0.05 secs] 
104.427: Total time for which application threads were stopped: 0.0527610 seconds, Stopping threads took: 0.0000080 seconds
104.427: Application time: 0.0000450 seconds
104.427: [Full GC [PSYoungGen: 69120K->69119K(80384K)] [ParOldGen: 182750K->182750K(182784K)] 251870K->251870K(263168K) [PSPermGen: 13471K->13471K(21504K)], 0.0505010 secs] [Times: user=0.35 sys=0.00, real=0.06 secs] 
104.478: Total time for which application threads were stopped: 0.0508930 seconds, Stopping threads took: 0.0000110 seconds
104.478: Application time: 0.0000680 seconds
104.478: [Full GC [PSYoungGen: 69120K->69119K(80384K)] [ParOldGen: 182752K->182751K(182784K)] 251872K->251870K(263168K) [PSPermGen: 13471K->13471K(21504K)], 0.0507150 secs] [Times: user=0.35 sys=0.00, real=0.05 secs] 
104.529: Total time for which application threads were stopped: 0.0511060 seconds, Stopping threads took: 0.0000080 seconds
104.529: Application time: 0.0000460 seconds
104.529: [Full GC [PSYoungGen: 69120K->69119K(80384K)] [ParOldGen: 182751K->182750K(182784K)] 251871K->251870K(263168K) [PSPermGen: 13471K->13471K(21504K)], 0.0522180 secs] [Times: user=0.36 sys=0.00, real=0.05 secs] 
104.581: Total time for which application threads were stopped: 0.0526090 seconds, Stopping threads took: 0.0000070 seconds
104.581: Application time: 0.0000390 seconds
104.582: [Full GC [PSYoungGen: 69120K->69119K(80384K)] [ParOldGen: 182750K->182750K(182784K)] 251870K->251870K(263168K) [PSPermGen: 13471K->13471K(21504K)], 0.0505280 secs] [Times: user=0.36 sys=0.00, real=0.05 secs] 
104.632: Total time for which application threads were stopped: 0.0509530 seconds, Stopping threads took: 0.0000080 seconds
104.632: Application time: 0.0000290 seconds
104.633: [Full GC [PSYoungGen: 69119K->69119K(80384K)] [ParOldGen: 182750K->182750K(182784K)] 251870K->251870K(263168K) [PSPermGen: 13471K->13471K(21504K)], 0.0502460 secs] [Times: user=0.35 sys=0.00, real=0.05 secs] 
104.683: Total time for which application threads were stopped: 0.0506410 seconds, Stopping threads took: 0.0000100 seconds
104.683: Application time: 0.0000410 seconds
104.683: [Full GC [PSYoungGen: 69120K->69119K(80384K)] [ParOldGen: 182750K->182750K(182784K)] 251870K->251870K(263168K) [PSPermGen: 13471K->13471K(21504K)], 0.0507810 secs] [Times: user=0.35 sys=0.00, real=0.05 secs] 
104.734: Total time for which application threads were stopped: 0.0511900 seconds, Stopping threads took: 0.0000130 seconds
104.734: Application time: 0.0000590 seconds
104.735: [Full GC [PSYoungGen: 69120K->69119K(80384K)] [ParOldGen: 182753K->182751K(182784K)] 251873K->251870K(263168K) [PSPermGen: 13471K->13471K(21504K)], 0.0508320 secs] [Times: user=0.35 sys=0.00, real=0.05 secs] 
104.786: Total time for which application threads were stopped: 0.0512190 seconds, Stopping threads took: 0.0000090 seconds
104.786: Application time: 0.0000910 seconds
104.786: [Full GC [PSYoungGen: 69120K->69119K(80384K)] [ParOldGen: 182751K->182751K(182784K)] 251871K->251870K(263168K) [PSPermGen: 13471K->13471K(21504K)], 0.0506860 secs] [Times: user=0.35 sys=0.00, real=0.06 secs] 
104.837: Total time for which application threads were stopped: 0.0510790 seconds, Stopping threads took: 0.0000080 seconds
104.837: Application time: 0.0000470 seconds
104.837: [Full GC [PSYoungGen: 69120K->69119K(80384K)] [ParOldGen: 182751K->182751K(182784K)] 251871K->251870K(263168K) [PSPermGen: 13471K->13471K(21504K)], 0.0512080 secs] [Times: user=0.35 sys=0.00, real=0.04 secs] 
104.888: Total time for which application threads were stopped: 0.0515940 seconds, Stopping threads took: 0.0000080 seconds
104.888: Application time: 0.0000360 seconds
104.889: [Full GC [PSYoungGen: 69120K->69119K(80384K)] [ParOldGen: 182751K->182751K(182784K)] 251871K->251870K(263168K) [PSPermGen: 13471K->13471K(21504K)], 0.0502650 secs] [Times: user=0.35 sys=0.00, real=0.05 secs] 
104.939: Total time for which application threads were stopped: 0.0506470 seconds, Stopping threads took: 0.0000080 seconds
104.939: Application time: 0.0000420 seconds
104.939: [Full GC [PSYoungGen: 69120K->69119K(80384K)] [ParOldGen: 182751K->182751K(182784K)] 251871K->251870K(263168K) [PSPermGen: 13471K->13471K(21504K)], 0.0503940 secs] [Times: user=0.35 sys=0.00, real=0.05 secs] 
104.990: Total time for which application threads were stopped: 0.0507860 seconds, Stopping threads took: 0.0000110 seconds
104.990: Application time: 0.0000330 seconds
104.990: [Full GC [PSYoungGen: 69120K->69119K(80384K)] [ParOldGen: 182751K->182750K(182784K)] 251871K->251870K(263168K) [PSPermGen: 13471K->13471K(21504K)], 0.0506100 secs] [Times: user=0.35 sys=0.00, real=0.05 secs] 
105.041: Total time for which application threads were stopped: 0.0510010 seconds, Stopping threads took: 0.0000110 seconds
105.041: Application time: 0.0000450 seconds
105.041: [Full GC [PSYoungGen: 69120K->69119K(80384K)] [ParOldGen: 182750K->182750K(182784K)] 251870K->251870K(263168K) [PSPermGen: 13471K->13471K(21504K)], 0.0504620 secs] [Times: user=0.35 sys=0.00, real=0.05 secs] 
105.092: Total time for which application threads were stopped: 0.0508490 seconds, Stopping threads took: 0.0000080 seconds
105.092: Application time: 0.0000490 seconds
105.092: [Full GC [PSYoungGen: 69119K->69119K(80384K)] [ParOldGen: 182750K->182750K(182784K)] 251870K->251870K(263168K) [PSPermGen: 13471K->13471K(21504K)], 0.0519830 secs] [Times: user=0.36 sys=0.00, real=0.05 secs] 
105.144: Total time for which application threads were stopped: 0.0523990 seconds, Stopping threads took: 0.0000070 seconds
105.144: Application time: 0.0000300 seconds
105.145: [Full GC [PSYoungGen: 69120K->69119K(80384K)] [ParOldGen: 182750K->182750K(182784K)] 251870K->251870K(263168K) [PSPermGen: 13471K->13471K(21504K)], 0.0517610 secs] [Times: user=0.37 sys=0.00, real=0.05 secs] 
105.197: Total time for which application threads were stopped: 0.0521690 seconds, Stopping threads took: 0.0000140 seconds
105.197: Application time: 0.0000390 seconds
105.197: [Full GC [PSYoungGen: 69120K->69119K(80384K)] [ParOldGen: 182750K->182750K(182784K)] 251870K->251870K(263168K) [PSPermGen: 13471K->13471K(21504K)], 0.0506350 secs] [Times: user=0.35 sys=0.00, real=0.04 secs] 
105.248: Total time for which application threads were stopped: 0.0510370 seconds, Stopping threads took: 0.0000080 seconds
105.248: Application time: 0.0000310 seconds
105.248: [Full GC [PSYoungGen: 69119K->69119K(80384K)] [ParOldGen: 182750K->182750K(182784K)] 251870K->251870K(263168K) [PSPermGen: 13471K->13471K(21504K)], 0.0528880 secs] [Times: user=0.37 sys=0.00, real=0.06 secs] 
105.301: Total time for which application threads were stopped: 0.0532830 seconds, Stopping threads took: 0.0000070 seconds
105.301: Application time: 0.0000330 seconds
105.301: [Full GC [PSYoungGen: 69120K->69119K(80384K)] [ParOldGen: 182750K->182750K(182784K)] 251870K->251870K(263168K) [PSPermGen: 13471K->13471K(21504K)], 0.0522210 secs] [Times: user=0.36 sys=0.00, real=0.05 secs] 
105.354: Total time for which application threads were stopped: 0.0526500 seconds, Stopping threads took: 0.0000470 seconds
105.354: Application time: 0.0000510 seconds
105.354: [Full GC [PSYoungGen: 69120K->69119K(80384K)] [ParOldGen: 182750K->182750K(182784K)] 251870K->251870K(263168K) [PSPermGen: 13471K->13471K(21504K)], 0.0504960 secs] [Times: user=0.35 sys=0.00, real=0.05 secs] 
105.405: Total time for which application threads were stopped: 0.0508850 seconds, Stopping threads took: 0.0000080 seconds
105.405: Application time: 0.0000360 seconds
105.405: [Full GC [PSYoungGen: 69120K->69119K(80384K)] [ParOldGen: 182750K->182750K(182784K)] 251870K->251870K(263168K) [PSPermGen: 13471K->13471K(21504K)], 0.0507440 secs] [Times: user=0.35 sys=0.00, real=0.05 secs] 
105.456: Total time for which application threads were stopped: 0.0511590 seconds, Stopping threads took: 0.0000070 seconds
105.456: Application time: 0.0000420 seconds
105.456: [Full GC [PSYoungGen: 69119K->69119K(80384K)] [ParOldGen: 182750K->182750K(182784K)] 251870K->251870K(263168K) [PSPermGen: 13471K->13471K(21504K)], 0.0502940 secs] [Times: user=0.35 sys=0.00, real=0.05 secs] 
105.506: Total time for which application threads were stopped: 0.0506990 seconds, Stopping threads took: 0.0000110 seconds
105.507: Application time: 0.0000610 seconds
105.507: [Full GC [PSYoungGen: 69119K->69119K(80384K)] [ParOldGen: 182753K->182751K(182784K)] 251873K->251870K(263168K) [PSPermGen: 13471K->13471K(21504K)], 0.0505760 secs] [Times: user=0.35 sys=0.00, real=0.06 secs] 
105.558: Total time for which application threads were stopped: 0.0509690 seconds, Stopping threads took: 0.0000080 seconds
105.558: Application time: 0.0000460 seconds
105.558: [Full GC [PSYoungGen: 69120K->69119K(80384K)] [ParOldGen: 182751K->182751K(182784K)] 251871K->251870K(263168K) [PSPermGen: 13471K->13471K(21504K)], 0.0537260 secs] [Times: user=0.37 sys=0.00, real=0.05 secs] 
105.612: Total time for which application threads were stopped: 0.0541250 seconds, Stopping threads took: 0.0000200 seconds
105.612: Application time: 0.0000610 seconds
105.612: [Full GC [PSYoungGen: 69120K->69119K(80384K)] [ParOldGen: 182751K->182751K(182784K)] 251871K->251870K(263168K) [PSPermGen: 13471K->13471K(21504K)], 0.0504210 secs] [Times: user=0.35 sys=0.00, real=0.05 secs] 
105.663: Total time for which application threads were stopped: 0.0508370 seconds, Stopping threads took: 0.0000080 seconds
105.663: Application time: 0.0000330 seconds
105.663: [Full GC [PSYoungGen: 69120K->69119K(80384K)] [ParOldGen: 182751K->182751K(182784K)] 251871K->251870K(263168K) [PSPermGen: 13471K->13471K(21504K)], 0.0507590 secs] [Times: user=0.35 sys=0.00, real=0.05 secs] 
105.714: Total time for which application threads were stopped: 0.0511500 seconds, Stopping threads took: 0.0000080 seconds
105.714: Application time: 0.0000320 seconds
105.714: [Full GC [PSYoungGen: 69120K->69119K(80384K)] [ParOldGen: 182751K->182750K(182784K)] 251871K->251870K(263168K) [PSPermGen: 13471K->13471K(21504K)], 0.0504340 secs] [Times: user=0.35 sys=0.00, real=0.05 secs] 
105.765: Total time for which application threads were stopped: 0.0508400 seconds, Stopping threads took: 0.0000120 seconds
105.765: Application time: 0.0000280 seconds
105.765: [Full GC [PSYoungGen: 69119K->69119K(80384K)] [ParOldGen: 182750K->182750K(182784K)] 251870K->251870K(263168K) [PSPermGen: 13471K->13471K(21504K)], 0.0504010 secs] [Times: user=0.35 sys=0.00, real=0.05 secs] 
105.815: Total time for which application threads were stopped: 0.0507970 seconds, Stopping threads took: 0.0000110 seconds
105.816: Application time: 0.0000430 seconds
105.816: [Full GC [PSYoungGen: 69119K->69119K(80384K)] [ParOldGen: 182750K->182750K(182784K)] 251870K->251870K(263168K) [PSPermGen: 13471K->13471K(21504K)], 0.0521710 secs] [Times: user=0.36 sys=0.00, real=0.05 secs] 
105.868: Total time for which application threads were stopped: 0.0525590 seconds, Stopping threads took: 0.0000080 seconds
105.868: Application time: 0.0000620 seconds
105.868: [Full GC [PSYoungGen: 69120K->69119K(80384K)] [ParOldGen: 182753K->182751K(182784K)] 251873K->251870K(263168K) [PSPermGen: 13471K->13471K(21504K)], 0.0508870 secs] [Times: user=0.36 sys=0.00, real=0.06 secs] 
105.919: Total time for which application threads were stopped: 0.0512930 seconds, Stopping threads took: 0.0000070 seconds
105.919: Application time: 0.0000430 seconds
105.920: [Full GC [PSYoungGen: 69120K->69119K(80384K)] [ParOldGen: 182751K->182751K(182784K)] 251871K->251870K(263168K) [PSPermGen: 13471K->13471K(21504K)], 0.0521660 secs] [Times: user=0.36 sys=0.00, real=0.05 secs] 
105.972: Total time for which application threads were stopped: 0.0525510 seconds, Stopping threads took: 0.0000070 seconds
105.972: Application time: 0.0000740 seconds
105.972: [Full GC [PSYoungGen: 69120K->69119K(80384K)] [ParOldGen: 182751K->182751K(182784K)] 251871K->251870K(263168K) [PSPermGen: 13471K->13471K(21504K)], 0.0524730 secs] [Times: user=0.37 sys=0.00, real=0.05 secs] 
106.025: Total time for which application threads were stopped: 0.0528670 seconds, Stopping threads took: 0.0000080 seconds
106.025: Application time: 0.0000870 seconds
106.025: [Full GC [PSYoungGen: 69120K->69119K(80384K)] [ParOldGen: 182751K->182751K(182784K)] 251871K->251871K(263168K) [PSPermGen: 13471K->13471K(21504K)], 0.0505110 secs] [Times: user=0.35 sys=0.00, real=0.05 secs] 
106.076: Total time for which application threads were stopped: 0.0509050 seconds, Stopping threads took: 0.0000070 seconds
106.076: Application time: 0.0000500 seconds
106.076: [Full GC [PSYoungGen: 69120K->69119K(80384K)] [ParOldGen: 182751K->182751K(182784K)] 251871K->251870K(263168K) [PSPermGen: 13471K->13471K(21504K)], 0.0505080 secs] [Times: user=0.35 sys=0.00, real=0.05 secs] 
106.127: Total time for which application threads were stopped: 0.0508980 seconds, Stopping threads took: 0.0000080 seconds
106.127: Application time: 0.0000560 seconds
106.127: [Full GC [PSYoungGen: 69120K->69119K(80384K)] [ParOldGen: 182751K->182751K(182784K)] 251871K->251870K(263168K) [PSPermGen: 13471K->13471K(21504K)], 0.0505270 secs] [Times: user=0.35 sys=0.00, real=0.06 secs] 
106.178: Total time for which application threads were stopped: 0.0509350 seconds, Stopping threads took: 0.0000070 seconds
106.178: Application time: 0.0000490 seconds
106.178: [Full GC [PSYoungGen: 69120K->69119K(80384K)] [ParOldGen: 182751K->182751K(182784K)] 251871K->251871K(263168K) [PSPermGen: 13471K->13471K(21504K)], 0.0505450 secs] [Times: user=0.35 sys=0.00, real=0.05 secs] 
106.229: Total time for which application threads were stopped: 0.0509290 seconds, Stopping threads took: 0.0000060 seconds
106.229: Application time: 0.0000490 seconds
106.229: [Full GC [PSYoungGen: 69120K->69119K(80384K)] [ParOldGen: 182751K->182751K(182784K)] 251871K->251870K(263168K) [PSPermGen: 13471K->13471K(21504K)], 0.0538390 secs] [Times: user=0.37 sys=0.00, real=0.05 secs] 
106.283: Total time for which application threads were stopped: 0.0542430 seconds, Stopping threads took: 0.0000090 seconds
106.283: Application time: 0.0000500 seconds
106.284: [Full GC [PSYoungGen: 69120K->69119K(80384K)] [ParOldGen: 182751K->182751K(182784K)] 251871K->251870K(263168K) [PSPermGen: 13471K->13471K(21504K)], 0.0521260 secs] [Times: user=0.37 sys=0.00, real=0.05 secs] 
106.336: Total time for which application threads were stopped: 0.0525190 seconds, Stopping threads took: 0.0000080 seconds
106.336: Application time: 0.0000870 seconds
106.336: [Full GC [PSYoungGen: 69120K->69119K(80384K)] [ParOldGen: 182751K->182751K(182784K)] 251871K->251870K(263168K) [PSPermGen: 13471K->13471K(21504K)], 0.0501680 secs] [Times: user=0.35 sys=0.00, real=0.05 secs] 
106.386: Total time for which application threads were stopped: 0.0505580 seconds, Stopping threads took: 0.0000080 seconds
106.386: Application time: 0.0000490 seconds
106.387: [Full GC [PSYoungGen: 69120K->69119K(80384K)] [ParOldGen: 182751K->182751K(182784K)] 251871K->251870K(263168K) [PSPermGen: 13471K->13471K(21504K)], 0.0503610 secs] [Times: user=0.35 sys=0.00, real=0.06 secs] 
106.437: Total time for which application threads were stopped: 0.0507550 seconds, Stopping threads took: 0.0000110 seconds
106.437: Application time: 0.0000440 seconds
106.438: [Full GC [PSYoungGen: 69120K->69119K(80384K)] [ParOldGen: 182751K->182751K(182784K)] 251871K->251870K(263168K) [PSPermGen: 13471K->13471K(21504K)], 0.0503660 secs] [Times: user=0.35 sys=0.00, real=0.04 secs] 
106.488: Total time for which application threads were stopped: 0.0507580 seconds, Stopping threads took: 0.0000100 seconds
106.488: Application time: 0.0000540 seconds
106.488: [Full GC [PSYoungGen: 69120K->69119K(80384K)] [ParOldGen: 182751K->182751K(182784K)] 251871K->251870K(263168K) [PSPermGen: 13471K->13471K(21504K)], 0.0503010 secs] [Times: user=0.35 sys=0.00, real=0.06 secs] 
106.539: Total time for which application threads were stopped: 0.0506950 seconds, Stopping threads took: 0.0000070 seconds
106.539: Application time: 0.0000320 seconds
106.539: [Full GC [PSYoungGen: 69120K->69119K(80384K)] [ParOldGen: 182751K->182751K(182784K)] 251871K->251870K(263168K) [PSPermGen: 13471K->13471K(21504K)], 0.0504670 secs] [Times: user=0.35 sys=0.00, real=0.05 secs] 
106.590: Total time for which application threads were stopped: 0.0508510 seconds, Stopping threads took: 0.0000060 seconds
106.590: Application time: 0.0000480 seconds
106.590: [Full GC [PSYoungGen: 69120K->69119K(80384K)] [ParOldGen: 182751K->182751K(182784K)] 251871K->251871K(263168K) [PSPermGen: 13471K->13471K(21504K)], 0.0516560 secs] [Times: user=0.36 sys=0.00, real=0.05 secs] 
106.642: Total time for which application threads were stopped: 0.0520460 seconds, Stopping threads took: 0.0000080 seconds
106.642: Application time: 0.0000470 seconds
106.642: [Full GC [PSYoungGen: 69119K->69119K(80384K)] [ParOldGen: 182751K->182751K(182784K)] 251871K->251870K(263168K) [PSPermGen: 13471K->13471K(21504K)], 0.0504300 secs] [Times: user=0.34 sys=0.01, real=0.05 secs] 
106.693: Total time for which application threads were stopped: 0.0508550 seconds, Stopping threads took: 0.0000090 seconds
106.693: Application time: 0.0000320 seconds
106.693: [Full GC [PSYoungGen: 69120K->69119K(80384K)] [ParOldGen: 182751K->182751K(182784K)] 251871K->251870K(263168K) [PSPermGen: 13471K->13471K(21504K)], 0.0503690 secs] [Times: user=0.34 sys=0.00, real=0.05 secs] 
106.743: Total time for which application threads were stopped: 0.0507650 seconds, Stopping threads took: 0.0000090 seconds
106.743: Application time: 0.0000440 seconds
106.744: [Full GC [PSYoungGen: 69120K->69119K(80384K)] [ParOldGen: 182751K->182751K(182784K)] 251871K->251870K(263168K) [PSPermGen: 13471K->13471K(21504K)], 0.0505250 secs] [Times: user=0.35 sys=0.00, real=0.05 secs] 
106.794: Total time for which application threads were stopped: 0.0509170 seconds, Stopping threads took: 0.0000070 seconds
106.794: Application time: 0.0000320 seconds
106.795: [Full GC [PSYoungGen: 69119K->69119K(80384K)] [ParOldGen: 182751K->182751K(182784K)] 251871K->251871K(263168K) [PSPermGen: 13471K->13471K(21504K)], 0.0506880 secs] [Times: user=0.35 sys=0.00, real=0.05 secs] 
106.846: Total time for which application threads were stopped: 0.0510740 seconds, Stopping threads took: 0.0000070 seconds
106.846: Application time: 0.0000640 seconds
106.846: [Full GC [PSYoungGen: 69119K->69119K(80384K)] [ParOldGen: 182753K->182751K(182784K)] 251873K->251871K(263168K) [PSPermGen: 13471K->13471K(21504K)], 0.0539640 secs] [Times: user=0.37 sys=0.00, real=0.06 secs] 
106.900: Total time for which application threads were stopped: 0.0543530 seconds, Stopping threads took: 0.0000080 seconds
106.900: Application time: 0.0000440 seconds
106.900: [Full GC [PSYoungGen: 69120K->69119K(80384K)] [ParOldGen: 182751K->182751K(182784K)] 251871K->251871K(263168K) [PSPermGen: 13471K->13471K(21504K)], 0.0505810 secs] [Times: user=0.36 sys=0.00, real=0.05 secs] 
106.951: Total time for which application threads were stopped: 0.0509790 seconds, Stopping threads took: 0.0000100 seconds
106.951: Application time: 0.0000540 seconds
106.951: [Full GC [PSYoungGen: 69120K->69119K(80384K)] [ParOldGen: 182751K->182751K(182784K)] 251871K->251871K(263168K) [PSPermGen: 13471K->13471K(21504K)], 0.0507500 secs] [Times: user=0.35 sys=0.00, real=0.05 secs] 
107.002: Total time for which application threads were stopped: 0.0511430 seconds, Stopping threads took: 0.0000080 seconds
107.002: Application time: 0.0000510 seconds
107.003: [Full GC [PSYoungGen: 69120K->69119K(80384K)] [ParOldGen: 182751K->182751K(182784K)] 251871K->251871K(263168K) [PSPermGen: 13471K->13471K(21504K)], 0.0502070 secs] [Times: user=0.35 sys=0.00, real=0.05 secs] 
107.053: Total time for which application threads were stopped: 0.0505870 seconds, Stopping threads took: 0.0000070 seconds
107.053: Application time: 0.0000510 seconds
107.053: [Full GC [PSYoungGen: 69120K->69120K(80384K)] [ParOldGen: 182751K->182751K(182784K)] 251871K->251871K(263168K) [PSPermGen: 13471K->13471K(21504K)], 0.0503990 secs] [Times: user=0.35 sys=0.00, real=0.05 secs] 
107.104: Total time for which application threads were stopped: 0.0507990 seconds, Stopping threads took: 0.0000080 seconds
107.104: Application time: 0.0000590 seconds
107.104: [Full GC [PSYoungGen: 69120K->69119K(80384K)] [ParOldGen: 182753K->182751K(182784K)] 251873K->251870K(263168K) [PSPermGen: 13471K->13471K(21504K)], 0.0502640 secs] [Times: user=0.34 sys=0.00, real=0.05 secs] 
107.154: Total time for which application threads were stopped: 0.0506560 seconds, Stopping threads took: 0.0000080 seconds
107.154: Application time: 0.0000540 seconds
107.155: [Full GC [PSYoungGen: 69120K->69119K(80384K)] [ParOldGen: 182751K->182751K(182784K)] 251871K->251870K(263168K) [PSPermGen: 13471K->13471K(21504K)], 0.0520780 secs] [Times: user=0.37 sys=0.00, real=0.05 secs] 
107.207: Total time for which application threads were stopped: 0.0524940 seconds, Stopping threads took: 0.0000080 seconds
107.207: Application time: 0.0000540 seconds
107.207: [Full GC [PSYoungGen: 69120K->69119K(80384K)] [ParOldGen: 182751K->182751K(182784K)] 251871K->251870K(263168K) [PSPermGen: 13471K->13471K(21504K)], 0.0506970 secs] [Times: user=0.35 sys=0.00, real=0.06 secs] 
107.258: Total time for which application threads were stopped: 0.0510880 seconds, Stopping threads took: 0.0000070 seconds
107.258: Application time: 0.0000340 seconds
107.258: [Full GC [PSYoungGen: 69120K->69119K(80384K)] [ParOldGen: 182751K->182751K(182784K)] 251871K->251870K(263168K) [PSPermGen: 13471K->13471K(21504K)], 0.0503350 secs] [Times: user=0.35 sys=0.00, real=0.05 secs] 
107.309: Total time for which application threads were stopped: 0.0507250 seconds, Stopping threads took: 0.0000100 seconds
107.309: Application time: 0.0000490 seconds
107.309: [Full GC [PSYoungGen: 69120K->69119K(80384K)] [ParOldGen: 182751K->182751K(182784K)] 251871K->251870K(263168K) [PSPermGen: 13471K->13471K(21504K)], 0.0503050 secs] [Times: user=0.35 sys=0.00, real=0.05 secs] 
107.360: Total time for which application threads were stopped: 0.0507090 seconds, Stopping threads took: 0.0000080 seconds
107.360: Application time: 0.0000610 seconds
107.360: [Full GC [PSYoungGen: 69120K->69119K(80384K)] [ParOldGen: 182751K->182750K(182784K)] 251871K->251870K(263168K) [PSPermGen: 13471K->13471K(21504K)], 0.0503600 secs] [Times: user=0.35 sys=0.00, real=0.05 secs] 
107.410: Total time for which application threads were stopped: 0.0507460 seconds, Stopping threads took: 0.0000080 seconds
107.410: Application time: 0.0000430 seconds
107.411: [Full GC [PSYoungGen: 69120K->69119K(80384K)] [ParOldGen: 182750K->182750K(182784K)] 251870K->251870K(263168K) [PSPermGen: 13471K->13471K(21504K)], 0.0512480 secs] [Times: user=0.35 sys=0.00, real=0.05 secs] 
107.462: Total time for which application threads were stopped: 0.0516390 seconds, Stopping threads took: 0.0000090 seconds
107.462: Application time: 0.0000530 seconds
107.462: [Full GC [PSYoungGen: 69120K->69119K(80384K)] [ParOldGen: 182750K->182750K(182784K)] 251870K->251870K(263168K) [PSPermGen: 13471K->13471K(21504K)], 0.0502490 secs] [Times: user=0.35 sys=0.01, real=0.05 secs] 
107.513: Total time for which application threads were stopped: 0.0506360 seconds, Stopping threads took: 0.0000060 seconds
107.513: Application time: 0.0000390 seconds
107.513: [Full GC [PSYoungGen: 69120K->69119K(80384K)] [ParOldGen: 182750K->182750K(182784K)] 251870K->251870K(263168K) [PSPermGen: 13471K->13471K(21504K)], 0.0503250 secs] [Times: user=0.35 sys=0.00, real=0.05 secs] 
107.564: Total time for which application threads were stopped: 0.0507180 seconds, Stopping threads took: 0.0000070 seconds
107.564: Application time: 0.0000520 seconds
107.564: [Full GC [PSYoungGen: 69120K->69119K(80384K)] [ParOldGen: 182750K->182750K(182784K)] 251870K->251870K(263168K) [PSPermGen: 13471K->13471K(21504K)], 0.0505430 secs] [Times: user=0.33 sys=0.01, real=0.05 secs] 
107.614: Total time for which application threads were stopped: 0.0509300 seconds, Stopping threads took: 0.0000080 seconds
107.615: Application time: 0.0000370 seconds
107.615: [Full GC [PSYoungGen: 69120K->69119K(80384K)] [ParOldGen: 182750K->182750K(182784K)] 251870K->251870K(263168K) [PSPermGen: 13471K->13471K(21504K)], 0.0535440 secs] [Times: user=0.38 sys=0.00, real=0.05 secs] 
107.668: Total time for which application threads were stopped: 0.0539370 seconds, Stopping threads took: 0.0000090 seconds
107.669: Application time: 0.0000430 seconds
107.669: [Full GC [PSYoungGen: 69119K->69119K(80384K)] [ParOldGen: 182750K->182750K(182784K)] 251870K->251870K(263168K) [PSPermGen: 13471K->13471K(21504K)], 0.0503980 secs] [Times: user=0.34 sys=0.00, real=0.05 secs] 
107.719: Total time for which application threads were stopped: 0.0508210 seconds, Stopping threads took: 0.0000080 seconds
107.719: Application time: 0.0000560 seconds
107.720: [Full GC [PSYoungGen: 69120K->69119K(80384K)] [ParOldGen: 182753K->182751K(182784K)] 251873K->251871K(263168K) [PSPermGen: 13471K->13471K(21504K)], 0.0502380 secs] [Times: user=0.34 sys=0.00, real=0.05 secs] 
107.770: Total time for which application threads were stopped: 0.0506250 seconds, Stopping threads took: 0.0000070 seconds
107.770: Application time: 0.0000530 seconds
107.770: [Full GC [PSYoungGen: 69120K->69119K(80384K)] [ParOldGen: 182751K->182751K(182784K)] 251871K->251871K(263168K) [PSPermGen: 13471K->13471K(21504K)], 0.0520810 secs] [Times: user=0.36 sys=0.00, real=0.05 secs] 
107.823: Total time for which application threads were stopped: 0.0524720 seconds, Stopping threads took: 0.0000080 seconds
107.823: Application time: 0.0000530 seconds
107.823: [Full GC [PSYoungGen: 69120K->69119K(80384K)] [ParOldGen: 182751K->182751K(182784K)] 251871K->251871K(263168K) [PSPermGen: 13471K->13471K(21504K)], 0.0503360 secs] [Times: user=0.35 sys=0.00, real=0.05 secs] 
107.873: Total time for which application threads were stopped: 0.0507250 seconds, Stopping threads took: 0.0000070 seconds
107.873: Application time: 0.0000300 seconds
107.874: [Full GC [PSYoungGen: 69120K->69119K(80384K)] [ParOldGen: 182751K->182751K(182784K)] 251871K->251871K(263168K) [PSPermGen: 13471K->13471K(21504K)], 0.0537210 secs] [Times: user=0.37 sys=0.00, real=0.05 secs] 
107.927: Total time for which application threads were stopped: 0.0541060 seconds, Stopping threads took: 0.0000060 seconds
107.928: Application time: 0.0000480 seconds
107.928: [Full GC [PSYoungGen: 69119K->69119K(80384K)] [ParOldGen: 182751K->182751K(182784K)] 251871K->251871K(263168K) [PSPermGen: 13471K->13471K(21504K)], 0.0502190 secs] [Times: user=0.35 sys=0.00, real=0.06 secs] 
107.978: Total time for which application threads were stopped: 0.0506030 seconds, Stopping threads took: 0.0000070 seconds
107.978: Application time: 0.0000360 seconds
107.978: [Full GC [PSYoungGen: 69120K->69119K(80384K)] [ParOldGen: 182751K->182751K(182784K)] 251871K->251871K(263168K) [PSPermGen: 13471K->13471K(21504K)], 0.0524650 secs] [Times: user=0.37 sys=0.00, real=0.05 secs] 
108.031: Total time for which application threads were stopped: 0.0528610 seconds, Stopping threads took: 0.0000130 seconds
108.031: Application time: 0.0000310 seconds
108.031: [Full GC [PSYoungGen: 69120K->69119K(80384K)] [ParOldGen: 182751K->182751K(182784K)] 251871K->251871K(263168K) [PSPermGen: 13471K->13471K(21504K)], 0.0521170 secs] [Times: user=0.36 sys=0.00, real=0.05 secs] 
108.084: Total time for which application threads were stopped: 0.0525110 seconds, Stopping threads took: 0.0000120 seconds
108.084: Application time: 0.0000260 seconds
108.084: [Full GC [PSYoungGen: 69119K->69119K(80384K)] [ParOldGen: 182751K->182751K(182784K)] 251871K->251871K(263168K) [PSPermGen: 13471K->13471K(21504K)], 0.0503000 secs] [Times: user=0.35 sys=0.00, real=0.05 secs] 
108.134: Total time for which application threads were stopped: 0.0506910 seconds, Stopping threads took: 0.0000130 seconds
108.134: Application time: 0.0000600 seconds
108.135: [Full GC [PSYoungGen: 69120K->69119K(80384K)] [ParOldGen: 182753K->182751K(182784K)] 251873K->251871K(263168K) [PSPermGen: 13471K->13471K(21504K)], 0.0505710 secs] [Times: user=0.35 sys=0.00, real=0.05 secs] 
108.185: Total time for which application threads were stopped: 0.0509570 seconds, Stopping threads took: 0.0000080 seconds
108.185: Application time: 0.0000390 seconds
108.186: [Full GC [PSYoungGen: 69120K->69119K(80384K)] [ParOldGen: 182751K->182751K(182784K)] 251871K->251871K(263168K) [PSPermGen: 13471K->13471K(21504K)], 0.0529190 secs] [Times: user=0.37 sys=0.00, real=0.06 secs] 
108.239: Total time for which application threads were stopped: 0.0533290 seconds, Stopping threads took: 0.0000080 seconds
108.239: Application time: 0.0000740 seconds
108.239: [Full GC [PSYoungGen: 69120K->69119K(80384K)] [ParOldGen: 182751K->182751K(182784K)] 251871K->251871K(263168K) [PSPermGen: 13471K->13471K(21504K)], 0.0507340 secs] [Times: user=0.35 sys=0.00, real=0.05 secs] 
108.290: Total time for which application threads were stopped: 0.0511320 seconds, Stopping threads took: 0.0000200 seconds
108.290: Application time: 0.0000520 seconds
108.290: [Full GC [PSYoungGen: 69120K->69119K(80384K)] [ParOldGen: 182751K->182751K(182784K)] 251871K->251871K(263168K) [PSPermGen: 13471K->13471K(21504K)], 0.0503870 secs] [Times: user=0.35 sys=0.00, real=0.05 secs] 
108.341: Total time for which application threads were stopped: 0.0507730 seconds, Stopping threads took: 0.0000080 seconds
108.341: Application time: 0.0000540 seconds
108.341: [Full GC [PSYoungGen: 69120K->69119K(80384K)] [ParOldGen: 182751K->182751K(182784K)] 251871K->251871K(263168K) [PSPermGen: 13471K->13471K(21504K)], 0.0504390 secs] [Times: user=0.35 sys=0.00, real=0.05 secs] 
108.392: Total time for which application threads were stopped: 0.0508400 seconds, Stopping threads took: 0.0000080 seconds
108.392: Application time: 0.0000330 seconds
108.392: [Full GC [PSYoungGen: 69120K->69119K(80384K)] [ParOldGen: 182751K->182751K(182784K)] 251871K->251871K(263168K) [PSPermGen: 13471K->13471K(21504K)], 0.0525600 secs] [Times: user=0.37 sys=0.00, real=0.05 secs] 
108.445: Total time for which application threads were stopped: 0.0529740 seconds, Stopping threads took: 0.0000100 seconds
108.445: Application time: 0.0000580 seconds
108.445: [Full GC [PSYoungGen: 69120K->69119K(80384K)] [ParOldGen: 182751K->182751K(182784K)] 251871K->251871K(263168K) [PSPermGen: 13471K->13471K(21504K)], 0.0503310 secs] [Times: user=0.35 sys=0.00, real=0.05 secs] 
108.495: Total time for which application threads were stopped: 0.0507370 seconds, Stopping threads took: 0.0000200 seconds
108.495: Application time: 0.0000450 seconds
108.496: [Full GC [PSYoungGen: 69120K->69119K(80384K)] [ParOldGen: 182751K->182751K(182784K)] 251871K->251871K(263168K) [PSPermGen: 13471K->13471K(21504K)], 0.0506190 secs] [Times: user=0.35 sys=0.00, real=0.05 secs] 
108.546: Total time for which application threads were stopped: 0.0510090 seconds, Stopping threads took: 0.0000100 seconds
108.547: Application time: 0.0000480 seconds
108.547: [Full GC [PSYoungGen: 69120K->69119K(80384K)] [ParOldGen: 182751K->182751K(182784K)] 251871K->251871K(263168K) [PSPermGen: 13471K->13471K(21504K)], 0.0522980 secs] [Times: user=0.36 sys=0.00, real=0.06 secs] 
108.599: Total time for which application threads were stopped: 0.0526910 seconds, Stopping threads took: 0.0000070 seconds
108.599: Application time: 0.0000360 seconds
108.600: [Full GC [PSYoungGen: 69120K->69119K(80384K)] [ParOldGen: 182751K->182751K(182784K)] 251871K->251871K(263168K) [PSPermGen: 13471K->13471K(21504K)], 0.0505460 secs] [Times: user=0.35 sys=0.00, real=0.05 secs] 
108.650: Total time for which application threads were stopped: 0.0509380 seconds, Stopping threads took: 0.0000090 seconds
108.650: Application time: 0.0000280 seconds
108.651: [Full GC [PSYoungGen: 69120K->69119K(80384K)] [ParOldGen: 182751K->182751K(182784K)] 251871K->251871K(263168K) [PSPermGen: 13471K->13471K(21504K)], 0.0526200 secs] [Times: user=0.37 sys=0.00, real=0.05 secs] 
108.703: Total time for which application threads were stopped: 0.0530110 seconds, Stopping threads took: 0.0000080 seconds
108.703: Application time: 0.0000430 seconds
108.704: [Full GC [PSYoungGen: 69120K->69119K(80384K)] [ParOldGen: 182751K->182751K(182784K)] 251871K->251871K(263168K) [PSPermGen: 13471K->13471K(21504K)], 0.0524270 secs] [Times: user=0.37 sys=0.00, real=0.05 secs] 
108.756: Total time for which application threads were stopped: 0.0528370 seconds, Stopping threads took: 0.0000080 seconds
108.756: Application time: 0.0000870 seconds
108.757: [Full GC [PSYoungGen: 69119K->69119K(80384K)] [ParOldGen: 182753K->182751K(182784K)] 251873K->251871K(263168K) [PSPermGen: 13471K->13471K(21504K)], 0.0520390 secs] [Times: user=0.36 sys=0.01, real=0.06 secs] 
108.809: Total time for which application threads were stopped: 0.0524370 seconds, Stopping threads took: 0.0000070 seconds
108.809: Application time: 0.0000410 seconds
108.809: [Full GC [PSYoungGen: 69120K->69119K(80384K)] [ParOldGen: 182751K->182751K(182784K)] 251871K->251871K(263168K) [PSPermGen: 13471K->13471K(21504K)], 0.0522890 secs] [Times: user=0.36 sys=0.00, real=0.05 secs] 
108.861: Total time for which application threads were stopped: 0.0526730 seconds, Stopping threads took: 0.0000090 seconds
108.861: Application time: 0.0000420 seconds
108.862: [Full GC [PSYoungGen: 69119K->69119K(80384K)] [ParOldGen: 182751K->182751K(182784K)] 251871K->251871K(263168K) [PSPermGen: 13471K->13471K(21504K)], 0.0507770 secs] [Times: user=0.35 sys=0.00, real=0.05 secs] 
108.913: Total time for which application threads were stopped: 0.0511640 seconds, Stopping threads took: 0.0000060 seconds
108.913: Application time: 0.0000740 seconds
108.913: [Full GC [PSYoungGen: 69120K->69119K(80384K)] [ParOldGen: 182751K->182751K(182784K)] 251871K->251871K(263168K) [PSPermGen: 13471K->13471K(21504K)], 0.0501540 secs] [Times: user=0.35 sys=0.01, real=0.05 secs] 
108.963: Total time for which application threads were stopped: 0.0505460 seconds, Stopping threads took: 0.0000080 seconds
108.963: Application time: 0.0000440 seconds
108.964: [Full GC [PSYoungGen: 69120K->69119K(80384K)] [ParOldGen: 182751K->182751K(182784K)] 251871K->251871K(263168K) [PSPermGen: 13471K->13471K(21504K)], 0.0537120 secs] [Times: user=0.37 sys=0.00, real=0.06 secs] 
109.017: Total time for which application threads were stopped: 0.0541100 seconds, Stopping threads took: 0.0000070 seconds
109.017: Application time: 0.0000640 seconds
109.018: [Full GC [PSYoungGen: 69120K->69119K(80384K)] [ParOldGen: 182753K->182752K(182784K)] 251873K->251871K(263168K) [PSPermGen: 13471K->13471K(21504K)], 0.0524110 secs] [Times: user=0.37 sys=0.00, real=0.05 secs] 
109.070: Total time for which application threads were stopped: 0.0527960 seconds, Stopping threads took: 0.0000070 seconds
109.070: Application time: 0.0000700 seconds
109.071: [Full GC [PSYoungGen: 69120K->69119K(80384K)] [ParOldGen: 182752K->182752K(182784K)] 251872K->251871K(263168K) [PSPermGen: 13471K->13471K(21504K)], 0.0504680 secs] [Times: user=0.35 sys=0.00, real=0.05 secs] 
109.121: Total time for which application threads were stopped: 0.0508590 seconds, Stopping threads took: 0.0000080 seconds
109.121: Application time: 0.0000560 seconds
109.122: [Full GC [PSYoungGen: 69120K->69119K(80384K)] [ParOldGen: 182752K->182752K(182784K)] 251872K->251871K(263168K) [PSPermGen: 13471K->13471K(21504K)], 0.0502010 secs] [Times: user=0.34 sys=0.00, real=0.05 secs] 
109.172: Total time for which application threads were stopped: 0.0505890 seconds, Stopping threads took: 0.0000070 seconds
109.172: Application time: 0.0000460 seconds
109.172: [Full GC [PSYoungGen: 69120K->69119K(80384K)] [ParOldGen: 182752K->182751K(182784K)] 251872K->251871K(263168K) [PSPermGen: 13471K->13471K(21504K)], 0.0505220 secs] [Times: user=0.35 sys=0.00, real=0.05 secs] 
109.223: Total time for which application threads were stopped: 0.0509130 seconds, Stopping threads took: 0.0000080 seconds
109.223: Application time: 0.0000360 seconds
109.223: [Full GC [PSYoungGen: 69120K->69119K(80384K)] [ParOldGen: 182751K->182751K(182784K)] 251871K->251871K(263168K) [PSPermGen: 13471K->13471K(21504K)], 0.0504600 secs] [Times: user=0.36 sys=0.00, real=0.05 secs] 
109.274: Total time for which application threads were stopped: 0.0508680 seconds, Stopping threads took: 0.0000070 seconds
109.274: Application time: 0.0000410 seconds
109.274: [Full GC [PSYoungGen: 69120K->69119K(80384K)] [ParOldGen: 182751K->182751K(182784K)] 251871K->251871K(263168K) [PSPermGen: 13471K->13471K(21504K)], 0.0524390 secs] [Times: user=0.36 sys=0.00, real=0.05 secs] 
109.327: Total time for which application threads were stopped: 0.0528280 seconds, Stopping threads took: 0.0000130 seconds
109.327: Application time: 0.0000360 seconds
109.327: [Full GC [PSYoungGen: 69119K->69119K(80384K)] [ParOldGen: 182751K->182751K(182784K)] 251871K->251871K(263168K) [PSPermGen: 13471K->13471K(21504K)], 0.0504960 secs] [Times: user=0.35 sys=0.00, real=0.06 secs] 
109.377: Total time for which application threads were stopped: 0.0508890 seconds, Stopping threads took: 0.0000140 seconds
109.377: Application time: 0.0000320 seconds
109.378: [Full GC [PSYoungGen: 69119K->69119K(80384K)] [ParOldGen: 182751K->182751K(182784K)] 251871K->251871K(263168K) [PSPermGen: 13471K->13471K(21504K)], 0.0506240 secs] [Times: user=0.35 sys=0.00, real=0.04 secs] 
109.428: Total time for which application threads were stopped: 0.0510130 seconds, Stopping threads took: 0.0000080 seconds
109.429: Application time: 0.0000650 seconds
109.429: [Full GC [PSYoungGen: 69119K->69119K(80384K)] [ParOldGen: 182753K->182752K(182784K)] 251873K->251871K(263168K) [PSPermGen: 13471K->13471K(21504K)], 0.0502860 secs] [Times: user=0.35 sys=0.00, real=0.05 secs] 
109.479: Total time for which application threads were stopped: 0.0506870 seconds, Stopping threads took: 0.0000080 seconds
109.479: Application time: 0.0000430 seconds
109.480: [Full GC [PSYoungGen: 69120K->69119K(80384K)] [ParOldGen: 182752K->182751K(182784K)] 251872K->251871K(263168K) [PSPermGen: 13471K->13471K(21504K)], 0.0519590 secs] [Times: user=0.36 sys=0.00, real=0.05 secs] 
109.532: Total time for which application threads were stopped: 0.0523500 seconds, Stopping threads took: 0.0000100 seconds
109.532: Application time: 0.0000490 seconds
109.532: [Full GC [PSYoungGen: 69120K->69119K(80384K)] [ParOldGen: 182751K->182751K(182784K)] 251871K->251871K(263168K) [PSPermGen: 13471K->13471K(21504K)], 0.0504020 secs] [Times: user=0.35 sys=0.00, real=0.05 secs] 
109.582: Total time for which application threads were stopped: 0.0507920 seconds, Stopping threads took: 0.0000080 seconds
109.583: Application time: 0.0000570 seconds
109.583: [Full GC [PSYoungGen: 69119K->69119K(80384K)] [ParOldGen: 182751K->182751K(182784K)] 251871K->251871K(263168K) [PSPermGen: 13471K->13471K(21504K)], 0.0505270 secs] [Times: user=0.35 sys=0.00, real=0.05 secs] 
109.633: Total time for which application threads were stopped: 0.0509180 seconds, Stopping threads took: 0.0000080 seconds
109.634: Application time: 0.0000550 seconds
109.634: [Full GC [PSYoungGen: 69119K->69119K(80384K)] [ParOldGen: 182754K->182752K(182784K)] 251874K->251871K(263168K) [PSPermGen: 13471K->13471K(21504K)], 0.0505490 secs] [Times: user=0.35 sys=0.00, real=0.05 secs] 
109.684: Total time for which application threads were stopped: 0.0509410 seconds, Stopping threads took: 0.0000080 seconds
109.684: Application time: 0.0000460 seconds
109.685: [Full GC [PSYoungGen: 69120K->69119K(80384K)] [ParOldGen: 182752K->182752K(182784K)] 251872K->251871K(263168K) [PSPermGen: 13471K->13471K(21504K)], 0.0503720 secs] [Times: user=0.35 sys=0.00, real=0.05 secs] 
109.735: Total time for which application threads were stopped: 0.0507760 seconds, Stopping threads took: 0.0000090 seconds
109.735: Application time: 0.0000890 seconds
109.736: [Full GC [PSYoungGen: 69120K->69119K(80384K)] [ParOldGen: 182752K->182752K(182784K)] 251872K->251871K(263168K) [PSPermGen: 13471K->13471K(21504K)], 0.0505700 secs] [Times: user=0.35 sys=0.00, real=0.05 secs] 
109.786: Total time for which application threads were stopped: 0.0509860 seconds, Stopping threads took: 0.0000080 seconds
109.786: Application time: 0.0000460 seconds
109.787: [Full GC [PSYoungGen: 69120K->69119K(80384K)] [ParOldGen: 182752K->182751K(182784K)] 251872K->251871K(263168K) [PSPermGen: 13471K->13471K(21504K)], 0.0503990 secs] [Times: user=0.35 sys=0.00, real=0.06 secs] 
109.837: Total time for which application threads were stopped: 0.0507890 seconds, Stopping threads took: 0.0000080 seconds
109.837: Application time: 0.0000420 seconds
109.838: [Full GC [PSYoungGen: 69120K->69119K(80384K)] [ParOldGen: 182751K->182751K(182784K)] 251871K->251871K(263168K) [PSPermGen: 13471K->13471K(21504K)], 0.0551740 secs] [Times: user=0.39 sys=0.00, real=0.05 secs] 
109.893: Total time for which application threads were stopped: 0.0555590 seconds, Stopping threads took: 0.0000080 seconds
109.893: Application time: 0.0000460 seconds
109.893: [Full GC [PSYoungGen: 69119K->69119K(80384K)] [ParOldGen: 182751K->182751K(182784K)] 251871K->251871K(263168K) [PSPermGen: 13471K->13471K(21504K)], 0.0504530 secs] [Times: user=0.35 sys=0.00, real=0.05 secs] 
109.944: Total time for which application threads were stopped: 0.0508360 seconds, Stopping threads took: 0.0000100 seconds
109.944: Application time: 0.0000300 seconds
109.944: [Full GC [PSYoungGen: 69120K->69119K(80384K)] [ParOldGen: 182751K->182751K(182784K)] 251871K->251871K(263168K) [PSPermGen: 13471K->13471K(21504K)], 0.0505400 secs] [Times: user=0.35 sys=0.00, real=0.05 secs] 
109.995: Total time for which application threads were stopped: 0.0509310 seconds, Stopping threads took: 0.0000130 seconds
109.995: Application time: 0.0000330 seconds
109.995: [Full GC [PSYoungGen: 69119K->69119K(80384K)] [ParOldGen: 182751K->182751K(182784K)] 251871K->251871K(263168K) [PSPermGen: 13471K->13471K(21504K)], 0.0505610 secs] [Times: user=0.35 sys=0.00, real=0.05 secs] 
110.046: Total time for which application threads were stopped: 0.0509480 seconds, Stopping threads took: 0.0000110 seconds
110.046: Application time: 0.0000620 seconds
110.046: [Full GC [PSYoungGen: 69119K->69119K(80384K)] [ParOldGen: 182754K->182752K(182784K)] 251874K->251872K(263168K) [PSPermGen: 13471K->13471K(21504K)], 0.0500750 secs] [Times: user=0.35 sys=0.00, real=0.05 secs] 
110.096: Total time for which application threads were stopped: 0.0504730 seconds, Stopping threads took: 0.0000070 seconds
110.096: Application time: 0.0000580 seconds
110.097: [Full GC [PSYoungGen: 69120K->69119K(80384K)] [ParOldGen: 182752K->182752K(182784K)] 251872K->251872K(263168K) [PSPermGen: 13471K->13471K(21504K)], 0.0501620 secs] [Times: user=0.34 sys=0.00, real=0.05 secs] 
110.147: Total time for which application threads were stopped: 0.0505480 seconds, Stopping threads took: 0.0000080 seconds
110.147: Application time: 0.0000520 seconds
110.147: [Full GC [PSYoungGen: 69119K->69119K(80384K)] [ParOldGen: 182752K->182752K(182784K)] 251872K->251872K(263168K) [PSPermGen: 13471K->13471K(21504K)], 0.0505180 secs] [Times: user=0.35 sys=0.00, real=0.06 secs] 
110.198: Total time for which application threads were stopped: 0.0509070 seconds, Stopping threads took: 0.0000090 seconds
110.198: Application time: 0.0000660 seconds
110.198: [Full GC [PSYoungGen: 69119K->69119K(80384K)] [ParOldGen: 182752K->182752K(182784K)] 251872K->251872K(263168K) [PSPermGen: 13471K->13471K(21504K)], 0.0505420 secs] [Times: user=0.35 sys=0.00, real=0.05 secs] 
110.249: Total time for which application threads were stopped: 0.0509340 seconds, Stopping threads took: 0.0000120 seconds
110.249: Application time: 0.0000550 seconds
110.249: [Full GC [PSYoungGen: 69119K->69119K(80384K)] [ParOldGen: 182754K->182752K(182784K)] 251874K->251872K(263168K) [PSPermGen: 13471K->13471K(21504K)], 0.0503220 secs] [Times: user=0.34 sys=0.00, real=0.05 secs] 
110.300: Total time for which application threads were stopped: 0.0507400 seconds, Stopping threads took: 0.0000080 seconds
110.300: Application time: 0.0000390 seconds
110.300: [Full GC [PSYoungGen: 69120K->69119K(80384K)] [ParOldGen: 182752K->182752K(182784K)] 251872K->251872K(263168K) [PSPermGen: 13471K->13471K(21504K)], 0.0506680 secs] [Times: user=0.35 sys=0.00, real=0.05 secs] 
110.351: Total time for which application threads were stopped: 0.0510770 seconds, Stopping threads took: 0.0000290 seconds
110.351: Application time: 0.0000440 seconds
110.351: [Full GC [PSYoungGen: 69120K->69119K(80384K)] [ParOldGen: 182752K->182752K(182784K)] 251872K->251872K(263168K) [PSPermGen: 13471K->13471K(21504K)], 0.0504690 secs] [Times: user=0.36 sys=0.00, real=0.05 secs] 
110.402: Total time for which application threads were stopped: 0.0508680 seconds, Stopping threads took: 0.0000160 seconds
110.402: Application time: 0.0000370 seconds
110.402: [Full GC [PSYoungGen: 69120K->69119K(80384K)] [ParOldGen: 182752K->182752K(182784K)] 251872K->251872K(263168K) [PSPermGen: 13471K->13471K(21504K)], 0.0503310 secs] [Times: user=0.34 sys=0.00, real=0.05 secs] 
110.452: Total time for which application threads were stopped: 0.0507180 seconds, Stopping threads took: 0.0000070 seconds
110.452: Application time: 0.0000290 seconds
110.453: [Full GC [PSYoungGen: 69119K->69119K(80384K)] [ParOldGen: 182752K->182752K(182784K)] 251872K->251872K(263168K) [PSPermGen: 13471K->13471K(21504K)], 0.0505340 secs] [Times: user=0.36 sys=0.00, real=0.05 secs] 
110.503: Total time for which application threads were stopped: 0.0509420 seconds, Stopping threads took: 0.0000120 seconds
110.503: Application time: 0.0000710 seconds
110.504: [Full GC [PSYoungGen: 69119K->69119K(80384K)] [ParOldGen: 182754K->182752K(182784K)] 251874K->251872K(263168K) [PSPermGen: 13471K->13471K(21504K)], 0.0504410 secs] [Times: user=0.34 sys=0.00, real=0.05 secs] 
110.554: Total time for which application threads were stopped: 0.0508390 seconds, Stopping threads took: 0.0000090 seconds
110.554: Application time: 0.0000450 seconds
110.555: [Full GC [PSYoungGen: 69120K->69120K(80384K)] [ParOldGen: 182752K->182752K(182784K)] 251872K->251872K(263168K) [PSPermGen: 13471K->13471K(21504K)], 0.0502280 secs] [Times: user=0.34 sys=0.01, real=0.05 secs] 
110.605: Total time for which application threads were stopped: 0.0506190 seconds, Stopping threads took: 0.0000080 seconds
110.605: Application time: 0.0000580 seconds
110.605: [Full GC [PSYoungGen: 69120K->69119K(80384K)] [ParOldGen: 182754K->182752K(182784K)] 251874K->251872K(263168K) [PSPermGen: 13471K->13471K(21504K)], 0.0504870 secs] [Times: user=0.35 sys=0.00, real=0.05 secs] 
110.656: Total time for which application threads were stopped: 0.0508810 seconds, Stopping threads took: 0.0000080 seconds
110.656: Application time: 0.0000370 seconds
110.656: [Full GC [PSYoungGen: 69120K->69119K(80384K)] [ParOldGen: 182752K->182752K(182784K)] 251872K->251872K(263168K) [PSPermGen: 13471K->13471K(21504K)], 0.0505420 secs] [Times: user=0.35 sys=0.00, real=0.05 secs] 
110.707: Total time for which application threads were stopped: 0.0509390 seconds, Stopping threads took: 0.0000090 seconds
110.707: Application time: 0.0000580 seconds
110.707: [Full GC [PSYoungGen: 69120K->69120K(80384K)] [ParOldGen: 182752K->182752K(182784K)] 251872K->251872K(263168K) [PSPermGen: 13471K->13471K(21504K)], 0.0505950 secs] [Times: user=0.35 sys=0.00, real=0.06 secs] 
110.758: Total time for which application threads were stopped: 0.0509850 seconds, Stopping threads took: 0.0000080 seconds
110.758: Application time: 0.0000560 seconds
110.758: [Full GC [PSYoungGen: 69120K->69119K(80384K)] [ParOldGen: 182754K->182752K(182784K)] 251874K->251872K(263168K) [PSPermGen: 13471K->13471K(21504K)], 0.0506280 secs] [Times: user=0.35 sys=0.00, real=0.05 secs] 
110.809: Total time for which application threads were stopped: 0.0510470 seconds, Stopping threads took: 0.0000100 seconds
110.809: Application time: 0.0000650 seconds
110.809: [Full GC [PSYoungGen: 69120K->69119K(80384K)] [ParOldGen: 182752K->182752K(182784K)] 251872K->251871K(263168K) [PSPermGen: 13471K->13471K(21504K)], 0.0505430 secs] [Times: user=0.35 sys=0.00, real=0.05 secs] 
110.860: Total time for which application threads were stopped: 0.0509260 seconds, Stopping threads took: 0.0000060 seconds
110.860: Application time: 0.0000440 seconds
110.860: [Full GC [PSYoungGen: 69120K->69119K(80384K)] [ParOldGen: 182752K->182752K(182784K)] 251872K->251871K(263168K) [PSPermGen: 13471K->13471K(21504K)], 0.0518160 secs] [Times: user=0.36 sys=0.00, real=0.05 secs] 
110.912: Total time for which application threads were stopped: 0.0522050 seconds, Stopping threads took: 0.0000080 seconds
110.912: Application time: 0.0000530 seconds
110.913: [Full GC [PSYoungGen: 69120K->69119K(80384K)] [ParOldGen: 182752K->182751K(182784K)] 251872K->251871K(263168K) [PSPermGen: 13471K->13471K(21504K)], 0.0504470 secs] [Times: user=0.35 sys=0.00, real=0.05 secs] 
110.963: Total time for which application threads were stopped: 0.0508330 seconds, Stopping threads took: 0.0000080 seconds
110.963: Application time: 0.0000570 seconds
110.963: [Full GC [PSYoungGen: 69120K->69119K(80384K)] [ParOldGen: 182751K->182751K(182784K)] 251871K->251871K(263168K) [PSPermGen: 13471K->13471K(21504K)], 0.0502150 secs] [Times: user=0.35 sys=0.00, real=0.05 secs] 
111.014: Total time for which application threads were stopped: 0.0506080 seconds, Stopping threads took: 0.0000080 seconds
111.014: Application time: 0.0000460 seconds
111.014: [Full GC [PSYoungGen: 69120K->69119K(80384K)] [ParOldGen: 182751K->182751K(182784K)] 251871K->251871K(263168K) [PSPermGen: 13471K->13471K(21504K)], 0.0504200 secs] [Times: user=0.35 sys=0.00, real=0.05 secs] 
111.065: Total time for which application threads were stopped: 0.0508210 seconds, Stopping threads took: 0.0000100 seconds
111.065: Application time: 0.0000270 seconds
111.065: [Full GC [PSYoungGen: 69120K->69119K(80384K)] [ParOldGen: 182751K->182751K(182784K)] 251871K->251871K(263168K) [PSPermGen: 13471K->13471K(21504K)], 0.0505950 secs] [Times: user=0.35 sys=0.00, real=0.05 secs] 
111.116: Total time for which application threads were stopped: 0.0509900 seconds, Stopping threads took: 0.0000140 seconds
111.116: Application time: 0.0000620 seconds
111.116: [Full GC [PSYoungGen: 69120K->69119K(80384K)] [ParOldGen: 182754K->182751K(182784K)] 251874K->251871K(263168K) [PSPermGen: 13471K->13471K(21504K)], 0.0503200 secs] [Times: user=0.34 sys=0.00, real=0.05 secs] 
111.166: Total time for which application threads were stopped: 0.0507200 seconds, Stopping threads took: 0.0000090 seconds
111.166: Application time: 0.0000290 seconds
111.167: [Full GC [PSYoungGen: 69120K->69119K(80384K)] [ParOldGen: 182751K->182751K(182784K)] 251871K->251871K(263168K) [PSPermGen: 13471K->13471K(21504K)], 0.0504400 secs] [Times: user=0.35 sys=0.00, real=0.06 secs] 
111.217: Total time for which application threads were stopped: 0.0508260 seconds, Stopping threads took: 0.0000100 seconds
111.217: Application time: 0.0000270 seconds
111.218: [Full GC [PSYoungGen: 69120K->69119K(80384K)] [ParOldGen: 182751K->182751K(182784K)] 251871K->251871K(263168K) [PSPermGen: 13471K->13471K(21504K)], 0.0503150 secs] [Times: user=0.35 sys=0.00, real=0.04 secs] 
111.268: Total time for which application threads were stopped: 0.0507030 seconds, Stopping threads took: 0.0000100 seconds
111.268: Application time: 0.0000490 seconds
111.268: [Full GC [PSYoungGen: 69120K->69119K(80384K)] [ParOldGen: 182751K->182751K(182784K)] 251871K->251871K(263168K) [PSPermGen: 13471K->13471K(21504K)], 0.0529510 secs] [Times: user=0.38 sys=0.00, real=0.06 secs] 
111.321: Total time for which application threads were stopped: 0.0533750 seconds, Stopping threads took: 0.0000110 seconds
111.321: Application time: 0.0000440 seconds
111.322: [Full GC [PSYoungGen: 69120K->69119K(80384K)] [ParOldGen: 182751K->182751K(182784K)] 251871K->251871K(263168K) [PSPermGen: 13471K->13471K(21504K)], 0.0535300 secs] [Times: user=0.37 sys=0.00, real=0.05 secs] 
111.375: Total time for which application threads were stopped: 0.0539190 seconds, Stopping threads took: 0.0000110 seconds
111.375: Application time: 0.0000530 seconds
111.376: [Full GC [PSYoungGen: 69120K->69119K(80384K)] [ParOldGen: 182751K->182751K(182784K)] 251871K->251871K(263168K) [PSPermGen: 13471K->13471K(21504K)], 0.0504380 secs] [Times: user=0.35 sys=0.01, real=0.05 secs] 
111.426: Total time for which application threads were stopped: 0.0508280 seconds, Stopping threads took: 0.0000110 seconds
111.426: Application time: 0.0000780 seconds
111.427: [Full GC [PSYoungGen: 69119K->69119K(80384K)] [ParOldGen: 182753K->182751K(182784K)] 251873K->251871K(263168K) [PSPermGen: 13471K->13471K(21504K)], 0.0504250 secs] [Times: user=0.35 sys=0.00, real=0.06 secs] 
111.477: Total time for which application threads were stopped: 0.0508130 seconds, Stopping threads took: 0.0000090 seconds
111.477: Application time: 0.0000320 seconds
111.478: [Full GC [PSYoungGen: 69120K->69119K(80384K)] [ParOldGen: 182751K->182751K(182784K)] 251871K->251870K(263168K) [PSPermGen: 13471K->13471K(21504K)], 0.0501600 secs] [Times: user=0.35 sys=0.00, real=0.04 secs] 
111.528: Total time for which application threads were stopped: 0.0505480 seconds, Stopping threads took: 0.0000070 seconds
111.528: Application time: 0.0000370 seconds
111.528: [Full GC [PSYoungGen: 69120K->69119K(80384K)] [ParOldGen: 182751K->182751K(182784K)] 251871K->251871K(263168K) [PSPermGen: 13471K->13471K(21504K)], 0.0502520 secs] [Times: user=0.35 sys=0.00, real=0.06 secs] 
111.578: Total time for which application threads were stopped: 0.0506400 seconds, Stopping threads took: 0.0000070 seconds
111.578: Application time: 0.0000480 seconds
111.579: [Full GC [PSYoungGen: 69120K->69119K(80384K)] [ParOldGen: 182751K->182751K(182784K)] 251871K->251871K(263168K) [PSPermGen: 13471K->13471K(21504K)], 0.0502650 secs] [Times: user=0.35 sys=0.00, real=0.05 secs] 
111.629: Total time for which application threads were stopped: 0.0506500 seconds, Stopping threads took: 0.0000070 seconds
111.629: Application time: 0.0000700 seconds
111.630: [Full GC [PSYoungGen: 69120K->69119K(80384K)] [ParOldGen: 182751K->182751K(182784K)] 251871K->251870K(263168K) [PSPermGen: 13471K->13471K(21504K)], 0.0503010 secs] [Times: user=0.35 sys=0.00, real=0.05 secs] 
111.680: Total time for which application threads were stopped: 0.0506980 seconds, Stopping threads took: 0.0000110 seconds
111.680: Application time: 0.0000510 seconds
111.680: [Full GC [PSYoungGen: 69120K->69119K(80384K)] [ParOldGen: 182751K->182751K(182784K)] 251871K->251870K(263168K) [PSPermGen: 13471K->13471K(21504K)], 0.0503660 secs] [Times: user=0.35 sys=0.00, real=0.05 secs] 
111.731: Total time for which application threads were stopped: 0.0507600 seconds, Stopping threads took: 0.0000070 seconds
111.731: Application time: 0.0000350 seconds
111.731: [Full GC [PSYoungGen: 69120K->69119K(80384K)] [ParOldGen: 182751K->182751K(182784K)] 251871K->251871K(263168K) [PSPermGen: 13471K->13471K(21504K)], 0.0534870 secs] [Times: user=0.37 sys=0.00, real=0.05 secs] 
111.785: Total time for which application threads were stopped: 0.0538800 seconds, Stopping threads took: 0.0000060 seconds
111.785: Application time: 0.0000490 seconds
111.785: [Full GC [PSYoungGen: 69120K->69119K(80384K)] [ParOldGen: 182751K->182751K(182784K)] 251871K->251871K(263168K) [PSPermGen: 13471K->13471K(21504K)], 0.0522230 secs] [Times: user=0.36 sys=0.00, real=0.06 secs] 
111.837: Total time for which application threads were stopped: 0.0526280 seconds, Stopping threads took: 0.0000060 seconds
111.837: Application time: 0.0000550 seconds
111.838: [Full GC [PSYoungGen: 69120K->69119K(80384K)] [ParOldGen: 182751K->182751K(182784K)] 251871K->251871K(263168K) [PSPermGen: 13471K->13471K(21504K)], 0.0519020 secs] [Times: user=0.35 sys=0.00, real=0.05 secs] 
111.890: Total time for which application threads were stopped: 0.0522920 seconds, Stopping threads took: 0.0000110 seconds
111.890: Application time: 0.0000750 seconds
111.890: [Full GC [PSYoungGen: 69120K->69119K(80384K)] [ParOldGen: 182751K->182751K(182784K)] 251871K->251871K(263168K) [PSPermGen: 13471K->13471K(21504K)], 0.0507510 secs] [Times: user=0.35 sys=0.00, real=0.05 secs] 
111.941: Total time for which application threads were stopped: 0.0511180 seconds, Stopping threads took: 0.0000080 seconds
111.941: Application time: 0.0000360 seconds
111.941: [Full GC [PSYoungGen: 69120K->69119K(80384K)] [ParOldGen: 182751K->182751K(182784K)] 251871K->251871K(263168K) [PSPermGen: 13471K->13471K(21504K)], 0.0512460 secs] [Times: user=0.35 sys=0.00, real=0.05 secs] 
111.993: Total time for which application threads were stopped: 0.0516350 seconds, Stopping threads took: 0.0000070 seconds
111.993: Application time: 0.0000430 seconds
111.993: [Full GC [PSYoungGen: 69120K->69119K(80384K)] [ParOldGen: 182751K->182751K(182784K)] 251871K->251871K(263168K) [PSPermGen: 13471K->13471K(21504K)], 0.0507490 secs] [Times: user=0.35 sys=0.00, real=0.05 secs] 
112.044: Total time for which application threads were stopped: 0.0511510 seconds, Stopping threads took: 0.0000070 seconds
112.044: Application time: 0.0000490 seconds
112.044: [Full GC [PSYoungGen: 69120K->69119K(80384K)] [ParOldGen: 182751K->182751K(182784K)] 251871K->251871K(263168K) [PSPermGen: 13471K->13471K(21504K)], 0.0502770 secs] [Times: user=0.35 sys=0.00, real=0.05 secs] 
112.094: Total time for which application threads were stopped: 0.0506610 seconds, Stopping threads took: 0.0000060 seconds
112.094: Application time: 0.0000350 seconds
112.095: [Full GC [PSYoungGen: 69120K->69119K(80384K)] [ParOldGen: 182751K->182751K(182784K)] 251871K->251870K(263168K) [PSPermGen: 13471K->13471K(21504K)], 0.0523210 secs] [Times: user=0.37 sys=0.00, real=0.05 secs] 
112.147: Total time for which application threads were stopped: 0.0527160 seconds, Stopping threads took: 0.0000130 seconds
112.147: Application time: 0.0000310 seconds
112.148: [Full GC [PSYoungGen: 69120K->69119K(80384K)] [ParOldGen: 182751K->182751K(182784K)] 251871K->251870K(263168K) [PSPermGen: 13471K->13471K(21504K)], 0.0502970 secs] [Times: user=0.35 sys=0.00, real=0.06 secs] 
112.198: Total time for which application threads were stopped: 0.0506840 seconds, Stopping threads took: 0.0000090 seconds
112.198: Application time: 0.0000310 seconds
112.198: [Full GC [PSYoungGen: 69120K->69119K(80384K)] [ParOldGen: 182751K->182751K(182784K)] 251871K->251871K(263168K) [PSPermGen: 13471K->13471K(21504K)], 0.0522090 secs] [Times: user=0.36 sys=0.00, real=0.05 secs] 
112.251: Total time for which application threads were stopped: 0.0525990 seconds, Stopping threads took: 0.0000140 seconds
112.251: Application time: 0.0000330 seconds
112.251: [Full GC [PSYoungGen: 69120K->69119K(80384K)] [ParOldGen: 182751K->182751K(182784K)] 251871K->251871K(263168K) [PSPermGen: 13471K->13471K(21504K)], 0.0505140 secs] [Times: user=0.35 sys=0.00, real=0.05 secs] 
112.301: Total time for which application threads were stopped: 0.0508960 seconds, Stopping threads took: 0.0000080 seconds
112.302: Application time: 0.0000410 seconds
112.302: [Full GC [PSYoungGen: 69120K->69119K(80384K)] [ParOldGen: 182751K->182751K(182784K)] 251871K->251871K(263168K) [PSPermGen: 13471K->13471K(21504K)], 0.0504550 secs] [Times: user=0.35 sys=0.00, real=0.05 secs] 
112.352: Total time for which application threads were stopped: 0.0508580 seconds, Stopping threads took: 0.0000070 seconds
112.352: Application time: 0.0000380 seconds
112.353: [Full GC [PSYoungGen: 69120K->69119K(80384K)] [ParOldGen: 182751K->182751K(182784K)] 251871K->251871K(263168K) [PSPermGen: 13471K->13471K(21504K)], 0.0522260 secs] [Times: user=0.37 sys=0.00, real=0.05 secs] 
112.405: Total time for which application threads were stopped: 0.0526190 seconds, Stopping threads took: 0.0000070 seconds
112.405: Application time: 0.0000640 seconds
112.405: [Full GC [PSYoungGen: 69120K->69119K(80384K)] [ParOldGen: 182753K->182751K(182784K)] 251873K->251871K(263168K) [PSPermGen: 13471K->13471K(21504K)], 0.0502680 secs] [Times: user=0.35 sys=0.00, real=0.05 secs] 
112.456: Total time for which application threads were stopped: 0.0506570 seconds, Stopping threads took: 0.0000080 seconds
112.456: Application time: 0.0000500 seconds
112.456: [Full GC [PSYoungGen: 69120K->69119K(80384K)] [ParOldGen: 182751K->182751K(182784K)] 251871K->251870K(263168K) [PSPermGen: 13471K->13471K(21504K)], 0.0507340 secs] [Times: user=0.35 sys=0.00, real=0.05 secs] 
112.507: Total time for which application threads were stopped: 0.0511210 seconds, Stopping threads took: 0.0000100 seconds
112.507: Application time: 0.0000510 seconds
112.507: [Full GC [PSYoungGen: 69120K->69119K(80384K)] [ParOldGen: 182751K->182751K(182784K)] 251871K->251870K(263168K) [PSPermGen: 13471K->13471K(21504K)], 0.0527580 secs] [Times: user=0.37 sys=0.00, real=0.06 secs] 
112.560: Total time for which application threads were stopped: 0.0531540 seconds, Stopping threads took: 0.0000080 seconds
112.560: Application time: 0.0000650 seconds
112.561: [Full GC [PSYoungGen: 69120K->69119K(80384K)] [ParOldGen: 182751K->182751K(182784K)] 251871K->251870K(263168K) [PSPermGen: 13471K->13471K(21504K)], 0.0502750 secs] [Times: user=0.35 sys=0.00, real=0.05 secs] 
112.611: Total time for which application threads were stopped: 0.0506660 seconds, Stopping threads took: 0.0000080 seconds
112.611: Application time: 0.0000370 seconds
112.611: [Full GC [PSYoungGen: 69120K->69119K(80384K)] [ParOldGen: 182751K->182751K(182784K)] 251871K->251870K(263168K) [PSPermGen: 13471K->13471K(21504K)], 0.0503270 secs] [Times: user=0.35 sys=0.00, real=0.05 secs] 
112.662: Total time for which application threads were stopped: 0.0507150 seconds, Stopping threads took: 0.0000120 seconds
112.662: Application time: 0.0000390 seconds
112.662: [Full GC [PSYoungGen: 69120K->69119K(80384K)] [ParOldGen: 182751K->182751K(182784K)] 251871K->251870K(263168K) [PSPermGen: 13471K->13471K(21504K)], 0.0502430 secs] [Times: user=0.35 sys=0.00, real=0.05 secs] 
112.712: Total time for which application threads were stopped: 0.0506300 seconds, Stopping threads took: 0.0000080 seconds
112.712: Application time: 0.0000480 seconds
112.713: [Full GC [PSYoungGen: 69120K->69119K(80384K)] [ParOldGen: 182751K->182751K(182784K)] 251871K->251870K(263168K) [PSPermGen: 13471K->13471K(21504K)], 0.0506410 secs] [Times: user=0.35 sys=0.00, real=0.05 secs] 
112.763: Total time for which application threads were stopped: 0.0510430 seconds, Stopping threads took: 0.0000080 seconds
112.763: Application time: 0.0000370 seconds
112.764: [Full GC [PSYoungGen: 69120K->69119K(80384K)] [ParOldGen: 182751K->182751K(182784K)] 251871K->251871K(263168K) [PSPermGen: 13471K->13471K(21504K)], 0.0502590 secs] [Times: user=0.35 sys=0.00, real=0.05 secs] 
112.814: Total time for which application threads were stopped: 0.0506600 seconds, Stopping threads took: 0.0000070 seconds
112.814: Application time: 0.0000540 seconds
112.814: [Full GC [PSYoungGen: 69120K->69119K(80384K)] [ParOldGen: 182751K->182751K(182784K)] 251871K->251871K(263168K) [PSPermGen: 13471K->13471K(21504K)], 0.0503380 secs] [Times: user=0.35 sys=0.00, real=0.05 secs] 
112.865: Total time for which application threads were stopped: 0.0507510 seconds, Stopping threads took: 0.0000070 seconds
112.865: Application time: 0.0000400 seconds
112.865: [Full GC [PSYoungGen: 69120K->69119K(80384K)] [ParOldGen: 182751K->182751K(182784K)] 251871K->251871K(263168K) [PSPermGen: 13471K->13471K(21504K)], 0.0532990 secs] [Times: user=0.37 sys=0.00, real=0.06 secs] 
112.919: Total time for which application threads were stopped: 0.0536870 seconds, Stopping threads took: 0.0000070 seconds
112.919: Application time: 0.0000550 seconds
112.919: [Full GC [PSYoungGen: 69120K->69119K(80384K)] [ParOldGen: 182751K->182751K(182784K)] 251871K->251871K(263168K) [PSPermGen: 13471K->13471K(21504K)], 0.0506350 secs] [Times: user=0.35 sys=0.00, real=0.05 secs] 
112.970: Total time for which application threads were stopped: 0.0510190 seconds, Stopping threads took: 0.0000070 seconds
112.970: Application time: 0.0000510 seconds
112.970: [Full GC [PSYoungGen: 69120K->69119K(80384K)] [ParOldGen: 182751K->182751K(182784K)] 251871K->251871K(263168K) [PSPermGen: 13471K->13471K(21504K)], 0.0503100 secs] [Times: user=0.35 sys=0.00, real=0.05 secs] 
113.020: Total time for which application threads were stopped: 0.0507010 seconds, Stopping threads took: 0.0000100 seconds
113.020: Application time: 0.0000520 seconds
113.021: [Full GC [PSYoungGen: 69120K->69119K(80384K)] [ParOldGen: 182751K->182751K(182784K)] 251871K->251871K(263168K) [PSPermGen: 13471K->13471K(21504K)], 0.0504490 secs] [Times: user=0.35 sys=0.00, real=0.05 secs] 
113.071: Total time for which application threads were stopped: 0.0508510 seconds, Stopping threads took: 0.0000090 seconds
113.071: Application time: 0.0000330 seconds
113.072: [Full GC [PSYoungGen: 69119K->69119K(80384K)] [ParOldGen: 182751K->182751K(182784K)] 251871K->251871K(263168K) [PSPermGen: 13471K->13471K(21504K)], 0.0504210 secs] [Times: user=0.35 sys=0.00, real=0.05 secs] 
113.122: Total time for which application threads were stopped: 0.0508080 seconds, Stopping threads took: 0.0000080 seconds
113.122: Application time: 0.0000590 seconds
113.123: [Full GC [PSYoungGen: 69120K->69119K(80384K)] [ParOldGen: 182753K->182751K(182784K)] 251873K->251870K(263168K) [PSPermGen: 13471K->13471K(21504K)], 0.0532320 secs] [Times: user=0.37 sys=0.00, real=0.05 secs] 
113.176: Total time for which application threads were stopped: 0.0536300 seconds, Stopping threads took: 0.0000080 seconds
113.176: Application time: 0.0000520 seconds
113.176: [Full GC [PSYoungGen: 69120K->69119K(80384K)] [ParOldGen: 182751K->182751K(182784K)] 251871K->251870K(263168K) [PSPermGen: 13471K->13471K(21504K)], 0.0530030 secs] [Times: user=0.37 sys=0.00, real=0.06 secs] 
113.229: Total time for which application threads were stopped: 0.0533950 seconds, Stopping threads took: 0.0000080 seconds
113.229: Application time: 0.0000540 seconds
113.230: [Full GC [PSYoungGen: 69120K->69119K(80384K)] [ParOldGen: 182751K->182751K(182784K)] 251871K->251870K(263168K) [PSPermGen: 13471K->13471K(21504K)], 0.0521770 secs] [Times: user=0.37 sys=0.00, real=0.05 secs] 
113.282: Total time for which application threads were stopped: 0.0525880 seconds, Stopping threads took: 0.0000230 seconds
113.282: Application time: 0.0000460 seconds
113.282: [Full GC [PSYoungGen: 69120K->69119K(80384K)] [ParOldGen: 182751K->182751K(182784K)] 251871K->251870K(263168K) [PSPermGen: 13471K->13471K(21504K)], 0.0504930 secs] [Times: user=0.35 sys=0.00, real=0.05 secs] 
113.333: Total time for which application threads were stopped: 0.0508870 seconds, Stopping threads took: 0.0000090 seconds
113.333: Application time: 0.0000380 seconds
113.333: [Full GC [PSYoungGen: 69120K->69119K(80384K)] [ParOldGen: 182751K->182751K(182784K)] 251871K->251870K(263168K) [PSPermGen: 13471K->13471K(21504K)], 0.0505290 secs] [Times: user=0.35 sys=0.00, real=0.05 secs] 
113.384: Total time for which application threads were stopped: 0.0509320 seconds, Stopping threads took: 0.0000070 seconds
113.384: Application time: 0.0000600 seconds
113.384: [Full GC [PSYoungGen: 69120K->69119K(80384K)] [ParOldGen: 182751K->182751K(182784K)] 251871K->251870K(263168K) [PSPermGen: 13471K->13471K(21504K)], 0.0507850 secs] [Times: user=0.35 sys=0.00, real=0.05 secs] 
113.435: Total time for which application threads were stopped: 0.0511780 seconds, Stopping threads took: 0.0000090 seconds
113.435: Application time: 0.0000810 seconds
113.436: [Full GC [PSYoungGen: 69120K->69119K(80384K)] [ParOldGen: 182751K->182751K(182784K)] 251871K->251870K(263168K) [PSPermGen: 13471K->13471K(21504K)], 0.0502410 secs] [Times: user=0.35 sys=0.00, real=0.05 secs] 
113.486: Total time for which application threads were stopped: 0.0506320 seconds, Stopping threads took: 0.0000070 seconds
113.486: Application time: 0.0000350 seconds
113.486: [Full GC [PSYoungGen: 69120K->69119K(80384K)] [ParOldGen: 182751K->182751K(182784K)] 251871K->251870K(263168K) [PSPermGen: 13471K->13471K(21504K)], 0.0528180 secs] [Times: user=0.37 sys=0.00, real=0.06 secs] 
113.539: Total time for which application threads were stopped: 0.0532060 seconds, Stopping threads took: 0.0000070 seconds
113.539: Application time: 0.0000520 seconds
113.539: [Full GC [PSYoungGen: 69119K->69119K(80384K)] [ParOldGen: 182751K->182751K(182784K)] 251871K->251870K(263168K) [PSPermGen: 13471K->13471K(21504K)], 0.0504520 secs] [Times: user=0.35 sys=0.00, real=0.05 secs] 
113.590: Total time for which application threads were stopped: 0.0508420 seconds, Stopping threads took: 0.0000080 seconds
113.590: Application time: 0.0000450 seconds
113.590: [Full GC [PSYoungGen: 69119K->69119K(80384K)] [ParOldGen: 182751K->182751K(182784K)] 251871K->251871K(263168K) [PSPermGen: 13471K->13471K(21504K)], 0.0506180 secs] [Times: user=0.35 sys=0.00, real=0.05 secs] 
113.641: Total time for which application threads were stopped: 0.0510090 seconds, Stopping threads took: 0.0000080 seconds
113.641: Application time: 0.0000700 seconds
113.641: [Full GC [PSYoungGen: 69119K->69119K(80384K)] [ParOldGen: 182753K->182751K(182784K)] 251873K->251871K(263168K) [PSPermGen: 13471K->13471K(21504K)], 0.0501200 secs] [Times: user=0.35 sys=0.00, real=0.05 secs] 
113.692: Total time for which application threads were stopped: 0.0505220 seconds, Stopping threads took: 0.0000170 seconds
113.692: Application time: 0.0000340 seconds
113.692: [Full GC [PSYoungGen: 69120K->69119K(80384K)] [ParOldGen: 182751K->182751K(182784K)] 251871K->251871K(263168K) [PSPermGen: 13471K->13471K(21504K)], 0.0540740 secs] [Times: user=0.38 sys=0.00, real=0.05 secs] 
113.746: Total time for which application threads were stopped: 0.0544740 seconds, Stopping threads took: 0.0000190 seconds
113.746: Application time: 0.0000390 seconds
113.747: [Full GC [PSYoungGen: 69120K->69119K(80384K)] [ParOldGen: 182751K->182751K(182784K)] 251871K->251871K(263168K) [PSPermGen: 13471K->13471K(21504K)], 0.0534270 secs] [Times: user=0.37 sys=0.00, real=0.06 secs] 
113.800: Total time for which application threads were stopped: 0.0538190 seconds, Stopping threads took: 0.0000080 seconds
113.800: Application time: 0.0000720 seconds
113.800: [Full GC [PSYoungGen: 69120K->69119K(80384K)] [ParOldGen: 182751K->182751K(182784K)] 251871K->251871K(263168K) [PSPermGen: 13471K->13471K(21504K)], 0.0507000 secs] [Times: user=0.35 sys=0.00, real=0.05 secs] 
113.851: Total time for which application threads were stopped: 0.0510900 seconds, Stopping threads took: 0.0000070 seconds
113.851: Application time: 0.0000780 seconds
113.852: [Full GC [PSYoungGen: 69120K->69119K(80384K)] [ParOldGen: 182751K->182751K(182784K)] 251871K->251871K(263168K) [PSPermGen: 13471K->13471K(21504K)], 0.0506510 secs] [Times: user=0.34 sys=0.00, real=0.05 secs] 
113.902: Total time for which application threads were stopped: 0.0511040 seconds, Stopping threads took: 0.0000080 seconds
113.902: Application time: 0.0000300 seconds
113.903: [Full GC [PSYoungGen: 69120K->69119K(80384K)] [ParOldGen: 182751K->182751K(182784K)] 251871K->251871K(263168K) [PSPermGen: 13471K->13471K(21504K)], 0.0528540 secs] [Times: user=0.37 sys=0.00, real=0.05 secs] 
113.956: Total time for which application threads were stopped: 0.0532470 seconds, Stopping threads took: 0.0000100 seconds
113.956: Application time: 0.0000540 seconds
113.956: [Full GC [PSYoungGen: 69120K->69119K(80384K)] [ParOldGen: 182751K->182751K(182784K)] 251871K->251871K(263168K) [PSPermGen: 13471K->13471K(21504K)], 0.0519570 secs] [Times: user=0.36 sys=0.00, real=0.05 secs] 
114.008: Total time for which application threads were stopped: 0.0523560 seconds, Stopping threads took: 0.0000130 seconds
114.008: Application time: 0.0000500 seconds
114.008: [Full GC [PSYoungGen: 69120K->69119K(80384K)] [ParOldGen: 182751K->182751K(182784K)] 251871K->251870K(263168K) [PSPermGen: 13471K->13471K(21504K)], 0.0506760 secs] [Times: user=0.35 sys=0.00, real=0.06 secs] 
114.059: Total time for which application threads were stopped: 0.0510730 seconds, Stopping threads took: 0.0000160 seconds
114.059: Application time: 0.0000590 seconds
114.060: [Full GC [PSYoungGen: 69120K->69119K(80384K)] [ParOldGen: 182751K->182751K(182784K)] 251871K->251870K(263168K) [PSPermGen: 13471K->13471K(21504K)], 0.0508960 secs] [Times: user=0.35 sys=0.00, real=0.05 secs] 
114.111: Total time for which application threads were stopped: 0.0513040 seconds, Stopping threads took: 0.0000080 seconds
114.111: Application time: 0.0000830 seconds
114.111: [Full GC [PSYoungGen: 69120K->69119K(80384K)] [ParOldGen: 182751K->182751K(182784K)] 251871K->251870K(263168K) [PSPermGen: 13471K->13471K(21504K)], 0.0504290 secs] [Times: user=0.35 sys=0.00, real=0.05 secs] 
114.161: Total time for which application threads were stopped: 0.0508170 seconds, Stopping threads took: 0.0000100 seconds
114.161: Application time: 0.0000390 seconds
114.162: [Full GC [PSYoungGen: 69120K->69119K(80384K)] [ParOldGen: 182751K->182751K(182784K)] 251871K->251870K(263168K) [PSPermGen: 13471K->13471K(21504K)], 0.0524780 secs] [Times: user=0.37 sys=0.00, real=0.05 secs] 
114.214: Total time for which application threads were stopped: 0.0528740 seconds, Stopping threads took: 0.0000120 seconds
114.214: Application time: 0.0000320 seconds
114.215: [Full GC [PSYoungGen: 69120K->69119K(80384K)] [ParOldGen: 182751K->182751K(182784K)] 251871K->251870K(263168K) [PSPermGen: 13471K->13471K(21504K)], 0.0507050 secs] [Times: user=0.35 sys=0.00, real=0.05 secs] 
114.265: Total time for which application threads were stopped: 0.0511060 seconds, Stopping threads took: 0.0000140 seconds
114.266: Application time: 0.0000470 seconds
114.266: [Full GC [PSYoungGen: 69120K->69119K(80384K)] [ParOldGen: 182751K->182751K(182784K)] 251871K->251870K(263168K) [PSPermGen: 13471K->13471K(21504K)], 0.0524070 secs] [Times: user=0.36 sys=0.00, real=0.06 secs] 
114.318: Total time for which application threads were stopped: 0.0528010 seconds, Stopping threads took: 0.0000080 seconds
114.318: Application time: 0.0000530 seconds
114.319: [Full GC [PSYoungGen: 69120K->69119K(80384K)] [ParOldGen: 182751K->182751K(182784K)] 251871K->251870K(263168K) [PSPermGen: 13471K->13471K(21504K)], 0.0505620 secs] [Times: user=0.35 sys=0.00, real=0.05 secs] 
114.369: Total time for which application threads were stopped: 0.0509480 seconds, Stopping threads took: 0.0000080 seconds
114.369: Application time: 0.0000480 seconds
114.370: [Full GC [PSYoungGen: 69120K->69119K(80384K)] [ParOldGen: 182751K->182751K(182784K)] 251871K->251870K(263168K) [PSPermGen: 13471K->13471K(21504K)], 0.0501980 secs] [Times: user=0.34 sys=0.00, real=0.05 secs] 
114.420: Total time for which application threads were stopped: 0.0506070 seconds, Stopping threads took: 0.0000070 seconds
114.420: Application time: 0.0000530 seconds
114.420: [Full GC [PSYoungGen: 69120K->69119K(80384K)] [ParOldGen: 182751K->182751K(182784K)] 251871K->251870K(263168K) [PSPermGen: 13471K->13471K(21504K)], 0.0537290 secs] [Times: user=0.38 sys=0.00, real=0.05 secs] 
114.474: Total time for which application threads were stopped: 0.0541130 seconds, Stopping threads took: 0.0000070 seconds
114.474: Application time: 0.0000440 seconds
114.475: [Full GC [PSYoungGen: 69120K->69119K(80384K)] [ParOldGen: 182751K->182751K(182784K)] 251871K->251870K(263168K) [PSPermGen: 13471K->13471K(21504K)], 0.0501360 secs] [Times: user=0.35 sys=0.00, real=0.05 secs] 
114.525: Total time for which application threads were stopped: 0.0505300 seconds, Stopping threads took: 0.0000150 seconds
114.525: Application time: 0.0000410 seconds
114.525: [Full GC [PSYoungGen: 69120K->69119K(80384K)] [ParOldGen: 182751K->182751K(182784K)] 251871K->251871K(263168K) [PSPermGen: 13471K->13471K(21504K)], 0.0524890 secs] [Times: user=0.37 sys=0.00, real=0.06 secs] 
114.578: Total time for which application threads were stopped: 0.0528820 seconds, Stopping threads took: 0.0000120 seconds
114.578: Application time: 0.0000440 seconds
114.578: [Full GC [PSYoungGen: 69119K->69117K(80384K)] [ParOldGen: 182751K->182751K(182784K)] 251871K->251868K(263168K) [PSPermGen: 13471K->13471K(21504K)], 0.0504970 secs] [Times: user=0.35 sys=0.00, real=0.04 secs] 
114.629: Total time for which application threads were stopped: 0.0509150 seconds, Stopping threads took: 0.0000210 seconds
114.629: Application time: 0.0000610 seconds
114.629: [Full GC [PSYoungGen: 69120K->69117K(80384K)] [ParOldGen: 182751K->182750K(182784K)] 251871K->251868K(263168K) [PSPermGen: 13471K->13471K(21504K)], 0.0503180 secs] [Times: user=0.35 sys=0.01, real=0.05 secs] 
114.679: Total time for which application threads were stopped: 0.0507290 seconds, Stopping threads took: 0.0000290 seconds
114.679: Application time: 0.0000340 seconds
114.680: [Full GC [PSYoungGen: 69120K->69117K(80384K)] [ParOldGen: 182750K->182750K(182784K)] 251870K->251868K(263168K) [PSPermGen: 13471K->13471K(21504K)], 0.0503460 secs] [Times: user=0.35 sys=0.00, real=0.05 secs] 
114.730: Total time for which application threads were stopped: 0.0507360 seconds, Stopping threads took: 0.0000120 seconds
114.730: Application time: 0.0000530 seconds
114.731: [Full GC [PSYoungGen: 69120K->69117K(80384K)] [ParOldGen: 182750K->182750K(182784K)] 251870K->251868K(263168K) [PSPermGen: 13471K->13471K(21504K)], 0.0504480 secs] [Times: user=0.35 sys=0.00, real=0.05 secs] 
114.781: Total time for which application threads were stopped: 0.0508490 seconds, Stopping threads took: 0.0000210 seconds
114.781: Application time: 0.0000430 seconds
114.781: [Full GC [PSYoungGen: 69120K->69118K(80384K)] [ParOldGen: 182750K->182750K(182784K)] 251870K->251868K(263168K) [PSPermGen: 13471K->13471K(21504K)], 0.0503480 secs] [Times: user=0.34 sys=0.00, real=0.05 secs] 
114.832: Total time for which application threads were stopped: 0.0507430 seconds, Stopping threads took: 0.0000080 seconds
114.832: Application time: 0.0000470 seconds
114.832: [Full GC [PSYoungGen: 69120K->69118K(80384K)] [ParOldGen: 182750K->182750K(182784K)] 251870K->251868K(263168K) [PSPermGen: 13471K->13471K(21504K)], 0.0501630 secs] [Times: user=0.34 sys=0.00, real=0.05 secs] 
114.882: Total time for which application threads were stopped: 0.0505560 seconds, Stopping threads took: 0.0000170 seconds
114.883: Application time: 0.0000500 seconds
114.883: [Full GC [PSYoungGen: 69120K->69118K(80384K)] [ParOldGen: 182750K->182750K(182784K)] 251870K->251868K(263168K) [PSPermGen: 13471K->13471K(21504K)], 0.0510630 secs] [Times: user=0.35 sys=0.00, real=0.05 secs] 
114.934: Total time for which application threads were stopped: 0.0514750 seconds, Stopping threads took: 0.0000100 seconds
114.934: Application time: 0.0000500 seconds
114.934: [Full GC [PSYoungGen: 69120K->69118K(80384K)] [ParOldGen: 182750K->182750K(182784K)] 251870K->251868K(263168K) [PSPermGen: 13471K->13471K(21504K)], 0.0504890 secs] [Times: user=0.35 sys=0.00, real=0.05 secs] 
114.985: Total time for which application threads were stopped: 0.0508890 seconds, Stopping threads took: 0.0000080 seconds
114.985: Application time: 0.0000390 seconds
114.985: [Full GC [PSYoungGen: 69120K->69118K(80384K)] [ParOldGen: 182750K->182750K(182784K)] 251870K->251868K(263168K) [PSPermGen: 13471K->13471K(21504K)], 0.0504080 secs] [Times: user=0.34 sys=0.00, real=0.05 secs] 
115.036: Total time for which application threads were stopped: 0.0508010 seconds, Stopping threads took: 0.0000170 seconds
115.036: Application time: 0.0000470 seconds
115.036: [Full GC [PSYoungGen: 69120K->69118K(80384K)] [ParOldGen: 182750K->182750K(182784K)] 251870K->251868K(263168K) [PSPermGen: 13471K->13471K(21504K)], 0.0502030 secs] [Times: user=0.34 sys=0.00, real=0.05 secs] 
115.086: Total time for which application threads were stopped: 0.0506090 seconds, Stopping threads took: 0.0000090 seconds
115.086: Application time: 0.0000280 seconds
115.087: [Full GC [PSYoungGen: 69120K->69118K(80384K)] [ParOldGen: 182750K->182750K(182784K)] 251870K->251868K(263168K) [PSPermGen: 13471K->13471K(21504K)], 0.0503980 secs] [Times: user=0.34 sys=0.00, real=0.06 secs] 
115.137: Total time for which application threads were stopped: 0.0507940 seconds, Stopping threads took: 0.0000180 seconds
115.137: Application time: 0.0000350 seconds
115.138: [Full GC [PSYoungGen: 69120K->69118K(80384K)] [ParOldGen: 182750K->182750K(182784K)] 251870K->251868K(263168K) [PSPermGen: 13471K->13471K(21504K)], 0.0502910 secs] [Times: user=0.35 sys=0.00, real=0.04 secs] 
115.188: Total time for which application threads were stopped: 0.0506900 seconds, Stopping threads took: 0.0000190 seconds
115.188: Application time: 0.0000340 seconds
115.188: [Full GC [PSYoungGen: 69120K->69118K(80384K)] [ParOldGen: 182750K->182749K(182784K)] 251870K->251868K(263168K) [PSPermGen: 13471K->13471K(21504K)], 0.0502130 secs] [Times: user=0.35 sys=0.00, real=0.06 secs] 
115.239: Total time for which application threads were stopped: 0.0505980 seconds, Stopping threads took: 0.0000070 seconds
115.239: Application time: 0.0000530 seconds
115.239: [Full GC [PSYoungGen: 69120K->69118K(80384K)] [ParOldGen: 182749K->182749K(182784K)] 251869K->251868K(263168K) [PSPermGen: 13471K->13471K(21504K)], 0.0504700 secs] [Times: user=0.35 sys=0.00, real=0.05 secs] 
115.290: Total time for which application threads were stopped: 0.0508830 seconds, Stopping threads took: 0.0000270 seconds
115.290: Application time: 0.0000360 seconds
115.290: [Full GC [PSYoungGen: 69120K->69118K(80384K)] [ParOldGen: 182749K->182749K(182784K)] 251869K->251868K(263168K) [PSPermGen: 13471K->13471K(21504K)], 0.0520380 secs] [Times: user=0.37 sys=0.00, real=0.05 secs] 
115.342: Total time for which application threads were stopped: 0.0524250 seconds, Stopping threads took: 0.0000110 seconds
115.342: Application time: 0.0000390 seconds
115.342: [Full GC [PSYoungGen: 69120K->69118K(80384K)] [ParOldGen: 182749K->182749K(182784K)] 251869K->251868K(263168K) [PSPermGen: 13471K->13471K(21504K)], 0.0504530 secs] [Times: user=0.35 sys=0.00, real=0.05 secs] 
115.393: Total time for which application threads were stopped: 0.0508400 seconds, Stopping threads took: 0.0000070 seconds
115.393: Application time: 0.0000620 seconds
115.393: [Full GC [PSYoungGen: 69120K->69119K(80384K)] [ParOldGen: 182749K->182749K(182784K)] 251869K->251869K(263168K) [PSPermGen: 13471K->13471K(21504K)], 0.0505310 secs] [Times: user=0.35 sys=0.00, real=0.05 secs] 
115.444: Total time for which application threads were stopped: 0.0509480 seconds, Stopping threads took: 0.0000080 seconds
115.444: Application time: 0.0000550 seconds
115.444: [Full GC [PSYoungGen: 69120K->69119K(80384K)] [ParOldGen: 182749K->182749K(182784K)] 251869K->251869K(263168K) [PSPermGen: 13471K->13471K(21504K)], 0.0527250 secs] [Times: user=0.37 sys=0.00, real=0.06 secs] 
115.497: Total time for which application threads were stopped: 0.0531210 seconds, Stopping threads took: 0.0000120 seconds
115.497: Application time: 0.0000490 seconds
115.497: [Full GC [PSYoungGen: 69120K->69119K(80384K)] [ParOldGen: 182749K->182749K(182784K)] 251869K->251869K(263168K) [PSPermGen: 13471K->13471K(21504K)], 0.0507170 secs] [Times: user=0.35 sys=0.00, real=0.04 secs] 
115.548: Total time for which application threads were stopped: 0.0511170 seconds, Stopping threads took: 0.0000090 seconds
115.548: Application time: 0.0000840 seconds
115.549: [Full GC [PSYoungGen: 69120K->69118K(80384K)] [ParOldGen: 182783K->182782K(182784K)] 251903K->251901K(263168K) [PSPermGen: 13471K->13471K(21504K)], 0.0506370 secs] [Times: user=0.35 sys=0.00, real=0.05 secs] 
115.599: Total time for which application threads were stopped: 0.0510430 seconds, Stopping threads took: 0.0000180 seconds
115.599: Application time: 0.0000600 seconds
115.600: [Full GC [PSYoungGen: 69120K->69118K(80384K)] [ParOldGen: 182782K->182782K(182784K)] 251902K->251901K(263168K) [PSPermGen: 13471K->13471K(21504K)], 0.0505110 secs] [Times: user=0.35 sys=0.00, real=0.05 secs] 
115.650: Total time for which application threads were stopped: 0.0509200 seconds, Stopping threads took: 0.0000180 seconds
115.650: Application time: 0.0000360 seconds
115.651: Total time for which application threads were stopped: 0.0003290 seconds, Stopping threads took: 0.0000140 seconds
115.651: Application time: 0.0000240 seconds
115.651: [Full GC [PSYoungGen: 69120K->69119K(80384K)] [ParOldGen: 182783K->182783K(182784K)] 251903K->251902K(263168K) [PSPermGen: 13471K->13471K(21504K)], 0.0504160 secs] [Times: user=0.35 sys=0.00, real=0.05 secs] 
115.701: Total time for which application threads were stopped: 0.0505340 seconds, Stopping threads took: 0.0000060 seconds
115.701: Application time: 0.0000550 seconds
115.702: [Full GC [PSYoungGen: 69120K->69119K(80384K)] [ParOldGen: 182783K->182783K(182784K)] 251903K->251902K(263168K) [PSPermGen: 13471K->13471K(21504K)], 0.0535740 secs] [Times: user=0.37 sys=0.00, real=0.05 secs] 
115.755: Total time for which application threads were stopped: 0.0539670 seconds, Stopping threads took: 0.0000080 seconds
115.755: Application time: 0.0000360 seconds
115.756: [Full GC [PSYoungGen: 69120K->69119K(80384K)] [ParOldGen: 182783K->182783K(182784K)] 251903K->251902K(263168K) [PSPermGen: 13471K->13471K(21504K)], 0.0505010 secs] [Times: user=0.35 sys=0.00, real=0.05 secs] 
115.806: Total time for which application threads were stopped: 0.0508940 seconds, Stopping threads took: 0.0000120 seconds
115.806: Application time: 0.0000460 seconds
115.807: [Full GC [PSYoungGen: 69120K->69119K(80384K)] [ParOldGen: 182783K->182783K(182784K)] 251903K->251902K(263168K) [PSPermGen: 13471K->13471K(21504K)], 0.0510380 secs] [Times: user=0.36 sys=0.00, real=0.06 secs] 
115.858: Total time for which application threads were stopped: 0.0514320 seconds, Stopping threads took: 0.0000120 seconds
115.858: Application time: 0.0000580 seconds
115.858: [Full GC [PSYoungGen: 69120K->69118K(80384K)] [ParOldGen: 182783K->182783K(182784K)] 251903K->251902K(263168K) [PSPermGen: 13471K->13471K(21504K)], 0.0508860 secs] [Times: user=0.35 sys=0.00, real=0.05 secs] 
115.909: Total time for which application threads were stopped: 0.0512780 seconds, Stopping threads took: 0.0000080 seconds
115.909: Application time: 0.0000420 seconds
115.909: [Full GC [PSYoungGen: 69120K->69119K(80384K)] [ParOldGen: 182783K->182783K(182784K)] 251903K->251902K(263168K) [PSPermGen: 13471K->13471K(21504K)], 0.0503830 secs] [Times: user=0.35 sys=0.00, real=0.05 secs] 
115.960: Total time for which application threads were stopped: 0.0508160 seconds, Stopping threads took: 0.0000370 seconds
115.960: Application time: 0.0000400 seconds
115.960: [Full GC [PSYoungGen: 69120K->69119K(80384K)] [ParOldGen: 182783K->182783K(182784K)] 251903K->251902K(263168K) [PSPermGen: 13471K->13471K(21504K)], 0.0503840 secs] [Times: user=0.35 sys=0.01, real=0.05 secs] 
116.011: Total time for which application threads were stopped: 0.0507830 seconds, Stopping threads took: 0.0000140 seconds
116.011: Application time: 0.0000340 seconds
116.011: [Full GC [PSYoungGen: 69120K->69119K(80384K)] [ParOldGen: 182783K->182782K(182784K)] 251903K->251902K(263168K) [PSPermGen: 13471K->13471K(21504K)], 0.0507430 secs] [Times: user=0.35 sys=0.00, real=0.05 secs] 
116.062: Total time for which application threads were stopped: 0.0511240 seconds, Stopping threads took: 0.0000080 seconds
116.062: Application time: 0.0000360 seconds
116.062: [Full GC [PSYoungGen: 69120K->69119K(80384K)] [ParOldGen: 182782K->182782K(182784K)] 251902K->251902K(263168K) [PSPermGen: 13471K->13471K(21504K)], 0.0502130 secs] [Times: user=0.34 sys=0.00, real=0.05 secs] 
116.113: Total time for which application threads were stopped: 0.0506000 seconds, Stopping threads took: 0.0000120 seconds
116.113: Application time: 0.0000450 seconds
116.113: [Full GC [PSYoungGen: 69120K->69119K(80384K)] [ParOldGen: 182782K->182782K(182784K)] 251902K->251902K(263168K) [PSPermGen: 13471K->13471K(21504K)], 0.0503000 secs] [Times: user=0.34 sys=0.00, real=0.05 secs] 
116.163: Total time for which application threads were stopped: 0.0506940 seconds, Stopping threads took: 0.0000070 seconds
116.163: Application time: 0.0000360 seconds
116.164: [Full GC [PSYoungGen: 69120K->69119K(80384K)] [ParOldGen: 182782K->182782K(182784K)] 251902K->251902K(263168K) [PSPermGen: 13471K->13471K(21504K)], 0.0508390 secs] [Times: user=0.36 sys=0.00, real=0.05 secs] 
116.215: Total time for which application threads were stopped: 0.0512320 seconds, Stopping threads took: 0.0000080 seconds
116.215: Application time: 0.0000390 seconds
116.215: [Full GC [PSYoungGen: 69120K->69119K(80384K)] [ParOldGen: 182782K->182782K(182784K)] 251902K->251902K(263168K) [PSPermGen: 13471K->13471K(21504K)], 0.0505490 secs] [Times: user=0.35 sys=0.00, real=0.05 secs] 
116.266: Total time for which application threads were stopped: 0.0509430 seconds, Stopping threads took: 0.0000100 seconds
116.266: Application time: 0.0000470 seconds
116.266: [Full GC [PSYoungGen: 69120K->69119K(80384K)] [ParOldGen: 182782K->182782K(182784K)] 251902K->251902K(263168K) [PSPermGen: 13471K->13471K(21504K)], 0.0507190 secs] [Times: user=0.35 sys=0.00, real=0.06 secs] 
116.317: Total time for which application threads were stopped: 0.0511120 seconds, Stopping threads took: 0.0000080 seconds
116.317: Application time: 0.0000440 seconds
116.317: [Full GC [PSYoungGen: 69120K->69119K(80384K)] [ParOldGen: 182782K->182782K(182784K)] 251902K->251902K(263168K) [PSPermGen: 13471K->13471K(21504K)], 0.0505430 secs] [Times: user=0.35 sys=0.00, real=0.04 secs] 
116.368: Total time for which application threads were stopped: 0.0509260 seconds, Stopping threads took: 0.0000070 seconds
116.368: Application time: 0.0000390 seconds
116.368: [Full GC [PSYoungGen: 69120K->69119K(80384K)] [ParOldGen: 182782K->182782K(182784K)] 251902K->251902K(263168K) [PSPermGen: 13471K->13471K(21504K)], 0.0503340 secs] [Times: user=0.35 sys=0.00, real=0.06 secs] 
116.418: Total time for which application threads were stopped: 0.0507240 seconds, Stopping threads took: 0.0000100 seconds
116.419: Application time: 0.0000610 seconds
116.419: [Full GC [PSYoungGen: 69120K->69119K(80384K)] [ParOldGen: 182782K->182782K(182784K)] 251902K->251902K(263168K) [PSPermGen: 13471K->13471K(21504K)], 0.0502780 secs] [Times: user=0.35 sys=0.00, real=0.05 secs] 
116.469: Total time for which application threads were stopped: 0.0506940 seconds, Stopping threads took: 0.0000080 seconds
116.469: Application time: 0.0000540 seconds
116.470: [Full GC [PSYoungGen: 69119K->69119K(80384K)] [ParOldGen: 182783K->182783K(182784K)] 251903K->251902K(263168K) [PSPermGen: 13471K->13471K(21504K)], 0.0504260 secs] [Times: user=0.35 sys=0.00, real=0.05 secs] 
116.520: Total time for which application threads were stopped: 0.0508140 seconds, Stopping threads took: 0.0000070 seconds
116.520: Application time: 0.0000520 seconds
116.520: [Full GC [PSYoungGen: 69120K->69119K(80384K)] [ParOldGen: 182783K->182783K(182784K)] 251903K->251902K(263168K) [PSPermGen: 13471K->13471K(21504K)], 0.0503290 secs] [Times: user=0.35 sys=0.00, real=0.05 secs] 
116.571: Total time for which application threads were stopped: 0.0507220 seconds, Stopping threads took: 0.0000080 seconds
116.571: Application time: 0.0000470 seconds
116.571: [Full GC [PSYoungGen: 69120K->69119K(80384K)] [ParOldGen: 182783K->182782K(182784K)] 251903K->251902K(263168K) [PSPermGen: 13471K->13471K(21504K)], 0.0503750 secs] [Times: user=0.35 sys=0.00, real=0.05 secs] 
116.622: Total time for which application threads were stopped: 0.0507610 seconds, Stopping threads took: 0.0000070 seconds
116.622: Application time: 0.0000350 seconds
116.622: [Full GC [PSYoungGen: 69120K->69119K(80384K)] [ParOldGen: 182782K->182782K(182784K)] 251902K->251902K(263168K) [PSPermGen: 13471K->13471K(21504K)], 0.0504270 secs] [Times: user=0.35 sys=0.00, real=0.05 secs] 
116.673: Total time for which application threads were stopped: 0.0508170 seconds, Stopping threads took: 0.0000070 seconds
116.673: Application time: 0.0000440 seconds
116.673: [Full GC [PSYoungGen: 69120K->69119K(80384K)] [ParOldGen: 182782K->182782K(182784K)] 251902K->251902K(263168K) [PSPermGen: 13471K->13471K(21504K)], 0.0522250 secs] [Times: user=0.36 sys=0.00, real=0.05 secs] 
116.725: Total time for which application threads were stopped: 0.0526240 seconds, Stopping threads took: 0.0000090 seconds
116.725: Application time: 0.0000720 seconds
116.726: [Full GC [PSYoungGen: 69120K->69119K(80384K)] [ParOldGen: 182782K->182782K(182784K)] 251902K->251902K(263168K) [PSPermGen: 13471K->13471K(21504K)], 0.0506420 secs] [Times: user=0.36 sys=0.00, real=0.05 secs] 
116.776: Total time for which application threads were stopped: 0.0510340 seconds, Stopping threads took: 0.0000100 seconds
116.776: Application time: 0.0000370 seconds
116.777: [Full GC [PSYoungGen: 69120K->69119K(80384K)] [ParOldGen: 182782K->182782K(182784K)] 251902K->251901K(263168K) [PSPermGen: 13471K->13471K(21504K)], 0.0504560 secs] [Times: user=0.35 sys=0.00, real=0.04 secs] 
116.827: Total time for which application threads were stopped: 0.0508670 seconds, Stopping threads took: 0.0000180 seconds
116.827: Application time: 0.0000440 seconds
116.828: [Full GC [PSYoungGen: 69120K->69119K(80384K)] [ParOldGen: 182782K->182782K(182784K)] 251902K->251901K(263168K) [PSPermGen: 13471K->13471K(21504K)], 0.0503650 secs] [Times: user=0.35 sys=0.00, real=0.06 secs] 
116.878: Total time for which application threads were stopped: 0.0507520 seconds, Stopping threads took: 0.0000100 seconds
116.878: Application time: 0.0000480 seconds
116.878: [Full GC [PSYoungGen: 69120K->69119K(80384K)] [ParOldGen: 182782K->182782K(182784K)] 251902K->251901K(263168K) [PSPermGen: 13471K->13471K(21504K)], 0.0509040 secs] [Times: user=0.35 sys=0.00, real=0.05 secs] 
116.929: Total time for which application threads were stopped: 0.0513030 seconds, Stopping threads took: 0.0000190 seconds
116.929: Application time: 0.0000530 seconds
116.930: [Full GC [PSYoungGen: 69120K->69119K(80384K)] [ParOldGen: 182782K->182782K(182784K)] 251902K->251901K(263168K) [PSPermGen: 13471K->13471K(21504K)], 0.0504260 secs] [Times: user=0.35 sys=0.00, real=0.05 secs] 
116.980: Total time for which application threads were stopped: 0.0508410 seconds, Stopping threads took: 0.0000080 seconds
116.980: Application time: 0.0000440 seconds
116.981: [Full GC [PSYoungGen: 69120K->69119K(80384K)] [ParOldGen: 182782K->182782K(182784K)] 251902K->251901K(263168K) [PSPermGen: 13471K->13471K(21504K)], 0.0503920 secs] [Times: user=0.35 sys=0.00, real=0.05 secs] 
117.031: Total time for which application threads were stopped: 0.0507940 seconds, Stopping threads took: 0.0000060 seconds
117.031: Application time: 0.0000420 seconds
117.031: [Full GC [PSYoungGen: 69120K->69119K(80384K)] [ParOldGen: 182782K->182782K(182784K)] 251902K->251901K(263168K) [PSPermGen: 13471K->13471K(21504K)], 0.0506040 secs] [Times: user=0.35 sys=0.00, real=0.05 secs] 
117.082: Total time for which application threads were stopped: 0.0509990 seconds, Stopping threads took: 0.0000120 seconds
117.082: Application time: 0.0000470 seconds
117.083: [Full GC [PSYoungGen: 69120K->69119K(80384K)] [ParOldGen: 182782K->182782K(182784K)] 251902K->251901K(263168K) [PSPermGen: 13471K->13471K(21504K)], 0.0501970 secs] [Times: user=0.35 sys=0.00, real=0.05 secs] 
117.133: Total time for which application threads were stopped: 0.0505930 seconds, Stopping threads took: 0.0000100 seconds
117.133: Application time: 0.0000440 seconds
117.133: [Full GC [PSYoungGen: 69120K->69119K(80384K)] [ParOldGen: 182782K->182782K(182784K)] 251902K->251901K(263168K) [PSPermGen: 13471K->13471K(21504K)], 0.0501920 secs] [Times: user=0.34 sys=0.00, real=0.05 secs] 
117.183: Total time for which application threads were stopped: 0.0505760 seconds, Stopping threads took: 0.0000070 seconds
117.183: Application time: 0.0000590 seconds
117.184: [Full GC [PSYoungGen: 69120K->69119K(80384K)] [ParOldGen: 182782K->182782K(182784K)] 251902K->251901K(263168K) [PSPermGen: 13471K->13471K(21504K)], 0.0502420 secs] [Times: user=0.35 sys=0.00, real=0.05 secs] 
117.234: Total time for which application threads were stopped: 0.0506390 seconds, Stopping threads took: 0.0000080 seconds
117.234: Application time: 0.0000320 seconds
117.234: [Full GC [PSYoungGen: 69120K->69119K(80384K)] [ParOldGen: 182782K->182782K(182784K)] 251902K->251902K(263168K) [PSPermGen: 13471K->13471K(21504K)], 0.0531370 secs] [Times: user=0.38 sys=0.00, real=0.05 secs] 
117.288: Total time for which application threads were stopped: 0.0535290 seconds, Stopping threads took: 0.0000090 seconds
117.288: Application time: 0.0000360 seconds
117.288: [Full GC [PSYoungGen: 69120K->69119K(80384K)] [ParOldGen: 182782K->182782K(182784K)] 251902K->251901K(263168K) [PSPermGen: 13471K->13471K(21504K)], 0.0509200 secs] [Times: user=0.35 sys=0.00, real=0.06 secs] 
117.339: Total time for which application threads were stopped: 0.0513120 seconds, Stopping threads took: 0.0000090 seconds
117.339: Application time: 0.0000390 seconds
117.339: [Full GC [PSYoungGen: 69120K->69119K(80384K)] [ParOldGen: 182782K->182782K(182784K)] 251902K->251902K(263168K) [PSPermGen: 13471K->13471K(21504K)], 0.0503790 secs] [Times: user=0.34 sys=0.00, real=0.05 secs] 
117.390: Total time for which application threads were stopped: 0.0507710 seconds, Stopping threads took: 0.0000090 seconds
117.390: Application time: 0.0000690 seconds
117.390: [Full GC [PSYoungGen: 69120K->69119K(80384K)] [ParOldGen: 182782K->182782K(182784K)] 251902K->251902K(263168K) [PSPermGen: 13471K->13471K(21504K)], 0.0507580 secs] [Times: user=0.35 sys=0.00, real=0.05 secs] 
117.441: Total time for which application threads were stopped: 0.0511630 seconds, Stopping threads took: 0.0000190 seconds
117.441: Application time: 0.0000450 seconds
117.441: [Full GC [PSYoungGen: 69120K->69119K(80384K)] [ParOldGen: 182782K->182782K(182784K)] 251902K->251902K(263168K) [PSPermGen: 13471K->13471K(21504K)], 0.0530440 secs] [Times: user=0.37 sys=0.00, real=0.05 secs] 
117.495: Total time for which application threads were stopped: 0.0534650 seconds, Stopping threads took: 0.0000090 seconds
117.495: Application time: 0.0000490 seconds
117.495: [Full GC [PSYoungGen: 69119K->69119K(80384K)] [ParOldGen: 182782K->182782K(182784K)] 251902K->251902K(263168K) [PSPermGen: 13471K->13471K(21504K)], 0.0502280 secs] [Times: user=0.35 sys=0.00, real=0.05 secs] 
117.545: Total time for which application threads were stopped: 0.0506310 seconds, Stopping threads took: 0.0000200 seconds
117.545: Application time: 0.0000430 seconds
117.546: [Full GC [PSYoungGen: 69120K->69119K(80384K)] [ParOldGen: 182782K->182782K(182784K)] 251902K->251902K(263168K) [PSPermGen: 13471K->13471K(21504K)], 0.0506270 secs] [Times: user=0.35 sys=0.00, real=0.05 secs] 
117.596: Total time for which application threads were stopped: 0.0510200 seconds, Stopping threads took: 0.0000080 seconds
117.596: Application time: 0.0000470 seconds
117.597: [Full GC [PSYoungGen: 69119K->69119K(80384K)] [ParOldGen: 182784K->182782K(182784K)] 251903K->251902K(263168K) [PSPermGen: 13471K->13471K(21504K)], 0.0504600 secs] [Times: user=0.34 sys=0.00, real=0.04 secs] 
117.647: Total time for which application threads were stopped: 0.0508640 seconds, Stopping threads took: 0.0000090 seconds
117.647: Application time: 0.0000320 seconds
117.648: [Full GC [PSYoungGen: 69120K->69119K(80384K)] [ParOldGen: 182782K->182782K(182784K)] 251902K->251902K(263168K) [PSPermGen: 13471K->13471K(21504K)], 0.0534290 secs] [Times: user=0.38 sys=0.00, real=0.06 secs] 
117.701: Total time for which application threads were stopped: 0.0538160 seconds, Stopping threads took: 0.0000100 seconds
117.701: Application time: 0.0000330 seconds
117.701: [Full GC [PSYoungGen: 69120K->69119K(80384K)] [ParOldGen: 182782K->182782K(182784K)] 251902K->251902K(263168K) [PSPermGen: 13471K->13471K(21504K)], 0.0509800 secs] [Times: user=0.35 sys=0.00, real=0.05 secs] 
117.752: Total time for which application threads were stopped: 0.0513690 seconds, Stopping threads took: 0.0000110 seconds
117.753: Application time: 0.0000320 seconds
117.753: [Full GC [PSYoungGen: 69120K->69119K(80384K)] [ParOldGen: 182782K->182782K(182784K)] 251902K->251902K(263168K) [PSPermGen: 13471K->13471K(21504K)], 0.0535990 secs] [Times: user=0.37 sys=0.00, real=0.05 secs] 
117.807: Total time for which application threads were stopped: 0.0540060 seconds, Stopping threads took: 0.0000110 seconds
117.807: Application time: 0.0000690 seconds
117.807: [Full GC [PSYoungGen: 69120K->69119K(80384K)] [ParOldGen: 182782K->182782K(182784K)] 251902K->251902K(263168K) [PSPermGen: 13471K->13471K(21504K)], 0.0505230 secs] [Times: user=0.35 sys=0.00, real=0.06 secs] 
117.858: Total time for which application threads were stopped: 0.0509100 seconds, Stopping threads took: 0.0000080 seconds
117.858: Application time: 0.0000460 seconds
117.858: [Full GC [PSYoungGen: 69120K->69119K(80384K)] [ParOldGen: 182782K->182782K(182784K)] 251902K->251902K(263168K) [PSPermGen: 13471K->13471K(21504K)], 0.0504530 secs] [Times: user=0.35 sys=0.00, real=0.04 secs] 
117.908: Total time for which application threads were stopped: 0.0508490 seconds, Stopping threads took: 0.0000120 seconds
117.908: Application time: 0.0000370 seconds
117.909: [Full GC [PSYoungGen: 69120K->69119K(80384K)] [ParOldGen: 182782K->182782K(182784K)] 251902K->251902K(263168K) [PSPermGen: 13471K->13471K(21504K)], 0.0505000 secs] [Times: user=0.34 sys=0.01, real=0.05 secs] 
117.959: Total time for which application threads were stopped: 0.0509090 seconds, Stopping threads took: 0.0000160 seconds
117.959: Application time: 0.0000790 seconds
117.960: [Full GC [PSYoungGen: 69120K->69119K(80384K)] [ParOldGen: 182782K->182782K(182784K)] 251902K->251902K(263168K) [PSPermGen: 13471K->13471K(21504K)], 0.0506730 secs] [Times: user=0.35 sys=0.00, real=0.05 secs] 
118.011: Total time for which application threads were stopped: 0.0510960 seconds, Stopping threads took: 0.0000190 seconds
118.011: Application time: 0.0000600 seconds
118.011: [Full GC [PSYoungGen: 69120K->69119K(80384K)] [ParOldGen: 182782K->182782K(182784K)] 251902K->251902K(263168K) [PSPermGen: 13471K->13471K(21504K)], 0.0525730 secs] [Times: user=0.36 sys=0.00, real=0.05 secs] 
118.064: Total time for which application threads were stopped: 0.0529660 seconds, Stopping threads took: 0.0000080 seconds
118.064: Application time: 0.0000480 seconds
118.064: [Full GC [PSYoungGen: 69120K->69119K(80384K)] [ParOldGen: 182782K->182782K(182784K)] 251902K->251902K(263168K) [PSPermGen: 13471K->13471K(21504K)], 0.0504140 secs] [Times: user=0.35 sys=0.00, real=0.05 secs] 
118.114: Total time for which application threads were stopped: 0.0508050 seconds, Stopping threads took: 0.0000070 seconds
118.114: Application time: 0.0000400 seconds
118.115: [Full GC [PSYoungGen: 69120K->69119K(80384K)] [ParOldGen: 182782K->182782K(182784K)] 251902K->251902K(263168K) [PSPermGen: 13471K->13471K(21504K)], 0.0503540 secs] [Times: user=0.35 sys=0.00, real=0.05 secs] 
118.165: Total time for which application threads were stopped: 0.0507470 seconds, Stopping threads took: 0.0000130 seconds
118.165: Application time: 0.0000360 seconds
118.166: [Full GC [PSYoungGen: 69120K->69119K(80384K)] [ParOldGen: 182782K->182782K(182784K)] 251902K->251902K(263168K) [PSPermGen: 13471K->13471K(21504K)], 0.0506730 secs] [Times: user=0.35 sys=0.00, real=0.05 secs] 
118.216: Total time for which application threads were stopped: 0.0510670 seconds, Stopping threads took: 0.0000120 seconds
118.216: Application time: 0.0000310 seconds
118.217: [Full GC [PSYoungGen: 69120K->69119K(80384K)] [ParOldGen: 182782K->182782K(182784K)] 251902K->251902K(263168K) [PSPermGen: 13471K->13471K(21504K)], 0.0504550 secs] [Times: user=0.34 sys=0.01, real=0.04 secs] 
118.267: Total time for which application threads were stopped: 0.0508700 seconds, Stopping threads took: 0.0000110 seconds
118.267: Application time: 0.0000350 seconds
118.268: [Full GC [PSYoungGen: 69120K->69119K(80384K)] [ParOldGen: 182782K->182782K(182784K)] 251902K->251902K(263168K) [PSPermGen: 13471K->13471K(21504K)], 0.0508050 secs] [Times: user=0.36 sys=0.00, real=0.06 secs] 
118.318: Total time for which application threads were stopped: 0.0511990 seconds, Stopping threads took: 0.0000100 seconds
118.318: Application time: 0.0000280 seconds
118.319: [Full GC [PSYoungGen: 69120K->69119K(80384K)] [ParOldGen: 182782K->182782K(182784K)] 251902K->251902K(263168K) [PSPermGen: 13471K->13471K(21504K)], 0.0506490 secs] [Times: user=0.35 sys=0.00, real=0.05 secs] 
118.370: Total time for which application threads were stopped: 0.0510400 seconds, Stopping threads took: 0.0000110 seconds
118.370: Application time: 0.0000500 seconds
118.370: [Full GC [PSYoungGen: 69120K->69119K(80384K)] [ParOldGen: 182782K->182782K(182784K)] 251902K->251902K(263168K) [PSPermGen: 13471K->13471K(21504K)], 0.0506370 secs] [Times: user=0.35 sys=0.00, real=0.05 secs] 
118.421: Total time for which application threads were stopped: 0.0510470 seconds, Stopping threads took: 0.0000110 seconds
118.421: Application time: 0.0000450 seconds
118.421: [Full GC [PSYoungGen: 69120K->69119K(80384K)] [ParOldGen: 182782K->182782K(182784K)] 251902K->251902K(263168K) [PSPermGen: 13471K->13471K(21504K)], 0.0505960 secs] [Times: user=0.34 sys=0.00, real=0.05 secs] 
118.472: Total time for which application threads were stopped: 0.0509800 seconds, Stopping threads took: 0.0000070 seconds
118.472: Application time: 0.0000280 seconds
118.472: [Full GC [PSYoungGen: 69120K->69119K(80384K)] [ParOldGen: 182782K->182782K(182784K)] 251902K->251902K(263168K) [PSPermGen: 13471K->13471K(21504K)], 0.0503000 secs] [Times: user=0.35 sys=0.00, real=0.05 secs] 
118.522: Total time for which application threads were stopped: 0.0507090 seconds, Stopping threads took: 0.0000100 seconds
118.522: Application time: 0.0000620 seconds
118.523: [Full GC [PSYoungGen: 69120K->69119K(80384K)] [ParOldGen: 182782K->182782K(182784K)] 251902K->251902K(263168K) [PSPermGen: 13471K->13471K(21504K)], 0.0503580 secs] [Times: user=0.34 sys=0.00, real=0.05 secs] 
118.573: Total time for which application threads were stopped: 0.0507540 seconds, Stopping threads took: 0.0000090 seconds
118.573: Application time: 0.0000600 seconds
118.574: [Full GC [PSYoungGen: 69120K->69119K(80384K)] [ParOldGen: 182782K->182782K(182784K)] 251902K->251902K(263168K) [PSPermGen: 13471K->13471K(21504K)], 0.0502950 secs] [Times: user=0.35 sys=0.00, real=0.05 secs] 
118.624: Total time for which application threads were stopped: 0.0506840 seconds, Stopping threads took: 0.0000070 seconds
118.624: Application time: 0.0000500 seconds
118.624: [Full GC [PSYoungGen: 69119K->69119K(80384K)] [ParOldGen: 182782K->182782K(182784K)] 251902K->251902K(263168K) [PSPermGen: 13471K->13471K(21504K)], 0.0529120 secs] [Times: user=0.38 sys=0.00, real=0.06 secs] 
118.677: Total time for which application threads were stopped: 0.0532960 seconds, Stopping threads took: 0.0000100 seconds
118.677: Application time: 0.0000460 seconds
118.678: [Full GC [PSYoungGen: 69119K->69119K(80384K)] [ParOldGen: 182782K->182782K(182784K)] 251902K->251902K(263168K) [PSPermGen: 13471K->13471K(21504K)], 0.0506010 secs] [Times: user=0.35 sys=0.00, real=0.04 secs] 
118.728: Total time for which application threads were stopped: 0.0509990 seconds, Stopping threads took: 0.0000130 seconds
118.728: Application time: 0.0000340 seconds
118.729: [Full GC [PSYoungGen: 69119K->69119K(80384K)] [ParOldGen: 182782K->182782K(182784K)] 251902K->251902K(263168K) [PSPermGen: 13471K->13471K(21504K)], 0.0520390 secs] [Times: user=0.36 sys=0.00, real=0.05 secs] 
118.781: Total time for which application threads were stopped: 0.0524440 seconds, Stopping threads took: 0.0000100 seconds
118.781: Application time: 0.0000470 seconds
118.781: [Full GC [PSYoungGen: 69119K->69119K(80384K)] [ParOldGen: 182783K->182783K(182784K)] 251903K->251902K(263168K) [PSPermGen: 13471K->13471K(21504K)], 0.0500780 secs] [Times: user=0.35 sys=0.00, real=0.05 secs] 
118.831: Total time for which application threads were stopped: 0.0504700 seconds, Stopping threads took: 0.0000080 seconds
118.831: Application time: 0.0000470 seconds
118.832: [Full GC [PSYoungGen: 69120K->69119K(80384K)] [ParOldGen: 182783K->182783K(182784K)] 251903K->251903K(263168K) [PSPermGen: 13471K->13471K(21504K)], 0.0536530 secs] [Times: user=0.38 sys=0.00, real=0.05 secs] 
118.885: Total time for which application threads were stopped: 0.0540870 seconds, Stopping threads took: 0.0000070 seconds
118.886: Application time: 0.0000740 seconds
118.886: [Full GC [PSYoungGen: 69120K->69119K(80384K)] [ParOldGen: 182783K->182783K(182784K)] 251903K->251903K(263168K) [PSPermGen: 13471K->13471K(21504K)], 0.0530050 secs] [Times: user=0.36 sys=0.00, real=0.06 secs] 
118.939: Total time for which application threads were stopped: 0.0535160 seconds, Stopping threads took: 0.0000090 seconds
118.939: Application time: 0.0000470 seconds
118.939: [Full GC [PSYoungGen: 69119K->69119K(80384K)] [ParOldGen: 182783K->182783K(182784K)] 251903K->251903K(263168K) [PSPermGen: 13471K->13471K(21504K)], 0.0511030 secs] [Times: user=0.36 sys=0.00, real=0.05 secs] 
118.991: Total time for which application threads were stopped: 0.0514930 seconds, Stopping threads took: 0.0000100 seconds
118.991: Application time: 0.0000590 seconds
118.991: [Full GC [PSYoungGen: 69119K->69119K(80384K)] [ParOldGen: 182783K->182783K(182784K)] 251903K->251903K(263168K) [PSPermGen: 13471K->13471K(21504K)], 0.0505160 secs] [Times: user=0.35 sys=0.00, real=0.05 secs] 
119.042: Total time for which application threads were stopped: 0.0509210 seconds, Stopping threads took: 0.0000080 seconds
119.042: Application time: 0.0000390 seconds
119.042: [Full GC [PSYoungGen: 69120K->69119K(80384K)] [ParOldGen: 182783K->182783K(182784K)] 251903K->251903K(263168K) [PSPermGen: 13471K->13471K(21504K)], 0.0505510 secs] [Times: user=0.35 sys=0.00, real=0.05 secs] 
119.093: Total time for which application threads were stopped: 0.0509620 seconds, Stopping threads took: 0.0000200 seconds
119.093: Application time: 0.0000300 seconds
119.093: [Full GC [PSYoungGen: 69120K->69120K(80384K)] [ParOldGen: 182783K->182783K(182784K)] 251903K->251903K(263168K) [PSPermGen: 13471K->13471K(21504K)], 0.0504010 secs] [Times: user=0.35 sys=0.00, real=0.05 secs] 
119.143: Total time for which application threads were stopped: 0.0507960 seconds, Stopping threads took: 0.0000150 seconds
119.143: Application time: 0.0000580 seconds
119.144: [Full GC [PSYoungGen: 69120K->69119K(80384K)] [ParOldGen: 182783K->182783K(182784K)] 251903K->251903K(263168K) [PSPermGen: 13471K->13471K(21504K)], 0.0505790 secs] [Times: user=0.35 sys=0.00, real=0.05 secs] 
119.194: Total time for which application threads were stopped: 0.0509730 seconds, Stopping threads took: 0.0000160 seconds
119.194: Application time: 0.0000350 seconds
119.195: [Full GC [PSYoungGen: 69120K->69119K(80384K)] [ParOldGen: 182783K->182783K(182784K)] 251903K->251903K(263168K) [PSPermGen: 13471K->13471K(21504K)], 0.0521040 secs] [Times: user=0.36 sys=0.00, real=0.05 secs] 
119.247: Total time for which application threads were stopped: 0.0524890 seconds, Stopping threads took: 0.0000070 seconds
119.247: Application time: 0.0000720 seconds
119.247: [Full GC [PSYoungGen: 69119K->69119K(80384K)] [ParOldGen: 182783K->182783K(182784K)] 251903K->251903K(263168K) [PSPermGen: 13471K->13471K(21504K)], 0.0510510 secs] [Times: user=0.36 sys=0.00, real=0.06 secs] 
119.298: Total time for which application threads were stopped: 0.0514330 seconds, Stopping threads took: 0.0000070 seconds
119.299: Application time: 0.0000450 seconds
119.299: [Full GC [PSYoungGen: 69120K->69119K(80384K)] [ParOldGen: 182783K->182783K(182784K)] 251903K->251903K(263168K) [PSPermGen: 13471K->13471K(21504K)], 0.0507410 secs] [Times: user=0.35 sys=0.00, real=0.05 secs] 
119.350: Total time for which application threads were stopped: 0.0511230 seconds, Stopping threads took: 0.0000070 seconds
119.350: Application time: 0.0000330 seconds
119.350: [Full GC [PSYoungGen: 69119K->69119K(80384K)] [ParOldGen: 182783K->182783K(182784K)] 251903K->251903K(263168K) [PSPermGen: 13471K->13471K(21504K)], 0.0504700 secs] [Times: user=0.35 sys=0.00, real=0.05 secs] 
119.401: Total time for which application threads were stopped: 0.0508640 seconds, Stopping threads took: 0.0000070 seconds
119.401: Application time: 0.0000500 seconds
119.401: [Full GC [PSYoungGen: 69119K->69119K(80384K)] [ParOldGen: 182783K->182783K(182784K)] 251903K->251903K(263168K) [PSPermGen: 13471K->13471K(21504K)], 0.0504940 secs] [Times: user=0.35 sys=0.00, real=0.05 secs] 
119.451: Total time for which application threads were stopped: 0.0508840 seconds, Stopping threads took: 0.0000080 seconds
119.452: Application time: 0.0000430 seconds
119.452: [Full GC [PSYoungGen: 69119K->69119K(80384K)] [ParOldGen: 182783K->182783K(182784K)] 251903K->251903K(263168K) [PSPermGen: 13471K->13471K(21504K)], 0.0506170 secs] [Times: user=0.35 sys=0.00, real=0.05 secs] 
119.503: Total time for which application threads were stopped: 0.0510080 seconds, Stopping threads took: 0.0000070 seconds
119.503: Application time: 0.0000340 seconds
119.503: [Full GC [PSYoungGen: 69119K->69119K(80384K)] [ParOldGen: 182783K->182783K(182784K)] 251903K->251903K(263168K) [PSPermGen: 13471K->13471K(21504K)], 0.0505120 secs] [Times: user=0.35 sys=0.00, real=0.05 secs] 
119.553: [Full GC [PSYoungGen: 69119K->69119K(80384K)] [ParOldGen: 182783K->182783K(182784K)] 251903K->251903K(263168K) [PSPermGen: 13471K->13471K(21504K)], 0.0503740 secs] [Times: user=0.35 sys=0.00, real=0.05 secs] 
119.604: Total time for which application threads were stopped: 0.1013520 seconds, Stopping threads took: 0.0000070 seconds
119.604: Application time: 0.0000620 seconds
119.604: [Full GC [PSYoungGen: 69119K->69119K(80384K)] [ParOldGen: 182783K->182783K(182784K)] 251903K->251903K(263168K) [PSPermGen: 13471K->13471K(21504K)], 0.0530280 secs] [Times: user=0.37 sys=0.00, real=0.06 secs] 
119.657: [Full GC [PSYoungGen: 69119K->69119K(80384K)] [ParOldGen: 182783K->182783K(182784K)] 251903K->251903K(263168K) [PSPermGen: 13471K->13471K(21504K)], 0.0503060 secs] [Times: user=0.35 sys=0.00, real=0.04 secs] 
119.708: Total time for which application threads were stopped: 0.1037950 seconds, Stopping threads took: 0.0000190 seconds
119.708: Application time: 0.0000440 seconds
119.708: [Full GC [PSYoungGen: 69119K->69119K(80384K)] [ParOldGen: 182783K->182783K(182784K)] 251903K->251903K(263168K) [PSPermGen: 13471K->13471K(21504K)], 0.0565160 secs] [Times: user=0.40 sys=0.00, real=0.06 secs] 
119.765: Total time for which application threads were stopped: 0.0569220 seconds, Stopping threads took: 0.0000250 seconds
119.765: Application time: 0.0000470 seconds
119.765: [Full GC [PSYoungGen: 69120K->69119K(80384K)] [ParOldGen: 182783K->182783K(182784K)] 251903K->251902K(263168K) [PSPermGen: 13471K->13471K(21504K)], 0.0557390 secs] [Times: user=0.39 sys=0.01, real=0.06 secs] 
119.821: Total time for which application threads were stopped: 0.0561400 seconds, Stopping threads took: 0.0000170 seconds
119.821: Application time: 0.0000460 seconds
119.821: [Full GC [PSYoungGen: 69120K->69119K(80384K)] [ParOldGen: 182783K->182783K(182784K)] 251903K->251902K(263168K) [PSPermGen: 13471K->13471K(21504K)], 0.0503910 secs] [Times: user=0.35 sys=0.00, real=0.05 secs] 
119.872: Total time for which application threads were stopped: 0.0507900 seconds, Stopping threads took: 0.0000130 seconds
119.872: Application time: 0.0000590 seconds
119.872: [Full GC [PSYoungGen: 69120K->69119K(80384K)] [ParOldGen: 182783K->182783K(182784K)] 251903K->251902K(263168K) [PSPermGen: 13471K->13471K(21504K)], 0.0511020 secs] [Times: user=0.35 sys=0.00, real=0.05 secs] 
119.923: Total time for which application threads were stopped: 0.0515030 seconds, Stopping threads took: 0.0000080 seconds
119.923: Application time: 0.0000430 seconds
119.924: [Full GC [PSYoungGen: 69120K->69119K(80384K)] [ParOldGen: 182783K->182783K(182784K)] 251903K->251902K(263168K) [PSPermGen: 13471K->13471K(21504K)], 0.0504590 secs] [Times: user=0.35 sys=0.00, real=0.05 secs] 
119.974: Total time for which application threads were stopped: 0.0508700 seconds, Stopping threads took: 0.0000250 seconds
119.974: Application time: 0.0000560 seconds
119.975: [Full GC [PSYoungGen: 69120K->69119K(80384K)] [ParOldGen: 182783K->182783K(182784K)] 251903K->251902K(263168K) [PSPermGen: 13471K->13471K(21504K)], 0.0519130 secs] [Times: user=0.36 sys=0.00, real=0.05 secs] 
120.027: Total time for which application threads were stopped: 0.0523220 seconds, Stopping threads took: 0.0000230 seconds
120.027: Application time: 0.0000390 seconds
120.027: [Full GC [PSYoungGen: 69120K->69119K(80384K)] [ParOldGen: 182783K->182782K(182784K)] 251903K->251902K(263168K) [PSPermGen: 13471K->13471K(21504K)], 0.0504180 secs] [Times: user=0.35 sys=0.00, real=0.06 secs] 
120.078: Total time for which application threads were stopped: 0.0508380 seconds, Stopping threads took: 0.0000110 seconds
120.078: Application time: 0.0000540 seconds
120.078: [Full GC [PSYoungGen: 69120K->69119K(80384K)] [ParOldGen: 182782K->182782K(182784K)] 251902K->251902K(263168K) [PSPermGen: 13471K->13471K(21504K)], 0.0522160 secs] [Times: user=0.36 sys=0.00, real=0.05 secs] 
120.130: Total time for which application threads were stopped: 0.0526480 seconds, Stopping threads took: 0.0000520 seconds
120.130: Application time: 0.0000720 seconds
120.131: [Full GC [PSYoungGen: 69120K->69119K(80384K)] [ParOldGen: 182782K->182782K(182784K)] 251902K->251902K(263168K) [PSPermGen: 13471K->13471K(21504K)], 0.0557570 secs] [Times: user=0.39 sys=0.00, real=0.05 secs] 
120.186: Total time for which application threads were stopped: 0.0561450 seconds, Stopping threads took: 0.0000080 seconds
120.187: Application time: 0.0000650 seconds
120.187: [Full GC [PSYoungGen: 69120K->69119K(80384K)] [ParOldGen: 182782K->182782K(182784K)] 251902K->251902K(263168K) [PSPermGen: 13471K->13471K(21504K)], 0.0536570 secs] [Times: user=0.38 sys=0.00, real=0.06 secs] 
120.241: Total time for which application threads were stopped: 0.0540590 seconds, Stopping threads took: 0.0000120 seconds
120.241: Application time: 0.0000470 seconds
120.241: [Full GC [PSYoungGen: 69120K->69119K(80384K)] [ParOldGen: 182782K->182782K(182784K)] 251902K->251902K(263168K) [PSPermGen: 13471K->13471K(21504K)], 0.0501270 secs] [Times: user=0.35 sys=0.00, real=0.05 secs] 
120.291: Total time for which application threads were stopped: 0.0505280 seconds, Stopping threads took: 0.0000210 seconds
120.291: Application time: 0.0000320 seconds
120.292: [Full GC [PSYoungGen: 69120K->69119K(80384K)] [ParOldGen: 182782K->182782K(182784K)] 251902K->251902K(263168K) [PSPermGen: 13471K->13471K(21504K)], 0.0575120 secs] [Times: user=0.41 sys=0.00, real=0.06 secs] 
120.349: Total time for which application threads were stopped: 0.0579240 seconds, Stopping threads took: 0.0000290 seconds
120.349: Application time: 0.0000460 seconds
120.349: [Full GC [PSYoungGen: 69120K->69119K(80384K)] [ParOldGen: 182782K->182782K(182784K)] 251902K->251902K(263168K) [PSPermGen: 13471K->13471K(21504K)], 0.0505150 secs] [Times: user=0.35 sys=0.00, real=0.05 secs] 
120.400: Total time for which application threads were stopped: 0.0509100 seconds, Stopping threads took: 0.0000090 seconds
120.400: Application time: 0.0000470 seconds
120.400: [Full GC [PSYoungGen: 69120K->69119K(80384K)] [ParOldGen: 182782K->182782K(182784K)] 251902K->251902K(263168K) [PSPermGen: 13471K->13471K(21504K)], 0.0537860 secs] [Times: user=0.37 sys=0.00, real=0.05 secs] 
120.454: Total time for which application threads were stopped: 0.0541680 seconds, Stopping threads took: 0.0000060 seconds
120.454: Application time: 0.0000540 seconds
120.455: [Full GC [PSYoungGen: 69120K->69119K(80384K)] [ParOldGen: 182782K->182782K(182784K)] 251902K->251902K(263168K) [PSPermGen: 13471K->13471K(21504K)], 0.0533370 secs] [Times: user=0.38 sys=0.00, real=0.05 secs] 
120.508: Total time for which application threads were stopped: 0.0537540 seconds, Stopping threads took: 0.0000370 seconds
120.508: Application time: 0.0000470 seconds
120.509: [Full GC [PSYoungGen: 69120K->69119K(80384K)] [ParOldGen: 182782K->182782K(182784K)] 251902K->251901K(263168K) [PSPermGen: 13471K->13471K(21504K)], 0.0553170 secs] [Times: user=0.38 sys=0.00, real=0.06 secs] 
120.564: Total time for which application threads were stopped: 0.0557470 seconds, Stopping threads took: 0.0000480 seconds
120.564: Application time: 0.0000500 seconds
120.564: [Full GC [PSYoungGen: 69120K->69118K(80384K)] [ParOldGen: 182782K->182782K(182784K)] 251902K->251901K(263168K) [PSPermGen: 13471K->13471K(21504K)], 0.0552990 secs] [Times: user=0.39 sys=0.00, real=0.06 secs] 
120.620: Total time for which application threads were stopped: 0.0557260 seconds, Stopping threads took: 0.0000070 seconds
120.620: Application time: 0.0000420 seconds
120.620: [Full GC [PSYoungGen: 69120K->69119K(80384K)] [ParOldGen: 182782K->182782K(182784K)] 251902K->251901K(263168K) [PSPermGen: 13471K->13471K(21504K)], 0.0534620 secs] [Times: user=0.38 sys=0.00, real=0.05 secs] 
120.674: Total time for which application threads were stopped: 0.0538550 seconds, Stopping threads took: 0.0000090 seconds
120.674: Application time: 0.0000750 seconds
120.674: [Full GC [PSYoungGen: 69120K->69118K(80384K)] [ParOldGen: 182782K->182782K(182784K)] 251902K->251901K(263168K) [PSPermGen: 13471K->13471K(21504K)], 0.0503380 secs] [Times: user=0.35 sys=0.00, real=0.05 secs] 
120.724: Total time for which application threads were stopped: 0.0507270 seconds, Stopping threads took: 0.0000080 seconds
120.724: Application time: 0.0000690 seconds
120.725: [Full GC [PSYoungGen: 69120K->69119K(80384K)] [ParOldGen: 182782K->182782K(182784K)] 251902K->251901K(263168K) [PSPermGen: 13471K->13471K(21504K)], 0.0504360 secs] [Times: user=0.34 sys=0.00, real=0.05 secs] 
120.775: Total time for which application threads were stopped: 0.0508540 seconds, Stopping threads took: 0.0000210 seconds
120.775: Application time: 0.0000540 seconds
120.776: [Full GC [PSYoungGen: 69120K->69112K(80384K)] [ParOldGen: 182782K->182782K(182784K)] 251902K->251895K(263168K) [PSPermGen: 13471K->13471K(21504K)], 0.0556760 secs] [Times: user=0.39 sys=0.00, real=0.06 secs] 
120.831: Total time for which application threads were stopped: 0.0560750 seconds, Stopping threads took: 0.0000070 seconds
120.832: Application time: 0.0000830 seconds
120.832: [Full GC [PSYoungGen: 69120K->69112K(80384K)] [ParOldGen: 182782K->182782K(182784K)] 251902K->251894K(263168K) [PSPermGen: 13471K->13471K(21504K)], 0.0504300 secs] [Times: user=0.35 sys=0.00, real=0.05 secs] 
120.882: Total time for which application threads were stopped: 0.0508510 seconds, Stopping threads took: 0.0000290 seconds
120.882: Application time: 0.0000550 seconds
120.883: [Full GC [PSYoungGen: 69120K->69112K(80384K)] [ParOldGen: 182782K->182782K(182784K)] 251902K->251895K(263168K) [PSPermGen: 13471K->13471K(21504K)], 0.0519220 secs] [Times: user=0.35 sys=0.00, real=0.05 secs] 
120.935: Total time for which application threads were stopped: 0.0523240 seconds, Stopping threads took: 0.0000220 seconds
120.935: Application time: 0.0000540 seconds
120.935: [Full GC [PSYoungGen: 69120K->69113K(80384K)] [ParOldGen: 182782K->182782K(182784K)] 251902K->251895K(263168K) [PSPermGen: 13471K->13471K(21504K)], 0.0504010 secs] [Times: user=0.35 sys=0.00, real=0.05 secs] 
120.986: Total time for which application threads were stopped: 0.0508210 seconds, Stopping threads took: 0.0000400 seconds
120.986: Application time: 0.0000580 seconds
120.986: [Full GC [PSYoungGen: 69120K->69113K(80384K)] [ParOldGen: 182782K->182782K(182784K)] 251902K->251895K(263168K) [PSPermGen: 13471K->13471K(21504K)], 0.0505130 secs] [Times: user=0.35 sys=0.00, real=0.05 secs] 
121.037: Total time for which application threads were stopped: 0.0509390 seconds, Stopping threads took: 0.0000210 seconds
121.037: Application time: 0.0000640 seconds
121.037: [Full GC [PSYoungGen: 69120K->69113K(80384K)] [ParOldGen: 182782K->182782K(182784K)] 251902K->251895K(263168K) [PSPermGen: 13471K->13471K(21504K)], 0.0506980 secs] [Times: user=0.35 sys=0.00, real=0.04 secs] 
121.088: Total time for which application threads were stopped: 0.0511090 seconds, Stopping threads took: 0.0000300 seconds
121.088: Application time: 0.0000780 seconds
121.088: [Full GC [PSYoungGen: 69120K->69113K(80384K)] [ParOldGen: 182782K->182782K(182784K)] 251902K->251895K(263168K) [PSPermGen: 13471K->13471K(21504K)], 0.0504370 secs] [Times: user=0.35 sys=0.00, real=0.06 secs] 
121.139: Total time for which application threads were stopped: 0.0508750 seconds, Stopping threads took: 0.0000310 seconds
121.139: Application time: 0.0000790 seconds
121.139: [Full GC [PSYoungGen: 69120K->69113K(80384K)] [ParOldGen: 182782K->182782K(182784K)] 251902K->251895K(263168K) [PSPermGen: 13471K->13471K(21504K)], 0.0509840 secs] [Times: user=0.35 sys=0.00, real=0.05 secs] 
121.190: Total time for which application threads were stopped: 0.0514000 seconds, Stopping threads took: 0.0000340 seconds
121.190: Application time: 0.0000840 seconds
121.191: [Full GC [PSYoungGen: 69120K->69113K(80384K)] [ParOldGen: 182782K->182782K(182784K)] 251902K->251895K(263168K) [PSPermGen: 13471K->13471K(21504K)], 0.0533520 secs] [Times: user=0.37 sys=0.00, real=0.05 secs] 
121.244: Total time for which application threads were stopped: 0.0537500 seconds, Stopping threads took: 0.0000080 seconds
121.244: Application time: 0.0000850 seconds
121.244: [Full GC [PSYoungGen: 69120K->69114K(80384K)] [ParOldGen: 182782K->182782K(182784K)] 251902K->251896K(263168K) [PSPermGen: 13471K->13471K(21504K)], 0.0503490 secs] [Times: user=0.35 sys=0.00, real=0.05 secs] 
121.295: Total time for which application threads were stopped: 0.0507430 seconds, Stopping threads took: 0.0000090 seconds
121.295: Application time: 0.0000580 seconds
121.295: [Full GC [PSYoungGen: 69120K->69114K(80384K)] [ParOldGen: 182782K->182782K(182784K)] 251902K->251897K(263168K) [PSPermGen: 13471K->13471K(21504K)], 0.0505650 secs] [Times: user=0.35 sys=0.00, real=0.05 secs] 
121.346: Total time for which application threads were stopped: 0.0509590 seconds, Stopping threads took: 0.0000110 seconds
121.346: Application time: 0.0000650 seconds
121.346: [Full GC [PSYoungGen: 69120K->69113K(80384K)] [ParOldGen: 182782K->182782K(182784K)] 251902K->251895K(263168K) [PSPermGen: 13471K->13471K(21504K)], 0.0523250 secs] [Times: user=0.36 sys=0.00, real=0.06 secs] 
121.399: Total time for which application threads were stopped: 0.0527420 seconds, Stopping threads took: 0.0000390 seconds
121.399: Application time: 0.0000670 seconds
121.399: [Full GC [PSYoungGen: 69120K->69113K(80384K)] [ParOldGen: 182782K->182782K(182784K)] 251902K->251895K(263168K) [PSPermGen: 13471K->13471K(21504K)], 0.0505800 secs] [Times: user=0.35 sys=0.00, real=0.05 secs] 
121.450: Total time for which application threads were stopped: 0.0509830 seconds, Stopping threads took: 0.0000250 seconds
121.450: Application time: 0.0000510 seconds
121.450: [Full GC [PSYoungGen: 69120K->69115K(80384K)] [ParOldGen: 182782K->182782K(182784K)] 251902K->251897K(263168K) [PSPermGen: 13471K->13471K(21504K)], 0.0509090 secs] [Times: user=0.35 sys=0.00, real=0.05 secs] 
121.501: Total time for which application threads were stopped: 0.0513290 seconds, Stopping threads took: 0.0000350 seconds
121.501: Application time: 0.0000590 seconds
121.502: [Full GC [PSYoungGen: 69120K->69110K(80384K)] [ParOldGen: 182782K->182781K(182784K)] 251902K->251892K(263168K) [PSPermGen: 13471K->13471K(21504K)], 0.0553680 secs] [Times: user=0.39 sys=0.00, real=0.06 secs] 
121.557: Total time for which application threads were stopped: 0.0557760 seconds, Stopping threads took: 0.0000260 seconds
121.557: Application time: 0.0000370 seconds
121.557: Total time for which application threads were stopped: 0.0003720 seconds, Stopping threads took: 0.0000490 seconds
121.557: Application time: 0.0000550 seconds
121.558: [Full GC [PSYoungGen: 69120K->69111K(80384K)] [ParOldGen: 182781K->182781K(182784K)] 251901K->251892K(263168K) [PSPermGen: 13471K->13471K(21504K)], 0.0503780 secs] [Times: user=0.35 sys=0.01, real=0.04 secs] 
121.608: Total time for which application threads were stopped: 0.0505020 seconds, Stopping threads took: 0.0000120 seconds
121.608: Application time: 0.0000620 seconds
121.608: [Full GC [PSYoungGen: 69120K->69110K(80384K)] [ParOldGen: 182781K->182781K(182784K)] 251901K->251891K(263168K) [PSPermGen: 13471K->13471K(21504K)], 0.0505290 secs] [Times: user=0.35 sys=0.00, real=0.06 secs] 
121.659: Total time for which application threads were stopped: 0.0509850 seconds, Stopping threads took: 0.0000470 seconds
121.659: Application time: 0.0000680 seconds
121.659: [Full GC [PSYoungGen: 69120K->69111K(80384K)] [ParOldGen: 182781K->182781K(182784K)] 251901K->251892K(263168K) [PSPermGen: 13471K->13471K(21504K)], 0.0560720 secs] [Times: user=0.39 sys=0.00, real=0.05 secs] 
121.716: Total time for which application threads were stopped: 0.0564910 seconds, Stopping threads took: 0.0000120 seconds
121.716: Application time: 0.0000420 seconds
121.716: [Full GC [PSYoungGen: 69120K->69111K(80384K)] [ParOldGen: 182781K->182781K(182784K)] 251901K->251892K(263168K) [PSPermGen: 13471K->13471K(21504K)], 0.0502560 secs] [Times: user=0.35 sys=0.00, real=0.05 secs] 
121.766: Total time for which application threads were stopped: 0.0506820 seconds, Stopping threads took: 0.0000340 seconds
121.766: Application time: 0.0000620 seconds
121.767: [Full GC [PSYoungGen: 69120K->69112K(80384K)] [ParOldGen: 182781K->182781K(182784K)] 251901K->251893K(263168K) [PSPermGen: 13471K->13471K(21504K)], 0.0501730 secs] [Times: user=0.35 sys=0.00, real=0.06 secs] 
121.817: [Full GC [PSYoungGen: 69112K->69112K(80384K)] [ParOldGen: 182781K->182781K(182784K)] 251893K->251893K(263168K) [PSPermGen: 13471K->13471K(21504K)], 0.0508020 secs] [Times: user=0.35 sys=0.00, real=0.04 secs] 
121.868: Total time for which application threads were stopped: 0.1014590 seconds, Stopping threads took: 0.0000400 seconds
121.868: Application time: 0.0000740 seconds
121.868: [Full GC [PSYoungGen: 69120K->69110K(80384K)] [ParOldGen: 182783K->182782K(182784K)] 251903K->251893K(263168K) [PSPermGen: 13471K->13471K(21504K)], 0.1370480 secs] [Times: user=1.00 sys=0.00, real=0.14 secs] 
122.005: Total time for which application threads were stopped: 0.1374460 seconds, Stopping threads took: 0.0000230 seconds
122.005: Application time: 0.0000910 seconds
122.006: [Full GC [PSYoungGen: 69120K->69110K(80384K)] [ParOldGen: 182782K->182782K(182784K)] 251902K->251893K(263168K) [PSPermGen: 13471K->13471K(21504K)], 0.0506030 secs] [Times: user=0.35 sys=0.00, real=0.05 secs] 
122.057: Total time for which application threads were stopped: 0.0511050 seconds, Stopping threads took: 0.0001030 seconds
122.057: Application time: 0.0000750 seconds
122.057: [Full GC [PSYoungGen: 69120K->69111K(80384K)] [ParOldGen: 182782K->182781K(182784K)] 251902K->251893K(263168K) [PSPermGen: 13471K->13471K(21504K)], 0.0509480 secs] [Times: user=0.35 sys=0.01, real=0.04 secs] 
122.108: Total time for which application threads were stopped: 0.0513830 seconds, Stopping threads took: 0.0000570 seconds
122.108: Application time: 0.0000570 seconds
122.108: [Full GC [PSYoungGen: 69120K->69111K(80384K)] [ParOldGen: 182781K->182781K(182784K)] 251901K->251893K(263168K) [PSPermGen: 13471K->13471K(21504K)], 0.0506140 secs] [Times: user=0.35 sys=0.00, real=0.06 secs] 
122.159: Total time for which application threads were stopped: 0.0510210 seconds, Stopping threads took: 0.0000210 seconds
122.159: Application time: 0.0000670 seconds
122.160: [Full GC [PSYoungGen: 69120K->69112K(80384K)] [ParOldGen: 182781K->182781K(182784K)] 251901K->251893K(263168K) [PSPermGen: 13471K->13471K(21504K)], 0.0503610 secs] [Times: user=0.35 sys=0.00, real=0.05 secs] 
122.210: Total time for which application threads were stopped: 0.0507960 seconds, Stopping threads took: 0.0000170 seconds
122.210: Application time: 0.0000790 seconds
122.210: [Full GC [PSYoungGen: 69120K->69111K(80384K)] [ParOldGen: 182781K->182781K(182784K)] 251901K->251892K(263168K) [PSPermGen: 13471K->13471K(21504K)], 0.0564190 secs] [Times: user=0.39 sys=0.00, real=0.05 secs] 
122.267: Total time for which application threads were stopped: 0.0568470 seconds, Stopping threads took: 0.0000430 seconds
122.267: Application time: 0.0000680 seconds
122.267: [Full GC [PSYoungGen: 69120K->69112K(80384K)] [ParOldGen: 182781K->182781K(182784K)] 251901K->251893K(263168K) [PSPermGen: 13471K->13471K(21504K)], 0.0505670 secs] [Times: user=0.35 sys=0.00, real=0.06 secs] 
122.318: Total time for which application threads were stopped: 0.0509780 seconds, Stopping threads took: 0.0000210 seconds
122.318: Application time: 0.0000530 seconds
122.318: [Full GC [PSYoungGen: 69120K->69112K(80384K)] [ParOldGen: 182781K->182781K(182784K)] 251901K->251893K(263168K) [PSPermGen: 13471K->13471K(21504K)], 0.0502990 secs] [Times: user=0.35 sys=0.00, real=0.05 secs] 
122.369: Total time for which application threads were stopped: 0.0507030 seconds, Stopping threads took: 0.0000270 seconds
122.369: Application time: 0.0000640 seconds
122.369: [Full GC [PSYoungGen: 69120K->69112K(80384K)] [ParOldGen: 182781K->182781K(182784K)] 251901K->251894K(263168K) [PSPermGen: 13471K->13471K(21504K)], 0.0504760 secs] [Times: user=0.35 sys=0.00, real=0.05 secs] 
122.420: Total time for which application threads were stopped: 0.0508970 seconds, Stopping threads took: 0.0000350 seconds
122.420: Application time: 0.0000670 seconds
122.420: [Full GC [PSYoungGen: 69120K->69084K(80384K)] [ParOldGen: 182781K->182780K(182784K)] 251901K->251865K(263168K) [PSPermGen: 13471K->13471K(21504K)], 0.1348790 secs] [Times: user=0.97 sys=0.01, real=0.13 secs] 
122.555: Total time for which application threads were stopped: 0.1353160 seconds, Stopping threads took: 0.0000460 seconds
122.555: Application time: 0.0001330 seconds
122.556: [Full GC [PSYoungGen: 69120K->69085K(80384K)] [ParOldGen: 182780K->182780K(182784K)] 251900K->251866K(263168K) [PSPermGen: 13471K->13471K(21504K)], 0.0507640 secs] [Times: user=0.35 sys=0.00, real=0.05 secs] 
122.606: Total time for which application threads were stopped: 0.0511710 seconds, Stopping threads took: 0.0000220 seconds
122.606: Application time: 0.0000760 seconds
122.607: [Full GC [PSYoungGen: 69120K->69085K(80384K)] [ParOldGen: 182780K->182780K(182784K)] 251900K->251866K(263168K) [PSPermGen: 13471K->13471K(21504K)], 0.0519480 secs] [Times: user=0.36 sys=0.00, real=0.06 secs] 
122.659: Total time for which application threads were stopped: 0.0523420 seconds, Stopping threads took: 0.0000180 seconds
122.659: Application time: 0.0000670 seconds
122.659: [Full GC [PSYoungGen: 69120K->69085K(80384K)] [ParOldGen: 182780K->182780K(182784K)] 251900K->251865K(263168K) [PSPermGen: 13471K->13471K(21504K)], 0.0504620 secs] [Times: user=0.35 sys=0.00, real=0.05 secs] 
122.710: Total time for which application threads were stopped: 0.0508870 seconds, Stopping threads took: 0.0000480 seconds
122.710: Application time: 0.0000620 seconds
122.710: [Full GC [PSYoungGen: 69120K->69085K(80384K)] [ParOldGen: 182780K->182780K(182784K)] 251900K->251866K(263168K) [PSPermGen: 13471K->13471K(21504K)], 0.0506600 secs] [Times: user=0.35 sys=0.00, real=0.05 secs] 
122.761: Total time for which application threads were stopped: 0.0511040 seconds, Stopping threads took: 0.0000230 seconds
122.761: Application time: 0.0000950 seconds
122.761: [Full GC [PSYoungGen: 69120K->69085K(80384K)] [ParOldGen: 182780K->182780K(182784K)] 251900K->251866K(263168K) [PSPermGen: 13471K->13471K(21504K)], 0.0505180 secs] [Times: user=0.35 sys=0.00, real=0.05 secs] 
122.812: Total time for which application threads were stopped: 0.0509500 seconds, Stopping threads took: 0.0000460 seconds
122.812: Application time: 0.0001330 seconds
122.812: [Full GC [PSYoungGen: 69120K->69085K(80384K)] [ParOldGen: 182780K->182780K(182784K)] 251900K->251866K(263168K) [PSPermGen: 13471K->13471K(21504K)], 0.0505370 secs] [Times: user=0.35 sys=0.00, real=0.05 secs] 
122.863: Total time for which application threads were stopped: 0.0509390 seconds, Stopping threads took: 0.0000070 seconds
122.863: Application time: 0.0000800 seconds
122.863: [Full GC [PSYoungGen: 69120K->69101K(80384K)] [ParOldGen: 182780K->182780K(182784K)] 251900K->251882K(263168K) [PSPermGen: 13471K->13471K(21504K)], 0.0526160 secs] [Times: user=0.36 sys=0.01, real=0.05 secs] 
122.916: Total time for which application threads were stopped: 0.0530250 seconds, Stopping threads took: 0.0000140 seconds
122.916: Application time: 0.0000770 seconds
122.917: [Full GC [PSYoungGen: 69120K->69102K(80384K)] [ParOldGen: 182780K->182780K(182784K)] 251900K->251882K(263168K) [PSPermGen: 13471K->13471K(21504K)], 0.0525260 secs] [Times: user=0.37 sys=0.00, real=0.06 secs] 
122.969: Total time for which application threads were stopped: 0.0529140 seconds, Stopping threads took: 0.0000080 seconds
122.969: Application time: 0.0000640 seconds
122.970: [Full GC [PSYoungGen: 69120K->69106K(80384K)] [ParOldGen: 182780K->182780K(182784K)] 251900K->251887K(263168K) [PSPermGen: 13471K->13471K(21504K)], 0.0505100 secs] [Times: user=0.35 sys=0.00, real=0.05 secs] 
123.020: Total time for which application threads were stopped: 0.0509280 seconds, Stopping threads took: 0.0000360 seconds
123.020: Application time: 0.0000790 seconds
123.021: [Full GC [PSYoungGen: 69120K->69107K(80384K)] [ParOldGen: 182780K->182780K(182784K)] 251900K->251887K(263168K) [PSPermGen: 13471K->13471K(21504K)], 0.0502850 secs] [Times: user=0.35 sys=0.00, real=0.05 secs] 
123.071: Total time for which application threads were stopped: 0.0506950 seconds, Stopping threads took: 0.0000250 seconds
123.071: Application time: 0.0001000 seconds
123.071: [Full GC [PSYoungGen: 69120K->69108K(80384K)] [ParOldGen: 182780K->182780K(182784K)] 251900K->251888K(263168K) [PSPermGen: 13471K->13471K(21504K)], 0.0503190 secs] [Times: user=0.35 sys=0.00, real=0.05 secs] 
123.122: Total time for which application threads were stopped: 0.0507160 seconds, Stopping threads took: 0.0000180 seconds
123.122: Application time: 0.0000730 seconds
123.122: Total time for which application threads were stopped: 0.0003530 seconds, Stopping threads took: 0.0000430 seconds
123.122: Application time: 0.0000380 seconds
123.122: [Full GC [PSYoungGen: 69120K->69107K(80384K)] [ParOldGen: 182783K->182781K(182784K)] 251903K->251889K(263168K) [PSPermGen: 13471K->13471K(21504K)], 0.0505200 secs] [Times: user=0.35 sys=0.00, real=0.05 secs] 
123.173: Total time for which application threads were stopped: 0.0506540 seconds, Stopping threads took: 0.0000160 seconds
123.173: Application time: 0.0000900 seconds
123.173: [Full GC [PSYoungGen: 69120K->69109K(80384K)] [ParOldGen: 182782K->182781K(182784K)] 251902K->251891K(263168K) [PSPermGen: 13471K->13471K(21504K)], 0.0525250 secs] [Times: user=0.36 sys=0.00, real=0.05 secs] 
123.226: Total time for which application threads were stopped: 0.0529570 seconds, Stopping threads took: 0.0000490 seconds
123.226: Application time: 0.0000750 seconds
123.226: Total time for which application threads were stopped: 0.0003680 seconds, Stopping threads took: 0.0000440 seconds
123.226: Application time: 0.0000380 seconds
123.226: [Full GC [PSYoungGen: 69120K->69110K(80384K)] [ParOldGen: 182784K->182782K(182784K)] 251904K->251892K(263168K) [PSPermGen: 13471K->13471K(21504K)], 0.0506250 secs] [Times: user=0.35 sys=0.00, real=0.06 secs] 
123.277: Total time for which application threads were stopped: 0.0507560 seconds, Stopping threads took: 0.0000100 seconds
123.277: Application time: 0.0000610 seconds
123.278: [Full GC [PSYoungGen: 69116K->69110K(80384K)] [ParOldGen: 182782K->182781K(182784K)] 251898K->251892K(263168K) [PSPermGen: 13471K->13471K(21504K)], 0.0505350 secs] [Times: user=0.35 sys=0.00, real=0.04 secs] 
123.328: [Full GC [PSYoungGen: 69110K->69110K(80384K)] [ParOldGen: 182781K->182781K(182784K)] 251892K->251892K(263168K) [PSPermGen: 13471K->13471K(21504K)], 0.0525540 secs] [Times: user=0.36 sys=0.00, real=0.06 secs] 
123.381: Total time for which application threads were stopped: 0.1035820 seconds, Stopping threads took: 0.0000480 seconds
123.381: Application time: 0.0001080 seconds
123.381: [Full GC [PSYoungGen: 69120K->69103K(80384K)] [ParOldGen: 182783K->182781K(182784K)] 251903K->251885K(263168K) [PSPermGen: 13471K->13471K(21504K)], 0.0504320 secs] [Times: user=0.35 sys=0.00, real=0.05 secs] 
123.432: Total time for which application threads were stopped: 0.0508600 seconds, Stopping threads took: 0.0000340 seconds
123.432: Application time: 0.0000980 seconds
123.432: [Full GC [PSYoungGen: 69120K->69103K(80384K)] [ParOldGen: 182781K->182781K(182784K)] 251901K->251885K(263168K) [PSPermGen: 13471K->13471K(21504K)], 0.1351110 secs] [Times: user=0.99 sys=0.00, real=0.13 secs] 
123.567: Total time for which application threads were stopped: 0.1355140 seconds, Stopping threads took: 0.0000250 seconds
123.567: Application time: 0.0000870 seconds
123.568: [Full GC [PSYoungGen: 69120K->69074K(80384K)] [ParOldGen: 182781K->182780K(182784K)] 251901K->251855K(263168K) [PSPermGen: 13471K->13471K(21504K)], 0.1355250 secs] [Times: user=0.98 sys=0.00, real=0.14 secs] 
123.703: Total time for which application threads were stopped: 0.1359980 seconds, Stopping threads took: 0.0000800 seconds
123.704: Application time: 0.0001140 seconds
123.704: [Full GC [PSYoungGen: 69120K->69076K(80384K)] [ParOldGen: 182780K->182780K(182784K)] 251900K->251856K(263168K) [PSPermGen: 13471K->13471K(21504K)], 0.0578360 secs] [Times: user=0.41 sys=0.01, real=0.06 secs] 
123.762: Total time for which application threads were stopped: 0.0583170 seconds, Stopping threads took: 0.0000970 seconds
123.762: Application time: 0.0001160 seconds
123.762: [Full GC [PSYoungGen: 69120K->69078K(80384K)] [ParOldGen: 182780K->182780K(182784K)] 251900K->251858K(263168K) [PSPermGen: 13471K->13471K(21504K)], 0.0523470 secs] [Times: user=0.36 sys=0.00, real=0.05 secs] 
123.815: Total time for which application threads were stopped: 0.0527780 seconds, Stopping threads took: 0.0000240 seconds
123.815: Application time: 0.0001410 seconds
123.815: [Full GC [PSYoungGen: 69120K->69077K(80384K)] [ParOldGen: 182780K->182780K(182784K)] 251900K->251858K(263168K) [PSPermGen: 13471K->13471K(21504K)], 0.0516030 secs] [Times: user=0.35 sys=0.00, real=0.05 secs] 
123.867: Total time for which application threads were stopped: 0.0520300 seconds, Stopping threads took: 0.0000480 seconds
123.867: Application time: 0.0001040 seconds
123.867: [Full GC [PSYoungGen: 69120K->69079K(80384K)] [ParOldGen: 182780K->182780K(182784K)] 251900K->251859K(263168K) [PSPermGen: 13471K->13471K(21504K)], 0.0534240 secs] [Times: user=0.37 sys=0.00, real=0.06 secs] 
123.921: Total time for which application threads were stopped: 0.0538250 seconds, Stopping threads took: 0.0000210 seconds
123.921: Application time: 0.0001180 seconds
123.921: [Full GC [PSYoungGen: 69120K->69082K(80384K)] [ParOldGen: 182780K->182780K(182784K)] 251900K->251862K(263168K) [PSPermGen: 13471K->13471K(21504K)], 0.0506330 secs] [Times: user=0.35 sys=0.00, real=0.05 secs] 
123.974: Total time for which application threads were stopped: 0.0526830 seconds, Stopping threads took: 0.0000110 seconds
123.974: Application time: 0.0000930 seconds
123.974: [Full GC [PSYoungGen: 69120K->69083K(80384K)] [ParOldGen: 182780K->182780K(182784K)] 251900K->251863K(263168K) [PSPermGen: 13471K->13471K(21504K)], 0.0504040 secs] [Times: user=0.35 sys=0.00, real=0.05 secs] 
124.024: Total time for which application threads were stopped: 0.0506680 seconds, Stopping threads took: 0.0000170 seconds
124.025: Application time: 0.0000960 seconds
124.025: [Full GC [PSYoungGen: 69120K->69084K(80384K)] [ParOldGen: 182780K->182780K(182784K)] 251900K->251864K(263168K) [PSPermGen: 13471K->13471K(21504K)], 0.0505800 secs] [Times: user=0.35 sys=0.00, real=0.05 secs] 
124.076: Total time for which application threads were stopped: 0.0509940 seconds, Stopping threads took: 0.0000230 seconds
124.076: Application time: 0.0000940 seconds
124.076: [Full GC [PSYoungGen: 69120K->69084K(80384K)] [ParOldGen: 182780K->182780K(182784K)] 251900K->251864K(263168K) [PSPermGen: 13471K->13471K(21504K)], 0.0504560 secs] [Times: user=0.34 sys=0.00, real=0.05 secs] 
124.126: Total time for which application threads were stopped: 0.0508600 seconds, Stopping threads took: 0.0000210 seconds
124.127: Application time: 0.0001070 seconds
124.127: [Full GC [PSYoungGen: 69120K->69084K(80384K)] [ParOldGen: 182780K->182780K(182784K)] 251900K->251864K(263168K) [PSPermGen: 13471K->13471K(21504K)], 0.0510740 secs] [Times: user=0.35 sys=0.00, real=0.06 secs] 
124.178: Total time for which application threads were stopped: 0.0514860 seconds, Stopping threads took: 0.0000350 seconds
124.178: Application time: 0.0001360 seconds
124.179: [Full GC [PSYoungGen: 69120K->69094K(80384K)] [ParOldGen: 182780K->182780K(182784K)] 251900K->251875K(263168K) [PSPermGen: 13471K->13471K(21504K)], 0.0505060 secs] [Times: user=0.35 sys=0.00, real=0.05 secs] 
124.229: Total time for which application threads were stopped: 0.0508990 seconds, Stopping threads took: 0.0000140 seconds
124.229: Application time: 0.0000880 seconds
124.230: [Full GC [PSYoungGen: 69120K->69094K(80384K)] [ParOldGen: 182780K->182780K(182784K)] 251900K->251874K(263168K) [PSPermGen: 13471K->13471K(21504K)], 0.0504360 secs] [Times: user=0.35 sys=0.00, real=0.05 secs] 
124.280: Total time for which application threads were stopped: 0.0508240 seconds, Stopping threads took: 0.0000090 seconds
124.280: Application time: 0.0000830 seconds
124.280: [Full GC [PSYoungGen: 69120K->69100K(80384K)] [ParOldGen: 182780K->182780K(182784K)] 251900K->251880K(263168K) [PSPermGen: 13471K->13471K(21504K)], 0.0502810 secs] [Times: user=0.35 sys=0.00, real=0.05 secs] 
124.331: Total time for which application threads were stopped: 0.0506980 seconds, Stopping threads took: 0.0000080 seconds
124.331: Application time: 0.0000610 seconds
124.331: [Full GC [PSYoungGen: 69120K->69100K(80384K)] [ParOldGen: 182780K->182780K(182784K)] 251900K->251880K(263168K) [PSPermGen: 13471K->13471K(21504K)], 0.0503800 secs] [Times: user=0.35 sys=0.00, real=0.05 secs] 
124.382: Total time for which application threads were stopped: 0.0507640 seconds, Stopping threads took: 0.0000070 seconds
124.382: Application time: 0.0000690 seconds
124.382: Total time for which application threads were stopped: 0.0003230 seconds, Stopping threads took: 0.0000120 seconds
124.382: Application time: 0.0000230 seconds
124.382: [Full GC [PSYoungGen: 69120K->69109K(80384K)] [ParOldGen: 182780K->182780K(182784K)] 251900K->251889K(263168K) [PSPermGen: 13471K->13471K(21504K)], 0.0506060 secs] [Times: user=0.35 sys=0.00, real=0.05 secs] 
124.433: Total time for which application threads were stopped: 0.0507160 seconds, Stopping threads took: 0.0000030 seconds
124.433: Application time: 0.0000480 seconds
124.433: [Full GC [PSYoungGen: 69113K->69108K(80384K)] [ParOldGen: 182780K->182780K(182784K)] 251893K->251889K(263168K) [PSPermGen: 13471K->13471K(21504K)], 0.0502850 secs] [Times: user=0.35 sys=0.00, real=0.05 secs] 
124.484: [Full GC [PSYoungGen: 69108K->69108K(80384K)] [ParOldGen: 182780K->182780K(182784K)] 251889K->251888K(263168K) [PSPermGen: 13471K->13471K(21504K)], 0.0506530 secs] [Times: user=0.35 sys=0.00, real=0.05 secs] 
124.534: Total time for which application threads were stopped: 0.1014080 seconds, Stopping threads took: 0.0000310 seconds
124.534: Application time: 0.0000810 seconds
124.535: [Full GC [PSYoungGen: 69120K->69093K(80384K)] [ParOldGen: 182782K->182780K(182784K)] 251902K->251874K(263168K) [PSPermGen: 13471K->13471K(21504K)], 0.0503980 secs] [Times: user=0.35 sys=0.00, real=0.05 secs] 
124.585: Total time for which application threads were stopped: 0.0507940 seconds, Stopping threads took: 0.0000220 seconds
124.585: Application time: 0.0000980 seconds
124.586: [Full GC [PSYoungGen: 69120K->69088K(80384K)] [ParOldGen: 182780K->182780K(182784K)] 251900K->251869K(263168K) [PSPermGen: 13471K->13471K(21504K)], 0.0502610 secs] [Times: user=0.35 sys=0.00, real=0.05 secs] 
124.636: Total time for which application threads were stopped: 0.0506880 seconds, Stopping threads took: 0.0000350 seconds
124.636: Application time: 0.0000940 seconds
124.636: [Full GC [PSYoungGen: 69120K->69089K(80384K)] [ParOldGen: 182780K->182780K(182784K)] 251900K->251869K(263168K) [PSPermGen: 13471K->13471K(21504K)], 0.0506090 secs] [Times: user=0.35 sys=0.00, real=0.05 secs] 
124.687: Total time for which application threads were stopped: 0.0510090 seconds, Stopping threads took: 0.0000180 seconds
124.687: Application time: 0.0000820 seconds
124.687: [Full GC [PSYoungGen: 69120K->69090K(80384K)] [ParOldGen: 182780K->182780K(182784K)] 251900K->251870K(263168K) [PSPermGen: 13471K->13471K(21504K)], 0.0507290 secs] [Times: user=0.35 sys=0.00, real=0.06 secs] 
124.738: Total time for which application threads were stopped: 0.0511450 seconds, Stopping threads took: 0.0000230 seconds
124.738: Application time: 0.0000970 seconds
124.739: [Full GC [PSYoungGen: 69120K->69090K(80384K)] [ParOldGen: 182780K->182780K(182784K)] 251900K->251870K(263168K) [PSPermGen: 13471K->13471K(21504K)], 0.0501760 secs] [Times: user=0.35 sys=0.00, real=0.05 secs] 
124.789: Total time for which application threads were stopped: 0.0505620 seconds, Stopping threads took: 0.0000080 seconds
124.789: Application time: 0.0000930 seconds
124.789: [Full GC [PSYoungGen: 69120K->69091K(80384K)] [ParOldGen: 182780K->182780K(182784K)] 251900K->251872K(263168K) [PSPermGen: 13471K->13471K(21504K)], 0.0562160 secs] [Times: user=0.39 sys=0.00, real=0.05 secs] 
124.846: Total time for which application threads were stopped: 0.0566660 seconds, Stopping threads took: 0.0000460 seconds
124.846: Application time: 0.0000970 seconds
124.846: [Full GC [PSYoungGen: 69120K->69091K(80384K)] [ParOldGen: 182780K->182780K(182784K)] 251900K->251871K(263168K) [PSPermGen: 13471K->13471K(21504K)], 0.0532910 secs] [Times: user=0.37 sys=0.00, real=0.06 secs] 
124.899: Total time for which application threads were stopped: 0.0537170 seconds, Stopping threads took: 0.0000440 seconds
124.900: Application time: 0.0000840 seconds
124.900: [Full GC [PSYoungGen: 69120K->69092K(80384K)] [ParOldGen: 182780K->182780K(182784K)] 251900K->251872K(263168K) [PSPermGen: 13471K->13471K(21504K)], 0.0507160 secs] [Times: user=0.35 sys=0.00, real=0.05 secs] 
124.951: Total time for which application threads were stopped: 0.0511090 seconds, Stopping threads took: 0.0000150 seconds
124.951: Application time: 0.0000940 seconds
124.951: [Full GC [PSYoungGen: 69120K->69093K(80384K)] [ParOldGen: 182780K->182780K(182784K)] 251900K->251873K(263168K) [PSPermGen: 13471K->13471K(21504K)], 0.0509360 secs] [Times: user=0.36 sys=0.00, real=0.05 secs] 
125.002: Total time for which application threads were stopped: 0.0513350 seconds, Stopping threads took: 0.0000180 seconds
125.002: Application time: 0.0000940 seconds
125.003: [Full GC [PSYoungGen: 69120K->69093K(80384K)] [ParOldGen: 182780K->182780K(182784K)] 251900K->251873K(263168K) [PSPermGen: 13471K->13471K(21504K)], 0.0502770 secs] [Times: user=0.34 sys=0.00, real=0.05 secs] 
125.053: Total time for which application threads were stopped: 0.0506800 seconds, Stopping threads took: 0.0000240 seconds
125.053: Application time: 0.0000950 seconds
125.053: [Full GC [PSYoungGen: 69120K->69094K(80384K)] [ParOldGen: 182780K->182780K(182784K)] 251900K->251874K(263168K) [PSPermGen: 13471K->13471K(21504K)], 0.0501840 secs] [Times: user=0.34 sys=0.00, real=0.05 secs] 
125.104: Total time for which application threads were stopped: 0.0505880 seconds, Stopping threads took: 0.0000220 seconds
125.104: Application time: 0.0000980 seconds
125.104: [Full GC [PSYoungGen: 69120K->69095K(80384K)] [ParOldGen: 182780K->182780K(182784K)] 251900K->251875K(263168K) [PSPermGen: 13471K->13471K(21504K)], 0.0501720 secs] [Times: user=0.35 sys=0.00, real=0.05 secs] 
125.154: Total time for which application threads were stopped: 0.0505760 seconds, Stopping threads took: 0.0000190 seconds
125.154: Application time: 0.0000860 seconds
125.155: [Full GC [PSYoungGen: 69120K->69095K(80384K)] [ParOldGen: 182780K->182780K(182784K)] 251900K->251875K(263168K) [PSPermGen: 13471K->13471K(21504K)], 0.0525860 secs] [Times: user=0.37 sys=0.00, real=0.05 secs] 
125.207: Total time for which application threads were stopped: 0.0529790 seconds, Stopping threads took: 0.0000200 seconds
125.207: Application time: 0.0000810 seconds
125.208: [Full GC [PSYoungGen: 69120K->69095K(80384K)] [ParOldGen: 182780K->182780K(182784K)] 251900K->251876K(263168K) [PSPermGen: 13471K->13471K(21504K)], 0.0506830 secs] [Times: user=0.35 sys=0.00, real=0.06 secs] 
125.258: Total time for which application threads were stopped: 0.0511160 seconds, Stopping threads took: 0.0000490 seconds
125.259: Application time: 0.0000820 seconds
125.259: [Full GC [PSYoungGen: 69120K->69095K(80384K)] [ParOldGen: 182780K->182780K(182784K)] 251900K->251875K(263168K) [PSPermGen: 13471K->13471K(21504K)], 0.0506260 secs] [Times: user=0.35 sys=0.00, real=0.05 secs] 
125.310: Total time for which application threads were stopped: 0.0510210 seconds, Stopping threads took: 0.0000200 seconds
125.310: Application time: 0.0000800 seconds
125.310: [Full GC [PSYoungGen: 69120K->69095K(80384K)] [ParOldGen: 182780K->182780K(182784K)] 251900K->251875K(263168K) [PSPermGen: 13471K->13471K(21504K)], 0.0501030 secs] [Times: user=0.35 sys=0.00, real=0.05 secs] 
125.360: Total time for which application threads were stopped: 0.0505530 seconds, Stopping threads took: 0.0000460 seconds
125.360: Application time: 0.0000900 seconds
125.361: [Full GC [PSYoungGen: 69120K->69095K(80384K)] [ParOldGen: 182780K->182780K(182784K)] 251900K->251875K(263168K) [PSPermGen: 13471K->13471K(21504K)], 0.0505100 secs] [Times: user=0.35 sys=0.00, real=0.05 secs] 
125.411: Total time for which application threads were stopped: 0.0509200 seconds, Stopping threads took: 0.0000190 seconds
125.411: Application time: 0.0001110 seconds
125.412: [Full GC [PSYoungGen: 69120K->69095K(80384K)] [ParOldGen: 182780K->182780K(182784K)] 251900K->251875K(263168K) [PSPermGen: 13472K->13472K(21504K)], 0.0515720 secs] [Times: user=0.36 sys=0.01, real=0.05 secs] 
125.463: Total time for which application threads were stopped: 0.0519890 seconds, Stopping threads took: 0.0000370 seconds
125.463: Application time: 0.0001050 seconds
125.464: [Full GC [PSYoungGen: 69120K->69095K(80384K)] [ParOldGen: 182780K->182780K(182784K)] 251900K->251875K(263168K) [PSPermGen: 13473K->13473K(21504K)], 0.0506740 secs] [Times: user=0.35 sys=0.00, real=0.05 secs] 
125.515: Total time for which application threads were stopped: 0.0510860 seconds, Stopping threads took: 0.0000370 seconds
125.515: Application time: 0.0001190 seconds
125.515: [Full GC [PSYoungGen: 69120K->69093K(80384K)] [ParOldGen: 182780K->182780K(182784K)] 251900K->251873K(263168K) [PSPermGen: 13474K->13474K(21504K)], 0.0506050 secs] [Times: user=0.35 sys=0.00, real=0.05 secs] 
125.566: Total time for which application threads were stopped: 0.0510060 seconds, Stopping threads took: 0.0000200 seconds
125.566: Application time: 0.0000990 seconds
125.566: [Full GC [PSYoungGen: 69120K->69094K(80384K)] [ParOldGen: 182780K->182780K(182784K)] 251900K->251874K(263168K) [PSPermGen: 13474K->13474K(21504K)], 0.0503920 secs] [Times: user=0.34 sys=0.00, real=0.05 secs] 
125.617: Total time for which application threads were stopped: 0.0507890 seconds, Stopping threads took: 0.0000180 seconds
125.617: Application time: 0.0000970 seconds
125.617: [Full GC [PSYoungGen: 69120K->69095K(80384K)] [ParOldGen: 182780K->182780K(182784K)] 251900K->251875K(263168K) [PSPermGen: 13474K->13474K(21504K)], 0.0503280 secs] [Times: user=0.35 sys=0.00, real=0.04 secs] 
125.667: Total time for which application threads were stopped: 0.0507360 seconds, Stopping threads took: 0.0000280 seconds
125.667: Application time: 0.0000860 seconds
125.668: [Full GC [PSYoungGen: 69120K->69095K(80384K)] [ParOldGen: 182780K->182780K(182784K)] 251900K->251875K(263168K) [PSPermGen: 13474K->13474K(21504K)], 0.0516180 secs] [Times: user=0.36 sys=0.00, real=0.06 secs] 
125.720: Total time for which application threads were stopped: 0.0520350 seconds, Stopping threads took: 0.0000340 seconds
125.720: Application time: 0.0001140 seconds
125.720: [Full GC [PSYoungGen: 69120K->69097K(80384K)] [ParOldGen: 182780K->182780K(182784K)] 251900K->251877K(263168K) [PSPermGen: 13477K->13477K(21504K)], 0.0506700 secs] [Times: user=0.35 sys=0.00, real=0.05 secs] 
125.771: Total time for which application threads were stopped: 0.0510670 seconds, Stopping threads took: 0.0000230 seconds
125.771: Application time: 0.0000940 seconds
125.771: [Full GC [PSYoungGen: 69120K->69097K(80384K)] [ParOldGen: 182780K->182780K(182784K)] 251900K->251877K(263168K) [PSPermGen: 13477K->13477K(21504K)], 0.0503660 secs] [Times: user=0.35 sys=0.00, real=0.05 secs] 
125.822: Total time for which application threads were stopped: 0.0507990 seconds, Stopping threads took: 0.0000550 seconds
125.822: Application time: 0.0000990 seconds
125.822: [Full GC [PSYoungGen: 69120K->69099K(80384K)] [ParOldGen: 182780K->182780K(182784K)] 251900K->251879K(263168K) [PSPermGen: 13477K->13477K(21504K)], 0.0503660 secs] [Times: user=0.35 sys=0.00, real=0.05 secs] 
125.872: Total time for which application threads were stopped: 0.0507850 seconds, Stopping threads took: 0.0000170 seconds
125.873: Application time: 0.0000760 seconds
125.873: [Full GC [PSYoungGen: 69120K->69099K(80384K)] [ParOldGen: 182780K->182780K(182784K)] 251900K->251879K(263168K) [PSPermGen: 13477K->13477K(21504K)], 0.0507570 secs] [Times: user=0.35 sys=0.00, real=0.05 secs] 
125.924: Total time for which application threads were stopped: 0.0511620 seconds, Stopping threads took: 0.0000190 seconds
125.924: Application time: 0.0000730 seconds
125.924: [Full GC [PSYoungGen: 69120K->69100K(80384K)] [ParOldGen: 182780K->182780K(182784K)] 251900K->251880K(263168K) [PSPermGen: 13480K->13480K(21504K)], 0.0507430 secs] [Times: user=0.35 sys=0.00, real=0.05 secs] 
125.975: Total time for which application threads were stopped: 0.0511280 seconds, Stopping threads took: 0.0000080 seconds
125.975: Application time: 0.0000840 seconds
125.975: [Full GC [PSYoungGen: 69120K->69099K(80384K)] [ParOldGen: 182780K->182780K(182784K)] 251900K->251880K(263168K) [PSPermGen: 13483K->13483K(21504K)], 0.0502120 secs] [Times: user=0.35 sys=0.00, real=0.05 secs] 
126.026: Total time for which application threads were stopped: 0.0505950 seconds, Stopping threads took: 0.0000080 seconds
126.026: Application time: 0.0000920 seconds
126.026: [Full GC [PSYoungGen: 69120K->69100K(80384K)] [ParOldGen: 182780K->182780K(182784K)] 251900K->251880K(263168K) [PSPermGen: 13484K->13484K(21504K)], 0.0504140 secs] [Times: user=0.35 sys=0.00, real=0.05 secs] 
126.076: Total time for which application threads were stopped: 0.0508050 seconds, Stopping threads took: 0.0000090 seconds
126.077: Application time: 0.0001070 seconds
126.077: [Full GC [PSYoungGen: 69120K->69100K(80384K)] [ParOldGen: 182780K->182780K(182784K)] 251900K->251880K(263168K) [PSPermGen: 13487K->13487K(21504K)], 0.0517450 secs] [Times: user=0.36 sys=0.00, real=0.05 secs] 
126.129: Total time for which application threads were stopped: 0.0521410 seconds, Stopping threads took: 0.0000180 seconds
126.129: Application time: 0.0000880 seconds
126.129: [Full GC [PSYoungGen: 69120K->69100K(80384K)] [ParOldGen: 182780K->182780K(182784K)] 251900K->251880K(263168K) [PSPermGen: 13488K->13488K(21504K)], 0.0529880 secs] [Times: user=0.36 sys=0.00, real=0.05 secs] 
126.182: Total time for which application threads were stopped: 0.0533850 seconds, Stopping threads took: 0.0000170 seconds
126.182: Application time: 0.0000990 seconds
126.183: [Full GC [PSYoungGen: 69120K->69101K(80384K)] [ParOldGen: 182780K->182780K(182784K)] 251900K->251881K(263168K) [PSPermGen: 13490K->13490K(21504K)], 0.0528150 secs] [Times: user=0.37 sys=0.00, real=0.05 secs] 
126.236: Total time for which application threads were stopped: 0.0532200 seconds, Stopping threads took: 0.0000190 seconds
126.236: Application time: 0.0000830 seconds
126.236: [Full GC [PSYoungGen: 69120K->69101K(80384K)] [ParOldGen: 182780K->182780K(182784K)] 251900K->251881K(263168K) [PSPermGen: 13490K->13490K(21504K)], 0.0505500 secs] [Times: user=0.35 sys=0.00, real=0.05 secs] 
126.287: Total time for which application threads were stopped: 0.0509640 seconds, Stopping threads took: 0.0000270 seconds
126.287: Application time: 0.0000610 seconds
126.287: [Full GC [PSYoungGen: 69120K->69102K(80384K)] [ParOldGen: 182780K->182780K(182784K)] 251900K->251882K(263168K) [PSPermGen: 13490K->13490K(21504K)], 0.0505390 secs] [Times: user=0.35 sys=0.00, real=0.06 secs] 
126.338: Total time for which application threads were stopped: 0.0509680 seconds, Stopping threads took: 0.0000520 seconds
126.338: Application time: 0.0000800 seconds
126.338: [Full GC [PSYoungGen: 69120K->69102K(80384K)] [ParOldGen: 182780K->182780K(182784K)] 251900K->251882K(263168K) [PSPermGen: 13490K->13490K(21504K)], 0.0501400 secs] [Times: user=0.35 sys=0.00, real=0.04 secs] 
126.388: Total time for which application threads were stopped: 0.0505720 seconds, Stopping threads took: 0.0000250 seconds
126.388: Application time: 0.0000720 seconds
126.389: [Full GC [PSYoungGen: 69120K->69103K(80384K)] [ParOldGen: 182780K->182780K(182784K)] 251900K->251883K(263168K) [PSPermGen: 13492K->13492K(21504K)], 0.0503580 secs] [Times: user=0.35 sys=0.00, real=0.05 secs] 
126.439: Total time for which application threads were stopped: 0.0507560 seconds, Stopping threads took: 0.0000080 seconds
126.439: Application time: 0.0000710 seconds
126.440: [Full GC [PSYoungGen: 69120K->69102K(80384K)] [ParOldGen: 182780K->182780K(182784K)] 251900K->251882K(263168K) [PSPermGen: 13492K->13492K(21504K)], 0.0504380 secs] [Times: user=0.35 sys=0.00, real=0.05 secs] 
126.490: Total time for which application threads were stopped: 0.0508280 seconds, Stopping threads took: 0.0000180 seconds
126.490: Application time: 0.0000700 seconds
126.490: [Full GC [PSYoungGen: 69120K->69101K(80384K)] [ParOldGen: 182780K->182780K(182784K)] 251900K->251881K(263168K) [PSPermGen: 13492K->13492K(21504K)], 0.0502450 secs] [Times: user=0.35 sys=0.00, real=0.05 secs] 
126.541: Total time for which application threads were stopped: 0.0506360 seconds, Stopping threads took: 0.0000070 seconds
126.541: Application time: 0.0000690 seconds
126.541: [Full GC [PSYoungGen: 69120K->69102K(80384K)] [ParOldGen: 182780K->182780K(182784K)] 251900K->251882K(263168K) [PSPermGen: 13492K->13492K(21504K)], 0.0506650 secs] [Times: user=0.35 sys=0.00, real=0.05 secs] 
126.592: Total time for which application threads were stopped: 0.0510720 seconds, Stopping threads took: 0.0000280 seconds
126.592: Application time: 0.0000810 seconds
126.592: [Full GC [PSYoungGen: 69120K->69102K(80384K)] [ParOldGen: 182780K->182780K(182784K)] 251900K->251882K(263168K) [PSPermGen: 13492K->13492K(21504K)], 0.0508150 secs] [Times: user=0.35 sys=0.00, real=0.05 secs] 
126.643: Total time for which application threads were stopped: 0.0512040 seconds, Stopping threads took: 0.0000080 seconds
126.643: Application time: 0.0000920 seconds
126.644: [Full GC [PSYoungGen: 69120K->69102K(80384K)] [ParOldGen: 182780K->182780K(182784K)] 251900K->251882K(263168K) [PSPermGen: 13492K->13492K(21504K)], 0.0506920 secs] [Times: user=0.35 sys=0.00, real=0.05 secs] 
126.694: Total time for which application threads were stopped: 0.0510810 seconds, Stopping threads took: 0.0000070 seconds
126.694: Application time: 0.0000740 seconds
126.695: [Full GC [PSYoungGen: 69120K->69102K(80384K)] [ParOldGen: 182780K->182780K(182784K)] 251900K->251882K(263168K) [PSPermGen: 13492K->13492K(21504K)], 0.0503380 secs] [Times: user=0.34 sys=0.00, real=0.05 secs] 
126.745: Total time for which application threads were stopped: 0.0507320 seconds, Stopping threads took: 0.0000080 seconds
126.745: Application time: 0.0000780 seconds
126.746: [Full GC [PSYoungGen: 69120K->69102K(80384K)] [ParOldGen: 182780K->182780K(182784K)] 251900K->251882K(263168K) [PSPermGen: 13492K->13492K(21504K)], 0.0504270 secs] [Times: user=0.34 sys=0.00, real=0.05 secs] 
126.796: Total time for which application threads were stopped: 0.0508150 seconds, Stopping threads took: 0.0000080 seconds
126.796: Application time: 0.0000910 seconds
126.796: [Full GC [PSYoungGen: 69120K->69103K(80384K)] [ParOldGen: 182780K->182780K(182784K)] 251900K->251883K(263168K) [PSPermGen: 13492K->13492K(21504K)], 0.0505570 secs] [Times: user=0.35 sys=0.00, real=0.05 secs] 
126.847: Total time for which application threads were stopped: 0.0509450 seconds, Stopping threads took: 0.0000080 seconds
126.847: Application time: 0.0000940 seconds
126.848: [Full GC [PSYoungGen: 69120K->69104K(80384K)] [ParOldGen: 182780K->182780K(182784K)] 251900K->251884K(263168K) [PSPermGen: 13493K->13493K(21504K)], 0.0511640 secs] [Times: user=0.34 sys=0.00, real=0.06 secs] 
126.899: Total time for which application threads were stopped: 0.0515880 seconds, Stopping threads took: 0.0000080 seconds
126.899: Application time: 0.0000780 seconds
126.899: [Full GC [PSYoungGen: 69120K->69104K(80384K)] [ParOldGen: 182780K->182780K(182784K)] 251900K->251884K(263168K) [PSPermGen: 13494K->13494K(21504K)], 0.0507290 secs] [Times: user=0.35 sys=0.00, real=0.05 secs] 
126.950: Total time for which application threads were stopped: 0.0511240 seconds, Stopping threads took: 0.0000090 seconds
126.950: Application time: 0.0000690 seconds
126.950: [Full GC [PSYoungGen: 69120K->69105K(80384K)] [ParOldGen: 182780K->182780K(182784K)] 251900K->251885K(263168K) [PSPermGen: 13494K->13494K(21504K)], 0.0504570 secs] [Times: user=0.35 sys=0.00, real=0.05 secs] 
127.001: Total time for which application threads were stopped: 0.0508560 seconds, Stopping threads took: 0.0000170 seconds
127.001: Application time: 0.0000890 seconds
127.001: [Full GC [PSYoungGen: 69120K->69105K(80384K)] [ParOldGen: 182780K->182780K(182784K)] 251900K->251885K(263168K) [PSPermGen: 13494K->13494K(21504K)], 0.0502730 secs] [Times: user=0.35 sys=0.00, real=0.05 secs] 
127.052: Total time for which application threads were stopped: 0.0506640 seconds, Stopping threads took: 0.0000080 seconds
127.052: Application time: 0.0000630 seconds
127.052: [Full GC [PSYoungGen: 69120K->69105K(80384K)] [ParOldGen: 182780K->182780K(182784K)] 251900K->251885K(263168K) [PSPermGen: 13494K->13494K(21504K)], 0.0528360 secs] [Times: user=0.37 sys=0.00, real=0.05 secs] 
127.105: Total time for which application threads were stopped: 0.0532220 seconds, Stopping threads took: 0.0000080 seconds
127.105: Application time: 0.0000920 seconds
127.105: [Full GC [PSYoungGen: 69120K->69105K(80384K)] [ParOldGen: 182780K->182780K(182784K)] 251900K->251885K(263168K) [PSPermGen: 13494K->13494K(21504K)], 0.0527160 secs] [Times: user=0.37 sys=0.00, real=0.06 secs] 
127.158: Total time for which application threads were stopped: 0.0531420 seconds, Stopping threads took: 0.0000370 seconds
127.158: Application time: 0.0000710 seconds
127.159: [Full GC [PSYoungGen: 69120K->69106K(80384K)] [ParOldGen: 182780K->182780K(182784K)] 251900K->251886K(263168K) [PSPermGen: 13494K->13494K(21504K)], 0.0524200 secs] [Times: user=0.36 sys=0.00, real=0.05 secs] 
127.211: Total time for which application threads were stopped: 0.0528280 seconds, Stopping threads took: 0.0000200 seconds
127.211: Application time: 0.0000590 seconds
127.211: [Full GC [PSYoungGen: 69120K->69106K(80384K)] [ParOldGen: 182780K->182780K(182784K)] 251900K->251886K(263168K) [PSPermGen: 13494K->13494K(21504K)], 0.0506990 secs] [Times: user=0.35 sys=0.00, real=0.05 secs] 
127.262: Total time for which application threads were stopped: 0.0510910 seconds, Stopping threads took: 0.0000070 seconds
127.262: Application time: 0.0000900 seconds
127.263: [Full GC [PSYoungGen: 69120K->69105K(80384K)] [ParOldGen: 182780K->182780K(182784K)] 251900K->251885K(263168K) [PSPermGen: 13494K->13494K(21504K)], 0.0509110 secs] [Times: user=0.36 sys=0.00, real=0.05 secs] 
127.314: Total time for which application threads were stopped: 0.0513040 seconds, Stopping threads took: 0.0000080 seconds
127.314: Application time: 0.0000790 seconds
127.314: [Full GC [PSYoungGen: 69120K->69105K(80384K)] [ParOldGen: 182780K->182780K(182784K)] 251900K->251885K(263168K) [PSPermGen: 13494K->13494K(21504K)], 0.0508130 secs] [Times: user=0.35 sys=0.00, real=0.05 secs] 
127.365: Total time for which application threads were stopped: 0.0512830 seconds, Stopping threads took: 0.0000600 seconds
127.365: Application time: 0.0000670 seconds
127.365: [Full GC [PSYoungGen: 69120K->69106K(80384K)] [ParOldGen: 182780K->182780K(182784K)] 251900K->251886K(263168K) [PSPermGen: 13494K->13494K(21504K)], 0.0507580 secs] [Times: user=0.35 sys=0.01, real=0.05 secs] 
127.416: Total time for which application threads were stopped: 0.0511900 seconds, Stopping threads took: 0.0000200 seconds
127.416: Application time: 0.0000250 seconds
127.417: Total time for which application threads were stopped: 0.0003460 seconds, Stopping threads took: 0.0000270 seconds
127.417: Application time: 0.0000670 seconds
127.417: [Full GC [PSYoungGen: 69120K->69105K(80384K)] [ParOldGen: 182780K->182780K(182784K)] 251900K->251885K(263168K) [PSPermGen: 13494K->13494K(21504K)], 0.0504680 secs] [Times: user=0.34 sys=0.00, real=0.04 secs] 
127.467: Total time for which application threads were stopped: 0.0506200 seconds, Stopping threads took: 0.0000360 seconds
127.467: Application time: 0.0000790 seconds
127.468: [Full GC [PSYoungGen: 69120K->69106K(80384K)] [ParOldGen: 182780K->182780K(182784K)] 251900K->251886K(263168K) [PSPermGen: 13494K->13494K(21504K)], 0.0511650 secs] [Times: user=0.35 sys=0.00, real=0.06 secs] 
127.519: Total time for which application threads were stopped: 0.0515540 seconds, Stopping threads took: 0.0000080 seconds
127.519: Application time: 0.0000840 seconds
127.519: [Full GC [PSYoungGen: 69120K->69107K(80384K)] [ParOldGen: 182780K->182780K(182784K)] 251900K->251887K(263168K) [PSPermGen: 13494K->13494K(21504K)], 0.0508600 secs] [Times: user=0.34 sys=0.01, real=0.05 secs] 
127.570: Total time for which application threads were stopped: 0.0512500 seconds, Stopping threads took: 0.0000080 seconds
127.570: Application time: 0.0000800 seconds
127.571: [Full GC [PSYoungGen: 69120K->69106K(80384K)] [ParOldGen: 182780K->182780K(182784K)] 251900K->251886K(263168K) [PSPermGen: 13494K->13494K(21504K)], 0.0507130 secs] [Times: user=0.35 sys=0.00, real=0.05 secs] 
127.621: Total time for which application threads were stopped: 0.0511070 seconds, Stopping threads took: 0.0000200 seconds
127.622: Application time: 0.0000770 seconds
127.622: [Full GC [PSYoungGen: 69120K->69107K(80384K)] [ParOldGen: 182780K->182780K(182784K)] 251900K->251887K(263168K) [PSPermGen: 13494K->13494K(21504K)], 0.0502290 secs] [Times: user=0.35 sys=0.00, real=0.05 secs] 
127.672: Total time for which application threads were stopped: 0.0506560 seconds, Stopping threads took: 0.0000480 seconds
127.672: Application time: 0.0000490 seconds
127.673: [Full GC [PSYoungGen: 69120K->69108K(80384K)] [ParOldGen: 182780K->182780K(182784K)] 251900K->251888K(263168K) [PSPermGen: 13494K->13494K(21504K)], 0.0505490 secs] [Times: user=0.35 sys=0.00, real=0.05 secs] 
127.723: [Full GC [PSYoungGen: 69108K->69108K(80384K)] [ParOldGen: 182780K->182780K(182784K)] 251888K->251888K(263168K) [PSPermGen: 13494K->13494K(21504K)], 0.0506850 secs] [Times: user=0.36 sys=0.00, real=0.05 secs] 
127.774: Total time for which application threads were stopped: 0.1017380 seconds, Stopping threads took: 0.0000540 seconds
127.774: Application time: 0.0000710 seconds
127.774: [Full GC [PSYoungGen: 69120K->69107K(80384K)] [ParOldGen: 182782K->182781K(182784K)] 251902K->251888K(263168K) [PSPermGen: 13494K->13494K(21504K)], 0.0532960 secs] [Times: user=0.37 sys=0.00, real=0.05 secs] 
127.828: Total time for which application threads were stopped: 0.0536950 seconds, Stopping threads took: 0.0000200 seconds
127.828: Application time: 0.0000880 seconds
127.828: [Full GC [PSYoungGen: 69120K->69107K(80384K)] [ParOldGen: 182781K->182780K(182784K)] 251901K->251887K(263168K) [PSPermGen: 13494K->13494K(21504K)], 0.0506690 secs] [Times: user=0.35 sys=0.00, real=0.06 secs] 
127.879: Total time for which application threads were stopped: 0.0511030 seconds, Stopping threads took: 0.0000390 seconds
127.879: Application time: 0.0000680 seconds
127.879: [Full GC [PSYoungGen: 69120K->69108K(80384K)] [ParOldGen: 182780K->182780K(182784K)] 251900K->251888K(263168K) [PSPermGen: 13494K->13494K(21504K)], 0.0508580 secs] [Times: user=0.35 sys=0.00, real=0.05 secs] 
127.930: Total time for which application threads were stopped: 0.0513220 seconds, Stopping threads took: 0.0000560 seconds
127.930: Application time: 0.0001180 seconds
127.931: [Full GC [PSYoungGen: 69120K->69107K(80384K)] [ParOldGen: 182780K->182780K(182784K)] 251900K->251888K(263168K) [PSPermGen: 13494K->13494K(21504K)], 0.1290980 secs] [Times: user=0.92 sys=0.01, real=0.13 secs] 
128.060: Total time for which application threads were stopped: 0.1295340 seconds, Stopping threads took: 0.0000540 seconds
128.060: Application time: 0.0000780 seconds
128.060: [Full GC [PSYoungGen: 69120K->69108K(80384K)] [ParOldGen: 182780K->182780K(182784K)] 251900K->251888K(263168K) [PSPermGen: 13494K->13494K(21504K)], 0.0520330 secs] [Times: user=0.36 sys=0.00, real=0.05 secs] 
128.113: Total time for which application threads were stopped: 0.0524890 seconds, Stopping threads took: 0.0000720 seconds
128.113: Application time: 0.0000820 seconds
128.113: [Full GC [PSYoungGen: 69120K->69108K(80384K)] [ParOldGen: 182780K->182780K(182784K)] 251900K->251888K(263168K) [PSPermGen: 13494K->13494K(21504K)], 0.0523440 secs] [Times: user=0.36 sys=0.00, real=0.05 secs] 
128.165: Total time for which application threads were stopped: 0.0527360 seconds, Stopping threads took: 0.0000170 seconds
128.165: Application time: 0.0000570 seconds
128.166: [Full GC [PSYoungGen: 69120K->69109K(80384K)] [ParOldGen: 182780K->182780K(182784K)] 251900K->251889K(263168K) [PSPermGen: 13494K->13494K(21504K)], 0.0506340 secs] [Times: user=0.35 sys=0.00, real=0.05 secs] 
128.216: Total time for which application threads were stopped: 0.0510310 seconds, Stopping threads took: 0.0000200 seconds
128.217: Application time: 0.0000770 seconds
128.217: [Full GC [PSYoungGen: 69120K->69109K(80384K)] [ParOldGen: 182780K->182780K(182784K)] 251900K->251889K(263168K) [PSPermGen: 13494K->13494K(21504K)], 0.0508690 secs] [Times: user=0.35 sys=0.01, real=0.04 secs] 
128.268: Total time for which application threads were stopped: 0.0513040 seconds, Stopping threads took: 0.0000510 seconds
128.268: Application time: 0.0000790 seconds
128.268: [Full GC [PSYoungGen: 69120K->69109K(80384K)] [ParOldGen: 182780K->182779K(182784K)] 251900K->251889K(263168K) [PSPermGen: 13494K->13494K(21504K)], 0.0931490 secs] [Times: user=0.68 sys=0.00, real=0.10 secs] 
128.361: Total time for which application threads were stopped: 0.0935420 seconds, Stopping threads took: 0.0000170 seconds
128.362: Application time: 0.0000800 seconds
128.362: [Full GC [PSYoungGen: 69120K->69108K(80384K)] [ParOldGen: 182779K->182777K(182784K)] 251899K->251886K(263168K) [PSPermGen: 13494K->13494K(21504K)], 0.1233900 secs] [Times: user=0.90 sys=0.00, real=0.12 secs] 
128.485: Total time for which application threads were stopped: 0.1238240 seconds, Stopping threads took: 0.0000560 seconds
128.485: Application time: 0.0000820 seconds
128.486: [Full GC [PSYoungGen: 69120K->69108K(80384K)] [ParOldGen: 182777K->182777K(182784K)] 251897K->251886K(263168K) [PSPermGen: 13494K->13494K(21504K)], 0.0509490 secs] [Times: user=0.36 sys=0.00, real=0.06 secs] 
128.537: Total time for which application threads were stopped: 0.0513960 seconds, Stopping threads took: 0.0000460 seconds
128.537: Application time: 0.0000660 seconds
128.537: [Full GC [PSYoungGen: 69120K->69109K(80384K)] [ParOldGen: 182777K->182777K(182784K)] 251897K->251886K(263168K) [PSPermGen: 13494K->13494K(21504K)], 0.0506190 secs] [Times: user=0.35 sys=0.00, real=0.04 secs] 
128.588: Total time for which application threads were stopped: 0.0510200 seconds, Stopping threads took: 0.0000210 seconds
128.588: Application time: 0.0000590 seconds
128.588: [Full GC [PSYoungGen: 69120K->69109K(80384K)] [ParOldGen: 182777K->182777K(182784K)] 251897K->251887K(263168K) [PSPermGen: 13494K->13494K(21504K)], 0.0506840 secs] [Times: user=0.35 sys=0.00, real=0.06 secs] 
128.639: Total time for which application threads were stopped: 0.0511080 seconds, Stopping threads took: 0.0000360 seconds
128.639: Application time: 0.0000610 seconds
128.640: [Full GC [PSYoungGen: 69120K->69108K(80384K)] [ParOldGen: 182777K->182777K(182784K)] 251897K->251886K(263168K) [PSPermGen: 13494K->13494K(21504K)], 0.0505250 secs] [Times: user=0.35 sys=0.00, real=0.05 secs] 
128.690: Total time for which application threads were stopped: 0.0509320 seconds, Stopping threads took: 0.0000300 seconds
128.690: Application time: 0.0000660 seconds
128.691: [Full GC [PSYoungGen: 69120K->69108K(80384K)] [ParOldGen: 182777K->182777K(182784K)] 251897K->251886K(263168K) [PSPermGen: 13494K->13494K(21504K)], 0.0505260 secs] [Times: user=0.34 sys=0.00, real=0.05 secs] 
128.741: Total time for which application threads were stopped: 0.0509200 seconds, Stopping threads took: 0.0000100 seconds
128.741: Application time: 0.0000730 seconds
128.742: [Full GC [PSYoungGen: 69120K->69108K(80384K)] [ParOldGen: 182777K->182777K(182784K)] 251897K->251886K(263168K) [PSPermGen: 13494K->13494K(21504K)], 0.0506010 secs] [Times: user=0.35 sys=0.00, real=0.05 secs] 
128.792: Total time for which application threads were stopped: 0.0510340 seconds, Stopping threads took: 0.0000500 seconds
128.792: Application time: 0.0000560 seconds
128.793: [Full GC [PSYoungGen: 69120K->69109K(80384K)] [ParOldGen: 182777K->182777K(182784K)] 251897K->251886K(263168K) [PSPermGen: 13494K->13494K(21504K)], 0.0677800 secs] [Times: user=0.44 sys=0.00, real=0.07 secs] 
128.860: Total time for which application threads were stopped: 0.0682010 seconds, Stopping threads took: 0.0000350 seconds
128.861: Application time: 0.0000600 seconds
128.861: [Full GC [PSYoungGen: 69120K->69108K(80384K)] [ParOldGen: 182777K->182777K(182784K)] 251897K->251886K(263168K) [PSPermGen: 13494K->13494K(21504K)], 0.0507370 secs] [Times: user=0.35 sys=0.00, real=0.05 secs] 
128.912: Total time for which application threads were stopped: 0.0511690 seconds, Stopping threads took: 0.0000370 seconds
128.912: Application time: 0.0000610 seconds
128.912: [Full GC [PSYoungGen: 69120K->69108K(80384K)] [ParOldGen: 182777K->182777K(182784K)] 251897K->251885K(263168K) [PSPermGen: 13494K->13494K(21504K)], 0.0507300 secs] [Times: user=0.35 sys=0.00, real=0.05 secs] 
128.963: Total time for which application threads were stopped: 0.0511890 seconds, Stopping threads took: 0.0000670 seconds
128.963: Application time: 0.0000540 seconds
128.963: [Full GC [PSYoungGen: 69120K->69108K(80384K)] [ParOldGen: 182777K->182777K(182784K)] 251897K->251886K(263168K) [PSPermGen: 13494K->13494K(21504K)], 0.0503640 secs] [Times: user=0.35 sys=0.00, real=0.05 secs] 
129.014: Total time for which application threads were stopped: 0.0507870 seconds, Stopping threads took: 0.0000450 seconds
129.014: Application time: 0.0000630 seconds
129.014: [Full GC [PSYoungGen: 69120K->69110K(80384K)] [ParOldGen: 182777K->182777K(182784K)] 251897K->251887K(263168K) [PSPermGen: 13494K->13494K(21504K)], 0.0503870 secs] [Times: user=0.35 sys=0.00, real=0.05 secs] 
129.065: Total time for which application threads were stopped: 0.0508130 seconds, Stopping threads took: 0.0000180 seconds
129.065: Application time: 0.0000810 seconds
129.065: [Full GC [PSYoungGen: 69120K->69110K(80384K)] [ParOldGen: 182777K->182777K(182784K)] 251897K->251887K(263168K) [PSPermGen: 13494K->13494K(21504K)], 0.0505180 secs] [Times: user=0.35 sys=0.00, real=0.05 secs] 
129.116: Total time for which application threads were stopped: 0.0509240 seconds, Stopping threads took: 0.0000310 seconds
129.116: Application time: 0.0000560 seconds
129.116: [Full GC [PSYoungGen: 69120K->69110K(80384K)] [ParOldGen: 182777K->182777K(182784K)] 251897K->251887K(263168K) [PSPermGen: 13494K->13494K(21504K)], 0.0503000 secs] [Times: user=0.35 sys=0.00, real=0.05 secs] 
129.166: Total time for which application threads were stopped: 0.0507330 seconds, Stopping threads took: 0.0000490 seconds
129.167: Application time: 0.0000550 seconds
129.167: [Full GC [PSYoungGen: 69120K->69110K(80384K)] [ParOldGen: 182777K->182777K(182784K)] 251897K->251887K(263168K) [PSPermGen: 13494K->13494K(21504K)], 0.0506000 secs] [Times: user=0.35 sys=0.00, real=0.06 secs] 
129.218: Total time for which application threads were stopped: 0.0510250 seconds, Stopping threads took: 0.0000360 seconds
129.218: Application time: 0.0000540 seconds
129.218: [Full GC [PSYoungGen: 69120K->69110K(80384K)] [ParOldGen: 182777K->182777K(182784K)] 251897K->251887K(263168K) [PSPermGen: 13494K->13494K(21504K)], 0.0507180 secs] [Times: user=0.35 sys=0.00, real=0.05 secs] 
129.269: Total time for which application threads were stopped: 0.0511170 seconds, Stopping threads took: 0.0000170 seconds
129.269: Application time: 0.0000660 seconds
129.269: [Full GC [PSYoungGen: 69120K->69110K(80384K)] [ParOldGen: 182777K->182777K(182784K)] 251897K->251888K(263168K) [PSPermGen: 13494K->13494K(21504K)], 0.0505570 secs] [Times: user=0.35 sys=0.00, real=0.05 secs] 
129.320: Total time for which application threads were stopped: 0.0509570 seconds, Stopping threads took: 0.0000220 seconds
129.320: Application time: 0.0000620 seconds
129.320: [Full GC [PSYoungGen: 69120K->69110K(80384K)] [ParOldGen: 182777K->182777K(182784K)] 251897K->251888K(263168K) [PSPermGen: 13494K->13494K(21504K)], 0.0506640 secs] [Times: user=0.35 sys=0.00, real=0.05 secs] 
129.371: Total time for which application threads were stopped: 0.0510960 seconds, Stopping threads took: 0.0000550 seconds
129.371: Application time: 0.0000630 seconds
129.371: [Full GC [PSYoungGen: 69120K->69110K(80384K)] [ParOldGen: 182777K->182777K(182784K)] 251897K->251887K(263168K) [PSPermGen: 13494K->13494K(21504K)], 0.0504730 secs] [Times: user=0.35 sys=0.00, real=0.05 secs] 
129.422: Total time for which application threads were stopped: 0.0509050 seconds, Stopping threads took: 0.0000510 seconds
129.422: Application time: 0.0000540 seconds
129.422: [Full GC [PSYoungGen: 69120K->69111K(80384K)] [ParOldGen: 182777K->182777K(182784K)] 251897K->251888K(263168K) [PSPermGen: 13494K->13494K(21504K)], 0.0502520 secs] [Times: user=0.35 sys=0.00, real=0.05 secs] 
129.473: Total time for which application threads were stopped: 0.0506650 seconds, Stopping threads took: 0.0000180 seconds
129.473: Application time: 0.0000650 seconds
129.473: [Full GC [PSYoungGen: 69120K->69111K(80384K)] [ParOldGen: 182777K->182777K(182784K)] 251897K->251888K(263168K) [PSPermGen: 13494K->13494K(21504K)], 0.0504420 secs] [Times: user=0.35 sys=0.00, real=0.05 secs] 
129.523: Total time for which application threads were stopped: 0.0508380 seconds, Stopping threads took: 0.0000090 seconds
129.524: Application time: 0.0000680 seconds
129.524: [Full GC [PSYoungGen: 69120K->69111K(80384K)] [ParOldGen: 182777K->182777K(182784K)] 251897K->251888K(263168K) [PSPermGen: 13494K->13494K(21504K)], 0.0505750 secs] [Times: user=0.35 sys=0.01, real=0.05 secs] 
129.575: Total time for which application threads were stopped: 0.0509980 seconds, Stopping threads took: 0.0000200 seconds
129.575: Application time: 0.0000510 seconds
129.575: [Full GC [PSYoungGen: 69120K->69111K(80384K)] [ParOldGen: 182777K->182777K(182784K)] 251897K->251888K(263168K) [PSPermGen: 13494K->13494K(21504K)], 0.0525700 secs] [Times: user=0.36 sys=0.00, real=0.05 secs] 
129.628: Total time for which application threads were stopped: 0.0529810 seconds, Stopping threads took: 0.0000370 seconds
129.628: Application time: 0.0000730 seconds
129.628: [Full GC [PSYoungGen: 69120K->69112K(80384K)] [ParOldGen: 182777K->182777K(182784K)] 251897K->251889K(263168K) [PSPermGen: 13494K->13494K(21504K)], 0.0507440 secs] [Times: user=0.35 sys=0.00, real=0.06 secs] 
129.679: Total time for which application threads were stopped: 0.0511650 seconds, Stopping threads took: 0.0000410 seconds
129.679: Application time: 0.0000690 seconds
129.679: [Full GC [PSYoungGen: 69120K->69112K(80384K)] [ParOldGen: 182777K->182777K(182784K)] 251897K->251889K(263168K) [PSPermGen: 13494K->13494K(21504K)], 0.0502050 secs] [Times: user=0.35 sys=0.00, real=0.05 secs] 
129.730: Total time for which application threads were stopped: 0.0506250 seconds, Stopping threads took: 0.0000430 seconds
129.730: Application time: 0.0000690 seconds
129.730: [Full GC [PSYoungGen: 69120K->69111K(80384K)] [ParOldGen: 182777K->182777K(182784K)] 251897K->251889K(263168K) [PSPermGen: 13494K->13494K(21504K)], 0.0506020 secs] [Times: user=0.35 sys=0.00, real=0.05 secs] 
129.781: Total time for which application threads were stopped: 0.0510320 seconds, Stopping threads took: 0.0000400 seconds
129.781: Application time: 0.0000630 seconds
129.781: [Full GC [PSYoungGen: 69120K->69112K(80384K)] [ParOldGen: 182777K->182777K(182784K)] 251897K->251890K(263168K) [PSPermGen: 13494K->13494K(21504K)], 0.0507490 secs] [Times: user=0.35 sys=0.00, real=0.05 secs] 
129.832: Total time for which application threads were stopped: 0.0511660 seconds, Stopping threads took: 0.0000410 seconds
129.832: Application time: 0.0000500 seconds
129.832: [Full GC [PSYoungGen: 69120K->69113K(80384K)] [ParOldGen: 182777K->182777K(182784K)] 251897K->251891K(263168K) [PSPermGen: 13494K->13494K(21504K)], 0.0536600 secs] [Times: user=0.37 sys=0.00, real=0.05 secs] 
129.886: [Full GC [PSYoungGen: 69113K->69113K(80384K)] [ParOldGen: 182777K->182777K(182784K)] 251891K->251890K(263168K) [PSPermGen: 13494K->13494K(21504K)], 0.0510430 secs] [Times: user=0.36 sys=0.00, real=0.06 secs] 
129.937: Total time for which application threads were stopped: 0.1051900 seconds, Stopping threads took: 0.0000350 seconds
129.937: Application time: 0.0001040 seconds
129.938: [Full GC [PSYoungGen: 69120K->69110K(80384K)] [ParOldGen: 182779K->182778K(182784K)] 251899K->251889K(263168K) [PSPermGen: 13494K->13494K(21504K)], 0.0505420 secs] [Times: user=0.35 sys=0.00, real=0.04 secs] 
129.988: Total time for which application threads were stopped: 0.0509590 seconds, Stopping threads took: 0.0000360 seconds
129.988: Application time: 0.0000870 seconds
129.989: [Full GC [PSYoungGen: 69120K->69111K(80384K)] [ParOldGen: 182778K->182778K(182784K)] 251898K->251889K(263168K) [PSPermGen: 13494K->13494K(21504K)], 0.0505920 secs] [Times: user=0.35 sys=0.00, real=0.05 secs] 
130.039: Total time for which application threads were stopped: 0.0510290 seconds, Stopping threads took: 0.0000470 seconds
130.039: Application time: 0.0000610 seconds
130.040: [Full GC [PSYoungGen: 69120K->69111K(80384K)] [ParOldGen: 182778K->182777K(182784K)] 251898K->251889K(263168K) [PSPermGen: 13494K->13494K(21504K)], 0.0505980 secs] [Times: user=0.35 sys=0.00, real=0.05 secs] 
130.090: Total time for which application threads were stopped: 0.0510460 seconds, Stopping threads took: 0.0000450 seconds
130.090: Application time: 0.0000500 seconds
130.091: [Full GC [PSYoungGen: 69120K->69112K(80384K)] [ParOldGen: 182777K->182777K(182784K)] 251897K->251890K(263168K) [PSPermGen: 13494K->13494K(21504K)], 0.0505200 secs] [Times: user=0.35 sys=0.00, real=0.05 secs] 
130.141: Total time for which application threads were stopped: 0.0509360 seconds, Stopping threads took: 0.0000370 seconds
130.141: Application time: 0.0000720 seconds
130.142: [Full GC [PSYoungGen: 69120K->69112K(80384K)] [ParOldGen: 182777K->182777K(182784K)] 251897K->251890K(263168K) [PSPermGen: 13494K->13494K(21504K)], 0.0505180 secs] [Times: user=0.35 sys=0.00, real=0.05 secs] 
130.192: Total time for which application threads were stopped: 0.0509290 seconds, Stopping threads took: 0.0000240 seconds
130.192: Application time: 0.0000530 seconds
130.193: [Full GC [PSYoungGen: 69120K->69112K(80384K)] [ParOldGen: 182777K->182777K(182784K)] 251897K->251890K(263168K) [PSPermGen: 13494K->13494K(21504K)], 0.0504920 secs] [Times: user=0.35 sys=0.00, real=0.05 secs] 
130.243: Total time for which application threads were stopped: 0.0509060 seconds, Stopping threads took: 0.0000250 seconds
130.243: Application time: 0.0000640 seconds
130.244: [Full GC [PSYoungGen: 69120K->69112K(80384K)] [ParOldGen: 182777K->182777K(182784K)] 251897K->251889K(263168K) [PSPermGen: 13494K->13494K(21504K)], 0.0504290 secs] [Times: user=0.35 sys=0.00, real=0.05 secs] 
130.294: Total time for which application threads were stopped: 0.0508610 seconds, Stopping threads took: 0.0000490 seconds
130.294: Application time: 0.0000540 seconds
130.295: [Full GC [PSYoungGen: 69120K->69112K(80384K)] [ParOldGen: 182777K->182777K(182784K)] 251897K->251890K(263168K) [PSPermGen: 13494K->13494K(21504K)], 0.0508840 secs] [Times: user=0.36 sys=0.00, real=0.05 secs] 
130.346: Total time for which application threads were stopped: 0.0512730 seconds, Stopping threads took: 0.0000080 seconds
130.346: Application time: 0.0000620 seconds
130.346: [Full GC [PSYoungGen: 69120K->69112K(80384K)] [ParOldGen: 182777K->182777K(182784K)] 251897K->251890K(263168K) [PSPermGen: 13494K->13494K(21504K)], 0.0503860 secs] [Times: user=0.34 sys=0.00, real=0.05 secs] 
130.396: Total time for which application threads were stopped: 0.0507860 seconds, Stopping threads took: 0.0000230 seconds
130.397: Application time: 0.0000550 seconds
130.397: [Full GC [PSYoungGen: 69120K->69112K(80384K)] [ParOldGen: 182777K->182777K(182784K)] 251897K->251890K(263168K) [PSPermGen: 13494K->13494K(21504K)], 0.0507750 secs] [Times: user=0.35 sys=0.00, real=0.04 secs] 
130.448: Total time for which application threads were stopped: 0.0512070 seconds, Stopping threads took: 0.0000350 seconds
130.448: Application time: 0.0000470 seconds
130.448: [Full GC [PSYoungGen: 69120K->69112K(80384K)] [ParOldGen: 182777K->182777K(182784K)] 251897K->251890K(263168K) [PSPermGen: 13494K->13494K(21504K)], 0.0502960 secs] [Times: user=0.35 sys=0.00, real=0.06 secs] 
130.498: Total time for which application threads were stopped: 0.0507020 seconds, Stopping threads took: 0.0000220 seconds
130.499: Application time: 0.0000710 seconds
130.499: [Full GC [PSYoungGen: 69120K->69113K(80384K)] [ParOldGen: 182777K->182777K(182784K)] 251897K->251890K(263168K) [PSPermGen: 13494K->13494K(21504K)], 0.0503590 secs] [Times: user=0.35 sys=0.00, real=0.05 secs] 
130.549: Total time for which application threads were stopped: 0.0507540 seconds, Stopping threads took: 0.0000150 seconds
130.549: Application time: 0.0000890 seconds
130.550: [Full GC [PSYoungGen: 69120K->69112K(80384K)] [ParOldGen: 182777K->182777K(182784K)] 251897K->251890K(263168K) [PSPermGen: 13494K->13494K(21504K)], 0.0509970 secs] [Times: user=0.35 sys=0.00, real=0.05 secs] 
130.601: Total time for which application threads were stopped: 0.0514250 seconds, Stopping threads took: 0.0000280 seconds
130.601: Application time: 0.0000450 seconds
130.601: [Full GC [PSYoungGen: 69120K->69112K(80384K)] [ParOldGen: 182777K->182777K(182784K)] 251897K->251890K(263168K) [PSPermGen: 13494K->13494K(21504K)], 0.0504170 secs] [Times: user=0.35 sys=0.00, real=0.05 secs] 
130.652: Total time for which application threads were stopped: 0.0508280 seconds, Stopping threads took: 0.0000260 seconds
130.652: Application time: 0.0000580 seconds
130.652: [Full GC [PSYoungGen: 69120K->69112K(80384K)] [ParOldGen: 182777K->182777K(182784K)] 251897K->251890K(263168K) [PSPermGen: 13494K->13494K(21504K)], 0.0502950 secs] [Times: user=0.35 sys=0.00, real=0.05 secs] 
130.702: Total time for which application threads were stopped: 0.0506840 seconds, Stopping threads took: 0.0000070 seconds
130.703: Application time: 0.0000670 seconds
130.703: [Full GC [PSYoungGen: 69120K->69113K(80384K)] [ParOldGen: 182777K->182777K(182784K)] 251897K->251890K(263168K) [PSPermGen: 13494K->13494K(21504K)], 0.0505900 secs] [Times: user=0.35 sys=0.00, real=0.05 secs] 
130.753: Total time for which application threads were stopped: 0.0509920 seconds, Stopping threads took: 0.0000240 seconds
130.754: Application time: 0.0000590 seconds
130.754: [Full GC [PSYoungGen: 69120K->69112K(80384K)] [ParOldGen: 182777K->182777K(182784K)] 251897K->251890K(263168K) [PSPermGen: 13494K->13494K(21504K)], 0.0529160 secs] [Times: user=0.37 sys=0.00, real=0.05 secs] 
130.807: Total time for which application threads were stopped: 0.0533460 seconds, Stopping threads took: 0.0000540 seconds
130.807: Application time: 0.0000540 seconds
130.807: [Full GC [PSYoungGen: 69120K->69112K(80384K)] [ParOldGen: 182777K->182777K(182784K)] 251897K->251890K(263168K) [PSPermGen: 13494K->13494K(21504K)], 0.0508130 secs] [Times: user=0.36 sys=0.00, real=0.06 secs] 
130.858: Total time for which application threads were stopped: 0.0512760 seconds, Stopping threads took: 0.0000650 seconds
130.858: Application time: 0.0000680 seconds
130.859: [Full GC [PSYoungGen: 69120K->69113K(80384K)] [ParOldGen: 182777K->182777K(182784K)] 251897K->251890K(263168K) [PSPermGen: 13494K->13494K(21504K)], 0.0529040 secs] [Times: user=0.36 sys=0.00, real=0.05 secs] 
130.912: Total time for which application threads were stopped: 0.0533380 seconds, Stopping threads took: 0.0000530 seconds
130.912: Application time: 0.0000550 seconds
130.912: [Full GC [PSYoungGen: 69120K->69113K(80384K)] [ParOldGen: 182777K->182777K(182784K)] 251897K->251891K(263168K) [PSPermGen: 13494K->13494K(21504K)], 0.0508010 secs] [Times: user=0.35 sys=0.00, real=0.05 secs] 
130.963: Total time for which application threads were stopped: 0.0511910 seconds, Stopping threads took: 0.0000080 seconds
130.963: Application time: 0.0000760 seconds
130.963: [Full GC [PSYoungGen: 69120K->69113K(80384K)] [ParOldGen: 182777K->182777K(182784K)] 251897K->251891K(263168K) [PSPermGen: 13494K->13494K(21504K)], 0.0506800 secs] [Times: user=0.35 sys=0.00, real=0.05 secs] 
131.014: Total time for which application threads were stopped: 0.0511670 seconds, Stopping threads took: 0.0000710 seconds
131.014: Application time: 0.0000620 seconds
131.015: [Full GC [PSYoungGen: 69120K->69113K(80384K)] [ParOldGen: 182777K->182777K(182784K)] 251897K->251891K(263168K) [PSPermGen: 13494K->13494K(21504K)], 0.0508830 secs] [Times: user=0.36 sys=0.00, real=0.05 secs] 
131.066: Total time for which application threads were stopped: 0.0513330 seconds, Stopping threads took: 0.0000650 seconds
131.066: Application time: 0.0000510 seconds
131.066: [Full GC [PSYoungGen: 69120K->69112K(80384K)] [ParOldGen: 182777K->182777K(182784K)] 251897K->251890K(263168K) [PSPermGen: 13494K->13494K(21504K)], 0.0506520 secs] [Times: user=0.35 sys=0.00, real=0.06 secs] 
131.117: Total time for which application threads were stopped: 0.0511030 seconds, Stopping threads took: 0.0000520 seconds
131.117: Application time: 0.0000510 seconds
131.117: [Full GC [PSYoungGen: 69120K->69112K(80384K)] [ParOldGen: 182777K->182777K(182784K)] 251897K->251890K(263168K) [PSPermGen: 13494K->13494K(21504K)], 0.0503130 secs] [Times: user=0.35 sys=0.00, real=0.04 secs] 
131.167: Total time for which application threads were stopped: 0.0506990 seconds, Stopping threads took: 0.0000080 seconds
131.168: Application time: 0.0000680 seconds
131.168: [Full GC [PSYoungGen: 69120K->69113K(80384K)] [ParOldGen: 182777K->182777K(182784K)] 251897K->251890K(263168K) [PSPermGen: 13494K->13494K(21504K)], 0.0506070 secs] [Times: user=0.35 sys=0.00, real=0.06 secs] 
131.219: Total time for which application threads were stopped: 0.0510110 seconds, Stopping threads took: 0.0000270 seconds
131.219: Application time: 0.0000720 seconds
131.219: [Full GC [PSYoungGen: 69120K->69113K(80384K)] [ParOldGen: 182777K->182777K(182784K)] 251897K->251891K(263168K) [PSPermGen: 13494K->13494K(21504K)], 0.0506410 secs] [Times: user=0.35 sys=0.00, real=0.05 secs] 
131.270: Total time for which application threads were stopped: 0.0510820 seconds, Stopping threads took: 0.0000490 seconds
131.270: Application time: 0.0000530 seconds
131.270: [Full GC [PSYoungGen: 69120K->69112K(80384K)] [ParOldGen: 182777K->182777K(182784K)] 251897K->251890K(263168K) [PSPermGen: 13494K->13494K(21504K)], 0.0504840 secs] [Times: user=0.35 sys=0.00, real=0.05 secs] 
131.321: Total time for which application threads were stopped: 0.0509200 seconds, Stopping threads took: 0.0000360 seconds
131.321: Application time: 0.0000690 seconds
131.321: [Full GC [PSYoungGen: 69120K->69113K(80384K)] [ParOldGen: 182777K->182777K(182784K)] 251897K->251890K(263168K) [PSPermGen: 13494K->13494K(21504K)], 0.0503560 secs] [Times: user=0.34 sys=0.00, real=0.05 secs] 
131.371: Total time for which application threads were stopped: 0.0507610 seconds, Stopping threads took: 0.0000220 seconds
131.372: Application time: 0.0000540 seconds
131.372: [Full GC [PSYoungGen: 69120K->69113K(80384K)] [ParOldGen: 182777K->182777K(182784K)] 251897K->251890K(263168K) [PSPermGen: 13494K->13494K(21504K)], 0.0503210 secs] [Times: user=0.35 sys=0.00, real=0.05 secs] 
131.422: Total time for which application threads were stopped: 0.0507220 seconds, Stopping threads took: 0.0000180 seconds
131.422: Application time: 0.0000670 seconds
131.423: [Full GC [PSYoungGen: 69120K->69113K(80384K)] [ParOldGen: 182777K->182777K(182784K)] 251897K->251891K(263168K) [PSPermGen: 13494K->13494K(21504K)], 0.0506010 secs] [Times: user=0.36 sys=0.00, real=0.05 secs] 
131.473: Total time for which application threads were stopped: 0.0510180 seconds, Stopping threads took: 0.0000340 seconds
131.473: Application time: 0.0000720 seconds
131.474: [Full GC [PSYoungGen: 69120K->69113K(80384K)] [ParOldGen: 182777K->182777K(182784K)] 251897K->251890K(263168K) [PSPermGen: 13494K->13494K(21504K)], 0.0505350 secs] [Times: user=0.35 sys=0.00, real=0.05 secs] 
131.524: Total time for which application threads were stopped: 0.0509230 seconds, Stopping threads took: 0.0000080 seconds
131.524: Application time: 0.0000710 seconds
131.525: [Full GC [PSYoungGen: 69120K->69113K(80384K)] [ParOldGen: 182777K->182777K(182784K)] 251897K->251891K(263168K) [PSPermGen: 13494K->13494K(21504K)], 0.0506930 secs] [Times: user=0.35 sys=0.00, real=0.05 secs] 
131.576: Total time for which application threads were stopped: 0.0511060 seconds, Stopping threads took: 0.0000200 seconds
131.576: Application time: 0.0000550 seconds
131.576: [Full GC [PSYoungGen: 69120K->69113K(80384K)] [ParOldGen: 182777K->182777K(182784K)] 251897K->251890K(263168K) [PSPermGen: 13494K->13494K(21504K)], 0.0505130 secs] [Times: user=0.35 sys=0.00, real=0.05 secs] 
131.627: Total time for which application threads were stopped: 0.0509540 seconds, Stopping threads took: 0.0000390 seconds
131.627: Application time: 0.0000510 seconds
131.627: [Full GC [PSYoungGen: 69120K->69113K(80384K)] [ParOldGen: 182777K->182777K(182784K)] 251897K->251891K(263168K) [PSPermGen: 13494K->13494K(21504K)], 0.0503310 secs] [Times: user=0.35 sys=0.00, real=0.06 secs] 
131.677: Total time for which application threads were stopped: 0.0507260 seconds, Stopping threads took: 0.0000100 seconds
131.677: Application time: 0.0000480 seconds
131.678: [Full GC [PSYoungGen: 69120K->69114K(80384K)] [ParOldGen: 182777K->182777K(182784K)] 251897K->251891K(263168K) [PSPermGen: 13494K->13494K(21504K)], 0.0505790 secs] [Times: user=0.35 sys=0.00, real=0.04 secs] 
131.728: Total time for which application threads were stopped: 0.0509710 seconds, Stopping threads took: 0.0000160 seconds
131.728: Application time: 0.0000590 seconds
131.729: [Full GC [PSYoungGen: 69120K->69114K(80384K)] [ParOldGen: 182777K->182777K(182784K)] 251897K->251891K(263168K) [PSPermGen: 13494K->13494K(21504K)], 0.0506650 secs] [Times: user=0.35 sys=0.00, real=0.05 secs] 
131.779: Total time for which application threads were stopped: 0.0510800 seconds, Stopping threads took: 0.0000210 seconds
131.780: Application time: 0.0000500 seconds
131.780: [Full GC [PSYoungGen: 69120K->69114K(80384K)] [ParOldGen: 182777K->182777K(182784K)] 251897K->251891K(263168K) [PSPermGen: 13494K->13494K(21504K)], 0.0505520 secs] [Times: user=0.35 sys=0.00, real=0.05 secs] 
131.830: Total time for which application threads were stopped: 0.0509500 seconds, Stopping threads took: 0.0000190 seconds
131.831: Application time: 0.0000450 seconds
131.831: [Full GC [PSYoungGen: 69120K->69114K(80384K)] [ParOldGen: 182777K->182777K(182784K)] 251897K->251892K(263168K) [PSPermGen: 13494K->13494K(21504K)], 0.0506370 secs] [Times: user=0.35 sys=0.00, real=0.05 secs] 
131.882: Total time for which application threads were stopped: 0.0510350 seconds, Stopping threads took: 0.0000250 seconds
131.882: Application time: 0.0000600 seconds
131.882: [Full GC [PSYoungGen: 69120K->69114K(80384K)] [ParOldGen: 182777K->182777K(182784K)] 251897K->251892K(263168K) [PSPermGen: 13494K->13494K(21504K)], 0.0530440 secs] [Times: user=0.37 sys=0.00, real=0.05 secs] 
131.935: Total time for which application threads were stopped: 0.0534590 seconds, Stopping threads took: 0.0000220 seconds
131.935: Application time: 0.0000490 seconds
131.935: [Full GC [PSYoungGen: 69120K->69114K(80384K)] [ParOldGen: 182777K->182777K(182784K)] 251897K->251892K(263168K) [PSPermGen: 13494K->13494K(21504K)], 0.0509150 secs] [Times: user=0.35 sys=0.00, real=0.05 secs] 
131.986: Total time for which application threads were stopped: 0.0513190 seconds, Stopping threads took: 0.0000260 seconds
131.987: Application time: 0.0000530 seconds
131.987: [Full GC [PSYoungGen: 69120K->69114K(80384K)] [ParOldGen: 182777K->182777K(182784K)] 251897K->251891K(263168K) [PSPermGen: 13494K->13494K(21504K)], 0.0506520 secs] [Times: user=0.35 sys=0.00, real=0.06 secs] 
132.038: Total time for which application threads were stopped: 0.0510890 seconds, Stopping threads took: 0.0000610 seconds
132.038: Application time: 0.0000840 seconds
132.038: [Full GC [PSYoungGen: 69120K->69114K(80384K)] [ParOldGen: 182777K->182777K(182784K)] 251897K->251892K(263168K) [PSPermGen: 13494K->13494K(21504K)], 0.0509650 secs] [Times: user=0.36 sys=0.00, real=0.05 secs] 
132.089: Total time for which application threads were stopped: 0.0514130 seconds, Stopping threads took: 0.0000650 seconds
132.089: Application time: 0.0000700 seconds
132.090: [Full GC [PSYoungGen: 69120K->69113K(80384K)] [ParOldGen: 182777K->182777K(182784K)] 251897K->251891K(263168K) [PSPermGen: 13494K->13494K(21504K)], 0.0519380 secs] [Times: user=0.36 sys=0.00, real=0.05 secs] 
132.142: Total time for which application threads were stopped: 0.0523930 seconds, Stopping threads took: 0.0000490 seconds
132.142: Application time: 0.0000630 seconds
132.142: [Full GC [PSYoungGen: 69120K->69113K(80384K)] [ParOldGen: 182777K->182777K(182784K)] 251897K->251891K(263168K) [PSPermGen: 13494K->13494K(21504K)], 0.0519600 secs] [Times: user=0.36 sys=0.00, real=0.05 secs] 
132.194: Total time for which application threads were stopped: 0.0523720 seconds, Stopping threads took: 0.0000290 seconds
132.194: Application time: 0.0000570 seconds
132.194: [Full GC [PSYoungGen: 69120K->69113K(80384K)] [ParOldGen: 182777K->182777K(182784K)] 251897K->251891K(263168K) [PSPermGen: 13494K->13494K(21504K)], 0.0504900 secs] [Times: user=0.35 sys=0.00, real=0.05 secs] 
132.245: Total time for which application threads were stopped: 0.0509090 seconds, Stopping threads took: 0.0000360 seconds
132.245: Application time: 0.0000500 seconds
132.245: [Full GC [PSYoungGen: 69120K->69113K(80384K)] [ParOldGen: 182777K->182777K(182784K)] 251897K->251891K(263168K) [PSPermGen: 13494K->13494K(21504K)], 0.0508040 secs] [Times: user=0.35 sys=0.00, real=0.05 secs] 
132.296: Total time for which application threads were stopped: 0.0512200 seconds, Stopping threads took: 0.0000350 seconds
132.296: Application time: 0.0000520 seconds
132.297: [Full GC [PSYoungGen: 69120K->69113K(80384K)] [ParOldGen: 182777K->182777K(182784K)] 251897K->251891K(263168K) [PSPermGen: 13494K->13494K(21504K)], 0.0506760 secs] [Times: user=0.36 sys=0.00, real=0.04 secs] 
132.347: Total time for which application threads were stopped: 0.0510920 seconds, Stopping threads took: 0.0000290 seconds
132.347: Application time: 0.0000520 seconds
132.348: [Full GC [PSYoungGen: 69120K->69114K(80384K)] [ParOldGen: 182777K->182777K(182784K)] 251897K->251891K(263168K) [PSPermGen: 13494K->13494K(21504K)], 0.0506320 secs] [Times: user=0.35 sys=0.00, real=0.06 secs] 
132.398: Total time for which application threads were stopped: 0.0510160 seconds, Stopping threads took: 0.0000070 seconds
132.399: Application time: 0.0000600 seconds
132.399: [Full GC [PSYoungGen: 69120K->69114K(80384K)] [ParOldGen: 182777K->182777K(182784K)] 251897K->251891K(263168K) [PSPermGen: 13494K->13494K(21504K)], 0.0509770 secs] [Times: user=0.35 sys=0.00, real=0.05 secs] 
132.450: Total time for which application threads were stopped: 0.0514030 seconds, Stopping threads took: 0.0000430 seconds
132.450: Application time: 0.0000610 seconds
132.450: [Full GC [PSYoungGen: 69120K->69114K(80384K)] [ParOldGen: 182777K->182777K(182784K)] 251897K->251891K(263168K) [PSPermGen: 13494K->13494K(21504K)], 0.0503970 secs] [Times: user=0.35 sys=0.00, real=0.05 secs] 
132.501: Total time for which application threads were stopped: 0.0507990 seconds, Stopping threads took: 0.0000080 seconds
132.501: Application time: 0.0000560 seconds
132.501: [Full GC [PSYoungGen: 69120K->69114K(80384K)] [ParOldGen: 182777K->182777K(182784K)] 251897K->251891K(263168K) [PSPermGen: 13494K->13494K(21504K)], 0.0502740 secs] [Times: user=0.35 sys=0.00, real=0.05 secs] 
132.552: Total time for which application threads were stopped: 0.0506740 seconds, Stopping threads took: 0.0000180 seconds
132.552: Application time: 0.0000620 seconds
132.552: [Full GC [PSYoungGen: 69120K->69114K(80384K)] [ParOldGen: 182777K->182777K(182784K)] 251897K->251892K(263168K) [PSPermGen: 13494K->13494K(21504K)], 0.0505380 secs] [Times: user=0.35 sys=0.00, real=0.05 secs] 
132.603: Total time for which application threads were stopped: 0.0509600 seconds, Stopping threads took: 0.0000360 seconds
132.603: Application time: 0.0000600 seconds
132.603: [Full GC [PSYoungGen: 69120K->69113K(80384K)] [ParOldGen: 182777K->182777K(182784K)] 251897K->251891K(263168K) [PSPermGen: 13494K->13494K(21504K)], 0.0504610 secs] [Times: user=0.35 sys=0.00, real=0.05 secs] 
132.653: Total time for which application threads were stopped: 0.0508790 seconds, Stopping threads took: 0.0000160 seconds
132.654: Application time: 0.0000520 seconds
132.654: [Full GC [PSYoungGen: 69120K->69114K(80384K)] [ParOldGen: 182777K->182777K(182784K)] 251897K->251891K(263168K) [PSPermGen: 13494K->13494K(21504K)], 0.0504460 secs] [Times: user=0.35 sys=0.00, real=0.05 secs] 
132.704: Total time for which application threads were stopped: 0.0508480 seconds, Stopping threads took: 0.0000180 seconds
132.704: Application time: 0.0000590 seconds
132.705: [Full GC [PSYoungGen: 69120K->69113K(80384K)] [ParOldGen: 182777K->182777K(182784K)] 251897K->251891K(263168K) [PSPermGen: 13494K->13494K(21504K)], 0.0504960 secs] [Times: user=0.35 sys=0.00, real=0.05 secs] 
132.755: Total time for which application threads were stopped: 0.0509280 seconds, Stopping threads took: 0.0000320 seconds
132.755: Application time: 0.0000570 seconds
132.756: [Full GC [PSYoungGen: 69120K->69114K(80384K)] [ParOldGen: 182777K->182777K(182784K)] 251897K->251891K(263168K) [PSPermGen: 13494K->13494K(21504K)], 0.0504010 secs] [Times: user=0.35 sys=0.00, real=0.05 secs] 
132.806: Total time for which application threads were stopped: 0.0508900 seconds, Stopping threads took: 0.0001020 seconds
132.806: Application time: 0.0000560 seconds
132.807: [Full GC [PSYoungGen: 69120K->69114K(80384K)] [ParOldGen: 182777K->182777K(182784K)] 251897K->251891K(263168K) [PSPermGen: 13494K->13494K(21504K)], 0.0505640 secs] [Times: user=0.35 sys=0.00, real=0.06 secs] 
132.857: Total time for which application threads were stopped: 0.0510120 seconds, Stopping threads took: 0.0000630 seconds
132.857: Application time: 0.0000530 seconds
132.858: [Full GC [PSYoungGen: 69120K->69113K(80384K)] [ParOldGen: 182777K->182777K(182784K)] 251897K->251891K(263168K) [PSPermGen: 13494K->13494K(21504K)], 0.0506130 secs] [Times: user=0.35 sys=0.00, real=0.04 secs] 
132.908: Total time for which application threads were stopped: 0.0510490 seconds, Stopping threads took: 0.0000530 seconds
132.909: Application time: 0.0000390 seconds
132.909: [Full GC [PSYoungGen: 69119K->69114K(80384K)] [ParOldGen: 182777K->182777K(182784K)] 251897K->251891K(263168K) [PSPermGen: 13494K->13494K(21504K)], 0.0505640 secs] [Times: user=0.35 sys=0.00, real=0.05 secs] 
132.959: Total time for which application threads were stopped: 0.0509560 seconds, Stopping threads took: 0.0000070 seconds
132.960: Application time: 0.0000480 seconds
132.960: [Full GC [PSYoungGen: 69120K->69114K(80384K)] [ParOldGen: 182777K->182777K(182784K)] 251897K->251891K(263168K) [PSPermGen: 13494K->13494K(21504K)], 0.0503390 secs] [Times: user=0.35 sys=0.01, real=0.05 secs] 
133.010: Total time for which application threads were stopped: 0.0507580 seconds, Stopping threads took: 0.0000450 seconds
133.010: Application time: 0.0000530 seconds
133.011: [Full GC [PSYoungGen: 69120K->69114K(80384K)] [ParOldGen: 182777K->182777K(182784K)] 251897K->251891K(263168K) [PSPermGen: 13494K->13494K(21504K)], 0.0504520 secs] [Times: user=0.35 sys=0.00, real=0.05 secs] 
133.061: Total time for which application threads were stopped: 0.0508700 seconds, Stopping threads took: 0.0000380 seconds
133.061: Application time: 0.0000720 seconds
133.062: [Full GC [PSYoungGen: 69120K->69114K(80384K)] [ParOldGen: 182777K->182777K(182784K)] 251897K->251892K(263168K) [PSPermGen: 13494K->13494K(21504K)], 0.0503310 secs] [Times: user=0.35 sys=0.00, real=0.05 secs] 
133.112: Total time for which application threads were stopped: 0.0507190 seconds, Stopping threads took: 0.0000080 seconds
133.112: Application time: 0.0000560 seconds
133.112: [Full GC [PSYoungGen: 69120K->69114K(80384K)] [ParOldGen: 182777K->182777K(182784K)] 251897K->251892K(263168K) [PSPermGen: 13494K->13494K(21504K)], 0.0506220 secs] [Times: user=0.35 sys=0.00, real=0.05 secs] 
133.163: Total time for which application threads were stopped: 0.0510490 seconds, Stopping threads took: 0.0000290 seconds
133.163: Application time: 0.0000570 seconds
133.164: [Full GC [PSYoungGen: 69120K->69114K(80384K)] [ParOldGen: 182777K->182777K(182784K)] 251897K->251892K(263168K) [PSPermGen: 13494K->13494K(21504K)], 0.0508210 secs] [Times: user=0.35 sys=0.00, real=0.05 secs] 
133.214: Total time for which application threads were stopped: 0.0512280 seconds, Stopping threads took: 0.0000300 seconds
133.214: Application time: 0.0000580 seconds
133.215: [Full GC [PSYoungGen: 69120K->69114K(80384K)] [ParOldGen: 182777K->182777K(182784K)] 251897K->251891K(263168K) [PSPermGen: 13494K->13494K(21504K)], 0.0507320 secs] [Times: user=0.35 sys=0.00, real=0.05 secs] 
133.266: Total time for which application threads were stopped: 0.0511520 seconds, Stopping threads took: 0.0000390 seconds
133.266: Application time: 0.0000680 seconds
133.266: [Full GC [PSYoungGen: 69120K->69114K(80384K)] [ParOldGen: 182777K->182777K(182784K)] 251897K->251891K(263168K) [PSPermGen: 13494K->13494K(21504K)], 0.0504140 secs] [Times: user=0.35 sys=0.00, real=0.05 secs] 
133.317: Total time for which application threads were stopped: 0.0508210 seconds, Stopping threads took: 0.0000260 seconds
133.317: Application time: 0.0000440 seconds
133.317: [Full GC [PSYoungGen: 69120K->69114K(80384K)] [ParOldGen: 182777K->182777K(182784K)] 251897K->251891K(263168K) [PSPermGen: 13494K->13494K(21504K)], 0.0505120 secs] [Times: user=0.35 sys=0.00, real=0.04 secs] 
133.368: Total time for which application threads were stopped: 0.0509460 seconds, Stopping threads took: 0.0000540 seconds
133.368: Application time: 0.0000530 seconds
133.368: [Full GC [PSYoungGen: 69120K->69114K(80384K)] [ParOldGen: 182777K->182777K(182784K)] 251897K->251892K(263168K) [PSPermGen: 13494K->13494K(21504K)], 0.0507470 secs] [Times: user=0.35 sys=0.00, real=0.06 secs] 
133.419: Total time for which application threads were stopped: 0.0511370 seconds, Stopping threads took: 0.0000090 seconds
133.419: Application time: 0.0000710 seconds
133.419: [Full GC [PSYoungGen: 69120K->69115K(80384K)] [ParOldGen: 182777K->182777K(182784K)] 251897K->251892K(263168K) [PSPermGen: 13494K->13494K(21504K)], 0.0506610 secs] [Times: user=0.35 sys=0.00, real=0.05 secs] 
133.470: Total time for which application threads were stopped: 0.0510600 seconds, Stopping threads took: 0.0000060 seconds
133.470: Application time: 0.0000660 seconds
133.470: [Full GC [PSYoungGen: 69120K->69115K(80384K)] [ParOldGen: 182777K->182777K(182784K)] 251897K->251892K(263168K) [PSPermGen: 13494K->13494K(21504K)], 0.0504470 secs] [Times: user=0.34 sys=0.00, real=0.05 secs] 
133.521: Total time for which application threads were stopped: 0.0508570 seconds, Stopping threads took: 0.0000290 seconds
133.521: Application time: 0.0000540 seconds
133.521: [Full GC [PSYoungGen: 69120K->69115K(80384K)] [ParOldGen: 182777K->182777K(182784K)] 251897K->251892K(263168K) [PSPermGen: 13494K->13494K(21504K)], 0.0519540 secs] [Times: user=0.36 sys=0.00, real=0.05 secs] 
133.573: Total time for which application threads were stopped: 0.0523550 seconds, Stopping threads took: 0.0000100 seconds
133.573: Application time: 0.0000620 seconds
133.574: [Full GC [PSYoungGen: 69120K->69115K(80384K)] [ParOldGen: 182777K->182777K(182784K)] 251897K->251892K(263168K) [PSPermGen: 13494K->13494K(21504K)], 0.0526610 secs] [Times: user=0.37 sys=0.00, real=0.05 secs] 
133.626: Total time for which application threads were stopped: 0.0530700 seconds, Stopping threads took: 0.0000310 seconds
133.626: Application time: 0.0000650 seconds
133.627: [Full GC [PSYoungGen: 69120K->69115K(80384K)] [ParOldGen: 182777K->182777K(182784K)] 251897K->251892K(263168K) [PSPermGen: 13494K->13494K(21504K)], 0.0506620 secs] [Times: user=0.35 sys=0.00, real=0.06 secs] 
133.677: Total time for which application threads were stopped: 0.0511350 seconds, Stopping threads took: 0.0000530 seconds
133.678: Application time: 0.0000590 seconds
133.678: [Full GC [PSYoungGen: 69120K->69115K(80384K)] [ParOldGen: 182777K->182777K(182784K)] 251897K->251893K(263168K) [PSPermGen: 13494K->13494K(21504K)], 0.0506370 secs] [Times: user=0.35 sys=0.00, real=0.04 secs] 
133.729: Total time for which application threads were stopped: 0.0510450 seconds, Stopping threads took: 0.0000190 seconds
133.729: Application time: 0.0000620 seconds
133.729: [Full GC [PSYoungGen: 69120K->69115K(80384K)] [ParOldGen: 182777K->182777K(182784K)] 251897K->251892K(263168K) [PSPermGen: 13494K->13494K(21504K)], 0.0505040 secs] [Times: user=0.35 sys=0.01, real=0.05 secs] 
133.780: Total time for which application threads were stopped: 0.0509080 seconds, Stopping threads took: 0.0000240 seconds
133.780: Application time: 0.0000730 seconds
133.780: [Full GC [PSYoungGen: 69120K->69115K(80384K)] [ParOldGen: 182777K->182777K(182784K)] 251897K->251892K(263168K) [PSPermGen: 13494K->13494K(21504K)], 0.0505900 secs] [Times: user=0.35 sys=0.00, real=0.05 secs] 
133.831: Total time for which application threads were stopped: 0.0509980 seconds, Stopping threads took: 0.0000080 seconds
133.831: Application time: 0.0000510 seconds
133.831: [Full GC [PSYoungGen: 69120K->69115K(80384K)] [ParOldGen: 182777K->182777K(182784K)] 251897K->251893K(263168K) [PSPermGen: 13494K->13494K(21504K)], 0.0519420 secs] [Times: user=0.35 sys=0.00, real=0.05 secs] 
133.883: Total time for which application threads were stopped: 0.0523390 seconds, Stopping threads took: 0.0000200 seconds
133.883: Application time: 0.0000700 seconds
133.883: [Full GC [PSYoungGen: 69120K->69115K(80384K)] [ParOldGen: 182777K->182777K(182784K)] 251897K->251893K(263168K) [PSPermGen: 13494K->13494K(21504K)], 0.0510820 secs] [Times: user=0.36 sys=0.00, real=0.05 secs] 
133.935: Total time for which application threads were stopped: 0.0514820 seconds, Stopping threads took: 0.0000190 seconds
133.935: Application time: 0.0000610 seconds
133.935: [Full GC [PSYoungGen: 69120K->69115K(80384K)] [ParOldGen: 182777K->182777K(182784K)] 251897K->251893K(263168K) [PSPermGen: 13494K->13494K(21504K)], 0.0507040 secs] [Times: user=0.35 sys=0.00, real=0.05 secs] 
133.986: Total time for which application threads were stopped: 0.0511120 seconds, Stopping threads took: 0.0000310 seconds
133.986: Application time: 0.0000510 seconds
133.986: [Full GC [PSYoungGen: 69120K->69115K(80384K)] [ParOldGen: 182777K->182777K(182784K)] 251897K->251893K(263168K) [PSPermGen: 13494K->13494K(21504K)], 0.0507680 secs] [Times: user=0.35 sys=0.00, real=0.06 secs] 
134.037: Total time for which application threads were stopped: 0.0511730 seconds, Stopping threads took: 0.0000230 seconds
134.037: Application time: 0.0000420 seconds
134.037: [Full GC [PSYoungGen: 69120K->69116K(80384K)] [ParOldGen: 182777K->182777K(182784K)] 251897K->251893K(263168K) [PSPermGen: 13494K->13494K(21504K)], 0.0504530 secs] [Times: user=0.35 sys=0.00, real=0.04 secs] 
134.088: Total time for which application threads were stopped: 0.0508540 seconds, Stopping threads took: 0.0000230 seconds
134.088: Application time: 0.0000530 seconds
134.088: [Full GC [PSYoungGen: 69120K->69115K(80384K)] [ParOldGen: 182777K->182777K(182784K)] 251897K->251893K(263168K) [PSPermGen: 13494K->13494K(21504K)], 0.0505930 secs] [Times: user=0.35 sys=0.00, real=0.06 secs] 
134.139: Total time for which application threads were stopped: 0.0510100 seconds, Stopping threads took: 0.0000320 seconds
134.139: Application time: 0.0000520 seconds
134.139: [Full GC [PSYoungGen: 69120K->69116K(80384K)] [ParOldGen: 182777K->182777K(182784K)] 251897K->251893K(263168K) [PSPermGen: 13494K->13494K(21504K)], 0.0503650 secs] [Times: user=0.35 sys=0.00, real=0.05 secs] 
134.190: Total time for which application threads were stopped: 0.0507720 seconds, Stopping threads took: 0.0000080 seconds
134.190: Application time: 0.0000920 seconds
134.190: [Full GC [PSYoungGen: 69120K->69116K(80384K)] [ParOldGen: 182777K->182777K(182784K)] 251897K->251893K(263168K) [PSPermGen: 13494K->13494K(21504K)], 0.0504900 secs] [Times: user=0.35 sys=0.00, real=0.05 secs] 
134.241: Total time for which application threads were stopped: 0.0508890 seconds, Stopping threads took: 0.0000200 seconds
134.241: Application time: 0.0000410 seconds
134.241: [Full GC [PSYoungGen: 69120K->69116K(80384K)] [ParOldGen: 182777K->182777K(182784K)] 251897K->251893K(263168K) [PSPermGen: 13494K->13494K(21504K)], 0.0503800 secs] [Times: user=0.35 sys=0.00, real=0.05 secs] 
134.292: Total time for which application threads were stopped: 0.0507930 seconds, Stopping threads took: 0.0000250 seconds
134.292: Application time: 0.0000560 seconds
134.292: [Full GC [PSYoungGen: 69120K->69116K(80384K)] [ParOldGen: 182777K->182777K(182784K)] 251897K->251894K(263168K) [PSPermGen: 13494K->13494K(21504K)], 0.0505640 secs] [Times: user=0.35 sys=0.00, real=0.05 secs] 
134.343: Total time for which application threads were stopped: 0.0509560 seconds, Stopping threads took: 0.0000080 seconds
134.343: Application time: 0.0000580 seconds
134.343: [Full GC [PSYoungGen: 69120K->69116K(80384K)] [ParOldGen: 182777K->182777K(182784K)] 251897K->251894K(263168K) [PSPermGen: 13494K->13494K(21504K)], 0.0507950 secs] [Times: user=0.35 sys=0.00, real=0.05 secs] 
134.394: Total time for which application threads were stopped: 0.0512150 seconds, Stopping threads took: 0.0000370 seconds
134.394: Application time: 0.0000390 seconds
134.394: [Full GC [PSYoungGen: 69120K->69116K(80384K)] [ParOldGen: 182777K->182777K(182784K)] 251897K->251894K(263168K) [PSPermGen: 13494K->13494K(21504K)], 0.0502720 secs] [Times: user=0.35 sys=0.00, real=0.05 secs] 
134.445: Total time for which application threads were stopped: 0.0506870 seconds, Stopping threads took: 0.0000260 seconds
134.445: Application time: 0.0000540 seconds
134.445: [Full GC [PSYoungGen: 69120K->69116K(80384K)] [ParOldGen: 182777K->182777K(182784K)] 251897K->251893K(263168K) [PSPermGen: 13494K->13494K(21504K)], 0.0504770 secs] [Times: user=0.35 sys=0.00, real=0.05 secs] 
134.496: Total time for which application threads were stopped: 0.0508820 seconds, Stopping threads took: 0.0000170 seconds
134.496: Application time: 0.0000490 seconds
134.496: [Full GC [PSYoungGen: 69120K->69116K(80384K)] [ParOldGen: 182777K->182777K(182784K)] 251897K->251893K(263168K) [PSPermGen: 13494K->13494K(21504K)], 0.0505240 secs] [Times: user=0.35 sys=0.00, real=0.05 secs] 
134.547: Total time for which application threads were stopped: 0.0509190 seconds, Stopping threads took: 0.0000170 seconds
134.547: Application time: 0.0000400 seconds
134.547: [Full GC [PSYoungGen: 69120K->69116K(80384K)] [ParOldGen: 182777K->182777K(182784K)] 251897K->251893K(263168K) [PSPermGen: 13494K->13494K(21504K)], 0.0525050 secs] [Times: user=0.36 sys=0.00, real=0.06 secs] 
134.599: Total time for which application threads were stopped: 0.0529210 seconds, Stopping threads took: 0.0000390 seconds
134.600: Application time: 0.0000510 seconds
134.600: [Full GC [PSYoungGen: 69120K->69116K(80384K)] [ParOldGen: 182777K->182777K(182784K)] 251897K->251894K(263168K) [PSPermGen: 13494K->13494K(21504K)], 0.0520990 secs] [Times: user=0.37 sys=0.00, real=0.05 secs] 
134.652: Total time for which application threads were stopped: 0.0525060 seconds, Stopping threads took: 0.0000210 seconds
134.652: Application time: 0.0000380 seconds
134.652: [Full GC [PSYoungGen: 69120K->69116K(80384K)] [ParOldGen: 182777K->182777K(182784K)] 251897K->251893K(263168K) [PSPermGen: 13494K->13494K(21504K)], 0.0503770 secs] [Times: user=0.35 sys=0.00, real=0.05 secs] 
134.703: Total time for which application threads were stopped: 0.0508150 seconds, Stopping threads took: 0.0000380 seconds
134.703: Application time: 0.0000440 seconds
134.703: [Full GC [PSYoungGen: 69120K->69116K(80384K)] [ParOldGen: 182777K->182777K(182784K)] 251897K->251893K(263168K) [PSPermGen: 13494K->13494K(21504K)], 0.0523770 secs] [Times: user=0.36 sys=0.00, real=0.05 secs] 
134.756: Total time for which application threads were stopped: 0.0527690 seconds, Stopping threads took: 0.0000110 seconds
134.756: Application time: 0.0000490 seconds
134.756: [Full GC [PSYoungGen: 69120K->69116K(80384K)] [ParOldGen: 182777K->182777K(182784K)] 251897K->251894K(263168K) [PSPermGen: 13494K->13494K(21504K)], 0.0507370 secs] [Times: user=0.35 sys=0.01, real=0.05 secs] 
134.807: Total time for which application threads were stopped: 0.0511280 seconds, Stopping threads took: 0.0000070 seconds
134.807: Application time: 0.0000630 seconds
134.807: [Full GC [PSYoungGen: 69120K->69116K(80384K)] [ParOldGen: 182777K->182777K(182784K)] 251897K->251894K(263168K) [PSPermGen: 13494K->13494K(21504K)], 0.0504830 secs] [Times: user=0.35 sys=0.00, real=0.06 secs] 
134.858: Total time for which application threads were stopped: 0.0508940 seconds, Stopping threads took: 0.0000300 seconds
134.858: Application time: 0.0000650 seconds
134.858: [Full GC [PSYoungGen: 69120K->69117K(80384K)] [ParOldGen: 182777K->182777K(182784K)] 251897K->251894K(263168K) [PSPermGen: 13494K->13494K(21504K)], 0.0509510 secs] [Times: user=0.35 sys=0.00, real=0.05 secs] 
134.909: Total time for which application threads were stopped: 0.0513390 seconds, Stopping threads took: 0.0000070 seconds
134.909: Application time: 0.0000470 seconds
134.910: [Full GC [PSYoungGen: 69120K->69117K(80384K)] [ParOldGen: 182777K->182777K(182784K)] 251897K->251894K(263168K) [PSPermGen: 13494K->13494K(21504K)], 0.0506870 secs] [Times: user=0.35 sys=0.00, real=0.05 secs] 
134.960: Total time for which application threads were stopped: 0.0510850 seconds, Stopping threads took: 0.0000190 seconds
134.960: Application time: 0.0000460 seconds
134.961: [Full GC [PSYoungGen: 69120K->69117K(80384K)] [ParOldGen: 182777K->182777K(182784K)] 251897K->251894K(263168K) [PSPermGen: 13494K->13494K(21504K)], 0.0505050 secs] [Times: user=0.35 sys=0.00, real=0.05 secs] 
135.011: Total time for which application threads were stopped: 0.0509360 seconds, Stopping threads took: 0.0000400 seconds
135.011: Application time: 0.0000530 seconds
135.012: [Full GC [PSYoungGen: 69120K->69117K(80384K)] [ParOldGen: 182777K->182777K(182784K)] 251897K->251894K(263168K) [PSPermGen: 13494K->13494K(21504K)], 0.0506500 secs] [Times: user=0.35 sys=0.00, real=0.05 secs] 
135.063: Total time for which application threads were stopped: 0.0510620 seconds, Stopping threads took: 0.0000310 seconds
135.063: Application time: 0.0000400 seconds
135.063: [Full GC [PSYoungGen: 69120K->69117K(80384K)] [ParOldGen: 182777K->182777K(182784K)] 251897K->251894K(263168K) [PSPermGen: 13494K->13494K(21504K)], 0.0509650 secs] [Times: user=0.35 sys=0.00, real=0.05 secs] 
135.114: Total time for which application threads were stopped: 0.0513550 seconds, Stopping threads took: 0.0000080 seconds
135.114: Application time: 0.0000900 seconds
135.114: [Full GC [PSYoungGen: 69120K->69117K(80384K)] [ParOldGen: 182777K->182777K(182784K)] 251897K->251894K(263168K) [PSPermGen: 13494K->13494K(21504K)], 0.0529770 secs] [Times: user=0.36 sys=0.00, real=0.05 secs] 
135.167: Total time for which application threads were stopped: 0.0533700 seconds, Stopping threads took: 0.0000080 seconds
135.167: Application time: 0.0000510 seconds
135.168: [Full GC [PSYoungGen: 69120K->69117K(80384K)] [ParOldGen: 182777K->182777K(182784K)] 251897K->251894K(263168K) [PSPermGen: 13494K->13494K(21504K)], 0.0505200 secs] [Times: user=0.34 sys=0.01, real=0.06 secs] 
135.218: Total time for which application threads were stopped: 0.0509690 seconds, Stopping threads took: 0.0000400 seconds
135.218: Application time: 0.0000410 seconds
135.219: [Full GC [PSYoungGen: 69120K->69117K(80384K)] [ParOldGen: 182777K->182777K(182784K)] 251897K->251894K(263168K) [PSPermGen: 13494K->13494K(21504K)], 0.0517950 secs] [Times: user=0.36 sys=0.00, real=0.05 secs] 
135.271: Total time for which application threads were stopped: 0.0522050 seconds, Stopping threads took: 0.0000320 seconds
135.271: Application time: 0.0000440 seconds
135.271: [Full GC [PSYoungGen: 69120K->69117K(80384K)] [ParOldGen: 182777K->182777K(182784K)] 251897K->251895K(263168K) [PSPermGen: 13494K->13494K(21504K)], 0.0508380 secs] [Times: user=0.35 sys=0.00, real=0.05 secs] 
135.322: Total time for which application threads were stopped: 0.0512500 seconds, Stopping threads took: 0.0000290 seconds
135.322: Application time: 0.0000510 seconds
135.322: [Full GC [PSYoungGen: 69120K->69117K(80384K)] [ParOldGen: 182777K->182777K(182784K)] 251897K->251895K(263168K) [PSPermGen: 13494K->13494K(21504K)], 0.0506680 secs] [Times: user=0.35 sys=0.01, real=0.05 secs] 
135.373: Total time for which application threads were stopped: 0.0510750 seconds, Stopping threads took: 0.0000270 seconds
135.373: Application time: 0.0000530 seconds
135.373: [Full GC [PSYoungGen: 69120K->69117K(80384K)] [ParOldGen: 182777K->182777K(182784K)] 251897K->251895K(263168K) [PSPermGen: 13494K->13494K(21504K)], 0.0505760 secs] [Times: user=0.35 sys=0.00, real=0.05 secs] 
135.424: Total time for which application threads were stopped: 0.0509700 seconds, Stopping threads took: 0.0000070 seconds
135.424: Application time: 0.0000640 seconds
135.425: [Full GC [PSYoungGen: 69119K->69117K(80384K)] [ParOldGen: 182777K->182777K(182784K)] 251897K->251895K(263168K) [PSPermGen: 13494K->13494K(21504K)], 0.0523860 secs] [Times: user=0.37 sys=0.00, real=0.06 secs] 
135.477: Total time for which application threads were stopped: 0.0528100 seconds, Stopping threads took: 0.0000420 seconds
135.477: Application time: 0.0000540 seconds
135.477: [Full GC [PSYoungGen: 69120K->69117K(80384K)] [ParOldGen: 182777K->182777K(182784K)] 251897K->251895K(263168K) [PSPermGen: 13494K->13494K(21504K)], 0.0506380 secs] [Times: user=0.34 sys=0.00, real=0.04 secs] 
135.528: Total time for which application threads were stopped: 0.0510330 seconds, Stopping threads took: 0.0000170 seconds
135.528: Application time: 0.0000530 seconds
135.528: [Full GC [PSYoungGen: 69120K->69117K(80384K)] [ParOldGen: 182777K->182777K(182784K)] 251897K->251895K(263168K) [PSPermGen: 13494K->13494K(21504K)], 0.0504040 secs] [Times: user=0.35 sys=0.00, real=0.06 secs] 
135.579: Total time for which application threads were stopped: 0.0508040 seconds, Stopping threads took: 0.0000220 seconds
135.579: Application time: 0.0000430 seconds
135.579: [Full GC [PSYoungGen: 69120K->69118K(80384K)] [ParOldGen: 182777K->182777K(182784K)] 251897K->251895K(263168K) [PSPermGen: 13494K->13494K(21504K)], 0.0510680 secs] [Times: user=0.35 sys=0.00, real=0.05 secs] 
135.630: Total time for which application threads were stopped: 0.0514670 seconds, Stopping threads took: 0.0000200 seconds
135.630: Application time: 0.0000550 seconds
135.631: [Full GC [PSYoungGen: 69120K->69118K(80384K)] [ParOldGen: 182777K->182777K(182784K)] 251897K->251895K(263168K) [PSPermGen: 13494K->13494K(21504K)], 0.0529170 secs] [Times: user=0.37 sys=0.00, real=0.05 secs] 
135.684: Total time for which application threads were stopped: 0.0533080 seconds, Stopping threads took: 0.0000070 seconds
135.684: Application time: 0.0000560 seconds
135.684: [Full GC [PSYoungGen: 69120K->69118K(80384K)] [ParOldGen: 182777K->182777K(182784K)] 251897K->251895K(263168K) [PSPermGen: 13494K->13494K(21504K)], 0.0524390 secs] [Times: user=0.36 sys=0.00, real=0.06 secs] 
135.737: Total time for which application threads were stopped: 0.0528560 seconds, Stopping threads took: 0.0000090 seconds
135.737: Application time: 0.0000560 seconds
135.737: [Full GC [PSYoungGen: 69120K->69118K(80384K)] [ParOldGen: 182777K->182777K(182784K)] 251897K->251895K(263168K) [PSPermGen: 13494K->13494K(21504K)], 0.0509160 secs] [Times: user=0.35 sys=0.00, real=0.04 secs] 
135.788: Total time for which application threads were stopped: 0.0513070 seconds, Stopping threads took: 0.0000070 seconds
135.788: Application time: 0.0000500 seconds
135.788: [Full GC [PSYoungGen: 69120K->69117K(80384K)] [ParOldGen: 182777K->182777K(182784K)] 251897K->251895K(263168K) [PSPermGen: 13494K->13494K(21504K)], 0.0506620 secs] [Times: user=0.35 sys=0.00, real=0.06 secs] 
135.839: Total time for which application threads were stopped: 0.0510630 seconds, Stopping threads took: 0.0000210 seconds
135.839: Application time: 0.0000480 seconds
135.840: [Full GC [PSYoungGen: 69120K->69118K(80384K)] [ParOldGen: 182777K->182777K(182784K)] 251897K->251895K(263168K) [PSPermGen: 13494K->13494K(21504K)], 0.0521120 secs] [Times: user=0.36 sys=0.00, real=0.05 secs] 
135.892: Total time for which application threads were stopped: 0.0525100 seconds, Stopping threads took: 0.0000210 seconds
135.892: Application time: 0.0000340 seconds
135.892: [Full GC [PSYoungGen: 69120K->69118K(80384K)] [ParOldGen: 182777K->182777K(182784K)] 251897K->251895K(263168K) [PSPermGen: 13494K->13494K(21504K)], 0.0523120 secs] [Times: user=0.36 sys=0.00, real=0.05 secs] 
135.944: Total time for which application threads were stopped: 0.0527130 seconds, Stopping threads took: 0.0000310 seconds
135.945: Application time: 0.0000370 seconds
135.945: [Full GC [PSYoungGen: 69120K->69118K(80384K)] [ParOldGen: 182777K->182777K(182784K)] 251897K->251896K(263168K) [PSPermGen: 13494K->13494K(21504K)], 0.0503290 secs] [Times: user=0.35 sys=0.00, real=0.05 secs] 
135.995: Total time for which application threads were stopped: 0.0507460 seconds, Stopping threads took: 0.0000190 seconds
135.995: Application time: 0.0000470 seconds
135.996: [Full GC [PSYoungGen: 69120K->69118K(80384K)] [ParOldGen: 182777K->182777K(182784K)] 251897K->251896K(263168K) [PSPermGen: 13494K->13494K(21504K)], 0.0505690 secs] [Times: user=0.35 sys=0.00, real=0.05 secs] 
136.046: Total time for which application threads were stopped: 0.0509650 seconds, Stopping threads took: 0.0000180 seconds
136.046: Application time: 0.0000390 seconds
136.047: [Full GC [PSYoungGen: 69120K->69118K(80384K)] [ParOldGen: 182777K->182777K(182784K)] 251897K->251896K(263168K) [PSPermGen: 13494K->13494K(21504K)], 0.0507330 secs] [Times: user=0.35 sys=0.00, real=0.06 secs] 
136.097: Total time for which application threads were stopped: 0.0511190 seconds, Stopping threads took: 0.0000070 seconds
136.097: Application time: 0.0000310 seconds
136.098: [Full GC [PSYoungGen: 69120K->69119K(80384K)] [ParOldGen: 182777K->182777K(182784K)] 251897K->251896K(263168K) [PSPermGen: 13494K->13494K(21504K)], 0.0506240 secs] [Times: user=0.35 sys=0.00, real=0.04 secs] 
136.148: Total time for which application threads were stopped: 0.0510140 seconds, Stopping threads took: 0.0000070 seconds
136.149: Application time: 0.0000360 seconds
136.149: [Full GC [PSYoungGen: 69120K->69119K(80384K)] [ParOldGen: 182777K->182777K(182784K)] 251897K->251896K(263168K) [PSPermGen: 13494K->13494K(21504K)], 0.0507340 secs] [Times: user=0.35 sys=0.00, real=0.05 secs] 
136.200: Total time for which application threads were stopped: 0.0511430 seconds, Stopping threads took: 0.0000200 seconds
136.200: Application time: 0.0000350 seconds
136.200: [Full GC [PSYoungGen: 69120K->69119K(80384K)] [ParOldGen: 182777K->182777K(182784K)] 251897K->251896K(263168K) [PSPermGen: 13494K->13494K(21504K)], 0.0529490 secs] [Times: user=0.37 sys=0.00, real=0.05 secs] 
136.253: Total time for which application threads were stopped: 0.0533810 seconds, Stopping threads took: 0.0000300 seconds
136.253: Application time: 0.0000390 seconds
136.253: [Full GC [PSYoungGen: 69120K->69119K(80384K)] [ParOldGen: 182777K->182777K(182784K)] 251897K->251896K(263168K) [PSPermGen: 13494K->13494K(21504K)], 0.0509040 secs] [Times: user=0.35 sys=0.01, real=0.05 secs] 
136.304: Total time for which application threads were stopped: 0.0513050 seconds, Stopping threads took: 0.0000110 seconds
136.304: Application time: 0.0000570 seconds
136.305: [Full GC [PSYoungGen: 69120K->69118K(80384K)] [ParOldGen: 182777K->182777K(182784K)] 251897K->251896K(263168K) [PSPermGen: 13494K->13494K(21504K)], 0.0525370 secs] [Times: user=0.36 sys=0.00, real=0.06 secs] 
136.357: Total time for which application threads were stopped: 0.0529360 seconds, Stopping threads took: 0.0000080 seconds
136.357: Application time: 0.0000380 seconds
136.358: [Full GC [PSYoungGen: 69120K->69118K(80384K)] [ParOldGen: 182777K->182777K(182784K)] 251897K->251896K(263168K) [PSPermGen: 13494K->13494K(21504K)], 0.0505620 secs] [Times: user=0.35 sys=0.00, real=0.04 secs] 
136.408: Total time for which application threads were stopped: 0.0509700 seconds, Stopping threads took: 0.0000250 seconds
136.408: Application time: 0.0000390 seconds
136.409: [Full GC [PSYoungGen: 69120K->69118K(80384K)] [ParOldGen: 182777K->182777K(182784K)] 251897K->251896K(263168K) [PSPermGen: 13494K->13494K(21504K)], 0.0505170 secs] [Times: user=0.35 sys=0.00, real=0.05 secs] 
136.459: Total time for which application threads were stopped: 0.0509300 seconds, Stopping threads took: 0.0000190 seconds
136.459: Application time: 0.0000520 seconds
136.460: [Full GC [PSYoungGen: 69120K->69118K(80384K)] [ParOldGen: 182777K->182777K(182784K)] 251897K->251896K(263168K) [PSPermGen: 13494K->13494K(21504K)], 0.0505160 secs] [Times: user=0.35 sys=0.00, real=0.05 secs] 
136.510: Total time for which application threads were stopped: 0.0509070 seconds, Stopping threads took: 0.0000080 seconds
136.510: Application time: 0.0000740 seconds
136.511: [Full GC [PSYoungGen: 69120K->69119K(80384K)] [ParOldGen: 182777K->182777K(182784K)] 251897K->251896K(263168K) [PSPermGen: 13494K->13494K(21504K)], 0.0511020 secs] [Times: user=0.35 sys=0.00, real=0.05 secs] 
136.562: Total time for which application threads were stopped: 0.0514880 seconds, Stopping threads took: 0.0000080 seconds
136.562: Application time: 0.0000740 seconds
136.562: [Full GC [PSYoungGen: 69120K->69119K(80384K)] [ParOldGen: 182777K->182777K(182784K)] 251897K->251896K(263168K) [PSPermGen: 13494K->13494K(21504K)], 0.0504860 secs] [Times: user=0.35 sys=0.00, real=0.05 secs] 
136.613: Total time for which application threads were stopped: 0.0508790 seconds, Stopping threads took: 0.0000090 seconds
136.613: Application time: 0.0000480 seconds
136.613: [Full GC [PSYoungGen: 69120K->69118K(80384K)] [ParOldGen: 182777K->182777K(182784K)] 251897K->251896K(263168K) [PSPermGen: 13494K->13494K(21504K)], 0.0521180 secs] [Times: user=0.37 sys=0.00, real=0.05 secs] 
136.665: Total time for which application threads were stopped: 0.0525190 seconds, Stopping threads took: 0.0000190 seconds
136.665: Application time: 0.0000380 seconds
136.666: [Full GC [PSYoungGen: 69120K->69119K(80384K)] [ParOldGen: 182777K->182777K(182784K)] 251897K->251896K(263168K) [PSPermGen: 13494K->13494K(21504K)], 0.0504180 secs] [Times: user=0.34 sys=0.00, real=0.05 secs] 
136.716: Total time for which application threads were stopped: 0.0508050 seconds, Stopping threads took: 0.0000070 seconds
136.716: Application time: 0.0000510 seconds
136.717: [Full GC [PSYoungGen: 69120K->69118K(80384K)] [ParOldGen: 182777K->182777K(182784K)] 251897K->251896K(263168K) [PSPermGen: 13494K->13494K(21504K)], 0.0508100 secs] [Times: user=0.35 sys=0.00, real=0.04 secs] 
136.768: Total time for which application threads were stopped: 0.0512390 seconds, Stopping threads took: 0.0000180 seconds
136.768: Application time: 0.0000540 seconds
136.768: [Full GC [PSYoungGen: 69120K->69118K(80384K)] [ParOldGen: 182777K->182777K(182784K)] 251897K->251896K(263168K) [PSPermGen: 13494K->13494K(21504K)], 0.0505900 secs] [Times: user=0.35 sys=0.00, real=0.06 secs] 
136.819: Total time for which application threads were stopped: 0.0509870 seconds, Stopping threads took: 0.0000090 seconds
136.819: Application time: 0.0000500 seconds
136.819: [Full GC [PSYoungGen: 69120K->69119K(80384K)] [ParOldGen: 182777K->182777K(182784K)] 251897K->251896K(263168K) [PSPermGen: 13494K->13494K(21504K)], 0.0506130 secs] [Times: user=0.35 sys=0.00, real=0.05 secs] 
136.870: Total time for which application threads were stopped: 0.0510060 seconds, Stopping threads took: 0.0000110 seconds
136.870: Application time: 0.0000460 seconds
136.870: [Full GC [PSYoungGen: 69120K->69119K(80384K)] [ParOldGen: 182777K->182777K(182784K)] 251897K->251896K(263168K) [PSPermGen: 13494K->13494K(21504K)], 0.0508140 secs] [Times: user=0.35 sys=0.00, real=0.05 secs] 
136.921: Total time for which application threads were stopped: 0.0512120 seconds, Stopping threads took: 0.0000260 seconds
136.921: Application time: 0.0000570 seconds
136.921: [Full GC [PSYoungGen: 69120K->69119K(80384K)] [ParOldGen: 182777K->182777K(182784K)] 251897K->251896K(263168K) [PSPermGen: 13494K->13494K(21504K)], 0.0507010 secs] [Times: user=0.35 sys=0.00, real=0.05 secs] 
136.972: Total time for which application threads were stopped: 0.0510930 seconds, Stopping threads took: 0.0000080 seconds
136.972: Application time: 0.0000390 seconds
136.972: [Full GC [PSYoungGen: 69120K->69119K(80384K)] [ParOldGen: 182777K->182777K(182784K)] 251897K->251896K(263168K) [PSPermGen: 13494K->13494K(21504K)], 0.0504600 secs] [Times: user=0.35 sys=0.00, real=0.05 secs] 
137.023: Total time for which application threads were stopped: 0.0508540 seconds, Stopping threads took: 0.0000110 seconds
137.023: Application time: 0.0000490 seconds
137.023: [Full GC [PSYoungGen: 69120K->69119K(80384K)] [ParOldGen: 182777K->182777K(182784K)] 251897K->251896K(263168K) [PSPermGen: 13494K->13494K(21504K)], 0.0505580 secs] [Times: user=0.35 sys=0.01, real=0.05 secs] 
137.074: Total time for which application threads were stopped: 0.0509630 seconds, Stopping threads took: 0.0000070 seconds
137.074: Application time: 0.0000620 seconds
137.074: [Full GC [PSYoungGen: 69120K->69119K(80384K)] [ParOldGen: 182777K->182777K(182784K)] 251897K->251896K(263168K) [PSPermGen: 13494K->13494K(21504K)], 0.0506540 secs] [Times: user=0.35 sys=0.00, real=0.05 secs] 
137.125: Total time for which application threads were stopped: 0.0510470 seconds, Stopping threads took: 0.0000080 seconds
137.125: Application time: 0.0000350 seconds
137.125: [Full GC [PSYoungGen: 69120K->69119K(80384K)] [ParOldGen: 182777K->182777K(182784K)] 251897K->251896K(263168K) [PSPermGen: 13494K->13494K(21504K)], 0.0504390 secs] [Times: user=0.35 sys=0.00, real=0.05 secs] 
137.176: Total time for which application threads were stopped: 0.0508320 seconds, Stopping threads took: 0.0000080 seconds
137.176: Application time: 0.0000500 seconds
137.176: [Full GC [PSYoungGen: 69120K->69119K(80384K)] [ParOldGen: 182777K->182777K(182784K)] 251897K->251896K(263168K) [PSPermGen: 13494K->13494K(21504K)], 0.0523200 secs] [Times: user=0.36 sys=0.00, real=0.06 secs] 
137.229: Total time for which application threads were stopped: 0.0527070 seconds, Stopping threads took: 0.0000080 seconds
137.229: Application time: 0.0000390 seconds
137.229: [Full GC [PSYoungGen: 69120K->69119K(80384K)] [ParOldGen: 182777K->182777K(182784K)] 251897K->251896K(263168K) [PSPermGen: 13494K->13494K(21504K)], 0.0507020 secs] [Times: user=0.35 sys=0.00, real=0.05 secs] 
137.280: Total time for which application threads were stopped: 0.0511140 seconds, Stopping threads took: 0.0000090 seconds
137.280: Application time: 0.0000540 seconds
137.280: [Full GC [PSYoungGen: 69120K->69119K(80384K)] [ParOldGen: 182777K->182777K(182784K)] 251897K->251896K(263168K) [PSPermGen: 13494K->13494K(21504K)], 0.0530450 secs] [Times: user=0.37 sys=0.00, real=0.05 secs] 
137.333: Total time for which application threads were stopped: 0.0534320 seconds, Stopping threads took: 0.0000080 seconds
137.333: Application time: 0.0000400 seconds
137.334: [Full GC [PSYoungGen: 69120K->69119K(80384K)] [ParOldGen: 182777K->182777K(182784K)] 251897K->251896K(263168K) [PSPermGen: 13494K->13494K(21504K)], 0.0504300 secs] [Times: user=0.35 sys=0.00, real=0.05 secs] 
137.384: Total time for which application threads were stopped: 0.0508410 seconds, Stopping threads took: 0.0000120 seconds
137.384: Application time: 0.0000310 seconds
137.385: [Full GC [PSYoungGen: 69120K->69119K(80384K)] [ParOldGen: 182777K->182777K(182784K)] 251897K->251896K(263168K) [PSPermGen: 13494K->13494K(21504K)], 0.0505630 secs] [Times: user=0.35 sys=0.00, real=0.05 secs] 
137.435: Total time for which application threads were stopped: 0.0509610 seconds, Stopping threads took: 0.0000120 seconds
137.435: Application time: 0.0000350 seconds
137.436: [Full GC [PSYoungGen: 69120K->69119K(80384K)] [ParOldGen: 182777K->182777K(182784K)] 251897K->251896K(263168K) [PSPermGen: 13494K->13494K(21504K)], 0.0508680 secs] [Times: user=0.35 sys=0.01, real=0.05 secs] 
137.487: Total time for which application threads were stopped: 0.0512510 seconds, Stopping threads took: 0.0000070 seconds
137.487: Application time: 0.0000460 seconds
137.487: [Full GC [PSYoungGen: 69120K->69119K(80384K)] [ParOldGen: 182777K->182777K(182784K)] 251897K->251896K(263168K) [PSPermGen: 13494K->13494K(21504K)], 0.0535640 secs] [Times: user=0.37 sys=0.00, real=0.06 secs] 
137.541: Total time for which application threads were stopped: 0.0539600 seconds, Stopping threads took: 0.0000110 seconds
137.541: Application time: 0.0000680 seconds
137.541: [Full GC [PSYoungGen: 69120K->69119K(80384K)] [ParOldGen: 182777K->182777K(182784K)] 251897K->251896K(263168K) [PSPermGen: 13494K->13494K(21504K)], 0.0516760 secs] [Times: user=0.36 sys=0.00, real=0.05 secs] 
137.593: Total time for which application threads were stopped: 0.0520780 seconds, Stopping threads took: 0.0000190 seconds
137.593: Application time: 0.0000980 seconds
137.593: [Full GC [PSYoungGen: 69120K->69119K(80384K)] [ParOldGen: 182777K->182777K(182784K)] 251897K->251896K(263168K) [PSPermGen: 13494K->13494K(21504K)], 0.0506730 secs] [Times: user=0.35 sys=0.00, real=0.05 secs] 
137.644: Total time for which application threads were stopped: 0.0510590 seconds, Stopping threads took: 0.0000070 seconds
137.644: Application time: 0.0000520 seconds
137.644: [Full GC [PSYoungGen: 69120K->69119K(80384K)] [ParOldGen: 182777K->182777K(182784K)] 251897K->251896K(263168K) [PSPermGen: 13494K->13494K(21504K)], 0.0507490 secs] [Times: user=0.35 sys=0.00, real=0.05 secs] 
137.695: Total time for which application threads were stopped: 0.0511420 seconds, Stopping threads took: 0.0000080 seconds
137.695: Application time: 0.0000550 seconds
137.695: [Full GC [PSYoungGen: 69120K->69119K(80384K)] [ParOldGen: 182777K->182777K(182784K)] 251897K->251897K(263168K) [PSPermGen: 13494K->13494K(21504K)], 0.0508730 secs] [Times: user=0.35 sys=0.00, real=0.05 secs] 
137.746: Total time for which application threads were stopped: 0.0512680 seconds, Stopping threads took: 0.0000070 seconds
137.746: Application time: 0.0000670 seconds
137.747: [Full GC [PSYoungGen: 69120K->69119K(80384K)] [ParOldGen: 182777K->182777K(182784K)] 251897K->251897K(263168K) [PSPermGen: 13494K->13494K(21504K)], 0.0528290 secs] [Times: user=0.36 sys=0.01, real=0.06 secs] 
137.800: Total time for which application threads were stopped: 0.0532370 seconds, Stopping threads took: 0.0000100 seconds
137.800: Application time: 0.0000530 seconds
137.800: [Full GC [PSYoungGen: 69120K->69119K(80384K)] [ParOldGen: 182777K->182777K(182784K)] 251897K->251897K(263168K) [PSPermGen: 13494K->13494K(21504K)], 0.0524220 secs] [Times: user=0.37 sys=0.00, real=0.05 secs] 
137.853: Total time for which application threads were stopped: 0.0528120 seconds, Stopping threads took: 0.0000090 seconds
137.853: Application time: 0.0000610 seconds
137.853: [Full GC [PSYoungGen: 69120K->69119K(80384K)] [ParOldGen: 182777K->182777K(182784K)] 251897K->251897K(263168K) [PSPermGen: 13494K->13494K(21504K)], 0.0526610 secs] [Times: user=0.36 sys=0.00, real=0.05 secs] 
137.906: Total time for which application threads were stopped: 0.0530490 seconds, Stopping threads took: 0.0000080 seconds
137.906: Application time: 0.0000510 seconds
137.906: [Full GC [PSYoungGen: 69120K->69119K(80384K)] [ParOldGen: 182777K->182777K(182784K)] 251897K->251897K(263168K) [PSPermGen: 13494K->13494K(21504K)], 0.0505900 secs] [Times: user=0.35 sys=0.00, real=0.06 secs] 
137.957: Total time for which application threads were stopped: 0.0509820 seconds, Stopping threads took: 0.0000090 seconds
137.957: Application time: 0.0000360 seconds
137.957: [Full GC [PSYoungGen: 69120K->69119K(80384K)] [ParOldGen: 182777K->182777K(182784K)] 251897K->251897K(263168K) [PSPermGen: 13494K->13494K(21504K)], 0.0506480 secs] [Times: user=0.35 sys=0.00, real=0.04 secs] 
138.008: Total time for which application threads were stopped: 0.0510430 seconds, Stopping threads took: 0.0000110 seconds
138.008: Application time: 0.0000330 seconds
138.008: [Full GC [PSYoungGen: 69120K->69119K(80384K)] [ParOldGen: 182777K->182777K(182784K)] 251897K->251897K(263168K) [PSPermGen: 13494K->13494K(21504K)], 0.0507720 secs] [Times: user=0.35 sys=0.00, real=0.06 secs] 
138.059: Total time for which application threads were stopped: 0.0511720 seconds, Stopping threads took: 0.0000080 seconds
138.059: Application time: 0.0000450 seconds
138.059: [Full GC [PSYoungGen: 69120K->69120K(80384K)] [ParOldGen: 182777K->182777K(182784K)] 251897K->251897K(263168K) [PSPermGen: 13494K->13494K(21504K)], 0.0522740 secs] [Times: user=0.37 sys=0.00, real=0.05 secs] 
138.112: Total time for which application threads were stopped: 0.0526640 seconds, Stopping threads took: 0.0000060 seconds
138.112: Application time: 0.0000610 seconds
138.112: [Full GC [PSYoungGen: 69120K->69119K(80384K)] [ParOldGen: 182779K->182777K(182784K)] 251899K->251897K(263168K) [PSPermGen: 13494K->13494K(21504K)], 0.0534930 secs] [Times: user=0.37 sys=0.00, real=0.05 secs] 
138.166: Total time for which application threads were stopped: 0.0538770 seconds, Stopping threads took: 0.0000080 seconds
138.166: Application time: 0.0000420 seconds
138.166: [Full GC [PSYoungGen: 69120K->69119K(80384K)] [ParOldGen: 182777K->182777K(182784K)] 251897K->251897K(263168K) [PSPermGen: 13494K->13494K(21504K)], 0.0505830 secs] [Times: user=0.35 sys=0.00, real=0.06 secs] 
138.217: Total time for which application threads were stopped: 0.0509740 seconds, Stopping threads took: 0.0000080 seconds
138.217: Application time: 0.0000520 seconds
138.217: [Full GC [PSYoungGen: 69120K->69119K(80384K)] [ParOldGen: 182777K->182777K(182784K)] 251897K->251897K(263168K) [PSPermGen: 13494K->13494K(21504K)], 0.0508990 secs] [Times: user=0.35 sys=0.00, real=0.04 secs] 
138.268: Total time for which application threads were stopped: 0.0512900 seconds, Stopping threads took: 0.0000080 seconds
138.268: Application time: 0.0000490 seconds
138.268: [Full GC [PSYoungGen: 69120K->69119K(80384K)] [ParOldGen: 182777K->182777K(182784K)] 251897K->251897K(263168K) [PSPermGen: 13494K->13494K(21504K)], 0.0520930 secs] [Times: user=0.37 sys=0.00, real=0.06 secs] 
138.321: Total time for which application threads were stopped: 0.0525170 seconds, Stopping threads took: 0.0000080 seconds
138.321: Application time: 0.0000580 seconds
138.321: [Full GC [PSYoungGen: 69120K->69119K(80384K)] [ParOldGen: 182777K->182777K(182784K)] 251897K->251897K(263168K) [PSPermGen: 13494K->13494K(21504K)], 0.0505080 secs] [Times: user=0.34 sys=0.01, real=0.05 secs] 
138.372: Total time for which application threads were stopped: 0.0509060 seconds, Stopping threads took: 0.0000110 seconds
138.372: Application time: 0.0000770 seconds
138.372: [Full GC [PSYoungGen: 69120K->69119K(80384K)] [ParOldGen: 182777K->182777K(182784K)] 251897K->251897K(263168K) [PSPermGen: 13494K->13494K(21504K)], 0.0503090 secs] [Times: user=0.35 sys=0.00, real=0.05 secs] 
138.422: Total time for which application threads were stopped: 0.0507360 seconds, Stopping threads took: 0.0000370 seconds
138.422: Application time: 0.0000420 seconds
138.423: [Full GC [PSYoungGen: 69120K->69119K(80384K)] [ParOldGen: 182777K->182777K(182784K)] 251897K->251897K(263168K) [PSPermGen: 13494K->13494K(21504K)], 0.0504950 secs] [Times: user=0.35 sys=0.00, real=0.05 secs] 
138.473: Total time for which application threads were stopped: 0.0508970 seconds, Stopping threads took: 0.0000090 seconds
138.473: Application time: 0.0000410 seconds
138.474: [Full GC [PSYoungGen: 69120K->69119K(80384K)] [ParOldGen: 182777K->182777K(182784K)] 251897K->251897K(263168K) [PSPermGen: 13494K->13494K(21504K)], 0.0504760 secs] [Times: user=0.35 sys=0.00, real=0.05 secs] 
138.524: Total time for which application threads were stopped: 0.0508750 seconds, Stopping threads took: 0.0000180 seconds
138.524: Application time: 0.0000330 seconds
138.525: [Full GC [PSYoungGen: 69120K->69119K(80384K)] [ParOldGen: 182777K->182777K(182784K)] 251897K->251897K(263168K) [PSPermGen: 13494K->13494K(21504K)], 0.0505290 secs] [Times: user=0.35 sys=0.00, real=0.05 secs] 
138.575: Total time for which application threads were stopped: 0.0509160 seconds, Stopping threads took: 0.0000080 seconds
138.575: Application time: 0.0000320 seconds
138.576: [Full GC [PSYoungGen: 69120K->69119K(80384K)] [ParOldGen: 182777K->182777K(182784K)] 251897K->251897K(263168K) [PSPermGen: 13494K->13494K(21504K)], 0.0505200 secs] [Times: user=0.35 sys=0.00, real=0.05 secs] 
138.626: Total time for which application threads were stopped: 0.0509140 seconds, Stopping threads took: 0.0000140 seconds
138.626: Application time: 0.0000280 seconds
138.627: [Full GC [PSYoungGen: 69120K->69119K(80384K)] [ParOldGen: 182777K->182777K(182784K)] 251897K->251897K(263168K) [PSPermGen: 13494K->13494K(21504K)], 0.0525420 secs] [Times: user=0.37 sys=0.00, real=0.06 secs] 
138.679: Total time for which application threads were stopped: 0.0529530 seconds, Stopping threads took: 0.0000130 seconds
138.679: Application time: 0.0000360 seconds
138.680: [Full GC [PSYoungGen: 69120K->69119K(80384K)] [ParOldGen: 182777K->182777K(182784K)] 251897K->251897K(263168K) [PSPermGen: 13494K->13494K(21504K)], 0.0507490 secs] [Times: user=0.35 sys=0.00, real=0.05 secs] 
138.730: Total time for which application threads were stopped: 0.0511620 seconds, Stopping threads took: 0.0000090 seconds
138.730: Application time: 0.0000500 seconds
138.731: [Full GC [PSYoungGen: 69120K->69119K(80384K)] [ParOldGen: 182777K->182777K(182784K)] 251897K->251896K(263168K) [PSPermGen: 13494K->13494K(21504K)], 0.0504940 secs] [Times: user=0.34 sys=0.01, real=0.05 secs] 
138.781: Total time for which application threads were stopped: 0.0509020 seconds, Stopping threads took: 0.0000290 seconds
138.781: Application time: 0.0000500 seconds
138.782: [Full GC [PSYoungGen: 69120K->69119K(80384K)] [ParOldGen: 182777K->182777K(182784K)] 251897K->251896K(263168K) [PSPermGen: 13494K->13494K(21504K)], 0.0504710 secs] [Times: user=0.35 sys=0.00, real=0.05 secs] 
138.832: Total time for which application threads were stopped: 0.0509200 seconds, Stopping threads took: 0.0000170 seconds
138.832: Application time: 0.0000310 seconds
138.833: [Full GC [PSYoungGen: 69120K->69118K(80384K)] [ParOldGen: 182777K->182777K(182784K)] 251897K->251896K(263168K) [PSPermGen: 13494K->13494K(21504K)], 0.0506340 secs] [Times: user=0.35 sys=0.00, real=0.05 secs] 
138.883: Total time for which application threads were stopped: 0.0510320 seconds, Stopping threads took: 0.0000070 seconds
138.883: Application time: 0.0000520 seconds
138.884: [Full GC [PSYoungGen: 69120K->69119K(80384K)] [ParOldGen: 182777K->182777K(182784K)] 251897K->251896K(263168K) [PSPermGen: 13494K->13494K(21504K)], 0.0523840 secs] [Times: user=0.36 sys=0.00, real=0.05 secs] 
138.936: Total time for which application threads were stopped: 0.0527930 seconds, Stopping threads took: 0.0000100 seconds
138.936: Application time: 0.0000340 seconds
138.937: [Full GC [PSYoungGen: 69120K->69118K(80384K)] [ParOldGen: 182777K->182777K(182784K)] 251897K->251896K(263168K) [PSPermGen: 13494K->13494K(21504K)], 0.0507060 secs] [Times: user=0.35 sys=0.00, real=0.05 secs] 
138.987: Total time for which application threads were stopped: 0.0511180 seconds, Stopping threads took: 0.0000120 seconds
138.987: Application time: 0.0000430 seconds
138.988: [Full GC [PSYoungGen: 69120K->69119K(80384K)] [ParOldGen: 182777K->182777K(182784K)] 251897K->251896K(263168K) [PSPermGen: 13494K->13494K(21504K)], 0.0506360 secs] [Times: user=0.35 sys=0.00, real=0.06 secs] 
139.038: Total time for which application threads were stopped: 0.0510320 seconds, Stopping threads took: 0.0000060 seconds
139.038: Application time: 0.0000440 seconds
139.039: [Full GC [PSYoungGen: 69120K->69119K(80384K)] [ParOldGen: 182777K->182777K(182784K)] 251897K->251897K(263168K) [PSPermGen: 13494K->13494K(21504K)], 0.0504020 secs] [Times: user=0.35 sys=0.00, real=0.05 secs] 
139.089: Total time for which application threads were stopped: 0.0507820 seconds, Stopping threads took: 0.0000070 seconds
139.089: Application time: 0.0000290 seconds
139.090: [Full GC [PSYoungGen: 69120K->69119K(80384K)] [ParOldGen: 182777K->182777K(182784K)] 251897K->251896K(263168K) [PSPermGen: 13494K->13494K(21504K)], 0.0507030 secs] [Times: user=0.35 sys=0.00, real=0.05 secs] 
139.140: Total time for which application threads were stopped: 0.0510890 seconds, Stopping threads took: 0.0000070 seconds
139.140: Application time: 0.0000480 seconds
139.141: [Full GC [PSYoungGen: 69120K->69119K(80384K)] [ParOldGen: 182777K->182777K(182784K)] 251897K->251896K(263168K) [PSPermGen: 13494K->13494K(21504K)], 0.0506930 secs] [Times: user=0.35 sys=0.00, real=0.05 secs] 
139.191: Total time for which application threads were stopped: 0.0510850 seconds, Stopping threads took: 0.0000060 seconds
139.192: Application time: 0.0000370 seconds
139.192: [Full GC [PSYoungGen: 69120K->69119K(80384K)] [ParOldGen: 182777K->182777K(182784K)] 251897K->251896K(263168K) [PSPermGen: 13494K->13494K(21504K)], 0.0507360 secs] [Times: user=0.35 sys=0.00, real=0.05 secs] 
139.243: Total time for which application threads were stopped: 0.0511260 seconds, Stopping threads took: 0.0000070 seconds
139.243: Application time: 0.0000400 seconds
139.243: [Full GC [PSYoungGen: 69120K->69119K(80384K)] [ParOldGen: 182777K->182777K(182784K)] 251897K->251897K(263168K) [PSPermGen: 13494K->13494K(21504K)], 0.0527540 secs] [Times: user=0.36 sys=0.00, real=0.05 secs] 
139.296: Total time for which application threads were stopped: 0.0531330 seconds, Stopping threads took: 0.0000060 seconds
139.296: Application time: 0.0000380 seconds
139.296: [Full GC [PSYoungGen: 69120K->69119K(80384K)] [ParOldGen: 182777K->182777K(182784K)] 251897K->251897K(263168K) [PSPermGen: 13494K->13494K(21504K)], 0.0520210 secs] [Times: user=0.37 sys=0.00, real=0.05 secs] 
139.348: Total time for which application threads were stopped: 0.0524300 seconds, Stopping threads took: 0.0000070 seconds
139.348: Application time: 0.0000350 seconds
139.349: [Full GC [PSYoungGen: 69120K->69119K(80384K)] [ParOldGen: 182777K->182777K(182784K)] 251897K->251897K(263168K) [PSPermGen: 13494K->13494K(21504K)], 0.0506990 secs] [Times: user=0.35 sys=0.00, real=0.05 secs] 
139.399: Total time for which application threads were stopped: 0.0511050 seconds, Stopping threads took: 0.0000130 seconds
139.399: Application time: 0.0000360 seconds
139.400: [Full GC [PSYoungGen: 69120K->69119K(80384K)] [ParOldGen: 182777K->182777K(182784K)] 251897K->251896K(263168K) [PSPermGen: 13494K->13494K(21504K)], 0.0505420 secs] [Times: user=0.35 sys=0.00, real=0.05 secs] 
139.450: Total time for which application threads were stopped: 0.0509340 seconds, Stopping threads took: 0.0000110 seconds
139.450: Application time: 0.0000560 seconds
139.451: [Full GC [PSYoungGen: 69120K->69119K(80384K)] [ParOldGen: 182777K->182777K(182784K)] 251897K->251896K(263168K) [PSPermGen: 13494K->13494K(21504K)], 0.0504340 secs] [Times: user=0.35 sys=0.00, real=0.05 secs] 
139.501: Total time for which application threads were stopped: 0.0508670 seconds, Stopping threads took: 0.0000400 seconds
139.501: Application time: 0.0000470 seconds
139.502: [Full GC [PSYoungGen: 69120K->69119K(80384K)] [ParOldGen: 182777K->182777K(182784K)] 251897K->251896K(263168K) [PSPermGen: 13494K->13494K(21504K)], 0.0526800 secs] [Times: user=0.36 sys=0.00, real=0.05 secs] 
139.554: Total time for which application threads were stopped: 0.0530710 seconds, Stopping threads took: 0.0000080 seconds
139.554: Application time: 0.0000530 seconds
139.555: [Full GC [PSYoungGen: 69120K->69119K(80384K)] [ParOldGen: 182777K->182777K(182784K)] 251897K->251896K(263168K) [PSPermGen: 13494K->13494K(21504K)], 0.0526010 secs] [Times: user=0.36 sys=0.00, real=0.05 secs] 
139.607: Total time for which application threads were stopped: 0.0529940 seconds, Stopping threads took: 0.0000110 seconds
139.608: Application time: 0.0000340 seconds
139.608: [Full GC [PSYoungGen: 69120K->69119K(80384K)] [ParOldGen: 182777K->182777K(182784K)] 251897K->251896K(263168K) [PSPermGen: 13494K->13494K(21504K)], 0.0505700 secs] [Times: user=0.35 sys=0.00, real=0.06 secs] 
139.658: Total time for which application threads were stopped: 0.0509670 seconds, Stopping threads took: 0.0000120 seconds
139.659: Application time: 0.0000510 seconds
139.659: [Full GC [PSYoungGen: 69120K->69119K(80384K)] [ParOldGen: 182777K->182777K(182784K)] 251897K->251896K(263168K) [PSPermGen: 13494K->13494K(21504K)], 0.0505070 secs] [Times: user=0.35 sys=0.00, real=0.05 secs] 
139.709: Total time for which application threads were stopped: 0.0508980 seconds, Stopping threads took: 0.0000070 seconds
139.709: Application time: 0.0000470 seconds
139.710: [Full GC [PSYoungGen: 69120K->69119K(80384K)] [ParOldGen: 182777K->182777K(182784K)] 251897K->251897K(263168K) [PSPermGen: 13494K->13494K(21504K)], 0.0504450 secs] [Times: user=0.35 sys=0.01, real=0.05 secs] 
139.760: Total time for which application threads were stopped: 0.0508290 seconds, Stopping threads took: 0.0000060 seconds
139.760: Application time: 0.0000420 seconds
139.761: [Full GC [PSYoungGen: 69120K->69119K(80384K)] [ParOldGen: 182777K->182777K(182784K)] 251897K->251897K(263168K) [PSPermGen: 13494K->13494K(21504K)], 0.0507680 secs] [Times: user=0.35 sys=0.00, real=0.05 secs] 
139.812: Total time for which application threads were stopped: 0.0511800 seconds, Stopping threads took: 0.0000140 seconds
139.812: Application time: 0.0000410 seconds
139.812: [Full GC [PSYoungGen: 69120K->69119K(80384K)] [ParOldGen: 182777K->182777K(182784K)] 251897K->251897K(263168K) [PSPermGen: 13494K->13494K(21504K)], 0.0525100 secs] [Times: user=0.37 sys=0.00, real=0.05 secs] 
139.865: Total time for which application threads were stopped: 0.0529260 seconds, Stopping threads took: 0.0000100 seconds
139.865: Application time: 0.0000380 seconds
139.865: [Full GC [PSYoungGen: 69120K->69119K(80384K)] [ParOldGen: 182777K->182777K(182784K)] 251897K->251897K(263168K) [PSPermGen: 13494K->13494K(21504K)], 0.0509220 secs] [Times: user=0.35 sys=0.00, real=0.05 secs] 
139.916: Total time for which application threads were stopped: 0.0513240 seconds, Stopping threads took: 0.0000080 seconds
139.916: Application time: 0.0000290 seconds
139.916: [Full GC [PSYoungGen: 69120K->69119K(80384K)] [ParOldGen: 182777K->182777K(182784K)] 251897K->251897K(263168K) [PSPermGen: 13494K->13494K(21504K)], 0.0505610 secs] [Times: user=0.34 sys=0.00, real=0.05 secs] 
139.967: Total time for which application threads were stopped: 0.0509470 seconds, Stopping threads took: 0.0000060 seconds
139.967: Application time: 0.0000740 seconds
139.967: [Full GC [PSYoungGen: 69120K->69119K(80384K)] [ParOldGen: 182777K->182777K(182784K)] 251897K->251897K(263168K) [PSPermGen: 13494K->13494K(21504K)], 0.0507770 secs] [Times: user=0.35 sys=0.00, real=0.06 secs] 
140.018: Total time for which application threads were stopped: 0.0511640 seconds, Stopping threads took: 0.0000110 seconds
140.018: Application time: 0.0000470 seconds
140.018: [Full GC [PSYoungGen: 69120K->69119K(80384K)] [ParOldGen: 182777K->182777K(182784K)] 251897K->251897K(263168K) [PSPermGen: 13494K->13494K(21504K)], 0.0504730 secs] [Times: user=0.35 sys=0.00, real=0.05 secs] 
140.069: Total time for which application threads were stopped: 0.0508630 seconds, Stopping threads took: 0.0000080 seconds
140.069: Application time: 0.0000490 seconds
140.069: [Full GC [PSYoungGen: 69120K->69119K(80384K)] [ParOldGen: 182777K->182777K(182784K)] 251897K->251897K(263168K) [PSPermGen: 13494K->13494K(21504K)], 0.0505510 secs] [Times: user=0.35 sys=0.00, real=0.05 secs] 
140.120: Total time for which application threads were stopped: 0.0509540 seconds, Stopping threads took: 0.0000100 seconds
140.120: Application time: 0.0000400 seconds
140.120: [Full GC [PSYoungGen: 69120K->69119K(80384K)] [ParOldGen: 182777K->182777K(182784K)] 251897K->251897K(263168K) [PSPermGen: 13494K->13494K(21504K)], 0.0530780 secs] [Times: user=0.37 sys=0.00, real=0.05 secs] 
140.174: Total time for which application threads were stopped: 0.0534740 seconds, Stopping threads took: 0.0000120 seconds
140.174: Application time: 0.0000460 seconds
140.174: [Full GC [PSYoungGen: 69120K->69119K(80384K)] [ParOldGen: 182777K->182777K(182784K)] 251897K->251897K(263168K) [PSPermGen: 13494K->13494K(21504K)], 0.0509070 secs] [Times: user=0.36 sys=0.00, real=0.05 secs] 
140.225: Total time for which application threads were stopped: 0.0512970 seconds, Stopping threads took: 0.0000090 seconds
140.225: Application time: 0.0000610 seconds
140.225: [Full GC [PSYoungGen: 69120K->69119K(80384K)] [ParOldGen: 182777K->182777K(182784K)] 251897K->251897K(263168K) [PSPermGen: 13494K->13494K(21504K)], 0.0505890 secs] [Times: user=0.35 sys=0.00, real=0.05 secs] 
140.276: Total time for which application threads were stopped: 0.0509810 seconds, Stopping threads took: 0.0000080 seconds
140.276: Application time: 0.0000420 seconds
140.276: [Full GC [PSYoungGen: 69120K->69119K(80384K)] [ParOldGen: 182777K->182777K(182784K)] 251897K->251897K(263168K) [PSPermGen: 13494K->13494K(21504K)], 0.0506600 secs] [Times: user=0.35 sys=0.00, real=0.05 secs] 
140.327: Total time for which application threads were stopped: 0.0510630 seconds, Stopping threads took: 0.0000110 seconds
140.327: Application time: 0.0000580 seconds
140.327: [Full GC [PSYoungGen: 69120K->69119K(80384K)] [ParOldGen: 182777K->182777K(182784K)] 251897K->251897K(263168K) [PSPermGen: 13494K->13494K(21504K)], 0.0507590 secs] [Times: user=0.35 sys=0.00, real=0.06 secs] 
140.378: Total time for which application threads were stopped: 0.0511730 seconds, Stopping threads took: 0.0000100 seconds
140.378: Application time: 0.0000280 seconds
140.379: [Full GC [PSYoungGen: 69120K->69119K(80384K)] [ParOldGen: 182777K->182777K(182784K)] 251897K->251897K(263168K) [PSPermGen: 13494K->13494K(21504K)], 0.0507840 secs] [Times: user=0.35 sys=0.00, real=0.05 secs] 
140.429: Total time for which application threads were stopped: 0.0511710 seconds, Stopping threads took: 0.0000070 seconds
140.429: Application time: 0.0000330 seconds
140.430: [Full GC [PSYoungGen: 69120K->69119K(80384K)] [ParOldGen: 182777K->182777K(182784K)] 251897K->251897K(263168K) [PSPermGen: 13494K->13494K(21504K)], 0.0524290 secs] [Times: user=0.36 sys=0.00, real=0.05 secs] 
140.482: Total time for which application threads were stopped: 0.0528170 seconds, Stopping threads took: 0.0000080 seconds
140.482: Application time: 0.0000460 seconds
140.483: [Full GC [PSYoungGen: 69120K->69119K(80384K)] [ParOldGen: 182777K->182777K(182784K)] 251897K->251897K(263168K) [PSPermGen: 13494K->13494K(21504K)], 0.0506270 secs] [Times: user=0.35 sys=0.00, real=0.05 secs] 
140.533: Total time for which application threads were stopped: 0.0510160 seconds, Stopping threads took: 0.0000120 seconds
140.533: Application time: 0.0000440 seconds
140.534: [Full GC [PSYoungGen: 69120K->69119K(80384K)] [ParOldGen: 182777K->182777K(182784K)] 251897K->251897K(263168K) [PSPermGen: 13494K->13494K(21504K)], 0.0506740 secs] [Times: user=0.35 sys=0.00, real=0.05 secs] 
140.584: Total time for which application threads were stopped: 0.0510640 seconds, Stopping threads took: 0.0000070 seconds
140.585: Application time: 0.0000710 seconds
140.585: [Full GC [PSYoungGen: 69119K->69118K(80384K)] [ParOldGen: 182779K->182778K(182784K)] 251899K->251897K(263168K) [PSPermGen: 13494K->13494K(21504K)], 0.0504980 secs] [Times: user=0.35 sys=0.00, real=0.05 secs] 
140.635: Total time for which application threads were stopped: 0.0509120 seconds, Stopping threads took: 0.0000300 seconds
140.636: Application time: 0.0000390 seconds
140.636: [Full GC [PSYoungGen: 69120K->69119K(80384K)] [ParOldGen: 182778K->182778K(182784K)] 251898K->251897K(263168K) [PSPermGen: 13494K->13494K(21504K)], 0.0505360 secs] [Times: user=0.35 sys=0.00, real=0.05 secs] 
140.686: Total time for which application threads were stopped: 0.0509300 seconds, Stopping threads took: 0.0000100 seconds
140.686: Application time: 0.0000330 seconds
140.687: [Full GC [PSYoungGen: 69120K->69119K(80384K)] [ParOldGen: 182778K->182778K(182784K)] 251898K->251897K(263168K) [PSPermGen: 13494K->13494K(21504K)], 0.0502860 secs] [Times: user=0.34 sys=0.01, real=0.06 secs] 
140.737: Total time for which application threads were stopped: 0.0506780 seconds, Stopping threads took: 0.0000100 seconds
140.737: Application time: 0.0000500 seconds
140.738: [Full GC [PSYoungGen: 69120K->69119K(80384K)] [ParOldGen: 182778K->182778K(182784K)] 251898K->251897K(263168K) [PSPermGen: 13494K->13494K(21504K)], 0.0507340 secs] [Times: user=0.35 sys=0.00, real=0.04 secs] 
140.788: Total time for which application threads were stopped: 0.0511310 seconds, Stopping threads took: 0.0000190 seconds
140.788: Application time: 0.0000500 seconds
140.789: [Full GC [PSYoungGen: 69120K->69119K(80384K)] [ParOldGen: 182778K->182778K(182784K)] 251898K->251897K(263168K) [PSPermGen: 13494K->13494K(21504K)], 0.0522370 secs] [Times: user=0.37 sys=0.00, real=0.05 secs] 
140.841: Total time for which application threads were stopped: 0.0526360 seconds, Stopping threads took: 0.0000080 seconds
140.841: Application time: 0.0000470 seconds
140.841: [Full GC [PSYoungGen: 69120K->69119K(80384K)] [ParOldGen: 182778K->182778K(182784K)] 251898K->251897K(263168K) [PSPermGen: 13494K->13494K(21504K)], 0.0534780 secs] [Times: user=0.36 sys=0.00, real=0.05 secs] 
140.895: Total time for which application threads were stopped: 0.0538910 seconds, Stopping threads took: 0.0000120 seconds
140.895: Application time: 0.0000600 seconds
140.895: [Full GC [PSYoungGen: 69120K->69118K(80384K)] [ParOldGen: 182778K->182778K(182784K)] 251898K->251897K(263168K) [PSPermGen: 13494K->13494K(21504K)], 0.0505280 secs] [Times: user=0.35 sys=0.00, real=0.05 secs] 
140.946: Total time for which application threads were stopped: 0.0509520 seconds, Stopping threads took: 0.0000410 seconds
140.946: Application time: 0.0000470 seconds
140.946: [Full GC [PSYoungGen: 69120K->69118K(80384K)] [ParOldGen: 182778K->182778K(182784K)] 251898K->251897K(263168K) [PSPermGen: 13494K->13494K(21504K)], 0.0507810 secs] [Times: user=0.36 sys=0.00, real=0.06 secs] 
140.997: Total time for which application threads were stopped: 0.0512190 seconds, Stopping threads took: 0.0000530 seconds
140.997: Application time: 0.0000420 seconds
140.998: [Full GC [PSYoungGen: 69120K->69119K(80384K)] [ParOldGen: 182778K->182778K(182784K)] 251898K->251897K(263168K) [PSPermGen: 13494K->13494K(21504K)], 0.0505260 secs] [Times: user=0.35 sys=0.00, real=0.04 secs] 
141.048: Total time for which application threads were stopped: 0.0509190 seconds, Stopping threads took: 0.0000080 seconds
141.048: Application time: 0.0000510 seconds
141.049: [Full GC [PSYoungGen: 69120K->69119K(80384K)] [ParOldGen: 182778K->182778K(182784K)] 251898K->251897K(263168K) [PSPermGen: 13494K->13494K(21504K)], 0.0506300 secs] [Times: user=0.34 sys=0.00, real=0.05 secs] 
141.099: Total time for which application threads were stopped: 0.0510340 seconds, Stopping threads took: 0.0000080 seconds
141.099: Application time: 0.0000400 seconds
141.100: [Full GC [PSYoungGen: 69120K->69118K(80384K)] [ParOldGen: 182778K->182778K(182784K)] 251898K->251897K(263168K) [PSPermGen: 13494K->13494K(21504K)], 0.0506840 secs] [Times: user=0.36 sys=0.00, real=0.05 secs] 
141.150: Total time for which application threads were stopped: 0.0510820 seconds, Stopping threads took: 0.0000200 seconds
141.150: Application time: 0.0000410 seconds
141.151: [Full GC [PSYoungGen: 69120K->69118K(80384K)] [ParOldGen: 182778K->182778K(182784K)] 251898K->251897K(263168K) [PSPermGen: 13494K->13494K(21504K)], 0.0526270 secs] [Times: user=0.36 sys=0.01, real=0.05 secs] 
141.203: Total time for which application threads were stopped: 0.0530240 seconds, Stopping threads took: 0.0000060 seconds
141.204: Application time: 0.0000510 seconds
141.204: [Full GC [PSYoungGen: 69120K->69118K(80384K)] [ParOldGen: 182778K->182778K(182784K)] 251898K->251897K(263168K) [PSPermGen: 13494K->13494K(21504K)], 0.0529460 secs] [Times: user=0.37 sys=0.00, real=0.06 secs] 
141.257: Total time for which application threads were stopped: 0.0533330 seconds, Stopping threads took: 0.0000100 seconds
141.257: Application time: 0.0000800 seconds
141.257: [Full GC [PSYoungGen: 69120K->69118K(80384K)] [ParOldGen: 182778K->182778K(182784K)] 251898K->251897K(263168K) [PSPermGen: 13494K->13494K(21504K)], 0.0506350 secs] [Times: user=0.35 sys=0.00, real=0.04 secs] 
141.308: Total time for which application threads were stopped: 0.0510290 seconds, Stopping threads took: 0.0000080 seconds
141.308: Application time: 0.0000560 seconds
141.308: [Full GC [PSYoungGen: 69120K->69119K(80384K)] [ParOldGen: 182778K->182778K(182784K)] 251898K->251897K(263168K) [PSPermGen: 13494K->13494K(21504K)], 0.0506090 secs] [Times: user=0.35 sys=0.00, real=0.06 secs] 
141.359: Total time for which application threads were stopped: 0.0510100 seconds, Stopping threads took: 0.0000220 seconds
141.359: Application time: 0.0000530 seconds
141.359: [Full GC [PSYoungGen: 69120K->69119K(80384K)] [ParOldGen: 182778K->182778K(182784K)] 251898K->251897K(263168K) [PSPermGen: 13494K->13494K(21504K)], 0.0505050 secs] [Times: user=0.35 sys=0.00, real=0.05 secs] 
141.410: Total time for which application threads were stopped: 0.0509210 seconds, Stopping threads took: 0.0000190 seconds
141.410: Application time: 0.0000530 seconds
141.410: [Full GC [PSYoungGen: 69120K->69119K(80384K)] [ParOldGen: 182778K->182778K(182784K)] 251898K->251897K(263168K) [PSPermGen: 13494K->13494K(21504K)], 0.0505120 secs] [Times: user=0.35 sys=0.00, real=0.05 secs] 
141.461: Total time for which application threads were stopped: 0.0508980 seconds, Stopping threads took: 0.0000130 seconds
141.461: Application time: 0.0000410 seconds
141.461: [Full GC [PSYoungGen: 69120K->69119K(80384K)] [ParOldGen: 182778K->182778K(182784K)] 251898K->251897K(263168K) [PSPermGen: 13494K->13494K(21504K)], 0.0521690 secs] [Times: user=0.36 sys=0.00, real=0.05 secs] 
141.514: Total time for which application threads were stopped: 0.0525640 seconds, Stopping threads took: 0.0000130 seconds
141.514: Application time: 0.0000490 seconds
141.514: [Full GC [PSYoungGen: 69120K->69119K(80384K)] [ParOldGen: 182778K->182778K(182784K)] 251898K->251897K(263168K) [PSPermGen: 13494K->13494K(21504K)], 0.0506670 secs] [Times: user=0.35 sys=0.00, real=0.05 secs] 
141.565: Total time for which application threads were stopped: 0.0510650 seconds, Stopping threads took: 0.0000080 seconds
141.565: Application time: 0.0000640 seconds
141.565: [Full GC [PSYoungGen: 69120K->69119K(80384K)] [ParOldGen: 182778K->182778K(182784K)] 251898K->251897K(263168K) [PSPermGen: 13494K->13494K(21504K)], 0.0508080 secs] [Times: user=0.35 sys=0.00, real=0.05 secs] 
141.616: Total time for which application threads were stopped: 0.0511950 seconds, Stopping threads took: 0.0000070 seconds
141.616: Application time: 0.0000360 seconds
141.616: [Full GC [PSYoungGen: 69120K->69119K(80384K)] [ParOldGen: 182778K->182778K(182784K)] 251898K->251897K(263168K) [PSPermGen: 13494K->13494K(21504K)], 0.0509150 secs] [Times: user=0.36 sys=0.00, real=0.05 secs] 
141.667: Total time for which application threads were stopped: 0.0513010 seconds, Stopping threads took: 0.0000100 seconds
141.667: Application time: 0.0000520 seconds
141.668: [Full GC [PSYoungGen: 69120K->69119K(80384K)] [ParOldGen: 182778K->182778K(182784K)] 251898K->251897K(263168K) [PSPermGen: 13494K->13494K(21504K)], 0.0505990 secs] [Times: user=0.34 sys=0.00, real=0.06 secs] 
141.718: Total time for which application threads were stopped: 0.0509870 seconds, Stopping threads took: 0.0000080 seconds
141.718: Application time: 0.0000370 seconds
141.719: [Full GC [PSYoungGen: 69120K->69119K(80384K)] [ParOldGen: 182778K->182778K(182784K)] 251898K->251897K(263168K) [PSPermGen: 13494K->13494K(21504K)], 0.0505580 secs] [Times: user=0.35 sys=0.00, real=0.05 secs] 
141.769: Total time for which application threads were stopped: 0.0509450 seconds, Stopping threads took: 0.0000110 seconds
141.769: Application time: 0.0000360 seconds
141.770: [Full GC [PSYoungGen: 69120K->69119K(80384K)] [ParOldGen: 182778K->182778K(182784K)] 251898K->251897K(263168K) [PSPermGen: 13494K->13494K(21504K)], 0.0505010 secs] [Times: user=0.34 sys=0.00, real=0.05 secs] 
141.820: Total time for which application threads were stopped: 0.0508910 seconds, Stopping threads took: 0.0000080 seconds
141.820: Application time: 0.0000520 seconds
141.821: [Full GC [PSYoungGen: 69120K->69119K(80384K)] [ParOldGen: 182778K->182778K(182784K)] 251898K->251897K(263168K) [PSPermGen: 13494K->13494K(21504K)], 0.0503310 secs] [Times: user=0.35 sys=0.00, real=0.05 secs] 
141.871: Total time for which application threads were stopped: 0.0507340 seconds, Stopping threads took: 0.0000080 seconds
141.871: Application time: 0.0000440 seconds
141.871: [Full GC [PSYoungGen: 69120K->69119K(80384K)] [ParOldGen: 182778K->182778K(182784K)] 251898K->251897K(263168K) [PSPermGen: 13494K->13494K(21504K)], 0.0524870 secs] [Times: user=0.36 sys=0.00, real=0.05 secs] 
141.924: Total time for which application threads were stopped: 0.0529080 seconds, Stopping threads took: 0.0000080 seconds
141.924: Application time: 0.0000480 seconds
141.924: [Full GC [PSYoungGen: 69120K->69119K(80384K)] [ParOldGen: 182778K->182778K(182784K)] 251898K->251897K(263168K) [PSPermGen: 13494K->13494K(21504K)], 0.0507630 secs] [Times: user=0.35 sys=0.00, real=0.05 secs] 
141.975: Total time for which application threads were stopped: 0.0511510 seconds, Stopping threads took: 0.0000080 seconds
141.975: Application time: 0.0000390 seconds
141.976: [Full GC [PSYoungGen: 69120K->69119K(80384K)] [ParOldGen: 182778K->182778K(182784K)] 251898K->251897K(263168K) [PSPermGen: 13494K->13494K(21504K)], 0.0503250 secs] [Times: user=0.35 sys=0.00, real=0.05 secs] 
142.026: Total time for which application threads were stopped: 0.0507110 seconds, Stopping threads took: 0.0000100 seconds
142.026: Application time: 0.0000450 seconds
142.026: [Full GC [PSYoungGen: 69120K->69119K(80384K)] [ParOldGen: 182778K->182778K(182784K)] 251898K->251898K(263168K) [PSPermGen: 13494K->13494K(21504K)], 0.0504140 secs] [Times: user=0.34 sys=0.00, real=0.06 secs] 
142.077: Total time for which application threads were stopped: 0.0507990 seconds, Stopping threads took: 0.0000110 seconds
142.077: Application time: 0.0000350 seconds
142.077: [Full GC [PSYoungGen: 69120K->69119K(80384K)] [ParOldGen: 182778K->182778K(182784K)] 251898K->251898K(263168K) [PSPermGen: 13494K->13494K(21504K)], 0.0506170 secs] [Times: user=0.36 sys=0.00, real=0.04 secs] 
142.128: Total time for which application threads were stopped: 0.0510020 seconds, Stopping threads took: 0.0000100 seconds
142.128: Application time: 0.0000320 seconds
142.128: [Full GC [PSYoungGen: 69120K->69119K(80384K)] [ParOldGen: 182778K->182778K(182784K)] 251898K->251898K(263168K) [PSPermGen: 13494K->13494K(21504K)], 0.0505750 secs] [Times: user=0.35 sys=0.00, real=0.06 secs] 
142.179: Total time for which application threads were stopped: 0.0509680 seconds, Stopping threads took: 0.0000070 seconds
142.179: Application time: 0.0000910 seconds
142.179: [Full GC [PSYoungGen: 69119K->69118K(80384K)] [ParOldGen: 182780K->182778K(182784K)] 251900K->251897K(263168K) [PSPermGen: 13494K->13494K(21504K)], 0.0506570 secs] [Times: user=0.35 sys=0.00, real=0.05 secs] 
142.230: Total time for which application threads were stopped: 0.0510470 seconds, Stopping threads took: 0.0000080 seconds
142.230: Application time: 0.0000650 seconds
142.230: [Full GC [PSYoungGen: 69120K->69118K(80384K)] [ParOldGen: 182778K->182778K(182784K)] 251898K->251897K(263168K) [PSPermGen: 13494K->13494K(21504K)], 0.0507350 secs] [Times: user=0.35 sys=0.00, real=0.05 secs] 
142.281: Total time for which application threads were stopped: 0.0511220 seconds, Stopping threads took: 0.0000070 seconds
142.281: Application time: 0.0000490 seconds
142.282: [Full GC [PSYoungGen: 69120K->69118K(80384K)] [ParOldGen: 182778K->182778K(182784K)] 251898K->251897K(263168K) [PSPermGen: 13494K->13494K(21504K)], 0.0527670 secs] [Times: user=0.37 sys=0.00, real=0.05 secs] 
142.334: Total time for which application threads were stopped: 0.0531540 seconds, Stopping threads took: 0.0000070 seconds
142.334: Application time: 0.0000550 seconds
142.335: [Full GC [PSYoungGen: 69120K->69118K(80384K)] [ParOldGen: 182778K->182778K(182784K)] 251898K->251897K(263168K) [PSPermGen: 13494K->13494K(21504K)], 0.0524870 secs] [Times: user=0.36 sys=0.00, real=0.05 secs] 
142.387: Total time for which application threads were stopped: 0.0528800 seconds, Stopping threads took: 0.0000080 seconds
142.387: Application time: 0.0000500 seconds
142.388: [Full GC [PSYoungGen: 69120K->69118K(80384K)] [ParOldGen: 182778K->182778K(182784K)] 251898K->251897K(263168K) [PSPermGen: 13494K->13494K(21504K)], 0.0506460 secs] [Times: user=0.35 sys=0.00, real=0.06 secs] 
142.438: Total time for which application threads were stopped: 0.0510990 seconds, Stopping threads took: 0.0000480 seconds
142.439: Application time: 0.0000480 seconds
142.439: [Full GC [PSYoungGen: 69120K->69118K(80384K)] [ParOldGen: 182778K->182778K(182784K)] 251898K->251897K(263168K) [PSPermGen: 13494K->13494K(21504K)], 0.0506870 secs] [Times: user=0.35 sys=0.00, real=0.05 secs] 
142.490: Total time for which application threads were stopped: 0.0510740 seconds, Stopping threads took: 0.0000070 seconds
142.490: Application time: 0.0000550 seconds
142.490: [Full GC [PSYoungGen: 69120K->69118K(80384K)] [ParOldGen: 182778K->182778K(182784K)] 251898K->251897K(263168K) [PSPermGen: 13494K->13494K(21504K)], 0.0509620 secs] [Times: user=0.35 sys=0.00, real=0.05 secs] 
142.541: Total time for which application threads were stopped: 0.0513510 seconds, Stopping threads took: 0.0000150 seconds
142.541: Application time: 0.0000420 seconds
142.541: [Full GC [PSYoungGen: 69120K->69118K(80384K)] [ParOldGen: 182778K->182778K(182784K)] 251898K->251897K(263168K) [PSPermGen: 13494K->13494K(21504K)], 0.0503430 secs] [Times: user=0.35 sys=0.00, real=0.05 secs] 
142.592: Total time for which application threads were stopped: 0.0507550 seconds, Stopping threads took: 0.0000110 seconds
142.592: Application time: 0.0000520 seconds
142.592: [Full GC [PSYoungGen: 69120K->69118K(80384K)] [ParOldGen: 182778K->182778K(182784K)] 251898K->251897K(263168K) [PSPermGen: 13494K->13494K(21504K)], 0.0505530 secs] [Times: user=0.35 sys=0.01, real=0.05 secs] 
142.643: Total time for which application threads were stopped: 0.0509430 seconds, Stopping threads took: 0.0000080 seconds
142.643: Application time: 0.0000650 seconds
142.643: [Full GC [PSYoungGen: 69120K->69119K(80384K)] [ParOldGen: 182778K->182778K(182784K)] 251898K->251897K(263168K) [PSPermGen: 13494K->13494K(21504K)], 0.0505190 secs] [Times: user=0.35 sys=0.00, real=0.05 secs] 
142.694: Total time for which application threads were stopped: 0.0509090 seconds, Stopping threads took: 0.0000090 seconds
142.694: Application time: 0.0000430 seconds
142.694: [Full GC [PSYoungGen: 69120K->69119K(80384K)] [ParOldGen: 182778K->182778K(182784K)] 251898K->251897K(263168K) [PSPermGen: 13494K->13494K(21504K)], 0.0508370 secs] [Times: user=0.35 sys=0.00, real=0.05 secs] 
142.745: Total time for which application threads were stopped: 0.0512200 seconds, Stopping threads took: 0.0000070 seconds
142.745: Application time: 0.0000340 seconds
142.745: [Full GC [PSYoungGen: 69120K->69119K(80384K)] [ParOldGen: 182778K->182778K(182784K)] 251898K->251897K(263168K) [PSPermGen: 13494K->13494K(21504K)], 0.0506630 secs] [Times: user=0.35 sys=0.00, real=0.05 secs] 
142.796: Total time for which application threads were stopped: 0.0510630 seconds, Stopping threads took: 0.0000200 seconds
142.796: Application time: 0.0000410 seconds
142.796: [Full GC [PSYoungGen: 69120K->69119K(80384K)] [ParOldGen: 182778K->182778K(182784K)] 251898K->251897K(263168K) [PSPermGen: 13494K->13494K(21504K)], 0.0504650 secs] [Times: user=0.35 sys=0.00, real=0.05 secs] 
142.847: Total time for which application threads were stopped: 0.0508670 seconds, Stopping threads took: 0.0000070 seconds
142.847: Application time: 0.0000350 seconds
142.847: [Full GC [PSYoungGen: 69120K->69119K(80384K)] [ParOldGen: 182778K->182778K(182784K)] 251898K->251897K(263168K) [PSPermGen: 13494K->13494K(21504K)], 0.0525490 secs] [Times: user=0.36 sys=0.00, real=0.06 secs] 
142.900: Total time for which application threads were stopped: 0.0529340 seconds, Stopping threads took: 0.0000070 seconds
142.900: Application time: 0.0000400 seconds
142.900: [Full GC [PSYoungGen: 69120K->69119K(80384K)] [ParOldGen: 182778K->182778K(182784K)] 251898K->251897K(263168K) [PSPermGen: 13494K->13494K(21504K)], 0.0504210 secs] [Times: user=0.35 sys=0.00, real=0.05 secs] 
142.951: Total time for which application threads were stopped: 0.0508340 seconds, Stopping threads took: 0.0000140 seconds
142.951: Application time: 0.0000460 seconds
142.951: [Full GC [PSYoungGen: 69120K->69119K(80384K)] [ParOldGen: 182778K->182778K(182784K)] 251898K->251897K(263168K) [PSPermGen: 13494K->13494K(21504K)], 0.0507290 secs] [Times: user=0.35 sys=0.00, real=0.05 secs] 
143.002: Total time for which application threads were stopped: 0.0511270 seconds, Stopping threads took: 0.0000210 seconds
143.002: Application time: 0.0000440 seconds
143.002: [Full GC [PSYoungGen: 69120K->69119K(80384K)] [ParOldGen: 182778K->182778K(182784K)] 251898K->251897K(263168K) [PSPermGen: 13494K->13494K(21504K)], 0.0504860 secs] [Times: user=0.35 sys=0.00, real=0.05 secs] 
143.053: Total time for which application threads were stopped: 0.0508630 seconds, Stopping threads took: 0.0000060 seconds
143.053: Application time: 0.0000630 seconds
143.053: [Full GC [PSYoungGen: 69120K->69119K(80384K)] [ParOldGen: 182778K->182778K(182784K)] 251898K->251897K(263168K) [PSPermGen: 13494K->13494K(21504K)], 0.0506340 secs] [Times: user=0.34 sys=0.00, real=0.05 secs] 
143.104: Total time for which application threads were stopped: 0.0510260 seconds, Stopping threads took: 0.0000080 seconds
143.104: Application time: 0.0000370 seconds
143.104: [Full GC [PSYoungGen: 69120K->69119K(80384K)] [ParOldGen: 182778K->182778K(182784K)] 251898K->251898K(263168K) [PSPermGen: 13494K->13494K(21504K)], 0.0509400 secs] [Times: user=0.35 sys=0.01, real=0.05 secs] 
143.155: Total time for which application threads were stopped: 0.0513320 seconds, Stopping threads took: 0.0000090 seconds
143.155: Application time: 0.0000520 seconds
143.156: [Full GC [PSYoungGen: 69120K->69119K(80384K)] [ParOldGen: 182778K->182778K(182784K)] 251898K->251897K(263168K) [PSPermGen: 13494K->13494K(21504K)], 0.0506040 secs] [Times: user=0.35 sys=0.00, real=0.05 secs] 
143.206: Total time for which application threads were stopped: 0.0509950 seconds, Stopping threads took: 0.0000090 seconds
143.207: Application time: 0.0000450 seconds
143.207: [Full GC [PSYoungGen: 69120K->69119K(80384K)] [ParOldGen: 182778K->182778K(182784K)] 251898K->251898K(263168K) [PSPermGen: 13494K->13494K(21504K)], 0.0502850 secs] [Times: user=0.34 sys=0.00, real=0.06 secs] 
143.257: Total time for which application threads were stopped: 0.0506760 seconds, Stopping threads took: 0.0000100 seconds
143.257: Application time: 0.0000490 seconds
143.258: [Full GC [PSYoungGen: 69120K->69119K(80384K)] [ParOldGen: 182778K->182778K(182784K)] 251898K->251898K(263168K) [PSPermGen: 13494K->13494K(21504K)], 0.0504780 secs] [Times: user=0.35 sys=0.00, real=0.04 secs] 
143.308: Total time for which application threads were stopped: 0.0508610 seconds, Stopping threads took: 0.0000070 seconds
143.308: Application time: 0.0000350 seconds
143.308: [Full GC [PSYoungGen: 69120K->69119K(80384K)] [ParOldGen: 182778K->182778K(182784K)] 251898K->251898K(263168K) [PSPermGen: 13494K->13494K(21504K)], 0.0526040 secs] [Times: user=0.37 sys=0.00, real=0.06 secs] 
143.361: Total time for which application threads were stopped: 0.0530020 seconds, Stopping threads took: 0.0000180 seconds
143.361: Application time: 0.0000350 seconds
143.362: [Full GC [PSYoungGen: 69120K->69119K(80384K)] [ParOldGen: 182778K->182778K(182784K)] 251898K->251898K(263168K) [PSPermGen: 13494K->13494K(21504K)], 0.0506920 secs] [Times: user=0.35 sys=0.00, real=0.05 secs] 
143.412: Total time for which application threads were stopped: 0.0510880 seconds, Stopping threads took: 0.0000180 seconds
143.412: Application time: 0.0000480 seconds
143.413: [Full GC [PSYoungGen: 69120K->69119K(80384K)] [ParOldGen: 182778K->182778K(182784K)] 251898K->251898K(263168K) [PSPermGen: 13494K->13494K(21504K)], 0.0506760 secs] [Times: user=0.35 sys=0.00, real=0.05 secs] 
143.463: Total time for which application threads were stopped: 0.0511040 seconds, Stopping threads took: 0.0000080 seconds
143.463: Application time: 0.0000280 seconds
143.464: [Full GC [PSYoungGen: 69119K->69119K(80384K)] [ParOldGen: 182778K->182778K(182784K)] 251898K->251898K(263168K) [PSPermGen: 13494K->13494K(21504K)], 0.0524330 secs] [Times: user=0.37 sys=0.00, real=0.05 secs] 
143.516: Total time for which application threads were stopped: 0.0528210 seconds, Stopping threads took: 0.0000110 seconds
143.516: Application time: 0.0000820 seconds
143.517: [Full GC [PSYoungGen: 69119K->69119K(80384K)] [ParOldGen: 182780K->182779K(182784K)] 251900K->251898K(263168K) [PSPermGen: 13494K->13494K(21504K)], 0.0527130 secs] [Times: user=0.37 sys=0.00, real=0.05 secs] 
143.569: Total time for which application threads were stopped: 0.0531130 seconds, Stopping threads took: 0.0000080 seconds
143.570: Application time: 0.0000280 seconds
143.570: Total time for which application threads were stopped: 0.0003240 seconds, Stopping threads took: 0.0000140 seconds
143.570: Application time: 0.0000390 seconds
143.570: [Full GC [PSYoungGen: 69120K->69119K(80384K)] [ParOldGen: 182779K->182778K(182784K)] 251899K->251898K(263168K) [PSPermGen: 13494K->13494K(21504K)], 0.0505930 secs] [Times: user=0.35 sys=0.00, real=0.05 secs] 
143.621: Total time for which application threads were stopped: 0.0507260 seconds, Stopping threads took: 0.0000030 seconds
143.621: Application time: 0.0000480 seconds
143.621: [Full GC [PSYoungGen: 69120K->69119K(80384K)] [ParOldGen: 182778K->182778K(182784K)] 251898K->251898K(263168K) [PSPermGen: 13494K->13494K(21504K)], 0.0505990 secs] [Times: user=0.35 sys=0.00, real=0.05 secs] 
143.672: Total time for which application threads were stopped: 0.0509910 seconds, Stopping threads took: 0.0000100 seconds
143.672: Application time: 0.0000490 seconds
143.672: [Full GC [PSYoungGen: 69120K->69119K(80384K)] [ParOldGen: 182778K->182778K(182784K)] 251898K->251898K(263168K) [PSPermGen: 13494K->13494K(21504K)], 0.0504930 secs] [Times: user=0.35 sys=0.00, real=0.05 secs] 
143.723: Total time for which application threads were stopped: 0.0508890 seconds, Stopping threads took: 0.0000120 seconds
143.723: Application time: 0.0000470 seconds
143.723: [Full GC [PSYoungGen: 69120K->69119K(80384K)] [ParOldGen: 182778K->182778K(182784K)] 251898K->251898K(263168K) [PSPermGen: 13494K->13494K(21504K)], 0.0505280 secs] [Times: user=0.35 sys=0.00, real=0.05 secs] 
143.774: Total time for which application threads were stopped: 0.0509200 seconds, Stopping threads took: 0.0000070 seconds
143.774: Application time: 0.0000380 seconds
143.774: [Full GC [PSYoungGen: 69120K->69119K(80384K)] [ParOldGen: 182778K->182778K(182784K)] 251898K->251898K(263168K) [PSPermGen: 13494K->13494K(21504K)], 0.0524600 secs] [Times: user=0.36 sys=0.00, real=0.05 secs] 
143.826: Total time for which application threads were stopped: 0.0528530 seconds, Stopping threads took: 0.0000070 seconds
143.826: Application time: 0.0000490 seconds
143.827: [Full GC [PSYoungGen: 69120K->69119K(80384K)] [ParOldGen: 182778K->182778K(182784K)] 251898K->251898K(263168K) [PSPermGen: 13494K->13494K(21504K)], 0.0507160 secs] [Times: user=0.35 sys=0.00, real=0.06 secs] 
143.878: Total time for which application threads were stopped: 0.0511180 seconds, Stopping threads took: 0.0000080 seconds
143.878: Application time: 0.0000590 seconds
143.878: [Full GC [PSYoungGen: 69120K->69118K(80384K)] [ParOldGen: 182783K->182781K(182784K)] 251903K->251900K(263168K) [PSPermGen: 13494K->13494K(21504K)], 0.0520220 secs] [Times: user=0.36 sys=0.00, real=0.05 secs] 
143.930: Total time for which application threads were stopped: 0.0524540 seconds, Stopping threads took: 0.0000490 seconds
143.930: Application time: 0.0000640 seconds
143.931: [Full GC [PSYoungGen: 69120K->69118K(80384K)] [ParOldGen: 182781K->182781K(182784K)] 251901K->251900K(263168K) [PSPermGen: 13494K->13494K(21504K)], 0.0530690 secs] [Times: user=0.37 sys=0.00, real=0.05 secs] 
143.984: Total time for which application threads were stopped: 0.0534780 seconds, Stopping threads took: 0.0000080 seconds
143.984: Application time: 0.0000520 seconds
143.984: [Full GC [PSYoungGen: 69120K->69119K(80384K)] [ParOldGen: 182781K->182781K(182784K)] 251901K->251900K(263168K) [PSPermGen: 13494K->13494K(21504K)], 0.0505940 secs] [Times: user=0.35 sys=0.00, real=0.05 secs] 
144.035: Total time for which application threads were stopped: 0.0509880 seconds, Stopping threads took: 0.0000110 seconds
144.035: Application time: 0.0000540 seconds
144.035: [Full GC [PSYoungGen: 69120K->69119K(80384K)] [ParOldGen: 182781K->182781K(182784K)] 251901K->251900K(263168K) [PSPermGen: 13494K->13494K(21504K)], 0.0507520 secs] [Times: user=0.35 sys=0.00, real=0.05 secs] 
144.086: Total time for which application threads were stopped: 0.0511280 seconds, Stopping threads took: 0.0000060 seconds
144.086: Application time: 0.0000760 seconds
144.086: [Full GC [PSYoungGen: 69120K->69119K(80384K)] [ParOldGen: 182781K->182780K(182784K)] 251901K->251900K(263168K) [PSPermGen: 13494K->13494K(21504K)], 0.0508380 secs] [Times: user=0.35 sys=0.00, real=0.06 secs] 
144.137: Total time for which application threads were stopped: 0.0512190 seconds, Stopping threads took: 0.0000080 seconds
144.137: Application time: 0.0000430 seconds
144.138: [Full GC [PSYoungGen: 69120K->69119K(80384K)] [ParOldGen: 182780K->182780K(182784K)] 251900K->251900K(263168K) [PSPermGen: 13494K->13494K(21504K)], 0.0505030 secs] [Times: user=0.35 sys=0.00, real=0.04 secs] 
144.188: Total time for which application threads were stopped: 0.0508850 seconds, Stopping threads took: 0.0000070 seconds
144.188: Application time: 0.0000410 seconds
144.188: [Full GC [PSYoungGen: 69120K->69119K(80384K)] [ParOldGen: 182780K->182780K(182784K)] 251900K->251900K(263168K) [PSPermGen: 13494K->13494K(21504K)], 0.0505640 secs] [Times: user=0.35 sys=0.00, real=0.06 secs] 
144.239: Total time for which application threads were stopped: 0.0509540 seconds, Stopping threads took: 0.0000100 seconds
144.239: Application time: 0.0000340 seconds
144.239: [Full GC [PSYoungGen: 69120K->69119K(80384K)] [ParOldGen: 182780K->182780K(182784K)] 251900K->251900K(263168K) [PSPermGen: 13494K->13494K(21504K)], 0.0503570 secs] [Times: user=0.35 sys=0.00, real=0.05 secs] 
144.290: Total time for which application threads were stopped: 0.0507400 seconds, Stopping threads took: 0.0000060 seconds
144.290: Application time: 0.0000520 seconds
144.290: [Full GC [PSYoungGen: 69120K->69119K(80384K)] [ParOldGen: 182780K->182780K(182784K)] 251900K->251900K(263168K) [PSPermGen: 13494K->13494K(21504K)], 0.0503360 secs] [Times: user=0.35 sys=0.00, real=0.05 secs] 
144.341: Total time for which application threads were stopped: 0.0507300 seconds, Stopping threads took: 0.0000100 seconds
144.341: Application time: 0.0000500 seconds
144.341: [Full GC [PSYoungGen: 69120K->69119K(80384K)] [ParOldGen: 182780K->182780K(182784K)] 251900K->251900K(263168K) [PSPermGen: 13494K->13494K(21504K)], 0.0508790 secs] [Times: user=0.36 sys=0.00, real=0.05 secs] 
144.392: Total time for which application threads were stopped: 0.0512720 seconds, Stopping threads took: 0.0000080 seconds
144.392: Application time: 0.0000510 seconds
144.392: [Full GC [PSYoungGen: 69120K->69119K(80384K)] [ParOldGen: 182780K->182780K(182784K)] 251900K->251900K(263168K) [PSPermGen: 13494K->13494K(21504K)], 0.0507300 secs] [Times: user=0.35 sys=0.00, real=0.05 secs] 
144.443: Total time for which application threads were stopped: 0.0511280 seconds, Stopping threads took: 0.0000060 seconds
144.443: Application time: 0.0000410 seconds
144.444: [Full GC [PSYoungGen: 69120K->69119K(80384K)] [ParOldGen: 182780K->182780K(182784K)] 251900K->251900K(263168K) [PSPermGen: 13494K->13494K(21504K)], 0.0507940 secs] [Times: user=0.35 sys=0.00, real=0.05 secs] 
144.494: Total time for which application threads were stopped: 0.0512140 seconds, Stopping threads took: 0.0000070 seconds
144.494: Application time: 0.0000350 seconds
144.495: [Full GC [PSYoungGen: 69120K->69119K(80384K)] [ParOldGen: 182780K->182780K(182784K)] 251900K->251900K(263168K) [PSPermGen: 13494K->13494K(21504K)], 0.0508650 secs] [Times: user=0.35 sys=0.00, real=0.05 secs] 
144.546: Total time for which application threads were stopped: 0.0512520 seconds, Stopping threads took: 0.0000090 seconds
144.546: Application time: 0.0000350 seconds
144.546: [Full GC [PSYoungGen: 69120K->69119K(80384K)] [ParOldGen: 182780K->182780K(182784K)] 251900K->251900K(263168K) [PSPermGen: 13494K->13494K(21504K)], 0.0506330 secs] [Times: user=0.35 sys=0.00, real=0.06 secs] 
144.597: Total time for which application threads were stopped: 0.0510290 seconds, Stopping threads took: 0.0000080 seconds
144.597: Application time: 0.0000390 seconds
144.597: [Full GC [PSYoungGen: 69120K->69119K(80384K)] [ParOldGen: 182780K->182780K(182784K)] 251900K->251900K(263168K) [PSPermGen: 13494K->13494K(21504K)], 0.0503060 secs] [Times: user=0.35 sys=0.01, real=0.04 secs] 
144.648: Total time for which application threads were stopped: 0.0506990 seconds, Stopping threads took: 0.0000110 seconds
144.648: Application time: 0.0000500 seconds
144.648: [Full GC [PSYoungGen: 69120K->69119K(80384K)] [ParOldGen: 182780K->182780K(182784K)] 251900K->251900K(263168K) [PSPermGen: 13494K->13494K(21504K)], 0.0505840 secs] [Times: user=0.35 sys=0.00, real=0.06 secs] 
144.699: Total time for which application threads were stopped: 0.0509680 seconds, Stopping threads took: 0.0000060 seconds
144.699: Application time: 0.0000510 seconds
144.699: [Full GC [PSYoungGen: 69120K->69119K(80384K)] [ParOldGen: 182780K->182780K(182784K)] 251900K->251900K(263168K) [PSPermGen: 13494K->13494K(21504K)], 0.0504990 secs] [Times: user=0.35 sys=0.00, real=0.05 secs] 
144.750: Total time for which application threads were stopped: 0.0508940 seconds, Stopping threads took: 0.0000100 seconds
144.750: Application time: 0.0000370 seconds
144.750: [Full GC [PSYoungGen: 69120K->69119K(80384K)] [ParOldGen: 182780K->182780K(182784K)] 251900K->251900K(263168K) [PSPermGen: 13494K->13494K(21504K)], 0.0505530 secs] [Times: user=0.35 sys=0.00, real=0.05 secs] 
144.800: Total time for which application threads were stopped: 0.0509450 seconds, Stopping threads took: 0.0000100 seconds
144.801: Application time: 0.0000570 seconds
144.801: [Full GC [PSYoungGen: 69120K->69119K(80384K)] [ParOldGen: 182780K->182780K(182784K)] 251900K->251900K(263168K) [PSPermGen: 13494K->13494K(21504K)], 0.0506300 secs] [Times: user=0.35 sys=0.00, real=0.05 secs] 
144.852: Total time for which application threads were stopped: 0.0510270 seconds, Stopping threads took: 0.0000080 seconds
144.852: Application time: 0.0000440 seconds
144.852: [Full GC [PSYoungGen: 69120K->69119K(80384K)] [ParOldGen: 182780K->182780K(182784K)] 251900K->251900K(263168K) [PSPermGen: 13494K->13494K(21504K)], 0.0527130 secs] [Times: user=0.36 sys=0.00, real=0.05 secs] 
144.905: Total time for which application threads were stopped: 0.0531100 seconds, Stopping threads took: 0.0000110 seconds
144.905: Application time: 0.0000290 seconds
144.905: [Full GC [PSYoungGen: 69120K->69119K(80384K)] [ParOldGen: 182780K->182780K(182784K)] 251900K->251900K(263168K) [PSPermGen: 13494K->13494K(21504K)], 0.0503290 secs] [Times: user=0.35 sys=0.00, real=0.05 secs] 
144.955: Total time for which application threads were stopped: 0.0507210 seconds, Stopping threads took: 0.0000070 seconds
144.956: Application time: 0.0000880 seconds
144.956: [Full GC [PSYoungGen: 69120K->69119K(80384K)] [ParOldGen: 182780K->182780K(182784K)] 251900K->251900K(263168K) [PSPermGen: 13494K->13494K(21504K)], 0.0504050 secs] [Times: user=0.35 sys=0.00, real=0.05 secs] 
145.006: Total time for which application threads were stopped: 0.0508340 seconds, Stopping threads took: 0.0000070 seconds
145.006: Application time: 0.0000420 seconds
145.007: [Full GC [PSYoungGen: 69120K->69119K(80384K)] [ParOldGen: 182780K->182780K(182784K)] 251900K->251900K(263168K) [PSPermGen: 13494K->13494K(21504K)], 0.0534020 secs] [Times: user=0.37 sys=0.00, real=0.06 secs] 
145.060: Total time for which application threads were stopped: 0.0537940 seconds, Stopping threads took: 0.0000100 seconds
145.060: Application time: 0.0000480 seconds
145.061: [Full GC [PSYoungGen: 69120K->69119K(80384K)] [ParOldGen: 182780K->182780K(182784K)] 251900K->251900K(263168K) [PSPermGen: 13494K->13494K(21504K)], 0.0508960 secs] [Times: user=0.35 sys=0.00, real=0.05 secs] 
145.112: Total time for which application threads were stopped: 0.0512980 seconds, Stopping threads took: 0.0000080 seconds
145.112: Application time: 0.0000540 seconds
145.112: [Full GC [PSYoungGen: 69120K->69119K(80384K)] [ParOldGen: 182780K->182780K(182784K)] 251900K->251900K(263168K) [PSPermGen: 13494K->13494K(21504K)], 0.0505750 secs] [Times: user=0.35 sys=0.00, real=0.05 secs] 
145.163: Total time for which application threads were stopped: 0.0509660 seconds, Stopping threads took: 0.0000080 seconds
145.163: Application time: 0.0000330 seconds
145.163: [Full GC [PSYoungGen: 69120K->69119K(80384K)] [ParOldGen: 182780K->182780K(182784K)] 251900K->251900K(263168K) [PSPermGen: 13494K->13494K(21504K)], 0.0508540 secs] [Times: user=0.35 sys=0.00, real=0.05 secs] 
145.214: Total time for which application threads were stopped: 0.0512470 seconds, Stopping threads took: 0.0000110 seconds
145.214: Application time: 0.0000430 seconds
145.214: [Full GC [PSYoungGen: 69120K->69119K(80384K)] [ParOldGen: 182780K->182780K(182784K)] 251900K->251900K(263168K) [PSPermGen: 13494K->13494K(21504K)], 0.0506150 secs] [Times: user=0.35 sys=0.00, real=0.05 secs] 
145.265: Total time for which application threads were stopped: 0.0510070 seconds, Stopping threads took: 0.0000100 seconds
145.265: Application time: 0.0000460 seconds
145.265: [Full GC [PSYoungGen: 69120K->69119K(80384K)] [ParOldGen: 182780K->182780K(182784K)] 251900K->251900K(263168K) [PSPermGen: 13494K->13494K(21504K)], 0.0506300 secs] [Times: user=0.35 sys=0.00, real=0.05 secs] 
145.316: Total time for which application threads were stopped: 0.0510180 seconds, Stopping threads took: 0.0000080 seconds
145.316: Application time: 0.0000460 seconds
145.316: [Full GC [PSYoungGen: 69120K->69119K(80384K)] [ParOldGen: 182780K->182780K(182784K)] 251900K->251900K(263168K) [PSPermGen: 13494K->13494K(21504K)], 0.0505300 secs] [Times: user=0.35 sys=0.00, real=0.05 secs] 
145.367: Total time for which application threads were stopped: 0.0509300 seconds, Stopping threads took: 0.0000200 seconds
145.367: Application time: 0.0000460 seconds
145.367: [Full GC [PSYoungGen: 69120K->69119K(80384K)] [ParOldGen: 182780K->182780K(182784K)] 251900K->251900K(263168K) [PSPermGen: 13494K->13494K(21504K)], 0.0531600 secs] [Times: user=0.37 sys=0.00, real=0.06 secs] 
145.421: Total time for which application threads were stopped: 0.0535630 seconds, Stopping threads took: 0.0000070 seconds
145.421: Application time: 0.0000460 seconds
145.421: [Full GC [PSYoungGen: 69120K->69119K(80384K)] [ParOldGen: 182780K->182780K(182784K)] 251900K->251900K(263168K) [PSPermGen: 13494K->13494K(21504K)], 0.0503350 secs] [Times: user=0.34 sys=0.01, real=0.05 secs] 
145.471: Total time for which application threads were stopped: 0.0507210 seconds, Stopping threads took: 0.0000070 seconds
145.471: Application time: 0.0000510 seconds
145.472: [Full GC [PSYoungGen: 69119K->69119K(80384K)] [ParOldGen: 182780K->182780K(182784K)] 251900K->251900K(263168K) [PSPermGen: 13494K->13494K(21504K)], 0.0507510 secs] [Times: user=0.35 sys=0.00, real=0.05 secs] 
145.523: Total time for which application threads were stopped: 0.0511740 seconds, Stopping threads took: 0.0000090 seconds
145.523: Application time: 0.0000550 seconds
145.523: [Full GC [PSYoungGen: 69119K->69119K(80384K)] [ParOldGen: 182782K->182781K(182784K)] 251902K->251900K(263168K) [PSPermGen: 13494K->13494K(21504K)], 0.0505630 secs] [Times: user=0.35 sys=0.00, real=0.05 secs] 
145.574: Total time for which application threads were stopped: 0.0509470 seconds, Stopping threads took: 0.0000090 seconds
145.574: Application time: 0.0000460 seconds
145.574: [Full GC [PSYoungGen: 69120K->69119K(80384K)] [ParOldGen: 182781K->182781K(182784K)] 251901K->251900K(263168K) [PSPermGen: 13494K->13494K(21504K)], 0.0510060 secs] [Times: user=0.35 sys=0.00, real=0.05 secs] 
145.625: Total time for which application threads were stopped: 0.0514070 seconds, Stopping threads took: 0.0000230 seconds
145.625: Application time: 0.0000360 seconds
145.625: [Full GC [PSYoungGen: 69120K->69119K(80384K)] [ParOldGen: 182781K->182781K(182784K)] 251901K->251901K(263168K) [PSPermGen: 13494K->13494K(21504K)], 0.0506770 secs] [Times: user=0.35 sys=0.00, real=0.05 secs] 
145.676: Total time for which application threads were stopped: 0.0510650 seconds, Stopping threads took: 0.0000110 seconds
145.676: Application time: 0.0000440 seconds
145.677: [Full GC [PSYoungGen: 69120K->69119K(80384K)] [ParOldGen: 182781K->182781K(182784K)] 251901K->251900K(263168K) [PSPermGen: 13494K->13494K(21504K)], 0.0507550 secs] [Times: user=0.35 sys=0.01, real=0.05 secs] 
145.727: Total time for which application threads were stopped: 0.0511430 seconds, Stopping threads took: 0.0000110 seconds
145.727: Application time: 0.0000360 seconds
145.728: [Full GC [PSYoungGen: 69120K->69119K(80384K)] [ParOldGen: 182781K->182781K(182784K)] 251901K->251900K(263168K) [PSPermGen: 13494K->13494K(21504K)], 0.0508670 secs] [Times: user=0.35 sys=0.00, real=0.06 secs] 
145.779: Total time for which application threads were stopped: 0.0512750 seconds, Stopping threads took: 0.0000280 seconds
145.779: Application time: 0.0000290 seconds
145.779: [Full GC [PSYoungGen: 69120K->69119K(80384K)] [ParOldGen: 182781K->182781K(182784K)] 251901K->251900K(263168K) [PSPermGen: 13494K->13494K(21504K)], 0.0504890 secs] [Times: user=0.35 sys=0.00, real=0.05 secs] 
145.830: Total time for which application threads were stopped: 0.0508720 seconds, Stopping threads took: 0.0000070 seconds
145.830: Application time: 0.0000260 seconds
145.830: [Full GC [PSYoungGen: 69120K->69119K(80384K)] [ParOldGen: 182781K->182781K(182784K)] 251901K->251901K(263168K) [PSPermGen: 13494K->13494K(21504K)], 0.0504020 secs] [Times: user=0.35 sys=0.00, real=0.05 secs] 
145.880: Total time for which application threads were stopped: 0.0507950 seconds, Stopping threads took: 0.0000100 seconds
145.880: Application time: 0.0000430 seconds
145.881: [Full GC [PSYoungGen: 69120K->69119K(80384K)] [ParOldGen: 182781K->182781K(182784K)] 251901K->251900K(263168K) [PSPermGen: 13494K->13494K(21504K)], 0.0510720 secs] [Times: user=0.35 sys=0.00, real=0.05 secs] 
145.932: Total time for which application threads were stopped: 0.0514720 seconds, Stopping threads took: 0.0000080 seconds
145.932: Application time: 0.0000550 seconds
145.932: [Full GC [PSYoungGen: 69120K->69119K(80384K)] [ParOldGen: 182781K->182781K(182784K)] 251901K->251900K(263168K) [PSPermGen: 13494K->13494K(21504K)], 0.0506250 secs] [Times: user=0.35 sys=0.00, real=0.05 secs] 
145.983: Total time for which application threads were stopped: 0.0510070 seconds, Stopping threads took: 0.0000070 seconds
145.983: Application time: 0.0000390 seconds
145.983: [Full GC [PSYoungGen: 69120K->69119K(80384K)] [ParOldGen: 182781K->182781K(182784K)] 251901K->251900K(263168K) [PSPermGen: 13494K->13494K(21504K)], 0.0506150 secs] [Times: user=0.35 sys=0.00, real=0.05 secs] 
146.034: Total time for which application threads were stopped: 0.0510340 seconds, Stopping threads took: 0.0000130 seconds
146.034: Application time: 0.0000540 seconds
146.034: [Full GC [PSYoungGen: 69120K->69119K(80384K)] [ParOldGen: 182781K->182781K(182784K)] 251901K->251900K(263168K) [PSPermGen: 13494K->13494K(21504K)], 0.0506100 secs] [Times: user=0.35 sys=0.00, real=0.05 secs] 
146.085: Total time for which application threads were stopped: 0.0510030 seconds, Stopping threads took: 0.0000080 seconds
146.085: Application time: 0.0000430 seconds
146.085: [Full GC [PSYoungGen: 69120K->69119K(80384K)] [ParOldGen: 182781K->182780K(182784K)] 251901K->251900K(263168K) [PSPermGen: 13494K->13494K(21504K)], 0.0503500 secs] [Times: user=0.35 sys=0.00, real=0.05 secs] 
146.136: Total time for which application threads were stopped: 0.0507450 seconds, Stopping threads took: 0.0000180 seconds
146.136: Application time: 0.0000380 seconds
146.136: [Full GC [PSYoungGen: 69120K->69119K(80384K)] [ParOldGen: 182780K->182780K(182784K)] 251900K->251900K(263168K) [PSPermGen: 13494K->13494K(21504K)], 0.0511460 secs] [Times: user=0.35 sys=0.00, real=0.05 secs] 
146.187: Total time for which application threads were stopped: 0.0515340 seconds, Stopping threads took: 0.0000080 seconds
146.188: Application time: 0.0000540 seconds
146.188: [Full GC [PSYoungGen: 69120K->69119K(80384K)] [ParOldGen: 182780K->182780K(182784K)] 251900K->251900K(263168K) [PSPermGen: 13494K->13494K(21504K)], 0.0507330 secs] [Times: user=0.35 sys=0.00, real=0.06 secs] 
146.239: Total time for which application threads were stopped: 0.0511370 seconds, Stopping threads took: 0.0000190 seconds
146.239: Application time: 0.0000530 seconds
146.239: [Full GC [PSYoungGen: 69120K->69119K(80384K)] [ParOldGen: 182780K->182780K(182784K)] 251900K->251900K(263168K) [PSPermGen: 13494K->13494K(21504K)], 0.0508050 secs] [Times: user=0.35 sys=0.00, real=0.05 secs] 
146.290: Total time for which application threads were stopped: 0.0511970 seconds, Stopping threads took: 0.0000080 seconds
146.290: Application time: 0.0000490 seconds
146.290: [Full GC [PSYoungGen: 69120K->69119K(80384K)] [ParOldGen: 182780K->182780K(182784K)] 251900K->251900K(263168K) [PSPermGen: 13494K->13494K(21504K)], 0.0529140 secs] [Times: user=0.36 sys=0.01, real=0.05 secs] 
146.343: Total time for which application threads were stopped: 0.0532990 seconds, Stopping threads took: 0.0000070 seconds
146.343: Application time: 0.0000290 seconds
146.344: [Full GC [PSYoungGen: 69119K->69119K(80384K)] [ParOldGen: 182780K->182780K(182784K)] 251900K->251900K(263168K) [PSPermGen: 13494K->13494K(21504K)], 0.0508770 secs] [Times: user=0.35 sys=0.01, real=0.05 secs] 
146.395: Total time for which application threads were stopped: 0.0512730 seconds, Stopping threads took: 0.0000110 seconds
146.395: Application time: 0.0000580 seconds
146.395: [Full GC [PSYoungGen: 69119K->69119K(80384K)] [ParOldGen: 182783K->182781K(182784K)] 251903K->251900K(263168K) [PSPermGen: 13494K->13494K(21504K)], 0.0507060 secs] [Times: user=0.35 sys=0.00, real=0.05 secs] 
146.446: Total time for which application threads were stopped: 0.0510920 seconds, Stopping threads took: 0.0000060 seconds
146.446: Application time: 0.0000320 seconds
146.446: [Full GC [PSYoungGen: 69120K->69119K(80384K)] [ParOldGen: 182781K->182781K(182784K)] 251901K->251900K(263168K) [PSPermGen: 13494K->13494K(21504K)], 0.0506420 secs] [Times: user=0.35 sys=0.00, real=0.06 secs] 
146.497: Total time for which application threads were stopped: 0.0510310 seconds, Stopping threads took: 0.0000100 seconds
146.497: Application time: 0.0000440 seconds
146.497: [Full GC [PSYoungGen: 69120K->69119K(80384K)] [ParOldGen: 182781K->182781K(182784K)] 251901K->251901K(263168K) [PSPermGen: 13494K->13494K(21504K)], 0.0505990 secs] [Times: user=0.35 sys=0.00, real=0.04 secs] 
146.548: Total time for which application threads were stopped: 0.0510120 seconds, Stopping threads took: 0.0000090 seconds
146.548: Application time: 0.0000410 seconds
146.548: [Full GC [PSYoungGen: 69119K->69119K(80384K)] [ParOldGen: 182781K->182781K(182784K)] 251901K->251901K(263168K) [PSPermGen: 13494K->13494K(21504K)], 0.0506050 secs] [Times: user=0.34 sys=0.00, real=0.06 secs] 
146.599: Total time for which application threads were stopped: 0.0509920 seconds, Stopping threads took: 0.0000070 seconds
146.599: Application time: 0.0000740 seconds
146.599: [Full GC [PSYoungGen: 69119K->69119K(80384K)] [ParOldGen: 182783K->182781K(182784K)] 251903K->251900K(263168K) [PSPermGen: 13494K->13494K(21504K)], 0.0508970 secs] [Times: user=0.35 sys=0.00, real=0.05 secs] 
146.650: Total time for which application threads were stopped: 0.0512850 seconds, Stopping threads took: 0.0000080 seconds
146.650: Application time: 0.0000400 seconds
146.651: [Full GC [PSYoungGen: 69120K->69119K(80384K)] [ParOldGen: 182781K->182781K(182784K)] 251901K->251900K(263168K) [PSPermGen: 13494K->13494K(21504K)], 0.0505900 secs] [Times: user=0.34 sys=0.00, real=0.05 secs] 
146.701: Total time for which application threads were stopped: 0.0510030 seconds, Stopping threads took: 0.0000180 seconds
146.701: Application time: 0.0000550 seconds
146.702: [Full GC [PSYoungGen: 69120K->69119K(80384K)] [ParOldGen: 182781K->182781K(182784K)] 251901K->251900K(263168K) [PSPermGen: 13494K->13494K(21504K)], 0.0540820 secs] [Times: user=0.38 sys=0.00, real=0.05 secs] 
146.756: Total time for which application threads were stopped: 0.0544640 seconds, Stopping threads took: 0.0000070 seconds
146.756: Application time: 0.0000310 seconds
146.756: [Full GC [PSYoungGen: 69120K->69119K(80384K)] [ParOldGen: 182781K->182781K(182784K)] 251901K->251900K(263168K) [PSPermGen: 13494K->13494K(21504K)], 0.0528150 secs] [Times: user=0.36 sys=0.00, real=0.06 secs] 
146.809: Total time for which application threads were stopped: 0.0532110 seconds, Stopping threads took: 0.0000160 seconds
146.809: Application time: 0.0000480 seconds
146.809: [Full GC [PSYoungGen: 69120K->69119K(80384K)] [ParOldGen: 182781K->182781K(182784K)] 251901K->251900K(263168K) [PSPermGen: 13494K->13494K(21504K)], 0.0506400 secs] [Times: user=0.35 sys=0.00, real=0.05 secs] 
146.860: Total time for which application threads were stopped: 0.0510410 seconds, Stopping threads took: 0.0000210 seconds
146.860: Application time: 0.0000540 seconds
146.861: [Full GC [PSYoungGen: 69120K->69119K(80384K)] [ParOldGen: 182781K->182781K(182784K)] 251901K->251901K(263168K) [PSPermGen: 13494K->13494K(21504K)], 0.0510390 secs] [Times: user=0.35 sys=0.00, real=0.05 secs] 
146.912: Total time for which application threads were stopped: 0.0514280 seconds, Stopping threads took: 0.0000080 seconds
146.912: Application time: 0.0000460 seconds
146.912: [Full GC [PSYoungGen: 69120K->69119K(80384K)] [ParOldGen: 182781K->182781K(182784K)] 251901K->251901K(263168K) [PSPermGen: 13494K->13494K(21504K)], 0.0506300 secs] [Times: user=0.35 sys=0.00, real=0.05 secs] 
146.963: Total time for which application threads were stopped: 0.0510240 seconds, Stopping threads took: 0.0000080 seconds
146.963: Application time: 0.0000270 seconds
146.963: [Full GC [PSYoungGen: 69120K->69119K(80384K)] [ParOldGen: 182781K->182781K(182784K)] 251901K->251901K(263168K) [PSPermGen: 13494K->13494K(21504K)], 0.0505210 secs] [Times: user=0.35 sys=0.00, real=0.05 secs] 
147.014: Total time for which application threads were stopped: 0.0509150 seconds, Stopping threads took: 0.0000120 seconds
147.014: Application time: 0.0000830 seconds
147.014: [Full GC [PSYoungGen: 69120K->69119K(80384K)] [ParOldGen: 182783K->182781K(182784K)] 251903K->251901K(263168K) [PSPermGen: 13494K->13494K(21504K)], 0.1232840 secs] [Times: user=0.90 sys=0.00, real=0.13 secs] 
147.137: Total time for which application threads were stopped: 0.1236940 seconds, Stopping threads took: 0.0000080 seconds
147.137: Application time: 0.0000830 seconds
147.138: [Full GC [PSYoungGen: 69120K->69119K(80384K)] [ParOldGen: 182781K->182781K(182784K)] 251901K->251901K(263168K) [PSPermGen: 13494K->13494K(21504K)], 0.0506460 secs] [Times: user=0.35 sys=0.00, real=0.04 secs] 
147.189: Total time for which application threads were stopped: 0.0510430 seconds, Stopping threads took: 0.0000120 seconds
147.189: Application time: 0.0000500 seconds
147.189: [Full GC [PSYoungGen: 69120K->69119K(80384K)] [ParOldGen: 182781K->182781K(182784K)] 251901K->251901K(263168K) [PSPermGen: 13494K->13494K(21504K)], 0.0504370 secs] [Times: user=0.34 sys=0.01, real=0.05 secs] 
147.239: Total time for which application threads were stopped: 0.0508420 seconds, Stopping threads took: 0.0000080 seconds
147.239: Application time: 0.0000350 seconds
147.240: [Full GC [PSYoungGen: 69120K->69119K(80384K)] [ParOldGen: 182781K->182781K(182784K)] 251901K->251901K(263168K) [PSPermGen: 13494K->13494K(21504K)], 0.0526820 secs] [Times: user=0.37 sys=0.00, real=0.05 secs] 
147.293: Total time for which application threads were stopped: 0.0530650 seconds, Stopping threads took: 0.0000070 seconds
147.293: Application time: 0.0000620 seconds
147.293: [Full GC [PSYoungGen: 69120K->69119K(80384K)] [ParOldGen: 182781K->182781K(182784K)] 251901K->251901K(263168K) [PSPermGen: 13494K->13494K(21504K)], 0.0506430 secs] [Times: user=0.35 sys=0.00, real=0.05 secs] 
147.344: Total time for which application threads were stopped: 0.0510410 seconds, Stopping threads took: 0.0000090 seconds
147.344: Application time: 0.0000340 seconds
147.344: [Full GC [PSYoungGen: 69120K->69119K(80384K)] [ParOldGen: 182781K->182781K(182784K)] 251901K->251901K(263168K) [PSPermGen: 13494K->13494K(21504K)], 0.0504410 secs] [Times: user=0.35 sys=0.00, real=0.05 secs] 
147.395: Total time for which application threads were stopped: 0.0508270 seconds, Stopping threads took: 0.0000070 seconds
147.395: Application time: 0.0000320 seconds
147.395: [Full GC [PSYoungGen: 69120K->69119K(80384K)] [ParOldGen: 182781K->182781K(182784K)] 251901K->251901K(263168K) [PSPermGen: 13494K->13494K(21504K)], 0.0505910 secs] [Times: user=0.35 sys=0.00, real=0.05 secs] 
147.446: Total time for which application threads were stopped: 0.0509830 seconds, Stopping threads took: 0.0000070 seconds
147.446: Application time: 0.0000520 seconds
147.446: [Full GC [PSYoungGen: 69120K->69119K(80384K)] [ParOldGen: 182781K->182781K(182784K)] 251901K->251901K(263168K) [PSPermGen: 13494K->13494K(21504K)], 0.0510020 secs] [Times: user=0.35 sys=0.00, real=0.06 secs] 
147.497: Total time for which application threads were stopped: 0.0513930 seconds, Stopping threads took: 0.0000090 seconds
147.497: Application time: 0.0000420 seconds
147.497: [Full GC [PSYoungGen: 69120K->69119K(80384K)] [ParOldGen: 182781K->182781K(182784K)] 251901K->251901K(263168K) [PSPermGen: 13494K->13494K(21504K)], 0.0507650 secs] [Times: user=0.35 sys=0.00, real=0.04 secs] 
147.548: Total time for which application threads were stopped: 0.0511600 seconds, Stopping threads took: 0.0000130 seconds
147.548: Application time: 0.0000480 seconds
147.549: [Full GC [PSYoungGen: 69120K->69119K(80384K)] [ParOldGen: 182781K->182781K(182784K)] 251901K->251901K(263168K) [PSPermGen: 13494K->13494K(21504K)], 0.0506030 secs] [Times: user=0.35 sys=0.01, real=0.05 secs] 
147.599: Total time for which application threads were stopped: 0.0510240 seconds, Stopping threads took: 0.0000110 seconds
147.599: Application time: 0.0000300 seconds
147.600: [Full GC [PSYoungGen: 69120K->69119K(80384K)] [ParOldGen: 182781K->182781K(182784K)] 251901K->251901K(263168K) [PSPermGen: 13494K->13494K(21504K)], 0.0528610 secs] [Times: user=0.36 sys=0.00, real=0.05 secs] 
147.653: Total time for which application threads were stopped: 0.0532540 seconds, Stopping threads took: 0.0000110 seconds
147.653: Application time: 0.0000380 seconds
147.653: [Full GC [PSYoungGen: 69120K->69119K(80384K)] [ParOldGen: 182781K->182781K(182784K)] 251901K->251901K(263168K) [PSPermGen: 13494K->13494K(21504K)], 0.0506250 secs] [Times: user=0.35 sys=0.00, real=0.05 secs] 
147.704: Total time for which application threads were stopped: 0.0510300 seconds, Stopping threads took: 0.0000180 seconds
147.704: Application time: 0.0000440 seconds
147.704: [Full GC [PSYoungGen: 69120K->69119K(80384K)] [ParOldGen: 182781K->182781K(182784K)] 251901K->251901K(263168K) [PSPermGen: 13494K->13494K(21504K)], 0.0506290 secs] [Times: user=0.35 sys=0.00, real=0.05 secs] 
147.755: Total time for which application threads were stopped: 0.0510170 seconds, Stopping threads took: 0.0000080 seconds
147.755: Application time: 0.0000480 seconds
147.755: [Full GC [PSYoungGen: 69120K->69120K(80384K)] [ParOldGen: 182781K->182781K(182784K)] 251901K->251901K(263168K) [PSPermGen: 13494K->13494K(21504K)], 0.0522850 secs] [Times: user=0.36 sys=0.00, real=0.05 secs] 
147.807: Total time for which application threads were stopped: 0.0526780 seconds, Stopping threads took: 0.0000110 seconds
147.807: Application time: 0.0000630 seconds
147.808: [Full GC [PSYoungGen: 69120K->69119K(80384K)] [ParOldGen: 182783K->182781K(182784K)] 251903K->251901K(263168K) [PSPermGen: 13494K->13494K(21504K)], 0.0522520 secs] [Times: user=0.37 sys=0.00, real=0.06 secs] 
147.860: Total time for which application threads were stopped: 0.0526360 seconds, Stopping threads took: 0.0000090 seconds
147.860: Application time: 0.0000480 seconds
147.860: [Full GC [PSYoungGen: 69120K->69119K(80384K)] [ParOldGen: 182781K->182781K(182784K)] 251901K->251901K(263168K) [PSPermGen: 13494K->13494K(21504K)], 0.0523940 secs] [Times: user=0.36 sys=0.00, real=0.05 secs] 
147.913: Total time for which application threads were stopped: 0.0527810 seconds, Stopping threads took: 0.0000070 seconds
147.913: Application time: 0.0000540 seconds
147.913: [Full GC [PSYoungGen: 69120K->69119K(80384K)] [ParOldGen: 182781K->182781K(182784K)] 251901K->251901K(263168K) [PSPermGen: 13494K->13494K(21504K)], 0.0532200 secs] [Times: user=0.37 sys=0.00, real=0.05 secs] 
147.967: Total time for which application threads were stopped: 0.0536080 seconds, Stopping threads took: 0.0000070 seconds
147.967: Application time: 0.0000790 seconds
147.967: [Full GC [PSYoungGen: 69120K->69119K(80384K)] [ParOldGen: 182781K->182781K(182784K)] 251901K->251901K(263168K) [PSPermGen: 13494K->13494K(21504K)], 0.0510940 secs] [Times: user=0.35 sys=0.00, real=0.06 secs] 
148.018: Total time for which application threads were stopped: 0.0514840 seconds, Stopping threads took: 0.0000080 seconds
148.018: Application time: 0.0000380 seconds
148.019: [Full GC [PSYoungGen: 69120K->69119K(80384K)] [ParOldGen: 182781K->182781K(182784K)] 251901K->251901K(263168K) [PSPermGen: 13494K->13494K(21504K)], 0.0510640 secs] [Times: user=0.35 sys=0.00, real=0.05 secs] 
148.070: Total time for which application threads were stopped: 0.0514640 seconds, Stopping threads took: 0.0000120 seconds
148.070: Application time: 0.0000530 seconds
148.070: [Full GC [PSYoungGen: 69120K->69119K(80384K)] [ParOldGen: 182781K->182781K(182784K)] 251901K->251901K(263168K) [PSPermGen: 13494K->13494K(21504K)], 0.0504400 secs] [Times: user=0.35 sys=0.00, real=0.05 secs] 
148.121: Total time for which application threads were stopped: 0.0508450 seconds, Stopping threads took: 0.0000080 seconds
148.121: Application time: 0.0000720 seconds
148.121: [Full GC [PSYoungGen: 69120K->69119K(80384K)] [ParOldGen: 182783K->182782K(182784K)] 251903K->251901K(263168K) [PSPermGen: 13494K->13494K(21504K)], 0.0508440 secs] [Times: user=0.34 sys=0.01, real=0.05 secs] 
148.172: Total time for which application threads were stopped: 0.0512360 seconds, Stopping threads took: 0.0000090 seconds
148.172: Application time: 0.0000510 seconds
148.172: [Full GC [PSYoungGen: 69120K->69119K(80384K)] [ParOldGen: 182782K->182781K(182784K)] 251902K->251901K(263168K) [PSPermGen: 13494K->13494K(21504K)], 0.0509380 secs] [Times: user=0.36 sys=0.00, real=0.05 secs] 
148.223: Total time for which application threads were stopped: 0.0513300 seconds, Stopping threads took: 0.0000080 seconds
148.223: Application time: 0.0000420 seconds
148.224: [Full GC [PSYoungGen: 69120K->69119K(80384K)] [ParOldGen: 182781K->182781K(182784K)] 251901K->251901K(263168K) [PSPermGen: 13494K->13494K(21504K)], 0.0508020 secs] [Times: user=0.35 sys=0.00, real=0.05 secs] 
148.274: Total time for which application threads were stopped: 0.0511970 seconds, Stopping threads took: 0.0000120 seconds
148.275: Application time: 0.0000470 seconds
148.275: [Full GC [PSYoungGen: 69120K->69119K(80384K)] [ParOldGen: 182781K->182781K(182784K)] 251901K->251901K(263168K) [PSPermGen: 13494K->13494K(21504K)], 0.0504460 secs] [Times: user=0.35 sys=0.00, real=0.05 secs] 
148.325: Total time for which application threads were stopped: 0.0508460 seconds, Stopping threads took: 0.0000080 seconds
148.325: Application time: 0.0000710 seconds
148.326: [Full GC [PSYoungGen: 69120K->69119K(80384K)] [ParOldGen: 182781K->182781K(182784K)] 251901K->251901K(263168K) [PSPermGen: 13494K->13494K(21504K)], 0.0528250 secs] [Times: user=0.37 sys=0.00, real=0.06 secs] 
148.379: Total time for which application threads were stopped: 0.0532200 seconds, Stopping threads took: 0.0000080 seconds
148.379: Application time: 0.0000620 seconds
148.379: [Full GC [PSYoungGen: 69120K->69119K(80384K)] [ParOldGen: 182781K->182781K(182784K)] 251901K->251901K(263168K) [PSPermGen: 13494K->13494K(21504K)], 0.0528440 secs] [Times: user=0.37 sys=0.00, real=0.05 secs] 
148.432: Total time for which application threads were stopped: 0.0532340 seconds, Stopping threads took: 0.0000070 seconds
148.432: Application time: 0.0000330 seconds
148.432: [Full GC [PSYoungGen: 69119K->69119K(80384K)] [ParOldGen: 182781K->182781K(182784K)] 251901K->251901K(263168K) [PSPermGen: 13494K->13494K(21504K)], 0.0504810 secs] [Times: user=0.35 sys=0.00, real=0.05 secs] 
148.483: Total time for which application threads were stopped: 0.0508640 seconds, Stopping threads took: 0.0000080 seconds
148.483: Application time: 0.0000330 seconds
148.483: [Full GC [PSYoungGen: 69119K->69119K(80384K)] [ParOldGen: 182781K->182781K(182784K)] 251901K->251901K(263168K) [PSPermGen: 13494K->13494K(21504K)], 0.0506660 secs] [Times: user=0.35 sys=0.00, real=0.05 secs] 
148.534: Total time for which application threads were stopped: 0.0510570 seconds, Stopping threads took: 0.0000120 seconds
148.534: Application time: 0.0000250 seconds
148.534: [Full GC [PSYoungGen: 69119K->69119K(80384K)] [ParOldGen: 182781K->182781K(182784K)] 251901K->251901K(263168K) [PSPermGen: 13494K->13494K(21504K)], 0.0503000 secs] [Times: user=0.34 sys=0.00, real=0.05 secs] 
148.585: Total time for which application threads were stopped: 0.0506890 seconds, Stopping threads took: 0.0000090 seconds
148.585: Application time: 0.0000590 seconds
148.585: [Full GC [PSYoungGen: 69119K->69119K(80384K)] [ParOldGen: 182781K->182781K(182784K)] 251901K->251901K(263168K) [PSPermGen: 13494K->13494K(21504K)], 0.0526640 secs] [Times: user=0.37 sys=0.00, real=0.06 secs] 
148.638: Total time for which application threads were stopped: 0.0530810 seconds, Stopping threads took: 0.0000070 seconds
148.638: Application time: 0.0000310 seconds
148.638: [Full GC [PSYoungGen: 69120K->69120K(80384K)] [ParOldGen: 182781K->182781K(182784K)] 251901K->251901K(263168K) [PSPermGen: 13494K->13494K(21504K)], 0.0507460 secs] [Times: user=0.35 sys=0.00, real=0.05 secs] 
148.689: Total time for which application threads were stopped: 0.0511410 seconds, Stopping threads took: 0.0000110 seconds
148.689: Application time: 0.0000550 seconds
148.689: [Full GC [PSYoungGen: 69120K->69119K(80384K)] [ParOldGen: 182783K->182782K(182784K)] 251903K->251901K(263168K) [PSPermGen: 13494K->13494K(21504K)], 0.0503740 secs] [Times: user=0.35 sys=0.00, real=0.05 secs] 
148.740: Total time for which application threads were stopped: 0.0507650 seconds, Stopping threads took: 0.0000080 seconds
148.740: Application time: 0.0000320 seconds
148.740: [Full GC [PSYoungGen: 69120K->69119K(80384K)] [ParOldGen: 182782K->182782K(182784K)] 251902K->251901K(263168K) [PSPermGen: 13494K->13494K(21504K)], 0.0506930 secs] [Times: user=0.35 sys=0.00, real=0.05 secs] 
148.791: Total time for which application threads were stopped: 0.0510830 seconds, Stopping threads took: 0.0000110 seconds
148.791: Application time: 0.0000660 seconds
148.791: [Full GC [PSYoungGen: 69120K->69119K(80384K)] [ParOldGen: 182782K->182782K(182784K)] 251902K->251901K(263168K) [PSPermGen: 13494K->13494K(21504K)], 0.0512270 secs] [Times: user=0.36 sys=0.00, real=0.05 secs] 
148.843: Total time for which application threads were stopped: 0.0516220 seconds, Stopping threads took: 0.0000090 seconds
148.843: Application time: 0.0000340 seconds
148.843: [Full GC [PSYoungGen: 69120K->69119K(80384K)] [ParOldGen: 182782K->182782K(182784K)] 251902K->251901K(263168K) [PSPermGen: 13494K->13494K(21504K)], 0.0511130 secs] [Times: user=0.34 sys=0.00, real=0.05 secs] 
148.896: Total time for which application threads were stopped: 0.0530750 seconds, Stopping threads took: 0.0000130 seconds
148.896: Application time: 0.0000750 seconds
148.896: [Full GC [PSYoungGen: 69120K->69119K(80384K)] [ParOldGen: 182782K->182782K(182784K)] 251902K->251901K(263168K) [PSPermGen: 13494K->13494K(21504K)], 0.0509340 secs] [Times: user=0.35 sys=0.00, real=0.05 secs] 
148.947: Total time for which application threads were stopped: 0.0513200 seconds, Stopping threads took: 0.0000070 seconds
148.947: Application time: 0.0000480 seconds
148.948: [Full GC [PSYoungGen: 69120K->69119K(80384K)] [ParOldGen: 182782K->182781K(182784K)] 251902K->251901K(263168K) [PSPermGen: 13494K->13494K(21504K)], 0.0509460 secs] [Times: user=0.36 sys=0.00, real=0.06 secs] 
148.999: Total time for which application threads were stopped: 0.0513320 seconds, Stopping threads took: 0.0000100 seconds
148.999: Application time: 0.0000360 seconds
148.999: [Full GC [PSYoungGen: 69120K->69119K(80384K)] [ParOldGen: 182781K->182781K(182784K)] 251901K->251901K(263168K) [PSPermGen: 13494K->13494K(21504K)], 0.0524220 secs] [Times: user=0.36 sys=0.00, real=0.05 secs] 
149.051: Total time for which application threads were stopped: 0.0528160 seconds, Stopping threads took: 0.0000140 seconds
149.051: Application time: 0.0000360 seconds
149.052: [Full GC [PSYoungGen: 69120K->69119K(80384K)] [ParOldGen: 182781K->182781K(182784K)] 251901K->251901K(263168K) [PSPermGen: 13494K->13494K(21504K)], 0.0506910 secs] [Times: user=0.36 sys=0.00, real=0.05 secs] 
149.103: Total time for which application threads were stopped: 0.0510930 seconds, Stopping threads took: 0.0000220 seconds
149.103: Application time: 0.0000440 seconds
149.103: [Full GC [PSYoungGen: 69120K->69119K(80384K)] [ParOldGen: 182781K->182781K(182784K)] 251901K->251901K(263168K) [PSPermGen: 13494K->13494K(21504K)], 0.0506850 secs] [Times: user=0.35 sys=0.00, real=0.05 secs] 
149.154: Total time for which application threads were stopped: 0.0511070 seconds, Stopping threads took: 0.0000210 seconds
149.154: Application time: 0.0000570 seconds
149.154: [Full GC [PSYoungGen: 69120K->69119K(80384K)] [ParOldGen: 182781K->182781K(182784K)] 251901K->251901K(263168K) [PSPermGen: 13494K->13494K(21504K)], 0.0504740 secs] [Times: user=0.35 sys=0.00, real=0.05 secs] 
149.205: Total time for which application threads were stopped: 0.0508740 seconds, Stopping threads took: 0.0000090 seconds
149.205: Application time: 0.0000840 seconds
149.205: [Full GC [PSYoungGen: 69120K->69119K(80384K)] [ParOldGen: 182781K->182781K(182784K)] 251901K->251901K(263168K) [PSPermGen: 13494K->13494K(21504K)], 0.0505010 secs] [Times: user=0.35 sys=0.00, real=0.05 secs] 
149.256: Total time for which application threads were stopped: 0.0509020 seconds, Stopping threads took: 0.0000120 seconds
149.256: Application time: 0.0000450 seconds
149.256: [Full GC [PSYoungGen: 69120K->69119K(80384K)] [ParOldGen: 182781K->182781K(182784K)] 251901K->251901K(263168K) [PSPermGen: 13494K->13494K(21504K)], 0.0505850 secs] [Times: user=0.35 sys=0.00, real=0.05 secs] 
149.307: Total time for which application threads were stopped: 0.0509700 seconds, Stopping threads took: 0.0000080 seconds
149.307: Application time: 0.0000350 seconds
149.307: [Full GC [PSYoungGen: 69120K->69119K(80384K)] [ParOldGen: 182781K->182781K(182784K)] 251901K->251901K(263168K) [PSPermGen: 13494K->13494K(21504K)], 0.0505200 secs] [Times: user=0.35 sys=0.00, real=0.06 secs] 
149.358: Total time for which application threads were stopped: 0.0509110 seconds, Stopping threads took: 0.0000130 seconds
149.358: Application time: 0.0000550 seconds
149.358: [Full GC [PSYoungGen: 69120K->69119K(80384K)] [ParOldGen: 182781K->182781K(182784K)] 251901K->251901K(263168K) [PSPermGen: 13494K->13494K(21504K)], 0.0505590 secs] [Times: user=0.34 sys=0.00, real=0.04 secs] 
149.409: Total time for which application threads were stopped: 0.0509480 seconds, Stopping threads took: 0.0000080 seconds
149.409: Application time: 0.0000490 seconds
149.409: [Full GC [PSYoungGen: 69120K->69119K(80384K)] [ParOldGen: 182781K->182781K(182784K)] 251901K->251901K(263168K) [PSPermGen: 13494K->13494K(21504K)], 0.0503090 secs] [Times: user=0.35 sys=0.00, real=0.05 secs] 
149.459: Total time for which application threads were stopped: 0.0507000 seconds, Stopping threads took: 0.0000080 seconds
149.459: Application time: 0.0000590 seconds
149.460: [Full GC [PSYoungGen: 69119K->69119K(80384K)] [ParOldGen: 182781K->182781K(182784K)] 251901K->251901K(263168K) [PSPermGen: 13494K->13494K(21504K)], 0.0525800 secs] [Times: user=0.37 sys=0.00, real=0.05 secs] 
149.512: Total time for which application threads were stopped: 0.0529750 seconds, Stopping threads took: 0.0000080 seconds
149.512: Application time: 0.0000640 seconds
149.513: [Full GC [PSYoungGen: 69120K->69119K(80384K)] [ParOldGen: 182783K->182781K(182784K)] 251903K->251901K(263168K) [PSPermGen: 13494K->13494K(21504K)], 0.0506710 secs] [Times: user=0.35 sys=0.00, real=0.05 secs] 
149.563: Total time for which application threads were stopped: 0.0510710 seconds, Stopping threads took: 0.0000080 seconds
149.564: Application time: 0.0000450 seconds
149.564: [Full GC [PSYoungGen: 69120K->69119K(80384K)] [ParOldGen: 182781K->182781K(182784K)] 251901K->251901K(263168K) [PSPermGen: 13494K->13494K(21504K)], 0.0504390 secs] [Times: user=0.35 sys=0.00, real=0.05 secs] 
149.614: Total time for which application threads were stopped: 0.0508190 seconds, Stopping threads took: 0.0000070 seconds
149.614: Application time: 0.0000320 seconds
149.615: [Full GC [PSYoungGen: 69119K->69119K(80384K)] [ParOldGen: 182781K->182781K(182784K)] 251901K->251901K(263168K) [PSPermGen: 13494K->13494K(21504K)], 0.0508200 secs] [Times: user=0.35 sys=0.00, real=0.05 secs] 
149.666: Total time for which application threads were stopped: 0.0512300 seconds, Stopping threads took: 0.0000200 seconds
149.666: Application time: 0.0000460 seconds
149.666: [Full GC [PSYoungGen: 69119K->69119K(80384K)] [ParOldGen: 182781K->182781K(182784K)] 251901K->251901K(263168K) [PSPermGen: 13494K->13494K(21504K)], 0.0510710 secs] [Times: user=0.35 sys=0.00, real=0.06 secs] 
149.717: Total time for which application threads were stopped: 0.0514570 seconds, Stopping threads took: 0.0000090 seconds
149.717: Application time: 0.0000660 seconds
149.718: [Full GC [PSYoungGen: 69119K->69119K(80384K)] [ParOldGen: 182783K->182782K(182784K)] 251903K->251902K(263168K) [PSPermGen: 13494K->13494K(21504K)], 0.0505620 secs] [Times: user=0.35 sys=0.00, real=0.04 secs] 
149.768: Total time for which application threads were stopped: 0.0509520 seconds, Stopping threads took: 0.0000070 seconds
149.768: Application time: 0.0000470 seconds
149.769: [Full GC [PSYoungGen: 69120K->69119K(80384K)] [ParOldGen: 182782K->182782K(182784K)] 251902K->251902K(263168K) [PSPermGen: 13494K->13494K(21504K)], 0.0512690 secs] [Times: user=0.35 sys=0.00, real=0.06 secs] 
149.820: Total time for which application threads were stopped: 0.0516560 seconds, Stopping threads took: 0.0000080 seconds
149.820: Application time: 0.0000440 seconds
149.820: [Full GC [PSYoungGen: 69120K->69119K(80384K)] [ParOldGen: 182782K->182782K(182784K)] 251902K->251902K(263168K) [PSPermGen: 13494K->13494K(21504K)], 0.0509090 secs] [Times: user=0.35 sys=0.00, real=0.05 secs] 
149.871: Total time for which application threads were stopped: 0.0512990 seconds, Stopping threads took: 0.0000090 seconds
149.871: Application time: 0.0000710 seconds
149.872: [Full GC [PSYoungGen: 69120K->69119K(80384K)] [ParOldGen: 182782K->182782K(182784K)] 251902K->251902K(263168K) [PSPermGen: 13494K->13494K(21504K)], 0.0509420 secs] [Times: user=0.35 sys=0.01, real=0.05 secs] 
149.923: Total time for which application threads were stopped: 0.0513500 seconds, Stopping threads took: 0.0000240 seconds
149.923: Application time: 0.0000390 seconds
149.923: [Full GC [PSYoungGen: 69120K->69119K(80384K)] [ParOldGen: 182782K->182782K(182784K)] 251902K->251902K(263168K) [PSPermGen: 13494K->13494K(21504K)], 0.0506420 secs] [Times: user=0.35 sys=0.00, real=0.05 secs] 
149.974: Total time for which application threads were stopped: 0.0510650 seconds, Stopping threads took: 0.0000370 seconds
149.974: Application time: 0.0000510 seconds
149.974: [Full GC [PSYoungGen: 69120K->69119K(80384K)] [ParOldGen: 182782K->182782K(182784K)] 251902K->251902K(263168K) [PSPermGen: 13494K->13494K(21504K)], 0.0506950 secs] [Times: user=0.35 sys=0.00, real=0.05 secs] 
150.025: Total time for which application threads were stopped: 0.0511000 seconds, Stopping threads took: 0.0000280 seconds
150.025: Application time: 0.0000660 seconds
150.025: [Full GC [PSYoungGen: 69120K->69119K(80384K)] [ParOldGen: 182782K->182782K(182784K)] 251902K->251901K(263168K) [PSPermGen: 13494K->13494K(21504K)], 0.0506620 secs] [Times: user=0.35 sys=0.00, real=0.05 secs] 
150.076: Total time for which application threads were stopped: 0.0510530 seconds, Stopping threads took: 0.0000070 seconds
150.076: Application time: 0.0000360 seconds
150.076: [Full GC [PSYoungGen: 69120K->69119K(80384K)] [ParOldGen: 182782K->182782K(182784K)] 251902K->251901K(263168K) [PSPermGen: 13494K->13494K(21504K)], 0.0505980 secs] [Times: user=0.35 sys=0.00, real=0.05 secs] 
150.127: Total time for which application threads were stopped: 0.0509980 seconds, Stopping threads took: 0.0000100 seconds
150.127: Application time: 0.0000310 seconds
150.127: [Full GC [PSYoungGen: 69120K->69119K(80384K)] [ParOldGen: 182782K->182782K(182784K)] 251902K->251901K(263168K) [PSPermGen: 13494K->13494K(21504K)], 0.0503260 secs] [Times: user=0.35 sys=0.00, real=0.06 secs] 
150.178: Total time for which application threads were stopped: 0.0507350 seconds, Stopping threads took: 0.0000080 seconds
150.178: Application time: 0.0000340 seconds
150.178: [Full GC [PSYoungGen: 69120K->69119K(80384K)] [ParOldGen: 182782K->182782K(182784K)] 251902K->251901K(263168K) [PSPermGen: 13494K->13494K(21504K)], 0.0505620 secs] [Times: user=0.35 sys=0.00, real=0.05 secs] 
150.229: Total time for which application threads were stopped: 0.0509490 seconds, Stopping threads took: 0.0000130 seconds
150.229: Application time: 0.0000440 seconds
150.229: [Full GC [PSYoungGen: 69120K->69119K(80384K)] [ParOldGen: 182782K->182781K(182784K)] 251902K->251901K(263168K) [PSPermGen: 13494K->13494K(21504K)], 0.0503900 secs] [Times: user=0.35 sys=0.00, real=0.05 secs] 
150.280: Total time for which application threads were stopped: 0.0507870 seconds, Stopping threads took: 0.0000140 seconds
150.280: Application time: 0.0000530 seconds
150.280: [Full GC [PSYoungGen: 69120K->69119K(80384K)] [ParOldGen: 182781K->182781K(182784K)] 251901K->251901K(263168K) [PSPermGen: 13494K->13494K(21504K)], 0.0509950 secs] [Times: user=0.35 sys=0.00, real=0.05 secs] 
150.331: Total time for which application threads were stopped: 0.0513860 seconds, Stopping threads took: 0.0000070 seconds
150.331: Application time: 0.0000340 seconds
150.331: [Full GC [PSYoungGen: 69120K->69119K(80384K)] [ParOldGen: 182781K->182781K(182784K)] 251901K->251901K(263168K) [PSPermGen: 13494K->13494K(21504K)], 0.0507640 secs] [Times: user=0.35 sys=0.00, real=0.05 secs] 
150.382: Total time for which application threads were stopped: 0.0511520 seconds, Stopping threads took: 0.0000110 seconds
150.382: Application time: 0.0000380 seconds
150.383: [Full GC [PSYoungGen: 69120K->69119K(80384K)] [ParOldGen: 182781K->182781K(182784K)] 251901K->251901K(263168K) [PSPermGen: 13494K->13494K(21504K)], 0.0508520 secs] [Times: user=0.35 sys=0.00, real=0.05 secs] 
150.434: Total time for which application threads were stopped: 0.0512360 seconds, Stopping threads took: 0.0000070 seconds
150.434: Application time: 0.0000350 seconds
150.434: [Full GC [PSYoungGen: 69120K->69119K(80384K)] [ParOldGen: 182781K->182781K(182784K)] 251901K->251901K(263168K) [PSPermGen: 13494K->13494K(21504K)], 0.0507240 secs] [Times: user=0.35 sys=0.00, real=0.05 secs] 
150.485: Total time for which application threads were stopped: 0.0511290 seconds, Stopping threads took: 0.0000190 seconds
150.485: Application time: 0.0000640 seconds
150.485: [Full GC [PSYoungGen: 69120K->69119K(80384K)] [ParOldGen: 182783K->182782K(182784K)] 251903K->251901K(263168K) [PSPermGen: 13494K->13494K(21504K)], 0.0505240 secs] [Times: user=0.35 sys=0.00, real=0.05 secs] 
150.536: Total time for which application threads were stopped: 0.0509160 seconds, Stopping threads took: 0.0000070 seconds
150.536: Application time: 0.0000840 seconds
150.536: [Full GC [PSYoungGen: 69120K->69119K(80384K)] [ParOldGen: 182782K->182782K(182784K)] 251902K->251901K(263168K) [PSPermGen: 13494K->13494K(21504K)], 0.0506100 secs] [Times: user=0.35 sys=0.00, real=0.05 secs] 
150.587: Total time for which application threads were stopped: 0.0509990 seconds, Stopping threads took: 0.0000080 seconds
150.587: Application time: 0.0000580 seconds
150.587: [Full GC [PSYoungGen: 69120K->69119K(80384K)] [ParOldGen: 182782K->182782K(182784K)] 251902K->251901K(263168K) [PSPermGen: 13494K->13494K(21504K)], 0.0503840 secs] [Times: user=0.35 sys=0.00, real=0.06 secs] 
150.638: Total time for which application threads were stopped: 0.0507740 seconds, Stopping threads took: 0.0000080 seconds
150.638: Application time: 0.0000350 seconds
150.638: [Full GC [PSYoungGen: 69120K->69119K(80384K)] [ParOldGen: 182782K->182782K(182784K)] 251902K->251901K(263168K) [PSPermGen: 13494K->13494K(21504K)], 0.0507910 secs] [Times: user=0.35 sys=0.00, real=0.05 secs] 
150.689: Total time for which application threads were stopped: 0.0512030 seconds, Stopping threads took: 0.0000080 seconds
150.689: Application time: 0.0000570 seconds
150.689: [Full GC [PSYoungGen: 69120K->69119K(80384K)] [ParOldGen: 182782K->182782K(182784K)] 251902K->251902K(263168K) [PSPermGen: 13494K->13494K(21504K)], 0.0529510 secs] [Times: user=0.37 sys=0.00, real=0.05 secs] 
150.742: Total time for which application threads were stopped: 0.0533400 seconds, Stopping threads took: 0.0000070 seconds
150.742: Application time: 0.0000560 seconds
150.743: [Full GC [PSYoungGen: 69119K->69119K(80384K)] [ParOldGen: 182782K->182782K(182784K)] 251902K->251901K(263168K) [PSPermGen: 13494K->13494K(21504K)], 0.0511300 secs] [Times: user=0.35 sys=0.00, real=0.05 secs] 
150.794: Total time for which application threads were stopped: 0.0515220 seconds, Stopping threads took: 0.0000090 seconds
150.794: Application time: 0.0000820 seconds
150.794: [Full GC [PSYoungGen: 69119K->69119K(80384K)] [ParOldGen: 182782K->182782K(182784K)] 251902K->251902K(263168K) [PSPermGen: 13494K->13494K(21504K)], 0.0522570 secs] [Times: user=0.37 sys=0.00, real=0.05 secs] 
150.847: Total time for which application threads were stopped: 0.0526550 seconds, Stopping threads took: 0.0000140 seconds
150.847: Application time: 0.0000500 seconds
150.847: [Full GC [PSYoungGen: 69119K->69119K(80384K)] [ParOldGen: 182782K->182782K(182784K)] 251902K->251902K(263168K) [PSPermGen: 13494K->13494K(21504K)], 0.0513160 secs] [Times: user=0.35 sys=0.00, real=0.06 secs] 
150.898: Total time for which application threads were stopped: 0.0517030 seconds, Stopping threads took: 0.0000070 seconds
150.898: Application time: 0.0000770 seconds
150.899: [Full GC [PSYoungGen: 69119K->69119K(80384K)] [ParOldGen: 182783K->182782K(182784K)] 251903K->251902K(263168K) [PSPermGen: 13494K->13494K(21504K)], 0.0508260 secs] [Times: user=0.34 sys=0.01, real=0.05 secs] 
150.950: Total time for which application threads were stopped: 0.0512140 seconds, Stopping threads took: 0.0000080 seconds
150.950: Application time: 0.0000300 seconds
150.950: [Full GC [PSYoungGen: 69120K->69119K(80384K)] [ParOldGen: 182782K->182782K(182784K)] 251902K->251902K(263168K) [PSPermGen: 13494K->13494K(21504K)], 0.0505230 secs] [Times: user=0.35 sys=0.00, real=0.05 secs] 
151.001: Total time for which application threads were stopped: 0.0509190 seconds, Stopping threads took: 0.0000140 seconds
151.001: Application time: 0.0000360 seconds
151.001: [Full GC [PSYoungGen: 69120K->69119K(80384K)] [ParOldGen: 182782K->182782K(182784K)] 251902K->251902K(263168K) [PSPermGen: 13494K->13494K(21504K)], 0.0509100 secs] [Times: user=0.34 sys=0.01, real=0.05 secs] 
151.052: Total time for which application threads were stopped: 0.0513300 seconds, Stopping threads took: 0.0000220 seconds
151.052: Application time: 0.0000310 seconds
151.052: [Full GC [PSYoungGen: 69120K->69119K(80384K)] [ParOldGen: 182782K->182782K(182784K)] 251902K->251902K(263168K) [PSPermGen: 13494K->13494K(21504K)], 0.0506650 secs] [Times: user=0.35 sys=0.00, real=0.05 secs] 
151.103: Total time for which application threads were stopped: 0.0510560 seconds, Stopping threads took: 0.0000110 seconds
151.103: Application time: 0.0000390 seconds
151.103: [Full GC [PSYoungGen: 69120K->69119K(80384K)] [ParOldGen: 182782K->182782K(182784K)] 251902K->251902K(263168K) [PSPermGen: 13494K->13494K(21504K)], 0.0506090 secs] [Times: user=0.35 sys=0.00, real=0.05 secs] 
151.154: Total time for which application threads were stopped: 0.0510030 seconds, Stopping threads took: 0.0000120 seconds
151.154: Application time: 0.0000500 seconds
151.154: [Full GC [PSYoungGen: 69120K->69119K(80384K)] [ParOldGen: 182782K->182782K(182784K)] 251902K->251902K(263168K) [PSPermGen: 13494K->13494K(21504K)], 0.0524530 secs] [Times: user=0.37 sys=0.00, real=0.05 secs] 
151.207: Total time for which application threads were stopped: 0.0528630 seconds, Stopping threads took: 0.0000080 seconds
151.207: Application time: 0.0000490 seconds
151.207: [Full GC [PSYoungGen: 69120K->69119K(80384K)] [ParOldGen: 182782K->182782K(182784K)] 251902K->251902K(263168K) [PSPermGen: 13494K->13494K(21504K)], 0.0505800 secs] [Times: user=0.35 sys=0.00, real=0.06 secs] 
151.258: Total time for which application threads were stopped: 0.0509770 seconds, Stopping threads took: 0.0000100 seconds
151.258: Application time: 0.0000540 seconds
151.258: [Full GC [PSYoungGen: 69120K->69119K(80384K)] [ParOldGen: 182782K->182782K(182784K)] 251902K->251902K(263168K) [PSPermGen: 13494K->13494K(21504K)], 0.0504720 secs] [Times: user=0.35 sys=0.00, real=0.05 secs] 
151.309: Total time for which application threads were stopped: 0.0508670 seconds, Stopping threads took: 0.0000090 seconds
151.309: Application time: 0.0000480 seconds
151.309: [Full GC [PSYoungGen: 69120K->69119K(80384K)] [ParOldGen: 182782K->182782K(182784K)] 251902K->251902K(263168K) [PSPermGen: 13494K->13494K(21504K)], 0.0508210 secs] [Times: user=0.35 sys=0.00, real=0.05 secs] 
151.360: Total time for which application threads were stopped: 0.0512170 seconds, Stopping threads took: 0.0000080 seconds
151.360: Application time: 0.0000450 seconds
151.361: [Full GC [PSYoungGen: 69119K->69119K(80384K)] [ParOldGen: 182782K->182782K(182784K)] 251902K->251902K(263168K) [PSPermGen: 13494K->13494K(21504K)], 0.0505820 secs] [Times: user=0.35 sys=0.00, real=0.05 secs] 
151.411: Total time for which application threads were stopped: 0.0509670 seconds, Stopping threads took: 0.0000060 seconds
151.411: Application time: 0.0000350 seconds
151.412: [Full GC [PSYoungGen: 69119K->69119K(80384K)] [ParOldGen: 182782K->182782K(182784K)] 251902K->251902K(263168K) [PSPermGen: 13494K->13494K(21504K)], 0.0506180 secs] [Times: user=0.35 sys=0.00, real=0.05 secs] 
151.462: Total time for which application threads were stopped: 0.0510130 seconds, Stopping threads took: 0.0000110 seconds
151.462: Application time: 0.0000850 seconds
151.463: [Full GC [PSYoungGen: 69120K->69119K(80384K)] [ParOldGen: 182782K->182782K(182784K)] 251902K->251902K(263168K) [PSPermGen: 13494K->13494K(21504K)], 0.0526690 secs] [Times: user=0.36 sys=0.00, real=0.05 secs] 
151.515: Total time for which application threads were stopped: 0.0530650 seconds, Stopping threads took: 0.0000080 seconds
151.515: Application time: 0.0000270 seconds
151.516: [Full GC [PSYoungGen: 69120K->69119K(80384K)] [ParOldGen: 182782K->182782K(182784K)] 251902K->251902K(263168K) [PSPermGen: 13494K->13494K(21504K)], 0.0504810 secs] [Times: user=0.35 sys=0.00, real=0.05 secs] 
151.566: Total time for which application threads were stopped: 0.0508760 seconds, Stopping threads took: 0.0000110 seconds
151.566: Application time: 0.0000310 seconds
151.567: [Full GC [PSYoungGen: 69119K->69119K(80384K)] [ParOldGen: 182782K->182782K(182784K)] 251902K->251902K(263168K) [PSPermGen: 13494K->13494K(21504K)], 0.0524440 secs] [Times: user=0.36 sys=0.00, real=0.06 secs] 
151.619: Total time for which application threads were stopped: 0.0528380 seconds, Stopping threads took: 0.0000080 seconds
151.619: Application time: 0.0000510 seconds
151.620: [Full GC [PSYoungGen: 69119K->69119K(80384K)] [ParOldGen: 182783K->182782K(182784K)] 251903K->251902K(263168K) [PSPermGen: 13494K->13494K(21504K)], 0.0505350 secs] [Times: user=0.35 sys=0.01, real=0.05 secs] 
151.670: Total time for which application threads were stopped: 0.0509610 seconds, Stopping threads took: 0.0000470 seconds
151.670: Application time: 0.0000500 seconds
151.671: [Full GC [PSYoungGen: 69120K->69119K(80384K)] [ParOldGen: 182782K->182782K(182784K)] 251902K->251902K(263168K) [PSPermGen: 13494K->13494K(21504K)], 0.0503700 secs] [Times: user=0.35 sys=0.00, real=0.05 secs] 
151.721: Total time for which application threads were stopped: 0.0507940 seconds, Stopping threads took: 0.0000080 seconds
151.721: Application time: 0.0000450 seconds
151.721: [Full GC [PSYoungGen: 69120K->69119K(80384K)] [ParOldGen: 182782K->182782K(182784K)] 251902K->251902K(263168K) [PSPermGen: 13494K->13494K(21504K)], 0.0506350 secs] [Times: user=0.35 sys=0.00, real=0.05 secs] 
151.772: Total time for which application threads were stopped: 0.0510240 seconds, Stopping threads took: 0.0000080 seconds
151.772: Application time: 0.0000300 seconds
151.772: [Full GC [PSYoungGen: 69120K->69119K(80384K)] [ParOldGen: 182782K->182782K(182784K)] 251902K->251902K(263168K) [PSPermGen: 13494K->13494K(21504K)], 0.0504960 secs] [Times: user=0.35 sys=0.00, real=0.05 secs] 
151.823: Total time for which application threads were stopped: 0.0508890 seconds, Stopping threads took: 0.0000070 seconds
151.823: Application time: 0.0000290 seconds
151.823: [Full GC [PSYoungGen: 69120K->69119K(80384K)] [ParOldGen: 182782K->182782K(182784K)] 251902K->251902K(263168K) [PSPermGen: 13494K->13494K(21504K)], 0.0504860 secs] [Times: user=0.35 sys=0.00, real=0.05 secs] 
151.874: Total time for which application threads were stopped: 0.0508710 seconds, Stopping threads took: 0.0000070 seconds
151.874: Application time: 0.0000340 seconds
151.874: [Full GC [PSYoungGen: 69120K->69119K(80384K)] [ParOldGen: 182782K->182782K(182784K)] 251902K->251902K(263168K) [PSPermGen: 13494K->13494K(21504K)], 0.0528860 secs] [Times: user=0.36 sys=0.00, real=0.05 secs] 
151.927: Total time for which application threads were stopped: 0.0532900 seconds, Stopping threads took: 0.0000180 seconds
151.927: Application time: 0.0000460 seconds
151.928: [Full GC [PSYoungGen: 69120K->69119K(80384K)] [ParOldGen: 182782K->182782K(182784K)] 251902K->251902K(263168K) [PSPermGen: 13494K->13494K(21504K)], 0.0506230 secs] [Times: user=0.34 sys=0.00, real=0.06 secs] 
151.978: Total time for which application threads were stopped: 0.0510130 seconds, Stopping threads took: 0.0000080 seconds
151.978: Application time: 0.0000490 seconds
151.979: [Full GC [PSYoungGen: 69119K->69119K(80384K)] [ParOldGen: 182782K->182782K(182784K)] 251902K->251902K(263168K) [PSPermGen: 13494K->13494K(21504K)], 0.0506440 secs] [Times: user=0.35 sys=0.00, real=0.05 secs] 
152.029: Total time for which application threads were stopped: 0.0510310 seconds, Stopping threads took: 0.0000080 seconds
152.029: Application time: 0.0000560 seconds
152.030: [Full GC [PSYoungGen: 69119K->69119K(80384K)] [ParOldGen: 182783K->182782K(182784K)] 251903K->251902K(263168K) [PSPermGen: 13494K->13494K(21504K)], 0.0522420 secs] [Times: user=0.36 sys=0.00, real=0.05 secs] 
152.082: Total time for which application threads were stopped: 0.0526300 seconds, Stopping threads took: 0.0000070 seconds
152.082: Application time: 0.0000580 seconds
152.082: [Full GC [PSYoungGen: 69120K->69119K(80384K)] [ParOldGen: 182782K->182782K(182784K)] 251902K->251902K(263168K) [PSPermGen: 13494K->13494K(21504K)], 0.0505680 secs] [Times: user=0.35 sys=0.00, real=0.05 secs] 
152.133: Total time for which application threads were stopped: 0.0509690 seconds, Stopping threads took: 0.0000190 seconds
152.133: Application time: 0.0000480 seconds
152.133: [Full GC [PSYoungGen: 69120K->69119K(80384K)] [ParOldGen: 182782K->182782K(182784K)] 251902K->251902K(263168K) [PSPermGen: 13494K->13494K(21504K)], 0.0505260 secs] [Times: user=0.35 sys=0.00, real=0.05 secs] 
152.184: Total time for which application threads were stopped: 0.0509140 seconds, Stopping threads took: 0.0000090 seconds
152.184: Application time: 0.0000300 seconds
152.184: [Full GC [PSYoungGen: 69120K->69119K(80384K)] [ParOldGen: 182782K->182782K(182784K)] 251902K->251902K(263168K) [PSPermGen: 13494K->13494K(21504K)], 0.0526160 secs] [Times: user=0.37 sys=0.00, real=0.06 secs] 
152.237: Total time for which application threads were stopped: 0.0530250 seconds, Stopping threads took: 0.0000100 seconds
152.237: Application time: 0.0000310 seconds
152.237: [Full GC [PSYoungGen: 69120K->69119K(80384K)] [ParOldGen: 182782K->182782K(182784K)] 251902K->251902K(263168K) [PSPermGen: 13494K->13494K(21504K)], 0.0523140 secs] [Times: user=0.36 sys=0.00, real=0.05 secs] 
152.290: Total time for which application threads were stopped: 0.0527040 seconds, Stopping threads took: 0.0000120 seconds
152.290: Application time: 0.0000340 seconds
152.290: [Full GC [PSYoungGen: 69120K->69119K(80384K)] [ParOldGen: 182782K->182782K(182784K)] 251902K->251902K(263168K) [PSPermGen: 13494K->13494K(21504K)], 0.0507120 secs] [Times: user=0.35 sys=0.00, real=0.05 secs] 
152.341: Total time for which application threads were stopped: 0.0511070 seconds, Stopping threads took: 0.0000140 seconds
152.341: Application time: 0.0000620 seconds
152.341: [Full GC [PSYoungGen: 69120K->69119K(80384K)] [ParOldGen: 182782K->182782K(182784K)] 251902K->251902K(263168K) [PSPermGen: 13494K->13494K(21504K)], 0.0508400 secs] [Times: user=0.35 sys=0.00, real=0.05 secs] 
152.392: Total time for which application threads were stopped: 0.0512330 seconds, Stopping threads took: 0.0000080 seconds
152.392: Application time: 0.0000590 seconds
152.393: [Full GC [PSYoungGen: 69120K->69119K(80384K)] [ParOldGen: 182782K->182782K(182784K)] 251902K->251902K(263168K) [PSPermGen: 13494K->13494K(21504K)], 0.0505020 secs] [Times: user=0.35 sys=0.00, real=0.05 secs] 
152.443: Total time for which application threads were stopped: 0.0509050 seconds, Stopping threads took: 0.0000080 seconds
152.443: Application time: 0.0000420 seconds
152.444: [Full GC [PSYoungGen: 69119K->69119K(80384K)] [ParOldGen: 182782K->182782K(182784K)] 251902K->251902K(263168K) [PSPermGen: 13494K->13494K(21504K)], 0.0505610 secs] [Times: user=0.35 sys=0.00, real=0.05 secs] 
152.494: [Full GC [PSYoungGen: 69119K->69119K(80384K)] [ParOldGen: 182782K->182782K(182784K)] 251902K->251901K(263168K) [PSPermGen: 13494K->13494K(21504K)], 0.0505340 secs] [Times: user=0.35 sys=0.00, real=0.05 secs] 
152.545: Total time for which application threads were stopped: 0.1015420 seconds, Stopping threads took: 0.0000070 seconds
152.545: Application time: 0.0000600 seconds
152.545: [Full GC [PSYoungGen: 69120K->69119K(80384K)] [ParOldGen: 182784K->182782K(182784K)] 251904K->251901K(263168K) [PSPermGen: 13494K->13494K(21504K)], 0.0504270 secs] [Times: user=0.35 sys=0.00, real=0.05 secs] 
152.596: Total time for which application threads were stopped: 0.0508180 seconds, Stopping threads took: 0.0000150 seconds
152.596: Application time: 0.0000480 seconds
152.596: [Full GC [PSYoungGen: 69120K->69119K(80384K)] [ParOldGen: 182782K->182782K(182784K)] 251902K->251901K(263168K) [PSPermGen: 13494K->13494K(21504K)], 0.0507040 secs] [Times: user=0.35 sys=0.00, real=0.05 secs] 
152.647: Total time for which application threads were stopped: 0.0511250 seconds, Stopping threads took: 0.0000310 seconds
152.647: Application time: 0.0000420 seconds
152.647: [Full GC [PSYoungGen: 69120K->69118K(80384K)] [ParOldGen: 182782K->182781K(182784K)] 251902K->251900K(263168K) [PSPermGen: 13494K->13494K(21504K)], 0.0535630 secs] [Times: user=0.37 sys=0.00, real=0.06 secs] 
152.701: Total time for which application threads were stopped: 0.0539960 seconds, Stopping threads took: 0.0000490 seconds
152.701: Application time: 0.0000430 seconds
152.701: [Full GC [PSYoungGen: 69120K->69117K(80384K)] [ParOldGen: 182781K->182781K(182784K)] 251901K->251898K(263168K) [PSPermGen: 13494K->13494K(21504K)], 0.0505480 secs] [Times: user=0.36 sys=0.00, real=0.05 secs] 
152.752: Total time for which application threads were stopped: 0.0509710 seconds, Stopping threads took: 0.0000170 seconds
152.752: Application time: 0.0000500 seconds
152.752: [Full GC [PSYoungGen: 69120K->69117K(80384K)] [ParOldGen: 182781K->182781K(182784K)] 251901K->251898K(263168K) [PSPermGen: 13494K->13494K(21504K)], 0.0505520 secs] [Times: user=0.35 sys=0.00, real=0.05 secs] 
152.803: Total time for which application threads were stopped: 0.0509690 seconds, Stopping threads took: 0.0000270 seconds
152.803: Application time: 0.0000500 seconds
152.803: [Full GC [PSYoungGen: 69120K->69117K(80384K)] [ParOldGen: 182781K->182781K(182784K)] 251901K->251898K(263168K) [PSPermGen: 13494K->13494K(21504K)], 0.0538370 secs] [Times: user=0.37 sys=0.00, real=0.06 secs] 
152.857: Total time for which application threads were stopped: 0.0542290 seconds, Stopping threads took: 0.0000160 seconds
152.857: Application time: 0.0000460 seconds
152.858: [Full GC [PSYoungGen: 69119K->69117K(80384K)] [ParOldGen: 182781K->182780K(182784K)] 251901K->251898K(263168K) [PSPermGen: 13494K->13494K(21504K)], 0.0559570 secs] [Times: user=0.39 sys=0.00, real=0.05 secs] 
152.914: Total time for which application threads were stopped: 0.0563670 seconds, Stopping threads took: 0.0000260 seconds
152.914: Application time: 0.0000520 seconds
152.914: [Full GC [PSYoungGen: 69120K->69117K(80384K)] [ParOldGen: 182780K->182780K(182784K)] 251900K->251898K(263168K) [PSPermGen: 13494K->13494K(21504K)], 0.0554840 secs] [Times: user=0.39 sys=0.00, real=0.06 secs] 
152.970: Total time for which application threads were stopped: 0.0558870 seconds, Stopping threads took: 0.0000240 seconds
152.970: Application time: 0.0000750 seconds
152.970: [Full GC [PSYoungGen: 69119K->69117K(80384K)] [ParOldGen: 182780K->182780K(182784K)] 251900K->251898K(263168K) [PSPermGen: 13494K->13494K(21504K)], 0.0554640 secs] [Times: user=0.39 sys=0.00, real=0.05 secs] 
153.026: Total time for which application threads were stopped: 0.0558930 seconds, Stopping threads took: 0.0000480 seconds
153.026: Application time: 0.0000410 seconds
153.026: [Full GC [PSYoungGen: 69120K->69118K(80384K)] [ParOldGen: 182780K->182780K(182784K)] 251900K->251898K(263168K) [PSPermGen: 13494K->13494K(21504K)], 0.0523680 secs] [Times: user=0.36 sys=0.01, real=0.06 secs] 
153.078: Total time for which application threads were stopped: 0.0527950 seconds, Stopping threads took: 0.0000450 seconds
153.078: Application time: 0.0000510 seconds
153.079: [Full GC [PSYoungGen: 69120K->69118K(80384K)] [ParOldGen: 182780K->182780K(182784K)] 251900K->251898K(263168K) [PSPermGen: 13494K->13494K(21504K)], 0.0519030 secs] [Times: user=0.36 sys=0.00, real=0.05 secs] 
153.131: Total time for which application threads were stopped: 0.0523120 seconds, Stopping threads took: 0.0000280 seconds
153.131: Application time: 0.0000510 seconds
153.131: [Full GC [PSYoungGen: 69120K->69118K(80384K)] [ParOldGen: 182780K->182780K(182784K)] 251900K->251898K(263168K) [PSPermGen: 13494K->13494K(21504K)], 0.0506110 secs] [Times: user=0.35 sys=0.00, real=0.05 secs] 
153.182: Total time for which application threads were stopped: 0.0510270 seconds, Stopping threads took: 0.0000290 seconds
153.182: Application time: 0.0000600 seconds
153.182: [Full GC [PSYoungGen: 69120K->69118K(80384K)] [ParOldGen: 182780K->182780K(182784K)] 251900K->251898K(263168K) [PSPermGen: 13494K->13494K(21504K)], 0.0505480 secs] [Times: user=0.35 sys=0.00, real=0.05 secs] 
153.233: Total time for which application threads were stopped: 0.0509540 seconds, Stopping threads took: 0.0000250 seconds
153.233: Application time: 0.0000570 seconds
153.233: [Full GC [PSYoungGen: 69120K->69118K(80384K)] [ParOldGen: 182780K->182780K(182784K)] 251900K->251898K(263168K) [PSPermGen: 13494K->13494K(21504K)], 0.0503790 secs] [Times: user=0.34 sys=0.00, real=0.05 secs] 
153.284: Total time for which application threads were stopped: 0.0508460 seconds, Stopping threads took: 0.0000280 seconds
153.284: Application time: 0.0000410 seconds
153.284: [Full GC [PSYoungGen: 69120K->69118K(80384K)] [ParOldGen: 182780K->182780K(182784K)] 251900K->251898K(263168K) [PSPermGen: 13494K->13494K(21504K)], 0.0507410 secs] [Times: user=0.35 sys=0.00, real=0.05 secs] 
153.335: Total time for which application threads were stopped: 0.0511780 seconds, Stopping threads took: 0.0000540 seconds
153.335: Application time: 0.0000590 seconds
153.335: [Full GC [PSYoungGen: 69120K->69118K(80384K)] [ParOldGen: 182780K->182780K(182784K)] 251900K->251898K(263168K) [PSPermGen: 13494K->13494K(21504K)], 0.0505150 secs] [Times: user=0.35 sys=0.00, real=0.05 secs] 
153.386: Total time for which application threads were stopped: 0.0509300 seconds, Stopping threads took: 0.0000320 seconds
153.386: Application time: 0.0000470 seconds
153.386: [Full GC [PSYoungGen: 69120K->69118K(80384K)] [ParOldGen: 182780K->182780K(182784K)] 251900K->251898K(263168K) [PSPermGen: 13494K->13494K(21504K)], 0.0509410 secs] [Times: user=0.35 sys=0.00, real=0.06 secs] 
153.437: Total time for which application threads were stopped: 0.0513520 seconds, Stopping threads took: 0.0000300 seconds
153.437: Application time: 0.0000420 seconds
153.438: [Full GC [PSYoungGen: 69120K->69118K(80384K)] [ParOldGen: 182780K->182780K(182784K)] 251900K->251899K(263168K) [PSPermGen: 13494K->13494K(21504K)], 0.0504110 secs] [Times: user=0.35 sys=0.00, real=0.04 secs] 
153.488: Total time for which application threads were stopped: 0.0508080 seconds, Stopping threads took: 0.0000230 seconds
153.488: Application time: 0.0000540 seconds
153.489: [Full GC [PSYoungGen: 69120K->69118K(80384K)] [ParOldGen: 182780K->182780K(182784K)] 251900K->251899K(263168K) [PSPermGen: 13494K->13494K(21504K)], 0.0505290 secs] [Times: user=0.35 sys=0.00, real=0.05 secs] 
153.539: Total time for which application threads were stopped: 0.0509400 seconds, Stopping threads took: 0.0000210 seconds
153.539: Application time: 0.0000480 seconds
153.540: [Full GC [PSYoungGen: 69120K->69118K(80384K)] [ParOldGen: 182780K->182780K(182784K)] 251900K->251899K(263168K) [PSPermGen: 13494K->13494K(21504K)], 0.0503580 secs] [Times: user=0.35 sys=0.00, real=0.05 secs] 
153.590: Total time for which application threads were stopped: 0.0507640 seconds, Stopping threads took: 0.0000190 seconds
153.590: Application time: 0.0000680 seconds
153.590: [Full GC [PSYoungGen: 69120K->69118K(80384K)] [ParOldGen: 182780K->182780K(182784K)] 251900K->251899K(263168K) [PSPermGen: 13494K->13494K(21504K)], 0.0507500 secs] [Times: user=0.35 sys=0.00, real=0.05 secs] 
153.641: Total time for which application threads were stopped: 0.0511590 seconds, Stopping threads took: 0.0000250 seconds
153.641: Application time: 0.0000430 seconds
153.642: [Full GC [PSYoungGen: 69120K->69118K(80384K)] [ParOldGen: 182780K->182780K(182784K)] 251900K->251899K(263168K) [PSPermGen: 13494K->13494K(21504K)], 0.0507230 secs] [Times: user=0.35 sys=0.00, real=0.05 secs] 
153.693: Total time for which application threads were stopped: 0.0512020 seconds, Stopping threads took: 0.0000970 seconds
153.693: Application time: 0.0000590 seconds
153.693: [Full GC [PSYoungGen: 69120K->69118K(80384K)] [ParOldGen: 182780K->182780K(182784K)] 251900K->251899K(263168K) [PSPermGen: 13494K->13494K(21504K)], 0.0524110 secs] [Times: user=0.36 sys=0.00, real=0.05 secs] 
153.745: Total time for which application threads were stopped: 0.0528210 seconds, Stopping threads took: 0.0000270 seconds
153.745: Application time: 0.0000380 seconds
153.746: [Full GC [PSYoungGen: 69120K->69119K(80384K)] [ParOldGen: 182780K->182780K(182784K)] 251900K->251899K(263168K) [PSPermGen: 13494K->13494K(21504K)], 0.0504820 secs] [Times: user=0.35 sys=0.00, real=0.05 secs] 
153.796: Total time for which application threads were stopped: 0.0509160 seconds, Stopping threads took: 0.0000350 seconds
153.796: Application time: 0.0000460 seconds
153.797: [Full GC [PSYoungGen: 69120K->69119K(80384K)] [ParOldGen: 182780K->182780K(182784K)] 251900K->251899K(263168K) [PSPermGen: 13494K->13494K(21504K)], 0.0506210 secs] [Times: user=0.35 sys=0.00, real=0.04 secs] 
153.847: Total time for which application threads were stopped: 0.0510350 seconds, Stopping threads took: 0.0000170 seconds
153.848: Application time: 0.0000640 seconds
153.848: [Full GC [PSYoungGen: 69120K->69119K(80384K)] [ParOldGen: 182780K->182780K(182784K)] 251900K->251899K(263168K) [PSPermGen: 13494K->13494K(21504K)], 0.0509690 secs] [Times: user=0.34 sys=0.00, real=0.06 secs] 
153.900: Total time for which application threads were stopped: 0.0528870 seconds, Stopping threads took: 0.0000390 seconds
153.900: Application time: 0.0000460 seconds
153.901: [Full GC [PSYoungGen: 69120K->69119K(80384K)] [ParOldGen: 182780K->182780K(182784K)] 251900K->251899K(263168K) [PSPermGen: 13494K->13494K(21504K)], 0.0504690 secs] [Times: user=0.34 sys=0.00, real=0.05 secs] 
153.951: Total time for which application threads were stopped: 0.0509040 seconds, Stopping threads took: 0.0000440 seconds
153.951: Application time: 0.0000530 seconds
153.952: [Full GC [PSYoungGen: 69120K->69119K(80384K)] [ParOldGen: 182780K->182780K(182784K)] 251900K->251899K(263168K) [PSPermGen: 13494K->13494K(21504K)], 0.0504310 secs] [Times: user=0.35 sys=0.00, real=0.05 secs] 
154.002: Total time for which application threads were stopped: 0.0508380 seconds, Stopping threads took: 0.0000110 seconds
154.002: Application time: 0.0000690 seconds
154.003: [Full GC [PSYoungGen: 69120K->69119K(80384K)] [ParOldGen: 182780K->182780K(182784K)] 251900K->251899K(263168K) [PSPermGen: 13494K->13494K(21504K)], 0.0502820 secs] [Times: user=0.35 sys=0.00, real=0.05 secs] 
154.053: Total time for which application threads were stopped: 0.0506700 seconds, Stopping threads took: 0.0000100 seconds
154.053: Application time: 0.0000430 seconds
154.053: [Full GC [PSYoungGen: 69120K->69119K(80384K)] [ParOldGen: 182780K->182780K(182784K)] 251900K->251899K(263168K) [PSPermGen: 13494K->13494K(21504K)], 0.0503680 secs] [Times: user=0.35 sys=0.00, real=0.05 secs] 
154.104: Total time for which application threads were stopped: 0.0507650 seconds, Stopping threads took: 0.0000120 seconds
154.104: Application time: 0.0000640 seconds
154.104: [Full GC [PSYoungGen: 69120K->69119K(80384K)] [ParOldGen: 182780K->182780K(182784K)] 251900K->251899K(263168K) [PSPermGen: 13494K->13494K(21504K)], 0.0507270 secs] [Times: user=0.35 sys=0.00, real=0.05 secs] 
154.155: Total time for which application threads were stopped: 0.0511210 seconds, Stopping threads took: 0.0000110 seconds
154.155: Application time: 0.0000640 seconds
154.155: [Full GC [PSYoungGen: 69120K->69119K(80384K)] [ParOldGen: 182780K->182780K(182784K)] 251900K->251899K(263168K) [PSPermGen: 13494K->13494K(21504K)], 0.0506830 secs] [Times: user=0.35 sys=0.00, real=0.05 secs] 
154.206: Total time for which application threads were stopped: 0.0510990 seconds, Stopping threads took: 0.0000330 seconds
154.206: Application time: 0.0000570 seconds
154.207: [Full GC [PSYoungGen: 69120K->69119K(80384K)] [ParOldGen: 182780K->182780K(182784K)] 251900K->251899K(263168K) [PSPermGen: 13494K->13494K(21504K)], 0.0508620 secs] [Times: user=0.35 sys=0.01, real=0.06 secs] 
154.257: Total time for which application threads were stopped: 0.0512640 seconds, Stopping threads took: 0.0000130 seconds
154.258: Application time: 0.0000650 seconds
154.258: [Full GC [PSYoungGen: 69120K->69119K(80384K)] [ParOldGen: 182780K->182780K(182784K)] 251900K->251899K(263168K) [PSPermGen: 13494K->13494K(21504K)], 0.0508690 secs] [Times: user=0.35 sys=0.00, real=0.05 secs] 
154.309: Total time for which application threads were stopped: 0.0512860 seconds, Stopping threads took: 0.0000140 seconds
154.309: Application time: 0.0000490 seconds
154.309: [Full GC [PSYoungGen: 69120K->69119K(80384K)] [ParOldGen: 182780K->182780K(182784K)] 251900K->251899K(263168K) [PSPermGen: 13494K->13494K(21504K)], 0.0505520 secs] [Times: user=0.35 sys=0.00, real=0.05 secs] 
154.360: Total time for which application threads were stopped: 0.0509560 seconds, Stopping threads took: 0.0000190 seconds
154.360: Application time: 0.0000530 seconds
154.360: [Full GC [PSYoungGen: 69120K->69119K(80384K)] [ParOldGen: 182780K->182780K(182784K)] 251900K->251899K(263168K) [PSPermGen: 13494K->13494K(21504K)], 0.0505060 secs] [Times: user=0.35 sys=0.00, real=0.05 secs] 
154.411: Total time for which application threads were stopped: 0.0509130 seconds, Stopping threads took: 0.0000130 seconds
154.411: Application time: 0.0000520 seconds
154.411: [Full GC [PSYoungGen: 69120K->69119K(80384K)] [ParOldGen: 182780K->182780K(182784K)] 251900K->251899K(263168K) [PSPermGen: 13494K->13494K(21504K)], 0.0503160 secs] [Times: user=0.35 sys=0.00, real=0.05 secs] 
154.462: Total time for which application threads were stopped: 0.0507130 seconds, Stopping threads took: 0.0000140 seconds
154.462: Application time: 0.0000690 seconds
154.462: [Full GC [PSYoungGen: 69120K->69119K(80384K)] [ParOldGen: 182780K->182780K(182784K)] 251900K->251900K(263168K) [PSPermGen: 13494K->13494K(21504K)], 0.0507630 secs] [Times: user=0.35 sys=0.00, real=0.05 secs] 
154.513: Total time for which application threads were stopped: 0.0511620 seconds, Stopping threads took: 0.0000200 seconds
154.513: Application time: 0.0000540 seconds
154.513: [Full GC [PSYoungGen: 69120K->69119K(80384K)] [ParOldGen: 182780K->182780K(182784K)] 251900K->251899K(263168K) [PSPermGen: 13494K->13494K(21504K)], 0.0524890 secs] [Times: user=0.36 sys=0.00, real=0.05 secs] 
154.566: Total time for which application threads were stopped: 0.0529140 seconds, Stopping threads took: 0.0000430 seconds
154.566: Application time: 0.0000600 seconds
154.566: [Full GC [PSYoungGen: 69120K->69119K(80384K)] [ParOldGen: 182780K->182780K(182784K)] 251900K->251899K(263168K) [PSPermGen: 13494K->13494K(21504K)], 0.0506620 secs] [Times: user=0.35 sys=0.00, real=0.06 secs] 
154.617: Total time for which application threads were stopped: 0.0510900 seconds, Stopping threads took: 0.0000470 seconds
154.617: Application time: 0.0000630 seconds
154.617: [Full GC [PSYoungGen: 69120K->69119K(80384K)] [ParOldGen: 182780K->182780K(182784K)] 251900K->251900K(263168K) [PSPermGen: 13494K->13494K(21504K)], 0.0520740 secs] [Times: user=0.36 sys=0.00, real=0.05 secs] 
154.669: Total time for which application threads were stopped: 0.0524680 seconds, Stopping threads took: 0.0000120 seconds
154.670: Application time: 0.0000610 seconds
154.670: [Full GC [PSYoungGen: 69120K->69119K(80384K)] [ParOldGen: 182780K->182780K(182784K)] 251900K->251900K(263168K) [PSPermGen: 13494K->13494K(21504K)], 0.0506220 secs] [Times: user=0.35 sys=0.00, real=0.05 secs] 
154.721: Total time for which application threads were stopped: 0.0510220 seconds, Stopping threads took: 0.0000200 seconds
154.721: Application time: 0.0000580 seconds
154.721: [Full GC [PSYoungGen: 69120K->69119K(80384K)] [ParOldGen: 182780K->182780K(182784K)] 251900K->251900K(263168K) [PSPermGen: 13494K->13494K(21504K)], 0.0505220 secs] [Times: user=0.34 sys=0.01, real=0.05 secs] 
154.772: Total time for which application threads were stopped: 0.0509240 seconds, Stopping threads took: 0.0000160 seconds
154.772: Application time: 0.0000300 seconds
154.772: [Full GC [PSYoungGen: 69120K->69119K(80384K)] [ParOldGen: 182780K->182780K(182784K)] 251900K->251900K(263168K) [PSPermGen: 13494K->13494K(21504K)], 0.0525220 secs] [Times: user=0.37 sys=0.00, real=0.05 secs] 
154.825: Total time for which application threads were stopped: 0.0529560 seconds, Stopping threads took: 0.0000300 seconds
154.825: Application time: 0.0000410 seconds
154.825: [Full GC [PSYoungGen: 69120K->69119K(80384K)] [ParOldGen: 182780K->182780K(182784K)] 251900K->251900K(263168K) [PSPermGen: 13494K->13494K(21504K)], 0.0507730 secs] [Times: user=0.35 sys=0.01, real=0.05 secs] 
154.876: Total time for which application threads were stopped: 0.0511940 seconds, Stopping threads took: 0.0000220 seconds
154.876: Application time: 0.0000320 seconds
154.876: [Full GC [PSYoungGen: 69120K->69119K(80384K)] [ParOldGen: 182780K->182780K(182784K)] 251900K->251900K(263168K) [PSPermGen: 13494K->13494K(21504K)], 0.0511200 secs] [Times: user=0.35 sys=0.00, real=0.05 secs] 
154.927: Total time for which application threads were stopped: 0.0515290 seconds, Stopping threads took: 0.0000130 seconds
154.927: Application time: 0.0000330 seconds
154.928: [Full GC [PSYoungGen: 69119K->69119K(80384K)] [ParOldGen: 182780K->182780K(182784K)] 251900K->251900K(263168K) [PSPermGen: 13494K->13494K(21504K)], 0.0506200 secs] [Times: user=0.34 sys=0.01, real=0.06 secs] 
154.978: Total time for which application threads were stopped: 0.0510140 seconds, Stopping threads took: 0.0000120 seconds
154.978: Application time: 0.0000470 seconds
154.979: [Full GC [PSYoungGen: 69120K->69119K(80384K)] [ParOldGen: 182780K->182780K(182784K)] 251900K->251900K(263168K) [PSPermGen: 13494K->13494K(21504K)], 0.0506240 secs] [Times: user=0.35 sys=0.00, real=0.05 secs] 
155.029: Total time for which application threads were stopped: 0.0510350 seconds, Stopping threads took: 0.0000290 seconds
155.030: Application time: 0.0000800 seconds
155.030: [Full GC [PSYoungGen: 69120K->69119K(80384K)] [ParOldGen: 182782K->182780K(182784K)] 251902K->251899K(263168K) [PSPermGen: 13494K->13494K(21504K)], 0.0505360 secs] [Times: user=0.35 sys=0.00, real=0.05 secs] 
155.080: Total time for which application threads were stopped: 0.0509470 seconds, Stopping threads took: 0.0000140 seconds
155.081: Application time: 0.0000700 seconds
155.081: [Full GC [PSYoungGen: 69120K->69119K(80384K)] [ParOldGen: 182780K->182780K(182784K)] 251900K->251900K(263168K) [PSPermGen: 13494K->13494K(21504K)], 0.0522640 secs] [Times: user=0.36 sys=0.00, real=0.05 secs] 
155.133: Total time for which application threads were stopped: 0.0526800 seconds, Stopping threads took: 0.0000340 seconds
155.133: Application time: 0.0000600 seconds
155.134: [Full GC [PSYoungGen: 69120K->69119K(80384K)] [ParOldGen: 182780K->182780K(182784K)] 251900K->251899K(263168K) [PSPermGen: 13494K->13494K(21504K)], 0.0511810 secs] [Times: user=0.35 sys=0.00, real=0.05 secs] 
155.185: Total time for which application threads were stopped: 0.0516040 seconds, Stopping threads took: 0.0000440 seconds
155.185: Application time: 0.0000520 seconds
155.185: [Full GC [PSYoungGen: 69120K->69119K(80384K)] [ParOldGen: 182780K->182780K(182784K)] 251900K->251900K(263168K) [PSPermGen: 13494K->13494K(21504K)], 0.0506410 secs] [Times: user=0.35 sys=0.00, real=0.05 secs] 
155.236: Total time for which application threads were stopped: 0.0510370 seconds, Stopping threads took: 0.0000110 seconds
155.236: Application time: 0.0000760 seconds
155.236: [Full GC [PSYoungGen: 69120K->69119K(80384K)] [ParOldGen: 182780K->182780K(182784K)] 251900K->251900K(263168K) [PSPermGen: 13494K->13494K(21504K)], 0.0506870 secs] [Times: user=0.36 sys=0.00, real=0.05 secs] 
155.287: Total time for which application threads were stopped: 0.0510930 seconds, Stopping threads took: 0.0000260 seconds
155.287: Application time: 0.0000470 seconds
155.288: [Full GC [PSYoungGen: 69120K->69119K(80384K)] [ParOldGen: 182780K->182780K(182784K)] 251900K->251899K(263168K) [PSPermGen: 13494K->13494K(21504K)], 0.0523350 secs] [Times: user=0.36 sys=0.00, real=0.06 secs] 
155.340: Total time for which application threads were stopped: 0.0528190 seconds, Stopping threads took: 0.0000160 seconds
155.340: Application time: 0.0000450 seconds
155.340: [Full GC [PSYoungGen: 69120K->69119K(80384K)] [ParOldGen: 182780K->182780K(182784K)] 251900K->251899K(263168K) [PSPermGen: 13494K->13494K(21504K)], 0.0507860 secs] [Times: user=0.35 sys=0.00, real=0.05 secs] 
155.391: Total time for which application threads were stopped: 0.0512030 seconds, Stopping threads took: 0.0000140 seconds
155.391: Application time: 0.0000400 seconds
155.392: [Full GC [PSYoungGen: 69120K->69119K(80384K)] [ParOldGen: 182780K->182780K(182784K)] 251900K->251900K(263168K) [PSPermGen: 13494K->13494K(21504K)], 0.0504820 secs] [Times: user=0.35 sys=0.00, real=0.05 secs] 
155.442: Total time for which application threads were stopped: 0.0508830 seconds, Stopping threads took: 0.0000190 seconds
155.442: Application time: 0.0000470 seconds
155.443: [Full GC [PSYoungGen: 69120K->69119K(80384K)] [ParOldGen: 182780K->182780K(182784K)] 251900K->251900K(263168K) [PSPermGen: 13494K->13494K(21504K)], 0.0507330 secs] [Times: user=0.35 sys=0.00, real=0.05 secs] 
155.493: Total time for which application threads were stopped: 0.0511890 seconds, Stopping threads took: 0.0000180 seconds
155.494: Application time: 0.0000650 seconds
155.494: [Full GC [PSYoungGen: 69120K->69119K(80384K)] [ParOldGen: 182780K->182780K(182784K)] 251900K->251900K(263168K) [PSPermGen: 13494K->13494K(21504K)], 0.0507450 secs] [Times: user=0.35 sys=0.00, real=0.05 secs] 
155.545: Total time for which application threads were stopped: 0.0511390 seconds, Stopping threads took: 0.0000150 seconds
155.545: Application time: 0.0000490 seconds
155.545: [Full GC [PSYoungGen: 69120K->69119K(80384K)] [ParOldGen: 182780K->182780K(182784K)] 251900K->251900K(263168K) [PSPermGen: 13494K->13494K(21504K)], 0.0502990 secs] [Times: user=0.35 sys=0.00, real=0.05 secs] 
155.595: Total time for which application threads were stopped: 0.0506970 seconds, Stopping threads took: 0.0000120 seconds
155.595: Application time: 0.0000460 seconds
155.596: [Full GC [PSYoungGen: 69120K->69119K(80384K)] [ParOldGen: 182780K->182780K(182784K)] 251900K->251900K(263168K) [PSPermGen: 13494K->13494K(21504K)], 0.0506570 secs] [Times: user=0.35 sys=0.00, real=0.05 secs] 
155.647: Total time for which application threads were stopped: 0.0511190 seconds, Stopping threads took: 0.0000740 seconds
155.647: Application time: 0.0000590 seconds
155.647: [Full GC [PSYoungGen: 69120K->69119K(80384K)] [ParOldGen: 182780K->182780K(182784K)] 251900K->251900K(263168K) [PSPermGen: 13494K->13494K(21504K)], 0.0507280 secs] [Times: user=0.35 sys=0.00, real=0.06 secs] 
155.698: Total time for which application threads were stopped: 0.0511410 seconds, Stopping threads took: 0.0000370 seconds
155.698: Application time: 0.0000850 seconds
155.698: [Full GC [PSYoungGen: 69120K->69119K(80384K)] [ParOldGen: 182780K->182780K(182784K)] 251900K->251900K(263168K) [PSPermGen: 13494K->13494K(21504K)], 0.0525860 secs] [Times: user=0.36 sys=0.00, real=0.05 secs] 
155.751: Total time for which application threads were stopped: 0.0530390 seconds, Stopping threads took: 0.0000570 seconds
155.751: Application time: 0.0000590 seconds
155.751: [Full GC [PSYoungGen: 69120K->69119K(80384K)] [ParOldGen: 182780K->182780K(182784K)] 251900K->251900K(263168K) [PSPermGen: 13494K->13494K(21504K)], 0.0508350 secs] [Times: user=0.36 sys=0.00, real=0.05 secs] 
155.802: Total time for which application threads were stopped: 0.0512720 seconds, Stopping threads took: 0.0000130 seconds
155.802: Application time: 0.0000630 seconds
155.803: [Full GC [PSYoungGen: 69120K->69119K(80384K)] [ParOldGen: 182780K->182780K(182784K)] 251900K->251900K(263168K) [PSPermGen: 13494K->13494K(21504K)], 0.0506200 secs] [Times: user=0.35 sys=0.00, real=0.05 secs] 
155.853: Total time for which application threads were stopped: 0.0510710 seconds, Stopping threads took: 0.0000320 seconds
155.853: Application time: 0.0000450 seconds
155.854: [Full GC [PSYoungGen: 69120K->69119K(80384K)] [ParOldGen: 182780K->182780K(182784K)] 251900K->251900K(263168K) [PSPermGen: 13494K->13494K(21504K)], 0.0507150 secs] [Times: user=0.34 sys=0.00, real=0.05 secs] 
155.905: Total time for which application threads were stopped: 0.0512010 seconds, Stopping threads took: 0.0000480 seconds
155.905: Application time: 0.0000300 seconds
155.905: [Full GC [PSYoungGen: 69120K->69119K(80384K)] [ParOldGen: 182780K->182780K(182784K)] 251900K->251900K(263168K) [PSPermGen: 13494K->13494K(21504K)], 0.0505550 secs] [Times: user=0.35 sys=0.01, real=0.05 secs] 
155.956: Total time for which application threads were stopped: 0.0509590 seconds, Stopping threads took: 0.0000270 seconds
155.956: Application time: 0.0000260 seconds
155.956: [Full GC [PSYoungGen: 69120K->69119K(80384K)] [ParOldGen: 182780K->182780K(182784K)] 251900K->251900K(263168K) [PSPermGen: 13494K->13494K(21504K)], 0.0505810 secs] [Times: user=0.35 sys=0.00, real=0.05 secs] 
156.007: Total time for which application threads were stopped: 0.0509850 seconds, Stopping threads took: 0.0000170 seconds
156.007: Application time: 0.0000610 seconds
156.007: [Full GC [PSYoungGen: 69119K->69118K(80384K)] [ParOldGen: 182782K->182781K(182784K)] 251902K->251900K(263168K) [PSPermGen: 13494K->13494K(21504K)], 0.0510760 secs] [Times: user=0.36 sys=0.00, real=0.06 secs] 
156.058: Total time for which application threads were stopped: 0.0514820 seconds, Stopping threads took: 0.0000280 seconds
156.058: Application time: 0.0000480 seconds
156.059: [Full GC [PSYoungGen: 69120K->69118K(80384K)] [ParOldGen: 182781K->182781K(182784K)] 251901K->251899K(263168K) [PSPermGen: 13494K->13494K(21504K)], 0.0507940 secs] [Times: user=0.35 sys=0.00, real=0.05 secs] 
156.109: Total time for which application threads were stopped: 0.0512010 seconds, Stopping threads took: 0.0000280 seconds
156.109: Application time: 0.0000490 seconds
156.110: [Full GC [PSYoungGen: 69120K->69118K(80384K)] [ParOldGen: 182781K->182780K(182784K)] 251901K->251899K(263168K) [PSPermGen: 13494K->13494K(21504K)], 0.0504650 secs] [Times: user=0.35 sys=0.00, real=0.05 secs] 
156.160: Total time for which application threads were stopped: 0.0508690 seconds, Stopping threads took: 0.0000200 seconds
156.160: Application time: 0.0000410 seconds
156.161: [Full GC [PSYoungGen: 69120K->69118K(80384K)] [ParOldGen: 182780K->182780K(182784K)] 251900K->251899K(263168K) [PSPermGen: 13494K->13494K(21504K)], 0.0504660 secs] [Times: user=0.35 sys=0.00, real=0.05 secs] 
156.211: Total time for which application threads were stopped: 0.0508730 seconds, Stopping threads took: 0.0000190 seconds
156.211: Application time: 0.0000370 seconds
156.212: [Full GC [PSYoungGen: 69120K->69118K(80384K)] [ParOldGen: 182780K->182780K(182784K)] 251900K->251899K(263168K) [PSPermGen: 13494K->13494K(21504K)], 0.0503570 secs] [Times: user=0.35 sys=0.00, real=0.05 secs] 
156.262: Total time for which application threads were stopped: 0.0507510 seconds, Stopping threads took: 0.0000150 seconds
156.262: Application time: 0.0000580 seconds
156.262: [Full GC [PSYoungGen: 69120K->69118K(80384K)] [ParOldGen: 182780K->182780K(182784K)] 251900K->251899K(263168K) [PSPermGen: 13494K->13494K(21504K)], 0.0526000 secs] [Times: user=0.36 sys=0.00, real=0.05 secs] 
156.315: Total time for which application threads were stopped: 0.0529910 seconds, Stopping threads took: 0.0000170 seconds
156.315: Application time: 0.0000640 seconds
156.316: [Full GC [PSYoungGen: 69120K->69118K(80384K)] [ParOldGen: 182780K->182780K(182784K)] 251900K->251899K(263168K) [PSPermGen: 13494K->13494K(21504K)], 0.0505380 secs] [Times: user=0.35 sys=0.00, real=0.05 secs] 
156.366: Total time for which application threads were stopped: 0.0510460 seconds, Stopping threads took: 0.0000800 seconds
156.366: Application time: 0.0000560 seconds
156.367: [Full GC [PSYoungGen: 69120K->69117K(80384K)] [ParOldGen: 182780K->182780K(182784K)] 251900K->251898K(263168K) [PSPermGen: 13494K->13494K(21504K)], 0.0505740 secs] [Times: user=0.35 sys=0.00, real=0.06 secs] 
156.417: Total time for which application threads were stopped: 0.0509940 seconds, Stopping threads took: 0.0000360 seconds
156.417: Application time: 0.0000470 seconds
156.418: [Full GC [PSYoungGen: 69120K->69118K(80384K)] [ParOldGen: 182780K->182780K(182784K)] 251900K->251898K(263168K) [PSPermGen: 13494K->13494K(21504K)], 0.0506250 secs] [Times: user=0.35 sys=0.00, real=0.04 secs] 
156.468: Total time for which application threads were stopped: 0.0510730 seconds, Stopping threads took: 0.0000630 seconds
156.468: Application time: 0.0000460 seconds
156.469: [Full GC [PSYoungGen: 69120K->69118K(80384K)] [ParOldGen: 182780K->182780K(182784K)] 251900K->251898K(263168K) [PSPermGen: 13494K->13494K(21504K)], 0.0526730 secs] [Times: user=0.37 sys=0.00, real=0.05 secs] 
156.522: Total time for which application threads were stopped: 0.0530700 seconds, Stopping threads took: 0.0000080 seconds
156.522: Application time: 0.0000620 seconds
156.522: [Full GC [PSYoungGen: 69120K->69118K(80384K)] [ParOldGen: 182780K->182780K(182784K)] 251900K->251898K(263168K) [PSPermGen: 13494K->13494K(21504K)], 0.0506520 secs] [Times: user=0.35 sys=0.00, real=0.05 secs] 
156.573: Total time for which application threads were stopped: 0.0510550 seconds, Stopping threads took: 0.0000100 seconds
156.573: Application time: 0.0000610 seconds
156.573: [Full GC [PSYoungGen: 69120K->69118K(80384K)] [ParOldGen: 182780K->182780K(182784K)] 251900K->251898K(263168K) [PSPermGen: 13494K->13494K(21504K)], 0.0505920 secs] [Times: user=0.35 sys=0.00, real=0.05 secs] 
156.624: Total time for which application threads were stopped: 0.0509880 seconds, Stopping threads took: 0.0000130 seconds
156.624: Application time: 0.0000360 seconds
156.624: [Full GC [PSYoungGen: 69120K->69118K(80384K)] [ParOldGen: 182780K->182780K(182784K)] 251900K->251898K(263168K) [PSPermGen: 13494K->13494K(21504K)], 0.0507510 secs] [Times: user=0.35 sys=0.00, real=0.05 secs] 
156.675: Total time for which application threads were stopped: 0.0511560 seconds, Stopping threads took: 0.0000210 seconds
156.675: Application time: 0.0000490 seconds
156.675: [Full GC [PSYoungGen: 69120K->69118K(80384K)] [ParOldGen: 182780K->182780K(182784K)] 251900K->251898K(263168K) [PSPermGen: 13494K->13494K(21504K)], 0.0508630 secs] [Times: user=0.35 sys=0.00, real=0.05 secs] 
156.726: Total time for which application threads were stopped: 0.0512640 seconds, Stopping threads took: 0.0000210 seconds
156.726: Application time: 0.0000500 seconds
156.727: [Full GC [PSYoungGen: 69120K->69118K(80384K)] [ParOldGen: 182780K->182780K(182784K)] 251900K->251898K(263168K) [PSPermGen: 13494K->13494K(21504K)], 0.0506990 secs] [Times: user=0.35 sys=0.00, real=0.06 secs] 
156.777: Total time for which application threads were stopped: 0.0510980 seconds, Stopping threads took: 0.0000190 seconds
156.777: Application time: 0.0000480 seconds
156.778: [Full GC [PSYoungGen: 69120K->69118K(80384K)] [ParOldGen: 182780K->182780K(182784K)] 251900K->251898K(263168K) [PSPermGen: 13494K->13494K(21504K)], 0.0503140 secs] [Times: user=0.35 sys=0.00, real=0.04 secs] 
156.828: Total time for which application threads were stopped: 0.0507010 seconds, Stopping threads took: 0.0000080 seconds
156.828: Application time: 0.0000470 seconds
156.828: [Full GC [PSYoungGen: 69120K->69118K(80384K)] [ParOldGen: 182780K->182780K(182784K)] 251900K->251898K(263168K) [PSPermGen: 13494K->13494K(21504K)], 0.0506120 secs] [Times: user=0.35 sys=0.00, real=0.06 secs] 
156.879: Total time for which application threads were stopped: 0.0510310 seconds, Stopping threads took: 0.0000170 seconds
156.879: Application time: 0.0000550 seconds
156.880: [Full GC [PSYoungGen: 69120K->69117K(80384K)] [ParOldGen: 182780K->182780K(182784K)] 251900K->251898K(263168K) [PSPermGen: 13494K->13494K(21504K)], 0.0510140 secs] [Times: user=0.35 sys=0.00, real=0.05 secs] 
156.931: Total time for which application threads were stopped: 0.0514220 seconds, Stopping threads took: 0.0000210 seconds
156.931: Application time: 0.0000500 seconds
156.931: [Full GC [PSYoungGen: 69120K->69118K(80384K)] [ParOldGen: 182780K->182780K(182784K)] 251900K->251898K(263168K) [PSPermGen: 13494K->13494K(21504K)], 0.0524070 secs] [Times: user=0.37 sys=0.00, real=0.05 secs] 
156.983: Total time for which application threads were stopped: 0.0527910 seconds, Stopping threads took: 0.0000070 seconds
156.984: Application time: 0.0000450 seconds
156.984: [Full GC [PSYoungGen: 69120K->69118K(80384K)] [ParOldGen: 182780K->182780K(182784K)] 251900K->251898K(263168K) [PSPermGen: 13494K->13494K(21504K)], 0.0511660 secs] [Times: user=0.35 sys=0.00, real=0.05 secs] 
157.035: Total time for which application threads were stopped: 0.0515450 seconds, Stopping threads took: 0.0000080 seconds
157.035: Application time: 0.0000350 seconds
157.035: [Full GC [PSYoungGen: 69120K->69118K(80384K)] [ParOldGen: 182780K->182780K(182784K)] 251900K->251898K(263168K) [PSPermGen: 13494K->13494K(21504K)], 0.0507680 secs] [Times: user=0.35 sys=0.00, real=0.05 secs] 
157.086: Total time for which application threads were stopped: 0.0511780 seconds, Stopping threads took: 0.0000200 seconds
157.086: Application time: 0.0000540 seconds
157.087: [Full GC [PSYoungGen: 69120K->69118K(80384K)] [ParOldGen: 182780K->182780K(182784K)] 251900K->251898K(263168K) [PSPermGen: 13494K->13494K(21504K)], 0.0525930 secs] [Times: user=0.37 sys=0.00, real=0.06 secs] 
157.139: Total time for which application threads were stopped: 0.0529800 seconds, Stopping threads took: 0.0000080 seconds
157.139: Application time: 0.0000380 seconds
157.140: [Full GC [PSYoungGen: 69120K->69118K(80384K)] [ParOldGen: 182780K->182780K(182784K)] 251900K->251898K(263168K) [PSPermGen: 13494K->13494K(21504K)], 0.0525070 secs] [Times: user=0.37 sys=0.00, real=0.05 secs] 
157.192: Total time for which application threads were stopped: 0.0528940 seconds, Stopping threads took: 0.0000070 seconds
157.192: Application time: 0.0000360 seconds
157.193: [Full GC [PSYoungGen: 69120K->69118K(80384K)] [ParOldGen: 182780K->182780K(182784K)] 251900K->251899K(263168K) [PSPermGen: 13494K->13494K(21504K)], 0.0505650 secs] [Times: user=0.35 sys=0.00, real=0.05 secs] 
157.243: Total time for which application threads were stopped: 0.0509710 seconds, Stopping threads took: 0.0000120 seconds
157.243: Application time: 0.0000310 seconds
157.244: [Full GC [PSYoungGen: 69120K->69118K(80384K)] [ParOldGen: 182780K->182780K(182784K)] 251900K->251899K(263168K) [PSPermGen: 13494K->13494K(21504K)], 0.0533310 secs] [Times: user=0.37 sys=0.00, real=0.06 secs] 
157.297: Total time for which application threads were stopped: 0.0537410 seconds, Stopping threads took: 0.0000310 seconds
157.297: Application time: 0.0000380 seconds
157.297: [Full GC [PSYoungGen: 69120K->69118K(80384K)] [ParOldGen: 182780K->182780K(182784K)] 251900K->251899K(263168K) [PSPermGen: 13494K->13494K(21504K)], 0.0506220 secs] [Times: user=0.35 sys=0.00, real=0.04 secs] 
157.348: Total time for which application threads were stopped: 0.0510200 seconds, Stopping threads took: 0.0000190 seconds
157.348: Application time: 0.0000350 seconds
157.349: [Full GC [PSYoungGen: 69120K->69118K(80384K)] [ParOldGen: 182780K->182780K(182784K)] 251900K->251898K(263168K) [PSPermGen: 13494K->13494K(21504K)], 0.0525030 secs] [Times: user=0.36 sys=0.01, real=0.06 secs] 
157.401: Total time for which application threads were stopped: 0.0529390 seconds, Stopping threads took: 0.0000330 seconds
157.401: Application time: 0.0000460 seconds
157.401: [Full GC [PSYoungGen: 69120K->69118K(80384K)] [ParOldGen: 182780K->182780K(182784K)] 251900K->251899K(263168K) [PSPermGen: 13494K->13494K(21504K)], 0.0505680 secs] [Times: user=0.35 sys=0.00, real=0.05 secs] 
157.452: Total time for which application threads were stopped: 0.0509600 seconds, Stopping threads took: 0.0000080 seconds
157.452: Application time: 0.0000320 seconds
157.452: [Full GC [PSYoungGen: 69120K->69118K(80384K)] [ParOldGen: 182780K->182780K(182784K)] 251900K->251899K(263168K) [PSPermGen: 13494K->13494K(21504K)], 0.0506460 secs] [Times: user=0.35 sys=0.00, real=0.05 secs] 
157.503: Total time for which application threads were stopped: 0.0510490 seconds, Stopping threads took: 0.0000190 seconds
157.503: Application time: 0.0000930 seconds
157.504: [Full GC [PSYoungGen: 69120K->69118K(80384K)] [ParOldGen: 182780K->182780K(182784K)] 251900K->251899K(263168K) [PSPermGen: 13494K->13494K(21504K)], 0.0504560 secs] [Times: user=0.35 sys=0.00, real=0.05 secs] 
157.554: Total time for which application threads were stopped: 0.0508420 seconds, Stopping threads took: 0.0000080 seconds
157.554: Application time: 0.0000420 seconds
157.554: [Full GC [PSYoungGen: 69120K->69118K(80384K)] [ParOldGen: 182780K->182780K(182784K)] 251900K->251899K(263168K) [PSPermGen: 13494K->13494K(21504K)], 0.0503830 secs] [Times: user=0.34 sys=0.00, real=0.05 secs] 
157.605: Total time for which application threads were stopped: 0.0507860 seconds, Stopping threads took: 0.0000150 seconds
157.605: Application time: 0.0000620 seconds
157.605: [Full GC [PSYoungGen: 69120K->69118K(80384K)] [ParOldGen: 182780K->182780K(182784K)] 251900K->251899K(263168K) [PSPermGen: 13494K->13494K(21504K)], 0.0502740 secs] [Times: user=0.35 sys=0.00, real=0.05 secs] 
157.656: Total time for which application threads were stopped: 0.0506650 seconds, Stopping threads took: 0.0000080 seconds
157.656: Application time: 0.0000560 seconds
157.656: [Full GC [PSYoungGen: 69120K->69118K(80384K)] [ParOldGen: 182780K->182780K(182784K)] 251900K->251899K(263168K) [PSPermGen: 13494K->13494K(21504K)], 0.0505330 secs] [Times: user=0.35 sys=0.00, real=0.05 secs] 
157.707: Total time for which application threads were stopped: 0.0509390 seconds, Stopping threads took: 0.0000250 seconds
157.707: Application time: 0.0000510 seconds
157.707: [Full GC [PSYoungGen: 69120K->69119K(80384K)] [ParOldGen: 182780K->182780K(182784K)] 251900K->251899K(263168K) [PSPermGen: 13494K->13494K(21504K)], 0.0522090 secs] [Times: user=0.37 sys=0.00, real=0.06 secs] 
157.759: Total time for which application threads were stopped: 0.0526070 seconds, Stopping threads took: 0.0000180 seconds
157.759: Application time: 0.0000580 seconds
157.760: [Full GC [PSYoungGen: 69120K->69119K(80384K)] [ParOldGen: 182780K->182780K(182784K)] 251900K->251899K(263168K) [PSPermGen: 13494K->13494K(21504K)], 0.0504340 secs] [Times: user=0.35 sys=0.00, real=0.05 secs] 
157.810: Total time for which application threads were stopped: 0.0508390 seconds, Stopping threads took: 0.0000210 seconds
157.810: Application time: 0.0000560 seconds
157.811: [Full GC [PSYoungGen: 69120K->69118K(80384K)] [ParOldGen: 182780K->182780K(182784K)] 251900K->251899K(263168K) [PSPermGen: 13494K->13494K(21504K)], 0.0503650 secs] [Times: user=0.35 sys=0.00, real=0.05 secs] 
157.861: Total time for which application threads were stopped: 0.0507580 seconds, Stopping threads took: 0.0000080 seconds
157.861: Application time: 0.0000630 seconds
157.861: [Full GC [PSYoungGen: 69120K->69119K(80384K)] [ParOldGen: 182780K->182780K(182784K)] 251900K->251899K(263168K) [PSPermGen: 13494K->13494K(21504K)], 0.0510720 secs] [Times: user=0.35 sys=0.00, real=0.05 secs] 
157.913: Total time for which application threads were stopped: 0.0514970 seconds, Stopping threads took: 0.0000080 seconds
157.913: Application time: 0.0000450 seconds
157.913: [Full GC [PSYoungGen: 69120K->69119K(80384K)] [ParOldGen: 182780K->182780K(182784K)] 251900K->251899K(263168K) [PSPermGen: 13494K->13494K(21504K)], 0.0505680 secs] [Times: user=0.35 sys=0.00, real=0.05 secs] 
157.964: Total time for which application threads were stopped: 0.0509620 seconds, Stopping threads took: 0.0000100 seconds
157.964: Application time: 0.0000480 seconds
157.964: [Full GC [PSYoungGen: 69120K->69119K(80384K)] [ParOldGen: 182780K->182780K(182784K)] 251900K->251899K(263168K) [PSPermGen: 13494K->13494K(21504K)], 0.0506950 secs] [Times: user=0.35 sys=0.00, real=0.05 secs] 
158.015: Total time for which application threads were stopped: 0.0511010 seconds, Stopping threads took: 0.0000300 seconds
158.015: Application time: 0.0000360 seconds
158.015: [Full GC [PSYoungGen: 69120K->69119K(80384K)] [ParOldGen: 182780K->182780K(182784K)] 251900K->251899K(263168K) [PSPermGen: 13494K->13494K(21504K)], 0.0506000 secs] [Times: user=0.35 sys=0.00, real=0.05 secs] 
158.066: Total time for which application threads were stopped: 0.0509870 seconds, Stopping threads took: 0.0000070 seconds
158.066: Application time: 0.0000340 seconds
158.066: [Full GC [PSYoungGen: 69120K->69119K(80384K)] [ParOldGen: 182780K->182780K(182784K)] 251900K->251899K(263168K) [PSPermGen: 13494K->13494K(21504K)], 0.0505330 secs] [Times: user=0.35 sys=0.00, real=0.06 secs] 
158.117: Total time for which application threads were stopped: 0.0509220 seconds, Stopping threads took: 0.0000100 seconds
158.117: Application time: 0.0000400 seconds
158.117: [Full GC [PSYoungGen: 69120K->69119K(80384K)] [ParOldGen: 182780K->182780K(182784K)] 251900K->251899K(263168K) [PSPermGen: 13494K->13494K(21504K)], 0.0506910 secs] [Times: user=0.35 sys=0.00, real=0.04 secs] 
158.168: Total time for which application threads were stopped: 0.0510940 seconds, Stopping threads took: 0.0000130 seconds
158.168: Application time: 0.0000330 seconds
158.168: [Full GC [PSYoungGen: 69120K->69119K(80384K)] [ParOldGen: 182780K->182780K(182784K)] 251900K->251899K(263168K) [PSPermGen: 13494K->13494K(21504K)], 0.0507390 secs] [Times: user=0.35 sys=0.00, real=0.06 secs] 
158.219: Total time for which application threads were stopped: 0.0511270 seconds, Stopping threads took: 0.0000120 seconds
158.219: Application time: 0.0000520 seconds
158.219: [Full GC [PSYoungGen: 69120K->69119K(80384K)] [ParOldGen: 182780K->182780K(182784K)] 251900K->251899K(263168K) [PSPermGen: 13494K->13494K(21504K)], 0.0508100 secs] [Times: user=0.35 sys=0.01, real=0.05 secs] 
158.270: Total time for which application threads were stopped: 0.0512040 seconds, Stopping threads took: 0.0000100 seconds
158.270: Application time: 0.0000350 seconds
158.271: [Full GC [PSYoungGen: 69120K->69119K(80384K)] [ParOldGen: 182780K->182780K(182784K)] 251900K->251899K(263168K) [PSPermGen: 13494K->13494K(21504K)], 0.0507320 secs] [Times: user=0.35 sys=0.00, real=0.05 secs] 
158.321: Total time for which application threads were stopped: 0.0511250 seconds, Stopping threads took: 0.0000120 seconds
158.322: Application time: 0.0000500 seconds
158.322: [Full GC [PSYoungGen: 69120K->69119K(80384K)] [ParOldGen: 182780K->182780K(182784K)] 251900K->251899K(263168K) [PSPermGen: 13494K->13494K(21504K)], 0.0521260 secs] [Times: user=0.36 sys=0.00, real=0.05 secs] 
158.374: Total time for which application threads were stopped: 0.0525190 seconds, Stopping threads took: 0.0000120 seconds
158.374: Application time: 0.0000460 seconds
158.374: [Full GC [PSYoungGen: 69120K->69119K(80384K)] [ParOldGen: 182780K->182780K(182784K)] 251900K->251899K(263168K) [PSPermGen: 13494K->13494K(21504K)], 0.0506060 secs] [Times: user=0.35 sys=0.00, real=0.05 secs] 
158.425: Total time for which application threads were stopped: 0.0510230 seconds, Stopping threads took: 0.0000080 seconds
158.425: Application time: 0.0000540 seconds
158.425: [Full GC [PSYoungGen: 69120K->69119K(80384K)] [ParOldGen: 182780K->182780K(182784K)] 251900K->251899K(263168K) [PSPermGen: 13494K->13494K(21504K)], 0.0505100 secs] [Times: user=0.35 sys=0.00, real=0.05 secs] 
158.476: Total time for which application threads were stopped: 0.0509030 seconds, Stopping threads took: 0.0000080 seconds
158.476: Application time: 0.0000310 seconds
158.476: [Full GC [PSYoungGen: 69120K->69119K(80384K)] [ParOldGen: 182780K->182780K(182784K)] 251900K->251900K(263168K) [PSPermGen: 13494K->13494K(21504K)], 0.0505680 secs] [Times: user=0.35 sys=0.00, real=0.05 secs] 
158.527: Total time for which application threads were stopped: 0.0509570 seconds, Stopping threads took: 0.0000080 seconds
158.527: Application time: 0.0000450 seconds
158.527: [Full GC [PSYoungGen: 69119K->69119K(80384K)] [ParOldGen: 182780K->182780K(182784K)] 251900K->251899K(263168K) [PSPermGen: 13494K->13494K(21504K)], 0.0505430 secs] [Times: user=0.35 sys=0.00, real=0.06 secs] 
158.578: Total time for which application threads were stopped: 0.0509350 seconds, Stopping threads took: 0.0000110 seconds
158.578: Application time: 0.0000280 seconds
158.578: [Full GC [PSYoungGen: 69120K->69119K(80384K)] [ParOldGen: 182780K->182780K(182784K)] 251900K->251899K(263168K) [PSPermGen: 13494K->13494K(21504K)], 0.0505310 secs] [Times: user=0.35 sys=0.00, real=0.05 secs] 
158.629: Total time for which application threads were stopped: 0.0509210 seconds, Stopping threads took: 0.0000100 seconds
158.629: Application time: 0.0000290 seconds
158.629: [Full GC [PSYoungGen: 69120K->69119K(80384K)] [ParOldGen: 182780K->182780K(182784K)] 251900K->251899K(263168K) [PSPermGen: 13494K->13494K(21504K)], 0.0505630 secs] [Times: user=0.36 sys=0.00, real=0.05 secs] 
158.680: Total time for which application threads were stopped: 0.0509480 seconds, Stopping threads took: 0.0000080 seconds
158.680: Application time: 0.0000610 seconds
158.680: [Full GC [PSYoungGen: 69120K->69119K(80384K)] [ParOldGen: 182780K->182780K(182784K)] 251900K->251899K(263168K) [PSPermGen: 13494K->13494K(21504K)], 0.0507730 secs] [Times: user=0.35 sys=0.00, real=0.05 secs] 
158.731: Total time for which application threads were stopped: 0.0511790 seconds, Stopping threads took: 0.0000080 seconds
158.731: Application time: 0.0000470 seconds
158.732: [Full GC [PSYoungGen: 69120K->69119K(80384K)] [ParOldGen: 182780K->182780K(182784K)] 251900K->251899K(263168K) [PSPermGen: 13494K->13494K(21504K)], 0.0506310 secs] [Times: user=0.35 sys=0.00, real=0.05 secs] 
158.782: Total time for which application threads were stopped: 0.0510220 seconds, Stopping threads took: 0.0000070 seconds
158.782: Application time: 0.0000830 seconds
158.783: [Full GC [PSYoungGen: 69120K->69119K(80384K)] [ParOldGen: 182780K->182780K(182784K)] 251900K->251899K(263168K) [PSPermGen: 13494K->13494K(21504K)], 0.0509440 secs] [Times: user=0.35 sys=0.00, real=0.05 secs] 
158.834: Total time for which application threads were stopped: 0.0513300 seconds, Stopping threads took: 0.0000070 seconds
158.834: Application time: 0.0000340 seconds
158.834: [Full GC [PSYoungGen: 69120K->69119K(80384K)] [ParOldGen: 182780K->182780K(182784K)] 251900K->251899K(263168K) [PSPermGen: 13494K->13494K(21504K)], 0.0504320 secs] [Times: user=0.35 sys=0.00, real=0.05 secs] 
158.885: Total time for which application threads were stopped: 0.0508220 seconds, Stopping threads took: 0.0000120 seconds
158.885: Application time: 0.0000410 seconds
158.885: [Full GC [PSYoungGen: 69120K->69119K(80384K)] [ParOldGen: 182780K->182780K(182784K)] 251900K->251899K(263168K) [PSPermGen: 13494K->13494K(21504K)], 0.0511120 secs] [Times: user=0.35 sys=0.00, real=0.05 secs] 
158.936: Total time for which application threads were stopped: 0.0515340 seconds, Stopping threads took: 0.0000090 seconds
158.936: Application time: 0.0000450 seconds
158.937: [Full GC [PSYoungGen: 69120K->69119K(80384K)] [ParOldGen: 182780K->182780K(182784K)] 251900K->251900K(263168K) [PSPermGen: 13494K->13494K(21504K)], 0.0534300 secs] [Times: user=0.35 sys=0.00, real=0.06 secs] 
158.990: Total time for which application threads were stopped: 0.0538150 seconds, Stopping threads took: 0.0000070 seconds
158.990: Application time: 0.0000300 seconds
158.990: [Full GC [PSYoungGen: 69119K->69119K(80384K)] [ParOldGen: 182780K->182780K(182784K)] 251900K->251899K(263168K) [PSPermGen: 13494K->13494K(21504K)], 0.0504860 secs] [Times: user=0.35 sys=0.00, real=0.05 secs] 
159.041: Total time for which application threads were stopped: 0.0508780 seconds, Stopping threads took: 0.0000110 seconds
159.041: Application time: 0.0000290 seconds
159.041: [Full GC [PSYoungGen: 69120K->69119K(80384K)] [ParOldGen: 182780K->182780K(182784K)] 251900K->251900K(263168K) [PSPermGen: 13494K->13494K(21504K)], 0.0506380 secs] [Times: user=0.35 sys=0.00, real=0.05 secs] 
159.092: Total time for which application threads were stopped: 0.0510300 seconds, Stopping threads took: 0.0000140 seconds
159.092: Application time: 0.0000580 seconds
159.092: [Full GC [PSYoungGen: 69120K->69119K(80384K)] [ParOldGen: 182782K->182780K(182784K)] 251902K->251899K(263168K) [PSPermGen: 13494K->13494K(21504K)], 0.0506080 secs] [Times: user=0.35 sys=0.00, real=0.05 secs] 
159.143: Total time for which application threads were stopped: 0.0509940 seconds, Stopping threads took: 0.0000090 seconds
159.143: Application time: 0.0000380 seconds
159.143: [Full GC [PSYoungGen: 69120K->69119K(80384K)] [ParOldGen: 182780K->182780K(182784K)] 251900K->251899K(263168K) [PSPermGen: 13494K->13494K(21504K)], 0.0504130 secs] [Times: user=0.35 sys=0.00, real=0.05 secs] 
159.194: Total time for which application threads were stopped: 0.0508120 seconds, Stopping threads took: 0.0000220 seconds
159.194: Application time: 0.0000420 seconds
159.194: [Full GC [PSYoungGen: 69120K->69119K(80384K)] [ParOldGen: 182780K->182780K(182784K)] 251900K->251899K(263168K) [PSPermGen: 13494K->13494K(21504K)], 0.0525210 secs] [Times: user=0.37 sys=0.00, real=0.05 secs] 
159.247: Total time for which application threads were stopped: 0.0529130 seconds, Stopping threads took: 0.0000090 seconds
159.247: Application time: 0.0000750 seconds
159.247: [Full GC [PSYoungGen: 69120K->69119K(80384K)] [ParOldGen: 182780K->182780K(182784K)] 251900K->251899K(263168K) [PSPermGen: 13494K->13494K(21504K)], 0.0506600 secs] [Times: user=0.35 sys=0.00, real=0.06 secs] 
159.298: Total time for which application threads were stopped: 0.0510520 seconds, Stopping threads took: 0.0000080 seconds
159.298: Application time: 0.0000450 seconds
159.298: [Full GC [PSYoungGen: 69120K->69119K(80384K)] [ParOldGen: 182780K->182780K(182784K)] 251900K->251899K(263168K) [PSPermGen: 13494K->13494K(21504K)], 0.0505080 secs] [Times: user=0.35 sys=0.00, real=0.05 secs] 
159.349: Total time for which application threads were stopped: 0.0508990 seconds, Stopping threads took: 0.0000120 seconds
159.349: Application time: 0.0000330 seconds
159.349: [Full GC [PSYoungGen: 69120K->69119K(80384K)] [ParOldGen: 182780K->182780K(182784K)] 251900K->251899K(263168K) [PSPermGen: 13494K->13494K(21504K)], 0.0505340 secs] [Times: user=0.35 sys=0.00, real=0.05 secs] 
159.400: Total time for which application threads were stopped: 0.0509450 seconds, Stopping threads took: 0.0000310 seconds
159.400: Application time: 0.0000440 seconds
159.400: [Full GC [PSYoungGen: 69120K->69119K(80384K)] [ParOldGen: 182780K->182780K(182784K)] 251900K->251899K(263168K) [PSPermGen: 13494K->13494K(21504K)], 0.0506260 secs] [Times: user=0.35 sys=0.00, real=0.05 secs] 
159.451: Total time for which application threads were stopped: 0.0510510 seconds, Stopping threads took: 0.0000210 seconds
159.451: Application time: 0.0000330 seconds
159.451: [Full GC [PSYoungGen: 69120K->69119K(80384K)] [ParOldGen: 182780K->182780K(182784K)] 251900K->251899K(263168K) [PSPermGen: 13494K->13494K(21504K)], 0.0507700 secs] [Times: user=0.35 sys=0.00, real=0.05 secs] 
159.502: Total time for which application threads were stopped: 0.0511640 seconds, Stopping threads took: 0.0000070 seconds
159.502: Application time: 0.0000560 seconds
159.503: [Full GC [PSYoungGen: 69120K->69119K(80384K)] [ParOldGen: 182780K->182780K(182784K)] 251900K->251899K(263168K) [PSPermGen: 13494K->13494K(21504K)], 0.0522130 secs] [Times: user=0.37 sys=0.00, real=0.05 secs] 
159.555: Total time for which application threads were stopped: 0.0526220 seconds, Stopping threads took: 0.0000290 seconds
159.555: Application time: 0.0000400 seconds
159.555: [Full GC [PSYoungGen: 69120K->69119K(80384K)] [ParOldGen: 182780K->182780K(182784K)] 251900K->251899K(263168K) [PSPermGen: 13494K->13494K(21504K)], 0.0510030 secs] [Times: user=0.35 sys=0.00, real=0.05 secs] 
159.606: Total time for which application threads were stopped: 0.0513960 seconds, Stopping threads took: 0.0000090 seconds
159.606: Application time: 0.0000490 seconds
159.607: [Full GC [PSYoungGen: 69120K->69119K(80384K)] [ParOldGen: 182780K->182780K(182784K)] 251900K->251899K(263168K) [PSPermGen: 13494K->13494K(21504K)], 0.0502660 secs] [Times: user=0.35 sys=0.01, real=0.06 secs] 
159.657: Total time for which application threads were stopped: 0.0506560 seconds, Stopping threads took: 0.0000080 seconds
159.657: Application time: 0.0000330 seconds
159.657: [Full GC [PSYoungGen: 69120K->69119K(80384K)] [ParOldGen: 182780K->182780K(182784K)] 251900K->251899K(263168K) [PSPermGen: 13494K->13494K(21504K)], 0.0503630 secs] [Times: user=0.35 sys=0.00, real=0.04 secs] 
159.708: Total time for which application threads were stopped: 0.0507580 seconds, Stopping threads took: 0.0000110 seconds
159.708: Application time: 0.0000460 seconds
159.708: [Full GC [PSYoungGen: 69120K->69119K(80384K)] [ParOldGen: 182780K->182780K(182784K)] 251900K->251899K(263168K) [PSPermGen: 13494K->13494K(21504K)], 0.0504570 secs] [Times: user=0.34 sys=0.00, real=0.06 secs] 
159.759: Total time for which application threads were stopped: 0.0508610 seconds, Stopping threads took: 0.0000180 seconds
159.759: Application time: 0.0000570 seconds
159.759: [Full GC [PSYoungGen: 69120K->69119K(80384K)] [ParOldGen: 182780K->182780K(182784K)] 251900K->251899K(263168K) [PSPermGen: 13494K->13494K(21504K)], 0.0524590 secs] [Times: user=0.37 sys=0.00, real=0.05 secs] 
159.812: Total time for which application threads were stopped: 0.0528610 seconds, Stopping threads took: 0.0000080 seconds
159.812: Application time: 0.0000440 seconds
159.812: [Full GC [PSYoungGen: 69120K->69119K(80384K)] [ParOldGen: 182780K->182780K(182784K)] 251900K->251899K(263168K) [PSPermGen: 13494K->13494K(21504K)], 0.0520150 secs] [Times: user=0.36 sys=0.00, real=0.05 secs] 
159.864: Total time for which application threads were stopped: 0.0524010 seconds, Stopping threads took: 0.0000100 seconds
159.864: Application time: 0.0000470 seconds
159.864: [Full GC [PSYoungGen: 69120K->69119K(80384K)] [ParOldGen: 182780K->182780K(182784K)] 251900K->251899K(263168K) [PSPermGen: 13494K->13494K(21504K)], 0.0509390 secs] [Times: user=0.35 sys=0.00, real=0.05 secs] 
159.915: Total time for which application threads were stopped: 0.0513650 seconds, Stopping threads took: 0.0000440 seconds
159.916: Application time: 0.0000380 seconds
159.916: [Full GC [PSYoungGen: 69120K->69119K(80384K)] [ParOldGen: 182780K->182780K(182784K)] 251900K->251899K(263168K) [PSPermGen: 13494K->13494K(21504K)], 0.0505890 secs] [Times: user=0.35 sys=0.00, real=0.05 secs] 
159.967: Total time for which application threads were stopped: 0.0510050 seconds, Stopping threads took: 0.0000080 seconds
159.967: Application time: 0.0000360 seconds
159.967: [Full GC [PSYoungGen: 69120K->69119K(80384K)] [ParOldGen: 182780K->182780K(182784K)] 251900K->251899K(263168K) [PSPermGen: 13494K->13494K(21504K)], 0.0506080 secs] [Times: user=0.35 sys=0.00, real=0.06 secs] 
160.018: Total time for which application threads were stopped: 0.0509950 seconds, Stopping threads took: 0.0000070 seconds
160.018: Application time: 0.0000400 seconds
160.018: [Full GC [PSYoungGen: 69120K->69119K(80384K)] [ParOldGen: 182780K->182780K(182784K)] 251900K->251899K(263168K) [PSPermGen: 13494K->13494K(21504K)], 0.0504700 secs] [Times: user=0.35 sys=0.00, real=0.04 secs] 
160.068: Total time for which application threads were stopped: 0.0508640 seconds, Stopping threads took: 0.0000070 seconds
160.069: Application time: 0.0000510 seconds
160.069: [Full GC [PSYoungGen: 69120K->69119K(80384K)] [ParOldGen: 182780K->182780K(182784K)] 251900K->251899K(263168K) [PSPermGen: 13494K->13494K(21504K)], 0.0504620 secs] [Times: user=0.34 sys=0.00, real=0.05 secs] 
160.119: Total time for which application threads were stopped: 0.0508620 seconds, Stopping threads took: 0.0000080 seconds
160.119: Application time: 0.0000310 seconds
160.120: [Full GC [PSYoungGen: 69120K->69119K(80384K)] [ParOldGen: 182780K->182780K(182784K)] 251900K->251900K(263168K) [PSPermGen: 13494K->13494K(21504K)], 0.0504710 secs] [Times: user=0.35 sys=0.00, real=0.05 secs] 
160.170: Total time for which application threads were stopped: 0.0508590 seconds, Stopping threads took: 0.0000080 seconds
160.170: Application time: 0.0000330 seconds
160.171: [Full GC [PSYoungGen: 69120K->69119K(80384K)] [ParOldGen: 182780K->182780K(182784K)] 251900K->251900K(263168K) [PSPermGen: 13494K->13494K(21504K)], 0.0525190 secs] [Times: user=0.37 sys=0.00, real=0.05 secs] 
160.223: Total time for which application threads were stopped: 0.0529060 seconds, Stopping threads took: 0.0000070 seconds
160.223: Application time: 0.0000380 seconds
160.224: [Full GC [PSYoungGen: 69119K->69119K(80384K)] [ParOldGen: 182780K->182780K(182784K)] 251900K->251900K(263168K) [PSPermGen: 13494K->13494K(21504K)], 0.0509680 secs] [Times: user=0.35 sys=0.00, real=0.05 secs] 
160.275: Total time for which application threads were stopped: 0.0513650 seconds, Stopping threads took: 0.0000110 seconds
160.275: Application time: 0.0000750 seconds
160.275: [Full GC [PSYoungGen: 69120K->69119K(80384K)] [ParOldGen: 182780K->182780K(182784K)] 251900K->251900K(263168K) [PSPermGen: 13494K->13494K(21504K)], 0.0509180 secs] [Times: user=0.36 sys=0.00, real=0.05 secs] 
160.326: Total time for which application threads were stopped: 0.0513130 seconds, Stopping threads took: 0.0000110 seconds
160.326: Application time: 0.0000390 seconds
160.326: [Full GC [PSYoungGen: 69119K->69119K(80384K)] [ParOldGen: 182780K->182780K(182784K)] 251900K->251900K(263168K) [PSPermGen: 13494K->13494K(21504K)], 0.0507180 secs] [Times: user=0.35 sys=0.00, real=0.06 secs] 
160.377: Total time for which application threads were stopped: 0.0511090 seconds, Stopping threads took: 0.0000110 seconds
160.377: Application time: 0.0000590 seconds
160.378: [Full GC [PSYoungGen: 69119K->69119K(80384K)] [ParOldGen: 182782K->182780K(182784K)] 251902K->251900K(263168K) [PSPermGen: 13494K->13494K(21504K)], 0.0508020 secs] [Times: user=0.35 sys=0.00, real=0.04 secs] 
160.428: Total time for which application threads were stopped: 0.0511950 seconds, Stopping threads took: 0.0000080 seconds
160.428: Application time: 0.0000340 seconds
160.429: [Full GC [PSYoungGen: 69120K->69119K(80384K)] [ParOldGen: 182780K->182780K(182784K)] 251900K->251900K(263168K) [PSPermGen: 13494K->13494K(21504K)], 0.0523120 secs] [Times: user=0.36 sys=0.00, real=0.05 secs] 
160.481: Total time for which application threads were stopped: 0.0527310 seconds, Stopping threads took: 0.0000090 seconds
160.481: Application time: 0.0000550 seconds
160.482: [Full GC [PSYoungGen: 69120K->69119K(80384K)] [ParOldGen: 182780K->182780K(182784K)] 251900K->251899K(263168K) [PSPermGen: 13494K->13494K(21504K)], 0.0509360 secs] [Times: user=0.35 sys=0.00, real=0.05 secs] 
160.533: Total time for which application threads were stopped: 0.0513280 seconds, Stopping threads took: 0.0000080 seconds
160.533: Application time: 0.0000580 seconds
160.533: [Full GC [PSYoungGen: 69120K->69119K(80384K)] [ParOldGen: 182780K->182780K(182784K)] 251900K->251899K(263168K) [PSPermGen: 13494K->13494K(21504K)], 0.0504050 secs] [Times: user=0.35 sys=0.01, real=0.05 secs] 
160.583: Total time for which application threads were stopped: 0.0508010 seconds, Stopping threads took: 0.0000080 seconds
160.583: Application time: 0.0000460 seconds
160.584: [Full GC [PSYoungGen: 69120K->69119K(80384K)] [ParOldGen: 182780K->182780K(182784K)] 251900K->251900K(263168K) [PSPermGen: 13494K->13494K(21504K)], 0.0506080 secs] [Times: user=0.35 sys=0.00, real=0.05 secs] 
160.634: Total time for which application threads were stopped: 0.0509990 seconds, Stopping threads took: 0.0000070 seconds
160.635: Application time: 0.0000420 seconds
160.635: [Full GC [PSYoungGen: 69120K->69119K(80384K)] [ParOldGen: 182780K->182780K(182784K)] 251900K->251899K(263168K) [PSPermGen: 13494K->13494K(21504K)], 0.0515950 secs] [Times: user=0.35 sys=0.00, real=0.05 secs] 
160.687: Total time for which application threads were stopped: 0.0519930 seconds, Stopping threads took: 0.0000150 seconds
160.687: Application time: 0.0000420 seconds
160.687: [Full GC [PSYoungGen: 69120K->69119K(80384K)] [ParOldGen: 182780K->182780K(182784K)] 251900K->251900K(263168K) [PSPermGen: 13494K->13494K(21504K)], 0.0508570 secs] [Times: user=0.35 sys=0.00, real=0.06 secs] 
160.738: Total time for which application threads were stopped: 0.0512400 seconds, Stopping threads took: 0.0000070 seconds
160.738: Application time: 0.0000350 seconds
160.738: [Full GC [PSYoungGen: 69120K->69119K(80384K)] [ParOldGen: 182780K->182780K(182784K)] 251900K->251900K(263168K) [PSPermGen: 13494K->13494K(21504K)], 0.0507880 secs] [Times: user=0.35 sys=0.00, real=0.05 secs] 
160.789: Total time for which application threads were stopped: 0.0511830 seconds, Stopping threads took: 0.0000100 seconds
160.789: Application time: 0.0000770 seconds
160.789: [Full GC [PSYoungGen: 69120K->69119K(80384K)] [ParOldGen: 182780K->182780K(182784K)] 251900K->251900K(263168K) [PSPermGen: 13494K->13494K(21504K)], 0.0504630 secs] [Times: user=0.35 sys=0.00, real=0.05 secs] 
160.840: Total time for which application threads were stopped: 0.0508510 seconds, Stopping threads took: 0.0000070 seconds
160.840: Application time: 0.0000480 seconds
160.840: [Full GC [PSYoungGen: 69120K->69119K(80384K)] [ParOldGen: 182780K->182780K(182784K)] 251900K->251900K(263168K) [PSPermGen: 13494K->13494K(21504K)], 0.0516420 secs] [Times: user=0.35 sys=0.00, real=0.05 secs] 
160.892: Total time for which application threads were stopped: 0.0520410 seconds, Stopping threads took: 0.0000070 seconds
160.892: Application time: 0.0000350 seconds
160.892: [Full GC [PSYoungGen: 69120K->69119K(80384K)] [ParOldGen: 182780K->182780K(182784K)] 251900K->251900K(263168K) [PSPermGen: 13494K->13494K(21504K)], 0.0505550 secs] [Times: user=0.35 sys=0.00, real=0.05 secs] 
160.943: Total time for which application threads were stopped: 0.0509280 seconds, Stopping threads took: 0.0000070 seconds
160.943: Application time: 0.0000460 seconds
160.943: [Full GC [PSYoungGen: 69120K->69119K(80384K)] [ParOldGen: 182780K->182780K(182784K)] 251900K->251900K(263168K) [PSPermGen: 13494K->13494K(21504K)], 0.0505330 secs] [Times: user=0.35 sys=0.00, real=0.05 secs] 
160.994: Total time for which application threads were stopped: 0.0509400 seconds, Stopping threads took: 0.0000070 seconds
160.994: Application time: 0.0000320 seconds
160.994: [Full GC [PSYoungGen: 69120K->69119K(80384K)] [ParOldGen: 182780K->182780K(182784K)] 251900K->251900K(263168K) [PSPermGen: 13494K->13494K(21504K)], 0.0505090 secs] [Times: user=0.35 sys=0.00, real=0.05 secs] 
161.045: Total time for which application threads were stopped: 0.0509070 seconds, Stopping threads took: 0.0000130 seconds
161.045: Application time: 0.0000570 seconds
161.045: [Full GC [PSYoungGen: 69120K->69119K(80384K)] [ParOldGen: 182780K->182780K(182784K)] 251900K->251900K(263168K) [PSPermGen: 13494K->13494K(21504K)], 0.0505110 secs] [Times: user=0.35 sys=0.01, real=0.05 secs] 
161.096: Total time for which application threads were stopped: 0.0509010 seconds, Stopping threads took: 0.0000080 seconds
161.096: Application time: 0.0000450 seconds
161.096: [Full GC [PSYoungGen: 69119K->69119K(80384K)] [ParOldGen: 182780K->182780K(182784K)] 251900K->251900K(263168K) [PSPermGen: 13494K->13494K(21504K)], 0.0506340 secs] [Times: user=0.35 sys=0.00, real=0.05 secs] 
161.147: Total time for which application threads were stopped: 0.0510180 seconds, Stopping threads took: 0.0000070 seconds
161.147: Application time: 0.0000370 seconds
161.147: [Full GC [PSYoungGen: 69119K->69119K(80384K)] [ParOldGen: 182780K->182780K(182784K)] 251900K->251900K(263168K) [PSPermGen: 13494K->13494K(21504K)], 0.0524630 secs] [Times: user=0.36 sys=0.00, real=0.06 secs] 
161.200: Total time for which application threads were stopped: 0.0528550 seconds, Stopping threads took: 0.0000090 seconds
161.200: Application time: 0.0000760 seconds
161.200: [Full GC [PSYoungGen: 69120K->69119K(80384K)] [ParOldGen: 182782K->182781K(182784K)] 251902K->251900K(263168K) [PSPermGen: 13494K->13494K(21504K)], 0.0510380 secs] [Times: user=0.36 sys=0.00, real=0.05 secs] 
161.251: Total time for which application threads were stopped: 0.0514550 seconds, Stopping threads took: 0.0000200 seconds
161.251: Application time: 0.0000400 seconds
161.252: [Full GC [PSYoungGen: 69120K->69119K(80384K)] [ParOldGen: 182781K->182781K(182784K)] 251901K->251900K(263168K) [PSPermGen: 13494K->13494K(21504K)], 0.0508370 secs] [Times: user=0.35 sys=0.00, real=0.05 secs] 
161.303: Total time for which application threads were stopped: 0.0512490 seconds, Stopping threads took: 0.0000160 seconds
161.303: Application time: 0.0000400 seconds
161.303: [Full GC [PSYoungGen: 69120K->69119K(80384K)] [ParOldGen: 182781K->182781K(182784K)] 251901K->251900K(263168K) [PSPermGen: 13494K->13494K(21504K)], 0.0506080 secs] [Times: user=0.35 sys=0.00, real=0.05 secs] 
161.354: Total time for which application threads were stopped: 0.0510300 seconds, Stopping threads took: 0.0000330 seconds
161.354: Application time: 0.0000450 seconds
161.354: [Full GC [PSYoungGen: 69120K->69119K(80384K)] [ParOldGen: 182781K->182781K(182784K)] 251901K->251900K(263168K) [PSPermGen: 13494K->13494K(21504K)], 0.0506790 secs] [Times: user=0.35 sys=0.00, real=0.05 secs] 
161.405: Total time for which application threads were stopped: 0.0510630 seconds, Stopping threads took: 0.0000090 seconds
161.405: Application time: 0.0000470 seconds
161.405: [Full GC [PSYoungGen: 69120K->69119K(80384K)] [ParOldGen: 182781K->182780K(182784K)] 251901K->251900K(263168K) [PSPermGen: 13494K->13494K(21504K)], 0.0529770 secs] [Times: user=0.37 sys=0.00, real=0.06 secs] 
161.458: Total time for which application threads were stopped: 0.0533710 seconds, Stopping threads took: 0.0000140 seconds
161.458: Application time: 0.0000340 seconds
161.459: [Full GC [PSYoungGen: 69120K->69119K(80384K)] [ParOldGen: 182780K->182780K(182784K)] 251900K->251900K(263168K) [PSPermGen: 13494K->13494K(21504K)], 0.0504760 secs] [Times: user=0.35 sys=0.00, real=0.05 secs] 
161.509: Total time for which application threads were stopped: 0.0508810 seconds, Stopping threads took: 0.0000110 seconds
161.509: Application time: 0.0000530 seconds
161.510: [Full GC [PSYoungGen: 69120K->69119K(80384K)] [ParOldGen: 182780K->182780K(182784K)] 251900K->251900K(263168K) [PSPermGen: 13494K->13494K(21504K)], 0.0525090 secs] [Times: user=0.36 sys=0.00, real=0.05 secs] 
161.562: Total time for which application threads were stopped: 0.0528930 seconds, Stopping threads took: 0.0000070 seconds
161.562: Application time: 0.0000460 seconds
161.563: [Full GC [PSYoungGen: 69120K->69119K(80384K)] [ParOldGen: 182780K->182780K(182784K)] 251900K->251900K(263168K) [PSPermGen: 13494K->13494K(21504K)], 0.0509350 secs] [Times: user=0.36 sys=0.00, real=0.05 secs] 
161.614: Total time for which application threads were stopped: 0.0513310 seconds, Stopping threads took: 0.0000150 seconds
161.614: Application time: 0.0000760 seconds
161.614: [Full GC [PSYoungGen: 69120K->69119K(80384K)] [ParOldGen: 182780K->182780K(182784K)] 251900K->251900K(263168K) [PSPermGen: 13494K->13494K(21504K)], 0.0507140 secs] [Times: user=0.35 sys=0.00, real=0.05 secs] 
161.665: Total time for which application threads were stopped: 0.0511050 seconds, Stopping threads took: 0.0000080 seconds
161.665: Application time: 0.0000490 seconds
161.665: [Full GC [PSYoungGen: 69120K->69119K(80384K)] [ParOldGen: 182780K->182780K(182784K)] 251900K->251900K(263168K) [PSPermGen: 13494K->13494K(21504K)], 0.0508210 secs] [Times: user=0.35 sys=0.00, real=0.05 secs] 
161.716: Total time for which application threads were stopped: 0.0512180 seconds, Stopping threads took: 0.0000130 seconds
161.716: Application time: 0.0000330 seconds
161.716: [Full GC [PSYoungGen: 69120K->69119K(80384K)] [ParOldGen: 182780K->182780K(182784K)] 251900K->251900K(263168K) [PSPermGen: 13494K->13494K(21504K)], 0.0508990 secs] [Times: user=0.35 sys=0.00, real=0.05 secs] 
161.767: Total time for which application threads were stopped: 0.0513030 seconds, Stopping threads took: 0.0000100 seconds
161.767: Application time: 0.0000300 seconds
161.768: [Full GC [PSYoungGen: 69120K->69119K(80384K)] [ParOldGen: 182780K->182780K(182784K)] 251900K->251900K(263168K) [PSPermGen: 13494K->13494K(21504K)], 0.0505350 secs] [Times: user=0.35 sys=0.00, real=0.06 secs] 
161.818: Total time for which application threads were stopped: 0.0509270 seconds, Stopping threads took: 0.0000060 seconds
161.818: Application time: 0.0000390 seconds
161.819: [Full GC [PSYoungGen: 69120K->69119K(80384K)] [ParOldGen: 182780K->182780K(182784K)] 251900K->251900K(263168K) [PSPermGen: 13494K->13494K(21504K)], 0.0504450 secs] [Times: user=0.35 sys=0.00, real=0.05 secs] 
161.869: Total time for which application threads were stopped: 0.0508450 seconds, Stopping threads took: 0.0000180 seconds
161.869: Application time: 0.0000800 seconds
161.870: [Full GC [PSYoungGen: 69120K->69119K(80384K)] [ParOldGen: 182780K->182780K(182784K)] 251900K->251900K(263168K) [PSPermGen: 13494K->13494K(21504K)], 0.0509880 secs] [Times: user=0.35 sys=0.00, real=0.05 secs] 
161.921: Total time for which application threads were stopped: 0.0513940 seconds, Stopping threads took: 0.0000080 seconds
161.921: Application time: 0.0000380 seconds
161.921: [Full GC [PSYoungGen: 69120K->69119K(80384K)] [ParOldGen: 182780K->182780K(182784K)] 251900K->251900K(263168K) [PSPermGen: 13494K->13494K(21504K)], 0.0503620 secs] [Times: user=0.35 sys=0.00, real=0.05 secs] 
161.971: Total time for which application threads were stopped: 0.0507620 seconds, Stopping threads took: 0.0000180 seconds
161.971: Application time: 0.0000430 seconds
161.972: [Full GC [PSYoungGen: 69120K->69119K(80384K)] [ParOldGen: 182780K->182780K(182784K)] 251900K->251900K(263168K) [PSPermGen: 13494K->13494K(21504K)], 0.0507260 secs] [Times: user=0.35 sys=0.00, real=0.05 secs] 
162.023: Total time for which application threads were stopped: 0.0511310 seconds, Stopping threads took: 0.0000060 seconds
162.023: Application time: 0.0000290 seconds
162.023: [Full GC [PSYoungGen: 69120K->69119K(80384K)] [ParOldGen: 182780K->182780K(182784K)] 251900K->251900K(263168K) [PSPermGen: 13494K->13494K(21504K)], 0.0505340 secs] [Times: user=0.35 sys=0.00, real=0.05 secs] 
162.074: Total time for which application threads were stopped: 0.0509250 seconds, Stopping threads took: 0.0000100 seconds
162.074: Application time: 0.0000620 seconds
162.074: [Full GC [PSYoungGen: 69120K->69119K(80384K)] [ParOldGen: 182780K->182780K(182784K)] 251900K->251900K(263168K) [PSPermGen: 13494K->13494K(21504K)], 0.0508210 secs] [Times: user=0.35 sys=0.00, real=0.05 secs] 
162.125: Total time for which application threads were stopped: 0.0512130 seconds, Stopping threads took: 0.0000080 seconds
162.125: Application time: 0.0000430 seconds
162.125: [Full GC [PSYoungGen: 69120K->69119K(80384K)] [ParOldGen: 182780K->182780K(182784K)] 251900K->251900K(263168K) [PSPermGen: 13494K->13494K(21504K)], 0.0506830 secs] [Times: user=0.35 sys=0.00, real=0.05 secs] 
162.176: Total time for which application threads were stopped: 0.0510730 seconds, Stopping threads took: 0.0000100 seconds
162.176: Application time: 0.0000320 seconds
162.176: [Full GC [PSYoungGen: 69120K->69119K(80384K)] [ParOldGen: 182780K->182780K(182784K)] 251900K->251900K(263168K) [PSPermGen: 13494K->13494K(21504K)], 0.0508840 secs] [Times: user=0.35 sys=0.00, real=0.05 secs] 
162.227: Total time for which application threads were stopped: 0.0512800 seconds, Stopping threads took: 0.0000100 seconds
162.227: Application time: 0.0000420 seconds
162.228: [Full GC [PSYoungGen: 69120K->69119K(80384K)] [ParOldGen: 182780K->182780K(182784K)] 251900K->251900K(263168K) [PSPermGen: 13494K->13494K(21504K)], 0.0504100 secs] [Times: user=0.35 sys=0.01, real=0.06 secs] 
162.278: Total time for which application threads were stopped: 0.0508110 seconds, Stopping threads took: 0.0000190 seconds
162.278: Application time: 0.0000460 seconds
162.279: [Full GC [PSYoungGen: 69120K->69119K(80384K)] [ParOldGen: 182780K->182780K(182784K)] 251900K->251900K(263168K) [PSPermGen: 13494K->13494K(21504K)], 0.0506100 secs] [Times: user=0.35 sys=0.00, real=0.05 secs] 
162.329: Total time for which application threads were stopped: 0.0509900 seconds, Stopping threads took: 0.0000070 seconds
162.329: Application time: 0.0000500 seconds
162.330: [Full GC [PSYoungGen: 69120K->69119K(80384K)] [ParOldGen: 182780K->182780K(182784K)] 251900K->251900K(263168K) [PSPermGen: 13494K->13494K(21504K)], 0.0507160 secs] [Times: user=0.35 sys=0.00, real=0.05 secs] 
162.380: Total time for which application threads were stopped: 0.0511100 seconds, Stopping threads took: 0.0000090 seconds
162.380: Application time: 0.0000410 seconds
162.381: [Full GC [PSYoungGen: 69120K->69119K(80384K)] [ParOldGen: 182780K->182780K(182784K)] 251900K->251900K(263168K) [PSPermGen: 13494K->13494K(21504K)], 0.0507180 secs] [Times: user=0.35 sys=0.00, real=0.05 secs] 
162.431: Total time for which application threads were stopped: 0.0511150 seconds, Stopping threads took: 0.0000090 seconds
162.432: Application time: 0.0000380 seconds
162.432: [Full GC [PSYoungGen: 69120K->69119K(80384K)] [ParOldGen: 182780K->182780K(182784K)] 251900K->251900K(263168K) [PSPermGen: 13494K->13494K(21504K)], 0.0504910 secs] [Times: user=0.35 sys=0.00, real=0.05 secs] 
162.482: Total time for which application threads were stopped: 0.0508830 seconds, Stopping threads took: 0.0000080 seconds
162.482: Application time: 0.0000620 seconds
162.483: [Full GC [PSYoungGen: 69120K->69119K(80384K)] [ParOldGen: 182782K->182781K(182784K)] 251902K->251900K(263168K) [PSPermGen: 13494K->13494K(21504K)], 0.0505210 secs] [Times: user=0.35 sys=0.00, real=0.05 secs] 
162.533: Total time for which application threads were stopped: 0.0509460 seconds, Stopping threads took: 0.0000080 seconds
162.533: Application time: 0.0000360 seconds
162.534: [Full GC [PSYoungGen: 69120K->69119K(80384K)] [ParOldGen: 182781K->182780K(182784K)] 251901K->251900K(263168K) [PSPermGen: 13494K->13494K(21504K)], 0.0503930 secs] [Times: user=0.35 sys=0.00, real=0.05 secs] 
162.584: Total time for which application threads were stopped: 0.0507860 seconds, Stopping threads took: 0.0000090 seconds
162.584: Application time: 0.0000540 seconds
162.585: [Full GC [PSYoungGen: 69120K->69119K(80384K)] [ParOldGen: 182780K->182780K(182784K)] 251900K->251900K(263168K) [PSPermGen: 13494K->13494K(21504K)], 0.0506780 secs] [Times: user=0.35 sys=0.01, real=0.05 secs] 
162.635: Total time for which application threads were stopped: 0.0510950 seconds, Stopping threads took: 0.0000210 seconds
162.635: Application time: 0.0000530 seconds
162.636: [Full GC [PSYoungGen: 69120K->69119K(80384K)] [ParOldGen: 182780K->182780K(182784K)] 251900K->251900K(263168K) [PSPermGen: 13494K->13494K(21504K)], 0.0502490 secs] [Times: user=0.34 sys=0.00, real=0.05 secs] 
162.686: Total time for which application threads were stopped: 0.0506720 seconds, Stopping threads took: 0.0000400 seconds
162.686: Application time: 0.0000400 seconds
162.686: [Full GC [PSYoungGen: 69120K->69119K(80384K)] [ParOldGen: 182780K->182780K(182784K)] 251900K->251900K(263168K) [PSPermGen: 13494K->13494K(21504K)], 0.0532220 secs] [Times: user=0.38 sys=0.00, real=0.06 secs] 
162.740: Total time for which application threads were stopped: 0.0536080 seconds, Stopping threads took: 0.0000080 seconds
162.740: Application time: 0.0000750 seconds
162.740: [Full GC [PSYoungGen: 69120K->69119K(80384K)] [ParOldGen: 182780K->182780K(182784K)] 251900K->251900K(263168K) [PSPermGen: 13494K->13494K(21504K)], 0.0506380 secs] [Times: user=0.35 sys=0.00, real=0.05 secs] 
162.791: Total time for which application threads were stopped: 0.0510290 seconds, Stopping threads took: 0.0000080 seconds
162.791: Application time: 0.0000600 seconds
162.791: [Full GC [PSYoungGen: 69120K->69119K(80384K)] [ParOldGen: 182780K->182780K(182784K)] 251900K->251900K(263168K) [PSPermGen: 13494K->13494K(21504K)], 0.0505610 secs] [Times: user=0.35 sys=0.00, real=0.05 secs] 
162.842: Total time for which application threads were stopped: 0.0509560 seconds, Stopping threads took: 0.0000080 seconds
162.842: Application time: 0.0000480 seconds
162.842: [Full GC [PSYoungGen: 69120K->69119K(80384K)] [ParOldGen: 182780K->182780K(182784K)] 251900K->251900K(263168K) [PSPermGen: 13494K->13494K(21504K)], 0.0512140 secs] [Times: user=0.35 sys=0.00, real=0.05 secs] 
162.894: Total time for which application threads were stopped: 0.0515990 seconds, Stopping threads took: 0.0000070 seconds
162.894: Application time: 0.0000560 seconds
162.894: [Full GC [PSYoungGen: 69120K->69119K(80384K)] [ParOldGen: 182780K->182780K(182784K)] 251900K->251900K(263168K) [PSPermGen: 13494K->13494K(21504K)], 0.0505300 secs] [Times: user=0.35 sys=0.00, real=0.05 secs] 
162.945: Total time for which application threads were stopped: 0.0509180 seconds, Stopping threads took: 0.0000150 seconds
162.945: Application time: 0.0000390 seconds
162.945: [Full GC [PSYoungGen: 69120K->69119K(80384K)] [ParOldGen: 182780K->182780K(182784K)] 251900K->251899K(263168K) [PSPermGen: 13494K->13494K(21504K)], 0.0505880 secs] [Times: user=0.34 sys=0.00, real=0.05 secs] 
162.996: Total time for which application threads were stopped: 0.0510160 seconds, Stopping threads took: 0.0000430 seconds
162.996: Application time: 0.0000420 seconds
162.996: [Full GC [PSYoungGen: 69120K->69119K(80384K)] [ParOldGen: 182780K->182780K(182784K)] 251900K->251899K(263168K) [PSPermGen: 13494K->13494K(21504K)], 0.0505880 secs] [Times: user=0.35 sys=0.01, real=0.05 secs] 
163.047: Total time for which application threads were stopped: 0.0509980 seconds, Stopping threads took: 0.0000110 seconds
163.047: Application time: 0.0000440 seconds
163.047: [Full GC [PSYoungGen: 69120K->69119K(80384K)] [ParOldGen: 182780K->182780K(182784K)] 251900K->251900K(263168K) [PSPermGen: 13494K->13494K(21504K)], 0.0507110 secs] [Times: user=0.35 sys=0.00, real=0.06 secs] 
163.098: Total time for which application threads were stopped: 0.0511000 seconds, Stopping threads took: 0.0000090 seconds
163.098: Application time: 0.0000430 seconds
163.098: [Full GC [PSYoungGen: 69120K->69119K(80384K)] [ParOldGen: 182780K->182780K(182784K)] 251900K->251900K(263168K) [PSPermGen: 13494K->13494K(21504K)], 0.0524160 secs] [Times: user=0.37 sys=0.00, real=0.05 secs] 
163.151: Total time for which application threads were stopped: 0.0528030 seconds, Stopping threads took: 0.0000100 seconds
163.151: Application time: 0.0000560 seconds
163.151: [Full GC [PSYoungGen: 69120K->69119K(80384K)] [ParOldGen: 182780K->182780K(182784K)] 251900K->251900K(263168K) [PSPermGen: 13494K->13494K(21504K)], 0.0510000 secs] [Times: user=0.35 sys=0.00, real=0.05 secs] 
163.202: Total time for which application threads were stopped: 0.0513950 seconds, Stopping threads took: 0.0000150 seconds
163.202: Application time: 0.0000450 seconds
163.202: [Full GC [PSYoungGen: 69120K->69119K(80384K)] [ParOldGen: 182780K->182780K(182784K)] 251900K->251900K(263168K) [PSPermGen: 13494K->13494K(21504K)], 0.0507730 secs] [Times: user=0.35 sys=0.00, real=0.05 secs] 
163.253: Total time for which application threads were stopped: 0.0511640 seconds, Stopping threads took: 0.0000090 seconds
163.253: Application time: 0.0000350 seconds
163.254: [Full GC [PSYoungGen: 69120K->69119K(80384K)] [ParOldGen: 182780K->182780K(182784K)] 251900K->251900K(263168K) [PSPermGen: 13494K->13494K(21504K)], 0.0505760 secs] [Times: user=0.35 sys=0.00, real=0.05 secs] 
163.304: Total time for which application threads were stopped: 0.0509660 seconds, Stopping threads took: 0.0000080 seconds
163.304: Application time: 0.0000360 seconds
163.305: [Full GC [PSYoungGen: 69120K->69119K(80384K)] [ParOldGen: 182780K->182780K(182784K)] 251900K->251900K(263168K) [PSPermGen: 13494K->13494K(21504K)], 0.0505150 secs] [Times: user=0.35 sys=0.00, real=0.05 secs] 
163.355: Total time for which application threads were stopped: 0.0509170 seconds, Stopping threads took: 0.0000090 seconds
163.355: Application time: 0.0000540 seconds
163.356: [Full GC [PSYoungGen: 69120K->69119K(80384K)] [ParOldGen: 182780K->182780K(182784K)] 251900K->251900K(263168K) [PSPermGen: 13494K->13494K(21504K)], 0.0508440 secs] [Times: user=0.35 sys=0.00, real=0.05 secs] 
163.407: Total time for which application threads were stopped: 0.0512350 seconds, Stopping threads took: 0.0000080 seconds
163.407: Application time: 0.0000320 seconds
163.407: [Full GC [PSYoungGen: 69120K->69119K(80384K)] [ParOldGen: 182780K->182780K(182784K)] 251900K->251900K(263168K) [PSPermGen: 13494K->13494K(21504K)], 0.0507310 secs] [Times: user=0.35 sys=0.00, real=0.06 secs] 
163.458: Total time for which application threads were stopped: 0.0511220 seconds, Stopping threads took: 0.0000120 seconds
163.458: Application time: 0.0000380 seconds
163.458: [Full GC [PSYoungGen: 69120K->69119K(80384K)] [ParOldGen: 182780K->182780K(182784K)] 251900K->251900K(263168K) [PSPermGen: 13494K->13494K(21504K)], 0.0509880 secs] [Times: user=0.35 sys=0.00, real=0.05 secs] 
163.509: Total time for which application threads were stopped: 0.0513940 seconds, Stopping threads took: 0.0000260 seconds
163.509: Application time: 0.0000620 seconds
163.510: [Full GC [PSYoungGen: 69120K->69119K(80384K)] [ParOldGen: 182780K->182780K(182784K)] 251900K->251900K(263168K) [PSPermGen: 13494K->13494K(21504K)], 0.0506510 secs] [Times: user=0.35 sys=0.00, real=0.05 secs] 
163.560: Total time for which application threads were stopped: 0.0510610 seconds, Stopping threads took: 0.0000080 seconds
163.560: Application time: 0.0000740 seconds
163.561: [Full GC [PSYoungGen: 69120K->69119K(80384K)] [ParOldGen: 182780K->182780K(182784K)] 251900K->251900K(263168K) [PSPermGen: 13494K->13494K(21504K)], 0.0504420 secs] [Times: user=0.35 sys=0.00, real=0.05 secs] 
163.611: Total time for which application threads were stopped: 0.0508520 seconds, Stopping threads took: 0.0000070 seconds
163.611: Application time: 0.0000490 seconds
163.612: [Full GC [PSYoungGen: 69120K->69119K(80384K)] [ParOldGen: 182780K->182780K(182784K)] 251900K->251900K(263168K) [PSPermGen: 13494K->13494K(21504K)], 0.0506730 secs] [Times: user=0.35 sys=0.00, real=0.05 secs] 
163.662: Total time for which application threads were stopped: 0.0510660 seconds, Stopping threads took: 0.0000080 seconds
163.662: Application time: 0.0000300 seconds
163.663: [Full GC [PSYoungGen: 69119K->69119K(80384K)] [ParOldGen: 182780K->182780K(182784K)] 251900K->251900K(263168K) [PSPermGen: 13494K->13494K(21504K)], 0.0507200 secs] [Times: user=0.35 sys=0.00, real=0.05 secs] 
163.713: Total time for which application threads were stopped: 0.0511110 seconds, Stopping threads took: 0.0000110 seconds
163.713: Application time: 0.0000270 seconds
163.714: [Full GC [PSYoungGen: 69119K->69119K(80384K)] [ParOldGen: 182780K->182780K(182784K)] 251900K->251900K(263168K) [PSPermGen: 13494K->13494K(21504K)], 0.0507550 secs] [Times: user=0.35 sys=0.00, real=0.05 secs] 
163.765: Total time for which application threads were stopped: 0.0511540 seconds, Stopping threads took: 0.0000110 seconds
163.765: Application time: 0.0000460 seconds
163.765: [Full GC [PSYoungGen: 69119K->69119K(80384K)] [ParOldGen: 182780K->182780K(182784K)] 251900K->251900K(263168K) [PSPermGen: 13494K->13494K(21504K)], 0.0506330 secs] [Times: user=0.36 sys=0.00, real=0.05 secs] 
163.816: Total time for which application threads were stopped: 0.0510170 seconds, Stopping threads took: 0.0000080 seconds
163.816: Application time: 0.0000700 seconds
163.816: [Full GC [PSYoungGen: 69119K->69119K(80384K)] [ParOldGen: 182782K->182781K(182784K)] 251902K->251900K(263168K) [PSPermGen: 13494K->13494K(21504K)], 0.0506550 secs] [Times: user=0.35 sys=0.00, real=0.05 secs] 
163.867: Total time for which application threads were stopped: 0.0510820 seconds, Stopping threads took: 0.0000440 seconds
163.867: Application time: 0.0000330 seconds
163.867: [Full GC [PSYoungGen: 69120K->69119K(80384K)] [ParOldGen: 182781K->182780K(182784K)] 251901K->251900K(263168K) [PSPermGen: 13494K->13494K(21504K)], 0.0509650 secs] [Times: user=0.35 sys=0.00, real=0.06 secs] 
163.918: Total time for which application threads were stopped: 0.0513630 seconds, Stopping threads took: 0.0000130 seconds
163.918: Application time: 0.0000830 seconds
163.919: [Full GC [PSYoungGen: 69120K->69119K(80384K)] [ParOldGen: 182780K->182780K(182784K)] 251900K->251900K(263168K) [PSPermGen: 13494K->13494K(21504K)], 0.0502540 secs] [Times: user=0.35 sys=0.00, real=0.05 secs] 
163.970: Total time for which application threads were stopped: 0.0521520 seconds, Stopping threads took: 0.0000070 seconds
163.971: Application time: 0.0000570 seconds
163.971: [Full GC [PSYoungGen: 69120K->69119K(80384K)] [ParOldGen: 182780K->182780K(182784K)] 251900K->251900K(263168K) [PSPermGen: 13494K->13494K(21504K)], 0.0508650 secs] [Times: user=0.34 sys=0.00, real=0.05 secs] 
164.022: Total time for which application threads were stopped: 0.0512500 seconds, Stopping threads took: 0.0000070 seconds
164.022: Application time: 0.0000330 seconds
164.022: [Full GC [PSYoungGen: 69120K->69119K(80384K)] [ParOldGen: 182780K->182780K(182784K)] 251900K->251900K(263168K) [PSPermGen: 13494K->13494K(21504K)], 0.0507130 secs] [Times: user=0.36 sys=0.00, real=0.05 secs] 
164.073: Total time for which application threads were stopped: 0.0511350 seconds, Stopping threads took: 0.0000190 seconds
164.073: Application time: 0.0000410 seconds
164.073: [Full GC [PSYoungGen: 69120K->69119K(80384K)] [ParOldGen: 182780K->182780K(182784K)] 251900K->251900K(263168K) [PSPermGen: 13494K->13494K(21504K)], 0.0502840 secs] [Times: user=0.34 sys=0.00, real=0.05 secs] 
164.124: Total time for which application threads were stopped: 0.0506760 seconds, Stopping threads took: 0.0000100 seconds
164.124: Application time: 0.0000470 seconds
164.124: [Full GC [PSYoungGen: 69120K->69119K(80384K)] [ParOldGen: 182780K->182780K(182784K)] 251900K->251900K(263168K) [PSPermGen: 13494K->13494K(21504K)], 0.0504970 secs] [Times: user=0.36 sys=0.00, real=0.05 secs] 
164.175: Total time for which application threads were stopped: 0.0508770 seconds, Stopping threads took: 0.0000060 seconds
164.175: Application time: 0.0000550 seconds
164.175: [Full GC [PSYoungGen: 69120K->69119K(80384K)] [ParOldGen: 182780K->182780K(182784K)] 251900K->251900K(263168K) [PSPermGen: 13494K->13494K(21504K)], 0.0504910 secs] [Times: user=0.35 sys=0.00, real=0.05 secs] 
164.226: Total time for which application threads were stopped: 0.0508850 seconds, Stopping threads took: 0.0000100 seconds
164.226: Application time: 0.0000340 seconds
164.226: [Full GC [PSYoungGen: 69120K->69119K(80384K)] [ParOldGen: 182780K->182780K(182784K)] 251900K->251900K(263168K) [PSPermGen: 13494K->13494K(21504K)], 0.0506020 secs] [Times: user=0.34 sys=0.00, real=0.05 secs] 
164.277: Total time for which application threads were stopped: 0.0509990 seconds, Stopping threads took: 0.0000110 seconds
164.277: Application time: 0.0000560 seconds
164.277: [Full GC [PSYoungGen: 69120K->69119K(80384K)] [ParOldGen: 182780K->182780K(182784K)] 251900K->251900K(263168K) [PSPermGen: 13494K->13494K(21504K)], 0.0505060 secs] [Times: user=0.34 sys=0.00, real=0.04 secs] 
164.328: Total time for which application threads were stopped: 0.0508950 seconds, Stopping threads took: 0.0000080 seconds
164.328: Application time: 0.0000550 seconds
164.328: [Full GC [PSYoungGen: 69120K->69119K(80384K)] [ParOldGen: 182780K->182780K(182784K)] 251900K->251900K(263168K) [PSPermGen: 13494K->13494K(21504K)], 0.0504110 secs] [Times: user=0.34 sys=0.00, real=0.06 secs] 
164.378: Total time for which application threads were stopped: 0.0508110 seconds, Stopping threads took: 0.0000190 seconds
164.378: Application time: 0.0000630 seconds
164.379: [Full GC [PSYoungGen: 69120K->69119K(80384K)] [ParOldGen: 182780K->182780K(182784K)] 251900K->251900K(263168K) [PSPermGen: 13494K->13494K(21504K)], 0.0505960 secs] [Times: user=0.35 sys=0.00, real=0.05 secs] 
164.429: Total time for which application threads were stopped: 0.0509850 seconds, Stopping threads took: 0.0000070 seconds
164.429: Application time: 0.0000480 seconds
164.430: [Full GC [PSYoungGen: 69120K->69119K(80384K)] [ParOldGen: 182780K->182780K(182784K)] 251900K->251900K(263168K) [PSPermGen: 13494K->13494K(21504K)], 0.0507490 secs] [Times: user=0.35 sys=0.01, real=0.05 secs] 
164.481: Total time for which application threads were stopped: 0.0511500 seconds, Stopping threads took: 0.0000070 seconds
164.481: Application time: 0.0000490 seconds
164.481: [Full GC [PSYoungGen: 69120K->69119K(80384K)] [ParOldGen: 182780K->182780K(182784K)] 251900K->251900K(263168K) [PSPermGen: 13494K->13494K(21504K)], 0.0505580 secs] [Times: user=0.35 sys=0.00, real=0.05 secs] 
164.532: Total time for which application threads were stopped: 0.0509460 seconds, Stopping threads took: 0.0000080 seconds
164.532: Application time: 0.0000390 seconds
164.532: [Full GC [PSYoungGen: 69119K->69119K(80384K)] [ParOldGen: 182780K->182780K(182784K)] 251900K->251900K(263168K) [PSPermGen: 13494K->13494K(21504K)], 0.0550100 secs] [Times: user=0.38 sys=0.00, real=0.05 secs] 
164.587: Total time for which application threads were stopped: 0.0554240 seconds, Stopping threads took: 0.0000080 seconds
164.587: Application time: 0.0000490 seconds
164.587: [Full GC [PSYoungGen: 69119K->69119K(80384K)] [ParOldGen: 182780K->182780K(182784K)] 251900K->251900K(263168K) [PSPermGen: 13494K->13494K(21504K)], 0.0505810 secs] [Times: user=0.35 sys=0.00, real=0.06 secs] 
164.638: Total time for which application threads were stopped: 0.0509700 seconds, Stopping threads took: 0.0000080 seconds
164.638: Application time: 0.0000590 seconds
164.639: [Full GC [PSYoungGen: 69119K->69119K(80384K)] [ParOldGen: 182782K->182781K(182784K)] 251902K->251900K(263168K) [PSPermGen: 13494K->13494K(21504K)], 0.0521970 secs] [Times: user=0.36 sys=0.00, real=0.05 secs] 
164.691: Total time for which application threads were stopped: 0.0525960 seconds, Stopping threads took: 0.0000080 seconds
164.691: Application time: 0.0000420 seconds
164.691: [Full GC [PSYoungGen: 69120K->69119K(80384K)] [ParOldGen: 182781K->182780K(182784K)] 251901K->251900K(263168K) [PSPermGen: 13494K->13494K(21504K)], 0.0530710 secs] [Times: user=0.37 sys=0.00, real=0.05 secs] 
164.744: Total time for which application threads were stopped: 0.0534520 seconds, Stopping threads took: 0.0000070 seconds
164.744: Application time: 0.0000330 seconds
164.745: [Full GC [PSYoungGen: 69120K->69119K(80384K)] [ParOldGen: 182780K->182780K(182784K)] 251900K->251900K(263168K) [PSPermGen: 13494K->13494K(21504K)], 0.0504620 secs] [Times: user=0.35 sys=0.00, real=0.05 secs] 
164.795: Total time for which application threads were stopped: 0.0508690 seconds, Stopping threads took: 0.0000110 seconds
164.795: Application time: 0.0000410 seconds
164.796: [Full GC [PSYoungGen: 69120K->69119K(80384K)] [ParOldGen: 182780K->182780K(182784K)] 251900K->251900K(263168K) [PSPermGen: 13494K->13494K(21504K)], 0.0504540 secs] [Times: user=0.35 sys=0.00, real=0.05 secs] 
164.846: Total time for which application threads were stopped: 0.0508490 seconds, Stopping threads took: 0.0000110 seconds
164.846: Application time: 0.0000510 seconds
164.846: [Full GC [PSYoungGen: 69119K->69119K(80384K)] [ParOldGen: 182780K->182780K(182784K)] 251900K->251900K(263168K) [PSPermGen: 13494K->13494K(21504K)], 0.0508080 secs] [Times: user=0.35 sys=0.00, real=0.06 secs] 
164.897: Total time for which application threads were stopped: 0.0511940 seconds, Stopping threads took: 0.0000080 seconds
164.897: Application time: 0.0000430 seconds
164.898: [Full GC [PSYoungGen: 69119K->69119K(80384K)] [ParOldGen: 182780K->182780K(182784K)] 251900K->251900K(263168K) [PSPermGen: 13494K->13494K(21504K)], 0.0504910 secs] [Times: user=0.35 sys=0.00, real=0.04 secs] 
164.948: Total time for which application threads were stopped: 0.0508790 seconds, Stopping threads took: 0.0000060 seconds
164.948: Application time: 0.0000300 seconds
164.949: [Full GC [PSYoungGen: 69120K->69119K(80384K)] [ParOldGen: 182780K->182780K(182784K)] 251900K->251900K(263168K) [PSPermGen: 13494K->13494K(21504K)], 0.0504210 secs] [Times: user=0.35 sys=0.00, real=0.05 secs] 
164.999: Total time for which application threads were stopped: 0.0508220 seconds, Stopping threads took: 0.0000070 seconds
164.999: Application time: 0.0000480 seconds
164.999: [Full GC [PSYoungGen: 69120K->69119K(80384K)] [ParOldGen: 182780K->182780K(182784K)] 251900K->251900K(263168K) [PSPermGen: 13494K->13494K(21504K)], 0.0506910 secs] [Times: user=0.35 sys=0.00, real=0.05 secs] 
165.050: Total time for which application threads were stopped: 0.0510810 seconds, Stopping threads took: 0.0000070 seconds
165.050: Application time: 0.0000460 seconds
165.051: [Full GC [PSYoungGen: 69120K->69119K(80384K)] [ParOldGen: 182780K->182780K(182784K)] 251900K->251900K(263168K) [PSPermGen: 13494K->13494K(21504K)], 0.0510170 secs] [Times: user=0.35 sys=0.00, real=0.05 secs] 
165.102: Total time for which application threads were stopped: 0.0514310 seconds, Stopping threads took: 0.0000100 seconds
165.102: Application time: 0.0000300 seconds
165.102: [Full GC [PSYoungGen: 69120K->69119K(80384K)] [ParOldGen: 182780K->182780K(182784K)] 251900K->251900K(263168K) [PSPermGen: 13494K->13494K(21504K)], 0.0506690 secs] [Times: user=0.35 sys=0.00, real=0.05 secs] 
165.153: Total time for which application threads were stopped: 0.0510580 seconds, Stopping threads took: 0.0000090 seconds
165.153: Application time: 0.0000500 seconds
165.153: [Full GC [PSYoungGen: 69120K->69119K(80384K)] [ParOldGen: 182780K->182780K(182784K)] 251900K->251900K(263168K) [PSPermGen: 13494K->13494K(21504K)], 0.0503690 secs] [Times: user=0.35 sys=0.00, real=0.05 secs] 
165.204: Total time for which application threads were stopped: 0.0507570 seconds, Stopping threads took: 0.0000070 seconds
165.204: Application time: 0.0000490 seconds
165.204: [Full GC [PSYoungGen: 69119K->69119K(80384K)] [ParOldGen: 182780K->182780K(182784K)] 251900K->251900K(263168K) [PSPermGen: 13494K->13494K(21504K)], 0.0508290 secs] [Times: user=0.35 sys=0.00, real=0.05 secs] 
165.255: Total time for which application threads were stopped: 0.0512320 seconds, Stopping threads took: 0.0000120 seconds
165.255: Application time: 0.0000480 seconds
165.255: [Full GC [PSYoungGen: 69120K->69119K(80384K)] [ParOldGen: 182780K->182780K(182784K)] 251900K->251900K(263168K) [PSPermGen: 13494K->13494K(21504K)], 0.0524430 secs] [Times: user=0.36 sys=0.00, real=0.05 secs] 
165.308: Total time for which application threads were stopped: 0.0528420 seconds, Stopping threads took: 0.0000200 seconds
165.308: Application time: 0.0000740 seconds
165.308: [Full GC [PSYoungGen: 69119K->69119K(80384K)] [ParOldGen: 182783K->182781K(182784K)] 251903K->251900K(263168K) [PSPermGen: 13494K->13494K(21504K)], 0.0508840 secs] [Times: user=0.36 sys=0.00, real=0.06 secs] 
165.359: Total time for which application threads were stopped: 0.0512880 seconds, Stopping threads took: 0.0000190 seconds
165.359: Application time: 0.0000530 seconds
165.360: [Full GC [PSYoungGen: 69120K->69119K(80384K)] [ParOldGen: 182781K->182781K(182784K)] 251901K->251900K(263168K) [PSPermGen: 13494K->13494K(21504K)], 0.0504620 secs] [Times: user=0.35 sys=0.00, real=0.05 secs] 
165.410: Total time for which application threads were stopped: 0.0508560 seconds, Stopping threads took: 0.0000200 seconds
165.410: Application time: 0.0000440 seconds
165.410: [Full GC [PSYoungGen: 69120K->69119K(80384K)] [ParOldGen: 182781K->182781K(182784K)] 251901K->251900K(263168K) [PSPermGen: 13494K->13494K(21504K)], 0.0509140 secs] [Times: user=0.35 sys=0.00, real=0.05 secs] 
165.461: Total time for which application threads were stopped: 0.0513040 seconds, Stopping threads took: 0.0000080 seconds
165.461: Application time: 0.0000360 seconds
165.462: [Full GC [PSYoungGen: 69120K->69119K(80384K)] [ParOldGen: 182781K->182781K(182784K)] 251901K->251900K(263168K) [PSPermGen: 13494K->13494K(21504K)], 0.0504140 secs] [Times: user=0.34 sys=0.00, real=0.05 secs] 
165.512: Total time for which application threads were stopped: 0.0508120 seconds, Stopping threads took: 0.0000110 seconds
165.512: Application time: 0.0000500 seconds
165.513: [Full GC [PSYoungGen: 69120K->69119K(80384K)] [ParOldGen: 182781K->182781K(182784K)] 251901K->251901K(263168K) [PSPermGen: 13494K->13494K(21504K)], 0.0533130 secs] [Times: user=0.37 sys=0.00, real=0.05 secs] 
165.566: Total time for which application threads were stopped: 0.0537180 seconds, Stopping threads took: 0.0000080 seconds
165.566: Application time: 0.0000520 seconds
165.566: [Full GC [PSYoungGen: 69120K->69119K(80384K)] [ParOldGen: 182781K->182781K(182784K)] 251901K->251900K(263168K) [PSPermGen: 13494K->13494K(21504K)], 0.0535180 secs] [Times: user=0.37 sys=0.00, real=0.06 secs] 
165.620: Total time for which application threads were stopped: 0.0539350 seconds, Stopping threads took: 0.0000090 seconds
165.620: Application time: 0.0000450 seconds
165.620: [Full GC [PSYoungGen: 69120K->69119K(80384K)] [ParOldGen: 182781K->182781K(182784K)] 251901K->251900K(263168K) [PSPermGen: 13494K->13494K(21504K)], 0.0539530 secs] [Times: user=0.38 sys=0.00, real=0.05 secs] 
165.674: Total time for which application threads were stopped: 0.0543420 seconds, Stopping threads took: 0.0000070 seconds
165.674: Application time: 0.0000290 seconds
165.675: [Full GC [PSYoungGen: 69120K->69119K(80384K)] [ParOldGen: 182781K->182780K(182784K)] 251901K->251900K(263168K) [PSPermGen: 13494K->13494K(21504K)], 0.0505460 secs] [Times: user=0.35 sys=0.00, real=0.05 secs] 
165.725: Total time for which application threads were stopped: 0.0509350 seconds, Stopping threads took: 0.0000100 seconds
165.725: Application time: 0.0000370 seconds
165.726: [Full GC [PSYoungGen: 69120K->69119K(80384K)] [ParOldGen: 182780K->182780K(182784K)] 251900K->251900K(263168K) [PSPermGen: 13494K->13494K(21504K)], 0.0507290 secs] [Times: user=0.35 sys=0.00, real=0.05 secs] 
165.777: Total time for which application threads were stopped: 0.0511180 seconds, Stopping threads took: 0.0000070 seconds
165.777: Application time: 0.0000550 seconds
165.777: [Full GC [PSYoungGen: 69120K->69119K(80384K)] [ParOldGen: 182780K->182780K(182784K)] 251900K->251900K(263168K) [PSPermGen: 13494K->13494K(21504K)], 0.0504520 secs] [Times: user=0.35 sys=0.00, real=0.04 secs] 
165.827: Total time for which application threads were stopped: 0.0508700 seconds, Stopping threads took: 0.0000200 seconds
165.827: Application time: 0.0000290 seconds
165.828: [Full GC [PSYoungGen: 69120K->69119K(80384K)] [ParOldGen: 182780K->182780K(182784K)] 251900K->251900K(263168K) [PSPermGen: 13494K->13494K(21504K)], 0.0506560 secs] [Times: user=0.35 sys=0.00, real=0.06 secs] 
165.879: Total time for which application threads were stopped: 0.0510450 seconds, Stopping threads took: 0.0000070 seconds
165.879: Application time: 0.0000500 seconds
165.879: [Full GC [PSYoungGen: 69120K->69119K(80384K)] [ParOldGen: 182780K->182780K(182784K)] 251900K->251900K(263168K) [PSPermGen: 13494K->13494K(21504K)], 0.0509090 secs] [Times: user=0.35 sys=0.00, real=0.05 secs] 
165.930: Total time for which application threads were stopped: 0.0513000 seconds, Stopping threads took: 0.0000070 seconds
165.930: Application time: 0.0000330 seconds
165.930: [Full GC [PSYoungGen: 69120K->69119K(80384K)] [ParOldGen: 182780K->182780K(182784K)] 251900K->251900K(263168K) [PSPermGen: 13494K->13494K(21504K)], 0.0504800 secs] [Times: user=0.35 sys=0.00, real=0.05 secs] 
165.981: Total time for which application threads were stopped: 0.0508680 seconds, Stopping threads took: 0.0000070 seconds
165.981: Application time: 0.0000290 seconds
165.981: [Full GC [PSYoungGen: 69119K->69119K(80384K)] [ParOldGen: 182780K->182780K(182784K)] 251900K->251900K(263168K) [PSPermGen: 13494K->13494K(21504K)], 0.0518790 secs] [Times: user=0.36 sys=0.00, real=0.05 secs] 
166.033: Total time for which application threads were stopped: 0.0522690 seconds, Stopping threads took: 0.0000070 seconds
166.033: Application time: 0.0000640 seconds
166.033: [Full GC [PSYoungGen: 69119K->69119K(80384K)] [ParOldGen: 182783K->182781K(182784K)] 251903K->251901K(263168K) [PSPermGen: 13494K->13494K(21504K)], 0.0504120 secs] [Times: user=0.35 sys=0.01, real=0.05 secs] 
166.084: Total time for which application threads were stopped: 0.0508120 seconds, Stopping threads took: 0.0000090 seconds
166.084: Application time: 0.0000660 seconds
166.084: [Full GC [PSYoungGen: 69120K->69119K(80384K)] [ParOldGen: 182781K->182781K(182784K)] 251901K->251901K(263168K) [PSPermGen: 13494K->13494K(21504K)], 0.0525960 secs] [Times: user=0.37 sys=0.00, real=0.06 secs] 
166.137: Total time for which application threads were stopped: 0.0530140 seconds, Stopping threads took: 0.0000080 seconds
166.137: Application time: 0.0000640 seconds
166.137: [Full GC [PSYoungGen: 69120K->69119K(80384K)] [ParOldGen: 182781K->182781K(182784K)] 251901K->251901K(263168K) [PSPermGen: 13494K->13494K(21504K)], 0.0508950 secs] [Times: user=0.35 sys=0.00, real=0.04 secs] 
166.188: Total time for which application threads were stopped: 0.0513010 seconds, Stopping threads took: 0.0000230 seconds
166.188: Application time: 0.0000370 seconds
166.189: [Full GC [PSYoungGen: 69120K->69119K(80384K)] [ParOldGen: 182781K->182781K(182784K)] 251901K->251901K(263168K) [PSPermGen: 13494K->13494K(21504K)], 0.0506820 secs] [Times: user=0.35 sys=0.00, real=0.05 secs] 
166.240: Total time for which application threads were stopped: 0.0510830 seconds, Stopping threads took: 0.0000100 seconds
166.240: Application time: 0.0000290 seconds
166.240: [Full GC [PSYoungGen: 69120K->69119K(80384K)] [ParOldGen: 182781K->182781K(182784K)] 251901K->251901K(263168K) [PSPermGen: 13494K->13494K(21504K)], 0.0523090 secs] [Times: user=0.36 sys=0.00, real=0.05 secs] 
166.292: Total time for which application threads were stopped: 0.0526980 seconds, Stopping threads took: 0.0000110 seconds
166.292: Application time: 0.0000340 seconds
166.293: [Full GC [PSYoungGen: 69120K->69119K(80384K)] [ParOldGen: 182781K->182781K(182784K)] 251901K->251901K(263168K) [PSPermGen: 13494K->13494K(21504K)], 0.0505960 secs] [Times: user=0.35 sys=0.00, real=0.05 secs] 
166.343: Total time for which application threads were stopped: 0.0510130 seconds, Stopping threads took: 0.0000080 seconds
166.343: Application time: 0.0000280 seconds
166.344: [Full GC [PSYoungGen: 69120K->69119K(80384K)] [ParOldGen: 182781K->182781K(182784K)] 251901K->251901K(263168K) [PSPermGen: 13494K->13494K(21504K)], 0.0505100 secs] [Times: user=0.35 sys=0.00, real=0.05 secs] 
166.394: Total time for which application threads were stopped: 0.0508970 seconds, Stopping threads took: 0.0000100 seconds
166.394: Application time: 0.0000320 seconds
166.395: [Full GC [PSYoungGen: 69120K->69119K(80384K)] [ParOldGen: 182781K->182781K(182784K)] 251901K->251901K(263168K) [PSPermGen: 13494K->13494K(21504K)], 0.0510080 secs] [Times: user=0.35 sys=0.00, real=0.05 secs] 
166.446: Total time for which application threads were stopped: 0.0513990 seconds, Stopping threads took: 0.0000160 seconds
166.446: Application time: 0.0000680 seconds
166.446: [Full GC [PSYoungGen: 69119K->69119K(80384K)] [ParOldGen: 182783K->182782K(182784K)] 251903K->251901K(263168K) [PSPermGen: 13494K->13494K(21504K)], 0.0530280 secs] [Times: user=0.37 sys=0.00, real=0.06 secs] 
166.499: Total time for which application threads were stopped: 0.0534250 seconds, Stopping threads took: 0.0000170 seconds
166.499: Application time: 0.0000520 seconds
166.500: [Full GC [PSYoungGen: 69120K->69119K(80384K)] [ParOldGen: 182782K->182781K(182784K)] 251902K->251901K(263168K) [PSPermGen: 13494K->13494K(21504K)], 0.0508700 secs] [Times: user=0.35 sys=0.00, real=0.05 secs] 
166.551: Total time for which application threads were stopped: 0.0512780 seconds, Stopping threads took: 0.0000110 seconds
166.551: Application time: 0.0000610 seconds
166.551: [Full GC [PSYoungGen: 69120K->69119K(80384K)] [ParOldGen: 182781K->182781K(182784K)] 251901K->251901K(263168K) [PSPermGen: 13494K->13494K(21504K)], 0.0509100 secs] [Times: user=0.35 sys=0.00, real=0.05 secs] 
166.602: Total time for which application threads were stopped: 0.0512980 seconds, Stopping threads took: 0.0000080 seconds
166.602: Application time: 0.0000410 seconds
166.602: [Full GC [PSYoungGen: 69120K->69119K(80384K)] [ParOldGen: 182781K->182781K(182784K)] 251901K->251901K(263168K) [PSPermGen: 13494K->13494K(21504K)], 0.0507580 secs] [Times: user=0.35 sys=0.00, real=0.05 secs] 
166.653: Total time for which application threads were stopped: 0.0511750 seconds, Stopping threads took: 0.0000100 seconds
166.653: Application time: 0.0000470 seconds
166.653: [Full GC [PSYoungGen: 69120K->69119K(80384K)] [ParOldGen: 182781K->182781K(182784K)] 251901K->251901K(263168K) [PSPermGen: 13494K->13494K(21504K)], 0.0506020 secs] [Times: user=0.35 sys=0.00, real=0.05 secs] 
166.704: Total time for which application threads were stopped: 0.0509970 seconds, Stopping threads took: 0.0000190 seconds
166.704: Application time: 0.0000420 seconds
166.705: [Full GC [PSYoungGen: 69120K->69119K(80384K)] [ParOldGen: 182781K->182781K(182784K)] 251901K->251901K(263168K) [PSPermGen: 13494K->13494K(21504K)], 0.0505300 secs] [Times: user=0.35 sys=0.00, real=0.05 secs] 
166.755: Total time for which application threads were stopped: 0.0509250 seconds, Stopping threads took: 0.0000120 seconds
166.755: Application time: 0.0000430 seconds
166.755: [Full GC [PSYoungGen: 69120K->69119K(80384K)] [ParOldGen: 182781K->182781K(182784K)] 251901K->251901K(263168K) [PSPermGen: 13494K->13494K(21504K)], 0.0506370 secs] [Times: user=0.35 sys=0.00, real=0.05 secs] 
166.806: Total time for which application threads were stopped: 0.0510380 seconds, Stopping threads took: 0.0000230 seconds
166.806: Application time: 0.0000460 seconds
166.807: [Full GC [PSYoungGen: 69119K->69119K(80384K)] [ParOldGen: 182781K->182781K(182784K)] 251901K->251900K(263168K) [PSPermGen: 13494K->13494K(21504K)], 0.0508780 secs] [Times: user=0.35 sys=0.00, real=0.06 secs] 
166.857: Total time for which application threads were stopped: 0.0512710 seconds, Stopping threads took: 0.0000140 seconds
166.858: Application time: 0.0000510 seconds
166.858: [Full GC [PSYoungGen: 69120K->69119K(80384K)] [ParOldGen: 182781K->182781K(182784K)] 251901K->251901K(263168K) [PSPermGen: 13494K->13494K(21504K)], 0.0508960 secs] [Times: user=0.35 sys=0.00, real=0.05 secs] 
166.909: Total time for which application threads were stopped: 0.0512900 seconds, Stopping threads took: 0.0000120 seconds
166.909: Application time: 0.0000520 seconds
166.909: [Full GC [PSYoungGen: 69120K->69119K(80384K)] [ParOldGen: 182781K->182781K(182784K)] 251901K->251900K(263168K) [PSPermGen: 13494K->13494K(21504K)], 0.0504400 secs] [Times: user=0.35 sys=0.00, real=0.05 secs] 
166.960: Total time for which application threads were stopped: 0.0508450 seconds, Stopping threads took: 0.0000180 seconds
166.960: Application time: 0.0000540 seconds
166.960: [Full GC [PSYoungGen: 69120K->69119K(80384K)] [ParOldGen: 182781K->182781K(182784K)] 251901K->251900K(263168K) [PSPermGen: 13494K->13494K(21504K)], 0.0506450 secs] [Times: user=0.35 sys=0.00, real=0.05 secs] 
167.011: Total time for which application threads were stopped: 0.0510460 seconds, Stopping threads took: 0.0000200 seconds
167.011: Application time: 0.0000470 seconds
167.011: [Full GC [PSYoungGen: 69120K->69119K(80384K)] [ParOldGen: 182781K->182781K(182784K)] 251901K->251900K(263168K) [PSPermGen: 13494K->13494K(21504K)], 0.0505130 secs] [Times: user=0.35 sys=0.00, real=0.05 secs] 
167.062: Total time for which application threads were stopped: 0.0509050 seconds, Stopping threads took: 0.0000080 seconds
167.062: Application time: 0.0000510 seconds
167.062: [Full GC [PSYoungGen: 69120K->69119K(80384K)] [ParOldGen: 182781K->182781K(182784K)] 251901K->251900K(263168K) [PSPermGen: 13494K->13494K(21504K)], 0.0526030 secs] [Times: user=0.37 sys=0.00, real=0.05 secs] 
167.115: Total time for which application threads were stopped: 0.0529880 seconds, Stopping threads took: 0.0000080 seconds
167.115: Application time: 0.0000560 seconds
167.115: [Full GC [PSYoungGen: 69120K->69119K(80384K)] [ParOldGen: 182781K->182780K(182784K)] 251901K->251900K(263168K) [PSPermGen: 13494K->13494K(21504K)], 0.0522000 secs] [Times: user=0.36 sys=0.00, real=0.05 secs] 
167.168: Total time for which application threads were stopped: 0.0526330 seconds, Stopping threads took: 0.0000320 seconds
167.168: Application time: 0.0000950 seconds
167.168: [Full GC [PSYoungGen: 69120K->69119K(80384K)] [ParOldGen: 182780K->182780K(182784K)] 251900K->251900K(263168K) [PSPermGen: 13494K->13494K(21504K)], 0.0506320 secs] [Times: user=0.35 sys=0.00, real=0.06 secs] 
167.219: Total time for which application threads were stopped: 0.0510240 seconds, Stopping threads took: 0.0000080 seconds
167.219: Application time: 0.0000310 seconds
167.219: [Full GC [PSYoungGen: 69120K->69119K(80384K)] [ParOldGen: 182780K->182780K(182784K)] 251900K->251900K(263168K) [PSPermGen: 13494K->13494K(21504K)], 0.0507030 secs] [Times: user=0.35 sys=0.00, real=0.05 secs] 
167.270: Total time for which application threads were stopped: 0.0510880 seconds, Stopping threads took: 0.0000080 seconds
167.270: Application time: 0.0000500 seconds
167.270: [Full GC [PSYoungGen: 69120K->69119K(80384K)] [ParOldGen: 182780K->182780K(182784K)] 251900K->251900K(263168K) [PSPermGen: 13494K->13494K(21504K)], 0.0523720 secs] [Times: user=0.36 sys=0.00, real=0.05 secs] 
167.323: Total time for which application threads were stopped: 0.0527660 seconds, Stopping threads took: 0.0000080 seconds
167.323: Application time: 0.0000630 seconds
167.323: [Full GC [PSYoungGen: 69120K->69119K(80384K)] [ParOldGen: 182780K->182780K(182784K)] 251900K->251900K(263168K) [PSPermGen: 13494K->13494K(21504K)], 0.0506450 secs] [Times: user=0.35 sys=0.00, real=0.05 secs] 
167.374: Total time for which application threads were stopped: 0.0510340 seconds, Stopping threads took: 0.0000080 seconds
167.374: Application time: 0.0000810 seconds
167.374: [Full GC [PSYoungGen: 69120K->69119K(80384K)] [ParOldGen: 182780K->182780K(182784K)] 251900K->251900K(263168K) [PSPermGen: 13494K->13494K(21504K)], 0.0503940 secs] [Times: user=0.35 sys=0.00, real=0.05 secs] 
167.425: Total time for which application threads were stopped: 0.0507910 seconds, Stopping threads took: 0.0000070 seconds
167.425: Application time: 0.0000580 seconds
167.425: [Full GC [PSYoungGen: 69120K->69119K(80384K)] [ParOldGen: 182780K->182780K(182784K)] 251900K->251900K(263168K) [PSPermGen: 13494K->13494K(21504K)], 0.0508790 secs] [Times: user=0.35 sys=0.00, real=0.05 secs] 
167.476: Total time for which application threads were stopped: 0.0512650 seconds, Stopping threads took: 0.0000070 seconds
167.476: Application time: 0.0000440 seconds
167.476: [Full GC [PSYoungGen: 69120K->69119K(80384K)] [ParOldGen: 182780K->182780K(182784K)] 251900K->251900K(263168K) [PSPermGen: 13494K->13494K(21504K)], 0.0531080 secs] [Times: user=0.37 sys=0.00, real=0.06 secs] 
167.529: Total time for which application threads were stopped: 0.0534950 seconds, Stopping threads took: 0.0000080 seconds
167.530: Application time: 0.0000920 seconds
167.530: [Full GC [PSYoungGen: 69120K->69119K(80384K)] [ParOldGen: 182780K->182780K(182784K)] 251900K->251900K(263168K) [PSPermGen: 13494K->13494K(21504K)], 0.0505460 secs] [Times: user=0.35 sys=0.00, real=0.05 secs] 
167.580: Total time for which application threads were stopped: 0.0509460 seconds, Stopping threads took: 0.0000200 seconds
167.581: Application time: 0.0000310 seconds
167.581: [Full GC [PSYoungGen: 69120K->69119K(80384K)] [ParOldGen: 182780K->182780K(182784K)] 251900K->251900K(263168K) [PSPermGen: 13494K->13494K(21504K)], 0.0505670 secs] [Times: user=0.35 sys=0.00, real=0.05 secs] 
167.631: Total time for which application threads were stopped: 0.0509680 seconds, Stopping threads took: 0.0000130 seconds
167.632: Application time: 0.0000310 seconds
167.632: [Full GC [PSYoungGen: 69120K->69119K(80384K)] [ParOldGen: 182780K->182780K(182784K)] 251900K->251900K(263168K) [PSPermGen: 13494K->13494K(21504K)], 0.0505930 secs] [Times: user=0.35 sys=0.00, real=0.05 secs] 
167.682: Total time for which application threads were stopped: 0.0509980 seconds, Stopping threads took: 0.0000070 seconds
167.683: Application time: 0.0000310 seconds
167.683: [Full GC [PSYoungGen: 69120K->69119K(80384K)] [ParOldGen: 182780K->182780K(182784K)] 251900K->251900K(263168K) [PSPermGen: 13494K->13494K(21504K)], 0.0507200 secs] [Times: user=0.35 sys=0.00, real=0.05 secs] 
167.734: Total time for which application threads were stopped: 0.0511110 seconds, Stopping threads took: 0.0000120 seconds
167.734: Application time: 0.0000330 seconds
167.734: [Full GC [PSYoungGen: 69120K->69119K(80384K)] [ParOldGen: 182780K->182780K(182784K)] 251900K->251900K(263168K) [PSPermGen: 13494K->13494K(21504K)], 0.0505630 secs] [Times: user=0.35 sys=0.00, real=0.05 secs] 
167.785: Total time for which application threads were stopped: 0.0509670 seconds, Stopping threads took: 0.0000150 seconds
167.785: Application time: 0.0000450 seconds
167.785: [Full GC [PSYoungGen: 69120K->69119K(80384K)] [ParOldGen: 182780K->182780K(182784K)] 251900K->251900K(263168K) [PSPermGen: 13494K->13494K(21504K)], 0.0506070 secs] [Times: user=0.35 sys=0.00, real=0.05 secs] 
167.836: Total time for which application threads were stopped: 0.0510000 seconds, Stopping threads took: 0.0000100 seconds
167.836: Application time: 0.0000290 seconds
167.836: [Full GC [PSYoungGen: 69120K->69119K(80384K)] [ParOldGen: 182780K->182780K(182784K)] 251900K->251900K(263168K) [PSPermGen: 13494K->13494K(21504K)], 0.0511460 secs] [Times: user=0.35 sys=0.00, real=0.05 secs] 
167.887: Total time for which application threads were stopped: 0.0515560 seconds, Stopping threads took: 0.0000110 seconds
167.887: Application time: 0.0000380 seconds
167.888: [Full GC [PSYoungGen: 69120K->69119K(80384K)] [ParOldGen: 182780K->182780K(182784K)] 251900K->251900K(263168K) [PSPermGen: 13494K->13494K(21504K)], 0.0506010 secs] [Times: user=0.35 sys=0.01, real=0.06 secs] 
167.938: Total time for which application threads were stopped: 0.0510270 seconds, Stopping threads took: 0.0000090 seconds
167.938: Application time: 0.0000570 seconds
167.939: [Full GC [PSYoungGen: 69119K->69119K(80384K)] [ParOldGen: 182780K->182780K(182784K)] 251900K->251900K(263168K) [PSPermGen: 13494K->13494K(21504K)], 0.0505350 secs] [Times: user=0.35 sys=0.00, real=0.05 secs] 
167.989: Total time for which application threads were stopped: 0.0509220 seconds, Stopping threads took: 0.0000070 seconds
167.989: Application time: 0.0000340 seconds
167.990: [Full GC [PSYoungGen: 69120K->69119K(80384K)] [ParOldGen: 182780K->182780K(182784K)] 251900K->251900K(263168K) [PSPermGen: 13494K->13494K(21504K)], 0.0507420 secs] [Times: user=0.35 sys=0.00, real=0.05 secs] 
168.040: Total time for which application threads were stopped: 0.0511300 seconds, Stopping threads took: 0.0000070 seconds
168.041: Application time: 0.0000290 seconds
168.041: [Full GC [PSYoungGen: 69119K->69119K(80384K)] [ParOldGen: 182780K->182780K(182784K)] 251900K->251900K(263168K) [PSPermGen: 13494K->13494K(21504K)], 0.0506970 secs] [Times: user=0.35 sys=0.00, real=0.05 secs] 
168.092: Total time for which application threads were stopped: 0.0511000 seconds, Stopping threads took: 0.0000130 seconds
168.092: Application time: 0.0000290 seconds
168.092: [Full GC [PSYoungGen: 69119K->69119K(80384K)] [ParOldGen: 182780K->182780K(182784K)] 251900K->251900K(263168K) [PSPermGen: 13494K->13494K(21504K)], 0.0509450 secs] [Times: user=0.36 sys=0.00, real=0.05 secs] 
168.143: Total time for which application threads were stopped: 0.0513390 seconds, Stopping threads took: 0.0000100 seconds
168.143: Application time: 0.0000800 seconds
168.143: [Full GC [PSYoungGen: 69119K->69119K(80384K)] [ParOldGen: 182782K->182781K(182784K)] 251902K->251900K(263168K) [PSPermGen: 13494K->13494K(21504K)], 0.0509950 secs] [Times: user=0.34 sys=0.00, real=0.05 secs] 
168.194: Total time for which application threads were stopped: 0.0514030 seconds, Stopping threads took: 0.0000070 seconds
168.195: Application time: 0.0000830 seconds
168.195: [Full GC [PSYoungGen: 69120K->69119K(80384K)] [ParOldGen: 182781K->182781K(182784K)] 251901K->251901K(263168K) [PSPermGen: 13494K->13494K(21504K)], 0.0508960 secs] [Times: user=0.35 sys=0.00, real=0.05 secs] 
168.246: Total time for which application threads were stopped: 0.0512870 seconds, Stopping threads took: 0.0000080 seconds
168.246: Application time: 0.0000320 seconds
168.246: [Full GC [PSYoungGen: 69120K->69119K(80384K)] [ParOldGen: 182781K->182781K(182784K)] 251901K->251901K(263168K) [PSPermGen: 13494K->13494K(21504K)], 0.0508740 secs] [Times: user=0.34 sys=0.00, real=0.06 secs] 
168.297: Total time for which application threads were stopped: 0.0512600 seconds, Stopping threads took: 0.0000070 seconds
168.297: Application time: 0.0000440 seconds
168.298: [Full GC [PSYoungGen: 69120K->69119K(80384K)] [ParOldGen: 182781K->182781K(182784K)] 251901K->251901K(263168K) [PSPermGen: 13494K->13494K(21504K)], 0.0505780 secs] [Times: user=0.36 sys=0.00, real=0.04 secs] 
168.348: Total time for which application threads were stopped: 0.0509720 seconds, Stopping threads took: 0.0000190 seconds
168.348: Application time: 0.0000430 seconds
168.349: [Full GC [PSYoungGen: 69120K->69119K(80384K)] [ParOldGen: 182781K->182781K(182784K)] 251901K->251901K(263168K) [PSPermGen: 13494K->13494K(21504K)], 0.0506170 secs] [Times: user=0.34 sys=0.00, real=0.06 secs] 
168.399: Total time for which application threads were stopped: 0.0510190 seconds, Stopping threads took: 0.0000230 seconds
168.399: Application time: 0.0000600 seconds
168.400: [Full GC [PSYoungGen: 69120K->69119K(80384K)] [ParOldGen: 182781K->182781K(182784K)] 251901K->251901K(263168K) [PSPermGen: 13494K->13494K(21504K)], 0.0513030 secs] [Times: user=0.36 sys=0.00, real=0.05 secs] 
168.451: Total time for which application threads were stopped: 0.0516950 seconds, Stopping threads took: 0.0000080 seconds
168.451: Application time: 0.0000700 seconds
168.451: [Full GC [PSYoungGen: 69120K->69119K(80384K)] [ParOldGen: 182781K->182781K(182784K)] 251901K->251901K(263168K) [PSPermGen: 13494K->13494K(21504K)], 0.0505260 secs] [Times: user=0.35 sys=0.00, real=0.05 secs] 
168.502: Total time for which application threads were stopped: 0.0509210 seconds, Stopping threads took: 0.0000110 seconds
168.502: Application time: 0.0000420 seconds
168.502: [Full GC [PSYoungGen: 69120K->69119K(80384K)] [ParOldGen: 182781K->182781K(182784K)] 251901K->251901K(263168K) [PSPermGen: 13494K->13494K(21504K)], 0.0502660 secs] [Times: user=0.34 sys=0.00, real=0.05 secs] 
168.553: Total time for which application threads were stopped: 0.0506540 seconds, Stopping threads took: 0.0000100 seconds
168.553: Application time: 0.0000320 seconds
168.553: [Full GC [PSYoungGen: 69120K->69119K(80384K)] [ParOldGen: 182781K->182781K(182784K)] 251901K->251901K(263168K) [PSPermGen: 13494K->13494K(21504K)], 0.0506020 secs] [Times: user=0.36 sys=0.00, real=0.05 secs] 
168.604: Total time for which application threads were stopped: 0.0509930 seconds, Stopping threads took: 0.0000070 seconds
168.604: Application time: 0.0000280 seconds
168.604: [Full GC [PSYoungGen: 69120K->69120K(80384K)] [ParOldGen: 182781K->182781K(182784K)] 251901K->251901K(263168K) [PSPermGen: 13494K->13494K(21504K)], 0.0505570 secs] [Times: user=0.35 sys=0.00, real=0.05 secs] 
168.655: Total time for which application threads were stopped: 0.0509480 seconds, Stopping threads took: 0.0000090 seconds
168.655: Application time: 0.0000640 seconds
168.655: [Full GC [PSYoungGen: 69120K->69119K(80384K)] [ParOldGen: 182783K->182782K(182784K)] 251903K->251901K(263168K) [PSPermGen: 13494K->13494K(21504K)], 0.0506280 secs] [Times: user=0.35 sys=0.00, real=0.05 secs] 
168.706: Total time for which application threads were stopped: 0.0510390 seconds, Stopping threads took: 0.0000070 seconds
168.706: Application time: 0.0000430 seconds
168.706: [Full GC [PSYoungGen: 69120K->69119K(80384K)] [ParOldGen: 182782K->182782K(182784K)] 251902K->251901K(263168K) [PSPermGen: 13494K->13494K(21504K)], 0.0506280 secs] [Times: user=0.35 sys=0.00, real=0.06 secs] 
168.757: Total time for which application threads were stopped: 0.0510190 seconds, Stopping threads took: 0.0000090 seconds
168.757: Application time: 0.0000490 seconds
168.757: [Full GC [PSYoungGen: 69120K->69119K(80384K)] [ParOldGen: 182782K->182782K(182784K)] 251902K->251901K(263168K) [PSPermGen: 13494K->13494K(21504K)], 0.0507910 secs] [Times: user=0.35 sys=0.00, real=0.04 secs] 
168.808: Total time for which application threads were stopped: 0.0511800 seconds, Stopping threads took: 0.0000070 seconds
168.808: Application time: 0.0000440 seconds
168.808: [Full GC [PSYoungGen: 69120K->69119K(80384K)] [ParOldGen: 182782K->182782K(182784K)] 251902K->251901K(263168K) [PSPermGen: 13494K->13494K(21504K)], 0.0505440 secs] [Times: user=0.35 sys=0.00, real=0.06 secs] 
168.859: Total time for which application threads were stopped: 0.0509390 seconds, Stopping threads took: 0.0000080 seconds
168.859: Application time: 0.0000550 seconds
168.859: [Full GC [PSYoungGen: 69120K->69119K(80384K)] [ParOldGen: 182782K->182782K(182784K)] 251902K->251901K(263168K) [PSPermGen: 13494K->13494K(21504K)], 0.0521400 secs] [Times: user=0.36 sys=0.00, real=0.05 secs] 
168.912: Total time for which application threads were stopped: 0.0525320 seconds, Stopping threads took: 0.0000170 seconds
168.912: Application time: 0.0000440 seconds
168.912: [Full GC [PSYoungGen: 69120K->69119K(80384K)] [ParOldGen: 182782K->182781K(182784K)] 251902K->251901K(263168K) [PSPermGen: 13494K->13494K(21504K)], 0.0507010 secs] [Times: user=0.35 sys=0.00, real=0.05 secs] 
168.963: Total time for which application threads were stopped: 0.0510870 seconds, Stopping threads took: 0.0000070 seconds
168.963: Application time: 0.0000370 seconds
168.963: [Full GC [PSYoungGen: 69120K->69119K(80384K)] [ParOldGen: 182781K->182781K(182784K)] 251901K->251901K(263168K) [PSPermGen: 13494K->13494K(21504K)], 0.0507910 secs] [Times: user=0.35 sys=0.00, real=0.05 secs] 
169.016: Total time for which application threads were stopped: 0.0526910 seconds, Stopping threads took: 0.0000090 seconds
169.016: Application time: 0.0000430 seconds
169.016: [Full GC [PSYoungGen: 69120K->69119K(80384K)] [ParOldGen: 182781K->182781K(182784K)] 251901K->251901K(263168K) [PSPermGen: 13494K->13494K(21504K)], 0.0532500 secs] [Times: user=0.38 sys=0.00, real=0.06 secs] 
169.069: Total time for which application threads were stopped: 0.0536460 seconds, Stopping threads took: 0.0000070 seconds
169.069: Application time: 0.0000450 seconds
169.070: [Full GC [PSYoungGen: 69120K->69119K(80384K)] [ParOldGen: 182781K->182781K(182784K)] 251901K->251901K(263168K) [PSPermGen: 13494K->13494K(21504K)], 0.0507620 secs] [Times: user=0.35 sys=0.00, real=0.05 secs] 
169.120: Total time for which application threads were stopped: 0.0511570 seconds, Stopping threads took: 0.0000200 seconds
169.120: Application time: 0.0000430 seconds
169.121: [Full GC [PSYoungGen: 69120K->69119K(80384K)] [ParOldGen: 182781K->182781K(182784K)] 251901K->251901K(263168K) [PSPermGen: 13494K->13494K(21504K)], 0.0505510 secs] [Times: user=0.35 sys=0.00, real=0.05 secs] 
169.171: Total time for which application threads were stopped: 0.0509510 seconds, Stopping threads took: 0.0000110 seconds
169.171: Application time: 0.0000360 seconds
169.172: [Full GC [PSYoungGen: 69120K->69119K(80384K)] [ParOldGen: 182781K->182781K(182784K)] 251901K->251901K(263168K) [PSPermGen: 13494K->13494K(21504K)], 0.0509200 secs] [Times: user=0.35 sys=0.00, real=0.05 secs] 
169.223: Total time for which application threads were stopped: 0.0513350 seconds, Stopping threads took: 0.0000110 seconds
169.223: Application time: 0.0000520 seconds
169.223: [Full GC [PSYoungGen: 69120K->69119K(80384K)] [ParOldGen: 182781K->182781K(182784K)] 251901K->251901K(263168K) [PSPermGen: 13494K->13494K(21504K)], 0.0510350 secs] [Times: user=0.36 sys=0.00, real=0.05 secs] 
169.274: Total time for which application threads were stopped: 0.0514290 seconds, Stopping threads took: 0.0000080 seconds
169.274: Application time: 0.0000340 seconds
169.275: [Full GC [PSYoungGen: 69120K->69119K(80384K)] [ParOldGen: 182781K->182781K(182784K)] 251901K->251901K(263168K) [PSPermGen: 13494K->13494K(21504K)], 0.0506390 secs] [Times: user=0.35 sys=0.00, real=0.05 secs] 
169.325: Total time for which application threads were stopped: 0.0510300 seconds, Stopping threads took: 0.0000080 seconds
169.325: Application time: 0.0000300 seconds
169.326: [Full GC [PSYoungGen: 69120K->69119K(80384K)] [ParOldGen: 182781K->182781K(182784K)] 251901K->251901K(263168K) [PSPermGen: 13494K->13494K(21504K)], 0.0505180 secs] [Times: user=0.35 sys=0.00, real=0.05 secs] 
169.376: Total time for which application threads were stopped: 0.0509030 seconds, Stopping threads took: 0.0000060 seconds
169.376: Application time: 0.0000490 seconds
169.377: [Full GC [PSYoungGen: 69120K->69119K(80384K)] [ParOldGen: 182781K->182781K(182784K)] 251901K->251901K(263168K) [PSPermGen: 13494K->13494K(21504K)], 0.0504690 secs] [Times: user=0.34 sys=0.01, real=0.04 secs] 
169.427: Total time for which application threads were stopped: 0.0508710 seconds, Stopping threads took: 0.0000080 seconds
169.427: Application time: 0.0000410 seconds
169.428: [Full GC [PSYoungGen: 69120K->69119K(80384K)] [ParOldGen: 182781K->182781K(182784K)] 251901K->251901K(263168K) [PSPermGen: 13494K->13494K(21504K)], 0.0505160 secs] [Times: user=0.35 sys=0.00, real=0.06 secs] 
169.478: Total time for which application threads were stopped: 0.0509050 seconds, Stopping threads took: 0.0000110 seconds
169.478: Application time: 0.0000390 seconds
169.478: [Full GC [PSYoungGen: 69120K->69119K(80384K)] [ParOldGen: 182781K->182781K(182784K)] 251901K->251901K(263168K) [PSPermGen: 13494K->13494K(21504K)], 0.0519800 secs] [Times: user=0.36 sys=0.00, real=0.05 secs] 
169.531: Total time for which application threads were stopped: 0.0523720 seconds, Stopping threads took: 0.0000090 seconds
169.531: Application time: 0.0000640 seconds
169.531: [Full GC [PSYoungGen: 69119K->69119K(80384K)] [ParOldGen: 182781K->182781K(182784K)] 251901K->251901K(263168K) [PSPermGen: 13494K->13494K(21504K)], 0.0508420 secs] [Times: user=0.35 sys=0.00, real=0.05 secs] 
169.582: Total time for which application threads were stopped: 0.0512330 seconds, Stopping threads took: 0.0000070 seconds
169.582: Application time: 0.0000610 seconds
169.582: [Full GC [PSYoungGen: 69120K->69119K(80384K)] [ParOldGen: 182781K->182781K(182784K)] 251901K->251901K(263168K) [PSPermGen: 13494K->13494K(21504K)], 0.0505360 secs] [Times: user=0.35 sys=0.00, real=0.05 secs] 
169.633: Total time for which application threads were stopped: 0.0509290 seconds, Stopping threads took: 0.0000080 seconds
169.633: Application time: 0.0000530 seconds
169.633: [Full GC [PSYoungGen: 69120K->69119K(80384K)] [ParOldGen: 182781K->182781K(182784K)] 251901K->251901K(263168K) [PSPermGen: 13494K->13494K(21504K)], 0.0503130 secs] [Times: user=0.35 sys=0.00, real=0.05 secs] 
169.684: Total time for which application threads were stopped: 0.0507220 seconds, Stopping threads took: 0.0000280 seconds
169.684: Application time: 0.0000380 seconds
169.684: [Full GC [PSYoungGen: 69120K->69119K(80384K)] [ParOldGen: 182781K->182781K(182784K)] 251901K->251901K(263168K) [PSPermGen: 13494K->13494K(21504K)], 0.0505370 secs] [Times: user=0.35 sys=0.00, real=0.05 secs] 
169.735: Total time for which application threads were stopped: 0.0509600 seconds, Stopping threads took: 0.0000190 seconds
169.735: Application time: 0.0000460 seconds
169.735: [Full GC [PSYoungGen: 69120K->69119K(80384K)] [ParOldGen: 182781K->182781K(182784K)] 251901K->251901K(263168K) [PSPermGen: 13494K->13494K(21504K)], 0.0508110 secs] [Times: user=0.35 sys=0.00, real=0.05 secs] 
169.786: Total time for which application threads were stopped: 0.0512010 seconds, Stopping threads took: 0.0000070 seconds
169.786: Application time: 0.0001030 seconds
169.786: [Full GC [PSYoungGen: 69120K->69119K(80384K)] [ParOldGen: 182784K->182782K(182784K)] 251904K->251901K(263168K) [PSPermGen: 13494K->13494K(21504K)], 0.0505810 secs] [Times: user=0.35 sys=0.00, real=0.06 secs] 
169.837: Total time for which application threads were stopped: 0.0509640 seconds, Stopping threads took: 0.0000090 seconds
169.837: Application time: 0.0000510 seconds
169.837: [Full GC [PSYoungGen: 69120K->69119K(80384K)] [ParOldGen: 182782K->182782K(182784K)] 251902K->251901K(263168K) [PSPermGen: 13494K->13494K(21504K)], 0.0520930 secs] [Times: user=0.36 sys=0.00, real=0.05 secs] 
169.889: Total time for which application threads were stopped: 0.0524770 seconds, Stopping threads took: 0.0000100 seconds
169.890: Application time: 0.0000450 seconds
169.890: [Full GC [PSYoungGen: 69120K->69119K(80384K)] [ParOldGen: 182782K->182782K(182784K)] 251902K->251901K(263168K) [PSPermGen: 13494K->13494K(21504K)], 0.0526220 secs] [Times: user=0.37 sys=0.00, real=0.05 secs] 
169.943: Total time for which application threads were stopped: 0.0530020 seconds, Stopping threads took: 0.0000140 seconds
169.943: Application time: 0.0000570 seconds
169.943: [Full GC [PSYoungGen: 69120K->69119K(80384K)] [ParOldGen: 182782K->182782K(182784K)] 251902K->251901K(263168K) [PSPermGen: 13494K->13494K(21504K)], 0.0509680 secs] [Times: user=0.35 sys=0.00, real=0.05 secs] 
169.994: Total time for which application threads were stopped: 0.0513560 seconds, Stopping threads took: 0.0000080 seconds
169.994: Application time: 0.0000390 seconds
169.994: [Full GC [PSYoungGen: 69120K->69119K(80384K)] [ParOldGen: 182782K->182782K(182784K)] 251902K->251901K(263168K) [PSPermGen: 13494K->13494K(21504K)], 0.0506120 secs] [Times: user=0.35 sys=0.00, real=0.05 secs] 
170.045: Total time for which application threads were stopped: 0.0510130 seconds, Stopping threads took: 0.0000110 seconds
170.045: Application time: 0.0000680 seconds
170.045: [Full GC [PSYoungGen: 69120K->69119K(80384K)] [ParOldGen: 182782K->182782K(182784K)] 251902K->251901K(263168K) [PSPermGen: 13494K->13494K(21504K)], 0.0508470 secs] [Times: user=0.35 sys=0.00, real=0.05 secs] 
170.096: Total time for which application threads were stopped: 0.0512360 seconds, Stopping threads took: 0.0000070 seconds
170.096: Application time: 0.0000390 seconds
170.097: [Full GC [PSYoungGen: 69120K->69119K(80384K)] [ParOldGen: 182782K->182782K(182784K)] 251902K->251901K(263168K) [PSPermGen: 13494K->13494K(21504K)], 0.0508720 secs] [Times: user=0.35 sys=0.00, real=0.04 secs] 
170.148: Total time for which application threads were stopped: 0.0512930 seconds, Stopping threads took: 0.0000200 seconds
170.148: Application time: 0.0000320 seconds
170.148: [Full GC [PSYoungGen: 69120K->69119K(80384K)] [ParOldGen: 182782K->182782K(182784K)] 251902K->251901K(263168K) [PSPermGen: 13494K->13494K(21504K)], 0.0505030 secs] [Times: user=0.35 sys=0.00, real=0.06 secs] 
170.199: Total time for which application threads were stopped: 0.0509000 seconds, Stopping threads took: 0.0000180 seconds
170.199: Application time: 0.0000390 seconds
170.199: [Full GC [PSYoungGen: 69120K->69119K(80384K)] [ParOldGen: 182782K->182782K(182784K)] 251902K->251901K(263168K) [PSPermGen: 13494K->13494K(21504K)], 0.0521670 secs] [Times: user=0.36 sys=0.00, real=0.05 secs] 
170.251: Total time for which application threads were stopped: 0.0525820 seconds, Stopping threads took: 0.0000080 seconds
170.251: Application time: 0.0000460 seconds
170.252: [Full GC [PSYoungGen: 69120K->69119K(80384K)] [ParOldGen: 182782K->182782K(182784K)] 251902K->251901K(263168K) [PSPermGen: 13494K->13494K(21504K)], 0.0505930 secs] [Times: user=0.35 sys=0.00, real=0.05 secs] 
170.302: Total time for which application threads were stopped: 0.0509890 seconds, Stopping threads took: 0.0000080 seconds
170.302: Application time: 0.0000400 seconds
170.303: [Full GC [PSYoungGen: 69120K->69119K(80384K)] [ParOldGen: 182782K->182782K(182784K)] 251902K->251901K(263168K) [PSPermGen: 13494K->13494K(21504K)], 0.0504480 secs] [Times: user=0.35 sys=0.00, real=0.05 secs] 
170.353: Total time for which application threads were stopped: 0.0508290 seconds, Stopping threads took: 0.0000070 seconds
170.353: Application time: 0.0000440 seconds
170.353: [Full GC [PSYoungGen: 69120K->69119K(80384K)] [ParOldGen: 182782K->182781K(182784K)] 251902K->251901K(263168K) [PSPermGen: 13494K->13494K(21504K)], 0.0503690 secs] [Times: user=0.35 sys=0.00, real=0.05 secs] 
170.404: Total time for which application threads were stopped: 0.0507620 seconds, Stopping threads took: 0.0000120 seconds
170.404: Application time: 0.0000430 seconds
170.404: [Full GC [PSYoungGen: 69120K->69119K(80384K)] [ParOldGen: 182781K->182781K(182784K)] 251901K->251901K(263168K) [PSPermGen: 13494K->13494K(21504K)], 0.0535440 secs] [Times: user=0.37 sys=0.00, real=0.06 secs] 
170.458: Total time for which application threads were stopped: 0.0539290 seconds, Stopping threads took: 0.0000070 seconds
170.458: Application time: 0.0000380 seconds
170.458: [Full GC [PSYoungGen: 69120K->69119K(80384K)] [ParOldGen: 182781K->182781K(182784K)] 251901K->251901K(263168K) [PSPermGen: 13494K->13494K(21504K)], 0.0506220 secs] [Times: user=0.35 sys=0.00, real=0.05 secs] 
170.509: Total time for which application threads were stopped: 0.0510160 seconds, Stopping threads took: 0.0000120 seconds
170.509: Application time: 0.0000310 seconds
170.509: [Full GC [PSYoungGen: 69119K->69119K(80384K)] [ParOldGen: 182781K->182781K(182784K)] 251901K->251901K(263168K) [PSPermGen: 13494K->13494K(21504K)], 0.0502690 secs] [Times: user=0.35 sys=0.00, real=0.05 secs] 
170.560: Total time for which application threads were stopped: 0.0506690 seconds, Stopping threads took: 0.0000140 seconds
170.560: Application time: 0.0000330 seconds
170.560: [Full GC [PSYoungGen: 69120K->69119K(80384K)] [ParOldGen: 182781K->182781K(182784K)] 251901K->251901K(263168K) [PSPermGen: 13494K->13494K(21504K)], 0.0507470 secs] [Times: user=0.35 sys=0.00, real=0.05 secs] 
170.611: Total time for which application threads were stopped: 0.0511310 seconds, Stopping threads took: 0.0000070 seconds
170.611: Application time: 0.0000490 seconds
170.611: [Full GC [PSYoungGen: 69120K->69119K(80384K)] [ParOldGen: 182781K->182781K(182784K)] 251901K->251901K(263168K) [PSPermGen: 13494K->13494K(21504K)], 0.0519390 secs] [Times: user=0.36 sys=0.01, real=0.05 secs] 
170.663: Total time for which application threads were stopped: 0.0523300 seconds, Stopping threads took: 0.0000070 seconds
170.663: Application time: 0.0000540 seconds
170.664: [Full GC [PSYoungGen: 69120K->69119K(80384K)] [ParOldGen: 182781K->182781K(182784K)] 251901K->251901K(263168K) [PSPermGen: 13494K->13494K(21504K)], 0.0506850 secs] [Times: user=0.35 sys=0.00, real=0.05 secs] 
170.714: Total time for which application threads were stopped: 0.0510940 seconds, Stopping threads took: 0.0000080 seconds
170.714: Application time: 0.0000340 seconds
170.715: [Full GC [PSYoungGen: 69120K->69119K(80384K)] [ParOldGen: 182781K->182781K(182784K)] 251901K->251901K(263168K) [PSPermGen: 13494K->13494K(21504K)], 0.0507740 secs] [Times: user=0.35 sys=0.00, real=0.05 secs] 
170.766: Total time for which application threads were stopped: 0.0511910 seconds, Stopping threads took: 0.0000090 seconds
170.766: Application time: 0.0000550 seconds
170.766: [Full GC [PSYoungGen: 69120K->69119K(80384K)] [ParOldGen: 182781K->182781K(182784K)] 251901K->251901K(263168K) [PSPermGen: 13494K->13494K(21504K)], 0.0524850 secs] [Times: user=0.37 sys=0.00, real=0.06 secs] 
170.818: Total time for which application threads were stopped: 0.0528760 seconds, Stopping threads took: 0.0000100 seconds
170.819: Application time: 0.0000380 seconds
170.819: [Full GC [PSYoungGen: 69120K->69119K(80384K)] [ParOldGen: 182781K->182781K(182784K)] 251901K->251901K(263168K) [PSPermGen: 13494K->13494K(21504K)], 0.0524380 secs] [Times: user=0.36 sys=0.00, real=0.05 secs] 
170.871: Total time for which application threads were stopped: 0.0528960 seconds, Stopping threads took: 0.0000690 seconds
170.871: Application time: 0.0000460 seconds
170.872: [Full GC [PSYoungGen: 69120K->69119K(80384K)] [ParOldGen: 182781K->182781K(182784K)] 251901K->251901K(263168K) [PSPermGen: 13494K->13494K(21504K)], 0.0511440 secs] [Times: user=0.35 sys=0.00, real=0.05 secs] 
170.923: Total time for which application threads were stopped: 0.0515310 seconds, Stopping threads took: 0.0000070 seconds
170.923: Application time: 0.0000490 seconds
170.923: [Full GC [PSYoungGen: 69120K->69119K(80384K)] [ParOldGen: 182781K->182781K(182784K)] 251901K->251901K(263168K) [PSPermGen: 13494K->13494K(21504K)], 0.0507410 secs] [Times: user=0.35 sys=0.00, real=0.05 secs] 
170.974: Total time for which application threads were stopped: 0.0511330 seconds, Stopping threads took: 0.0000080 seconds
170.974: Application time: 0.0000620 seconds
170.975: [Full GC [PSYoungGen: 69120K->69119K(80384K)] [ParOldGen: 182781K->182781K(182784K)] 251901K->251901K(263168K) [PSPermGen: 13494K->13494K(21504K)], 0.0507500 secs] [Times: user=0.35 sys=0.00, real=0.05 secs] 
171.025: Total time for which application threads were stopped: 0.0511440 seconds, Stopping threads took: 0.0000080 seconds
171.025: Application time: 0.0000450 seconds
171.026: [Full GC [PSYoungGen: 69120K->69119K(80384K)] [ParOldGen: 182781K->182781K(182784K)] 251901K->251901K(263168K) [PSPermGen: 13494K->13494K(21504K)], 0.0505890 secs] [Times: user=0.35 sys=0.00, real=0.05 secs] 
171.076: Total time for which application threads were stopped: 0.0509760 seconds, Stopping threads took: 0.0000090 seconds
171.076: Application time: 0.0000280 seconds
171.077: [Full GC [PSYoungGen: 69119K->69119K(80384K)] [ParOldGen: 182781K->182781K(182784K)] 251901K->251901K(263168K) [PSPermGen: 13494K->13494K(21504K)], 0.0504770 secs] [Times: user=0.34 sys=0.00, real=0.04 secs] 
171.127: Total time for which application threads were stopped: 0.0508770 seconds, Stopping threads took: 0.0000100 seconds
171.127: Application time: 0.0000340 seconds
171.128: [Full GC [PSYoungGen: 69119K->69119K(80384K)] [ParOldGen: 182781K->182781K(182784K)] 251901K->251901K(263168K) [PSPermGen: 13494K->13494K(21504K)], 0.0504680 secs] [Times: user=0.34 sys=0.00, real=0.06 secs] 
171.178: Total time for which application threads were stopped: 0.0508630 seconds, Stopping threads took: 0.0000090 seconds
171.178: Application time: 0.0000710 seconds
171.179: [Full GC [PSYoungGen: 69119K->69119K(80384K)] [ParOldGen: 182784K->182782K(182784K)] 251903K->251901K(263168K) [PSPermGen: 13494K->13494K(21504K)], 0.0507210 secs] [Times: user=0.35 sys=0.00, real=0.05 secs] 
171.229: Total time for which application threads were stopped: 0.0511280 seconds, Stopping threads took: 0.0000210 seconds
171.229: Application time: 0.0000730 seconds
171.230: [Full GC [PSYoungGen: 69120K->69119K(80384K)] [ParOldGen: 182782K->182782K(182784K)] 251902K->251901K(263168K) [PSPermGen: 13494K->13494K(21504K)], 0.0526890 secs] [Times: user=0.36 sys=0.01, real=0.05 secs] 
171.283: Total time for which application threads were stopped: 0.0531000 seconds, Stopping threads took: 0.0000080 seconds
171.283: Application time: 0.0000510 seconds
171.283: [Full GC [PSYoungGen: 69120K->69119K(80384K)] [ParOldGen: 182782K->182782K(182784K)] 251902K->251901K(263168K) [PSPermGen: 13494K->13494K(21504K)], 0.0508820 secs] [Times: user=0.35 sys=0.00, real=0.05 secs] 
171.334: Total time for which application threads were stopped: 0.0512670 seconds, Stopping threads took: 0.0000100 seconds
171.334: Application time: 0.0000480 seconds
171.334: [Full GC [PSYoungGen: 69120K->69119K(80384K)] [ParOldGen: 182782K->182782K(182784K)] 251902K->251901K(263168K) [PSPermGen: 13494K->13494K(21504K)], 0.0504100 secs] [Times: user=0.34 sys=0.00, real=0.05 secs] 
171.385: Total time for which application threads were stopped: 0.0508060 seconds, Stopping threads took: 0.0000190 seconds
171.385: Application time: 0.0000390 seconds
171.385: [Full GC [PSYoungGen: 69120K->69119K(80384K)] [ParOldGen: 182782K->182781K(182784K)] 251902K->251901K(263168K) [PSPermGen: 13494K->13494K(21504K)], 0.0531800 secs] [Times: user=0.37 sys=0.00, real=0.06 secs] 
171.438: Total time for which application threads were stopped: 0.0535810 seconds, Stopping threads took: 0.0000220 seconds
171.438: Application time: 0.0000690 seconds
171.439: [Full GC [PSYoungGen: 69120K->69119K(80384K)] [ParOldGen: 182781K->182781K(182784K)] 251901K->251901K(263168K) [PSPermGen: 13494K->13494K(21504K)], 0.0519720 secs] [Times: user=0.37 sys=0.00, real=0.05 secs] 
171.491: Total time for which application threads were stopped: 0.0523670 seconds, Stopping threads took: 0.0000140 seconds
171.491: Application time: 0.0000530 seconds
171.491: [Full GC [PSYoungGen: 69120K->69119K(80384K)] [ParOldGen: 182781K->182781K(182784K)] 251901K->251901K(263168K) [PSPermGen: 13494K->13494K(21504K)], 0.0505550 secs] [Times: user=0.34 sys=0.00, real=0.05 secs] 
171.542: Total time for which application threads were stopped: 0.0509400 seconds, Stopping threads took: 0.0000060 seconds
171.542: Application time: 0.0000430 seconds
171.542: [Full GC [PSYoungGen: 69119K->69119K(80384K)] [ParOldGen: 182781K->182781K(182784K)] 251901K->251901K(263168K) [PSPermGen: 13494K->13494K(21504K)], 0.0504560 secs] [Times: user=0.34 sys=0.00, real=0.05 secs] 
171.593: Total time for which application threads were stopped: 0.0508560 seconds, Stopping threads took: 0.0000210 seconds
171.593: Application time: 0.0000350 seconds
171.593: [Full GC [PSYoungGen: 69120K->69119K(80384K)] [ParOldGen: 182781K->182781K(182784K)] 251901K->251901K(263168K) [PSPermGen: 13494K->13494K(21504K)], 0.0505580 secs] [Times: user=0.35 sys=0.00, real=0.05 secs] 
171.644: Total time for which application threads were stopped: 0.0509440 seconds, Stopping threads took: 0.0000070 seconds
171.644: Application time: 0.0000340 seconds
171.644: [Full GC [PSYoungGen: 69120K->69119K(80384K)] [ParOldGen: 182781K->182781K(182784K)] 251901K->251901K(263168K) [PSPermGen: 13494K->13494K(21504K)], 0.0523810 secs] [Times: user=0.36 sys=0.00, real=0.05 secs] 
171.697: Total time for which application threads were stopped: 0.0527710 seconds, Stopping threads took: 0.0000070 seconds
171.697: Application time: 0.0000290 seconds
171.697: [Full GC [PSYoungGen: 69120K->69119K(80384K)] [ParOldGen: 182781K->182781K(182784K)] 251901K->251901K(263168K) [PSPermGen: 13494K->13494K(21504K)], 0.0506480 secs] [Times: user=0.35 sys=0.00, real=0.04 secs] 
171.748: Total time for which application threads were stopped: 0.0510540 seconds, Stopping threads took: 0.0000120 seconds
171.748: Application time: 0.0000460 seconds
171.748: [Full GC [PSYoungGen: 69119K->69119K(80384K)] [ParOldGen: 182781K->182781K(182784K)] 251901K->251901K(263168K) [PSPermGen: 13494K->13494K(21504K)], 0.0505720 secs] [Times: user=0.35 sys=0.00, real=0.06 secs] 
171.799: Total time for which application threads were stopped: 0.0510070 seconds, Stopping threads took: 0.0000140 seconds
171.799: Application time: 0.0000490 seconds
171.799: [Full GC [PSYoungGen: 69119K->69119K(80384K)] [ParOldGen: 182781K->182781K(182784K)] 251901K->251901K(263168K) [PSPermGen: 13494K->13494K(21504K)], 0.0505810 secs] [Times: user=0.35 sys=0.00, real=0.05 secs] 
171.850: Total time for which application threads were stopped: 0.0509650 seconds, Stopping threads took: 0.0000060 seconds
171.850: Application time: 0.0000390 seconds
171.850: [Full GC [PSYoungGen: 69119K->69119K(80384K)] [ParOldGen: 182781K->182781K(182784K)] 251901K->251901K(263168K) [PSPermGen: 13494K->13494K(21504K)], 0.0510690 secs] [Times: user=0.35 sys=0.00, real=0.05 secs] 
171.901: Total time for which application threads were stopped: 0.0514590 seconds, Stopping threads took: 0.0000100 seconds
171.901: Application time: 0.0000570 seconds
171.902: [Full GC [PSYoungGen: 69120K->69119K(80384K)] [ParOldGen: 182783K->182782K(182784K)] 251903K->251901K(263168K) [PSPermGen: 13494K->13494K(21504K)], 0.0505560 secs] [Times: user=0.35 sys=0.00, real=0.05 secs] 
171.952: Total time for which application threads were stopped: 0.0509490 seconds, Stopping threads took: 0.0000090 seconds
171.952: Application time: 0.0000320 seconds
171.953: [Full GC [PSYoungGen: 69120K->69119K(80384K)] [ParOldGen: 182782K->182782K(182784K)] 251902K->251902K(263168K) [PSPermGen: 13494K->13494K(21504K)], 0.0504410 secs] [Times: user=0.35 sys=0.01, real=0.05 secs] 
172.003: Total time for which application threads were stopped: 0.0508330 seconds, Stopping threads took: 0.0000070 seconds
172.003: Application time: 0.0000410 seconds
172.003: [Full GC [PSYoungGen: 69120K->69119K(80384K)] [ParOldGen: 182782K->182782K(182784K)] 251902K->251902K(263168K) [PSPermGen: 13494K->13494K(21504K)], 0.0505280 secs] [Times: user=0.35 sys=0.00, real=0.05 secs] 
172.054: Total time for which application threads were stopped: 0.0509160 seconds, Stopping threads took: 0.0000100 seconds
172.054: Application time: 0.0000400 seconds
172.054: [Full GC [PSYoungGen: 69120K->69119K(80384K)] [ParOldGen: 182782K->182782K(182784K)] 251902K->251902K(263168K) [PSPermGen: 13494K->13494K(21504K)], 0.0506910 secs] [Times: user=0.35 sys=0.00, real=0.05 secs] 
172.105: Total time for which application threads were stopped: 0.0510840 seconds, Stopping threads took: 0.0000090 seconds
172.105: Application time: 0.0000780 seconds
172.106: [Full GC [PSYoungGen: 69120K->69119K(80384K)] [ParOldGen: 182782K->182782K(182784K)] 251902K->251902K(263168K) [PSPermGen: 13494K->13494K(21504K)], 0.0507370 secs] [Times: user=0.35 sys=0.00, real=0.05 secs] 
172.156: Total time for which application threads were stopped: 0.0511270 seconds, Stopping threads took: 0.0000070 seconds
172.156: Application time: 0.0000290 seconds
172.157: [Full GC [PSYoungGen: 69120K->69119K(80384K)] [ParOldGen: 182782K->182782K(182784K)] 251902K->251902K(263168K) [PSPermGen: 13494K->13494K(21504K)], 0.0522470 secs] [Times: user=0.36 sys=0.00, real=0.05 secs] 
172.209: Total time for which application threads were stopped: 0.0526450 seconds, Stopping threads took: 0.0000060 seconds
172.209: Application time: 0.0000360 seconds
172.209: [Full GC [PSYoungGen: 69119K->69119K(80384K)] [ParOldGen: 182782K->182782K(182784K)] 251902K->251902K(263168K) [PSPermGen: 13494K->13494K(21504K)], 0.0506520 secs] [Times: user=0.35 sys=0.00, real=0.05 secs] 
172.260: Total time for which application threads were stopped: 0.0510630 seconds, Stopping threads took: 0.0000130 seconds
172.260: Application time: 0.0000630 seconds
172.261: [Full GC [PSYoungGen: 69119K->69118K(80384K)] [ParOldGen: 182783K->182782K(182784K)] 251903K->251901K(263168K) [PSPermGen: 13494K->13494K(21504K)], 0.0520120 secs] [Times: user=0.36 sys=0.00, real=0.05 secs] 
172.313: Total time for which application threads were stopped: 0.0524380 seconds, Stopping threads took: 0.0000120 seconds
172.313: Application time: 0.0000340 seconds
172.313: [Full GC [PSYoungGen: 69120K->69119K(80384K)] [ParOldGen: 182782K->182782K(182784K)] 251902K->251902K(263168K) [PSPermGen: 13494K->13494K(21504K)], 0.0503200 secs] [Times: user=0.34 sys=0.01, real=0.05 secs] 
172.363: Total time for which application threads were stopped: 0.0507130 seconds, Stopping threads took: 0.0000110 seconds
172.363: Application time: 0.0000500 seconds
172.364: [Full GC [PSYoungGen: 69120K->69119K(80384K)] [ParOldGen: 182782K->182782K(182784K)] 251902K->251901K(263168K) [PSPermGen: 13494K->13494K(21504K)], 0.0504930 secs] [Times: user=0.35 sys=0.00, real=0.05 secs] 
172.414: Total time for which application threads were stopped: 0.0508960 seconds, Stopping threads took: 0.0000200 seconds
172.414: Application time: 0.0000440 seconds
172.415: [Full GC [PSYoungGen: 69120K->69119K(80384K)] [ParOldGen: 182782K->182782K(182784K)] 251902K->251901K(263168K) [PSPermGen: 13494K->13494K(21504K)], 0.0522920 secs] [Times: user=0.37 sys=0.00, real=0.05 secs] 
172.467: Total time for which application threads were stopped: 0.0526830 seconds, Stopping threads took: 0.0000180 seconds
172.467: Application time: 0.0000490 seconds
172.467: [Full GC [PSYoungGen: 69120K->69119K(80384K)] [ParOldGen: 182782K->182782K(182784K)] 251902K->251901K(263168K) [PSPermGen: 13494K->13494K(21504K)], 0.0526520 secs] [Times: user=0.36 sys=0.00, real=0.06 secs] 
172.520: Total time for which application threads were stopped: 0.0530460 seconds, Stopping threads took: 0.0000080 seconds
172.520: Application time: 0.0000480 seconds
172.521: [Full GC [PSYoungGen: 69120K->69119K(80384K)] [ParOldGen: 182782K->182782K(182784K)] 251902K->251901K(263168K) [PSPermGen: 13494K->13494K(21504K)], 0.0530230 secs] [Times: user=0.37 sys=0.00, real=0.05 secs] 
172.574: Total time for which application threads were stopped: 0.0534090 seconds, Stopping threads took: 0.0000070 seconds
172.574: Application time: 0.0000370 seconds
172.574: [Full GC [PSYoungGen: 69120K->69119K(80384K)] [ParOldGen: 182782K->182782K(182784K)] 251902K->251901K(263168K) [PSPermGen: 13494K->13494K(21504K)], 0.0505260 secs] [Times: user=0.35 sys=0.00, real=0.05 secs] 
172.625: Total time for which application threads were stopped: 0.0509210 seconds, Stopping threads took: 0.0000100 seconds
172.625: Application time: 0.0000580 seconds
172.625: [Full GC [PSYoungGen: 69120K->69119K(80384K)] [ParOldGen: 182782K->182782K(182784K)] 251902K->251901K(263168K) [PSPermGen: 13494K->13494K(21504K)], 0.0505270 secs] [Times: user=0.35 sys=0.01, real=0.05 secs] 
172.676: Total time for which application threads were stopped: 0.0509150 seconds, Stopping threads took: 0.0000100 seconds
172.676: Application time: 0.0000520 seconds
172.676: [Full GC [PSYoungGen: 69120K->69119K(80384K)] [ParOldGen: 182782K->182782K(182784K)] 251902K->251901K(263168K) [PSPermGen: 13494K->13494K(21504K)], 0.0506500 secs] [Times: user=0.34 sys=0.00, real=0.05 secs] 
172.727: Total time for which application threads were stopped: 0.0510570 seconds, Stopping threads took: 0.0000230 seconds
172.727: Application time: 0.0000460 seconds
172.727: [Full GC [PSYoungGen: 69120K->69119K(80384K)] [ParOldGen: 182782K->182781K(182784K)] 251902K->251901K(263168K) [PSPermGen: 13494K->13494K(21504K)], 0.0506690 secs] [Times: user=0.35 sys=0.00, real=0.06 secs] 
172.778: Total time for which application threads were stopped: 0.0510590 seconds, Stopping threads took: 0.0000100 seconds
172.778: Application time: 0.0000540 seconds
172.778: [Full GC [PSYoungGen: 69120K->69119K(80384K)] [ParOldGen: 182781K->182781K(182784K)] 251901K->251901K(263168K) [PSPermGen: 13494K->13494K(21504K)], 0.0504490 secs] [Times: user=0.35 sys=0.00, real=0.05 secs] 
172.829: Total time for which application threads were stopped: 0.0508700 seconds, Stopping threads took: 0.0000070 seconds
172.829: Application time: 0.0000320 seconds
172.829: [Full GC [PSYoungGen: 69120K->69119K(80384K)] [ParOldGen: 182781K->182781K(182784K)] 251901K->251901K(263168K) [PSPermGen: 13494K->13494K(21504K)], 0.0506490 secs] [Times: user=0.35 sys=0.00, real=0.05 secs] 
172.880: Total time for which application threads were stopped: 0.0510480 seconds, Stopping threads took: 0.0000110 seconds
172.880: Application time: 0.0000330 seconds
172.880: [Full GC [PSYoungGen: 69120K->69119K(80384K)] [ParOldGen: 182781K->182781K(182784K)] 251901K->251901K(263168K) [PSPermGen: 13494K->13494K(21504K)], 0.0511720 secs] [Times: user=0.35 sys=0.00, real=0.05 secs] 
172.931: Total time for which application threads were stopped: 0.0515620 seconds, Stopping threads took: 0.0000110 seconds
172.931: Application time: 0.0000330 seconds
172.932: [Full GC [PSYoungGen: 69119K->69119K(80384K)] [ParOldGen: 182781K->182781K(182784K)] 251901K->251901K(263168K) [PSPermGen: 13494K->13494K(21504K)], 0.0506330 secs] [Times: user=0.35 sys=0.00, real=0.05 secs] 
172.982: Total time for which application threads were stopped: 0.0510320 seconds, Stopping threads took: 0.0000070 seconds
172.982: Application time: 0.0000610 seconds
172.983: [Full GC [PSYoungGen: 69119K->69119K(80384K)] [ParOldGen: 182783K->182782K(182784K)] 251903K->251901K(263168K) [PSPermGen: 13494K->13494K(21504K)], 0.0504120 secs] [Times: user=0.32 sys=0.03, real=0.05 secs] 
173.033: Total time for which application threads were stopped: 0.0507960 seconds, Stopping threads took: 0.0000070 seconds
173.033: Application time: 0.0000350 seconds
173.034: [Full GC [PSYoungGen: 69120K->69119K(80384K)] [ParOldGen: 182782K->182782K(182784K)] 251902K->251902K(263168K) [PSPermGen: 13494K->13494K(21504K)], 0.0503790 secs] [Times: user=0.35 sys=0.00, real=0.05 secs] 
173.084: Total time for which application threads were stopped: 0.0507690 seconds, Stopping threads took: 0.0000120 seconds
173.084: Application time: 0.0000450 seconds
173.084: [Full GC [PSYoungGen: 69120K->69119K(80384K)] [ParOldGen: 182782K->182782K(182784K)] 251902K->251902K(263168K) [PSPermGen: 13494K->13494K(21504K)], 0.0505560 secs] [Times: user=0.35 sys=0.00, real=0.05 secs] 
173.135: Total time for which application threads were stopped: 0.0509510 seconds, Stopping threads took: 0.0000140 seconds
173.135: Application time: 0.0000450 seconds
173.135: [Full GC [PSYoungGen: 69120K->69119K(80384K)] [ParOldGen: 182782K->182782K(182784K)] 251902K->251902K(263168K) [PSPermGen: 13494K->13494K(21504K)], 0.0506570 secs] [Times: user=0.35 sys=0.00, real=0.05 secs] 
173.186: Total time for which application threads were stopped: 0.0510420 seconds, Stopping threads took: 0.0000080 seconds
173.186: Application time: 0.0000720 seconds
173.187: [Full GC [PSYoungGen: 69119K->69119K(80384K)] [ParOldGen: 182783K->182782K(182784K)] 251903K->251901K(263168K) [PSPermGen: 13494K->13494K(21504K)], 0.0506550 secs] [Times: user=0.35 sys=0.00, real=0.06 secs] 
173.237: Total time for which application threads were stopped: 0.0510540 seconds, Stopping threads took: 0.0000180 seconds
173.237: Application time: 0.0000580 seconds
173.238: [Full GC [PSYoungGen: 69120K->69119K(80384K)] [ParOldGen: 182782K->182782K(182784K)] 251902K->251901K(263168K) [PSPermGen: 13494K->13494K(21504K)], 0.0507470 secs] [Times: user=0.35 sys=0.00, real=0.04 secs] 
173.288: Total time for which application threads were stopped: 0.0511480 seconds, Stopping threads took: 0.0000080 seconds
173.289: Application time: 0.0000470 seconds
173.289: [Full GC [PSYoungGen: 69120K->69119K(80384K)] [ParOldGen: 182782K->182782K(182784K)] 251902K->251902K(263168K) [PSPermGen: 13494K->13494K(21504K)], 0.0505980 secs] [Times: user=0.35 sys=0.00, real=0.05 secs] 
173.340: Total time for which application threads were stopped: 0.0510150 seconds, Stopping threads took: 0.0000070 seconds
173.340: Application time: 0.0000480 seconds
173.340: [Full GC [PSYoungGen: 69120K->69119K(80384K)] [ParOldGen: 182782K->182782K(182784K)] 251902K->251902K(263168K) [PSPermGen: 13494K->13494K(21504K)], 0.0507010 secs] [Times: user=0.35 sys=0.00, real=0.05 secs] 
173.391: Total time for which application threads were stopped: 0.0510890 seconds, Stopping threads took: 0.0000080 seconds
173.391: Application time: 0.0000340 seconds
173.391: [Full GC [PSYoungGen: 69119K->69119K(80384K)] [ParOldGen: 182782K->182782K(182784K)] 251902K->251902K(263168K) [PSPermGen: 13494K->13494K(21504K)], 0.0506620 secs] [Times: user=0.35 sys=0.00, real=0.05 secs] 
173.442: Total time for which application threads were stopped: 0.0510460 seconds, Stopping threads took: 0.0000070 seconds
173.442: Application time: 0.0000540 seconds
173.442: [Full GC [PSYoungGen: 69119K->69119K(80384K)] [ParOldGen: 182784K->182782K(182784K)] 251903K->251902K(263168K) [PSPermGen: 13494K->13494K(21504K)], 0.0508100 secs] [Times: user=0.35 sys=0.00, real=0.05 secs] 
173.493: Total time for which application threads were stopped: 0.0511990 seconds, Stopping threads took: 0.0000070 seconds
173.493: Application time: 0.0000350 seconds
173.493: [Full GC [PSYoungGen: 69120K->69119K(80384K)] [ParOldGen: 182782K->182782K(182784K)] 251902K->251902K(263168K) [PSPermGen: 13494K->13494K(21504K)], 0.0507960 secs] [Times: user=0.35 sys=0.00, real=0.05 secs] 
173.544: Total time for which application threads were stopped: 0.0511980 seconds, Stopping threads took: 0.0000190 seconds
173.544: Application time: 0.0000480 seconds
173.545: [Full GC [PSYoungGen: 69120K->69119K(80384K)] [ParOldGen: 182782K->182782K(182784K)] 251902K->251902K(263168K) [PSPermGen: 13494K->13494K(21504K)], 0.0527710 secs] [Times: user=0.37 sys=0.00, real=0.06 secs] 
173.598: Total time for which application threads were stopped: 0.0531860 seconds, Stopping threads took: 0.0000250 seconds
173.598: Application time: 0.0000430 seconds
173.598: [Full GC [PSYoungGen: 69120K->69119K(80384K)] [ParOldGen: 182782K->182782K(182784K)] 251902K->251902K(263168K) [PSPermGen: 13494K->13494K(21504K)], 0.0505060 secs] [Times: user=0.35 sys=0.00, real=0.04 secs] 
173.648: Total time for which application threads were stopped: 0.0508920 seconds, Stopping threads took: 0.0000110 seconds
173.649: Application time: 0.0000540 seconds
173.649: [Full GC [PSYoungGen: 69120K->69119K(80384K)] [ParOldGen: 182782K->182782K(182784K)] 251902K->251901K(263168K) [PSPermGen: 13494K->13494K(21504K)], 0.0506300 secs] [Times: user=0.35 sys=0.00, real=0.05 secs] 
173.700: Total time for which application threads were stopped: 0.0510430 seconds, Stopping threads took: 0.0000180 seconds
173.700: Application time: 0.0000570 seconds
173.700: [Full GC [PSYoungGen: 69120K->69119K(80384K)] [ParOldGen: 182782K->182782K(182784K)] 251902K->251902K(263168K) [PSPermGen: 13494K->13494K(21504K)], 0.0506670 secs] [Times: user=0.35 sys=0.00, real=0.05 secs] 
173.751: Total time for which application threads were stopped: 0.0510620 seconds, Stopping threads took: 0.0000100 seconds
173.751: Application time: 0.0000500 seconds
173.751: [Full GC [PSYoungGen: 69120K->69119K(80384K)] [ParOldGen: 182782K->182782K(182784K)] 251902K->251902K(263168K) [PSPermGen: 13494K->13494K(21504K)], 0.0506890 secs] [Times: user=0.35 sys=0.00, real=0.05 secs] 
173.802: Total time for which application threads were stopped: 0.0510790 seconds, Stopping threads took: 0.0000070 seconds
173.802: Application time: 0.0000440 seconds
173.802: [Full GC [PSYoungGen: 69120K->69119K(80384K)] [ParOldGen: 182782K->182782K(182784K)] 251902K->251902K(263168K) [PSPermGen: 13494K->13494K(21504K)], 0.0506510 secs] [Times: user=0.35 sys=0.00, real=0.05 secs] 
173.853: Total time for which application threads were stopped: 0.0510590 seconds, Stopping threads took: 0.0000070 seconds
173.853: Application time: 0.0000290 seconds
173.853: [Full GC [PSYoungGen: 69120K->69119K(80384K)] [ParOldGen: 182782K->182782K(182784K)] 251902K->251902K(263168K) [PSPermGen: 13494K->13494K(21504K)], 0.0507320 secs] [Times: user=0.34 sys=0.00, real=0.05 secs] 
173.904: Total time for which application threads were stopped: 0.0511180 seconds, Stopping threads took: 0.0000070 seconds
173.904: Application time: 0.0000470 seconds
173.904: [Full GC [PSYoungGen: 69120K->69119K(80384K)] [ParOldGen: 182782K->182782K(182784K)] 251902K->251902K(263168K) [PSPermGen: 13494K->13494K(21504K)], 0.0508280 secs] [Times: user=0.35 sys=0.00, real=0.05 secs] 
173.955: Total time for which application threads were stopped: 0.0512310 seconds, Stopping threads took: 0.0000070 seconds
173.955: Application time: 0.0000510 seconds
173.956: [Full GC [PSYoungGen: 69120K->69119K(80384K)] [ParOldGen: 182782K->182782K(182784K)] 251902K->251902K(263168K) [PSPermGen: 13494K->13494K(21504K)], 0.0505630 secs] [Times: user=0.35 sys=0.00, real=0.05 secs] 
174.006: Total time for which application threads were stopped: 0.0509490 seconds, Stopping threads took: 0.0000080 seconds
174.006: Application time: 0.0000420 seconds
174.007: [Full GC [PSYoungGen: 69120K->69119K(80384K)] [ParOldGen: 182782K->182782K(182784K)] 251902K->251902K(263168K) [PSPermGen: 13494K->13494K(21504K)], 0.0507390 secs] [Times: user=0.35 sys=0.00, real=0.06 secs] 
174.058: Total time for which application threads were stopped: 0.0511480 seconds, Stopping threads took: 0.0000120 seconds
174.058: Application time: 0.0000330 seconds
174.058: [Full GC [PSYoungGen: 69120K->69119K(80384K)] [ParOldGen: 182782K->182782K(182784K)] 251902K->251902K(263168K) [PSPermGen: 13494K->13494K(21504K)], 0.0502570 secs] [Times: user=0.35 sys=0.00, real=0.04 secs] 
174.108: Total time for which application threads were stopped: 0.0506410 seconds, Stopping threads took: 0.0000070 seconds
174.108: Application time: 0.0000360 seconds
174.109: [Full GC [PSYoungGen: 69120K->69119K(80384K)] [ParOldGen: 182782K->182782K(182784K)] 251902K->251902K(263168K) [PSPermGen: 13494K->13494K(21504K)], 0.0505970 secs] [Times: user=0.35 sys=0.01, real=0.06 secs] 
174.159: Total time for which application threads were stopped: 0.0509870 seconds, Stopping threads took: 0.0000080 seconds
174.159: Application time: 0.0000460 seconds
174.160: [Full GC [PSYoungGen: 69120K->69119K(80384K)] [ParOldGen: 182782K->182782K(182784K)] 251902K->251902K(263168K) [PSPermGen: 13494K->13494K(21504K)], 0.0517790 secs] [Times: user=0.36 sys=0.00, real=0.05 secs] 
174.211: Total time for which application threads were stopped: 0.0521730 seconds, Stopping threads took: 0.0000110 seconds
174.211: Application time: 0.0000440 seconds
174.212: [Full GC [PSYoungGen: 69120K->69119K(80384K)] [ParOldGen: 182782K->182782K(182784K)] 251902K->251902K(263168K) [PSPermGen: 13494K->13494K(21504K)], 0.0510170 secs] [Times: user=0.35 sys=0.00, real=0.05 secs] 
174.263: Total time for which application threads were stopped: 0.0514050 seconds, Stopping threads took: 0.0000120 seconds
174.263: Application time: 0.0000420 seconds
174.263: [Full GC [PSYoungGen: 69120K->69120K(80384K)] [ParOldGen: 182782K->182782K(182784K)] 251902K->251902K(263168K) [PSPermGen: 13494K->13494K(21504K)], 0.0522760 secs] [Times: user=0.37 sys=0.00, real=0.05 secs] 
174.316: Total time for which application threads were stopped: 0.0526640 seconds, Stopping threads took: 0.0000100 seconds
174.316: Application time: 0.0000630 seconds
174.316: [Full GC [PSYoungGen: 69120K->69119K(80384K)] [ParOldGen: 182784K->182782K(182784K)] 251904K->251902K(263168K) [PSPermGen: 13494K->13494K(21504K)], 0.0525440 secs] [Times: user=0.36 sys=0.00, real=0.06 secs] 
174.369: Total time for which application threads were stopped: 0.0529730 seconds, Stopping threads took: 0.0000080 seconds
174.369: Application time: 0.0000500 seconds
174.369: [Full GC [PSYoungGen: 69120K->69119K(80384K)] [ParOldGen: 182782K->182782K(182784K)] 251902K->251902K(263168K) [PSPermGen: 13494K->13494K(21504K)], 0.0523030 secs] [Times: user=0.36 sys=0.00, real=0.05 secs] 
174.421: Total time for which application threads were stopped: 0.0526870 seconds, Stopping threads took: 0.0000070 seconds
174.421: Application time: 0.0000780 seconds
174.422: [Full GC [PSYoungGen: 69120K->69119K(80384K)] [ParOldGen: 182782K->182782K(182784K)] 251902K->251902K(263168K) [PSPermGen: 13494K->13494K(21504K)], 0.0508530 secs] [Times: user=0.35 sys=0.00, real=0.05 secs] 
174.473: Total time for which application threads were stopped: 0.0512540 seconds, Stopping threads took: 0.0000130 seconds
174.473: Application time: 0.0000440 seconds
174.473: [Full GC [PSYoungGen: 69120K->69119K(80384K)] [ParOldGen: 182782K->182782K(182784K)] 251902K->251902K(263168K) [PSPermGen: 13494K->13494K(21504K)], 0.0504660 secs] [Times: user=0.35 sys=0.00, real=0.05 secs] 
174.524: Total time for which application threads were stopped: 0.0508580 seconds, Stopping threads took: 0.0000070 seconds
174.524: Application time: 0.0000370 seconds
174.524: [Full GC [PSYoungGen: 69119K->69119K(80384K)] [ParOldGen: 182782K->182782K(182784K)] 251902K->251902K(263168K) [PSPermGen: 13494K->13494K(21504K)], 0.0524880 secs] [Times: user=0.37 sys=0.00, real=0.05 secs] 
174.577: Total time for which application threads were stopped: 0.0528830 seconds, Stopping threads took: 0.0000140 seconds
174.577: Application time: 0.0000580 seconds
174.577: [Full GC [PSYoungGen: 69119K->69119K(80384K)] [ParOldGen: 182782K->182782K(182784K)] 251902K->251902K(263168K) [PSPermGen: 13494K->13494K(21504K)], 0.0506710 secs] [Times: user=0.35 sys=0.01, real=0.04 secs] 
174.628: Total time for which application threads were stopped: 0.0510670 seconds, Stopping threads took: 0.0000200 seconds
174.628: Application time: 0.0000750 seconds
174.628: [Full GC [PSYoungGen: 69119K->69119K(80384K)] [ParOldGen: 182783K->182783K(182784K)] 251903K->251902K(263168K) [PSPermGen: 13494K->13494K(21504K)], 0.0505900 secs] [Times: user=0.35 sys=0.00, real=0.06 secs] 
174.679: Total time for which application threads were stopped: 0.0509760 seconds, Stopping threads took: 0.0000070 seconds
174.679: Application time: 0.0000840 seconds
174.679: [Full GC [PSYoungGen: 69120K->69119K(80384K)] [ParOldGen: 182783K->182783K(182784K)] 251903K->251902K(263168K) [PSPermGen: 13494K->13494K(21504K)], 0.0509670 secs] [Times: user=0.35 sys=0.00, real=0.05 secs] 
174.730: Total time for which application threads were stopped: 0.0513560 seconds, Stopping threads took: 0.0000080 seconds
174.730: Application time: 0.0000700 seconds
174.731: [Full GC [PSYoungGen: 69120K->69119K(80384K)] [ParOldGen: 182783K->182783K(182784K)] 251903K->251902K(263168K) [PSPermGen: 13494K->13494K(21504K)], 0.0508040 secs] [Times: user=0.32 sys=0.02, real=0.05 secs] 
174.781: Total time for which application threads were stopped: 0.0511980 seconds, Stopping threads took: 0.0000090 seconds
174.781: Application time: 0.0000430 seconds
174.782: [Full GC [PSYoungGen: 69120K->69119K(80384K)] [ParOldGen: 182783K->182783K(182784K)] 251903K->251902K(263168K) [PSPermGen: 13494K->13494K(21504K)], 0.0507460 secs] [Times: user=0.35 sys=0.00, real=0.05 secs] 
174.833: Total time for which application threads were stopped: 0.0511400 seconds, Stopping threads took: 0.0000070 seconds
174.833: Application time: 0.0000310 seconds
174.833: [Full GC [PSYoungGen: 69120K->69119K(80384K)] [ParOldGen: 182783K->182783K(182784K)] 251903K->251902K(263168K) [PSPermGen: 13494K->13494K(21504K)], 0.0506890 secs] [Times: user=0.35 sys=0.01, real=0.05 secs] 
174.884: Total time for which application threads were stopped: 0.0511060 seconds, Stopping threads took: 0.0000060 seconds
174.884: Application time: 0.0000550 seconds
174.884: [Full GC [PSYoungGen: 69120K->69119K(80384K)] [ParOldGen: 182783K->182783K(182784K)] 251903K->251902K(263168K) [PSPermGen: 13494K->13494K(21504K)], 0.0530440 secs] [Times: user=0.37 sys=0.00, real=0.06 secs] 
174.937: Total time for which application threads were stopped: 0.0534340 seconds, Stopping threads took: 0.0000080 seconds
174.937: Application time: 0.0000490 seconds
174.938: [Full GC [PSYoungGen: 69120K->69119K(80384K)] [ParOldGen: 182783K->182782K(182784K)] 251903K->251902K(263168K) [PSPermGen: 13494K->13494K(21504K)], 0.0505800 secs] [Times: user=0.35 sys=0.00, real=0.04 secs] 
174.988: Total time for which application threads were stopped: 0.0509760 seconds, Stopping threads took: 0.0000080 seconds
174.988: Application time: 0.0000330 seconds
174.989: [Full GC [PSYoungGen: 69120K->69119K(80384K)] [ParOldGen: 182782K->182782K(182784K)] 251902K->251902K(263168K) [PSPermGen: 13494K->13494K(21504K)], 0.0503970 secs] [Times: user=0.35 sys=0.00, real=0.05 secs] 
175.039: Total time for which application threads were stopped: 0.0508050 seconds, Stopping threads took: 0.0000110 seconds
175.039: Application time: 0.0000440 seconds
175.039: [Full GC [PSYoungGen: 69120K->69119K(80384K)] [ParOldGen: 182782K->182782K(182784K)] 251902K->251902K(263168K) [PSPermGen: 13494K->13494K(21504K)], 0.0508990 secs] [Times: user=0.35 sys=0.00, real=0.05 secs] 
175.090: Total time for which application threads were stopped: 0.0512870 seconds, Stopping threads took: 0.0000090 seconds
175.090: Application time: 0.0000400 seconds
175.091: [Full GC [PSYoungGen: 69119K->69119K(80384K)] [ParOldGen: 182782K->182782K(182784K)] 251902K->251902K(263168K) [PSPermGen: 13494K->13494K(21504K)], 0.0504280 secs] [Times: user=0.35 sys=0.00, real=0.05 secs] 
175.141: Total time for which application threads were stopped: 0.0508180 seconds, Stopping threads took: 0.0000110 seconds
175.141: Application time: 0.0000420 seconds
175.142: [Full GC [PSYoungGen: 69120K->69119K(80384K)] [ParOldGen: 182782K->182782K(182784K)] 251902K->251902K(263168K) [PSPermGen: 13494K->13494K(21504K)], 0.0504620 secs] [Times: user=0.34 sys=0.00, real=0.05 secs] 
175.192: Total time for which application threads were stopped: 0.0508470 seconds, Stopping threads took: 0.0000090 seconds
175.192: Application time: 0.0000360 seconds
175.193: [Full GC [PSYoungGen: 69120K->69119K(80384K)] [ParOldGen: 182782K->182782K(182784K)] 251902K->251902K(263168K) [PSPermGen: 13494K->13494K(21504K)], 0.0507730 secs] [Times: user=0.34 sys=0.01, real=0.05 secs] 
175.243: Total time for which application threads were stopped: 0.0511640 seconds, Stopping threads took: 0.0000120 seconds
175.243: Application time: 0.0000530 seconds
175.244: [Full GC [PSYoungGen: 69120K->69119K(80384K)] [ParOldGen: 182783K->182783K(182784K)] 251903K->251902K(263168K) [PSPermGen: 13494K->13494K(21504K)], 0.0507710 secs] [Times: user=0.35 sys=0.00, real=0.05 secs] 
175.295: Total time for which application threads were stopped: 0.0511570 seconds, Stopping threads took: 0.0000060 seconds
175.295: Application time: 0.0000420 seconds
175.295: [Full GC [PSYoungGen: 69120K->69119K(80384K)] [ParOldGen: 182783K->182783K(182784K)] 251903K->251902K(263168K) [PSPermGen: 13494K->13494K(21504K)], 0.0524180 secs] [Times: user=0.37 sys=0.00, real=0.05 secs] 
175.347: Total time for which application threads were stopped: 0.0528010 seconds, Stopping threads took: 0.0000060 seconds
175.348: Application time: 0.0000350 seconds
175.348: [Full GC [PSYoungGen: 69120K->69119K(80384K)] [ParOldGen: 182783K->182783K(182784K)] 251903K->251902K(263168K) [PSPermGen: 13494K->13494K(21504K)], 0.0507050 secs] [Times: user=0.35 sys=0.00, real=0.06 secs] 
175.399: Total time for which application threads were stopped: 0.0511200 seconds, Stopping threads took: 0.0000080 seconds
175.399: Application time: 0.0000300 seconds
175.399: [Full GC [PSYoungGen: 69120K->69119K(80384K)] [ParOldGen: 182783K->182783K(182784K)] 251903K->251902K(263168K) [PSPermGen: 13494K->13494K(21504K)], 0.0505090 secs] [Times: user=0.35 sys=0.00, real=0.05 secs] 
175.450: Total time for which application threads were stopped: 0.0508950 seconds, Stopping threads took: 0.0000070 seconds
175.450: Application time: 0.0000340 seconds
175.450: [Full GC [PSYoungGen: 69120K->69119K(80384K)] [ParOldGen: 182783K->182783K(182784K)] 251903K->251902K(263168K) [PSPermGen: 13494K->13494K(21504K)], 0.0508960 secs] [Times: user=0.35 sys=0.00, real=0.05 secs] 
175.501: Total time for which application threads were stopped: 0.0512890 seconds, Stopping threads took: 0.0000120 seconds
175.501: Application time: 0.0000290 seconds
175.501: [Full GC [PSYoungGen: 69120K->69119K(80384K)] [ParOldGen: 182783K->182783K(182784K)] 251903K->251903K(263168K) [PSPermGen: 13494K->13494K(21504K)], 0.0507400 secs] [Times: user=0.35 sys=0.00, real=0.05 secs] 
175.552: Total time for which application threads were stopped: 0.0511370 seconds, Stopping threads took: 0.0000140 seconds
175.552: Application time: 0.0000430 seconds
175.552: [Full GC [PSYoungGen: 69120K->69119K(80384K)] [ParOldGen: 182783K->182783K(182784K)] 251903K->251903K(263168K) [PSPermGen: 13494K->13494K(21504K)], 0.0504470 secs] [Times: user=0.35 sys=0.00, real=0.05 secs] 
175.603: Total time for which application threads were stopped: 0.0508500 seconds, Stopping threads took: 0.0000090 seconds
175.603: Application time: 0.0000450 seconds
175.603: [Full GC [PSYoungGen: 69119K->69119K(80384K)] [ParOldGen: 182783K->182783K(182784K)] 251903K->251903K(263168K) [PSPermGen: 13494K->13494K(21504K)], 0.0507380 secs] [Times: user=0.35 sys=0.00, real=0.05 secs] 
175.654: Total time for which application threads were stopped: 0.0511280 seconds, Stopping threads took: 0.0000100 seconds
175.654: Application time: 0.0000320 seconds
175.654: [Full GC [PSYoungGen: 69120K->69119K(80384K)] [ParOldGen: 182783K->182783K(182784K)] 251903K->251903K(263168K) [PSPermGen: 13494K->13494K(21504K)], 0.0505570 secs] [Times: user=0.35 sys=0.00, real=0.05 secs] 
175.705: Total time for which application threads were stopped: 0.0509510 seconds, Stopping threads took: 0.0000130 seconds
175.705: Application time: 0.0000340 seconds
175.705: [Full GC [PSYoungGen: 69120K->69119K(80384K)] [ParOldGen: 182783K->182783K(182784K)] 251903K->251903K(263168K) [PSPermGen: 13494K->13494K(21504K)], 0.0503620 secs] [Times: user=0.35 sys=0.00, real=0.05 secs] 
175.756: Total time for which application threads were stopped: 0.0507510 seconds, Stopping threads took: 0.0000110 seconds
175.756: Application time: 0.0000390 seconds
175.756: [Full GC [PSYoungGen: 69120K->69119K(80384K)] [ParOldGen: 182783K->182783K(182784K)] 251903K->251903K(263168K) [PSPermGen: 13494K->13494K(21504K)], 0.0503450 secs] [Times: user=0.35 sys=0.00, real=0.05 secs] 
175.807: Total time for which application threads were stopped: 0.0507390 seconds, Stopping threads took: 0.0000080 seconds
175.807: Application time: 0.0000580 seconds
175.807: [Full GC [PSYoungGen: 69120K->69119K(80384K)] [ParOldGen: 182783K->182783K(182784K)] 251903K->251902K(263168K) [PSPermGen: 13494K->13494K(21504K)], 0.0507110 secs] [Times: user=0.35 sys=0.00, real=0.06 secs] 
175.858: Total time for which application threads were stopped: 0.0511030 seconds, Stopping threads took: 0.0000090 seconds
175.858: Application time: 0.0000370 seconds
175.858: [Full GC [PSYoungGen: 69120K->69119K(80384K)] [ParOldGen: 182783K->182783K(182784K)] 251903K->251902K(263168K) [PSPermGen: 13494K->13494K(21504K)], 0.0510910 secs] [Times: user=0.36 sys=0.00, real=0.05 secs] 
175.909: Total time for which application threads were stopped: 0.0515020 seconds, Stopping threads took: 0.0000080 seconds
175.909: Application time: 0.0000590 seconds
175.910: [Full GC [PSYoungGen: 69119K->69119K(80384K)] [ParOldGen: 182783K->182783K(182784K)] 251903K->251903K(263168K) [PSPermGen: 13494K->13494K(21504K)], 0.0505720 secs] [Times: user=0.35 sys=0.00, real=0.05 secs] 
175.960: Total time for which application threads were stopped: 0.0509680 seconds, Stopping threads took: 0.0000130 seconds
175.960: Application time: 0.0000440 seconds
175.961: [Full GC [PSYoungGen: 69119K->69119K(80384K)] [ParOldGen: 182783K->182783K(182784K)] 251903K->251902K(263168K) [PSPermGen: 13494K->13494K(21504K)], 0.0505790 secs] [Times: user=0.35 sys=0.00, real=0.05 secs] 
176.011: Total time for which application threads were stopped: 0.0509890 seconds, Stopping threads took: 0.0000070 seconds
176.011: Application time: 0.0000360 seconds
176.012: [Full GC [PSYoungGen: 69120K->69119K(80384K)] [ParOldGen: 182783K->182783K(182784K)] 251903K->251902K(263168K) [PSPermGen: 13494K->13494K(21504K)], 0.0506840 secs] [Times: user=0.35 sys=0.00, real=0.05 secs] 
176.063: Total time for which application threads were stopped: 0.0510700 seconds, Stopping threads took: 0.0000070 seconds
176.063: Application time: 0.0000420 seconds
176.063: [Full GC [PSYoungGen: 69120K->69119K(80384K)] [ParOldGen: 182783K->182782K(182784K)] 251903K->251902K(263168K) [PSPermGen: 13494K->13494K(21504K)], 0.0506170 secs] [Times: user=0.35 sys=0.00, real=0.05 secs] 
176.114: Total time for which application threads were stopped: 0.0510090 seconds, Stopping threads took: 0.0000090 seconds
176.114: Application time: 0.0000490 seconds
176.114: [Full GC [PSYoungGen: 69120K->69119K(80384K)] [ParOldGen: 182784K->182783K(182784K)] 251904K->251902K(263168K) [PSPermGen: 13494K->13494K(21504K)], 0.0519420 secs] [Times: user=0.36 sys=0.00, real=0.05 secs] 
176.166: Total time for which application threads were stopped: 0.0523300 seconds, Stopping threads took: 0.0000080 seconds
176.166: Application time: 0.0000350 seconds
176.166: [Full GC [PSYoungGen: 69120K->69119K(80384K)] [ParOldGen: 182783K->182783K(182784K)] 251903K->251902K(263168K) [PSPermGen: 13494K->13494K(21504K)], 0.0507320 secs] [Times: user=0.35 sys=0.00, real=0.06 secs] 
176.217: Total time for which application threads were stopped: 0.0511220 seconds, Stopping threads took: 0.0000110 seconds
176.217: Application time: 0.0000280 seconds
176.217: [Full GC [PSYoungGen: 69120K->69119K(80384K)] [ParOldGen: 182783K->182783K(182784K)] 251903K->251903K(263168K) [PSPermGen: 13494K->13494K(21504K)], 0.0507790 secs] [Times: user=0.35 sys=0.00, real=0.04 secs] 
176.268: Total time for which application threads were stopped: 0.0511790 seconds, Stopping threads took: 0.0000130 seconds
176.268: Application time: 0.0000290 seconds
176.269: [Full GC [PSYoungGen: 69119K->69119K(80384K)] [ParOldGen: 182783K->182783K(182784K)] 251903K->251903K(263168K) [PSPermGen: 13494K->13494K(21504K)], 0.0517760 secs] [Times: user=0.36 sys=0.00, real=0.05 secs] 
176.321: Total time for which application threads were stopped: 0.0521750 seconds, Stopping threads took: 0.0000100 seconds
176.321: Application time: 0.0000400 seconds
176.321: [Full GC [PSYoungGen: 69119K->69119K(80384K)] [ParOldGen: 182783K->182783K(182784K)] 251903K->251903K(263168K) [PSPermGen: 13494K->13494K(21504K)], 0.0509160 secs] [Times: user=0.35 sys=0.01, real=0.05 secs] 
176.372: Total time for which application threads were stopped: 0.0513070 seconds, Stopping threads took: 0.0000100 seconds
176.372: Application time: 0.0000420 seconds
176.372: [Full GC [PSYoungGen: 69119K->69119K(80384K)] [ParOldGen: 182784K->182783K(182784K)] 251903K->251903K(263168K) [PSPermGen: 13494K->13494K(21504K)], 0.0505170 secs] [Times: user=0.35 sys=0.00, real=0.05 secs] 
176.423: Total time for which application threads were stopped: 0.0509480 seconds, Stopping threads took: 0.0000130 seconds
176.423: Application time: 0.0000410 seconds
176.423: [Full GC [PSYoungGen: 69119K->69119K(80384K)] [ParOldGen: 182783K->182783K(182784K)] 251903K->251903K(263168K) [PSPermGen: 13494K->13494K(21504K)], 0.0509500 secs] [Times: user=0.35 sys=0.00, real=0.05 secs] 
176.474: Total time for which application threads were stopped: 0.0513510 seconds, Stopping threads took: 0.0000180 seconds
176.474: Application time: 0.0000280 seconds
176.475: [Full GC [PSYoungGen: 69120K->69119K(80384K)] [ParOldGen: 182783K->182783K(182784K)] 251903K->251903K(263168K) [PSPermGen: 13494K->13494K(21504K)], 0.0506370 secs] [Times: user=0.35 sys=0.00, real=0.05 secs] 
176.525: Total time for which application threads were stopped: 0.0510270 seconds, Stopping threads took: 0.0000130 seconds
176.525: Application time: 0.0000320 seconds
176.526: [Full GC [PSYoungGen: 69119K->69119K(80384K)] [ParOldGen: 182783K->182783K(182784K)] 251903K->251903K(263168K) [PSPermGen: 13494K->13494K(21504K)], 0.0507680 secs] [Times: user=0.35 sys=0.00, real=0.05 secs] 
176.577: Total time for which application threads were stopped: 0.0511530 seconds, Stopping threads took: 0.0000070 seconds
176.577: Application time: 0.0000640 seconds
176.577: [Full GC [PSYoungGen: 69119K->69119K(80384K)] [ParOldGen: 182784K->182783K(182784K)] 251903K->251902K(263168K) [PSPermGen: 13494K->13494K(21504K)], 0.0511690 secs] [Times: user=0.35 sys=0.00, real=0.04 secs] 
176.628: Total time for which application threads were stopped: 0.0515700 seconds, Stopping threads took: 0.0000210 seconds
176.628: Application time: 0.0000470 seconds
176.629: [Full GC [PSYoungGen: 69120K->69119K(80384K)] [ParOldGen: 182783K->182783K(182784K)] 251903K->251902K(263168K) [PSPermGen: 13494K->13494K(21504K)], 0.0509180 secs] [Times: user=0.35 sys=0.00, real=0.06 secs] 
176.680: Total time for which application threads were stopped: 0.0513200 seconds, Stopping threads took: 0.0000090 seconds
176.680: Application time: 0.0000440 seconds
176.680: [Full GC [PSYoungGen: 69120K->69119K(80384K)] [ParOldGen: 182783K->182783K(182784K)] 251903K->251903K(263168K) [PSPermGen: 13494K->13494K(21504K)], 0.0525150 secs] [Times: user=0.36 sys=0.00, real=0.05 secs] 
176.732: Total time for which application threads were stopped: 0.0529160 seconds, Stopping threads took: 0.0000190 seconds
176.733: Application time: 0.0000420 seconds
176.733: [Full GC [PSYoungGen: 69120K->69119K(80384K)] [ParOldGen: 182783K->182783K(182784K)] 251903K->251903K(263168K) [PSPermGen: 13494K->13494K(21504K)], 0.0504480 secs] [Times: user=0.35 sys=0.01, real=0.05 secs] 
176.783: Total time for which application threads were stopped: 0.0508440 seconds, Stopping threads took: 0.0000070 seconds
176.783: Application time: 0.0000940 seconds
176.784: [Full GC [PSYoungGen: 69119K->69119K(80384K)] [ParOldGen: 182783K->182783K(182784K)] 251903K->251903K(263168K) [PSPermGen: 13494K->13494K(21504K)], 0.0506850 secs] [Times: user=0.35 sys=0.00, real=0.05 secs] 
176.835: Total time for which application threads were stopped: 0.0510730 seconds, Stopping threads took: 0.0000080 seconds
176.835: Application time: 0.0000380 seconds
176.835: [Full GC [PSYoungGen: 69120K->69119K(80384K)] [ParOldGen: 182783K->182783K(182784K)] 251903K->251903K(263168K) [PSPermGen: 13494K->13494K(21504K)], 0.0508780 secs] [Times: user=0.35 sys=0.00, real=0.05 secs] 
176.886: Total time for which application threads were stopped: 0.0513060 seconds, Stopping threads took: 0.0000110 seconds
176.886: Application time: 0.0000430 seconds
176.886: [Full GC [PSYoungGen: 69120K->69119K(80384K)] [ParOldGen: 182783K->182783K(182784K)] 251903K->251903K(263168K) [PSPermGen: 13494K->13494K(21504K)], 0.0509120 secs] [Times: user=0.35 sys=0.00, real=0.06 secs] 
176.937: Total time for which application threads were stopped: 0.0514050 seconds, Stopping threads took: 0.0000140 seconds
176.937: Application time: 0.0000290 seconds
176.938: [Full GC [PSYoungGen: 69120K->69120K(80384K)] [ParOldGen: 182783K->182783K(182784K)] 251903K->251903K(263168K) [PSPermGen: 13494K->13494K(21504K)], 0.0505470 secs] [Times: user=0.35 sys=0.00, real=0.04 secs] 
176.988: Total time for which application threads were stopped: 0.0509400 seconds, Stopping threads took: 0.0000110 seconds
176.988: Application time: 0.0000400 seconds
176.989: [Full GC [PSYoungGen: 69120K->69119K(80384K)] [ParOldGen: 182783K->182783K(182784K)] 251903K->251903K(263168K) [PSPermGen: 13494K->13494K(21504K)], 0.0506430 secs] [Times: user=0.35 sys=0.00, real=0.05 secs] 
177.039: Total time for which application threads were stopped: 0.0510470 seconds, Stopping threads took: 0.0000110 seconds
177.039: Application time: 0.0000320 seconds
177.040: [Full GC [PSYoungGen: 69120K->69119K(80384K)] [ParOldGen: 182783K->182783K(182784K)] 251903K->251903K(263168K) [PSPermGen: 13494K->13494K(21504K)], 0.0520610 secs] [Times: user=0.36 sys=0.00, real=0.05 secs] 
177.092: Total time for which application threads were stopped: 0.0524540 seconds, Stopping threads took: 0.0000110 seconds
177.092: Application time: 0.0000330 seconds
177.092: [Full GC [PSYoungGen: 69120K->69119K(80384K)] [ParOldGen: 182783K->182783K(182784K)] 251903K->251903K(263168K) [PSPermGen: 13494K->13494K(21504K)], 0.0505840 secs] [Times: user=0.35 sys=0.00, real=0.05 secs] 
177.143: Total time for which application threads were stopped: 0.0509860 seconds, Stopping threads took: 0.0000140 seconds
177.143: Application time: 0.0000450 seconds
177.143: [Full GC [PSYoungGen: 69120K->69119K(80384K)] [ParOldGen: 182783K->182783K(182784K)] 251903K->251903K(263168K) [PSPermGen: 13494K->13494K(21504K)], 0.0507850 secs] [Times: user=0.35 sys=0.00, real=0.05 secs] 
177.194: Total time for which application threads were stopped: 0.0511780 seconds, Stopping threads took: 0.0000070 seconds
177.194: Application time: 0.0000510 seconds
177.195: [Full GC [PSYoungGen: 69120K->69119K(80384K)] [ParOldGen: 182783K->182783K(182784K)] 251903K->251903K(263168K) [PSPermGen: 13494K->13494K(21504K)], 0.0504300 secs] [Times: user=0.35 sys=0.00, real=0.05 secs] 
177.245: Total time for which application threads were stopped: 0.0508500 seconds, Stopping threads took: 0.0000360 seconds
177.245: Application time: 0.0000360 seconds
177.245: [Full GC [PSYoungGen: 69120K->69119K(80384K)] [ParOldGen: 182783K->182783K(182784K)] 251903K->251903K(263168K) [PSPermGen: 13494K->13494K(21504K)], 0.0508080 secs] [Times: user=0.35 sys=0.00, real=0.05 secs] 
177.296: Total time for which application threads were stopped: 0.0512060 seconds, Stopping threads took: 0.0000210 seconds
177.296: Application time: 0.0000450 seconds
177.297: [Full GC [PSYoungGen: 69120K->69119K(80384K)] [ParOldGen: 182783K->182783K(182784K)] 251903K->251903K(263168K) [PSPermGen: 13494K->13494K(21504K)], 0.0505380 secs] [Times: user=0.35 sys=0.00, real=0.04 secs] 
177.347: Total time for which application threads were stopped: 0.0509430 seconds, Stopping threads took: 0.0000120 seconds
177.347: Application time: 0.0000360 seconds
177.348: [Full GC [PSYoungGen: 69120K->69119K(80384K)] [ParOldGen: 182783K->182783K(182784K)] 251903K->251903K(263168K) [PSPermGen: 13494K->13494K(21504K)], 0.0506340 secs] [Times: user=0.34 sys=0.00, real=0.06 secs] 
177.398: Total time for which application threads were stopped: 0.0510430 seconds, Stopping threads took: 0.0000320 seconds
177.398: Application time: 0.0000420 seconds
177.399: [Full GC [PSYoungGen: 69119K->69119K(80384K)] [ParOldGen: 182783K->182783K(182784K)] 251903K->251903K(263168K) [PSPermGen: 13494K->13494K(21504K)], 0.0523250 secs] [Times: user=0.36 sys=0.00, real=0.05 secs] 
177.451: Total time for which application threads were stopped: 0.0527440 seconds, Stopping threads took: 0.0000110 seconds
177.451: Application time: 0.0000440 seconds
177.452: [Full GC [PSYoungGen: 69119K->69119K(80384K)] [ParOldGen: 182784K->182783K(182784K)] 251903K->251903K(263168K) [PSPermGen: 13494K->13494K(21504K)], 0.0511020 secs] [Times: user=0.35 sys=0.00, real=0.05 secs] 
177.503: Total time for which application threads were stopped: 0.0514860 seconds, Stopping threads took: 0.0000070 seconds
177.503: Application time: 0.0000350 seconds
177.503: [Full GC [PSYoungGen: 69120K->69119K(80384K)] [ParOldGen: 182783K->182783K(182784K)] 251903K->251903K(263168K) [PSPermGen: 13494K->13494K(21504K)], 0.0507130 secs] [Times: user=0.35 sys=0.00, real=0.05 secs] 
177.554: Total time for which application threads were stopped: 0.0511090 seconds, Stopping threads took: 0.0000090 seconds
177.554: Application time: 0.0000450 seconds
177.554: [Full GC [PSYoungGen: 69120K->69119K(80384K)] [ParOldGen: 182783K->182783K(182784K)] 251903K->251903K(263168K) [PSPermGen: 13494K->13494K(21504K)], 0.0508540 secs] [Times: user=0.36 sys=0.00, real=0.05 secs] 
177.605: Total time for which application threads were stopped: 0.0512440 seconds, Stopping threads took: 0.0000090 seconds
177.605: Application time: 0.0000500 seconds
177.605: [Full GC [PSYoungGen: 69120K->69119K(80384K)] [ParOldGen: 182783K->182783K(182784K)] 251903K->251903K(263168K) [PSPermGen: 13494K->13494K(21504K)], 0.0508390 secs] [Times: user=0.35 sys=0.00, real=0.05 secs] 
177.656: Total time for which application threads were stopped: 0.0512270 seconds, Stopping threads took: 0.0000080 seconds
177.656: Application time: 0.0000490 seconds
177.657: [Full GC [PSYoungGen: 69119K->69119K(80384K)] [ParOldGen: 182783K->182783K(182784K)] 251903K->251903K(263168K) [PSPermGen: 13494K->13494K(21504K)], 0.0507890 secs] [Times: user=0.35 sys=0.00, real=0.04 secs] 
177.708: Total time for which application threads were stopped: 0.0511980 seconds, Stopping threads took: 0.0000160 seconds
177.708: Application time: 0.0000430 seconds
177.708: [Full GC [PSYoungGen: 69120K->69119K(80384K)] [ParOldGen: 182783K->182783K(182784K)] 251903K->251903K(263168K) [PSPermGen: 13494K->13494K(21504K)], 0.0510400 secs] [Times: user=0.35 sys=0.00, real=0.06 secs] 
177.759: Total time for which application threads were stopped: 0.0514420 seconds, Stopping threads took: 0.0000120 seconds
177.759: Application time: 0.0000580 seconds
177.760: [Full GC [PSYoungGen: 69120K->69119K(80384K)] [ParOldGen: 182783K->182783K(182784K)] 251903K->251903K(263168K) [PSPermGen: 13494K->13494K(21504K)], 0.0506670 secs] [Times: user=0.35 sys=0.01, real=0.05 secs] 
177.810: Total time for which application threads were stopped: 0.0510540 seconds, Stopping threads took: 0.0000080 seconds
177.810: Application time: 0.0000380 seconds
177.811: [Full GC [PSYoungGen: 69119K->69119K(80384K)] [ParOldGen: 182783K->182783K(182784K)] 251903K->251902K(263168K) [PSPermGen: 13494K->13494K(21504K)], 0.0507770 secs] [Times: user=0.34 sys=0.00, real=0.05 secs] 
177.861: Total time for which application threads were stopped: 0.0511640 seconds, Stopping threads took: 0.0000120 seconds
177.862: Application time: 0.0000630 seconds
177.862: [Full GC [PSYoungGen: 69120K->69119K(80384K)] [ParOldGen: 182783K->182783K(182784K)] 251903K->251903K(263168K) [PSPermGen: 13494K->13494K(21504K)], 0.0509560 secs] [Times: user=0.35 sys=0.00, real=0.05 secs] 
177.913: Total time for which application threads were stopped: 0.0513420 seconds, Stopping threads took: 0.0000080 seconds
177.913: Application time: 0.0000580 seconds
177.913: [Full GC [PSYoungGen: 69120K->69119K(80384K)] [ParOldGen: 182783K->182783K(182784K)] 251903K->251902K(263168K) [PSPermGen: 13494K->13494K(21504K)], 0.0505060 secs] [Times: user=0.35 sys=0.01, real=0.05 secs] 
177.964: Total time for which application threads were stopped: 0.0509200 seconds, Stopping threads took: 0.0000100 seconds
177.964: Application time: 0.0000560 seconds
177.964: [Full GC [PSYoungGen: 69120K->69119K(80384K)] [ParOldGen: 182783K->182783K(182784K)] 251903K->251902K(263168K) [PSPermGen: 13494K->13494K(21504K)], 0.0504380 secs] [Times: user=0.35 sys=0.00, real=0.05 secs] 
178.015: Total time for which application threads were stopped: 0.0508370 seconds, Stopping threads took: 0.0000090 seconds
178.015: Application time: 0.0000390 seconds
178.015: [Full GC [PSYoungGen: 69120K->69119K(80384K)] [ParOldGen: 182783K->182783K(182784K)] 251903K->251902K(263168K) [PSPermGen: 13494K->13494K(21504K)], 0.0506970 secs] [Times: user=0.35 sys=0.00, real=0.05 secs] 
178.066: Total time for which application threads were stopped: 0.0510880 seconds, Stopping threads took: 0.0000100 seconds
178.066: Application time: 0.0000510 seconds
178.066: [Full GC [PSYoungGen: 69120K->69119K(80384K)] [ParOldGen: 182783K->182783K(182784K)] 251903K->251902K(263168K) [PSPermGen: 13494K->13494K(21504K)], 0.0519990 secs] [Times: user=0.37 sys=0.00, real=0.06 secs] 
178.118: Total time for which application threads were stopped: 0.0523870 seconds, Stopping threads took: 0.0000080 seconds
178.118: Application time: 0.0000640 seconds
178.119: [Full GC [PSYoungGen: 69120K->69119K(80384K)] [ParOldGen: 182783K->182783K(182784K)] 251903K->251902K(263168K) [PSPermGen: 13494K->13494K(21504K)], 0.0510300 secs] [Times: user=0.35 sys=0.00, real=0.05 secs] 
178.170: Total time for which application threads were stopped: 0.0514370 seconds, Stopping threads took: 0.0000230 seconds
178.170: Application time: 0.0000410 seconds
178.170: [Full GC [PSYoungGen: 69119K->69119K(80384K)] [ParOldGen: 182783K->182782K(182784K)] 251903K->251902K(263168K) [PSPermGen: 13494K->13494K(21504K)], 0.0504460 secs] [Times: user=0.35 sys=0.00, real=0.05 secs] 
178.221: Total time for which application threads were stopped: 0.0508380 seconds, Stopping threads took: 0.0000120 seconds
178.221: Application time: 0.0000860 seconds
178.221: [Full GC [PSYoungGen: 69120K->69119K(80384K)] [ParOldGen: 182782K->182782K(182784K)] 251902K->251902K(263168K) [PSPermGen: 13494K->13494K(21504K)], 0.0503800 secs] [Times: user=0.35 sys=0.00, real=0.05 secs] 
178.272: Total time for which application threads were stopped: 0.0507660 seconds, Stopping threads took: 0.0000080 seconds
178.272: Application time: 0.0000370 seconds
178.272: [Full GC [PSYoungGen: 69119K->69119K(80384K)] [ParOldGen: 182782K->182782K(182784K)] 251902K->251902K(263168K) [PSPermGen: 13494K->13494K(21504K)], 0.0502890 secs] [Times: user=0.35 sys=0.00, real=0.05 secs] 
178.322: Total time for which application threads were stopped: 0.0506990 seconds, Stopping threads took: 0.0000210 seconds
178.322: Application time: 0.0000290 seconds
178.323: [Full GC [PSYoungGen: 69119K->69119K(80384K)] [ParOldGen: 182782K->182782K(182784K)] 251902K->251902K(263168K) [PSPermGen: 13494K->13494K(21504K)], 0.0504130 secs] [Times: user=0.35 sys=0.00, real=0.05 secs] 
178.373: Total time for which application threads were stopped: 0.0508030 seconds, Stopping threads took: 0.0000110 seconds
178.373: Application time: 0.0000490 seconds
178.373: [Full GC [PSYoungGen: 69119K->69119K(80384K)] [ParOldGen: 182783K->182783K(182784K)] 251903K->251902K(263168K) [PSPermGen: 13494K->13494K(21504K)], 0.0505420 secs] [Times: user=0.34 sys=0.00, real=0.05 secs] 
178.424: Total time for which application threads were stopped: 0.0509300 seconds, Stopping threads took: 0.0000100 seconds
178.424: Application time: 0.0000550 seconds
178.425: [Full GC [PSYoungGen: 69120K->69119K(80384K)] [ParOldGen: 182783K->182783K(182784K)] 251903K->251902K(263168K) [PSPermGen: 13494K->13494K(21504K)], 0.0504750 secs] [Times: user=0.35 sys=0.00, real=0.05 secs] 
178.475: Total time for which application threads were stopped: 0.0509040 seconds, Stopping threads took: 0.0000210 seconds
178.475: Application time: 0.0000380 seconds
178.475: [Full GC [PSYoungGen: 69120K->69119K(80384K)] [ParOldGen: 182783K->182782K(182784K)] 251903K->251902K(263168K) [PSPermGen: 13494K->13494K(21504K)], 0.0506810 secs] [Times: user=0.35 sys=0.00, real=0.05 secs] 
178.526: Total time for which application threads were stopped: 0.0510860 seconds, Stopping threads took: 0.0000070 seconds
178.526: Application time: 0.0000610 seconds
178.527: [Full GC [PSYoungGen: 69120K->69119K(80384K)] [ParOldGen: 182782K->182782K(182784K)] 251902K->251902K(263168K) [PSPermGen: 13494K->13494K(21504K)], 0.0505200 secs] [Times: user=0.35 sys=0.00, real=0.06 secs] 
178.577: Total time for which application threads were stopped: 0.0509140 seconds, Stopping threads took: 0.0000190 seconds
178.577: Application time: 0.0000330 seconds
178.578: [Full GC [PSYoungGen: 69120K->69119K(80384K)] [ParOldGen: 182782K->182782K(182784K)] 251902K->251902K(263168K) [PSPermGen: 13494K->13494K(21504K)], 0.0508490 secs] [Times: user=0.35 sys=0.00, real=0.04 secs] 
178.628: Total time for which application threads were stopped: 0.0512370 seconds, Stopping threads took: 0.0000130 seconds
178.628: Application time: 0.0000530 seconds
178.629: [Full GC [PSYoungGen: 69120K->69119K(80384K)] [ParOldGen: 182782K->182782K(182784K)] 251902K->251902K(263168K) [PSPermGen: 13494K->13494K(21504K)], 0.0505560 secs] [Times: user=0.35 sys=0.00, real=0.05 secs] 
178.679: Total time for which application threads were stopped: 0.0509540 seconds, Stopping threads took: 0.0000120 seconds
178.679: Application time: 0.0000570 seconds
178.680: [Full GC [PSYoungGen: 69120K->69119K(80384K)] [ParOldGen: 182783K->182783K(182784K)] 251903K->251902K(263168K) [PSPermGen: 13494K->13494K(21504K)], 0.0523260 secs] [Times: user=0.37 sys=0.00, real=0.05 secs] 
178.732: Total time for which application threads were stopped: 0.0527120 seconds, Stopping threads took: 0.0000080 seconds
178.732: Application time: 0.0000530 seconds
178.733: [Full GC [PSYoungGen: 69120K->69119K(80384K)] [ParOldGen: 182783K->182782K(182784K)] 251903K->251902K(263168K) [PSPermGen: 13494K->13494K(21504K)], 0.0505270 secs] [Times: user=0.35 sys=0.00, real=0.05 secs] 
178.783: Total time for which application threads were stopped: 0.0509140 seconds, Stopping threads took: 0.0000060 seconds
178.783: Application time: 0.0000400 seconds
178.784: [Full GC [PSYoungGen: 69120K->69119K(80384K)] [ParOldGen: 182782K->182782K(182784K)] 251902K->251902K(263168K) [PSPermGen: 13494K->13494K(21504K)], 0.0507550 secs] [Times: user=0.35 sys=0.00, real=0.05 secs] 
178.834: Total time for which application threads were stopped: 0.0511480 seconds, Stopping threads took: 0.0000070 seconds
178.834: Application time: 0.0000530 seconds
178.835: [Full GC [PSYoungGen: 69120K->69119K(80384K)] [ParOldGen: 182782K->182782K(182784K)] 251902K->251902K(263168K) [PSPermGen: 13494K->13494K(21504K)], 0.0506260 secs] [Times: user=0.35 sys=0.00, real=0.05 secs] 
178.885: Total time for which application threads were stopped: 0.0510240 seconds, Stopping threads took: 0.0000080 seconds
178.885: Application time: 0.0000510 seconds
178.886: [Full GC [PSYoungGen: 69120K->69119K(80384K)] [ParOldGen: 182782K->182782K(182784K)] 251902K->251902K(263168K) [PSPermGen: 13494K->13494K(21504K)], 0.0508740 secs] [Times: user=0.35 sys=0.00, real=0.06 secs] 
178.937: Total time for which application threads were stopped: 0.0513670 seconds, Stopping threads took: 0.0000080 seconds
178.937: Application time: 0.0000360 seconds
178.937: [Full GC [PSYoungGen: 69120K->69119K(80384K)] [ParOldGen: 182782K->182782K(182784K)] 251902K->251902K(263168K) [PSPermGen: 13494K->13494K(21504K)], 0.0508940 secs] [Times: user=0.35 sys=0.00, real=0.04 secs] 
178.988: Total time for which application threads were stopped: 0.0513050 seconds, Stopping threads took: 0.0000070 seconds
178.988: Application time: 0.0000290 seconds
178.989: [Full GC [PSYoungGen: 69120K->69119K(80384K)] [ParOldGen: 182782K->182782K(182784K)] 251902K->251902K(263168K) [PSPermGen: 13494K->13494K(21504K)], 0.0505390 secs] [Times: user=0.35 sys=0.00, real=0.06 secs] 
179.039: Total time for which application threads were stopped: 0.0509300 seconds, Stopping threads took: 0.0000100 seconds
179.039: Application time: 0.0000310 seconds
179.040: [Full GC [PSYoungGen: 69119K->69119K(80384K)] [ParOldGen: 182782K->182782K(182784K)] 251902K->251902K(263168K) [PSPermGen: 13494K->13494K(21504K)], 0.0506330 secs] [Times: user=0.35 sys=0.00, real=0.05 secs] 
179.090: Total time for which application threads were stopped: 0.0510450 seconds, Stopping threads took: 0.0000110 seconds
179.090: Application time: 0.0000340 seconds
179.091: [Full GC [PSYoungGen: 69120K->69119K(80384K)] [ParOldGen: 182782K->182782K(182784K)] 251902K->251902K(263168K) [PSPermGen: 13494K->13494K(21504K)], 0.0507090 secs] [Times: user=0.35 sys=0.00, real=0.05 secs] 
179.141: Total time for which application threads were stopped: 0.0510980 seconds, Stopping threads took: 0.0000120 seconds
179.141: Application time: 0.0000290 seconds
179.142: [Full GC [PSYoungGen: 69120K->69119K(80384K)] [ParOldGen: 182782K->182782K(182784K)] 251902K->251902K(263168K) [PSPermGen: 13494K->13494K(21504K)], 0.0506570 secs] [Times: user=0.35 sys=0.00, real=0.05 secs] 
179.192: Total time for which application threads were stopped: 0.0510530 seconds, Stopping threads took: 0.0000140 seconds
179.192: Application time: 0.0000350 seconds
179.193: [Full GC [PSYoungGen: 69119K->69119K(80384K)] [ParOldGen: 182782K->182782K(182784K)] 251902K->251902K(263168K) [PSPermGen: 13494K->13494K(21504K)], 0.0508100 secs] [Times: user=0.36 sys=0.00, real=0.05 secs] 
179.244: Total time for which application threads were stopped: 0.0512070 seconds, Stopping threads took: 0.0000100 seconds
179.244: Application time: 0.0000680 seconds
179.244: [Full GC [PSYoungGen: 69120K->69119K(80384K)] [ParOldGen: 182783K->182783K(182784K)] 251903K->251902K(263168K) [PSPermGen: 13494K->13494K(21504K)], 0.0505040 secs] [Times: user=0.35 sys=0.00, real=0.05 secs] 
179.295: Total time for which application threads were stopped: 0.0509030 seconds, Stopping threads took: 0.0000130 seconds
179.295: Application time: 0.0000480 seconds
179.295: [Full GC [PSYoungGen: 69120K->69119K(80384K)] [ParOldGen: 182783K->182783K(182784K)] 251903K->251902K(263168K) [PSPermGen: 13494K->13494K(21504K)], 0.0502170 secs] [Times: user=0.34 sys=0.00, real=0.05 secs] 
179.345: Total time for which application threads were stopped: 0.0506080 seconds, Stopping threads took: 0.0000070 seconds
179.345: Application time: 0.0000420 seconds
179.346: [Full GC [PSYoungGen: 69120K->69119K(80384K)] [ParOldGen: 182783K->182783K(182784K)] 251903K->251903K(263168K) [PSPermGen: 13494K->13494K(21504K)], 0.0505550 secs] [Times: user=0.35 sys=0.00, real=0.05 secs] 
179.396: Total time for which application threads were stopped: 0.0509550 seconds, Stopping threads took: 0.0000080 seconds
179.396: Application time: 0.0000530 seconds
179.397: [Full GC [PSYoungGen: 69120K->69119K(80384K)] [ParOldGen: 182783K->182783K(182784K)] 251903K->251903K(263168K) [PSPermGen: 13494K->13494K(21504K)], 0.0505260 secs] [Times: user=0.35 sys=0.00, real=0.04 secs] 
179.447: Total time for which application threads were stopped: 0.0509270 seconds, Stopping threads took: 0.0000080 seconds
179.447: Application time: 0.0000290 seconds
179.448: [Full GC [PSYoungGen: 69120K->69119K(80384K)] [ParOldGen: 182783K->182783K(182784K)] 251903K->251903K(263168K) [PSPermGen: 13494K->13494K(21504K)], 0.0507580 secs] [Times: user=0.35 sys=0.00, real=0.06 secs] 
179.499: Total time for which application threads were stopped: 0.0511770 seconds, Stopping threads took: 0.0000110 seconds
179.499: Application time: 0.0000410 seconds
179.499: [Full GC [PSYoungGen: 69120K->69119K(80384K)] [ParOldGen: 182783K->182783K(182784K)] 251903K->251902K(263168K) [PSPermGen: 13494K->13494K(21504K)], 0.0506050 secs] [Times: user=0.35 sys=0.00, real=0.05 secs] 
179.550: Total time for which application threads were stopped: 0.0509940 seconds, Stopping threads took: 0.0000080 seconds
179.550: Application time: 0.0000480 seconds
179.550: [Full GC [PSYoungGen: 69120K->69119K(80384K)] [ParOldGen: 182783K->182783K(182784K)] 251903K->251902K(263168K) [PSPermGen: 13494K->13494K(21504K)], 0.0523730 secs] [Times: user=0.37 sys=0.00, real=0.05 secs] 
179.602: Total time for which application threads were stopped: 0.0527610 seconds, Stopping threads took: 0.0000060 seconds
179.602: Application time: 0.0000370 seconds
179.603: [Full GC [PSYoungGen: 69120K->69119K(80384K)] [ParOldGen: 182783K->182783K(182784K)] 251903K->251903K(263168K) [PSPermGen: 13494K->13494K(21504K)], 0.0507530 secs] [Times: user=0.35 sys=0.00, real=0.05 secs] 
179.654: Total time for which application threads were stopped: 0.0511420 seconds, Stopping threads took: 0.0000070 seconds
179.654: Application time: 0.0000550 seconds
179.654: [Full GC [PSYoungGen: 69120K->69119K(80384K)] [ParOldGen: 182783K->182783K(182784K)] 251903K->251902K(263168K) [PSPermGen: 13494K->13494K(21504K)], 0.0504960 secs] [Times: user=0.35 sys=0.00, real=0.05 secs] 
179.704: Total time for which application threads were stopped: 0.0508860 seconds, Stopping threads took: 0.0000070 seconds
179.705: Application time: 0.0000400 seconds
179.705: [Full GC [PSYoungGen: 69120K->69119K(80384K)] [ParOldGen: 182783K->182783K(182784K)] 251903K->251902K(263168K) [PSPermGen: 13494K->13494K(21504K)], 0.0527130 secs] [Times: user=0.37 sys=0.00, real=0.06 secs] 
179.758: Total time for which application threads were stopped: 0.0531080 seconds, Stopping threads took: 0.0000070 seconds
179.758: Application time: 0.0000420 seconds
179.758: [Full GC [PSYoungGen: 69119K->69119K(80384K)] [ParOldGen: 182783K->182783K(182784K)] 251903K->251903K(263168K) [PSPermGen: 13494K->13494K(21504K)], 0.0505840 secs] [Times: user=0.35 sys=0.00, real=0.05 secs] 
179.809: Total time for which application threads were stopped: 0.0509770 seconds, Stopping threads took: 0.0000120 seconds
179.809: Application time: 0.0000540 seconds
179.809: [Full GC [PSYoungGen: 69119K->69119K(80384K)] [ParOldGen: 182783K->182783K(182784K)] 251903K->251903K(263168K) [PSPermGen: 13494K->13494K(21504K)], 0.0505930 secs] [Times: user=0.35 sys=0.00, real=0.05 secs] 
179.860: Total time for which application threads were stopped: 0.0509770 seconds, Stopping threads took: 0.0000060 seconds
179.860: Application time: 0.0000510 seconds
179.860: [Full GC [PSYoungGen: 69120K->69119K(80384K)] [ParOldGen: 182783K->182783K(182784K)] 251903K->251903K(263168K) [PSPermGen: 13494K->13494K(21504K)], 0.0522960 secs] [Times: user=0.36 sys=0.00, real=0.05 secs] 
179.912: Total time for which application threads were stopped: 0.0526910 seconds, Stopping threads took: 0.0000090 seconds
179.912: Application time: 0.0000460 seconds
179.913: [Full GC [PSYoungGen: 69120K->69119K(80384K)] [ParOldGen: 182783K->182783K(182784K)] 251903K->251903K(263168K) [PSPermGen: 13494K->13494K(21504K)], 0.0524900 secs] [Times: user=0.36 sys=0.00, real=0.05 secs] 
179.965: Total time for which application threads were stopped: 0.0528930 seconds, Stopping threads took: 0.0000120 seconds
179.965: Application time: 0.0000490 seconds
179.966: [Full GC [PSYoungGen: 69120K->69119K(80384K)] [ParOldGen: 182783K->182783K(182784K)] 251903K->251903K(263168K) [PSPermGen: 13494K->13494K(21504K)], 0.0505930 secs] [Times: user=0.35 sys=0.01, real=0.05 secs] 
180.016: Total time for which application threads were stopped: 0.0510170 seconds, Stopping threads took: 0.0000140 seconds
180.017: Application time: 0.0000430 seconds
180.017: [Full GC [PSYoungGen: 69120K->69119K(80384K)] [ParOldGen: 182783K->182783K(182784K)] 251903K->251903K(263168K) [PSPermGen: 13494K->13494K(21504K)], 0.0506030 secs] [Times: user=0.35 sys=0.00, real=0.04 secs] 
180.068: Total time for which application threads were stopped: 0.0510030 seconds, Stopping threads took: 0.0000080 seconds
180.068: Application time: 0.0000570 seconds
180.068: [Full GC [PSYoungGen: 69119K->69119K(80384K)] [ParOldGen: 182784K->182783K(182784K)] 251903K->251903K(263168K) [PSPermGen: 13494K->13494K(21504K)], 0.0525480 secs] [Times: user=0.36 sys=0.00, real=0.06 secs] 
180.120: Total time for which application threads were stopped: 0.0529370 seconds, Stopping threads took: 0.0000070 seconds
180.121: Application time: 0.0000330 seconds
180.121: [Full GC [PSYoungGen: 69120K->69119K(80384K)] [ParOldGen: 182783K->182783K(182784K)] 251903K->251903K(263168K) [PSPermGen: 13494K->13494K(21504K)], 0.0504390 secs] [Times: user=0.35 sys=0.00, real=0.05 secs] 
180.171: Total time for which application threads were stopped: 0.0508460 seconds, Stopping threads took: 0.0000070 seconds
180.171: Application time: 0.0000410 seconds
180.172: [Full GC [PSYoungGen: 69119K->69119K(80384K)] [ParOldGen: 182783K->182783K(182784K)] 251903K->251903K(263168K) [PSPermGen: 13494K->13494K(21504K)], 0.0504240 secs] [Times: user=0.35 sys=0.00, real=0.05 secs] 
180.222: Total time for which application threads were stopped: 0.0508200 seconds, Stopping threads took: 0.0000130 seconds
180.222: Application time: 0.0000390 seconds
180.223: [Full GC [PSYoungGen: 69119K->69119K(80384K)] [ParOldGen: 182783K->182783K(182784K)] 251903K->251903K(263168K) [PSPermGen: 13494K->13494K(21504K)], 0.0505520 secs] [Times: user=0.35 sys=0.00, real=0.05 secs] 
180.273: Total time for which application threads were stopped: 0.0509410 seconds, Stopping threads took: 0.0000090 seconds
180.273: Application time: 0.0000340 seconds
180.274: [Full GC [PSYoungGen: 69120K->69119K(80384K)] [ParOldGen: 182783K->182783K(182784K)] 251903K->251903K(263168K) [PSPermGen: 13494K->13494K(21504K)], 0.0503290 secs] [Times: user=0.35 sys=0.00, real=0.05 secs] 
180.324: Total time for which application threads were stopped: 0.0507210 seconds, Stopping threads took: 0.0000110 seconds
180.324: Application time: 0.0000320 seconds
180.324: [Full GC [PSYoungGen: 69120K->69119K(80384K)] [ParOldGen: 182783K->182783K(182784K)] 251903K->251903K(263168K) [PSPermGen: 13494K->13494K(21504K)], 0.0512480 secs] [Times: user=0.36 sys=0.00, real=0.05 secs] 
180.376: Total time for which application threads were stopped: 0.0516510 seconds, Stopping threads took: 0.0000130 seconds
180.376: Application time: 0.0000470 seconds
180.376: [Full GC [PSYoungGen: 69119K->69119K(80384K)] [ParOldGen: 182783K->182783K(182784K)] 251903K->251903K(263168K) [PSPermGen: 13494K->13494K(21504K)], 0.0506690 secs] [Times: user=0.35 sys=0.00, real=0.05 secs] 
180.427: Total time for which application threads were stopped: 0.0510590 seconds, Stopping threads took: 0.0000090 seconds
180.427: Application time: 0.0000670 seconds
180.427: [Full GC [PSYoungGen: 69119K->69119K(80384K)] [ParOldGen: 182784K->182783K(182784K)] 251903K->251903K(263168K) [PSPermGen: 13494K->13494K(21504K)], 0.0505680 secs] [Times: user=0.35 sys=0.00, real=0.06 secs] 
180.478: Total time for which application threads were stopped: 0.0509700 seconds, Stopping threads took: 0.0000100 seconds
180.478: Application time: 0.0000510 seconds
180.478: [Full GC [PSYoungGen: 69120K->69119K(80384K)] [ParOldGen: 182783K->182783K(182784K)] 251903K->251903K(263168K) [PSPermGen: 13494K->13494K(21504K)], 0.0507300 secs] [Times: user=0.35 sys=0.00, real=0.05 secs] 
180.529: Total time for which application threads were stopped: 0.0511440 seconds, Stopping threads took: 0.0000080 seconds
180.529: Application time: 0.0000350 seconds
180.529: [Full GC [PSYoungGen: 69120K->69119K(80384K)] [ParOldGen: 182783K->182783K(182784K)] 251903K->251903K(263168K) [PSPermGen: 13494K->13494K(21504K)], 0.0506540 secs] [Times: user=0.35 sys=0.00, real=0.05 secs] 
180.580: Total time for which application threads were stopped: 0.0510430 seconds, Stopping threads took: 0.0000080 seconds
180.580: Application time: 0.0000460 seconds
180.580: [Full GC [PSYoungGen: 69119K->69119K(80384K)] [ParOldGen: 182783K->182783K(182784K)] 251903K->251903K(263168K) [PSPermGen: 13494K->13494K(21504K)], 0.0505230 secs] [Times: user=0.35 sys=0.00, real=0.05 secs] 
180.631: Total time for which application threads were stopped: 0.0509180 seconds, Stopping threads took: 0.0000120 seconds
180.631: Application time: 0.0000450 seconds
180.631: [Full GC [PSYoungGen: 69119K->69119K(80384K)] [ParOldGen: 182783K->182783K(182784K)] 251903K->251903K(263168K) [PSPermGen: 13494K->13494K(21504K)], 0.0521550 secs] [Times: user=0.37 sys=0.00, real=0.05 secs] 
180.684: Total time for which application threads were stopped: 0.0525460 seconds, Stopping threads took: 0.0000100 seconds
180.684: Application time: 0.0000400 seconds
180.684: [Full GC [PSYoungGen: 69120K->69119K(80384K)] [ParOldGen: 182783K->182783K(182784K)] 251903K->251903K(263168K) [PSPermGen: 13494K->13494K(21504K)], 0.0505910 secs] [Times: user=0.35 sys=0.00, real=0.05 secs] 
180.735: Total time for which application threads were stopped: 0.0509770 seconds, Stopping threads took: 0.0000070 seconds
180.735: Application time: 0.0000430 seconds
180.735: [Full GC [PSYoungGen: 69120K->69119K(80384K)] [ParOldGen: 182783K->182783K(182784K)] 251903K->251903K(263168K) [PSPermGen: 13494K->13494K(21504K)], 0.0509870 secs] [Times: user=0.35 sys=0.00, real=0.05 secs] 
180.786: Total time for which application threads were stopped: 0.0513770 seconds, Stopping threads took: 0.0000090 seconds
180.786: Application time: 0.0000470 seconds
180.786: [Full GC [PSYoungGen: 69120K->69119K(80384K)] [ParOldGen: 182783K->182783K(182784K)] 251903K->251903K(263168K) [PSPermGen: 13494K->13494K(21504K)], 0.0507940 secs] [Times: user=0.35 sys=0.00, real=0.06 secs] 
180.837: Total time for which application threads were stopped: 0.0511780 seconds, Stopping threads took: 0.0000070 seconds
180.837: Application time: 0.0000430 seconds
180.838: [Full GC [PSYoungGen: 69119K->69119K(80384K)] [ParOldGen: 182783K->182783K(182784K)] 251903K->251903K(263168K) [PSPermGen: 13494K->13494K(21504K)], 0.0534440 secs] [Times: user=0.37 sys=0.00, real=0.05 secs] 
180.891: Total time for which application threads were stopped: 0.0538280 seconds, Stopping threads took: 0.0000060 seconds
180.891: Application time: 0.0000520 seconds
180.892: [Full GC [PSYoungGen: 69119K->69119K(80384K)] [ParOldGen: 182783K->182783K(182784K)] 251903K->251903K(263168K) [PSPermGen: 13494K->13494K(21504K)], 0.0502650 secs] [Times: user=0.35 sys=0.00, real=0.05 secs] 
180.942: Total time for which application threads were stopped: 0.0506440 seconds, Stopping threads took: 0.0000090 seconds
180.942: Application time: 0.0000330 seconds
180.942: [Full GC [PSYoungGen: 69120K->69119K(80384K)] [ParOldGen: 182783K->182783K(182784K)] 251903K->251903K(263168K) [PSPermGen: 13494K->13494K(21504K)], 0.0502560 secs] [Times: user=0.35 sys=0.00, real=0.05 secs] 
180.993: Total time for which application threads were stopped: 0.0506390 seconds, Stopping threads took: 0.0000070 seconds
180.993: Application time: 0.0000490 seconds
180.993: [Full GC [PSYoungGen: 69120K->69119K(80384K)] [ParOldGen: 182783K->182783K(182784K)] 251903K->251903K(263168K) [PSPermGen: 13494K->13494K(21504K)], 0.0505340 secs] [Times: user=0.34 sys=0.00, real=0.05 secs] 
181.044: Total time for which application threads were stopped: 0.0509500 seconds, Stopping threads took: 0.0000120 seconds
181.044: Application time: 0.0000290 seconds
181.044: [Full GC [PSYoungGen: 69120K->69119K(80384K)] [ParOldGen: 182783K->182783K(182784K)] 251903K->251903K(263168K) [PSPermGen: 13494K->13494K(21504K)], 0.0507550 secs] [Times: user=0.35 sys=0.00, real=0.05 secs] 
181.095: Total time for which application threads were stopped: 0.0511440 seconds, Stopping threads took: 0.0000060 seconds
181.095: Application time: 0.0000770 seconds
181.095: [Full GC [PSYoungGen: 69120K->69119K(80384K)] [ParOldGen: 182783K->182783K(182784K)] 251903K->251902K(263168K) [PSPermGen: 13494K->13494K(21504K)], 0.0506580 secs] [Times: user=0.35 sys=0.00, real=0.05 secs] 
181.146: Total time for which application threads were stopped: 0.0510470 seconds, Stopping threads took: 0.0000080 seconds
181.146: Application time: 0.0000550 seconds
181.146: [Full GC [PSYoungGen: 69120K->69119K(80384K)] [ParOldGen: 182783K->182783K(182784K)] 251903K->251903K(263168K) [PSPermGen: 13494K->13494K(21504K)], 0.0507120 secs] [Times: user=0.35 sys=0.00, real=0.06 secs] 
181.197: Total time for which application threads were stopped: 0.0510980 seconds, Stopping threads took: 0.0000080 seconds
181.197: Application time: 0.0000420 seconds
181.197: [Full GC [PSYoungGen: 69119K->69119K(80384K)] [ParOldGen: 182783K->182783K(182784K)] 251903K->251903K(263168K) [PSPermGen: 13494K->13494K(21504K)], 0.0503850 secs] [Times: user=0.35 sys=0.00, real=0.04 secs] 
181.248: Total time for which application threads were stopped: 0.0507700 seconds, Stopping threads took: 0.0000070 seconds
181.248: Application time: 0.0000440 seconds
181.248: [Full GC [PSYoungGen: 69119K->69119K(80384K)] [ParOldGen: 182783K->182783K(182784K)] 251903K->251903K(263168K) [PSPermGen: 13494K->13494K(21504K)], 0.0505570 secs] [Times: user=0.35 sys=0.00, real=0.06 secs] 
181.299: Total time for which application threads were stopped: 0.0509510 seconds, Stopping threads took: 0.0000090 seconds
181.299: Application time: 0.0000620 seconds
181.299: [Full GC [PSYoungGen: 69119K->69119K(80384K)] [ParOldGen: 182783K->182783K(182784K)] 251903K->251903K(263168K) [PSPermGen: 13494K->13494K(21504K)], 0.0504580 secs] [Times: user=0.35 sys=0.00, real=0.05 secs] 
181.350: Total time for which application threads were stopped: 0.0508510 seconds, Stopping threads took: 0.0000060 seconds
181.350: Application time: 0.0000350 seconds
181.350: [Full GC [PSYoungGen: 69120K->69119K(80384K)] [ParOldGen: 182783K->182783K(182784K)] 251903K->251903K(263168K) [PSPermGen: 13494K->13494K(21504K)], 0.0506590 secs] [Times: user=0.35 sys=0.00, real=0.05 secs] 
181.401: Total time for which application threads were stopped: 0.0510500 seconds, Stopping threads took: 0.0000090 seconds
181.401: Application time: 0.0000550 seconds
181.401: [Full GC [PSYoungGen: 69120K->69119K(80384K)] [ParOldGen: 182783K->182783K(182784K)] 251903K->251903K(263168K) [PSPermGen: 13494K->13494K(21504K)], 0.0521510 secs] [Times: user=0.36 sys=0.00, real=0.05 secs] 
181.453: Total time for which application threads were stopped: 0.0525390 seconds, Stopping threads took: 0.0000110 seconds
181.453: Application time: 0.0000460 seconds
181.454: [Full GC [PSYoungGen: 69119K->69119K(80384K)] [ParOldGen: 182783K->182783K(182784K)] 251903K->251903K(263168K) [PSPermGen: 13494K->13494K(21504K)], 0.0528680 secs] [Times: user=0.37 sys=0.00, real=0.05 secs] 
181.507: Total time for which application threads were stopped: 0.0532610 seconds, Stopping threads took: 0.0000120 seconds
181.507: Application time: 0.0000410 seconds
181.507: [Full GC [PSYoungGen: 69119K->69119K(80384K)] [ParOldGen: 182784K->182783K(182784K)] 251903K->251903K(263168K) [PSPermGen: 13494K->13494K(21504K)], 0.0508520 secs] [Times: user=0.35 sys=0.00, real=0.06 secs] 
181.558: Total time for which application threads were stopped: 0.0512590 seconds, Stopping threads took: 0.0000080 seconds
181.558: Application time: 0.0000490 seconds
181.558: [Full GC [PSYoungGen: 69119K->69119K(80384K)] [ParOldGen: 182783K->182783K(182784K)] 251903K->251903K(263168K) [PSPermGen: 13494K->13494K(21504K)], 0.0507460 secs] [Times: user=0.35 sys=0.00, real=0.05 secs] 
181.609: Total time for which application threads were stopped: 0.0511300 seconds, Stopping threads took: 0.0000080 seconds
181.609: Application time: 0.0000410 seconds
181.610: [Full GC [PSYoungGen: 69119K->69119K(80384K)] [ParOldGen: 182783K->182783K(182784K)] 251903K->251903K(263168K) [PSPermGen: 13494K->13494K(21504K)], 0.0523690 secs] [Times: user=0.37 sys=0.00, real=0.05 secs] 
181.662: Total time for which application threads were stopped: 0.0527560 seconds, Stopping threads took: 0.0000080 seconds
181.662: Application time: 0.0000410 seconds
181.662: [Full GC [PSYoungGen: 69119K->69119K(80384K)] [ParOldGen: 182784K->182783K(182784K)] 251903K->251903K(263168K) [PSPermGen: 13494K->13494K(21504K)], 0.0506420 secs] [Times: user=0.35 sys=0.00, real=0.05 secs] 
181.713: Total time for which application threads were stopped: 0.0510380 seconds, Stopping threads took: 0.0000130 seconds
181.713: Application time: 0.0000450 seconds
181.713: [Full GC [PSYoungGen: 69120K->69119K(80384K)] [ParOldGen: 182783K->182783K(182784K)] 251903K->251903K(263168K) [PSPermGen: 13494K->13494K(21504K)], 0.0508310 secs] [Times: user=0.35 sys=0.00, real=0.05 secs] 
181.764: Total time for which application threads were stopped: 0.0512260 seconds, Stopping threads took: 0.0000100 seconds
181.764: Application time: 0.0000330 seconds
181.765: [Full GC [PSYoungGen: 69120K->69119K(80384K)] [ParOldGen: 182783K->182783K(182784K)] 251903K->251903K(263168K) [PSPermGen: 13494K->13494K(21504K)], 0.0504910 secs] [Times: user=0.35 sys=0.01, real=0.05 secs] 
181.815: Total time for which application threads were stopped: 0.0508830 seconds, Stopping threads took: 0.0000070 seconds
181.815: Application time: 0.0000490 seconds
181.816: [Full GC [PSYoungGen: 69120K->69119K(80384K)] [ParOldGen: 182783K->182783K(182784K)] 251903K->251903K(263168K) [PSPermGen: 13494K->13494K(21504K)], 0.0506610 secs] [Times: user=0.34 sys=0.00, real=0.05 secs] 
181.866: Total time for which application threads were stopped: 0.0510550 seconds, Stopping threads took: 0.0000080 seconds
181.866: Application time: 0.0000420 seconds
181.867: [Full GC [PSYoungGen: 69119K->69119K(80384K)] [ParOldGen: 182783K->182783K(182784K)] 251903K->251903K(263168K) [PSPermGen: 13494K->13494K(21504K)], 0.0513040 secs] [Times: user=0.35 sys=0.00, real=0.06 secs] 
181.918: Total time for which application threads were stopped: 0.0516940 seconds, Stopping threads took: 0.0000070 seconds
181.918: Application time: 0.0000890 seconds
181.919: [Full GC [PSYoungGen: 69119K->69119K(80384K)] [ParOldGen: 182783K->182783K(182784K)] 251903K->251903K(263168K) [PSPermGen: 13494K->13494K(21504K)], 0.0510310 secs] [Times: user=0.36 sys=0.00, real=0.05 secs] 
181.970: Total time for which application threads were stopped: 0.0514190 seconds, Stopping threads took: 0.0000070 seconds
181.970: Application time: 0.0000570 seconds
181.970: [Full GC [PSYoungGen: 69120K->69119K(80384K)] [ParOldGen: 182783K->182783K(182784K)] 251903K->251903K(263168K) [PSPermGen: 13494K->13494K(21504K)], 0.0508040 secs] [Times: user=0.35 sys=0.00, real=0.05 secs] 
182.021: Total time for which application threads were stopped: 0.0511960 seconds, Stopping threads took: 0.0000080 seconds
182.021: Application time: 0.0000400 seconds
182.021: [Full GC [PSYoungGen: 69120K->69119K(80384K)] [ParOldGen: 182783K->182783K(182784K)] 251903K->251903K(263168K) [PSPermGen: 13494K->13494K(21504K)], 0.0506700 secs] [Times: user=0.35 sys=0.00, real=0.05 secs] 
182.072: Total time for which application threads were stopped: 0.0510810 seconds, Stopping threads took: 0.0000110 seconds
182.072: Application time: 0.0000520 seconds
182.072: [Full GC [PSYoungGen: 69120K->69119K(80384K)] [ParOldGen: 182783K->182783K(182784K)] 251903K->251903K(263168K) [PSPermGen: 13494K->13494K(21504K)], 0.0525210 secs] [Times: user=0.36 sys=0.00, real=0.05 secs] 
182.125: Total time for which application threads were stopped: 0.0529200 seconds, Stopping threads took: 0.0000080 seconds
182.125: Application time: 0.0000470 seconds
182.125: [Full GC [PSYoungGen: 69120K->69119K(80384K)] [ParOldGen: 182783K->182783K(182784K)] 251903K->251903K(263168K) [PSPermGen: 13494K->13494K(21504K)], 0.0508810 secs] [Times: user=0.35 sys=0.00, real=0.05 secs] 
182.176: Total time for which application threads were stopped: 0.0512740 seconds, Stopping threads took: 0.0000110 seconds
182.176: Application time: 0.0000480 seconds
182.177: [Full GC [PSYoungGen: 69120K->69119K(80384K)] [ParOldGen: 182783K->182783K(182784K)] 251903K->251903K(263168K) [PSPermGen: 13494K->13494K(21504K)], 0.0504690 secs] [Times: user=0.35 sys=0.00, real=0.04 secs] 
182.227: Total time for which application threads were stopped: 0.0508640 seconds, Stopping threads took: 0.0000070 seconds
182.227: Application time: 0.0000460 seconds
182.228: [Full GC [PSYoungGen: 69119K->69119K(80384K)] [ParOldGen: 182783K->182783K(182784K)] 251903K->251903K(263168K) [PSPermGen: 13494K->13494K(21504K)], 0.0506640 secs] [Times: user=0.35 sys=0.00, real=0.06 secs] 
182.278: Total time for which application threads were stopped: 0.0510690 seconds, Stopping threads took: 0.0000070 seconds
182.278: Application time: 0.0000600 seconds
182.279: [Full GC [PSYoungGen: 69120K->69119K(80384K)] [ParOldGen: 182783K->182783K(182784K)] 251903K->251903K(263168K) [PSPermGen: 13494K->13494K(21504K)], 0.0504210 secs] [Times: user=0.35 sys=0.00, real=0.05 secs] 
182.329: Total time for which application threads were stopped: 0.0508040 seconds, Stopping threads took: 0.0000080 seconds
182.329: Application time: 0.0000480 seconds
182.330: [Full GC [PSYoungGen: 69120K->69119K(80384K)] [ParOldGen: 182783K->182783K(182784K)] 251903K->251903K(263168K) [PSPermGen: 13494K->13494K(21504K)], 0.0527730 secs] [Times: user=0.37 sys=0.00, real=0.05 secs] 
182.382: Total time for which application threads were stopped: 0.0531580 seconds, Stopping threads took: 0.0000070 seconds
182.382: Application time: 0.0000570 seconds
182.383: [Full GC [PSYoungGen: 69120K->69119K(80384K)] [ParOldGen: 182783K->182783K(182784K)] 251903K->251903K(263168K) [PSPermGen: 13494K->13494K(21504K)], 0.0507770 secs] [Times: user=0.35 sys=0.00, real=0.05 secs] 
182.434: Total time for which application threads were stopped: 0.0511610 seconds, Stopping threads took: 0.0000070 seconds
182.434: Application time: 0.0000420 seconds
182.434: [Full GC [PSYoungGen: 69119K->69119K(80384K)] [ParOldGen: 182783K->182783K(182784K)] 251903K->251902K(263168K) [PSPermGen: 13494K->13494K(21504K)], 0.0505870 secs] [Times: user=0.35 sys=0.00, real=0.05 secs] 
182.485: Total time for which application threads were stopped: 0.0510210 seconds, Stopping threads took: 0.0000490 seconds
182.485: Application time: 0.0000460 seconds
182.485: [Full GC [PSYoungGen: 69120K->69119K(80384K)] [ParOldGen: 182783K->182783K(182784K)] 251903K->251903K(263168K) [PSPermGen: 13494K->13494K(21504K)], 0.0505630 secs] [Times: user=0.36 sys=0.00, real=0.05 secs] 
182.536: Total time for which application threads were stopped: 0.0509530 seconds, Stopping threads took: 0.0000080 seconds
182.536: Application time: 0.0000470 seconds
182.536: [Full GC [PSYoungGen: 69120K->69120K(80384K)] [ParOldGen: 182783K->182783K(182784K)] 251903K->251903K(263168K) [PSPermGen: 13494K->13494K(21504K)], 0.0504120 secs] [Times: user=0.34 sys=0.00, real=0.05 secs] 
182.587: Total time for which application threads were stopped: 0.0508400 seconds, Stopping threads took: 0.0000080 seconds
182.587: Application time: 0.0000540 seconds
182.587: [Full GC [PSYoungGen: 69120K->69119K(80384K)] [ParOldGen: 182783K->182783K(182784K)] 251903K->251903K(263168K) [PSPermGen: 13494K->13494K(21504K)], 0.0507970 secs] [Times: user=0.35 sys=0.00, real=0.06 secs] 
182.638: Total time for which application threads were stopped: 0.0511860 seconds, Stopping threads took: 0.0000080 seconds
182.638: Application time: 0.0000480 seconds
182.638: [Full GC [PSYoungGen: 69120K->69119K(80384K)] [ParOldGen: 182783K->182783K(182784K)] 251903K->251903K(263168K) [PSPermGen: 13494K->13494K(21504K)], 0.0504090 secs] [Times: user=0.34 sys=0.00, real=0.05 secs] 
182.689: Total time for which application threads were stopped: 0.0507990 seconds, Stopping threads took: 0.0000100 seconds
182.689: Application time: 0.0000470 seconds
182.689: [Full GC [PSYoungGen: 69119K->69119K(80384K)] [ParOldGen: 182783K->182783K(182784K)] 251903K->251903K(263168K) [PSPermGen: 13494K->13494K(21504K)], 0.0507350 secs] [Times: user=0.35 sys=0.00, real=0.05 secs] 
182.740: Total time for which application threads were stopped: 0.0511270 seconds, Stopping threads took: 0.0000080 seconds
182.740: Application time: 0.0000480 seconds
182.740: [Full GC [PSYoungGen: 69120K->69119K(80384K)] [ParOldGen: 182783K->182783K(182784K)] 251903K->251903K(263168K) [PSPermGen: 13494K->13494K(21504K)], 0.0523910 secs] [Times: user=0.36 sys=0.00, real=0.05 secs] 
182.793: Total time for which application threads were stopped: 0.0527820 seconds, Stopping threads took: 0.0000090 seconds
182.793: Application time: 0.0000500 seconds
182.793: [Full GC [PSYoungGen: 69119K->69119K(80384K)] [ParOldGen: 182783K->182783K(182784K)] 251903K->251903K(263168K) [PSPermGen: 13494K->13494K(21504K)], 0.0526110 secs] [Times: user=0.37 sys=0.00, real=0.05 secs] 
182.846: Total time for which application threads were stopped: 0.0529990 seconds, Stopping threads took: 0.0000070 seconds
182.846: Application time: 0.0000410 seconds
182.846: [Full GC [PSYoungGen: 69119K->69119K(80384K)] [ParOldGen: 182783K->182783K(182784K)] 251903K->251903K(263168K) [PSPermGen: 13494K->13494K(21504K)], 0.0511690 secs] [Times: user=0.34 sys=0.00, real=0.06 secs] 
182.897: Total time for which application threads were stopped: 0.0515650 seconds, Stopping threads took: 0.0000120 seconds
182.897: Application time: 0.0000270 seconds
182.898: [Full GC [PSYoungGen: 69119K->69119K(80384K)] [ParOldGen: 182783K->182783K(182784K)] 251903K->251903K(263168K) [PSPermGen: 13494K->13494K(21504K)], 0.0518990 secs] [Times: user=0.36 sys=0.01, real=0.05 secs] 
182.950: Total time for which application threads were stopped: 0.0522970 seconds, Stopping threads took: 0.0000120 seconds
182.950: Application time: 0.0000410 seconds
182.950: [Full GC [PSYoungGen: 69119K->69119K(80384K)] [ParOldGen: 182783K->182783K(182784K)] 251903K->251903K(263168K) [PSPermGen: 13494K->13494K(21504K)], 0.0504360 secs] [Times: user=0.35 sys=0.00, real=0.05 secs] 
183.001: Total time for which application threads were stopped: 0.0508200 seconds, Stopping threads took: 0.0000070 seconds
183.001: Application time: 0.0000540 seconds
183.001: [Full GC [PSYoungGen: 69120K->69119K(80384K)] [ParOldGen: 182783K->182783K(182784K)] 251903K->251903K(263168K) [PSPermGen: 13494K->13494K(21504K)], 0.0504290 secs] [Times: user=0.35 sys=0.00, real=0.05 secs] 
183.051: Total time for which application threads were stopped: 0.0508110 seconds, Stopping threads took: 0.0000060 seconds
183.051: Application time: 0.0000470 seconds
183.052: [Full GC [PSYoungGen: 69120K->69119K(80384K)] [ParOldGen: 182783K->182783K(182784K)] 251903K->251903K(263168K) [PSPermGen: 13494K->13494K(21504K)], 0.0507270 secs] [Times: user=0.35 sys=0.00, real=0.05 secs] 
183.103: Total time for which application threads were stopped: 0.0511390 seconds, Stopping threads took: 0.0000100 seconds
183.103: Application time: 0.0000390 seconds
183.103: [Full GC [PSYoungGen: 69119K->69119K(80384K)] [ParOldGen: 182783K->182783K(182784K)] 251903K->251903K(263168K) [PSPermGen: 13494K->13494K(21504K)], 0.0506530 secs] [Times: user=0.35 sys=0.00, real=0.05 secs] 
183.154: Total time for which application threads were stopped: 0.0510430 seconds, Stopping threads took: 0.0000070 seconds
183.154: Application time: 0.0000460 seconds
183.154: [Full GC [PSYoungGen: 69119K->69119K(80384K)] [ParOldGen: 182783K->182783K(182784K)] 251903K->251903K(263168K) [PSPermGen: 13494K->13494K(21504K)], 0.0517110 secs] [Times: user=0.36 sys=0.00, real=0.05 secs] 
183.206: Total time for which application threads were stopped: 0.0521150 seconds, Stopping threads took: 0.0000130 seconds
183.206: Application time: 0.0000500 seconds
183.206: [Full GC [PSYoungGen: 69120K->69119K(80384K)] [ParOldGen: 182783K->182783K(182784K)] 251903K->251903K(263168K) [PSPermGen: 13494K->13494K(21504K)], 0.0504230 secs] [Times: user=0.35 sys=0.00, real=0.06 secs] 
183.257: Total time for which application threads were stopped: 0.0508150 seconds, Stopping threads took: 0.0000200 seconds
183.257: Application time: 0.0000520 seconds
183.257: [Full GC [PSYoungGen: 69120K->69119K(80384K)] [ParOldGen: 182783K->182783K(182784K)] 251903K->251903K(263168K) [PSPermGen: 13494K->13494K(21504K)], 0.0503100 secs] [Times: user=0.35 sys=0.00, real=0.04 secs] 
183.307: Total time for which application threads were stopped: 0.0506960 seconds, Stopping threads took: 0.0000070 seconds
183.308: Application time: 0.0000450 seconds
183.308: [Full GC [PSYoungGen: 69119K->69119K(80384K)] [ParOldGen: 182783K->182783K(182784K)] 251903K->251903K(263168K) [PSPermGen: 13494K->13494K(21504K)], 0.0506570 secs] [Times: user=0.35 sys=0.00, real=0.06 secs] 
183.359: Total time for which application threads were stopped: 0.0510480 seconds, Stopping threads took: 0.0000110 seconds
183.359: Application time: 0.0000480 seconds
183.359: [Full GC [PSYoungGen: 69119K->69119K(80384K)] [ParOldGen: 182784K->182783K(182784K)] 251903K->251903K(263168K) [PSPermGen: 13494K->13494K(21504K)], 0.0506340 secs] [Times: user=0.35 sys=0.00, real=0.05 secs] 
183.410: Total time for which application threads were stopped: 0.0510170 seconds, Stopping threads took: 0.0000070 seconds
183.410: Application time: 0.0000440 seconds
183.410: [Full GC [PSYoungGen: 69120K->69119K(80384K)] [ParOldGen: 182783K->182783K(182784K)] 251903K->251903K(263168K) [PSPermGen: 13494K->13494K(21504K)], 0.0529510 secs] [Times: user=0.37 sys=0.00, real=0.05 secs] 
183.463: Total time for which application threads were stopped: 0.0533380 seconds, Stopping threads took: 0.0000070 seconds
183.463: Application time: 0.0000720 seconds
183.463: [Full GC [PSYoungGen: 69120K->69119K(80384K)] [ParOldGen: 182783K->182783K(182784K)] 251903K->251903K(263168K) [PSPermGen: 13494K->13494K(21504K)], 0.0506290 secs] [Times: user=0.35 sys=0.00, real=0.05 secs] 
183.514: Total time for which application threads were stopped: 0.0510220 seconds, Stopping threads took: 0.0000080 seconds
183.514: Application time: 0.0000430 seconds
183.514: [Full GC [PSYoungGen: 69120K->69119K(80384K)] [ParOldGen: 182783K->182783K(182784K)] 251903K->251903K(263168K) [PSPermGen: 13494K->13494K(21504K)], 0.0504140 secs] [Times: user=0.35 sys=0.00, real=0.05 secs] 
183.565: Total time for which application threads were stopped: 0.0508020 seconds, Stopping threads took: 0.0000070 seconds
183.565: Application time: 0.0000580 seconds
183.565: [Full GC [PSYoungGen: 69120K->69119K(80384K)] [ParOldGen: 182783K->182783K(182784K)] 251903K->251903K(263168K) [PSPermGen: 13494K->13494K(21504K)], 0.0505690 secs] [Times: user=0.35 sys=0.00, real=0.05 secs] 
183.616: Total time for which application threads were stopped: 0.0509810 seconds, Stopping threads took: 0.0000080 seconds
183.616: Application time: 0.0000550 seconds
183.616: [Full GC [PSYoungGen: 69120K->69119K(80384K)] [ParOldGen: 182783K->182783K(182784K)] 251903K->251903K(263168K) [PSPermGen: 13494K->13494K(21504K)], 0.0506440 secs] [Times: user=0.35 sys=0.00, real=0.05 secs] 
183.667: Total time for which application threads were stopped: 0.0510370 seconds, Stopping threads took: 0.0000100 seconds
183.667: Application time: 0.0000450 seconds
183.667: [Full GC [PSYoungGen: 69120K->69119K(80384K)] [ParOldGen: 182783K->182783K(182784K)] 251903K->251903K(263168K) [PSPermGen: 13494K->13494K(21504K)], 0.0504230 secs] [Times: user=0.35 sys=0.00, real=0.06 secs] 
183.718: Total time for which application threads were stopped: 0.0508110 seconds, Stopping threads took: 0.0000080 seconds
183.718: Application time: 0.0000480 seconds
183.718: [Full GC [PSYoungGen: 69120K->69119K(80384K)] [ParOldGen: 182783K->182783K(182784K)] 251903K->251903K(263168K) [PSPermGen: 13494K->13494K(21504K)], 0.0505620 secs] [Times: user=0.35 sys=0.00, real=0.05 secs] 
183.769: Total time for which application threads were stopped: 0.0509510 seconds, Stopping threads took: 0.0000120 seconds
183.769: Application time: 0.0000370 seconds
183.769: [Full GC [PSYoungGen: 69119K->69119K(80384K)] [ParOldGen: 182783K->182783K(182784K)] 251903K->251903K(263168K) [PSPermGen: 13494K->13494K(21504K)], 0.0506580 secs] [Times: user=0.35 sys=0.00, real=0.05 secs] 
183.820: Total time for which application threads were stopped: 0.0510490 seconds, Stopping threads took: 0.0000070 seconds
183.820: Application time: 0.0000580 seconds
183.820: [Full GC [PSYoungGen: 69119K->69119K(80384K)] [ParOldGen: 182783K->182783K(182784K)] 251903K->251903K(263168K) [PSPermGen: 13494K->13494K(21504K)], 0.0504310 secs] [Times: user=0.35 sys=0.00, real=0.05 secs] 
183.871: Total time for which application threads were stopped: 0.0508270 seconds, Stopping threads took: 0.0000080 seconds
183.871: Application time: 0.0000460 seconds
183.871: [Full GC [PSYoungGen: 69120K->69119K(80384K)] [ParOldGen: 182783K->182783K(182784K)] 251903K->251903K(263168K) [PSPermGen: 13494K->13494K(21504K)], 0.0508030 secs] [Times: user=0.35 sys=0.00, real=0.05 secs] 
183.922: Total time for which application threads were stopped: 0.0512000 seconds, Stopping threads took: 0.0000090 seconds
183.922: Application time: 0.0000310 seconds
183.923: [Full GC [PSYoungGen: 69119K->69119K(80384K)] [ParOldGen: 182783K->182783K(182784K)] 251903K->251903K(263168K) [PSPermGen: 13494K->13494K(21504K)], 0.0504850 secs] [Times: user=0.35 sys=0.00, real=0.05 secs] 
183.973: Total time for which application threads were stopped: 0.0508760 seconds, Stopping threads took: 0.0000070 seconds
183.973: Application time: 0.0000390 seconds
183.973: [Full GC [PSYoungGen: 69119K->69119K(80384K)] [ParOldGen: 182783K->182783K(182784K)] 251903K->251903K(263168K) [PSPermGen: 13494K->13494K(21504K)], 0.0506080 secs] [Times: user=0.35 sys=0.00, real=0.05 secs] 
184.024: Total time for which application threads were stopped: 0.0509970 seconds, Stopping threads took: 0.0000080 seconds
184.024: Application time: 0.0000600 seconds
184.025: [Full GC [PSYoungGen: 69119K->69119K(80384K)] [ParOldGen: 182783K->182783K(182784K)] 251903K->251903K(263168K) [PSPermGen: 13494K->13494K(21504K)], 0.0505640 secs] [Times: user=0.34 sys=0.01, real=0.05 secs] 
184.075: Total time for which application threads were stopped: 0.0509520 seconds, Stopping threads took: 0.0000080 seconds
184.075: Application time: 0.0000470 seconds
184.076: [Full GC [PSYoungGen: 69120K->69119K(80384K)] [ParOldGen: 182783K->182783K(182784K)] 251903K->251903K(263168K) [PSPermGen: 13494K->13494K(21504K)], 0.0506320 secs] [Times: user=0.35 sys=0.00, real=0.05 secs] 
184.126: Total time for which application threads were stopped: 0.0510810 seconds, Stopping threads took: 0.0000070 seconds
184.126: Application time: 0.0000300 seconds
184.127: [Full GC [PSYoungGen: 69120K->69119K(80384K)] [ParOldGen: 182783K->182783K(182784K)] 251903K->251903K(263168K) [PSPermGen: 13494K->13494K(21504K)], 0.0506720 secs] [Times: user=0.36 sys=0.00, real=0.06 secs] 
184.177: Total time for which application threads were stopped: 0.0510560 seconds, Stopping threads took: 0.0000070 seconds
184.177: Application time: 0.0000400 seconds
184.178: [Full GC [PSYoungGen: 69119K->69119K(80384K)] [ParOldGen: 182783K->182783K(182784K)] 251903K->251903K(263168K) [PSPermGen: 13494K->13494K(21504K)], 0.0505180 secs] [Times: user=0.35 sys=0.00, real=0.04 secs] 
184.228: Total time for which application threads were stopped: 0.0509050 seconds, Stopping threads took: 0.0000070 seconds
184.228: Application time: 0.0000370 seconds
184.229: [Full GC [PSYoungGen: 69119K->69119K(80384K)] [ParOldGen: 182784K->182783K(182784K)] 251903K->251903K(263168K) [PSPermGen: 13494K->13494K(21504K)], 0.0505100 secs] [Times: user=0.35 sys=0.00, real=0.05 secs] 
184.279: Total time for which application threads were stopped: 0.0509170 seconds, Stopping threads took: 0.0000070 seconds
184.279: Application time: 0.0000330 seconds
184.280: [Full GC [PSYoungGen: 69119K->69119K(80384K)] [ParOldGen: 182783K->182783K(182784K)] 251903K->251903K(263168K) [PSPermGen: 13494K->13494K(21504K)], 0.0508740 secs] [Times: user=0.35 sys=0.00, real=0.05 secs] 
184.331: Total time for which application threads were stopped: 0.0512670 seconds, Stopping threads took: 0.0000110 seconds
184.331: Application time: 0.0000500 seconds
184.331: [Full GC [PSYoungGen: 69120K->69119K(80384K)] [ParOldGen: 182783K->182783K(182784K)] 251903K->251903K(263168K) [PSPermGen: 13494K->13494K(21504K)], 0.0506840 secs] [Times: user=0.35 sys=0.00, real=0.05 secs] 
184.382: Total time for which application threads were stopped: 0.0510700 seconds, Stopping threads took: 0.0000070 seconds
184.382: Application time: 0.0000290 seconds
184.382: [Full GC [PSYoungGen: 69120K->69119K(80384K)] [ParOldGen: 182783K->182783K(182784K)] 251903K->251903K(263168K) [PSPermGen: 13494K->13494K(21504K)], 0.0506340 secs] [Times: user=0.35 sys=0.00, real=0.05 secs] 
184.433: Total time for which application threads were stopped: 0.0510180 seconds, Stopping threads took: 0.0000070 seconds
184.433: Application time: 0.0000360 seconds
184.433: [Full GC [PSYoungGen: 69120K->69119K(80384K)] [ParOldGen: 182783K->182783K(182784K)] 251903K->251903K(263168K) [PSPermGen: 13494K->13494K(21504K)], 0.0504310 secs] [Times: user=0.35 sys=0.00, real=0.05 secs] 
184.484: Total time for which application threads were stopped: 0.0508270 seconds, Stopping threads took: 0.0000120 seconds
184.484: Application time: 0.0000340 seconds
184.484: [Full GC [PSYoungGen: 69120K->69119K(80384K)] [ParOldGen: 182783K->182783K(182784K)] 251903K->251903K(263168K) [PSPermGen: 13494K->13494K(21504K)], 0.0505150 secs] [Times: user=0.35 sys=0.00, real=0.05 secs] 
184.535: Total time for which application threads were stopped: 0.0509090 seconds, Stopping threads took: 0.0000080 seconds
184.535: Application time: 0.0000270 seconds
184.535: [Full GC [PSYoungGen: 69120K->69119K(80384K)] [ParOldGen: 182783K->182783K(182784K)] 251903K->251903K(263168K) [PSPermGen: 13494K->13494K(21504K)], 0.0506010 secs] [Times: user=0.35 sys=0.00, real=0.05 secs] 
184.586: Total time for which application threads were stopped: 0.0509900 seconds, Stopping threads took: 0.0000080 seconds
184.586: Application time: 0.0000380 seconds
184.586: [Full GC [PSYoungGen: 69119K->69119K(80384K)] [ParOldGen: 182783K->182783K(182784K)] 251903K->251903K(263168K) [PSPermGen: 13494K->13494K(21504K)], 0.0506920 secs] [Times: user=0.35 sys=0.00, real=0.06 secs] 
184.637: Total time for which application threads were stopped: 0.0511020 seconds, Stopping threads took: 0.0000100 seconds
184.637: Application time: 0.0000530 seconds
184.637: [Full GC [PSYoungGen: 69119K->69119K(80384K)] [ParOldGen: 182783K->182783K(182784K)] 251903K->251903K(263168K) [PSPermGen: 13494K->13494K(21504K)], 0.0506210 secs] [Times: user=0.35 sys=0.00, real=0.04 secs] 
184.688: Total time for which application threads were stopped: 0.0510120 seconds, Stopping threads took: 0.0000080 seconds
184.688: Application time: 0.0000480 seconds
184.688: [Full GC [PSYoungGen: 69120K->69119K(80384K)] [ParOldGen: 182783K->182783K(182784K)] 251903K->251903K(263168K) [PSPermGen: 13494K->13494K(21504K)], 0.0507220 secs] [Times: user=0.35 sys=0.00, real=0.06 secs] 
184.739: Total time for which application threads were stopped: 0.0511180 seconds, Stopping threads took: 0.0000180 seconds
184.739: Application time: 0.0000500 seconds
184.739: [Full GC [PSYoungGen: 69120K->69119K(80384K)] [ParOldGen: 182783K->182783K(182784K)] 251903K->251903K(263168K) [PSPermGen: 13494K->13494K(21504K)], 0.0505610 secs] [Times: user=0.35 sys=0.00, real=0.05 secs] 
184.790: Total time for which application threads were stopped: 0.0509500 seconds, Stopping threads took: 0.0000080 seconds
184.790: Application time: 0.0000330 seconds
184.790: [Full GC [PSYoungGen: 69120K->69119K(80384K)] [ParOldGen: 182783K->182783K(182784K)] 251903K->251903K(263168K) [PSPermGen: 13494K->13494K(21504K)], 0.0508210 secs] [Times: user=0.35 sys=0.00, real=0.05 secs] 
184.841: Total time for which application threads were stopped: 0.0512280 seconds, Stopping threads took: 0.0000120 seconds
184.841: Application time: 0.0000620 seconds
184.842: [Full GC [PSYoungGen: 69120K->69119K(80384K)] [ParOldGen: 182784K->182783K(182784K)] 251904K->251903K(263168K) [PSPermGen: 13494K->13494K(21504K)], 0.0512120 secs] [Times: user=0.35 sys=0.00, real=0.05 secs] 
184.893: Total time for which application threads were stopped: 0.0516090 seconds, Stopping threads took: 0.0000180 seconds
184.893: Application time: 0.0000550 seconds
184.893: [Full GC [PSYoungGen: 69119K->69119K(80384K)] [ParOldGen: 182783K->182783K(182784K)] 251903K->251903K(263168K) [PSPermGen: 13494K->13494K(21504K)], 0.0503630 secs] [Times: user=0.34 sys=0.00, real=0.05 secs] 
184.944: Total time for which application threads were stopped: 0.0507460 seconds, Stopping threads took: 0.0000060 seconds
184.944: Application time: 0.0000730 seconds
184.944: [Full GC [PSYoungGen: 69119K->69119K(80384K)] [ParOldGen: 182783K->182783K(182784K)] 251903K->251903K(263168K) [PSPermGen: 13494K->13494K(21504K)], 0.0507830 secs] [Times: user=0.35 sys=0.00, real=0.05 secs] 
184.995: Total time for which application threads were stopped: 0.0511710 seconds, Stopping threads took: 0.0000080 seconds
184.995: Application time: 0.0000370 seconds
184.995: [Full GC [PSYoungGen: 69120K->69119K(80384K)] [ParOldGen: 182783K->182783K(182784K)] 251903K->251903K(263168K) [PSPermGen: 13494K->13494K(21504K)], 0.0507950 secs] [Times: user=0.35 sys=0.00, real=0.05 secs] 
185.046: Total time for which application threads were stopped: 0.0511860 seconds, Stopping threads took: 0.0000070 seconds
185.046: Application time: 0.0000550 seconds
185.047: [Full GC [PSYoungGen: 69120K->69119K(80384K)] [ParOldGen: 182783K->182783K(182784K)] 251903K->251903K(263168K) [PSPermGen: 13494K->13494K(21504K)], 0.0504070 secs] [Times: user=0.34 sys=0.00, real=0.06 secs] 
185.097: Total time for which application threads were stopped: 0.0507950 seconds, Stopping threads took: 0.0000080 seconds
185.097: Application time: 0.0000520 seconds
185.097: [Full GC [PSYoungGen: 69120K->69119K(80384K)] [ParOldGen: 182783K->182783K(182784K)] 251903K->251903K(263168K) [PSPermGen: 13494K->13494K(21504K)], 0.0517030 secs] [Times: user=0.36 sys=0.00, real=0.05 secs] 
185.149: Total time for which application threads were stopped: 0.0521180 seconds, Stopping threads took: 0.0000070 seconds
185.149: Application time: 0.0000940 seconds
185.150: [Full GC [PSYoungGen: 69120K->69119K(80384K)] [ParOldGen: 182783K->182783K(182784K)] 251903K->251903K(263168K) [PSPermGen: 13494K->13494K(21504K)], 0.0505290 secs] [Times: user=0.35 sys=0.00, real=0.05 secs] 
185.200: Total time for which application threads were stopped: 0.0509180 seconds, Stopping threads took: 0.0000070 seconds
185.200: Application time: 0.0000520 seconds
185.201: [Full GC [PSYoungGen: 69119K->69119K(80384K)] [ParOldGen: 182783K->182783K(182784K)] 251903K->251903K(263168K) [PSPermGen: 13494K->13494K(21504K)], 0.0507320 secs] [Times: user=0.35 sys=0.00, real=0.05 secs] 
185.251: Total time for which application threads were stopped: 0.0511220 seconds, Stopping threads took: 0.0000080 seconds
185.251: Application time: 0.0000540 seconds
185.252: [Full GC [PSYoungGen: 69120K->69119K(80384K)] [ParOldGen: 182783K->182783K(182784K)] 251903K->251903K(263168K) [PSPermGen: 13494K->13494K(21504K)], 0.0507050 secs] [Times: user=0.35 sys=0.00, real=0.05 secs] 
185.303: Total time for which application threads were stopped: 0.0510900 seconds, Stopping threads took: 0.0000060 seconds
185.303: Application time: 0.0000510 seconds
185.303: [Full GC [PSYoungGen: 69120K->69119K(80384K)] [ParOldGen: 182783K->182783K(182784K)] 251903K->251903K(263168K) [PSPermGen: 13494K->13494K(21504K)], 0.0508380 secs] [Times: user=0.36 sys=0.00, real=0.05 secs] 
185.354: Total time for which application threads were stopped: 0.0512300 seconds, Stopping threads took: 0.0000120 seconds
185.354: Application time: 0.0000490 seconds
185.354: [Full GC [PSYoungGen: 69120K->69119K(80384K)] [ParOldGen: 182783K->182783K(182784K)] 251903K->251903K(263168K) [PSPermGen: 13494K->13494K(21504K)], 0.0508930 secs] [Times: user=0.35 sys=0.00, real=0.05 secs] 
185.405: Total time for which application threads were stopped: 0.0512820 seconds, Stopping threads took: 0.0000080 seconds
185.405: Application time: 0.0000360 seconds
185.405: [Full GC [PSYoungGen: 69120K->69119K(80384K)] [ParOldGen: 182783K->182783K(182784K)] 251903K->251903K(263168K) [PSPermGen: 13494K->13494K(21504K)], 0.0521710 secs] [Times: user=0.36 sys=0.00, real=0.06 secs] 
185.458: Total time for which application threads were stopped: 0.0525660 seconds, Stopping threads took: 0.0000120 seconds
185.458: Application time: 0.0000320 seconds
185.458: [Full GC [PSYoungGen: 69120K->69119K(80384K)] [ParOldGen: 182783K->182783K(182784K)] 251903K->251903K(263168K) [PSPermGen: 13494K->13494K(21504K)], 0.0507460 secs] [Times: user=0.35 sys=0.00, real=0.05 secs] 
185.509: Total time for which application threads were stopped: 0.0511390 seconds, Stopping threads took: 0.0000100 seconds
185.509: Application time: 0.0000540 seconds
185.509: [Full GC [PSYoungGen: 69120K->69119K(80384K)] [ParOldGen: 182783K->182783K(182784K)] 251903K->251903K(263168K) [PSPermGen: 13494K->13494K(21504K)], 0.0507580 secs] [Times: user=0.35 sys=0.00, real=0.05 secs] 
185.560: Total time for which application threads were stopped: 0.0511500 seconds, Stopping threads took: 0.0000090 seconds
185.560: Application time: 0.0000430 seconds
185.560: [Full GC [PSYoungGen: 69120K->69119K(80384K)] [ParOldGen: 182783K->182783K(182784K)] 251903K->251903K(263168K) [PSPermGen: 13494K->13494K(21504K)], 0.0505890 secs] [Times: user=0.35 sys=0.00, real=0.05 secs] 
185.611: Total time for which application threads were stopped: 0.0509820 seconds, Stopping threads took: 0.0000080 seconds
185.611: Application time: 0.0000290 seconds
185.612: [Full GC [PSYoungGen: 69120K->69119K(80384K)] [ParOldGen: 182783K->182783K(182784K)] 251903K->251903K(263168K) [PSPermGen: 13494K->13494K(21504K)], 0.0509160 secs] [Times: user=0.36 sys=0.00, real=0.05 secs] 
185.662: Total time for which application threads were stopped: 0.0513230 seconds, Stopping threads took: 0.0000070 seconds
185.663: Application time: 0.0000290 seconds
185.663: [Full GC [PSYoungGen: 69120K->69119K(80384K)] [ParOldGen: 182783K->182783K(182784K)] 251903K->251903K(263168K) [PSPermGen: 13494K->13494K(21504K)], 0.0504700 secs] [Times: user=0.35 sys=0.00, real=0.05 secs] 
185.713: Total time for which application threads were stopped: 0.0508540 seconds, Stopping threads took: 0.0000060 seconds
185.713: Application time: 0.0000280 seconds
185.714: [Full GC [PSYoungGen: 69120K->69119K(80384K)] [ParOldGen: 182783K->182783K(182784K)] 251903K->251903K(263168K) [PSPermGen: 13494K->13494K(21504K)], 0.0531830 secs] [Times: user=0.37 sys=0.00, real=0.05 secs] 
185.767: Total time for which application threads were stopped: 0.0535700 seconds, Stopping threads took: 0.0000080 seconds
185.767: Application time: 0.0000290 seconds
185.767: [Full GC [PSYoungGen: 69120K->69120K(80384K)] [ParOldGen: 182783K->182783K(182784K)] 251903K->251903K(263168K) [PSPermGen: 13494K->13494K(21504K)], 0.0508560 secs] [Times: user=0.35 sys=0.00, real=0.06 secs] 
185.818: Total time for which application threads were stopped: 0.0512440 seconds, Stopping threads took: 0.0000090 seconds
185.818: Application time: 0.0000710 seconds
185.819: [Full GC [PSYoungGen: 69120K->69119K(80384K)] [ParOldGen: 182784K->182783K(182784K)] 251904K->251903K(263168K) [PSPermGen: 13494K->13494K(21504K)], 0.0509800 secs] [Times: user=0.35 sys=0.00, real=0.05 secs] 
185.870: Total time for which application threads were stopped: 0.0513730 seconds, Stopping threads took: 0.0000100 seconds
185.870: Application time: 0.0000530 seconds
185.870: [Full GC [PSYoungGen: 69120K->69119K(80384K)] [ParOldGen: 182783K->182783K(182784K)] 251903K->251903K(263168K) [PSPermGen: 13494K->13494K(21504K)], 0.0508560 secs] [Times: user=0.35 sys=0.00, real=0.05 secs] 
185.921: Total time for which application threads were stopped: 0.0512540 seconds, Stopping threads took: 0.0000080 seconds
185.921: Application time: 0.0000510 seconds
185.921: [Full GC [PSYoungGen: 69119K->69119K(80384K)] [ParOldGen: 182783K->182783K(182784K)] 251903K->251903K(263168K) [PSPermGen: 13494K->13494K(21504K)], 0.0507880 secs] [Times: user=0.35 sys=0.00, real=0.05 secs] 
185.972: Total time for which application threads were stopped: 0.0511850 seconds, Stopping threads took: 0.0000070 seconds
185.972: Application time: 0.0000580 seconds
185.973: [Full GC [PSYoungGen: 69120K->69119K(80384K)] [ParOldGen: 182784K->182783K(182784K)] 251904K->251903K(263168K) [PSPermGen: 13494K->13494K(21504K)], 0.0524310 secs] [Times: user=0.37 sys=0.01, real=0.05 secs] 
186.025: Total time for which application threads were stopped: 0.0528370 seconds, Stopping threads took: 0.0000210 seconds
186.025: Application time: 0.0000500 seconds
186.026: [Full GC [PSYoungGen: 69119K->69119K(80384K)] [ParOldGen: 182783K->182783K(182784K)] 251903K->251903K(263168K) [PSPermGen: 13494K->13494K(21504K)], 0.0503800 secs] [Times: user=0.35 sys=0.00, real=0.05 secs] 
186.076: Total time for which application threads were stopped: 0.0508000 seconds, Stopping threads took: 0.0000480 seconds
186.076: Application time: 0.0000280 seconds
186.076: [Full GC [PSYoungGen: 69119K->69119K(80384K)] [ParOldGen: 182783K->182783K(182784K)] 251903K->251903K(263168K) [PSPermGen: 13494K->13494K(21504K)], 0.0504900 secs] [Times: user=0.34 sys=0.00, real=0.05 secs] 
186.127: Total time for which application threads were stopped: 0.0508850 seconds, Stopping threads took: 0.0000150 seconds
186.127: Application time: 0.0000560 seconds
186.127: [Full GC [PSYoungGen: 69119K->69119K(80384K)] [ParOldGen: 182783K->182783K(182784K)] 251903K->251903K(263168K) [PSPermGen: 13494K->13494K(21504K)], 0.0506720 secs] [Times: user=0.35 sys=0.00, real=0.06 secs] 
186.178: Total time for which application threads were stopped: 0.0510940 seconds, Stopping threads took: 0.0000120 seconds
186.178: Application time: 0.0000510 seconds
186.178: [Full GC [PSYoungGen: 69119K->69119K(80384K)] [ParOldGen: 182783K->182783K(182784K)] 251903K->251903K(263168K) [PSPermGen: 13494K->13494K(21504K)], 0.0507610 secs] [Times: user=0.35 sys=0.00, real=0.05 secs] 
186.229: Total time for which application threads were stopped: 0.0511520 seconds, Stopping threads took: 0.0000090 seconds
186.229: Application time: 0.0000470 seconds
186.230: [Full GC [PSYoungGen: 69119K->69119K(80384K)] [ParOldGen: 182783K->182783K(182784K)] 251903K->251903K(263168K) [PSPermGen: 13494K->13494K(21504K)], 0.0504730 secs] [Times: user=0.35 sys=0.00, real=0.05 secs] 
186.280: Total time for which application threads were stopped: 0.0508580 seconds, Stopping threads took: 0.0000060 seconds
186.280: Application time: 0.0000300 seconds
186.281: [Full GC [PSYoungGen: 69119K->69119K(80384K)] [ParOldGen: 182783K->182783K(182784K)] 251903K->251903K(263168K) [PSPermGen: 13494K->13494K(21504K)], 0.0507190 secs] [Times: user=0.34 sys=0.00, real=0.05 secs] 
186.331: Total time for which application threads were stopped: 0.0511250 seconds, Stopping threads took: 0.0000150 seconds
186.331: Application time: 0.0000490 seconds
186.332: [Full GC [PSYoungGen: 69119K->69119K(80384K)] [ParOldGen: 182783K->182783K(182784K)] 251903K->251903K(263168K) [PSPermGen: 13494K->13494K(21504K)], 0.0505900 secs] [Times: user=0.35 sys=0.01, real=0.05 secs] 
186.382: [Full GC [PSYoungGen: 69119K->69119K(80384K)] [ParOldGen: 182783K->182783K(182784K)] 251903K->251903K(263168K) [PSPermGen: 13494K->13494K(21504K)], 0.0511310 secs] [Times: user=0.35 sys=0.00, real=0.05 secs] 
186.434: Total time for which application threads were stopped: 0.1021700 seconds, Stopping threads took: 0.0000080 seconds
186.434: Application time: 0.0000370 seconds
186.434: [Full GC [PSYoungGen: 69119K->69119K(80384K)] [ParOldGen: 182783K->182783K(182784K)] 251903K->251903K(263168K) [PSPermGen: 13494K->13494K(21504K)], 0.0502190 secs] [Times: user=0.34 sys=0.01, real=0.05 secs] 
186.484: [Full GC [PSYoungGen: 69119K->69119K(80384K)] [ParOldGen: 182783K->182783K(182784K)] 251903K->251903K(263168K) [PSPermGen: 13494K->13494K(21504K)], 0.0506830 secs] [Times: user=0.35 sys=0.00, real=0.05 secs] 
186.535: Total time for which application threads were stopped: 0.1013680 seconds, Stopping threads took: 0.0000190 seconds
186.535: Application time: 0.0000300 seconds
186.535: [Full GC [PSYoungGen: 69119K->69119K(80384K)] [ParOldGen: 182783K->182783K(182784K)] 251903K->251903K(263168K) [PSPermGen: 13494K->13494K(21504K)], 0.0507200 secs] [Times: user=0.35 sys=0.00, real=0.05 secs] 
186.586: [Full GC [PSYoungGen: 69119K->69119K(80384K)] [ParOldGen: 182783K->182783K(182784K)] 251903K->251903K(263168K) [PSPermGen: 13494K->13494K(21504K)], 0.0506440 secs] [Times: user=0.35 sys=0.00, real=0.06 secs] 
186.637: Total time for which application threads were stopped: 0.1018420 seconds, Stopping threads took: 0.0000420 seconds
186.637: Application time: 0.0000540 seconds
186.637: [Full GC [PSYoungGen: 69119K->69119K(80384K)] [ParOldGen: 182783K->182783K(182784K)] 251903K->251902K(263168K) [PSPermGen: 13494K->13494K(21504K)], 0.0552360 secs] [Times: user=0.39 sys=0.00, real=0.05 secs] 
186.693: Total time for which application threads were stopped: 0.0556630 seconds, Stopping threads took: 0.0000280 seconds
186.693: Application time: 0.0000530 seconds
186.693: [Full GC [PSYoungGen: 69120K->69118K(80384K)] [ParOldGen: 182783K->182783K(182784K)] 251903K->251902K(263168K) [PSPermGen: 13494K->13494K(21504K)], 0.0525280 secs] [Times: user=0.37 sys=0.00, real=0.05 secs] 
186.746: Total time for which application threads were stopped: 0.0529420 seconds, Stopping threads took: 0.0000320 seconds
186.746: Application time: 0.0000900 seconds
186.746: [Full GC [PSYoungGen: 69120K->69119K(80384K)] [ParOldGen: 182783K->182783K(182784K)] 251903K->251902K(263168K) [PSPermGen: 13494K->13494K(21504K)], 0.0504120 secs] [Times: user=0.35 sys=0.00, real=0.05 secs] 
186.796: Total time for which application threads were stopped: 0.0507980 seconds, Stopping threads took: 0.0000080 seconds
186.796: Application time: 0.0000430 seconds
186.797: [Full GC [PSYoungGen: 69120K->69119K(80384K)] [ParOldGen: 182783K->182783K(182784K)] 251903K->251902K(263168K) [PSPermGen: 13494K->13494K(21504K)], 0.0504030 secs] [Times: user=0.35 sys=0.00, real=0.04 secs] 
186.847: Total time for which application threads were stopped: 0.0508200 seconds, Stopping threads took: 0.0000190 seconds
186.847: Application time: 0.0000360 seconds
186.848: [Full GC [PSYoungGen: 69120K->69119K(80384K)] [ParOldGen: 182783K->182782K(182784K)] 251903K->251902K(263168K) [PSPermGen: 13494K->13494K(21504K)], 0.0536450 secs] [Times: user=0.36 sys=0.00, real=0.06 secs] 
186.901: Total time for which application threads were stopped: 0.0540350 seconds, Stopping threads took: 0.0000120 seconds
186.901: Application time: 0.0000500 seconds
186.902: [Full GC [PSYoungGen: 69120K->69119K(80384K)] [ParOldGen: 182782K->182782K(182784K)] 251902K->251902K(263168K) [PSPermGen: 13494K->13494K(21504K)], 0.0506260 secs] [Times: user=0.35 sys=0.00, real=0.05 secs] 
186.952: Total time for which application threads were stopped: 0.0510110 seconds, Stopping threads took: 0.0000090 seconds
186.952: Application time: 0.0000400 seconds
186.953: [Full GC [PSYoungGen: 69120K->69119K(80384K)] [ParOldGen: 182782K->182782K(182784K)] 251902K->251902K(263168K) [PSPermGen: 13494K->13494K(21504K)], 0.0503800 secs] [Times: user=0.35 sys=0.00, real=0.05 secs] 
187.003: Total time for which application threads were stopped: 0.0507830 seconds, Stopping threads took: 0.0000080 seconds
187.003: Application time: 0.0000410 seconds
187.004: [Full GC [PSYoungGen: 69120K->69119K(80384K)] [ParOldGen: 182782K->182782K(182784K)] 251902K->251902K(263168K) [PSPermGen: 13494K->13494K(21504K)], 0.0506840 secs] [Times: user=0.34 sys=0.00, real=0.05 secs] 
187.054: Total time for which application threads were stopped: 0.0510700 seconds, Stopping threads took: 0.0000080 seconds
187.054: Application time: 0.0000500 seconds
187.055: [Full GC [PSYoungGen: 69120K->69119K(80384K)] [ParOldGen: 182782K->182782K(182784K)] 251902K->251902K(263168K) [PSPermGen: 13494K->13494K(21504K)], 0.0505530 secs] [Times: user=0.35 sys=0.00, real=0.05 secs] 
187.105: Total time for which application threads were stopped: 0.0509520 seconds, Stopping threads took: 0.0000200 seconds
187.105: Application time: 0.0000470 seconds
187.106: [Full GC [PSYoungGen: 69120K->69119K(80384K)] [ParOldGen: 182782K->182782K(182784K)] 251902K->251902K(263168K) [PSPermGen: 13494K->13494K(21504K)], 0.0506260 secs] [Times: user=0.35 sys=0.00, real=0.05 secs] 
187.156: Total time for which application threads were stopped: 0.0510170 seconds, Stopping threads took: 0.0000080 seconds
187.156: Application time: 0.0000470 seconds
187.157: [Full GC [PSYoungGen: 69120K->69119K(80384K)] [ParOldGen: 182782K->182782K(182784K)] 251902K->251902K(263168K) [PSPermGen: 13494K->13494K(21504K)], 0.0503040 secs] [Times: user=0.35 sys=0.00, real=0.04 secs] 
187.207: Total time for which application threads were stopped: 0.0507220 seconds, Stopping threads took: 0.0000070 seconds
187.207: Application time: 0.0000700 seconds
187.208: [Full GC [PSYoungGen: 69120K->69119K(80384K)] [ParOldGen: 182782K->182782K(182784K)] 251902K->251902K(263168K) [PSPermGen: 13494K->13494K(21504K)], 0.0503670 secs] [Times: user=0.35 sys=0.00, real=0.06 secs] 
187.258: Total time for which application threads were stopped: 0.0507560 seconds, Stopping threads took: 0.0000090 seconds
187.258: Application time: 0.0000700 seconds
187.258: [Full GC [PSYoungGen: 69119K->69119K(80384K)] [ParOldGen: 182782K->182782K(182784K)] 251902K->251902K(263168K) [PSPermGen: 13494K->13494K(21504K)], 0.0502950 secs] [Times: user=0.35 sys=0.00, real=0.05 secs] 
187.309: Total time for which application threads were stopped: 0.0506850 seconds, Stopping threads took: 0.0000100 seconds
187.309: Application time: 0.0000360 seconds
187.309: [Full GC [PSYoungGen: 69120K->69119K(80384K)] [ParOldGen: 182782K->182782K(182784K)] 251902K->251902K(263168K) [PSPermGen: 13494K->13494K(21504K)], 0.0508680 secs] [Times: user=0.35 sys=0.00, real=0.05 secs] 
187.360: Total time for which application threads were stopped: 0.0512660 seconds, Stopping threads took: 0.0000140 seconds
187.360: Application time: 0.0000490 seconds
187.360: [Full GC [PSYoungGen: 69119K->69119K(80384K)] [ParOldGen: 182782K->182782K(182784K)] 251902K->251902K(263168K) [PSPermGen: 13494K->13494K(21504K)], 0.0502600 secs] [Times: user=0.35 sys=0.00, real=0.05 secs] 
187.411: Total time for which application threads were stopped: 0.0506500 seconds, Stopping threads took: 0.0000080 seconds
187.411: Application time: 0.0000560 seconds
187.411: [Full GC [PSYoungGen: 69120K->69119K(80384K)] [ParOldGen: 182782K->182782K(182784K)] 251902K->251902K(263168K) [PSPermGen: 13494K->13494K(21504K)], 0.0505780 secs] [Times: user=0.35 sys=0.00, real=0.05 secs] 
187.462: Total time for which application threads were stopped: 0.0509710 seconds, Stopping threads took: 0.0000070 seconds
187.462: Application time: 0.0000410 seconds
187.462: [Full GC [PSYoungGen: 69120K->69119K(80384K)] [ParOldGen: 182782K->182782K(182784K)] 251902K->251902K(263168K) [PSPermGen: 13494K->13494K(21504K)], 0.0505870 secs] [Times: user=0.35 sys=0.00, real=0.05 secs] 
187.513: Total time for which application threads were stopped: 0.0509710 seconds, Stopping threads took: 0.0000090 seconds
187.513: Application time: 0.0000460 seconds
187.513: [Full GC [PSYoungGen: 69120K->69119K(80384K)] [ParOldGen: 182782K->182782K(182784K)] 251902K->251902K(263168K) [PSPermGen: 13494K->13494K(21504K)], 0.0506020 secs] [Times: user=0.35 sys=0.00, real=0.05 secs] 
187.564: Total time for which application threads were stopped: 0.0509940 seconds, Stopping threads took: 0.0000070 seconds
187.564: Application time: 0.0000560 seconds
187.564: [Full GC [PSYoungGen: 69120K->69119K(80384K)] [ParOldGen: 182782K->182782K(182784K)] 251902K->251902K(263168K) [PSPermGen: 13494K->13494K(21504K)], 0.0503840 secs] [Times: user=0.35 sys=0.01, real=0.05 secs] 
187.615: Total time for which application threads were stopped: 0.0507950 seconds, Stopping threads took: 0.0000150 seconds
187.615: Application time: 0.0000670 seconds
187.615: [Full GC [PSYoungGen: 69119K->69119K(80384K)] [ParOldGen: 182784K->182782K(182784K)] 251903K->251902K(263168K) [PSPermGen: 13494K->13494K(21504K)], 0.0503380 secs] [Times: user=0.35 sys=0.00, real=0.05 secs] 
187.666: Total time for which application threads were stopped: 0.0507190 seconds, Stopping threads took: 0.0000070 seconds
187.666: Application time: 0.0000320 seconds
187.666: [Full GC [PSYoungGen: 69120K->69119K(80384K)] [ParOldGen: 182782K->182782K(182784K)] 251902K->251902K(263168K) [PSPermGen: 13494K->13494K(21504K)], 0.0503070 secs] [Times: user=0.35 sys=0.00, real=0.05 secs] 
187.716: Total time for which application threads were stopped: 0.0507270 seconds, Stopping threads took: 0.0000120 seconds
187.716: Application time: 0.0000280 seconds
187.717: [Full GC [PSYoungGen: 69120K->69119K(80384K)] [ParOldGen: 182782K->182782K(182784K)] 251902K->251902K(263168K) [PSPermGen: 13494K->13494K(21504K)], 0.0505310 secs] [Times: user=0.35 sys=0.00, real=0.04 secs] 
187.767: Total time for which application threads were stopped: 0.0509200 seconds, Stopping threads took: 0.0000090 seconds
187.767: Application time: 0.0000320 seconds
187.768: [Full GC [PSYoungGen: 69120K->69119K(80384K)] [ParOldGen: 182782K->182782K(182784K)] 251902K->251902K(263168K) [PSPermGen: 13494K->13494K(21504K)], 0.0505550 secs] [Times: user=0.35 sys=0.00, real=0.06 secs] 
187.818: Total time for which application threads were stopped: 0.0509490 seconds, Stopping threads took: 0.0000140 seconds
187.818: Application time: 0.0000290 seconds
187.819: [Full GC [PSYoungGen: 69120K->69119K(80384K)] [ParOldGen: 182782K->182782K(182784K)] 251902K->251902K(263168K) [PSPermGen: 13494K->13494K(21504K)], 0.0504970 secs] [Times: user=0.35 sys=0.00, real=0.05 secs] 
187.869: Total time for which application threads were stopped: 0.0508910 seconds, Stopping threads took: 0.0000110 seconds
187.869: Application time: 0.0000450 seconds
187.870: [Full GC [PSYoungGen: 69120K->69119K(80384K)] [ParOldGen: 182782K->182782K(182784K)] 251902K->251902K(263168K) [PSPermGen: 13494K->13494K(21504K)], 0.0508970 secs] [Times: user=0.35 sys=0.00, real=0.05 secs] 
187.920: Total time for which application threads were stopped: 0.0512870 seconds, Stopping threads took: 0.0000080 seconds
187.921: Application time: 0.0000340 seconds
187.921: [Full GC [PSYoungGen: 69120K->69119K(80384K)] [ParOldGen: 182782K->182782K(182784K)] 251902K->251902K(263168K) [PSPermGen: 13494K->13494K(21504K)], 0.0504320 secs] [Times: user=0.34 sys=0.00, real=0.05 secs] 
187.971: Total time for which application threads were stopped: 0.0508380 seconds, Stopping threads took: 0.0000070 seconds
187.971: Application time: 0.0000560 seconds
187.972: [Full GC [PSYoungGen: 69119K->69119K(80384K)] [ParOldGen: 182782K->182782K(182784K)] 251902K->251902K(263168K) [PSPermGen: 13494K->13494K(21504K)], 0.0503910 secs] [Times: user=0.35 sys=0.00, real=0.05 secs] 
188.022: Total time for which application threads were stopped: 0.0507980 seconds, Stopping threads took: 0.0000190 seconds
188.022: Application time: 0.0000600 seconds
188.023: [Full GC [PSYoungGen: 69119K->69119K(80384K)] [ParOldGen: 182784K->182783K(182784K)] 251903K->251902K(263168K) [PSPermGen: 13494K->13494K(21504K)], 0.0506570 secs] [Times: user=0.35 sys=0.00, real=0.05 secs] 
188.073: Total time for which application threads were stopped: 0.0510410 seconds, Stopping threads took: 0.0000070 seconds
188.073: Application time: 0.0000500 seconds
188.074: [Full GC [PSYoungGen: 69120K->69119K(80384K)] [ParOldGen: 182783K->182783K(182784K)] 251903K->251902K(263168K) [PSPermGen: 13494K->13494K(21504K)], 0.0506360 secs] [Times: user=0.35 sys=0.00, real=0.05 secs] 
188.124: Total time for which application threads were stopped: 0.0510280 seconds, Stopping threads took: 0.0000080 seconds
188.124: Application time: 0.0000640 seconds
188.125: [Full GC [PSYoungGen: 69120K->69119K(80384K)] [ParOldGen: 182783K->182783K(182784K)] 251903K->251902K(263168K) [PSPermGen: 13494K->13494K(21504K)], 0.0509490 secs] [Times: user=0.35 sys=0.00, real=0.05 secs] 
188.176: Total time for which application threads were stopped: 0.0513510 seconds, Stopping threads took: 0.0000070 seconds
188.176: Application time: 0.0000680 seconds
188.176: [Full GC [PSYoungGen: 69120K->69119K(80384K)] [ParOldGen: 182783K->182783K(182784K)] 251903K->251902K(263168K) [PSPermGen: 13494K->13494K(21504K)], 0.0504370 secs] [Times: user=0.35 sys=0.00, real=0.05 secs] 
188.227: Total time for which application threads were stopped: 0.0508430 seconds, Stopping threads took: 0.0000070 seconds
188.227: Application time: 0.0000440 seconds
188.227: [Full GC [PSYoungGen: 69119K->69119K(80384K)] [ParOldGen: 182783K->182782K(182784K)] 251903K->251902K(263168K) [PSPermGen: 13494K->13494K(21504K)], 0.0507810 secs] [Times: user=0.35 sys=0.00, real=0.06 secs] 
188.278: Total time for which application threads were stopped: 0.0511700 seconds, Stopping threads took: 0.0000070 seconds
188.278: Application time: 0.0000650 seconds
188.278: [Full GC [PSYoungGen: 69120K->69119K(80384K)] [ParOldGen: 182782K->182782K(182784K)] 251902K->251902K(263168K) [PSPermGen: 13494K->13494K(21504K)], 0.0503540 secs] [Times: user=0.35 sys=0.00, real=0.05 secs] 
188.329: Total time for which application threads were stopped: 0.0507480 seconds, Stopping threads took: 0.0000070 seconds
188.329: Application time: 0.0000470 seconds
188.329: [Full GC [PSYoungGen: 69120K->69119K(80384K)] [ParOldGen: 182782K->182782K(182784K)] 251902K->251902K(263168K) [PSPermGen: 13494K->13494K(21504K)], 0.0504540 secs] [Times: user=0.35 sys=0.00, real=0.05 secs] 
188.380: Total time for which application threads were stopped: 0.0508430 seconds, Stopping threads took: 0.0000080 seconds
188.380: Application time: 0.0000770 seconds
188.380: [Full GC [PSYoungGen: 69120K->69119K(80384K)] [ParOldGen: 182782K->182782K(182784K)] 251902K->251902K(263168K) [PSPermGen: 13494K->13494K(21504K)], 0.0506960 secs] [Times: user=0.35 sys=0.00, real=0.05 secs] 
188.431: Total time for which application threads were stopped: 0.0510990 seconds, Stopping threads took: 0.0000200 seconds
188.431: Application time: 0.0000490 seconds
188.431: [Full GC [PSYoungGen: 69120K->69119K(80384K)] [ParOldGen: 182782K->182782K(182784K)] 251902K->251902K(263168K) [PSPermGen: 13494K->13494K(21504K)], 0.0507060 secs] [Times: user=0.35 sys=0.00, real=0.05 secs] 
188.482: Total time for which application threads were stopped: 0.0511010 seconds, Stopping threads took: 0.0000110 seconds
188.482: Application time: 0.0000480 seconds
188.482: [Full GC [PSYoungGen: 69119K->69119K(80384K)] [ParOldGen: 182782K->182782K(182784K)] 251902K->251902K(263168K) [PSPermGen: 13494K->13494K(21504K)], 0.0503850 secs] [Times: user=0.35 sys=0.00, real=0.05 secs] 
188.533: Total time for which application threads were stopped: 0.0507760 seconds, Stopping threads took: 0.0000130 seconds
188.533: Application time: 0.0000520 seconds
188.533: [Full GC [PSYoungGen: 69119K->69119K(80384K)] [ParOldGen: 182782K->182782K(182784K)] 251902K->251902K(263168K) [PSPermGen: 13494K->13494K(21504K)], 0.0505100 secs] [Times: user=0.35 sys=0.00, real=0.05 secs] 
188.584: Total time for which application threads were stopped: 0.0508980 seconds, Stopping threads took: 0.0000080 seconds
188.584: Application time: 0.0000540 seconds
188.584: [Full GC [PSYoungGen: 69120K->69119K(80384K)] [ParOldGen: 182782K->182782K(182784K)] 251902K->251902K(263168K) [PSPermGen: 13494K->13494K(21504K)], 0.0506020 secs] [Times: user=0.35 sys=0.00, real=0.05 secs] 
188.635: Total time for which application threads were stopped: 0.0509950 seconds, Stopping threads took: 0.0000090 seconds
188.635: Application time: 0.0000280 seconds
188.635: [Full GC [PSYoungGen: 69119K->69119K(80384K)] [ParOldGen: 182782K->182782K(182784K)] 251902K->251902K(263168K) [PSPermGen: 13494K->13494K(21504K)], 0.0505720 secs] [Times: user=0.35 sys=0.00, real=0.05 secs] 
188.686: Total time for which application threads were stopped: 0.0509740 seconds, Stopping threads took: 0.0000130 seconds
188.686: Application time: 0.0000470 seconds
188.686: [Full GC [PSYoungGen: 69119K->69119K(80384K)] [ParOldGen: 182783K->182783K(182784K)] 251903K->251902K(263168K) [PSPermGen: 13494K->13494K(21504K)], 0.0507450 secs] [Times: user=0.35 sys=0.00, real=0.06 secs] 
188.737: Total time for which application threads were stopped: 0.0511620 seconds, Stopping threads took: 0.0000080 seconds
188.737: Application time: 0.0000400 seconds
188.737: [Full GC [PSYoungGen: 69120K->69119K(80384K)] [ParOldGen: 182783K->182783K(182784K)] 251903K->251903K(263168K) [PSPermGen: 13494K->13494K(21504K)], 0.0505710 secs] [Times: user=0.35 sys=0.00, real=0.04 secs] 
188.788: Total time for which application threads were stopped: 0.0509620 seconds, Stopping threads took: 0.0000080 seconds
188.788: Application time: 0.0000390 seconds
188.788: [Full GC [PSYoungGen: 69120K->69119K(80384K)] [ParOldGen: 182783K->182783K(182784K)] 251903K->251903K(263168K) [PSPermGen: 13494K->13494K(21504K)], 0.0504230 secs] [Times: user=0.35 sys=0.00, real=0.06 secs] 
188.839: Total time for which application threads were stopped: 0.0508200 seconds, Stopping threads took: 0.0000080 seconds
188.839: Application time: 0.0000290 seconds
188.839: [Full GC [PSYoungGen: 69119K->69119K(80384K)] [ParOldGen: 182783K->182783K(182784K)] 251903K->251903K(263168K) [PSPermGen: 13494K->13494K(21504K)], 0.0524990 secs] [Times: user=0.36 sys=0.00, real=0.05 secs] 
188.892: Total time for which application threads were stopped: 0.0528970 seconds, Stopping threads took: 0.0000100 seconds
188.892: Application time: 0.0000440 seconds
188.892: [Full GC [PSYoungGen: 69120K->69119K(80384K)] [ParOldGen: 182784K->182783K(182784K)] 251904K->251903K(263168K) [PSPermGen: 13494K->13494K(21504K)], 0.0505090 secs] [Times: user=0.35 sys=0.00, real=0.05 secs] 
188.943: Total time for which application threads were stopped: 0.0508800 seconds, Stopping threads took: 0.0000070 seconds
188.943: Application time: 0.0000410 seconds
188.943: [Full GC [PSYoungGen: 69120K->69119K(80384K)] [ParOldGen: 182783K->182783K(182784K)] 251903K->251903K(263168K) [PSPermGen: 13494K->13494K(21504K)], 0.0508300 secs] [Times: user=0.35 sys=0.00, real=0.05 secs] 
188.994: Total time for which application threads were stopped: 0.0512230 seconds, Stopping threads took: 0.0000130 seconds
188.994: Application time: 0.0000470 seconds
188.994: [Full GC [PSYoungGen: 69120K->69119K(80384K)] [ParOldGen: 182783K->182783K(182784K)] 251903K->251903K(263168K) [PSPermGen: 13494K->13494K(21504K)], 0.0505230 secs] [Times: user=0.35 sys=0.00, real=0.05 secs] 
189.045: Total time for which application threads were stopped: 0.0509080 seconds, Stopping threads took: 0.0000070 seconds
189.045: Application time: 0.0000390 seconds
189.045: [Full GC [PSYoungGen: 69120K->69119K(80384K)] [ParOldGen: 182783K->182783K(182784K)] 251903K->251903K(263168K) [PSPermGen: 13494K->13494K(21504K)], 0.0504050 secs] [Times: user=0.35 sys=0.00, real=0.05 secs] 
189.096: Total time for which application threads were stopped: 0.0507940 seconds, Stopping threads took: 0.0000090 seconds
189.096: Application time: 0.0000520 seconds
189.096: [Full GC [PSYoungGen: 69119K->69119K(80384K)] [ParOldGen: 182783K->182783K(182784K)] 251903K->251903K(263168K) [PSPermGen: 13494K->13494K(21504K)], 0.0506650 secs] [Times: user=0.35 sys=0.00, real=0.05 secs] 
189.147: Total time for which application threads were stopped: 0.0510750 seconds, Stopping threads took: 0.0000070 seconds
189.147: Application time: 0.0000450 seconds
189.147: [Full GC [PSYoungGen: 69120K->69119K(80384K)] [ParOldGen: 182784K->182783K(182784K)] 251904K->251903K(263168K) [PSPermGen: 13494K->13494K(21504K)], 0.0517010 secs] [Times: user=0.35 sys=0.00, real=0.06 secs] 
189.199: Total time for which application threads were stopped: 0.0520890 seconds, Stopping threads took: 0.0000090 seconds
189.199: Application time: 0.0000420 seconds
189.199: [Full GC [PSYoungGen: 69120K->69119K(80384K)] [ParOldGen: 182783K->182783K(182784K)] 251903K->251903K(263168K) [PSPermGen: 13494K->13494K(21504K)], 0.0509030 secs] [Times: user=0.36 sys=0.00, real=0.05 secs] 
189.250: Total time for which application threads were stopped: 0.0513410 seconds, Stopping threads took: 0.0000190 seconds
189.251: Application time: 0.0000890 seconds
189.251: [Full GC [PSYoungGen: 69120K->69119K(80384K)] [ParOldGen: 182783K->182783K(182784K)] 251903K->251903K(263168K) [PSPermGen: 13494K->13494K(21504K)], 0.0503590 secs] [Times: user=0.35 sys=0.00, real=0.05 secs] 
189.301: Total time for which application threads were stopped: 0.0507460 seconds, Stopping threads took: 0.0000100 seconds
189.301: Application time: 0.0000440 seconds
189.302: [Full GC [PSYoungGen: 69120K->69120K(80384K)] [ParOldGen: 182783K->182783K(182784K)] 251903K->251903K(263168K) [PSPermGen: 13494K->13494K(21504K)], 0.0525390 secs] [Times: user=0.36 sys=0.00, real=0.05 secs] 
189.354: Total time for which application threads were stopped: 0.0529320 seconds, Stopping threads took: 0.0000090 seconds
189.354: Application time: 0.0000580 seconds
189.355: [Full GC [PSYoungGen: 69120K->69119K(80384K)] [ParOldGen: 182784K->182783K(182784K)] 251904K->251903K(263168K) [PSPermGen: 13494K->13494K(21504K)], 0.0504940 secs] [Times: user=0.35 sys=0.00, real=0.05 secs] 
189.405: Total time for which application threads were stopped: 0.0508810 seconds, Stopping threads took: 0.0000070 seconds
189.405: Application time: 0.0000490 seconds
189.406: [Full GC [PSYoungGen: 69120K->69119K(80384K)] [ParOldGen: 182783K->182783K(182784K)] 251903K->251903K(263168K) [PSPermGen: 13494K->13494K(21504K)], 0.0504590 secs] [Times: user=0.35 sys=0.01, real=0.05 secs] 
189.456: Total time for which application threads were stopped: 0.0508490 seconds, Stopping threads took: 0.0000100 seconds
189.456: Application time: 0.0000520 seconds
189.456: [Full GC [PSYoungGen: 69120K->69119K(80384K)] [ParOldGen: 182783K->182783K(182784K)] 251903K->251903K(263168K) [PSPermGen: 13494K->13494K(21504K)], 0.0507570 secs] [Times: user=0.35 sys=0.00, real=0.05 secs] 
189.507: Total time for which application threads were stopped: 0.0511470 seconds, Stopping threads took: 0.0000090 seconds
189.507: Application time: 0.0000420 seconds
189.508: [Full GC [PSYoungGen: 69120K->69119K(80384K)] [ParOldGen: 182783K->182783K(182784K)] 251903K->251903K(263168K) [PSPermGen: 13494K->13494K(21504K)], 0.0506900 secs] [Times: user=0.35 sys=0.00, real=0.06 secs] 
189.558: Total time for which application threads were stopped: 0.0510820 seconds, Stopping threads took: 0.0000080 seconds
189.558: Application time: 0.0000310 seconds
189.559: [Full GC [PSYoungGen: 69119K->69119K(80384K)] [ParOldGen: 182783K->182783K(182784K)] 251903K->251903K(263168K) [PSPermGen: 13494K->13494K(21504K)], 0.0506480 secs] [Times: user=0.35 sys=0.00, real=0.05 secs] 
189.609: Total time for which application threads were stopped: 0.0510420 seconds, Stopping threads took: 0.0000140 seconds
189.610: Application time: 0.0000660 seconds
189.610: [Full GC [PSYoungGen: 69119K->69119K(80384K)] [ParOldGen: 182783K->182783K(182784K)] 251903K->251903K(263168K) [PSPermGen: 13494K->13494K(21504K)], 0.0505950 secs] [Times: user=0.35 sys=0.00, real=0.05 secs] 
189.661: Total time for which application threads were stopped: 0.0509870 seconds, Stopping threads took: 0.0000070 seconds
189.661: Application time: 0.0000450 seconds
189.661: [Full GC [PSYoungGen: 69120K->69119K(80384K)] [ParOldGen: 182783K->182783K(182784K)] 251903K->251903K(263168K) [PSPermGen: 13494K->13494K(21504K)], 0.0507060 secs] [Times: user=0.36 sys=0.00, real=0.05 secs] 
189.712: Total time for which application threads were stopped: 0.0510990 seconds, Stopping threads took: 0.0000080 seconds
189.712: Application time: 0.0000320 seconds
189.712: [Full GC [PSYoungGen: 69120K->69119K(80384K)] [ParOldGen: 182783K->182783K(182784K)] 251903K->251903K(263168K) [PSPermGen: 13494K->13494K(21504K)], 0.0505750 secs] [Times: user=0.35 sys=0.00, real=0.05 secs] 
189.763: Total time for which application threads were stopped: 0.0509960 seconds, Stopping threads took: 0.0000100 seconds
189.763: Application time: 0.0000510 seconds
189.763: [Full GC [PSYoungGen: 69120K->69119K(80384K)] [ParOldGen: 182783K->182783K(182784K)] 251903K->251903K(263168K) [PSPermGen: 13494K->13494K(21504K)], 0.0506520 secs] [Times: user=0.35 sys=0.00, real=0.05 secs] 
189.814: Total time for which application threads were stopped: 0.0510480 seconds, Stopping threads took: 0.0000080 seconds
189.814: Application time: 0.0000480 seconds
189.814: [Full GC [PSYoungGen: 69119K->69119K(80384K)] [ParOldGen: 182783K->182783K(182784K)] 251903K->251903K(263168K) [PSPermGen: 13494K->13494K(21504K)], 0.0507160 secs] [Times: user=0.35 sys=0.00, real=0.05 secs] 
189.865: Total time for which application threads were stopped: 0.0511060 seconds, Stopping threads took: 0.0000120 seconds
189.865: Application time: 0.0000350 seconds
189.865: [Full GC [PSYoungGen: 69119K->69119K(80384K)] [ParOldGen: 182783K->182783K(182784K)] 251903K->251903K(263168K) [PSPermGen: 13494K->13494K(21504K)], 0.0510550 secs] [Times: user=0.35 sys=0.00, real=0.05 secs] 
189.916: Total time for which application threads were stopped: 0.0514450 seconds, Stopping threads took: 0.0000100 seconds
189.917: Application time: 0.0000520 seconds
189.917: [Full GC [PSYoungGen: 69119K->69119K(80384K)] [ParOldGen: 182783K->182783K(182784K)] 251903K->251903K(263168K) [PSPermGen: 13494K->13494K(21504K)], 0.0502590 secs] [Times: user=0.35 sys=0.00, real=0.04 secs] 
189.967: Total time for which application threads were stopped: 0.0506580 seconds, Stopping threads took: 0.0000080 seconds
189.967: Application time: 0.0000500 seconds
189.968: [Full GC [PSYoungGen: 69120K->69119K(80384K)] [ParOldGen: 182783K->182783K(182784K)] 251903K->251903K(263168K) [PSPermGen: 13494K->13494K(21504K)], 0.0505220 secs] [Times: user=0.35 sys=0.00, real=0.06 secs] 
190.018: Total time for which application threads were stopped: 0.0509260 seconds, Stopping threads took: 0.0000130 seconds
190.018: Application time: 0.0000330 seconds
190.019: [Full GC [PSYoungGen: 69120K->69119K(80384K)] [ParOldGen: 182783K->182783K(182784K)] 251903K->251903K(263168K) [PSPermGen: 13494K->13494K(21504K)], 0.0508710 secs] [Times: user=0.35 sys=0.00, real=0.05 secs] 
190.069: Total time for which application threads were stopped: 0.0512650 seconds, Stopping threads took: 0.0000130 seconds
190.070: Application time: 0.0000570 seconds
190.070: [Full GC [PSYoungGen: 69120K->69119K(80384K)] [ParOldGen: 182783K->182783K(182784K)] 251903K->251903K(263168K) [PSPermGen: 13494K->13494K(21504K)], 0.0506740 secs] [Times: user=0.35 sys=0.01, real=0.05 secs] 
190.121: Total time for which application threads were stopped: 0.0510790 seconds, Stopping threads took: 0.0000070 seconds
190.121: Application time: 0.0000580 seconds
190.121: [Full GC [PSYoungGen: 69119K->69119K(80384K)] [ParOldGen: 182783K->182783K(182784K)] 251903K->251903K(263168K) [PSPermGen: 13494K->13494K(21504K)], 0.0533840 secs] [Times: user=0.36 sys=0.01, real=0.05 secs] 
190.174: Total time for which application threads were stopped: 0.0537720 seconds, Stopping threads took: 0.0000080 seconds
190.174: Application time: 0.0000320 seconds
190.175: [Full GC [PSYoungGen: 69119K->69119K(80384K)] [ParOldGen: 182783K->182783K(182784K)] 251903K->251903K(263168K) [PSPermGen: 13494K->13494K(21504K)], 0.0508290 secs] [Times: user=0.35 sys=0.00, real=0.05 secs] 
190.226: Total time for which application threads were stopped: 0.0512180 seconds, Stopping threads took: 0.0000070 seconds
190.226: Application time: 0.0000310 seconds
190.226: [Full GC [PSYoungGen: 69119K->69119K(80384K)] [ParOldGen: 182783K->182783K(182784K)] 251903K->251903K(263168K) [PSPermGen: 13494K->13494K(21504K)], 0.0507270 secs] [Times: user=0.35 sys=0.00, real=0.06 secs] 
190.277: Total time for which application threads were stopped: 0.0511380 seconds, Stopping threads took: 0.0000100 seconds
190.277: Application time: 0.0000480 seconds
190.277: [Full GC [PSYoungGen: 69120K->69119K(80384K)] [ParOldGen: 182783K->182783K(182784K)] 251903K->251903K(263168K) [PSPermGen: 13494K->13494K(21504K)], 0.0505410 secs] [Times: user=0.35 sys=0.00, real=0.04 secs] 
190.328: Total time for which application threads were stopped: 0.0509510 seconds, Stopping threads took: 0.0000190 seconds
190.328: Application time: 0.0000520 seconds
190.328: [Full GC [PSYoungGen: 69119K->69119K(80384K)] [ParOldGen: 182783K->182783K(182784K)] 251903K->251903K(263168K) [PSPermGen: 13494K->13494K(21504K)], 0.0505360 secs] [Times: user=0.35 sys=0.00, real=0.06 secs] 
190.379: Total time for which application threads were stopped: 0.0509190 seconds, Stopping threads took: 0.0000070 seconds
190.379: Application time: 0.0000430 seconds
190.379: [Full GC [PSYoungGen: 69120K->69119K(80384K)] [ParOldGen: 182783K->182783K(182784K)] 251903K->251903K(263168K) [PSPermGen: 13494K->13494K(21504K)], 0.0509410 secs] [Times: user=0.35 sys=0.00, real=0.05 secs] 
190.430: Total time for which application threads were stopped: 0.0513310 seconds, Stopping threads took: 0.0000130 seconds
190.430: Application time: 0.0000330 seconds
190.431: [Full GC [PSYoungGen: 69120K->69119K(80384K)] [ParOldGen: 182783K->182783K(182784K)] 251903K->251903K(263168K) [PSPermGen: 13494K->13494K(21504K)], 0.0504170 secs] [Times: user=0.35 sys=0.00, real=0.05 secs] 
190.481: Total time for which application threads were stopped: 0.0508090 seconds, Stopping threads took: 0.0000100 seconds
190.481: Application time: 0.0000360 seconds
190.481: [Full GC [PSYoungGen: 69120K->69119K(80384K)] [ParOldGen: 182783K->182783K(182784K)] 251903K->251903K(263168K) [PSPermGen: 13494K->13494K(21504K)], 0.0508880 secs] [Times: user=0.36 sys=0.00, real=0.05 secs] 
190.532: Total time for which application threads were stopped: 0.0512790 seconds, Stopping threads took: 0.0000110 seconds
190.532: Application time: 0.0000440 seconds
190.533: [Full GC [PSYoungGen: 69120K->69119K(80384K)] [ParOldGen: 182783K->182783K(182784K)] 251903K->251903K(263168K) [PSPermGen: 13494K->13494K(21504K)], 0.0507160 secs] [Times: user=0.35 sys=0.00, real=0.05 secs] 
190.584: Total time for which application threads were stopped: 0.0511180 seconds, Stopping threads took: 0.0000150 seconds
190.584: Application time: 0.0000700 seconds
190.584: [Full GC [PSYoungGen: 69120K->69119K(80384K)] [ParOldGen: 182783K->182783K(182784K)] 251903K->251902K(263168K) [PSPermGen: 13494K->13494K(21504K)], 0.0510280 secs] [Times: user=0.35 sys=0.00, real=0.05 secs] 
190.635: Total time for which application threads were stopped: 0.0514190 seconds, Stopping threads took: 0.0000080 seconds
190.635: Application time: 0.0000390 seconds
190.635: [Full GC [PSYoungGen: 69120K->69119K(80384K)] [ParOldGen: 182783K->182783K(182784K)] 251903K->251902K(263168K) [PSPermGen: 13494K->13494K(21504K)], 0.0507890 secs] [Times: user=0.35 sys=0.00, real=0.05 secs] 
190.686: Total time for which application threads were stopped: 0.0511860 seconds, Stopping threads took: 0.0000120 seconds
190.686: Application time: 0.0000360 seconds
190.687: [Full GC [PSYoungGen: 69120K->69119K(80384K)] [ParOldGen: 182783K->182783K(182784K)] 251903K->251902K(263168K) [PSPermGen: 13494K->13494K(21504K)], 0.0503330 secs] [Times: user=0.34 sys=0.00, real=0.06 secs] 
190.737: Total time for which application threads were stopped: 0.0507260 seconds, Stopping threads took: 0.0000100 seconds
190.737: Application time: 0.0000560 seconds
190.737: [Full GC [PSYoungGen: 69119K->69119K(80384K)] [ParOldGen: 182783K->182783K(182784K)] 251903K->251902K(263168K) [PSPermGen: 13494K->13494K(21504K)], 0.0520280 secs] [Times: user=0.36 sys=0.00, real=0.05 secs] 
190.790: Total time for which application threads were stopped: 0.0524360 seconds, Stopping threads took: 0.0000080 seconds
190.790: Application time: 0.0000550 seconds
190.790: [Full GC [PSYoungGen: 69120K->69119K(80384K)] [ParOldGen: 182783K->182783K(182784K)] 251903K->251903K(263168K) [PSPermGen: 13494K->13494K(21504K)], 0.0513370 secs] [Times: user=0.35 sys=0.00, real=0.05 secs] 
190.841: Total time for which application threads were stopped: 0.0517260 seconds, Stopping threads took: 0.0000070 seconds
190.841: Application time: 0.0000510 seconds
190.842: [Full GC [PSYoungGen: 69120K->69119K(80384K)] [ParOldGen: 182783K->182783K(182784K)] 251903K->251903K(263168K) [PSPermGen: 13494K->13494K(21504K)], 0.0520490 secs] [Times: user=0.35 sys=0.00, real=0.05 secs] 
190.894: Total time for which application threads were stopped: 0.0524370 seconds, Stopping threads took: 0.0000080 seconds
190.894: Application time: 0.0000610 seconds
190.894: [Full GC [PSYoungGen: 69120K->69119K(80384K)] [ParOldGen: 182783K->182783K(182784K)] 251903K->251903K(263168K) [PSPermGen: 13494K->13494K(21504K)], 0.0509650 secs] [Times: user=0.35 sys=0.00, real=0.05 secs] 
190.945: Total time for which application threads were stopped: 0.0513480 seconds, Stopping threads took: 0.0000070 seconds
190.945: Application time: 0.0000540 seconds
190.946: [Full GC [PSYoungGen: 69120K->69119K(80384K)] [ParOldGen: 182783K->182783K(182784K)] 251903K->251903K(263168K) [PSPermGen: 13494K->13494K(21504K)], 0.0570300 secs] [Times: user=0.38 sys=0.00, real=0.06 secs] 
191.003: Total time for which application threads were stopped: 0.0574240 seconds, Stopping threads took: 0.0000100 seconds
191.003: Application time: 0.0000270 seconds
191.003: [Full GC [PSYoungGen: 69119K->69119K(80384K)] [ParOldGen: 182783K->182783K(182784K)] 251903K->251903K(263168K) [PSPermGen: 13494K->13494K(21504K)], 0.0585540 secs] [Times: user=0.40 sys=0.00, real=0.06 secs] 
191.062: Total time for which application threads were stopped: 0.0589460 seconds, Stopping threads took: 0.0000100 seconds
191.062: Application time: 0.0000570 seconds
191.062: [Full GC [PSYoungGen: 69119K->69119K(80384K)] [ParOldGen: 182783K->182783K(182784K)] 251903K->251902K(263168K) [PSPermGen: 13494K->13494K(21504K)], 0.0505130 secs] [Times: user=0.35 sys=0.00, real=0.05 secs] 
191.113: Total time for which application threads were stopped: 0.0509330 seconds, Stopping threads took: 0.0000230 seconds
191.113: Application time: 0.0000670 seconds
191.113: [Full GC [PSYoungGen: 69120K->69119K(80384K)] [ParOldGen: 182783K->182783K(182784K)] 251903K->251902K(263168K) [PSPermGen: 13494K->13494K(21504K)], 0.0522360 secs] [Times: user=0.36 sys=0.01, real=0.05 secs] 
191.165: Total time for which application threads were stopped: 0.0526280 seconds, Stopping threads took: 0.0000160 seconds
191.165: Application time: 0.0000410 seconds
191.166: [Full GC [PSYoungGen: 69120K->69119K(80384K)] [ParOldGen: 182783K->182782K(182784K)] 251903K->251902K(263168K) [PSPermGen: 13494K->13494K(21504K)], 0.0511370 secs] [Times: user=0.35 sys=0.00, real=0.06 secs] 
191.217: Total time for which application threads were stopped: 0.0515470 seconds, Stopping threads took: 0.0000070 seconds
191.217: Application time: 0.0000310 seconds
191.217: [Full GC [PSYoungGen: 69120K->69119K(80384K)] [ParOldGen: 182782K->182782K(182784K)] 251902K->251902K(263168K) [PSPermGen: 13494K->13494K(21504K)], 0.0505620 secs] [Times: user=0.34 sys=0.01, real=0.04 secs] 
191.268: Total time for which application threads were stopped: 0.0509540 seconds, Stopping threads took: 0.0000120 seconds
191.268: Application time: 0.0000330 seconds
191.268: [Full GC [PSYoungGen: 69120K->69119K(80384K)] [ParOldGen: 182782K->182782K(182784K)] 251902K->251902K(263168K) [PSPermGen: 13494K->13494K(21504K)], 0.0506130 secs] [Times: user=0.35 sys=0.00, real=0.06 secs] 
191.319: Total time for which application threads were stopped: 0.0510250 seconds, Stopping threads took: 0.0000120 seconds
191.319: Application time: 0.0000430 seconds
191.319: [Full GC [PSYoungGen: 69120K->69119K(80384K)] [ParOldGen: 182782K->182782K(182784K)] 251902K->251902K(263168K) [PSPermGen: 13494K->13494K(21504K)], 0.0519190 secs] [Times: user=0.36 sys=0.00, real=0.05 secs] 
191.371: Total time for which application threads were stopped: 0.0523140 seconds, Stopping threads took: 0.0000120 seconds
191.371: Application time: 0.0000310 seconds
191.372: [Full GC [PSYoungGen: 69120K->69119K(80384K)] [ParOldGen: 182782K->182782K(182784K)] 251902K->251902K(263168K) [PSPermGen: 13494K->13494K(21504K)], 0.0506640 secs] [Times: user=0.35 sys=0.00, real=0.05 secs] 
191.422: Total time for which application threads were stopped: 0.0510560 seconds, Stopping threads took: 0.0000060 seconds
191.422: Application time: 0.0000580 seconds
191.423: [Full GC [PSYoungGen: 69120K->69119K(80384K)] [ParOldGen: 182783K->182783K(182784K)] 251903K->251902K(263168K) [PSPermGen: 13494K->13494K(21504K)], 0.0506260 secs] [Times: user=0.35 sys=0.00, real=0.05 secs] 
191.473: Total time for which application threads were stopped: 0.0510070 seconds, Stopping threads took: 0.0000070 seconds
191.474: Application time: 0.0000350 seconds
191.474: [Full GC [PSYoungGen: 69120K->69119K(80384K)] [ParOldGen: 182783K->182783K(182784K)] 251903K->251902K(263168K) [PSPermGen: 13494K->13494K(21504K)], 0.0506960 secs] [Times: user=0.35 sys=0.00, real=0.05 secs] 
191.525: Total time for which application threads were stopped: 0.0510950 seconds, Stopping threads took: 0.0000090 seconds
191.525: Application time: 0.0000460 seconds
191.525: [Full GC [PSYoungGen: 69120K->69119K(80384K)] [ParOldGen: 182783K->182783K(182784K)] 251903K->251903K(263168K) [PSPermGen: 13494K->13494K(21504K)], 0.0506580 secs] [Times: user=0.35 sys=0.01, real=0.05 secs] 
191.576: Total time for which application threads were stopped: 0.0510460 seconds, Stopping threads took: 0.0000080 seconds
191.576: Application time: 0.0000400 seconds
191.576: [Full GC [PSYoungGen: 69119K->69119K(80384K)] [ParOldGen: 182783K->182782K(182784K)] 251903K->251902K(263168K) [PSPermGen: 13494K->13494K(21504K)], 0.0503660 secs] [Times: user=0.34 sys=0.00, real=0.05 secs] 
191.627: Total time for which application threads were stopped: 0.0507600 seconds, Stopping threads took: 0.0000080 seconds
191.627: Application time: 0.0000400 seconds
191.627: [Full GC [PSYoungGen: 69119K->69119K(80384K)] [ParOldGen: 182782K->182782K(182784K)] 251902K->251902K(263168K) [PSPermGen: 13494K->13494K(21504K)], 0.0506790 secs] [Times: user=0.35 sys=0.00, real=0.06 secs] 
191.678: Total time for which application threads were stopped: 0.0510650 seconds, Stopping threads took: 0.0000070 seconds
191.678: Application time: 0.0000360 seconds
191.678: [Full GC [PSYoungGen: 69120K->69119K(80384K)] [ParOldGen: 182783K->182783K(182784K)] 251903K->251902K(263168K) [PSPermGen: 13494K->13494K(21504K)], 0.0506610 secs] [Times: user=0.35 sys=0.00, real=0.05 secs] 
191.729: Total time for which application threads were stopped: 0.0510490 seconds, Stopping threads took: 0.0000100 seconds
191.729: Application time: 0.0000400 seconds
191.729: [Full GC [PSYoungGen: 69120K->69119K(80384K)] [ParOldGen: 182783K->182783K(182784K)] 251903K->251902K(263168K) [PSPermGen: 13494K->13494K(21504K)], 0.0503050 secs] [Times: user=0.35 sys=0.00, real=0.05 secs] 
191.779: Total time for which application threads were stopped: 0.0506910 seconds, Stopping threads took: 0.0000080 seconds
191.779: Application time: 0.0000530 seconds
191.780: [Full GC [PSYoungGen: 69120K->69119K(80384K)] [ParOldGen: 182783K->182782K(182784K)] 251903K->251902K(263168K) [PSPermGen: 13494K->13494K(21504K)], 0.0764860 secs] [Times: user=0.52 sys=0.00, real=0.07 secs] 
191.856: Total time for which application threads were stopped: 0.0768900 seconds, Stopping threads took: 0.0000080 seconds
191.856: Application time: 0.0000310 seconds
191.857: [Full GC [PSYoungGen: 69119K->69119K(80384K)] [ParOldGen: 182782K->182782K(182784K)] 251902K->251902K(263168K) [PSPermGen: 13494K->13494K(21504K)], 0.0509630 secs] [Times: user=0.35 sys=0.00, real=0.04 secs] 
191.908: Total time for which application threads were stopped: 0.0513650 seconds, Stopping threads took: 0.0000110 seconds
191.908: Application time: 0.0000370 seconds
191.908: [Full GC [PSYoungGen: 69119K->69119K(80384K)] [ParOldGen: 182782K->182782K(182784K)] 251902K->251902K(263168K) [PSPermGen: 13494K->13494K(21504K)], 0.0505340 secs] [Times: user=0.35 sys=0.00, real=0.06 secs] 
191.959: Total time for which application threads were stopped: 0.0509200 seconds, Stopping threads took: 0.0000100 seconds
191.959: Application time: 0.0000560 seconds
191.959: [Full GC [PSYoungGen: 69119K->69119K(80384K)] [ParOldGen: 182783K->182783K(182784K)] 251903K->251903K(263168K) [PSPermGen: 13494K->13494K(21504K)], 0.0507580 secs] [Times: user=0.35 sys=0.00, real=0.05 secs] 
192.010: Total time for which application threads were stopped: 0.0511410 seconds, Stopping threads took: 0.0000080 seconds
192.010: Application time: 0.0000350 seconds
192.010: [Full GC [PSYoungGen: 69120K->69119K(80384K)] [ParOldGen: 182783K->182783K(182784K)] 251903K->251903K(263168K) [PSPermGen: 13494K->13494K(21504K)], 0.0525790 secs] [Times: user=0.37 sys=0.00, real=0.05 secs] 
192.063: Total time for which application threads were stopped: 0.0529760 seconds, Stopping threads took: 0.0000160 seconds
192.063: Application time: 0.0000320 seconds
192.063: [Full GC [PSYoungGen: 69119K->69119K(80384K)] [ParOldGen: 182783K->182783K(182784K)] 251903K->251903K(263168K) [PSPermGen: 13494K->13494K(21504K)], 0.0506560 secs] [Times: user=0.35 sys=0.00, real=0.05 secs] 
192.114: Total time for which application threads were stopped: 0.0510440 seconds, Stopping threads took: 0.0000090 seconds
192.114: Application time: 0.0000830 seconds
192.114: [Full GC [PSYoungGen: 69119K->69119K(80384K)] [ParOldGen: 182784K->182783K(182784K)] 251903K->251903K(263168K) [PSPermGen: 13494K->13494K(21504K)], 0.0505880 secs] [Times: user=0.35 sys=0.00, real=0.05 secs] 
192.165: Total time for which application threads were stopped: 0.0509730 seconds, Stopping threads took: 0.0000080 seconds
192.165: Application time: 0.0000450 seconds
192.165: [Full GC [PSYoungGen: 69120K->69119K(80384K)] [ParOldGen: 182783K->182783K(182784K)] 251903K->251903K(263168K) [PSPermGen: 13494K->13494K(21504K)], 0.0507630 secs] [Times: user=0.35 sys=0.00, real=0.05 secs] 
192.216: Total time for which application threads were stopped: 0.0511660 seconds, Stopping threads took: 0.0000130 seconds
192.216: Application time: 0.0000330 seconds
192.217: [Full GC [PSYoungGen: 69120K->69120K(80384K)] [ParOldGen: 182783K->182783K(182784K)] 251903K->251903K(263168K) [PSPermGen: 13494K->13494K(21504K)], 0.0507380 secs] [Times: user=0.35 sys=0.00, real=0.04 secs] 
192.267: Total time for which application threads were stopped: 0.0511360 seconds, Stopping threads took: 0.0000060 seconds
192.268: Application time: 0.0000570 seconds
192.268: [Full GC [PSYoungGen: 69120K->69120K(80384K)] [ParOldGen: 182783K->182783K(182784K)] 251903K->251903K(263168K) [PSPermGen: 13494K->13494K(21504K)], 0.0502840 secs] [Times: user=0.35 sys=0.00, real=0.06 secs] 
192.318: Total time for which application threads were stopped: 0.0506680 seconds, Stopping threads took: 0.0000070 seconds
192.318: Application time: 0.0000400 seconds
192.319: [Full GC [PSYoungGen: 69120K->69119K(80384K)] [ParOldGen: 182783K->182783K(182784K)] 251903K->251903K(263168K) [PSPermGen: 13494K->13494K(21504K)], 0.0504640 secs] [Times: user=0.35 sys=0.00, real=0.05 secs] 
192.369: Total time for which application threads were stopped: 0.0508650 seconds, Stopping threads took: 0.0000080 seconds
192.369: Application time: 0.0000320 seconds
192.369: [Full GC [PSYoungGen: 69120K->69120K(80384K)] [ParOldGen: 182783K->182783K(182784K)] 251903K->251903K(263168K) [PSPermGen: 13494K->13494K(21504K)], 0.0523430 secs] [Times: user=0.36 sys=0.00, real=0.05 secs] 
192.422: Total time for which application threads were stopped: 0.0527350 seconds, Stopping threads took: 0.0000120 seconds
192.422: Application time: 0.0000530 seconds
192.422: [Full GC [PSYoungGen: 69120K->69119K(80384K)] [ParOldGen: 182784K->182783K(182784K)] 251904K->251903K(263168K) [PSPermGen: 13494K->13494K(21504K)], 0.0506450 secs] [Times: user=0.35 sys=0.00, real=0.05 secs] 
192.473: Total time for which application threads were stopped: 0.0510300 seconds, Stopping threads took: 0.0000090 seconds
192.473: Application time: 0.0000440 seconds
192.473: [Full GC [PSYoungGen: 69119K->69119K(80384K)] [ParOldGen: 182783K->182783K(182784K)] 251903K->251903K(263168K) [PSPermGen: 13494K->13494K(21504K)], 0.0505720 secs] [Times: user=0.35 sys=0.00, real=0.05 secs] 
192.524: Total time for which application threads were stopped: 0.0509670 seconds, Stopping threads took: 0.0000080 seconds
192.524: Application time: 0.0000750 seconds
192.524: [Full GC [PSYoungGen: 69119K->69119K(80384K)] [ParOldGen: 182784K->182783K(182784K)] 251903K->251903K(263168K) [PSPermGen: 13494K->13494K(21504K)], 0.0505980 secs] [Times: user=0.35 sys=0.00, real=0.05 secs] 
192.575: [Full GC [PSYoungGen: 69119K->69119K(80384K)] [ParOldGen: 182783K->182783K(182784K)] 251903K->251903K(263168K) [PSPermGen: 13494K->13494K(21504K)], 0.0505780 secs] [Times: user=0.35 sys=0.00, real=0.05 secs] 
192.626: Total time for which application threads were stopped: 0.1016300 seconds, Stopping threads took: 0.0000120 seconds
192.626: Application time: 0.0000540 seconds
192.626: [Full GC [PSYoungGen: 69120K->69119K(80384K)] [ParOldGen: 182783K->182783K(182784K)] 251903K->251903K(263168K) [PSPermGen: 13494K->13494K(21504K)], 0.0504300 secs] [Times: user=0.35 sys=0.00, real=0.05 secs] 
192.677: Total time for which application threads were stopped: 0.0508380 seconds, Stopping threads took: 0.0000260 seconds
192.677: Application time: 0.0000510 seconds
192.677: [Full GC [PSYoungGen: 69120K->69119K(80384K)] [ParOldGen: 182783K->182783K(182784K)] 251903K->251903K(263168K) [PSPermGen: 13494K->13494K(21504K)], 0.0522000 secs] [Times: user=0.35 sys=0.01, real=0.05 secs] 
192.729: Total time for which application threads were stopped: 0.0526110 seconds, Stopping threads took: 0.0000370 seconds
192.729: Application time: 0.0000360 seconds
192.730: [Full GC [PSYoungGen: 69120K->69119K(80384K)] [ParOldGen: 182783K->182783K(182784K)] 251903K->251903K(263168K) [PSPermGen: 13494K->13494K(21504K)], 0.0504480 secs] [Times: user=0.35 sys=0.00, real=0.05 secs] 
192.780: Total time for which application threads were stopped: 0.0508540 seconds, Stopping threads took: 0.0000260 seconds
192.780: Application time: 0.0000370 seconds
192.780: [Full GC [PSYoungGen: 69120K->69119K(80384K)] [ParOldGen: 182783K->182783K(182784K)] 251903K->251903K(263168K) [PSPermGen: 13494K->13494K(21504K)], 0.0506830 secs] [Times: user=0.35 sys=0.00, real=0.05 secs] 
192.831: Total time for which application threads were stopped: 0.0510760 seconds, Stopping threads took: 0.0000090 seconds
192.831: Application time: 0.0000660 seconds
192.832: [Full GC [PSYoungGen: 69120K->69120K(80384K)] [ParOldGen: 182783K->182783K(182784K)] 251903K->251903K(263168K) [PSPermGen: 13494K->13494K(21504K)], 0.0507090 secs] [Times: user=0.35 sys=0.00, real=0.05 secs] 
192.882: Total time for which application threads were stopped: 0.0511220 seconds, Stopping threads took: 0.0000080 seconds
192.882: Application time: 0.0000540 seconds
192.883: [Full GC [PSYoungGen: 69120K->69119K(80384K)] [ParOldGen: 182784K->182783K(182784K)] 251904K->251903K(263168K) [PSPermGen: 13494K->13494K(21504K)], 0.0512470 secs] [Times: user=0.35 sys=0.00, real=0.05 secs] 
192.934: Total time for which application threads were stopped: 0.0516370 seconds, Stopping threads took: 0.0000080 seconds
192.934: Application time: 0.0000340 seconds
192.934: [Full GC [PSYoungGen: 69120K->69119K(80384K)] [ParOldGen: 182783K->182783K(182784K)] 251903K->251903K(263168K) [PSPermGen: 13494K->13494K(21504K)], 0.0504230 secs] [Times: user=0.35 sys=0.00, real=0.05 secs] 
192.985: Total time for which application threads were stopped: 0.0508120 seconds, Stopping threads took: 0.0000090 seconds
192.985: Application time: 0.0000420 seconds
192.985: [Full GC [PSYoungGen: 69120K->69120K(80384K)] [ParOldGen: 182783K->182783K(182784K)] 251903K->251903K(263168K) [PSPermGen: 13494K->13494K(21504K)], 0.0506710 secs] [Times: user=0.35 sys=0.00, real=0.05 secs] 
193.036: Total time for which application threads were stopped: 0.0510550 seconds, Stopping threads took: 0.0000080 seconds
193.036: Application time: 0.0000450 seconds
193.036: [Full GC [PSYoungGen: 69120K->69120K(80384K)] [ParOldGen: 182784K->182783K(182784K)] 251904K->251903K(263168K) [PSPermGen: 13494K->13494K(21504K)], 0.0506660 secs] [Times: user=0.35 sys=0.00, real=0.05 secs] 
193.087: Total time for which application threads were stopped: 0.0510540 seconds, Stopping threads took: 0.0000100 seconds
193.087: Application time: 0.0000510 seconds
193.088: [Full GC [PSYoungGen: 69120K->69119K(80384K)] [ParOldGen: 182783K->182783K(182784K)] 251903K->251903K(263168K) [PSPermGen: 13494K->13494K(21504K)], 0.0506720 secs] [Times: user=0.35 sys=0.00, real=0.06 secs] 
193.138: Total time for which application threads were stopped: 0.0510610 seconds, Stopping threads took: 0.0000080 seconds
193.138: Application time: 0.0000780 seconds
193.139: [Full GC [PSYoungGen: 69120K->69119K(80384K)] [ParOldGen: 182783K->182783K(182784K)] 251903K->251903K(263168K) [PSPermGen: 13494K->13494K(21504K)], 0.0507290 secs] [Times: user=0.35 sys=0.00, real=0.05 secs] 
193.189: Total time for which application threads were stopped: 0.0511190 seconds, Stopping threads took: 0.0000070 seconds
193.190: Application time: 0.0000480 seconds
193.190: [Full GC [PSYoungGen: 69120K->69119K(80384K)] [ParOldGen: 182783K->182783K(182784K)] 251903K->251903K(263168K) [PSPermGen: 13494K->13494K(21504K)], 0.0524640 secs] [Times: user=0.37 sys=0.01, real=0.05 secs] 
193.242: Total time for which application threads were stopped: 0.0528550 seconds, Stopping threads took: 0.0000080 seconds
193.242: Application time: 0.0000280 seconds
193.243: [Full GC [PSYoungGen: 69120K->69119K(80384K)] [ParOldGen: 182783K->182783K(182784K)] 251903K->251903K(263168K) [PSPermGen: 13494K->13494K(21504K)], 0.0505430 secs] [Times: user=0.35 sys=0.00, real=0.05 secs] 
193.293: Total time for which application threads were stopped: 0.0509380 seconds, Stopping threads took: 0.0000110 seconds
193.293: Application time: 0.0000340 seconds
193.294: [Full GC [PSYoungGen: 69120K->69119K(80384K)] [ParOldGen: 182783K->182783K(182784K)] 251903K->251903K(263168K) [PSPermGen: 13494K->13494K(21504K)], 0.0503530 secs] [Times: user=0.34 sys=0.00, real=0.05 secs] 
193.344: Total time for which application threads were stopped: 0.0507390 seconds, Stopping threads took: 0.0000070 seconds
193.344: Application time: 0.0000290 seconds
193.345: [Full GC [PSYoungGen: 69120K->69119K(80384K)] [ParOldGen: 182783K->182783K(182784K)] 251903K->251903K(263168K) [PSPermGen: 13494K->13494K(21504K)], 0.0504770 secs] [Times: user=0.34 sys=0.00, real=0.05 secs] 
193.395: Total time for which application threads were stopped: 0.0509020 seconds, Stopping threads took: 0.0000130 seconds
193.395: Application time: 0.0000420 seconds
193.395: [Full GC [PSYoungGen: 69119K->69119K(80384K)] [ParOldGen: 182783K->182783K(182784K)] 251903K->251903K(263168K) [PSPermGen: 13494K->13494K(21504K)], 0.0508510 secs] [Times: user=0.35 sys=0.00, real=0.05 secs] 
193.446: Total time for which application threads were stopped: 0.0512370 seconds, Stopping threads took: 0.0000070 seconds
193.446: Application time: 0.0000410 seconds
193.447: [Full GC [PSYoungGen: 69119K->69119K(80384K)] [ParOldGen: 182783K->182783K(182784K)] 251903K->251903K(263168K) [PSPermGen: 13494K->13494K(21504K)], 0.0509220 secs] [Times: user=0.35 sys=0.00, real=0.06 secs] 
193.498: Total time for which application threads were stopped: 0.0513120 seconds, Stopping threads took: 0.0000080 seconds
193.498: Application time: 0.0000500 seconds
193.498: [Full GC [PSYoungGen: 69119K->69119K(80384K)] [ParOldGen: 182783K->182783K(182784K)] 251903K->251903K(263168K) [PSPermGen: 13494K->13494K(21504K)], 0.0506770 secs] [Times: user=0.35 sys=0.00, real=0.05 secs] 
193.549: Total time for which application threads were stopped: 0.0510660 seconds, Stopping threads took: 0.0000080 seconds
193.549: Application time: 0.0000420 seconds
193.549: [Full GC [PSYoungGen: 69119K->69119K(80384K)] [ParOldGen: 182783K->182783K(182784K)] 251903K->251903K(263168K) [PSPermGen: 13494K->13494K(21504K)], 0.0506130 secs] [Times: user=0.35 sys=0.00, real=0.05 secs] 
193.600: Total time for which application threads were stopped: 0.0510080 seconds, Stopping threads took: 0.0000100 seconds
193.600: Application time: 0.0000460 seconds
193.600: [Full GC [PSYoungGen: 69120K->69119K(80384K)] [ParOldGen: 182783K->182783K(182784K)] 251903K->251903K(263168K) [PSPermGen: 13494K->13494K(21504K)], 0.0504870 secs] [Times: user=0.35 sys=0.00, real=0.05 secs] 
193.651: Total time for which application threads were stopped: 0.0509090 seconds, Stopping threads took: 0.0000220 seconds
193.651: Application time: 0.0000380 seconds
193.651: [Full GC [PSYoungGen: 69120K->69119K(80384K)] [ParOldGen: 182783K->182783K(182784K)] 251903K->251903K(263168K) [PSPermGen: 13494K->13494K(21504K)], 0.0506270 secs] [Times: user=0.35 sys=0.00, real=0.05 secs] 
193.702: Total time for which application threads were stopped: 0.0510270 seconds, Stopping threads took: 0.0000200 seconds
193.702: Application time: 0.0000500 seconds
193.702: [Full GC [PSYoungGen: 69120K->69119K(80384K)] [ParOldGen: 182783K->182783K(182784K)] 251903K->251903K(263168K) [PSPermGen: 13494K->13494K(21504K)], 0.0534990 secs] [Times: user=0.38 sys=0.00, real=0.05 secs] 
193.756: Total time for which application threads were stopped: 0.0538890 seconds, Stopping threads took: 0.0000080 seconds
193.756: Application time: 0.0000530 seconds
193.756: [Full GC [PSYoungGen: 69120K->69119K(80384K)] [ParOldGen: 182783K->182783K(182784K)] 251903K->251903K(263168K) [PSPermGen: 13494K->13494K(21504K)], 0.0504630 secs] [Times: user=0.35 sys=0.00, real=0.05 secs] 
193.807: Total time for which application threads were stopped: 0.0508650 seconds, Stopping threads took: 0.0000080 seconds
193.807: Application time: 0.0000470 seconds
193.807: [Full GC [PSYoungGen: 69120K->69119K(80384K)] [ParOldGen: 182783K->182783K(182784K)] 251903K->251902K(263168K) [PSPermGen: 13494K->13494K(21504K)], 0.0507150 secs] [Times: user=0.35 sys=0.00, real=0.06 secs] 
193.858: Total time for which application threads were stopped: 0.0511080 seconds, Stopping threads took: 0.0000080 seconds
193.858: Application time: 0.0000340 seconds
193.858: [Full GC [PSYoungGen: 69120K->69119K(80384K)] [ParOldGen: 182783K->182783K(182784K)] 251903K->251902K(263168K) [PSPermGen: 13494K->13494K(21504K)], 0.0508240 secs] [Times: user=0.35 sys=0.00, real=0.05 secs] 
193.909: Total time for which application threads were stopped: 0.0512320 seconds, Stopping threads took: 0.0000080 seconds
193.909: Application time: 0.0000430 seconds
193.910: [Full GC [PSYoungGen: 69120K->69119K(80384K)] [ParOldGen: 182783K->182783K(182784K)] 251903K->251902K(263168K) [PSPermGen: 13494K->13494K(21504K)], 0.0521010 secs] [Times: user=0.36 sys=0.00, real=0.05 secs] 
193.962: Total time for which application threads were stopped: 0.0525000 seconds, Stopping threads took: 0.0000170 seconds
193.962: Application time: 0.0000510 seconds
193.962: [Full GC [PSYoungGen: 69120K->69119K(80384K)] [ParOldGen: 182783K->182783K(182784K)] 251903K->251903K(263168K) [PSPermGen: 13494K->13494K(21504K)], 0.0506060 secs] [Times: user=0.35 sys=0.00, real=0.05 secs] 
194.013: Total time for which application threads were stopped: 0.0509850 seconds, Stopping threads took: 0.0000060 seconds
194.013: Application time: 0.0000390 seconds
194.013: [Full GC [PSYoungGen: 69120K->69119K(80384K)] [ParOldGen: 182783K->182783K(182784K)] 251903K->251902K(263168K) [PSPermGen: 13494K->13494K(21504K)], 0.0504380 secs] [Times: user=0.34 sys=0.00, real=0.05 secs] 
194.064: Total time for which application threads were stopped: 0.0508250 seconds, Stopping threads took: 0.0000100 seconds
194.064: Application time: 0.0000320 seconds
194.064: [Full GC [PSYoungGen: 69120K->69119K(80384K)] [ParOldGen: 182783K->182783K(182784K)] 251903K->251902K(263168K) [PSPermGen: 13494K->13494K(21504K)], 0.0507570 secs] [Times: user=0.35 sys=0.00, real=0.05 secs] 
194.115: Total time for which application threads were stopped: 0.0511440 seconds, Stopping threads took: 0.0000100 seconds
194.115: Application time: 0.0000450 seconds
194.115: [Full GC [PSYoungGen: 69120K->69119K(80384K)] [ParOldGen: 182783K->182783K(182784K)] 251903K->251902K(263168K) [PSPermGen: 13494K->13494K(21504K)], 0.0505400 secs] [Times: user=0.35 sys=0.00, real=0.05 secs] 
194.166: Total time for which application threads were stopped: 0.0509510 seconds, Stopping threads took: 0.0000080 seconds
194.166: Application time: 0.0000480 seconds
194.166: [Full GC [PSYoungGen: 69120K->69119K(80384K)] [ParOldGen: 182783K->182783K(182784K)] 251903K->251903K(263168K) [PSPermGen: 13494K->13494K(21504K)], 0.0503510 secs] [Times: user=0.34 sys=0.00, real=0.05 secs] 
194.217: Total time for which application threads were stopped: 0.0507510 seconds, Stopping threads took: 0.0000080 seconds
194.217: Application time: 0.0000450 seconds
194.217: [Full GC [PSYoungGen: 69119K->69119K(80384K)] [ParOldGen: 182783K->182783K(182784K)] 251903K->251903K(263168K) [PSPermGen: 13494K->13494K(21504K)], 0.0508830 secs] [Times: user=0.35 sys=0.01, real=0.04 secs] 
194.268: Total time for which application threads were stopped: 0.0512720 seconds, Stopping threads took: 0.0000100 seconds
194.268: Application time: 0.0000670 seconds
194.268: [Full GC [PSYoungGen: 69119K->69119K(80384K)] [ParOldGen: 182783K->182783K(182784K)] 251903K->251902K(263168K) [PSPermGen: 13495K->13495K(21504K)], 0.0504970 secs] [Times: user=0.35 sys=0.00, real=0.06 secs] 
194.319: Total time for which application threads were stopped: 0.0509080 seconds, Stopping threads took: 0.0000220 seconds
194.319: Application time: 0.0000310 seconds
194.319: [Full GC [PSYoungGen: 69120K->69119K(80384K)] [ParOldGen: 182783K->182783K(182784K)] 251903K->251903K(263168K) [PSPermGen: 13495K->13495K(21504K)], 0.0506830 secs] [Times: user=0.35 sys=0.00, real=0.05 secs] 
194.370: Total time for which application threads were stopped: 0.0510780 seconds, Stopping threads took: 0.0000100 seconds
194.370: Application time: 0.0000280 seconds
194.370: [Full GC [PSYoungGen: 69120K->69119K(80384K)] [ParOldGen: 182783K->182783K(182784K)] 251903K->251903K(263168K) [PSPermGen: 13495K->13495K(21504K)], 0.0507090 secs] [Times: user=0.35 sys=0.00, real=0.05 secs] 
194.421: Total time for which application threads were stopped: 0.0511160 seconds, Stopping threads took: 0.0000080 seconds
194.421: Application time: 0.0000440 seconds
194.422: [Full GC [PSYoungGen: 69120K->69119K(80384K)] [ParOldGen: 182783K->182783K(182784K)] 251903K->251903K(263168K) [PSPermGen: 13495K->13495K(21504K)], 0.0505200 secs] [Times: user=0.35 sys=0.00, real=0.05 secs] 
194.472: Total time for which application threads were stopped: 0.0509040 seconds, Stopping threads took: 0.0000070 seconds
194.472: Application time: 0.0000370 seconds
194.472: [Full GC [PSYoungGen: 69120K->69119K(80384K)] [ParOldGen: 182783K->182783K(182784K)] 251903K->251903K(263168K) [PSPermGen: 13495K->13495K(21504K)], 0.0506000 secs] [Times: user=0.35 sys=0.00, real=0.05 secs] 
194.523: Total time for which application threads were stopped: 0.0509950 seconds, Stopping threads took: 0.0000170 seconds
194.523: Application time: 0.0000290 seconds
194.524: [Full GC [PSYoungGen: 69120K->69119K(80384K)] [ParOldGen: 182783K->182783K(182784K)] 251903K->251903K(263168K) [PSPermGen: 13495K->13495K(21504K)], 0.0505340 secs] [Times: user=0.35 sys=0.00, real=0.05 secs] 
194.574: Total time for which application threads were stopped: 0.0509190 seconds, Stopping threads took: 0.0000070 seconds
194.574: Application time: 0.0000380 seconds
194.574: [Full GC [PSYoungGen: 69120K->69119K(80384K)] [ParOldGen: 182783K->182783K(182784K)] 251903K->251903K(263168K) [PSPermGen: 13495K->13495K(21504K)], 0.0505710 secs] [Times: user=0.34 sys=0.00, real=0.05 secs] 
194.625: Total time for which application threads were stopped: 0.0509640 seconds, Stopping threads took: 0.0000140 seconds
194.625: Application time: 0.0000790 seconds
194.626: [Full GC [PSYoungGen: 69120K->69119K(80384K)] [ParOldGen: 182783K->182783K(182784K)] 251903K->251903K(263168K) [PSPermGen: 13495K->13495K(21504K)], 0.0505460 secs] [Times: user=0.34 sys=0.00, real=0.05 secs] 
194.676: Total time for which application threads were stopped: 0.0509540 seconds, Stopping threads took: 0.0000240 seconds
194.676: Application time: 0.0000490 seconds
194.677: [Full GC [PSYoungGen: 69120K->69119K(80384K)] [ParOldGen: 182783K->182783K(182784K)] 251903K->251903K(263168K) [PSPermGen: 13496K->13496K(21504K)], 0.0506290 secs] [Times: user=0.35 sys=0.01, real=0.05 secs] 
194.727: Total time for which application threads were stopped: 0.0510430 seconds, Stopping threads took: 0.0000210 seconds
194.727: Application time: 0.0000420 seconds
194.728: [Full GC [PSYoungGen: 69119K->69119K(80384K)] [ParOldGen: 182783K->182783K(182784K)] 251903K->251903K(263168K) [PSPermGen: 13496K->13496K(21504K)], 0.0510250 secs] [Times: user=0.35 sys=0.00, real=0.06 secs] 
194.779: Total time for which application threads were stopped: 0.0514460 seconds, Stopping threads took: 0.0000340 seconds
194.779: Application time: 0.0000510 seconds
194.779: [Full GC [PSYoungGen: 69119K->69119K(80384K)] [ParOldGen: 182783K->182783K(182784K)] 251903K->251902K(263168K) [PSPermGen: 13496K->13496K(21504K)], 0.0547800 secs] [Times: user=0.38 sys=0.00, real=0.05 secs] 
194.834: Total time for which application threads were stopped: 0.0551750 seconds, Stopping threads took: 0.0000200 seconds
194.834: Application time: 0.0000520 seconds
194.834: [Full GC [PSYoungGen: 69120K->69119K(80384K)] [ParOldGen: 182783K->182783K(182784K)] 251903K->251903K(263168K) [PSPermGen: 13496K->13496K(21504K)], 0.0504640 secs] [Times: user=0.35 sys=0.00, real=0.05 secs] 
194.885: Total time for which application threads were stopped: 0.0509060 seconds, Stopping threads took: 0.0000430 seconds
194.885: Application time: 0.0000480 seconds
194.885: [Full GC [PSYoungGen: 69120K->69119K(80384K)] [ParOldGen: 182783K->182783K(182784K)] 251903K->251903K(263168K) [PSPermGen: 13496K->13496K(21504K)], 0.0511290 secs] [Times: user=0.35 sys=0.00, real=0.05 secs] 
194.937: Total time for which application threads were stopped: 0.0516640 seconds, Stopping threads took: 0.0000280 seconds
194.937: Application time: 0.0000770 seconds
194.937: [Full GC [PSYoungGen: 69120K->69119K(80384K)] [ParOldGen: 182783K->182783K(182784K)] 251903K->251903K(263168K) [PSPermGen: 13496K->13496K(21504K)], 0.0503750 secs] [Times: user=0.35 sys=0.00, real=0.04 secs] 
194.987: Total time for which application threads were stopped: 0.0507690 seconds, Stopping threads took: 0.0000120 seconds
194.988: Application time: 0.0000570 seconds
194.988: [Full GC [PSYoungGen: 69120K->69119K(80384K)] [ParOldGen: 182783K->182783K(182784K)] 251903K->251903K(263168K) [PSPermGen: 13496K->13496K(21504K)], 0.0509280 secs] [Times: user=0.35 sys=0.00, real=0.06 secs] 
195.039: Total time for which application threads were stopped: 0.0513250 seconds, Stopping threads took: 0.0000190 seconds
195.039: Application time: 0.0000480 seconds
195.039: [Full GC [PSYoungGen: 69120K->69090K(80384K)] [ParOldGen: 182783K->182783K(182784K)] 251903K->251874K(263168K) [PSPermGen: 13496K->13496K(21504K)], 0.0564340 secs] [Times: user=0.40 sys=0.00, real=0.05 secs] 
195.096: Total time for which application threads were stopped: 0.0568310 seconds, Stopping threads took: 0.0000070 seconds
195.096: Application time: 0.0001190 seconds
195.096: [Full GC [PSYoungGen: 69120K->69092K(80384K)] [ParOldGen: 182783K->182782K(182784K)] 251903K->251874K(263168K) [PSPermGen: 13496K->13496K(21504K)], 0.0547850 secs] [Times: user=0.38 sys=0.00, real=0.06 secs] 
195.151: Total time for which application threads were stopped: 0.0552080 seconds, Stopping threads took: 0.0000450 seconds
195.151: Application time: 0.0001140 seconds
195.152: [Full GC [PSYoungGen: 69120K->69092K(80384K)] [ParOldGen: 182782K->182782K(182784K)] 251902K->251874K(263168K) [PSPermGen: 13496K->13496K(21504K)], 0.0504430 secs] [Times: user=0.35 sys=0.00, real=0.05 secs] 
195.202: Total time for which application threads were stopped: 0.0508370 seconds, Stopping threads took: 0.0000170 seconds
195.202: Application time: 0.0001090 seconds
195.202: [Full GC [PSYoungGen: 69120K->69092K(80384K)] [ParOldGen: 182782K->182782K(182784K)] 251902K->251875K(263168K) [PSPermGen: 13496K->13496K(21504K)], 0.0511130 secs] [Times: user=0.35 sys=0.00, real=0.05 secs] 
195.254: Total time for which application threads were stopped: 0.0515180 seconds, Stopping threads took: 0.0000200 seconds
195.254: Application time: 0.0001090 seconds
195.254: [Full GC [PSYoungGen: 69120K->69093K(80384K)] [ParOldGen: 182782K->182782K(182784K)] 251902K->251875K(263168K) [PSPermGen: 13496K->13496K(21504K)], 0.0505770 secs] [Times: user=0.35 sys=0.00, real=0.05 secs] 
195.305: Total time for which application threads were stopped: 0.0509730 seconds, Stopping threads took: 0.0000230 seconds
195.305: Application time: 0.0000980 seconds
195.305: [Full GC [PSYoungGen: 69120K->69093K(80384K)] [ParOldGen: 182782K->182782K(182784K)] 251902K->251875K(263168K) [PSPermGen: 13496K->13496K(21504K)], 0.0504000 secs] [Times: user=0.35 sys=0.00, real=0.05 secs] 
195.356: Total time for which application threads were stopped: 0.0507920 seconds, Stopping threads took: 0.0000070 seconds
195.356: Application time: 0.0001040 seconds
195.356: [Full GC [PSYoungGen: 69120K->69093K(80384K)] [ParOldGen: 182782K->182782K(182784K)] 251902K->251875K(263168K) [PSPermGen: 13496K->13496K(21504K)], 0.0527220 secs] [Times: user=0.37 sys=0.00, real=0.06 secs] 
195.409: Total time for which application threads were stopped: 0.0531330 seconds, Stopping threads took: 0.0000330 seconds
195.409: Application time: 0.0001140 seconds
195.409: [Full GC [PSYoungGen: 69120K->69093K(80384K)] [ParOldGen: 182782K->182782K(182784K)] 251902K->251875K(263168K) [PSPermGen: 13496K->13496K(21504K)], 0.0505450 secs] [Times: user=0.35 sys=0.00, real=0.05 secs] 
195.460: Total time for which application threads were stopped: 0.0509950 seconds, Stopping threads took: 0.0000490 seconds
195.460: Application time: 0.0001110 seconds
195.460: [Full GC [PSYoungGen: 69120K->69093K(80384K)] [ParOldGen: 182782K->182781K(182784K)] 251902K->251875K(263168K) [PSPermGen: 13496K->13496K(21504K)], 0.0503650 secs] [Times: user=0.35 sys=0.00, real=0.05 secs] 
195.511: Total time for which application threads were stopped: 0.0507650 seconds, Stopping threads took: 0.0000200 seconds
195.511: Application time: 0.0001050 seconds
195.511: [Full GC [PSYoungGen: 69120K->69094K(80384K)] [ParOldGen: 182781K->182781K(182784K)] 251901K->251876K(263168K) [PSPermGen: 13496K->13496K(21504K)], 0.0505650 secs] [Times: user=0.35 sys=0.00, real=0.05 secs] 
195.562: Total time for which application threads were stopped: 0.0509570 seconds, Stopping threads took: 0.0000200 seconds
195.562: Application time: 0.0000900 seconds
195.562: [Full GC [PSYoungGen: 69120K->69094K(80384K)] [ParOldGen: 182781K->182781K(182784K)] 251901K->251876K(263168K) [PSPermGen: 13496K->13496K(21504K)], 0.0505670 secs] [Times: user=0.35 sys=0.00, real=0.05 secs] 
195.613: Total time for which application threads were stopped: 0.0509660 seconds, Stopping threads took: 0.0000180 seconds
195.613: Application time: 0.0000970 seconds
195.613: [Full GC [PSYoungGen: 69120K->69095K(80384K)] [ParOldGen: 182781K->182781K(182784K)] 251901K->251877K(263168K) [PSPermGen: 13496K->13496K(21504K)], 0.0508760 secs] [Times: user=0.35 sys=0.00, real=0.05 secs] 
195.664: Total time for which application threads were stopped: 0.0512740 seconds, Stopping threads took: 0.0000200 seconds
195.664: Application time: 0.0001010 seconds
195.665: [Full GC [PSYoungGen: 69120K->69095K(80384K)] [ParOldGen: 182781K->182781K(182784K)] 251901K->251877K(263168K) [PSPermGen: 13496K->13496K(21504K)], 0.0508960 secs] [Times: user=0.35 sys=0.00, real=0.05 secs] 
195.716: Total time for which application threads were stopped: 0.0513310 seconds, Stopping threads took: 0.0000470 seconds
195.716: Application time: 0.0001080 seconds
195.716: [Full GC [PSYoungGen: 69120K->69096K(80384K)] [ParOldGen: 182781K->182781K(182784K)] 251901K->251878K(263168K) [PSPermGen: 13496K->13496K(21504K)], 0.0505890 secs] [Times: user=0.35 sys=0.00, real=0.05 secs] 
195.767: Total time for which application threads were stopped: 0.0509850 seconds, Stopping threads took: 0.0000200 seconds
195.767: Application time: 0.0001020 seconds
195.767: [Full GC [PSYoungGen: 69120K->69096K(80384K)] [ParOldGen: 182781K->182781K(182784K)] 251901K->251878K(263168K) [PSPermGen: 13496K->13496K(21504K)], 0.0508680 secs] [Times: user=0.35 sys=0.00, real=0.06 secs] 
195.818: Total time for which application threads were stopped: 0.0512850 seconds, Stopping threads took: 0.0000250 seconds
195.818: Application time: 0.0001090 seconds
195.819: [Full GC [PSYoungGen: 69120K->69097K(80384K)] [ParOldGen: 182781K->182781K(182784K)] 251901K->251879K(263168K) [PSPermGen: 13496K->13496K(21504K)], 0.0505910 secs] [Times: user=0.35 sys=0.00, real=0.05 secs] 
195.869: Total time for which application threads were stopped: 0.0510220 seconds, Stopping threads took: 0.0000420 seconds
195.870: Application time: 0.0001070 seconds
195.870: [Full GC [PSYoungGen: 69120K->69098K(80384K)] [ParOldGen: 182781K->182781K(182784K)] 251901K->251879K(263168K) [PSPermGen: 13496K->13496K(21504K)], 0.0508070 secs] [Times: user=0.35 sys=0.00, real=0.05 secs] 
195.921: Total time for which application threads were stopped: 0.0512330 seconds, Stopping threads took: 0.0000520 seconds
195.921: Application time: 0.0000990 seconds
195.921: [Full GC [PSYoungGen: 69120K->69098K(80384K)] [ParOldGen: 182781K->182781K(182784K)] 251901K->251880K(263168K) [PSPermGen: 13496K->13496K(21504K)], 0.0502690 secs] [Times: user=0.35 sys=0.00, real=0.05 secs] 
195.972: Total time for which application threads were stopped: 0.0506870 seconds, Stopping threads took: 0.0000200 seconds
195.972: Application time: 0.0000910 seconds
195.972: [Full GC [PSYoungGen: 69120K->69098K(80384K)] [ParOldGen: 182781K->182781K(182784K)] 251901K->251880K(263168K) [PSPermGen: 13496K->13496K(21504K)], 0.0505350 secs] [Times: user=0.35 sys=0.00, real=0.05 secs] 
196.023: Total time for which application threads were stopped: 0.0509450 seconds, Stopping threads took: 0.0000280 seconds
196.023: Application time: 0.0001150 seconds
196.023: [Full GC [PSYoungGen: 69120K->69098K(80384K)] [ParOldGen: 182781K->182781K(182784K)] 251901K->251879K(263168K) [PSPermGen: 13496K->13496K(21504K)], 0.0526440 secs] [Times: user=0.37 sys=0.00, real=0.05 secs] 
196.076: Total time for which application threads were stopped: 0.0530700 seconds, Stopping threads took: 0.0000470 seconds
196.076: Application time: 0.0001020 seconds
196.076: [Full GC [PSYoungGen: 69120K->69096K(80384K)] [ParOldGen: 182781K->182781K(182784K)] 251901K->251877K(263168K) [PSPermGen: 13496K->13496K(21504K)], 0.0506450 secs] [Times: user=0.35 sys=0.00, real=0.05 secs] 
196.127: Total time for which application threads were stopped: 0.0510720 seconds, Stopping threads took: 0.0000480 seconds
196.127: Application time: 0.0001110 seconds
196.127: [Full GC [PSYoungGen: 69120K->69096K(80384K)] [ParOldGen: 182781K->182781K(182784K)] 251901K->251877K(263168K) [PSPermGen: 13496K->13496K(21504K)], 0.0504830 secs] [Times: user=0.35 sys=0.00, real=0.06 secs] 
196.178: Total time for which application threads were stopped: 0.0508830 seconds, Stopping threads took: 0.0000270 seconds
196.178: Application time: 0.0001000 seconds
196.178: [Full GC [PSYoungGen: 69120K->69099K(80384K)] [ParOldGen: 182781K->182781K(182784K)] 251901K->251881K(263168K) [PSPermGen: 13496K->13496K(21504K)], 0.0508790 secs] [Times: user=0.35 sys=0.01, real=0.05 secs] 
196.229: Total time for which application threads were stopped: 0.0512890 seconds, Stopping threads took: 0.0000390 seconds
196.229: Application time: 0.0000890 seconds
196.230: [Full GC [PSYoungGen: 69120K->69100K(80384K)] [ParOldGen: 182781K->182781K(182784K)] 251901K->251882K(263168K) [PSPermGen: 13496K->13496K(21504K)], 0.0504650 secs] [Times: user=0.34 sys=0.00, real=0.05 secs] 
196.280: Total time for which application threads were stopped: 0.0509150 seconds, Stopping threads took: 0.0000680 seconds
196.280: Application time: 0.0000670 seconds
196.281: [Full GC [PSYoungGen: 69120K->69101K(80384K)] [ParOldGen: 182781K->182781K(182784K)] 251901K->251883K(263168K) [PSPermGen: 13496K->13496K(21504K)], 0.0505190 secs] [Times: user=0.35 sys=0.00, real=0.05 secs] 
196.331: Total time for which application threads were stopped: 0.0509490 seconds, Stopping threads took: 0.0000400 seconds
196.331: Application time: 0.0000850 seconds
196.332: [Full GC [PSYoungGen: 69120K->69102K(80384K)] [ParOldGen: 182781K->182781K(182784K)] 251901K->251883K(263168K) [PSPermGen: 13496K->13496K(21504K)], 0.0525550 secs] [Times: user=0.37 sys=0.00, real=0.05 secs] 
196.384: Total time for which application threads were stopped: 0.0529610 seconds, Stopping threads took: 0.0000220 seconds
196.385: Application time: 0.0001140 seconds
196.385: [Full GC [PSYoungGen: 69120K->69102K(80384K)] [ParOldGen: 182781K->182781K(182784K)] 251901K->251883K(263168K) [PSPermGen: 13496K->13496K(21504K)], 0.0508240 secs] [Times: user=0.35 sys=0.01, real=0.05 secs] 
196.436: Total time for which application threads were stopped: 0.0512350 seconds, Stopping threads took: 0.0000210 seconds
196.436: Application time: 0.0000950 seconds
196.436: [Full GC [PSYoungGen: 69120K->69102K(80384K)] [ParOldGen: 182781K->182781K(182784K)] 251901K->251883K(263168K) [PSPermGen: 13496K->13496K(21504K)], 0.0504630 secs] [Times: user=0.35 sys=0.00, real=0.05 secs] 
196.487: Total time for which application threads were stopped: 0.0508940 seconds, Stopping threads took: 0.0000300 seconds
196.487: Application time: 0.0000610 seconds
196.487: [Full GC [PSYoungGen: 69120K->69114K(80384K)] [ParOldGen: 182781K->182781K(182784K)] 251901K->251896K(263168K) [PSPermGen: 13496K->13496K(21504K)], 0.0504620 secs] [Times: user=0.35 sys=0.00, real=0.06 secs] 
196.538: Total time for which application threads were stopped: 0.0509010 seconds, Stopping threads took: 0.0000620 seconds
196.538: Application time: 0.0000520 seconds
196.538: [Full GC [PSYoungGen: 69120K->69115K(80384K)] [ParOldGen: 182781K->182781K(182784K)] 251901K->251897K(263168K) [PSPermGen: 13496K->13496K(21504K)], 0.0503100 secs] [Times: user=0.35 sys=0.00, real=0.04 secs] 
196.588: Total time for which application threads were stopped: 0.0507370 seconds, Stopping threads took: 0.0000470 seconds
196.589: Application time: 0.0000450 seconds
196.589: [Full GC [PSYoungGen: 69120K->69116K(80384K)] [ParOldGen: 182781K->182781K(182784K)] 251901K->251897K(263168K) [PSPermGen: 13496K->13496K(21504K)], 0.0504820 secs] [Times: user=0.35 sys=0.00, real=0.05 secs] 
196.639: Total time for which application threads were stopped: 0.0509060 seconds, Stopping threads took: 0.0000310 seconds
196.639: Application time: 0.0000430 seconds
196.640: [Full GC [PSYoungGen: 69120K->69116K(80384K)] [ParOldGen: 182781K->182781K(182784K)] 251901K->251897K(263168K) [PSPermGen: 13496K->13496K(21504K)], 0.0505730 secs] [Times: user=0.35 sys=0.00, real=0.05 secs] 
196.690: Total time for which application threads were stopped: 0.0509820 seconds, Stopping threads took: 0.0000300 seconds
196.691: Application time: 0.0000450 seconds
196.691: [Full GC [PSYoungGen: 69120K->69116K(80384K)] [ParOldGen: 182781K->182781K(182784K)] 251901K->251897K(263168K) [PSPermGen: 13496K->13496K(21504K)], 0.0502880 secs] [Times: user=0.35 sys=0.00, real=0.05 secs] 
196.741: Total time for which application threads were stopped: 0.0507160 seconds, Stopping threads took: 0.0000470 seconds
196.741: Application time: 0.0000360 seconds
196.742: [Full GC [PSYoungGen: 69120K->69116K(80384K)] [ParOldGen: 182781K->182781K(182784K)] 251901K->251897K(263168K) [PSPermGen: 13496K->13496K(21504K)], 0.0505220 secs] [Times: user=0.35 sys=0.00, real=0.05 secs] 
196.792: Total time for which application threads were stopped: 0.0509270 seconds, Stopping threads took: 0.0000270 seconds
196.792: Application time: 0.0000580 seconds
196.793: Total time for which application threads were stopped: 0.0003600 seconds, Stopping threads took: 0.0000410 seconds
196.793: Application time: 0.0000510 seconds
196.793: [Full GC [PSYoungGen: 69120K->69114K(80384K)] [ParOldGen: 182783K->182782K(182784K)] 251903K->251897K(263168K) [PSPermGen: 13496K->13496K(21504K)], 0.0502270 secs] [Times: user=0.34 sys=0.00, real=0.05 secs] 
196.843: Total time for which application threads were stopped: 0.0503420 seconds, Stopping threads took: 0.0000040 seconds
196.843: Application time: 0.0000690 seconds
196.843: [Full GC [PSYoungGen: 69120K->69115K(80384K)] [ParOldGen: 182784K->182783K(182784K)] 251904K->251898K(263168K) [PSPermGen: 13496K->13496K(21504K)], 0.0507920 secs] [Times: user=0.34 sys=0.00, real=0.05 secs] 
196.894: Total time for which application threads were stopped: 0.0511960 seconds, Stopping threads took: 0.0000100 seconds
196.894: Application time: 0.0000580 seconds
196.895: [Full GC [PSYoungGen: 69120K->69115K(80384K)] [ParOldGen: 182783K->182782K(182784K)] 251903K->251898K(263168K) [PSPermGen: 13496K->13496K(21504K)], 0.0507130 secs] [Times: user=0.35 sys=0.00, real=0.05 secs] 
196.945: Total time for which application threads were stopped: 0.0511140 seconds, Stopping threads took: 0.0000180 seconds
196.945: Application time: 0.0000490 seconds
196.946: [Full GC [PSYoungGen: 69120K->69115K(80384K)] [ParOldGen: 182782K->182782K(182784K)] 251902K->251898K(263168K) [PSPermGen: 13496K->13496K(21504K)], 0.0526890 secs] [Times: user=0.36 sys=0.00, real=0.06 secs] 
196.999: Total time for which application threads were stopped: 0.0531420 seconds, Stopping threads took: 0.0000490 seconds
196.999: Application time: 0.0000590 seconds
196.999: [Full GC [PSYoungGen: 69120K->69116K(80384K)] [ParOldGen: 182782K->182781K(182784K)] 251902K->251898K(263168K) [PSPermGen: 13496K->13496K(21504K)], 0.0507890 secs] [Times: user=0.36 sys=0.00, real=0.05 secs] 
197.050: Total time for which application threads were stopped: 0.0512250 seconds, Stopping threads took: 0.0000550 seconds
197.050: Application time: 0.0000510 seconds
197.050: [Full GC [PSYoungGen: 69120K->69116K(80384K)] [ParOldGen: 182781K->182781K(182784K)] 251901K->251897K(263168K) [PSPermGen: 13496K->13496K(21504K)], 0.0904990 secs] [Times: user=0.65 sys=0.00, real=0.09 secs] 
197.141: Total time for which application threads were stopped: 0.0909010 seconds, Stopping threads took: 0.0000180 seconds
197.141: Application time: 0.0000430 seconds
197.141: [Full GC [PSYoungGen: 69120K->69116K(80384K)] [ParOldGen: 182781K->182781K(182784K)] 251901K->251897K(263168K) [PSPermGen: 13496K->13496K(21504K)], 0.0505860 secs] [Times: user=0.35 sys=0.00, real=0.05 secs] 
197.192: Total time for which application threads were stopped: 0.0509920 seconds, Stopping threads took: 0.0000250 seconds
197.192: Application time: 0.0000420 seconds
197.192: [Full GC [PSYoungGen: 69120K->69116K(80384K)] [ParOldGen: 182781K->182781K(182784K)] 251901K->251897K(263168K) [PSPermGen: 13496K->13496K(21504K)], 0.0505310 secs] [Times: user=0.35 sys=0.00, real=0.05 secs] 
197.243: Total time for which application threads were stopped: 0.0509330 seconds, Stopping threads took: 0.0000200 seconds
197.243: Application time: 0.0000700 seconds
197.243: [Full GC [PSYoungGen: 69120K->69116K(80384K)] [ParOldGen: 182781K->182781K(182784K)] 251901K->251897K(263168K) [PSPermGen: 13496K->13496K(21504K)], 0.0505070 secs] [Times: user=0.35 sys=0.00, real=0.05 secs] 
197.294: Total time for which application threads were stopped: 0.0508990 seconds, Stopping threads took: 0.0000090 seconds
197.294: Application time: 0.0000720 seconds
197.294: [Full GC [PSYoungGen: 69120K->69118K(80384K)] [ParOldGen: 182781K->182781K(182784K)] 251901K->251900K(263168K) [PSPermGen: 13496K->13496K(21504K)], 0.0519120 secs] [Times: user=0.37 sys=0.00, real=0.05 secs] 
197.346: Total time for which application threads were stopped: 0.0523060 seconds, Stopping threads took: 0.0000090 seconds
197.346: Application time: 0.0000850 seconds
197.347: [Full GC [PSYoungGen: 69120K->69119K(80384K)] [ParOldGen: 182781K->182781K(182784K)] 251901K->251901K(263168K) [PSPermGen: 13496K->13496K(21504K)], 0.0506840 secs] [Times: user=0.35 sys=0.00, real=0.06 secs] 
197.397: Total time for which application threads were stopped: 0.0510810 seconds, Stopping threads took: 0.0000200 seconds
197.397: Application time: 0.0000780 seconds
197.398: [Full GC [PSYoungGen: 69120K->69119K(80384K)] [ParOldGen: 182781K->182781K(182784K)] 251901K->251901K(263168K) [PSPermGen: 13496K->13496K(21504K)], 0.0510190 secs] [Times: user=0.35 sys=0.00, real=0.05 secs] 
197.449: Total time for which application threads were stopped: 0.0514130 seconds, Stopping threads took: 0.0000120 seconds
197.449: Application time: 0.0001060 seconds
197.449: [Full GC [PSYoungGen: 69119K->69119K(80384K)] [ParOldGen: 182783K->182781K(182784K)] 251903K->251901K(263168K) [PSPermGen: 13496K->13496K(21504K)], 0.0505860 secs] [Times: user=0.35 sys=0.00, real=0.05 secs] 
197.500: Total time for which application threads were stopped: 0.0510060 seconds, Stopping threads took: 0.0000080 seconds
197.500: Application time: 0.0000420 seconds
197.500: [Full GC [PSYoungGen: 69120K->69119K(80384K)] [ParOldGen: 182781K->182781K(182784K)] 251901K->251901K(263168K) [PSPermGen: 13496K->13496K(21504K)], 0.0504670 secs] [Times: user=0.35 sys=0.00, real=0.05 secs] 
197.551: Total time for which application threads were stopped: 0.0508620 seconds, Stopping threads took: 0.0000080 seconds
197.551: Application time: 0.0000340 seconds
197.551: [Full GC [PSYoungGen: 69120K->69119K(80384K)] [ParOldGen: 182781K->182781K(182784K)] 251901K->251901K(263168K) [PSPermGen: 13496K->13496K(21504K)], 0.0507160 secs] [Times: user=0.35 sys=0.00, real=0.05 secs] 
197.602: Total time for which application threads were stopped: 0.0511070 seconds, Stopping threads took: 0.0000070 seconds
197.602: Application time: 0.0000460 seconds
197.602: [Full GC [PSYoungGen: 69120K->69119K(80384K)] [ParOldGen: 182781K->182781K(182784K)] 251901K->251901K(263168K) [PSPermGen: 13496K->13496K(21504K)], 0.0507320 secs] [Times: user=0.35 sys=0.00, real=0.05 secs] 
197.653: Total time for which application threads were stopped: 0.0511230 seconds, Stopping threads took: 0.0000090 seconds
197.653: Application time: 0.0000280 seconds
197.654: [Full GC [PSYoungGen: 69120K->69119K(80384K)] [ParOldGen: 182781K->182781K(182784K)] 251901K->251901K(263168K) [PSPermGen: 13496K->13496K(21504K)], 0.0505160 secs] [Times: user=0.35 sys=0.00, real=0.05 secs] 
197.704: Total time for which application threads were stopped: 0.0509110 seconds, Stopping threads took: 0.0000100 seconds
197.704: Application time: 0.0000560 seconds
197.705: [Full GC [PSYoungGen: 69120K->69119K(80384K)] [ParOldGen: 182781K->182781K(182784K)] 251901K->251901K(263168K) [PSPermGen: 13496K->13496K(21504K)], 0.0506000 secs] [Times: user=0.35 sys=0.01, real=0.05 secs] 
197.755: Total time for which application threads were stopped: 0.0509910 seconds, Stopping threads took: 0.0000080 seconds
197.755: Application time: 0.0000360 seconds
197.756: [Full GC [PSYoungGen: 69120K->69119K(80384K)] [ParOldGen: 182781K->182781K(182784K)] 251901K->251901K(263168K) [PSPermGen: 13496K->13496K(21504K)], 0.0510330 secs] [Times: user=0.35 sys=0.00, real=0.05 secs] 
197.807: Total time for which application threads were stopped: 0.0514290 seconds, Stopping threads took: 0.0000080 seconds
197.807: Application time: 0.0000570 seconds
197.807: [Full GC [PSYoungGen: 69119K->69119K(80384K)] [ParOldGen: 182781K->182781K(182784K)] 251901K->251901K(263168K) [PSPermGen: 13496K->13496K(21504K)], 0.0506840 secs] [Times: user=0.35 sys=0.00, real=0.06 secs] 
197.858: Total time for which application threads were stopped: 0.0510790 seconds, Stopping threads took: 0.0000080 seconds
197.858: Application time: 0.0000470 seconds
197.858: [Full GC [PSYoungGen: 69119K->69119K(80384K)] [ParOldGen: 182781K->182781K(182784K)] 251901K->251901K(263168K) [PSPermGen: 13496K->13496K(21504K)], 0.0526570 secs] [Times: user=0.37 sys=0.00, real=0.05 secs] 
197.911: Total time for which application threads were stopped: 0.0530400 seconds, Stopping threads took: 0.0000080 seconds
197.911: Application time: 0.0000300 seconds
197.911: [Full GC [PSYoungGen: 69120K->69119K(80384K)] [ParOldGen: 182781K->182781K(182784K)] 251901K->251901K(263168K) [PSPermGen: 13496K->13496K(21504K)], 0.0506300 secs] [Times: user=0.35 sys=0.00, real=0.05 secs] 
197.962: Total time for which application threads were stopped: 0.0510110 seconds, Stopping threads took: 0.0000070 seconds
197.962: Application time: 0.0000480 seconds
197.962: [Full GC [PSYoungGen: 69119K->69119K(80384K)] [ParOldGen: 182781K->182781K(182784K)] 251901K->251901K(263168K) [PSPermGen: 13496K->13496K(21504K)], 0.0505630 secs] [Times: user=0.35 sys=0.00, real=0.05 secs] 
198.013: Total time for which application threads were stopped: 0.0509790 seconds, Stopping threads took: 0.0000070 seconds
198.013: Application time: 0.0000400 seconds
198.013: [Full GC [PSYoungGen: 69119K->69119K(80384K)] [ParOldGen: 182781K->182781K(182784K)] 251901K->251901K(263168K) [PSPermGen: 13496K->13496K(21504K)], 0.0505310 secs] [Times: user=0.35 sys=0.00, real=0.05 secs] 
198.064: Total time for which application threads were stopped: 0.0509150 seconds, Stopping threads took: 0.0000080 seconds
198.064: Application time: 0.0000650 seconds
198.064: [Full GC [PSYoungGen: 69119K->69119K(80384K)] [ParOldGen: 182783K->182782K(182784K)] 251903K->251902K(263168K) [PSPermGen: 13496K->13496K(21504K)], 0.0506880 secs] [Times: user=0.35 sys=0.00, real=0.05 secs] 
198.115: Total time for which application threads were stopped: 0.0510720 seconds, Stopping threads took: 0.0000070 seconds
198.115: Application time: 0.0000570 seconds
198.115: [Full GC [PSYoungGen: 69120K->69119K(80384K)] [ParOldGen: 182782K->182782K(182784K)] 251902K->251902K(263168K) [PSPermGen: 13496K->13496K(21504K)], 0.0518090 secs] [Times: user=0.36 sys=0.00, real=0.05 secs] 
198.167: Total time for which application threads were stopped: 0.0522020 seconds, Stopping threads took: 0.0000080 seconds
198.167: Application time: 0.0000510 seconds
198.168: [Full GC [PSYoungGen: 69120K->69119K(80384K)] [ParOldGen: 182782K->182782K(182784K)] 251902K->251902K(263168K) [PSPermGen: 13496K->13496K(21504K)], 0.0507530 secs] [Times: user=0.35 sys=0.00, real=0.06 secs] 
198.219: Total time for which application threads were stopped: 0.0511330 seconds, Stopping threads took: 0.0000070 seconds
198.219: Application time: 0.0000640 seconds
198.219: [Full GC [PSYoungGen: 69120K->69119K(80384K)] [ParOldGen: 182782K->182782K(182784K)] 251902K->251902K(263168K) [PSPermGen: 13496K->13496K(21504K)], 0.0507330 secs] [Times: user=0.35 sys=0.00, real=0.05 secs] 
198.270: Total time for which application threads were stopped: 0.0511210 seconds, Stopping threads took: 0.0000080 seconds
198.270: Application time: 0.0000830 seconds
198.270: [Full GC [PSYoungGen: 69120K->69119K(80384K)] [ParOldGen: 182782K->182782K(182784K)] 251902K->251902K(263168K) [PSPermGen: 13496K->13496K(21504K)], 0.0506850 secs] [Times: user=0.35 sys=0.00, real=0.05 secs] 
198.321: Total time for which application threads were stopped: 0.0510790 seconds, Stopping threads took: 0.0000110 seconds
198.321: Application time: 0.0000690 seconds
198.321: [Full GC [PSYoungGen: 69120K->69119K(80384K)] [ParOldGen: 182782K->182782K(182784K)] 251902K->251902K(263168K) [PSPermGen: 13496K->13496K(21504K)], 0.0504930 secs] [Times: user=0.35 sys=0.00, real=0.05 secs] 
198.372: Total time for which application threads were stopped: 0.0508780 seconds, Stopping threads took: 0.0000080 seconds
198.372: Application time: 0.0000450 seconds
198.372: [Full GC [PSYoungGen: 69120K->69119K(80384K)] [ParOldGen: 182782K->182782K(182784K)] 251902K->251902K(263168K) [PSPermGen: 13496K->13496K(21504K)], 0.0505520 secs] [Times: user=0.35 sys=0.00, real=0.05 secs] 
198.423: Total time for which application threads were stopped: 0.0509390 seconds, Stopping threads took: 0.0000110 seconds
198.423: Application time: 0.0000280 seconds
198.423: [Full GC [PSYoungGen: 69120K->69119K(80384K)] [ParOldGen: 182782K->182782K(182784K)] 251902K->251902K(263168K) [PSPermGen: 13496K->13496K(21504K)], 0.0507610 secs] [Times: user=0.35 sys=0.00, real=0.05 secs] 
198.474: Total time for which application threads were stopped: 0.0511490 seconds, Stopping threads took: 0.0000120 seconds
198.474: Application time: 0.0000480 seconds
198.474: [Full GC [PSYoungGen: 69120K->69119K(80384K)] [ParOldGen: 182782K->182782K(182784K)] 251902K->251902K(263168K) [PSPermGen: 13496K->13496K(21504K)], 0.0506460 secs] [Times: user=0.35 sys=0.00, real=0.05 secs] 
198.525: Total time for which application threads were stopped: 0.0510590 seconds, Stopping threads took: 0.0000080 seconds
198.525: Application time: 0.0000310 seconds
198.525: [Full GC [PSYoungGen: 69120K->69119K(80384K)] [ParOldGen: 182782K->182782K(182784K)] 251902K->251902K(263168K) [PSPermGen: 13496K->13496K(21504K)], 0.0504450 secs] [Times: user=0.34 sys=0.00, real=0.05 secs] 
198.576: Total time for which application threads were stopped: 0.0508360 seconds, Stopping threads took: 0.0000090 seconds
198.576: Application time: 0.0000540 seconds
198.576: [Full GC [PSYoungGen: 69120K->69119K(80384K)] [ParOldGen: 182782K->182782K(182784K)] 251902K->251902K(263168K) [PSPermGen: 13496K->13496K(21504K)], 0.0520260 secs] [Times: user=0.36 sys=0.00, real=0.05 secs] 
198.628: Total time for which application threads were stopped: 0.0524190 seconds, Stopping threads took: 0.0000090 seconds
198.629: Application time: 0.0000500 seconds
198.629: [Full GC [PSYoungGen: 69120K->69119K(80384K)] [ParOldGen: 182783K->182783K(182784K)] 251903K->251903K(263168K) [PSPermGen: 13496K->13496K(21504K)], 0.0505880 secs] [Times: user=0.35 sys=0.00, real=0.05 secs] 
198.679: Total time for which application threads were stopped: 0.0509840 seconds, Stopping threads took: 0.0000100 seconds
198.680: Application time: 0.0000330 seconds
198.680: [Full GC [PSYoungGen: 69120K->69119K(80384K)] [ParOldGen: 182783K->182783K(182784K)] 251903K->251903K(263168K) [PSPermGen: 13496K->13496K(21504K)], 0.0505970 secs] [Times: user=0.36 sys=0.00, real=0.05 secs] 
198.731: Total time for which application threads were stopped: 0.0509960 seconds, Stopping threads took: 0.0000220 seconds
198.731: Application time: 0.0000500 seconds
198.731: [Full GC [PSYoungGen: 69120K->69119K(80384K)] [ParOldGen: 182783K->182783K(182784K)] 251903K->251903K(263168K) [PSPermGen: 13496K->13496K(21504K)], 0.0506350 secs] [Times: user=0.35 sys=0.00, real=0.05 secs] 
198.782: Total time for which application threads were stopped: 0.0510220 seconds, Stopping threads took: 0.0000070 seconds
198.782: Application time: 0.0000430 seconds
198.782: [Full GC [PSYoungGen: 69120K->69119K(80384K)] [ParOldGen: 182783K->182783K(182784K)] 251903K->251903K(263168K) [PSPermGen: 13496K->13496K(21504K)], 0.0512600 secs] [Times: user=0.35 sys=0.00, real=0.05 secs] 
198.833: Total time for which application threads were stopped: 0.0516510 seconds, Stopping threads took: 0.0000080 seconds
198.833: Application time: 0.0000740 seconds
198.834: [Full GC [PSYoungGen: 69120K->69119K(80384K)] [ParOldGen: 182783K->182783K(182784K)] 251903K->251903K(263168K) [PSPermGen: 13496K->13496K(21504K)], 0.0504260 secs] [Times: user=0.35 sys=0.00, real=0.05 secs] 
198.884: Total time for which application threads were stopped: 0.0508160 seconds, Stopping threads took: 0.0000080 seconds
198.884: Application time: 0.0000360 seconds
198.885: [Full GC [PSYoungGen: 69120K->69119K(80384K)] [ParOldGen: 182783K->182783K(182784K)] 251903K->251903K(263168K) [PSPermGen: 13496K->13496K(21504K)], 0.0511660 secs] [Times: user=0.35 sys=0.00, real=0.05 secs] 
198.936: Total time for which application threads were stopped: 0.0515550 seconds, Stopping threads took: 0.0000060 seconds
198.936: Application time: 0.0000500 seconds
198.936: [Full GC [PSYoungGen: 69119K->69119K(80384K)] [ParOldGen: 182784K->182783K(182784K)] 251903K->251903K(263168K) [PSPermGen: 13496K->13496K(21504K)], 0.0504420 secs] [Times: user=0.35 sys=0.00, real=0.05 secs] 
198.987: Total time for which application threads were stopped: 0.0508380 seconds, Stopping threads took: 0.0000080 seconds
198.987: Application time: 0.0000430 seconds
198.987: [Full GC [PSYoungGen: 69120K->69119K(80384K)] [ParOldGen: 182783K->182783K(182784K)] 251903K->251903K(263168K) [PSPermGen: 13496K->13496K(21504K)], 0.0506350 secs] [Times: user=0.35 sys=0.00, real=0.06 secs] 
199.038: Total time for which application threads were stopped: 0.0510570 seconds, Stopping threads took: 0.0000150 seconds
199.038: Application time: 0.0000530 seconds
199.038: [Full GC [PSYoungGen: 69119K->69119K(80384K)] [ParOldGen: 182783K->182783K(182784K)] 251903K->251903K(263168K) [PSPermGen: 13496K->13496K(21504K)], 0.0506770 secs] [Times: user=0.35 sys=0.00, real=0.05 secs] 
199.089: Total time for which application threads were stopped: 0.0510630 seconds, Stopping threads took: 0.0000080 seconds
199.089: Application time: 0.0000300 seconds
199.089: [Full GC [PSYoungGen: 69120K->69119K(80384K)] [ParOldGen: 182783K->182783K(182784K)] 251903K->251903K(263168K) [PSPermGen: 13496K->13496K(21504K)], 0.0504600 secs] [Times: user=0.35 sys=0.00, real=0.05 secs] 
199.140: Total time for which application threads were stopped: 0.0508610 seconds, Stopping threads took: 0.0000130 seconds
199.140: Application time: 0.0000310 seconds
199.140: [Full GC [PSYoungGen: 69119K->69119K(80384K)] [ParOldGen: 182783K->182783K(182784K)] 251903K->251903K(263168K) [PSPermGen: 13496K->13496K(21504K)], 0.0505260 secs] [Times: user=0.35 sys=0.00, real=0.05 secs] 
199.192: Total time for which application threads were stopped: 0.0524540 seconds, Stopping threads took: 0.0000070 seconds
199.192: Application time: 0.0000330 seconds
199.193: [Full GC [PSYoungGen: 69120K->69120K(80384K)] [ParOldGen: 182783K->182783K(182784K)] 251903K->251903K(263168K) [PSPermGen: 13496K->13496K(21504K)], 0.0505230 secs] [Times: user=0.35 sys=0.00, real=0.05 secs] 
199.243: Total time for which application threads were stopped: 0.0509170 seconds, Stopping threads took: 0.0000070 seconds
199.243: Application time: 0.0000480 seconds
199.244: [Full GC [PSYoungGen: 69120K->69120K(80384K)] [ParOldGen: 182783K->182783K(182784K)] 251903K->251903K(263168K) [PSPermGen: 13496K->13496K(21504K)], 0.0505460 secs] [Times: user=0.35 sys=0.00, real=0.05 secs] 
199.294: Total time for which application threads were stopped: 0.0509340 seconds, Stopping threads took: 0.0000070 seconds
199.294: Application time: 0.0000370 seconds
199.295: [Full GC [PSYoungGen: 69120K->69120K(80384K)] [ParOldGen: 182783K->182783K(182784K)] 251903K->251903K(263168K) [PSPermGen: 13496K->13496K(21504K)], 0.0506640 secs] [Times: user=0.35 sys=0.00, real=0.05 secs] 
199.345: [Full GC [PSYoungGen: 69120K->69119K(80384K)] [ParOldGen: 182783K->182783K(182784K)] 251903K->251903K(263168K) [PSPermGen: 13496K->13496K(21504K)], 0.0508270 secs] [Times: user=0.36 sys=0.00, real=0.05 secs] 
199.396: Total time for which application threads were stopped: 0.1019690 seconds, Stopping threads took: 0.0000080 seconds
199.396: Application time: 0.0000390 seconds
199.397: [Full GC [PSYoungGen: 69120K->69119K(80384K)] [ParOldGen: 182783K->182783K(182784K)] 251903K->251903K(263168K) [PSPermGen: 13496K->13496K(21504K)], 0.0505780 secs] [Times: user=0.34 sys=0.01, real=0.04 secs] 
199.447: Total time for which application threads were stopped: 0.0509810 seconds, Stopping threads took: 0.0000080 seconds
199.447: Application time: 0.0000510 seconds
199.448: [Full GC [PSYoungGen: 69120K->69119K(80384K)] [ParOldGen: 182783K->182783K(182784K)] 251903K->251903K(263168K) [PSPermGen: 13496K->13496K(21504K)], 0.0526170 secs] [Times: user=0.37 sys=0.00, real=0.06 secs] 
199.500: Total time for which application threads were stopped: 0.0529990 seconds, Stopping threads took: 0.0000080 seconds
199.500: Application time: 0.0000540 seconds
199.501: [Full GC [PSYoungGen: 69120K->69119K(80384K)] [ParOldGen: 182783K->182783K(182784K)] 251903K->251903K(263168K) [PSPermGen: 13496K->13496K(21504K)], 0.0504540 secs] [Times: user=0.35 sys=0.00, real=0.05 secs] 
199.551: Total time for which application threads were stopped: 0.0508830 seconds, Stopping threads took: 0.0000080 seconds
199.551: Application time: 0.0000550 seconds
199.552: [Full GC [PSYoungGen: 69120K->69119K(80384K)] [ParOldGen: 182783K->182783K(182784K)] 251903K->251903K(263168K) [PSPermGen: 13496K->13496K(21504K)], 0.0507620 secs] [Times: user=0.34 sys=0.01, real=0.05 secs] 
199.602: Total time for which application threads were stopped: 0.0511540 seconds, Stopping threads took: 0.0000070 seconds
199.602: Application time: 0.0000510 seconds
199.603: [Full GC [PSYoungGen: 69120K->69119K(80384K)] [ParOldGen: 182783K->182783K(182784K)] 251903K->251903K(263168K) [PSPermGen: 13496K->13496K(21504K)], 0.0505170 secs] [Times: user=0.35 sys=0.00, real=0.05 secs] 
199.653: Total time for which application threads were stopped: 0.0509030 seconds, Stopping threads took: 0.0000070 seconds
199.653: Application time: 0.0000780 seconds
199.654: [Full GC [PSYoungGen: 69119K->69119K(80384K)] [ParOldGen: 182784K->182784K(182784K)] 251903K->251903K(263168K) [PSPermGen: 13496K->13496K(21504K)], 0.0505720 secs] [Times: user=0.35 sys=0.00, real=0.05 secs] 
199.704: [Full GC [PSYoungGen: 69119K->69119K(80384K)] [ParOldGen: 182784K->182784K(182784K)] 251903K->251903K(263168K) [PSPermGen: 13496K->13496K(21504K)], 0.0507120 secs] [Times: user=0.35 sys=0.00, real=0.05 secs] 
199.755: Total time for which application threads were stopped: 0.1017350 seconds, Stopping threads took: 0.0000080 seconds
199.755: Application time: 0.0000540 seconds
199.756: [Full GC [PSYoungGen: 69119K->69119K(80384K)] [ParOldGen: 182784K->182784K(182784K)] 251903K->251903K(263168K) [PSPermGen: 13496K->13496K(21504K)], 0.0505740 secs] [Times: user=0.34 sys=0.00, real=0.05 secs] 
199.806: [Full GC [PSYoungGen: 69119K->69119K(80384K)] [ParOldGen: 182784K->182784K(182784K)] 251903K->251903K(263168K) [PSPermGen: 13496K->13496K(21504K)], 0.0506010 secs] [Times: user=0.36 sys=0.00, real=0.06 secs] 
199.857: Total time for which application threads were stopped: 0.1016290 seconds, Stopping threads took: 0.0000180 seconds
199.857: Application time: 0.0000560 seconds
199.857: [Full GC [PSYoungGen: 69120K->69119K(80384K)] [ParOldGen: 182784K->182783K(182784K)] 251904K->251903K(263168K) [PSPermGen: 13496K->13496K(21504K)], 0.0563680 secs] [Times: user=0.39 sys=0.00, real=0.05 secs] 
199.914: Total time for which application threads were stopped: 0.0567820 seconds, Stopping threads took: 0.0000320 seconds
199.914: Application time: 0.0000480 seconds
199.914: [Full GC [PSYoungGen: 69120K->69118K(80384K)] [ParOldGen: 182783K->182783K(182784K)] 251903K->251902K(263168K) [PSPermGen: 13496K->13496K(21504K)], 0.0563990 secs] [Times: user=0.39 sys=0.00, real=0.06 secs] 
199.971: Total time for which application threads were stopped: 0.0568120 seconds, Stopping threads took: 0.0000270 seconds
199.971: Application time: 0.0000510 seconds
199.971: [Full GC [PSYoungGen: 69120K->69119K(80384K)] [ParOldGen: 182783K->182783K(182784K)] 251903K->251903K(263168K) [PSPermGen: 13496K->13496K(21504K)], 0.0506110 secs] [Times: user=0.35 sys=0.00, real=0.05 secs] 
200.022: Total time for which application threads were stopped: 0.0510080 seconds, Stopping threads took: 0.0000080 seconds
200.022: Application time: 0.0000440 seconds
200.022: [Full GC [PSYoungGen: 69120K->69119K(80384K)] [ParOldGen: 182783K->182783K(182784K)] 251903K->251903K(263168K) [PSPermGen: 13496K->13496K(21504K)], 0.0505530 secs] [Times: user=0.35 sys=0.00, real=0.05 secs] 
200.073: Total time for which application threads were stopped: 0.0509650 seconds, Stopping threads took: 0.0000060 seconds
200.073: Application time: 0.0000510 seconds
200.073: [Full GC [PSYoungGen: 69119K->69119K(80384K)] [ParOldGen: 182784K->182784K(182784K)] 251903K->251903K(263168K) [PSPermGen: 13496K->13496K(21504K)], 0.0504770 secs] [Times: user=0.35 sys=0.00, real=0.05 secs] 
200.124: Total time for which application threads were stopped: 0.0508660 seconds, Stopping threads took: 0.0000080 seconds
200.124: Application time: 0.0000410 seconds
200.124: [Full GC [PSYoungGen: 69120K->69119K(80384K)] [ParOldGen: 182784K->182783K(182784K)] 251904K->251903K(263168K) [PSPermGen: 13496K->13496K(21504K)], 0.0507970 secs] [Times: user=0.35 sys=0.00, real=0.05 secs] 
200.175: Total time for which application threads were stopped: 0.0511980 seconds, Stopping threads took: 0.0000080 seconds
200.175: Application time: 0.0000440 seconds
200.175: [Full GC [PSYoungGen: 69120K->69119K(80384K)] [ParOldGen: 182783K->182783K(182784K)] 251903K->251903K(263168K) [PSPermGen: 13496K->13496K(21504K)], 0.0509500 secs] [Times: user=0.35 sys=0.00, real=0.05 secs] 
200.226: Total time for which application threads were stopped: 0.0513410 seconds, Stopping threads took: 0.0000120 seconds
200.226: Application time: 0.0000770 seconds
200.227: [Full GC [PSYoungGen: 69119K->69119K(80384K)] [ParOldGen: 182783K->182783K(182784K)] 251903K->251903K(263168K) [PSPermGen: 13496K->13496K(21504K)], 0.0505290 secs] [Times: user=0.35 sys=0.01, real=0.06 secs] 
200.277: Total time for which application threads were stopped: 0.0509340 seconds, Stopping threads took: 0.0000080 seconds
200.277: Application time: 0.0000430 seconds
200.278: [Full GC [PSYoungGen: 69119K->69119K(80384K)] [ParOldGen: 182783K->182783K(182784K)] 251903K->251903K(263168K) [PSPermGen: 13496K->13496K(21504K)], 0.0503620 secs] [Times: user=0.35 sys=0.00, real=0.04 secs] 
200.328: Total time for which application threads were stopped: 0.0507480 seconds, Stopping threads took: 0.0000060 seconds
200.328: Application time: 0.0000470 seconds
200.328: [Full GC [PSYoungGen: 69120K->69119K(80384K)] [ParOldGen: 182783K->182783K(182784K)] 251903K->251903K(263168K) [PSPermGen: 13496K->13496K(21504K)], 0.0508640 secs] [Times: user=0.35 sys=0.00, real=0.06 secs] 
200.379: Total time for which application threads were stopped: 0.0512530 seconds, Stopping threads took: 0.0000080 seconds
200.379: Application time: 0.0000390 seconds
200.380: [Full GC [PSYoungGen: 69120K->69119K(80384K)] [ParOldGen: 182783K->182783K(182784K)] 251903K->251903K(263168K) [PSPermGen: 13496K->13496K(21504K)], 0.0509250 secs] [Times: user=0.35 sys=0.00, real=0.05 secs] 
200.431: Total time for which application threads were stopped: 0.0513160 seconds, Stopping threads took: 0.0000080 seconds
200.431: Application time: 0.0000560 seconds
200.431: [Full GC [PSYoungGen: 69120K->69119K(80384K)] [ParOldGen: 182783K->182783K(182784K)] 251903K->251903K(263168K) [PSPermGen: 13496K->13496K(21504K)], 0.0507900 secs] [Times: user=0.36 sys=0.00, real=0.05 secs] 
200.482: Total time for which application threads were stopped: 0.0511740 seconds, Stopping threads took: 0.0000070 seconds
200.482: Application time: 0.0000590 seconds
200.482: [Full GC [PSYoungGen: 69120K->69119K(80384K)] [ParOldGen: 182783K->182783K(182784K)] 251903K->251903K(263168K) [PSPermGen: 13496K->13496K(21504K)], 0.0524190 secs] [Times: user=0.36 sys=0.00, real=0.05 secs] 
200.535: Total time for which application threads were stopped: 0.0528020 seconds, Stopping threads took: 0.0000080 seconds
200.535: Application time: 0.0000340 seconds
200.535: [Full GC [PSYoungGen: 69119K->69119K(80384K)] [ParOldGen: 182783K->182783K(182784K)] 251903K->251903K(263168K) [PSPermGen: 13496K->13496K(21504K)], 0.0506560 secs] [Times: user=0.35 sys=0.00, real=0.05 secs] 
200.586: Total time for which application threads were stopped: 0.0510800 seconds, Stopping threads took: 0.0000130 seconds
200.586: Application time: 0.0000280 seconds
200.586: [Full GC [PSYoungGen: 69120K->69119K(80384K)] [ParOldGen: 182783K->182783K(182784K)] 251903K->251903K(263168K) [PSPermGen: 13496K->13496K(21504K)], 0.0508480 secs] [Times: user=0.35 sys=0.00, real=0.06 secs] 
200.637: Total time for which application threads were stopped: 0.0512380 seconds, Stopping threads took: 0.0000100 seconds
200.637: Application time: 0.0000290 seconds
200.638: [Full GC [PSYoungGen: 69120K->69119K(80384K)] [ParOldGen: 182783K->182783K(182784K)] 251903K->251903K(263168K) [PSPermGen: 13496K->13496K(21504K)], 0.0508730 secs] [Times: user=0.35 sys=0.00, real=0.04 secs] 
200.688: Total time for which application threads were stopped: 0.0512600 seconds, Stopping threads took: 0.0000080 seconds
200.688: Application time: 0.0000320 seconds
200.689: [Full GC [PSYoungGen: 69120K->69119K(80384K)] [ParOldGen: 182783K->182783K(182784K)] 251903K->251903K(263168K) [PSPermGen: 13496K->13496K(21504K)], 0.0504900 secs] [Times: user=0.35 sys=0.00, real=0.05 secs] 
200.739: Total time for which application threads were stopped: 0.0508910 seconds, Stopping threads took: 0.0000150 seconds
200.739: Application time: 0.0000290 seconds
200.740: [Full GC [PSYoungGen: 69119K->69119K(80384K)] [ParOldGen: 182783K->182783K(182784K)] 251903K->251903K(263168K) [PSPermGen: 13496K->13496K(21504K)], 0.0526230 secs] [Times: user=0.36 sys=0.00, real=0.05 secs] 
200.792: Total time for which application threads were stopped: 0.0530140 seconds, Stopping threads took: 0.0000110 seconds
200.792: Application time: 0.0000440 seconds
200.793: [Full GC [PSYoungGen: 69119K->69119K(80384K)] [ParOldGen: 182783K->182783K(182784K)] 251903K->251903K(263168K) [PSPermGen: 13496K->13496K(21504K)], 0.0503380 secs] [Times: user=0.35 sys=0.00, real=0.05 secs] 
200.843: [Full GC [PSYoungGen: 69119K->69119K(80384K)] [ParOldGen: 182783K->182783K(182784K)] 251903K->251903K(263168K) [PSPermGen: 13496K->13496K(21504K)], 0.0536800 secs] [Times: user=0.37 sys=0.00, real=0.06 secs] 
200.897: Total time for which application threads were stopped: 0.1044730 seconds, Stopping threads took: 0.0000080 seconds
200.897: Application time: 0.0000560 seconds
200.897: [Full GC [PSYoungGen: 69119K->69119K(80384K)] [ParOldGen: 182783K->182783K(182784K)] 251903K->251903K(263168K) [PSPermGen: 13496K->13496K(21504K)], 0.0507360 secs] [Times: user=0.35 sys=0.00, real=0.04 secs] 
200.948: [Full GC [PSYoungGen: 69119K->69119K(80384K)] [ParOldGen: 182783K->182783K(182784K)] 251903K->251903K(263168K) [PSPermGen: 13496K->13496K(21504K)], 0.0507290 secs] [Times: user=0.35 sys=0.00, real=0.06 secs] 
200.999: Total time for which application threads were stopped: 0.1019300 seconds, Stopping threads took: 0.0000190 seconds
200.999: Application time: 0.0000610 seconds
200.999: [Full GC [PSYoungGen: 69119K->69119K(80384K)] [ParOldGen: 182783K->182783K(182784K)] 251903K->251903K(263168K) [PSPermGen: 13496K->13496K(21504K)], 0.0558640 secs] [Times: user=0.39 sys=0.00, real=0.05 secs] 
201.055: Total time for which application threads were stopped: 0.0562660 seconds, Stopping threads took: 0.0000230 seconds
201.055: Application time: 0.0000610 seconds
201.056: [Full GC [PSYoungGen: 69120K->69118K(80384K)] [ParOldGen: 182783K->182783K(182784K)] 251903K->251902K(263168K) [PSPermGen: 13496K->13496K(21504K)], 0.0566610 secs] [Times: user=0.40 sys=0.00, real=0.06 secs] 
201.112: Total time for which application threads were stopped: 0.0570830 seconds, Stopping threads took: 0.0000190 seconds
201.112: Application time: 0.0000280 seconds
201.113: [Full GC [PSYoungGen: 69120K->69118K(80384K)] [ParOldGen: 182783K->182783K(182784K)] 251903K->251902K(263168K) [PSPermGen: 13496K->13496K(21504K)], 0.0508950 secs] [Times: user=0.35 sys=0.00, real=0.05 secs] 
201.164: Total time for which application threads were stopped: 0.0512970 seconds, Stopping threads took: 0.0000140 seconds
201.164: Application time: 0.0000430 seconds
201.164: [Full GC [PSYoungGen: 69120K->69118K(80384K)] [ParOldGen: 182783K->182783K(182784K)] 251903K->251902K(263168K) [PSPermGen: 13496K->13496K(21504K)], 0.0505500 secs] [Times: user=0.35 sys=0.00, real=0.05 secs] 
201.215: Total time for which application threads were stopped: 0.0509470 seconds, Stopping threads took: 0.0000130 seconds
201.215: Application time: 0.0000550 seconds
201.215: [Full GC [PSYoungGen: 69120K->69118K(80384K)] [ParOldGen: 182783K->182783K(182784K)] 251903K->251902K(263168K) [PSPermGen: 13496K->13496K(21504K)], 0.0507510 secs] [Times: user=0.36 sys=0.00, real=0.05 secs] 
201.266: Total time for which application threads were stopped: 0.0511630 seconds, Stopping threads took: 0.0000380 seconds
201.266: Application time: 0.0000590 seconds
201.266: [Full GC [PSYoungGen: 69120K->69107K(80384K)] [ParOldGen: 182783K->182783K(182784K)] 251903K->251890K(263168K) [PSPermGen: 13496K->13496K(21504K)], 0.0506620 secs] [Times: user=0.35 sys=0.00, real=0.06 secs] 
201.317: Total time for which application threads were stopped: 0.0510630 seconds, Stopping threads took: 0.0000180 seconds
201.317: Application time: 0.0001280 seconds
201.318: [Full GC [PSYoungGen: 69120K->69106K(80384K)] [ParOldGen: 182783K->182783K(182784K)] 251903K->251889K(263168K) [PSPermGen: 13496K->13496K(21504K)], 0.0504020 secs] [Times: user=0.35 sys=0.00, real=0.04 secs] 
201.368: Total time for which application threads were stopped: 0.0508150 seconds, Stopping threads took: 0.0000290 seconds
201.368: Application time: 0.0001030 seconds
201.368: [Full GC [PSYoungGen: 69120K->69107K(80384K)] [ParOldGen: 182783K->182783K(182784K)] 251903K->251890K(263168K) [PSPermGen: 13496K->13496K(21504K)], 0.0506460 secs] [Times: user=0.35 sys=0.00, real=0.06 secs] 
201.419: Total time for which application threads were stopped: 0.0510560 seconds, Stopping threads took: 0.0000220 seconds
201.419: Application time: 0.0001040 seconds
201.420: Total time for which application threads were stopped: 0.0003700 seconds, Stopping threads took: 0.0000480 seconds
201.420: Application time: 0.0000210 seconds
201.420: [Full GC [PSYoungGen: 69120K->69107K(80384K)] [ParOldGen: 182783K->182783K(182784K)] 251903K->251890K(263168K) [PSPermGen: 13496K->13496K(21504K)], 0.0508550 secs] [Times: user=0.35 sys=0.00, real=0.05 secs] 
201.471: [Full GC [PSYoungGen: 69107K->69107K(80384K)] [ParOldGen: 182783K->182783K(182784K)] 251890K->251890K(263168K) [PSPermGen: 13496K->13496K(21504K)], 0.0509970 secs] [Times: user=0.35 sys=0.00, real=0.05 secs] 
201.522: Total time for which application threads were stopped: 0.1020330 seconds, Stopping threads took: 0.0000150 seconds
201.522: Application time: 0.0001120 seconds
201.522: [Full GC [PSYoungGen: 69120K->69107K(80384K)] [ParOldGen: 182783K->182783K(182784K)] 251903K->251890K(263168K) [PSPermGen: 13496K->13496K(21504K)], 0.0584080 secs] [Times: user=0.41 sys=0.01, real=0.06 secs] 
201.581: Total time for which application threads were stopped: 0.0588120 seconds, Stopping threads took: 0.0000170 seconds
201.581: Application time: 0.0000870 seconds
201.581: Total time for which application threads were stopped: 0.0003850 seconds, Stopping threads took: 0.0000500 seconds
201.581: Application time: 0.0000600 seconds
201.581: [Full GC [PSYoungGen: 69120K->69079K(80384K)] [ParOldGen: 182783K->182783K(182784K)] 251903K->251862K(263168K) [PSPermGen: 13496K->13496K(21504K)], 0.0585380 secs] [Times: user=0.41 sys=0.00, real=0.06 secs] 
201.640: Total time for which application threads were stopped: 0.0586990 seconds, Stopping threads took: 0.0000380 seconds
201.640: Application time: 0.0001590 seconds
201.640: [Full GC [PSYoungGen: 69120K->69081K(80384K)] [ParOldGen: 182783K->182783K(182784K)] 251903K->251864K(263168K) [PSPermGen: 13496K->13496K(21504K)], 0.0525700 secs] [Times: user=0.37 sys=0.00, real=0.05 secs] 
201.693: Total time for which application threads were stopped: 0.0529550 seconds, Stopping threads took: 0.0000070 seconds
201.693: Application time: 0.0001310 seconds
201.693: [Full GC [PSYoungGen: 69120K->69100K(80384K)] [ParOldGen: 182783K->182783K(182784K)] 251903K->251883K(263168K) [PSPermGen: 13496K->13496K(21504K)], 0.0504250 secs] [Times: user=0.35 sys=0.00, real=0.05 secs] 
201.744: Total time for which application threads were stopped: 0.0508230 seconds, Stopping threads took: 0.0000210 seconds
201.744: Application time: 0.0000920 seconds
201.744: [Full GC [PSYoungGen: 69116K->69098K(80384K)] [ParOldGen: 182783K->182783K(182784K)] 251899K->251881K(263168K) [PSPermGen: 13496K->13496K(21504K)], 0.0559150 secs] [Times: user=0.39 sys=0.00, real=0.06 secs] 
201.800: Total time for which application threads were stopped: 0.0563330 seconds, Stopping threads took: 0.0000280 seconds
201.800: Application time: 0.0000870 seconds
201.801: Total time for which application threads were stopped: 0.0003450 seconds, Stopping threads took: 0.0000110 seconds
201.801: Application time: 0.0000350 seconds
201.801: [Full GC [PSYoungGen: 69120K->69106K(80384K)] [ParOldGen: 182783K->182783K(182784K)] 251903K->251889K(263168K) [PSPermGen: 13496K->13496K(21504K)], 0.0507380 secs] [Times: user=0.35 sys=0.00, real=0.05 secs] 
201.852: Total time for which application threads were stopped: 0.0508530 seconds, Stopping threads took: 0.0000060 seconds
201.852: Application time: 0.0000390 seconds
201.852: [Full GC [PSYoungGen: 69110K->69106K(80384K)] [ParOldGen: 182783K->182783K(182784K)] 251893K->251889K(263168K) [PSPermGen: 13496K->13496K(21504K)], 0.0511160 secs] [Times: user=0.35 sys=0.00, real=0.05 secs] 
201.903: Total time for which application threads were stopped: 0.0515200 seconds, Stopping threads took: 0.0000230 seconds
201.903: Application time: 0.0000480 seconds
201.904: [Full GC [PSYoungGen: 69108K->69106K(80384K)] [ParOldGen: 182783K->182783K(182784K)] 251891K->251889K(263168K) [PSPermGen: 13496K->13496K(21504K)], 0.0506100 secs] [Times: user=0.34 sys=0.00, real=0.05 secs] 
201.954: [Full GC [PSYoungGen: 69106K->69100K(80384K)] [ParOldGen: 182783K->182781K(182784K)] 251889K->251882K(263168K) [PSPermGen: 13496K->13496K(21504K)], 0.0505260 secs] [Times: user=0.35 sys=0.00, real=0.05 secs] 
202.005: Total time for which application threads were stopped: 0.1016110 seconds, Stopping threads took: 0.0000170 seconds
202.005: Application time: 0.0000980 seconds
202.005: [Full GC [PSYoungGen: 69120K->69100K(80384K)] [ParOldGen: 182783K->182782K(182784K)] 251903K->251882K(263168K) [PSPermGen: 13496K->13496K(21504K)], 0.0507400 secs] [Times: user=0.35 sys=0.00, real=0.05 secs] 
202.056: Total time for which application threads were stopped: 0.0511480 seconds, Stopping threads took: 0.0000150 seconds
202.056: Application time: 0.0001250 seconds
202.057: [Full GC [PSYoungGen: 69120K->69107K(80384K)] [ParOldGen: 182782K->182781K(182784K)] 251902K->251889K(263168K) [PSPermGen: 13496K->13496K(21504K)], 0.0506910 secs] [Times: user=0.35 sys=0.00, real=0.04 secs] 
202.107: Total time for which application threads were stopped: 0.0511310 seconds, Stopping threads took: 0.0000330 seconds
202.108: Application time: 0.0001060 seconds
202.108: [Full GC [PSYoungGen: 69120K->69109K(80384K)] [ParOldGen: 182781K->182781K(182784K)] 251901K->251890K(263168K) [PSPermGen: 13496K->13496K(21504K)], 0.0994590 secs] [Times: user=0.72 sys=0.00, real=0.10 secs] 
202.207: Total time for which application threads were stopped: 0.0999110 seconds, Stopping threads took: 0.0000400 seconds
202.208: Application time: 0.0001170 seconds
202.208: [Full GC [PSYoungGen: 69120K->69114K(80384K)] [ParOldGen: 182781K->182781K(182784K)] 251901K->251896K(263168K) [PSPermGen: 13496K->13496K(21504K)], 0.0506400 secs] [Times: user=0.35 sys=0.00, real=0.06 secs] 
202.259: Total time for which application threads were stopped: 0.0510270 seconds, Stopping threads took: 0.0000080 seconds
202.259: Application time: 0.0000560 seconds
202.259: [Full GC [PSYoungGen: 69120K->69115K(80384K)] [ParOldGen: 182781K->182781K(182784K)] 251901K->251896K(263168K) [PSPermGen: 13496K->13496K(21504K)], 0.0564080 secs] [Times: user=0.40 sys=0.00, real=0.05 secs] 
202.315: Total time for which application threads were stopped: 0.0568170 seconds, Stopping threads took: 0.0000260 seconds
202.316: Application time: 0.0000860 seconds
202.316: [Full GC [PSYoungGen: 69120K->69117K(80384K)] [ParOldGen: 182781K->182781K(182784K)] 251901K->251898K(263168K) [PSPermGen: 13496K->13496K(21504K)], 0.0511060 secs] [Times: user=0.35 sys=0.00, real=0.05 secs] 
202.367: Total time for which application threads were stopped: 0.0515140 seconds, Stopping threads took: 0.0000260 seconds
202.367: Application time: 0.0000680 seconds
202.367: [Full GC [PSYoungGen: 69120K->69119K(80384K)] [ParOldGen: 182781K->182781K(182784K)] 251901K->251900K(263168K) [PSPermGen: 13496K->13496K(21504K)], 0.0507950 secs] [Times: user=0.35 sys=0.00, real=0.06 secs] 
202.418: Total time for which application threads were stopped: 0.0511820 seconds, Stopping threads took: 0.0000070 seconds
202.418: Application time: 0.0000590 seconds
202.419: [Full GC [PSYoungGen: 69120K->69119K(80384K)] [ParOldGen: 182781K->182781K(182784K)] 251901K->251900K(263168K) [PSPermGen: 13496K->13496K(21504K)], 0.0507890 secs] [Times: user=0.35 sys=0.00, real=0.05 secs] 
202.470: Total time for which application threads were stopped: 0.0511770 seconds, Stopping threads took: 0.0000060 seconds
202.470: Application time: 0.0000670 seconds
202.470: [Full GC [PSYoungGen: 69120K->69119K(80384K)] [ParOldGen: 182781K->182781K(182784K)] 251901K->251901K(263168K) [PSPermGen: 13496K->13496K(21504K)], 0.0509580 secs] [Times: user=0.35 sys=0.00, real=0.05 secs] 
202.521: Total time for which application threads were stopped: 0.0513490 seconds, Stopping threads took: 0.0000080 seconds
202.521: Application time: 0.0000580 seconds
202.521: [Full GC [PSYoungGen: 69120K->69119K(80384K)] [ParOldGen: 182781K->182781K(182784K)] 251901K->251901K(263168K) [PSPermGen: 13496K->13496K(21504K)], 0.0506650 secs] [Times: user=0.35 sys=0.00, real=0.05 secs] 
202.572: Total time for which application threads were stopped: 0.0510580 seconds, Stopping threads took: 0.0000100 seconds
202.572: Application time: 0.0000580 seconds
202.572: [Full GC [PSYoungGen: 69120K->69119K(80384K)] [ParOldGen: 182781K->182781K(182784K)] 251901K->251901K(263168K) [PSPermGen: 13496K->13496K(21504K)], 0.0506680 secs] [Times: user=0.35 sys=0.00, real=0.05 secs] 
202.623: Total time for which application threads were stopped: 0.0510580 seconds, Stopping threads took: 0.0000080 seconds
202.623: Application time: 0.0000530 seconds
202.624: [Full GC [PSYoungGen: 69120K->69119K(80384K)] [ParOldGen: 182781K->182781K(182784K)] 251901K->251901K(263168K) [PSPermGen: 13496K->13496K(21504K)], 0.0505500 secs] [Times: user=0.35 sys=0.00, real=0.05 secs] 
202.674: Total time for which application threads were stopped: 0.0509670 seconds, Stopping threads took: 0.0000080 seconds
202.674: Application time: 0.0000320 seconds
202.675: [Full GC [PSYoungGen: 69120K->69119K(80384K)] [ParOldGen: 182781K->182781K(182784K)] 251901K->251901K(263168K) [PSPermGen: 13496K->13496K(21504K)], 0.0503780 secs] [Times: user=0.35 sys=0.00, real=0.05 secs] 
202.725: Total time for which application threads were stopped: 0.0507650 seconds, Stopping threads took: 0.0000120 seconds
202.725: Application time: 0.0000550 seconds
202.725: [Full GC [PSYoungGen: 69120K->69119K(80384K)] [ParOldGen: 182781K->182781K(182784K)] 251901K->251901K(263168K) [PSPermGen: 13496K->13496K(21504K)], 0.0504280 secs] [Times: user=0.35 sys=0.00, real=0.05 secs] 
202.776: Total time for which application threads were stopped: 0.0508250 seconds, Stopping threads took: 0.0000100 seconds
202.776: Application time: 0.0000680 seconds
202.776: [Full GC [PSYoungGen: 69120K->69119K(80384K)] [ParOldGen: 182783K->182782K(182784K)] 251903K->251901K(263168K) [PSPermGen: 13496K->13496K(21504K)], 0.0505270 secs] [Times: user=0.35 sys=0.00, real=0.05 secs] 
202.827: Total time for which application threads were stopped: 0.0509220 seconds, Stopping threads took: 0.0000220 seconds
202.827: Application time: 0.0000430 seconds
202.827: [Full GC [PSYoungGen: 69120K->69119K(80384K)] [ParOldGen: 182782K->182782K(182784K)] 251902K->251901K(263168K) [PSPermGen: 13496K->13496K(21504K)], 0.0504490 secs] [Times: user=0.35 sys=0.00, real=0.06 secs] 
202.878: Total time for which application threads were stopped: 0.0508540 seconds, Stopping threads took: 0.0000210 seconds
202.878: Application time: 0.0000540 seconds
202.878: [Full GC [PSYoungGen: 69120K->69119K(80384K)] [ParOldGen: 182782K->182782K(182784K)] 251902K->251901K(263168K) [PSPermGen: 13496K->13496K(21504K)], 0.0508110 secs] [Times: user=0.35 sys=0.01, real=0.05 secs] 
202.929: Total time for which application threads were stopped: 0.0512430 seconds, Stopping threads took: 0.0000470 seconds
202.929: Application time: 0.0000460 seconds
202.929: [Full GC [PSYoungGen: 69120K->69119K(80384K)] [ParOldGen: 182782K->182782K(182784K)] 251902K->251901K(263168K) [PSPermGen: 13496K->13496K(21504K)], 0.0507650 secs] [Times: user=0.35 sys=0.00, real=0.05 secs] 
202.980: Total time for which application threads were stopped: 0.0511590 seconds, Stopping threads took: 0.0000070 seconds
202.980: Application time: 0.0000410 seconds
202.981: [Full GC [PSYoungGen: 69119K->69119K(80384K)] [ParOldGen: 182782K->182782K(182784K)] 251901K->251901K(263168K) [PSPermGen: 13496K->13496K(21504K)], 0.0504870 secs] [Times: user=0.35 sys=0.00, real=0.05 secs] 
203.031: Total time for which application threads were stopped: 0.0508850 seconds, Stopping threads took: 0.0000080 seconds
203.031: Application time: 0.0001130 seconds
203.032: [Full GC [PSYoungGen: 69120K->69119K(80384K)] [ParOldGen: 182783K->182782K(182784K)] 251903K->251902K(263168K) [PSPermGen: 13496K->13496K(21504K)], 0.0505370 secs] [Times: user=0.35 sys=0.00, real=0.05 secs] 
203.082: Total time for which application threads were stopped: 0.0509420 seconds, Stopping threads took: 0.0000080 seconds
203.082: Application time: 0.0000340 seconds
203.083: [Full GC [PSYoungGen: 69119K->69119K(80384K)] [ParOldGen: 182782K->182782K(182784K)] 251902K->251902K(263168K) [PSPermGen: 13496K->13496K(21504K)], 0.0511390 secs] [Times: user=0.35 sys=0.00, real=0.05 secs] 
203.134: [Full GC [PSYoungGen: 69119K->69119K(80384K)] [ParOldGen: 182782K->182782K(182784K)] 251902K->251902K(263168K) [PSPermGen: 13496K->13496K(21504K)], 0.0504840 secs] [Times: user=0.35 sys=0.00, real=0.05 secs] 
203.184: Total time for which application threads were stopped: 0.1020780 seconds, Stopping threads took: 0.0000170 seconds
203.184: Application time: 0.0000800 seconds
203.185: [Full GC [PSYoungGen: 69120K->69119K(80384K)] [ParOldGen: 182784K->182783K(182784K)] 251904K->251902K(263168K) [PSPermGen: 13496K->13496K(21504K)], 0.0505980 secs] [Times: user=0.35 sys=0.00, real=0.05 secs] 
203.236: Total time for which application threads were stopped: 0.0510300 seconds, Stopping threads took: 0.0000070 seconds
203.236: Application time: 0.0000420 seconds
203.236: [Full GC [PSYoungGen: 69120K->69119K(80384K)] [ParOldGen: 182783K->182782K(182784K)] 251903K->251902K(263168K) [PSPermGen: 13496K->13496K(21504K)], 0.0504580 secs] [Times: user=0.35 sys=0.00, real=0.05 secs] 
203.286: Total time for which application threads were stopped: 0.0508500 seconds, Stopping threads took: 0.0000070 seconds
203.286: Application time: 0.0000370 seconds
203.287: [Full GC [PSYoungGen: 69120K->69119K(80384K)] [ParOldGen: 182782K->182782K(182784K)] 251902K->251902K(263168K) [PSPermGen: 13496K->13496K(21504K)], 0.0506980 secs] [Times: user=0.35 sys=0.00, real=0.06 secs] 
203.338: Total time for which application threads were stopped: 0.0510890 seconds, Stopping threads took: 0.0000070 seconds
203.338: Application time: 0.0000640 seconds
203.338: [Full GC [PSYoungGen: 69119K->69119K(80384K)] [ParOldGen: 182782K->182782K(182784K)] 251902K->251902K(263168K) [PSPermGen: 13496K->13496K(21504K)], 0.0503780 secs] [Times: user=0.35 sys=0.00, real=0.04 secs] 
203.388: Total time for which application threads were stopped: 0.0507650 seconds, Stopping threads took: 0.0000080 seconds
203.388: Application time: 0.0000480 seconds
203.389: [Full GC [PSYoungGen: 69119K->69119K(80384K)] [ParOldGen: 182783K->182783K(182784K)] 251903K->251902K(263168K) [PSPermGen: 13496K->13496K(21504K)], 0.0504280 secs] [Times: user=0.35 sys=0.00, real=0.05 secs] 
203.439: Total time for which application threads were stopped: 0.0508310 seconds, Stopping threads took: 0.0000130 seconds
203.439: Application time: 0.0000300 seconds
203.440: [Full GC [PSYoungGen: 69120K->69119K(80384K)] [ParOldGen: 182783K->182783K(182784K)] 251903K->251903K(263168K) [PSPermGen: 13496K->13496K(21504K)], 0.0507130 secs] [Times: user=0.35 sys=0.00, real=0.05 secs] 
203.490: Total time for which application threads were stopped: 0.0511020 seconds, Stopping threads took: 0.0000110 seconds
203.490: Application time: 0.0000250 seconds
203.491: [Full GC [PSYoungGen: 69120K->69119K(80384K)] [ParOldGen: 182783K->182783K(182784K)] 251903K->251902K(263168K) [PSPermGen: 13496K->13496K(21504K)], 0.0504990 secs] [Times: user=0.35 sys=0.00, real=0.05 secs] 
203.541: Total time for which application threads were stopped: 0.0508900 seconds, Stopping threads took: 0.0000110 seconds
203.541: Application time: 0.0000430 seconds
203.542: [Full GC [PSYoungGen: 69120K->69119K(80384K)] [ParOldGen: 182784K->182783K(182784K)] 251904K->251903K(263168K) [PSPermGen: 13496K->13496K(21504K)], 0.0503860 secs] [Times: user=0.35 sys=0.00, real=0.05 secs] 
203.592: Total time for which application threads were stopped: 0.0507710 seconds, Stopping threads took: 0.0000070 seconds
203.592: Application time: 0.0000300 seconds
203.592: [Full GC [PSYoungGen: 69120K->69119K(80384K)] [ParOldGen: 182783K->182783K(182784K)] 251903K->251903K(263168K) [PSPermGen: 13496K->13496K(21504K)], 0.0508200 secs] [Times: user=0.35 sys=0.00, real=0.05 secs] 
203.643: Total time for which application threads were stopped: 0.0512300 seconds, Stopping threads took: 0.0000150 seconds
203.643: Application time: 0.0000620 seconds
203.644: [Full GC [PSYoungGen: 69120K->69119K(80384K)] [ParOldGen: 182784K->182783K(182784K)] 251904K->251903K(263168K) [PSPermGen: 13496K->13496K(21504K)], 0.0502860 secs] [Times: user=0.35 sys=0.00, real=0.05 secs] 
203.694: Total time for which application threads were stopped: 0.0506800 seconds, Stopping threads took: 0.0000080 seconds
203.694: Application time: 0.0000290 seconds
203.695: [Full GC [PSYoungGen: 69119K->69119K(80384K)] [ParOldGen: 182783K->182783K(182784K)] 251903K->251903K(263168K) [PSPermGen: 13496K->13496K(21504K)], 0.0505150 secs] [Times: user=0.35 sys=0.00, real=0.05 secs] 
203.745: Total time for which application threads were stopped: 0.0509360 seconds, Stopping threads took: 0.0000090 seconds
203.745: Application time: 0.0000410 seconds
203.745: [Full GC [PSYoungGen: 69120K->69119K(80384K)] [ParOldGen: 182783K->182783K(182784K)] 251903K->251903K(263168K) [PSPermGen: 13496K->13496K(21504K)], 0.0508230 secs] [Times: user=0.35 sys=0.00, real=0.05 secs] 
203.796: Total time for which application threads were stopped: 0.0512100 seconds, Stopping threads took: 0.0000070 seconds
203.796: Application time: 0.0000240 seconds
203.797: [Full GC [PSYoungGen: 69119K->69119K(80384K)] [ParOldGen: 182783K->182783K(182784K)] 251903K->251903K(263168K) [PSPermGen: 13496K->13496K(21504K)], 0.0505850 secs] [Times: user=0.35 sys=0.00, real=0.04 secs] 
203.847: Total time for which application threads were stopped: 0.0509940 seconds, Stopping threads took: 0.0000180 seconds
203.847: Application time: 0.0000340 seconds
203.848: [Full GC [PSYoungGen: 69119K->69119K(80384K)] [ParOldGen: 182783K->182783K(182784K)] 251903K->251903K(263168K) [PSPermGen: 13496K->13496K(21504K)], 0.0513780 secs] [Times: user=0.35 sys=0.00, real=0.06 secs] 
203.899: Total time for which application threads were stopped: 0.0517670 seconds, Stopping threads took: 0.0000100 seconds
203.899: Application time: 0.0000380 seconds
203.900: [Full GC [PSYoungGen: 69120K->69120K(80384K)] [ParOldGen: 182783K->182783K(182784K)] 251903K->251903K(263168K) [PSPermGen: 13496K->13496K(21504K)], 0.0504440 secs] [Times: user=0.35 sys=0.00, real=0.05 secs] 
203.950: Total time for which application threads were stopped: 0.0508290 seconds, Stopping threads took: 0.0000080 seconds
203.950: Application time: 0.0000520 seconds
203.950: [Full GC [PSYoungGen: 69120K->69119K(80384K)] [ParOldGen: 182783K->182783K(182784K)] 251903K->251903K(263168K) [PSPermGen: 13496K->13496K(21504K)], 0.0505550 secs] [Times: user=0.35 sys=0.00, real=0.05 secs] 
204.001: Total time for which application threads were stopped: 0.0509420 seconds, Stopping threads took: 0.0000120 seconds
204.001: Application time: 0.0000320 seconds
204.001: [Full GC [PSYoungGen: 69119K->69119K(80384K)] [ParOldGen: 182783K->182783K(182784K)] 251903K->251903K(263168K) [PSPermGen: 13496K->13496K(21504K)], 0.0508280 secs] [Times: user=0.35 sys=0.00, real=0.05 secs] 
204.052: Total time for which application threads were stopped: 0.0512200 seconds, Stopping threads took: 0.0000140 seconds
204.052: Application time: 0.0000330 seconds
204.053: [Full GC [PSYoungGen: 69119K->69119K(80384K)] [ParOldGen: 182783K->182783K(182784K)] 251903K->251903K(263168K) [PSPermGen: 13496K->13496K(21504K)], 0.0505120 secs] [Times: user=0.35 sys=0.00, real=0.05 secs] 
204.103: Total time for which application threads were stopped: 0.0509120 seconds, Stopping threads took: 0.0000110 seconds
204.103: Application time: 0.0000540 seconds
204.104: [Full GC [PSYoungGen: 69120K->69119K(80384K)] [ParOldGen: 182783K->182783K(182784K)] 251903K->251903K(263168K) [PSPermGen: 13496K->13496K(21504K)], 0.0503760 secs] [Times: user=0.35 sys=0.00, real=0.05 secs] 
204.154: Total time for which application threads were stopped: 0.0507640 seconds, Stopping threads took: 0.0000090 seconds
204.154: Application time: 0.0000680 seconds
204.154: [Full GC [PSYoungGen: 69120K->69120K(80384K)] [ParOldGen: 182783K->182783K(182784K)] 251903K->251903K(263168K) [PSPermGen: 13496K->13496K(21504K)], 0.0504980 secs] [Times: user=0.35 sys=0.00, real=0.05 secs] 
204.207: [Full GC [PSYoungGen: 69120K->69119K(80384K)] [ParOldGen: 182783K->182783K(182784K)] 251903K->251903K(263168K) [PSPermGen: 13496K->13496K(21504K)], 0.0511940 secs] [Times: user=0.35 sys=0.00, real=0.06 secs] 
204.258: Total time for which application threads were stopped: 0.1036540 seconds, Stopping threads took: 0.0000070 seconds
204.258: Application time: 0.0000480 seconds
204.258: [Full GC [PSYoungGen: 69119K->69119K(80384K)] [ParOldGen: 182784K->182783K(182784K)] 251903K->251903K(263168K) [PSPermGen: 13496K->13496K(21504K)], 0.0509180 secs] [Times: user=0.35 sys=0.01, real=0.05 secs] 
204.309: [Full GC [PSYoungGen: 69119K->69119K(80384K)] [ParOldGen: 182783K->182783K(182784K)] 251903K->251903K(263168K) [PSPermGen: 13496K->13496K(21504K)], 0.0509050 secs] [Times: user=0.35 sys=0.00, real=0.05 secs] 
204.360: Total time for which application threads were stopped: 0.1022870 seconds, Stopping threads took: 0.0000070 seconds
204.360: Application time: 0.0000600 seconds
204.361: [Full GC [PSYoungGen: 69119K->69119K(80384K)] [ParOldGen: 182783K->182783K(182784K)] 251903K->251903K(263168K) [PSPermGen: 13496K->13496K(21504K)], 0.0506110 secs] [Times: user=0.35 sys=0.00, real=0.05 secs] 
204.411: [Full GC [PSYoungGen: 69119K->69119K(80384K)] [ParOldGen: 182783K->182783K(182784K)] 251903K->251903K(263168K) [PSPermGen: 13496K->13496K(21504K)], 0.0507150 secs] [Times: user=0.35 sys=0.00, real=0.05 secs] 
204.462: Total time for which application threads were stopped: 0.1018170 seconds, Stopping threads took: 0.0000360 seconds
204.462: Application time: 0.0000390 seconds
204.462: [Full GC [PSYoungGen: 69119K->69119K(80384K)] [ParOldGen: 182783K->182783K(182784K)] 251903K->251903K(263168K) [PSPermGen: 13496K->13496K(21504K)], 0.0548200 secs] [Times: user=0.39 sys=0.00, real=0.06 secs] 
204.517: Total time for which application threads were stopped: 0.0552330 seconds, Stopping threads took: 0.0000310 seconds
204.517: Application time: 0.0000640 seconds
204.518: [Full GC [PSYoungGen: 69120K->69081K(80384K)] [ParOldGen: 182783K->182782K(182784K)] 251903K->251864K(263168K) [PSPermGen: 13496K->13496K(21504K)], 0.0555360 secs] [Times: user=0.39 sys=0.00, real=0.05 secs] 
204.573: Total time for which application threads were stopped: 0.0559260 seconds, Stopping threads took: 0.0000110 seconds
204.573: Application time: 0.0001160 seconds
204.574: Total time for which application threads were stopped: 0.0003270 seconds, Stopping threads took: 0.0000170 seconds
204.574: Application time: 0.0000880 seconds
204.574: Total time for which application threads were stopped: 0.0000550 seconds, Stopping threads took: 0.0000150 seconds
204.574: Application time: 0.0000620 seconds
204.574: [Full GC [PSYoungGen: 69120K->69073K(80384K)] [ParOldGen: 182782K->182781K(182784K)] 251902K->251855K(263168K) [PSPermGen: 13496K->13496K(21504K)], 0.0572400 secs] [Times: user=0.40 sys=0.00, real=0.06 secs] 
204.631: Total time for which application threads were stopped: 0.0573740 seconds, Stopping threads took: 0.0000150 seconds
204.631: Application time: 0.0001160 seconds
204.632: [Full GC [PSYoungGen: 69115K->69086K(80384K)] [ParOldGen: 182781K->182781K(182784K)] 251897K->251868K(263168K) [PSPermGen: 13496K->13496K(21504K)], 0.0556280 secs] [Times: user=0.39 sys=0.00, real=0.05 secs] 
204.687: Total time for which application threads were stopped: 0.0560250 seconds, Stopping threads took: 0.0000160 seconds
204.688: Application time: 0.0001780 seconds
204.688: [Full GC [PSYoungGen: 69120K->69110K(80384K)] [ParOldGen: 182781K->182781K(182784K)] 251901K->251892K(263168K) [PSPermGen: 13496K->13496K(21504K)], 0.0552390 secs] [Times: user=0.39 sys=0.00, real=0.06 secs] 
204.743: Total time for which application threads were stopped: 0.0556210 seconds, Stopping threads took: 0.0000070 seconds
204.743: Application time: 0.0001070 seconds
204.744: [Full GC [PSYoungGen: 69120K->69118K(80384K)] [ParOldGen: 182781K->182781K(182784K)] 251901K->251899K(263168K) [PSPermGen: 13496K->13496K(21504K)], 0.0505630 secs] [Times: user=0.35 sys=0.00, real=0.05 secs] 
204.794: Total time for which application threads were stopped: 0.0509620 seconds, Stopping threads took: 0.0000060 seconds
204.794: Application time: 0.0000560 seconds
204.795: [Full GC [PSYoungGen: 69120K->69118K(80384K)] [ParOldGen: 182781K->182781K(182784K)] 251901K->251900K(263168K) [PSPermGen: 13496K->13496K(21504K)], 0.0506990 secs] [Times: user=0.35 sys=0.00, real=0.05 secs] 
204.845: Total time for which application threads were stopped: 0.0511040 seconds, Stopping threads took: 0.0000100 seconds
204.846: Application time: 0.0000450 seconds
204.846: [Full GC [PSYoungGen: 69120K->69118K(80384K)] [ParOldGen: 182781K->182781K(182784K)] 251901K->251900K(263168K) [PSPermGen: 13496K->13496K(21504K)], 0.0512280 secs] [Times: user=0.35 sys=0.00, real=0.06 secs] 
204.897: Total time for which application threads were stopped: 0.0516280 seconds, Stopping threads took: 0.0000210 seconds
204.897: Application time: 0.0000500 seconds
204.898: [Full GC [PSYoungGen: 69120K->69119K(80384K)] [ParOldGen: 182781K->182781K(182784K)] 251901K->251901K(263168K) [PSPermGen: 13496K->13496K(21504K)], 0.0505420 secs] [Times: user=0.35 sys=0.00, real=0.04 secs] 
204.948: Total time for which application threads were stopped: 0.0509380 seconds, Stopping threads took: 0.0000190 seconds
204.948: Application time: 0.0000520 seconds
204.949: [Full GC [PSYoungGen: 69120K->69119K(80384K)] [ParOldGen: 182781K->182781K(182784K)] 251901K->251901K(263168K) [PSPermGen: 13496K->13496K(21504K)], 0.0506590 secs] [Times: user=0.35 sys=0.00, real=0.06 secs] 
204.999: Total time for which application threads were stopped: 0.0510440 seconds, Stopping threads took: 0.0000070 seconds
204.999: Application time: 0.0000320 seconds
205.000: [Full GC [PSYoungGen: 69120K->69119K(80384K)] [ParOldGen: 182781K->182781K(182784K)] 251901K->251901K(263168K) [PSPermGen: 13496K->13496K(21504K)], 0.0505900 secs] [Times: user=0.35 sys=0.00, real=0.05 secs] 
205.050: Total time for which application threads were stopped: 0.0509930 seconds, Stopping threads took: 0.0000210 seconds
205.050: Application time: 0.0000680 seconds
205.051: [Full GC [PSYoungGen: 69120K->69118K(80384K)] [ParOldGen: 182784K->182783K(182784K)] 251904K->251901K(263168K) [PSPermGen: 13496K->13496K(21504K)], 0.0505970 secs] [Times: user=0.35 sys=0.00, real=0.05 secs] 
205.101: Total time for which application threads were stopped: 0.0509850 seconds, Stopping threads took: 0.0000130 seconds
205.101: Application time: 0.0000500 seconds
205.102: [Full GC [PSYoungGen: 69120K->69118K(80384K)] [ParOldGen: 182783K->182783K(182784K)] 251903K->251901K(263168K) [PSPermGen: 13496K->13496K(21504K)], 0.0503800 secs] [Times: user=0.35 sys=0.00, real=0.05 secs] 
205.152: Total time for which application threads were stopped: 0.0507820 seconds, Stopping threads took: 0.0000180 seconds
205.152: Application time: 0.0000400 seconds
205.153: [Full GC [PSYoungGen: 69120K->69119K(80384K)] [ParOldGen: 182783K->182783K(182784K)] 251903K->251902K(263168K) [PSPermGen: 13496K->13496K(21504K)], 0.0506160 secs] [Times: user=0.35 sys=0.00, real=0.05 secs] 
205.203: Total time for which application threads were stopped: 0.0510080 seconds, Stopping threads took: 0.0000160 seconds
205.203: Application time: 0.0000530 seconds
205.204: [Full GC [PSYoungGen: 69120K->69119K(80384K)] [ParOldGen: 182783K->182783K(182784K)] 251903K->251902K(263168K) [PSPermGen: 13496K->13496K(21504K)], 0.0503410 secs] [Times: user=0.35 sys=0.00, real=0.05 secs] 
205.254: Total time for which application threads were stopped: 0.0507270 seconds, Stopping threads took: 0.0000100 seconds
205.254: Application time: 0.0000520 seconds
205.254: [Full GC [PSYoungGen: 69120K->69119K(80384K)] [ParOldGen: 182783K->182783K(182784K)] 251903K->251902K(263168K) [PSPermGen: 13496K->13496K(21504K)], 0.0505600 secs] [Times: user=0.35 sys=0.00, real=0.05 secs] 
205.305: Total time for which application threads were stopped: 0.0509480 seconds, Stopping threads took: 0.0000070 seconds
205.305: Application time: 0.0000880 seconds
205.305: [Full GC [PSYoungGen: 69120K->69119K(80384K)] [ParOldGen: 182783K->182783K(182784K)] 251903K->251903K(263168K) [PSPermGen: 13496K->13496K(21504K)], 0.0506870 secs] [Times: user=0.35 sys=0.00, real=0.05 secs] 
205.356: Total time for which application threads were stopped: 0.0511000 seconds, Stopping threads took: 0.0000070 seconds
205.356: Application time: 0.0000450 seconds
205.357: [Full GC [PSYoungGen: 69119K->69119K(80384K)] [ParOldGen: 182783K->182783K(182784K)] 251903K->251903K(263168K) [PSPermGen: 13496K->13496K(21504K)], 0.0510030 secs] [Times: user=0.34 sys=0.00, real=0.05 secs] 
205.408: [Full GC [PSYoungGen: 69119K->69119K(80384K)] [ParOldGen: 182783K->182783K(182784K)] 251903K->251903K(263168K) [PSPermGen: 13496K->13496K(21504K)], 0.0508750 secs] [Times: user=0.35 sys=0.00, real=0.06 secs] 
205.459: Total time for which application threads were stopped: 0.1023230 seconds, Stopping threads took: 0.0000100 seconds
205.459: Application time: 0.0000750 seconds
205.459: [Full GC [PSYoungGen: 69120K->69120K(80384K)] [ParOldGen: 182784K->182784K(182784K)] 251904K->251904K(263168K) [PSPermGen: 13496K->13496K(21504K)], 0.0505720 secs] [Times: user=0.35 sys=0.00, real=0.05 secs] 
205.510: [Full GC [PSYoungGen: 69120K->69119K(80384K)] [ParOldGen: 182784K->182784K(182784K)] 251904K->251903K(263168K) [PSPermGen: 13496K->13496K(21504K)], 0.0505970 secs] [Times: user=0.35 sys=0.00, real=0.05 secs] 
205.560: Total time for which application threads were stopped: 0.1016240 seconds, Stopping threads took: 0.0000200 seconds
205.560: Application time: 0.0000610 seconds
205.561: [Full GC [PSYoungGen: 69119K->69119K(80384K)] [ParOldGen: 182784K->182783K(182784K)] 251903K->251902K(263168K) [PSPermGen: 13496K->13496K(21504K)], 0.0506940 secs] [Times: user=0.35 sys=0.00, real=0.05 secs] 
205.611: Total time for which application threads were stopped: 0.0510910 seconds, Stopping threads took: 0.0000070 seconds
205.611: Application time: 0.0000610 seconds
205.612: [Full GC [PSYoungGen: 69120K->69119K(80384K)] [ParOldGen: 182783K->182783K(182784K)] 251903K->251902K(263168K) [PSPermGen: 13496K->13496K(21504K)], 0.0555520 secs] [Times: user=0.39 sys=0.00, real=0.05 secs] 
205.667: Total time for which application threads were stopped: 0.0559430 seconds, Stopping threads took: 0.0000100 seconds
205.667: Application time: 0.0000740 seconds
205.668: [Full GC [PSYoungGen: 69120K->69119K(80384K)] [ParOldGen: 182783K->182783K(182784K)] 251903K->251902K(263168K) [PSPermGen: 13496K->13496K(21504K)], 0.0555660 secs] [Times: user=0.39 sys=0.00, real=0.06 secs] 
205.723: Total time for which application threads were stopped: 0.0559550 seconds, Stopping threads took: 0.0000080 seconds
205.724: Application time: 0.0000980 seconds
205.724: [Full GC [PSYoungGen: 69120K->69119K(80384K)] [ParOldGen: 182783K->182783K(182784K)] 251903K->251903K(263168K) [PSPermGen: 13496K->13496K(21504K)], 0.0508560 secs] [Times: user=0.35 sys=0.00, real=0.05 secs] 
205.775: Total time for which application threads were stopped: 0.0512610 seconds, Stopping threads took: 0.0000200 seconds
205.775: Application time: 0.0000800 seconds
205.775: [Full GC [PSYoungGen: 69120K->69119K(80384K)] [ParOldGen: 182783K->182783K(182784K)] 251903K->251903K(263168K) [PSPermGen: 13496K->13496K(21504K)], 0.0507650 secs] [Times: user=0.35 sys=0.00, real=0.05 secs] 
205.826: Total time for which application threads were stopped: 0.0511510 seconds, Stopping threads took: 0.0000080 seconds
205.826: Application time: 0.0001080 seconds
205.826: [Full GC [PSYoungGen: 69120K->69120K(80384K)] [ParOldGen: 182783K->182783K(182784K)] 251903K->251903K(263168K) [PSPermGen: 13496K->13496K(21504K)], 0.0505640 secs] [Times: user=0.35 sys=0.00, real=0.06 secs] 
205.877: Total time for which application threads were stopped: 0.0509640 seconds, Stopping threads took: 0.0000070 seconds
205.877: Application time: 0.0000470 seconds
205.877: [Full GC [PSYoungGen: 69120K->69120K(80384K)] [ParOldGen: 182783K->182783K(182784K)] 251903K->251903K(263168K) [PSPermGen: 13496K->13496K(21504K)], 0.0510280 secs] [Times: user=0.35 sys=0.00, real=0.04 secs] 
205.929: [Full GC [PSYoungGen: 69120K->69120K(80384K)] [ParOldGen: 182783K->182783K(182784K)] 251903K->251903K(263168K) [PSPermGen: 13496K->13496K(21504K)], 0.0506620 secs] [Times: user=0.35 sys=0.00, real=0.06 secs] 
205.979: Total time for which application threads were stopped: 0.1021460 seconds, Stopping threads took: 0.0000090 seconds
205.979: Application time: 0.0000410 seconds
205.980: [Full GC [PSYoungGen: 69120K->69119K(80384K)] [ParOldGen: 182783K->182783K(182784K)] 251903K->251903K(263168K) [PSPermGen: 13496K->13496K(21504K)], 0.0504530 secs] [Times: user=0.35 sys=0.00, real=0.05 secs] 
206.030: Total time for which application threads were stopped: 0.0508410 seconds, Stopping threads took: 0.0000060 seconds
206.030: Application time: 0.0000550 seconds
206.031: [Full GC [PSYoungGen: 69120K->69120K(80384K)] [ParOldGen: 182783K->182783K(182784K)] 251903K->251903K(263168K) [PSPermGen: 13496K->13496K(21504K)], 0.0507270 secs] [Times: user=0.35 sys=0.00, real=0.05 secs] 
206.081: [Full GC [PSYoungGen: 69120K->69119K(80384K)] [ParOldGen: 182783K->182783K(182784K)] 251903K->251903K(263168K) [PSPermGen: 13496K->13496K(21504K)], 0.0504230 secs] [Times: user=0.35 sys=0.00, real=0.05 secs] 
206.132: Total time for which application threads were stopped: 0.1015980 seconds, Stopping threads took: 0.0000130 seconds
206.132: Application time: 0.0000890 seconds
206.132: [Full GC [PSYoungGen: 69119K->69079K(80384K)] [ParOldGen: 182783K->182783K(182784K)] 251903K->251863K(263168K) [PSPermGen: 13496K->13496K(21504K)], 0.0561350 secs] [Times: user=0.40 sys=0.00, real=0.05 secs] 
206.188: Total time for which application threads were stopped: 0.0565330 seconds, Stopping threads took: 0.0000190 seconds
206.189: Application time: 0.0000770 seconds
206.189: Total time for which application threads were stopped: 0.0003270 seconds, Stopping threads took: 0.0000100 seconds
206.189: Application time: 0.0000660 seconds
206.189: Total time for which application threads were stopped: 0.0000520 seconds, Stopping threads took: 0.0000120 seconds
206.189: Application time: 0.0000490 seconds
206.189: Total time for which application threads were stopped: 0.0000430 seconds, Stopping threads took: 0.0000050 seconds
206.189: Application time: 0.0000240 seconds
206.189: [Full GC [PSYoungGen: 69120K->69099K(80384K)] [ParOldGen: 182783K->182783K(182784K)] 251903K->251883K(263168K) [PSPermGen: 13496K->13496K(21504K)], 0.0559670 secs] [Times: user=0.39 sys=0.00, real=0.05 secs] 
206.245: Total time for which application threads were stopped: 0.0560830 seconds, Stopping threads took: 0.0000060 seconds
206.245: Application time: 0.0000820 seconds
206.246: Total time for which application threads were stopped: 0.0003180 seconds, Stopping threads took: 0.0000100 seconds
206.246: Application time: 0.0001230 seconds
206.246: [Full GC [PSYoungGen: 69120K->69087K(80384K)] [ParOldGen: 182783K->182783K(182784K)] 251903K->251871K(263168K) [PSPermGen: 13496K->13496K(21504K)], 0.1220440 secs] [Times: user=0.88 sys=0.01, real=0.12 secs] 
206.368: Total time for which application threads were stopped: 0.1221730 seconds, Stopping threads took: 0.0000130 seconds
206.368: Application time: 0.0004000 seconds
206.369: [Full GC [PSYoungGen: 69120K->69088K(80384K)] [ParOldGen: 182783K->182783K(182784K)] 251903K->251872K(263168K) [PSPermGen: 13499K->13499K(21504K)], 0.1228090 secs] [Times: user=0.89 sys=0.00, real=0.12 secs] 
206.491: Total time for which application threads were stopped: 0.1232260 seconds, Stopping threads took: 0.0000080 seconds
206.492: Application time: 0.0003670 seconds
206.492: [Full GC [PSYoungGen: 69117K->69102K(80384K)] [ParOldGen: 182783K->182783K(182784K)] 251901K->251886K(263168K) [PSPermGen: 13501K->13501K(21504K)], 0.0505180 secs] [Times: user=0.35 sys=0.00, real=0.05 secs] 
206.543: Total time for which application threads were stopped: 0.0509060 seconds, Stopping threads took: 0.0000110 seconds
206.543: Application time: 0.0000540 seconds
206.543: [Full GC [PSYoungGen: 69119K->69114K(80384K)] [ParOldGen: 182783K->182783K(182784K)] 251902K->251898K(263168K) [PSPermGen: 13501K->13501K(21504K)], 0.0506320 secs] [Times: user=0.35 sys=0.00, real=0.05 secs] 
206.594: [Full GC [PSYoungGen: 69114K->69048K(80384K)] [ParOldGen: 182783K->182781K(182784K)] 251898K->251830K(263168K) [PSPermGen: 13501K->13501K(21504K)], 0.0505290 secs] [Times: user=0.35 sys=0.00, real=0.05 secs] 
206.644: Total time for which application threads were stopped: 0.1016180 seconds, Stopping threads took: 0.0000230 seconds
206.645: Application time: 0.0000980 seconds
206.645: [Full GC [PSYoungGen: 69120K->69113K(80384K)] [ParOldGen: 182783K->182783K(182784K)] 251903K->251897K(263168K) [PSPermGen: 13501K->13501K(21504K)], 0.0507190 secs] [Times: user=0.35 sys=0.00, real=0.05 secs] 
206.696: [Full GC [PSYoungGen: 69113K->69113K(80384K)] [ParOldGen: 182783K->182783K(182784K)] 251897K->251897K(263168K) [PSPermGen: 13501K->13501K(21504K)], 0.0504900 secs] [Times: user=0.35 sys=0.00, real=0.05 secs] 
206.746: Total time for which application threads were stopped: 0.1016880 seconds, Stopping threads took: 0.0000280 seconds
206.746: Application time: 0.0000940 seconds
206.747: [Full GC [PSYoungGen: 69120K->69111K(80384K)] [ParOldGen: 182783K->182781K(182784K)] 251903K->251892K(263168K) [PSPermGen: 13501K->13501K(21504K)], 0.0504780 secs] [Times: user=0.35 sys=0.00, real=0.06 secs] 
206.797: Total time for which application threads were stopped: 0.0508930 seconds, Stopping threads took: 0.0000410 seconds
206.797: Application time: 0.0000620 seconds
206.798: [Full GC [PSYoungGen: 69120K->69112K(80384K)] [ParOldGen: 182781K->182781K(182784K)] 251901K->251894K(263168K) [PSPermGen: 13501K->13501K(21504K)], 0.0505910 secs] [Times: user=0.36 sys=0.00, real=0.04 secs] 
206.848: Total time for which application threads were stopped: 0.0510000 seconds, Stopping threads took: 0.0000340 seconds
206.848: Application time: 0.0000650 seconds
206.849: [Full GC [PSYoungGen: 69120K->69112K(80384K)] [ParOldGen: 182781K->182781K(182784K)] 251901K->251894K(263168K) [PSPermGen: 13501K->13501K(21504K)], 0.0508330 secs] [Times: user=0.33 sys=0.00, real=0.05 secs] 
206.900: Total time for which application threads were stopped: 0.0512570 seconds, Stopping threads took: 0.0000340 seconds
206.900: Application time: 0.0000470 seconds
206.900: [Full GC [PSYoungGen: 69120K->69112K(80384K)] [ParOldGen: 182781K->182781K(182784K)] 251901K->251894K(263168K) [PSPermGen: 13501K->13501K(21504K)], 0.0506200 secs] [Times: user=0.35 sys=0.00, real=0.05 secs] 
206.951: Total time for which application threads were stopped: 0.0510330 seconds, Stopping threads took: 0.0000170 seconds
206.951: Application time: 0.0000560 seconds
206.951: [Full GC [PSYoungGen: 69120K->69112K(80384K)] [ParOldGen: 182781K->182781K(182784K)] 251901K->251894K(263168K) [PSPermGen: 13501K->13501K(21504K)], 0.0507920 secs] [Times: user=0.35 sys=0.00, real=0.05 secs] 
207.002: Total time for which application threads were stopped: 0.0511900 seconds, Stopping threads took: 0.0000180 seconds
207.002: Application time: 0.0000450 seconds
207.002: [Full GC [PSYoungGen: 69120K->69112K(80384K)] [ParOldGen: 182781K->182781K(182784K)] 251901K->251894K(263168K) [PSPermGen: 13501K->13501K(21504K)], 0.0505360 secs] [Times: user=0.35 sys=0.00, real=0.05 secs] 
207.053: Total time for which application threads were stopped: 0.0509360 seconds, Stopping threads took: 0.0000180 seconds
207.053: Application time: 0.0000340 seconds
207.053: [Full GC [PSYoungGen: 69120K->69112K(80384K)] [ParOldGen: 182781K->182781K(182784K)] 251901K->251894K(263168K) [PSPermGen: 13501K->13501K(21504K)], 0.0503610 secs] [Times: user=0.35 sys=0.00, real=0.05 secs] 
207.104: Total time for which application threads were stopped: 0.0507600 seconds, Stopping threads took: 0.0000180 seconds
207.104: Application time: 0.0000750 seconds
207.104: [Full GC [PSYoungGen: 69120K->69113K(80384K)] [ParOldGen: 182781K->182781K(182784K)] 251901K->251894K(263168K) [PSPermGen: 13501K->13501K(21504K)], 0.0503980 secs] [Times: user=0.35 sys=0.00, real=0.05 secs] 
207.155: Total time for which application threads were stopped: 0.0508440 seconds, Stopping threads took: 0.0000560 seconds
207.155: Application time: 0.0000830 seconds
207.155: [Full GC [PSYoungGen: 69120K->69114K(80384K)] [ParOldGen: 182781K->182781K(182784K)] 251901K->251895K(263168K) [PSPermGen: 13502K->13502K(21504K)], 0.0506540 secs] [Times: user=0.35 sys=0.00, real=0.05 secs] 
207.206: Total time for which application threads were stopped: 0.0510500 seconds, Stopping threads took: 0.0000180 seconds
207.206: Application time: 0.0000640 seconds
207.206: [Full GC [PSYoungGen: 69120K->69115K(80384K)] [ParOldGen: 182781K->182781K(182784K)] 251901K->251897K(263168K) [PSPermGen: 13502K->13502K(21504K)], 0.0507020 secs] [Times: user=0.35 sys=0.00, real=0.06 secs] 
207.257: Total time for which application threads were stopped: 0.0511040 seconds, Stopping threads took: 0.0000250 seconds
207.257: Application time: 0.0000420 seconds
207.257: [Full GC [PSYoungGen: 69120K->69115K(80384K)] [ParOldGen: 182781K->182781K(182784K)] 251901K->251897K(263168K) [PSPermGen: 13502K->13502K(21504K)], 0.0507620 secs] [Times: user=0.36 sys=0.00, real=0.04 secs] 
207.308: Total time for which application threads were stopped: 0.0511720 seconds, Stopping threads took: 0.0000250 seconds
207.308: Application time: 0.0000810 seconds
207.309: [Full GC [PSYoungGen: 69120K->69116K(80384K)] [ParOldGen: 182781K->182781K(182784K)] 251901K->251898K(263168K) [PSPermGen: 13502K->13502K(21504K)], 0.0505230 secs] [Times: user=0.34 sys=0.00, real=0.06 secs] 
207.359: Total time for which application threads were stopped: 0.0509220 seconds, Stopping threads took: 0.0000140 seconds
207.359: Application time: 0.0000660 seconds
207.360: [Full GC [PSYoungGen: 69120K->69117K(80384K)] [ParOldGen: 182781K->182781K(182784K)] 251901K->251898K(263168K) [PSPermGen: 13502K->13502K(21504K)], 0.0506660 secs] [Times: user=0.35 sys=0.01, real=0.05 secs] 
207.410: Total time for which application threads were stopped: 0.0510680 seconds, Stopping threads took: 0.0000200 seconds
207.410: Application time: 0.0000940 seconds
207.411: [Full GC [PSYoungGen: 69120K->69117K(80384K)] [ParOldGen: 182781K->182781K(182784K)] 251901K->251899K(263168K) [PSPermGen: 13502K->13502K(21504K)], 0.0506040 secs] [Times: user=0.35 sys=0.00, real=0.05 secs] 
207.461: Total time for which application threads were stopped: 0.0510230 seconds, Stopping threads took: 0.0000170 seconds
207.461: Application time: 0.0000580 seconds
207.462: [Full GC [PSYoungGen: 69120K->69117K(80384K)] [ParOldGen: 182781K->182781K(182784K)] 251901K->251898K(263168K) [PSPermGen: 13502K->13502K(21504K)], 0.0506020 secs] [Times: user=0.35 sys=0.00, real=0.05 secs] 
207.512: Total time for which application threads were stopped: 0.0509850 seconds, Stopping threads took: 0.0000070 seconds
207.513: Application time: 0.0000570 seconds
207.513: [Full GC [PSYoungGen: 69120K->69117K(80384K)] [ParOldGen: 182781K->182781K(182784K)] 251901K->251899K(263168K) [PSPermGen: 13502K->13502K(21504K)], 0.0504000 secs] [Times: user=0.35 sys=0.00, real=0.05 secs] 
207.563: Total time for which application threads were stopped: 0.0507960 seconds, Stopping threads took: 0.0000060 seconds
207.563: Application time: 0.0000640 seconds
207.564: [Full GC [PSYoungGen: 69120K->69118K(80384K)] [ParOldGen: 182781K->182781K(182784K)] 251901K->251899K(263168K) [PSPermGen: 13502K->13502K(21504K)], 0.0508410 secs] [Times: user=0.35 sys=0.00, real=0.05 secs] 
207.615: Total time for which application threads were stopped: 0.0512570 seconds, Stopping threads took: 0.0000370 seconds
207.615: Application time: 0.0000610 seconds
207.615: [Full GC [PSYoungGen: 69120K->69117K(80384K)] [ParOldGen: 182781K->182781K(182784K)] 251901K->251899K(263168K) [PSPermGen: 13502K->13502K(21504K)], 0.0564240 secs] [Times: user=0.40 sys=0.00, real=0.06 secs] 
207.672: Total time for which application threads were stopped: 0.0568130 seconds, Stopping threads took: 0.0000080 seconds
207.672: Application time: 0.0000580 seconds
207.672: [Full GC [PSYoungGen: 69120K->69117K(80384K)] [ParOldGen: 182781K->182781K(182784K)] 251901K->251899K(263168K) [PSPermGen: 13502K->13502K(21504K)], 0.0506910 secs] [Times: user=0.35 sys=0.00, real=0.05 secs] 
207.723: Total time for which application threads were stopped: 0.0510930 seconds, Stopping threads took: 0.0000120 seconds
207.723: Application time: 0.0000810 seconds
207.723: [Full GC [PSYoungGen: 69120K->69117K(80384K)] [ParOldGen: 182781K->182781K(182784K)] 251901K->251899K(263168K) [PSPermGen: 13502K->13502K(21504K)], 0.0508930 secs] [Times: user=0.35 sys=0.00, real=0.05 secs] 
207.774: Total time for which application threads were stopped: 0.0512910 seconds, Stopping threads took: 0.0000210 seconds
207.774: Application time: 0.0000420 seconds
207.774: [Full GC [PSYoungGen: 69120K->69117K(80384K)] [ParOldGen: 182781K->182781K(182784K)] 251901K->251899K(263168K) [PSPermGen: 13502K->13502K(21504K)], 0.0547360 secs] [Times: user=0.39 sys=0.00, real=0.06 secs] 
207.829: Total time for which application threads were stopped: 0.0551600 seconds, Stopping threads took: 0.0000400 seconds
207.829: Application time: 0.0000290 seconds
207.830: [Full GC [PSYoungGen: 69120K->69118K(80384K)] [ParOldGen: 182781K->182781K(182784K)] 251901K->251900K(263168K) [PSPermGen: 13502K->13502K(21504K)], 0.0508350 secs] [Times: user=0.35 sys=0.00, real=0.05 secs] 
207.881: Total time for which application threads were stopped: 0.0512350 seconds, Stopping threads took: 0.0000160 seconds
207.881: Application time: 0.0000630 seconds
207.881: [Full GC [PSYoungGen: 69120K->69118K(80384K)] [ParOldGen: 182781K->182781K(182784K)] 251901K->251900K(263168K) [PSPermGen: 13502K->13502K(21504K)], 0.0511150 secs] [Times: user=0.35 sys=0.00, real=0.05 secs] 
207.932: Total time for which application threads were stopped: 0.0515080 seconds, Stopping threads took: 0.0000080 seconds
207.932: Application time: 0.0000480 seconds
207.932: [Full GC [PSYoungGen: 69120K->69118K(80384K)] [ParOldGen: 182781K->182781K(182784K)] 251901K->251899K(263168K) [PSPermGen: 13502K->13502K(21504K)], 0.0509380 secs] [Times: user=0.36 sys=0.00, real=0.05 secs] 
207.983: Total time for which application threads were stopped: 0.0513430 seconds, Stopping threads took: 0.0000060 seconds
207.984: Application time: 0.0000600 seconds
207.984: [Full GC [PSYoungGen: 69120K->69117K(80384K)] [ParOldGen: 182781K->182781K(182784K)] 251901K->251899K(263168K) [PSPermGen: 13502K->13502K(21504K)], 0.0505250 secs] [Times: user=0.35 sys=0.00, real=0.05 secs] 
208.034: Total time for which application threads were stopped: 0.0509230 seconds, Stopping threads took: 0.0000140 seconds
208.035: Application time: 0.0000600 seconds
208.035: [Full GC [PSYoungGen: 69120K->69117K(80384K)] [ParOldGen: 182781K->182781K(182784K)] 251901K->251899K(263168K) [PSPermGen: 13502K->13502K(21504K)], 0.0509150 secs] [Times: user=0.35 sys=0.00, real=0.05 secs] 
208.086: Total time for which application threads were stopped: 0.0513180 seconds, Stopping threads took: 0.0000240 seconds
208.086: Application time: 0.0001030 seconds
208.086: [Full GC [PSYoungGen: 69120K->69117K(80384K)] [ParOldGen: 182781K->182781K(182784K)] 251901K->251899K(263168K) [PSPermGen: 13502K->13502K(21504K)], 0.0555730 secs] [Times: user=0.39 sys=0.00, real=0.06 secs] 
208.142: Total time for which application threads were stopped: 0.0559620 seconds, Stopping threads took: 0.0000160 seconds
208.142: Application time: 0.0000780 seconds
208.142: [Full GC [PSYoungGen: 69120K->69117K(80384K)] [ParOldGen: 182781K->182781K(182784K)] 251901K->251899K(263168K) [PSPermGen: 13502K->13502K(21504K)], 0.0506200 secs] [Times: user=0.35 sys=0.00, real=0.05 secs] 
208.193: Total time for which application threads were stopped: 0.0510210 seconds, Stopping threads took: 0.0000200 seconds
208.193: Application time: 0.0000560 seconds
208.193: [Full GC [PSYoungGen: 69120K->69117K(80384K)] [ParOldGen: 182781K->182781K(182784K)] 251901K->251899K(263168K) [PSPermGen: 13502K->13502K(21504K)], 0.0505470 secs] [Times: user=0.35 sys=0.00, real=0.05 secs] 
208.244: Total time for which application threads were stopped: 0.0509690 seconds, Stopping threads took: 0.0000380 seconds
208.244: Application time: 0.0000520 seconds
208.244: [Full GC [PSYoungGen: 69119K->69118K(80384K)] [ParOldGen: 182781K->182781K(182784K)] 251901K->251899K(263168K) [PSPermGen: 13502K->13502K(21504K)], 0.0507100 secs] [Times: user=0.35 sys=0.00, real=0.05 secs] 
208.295: Total time for which application threads were stopped: 0.0511180 seconds, Stopping threads took: 0.0000280 seconds
208.295: Application time: 0.0000380 seconds
208.296: [Full GC [PSYoungGen: 69120K->69118K(80384K)] [ParOldGen: 182781K->182781K(182784K)] 251901K->251900K(263168K) [PSPermGen: 13502K->13502K(21504K)], 0.0507810 secs] [Times: user=0.35 sys=0.00, real=0.05 secs] 
208.346: Total time for which application threads were stopped: 0.0511790 seconds, Stopping threads took: 0.0000150 seconds
208.347: Application time: 0.0000570 seconds
208.347: [Full GC [PSYoungGen: 69120K->69118K(80384K)] [ParOldGen: 182781K->182781K(182784K)] 251901K->251900K(263168K) [PSPermGen: 13502K->13502K(21504K)], 0.0507430 secs] [Times: user=0.36 sys=0.00, real=0.06 secs] 
208.398: Total time for which application threads were stopped: 0.0511460 seconds, Stopping threads took: 0.0000240 seconds
208.398: Application time: 0.0000580 seconds
208.398: [Full GC [PSYoungGen: 69120K->69118K(80384K)] [ParOldGen: 182781K->182781K(182784K)] 251901K->251900K(263168K) [PSPermGen: 13502K->13502K(21504K)], 0.0506680 secs] [Times: user=0.35 sys=0.00, real=0.05 secs] 
208.449: Total time for which application threads were stopped: 0.0510820 seconds, Stopping threads took: 0.0000380 seconds
208.449: Application time: 0.0000570 seconds
208.449: [Full GC [PSYoungGen: 69120K->69119K(80384K)] [ParOldGen: 182781K->182781K(182784K)] 251901K->251901K(263168K) [PSPermGen: 13502K->13502K(21504K)], 0.0505990 secs] [Times: user=0.35 sys=0.00, real=0.05 secs] 
208.500: Total time for which application threads were stopped: 0.0510190 seconds, Stopping threads took: 0.0000220 seconds
208.500: Application time: 0.0000390 seconds
208.500: [Full GC [PSYoungGen: 69120K->69119K(80384K)] [ParOldGen: 182781K->182781K(182784K)] 251901K->251901K(263168K) [PSPermGen: 13502K->13502K(21504K)], 0.0504490 secs] [Times: user=0.35 sys=0.00, real=0.05 secs] 
208.551: Total time for which application threads were stopped: 0.0508370 seconds, Stopping threads took: 0.0000100 seconds
208.551: Application time: 0.0000540 seconds
208.551: [Full GC [PSYoungGen: 69120K->69118K(80384K)] [ParOldGen: 182781K->182781K(182784K)] 251901K->251900K(263168K) [PSPermGen: 13502K->13502K(21504K)], 0.0506830 secs] [Times: user=0.35 sys=0.00, real=0.05 secs] 
208.602: Total time for which application threads were stopped: 0.0510820 seconds, Stopping threads took: 0.0000230 seconds
208.602: Application time: 0.0000720 seconds
208.602: [Full GC [PSYoungGen: 69120K->69118K(80384K)] [ParOldGen: 182781K->182781K(182784K)] 251901K->251899K(263168K) [PSPermGen: 13502K->13502K(21504K)], 0.0556560 secs] [Times: user=0.39 sys=0.00, real=0.06 secs] 
208.658: Total time for which application threads were stopped: 0.0560640 seconds, Stopping threads took: 0.0000250 seconds
208.658: Application time: 0.0000510 seconds
208.658: [Full GC [PSYoungGen: 69120K->69118K(80384K)] [ParOldGen: 182781K->182781K(182784K)] 251901K->251900K(263168K) [PSPermGen: 13502K->13502K(21504K)], 0.0504810 secs] [Times: user=0.35 sys=0.00, real=0.05 secs] 
208.709: Total time for which application threads were stopped: 0.0509030 seconds, Stopping threads took: 0.0000410 seconds
208.709: Application time: 0.0000800 seconds
208.709: [Full GC [PSYoungGen: 69120K->69118K(80384K)] [ParOldGen: 182781K->182781K(182784K)] 251901K->251900K(263168K) [PSPermGen: 13502K->13502K(21504K)], 0.0507110 secs] [Times: user=0.35 sys=0.00, real=0.05 secs] 
208.760: Total time for which application threads were stopped: 0.0511070 seconds, Stopping threads took: 0.0000140 seconds
208.760: Application time: 0.0000420 seconds
208.761: [Full GC [PSYoungGen: 69120K->69118K(80384K)] [ParOldGen: 182781K->182781K(182784K)] 251901K->251900K(263168K) [PSPermGen: 13502K->13502K(21504K)], 0.0506570 secs] [Times: user=0.34 sys=0.01, real=0.05 secs] 
208.811: Total time for which application threads were stopped: 0.0510850 seconds, Stopping threads took: 0.0000490 seconds
208.811: Application time: 0.0000570 seconds
208.812: [Full GC [PSYoungGen: 69120K->69119K(80384K)] [ParOldGen: 182781K->182781K(182784K)] 251901K->251900K(263168K) [PSPermGen: 13502K->13502K(21504K)], 0.0505380 secs] [Times: user=0.35 sys=0.00, real=0.05 secs] 
208.862: Total time for which application threads were stopped: 0.0509380 seconds, Stopping threads took: 0.0000240 seconds
208.862: Application time: 0.0000680 seconds
208.863: [Full GC [PSYoungGen: 69120K->69119K(80384K)] [ParOldGen: 182781K->182781K(182784K)] 251901K->251901K(263168K) [PSPermGen: 13502K->13502K(21504K)], 0.0510720 secs] [Times: user=0.35 sys=0.00, real=0.05 secs] 
208.914: Total time for which application threads were stopped: 0.0514700 seconds, Stopping threads took: 0.0000190 seconds
208.914: Application time: 0.0000560 seconds
208.914: [Full GC [PSYoungGen: 69120K->69119K(80384K)] [ParOldGen: 182781K->182781K(182784K)] 251901K->251901K(263168K) [PSPermGen: 13502K->13502K(21504K)], 0.0505130 secs] [Times: user=0.35 sys=0.00, real=0.05 secs] 
208.965: Total time for which application threads were stopped: 0.0509350 seconds, Stopping threads took: 0.0000450 seconds
208.965: Application time: 0.0000430 seconds
208.965: [Full GC [PSYoungGen: 69120K->69119K(80384K)] [ParOldGen: 182781K->182781K(182784K)] 251901K->251901K(263168K) [PSPermGen: 13502K->13502K(21504K)], 0.0508640 secs] [Times: user=0.35 sys=0.00, real=0.05 secs] 
209.016: Total time for which application threads were stopped: 0.0513060 seconds, Stopping threads took: 0.0000410 seconds
209.016: Application time: 0.0000550 seconds
209.017: [Full GC [PSYoungGen: 69120K->69119K(80384K)] [ParOldGen: 182781K->182781K(182784K)] 251901K->251900K(263168K) [PSPermGen: 13502K->13502K(21504K)], 0.0510820 secs] [Times: user=0.35 sys=0.00, real=0.05 secs] 
209.068: Total time for which application threads were stopped: 0.0514770 seconds, Stopping threads took: 0.0000100 seconds
209.068: Application time: 0.0000460 seconds
209.068: [Full GC [PSYoungGen: 69120K->69119K(80384K)] [ParOldGen: 182781K->182781K(182784K)] 251901K->251900K(263168K) [PSPermGen: 13502K->13502K(21504K)], 0.0507120 secs] [Times: user=0.35 sys=0.00, real=0.06 secs] 
209.119: Total time for which application threads were stopped: 0.0511590 seconds, Stopping threads took: 0.0000590 seconds
209.119: Application time: 0.0000670 seconds
209.119: [Full GC [PSYoungGen: 69120K->69119K(80384K)] [ParOldGen: 182781K->182781K(182784K)] 251901K->251901K(263168K) [PSPermGen: 13502K->13502K(21504K)], 0.0507920 secs] [Times: user=0.35 sys=0.00, real=0.05 secs] 
209.170: Total time for which application threads were stopped: 0.0511890 seconds, Stopping threads took: 0.0000190 seconds
209.170: Application time: 0.0000550 seconds
209.171: [Full GC [PSYoungGen: 69120K->69119K(80384K)] [ParOldGen: 182781K->182781K(182784K)] 251901K->251901K(263168K) [PSPermGen: 13502K->13502K(21504K)], 0.0503380 secs] [Times: user=0.34 sys=0.00, real=0.05 secs] 
209.221: Total time for which application threads were stopped: 0.0507470 seconds, Stopping threads took: 0.0000100 seconds
209.221: Application time: 0.0000520 seconds
209.221: [Full GC [PSYoungGen: 69120K->69119K(80384K)] [ParOldGen: 182781K->182781K(182784K)] 251901K->251901K(263168K) [PSPermGen: 13502K->13502K(21504K)], 0.0507000 secs] [Times: user=0.36 sys=0.00, real=0.05 secs] 
209.272: Total time for which application threads were stopped: 0.0510970 seconds, Stopping threads took: 0.0000180 seconds
209.272: Application time: 0.0000500 seconds
209.273: [Full GC [PSYoungGen: 69120K->69119K(80384K)] [ParOldGen: 182781K->182781K(182784K)] 251901K->251901K(263168K) [PSPermGen: 13502K->13502K(21504K)], 0.0504670 secs] [Times: user=0.34 sys=0.00, real=0.05 secs] 
209.323: Total time for which application threads were stopped: 0.0508750 seconds, Stopping threads took: 0.0000160 seconds
209.323: Application time: 0.0000490 seconds
209.323: [Full GC [PSYoungGen: 69120K->69119K(80384K)] [ParOldGen: 182781K->182781K(182784K)] 251901K->251900K(263168K) [PSPermGen: 13502K->13502K(21504K)], 0.0507680 secs] [Times: user=0.35 sys=0.00, real=0.05 secs] 
209.374: Total time for which application threads were stopped: 0.0511570 seconds, Stopping threads took: 0.0000070 seconds
209.374: Application time: 0.0000530 seconds
209.375: [Full GC [PSYoungGen: 69120K->69119K(80384K)] [ParOldGen: 182781K->182781K(182784K)] 251901K->251900K(263168K) [PSPermGen: 13502K->13502K(21504K)], 0.0508070 secs] [Times: user=0.35 sys=0.00, real=0.05 secs] 
209.426: Total time for which application threads were stopped: 0.0512040 seconds, Stopping threads took: 0.0000110 seconds
209.426: Application time: 0.0000480 seconds
209.426: [Full GC [PSYoungGen: 69120K->69119K(80384K)] [ParOldGen: 182781K->182781K(182784K)] 251901K->251900K(263168K) [PSPermGen: 13502K->13502K(21504K)], 0.0505960 secs] [Times: user=0.35 sys=0.00, real=0.05 secs] 
209.477: Total time for which application threads were stopped: 0.0509890 seconds, Stopping threads took: 0.0000170 seconds
209.477: Application time: 0.0000650 seconds
209.477: [Full GC [PSYoungGen: 69120K->69119K(80384K)] [ParOldGen: 182781K->182781K(182784K)] 251901K->251901K(263168K) [PSPermGen: 13502K->13502K(21504K)], 0.0506590 secs] [Times: user=0.34 sys=0.00, real=0.04 secs] 
209.528: Total time for which application threads were stopped: 0.0510800 seconds, Stopping threads took: 0.0000230 seconds
209.528: Application time: 0.0000520 seconds
209.528: [Full GC [PSYoungGen: 69120K->69119K(80384K)] [ParOldGen: 182781K->182781K(182784K)] 251901K->251901K(263168K) [PSPermGen: 13502K->13502K(21504K)], 0.0508260 secs] [Times: user=0.35 sys=0.00, real=0.06 secs] 
209.579: Total time for which application threads were stopped: 0.0512360 seconds, Stopping threads took: 0.0000370 seconds
209.579: Application time: 0.0000390 seconds
209.579: [Full GC [PSYoungGen: 69120K->69119K(80384K)] [ParOldGen: 182781K->182781K(182784K)] 251901K->251901K(263168K) [PSPermGen: 13502K->13502K(21504K)], 0.0507790 secs] [Times: user=0.35 sys=0.00, real=0.05 secs] 
209.630: Total time for which application threads were stopped: 0.0511970 seconds, Stopping threads took: 0.0000350 seconds
209.630: Application time: 0.0001050 seconds
209.631: [Full GC [PSYoungGen: 69120K->69119K(80384K)] [ParOldGen: 182783K->182781K(182784K)] 251903K->251901K(263168K) [PSPermGen: 13502K->13502K(21504K)], 0.0507070 secs] [Times: user=0.35 sys=0.00, real=0.05 secs] 
209.681: Total time for which application threads were stopped: 0.0510910 seconds, Stopping threads took: 0.0000080 seconds
209.681: Application time: 0.0000410 seconds
209.682: [Full GC [PSYoungGen: 69120K->69119K(80384K)] [ParOldGen: 182781K->182781K(182784K)] 251901K->251901K(263168K) [PSPermGen: 13502K->13502K(21504K)], 0.0511440 secs] [Times: user=0.36 sys=0.00, real=0.05 secs] 
209.733: Total time for which application threads were stopped: 0.0515320 seconds, Stopping threads took: 0.0000080 seconds
209.733: Application time: 0.0000940 seconds
209.733: [Full GC [PSYoungGen: 69119K->69119K(80384K)] [ParOldGen: 182781K->182781K(182784K)] 251901K->251901K(263168K) [PSPermGen: 13502K->13502K(21504K)], 0.0506290 secs] [Times: user=0.35 sys=0.00, real=0.05 secs] 
209.784: Total time for which application threads were stopped: 0.0510340 seconds, Stopping threads took: 0.0000290 seconds
209.784: Application time: 0.0000490 seconds
209.785: [Full GC [PSYoungGen: 69120K->69119K(80384K)] [ParOldGen: 182781K->182781K(182784K)] 251901K->251901K(263168K) [PSPermGen: 13502K->13502K(21504K)], 0.0508120 secs] [Times: user=0.35 sys=0.01, real=0.05 secs] 
209.835: Total time for which application threads were stopped: 0.0512140 seconds, Stopping threads took: 0.0000210 seconds
209.835: Application time: 0.0000410 seconds
209.836: [Full GC [PSYoungGen: 69120K->69119K(80384K)] [ParOldGen: 182781K->182781K(182784K)] 251901K->251901K(263168K) [PSPermGen: 13502K->13502K(21504K)], 0.0512620 secs] [Times: user=0.35 sys=0.00, real=0.05 secs] 
209.887: Total time for which application threads were stopped: 0.0516980 seconds, Stopping threads took: 0.0000260 seconds
209.887: Application time: 0.0001040 seconds
209.888: [Full GC [PSYoungGen: 69120K->69119K(80384K)] [ParOldGen: 182783K->182782K(182784K)] 251903K->251902K(263168K) [PSPermGen: 13502K->13502K(21504K)], 0.0503140 secs] [Times: user=0.35 sys=0.00, real=0.06 secs] 
209.938: Total time for which application threads were stopped: 0.0507440 seconds, Stopping threads took: 0.0000310 seconds
209.938: Application time: 0.0000460 seconds
209.938: [Full GC [PSYoungGen: 69120K->69119K(80384K)] [ParOldGen: 182782K->182782K(182784K)] 251902K->251902K(263168K) [PSPermGen: 13502K->13502K(21504K)], 0.0507360 secs] [Times: user=0.35 sys=0.00, real=0.05 secs] 
209.989: Total time for which application threads were stopped: 0.0511330 seconds, Stopping threads took: 0.0000220 seconds
209.989: Application time: 0.0000440 seconds
209.990: [Full GC [PSYoungGen: 69120K->69119K(80384K)] [ParOldGen: 182782K->182782K(182784K)] 251902K->251902K(263168K) [PSPermGen: 13502K->13502K(21504K)], 0.0504730 secs] [Times: user=0.35 sys=0.00, real=0.05 secs] 
210.040: Total time for which application threads were stopped: 0.0509400 seconds, Stopping threads took: 0.0000510 seconds
210.040: Application time: 0.0000720 seconds
210.041: [Full GC [PSYoungGen: 69120K->69119K(80384K)] [ParOldGen: 182782K->182782K(182784K)] 251902K->251902K(263168K) [PSPermGen: 13502K->13502K(21504K)], 0.0508980 secs] [Times: user=0.35 sys=0.00, real=0.05 secs] 
210.092: Total time for which application threads were stopped: 0.0512910 seconds, Stopping threads took: 0.0000090 seconds
210.092: Application time: 0.0000500 seconds
210.092: [Full GC [PSYoungGen: 69119K->69119K(80384K)] [ParOldGen: 182782K->182782K(182784K)] 251902K->251902K(263168K) [PSPermGen: 13502K->13502K(21504K)], 0.0506460 secs] [Times: user=0.35 sys=0.00, real=0.05 secs] 
210.143: Total time for which application threads were stopped: 0.0510350 seconds, Stopping threads took: 0.0000080 seconds
210.143: Application time: 0.0000870 seconds
210.143: [Full GC [PSYoungGen: 69119K->69119K(80384K)] [ParOldGen: 182783K->182783K(182784K)] 251903K->251903K(263168K) [PSPermGen: 13502K->13502K(21504K)], 0.1203110 secs] [Times: user=0.86 sys=0.01, real=0.12 secs] 
210.263: Total time for which application threads were stopped: 0.1207340 seconds, Stopping threads took: 0.0000470 seconds
210.263: Application time: 0.0000390 seconds
210.264: [Full GC [PSYoungGen: 69119K->69119K(80384K)] [ParOldGen: 182783K->182783K(182784K)] 251903K->251903K(263168K) [PSPermGen: 13502K->13502K(21504K)], 0.0504600 secs] [Times: user=0.35 sys=0.00, real=0.05 secs] 
210.314: Total time for which application threads were stopped: 0.0508700 seconds, Stopping threads took: 0.0000120 seconds
210.314: Application time: 0.0000550 seconds
210.315: [Full GC [PSYoungGen: 69120K->69119K(80384K)] [ParOldGen: 182783K->182783K(182784K)] 251903K->251903K(263168K) [PSPermGen: 13502K->13502K(21504K)], 0.0505780 secs] [Times: user=0.34 sys=0.01, real=0.05 secs] 
210.365: Total time for which application threads were stopped: 0.0509810 seconds, Stopping threads took: 0.0000270 seconds
210.365: Application time: 0.0000600 seconds
210.366: [Full GC [PSYoungGen: 69120K->69119K(80384K)] [ParOldGen: 182783K->182783K(182784K)] 251903K->251903K(263168K) [PSPermGen: 13502K->13502K(21504K)], 0.0508160 secs] [Times: user=0.35 sys=0.00, real=0.06 secs] 
210.417: Total time for which application threads were stopped: 0.0512500 seconds, Stopping threads took: 0.0000550 seconds
210.417: Application time: 0.0000510 seconds
210.417: [Full GC [PSYoungGen: 69120K->69119K(80384K)] [ParOldGen: 182783K->182783K(182784K)] 251903K->251903K(263168K) [PSPermGen: 13502K->13502K(21504K)], 0.0508510 secs] [Times: user=0.35 sys=0.00, real=0.04 secs] 
210.468: Total time for which application threads were stopped: 0.0512610 seconds, Stopping threads took: 0.0000310 seconds
210.468: Application time: 0.0000340 seconds
210.468: [Full GC [PSYoungGen: 69120K->69119K(80384K)] [ParOldGen: 182783K->182783K(182784K)] 251903K->251903K(263168K) [PSPermGen: 13502K->13502K(21504K)], 0.0506030 secs] [Times: user=0.35 sys=0.00, real=0.06 secs] 
210.519: Total time for which application threads were stopped: 0.0510140 seconds, Stopping threads took: 0.0000300 seconds
210.519: Application time: 0.0000560 seconds
210.519: [Full GC [PSYoungGen: 69120K->69119K(80384K)] [ParOldGen: 182783K->182783K(182784K)] 251903K->251903K(263168K) [PSPermGen: 13502K->13502K(21504K)], 0.0506120 secs] [Times: user=0.35 sys=0.00, real=0.05 secs] 
210.570: Total time for which application threads were stopped: 0.0510350 seconds, Stopping threads took: 0.0000190 seconds
210.570: Application time: 0.0000430 seconds
210.571: [Full GC [PSYoungGen: 69120K->69119K(80384K)] [ParOldGen: 182783K->182783K(182784K)] 251903K->251903K(263168K) [PSPermGen: 13502K->13502K(21504K)], 0.0506590 secs] [Times: user=0.34 sys=0.00, real=0.05 secs] 
210.621: Total time for which application threads were stopped: 0.0510890 seconds, Stopping threads took: 0.0000500 seconds
210.621: Application time: 0.0000390 seconds
210.622: [Full GC [PSYoungGen: 69120K->69119K(80384K)] [ParOldGen: 182783K->182783K(182784K)] 251903K->251903K(263168K) [PSPermGen: 13502K->13502K(21504K)], 0.0507160 secs] [Times: user=0.35 sys=0.00, real=0.05 secs] 
210.672: [Full GC [PSYoungGen: 69119K->69119K(80384K)] [ParOldGen: 182783K->182783K(182784K)] 251903K->251903K(263168K) [PSPermGen: 13502K->13502K(21504K)], 0.0507520 secs] [Times: user=0.35 sys=0.01, real=0.05 secs] 
210.723: Total time for which application threads were stopped: 0.1019350 seconds, Stopping threads took: 0.0000290 seconds
210.723: Application time: 0.0000840 seconds
210.724: [Full GC [PSYoungGen: 69120K->69119K(80384K)] [ParOldGen: 182783K->182783K(182784K)] 251903K->251903K(263168K) [PSPermGen: 13502K->13502K(21504K)], 0.0506270 secs] [Times: user=0.35 sys=0.00, real=0.05 secs] 
210.774: Total time for which application threads were stopped: 0.0510620 seconds, Stopping threads took: 0.0000510 seconds
210.774: Application time: 0.0000500 seconds
210.775: [Full GC [PSYoungGen: 69120K->69119K(80384K)] [ParOldGen: 182783K->182783K(182784K)] 251903K->251903K(263168K) [PSPermGen: 13502K->13502K(21504K)], 0.0507510 secs] [Times: user=0.35 sys=0.00, real=0.05 secs] 
210.826: Total time for which application threads were stopped: 0.0511790 seconds, Stopping threads took: 0.0000480 seconds
210.826: Application time: 0.0000500 seconds
210.826: [Full GC [PSYoungGen: 69120K->69119K(80384K)] [ParOldGen: 182783K->182783K(182784K)] 251903K->251903K(263168K) [PSPermGen: 13502K->13502K(21504K)], 0.0507630 secs] [Times: user=0.35 sys=0.00, real=0.06 secs] 
210.877: Total time for which application threads were stopped: 0.0511530 seconds, Stopping threads took: 0.0000140 seconds
210.877: Application time: 0.0000500 seconds
210.877: [Full GC [PSYoungGen: 69120K->69119K(80384K)] [ParOldGen: 182783K->182783K(182784K)] 251903K->251903K(263168K) [PSPermGen: 13502K->13502K(21504K)], 0.0509580 secs] [Times: user=0.35 sys=0.00, real=0.04 secs] 
210.928: Total time for which application threads were stopped: 0.0513480 seconds, Stopping threads took: 0.0000070 seconds
210.928: Application time: 0.0000640 seconds
210.929: [Full GC [PSYoungGen: 69119K->69119K(80384K)] [ParOldGen: 182784K->182784K(182784K)] 251903K->251903K(263168K) [PSPermGen: 13502K->13502K(21504K)], 0.0506130 secs] [Times: user=0.35 sys=0.00, real=0.05 secs] 
210.979: [Full GC [PSYoungGen: 69119K->69119K(80384K)] [ParOldGen: 182784K->182784K(182784K)] 251903K->251903K(263168K) [PSPermGen: 13502K->13502K(21504K)], 0.0507700 secs] [Times: user=0.35 sys=0.00, real=0.05 secs] 
211.030: Total time for which application threads were stopped: 0.1018480 seconds, Stopping threads took: 0.0000080 seconds
211.030: Application time: 0.0000360 seconds
211.031: [Full GC [PSYoungGen: 69119K->69119K(80384K)] [ParOldGen: 182784K->182784K(182784K)] 251903K->251903K(263168K) [PSPermGen: 13502K->13502K(21504K)], 0.0505420 secs] [Times: user=0.35 sys=0.00, real=0.05 secs] 
211.081: [Full GC [PSYoungGen: 69119K->69119K(80384K)] [ParOldGen: 182784K->182784K(182784K)] 251903K->251903K(263168K) [PSPermGen: 13502K->13502K(21504K)], 0.0506710 secs] [Times: user=0.36 sys=0.00, real=0.05 secs] 
211.132: Total time for which application threads were stopped: 0.1017090 seconds, Stopping threads took: 0.0000230 seconds
211.132: Application time: 0.0000460 seconds
211.132: [Full GC [PSYoungGen: 69119K->69112K(80384K)] [ParOldGen: 182784K->182783K(182784K)] 251903K->251896K(263168K) [PSPermGen: 13502K->13502K(21504K)], 0.0553400 secs] [Times: user=0.38 sys=0.00, real=0.05 secs] 
211.188: Total time for which application threads were stopped: 0.0557750 seconds, Stopping threads took: 0.0000520 seconds
211.188: Application time: 0.0000840 seconds
211.188: [Full GC [PSYoungGen: 69120K->69112K(80384K)] [ParOldGen: 182783K->182783K(182784K)] 251903K->251896K(263168K) [PSPermGen: 13502K->13502K(21504K)], 0.0563830 secs] [Times: user=0.39 sys=0.00, real=0.06 secs] 
211.245: Total time for which application threads were stopped: 0.0568110 seconds, Stopping threads took: 0.0000300 seconds
211.245: Application time: 0.0000940 seconds
211.245: Total time for which application threads were stopped: 0.0003400 seconds, Stopping threads took: 0.0000350 seconds
211.245: Application time: 0.0000210 seconds
211.245: [Full GC [PSYoungGen: 69120K->69114K(80384K)] [ParOldGen: 182783K->182783K(182784K)] 251903K->251897K(263168K) [PSPermGen: 13502K->13502K(21504K)], 0.0552040 secs] [Times: user=0.38 sys=0.00, real=0.06 secs] 
211.300: Total time for which application threads were stopped: 0.0553410 seconds, Stopping threads took: 0.0000210 seconds
211.300: Application time: 0.0000650 seconds
211.301: [Full GC [PSYoungGen: 69120K->69116K(80384K)] [ParOldGen: 182783K->182783K(182784K)] 251903K->251900K(263168K) [PSPermGen: 13502K->13502K(21504K)], 0.0509160 secs] [Times: user=0.36 sys=0.00, real=0.05 secs] 
211.352: Total time for which application threads were stopped: 0.0513300 seconds, Stopping threads took: 0.0000340 seconds
211.352: Application time: 0.0000570 seconds
211.352: [Full GC [PSYoungGen: 69120K->69119K(80384K)] [ParOldGen: 182783K->182783K(182784K)] 251903K->251903K(263168K) [PSPermGen: 13502K->13502K(21504K)], 0.0510510 secs] [Times: user=0.35 sys=0.00, real=0.05 secs] 
211.403: Total time for which application threads were stopped: 0.0514840 seconds, Stopping threads took: 0.0000520 seconds
211.403: Application time: 0.0000860 seconds
211.404: [Full GC [PSYoungGen: 69120K->69119K(80384K)] [ParOldGen: 182783K->182783K(182784K)] 251903K->251903K(263168K) [PSPermGen: 13502K->13502K(21504K)], 0.0505190 secs] [Times: user=0.34 sys=0.01, real=0.05 secs] 
211.454: Total time for which application threads were stopped: 0.0509840 seconds, Stopping threads took: 0.0000220 seconds
211.454: Application time: 0.0000480 seconds
211.455: [Full GC [PSYoungGen: 69119K->69119K(80384K)] [ParOldGen: 182783K->182783K(182784K)] 251903K->251903K(263168K) [PSPermGen: 13502K->13502K(21504K)], 0.0505810 secs] [Times: user=0.35 sys=0.00, real=0.05 secs] 
211.505: Total time for which application threads were stopped: 0.0510000 seconds, Stopping threads took: 0.0000420 seconds
211.506: Application time: 0.0000570 seconds
211.506: [Full GC [PSYoungGen: 69120K->69119K(80384K)] [ParOldGen: 182783K->182783K(182784K)] 251903K->251903K(263168K) [PSPermGen: 13502K->13502K(21504K)], 0.0508220 secs] [Times: user=0.35 sys=0.00, real=0.06 secs] 
211.557: Total time for which application threads were stopped: 0.0512260 seconds, Stopping threads took: 0.0000250 seconds
211.557: Application time: 0.0000650 seconds
211.557: [Full GC [PSYoungGen: 69120K->69119K(80384K)] [ParOldGen: 182783K->182783K(182784K)] 251903K->251903K(263168K) [PSPermGen: 13502K->13502K(21504K)], 0.0506090 secs] [Times: user=0.35 sys=0.00, real=0.04 secs] 
211.608: Total time for which application threads were stopped: 0.0510290 seconds, Stopping threads took: 0.0000240 seconds
211.608: Application time: 0.0000680 seconds
211.608: [Full GC [PSYoungGen: 69120K->69119K(80384K)] [ParOldGen: 182783K->182783K(182784K)] 251903K->251903K(263168K) [PSPermGen: 13503K->13503K(21504K)], 0.0506670 secs] [Times: user=0.35 sys=0.00, real=0.06 secs] 
211.659: Total time for which application threads were stopped: 0.0510680 seconds, Stopping threads took: 0.0000190 seconds
211.659: Application time: 0.0000660 seconds
211.659: [Full GC [PSYoungGen: 69120K->69119K(80384K)] [ParOldGen: 182783K->182783K(182784K)] 251903K->251903K(263168K) [PSPermGen: 13503K->13503K(21504K)], 0.0507880 secs] [Times: user=0.35 sys=0.00, real=0.05 secs] 
211.710: Total time for which application threads were stopped: 0.0511810 seconds, Stopping threads took: 0.0000150 seconds
211.710: Application time: 0.0000470 seconds
211.711: [Full GC [PSYoungGen: 69120K->69117K(80384K)] [ParOldGen: 182783K->182783K(182784K)] 251903K->251901K(263168K) [PSPermGen: 13503K->13503K(21504K)], 0.0507870 secs] [Times: user=0.35 sys=0.00, real=0.05 secs] 
211.761: Total time for which application threads were stopped: 0.0511820 seconds, Stopping threads took: 0.0000160 seconds
211.762: Application time: 0.0000700 seconds
211.762: [Full GC [PSYoungGen: 69120K->69118K(80384K)] [ParOldGen: 182783K->182783K(182784K)] 251903K->251902K(263168K) [PSPermGen: 13504K->13504K(21504K)], 0.0506590 secs] [Times: user=0.35 sys=0.00, real=0.05 secs] 
211.813: Total time for which application threads were stopped: 0.0511210 seconds, Stopping threads took: 0.0000670 seconds
211.813: Application time: 0.0000520 seconds
211.813: [Full GC [PSYoungGen: 69120K->69118K(80384K)] [ParOldGen: 182783K->182783K(182784K)] 251903K->251902K(263168K) [PSPermGen: 13504K->13504K(21504K)], 0.0510760 secs] [Times: user=0.36 sys=0.00, real=0.05 secs] 
211.864: Total time for which application threads were stopped: 0.0514980 seconds, Stopping threads took: 0.0000420 seconds
211.864: Application time: 0.0000580 seconds
211.865: [Full GC [PSYoungGen: 69120K->69119K(80384K)] [ParOldGen: 182783K->182783K(182784K)] 251903K->251903K(263168K) [PSPermGen: 13504K->13504K(21504K)], 0.0511030 secs] [Times: user=0.35 sys=0.00, real=0.05 secs] 
211.916: [Full GC [PSYoungGen: 69119K->69119K(80384K)] [ParOldGen: 182783K->182783K(182784K)] 251903K->251903K(263168K) [PSPermGen: 13504K->13504K(21504K)], 0.0505010 secs] [Times: user=0.35 sys=0.00, real=0.05 secs] 
211.966: Total time for which application threads were stopped: 0.1020630 seconds, Stopping threads took: 0.0000080 seconds
211.966: Application time: 0.0000470 seconds
211.967: [Full GC [PSYoungGen: 69119K->69119K(80384K)] [ParOldGen: 182783K->182783K(182784K)] 251903K->251903K(263168K) [PSPermGen: 13504K->13504K(21504K)], 0.0507420 secs] [Times: user=0.35 sys=0.00, real=0.06 secs] 
212.018: Total time for which application threads were stopped: 0.0511370 seconds, Stopping threads took: 0.0000210 seconds
212.018: Application time: 0.0000340 seconds
212.018: [Full GC [PSYoungGen: 69119K->69119K(80384K)] [ParOldGen: 182783K->182783K(182784K)] 251903K->251903K(263168K) [PSPermGen: 13504K->13504K(21504K)], 0.0508670 secs] [Times: user=0.35 sys=0.00, real=0.05 secs] 
212.069: [Full GC [PSYoungGen: 69119K->69119K(80384K)] [ParOldGen: 182783K->182783K(182784K)] 251903K->251903K(263168K) [PSPermGen: 13504K->13504K(21504K)], 0.0504710 secs] [Times: user=0.35 sys=0.00, real=0.05 secs] 
212.119: Total time for which application threads were stopped: 0.1018090 seconds, Stopping threads took: 0.0000290 seconds
212.119: Application time: 0.0000280 seconds
212.120: [Full GC [PSYoungGen: 69119K->69119K(80384K)] [ParOldGen: 182783K->182783K(182784K)] 251903K->251903K(263168K) [PSPermGen: 13504K->13504K(21504K)], 0.0507630 secs] [Times: user=0.36 sys=0.00, real=0.05 secs] 
212.171: [Full GC [PSYoungGen: 69119K->69119K(80384K)] [ParOldGen: 182783K->182783K(182784K)] 251903K->251903K(263168K) [PSPermGen: 13504K->13504K(21504K)], 0.0510050 secs] [Times: user=0.35 sys=0.00, real=0.05 secs] 
212.222: Total time for which application threads were stopped: 0.1022580 seconds, Stopping threads took: 0.0000270 seconds
212.222: Application time: 0.0000500 seconds
212.222: [Full GC [PSYoungGen: 69119K->69119K(80384K)] [ParOldGen: 182783K->182783K(182784K)] 251903K->251903K(263168K) [PSPermGen: 13504K->13504K(21504K)], 0.0506650 secs] [Times: user=0.35 sys=0.00, real=0.05 secs] 
212.273: Total time for which application threads were stopped: 0.0510760 seconds, Stopping threads took: 0.0000330 seconds
212.273: Application time: 0.0000490 seconds
212.273: [Full GC [PSYoungGen: 69120K->69119K(80384K)] [ParOldGen: 182783K->182783K(182784K)] 251903K->251903K(263168K) [PSPermGen: 13504K->13504K(21504K)], 0.0504890 secs] [Times: user=0.35 sys=0.00, real=0.05 secs] 
212.324: Total time for which application threads were stopped: 0.0509010 seconds, Stopping threads took: 0.0000360 seconds
212.324: Application time: 0.0000410 seconds
212.324: [Full GC [PSYoungGen: 69120K->69119K(80384K)] [ParOldGen: 182783K->182783K(182784K)] 251903K->251903K(263168K) [PSPermGen: 13504K->13504K(21504K)], 0.0505990 secs] [Times: user=0.35 sys=0.00, real=0.05 secs] 
212.375: Total time for which application threads were stopped: 0.0509960 seconds, Stopping threads took: 0.0000180 seconds
212.375: Application time: 0.0000320 seconds
212.375: [Full GC [PSYoungGen: 69120K->69119K(80384K)] [ParOldGen: 182783K->182783K(182784K)] 251903K->251903K(263168K) [PSPermGen: 13504K->13504K(21504K)], 0.0508740 secs] [Times: user=0.35 sys=0.00, real=0.05 secs] 
212.426: Total time for which application threads were stopped: 0.0513200 seconds, Stopping threads took: 0.0000620 seconds
212.426: Application time: 0.0000320 seconds
212.427: [Full GC [PSYoungGen: 69119K->69119K(80384K)] [ParOldGen: 182783K->182783K(182784K)] 251903K->251903K(263168K) [PSPermGen: 13504K->13504K(21504K)], 0.0505710 secs] [Times: user=0.35 sys=0.00, real=0.06 secs] 
212.477: Total time for which application threads were stopped: 0.0509700 seconds, Stopping threads took: 0.0000230 seconds
212.477: Application time: 0.0000470 seconds
212.478: [Full GC [PSYoungGen: 69119K->69119K(80384K)] [ParOldGen: 182783K->182783K(182784K)] 251903K->251903K(263168K) [PSPermGen: 13504K->13504K(21504K)], 0.0506190 secs] [Times: user=0.35 sys=0.00, real=0.04 secs] 
212.528: Total time for which application threads were stopped: 0.0510040 seconds, Stopping threads took: 0.0000070 seconds
212.528: Application time: 0.0000760 seconds
212.529: [Full GC [PSYoungGen: 69119K->69119K(80384K)] [ParOldGen: 182783K->182783K(182784K)] 251903K->251903K(263168K) [PSPermGen: 13505K->13505K(21504K)], 0.0509820 secs] [Times: user=0.35 sys=0.00, real=0.05 secs] 
212.580: [Full GC [PSYoungGen: 69119K->69119K(80384K)] [ParOldGen: 182783K->182783K(182784K)] 251903K->251903K(263168K) [PSPermGen: 13505K->13505K(21504K)], 0.0506140 secs] [Times: user=0.35 sys=0.01, real=0.05 secs] 
212.630: Total time for which application threads were stopped: 0.1020580 seconds, Stopping threads took: 0.0000110 seconds
212.630: Application time: 0.0000410 seconds
212.631: [Full GC [PSYoungGen: 69119K->69100K(80384K)] [ParOldGen: 182783K->182783K(182784K)] 251903K->251884K(263168K) [PSPermGen: 13505K->13505K(21504K)], 0.0557580 secs] [Times: user=0.39 sys=0.00, real=0.05 secs] 
212.687: Total time for which application threads were stopped: 0.0561640 seconds, Stopping threads took: 0.0000070 seconds
212.687: Application time: 0.0002630 seconds
212.687: [Full GC [PSYoungGen: 69120K->69105K(80384K)] [ParOldGen: 182783K->182783K(182784K)] 251903K->251889K(263168K) [PSPermGen: 13506K->13506K(21504K)], 0.1222000 secs] [Times: user=0.89 sys=0.00, real=0.13 secs] 
212.809: Total time for which application threads were stopped: 0.1226310 seconds, Stopping threads took: 0.0000560 seconds
212.810: Application time: 0.0002940 seconds
212.810: [Full GC [PSYoungGen: 69120K->69071K(80384K)] [ParOldGen: 182783K->182781K(182784K)] 251903K->251853K(263168K) [PSPermGen: 13506K->13506K(21504K)], 0.1242570 secs] [Times: user=0.89 sys=0.00, real=0.12 secs] 
212.934: Total time for which application threads were stopped: 0.1246620 seconds, Stopping threads took: 0.0000280 seconds
212.934: Application time: 0.0000600 seconds
212.935: [Full GC [PSYoungGen: 69120K->69068K(80384K)] [ParOldGen: 182781K->182781K(182784K)] 251901K->251849K(263168K) [PSPermGen: 13506K->13506K(21504K)], 0.0564310 secs] [Times: user=0.40 sys=0.00, real=0.06 secs] 
212.991: Total time for which application threads were stopped: 0.0568980 seconds, Stopping threads took: 0.0000790 seconds
212.992: Application time: 0.0001400 seconds
212.992: [Full GC [PSYoungGen: 69120K->69067K(80384K)] [ParOldGen: 182781K->182781K(182784K)] 251901K->251848K(263168K) [PSPermGen: 13506K->13506K(21504K)], 0.0509590 secs] [Times: user=0.35 sys=0.01, real=0.05 secs] 
213.043: Total time for which application threads were stopped: 0.0513770 seconds, Stopping threads took: 0.0000390 seconds
213.043: Application time: 0.0000460 seconds
213.043: [Full GC [PSYoungGen: 69069K->69067K(80384K)] [ParOldGen: 182781K->182781K(182784K)] 251850K->251848K(263168K) [PSPermGen: 13506K->13506K(21504K)], 0.0506690 secs] [Times: user=0.35 sys=0.00, real=0.05 secs] 
213.094: Total time for which application threads were stopped: 0.0510970 seconds, Stopping threads took: 0.0000520 seconds
213.094: Application time: 0.0003310 seconds
213.095: Total time for which application threads were stopped: 0.0003970 seconds, Stopping threads took: 0.0000910 seconds
213.095: Application time: 0.0000540 seconds
213.095: [Full GC [PSYoungGen: 69120K->69058K(80384K)] [ParOldGen: 182781K->182781K(182784K)] 251901K->251839K(263168K) [PSPermGen: 13506K->13506K(21504K)], 0.0569480 secs] [Times: user=0.39 sys=0.00, real=0.06 secs] 
213.152: Total time for which application threads were stopped: 0.0571690 seconds, Stopping threads took: 0.0000770 seconds
213.152: Application time: 0.0000850 seconds
213.152: [Full GC [PSYoungGen: 69120K->69059K(80384K)] [ParOldGen: 182781K->182781K(182784K)] 251901K->251840K(263168K) [PSPermGen: 13506K->13506K(21504K)], 0.0560130 secs] [Times: user=0.38 sys=0.00, real=0.05 secs] 
213.209: Total time for which application threads were stopped: 0.0564460 seconds, Stopping threads took: 0.0000260 seconds
213.209: Application time: 0.0000610 seconds
213.209: [Full GC [PSYoungGen: 69120K->69059K(80384K)] [ParOldGen: 182781K->182781K(182784K)] 251901K->251840K(263168K) [PSPermGen: 13506K->13506K(21504K)], 0.0509990 secs] [Times: user=0.35 sys=0.00, real=0.05 secs] 
213.260: Total time for which application threads were stopped: 0.0514720 seconds, Stopping threads took: 0.0000690 seconds
213.260: Application time: 0.0000420 seconds
213.260: [Full GC [PSYoungGen: 69120K->69059K(80384K)] [ParOldGen: 182781K->182781K(182784K)] 251901K->251840K(263168K) [PSPermGen: 13506K->13506K(21504K)], 0.0506100 secs] [Times: user=0.35 sys=0.00, real=0.05 secs] 
213.311: Total time for which application threads were stopped: 0.0510270 seconds, Stopping threads took: 0.0000380 seconds
213.311: Application time: 0.0000630 seconds
213.312: [Full GC [PSYoungGen: 69120K->69060K(80384K)] [ParOldGen: 182781K->182781K(182784K)] 251901K->251841K(263168K) [PSPermGen: 13506K->13506K(21504K)], 0.0510220 secs] [Times: user=0.35 sys=0.00, real=0.05 secs] 
213.363: Total time for which application threads were stopped: 0.0514400 seconds, Stopping threads took: 0.0000390 seconds
213.363: Application time: 0.0000690 seconds
213.363: [Full GC [PSYoungGen: 69120K->69053K(80384K)] [ParOldGen: 182781K->182781K(182784K)] 251901K->251834K(263168K) [PSPermGen: 13506K->13506K(21504K)], 0.0562670 secs] [Times: user=0.39 sys=0.00, real=0.06 secs] 
213.419: Total time for which application threads were stopped: 0.0567100 seconds, Stopping threads took: 0.0000550 seconds
213.419: Application time: 0.0000590 seconds
213.420: [Full GC [PSYoungGen: 69120K->69054K(80384K)] [ParOldGen: 182781K->182781K(182784K)] 251901K->251835K(263168K) [PSPermGen: 13506K->13506K(21504K)], 0.0505930 secs] [Times: user=0.35 sys=0.00, real=0.05 secs] 
213.471: Total time for which application threads were stopped: 0.0510330 seconds, Stopping threads took: 0.0000540 seconds
213.471: Application time: 0.0000540 seconds
213.471: [Full GC [PSYoungGen: 69120K->69054K(80384K)] [ParOldGen: 182781K->182781K(182784K)] 251901K->251835K(263168K) [PSPermGen: 13506K->13506K(21504K)], 0.0507310 secs] [Times: user=0.35 sys=0.00, real=0.05 secs] 
213.522: Total time for which application threads were stopped: 0.0511480 seconds, Stopping threads took: 0.0000410 seconds
213.522: Application time: 0.0000630 seconds
213.522: [Full GC [PSYoungGen: 69120K->69054K(80384K)] [ParOldGen: 182781K->182781K(182784K)] 251901K->251835K(263168K) [PSPermGen: 13506K->13506K(21504K)], 0.0506260 secs] [Times: user=0.35 sys=0.00, real=0.05 secs] 
213.573: Total time for which application threads were stopped: 0.0510410 seconds, Stopping threads took: 0.0000350 seconds
213.573: Application time: 0.0000460 seconds
213.573: [Full GC [PSYoungGen: 69120K->69055K(80384K)] [ParOldGen: 182781K->182781K(182784K)] 251901K->251836K(263168K) [PSPermGen: 13506K->13506K(21504K)], 0.0509800 secs] [Times: user=0.35 sys=0.00, real=0.05 secs] 
213.624: Total time for which application threads were stopped: 0.0513890 seconds, Stopping threads took: 0.0000310 seconds
213.624: Application time: 0.0000800 seconds
213.625: [Full GC [PSYoungGen: 69120K->69055K(80384K)] [ParOldGen: 182781K->182781K(182784K)] 251901K->251836K(263168K) [PSPermGen: 13506K->13506K(21504K)], 0.0507350 secs] [Times: user=0.35 sys=0.00, real=0.05 secs] 
213.676: Total time for which application threads were stopped: 0.0511700 seconds, Stopping threads took: 0.0000500 seconds
213.676: Application time: 0.0000800 seconds
213.676: [Full GC [PSYoungGen: 69120K->69056K(80384K)] [ParOldGen: 182781K->182781K(182784K)] 251901K->251837K(263168K) [PSPermGen: 13506K->13506K(21504K)], 0.0506520 secs] [Times: user=0.35 sys=0.00, real=0.05 secs] 
213.727: Total time for which application threads were stopped: 0.0511180 seconds, Stopping threads took: 0.0000670 seconds
213.727: Application time: 0.0001570 seconds
213.727: [Full GC [PSYoungGen: 69120K->69054K(80384K)] [ParOldGen: 182781K->182781K(182784K)] 251901K->251836K(263168K) [PSPermGen: 13506K->13506K(21504K)], 0.0509410 secs] [Times: user=0.35 sys=0.00, real=0.06 secs] 
213.778: Total time for which application threads were stopped: 0.0513580 seconds, Stopping threads took: 0.0000320 seconds
213.778: Application time: 0.0000950 seconds
213.779: [Full GC [PSYoungGen: 69120K->69067K(80384K)] [ParOldGen: 182781K->182781K(182784K)] 251901K->251848K(263168K) [PSPermGen: 13506K->13506K(21504K)], 0.0510000 secs] [Times: user=0.35 sys=0.00, real=0.05 secs] 
213.830: Total time for which application threads were stopped: 0.0514080 seconds, Stopping threads took: 0.0000340 seconds
213.830: Application time: 0.0000700 seconds
213.830: [Full GC [PSYoungGen: 69120K->69068K(80384K)] [ParOldGen: 182781K->182781K(182784K)] 251901K->251849K(263168K) [PSPermGen: 13506K->13506K(21504K)], 0.0506160 secs] [Times: user=0.35 sys=0.00, real=0.05 secs] 
213.881: Total time for which application threads were stopped: 0.0510300 seconds, Stopping threads took: 0.0000320 seconds
213.881: Application time: 0.0000990 seconds
213.881: Total time for which application threads were stopped: 0.0003400 seconds, Stopping threads took: 0.0000320 seconds
213.881: Application time: 0.0000310 seconds
213.881: [Full GC [PSYoungGen: 69120K->69068K(80384K)] [ParOldGen: 182781K->182781K(182784K)] 251901K->251850K(263168K) [PSPermGen: 13506K->13506K(21504K)], 0.0513710 secs] [Times: user=0.36 sys=0.00, real=0.05 secs] 
213.933: Total time for which application threads were stopped: 0.0515390 seconds, Stopping threads took: 0.0000550 seconds
213.933: Application time: 0.0001230 seconds
213.933: [Full GC [PSYoungGen: 69120K->69069K(80384K)] [ParOldGen: 182784K->182782K(182784K)] 251904K->251852K(263168K) [PSPermGen: 13506K->13506K(21504K)], 0.0908650 secs] [Times: user=0.66 sys=0.00, real=0.09 secs] 
214.024: Total time for which application threads were stopped: 0.0912680 seconds, Stopping threads took: 0.0000280 seconds
214.024: Application time: 0.0000560 seconds
214.025: [Full GC [PSYoungGen: 69120K->69070K(80384K)] [ParOldGen: 182782K->182782K(182784K)] 251902K->251852K(263168K) [PSPermGen: 13506K->13506K(21504K)], 0.0507300 secs] [Times: user=0.35 sys=0.00, real=0.05 secs] 
214.075: Total time for which application threads were stopped: 0.0511870 seconds, Stopping threads took: 0.0000570 seconds
214.076: Application time: 0.0002110 seconds
214.076: [Full GC [PSYoungGen: 69120K->69061K(80384K)] [ParOldGen: 182782K->182782K(182784K)] 251902K->251843K(263168K) [PSPermGen: 13506K->13506K(21504K)], 0.0559390 secs] [Times: user=0.39 sys=0.00, real=0.06 secs] 
214.132: Total time for which application threads were stopped: 0.0563710 seconds, Stopping threads took: 0.0000550 seconds
214.132: Application time: 0.0001700 seconds
214.133: [Full GC [PSYoungGen: 69120K->69063K(80384K)] [ParOldGen: 182782K->182782K(182784K)] 251902K->251845K(263168K) [PSPermGen: 13507K->13507K(21504K)], 0.0507470 secs] [Times: user=0.35 sys=0.00, real=0.05 secs] 
214.183: Total time for which application threads were stopped: 0.0511870 seconds, Stopping threads took: 0.0000550 seconds
214.184: Application time: 0.0002510 seconds
214.184: [Full GC [PSYoungGen: 69120K->69074K(80384K)] [ParOldGen: 182782K->182782K(182784K)] 251902K->251856K(263168K) [PSPermGen: 13507K->13507K(21504K)], 0.0506510 secs] [Times: user=0.35 sys=0.00, real=0.05 secs] 
214.235: Total time for which application threads were stopped: 0.0511320 seconds, Stopping threads took: 0.0000560 seconds
214.235: Application time: 0.0002220 seconds
214.235: Total time for which application threads were stopped: 0.0003360 seconds, Stopping threads took: 0.0000370 seconds
214.235: Application time: 0.0000250 seconds
214.235: [Full GC [PSYoungGen: 69120K->69105K(80384K)] [ParOldGen: 182782K->182782K(182784K)] 251902K->251887K(263168K) [PSPermGen: 13507K->13507K(21504K)], 0.0509990 secs] [Times: user=0.35 sys=0.00, real=0.05 secs] 
214.287: Total time for which application threads were stopped: 0.0511290 seconds, Stopping threads took: 0.0000170 seconds
214.287: Application time: 0.0001170 seconds
214.287: [Full GC [PSYoungGen: 69120K->69103K(80384K)] [ParOldGen: 182782K->182782K(182784K)] 251902K->251886K(263168K) [PSPermGen: 13507K->13507K(21504K)], 0.0513530 secs] [Times: user=0.36 sys=0.00, real=0.06 secs] 
214.338: Total time for which application threads were stopped: 0.0517700 seconds, Stopping threads took: 0.0000410 seconds
214.338: Application time: 0.0000850 seconds
214.339: [Full GC [PSYoungGen: 69120K->69094K(80384K)] [ParOldGen: 182782K->182782K(182784K)] 251902K->251876K(263168K) [PSPermGen: 13507K->13507K(21504K)], 0.0509550 secs] [Times: user=0.35 sys=0.00, real=0.05 secs] 
214.390: Total time for which application threads were stopped: 0.0513830 seconds, Stopping threads took: 0.0000500 seconds
214.390: Application time: 0.0002110 seconds
214.390: Total time for which application threads were stopped: 0.0003310 seconds, Stopping threads took: 0.0000270 seconds
214.390: Application time: 0.0000260 seconds
214.391: [Full GC [PSYoungGen: 69120K->69090K(80384K)] [ParOldGen: 182783K->182782K(182784K)] 251903K->251873K(263168K) [PSPermGen: 13507K->13507K(21504K)], 0.0508850 secs] [Times: user=0.35 sys=0.00, real=0.05 secs] 
214.441: Total time for which application threads were stopped: 0.0510210 seconds, Stopping threads took: 0.0000180 seconds
214.442: Application time: 0.0001190 seconds
214.442: [Full GC [PSYoungGen: 69120K->69097K(80384K)] [ParOldGen: 182783K->182782K(182784K)] 251903K->251880K(263168K) [PSPermGen: 13507K->13507K(21504K)], 0.0511690 secs] [Times: user=0.35 sys=0.00, real=0.05 secs] 
214.493: Total time for which application threads were stopped: 0.0515740 seconds, Stopping threads took: 0.0000270 seconds
214.493: Application time: 0.0000920 seconds
214.494: [Full GC [PSYoungGen: 69115K->69090K(80384K)] [ParOldGen: 182782K->182782K(182784K)] 251897K->251872K(263168K) [PSPermGen: 13507K->13507K(21504K)], 0.0509720 secs] [Times: user=0.35 sys=0.00, real=0.05 secs] 
214.545: Total time for which application threads were stopped: 0.0514000 seconds, Stopping threads took: 0.0000520 seconds
214.545: Application time: 0.0002380 seconds
214.545: [Full GC [PSYoungGen: 69120K->69091K(80384K)] [ParOldGen: 182782K->182782K(182784K)] 251902K->251874K(263168K) [PSPermGen: 13509K->13509K(21504K)], 0.0510790 secs] [Times: user=0.36 sys=0.00, real=0.05 secs] 
214.596: Total time for which application threads were stopped: 0.0515390 seconds, Stopping threads took: 0.0000670 seconds
214.597: Application time: 0.0001450 seconds
214.597: [Full GC [PSYoungGen: 69119K->69105K(80384K)] [ParOldGen: 182782K->182782K(182784K)] 251902K->251888K(263168K) [PSPermGen: 13509K->13509K(21504K)], 0.0506720 secs] [Times: user=0.35 sys=0.00, real=0.04 secs] 
214.648: Total time for which application threads were stopped: 0.0510810 seconds, Stopping threads took: 0.0000320 seconds
214.648: Application time: 0.0001560 seconds
214.648: [Full GC [PSYoungGen: 69120K->69110K(80384K)] [ParOldGen: 182782K->182782K(182784K)] 251902K->251892K(263168K) [PSPermGen: 13509K->13509K(21504K)], 0.0508670 secs] [Times: user=0.35 sys=0.00, real=0.06 secs] 
214.699: Total time for which application threads were stopped: 0.0512760 seconds, Stopping threads took: 0.0000300 seconds
214.699: Application time: 0.0001980 seconds
214.700: [Full GC [PSYoungGen: 69120K->69098K(80384K)] [ParOldGen: 182782K->182781K(182784K)] 251902K->251879K(263168K) [PSPermGen: 13509K->13509K(21504K)], 0.0920480 secs] [Times: user=0.67 sys=0.00, real=0.09 secs] 
214.792: Total time for which application threads were stopped: 0.0925290 seconds, Stopping threads took: 0.0000280 seconds
214.792: Application time: 0.0001790 seconds
214.792: [Full GC [PSYoungGen: 69120K->69098K(80384K)] [ParOldGen: 182781K->182781K(182784K)] 251901K->251880K(263168K) [PSPermGen: 13509K->13509K(21504K)], 0.0920580 secs] [Times: user=0.67 sys=0.01, real=0.09 secs] 
214.885: Total time for which application threads were stopped: 0.0924860 seconds, Stopping threads took: 0.0000400 seconds
214.885: Application time: 0.0001180 seconds
214.885: [Full GC [PSYoungGen: 69120K->69100K(80384K)] [ParOldGen: 182781K->182781K(182784K)] 251901K->251881K(263168K) [PSPermGen: 13509K->13509K(21504K)], 0.0511620 secs] [Times: user=0.35 sys=0.01, real=0.05 secs] 
214.936: Total time for which application threads were stopped: 0.0516850 seconds, Stopping threads took: 0.0000390 seconds
214.936: Application time: 0.0001420 seconds
214.937: [Full GC [PSYoungGen: 69120K->69104K(80384K)] [ParOldGen: 182781K->182781K(182784K)] 251901K->251885K(263168K) [PSPermGen: 13509K->13509K(21504K)], 0.0510040 secs] [Times: user=0.35 sys=0.00, real=0.04 secs] 
214.988: Total time for which application threads were stopped: 0.0514360 seconds, Stopping threads took: 0.0000290 seconds
214.988: Application time: 0.0001150 seconds
214.988: [Full GC [PSYoungGen: 69120K->69105K(80384K)] [ParOldGen: 182781K->182781K(182784K)] 251901K->251886K(263168K) [PSPermGen: 13509K->13509K(21504K)], 0.1213790 secs] [Times: user=0.88 sys=0.00, real=0.13 secs] 
215.110: Total time for which application threads were stopped: 0.1218030 seconds, Stopping threads took: 0.0000410 seconds
215.110: Application time: 0.0001180 seconds
215.110: [Full GC [PSYoungGen: 69120K->69106K(80384K)] [ParOldGen: 182781K->182781K(182784K)] 251901K->251887K(263168K) [PSPermGen: 13509K->13509K(21504K)], 0.1220530 secs] [Times: user=0.88 sys=0.00, real=0.12 secs] 
215.232: Total time for which application threads were stopped: 0.1225300 seconds, Stopping threads took: 0.0000800 seconds
215.233: Application time: 0.0000460 seconds
215.233: [Full GC [PSYoungGen: 69120K->69115K(80384K)] [ParOldGen: 182781K->182781K(182784K)] 251901K->251896K(263168K) [PSPermGen: 13509K->13509K(21504K)], 0.0507710 secs] [Times: user=0.35 sys=0.00, real=0.05 secs] 
215.284: Total time for which application threads were stopped: 0.0512150 seconds, Stopping threads took: 0.0000270 seconds
215.284: Application time: 0.0001430 seconds
215.284: [Full GC [PSYoungGen: 69120K->69117K(80384K)] [ParOldGen: 182781K->182781K(182784K)] 251901K->251898K(263168K) [PSPermGen: 13509K->13509K(21504K)], 0.0505230 secs] [Times: user=0.35 sys=0.00, real=0.05 secs] 
215.335: Total time for which application threads were stopped: 0.0509830 seconds, Stopping threads took: 0.0000550 seconds
215.335: Application time: 0.0000710 seconds
215.335: [Full GC [PSYoungGen: 69120K->69117K(80384K)] [ParOldGen: 182781K->182765K(182784K)] 251901K->251882K(263168K) [PSPermGen: 13509K->13509K(21504K)], 0.1220210 secs] [Times: user=0.87 sys=0.01, real=0.13 secs] 
215.457: Total time for which application threads were stopped: 0.1224200 seconds, Stopping threads took: 0.0000190 seconds
215.457: Application time: 0.0000720 seconds
215.458: [Full GC [PSYoungGen: 69120K->69117K(80384K)] [ParOldGen: 182765K->182756K(182784K)] 251885K->251874K(263168K) [PSPermGen: 13509K->13509K(21504K)], 0.1222340 secs] [Times: user=0.89 sys=0.00, real=0.12 secs] 
215.580: Total time for which application threads were stopped: 0.1226390 seconds, Stopping threads took: 0.0000200 seconds
215.580: Application time: 0.0000440 seconds
215.581: Total time for which application threads were stopped: 0.0004470 seconds, Stopping threads took: 0.0001200 seconds
215.581: Application time: 0.0000550 seconds
215.581: [Full GC [PSYoungGen: 69120K->69117K(80384K)] [ParOldGen: 182756K->182756K(182784K)] 251876K->251874K(263168K) [PSPermGen: 13509K->13509K(21504K)], 0.0507830 secs] [Times: user=0.35 sys=0.00, real=0.05 secs] 
215.632: Total time for which application threads were stopped: 0.0509490 seconds, Stopping threads took: 0.0000520 seconds
215.632: Application time: 0.0000550 seconds
215.632: [Full GC [PSYoungGen: 69120K->69117K(80384K)] [ParOldGen: 182756K->182756K(182784K)] 251876K->251874K(263168K) [PSPermGen: 13509K->13509K(21504K)], 0.0503170 secs] [Times: user=0.35 sys=0.00, real=0.05 secs] 
215.682: Total time for which application threads were stopped: 0.0507280 seconds, Stopping threads took: 0.0000300 seconds
215.682: Application time: 0.0000410 seconds
215.683: [Full GC [PSYoungGen: 69120K->69118K(80384K)] [ParOldGen: 182756K->182756K(182784K)] 251876K->251875K(263168K) [PSPermGen: 13509K->13509K(21504K)], 0.0509530 secs] [Times: user=0.35 sys=0.00, real=0.05 secs] 
215.734: Total time for which application threads were stopped: 0.0513520 seconds, Stopping threads took: 0.0000200 seconds
215.734: Application time: 0.0000430 seconds
215.734: [Full GC [PSYoungGen: 69120K->69118K(80384K)] [ParOldGen: 182756K->182756K(182784K)] 251876K->251875K(263168K) [PSPermGen: 13509K->13509K(21504K)], 0.0509470 secs] [Times: user=0.35 sys=0.00, real=0.05 secs] 
215.785: Total time for which application threads were stopped: 0.0513990 seconds, Stopping threads took: 0.0000410 seconds
215.785: Application time: 0.0000490 seconds
215.786: [Full GC [PSYoungGen: 69120K->69119K(80384K)] [ParOldGen: 182756K->182756K(182784K)] 251876K->251876K(263168K) [PSPermGen: 13509K->13509K(21504K)], 0.0504150 secs] [Times: user=0.35 sys=0.00, real=0.05 secs] 
215.836: Total time for which application threads were stopped: 0.0508010 seconds, Stopping threads took: 0.0000110 seconds
215.836: Application time: 0.0000460 seconds
215.836: [Full GC [PSYoungGen: 69120K->69119K(80384K)] [ParOldGen: 182756K->182756K(182784K)] 251876K->251876K(263168K) [PSPermGen: 13509K->13509K(21504K)], 0.0528900 secs] [Times: user=0.36 sys=0.00, real=0.06 secs] 
215.889: Total time for which application threads were stopped: 0.0532940 seconds, Stopping threads took: 0.0000260 seconds
215.889: Application time: 0.0000810 seconds
215.890: [Full GC [PSYoungGen: 69120K->69119K(80384K)] [ParOldGen: 182761K->182761K(182784K)] 251881K->251881K(263168K) [PSPermGen: 13509K->13509K(21504K)], 0.0506010 secs] [Times: user=0.35 sys=0.00, real=0.05 secs] 
215.940: Total time for which application threads were stopped: 0.0510060 seconds, Stopping threads took: 0.0000380 seconds
215.941: Application time: 0.0000460 seconds
215.941: [Full GC [PSYoungGen: 69119K->69119K(80384K)] [ParOldGen: 182761K->182761K(182784K)] 251881K->251881K(263168K) [PSPermGen: 13509K->13509K(21504K)], 0.0508030 secs] [Times: user=0.35 sys=0.00, real=0.05 secs] 
215.992: Total time for which application threads were stopped: 0.0512230 seconds, Stopping threads took: 0.0000170 seconds
215.992: Application time: 0.0000720 seconds
215.992: [Full GC [PSYoungGen: 69119K->69107K(80384K)] [ParOldGen: 182765K->182763K(182784K)] 251885K->251871K(263168K) [PSPermGen: 13509K->13509K(21504K)], 0.0505660 secs] [Times: user=0.35 sys=0.00, real=0.05 secs] 
216.043: Total time for which application threads were stopped: 0.0509580 seconds, Stopping threads took: 0.0000080 seconds
216.043: Application time: 0.0000820 seconds
216.043: [Full GC [PSYoungGen: 69120K->69109K(80384K)] [ParOldGen: 182763K->182763K(182784K)] 251883K->251873K(263168K) [PSPermGen: 13509K->13509K(21504K)], 0.0510940 secs] [Times: user=0.36 sys=0.00, real=0.05 secs] 
216.094: Total time for which application threads were stopped: 0.0515100 seconds, Stopping threads took: 0.0000370 seconds
216.094: Application time: 0.0000570 seconds
216.095: [Full GC [PSYoungGen: 69120K->69108K(80384K)] [ParOldGen: 182763K->182763K(182784K)] 251883K->251871K(263168K) [PSPermGen: 13509K->13509K(21504K)], 0.0508990 secs] [Times: user=0.35 sys=0.00, real=0.05 secs] 
216.146: Total time for which application threads were stopped: 0.0513190 seconds, Stopping threads took: 0.0000430 seconds
216.146: Application time: 0.0001090 seconds
216.146: [Full GC [PSYoungGen: 69120K->69107K(80384K)] [ParOldGen: 182763K->182762K(182784K)] 251883K->251870K(263168K) [PSPermGen: 13509K->13509K(21504K)], 0.0509590 secs] [Times: user=0.35 sys=0.01, real=0.06 secs] 
216.197: Total time for which application threads were stopped: 0.0513790 seconds, Stopping threads took: 0.0000430 seconds
216.197: Application time: 0.0001220 seconds
216.198: [Full GC [PSYoungGen: 69120K->69108K(80384K)] [ParOldGen: 182762K->182759K(182784K)] 251882K->251867K(263168K) [PSPermGen: 13509K->13509K(21504K)], 0.0509840 secs] [Times: user=0.35 sys=0.00, real=0.05 secs] 
216.249: Total time for which application threads were stopped: 0.0513960 seconds, Stopping threads took: 0.0000380 seconds
216.249: Application time: 0.0000320 seconds
216.249: [Full GC [PSYoungGen: 69120K->69118K(80384K)] [ParOldGen: 182759K->182759K(182784K)] 251879K->251877K(263168K) [PSPermGen: 13509K->13509K(21504K)], 0.0508640 secs] [Times: user=0.35 sys=0.00, real=0.05 secs] 
216.300: Total time for which application threads were stopped: 0.0512880 seconds, Stopping threads took: 0.0000200 seconds
216.300: Application time: 0.0001470 seconds
216.301: Total time for which application threads were stopped: 0.0003140 seconds, Stopping threads took: 0.0000110 seconds
216.301: Application time: 0.0000250 seconds
216.301: [Full GC [PSYoungGen: 69120K->69116K(80384K)] [ParOldGen: 182784K->182781K(182784K)] 251904K->251898K(263168K) [PSPermGen: 13509K->13509K(21504K)], 0.0507760 secs] [Times: user=0.35 sys=0.00, real=0.05 secs] 
216.351: Total time for which application threads were stopped: 0.0508980 seconds, Stopping threads took: 0.0000030 seconds
216.352: Application time: 0.0000420 seconds
216.352: [Full GC [PSYoungGen: 69118K->69116K(80384K)] [ParOldGen: 182781K->182781K(182784K)] 251900K->251898K(263168K) [PSPermGen: 13509K->13509K(21504K)], 0.0508150 secs] [Times: user=0.35 sys=0.00, real=0.05 secs] 
216.403: Total time for which application threads were stopped: 0.0512180 seconds, Stopping threads took: 0.0000210 seconds
216.403: Application time: 0.0000380 seconds
216.403: [Full GC [PSYoungGen: 69120K->69116K(80384K)] [ParOldGen: 182781K->182781K(182784K)] 251901K->251898K(263168K) [PSPermGen: 13509K->13509K(21504K)], 0.0512750 secs] [Times: user=0.35 sys=0.00, real=0.05 secs] 
216.454: Total time for which application threads were stopped: 0.0516900 seconds, Stopping threads took: 0.0000350 seconds
216.454: Application time: 0.0000390 seconds
216.455: [Full GC [PSYoungGen: 69120K->69119K(80384K)] [ParOldGen: 182781K->182780K(182784K)] 251901K->251900K(263168K) [PSPermGen: 13509K->13509K(21504K)], 0.0512390 secs] [Times: user=0.36 sys=0.00, real=0.05 secs] 
216.506: Total time for which application threads were stopped: 0.0516570 seconds, Stopping threads took: 0.0000280 seconds
216.506: Application time: 0.0000640 seconds
216.507: [Full GC [PSYoungGen: 69120K->69119K(80384K)] [ParOldGen: 182780K->182780K(182784K)] 251900K->251900K(263168K) [PSPermGen: 13509K->13509K(21504K)], 0.0508800 secs] [Times: user=0.35 sys=0.00, real=0.06 secs] 
216.557: Total time for which application threads were stopped: 0.0512760 seconds, Stopping threads took: 0.0000180 seconds
216.558: Application time: 0.0000290 seconds
216.558: [Full GC [PSYoungGen: 69119K->69119K(80384K)] [ParOldGen: 182780K->182780K(182784K)] 251900K->251900K(263168K) [PSPermGen: 13509K->13509K(21504K)], 0.0507280 secs] [Times: user=0.35 sys=0.00, real=0.05 secs] 
216.609: Total time for which application threads were stopped: 0.0511380 seconds, Stopping threads took: 0.0000230 seconds
216.609: Application time: 0.0000340 seconds
216.609: [Full GC [PSYoungGen: 69120K->69119K(80384K)] [ParOldGen: 182780K->182780K(182784K)] 251900K->251900K(263168K) [PSPermGen: 13509K->13509K(21504K)], 0.0510430 secs] [Times: user=0.35 sys=0.00, real=0.05 secs] 
216.660: Total time for which application threads were stopped: 0.0514420 seconds, Stopping threads took: 0.0000190 seconds
216.660: Application time: 0.0000510 seconds
216.661: [Full GC [PSYoungGen: 69120K->69119K(80384K)] [ParOldGen: 182780K->182780K(182784K)] 251900K->251900K(263168K) [PSPermGen: 13509K->13509K(21504K)], 0.0510740 secs] [Times: user=0.35 sys=0.00, real=0.05 secs] 
216.712: [Full GC [PSYoungGen: 69119K->69109K(80384K)] [ParOldGen: 182780K->182779K(182784K)] 251900K->251889K(263168K) [PSPermGen: 13509K->13509K(21504K)], 0.0511420 secs] [Times: user=0.36 sys=0.00, real=0.05 secs] 
216.763: Total time for which application threads were stopped: 0.1026600 seconds, Stopping threads took: 0.0000070 seconds
216.763: Application time: 0.0000870 seconds
216.763: [Full GC [PSYoungGen: 69120K->69115K(80384K)] [ParOldGen: 182779K->182779K(182784K)] 251899K->251894K(263168K) [PSPermGen: 13509K->13509K(21504K)], 0.0509420 secs] [Times: user=0.35 sys=0.00, real=0.05 secs] 
216.814: [Full GC [PSYoungGen: 69115K->69115K(80384K)] [ParOldGen: 182779K->182779K(182784K)] 251894K->251894K(263168K) [PSPermGen: 13509K->13509K(21504K)], 0.0506450 secs] [Times: user=0.35 sys=0.00, real=0.05 secs] 
216.865: Total time for which application threads were stopped: 0.1021070 seconds, Stopping threads took: 0.0000480 seconds
216.865: Application time: 0.0001570 seconds
216.866: Total time for which application threads were stopped: 0.0003250 seconds, Stopping threads took: 0.0000160 seconds
216.866: Application time: 0.0000190 seconds
216.866: [Full GC [PSYoungGen: 69120K->69108K(80384K)] [ParOldGen: 182782K->182781K(182784K)] 251902K->251890K(263168K) [PSPermGen: 13509K->13509K(21504K)], 0.0511600 secs] [Times: user=0.35 sys=0.00, real=0.06 secs] 
216.917: Total time for which application threads were stopped: 0.0512820 seconds, Stopping threads took: 0.0000050 seconds
216.917: Application time: 0.0000550 seconds
216.917: [Full GC [PSYoungGen: 69120K->69118K(80384K)] [ParOldGen: 182781K->182781K(182784K)] 251901K->251900K(263168K) [PSPermGen: 13509K->13509K(21504K)], 0.0506860 secs] [Times: user=0.35 sys=0.00, real=0.04 secs] 
216.968: Total time for which application threads were stopped: 0.0510900 seconds, Stopping threads took: 0.0000230 seconds
216.968: Application time: 0.0000750 seconds
216.968: [Full GC [PSYoungGen: 69120K->69119K(80384K)] [ParOldGen: 182781K->182781K(182784K)] 251901K->251901K(263168K) [PSPermGen: 13509K->13509K(21504K)], 0.0504040 secs] [Times: user=0.35 sys=0.00, real=0.06 secs] 
217.019: Total time for which application threads were stopped: 0.0508320 seconds, Stopping threads took: 0.0000310 seconds
217.019: Application time: 0.0000660 seconds
217.019: [Full GC [PSYoungGen: 69120K->69119K(80384K)] [ParOldGen: 182781K->182781K(182784K)] 251901K->251901K(263168K) [PSPermGen: 13509K->13509K(21504K)], 0.0507830 secs] [Times: user=0.35 sys=0.00, real=0.05 secs] 
217.070: Total time for which application threads were stopped: 0.0512210 seconds, Stopping threads took: 0.0000450 seconds
217.070: Application time: 0.0000430 seconds
217.071: [Full GC [PSYoungGen: 69119K->69119K(80384K)] [ParOldGen: 182781K->182781K(182784K)] 251901K->251901K(263168K) [PSPermGen: 13509K->13509K(21504K)], 0.0507460 secs] [Times: user=0.35 sys=0.00, real=0.05 secs] 
217.121: Total time for which application threads were stopped: 0.0511430 seconds, Stopping threads took: 0.0000200 seconds
217.121: Application time: 0.0000850 seconds
217.122: [Full GC [PSYoungGen: 69120K->69120K(80384K)] [ParOldGen: 182783K->182783K(182784K)] 251903K->251903K(263168K) [PSPermGen: 13509K->13509K(21504K)], 0.0503410 secs] [Times: user=0.35 sys=0.00, real=0.05 secs] 
217.172: [Full GC [PSYoungGen: 69120K->69120K(80384K)] [ParOldGen: 182783K->182783K(182784K)] 251903K->251903K(263168K) [PSPermGen: 13509K->13509K(21504K)], 0.0508330 secs] [Times: user=0.35 sys=0.00, real=0.05 secs] 
217.223: Total time for which application threads were stopped: 0.1016220 seconds, Stopping threads took: 0.0000070 seconds
217.223: Application time: 0.0000520 seconds
217.223: [Full GC [PSYoungGen: 69120K->69120K(80384K)] [ParOldGen: 182783K->182783K(182784K)] 251903K->251903K(263168K) [PSPermGen: 13509K->13509K(21504K)], 0.0503780 secs] [Times: user=0.35 sys=0.00, real=0.05 secs] 
217.274: Total time for which application threads were stopped: 0.0507950 seconds, Stopping threads took: 0.0000330 seconds
217.274: Application time: 0.0000560 seconds
217.274: [Full GC [PSYoungGen: 69120K->69109K(80384K)] [ParOldGen: 182783K->182779K(182784K)] 251903K->251889K(263168K) [PSPermGen: 13509K->13509K(21504K)], 0.0507300 secs] [Times: user=0.35 sys=0.00, real=0.05 secs] 
217.325: Total time for which application threads were stopped: 0.0511850 seconds, Stopping threads took: 0.0000420 seconds
217.325: Application time: 0.0001110 seconds
217.326: [Full GC [PSYoungGen: 69120K->69102K(80384K)] [ParOldGen: 182779K->182776K(182784K)] 251899K->251879K(263168K) [PSPermGen: 13509K->13509K(21504K)], 0.0507260 secs] [Times: user=0.35 sys=0.00, real=0.05 secs] 
217.376: Total time for which application threads were stopped: 0.0511540 seconds, Stopping threads took: 0.0000460 seconds
217.377: Application time: 0.0002100 seconds
217.377: [Full GC [PSYoungGen: 69118K->69099K(80384K)] [ParOldGen: 182776K->182776K(182784K)] 251895K->251875K(263168K) [PSPermGen: 13509K->13509K(21504K)], 0.0507040 secs] [Times: user=0.34 sys=0.01, real=0.04 secs] 
217.428: Total time for which application threads were stopped: 0.0511300 seconds, Stopping threads took: 0.0000250 seconds
217.428: Application time: 0.0001610 seconds
217.428: Total time for which application threads were stopped: 0.0003460 seconds, Stopping threads took: 0.0000350 seconds
217.428: Application time: 0.0000550 seconds
217.428: [Full GC [PSYoungGen: 69119K->69103K(80384K)] [ParOldGen: 182776K->182775K(182784K)] 251896K->251878K(263168K) [PSPermGen: 13509K->13509K(21504K)], 0.1216720 secs] [Times: user=0.88 sys=0.01, real=0.13 secs] 
217.550: Total time for which application threads were stopped: 0.1218220 seconds, Stopping threads took: 0.0000340 seconds
217.550: Application time: 0.0002070 seconds
217.551: [Full GC [PSYoungGen: 69120K->69104K(80384K)] [ParOldGen: 182775K->182774K(182784K)] 251895K->251879K(263168K) [PSPermGen: 13509K->13509K(21504K)], 0.1222300 secs] [Times: user=0.89 sys=0.00, real=0.12 secs] 
217.673: Total time for which application threads were stopped: 0.1226890 seconds, Stopping threads took: 0.0000660 seconds
217.673: Application time: 0.0000350 seconds
217.674: [Full GC [PSYoungGen: 69119K->69115K(80384K)] [ParOldGen: 182774K->182774K(182784K)] 251894K->251889K(263168K) [PSPermGen: 13509K->13509K(21504K)], 0.0508300 secs] [Times: user=0.35 sys=0.00, real=0.05 secs] 
217.724: Total time for which application threads were stopped: 0.0513200 seconds, Stopping threads took: 0.0001100 seconds
217.724: Application time: 0.0000600 seconds
217.725: [Full GC [PSYoungGen: 69120K->69117K(80384K)] [ParOldGen: 182774K->182774K(182784K)] 251894K->251892K(263168K) [PSPermGen: 13509K->13509K(21504K)], 0.0507960 secs] [Times: user=0.35 sys=0.00, real=0.05 secs] 
217.776: Total time for which application threads were stopped: 0.0512210 seconds, Stopping threads took: 0.0000260 seconds
217.776: Application time: 0.0000950 seconds
217.776: Total time for which application threads were stopped: 0.0003460 seconds, Stopping threads took: 0.0000210 seconds
217.776: Application time: 0.0000380 seconds
217.776: [Full GC [PSYoungGen: 69120K->69118K(80384K)] [ParOldGen: 182775K->182775K(182784K)] 251895K->251893K(263168K) [PSPermGen: 13509K->13509K(21504K)], 0.0507820 secs] [Times: user=0.35 sys=0.00, real=0.05 secs] 
217.827: Total time for which application threads were stopped: 0.0509090 seconds, Stopping threads took: 0.0000150 seconds
217.827: Application time: 0.0001140 seconds
217.828: [Full GC [PSYoungGen: 69120K->69117K(80384K)] [ParOldGen: 182779K->182776K(182784K)] 251899K->251894K(263168K) [PSPermGen: 13509K->13509K(21504K)], 0.0909560 secs] [Times: user=0.65 sys=0.00, real=0.10 secs] 
217.919: Total time for which application threads were stopped: 0.0913540 seconds, Stopping threads took: 0.0000190 seconds
217.919: Application time: 0.0000560 seconds
217.919: [Full GC [PSYoungGen: 69120K->69117K(80384K)] [ParOldGen: 182776K->182776K(182784K)] 251896K->251893K(263168K) [PSPermGen: 13509K->13509K(21504K)], 0.0508540 secs] [Times: user=0.35 sys=0.00, real=0.05 secs] 
217.970: Total time for which application threads were stopped: 0.0512610 seconds, Stopping threads took: 0.0000210 seconds
217.970: Application time: 0.0000320 seconds
217.970: [Full GC [PSYoungGen: 69120K->69117K(80384K)] [ParOldGen: 182776K->182776K(182784K)] 251896K->251894K(263168K) [PSPermGen: 13509K->13509K(21504K)], 0.0508610 secs] [Times: user=0.35 sys=0.00, real=0.05 secs] 
218.021: Total time for which application threads were stopped: 0.0512510 seconds, Stopping threads took: 0.0000100 seconds
218.021: Application time: 0.0000550 seconds
218.022: [Full GC [PSYoungGen: 69120K->69119K(80384K)] [ParOldGen: 182776K->182776K(182784K)] 251896K->251896K(263168K) [PSPermGen: 13509K->13509K(21504K)], 0.0506070 secs] [Times: user=0.35 sys=0.00, real=0.05 secs] 
218.072: Total time for which application threads were stopped: 0.0510250 seconds, Stopping threads took: 0.0000290 seconds
218.072: Application time: 0.0000380 seconds
218.073: [Full GC [PSYoungGen: 69119K->69119K(80384K)] [ParOldGen: 182776K->182776K(182784K)] 251896K->251896K(263168K) [PSPermGen: 13509K->13509K(21504K)], 0.0506240 secs] [Times: user=0.35 sys=0.00, real=0.05 secs] 
218.123: Total time for which application threads were stopped: 0.0510260 seconds, Stopping threads took: 0.0000100 seconds
218.123: Application time: 0.0000700 seconds
218.124: [Full GC [PSYoungGen: 69119K->69107K(80384K)] [ParOldGen: 182779K->182779K(182784K)] 251899K->251886K(263168K) [PSPermGen: 13509K->13509K(21504K)], 0.0508810 secs] [Times: user=0.35 sys=0.00, real=0.05 secs] 
218.175: Total time for which application threads were stopped: 0.0512720 seconds, Stopping threads took: 0.0000080 seconds
218.175: Application time: 0.0001750 seconds
218.175: [Full GC [PSYoungGen: 69120K->69108K(80384K)] [ParOldGen: 182779K->182777K(182784K)] 251899K->251885K(263168K) [PSPermGen: 13509K->13509K(21504K)], 0.0933580 secs] [Times: user=0.68 sys=0.00, real=0.09 secs] 
218.269: Total time for which application threads were stopped: 0.0937690 seconds, Stopping threads took: 0.0000170 seconds
218.269: Application time: 0.0001260 seconds
218.269: [Full GC [PSYoungGen: 69120K->69111K(80384K)] [ParOldGen: 182777K->182777K(182784K)] 251897K->251888K(263168K) [PSPermGen: 13509K->13509K(21504K)], 0.0507840 secs] [Times: user=0.34 sys=0.01, real=0.05 secs] 
218.320: Total time for which application threads were stopped: 0.0512090 seconds, Stopping threads took: 0.0000450 seconds
218.320: Application time: 0.0001320 seconds
218.320: [Full GC [PSYoungGen: 69120K->69112K(80384K)] [ParOldGen: 182777K->182777K(182784K)] 251897K->251890K(263168K) [PSPermGen: 13509K->13509K(21504K)], 0.0505920 secs] [Times: user=0.35 sys=0.00, real=0.05 secs] 
218.371: Total time for which application threads were stopped: 0.0510240 seconds, Stopping threads took: 0.0000200 seconds
218.371: Application time: 0.0000370 seconds
218.371: [Full GC [PSYoungGen: 69119K->69115K(80384K)] [ParOldGen: 182777K->182777K(182784K)] 251896K->251892K(263168K) [PSPermGen: 13509K->13509K(21504K)], 0.0510270 secs] [Times: user=0.36 sys=0.00, real=0.05 secs] 
218.423: [Full GC [PSYoungGen: 69115K->69109K(80384K)] [ParOldGen: 182777K->182777K(182784K)] 251892K->251887K(263168K) [PSPermGen: 13509K->13509K(21504K)], 0.0510930 secs] [Times: user=0.35 sys=0.00, real=0.05 secs] 
218.474: Total time for which application threads were stopped: 0.1025680 seconds, Stopping threads took: 0.0000230 seconds
218.474: Application time: 0.0001490 seconds
218.474: [Full GC [PSYoungGen: 69120K->69119K(80384K)] [ParOldGen: 182783K->182781K(182784K)] 251903K->251900K(263168K) [PSPermGen: 13509K->13509K(21504K)], 0.0509700 secs] [Times: user=0.35 sys=0.00, real=0.05 secs] 
218.525: Total time for which application threads were stopped: 0.0513500 seconds, Stopping threads took: 0.0000070 seconds
218.525: Application time: 0.0000530 seconds
218.526: [Full GC [PSYoungGen: 69120K->69119K(80384K)] [ParOldGen: 182781K->182781K(182784K)] 251901K->251900K(263168K) [PSPermGen: 13509K->13509K(21504K)], 0.0503070 secs] [Times: user=0.35 sys=0.00, real=0.05 secs] 
218.576: Total time for which application threads were stopped: 0.0507040 seconds, Stopping threads took: 0.0000080 seconds
218.576: Application time: 0.0000580 seconds
218.576: [Full GC [PSYoungGen: 69120K->69119K(80384K)] [ParOldGen: 182781K->182781K(182784K)] 251901K->251901K(263168K) [PSPermGen: 13509K->13509K(21504K)], 0.0510500 secs] [Times: user=0.35 sys=0.00, real=0.05 secs] 
218.627: Total time for which application threads were stopped: 0.0514380 seconds, Stopping threads took: 0.0000090 seconds
218.628: Application time: 0.0000750 seconds
218.628: [Full GC [PSYoungGen: 69120K->69119K(80384K)] [ParOldGen: 182783K->182783K(182784K)] 251903K->251902K(263168K) [PSPermGen: 13509K->13509K(21504K)], 0.0507980 secs] [Times: user=0.35 sys=0.00, real=0.06 secs] 
218.679: Total time for which application threads were stopped: 0.0512130 seconds, Stopping threads took: 0.0000360 seconds
218.679: Application time: 0.0000380 seconds
218.679: [Full GC [PSYoungGen: 69120K->69119K(80384K)] [ParOldGen: 182783K->182783K(182784K)] 251903K->251903K(263168K) [PSPermGen: 13509K->13509K(21504K)], 0.0507070 secs] [Times: user=0.35 sys=0.00, real=0.05 secs] 
218.730: Total time for which application threads were stopped: 0.0510980 seconds, Stopping threads took: 0.0000070 seconds
218.730: Application time: 0.0000600 seconds
218.730: [Full GC [PSYoungGen: 69120K->69119K(80384K)] [ParOldGen: 182783K->182783K(182784K)] 251903K->251903K(263168K) [PSPermGen: 13509K->13509K(21504K)], 0.0511030 secs] [Times: user=0.35 sys=0.01, real=0.05 secs] 
218.781: Total time for which application threads were stopped: 0.0514870 seconds, Stopping threads took: 0.0000070 seconds
218.781: Application time: 0.0000290 seconds
218.782: [Full GC [PSYoungGen: 69119K->69119K(80384K)] [ParOldGen: 182783K->182783K(182784K)] 251903K->251903K(263168K) [PSPermGen: 13509K->13509K(21504K)], 0.0512180 secs] [Times: user=0.35 sys=0.00, real=0.05 secs] 
218.833: [Full GC [PSYoungGen: 69119K->69119K(80384K)] [ParOldGen: 182783K->182783K(182784K)] 251903K->251903K(263168K) [PSPermGen: 13509K->13509K(21504K)], 0.0510030 secs] [Times: user=0.35 sys=0.00, real=0.05 secs] 
218.884: Total time for which application threads were stopped: 0.1026710 seconds, Stopping threads took: 0.0000080 seconds
218.884: Application time: 0.0000770 seconds
218.885: [Full GC [PSYoungGen: 69119K->69118K(80384K)] [ParOldGen: 182784K->182783K(182784K)] 251903K->251902K(263168K) [PSPermGen: 13509K->13509K(21504K)], 0.0510100 secs] [Times: user=0.35 sys=0.00, real=0.05 secs] 
218.936: Total time for which application threads were stopped: 0.0514540 seconds, Stopping threads took: 0.0000340 seconds
218.936: Application time: 0.0000540 seconds
218.936: [Full GC [PSYoungGen: 69120K->69118K(80384K)] [ParOldGen: 182783K->182783K(182784K)] 251903K->251901K(263168K) [PSPermGen: 13509K->13509K(21504K)], 0.0505310 secs] [Times: user=0.35 sys=0.00, real=0.05 secs] 
218.987: Total time for which application threads were stopped: 0.0509260 seconds, Stopping threads took: 0.0000160 seconds
218.987: Application time: 0.0000540 seconds
218.987: [Full GC [PSYoungGen: 69120K->69118K(80384K)] [ParOldGen: 182783K->182783K(182784K)] 251903K->251902K(263168K) [PSPermGen: 13509K->13509K(21504K)], 0.0507450 secs] [Times: user=0.35 sys=0.00, real=0.06 secs] 
219.038: Total time for which application threads were stopped: 0.0511350 seconds, Stopping threads took: 0.0000110 seconds
219.038: Application time: 0.0000460 seconds
219.038: [Full GC [PSYoungGen: 69120K->69118K(80384K)] [ParOldGen: 182783K->182783K(182784K)] 251903K->251901K(263168K) [PSPermGen: 13509K->13509K(21504K)], 0.0507650 secs] [Times: user=0.35 sys=0.00, real=0.05 secs] 
219.089: Total time for which application threads were stopped: 0.0512160 seconds, Stopping threads took: 0.0000630 seconds
219.089: Application time: 0.0000460 seconds
219.089: [Full GC [PSYoungGen: 69120K->69119K(80384K)] [ParOldGen: 182783K->182783K(182784K)] 251903K->251902K(263168K) [PSPermGen: 13509K->13509K(21504K)], 0.0509530 secs] [Times: user=0.35 sys=0.00, real=0.05 secs] 
219.141: Total time for which application threads were stopped: 0.0513550 seconds, Stopping threads took: 0.0000200 seconds
219.141: Application time: 0.0000640 seconds
219.141: [Full GC [PSYoungGen: 69120K->69119K(80384K)] [ParOldGen: 182783K->182783K(182784K)] 251903K->251903K(263168K) [PSPermGen: 13509K->13509K(21504K)], 0.0506900 secs] [Times: user=0.35 sys=0.00, real=0.05 secs] 
219.192: Total time for which application threads were stopped: 0.0510910 seconds, Stopping threads took: 0.0000150 seconds
219.192: Application time: 0.0000740 seconds
219.192: [Full GC [PSYoungGen: 69120K->69107K(80384K)] [ParOldGen: 182784K->182783K(182784K)] 251904K->251891K(263168K) [PSPermGen: 13509K->13509K(21504K)], 0.0506380 secs] [Times: user=0.35 sys=0.00, real=0.05 secs] 
219.243: Total time for which application threads were stopped: 0.0510510 seconds, Stopping threads took: 0.0000060 seconds
219.243: Application time: 0.0001350 seconds
219.243: [Full GC [PSYoungGen: 69120K->69107K(80384K)] [ParOldGen: 182783K->182779K(182784K)] 251903K->251886K(263168K) [PSPermGen: 13509K->13509K(21504K)], 0.0505750 secs] [Times: user=0.35 sys=0.00, real=0.05 secs] 
219.294: Total time for which application threads were stopped: 0.0509790 seconds, Stopping threads took: 0.0000250 seconds
219.294: Application time: 0.0001260 seconds
219.294: [Full GC [PSYoungGen: 69118K->69105K(80384K)] [ParOldGen: 182779K->182779K(182784K)] 251897K->251885K(263168K) [PSPermGen: 13509K->13509K(21504K)], 0.0507180 secs] [Times: user=0.35 sys=0.00, real=0.05 secs] 
219.345: Total time for which application threads were stopped: 0.0511170 seconds, Stopping threads took: 0.0000250 seconds
219.345: Application time: 0.0001400 seconds
219.346: [Full GC [PSYoungGen: 69118K->69110K(80384K)] [ParOldGen: 182779K->182779K(182784K)] 251897K->251889K(263168K) [PSPermGen: 13509K->13509K(21504K)], 0.0507100 secs] [Times: user=0.35 sys=0.00, real=0.05 secs] 
219.396: Total time for which application threads were stopped: 0.0511370 seconds, Stopping threads took: 0.0000430 seconds
219.396: Application time: 0.0000490 seconds
219.397: [Full GC [PSYoungGen: 69120K->69117K(80384K)] [ParOldGen: 182779K->182779K(182784K)] 251899K->251896K(263168K) [PSPermGen: 13509K->13509K(21504K)], 0.0507950 secs] [Times: user=0.35 sys=0.00, real=0.04 secs] 
219.448: Total time for which application threads were stopped: 0.0512360 seconds, Stopping threads took: 0.0000220 seconds
219.448: Application time: 0.0000380 seconds
219.448: Total time for which application threads were stopped: 0.0003310 seconds, Stopping threads took: 0.0000240 seconds
219.448: Application time: 0.0000420 seconds
219.448: [Full GC [PSYoungGen: 69120K->69119K(80384K)] [ParOldGen: 182779K->182779K(182784K)] 251899K->251899K(263168K) [PSPermGen: 13509K->13509K(21504K)], 0.0507090 secs] [Times: user=0.35 sys=0.00, real=0.06 secs] 
219.499: Total time for which application threads were stopped: 0.0508390 seconds, Stopping threads took: 0.0000150 seconds
219.499: Application time: 0.0001270 seconds
219.499: [Full GC [PSYoungGen: 69119K->69119K(80384K)] [ParOldGen: 182783K->182780K(182784K)] 251903K->251899K(263168K) [PSPermGen: 13509K->13509K(21504K)], 0.0556900 secs] [Times: user=0.38 sys=0.00, real=0.05 secs] 
219.555: Total time for which application threads were stopped: 0.0560780 seconds, Stopping threads took: 0.0000120 seconds
219.555: Application time: 0.0000400 seconds
219.556: [Full GC [PSYoungGen: 69120K->69119K(80384K)] [ParOldGen: 182780K->182780K(182784K)] 251900K->251900K(263168K) [PSPermGen: 13509K->13509K(21504K)], 0.0508370 secs] [Times: user=0.35 sys=0.01, real=0.05 secs] 
219.606: Total time for which application threads were stopped: 0.0512410 seconds, Stopping threads took: 0.0000260 seconds
219.607: Application time: 0.0000870 seconds
219.607: [Full GC [PSYoungGen: 69119K->69119K(80384K)] [ParOldGen: 182783K->182782K(182784K)] 251903K->251901K(263168K) [PSPermGen: 13509K->13509K(21504K)], 0.0508140 secs] [Times: user=0.35 sys=0.00, real=0.06 secs] 
219.658: Total time for which application threads were stopped: 0.0512130 seconds, Stopping threads took: 0.0000220 seconds
219.658: Application time: 0.0000480 seconds
219.658: [Full GC [PSYoungGen: 69120K->69119K(80384K)] [ParOldGen: 182782K->182782K(182784K)] 251902K->251902K(263168K) [PSPermGen: 13509K->13509K(21504K)], 0.0510060 secs] [Times: user=0.35 sys=0.00, real=0.05 secs] 
219.709: Total time for which application threads were stopped: 0.0514130 seconds, Stopping threads took: 0.0000290 seconds
219.709: Application time: 0.0000640 seconds
219.710: [Full GC [PSYoungGen: 69119K->69119K(80384K)] [ParOldGen: 182783K->182783K(182784K)] 251903K->251903K(263168K) [PSPermGen: 13509K->13509K(21504K)], 0.0507020 secs] [Times: user=0.35 sys=0.00, real=0.05 secs] 
219.761: Total time for which application threads were stopped: 0.0512040 seconds, Stopping threads took: 0.0001240 seconds
219.761: Application time: 0.0000450 seconds
219.761: [Full GC [PSYoungGen: 69120K->69119K(80384K)] [ParOldGen: 182783K->182783K(182784K)] 251903K->251903K(263168K) [PSPermGen: 13509K->13509K(21504K)], 0.0509250 secs] [Times: user=0.35 sys=0.00, real=0.05 secs] 
219.812: Total time for which application threads were stopped: 0.0513360 seconds, Stopping threads took: 0.0000240 seconds
219.812: Application time: 0.0000560 seconds
219.812: [Full GC [PSYoungGen: 69119K->69119K(80384K)] [ParOldGen: 182783K->182783K(182784K)] 251903K->251903K(263168K) [PSPermGen: 13509K->13509K(21504K)], 0.0507910 secs] [Times: user=0.35 sys=0.00, real=0.05 secs] 
219.863: [Full GC [PSYoungGen: 69119K->69119K(80384K)] [ParOldGen: 182783K->182783K(182784K)] 251903K->251903K(263168K) [PSPermGen: 13509K->13509K(21504K)], 0.0513940 secs] [Times: user=0.35 sys=0.00, real=0.05 secs] 
219.915: Total time for which application threads were stopped: 0.1026300 seconds, Stopping threads took: 0.0000070 seconds
219.915: Application time: 0.0000660 seconds
219.915: [Full GC [PSYoungGen: 69120K->69119K(80384K)] [ParOldGen: 182783K->182783K(182784K)] 251903K->251903K(263168K) [PSPermGen: 13509K->13509K(21504K)], 0.0507140 secs] [Times: user=0.35 sys=0.00, real=0.05 secs] 
219.966: [Full GC [PSYoungGen: 69119K->69119K(80384K)] [ParOldGen: 182783K->182783K(182784K)] 251903K->251903K(263168K) [PSPermGen: 13509K->13509K(21504K)], 0.0506640 secs] [Times: user=0.35 sys=0.00, real=0.05 secs] 
220.017: Total time for which application threads were stopped: 0.1018660 seconds, Stopping threads took: 0.0000220 seconds
220.017: Application time: 0.0000520 seconds
220.017: [Full GC [PSYoungGen: 69119K->69119K(80384K)] [ParOldGen: 182783K->182783K(182784K)] 251903K->251903K(263168K) [PSPermGen: 13509K->13509K(21504K)], 0.0503550 secs] [Times: user=0.35 sys=0.00, real=0.04 secs] 
220.067: [Full GC [PSYoungGen: 69119K->69119K(80384K)] [ParOldGen: 182783K->182783K(182784K)] 251903K->251903K(263168K) [PSPermGen: 13509K->13509K(21504K)], 0.0508110 secs] [Times: user=0.35 sys=0.00, real=0.06 secs] 
220.118: Total time for which application threads were stopped: 0.1016530 seconds, Stopping threads took: 0.0000300 seconds
220.118: Application time: 0.0000290 seconds
220.119: [Full GC [PSYoungGen: 69119K->69104K(80384K)] [ParOldGen: 182783K->182780K(182784K)] 251903K->251884K(263168K) [PSPermGen: 13509K->13509K(21504K)], 0.0510280 secs] [Times: user=0.35 sys=0.00, real=0.05 secs] 
220.170: Total time for which application threads were stopped: 0.0514280 seconds, Stopping threads took: 0.0000240 seconds
220.170: Application time: 0.0001120 seconds
220.170: Total time for which application threads were stopped: 0.0003460 seconds, Stopping threads took: 0.0000300 seconds
220.170: Application time: 0.0001270 seconds
220.170: [Full GC [PSYoungGen: 69120K->69067K(80384K)] [ParOldGen: 182780K->182757K(182784K)] 251900K->251824K(263168K) [PSPermGen: 13509K->13509K(21504K)], 0.1221130 secs] [Times: user=0.89 sys=0.00, real=0.12 secs] 
220.293: Total time for which application threads were stopped: 0.1223400 seconds, Stopping threads took: 0.0000830 seconds
220.293: Application time: 0.0000760 seconds
220.293: [Full GC [PSYoungGen: 69071K->69063K(80384K)] [ParOldGen: 182757K->182757K(182784K)] 251828K->251820K(263168K) [PSPermGen: 13509K->13509K(21504K)], 0.0546720 secs] [Times: user=0.38 sys=0.00, real=0.05 secs] 
220.348: Total time for which application threads were stopped: 0.0551710 seconds, Stopping threads took: 0.0000830 seconds
220.348: Application time: 0.0003960 seconds
220.349: [Full GC [PSYoungGen: 69120K->69072K(80384K)] [ParOldGen: 182757K->182756K(182784K)] 251877K->251829K(263168K) [PSPermGen: 13509K->13509K(21504K)], 0.0505940 secs] [Times: user=0.35 sys=0.00, real=0.06 secs] 
220.399: Total time for which application threads were stopped: 0.0509660 seconds, Stopping threads took: 0.0000070 seconds
220.399: Application time: 0.0000280 seconds
220.400: [Full GC [PSYoungGen: 69086K->69084K(80384K)] [ParOldGen: 182756K->182756K(182784K)] 251843K->251841K(263168K) [PSPermGen: 13509K->13509K(21504K)], 0.0511050 secs] [Times: user=0.35 sys=0.00, real=0.05 secs] 
220.451: Total time for which application threads were stopped: 0.0515080 seconds, Stopping threads took: 0.0000120 seconds
220.451: Application time: 0.0003220 seconds
220.451: Total time for which application threads were stopped: 0.0003440 seconds, Stopping threads took: 0.0000140 seconds
220.452: Application time: 0.0000890 seconds
220.452: [Full GC [PSYoungGen: 69118K->69094K(80384K)] [ParOldGen: 182766K->182766K(182784K)] 251885K->251861K(263168K) [PSPermGen: 13509K->13509K(21504K)], 0.0506310 secs] [Times: user=0.35 sys=0.00, real=0.05 secs] 
220.502: Total time for which application threads were stopped: 0.0507610 seconds, Stopping threads took: 0.0000180 seconds
220.502: Application time: 0.0000400 seconds
220.503: [Full GC [PSYoungGen: 69098K->69096K(80384K)] [ParOldGen: 182766K->182766K(182784K)] 251865K->251863K(263168K) [PSPermGen: 13509K->13509K(21504K)], 0.0507920 secs] [Times: user=0.34 sys=0.01, real=0.05 secs] 
220.554: Total time for which application threads were stopped: 0.0512010 seconds, Stopping threads took: 0.0000310 seconds
220.554: Application time: 0.0002000 seconds
220.554: [Full GC [PSYoungGen: 69120K->69086K(80384K)] [ParOldGen: 182775K->182773K(182784K)] 251895K->251860K(263168K) [PSPermGen: 13509K->13509K(21504K)], 0.0506940 secs] [Times: user=0.35 sys=0.00, real=0.05 secs] 
220.605: Total time for which application threads were stopped: 0.0510930 seconds, Stopping threads took: 0.0000160 seconds
220.605: Application time: 0.0001840 seconds
220.605: [Full GC [PSYoungGen: 69120K->69076K(80384K)] [ParOldGen: 182773K->182762K(182784K)] 251893K->251838K(263168K) [PSPermGen: 13509K->13509K(21504K)], 0.0505050 secs] [Times: user=0.35 sys=0.00, real=0.05 secs] 
220.656: Total time for which application threads were stopped: 0.0509040 seconds, Stopping threads took: 0.0000210 seconds
220.656: Application time: 0.0000440 seconds
220.656: [Full GC [PSYoungGen: 69082K->69076K(80384K)] [ParOldGen: 182762K->182762K(182784K)] 251844K->251838K(263168K) [PSPermGen: 13509K->13509K(21504K)], 0.0507870 secs] [Times: user=0.34 sys=0.00, real=0.05 secs] 
220.707: Total time for which application threads were stopped: 0.0512340 seconds, Stopping threads took: 0.0000580 seconds
220.707: Application time: 0.0001930 seconds
220.708: [Full GC [PSYoungGen: 69120K->69082K(80384K)] [ParOldGen: 182762K->182762K(182784K)] 251882K->251844K(263168K) [PSPermGen: 13509K->13509K(21504K)], 0.0510100 secs] [Times: user=0.35 sys=0.00, real=0.06 secs] 
220.759: Total time for which application threads were stopped: 0.0514600 seconds, Stopping threads took: 0.0000460 seconds
220.759: Application time: 0.0001580 seconds
220.759: [Full GC [PSYoungGen: 69120K->69080K(80384K)] [ParOldGen: 182762K->182762K(182784K)] 251882K->251842K(263168K) [PSPermGen: 13509K->13509K(21504K)], 0.0506080 secs] [Times: user=0.35 sys=0.00, real=0.05 secs] 
220.810: Total time for which application threads were stopped: 0.0510200 seconds, Stopping threads took: 0.0000350 seconds
220.810: Application time: 0.0000890 seconds
220.810: [Full GC [PSYoungGen: 69118K->69089K(80384K)] [ParOldGen: 182762K->182762K(182784K)] 251880K->251851K(263168K) [PSPermGen: 13509K->13509K(21504K)], 0.0506810 secs] [Times: user=0.35 sys=0.00, real=0.05 secs] 
220.861: Total time for which application threads were stopped: 0.0510990 seconds, Stopping threads took: 0.0000430 seconds
220.861: Application time: 0.0001070 seconds
220.862: [Full GC [PSYoungGen: 69120K->69100K(80384K)] [ParOldGen: 182762K->182762K(182784K)] 251882K->251862K(263168K) [PSPermGen: 13509K->13509K(21504K)], 0.0511360 secs] [Times: user=0.36 sys=0.00, real=0.05 secs] 
220.913: Total time for which application threads were stopped: 0.0515930 seconds, Stopping threads took: 0.0000710 seconds
220.913: Application time: 0.0001010 seconds
220.913: [Full GC [PSYoungGen: 69120K->69101K(80384K)] [ParOldGen: 182762K->182762K(182784K)] 251882K->251863K(263168K) [PSPermGen: 13509K->13509K(21504K)], 0.0508110 secs] [Times: user=0.35 sys=0.00, real=0.05 secs] 
220.964: Total time for which application threads were stopped: 0.0512530 seconds, Stopping threads took: 0.0000560 seconds
220.964: Application time: 0.0001090 seconds
220.965: [Full GC [PSYoungGen: 69120K->69102K(80384K)] [ParOldGen: 182762K->182762K(182784K)] 251882K->251864K(263168K) [PSPermGen: 13509K->13509K(21504K)], 0.0508670 secs] [Times: user=0.35 sys=0.00, real=0.05 secs] 
221.016: Total time for which application threads were stopped: 0.0513000 seconds, Stopping threads took: 0.0000260 seconds
221.016: Application time: 0.0000940 seconds
221.016: [Full GC [PSYoungGen: 69120K->69101K(80384K)] [ParOldGen: 182762K->182762K(182784K)] 251882K->251863K(263168K) [PSPermGen: 13509K->13509K(21504K)], 0.0506960 secs] [Times: user=0.35 sys=0.00, real=0.05 secs] 
221.067: Total time for which application threads were stopped: 0.0511220 seconds, Stopping threads took: 0.0000410 seconds
221.067: Application time: 0.0000880 seconds
221.067: [Full GC [PSYoungGen: 69120K->69103K(80384K)] [ParOldGen: 182762K->182762K(182784K)] 251882K->251865K(263168K) [PSPermGen: 13509K->13509K(21504K)], 0.0512880 secs] [Times: user=0.35 sys=0.00, real=0.06 secs] 
221.119: Total time for which application threads were stopped: 0.0517010 seconds, Stopping threads took: 0.0000290 seconds
221.119: Application time: 0.0000680 seconds
221.119: [Full GC [PSYoungGen: 69120K->69103K(80384K)] [ParOldGen: 182762K->182762K(182784K)] 251882K->251865K(263168K) [PSPermGen: 13509K->13509K(21504K)], 0.0509080 secs] [Times: user=0.35 sys=0.00, real=0.05 secs] 
221.170: Total time for which application threads were stopped: 0.0513700 seconds, Stopping threads took: 0.0000760 seconds
221.170: Application time: 0.0001080 seconds
221.171: [Full GC [PSYoungGen: 69120K->69105K(80384K)] [ParOldGen: 182762K->182762K(182784K)] 251882K->251867K(263168K) [PSPermGen: 13509K->13509K(21504K)], 0.0505470 secs] [Times: user=0.34 sys=0.00, real=0.05 secs] 
221.221: Total time for which application threads were stopped: 0.0509560 seconds, Stopping threads took: 0.0000250 seconds
221.221: Application time: 0.0000890 seconds
221.222: [Full GC [PSYoungGen: 69115K->69101K(80384K)] [ParOldGen: 182762K->182761K(182784K)] 251877K->251863K(263168K) [PSPermGen: 13509K->13509K(21504K)], 0.0552210 secs] [Times: user=0.39 sys=0.00, real=0.06 secs] 
221.277: Total time for which application threads were stopped: 0.0556470 seconds, Stopping threads took: 0.0000410 seconds
221.277: Application time: 0.0000900 seconds
221.277: [Full GC [PSYoungGen: 69120K->69101K(80384K)] [ParOldGen: 182761K->182761K(182784K)] 251881K->251863K(263168K) [PSPermGen: 13509K->13509K(21504K)], 0.0546840 secs] [Times: user=0.38 sys=0.00, real=0.05 secs] 
221.332: Total time for which application threads were stopped: 0.0550680 seconds, Stopping threads took: 0.0000070 seconds
221.332: Application time: 0.0001930 seconds
221.333: [Full GC [PSYoungGen: 69113K->69104K(80384K)] [ParOldGen: 182761K->182761K(182784K)] 251875K->251866K(263168K) [PSPermGen: 13509K->13509K(21504K)], 0.0547660 secs] [Times: user=0.38 sys=0.00, real=0.05 secs] 
221.387: Total time for which application threads were stopped: 0.0551890 seconds, Stopping threads took: 0.0000330 seconds
221.388: Application time: 0.0001710 seconds
221.388: [Full GC [PSYoungGen: 69120K->69116K(80384K)] [ParOldGen: 182761K->182761K(182784K)] 251881K->251878K(263168K) [PSPermGen: 13509K->13509K(21504K)], 0.0506710 secs] [Times: user=0.35 sys=0.00, real=0.06 secs] 
221.439: Total time for which application threads were stopped: 0.0510790 seconds, Stopping threads took: 0.0000170 seconds
221.439: Application time: 0.0000690 seconds
221.439: [Full GC [PSYoungGen: 69120K->69107K(80384K)] [ParOldGen: 182761K->182761K(182784K)] 251881K->251869K(263168K) [PSPermGen: 13509K->13509K(21504K)], 0.0552650 secs] [Times: user=0.39 sys=0.00, real=0.05 secs] 
221.494: Total time for which application threads were stopped: 0.0557010 seconds, Stopping threads took: 0.0000530 seconds
221.495: Application time: 0.0001370 seconds
221.495: [Full GC [PSYoungGen: 69120K->69094K(80384K)] [ParOldGen: 182761K->182761K(182784K)] 251881K->251856K(263168K) [PSPermGen: 13509K->13509K(21504K)], 0.0551390 secs] [Times: user=0.38 sys=0.00, real=0.06 secs] 
221.550: Total time for which application threads were stopped: 0.0555710 seconds, Stopping threads took: 0.0000290 seconds
221.550: Application time: 0.0000640 seconds
221.551: [Full GC [PSYoungGen: 69120K->69095K(80384K)] [ParOldGen: 182761K->182761K(182784K)] 251881K->251857K(263168K) [PSPermGen: 13509K->13509K(21504K)], 0.0508650 secs] [Times: user=0.35 sys=0.01, real=0.05 secs] 
221.602: Total time for which application threads were stopped: 0.0512880 seconds, Stopping threads took: 0.0000430 seconds
221.602: Application time: 0.0002150 seconds
221.602: [Full GC [PSYoungGen: 69120K->69097K(80384K)] [ParOldGen: 182761K->182761K(182784K)] 251881K->251858K(263168K) [PSPermGen: 13509K->13509K(21504K)], 0.0553600 secs] [Times: user=0.39 sys=0.00, real=0.06 secs] 
221.658: Total time for which application threads were stopped: 0.0557850 seconds, Stopping threads took: 0.0000470 seconds
221.658: Application time: 0.0000690 seconds
221.658: Total time for which application threads were stopped: 0.0003410 seconds, Stopping threads took: 0.0000340 seconds
221.658: Application time: 0.0001160 seconds
221.658: Total time for which application threads were stopped: 0.0000870 seconds, Stopping threads took: 0.0000430 seconds
221.658: Application time: 0.0000310 seconds
221.658: [Full GC [PSYoungGen: 69120K->69094K(80384K)] [ParOldGen: 182761K->182761K(182784K)] 251881K->251856K(263168K) [PSPermGen: 13509K->13509K(21504K)], 0.0561250 secs] [Times: user=0.39 sys=0.00, real=0.05 secs] 
221.714: Total time for which application threads were stopped: 0.0562650 seconds, Stopping threads took: 0.0000190 seconds
221.715: Application time: 0.0001300 seconds
221.715: [Full GC [PSYoungGen: 69120K->69105K(80384K)] [ParOldGen: 182761K->182756K(182784K)] 251881K->251862K(263168K) [PSPermGen: 13509K->13509K(21504K)], 0.0561490 secs] [Times: user=0.39 sys=0.00, real=0.06 secs] 
221.771: Total time for which application threads were stopped: 0.0565770 seconds, Stopping threads took: 0.0000520 seconds
221.771: Application time: 0.0001110 seconds
221.772: [Full GC [PSYoungGen: 69120K->69103K(80384K)] [ParOldGen: 182756K->182756K(182784K)] 251876K->251859K(263168K) [PSPermGen: 13509K->13509K(21504K)], 0.0558590 secs] [Times: user=0.39 sys=0.00, real=0.05 secs] 
221.828: Total time for which application threads were stopped: 0.0562740 seconds, Stopping threads took: 0.0000310 seconds
221.828: Application time: 0.0000970 seconds
221.828: [Full GC [PSYoungGen: 69120K->69100K(80384K)] [ParOldGen: 182756K->182756K(182784K)] 251876K->251857K(263168K) [PSPermGen: 13509K->13509K(21504K)], 0.0563190 secs] [Times: user=0.39 sys=0.00, real=0.06 secs] 
221.884: Total time for which application threads were stopped: 0.0567470 seconds, Stopping threads took: 0.0000480 seconds
221.884: Application time: 0.0000630 seconds
221.885: [Full GC [PSYoungGen: 69107K->69100K(80384K)] [ParOldGen: 182756K->182756K(182784K)] 251864K->251857K(263168K) [PSPermGen: 13509K->13509K(21504K)], 0.0560260 secs] [Times: user=0.39 sys=0.00, real=0.06 secs] 
221.941: Total time for which application threads were stopped: 0.0565140 seconds, Stopping threads took: 0.0000330 seconds
221.941: Application time: 0.0001530 seconds
221.941: [Full GC [PSYoungGen: 69120K->69087K(80384K)] [ParOldGen: 182782K->182777K(182784K)] 251902K->251864K(263168K) [PSPermGen: 13509K->13509K(21504K)], 0.0555560 secs] [Times: user=0.39 sys=0.00, real=0.06 secs] 
221.997: Total time for which application threads were stopped: 0.0559530 seconds, Stopping threads took: 0.0000220 seconds
221.997: Application time: 0.0001600 seconds
221.998: [Full GC [PSYoungGen: 69120K->69073K(80384K)] [ParOldGen: 182777K->182777K(182784K)] 251897K->251850K(263168K) [PSPermGen: 13509K->13509K(21504K)], 0.0559090 secs] [Times: user=0.39 sys=0.00, real=0.05 secs] 
222.054: Total time for which application threads were stopped: 0.0563470 seconds, Stopping threads took: 0.0000270 seconds
222.054: Application time: 0.0000430 seconds
222.054: [Full GC [PSYoungGen: 69073K->69073K(80384K)] [ParOldGen: 182777K->182777K(182784K)] 251851K->251851K(263168K) [PSPermGen: 13509K->13509K(21504K)], 0.0536580 secs] [Times: user=0.37 sys=0.01, real=0.05 secs] 
222.108: Total time for which application threads were stopped: 0.0541450 seconds, Stopping threads took: 0.0000870 seconds
222.108: Application time: 0.0003390 seconds
222.108: Total time for which application threads were stopped: 0.0003460 seconds, Stopping threads took: 0.0000440 seconds
222.109: Application time: 0.0001310 seconds
222.109: [Full GC [PSYoungGen: 69113K->69035K(80384K)] [ParOldGen: 182777K->182777K(182784K)] 251890K->251812K(263168K) [PSPermGen: 13509K->13509K(21504K)], 0.0562120 secs] [Times: user=0.39 sys=0.00, real=0.05 secs] 
222.165: Total time for which application threads were stopped: 0.0563460 seconds, Stopping threads took: 0.0000190 seconds
222.165: Application time: 0.0000280 seconds
222.165: [Full GC [PSYoungGen: 69063K->69061K(80384K)] [ParOldGen: 182777K->182777K(182784K)] 251840K->251839K(263168K) [PSPermGen: 13509K->13509K(21504K)], 0.0519790 secs] [Times: user=0.36 sys=0.00, real=0.06 secs] 
222.217: Total time for which application threads were stopped: 0.0523930 seconds, Stopping threads took: 0.0000290 seconds
222.218: Application time: 0.0001940 seconds
222.218: Total time for which application threads were stopped: 0.0003520 seconds, Stopping threads took: 0.0000470 seconds
222.218: Application time: 0.0001490 seconds
222.218: [Full GC [PSYoungGen: 69108K->69082K(80384K)] [ParOldGen: 182777K->182777K(182784K)] 251885K->251860K(263168K) [PSPermGen: 13509K->13509K(21504K)], 0.0577630 secs] [Times: user=0.40 sys=0.00, real=0.05 secs] 
222.276: Total time for which application threads were stopped: 0.0579130 seconds, Stopping threads took: 0.0000330 seconds
222.276: Application time: 0.0000610 seconds
222.276: [Full GC [PSYoungGen: 69098K->69098K(80384K)] [ParOldGen: 182777K->182777K(182784K)] 251876K->251876K(263168K) [PSPermGen: 13509K->13509K(21504K)], 0.0517170 secs] [Times: user=0.36 sys=0.00, real=0.05 secs] 
222.328: Total time for which application threads were stopped: 0.0521400 seconds, Stopping threads took: 0.0000370 seconds
222.328: Application time: 0.0002100 seconds
222.329: [Full GC [PSYoungGen: 69112K->69080K(80384K)] [ParOldGen: 182777K->182777K(182784K)] 251889K->251857K(263168K) [PSPermGen: 13509K->13509K(21504K)], 0.0512900 secs] [Times: user=0.36 sys=0.00, real=0.05 secs] 
222.380: Total time for which application threads were stopped: 0.0517480 seconds, Stopping threads took: 0.0000700 seconds
222.380: Application time: 0.0002590 seconds
222.381: [Full GC [PSYoungGen: 69114K->69107K(80384K)] [ParOldGen: 182777K->182777K(182784K)] 251891K->251885K(263168K) [PSPermGen: 13509K->13509K(21504K)], 0.0590540 secs] [Times: user=0.41 sys=0.00, real=0.06 secs] 
222.440: [Full GC [PSYoungGen: 69107K->69094K(80384K)] [ParOldGen: 182777K->182774K(182784K)] 251885K->251868K(263168K) [PSPermGen: 13509K->13509K(21504K)], 0.0507350 secs] [Times: user=0.36 sys=0.00, real=0.05 secs] 
222.491: Total time for which application threads were stopped: 0.1102580 seconds, Stopping threads took: 0.0000240 seconds
222.491: Application time: 0.0000600 seconds
222.491: [Full GC [PSYoungGen: 69112K->69110K(80384K)] [ParOldGen: 182774K->182774K(182784K)] 251886K->251884K(263168K) [PSPermGen: 13509K->13509K(21504K)], 0.0505010 secs] [Times: user=0.35 sys=0.00, real=0.05 secs] 
222.542: Total time for which application threads were stopped: 0.0509720 seconds, Stopping threads took: 0.0000460 seconds
222.542: Application time: 0.0000890 seconds
222.542: Total time for which application threads were stopped: 0.0003500 seconds, Stopping threads took: 0.0000280 seconds
222.542: Application time: 0.0001710 seconds
222.542: Total time for which application threads were stopped: 0.0001490 seconds, Stopping threads took: 0.0000810 seconds
222.543: Application time: 0.0000370 seconds
222.543: Total time for which application threads were stopped: 0.0000720 seconds, Stopping threads took: 0.0000340 seconds
222.543: Application time: 0.0000320 seconds
222.543: Total time for which application threads were stopped: 0.0000530 seconds, Stopping threads took: 0.0000140 seconds
222.543: Application time: 0.0000300 seconds
222.543: Total time for which application threads were stopped: 0.0000500 seconds, Stopping threads took: 0.0000120 seconds
222.543: Application time: 0.0000360 seconds
222.543: Total time for which application threads were stopped: 0.0000790 seconds, Stopping threads took: 0.0000400 seconds
222.543: Application time: 0.0000310 seconds
222.543: Total time for which application threads were stopped: 0.0000600 seconds, Stopping threads took: 0.0000220 seconds
222.543: Application time: 0.0000150 seconds
222.543: [Full GC [PSYoungGen: 69120K->69106K(80384K)] [ParOldGen: 182781K->182776K(182784K)] 251901K->251882K(263168K) [PSPermGen: 13509K->13509K(21504K)], 0.0564280 secs] [Times: user=0.39 sys=0.00, real=0.06 secs] 
222.600: Total time for which application threads were stopped: 0.0565510 seconds, Stopping threads took: 0.0000050 seconds
222.600: Application time: 0.0000930 seconds
222.600: [Full GC [PSYoungGen: 69120K->69105K(80384K)] [ParOldGen: 182776K->182776K(182784K)] 251896K->251881K(263168K) [PSPermGen: 13509K->13509K(21504K)], 0.0555260 secs] [Times: user=0.39 sys=0.00, real=0.05 secs] 
222.656: Total time for which application threads were stopped: 0.0559490 seconds, Stopping threads took: 0.0000420 seconds
222.656: Application time: 0.0000860 seconds
222.656: Total time for which application threads were stopped: 0.0003650 seconds, Stopping threads took: 0.0000590 seconds
222.656: Application time: 0.0000400 seconds
222.656: Total time for which application threads were stopped: 0.0000620 seconds, Stopping threads took: 0.0000220 seconds
222.656: Application time: 0.0000380 seconds
222.656: Total time for which application threads were stopped: 0.0000580 seconds, Stopping threads took: 0.0000190 seconds
222.656: Application time: 0.0000360 seconds
222.656: Total time for which application threads were stopped: 0.0000630 seconds, Stopping threads took: 0.0000140 seconds
222.656: Application time: 0.0000300 seconds
222.656: Total time for which application threads were stopped: 0.0000540 seconds, Stopping threads took: 0.0000140 seconds
222.656: Application time: 0.0000150 seconds
222.656: Total time for which application threads were stopped: 0.0000550 seconds, Stopping threads took: 0.0000160 seconds
222.657: Application time: 0.0000140 seconds
222.657: Total time for which application threads were stopped: 0.0000550 seconds, Stopping threads took: 0.0000160 seconds
222.657: Application time: 0.0000210 seconds
222.657: Total time for which application threads were stopped: 0.0000600 seconds, Stopping threads took: 0.0000200 seconds
222.657: Application time: 0.0000170 seconds
222.657: Total time for which application threads were stopped: 0.0000580 seconds, Stopping threads took: 0.0000190 seconds
222.657: Application time: 0.0000140 seconds
222.657: Total time for which application threads were stopped: 0.0000560 seconds, Stopping threads took: 0.0000160 seconds
222.657: Application time: 0.0000140 seconds
222.657: Total time for which application threads were stopped: 0.0000550 seconds, Stopping threads took: 0.0000150 seconds
222.657: Application time: 0.0000150 seconds
222.657: Total time for which application threads were stopped: 0.0000590 seconds, Stopping threads took: 0.0000190 seconds
222.657: Application time: 0.0000140 seconds
222.657: Total time for which application threads were stopped: 0.0000910 seconds, Stopping threads took: 0.0000130 seconds
222.657: Application time: 0.0000390 seconds
222.657: [Full GC [PSYoungGen: 69120K->69094K(80384K)] [ParOldGen: 182776K->182775K(182784K)] 251896K->251870K(263168K) [PSPermGen: 13510K->13510K(21504K)], 0.1217920 secs] [Times: user=0.88 sys=0.00, real=0.12 secs] 
222.779: Total time for which application threads were stopped: 0.1219240 seconds, Stopping threads took: 0.0000140 seconds
222.779: Application time: 0.0000460 seconds
222.779: [Full GC [PSYoungGen: 69096K->69094K(80384K)] [ParOldGen: 182775K->182775K(182784K)] 251872K->251870K(263168K) [PSPermGen: 13510K->13510K(21504K)], 0.0522300 secs] [Times: user=0.37 sys=0.00, real=0.05 secs] 
222.832: Total time for which application threads were stopped: 0.0526410 seconds, Stopping threads took: 0.0000280 seconds
222.832: Application time: 0.0002340 seconds
222.832: Total time for which application threads were stopped: 0.0004100 seconds, Stopping threads took: 0.0000750 seconds
222.832: Application time: 0.0001370 seconds
222.833: Total time for which application threads were stopped: 0.0000660 seconds, Stopping threads took: 0.0000200 seconds
222.833: Application time: 0.0000960 seconds
222.833: [Full GC [PSYoungGen: 69120K->69093K(80384K)] [ParOldGen: 182775K->182775K(182784K)] 251895K->251869K(263168K) [PSPermGen: 13510K->13510K(21504K)], 0.0580070 secs] [Times: user=0.40 sys=0.00, real=0.06 secs] 
222.891: Total time for which application threads were stopped: 0.0581390 seconds, Stopping threads took: 0.0000180 seconds
222.891: Application time: 0.0000410 seconds
222.891: [Full GC [PSYoungGen: 69093K->69093K(80384K)] [ParOldGen: 182775K->182775K(182784K)] 251869K->251869K(263168K) [PSPermGen: 13510K->13510K(21504K)], 0.0505790 secs] [Times: user=0.35 sys=0.00, real=0.05 secs] 
222.942: Total time for which application threads were stopped: 0.0509880 seconds, Stopping threads took: 0.0000380 seconds
222.942: Application time: 0.0004000 seconds
222.943: [Full GC [PSYoungGen: 69120K->69079K(80384K)] [ParOldGen: 182775K->182775K(182784K)] 251895K->251855K(263168K) [PSPermGen: 13510K->13510K(21504K)], 0.0505150 secs] [Times: user=0.35 sys=0.00, real=0.05 secs] 
222.993: Total time for which application threads were stopped: 0.0509480 seconds, Stopping threads took: 0.0000230 seconds
222.993: Application time: 0.0003250 seconds
222.994: [Full GC [PSYoungGen: 69120K->68935K(80384K)] [ParOldGen: 182775K->182774K(182784K)] 251895K->251709K(263168K) [PSPermGen: 13510K->13510K(21504K)], 0.0559050 secs] [Times: user=0.39 sys=0.00, real=0.06 secs] 
223.050: Total time for which application threads were stopped: 0.0563060 seconds, Stopping threads took: 0.0000290 seconds
223.050: Application time: 0.0005500 seconds
223.051: [Full GC [PSYoungGen: 69120K->69058K(80384K)] [ParOldGen: 182774K->182774K(182784K)] 251894K->251832K(263168K) [PSPermGen: 13510K->13510K(21504K)], 0.0912740 secs] [Times: user=0.66 sys=0.00, real=0.09 secs] 
223.142: Total time for which application threads were stopped: 0.0917000 seconds, Stopping threads took: 0.0000450 seconds
223.142: Application time: 0.0003190 seconds
223.143: Total time for which application threads were stopped: 0.0003360 seconds, Stopping threads took: 0.0000370 seconds
223.143: Application time: 0.0002870 seconds
223.143: [Full GC [PSYoungGen: 69115K->69024K(80384K)] [ParOldGen: 182774K->182774K(182784K)] 251889K->251799K(263168K) [PSPermGen: 13510K->13510K(21504K)], 0.0558220 secs] [Times: user=0.38 sys=0.00, real=0.06 secs] 
223.199: Total time for which application threads were stopped: 0.0559710 seconds, Stopping threads took: 0.0000330 seconds
223.199: Application time: 0.0001580 seconds
223.200: Total time for which application threads were stopped: 0.0004390 seconds, Stopping threads took: 0.0001130 seconds
223.200: Application time: 0.0000940 seconds
223.200: [Full GC [PSYoungGen: 69114K->68973K(80384K)] [ParOldGen: 182774K->182774K(182784K)] 251889K->251747K(263168K) [PSPermGen: 13510K->13510K(21504K)], 0.0566410 secs] [Times: user=0.39 sys=0.00, real=0.05 secs] 
223.256: Total time for which application threads were stopped: 0.0567710 seconds, Stopping threads took: 0.0000130 seconds
223.257: Application time: 0.0002090 seconds
223.257: Total time for which application threads were stopped: 0.0003650 seconds, Stopping threads took: 0.0000510 seconds
223.257: Application time: 0.0000430 seconds
223.257: Total time for which application threads were stopped: 0.0000670 seconds, Stopping threads took: 0.0000220 seconds
223.257: Application time: 0.0002990 seconds
223.257: Total time for which application threads were stopped: 0.0000570 seconds, Stopping threads took: 0.0000140 seconds
223.258: Application time: 0.0002850 seconds
223.258: Total time for which application threads were stopped: 0.0000530 seconds, Stopping threads took: 0.0000130 seconds
Heap
 PSYoungGen      total 80384K, used 69120K [0x00000000fa680000, 0x0000000100000000, 0x0000000100000000)
  eden space 69120K, 100% used [0x00000000fa680000,0x00000000fea00000,0x00000000fea00000)
  from space 11264K, 0% used [0x00000000fea00000,0x00000000fea00000,0x00000000ff500000)
  to   space 11264K, 0% used [0x00000000ff500000,0x00000000ff500000,0x0000000100000000)
 ParOldGen       total 182784K, used 182774K [0x00000000ef400000, 0x00000000fa680000, 0x00000000fa680000)
  object space 182784K, 99% used [0x00000000ef400000,0x00000000fa67d880,0x00000000fa680000)
 PSPermGen       total 21504K, used 13516K [0x00000000ea200000, 0x00000000eb700000, 0x00000000ef400000)
  object space 21504K, 62% used [0x00000000ea200000,0x00000000eaf332f0,0x00000000eb700000)
223.258: Application time: 0.0001980 seconds
