Java HotSpot(TM) 64-Bit Server VM (24.80-b11) for linux-amd64 JRE (1.7.0_80-b15), built on Apr 10 2015 19:53:14 by "java_re" with gcc 4.3.0 20080428 (Red Hat 4.3.0-8)
Memory: 4k page, physical 8000092k(6397472k free), swap 8218620k(8218620k free)
CommandLine flags: -XX:InitialHeapSize=27246592 -XX:MaxHeapSize=27246592 -XX:+PrintGC -XX:+PrintGCApplicationConcurrentTime -XX:+PrintGCApplicationStoppedTime -XX:+PrintGCDetails -XX:+PrintGCTimeStamps -XX:-UseAdaptiveSizePolicy -XX:+UseCompressedOops -XX:+UseParallelGC -XX:+UseParallelOldGC 
1.007: Application time: 0.9864570 seconds
1.007: Total time for which application threads were stopped: 0.0000450 seconds, Stopping threads took: 0.0000120 seconds
4.026: Application time: 3.0188900 seconds
4.026: Total time for which application threads were stopped: 0.0000700 seconds, Stopping threads took: 0.0000120 seconds
14.978: Application time: 10.9522350 seconds
14.979: Total time for which application threads were stopped: 0.0000220 seconds, Stopping threads took: 0.0000080 seconds
14.979: Application time: 0.0000150 seconds
14.979: Total time for which application threads were stopped: 0.0000080 seconds, Stopping threads took: 0.0000030 seconds
14.980: Application time: 0.0013930 seconds
14.980: Total time for which application threads were stopped: 0.0000090 seconds, Stopping threads took: 0.0000040 seconds
14.986: Application time: 0.0062900 seconds
14.986: [GC [PSYoungGen: 7125K->1015K(8192K)] 7125K->2911K(26112K), 0.0020700 secs] [Times: user=0.00 sys=0.01, real=0.00 secs] 
14.988: Total time for which application threads were stopped: 0.0021560 seconds, Stopping threads took: 0.0000180 seconds
14.989: Application time: 0.0001150 seconds
14.989: Total time for which application threads were stopped: 0.0000710 seconds, Stopping threads took: 0.0000600 seconds
14.989: Application time: 0.0000920 seconds
14.989: Total time for which application threads were stopped: 0.0000290 seconds, Stopping threads took: 0.0000220 seconds
14.989: Application time: 0.0000540 seconds
14.989: Total time for which application threads were stopped: 0.0000370 seconds, Stopping threads took: 0.0000320 seconds
14.989: Application time: 0.0000610 seconds
14.989: Total time for which application threads were stopped: 0.0000200 seconds, Stopping threads took: 0.0000150 seconds
14.989: Application time: 0.0000150 seconds
14.989: Total time for which application threads were stopped: 0.0000170 seconds, Stopping threads took: 0.0000120 seconds
14.989: Application time: 0.0000150 seconds
14.989: Total time for which application threads were stopped: 0.0000180 seconds, Stopping threads took: 0.0000130 seconds
14.989: Application time: 0.0000130 seconds
14.989: Total time for which application threads were stopped: 0.0000180 seconds, Stopping threads took: 0.0000130 seconds
14.989: Application time: 0.0000250 seconds
14.989: Total time for which application threads were stopped: 0.0000240 seconds, Stopping threads took: 0.0000190 seconds
14.989: Application time: 0.0000650 seconds
14.989: Total time for which application threads were stopped: 0.0000210 seconds, Stopping threads took: 0.0000170 seconds
14.989: Application time: 0.0000110 seconds
14.989: Total time for which application threads were stopped: 0.0000160 seconds, Stopping threads took: 0.0000110 seconds
14.989: Application time: 0.0000100 seconds
14.989: Total time for which application threads were stopped: 0.0000090 seconds, Stopping threads took: 0.0000050 seconds
14.989: Application time: 0.0000120 seconds
14.989: Total time for which application threads were stopped: 0.0000090 seconds, Stopping threads took: 0.0000050 seconds
14.989: Application time: 0.0000120 seconds
14.989: Total time for which application threads were stopped: 0.0000180 seconds, Stopping threads took: 0.0000130 seconds
14.989: Application time: 0.0000100 seconds
14.989: Total time for which application threads were stopped: 0.0000100 seconds, Stopping threads took: 0.0000050 seconds
14.989: Application time: 0.0000110 seconds
14.989: Total time for which application threads were stopped: 0.0000100 seconds, Stopping threads took: 0.0000060 seconds
14.989: Application time: 0.0000100 seconds
14.989: Total time for which application threads were stopped: 0.0000190 seconds, Stopping threads took: 0.0000140 seconds
14.989: Application time: 0.0000100 seconds
14.989: Total time for which application threads were stopped: 0.0000150 seconds, Stopping threads took: 0.0000100 seconds
14.989: Application time: 0.0000100 seconds
14.989: Total time for which application threads were stopped: 0.0000160 seconds, Stopping threads took: 0.0000120 seconds
14.989: Application time: 0.0000110 seconds
14.989: Total time for which application threads were stopped: 0.0000170 seconds, Stopping threads took: 0.0000130 seconds
14.989: Application time: 0.0000100 seconds
14.989: Total time for which application threads were stopped: 0.0000340 seconds, Stopping threads took: 0.0000150 seconds
14.989: Application time: 0.0000130 seconds
14.989: Total time for which application threads were stopped: 0.0000100 seconds, Stopping threads took: 0.0000050 seconds
15.002: Application time: 0.0129520 seconds
15.002: Total time for which application threads were stopped: 0.0000370 seconds, Stopping threads took: 0.0000100 seconds
15.014: Application time: 0.0119120 seconds
15.014: [GC [PSYoungGen: 3057K->1018K(8192K)] 4953K->3250K(26112K), 0.0010460 secs] [Times: user=0.01 sys=0.00, real=0.00 secs] 
15.015: [Full GC [PSYoungGen: 1018K->0K(8192K)] [ParOldGen: 2231K->2340K(17920K)] 3250K->2340K(26112K) [PSPermGen: 5075K->5074K(21504K)], 0.0156040 secs] [Times: user=0.07 sys=0.00, real=0.02 secs] 
15.031: Total time for which application threads were stopped: 0.0167520 seconds, Stopping threads took: 0.0000050 seconds
15.031: Application time: 0.0000320 seconds
15.031: [GC [PSYoungGen: 0K->0K(8192K)] 2340K->2340K(26112K), 0.0002710 secs] [Times: user=0.00 sys=0.00, real=0.00 secs] 
15.031: [Full GC [PSYoungGen: 0K->0K(8192K)] [ParOldGen: 2340K->2340K(17920K)] 2340K->2340K(26112K) [PSPermGen: 5074K->5074K(21504K)], 0.0043000 secs] [Times: user=0.02 sys=0.01, real=0.00 secs] 
15.036: Total time for which application threads were stopped: 0.0046690 seconds, Stopping threads took: 0.0000160 seconds
15.036: Application time: 0.0000400 seconds
15.036: Total time for which application threads were stopped: 0.0000280 seconds, Stopping threads took: 0.0000210 seconds
15.036: Application time: 0.0000130 seconds
15.036: Total time for which application threads were stopped: 0.0000150 seconds, Stopping threads took: 0.0000110 seconds
15.036: Application time: 0.0000120 seconds
15.036: Total time for which application threads were stopped: 0.0000130 seconds, Stopping threads took: 0.0000090 seconds
15.036: Application time: 0.0000120 seconds
15.036: Total time for which application threads were stopped: 0.0000180 seconds, Stopping threads took: 0.0000150 seconds
15.036: Application time: 0.0000110 seconds
15.036: Total time for which application threads were stopped: 0.0000150 seconds, Stopping threads took: 0.0000110 seconds
15.036: Application time: 0.0000110 seconds
15.036: Total time for which application threads were stopped: 0.0000130 seconds, Stopping threads took: 0.0000090 seconds
15.036: Application time: 0.0000110 seconds
15.036: Total time for which application threads were stopped: 0.0000190 seconds, Stopping threads took: 0.0000160 seconds
15.036: Application time: 0.0000110 seconds
15.036: Total time for which application threads were stopped: 0.0000130 seconds, Stopping threads took: 0.0000100 seconds
15.036: Application time: 0.0000130 seconds
15.036: Total time for which application threads were stopped: 0.0000130 seconds, Stopping threads took: 0.0000090 seconds
15.036: Application time: 0.0000110 seconds
15.036: Total time for which application threads were stopped: 0.0000140 seconds, Stopping threads took: 0.0000100 seconds
15.036: Application time: 0.0000100 seconds
15.036: Total time for which application threads were stopped: 0.0000130 seconds, Stopping threads took: 0.0000090 seconds
15.036: Application time: 0.0000100 seconds
15.036: Total time for which application threads were stopped: 0.0000140 seconds, Stopping threads took: 0.0000100 seconds
15.036: Application time: 0.0000110 seconds
15.036: Total time for which application threads were stopped: 0.0000120 seconds, Stopping threads took: 0.0000090 seconds
15.036: Application time: 0.0000110 seconds
15.036: Total time for which application threads were stopped: 0.0000090 seconds, Stopping threads took: 0.0000050 seconds
15.036: Application time: 0.0000100 seconds
15.036: Total time for which application threads were stopped: 0.0000160 seconds, Stopping threads took: 0.0000120 seconds
15.036: Application time: 0.0000100 seconds
15.036: Total time for which application threads were stopped: 0.0000140 seconds, Stopping threads took: 0.0000100 seconds
15.036: Application time: 0.0000100 seconds
15.036: Total time for which application threads were stopped: 0.0000120 seconds, Stopping threads took: 0.0000080 seconds
15.036: Application time: 0.0000110 seconds
15.036: Total time for which application threads were stopped: 0.0000170 seconds, Stopping threads took: 0.0000130 seconds
15.036: Application time: 0.0000100 seconds
15.036: Total time for which application threads were stopped: 0.0000170 seconds, Stopping threads took: 0.0000040 seconds
15.142: Application time: 0.1056340 seconds
15.142: Total time for which application threads were stopped: 0.0000870 seconds, Stopping threads took: 0.0000610 seconds
15.142: Application time: 0.0001730 seconds
15.142: Total time for which application threads were stopped: 0.0000810 seconds, Stopping threads took: 0.0000730 seconds
15.143: Application time: 0.0006400 seconds
15.143: Total time for which application threads were stopped: 0.0000190 seconds, Stopping threads took: 0.0000100 seconds
15.148: Application time: 0.0054570 seconds
15.149: Total time for which application threads were stopped: 0.0000550 seconds, Stopping threads took: 0.0000410 seconds
15.149: Application time: 0.0009360 seconds
15.150: Total time for which application threads were stopped: 0.0000800 seconds, Stopping threads took: 0.0000680 seconds
15.155: Application time: 0.0050530 seconds
15.155: Total time for which application threads were stopped: 0.0000200 seconds, Stopping threads took: 0.0000080 seconds
15.157: Application time: 0.0018910 seconds
15.157: Total time for which application threads were stopped: 0.0000560 seconds, Stopping threads took: 0.0000420 seconds
15.164: Application time: 0.0070750 seconds
15.164: Total time for which application threads were stopped: 0.0000250 seconds, Stopping threads took: 0.0000110 seconds
15.164: Application time: 0.0000700 seconds
15.164: Total time for which application threads were stopped: 0.0000380 seconds, Stopping threads took: 0.0000280 seconds
15.164: Application time: 0.0000510 seconds
15.164: Total time for which application threads were stopped: 0.0000180 seconds, Stopping threads took: 0.0000120 seconds
15.168: Application time: 0.0042270 seconds
15.168: Total time for which application threads were stopped: 0.0000440 seconds, Stopping threads took: 0.0000080 seconds
15.172: Application time: 0.0034590 seconds
15.172: Total time for which application threads were stopped: 0.0000440 seconds, Stopping threads took: 0.0000230 seconds
15.177: Application time: 0.0050720 seconds
15.177: [GC [PSYoungGen: 7161K->992K(8192K)] 9502K->3409K(26112K), 0.0008060 secs] [Times: user=0.00 sys=0.00, real=0.00 secs] 
15.178: Total time for which application threads were stopped: 0.0008650 seconds, Stopping threads took: 0.0000050 seconds
15.178: Application time: 0.0000790 seconds
15.178: Total time for which application threads were stopped: 0.0000270 seconds, Stopping threads took: 0.0000160 seconds
15.178: Application time: 0.0000270 seconds
15.178: Total time for which application threads were stopped: 0.0000180 seconds, Stopping threads took: 0.0000130 seconds
15.178: Application time: 0.0000150 seconds
15.178: Total time for which application threads were stopped: 0.0000130 seconds, Stopping threads took: 0.0000080 seconds
15.178: Application time: 0.0000100 seconds
15.178: Total time for which application threads were stopped: 0.0000090 seconds, Stopping threads took: 0.0000050 seconds
15.178: Application time: 0.0000150 seconds
15.178: Total time for which application threads were stopped: 0.0000160 seconds, Stopping threads took: 0.0000100 seconds
15.190: Application time: 0.0126650 seconds
15.191: Total time for which application threads were stopped: 0.0000600 seconds, Stopping threads took: 0.0000340 seconds
15.191: Application time: 0.0000720 seconds
15.191: Total time for which application threads were stopped: 0.0000310 seconds, Stopping threads took: 0.0000190 seconds
15.191: Application time: 0.0000410 seconds
15.191: Total time for which application threads were stopped: 0.0000590 seconds, Stopping threads took: 0.0000460 seconds
15.191: Application time: 0.0001880 seconds
15.191: Total time for which application threads were stopped: 0.0000160 seconds, Stopping threads took: 0.0000070 seconds
15.191: Application time: 0.0000100 seconds
15.191: Total time for which application threads were stopped: 0.0000160 seconds, Stopping threads took: 0.0000050 seconds
15.191: Application time: 0.0000120 seconds
15.191: Total time for which application threads were stopped: 0.0000200 seconds, Stopping threads took: 0.0000140 seconds
15.191: Application time: 0.0000140 seconds
15.191: Total time for which application threads were stopped: 0.0000100 seconds, Stopping threads took: 0.0000050 seconds
15.191: Application time: 0.0001540 seconds
15.191: Total time for which application threads were stopped: 0.0000080 seconds, Stopping threads took: 0.0000030 seconds
15.192: Application time: 0.0007690 seconds
15.192: Total time for which application threads were stopped: 0.0000090 seconds, Stopping threads took: 0.0000040 seconds
15.192: Application time: 0.0004060 seconds
15.192: Total time for which application threads were stopped: 0.0000220 seconds, Stopping threads took: 0.0000140 seconds
15.192: Application time: 0.0000170 seconds
15.192: Total time for which application threads were stopped: 0.0000180 seconds, Stopping threads took: 0.0000110 seconds
15.215: Application time: 0.0225920 seconds
15.215: Total time for which application threads were stopped: 0.0000400 seconds, Stopping threads took: 0.0000210 seconds
15.215: Application time: 0.0000530 seconds
15.215: Total time for which application threads were stopped: 0.0000660 seconds, Stopping threads took: 0.0000520 seconds
15.215: Application time: 0.0001110 seconds
15.215: Total time for which application threads were stopped: 0.0000530 seconds, Stopping threads took: 0.0000390 seconds
15.216: Application time: 0.0003810 seconds
15.216: Total time for which application threads were stopped: 0.0000630 seconds, Stopping threads took: 0.0000510 seconds
15.216: Application time: 0.0000470 seconds
15.216: Total time for which application threads were stopped: 0.0000460 seconds, Stopping threads took: 0.0000370 seconds
15.216: Application time: 0.0000900 seconds
15.216: Total time for which application threads were stopped: 0.0000190 seconds, Stopping threads took: 0.0000120 seconds
15.224: Application time: 0.0076120 seconds
15.224: Total time for which application threads were stopped: 0.0000480 seconds, Stopping threads took: 0.0000320 seconds
15.238: Application time: 0.0144260 seconds
15.238: [GC [PSYoungGen: 8160K->1008K(8192K)] 10577K->4660K(26112K), 0.0014890 secs] [Times: user=0.00 sys=0.00, real=0.00 secs] 
15.240: Total time for which application threads were stopped: 0.0016440 seconds, Stopping threads took: 0.0000730 seconds
15.240: Application time: 0.0006200 seconds
15.240: Total time for which application threads were stopped: 0.0000600 seconds, Stopping threads took: 0.0000410 seconds
15.240: Application time: 0.0000240 seconds
15.241: Total time for which application threads were stopped: 0.0000380 seconds, Stopping threads took: 0.0000270 seconds
15.300: Application time: 0.0593750 seconds
15.300: [GC [PSYoungGen: 8176K->976K(8192K)] 11828K->4636K(26112K), 0.0009060 secs] [Times: user=0.01 sys=0.00, real=0.00 secs] 
15.301: Total time for which application threads were stopped: 0.0010660 seconds, Stopping threads took: 0.0000700 seconds
15.349: Application time: 0.0479840 seconds
15.349: [GC [PSYoungGen: 8144K->976K(8192K)] 11804K->4636K(26112K), 0.0007860 secs] [Times: user=0.00 sys=0.00, real=0.00 secs] 
15.350: Total time for which application threads were stopped: 0.0009120 seconds, Stopping threads took: 0.0000450 seconds
15.396: Application time: 0.0458370 seconds
15.396: [GC [PSYoungGen: 8144K->976K(8192K)] 11804K->4636K(26112K), 0.0007720 secs] [Times: user=0.00 sys=0.00, real=0.00 secs] 
15.397: Total time for which application threads were stopped: 0.0008940 seconds, Stopping threads took: 0.0000460 seconds
15.441: Application time: 0.0443700 seconds
15.441: [GC [PSYoungGen: 8144K->976K(8192K)] 11804K->4636K(26112K), 0.0009280 secs] [Times: user=0.00 sys=0.00, real=0.00 secs] 
15.442: Total time for which application threads were stopped: 0.0010530 seconds, Stopping threads took: 0.0000480 seconds
15.488: Application time: 0.0463260 seconds
15.488: [GC [PSYoungGen: 8144K->976K(8192K)] 11804K->4644K(26112K), 0.0008160 secs] [Times: user=0.00 sys=0.00, real=0.01 secs] 
15.489: Total time for which application threads were stopped: 0.0009480 seconds, Stopping threads took: 0.0000650 seconds
15.535: Application time: 0.0452840 seconds
15.535: [GC [PSYoungGen: 8144K->976K(8192K)] 11812K->4644K(26112K), 0.0008510 secs] [Times: user=0.00 sys=0.00, real=0.00 secs] 
15.536: Total time for which application threads were stopped: 0.0009870 seconds, Stopping threads took: 0.0000760 seconds
15.586: Application time: 0.0508640 seconds
15.587: [GC [PSYoungGen: 8144K->992K(8192K)] 11812K->4668K(26112K), 0.0010100 secs] [Times: user=0.00 sys=0.00, real=0.00 secs] 
15.588: Total time for which application threads were stopped: 0.0017640 seconds, Stopping threads took: 0.0006870 seconds
15.633: Application time: 0.0452200 seconds
15.633: [GC [PSYoungGen: 8160K->992K(8192K)] 11836K->4676K(26112K), 0.0008400 secs] [Times: user=0.00 sys=0.01, real=0.00 secs] 
15.634: Total time for which application threads were stopped: 0.0009480 seconds, Stopping threads took: 0.0000530 seconds
15.675: Application time: 0.0409440 seconds
15.675: [GC [PSYoungGen: 8160K->976K(8192K)] 11844K->4660K(26112K), 0.0007860 secs] [Times: user=0.01 sys=0.00, real=0.00 secs] 
15.676: Total time for which application threads were stopped: 0.0008730 seconds, Stopping threads took: 0.0000380 seconds
15.720: Application time: 0.0436540 seconds
15.721: [GC [PSYoungGen: 8144K->1008K(8192K)] 11828K->4692K(26112K), 0.0008680 secs] [Times: user=0.00 sys=0.00, real=0.00 secs] 
15.722: Total time for which application threads were stopped: 0.0021050 seconds, Stopping threads took: 0.0011790 seconds
15.765: Application time: 0.0432440 seconds
15.765: [GC [PSYoungGen: 8176K->992K(8192K)] 11860K->4692K(26112K), 0.0007860 secs] [Times: user=0.00 sys=0.00, real=0.00 secs] 
15.766: Total time for which application threads were stopped: 0.0008810 seconds, Stopping threads took: 0.0000410 seconds
15.807: Application time: 0.0405430 seconds
15.807: [GC [PSYoungGen: 8160K->1008K(8192K)] 11860K->4708K(26112K), 0.0007630 secs] [Times: user=0.01 sys=0.00, real=0.00 secs] 
15.807: Total time for which application threads were stopped: 0.0008660 seconds, Stopping threads took: 0.0000490 seconds
15.849: Application time: 0.0416570 seconds
15.849: [GC [PSYoungGen: 8176K->1008K(8192K)] 11876K->4716K(26112K), 0.0007970 secs] [Times: user=0.01 sys=0.00, real=0.00 secs] 
15.850: Total time for which application threads were stopped: 0.0009040 seconds, Stopping threads took: 0.0000510 seconds
15.894: Application time: 0.0436450 seconds
15.894: [GC [PSYoungGen: 8176K->368K(8192K)] 11884K->4700K(26112K), 0.0009060 secs] [Times: user=0.00 sys=0.00, real=0.00 secs] 
15.895: Total time for which application threads were stopped: 0.0010350 seconds, Stopping threads took: 0.0000700 seconds
15.936: Application time: 0.0408110 seconds
15.936: [GC [PSYoungGen: 7536K->272K(8192K)] 11868K->4740K(26112K), 0.0005180 secs] [Times: user=0.00 sys=0.00, real=0.00 secs] 
15.936: Total time for which application threads were stopped: 0.0006270 seconds, Stopping threads took: 0.0000470 seconds
15.976: Application time: 0.0403250 seconds
15.977: [GC [PSYoungGen: 7440K->272K(8192K)] 11908K->4796K(26112K), 0.0004050 secs] [Times: user=0.00 sys=0.00, real=0.00 secs] 
15.977: Total time for which application threads were stopped: 0.0004960 seconds, Stopping threads took: 0.0000430 seconds
16.018: Application time: 0.0407220 seconds
16.018: [GC [PSYoungGen: 7440K->272K(8192K)] 11964K->4796K(26112K), 0.0004030 secs] [Times: user=0.00 sys=0.00, real=0.00 secs] 
16.018: Total time for which application threads were stopped: 0.0005150 seconds, Stopping threads took: 0.0000500 seconds
16.058: Application time: 0.0401760 seconds
16.061: [GC [PSYoungGen: 7440K->272K(8192K)] 11964K->4844K(26112K), 0.0004770 secs] [Times: user=0.00 sys=0.00, real=0.00 secs] 
16.062: Total time for which application threads were stopped: 0.0031860 seconds, Stopping threads took: 0.0026610 seconds
16.102: Application time: 0.0401230 seconds
16.102: [GC [PSYoungGen: 7440K->272K(8192K)] 12012K->4884K(26112K), 0.0003700 secs] [Times: user=0.01 sys=0.00, real=0.00 secs] 
16.102: Total time for which application threads were stopped: 0.0004650 seconds, Stopping threads took: 0.0000440 seconds
16.115: Application time: 0.0124320 seconds
16.115: Total time for which application threads were stopped: 0.0000580 seconds, Stopping threads took: 0.0000410 seconds
16.141: Application time: 0.0261270 seconds
16.141: [GC [PSYoungGen: 7440K->448K(8192K)] 12052K->5084K(26112K), 0.0005710 secs] [Times: user=0.00 sys=0.00, real=0.01 secs] 
16.142: Total time for which application threads were stopped: 0.0007680 seconds, Stopping threads took: 0.0001260 seconds
16.182: Application time: 0.0401280 seconds
16.182: [GC [PSYoungGen: 7616K->512K(8192K)] 12252K->5148K(26112K), 0.0005300 secs] [Times: user=0.00 sys=0.00, real=0.00 secs] 
16.182: Total time for which application threads were stopped: 0.0006370 seconds, Stopping threads took: 0.0000500 seconds
16.223: Application time: 0.0404360 seconds
16.223: [GC [PSYoungGen: 7680K->528K(8192K)] 12316K->5188K(26112K), 0.0004840 secs] [Times: user=0.00 sys=0.00, real=0.00 secs] 
16.223: Total time for which application threads were stopped: 0.0005770 seconds, Stopping threads took: 0.0000450 seconds
16.264: Application time: 0.0405790 seconds
16.264: [GC [PSYoungGen: 7696K->512K(8192K)] 12356K->5172K(26112K), 0.0004740 secs] [Times: user=0.00 sys=0.00, real=0.00 secs] 
16.265: Total time for which application threads were stopped: 0.0005740 seconds, Stopping threads took: 0.0000500 seconds
16.311: Application time: 0.0460120 seconds
16.311: [GC [PSYoungGen: 7680K->528K(8192K)] 12340K->5188K(26112K), 0.0004910 secs] [Times: user=0.00 sys=0.00, real=0.00 secs] 
16.311: Total time for which application threads were stopped: 0.0005940 seconds, Stopping threads took: 0.0000490 seconds
16.341: Application time: 0.0295490 seconds
16.341: Total time for which application threads were stopped: 0.0003630 seconds, Stopping threads took: 0.0003390 seconds
16.359: Application time: 0.0175270 seconds
16.359: [GC [PSYoungGen: 7696K->512K(8192K)] 12356K->5180K(26112K), 0.0005360 secs] [Times: user=0.00 sys=0.00, real=0.00 secs] 
16.359: Total time for which application threads were stopped: 0.0006710 seconds, Stopping threads took: 0.0000820 seconds
16.413: Application time: 0.0541290 seconds
16.413: [GC [PSYoungGen: 7680K->496K(8192K)] 12348K->5164K(26112K), 0.0006090 secs] [Times: user=0.00 sys=0.00, real=0.00 secs] 
16.414: Total time for which application threads were stopped: 0.0007430 seconds, Stopping threads took: 0.0000740 seconds
16.467: Application time: 0.0532260 seconds
16.467: [GC [PSYoungGen: 7664K->496K(8192K)] 12332K->5164K(26112K), 0.0006680 secs] [Times: user=0.00 sys=0.00, real=0.00 secs] 
16.468: Total time for which application threads were stopped: 0.0008190 seconds, Stopping threads took: 0.0000860 seconds
16.521: Application time: 0.0524870 seconds
16.521: [GC [PSYoungGen: 7664K->544K(8192K)] 12332K->5268K(26112K), 0.0004980 secs] [Times: user=0.00 sys=0.00, real=0.01 secs] 
16.521: Total time for which application threads were stopped: 0.0006380 seconds, Stopping threads took: 0.0000770 seconds
16.561: Application time: 0.0394280 seconds
16.561: [GC [PSYoungGen: 7712K->544K(8192K)] 12436K->5268K(26112K), 0.0004870 secs] [Times: user=0.00 sys=0.00, real=0.01 secs] 
16.561: Total time for which application threads were stopped: 0.0005840 seconds, Stopping threads took: 0.0000460 seconds
16.601: Application time: 0.0395050 seconds
16.601: [GC [PSYoungGen: 7712K->528K(8192K)] 12436K->5252K(26112K), 0.0004050 secs] [Times: user=0.00 sys=0.00, real=0.01 secs] 
16.601: Total time for which application threads were stopped: 0.0005080 seconds, Stopping threads took: 0.0000540 seconds
16.641: Application time: 0.0393390 seconds
16.641: [GC [PSYoungGen: 7696K->512K(8192K)] 12420K->5236K(26112K), 0.0004720 secs] [Times: user=0.01 sys=0.00, real=0.01 secs] 
16.641: Total time for which application threads were stopped: 0.0005730 seconds, Stopping threads took: 0.0000540 seconds
16.681: Application time: 0.0396310 seconds
16.681: [GC [PSYoungGen: 7680K->496K(8192K)] 12404K->5276K(26112K), 0.0004300 secs] [Times: user=0.00 sys=0.00, real=0.01 secs] 
16.681: Total time for which application threads were stopped: 0.0005220 seconds, Stopping threads took: 0.0000450 seconds
16.721: Application time: 0.0393210 seconds
16.721: [GC [PSYoungGen: 7664K->512K(8192K)] 12444K->5292K(26112K), 0.0004190 secs] [Times: user=0.00 sys=0.01, real=0.01 secs] 
16.721: Total time for which application threads were stopped: 0.0005060 seconds, Stopping threads took: 0.0000410 seconds
16.761: Application time: 0.0395670 seconds
16.761: [GC [PSYoungGen: 7680K->528K(8192K)] 12460K->5308K(26112K), 0.0004220 secs] [Times: user=0.00 sys=0.00, real=0.01 secs] 
16.761: Total time for which application threads were stopped: 0.0005120 seconds, Stopping threads took: 0.0000410 seconds
16.801: Application time: 0.0396230 seconds
16.805: [GC [PSYoungGen: 7696K->368K(8192K)] 12476K->5296K(26112K), 0.0004900 secs] [Times: user=0.00 sys=0.00, real=0.00 secs] 
16.806: Total time for which application threads were stopped: 0.0046440 seconds, Stopping threads took: 0.0041050 seconds
16.845: Application time: 0.0394310 seconds
16.845: [GC [PSYoungGen: 7536K->272K(8192K)] 12464K->5352K(26112K), 0.0004470 secs] [Times: user=0.00 sys=0.00, real=0.00 secs] 
16.846: Total time for which application threads were stopped: 0.0005330 seconds, Stopping threads took: 0.0000410 seconds
16.885: Application time: 0.0394210 seconds
16.885: [GC [PSYoungGen: 7440K->272K(8192K)] 12520K->5352K(26112K), 0.0003690 secs] [Times: user=0.00 sys=0.00, real=0.00 secs] 
16.885: Total time for which application threads were stopped: 0.0004740 seconds, Stopping threads took: 0.0000600 seconds
16.925: Application time: 0.0394180 seconds
16.925: [GC [PSYoungGen: 7440K->288K(8192K)] 12520K->5408K(26112K), 0.0004540 secs] [Times: user=0.00 sys=0.01, real=0.00 secs] 
16.925: Total time for which application threads were stopped: 0.0005480 seconds, Stopping threads took: 0.0000410 seconds
16.965: Application time: 0.0394280 seconds
16.965: [GC [PSYoungGen: 7456K->288K(8192K)] 12576K->5448K(26112K), 0.0004190 secs] [Times: user=0.00 sys=0.00, real=0.00 secs] 
16.965: Total time for which application threads were stopped: 0.0005100 seconds, Stopping threads took: 0.0000430 seconds
17.003: Application time: 0.0374730 seconds
17.003: [GC [PSYoungGen: 7456K->368K(8192K)] 12616K->5544K(26112K), 0.0004420 secs] [Times: user=0.00 sys=0.00, real=0.00 secs] 
17.003: Total time for which application threads were stopped: 0.0005300 seconds, Stopping threads took: 0.0000390 seconds
17.042: Application time: 0.0390390 seconds
17.042: [GC [PSYoungGen: 7536K->432K(8192K)] 12712K->5608K(26112K), 0.0004040 secs] [Times: user=0.01 sys=0.00, real=0.00 secs] 
17.043: Total time for which application threads were stopped: 0.0005090 seconds, Stopping threads took: 0.0000470 seconds
17.082: Application time: 0.0390040 seconds
17.082: [GC [PSYoungGen: 7600K->496K(8192K)] 12776K->5672K(26112K), 0.0004670 secs] [Times: user=0.00 sys=0.00, real=0.00 secs] 
17.082: Total time for which application threads were stopped: 0.0005630 seconds, Stopping threads took: 0.0000440 seconds
17.122: Application time: 0.0395960 seconds
17.122: [GC [PSYoungGen: 7664K->480K(8192K)] 12840K->5656K(26112K), 0.0004380 secs] [Times: user=0.00 sys=0.00, real=0.00 secs] 
17.123: Total time for which application threads were stopped: 0.0005310 seconds, Stopping threads took: 0.0000470 seconds
17.162: Application time: 0.0393910 seconds
17.162: [GC [PSYoungGen: 7648K->544K(8192K)] 12824K->5720K(26112K), 0.0004510 secs] [Times: user=0.01 sys=0.00, real=0.00 secs] 
17.163: Total time for which application threads were stopped: 0.0005460 seconds, Stopping threads took: 0.0000480 seconds
17.202: Application time: 0.0394120 seconds
17.202: [GC [PSYoungGen: 7712K->512K(8192K)] 12888K->5688K(26112K), 0.0004430 secs] [Times: user=0.00 sys=0.00, real=0.00 secs] 
17.202: Total time for which application threads were stopped: 0.0005350 seconds, Stopping threads took: 0.0000460 seconds
17.243: Application time: 0.0402710 seconds
17.243: [GC [PSYoungGen: 7680K->512K(8192K)] 12856K->5688K(26112K), 0.0004300 secs] [Times: user=0.00 sys=0.00, real=0.00 secs] 
17.243: Total time for which application threads were stopped: 0.0005300 seconds, Stopping threads took: 0.0000530 seconds
17.283: Application time: 0.0393660 seconds
17.283: [GC [PSYoungGen: 7680K->512K(8192K)] 12856K->5688K(26112K), 0.0004280 secs] [Times: user=0.01 sys=0.00, real=0.00 secs] 
17.283: Total time for which application threads were stopped: 0.0005190 seconds, Stopping threads took: 0.0000430 seconds
17.323: Application time: 0.0397770 seconds
17.323: [GC [PSYoungGen: 7680K->480K(8192K)] 12856K->5656K(26112K), 0.0004550 secs] [Times: user=0.01 sys=0.00, real=0.00 secs] 
17.324: Total time for which application threads were stopped: 0.0005530 seconds, Stopping threads took: 0.0000480 seconds
17.365: Application time: 0.0415400 seconds
17.367: [GC [PSYoungGen: 7648K->512K(8192K)] 12824K->5688K(26112K), 0.0005960 secs] [Times: user=0.00 sys=0.00, real=0.00 secs] 
17.367: Total time for which application threads were stopped: 0.0023430 seconds, Stopping threads took: 0.0016890 seconds
17.409: Application time: 0.0420000 seconds
17.409: [GC [PSYoungGen: 7680K->528K(8192K)] 12856K->5704K(26112K), 0.0005490 secs] [Times: user=0.00 sys=0.00, real=0.00 secs] 
17.410: Total time for which application threads were stopped: 0.0006560 seconds, Stopping threads took: 0.0000530 seconds
17.449: Application time: 0.0388520 seconds
17.449: [GC [PSYoungGen: 7696K->480K(8192K)] 12872K->5656K(26112K), 0.0004510 secs] [Times: user=0.00 sys=0.00, real=0.01 secs] 
17.449: Total time for which application threads were stopped: 0.0005430 seconds, Stopping threads took: 0.0000430 seconds
17.489: Application time: 0.0392940 seconds
17.489: [GC [PSYoungGen: 7648K->528K(8192K)] 12824K->5704K(26112K), 0.0004220 secs] [Times: user=0.01 sys=0.00, real=0.01 secs] 
17.489: Total time for which application threads were stopped: 0.0005150 seconds, Stopping threads took: 0.0000460 seconds
17.529: Application time: 0.0397580 seconds
17.529: [GC [PSYoungGen: 7696K->464K(8192K)] 12872K->5688K(26112K), 0.0005270 secs] [Times: user=0.00 sys=0.00, real=0.00 secs] 
17.530: Total time for which application threads were stopped: 0.0006130 seconds, Stopping threads took: 0.0000390 seconds
17.569: Application time: 0.0395500 seconds
17.569: [GC [PSYoungGen: 7632K->448K(8192K)] 12856K->5672K(26112K), 0.0004370 secs] [Times: user=0.00 sys=0.00, real=0.00 secs] 
17.570: Total time for which application threads were stopped: 0.0005480 seconds, Stopping threads took: 0.0000510 seconds
17.609: Application time: 0.0393070 seconds
17.609: [GC [PSYoungGen: 7616K->304K(8192K)] 12840K->5676K(26112K), 0.0005080 secs] [Times: user=0.00 sys=0.00, real=0.00 secs] 
17.610: Total time for which application threads were stopped: 0.0005980 seconds, Stopping threads took: 0.0000420 seconds
17.650: Application time: 0.0398530 seconds
17.650: [GC [PSYoungGen: 7472K->272K(8192K)] 12844K->5700K(26112K), 0.0004340 secs] [Times: user=0.00 sys=0.00, real=0.00 secs] 
17.650: Total time for which application threads were stopped: 0.0005230 seconds, Stopping threads took: 0.0000450 seconds
17.689: Application time: 0.0389460 seconds
17.689: [GC [PSYoungGen: 7440K->272K(8192K)] 12868K->5805K(26112K), 0.0004190 secs] [Times: user=0.01 sys=0.00, real=0.00 secs] 
17.689: Total time for which application threads were stopped: 0.0005040 seconds, Stopping threads took: 0.0000400 seconds
17.729: Application time: 0.0395490 seconds
17.729: [GC [PSYoungGen: 7440K->272K(8192K)] 12973K->5805K(26112K), 0.0003530 secs] [Times: user=0.00 sys=0.00, real=0.00 secs] 
17.729: Total time for which application threads were stopped: 0.0004420 seconds, Stopping threads took: 0.0000400 seconds
17.767: Application time: 0.0379610 seconds
17.768: [GC [PSYoungGen: 7440K->336K(8192K)] 12973K->5869K(26112K), 0.0004170 secs] [Times: user=0.01 sys=0.00, real=0.00 secs] 
17.768: Total time for which application threads were stopped: 0.0005070 seconds, Stopping threads took: 0.0000430 seconds
17.807: Application time: 0.0393920 seconds
17.807: [GC [PSYoungGen: 7504K->320K(8192K)] 13037K->5853K(26112K), 0.0003810 secs] [Times: user=0.00 sys=0.00, real=0.00 secs] 
17.808: Total time for which application threads were stopped: 0.0004630 seconds, Stopping threads took: 0.0000360 seconds
17.845: Application time: 0.0373280 seconds
17.845: [GC [PSYoungGen: 7488K->496K(8192K)] 13021K->6037K(26112K), 0.0004270 secs] [Times: user=0.00 sys=0.00, real=0.00 secs] 
17.846: Total time for which application threads were stopped: 0.0005110 seconds, Stopping threads took: 0.0000330 seconds
17.885: Application time: 0.0394770 seconds
17.885: [GC [PSYoungGen: 7664K->496K(8192K)] 13205K->6037K(26112K), 0.0004210 secs] [Times: user=0.00 sys=0.00, real=0.00 secs] 
17.886: Total time for which application threads were stopped: 0.0005070 seconds, Stopping threads took: 0.0000390 seconds
17.925: Application time: 0.0397390 seconds
17.925: [GC [PSYoungGen: 7664K->528K(8192K)] 13205K->6077K(26112K), 0.0004770 secs] [Times: user=0.00 sys=0.00, real=0.00 secs] 
17.926: Total time for which application threads were stopped: 0.0005830 seconds, Stopping threads took: 0.0000490 seconds
17.965: Application time: 0.0393970 seconds
17.965: [GC [PSYoungGen: 7696K->512K(8192K)] 13245K->6069K(26112K), 0.0004240 secs] [Times: user=0.00 sys=0.00, real=0.00 secs] 
17.966: Total time for which application threads were stopped: 0.0005160 seconds, Stopping threads took: 0.0000440 seconds
18.005: Application time: 0.0395310 seconds
18.005: [GC [PSYoungGen: 7680K->496K(8192K)] 13237K->6053K(26112K), 0.0004670 secs] [Times: user=0.00 sys=0.00, real=0.00 secs] 
18.006: Total time for which application threads were stopped: 0.0005620 seconds, Stopping threads took: 0.0000460 seconds
18.046: Application time: 0.0400150 seconds
18.046: [GC [PSYoungGen: 7664K->528K(8192K)] 13221K->6085K(26112K), 0.0004160 secs] [Times: user=0.00 sys=0.00, real=0.00 secs] 
18.047: Total time for which application threads were stopped: 0.0005080 seconds, Stopping threads took: 0.0000450 seconds
18.086: Application time: 0.0395130 seconds
18.086: [GC [PSYoungGen: 7696K->528K(8192K)] 13253K->6085K(26112K), 0.0004100 secs] [Times: user=0.00 sys=0.00, real=0.00 secs] 
18.087: Total time for which application threads were stopped: 0.0005120 seconds, Stopping threads took: 0.0000470 seconds
18.126: Application time: 0.0393640 seconds
18.126: [GC [PSYoungGen: 7696K->480K(8192K)] 13253K->6037K(26112K), 0.0004170 secs] [Times: user=0.00 sys=0.00, real=0.00 secs] 
18.126: Total time for which application threads were stopped: 0.0005090 seconds, Stopping threads took: 0.0000460 seconds
18.166: Application time: 0.0391020 seconds
18.166: [GC [PSYoungGen: 7648K->496K(8192K)] 13205K->6053K(26112K), 0.0004220 secs] [Times: user=0.00 sys=0.00, real=0.00 secs] 
18.166: Total time for which application threads were stopped: 0.0005310 seconds, Stopping threads took: 0.0000540 seconds
18.206: Application time: 0.0395490 seconds
18.206: [GC [PSYoungGen: 7664K->544K(8192K)] 13221K->6101K(26112K), 0.0005130 secs] [Times: user=0.00 sys=0.00, real=0.00 secs] 
18.206: Total time for which application threads were stopped: 0.0006030 seconds, Stopping threads took: 0.0000410 seconds
18.245: Application time: 0.0391490 seconds
18.249: [GC [PSYoungGen: 7712K->496K(8192K)] 13269K->6053K(26112K), 0.0004340 secs] [Times: user=0.00 sys=0.00, real=0.00 secs] 
18.250: Total time for which application threads were stopped: 0.0041780 seconds, Stopping threads took: 0.0036940 seconds
18.289: Application time: 0.0392140 seconds
18.289: [GC [PSYoungGen: 7664K->464K(8192K)] 13221K->6093K(26112K), 0.0004370 secs] [Times: user=0.00 sys=0.00, real=0.01 secs] 
18.289: Total time for which application threads were stopped: 0.0005190 seconds, Stopping threads took: 0.0000370 seconds
18.329: Application time: 0.0393680 seconds
18.329: [GC [PSYoungGen: 7632K->448K(8192K)] 13261K->6077K(26112K), 0.0004640 secs] [Times: user=0.00 sys=0.00, real=0.01 secs] 
18.329: Total time for which application threads were stopped: 0.0005500 seconds, Stopping threads took: 0.0000410 seconds
18.369: Application time: 0.0397640 seconds
18.369: [GC [PSYoungGen: 7616K->384K(8192K)] 13245K->6125K(26112K), 0.0004750 secs] [Times: user=0.00 sys=0.00, real=0.00 secs] 
18.370: Total time for which application threads were stopped: 0.0005720 seconds, Stopping threads took: 0.0000440 seconds
18.409: Application time: 0.0392550 seconds
18.409: [GC [PSYoungGen: 7552K->368K(8192K)] 13293K->6109K(26112K), 0.0003880 secs] [Times: user=0.00 sys=0.00, real=0.01 secs] 
18.409: Total time for which application threads were stopped: 0.0004770 seconds, Stopping threads took: 0.0000420 seconds
18.449: Application time: 0.0393210 seconds
18.449: [GC [PSYoungGen: 7536K->256K(8192K)] 13277K->6157K(26112K), 0.0003930 secs] [Times: user=0.00 sys=0.00, real=0.01 secs] 
18.449: Total time for which application threads were stopped: 0.0004780 seconds, Stopping threads took: 0.0000370 seconds
18.489: Application time: 0.0402370 seconds
18.489: [GC [PSYoungGen: 7424K->272K(8192K)] 13325K->6173K(26112K), 0.0003710 secs] [Times: user=0.00 sys=0.00, real=0.00 secs] 
18.490: Total time for which application threads were stopped: 0.0004720 seconds, Stopping threads took: 0.0000530 seconds
18.529: Application time: 0.0395010 seconds
18.529: [GC [PSYoungGen: 7440K->272K(8192K)] 13341K->6173K(26112K), 0.0003620 secs] [Times: user=0.00 sys=0.00, real=0.00 secs] 
18.530: Total time for which application threads were stopped: 0.0004530 seconds, Stopping threads took: 0.0000480 seconds
18.568: Application time: 0.0378490 seconds
18.569: [GC [PSYoungGen: 7440K->336K(8192K)] 13341K->6237K(26112K), 0.0003800 secs] [Times: user=0.00 sys=0.00, real=0.00 secs] 
18.569: Total time for which application threads were stopped: 0.0018990 seconds, Stopping threads took: 0.0014670 seconds
18.609: Application time: 0.0391620 seconds
18.609: [GC [PSYoungGen: 7504K->400K(8192K)] 13405K->6301K(26112K), 0.0003910 secs] [Times: user=0.00 sys=0.00, real=0.01 secs] 
18.609: Total time for which application threads were stopped: 0.0005010 seconds, Stopping threads took: 0.0000510 seconds
18.647: Application time: 0.0378240 seconds
18.647: [GC [PSYoungGen: 7568K->496K(8192K)] 13469K->6397K(26112K), 0.0004080 secs] [Times: user=0.00 sys=0.00, real=0.00 secs] 
18.647: Total time for which application threads were stopped: 0.0005000 seconds, Stopping threads took: 0.0000450 seconds
18.687: Application time: 0.0393840 seconds
18.687: [GC [PSYoungGen: 7664K->480K(8192K)] 13565K->6381K(26112K), 0.0004390 secs] [Times: user=0.00 sys=0.00, real=0.00 secs] 
18.687: Total time for which application threads were stopped: 0.0005240 seconds, Stopping threads took: 0.0000420 seconds
18.727: Application time: 0.0395600 seconds
18.727: [GC [PSYoungGen: 7648K->496K(8192K)] 13549K->6397K(26112K), 0.0004340 secs] [Times: user=0.00 sys=0.00, real=0.00 secs] 
18.727: Total time for which application threads were stopped: 0.0005370 seconds, Stopping threads took: 0.0000460 seconds
18.767: Application time: 0.0393910 seconds
18.767: [GC [PSYoungGen: 7664K->512K(8192K)] 13565K->6413K(26112K), 0.0004080 secs] [Times: user=0.01 sys=0.00, real=0.00 secs] 
18.767: Total time for which application threads were stopped: 0.0004960 seconds, Stopping threads took: 0.0000430 seconds
18.807: Application time: 0.0396180 seconds
18.807: [GC [PSYoungGen: 7680K->496K(8192K)] 13581K->6397K(26112K), 0.0004190 secs] [Times: user=0.00 sys=0.00, real=0.00 secs] 
18.807: Total time for which application threads were stopped: 0.0005090 seconds, Stopping threads took: 0.0000440 seconds
18.847: Application time: 0.0392850 seconds
18.847: [GC [PSYoungGen: 7664K->544K(8192K)] 13565K->6445K(26112K), 0.0003990 secs] [Times: user=0.00 sys=0.00, real=0.00 secs] 
18.847: Total time for which application threads were stopped: 0.0004850 seconds, Stopping threads took: 0.0000400 seconds
18.887: Application time: 0.0392390 seconds
18.887: [GC [PSYoungGen: 7712K->496K(8192K)] 13613K->6397K(26112K), 0.0004040 secs] [Times: user=0.01 sys=0.00, real=0.00 secs] 
18.887: Total time for which application threads were stopped: 0.0004970 seconds, Stopping threads took: 0.0000470 seconds
18.927: Application time: 0.0400870 seconds
18.927: [GC [PSYoungGen: 7664K->496K(8192K)] 13565K->6397K(26112K), 0.0004670 secs] [Times: user=0.00 sys=0.00, real=0.00 secs] 
18.928: Total time for which application threads were stopped: 0.0005740 seconds, Stopping threads took: 0.0000530 seconds
18.967: Application time: 0.0391940 seconds
18.967: [GC [PSYoungGen: 7664K->496K(8192K)] 13565K->6397K(26112K), 0.0004440 secs] [Times: user=0.00 sys=0.00, real=0.00 secs] 
18.967: Total time for which application threads were stopped: 0.0005320 seconds, Stopping threads took: 0.0000410 seconds
19.007: Application time: 0.0392370 seconds
19.007: [GC [PSYoungGen: 7664K->480K(8192K)] 13565K->6381K(26112K), 0.0004460 secs] [Times: user=0.00 sys=0.00, real=0.00 secs] 
19.007: Total time for which application threads were stopped: 0.0005360 seconds, Stopping threads took: 0.0000440 seconds
19.046: Application time: 0.0392300 seconds
19.046: [GC [PSYoungGen: 7648K->496K(8192K)] 13549K->6397K(26112K), 0.0004520 secs] [Times: user=0.01 sys=0.00, real=0.00 secs] 
19.047: Total time for which application threads were stopped: 0.0005480 seconds, Stopping threads took: 0.0000490 seconds
19.086: Application time: 0.0393500 seconds
19.086: [GC [PSYoungGen: 7664K->464K(8192K)] 13565K->6421K(26112K), 0.0004320 secs] [Times: user=0.00 sys=0.00, real=0.00 secs] 
19.087: Total time for which application threads were stopped: 0.0005280 seconds, Stopping threads took: 0.0000500 seconds
19.126: Application time: 0.0394040 seconds
19.126: [GC [PSYoungGen: 7632K->448K(8192K)] 13589K->6405K(26112K), 0.0004390 secs] [Times: user=0.00 sys=0.00, real=0.00 secs] 
19.127: Total time for which application threads were stopped: 0.0005400 seconds, Stopping threads took: 0.0000440 seconds
19.166: Application time: 0.0393220 seconds
19.166: [GC [PSYoungGen: 7616K->352K(8192K)] 13573K->6429K(26112K), 0.0003860 secs] [Times: user=0.00 sys=0.00, real=0.00 secs] 
19.167: Total time for which application threads were stopped: 0.0004710 seconds, Stopping threads took: 0.0000390 seconds
19.206: Application time: 0.0395450 seconds
19.206: [GC [PSYoungGen: 7520K->336K(8192K)] 13597K->6469K(26112K), 0.0003880 secs] [Times: user=0.00 sys=0.00, real=0.00 secs] 
19.207: Total time for which application threads were stopped: 0.0004780 seconds, Stopping threads took: 0.0000410 seconds
19.246: Application time: 0.0393010 seconds
19.246: [GC [PSYoungGen: 7504K->224K(8192K)] 13637K->6469K(26112K), 0.0004450 secs] [Times: user=0.00 sys=0.00, real=0.00 secs] 
19.246: Total time for which application threads were stopped: 0.0005420 seconds, Stopping threads took: 0.0000500 seconds
19.285: Application time: 0.0389980 seconds
19.286: [GC [PSYoungGen: 7392K->272K(8192K)] 13637K->6517K(26112K), 0.0003790 secs] [Times: user=0.00 sys=0.00, real=0.00 secs] 
19.286: Total time for which application threads were stopped: 0.0004770 seconds, Stopping threads took: 0.0000490 seconds
19.325: Application time: 0.0390970 seconds
19.325: [GC [PSYoungGen: 7440K->352K(8192K)] 13685K->6597K(26112K), 0.0003720 secs] [Times: user=0.00 sys=0.00, real=0.00 secs] 
19.325: Total time for which application threads were stopped: 0.0004630 seconds, Stopping threads took: 0.0000420 seconds
19.364: Application time: 0.0384470 seconds
19.364: [GC [PSYoungGen: 7520K->352K(8192K)] 13765K->6597K(26112K), 0.0004130 secs] [Times: user=0.00 sys=0.00, real=0.00 secs] 
19.364: Total time for which application threads were stopped: 0.0004980 seconds, Stopping threads took: 0.0000370 seconds
19.402: Application time: 0.0380350 seconds
19.403: [GC [PSYoungGen: 7520K->464K(8192K)] 13765K->6709K(26112K), 0.0004080 secs] [Times: user=0.00 sys=0.00, real=0.00 secs] 
19.403: Total time for which application threads were stopped: 0.0005120 seconds, Stopping threads took: 0.0000550 seconds
19.442: Application time: 0.0390290 seconds
19.442: [GC [PSYoungGen: 7632K->480K(8192K)] 13877K->6725K(26112K), 0.0004070 secs] [Times: user=0.01 sys=0.00, real=0.00 secs] 
19.443: Total time for which application threads were stopped: 0.0005000 seconds, Stopping threads took: 0.0000460 seconds
19.482: Application time: 0.0399160 seconds
19.483: [GC [PSYoungGen: 7648K->448K(8192K)] 13893K->6693K(26112K), 0.0004130 secs] [Times: user=0.00 sys=0.00, real=0.00 secs] 
19.483: Total time for which application threads were stopped: 0.0005050 seconds, Stopping threads took: 0.0000470 seconds
19.523: Application time: 0.0400750 seconds
19.523: [GC [PSYoungGen: 7616K->528K(8192K)] 13861K->6773K(26112K), 0.0004260 secs] [Times: user=0.00 sys=0.00, real=0.00 secs] 
19.524: Total time for which application threads were stopped: 0.0005220 seconds, Stopping threads took: 0.0000470 seconds
19.563: Application time: 0.0397740 seconds
19.563: [GC [PSYoungGen: 7696K->512K(8192K)] 13941K->6757K(26112K), 0.0004020 secs] [Times: user=0.00 sys=0.00, real=0.00 secs] 
19.564: Total time for which application threads were stopped: 0.0004920 seconds, Stopping threads took: 0.0000440 seconds
19.603: Application time: 0.0392140 seconds
19.603: [GC [PSYoungGen: 7680K->496K(8192K)] 13925K->6741K(26112K), 0.0004170 secs] [Times: user=0.00 sys=0.00, real=0.00 secs] 
19.604: Total time for which application threads were stopped: 0.0005020 seconds, Stopping threads took: 0.0000370 seconds
19.643: Application time: 0.0391690 seconds
19.643: [GC [PSYoungGen: 7664K->464K(8192K)] 13909K->6709K(26112K), 0.0004200 secs] [Times: user=0.00 sys=0.00, real=0.00 secs] 
19.643: Total time for which application threads were stopped: 0.0005300 seconds, Stopping threads took: 0.0000510 seconds
19.682: Application time: 0.0392490 seconds
19.683: [GC [PSYoungGen: 7632K->496K(8192K)] 13877K->6741K(26112K), 0.0004060 secs] [Times: user=0.00 sys=0.00, real=0.00 secs] 
19.683: Total time for which application threads were stopped: 0.0004940 seconds, Stopping threads took: 0.0000430 seconds
19.722: Application time: 0.0392360 seconds
19.722: [GC [PSYoungGen: 7664K->496K(8192K)] 13909K->6741K(26112K), 0.0004500 secs] [Times: user=0.00 sys=0.00, real=0.00 secs] 
19.723: Total time for which application threads were stopped: 0.0005390 seconds, Stopping threads took: 0.0000420 seconds
19.762: Application time: 0.0395180 seconds
19.762: [GC [PSYoungGen: 7664K->512K(8192K)] 13909K->6757K(26112K), 0.0004210 secs] [Times: user=0.00 sys=0.00, real=0.00 secs] 
19.763: Total time for which application threads were stopped: 0.0005070 seconds, Stopping threads took: 0.0000390 seconds
19.802: Application time: 0.0391310 seconds
19.802: [GC [PSYoungGen: 7680K->496K(8192K)] 13925K->6741K(26112K), 0.0004550 secs] [Times: user=0.00 sys=0.00, real=0.00 secs] 
19.802: Total time for which application threads were stopped: 0.0005430 seconds, Stopping threads took: 0.0000420 seconds
19.842: Application time: 0.0394690 seconds
19.842: [GC [PSYoungGen: 7664K->512K(8192K)] 13909K->6757K(26112K), 0.0004340 secs] [Times: user=0.00 sys=0.00, real=0.00 secs] 
19.842: Total time for which application threads were stopped: 0.0005200 seconds, Stopping threads took: 0.0000380 seconds
19.882: Application time: 0.0392700 seconds
19.882: [GC [PSYoungGen: 7680K->432K(8192K)] 13925K->6733K(26112K), 0.0004180 secs] [Times: user=0.01 sys=0.00, real=0.00 secs] 
19.882: Total time for which application threads were stopped: 0.0005100 seconds, Stopping threads took: 0.0000440 seconds
19.922: Application time: 0.0396450 seconds
19.922: [GC [PSYoungGen: 7600K->448K(8192K)] 13901K->6805K(26112K), 0.0004890 secs] [Times: user=0.00 sys=0.00, real=0.00 secs] 
19.922: Total time for which application threads were stopped: 0.0005980 seconds, Stopping threads took: 0.0000540 seconds
19.962: Application time: 0.0396700 seconds
19.962: [GC [PSYoungGen: 7616K->336K(8192K)] 13973K->6785K(26112K), 0.0004390 secs] [Times: user=0.00 sys=0.00, real=0.00 secs] 
19.963: Total time for which application threads were stopped: 0.0005280 seconds, Stopping threads took: 0.0000430 seconds
20.002: Application time: 0.0395410 seconds
20.002: [GC [PSYoungGen: 7504K->272K(8192K)] 13953K->6857K(26112K), 0.0004370 secs] [Times: user=0.00 sys=0.00, real=0.00 secs] 
20.004: Total time for which application threads were stopped: 0.0017830 seconds, Stopping threads took: 0.0000390 seconds
20.043: Application time: 0.0394670 seconds
20.044: [GC [PSYoungGen: 7440K->256K(8192K)] 14025K->6913K(26112K), 0.0003900 secs] [Times: user=0.00 sys=0.00, real=0.00 secs] 
20.044: Total time for which application threads were stopped: 0.0004800 seconds, Stopping threads took: 0.0000440 seconds
20.082: Application time: 0.0384820 seconds
20.083: [GC [PSYoungGen: 7424K->272K(8192K)] 14081K->6929K(26112K), 0.0003500 secs] [Times: user=0.00 sys=0.00, real=0.00 secs] 
20.083: Total time for which application threads were stopped: 0.0004410 seconds, Stopping threads took: 0.0000430 seconds
20.121: Application time: 0.0382900 seconds
20.121: [GC [PSYoungGen: 7440K->368K(8192K)] 14097K->7025K(26112K), 0.0004460 secs] [Times: user=0.00 sys=0.00, real=0.00 secs] 
20.122: Total time for which application threads were stopped: 0.0005320 seconds, Stopping threads took: 0.0000380 seconds
20.161: Application time: 0.0392630 seconds
20.161: [GC [PSYoungGen: 7536K->352K(8192K)] 14193K->7009K(26112K), 0.0003770 secs] [Times: user=0.00 sys=0.00, real=0.00 secs] 
20.161: Total time for which application threads were stopped: 0.0004830 seconds, Stopping threads took: 0.0000490 seconds
20.200: Application time: 0.0380470 seconds
20.200: [GC [PSYoungGen: 7520K->464K(8192K)] 14177K->7121K(26112K), 0.0004220 secs] [Times: user=0.00 sys=0.00, real=0.00 secs] 
20.200: Total time for which application threads were stopped: 0.0005160 seconds, Stopping threads took: 0.0000470 seconds
20.239: Application time: 0.0390390 seconds
20.239: [GC [PSYoungGen: 7632K->528K(8192K)] 14289K->7185K(26112K), 0.0005020 secs] [Times: user=0.00 sys=0.00, real=0.00 secs] 
20.240: Total time for which application threads were stopped: 0.0005890 seconds, Stopping threads took: 0.0000380 seconds
20.279: Application time: 0.0393720 seconds
20.279: [GC [PSYoungGen: 7696K->496K(8192K)] 14353K->7153K(26112K), 0.0004100 secs] [Times: user=0.00 sys=0.00, real=0.00 secs] 
20.280: Total time for which application threads were stopped: 0.0005020 seconds, Stopping threads took: 0.0000440 seconds
20.319: Application time: 0.0395800 seconds
20.319: [GC [PSYoungGen: 7664K->528K(8192K)] 14321K->7185K(26112K), 0.0004760 secs] [Times: user=0.00 sys=0.00, real=0.00 secs] 
20.320: Total time for which application threads were stopped: 0.0005620 seconds, Stopping threads took: 0.0000400 seconds
20.360: Application time: 0.0399290 seconds
20.360: [GC [PSYoungGen: 7696K->448K(8192K)] 14353K->7105K(26112K), 0.0004270 secs] [Times: user=0.00 sys=0.00, real=0.00 secs] 
20.360: Total time for which application threads were stopped: 0.0005310 seconds, Stopping threads took: 0.0000570 seconds
20.399: Application time: 0.0392340 seconds
20.399: [GC [PSYoungGen: 7616K->432K(8192K)] 14273K->7089K(26112K), 0.0004320 secs] [Times: user=0.00 sys=0.00, real=0.00 secs] 
20.400: Total time for which application threads were stopped: 0.0005230 seconds, Stopping threads took: 0.0000420 seconds
20.439: Application time: 0.0392950 seconds
20.439: [GC [PSYoungGen: 7600K->448K(8192K)] 14257K->7105K(26112K), 0.0005170 secs] [Times: user=0.01 sys=0.00, real=0.00 secs] 
20.440: Total time for which application threads were stopped: 0.0006120 seconds, Stopping threads took: 0.0000490 seconds
20.479: Application time: 0.0392380 seconds
20.479: [GC [PSYoungGen: 7616K->512K(8192K)] 14273K->7169K(26112K), 0.0004120 secs] [Times: user=0.00 sys=0.00, real=0.00 secs] 
20.480: Total time for which application threads were stopped: 0.0005050 seconds, Stopping threads took: 0.0000450 seconds
20.519: Application time: 0.0397620 seconds
20.519: [GC [PSYoungGen: 7680K->512K(8192K)] 14337K->7169K(26112K), 0.0004070 secs] [Times: user=0.00 sys=0.00, real=0.00 secs] 
20.520: Total time for which application threads were stopped: 0.0004930 seconds, Stopping threads took: 0.0000380 seconds
20.559: Application time: 0.0396140 seconds
20.559: [GC [PSYoungGen: 7680K->496K(8192K)] 14337K->7153K(26112K), 0.0004190 secs] [Times: user=0.00 sys=0.00, real=0.00 secs] 
20.560: Total time for which application threads were stopped: 0.0005100 seconds, Stopping threads took: 0.0000460 seconds
20.599: Application time: 0.0391240 seconds
20.599: [GC [PSYoungGen: 7664K->496K(8192K)] 14321K->7153K(26112K), 0.0004470 secs] [Times: user=0.00 sys=0.00, real=0.00 secs] 
20.600: Total time for which application threads were stopped: 0.0005480 seconds, Stopping threads took: 0.0000520 seconds
20.639: Application time: 0.0392510 seconds
20.639: [GC [PSYoungGen: 7664K->496K(8192K)] 14321K->7153K(26112K), 0.0004690 secs] [Times: user=0.00 sys=0.00, real=0.00 secs] 
20.639: Total time for which application threads were stopped: 0.0005670 seconds, Stopping threads took: 0.0000490 seconds
20.679: Application time: 0.0392390 seconds
20.681: [GC [PSYoungGen: 7664K->448K(8192K)] 14321K->7153K(26112K), 0.0004180 secs] [Times: user=0.01 sys=0.00, real=0.00 secs] 
20.682: Total time for which application threads were stopped: 0.0028450 seconds, Stopping threads took: 0.0023710 seconds
20.721: Application time: 0.0398970 seconds
20.721: [GC [PSYoungGen: 7616K->320K(8192K)] 14321K->7157K(26112K), 0.0004220 secs] [Times: user=0.00 sys=0.00, real=0.00 secs] 
20.722: Total time for which application threads were stopped: 0.0005170 seconds, Stopping threads took: 0.0000480 seconds
20.762: Application time: 0.0397920 seconds
20.762: [GC [PSYoungGen: 7488K->352K(8192K)] 14325K->7189K(26112K), 0.0003760 secs] [Times: user=0.00 sys=0.00, real=0.00 secs] 
20.762: Total time for which application threads were stopped: 0.0004620 seconds, Stopping threads took: 0.0000380 seconds
20.801: Application time: 0.0392430 seconds
20.802: [GC [PSYoungGen: 7520K->272K(8192K)] 14357K->7246K(26112K), 0.0003820 secs] [Times: user=0.01 sys=0.00, real=0.00 secs] 
20.802: Total time for which application threads were stopped: 0.0004740 seconds, Stopping threads took: 0.0000440 seconds
20.841: Application time: 0.0391580 seconds
20.841: [GC [PSYoungGen: 7440K->272K(8192K)] 14414K->7310K(26112K), 0.0003810 secs] [Times: user=0.01 sys=0.00, real=0.00 secs] 
20.842: Total time for which application threads were stopped: 0.0004730 seconds, Stopping threads took: 0.0000440 seconds
20.881: Application time: 0.0393060 seconds
20.881: [GC [PSYoungGen: 7440K->272K(8192K)] 14478K->7310K(26112K), 0.0003690 secs] [Times: user=0.00 sys=0.00, real=0.01 secs] 
20.881: Total time for which application threads were stopped: 0.0004630 seconds, Stopping threads took: 0.0000460 seconds
20.920: Application time: 0.0385150 seconds
20.920: [GC [PSYoungGen: 7440K->352K(8192K)] 14478K->7390K(26112K), 0.0004210 secs] [Times: user=0.00 sys=0.00, real=0.00 secs] 
20.920: Total time for which application threads were stopped: 0.0005190 seconds, Stopping threads took: 0.0000420 seconds
20.960: Application time: 0.0391610 seconds
20.960: [GC [PSYoungGen: 7520K->400K(8192K)] 14558K->7438K(26112K), 0.0004050 secs] [Times: user=0.00 sys=0.00, real=0.00 secs] 
20.960: Total time for which application threads were stopped: 0.0005090 seconds, Stopping threads took: 0.0000560 seconds
20.998: Application time: 0.0378150 seconds
20.998: [GC [PSYoungGen: 7568K->512K(8192K)] 14606K->7550K(26112K), 0.0004150 secs] [Times: user=0.00 sys=0.00, real=0.00 secs] 
20.998: Total time for which application threads were stopped: 0.0005060 seconds, Stopping threads took: 0.0000440 seconds
21.038: Application time: 0.0395410 seconds
21.038: [GC [PSYoungGen: 7680K->528K(8192K)] 14718K->7566K(26112K), 0.0004230 secs] [Times: user=0.00 sys=0.00, real=0.00 secs] 
21.038: Total time for which application threads were stopped: 0.0005120 seconds, Stopping threads took: 0.0000400 seconds
21.078: Application time: 0.0393500 seconds
21.078: [GC [PSYoungGen: 7696K->496K(8192K)] 14734K->7534K(26112K), 0.0004510 secs] [Times: user=0.00 sys=0.00, real=0.00 secs] 
21.078: Total time for which application threads were stopped: 0.0005370 seconds, Stopping threads took: 0.0000410 seconds
21.118: Application time: 0.0397560 seconds
21.118: [GC [PSYoungGen: 7664K->464K(8192K)] 14702K->7502K(26112K), 0.0004930 secs] [Times: user=0.00 sys=0.00, real=0.00 secs] 
21.119: Total time for which application threads were stopped: 0.0005850 seconds, Stopping threads took: 0.0000470 seconds
21.158: Application time: 0.0392910 seconds
21.158: [GC [PSYoungGen: 7632K->448K(8192K)] 14670K->7486K(26112K), 0.0004250 secs] [Times: user=0.00 sys=0.00, real=0.00 secs] 
21.158: Total time for which application threads were stopped: 0.0005080 seconds, Stopping threads took: 0.0000360 seconds
21.198: Application time: 0.0393220 seconds
21.198: [GC [PSYoungGen: 7616K->496K(8192K)] 14654K->7534K(26112K), 0.0004230 secs] [Times: user=0.00 sys=0.00, real=0.00 secs] 
21.198: Total time for which application threads were stopped: 0.0005180 seconds, Stopping threads took: 0.0000410 seconds
21.237: Application time: 0.0391840 seconds
21.238: [GC [PSYoungGen: 7664K->528K(8192K)] 14702K->7566K(26112K), 0.0004130 secs] [Times: user=0.00 sys=0.00, real=0.00 secs] 
21.238: Total time for which application threads were stopped: 0.0005080 seconds, Stopping threads took: 0.0000480 seconds
21.278: Application time: 0.0399550 seconds
21.278: [GC [PSYoungGen: 7696K->496K(8192K)] 14734K->7534K(26112K), 0.0004890 secs] [Times: user=0.00 sys=0.00, real=0.00 secs] 
21.279: Total time for which application threads were stopped: 0.0005810 seconds, Stopping threads took: 0.0000460 seconds
21.318: Application time: 0.0390910 seconds
21.318: [GC [PSYoungGen: 7664K->512K(8192K)] 14702K->7550K(26112K), 0.0004260 secs] [Times: user=0.00 sys=0.00, real=0.00 secs] 
21.318: Total time for which application threads were stopped: 0.0005160 seconds, Stopping threads took: 0.0000450 seconds
21.358: Application time: 0.0396440 seconds
21.358: [GC [PSYoungGen: 7680K->464K(8192K)] 14718K->7502K(26112K), 0.0004180 secs] [Times: user=0.01 sys=0.00, real=0.00 secs] 
21.358: Total time for which application threads were stopped: 0.0005150 seconds, Stopping threads took: 0.0000490 seconds
21.398: Application time: 0.0393590 seconds
21.398: [GC [PSYoungGen: 7632K->528K(8192K)] 14670K->7566K(26112K), 0.0004820 secs] [Times: user=0.00 sys=0.00, real=0.00 secs] 
21.398: Total time for which application threads were stopped: 0.0005720 seconds, Stopping threads took: 0.0000420 seconds
21.438: Application time: 0.0393320 seconds
21.438: [GC [PSYoungGen: 7696K->464K(8192K)] 14734K->7558K(26112K), 0.0004550 secs] [Times: user=0.00 sys=0.00, real=0.00 secs] 
21.438: Total time for which application threads were stopped: 0.0005370 seconds, Stopping threads took: 0.0000360 seconds
21.479: Application time: 0.0406260 seconds
21.479: [GC [PSYoungGen: 7632K->400K(8192K)] 14726K->7494K(26112K), 0.0004180 secs] [Times: user=0.01 sys=0.00, real=0.00 secs] 
21.479: Total time for which application threads were stopped: 0.0005140 seconds, Stopping threads took: 0.0000380 seconds
21.519: Application time: 0.0392880 seconds
21.519: [GC [PSYoungGen: 7568K->368K(8192K)] 14662K->7586K(26112K), 0.0004760 secs] [Times: user=0.00 sys=0.00, real=0.00 secs] 
21.519: Total time for which application threads were stopped: 0.0005660 seconds, Stopping threads took: 0.0000450 seconds
21.559: Application time: 0.0396890 seconds
21.559: [GC [PSYoungGen: 7536K->336K(8192K)] 14754K->7618K(26112K), 0.0003850 secs] [Times: user=0.00 sys=0.00, real=0.00 secs] 
21.559: Total time for which application threads were stopped: 0.0004730 seconds, Stopping threads took: 0.0000430 seconds
21.599: Application time: 0.0396190 seconds
21.599: [GC [PSYoungGen: 7504K->256K(8192K)] 14786K->7674K(26112K), 0.0003630 secs] [Times: user=0.00 sys=0.00, real=0.00 secs] 
21.599: Total time for which application threads were stopped: 0.0004640 seconds, Stopping threads took: 0.0000540 seconds
21.638: Application time: 0.0389120 seconds
21.638: [GC [PSYoungGen: 7424K->240K(8192K)] 14842K->7658K(26112K), 0.0003990 secs] [Times: user=0.00 sys=0.00, real=0.00 secs] 
21.639: Total time for which application threads were stopped: 0.0004910 seconds, Stopping threads took: 0.0000450 seconds
21.678: Application time: 0.0392300 seconds
21.678: [GC [PSYoungGen: 7408K->272K(8192K)] 14826K->7690K(26112K), 0.0004040 secs] [Times: user=0.00 sys=0.00, real=0.00 secs] 
21.678: Total time for which application threads were stopped: 0.0004930 seconds, Stopping threads took: 0.0000440 seconds
21.716: Application time: 0.0379100 seconds
21.716: [GC [PSYoungGen: 7440K->352K(8192K)] 14858K->7770K(26112K), 0.0003960 secs] [Times: user=0.00 sys=0.00, real=0.00 secs] 
21.717: Total time for which application threads were stopped: 0.0004930 seconds, Stopping threads took: 0.0000420 seconds
21.755: Application time: 0.0382480 seconds
21.757: [GC [PSYoungGen: 7520K->432K(8192K)] 14938K->7850K(26112K), 0.0004330 secs] [Times: user=0.01 sys=0.00, real=0.00 secs] 
21.758: Total time for which application threads were stopped: 0.0023890 seconds, Stopping threads took: 0.0019080 seconds
21.796: Application time: 0.0386440 seconds
21.796: [GC [PSYoungGen: 7600K->464K(8192K)] 15018K->7882K(26112K), 0.0004230 secs] [Times: user=0.01 sys=0.00, real=0.00 secs] 
21.797: Total time for which application threads were stopped: 0.0005310 seconds, Stopping threads took: 0.0000610 seconds
21.836: Application time: 0.0392360 seconds
21.836: [GC [PSYoungGen: 7632K->496K(8192K)] 15050K->7914K(26112K), 0.0004210 secs] [Times: user=0.00 sys=0.00, real=0.00 secs] 
21.836: Total time for which application threads were stopped: 0.0005090 seconds, Stopping threads took: 0.0000410 seconds
21.876: Application time: 0.0396170 seconds
21.876: [GC [PSYoungGen: 7664K->512K(8192K)] 15082K->7930K(26112K), 0.0004070 secs] [Times: user=0.00 sys=0.00, real=0.00 secs] 
21.877: Total time for which application threads were stopped: 0.0004930 seconds, Stopping threads took: 0.0000400 seconds
21.917: Application time: 0.0400190 seconds
21.917: [GC [PSYoungGen: 7680K->496K(8192K)] 15098K->7914K(26112K), 0.0005300 secs] [Times: user=0.00 sys=0.00, real=0.00 secs] 
21.917: Total time for which application threads were stopped: 0.0006430 seconds, Stopping threads took: 0.0000560 seconds
21.956: Application time: 0.0392410 seconds
21.957: [GC [PSYoungGen: 7664K->496K(8192K)] 15082K->7914K(26112K), 0.0004360 secs] [Times: user=0.00 sys=0.00, real=0.00 secs] 
21.957: Total time for which application threads were stopped: 0.0005230 seconds, Stopping threads took: 0.0000440 seconds
21.996: Application time: 0.0393360 seconds
21.996: [GC [PSYoungGen: 7664K->512K(8192K)] 15082K->7930K(26112K), 0.0004150 secs] [Times: user=0.00 sys=0.00, real=0.00 secs] 
21.997: Total time for which application threads were stopped: 0.0005090 seconds, Stopping threads took: 0.0000450 seconds
22.036: Application time: 0.0396520 seconds
22.037: [GC [PSYoungGen: 7680K->560K(8192K)] 15098K->7978K(26112K), 0.0004180 secs] [Times: user=0.00 sys=0.00, real=0.00 secs] 
22.037: Total time for which application threads were stopped: 0.0005210 seconds, Stopping threads took: 0.0000460 seconds
22.076: Application time: 0.0393390 seconds
22.076: [GC [PSYoungGen: 7728K->512K(8192K)] 15146K->7930K(26112K), 0.0004170 secs] [Times: user=0.00 sys=0.00, real=0.00 secs] 
22.077: Total time for which application threads were stopped: 0.0005090 seconds, Stopping threads took: 0.0000430 seconds
22.116: Application time: 0.0390740 seconds
22.116: [GC [PSYoungGen: 7680K->496K(8192K)] 15098K->7914K(26112K), 0.0004460 secs] [Times: user=0.01 sys=0.00, real=0.00 secs] 
22.116: Total time for which application threads were stopped: 0.0005310 seconds, Stopping threads took: 0.0000400 seconds
22.156: Application time: 0.0391420 seconds
22.156: [GC [PSYoungGen: 7664K->512K(8192K)] 15082K->7930K(26112K), 0.0004020 secs] [Times: user=0.00 sys=0.00, real=0.00 secs] 
22.156: Total time for which application threads were stopped: 0.0004890 seconds, Stopping threads took: 0.0000410 seconds
22.195: Application time: 0.0391850 seconds
22.195: [GC [PSYoungGen: 7680K->512K(8192K)] 15098K->7930K(26112K), 0.0004340 secs] [Times: user=0.01 sys=0.00, real=0.00 secs] 
22.196: Total time for which application threads were stopped: 0.0005400 seconds, Stopping threads took: 0.0000580 seconds
22.235: Application time: 0.0393200 seconds
22.235: [GC [PSYoungGen: 7680K->480K(8192K)] 15098K->7954K(26112K), 0.0004140 secs] [Times: user=0.00 sys=0.00, real=0.00 secs] 
22.236: Total time for which application threads were stopped: 0.0005090 seconds, Stopping threads took: 0.0000400 seconds
22.275: Application time: 0.0394780 seconds
22.275: [GC [PSYoungGen: 7648K->448K(8192K)] 15122K->7922K(26112K), 0.0004450 secs] [Times: user=0.00 sys=0.00, real=0.00 secs] 
22.276: Total time for which application threads were stopped: 0.0005330 seconds, Stopping threads took: 0.0000420 seconds
22.315: Application time: 0.0395480 seconds
22.315: [GC [PSYoungGen: 7616K->336K(8192K)] 15090K->7938K(26112K), 0.0004100 secs] [Times: user=0.00 sys=0.00, real=0.00 secs] 
22.316: Total time for which application threads were stopped: 0.0004960 seconds, Stopping threads took: 0.0000400 seconds
22.355: Application time: 0.0393130 seconds
22.355: [GC [PSYoungGen: 7504K->288K(8192K)] 15106K->7994K(26112K), 0.0004370 secs] [Times: user=0.00 sys=0.00, real=0.00 secs] 
22.356: Total time for which application threads were stopped: 0.0005270 seconds, Stopping threads took: 0.0000450 seconds
22.395: Application time: 0.0392240 seconds
22.395: [GC [PSYoungGen: 7456K->256K(8192K)] 15162K->8066K(26112K), 0.0003970 secs] [Times: user=0.00 sys=0.00, real=0.00 secs] 
22.395: Total time for which application threads were stopped: 0.0004900 seconds, Stopping threads took: 0.0000480 seconds
22.434: Application time: 0.0388630 seconds
22.434: [GC [PSYoungGen: 7424K->304K(8192K)] 15234K->8114K(26112K), 0.0004270 secs] [Times: user=0.00 sys=0.00, real=0.00 secs] 
22.435: Total time for which application threads were stopped: 0.0005230 seconds, Stopping threads took: 0.0000470 seconds
22.473: Application time: 0.0383390 seconds
22.473: [GC [PSYoungGen: 7472K->304K(8192K)] 15282K->8114K(26112K), 0.0004450 secs] [Times: user=0.00 sys=0.00, real=0.00 secs] 
22.474: Total time for which application threads were stopped: 0.0005330 seconds, Stopping threads took: 0.0000420 seconds
22.512: Application time: 0.0387450 seconds
22.512: [GC [PSYoungGen: 7472K->352K(8192K)] 15282K->8162K(26112K), 0.0003890 secs] [Times: user=0.00 sys=0.00, real=0.00 secs] 
22.513: Total time for which application threads were stopped: 0.0004790 seconds, Stopping threads took: 0.0000440 seconds
22.551: Application time: 0.0380150 seconds
22.551: [GC [PSYoungGen: 7520K->464K(8192K)] 15330K->8274K(26112K), 0.0004130 secs] [Times: user=0.01 sys=0.00, real=0.00 secs] 
22.551: Total time for which application threads were stopped: 0.0005160 seconds, Stopping threads took: 0.0000550 seconds
22.590: Application time: 0.0385970 seconds
22.590: [GC [PSYoungGen: 7632K->528K(8192K)] 15442K->8338K(26112K), 0.0004320 secs] [Times: user=0.00 sys=0.00, real=0.00 secs] 
22.590: Total time for which application threads were stopped: 0.0005320 seconds, Stopping threads took: 0.0000490 seconds
22.630: Application time: 0.0397990 seconds
22.630: [GC [PSYoungGen: 7696K->528K(8192K)] 15506K->8338K(26112K), 0.0004230 secs] [Times: user=0.00 sys=0.00, real=0.00 secs] 
22.631: Total time for which application threads were stopped: 0.0005160 seconds, Stopping threads took: 0.0000450 seconds
22.670: Application time: 0.0392560 seconds
22.670: [GC [PSYoungGen: 7696K->512K(8192K)] 15506K->8322K(26112K), 0.0004520 secs] [Times: user=0.00 sys=0.00, real=0.00 secs] 
22.671: Total time for which application threads were stopped: 0.0005370 seconds, Stopping threads took: 0.0000380 seconds
22.710: Application time: 0.0397420 seconds
22.710: [GC [PSYoungGen: 7680K->480K(8192K)] 15490K->8290K(26112K), 0.0005150 secs] [Times: user=0.00 sys=0.00, real=0.00 secs] 
22.711: Total time for which application threads were stopped: 0.0006060 seconds, Stopping threads took: 0.0000440 seconds
22.750: Application time: 0.0392180 seconds
22.750: [GC [PSYoungGen: 7648K->480K(8192K)] 15458K->8290K(26112K), 0.0004450 secs] [Times: user=0.01 sys=0.00, real=0.00 secs] 
22.751: Total time for which application threads were stopped: 0.0005480 seconds, Stopping threads took: 0.0000510 seconds
22.790: Application time: 0.0395570 seconds
22.790: [GC [PSYoungGen: 7648K->496K(8192K)] 15458K->8306K(26112K), 0.0004520 secs] [Times: user=0.00 sys=0.00, real=0.00 secs] 
22.791: Total time for which application threads were stopped: 0.0005480 seconds, Stopping threads took: 0.0000500 seconds
22.830: Application time: 0.0392970 seconds
22.830: [GC [PSYoungGen: 7664K->496K(8192K)] 15474K->8306K(26112K), 0.0004090 secs] [Times: user=0.01 sys=0.00, real=0.00 secs] 
22.831: Total time for which application threads were stopped: 0.0004980 seconds, Stopping threads took: 0.0000420 seconds
22.870: Application time: 0.0391450 seconds
22.870: [GC [PSYoungGen: 7664K->512K(8192K)] 15474K->8322K(26112K), 0.0004260 secs] [Times: user=0.00 sys=0.00, real=0.00 secs] 
22.870: Total time for which application threads were stopped: 0.0005200 seconds, Stopping threads took: 0.0000450 seconds
22.910: Application time: 0.0395440 seconds
22.910: [GC [PSYoungGen: 7680K->528K(8192K)] 15490K->8338K(26112K), 0.0004950 secs] [Times: user=0.00 sys=0.00, real=0.00 secs] 
22.910: Total time for which application threads were stopped: 0.0006030 seconds, Stopping threads took: 0.0000530 seconds
22.950: Application time: 0.0391840 seconds
22.953: [GC [PSYoungGen: 7696K->480K(8192K)] 15506K->8290K(26112K), 0.0004760 secs] [Times: user=0.01 sys=0.00, real=0.00 secs] 
22.954: Total time for which application threads were stopped: 0.0040220 seconds, Stopping threads took: 0.0034990 seconds
22.993: Application time: 0.0398190 seconds
22.993: [GC [PSYoungGen: 7648K->528K(8192K)] 15458K->8338K(26112K), 0.0004290 secs] [Times: user=0.00 sys=0.00, real=0.00 secs] 
22.994: Total time for which application threads were stopped: 0.0005230 seconds, Stopping threads took: 0.0000490 seconds
23.033: Application time: 0.0394020 seconds
23.033: [GC [PSYoungGen: 7696K->464K(8192K)] 15506K->8330K(26112K), 0.0004300 secs] [Times: user=0.01 sys=0.00, real=0.00 secs] 
23.034: Total time for which application threads were stopped: 0.0005150 seconds, Stopping threads took: 0.0000380 seconds
23.074: Application time: 0.0396770 seconds
23.074: [GC [PSYoungGen: 7632K->368K(8192K)] 15498K->8338K(26112K), 0.0004510 secs] [Times: user=0.00 sys=0.00, real=0.00 secs] 
23.074: Total time for which application threads were stopped: 0.0005430 seconds, Stopping threads took: 0.0000430 seconds
23.114: Application time: 0.0397400 seconds
23.114: [GC [PSYoungGen: 7536K->384K(8192K)] 15506K->8410K(26112K), 0.0004280 secs] [Times: user=0.00 sys=0.00, real=0.00 secs] 
23.114: Total time for which application threads were stopped: 0.0005170 seconds, Stopping threads took: 0.0000410 seconds
23.154: Application time: 0.0399530 seconds
23.154: [GC [PSYoungGen: 7552K->240K(8192K)] 15578K->8378K(26112K), 0.0004210 secs] [Times: user=0.00 sys=0.00, real=0.00 secs] 
23.155: Total time for which application threads were stopped: 0.0005080 seconds, Stopping threads took: 0.0000400 seconds
23.194: Application time: 0.0391140 seconds
23.194: [GC [PSYoungGen: 7408K->272K(8192K)] 15546K->8474K(26112K), 0.0004190 secs] [Times: user=0.00 sys=0.00, real=0.00 secs] 
23.194: Total time for which application threads were stopped: 0.0005080 seconds, Stopping threads took: 0.0000420 seconds
23.234: Application time: 0.0392660 seconds
23.234: [GC [PSYoungGen: 7440K->272K(8192K)] 15642K->8474K(26112K), 0.0003700 secs] [Times: user=0.01 sys=0.00, real=0.00 secs] 
23.234: Total time for which application threads were stopped: 0.0004610 seconds, Stopping threads took: 0.0000440 seconds
23.272: Application time: 0.0377280 seconds
23.272: [GC [PSYoungGen: 7440K->384K(8192K)] 15642K->8586K(26112K), 0.0003980 secs] [Times: user=0.01 sys=0.00, real=0.00 secs] 
23.272: Total time for which application threads were stopped: 0.0004980 seconds, Stopping threads took: 0.0000380 seconds
23.312: Application time: 0.0397920 seconds
23.312: [GC [PSYoungGen: 7552K->384K(8192K)] 15754K->8586K(26112K), 0.0004070 secs] [Times: user=0.00 sys=0.00, real=0.00 secs] 
23.313: Total time for which application threads were stopped: 0.0005020 seconds, Stopping threads took: 0.0000480 seconds
23.350: Application time: 0.0369400 seconds
23.350: [GC [PSYoungGen: 7551K->544K(8192K)] 15754K->8746K(26112K), 0.0004150 secs] [Times: user=0.00 sys=0.00, real=0.00 secs] 
23.350: Total time for which application threads were stopped: 0.0005060 seconds, Stopping threads took: 0.0000420 seconds
23.390: Application time: 0.0397490 seconds
23.390: [GC [PSYoungGen: 7712K->512K(8192K)] 15914K->8714K(26112K), 0.0004070 secs] [Times: user=0.00 sys=0.00, real=0.00 secs] 
23.390: Total time for which application threads were stopped: 0.0004980 seconds, Stopping threads took: 0.0000460 seconds
23.430: Application time: 0.0395450 seconds
23.430: [GC [PSYoungGen: 7680K->496K(8192K)] 15882K->8698K(26112K), 0.0004180 secs] [Times: user=0.00 sys=0.00, real=0.00 secs] 
23.430: Total time for which application threads were stopped: 0.0005050 seconds, Stopping threads took: 0.0000420 seconds
23.470: Application time: 0.0393720 seconds
23.470: [GC [PSYoungGen: 7664K->496K(8192K)] 15866K->8698K(26112K), 0.0004120 secs] [Times: user=0.01 sys=0.00, real=0.00 secs] 
23.470: Total time for which application threads were stopped: 0.0005000 seconds, Stopping threads took: 0.0000410 seconds
23.510: Application time: 0.0399870 seconds
23.510: [GC [PSYoungGen: 7664K->464K(8192K)] 15866K->8666K(26112K), 0.0004120 secs] [Times: user=0.01 sys=0.00, real=0.00 secs] 
23.511: Total time for which application threads were stopped: 0.0004970 seconds, Stopping threads took: 0.0000360 seconds
23.550: Application time: 0.0392720 seconds
23.550: [GC [PSYoungGen: 7632K->496K(8192K)] 15834K->8698K(26112K), 0.0004570 secs] [Times: user=0.00 sys=0.00, real=0.00 secs] 
23.551: Total time for which application threads were stopped: 0.0005530 seconds, Stopping threads took: 0.0000500 seconds
23.590: Application time: 0.0393300 seconds
23.590: [GC [PSYoungGen: 7664K->512K(8192K)] 15866K->8714K(26112K), 0.0004490 secs] [Times: user=0.00 sys=0.00, real=0.00 secs] 
23.591: Total time for which application threads were stopped: 0.0005390 seconds, Stopping threads took: 0.0000410 seconds
23.630: Application time: 0.0399670 seconds
23.631: [GC [PSYoungGen: 7680K->464K(8192K)] 15882K->8666K(26112K), 0.0004400 secs] [Times: user=0.00 sys=0.00, real=0.00 secs] 
23.631: Total time for which application threads were stopped: 0.0005430 seconds, Stopping threads took: 0.0000530 seconds
23.670: Application time: 0.0392150 seconds
23.670: [GC [PSYoungGen: 7632K->480K(8192K)] 15834K->8682K(26112K), 0.0004750 secs] [Times: user=0.00 sys=0.00, real=0.00 secs] 
23.671: Total time for which application threads were stopped: 0.0005660 seconds, Stopping threads took: 0.0000430 seconds
23.710: Application time: 0.0392930 seconds
23.710: [GC [PSYoungGen: 7648K->480K(8192K)] 15850K->8682K(26112K), 0.0004550 secs] [Times: user=0.01 sys=0.00, real=0.00 secs] 
23.711: Total time for which application threads were stopped: 0.0005410 seconds, Stopping threads took: 0.0000380 seconds
23.750: Application time: 0.0391770 seconds
23.750: [GC [PSYoungGen: 7648K->496K(8192K)] 15850K->8698K(26112K), 0.0004210 secs] [Times: user=0.00 sys=0.00, real=0.00 secs] 
23.750: Total time for which application threads were stopped: 0.0005080 seconds, Stopping threads took: 0.0000380 seconds
23.790: Application time: 0.0395700 seconds
23.790: [GC [PSYoungGen: 7664K->464K(8192K)] 15866K->8730K(26112K), 0.0004310 secs] [Times: user=0.01 sys=0.00, real=0.00 secs] 
23.790: Total time for which application threads were stopped: 0.0005350 seconds, Stopping threads took: 0.0000460 seconds
23.830: Application time: 0.0395830 seconds
23.830: [GC [PSYoungGen: 7632K->496K(8192K)] 15898K->8762K(26112K), 0.0004270 secs] [Times: user=0.00 sys=0.00, real=0.00 secs] 
23.831: Total time for which application threads were stopped: 0.0005250 seconds, Stopping threads took: 0.0000500 seconds
23.870: Application time: 0.0393300 seconds
23.870: [GC [PSYoungGen: 7664K->352K(8192K)] 15930K->8738K(26112K), 0.0004180 secs] [Times: user=0.00 sys=0.00, real=0.00 secs] 
23.870: Total time for which application threads were stopped: 0.0005130 seconds, Stopping threads took: 0.0000460 seconds
23.910: Application time: 0.0397370 seconds
23.910: [GC [PSYoungGen: 7520K->384K(8192K)] 15906K->8770K(26112K), 0.0004350 secs] [Times: user=0.00 sys=0.00, real=0.00 secs] 
23.911: Total time for which application threads were stopped: 0.0005550 seconds, Stopping threads took: 0.0000590 seconds
23.950: Application time: 0.0395580 seconds
23.950: [GC [PSYoungGen: 7552K->256K(8192K)] 15938K->8807K(26112K), 0.0003920 secs] [Times: user=0.00 sys=0.00, real=0.00 secs] 
23.951: Total time for which application threads were stopped: 0.0004830 seconds, Stopping threads took: 0.0000410 seconds
23.990: Application time: 0.0388970 seconds
23.990: [GC [PSYoungGen: 7424K->272K(8192K)] 15975K->8823K(26112K), 0.0003680 secs] [Times: user=0.00 sys=0.00, real=0.00 secs] 
23.990: Total time for which application threads were stopped: 0.0004570 seconds, Stopping threads took: 0.0000370 seconds
24.030: Application time: 0.0394750 seconds
24.030: [GC [PSYoungGen: 7440K->272K(8192K)] 15991K->8823K(26112K), 0.0004010 secs] [Times: user=0.01 sys=0.00, real=0.00 secs] 
24.030: Total time for which application threads were stopped: 0.0004970 seconds, Stopping threads took: 0.0000490 seconds
24.069: Application time: 0.0385980 seconds
24.069: [GC [PSYoungGen: 7440K->352K(8192K)] 15991K->8903K(26112K), 0.0004040 secs] [Times: user=0.00 sys=0.00, real=0.01 secs] 
24.069: Total time for which application threads were stopped: 0.0005020 seconds, Stopping threads took: 0.0000440 seconds
24.108: Application time: 0.0387540 seconds
24.108: [GC [PSYoungGen: 7520K->432K(8192K)] 16071K->8983K(26112K), 0.0004540 secs] [Times: user=0.00 sys=0.00, real=0.00 secs] 
24.108: Total time for which application threads were stopped: 0.0005600 seconds, Stopping threads took: 0.0000520 seconds
24.147: Application time: 0.0388350 seconds
24.147: [GC [PSYoungGen: 7600K->512K(8192K)] 16151K->9063K(26112K), 0.0004400 secs] [Times: user=0.00 sys=0.00, real=0.00 secs] 
24.148: Total time for which application threads were stopped: 0.0005380 seconds, Stopping threads took: 0.0000490 seconds
24.187: Application time: 0.0392650 seconds
24.187: [GC [PSYoungGen: 7680K->528K(8192K)] 16231K->9079K(26112K), 0.0004480 secs] [Times: user=0.00 sys=0.00, real=0.00 secs] 
24.188: Total time for which application threads were stopped: 0.0005430 seconds, Stopping threads took: 0.0000460 seconds
24.227: Application time: 0.0396440 seconds
24.227: [GC [PSYoungGen: 7696K->544K(8192K)] 16247K->9095K(26112K), 0.0004360 secs] [Times: user=0.00 sys=0.00, real=0.00 secs] 
24.228: Total time for which application threads were stopped: 0.0005280 seconds, Stopping threads took: 0.0000400 seconds
24.267: Application time: 0.0393350 seconds
24.267: [GC [PSYoungGen: 7712K->496K(8192K)] 16263K->9047K(26112K), 0.0005310 secs] [Times: user=0.00 sys=0.00, real=0.00 secs] 
24.268: Total time for which application threads were stopped: 0.0006230 seconds, Stopping threads took: 0.0000420 seconds
24.307: Application time: 0.0394540 seconds
24.307: [GC [PSYoungGen: 7664K->512K(8192K)] 16215K->9063K(26112K), 0.0004640 secs] [Times: user=0.01 sys=0.00, real=0.00 secs] 
24.308: Total time for which application threads were stopped: 0.0005780 seconds, Stopping threads took: 0.0000510 seconds
24.347: Application time: 0.0394990 seconds
24.347: [GC [PSYoungGen: 7680K->512K(8192K)] 16231K->9063K(26112K), 0.0004360 secs] [Times: user=0.00 sys=0.00, real=0.00 secs] 
24.348: Total time for which application threads were stopped: 0.0005340 seconds, Stopping threads took: 0.0000480 seconds
24.387: Application time: 0.0390520 seconds
24.387: [GC [PSYoungGen: 7680K->512K(8192K)] 16231K->9063K(26112K), 0.0004170 secs] [Times: user=0.00 sys=0.00, real=0.00 secs] 
24.387: Total time for which application threads were stopped: 0.0005030 seconds, Stopping threads took: 0.0000390 seconds
24.428: Application time: 0.0401740 seconds
24.428: [GC [PSYoungGen: 7680K->480K(8192K)] 16231K->9031K(26112K), 0.0004600 secs] [Times: user=0.00 sys=0.00, real=0.00 secs] 
24.428: Total time for which application threads were stopped: 0.0005490 seconds, Stopping threads took: 0.0000370 seconds
24.467: Application time: 0.0391370 seconds
24.467: [GC [PSYoungGen: 7648K->528K(8192K)] 16199K->9079K(26112K), 0.0004960 secs] [Times: user=0.00 sys=0.00, real=0.00 secs] 
24.468: Total time for which application threads were stopped: 0.0005900 seconds, Stopping threads took: 0.0000460 seconds
24.507: Application time: 0.0389930 seconds
24.507: [GC [PSYoungGen: 7696K->512K(8192K)] 16247K->9063K(26112K), 0.0004210 secs] [Times: user=0.00 sys=0.00, real=0.00 secs] 
24.507: Total time for which application threads were stopped: 0.0005200 seconds, Stopping threads took: 0.0000490 seconds
24.547: Application time: 0.0394520 seconds
24.547: [GC [PSYoungGen: 7680K->512K(8192K)] 16231K->9063K(26112K), 0.0004240 secs] [Times: user=0.00 sys=0.00, real=0.00 secs] 
24.547: Total time for which application threads were stopped: 0.0005260 seconds, Stopping threads took: 0.0000520 seconds
24.587: Application time: 0.0391950 seconds
24.587: [GC [PSYoungGen: 7680K->464K(8192K)] 16231K->9055K(26112K), 0.0004510 secs] [Times: user=0.00 sys=0.00, real=0.00 secs] 
24.587: Total time for which application threads were stopped: 0.0005410 seconds, Stopping threads took: 0.0000390 seconds
24.626: Application time: 0.0392980 seconds
24.626: [GC [PSYoungGen: 7632K->480K(8192K)] 16223K->9071K(26112K), 0.0004500 secs] [Times: user=0.00 sys=0.00, real=0.00 secs] 
24.627: Total time for which application threads were stopped: 0.0005440 seconds, Stopping threads took: 0.0000420 seconds
24.666: Application time: 0.0393570 seconds
24.666: [GC [PSYoungGen: 7648K->384K(8192K)] 16239K->9099K(26112K), 0.0004120 secs] [Times: user=0.00 sys=0.00, real=0.00 secs] 
24.667: Total time for which application threads were stopped: 0.0005030 seconds, Stopping threads took: 0.0000430 seconds
24.706: Application time: 0.0393730 seconds
24.706: [GC [PSYoungGen: 7552K->272K(8192K)] 16267K->9075K(26112K), 0.0004210 secs] [Times: user=0.00 sys=0.00, real=0.00 secs] 
24.707: Total time for which application threads were stopped: 0.0005100 seconds, Stopping threads took: 0.0000390 seconds
24.746: Application time: 0.0393640 seconds
24.746: [GC [PSYoungGen: 7440K->256K(8192K)] 16243K->9163K(26112K), 0.0003740 secs] [Times: user=0.00 sys=0.00, real=0.00 secs] 
24.747: Total time for which application threads were stopped: 0.0004650 seconds, Stopping threads took: 0.0000420 seconds
24.786: Application time: 0.0389720 seconds
24.786: [GC [PSYoungGen: 7424K->272K(8192K)] 16331K->9179K(26112K), 0.0004090 secs] [Times: user=0.00 sys=0.00, real=0.00 secs] 
24.786: Total time for which application threads were stopped: 0.0005040 seconds, Stopping threads took: 0.0000390 seconds
24.824: Application time: 0.0383510 seconds
24.824: [GC [PSYoungGen: 7440K->304K(8192K)] 16347K->9211K(26112K), 0.0003990 secs] [Times: user=0.00 sys=0.00, real=0.00 secs] 
24.825: Total time for which application threads were stopped: 0.0005020 seconds, Stopping threads took: 0.0000420 seconds
24.863: Application time: 0.0384340 seconds
24.863: [GC [PSYoungGen: 7472K->352K(8192K)] 16379K->9259K(26112K), 0.0003870 secs] [Times: user=0.00 sys=0.00, real=0.00 secs] 
24.864: Total time for which application threads were stopped: 0.0004810 seconds, Stopping threads took: 0.0000440 seconds
24.902: Application time: 0.0377290 seconds
24.902: [GC [PSYoungGen: 7520K->512K(8192K)] 16427K->9419K(26112K), 0.0004660 secs] [Times: user=0.00 sys=0.00, real=0.00 secs] 
24.902: Total time for which application threads were stopped: 0.0005790 seconds, Stopping threads took: 0.0000540 seconds
24.942: Application time: 0.0397310 seconds
24.942: [GC [PSYoungGen: 7680K->544K(8192K)] 16587K->9451K(26112K), 0.0004450 secs] [Times: user=0.00 sys=0.00, real=0.00 secs] 
24.942: Total time for which application threads were stopped: 0.0005360 seconds, Stopping threads took: 0.0000360 seconds
24.982: Application time: 0.0393540 seconds
24.982: [GC [PSYoungGen: 7712K->528K(8192K)] 16619K->9435K(26112K), 0.0004530 secs] [Times: user=0.00 sys=0.00, real=0.00 secs] 
24.982: Total time for which application threads were stopped: 0.0005450 seconds, Stopping threads took: 0.0000420 seconds
25.022: Application time: 0.0395900 seconds
25.023: [GC [PSYoungGen: 7696K->528K(8192K)] 16603K->9435K(26112K), 0.0004440 secs] [Times: user=0.01 sys=0.00, real=0.00 secs] 
25.025: Total time for which application threads were stopped: 0.0030560 seconds, Stopping threads took: 0.0014860 seconds
25.064: Application time: 0.0392710 seconds
25.064: [GC [PSYoungGen: 7696K->528K(8192K)] 16603K->9435K(26112K), 0.0004410 secs] [Times: user=0.00 sys=0.00, real=0.00 secs] 
25.065: Total time for which application threads were stopped: 0.0005330 seconds, Stopping threads took: 0.0000400 seconds
25.105: Application time: 0.0398310 seconds
25.105: [GC [PSYoungGen: 7696K->512K(8192K)] 16603K->9419K(26112K), 0.0004200 secs] [Times: user=0.00 sys=0.00, real=0.00 secs] 
25.105: Total time for which application threads were stopped: 0.0005160 seconds, Stopping threads took: 0.0000470 seconds
25.145: Application time: 0.0394990 seconds
25.145: [GC [PSYoungGen: 7680K->544K(8192K)] 16587K->9451K(26112K), 0.0004350 secs] [Times: user=0.00 sys=0.00, real=0.00 secs] 
25.145: Total time for which application threads were stopped: 0.0005380 seconds, Stopping threads took: 0.0000490 seconds
25.184: Application time: 0.0392160 seconds
25.184: [GC [PSYoungGen: 7712K->544K(8192K)] 16619K->9451K(26112K), 0.0004080 secs] [Times: user=0.00 sys=0.00, real=0.00 secs] 
25.185: Total time for which application threads were stopped: 0.0004980 seconds, Stopping threads took: 0.0000420 seconds
25.224: Application time: 0.0392190 seconds
25.225: [GC [PSYoungGen: 7712K->480K(8192K)] 16619K->9387K(26112K), 0.0004500 secs] [Times: user=0.00 sys=0.00, real=0.00 secs] 
25.226: Total time for which application threads were stopped: 0.0014880 seconds, Stopping threads took: 0.0009860 seconds
25.265: Application time: 0.0392370 seconds
25.265: [GC [PSYoungGen: 7648K->512K(8192K)] 16555K->9419K(26112K), 0.0004350 secs] [Times: user=0.00 sys=0.00, real=0.00 secs] 
25.265: Total time for which application threads were stopped: 0.0005340 seconds, Stopping threads took: 0.0000490 seconds
25.304: Application time: 0.0391700 seconds
25.305: [GC [PSYoungGen: 7680K->496K(8192K)] 16587K->9403K(26112K), 0.0004830 secs] [Times: user=0.01 sys=0.00, real=0.00 secs] 
25.305: Total time for which application threads were stopped: 0.0005880 seconds, Stopping threads took: 0.0000490 seconds
25.345: Application time: 0.0397040 seconds
25.345: [GC [PSYoungGen: 7664K->528K(8192K)] 16571K->9435K(26112K), 0.0005000 secs] [Times: user=0.00 sys=0.00, real=0.00 secs] 
25.345: Total time for which application threads were stopped: 0.0006150 seconds, Stopping threads took: 0.0000450 seconds
25.385: Application time: 0.0391950 seconds
25.385: [GC [PSYoungGen: 7696K->480K(8192K)] 16603K->9435K(26112K), 0.0004670 secs] [Times: user=0.00 sys=0.00, real=0.00 secs] 
25.385: Total time for which application threads were stopped: 0.0005610 seconds, Stopping threads took: 0.0000430 seconds
25.425: Application time: 0.0394820 seconds
25.425: [GC [PSYoungGen: 7648K->400K(8192K)] 16603K->9451K(26112K), 0.0003990 secs] [Times: user=0.00 sys=0.00, real=0.00 secs] 
25.425: Total time for which application threads were stopped: 0.0004960 seconds, Stopping threads took: 0.0000470 seconds
25.465: Application time: 0.0395760 seconds
25.465: [GC [PSYoungGen: 7568K->368K(8192K)] 16619K->9475K(26112K), 0.0003960 secs] [Times: user=0.00 sys=0.00, real=0.00 secs] 
25.465: Total time for which application threads were stopped: 0.0004900 seconds, Stopping threads took: 0.0000420 seconds
25.504: Application time: 0.0392580 seconds
25.505: [GC [PSYoungGen: 7536K->256K(8192K)] 16643K->9523K(26112K), 0.0004120 secs] [Times: user=0.00 sys=0.00, real=0.00 secs] 
25.505: Total time for which application threads were stopped: 0.0005040 seconds, Stopping threads took: 0.0000450 seconds
25.545: Application time: 0.0398950 seconds
25.545: [GC [PSYoungGen: 7424K->256K(8192K)] 16691K->9523K(26112K), 0.0003600 secs] [Times: user=0.00 sys=0.00, real=0.00 secs] 
25.545: Total time for which application threads were stopped: 0.0004570 seconds, Stopping threads took: 0.0000460 seconds
25.584: Application time: 0.0386690 seconds
25.584: [GC [PSYoungGen: 7424K->272K(8192K)] 16691K->9539K(26112K), 0.0003750 secs] [Times: user=0.00 sys=0.00, real=0.00 secs] 
25.584: Total time for which application threads were stopped: 0.0004630 seconds, Stopping threads took: 0.0000370 seconds
25.623: Application time: 0.0382860 seconds
25.623: [GC [PSYoungGen: 7440K->336K(8192K)] 16707K->9603K(26112K), 0.0004280 secs] [Times: user=0.00 sys=0.00, real=0.00 secs] 
25.623: Total time for which application threads were stopped: 0.0005190 seconds, Stopping threads took: 0.0000400 seconds
25.662: Application time: 0.0386390 seconds
25.662: [GC [PSYoungGen: 7504K->400K(8192K)] 16771K->9667K(26112K), 0.0004010 secs] [Times: user=0.01 sys=0.00, real=0.00 secs] 
25.662: Total time for which application threads were stopped: 0.0004970 seconds, Stopping threads took: 0.0000470 seconds
25.700: Application time: 0.0375740 seconds
25.700: [GC [PSYoungGen: 7568K->496K(8192K)] 16835K->9763K(26112K), 0.0004890 secs] [Times: user=0.00 sys=0.00, real=0.00 secs] 
25.701: Total time for which application threads were stopped: 0.0005800 seconds, Stopping threads took: 0.0000400 seconds
25.740: Application time: 0.0394070 seconds
25.740: [GC [PSYoungGen: 7664K->496K(8192K)] 16931K->9763K(26112K), 0.0004930 secs] [Times: user=0.00 sys=0.00, real=0.00 secs] 
25.741: Total time for which application threads were stopped: 0.0005910 seconds, Stopping threads took: 0.0000480 seconds
25.780: Application time: 0.0396200 seconds
25.780: [GC [PSYoungGen: 7664K->512K(8192K)] 16931K->9779K(26112K), 0.0004460 secs] [Times: user=0.00 sys=0.00, real=0.00 secs] 
25.781: Total time for which application threads were stopped: 0.0005350 seconds, Stopping threads took: 0.0000400 seconds
25.820: Application time: 0.0393890 seconds
25.820: [GC [PSYoungGen: 7680K->496K(8192K)] 16947K->9763K(26112K), 0.0004380 secs] [Times: user=0.01 sys=0.00, real=0.00 secs] 
25.821: Total time for which application threads were stopped: 0.0005280 seconds, Stopping threads took: 0.0000380 seconds
25.860: Application time: 0.0394540 seconds
25.860: [GC [PSYoungGen: 7664K->480K(8192K)] 16931K->9747K(26112K), 0.0004480 secs] [Times: user=0.00 sys=0.00, real=0.00 secs] 
25.861: Total time for which application threads were stopped: 0.0005530 seconds, Stopping threads took: 0.0000450 seconds
25.901: Application time: 0.0399670 seconds
25.901: [GC [PSYoungGen: 7648K->496K(8192K)] 16915K->9771K(26112K), 0.0004950 secs] [Times: user=0.00 sys=0.00, real=0.01 secs] 
25.901: Total time for which application threads were stopped: 0.0006150 seconds, Stopping threads took: 0.0000590 seconds
25.940: Application time: 0.0392430 seconds
25.941: [GC [PSYoungGen: 7664K->528K(8192K)] 16939K->9803K(26112K), 0.0004180 secs] [Times: user=0.00 sys=0.00, real=0.00 secs] 
25.941: Total time for which application threads were stopped: 0.0005220 seconds, Stopping threads took: 0.0000480 seconds
25.980: Application time: 0.0393130 seconds
25.980: [GC [PSYoungGen: 7696K->512K(8192K)] 16971K->9787K(26112K), 0.0004580 secs] [Times: user=0.00 sys=0.00, real=0.00 secs] 
25.981: Total time for which application threads were stopped: 0.0005500 seconds, Stopping threads took: 0.0000430 seconds
26.020: Application time: 0.0392910 seconds
26.020: [GC [PSYoungGen: 7680K->512K(8192K)] 16955K->9787K(26112K), 0.0004650 secs] [Times: user=0.00 sys=0.00, real=0.00 secs] 
26.021: Total time for which application threads were stopped: 0.0005560 seconds, Stopping threads took: 0.0000380 seconds
26.060: Application time: 0.0393840 seconds
26.060: [GC [PSYoungGen: 7680K->528K(8192K)] 16955K->9803K(26112K), 0.0004220 secs] [Times: user=0.00 sys=0.00, real=0.00 secs] 
26.061: Total time for which application threads were stopped: 0.0005160 seconds, Stopping threads took: 0.0000440 seconds
26.100: Application time: 0.0388710 seconds
26.100: [GC [PSYoungGen: 7696K->512K(8192K)] 16971K->9787K(26112K), 0.0004530 secs] [Times: user=0.00 sys=0.00, real=0.00 secs] 
26.100: Total time for which application threads were stopped: 0.0005440 seconds, Stopping threads took: 0.0000400 seconds
26.140: Application time: 0.0394960 seconds
26.140: [GC [PSYoungGen: 7680K->560K(8192K)] 16955K->9835K(26112K), 0.0004540 secs] [Times: user=0.00 sys=0.00, real=0.00 secs] 
26.140: Total time for which application threads were stopped: 0.0005430 seconds, Stopping threads took: 0.0000390 seconds
26.180: Application time: 0.0395480 seconds
26.181: [GC [PSYoungGen: 7728K->448K(8192K)] 17003K->9779K(26112K), 0.0004290 secs] [Times: user=0.00 sys=0.00, real=0.00 secs] 
26.182: Total time for which application threads were stopped: 0.0018820 seconds, Stopping threads took: 0.0014010 seconds
26.221: Application time: 0.0392810 seconds
26.221: [GC [PSYoungGen: 7616K->368K(8192K)] 16947K->9803K(26112K), 0.0004290 secs] [Times: user=0.00 sys=0.00, real=0.01 secs] 
26.221: Total time for which application threads were stopped: 0.0005290 seconds, Stopping threads took: 0.0000510 seconds
26.261: Application time: 0.0392230 seconds
26.265: [GC [PSYoungGen: 7536K->352K(8192K)] 16971K->9835K(26112K), 0.0004230 secs] [Times: user=0.00 sys=0.00, real=0.00 secs] 
26.266: Total time for which application threads were stopped: 0.0049540 seconds, Stopping threads took: 0.0044820 seconds
26.305: Application time: 0.0395580 seconds
26.305: [GC [PSYoungGen: 7520K->256K(8192K)] 17003K->9895K(26112K), 0.0003940 secs] [Times: user=0.00 sys=0.00, real=0.00 secs] 
26.306: Total time for which application threads were stopped: 0.0004910 seconds, Stopping threads took: 0.0000470 seconds
26.345: Application time: 0.0391900 seconds
26.345: [GC [PSYoungGen: 7422K->272K(8192K)] 17062K->9911K(26112K), 0.0003710 secs] [Times: user=0.00 sys=0.00, real=0.00 secs] 
26.345: Total time for which application threads were stopped: 0.0004700 seconds, Stopping threads took: 0.0000440 seconds
26.384: Application time: 0.0385540 seconds
26.384: [GC [PSYoungGen: 7440K->288K(8192K)] 17079K->9927K(26112K), 0.0003660 secs] [Times: user=0.00 sys=0.00, real=0.00 secs] 
26.384: Total time for which application threads were stopped: 0.0004690 seconds, Stopping threads took: 0.0000440 seconds
26.423: Application time: 0.0384810 seconds
26.423: [GC [PSYoungGen: 7456K->384K(8192K)] 17095K->10023K(26112K), 0.0003800 secs] [Times: user=0.00 sys=0.00, real=0.00 secs] 
26.423: Total time for which application threads were stopped: 0.0004770 seconds, Stopping threads took: 0.0000460 seconds
26.462: Application time: 0.0386030 seconds
26.462: [GC [PSYoungGen: 7552K->416K(8192K)] 17191K->10055K(26112K), 0.0004110 secs] [Times: user=0.01 sys=0.00, real=0.00 secs] 
26.462: Total time for which application threads were stopped: 0.0005140 seconds, Stopping threads took: 0.0000530 seconds
26.501: Application time: 0.0383310 seconds
26.501: [GC [PSYoungGen: 7584K->512K(8192K)] 17223K->10151K(26112K), 0.0004280 secs] [Times: user=0.00 sys=0.00, real=0.01 secs] 
26.501: Total time for which application threads were stopped: 0.0005190 seconds, Stopping threads took: 0.0000390 seconds
26.540: Application time: 0.0392450 seconds
26.541: [GC [PSYoungGen: 7680K->544K(8192K)] 17319K->10183K(26112K), 0.0004640 secs] [Times: user=0.00 sys=0.00, real=0.00 secs] 
26.541: Total time for which application threads were stopped: 0.0005780 seconds, Stopping threads took: 0.0000600 seconds
26.581: Application time: 0.0398380 seconds
26.581: [GC [PSYoungGen: 7712K->496K(8192K)] 17351K->10135K(26112K), 0.0004390 secs] [Times: user=0.00 sys=0.00, real=0.01 secs] 
26.581: Total time for which application threads were stopped: 0.0005350 seconds, Stopping threads took: 0.0000470 seconds
26.621: Application time: 0.0393480 seconds
26.621: [GC [PSYoungGen: 7664K->496K(8192K)] 17303K->10135K(26112K), 0.0004190 secs] [Times: user=0.00 sys=0.00, real=0.01 secs] 
26.621: Total time for which application threads were stopped: 0.0005150 seconds, Stopping threads took: 0.0000470 seconds
26.661: Application time: 0.0395840 seconds
26.661: [GC [PSYoungGen: 7664K->528K(8192K)] 17303K->10167K(26112K), 0.0004380 secs] [Times: user=0.00 sys=0.00, real=0.01 secs] 
26.661: Total time for which application threads were stopped: 0.0005280 seconds, Stopping threads took: 0.0000370 seconds
26.701: Application time: 0.0392150 seconds
26.701: [GC [PSYoungGen: 7696K->512K(8192K)] 17335K->10151K(26112K), 0.0005040 secs] [Times: user=0.00 sys=0.00, real=0.01 secs] 
26.701: Total time for which application threads were stopped: 0.0005990 seconds, Stopping threads took: 0.0000440 seconds
26.740: Application time: 0.0391970 seconds
26.740: [GC [PSYoungGen: 7680K->496K(8192K)] 17319K->10135K(26112K), 0.0004170 secs] [Times: user=0.00 sys=0.00, real=0.00 secs] 
26.741: Total time for which application threads were stopped: 0.0005150 seconds, Stopping threads took: 0.0000470 seconds
26.780: Application time: 0.0391570 seconds
26.780: [GC [PSYoungGen: 7664K->512K(8192K)] 17303K->10151K(26112K), 0.0004210 secs] [Times: user=0.00 sys=0.00, real=0.00 secs] 
26.781: Total time for which application threads were stopped: 0.0005260 seconds, Stopping threads took: 0.0000530 seconds
26.820: Application time: 0.0390950 seconds
26.820: [GC [PSYoungGen: 7680K->544K(8192K)] 17319K->10183K(26112K), 0.0004600 secs] [Times: user=0.00 sys=0.00, real=0.00 secs] 
26.820: Total time for which application threads were stopped: 0.0005570 seconds, Stopping threads took: 0.0000450 seconds
26.859: Application time: 0.0390890 seconds
26.859: [GC [PSYoungGen: 7712K->480K(8192K)] 17351K->10119K(26112K), 0.0004540 secs] [Times: user=0.00 sys=0.00, real=0.00 secs] 
26.860: Total time for which application threads were stopped: 0.0005490 seconds, Stopping threads took: 0.0000440 seconds
26.900: Application time: 0.0397440 seconds
26.900: [GC [PSYoungGen: 7648K->496K(8192K)] 17287K->10135K(26112K), 0.0004940 secs] [Times: user=0.01 sys=0.00, real=0.00 secs] 
26.900: Total time for which application threads were stopped: 0.0006280 seconds, Stopping threads took: 0.0000460 seconds
26.940: Application time: 0.0395040 seconds
26.940: [GC [PSYoungGen: 7664K->496K(8192K)] 17303K->10143K(26112K), 0.0004680 secs] [Times: user=0.00 sys=0.00, real=0.00 secs] 
26.940: Total time for which application threads were stopped: 0.0005620 seconds, Stopping threads took: 0.0000420 seconds
26.980: Application time: 0.0394170 seconds
26.980: [GC [PSYoungGen: 7664K->416K(8192K)] 17311K->10163K(26112K), 0.0004210 secs] [Times: user=0.00 sys=0.00, real=0.00 secs] 
26.980: Total time for which application threads were stopped: 0.0005160 seconds, Stopping threads took: 0.0000460 seconds
27.020: Application time: 0.0394000 seconds
27.020: [GC [PSYoungGen: 7584K->368K(8192K)] 17331K->10204K(26112K), 0.0004220 secs] [Times: user=0.01 sys=0.00, real=0.00 secs] 
27.020: Total time for which application threads were stopped: 0.0005220 seconds, Stopping threads took: 0.0000500 seconds
27.060: Application time: 0.0394580 seconds
27.060: [GC [PSYoungGen: 7536K->288K(8192K)] 17372K->10212K(26112K), 0.0004220 secs] [Times: user=0.00 sys=0.00, real=0.00 secs] 
27.060: Total time for which application threads were stopped: 0.0005120 seconds, Stopping threads took: 0.0000410 seconds
27.099: Application time: 0.0393030 seconds
27.100: [GC [PSYoungGen: 7456K->224K(8192K)] 17380K->10232K(26112K), 0.0004530 secs] [Times: user=0.00 sys=0.00, real=0.00 secs] 
27.100: Total time for which application threads were stopped: 0.0005390 seconds, Stopping threads took: 0.0000410 seconds
27.139: Application time: 0.0388630 seconds
27.139: [GC [PSYoungGen: 7392K->272K(8192K)] 17400K->10280K(26112K), 0.0003790 secs] [Times: user=0.00 sys=0.00, real=0.00 secs] 
27.139: Total time for which application threads were stopped: 0.0004750 seconds, Stopping threads took: 0.0000450 seconds
27.178: Application time: 0.0385710 seconds
27.178: [GC [PSYoungGen: 7440K->288K(8192K)] 17448K->10296K(26112K), 0.0004240 secs] [Times: user=0.00 sys=0.00, real=0.00 secs] 
27.178: Total time for which application threads were stopped: 0.0005190 seconds, Stopping threads took: 0.0000440 seconds
27.217: Application time: 0.0387470 seconds
27.217: [GC [PSYoungGen: 7456K->352K(8192K)] 17464K->10360K(26112K), 0.0004210 secs] [Times: user=0.00 sys=0.00, real=0.00 secs] 
27.218: Total time for which application threads were stopped: 0.0005190 seconds, Stopping threads took: 0.0000460 seconds
27.256: Application time: 0.0378100 seconds
27.256: [GC [PSYoungGen: 7520K->528K(8192K)] 17528K->10536K(26112K), 0.0004260 secs] [Times: user=0.00 sys=0.01, real=0.00 secs] 
27.256: Total time for which application threads were stopped: 0.0005590 seconds, Stopping threads took: 0.0000780 seconds
27.295: Application time: 0.0392220 seconds
27.295: [GC [PSYoungGen: 7696K->480K(8192K)] 17704K->10488K(26112K), 0.0004450 secs] [Times: user=0.00 sys=0.00, real=0.00 secs] 
27.296: Total time for which application threads were stopped: 0.0005320 seconds, Stopping threads took: 0.0000370 seconds
27.335: Application time: 0.0392290 seconds
27.335: [GC [PSYoungGen: 7648K->480K(8192K)] 17656K->10488K(26112K), 0.0004160 secs] [Times: user=0.00 sys=0.00, real=0.00 secs] 
27.336: Total time for which application threads were stopped: 0.0005100 seconds, Stopping threads took: 0.0000410 seconds
27.376: Application time: 0.0402410 seconds
27.376: [GC [PSYoungGen: 7648K->512K(8192K)] 17656K->10520K(26112K), 0.0004780 secs] [Times: user=0.00 sys=0.00, real=0.00 secs] 
27.376: Total time for which application threads were stopped: 0.0005710 seconds, Stopping threads took: 0.0000450 seconds
27.416: Application time: 0.0395620 seconds
27.416: [GC [PSYoungGen: 7680K->512K(8192K)] 17688K->10520K(26112K), 0.0004290 secs] [Times: user=0.00 sys=0.00, real=0.00 secs] 
27.416: Total time for which application threads were stopped: 0.0005310 seconds, Stopping threads took: 0.0000470 seconds
27.456: Application time: 0.0394090 seconds
27.456: [GC [PSYoungGen: 7680K->464K(8192K)] 17688K->10472K(26112K), 0.0004250 secs] [Times: user=0.00 sys=0.00, real=0.00 secs] 
27.456: Total time for which application threads were stopped: 0.0005190 seconds, Stopping threads took: 0.0000430 seconds
27.496: Application time: 0.0392620 seconds
27.496: [GC [PSYoungGen: 7632K->496K(8192K)] 17640K->10504K(26112K), 0.0004110 secs] [Times: user=0.00 sys=0.00, real=0.00 secs] 
27.496: Total time for which application threads were stopped: 0.0005110 seconds, Stopping threads took: 0.0000530 seconds
27.535: Application time: 0.0392380 seconds
27.535: [GC [PSYoungGen: 7664K->512K(8192K)] 17672K->10520K(26112K), 0.0004250 secs] [Times: user=0.01 sys=0.00, real=0.00 secs] 
27.536: Total time for which application threads were stopped: 0.0005180 seconds, Stopping threads took: 0.0000430 seconds
27.575: Application time: 0.0392170 seconds
27.575: [GC [PSYoungGen: 7680K->512K(8192K)] 17688K->10520K(26112K), 0.0004470 secs] [Times: user=0.00 sys=0.00, real=0.00 secs] 
27.576: Total time for which application threads were stopped: 0.0005360 seconds, Stopping threads took: 0.0000390 seconds
27.615: Application time: 0.0395120 seconds
27.615: [GC [PSYoungGen: 7680K->496K(8192K)] 17688K->10504K(26112K), 0.0005010 secs] [Times: user=0.00 sys=0.00, real=0.00 secs] 
27.616: Total time for which application threads were stopped: 0.0005990 seconds, Stopping threads took: 0.0000460 seconds
27.655: Application time: 0.0391460 seconds
27.655: [GC [PSYoungGen: 7664K->512K(8192K)] 17672K->10520K(26112K), 0.0004870 secs] [Times: user=0.00 sys=0.00, real=0.00 secs] 
27.656: Total time for which application threads were stopped: 0.0005850 seconds, Stopping threads took: 0.0000460 seconds
27.695: Application time: 0.0396190 seconds
27.695: [GC [PSYoungGen: 7680K->528K(8192K)] 17688K->10536K(26112K), 0.0004250 secs] [Times: user=0.00 sys=0.00, real=0.00 secs] 
27.696: Total time for which application threads were stopped: 0.0005240 seconds, Stopping threads took: 0.0000460 seconds
27.735: Application time: 0.0394080 seconds
27.735: [GC [PSYoungGen: 7696K->480K(8192K)] 17704K->10552K(26112K), 0.0004650 secs] [Times: user=0.00 sys=0.00, real=0.00 secs] 
27.736: Total time for which application threads were stopped: 0.0005630 seconds, Stopping threads took: 0.0000490 seconds
27.775: Application time: 0.0396420 seconds
27.775: [GC [PSYoungGen: 7648K->416K(8192K)] 17720K->10580K(26112K), 0.0004520 secs] [Times: user=0.00 sys=0.00, real=0.00 secs] 
27.776: Total time for which application threads were stopped: 0.0005450 seconds, Stopping threads took: 0.0000430 seconds
27.815: Application time: 0.0393320 seconds
27.815: [GC [PSYoungGen: 7584K->336K(8192K)] 17748K->10556K(26112K), 0.0003860 secs] [Times: user=0.00 sys=0.00, real=0.00 secs] 
27.816: Total time for which application threads were stopped: 0.0004740 seconds, Stopping threads took: 0.0000400 seconds
27.855: Application time: 0.0394080 seconds
27.855: [GC [PSYoungGen: 7504K->272K(8192K)] 17724K->10620K(26112K), 0.0004030 secs] [Times: user=0.00 sys=0.00, real=0.00 secs] 
27.856: Total time for which application threads were stopped: 0.0004960 seconds, Stopping threads took: 0.0000420 seconds
27.895: Application time: 0.0393130 seconds
27.895: [GC [PSYoungGen: 7440K->240K(8192K)] 17788K->10652K(26112K), 0.0004010 secs] [Times: user=0.00 sys=0.00, real=0.00 secs] 
27.895: Total time for which application threads were stopped: 0.0004950 seconds, Stopping threads took: 0.0000460 seconds
27.934: Application time: 0.0391080 seconds
27.935: [GC [PSYoungGen: 7408K->256K(8192K)] 17820K->10668K(26112K), 0.0004310 secs] [Times: user=0.00 sys=0.00, real=0.00 secs] 
27.935: Total time for which application threads were stopped: 0.0005540 seconds, Stopping threads took: 0.0000510 seconds
27.974: Application time: 0.0386050 seconds
27.974: [GC [PSYoungGen: 7424K->336K(8192K)] 17836K->10748K(26112K), 0.0004580 secs] [Times: user=0.00 sys=0.00, real=0.00 secs] 
27.974: Total time for which application threads were stopped: 0.0005600 seconds, Stopping threads took: 0.0000520 seconds
28.013: Application time: 0.0386310 seconds
28.013: [GC [PSYoungGen: 7504K->352K(8192K)] 17916K->10764K(26112K), 0.0003920 secs] [Times: user=0.00 sys=0.00, real=0.00 secs] 
28.013: Total time for which application threads were stopped: 0.0004950 seconds, Stopping threads took: 0.0000520 seconds
28.051: Application time: 0.0375340 seconds
28.051: [GC [PSYoungGen: 7520K->512K(8192K)] 17932K->10924K(26112K), 0.0004950 secs] [Times: user=0.00 sys=0.00, real=0.00 secs] 
28.051: Total time for which application threads were stopped: 0.0005930 seconds, Stopping threads took: 0.0000470 seconds
28.091: Application time: 0.0392330 seconds
28.091: [GC [PSYoungGen: 7680K->496K(8192K)] 18092K->10908K(26112K), 0.0004780 secs] [Times: user=0.00 sys=0.00, real=0.00 secs] 
28.091: Total time for which application threads were stopped: 0.0005740 seconds, Stopping threads took: 0.0000390 seconds
28.131: Application time: 0.0398540 seconds
28.131: [GC [PSYoungGen: 7664K->496K(8192K)] 18076K->10908K(26112K), 0.0004140 secs] [Times: user=0.00 sys=0.00, real=0.00 secs] 
28.132: Total time for which application threads were stopped: 0.0005090 seconds, Stopping threads took: 0.0000450 seconds
28.171: Application time: 0.0395980 seconds
28.171: [GC [PSYoungGen: 7664K->496K(8192K)] 18076K->10908K(26112K), 0.0004200 secs] [Times: user=0.00 sys=0.00, real=0.00 secs] 
28.172: Total time for which application threads were stopped: 0.0005220 seconds, Stopping threads took: 0.0000530 seconds
28.211: Application time: 0.0393720 seconds
28.211: [GC [PSYoungGen: 7664K->480K(8192K)] 18076K->10892K(26112K), 0.0004900 secs] [Times: user=0.00 sys=0.00, real=0.00 secs] 
28.212: Total time for which application threads were stopped: 0.0005840 seconds, Stopping threads took: 0.0000420 seconds
28.251: Application time: 0.0397460 seconds
28.252: [GC [PSYoungGen: 7648K->480K(8192K)] 18060K->10892K(26112K), 0.0004670 secs] [Times: user=0.00 sys=0.00, real=0.00 secs] 
28.252: Total time for which application threads were stopped: 0.0005730 seconds, Stopping threads took: 0.0000540 seconds
28.291: Application time: 0.0393300 seconds
28.291: [GC [PSYoungGen: 7648K->512K(8192K)] 18060K->10924K(26112K), 0.0004280 secs] [Times: user=0.00 sys=0.00, real=0.00 secs] 
28.292: Total time for which application threads were stopped: 0.0005220 seconds, Stopping threads took: 0.0000430 seconds
28.331: Application time: 0.0393600 seconds
28.331: [GC [PSYoungGen: 7671K->512K(8192K)] 18084K->10924K(26112K), 0.0004120 secs] [Times: user=0.01 sys=0.00, real=0.00 secs] 
28.332: Total time for which application threads were stopped: 0.0005100 seconds, Stopping threads took: 0.0000470 seconds
28.371: Application time: 0.0392710 seconds
28.373: [GC [PSYoungGen: 7680K->512K(8192K)] 18092K->10924K(26112K), 0.0004220 secs] [Times: user=0.00 sys=0.00, real=0.00 secs] 
28.374: Total time for which application threads were stopped: 0.0024810 seconds, Stopping threads took: 0.0020080 seconds
28.413: Application time: 0.0393610 seconds
28.413: [GC [PSYoungGen: 7680K->496K(8192K)] 18092K->10908K(26112K), 0.0004210 secs] [Times: user=0.00 sys=0.00, real=0.00 secs] 
28.413: Total time for which application threads were stopped: 0.0005240 seconds, Stopping threads took: 0.0000500 seconds
28.453: Application time: 0.0392450 seconds
28.453: [GC [PSYoungGen: 7664K->496K(8192K)] 18076K->10908K(26112K), 0.0004280 secs] [Times: user=0.00 sys=0.00, real=0.00 secs] 
28.453: Total time for which application threads were stopped: 0.0005320 seconds, Stopping threads took: 0.0000440 seconds
28.493: Application time: 0.0398800 seconds
28.493: [GC [PSYoungGen: 7664K->480K(8192K)] 18076K->10892K(26112K), 0.0004100 secs] [Times: user=0.00 sys=0.00, real=0.00 secs] 
28.494: Total time for which application threads were stopped: 0.0004970 seconds, Stopping threads took: 0.0000370 seconds
28.533: Application time: 0.0395790 seconds
28.533: [GC [PSYoungGen: 7648K->512K(8192K)] 18060K->10972K(26112K), 0.0004570 secs] [Times: user=0.00 sys=0.00, real=0.00 secs] 
28.534: Total time for which application threads were stopped: 0.0005430 seconds, Stopping threads took: 0.0000380 seconds
28.573: Application time: 0.0393570 seconds
28.573: [GC [PSYoungGen: 7680K->400K(8192K)] 18140K->10948K(26112K), 0.0004010 secs] [Times: user=0.00 sys=0.00, real=0.00 secs] 
28.574: Total time for which application threads were stopped: 0.0004980 seconds, Stopping threads took: 0.0000460 seconds
28.613: Application time: 0.0393830 seconds
28.613: [GC [PSYoungGen: 7568K->384K(8192K)] 18116K->10980K(26112K), 0.0003980 secs] [Times: user=0.00 sys=0.00, real=0.00 secs] 
28.613: Total time for which application threads were stopped: 0.0004980 seconds, Stopping threads took: 0.0000480 seconds
28.653: Application time: 0.0395550 seconds
28.653: [GC [PSYoungGen: 7552K->256K(8192K)] 18148K->11004K(26112K), 0.0003960 secs] [Times: user=0.00 sys=0.00, real=0.00 secs] 
28.653: Total time for which application threads were stopped: 0.0004910 seconds, Stopping threads took: 0.0000450 seconds
28.693: Application time: 0.0390340 seconds
28.693: [GC [PSYoungGen: 7424K->272K(8192K)] 18172K->11020K(26112K), 0.0004050 secs] [Times: user=0.00 sys=0.00, real=0.00 secs] 
28.693: Total time for which application threads were stopped: 0.0005110 seconds, Stopping threads took: 0.0000520 seconds
28.732: Application time: 0.0394550 seconds
28.733: [GC [PSYoungGen: 7440K->256K(8192K)] 18188K->11004K(26112K), 0.0003800 secs] [Times: user=0.01 sys=0.00, real=0.00 secs] 
28.733: Total time for which application threads were stopped: 0.0004680 seconds, Stopping threads took: 0.0000400 seconds
28.771: Application time: 0.0383880 seconds
28.771: [GC [PSYoungGen: 7424K->336K(8192K)] 18172K->11084K(26112K), 0.0004030 secs] [Times: user=0.00 sys=0.00, real=0.00 secs] 
28.772: Total time for which application threads were stopped: 0.0004920 seconds, Stopping threads took: 0.0000390 seconds
28.810: Application time: 0.0385460 seconds
28.810: [GC [PSYoungGen: 7504K->384K(8192K)] 18252K->11132K(26112K), 0.0004020 secs] [Times: user=0.00 sys=0.00, real=0.00 secs] 
28.811: Total time for which application threads were stopped: 0.0004940 seconds, Stopping threads took: 0.0000430 seconds
28.849: Application time: 0.0378880 seconds
28.849: [GC [PSYoungGen: 7552K->528K(8192K)] 18300K->11276K(26112K), 0.0004240 secs] [Times: user=0.00 sys=0.00, real=0.01 secs] 
28.849: Total time for which application threads were stopped: 0.0005150 seconds, Stopping threads took: 0.0000380 seconds
28.889: Application time: 0.0393690 seconds
28.889: [GC [PSYoungGen: 7696K->528K(8192K)] 18444K->11276K(26112K), 0.0004250 secs] [Times: user=0.00 sys=0.00, real=0.01 secs] 
28.889: Total time for which application threads were stopped: 0.0005270 seconds, Stopping threads took: 0.0000490 seconds
28.929: Application time: 0.0398470 seconds
28.929: [GC [PSYoungGen: 7696K->496K(8192K)] 18444K->11244K(26112K), 0.0004720 secs] [Times: user=0.00 sys=0.00, real=0.00 secs] 
28.930: Total time for which application threads were stopped: 0.0005890 seconds, Stopping threads took: 0.0000590 seconds
28.969: Application time: 0.0393560 seconds
28.973: [GC [PSYoungGen: 7664K->480K(8192K)] 18412K->11228K(26112K), 0.0004220 secs] [Times: user=0.00 sys=0.00, real=0.00 secs] 
28.974: Total time for which application threads were stopped: 0.0045320 seconds, Stopping threads took: 0.0040480 seconds
29.013: Application time: 0.0394060 seconds
29.013: [GC [PSYoungGen: 7648K->480K(8192K)] 18396K->11228K(26112K), 0.0004330 secs] [Times: user=0.00 sys=0.00, real=0.00 secs] 
29.013: Total time for which application threads were stopped: 0.0005340 seconds, Stopping threads took: 0.0000480 seconds
29.053: Application time: 0.0395020 seconds
29.053: [GC [PSYoungGen: 7648K->528K(8192K)] 18396K->11276K(26112K), 0.0004240 secs] [Times: user=0.00 sys=0.00, real=0.00 secs] 
29.053: Total time for which application threads were stopped: 0.0005130 seconds, Stopping threads took: 0.0000400 seconds
29.093: Application time: 0.0392260 seconds
29.093: [GC [PSYoungGen: 7696K->480K(8192K)] 18444K->11228K(26112K), 0.0004300 secs] [Times: user=0.00 sys=0.00, real=0.00 secs] 
29.093: Total time for which application threads were stopped: 0.0005330 seconds, Stopping threads took: 0.0000510 seconds
29.133: Application time: 0.0393470 seconds
29.133: [GC [PSYoungGen: 7648K->496K(8192K)] 18396K->11244K(26112K), 0.0004310 secs] [Times: user=0.00 sys=0.00, real=0.00 secs] 
29.133: Total time for which application threads were stopped: 0.0005250 seconds, Stopping threads took: 0.0000430 seconds
29.173: Application time: 0.0394000 seconds
29.173: [GC [PSYoungGen: 7664K->480K(8192K)] 18412K->11228K(26112K), 0.0004370 secs] [Times: user=0.00 sys=0.00, real=0.00 secs] 
29.173: Total time for which application threads were stopped: 0.0005250 seconds, Stopping threads took: 0.0000380 seconds
29.212: Application time: 0.0390460 seconds
29.212: [GC [PSYoungGen: 7648K->512K(8192K)] 18396K->11260K(26112K), 0.0004370 secs] [Times: user=0.00 sys=0.00, real=0.00 secs] 
29.213: Total time for which application threads were stopped: 0.0005290 seconds, Stopping threads took: 0.0000390 seconds
29.252: Application time: 0.0391170 seconds
29.252: [GC [PSYoungGen: 7680K->512K(8192K)] 18428K->11260K(26112K), 0.0004170 secs] [Times: user=0.00 sys=0.00, real=0.00 secs] 
29.252: Total time for which application threads were stopped: 0.0005100 seconds, Stopping threads took: 0.0000430 seconds
29.292: Application time: 0.0392940 seconds
29.292: [GC [PSYoungGen: 7680K->496K(8192K)] 18428K->11292K(26112K), 0.0004370 secs] [Times: user=0.00 sys=0.00, real=0.00 secs] 
29.292: Total time for which application threads were stopped: 0.0005260 seconds, Stopping threads took: 0.0000390 seconds
29.332: Application time: 0.0397190 seconds
29.333: [GC [PSYoungGen: 7664K->448K(8192K)] 18460K->11244K(26112K), 0.0004200 secs] [Times: user=0.00 sys=0.00, real=0.00 secs] 
29.334: Total time for which application threads were stopped: 0.0017120 seconds, Stopping threads took: 0.0012420 seconds
29.373: Application time: 0.0393040 seconds
29.373: [GC [PSYoungGen: 7616K->368K(8192K)] 18412K->11260K(26112K), 0.0004070 secs] [Times: user=0.00 sys=0.00, real=0.00 secs] 
29.373: Total time for which application threads were stopped: 0.0005020 seconds, Stopping threads took: 0.0000460 seconds
29.413: Application time: 0.0392860 seconds
29.413: [GC [PSYoungGen: 7536K->336K(8192K)] 18428K->11332K(26112K), 0.0003980 secs] [Times: user=0.00 sys=0.00, real=0.00 secs] 
29.413: Total time for which application threads were stopped: 0.0004920 seconds, Stopping threads took: 0.0000430 seconds
29.452: Application time: 0.0392800 seconds
29.452: [GC [PSYoungGen: 7504K->256K(8192K)] 18500K->11380K(26112K), 0.0003820 secs] [Times: user=0.01 sys=0.00, real=0.00 secs] 
29.453: Total time for which application threads were stopped: 0.0004790 seconds, Stopping threads took: 0.0000470 seconds
29.492: Application time: 0.0389880 seconds
29.492: [GC [PSYoungGen: 7424K->272K(8192K)] 18548K->11396K(26112K), 0.0004070 secs] [Times: user=0.00 sys=0.00, real=0.00 secs] 
29.492: Total time for which application threads were stopped: 0.0005070 seconds, Stopping threads took: 0.0000440 seconds
29.532: Application time: 0.0391780 seconds
29.532: [GC [PSYoungGen: 7440K->272K(8192K)] 18564K->11396K(26112K), 0.0003730 secs] [Times: user=0.00 sys=0.00, real=0.00 secs] 
29.532: Total time for which application threads were stopped: 0.0004720 seconds, Stopping threads took: 0.0000530 seconds
29.570: Application time: 0.0379180 seconds
29.570: [GC [PSYoungGen: 7440K->368K(8192K)] 18564K->11492K(26112K), 0.0004550 secs] [Times: user=0.00 sys=0.00, real=0.00 secs] 
29.570: Total time for which application threads were stopped: 0.0005480 seconds, Stopping threads took: 0.0000410 seconds
29.608: Application time: 0.0379740 seconds
29.609: [GC [PSYoungGen: 7536K->480K(8192K)] 18660K->11604K(26112K), 0.0005280 secs] [Times: user=0.00 sys=0.00, real=0.01 secs] 
29.609: Total time for which application threads were stopped: 0.0006260 seconds, Stopping threads took: 0.0000450 seconds
29.648: Application time: 0.0390100 seconds
29.648: [GC [PSYoungGen: 7648K->496K(8192K)] 18772K->11620K(26112K), 0.0004430 secs] [Times: user=0.00 sys=0.00, real=0.00 secs] 
29.649: Total time for which application threads were stopped: 0.0005340 seconds, Stopping threads took: 0.0000390 seconds
29.688: Application time: 0.0394220 seconds
29.688: [GC [PSYoungGen: 7664K->480K(8192K)] 18788K->11604K(26112K), 0.0004810 secs] [Times: user=0.00 sys=0.00, real=0.00 secs] 
29.689: Total time for which application threads were stopped: 0.0005700 seconds, Stopping threads took: 0.0000380 seconds
29.728: Application time: 0.0395520 seconds
29.728: [GC [PSYoungGen: 7648K->480K(8192K)] 18772K->11604K(26112K), 0.0004450 secs] [Times: user=0.00 sys=0.00, real=0.00 secs] 
29.729: Total time for which application threads were stopped: 0.0005370 seconds, Stopping threads took: 0.0000420 seconds
29.768: Application time: 0.0394700 seconds
29.768: [GC [PSYoungGen: 7648K->496K(8192K)] 18772K->11620K(26112K), 0.0004370 secs] [Times: user=0.00 sys=0.00, real=0.00 secs] 
29.769: Total time for which application threads were stopped: 0.0005320 seconds, Stopping threads took: 0.0000450 seconds
29.808: Application time: 0.0395590 seconds
29.809: [GC [PSYoungGen: 7664K->496K(8192K)] 18788K->11620K(26112K), 0.0004490 secs] [Times: user=0.00 sys=0.00, real=0.00 secs] 
29.810: Total time for which application threads were stopped: 0.0012530 seconds, Stopping threads took: 0.0007540 seconds
29.849: Application time: 0.0391950 seconds
29.849: [GC [PSYoungGen: 7664K->512K(8192K)] 18788K->11636K(26112K), 0.0004290 secs] [Times: user=0.00 sys=0.00, real=0.01 secs] 
29.849: Total time for which application threads were stopped: 0.0005160 seconds, Stopping threads took: 0.0000380 seconds
29.888: Application time: 0.0392240 seconds
29.889: [GC [PSYoungGen: 7680K->496K(8192K)] 18804K->11620K(26112K), 0.0004310 secs] [Times: user=0.00 sys=0.00, real=0.00 secs] 
29.889: Total time for which application threads were stopped: 0.0005320 seconds, Stopping threads took: 0.0000480 seconds
29.929: Application time: 0.0399160 seconds
29.929: [GC [PSYoungGen: 7664K->512K(8192K)] 18788K->11636K(26112K), 0.0004540 secs] [Times: user=0.01 sys=0.00, real=0.00 secs] 
29.930: Total time for which application threads were stopped: 0.0005740 seconds, Stopping threads took: 0.0000600 seconds
29.969: Application time: 0.0392860 seconds
29.969: [GC [PSYoungGen: 7680K->512K(8192K)] 18804K->11636K(26112K), 0.0005300 secs] [Times: user=0.00 sys=0.00, real=0.01 secs] 
29.969: Total time for which application threads were stopped: 0.0006270 seconds, Stopping threads took: 0.0000460 seconds
30.009: Application time: 0.0391670 seconds
30.009: [GC [PSYoungGen: 7680K->496K(8192K)] 18804K->11620K(26112K), 0.0004690 secs] [Times: user=0.00 sys=0.00, real=0.01 secs] 
30.009: Total time for which application threads were stopped: 0.0005770 seconds, Stopping threads took: 0.0000460 seconds
30.049: Application time: 0.0395990 seconds
30.049: [GC [PSYoungGen: 7664K->528K(8192K)] 18788K->11652K(26112K), 0.0004920 secs] [Times: user=0.00 sys=0.00, real=0.01 secs] 
30.050: Total time for which application threads were stopped: 0.0016830 seconds, Stopping threads took: 0.0000440 seconds
30.090: Application time: 0.0393120 seconds
30.090: [GC [PSYoungGen: 7696K->480K(8192K)] 18820K->11660K(26112K), 0.0004420 secs] [Times: user=0.00 sys=0.00, real=0.00 secs] 
30.090: Total time for which application threads were stopped: 0.0005340 seconds, Stopping threads took: 0.0000430 seconds
30.130: Application time: 0.0395160 seconds
30.130: [GC [PSYoungGen: 7648K->448K(8192K)] 18828K->11629K(26112K), 0.0004350 secs] [Times: user=0.00 sys=0.00, real=0.00 secs] 
30.130: Total time for which application threads were stopped: 0.0005250 seconds, Stopping threads took: 0.0000390 seconds
30.170: Application time: 0.0393690 seconds
30.170: [GC [PSYoungGen: 7616K->352K(8192K)] 18797K->11653K(26112K), 0.0004080 secs] [Times: user=0.00 sys=0.00, real=0.00 secs] 
30.170: Total time for which application threads were stopped: 0.0005060 seconds, Stopping threads took: 0.0000490 seconds
30.210: Application time: 0.0395970 seconds
30.210: [GC [PSYoungGen: 7520K->272K(8192K)] 18821K->11697K(26112K), 0.0004720 secs] [Times: user=0.00 sys=0.00, real=0.00 secs] 
30.210: Total time for which application threads were stopped: 0.0005610 seconds, Stopping threads took: 0.0000380 seconds
30.250: Application time: 0.0391880 seconds
30.250: [GC [PSYoungGen: 7440K->272K(8192K)] 18865K->11753K(26112K), 0.0004500 secs] [Times: user=0.00 sys=0.00, real=0.00 secs] 
30.250: Total time for which application threads were stopped: 0.0005420 seconds, Stopping threads took: 0.0000430 seconds
30.289: Application time: 0.0392630 seconds
30.289: [GC [PSYoungGen: 7440K->272K(8192K)] 18921K->11753K(26112K), 0.0003660 secs] [Times: user=0.00 sys=0.00, real=0.00 secs] 
30.290: Total time for which application threads were stopped: 0.0004660 seconds, Stopping threads took: 0.0000450 seconds
30.328: Application time: 0.0383870 seconds
30.328: [GC [PSYoungGen: 7440K->352K(8192K)] 18921K->11833K(26112K), 0.0003890 secs] [Times: user=0.00 sys=0.00, real=0.00 secs] 
30.329: Total time for which application threads were stopped: 0.0004800 seconds, Stopping threads took: 0.0000420 seconds
30.368: Application time: 0.0388780 seconds
30.368: [GC [PSYoungGen: 7520K->400K(8192K)] 19001K->11881K(26112K), 0.0003920 secs] [Times: user=0.01 sys=0.00, real=0.00 secs] 
30.368: Total time for which application threads were stopped: 0.0004850 seconds, Stopping threads took: 0.0000400 seconds
30.405: Application time: 0.0374050 seconds
30.406: [GC [PSYoungGen: 7568K->496K(8192K)] 19049K->11977K(26112K), 0.0004170 secs] [Times: user=0.01 sys=0.00, real=0.00 secs] 
30.406: Total time for which application threads were stopped: 0.0005160 seconds, Stopping threads took: 0.0000460 seconds
30.446: Application time: 0.0396130 seconds
30.446: [GC [PSYoungGen: 7664K->512K(8192K)] 19145K->11993K(26112K), 0.0004820 secs] [Times: user=0.00 sys=0.00, real=0.00 secs] 
30.446: Total time for which application threads were stopped: 0.0005770 seconds, Stopping threads took: 0.0000440 seconds
30.486: Application time: 0.0393340 seconds
30.486: [GC [PSYoungGen: 7680K->496K(8192K)] 19161K->11977K(26112K), 0.0004540 secs] [Times: user=0.00 sys=0.00, real=0.00 secs] 
30.486: Total time for which application threads were stopped: 0.0005410 seconds, Stopping threads took: 0.0000440 seconds
30.526: Application time: 0.0396930 seconds
30.526: [GC [PSYoungGen: 7664K->512K(8192K)] 19145K->11993K(26112K), 0.0004630 secs] [Times: user=0.00 sys=0.00, real=0.00 secs] 
30.526: Total time for which application threads were stopped: 0.0005630 seconds, Stopping threads took: 0.0000410 seconds
30.566: Application time: 0.0394640 seconds
30.566: [GC [PSYoungGen: 7680K->496K(8192K)] 19161K->11977K(26112K), 0.0004230 secs] [Times: user=0.00 sys=0.00, real=0.00 secs] 
30.566: Total time for which application threads were stopped: 0.0005170 seconds, Stopping threads took: 0.0000470 seconds
30.606: Application time: 0.0394850 seconds
30.606: [GC [PSYoungGen: 7664K->496K(8192K)] 19145K->11977K(26112K), 0.0004320 secs] [Times: user=0.00 sys=0.00, real=0.00 secs] 
30.606: Total time for which application threads were stopped: 0.0005300 seconds, Stopping threads took: 0.0000450 seconds
30.646: Application time: 0.0393540 seconds
30.646: [GC [PSYoungGen: 7664K->496K(8192K)] 19145K->11977K(26112K), 0.0004840 secs] [Times: user=0.00 sys=0.00, real=0.00 secs] 
30.646: Total time for which application threads were stopped: 0.0005750 seconds, Stopping threads took: 0.0000400 seconds
30.686: Application time: 0.0393160 seconds
30.686: [GC [PSYoungGen: 7664K->528K(8192K)] 19145K->12009K(26112K), 0.0004380 secs] [Times: user=0.01 sys=0.00, real=0.00 secs] 
30.686: Total time for which application threads were stopped: 0.0005390 seconds, Stopping threads took: 0.0000510 seconds
30.725: Application time: 0.0391050 seconds
30.725: [GC [PSYoungGen: 7696K->512K(8192K)] 19177K->11993K(26112K), 0.0004160 secs] [Times: user=0.00 sys=0.00, real=0.00 secs] 
30.726: Total time for which application threads were stopped: 0.0005090 seconds, Stopping threads took: 0.0000430 seconds
30.765: Application time: 0.0393050 seconds
30.765: [GC [PSYoungGen: 7680K->544K(8192K)] 19161K->12025K(26112K), 0.0004530 secs] [Times: user=0.01 sys=0.00, real=0.00 secs] 
30.766: Total time for which application threads were stopped: 0.0005450 seconds, Stopping threads took: 0.0000410 seconds
30.805: Application time: 0.0389950 seconds
30.805: [GC [PSYoungGen: 7712K->528K(8192K)] 19193K->12009K(26112K), 0.0004440 secs] [Times: user=0.00 sys=0.00, real=0.00 secs] 
30.805: Total time for which application threads were stopped: 0.0005410 seconds, Stopping threads took: 0.0000460 seconds
30.845: Application time: 0.0394310 seconds
30.845: [GC [PSYoungGen: 7696K->448K(8192K)] 19177K->11985K(26112K), 0.0004790 secs] [Times: user=0.00 sys=0.00, real=0.00 secs] 
30.845: Total time for which application threads were stopped: 0.0005850 seconds, Stopping threads took: 0.0000460 seconds
30.884: Application time: 0.0392660 seconds
30.884: [GC [PSYoungGen: 7616K->448K(8192K)] 19153K->11985K(26112K), 0.0004100 secs] [Times: user=0.00 sys=0.00, real=0.00 secs] 
30.885: Total time for which application threads were stopped: 0.0005080 seconds, Stopping threads took: 0.0000490 seconds
30.925: Application time: 0.0397740 seconds
30.925: [GC [PSYoungGen: 7616K->384K(8192K)] 19153K->12009K(26112K), 0.0004710 secs] [Times: user=0.00 sys=0.00, real=0.00 secs] 
30.925: Total time for which application threads were stopped: 0.0005750 seconds, Stopping threads took: 0.0000460 seconds
30.965: Application time: 0.0394610 seconds
30.965: [GC [PSYoungGen: 7552K->352K(8192K)] 19177K->12049K(26112K), 0.0004300 secs] [Times: user=0.00 sys=0.00, real=0.00 secs] 
30.965: Total time for which application threads were stopped: 0.0005190 seconds, Stopping threads took: 0.0000390 seconds
31.005: Application time: 0.0394310 seconds
31.005: [GC [PSYoungGen: 7520K->256K(8192K)] 19217K->12097K(26112K), 0.0003900 secs] [Times: user=0.00 sys=0.00, real=0.00 secs] 
31.005: Total time for which application threads were stopped: 0.0004950 seconds, Stopping threads took: 0.0000540 seconds
31.044: Application time: 0.0388160 seconds
31.044: [GC [PSYoungGen: 7424K->272K(8192K)] 19265K->12113K(26112K), 0.0003650 secs] [Times: user=0.00 sys=0.00, real=0.00 secs] 
31.044: Total time for which application threads were stopped: 0.0004630 seconds, Stopping threads took: 0.0000410 seconds
31.084: Application time: 0.0395040 seconds
31.084: [GC [PSYoungGen: 7440K->240K(8192K)] 19281K->12081K(26112K), 0.0004070 secs] [Times: user=0.01 sys=0.00, real=0.00 secs] 
31.084: Total time for which application threads were stopped: 0.0005050 seconds, Stopping threads took: 0.0000500 seconds
31.123: Application time: 0.0382760 seconds
31.123: [GC [PSYoungGen: 7408K->336K(8192K)] 19249K->12177K(26112K), 0.0004290 secs] [Times: user=0.00 sys=0.00, real=0.00 secs] 
31.123: Total time for which application threads were stopped: 0.0005170 seconds, Stopping threads took: 0.0000390 seconds
31.162: Application time: 0.0385450 seconds
31.162: [GC [PSYoungGen: 7504K->400K(8192K)] 19345K->12241K(26112K), 0.0004760 secs] [Times: user=0.00 sys=0.00, real=0.00 secs] 
31.162: Total time for which application threads were stopped: 0.0005690 seconds, Stopping threads took: 0.0000410 seconds
31.200: Application time: 0.0378900 seconds
31.200: [GC [PSYoungGen: 7568K->480K(8192K)] 19409K->12321K(26112K), 0.0004790 secs] [Times: user=0.01 sys=0.00, real=0.00 secs] 
31.201: Total time for which application threads were stopped: 0.0005750 seconds, Stopping threads took: 0.0000460 seconds
31.240: Application time: 0.0392490 seconds
31.240: [GC [PSYoungGen: 7648K->496K(8192K)] 19489K->12337K(26112K), 0.0004270 secs] [Times: user=0.00 sys=0.00, real=0.00 secs] 
31.241: Total time for which application threads were stopped: 0.0005130 seconds, Stopping threads took: 0.0000380 seconds
31.280: Application time: 0.0394000 seconds
31.280: [GC [PSYoungGen: 7664K->496K(8192K)] 19505K->12337K(26112K), 0.0004150 secs] [Times: user=0.00 sys=0.00, real=0.00 secs] 
31.281: Total time for which application threads were stopped: 0.0005120 seconds, Stopping threads took: 0.0000480 seconds
31.320: Application time: 0.0395880 seconds
31.320: [GC [PSYoungGen: 7664K->528K(8192K)] 19505K->12369K(26112K), 0.0004710 secs] [Times: user=0.01 sys=0.00, real=0.00 secs] 
31.321: Total time for which application threads were stopped: 0.0005630 seconds, Stopping threads took: 0.0000400 seconds
31.360: Application time: 0.0396400 seconds
31.360: [GC [PSYoungGen: 7696K->512K(8192K)] 19537K->12353K(26112K), 0.0004330 secs] [Times: user=0.01 sys=0.00, real=0.00 secs] 
31.361: Total time for which application threads were stopped: 0.0005170 seconds, Stopping threads took: 0.0000330 seconds
31.400: Application time: 0.0393140 seconds
31.400: [GC [PSYoungGen: 7680K->496K(8192K)] 19521K->12337K(26112K), 0.0004690 secs] [Times: user=0.00 sys=0.00, real=0.00 secs] 
31.401: Total time for which application threads were stopped: 0.0005600 seconds, Stopping threads took: 0.0000430 seconds
31.440: Application time: 0.0391910 seconds
31.440: [GC [PSYoungGen: 7664K->496K(8192K)] 19505K->12337K(26112K), 0.0004520 secs] [Times: user=0.00 sys=0.00, real=0.00 secs] 
31.440: Total time for which application threads were stopped: 0.0005440 seconds, Stopping threads took: 0.0000430 seconds
31.480: Application time: 0.0398380 seconds
31.480: [GC [PSYoungGen: 7664K->544K(8192K)] 19505K->12385K(26112K), 0.0004930 secs] [Times: user=0.00 sys=0.00, real=0.00 secs] 
31.481: Total time for which application threads were stopped: 0.0005780 seconds, Stopping threads took: 0.0000360 seconds
31.520: Application time: 0.0392300 seconds
31.520: [GC [PSYoungGen: 7712K->528K(8192K)] 19553K->12369K(26112K), 0.0004420 secs] [Times: user=0.00 sys=0.00, real=0.00 secs] 
31.521: Total time for which application threads were stopped: 0.0005530 seconds, Stopping threads took: 0.0000590 seconds
31.560: Application time: 0.0391790 seconds
31.560: [GC [PSYoungGen: 7696K->464K(8192K)] 19537K->12305K(26112K), 0.0004290 secs] [Times: user=0.00 sys=0.00, real=0.00 secs] 
31.560: Total time for which application threads were stopped: 0.0005300 seconds, Stopping threads took: 0.0000440 seconds
31.600: Application time: 0.0391330 seconds
31.600: [GC [PSYoungGen: 7632K->512K(8192K)] 19473K->12353K(26112K), 0.0004330 secs] [Times: user=0.00 sys=0.00, real=0.00 secs] 
31.600: Total time for which application threads were stopped: 0.0005230 seconds, Stopping threads took: 0.0000380 seconds
31.640: Application time: 0.0397300 seconds
31.640: [GC [PSYoungGen: 7680K->480K(8192K)] 19521K->12377K(26112K), 0.0004250 secs] [Times: user=0.01 sys=0.00, real=0.00 secs] 
31.640: Total time for which application threads were stopped: 0.0005190 seconds, Stopping threads took: 0.0000430 seconds
31.680: Application time: 0.0395210 seconds
31.680: [GC [PSYoungGen: 7648K->496K(8192K)] 19545K->12393K(26112K), 0.0004170 secs] [Times: user=0.00 sys=0.00, real=0.00 secs] 
31.680: Total time for which application threads were stopped: 0.0005100 seconds, Stopping threads took: 0.0000440 seconds
31.720: Application time: 0.0393130 seconds
31.720: [GC [PSYoungGen: 7664K->384K(8192K)] 19561K->12385K(26112K), 0.0004080 secs] [Times: user=0.00 sys=0.00, real=0.00 secs] 
31.720: Total time for which application threads were stopped: 0.0005010 seconds, Stopping threads took: 0.0000430 seconds
31.759: Application time: 0.0393080 seconds
31.760: [GC [PSYoungGen: 7552K->352K(8192K)] 19553K->12457K(26112K), 0.0004530 secs] [Times: user=0.01 sys=0.00, real=0.00 secs] 
31.760: Total time for which application threads were stopped: 0.0005410 seconds, Stopping threads took: 0.0000380 seconds
31.799: Application time: 0.0393280 seconds
31.799: [GC [PSYoungGen: 7520K->256K(8192K)] 19625K->12497K(26112K), 0.0003890 secs] [Times: user=0.00 sys=0.00, real=0.00 secs] 
31.800: Total time for which application threads were stopped: 0.0004810 seconds, Stopping threads took: 0.0000430 seconds
31.839: Application time: 0.0390320 seconds
31.839: [GC [PSYoungGen: 7424K->272K(8192K)] 19665K->12513K(26112K), 0.0004050 secs] [Times: user=0.01 sys=0.00, real=0.00 secs] 
31.839: Total time for which application threads were stopped: 0.0004990 seconds, Stopping threads took: 0.0000470 seconds
31.879: Application time: 0.0392640 seconds
31.879: [GC [PSYoungGen: 7440K->240K(8192K)] 19681K->12481K(26112K), 0.0004580 secs] [Times: user=0.00 sys=0.00, real=0.00 secs] 
31.879: Total time for which application threads were stopped: 0.0005410 seconds, Stopping threads took: 0.0000320 seconds
31.918: Application time: 0.0389400 seconds
31.918: [GC [PSYoungGen: 7403K->352K(8192K)] 19644K->12593K(26112K), 0.0004030 secs] [Times: user=0.00 sys=0.00, real=0.00 secs] 
31.919: Total time for which application threads were stopped: 0.0005090 seconds, Stopping threads took: 0.0000500 seconds
31.955: Application time: 0.0366430 seconds
31.957: [GC [PSYoungGen: 7520K->496K(8192K)] 19761K->12737K(26112K), 0.0005000 secs] [Times: user=0.00 sys=0.00, real=0.00 secs] 
31.958: Total time for which application threads were stopped: 0.0023580 seconds, Stopping threads took: 0.0018030 seconds
31.997: Application time: 0.0391940 seconds
31.997: [GC [PSYoungGen: 7664K->544K(8192K)] 19905K->12785K(26112K), 0.0004310 secs] [Times: user=0.00 sys=0.00, real=0.00 secs] 
31.997: Total time for which application threads were stopped: 0.0005210 seconds, Stopping threads took: 0.0000390 seconds
32.037: Application time: 0.0399750 seconds
32.037: [GC [PSYoungGen: 7712K->528K(8192K)] 19953K->12769K(26112K), 0.0004300 secs] [Times: user=0.01 sys=0.00, real=0.00 secs] 
32.038: Total time for which application threads were stopped: 0.0005250 seconds, Stopping threads took: 0.0000450 seconds
32.077: Application time: 0.0396650 seconds
32.078: [GC [PSYoungGen: 7696K->512K(8192K)] 19937K->12753K(26112K), 0.0004400 secs] [Times: user=0.00 sys=0.00, real=0.00 secs] 
32.078: Total time for which application threads were stopped: 0.0005420 seconds, Stopping threads took: 0.0000420 seconds
32.117: Application time: 0.0392460 seconds
32.117: [GC [PSYoungGen: 7680K->496K(8192K)] 19921K->12737K(26112K), 0.0004270 secs] [Times: user=0.00 sys=0.00, real=0.00 secs] 
32.118: Total time for which application threads were stopped: 0.0005300 seconds, Stopping threads took: 0.0000540 seconds
32.157: Application time: 0.0393100 seconds
32.157: [GC [PSYoungGen: 7664K->528K(8192K)] 19905K->12769K(26112K), 0.0004280 secs] [Times: user=0.01 sys=0.00, real=0.00 secs] 
32.158: Total time for which application threads were stopped: 0.0005160 seconds, Stopping threads took: 0.0000400 seconds
32.197: Application time: 0.0392700 seconds
32.197: [GC [PSYoungGen: 7696K->496K(8192K)] 19937K->12737K(26112K), 0.0004240 secs] [Times: user=0.00 sys=0.00, real=0.00 secs] 
32.197: Total time for which application threads were stopped: 0.0005270 seconds, Stopping threads took: 0.0000530 seconds
32.237: Application time: 0.0398440 seconds
32.237: [GC [PSYoungGen: 7664K->528K(8192K)] 19905K->12769K(26112K), 0.0004670 secs] [Times: user=0.00 sys=0.00, real=0.00 secs] 
32.238: Total time for which application threads were stopped: 0.0005660 seconds, Stopping threads took: 0.0000470 seconds
32.277: Application time: 0.0395690 seconds
32.277: [GC [PSYoungGen: 7696K->496K(8192K)] 19937K->12737K(26112K), 0.0004310 secs] [Times: user=0.00 sys=0.00, real=0.00 secs] 
32.278: Total time for which application threads were stopped: 0.0005250 seconds, Stopping threads took: 0.0000440 seconds
32.317: Application time: 0.0390710 seconds
32.317: [GC [PSYoungGen: 7664K->512K(8192K)] 19905K->12753K(26112K), 0.0004410 secs] [Times: user=0.01 sys=0.00, real=0.00 secs] 
32.318: Total time for which application threads were stopped: 0.0005360 seconds, Stopping threads took: 0.0000440 seconds
32.357: Application time: 0.0393640 seconds
32.357: [GC [PSYoungGen: 7680K->528K(8192K)] 19921K->12769K(26112K), 0.0004300 secs] [Times: user=0.00 sys=0.00, real=0.00 secs] 
32.357: Total time for which application threads were stopped: 0.0005280 seconds, Stopping threads took: 0.0000470 seconds
32.397: Application time: 0.0392080 seconds
32.397: [GC [PSYoungGen: 7696K->496K(8192K)] 19937K->12737K(26112K), 0.0004430 secs] [Times: user=0.00 sys=0.00, real=0.00 secs] 
32.397: Total time for which application threads were stopped: 0.0005380 seconds, Stopping threads took: 0.0000440 seconds
32.437: Application time: 0.0395350 seconds
32.437: [GC [PSYoungGen: 7664K->464K(8192K)] 19905K->12753K(26112K), 0.0004420 secs] [Times: user=0.00 sys=0.00, real=0.00 secs] 
32.437: Total time for which application threads were stopped: 0.0005290 seconds, Stopping threads took: 0.0000370 seconds
32.477: Application time: 0.0394940 seconds
32.477: [GC [PSYoungGen: 7632K->464K(8192K)] 19921K->12753K(26112K), 0.0004620 secs] [Times: user=0.00 sys=0.00, real=0.00 secs] 
32.477: Total time for which application threads were stopped: 0.0005560 seconds, Stopping threads took: 0.0000430 seconds
32.517: Application time: 0.0396020 seconds
32.517: [GC [PSYoungGen: 7632K->384K(8192K)] 19921K->12765K(26112K), 0.0004300 secs] [Times: user=0.00 sys=0.00, real=0.00 secs] 
32.517: Total time for which application threads were stopped: 0.0005210 seconds, Stopping threads took: 0.0000420 seconds
32.557: Application time: 0.0394920 seconds
32.557: [GC [PSYoungGen: 7552K->256K(8192K)] 19933K->12813K(26112K), 0.0004350 secs] [Times: user=0.00 sys=0.00, real=0.00 secs] 
32.557: Total time for which application threads were stopped: 0.0005340 seconds, Stopping threads took: 0.0000460 seconds
32.597: Application time: 0.0390990 seconds
32.597: [GC [PSYoungGen: 7424K->272K(8192K)] 19981K->12829K(26112K), 0.0003750 secs] [Times: user=0.00 sys=0.00, real=0.00 secs] 
32.597: Total time for which application threads were stopped: 0.0004780 seconds, Stopping threads took: 0.0000410 seconds
32.636: Application time: 0.0392440 seconds
32.636: [GC [PSYoungGen: 7440K->272K(8192K)] 19997K->12829K(26112K), 0.0003720 secs] [Times: user=0.00 sys=0.00, real=0.00 secs] 
32.637: Total time for which application threads were stopped: 0.0004620 seconds, Stopping threads took: 0.0000400 seconds
32.676: Application time: 0.0395490 seconds
32.676: [GC [PSYoungGen: 7440K->272K(8192K)] 19997K->12829K(26112K), 0.0003680 secs] [Times: user=0.00 sys=0.00, real=0.00 secs] 
32.677: Total time for which application threads were stopped: 0.0004570 seconds, Stopping threads took: 0.0000420 seconds
32.714: Application time: 0.0372470 seconds
32.714: [GC [PSYoungGen: 7440K->384K(8192K)] 19997K->12941K(26112K), 0.0004000 secs] [Times: user=0.00 sys=0.00, real=0.00 secs] 
32.715: Total time for which application threads were stopped: 0.0004950 seconds, Stopping threads took: 0.0000440 seconds
32.753: Application time: 0.0385060 seconds
32.753: [GC [PSYoungGen: 7552K->464K(8192K)] 20109K->13021K(26112K), 0.0004190 secs] [Times: user=0.01 sys=0.00, real=0.00 secs] 
32.754: Total time for which application threads were stopped: 0.0005100 seconds, Stopping threads took: 0.0000400 seconds
32.792: Application time: 0.0389320 seconds
32.793: [GC [PSYoungGen: 7632K->544K(8192K)] 20189K->13101K(26112K), 0.0004210 secs] [Times: user=0.00 sys=0.00, real=0.00 secs] 
32.793: Total time for which application threads were stopped: 0.0005180 seconds, Stopping threads took: 0.0000450 seconds
32.832: Application time: 0.0393490 seconds
32.832: [GC [PSYoungGen: 7712K->496K(8192K)] 20269K->13053K(26112K), 0.0004460 secs] [Times: user=0.00 sys=0.00, real=0.00 secs] 
32.833: Total time for which application threads were stopped: 0.0005400 seconds, Stopping threads took: 0.0000450 seconds
32.873: Application time: 0.0396680 seconds
32.873: [GC [PSYoungGen: 7664K->480K(8192K)] 20221K->13037K(26112K), 0.0004750 secs] [Times: user=0.00 sys=0.00, real=0.00 secs] 
32.873: Total time for which application threads were stopped: 0.0005670 seconds, Stopping threads took: 0.0000420 seconds
32.912: Application time: 0.0393810 seconds
32.913: [GC [PSYoungGen: 7648K->480K(8192K)] 20205K->13037K(26112K), 0.0004720 secs] [Times: user=0.00 sys=0.00, real=0.00 secs] 
32.913: Total time for which application threads were stopped: 0.0005920 seconds, Stopping threads took: 0.0000600 seconds
32.953: Application time: 0.0396160 seconds
32.953: [GC [PSYoungGen: 7648K->512K(8192K)] 20205K->13069K(26112K), 0.0004270 secs] [Times: user=0.00 sys=0.00, real=0.00 secs] 
32.953: Total time for which application threads were stopped: 0.0005150 seconds, Stopping threads took: 0.0000380 seconds
32.993: Application time: 0.0393260 seconds
32.993: [GC [PSYoungGen: 7680K->544K(8192K)] 20237K->13101K(26112K), 0.0004680 secs] [Times: user=0.00 sys=0.00, real=0.00 secs] 
32.993: Total time for which application threads were stopped: 0.0005700 seconds, Stopping threads took: 0.0000490 seconds
33.033: Application time: 0.0394120 seconds
33.033: [GC [PSYoungGen: 7712K->512K(8192K)] 20269K->13069K(26112K), 0.0004660 secs] [Times: user=0.00 sys=0.00, real=0.00 secs] 
33.033: Total time for which application threads were stopped: 0.0005650 seconds, Stopping threads took: 0.0000420 seconds
33.072: Application time: 0.0393050 seconds
33.072: [GC [PSYoungGen: 7680K->512K(8192K)] 20237K->13069K(26112K), 0.0004730 secs] [Times: user=0.00 sys=0.00, real=0.00 secs] 
33.073: Total time for which application threads were stopped: 0.0005700 seconds, Stopping threads took: 0.0000450 seconds
33.112: Application time: 0.0389350 seconds
33.112: [GC [PSYoungGen: 7680K->496K(8192K)] 20237K->13053K(26112K), 0.0004180 secs] [Times: user=0.00 sys=0.00, real=0.00 secs] 
33.112: Total time for which application threads were stopped: 0.0005210 seconds, Stopping threads took: 0.0000430 seconds
33.152: Application time: 0.0393040 seconds
33.152: [GC [PSYoungGen: 7664K->528K(8192K)] 20221K->13085K(26112K), 0.0004710 secs] [Times: user=0.00 sys=0.00, real=0.00 secs] 
33.152: Total time for which application threads were stopped: 0.0005620 seconds, Stopping threads took: 0.0000400 seconds
33.192: Application time: 0.0393610 seconds
33.192: [GC [PSYoungGen: 7696K->480K(8192K)] 20253K->13085K(26112K), 0.0004220 secs] [Times: user=0.00 sys=0.00, real=0.00 secs] 
33.192: Total time for which application threads were stopped: 0.0005100 seconds, Stopping threads took: 0.0000360 seconds
33.232: Application time: 0.0395280 seconds
33.232: [GC [PSYoungGen: 7648K->480K(8192K)] 20253K->13086K(26112K), 0.0004130 secs] [Times: user=0.01 sys=0.00, real=0.00 secs] 
33.232: Total time for which application threads were stopped: 0.0005100 seconds, Stopping threads took: 0.0000430 seconds
33.272: Application time: 0.0394830 seconds
33.272: [GC [PSYoungGen: 7648K->432K(8192K)] 20254K->13038K(26112K), 0.0004090 secs] [Times: user=0.00 sys=0.00, real=0.00 secs] 
33.272: Total time for which application threads were stopped: 0.0005030 seconds, Stopping threads took: 0.0000430 seconds
33.312: Application time: 0.0394720 seconds
33.312: [GC [PSYoungGen: 7600K->304K(8192K)] 20206K->13054K(26112K), 0.0004430 secs] [Times: user=0.00 sys=0.00, real=0.00 secs] 
33.312: Total time for which application threads were stopped: 0.0005360 seconds, Stopping threads took: 0.0000430 seconds
33.352: Application time: 0.0394680 seconds
33.352: [GC [PSYoungGen: 7472K->272K(8192K)] 20222K->13126K(26112K), 0.0003870 secs] [Times: user=0.00 sys=0.00, real=0.00 secs] 
33.352: Total time for which application threads were stopped: 0.0004820 seconds, Stopping threads took: 0.0000460 seconds
33.391: Application time: 0.0391170 seconds
33.391: [GC [PSYoungGen: 7440K->272K(8192K)] 20294K->13190K(26112K), 0.0004140 secs] [Times: user=0.00 sys=0.00, real=0.00 secs] 
33.392: Total time for which application threads were stopped: 0.0005120 seconds, Stopping threads took: 0.0000460 seconds
33.431: Application time: 0.0394920 seconds
33.431: [GC [PSYoungGen: 7440K->272K(8192K)] 20358K->13190K(26112K), 0.0004130 secs] [Times: user=0.00 sys=0.00, real=0.00 secs] 
33.432: Total time for which application threads were stopped: 0.0005160 seconds, Stopping threads took: 0.0000500 seconds
33.470: Application time: 0.0382620 seconds
33.470: [GC [PSYoungGen: 7440K->352K(8192K)] 20358K->13270K(26112K), 0.0004200 secs] [Times: user=0.00 sys=0.00, real=0.00 secs] 
33.471: Total time for which application threads were stopped: 0.0005190 seconds, Stopping threads took: 0.0000480 seconds
33.510: Application time: 0.0389130 seconds
33.510: [GC [PSYoungGen: 7520K->368K(8192K)] 20438K->13286K(26112K), 0.0004150 secs] [Times: user=0.01 sys=0.00, real=0.00 secs] 
33.510: Total time for which application threads were stopped: 0.0005040 seconds, Stopping threads took: 0.0000410 seconds
33.548: Application time: 0.0379100 seconds
33.548: [GC [PSYoungGen: 7536K->528K(8192K)] 20454K->13446K(26112K), 0.0004350 secs] [Times: user=0.00 sys=0.00, real=0.00 secs] 
33.548: Total time for which application threads were stopped: 0.0005370 seconds, Stopping threads took: 0.0000490 seconds
33.588: Application time: 0.0393710 seconds
33.588: [GC [PSYoungGen: 7696K->512K(8192K)] 20614K->13430K(26112K), 0.0004800 secs] [Times: user=0.01 sys=0.00, real=0.00 secs] 
33.588: Total time for which application threads were stopped: 0.0005780 seconds, Stopping threads took: 0.0000410 seconds
33.628: Application time: 0.0394440 seconds
33.628: [GC [PSYoungGen: 7680K->496K(8192K)] 20598K->13414K(26112K), 0.0004640 secs] [Times: user=0.00 sys=0.00, real=0.00 secs] 
33.628: Total time for which application threads were stopped: 0.0005660 seconds, Stopping threads took: 0.0000440 seconds
33.668: Application time: 0.0393880 seconds
33.668: [GC [PSYoungGen: 7664K->528K(8192K)] 20582K->13446K(26112K), 0.0004870 secs] [Times: user=0.00 sys=0.00, real=0.00 secs] 
33.668: Total time for which application threads were stopped: 0.0005980 seconds, Stopping threads took: 0.0000590 seconds
33.708: Application time: 0.0392630 seconds
33.708: [GC [PSYoungGen: 7696K->528K(8192K)] 20614K->13446K(26112K), 0.0004900 secs] [Times: user=0.00 sys=0.00, real=0.00 secs] 
33.708: Total time for which application threads were stopped: 0.0005820 seconds, Stopping threads took: 0.0000420 seconds
33.748: Application time: 0.0393820 seconds
33.748: [GC [PSYoungGen: 7696K->544K(8192K)] 20614K->13462K(26112K), 0.0004310 secs] [Times: user=0.00 sys=0.00, real=0.00 secs] 
33.748: Total time for which application threads were stopped: 0.0005300 seconds, Stopping threads took: 0.0000470 seconds
33.788: Application time: 0.0394130 seconds
33.788: [GC [PSYoungGen: 7712K->512K(8192K)] 20630K->13430K(26112K), 0.0005050 secs] [Times: user=0.00 sys=0.00, real=0.00 secs] 
33.788: Total time for which application threads were stopped: 0.0006070 seconds, Stopping threads took: 0.0000500 seconds
33.828: Application time: 0.0393290 seconds
33.828: [GC [PSYoungGen: 7680K->512K(8192K)] 20598K->13430K(26112K), 0.0004130 secs] [Times: user=0.00 sys=0.00, real=0.00 secs] 
33.828: Total time for which application threads were stopped: 0.0005090 seconds, Stopping threads took: 0.0000460 seconds
33.867: Application time: 0.0391360 seconds
33.867: [GC [PSYoungGen: 7680K->480K(8192K)] 20598K->13398K(26112K), 0.0004190 secs] [Times: user=0.01 sys=0.00, real=0.00 secs] 
33.868: Total time for which application threads were stopped: 0.0005210 seconds, Stopping threads took: 0.0000500 seconds
33.908: Application time: 0.0398780 seconds
33.908: [GC [PSYoungGen: 7648K->480K(8192K)] 20566K->13398K(26112K), 0.0004680 secs] [Times: user=0.01 sys=0.00, real=0.00 secs] 
33.908: Total time for which application threads were stopped: 0.0005800 seconds, Stopping threads took: 0.0000540 seconds
33.947: Application time: 0.0391810 seconds
33.947: [GC [PSYoungGen: 7648K->560K(8192K)] 20566K->13478K(26112K), 0.0004380 secs] [Times: user=0.00 sys=0.00, real=0.00 secs] 
33.948: Total time for which application threads were stopped: 0.0005350 seconds, Stopping threads took: 0.0000450 seconds
33.987: Application time: 0.0394420 seconds
33.987: [GC [PSYoungGen: 7728K->464K(8192K)] 20646K->13430K(26112K), 0.0004220 secs] [Times: user=0.00 sys=0.00, real=0.00 secs] 
33.988: Total time for which application threads were stopped: 0.0005170 seconds, Stopping threads took: 0.0000440 seconds
34.027: Application time: 0.0395830 seconds
34.028: [GC [PSYoungGen: 7632K->464K(8192K)] 20598K->13430K(26112K), 0.0004960 secs] [Times: user=0.01 sys=0.00, real=0.00 secs] 
34.028: Total time for which application threads were stopped: 0.0005930 seconds, Stopping threads took: 0.0000440 seconds
34.068: Application time: 0.0394920 seconds
34.068: [GC [PSYoungGen: 7632K->368K(8192K)] 20598K->13454K(26112K), 0.0004090 secs] [Times: user=0.00 sys=0.00, real=0.00 secs] 
34.068: Total time for which application threads were stopped: 0.0005030 seconds, Stopping threads took: 0.0000440 seconds
34.107: Application time: 0.0393610 seconds
34.107: [GC [PSYoungGen: 7536K->336K(8192K)] 20622K->13478K(26112K), 0.0003950 secs] [Times: user=0.00 sys=0.00, real=0.00 secs] 
34.108: Total time for which application threads were stopped: 0.0004890 seconds, Stopping threads took: 0.0000440 seconds
34.147: Application time: 0.0393340 seconds
34.147: [GC [PSYoungGen: 7504K->256K(8192K)] 20646K->13526K(26112K), 0.0004260 secs] [Times: user=0.00 sys=0.00, real=0.00 secs] 
34.148: Total time for which application threads were stopped: 0.0005320 seconds, Stopping threads took: 0.0000440 seconds
34.187: Application time: 0.0392620 seconds
34.187: [GC [PSYoungGen: 7424K->272K(8192K)] 20694K->13542K(26112K), 0.0003810 secs] [Times: user=0.00 sys=0.00, real=0.00 secs] 
34.187: Total time for which application threads were stopped: 0.0004770 seconds, Stopping threads took: 0.0000480 seconds
34.227: Application time: 0.0392660 seconds
34.227: [GC [PSYoungGen: 7440K->272K(8192K)] 20710K->13542K(26112K), 0.0003670 secs] [Times: user=0.01 sys=0.00, real=0.00 secs] 
34.227: Total time for which application threads were stopped: 0.0004540 seconds, Stopping threads took: 0.0000380 seconds
34.265: Application time: 0.0381480 seconds
34.265: [GC [PSYoungGen: 7440K->384K(8192K)] 20710K->13654K(26112K), 0.0003930 secs] [Times: user=0.00 sys=0.00, real=0.00 secs] 
34.266: Total time for which application threads were stopped: 0.0004960 seconds, Stopping threads took: 0.0000500 seconds
34.305: Application time: 0.0389470 seconds
34.305: [GC [PSYoungGen: 7552K->384K(8192K)] 20822K->13654K(26112K), 0.0004030 secs] [Times: user=0.00 sys=0.00, real=0.00 secs] 
34.305: Total time for which application threads were stopped: 0.0005090 seconds, Stopping threads took: 0.0000540 seconds
34.343: Application time: 0.0379200 seconds
34.343: [GC [PSYoungGen: 7552K->544K(8192K)] 20822K->13814K(26112K), 0.0004370 secs] [Times: user=0.00 sys=0.00, real=0.00 secs] 
34.344: Total time for which application threads were stopped: 0.0005280 seconds, Stopping threads took: 0.0000400 seconds
34.383: Application time: 0.0392600 seconds
34.383: [GC [PSYoungGen: 7712K->496K(8192K)] 20982K->13766K(26112K), 0.0004280 secs] [Times: user=0.00 sys=0.00, real=0.00 secs] 
34.384: Total time for which application threads were stopped: 0.0005170 seconds, Stopping threads took: 0.0000400 seconds
34.423: Application time: 0.0395430 seconds
34.423: [GC [PSYoungGen: 7664K->544K(8192K)] 20934K->13814K(26112K), 0.0004670 secs] [Times: user=0.00 sys=0.00, real=0.00 secs] 
34.424: Total time for which application threads were stopped: 0.0005680 seconds, Stopping threads took: 0.0000490 seconds
34.463: Application time: 0.0393900 seconds
34.463: [GC [PSYoungGen: 7712K->496K(8192K)] 20982K->13766K(26112K), 0.0004710 secs] [Times: user=0.00 sys=0.00, real=0.00 secs] 
34.464: Total time for which application threads were stopped: 0.0005640 seconds, Stopping threads took: 0.0000430 seconds
34.503: Application time: 0.0392360 seconds
34.503: [GC [PSYoungGen: 7664K->496K(8192K)] 20934K->13766K(26112K), 0.0004230 secs] [Times: user=0.00 sys=0.00, real=0.00 secs] 
34.503: Total time for which application threads were stopped: 0.0005120 seconds, Stopping threads took: 0.0000390 seconds
34.543: Application time: 0.0394430 seconds
34.543: [GC [PSYoungGen: 7664K->464K(8192K)] 20934K->13734K(26112K), 0.0004650 secs] [Times: user=0.00 sys=0.00, real=0.00 secs] 
34.543: Total time for which application threads were stopped: 0.0005620 seconds, Stopping threads took: 0.0000470 seconds
34.583: Application time: 0.0393210 seconds
34.583: [GC [PSYoungGen: 7632K->528K(8192K)] 20902K->13798K(26112K), 0.0004790 secs] [Times: user=0.00 sys=0.00, real=0.00 secs] 
34.583: Total time for which application threads were stopped: 0.0005660 seconds, Stopping threads took: 0.0000380 seconds
34.623: Application time: 0.0392740 seconds
34.623: [GC [PSYoungGen: 7696K->512K(8192K)] 20966K->13782K(26112K), 0.0004210 secs] [Times: user=0.00 sys=0.00, real=0.00 secs] 
34.623: Total time for which application threads were stopped: 0.0005170 seconds, Stopping threads took: 0.0000490 seconds
34.662: Application time: 0.0392730 seconds
34.662: [GC [PSYoungGen: 7680K->496K(8192K)] 20950K->13766K(26112K), 0.0004450 secs] [Times: user=0.00 sys=0.00, real=0.00 secs] 
34.663: Total time for which application threads were stopped: 0.0005470 seconds, Stopping threads took: 0.0000440 seconds
34.702: Application time: 0.0392090 seconds
34.702: [GC [PSYoungGen: 7664K->496K(8192K)] 20934K->13766K(26112K), 0.0004370 secs] [Times: user=0.00 sys=0.00, real=0.00 secs] 
34.703: Total time for which application threads were stopped: 0.0005330 seconds, Stopping threads took: 0.0000430 seconds
34.742: Application time: 0.0392060 seconds
34.742: [GC [PSYoungGen: 7664K->512K(8192K)] 20934K->13782K(26112K), 0.0004470 secs] [Times: user=0.00 sys=0.00, real=0.00 secs] 
34.742: Total time for which application threads were stopped: 0.0005370 seconds, Stopping threads took: 0.0000400 seconds
34.782: Application time: 0.0392240 seconds
34.782: [GC [PSYoungGen: 7680K->464K(8192K)] 20950K->13782K(26112K), 0.0004250 secs] [Times: user=0.01 sys=0.00, real=0.00 secs] 
34.782: Total time for which application threads were stopped: 0.0005180 seconds, Stopping threads took: 0.0000420 seconds
34.822: Application time: 0.0397390 seconds
34.822: [GC [PSYoungGen: 7632K->448K(8192K)] 20950K->13766K(26112K), 0.0004580 secs] [Times: user=0.01 sys=0.00, real=0.00 secs] 
34.822: Total time for which application threads were stopped: 0.0005570 seconds, Stopping threads took: 0.0000480 seconds
34.862: Application time: 0.0395520 seconds
34.862: [GC [PSYoungGen: 7616K->336K(8192K)] 20934K->13774K(26112K), 0.0004160 secs] [Times: user=0.00 sys=0.00, real=0.00 secs] 
34.862: Total time for which application threads were stopped: 0.0005140 seconds, Stopping threads took: 0.0000490 seconds
34.902: Application time: 0.0394950 seconds
34.902: [GC [PSYoungGen: 7504K->336K(8192K)] 20942K->13814K(26112K), 0.0004430 secs] [Times: user=0.00 sys=0.00, real=0.00 secs] 
34.903: Total time for which application threads were stopped: 0.0005540 seconds, Stopping threads took: 0.0000510 seconds
34.942: Application time: 0.0395480 seconds
34.942: [GC [PSYoungGen: 7504K->256K(8192K)] 20982K->13854K(26112K), 0.0003780 secs] [Times: user=0.00 sys=0.00, real=0.00 secs] 
34.943: Total time for which application threads were stopped: 0.0004710 seconds, Stopping threads took: 0.0000440 seconds
34.981: Application time: 0.0388850 seconds
34.982: [GC [PSYoungGen: 7424K->272K(8192K)] 21022K->13870K(26112K), 0.0003660 secs] [Times: user=0.00 sys=0.00, real=0.00 secs] 
34.982: Total time for which application threads were stopped: 0.0004600 seconds, Stopping threads took: 0.0000430 seconds
35.021: Application time: 0.0388550 seconds
35.021: [GC [PSYoungGen: 7440K->320K(8192K)] 21038K->13918K(26112K), 0.0003780 secs] [Times: user=0.00 sys=0.00, real=0.01 secs] 
35.021: Total time for which application threads were stopped: 0.0004740 seconds, Stopping threads took: 0.0000470 seconds
35.060: Application time: 0.0384160 seconds
35.060: [GC [PSYoungGen: 7488K->432K(8192K)] 21086K->14030K(26112K), 0.0004710 secs] [Times: user=0.00 sys=0.00, real=0.01 secs] 
35.061: Total time for which application threads were stopped: 0.0016700 seconds, Stopping threads took: 0.0000490 seconds
35.100: Application time: 0.0382590 seconds
35.100: [GC [PSYoungGen: 7600K->464K(8192K)] 21198K->14062K(26112K), 0.0004580 secs] [Times: user=0.00 sys=0.00, real=0.00 secs] 
35.100: Total time for which application threads were stopped: 0.0005490 seconds, Stopping threads took: 0.0000380 seconds
35.139: Application time: 0.0387330 seconds
35.139: [GC [PSYoungGen: 7632K->496K(8192K)] 21230K->14094K(26112K), 0.0004210 secs] [Times: user=0.01 sys=0.00, real=0.00 secs] 
35.139: Total time for which application threads were stopped: 0.0005120 seconds, Stopping threads took: 0.0000400 seconds
35.179: Application time: 0.0394700 seconds
35.179: [GC [PSYoungGen: 7664K->496K(8192K)] 21262K->14094K(26112K), 0.0004320 secs] [Times: user=0.00 sys=0.00, real=0.00 secs] 
35.179: Total time for which application threads were stopped: 0.0005360 seconds, Stopping threads took: 0.0000380 seconds
35.219: Application time: 0.0396480 seconds
35.219: [GC [PSYoungGen: 7664K->496K(8192K)] 21262K->14094K(26112K), 0.0004260 secs] [Times: user=0.00 sys=0.00, real=0.00 secs] 
35.220: Total time for which application threads were stopped: 0.0005160 seconds, Stopping threads took: 0.0000420 seconds
35.259: Application time: 0.0392630 seconds
35.259: [GC [PSYoungGen: 7664K->448K(8192K)] 21262K->14046K(26112K), 0.0004350 secs] [Times: user=0.00 sys=0.00, real=0.00 secs] 
35.259: Total time for which application threads were stopped: 0.0005270 seconds, Stopping threads took: 0.0000450 seconds
35.299: Application time: 0.0397610 seconds
35.299: [GC [PSYoungGen: 7616K->512K(8192K)] 21214K->14110K(26112K), 0.0004350 secs] [Times: user=0.00 sys=0.00, real=0.00 secs] 
35.300: Total time for which application threads were stopped: 0.0005200 seconds, Stopping threads took: 0.0000370 seconds
35.339: Application time: 0.0391950 seconds
35.339: [GC [PSYoungGen: 7680K->512K(8192K)] 21278K->14110K(26112K), 0.0004750 secs] [Times: user=0.00 sys=0.00, real=0.00 secs] 
35.339: Total time for which application threads were stopped: 0.0005640 seconds, Stopping threads took: 0.0000380 seconds
35.379: Application time: 0.0394000 seconds
35.379: [GC [PSYoungGen: 7680K->512K(8192K)] 21278K->14110K(26112K), 0.0004240 secs] [Times: user=0.00 sys=0.00, real=0.00 secs] 
35.379: Total time for which application threads were stopped: 0.0005240 seconds, Stopping threads took: 0.0000470 seconds
35.419: Application time: 0.0395320 seconds
35.419: [GC [PSYoungGen: 7680K->480K(8192K)] 21278K->14078K(26112K), 0.0004260 secs] [Times: user=0.00 sys=0.00, real=0.00 secs] 
35.419: Total time for which application threads were stopped: 0.0005170 seconds, Stopping threads took: 0.0000420 seconds
35.459: Application time: 0.0392930 seconds
35.459: [GC [PSYoungGen: 7648K->496K(8192K)] 21246K->14094K(26112K), 0.0004210 secs] [Times: user=0.01 sys=0.00, real=0.00 secs] 
35.459: Total time for which application threads were stopped: 0.0005210 seconds, Stopping threads took: 0.0000490 seconds
35.498: Application time: 0.0391860 seconds
35.498: [GC [PSYoungGen: 7664K->480K(8192K)] 21262K->14078K(26112K), 0.0004980 secs] [Times: user=0.00 sys=0.00, real=0.00 secs] 
35.499: Total time for which application threads were stopped: 0.0005990 seconds, Stopping threads took: 0.0000510 seconds
35.538: Application time: 0.0392020 seconds
35.538: [GC [PSYoungGen: 7648K->496K(8192K)] 21246K->14094K(26112K), 0.0004210 secs] [Times: user=0.00 sys=0.00, real=0.00 secs] 
35.539: Total time for which application threads were stopped: 0.0005070 seconds, Stopping threads took: 0.0000370 seconds
35.578: Application time: 0.0396270 seconds
35.581: [GC [PSYoungGen: 7664K->448K(8192K)] 21262K->14094K(26112K), 0.0004290 secs] [Times: user=0.00 sys=0.00, real=0.00 secs] 
35.582: Total time for which application threads were stopped: 0.0032050 seconds, Stopping threads took: 0.0027260 seconds
35.621: Application time: 0.0393440 seconds
35.621: [GC [PSYoungGen: 7616K->368K(8192K)] 21262K->14062K(26112K), 0.0004140 secs] [Times: user=0.00 sys=0.00, real=0.01 secs] 
35.621: Total time for which application threads were stopped: 0.0005150 seconds, Stopping threads took: 0.0000490 seconds
35.661: Application time: 0.0392800 seconds
35.661: [GC [PSYoungGen: 7536K->368K(8192K)] 21230K->14150K(26112K), 0.0004800 secs] [Times: user=0.01 sys=0.00, real=0.01 secs] 
35.661: Total time for which application threads were stopped: 0.0005690 seconds, Stopping threads took: 0.0000400 seconds
35.701: Application time: 0.0397230 seconds
35.701: [GC [PSYoungGen: 7536K->272K(8192K)] 21318K->14182K(26112K), 0.0003780 secs] [Times: user=0.00 sys=0.01, real=0.00 secs] 
35.701: Total time for which application threads were stopped: 0.0004890 seconds, Stopping threads took: 0.0000530 seconds
35.740: Application time: 0.0386580 seconds
35.740: [GC [PSYoungGen: 7440K->272K(8192K)] 21350K->14254K(26112K), 0.0003790 secs] [Times: user=0.00 sys=0.00, real=0.00 secs] 
35.741: Total time for which application threads were stopped: 0.0004730 seconds, Stopping threads took: 0.0000440 seconds
35.780: Application time: 0.0396710 seconds
35.780: [GC [PSYoungGen: 7440K->272K(8192K)] 21422K->14254K(26112K), 0.0004020 secs] [Times: user=0.00 sys=0.00, real=0.00 secs] 
35.781: Total time for which application threads were stopped: 0.0005020 seconds, Stopping threads took: 0.0000450 seconds
35.819: Application time: 0.0383050 seconds
35.819: [GC [PSYoungGen: 7440K->272K(8192K)] 21422K->14255K(26112K), 0.0004720 secs] [Times: user=0.00 sys=0.00, real=0.00 secs] 
35.820: Total time for which application threads were stopped: 0.0005690 seconds, Stopping threads took: 0.0000460 seconds
35.858: Application time: 0.0386460 seconds
35.858: [GC [PSYoungGen: 7440K->400K(8192K)] 21423K->14383K(26112K), 0.0004040 secs] [Times: user=0.00 sys=0.00, real=0.00 secs] 
35.859: Total time for which application threads were stopped: 0.0004930 seconds, Stopping threads took: 0.0000400 seconds
35.897: Application time: 0.0383350 seconds
35.897: [GC [PSYoungGen: 7568K->528K(8192K)] 21551K->14510K(26112K), 0.0005780 secs] [Times: user=0.01 sys=0.00, real=0.00 secs] 
35.898: Total time for which application threads were stopped: 0.0007860 seconds, Stopping threads took: 0.0001410 seconds
35.937: Application time: 0.0391150 seconds
35.937: [GC [PSYoungGen: 7696K->544K(8192K)] 21678K->14526K(26112K), 0.0005090 secs] [Times: user=0.01 sys=0.00, real=0.00 secs] 
35.938: Total time for which application threads were stopped: 0.0006100 seconds, Stopping threads took: 0.0000450 seconds
35.977: Application time: 0.0395320 seconds
35.977: [GC [PSYoungGen: 7712K->512K(8192K)] 21694K->14494K(26112K), 0.0004620 secs] [Times: user=0.00 sys=0.00, real=0.00 secs] 
35.978: Total time for which application threads were stopped: 0.0005530 seconds, Stopping threads took: 0.0000400 seconds
36.017: Application time: 0.0396530 seconds
36.017: [GC [PSYoungGen: 7680K->512K(8192K)] 21662K->14494K(26112K), 0.0005070 secs] [Times: user=0.00 sys=0.00, real=0.00 secs] 
36.018: Total time for which application threads were stopped: 0.0006000 seconds, Stopping threads took: 0.0000420 seconds
36.057: Application time: 0.0392920 seconds
36.057: [GC [PSYoungGen: 7680K->512K(8192K)] 21662K->14494K(26112K), 0.0004670 secs] [Times: user=0.00 sys=0.00, real=0.00 secs] 
36.058: Total time for which application threads were stopped: 0.0005630 seconds, Stopping threads took: 0.0000440 seconds
36.097: Application time: 0.0391470 seconds
36.097: [GC [PSYoungGen: 7680K->496K(8192K)] 21662K->14478K(26112K), 0.0004180 secs] [Times: user=0.00 sys=0.00, real=0.00 secs] 
36.097: Total time for which application threads were stopped: 0.0005160 seconds, Stopping threads took: 0.0000480 seconds
36.137: Application time: 0.0394600 seconds
36.137: [GC [PSYoungGen: 7664K->528K(8192K)] 21646K->14510K(26112K), 0.0004400 secs] [Times: user=0.00 sys=0.00, real=0.00 secs] 
36.138: Total time for which application threads were stopped: 0.0005370 seconds, Stopping threads took: 0.0000400 seconds
36.177: Application time: 0.0396370 seconds
36.177: [GC [PSYoungGen: 7696K->496K(8192K)] 21678K->14479K(26112K), 0.0004600 secs] [Times: user=0.01 sys=0.00, real=0.00 secs] 
36.178: Total time for which application threads were stopped: 0.0005580 seconds, Stopping threads took: 0.0000460 seconds
36.217: Application time: 0.0391900 seconds
36.217: [GC [PSYoungGen: 7664K->528K(8192K)] 21647K->14511K(26112K), 0.0004640 secs] [Times: user=0.00 sys=0.00, real=0.00 secs] 
36.217: Total time for which application threads were stopped: 0.0005760 seconds, Stopping threads took: 0.0000550 seconds
36.257: Application time: 0.0391140 seconds
36.257: [GC [PSYoungGen: 7696K->512K(8192K)] 21679K->14494K(26112K), 0.0004540 secs] [Times: user=0.00 sys=0.00, real=0.00 secs] 
36.257: Total time for which application threads were stopped: 0.0005490 seconds, Stopping threads took: 0.0000440 seconds
36.298: Application time: 0.0404130 seconds
36.298: [GC [PSYoungGen: 7680K->528K(8192K)] 21662K->14510K(26112K), 0.0004390 secs] [Times: user=0.01 sys=0.00, real=0.00 secs] 
36.298: Total time for which application threads were stopped: 0.0005320 seconds, Stopping threads took: 0.0000400 seconds
36.338: Application time: 0.0397670 seconds
36.338: [GC [PSYoungGen: 7696K->464K(8192K)] 21678K->14495K(26112K), 0.0004630 secs] [Times: user=0.01 sys=0.00, real=0.00 secs] 
36.338: Total time for which application threads were stopped: 0.0005560 seconds, Stopping threads took: 0.0000380 seconds
36.378: Application time: 0.0392380 seconds
36.378: [GC [PSYoungGen: 7632K->416K(8192K)] 21663K->14447K(26112K), 0.0004140 secs] [Times: user=0.00 sys=0.00, real=0.00 secs] 
36.378: Total time for which application threads were stopped: 0.0005030 seconds, Stopping threads took: 0.0000390 seconds
36.418: Application time: 0.0395510 seconds
36.418: [GC [PSYoungGen: 7584K->416K(8192K)] 21615K->14527K(26112K), 0.0004390 secs] [Times: user=0.00 sys=0.00, real=0.00 secs] 
36.418: Total time for which application threads were stopped: 0.0005390 seconds, Stopping threads took: 0.0000480 seconds
36.458: Application time: 0.0394960 seconds
36.458: [GC [PSYoungGen: 7584K->320K(8192K)] 21695K->14527K(26112K), 0.0004310 secs] [Times: user=0.00 sys=0.00, real=0.00 secs] 
36.458: Total time for which application threads were stopped: 0.0005300 seconds, Stopping threads took: 0.0000450 seconds
36.498: Application time: 0.0393740 seconds
36.498: [GC [PSYoungGen: 7488K->272K(8192K)] 21695K->14575K(26112K), 0.0003860 secs] [Times: user=0.00 sys=0.00, real=0.00 secs] 
36.498: Total time for which application threads were stopped: 0.0004740 seconds, Stopping threads took: 0.0000390 seconds
36.537: Application time: 0.0390070 seconds
36.537: [GC [PSYoungGen: 7440K->256K(8192K)] 21743K->14607K(26112K), 0.0004340 secs] [Times: user=0.00 sys=0.00, real=0.00 secs] 
36.538: Total time for which application threads were stopped: 0.0005280 seconds, Stopping threads took: 0.0000420 seconds
36.577: Application time: 0.0396360 seconds
36.577: [GC [PSYoungGen: 7424K->272K(8192K)] 21775K->14623K(26112K), 0.0003710 secs] [Times: user=0.00 sys=0.00, real=0.00 secs] 
36.578: Total time for which application threads were stopped: 0.0004650 seconds, Stopping threads took: 0.0000460 seconds
36.616: Application time: 0.0378920 seconds
36.616: [GC [PSYoungGen: 7440K->320K(8192K)] 21791K->14671K(26112K), 0.0004350 secs] [Times: user=0.00 sys=0.00, real=0.00 secs] 
36.616: Total time for which application threads were stopped: 0.0005240 seconds, Stopping threads took: 0.0000360 seconds
36.654: Application time: 0.0383120 seconds
36.655: [GC [PSYoungGen: 7488K->416K(8192K)] 21839K->14767K(26112K), 0.0004020 secs] [Times: user=0.01 sys=0.00, real=0.00 secs] 
36.655: Total time for which application threads were stopped: 0.0004980 seconds, Stopping threads took: 0.0000460 seconds
36.694: Application time: 0.0385920 seconds
36.694: [GC [PSYoungGen: 7584K->480K(8192K)] 21935K->14831K(26112K), 0.0004350 secs] [Times: user=0.00 sys=0.00, real=0.00 secs] 
36.694: Total time for which application threads were stopped: 0.0005280 seconds, Stopping threads took: 0.0000410 seconds
36.733: Application time: 0.0393050 seconds
36.733: [GC [PSYoungGen: 7648K->512K(8192K)] 21999K->14863K(26112K), 0.0004300 secs] [Times: user=0.00 sys=0.00, real=0.00 secs] 
36.734: Total time for which application threads were stopped: 0.0005260 seconds, Stopping threads took: 0.0000390 seconds
36.773: Application time: 0.0394250 seconds
36.773: [GC [PSYoungGen: 7680K->512K(8192K)] 22031K->14863K(26112K), 0.0004610 secs] [Times: user=0.00 sys=0.00, real=0.00 secs] 
36.774: Total time for which application threads were stopped: 0.0005540 seconds, Stopping threads took: 0.0000420 seconds
36.814: Application time: 0.0395950 seconds
36.814: [GC [PSYoungGen: 7680K->496K(8192K)] 22031K->14847K(26112K), 0.0004320 secs] [Times: user=0.01 sys=0.00, real=0.00 secs] 
36.814: Total time for which application threads were stopped: 0.0005250 seconds, Stopping threads took: 0.0000430 seconds
36.853: Application time: 0.0393520 seconds
36.853: [GC [PSYoungGen: 7664K->480K(8192K)] 22015K->14831K(26112K), 0.0004260 secs] [Times: user=0.00 sys=0.00, real=0.00 secs] 
36.854: Total time for which application threads were stopped: 0.0005200 seconds, Stopping threads took: 0.0000440 seconds
36.893: Application time: 0.0391880 seconds
36.893: [GC [PSYoungGen: 7648K->496K(8192K)] 21999K->14847K(26112K), 0.0004680 secs] [Times: user=0.00 sys=0.00, real=0.00 secs] 
36.894: Total time for which application threads were stopped: 0.0005580 seconds, Stopping threads took: 0.0000400 seconds
36.933: Application time: 0.0397640 seconds
36.934: [GC [PSYoungGen: 7664K->512K(8192K)] 22015K->14863K(26112K), 0.0004590 secs] [Times: user=0.00 sys=0.00, real=0.00 secs] 
36.934: Total time for which application threads were stopped: 0.0005630 seconds, Stopping threads took: 0.0000470 seconds
36.973: Application time: 0.0394430 seconds
36.974: [GC [PSYoungGen: 7680K->512K(8192K)] 22031K->14863K(26112K), 0.0004230 secs] [Times: user=0.00 sys=0.00, real=0.00 secs] 
36.974: Total time for which application threads were stopped: 0.0005210 seconds, Stopping threads took: 0.0000470 seconds
37.013: Application time: 0.0391790 seconds
37.013: [GC [PSYoungGen: 7680K->512K(8192K)] 22031K->14863K(26112K), 0.0004130 secs] [Times: user=0.00 sys=0.00, real=0.00 secs] 
37.014: Total time for which application threads were stopped: 0.0005150 seconds, Stopping threads took: 0.0000490 seconds
37.053: Application time: 0.0392220 seconds
37.053: [GC [PSYoungGen: 7680K->496K(8192K)] 22031K->14847K(26112K), 0.0004650 secs] [Times: user=0.00 sys=0.00, real=0.00 secs] 
37.053: Total time for which application threads were stopped: 0.0005550 seconds, Stopping threads took: 0.0000370 seconds
37.093: Application time: 0.0392670 seconds
37.093: [GC [PSYoungGen: 7664K->496K(8192K)] 22015K->14847K(26112K), 0.0004400 secs] [Times: user=0.00 sys=0.00, real=0.00 secs] 
37.093: Total time for which application threads were stopped: 0.0005390 seconds, Stopping threads took: 0.0000480 seconds
37.133: Application time: 0.0397070 seconds
37.133: [GC [PSYoungGen: 7664K->448K(8192K)] 22015K->14855K(26112K), 0.0005190 secs] [Times: user=0.00 sys=0.00, real=0.00 secs] 
37.134: Total time for which application threads were stopped: 0.0006140 seconds, Stopping threads took: 0.0000440 seconds
37.173: Application time: 0.0392350 seconds
37.173: [GC [PSYoungGen: 7616K->432K(8192K)] 22023K->14839K(26112K), 0.0004770 secs] [Times: user=0.00 sys=0.00, real=0.00 secs] 
37.173: Total time for which application threads were stopped: 0.0005680 seconds, Stopping threads took: 0.0000410 seconds
37.213: Application time: 0.0397590 seconds
37.213: [GC [PSYoungGen: 7600K->336K(8192K)] 22007K->14871K(26112K), 0.0004050 secs] [Times: user=0.00 sys=0.00, real=0.00 secs] 
37.214: Total time for which application threads were stopped: 0.0004910 seconds, Stopping threads took: 0.0000360 seconds
37.253: Application time: 0.0393870 seconds
37.253: [GC [PSYoungGen: 7504K->304K(8192K)] 22039K->14927K(26112K), 0.0004650 secs] [Times: user=0.00 sys=0.00, real=0.00 secs] 
37.254: Total time for which application threads were stopped: 0.0005610 seconds, Stopping threads took: 0.0000400 seconds
37.293: Application time: 0.0395520 seconds
37.293: [GC [PSYoungGen: 7472K->256K(8192K)] 22095K->14967K(26112K), 0.0003710 secs] [Times: user=0.00 sys=0.00, real=0.00 secs] 
37.294: Total time for which application threads were stopped: 0.0004630 seconds, Stopping threads took: 0.0000420 seconds
37.333: Application time: 0.0389590 seconds
37.333: [GC [PSYoungGen: 7424K->272K(8192K)] 22135K->14983K(26112K), 0.0004280 secs] [Times: user=0.00 sys=0.00, real=0.00 secs] 
37.333: Total time for which application threads were stopped: 0.0005180 seconds, Stopping threads took: 0.0000400 seconds
37.372: Application time: 0.0388970 seconds
37.372: [GC [PSYoungGen: 7440K->288K(8192K)] 22151K->14999K(26112K), 0.0003790 secs] [Times: user=0.00 sys=0.00, real=0.00 secs] 
37.372: Total time for which application threads were stopped: 0.0004810 seconds, Stopping threads took: 0.0000500 seconds
37.411: Application time: 0.0381360 seconds
37.411: [GC [PSYoungGen: 7456K->352K(8192K)] 22167K->15063K(26112K), 0.0003980 secs] [Times: user=0.00 sys=0.00, real=0.00 secs] 
37.411: Total time for which application threads were stopped: 0.0004870 seconds, Stopping threads took: 0.0000400 seconds
37.449: Application time: 0.0380600 seconds
37.453: [GC [PSYoungGen: 7520K->464K(8192K)] 22231K->15175K(26112K), 0.0004610 secs] [Times: user=0.00 sys=0.00, real=0.00 secs] 
37.454: Total time for which application threads were stopped: 0.0043990 seconds, Stopping threads took: 0.0038840 seconds
37.492: Application time: 0.0388620 seconds
37.492: [GC [PSYoungGen: 7632K->544K(8192K)] 22343K->15255K(26112K), 0.0004790 secs] [Times: user=0.00 sys=0.00, real=0.00 secs] 
37.493: Total time for which application threads were stopped: 0.0005720 seconds, Stopping threads took: 0.0000420 seconds
37.533: Application time: 0.0395990 seconds
37.533: [GC [PSYoungGen: 7712K->512K(8192K)] 22423K->15223K(26112K), 0.0004440 secs] [Times: user=0.00 sys=0.00, real=0.00 secs] 
37.533: Total time for which application threads were stopped: 0.0005380 seconds, Stopping threads took: 0.0000430 seconds
37.573: Application time: 0.0395190 seconds
37.573: [GC [PSYoungGen: 7680K->528K(8192K)] 22391K->15239K(26112K), 0.0004270 secs] [Times: user=0.00 sys=0.00, real=0.00 secs] 
37.573: Total time for which application threads were stopped: 0.0005140 seconds, Stopping threads took: 0.0000340 seconds
37.612: Application time: 0.0392490 seconds
37.612: [GC [PSYoungGen: 7696K->528K(8192K)] 22407K->15239K(26112K), 0.0004230 secs] [Times: user=0.00 sys=0.00, real=0.00 secs] 
37.613: Total time for which application threads were stopped: 0.0005150 seconds, Stopping threads took: 0.0000440 seconds
37.653: Application time: 0.0397440 seconds
37.653: [GC [PSYoungGen: 7696K->480K(8192K)] 22407K->15191K(26112K), 0.0004500 secs] [Times: user=0.00 sys=0.00, real=0.00 secs] 
37.653: Total time for which application threads were stopped: 0.0005550 seconds, Stopping threads took: 0.0000530 seconds
37.693: Application time: 0.0393510 seconds
37.693: [GC [PSYoungGen: 7648K->528K(8192K)] 22359K->15239K(26112K), 0.0004400 secs] [Times: user=0.00 sys=0.00, real=0.00 secs] 
37.693: Total time for which application threads were stopped: 0.0005350 seconds, Stopping threads took: 0.0000440 seconds
37.732: Application time: 0.0392210 seconds
37.732: [GC [PSYoungGen: 7696K->480K(8192K)] 22407K->15191K(26112K), 0.0004620 secs] [Times: user=0.00 sys=0.00, real=0.00 secs] 
37.733: Total time for which application threads were stopped: 0.0005550 seconds, Stopping threads took: 0.0000420 seconds
37.772: Application time: 0.0391800 seconds
37.772: [GC [PSYoungGen: 7648K->528K(8192K)] 22359K->15239K(26112K), 0.0004930 secs] [Times: user=0.01 sys=0.00, real=0.00 secs] 
37.773: Total time for which application threads were stopped: 0.0005980 seconds, Stopping threads took: 0.0000450 seconds
37.812: Application time: 0.0391720 seconds
37.812: [GC [PSYoungGen: 7696K->448K(8192K)] 22407K->15159K(26112K), 0.0004240 secs] [Times: user=0.00 sys=0.00, real=0.00 secs] 
37.812: Total time for which application threads were stopped: 0.0005200 seconds, Stopping threads took: 0.0000440 seconds
37.852: Application time: 0.0394890 seconds
37.852: [GC [PSYoungGen: 7616K->480K(8192K)] 22327K->15191K(26112K), 0.0004330 secs] [Times: user=0.01 sys=0.00, real=0.00 secs] 
37.852: Total time for which application threads were stopped: 0.0005350 seconds, Stopping threads took: 0.0000510 seconds
37.892: Application time: 0.0393060 seconds
37.892: [GC [PSYoungGen: 7648K->544K(8192K)] 22359K->15255K(26112K), 0.0004250 secs] [Times: user=0.00 sys=0.00, real=0.00 secs] 
37.892: Total time for which application threads were stopped: 0.0005260 seconds, Stopping threads took: 0.0000490 seconds
37.932: Application time: 0.0402540 seconds
37.933: [GC [PSYoungGen: 7712K->480K(8192K)] 22423K->15255K(26112K), 0.0004740 secs] [Times: user=0.01 sys=0.00, real=0.00 secs] 
37.933: Total time for which application threads were stopped: 0.0005880 seconds, Stopping threads took: 0.0000580 seconds
37.973: Application time: 0.0394800 seconds
37.973: [GC [PSYoungGen: 7648K->400K(8192K)] 22423K->15231K(26112K), 0.0004390 secs] [Times: user=0.00 sys=0.00, real=0.00 secs] 
37.973: Total time for which application threads were stopped: 0.0005410 seconds, Stopping threads took: 0.0000510 seconds
38.012: Application time: 0.0393930 seconds
38.013: [GC [PSYoungGen: 7568K->352K(8192K)] 22399K->15271K(26112K), 0.0004550 secs] [Times: user=0.00 sys=0.00, real=0.00 secs] 
38.013: Total time for which application threads were stopped: 0.0005550 seconds, Stopping threads took: 0.0000490 seconds
38.052: Application time: 0.0392940 seconds
38.052: [GC [PSYoungGen: 7520K->272K(8192K)] 22439K->15319K(26112K), 0.0004010 secs] [Times: user=0.00 sys=0.00, real=0.00 secs] 
38.053: Total time for which application threads were stopped: 0.0004940 seconds, Stopping threads took: 0.0000440 seconds
38.092: Application time: 0.0396500 seconds
38.093: [GC [PSYoungGen: 7440K->240K(8192K)] 22487K->15343K(26112K), 0.0004330 secs] [Times: user=0.00 sys=0.00, real=0.00 secs] 
38.093: Total time for which application threads were stopped: 0.0005260 seconds, Stopping threads took: 0.0000400 seconds
38.132: Application time: 0.0387100 seconds
38.132: [GC [PSYoungGen: 7408K->304K(8192K)] 22511K->15407K(26112K), 0.0003800 secs] [Times: user=0.00 sys=0.00, real=0.00 secs] 
38.132: Total time for which application threads were stopped: 0.0004750 seconds, Stopping threads took: 0.0000450 seconds
38.171: Application time: 0.0385760 seconds
38.171: [GC [PSYoungGen: 7472K->304K(8192K)] 22575K->15407K(26112K), 0.0003820 secs] [Times: user=0.00 sys=0.00, real=0.00 secs] 
38.171: Total time for which application threads were stopped: 0.0004790 seconds, Stopping threads took: 0.0000470 seconds
38.209: Application time: 0.0381670 seconds
38.210: [GC [PSYoungGen: 7472K->400K(8192K)] 22575K->15503K(26112K), 0.0004020 secs] [Times: user=0.00 sys=0.00, real=0.00 secs] 
38.210: Total time for which application threads were stopped: 0.0004990 seconds, Stopping threads took: 0.0000480 seconds
38.249: Application time: 0.0385630 seconds
38.249: [GC [PSYoungGen: 7568K->464K(8192K)] 22671K->15567K(26112K), 0.0004530 secs] [Times: user=0.00 sys=0.00, real=0.01 secs] 
38.249: Total time for which application threads were stopped: 0.0005510 seconds, Stopping threads took: 0.0000450 seconds
38.288: Application time: 0.0390970 seconds
38.288: [GC [PSYoungGen: 7632K->528K(8192K)] 22735K->15631K(26112K), 0.0004410 secs] [Times: user=0.00 sys=0.00, real=0.00 secs] 
38.289: Total time for which application threads were stopped: 0.0005450 seconds, Stopping threads took: 0.0000440 seconds
38.328: Application time: 0.0392940 seconds
38.328: [GC [PSYoungGen: 7696K->528K(8192K)] 22799K->15631K(26112K), 0.0004180 secs] [Times: user=0.00 sys=0.00, real=0.00 secs] 
38.329: Total time for which application threads were stopped: 0.0005170 seconds, Stopping threads took: 0.0000480 seconds
38.368: Application time: 0.0395670 seconds
38.368: [GC [PSYoungGen: 7696K->528K(8192K)] 22799K->15631K(26112K), 0.0004570 secs] [Times: user=0.00 sys=0.00, real=0.00 secs] 
38.369: Total time for which application threads were stopped: 0.0005480 seconds, Stopping threads took: 0.0000390 seconds
38.408: Application time: 0.0395910 seconds
38.408: [GC [PSYoungGen: 7696K->512K(8192K)] 22799K->15615K(26112K), 0.0004620 secs] [Times: user=0.00 sys=0.00, real=0.00 secs] 
38.409: Total time for which application threads were stopped: 0.0005580 seconds, Stopping threads took: 0.0000430 seconds
38.448: Application time: 0.0393680 seconds
38.448: [GC [PSYoungGen: 7680K->464K(8192K)] 22783K->15567K(26112K), 0.0004600 secs] [Times: user=0.00 sys=0.00, real=0.00 secs] 
38.449: Total time for which application threads were stopped: 0.0005500 seconds, Stopping threads took: 0.0000400 seconds
38.488: Application time: 0.0392140 seconds
38.488: [GC [PSYoungGen: 7632K->512K(8192K)] 22735K->15615K(26112K), 0.0004790 secs] [Times: user=0.00 sys=0.00, real=0.00 secs] 
38.488: Total time for which application threads were stopped: 0.0005660 seconds, Stopping threads took: 0.0000390 seconds
38.528: Application time: 0.0391710 seconds
38.528: [GC [PSYoungGen: 7680K->528K(8192K)] 22783K->15631K(26112K), 0.0004270 secs] [Times: user=0.01 sys=0.00, real=0.00 secs] 
38.528: Total time for which application threads were stopped: 0.0005280 seconds, Stopping threads took: 0.0000430 seconds
38.567: Application time: 0.0390510 seconds
38.567: [GC [PSYoungGen: 7696K->512K(8192K)] 22799K->15615K(26112K), 0.0004280 secs] [Times: user=0.00 sys=0.01, real=0.00 secs] 
38.568: Total time for which application threads were stopped: 0.0005360 seconds, Stopping threads took: 0.0000540 seconds
38.607: Application time: 0.0395340 seconds
38.607: [GC [PSYoungGen: 7680K->528K(8192K)] 22783K->15631K(26112K), 0.0004690 secs] [Times: user=0.00 sys=0.00, real=0.00 secs] 
38.608: Total time for which application threads were stopped: 0.0005620 seconds, Stopping threads took: 0.0000430 seconds
38.647: Application time: 0.0390900 seconds
38.647: [GC [PSYoungGen: 7696K->496K(8192K)] 22799K->15599K(26112K), 0.0004690 secs] [Times: user=0.00 sys=0.00, real=0.00 secs] 
38.648: Total time for which application threads were stopped: 0.0005660 seconds, Stopping threads took: 0.0000440 seconds
38.687: Application time: 0.0392720 seconds
38.687: [GC [PSYoungGen: 7664K->560K(8192K)] 22767K->15663K(26112K), 0.0004660 secs] [Times: user=0.00 sys=0.00, real=0.00 secs] 
38.687: Total time for which application threads were stopped: 0.0005680 seconds, Stopping threads took: 0.0000490 seconds
38.727: Application time: 0.0394930 seconds
38.727: [GC [PSYoungGen: 7728K->480K(8192K)] 22831K->15639K(26112K), 0.0004420 secs] [Times: user=0.00 sys=0.00, real=0.00 secs] 
38.727: Total time for which application threads were stopped: 0.0005400 seconds, Stopping threads took: 0.0000460 seconds
38.767: Application time: 0.0392420 seconds
38.767: [GC [PSYoungGen: 7648K->384K(8192K)] 22807K->15647K(26112K), 0.0004150 secs] [Times: user=0.00 sys=0.00, real=0.00 secs] 
38.767: Total time for which application threads were stopped: 0.0005090 seconds, Stopping threads took: 0.0000400 seconds
38.806: Application time: 0.0392750 seconds
38.807: [GC [PSYoungGen: 7552K->320K(8192K)] 22815K->15671K(26112K), 0.0004090 secs] [Times: user=0.00 sys=0.00, real=0.00 secs] 
38.807: Total time for which application threads were stopped: 0.0005070 seconds, Stopping threads took: 0.0000380 seconds
38.846: Application time: 0.0394730 seconds
38.846: [GC [PSYoungGen: 7488K->272K(8192K)] 22839K->15735K(26112K), 0.0003880 secs] [Times: user=0.00 sys=0.00, real=0.00 secs] 
38.847: Total time for which application threads were stopped: 0.0004800 seconds, Stopping threads took: 0.0000390 seconds
38.886: Application time: 0.0393640 seconds
38.886: [GC [PSYoungGen: 7440K->256K(8192K)] 22903K->15791K(26112K), 0.0003710 secs] [Times: user=0.00 sys=0.00, real=0.00 secs] 
38.887: Total time for which application threads were stopped: 0.0004650 seconds, Stopping threads took: 0.0000420 seconds
38.926: Application time: 0.0391210 seconds
38.926: [GC [PSYoungGen: 7424K->256K(8192K)] 22959K->15791K(26112K), 0.0004460 secs] [Times: user=0.00 sys=0.00, real=0.00 secs] 
38.926: Total time for which application threads were stopped: 0.0005680 seconds, Stopping threads took: 0.0000600 seconds
38.964: Application time: 0.0377290 seconds
38.964: [GC [PSYoungGen: 7424K->336K(8192K)] 22959K->15872K(26112K), 0.0004250 secs] [Times: user=0.00 sys=0.00, real=0.00 secs] 
38.965: Total time for which application threads were stopped: 0.0005300 seconds, Stopping threads took: 0.0000490 seconds
39.004: Application time: 0.0390460 seconds
39.004: [GC [PSYoungGen: 7504K->416K(8192K)] 23040K->15951K(26112K), 0.0004520 secs] [Times: user=0.01 sys=0.00, real=0.00 secs] 
39.004: Total time for which application threads were stopped: 0.0005470 seconds, Stopping threads took: 0.0000430 seconds
39.042: Application time: 0.0380860 seconds
39.042: [GC [PSYoungGen: 7584K->528K(8192K)] 23119K->16064K(26112K), 0.0004770 secs] [Times: user=0.00 sys=0.00, real=0.00 secs] 
39.043: Total time for which application threads were stopped: 0.0005800 seconds, Stopping threads took: 0.0000480 seconds
39.083: Application time: 0.0396920 seconds
39.083: [GC [PSYoungGen: 7696K->496K(8192K)] 23232K->16032K(26112K), 0.0004590 secs] [Times: user=0.00 sys=0.00, real=0.00 secs] 
39.083: Total time for which application threads were stopped: 0.0005600 seconds, Stopping threads took: 0.0000460 seconds
39.123: Application time: 0.0394110 seconds
39.123: [GC [PSYoungGen: 7664K->496K(8192K)] 23200K->16032K(26112K), 0.0004620 secs] [Times: user=0.00 sys=0.00, real=0.00 secs] 
39.123: Total time for which application threads were stopped: 0.0005630 seconds, Stopping threads took: 0.0000470 seconds
39.162: Application time: 0.0392580 seconds
39.163: [GC [PSYoungGen: 7664K->496K(8192K)] 23200K->16031K(26112K), 0.0004370 secs] [Times: user=0.00 sys=0.00, real=0.00 secs] 
39.163: Total time for which application threads were stopped: 0.0005320 seconds, Stopping threads took: 0.0000430 seconds
39.202: Application time: 0.0394170 seconds
39.202: [GC [PSYoungGen: 7664K->528K(8192K)] 23199K->16064K(26112K), 0.0004320 secs] [Times: user=0.01 sys=0.00, real=0.00 secs] 
39.203: Total time for which application threads were stopped: 0.0005390 seconds, Stopping threads took: 0.0000540 seconds
39.243: Application time: 0.0397230 seconds
39.243: [GC [PSYoungGen: 7696K->496K(8192K)] 23232K->16031K(26112K), 0.0004290 secs] [Times: user=0.00 sys=0.00, real=0.00 secs] 
39.243: Total time for which application threads were stopped: 0.0005210 seconds, Stopping threads took: 0.0000380 seconds
39.283: Application time: 0.0393160 seconds
39.283: [GC [PSYoungGen: 7664K->512K(8192K)] 23199K->16047K(26112K), 0.0004590 secs] [Times: user=0.00 sys=0.00, real=0.00 secs] 
39.283: Total time for which application threads were stopped: 0.0005510 seconds, Stopping threads took: 0.0000390 seconds
39.322: Application time: 0.0394060 seconds
39.323: [GC [PSYoungGen: 7680K->512K(8192K)] 23215K->16047K(26112K), 0.0004270 secs] [Times: user=0.00 sys=0.00, real=0.00 secs] 
39.323: Total time for which application threads were stopped: 0.0005380 seconds, Stopping threads took: 0.0000500 seconds
39.362: Application time: 0.0390140 seconds
39.362: [GC [PSYoungGen: 7680K->496K(8192K)] 23215K->16031K(26112K), 0.0004740 secs] [Times: user=0.00 sys=0.00, real=0.00 secs] 
39.363: Total time for which application threads were stopped: 0.0005710 seconds, Stopping threads took: 0.0000420 seconds
39.402: Application time: 0.0393970 seconds
39.402: [GC [PSYoungGen: 7664K->528K(8192K)] 23199K->16063K(26112K), 0.0004730 secs] [Times: user=0.00 sys=0.00, real=0.00 secs] 
39.403: Total time for which application threads were stopped: 0.0005670 seconds, Stopping threads took: 0.0000400 seconds
39.442: Application time: 0.0392280 seconds
39.442: [GC [PSYoungGen: 7696K->528K(8192K)] 23231K->16063K(26112K), 0.0004790 secs] [Times: user=0.00 sys=0.00, real=0.00 secs] 
39.442: Total time for which application threads were stopped: 0.0005790 seconds, Stopping threads took: 0.0000470 seconds
39.482: Application time: 0.0392630 seconds
39.482: [GC [PSYoungGen: 7696K->512K(8192K)] 23231K->16047K(26112K), 0.0004300 secs] [Times: user=0.00 sys=0.00, real=0.00 secs] 
39.482: Total time for which application threads were stopped: 0.0005290 seconds, Stopping threads took: 0.0000460 seconds
39.522: Application time: 0.0394230 seconds
39.522: [GC [PSYoungGen: 7680K->480K(8192K)] 23215K->16072K(26112K), 0.0004340 secs] [Times: user=0.00 sys=0.00, real=0.00 secs] 
39.522: Total time for which application threads were stopped: 0.0005310 seconds, Stopping threads took: 0.0000450 seconds
39.561: Application time: 0.0392480 seconds
39.561: [GC [PSYoungGen: 7648K->336K(8192K)] 23240K->16056K(26112K), 0.0004110 secs] [Times: user=0.00 sys=0.00, real=0.00 secs] 
39.562: Total time for which application threads were stopped: 0.0005080 seconds, Stopping threads took: 0.0000420 seconds
39.601: Application time: 0.0393800 seconds
39.601: [GC [PSYoungGen: 7504K->304K(8192K)] 23224K->16072K(26112K), 0.0004450 secs] [Times: user=0.00 sys=0.00, real=0.00 secs] 
39.602: Total time for which application threads were stopped: 0.0005390 seconds, Stopping threads took: 0.0000420 seconds
39.641: Application time: 0.0395520 seconds
39.641: [GC [PSYoungGen: 7472K->240K(8192K)] 23240K->16128K(26112K), 0.0004110 secs] [Times: user=0.00 sys=0.00, real=0.00 secs] 
39.642: Total time for which application threads were stopped: 0.0005240 seconds, Stopping threads took: 0.0000620 seconds
39.681: Application time: 0.0386610 seconds
39.681: [GC [PSYoungGen: 7408K->256K(8192K)] 23296K->16144K(26112K), 0.0004290 secs] [Times: user=0.00 sys=0.00, real=0.01 secs] 
39.681: Total time for which application threads were stopped: 0.0005330 seconds, Stopping threads took: 0.0000490 seconds
39.720: Application time: 0.0389190 seconds
39.720: [GC [PSYoungGen: 7424K->288K(8192K)] 23312K->16176K(26112K), 0.0003780 secs] [Times: user=0.00 sys=0.00, real=0.00 secs] 
39.720: Total time for which application threads were stopped: 0.0004750 seconds, Stopping threads took: 0.0000430 seconds
39.758: Application time: 0.0378790 seconds
39.758: [GC [PSYoungGen: 7456K->400K(8192K)] 23344K->16288K(26112K), 0.0004020 secs] [Times: user=0.00 sys=0.00, real=0.00 secs] 
39.759: Total time for which application threads were stopped: 0.0005010 seconds, Stopping threads took: 0.0000440 seconds
39.798: Application time: 0.0388990 seconds
39.798: [GC [PSYoungGen: 7568K->416K(8192K)] 23456K->16304K(26112K), 0.0004630 secs] [Times: user=0.00 sys=0.00, real=0.00 secs] 
39.798: Total time for which application threads were stopped: 0.0005620 seconds, Stopping threads took: 0.0000430 seconds
39.837: Application time: 0.0386980 seconds
39.837: [GC [PSYoungGen: 7584K->512K(8192K)] 23472K->16400K(26112K), 0.0004230 secs] [Times: user=0.00 sys=0.00, real=0.00 secs] 
39.838: Total time for which application threads were stopped: 0.0005250 seconds, Stopping threads took: 0.0000390 seconds
39.877: Application time: 0.0393260 seconds
39.877: [GC [PSYoungGen: 7680K->496K(8192K)] 23568K->16384K(26112K), 0.0004400 secs] [Times: user=0.00 sys=0.00, real=0.00 secs] 
39.877: Total time for which application threads were stopped: 0.0005300 seconds, Stopping threads took: 0.0000370 seconds
39.917: Application time: 0.0396330 seconds
39.917: [GC [PSYoungGen: 7664K->512K(8192K)] 23552K->16400K(26112K), 0.0004730 secs] [Times: user=0.00 sys=0.00, real=0.00 secs] 
39.918: Total time for which application threads were stopped: 0.0005890 seconds, Stopping threads took: 0.0000550 seconds
39.957: Application time: 0.0395730 seconds
39.957: [GC [PSYoungGen: 7680K->512K(8192K)] 23568K->16400K(26112K), 0.0004210 secs] [Times: user=0.00 sys=0.00, real=0.00 secs] 
39.958: Total time for which application threads were stopped: 0.0005210 seconds, Stopping threads took: 0.0000460 seconds
39.997: Application time: 0.0397190 seconds
39.998: [GC [PSYoungGen: 7680K->496K(8192K)] 23568K->16384K(26112K), 0.0004430 secs] [Times: user=0.00 sys=0.00, real=0.00 secs] 
39.998: Total time for which application threads were stopped: 0.0005350 seconds, Stopping threads took: 0.0000400 seconds
40.037: Application time: 0.0392330 seconds
40.037: [GC [PSYoungGen: 7664K->480K(8192K)] 23552K->16368K(26112K), 0.0004660 secs] [Times: user=0.00 sys=0.00, real=0.00 secs] 
40.038: Total time for which application threads were stopped: 0.0005550 seconds, Stopping threads took: 0.0000360 seconds
40.077: Application time: 0.0392230 seconds
40.077: [GC [PSYoungGen: 7648K->512K(8192K)] 23536K->16400K(26112K), 0.0004860 secs] [Times: user=0.00 sys=0.00, real=0.00 secs] 
40.079: Total time for which application threads were stopped: 0.0016090 seconds, Stopping threads took: 0.0000440 seconds
40.118: Application time: 0.0392440 seconds
40.118: [GC [PSYoungGen: 7680K->496K(8192K)] 23568K->16384K(26112K), 0.0004660 secs] [Times: user=0.00 sys=0.00, real=0.00 secs] 
40.118: Total time for which application threads were stopped: 0.0005620 seconds, Stopping threads took: 0.0000410 seconds
40.157: Application time: 0.0390160 seconds
40.158: [GC [PSYoungGen: 7664K->544K(8192K)] 23552K->16432K(26112K), 0.0005460 secs] [Times: user=0.00 sys=0.00, real=0.00 secs] 
40.158: Total time for which application threads were stopped: 0.0006500 seconds, Stopping threads took: 0.0000500 seconds
40.197: Application time: 0.0393470 seconds
40.198: [GC [PSYoungGen: 7712K->512K(8192K)] 23600K->16400K(26112K), 0.0006070 secs] [Times: user=0.00 sys=0.00, real=0.00 secs] 
40.198: Total time for which application threads were stopped: 0.0006980 seconds, Stopping threads took: 0.0000380 seconds
40.237: Application time: 0.0391680 seconds
40.237: [GC [PSYoungGen: 7680K->528K(8192K)] 23568K->16416K(26112K), 0.0004150 secs] [Times: user=0.00 sys=0.00, real=0.00 secs] 
40.238: Total time for which application threads were stopped: 0.0005120 seconds, Stopping threads took: 0.0000420 seconds
40.277: Application time: 0.0396820 seconds
40.278: [GC [PSYoungGen: 7696K->448K(8192K)] 23584K->16392K(26112K), 0.0004390 secs] [Times: user=0.00 sys=0.00, real=0.00 secs] 
40.278: Total time for which application threads were stopped: 0.0005310 seconds, Stopping threads took: 0.0000380 seconds
40.318: Application time: 0.0397410 seconds
40.318: [GC [PSYoungGen: 7616K->400K(8192K)] 23560K->16400K(26112K), 0.0004770 secs] [Times: user=0.00 sys=0.00, real=0.00 secs] 
40.318: Total time for which application threads were stopped: 0.0005720 seconds, Stopping threads took: 0.0000390 seconds
40.357: Application time: 0.0391400 seconds
40.358: [GC [PSYoungGen: 7568K->304K(8192K)] 23568K->16416K(26112K), 0.0004580 secs] [Times: user=0.00 sys=0.00, real=0.00 secs] 
40.358: Total time for which application threads were stopped: 0.0005630 seconds, Stopping threads took: 0.0000430 seconds
40.397: Application time: 0.0394110 seconds
40.398: [GC [PSYoungGen: 7472K->304K(8192K)] 23584K->16480K(26112K), 0.0003880 secs] [Times: user=0.00 sys=0.00, real=0.00 secs] 
40.398: Total time for which application threads were stopped: 0.0004830 seconds, Stopping threads took: 0.0000420 seconds
40.438: Application time: 0.0403420 seconds
40.438: [GC [PSYoungGen: 7472K->256K(8192K)] 23648K->16528K(26112K), 0.0003890 secs] [Times: user=0.00 sys=0.00, real=0.00 secs] 
40.439: Total time for which application threads were stopped: 0.0005050 seconds, Stopping threads took: 0.0000620 seconds
40.478: Application time: 0.0388820 seconds
40.478: [GC [PSYoungGen: 7424K->272K(8192K)] 23696K->16544K(26112K), 0.0003870 secs] [Times: user=0.01 sys=0.00, real=0.00 secs] 
40.478: Total time for which application threads were stopped: 0.0004910 seconds, Stopping threads took: 0.0000520 seconds
40.517: Application time: 0.0384210 seconds
40.517: [GC [PSYoungGen: 7440K->304K(8192K)] 23712K->16576K(26112K), 0.0003880 secs] [Times: user=0.00 sys=0.00, real=0.00 secs] 
40.517: Total time for which application threads were stopped: 0.0004960 seconds, Stopping threads took: 0.0000530 seconds
40.556: Application time: 0.0386290 seconds
40.556: [GC [PSYoungGen: 7472K->400K(8192K)] 23744K->16672K(26112K), 0.0003990 secs] [Times: user=0.00 sys=0.00, real=0.00 secs] 
40.556: Total time for which application threads were stopped: 0.0005060 seconds, Stopping threads took: 0.0000510 seconds
40.595: Application time: 0.0383160 seconds
40.595: [GC [PSYoungGen: 7568K->480K(8192K)] 23840K->16752K(26112K), 0.0004250 secs] [Times: user=0.01 sys=0.00, real=0.00 secs] 
40.595: Total time for which application threads were stopped: 0.0005240 seconds, Stopping threads took: 0.0000420 seconds
40.634: Application time: 0.0388940 seconds
40.634: [GC [PSYoungGen: 7648K->480K(8192K)] 23920K->16752K(26112K), 0.0004490 secs] [Times: user=0.00 sys=0.00, real=0.00 secs] 
40.635: Total time for which application threads were stopped: 0.0005470 seconds, Stopping threads took: 0.0000480 seconds
40.674: Application time: 0.0393300 seconds
40.674: [GC [PSYoungGen: 7648K->512K(8192K)] 23920K->16784K(26112K), 0.0004660 secs] [Times: user=0.01 sys=0.00, real=0.00 secs] 
40.674: Total time for which application threads were stopped: 0.0005630 seconds, Stopping threads took: 0.0000440 seconds
40.714: Application time: 0.0395390 seconds
40.714: [GC [PSYoungGen: 7680K->496K(8192K)] 23952K->16768K(26112K), 0.0004650 secs] [Times: user=0.00 sys=0.00, real=0.00 secs] 
40.715: Total time for which application threads were stopped: 0.0005600 seconds, Stopping threads took: 0.0000360 seconds
40.754: Application time: 0.0394250 seconds
40.754: [GC [PSYoungGen: 7664K->544K(8192K)] 23936K->16816K(26112K), 0.0004220 secs] [Times: user=0.00 sys=0.00, real=0.00 secs] 
40.754: Total time for which application threads were stopped: 0.0005150 seconds, Stopping threads took: 0.0000400 seconds
40.794: Application time: 0.0392000 seconds
40.794: [GC [PSYoungGen: 7712K->512K(8192K)] 23984K->16784K(26112K), 0.0005090 secs] [Times: user=0.01 sys=0.00, real=0.00 secs] 
40.794: Total time for which application threads were stopped: 0.0006050 seconds, Stopping threads took: 0.0000420 seconds
40.834: Application time: 0.0393600 seconds
40.834: [GC [PSYoungGen: 7680K->512K(8192K)] 23952K->16784K(26112K), 0.0004280 secs] [Times: user=0.00 sys=0.00, real=0.00 secs] 
40.834: Total time for which application threads were stopped: 0.0005230 seconds, Stopping threads took: 0.0000430 seconds
40.874: Application time: 0.0394870 seconds
40.874: [GC [PSYoungGen: 7680K->512K(8192K)] 23952K->16784K(26112K), 0.0004770 secs] [Times: user=0.01 sys=0.00, real=0.00 secs] 
40.874: Total time for which application threads were stopped: 0.0005800 seconds, Stopping threads took: 0.0000420 seconds
40.914: Application time: 0.0397900 seconds
40.917: [GC [PSYoungGen: 7680K->512K(8192K)] 23952K->16784K(26112K), 0.0005050 secs] [Times: user=0.00 sys=0.00, real=0.00 secs] 
40.918: Total time for which application threads were stopped: 0.0035930 seconds, Stopping threads took: 0.0030260 seconds
40.957: Application time: 0.0391510 seconds
40.957: [GC [PSYoungGen: 7680K->496K(8192K)] 23952K->16768K(26112K), 0.0004230 secs] [Times: user=0.00 sys=0.00, real=0.00 secs] 
40.957: Total time for which application threads were stopped: 0.0005240 seconds, Stopping threads took: 0.0000440 seconds
40.997: Application time: 0.0392480 seconds
40.997: [GC [PSYoungGen: 7664K->480K(8192K)] 23936K->16752K(26112K), 0.0004310 secs] [Times: user=0.00 sys=0.00, real=0.00 secs] 
40.997: Total time for which application threads were stopped: 0.0005360 seconds, Stopping threads took: 0.0000490 seconds
41.036: Application time: 0.0391770 seconds
41.036: [GC [PSYoungGen: 7648K->496K(8192K)] 23920K->16768K(26112K), 0.0004620 secs] [Times: user=0.00 sys=0.00, real=0.00 secs] 
41.037: Total time for which application threads were stopped: 0.0005640 seconds, Stopping threads took: 0.0000500 seconds
41.077: Application time: 0.0397240 seconds
41.077: [GC [PSYoungGen: 7664K->512K(8192K)] 23936K->16832K(26112K), 0.0004350 secs] [Times: user=0.00 sys=0.00, real=0.00 secs] 
41.077: Total time for which application threads were stopped: 0.0005270 seconds, Stopping threads took: 0.0000410 seconds
41.117: Application time: 0.0394980 seconds
41.117: [GC [PSYoungGen: 7680K->400K(8192K)] 24000K->16808K(26112K), 0.0004410 secs] [Times: user=0.01 sys=0.00, real=0.00 secs] 
41.117: Total time for which application threads were stopped: 0.0005410 seconds, Stopping threads took: 0.0000440 seconds
41.157: Application time: 0.0396310 seconds
41.157: [GC [PSYoungGen: 7568K->336K(8192K)] 23976K->16832K(26112K), 0.0004480 secs] [Times: user=0.00 sys=0.00, real=0.00 secs] 
41.157: Total time for which application threads were stopped: 0.0005360 seconds, Stopping threads took: 0.0000370 seconds
41.197: Application time: 0.0392260 seconds
41.197: [GC [PSYoungGen: 7504K->272K(8192K)] 24000K->16856K(26112K), 0.0003960 secs] [Times: user=0.00 sys=0.00, real=0.00 secs] 
41.197: Total time for which application threads were stopped: 0.0005020 seconds, Stopping threads took: 0.0000470 seconds
41.237: Application time: 0.0395120 seconds
41.237: [GC [PSYoungGen: 7440K->256K(8192K)] 24024K->16912K(26112K), 0.0004040 secs] [Times: user=0.01 sys=0.00, real=0.00 secs] 
41.237: Total time for which application threads were stopped: 0.0005080 seconds, Stopping threads took: 0.0000470 seconds
41.276: Application time: 0.0390630 seconds
41.276: [GC [PSYoungGen: 7424K->256K(8192K)] 24080K->16912K(26112K), 0.0004470 secs] [Times: user=0.00 sys=0.00, real=0.00 secs] 
41.277: Total time for which application threads were stopped: 0.0005490 seconds, Stopping threads took: 0.0000440 seconds
41.315: Application time: 0.0383550 seconds
41.315: [GC [PSYoungGen: 7424K->288K(8192K)] 24080K->16944K(26112K), 0.0003810 secs] [Times: user=0.00 sys=0.00, real=0.00 secs] 
41.315: Total time for which application threads were stopped: 0.0004770 seconds, Stopping threads took: 0.0000400 seconds
41.354: Application time: 0.0385270 seconds
41.354: [GC [PSYoungGen: 7456K->368K(8192K)] 24112K->17024K(26112K), 0.0004370 secs] [Times: user=0.00 sys=0.00, real=0.00 secs] 
41.355: Total time for which application threads were stopped: 0.0005420 seconds, Stopping threads took: 0.0000510 seconds
41.393: Application time: 0.0384540 seconds
41.397: [GC [PSYoungGen: 7536K->480K(8192K)] 24192K->17136K(26112K), 0.0004450 secs] [Times: user=0.00 sys=0.00, real=0.00 secs] 
41.398: Total time for which application threads were stopped: 0.0045450 seconds, Stopping threads took: 0.0040360 seconds
41.437: Application time: 0.0390860 seconds
41.437: [GC [PSYoungGen: 7648K->512K(8192K)] 24304K->17168K(26112K), 0.0004480 secs] [Times: user=0.00 sys=0.00, real=0.00 secs] 
41.437: Total time for which application threads were stopped: 0.0005490 seconds, Stopping threads took: 0.0000450 seconds
41.477: Application time: 0.0395020 seconds
41.477: [GC [PSYoungGen: 7680K->496K(8192K)] 24336K->17152K(26112K), 0.0004270 secs] [Times: user=0.00 sys=0.00, real=0.00 secs] 
41.477: Total time for which application threads were stopped: 0.0005250 seconds, Stopping threads took: 0.0000410 seconds
41.517: Application time: 0.0397050 seconds
41.517: [GC [PSYoungGen: 7664K->496K(8192K)] 24320K->17152K(26112K), 0.0004350 secs] [Times: user=0.00 sys=0.01, real=0.00 secs] 
41.517: Total time for which application threads were stopped: 0.0005240 seconds, Stopping threads took: 0.0000340 seconds
41.557: Application time: 0.0392880 seconds
41.557: [GC [PSYoungGen: 7664K->464K(8192K)] 24320K->17120K(26112K), 0.0004250 secs] [Times: user=0.00 sys=0.00, real=0.00 secs] 
41.557: Total time for which application threads were stopped: 0.0005270 seconds, Stopping threads took: 0.0000500 seconds
41.597: Application time: 0.0399700 seconds
41.597: [GC [PSYoungGen: 7632K->464K(8192K)] 24288K->17120K(26112K), 0.0004920 secs] [Times: user=0.00 sys=0.00, real=0.00 secs] 
41.598: Total time for which application threads were stopped: 0.0006000 seconds, Stopping threads took: 0.0000540 seconds
41.637: Application time: 0.0393220 seconds
41.637: [GC [PSYoungGen: 7632K->480K(8192K)] 24288K->17136K(26112K), 0.0004250 secs] [Times: user=0.00 sys=0.00, real=0.00 secs] 
41.638: Total time for which application threads were stopped: 0.0005290 seconds, Stopping threads took: 0.0000510 seconds
41.677: Application time: 0.0393960 seconds
41.677: [GC [PSYoungGen: 7648K->496K(8192K)] 24304K->17152K(26112K), 0.0004400 secs] [Times: user=0.00 sys=0.00, real=0.00 secs] 
41.678: Total time for which application threads were stopped: 0.0005300 seconds, Stopping threads took: 0.0000380 seconds
41.717: Application time: 0.0391830 seconds
41.717: [GC [PSYoungGen: 7664K->512K(8192K)] 24320K->17168K(26112K), 0.0004410 secs] [Times: user=0.00 sys=0.00, real=0.00 secs] 
41.717: Total time for which application threads were stopped: 0.0005490 seconds, Stopping threads took: 0.0000540 seconds
41.757: Application time: 0.0392160 seconds
41.757: [GC [PSYoungGen: 7680K->496K(8192K)] 24336K->17152K(26112K), 0.0004370 secs] [Times: user=0.00 sys=0.00, real=0.00 secs] 
41.757: Total time for which application threads were stopped: 0.0005350 seconds, Stopping threads took: 0.0000430 seconds
41.797: Application time: 0.0397130 seconds
41.797: [GC [PSYoungGen: 7664K->496K(8192K)] 24320K->17152K(26112K), 0.0004370 secs] [Times: user=0.00 sys=0.00, real=0.00 secs] 
41.797: Total time for which application threads were stopped: 0.0005340 seconds, Stopping threads took: 0.0000420 seconds
41.837: Application time: 0.0396700 seconds
41.837: [GC [PSYoungGen: 7664K->512K(8192K)] 24320K->17168K(26112K), 0.0004920 secs] [Times: user=0.00 sys=0.00, real=0.00 secs] 
41.838: Total time for which application threads were stopped: 0.0005850 seconds, Stopping threads took: 0.0000400 seconds
41.877: Application time: 0.0392260 seconds
41.877: [GC [PSYoungGen: 7680K->480K(8192K)] 24336K->17192K(26112K), 0.0004210 secs] [Times: user=0.00 sys=0.00, real=0.00 secs] 
41.877: Total time for which application threads were stopped: 0.0005140 seconds, Stopping threads took: 0.0000410 seconds
41.917: Application time: 0.0398110 seconds
41.917: [GC [PSYoungGen: 7648K->432K(8192K)] 24360K->17232K(26112K), 0.0005030 secs] [Times: user=0.00 sys=0.00, real=0.00 secs] 
41.918: Total time for which application threads were stopped: 0.0006280 seconds, Stopping threads took: 0.0000570 seconds
41.957: Application time: 0.0393140 seconds
41.957: [GC [PSYoungGen: 7600K->304K(8192K)] 24400K->17200K(26112K), 0.0004940 secs] [Times: user=0.01 sys=0.00, real=0.00 secs] 
41.958: Total time for which application threads were stopped: 0.0005940 seconds, Stopping threads took: 0.0000480 seconds
41.997: Application time: 0.0393140 seconds
41.997: [GC [PSYoungGen: 7472K->288K(8192K)] 24368K->17280K(26112K), 0.0004340 secs] [Times: user=0.00 sys=0.00, real=0.00 secs] 
41.998: Total time for which application threads were stopped: 0.0005270 seconds, Stopping threads took: 0.0000400 seconds
42.036: Application time: 0.0387560 seconds
42.036: [GC [PSYoungGen: 7456K->272K(8192K)] 24448K->17328K(26112K), 0.0003710 secs] [Times: user=0.00 sys=0.00, real=0.00 secs] 
42.037: Total time for which application threads were stopped: 0.0004630 seconds, Stopping threads took: 0.0000400 seconds
42.076: Application time: 0.0390840 seconds
42.076: [GC [PSYoungGen: 7440K->320K(8192K)] 24496K->17376K(26112K), 0.0003870 secs] [Times: user=0.00 sys=0.00, real=0.00 secs] 
42.076: Total time for which application threads were stopped: 0.0004900 seconds, Stopping threads took: 0.0000500 seconds
42.115: Application time: 0.0382060 seconds
42.115: [GC [PSYoungGen: 7488K->368K(8192K)] 24544K->17424K(26112K), 0.0004180 secs] [Times: user=0.00 sys=0.00, real=0.00 secs] 
42.115: Total time for which application threads were stopped: 0.0005130 seconds, Stopping threads took: 0.0000430 seconds
42.154: Application time: 0.0393010 seconds
42.154: [GC [PSYoungGen: 7536K->416K(8192K)] 24592K->17472K(26112K), 0.0004120 secs] [Times: user=0.00 sys=0.00, real=0.00 secs] 
42.155: Total time for which application threads were stopped: 0.0005050 seconds, Stopping threads took: 0.0000410 seconds
42.193: Application time: 0.0378190 seconds
42.193: [GC [PSYoungGen: 7584K->512K(8192K)] 24640K->17568K(26112K), 0.0004600 secs] [Times: user=0.00 sys=0.00, real=0.00 secs] 
42.193: Total time for which application threads were stopped: 0.0005580 seconds, Stopping threads took: 0.0000440 seconds
42.233: Application time: 0.0393680 seconds
42.233: [GC [PSYoungGen: 7680K->496K(8192K)] 24736K->17553K(26112K), 0.0004600 secs] [Times: user=0.00 sys=0.00, real=0.00 secs] 
42.233: Total time for which application threads were stopped: 0.0005450 seconds, Stopping threads took: 0.0000320 seconds
42.273: Application time: 0.0397620 seconds
42.273: [GC [PSYoungGen: 7664K->496K(8192K)] 24721K->17552K(26112K), 0.0004740 secs] [Times: user=0.00 sys=0.00, real=0.00 secs] 
42.274: Total time for which application threads were stopped: 0.0005820 seconds, Stopping threads took: 0.0000510 seconds
42.314: Application time: 0.0401150 seconds
42.314: [GC [PSYoungGen: 7664K->544K(8192K)] 24720K->17601K(26112K), 0.0004450 secs] [Times: user=0.00 sys=0.00, real=0.00 secs] 
42.314: Total time for which application threads were stopped: 0.0005500 seconds, Stopping threads took: 0.0000520 seconds
42.354: Application time: 0.0396420 seconds
42.354: [GC [PSYoungGen: 7712K->512K(8192K)] 24769K->17568K(26112K), 0.0004290 secs] [Times: user=0.00 sys=0.00, real=0.00 secs] 
42.354: Total time for which application threads were stopped: 0.0005330 seconds, Stopping threads took: 0.0000490 seconds
42.394: Application time: 0.0393290 seconds
42.394: [GC [PSYoungGen: 7680K->544K(8192K)] 24736K->17600K(26112K), 0.0004270 secs] [Times: user=0.00 sys=0.00, real=0.00 secs] 
42.394: Total time for which application threads were stopped: 0.0005250 seconds, Stopping threads took: 0.0000420 seconds
42.434: Application time: 0.0393830 seconds
42.434: [GC [PSYoungGen: 7712K->512K(8192K)] 24768K->17568K(26112K), 0.0004230 secs] [Times: user=0.01 sys=0.00, real=0.00 secs] 
42.434: Total time for which application threads were stopped: 0.0005240 seconds, Stopping threads took: 0.0000400 seconds
42.474: Application time: 0.0394020 seconds
42.474: [GC [PSYoungGen: 7680K->496K(8192K)] 24736K->17552K(26112K), 0.0004360 secs] [Times: user=0.00 sys=0.00, real=0.00 secs] 
42.474: Total time for which application threads were stopped: 0.0005310 seconds, Stopping threads took: 0.0000410 seconds
42.513: Application time: 0.0392000 seconds
42.513: [GC [PSYoungGen: 7664K->528K(8192K)] 24720K->17584K(26112K), 0.0004780 secs] [Times: user=0.00 sys=0.00, real=0.00 secs] 
42.514: Total time for which application threads were stopped: 0.0005740 seconds, Stopping threads took: 0.0000420 seconds
42.553: Application time: 0.0393670 seconds
42.553: [GC [PSYoungGen: 7696K->512K(8192K)] 24752K->17569K(26112K), 0.0004200 secs] [Times: user=0.00 sys=0.00, real=0.00 secs] 
42.554: Total time for which application threads were stopped: 0.0005120 seconds, Stopping threads took: 0.0000370 seconds
42.593: Application time: 0.0395300 seconds
42.593: [GC [PSYoungGen: 7680K->480K(8192K)] 24737K->17536K(26112K), 0.0004300 secs] [Times: user=0.01 sys=0.00, real=0.00 secs] 
42.594: Total time for which application threads were stopped: 0.0005250 seconds, Stopping threads took: 0.0000420 seconds
42.633: Application time: 0.0392510 seconds
42.637: [GC [PSYoungGen: 7648K->480K(8192K)] 24704K->17601K(26112K), 0.0004570 secs] [Times: user=0.01 sys=0.00, real=0.00 secs] 
42.638: Total time for which application threads were stopped: 0.0045020 seconds, Stopping threads took: 0.0039940 seconds
42.677: Application time: 0.0394230 seconds
42.677: [GC [PSYoungGen: 7648K->432K(8192K)] 24769K->17601K(26112K), 0.0004290 secs] [Times: user=0.00 sys=0.00, real=0.00 secs] 
42.678: Total time for which application threads were stopped: 0.0005620 seconds, Stopping threads took: 0.0000800 seconds
42.717: Application time: 0.0393780 seconds
42.717: [GC [PSYoungGen: 7600K->352K(8192K)] 24769K->17649K(26112K), 0.0004120 secs] [Times: user=0.00 sys=0.00, real=0.00 secs] 
42.717: Total time for which application threads were stopped: 0.0005080 seconds, Stopping threads took: 0.0000400 seconds
42.757: Application time: 0.0398290 seconds
42.757: [GC [PSYoungGen: 7520K->304K(8192K)] 24817K->17601K(26112K), 0.0003890 secs] [Times: user=0.00 sys=0.00, real=0.00 secs] 
42.758: Total time for which application threads were stopped: 0.0004810 seconds, Stopping threads took: 0.0000380 seconds
42.797: Application time: 0.0394600 seconds
42.797: [GC [PSYoungGen: 7472K->256K(8192K)] 24769K->17681K(26112K), 0.0004000 secs] [Times: user=0.01 sys=0.00, real=0.00 secs] 
42.798: Total time for which application threads were stopped: 0.0004920 seconds, Stopping threads took: 0.0000400 seconds
42.837: Application time: 0.0389700 seconds
42.837: [GC [PSYoungGen: 7424K->272K(8192K)] 24849K->17697K(26112K), 0.0003830 secs] [Times: user=0.00 sys=0.00, real=0.00 secs] 
42.837: Total time for which application threads were stopped: 0.0004780 seconds, Stopping threads took: 0.0000410 seconds
42.875: Application time: 0.0382520 seconds
42.875: [GC [PSYoungGen: 7440K->304K(8192K)] 24865K->17729K(26112K), 0.0003890 secs] [Times: user=0.00 sys=0.00, real=0.00 secs] 
42.876: Total time for which application threads were stopped: 0.0005010 seconds, Stopping threads took: 0.0000580 seconds
42.915: Application time: 0.0386700 seconds
42.915: [GC [PSYoungGen: 7472K->432K(8192K)] 24897K->17857K(26112K), 0.0004700 secs] [Times: user=0.00 sys=0.00, real=0.00 secs] 
42.915: Total time for which application threads were stopped: 0.0005800 seconds, Stopping threads took: 0.0000460 seconds
42.954: Application time: 0.0390410 seconds
42.954: [GC [PSYoungGen: 7600K->432K(8192K)] 25025K->17857K(26112K), 0.0004500 secs] [Times: user=0.00 sys=0.00, real=0.00 secs] 
42.955: Total time for which application threads were stopped: 0.0005580 seconds, Stopping threads took: 0.0000440 seconds
42.994: Application time: 0.0392840 seconds
42.994: [GC [PSYoungGen: 7600K->464K(8192K)] 25025K->17889K(26112K), 0.0005160 secs] [Times: user=0.00 sys=0.00, real=0.00 secs] 
42.995: Total time for which application threads were stopped: 0.0006080 seconds, Stopping threads took: 0.0000400 seconds
43.034: Application time: 0.0392840 seconds
43.037: [GC [PSYoungGen: 7632K->496K(8192K)] 25057K->17921K(26112K), 0.0004590 secs] [Times: user=0.01 sys=0.00, real=0.00 secs] 
43.038: Total time for which application threads were stopped: 0.0036430 seconds, Stopping threads took: 0.0031280 seconds
43.078: Application time: 0.0407560 seconds
43.078: [GC [PSYoungGen: 7664K->512K(8192K)] 25089K->17937K(26112K), 0.0004910 secs] [Times: user=0.00 sys=0.00, real=0.00 secs] 
43.079: Total time for which application threads were stopped: 0.0005850 seconds, Stopping threads took: 0.0000370 seconds
43.118: Application time: 0.0395000 seconds
43.119: [GC [PSYoungGen: 7680K->480K(8192K)] 25105K->17905K(26112K), 0.0004410 secs] [Times: user=0.00 sys=0.00, real=0.00 secs] 
43.119: Total time for which application threads were stopped: 0.0005410 seconds, Stopping threads took: 0.0000470 seconds
43.158: Application time: 0.0392300 seconds
43.158: [GC [PSYoungGen: 7648K->464K(8192K)] 25073K->17889K(26112K), 0.0004710 secs] [Times: user=0.00 sys=0.00, real=0.00 secs] 
43.159: Total time for which application threads were stopped: 0.0005680 seconds, Stopping threads took: 0.0000440 seconds
43.198: Application time: 0.0394100 seconds
43.198: [GC [PSYoungGen: 7632K->496K(8192K)] 25057K->17921K(26112K), 0.0004670 secs] [Times: user=0.00 sys=0.00, real=0.00 secs] 
43.199: Total time for which application threads were stopped: 0.0005600 seconds, Stopping threads took: 0.0000400 seconds
43.238: Application time: 0.0392220 seconds
43.238: [GC [PSYoungGen: 7664K->512K(8192K)] 25089K->17937K(26112K), 0.0004330 secs] [Times: user=0.00 sys=0.00, real=0.00 secs] 
43.239: Total time for which application threads were stopped: 0.0005320 seconds, Stopping threads took: 0.0000450 seconds
43.278: Application time: 0.0393580 seconds
43.278: [GC [PSYoungGen: 7680K->512K(8192K)] 25105K->17937K(26112K), 0.0004600 secs] [Times: user=0.00 sys=0.00, real=0.00 secs] 
43.278: Total time for which application threads were stopped: 0.0005570 seconds, Stopping threads took: 0.0000430 seconds
43.319: Application time: 0.0402060 seconds
43.319: [GC [PSYoungGen: 7680K->512K(8192K)] 25105K->17937K(26112K), 0.0004470 secs] [Times: user=0.00 sys=0.00, real=0.00 secs] 
43.319: Total time for which application threads were stopped: 0.0005480 seconds, Stopping threads took: 0.0000480 seconds
43.359: Application time: 0.0397840 seconds
43.359: [GC [PSYoungGen: 7680K->464K(8192K)] 25105K->17889K(26112K), 0.0004360 secs] [Times: user=0.00 sys=0.00, real=0.00 secs] 
43.360: Total time for which application threads were stopped: 0.0005410 seconds, Stopping threads took: 0.0000510 seconds
43.399: Application time: 0.0392040 seconds
43.399: [GC [PSYoungGen: 7632K->512K(8192K)] 25057K->17937K(26112K), 0.0004970 secs] [Times: user=0.00 sys=0.00, real=0.00 secs] 
43.399: Total time for which application threads were stopped: 0.0005820 seconds, Stopping threads took: 0.0000340 seconds
43.439: Application time: 0.0392280 seconds
43.439: [GC [PSYoungGen: 7680K->464K(8192K)] 25105K->17945K(26112K), 0.0004250 secs] [Times: user=0.00 sys=0.00, real=0.00 secs] 
43.439: Total time for which application threads were stopped: 0.0005240 seconds, Stopping threads took: 0.0000480 seconds
43.478: Application time: 0.0394350 seconds
43.479: [GC [PSYoungGen: 7632K->400K(8192K)] 25113K->17973K(26112K), 0.0004270 secs] [Times: user=0.00 sys=0.00, real=0.00 secs] 
43.479: Total time for which application threads were stopped: 0.0005380 seconds, Stopping threads took: 0.0000410 seconds
43.518: Application time: 0.0394460 seconds
43.519: [GC [PSYoungGen: 7568K->320K(8192K)] 25141K->17981K(26112K), 0.0004100 secs] [Times: user=0.00 sys=0.00, real=0.00 secs] 
43.519: Total time for which application threads were stopped: 0.0005070 seconds, Stopping threads took: 0.0000430 seconds
43.558: Application time: 0.0394670 seconds
43.559: [GC [PSYoungGen: 7488K->288K(8192K)] 25149K->18013K(26112K), 0.0003960 secs] [Times: user=0.00 sys=0.00, real=0.00 secs] 
43.559: [Full GC [PSYoungGen: 288K->0K(8192K)] [ParOldGen: 17725K->1782K(17920K)] 18013K->1782K(26112K) [PSPermGen: 6057K->6041K(21504K)], 0.0108780 secs] [Times: user=0.05 sys=0.00, real=0.02 secs] 
43.570: Total time for which application threads were stopped: 0.0114180 seconds, Stopping threads took: 0.0000390 seconds
43.570: Application time: 0.0000760 seconds
43.570: Total time for which application threads were stopped: 0.0000770 seconds, Stopping threads took: 0.0000450 seconds
43.610: Application time: 0.0395480 seconds
43.613: [GC [PSYoungGen: 7168K->256K(8192K)] 8950K->2038K(26112K), 0.0003840 secs] [Times: user=0.00 sys=0.00, real=0.00 secs] 
43.613: Total time for which application threads were stopped: 0.0039210 seconds, Stopping threads took: 0.0034840 seconds
43.653: Application time: 0.0390670 seconds
43.653: [GC [PSYoungGen: 7424K->256K(8192K)] 9206K->2038K(26112K), 0.0003480 secs] [Times: user=0.00 sys=0.00, real=0.00 secs] 
43.653: Total time for which application threads were stopped: 0.0004470 seconds, Stopping threads took: 0.0000440 seconds
43.691: Application time: 0.0378360 seconds
43.691: [GC [PSYoungGen: 7424K->320K(8192K)] 9206K->2102K(26112K), 0.0003950 secs] [Times: user=0.00 sys=0.00, real=0.00 secs] 
43.691: Total time for which application threads were stopped: 0.0004950 seconds, Stopping threads took: 0.0000450 seconds
43.730: Application time: 0.0391370 seconds
43.731: [GC [PSYoungGen: 7488K->336K(8192K)] 9270K->2118K(26112K), 0.0004430 secs] [Times: user=0.00 sys=0.00, real=0.00 secs] 
43.731: Total time for which application threads were stopped: 0.0005320 seconds, Stopping threads took: 0.0000380 seconds
43.769: Application time: 0.0381280 seconds
43.769: [GC [PSYoungGen: 7504K->464K(8192K)] 9286K->2246K(26112K), 0.0004770 secs] [Times: user=0.00 sys=0.00, real=0.00 secs] 
43.770: Total time for which application threads were stopped: 0.0005710 seconds, Stopping threads took: 0.0000390 seconds
43.809: Application time: 0.0389620 seconds
43.809: [GC [PSYoungGen: 7632K->512K(8192K)] 9414K->2294K(26112K), 0.0004440 secs] [Times: user=0.00 sys=0.00, real=0.01 secs] 
43.809: Total time for which application threads were stopped: 0.0005440 seconds, Stopping threads took: 0.0000450 seconds
43.849: Application time: 0.0393720 seconds
43.849: [GC [PSYoungGen: 7680K->512K(8192K)] 9462K->2294K(26112K), 0.0004600 secs] [Times: user=0.00 sys=0.00, real=0.01 secs] 
43.849: Total time for which application threads were stopped: 0.0005580 seconds, Stopping threads took: 0.0000440 seconds
43.889: Application time: 0.0397110 seconds
43.889: [GC [PSYoungGen: 7680K->464K(8192K)] 9462K->2246K(26112K), 0.0004080 secs] [Times: user=0.00 sys=0.00, real=0.01 secs] 
43.889: Total time for which application threads were stopped: 0.0005080 seconds, Stopping threads took: 0.0000450 seconds
43.929: Application time: 0.0398000 seconds
43.929: [GC [PSYoungGen: 7632K->512K(8192K)] 9414K->2294K(26112K), 0.0004610 secs] [Times: user=0.01 sys=0.00, real=0.00 secs] 
43.930: Total time for which application threads were stopped: 0.0005760 seconds, Stopping threads took: 0.0000550 seconds
43.969: Application time: 0.0396080 seconds
43.969: [GC [PSYoungGen: 7680K->496K(8192K)] 9462K->2278K(26112K), 0.0004110 secs] [Times: user=0.00 sys=0.00, real=0.00 secs] 
43.970: Total time for which application threads were stopped: 0.0005120 seconds, Stopping threads took: 0.0000480 seconds
44.009: Application time: 0.0394290 seconds
44.009: [GC [PSYoungGen: 7664K->496K(8192K)] 9446K->2278K(26112K), 0.0004740 secs] [Times: user=0.01 sys=0.00, real=0.00 secs] 
44.010: Total time for which application threads were stopped: 0.0005850 seconds, Stopping threads took: 0.0000470 seconds
44.049: Application time: 0.0393910 seconds
44.049: [GC [PSYoungGen: 7664K->512K(8192K)] 9446K->2294K(26112K), 0.0004060 secs] [Times: user=0.00 sys=0.00, real=0.00 secs] 
44.050: Total time for which application threads were stopped: 0.0005050 seconds, Stopping threads took: 0.0000460 seconds
44.089: Application time: 0.0392570 seconds
44.093: [GC [PSYoungGen: 7680K->512K(8192K)] 9462K->2294K(26112K), 0.0004440 secs] [Times: user=0.00 sys=0.00, real=0.00 secs] 
44.094: Total time for which application threads were stopped: 0.0044830 seconds, Stopping threads took: 0.0039860 seconds
44.133: Application time: 0.0393770 seconds
44.133: [GC [PSYoungGen: 7680K->464K(8192K)] 9462K->2246K(26112K), 0.0004490 secs] [Times: user=0.00 sys=0.00, real=0.00 secs] 
44.133: Total time for which application threads were stopped: 0.0005510 seconds, Stopping threads took: 0.0000500 seconds
44.173: Application time: 0.0393790 seconds
44.173: [GC [PSYoungGen: 7632K->480K(8192K)] 9414K->2262K(26112K), 0.0004190 secs] [Times: user=0.00 sys=0.00, real=0.00 secs] 
44.173: Total time for which application threads were stopped: 0.0005150 seconds, Stopping threads took: 0.0000410 seconds
44.213: Application time: 0.0392060 seconds
44.213: [GC [PSYoungGen: 7648K->496K(8192K)] 9430K->2278K(26112K), 0.0004180 secs] [Times: user=0.01 sys=0.00, real=0.00 secs] 
44.213: Total time for which application threads were stopped: 0.0005200 seconds, Stopping threads took: 0.0000480 seconds
44.252: Application time: 0.0392890 seconds
44.252: [GC [PSYoungGen: 7664K->496K(8192K)] 9446K->2338K(26112K), 0.0004720 secs] [Times: user=0.00 sys=0.00, real=0.00 secs] 
44.253: Total time for which application threads were stopped: 0.0005680 seconds, Stopping threads took: 0.0000430 seconds
44.292: Application time: 0.0391810 seconds
44.292: [GC [PSYoungGen: 7664K->384K(8192K)] 9506K->2355K(26112K), 0.0004000 secs] [Times: user=0.01 sys=0.00, real=0.00 secs] 
44.293: Total time for which application threads were stopped: 0.0004950 seconds, Stopping threads took: 0.0000430 seconds
44.332: Application time: 0.0394400 seconds
44.332: [GC [PSYoungGen: 7552K->320K(8192K)] 9523K->2339K(26112K), 0.0004140 secs] [Times: user=0.00 sys=0.00, real=0.00 secs] 
44.333: Total time for which application threads were stopped: 0.0005100 seconds, Stopping threads took: 0.0000420 seconds
44.372: Application time: 0.0392700 seconds
44.372: [GC [PSYoungGen: 7488K->256K(8192K)] 9507K->2363K(26112K), 0.0004080 secs] [Times: user=0.00 sys=0.00, real=0.00 secs] 
44.372: Total time for which application threads were stopped: 0.0005070 seconds, Stopping threads took: 0.0000470 seconds
44.411: Application time: 0.0390900 seconds
44.412: [GC [PSYoungGen: 7424K->272K(8192K)] 9531K->2435K(26112K), 0.0003500 secs] [Times: user=0.00 sys=0.00, real=0.00 secs] 
44.412: Total time for which application threads were stopped: 0.0004480 seconds, Stopping threads took: 0.0000450 seconds
44.451: Application time: 0.0393230 seconds
44.451: [GC [PSYoungGen: 7440K->272K(8192K)] 9603K->2435K(26112K), 0.0003540 secs] [Times: user=0.00 sys=0.00, real=0.00 secs] 
44.452: Total time for which application threads were stopped: 0.0004530 seconds, Stopping threads took: 0.0000460 seconds
44.489: Application time: 0.0373270 seconds
44.489: [GC [PSYoungGen: 7440K->384K(8192K)] 9603K->2547K(26112K), 0.0003850 secs] [Times: user=0.00 sys=0.00, real=0.00 secs] 
44.489: Total time for which application threads were stopped: 0.0004810 seconds, Stopping threads took: 0.0000400 seconds
44.529: Application time: 0.0396390 seconds
44.529: [GC [PSYoungGen: 7552K->432K(8192K)] 9715K->2595K(26112K), 0.0003900 secs] [Times: user=0.00 sys=0.00, real=0.00 secs] 
44.530: Total time for which application threads were stopped: 0.0004900 seconds, Stopping threads took: 0.0000430 seconds
44.568: Application time: 0.0382180 seconds
44.568: [GC [PSYoungGen: 7600K->464K(8192K)] 9763K->2627K(26112K), 0.0004190 secs] [Times: user=0.00 sys=0.00, real=0.00 secs] 
44.568: Total time for which application threads were stopped: 0.0005180 seconds, Stopping threads took: 0.0000430 seconds
44.607: Application time: 0.0389860 seconds
44.607: [GC [PSYoungGen: 7632K->560K(8192K)] 9795K->2723K(26112K), 0.0004440 secs] [Times: user=0.00 sys=0.00, real=0.00 secs] 
44.608: Total time for which application threads were stopped: 0.0005420 seconds, Stopping threads took: 0.0000440 seconds
44.647: Application time: 0.0395400 seconds
44.648: [GC [PSYoungGen: 7728K->528K(8192K)] 9891K->2691K(26112K), 0.0004550 secs] [Times: user=0.00 sys=0.00, real=0.00 secs] 
44.648: Total time for which application threads were stopped: 0.0005500 seconds, Stopping threads took: 0.0000410 seconds
44.687: Application time: 0.0393450 seconds
44.687: [GC [PSYoungGen: 7696K->528K(8192K)] 9859K->2691K(26112K), 0.0004010 secs] [Times: user=0.00 sys=0.00, real=0.00 secs] 
44.688: Total time for which application threads were stopped: 0.0004990 seconds, Stopping threads took: 0.0000450 seconds
44.728: Application time: 0.0398260 seconds
44.728: [GC [PSYoungGen: 7696K->496K(8192K)] 9859K->2659K(26112K), 0.0003990 secs] [Times: user=0.00 sys=0.00, real=0.00 secs] 
44.728: Total time for which application threads were stopped: 0.0005000 seconds, Stopping threads took: 0.0000500 seconds
44.767: Application time: 0.0392200 seconds
44.767: [GC [PSYoungGen: 7664K->560K(8192K)] 9827K->2723K(26112K), 0.0004230 secs] [Times: user=0.00 sys=0.00, real=0.00 secs] 
44.768: Total time for which application threads were stopped: 0.0005110 seconds, Stopping threads took: 0.0000360 seconds
44.807: Application time: 0.0394040 seconds
44.807: [GC [PSYoungGen: 7728K->512K(8192K)] 9891K->2675K(26112K), 0.0004430 secs] [Times: user=0.00 sys=0.00, real=0.00 secs] 
44.808: Total time for which application threads were stopped: 0.0005430 seconds, Stopping threads took: 0.0000470 seconds
44.848: Application time: 0.0398280 seconds
44.848: [GC [PSYoungGen: 7680K->512K(8192K)] 9843K->2675K(26112K), 0.0004110 secs] [Times: user=0.00 sys=0.00, real=0.00 secs] 
44.848: Total time for which application threads were stopped: 0.0005020 seconds, Stopping threads took: 0.0000400 seconds
44.887: Application time: 0.0392300 seconds
44.887: [GC [PSYoungGen: 7680K->512K(8192K)] 9843K->2675K(26112K), 0.0004220 secs] [Times: user=0.00 sys=0.00, real=0.00 secs] 
44.888: Total time for which application threads were stopped: 0.0005210 seconds, Stopping threads took: 0.0000430 seconds
44.928: Application time: 0.0397820 seconds
44.928: [GC [PSYoungGen: 7680K->480K(8192K)] 9843K->2643K(26112K), 0.0004540 secs] [Times: user=0.00 sys=0.00, real=0.00 secs] 
44.928: Total time for which application threads were stopped: 0.0005570 seconds, Stopping threads took: 0.0000420 seconds
44.968: Application time: 0.0393490 seconds
44.968: [GC [PSYoungGen: 7648K->512K(8192K)] 9811K->2675K(26112K), 0.0004130 secs] [Times: user=0.00 sys=0.00, real=0.00 secs] 
44.968: Total time for which application threads were stopped: 0.0005120 seconds, Stopping threads took: 0.0000420 seconds
45.008: Application time: 0.0396010 seconds
45.009: [GC [PSYoungGen: 7680K->416K(8192K)] 9843K->2643K(26112K), 0.0004510 secs] [Times: user=0.01 sys=0.00, real=0.00 secs] 
45.010: Total time for which application threads were stopped: 0.0018020 seconds, Stopping threads took: 0.0012950 seconds
45.049: Application time: 0.0394980 seconds
45.049: [GC [PSYoungGen: 7584K->416K(8192K)] 9811K->2643K(26112K), 0.0004770 secs] [Times: user=0.00 sys=0.00, real=0.00 secs] 
45.050: Total time for which application threads were stopped: 0.0005810 seconds, Stopping threads took: 0.0000390 seconds
45.089: Application time: 0.0394780 seconds
45.089: [GC [PSYoungGen: 7584K->304K(8192K)] 9811K->2675K(26112K), 0.0004340 secs] [Times: user=0.00 sys=0.00, real=0.00 secs] 
45.091: Total time for which application threads were stopped: 0.0016710 seconds, Stopping threads took: 0.0000480 seconds
45.130: Application time: 0.0392500 seconds
45.130: [GC [PSYoungGen: 7472K->368K(8192K)] 9843K->2739K(26112K), 0.0004010 secs] [Times: user=0.00 sys=0.00, real=0.00 secs] 
45.131: Total time for which application threads were stopped: 0.0005060 seconds, Stopping threads took: 0.0000490 seconds
45.170: Application time: 0.0395480 seconds
45.170: [GC [PSYoungGen: 7536K->272K(8192K)] 9907K->2747K(26112K), 0.0004140 secs] [Times: user=0.00 sys=0.00, real=0.00 secs] 
45.171: Total time for which application threads were stopped: 0.0005070 seconds, Stopping threads took: 0.0000410 seconds
45.210: Application time: 0.0391540 seconds
45.213: [GC [PSYoungGen: 7440K->272K(8192K)] 9915K->2803K(26112K), 0.0003540 secs] [Times: user=0.01 sys=0.00, real=0.00 secs] 
45.213: Total time for which application threads were stopped: 0.0036980 seconds, Stopping threads took: 0.0032910 seconds
45.252: Application time: 0.0384920 seconds
45.252: [GC [PSYoungGen: 7440K->288K(8192K)] 9971K->2819K(26112K), 0.0003630 secs] [Times: user=0.00 sys=0.00, real=0.00 secs] 
45.252: Total time for which application threads were stopped: 0.0004760 seconds, Stopping threads took: 0.0000600 seconds
45.291: Application time: 0.0382880 seconds
45.291: [GC [PSYoungGen: 7456K->384K(8192K)] 9987K->2915K(26112K), 0.0003830 secs] [Times: user=0.00 sys=0.00, real=0.00 secs] 
45.291: Total time for which application threads were stopped: 0.0004770 seconds, Stopping threads took: 0.0000400 seconds
45.330: Application time: 0.0388650 seconds
45.330: [GC [PSYoungGen: 7552K->432K(8192K)] 10083K->2963K(26112K), 0.0003930 secs] [Times: user=0.00 sys=0.00, real=0.00 secs] 
45.331: Total time for which application threads were stopped: 0.0004880 seconds, Stopping threads took: 0.0000380 seconds
45.369: Application time: 0.0382180 seconds
45.369: [GC [PSYoungGen: 7600K->480K(8192K)] 10131K->3011K(26112K), 0.0004250 secs] [Times: user=0.00 sys=0.00, real=0.01 secs] 
45.369: Total time for which application threads were stopped: 0.0005220 seconds, Stopping threads took: 0.0000440 seconds
45.409: Application time: 0.0395770 seconds
45.409: [GC [PSYoungGen: 7648K->512K(8192K)] 10179K->3043K(26112K), 0.0004100 secs] [Times: user=0.00 sys=0.00, real=0.01 secs] 
45.409: Total time for which application threads were stopped: 0.0005110 seconds, Stopping threads took: 0.0000480 seconds
45.449: Application time: 0.0392530 seconds
45.449: [GC [PSYoungGen: 7680K->528K(8192K)] 10211K->3059K(26112K), 0.0004980 secs] [Times: user=0.00 sys=0.01, real=0.01 secs] 
45.449: Total time for which application threads were stopped: 0.0005960 seconds, Stopping threads took: 0.0000430 seconds
45.489: Application time: 0.0395530 seconds
45.489: [GC [PSYoungGen: 7696K->512K(8192K)] 10227K->3043K(26112K), 0.0004210 secs] [Times: user=0.00 sys=0.00, real=0.01 secs] 
45.489: Total time for which application threads were stopped: 0.0005190 seconds, Stopping threads took: 0.0000450 seconds
45.529: Application time: 0.0396200 seconds
45.529: [GC [PSYoungGen: 7680K->496K(8192K)] 10211K->3027K(26112K), 0.0004200 secs] [Times: user=0.00 sys=0.00, real=0.01 secs] 
45.529: Total time for which application threads were stopped: 0.0005160 seconds, Stopping threads took: 0.0000410 seconds
45.569: Application time: 0.0392880 seconds
45.569: [GC [PSYoungGen: 7664K->512K(8192K)] 10195K->3043K(26112K), 0.0004090 secs] [Times: user=0.00 sys=0.00, real=0.01 secs] 
45.569: Total time for which application threads were stopped: 0.0005300 seconds, Stopping threads took: 0.0000580 seconds
45.608: Application time: 0.0392120 seconds
45.609: [GC [PSYoungGen: 7680K->528K(8192K)] 10211K->3059K(26112K), 0.0004550 secs] [Times: user=0.01 sys=0.00, real=0.01 secs] 
45.609: Total time for which application threads were stopped: 0.0005490 seconds, Stopping threads took: 0.0000380 seconds
45.648: Application time: 0.0391620 seconds
45.648: [GC [PSYoungGen: 7696K->496K(8192K)] 10227K->3027K(26112K), 0.0004070 secs] [Times: user=0.00 sys=0.00, real=0.00 secs] 
45.649: Total time for which application threads were stopped: 0.0005080 seconds, Stopping threads took: 0.0000470 seconds
45.688: Application time: 0.0393670 seconds
45.688: [GC [PSYoungGen: 7664K->496K(8192K)] 10195K->3027K(26112K), 0.0004210 secs] [Times: user=0.01 sys=0.00, real=0.00 secs] 
45.689: Total time for which application threads were stopped: 0.0005140 seconds, Stopping threads took: 0.0000410 seconds
45.728: Application time: 0.0391910 seconds
45.728: [GC [PSYoungGen: 7664K->496K(8192K)] 10195K->3027K(26112K), 0.0004450 secs] [Times: user=0.00 sys=0.00, real=0.00 secs] 
45.728: Total time for which application threads were stopped: 0.0005380 seconds, Stopping threads took: 0.0000460 seconds
45.768: Application time: 0.0399830 seconds
45.768: [GC [PSYoungGen: 7664K->496K(8192K)] 10195K->3027K(26112K), 0.0004420 secs] [Times: user=0.00 sys=0.00, real=0.00 secs] 
45.769: Total time for which application threads were stopped: 0.0005470 seconds, Stopping threads took: 0.0000480 seconds
45.808: Application time: 0.0392760 seconds
45.808: [GC [PSYoungGen: 7664K->480K(8192K)] 10195K->3059K(26112K), 0.0004660 secs] [Times: user=0.00 sys=0.00, real=0.00 secs] 
45.809: Total time for which application threads were stopped: 0.0005670 seconds, Stopping threads took: 0.0000490 seconds
45.848: Application time: 0.0395560 seconds
45.848: [GC [PSYoungGen: 7648K->416K(8192K)] 10227K->3083K(26112K), 0.0004170 secs] [Times: user=0.01 sys=0.00, real=0.00 secs] 
45.849: Total time for which application threads were stopped: 0.0005100 seconds, Stopping threads took: 0.0000390 seconds
45.888: Application time: 0.0394270 seconds
45.888: [GC [PSYoungGen: 7584K->304K(8192K)] 10251K->3043K(26112K), 0.0004290 secs] [Times: user=0.00 sys=0.00, real=0.00 secs] 
45.889: Total time for which application threads were stopped: 0.0005250 seconds, Stopping threads took: 0.0000430 seconds
45.928: Application time: 0.0396550 seconds
45.928: [GC [PSYoungGen: 7472K->288K(8192K)] 10211K->3083K(26112K), 0.0004440 secs] [Times: user=0.01 sys=0.00, real=0.00 secs] 
45.929: Total time for which application threads were stopped: 0.0005520 seconds, Stopping threads took: 0.0000440 seconds
45.969: Application time: 0.0398130 seconds
45.969: [GC [PSYoungGen: 7456K->256K(8192K)] 10251K->3131K(26112K), 0.0003570 secs] [Times: user=0.01 sys=0.00, real=0.01 secs] 
45.969: Total time for which application threads were stopped: 0.0004500 seconds, Stopping threads took: 0.0000430 seconds
46.008: Application time: 0.0384780 seconds
46.008: [GC [PSYoungGen: 7424K->256K(8192K)] 10299K->3131K(26112K), 0.0003710 secs] [Times: user=0.00 sys=0.00, real=0.00 secs] 
46.008: Total time for which application threads were stopped: 0.0004680 seconds, Stopping threads took: 0.0000460 seconds
46.047: Application time: 0.0384860 seconds
46.047: [GC [PSYoungGen: 7424K->320K(8192K)] 10299K->3195K(26112K), 0.0003760 secs] [Times: user=0.00 sys=0.00, real=0.00 secs] 
46.047: Total time for which application threads were stopped: 0.0004750 seconds, Stopping threads took: 0.0000460 seconds
46.086: Application time: 0.0385440 seconds
46.086: [GC [PSYoungGen: 7488K->400K(8192K)] 10363K->3275K(26112K), 0.0004270 secs] [Times: user=0.00 sys=0.00, real=0.00 secs] 
46.086: Total time for which application threads were stopped: 0.0005390 seconds, Stopping threads took: 0.0000500 seconds
46.125: Application time: 0.0388320 seconds
46.125: [GC [PSYoungGen: 7568K->432K(8192K)] 10443K->3307K(26112K), 0.0003960 secs] [Times: user=0.00 sys=0.00, real=0.00 secs] 
46.126: Total time for which application threads were stopped: 0.0004930 seconds, Stopping threads took: 0.0000470 seconds
46.164: Application time: 0.0386700 seconds
46.164: [GC [PSYoungGen: 7600K->512K(8192K)] 10475K->3387K(26112K), 0.0004280 secs] [Times: user=0.01 sys=0.00, real=0.00 secs] 
46.165: Total time for which application threads were stopped: 0.0005210 seconds, Stopping threads took: 0.0000400 seconds
46.204: Application time: 0.0393540 seconds
46.204: [GC [PSYoungGen: 7680K->512K(8192K)] 10555K->3387K(26112K), 0.0004620 secs] [Times: user=0.00 sys=0.00, real=0.00 secs] 
46.205: Total time for which application threads were stopped: 0.0005720 seconds, Stopping threads took: 0.0000570 seconds
46.244: Application time: 0.0396030 seconds
46.244: [GC [PSYoungGen: 7680K->480K(8192K)] 10555K->3355K(26112K), 0.0004300 secs] [Times: user=0.00 sys=0.00, real=0.00 secs] 
46.245: Total time for which application threads were stopped: 0.0005300 seconds, Stopping threads took: 0.0000440 seconds
46.284: Application time: 0.0392850 seconds
46.284: [GC [PSYoungGen: 7648K->480K(8192K)] 10523K->3355K(26112K), 0.0004450 secs] [Times: user=0.00 sys=0.00, real=0.00 secs] 
46.285: Total time for which application threads were stopped: 0.0005370 seconds, Stopping threads took: 0.0000400 seconds
46.324: Application time: 0.0394380 seconds
46.324: [GC [PSYoungGen: 7648K->528K(8192K)] 10523K->3403K(26112K), 0.0004200 secs] [Times: user=0.00 sys=0.00, real=0.00 secs] 
46.325: Total time for which application threads were stopped: 0.0005180 seconds, Stopping threads took: 0.0000440 seconds
46.364: Application time: 0.0393180 seconds
46.364: [GC [PSYoungGen: 7696K->480K(8192K)] 10571K->3355K(26112K), 0.0003990 secs] [Times: user=0.00 sys=0.00, real=0.00 secs] 
46.364: Total time for which application threads were stopped: 0.0005000 seconds, Stopping threads took: 0.0000480 seconds
46.404: Application time: 0.0397230 seconds
46.404: [GC [PSYoungGen: 7648K->464K(8192K)] 10523K->3339K(26112K), 0.0004110 secs] [Times: user=0.00 sys=0.00, real=0.00 secs] 
46.405: Total time for which application threads were stopped: 0.0005050 seconds, Stopping threads took: 0.0000410 seconds
46.444: Application time: 0.0391520 seconds
46.444: [GC [PSYoungGen: 7632K->528K(8192K)] 10507K->3403K(26112K), 0.0004530 secs] [Times: user=0.00 sys=0.00, real=0.00 secs] 
46.444: Total time for which application threads were stopped: 0.0005490 seconds, Stopping threads took: 0.0000430 seconds
46.484: Application time: 0.0393050 seconds
46.484: [GC [PSYoungGen: 7696K->512K(8192K)] 10571K->3387K(26112K), 0.0004070 secs] [Times: user=0.00 sys=0.00, real=0.00 secs] 
46.484: Total time for which application threads were stopped: 0.0005000 seconds, Stopping threads took: 0.0000430 seconds
46.523: Application time: 0.0391850 seconds
46.523: [GC [PSYoungGen: 7680K->464K(8192K)] 10555K->3339K(26112K), 0.0003900 secs] [Times: user=0.00 sys=0.00, real=0.00 secs] 
46.524: Total time for which application threads were stopped: 0.0004940 seconds, Stopping threads took: 0.0000510 seconds
46.563: Application time: 0.0391660 seconds
46.563: [GC [PSYoungGen: 7632K->480K(8192K)] 10507K->3355K(26112K), 0.0004180 secs] [Times: user=0.01 sys=0.00, real=0.00 secs] 
46.563: Total time for which application threads were stopped: 0.0005230 seconds, Stopping threads took: 0.0000510 seconds
46.603: Application time: 0.0393050 seconds
46.603: [GC [PSYoungGen: 7648K->480K(8192K)] 10523K->3411K(26112K), 0.0004310 secs] [Times: user=0.00 sys=0.00, real=0.00 secs] 
46.603: Total time for which application threads were stopped: 0.0005480 seconds, Stopping threads took: 0.0000560 seconds
46.643: Application time: 0.0392500 seconds
46.643: [GC [PSYoungGen: 7648K->352K(8192K)] 10579K->3403K(26112K), 0.0004550 secs] [Times: user=0.00 sys=0.00, real=0.00 secs] 
46.643: Total time for which application threads were stopped: 0.0005430 seconds, Stopping threads took: 0.0000360 seconds
46.682: Application time: 0.0392140 seconds
46.682: [GC [PSYoungGen: 7520K->352K(8192K)] 10571K->3451K(26112K), 0.0003660 secs] [Times: user=0.00 sys=0.00, real=0.00 secs] 
46.683: Total time for which application threads were stopped: 0.0004700 seconds, Stopping threads took: 0.0000500 seconds
46.722: Application time: 0.0392810 seconds
46.725: [GC [PSYoungGen: 7520K->288K(8192K)] 10619K->3451K(26112K), 0.0003760 secs] [Times: user=0.00 sys=0.00, real=0.00 secs] 
46.725: Total time for which application threads were stopped: 0.0033680 seconds, Stopping threads took: 0.0029400 seconds
46.765: Application time: 0.0391130 seconds
46.765: [GC [PSYoungGen: 7456K->272K(8192K)] 10619K->3531K(26112K), 0.0004190 secs] [Times: user=0.00 sys=0.00, real=0.00 secs] 
46.765: Total time for which application threads were stopped: 0.0005190 seconds, Stopping threads took: 0.0000390 seconds
46.804: Application time: 0.0392630 seconds
46.804: [GC [PSYoungGen: 7440K->304K(8192K)] 10699K->3563K(26112K), 0.0003940 secs] [Times: user=0.00 sys=0.00, real=0.00 secs] 
46.805: Total time for which application threads were stopped: 0.0004880 seconds, Stopping threads took: 0.0000380 seconds
46.842: Application time: 0.0374780 seconds
46.842: [GC [PSYoungGen: 7472K->400K(8192K)] 10731K->3659K(26112K), 0.0004360 secs] [Times: user=0.00 sys=0.00, real=0.00 secs] 
46.843: Total time for which application threads were stopped: 0.0005340 seconds, Stopping threads took: 0.0000440 seconds
46.883: Application time: 0.0396960 seconds
46.883: [GC [PSYoungGen: 7568K->400K(8192K)] 10827K->3659K(26112K), 0.0004110 secs] [Times: user=0.00 sys=0.00, real=0.00 secs] 
46.883: Total time for which application threads were stopped: 0.0004990 seconds, Stopping threads took: 0.0000380 seconds
46.922: Application time: 0.0388270 seconds
46.922: [GC [PSYoungGen: 7568K->448K(8192K)] 10827K->3707K(26112K), 0.0004390 secs] [Times: user=0.00 sys=0.00, real=0.00 secs] 
46.922: Total time for which application threads were stopped: 0.0005480 seconds, Stopping threads took: 0.0000480 seconds
46.961: Application time: 0.0385980 seconds
46.961: [GC [PSYoungGen: 7616K->528K(8192K)] 10875K->3787K(26112K), 0.0004190 secs] [Times: user=0.00 sys=0.00, real=0.00 secs] 
46.962: Total time for which application threads were stopped: 0.0005140 seconds, Stopping threads took: 0.0000420 seconds
47.001: Application time: 0.0397210 seconds
47.001: [GC [PSYoungGen: 7696K->512K(8192K)] 10955K->3771K(26112K), 0.0004020 secs] [Times: user=0.00 sys=0.00, real=0.00 secs] 
47.002: Total time for which application threads were stopped: 0.0004980 seconds, Stopping threads took: 0.0000440 seconds
47.041: Application time: 0.0392710 seconds
47.041: [GC [PSYoungGen: 7680K->496K(8192K)] 10939K->3755K(26112K), 0.0004490 secs] [Times: user=0.00 sys=0.00, real=0.00 secs] 
47.042: Total time for which application threads were stopped: 0.0005490 seconds, Stopping threads took: 0.0000460 seconds
47.081: Application time: 0.0394490 seconds
47.081: [GC [PSYoungGen: 7664K->512K(8192K)] 10923K->3771K(26112K), 0.0004480 secs] [Times: user=0.00 sys=0.00, real=0.00 secs] 
47.082: Total time for which application threads were stopped: 0.0005430 seconds, Stopping threads took: 0.0000430 seconds
47.121: Application time: 0.0392890 seconds
47.121: [GC [PSYoungGen: 7680K->512K(8192K)] 10939K->3771K(26112K), 0.0004210 secs] [Times: user=0.00 sys=0.00, real=0.01 secs] 
47.121: Total time for which application threads were stopped: 0.0005240 seconds, Stopping threads took: 0.0000400 seconds
47.161: Application time: 0.0393830 seconds
47.161: [GC [PSYoungGen: 7680K->480K(8192K)] 10939K->3739K(26112K), 0.0004580 secs] [Times: user=0.00 sys=0.00, real=0.01 secs] 
47.161: Total time for which application threads were stopped: 0.0005590 seconds, Stopping threads took: 0.0000470 seconds
47.201: Application time: 0.0396630 seconds
47.201: [GC [PSYoungGen: 7648K->544K(8192K)] 10907K->3803K(26112K), 0.0004140 secs] [Times: user=0.00 sys=0.00, real=0.00 secs] 
47.202: Total time for which application threads were stopped: 0.0005070 seconds, Stopping threads took: 0.0000420 seconds
47.241: Application time: 0.0390050 seconds
47.241: [GC [PSYoungGen: 7712K->480K(8192K)] 10971K->3739K(26112K), 0.0004170 secs] [Times: user=0.00 sys=0.00, real=0.01 secs] 
47.241: Total time for which application threads were stopped: 0.0005220 seconds, Stopping threads took: 0.0000480 seconds
47.281: Application time: 0.0396160 seconds
47.281: [GC [PSYoungGen: 7648K->528K(8192K)] 10907K->3787K(26112K), 0.0004130 secs] [Times: user=0.00 sys=0.00, real=0.01 secs] 
47.281: Total time for which application threads were stopped: 0.0005140 seconds, Stopping threads took: 0.0000470 seconds
47.320: Application time: 0.0391670 seconds
47.320: [GC [PSYoungGen: 7696K->512K(8192K)] 10955K->3771K(26112K), 0.0004140 secs] [Times: user=0.00 sys=0.00, real=0.00 secs] 
47.321: Total time for which application threads were stopped: 0.0005150 seconds, Stopping threads took: 0.0000370 seconds
47.360: Application time: 0.0392150 seconds
47.360: [GC [PSYoungGen: 7680K->432K(8192K)] 10939K->3747K(26112K), 0.0004250 secs] [Times: user=0.00 sys=0.00, real=0.00 secs] 
47.361: Total time for which application threads were stopped: 0.0005230 seconds, Stopping threads took: 0.0000450 seconds
47.400: Application time: 0.0393950 seconds
47.400: [GC [PSYoungGen: 7600K->464K(8192K)] 10915K->3779K(26112K), 0.0004110 secs] [Times: user=0.00 sys=0.00, real=0.00 secs] 
47.401: Total time for which application threads were stopped: 0.0005080 seconds, Stopping threads took: 0.0000430 seconds
47.440: Application time: 0.0394060 seconds
47.440: [GC [PSYoungGen: 7632K->352K(8192K)] 10947K->3816K(26112K), 0.0004090 secs] [Times: user=0.01 sys=0.00, real=0.00 secs] 
47.440: Total time for which application threads were stopped: 0.0005050 seconds, Stopping threads took: 0.0000430 seconds
47.480: Application time: 0.0392370 seconds
47.480: [GC [PSYoungGen: 7520K->336K(8192K)] 10984K->3800K(26112K), 0.0003700 secs] [Times: user=0.00 sys=0.00, real=0.00 secs] 
47.480: Total time for which application threads were stopped: 0.0004680 seconds, Stopping threads took: 0.0000460 seconds
47.520: Application time: 0.0393970 seconds
47.520: [GC [PSYoungGen: 7504K->272K(8192K)] 10968K->3824K(26112K), 0.0003650 secs] [Times: user=0.00 sys=0.00, real=0.00 secs] 
47.520: Total time for which application threads were stopped: 0.0004580 seconds, Stopping threads took: 0.0000420 seconds
47.559: Application time: 0.0390500 seconds
47.559: [GC [PSYoungGen: 7440K->272K(8192K)] 10992K->3872K(26112K), 0.0003670 secs] [Times: user=0.00 sys=0.00, real=0.00 secs] 
47.560: Total time for which application threads were stopped: 0.0004850 seconds, Stopping threads took: 0.0000660 seconds
47.599: Application time: 0.0392780 seconds
47.599: [GC [PSYoungGen: 7440K->240K(8192K)] 11040K->3840K(26112K), 0.0003430 secs] [Times: user=0.00 sys=0.00, real=0.00 secs] 
47.599: Total time for which application threads were stopped: 0.0004400 seconds, Stopping threads took: 0.0000460 seconds
47.637: Application time: 0.0375360 seconds
47.637: [GC [PSYoungGen: 7408K->384K(8192K)] 11008K->3984K(26112K), 0.0004150 secs] [Times: user=0.00 sys=0.00, real=0.00 secs] 
47.637: Total time for which application threads were stopped: 0.0005180 seconds, Stopping threads took: 0.0000370 seconds
47.676: Application time: 0.0388230 seconds
47.676: [GC [PSYoungGen: 7552K->464K(8192K)] 11152K->4064K(26112K), 0.0004280 secs] [Times: user=0.00 sys=0.00, real=0.00 secs] 
47.677: Total time for which application threads were stopped: 0.0005200 seconds, Stopping threads took: 0.0000380 seconds
47.715: Application time: 0.0384270 seconds
47.715: [GC [PSYoungGen: 7632K->464K(8192K)] 11232K->4064K(26112K), 0.0003960 secs] [Times: user=0.00 sys=0.00, real=0.00 secs] 
47.716: Total time for which application threads were stopped: 0.0004970 seconds, Stopping threads took: 0.0000470 seconds
47.755: Application time: 0.0390330 seconds
47.755: [GC [PSYoungGen: 7632K->528K(8192K)] 11232K->4128K(26112K), 0.0004150 secs] [Times: user=0.00 sys=0.00, real=0.00 secs] 
47.755: Total time for which application threads were stopped: 0.0005150 seconds, Stopping threads took: 0.0000490 seconds
47.795: Application time: 0.0399110 seconds
47.795: [GC [PSYoungGen: 7696K->544K(8192K)] 11296K->4144K(26112K), 0.0004240 secs] [Times: user=0.00 sys=0.00, real=0.00 secs] 
47.796: Total time for which application threads were stopped: 0.0005170 seconds, Stopping threads took: 0.0000430 seconds
47.835: Application time: 0.0395020 seconds
47.835: [GC [PSYoungGen: 7712K->464K(8192K)] 11312K->4064K(26112K), 0.0004170 secs] [Times: user=0.00 sys=0.00, real=0.00 secs] 
47.836: Total time for which application threads were stopped: 0.0005200 seconds, Stopping threads took: 0.0000480 seconds
47.875: Application time: 0.0393940 seconds
47.875: [GC [PSYoungGen: 7632K->512K(8192K)] 11232K->4112K(26112K), 0.0004130 secs] [Times: user=0.00 sys=0.00, real=0.00 secs] 
47.876: Total time for which application threads were stopped: 0.0005090 seconds, Stopping threads took: 0.0000430 seconds
47.915: Application time: 0.0399170 seconds
47.916: [GC [PSYoungGen: 7680K->496K(8192K)] 11280K->4096K(26112K), 0.0004460 secs] [Times: user=0.00 sys=0.00, real=0.00 secs] 
47.916: Total time for which application threads were stopped: 0.0005660 seconds, Stopping threads took: 0.0000590 seconds
47.955: Application time: 0.0393670 seconds
47.955: [GC [PSYoungGen: 7664K->480K(8192K)] 11264K->4080K(26112K), 0.0004320 secs] [Times: user=0.00 sys=0.00, real=0.00 secs] 
47.956: Total time for which application threads were stopped: 0.0005350 seconds, Stopping threads took: 0.0000500 seconds
47.995: Application time: 0.0395250 seconds
47.996: [GC [PSYoungGen: 7648K->528K(8192K)] 11248K->4128K(26112K), 0.0004050 secs] [Times: user=0.01 sys=0.00, real=0.00 secs] 
47.996: Total time for which application threads were stopped: 0.0005050 seconds, Stopping threads took: 0.0000450 seconds
48.035: Application time: 0.0393150 seconds
48.035: [GC [PSYoungGen: 7696K->496K(8192K)] 11296K->4096K(26112K), 0.0004280 secs] [Times: user=0.00 sys=0.00, real=0.00 secs] 
48.036: Total time for which application threads were stopped: 0.0005310 seconds, Stopping threads took: 0.0000500 seconds
48.075: Application time: 0.0393540 seconds
48.075: [GC [PSYoungGen: 7664K->464K(8192K)] 11264K->4064K(26112K), 0.0004540 secs] [Times: user=0.01 sys=0.00, real=0.00 secs] 
48.076: Total time for which application threads were stopped: 0.0005520 seconds, Stopping threads took: 0.0000440 seconds
48.115: Application time: 0.0393720 seconds
48.115: [GC [PSYoungGen: 7632K->464K(8192K)] 11232K->4064K(26112K), 0.0004150 secs] [Times: user=0.00 sys=0.00, real=0.00 secs] 
48.116: Total time for which application threads were stopped: 0.0005130 seconds, Stopping threads took: 0.0000480 seconds
48.155: Application time: 0.0398090 seconds
48.155: [GC [PSYoungGen: 7632K->480K(8192K)] 11232K->4128K(26112K), 0.0004800 secs] [Times: user=0.00 sys=0.00, real=0.00 secs] 
48.156: Total time for which application threads were stopped: 0.0005880 seconds, Stopping threads took: 0.0000490 seconds
48.195: Application time: 0.0392640 seconds
48.195: [GC [PSYoungGen: 7648K->480K(8192K)] 11296K->4136K(26112K), 0.0004010 secs] [Times: user=0.00 sys=0.00, real=0.00 secs] 
48.196: Total time for which application threads were stopped: 0.0004950 seconds, Stopping threads took: 0.0000420 seconds
48.235: Application time: 0.0393940 seconds
48.235: [GC [PSYoungGen: 7648K->336K(8192K)] 11304K->4144K(26112K), 0.0004030 secs] [Times: user=0.01 sys=0.00, real=0.00 secs] 
48.236: Total time for which application threads were stopped: 0.0004980 seconds, Stopping threads took: 0.0000460 seconds
48.275: Application time: 0.0395090 seconds
48.275: [GC [PSYoungGen: 7504K->288K(8192K)] 11312K->4136K(26112K), 0.0003680 secs] [Times: user=0.00 sys=0.00, real=0.00 secs] 
48.276: Total time for which application threads were stopped: 0.0004690 seconds, Stopping threads took: 0.0000460 seconds
48.314: Application time: 0.0386770 seconds
48.314: [GC [PSYoungGen: 7456K->320K(8192K)] 11304K->4224K(26112K), 0.0004260 secs] [Times: user=0.00 sys=0.00, real=0.00 secs] 
48.315: Total time for which application threads were stopped: 0.0005180 seconds, Stopping threads took: 0.0000410 seconds
48.354: Application time: 0.0394180 seconds
48.354: [GC [PSYoungGen: 7488K->304K(8192K)] 11392K->4264K(26112K), 0.0003560 secs] [Times: user=0.00 sys=0.00, real=0.00 secs] 
48.355: Total time for which application threads were stopped: 0.0004530 seconds, Stopping threads took: 0.0000450 seconds
48.393: Application time: 0.0378100 seconds
48.393: [GC [PSYoungGen: 7472K->384K(8192K)] 11432K->4344K(26112K), 0.0003730 secs] [Times: user=0.00 sys=0.00, real=0.00 secs] 
48.393: Total time for which application threads were stopped: 0.0004720 seconds, Stopping threads took: 0.0000460 seconds
48.432: Application time: 0.0390040 seconds
48.432: [GC [PSYoungGen: 7552K->400K(8192K)] 11512K->4360K(26112K), 0.0004310 secs] [Times: user=0.00 sys=0.00, real=0.00 secs] 
48.433: Total time for which application threads were stopped: 0.0005340 seconds, Stopping threads took: 0.0000470 seconds
48.473: Application time: 0.0404660 seconds
48.473: [GC [PSYoungGen: 7568K->400K(8192K)] 11528K->4360K(26112K), 0.0003900 secs] [Times: user=0.00 sys=0.00, real=0.00 secs] 
48.473: Total time for which application threads were stopped: 0.0005030 seconds, Stopping threads took: 0.0000590 seconds
48.512: Application time: 0.0383480 seconds
48.512: [GC [PSYoungGen: 7568K->528K(8192K)] 11528K->4488K(26112K), 0.0004040 secs] [Times: user=0.00 sys=0.00, real=0.00 secs] 
48.512: Total time for which application threads were stopped: 0.0005010 seconds, Stopping threads took: 0.0000440 seconds
48.552: Application time: 0.0398490 seconds
48.552: [GC [PSYoungGen: 7696K->512K(8192K)] 11656K->4472K(26112K), 0.0004810 secs] [Times: user=0.01 sys=0.00, real=0.00 secs] 
48.553: Total time for which application threads were stopped: 0.0005730 seconds, Stopping threads took: 0.0000400 seconds
48.592: Application time: 0.0392580 seconds
48.592: [GC [PSYoungGen: 7680K->464K(8192K)] 11640K->4424K(26112K), 0.0003990 secs] [Times: user=0.00 sys=0.00, real=0.00 secs] 
48.593: Total time for which application threads were stopped: 0.0004910 seconds, Stopping threads took: 0.0000410 seconds
48.632: Application time: 0.0393240 seconds
48.632: [GC [PSYoungGen: 7632K->512K(8192K)] 11592K->4472K(26112K), 0.0004190 secs] [Times: user=0.00 sys=0.00, real=0.00 secs] 
48.632: Total time for which application threads were stopped: 0.0005170 seconds, Stopping threads took: 0.0000470 seconds
48.672: Application time: 0.0393430 seconds
48.672: [GC [PSYoungGen: 7680K->528K(8192K)] 11640K->4488K(26112K), 0.0004520 secs] [Times: user=0.00 sys=0.00, real=0.00 secs] 
48.672: Total time for which application threads were stopped: 0.0005620 seconds, Stopping threads took: 0.0000450 seconds
48.712: Application time: 0.0394220 seconds
48.712: [GC [PSYoungGen: 7696K->528K(8192K)] 11656K->4488K(26112K), 0.0004560 secs] [Times: user=0.00 sys=0.00, real=0.00 secs] 
48.712: Total time for which application threads were stopped: 0.0005520 seconds, Stopping threads took: 0.0000440 seconds
48.752: Application time: 0.0397530 seconds
48.752: [GC [PSYoungGen: 7696K->496K(8192K)] 11656K->4456K(26112K), 0.0004090 secs] [Times: user=0.01 sys=0.00, real=0.00 secs] 
48.753: Total time for which application threads were stopped: 0.0005140 seconds, Stopping threads took: 0.0000530 seconds
48.792: Application time: 0.0391460 seconds
48.792: [GC [PSYoungGen: 7664K->496K(8192K)] 11624K->4456K(26112K), 0.0004360 secs] [Times: user=0.00 sys=0.00, real=0.00 secs] 
48.792: Total time for which application threads were stopped: 0.0005330 seconds, Stopping threads took: 0.0000430 seconds
48.831: Application time: 0.0391720 seconds
48.831: [GC [PSYoungGen: 7664K->512K(8192K)] 11624K->4472K(26112K), 0.0004080 secs] [Times: user=0.01 sys=0.00, real=0.00 secs] 
48.832: Total time for which application threads were stopped: 0.0005150 seconds, Stopping threads took: 0.0000540 seconds
48.871: Application time: 0.0392960 seconds
48.873: [GC [PSYoungGen: 7680K->480K(8192K)] 11640K->4440K(26112K), 0.0004350 secs] [Times: user=0.00 sys=0.00, real=0.00 secs] 
48.874: Total time for which application threads were stopped: 0.0023610 seconds, Stopping threads took: 0.0018690 seconds
48.913: Application time: 0.0395320 seconds
48.913: [GC [PSYoungGen: 7648K->496K(8192K)] 11608K->4512K(26112K), 0.0004580 secs] [Times: user=0.00 sys=0.00, real=0.00 secs] 
48.914: Total time for which application threads were stopped: 0.0005730 seconds, Stopping threads took: 0.0000530 seconds
48.953: Application time: 0.0392350 seconds
48.953: [GC [PSYoungGen: 7664K->448K(8192K)] 11680K->4464K(26112K), 0.0004040 secs] [Times: user=0.00 sys=0.00, real=0.00 secs] 
48.953: Total time for which application threads were stopped: 0.0004990 seconds, Stopping threads took: 0.0000380 seconds
48.993: Application time: 0.0396060 seconds
48.993: [GC [PSYoungGen: 7616K->368K(8192K)] 11632K->4496K(26112K), 0.0004270 secs] [Times: user=0.00 sys=0.00, real=0.00 secs] 
48.994: Total time for which application threads were stopped: 0.0005280 seconds, Stopping threads took: 0.0000480 seconds
49.033: Application time: 0.0392160 seconds
49.033: [GC [PSYoungGen: 7536K->304K(8192K)] 11664K->4480K(26112K), 0.0003750 secs] [Times: user=0.00 sys=0.00, real=0.00 secs] 
49.033: Total time for which application threads were stopped: 0.0004760 seconds, Stopping threads took: 0.0000470 seconds
49.073: Application time: 0.0395960 seconds
49.073: [GC [PSYoungGen: 7472K->288K(8192K)] 11648K->4512K(26112K), 0.0003780 secs] [Times: user=0.00 sys=0.00, real=0.00 secs] 
49.073: Total time for which application threads were stopped: 0.0004750 seconds, Stopping threads took: 0.0000430 seconds
49.112: Application time: 0.0387640 seconds
49.112: [GC [PSYoungGen: 7456K->304K(8192K)] 11680K->4624K(26112K), 0.0003770 secs] [Times: user=0.00 sys=0.00, real=0.00 secs] 
49.113: Total time for which application threads were stopped: 0.0004740 seconds, Stopping threads took: 0.0000430 seconds
49.152: Application time: 0.0394380 seconds
49.152: [GC [PSYoungGen: 7472K->272K(8192K)] 11792K->4592K(26112K), 0.0004470 secs] [Times: user=0.00 sys=0.00, real=0.00 secs] 
49.153: Total time for which application threads were stopped: 0.0005370 seconds, Stopping threads took: 0.0000380 seconds
49.190: Application time: 0.0377240 seconds
49.190: [GC [PSYoungGen: 7440K->384K(8192K)] 11760K->4704K(26112K), 0.0003800 secs] [Times: user=0.00 sys=0.00, real=0.00 secs] 
49.191: Total time for which application threads were stopped: 0.0004840 seconds, Stopping threads took: 0.0000400 seconds
49.230: Application time: 0.0389650 seconds
49.230: [GC [PSYoungGen: 7552K->400K(8192K)] 11872K->4720K(26112K), 0.0003930 secs] [Times: user=0.01 sys=0.00, real=0.00 secs] 
49.230: Total time for which application threads were stopped: 0.0004970 seconds, Stopping threads took: 0.0000520 seconds
49.268: Application time: 0.0382970 seconds
49.269: [GC [PSYoungGen: 7568K->480K(8192K)] 11888K->4800K(26112K), 0.0004720 secs] [Times: user=0.00 sys=0.00, real=0.01 secs] 
49.269: Total time for which application threads were stopped: 0.0005750 seconds, Stopping threads took: 0.0000480 seconds
49.308: Application time: 0.0388010 seconds
49.308: [GC [PSYoungGen: 7648K->512K(8192K)] 11968K->4832K(26112K), 0.0004190 secs] [Times: user=0.01 sys=0.00, real=0.00 secs] 
49.308: Total time for which application threads were stopped: 0.0005140 seconds, Stopping threads took: 0.0000420 seconds
49.348: Application time: 0.0397470 seconds
49.348: [GC [PSYoungGen: 7680K->528K(8192K)] 12000K->4848K(26112K), 0.0004590 secs] [Times: user=0.01 sys=0.00, real=0.00 secs] 
49.349: Total time for which application threads were stopped: 0.0005560 seconds, Stopping threads took: 0.0000430 seconds
49.388: Application time: 0.0392310 seconds
49.388: [GC [PSYoungGen: 7696K->512K(8192K)] 12016K->4832K(26112K), 0.0004910 secs] [Times: user=0.00 sys=0.00, real=0.00 secs] 
49.389: Total time for which application threads were stopped: 0.0005830 seconds, Stopping threads took: 0.0000370 seconds
49.428: Application time: 0.0393060 seconds
49.428: [GC [PSYoungGen: 7680K->512K(8192K)] 12000K->4832K(26112K), 0.0004840 secs] [Times: user=0.00 sys=0.00, real=0.00 secs] 
49.428: Total time for which application threads were stopped: 0.0005740 seconds, Stopping threads took: 0.0000390 seconds
49.468: Application time: 0.0392900 seconds
49.468: [GC [PSYoungGen: 7680K->544K(8192K)] 12000K->4864K(26112K), 0.0004060 secs] [Times: user=0.00 sys=0.00, real=0.00 secs] 
49.468: Total time for which application threads were stopped: 0.0005010 seconds, Stopping threads took: 0.0000420 seconds
49.507: Application time: 0.0392170 seconds
49.507: [GC [PSYoungGen: 7712K->480K(8192K)] 12032K->4800K(26112K), 0.0005010 secs] [Times: user=0.00 sys=0.00, real=0.00 secs] 
49.508: Total time for which application threads were stopped: 0.0005970 seconds, Stopping threads took: 0.0000420 seconds
49.548: Application time: 0.0397650 seconds
49.548: [GC [PSYoungGen: 7648K->512K(8192K)] 11968K->4832K(26112K), 0.0004600 secs] [Times: user=0.00 sys=0.00, real=0.00 secs] 
49.548: Total time for which application threads were stopped: 0.0005730 seconds, Stopping threads took: 0.0000620 seconds
49.587: Application time: 0.0391350 seconds
49.588: [GC [PSYoungGen: 7680K->480K(8192K)] 12000K->4800K(26112K), 0.0004140 secs] [Times: user=0.00 sys=0.00, real=0.00 secs] 
49.588: Total time for which application threads were stopped: 0.0005090 seconds, Stopping threads took: 0.0000410 seconds
49.628: Application time: 0.0397820 seconds
49.628: [GC [PSYoungGen: 7648K->528K(8192K)] 11968K->4848K(26112K), 0.0004160 secs] [Times: user=0.00 sys=0.00, real=0.00 secs] 
49.628: Total time for which application threads were stopped: 0.0005050 seconds, Stopping threads took: 0.0000380 seconds
49.667: Application time: 0.0391960 seconds
49.668: [GC [PSYoungGen: 7696K->528K(8192K)] 12016K->4848K(26112K), 0.0004270 secs] [Times: user=0.00 sys=0.00, real=0.00 secs] 
49.668: Total time for which application threads were stopped: 0.0005300 seconds, Stopping threads took: 0.0000480 seconds
49.708: Application time: 0.0397450 seconds
49.708: [GC [PSYoungGen: 7696K->448K(8192K)] 12016K->4824K(26112K), 0.0004930 secs] [Times: user=0.00 sys=0.00, real=0.00 secs] 
49.708: Total time for which application threads were stopped: 0.0005950 seconds, Stopping threads took: 0.0000360 seconds
49.748: Application time: 0.0392250 seconds
49.749: [GC [PSYoungGen: 7616K->432K(8192K)] 11992K->4808K(26112K), 0.0004010 secs] [Times: user=0.01 sys=0.00, real=0.00 secs] 
49.749: Total time for which application threads were stopped: 0.0019240 seconds, Stopping threads took: 0.0014700 seconds
49.789: Application time: 0.0393790 seconds
49.789: [GC [PSYoungGen: 7600K->368K(8192K)] 11976K->4864K(26112K), 0.0004200 secs] [Times: user=0.00 sys=0.00, real=0.01 secs] 
49.789: Total time for which application threads were stopped: 0.0005100 seconds, Stopping threads took: 0.0000390 seconds
49.829: Application time: 0.0400610 seconds
49.830: [GC [PSYoungGen: 7536K->304K(8192K)] 12032K->4848K(26112K), 0.0003980 secs] [Times: user=0.00 sys=0.00, real=0.00 secs] 
49.830: Total time for which application threads were stopped: 0.0004880 seconds, Stopping threads took: 0.0000390 seconds
49.869: Application time: 0.0392630 seconds
49.869: [GC [PSYoungGen: 7472K->288K(8192K)] 12016K->4912K(26112K), 0.0003650 secs] [Times: user=0.00 sys=0.00, real=0.00 secs] 
49.870: Total time for which application threads were stopped: 0.0004640 seconds, Stopping threads took: 0.0000460 seconds
49.909: Application time: 0.0391590 seconds
49.909: [GC [PSYoungGen: 7456K->272K(8192K)] 12080K->4960K(26112K), 0.0004100 secs] [Times: user=0.00 sys=0.00, real=0.01 secs] 
49.909: Total time for which application threads were stopped: 0.0005250 seconds, Stopping threads took: 0.0000530 seconds
49.948: Application time: 0.0389130 seconds
49.948: [GC [PSYoungGen: 7440K->304K(8192K)] 12128K->4992K(26112K), 0.0003610 secs] [Times: user=0.00 sys=0.00, real=0.00 secs] 
49.949: Total time for which application threads were stopped: 0.0004590 seconds, Stopping threads took: 0.0000460 seconds
49.987: Application time: 0.0378830 seconds
49.987: [GC [PSYoungGen: 7472K->368K(8192K)] 12160K->5056K(26112K), 0.0004020 secs] [Times: user=0.00 sys=0.00, real=0.00 secs] 
49.987: Total time for which application threads were stopped: 0.0005010 seconds, Stopping threads took: 0.0000430 seconds
50.026: Application time: 0.0393280 seconds
50.027: [GC [PSYoungGen: 7536K->400K(8192K)] 12224K->5088K(26112K), 0.0003780 secs] [Times: user=0.00 sys=0.00, real=0.00 secs] 
50.027: Total time for which application threads were stopped: 0.0004730 seconds, Stopping threads took: 0.0000420 seconds
50.066: Application time: 0.0387270 seconds
50.066: [GC [PSYoungGen: 7568K->464K(8192K)] 12256K->5152K(26112K), 0.0004470 secs] [Times: user=0.00 sys=0.00, real=0.00 secs] 
50.066: Total time for which application threads were stopped: 0.0005510 seconds, Stopping threads took: 0.0000430 seconds
50.105: Application time: 0.0388380 seconds
50.105: [GC [PSYoungGen: 7632K->544K(8192K)] 12320K->5232K(26112K), 0.0004910 secs] [Times: user=0.00 sys=0.00, real=0.00 secs] 
50.107: Total time for which application threads were stopped: 0.0016270 seconds, Stopping threads took: 0.0000390 seconds
50.146: Application time: 0.0396090 seconds
50.149: [GC [PSYoungGen: 7712K->528K(8192K)] 12400K->5216K(26112K), 0.0004180 secs] [Times: user=0.00 sys=0.00, real=0.00 secs] 
50.150: Total time for which application threads were stopped: 0.0032400 seconds, Stopping threads took: 0.0027690 seconds
50.189: Application time: 0.0393070 seconds
50.189: [GC [PSYoungGen: 7696K->480K(8192K)] 12384K->5168K(26112K), 0.0004910 secs] [Times: user=0.00 sys=0.00, real=0.01 secs] 
50.189: Total time for which application threads were stopped: 0.0005870 seconds, Stopping threads took: 0.0000380 seconds
50.229: Application time: 0.0392510 seconds
50.229: [GC [PSYoungGen: 7648K->528K(8192K)] 12336K->5216K(26112K), 0.0005010 secs] [Times: user=0.00 sys=0.00, real=0.01 secs] 
50.229: Total time for which application threads were stopped: 0.0006090 seconds, Stopping threads took: 0.0000450 seconds
50.269: Application time: 0.0392350 seconds
50.269: [GC [PSYoungGen: 7696K->528K(8192K)] 12384K->5216K(26112K), 0.0004030 secs] [Times: user=0.00 sys=0.00, real=0.00 secs] 
50.269: Total time for which application threads were stopped: 0.0005000 seconds, Stopping threads took: 0.0000400 seconds
50.309: Application time: 0.0397780 seconds
50.309: [GC [PSYoungGen: 7696K->544K(8192K)] 12384K->5232K(26112K), 0.0004580 secs] [Times: user=0.00 sys=0.00, real=0.01 secs] 
50.309: Total time for which application threads were stopped: 0.0005510 seconds, Stopping threads took: 0.0000390 seconds
50.348: Application time: 0.0391220 seconds
50.349: [GC [PSYoungGen: 7712K->496K(8192K)] 12400K->5184K(26112K), 0.0004480 secs] [Times: user=0.01 sys=0.00, real=0.00 secs] 
50.349: Total time for which application threads were stopped: 0.0005490 seconds, Stopping threads took: 0.0000450 seconds
50.388: Application time: 0.0392110 seconds
50.388: [GC [PSYoungGen: 7664K->480K(8192K)] 12352K->5168K(26112K), 0.0004150 secs] [Times: user=0.00 sys=0.00, real=0.00 secs] 
50.389: Total time for which application threads were stopped: 0.0005150 seconds, Stopping threads took: 0.0000480 seconds
50.428: Application time: 0.0392450 seconds
50.428: [GC [PSYoungGen: 7648K->512K(8192K)] 12336K->5200K(26112K), 0.0004820 secs] [Times: user=0.01 sys=0.00, real=0.00 secs] 
50.429: Total time for which application threads were stopped: 0.0005780 seconds, Stopping threads took: 0.0000440 seconds
50.468: Application time: 0.0391340 seconds
50.468: [GC [PSYoungGen: 7680K->480K(8192K)] 12368K->5168K(26112K), 0.0004060 secs] [Times: user=0.00 sys=0.00, real=0.00 secs] 
50.468: Total time for which application threads were stopped: 0.0005150 seconds, Stopping threads took: 0.0000560 seconds
50.507: Application time: 0.0391850 seconds
50.507: [GC [PSYoungGen: 7648K->464K(8192K)] 12336K->5200K(26112K), 0.0004140 secs] [Times: user=0.01 sys=0.00, real=0.00 secs] 
50.508: Total time for which application threads were stopped: 0.0005070 seconds, Stopping threads took: 0.0000410 seconds
50.547: Application time: 0.0392500 seconds
50.547: [GC [PSYoungGen: 7632K->448K(8192K)] 12368K->5232K(26112K), 0.0003990 secs] [Times: user=0.00 sys=0.00, real=0.00 secs] 
50.548: Total time for which application threads were stopped: 0.0004940 seconds, Stopping threads took: 0.0000420 seconds
50.587: Application time: 0.0395180 seconds
50.587: [GC [PSYoungGen: 7616K->336K(8192K)] 12400K->5245K(26112K), 0.0004080 secs] [Times: user=0.00 sys=0.00, real=0.00 secs] 
50.588: Total time for which application threads were stopped: 0.0005010 seconds, Stopping threads took: 0.0000400 seconds
50.627: Application time: 0.0397360 seconds
50.627: [GC [PSYoungGen: 7504K->368K(8192K)] 12413K->5277K(26112K), 0.0004090 secs] [Times: user=0.01 sys=0.00, real=0.00 secs] 
50.628: Total time for which application threads were stopped: 0.0005160 seconds, Stopping threads took: 0.0000450 seconds
50.667: Application time: 0.0395140 seconds
50.668: [GC [PSYoungGen: 7536K->272K(8192K)] 12445K->5285K(26112K), 0.0003610 secs] [Times: user=0.00 sys=0.00, real=0.00 secs] 
50.668: Total time for which application threads were stopped: 0.0004600 seconds, Stopping threads took: 0.0000480 seconds
50.707: Application time: 0.0387290 seconds
50.707: [GC [PSYoungGen: 7440K->272K(8192K)] 12453K->5349K(26112K), 0.0003680 secs] [Times: user=0.00 sys=0.00, real=0.00 secs] 
50.707: Total time for which application threads were stopped: 0.0004600 seconds, Stopping threads took: 0.0000410 seconds
50.745: Application time: 0.0379130 seconds
50.745: [GC [PSYoungGen: 7440K->384K(8192K)] 12517K->5461K(26112K), 0.0004520 secs] [Times: user=0.00 sys=0.00, real=0.00 secs] 
50.746: Total time for which application threads were stopped: 0.0005520 seconds, Stopping threads took: 0.0000400 seconds
50.785: Application time: 0.0390080 seconds
50.785: [GC [PSYoungGen: 7552K->400K(8192K)] 12629K->5477K(26112K), 0.0003960 secs] [Times: user=0.00 sys=0.00, real=0.00 secs] 
50.785: Total time for which application threads were stopped: 0.0004960 seconds, Stopping threads took: 0.0000430 seconds
50.824: Application time: 0.0390410 seconds
50.825: [GC [PSYoungGen: 7568K->384K(8192K)] 12645K->5461K(26112K), 0.0003970 secs] [Times: user=0.00 sys=0.00, real=0.00 secs] 
50.825: Total time for which application threads were stopped: 0.0013730 seconds, Stopping threads took: 0.0009210 seconds
50.865: Application time: 0.0391080 seconds
50.865: [GC [PSYoungGen: 7552K->448K(8192K)] 12629K->5525K(26112K), 0.0004040 secs] [Times: user=0.00 sys=0.00, real=0.00 secs] 
50.865: Total time for which application threads were stopped: 0.0004950 seconds, Stopping threads took: 0.0000380 seconds
50.904: Application time: 0.0390210 seconds
50.904: [GC [PSYoungGen: 7616K->512K(8192K)] 12693K->5589K(26112K), 0.0004940 secs] [Times: user=0.00 sys=0.00, real=0.00 secs] 
50.905: Total time for which application threads were stopped: 0.0006020 seconds, Stopping threads took: 0.0000480 seconds
50.944: Application time: 0.0393060 seconds
50.944: [GC [PSYoungGen: 7680K->512K(8192K)] 12757K->5589K(26112K), 0.0004220 secs] [Times: user=0.01 sys=0.00, real=0.00 secs] 
50.945: Total time for which application threads were stopped: 0.0005150 seconds, Stopping threads took: 0.0000400 seconds
50.984: Application time: 0.0398400 seconds
50.984: [GC [PSYoungGen: 7680K->528K(8192K)] 12757K->5605K(26112K), 0.0004510 secs] [Times: user=0.00 sys=0.00, real=0.00 secs] 
50.985: Total time for which application threads were stopped: 0.0005510 seconds, Stopping threads took: 0.0000480 seconds
51.024: Application time: 0.0393160 seconds
51.024: [GC [PSYoungGen: 7696K->496K(8192K)] 12773K->5573K(26112K), 0.0004200 secs] [Times: user=0.00 sys=0.00, real=0.00 secs] 
51.025: Total time for which application threads were stopped: 0.0005200 seconds, Stopping threads took: 0.0000480 seconds
51.064: Application time: 0.0396320 seconds
51.064: [GC [PSYoungGen: 7664K->480K(8192K)] 12741K->5557K(26112K), 0.0004030 secs] [Times: user=0.00 sys=0.00, real=0.00 secs] 
51.065: Total time for which application threads were stopped: 0.0005020 seconds, Stopping threads took: 0.0000450 seconds
51.104: Application time: 0.0391970 seconds
51.104: [GC [PSYoungGen: 7648K->512K(8192K)] 12725K->5589K(26112K), 0.0004220 secs] [Times: user=0.00 sys=0.00, real=0.00 secs] 
51.105: Total time for which application threads were stopped: 0.0005320 seconds, Stopping threads took: 0.0000570 seconds
51.144: Application time: 0.0391120 seconds
51.144: [GC [PSYoungGen: 7680K->496K(8192K)] 12757K->5573K(26112K), 0.0004480 secs] [Times: user=0.00 sys=0.00, real=0.00 secs] 
51.144: Total time for which application threads were stopped: 0.0005500 seconds, Stopping threads took: 0.0000490 seconds
51.184: Application time: 0.0392130 seconds
51.184: [GC [PSYoungGen: 7664K->544K(8192K)] 12741K->5621K(26112K), 0.0004170 secs] [Times: user=0.00 sys=0.00, real=0.00 secs] 
51.184: Total time for which application threads were stopped: 0.0005130 seconds, Stopping threads took: 0.0000430 seconds
51.223: Application time: 0.0390670 seconds
51.223: [GC [PSYoungGen: 7712K->496K(8192K)] 12789K->5573K(26112K), 0.0004170 secs] [Times: user=0.00 sys=0.00, real=0.00 secs] 
51.224: Total time for which application threads were stopped: 0.0005200 seconds, Stopping threads took: 0.0000500 seconds
51.263: Application time: 0.0392230 seconds
51.263: [GC [PSYoungGen: 7664K->496K(8192K)] 12741K->5573K(26112K), 0.0004330 secs] [Times: user=0.00 sys=0.00, real=0.00 secs] 
51.263: Total time for which application threads were stopped: 0.0005410 seconds, Stopping threads took: 0.0000420 seconds
51.303: Application time: 0.0398120 seconds
51.303: [GC [PSYoungGen: 7664K->480K(8192K)] 12741K->5613K(26112K), 0.0004010 secs] [Times: user=0.00 sys=0.00, real=0.00 secs] 
51.304: Total time for which application threads were stopped: 0.0005020 seconds, Stopping threads took: 0.0000480 seconds
51.343: Application time: 0.0391830 seconds
51.343: [GC [PSYoungGen: 7648K->384K(8192K)] 12781K->5629K(26112K), 0.0004050 secs] [Times: user=0.00 sys=0.00, real=0.00 secs] 
51.343: Total time for which application threads were stopped: 0.0004970 seconds, Stopping threads took: 0.0000390 seconds
51.383: Application time: 0.0398980 seconds
51.383: [GC [PSYoungGen: 7552K->336K(8192K)] 12797K->5629K(26112K), 0.0003880 secs] [Times: user=0.01 sys=0.00, real=0.00 secs] 
51.384: Total time for which application threads were stopped: 0.0004800 seconds, Stopping threads took: 0.0000410 seconds
51.423: Application time: 0.0393390 seconds
51.423: [GC [PSYoungGen: 7504K->288K(8192K)] 12797K->5629K(26112K), 0.0004150 secs] [Times: user=0.00 sys=0.00, real=0.00 secs] 
51.424: Total time for which application threads were stopped: 0.0005040 seconds, Stopping threads took: 0.0000380 seconds
51.463: Application time: 0.0391060 seconds
51.463: [GC [PSYoungGen: 7456K->320K(8192K)] 12797K->5709K(26112K), 0.0003780 secs] [Times: user=0.00 sys=0.00, real=0.00 secs] 
51.463: Total time for which application threads were stopped: 0.0004800 seconds, Stopping threads took: 0.0000510 seconds
51.503: Application time: 0.0395850 seconds
51.503: [GC [PSYoungGen: 7488K->272K(8192K)] 12877K->5725K(26112K), 0.0004420 secs] [Times: user=0.00 sys=0.00, real=0.00 secs] 
51.503: Total time for which application threads were stopped: 0.0005320 seconds, Stopping threads took: 0.0000390 seconds
51.542: Application time: 0.0383050 seconds
51.542: [GC [PSYoungGen: 7440K->352K(8192K)] 12893K->5805K(26112K), 0.0004190 secs] [Times: user=0.00 sys=0.00, real=0.00 secs] 
51.542: Total time for which application threads were stopped: 0.0005250 seconds, Stopping threads took: 0.0000490 seconds
51.581: Application time: 0.0383490 seconds
51.581: [GC [PSYoungGen: 7520K->384K(8192K)] 12973K->5837K(26112K), 0.0004540 secs] [Times: user=0.01 sys=0.00, real=0.01 secs] 
51.581: Total time for which application threads were stopped: 0.0005500 seconds, Stopping threads took: 0.0000430 seconds
51.619: Application time: 0.0382840 seconds
51.619: [GC [PSYoungGen: 7552K->448K(8192K)] 13005K->5901K(26112K), 0.0004080 secs] [Times: user=0.00 sys=0.00, real=0.00 secs] 
51.620: Total time for which application threads were stopped: 0.0005130 seconds, Stopping threads took: 0.0000510 seconds
51.659: Application time: 0.0388010 seconds
51.659: [GC [PSYoungGen: 7616K->496K(8192K)] 13069K->5949K(26112K), 0.0004750 secs] [Times: user=0.00 sys=0.00, real=0.00 secs] 
51.659: Total time for which application threads were stopped: 0.0005770 seconds, Stopping threads took: 0.0000490 seconds
51.699: Application time: 0.0397170 seconds
51.699: [GC [PSYoungGen: 7664K->448K(8192K)] 13117K->5901K(26112K), 0.0004940 secs] [Times: user=0.00 sys=0.00, real=0.00 secs] 
51.700: Total time for which application threads were stopped: 0.0005890 seconds, Stopping threads took: 0.0000430 seconds
51.739: Application time: 0.0397720 seconds
51.741: [GC [PSYoungGen: 7616K->480K(8192K)] 13069K->5933K(26112K), 0.0004290 secs] [Times: user=0.01 sys=0.00, real=0.00 secs] 
51.742: Total time for which application threads were stopped: 0.0021980 seconds, Stopping threads took: 0.0017120 seconds
51.781: Application time: 0.0392690 seconds
51.781: [GC [PSYoungGen: 7648K->512K(8192K)] 13101K->5965K(26112K), 0.0004640 secs] [Times: user=0.00 sys=0.01, real=0.01 secs] 
51.781: Total time for which application threads were stopped: 0.0005680 seconds, Stopping threads took: 0.0000410 seconds
51.821: Application time: 0.0396990 seconds
51.821: [GC [PSYoungGen: 7680K->512K(8192K)] 13133K->5965K(26112K), 0.0004900 secs] [Times: user=0.00 sys=0.00, real=0.00 secs] 
51.822: Total time for which application threads were stopped: 0.0005830 seconds, Stopping threads took: 0.0000390 seconds
51.861: Application time: 0.0391340 seconds
51.861: [GC [PSYoungGen: 7680K->512K(8192K)] 13133K->5965K(26112K), 0.0004620 secs] [Times: user=0.00 sys=0.00, real=0.01 secs] 
51.861: Total time for which application threads were stopped: 0.0005560 seconds, Stopping threads took: 0.0000400 seconds
51.901: Application time: 0.0399100 seconds
51.901: [GC [PSYoungGen: 7680K->464K(8192K)] 13133K->5917K(26112K), 0.0005130 secs] [Times: user=0.00 sys=0.00, real=0.00 secs] 
51.902: Total time for which application threads were stopped: 0.0006200 seconds, Stopping threads took: 0.0000460 seconds
51.941: Application time: 0.0392260 seconds
51.941: [GC [PSYoungGen: 7632K->544K(8192K)] 13085K->5997K(26112K), 0.0004250 secs] [Times: user=0.00 sys=0.00, real=0.00 secs] 
51.942: Total time for which application threads were stopped: 0.0005290 seconds, Stopping threads took: 0.0000480 seconds
51.981: Application time: 0.0392780 seconds
51.981: [GC [PSYoungGen: 7712K->464K(8192K)] 13165K->5917K(26112K), 0.0004050 secs] [Times: user=0.00 sys=0.00, real=0.01 secs] 
51.981: Total time for which application threads were stopped: 0.0005030 seconds, Stopping threads took: 0.0000430 seconds
52.021: Application time: 0.0390940 seconds
52.021: [GC [PSYoungGen: 7632K->512K(8192K)] 13085K->5965K(26112K), 0.0004080 secs] [Times: user=0.00 sys=0.00, real=0.01 secs] 
52.021: Total time for which application threads were stopped: 0.0005080 seconds, Stopping threads took: 0.0000430 seconds
52.060: Application time: 0.0392360 seconds
52.061: [GC [PSYoungGen: 7680K->448K(8192K)] 13133K->5957K(26112K), 0.0004390 secs] [Times: user=0.00 sys=0.00, real=0.00 secs] 
52.062: Total time for which application threads were stopped: 0.0012650 seconds, Stopping threads took: 0.0007730 seconds
52.101: Application time: 0.0392180 seconds
52.101: [GC [PSYoungGen: 7616K->464K(8192K)] 13125K->5973K(26112K), 0.0004580 secs] [Times: user=0.00 sys=0.00, real=0.01 secs] 
52.101: Total time for which application threads were stopped: 0.0005500 seconds, Stopping threads took: 0.0000410 seconds
52.141: Application time: 0.0392600 seconds
52.141: [GC [PSYoungGen: 7632K->384K(8192K)] 13141K->5973K(26112K), 0.0004560 secs] [Times: user=0.00 sys=0.00, real=0.01 secs] 
52.141: Total time for which application threads were stopped: 0.0005520 seconds, Stopping threads took: 0.0000400 seconds
52.181: Application time: 0.0396700 seconds
52.181: [GC [PSYoungGen: 7552K->320K(8192K)] 13141K->6005K(26112K), 0.0004300 secs] [Times: user=0.00 sys=0.00, real=0.01 secs] 
52.181: Total time for which application threads were stopped: 0.0005220 seconds, Stopping threads took: 0.0000400 seconds
52.222: Application time: 0.0402230 seconds
52.222: [GC [PSYoungGen: 7488K->272K(8192K)] 13173K->6037K(26112K), 0.0003760 secs] [Times: user=0.01 sys=0.00, real=0.00 secs] 
52.222: Total time for which application threads were stopped: 0.0004680 seconds, Stopping threads took: 0.0000380 seconds
52.261: Application time: 0.0391350 seconds
52.261: [GC [PSYoungGen: 7440K->272K(8192K)] 13205K->6085K(26112K), 0.0003900 secs] [Times: user=0.00 sys=0.00, real=0.00 secs] 
52.262: Total time for which application threads were stopped: 0.0004890 seconds, Stopping threads took: 0.0000440 seconds
52.301: Application time: 0.0395690 seconds
52.301: [GC [PSYoungGen: 7440K->320K(8192K)] 13253K->6133K(26112K), 0.0003980 secs] [Times: user=0.00 sys=0.00, real=0.00 secs] 
52.302: Total time for which application threads were stopped: 0.0005080 seconds, Stopping threads took: 0.0000440 seconds
52.340: Application time: 0.0386270 seconds
52.340: [GC [PSYoungGen: 7488K->352K(8192K)] 13301K->6165K(26112K), 0.0004160 secs] [Times: user=0.00 sys=0.00, real=0.00 secs] 
52.341: Total time for which application threads were stopped: 0.0005090 seconds, Stopping threads took: 0.0000400 seconds
52.380: Application time: 0.0390310 seconds
52.380: [GC [PSYoungGen: 7520K->384K(8192K)] 13333K->6197K(26112K), 0.0004000 secs] [Times: user=0.01 sys=0.00, real=0.00 secs] 
52.380: Total time for which application threads were stopped: 0.0004970 seconds, Stopping threads took: 0.0000390 seconds
52.419: Application time: 0.0386750 seconds
52.419: [GC [PSYoungGen: 7552K->448K(8192K)] 13365K->6261K(26112K), 0.0004520 secs] [Times: user=0.00 sys=0.00, real=0.00 secs] 
52.420: Total time for which application threads were stopped: 0.0005520 seconds, Stopping threads took: 0.0000430 seconds
52.459: Application time: 0.0391990 seconds
52.459: [GC [PSYoungGen: 7616K->480K(8192K)] 13429K->6293K(26112K), 0.0004170 secs] [Times: user=0.00 sys=0.00, real=0.00 secs] 
52.459: Total time for which application threads were stopped: 0.0005190 seconds, Stopping threads took: 0.0000450 seconds
52.499: Application time: 0.0393170 seconds
52.499: [GC [PSYoungGen: 7648K->528K(8192K)] 13461K->6341K(26112K), 0.0004610 secs] [Times: user=0.00 sys=0.00, real=0.00 secs] 
52.499: Total time for which application threads were stopped: 0.0005510 seconds, Stopping threads took: 0.0000380 seconds
52.539: Application time: 0.0393320 seconds
52.539: [GC [PSYoungGen: 7696K->496K(8192K)] 13509K->6309K(26112K), 0.0004040 secs] [Times: user=0.00 sys=0.00, real=0.00 secs] 
52.539: Total time for which application threads were stopped: 0.0005010 seconds, Stopping threads took: 0.0000440 seconds
52.579: Application time: 0.0394980 seconds
52.579: [GC [PSYoungGen: 7664K->496K(8192K)] 13477K->6309K(26112K), 0.0004100 secs] [Times: user=0.00 sys=0.00, real=0.00 secs] 
52.579: Total time for which application threads were stopped: 0.0005000 seconds, Stopping threads took: 0.0000370 seconds
52.619: Application time: 0.0394980 seconds
52.619: [GC [PSYoungGen: 7664K->544K(8192K)] 13477K->6357K(26112K), 0.0004270 secs] [Times: user=0.00 sys=0.00, real=0.00 secs] 
52.619: Total time for which application threads were stopped: 0.0005240 seconds, Stopping threads took: 0.0000480 seconds
52.658: Application time: 0.0393420 seconds
52.658: [GC [PSYoungGen: 7712K->480K(8192K)] 13525K->6293K(26112K), 0.0004210 secs] [Times: user=0.00 sys=0.00, real=0.00 secs] 
52.659: Total time for which application threads were stopped: 0.0005070 seconds, Stopping threads took: 0.0000350 seconds
52.698: Application time: 0.0392520 seconds
52.698: [GC [PSYoungGen: 7648K->448K(8192K)] 13461K->6261K(26112K), 0.0004310 secs] [Times: user=0.00 sys=0.00, real=0.00 secs] 
52.699: Total time for which application threads were stopped: 0.0005350 seconds, Stopping threads took: 0.0000500 seconds
52.738: Application time: 0.0392220 seconds
52.738: [GC [PSYoungGen: 7616K->480K(8192K)] 13429K->6293K(26112K), 0.0004070 secs] [Times: user=0.00 sys=0.00, real=0.00 secs] 
52.738: Total time for which application threads were stopped: 0.0005210 seconds, Stopping threads took: 0.0000620 seconds
52.778: Application time: 0.0391520 seconds
52.778: [GC [PSYoungGen: 7648K->464K(8192K)] 13461K->6277K(26112K), 0.0004220 secs] [Times: user=0.00 sys=0.00, real=0.00 secs] 
52.778: Total time for which application threads were stopped: 0.0005150 seconds, Stopping threads took: 0.0000380 seconds
52.817: Application time: 0.0392610 seconds
52.817: [GC [PSYoungGen: 7632K->496K(8192K)] 13445K->6309K(26112K), 0.0004110 secs] [Times: user=0.00 sys=0.00, real=0.00 secs] 
52.818: Total time for which application threads were stopped: 0.0005180 seconds, Stopping threads took: 0.0000430 seconds
52.858: Application time: 0.0398870 seconds
52.858: [GC [PSYoungGen: 7664K->448K(8192K)] 13477K->6309K(26112K), 0.0004250 secs] [Times: user=0.00 sys=0.00, real=0.00 secs] 
52.858: Total time for which application threads were stopped: 0.0005220 seconds, Stopping threads took: 0.0000420 seconds
52.898: Application time: 0.0392960 seconds
52.899: [GC [PSYoungGen: 7616K->384K(8192K)] 13477K->6325K(26112K), 0.0004940 secs] [Times: user=0.00 sys=0.00, real=0.00 secs] 
52.899: Total time for which application threads were stopped: 0.0015270 seconds, Stopping threads took: 0.0009610 seconds
52.938: Application time: 0.0393080 seconds
52.939: [GC [PSYoungGen: 7552K->352K(8192K)] 13493K->6349K(26112K), 0.0004470 secs] [Times: user=0.00 sys=0.00, real=0.00 secs] 
52.939: Total time for which application threads were stopped: 0.0005510 seconds, Stopping threads took: 0.0000510 seconds
52.979: Application time: 0.0395400 seconds
52.979: [GC [PSYoungGen: 7520K->320K(8192K)] 13517K->6373K(26112K), 0.0003790 secs] [Times: user=0.01 sys=0.00, real=0.00 secs] 
52.979: Total time for which application threads were stopped: 0.0004690 seconds, Stopping threads took: 0.0000380 seconds
53.019: Application time: 0.0396660 seconds
53.021: [GC [PSYoungGen: 7488K->272K(8192K)] 13541K->6405K(26112K), 0.0003680 secs] [Times: user=0.01 sys=0.00, real=0.00 secs] 
53.021: Total time for which application threads were stopped: 0.0027770 seconds, Stopping threads took: 0.0023580 seconds
53.060: Application time: 0.0389340 seconds
53.060: [GC [PSYoungGen: 7440K->272K(8192K)] 13573K->6453K(26112K), 0.0003920 secs] [Times: user=0.01 sys=0.00, real=0.00 secs] 
53.061: Total time for which application threads were stopped: 0.0004880 seconds, Stopping threads took: 0.0000440 seconds
53.099: Application time: 0.0381770 seconds
53.099: [GC [PSYoungGen: 7440K->304K(8192K)] 13621K->6485K(26112K), 0.0003720 secs] [Times: user=0.00 sys=0.00, real=0.00 secs] 
53.100: Total time for which application threads were stopped: 0.0004670 seconds, Stopping threads took: 0.0000390 seconds
53.138: Application time: 0.0386680 seconds
53.138: [GC [PSYoungGen: 7472K->400K(8192K)] 13653K->6581K(26112K), 0.0004600 secs] [Times: user=0.00 sys=0.00, real=0.00 secs] 
53.139: Total time for which application threads were stopped: 0.0005620 seconds, Stopping threads took: 0.0000490 seconds
53.177: Application time: 0.0384710 seconds
53.177: [GC [PSYoungGen: 7568K->448K(8192K)] 13749K->6629K(26112K), 0.0004460 secs] [Times: user=0.00 sys=0.00, real=0.00 secs] 
53.178: Total time for which application threads were stopped: 0.0005450 seconds, Stopping threads took: 0.0000460 seconds
53.217: Application time: 0.0392300 seconds
53.217: [GC [PSYoungGen: 7616K->464K(8192K)] 13797K->6645K(26112K), 0.0004050 secs] [Times: user=0.00 sys=0.00, real=0.00 secs] 
53.218: Total time for which application threads were stopped: 0.0005030 seconds, Stopping threads took: 0.0000430 seconds
53.256: Application time: 0.0387320 seconds
53.256: [GC [PSYoungGen: 7632K->512K(8192K)] 13813K->6693K(26112K), 0.0004540 secs] [Times: user=0.00 sys=0.00, real=0.00 secs] 
53.257: Total time for which application threads were stopped: 0.0005560 seconds, Stopping threads took: 0.0000470 seconds
53.297: Application time: 0.0399900 seconds
53.297: [GC [PSYoungGen: 7680K->496K(8192K)] 13861K->6677K(26112K), 0.0004170 secs] [Times: user=0.00 sys=0.00, real=0.00 secs] 
53.297: Total time for which application threads were stopped: 0.0005240 seconds, Stopping threads took: 0.0000550 seconds
53.337: Application time: 0.0393370 seconds
53.337: [GC [PSYoungGen: 7664K->496K(8192K)] 13845K->6677K(26112K), 0.0004290 secs] [Times: user=0.00 sys=0.00, real=0.00 secs] 
53.337: Total time for which application threads were stopped: 0.0005330 seconds, Stopping threads took: 0.0000400 seconds
53.376: Application time: 0.0392230 seconds
53.376: [GC [PSYoungGen: 7664K->512K(8192K)] 13845K->6693K(26112K), 0.0004190 secs] [Times: user=0.00 sys=0.00, real=0.00 secs] 
53.377: Total time for which application threads were stopped: 0.0005210 seconds, Stopping threads took: 0.0000410 seconds
53.416: Application time: 0.0392260 seconds
53.417: [GC [PSYoungGen: 7680K->480K(8192K)] 13861K->6661K(26112K), 0.0004220 secs] [Times: user=0.00 sys=0.00, real=0.00 secs] 
53.418: Total time for which application threads were stopped: 0.0013420 seconds, Stopping threads took: 0.0008680 seconds
53.457: Application time: 0.0394150 seconds
53.457: [GC [PSYoungGen: 7648K->528K(8192K)] 13829K->6709K(26112K), 0.0004230 secs] [Times: user=0.00 sys=0.00, real=0.00 secs] 
53.457: Total time for which application threads were stopped: 0.0005280 seconds, Stopping threads took: 0.0000470 seconds
53.497: Application time: 0.0397090 seconds
53.497: [GC [PSYoungGen: 7696K->496K(8192K)] 13877K->6677K(26112K), 0.0004140 secs] [Times: user=0.00 sys=0.00, real=0.00 secs] 
53.498: Total time for which application threads were stopped: 0.0005180 seconds, Stopping threads took: 0.0000470 seconds
53.537: Application time: 0.0392330 seconds
53.537: [GC [PSYoungGen: 7664K->496K(8192K)] 13845K->6677K(26112K), 0.0004500 secs] [Times: user=0.00 sys=0.00, real=0.00 secs] 
53.537: Total time for which application threads were stopped: 0.0005510 seconds, Stopping threads took: 0.0000470 seconds
53.576: Application time: 0.0390190 seconds
53.577: [GC [PSYoungGen: 7664K->496K(8192K)] 13845K->6677K(26112K), 0.0004240 secs] [Times: user=0.00 sys=0.00, real=0.00 secs] 
53.577: Total time for which application threads were stopped: 0.0005270 seconds, Stopping threads took: 0.0000460 seconds
53.617: Application time: 0.0395960 seconds
53.617: [GC [PSYoungGen: 7664K->496K(8192K)] 13845K->6677K(26112K), 0.0004230 secs] [Times: user=0.00 sys=0.00, real=0.00 secs] 
53.617: Total time for which application threads were stopped: 0.0005260 seconds, Stopping threads took: 0.0000500 seconds
53.657: Application time: 0.0393810 seconds
53.657: [GC [PSYoungGen: 7664K->480K(8192K)] 13845K->6709K(26112K), 0.0004300 secs] [Times: user=0.01 sys=0.00, real=0.00 secs] 
53.657: Total time for which application threads were stopped: 0.0005250 seconds, Stopping threads took: 0.0000390 seconds
53.696: Application time: 0.0393820 seconds
53.697: [GC [PSYoungGen: 7648K->400K(8192K)] 13877K->6709K(26112K), 0.0004430 secs] [Times: user=0.00 sys=0.00, real=0.00 secs] 
53.697: Total time for which application threads were stopped: 0.0005400 seconds, Stopping threads took: 0.0000440 seconds
53.737: Application time: 0.0398530 seconds
53.737: [GC [PSYoungGen: 7568K->320K(8192K)] 13877K->6726K(26112K), 0.0004460 secs] [Times: user=0.00 sys=0.00, real=0.00 secs] 
53.737: Total time for which application threads were stopped: 0.0005460 seconds, Stopping threads took: 0.0000470 seconds
53.777: Application time: 0.0393190 seconds
53.777: [GC [PSYoungGen: 7488K->320K(8192K)] 13894K->6774K(26112K), 0.0003790 secs] [Times: user=0.00 sys=0.00, real=0.00 secs] 
53.777: Total time for which application threads were stopped: 0.0004860 seconds, Stopping threads took: 0.0000540 seconds
53.816: Application time: 0.0391040 seconds
53.816: [GC [PSYoungGen: 7488K->288K(8192K)] 13942K->6798K(26112K), 0.0003710 secs] [Times: user=0.00 sys=0.00, real=0.00 secs] 
53.817: Total time for which application threads were stopped: 0.0004690 seconds, Stopping threads took: 0.0000450 seconds
53.856: Application time: 0.0394940 seconds
53.856: [GC [PSYoungGen: 7456K->272K(8192K)] 13966K->6838K(26112K), 0.0004050 secs] [Times: user=0.00 sys=0.00, real=0.00 secs] 
53.857: Total time for which application threads were stopped: 0.0005140 seconds, Stopping threads took: 0.0000440 seconds
53.895: Application time: 0.0380530 seconds
53.895: [GC [PSYoungGen: 7440K->304K(8192K)] 14006K->6870K(26112K), 0.0003990 secs] [Times: user=0.00 sys=0.00, real=0.00 secs] 
53.895: Total time for which application threads were stopped: 0.0004980 seconds, Stopping threads took: 0.0000420 seconds
53.934: Application time: 0.0388250 seconds
53.934: [GC [PSYoungGen: 7472K->432K(8192K)] 14038K->6998K(26112K), 0.0004480 secs] [Times: user=0.00 sys=0.00, real=0.00 secs] 
53.935: Total time for which application threads were stopped: 0.0005660 seconds, Stopping threads took: 0.0000450 seconds
53.973: Application time: 0.0385150 seconds
53.973: [GC [PSYoungGen: 7600K->480K(8192K)] 14166K->7046K(26112K), 0.0004520 secs] [Times: user=0.01 sys=0.00, real=0.00 secs] 
53.974: Total time for which application threads were stopped: 0.0005610 seconds, Stopping threads took: 0.0000550 seconds
54.014: Application time: 0.0397090 seconds
54.014: [GC [PSYoungGen: 7648K->432K(8192K)] 14214K->6998K(26112K), 0.0003960 secs] [Times: user=0.00 sys=0.00, real=0.00 secs] 
54.014: Total time for which application threads were stopped: 0.0005020 seconds, Stopping threads took: 0.0000520 seconds
54.053: Application time: 0.0387990 seconds
54.053: [GC [PSYoungGen: 7600K->512K(8192K)] 14166K->7078K(26112K), 0.0004560 secs] [Times: user=0.00 sys=0.00, real=0.00 secs] 
54.053: Total time for which application threads were stopped: 0.0005520 seconds, Stopping threads took: 0.0000440 seconds
54.093: Application time: 0.0395680 seconds
54.093: [GC [PSYoungGen: 7680K->480K(8192K)] 14246K->7046K(26112K), 0.0004810 secs] [Times: user=0.00 sys=0.00, real=0.00 secs] 
54.094: Total time for which application threads were stopped: 0.0006000 seconds, Stopping threads took: 0.0000660 seconds
54.133: Application time: 0.0395590 seconds
54.133: [GC [PSYoungGen: 7648K->528K(8192K)] 14214K->7094K(26112K), 0.0004550 secs] [Times: user=0.00 sys=0.00, real=0.00 secs] 
54.134: Total time for which application threads were stopped: 0.0005540 seconds, Stopping threads took: 0.0000440 seconds
54.173: Application time: 0.0392780 seconds
54.173: [GC [PSYoungGen: 7696K->512K(8192K)] 14262K->7078K(26112K), 0.0004190 secs] [Times: user=0.00 sys=0.00, real=0.00 secs] 
54.173: Total time for which application threads were stopped: 0.0005140 seconds, Stopping threads took: 0.0000410 seconds
54.213: Application time: 0.0391640 seconds
54.213: [GC [PSYoungGen: 7680K->480K(8192K)] 14246K->7046K(26112K), 0.0004700 secs] [Times: user=0.00 sys=0.00, real=0.00 secs] 
54.213: Total time for which application threads were stopped: 0.0005640 seconds, Stopping threads took: 0.0000400 seconds
54.253: Application time: 0.0395720 seconds
54.253: [GC [PSYoungGen: 7648K->512K(8192K)] 14214K->7078K(26112K), 0.0004560 secs] [Times: user=0.00 sys=0.00, real=0.00 secs] 
54.253: Total time for which application threads were stopped: 0.0005510 seconds, Stopping threads took: 0.0000420 seconds
54.293: Application time: 0.0393850 seconds
54.293: [GC [PSYoungGen: 7680K->528K(8192K)] 14246K->7094K(26112K), 0.0004200 secs] [Times: user=0.00 sys=0.00, real=0.00 secs] 
54.293: Total time for which application threads were stopped: 0.0005160 seconds, Stopping threads took: 0.0000420 seconds
54.332: Application time: 0.0392660 seconds
54.333: [GC [PSYoungGen: 7696K->528K(8192K)] 14262K->7094K(26112K), 0.0004100 secs] [Times: user=0.00 sys=0.00, real=0.00 secs] 
54.333: Total time for which application threads were stopped: 0.0005090 seconds, Stopping threads took: 0.0000450 seconds
54.372: Application time: 0.0392250 seconds
54.372: [GC [PSYoungGen: 7696K->512K(8192K)] 14262K->7078K(26112K), 0.0004540 secs] [Times: user=0.00 sys=0.00, real=0.00 secs] 
54.373: Total time for which application threads were stopped: 0.0005730 seconds, Stopping threads took: 0.0000520 seconds
54.412: Application time: 0.0394700 seconds
54.412: [GC [PSYoungGen: 7680K->448K(8192K)] 14246K->7070K(26112K), 0.0004150 secs] [Times: user=0.00 sys=0.00, real=0.00 secs] 
54.413: Total time for which application threads were stopped: 0.0005070 seconds, Stopping threads took: 0.0000390 seconds
54.452: Application time: 0.0392170 seconds
54.452: [GC [PSYoungGen: 7616K->448K(8192K)] 14238K->7070K(26112K), 0.0004850 secs] [Times: user=0.01 sys=0.00, real=0.00 secs] 
54.453: Total time for which application threads were stopped: 0.0005800 seconds, Stopping threads took: 0.0000440 seconds
54.492: Application time: 0.0393400 seconds
54.492: [GC [PSYoungGen: 7616K->352K(8192K)] 14238K->7062K(26112K), 0.0004210 secs] [Times: user=0.00 sys=0.00, real=0.00 secs] 
54.492: Total time for which application threads were stopped: 0.0005210 seconds, Stopping threads took: 0.0000430 seconds
54.532: Application time: 0.0394260 seconds
54.532: [GC [PSYoungGen: 7520K->304K(8192K)] 14230K->7102K(26112K), 0.0003840 secs] [Times: user=0.00 sys=0.00, real=0.00 secs] 
54.532: Total time for which application threads were stopped: 0.0004790 seconds, Stopping threads took: 0.0000440 seconds
54.572: Application time: 0.0397930 seconds
54.572: [GC [PSYoungGen: 7472K->272K(8192K)] 14270K->7150K(26112K), 0.0003720 secs] [Times: user=0.00 sys=0.00, real=0.00 secs] 
54.573: Total time for which application threads were stopped: 0.0004650 seconds, Stopping threads took: 0.0000420 seconds
54.611: Application time: 0.0386620 seconds
54.611: [GC [PSYoungGen: 7440K->320K(8192K)] 14318K->7198K(26112K), 0.0003610 secs] [Times: user=0.01 sys=0.00, real=0.00 secs] 
54.612: Total time for which application threads were stopped: 0.0004640 seconds, Stopping threads took: 0.0000470 seconds
54.651: Application time: 0.0396420 seconds
54.651: [GC [PSYoungGen: 7488K->288K(8192K)] 14366K->7226K(26112K), 0.0003590 secs] [Times: user=0.00 sys=0.00, real=0.00 secs] 
54.652: Total time for which application threads were stopped: 0.0004580 seconds, Stopping threads took: 0.0000480 seconds
54.689: Application time: 0.0369680 seconds
54.689: [GC [PSYoungGen: 7456K->400K(8192K)] 14394K->7338K(26112K), 0.0005160 secs] [Times: user=0.00 sys=0.00, real=0.01 secs] 
54.689: Total time for which application threads were stopped: 0.0006150 seconds, Stopping threads took: 0.0000440 seconds
54.729: Application time: 0.0392690 seconds
54.729: [GC [PSYoungGen: 7568K->384K(8192K)] 14506K->7322K(26112K), 0.0004120 secs] [Times: user=0.00 sys=0.00, real=0.01 secs] 
54.729: Total time for which application threads were stopped: 0.0005100 seconds, Stopping threads took: 0.0000430 seconds
54.768: Application time: 0.0386520 seconds
54.768: [GC [PSYoungGen: 7552K->464K(8192K)] 14490K->7402K(26112K), 0.0004140 secs] [Times: user=0.00 sys=0.00, real=0.00 secs] 
54.768: Total time for which application threads were stopped: 0.0005090 seconds, Stopping threads took: 0.0000400 seconds
54.807: Application time: 0.0388670 seconds
54.807: [GC [PSYoungGen: 7631K->512K(8192K)] 14570K->7450K(26112K), 0.0004310 secs] [Times: user=0.00 sys=0.00, real=0.00 secs] 
54.808: Total time for which application threads were stopped: 0.0005290 seconds, Stopping threads took: 0.0000460 seconds
54.847: Application time: 0.0394900 seconds
54.847: [GC [PSYoungGen: 7680K->512K(8192K)] 14618K->7450K(26112K), 0.0004750 secs] [Times: user=0.00 sys=0.00, real=0.00 secs] 
54.848: Total time for which application threads were stopped: 0.0005720 seconds, Stopping threads took: 0.0000450 seconds
54.887: Application time: 0.0392850 seconds
54.887: [GC [PSYoungGen: 7680K->496K(8192K)] 14618K->7434K(26112K), 0.0004510 secs] [Times: user=0.00 sys=0.00, real=0.00 secs] 
54.888: Total time for which application threads were stopped: 0.0005530 seconds, Stopping threads took: 0.0000380 seconds
54.928: Application time: 0.0398980 seconds
54.928: [GC [PSYoungGen: 7664K->512K(8192K)] 14602K->7450K(26112K), 0.0004630 secs] [Times: user=0.00 sys=0.00, real=0.00 secs] 
54.928: Total time for which application threads were stopped: 0.0005770 seconds, Stopping threads took: 0.0000530 seconds
54.968: Application time: 0.0394540 seconds
54.968: [GC [PSYoungGen: 7680K->496K(8192K)] 14618K->7434K(26112K), 0.0004070 secs] [Times: user=0.01 sys=0.00, real=0.00 secs] 
54.968: Total time for which application threads were stopped: 0.0005040 seconds, Stopping threads took: 0.0000450 seconds
55.007: Application time: 0.0392070 seconds
55.007: [GC [PSYoungGen: 7664K->464K(8192K)] 14602K->7402K(26112K), 0.0004340 secs] [Times: user=0.00 sys=0.00, real=0.00 secs] 
55.008: Total time for which application threads were stopped: 0.0005380 seconds, Stopping threads took: 0.0000490 seconds
55.047: Application time: 0.0392750 seconds
55.047: [GC [PSYoungGen: 7632K->464K(8192K)] 14570K->7402K(26112K), 0.0004430 secs] [Times: user=0.01 sys=0.00, real=0.00 secs] 
55.048: Total time for which application threads were stopped: 0.0005470 seconds, Stopping threads took: 0.0000500 seconds
55.087: Application time: 0.0390940 seconds
55.087: [GC [PSYoungGen: 7632K->464K(8192K)] 14570K->7402K(26112K), 0.0005300 secs] [Times: user=0.00 sys=0.00, real=0.00 secs] 
55.087: Total time for which application threads were stopped: 0.0006310 seconds, Stopping threads took: 0.0000460 seconds
55.127: Application time: 0.0392430 seconds
55.127: [GC [PSYoungGen: 7632K->496K(8192K)] 14570K->7434K(26112K), 0.0004680 secs] [Times: user=0.00 sys=0.00, real=0.00 secs] 
55.128: Total time for which application threads were stopped: 0.0016630 seconds, Stopping threads took: 0.0000410 seconds
55.168: Application time: 0.0395410 seconds
55.168: [GC [PSYoungGen: 7664K->496K(8192K)] 14602K->7434K(26112K), 0.0004380 secs] [Times: user=0.00 sys=0.00, real=0.00 secs] 
55.168: Total time for which application threads were stopped: 0.0005400 seconds, Stopping threads took: 0.0000500 seconds
55.208: Application time: 0.0392970 seconds
55.208: [GC [PSYoungGen: 7664K->464K(8192K)] 14602K->7450K(26112K), 0.0004220 secs] [Times: user=0.00 sys=0.00, real=0.00 secs] 
55.208: Total time for which application threads were stopped: 0.0005190 seconds, Stopping threads took: 0.0000430 seconds
55.248: Application time: 0.0393550 seconds
55.248: [GC [PSYoungGen: 7632K->480K(8192K)] 14618K->7466K(26112K), 0.0004600 secs] [Times: user=0.00 sys=0.00, real=0.00 secs] 
55.248: Total time for which application threads were stopped: 0.0005530 seconds, Stopping threads took: 0.0000390 seconds
55.287: Application time: 0.0392680 seconds
55.287: [GC [PSYoungGen: 7648K->336K(8192K)] 14634K->7466K(26112K), 0.0004190 secs] [Times: user=0.00 sys=0.00, real=0.00 secs] 
55.288: Total time for which application threads were stopped: 0.0005100 seconds, Stopping threads took: 0.0000390 seconds
55.327: Application time: 0.0392060 seconds
55.327: [GC [PSYoungGen: 7504K->304K(8192K)] 14634K->7434K(26112K), 0.0003790 secs] [Times: user=0.00 sys=0.00, real=0.00 secs] 
55.328: Total time for which application threads were stopped: 0.0004690 seconds, Stopping threads took: 0.0000380 seconds
55.367: Application time: 0.0393300 seconds
55.367: [GC [PSYoungGen: 7472K->272K(8192K)] 14602K->7490K(26112K), 0.0003800 secs] [Times: user=0.00 sys=0.00, real=0.00 secs] 
55.367: Total time for which application threads were stopped: 0.0004890 seconds, Stopping threads took: 0.0000610 seconds
55.406: Application time: 0.0387980 seconds
55.406: [GC [PSYoungGen: 7440K->272K(8192K)] 14658K->7538K(26112K), 0.0003590 secs] [Times: user=0.00 sys=0.00, real=0.00 secs] 
55.407: Total time for which application threads were stopped: 0.0004700 seconds, Stopping threads took: 0.0000500 seconds
55.445: Application time: 0.0387010 seconds
55.445: [GC [PSYoungGen: 7440K->304K(8192K)] 14706K->7570K(26112K), 0.0004120 secs] [Times: user=0.00 sys=0.00, real=0.00 secs] 
55.446: Total time for which application threads were stopped: 0.0005210 seconds, Stopping threads took: 0.0000560 seconds
55.484: Application time: 0.0380400 seconds
55.484: [GC [PSYoungGen: 7472K->400K(8192K)] 14738K->7666K(26112K), 0.0003950 secs] [Times: user=0.00 sys=0.00, real=0.00 secs] 
55.484: Total time for which application threads were stopped: 0.0004940 seconds, Stopping threads took: 0.0000460 seconds
55.524: Application time: 0.0391430 seconds
55.524: [GC [PSYoungGen: 7568K->448K(8192K)] 14834K->7714K(26112K), 0.0004560 secs] [Times: user=0.00 sys=0.00, real=0.00 secs] 
55.524: Total time for which application threads were stopped: 0.0005590 seconds, Stopping threads took: 0.0000480 seconds
55.563: Application time: 0.0390020 seconds
55.563: [GC [PSYoungGen: 7616K->464K(8192K)] 14882K->7730K(26112K), 0.0004110 secs] [Times: user=0.00 sys=0.00, real=0.00 secs] 
55.564: Total time for which application threads were stopped: 0.0005100 seconds, Stopping threads took: 0.0000430 seconds
55.603: Application time: 0.0389750 seconds
55.603: [GC [PSYoungGen: 7632K->496K(8192K)] 14898K->7762K(26112K), 0.0004330 secs] [Times: user=0.01 sys=0.00, real=0.00 secs] 
55.603: Total time for which application threads were stopped: 0.0005370 seconds, Stopping threads took: 0.0000500 seconds
55.643: Application time: 0.0393390 seconds
55.643: [GC [PSYoungGen: 7664K->560K(8192K)] 14930K->7826K(26112K), 0.0004090 secs] [Times: user=0.00 sys=0.00, real=0.00 secs] 
55.643: Total time for which application threads were stopped: 0.0005080 seconds, Stopping threads took: 0.0000460 seconds
55.683: Application time: 0.0394930 seconds
55.683: [GC [PSYoungGen: 7728K->512K(8192K)] 14994K->7778K(26112K), 0.0004460 secs] [Times: user=0.01 sys=0.00, real=0.00 secs] 
55.683: Total time for which application threads were stopped: 0.0005420 seconds, Stopping threads took: 0.0000410 seconds
55.723: Application time: 0.0397100 seconds
55.723: [GC [PSYoungGen: 7680K->528K(8192K)] 14946K->7794K(26112K), 0.0004880 secs] [Times: user=0.01 sys=0.00, real=0.00 secs] 
55.723: Total time for which application threads were stopped: 0.0005870 seconds, Stopping threads took: 0.0000450 seconds
55.763: Application time: 0.0393520 seconds
55.763: [GC [PSYoungGen: 7696K->480K(8192K)] 14962K->7746K(26112K), 0.0004180 secs] [Times: user=0.00 sys=0.00, real=0.00 secs] 
55.763: Total time for which application threads were stopped: 0.0005160 seconds, Stopping threads took: 0.0000460 seconds
55.803: Application time: 0.0395080 seconds
55.803: [GC [PSYoungGen: 7648K->480K(8192K)] 14914K->7746K(26112K), 0.0004860 secs] [Times: user=0.00 sys=0.00, real=0.00 secs] 
55.803: Total time for which application threads were stopped: 0.0005900 seconds, Stopping threads took: 0.0000500 seconds
55.843: Application time: 0.0392990 seconds
55.843: [GC [PSYoungGen: 7648K->512K(8192K)] 14914K->7778K(26112K), 0.0004450 secs] [Times: user=0.01 sys=0.00, real=0.00 secs] 
55.843: Total time for which application threads were stopped: 0.0005460 seconds, Stopping threads took: 0.0000470 seconds
55.882: Application time: 0.0392420 seconds
55.883: [GC [PSYoungGen: 7680K->528K(8192K)] 14946K->7794K(26112K), 0.0004230 secs] [Times: user=0.00 sys=0.00, real=0.00 secs] 
55.883: Total time for which application threads were stopped: 0.0005210 seconds, Stopping threads took: 0.0000430 seconds
55.923: Application time: 0.0397500 seconds
55.923: [GC [PSYoungGen: 7696K->496K(8192K)] 14962K->7762K(26112K), 0.0004670 secs] [Times: user=0.01 sys=0.00, real=0.00 secs] 
55.923: Total time for which application threads were stopped: 0.0005870 seconds, Stopping threads took: 0.0000490 seconds
55.963: Application time: 0.0392870 seconds
55.963: [GC [PSYoungGen: 7664K->512K(8192K)] 14930K->7778K(26112K), 0.0004480 secs] [Times: user=0.00 sys=0.00, real=0.00 secs] 
55.963: Total time for which application threads were stopped: 0.0005450 seconds, Stopping threads took: 0.0000420 seconds
56.002: Application time: 0.0391870 seconds
56.002: [GC [PSYoungGen: 7680K->432K(8192K)] 14946K->7754K(26112K), 0.0004250 secs] [Times: user=0.00 sys=0.00, real=0.00 secs] 
56.003: Total time for which application threads were stopped: 0.0005200 seconds, Stopping threads took: 0.0000450 seconds
56.043: Application time: 0.0397160 seconds
56.043: [GC [PSYoungGen: 7600K->416K(8192K)] 14922K->7834K(26112K), 0.0004030 secs] [Times: user=0.00 sys=0.00, real=0.00 secs] 
56.043: Total time for which application threads were stopped: 0.0004980 seconds, Stopping threads took: 0.0000450 seconds
56.083: Application time: 0.0394650 seconds
56.083: [GC [PSYoungGen: 7584K->320K(8192K)] 15002K->7826K(26112K), 0.0004040 secs] [Times: user=0.00 sys=0.00, real=0.00 secs] 
56.083: Total time for which application threads were stopped: 0.0004970 seconds, Stopping threads took: 0.0000390 seconds
56.122: Application time: 0.0393270 seconds
56.122: [GC [PSYoungGen: 7488K->288K(8192K)] 14994K->7842K(26112K), 0.0003850 secs] [Times: user=0.00 sys=0.00, real=0.00 secs] 
56.123: Total time for which application threads were stopped: 0.0004870 seconds, Stopping threads took: 0.0000510 seconds
56.162: Application time: 0.0393770 seconds
56.162: [GC [PSYoungGen: 7456K->288K(8192K)] 15010K->7906K(26112K), 0.0003630 secs] [Times: user=0.00 sys=0.00, real=0.00 secs] 
56.163: Total time for which application threads were stopped: 0.0004520 seconds, Stopping threads took: 0.0000390 seconds
56.202: Application time: 0.0389560 seconds
56.202: [GC [PSYoungGen: 7456K->272K(8192K)] 15074K->7938K(26112K), 0.0003820 secs] [Times: user=0.00 sys=0.00, real=0.00 secs] 
56.202: Total time for which application threads were stopped: 0.0004820 seconds, Stopping threads took: 0.0000450 seconds
56.241: Application time: 0.0385200 seconds
56.241: [GC [PSYoungGen: 7440K->368K(8192K)] 15106K->8034K(26112K), 0.0003900 secs] [Times: user=0.00 sys=0.00, real=0.01 secs] 
56.241: Total time for which application threads were stopped: 0.0004830 seconds, Stopping threads took: 0.0000400 seconds
56.279: Application time: 0.0382360 seconds
56.279: [GC [PSYoungGen: 7536K->384K(8192K)] 15202K->8050K(26112K), 0.0003870 secs] [Times: user=0.00 sys=0.00, real=0.00 secs] 
56.280: Total time for which application threads were stopped: 0.0004840 seconds, Stopping threads took: 0.0000410 seconds
56.318: Application time: 0.0385390 seconds
56.318: [GC [PSYoungGen: 7552K->480K(8192K)] 15218K->8146K(26112K), 0.0004500 secs] [Times: user=0.00 sys=0.00, real=0.00 secs] 
56.319: Total time for which application threads were stopped: 0.0005480 seconds, Stopping threads took: 0.0000440 seconds
56.358: Application time: 0.0390460 seconds
56.358: [GC [PSYoungGen: 7648K->512K(8192K)] 15314K->8178K(26112K), 0.0004560 secs] [Times: user=0.00 sys=0.00, real=0.00 secs] 
56.359: Total time for which application threads were stopped: 0.0005560 seconds, Stopping threads took: 0.0000470 seconds
56.398: Application time: 0.0392750 seconds
56.398: [GC [PSYoungGen: 7680K->528K(8192K)] 15346K->8194K(26112K), 0.0004860 secs] [Times: user=0.00 sys=0.00, real=0.00 secs] 
56.398: Total time for which application threads were stopped: 0.0005790 seconds, Stopping threads took: 0.0000390 seconds
56.438: Application time: 0.0396110 seconds
56.438: [GC [PSYoungGen: 7696K->512K(8192K)] 15362K->8178K(26112K), 0.0004210 secs] [Times: user=0.00 sys=0.00, real=0.00 secs] 
56.439: Total time for which application threads were stopped: 0.0005250 seconds, Stopping threads took: 0.0000400 seconds
56.478: Application time: 0.0399270 seconds
56.479: [GC [PSYoungGen: 7680K->512K(8192K)] 15346K->8178K(26112K), 0.0004520 secs] [Times: user=0.01 sys=0.00, real=0.00 secs] 
56.479: Total time for which application threads were stopped: 0.0005430 seconds, Stopping threads took: 0.0000430 seconds
56.519: Application time: 0.0395760 seconds
56.519: [GC [PSYoungGen: 7680K->512K(8192K)] 15346K->8178K(26112K), 0.0004380 secs] [Times: user=0.00 sys=0.00, real=0.00 secs] 
56.519: Total time for which application threads were stopped: 0.0005310 seconds, Stopping threads took: 0.0000380 seconds
56.559: Application time: 0.0395930 seconds
56.559: [GC [PSYoungGen: 7680K->464K(8192K)] 15346K->8130K(26112K), 0.0004440 secs] [Times: user=0.00 sys=0.00, real=0.00 secs] 
56.559: Total time for which application threads were stopped: 0.0005340 seconds, Stopping threads took: 0.0000390 seconds
56.598: Application time: 0.0392580 seconds
56.599: [GC [PSYoungGen: 7632K->496K(8192K)] 15298K->8162K(26112K), 0.0004190 secs] [Times: user=0.01 sys=0.00, real=0.00 secs] 
56.599: Total time for which application threads were stopped: 0.0005220 seconds, Stopping threads took: 0.0000510 seconds
56.638: Application time: 0.0391910 seconds
56.638: [GC [PSYoungGen: 7664K->496K(8192K)] 15330K->8162K(26112K), 0.0004120 secs] [Times: user=0.00 sys=0.00, real=0.00 secs] 
56.639: Total time for which application threads were stopped: 0.0005100 seconds, Stopping threads took: 0.0000460 seconds
56.678: Application time: 0.0393480 seconds
56.678: [GC [PSYoungGen: 7664K->496K(8192K)] 15330K->8162K(26112K), 0.0004430 secs] [Times: user=0.00 sys=0.00, real=0.00 secs] 
56.679: Total time for which application threads were stopped: 0.0005510 seconds, Stopping threads took: 0.0000470 seconds
56.718: Application time: 0.0395460 seconds
56.718: [GC [PSYoungGen: 7664K->464K(8192K)] 15330K->8130K(26112K), 0.0004120 secs] [Times: user=0.00 sys=0.00, real=0.00 secs] 
56.719: Total time for which application threads were stopped: 0.0005040 seconds, Stopping threads took: 0.0000400 seconds
56.759: Application time: 0.0399180 seconds
56.759: [GC [PSYoungGen: 7632K->496K(8192K)] 15298K->8162K(26112K), 0.0004410 secs] [Times: user=0.01 sys=0.00, real=0.00 secs] 
56.759: Total time for which application threads were stopped: 0.0005590 seconds, Stopping threads took: 0.0000620 seconds
56.798: Application time: 0.0392430 seconds
56.798: [GC [PSYoungGen: 7664K->432K(8192K)] 15330K->8154K(26112K), 0.0004260 secs] [Times: user=0.00 sys=0.00, real=0.00 secs] 
56.799: Total time for which application threads were stopped: 0.0005230 seconds, Stopping threads took: 0.0000450 seconds
56.838: Application time: 0.0395730 seconds
56.839: [GC [PSYoungGen: 7600K->384K(8192K)] 15322K->8203K(26112K), 0.0004560 secs] [Times: user=0.01 sys=0.00, real=0.00 secs] 
56.839: Total time for which application threads were stopped: 0.0005480 seconds, Stopping threads took: 0.0000420 seconds
56.879: Application time: 0.0395190 seconds
56.879: [GC [PSYoungGen: 7552K->336K(8192K)] 15371K->8243K(26112K), 0.0004310 secs] [Times: user=0.00 sys=0.00, real=0.00 secs] 
56.879: Total time for which application threads were stopped: 0.0005260 seconds, Stopping threads took: 0.0000410 seconds
56.919: Application time: 0.0398420 seconds
56.919: [GC [PSYoungGen: 7504K->272K(8192K)] 15411K->8267K(26112K), 0.0004100 secs] [Times: user=0.00 sys=0.00, real=0.00 secs] 
56.919: Total time for which application threads were stopped: 0.0005300 seconds, Stopping threads took: 0.0000560 seconds
56.959: Application time: 0.0391590 seconds
56.959: [GC [PSYoungGen: 7440K->272K(8192K)] 15435K->8323K(26112K), 0.0003750 secs] [Times: user=0.00 sys=0.00, real=0.00 secs] 
56.959: Total time for which application threads were stopped: 0.0004800 seconds, Stopping threads took: 0.0000440 seconds
56.998: Application time: 0.0392240 seconds
56.998: [GC [PSYoungGen: 7440K->272K(8192K)] 15491K->8323K(26112K), 0.0003970 secs] [Times: user=0.00 sys=0.00, real=0.00 secs] 
56.999: Total time for which application threads were stopped: 0.0004810 seconds, Stopping threads took: 0.0000330 seconds
57.037: Application time: 0.0378240 seconds
57.037: [GC [PSYoungGen: 7440K->304K(8192K)] 15491K->8355K(26112K), 0.0004120 secs] [Times: user=0.00 sys=0.00, real=0.00 secs] 
57.037: Total time for which application threads were stopped: 0.0005150 seconds, Stopping threads took: 0.0000470 seconds
57.076: Application time: 0.0391550 seconds
57.077: [GC [PSYoungGen: 7472K->400K(8192K)] 15523K->8451K(26112K), 0.0004310 secs] [Times: user=0.00 sys=0.00, real=0.00 secs] 
57.078: Total time for which application threads were stopped: 0.0012240 seconds, Stopping threads took: 0.0007390 seconds
57.116: Application time: 0.0384160 seconds
57.116: [GC [PSYoungGen: 7568K->480K(8192K)] 15619K->8531K(26112K), 0.0004350 secs] [Times: user=0.00 sys=0.00, real=0.00 secs] 
57.116: Total time for which application threads were stopped: 0.0005290 seconds, Stopping threads took: 0.0000390 seconds
57.155: Application time: 0.0387040 seconds
57.155: [GC [PSYoungGen: 7648K->496K(8192K)] 15699K->8547K(26112K), 0.0004220 secs] [Times: user=0.00 sys=0.00, real=0.00 secs] 
57.156: Total time for which application threads were stopped: 0.0005170 seconds, Stopping threads took: 0.0000420 seconds
57.196: Application time: 0.0399240 seconds
57.196: [GC [PSYoungGen: 7664K->560K(8192K)] 15715K->8611K(26112K), 0.0004220 secs] [Times: user=0.00 sys=0.00, real=0.00 secs] 
57.196: Total time for which application threads were stopped: 0.0005120 seconds, Stopping threads took: 0.0000380 seconds
57.236: Application time: 0.0394340 seconds
57.237: [GC [PSYoungGen: 7728K->528K(8192K)] 15779K->8579K(26112K), 0.0004280 secs] [Times: user=0.00 sys=0.00, real=0.00 secs] 
57.238: Total time for which application threads were stopped: 0.0019360 seconds, Stopping threads took: 0.0014470 seconds
57.277: Application time: 0.0392920 seconds
57.277: [GC [PSYoungGen: 7696K->528K(8192K)] 15747K->8579K(26112K), 0.0004680 secs] [Times: user=0.00 sys=0.00, real=0.00 secs] 
57.277: Total time for which application threads were stopped: 0.0005600 seconds, Stopping threads took: 0.0000400 seconds
57.317: Application time: 0.0393600 seconds
57.317: [GC [PSYoungGen: 7696K->480K(8192K)] 15747K->8531K(26112K), 0.0005080 secs] [Times: user=0.00 sys=0.00, real=0.00 secs] 
57.317: Total time for which application threads were stopped: 0.0006090 seconds, Stopping threads took: 0.0000460 seconds
57.357: Application time: 0.0393120 seconds
57.357: [GC [PSYoungGen: 7648K->528K(8192K)] 15699K->8579K(26112K), 0.0004710 secs] [Times: user=0.00 sys=0.00, real=0.00 secs] 
57.357: Total time for which application threads were stopped: 0.0005740 seconds, Stopping threads took: 0.0000500 seconds
57.397: Application time: 0.0392820 seconds
57.397: [GC [PSYoungGen: 7696K->528K(8192K)] 15747K->8579K(26112K), 0.0004390 secs] [Times: user=0.00 sys=0.00, real=0.00 secs] 
57.397: Total time for which application threads were stopped: 0.0005350 seconds, Stopping threads took: 0.0000420 seconds
57.436: Application time: 0.0391040 seconds
57.436: [GC [PSYoungGen: 7696K->528K(8192K)] 15747K->8579K(26112K), 0.0004500 secs] [Times: user=0.00 sys=0.00, real=0.00 secs] 
57.437: Total time for which application threads were stopped: 0.0005470 seconds, Stopping threads took: 0.0000440 seconds
57.476: Application time: 0.0396740 seconds
57.476: [GC [PSYoungGen: 7696K->528K(8192K)] 15747K->8579K(26112K), 0.0004240 secs] [Times: user=0.01 sys=0.00, real=0.00 secs] 
57.477: Total time for which application threads were stopped: 0.0005280 seconds, Stopping threads took: 0.0000390 seconds
57.516: Application time: 0.0395120 seconds
57.516: [GC [PSYoungGen: 7696K->480K(8192K)] 15747K->8531K(26112K), 0.0004900 secs] [Times: user=0.00 sys=0.00, real=0.00 secs] 
57.517: Total time for which application threads were stopped: 0.0005790 seconds, Stopping threads took: 0.0000320 seconds
57.556: Application time: 0.0392650 seconds
57.556: [GC [PSYoungGen: 7648K->464K(8192K)] 15699K->8571K(26112K), 0.0004290 secs] [Times: user=0.01 sys=0.00, real=0.00 secs] 
57.557: Total time for which application threads were stopped: 0.0005250 seconds, Stopping threads took: 0.0000420 seconds
57.596: Application time: 0.0394950 seconds
57.596: [GC [PSYoungGen: 7632K->448K(8192K)] 15739K->8555K(26112K), 0.0004130 secs] [Times: user=0.00 sys=0.00, real=0.00 secs] 
57.597: Total time for which application threads were stopped: 0.0005090 seconds, Stopping threads took: 0.0000450 seconds
57.636: Application time: 0.0396650 seconds
57.637: [GC [PSYoungGen: 7616K->352K(8192K)] 15723K->8587K(26112K), 0.0004210 secs] [Times: user=0.00 sys=0.00, real=0.00 secs] 
57.637: Total time for which application threads were stopped: 0.0005150 seconds, Stopping threads took: 0.0000420 seconds
57.677: Application time: 0.0397770 seconds
57.677: [GC [PSYoungGen: 7520K->352K(8192K)] 15755K->8643K(26112K), 0.0003890 secs] [Times: user=0.00 sys=0.00, real=0.00 secs] 
57.677: Total time for which application threads were stopped: 0.0004850 seconds, Stopping threads took: 0.0000410 seconds
57.717: Application time: 0.0394470 seconds
57.717: [GC [PSYoungGen: 7520K->304K(8192K)] 15811K->8683K(26112K), 0.0004170 secs] [Times: user=0.00 sys=0.00, real=0.00 secs] 
57.717: Total time for which application threads were stopped: 0.0005080 seconds, Stopping threads took: 0.0000380 seconds
57.756: Application time: 0.0388090 seconds
57.756: [GC [PSYoungGen: 7472K->272K(8192K)] 15851K->8707K(26112K), 0.0003720 secs] [Times: user=0.00 sys=0.00, real=0.00 secs] 
57.756: Total time for which application threads were stopped: 0.0004630 seconds, Stopping threads took: 0.0000390 seconds
57.795: Application time: 0.0387060 seconds
57.795: [GC [PSYoungGen: 7440K->288K(8192K)] 15875K->8723K(26112K), 0.0003790 secs] [Times: user=0.00 sys=0.00, real=0.00 secs] 
57.796: Total time for which application threads were stopped: 0.0004820 seconds, Stopping threads took: 0.0000410 seconds
57.833: Application time: 0.0377020 seconds
57.833: [GC [PSYoungGen: 7456K->368K(8192K)] 15891K->8803K(26112K), 0.0003910 secs] [Times: user=0.00 sys=0.00, real=0.00 secs] 
57.834: Total time for which application threads were stopped: 0.0004880 seconds, Stopping threads took: 0.0000430 seconds
57.873: Application time: 0.0389930 seconds
57.873: [GC [PSYoungGen: 7536K->400K(8192K)] 15971K->8835K(26112K), 0.0004520 secs] [Times: user=0.00 sys=0.00, real=0.00 secs] 
57.873: Total time for which application threads were stopped: 0.0005540 seconds, Stopping threads took: 0.0000490 seconds
57.913: Application time: 0.0390870 seconds
57.913: [GC [PSYoungGen: 7568K->448K(8192K)] 16003K->8883K(26112K), 0.0004540 secs] [Times: user=0.00 sys=0.00, real=0.00 secs] 
57.913: Total time for which application threads were stopped: 0.0005700 seconds, Stopping threads took: 0.0000550 seconds
57.952: Application time: 0.0386840 seconds
57.952: [GC [PSYoungGen: 7616K->528K(8192K)] 16051K->8963K(26112K), 0.0004220 secs] [Times: user=0.00 sys=0.00, real=0.00 secs] 
57.952: Total time for which application threads were stopped: 0.0005190 seconds, Stopping threads took: 0.0000430 seconds
57.992: Application time: 0.0395180 seconds
57.992: [GC [PSYoungGen: 7696K->496K(8192K)] 16131K->8931K(26112K), 0.0004230 secs] [Times: user=0.00 sys=0.00, real=0.00 secs] 
57.992: Total time for which application threads were stopped: 0.0005410 seconds, Stopping threads took: 0.0000540 seconds
58.032: Application time: 0.0393620 seconds
58.032: [GC [PSYoungGen: 7664K->496K(8192K)] 16099K->8931K(26112K), 0.0004080 secs] [Times: user=0.00 sys=0.00, real=0.00 secs] 
58.032: Total time for which application threads were stopped: 0.0005050 seconds, Stopping threads took: 0.0000420 seconds
58.072: Application time: 0.0395080 seconds
58.072: [GC [PSYoungGen: 7664K->496K(8192K)] 16099K->8931K(26112K), 0.0004400 secs] [Times: user=0.01 sys=0.00, real=0.00 secs] 
58.072: Total time for which application threads were stopped: 0.0005340 seconds, Stopping threads took: 0.0000400 seconds
58.112: Application time: 0.0397990 seconds
58.112: [GC [PSYoungGen: 7664K->480K(8192K)] 16099K->8915K(26112K), 0.0004130 secs] [Times: user=0.01 sys=0.00, real=0.00 secs] 
58.113: Total time for which application threads were stopped: 0.0005060 seconds, Stopping threads took: 0.0000390 seconds
58.152: Application time: 0.0392370 seconds
58.152: [GC [PSYoungGen: 7648K->544K(8192K)] 16083K->8979K(26112K), 0.0004280 secs] [Times: user=0.00 sys=0.00, real=0.00 secs] 
58.152: Total time for which application threads were stopped: 0.0005250 seconds, Stopping threads took: 0.0000440 seconds
58.192: Application time: 0.0391830 seconds
58.192: [GC [PSYoungGen: 7712K->528K(8192K)] 16147K->8963K(26112K), 0.0004100 secs] [Times: user=0.00 sys=0.00, real=0.00 secs] 
58.192: Total time for which application threads were stopped: 0.0005000 seconds, Stopping threads took: 0.0000380 seconds
58.231: Application time: 0.0391150 seconds
58.231: [GC [PSYoungGen: 7696K->496K(8192K)] 16131K->8931K(26112K), 0.0004490 secs] [Times: user=0.00 sys=0.00, real=0.00 secs] 
58.232: Total time for which application threads were stopped: 0.0005470 seconds, Stopping threads took: 0.0000450 seconds
58.271: Application time: 0.0391250 seconds
58.271: [GC [PSYoungGen: 7664K->528K(8192K)] 16099K->8963K(26112K), 0.0004340 secs] [Times: user=0.01 sys=0.00, real=0.00 secs] 
58.271: Total time for which application threads were stopped: 0.0005250 seconds, Stopping threads took: 0.0000370 seconds
58.310: Application time: 0.0391600 seconds
58.311: [GC [PSYoungGen: 7696K->544K(8192K)] 16131K->8979K(26112K), 0.0004150 secs] [Times: user=0.00 sys=0.00, real=0.00 secs] 
58.311: Total time for which application threads were stopped: 0.0005140 seconds, Stopping threads took: 0.0000440 seconds
58.351: Application time: 0.0395500 seconds
58.351: [GC [PSYoungGen: 7712K->480K(8192K)] 16147K->8963K(26112K), 0.0004310 secs] [Times: user=0.00 sys=0.00, real=0.00 secs] 
58.351: Total time for which application threads were stopped: 0.0005280 seconds, Stopping threads took: 0.0000430 seconds
58.391: Application time: 0.0396080 seconds
58.393: [GC [PSYoungGen: 7648K->432K(8192K)] 16131K->8963K(26112K), 0.0004290 secs] [Times: user=0.00 sys=0.00, real=0.00 secs] 
58.394: Total time for which application threads were stopped: 0.0028390 seconds, Stopping threads took: 0.0023590 seconds
58.433: Application time: 0.0392930 seconds
58.433: [GC [PSYoungGen: 7600K->320K(8192K)] 16131K->8991K(26112K), 0.0003970 secs] [Times: user=0.00 sys=0.00, real=0.00 secs] 
58.433: Total time for which application threads were stopped: 0.0004980 seconds, Stopping threads took: 0.0000490 seconds
58.473: Application time: 0.0391870 seconds
58.473: [GC [PSYoungGen: 7488K->288K(8192K)] 16159K->9007K(26112K), 0.0003810 secs] [Times: user=0.00 sys=0.00, real=0.00 secs] 
58.473: Total time for which application threads were stopped: 0.0004840 seconds, Stopping threads took: 0.0000440 seconds
58.512: Application time: 0.0393960 seconds
58.512: [GC [PSYoungGen: 7456K->272K(8192K)] 16175K->9031K(26112K), 0.0003580 secs] [Times: user=0.00 sys=0.00, real=0.00 secs] 
58.513: Total time for which application threads were stopped: 0.0004640 seconds, Stopping threads took: 0.0000450 seconds
58.552: Application time: 0.0390910 seconds
58.552: [GC [PSYoungGen: 7440K->240K(8192K)] 16199K->9055K(26112K), 0.0004040 secs] [Times: user=0.00 sys=0.00, real=0.00 secs] 
58.552: Total time for which application threads were stopped: 0.0005010 seconds, Stopping threads took: 0.0000460 seconds
58.591: Application time: 0.0387890 seconds
58.591: [GC [PSYoungGen: 7408K->320K(8192K)] 16223K->9135K(26112K), 0.0003770 secs] [Times: user=0.00 sys=0.00, real=0.00 secs] 
58.592: Total time for which application threads were stopped: 0.0004750 seconds, Stopping threads took: 0.0000440 seconds
58.630: Application time: 0.0379890 seconds
58.630: [GC [PSYoungGen: 7488K->336K(8192K)] 16303K->9151K(26112K), 0.0003940 secs] [Times: user=0.01 sys=0.00, real=0.00 secs] 
58.630: Total time for which application threads were stopped: 0.0004920 seconds, Stopping threads took: 0.0000430 seconds
58.669: Application time: 0.0391820 seconds
58.669: [GC [PSYoungGen: 7504K->432K(8192K)] 16319K->9247K(26112K), 0.0004180 secs] [Times: user=0.00 sys=0.00, real=0.00 secs] 
58.670: Total time for which application threads were stopped: 0.0005100 seconds, Stopping threads took: 0.0000390 seconds
58.709: Application time: 0.0386670 seconds
58.709: [GC [PSYoungGen: 7600K->528K(8192K)] 16415K->9343K(26112K), 0.0004200 secs] [Times: user=0.00 sys=0.00, real=0.01 secs] 
58.709: Total time for which application threads were stopped: 0.0005160 seconds, Stopping threads took: 0.0000410 seconds
58.748: Application time: 0.0392670 seconds
58.748: [GC [PSYoungGen: 7696K->496K(8192K)] 16511K->9311K(26112K), 0.0004170 secs] [Times: user=0.00 sys=0.00, real=0.00 secs] 
58.749: Total time for which application threads were stopped: 0.0005280 seconds, Stopping threads took: 0.0000560 seconds
58.788: Application time: 0.0392880 seconds
58.788: [GC [PSYoungGen: 7664K->528K(8192K)] 16479K->9343K(26112K), 0.0004060 secs] [Times: user=0.01 sys=0.00, real=0.00 secs] 
58.789: Total time for which application threads were stopped: 0.0004910 seconds, Stopping threads took: 0.0000340 seconds
58.828: Application time: 0.0397660 seconds
58.829: [GC [PSYoungGen: 7696K->480K(8192K)] 16511K->9295K(26112K), 0.0004180 secs] [Times: user=0.01 sys=0.00, real=0.00 secs] 
58.829: Total time for which application threads were stopped: 0.0005170 seconds, Stopping threads took: 0.0000470 seconds
58.868: Application time: 0.0395100 seconds
58.869: [GC [PSYoungGen: 7648K->496K(8192K)] 16463K->9311K(26112K), 0.0005100 secs] [Times: user=0.00 sys=0.00, real=0.01 secs] 
58.869: Total time for which application threads were stopped: 0.0005990 seconds, Stopping threads took: 0.0000390 seconds
58.909: Application time: 0.0396220 seconds
58.909: [GC [PSYoungGen: 7664K->512K(8192K)] 16479K->9327K(26112K), 0.0004760 secs] [Times: user=0.00 sys=0.00, real=0.01 secs] 
58.909: Total time for which application threads were stopped: 0.0005890 seconds, Stopping threads took: 0.0000500 seconds
58.949: Application time: 0.0393680 seconds
58.949: [GC [PSYoungGen: 7680K->496K(8192K)] 16495K->9311K(26112K), 0.0004310 secs] [Times: user=0.00 sys=0.00, real=0.01 secs] 
58.949: Total time for which application threads were stopped: 0.0005370 seconds, Stopping threads took: 0.0000490 seconds
58.988: Application time: 0.0391250 seconds
58.988: [GC [PSYoungGen: 7664K->544K(8192K)] 16479K->9359K(26112K), 0.0004170 secs] [Times: user=0.00 sys=0.00, real=0.00 secs] 
58.989: Total time for which application threads were stopped: 0.0005150 seconds, Stopping threads took: 0.0000460 seconds
59.028: Application time: 0.0394190 seconds
59.028: [GC [PSYoungGen: 7712K->480K(8192K)] 16527K->9295K(26112K), 0.0005120 secs] [Times: user=0.00 sys=0.00, real=0.00 secs] 
59.029: Total time for which application threads were stopped: 0.0006160 seconds, Stopping threads took: 0.0000420 seconds
59.068: Application time: 0.0392140 seconds
59.068: [GC [PSYoungGen: 7648K->496K(8192K)] 16463K->9311K(26112K), 0.0004730 secs] [Times: user=0.00 sys=0.00, real=0.00 secs] 
59.069: Total time for which application threads were stopped: 0.0005690 seconds, Stopping threads took: 0.0000410 seconds
59.108: Application time: 0.0392220 seconds
59.108: [GC [PSYoungGen: 7664K->528K(8192K)] 16479K->9343K(26112K), 0.0004160 secs] [Times: user=0.00 sys=0.00, real=0.00 secs] 
59.108: Total time for which application threads were stopped: 0.0005070 seconds, Stopping threads took: 0.0000370 seconds
59.148: Application time: 0.0394060 seconds
59.148: [GC [PSYoungGen: 7696K->496K(8192K)] 16511K->9367K(26112K), 0.0004170 secs] [Times: user=0.00 sys=0.00, real=0.00 secs] 
59.148: Total time for which application threads were stopped: 0.0005120 seconds, Stopping threads took: 0.0000430 seconds
59.188: Application time: 0.0396490 seconds
59.188: [GC [PSYoungGen: 7664K->384K(8192K)] 16535K->9343K(26112K), 0.0004900 secs] [Times: user=0.00 sys=0.00, real=0.00 secs] 
59.189: Total time for which application threads were stopped: 0.0005820 seconds, Stopping threads took: 0.0000400 seconds
59.228: Application time: 0.0392740 seconds
59.228: [GC [PSYoungGen: 7552K->320K(8192K)] 16511K->9367K(26112K), 0.0004190 secs] [Times: user=0.00 sys=0.00, real=0.00 secs] 
59.228: Total time for which application threads were stopped: 0.0005150 seconds, Stopping threads took: 0.0000390 seconds
59.268: Application time: 0.0394600 seconds
59.268: [GC [PSYoungGen: 7488K->336K(8192K)] 16535K->9439K(26112K), 0.0003900 secs] [Times: user=0.00 sys=0.00, real=0.00 secs] 
59.268: Total time for which application threads were stopped: 0.0004880 seconds, Stopping threads took: 0.0000470 seconds
59.308: Application time: 0.0397820 seconds
59.308: [GC [PSYoungGen: 7504K->256K(8192K)] 16607K->9447K(26112K), 0.0003780 secs] [Times: user=0.01 sys=0.00, real=0.00 secs] 
59.309: Total time for which application threads were stopped: 0.0004750 seconds, Stopping threads took: 0.0000450 seconds
59.348: Application time: 0.0391470 seconds
59.348: [GC [PSYoungGen: 7424K->272K(8192K)] 16615K->9463K(26112K), 0.0003700 secs] [Times: user=0.00 sys=0.00, real=0.00 secs] 
59.348: Total time for which application threads were stopped: 0.0004600 seconds, Stopping threads took: 0.0000410 seconds
59.386: Application time: 0.0377980 seconds
59.386: [GC [PSYoungGen: 7440K->352K(8192K)] 16631K->9543K(26112K), 0.0004890 secs] [Times: user=0.00 sys=0.00, real=0.00 secs] 
59.387: Total time for which application threads were stopped: 0.0005820 seconds, Stopping threads took: 0.0000400 seconds
59.425: Application time: 0.0384040 seconds
59.425: [GC [PSYoungGen: 7520K->448K(8192K)] 16711K->9639K(26112K), 0.0004190 secs] [Times: user=0.00 sys=0.00, real=0.00 secs] 
59.425: Total time for which application threads were stopped: 0.0005250 seconds, Stopping threads took: 0.0000490 seconds
59.464: Application time: 0.0389230 seconds
59.464: [GC [PSYoungGen: 7616K->512K(8192K)] 16807K->9703K(26112K), 0.0004800 secs] [Times: user=0.00 sys=0.00, real=0.00 secs] 
59.465: Total time for which application threads were stopped: 0.0005850 seconds, Stopping threads took: 0.0000500 seconds
59.504: Application time: 0.0389190 seconds
59.504: [GC [PSYoungGen: 7680K->464K(8192K)] 16871K->9655K(26112K), 0.0004150 secs] [Times: user=0.00 sys=0.00, real=0.00 secs] 
59.504: Total time for which application threads were stopped: 0.0005200 seconds, Stopping threads took: 0.0000490 seconds
59.544: Application time: 0.0395080 seconds
59.544: [GC [PSYoungGen: 7632K->480K(8192K)] 16823K->9671K(26112K), 0.0004240 secs] [Times: user=0.00 sys=0.00, real=0.00 secs] 
59.544: Total time for which application threads were stopped: 0.0005350 seconds, Stopping threads took: 0.0000490 seconds
59.584: Application time: 0.0394730 seconds
59.584: [GC [PSYoungGen: 7648K->512K(8192K)] 16839K->9703K(26112K), 0.0004130 secs] [Times: user=0.00 sys=0.00, real=0.00 secs] 
59.584: Total time for which application threads were stopped: 0.0005060 seconds, Stopping threads took: 0.0000380 seconds
59.624: Application time: 0.0393380 seconds
59.624: [GC [PSYoungGen: 7680K->496K(8192K)] 16871K->9688K(26112K), 0.0004150 secs] [Times: user=0.00 sys=0.00, real=0.00 secs] 
59.624: Total time for which application threads were stopped: 0.0005160 seconds, Stopping threads took: 0.0000490 seconds
59.664: Application time: 0.0394750 seconds
59.664: [GC [PSYoungGen: 7664K->528K(8192K)] 16856K->9719K(26112K), 0.0004160 secs] [Times: user=0.01 sys=0.00, real=0.00 secs] 
59.664: Total time for which application threads were stopped: 0.0005150 seconds, Stopping threads took: 0.0000470 seconds
59.704: Application time: 0.0397060 seconds
59.704: [GC [PSYoungGen: 7696K->512K(8192K)] 16887K->9703K(26112K), 0.0004610 secs] [Times: user=0.01 sys=0.00, real=0.00 secs] 
59.705: Total time for which application threads were stopped: 0.0005620 seconds, Stopping threads took: 0.0000470 seconds
59.744: Application time: 0.0394360 seconds
59.744: [GC [PSYoungGen: 7680K->480K(8192K)] 16871K->9671K(26112K), 0.0005130 secs] [Times: user=0.00 sys=0.00, real=0.00 secs] 
59.745: Total time for which application threads were stopped: 0.0006100 seconds, Stopping threads took: 0.0000450 seconds
59.784: Application time: 0.0391580 seconds
59.784: [GC [PSYoungGen: 7648K->464K(8192K)] 16839K->9655K(26112K), 0.0004090 secs] [Times: user=0.00 sys=0.00, real=0.00 secs] 
59.784: Total time for which application threads were stopped: 0.0005050 seconds, Stopping threads took: 0.0000450 seconds
59.823: Application time: 0.0388570 seconds
59.823: [GC [PSYoungGen: 7632K->560K(8192K)] 16823K->9751K(26112K), 0.0004210 secs] [Times: user=0.00 sys=0.00, real=0.00 secs] 
59.824: Total time for which application threads were stopped: 0.0005280 seconds, Stopping threads took: 0.0000540 seconds
59.863: Application time: 0.0395610 seconds
59.863: [GC [PSYoungGen: 7728K->512K(8192K)] 16919K->9703K(26112K), 0.0004210 secs] [Times: user=0.00 sys=0.00, real=0.00 secs] 
59.864: Total time for which application threads were stopped: 0.0005220 seconds, Stopping threads took: 0.0000500 seconds
59.903: Application time: 0.0392750 seconds
59.903: [GC [PSYoungGen: 7680K->496K(8192K)] 16871K->9687K(26112K), 0.0004720 secs] [Times: user=0.00 sys=0.00, real=0.00 secs] 
59.904: Total time for which application threads were stopped: 0.0005900 seconds, Stopping threads took: 0.0000550 seconds
59.943: Application time: 0.0396860 seconds
59.943: [GC [PSYoungGen: 7664K->448K(8192K)] 16855K->9695K(26112K), 0.0004780 secs] [Times: user=0.00 sys=0.00, real=0.00 secs] 
59.944: Total time for which application threads were stopped: 0.0005750 seconds, Stopping threads took: 0.0000410 seconds
59.983: Application time: 0.0392900 seconds
59.983: [GC [PSYoungGen: 7616K->384K(8192K)] 16863K->9752K(26112K), 0.0004030 secs] [Times: user=0.01 sys=0.00, real=0.00 secs] 
59.984: Total time for which application threads were stopped: 0.0005110 seconds, Stopping threads took: 0.0000490 seconds
60.023: Application time: 0.0397330 seconds
60.024: [GC [PSYoungGen: 7552K->288K(8192K)] 16920K->9744K(26112K), 0.0004250 secs] [Times: user=0.00 sys=0.00, real=0.00 secs] 
60.024: Total time for which application threads were stopped: 0.0005190 seconds, Stopping threads took: 0.0000420 seconds
60.063: Application time: 0.0393360 seconds
60.063: [GC [PSYoungGen: 7456K->272K(8192K)] 16912K->9776K(26112K), 0.0003700 secs] [Times: user=0.00 sys=0.00, real=0.00 secs] 
60.064: Total time for which application threads were stopped: 0.0004750 seconds, Stopping threads took: 0.0000460 seconds
60.103: Application time: 0.0389550 seconds
60.103: [GC [PSYoungGen: 7440K->272K(8192K)] 16944K->9840K(26112K), 0.0003890 secs] [Times: user=0.00 sys=0.00, real=0.00 secs] 
60.103: Total time for which application threads were stopped: 0.0004880 seconds, Stopping threads took: 0.0000450 seconds
60.143: Application time: 0.0394720 seconds
60.143: [GC [PSYoungGen: 7440K->256K(8192K)] 17008K->9824K(26112K), 0.0004150 secs] [Times: user=0.00 sys=0.00, real=0.00 secs] 
60.144: Total time for which application threads were stopped: 0.0016090 seconds, Stopping threads took: 0.0000530 seconds
60.182: Application time: 0.0374730 seconds
60.182: [GC [PSYoungGen: 7424K->400K(8192K)] 16992K->9968K(26112K), 0.0004220 secs] [Times: user=0.00 sys=0.00, real=0.00 secs] 
60.182: Total time for which application threads were stopped: 0.0005230 seconds, Stopping threads took: 0.0000460 seconds
60.221: Application time: 0.0390240 seconds
60.221: [GC [PSYoungGen: 7568K->400K(8192K)] 17136K->9968K(26112K), 0.0004580 secs] [Times: user=0.00 sys=0.00, real=0.00 secs] 
60.222: Total time for which application threads were stopped: 0.0005760 seconds, Stopping threads took: 0.0000650 seconds
60.261: Application time: 0.0386060 seconds
60.261: [GC [PSYoungGen: 7568K->496K(8192K)] 17136K->10064K(26112K), 0.0004080 secs] [Times: user=0.00 sys=0.00, real=0.00 secs] 
60.261: Total time for which application threads were stopped: 0.0005100 seconds, Stopping threads took: 0.0000440 seconds
60.300: Application time: 0.0391860 seconds
60.300: [GC [PSYoungGen: 7664K->528K(8192K)] 17232K->10096K(26112K), 0.0004380 secs] [Times: user=0.00 sys=0.00, real=0.00 secs] 
60.301: Total time for which application threads were stopped: 0.0005350 seconds, Stopping threads took: 0.0000420 seconds
60.341: Application time: 0.0398440 seconds
60.341: [GC [PSYoungGen: 7696K->544K(8192K)] 17264K->10112K(26112K), 0.0004260 secs] [Times: user=0.00 sys=0.00, real=0.01 secs] 
60.341: Total time for which application threads were stopped: 0.0005200 seconds, Stopping threads took: 0.0000400 seconds
60.380: Application time: 0.0392990 seconds
60.380: [GC [PSYoungGen: 7712K->464K(8192K)] 17280K->10032K(26112K), 0.0004500 secs] [Times: user=0.01 sys=0.00, real=0.00 secs] 
60.381: Total time for which application threads were stopped: 0.0005530 seconds, Stopping threads took: 0.0000490 seconds
60.420: Application time: 0.0392160 seconds
60.420: [GC [PSYoungGen: 7632K->480K(8192K)] 17200K->10048K(26112K), 0.0004610 secs] [Times: user=0.00 sys=0.00, real=0.00 secs] 
60.421: Total time for which application threads were stopped: 0.0005640 seconds, Stopping threads took: 0.0000500 seconds
60.461: Application time: 0.0398160 seconds
60.461: [GC [PSYoungGen: 7648K->496K(8192K)] 17216K->10064K(26112K), 0.0004690 secs] [Times: user=0.00 sys=0.00, real=0.01 secs] 
60.461: Total time for which application threads were stopped: 0.0005580 seconds, Stopping threads took: 0.0000390 seconds
60.501: Application time: 0.0395070 seconds
60.501: [GC [PSYoungGen: 7664K->496K(8192K)] 17232K->10064K(26112K), 0.0004180 secs] [Times: user=0.00 sys=0.00, real=0.01 secs] 
60.501: Total time for which application threads were stopped: 0.0005240 seconds, Stopping threads took: 0.0000500 seconds
60.540: Application time: 0.0393100 seconds
60.541: [GC [PSYoungGen: 7664K->512K(8192K)] 17232K->10080K(26112K), 0.0004510 secs] [Times: user=0.00 sys=0.00, real=0.01 secs] 
60.541: Total time for which application threads were stopped: 0.0005550 seconds, Stopping threads took: 0.0000380 seconds
60.580: Application time: 0.0391550 seconds
60.580: [GC [PSYoungGen: 7680K->480K(8192K)] 17248K->10048K(26112K), 0.0004750 secs] [Times: user=0.01 sys=0.00, real=0.00 secs] 
60.581: Total time for which application threads were stopped: 0.0005840 seconds, Stopping threads took: 0.0000450 seconds
60.620: Application time: 0.0391920 seconds
60.620: [GC [PSYoungGen: 7648K->528K(8192K)] 17216K->10096K(26112K), 0.0004190 secs] [Times: user=0.00 sys=0.00, real=0.00 secs] 
60.620: Total time for which application threads were stopped: 0.0005280 seconds, Stopping threads took: 0.0000550 seconds
60.660: Application time: 0.0393040 seconds
60.661: [GC [PSYoungGen: 7696K->528K(8192K)] 17264K->10096K(26112K), 0.0004440 secs] [Times: user=0.01 sys=0.00, real=0.00 secs] 
60.662: Total time for which application threads were stopped: 0.0017390 seconds, Stopping threads took: 0.0012420 seconds
60.701: Application time: 0.0395030 seconds
60.701: [GC [PSYoungGen: 7696K->512K(8192K)] 17264K->10128K(26112K), 0.0004520 secs] [Times: user=0.00 sys=0.00, real=0.00 secs] 
60.702: Total time for which application threads were stopped: 0.0005560 seconds, Stopping threads took: 0.0000480 seconds
60.741: Application time: 0.0396630 seconds
60.741: [GC [PSYoungGen: 7680K->464K(8192K)] 17296K->10080K(26112K), 0.0004290 secs] [Times: user=0.01 sys=0.00, real=0.00 secs] 
60.742: Total time for which application threads were stopped: 0.0005250 seconds, Stopping threads took: 0.0000400 seconds
60.781: Application time: 0.0394370 seconds
60.781: [GC [PSYoungGen: 7632K->304K(8192K)] 17248K->10076K(26112K), 0.0004550 secs] [Times: user=0.00 sys=0.00, real=0.00 secs] 
60.782: Total time for which application threads were stopped: 0.0005560 seconds, Stopping threads took: 0.0000490 seconds
60.821: Application time: 0.0392400 seconds
60.821: [GC [PSYoungGen: 7472K->288K(8192K)] 17244K->10108K(26112K), 0.0003630 secs] [Times: user=0.00 sys=0.00, real=0.00 secs] 
60.821: Total time for which application threads were stopped: 0.0004540 seconds, Stopping threads took: 0.0000380 seconds
60.861: Application time: 0.0398100 seconds
60.861: [GC [PSYoungGen: 7456K->272K(8192K)] 17276K->10148K(26112K), 0.0003800 secs] [Times: user=0.00 sys=0.00, real=0.00 secs] 
60.862: Total time for which application threads were stopped: 0.0004790 seconds, Stopping threads took: 0.0000480 seconds
60.901: Application time: 0.0392020 seconds
60.901: [GC [PSYoungGen: 7440K->272K(8192K)] 17316K->10196K(26112K), 0.0004210 secs] [Times: user=0.00 sys=0.00, real=0.00 secs] 
60.902: Total time for which application threads were stopped: 0.0005440 seconds, Stopping threads took: 0.0000580 seconds
60.940: Application time: 0.0382820 seconds
60.940: [GC [PSYoungGen: 7440K->304K(8192K)] 17364K->10228K(26112K), 0.0003860 secs] [Times: user=0.00 sys=0.00, real=0.00 secs] 
60.940: Total time for which application threads were stopped: 0.0004990 seconds, Stopping threads took: 0.0000580 seconds
60.979: Application time: 0.0382030 seconds
60.981: [GC [PSYoungGen: 7472K->416K(8192K)] 17396K->10340K(26112K), 0.0005510 secs] [Times: user=0.00 sys=0.00, real=0.00 secs] 
60.982: Total time for which application threads were stopped: 0.0031420 seconds, Stopping threads took: 0.0025310 seconds
61.021: Application time: 0.0397290 seconds
61.021: [GC [PSYoungGen: 7584K->400K(8192K)] 17508K->10324K(26112K), 0.0004040 secs] [Times: user=0.00 sys=0.00, real=0.00 secs] 
61.022: Total time for which application threads were stopped: 0.0005070 seconds, Stopping threads took: 0.0000510 seconds
61.061: Application time: 0.0390460 seconds
61.061: [GC [PSYoungGen: 7568K->496K(8192K)] 17492K->10420K(26112K), 0.0004070 secs] [Times: user=0.00 sys=0.00, real=0.00 secs] 
61.061: Total time for which application threads were stopped: 0.0005110 seconds, Stopping threads took: 0.0000480 seconds
61.100: Application time: 0.0390110 seconds
61.101: [GC [PSYoungGen: 7664K->480K(8192K)] 17588K->10404K(26112K), 0.0004640 secs] [Times: user=0.00 sys=0.00, real=0.01 secs] 
61.101: Total time for which application threads were stopped: 0.0005810 seconds, Stopping threads took: 0.0000520 seconds
61.140: Application time: 0.0392370 seconds
61.140: [GC [PSYoungGen: 7648K->512K(8192K)] 17572K->10436K(26112K), 0.0004130 secs] [Times: user=0.00 sys=0.00, real=0.00 secs] 
61.141: Total time for which application threads were stopped: 0.0005120 seconds, Stopping threads took: 0.0000480 seconds
61.180: Application time: 0.0392520 seconds
61.180: [GC [PSYoungGen: 7680K->496K(8192K)] 17604K->10420K(26112K), 0.0004170 secs] [Times: user=0.00 sys=0.00, real=0.00 secs] 
61.181: Total time for which application threads were stopped: 0.0005110 seconds, Stopping threads took: 0.0000380 seconds
61.220: Application time: 0.0398770 seconds
61.221: [GC [PSYoungGen: 7664K->464K(8192K)] 17588K->10388K(26112K), 0.0004210 secs] [Times: user=0.00 sys=0.00, real=0.00 secs] 
61.221: Total time for which application threads were stopped: 0.0005130 seconds, Stopping threads took: 0.0000380 seconds
61.261: Application time: 0.0395920 seconds
61.261: [GC [PSYoungGen: 7632K->512K(8192K)] 17556K->10436K(26112K), 0.0004370 secs] [Times: user=0.00 sys=0.00, real=0.01 secs] 
61.261: Total time for which application threads were stopped: 0.0005430 seconds, Stopping threads took: 0.0000520 seconds
61.301: Application time: 0.0395630 seconds
61.301: [GC [PSYoungGen: 7680K->512K(8192K)] 17604K->10436K(26112K), 0.0004270 secs] [Times: user=0.00 sys=0.00, real=0.01 secs] 
61.301: Total time for which application threads were stopped: 0.0005290 seconds, Stopping threads took: 0.0000460 seconds
61.340: Application time: 0.0391540 seconds
61.340: [GC [PSYoungGen: 7680K->544K(8192K)] 17604K->10468K(26112K), 0.0004360 secs] [Times: user=0.00 sys=0.00, real=0.00 secs] 
61.341: Total time for which application threads were stopped: 0.0005290 seconds, Stopping threads took: 0.0000380 seconds
61.380: Application time: 0.0395220 seconds
61.380: [GC [PSYoungGen: 7712K->496K(8192K)] 17636K->10420K(26112K), 0.0004280 secs] [Times: user=0.00 sys=0.00, real=0.00 secs] 
61.381: Total time for which application threads were stopped: 0.0005290 seconds, Stopping threads took: 0.0000470 seconds
61.421: Application time: 0.0396520 seconds
61.421: [GC [PSYoungGen: 7664K->512K(8192K)] 17588K->10436K(26112K), 0.0004590 secs] [Times: user=0.00 sys=0.00, real=0.01 secs] 
61.421: Total time for which application threads were stopped: 0.0005570 seconds, Stopping threads took: 0.0000440 seconds
61.460: Application time: 0.0391730 seconds
61.460: [GC [PSYoungGen: 7680K->528K(8192K)] 17604K->10452K(26112K), 0.0004720 secs] [Times: user=0.00 sys=0.00, real=0.00 secs] 
61.461: Total time for which application threads were stopped: 0.0005670 seconds, Stopping threads took: 0.0000430 seconds
61.500: Application time: 0.0394210 seconds
61.500: [GC [PSYoungGen: 7696K->432K(8192K)] 17620K->10396K(26112K), 0.0004080 secs] [Times: user=0.00 sys=0.00, real=0.00 secs] 
61.501: Total time for which application threads were stopped: 0.0004990 seconds, Stopping threads took: 0.0000380 seconds
61.540: Application time: 0.0392360 seconds
61.540: [GC [PSYoungGen: 7600K->400K(8192K)] 17564K->10460K(26112K), 0.0004300 secs] [Times: user=0.01 sys=0.00, real=0.00 secs] 
61.541: Total time for which application threads were stopped: 0.0005270 seconds, Stopping threads took: 0.0000450 seconds
61.580: Application time: 0.0394130 seconds
61.580: [GC [PSYoungGen: 7568K->304K(8192K)] 17628K->10476K(26112K), 0.0004080 secs] [Times: user=0.00 sys=0.00, real=0.00 secs] 
61.580: Total time for which application threads were stopped: 0.0005010 seconds, Stopping threads took: 0.0000430 seconds
61.620: Application time: 0.0397480 seconds
61.620: [GC [PSYoungGen: 7472K->288K(8192K)] 17644K->10460K(26112K), 0.0003700 secs] [Times: user=0.00 sys=0.00, real=0.00 secs] 
61.621: Total time for which application threads were stopped: 0.0004780 seconds, Stopping threads took: 0.0000460 seconds
61.660: Application time: 0.0393780 seconds
61.660: [GC [PSYoungGen: 7456K->272K(8192K)] 17628K->10504K(26112K), 0.0003900 secs] [Times: user=0.00 sys=0.00, real=0.00 secs] 
61.661: Total time for which application threads were stopped: 0.0004890 seconds, Stopping threads took: 0.0000480 seconds
61.699: Application time: 0.0388310 seconds
61.700: [GC [PSYoungGen: 7440K->272K(8192K)] 17672K->10552K(26112K), 0.0003710 secs] [Times: user=0.00 sys=0.00, real=0.00 secs] 
61.700: Total time for which application threads were stopped: 0.0004710 seconds, Stopping threads took: 0.0000460 seconds
61.738: Application time: 0.0380760 seconds
61.738: [GC [PSYoungGen: 7440K->368K(8192K)] 17720K->10648K(26112K), 0.0003800 secs] [Times: user=0.01 sys=0.00, real=0.00 secs] 
61.738: Total time for which application threads were stopped: 0.0004850 seconds, Stopping threads took: 0.0000510 seconds
61.776: Application time: 0.0379060 seconds
61.776: [GC [PSYoungGen: 7536K->448K(8192K)] 17816K->10728K(26112K), 0.0004530 secs] [Times: user=0.00 sys=0.00, real=0.00 secs] 
61.777: Total time for which application threads were stopped: 0.0005450 seconds, Stopping threads took: 0.0000410 seconds
61.817: Application time: 0.0396220 seconds
61.817: [GC [PSYoungGen: 7616K->400K(8192K)] 17896K->10680K(26112K), 0.0004440 secs] [Times: user=0.00 sys=0.00, real=0.00 secs] 
61.817: Total time for which application threads were stopped: 0.0005390 seconds, Stopping threads took: 0.0000410 seconds
61.855: Application time: 0.0381510 seconds
61.855: [GC [PSYoungGen: 7568K->496K(8192K)] 17848K->10776K(26112K), 0.0004700 secs] [Times: user=0.00 sys=0.00, real=0.00 secs] 
61.856: Total time for which application threads were stopped: 0.0005700 seconds, Stopping threads took: 0.0000470 seconds
61.895: Application time: 0.0394790 seconds
61.895: [GC [PSYoungGen: 7664K->480K(8192K)] 17944K->10760K(26112K), 0.0004180 secs] [Times: user=0.00 sys=0.00, real=0.00 secs] 
61.896: Total time for which application threads were stopped: 0.0005080 seconds, Stopping threads took: 0.0000400 seconds
61.935: Application time: 0.0394800 seconds
61.935: [GC [PSYoungGen: 7648K->512K(8192K)] 17928K->10792K(26112K), 0.0004990 secs] [Times: user=0.01 sys=0.00, real=0.00 secs] 
61.936: Total time for which application threads were stopped: 0.0006140 seconds, Stopping threads took: 0.0000530 seconds
61.975: Application time: 0.0391200 seconds
61.975: [GC [PSYoungGen: 7680K->528K(8192K)] 17960K->10808K(26112K), 0.0004620 secs] [Times: user=0.00 sys=0.00, real=0.00 secs] 
61.976: Total time for which application threads were stopped: 0.0005530 seconds, Stopping threads took: 0.0000380 seconds
62.015: Application time: 0.0396630 seconds
62.015: [GC [PSYoungGen: 7696K->512K(8192K)] 17976K->10792K(26112K), 0.0004140 secs] [Times: user=0.00 sys=0.00, real=0.00 secs] 
62.016: Total time for which application threads were stopped: 0.0005080 seconds, Stopping threads took: 0.0000420 seconds
62.056: Application time: 0.0397930 seconds
62.056: [GC [PSYoungGen: 7680K->496K(8192K)] 17960K->10776K(26112K), 0.0004480 secs] [Times: user=0.00 sys=0.00, real=0.00 secs] 
62.056: Total time for which application threads were stopped: 0.0005490 seconds, Stopping threads took: 0.0000470 seconds
62.095: Application time: 0.0391880 seconds
62.095: [GC [PSYoungGen: 7664K->512K(8192K)] 17944K->10792K(26112K), 0.0004640 secs] [Times: user=0.00 sys=0.00, real=0.00 secs] 
62.096: Total time for which application threads were stopped: 0.0005610 seconds, Stopping threads took: 0.0000440 seconds
62.135: Application time: 0.0390330 seconds
62.135: [GC [PSYoungGen: 7680K->528K(8192K)] 17960K->10808K(26112K), 0.0004690 secs] [Times: user=0.00 sys=0.00, real=0.00 secs] 
62.135: Total time for which application threads were stopped: 0.0005740 seconds, Stopping threads took: 0.0000380 seconds
62.175: Application time: 0.0393920 seconds
62.175: [GC [PSYoungGen: 7696K->544K(8192K)] 17976K->10824K(26112K), 0.0004190 secs] [Times: user=0.00 sys=0.00, real=0.00 secs] 
62.175: Total time for which application threads were stopped: 0.0005180 seconds, Stopping threads took: 0.0000460 seconds
62.214: Application time: 0.0390480 seconds
62.217: [GC [PSYoungGen: 7712K->480K(8192K)] 17992K->10760K(26112K), 0.0004550 secs] [Times: user=0.01 sys=0.00, real=0.00 secs] 
62.218: Total time for which application threads were stopped: 0.0031510 seconds, Stopping threads took: 0.0026430 seconds
62.257: Application time: 0.0391770 seconds
62.257: [GC [PSYoungGen: 7648K->496K(8192K)] 17928K->10776K(26112K), 0.0004300 secs] [Times: user=0.00 sys=0.00, real=0.00 secs] 
62.257: Total time for which application threads were stopped: 0.0005380 seconds, Stopping threads took: 0.0000550 seconds
62.297: Application time: 0.0396670 seconds
62.297: [GC [PSYoungGen: 7664K->496K(8192K)] 17944K->10824K(26112K), 0.0004240 secs] [Times: user=0.01 sys=0.00, real=0.00 secs] 
62.297: Total time for which application threads were stopped: 0.0005200 seconds, Stopping threads took: 0.0000400 seconds
62.337: Application time: 0.0395130 seconds
62.337: [GC [PSYoungGen: 7664K->416K(8192K)] 17992K->10840K(26112K), 0.0004600 secs] [Times: user=0.01 sys=0.00, real=0.00 secs] 
62.338: Total time for which application threads were stopped: 0.0005540 seconds, Stopping threads took: 0.0000420 seconds
62.377: Application time: 0.0393030 seconds
62.377: [GC [PSYoungGen: 7584K->288K(8192K)] 18008K->10832K(26112K), 0.0004090 secs] [Times: user=0.00 sys=0.00, real=0.00 secs] 
62.377: Total time for which application threads were stopped: 0.0005090 seconds, Stopping threads took: 0.0000460 seconds
62.417: Application time: 0.0392030 seconds
62.421: [GC [PSYoungGen: 7456K->288K(8192K)] 18000K->10832K(26112K), 0.0004300 secs] [Times: user=0.00 sys=0.00, real=0.00 secs] 
62.422: Total time for which application threads were stopped: 0.0049880 seconds, Stopping threads took: 0.0045040 seconds
62.462: Application time: 0.0402750 seconds
62.462: [GC [PSYoungGen: 7456K->256K(8192K)] 18000K->10896K(26112K), 0.0003760 secs] [Times: user=0.01 sys=0.00, real=0.00 secs] 
62.462: Total time for which application threads were stopped: 0.0004650 seconds, Stopping threads took: 0.0000360 seconds
62.501: Application time: 0.0390560 seconds
62.501: [GC [PSYoungGen: 7424K->256K(8192K)] 18064K->10896K(26112K), 0.0003880 secs] [Times: user=0.00 sys=0.00, real=0.00 secs] 
62.502: Total time for which application threads were stopped: 0.0004850 seconds, Stopping threads took: 0.0000430 seconds
62.539: Application time: 0.0373570 seconds
62.539: [GC [PSYoungGen: 7424K->416K(8192K)] 18064K->11056K(26112K), 0.0004080 secs] [Times: user=0.00 sys=0.00, real=0.00 secs] 
62.540: Total time for which application threads were stopped: 0.0005080 seconds, Stopping threads took: 0.0000450 seconds
62.579: Application time: 0.0388670 seconds
62.579: [GC [PSYoungGen: 7584K->432K(8192K)] 18224K->11073K(26112K), 0.0004630 secs] [Times: user=0.00 sys=0.00, real=0.00 secs] 
62.579: Total time for which application threads were stopped: 0.0005610 seconds, Stopping threads took: 0.0000450 seconds
62.618: Application time: 0.0389980 seconds
62.618: [GC [PSYoungGen: 7600K->464K(8192K)] 18241K->11104K(26112K), 0.0005180 secs] [Times: user=0.01 sys=0.00, real=0.00 secs] 
62.619: Total time for which application threads were stopped: 0.0006140 seconds, Stopping threads took: 0.0000440 seconds
62.658: Application time: 0.0392410 seconds
62.658: [GC [PSYoungGen: 7632K->528K(8192K)] 18272K->11168K(26112K), 0.0004280 secs] [Times: user=0.00 sys=0.00, real=0.00 secs] 
62.659: Total time for which application threads were stopped: 0.0005290 seconds, Stopping threads took: 0.0000400 seconds
62.698: Application time: 0.0393620 seconds
62.698: [GC [PSYoungGen: 7696K->512K(8192K)] 18336K->11152K(26112K), 0.0004200 secs] [Times: user=0.01 sys=0.00, real=0.00 secs] 
62.698: Total time for which application threads were stopped: 0.0005280 seconds, Stopping threads took: 0.0000560 seconds
62.738: Application time: 0.0395400 seconds
62.738: [GC [PSYoungGen: 7680K->496K(8192K)] 18320K->11136K(26112K), 0.0004100 secs] [Times: user=0.00 sys=0.00, real=0.00 secs] 
62.738: Total time for which application threads were stopped: 0.0005200 seconds, Stopping threads took: 0.0000490 seconds
62.778: Application time: 0.0393450 seconds
62.778: [GC [PSYoungGen: 7664K->512K(8192K)] 18304K->11152K(26112K), 0.0004600 secs] [Times: user=0.00 sys=0.00, real=0.00 secs] 
62.778: Total time for which application threads were stopped: 0.0005530 seconds, Stopping threads took: 0.0000400 seconds
62.818: Application time: 0.0392620 seconds
62.818: [GC [PSYoungGen: 7680K->528K(8192K)] 18320K->11168K(26112K), 0.0004810 secs] [Times: user=0.00 sys=0.00, real=0.00 secs] 
62.818: Total time for which application threads were stopped: 0.0005750 seconds, Stopping threads took: 0.0000370 seconds
62.857: Application time: 0.0392350 seconds
62.858: [GC [PSYoungGen: 7696K->544K(8192K)] 18336K->11184K(26112K), 0.0004580 secs] [Times: user=0.00 sys=0.00, real=0.00 secs] 
62.858: Total time for which application threads were stopped: 0.0005570 seconds, Stopping threads took: 0.0000440 seconds
62.897: Application time: 0.0394460 seconds
62.899: [GC [PSYoungGen: 7712K->496K(8192K)] 18352K->11136K(26112K), 0.0004940 secs] [Times: user=0.00 sys=0.00, real=0.00 secs] 
62.899: Total time for which application threads were stopped: 0.0019140 seconds, Stopping threads took: 0.0013400 seconds
62.938: Application time: 0.0390660 seconds
62.939: [GC [PSYoungGen: 7664K->496K(8192K)] 18304K->11136K(26112K), 0.0004690 secs] [Times: user=0.00 sys=0.00, real=0.00 secs] 
62.939: Total time for which application threads were stopped: 0.0005770 seconds, Stopping threads took: 0.0000530 seconds
62.978: Application time: 0.0392020 seconds
62.978: [GC [PSYoungGen: 7664K->512K(8192K)] 18304K->11152K(26112K), 0.0004680 secs] [Times: user=0.01 sys=0.00, real=0.00 secs] 
62.979: Total time for which application threads were stopped: 0.0005620 seconds, Stopping threads took: 0.0000430 seconds
63.018: Application time: 0.0395730 seconds
63.018: [GC [PSYoungGen: 7680K->544K(8192K)] 18320K->11184K(26112K), 0.0004060 secs] [Times: user=0.00 sys=0.00, real=0.00 secs] 
63.019: Total time for which application threads were stopped: 0.0005220 seconds, Stopping threads took: 0.0000640 seconds
63.058: Application time: 0.0392540 seconds
63.058: [GC [PSYoungGen: 7712K->496K(8192K)] 18352K->11137K(26112K), 0.0004480 secs] [Times: user=0.00 sys=0.00, real=0.00 secs] 
63.059: Total time for which application threads were stopped: 0.0005420 seconds, Stopping threads took: 0.0000390 seconds
63.098: Application time: 0.0394840 seconds
63.098: [GC [PSYoungGen: 7664K->480K(8192K)] 18305K->11177K(26112K), 0.0004160 secs] [Times: user=0.00 sys=0.00, real=0.00 secs] 
63.099: Total time for which application threads were stopped: 0.0005120 seconds, Stopping threads took: 0.0000430 seconds
63.138: Application time: 0.0393030 seconds
63.138: [GC [PSYoungGen: 7648K->320K(8192K)] 18345K->11165K(26112K), 0.0004170 secs] [Times: user=0.00 sys=0.00, real=0.00 secs] 
63.138: Total time for which application threads were stopped: 0.0005100 seconds, Stopping threads took: 0.0000420 seconds
63.178: Application time: 0.0392020 seconds
63.178: [GC [PSYoungGen: 7488K->288K(8192K)] 18333K->11181K(26112K), 0.0003850 secs] [Times: user=0.00 sys=0.00, real=0.00 secs] 
63.178: Total time for which application threads were stopped: 0.0004830 seconds, Stopping threads took: 0.0000360 seconds
63.218: Application time: 0.0395820 seconds
63.218: [GC [PSYoungGen: 7456K->272K(8192K)] 18349K->11213K(26112K), 0.0004140 secs] [Times: user=0.01 sys=0.00, real=0.00 secs] 
63.218: Total time for which application threads were stopped: 0.0005140 seconds, Stopping threads took: 0.0000470 seconds
63.258: Application time: 0.0393080 seconds
63.258: [GC [PSYoungGen: 7440K->272K(8192K)] 18381K->11273K(26112K), 0.0004210 secs] [Times: user=0.00 sys=0.00, real=0.00 secs] 
63.258: Total time for which application threads were stopped: 0.0005140 seconds, Stopping threads took: 0.0000390 seconds
63.297: Application time: 0.0389370 seconds
63.297: [GC [PSYoungGen: 7440K->288K(8192K)] 18441K->11289K(26112K), 0.0003670 secs] [Times: user=0.00 sys=0.00, real=0.00 secs] 
63.298: Total time for which application threads were stopped: 0.0004680 seconds, Stopping threads took: 0.0000400 seconds
63.334: Application time: 0.0369180 seconds
63.335: [GC [PSYoungGen: 7456K->416K(8192K)] 18457K->11417K(26112K), 0.0003890 secs] [Times: user=0.00 sys=0.00, real=0.00 secs] 
63.335: Total time for which application threads were stopped: 0.0004860 seconds, Stopping threads took: 0.0000420 seconds
63.375: Application time: 0.0397790 seconds
63.375: [GC [PSYoungGen: 7584K->416K(8192K)] 18585K->11417K(26112K), 0.0004170 secs] [Times: user=0.01 sys=0.00, real=0.00 secs] 
63.375: Total time for which application threads were stopped: 0.0005190 seconds, Stopping threads took: 0.0000470 seconds
63.414: Application time: 0.0383870 seconds
63.414: [GC [PSYoungGen: 7584K->496K(8192K)] 18585K->11497K(26112K), 0.0004180 secs] [Times: user=0.00 sys=0.00, real=0.00 secs] 
63.414: Total time for which application threads were stopped: 0.0005130 seconds, Stopping threads took: 0.0000400 seconds
63.453: Application time: 0.0393690 seconds
63.454: [GC [PSYoungGen: 7664K->512K(8192K)] 18665K->11513K(26112K), 0.0004740 secs] [Times: user=0.00 sys=0.00, real=0.00 secs] 
63.454: Total time for which application threads were stopped: 0.0005700 seconds, Stopping threads took: 0.0000380 seconds
63.494: Application time: 0.0395150 seconds
63.494: [GC [PSYoungGen: 7680K->496K(8192K)] 18681K->11497K(26112K), 0.0004390 secs] [Times: user=0.00 sys=0.00, real=0.00 secs] 
63.494: Total time for which application threads were stopped: 0.0005310 seconds, Stopping threads took: 0.0000410 seconds
63.534: Application time: 0.0398480 seconds
63.537: [GC [PSYoungGen: 7664K->448K(8192K)] 18665K->11449K(26112K), 0.0004650 secs] [Times: user=0.00 sys=0.00, real=0.00 secs] 
63.538: Total time for which application threads were stopped: 0.0035990 seconds, Stopping threads took: 0.0030820 seconds
63.577: Application time: 0.0392470 seconds
63.577: [GC [PSYoungGen: 7616K->512K(8192K)] 18617K->11513K(26112K), 0.0004730 secs] [Times: user=0.00 sys=0.00, real=0.00 secs] 
63.577: Total time for which application threads were stopped: 0.0005750 seconds, Stopping threads took: 0.0000490 seconds
63.617: Application time: 0.0393310 seconds
63.617: [GC [PSYoungGen: 7680K->560K(8192K)] 18681K->11561K(26112K), 0.0004360 secs] [Times: user=0.00 sys=0.00, real=0.00 secs] 
63.617: Total time for which application threads were stopped: 0.0005350 seconds, Stopping threads took: 0.0000460 seconds
63.657: Application time: 0.0393600 seconds
63.657: [GC [PSYoungGen: 7728K->576K(8192K)] 18729K->11577K(26112K), 0.0004780 secs] [Times: user=0.00 sys=0.00, real=0.00 secs] 
63.657: Total time for which application threads were stopped: 0.0005760 seconds, Stopping threads took: 0.0000420 seconds
63.696: Application time: 0.0392140 seconds
63.697: [GC [PSYoungGen: 7744K->496K(8192K)] 18745K->11497K(26112K), 0.0004280 secs] [Times: user=0.00 sys=0.00, real=0.00 secs] 
63.697: Total time for which application threads were stopped: 0.0005450 seconds, Stopping threads took: 0.0000530 seconds
63.736: Application time: 0.0391610 seconds
63.736: [GC [PSYoungGen: 7664K->464K(8192K)] 18665K->11465K(26112K), 0.0004170 secs] [Times: user=0.01 sys=0.00, real=0.00 secs] 
63.737: Total time for which application threads were stopped: 0.0005330 seconds, Stopping threads took: 0.0000600 seconds
63.776: Application time: 0.0396170 seconds
63.776: [GC [PSYoungGen: 7632K->512K(8192K)] 18633K->11513K(26112K), 0.0004600 secs] [Times: user=0.01 sys=0.00, real=0.00 secs] 
63.777: Total time for which application threads were stopped: 0.0005580 seconds, Stopping threads took: 0.0000460 seconds
63.816: Application time: 0.0391830 seconds
63.816: [GC [PSYoungGen: 7680K->528K(8192K)] 18681K->11529K(26112K), 0.0004270 secs] [Times: user=0.00 sys=0.00, real=0.00 secs] 
63.817: Total time for which application threads were stopped: 0.0005260 seconds, Stopping threads took: 0.0000460 seconds
63.856: Application time: 0.0392560 seconds
63.856: [GC [PSYoungGen: 7696K->464K(8192K)] 18697K->11505K(26112K), 0.0004790 secs] [Times: user=0.00 sys=0.00, real=0.00 secs] 
63.856: Total time for which application threads were stopped: 0.0005700 seconds, Stopping threads took: 0.0000390 seconds
63.896: Application time: 0.0396280 seconds
63.896: [GC [PSYoungGen: 7632K->432K(8192K)] 18673K->11529K(26112K), 0.0004590 secs] [Times: user=0.01 sys=0.00, real=0.00 secs] 
63.897: Total time for which application threads were stopped: 0.0005550 seconds, Stopping threads took: 0.0000430 seconds
63.936: Application time: 0.0398780 seconds
63.937: [GC [PSYoungGen: 7600K->288K(8192K)] 18697K->11541K(26112K), 0.0004990 secs] [Times: user=0.01 sys=0.00, real=0.00 secs] 
63.937: Total time for which application threads were stopped: 0.0006210 seconds, Stopping threads took: 0.0000590 seconds
63.976: Application time: 0.0393830 seconds
63.977: [GC [PSYoungGen: 7456K->288K(8192K)] 18709K->11541K(26112K), 0.0003750 secs] [Times: user=0.00 sys=0.00, real=0.00 secs] 
63.977: Total time for which application threads were stopped: 0.0004750 seconds, Stopping threads took: 0.0000470 seconds
64.016: Application time: 0.0393090 seconds
64.016: [GC [PSYoungGen: 7456K->272K(8192K)] 18709K->11613K(26112K), 0.0004130 secs] [Times: user=0.00 sys=0.00, real=0.00 secs] 
64.017: Total time for which application threads were stopped: 0.0005040 seconds, Stopping threads took: 0.0000400 seconds
64.056: Application time: 0.0390590 seconds
64.056: [GC [PSYoungGen: 7440K->272K(8192K)] 18781K->11629K(26112K), 0.0003690 secs] [Times: user=0.00 sys=0.00, real=0.00 secs] 
64.056: Total time for which application threads were stopped: 0.0004630 seconds, Stopping threads took: 0.0000410 seconds
64.097: Application time: 0.0408480 seconds
64.097: [GC [PSYoungGen: 7440K->288K(8192K)] 18797K->11645K(26112K), 0.0004420 secs] [Times: user=0.00 sys=0.00, real=0.00 secs] 
64.098: Total time for which application threads were stopped: 0.0005410 seconds, Stopping threads took: 0.0000460 seconds
64.135: Application time: 0.0375470 seconds
64.135: [GC [PSYoungGen: 7456K->416K(8192K)] 18813K->11773K(26112K), 0.0004600 secs] [Times: user=0.00 sys=0.00, real=0.00 secs] 
64.136: Total time for which application threads were stopped: 0.0005630 seconds, Stopping threads took: 0.0000390 seconds
64.175: Application time: 0.0393050 seconds
64.175: [GC [PSYoungGen: 7584K->432K(8192K)] 18941K->11789K(26112K), 0.0004070 secs] [Times: user=0.00 sys=0.00, real=0.00 secs] 
64.176: Total time for which application threads were stopped: 0.0004990 seconds, Stopping threads took: 0.0000380 seconds
64.215: Application time: 0.0389910 seconds
64.215: [GC [PSYoungGen: 7600K->464K(8192K)] 18957K->11821K(26112K), 0.0005090 secs] [Times: user=0.00 sys=0.00, real=0.00 secs] 
64.215: Total time for which application threads were stopped: 0.0006140 seconds, Stopping threads took: 0.0000420 seconds
64.255: Application time: 0.0394520 seconds
64.255: [GC [PSYoungGen: 7632K->512K(8192K)] 18989K->11869K(26112K), 0.0004490 secs] [Times: user=0.00 sys=0.00, real=0.00 secs] 
64.255: Total time for which application threads were stopped: 0.0005440 seconds, Stopping threads took: 0.0000430 seconds
64.295: Application time: 0.0396030 seconds
64.295: [GC [PSYoungGen: 7680K->544K(8192K)] 19037K->11901K(26112K), 0.0004640 secs] [Times: user=0.00 sys=0.00, real=0.00 secs] 
64.295: Total time for which application threads were stopped: 0.0005600 seconds, Stopping threads took: 0.0000440 seconds
64.335: Application time: 0.0397660 seconds
64.335: [GC [PSYoungGen: 7712K->480K(8192K)] 19069K->11837K(26112K), 0.0004290 secs] [Times: user=0.00 sys=0.00, real=0.00 secs] 
64.336: Total time for which application threads were stopped: 0.0005350 seconds, Stopping threads took: 0.0000540 seconds
64.375: Application time: 0.0392560 seconds
64.375: [GC [PSYoungGen: 7648K->512K(8192K)] 19005K->11869K(26112K), 0.0004210 secs] [Times: user=0.00 sys=0.00, real=0.00 secs] 
64.375: Total time for which application threads were stopped: 0.0005160 seconds, Stopping threads took: 0.0000420 seconds
64.415: Application time: 0.0393490 seconds
64.415: [GC [PSYoungGen: 7680K->480K(8192K)] 19037K->11837K(26112K), 0.0004330 secs] [Times: user=0.00 sys=0.00, real=0.00 secs] 
64.415: Total time for which application threads were stopped: 0.0005510 seconds, Stopping threads took: 0.0000650 seconds
64.455: Application time: 0.0392370 seconds
64.455: [GC [PSYoungGen: 7648K->528K(8192K)] 19005K->11885K(26112K), 0.0004200 secs] [Times: user=0.00 sys=0.00, real=0.00 secs] 
64.455: Total time for which application threads were stopped: 0.0005160 seconds, Stopping threads took: 0.0000420 seconds
64.495: Application time: 0.0397770 seconds
64.495: [GC [PSYoungGen: 7696K->464K(8192K)] 19053K->11821K(26112K), 0.0004410 secs] [Times: user=0.00 sys=0.00, real=0.00 secs] 
64.495: Total time for which application threads were stopped: 0.0005380 seconds, Stopping threads took: 0.0000400 seconds
64.535: Application time: 0.0391680 seconds
64.535: [GC [PSYoungGen: 7632K->528K(8192K)] 18989K->11885K(26112K), 0.0004290 secs] [Times: user=0.01 sys=0.00, real=0.00 secs] 
64.535: Total time for which application threads were stopped: 0.0005240 seconds, Stopping threads took: 0.0000420 seconds
64.574: Application time: 0.0393320 seconds
64.574: [GC [PSYoungGen: 7696K->496K(8192K)] 19053K->11853K(26112K), 0.0004280 secs] [Times: user=0.00 sys=0.00, real=0.00 secs] 
64.575: Total time for which application threads were stopped: 0.0005250 seconds, Stopping threads took: 0.0000410 seconds
64.614: Application time: 0.0393000 seconds
64.614: [GC [PSYoungGen: 7664K->496K(8192K)] 19021K->11853K(26112K), 0.0004310 secs] [Times: user=0.00 sys=0.00, real=0.00 secs] 
64.615: Total time for which application threads were stopped: 0.0005240 seconds, Stopping threads took: 0.0000410 seconds
64.654: Application time: 0.0395480 seconds
64.654: [GC [PSYoungGen: 7664K->480K(8192K)] 19021K->11885K(26112K), 0.0004570 secs] [Times: user=0.00 sys=0.00, real=0.00 secs] 
64.655: Total time for which application threads were stopped: 0.0005560 seconds, Stopping threads took: 0.0000450 seconds
64.694: Application time: 0.0392730 seconds
64.694: [GC [PSYoungGen: 7648K->448K(8192K)] 19053K->11901K(26112K), 0.0004550 secs] [Times: user=0.00 sys=0.00, real=0.00 secs] 
64.695: Total time for which application threads were stopped: 0.0005480 seconds, Stopping threads took: 0.0000430 seconds
64.734: Application time: 0.0394940 seconds
64.734: [GC [PSYoungGen: 7616K->288K(8192K)] 19069K->11885K(26112K), 0.0004080 secs] [Times: user=0.00 sys=0.00, real=0.00 secs] 
64.735: Total time for which application threads were stopped: 0.0005210 seconds, Stopping threads took: 0.0000460 seconds
64.774: Application time: 0.0393250 seconds
64.774: [GC [PSYoungGen: 7456K->288K(8192K)] 19053K->11885K(26112K), 0.0004170 secs] [Times: user=0.00 sys=0.00, real=0.00 secs] 
64.775: Total time for which application threads were stopped: 0.0005300 seconds, Stopping threads took: 0.0000600 seconds
64.814: Application time: 0.0392300 seconds
64.814: [GC [PSYoungGen: 7456K->256K(8192K)] 19053K->11949K(26112K), 0.0003720 secs] [Times: user=0.00 sys=0.00, real=0.00 secs] 
64.814: Total time for which application threads were stopped: 0.0004720 seconds, Stopping threads took: 0.0000480 seconds
64.853: Application time: 0.0391560 seconds
64.854: [GC [PSYoungGen: 7424K->272K(8192K)] 19117K->11965K(26112K), 0.0003690 secs] [Times: user=0.00 sys=0.00, real=0.00 secs] 
64.854: Total time for which application threads were stopped: 0.0004640 seconds, Stopping threads took: 0.0000420 seconds
64.891: Application time: 0.0369130 seconds
64.891: [GC [PSYoungGen: 7437K->400K(8192K)] 19130K->12093K(26112K), 0.0003950 secs] [Times: user=0.00 sys=0.00, real=0.00 secs] 
64.891: Total time for which application threads were stopped: 0.0004960 seconds, Stopping threads took: 0.0000470 seconds
64.931: Application time: 0.0393500 seconds
64.931: [GC [PSYoungGen: 7568K->400K(8192K)] 19261K->12093K(26112K), 0.0004570 secs] [Times: user=0.00 sys=0.00, real=0.00 secs] 
64.931: Total time for which application threads were stopped: 0.0005770 seconds, Stopping threads took: 0.0000590 seconds
64.970: Application time: 0.0388110 seconds
64.970: [GC [PSYoungGen: 7568K->480K(8192K)] 19261K->12173K(26112K), 0.0004730 secs] [Times: user=0.00 sys=0.00, real=0.00 secs] 
64.971: Total time for which application threads were stopped: 0.0005730 seconds, Stopping threads took: 0.0000440 seconds
65.010: Application time: 0.0390060 seconds
65.010: [GC [PSYoungGen: 7648K->512K(8192K)] 19341K->12205K(26112K), 0.0004320 secs] [Times: user=0.00 sys=0.00, real=0.00 secs] 
65.010: Total time for which application threads were stopped: 0.0005360 seconds, Stopping threads took: 0.0000500 seconds
65.050: Application time: 0.0393250 seconds
65.050: [GC [PSYoungGen: 7680K->512K(8192K)] 19373K->12205K(26112K), 0.0004170 secs] [Times: user=0.00 sys=0.00, real=0.00 secs] 
65.050: Total time for which application threads were stopped: 0.0005120 seconds, Stopping threads took: 0.0000420 seconds
65.090: Application time: 0.0398390 seconds
65.090: [GC [PSYoungGen: 7680K->512K(8192K)] 19373K->12205K(26112K), 0.0004690 secs] [Times: user=0.00 sys=0.00, real=0.00 secs] 
65.090: Total time for which application threads were stopped: 0.0005580 seconds, Stopping threads took: 0.0000380 seconds
65.130: Application time: 0.0396270 seconds
65.130: [GC [PSYoungGen: 7680K->512K(8192K)] 19373K->12205K(26112K), 0.0004250 secs] [Times: user=0.00 sys=0.00, real=0.00 secs] 
65.131: Total time for which application threads were stopped: 0.0005130 seconds, Stopping threads took: 0.0000360 seconds
65.170: Application time: 0.0392370 seconds
65.170: [GC [PSYoungGen: 7680K->528K(8192K)] 19373K->12221K(26112K), 0.0004390 secs] [Times: user=0.00 sys=0.00, real=0.00 secs] 
65.171: Total time for which application threads were stopped: 0.0016060 seconds, Stopping threads took: 0.0000390 seconds
65.211: Application time: 0.0392790 seconds
65.211: [GC [PSYoungGen: 7696K->512K(8192K)] 19389K->12205K(26112K), 0.0004470 secs] [Times: user=0.01 sys=0.00, real=0.00 secs] 
65.211: Total time for which application threads were stopped: 0.0005730 seconds, Stopping threads took: 0.0000710 seconds
65.250: Application time: 0.0391870 seconds
65.251: [GC [PSYoungGen: 7680K->544K(8192K)] 19373K->12237K(26112K), 0.0004810 secs] [Times: user=0.00 sys=0.00, real=0.00 secs] 
65.251: Total time for which application threads were stopped: 0.0005990 seconds, Stopping threads took: 0.0000510 seconds
65.290: Application time: 0.0390640 seconds
65.290: [GC [PSYoungGen: 7712K->464K(8192K)] 19405K->12157K(26112K), 0.0004310 secs] [Times: user=0.01 sys=0.00, real=0.00 secs] 
65.291: Total time for which application threads were stopped: 0.0005280 seconds, Stopping threads took: 0.0000430 seconds
65.331: Application time: 0.0404250 seconds
65.331: [GC [PSYoungGen: 7632K->496K(8192K)] 19325K->12189K(26112K), 0.0004330 secs] [Times: user=0.00 sys=0.00, real=0.00 secs] 
65.332: Total time for which application threads were stopped: 0.0005400 seconds, Stopping threads took: 0.0000540 seconds
65.371: Application time: 0.0392680 seconds
65.371: [GC [PSYoungGen: 7664K->528K(8192K)] 19357K->12221K(26112K), 0.0004320 secs] [Times: user=0.00 sys=0.00, real=0.00 secs] 
65.371: Total time for which application threads were stopped: 0.0005250 seconds, Stopping threads took: 0.0000390 seconds
65.411: Application time: 0.0392800 seconds
65.411: [GC [PSYoungGen: 7696K->496K(8192K)] 19389K->12205K(26112K), 0.0004980 secs] [Times: user=0.00 sys=0.00, real=0.00 secs] 
65.411: Total time for which application threads were stopped: 0.0005980 seconds, Stopping threads took: 0.0000460 seconds
65.451: Application time: 0.0393120 seconds
65.451: [GC [PSYoungGen: 7664K->432K(8192K)] 19373K->12177K(26112K), 0.0004600 secs] [Times: user=0.00 sys=0.00, real=0.00 secs] 
65.451: Total time for which application threads were stopped: 0.0005570 seconds, Stopping threads took: 0.0000450 seconds
65.492: Application time: 0.0403470 seconds
65.492: [GC [PSYoungGen: 7600K->352K(8192K)] 19345K->12241K(26112K), 0.0004630 secs] [Times: user=0.00 sys=0.00, real=0.00 secs] 
65.492: Total time for which application threads were stopped: 0.0005700 seconds, Stopping threads took: 0.0000490 seconds
65.531: Application time: 0.0393560 seconds
65.532: [GC [PSYoungGen: 7520K->288K(8192K)] 19409K->12241K(26112K), 0.0004210 secs] [Times: user=0.00 sys=0.00, real=0.00 secs] 
65.532: Total time for which application threads were stopped: 0.0005330 seconds, Stopping threads took: 0.0000580 seconds
65.572: Application time: 0.0396230 seconds
65.572: [GC [PSYoungGen: 7456K->304K(8192K)] 19409K->12305K(26112K), 0.0003780 secs] [Times: user=0.00 sys=0.00, real=0.00 secs] 
65.572: Total time for which application threads were stopped: 0.0004690 seconds, Stopping threads took: 0.0000400 seconds
65.611: Application time: 0.0390340 seconds
65.611: [GC [PSYoungGen: 7472K->272K(8192K)] 19473K->12314K(26112K), 0.0003800 secs] [Times: user=0.00 sys=0.00, real=0.00 secs] 
65.612: Total time for which application threads were stopped: 0.0004830 seconds, Stopping threads took: 0.0000500 seconds
65.651: Application time: 0.0393420 seconds
65.651: [GC [PSYoungGen: 7440K->240K(8192K)] 19482K->12282K(26112K), 0.0004480 secs] [Times: user=0.01 sys=0.00, real=0.00 secs] 
65.651: Total time for which application threads were stopped: 0.0005430 seconds, Stopping threads took: 0.0000420 seconds
65.688: Application time: 0.0369390 seconds
65.688: [GC [PSYoungGen: 7408K->464K(8192K)] 19450K->12506K(26112K), 0.0004500 secs] [Times: user=0.00 sys=0.00, real=0.00 secs] 
65.689: Total time for which application threads were stopped: 0.0005550 seconds, Stopping threads took: 0.0000500 seconds
65.728: Application time: 0.0393300 seconds
65.728: [GC [PSYoungGen: 7632K->400K(8192K)] 19674K->12442K(26112K), 0.0004350 secs] [Times: user=0.00 sys=0.00, real=0.00 secs] 
65.729: Total time for which application threads were stopped: 0.0005480 seconds, Stopping threads took: 0.0000590 seconds
65.768: Application time: 0.0391220 seconds
65.768: [GC [PSYoungGen: 7568K->512K(8192K)] 19610K->12554K(26112K), 0.0004580 secs] [Times: user=0.00 sys=0.00, real=0.00 secs] 
65.769: Total time for which application threads were stopped: 0.0005600 seconds, Stopping threads took: 0.0000410 seconds
65.808: Application time: 0.0391010 seconds
65.808: [GC [PSYoungGen: 7680K->480K(8192K)] 19722K->12522K(26112K), 0.0004160 secs] [Times: user=0.00 sys=0.00, real=0.00 secs] 
65.808: Total time for which application threads were stopped: 0.0005180 seconds, Stopping threads took: 0.0000490 seconds
65.848: Application time: 0.0395570 seconds
65.848: [GC [PSYoungGen: 7648K->528K(8192K)] 19690K->12570K(26112K), 0.0004280 secs] [Times: user=0.00 sys=0.00, real=0.00 secs] 
65.848: Total time for which application threads were stopped: 0.0005230 seconds, Stopping threads took: 0.0000430 seconds
65.888: Application time: 0.0393590 seconds
65.888: [GC [PSYoungGen: 7696K->496K(8192K)] 19738K->12538K(26112K), 0.0004340 secs] [Times: user=0.00 sys=0.00, real=0.00 secs] 
65.888: Total time for which application threads were stopped: 0.0005270 seconds, Stopping threads took: 0.0000410 seconds
65.928: Application time: 0.0397990 seconds
65.928: [GC [PSYoungGen: 7664K->496K(8192K)] 19706K->12538K(26112K), 0.0004740 secs] [Times: user=0.00 sys=0.00, real=0.00 secs] 
65.929: Total time for which application threads were stopped: 0.0005850 seconds, Stopping threads took: 0.0000500 seconds
65.969: Application time: 0.0408330 seconds
65.969: [GC [PSYoungGen: 7664K->480K(8192K)] 19706K->12522K(26112K), 0.0005530 secs] [Times: user=0.00 sys=0.00, real=0.00 secs] 
65.970: Total time for which application threads were stopped: 0.0006690 seconds, Stopping threads took: 0.0000590 seconds
66.012: Application time: 0.0419130 seconds
66.012: [GC [PSYoungGen: 7648K->496K(8192K)] 19690K->12538K(26112K), 0.0004700 secs] [Times: user=0.00 sys=0.00, real=0.00 secs] 
66.013: Total time for which application threads were stopped: 0.0005880 seconds, Stopping threads took: 0.0000630 seconds
66.052: Application time: 0.0397880 seconds
66.052: [GC [PSYoungGen: 7664K->512K(8192K)] 19706K->12554K(26112K), 0.0004400 secs] [Times: user=0.00 sys=0.00, real=0.00 secs] 
66.053: Total time for which application threads were stopped: 0.0005580 seconds, Stopping threads took: 0.0000550 seconds
66.092: Application time: 0.0391450 seconds
66.092: [GC [PSYoungGen: 7680K->496K(8192K)] 19722K->12538K(26112K), 0.0004180 secs] [Times: user=0.00 sys=0.00, real=0.00 secs] 
66.093: Total time for which application threads were stopped: 0.0005140 seconds, Stopping threads took: 0.0000400 seconds
66.132: Application time: 0.0397130 seconds
66.132: [GC [PSYoungGen: 7664K->512K(8192K)] 19706K->12554K(26112K), 0.0004670 secs] [Times: user=0.00 sys=0.00, real=0.00 secs] 
66.133: Total time for which application threads were stopped: 0.0005620 seconds, Stopping threads took: 0.0000420 seconds
66.172: Application time: 0.0393070 seconds
66.172: [GC [PSYoungGen: 7680K->528K(8192K)] 19722K->12570K(26112K), 0.0004260 secs] [Times: user=0.01 sys=0.00, real=0.00 secs] 
66.173: Total time for which application threads were stopped: 0.0005250 seconds, Stopping threads took: 0.0000430 seconds
66.212: Application time: 0.0392250 seconds
66.212: [GC [PSYoungGen: 7696K->496K(8192K)] 19738K->12594K(26112K), 0.0004150 secs] [Times: user=0.00 sys=0.00, real=0.00 secs] 
66.212: Total time for which application threads were stopped: 0.0005130 seconds, Stopping threads took: 0.0000450 seconds
66.252: Application time: 0.0398060 seconds
66.252: [GC [PSYoungGen: 7664K->464K(8192K)] 19762K->12562K(26112K), 0.0004110 secs] [Times: user=0.00 sys=0.00, real=0.00 secs] 
66.253: Total time for which application threads were stopped: 0.0005120 seconds, Stopping threads took: 0.0000470 seconds
66.292: Application time: 0.0392610 seconds
66.292: [GC [PSYoungGen: 7632K->304K(8192K)] 19730K->12586K(26112K), 0.0004300 secs] [Times: user=0.00 sys=0.00, real=0.00 secs] 
66.293: Total time for which application threads were stopped: 0.0005410 seconds, Stopping threads took: 0.0000490 seconds
66.332: Application time: 0.0396840 seconds
66.332: [GC [PSYoungGen: 7472K->288K(8192K)] 19754K->12570K(26112K), 0.0004180 secs] [Times: user=0.00 sys=0.00, real=0.00 secs] 
66.333: Total time for which application threads were stopped: 0.0005160 seconds, Stopping threads took: 0.0000390 seconds
66.372: Application time: 0.0397380 seconds
66.373: [GC [PSYoungGen: 7456K->272K(8192K)] 19738K->12602K(26112K), 0.0003760 secs] [Times: user=0.00 sys=0.00, real=0.00 secs] 
66.373: Total time for which application threads were stopped: 0.0004740 seconds, Stopping threads took: 0.0000440 seconds
66.412: Application time: 0.0389880 seconds
66.412: [GC [PSYoungGen: 7440K->272K(8192K)] 19770K->12666K(26112K), 0.0003840 secs] [Times: user=0.00 sys=0.00, real=0.00 secs] 
66.412: Total time for which application threads were stopped: 0.0004780 seconds, Stopping threads took: 0.0000410 seconds
66.452: Application time: 0.0391470 seconds
66.452: [GC [PSYoungGen: 7440K->288K(8192K)] 19834K->12682K(26112K), 0.0003930 secs] [Times: user=0.00 sys=0.00, real=0.00 secs] 
66.452: Total time for which application threads were stopped: 0.0004870 seconds, Stopping threads took: 0.0000380 seconds
66.489: Application time: 0.0372100 seconds
66.490: [GC [PSYoungGen: 7456K->416K(8192K)] 19850K->12810K(26112K), 0.0004290 secs] [Times: user=0.00 sys=0.00, real=0.00 secs] 
66.490: Total time for which application threads were stopped: 0.0012030 seconds, Stopping threads took: 0.0007180 seconds
66.530: Application time: 0.0395460 seconds
66.530: [GC [PSYoungGen: 7584K->448K(8192K)] 19978K->12842K(26112K), 0.0004160 secs] [Times: user=0.00 sys=0.00, real=0.00 secs] 
66.531: Total time for which application threads were stopped: 0.0005210 seconds, Stopping threads took: 0.0000520 seconds
66.570: Application time: 0.0392310 seconds
66.570: [GC [PSYoungGen: 7616K->464K(8192K)] 20010K->12858K(26112K), 0.0004360 secs] [Times: user=0.00 sys=0.00, real=0.00 secs] 
66.570: Total time for which application threads were stopped: 0.0005400 seconds, Stopping threads took: 0.0000500 seconds
66.609: Application time: 0.0390860 seconds
66.613: [GC [PSYoungGen: 7632K->512K(8192K)] 20026K->12906K(26112K), 0.0004790 secs] [Times: user=0.00 sys=0.00, real=0.00 secs] 
66.614: Total time for which application threads were stopped: 0.0042280 seconds, Stopping threads took: 0.0036930 seconds
66.653: Application time: 0.0393890 seconds
66.653: [GC [PSYoungGen: 7680K->512K(8192K)] 20074K->12906K(26112K), 0.0004330 secs] [Times: user=0.01 sys=0.00, real=0.00 secs] 
66.654: Total time for which application threads were stopped: 0.0005340 seconds, Stopping threads took: 0.0000460 seconds
66.693: Application time: 0.0394810 seconds
66.693: [GC [PSYoungGen: 7680K->496K(8192K)] 20074K->12890K(26112K), 0.0004280 secs] [Times: user=0.00 sys=0.00, real=0.00 secs] 
66.694: Total time for which application threads were stopped: 0.0005260 seconds, Stopping threads took: 0.0000430 seconds
66.733: Application time: 0.0395120 seconds
66.733: [GC [PSYoungGen: 7664K->512K(8192K)] 20058K->12906K(26112K), 0.0004210 secs] [Times: user=0.00 sys=0.00, real=0.00 secs] 
66.734: Total time for which application threads were stopped: 0.0005130 seconds, Stopping threads took: 0.0000390 seconds
66.773: Application time: 0.0395650 seconds
66.773: [GC [PSYoungGen: 7680K->480K(8192K)] 20074K->12874K(26112K), 0.0004300 secs] [Times: user=0.00 sys=0.00, real=0.00 secs] 
66.774: Total time for which application threads were stopped: 0.0005220 seconds, Stopping threads took: 0.0000400 seconds
66.816: Application time: 0.0427010 seconds
66.816: [GC [PSYoungGen: 7648K->496K(8192K)] 20042K->12890K(26112K), 0.0007210 secs] [Times: user=0.00 sys=0.00, real=0.00 secs] 
66.817: Total time for which application threads were stopped: 0.0008090 seconds, Stopping threads took: 0.0000130 seconds
66.860: Application time: 0.0429520 seconds
66.860: [GC [PSYoungGen: 7664K->496K(8192K)] 20058K->12890K(26112K), 0.0004960 secs] [Times: user=0.00 sys=0.00, real=0.00 secs] 
66.861: Total time for which application threads were stopped: 0.0006060 seconds, Stopping threads took: 0.0000450 seconds
66.900: Application time: 0.0392900 seconds
66.900: [GC [PSYoungGen: 7664K->480K(8192K)] 20058K->12874K(26112K), 0.0004920 secs] [Times: user=0.00 sys=0.00, real=0.00 secs] 
66.901: Total time for which application threads were stopped: 0.0006080 seconds, Stopping threads took: 0.0000500 seconds
66.940: Application time: 0.0392020 seconds
66.940: [GC [PSYoungGen: 7648K->464K(8192K)] 20042K->12858K(26112K), 0.0004930 secs] [Times: user=0.00 sys=0.00, real=0.00 secs] 
66.940: Total time for which application threads were stopped: 0.0005870 seconds, Stopping threads took: 0.0000410 seconds
66.980: Application time: 0.0396120 seconds
66.980: [GC [PSYoungGen: 7632K->512K(8192K)] 20026K->12906K(26112K), 0.0004300 secs] [Times: user=0.00 sys=0.00, real=0.00 secs] 
66.981: Total time for which application threads were stopped: 0.0005260 seconds, Stopping threads took: 0.0000430 seconds
67.020: Application time: 0.0396440 seconds
67.020: [GC [PSYoungGen: 7680K->448K(8192K)] 20074K->12898K(26112K), 0.0004580 secs] [Times: user=0.00 sys=0.00, real=0.00 secs] 
67.021: Total time for which application threads were stopped: 0.0005520 seconds, Stopping threads took: 0.0000410 seconds
67.060: Application time: 0.0392750 seconds
67.060: [GC [PSYoungGen: 7616K->416K(8192K)] 20066K->12914K(26112K), 0.0004680 secs] [Times: user=0.01 sys=0.00, real=0.00 secs] 
67.061: Total time for which application threads were stopped: 0.0005580 seconds, Stopping threads took: 0.0000380 seconds
67.100: Application time: 0.0395220 seconds
67.100: [GC [PSYoungGen: 7584K->304K(8192K)] 20082K->12946K(26112K), 0.0003990 secs] [Times: user=0.00 sys=0.00, real=0.00 secs] 
67.101: Total time for which application threads were stopped: 0.0004940 seconds, Stopping threads took: 0.0000430 seconds
67.140: Application time: 0.0395630 seconds
67.140: [GC [PSYoungGen: 7472K->288K(8192K)] 20114K->12930K(26112K), 0.0003930 secs] [Times: user=0.00 sys=0.00, real=0.00 secs] 
67.141: Total time for which application threads were stopped: 0.0004910 seconds, Stopping threads took: 0.0000470 seconds
67.179: Application time: 0.0386720 seconds
67.179: [GC [PSYoungGen: 7456K->336K(8192K)] 20098K->13026K(26112K), 0.0003880 secs] [Times: user=0.00 sys=0.00, real=0.00 secs] 
67.180: Total time for which application threads were stopped: 0.0004870 seconds, Stopping threads took: 0.0000460 seconds
67.219: Application time: 0.0394130 seconds
67.219: [GC [PSYoungGen: 7504K->272K(8192K)] 20194K->13010K(26112K), 0.0003790 secs] [Times: user=0.00 sys=0.00, real=0.00 secs] 
67.220: Total time for which application threads were stopped: 0.0004700 seconds, Stopping threads took: 0.0000390 seconds
67.258: Application time: 0.0380420 seconds
67.258: [GC [PSYoungGen: 7440K->416K(8192K)] 20178K->13154K(26112K), 0.0004360 secs] [Times: user=0.01 sys=0.00, real=0.00 secs] 
67.258: Total time for which application threads were stopped: 0.0005350 seconds, Stopping threads took: 0.0000450 seconds
67.296: Application time: 0.0380130 seconds
67.296: [GC [PSYoungGen: 7584K->448K(8192K)] 20322K->13186K(26112K), 0.0004140 secs] [Times: user=0.00 sys=0.00, real=0.00 secs] 
67.297: Total time for which application threads were stopped: 0.0005110 seconds, Stopping threads took: 0.0000410 seconds
67.336: Application time: 0.0391890 seconds
67.336: [GC [PSYoungGen: 7616K->432K(8192K)] 20354K->13170K(26112K), 0.0004290 secs] [Times: user=0.00 sys=0.00, real=0.00 secs] 
67.337: Total time for which application threads were stopped: 0.0005310 seconds, Stopping threads took: 0.0000380 seconds
67.376: Application time: 0.0390530 seconds
67.376: [GC [PSYoungGen: 7600K->528K(8192K)] 20338K->13266K(26112K), 0.0004280 secs] [Times: user=0.00 sys=0.00, real=0.00 secs] 
67.376: Total time for which application threads were stopped: 0.0005480 seconds, Stopping threads took: 0.0000660 seconds
67.415: Application time: 0.0392470 seconds
67.415: [GC [PSYoungGen: 7696K->512K(8192K)] 20434K->13250K(26112K), 0.0005140 secs] [Times: user=0.00 sys=0.00, real=0.00 secs] 
67.416: Total time for which application threads were stopped: 0.0006060 seconds, Stopping threads took: 0.0000390 seconds
67.456: Application time: 0.0397360 seconds
67.456: [GC [PSYoungGen: 7680K->480K(8192K)] 20418K->13218K(26112K), 0.0005030 secs] [Times: user=0.00 sys=0.00, real=0.00 secs] 
67.456: Total time for which application threads were stopped: 0.0005960 seconds, Stopping threads took: 0.0000380 seconds
67.496: Application time: 0.0392440 seconds
67.496: [GC [PSYoungGen: 7648K->496K(8192K)] 20386K->13234K(26112K), 0.0004230 secs] [Times: user=0.00 sys=0.00, real=0.00 secs] 
67.496: Total time for which application threads were stopped: 0.0005210 seconds, Stopping threads took: 0.0000430 seconds
67.536: Application time: 0.0395120 seconds
67.536: [GC [PSYoungGen: 7664K->528K(8192K)] 20402K->13266K(26112K), 0.0004370 secs] [Times: user=0.00 sys=0.00, real=0.00 secs] 
67.536: Total time for which application threads were stopped: 0.0005430 seconds, Stopping threads took: 0.0000500 seconds
67.575: Application time: 0.0392040 seconds
67.575: [GC [PSYoungGen: 7696K->528K(8192K)] 20434K->13266K(26112K), 0.0004780 secs] [Times: user=0.00 sys=0.00, real=0.00 secs] 
67.576: Total time for which application threads were stopped: 0.0005700 seconds, Stopping threads took: 0.0000370 seconds
67.615: Application time: 0.0393640 seconds
67.615: [GC [PSYoungGen: 7696K->496K(8192K)] 20434K->13234K(26112K), 0.0004750 secs] [Times: user=0.00 sys=0.00, real=0.00 secs] 
67.616: Total time for which application threads were stopped: 0.0005710 seconds, Stopping threads took: 0.0000450 seconds
67.655: Application time: 0.0392450 seconds
67.655: [GC [PSYoungGen: 7664K->496K(8192K)] 20402K->13234K(26112K), 0.0004210 secs] [Times: user=0.01 sys=0.00, real=0.00 secs] 
67.656: Total time for which application threads were stopped: 0.0005110 seconds, Stopping threads took: 0.0000380 seconds
67.695: Application time: 0.0390660 seconds
67.695: [GC [PSYoungGen: 7664K->528K(8192K)] 20402K->13266K(26112K), 0.0004270 secs] [Times: user=0.00 sys=0.00, real=0.00 secs] 
67.695: Total time for which application threads were stopped: 0.0005190 seconds, Stopping threads took: 0.0000400 seconds
67.735: Application time: 0.0394280 seconds
67.735: [GC [PSYoungGen: 7696K->512K(8192K)] 20434K->13250K(26112K), 0.0005140 secs] [Times: user=0.00 sys=0.00, real=0.00 secs] 
67.735: Total time for which application threads were stopped: 0.0006070 seconds, Stopping threads took: 0.0000370 seconds
67.775: Application time: 0.0394680 seconds
67.775: [GC [PSYoungGen: 7680K->464K(8192K)] 20418K->13258K(26112K), 0.0004930 secs] [Times: user=0.01 sys=0.00, real=0.00 secs] 
67.775: Total time for which application threads were stopped: 0.0005850 seconds, Stopping threads took: 0.0000390 seconds
67.815: Application time: 0.0392410 seconds
67.815: [GC [PSYoungGen: 7632K->464K(8192K)] 20426K->13258K(26112K), 0.0004230 secs] [Times: user=0.00 sys=0.00, real=0.00 secs] 
67.815: Total time for which application threads were stopped: 0.0005270 seconds, Stopping threads took: 0.0000510 seconds
67.854: Application time: 0.0392400 seconds
67.854: [GC [PSYoungGen: 7632K->352K(8192K)] 20426K->13258K(26112K), 0.0004400 secs] [Times: user=0.00 sys=0.00, real=0.00 secs] 
67.855: Total time for which application threads were stopped: 0.0005510 seconds, Stopping threads took: 0.0000500 seconds
67.894: Application time: 0.0395950 seconds
67.895: [GC [PSYoungGen: 7520K->288K(8192K)] 20426K->13298K(26112K), 0.0004010 secs] [Times: user=0.00 sys=0.00, real=0.00 secs] 
67.895: Total time for which application threads were stopped: 0.0004920 seconds, Stopping threads took: 0.0000390 seconds
67.935: Application time: 0.0399490 seconds
67.941: [GC [PSYoungGen: 7456K->272K(8192K)] 20466K->13330K(26112K), 0.0004460 secs] [Times: user=0.00 sys=0.00, real=0.00 secs] 
67.942: Total time for which application threads were stopped: 0.0066230 seconds, Stopping threads took: 0.0061190 seconds
67.981: Application time: 0.0391610 seconds
67.981: [GC [PSYoungGen: 7440K->272K(8192K)] 20498K->13386K(26112K), 0.0004280 secs] [Times: user=0.00 sys=0.00, real=0.01 secs] 
67.981: Total time for which application threads were stopped: 0.0005260 seconds, Stopping threads took: 0.0000440 seconds
68.020: Application time: 0.0390860 seconds
68.020: [GC [PSYoungGen: 7440K->288K(8192K)] 20554K->13402K(26112K), 0.0003860 secs] [Times: user=0.00 sys=0.00, real=0.00 secs] 
68.021: Total time for which application threads were stopped: 0.0004820 seconds, Stopping threads took: 0.0000410 seconds
68.059: Application time: 0.0380840 seconds
68.059: [GC [PSYoungGen: 7456K->400K(8192K)] 20570K->13514K(26112K), 0.0004540 secs] [Times: user=0.00 sys=0.00, real=0.00 secs] 
68.059: Total time for which application threads were stopped: 0.0005560 seconds, Stopping threads took: 0.0000450 seconds
68.098: Application time: 0.0388130 seconds
68.098: [GC [PSYoungGen: 7568K->400K(8192K)] 20682K->13514K(26112K), 0.0004570 secs] [Times: user=0.00 sys=0.00, real=0.00 secs] 
68.099: Total time for which application threads were stopped: 0.0005620 seconds, Stopping threads took: 0.0000500 seconds
68.138: Application time: 0.0391970 seconds
68.138: [GC [PSYoungGen: 7568K->448K(8192K)] 20682K->13562K(26112K), 0.0004310 secs] [Times: user=0.00 sys=0.00, real=0.00 secs] 
68.139: Total time for which application threads were stopped: 0.0005250 seconds, Stopping threads took: 0.0000410 seconds
68.177: Application time: 0.0389030 seconds
68.178: [GC [PSYoungGen: 7616K->480K(8192K)] 20730K->13594K(26112K), 0.0004640 secs] [Times: user=0.00 sys=0.00, real=0.00 secs] 
68.178: Total time for which application threads were stopped: 0.0005610 seconds, Stopping threads took: 0.0000450 seconds
68.217: Application time: 0.0393740 seconds
68.217: [GC [PSYoungGen: 7648K->512K(8192K)] 20762K->13626K(26112K), 0.0004190 secs] [Times: user=0.00 sys=0.00, real=0.00 secs] 
68.218: Total time for which application threads were stopped: 0.0005150 seconds, Stopping threads took: 0.0000410 seconds
68.257: Application time: 0.0393030 seconds
68.257: [GC [PSYoungGen: 7680K->528K(8192K)] 20794K->13642K(26112K), 0.0004770 secs] [Times: user=0.00 sys=0.00, real=0.00 secs] 
68.258: Total time for which application threads were stopped: 0.0005810 seconds, Stopping threads took: 0.0000420 seconds
68.298: Application time: 0.0397200 seconds
68.298: [GC [PSYoungGen: 7696K->512K(8192K)] 20810K->13626K(26112K), 0.0004280 secs] [Times: user=0.00 sys=0.00, real=0.00 secs] 
68.298: Total time for which application threads were stopped: 0.0005210 seconds, Stopping threads took: 0.0000400 seconds
68.337: Application time: 0.0394020 seconds
68.338: [GC [PSYoungGen: 7680K->528K(8192K)] 20794K->13642K(26112K), 0.0004180 secs] [Times: user=0.00 sys=0.00, real=0.00 secs] 
68.338: Total time for which application threads were stopped: 0.0005210 seconds, Stopping threads took: 0.0000470 seconds
68.377: Application time: 0.0391640 seconds
68.377: [GC [PSYoungGen: 7696K->512K(8192K)] 20810K->13626K(26112K), 0.0004740 secs] [Times: user=0.00 sys=0.00, real=0.00 secs] 
68.378: Total time for which application threads were stopped: 0.0005790 seconds, Stopping threads took: 0.0000430 seconds
68.417: Application time: 0.0392510 seconds
68.417: [GC [PSYoungGen: 7680K->496K(8192K)] 20794K->13610K(26112K), 0.0004260 secs] [Times: user=0.00 sys=0.00, real=0.00 secs] 
68.418: Total time for which application threads were stopped: 0.0005310 seconds, Stopping threads took: 0.0000510 seconds
68.457: Application time: 0.0391900 seconds
68.457: [GC [PSYoungGen: 7664K->464K(8192K)] 20778K->13578K(26112K), 0.0005130 secs] [Times: user=0.00 sys=0.00, real=0.00 secs] 
68.457: Total time for which application threads were stopped: 0.0006160 seconds, Stopping threads took: 0.0000490 seconds
68.497: Application time: 0.0392110 seconds
68.497: [GC [PSYoungGen: 7632K->544K(8192K)] 20746K->13658K(26112K), 0.0004750 secs] [Times: user=0.00 sys=0.00, real=0.00 secs] 
68.497: Total time for which application threads were stopped: 0.0005710 seconds, Stopping threads took: 0.0000410 seconds
68.537: Application time: 0.0396560 seconds
68.537: [GC [PSYoungGen: 7712K->512K(8192K)] 20826K->13626K(26112K), 0.0004260 secs] [Times: user=0.00 sys=0.00, real=0.00 secs] 
68.537: Total time for which application threads were stopped: 0.0005240 seconds, Stopping threads took: 0.0000440 seconds
68.577: Application time: 0.0392840 seconds
68.577: [GC [PSYoungGen: 7680K->448K(8192K)] 20794K->13618K(26112K), 0.0004640 secs] [Times: user=0.01 sys=0.00, real=0.00 secs] 
68.577: Total time for which application threads were stopped: 0.0005650 seconds, Stopping threads took: 0.0000460 seconds
68.616: Application time: 0.0392120 seconds
68.616: [GC [PSYoungGen: 7616K->448K(8192K)] 20786K->13674K(26112K), 0.0004620 secs] [Times: user=0.00 sys=0.00, real=0.00 secs] 
68.617: Total time for which application threads were stopped: 0.0005600 seconds, Stopping threads took: 0.0000450 seconds
68.656: Application time: 0.0392830 seconds
68.656: [GC [PSYoungGen: 7616K->336K(8192K)] 20842K->13678K(26112K), 0.0004540 secs] [Times: user=0.00 sys=0.00, real=0.00 secs] 
68.657: Total time for which application threads were stopped: 0.0005490 seconds, Stopping threads took: 0.0000420 seconds
68.696: Application time: 0.0396830 seconds
68.697: [GC [PSYoungGen: 7504K->352K(8192K)] 20846K->13750K(26112K), 0.0004250 secs] [Times: user=0.00 sys=0.00, real=0.00 secs] 
68.697: Total time for which application threads were stopped: 0.0005180 seconds, Stopping threads took: 0.0000400 seconds
68.736: Application time: 0.0392980 seconds
68.736: [GC [PSYoungGen: 7520K->272K(8192K)] 20918K->13710K(26112K), 0.0003780 secs] [Times: user=0.00 sys=0.00, real=0.00 secs] 
68.737: Total time for which application threads were stopped: 0.0004690 seconds, Stopping threads took: 0.0000400 seconds
68.775: Application time: 0.0387700 seconds
68.776: [GC [PSYoungGen: 7440K->272K(8192K)] 20878K->13759K(26112K), 0.0004190 secs] [Times: user=0.00 sys=0.00, real=0.00 secs] 
68.776: Total time for which application threads were stopped: 0.0005070 seconds, Stopping threads took: 0.0000380 seconds
68.815: Application time: 0.0387150 seconds
68.815: [GC [PSYoungGen: 7440K->336K(8192K)] 20927K->13823K(26112K), 0.0003870 secs] [Times: user=0.00 sys=0.00, real=0.00 secs] 
68.815: Total time for which application threads were stopped: 0.0004860 seconds, Stopping threads took: 0.0000380 seconds
68.853: Application time: 0.0379230 seconds
68.853: [GC [PSYoungGen: 7504K->352K(8192K)] 20991K->13839K(26112K), 0.0004360 secs] [Times: user=0.00 sys=0.00, real=0.00 secs] 
68.854: Total time for which application threads were stopped: 0.0005470 seconds, Stopping threads took: 0.0000540 seconds
68.893: Application time: 0.0390150 seconds
68.897: [GC [PSYoungGen: 7520K->448K(8192K)] 21007K->13935K(26112K), 0.0004670 secs] [Times: user=0.01 sys=0.00, real=0.00 secs] 
68.898: Total time for which application threads were stopped: 0.0048950 seconds, Stopping threads took: 0.0043630 seconds
68.937: Application time: 0.0392110 seconds
68.937: [GC [PSYoungGen: 7616K->448K(8192K)] 21103K->13935K(26112K), 0.0005090 secs] [Times: user=0.00 sys=0.00, real=0.00 secs] 
68.937: Total time for which application threads were stopped: 0.0006240 seconds, Stopping threads took: 0.0000490 seconds
68.976: Application time: 0.0390430 seconds
68.977: [GC [PSYoungGen: 7616K->512K(8192K)] 21103K->13999K(26112K), 0.0004150 secs] [Times: user=0.00 sys=0.00, real=0.00 secs] 
68.977: Total time for which application threads were stopped: 0.0005200 seconds, Stopping threads took: 0.0000510 seconds
69.016: Application time: 0.0393100 seconds
69.016: [GC [PSYoungGen: 7680K->480K(8192K)] 21167K->13967K(26112K), 0.0004350 secs] [Times: user=0.00 sys=0.00, real=0.00 secs] 
69.017: Total time for which application threads were stopped: 0.0005480 seconds, Stopping threads took: 0.0000610 seconds
69.056: Application time: 0.0395010 seconds
69.056: [GC [PSYoungGen: 7648K->512K(8192K)] 21135K->13999K(26112K), 0.0004260 secs] [Times: user=0.00 sys=0.00, real=0.00 secs] 
69.057: Total time for which application threads were stopped: 0.0005270 seconds, Stopping threads took: 0.0000470 seconds
69.096: Application time: 0.0395980 seconds
69.097: [GC [PSYoungGen: 7680K->480K(8192K)] 21167K->13967K(26112K), 0.0004330 secs] [Times: user=0.00 sys=0.00, real=0.00 secs] 
69.097: Total time for which application threads were stopped: 0.0005390 seconds, Stopping threads took: 0.0000500 seconds
69.136: Application time: 0.0393070 seconds
69.136: [GC [PSYoungGen: 7648K->528K(8192K)] 21135K->14015K(26112K), 0.0004230 secs] [Times: user=0.00 sys=0.00, real=0.00 secs] 
69.137: Total time for which application threads were stopped: 0.0005190 seconds, Stopping threads took: 0.0000440 seconds
69.176: Application time: 0.0394350 seconds
69.176: [GC [PSYoungGen: 7696K->512K(8192K)] 21183K->13999K(26112K), 0.0004710 secs] [Times: user=0.00 sys=0.00, real=0.00 secs] 
69.177: Total time for which application threads were stopped: 0.0005640 seconds, Stopping threads took: 0.0000380 seconds
69.216: Application time: 0.0390770 seconds
69.216: [GC [PSYoungGen: 7680K->496K(8192K)] 21167K->13983K(26112K), 0.0004460 secs] [Times: user=0.00 sys=0.00, real=0.00 secs] 
69.216: Total time for which application threads were stopped: 0.0005480 seconds, Stopping threads took: 0.0000500 seconds
69.256: Application time: 0.0394900 seconds
69.256: [GC [PSYoungGen: 7664K->512K(8192K)] 21151K->13999K(26112K), 0.0004420 secs] [Times: user=0.00 sys=0.00, real=0.00 secs] 
69.257: Total time for which application threads were stopped: 0.0005440 seconds, Stopping threads took: 0.0000460 seconds
69.296: Application time: 0.0397190 seconds
69.296: [GC [PSYoungGen: 7680K->464K(8192K)] 21167K->13951K(26112K), 0.0004340 secs] [Times: user=0.00 sys=0.00, real=0.00 secs] 
69.297: Total time for which application threads were stopped: 0.0005280 seconds, Stopping threads took: 0.0000440 seconds
69.336: Application time: 0.0392390 seconds
69.336: [GC [PSYoungGen: 7632K->496K(8192K)] 21119K->13983K(26112K), 0.0004290 secs] [Times: user=0.01 sys=0.00, real=0.00 secs] 
69.337: Total time for which application threads were stopped: 0.0005240 seconds, Stopping threads took: 0.0000400 seconds
69.376: Application time: 0.0394710 seconds
69.376: [GC [PSYoungGen: 7664K->448K(8192K)] 21151K->13983K(26112K), 0.0004270 secs] [Times: user=0.00 sys=0.00, real=0.00 secs] 
69.377: Total time for which application threads were stopped: 0.0005230 seconds, Stopping threads took: 0.0000430 seconds
69.416: Application time: 0.0393090 seconds
69.417: [GC [PSYoungGen: 7616K->400K(8192K)] 21151K->14015K(26112K), 0.0004570 secs] [Times: user=0.00 sys=0.00, real=0.00 secs] 
69.418: Total time for which application threads were stopped: 0.0017190 seconds, Stopping threads took: 0.0012000 seconds
69.457: Application time: 0.0393950 seconds
69.457: [GC [PSYoungGen: 7568K->320K(8192K)] 21183K->14023K(26112K), 0.0004050 secs] [Times: user=0.00 sys=0.00, real=0.00 secs] 
69.457: Total time for which application threads were stopped: 0.0005060 seconds, Stopping threads took: 0.0000450 seconds
69.498: Application time: 0.0405120 seconds
69.498: [GC [PSYoungGen: 7488K->304K(8192K)] 21191K->14055K(26112K), 0.0004340 secs] [Times: user=0.00 sys=0.00, real=0.00 secs] 
69.499: Total time for which application threads were stopped: 0.0005250 seconds, Stopping threads took: 0.0000390 seconds
69.537: Application time: 0.0386410 seconds
69.537: [GC [PSYoungGen: 7472K->288K(8192K)] 21223K->14103K(26112K), 0.0004320 secs] [Times: user=0.00 sys=0.00, real=0.00 secs] 
69.538: Total time for which application threads were stopped: 0.0005340 seconds, Stopping threads took: 0.0000490 seconds
69.577: Application time: 0.0397500 seconds
69.578: [GC [PSYoungGen: 7456K->272K(8192K)] 21271K->14135K(26112K), 0.0004220 secs] [Times: user=0.00 sys=0.00, real=0.00 secs] 
69.578: Total time for which application threads were stopped: 0.0005110 seconds, Stopping threads took: 0.0000380 seconds
69.616: Application time: 0.0378610 seconds
69.616: [GC [PSYoungGen: 7440K->320K(8192K)] 21303K->14183K(26112K), 0.0004330 secs] [Times: user=0.00 sys=0.00, real=0.00 secs] 
69.616: Total time for which application threads were stopped: 0.0005270 seconds, Stopping threads took: 0.0000380 seconds
69.654: Application time: 0.0379140 seconds
69.654: [GC [PSYoungGen: 7488K->464K(8192K)] 21351K->14327K(26112K), 0.0004570 secs] [Times: user=0.00 sys=0.00, real=0.00 secs] 
69.655: Total time for which application threads were stopped: 0.0005680 seconds, Stopping threads took: 0.0000550 seconds
69.694: Application time: 0.0390560 seconds
69.694: [GC [PSYoungGen: 7632K->464K(8192K)] 21495K->14327K(26112K), 0.0004240 secs] [Times: user=0.00 sys=0.00, real=0.00 secs] 
69.694: Total time for which application threads were stopped: 0.0005400 seconds, Stopping threads took: 0.0000630 seconds
69.734: Application time: 0.0392780 seconds
69.734: [GC [PSYoungGen: 7632K->480K(8192K)] 21495K->14343K(26112K), 0.0004700 secs] [Times: user=0.00 sys=0.00, real=0.00 secs] 
69.734: Total time for which application threads were stopped: 0.0005700 seconds, Stopping threads took: 0.0000460 seconds
69.774: Application time: 0.0395320 seconds
69.774: [GC [PSYoungGen: 7648K->496K(8192K)] 21511K->14359K(26112K), 0.0004780 secs] [Times: user=0.01 sys=0.00, real=0.00 secs] 
69.774: Total time for which application threads were stopped: 0.0005720 seconds, Stopping threads took: 0.0000430 seconds
69.814: Application time: 0.0395320 seconds
69.814: [GC [PSYoungGen: 7664K->528K(8192K)] 21527K->14391K(26112K), 0.0004790 secs] [Times: user=0.00 sys=0.00, real=0.00 secs] 
69.814: Total time for which application threads were stopped: 0.0005720 seconds, Stopping threads took: 0.0000410 seconds
69.854: Application time: 0.0394200 seconds
69.854: [GC [PSYoungGen: 7696K->480K(8192K)] 21559K->14343K(26112K), 0.0004610 secs] [Times: user=0.00 sys=0.00, real=0.00 secs] 
69.854: Total time for which application threads were stopped: 0.0005550 seconds, Stopping threads took: 0.0000410 seconds
69.894: Application time: 0.0391760 seconds
69.894: [GC [PSYoungGen: 7648K->464K(8192K)] 21511K->14327K(26112K), 0.0004330 secs] [Times: user=0.01 sys=0.00, real=0.00 secs] 
69.894: Total time for which application threads were stopped: 0.0005220 seconds, Stopping threads took: 0.0000370 seconds
69.934: Application time: 0.0396260 seconds
69.934: [GC [PSYoungGen: 7632K->528K(8192K)] 21495K->14391K(26112K), 0.0005540 secs] [Times: user=0.00 sys=0.00, real=0.00 secs] 
69.934: Total time for which application threads were stopped: 0.0006630 seconds, Stopping threads took: 0.0000450 seconds
69.974: Application time: 0.0396730 seconds
69.974: [GC [PSYoungGen: 7696K->496K(8192K)] 21559K->14359K(26112K), 0.0004650 secs] [Times: user=0.00 sys=0.00, real=0.00 secs] 
69.975: Total time for which application threads were stopped: 0.0005620 seconds, Stopping threads took: 0.0000440 seconds
70.014: Application time: 0.0388450 seconds
70.014: [GC [PSYoungGen: 7664K->528K(8192K)] 21527K->14391K(26112K), 0.0004290 secs] [Times: user=0.01 sys=0.00, real=0.00 secs] 
70.014: Total time for which application threads were stopped: 0.0005210 seconds, Stopping threads took: 0.0000400 seconds
70.053: Application time: 0.0393830 seconds
70.054: [GC [PSYoungGen: 7696K->528K(8192K)] 21559K->14391K(26112K), 0.0004250 secs] [Times: user=0.00 sys=0.00, real=0.00 secs] 
70.054: Total time for which application threads were stopped: 0.0005190 seconds, Stopping threads took: 0.0000390 seconds
70.093: Application time: 0.0391340 seconds
70.093: [GC [PSYoungGen: 7696K->480K(8192K)] 21559K->14343K(26112K), 0.0004160 secs] [Times: user=0.00 sys=0.00, real=0.00 secs] 
70.094: Total time for which application threads were stopped: 0.0005200 seconds, Stopping threads took: 0.0000500 seconds
70.133: Application time: 0.0394350 seconds
70.133: [GC [PSYoungGen: 7648K->464K(8192K)] 21511K->14383K(26112K), 0.0004250 secs] [Times: user=0.00 sys=0.00, real=0.00 secs] 
70.134: Total time for which application threads were stopped: 0.0005240 seconds, Stopping threads took: 0.0000460 seconds
70.173: Application time: 0.0394880 seconds
70.173: [GC [PSYoungGen: 7632K->448K(8192K)] 21551K->14367K(26112K), 0.0004620 secs] [Times: user=0.00 sys=0.00, real=0.00 secs] 
70.175: Total time for which application threads were stopped: 0.0015990 seconds, Stopping threads took: 0.0000440 seconds
70.214: Application time: 0.0394070 seconds
70.214: [GC [PSYoungGen: 7616K->400K(8192K)] 21535K->14431K(26112K), 0.0004320 secs] [Times: user=0.01 sys=0.00, real=0.00 secs] 
70.215: Total time for which application threads were stopped: 0.0005270 seconds, Stopping threads took: 0.0000420 seconds
70.254: Application time: 0.0395530 seconds
70.254: [GC [PSYoungGen: 7568K->288K(8192K)] 21599K->14415K(26112K), 0.0004420 secs] [Times: user=0.00 sys=0.00, real=0.00 secs] 
70.255: Total time for which application threads were stopped: 0.0005340 seconds, Stopping threads took: 0.0000390 seconds
70.294: Application time: 0.0393140 seconds
70.294: [GC [PSYoungGen: 7456K->272K(8192K)] 21583K->14471K(26112K), 0.0003780 secs] [Times: user=0.00 sys=0.00, real=0.00 secs] 
70.294: Total time for which application threads were stopped: 0.0004750 seconds, Stopping threads took: 0.0000450 seconds
70.334: Application time: 0.0392230 seconds
70.334: [GC [PSYoungGen: 7440K->272K(8192K)] 21639K->14535K(26112K), 0.0004310 secs] [Times: user=0.00 sys=0.00, real=0.00 secs] 
70.334: Total time for which application threads were stopped: 0.0005260 seconds, Stopping threads took: 0.0000400 seconds
70.373: Application time: 0.0390450 seconds
70.373: [GC [PSYoungGen: 7440K->272K(8192K)] 21703K->14535K(26112K), 0.0004370 secs] [Times: user=0.01 sys=0.00, real=0.00 secs] 
70.374: Total time for which application threads were stopped: 0.0005310 seconds, Stopping threads took: 0.0000400 seconds
70.412: Application time: 0.0377970 seconds
70.412: [GC [PSYoungGen: 7440K->448K(8192K)] 21703K->14711K(26112K), 0.0003970 secs] [Times: user=0.00 sys=0.00, real=0.00 secs] 
70.412: Total time for which application threads were stopped: 0.0004970 seconds, Stopping threads took: 0.0000450 seconds
70.451: Application time: 0.0390270 seconds
70.451: [GC [PSYoungGen: 7616K->432K(8192K)] 21879K->14695K(26112K), 0.0004420 secs] [Times: user=0.00 sys=0.00, real=0.00 secs] 
70.452: Total time for which application threads were stopped: 0.0005740 seconds, Stopping threads took: 0.0000680 seconds
70.490: Application time: 0.0387280 seconds
70.491: [GC [PSYoungGen: 7600K->400K(8192K)] 21863K->14663K(26112K), 0.0005040 secs] [Times: user=0.01 sys=0.00, real=0.00 secs] 
70.491: Total time for which application threads were stopped: 0.0005950 seconds, Stopping threads took: 0.0000380 seconds
70.530: Application time: 0.0389140 seconds
70.530: [GC [PSYoungGen: 7568K->528K(8192K)] 21831K->14791K(26112K), 0.0004160 secs] [Times: user=0.00 sys=0.00, real=0.00 secs] 
70.530: Total time for which application threads were stopped: 0.0005060 seconds, Stopping threads took: 0.0000370 seconds
70.570: Application time: 0.0393650 seconds
70.570: [GC [PSYoungGen: 7696K->512K(8192K)] 21959K->14775K(26112K), 0.0004340 secs] [Times: user=0.00 sys=0.00, real=0.00 secs] 
70.570: Total time for which application threads were stopped: 0.0005350 seconds, Stopping threads took: 0.0000480 seconds
70.610: Application time: 0.0395760 seconds
70.610: [GC [PSYoungGen: 7680K->496K(8192K)] 21943K->14759K(26112K), 0.0004310 secs] [Times: user=0.01 sys=0.00, real=0.00 secs] 
70.610: Total time for which application threads were stopped: 0.0005280 seconds, Stopping threads took: 0.0000440 seconds
70.650: Application time: 0.0392860 seconds
70.650: [GC [PSYoungGen: 7664K->528K(8192K)] 21927K->14791K(26112K), 0.0004370 secs] [Times: user=0.00 sys=0.00, real=0.00 secs] 
70.650: Total time for which application threads were stopped: 0.0005310 seconds, Stopping threads took: 0.0000410 seconds
70.690: Application time: 0.0395350 seconds
70.690: [GC [PSYoungGen: 7696K->528K(8192K)] 21959K->14791K(26112K), 0.0004510 secs] [Times: user=0.00 sys=0.00, real=0.00 secs] 
70.690: Total time for which application threads were stopped: 0.0005440 seconds, Stopping threads took: 0.0000390 seconds
70.730: Application time: 0.0392480 seconds
70.730: [GC [PSYoungGen: 7696K->528K(8192K)] 21959K->14791K(26112K), 0.0004590 secs] [Times: user=0.01 sys=0.00, real=0.00 secs] 
70.730: Total time for which application threads were stopped: 0.0005590 seconds, Stopping threads took: 0.0000470 seconds
70.769: Application time: 0.0392280 seconds
70.769: [GC [PSYoungGen: 7696K->512K(8192K)] 21959K->14775K(26112K), 0.0004290 secs] [Times: user=0.00 sys=0.00, real=0.00 secs] 
70.770: Total time for which application threads were stopped: 0.0005300 seconds, Stopping threads took: 0.0000460 seconds
70.809: Application time: 0.0394740 seconds
70.810: [GC [PSYoungGen: 7680K->480K(8192K)] 21943K->14743K(26112K), 0.0004240 secs] [Times: user=0.01 sys=0.00, real=0.00 secs] 
70.810: Total time for which application threads were stopped: 0.0005250 seconds, Stopping threads took: 0.0000460 seconds
70.849: Application time: 0.0393320 seconds
70.849: [GC [PSYoungGen: 7648K->480K(8192K)] 21911K->14743K(26112K), 0.0004670 secs] [Times: user=0.00 sys=0.00, real=0.00 secs] 
70.850: Total time for which application threads were stopped: 0.0005580 seconds, Stopping threads took: 0.0000370 seconds
70.889: Application time: 0.0392640 seconds
70.889: [GC [PSYoungGen: 7648K->496K(8192K)] 21911K->14759K(26112K), 0.0004580 secs] [Times: user=0.00 sys=0.00, real=0.00 secs] 
70.890: Total time for which application threads were stopped: 0.0005660 seconds, Stopping threads took: 0.0000530 seconds
70.929: Application time: 0.0398010 seconds
70.930: [GC [PSYoungGen: 7664K->496K(8192K)] 21927K->14811K(26112K), 0.0005200 secs] [Times: user=0.00 sys=0.00, real=0.00 secs] 
70.930: Total time for which application threads were stopped: 0.0006320 seconds, Stopping threads took: 0.0000520 seconds
70.970: Application time: 0.0394850 seconds
70.970: [GC [PSYoungGen: 7664K->400K(8192K)] 21979K->14771K(26112K), 0.0004990 secs] [Times: user=0.00 sys=0.00, real=0.00 secs] 
70.970: Total time for which application threads were stopped: 0.0006020 seconds, Stopping threads took: 0.0000390 seconds
71.010: Application time: 0.0397210 seconds
71.010: [GC [PSYoungGen: 7568K->320K(8192K)] 21939K->14819K(26112K), 0.0004430 secs] [Times: user=0.00 sys=0.00, real=0.00 secs] 
71.010: Total time for which application threads were stopped: 0.0005390 seconds, Stopping threads took: 0.0000380 seconds
71.050: Application time: 0.0394100 seconds
71.050: [GC [PSYoungGen: 7488K->288K(8192K)] 21987K->14835K(26112K), 0.0003900 secs] [Times: user=0.00 sys=0.00, real=0.00 secs] 
71.050: Total time for which application threads were stopped: 0.0004840 seconds, Stopping threads took: 0.0000390 seconds
71.090: Application time: 0.0396030 seconds
71.090: [GC [PSYoungGen: 7456K->272K(8192K)] 22003K->14875K(26112K), 0.0004060 secs] [Times: user=0.00 sys=0.00, real=0.00 secs] 
71.090: Total time for which application threads were stopped: 0.0005020 seconds, Stopping threads took: 0.0000440 seconds
71.129: Application time: 0.0387440 seconds
71.129: [GC [PSYoungGen: 7440K->272K(8192K)] 22043K->14931K(26112K), 0.0003740 secs] [Times: user=0.00 sys=0.00, real=0.00 secs] 
71.130: Total time for which application threads were stopped: 0.0004650 seconds, Stopping threads took: 0.0000370 seconds
71.168: Application time: 0.0387690 seconds
71.169: [GC [PSYoungGen: 7440K->336K(8192K)] 22099K->14995K(26112K), 0.0003970 secs] [Times: user=0.00 sys=0.00, real=0.00 secs] 
71.169: Total time for which application threads were stopped: 0.0004940 seconds, Stopping threads took: 0.0000440 seconds
71.207: Application time: 0.0377660 seconds
71.207: [GC [PSYoungGen: 7504K->416K(8192K)] 22163K->15075K(26112K), 0.0004190 secs] [Times: user=0.00 sys=0.00, real=0.00 secs] 
71.207: Total time for which application threads were stopped: 0.0005270 seconds, Stopping threads took: 0.0000500 seconds
71.247: Application time: 0.0393150 seconds
71.249: [GC [PSYoungGen: 7584K->416K(8192K)] 22243K->15075K(26112K), 0.0004240 secs] [Times: user=0.00 sys=0.00, real=0.00 secs] 
71.250: Total time for which application threads were stopped: 0.0029570 seconds, Stopping threads took: 0.0024820 seconds
71.289: Application time: 0.0391370 seconds
71.289: [GC [PSYoungGen: 7584K->464K(8192K)] 22243K->15123K(26112K), 0.0004320 secs] [Times: user=0.00 sys=0.00, real=0.01 secs] 
71.289: Total time for which application threads were stopped: 0.0005260 seconds, Stopping threads took: 0.0000380 seconds
71.328: Application time: 0.0390000 seconds
71.328: [GC [PSYoungGen: 7632K->496K(8192K)] 22291K->15155K(26112K), 0.0004280 secs] [Times: user=0.00 sys=0.00, real=0.00 secs] 
71.329: Total time for which application threads were stopped: 0.0005290 seconds, Stopping threads took: 0.0000460 seconds
71.368: Application time: 0.0395250 seconds
71.368: [GC [PSYoungGen: 7664K->544K(8192K)] 22323K->15203K(26112K), 0.0004300 secs] [Times: user=0.00 sys=0.00, real=0.00 secs] 
71.369: Total time for which application threads were stopped: 0.0005230 seconds, Stopping threads took: 0.0000380 seconds
71.408: Application time: 0.0395120 seconds
71.408: [GC [PSYoungGen: 7712K->528K(8192K)] 22371K->15187K(26112K), 0.0004520 secs] [Times: user=0.00 sys=0.00, real=0.00 secs] 
71.409: Total time for which application threads were stopped: 0.0005490 seconds, Stopping threads took: 0.0000450 seconds
71.448: Application time: 0.0393250 seconds
71.448: [GC [PSYoungGen: 7696K->512K(8192K)] 22355K->15171K(26112K), 0.0004480 secs] [Times: user=0.00 sys=0.00, real=0.00 secs] 
71.449: Total time for which application threads were stopped: 0.0005390 seconds, Stopping threads took: 0.0000390 seconds
71.488: Application time: 0.0392720 seconds
71.488: [GC [PSYoungGen: 7680K->480K(8192K)] 22339K->15139K(26112K), 0.0004420 secs] [Times: user=0.01 sys=0.00, real=0.00 secs] 
71.489: Total time for which application threads were stopped: 0.0005410 seconds, Stopping threads took: 0.0000360 seconds
71.528: Application time: 0.0396760 seconds
71.528: [GC [PSYoungGen: 7648K->528K(8192K)] 22307K->15187K(26112K), 0.0004840 secs] [Times: user=0.00 sys=0.00, real=0.00 secs] 
71.529: Total time for which application threads were stopped: 0.0005880 seconds, Stopping threads took: 0.0000520 seconds
71.568: Application time: 0.0392350 seconds
71.568: [GC [PSYoungGen: 7696K->496K(8192K)] 22355K->15155K(26112K), 0.0004220 secs] [Times: user=0.00 sys=0.00, real=0.00 secs] 
71.569: Total time for which application threads were stopped: 0.0005230 seconds, Stopping threads took: 0.0000410 seconds
71.608: Application time: 0.0392120 seconds
71.608: [GC [PSYoungGen: 7664K->544K(8192K)] 22323K->15203K(26112K), 0.0004750 secs] [Times: user=0.01 sys=0.00, real=0.00 secs] 
71.608: Total time for which application threads were stopped: 0.0005700 seconds, Stopping threads took: 0.0000390 seconds
71.648: Application time: 0.0395450 seconds
71.648: [GC [PSYoungGen: 7712K->544K(8192K)] 22371K->15203K(26112K), 0.0004480 secs] [Times: user=0.00 sys=0.00, real=0.00 secs] 
71.648: Total time for which application threads were stopped: 0.0005370 seconds, Stopping threads took: 0.0000380 seconds
71.688: Application time: 0.0397010 seconds
71.688: [GC [PSYoungGen: 7712K->496K(8192K)] 22371K->15155K(26112K), 0.0004990 secs] [Times: user=0.00 sys=0.00, real=0.00 secs] 
71.689: Total time for which application threads were stopped: 0.0005950 seconds, Stopping threads took: 0.0000410 seconds
71.728: Application time: 0.0390130 seconds
71.728: [GC [PSYoungGen: 7664K->464K(8192K)] 22323K->15179K(26112K), 0.0004630 secs] [Times: user=0.01 sys=0.00, real=0.00 secs] 
71.728: Total time for which application threads were stopped: 0.0005530 seconds, Stopping threads took: 0.0000370 seconds
71.768: Application time: 0.0393740 seconds
71.768: [GC [PSYoungGen: 7632K->400K(8192K)] 22347K->15203K(26112K), 0.0004460 secs] [Times: user=0.00 sys=0.00, real=0.00 secs] 
71.768: Total time for which application threads were stopped: 0.0005460 seconds, Stopping threads took: 0.0000470 seconds
71.807: Application time: 0.0392360 seconds
71.808: [GC [PSYoungGen: 7568K->304K(8192K)] 22371K->15227K(26112K), 0.0004050 secs] [Times: user=0.00 sys=0.00, real=0.00 secs] 
71.808: Total time for which application threads were stopped: 0.0005020 seconds, Stopping threads took: 0.0000460 seconds
71.847: Application time: 0.0393640 seconds
71.847: [GC [PSYoungGen: 7472K->288K(8192K)] 22395K->15211K(26112K), 0.0003680 secs] [Times: user=0.00 sys=0.00, real=0.00 secs] 
71.848: Total time for which application threads were stopped: 0.0004620 seconds, Stopping threads took: 0.0000430 seconds
71.887: Application time: 0.0387860 seconds
71.887: [GC [PSYoungGen: 7456K->304K(8192K)] 22379K->15292K(26112K), 0.0003740 secs] [Times: user=0.01 sys=0.00, real=0.00 secs] 
71.887: Total time for which application threads were stopped: 0.0004710 seconds, Stopping threads took: 0.0000430 seconds
71.927: Application time: 0.0396280 seconds
71.927: [GC [PSYoungGen: 7472K->272K(8192K)] 22460K->15316K(26112K), 0.0005000 secs] [Times: user=0.00 sys=0.00, real=0.00 secs] 
71.927: Total time for which application threads were stopped: 0.0006050 seconds, Stopping threads took: 0.0000440 seconds
71.965: Application time: 0.0376040 seconds
71.965: [GC [PSYoungGen: 7440K->384K(8192K)] 22484K->15428K(26112K), 0.0003960 secs] [Times: user=0.00 sys=0.00, real=0.00 secs] 
71.965: Total time for which application threads were stopped: 0.0004910 seconds, Stopping threads took: 0.0000420 seconds
72.004: Application time: 0.0385460 seconds
72.004: [GC [PSYoungGen: 7552K->400K(8192K)] 22596K->15444K(26112K), 0.0004590 secs] [Times: user=0.01 sys=0.00, real=0.00 secs] 
72.004: Total time for which application threads were stopped: 0.0005600 seconds, Stopping threads took: 0.0000400 seconds
72.044: Application time: 0.0394950 seconds
72.044: [GC [PSYoungGen: 7568K->416K(8192K)] 22612K->15460K(26112K), 0.0004060 secs] [Times: user=0.00 sys=0.00, real=0.00 secs] 
72.044: Total time for which application threads were stopped: 0.0005040 seconds, Stopping threads took: 0.0000460 seconds
72.084: Application time: 0.0391220 seconds
72.084: [GC [PSYoungGen: 7584K->480K(8192K)] 22628K->15524K(26112K), 0.0004180 secs] [Times: user=0.00 sys=0.00, real=0.00 secs] 
72.084: Total time for which application threads were stopped: 0.0005160 seconds, Stopping threads took: 0.0000440 seconds
72.123: Application time: 0.0388830 seconds
72.123: [GC [PSYoungGen: 7648K->512K(8192K)] 22692K->15556K(26112K), 0.0004820 secs] [Times: user=0.00 sys=0.00, real=0.00 secs] 
72.124: Total time for which application threads were stopped: 0.0005750 seconds, Stopping threads took: 0.0000410 seconds
72.163: Application time: 0.0392890 seconds
72.163: [GC [PSYoungGen: 7680K->512K(8192K)] 22724K->15556K(26112K), 0.0004200 secs] [Times: user=0.00 sys=0.00, real=0.00 secs] 
72.163: Total time for which application threads were stopped: 0.0005180 seconds, Stopping threads took: 0.0000420 seconds
72.203: Application time: 0.0399720 seconds
72.203: [GC [PSYoungGen: 7680K->512K(8192K)] 22724K->15556K(26112K), 0.0004300 secs] [Times: user=0.01 sys=0.00, real=0.00 secs] 
72.204: Total time for which application threads were stopped: 0.0005290 seconds, Stopping threads took: 0.0000470 seconds
72.243: Application time: 0.0393350 seconds
72.243: [GC [PSYoungGen: 7680K->496K(8192K)] 22724K->15540K(26112K), 0.0004220 secs] [Times: user=0.00 sys=0.00, real=0.00 secs] 
72.244: Total time for which application threads were stopped: 0.0005110 seconds, Stopping threads took: 0.0000360 seconds
72.283: Application time: 0.0393120 seconds
72.283: [GC [PSYoungGen: 7664K->480K(8192K)] 22708K->15524K(26112K), 0.0004380 secs] [Times: user=0.00 sys=0.00, real=0.00 secs] 
72.284: Total time for which application threads were stopped: 0.0005320 seconds, Stopping threads took: 0.0000400 seconds
72.323: Application time: 0.0393230 seconds
72.323: [GC [PSYoungGen: 7648K->544K(8192K)] 22692K->15588K(26112K), 0.0004370 secs] [Times: user=0.00 sys=0.00, real=0.00 secs] 
72.323: Total time for which application threads were stopped: 0.0005320 seconds, Stopping threads took: 0.0000450 seconds
72.363: Application time: 0.0397390 seconds
72.363: [GC [PSYoungGen: 7712K->528K(8192K)] 22756K->15572K(26112K), 0.0004290 secs] [Times: user=0.01 sys=0.00, real=0.00 secs] 
72.364: Total time for which application threads were stopped: 0.0005250 seconds, Stopping threads took: 0.0000420 seconds
72.403: Application time: 0.0393450 seconds
72.403: [GC [PSYoungGen: 7696K->528K(8192K)] 22740K->15572K(26112K), 0.0004480 secs] [Times: user=0.00 sys=0.00, real=0.00 secs] 
72.404: Total time for which application threads were stopped: 0.0005480 seconds, Stopping threads took: 0.0000470 seconds
72.443: Application time: 0.0392240 seconds
72.443: [GC [PSYoungGen: 7696K->512K(8192K)] 22740K->15556K(26112K), 0.0004330 secs] [Times: user=0.01 sys=0.00, real=0.00 secs] 
72.443: Total time for which application threads were stopped: 0.0005290 seconds, Stopping threads took: 0.0000400 seconds
72.483: Application time: 0.0393350 seconds
72.483: [GC [PSYoungGen: 7680K->464K(8192K)] 22724K->15564K(26112K), 0.0004430 secs] [Times: user=0.00 sys=0.00, real=0.00 secs] 
72.483: Total time for which application threads were stopped: 0.0005380 seconds, Stopping threads took: 0.0000430 seconds
72.522: Application time: 0.0391880 seconds
72.523: [GC [PSYoungGen: 7632K->496K(8192K)] 22732K->15596K(26112K), 0.0004390 secs] [Times: user=0.00 sys=0.00, real=0.00 secs] 
72.523: Total time for which application threads were stopped: 0.0005430 seconds, Stopping threads took: 0.0000390 seconds
72.563: Application time: 0.0398650 seconds
72.563: [GC [PSYoungGen: 7664K->336K(8192K)] 22764K->15548K(26112K), 0.0004590 secs] [Times: user=0.00 sys=0.00, real=0.00 secs] 
72.563: Total time for which application threads were stopped: 0.0005610 seconds, Stopping threads took: 0.0000460 seconds
72.603: Application time: 0.0391890 seconds
72.603: [GC [PSYoungGen: 7504K->288K(8192K)] 22716K->15580K(26112K), 0.0003880 secs] [Times: user=0.00 sys=0.00, real=0.00 secs] 
72.603: Total time for which application threads were stopped: 0.0004780 seconds, Stopping threads took: 0.0000370 seconds
72.642: Application time: 0.0394100 seconds
72.643: [GC [PSYoungGen: 7456K->288K(8192K)] 22748K->15580K(26112K), 0.0003680 secs] [Times: user=0.00 sys=0.00, real=0.00 secs] 
72.643: Total time for which application threads were stopped: 0.0004680 seconds, Stopping threads took: 0.0000460 seconds
72.682: Application time: 0.0390690 seconds
72.682: [GC [PSYoungGen: 7456K->288K(8192K)] 22748K->15644K(26112K), 0.0003990 secs] [Times: user=0.00 sys=0.00, real=0.00 secs] 
72.683: Total time for which application threads were stopped: 0.0004860 seconds, Stopping threads took: 0.0000350 seconds
72.721: Application time: 0.0388570 seconds
72.721: [GC [PSYoungGen: 7456K->320K(8192K)] 22812K->15732K(26112K), 0.0003790 secs] [Times: user=0.00 sys=0.00, real=0.00 secs] 
72.722: Total time for which application threads were stopped: 0.0004730 seconds, Stopping threads took: 0.0000400 seconds
72.760: Application time: 0.0380550 seconds
72.760: [GC [PSYoungGen: 7488K->352K(8192K)] 22900K->15764K(26112K), 0.0003860 secs] [Times: user=0.00 sys=0.00, real=0.00 secs] 
72.760: Total time for which application threads were stopped: 0.0004910 seconds, Stopping threads took: 0.0000490 seconds
72.799: Application time: 0.0384810 seconds
72.799: [GC [PSYoungGen: 7520K->416K(8192K)] 22932K->15828K(26112K), 0.0004150 secs] [Times: user=0.00 sys=0.00, real=0.00 secs] 
72.799: Total time for which application threads were stopped: 0.0005080 seconds, Stopping threads took: 0.0000420 seconds
72.838: Application time: 0.0390890 seconds
72.839: [GC [PSYoungGen: 7584K->480K(8192K)] 22996K->15892K(26112K), 0.0004690 secs] [Times: user=0.00 sys=0.00, real=0.00 secs] 
72.839: Total time for which application threads were stopped: 0.0005670 seconds, Stopping threads took: 0.0000460 seconds
72.879: Application time: 0.0398260 seconds
72.879: [GC [PSYoungGen: 7648K->416K(8192K)] 23060K->15828K(26112K), 0.0004650 secs] [Times: user=0.00 sys=0.00, real=0.00 secs] 
72.879: Total time for which application threads were stopped: 0.0005650 seconds, Stopping threads took: 0.0000460 seconds
72.919: Application time: 0.0392300 seconds
72.919: [GC [PSYoungGen: 7584K->480K(8192K)] 22996K->15892K(26112K), 0.0005140 secs] [Times: user=0.00 sys=0.00, real=0.00 secs] 
72.919: Total time for which application threads were stopped: 0.0006120 seconds, Stopping threads took: 0.0000350 seconds
72.959: Application time: 0.0392330 seconds
72.959: [GC [PSYoungGen: 7648K->480K(8192K)] 23060K->15892K(26112K), 0.0004660 secs] [Times: user=0.00 sys=0.00, real=0.00 secs] 
72.959: Total time for which application threads were stopped: 0.0005710 seconds, Stopping threads took: 0.0000480 seconds
72.999: Application time: 0.0398740 seconds
72.999: [GC [PSYoungGen: 7648K->528K(8192K)] 23060K->15940K(26112K), 0.0004220 secs] [Times: user=0.00 sys=0.00, real=0.00 secs] 
72.999: Total time for which application threads were stopped: 0.0005310 seconds, Stopping threads took: 0.0000540 seconds
73.039: Application time: 0.0396800 seconds
73.039: [GC [PSYoungGen: 7696K->480K(8192K)] 23108K->15892K(26112K), 0.0004160 secs] [Times: user=0.00 sys=0.00, real=0.00 secs] 
73.040: Total time for which application threads were stopped: 0.0005310 seconds, Stopping threads took: 0.0000490 seconds
73.079: Application time: 0.0392820 seconds
73.079: [GC [PSYoungGen: 7648K->512K(8192K)] 23060K->15924K(26112K), 0.0004250 secs] [Times: user=0.00 sys=0.00, real=0.00 secs] 
73.080: Total time for which application threads were stopped: 0.0005320 seconds, Stopping threads took: 0.0000510 seconds
73.119: Application time: 0.0392450 seconds
73.119: [GC [PSYoungGen: 7680K->496K(8192K)] 23092K->15908K(26112K), 0.0004270 secs] [Times: user=0.00 sys=0.00, real=0.00 secs] 
73.119: Total time for which application threads were stopped: 0.0005310 seconds, Stopping threads took: 0.0000480 seconds
73.159: Application time: 0.0392280 seconds
73.159: [GC [PSYoungGen: 7664K->496K(8192K)] 23076K->15908K(26112K), 0.0004180 secs] [Times: user=0.00 sys=0.00, real=0.00 secs] 
73.159: Total time for which application threads were stopped: 0.0005180 seconds, Stopping threads took: 0.0000440 seconds
73.198: Application time: 0.0392210 seconds
73.198: [GC [PSYoungGen: 7664K->528K(8192K)] 23076K->15940K(26112K), 0.0004740 secs] [Times: user=0.00 sys=0.00, real=0.00 secs] 
73.199: Total time for which application threads were stopped: 0.0005850 seconds, Stopping threads took: 0.0000470 seconds
73.238: Application time: 0.0392780 seconds
73.238: [GC [PSYoungGen: 7696K->544K(8192K)] 23108K->15956K(26112K), 0.0004240 secs] [Times: user=0.00 sys=0.00, real=0.00 secs] 
73.239: Total time for which application threads were stopped: 0.0005220 seconds, Stopping threads took: 0.0000430 seconds
73.278: Application time: 0.0396760 seconds
73.278: [GC [PSYoungGen: 7712K->480K(8192K)] 23124K->15948K(26112K), 0.0004260 secs] [Times: user=0.00 sys=0.00, real=0.00 secs] 
73.279: Total time for which application threads were stopped: 0.0005250 seconds, Stopping threads took: 0.0000410 seconds
73.318: Application time: 0.0392560 seconds
73.318: [GC [PSYoungGen: 7648K->432K(8192K)] 23116K->15956K(26112K), 0.0004180 secs] [Times: user=0.00 sys=0.00, real=0.00 secs] 
73.319: Total time for which application threads were stopped: 0.0005220 seconds, Stopping threads took: 0.0000450 seconds
73.358: Application time: 0.0392690 seconds
73.358: [GC [PSYoungGen: 7600K->336K(8192K)] 23124K->15940K(26112K), 0.0004640 secs] [Times: user=0.00 sys=0.00, real=0.00 secs] 
73.358: Total time for which application threads were stopped: 0.0005590 seconds, Stopping threads took: 0.0000370 seconds
73.398: Application time: 0.0392530 seconds
73.398: [GC [PSYoungGen: 7504K->288K(8192K)] 23108K->15980K(26112K), 0.0004010 secs] [Times: user=0.00 sys=0.00, real=0.00 secs] 
73.398: Total time for which application threads were stopped: 0.0005040 seconds, Stopping threads took: 0.0000480 seconds
73.438: Application time: 0.0393840 seconds
73.438: [GC [PSYoungGen: 7456K->304K(8192K)] 23148K->16052K(26112K), 0.0003790 secs] [Times: user=0.00 sys=0.00, real=0.00 secs] 
73.438: Total time for which application threads were stopped: 0.0004790 seconds, Stopping threads took: 0.0000460 seconds
73.477: Application time: 0.0388830 seconds
73.477: [GC [PSYoungGen: 7472K->288K(8192K)] 23220K->16036K(26112K), 0.0003800 secs] [Times: user=0.00 sys=0.00, real=0.00 secs] 
73.477: Total time for which application threads were stopped: 0.0004870 seconds, Stopping threads took: 0.0000520 seconds
73.516: Application time: 0.0389940 seconds
73.517: [GC [PSYoungGen: 7456K->304K(8192K)] 23204K->16108K(26112K), 0.0004000 secs] [Times: user=0.00 sys=0.00, real=0.00 secs] 
73.517: Total time for which application threads were stopped: 0.0004980 seconds, Stopping threads took: 0.0000410 seconds
73.556: Application time: 0.0387760 seconds
73.556: [GC [PSYoungGen: 7472K->384K(8192K)] 23276K->16188K(26112K), 0.0003830 secs] [Times: user=0.00 sys=0.00, real=0.00 secs] 
73.556: Total time for which application threads were stopped: 0.0004890 seconds, Stopping threads took: 0.0000390 seconds
73.594: Application time: 0.0382010 seconds
73.595: [GC [PSYoungGen: 7552K->432K(8192K)] 23356K->16236K(26112K), 0.0004710 secs] [Times: user=0.00 sys=0.00, real=0.00 secs] 
73.595: Total time for which application threads were stopped: 0.0005690 seconds, Stopping threads took: 0.0000400 seconds
73.634: Application time: 0.0391150 seconds
73.634: [GC [PSYoungGen: 7600K->496K(8192K)] 23404K->16300K(26112K), 0.0004610 secs] [Times: user=0.00 sys=0.00, real=0.00 secs] 
73.635: Total time for which application threads were stopped: 0.0005580 seconds, Stopping threads took: 0.0000380 seconds
73.674: Application time: 0.0391040 seconds
73.674: [GC [PSYoungGen: 7664K->480K(8192K)] 23468K->16284K(26112K), 0.0004490 secs] [Times: user=0.01 sys=0.00, real=0.00 secs] 
73.674: Total time for which application threads were stopped: 0.0005460 seconds, Stopping threads took: 0.0000410 seconds
73.714: Application time: 0.0393550 seconds
73.714: [GC [PSYoungGen: 7648K->528K(8192K)] 23452K->16332K(26112K), 0.0004990 secs] [Times: user=0.00 sys=0.00, real=0.00 secs] 
73.714: Total time for which application threads were stopped: 0.0005920 seconds, Stopping threads took: 0.0000380 seconds
73.755: Application time: 0.0402550 seconds
73.755: [GC [PSYoungGen: 7696K->512K(8192K)] 23500K->16316K(26112K), 0.0004160 secs] [Times: user=0.01 sys=0.00, real=0.00 secs] 
73.755: Total time for which application threads were stopped: 0.0005240 seconds, Stopping threads took: 0.0000430 seconds
73.794: Application time: 0.0393490 seconds
73.795: [GC [PSYoungGen: 7680K->512K(8192K)] 23484K->16316K(26112K), 0.0004300 secs] [Times: user=0.00 sys=0.00, real=0.00 secs] 
73.795: Total time for which application threads were stopped: 0.0005350 seconds, Stopping threads took: 0.0000470 seconds
73.835: Application time: 0.0396820 seconds
73.835: [GC [PSYoungGen: 7680K->512K(8192K)] 23484K->16316K(26112K), 0.0004710 secs] [Times: user=0.00 sys=0.00, real=0.00 secs] 
73.835: Total time for which application threads were stopped: 0.0005680 seconds, Stopping threads took: 0.0000400 seconds
73.875: Application time: 0.0394500 seconds
73.875: [GC [PSYoungGen: 7680K->512K(8192K)] 23484K->16316K(26112K), 0.0004680 secs] [Times: user=0.00 sys=0.00, real=0.00 secs] 
73.875: Total time for which application threads were stopped: 0.0005730 seconds, Stopping threads took: 0.0000490 seconds
73.915: Application time: 0.0396350 seconds
73.915: [GC [PSYoungGen: 7680K->512K(8192K)] 23484K->16316K(26112K), 0.0004770 secs] [Times: user=0.00 sys=0.00, real=0.00 secs] 
73.915: Total time for which application threads were stopped: 0.0005980 seconds, Stopping threads took: 0.0000550 seconds
73.955: Application time: 0.0393010 seconds
73.955: [GC [PSYoungGen: 7680K->512K(8192K)] 23484K->16316K(26112K), 0.0004660 secs] [Times: user=0.00 sys=0.00, real=0.00 secs] 
73.955: Total time for which application threads were stopped: 0.0005680 seconds, Stopping threads took: 0.0000450 seconds
73.995: Application time: 0.0392260 seconds
73.995: [GC [PSYoungGen: 7680K->480K(8192K)] 23484K->16284K(26112K), 0.0004240 secs] [Times: user=0.00 sys=0.00, real=0.00 secs] 
73.995: Total time for which application threads were stopped: 0.0005270 seconds, Stopping threads took: 0.0000490 seconds
74.035: Application time: 0.0395170 seconds
74.035: [GC [PSYoungGen: 7648K->496K(8192K)] 23452K->16300K(26112K), 0.0004410 secs] [Times: user=0.00 sys=0.00, real=0.00 secs] 
74.035: Total time for which application threads were stopped: 0.0005370 seconds, Stopping threads took: 0.0000400 seconds
74.074: Application time: 0.0392260 seconds
74.077: [GC [PSYoungGen: 7664K->480K(8192K)] 23468K->16332K(26112K), 0.0004580 secs] [Times: user=0.00 sys=0.00, real=0.00 secs] 
74.078: Total time for which application threads were stopped: 0.0031790 seconds, Stopping threads took: 0.0026520 seconds
74.117: Application time: 0.0397120 seconds
74.117: [GC [PSYoungGen: 7648K->416K(8192K)] 23500K->16348K(26112K), 0.0004270 secs] [Times: user=0.00 sys=0.00, real=0.00 secs] 
74.118: Total time for which application threads were stopped: 0.0005300 seconds, Stopping threads took: 0.0000470 seconds
74.157: Application time: 0.0394160 seconds
74.157: [GC [PSYoungGen: 7584K->384K(8192K)] 23516K->16364K(26112K), 0.0004080 secs] [Times: user=0.00 sys=0.00, real=0.00 secs] 
74.158: Total time for which application threads were stopped: 0.0004990 seconds, Stopping threads took: 0.0000370 seconds
74.197: Application time: 0.0393220 seconds
74.197: [GC [PSYoungGen: 7552K->304K(8192K)] 23532K->16380K(26112K), 0.0004010 secs] [Times: user=0.00 sys=0.00, real=0.00 secs] 
74.198: Total time for which application threads were stopped: 0.0005030 seconds, Stopping threads took: 0.0000400 seconds
74.237: Application time: 0.0389510 seconds
74.237: [GC [PSYoungGen: 7472K->256K(8192K)] 23548K->16372K(26112K), 0.0004170 secs] [Times: user=0.00 sys=0.00, real=0.00 secs] 
74.237: Total time for which application threads were stopped: 0.0005200 seconds, Stopping threads took: 0.0000450 seconds
74.276: Application time: 0.0388590 seconds
74.276: [GC [PSYoungGen: 7424K->288K(8192K)] 23540K->16460K(26112K), 0.0003860 secs] [Times: user=0.00 sys=0.00, real=0.00 secs] 
74.276: Total time for which application threads were stopped: 0.0004790 seconds, Stopping threads took: 0.0000350 seconds
74.315: Application time: 0.0387840 seconds
74.315: [GC [PSYoungGen: 7456K->336K(8192K)] 23628K->16508K(26112K), 0.0004390 secs] [Times: user=0.00 sys=0.00, real=0.00 secs] 
74.316: Total time for which application threads were stopped: 0.0005410 seconds, Stopping threads took: 0.0000430 seconds
74.354: Application time: 0.0386090 seconds
74.354: [GC [PSYoungGen: 7504K->432K(8192K)] 23676K->16604K(26112K), 0.0004190 secs] [Times: user=0.00 sys=0.00, real=0.00 secs] 
74.355: Total time for which application threads were stopped: 0.0005200 seconds, Stopping threads took: 0.0000450 seconds
74.393: Application time: 0.0382290 seconds
74.393: [GC [PSYoungGen: 7600K->480K(8192K)] 23772K->16652K(26112K), 0.0004300 secs] [Times: user=0.01 sys=0.00, real=0.00 secs] 
74.394: Total time for which application threads were stopped: 0.0005280 seconds, Stopping threads took: 0.0000410 seconds
74.433: Application time: 0.0394530 seconds
74.433: [GC [PSYoungGen: 7648K->464K(8192K)] 23820K->16636K(26112K), 0.0004420 secs] [Times: user=0.00 sys=0.00, real=0.00 secs] 
74.434: Total time for which application threads were stopped: 0.0005450 seconds, Stopping threads took: 0.0000470 seconds
74.473: Application time: 0.0390910 seconds
74.473: [GC [PSYoungGen: 7632K->480K(8192K)] 23804K->16652K(26112K), 0.0004790 secs] [Times: user=0.00 sys=0.00, real=0.00 secs] 
74.473: Total time for which application threads were stopped: 0.0005820 seconds, Stopping threads took: 0.0000440 seconds
74.513: Application time: 0.0395330 seconds
74.513: [GC [PSYoungGen: 7648K->512K(8192K)] 23820K->16684K(26112K), 0.0004890 secs] [Times: user=0.00 sys=0.00, real=0.00 secs] 
74.513: Total time for which application threads were stopped: 0.0005880 seconds, Stopping threads took: 0.0000430 seconds
74.553: Application time: 0.0395140 seconds
74.553: [GC [PSYoungGen: 7680K->544K(8192K)] 23852K->16716K(26112K), 0.0004680 secs] [Times: user=0.00 sys=0.00, real=0.00 secs] 
74.553: Total time for which application threads were stopped: 0.0005620 seconds, Stopping threads took: 0.0000380 seconds
74.593: Application time: 0.0392490 seconds
74.593: [GC [PSYoungGen: 7712K->528K(8192K)] 23884K->16700K(26112K), 0.0004360 secs] [Times: user=0.00 sys=0.00, real=0.00 secs] 
74.593: Total time for which application threads were stopped: 0.0005450 seconds, Stopping threads took: 0.0000460 seconds
74.633: Application time: 0.0395620 seconds
74.633: [GC [PSYoungGen: 7696K->480K(8192K)] 23868K->16652K(26112K), 0.0004450 secs] [Times: user=0.01 sys=0.00, real=0.00 secs] 
74.633: Total time for which application threads were stopped: 0.0005410 seconds, Stopping threads took: 0.0000440 seconds
74.673: Application time: 0.0391960 seconds
74.673: [GC [PSYoungGen: 7648K->480K(8192K)] 23820K->16652K(26112K), 0.0004390 secs] [Times: user=0.00 sys=0.00, real=0.00 secs] 
74.673: Total time for which application threads were stopped: 0.0005330 seconds, Stopping threads took: 0.0000370 seconds
74.712: Application time: 0.0392060 seconds
74.712: [GC [PSYoungGen: 7648K->496K(8192K)] 23820K->16668K(26112K), 0.0004810 secs] [Times: user=0.00 sys=0.00, real=0.00 secs] 
74.713: Total time for which application threads were stopped: 0.0005820 seconds, Stopping threads took: 0.0000450 seconds
74.752: Application time: 0.0391720 seconds
74.752: [GC [PSYoungGen: 7664K->512K(8192K)] 23836K->16684K(26112K), 0.0004660 secs] [Times: user=0.00 sys=0.00, real=0.00 secs] 
74.753: Total time for which application threads were stopped: 0.0005650 seconds, Stopping threads took: 0.0000430 seconds
74.792: Application time: 0.0392360 seconds
74.792: [GC [PSYoungGen: 7680K->544K(8192K)] 23852K->16716K(26112K), 0.0004650 secs] [Times: user=0.00 sys=0.00, real=0.00 secs] 
74.792: Total time for which application threads were stopped: 0.0005680 seconds, Stopping threads took: 0.0000470 seconds
74.832: Application time: 0.0397520 seconds
74.832: [GC [PSYoungGen: 7712K->512K(8192K)] 23884K->16740K(26112K), 0.0004490 secs] [Times: user=0.01 sys=0.00, real=0.00 secs] 
74.833: Total time for which application threads were stopped: 0.0005510 seconds, Stopping threads took: 0.0000460 seconds
74.872: Application time: 0.0392910 seconds
74.872: [GC [PSYoungGen: 7680K->432K(8192K)] 23908K->16716K(26112K), 0.0004310 secs] [Times: user=0.00 sys=0.00, real=0.00 secs] 
74.873: Total time for which application threads were stopped: 0.0005410 seconds, Stopping threads took: 0.0000560 seconds
74.912: Application time: 0.0397010 seconds
74.912: [GC [PSYoungGen: 7600K->400K(8192K)] 23884K->16740K(26112K), 0.0004750 secs] [Times: user=0.00 sys=0.00, real=0.00 secs] 
74.913: Total time for which application threads were stopped: 0.0005980 seconds, Stopping threads took: 0.0000570 seconds
74.952: Application time: 0.0392510 seconds
74.952: [GC [PSYoungGen: 7568K->336K(8192K)] 23908K->16772K(26112K), 0.0004460 secs] [Times: user=0.01 sys=0.00, real=0.00 secs] 
74.953: Total time for which application threads were stopped: 0.0005430 seconds, Stopping threads took: 0.0000420 seconds
74.992: Application time: 0.0394110 seconds
74.992: [GC [PSYoungGen: 7504K->256K(8192K)] 23940K->16773K(26112K), 0.0004270 secs] [Times: user=0.00 sys=0.00, real=0.00 secs] 
74.993: Total time for which application threads were stopped: 0.0005220 seconds, Stopping threads took: 0.0000380 seconds
75.032: Application time: 0.0389060 seconds
75.032: [GC [PSYoungGen: 7424K->288K(8192K)] 23941K->16805K(26112K), 0.0003650 secs] [Times: user=0.01 sys=0.00, real=0.00 secs] 
75.032: Total time for which application threads were stopped: 0.0004660 seconds, Stopping threads took: 0.0000460 seconds
75.071: Application time: 0.0388510 seconds
75.071: [GC [PSYoungGen: 7456K->352K(8192K)] 23973K->16925K(26112K), 0.0004570 secs] [Times: user=0.01 sys=0.00, real=0.00 secs] 
75.071: Total time for which application threads were stopped: 0.0005550 seconds, Stopping threads took: 0.0000410 seconds
75.110: Application time: 0.0390880 seconds
75.111: [GC [PSYoungGen: 7520K->352K(8192K)] 24093K->16925K(26112K), 0.0004170 secs] [Times: user=0.00 sys=0.00, real=0.00 secs] 
75.111: Total time for which application threads were stopped: 0.0005270 seconds, Stopping threads took: 0.0000440 seconds
75.149: Application time: 0.0379890 seconds
75.149: [GC [PSYoungGen: 7520K->400K(8192K)] 24093K->16973K(26112K), 0.0004260 secs] [Times: user=0.01 sys=0.00, real=0.00 secs] 
75.150: Total time for which application threads were stopped: 0.0005320 seconds, Stopping threads took: 0.0000470 seconds
75.189: Application time: 0.0391220 seconds
75.189: [GC [PSYoungGen: 7568K->448K(8192K)] 24141K->17021K(26112K), 0.0004570 secs] [Times: user=0.00 sys=0.00, real=0.01 secs] 
75.190: Total time for which application threads were stopped: 0.0015650 seconds, Stopping threads took: 0.0000450 seconds
75.230: Application time: 0.0393970 seconds
75.230: [GC [PSYoungGen: 7616K->448K(8192K)] 24189K->17021K(26112K), 0.0004320 secs] [Times: user=0.00 sys=0.00, real=0.00 secs] 
75.230: Total time for which application threads were stopped: 0.0005280 seconds, Stopping threads took: 0.0000400 seconds
75.269: Application time: 0.0389040 seconds
75.269: [GC [PSYoungGen: 7616K->528K(8192K)] 24189K->17101K(26112K), 0.0004740 secs] [Times: user=0.00 sys=0.00, real=0.00 secs] 
75.270: Total time for which application threads were stopped: 0.0005780 seconds, Stopping threads took: 0.0000470 seconds
75.310: Application time: 0.0404750 seconds
75.310: [GC [PSYoungGen: 7696K->480K(8192K)] 24269K->17053K(26112K), 0.0004110 secs] [Times: user=0.00 sys=0.00, real=0.00 secs] 
75.311: Total time for which application threads were stopped: 0.0005040 seconds, Stopping threads took: 0.0000370 seconds
75.350: Application time: 0.0393100 seconds
75.350: [GC [PSYoungGen: 7648K->512K(8192K)] 24221K->17085K(26112K), 0.0004340 secs] [Times: user=0.01 sys=0.00, real=0.00 secs] 
75.350: Total time for which application threads were stopped: 0.0005310 seconds, Stopping threads took: 0.0000380 seconds
75.390: Application time: 0.0394040 seconds
75.390: [GC [PSYoungGen: 7680K->512K(8192K)] 24253K->17085K(26112K), 0.0004260 secs] [Times: user=0.00 sys=0.00, real=0.00 secs] 
75.390: Total time for which application threads were stopped: 0.0005280 seconds, Stopping threads took: 0.0000470 seconds
75.430: Application time: 0.0394660 seconds
75.430: [GC [PSYoungGen: 7680K->464K(8192K)] 24253K->17037K(26112K), 0.0004850 secs] [Times: user=0.00 sys=0.00, real=0.00 secs] 
75.430: Total time for which application threads were stopped: 0.0005830 seconds, Stopping threads took: 0.0000430 seconds
75.470: Application time: 0.0391650 seconds
75.473: [GC [PSYoungGen: 7632K->544K(8192K)] 24205K->17117K(26112K), 0.0004890 secs] [Times: user=0.01 sys=0.00, real=0.00 secs] 
75.474: Total time for which application threads were stopped: 0.0039670 seconds, Stopping threads took: 0.0034200 seconds
75.513: Application time: 0.0396890 seconds
75.513: [GC [PSYoungGen: 7712K->496K(8192K)] 24285K->17069K(26112K), 0.0004320 secs] [Times: user=0.01 sys=0.00, real=0.00 secs] 
75.514: Total time for which application threads were stopped: 0.0005350 seconds, Stopping threads took: 0.0000470 seconds
75.553: Application time: 0.0391880 seconds
75.553: [GC [PSYoungGen: 7664K->496K(8192K)] 24237K->17069K(26112K), 0.0004410 secs] [Times: user=0.00 sys=0.00, real=0.00 secs] 
75.554: Total time for which application threads were stopped: 0.0005320 seconds, Stopping threads took: 0.0000400 seconds
75.593: Application time: 0.0392960 seconds
75.593: [GC [PSYoungGen: 7664K->496K(8192K)] 24237K->17069K(26112K), 0.0004420 secs] [Times: user=0.00 sys=0.00, real=0.00 secs] 
75.593: Total time for which application threads were stopped: 0.0005440 seconds, Stopping threads took: 0.0000450 seconds
75.633: Application time: 0.0393480 seconds
75.633: [GC [PSYoungGen: 7664K->496K(8192K)] 24237K->17125K(26112K), 0.0004400 secs] [Times: user=0.00 sys=0.00, real=0.00 secs] 
75.633: Total time for which application threads were stopped: 0.0005460 seconds, Stopping threads took: 0.0000400 seconds
75.673: Application time: 0.0395450 seconds
75.673: [GC [PSYoungGen: 7664K->432K(8192K)] 24293K->17165K(26112K), 0.0004240 secs] [Times: user=0.00 sys=0.00, real=0.00 secs] 
75.673: Total time for which application threads were stopped: 0.0005290 seconds, Stopping threads took: 0.0000490 seconds
75.713: Application time: 0.0395180 seconds
75.713: [GC [PSYoungGen: 7600K->352K(8192K)] 24333K->17133K(26112K), 0.0004050 secs] [Times: user=0.00 sys=0.00, real=0.00 secs] 
75.713: Total time for which application threads were stopped: 0.0005050 seconds, Stopping threads took: 0.0000440 seconds
75.753: Application time: 0.0395690 seconds
75.757: [GC [PSYoungGen: 7520K->288K(8192K)] 24301K->17165K(26112K), 0.0004300 secs] [Times: user=0.00 sys=0.00, real=0.00 secs] 
75.758: Total time for which application threads were stopped: 0.0045760 seconds, Stopping threads took: 0.0040870 seconds
75.797: Application time: 0.0393540 seconds
75.797: [GC [PSYoungGen: 7456K->304K(8192K)] 24333K->17237K(26112K), 0.0004380 secs] [Times: user=0.00 sys=0.00, real=0.00 secs] 
75.797: Total time for which application threads were stopped: 0.0005320 seconds, Stopping threads took: 0.0000380 seconds
75.836: Application time: 0.0388990 seconds
75.836: [GC [PSYoungGen: 7472K->320K(8192K)] 24405K->17253K(26112K), 0.0003830 secs] [Times: user=0.00 sys=0.00, real=0.00 secs] 
75.837: Total time for which application threads were stopped: 0.0004800 seconds, Stopping threads took: 0.0000410 seconds
75.875: Application time: 0.0385640 seconds
75.875: [GC [PSYoungGen: 7488K->336K(8192K)] 24421K->17317K(26112K), 0.0004690 secs] [Times: user=0.01 sys=0.00, real=0.00 secs] 
75.876: Total time for which application threads were stopped: 0.0005700 seconds, Stopping threads took: 0.0000430 seconds
75.915: Application time: 0.0389820 seconds
75.915: [GC [PSYoungGen: 7504K->368K(8192K)] 24485K->17349K(26112K), 0.0004360 secs] [Times: user=0.00 sys=0.00, real=0.00 secs] 
75.915: Total time for which application threads were stopped: 0.0005600 seconds, Stopping threads took: 0.0000600 seconds
75.953: Application time: 0.0378900 seconds
75.953: [GC [PSYoungGen: 7536K->464K(8192K)] 24517K->17445K(26112K), 0.0004170 secs] [Times: user=0.00 sys=0.00, real=0.00 secs] 
75.954: Total time for which application threads were stopped: 0.0005240 seconds, Stopping threads took: 0.0000440 seconds
75.993: Application time: 0.0394100 seconds
75.993: [GC [PSYoungGen: 7632K->464K(8192K)] 24613K->17445K(26112K), 0.0004270 secs] [Times: user=0.00 sys=0.00, real=0.00 secs] 
75.994: Total time for which application threads were stopped: 0.0005230 seconds, Stopping threads took: 0.0000370 seconds
76.033: Application time: 0.0387490 seconds
76.033: [GC [PSYoungGen: 7632K->496K(8192K)] 24613K->17477K(26112K), 0.0004980 secs] [Times: user=0.00 sys=0.00, real=0.00 secs] 
76.033: Total time for which application threads were stopped: 0.0005960 seconds, Stopping threads took: 0.0000390 seconds
76.073: Application time: 0.0397260 seconds
76.073: [GC [PSYoungGen: 7664K->464K(8192K)] 24645K->17445K(26112K), 0.0004690 secs] [Times: user=0.00 sys=0.00, real=0.00 secs] 
76.073: Total time for which application threads were stopped: 0.0005660 seconds, Stopping threads took: 0.0000420 seconds
76.113: Application time: 0.0394200 seconds
76.113: [GC [PSYoungGen: 7632K->512K(8192K)] 24613K->17493K(26112K), 0.0004570 secs] [Times: user=0.00 sys=0.00, real=0.00 secs] 
76.113: Total time for which application threads were stopped: 0.0005530 seconds, Stopping threads took: 0.0000390 seconds
76.153: Application time: 0.0395310 seconds
76.153: [GC [PSYoungGen: 7680K->480K(8192K)] 24661K->17461K(26112K), 0.0004930 secs] [Times: user=0.00 sys=0.00, real=0.00 secs] 
76.154: Total time for which application threads were stopped: 0.0006100 seconds, Stopping threads took: 0.0000490 seconds
76.193: Application time: 0.0394200 seconds
76.193: [GC [PSYoungGen: 7648K->496K(8192K)] 24629K->17477K(26112K), 0.0004740 secs] [Times: user=0.00 sys=0.00, real=0.00 secs] 
76.194: Total time for which application threads were stopped: 0.0005820 seconds, Stopping threads took: 0.0000510 seconds
76.233: Application time: 0.0391930 seconds
76.233: [GC [PSYoungGen: 7664K->496K(8192K)] 24645K->17477K(26112K), 0.0004760 secs] [Times: user=0.00 sys=0.00, real=0.00 secs] 
76.233: Total time for which application threads were stopped: 0.0005740 seconds, Stopping threads took: 0.0000420 seconds
76.273: Application time: 0.0392740 seconds
76.273: [GC [PSYoungGen: 7664K->496K(8192K)] 24645K->17477K(26112K), 0.0004320 secs] [Times: user=0.00 sys=0.00, real=0.00 secs] 
76.273: Total time for which application threads were stopped: 0.0005310 seconds, Stopping threads took: 0.0000430 seconds
76.313: Application time: 0.0394970 seconds
76.313: [GC [PSYoungGen: 7664K->480K(8192K)] 24645K->17461K(26112K), 0.0004580 secs] [Times: user=0.01 sys=0.00, real=0.00 secs] 
76.313: Total time for which application threads were stopped: 0.0005550 seconds, Stopping threads took: 0.0000370 seconds
76.352: Application time: 0.0390900 seconds
76.352: [GC [PSYoungGen: 7648K->480K(8192K)] 24629K->17461K(26112K), 0.0004520 secs] [Times: user=0.00 sys=0.00, real=0.00 secs] 
76.353: Total time for which application threads were stopped: 0.0005540 seconds, Stopping threads took: 0.0000460 seconds
76.392: Application time: 0.0391460 seconds
76.392: [GC [PSYoungGen: 7648K->464K(8192K)] 24629K->17445K(26112K), 0.0004470 secs] [Times: user=0.01 sys=0.00, real=0.00 secs] 
76.393: Total time for which application threads were stopped: 0.0005440 seconds, Stopping threads took: 0.0000430 seconds
76.432: Application time: 0.0391480 seconds
76.432: [GC [PSYoungGen: 7632K->480K(8192K)] 24613K->17517K(26112K), 0.0004330 secs] [Times: user=0.00 sys=0.00, real=0.00 secs] 
76.432: Total time for which application threads were stopped: 0.0005280 seconds, Stopping threads took: 0.0000380 seconds
76.472: Application time: 0.0394660 seconds
76.472: [GC [PSYoungGen: 7648K->416K(8192K)] 24685K->17557K(26112K), 0.0004310 secs] [Times: user=0.00 sys=0.00, real=0.00 secs] 
76.472: Total time for which application threads were stopped: 0.0005230 seconds, Stopping threads took: 0.0000370 seconds
76.512: Application time: 0.0392750 seconds
76.512: [GC [PSYoungGen: 7584K->320K(8192K)] 24725K->17509K(26112K), 0.0003950 secs] [Times: user=0.00 sys=0.00, real=0.00 secs] 
76.512: Total time for which application threads were stopped: 0.0005000 seconds, Stopping threads took: 0.0000440 seconds
76.551: Application time: 0.0391330 seconds
76.551: [GC [PSYoungGen: 7488K->272K(8192K)] 24677K->17585K(26112K), 0.0003910 secs] [Times: user=0.00 sys=0.00, real=0.00 secs] 
76.552: Total time for which application threads were stopped: 0.0004930 seconds, Stopping threads took: 0.0000460 seconds
76.591: Application time: 0.0398000 seconds
76.592: [GC [PSYoungGen: 7440K->272K(8192K)] 24753K->17585K(26112K), 0.0004410 secs] [Times: user=0.00 sys=0.00, real=0.00 secs] 
76.592: Total time for which application threads were stopped: 0.0005360 seconds, Stopping threads took: 0.0000380 seconds
76.630: Application time: 0.0384760 seconds
76.631: [GC [PSYoungGen: 7440K->272K(8192K)] 24753K->17641K(26112K), 0.0004210 secs] [Times: user=0.01 sys=0.00, real=0.00 secs] 
76.631: Total time for which application threads were stopped: 0.0005210 seconds, Stopping threads took: 0.0000460 seconds
76.669: Application time: 0.0380930 seconds
76.669: [GC [PSYoungGen: 7440K->384K(8192K)] 24809K->17753K(26112K), 0.0004130 secs] [Times: user=0.00 sys=0.00, real=0.00 secs] 
76.670: Total time for which application threads were stopped: 0.0005220 seconds, Stopping threads took: 0.0000430 seconds
76.709: Application time: 0.0390520 seconds
76.709: [GC [PSYoungGen: 7552K->400K(8192K)] 24921K->17769K(26112K), 0.0004060 secs] [Times: user=0.00 sys=0.00, real=0.01 secs] 
76.709: Total time for which application threads were stopped: 0.0005240 seconds, Stopping threads took: 0.0000570 seconds
76.747: Application time: 0.0382370 seconds
76.748: [GC [PSYoungGen: 7568K->464K(8192K)] 24937K->17833K(26112K), 0.0004570 secs] [Times: user=0.00 sys=0.00, real=0.00 secs] 
76.748: Total time for which application threads were stopped: 0.0005560 seconds, Stopping threads took: 0.0000430 seconds
76.787: Application time: 0.0394650 seconds
76.788: [GC [PSYoungGen: 7632K->448K(8192K)] 25001K->17817K(26112K), 0.0004240 secs] [Times: user=0.01 sys=0.00, real=0.00 secs] 
76.788: Total time for which application threads were stopped: 0.0005230 seconds, Stopping threads took: 0.0000440 seconds
76.827: Application time: 0.0389120 seconds
76.827: [GC [PSYoungGen: 7616K->512K(8192K)] 24985K->17881K(26112K), 0.0004890 secs] [Times: user=0.00 sys=0.00, real=0.00 secs] 
76.827: Total time for which application threads were stopped: 0.0005890 seconds, Stopping threads took: 0.0000440 seconds
76.867: Application time: 0.0394090 seconds
76.867: [GC [PSYoungGen: 7680K->560K(8192K)] 25049K->17929K(26112K), 0.0004730 secs] [Times: user=0.00 sys=0.00, real=0.00 secs] 
76.867: Total time for which application threads were stopped: 0.0005720 seconds, Stopping threads took: 0.0000440 seconds
76.908: Application time: 0.0401320 seconds
76.908: [GC [PSYoungGen: 7728K->480K(8192K)] 25097K->17849K(26112K), 0.0004860 secs] [Times: user=0.01 sys=0.00, real=0.00 secs] 
76.908: Total time for which application threads were stopped: 0.0006160 seconds, Stopping threads took: 0.0000640 seconds
76.947: Application time: 0.0392680 seconds
76.948: [GC [PSYoungGen: 7648K->464K(8192K)] 25017K->17833K(26112K), 0.0004410 secs] [Times: user=0.00 sys=0.00, real=0.00 secs] 
76.948: Total time for which application threads were stopped: 0.0005440 seconds, Stopping threads took: 0.0000450 seconds
76.988: Application time: 0.0397490 seconds
76.988: [GC [PSYoungGen: 7632K->528K(8192K)] 25001K->17897K(26112K), 0.0004750 secs] [Times: user=0.00 sys=0.00, real=0.00 secs] 
76.988: Total time for which application threads were stopped: 0.0005690 seconds, Stopping threads took: 0.0000420 seconds
77.028: Application time: 0.0392070 seconds
77.028: [GC [PSYoungGen: 7696K->496K(8192K)] 25065K->17865K(26112K), 0.0004140 secs] [Times: user=0.01 sys=0.00, real=0.00 secs] 
77.028: Total time for which application threads were stopped: 0.0005150 seconds, Stopping threads took: 0.0000440 seconds
77.067: Application time: 0.0390570 seconds
77.067: [GC [PSYoungGen: 7664K->480K(8192K)] 25033K->17849K(26112K), 0.0004530 secs] [Times: user=0.00 sys=0.00, real=0.00 secs] 
77.068: Total time for which application threads were stopped: 0.0005490 seconds, Stopping threads took: 0.0000410 seconds
77.107: Application time: 0.0391870 seconds
77.107: [GC [PSYoungGen: 7648K->528K(8192K)] 25017K->17897K(26112K), 0.0004320 secs] [Times: user=0.01 sys=0.00, real=0.00 secs] 
77.107: Total time for which application threads were stopped: 0.0005280 seconds, Stopping threads took: 0.0000410 seconds
77.147: Application time: 0.0391090 seconds
77.147: [GC [PSYoungGen: 7696K->544K(8192K)] 25065K->17913K(26112K), 0.0004360 secs] [Times: user=0.00 sys=0.00, real=0.00 secs] 
77.147: Total time for which application threads were stopped: 0.0005380 seconds, Stopping threads took: 0.0000470 seconds
77.186: Application time: 0.0394270 seconds
77.187: [GC [PSYoungGen: 7712K->512K(8192K)] 25081K->17881K(26112K), 0.0004230 secs] [Times: user=0.00 sys=0.00, real=0.00 secs] 
77.187: Total time for which application threads were stopped: 0.0005260 seconds, Stopping threads took: 0.0000380 seconds
77.226: Application time: 0.0393850 seconds
77.226: [GC [PSYoungGen: 7680K->464K(8192K)] 25049K->17889K(26112K), 0.0004480 secs] [Times: user=0.00 sys=0.00, real=0.00 secs] 
77.227: Total time for which application threads were stopped: 0.0005390 seconds, Stopping threads took: 0.0000380 seconds
77.266: Application time: 0.0392110 seconds
77.266: [GC [PSYoungGen: 7632K->384K(8192K)] 25057K->17937K(26112K), 0.0004250 secs] [Times: user=0.00 sys=0.00, real=0.00 secs] 
77.267: Total time for which application threads were stopped: 0.0005320 seconds, Stopping threads took: 0.0000500 seconds
77.306: Application time: 0.0398140 seconds
77.309: [GC [PSYoungGen: 7552K->304K(8192K)] 25105K->17913K(26112K), 0.0004280 secs] [Times: user=0.00 sys=0.00, real=0.00 secs] 
77.310: Total time for which application threads were stopped: 0.0030740 seconds, Stopping threads took: 0.0025910 seconds
77.349: Application time: 0.0393270 seconds
77.349: [GC [PSYoungGen: 7472K->272K(8192K)] 25081K->17969K(26112K), 0.0003930 secs] [Times: user=0.01 sys=0.00, real=0.01 secs] 
77.349: Total time for which application threads were stopped: 0.0004910 seconds, Stopping threads took: 0.0000420 seconds
77.389: Application time: 0.0394970 seconds
77.389: [GC [PSYoungGen: 7440K->272K(8192K)] 25137K->17969K(26112K), 0.0003910 secs] [Times: user=0.00 sys=0.00, real=0.01 secs] 
77.389: Total time for which application threads were stopped: 0.0004910 seconds, Stopping threads took: 0.0000440 seconds
77.428: Application time: 0.0384490 seconds
77.428: [GC [PSYoungGen: 7440K->288K(8192K)] 25137K->18033K(26112K), 0.0003930 secs] [Times: user=0.00 sys=0.00, real=0.00 secs] 
77.428: Total time for which application threads were stopped: 0.0004970 seconds, Stopping threads took: 0.0000470 seconds
77.467: Application time: 0.0383050 seconds
77.467: [GC [PSYoungGen: 7456K->352K(8192K)] 25201K->18097K(26112K), 0.0003900 secs] [Times: user=0.00 sys=0.00, real=0.00 secs] 
77.467: Total time for which application threads were stopped: 0.0004890 seconds, Stopping threads took: 0.0000430 seconds
77.506: Application time: 0.0386670 seconds
77.506: [GC [PSYoungGen: 7520K->448K(8192K)] 25265K->18193K(26112K), 0.0004780 secs] [Times: user=0.00 sys=0.00, real=0.00 secs] 
77.506: Total time for which application threads were stopped: 0.0005760 seconds, Stopping threads took: 0.0000390 seconds
77.545: Application time: 0.0389780 seconds
77.545: [GC [PSYoungGen: 7616K->448K(8192K)] 25361K->18193K(26112K), 0.0004200 secs] [Times: user=0.00 sys=0.00, real=0.00 secs] 
77.546: Total time for which application threads were stopped: 0.0005190 seconds, Stopping threads took: 0.0000390 seconds
77.585: Application time: 0.0393660 seconds
77.585: [GC [PSYoungGen: 7614K->464K(8192K)] 25360K->18209K(26112K), 0.0004170 secs] [Times: user=0.00 sys=0.00, real=0.00 secs] 
77.586: Total time for which application threads were stopped: 0.0005220 seconds, Stopping threads took: 0.0000480 seconds
77.625: Application time: 0.0391400 seconds
77.625: [GC [PSYoungGen: 7632K->496K(8192K)] 25377K->18241K(26112K), 0.0004340 secs] [Times: user=0.01 sys=0.00, real=0.00 secs] 
77.625: Total time for which application threads were stopped: 0.0005370 seconds, Stopping threads took: 0.0000460 seconds
77.665: Application time: 0.0393570 seconds
77.669: [GC [PSYoungGen: 7664K->480K(8192K)] 25409K->18225K(26112K), 0.0005560 secs] [Times: user=0.00 sys=0.00, real=0.00 secs] 
77.670: Total time for which application threads were stopped: 0.0048780 seconds, Stopping threads took: 0.0042600 seconds
77.709: Application time: 0.0394300 seconds
77.709: [GC [PSYoungGen: 7648K->512K(8192K)] 25393K->18257K(26112K), 0.0004330 secs] [Times: user=0.01 sys=0.00, real=0.00 secs] 
77.710: Total time for which application threads were stopped: 0.0005380 seconds, Stopping threads took: 0.0000390 seconds
77.749: Application time: 0.0396280 seconds
77.749: [GC [PSYoungGen: 7680K->480K(8192K)] 25425K->18225K(26112K), 0.0004360 secs] [Times: user=0.00 sys=0.00, real=0.00 secs] 
77.750: Total time for which application threads were stopped: 0.0005330 seconds, Stopping threads took: 0.0000400 seconds
77.789: Application time: 0.0393580 seconds
77.789: [GC [PSYoungGen: 7648K->512K(8192K)] 25393K->18257K(26112K), 0.0004390 secs] [Times: user=0.00 sys=0.00, real=0.00 secs] 
77.790: Total time for which application threads were stopped: 0.0005440 seconds, Stopping threads took: 0.0000480 seconds
77.829: Application time: 0.0393060 seconds
77.829: [GC [PSYoungGen: 7680K->480K(8192K)] 25425K->18225K(26112K), 0.0004550 secs] [Times: user=0.00 sys=0.00, real=0.00 secs] 
77.830: Total time for which application threads were stopped: 0.0005530 seconds, Stopping threads took: 0.0000420 seconds
77.869: Application time: 0.0390840 seconds
77.869: [GC [PSYoungGen: 7648K->496K(8192K)] 25393K->18241K(26112K), 0.0004440 secs] [Times: user=0.00 sys=0.00, real=0.01 secs] 
77.869: Total time for which application threads were stopped: 0.0005480 seconds, Stopping threads took: 0.0000470 seconds
77.909: Application time: 0.0393230 seconds
77.909: [GC [PSYoungGen: 7664K->512K(8192K)] 25409K->18257K(26112K), 0.0004780 secs] [Times: user=0.00 sys=0.00, real=0.01 secs] 
77.909: Total time for which application threads were stopped: 0.0006030 seconds, Stopping threads took: 0.0000540 seconds
77.949: Application time: 0.0393970 seconds
77.953: [GC [PSYoungGen: 7680K->496K(8192K)] 25425K->18241K(26112K), 0.0004800 secs] [Times: user=0.00 sys=0.00, real=0.00 secs] 
77.954: Total time for which application threads were stopped: 0.0050740 seconds, Stopping threads took: 0.0045380 seconds
77.993: Application time: 0.0394400 seconds
77.993: [GC [PSYoungGen: 7664K->496K(8192K)] 25409K->18241K(26112K), 0.0004550 secs] [Times: user=0.00 sys=0.00, real=0.00 secs] 
77.994: Total time for which application threads were stopped: 0.0005590 seconds, Stopping threads took: 0.0000500 seconds
78.033: Application time: 0.0398220 seconds
78.034: [GC [PSYoungGen: 7664K->432K(8192K)] 25409K->18265K(26112K), 0.0004440 secs] [Times: user=0.00 sys=0.00, real=0.00 secs] 
78.034: [Full GC [PSYoungGen: 432K->0K(8192K)] [ParOldGen: 17833K->1942K(17920K)] 18265K->1942K(26112K) [PSPermGen: 6045K->6045K(21504K)], 0.0048660 secs] [Times: user=0.02 sys=0.00, real=0.00 secs] 
78.039: Total time for which application threads were stopped: 0.0054530 seconds, Stopping threads took: 0.0000340 seconds
78.078: Application time: 0.0393610 seconds
78.078: [GC [PSYoungGen: 7168K->256K(8192K)] 9110K->2198K(26112K), 0.0003740 secs] [Times: user=0.00 sys=0.00, real=0.00 secs] 
78.079: Total time for which application threads were stopped: 0.0004870 seconds, Stopping threads took: 0.0000500 seconds
78.118: Application time: 0.0392440 seconds
78.118: [GC [PSYoungGen: 7424K->256K(8192K)] 9366K->2198K(26112K), 0.0003660 secs] [Times: user=0.00 sys=0.00, real=0.00 secs] 
78.118: Total time for which application threads were stopped: 0.0004670 seconds, Stopping threads took: 0.0000470 seconds
78.158: Application time: 0.0391570 seconds
78.158: [GC [PSYoungGen: 7424K->224K(8192K)] 9366K->2166K(26112K), 0.0003550 secs] [Times: user=0.00 sys=0.00, real=0.00 secs] 
78.158: Total time for which application threads were stopped: 0.0004490 seconds, Stopping threads took: 0.0000410 seconds
78.197: Application time: 0.0390310 seconds
78.197: [GC [PSYoungGen: 7392K->256K(8192K)] 9334K->2198K(26112K), 0.0003640 secs] [Times: user=0.00 sys=0.00, real=0.00 secs] 
78.198: Total time for which application threads were stopped: 0.0004540 seconds, Stopping threads took: 0.0000370 seconds
78.237: Application time: 0.0390170 seconds
78.237: [GC [PSYoungGen: 7424K->288K(8192K)] 9366K->2230K(26112K), 0.0003440 secs] [Times: user=0.00 sys=0.00, real=0.00 secs] 
78.237: Total time for which application threads were stopped: 0.0004500 seconds, Stopping threads took: 0.0000420 seconds
78.276: Application time: 0.0388050 seconds
78.276: [GC [PSYoungGen: 7456K->336K(8192K)] 9398K->2278K(26112K), 0.0003880 secs] [Times: user=0.00 sys=0.00, real=0.00 secs] 
78.276: Total time for which application threads were stopped: 0.0004860 seconds, Stopping threads took: 0.0000430 seconds
78.315: Application time: 0.0382840 seconds
78.315: [GC [PSYoungGen: 7504K->400K(8192K)] 9446K->2342K(26112K), 0.0003940 secs] [Times: user=0.01 sys=0.00, real=0.00 secs] 
78.315: Total time for which application threads were stopped: 0.0004930 seconds, Stopping threads took: 0.0000410 seconds
78.354: Application time: 0.0386580 seconds
78.354: [GC [PSYoungGen: 7568K->464K(8192K)] 9510K->2406K(26112K), 0.0003990 secs] [Times: user=0.00 sys=0.00, real=0.00 secs] 
78.354: Total time for which application threads were stopped: 0.0004950 seconds, Stopping threads took: 0.0000390 seconds
78.393: Application time: 0.0389580 seconds
78.393: [GC [PSYoungGen: 7632K->496K(8192K)] 9574K->2438K(26112K), 0.0003980 secs] [Times: user=0.00 sys=0.00, real=0.00 secs] 
78.394: Total time for which application threads were stopped: 0.0005000 seconds, Stopping threads took: 0.0000480 seconds
78.433: Application time: 0.0396580 seconds
78.433: [GC [PSYoungGen: 7664K->528K(8192K)] 9606K->2470K(26112K), 0.0004170 secs] [Times: user=0.00 sys=0.00, real=0.00 secs] 
78.434: Total time for which application threads were stopped: 0.0005130 seconds, Stopping threads took: 0.0000400 seconds
78.473: Application time: 0.0392880 seconds
78.473: [GC [PSYoungGen: 7696K->512K(8192K)] 9638K->2454K(26112K), 0.0004120 secs] [Times: user=0.00 sys=0.00, real=0.00 secs] 
78.474: Total time for which application threads were stopped: 0.0005070 seconds, Stopping threads took: 0.0000360 seconds
78.514: Application time: 0.0398270 seconds
78.514: [GC [PSYoungGen: 7680K->512K(8192K)] 9622K->2454K(26112K), 0.0004040 secs] [Times: user=0.01 sys=0.00, real=0.00 secs] 
78.514: Total time for which application threads were stopped: 0.0005100 seconds, Stopping threads took: 0.0000510 seconds
78.553: Application time: 0.0392940 seconds
78.553: [GC [PSYoungGen: 7680K->512K(8192K)] 9622K->2454K(26112K), 0.0004060 secs] [Times: user=0.00 sys=0.00, real=0.00 secs] 
78.554: Total time for which application threads were stopped: 0.0005130 seconds, Stopping threads took: 0.0000510 seconds
78.593: Application time: 0.0392880 seconds
78.593: [GC [PSYoungGen: 7680K->480K(8192K)] 9622K->2422K(26112K), 0.0004500 secs] [Times: user=0.01 sys=0.00, real=0.00 secs] 
78.594: Total time for which application threads were stopped: 0.0005520 seconds, Stopping threads took: 0.0000470 seconds
78.633: Application time: 0.0391400 seconds
78.633: [GC [PSYoungGen: 7648K->496K(8192K)] 9590K->2438K(26112K), 0.0004020 secs] [Times: user=0.00 sys=0.00, real=0.00 secs] 
78.633: Total time for which application threads were stopped: 0.0005040 seconds, Stopping threads took: 0.0000450 seconds
78.673: Application time: 0.0397120 seconds
78.673: [GC [PSYoungGen: 7664K->448K(8192K)] 9606K->2406K(26112K), 0.0004380 secs] [Times: user=0.01 sys=0.00, real=0.00 secs] 
78.674: Total time for which application threads were stopped: 0.0005370 seconds, Stopping threads took: 0.0000440 seconds
78.713: Application time: 0.0392950 seconds
78.713: [GC [PSYoungGen: 7616K->512K(8192K)] 9574K->2470K(26112K), 0.0004270 secs] [Times: user=0.00 sys=0.01, real=0.00 secs] 
78.713: Total time for which application threads were stopped: 0.0005270 seconds, Stopping threads took: 0.0000440 seconds
78.753: Application time: 0.0399740 seconds
78.753: [GC [PSYoungGen: 7680K->512K(8192K)] 9638K->2470K(26112K), 0.0004230 secs] [Times: user=0.00 sys=0.00, real=0.00 secs] 
78.754: Total time for which application threads were stopped: 0.0005390 seconds, Stopping threads took: 0.0000480 seconds
78.793: Application time: 0.0393170 seconds
78.793: [GC [PSYoungGen: 7680K->448K(8192K)] 9638K->2454K(26112K), 0.0004310 secs] [Times: user=0.01 sys=0.00, real=0.00 secs] 
78.794: Total time for which application threads were stopped: 0.0005280 seconds, Stopping threads took: 0.0000400 seconds
78.833: Application time: 0.0396830 seconds
78.834: [GC [PSYoungGen: 7616K->416K(8192K)] 9622K->2462K(26112K), 0.0004280 secs] [Times: user=0.00 sys=0.00, real=0.00 secs] 
78.834: Total time for which application threads were stopped: 0.0005260 seconds, Stopping threads took: 0.0000420 seconds
78.873: Application time: 0.0393790 seconds
78.873: [GC [PSYoungGen: 7584K->352K(8192K)] 9630K->2478K(26112K), 0.0004030 secs] [Times: user=0.00 sys=0.00, real=0.00 secs] 
78.874: Total time for which application threads were stopped: 0.0005090 seconds, Stopping threads took: 0.0000480 seconds
78.913: Application time: 0.0396170 seconds
78.914: [GC [PSYoungGen: 7520K->288K(8192K)] 9646K->2502K(26112K), 0.0004130 secs] [Times: user=0.00 sys=0.00, real=0.00 secs] 
78.914: Total time for which application threads were stopped: 0.0005270 seconds, Stopping threads took: 0.0000500 seconds
78.954: Application time: 0.0396270 seconds
78.954: [GC [PSYoungGen: 7456K->304K(8192K)] 9670K->2574K(26112K), 0.0003590 secs] [Times: user=0.00 sys=0.00, real=0.00 secs] 
78.954: Total time for which application threads were stopped: 0.0004620 seconds, Stopping threads took: 0.0000460 seconds
78.993: Application time: 0.0386860 seconds
78.993: [GC [PSYoungGen: 7472K->272K(8192K)] 9742K->2598K(26112K), 0.0003890 secs] [Times: user=0.00 sys=0.00, real=0.00 secs] 
78.993: Total time for which application threads were stopped: 0.0004830 seconds, Stopping threads took: 0.0000390 seconds
79.031: Application time: 0.0380690 seconds
79.031: [GC [PSYoungGen: 7440K->368K(8192K)] 9766K->2694K(26112K), 0.0004220 secs] [Times: user=0.00 sys=0.00, real=0.00 secs] 
79.032: Total time for which application threads were stopped: 0.0005340 seconds, Stopping threads took: 0.0000560 seconds
79.071: Application time: 0.0392550 seconds
79.071: [GC [PSYoungGen: 7536K->368K(8192K)] 9862K->2694K(26112K), 0.0004160 secs] [Times: user=0.00 sys=0.00, real=0.00 secs] 
79.072: Total time for which application threads were stopped: 0.0005200 seconds, Stopping threads took: 0.0000470 seconds
79.110: Application time: 0.0381640 seconds
79.110: [GC [PSYoungGen: 7536K->464K(8192K)] 9862K->2790K(26112K), 0.0003920 secs] [Times: user=0.00 sys=0.00, real=0.00 secs] 
79.110: Total time for which application threads were stopped: 0.0004940 seconds, Stopping threads took: 0.0000440 seconds
79.150: Application time: 0.0393620 seconds
79.150: [GC [PSYoungGen: 7632K->448K(8192K)] 9958K->2774K(26112K), 0.0004580 secs] [Times: user=0.00 sys=0.00, real=0.00 secs] 
79.150: Total time for which application threads were stopped: 0.0005720 seconds, Stopping threads took: 0.0000600 seconds
79.189: Application time: 0.0390100 seconds
79.189: [GC [PSYoungGen: 7616K->528K(8192K)] 9942K->2854K(26112K), 0.0004660 secs] [Times: user=0.00 sys=0.00, real=0.00 secs] 
79.190: Total time for which application threads were stopped: 0.0005670 seconds, Stopping threads took: 0.0000420 seconds
79.229: Application time: 0.0393730 seconds
79.229: [GC [PSYoungGen: 7696K->496K(8192K)] 10022K->2822K(26112K), 0.0004080 secs] [Times: user=0.01 sys=0.00, real=0.00 secs] 
79.230: Total time for which application threads were stopped: 0.0005020 seconds, Stopping threads took: 0.0000400 seconds
79.269: Application time: 0.0397040 seconds
79.273: [GC [PSYoungGen: 7664K->512K(8192K)] 9990K->2838K(26112K), 0.0004380 secs] [Times: user=0.00 sys=0.00, real=0.00 secs] 
79.274: Total time for which application threads were stopped: 0.0041310 seconds, Stopping threads took: 0.0036240 seconds
79.313: Application time: 0.0393660 seconds
79.313: [GC [PSYoungGen: 7680K->512K(8192K)] 10006K->2838K(26112K), 0.0004210 secs] [Times: user=0.00 sys=0.00, real=0.00 secs] 
79.313: Total time for which application threads were stopped: 0.0005220 seconds, Stopping threads took: 0.0000440 seconds
79.353: Application time: 0.0393280 seconds
79.353: [GC [PSYoungGen: 7680K->512K(8192K)] 10006K->2838K(26112K), 0.0004110 secs] [Times: user=0.01 sys=0.00, real=0.00 secs] 
79.353: Total time for which application threads were stopped: 0.0005070 seconds, Stopping threads took: 0.0000450 seconds
79.393: Application time: 0.0394610 seconds
79.393: [GC [PSYoungGen: 7680K->496K(8192K)] 10006K->2822K(26112K), 0.0004020 secs] [Times: user=0.00 sys=0.00, real=0.00 secs] 
79.393: Total time for which application threads were stopped: 0.0005070 seconds, Stopping threads took: 0.0000510 seconds
79.432: Application time: 0.0391400 seconds
79.432: [GC [PSYoungGen: 7664K->496K(8192K)] 9990K->2822K(26112K), 0.0004160 secs] [Times: user=0.00 sys=0.00, real=0.00 secs] 
79.433: Total time for which application threads were stopped: 0.0005100 seconds, Stopping threads took: 0.0000390 seconds
79.472: Application time: 0.0393910 seconds
79.472: [GC [PSYoungGen: 7664K->512K(8192K)] 9990K->2838K(26112K), 0.0004200 secs] [Times: user=0.01 sys=0.00, real=0.00 secs] 
79.473: Total time for which application threads were stopped: 0.0005190 seconds, Stopping threads took: 0.0000440 seconds
79.512: Application time: 0.0392550 seconds
79.512: [GC [PSYoungGen: 7680K->496K(8192K)] 10006K->2822K(26112K), 0.0004430 secs] [Times: user=0.00 sys=0.00, real=0.00 secs] 
79.513: Total time for which application threads were stopped: 0.0005430 seconds, Stopping threads took: 0.0000450 seconds
79.552: Application time: 0.0394210 seconds
79.552: [GC [PSYoungGen: 7664K->496K(8192K)] 9990K->2822K(26112K), 0.0004320 secs] [Times: user=0.00 sys=0.00, real=0.00 secs] 
79.553: Total time for which application threads were stopped: 0.0005340 seconds, Stopping threads took: 0.0000460 seconds
79.592: Application time: 0.0394380 seconds
79.592: [GC [PSYoungGen: 7664K->432K(8192K)] 9990K->2814K(26112K), 0.0004120 secs] [Times: user=0.00 sys=0.00, real=0.00 secs] 
79.593: Total time for which application threads were stopped: 0.0005160 seconds, Stopping threads took: 0.0000440 seconds
79.632: Application time: 0.0392950 seconds
79.632: [GC [PSYoungGen: 7600K->336K(8192K)] 9982K->2854K(26112K), 0.0005000 secs] [Times: user=0.00 sys=0.00, real=0.00 secs] 
79.632: Total time for which application threads were stopped: 0.0005960 seconds, Stopping threads took: 0.0000410 seconds
79.672: Application time: 0.0396760 seconds
79.672: [GC [PSYoungGen: 7504K->400K(8192K)] 10022K->2918K(26112K), 0.0004070 secs] [Times: user=0.01 sys=0.00, real=0.00 secs] 
79.673: Total time for which application threads were stopped: 0.0005050 seconds, Stopping threads took: 0.0000440 seconds
79.712: Application time: 0.0398670 seconds
79.713: [GC [PSYoungGen: 7568K->272K(8192K)] 10086K->2911K(26112K), 0.0004240 secs] [Times: user=0.01 sys=0.00, real=0.00 secs] 
79.713: Total time for which application threads were stopped: 0.0005220 seconds, Stopping threads took: 0.0000460 seconds
79.752: Application time: 0.0392970 seconds
79.752: [GC [PSYoungGen: 7440K->256K(8192K)] 10079K->2895K(26112K), 0.0003700 secs] [Times: user=0.00 sys=0.00, real=0.00 secs] 
79.753: Total time for which application threads were stopped: 0.0004760 seconds, Stopping threads took: 0.0000510 seconds
79.791: Application time: 0.0380140 seconds
79.791: [GC [PSYoungGen: 7424K->320K(8192K)] 10063K->3023K(26112K), 0.0003680 secs] [Times: user=0.00 sys=0.00, real=0.00 secs] 
79.791: Total time for which application threads were stopped: 0.0004880 seconds, Stopping threads took: 0.0000500 seconds
79.830: Application time: 0.0387140 seconds
79.830: [GC [PSYoungGen: 7488K->336K(8192K)] 10191K->3039K(26112K), 0.0005210 secs] [Times: user=0.01 sys=0.00, real=0.00 secs] 
79.831: Total time for which application threads were stopped: 0.0006200 seconds, Stopping threads took: 0.0000410 seconds
79.869: Application time: 0.0380540 seconds
79.869: [GC [PSYoungGen: 7504K->416K(8192K)] 10207K->3119K(26112K), 0.0003930 secs] [Times: user=0.00 sys=0.00, real=0.01 secs] 
79.869: Total time for which application threads were stopped: 0.0004940 seconds, Stopping threads took: 0.0000440 seconds
79.908: Application time: 0.0391420 seconds
79.908: [GC [PSYoungGen: 7584K->480K(8192K)] 10287K->3183K(26112K), 0.0004310 secs] [Times: user=0.01 sys=0.00, real=0.00 secs] 
79.909: Total time for which application threads were stopped: 0.0005470 seconds, Stopping threads took: 0.0000470 seconds
79.948: Application time: 0.0393480 seconds
79.948: [GC [PSYoungGen: 7648K->480K(8192K)] 10351K->3183K(26112K), 0.0004430 secs] [Times: user=0.00 sys=0.00, real=0.00 secs] 
79.949: Total time for which application threads were stopped: 0.0005410 seconds, Stopping threads took: 0.0000460 seconds
79.988: Application time: 0.0388940 seconds
79.988: [GC [PSYoungGen: 7648K->496K(8192K)] 10351K->3199K(26112K), 0.0004320 secs] [Times: user=0.00 sys=0.00, real=0.00 secs] 
79.988: Total time for which application threads were stopped: 0.0005240 seconds, Stopping threads took: 0.0000370 seconds
80.028: Application time: 0.0393530 seconds
80.028: [GC [PSYoungGen: 7664K->496K(8192K)] 10367K->3199K(26112K), 0.0004510 secs] [Times: user=0.00 sys=0.00, real=0.00 secs] 
80.028: Total time for which application threads were stopped: 0.0005560 seconds, Stopping threads took: 0.0000480 seconds
80.068: Application time: 0.0396200 seconds
80.069: [GC [PSYoungGen: 7664K->512K(8192K)] 10367K->3215K(26112K), 0.0004780 secs] [Times: user=0.00 sys=0.00, real=0.00 secs] 
80.070: Total time for which application threads were stopped: 0.0018730 seconds, Stopping threads took: 0.0013380 seconds
80.109: Application time: 0.0397090 seconds
80.109: [GC [PSYoungGen: 7680K->464K(8192K)] 10383K->3167K(26112K), 0.0004500 secs] [Times: user=0.00 sys=0.00, real=0.00 secs] 
80.110: Total time for which application threads were stopped: 0.0005530 seconds, Stopping threads took: 0.0000440 seconds
80.149: Application time: 0.0393140 seconds
80.149: [GC [PSYoungGen: 7632K->480K(8192K)] 10335K->3183K(26112K), 0.0004100 secs] [Times: user=0.00 sys=0.00, real=0.00 secs] 
80.150: Total time for which application threads were stopped: 0.0005140 seconds, Stopping threads took: 0.0000490 seconds
80.189: Application time: 0.0392250 seconds
80.189: [GC [PSYoungGen: 7648K->512K(8192K)] 10351K->3215K(26112K), 0.0004180 secs] [Times: user=0.00 sys=0.01, real=0.01 secs] 
80.189: Total time for which application threads were stopped: 0.0005290 seconds, Stopping threads took: 0.0000470 seconds
80.229: Application time: 0.0394630 seconds
80.229: [GC [PSYoungGen: 7680K->528K(8192K)] 10383K->3231K(26112K), 0.0004950 secs] [Times: user=0.00 sys=0.00, real=0.01 secs] 
80.229: Total time for which application threads were stopped: 0.0005890 seconds, Stopping threads took: 0.0000380 seconds
80.269: Application time: 0.0392100 seconds
80.269: [GC [PSYoungGen: 7696K->448K(8192K)] 10399K->3151K(26112K), 0.0004070 secs] [Times: user=0.00 sys=0.00, real=0.01 secs] 
80.269: Total time for which application threads were stopped: 0.0004980 seconds, Stopping threads took: 0.0000350 seconds
80.308: Application time: 0.0392770 seconds
80.309: [GC [PSYoungGen: 7616K->464K(8192K)] 10319K->3167K(26112K), 0.0004250 secs] [Times: user=0.00 sys=0.00, real=0.00 secs] 
80.309: Total time for which application threads were stopped: 0.0005400 seconds, Stopping threads took: 0.0000460 seconds
80.348: Application time: 0.0393840 seconds
80.349: [GC [PSYoungGen: 7632K->512K(8192K)] 10335K->3215K(26112K), 0.0004280 secs] [Times: user=0.00 sys=0.00, real=0.00 secs] 
80.350: Total time for which application threads were stopped: 0.0011330 seconds, Stopping threads took: 0.0006400 seconds
80.389: Application time: 0.0397930 seconds
80.389: [GC [PSYoungGen: 7680K->384K(8192K)] 10383K->3171K(26112K), 0.0004120 secs] [Times: user=0.01 sys=0.00, real=0.00 secs] 
80.390: Total time for which application threads were stopped: 0.0005080 seconds, Stopping threads took: 0.0000430 seconds
80.429: Application time: 0.0392600 seconds
80.429: [GC [PSYoungGen: 7552K->320K(8192K)] 10339K->3195K(26112K), 0.0004140 secs] [Times: user=0.00 sys=0.00, real=0.00 secs] 
80.430: Total time for which application threads were stopped: 0.0005120 seconds, Stopping threads took: 0.0000420 seconds
80.469: Application time: 0.0396360 seconds
80.469: [GC [PSYoungGen: 7488K->288K(8192K)] 10363K->3251K(26112K), 0.0003660 secs] [Times: user=0.00 sys=0.00, real=0.00 secs] 
80.470: Total time for which application threads were stopped: 0.0004680 seconds, Stopping threads took: 0.0000470 seconds
80.509: Application time: 0.0393470 seconds
80.509: [GC [PSYoungGen: 7456K->288K(8192K)] 10419K->3307K(26112K), 0.0003910 secs] [Times: user=0.00 sys=0.00, real=0.00 secs] 
80.510: Total time for which application threads were stopped: 0.0004840 seconds, Stopping threads took: 0.0000390 seconds
80.549: Application time: 0.0390030 seconds
80.549: [GC [PSYoungGen: 7456K->288K(8192K)] 10475K->3307K(26112K), 0.0003650 secs] [Times: user=0.00 sys=0.00, real=0.01 secs] 
80.549: Total time for which application threads were stopped: 0.0004730 seconds, Stopping threads took: 0.0000470 seconds
80.588: Application time: 0.0388870 seconds
80.588: [GC [PSYoungGen: 7456K->304K(8192K)] 10475K->3379K(26112K), 0.0003630 secs] [Times: user=0.00 sys=0.00, real=0.00 secs] 
80.588: Total time for which application threads were stopped: 0.0004780 seconds, Stopping threads took: 0.0000600 seconds
80.627: Application time: 0.0381150 seconds
80.627: [GC [PSYoungGen: 7472K->320K(8192K)] 10547K->3395K(26112K), 0.0003890 secs] [Times: user=0.00 sys=0.00, real=0.00 secs] 
80.627: Total time for which application threads were stopped: 0.0004910 seconds, Stopping threads took: 0.0000470 seconds
80.665: Application time: 0.0380990 seconds
80.665: [GC [PSYoungGen: 7488K->432K(8192K)] 10563K->3507K(26112K), 0.0004180 secs] [Times: user=0.01 sys=0.00, real=0.00 secs] 
80.666: Total time for which application threads were stopped: 0.0005280 seconds, Stopping threads took: 0.0000500 seconds
80.705: Application time: 0.0394060 seconds
80.705: [GC [PSYoungGen: 7600K->448K(8192K)] 10675K->3523K(26112K), 0.0004100 secs] [Times: user=0.00 sys=0.00, real=0.00 secs] 
80.706: Total time for which application threads were stopped: 0.0005000 seconds, Stopping threads took: 0.0000360 seconds
80.744: Application time: 0.0385550 seconds
80.744: [GC [PSYoungGen: 7616K->480K(8192K)] 10691K->3555K(26112K), 0.0004100 secs] [Times: user=0.00 sys=0.00, real=0.00 secs] 
80.745: Total time for which application threads were stopped: 0.0005280 seconds, Stopping threads took: 0.0000600 seconds
80.784: Application time: 0.0397320 seconds
80.784: [GC [PSYoungGen: 7648K->496K(8192K)] 10723K->3571K(26112K), 0.0004170 secs] [Times: user=0.00 sys=0.00, real=0.00 secs] 
80.785: Total time for which application threads were stopped: 0.0005090 seconds, Stopping threads took: 0.0000370 seconds
80.824: Application time: 0.0395500 seconds
80.825: [GC [PSYoungGen: 7664K->528K(8192K)] 10739K->3603K(26112K), 0.0003970 secs] [Times: user=0.00 sys=0.00, real=0.00 secs] 
80.825: Total time for which application threads were stopped: 0.0005060 seconds, Stopping threads took: 0.0000430 seconds
80.864: Application time: 0.0393200 seconds
80.864: [GC [PSYoungGen: 7696K->512K(8192K)] 10771K->3587K(26112K), 0.0004180 secs] [Times: user=0.01 sys=0.00, real=0.00 secs] 
80.865: Total time for which application threads were stopped: 0.0005070 seconds, Stopping threads took: 0.0000360 seconds
80.905: Application time: 0.0399520 seconds
80.905: [GC [PSYoungGen: 7680K->496K(8192K)] 10755K->3571K(26112K), 0.0004590 secs] [Times: user=0.01 sys=0.00, real=0.00 secs] 
80.905: Total time for which application threads were stopped: 0.0005850 seconds, Stopping threads took: 0.0000510 seconds
80.945: Application time: 0.0393400 seconds
80.945: [GC [PSYoungGen: 7664K->480K(8192K)] 10739K->3555K(26112K), 0.0005210 secs] [Times: user=0.00 sys=0.01, real=0.00 secs] 
80.945: Total time for which application threads were stopped: 0.0006260 seconds, Stopping threads took: 0.0000490 seconds
80.985: Application time: 0.0397130 seconds
80.985: [GC [PSYoungGen: 7648K->480K(8192K)] 10723K->3555K(26112K), 0.0004070 secs] [Times: user=0.00 sys=0.00, real=0.00 secs] 
80.985: Total time for which application threads were stopped: 0.0004980 seconds, Stopping threads took: 0.0000370 seconds
81.025: Application time: 0.0391890 seconds
81.025: [GC [PSYoungGen: 7648K->528K(8192K)] 10723K->3603K(26112K), 0.0005170 secs] [Times: user=0.00 sys=0.00, real=0.00 secs] 
81.025: Total time for which application threads were stopped: 0.0006220 seconds, Stopping threads took: 0.0000510 seconds
81.064: Application time: 0.0390920 seconds
81.064: [GC [PSYoungGen: 7696K->512K(8192K)] 10771K->3587K(26112K), 0.0004320 secs] [Times: user=0.00 sys=0.00, real=0.00 secs] 
81.065: Total time for which application threads were stopped: 0.0005300 seconds, Stopping threads took: 0.0000410 seconds
81.104: Application time: 0.0392590 seconds
81.104: [GC [PSYoungGen: 7680K->496K(8192K)] 10755K->3571K(26112K), 0.0004650 secs] [Times: user=0.00 sys=0.00, real=0.00 secs] 
81.105: Total time for which application threads were stopped: 0.0005600 seconds, Stopping threads took: 0.0000410 seconds
81.144: Application time: 0.0396010 seconds
81.144: [GC [PSYoungGen: 7664K->480K(8192K)] 10739K->3611K(26112K), 0.0004290 secs] [Times: user=0.00 sys=0.00, real=0.00 secs] 
81.145: Total time for which application threads were stopped: 0.0005270 seconds, Stopping threads took: 0.0000410 seconds
81.184: Application time: 0.0390910 seconds
81.184: [GC [PSYoungGen: 7648K->416K(8192K)] 10779K->3595K(26112K), 0.0004130 secs] [Times: user=0.00 sys=0.00, real=0.00 secs] 
81.184: Total time for which application threads were stopped: 0.0005050 seconds, Stopping threads took: 0.0000390 seconds
81.224: Application time: 0.0394180 seconds
81.224: [GC [PSYoungGen: 7584K->352K(8192K)] 10763K->3619K(26112K), 0.0003980 secs] [Times: user=0.01 sys=0.00, real=0.00 secs] 
81.224: Total time for which application threads were stopped: 0.0004980 seconds, Stopping threads took: 0.0000440 seconds
81.264: Application time: 0.0398540 seconds
81.264: [GC [PSYoungGen: 7520K->272K(8192K)] 10787K->3655K(26112K), 0.0003890 secs] [Times: user=0.01 sys=0.00, real=0.00 secs] 
81.265: Total time for which application threads were stopped: 0.0004820 seconds, Stopping threads took: 0.0000370 seconds
81.304: Application time: 0.0392960 seconds
81.304: [GC [PSYoungGen: 7440K->272K(8192K)] 10823K->3655K(26112K), 0.0003510 secs] [Times: user=0.00 sys=0.00, real=0.00 secs] 
81.304: Total time for which application threads were stopped: 0.0004570 seconds, Stopping threads took: 0.0000520 seconds
81.344: Application time: 0.0390330 seconds
81.344: [GC [PSYoungGen: 7440K->304K(8192K)] 10823K->3751K(26112K), 0.0004010 secs] [Times: user=0.00 sys=0.00, real=0.00 secs] 
81.344: Total time for which application threads were stopped: 0.0005100 seconds, Stopping threads took: 0.0000420 seconds
81.382: Application time: 0.0382930 seconds
81.382: [GC [PSYoungGen: 7472K->368K(8192K)] 10919K->3815K(26112K), 0.0003570 secs] [Times: user=0.00 sys=0.00, real=0.00 secs] 
81.383: Total time for which application threads were stopped: 0.0004510 seconds, Stopping threads took: 0.0000400 seconds
81.421: Application time: 0.0381750 seconds
81.421: [GC [PSYoungGen: 7536K->384K(8192K)] 10983K->3831K(26112K), 0.0004070 secs] [Times: user=0.00 sys=0.00, real=0.00 secs] 
81.421: Total time for which application threads were stopped: 0.0005090 seconds, Stopping threads took: 0.0000470 seconds
81.460: Application time: 0.0382540 seconds
81.460: [GC [PSYoungGen: 7552K->496K(8192K)] 10999K->3943K(26112K), 0.0004060 secs] [Times: user=0.00 sys=0.00, real=0.00 secs] 
81.460: Total time for which application threads were stopped: 0.0005180 seconds, Stopping threads took: 0.0000510 seconds
81.500: Application time: 0.0397620 seconds
81.500: [GC [PSYoungGen: 7664K->448K(8192K)] 11111K->3895K(26112K), 0.0004010 secs] [Times: user=0.00 sys=0.00, real=0.00 secs] 
81.501: Total time for which application threads were stopped: 0.0004950 seconds, Stopping threads took: 0.0000380 seconds
81.540: Application time: 0.0391920 seconds
81.540: [GC [PSYoungGen: 7616K->464K(8192K)] 11063K->3911K(26112K), 0.0003990 secs] [Times: user=0.01 sys=0.00, real=0.00 secs] 
81.540: Total time for which application threads were stopped: 0.0004960 seconds, Stopping threads took: 0.0000410 seconds
81.579: Application time: 0.0390810 seconds
81.579: [GC [PSYoungGen: 7632K->480K(8192K)] 11079K->3927K(26112K), 0.0004490 secs] [Times: user=0.00 sys=0.00, real=0.00 secs] 
81.580: Total time for which application threads were stopped: 0.0005520 seconds, Stopping threads took: 0.0000450 seconds
81.619: Application time: 0.0392500 seconds
81.619: [GC [PSYoungGen: 7648K->496K(8192K)] 11095K->3943K(26112K), 0.0004460 secs] [Times: user=0.00 sys=0.00, real=0.00 secs] 
81.620: Total time for which application threads were stopped: 0.0005450 seconds, Stopping threads took: 0.0000470 seconds
81.659: Application time: 0.0396890 seconds
81.659: [GC [PSYoungGen: 7664K->496K(8192K)] 11111K->3943K(26112K), 0.0004110 secs] [Times: user=0.00 sys=0.00, real=0.00 secs] 
81.660: Total time for which application threads were stopped: 0.0005150 seconds, Stopping threads took: 0.0000500 seconds
81.699: Application time: 0.0393700 seconds
81.699: [GC [PSYoungGen: 7664K->480K(8192K)] 11111K->3927K(26112K), 0.0004360 secs] [Times: user=0.00 sys=0.00, real=0.00 secs] 
81.700: Total time for which application threads were stopped: 0.0005260 seconds, Stopping threads took: 0.0000350 seconds
81.739: Application time: 0.0393380 seconds
81.739: [GC [PSYoungGen: 7648K->528K(8192K)] 11095K->3975K(26112K), 0.0004170 secs] [Times: user=0.00 sys=0.00, real=0.00 secs] 
81.740: Total time for which application threads were stopped: 0.0005110 seconds, Stopping threads took: 0.0000400 seconds
81.779: Application time: 0.0389530 seconds
81.779: [GC [PSYoungGen: 7696K->544K(8192K)] 11143K->3991K(26112K), 0.0004260 secs] [Times: user=0.00 sys=0.00, real=0.00 secs] 
81.779: Total time for which application threads were stopped: 0.0005260 seconds, Stopping threads took: 0.0000430 seconds
81.818: Application time: 0.0394210 seconds
81.819: [GC [PSYoungGen: 7712K->496K(8192K)] 11159K->3943K(26112K), 0.0004140 secs] [Times: user=0.00 sys=0.00, real=0.00 secs] 
81.819: Total time for which application threads were stopped: 0.0005120 seconds, Stopping threads took: 0.0000410 seconds
81.858: Application time: 0.0391910 seconds
81.858: [GC [PSYoungGen: 7664K->512K(8192K)] 11111K->3959K(26112K), 0.0004020 secs] [Times: user=0.01 sys=0.00, real=0.00 secs] 
81.859: Total time for which application threads were stopped: 0.0005110 seconds, Stopping threads took: 0.0000430 seconds
81.898: Application time: 0.0396930 seconds
81.899: [GC [PSYoungGen: 7680K->512K(8192K)] 11127K->3959K(26112K), 0.0004860 secs] [Times: user=0.00 sys=0.00, real=0.00 secs] 
81.899: Total time for which application threads were stopped: 0.0009670 seconds, Stopping threads took: 0.0004030 seconds
81.939: Application time: 0.0394020 seconds
81.939: [GC [PSYoungGen: 7680K->432K(8192K)] 11127K->3935K(26112K), 0.0004280 secs] [Times: user=0.00 sys=0.00, real=0.00 secs] 
81.939: Total time for which application threads were stopped: 0.0005510 seconds, Stopping threads took: 0.0000670 seconds
81.979: Application time: 0.0395220 seconds
81.979: [GC [PSYoungGen: 7600K->416K(8192K)] 11103K->3991K(26112K), 0.0003960 secs] [Times: user=0.00 sys=0.00, real=0.00 secs] 
81.979: Total time for which application threads were stopped: 0.0004970 seconds, Stopping threads took: 0.0000440 seconds
82.019: Application time: 0.0394190 seconds
82.019: [GC [PSYoungGen: 7584K->304K(8192K)] 11159K->3959K(26112K), 0.0003960 secs] [Times: user=0.00 sys=0.00, real=0.00 secs] 
82.019: Total time for which application threads were stopped: 0.0004970 seconds, Stopping threads took: 0.0000480 seconds
82.059: Application time: 0.0399690 seconds
82.059: [GC [PSYoungGen: 7472K->272K(8192K)] 11127K->4007K(26112K), 0.0003810 secs] [Times: user=0.00 sys=0.00, real=0.00 secs] 
82.060: Total time for which application threads were stopped: 0.0004790 seconds, Stopping threads took: 0.0000420 seconds
82.099: Application time: 0.0395100 seconds
82.099: [GC [PSYoungGen: 7440K->272K(8192K)] 11175K->4007K(26112K), 0.0003540 secs] [Times: user=0.01 sys=0.00, real=0.00 secs] 
82.100: Total time for which application threads were stopped: 0.0004630 seconds, Stopping threads took: 0.0000540 seconds
82.138: Application time: 0.0383560 seconds
82.138: [GC [PSYoungGen: 7440K->336K(8192K)] 11175K->4071K(26112K), 0.0003600 secs] [Times: user=0.00 sys=0.00, real=0.00 secs] 
82.139: Total time for which application threads were stopped: 0.0004650 seconds, Stopping threads took: 0.0000510 seconds
82.177: Application time: 0.0380660 seconds
82.177: [GC [PSYoungGen: 7504K->336K(8192K)] 11239K->4127K(26112K), 0.0003850 secs] [Times: user=0.00 sys=0.00, real=0.00 secs] 
82.177: Total time for which application threads were stopped: 0.0004890 seconds, Stopping threads took: 0.0000480 seconds
82.216: Application time: 0.0388020 seconds
82.216: [GC [PSYoungGen: 7504K->416K(8192K)] 11295K->4207K(26112K), 0.0004010 secs] [Times: user=0.00 sys=0.00, real=0.00 secs] 
82.216: Total time for which application threads were stopped: 0.0005040 seconds, Stopping threads took: 0.0000490 seconds
82.255: Application time: 0.0389880 seconds
82.255: [GC [PSYoungGen: 7584K->448K(8192K)] 11375K->4239K(26112K), 0.0004070 secs] [Times: user=0.00 sys=0.00, real=0.00 secs] 
82.256: Total time for which application threads were stopped: 0.0005100 seconds, Stopping threads took: 0.0000490 seconds
82.295: Application time: 0.0393040 seconds
82.295: [GC [PSYoungGen: 7616K->448K(8192K)] 11407K->4239K(26112K), 0.0003980 secs] [Times: user=0.00 sys=0.00, real=0.00 secs] 
82.296: Total time for which application threads were stopped: 0.0005060 seconds, Stopping threads took: 0.0000500 seconds
82.335: Application time: 0.0389940 seconds
82.335: [GC [PSYoungGen: 7616K->512K(8192K)] 11407K->4303K(26112K), 0.0004190 secs] [Times: user=0.00 sys=0.00, real=0.00 secs] 
82.335: Total time for which application threads were stopped: 0.0005160 seconds, Stopping threads took: 0.0000380 seconds
82.375: Application time: 0.0400150 seconds
82.375: [GC [PSYoungGen: 7680K->496K(8192K)] 11471K->4287K(26112K), 0.0004040 secs] [Times: user=0.00 sys=0.00, real=0.00 secs] 
82.376: Total time for which application threads were stopped: 0.0005090 seconds, Stopping threads took: 0.0000430 seconds
82.415: Application time: 0.0392830 seconds
82.415: [GC [PSYoungGen: 7664K->448K(8192K)] 11455K->4239K(26112K), 0.0004110 secs] [Times: user=0.00 sys=0.00, real=0.00 secs] 
82.416: Total time for which application threads were stopped: 0.0005130 seconds, Stopping threads took: 0.0000460 seconds
82.455: Application time: 0.0396350 seconds
82.455: [GC [PSYoungGen: 7616K->480K(8192K)] 11407K->4271K(26112K), 0.0004270 secs] [Times: user=0.00 sys=0.00, real=0.00 secs] 
82.456: Total time for which application threads were stopped: 0.0005230 seconds, Stopping threads took: 0.0000420 seconds
82.495: Application time: 0.0393020 seconds
82.495: [GC [PSYoungGen: 7648K->528K(8192K)] 11439K->4319K(26112K), 0.0004110 secs] [Times: user=0.01 sys=0.00, real=0.00 secs] 
82.496: Total time for which application threads were stopped: 0.0005110 seconds, Stopping threads took: 0.0000460 seconds
82.535: Application time: 0.0397260 seconds
82.535: [GC [PSYoungGen: 7696K->528K(8192K)] 11487K->4319K(26112K), 0.0004220 secs] [Times: user=0.01 sys=0.00, real=0.00 secs] 
82.536: Total time for which application threads were stopped: 0.0005180 seconds, Stopping threads took: 0.0000390 seconds
82.574: Application time: 0.0386710 seconds
82.575: [GC [PSYoungGen: 7696K->512K(8192K)] 11487K->4303K(26112K), 0.0004440 secs] [Times: user=0.01 sys=0.00, real=0.00 secs] 
82.575: Total time for which application threads were stopped: 0.0005440 seconds, Stopping threads took: 0.0000470 seconds
82.615: Application time: 0.0396590 seconds
82.615: [GC [PSYoungGen: 7680K->512K(8192K)] 11471K->4303K(26112K), 0.0004540 secs] [Times: user=0.01 sys=0.00, real=0.00 secs] 
82.615: Total time for which application threads were stopped: 0.0005540 seconds, Stopping threads took: 0.0000440 seconds
82.654: Application time: 0.0392290 seconds
82.654: [GC [PSYoungGen: 7680K->464K(8192K)] 11471K->4255K(26112K), 0.0004100 secs] [Times: user=0.00 sys=0.00, real=0.00 secs] 
82.655: Total time for which application threads were stopped: 0.0005090 seconds, Stopping threads took: 0.0000430 seconds
82.695: Application time: 0.0397130 seconds
82.695: [GC [PSYoungGen: 7632K->480K(8192K)] 11423K->4271K(26112K), 0.0004150 secs] [Times: user=0.00 sys=0.00, real=0.00 secs] 
82.695: Total time for which application threads were stopped: 0.0005130 seconds, Stopping threads took: 0.0000410 seconds
82.734: Application time: 0.0392670 seconds
82.734: [GC [PSYoungGen: 7648K->432K(8192K)] 11439K->4303K(26112K), 0.0004550 secs] [Times: user=0.01 sys=0.00, real=0.00 secs] 
82.735: Total time for which application threads were stopped: 0.0005540 seconds, Stopping threads took: 0.0000430 seconds
82.775: Application time: 0.0396610 seconds
82.775: [GC [PSYoungGen: 7600K->352K(8192K)] 11471K->4303K(26112K), 0.0004130 secs] [Times: user=0.00 sys=0.00, real=0.00 secs] 
82.775: Total time for which application threads were stopped: 0.0005100 seconds, Stopping threads took: 0.0000430 seconds
82.815: Application time: 0.0395880 seconds
82.815: [GC [PSYoungGen: 7520K->288K(8192K)] 11471K->4344K(26112K), 0.0004250 secs] [Times: user=0.00 sys=0.00, real=0.00 secs] 
82.815: Total time for which application threads were stopped: 0.0005230 seconds, Stopping threads took: 0.0000440 seconds
82.855: Application time: 0.0394570 seconds
82.855: [GC [PSYoungGen: 7456K->272K(8192K)] 11512K->4368K(26112K), 0.0003720 secs] [Times: user=0.00 sys=0.00, real=0.00 secs] 
82.855: Total time for which application threads were stopped: 0.0004680 seconds, Stopping threads took: 0.0000400 seconds
82.895: Application time: 0.0393400 seconds
82.895: [GC [PSYoungGen: 7440K->240K(8192K)] 11536K->4336K(26112K), 0.0004360 secs] [Times: user=0.00 sys=0.00, real=0.00 secs] 
82.895: Total time for which application threads were stopped: 0.0005440 seconds, Stopping threads took: 0.0000430 seconds
82.933: Application time: 0.0379990 seconds
82.933: [GC [PSYoungGen: 7406K->336K(8192K)] 11502K->4488K(26112K), 0.0004000 secs] [Times: user=0.00 sys=0.00, real=0.00 secs] 
82.934: Total time for which application threads were stopped: 0.0005170 seconds, Stopping threads took: 0.0000510 seconds
82.973: Application time: 0.0389360 seconds
82.973: [GC [PSYoungGen: 7504K->384K(8192K)] 11656K->4536K(26112K), 0.0003770 secs] [Times: user=0.00 sys=0.00, real=0.00 secs] 
82.973: Total time for which application threads were stopped: 0.0004850 seconds, Stopping threads took: 0.0000460 seconds
83.012: Application time: 0.0391930 seconds
83.012: [GC [PSYoungGen: 7552K->432K(8192K)] 11704K->4584K(26112K), 0.0004160 secs] [Times: user=0.00 sys=0.00, real=0.00 secs] 
83.013: Total time for which application threads were stopped: 0.0005250 seconds, Stopping threads took: 0.0000540 seconds
83.052: Application time: 0.0390690 seconds
83.052: [GC [PSYoungGen: 7600K->464K(8192K)] 11752K->4616K(26112K), 0.0004120 secs] [Times: user=0.00 sys=0.00, real=0.00 secs] 
83.052: Total time for which application threads were stopped: 0.0005180 seconds, Stopping threads took: 0.0000480 seconds
83.092: Application time: 0.0393180 seconds
83.093: [GC [PSYoungGen: 7632K->464K(8192K)] 11784K->4616K(26112K), 0.0004290 secs] [Times: user=0.00 sys=0.00, real=0.00 secs] 
83.094: Total time for which application threads were stopped: 0.0018780 seconds, Stopping threads took: 0.0013940 seconds
83.132: Application time: 0.0389540 seconds
83.133: [GC [PSYoungGen: 7632K->528K(8192K)] 11784K->4680K(26112K), 0.0005030 secs] [Times: user=0.00 sys=0.00, real=0.00 secs] 
83.133: Total time for which application threads were stopped: 0.0005990 seconds, Stopping threads took: 0.0000380 seconds
83.172: Application time: 0.0393470 seconds
83.173: [GC [PSYoungGen: 7696K->496K(8192K)] 11848K->4648K(26112K), 0.0004040 secs] [Times: user=0.01 sys=0.00, real=0.00 secs] 
83.173: Total time for which application threads were stopped: 0.0004990 seconds, Stopping threads took: 0.0000380 seconds
83.213: Application time: 0.0403600 seconds
83.213: [GC [PSYoungGen: 7664K->544K(8192K)] 11816K->4696K(26112K), 0.0004180 secs] [Times: user=0.00 sys=0.00, real=0.00 secs] 
83.214: Total time for which application threads were stopped: 0.0005210 seconds, Stopping threads took: 0.0000440 seconds
83.253: Application time: 0.0392950 seconds
83.253: [GC [PSYoungGen: 7712K->496K(8192K)] 11864K->4648K(26112K), 0.0004400 secs] [Times: user=0.00 sys=0.00, real=0.00 secs] 
83.254: Total time for which application threads were stopped: 0.0005470 seconds, Stopping threads took: 0.0000520 seconds
83.293: Application time: 0.0393900 seconds
83.293: [GC [PSYoungGen: 7664K->480K(8192K)] 11816K->4632K(26112K), 0.0004440 secs] [Times: user=0.00 sys=0.00, real=0.00 secs] 
83.294: Total time for which application threads were stopped: 0.0005490 seconds, Stopping threads took: 0.0000470 seconds
83.333: Application time: 0.0390990 seconds
83.333: [GC [PSYoungGen: 7648K->512K(8192K)] 11800K->4664K(26112K), 0.0004180 secs] [Times: user=0.00 sys=0.00, real=0.00 secs] 
83.333: Total time for which application threads were stopped: 0.0005120 seconds, Stopping threads took: 0.0000380 seconds
83.372: Application time: 0.0391490 seconds
83.372: [GC [PSYoungGen: 7680K->496K(8192K)] 11832K->4648K(26112K), 0.0004170 secs] [Times: user=0.00 sys=0.00, real=0.00 secs] 
83.373: Total time for which application threads were stopped: 0.0005220 seconds, Stopping threads took: 0.0000500 seconds
83.413: Application time: 0.0396710 seconds
83.417: [GC [PSYoungGen: 7664K->464K(8192K)] 11816K->4616K(26112K), 0.0004750 secs] [Times: user=0.00 sys=0.00, real=0.00 secs] 
83.418: Total time for which application threads were stopped: 0.0050340 seconds, Stopping threads took: 0.0044950 seconds
83.457: Application time: 0.0392640 seconds
83.457: [GC [PSYoungGen: 7632K->528K(8192K)] 11784K->4680K(26112K), 0.0004600 secs] [Times: user=0.00 sys=0.00, real=0.00 secs] 
83.457: Total time for which application threads were stopped: 0.0005550 seconds, Stopping threads took: 0.0000390 seconds
83.497: Application time: 0.0397590 seconds
83.497: [GC [PSYoungGen: 7696K->528K(8192K)] 11848K->4680K(26112K), 0.0004280 secs] [Times: user=0.00 sys=0.00, real=0.00 secs] 
83.498: Total time for which application threads were stopped: 0.0005180 seconds, Stopping threads took: 0.0000350 seconds
83.537: Application time: 0.0392080 seconds
83.541: [GC [PSYoungGen: 7696K->384K(8192K)] 11848K->4644K(26112K), 0.0004520 secs] [Times: user=0.00 sys=0.00, real=0.00 secs] 
83.542: Total time for which application threads were stopped: 0.0046430 seconds, Stopping threads took: 0.0041320 seconds
83.581: Application time: 0.0392420 seconds
83.581: [GC [PSYoungGen: 7552K->368K(8192K)] 11812K->4684K(26112K), 0.0003820 secs] [Times: user=0.00 sys=0.00, real=0.01 secs] 
83.581: Total time for which application threads were stopped: 0.0004890 seconds, Stopping threads took: 0.0000470 seconds
83.621: Application time: 0.0396110 seconds
83.621: [GC [PSYoungGen: 7536K->336K(8192K)] 11852K->4732K(26112K), 0.0003860 secs] [Times: user=0.00 sys=0.00, real=0.01 secs] 
83.621: Total time for which application threads were stopped: 0.0004890 seconds, Stopping threads took: 0.0000450 seconds
83.661: Application time: 0.0395070 seconds
83.661: [GC [PSYoungGen: 7504K->272K(8192K)] 11900K->4724K(26112K), 0.0004130 secs] [Times: user=0.00 sys=0.00, real=0.01 secs] 
83.661: Total time for which application threads were stopped: 0.0005230 seconds, Stopping threads took: 0.0000450 seconds
83.701: Application time: 0.0393230 seconds
83.701: [GC [PSYoungGen: 7440K->272K(8192K)] 11892K->4724K(26112K), 0.0003690 secs] [Times: user=0.00 sys=0.00, real=0.01 secs] 
83.701: Total time for which application threads were stopped: 0.0004730 seconds, Stopping threads took: 0.0000500 seconds
83.739: Application time: 0.0378700 seconds
83.739: [GC [PSYoungGen: 7440K->320K(8192K)] 11892K->4820K(26112K), 0.0004240 secs] [Times: user=0.00 sys=0.00, real=0.00 secs] 
83.740: Total time for which application threads were stopped: 0.0005260 seconds, Stopping threads took: 0.0000470 seconds
83.778: Application time: 0.0386470 seconds
83.778: [GC [PSYoungGen: 7488K->384K(8192K)] 11988K->4884K(26112K), 0.0004330 secs] [Times: user=0.01 sys=0.00, real=0.00 secs] 
83.779: Total time for which application threads were stopped: 0.0005340 seconds, Stopping threads took: 0.0000440 seconds
83.817: Application time: 0.0381090 seconds
83.817: [GC [PSYoungGen: 7552K->496K(8192K)] 12052K->4996K(26112K), 0.0004050 secs] [Times: user=0.00 sys=0.00, real=0.00 secs] 
83.817: Total time for which application threads were stopped: 0.0005090 seconds, Stopping threads took: 0.0000480 seconds
83.857: Application time: 0.0397150 seconds
83.857: [GC [PSYoungGen: 7664K->448K(8192K)] 12164K->4948K(26112K), 0.0004330 secs] [Times: user=0.00 sys=0.00, real=0.00 secs] 
83.858: Total time for which application threads were stopped: 0.0005400 seconds, Stopping threads took: 0.0000480 seconds
83.897: Application time: 0.0395810 seconds
83.897: [GC [PSYoungGen: 7616K->496K(8192K)] 12116K->4996K(26112K), 0.0005010 secs] [Times: user=0.01 sys=0.00, real=0.00 secs] 
83.898: Total time for which application threads were stopped: 0.0006560 seconds, Stopping threads took: 0.0000850 seconds
83.937: Application time: 0.0391400 seconds
83.937: [GC [PSYoungGen: 7664K->496K(8192K)] 12164K->4996K(26112K), 0.0004340 secs] [Times: user=0.01 sys=0.00, real=0.00 secs] 
83.938: Total time for which application threads were stopped: 0.0005500 seconds, Stopping threads took: 0.0000390 seconds
83.978: Application time: 0.0399980 seconds
83.978: [GC [PSYoungGen: 7664K->496K(8192K)] 12164K->4996K(26112K), 0.0004130 secs] [Times: user=0.01 sys=0.00, real=0.00 secs] 
83.978: Total time for which application threads were stopped: 0.0005250 seconds, Stopping threads took: 0.0000550 seconds
84.018: Application time: 0.0393960 seconds
84.018: [GC [PSYoungGen: 7664K->480K(8192K)] 12164K->4980K(26112K), 0.0004720 secs] [Times: user=0.00 sys=0.00, real=0.00 secs] 
84.018: Total time for which application threads were stopped: 0.0005640 seconds, Stopping threads took: 0.0000360 seconds
84.060: Application time: 0.0420020 seconds
84.061: [GC [PSYoungGen: 7648K->512K(8192K)] 12148K->5012K(26112K), 0.0004820 secs] [Times: user=0.00 sys=0.00, real=0.00 secs] 
84.062: Total time for which application threads were stopped: 0.0014910 seconds, Stopping threads took: 0.0009480 seconds
84.106: Application time: 0.0440490 seconds
84.106: [GC [PSYoungGen: 7680K->528K(8192K)] 12180K->5028K(26112K), 0.0005020 secs] [Times: user=0.00 sys=0.00, real=0.00 secs] 
84.106: Total time for which application threads were stopped: 0.0006310 seconds, Stopping threads took: 0.0000670 seconds
84.150: Application time: 0.0435640 seconds
84.153: [GC [PSYoungGen: 7696K->480K(8192K)] 12196K->4980K(26112K), 0.0005390 secs] [Times: user=0.00 sys=0.00, real=0.00 secs] 
84.154: Total time for which application threads were stopped: 0.0037970 seconds, Stopping threads took: 0.0031940 seconds
84.195: Application time: 0.0416370 seconds
84.197: [GC [PSYoungGen: 7648K->496K(8192K)] 12148K->4996K(26112K), 0.0005870 secs] [Times: user=0.00 sys=0.00, real=0.00 secs] 
84.198: Total time for which application threads were stopped: 0.0024400 seconds, Stopping threads took: 0.0017890 seconds
84.237: Application time: 0.0391890 seconds
84.237: [GC [PSYoungGen: 7664K->496K(8192K)] 12164K->4996K(26112K), 0.0004100 secs] [Times: user=0.00 sys=0.00, real=0.00 secs] 
84.237: Total time for which application threads were stopped: 0.0005370 seconds, Stopping threads took: 0.0000550 seconds
84.277: Application time: 0.0391920 seconds
84.277: [GC [PSYoungGen: 7664K->496K(8192K)] 12164K->4996K(26112K), 0.0004100 secs] [Times: user=0.00 sys=0.00, real=0.00 secs] 
84.277: Total time for which application threads were stopped: 0.0005030 seconds, Stopping threads took: 0.0000370 seconds
84.316: Application time: 0.0392320 seconds
84.316: [GC [PSYoungGen: 7664K->496K(8192K)] 12164K->4996K(26112K), 0.0004200 secs] [Times: user=0.00 sys=0.00, real=0.00 secs] 
84.317: Total time for which application threads were stopped: 0.0005200 seconds, Stopping threads took: 0.0000420 seconds
84.356: Application time: 0.0393130 seconds
84.356: [GC [PSYoungGen: 7664K->384K(8192K)] 12164K->4988K(26112K), 0.0004700 secs] [Times: user=0.00 sys=0.00, real=0.00 secs] 
84.357: Total time for which application threads were stopped: 0.0005680 seconds, Stopping threads took: 0.0000430 seconds
84.397: Application time: 0.0397460 seconds
84.397: [GC [PSYoungGen: 7552K->320K(8192K)] 12156K->4996K(26112K), 0.0003980 secs] [Times: user=0.00 sys=0.00, real=0.00 secs] 
84.397: Total time for which application threads were stopped: 0.0005000 seconds, Stopping threads took: 0.0000470 seconds
84.437: Application time: 0.0396690 seconds
84.437: [GC [PSYoungGen: 7488K->256K(8192K)] 12164K->5012K(26112K), 0.0003940 secs] [Times: user=0.00 sys=0.00, real=0.00 secs] 
84.437: Total time for which application threads were stopped: 0.0005170 seconds, Stopping threads took: 0.0000670 seconds
84.477: Application time: 0.0395540 seconds
84.477: [GC [PSYoungGen: 7424K->304K(8192K)] 12180K->5060K(26112K), 0.0003790 secs] [Times: user=0.00 sys=0.00, real=0.00 secs] 
84.477: Total time for which application threads were stopped: 0.0004930 seconds, Stopping threads took: 0.0000480 seconds
84.515: Application time: 0.0381090 seconds
84.515: [GC [PSYoungGen: 7472K->304K(8192K)] 12228K->5060K(26112K), 0.0003610 secs] [Times: user=0.00 sys=0.00, real=0.00 secs] 
84.516: Total time for which application threads were stopped: 0.0004630 seconds, Stopping threads took: 0.0000440 seconds
84.555: Application time: 0.0388580 seconds
84.555: [GC [PSYoungGen: 7472K->352K(8192K)] 12228K->5164K(26112K), 0.0004610 secs] [Times: user=0.00 sys=0.00, real=0.00 secs] 
84.555: Total time for which application threads were stopped: 0.0005670 seconds, Stopping threads took: 0.0000470 seconds
84.594: Application time: 0.0391270 seconds
84.594: [GC [PSYoungGen: 7520K->336K(8192K)] 12332K->5148K(26112K), 0.0004000 secs] [Times: user=0.00 sys=0.00, real=0.00 secs] 
84.595: Total time for which application threads were stopped: 0.0004960 seconds, Stopping threads took: 0.0000390 seconds
84.633: Application time: 0.0380230 seconds
84.633: [GC [PSYoungGen: 7504K->496K(8192K)] 12316K->5308K(26112K), 0.0004050 secs] [Times: user=0.00 sys=0.00, real=0.00 secs] 
84.633: Total time for which application threads were stopped: 0.0004940 seconds, Stopping threads took: 0.0000320 seconds
84.673: Application time: 0.0397410 seconds
84.673: [GC [PSYoungGen: 7664K->416K(8192K)] 12476K->5228K(26112K), 0.0004010 secs] [Times: user=0.00 sys=0.00, real=0.00 secs] 
84.674: Total time for which application threads were stopped: 0.0004980 seconds, Stopping threads took: 0.0000430 seconds
84.713: Application time: 0.0390710 seconds
84.713: [GC [PSYoungGen: 7584K->512K(8192K)] 12396K->5324K(26112K), 0.0004380 secs] [Times: user=0.00 sys=0.00, real=0.00 secs] 
84.713: Total time for which application threads were stopped: 0.0005370 seconds, Stopping threads took: 0.0000400 seconds
84.753: Application time: 0.0395590 seconds
84.753: [GC [PSYoungGen: 7680K->528K(8192K)] 12492K->5340K(26112K), 0.0004390 secs] [Times: user=0.01 sys=0.00, real=0.00 secs] 
84.753: Total time for which application threads were stopped: 0.0005410 seconds, Stopping threads took: 0.0000460 seconds
84.793: Application time: 0.0393620 seconds
84.793: [GC [PSYoungGen: 7696K->512K(8192K)] 12508K->5324K(26112K), 0.0004270 secs] [Times: user=0.00 sys=0.00, real=0.00 secs] 
84.793: Total time for which application threads were stopped: 0.0005310 seconds, Stopping threads took: 0.0000400 seconds
84.833: Application time: 0.0394090 seconds
84.833: [GC [PSYoungGen: 7680K->528K(8192K)] 12492K->5340K(26112K), 0.0004180 secs] [Times: user=0.00 sys=0.00, real=0.00 secs] 
84.833: Total time for which application threads were stopped: 0.0005160 seconds, Stopping threads took: 0.0000420 seconds
84.873: Application time: 0.0393940 seconds
84.873: [GC [PSYoungGen: 7696K->496K(8192K)] 12508K->5308K(26112K), 0.0004400 secs] [Times: user=0.00 sys=0.00, real=0.00 secs] 
84.873: Total time for which application threads were stopped: 0.0005430 seconds, Stopping threads took: 0.0000500 seconds
84.913: Application time: 0.0396920 seconds
84.913: [GC [PSYoungGen: 7664K->528K(8192K)] 12476K->5340K(26112K), 0.0004510 secs] [Times: user=0.00 sys=0.00, real=0.00 secs] 
84.913: Total time for which application threads were stopped: 0.0005600 seconds, Stopping threads took: 0.0000420 seconds
84.954: Application time: 0.0401550 seconds
84.954: [GC [PSYoungGen: 7696K->432K(8192K)] 12508K->5244K(26112K), 0.0004550 secs] [Times: user=0.00 sys=0.00, real=0.00 secs] 
84.954: Total time for which application threads were stopped: 0.0005630 seconds, Stopping threads took: 0.0000480 seconds
84.993: Application time: 0.0393170 seconds
84.994: [GC [PSYoungGen: 7600K->480K(8192K)] 12412K->5292K(26112K), 0.0004140 secs] [Times: user=0.00 sys=0.00, real=0.00 secs] 
84.994: Total time for which application threads were stopped: 0.0005200 seconds, Stopping threads took: 0.0000370 seconds
85.033: Application time: 0.0391800 seconds
85.033: [GC [PSYoungGen: 7648K->512K(8192K)] 12460K->5324K(26112K), 0.0005350 secs] [Times: user=0.00 sys=0.00, real=0.00 secs] 
85.034: Total time for which application threads were stopped: 0.0006290 seconds, Stopping threads took: 0.0000380 seconds
85.073: Application time: 0.0393830 seconds
85.073: [GC [PSYoungGen: 7680K->480K(8192K)] 12492K->5292K(26112K), 0.0004280 secs] [Times: user=0.00 sys=0.00, real=0.00 secs] 
85.074: Total time for which application threads were stopped: 0.0005230 seconds, Stopping threads took: 0.0000420 seconds
85.113: Application time: 0.0396270 seconds
85.113: [GC [PSYoungGen: 7648K->416K(8192K)] 12460K->5316K(26112K), 0.0005150 secs] [Times: user=0.00 sys=0.00, real=0.00 secs] 
85.114: Total time for which application threads were stopped: 0.0006090 seconds, Stopping threads took: 0.0000390 seconds
85.154: Application time: 0.0396030 seconds
85.154: [GC [PSYoungGen: 7584K->336K(8192K)] 12484K->5324K(26112K), 0.0003970 secs] [Times: user=0.00 sys=0.00, real=0.00 secs] 
85.154: Total time for which application threads were stopped: 0.0004940 seconds, Stopping threads took: 0.0000430 seconds
85.193: Application time: 0.0392510 seconds
85.193: [GC [PSYoungGen: 7503K->320K(8192K)] 12492K->5356K(26112K), 0.0003950 secs] [Times: user=0.00 sys=0.00, real=0.00 secs] 
85.195: Total time for which application threads were stopped: 0.0016660 seconds, Stopping threads took: 0.0000500 seconds
85.234: Application time: 0.0393260 seconds
85.234: [GC [PSYoungGen: 7488K->272K(8192K)] 12524K->5396K(26112K), 0.0004080 secs] [Times: user=0.00 sys=0.00, real=0.00 secs] 
85.235: Total time for which application threads were stopped: 0.0005060 seconds, Stopping threads took: 0.0000420 seconds
85.274: Application time: 0.0395620 seconds
85.274: [GC [PSYoungGen: 7440K->272K(8192K)] 12564K->5396K(26112K), 0.0003660 secs] [Times: user=0.01 sys=0.00, real=0.00 secs] 
85.275: Total time for which application threads were stopped: 0.0004590 seconds, Stopping threads took: 0.0000380 seconds
85.312: Application time: 0.0376920 seconds
85.313: [GC [PSYoungGen: 7440K->352K(8192K)] 12564K->5532K(26112K), 0.0003820 secs] [Times: user=0.00 sys=0.00, real=0.00 secs] 
85.313: Total time for which application threads were stopped: 0.0004790 seconds, Stopping threads took: 0.0000390 seconds
85.352: Application time: 0.0389170 seconds
85.352: [GC [PSYoungGen: 7520K->352K(8192K)] 12700K->5532K(26112K), 0.0003850 secs] [Times: user=0.00 sys=0.00, real=0.00 secs] 
85.352: Total time for which application threads were stopped: 0.0004890 seconds, Stopping threads took: 0.0000450 seconds
85.392: Application time: 0.0391260 seconds
85.392: [GC [PSYoungGen: 7520K->416K(8192K)] 12700K->5596K(26112K), 0.0003960 secs] [Times: user=0.00 sys=0.00, real=0.00 secs] 
85.392: Total time for which application threads were stopped: 0.0004910 seconds, Stopping threads took: 0.0000410 seconds
85.430: Application time: 0.0383400 seconds
85.430: [GC [PSYoungGen: 7584K->512K(8192K)] 12764K->5692K(26112K), 0.0004960 secs] [Times: user=0.00 sys=0.00, real=0.00 secs] 
85.431: Total time for which application threads were stopped: 0.0005960 seconds, Stopping threads took: 0.0000430 seconds
85.471: Application time: 0.0397900 seconds
85.471: [GC [PSYoungGen: 7680K->400K(8192K)] 12860K->5580K(26112K), 0.0004060 secs] [Times: user=0.00 sys=0.00, real=0.00 secs] 
85.471: Total time for which application threads were stopped: 0.0005010 seconds, Stopping threads took: 0.0000410 seconds
85.510: Application time: 0.0390850 seconds
85.513: [GC [PSYoungGen: 7568K->496K(8192K)] 12748K->5676K(26112K), 0.0004460 secs] [Times: user=0.00 sys=0.00, real=0.00 secs] 
85.514: Total time for which application threads were stopped: 0.0032440 seconds, Stopping threads took: 0.0027270 seconds
85.553: Application time: 0.0392730 seconds
85.553: [GC [PSYoungGen: 7664K->464K(8192K)] 12844K->5644K(26112K), 0.0004090 secs] [Times: user=0.00 sys=0.01, real=0.00 secs] 
85.553: Total time for which application threads were stopped: 0.0005090 seconds, Stopping threads took: 0.0000440 seconds
85.593: Application time: 0.0392970 seconds
85.593: [GC [PSYoungGen: 7632K->512K(8192K)] 12812K->5692K(26112K), 0.0004040 secs] [Times: user=0.00 sys=0.00, real=0.00 secs] 
85.593: Total time for which application threads were stopped: 0.0005080 seconds, Stopping threads took: 0.0000480 seconds
85.633: Application time: 0.0394270 seconds
85.633: [GC [PSYoungGen: 7680K->544K(8192K)] 12860K->5724K(26112K), 0.0004210 secs] [Times: user=0.01 sys=0.00, real=0.00 secs] 
85.633: Total time for which application threads were stopped: 0.0005250 seconds, Stopping threads took: 0.0000460 seconds
85.672: Application time: 0.0392490 seconds
85.672: [GC [PSYoungGen: 7712K->512K(8192K)] 12892K->5692K(26112K), 0.0004020 secs] [Times: user=0.00 sys=0.00, real=0.00 secs] 
85.673: Total time for which application threads were stopped: 0.0005050 seconds, Stopping threads took: 0.0000460 seconds
85.712: Application time: 0.0392350 seconds
85.712: [GC [PSYoungGen: 7680K->544K(8192K)] 12860K->5724K(26112K), 0.0004070 secs] [Times: user=0.00 sys=0.00, real=0.00 secs] 
85.713: Total time for which application threads were stopped: 0.0005090 seconds, Stopping threads took: 0.0000420 seconds
85.752: Application time: 0.0397620 seconds
85.752: [GC [PSYoungGen: 7712K->464K(8192K)] 12892K->5644K(26112K), 0.0005200 secs] [Times: user=0.01 sys=0.00, real=0.00 secs] 
85.753: Total time for which application threads were stopped: 0.0006430 seconds, Stopping threads took: 0.0000600 seconds
85.792: Application time: 0.0394170 seconds
85.793: [GC [PSYoungGen: 7632K->448K(8192K)] 12812K->5628K(26112K), 0.0004120 secs] [Times: user=0.01 sys=0.00, real=0.00 secs] 
85.793: Total time for which application threads were stopped: 0.0005140 seconds, Stopping threads took: 0.0000460 seconds
85.832: Application time: 0.0392810 seconds
85.832: [GC [PSYoungGen: 7616K->496K(8192K)] 12796K->5676K(26112K), 0.0004480 secs] [Times: user=0.00 sys=0.00, real=0.00 secs] 
85.833: Total time for which application threads were stopped: 0.0005450 seconds, Stopping threads took: 0.0000420 seconds
85.872: Application time: 0.0392680 seconds
85.872: [GC [PSYoungGen: 7664K->528K(8192K)] 12844K->5708K(26112K), 0.0004860 secs] [Times: user=0.00 sys=0.00, real=0.00 secs] 
85.873: Total time for which application threads were stopped: 0.0005870 seconds, Stopping threads took: 0.0000450 seconds
85.912: Application time: 0.0395850 seconds
85.912: [GC [PSYoungGen: 7696K->432K(8192K)] 12876K->5712K(26112K), 0.0005150 secs] [Times: user=0.00 sys=0.00, real=0.00 secs] 
85.913: Total time for which application threads were stopped: 0.0006280 seconds, Stopping threads took: 0.0000460 seconds
85.952: Application time: 0.0394760 seconds
85.952: [GC [PSYoungGen: 7600K->384K(8192K)] 12880K->5713K(26112K), 0.0004460 secs] [Times: user=0.00 sys=0.00, real=0.00 secs] 
85.953: Total time for which application threads were stopped: 0.0005450 seconds, Stopping threads took: 0.0000430 seconds
85.992: Application time: 0.0395390 seconds
85.993: [GC [PSYoungGen: 7552K->320K(8192K)] 12881K->5705K(26112K), 0.0003720 secs] [Times: user=0.00 sys=0.00, real=0.00 secs] 
85.993: Total time for which application threads were stopped: 0.0004730 seconds, Stopping threads took: 0.0000460 seconds
86.032: Application time: 0.0394740 seconds
86.032: [GC [PSYoungGen: 7488K->256K(8192K)] 12873K->5729K(26112K), 0.0004140 secs] [Times: user=0.00 sys=0.00, real=0.00 secs] 
86.033: Total time for which application threads were stopped: 0.0005310 seconds, Stopping threads took: 0.0000510 seconds
86.072: Application time: 0.0390550 seconds
86.072: [GC [PSYoungGen: 7424K->320K(8192K)] 12897K->5793K(26112K), 0.0003970 secs] [Times: user=0.00 sys=0.00, real=0.00 secs] 
86.072: Total time for which application threads were stopped: 0.0005040 seconds, Stopping threads took: 0.0000510 seconds
86.110: Application time: 0.0378440 seconds
86.110: [GC [PSYoungGen: 7488K->336K(8192K)] 12961K->5865K(26112K), 0.0004390 secs] [Times: user=0.00 sys=0.00, real=0.00 secs] 
86.111: Total time for which application threads were stopped: 0.0005390 seconds, Stopping threads took: 0.0000400 seconds
86.150: Application time: 0.0395060 seconds
86.150: [GC [PSYoungGen: 7503K->400K(8192K)] 13032K->5929K(26112K), 0.0003820 secs] [Times: user=0.00 sys=0.00, real=0.00 secs] 
86.151: Total time for which application threads were stopped: 0.0004810 seconds, Stopping threads took: 0.0000430 seconds
86.189: Application time: 0.0378970 seconds
86.189: [GC [PSYoungGen: 7568K->464K(8192K)] 13097K->5993K(26112K), 0.0004090 secs] [Times: user=0.00 sys=0.00, real=0.01 secs] 
86.189: Total time for which application threads were stopped: 0.0005090 seconds, Stopping threads took: 0.0000430 seconds
86.229: Application time: 0.0392590 seconds
86.229: [GC [PSYoungGen: 7632K->464K(8192K)] 13161K->5993K(26112K), 0.0004010 secs] [Times: user=0.00 sys=0.00, real=0.00 secs] 
86.229: Total time for which application threads were stopped: 0.0005070 seconds, Stopping threads took: 0.0000470 seconds
86.268: Application time: 0.0391880 seconds
86.268: [GC [PSYoungGen: 7632K->480K(8192K)] 13161K->6009K(26112K), 0.0004230 secs] [Times: user=0.00 sys=0.00, real=0.00 secs] 
86.269: Total time for which application threads were stopped: 0.0005180 seconds, Stopping threads took: 0.0000340 seconds
86.308: Application time: 0.0395560 seconds
86.308: [GC [PSYoungGen: 7648K->528K(8192K)] 13177K->6057K(26112K), 0.0004250 secs] [Times: user=0.00 sys=0.00, real=0.00 secs] 
86.309: Total time for which application threads were stopped: 0.0005290 seconds, Stopping threads took: 0.0000470 seconds
86.348: Application time: 0.0395260 seconds
86.348: [GC [PSYoungGen: 7696K->496K(8192K)] 13225K->6025K(26112K), 0.0004240 secs] [Times: user=0.00 sys=0.00, real=0.00 secs] 
86.349: Total time for which application threads were stopped: 0.0005140 seconds, Stopping threads took: 0.0000370 seconds
86.388: Application time: 0.0394630 seconds
86.388: [GC [PSYoungGen: 7664K->512K(8192K)] 13193K->6041K(26112K), 0.0004110 secs] [Times: user=0.00 sys=0.00, real=0.00 secs] 
86.389: Total time for which application threads were stopped: 0.0005100 seconds, Stopping threads took: 0.0000420 seconds
86.429: Application time: 0.0397060 seconds
86.429: [GC [PSYoungGen: 7680K->496K(8192K)] 13209K->6025K(26112K), 0.0004460 secs] [Times: user=0.00 sys=0.00, real=0.01 secs] 
86.429: Total time for which application threads were stopped: 0.0005470 seconds, Stopping threads took: 0.0000440 seconds
86.469: Application time: 0.0401820 seconds
86.469: [GC [PSYoungGen: 7664K->496K(8192K)] 13193K->6025K(26112K), 0.0004260 secs] [Times: user=0.00 sys=0.00, real=0.00 secs] 
86.470: Total time for which application threads were stopped: 0.0005270 seconds, Stopping threads took: 0.0000450 seconds
86.509: Application time: 0.0392390 seconds
86.509: [GC [PSYoungGen: 7664K->496K(8192K)] 13193K->6025K(26112K), 0.0004210 secs] [Times: user=0.01 sys=0.00, real=0.00 secs] 
86.510: Total time for which application threads were stopped: 0.0005160 seconds, Stopping threads took: 0.0000380 seconds
86.549: Application time: 0.0394040 seconds
86.549: [GC [PSYoungGen: 7664K->512K(8192K)] 13193K->6041K(26112K), 0.0004100 secs] [Times: user=0.00 sys=0.00, real=0.00 secs] 
86.549: Total time for which application threads were stopped: 0.0005250 seconds, Stopping threads took: 0.0000470 seconds
86.589: Application time: 0.0391340 seconds
86.589: [GC [PSYoungGen: 7680K->528K(8192K)] 13209K->6057K(26112K), 0.0004230 secs] [Times: user=0.00 sys=0.00, real=0.01 secs] 
86.589: Total time for which application threads were stopped: 0.0005270 seconds, Stopping threads took: 0.0000480 seconds
86.629: Application time: 0.0400670 seconds
86.629: [GC [PSYoungGen: 7696K->512K(8192K)] 13225K->6041K(26112K), 0.0004270 secs] [Times: user=0.01 sys=0.00, real=0.00 secs] 
86.630: Total time for which application threads were stopped: 0.0005240 seconds, Stopping threads took: 0.0000390 seconds
86.669: Application time: 0.0393780 seconds
86.669: [GC [PSYoungGen: 7680K->448K(8192K)] 13209K->6041K(26112K), 0.0004150 secs] [Times: user=0.00 sys=0.00, real=0.00 secs] 
86.670: Total time for which application threads were stopped: 0.0005200 seconds, Stopping threads took: 0.0000480 seconds
86.709: Application time: 0.0392840 seconds
86.709: [GC [PSYoungGen: 7616K->336K(8192K)] 13209K->6041K(26112K), 0.0004060 secs] [Times: user=0.00 sys=0.00, real=0.00 secs] 
86.709: Total time for which application threads were stopped: 0.0005070 seconds, Stopping threads took: 0.0000440 seconds
86.749: Application time: 0.0394630 seconds
86.749: [GC [PSYoungGen: 7504K->368K(8192K)] 13209K->6073K(26112K), 0.0004010 secs] [Times: user=0.00 sys=0.00, real=0.01 secs] 
86.749: Total time for which application threads were stopped: 0.0004970 seconds, Stopping threads took: 0.0000400 seconds
86.789: Application time: 0.0394860 seconds
86.789: [GC [PSYoungGen: 7536K->304K(8192K)] 13241K->6121K(26112K), 0.0003830 secs] [Times: user=0.00 sys=0.00, real=0.01 secs] 
86.789: Total time for which application threads were stopped: 0.0004780 seconds, Stopping threads took: 0.0000410 seconds
86.829: Application time: 0.0395680 seconds
86.829: [GC [PSYoungGen: 7472K->272K(8192K)] 13289K->6089K(26112K), 0.0003500 secs] [Times: user=0.00 sys=0.00, real=0.00 secs] 
86.829: Total time for which application threads were stopped: 0.0004510 seconds, Stopping threads took: 0.0000430 seconds
86.867: Application time: 0.0381010 seconds
86.868: [GC [PSYoungGen: 7440K->336K(8192K)] 13257K->6201K(26112K), 0.0003800 secs] [Times: user=0.00 sys=0.00, real=0.00 secs] 
86.868: Total time for which application threads were stopped: 0.0004870 seconds, Stopping threads took: 0.0000470 seconds
86.907: Application time: 0.0388330 seconds
86.907: [GC [PSYoungGen: 7504K->400K(8192K)] 13369K->6265K(26112K), 0.0004570 secs] [Times: user=0.00 sys=0.00, real=0.00 secs] 
86.907: Total time for which application threads were stopped: 0.0005820 seconds, Stopping threads took: 0.0000570 seconds
86.947: Application time: 0.0394210 seconds
86.947: [GC [PSYoungGen: 7568K->368K(8192K)] 13433K->6233K(26112K), 0.0003680 secs] [Times: user=0.00 sys=0.00, real=0.00 secs] 
86.947: Total time for which application threads were stopped: 0.0004760 seconds, Stopping threads took: 0.0000530 seconds
86.985: Application time: 0.0378080 seconds
86.985: [GC [PSYoungGen: 7536K->448K(8192K)] 13401K->6313K(26112K), 0.0004280 secs] [Times: user=0.00 sys=0.00, real=0.00 secs] 
86.986: Total time for which application threads were stopped: 0.0005320 seconds, Stopping threads took: 0.0000410 seconds
87.025: Application time: 0.0393500 seconds
87.025: [GC [PSYoungGen: 7616K->464K(8192K)] 13481K->6329K(26112K), 0.0004720 secs] [Times: user=0.00 sys=0.00, real=0.00 secs] 
87.026: Total time for which application threads were stopped: 0.0005650 seconds, Stopping threads took: 0.0000400 seconds
87.065: Application time: 0.0390410 seconds
87.065: [GC [PSYoungGen: 7632K->544K(8192K)] 13497K->6409K(26112K), 0.0004260 secs] [Times: user=0.00 sys=0.00, real=0.00 secs] 
87.065: Total time for which application threads were stopped: 0.0005380 seconds, Stopping threads took: 0.0000470 seconds
87.105: Application time: 0.0396600 seconds
87.105: [GC [PSYoungGen: 7712K->544K(8192K)] 13577K->6409K(26112K), 0.0004170 secs] [Times: user=0.00 sys=0.00, real=0.00 secs] 
87.105: Total time for which application threads were stopped: 0.0005180 seconds, Stopping threads took: 0.0000430 seconds
87.146: Application time: 0.0401870 seconds
87.146: [GC [PSYoungGen: 7712K->496K(8192K)] 13577K->6361K(26112K), 0.0004260 secs] [Times: user=0.00 sys=0.00, real=0.00 secs] 
87.146: Total time for which application threads were stopped: 0.0005440 seconds, Stopping threads took: 0.0000600 seconds
87.186: Application time: 0.0397640 seconds
87.186: [GC [PSYoungGen: 7664K->512K(8192K)] 13529K->6377K(26112K), 0.0004180 secs] [Times: user=0.00 sys=0.00, real=0.00 secs] 
87.186: Total time for which application threads were stopped: 0.0005120 seconds, Stopping threads took: 0.0000400 seconds
87.226: Application time: 0.0396560 seconds
87.226: [GC [PSYoungGen: 7680K->496K(8192K)] 13545K->6361K(26112K), 0.0004210 secs] [Times: user=0.00 sys=0.00, real=0.00 secs] 
87.227: Total time for which application threads were stopped: 0.0005110 seconds, Stopping threads took: 0.0000380 seconds
87.266: Application time: 0.0392960 seconds
87.266: [GC [PSYoungGen: 7664K->512K(8192K)] 13529K->6377K(26112K), 0.0004100 secs] [Times: user=0.00 sys=0.00, real=0.00 secs] 
87.266: Total time for which application threads were stopped: 0.0005080 seconds, Stopping threads took: 0.0000400 seconds
87.306: Application time: 0.0392600 seconds
87.306: [GC [PSYoungGen: 7680K->464K(8192K)] 13545K->6329K(26112K), 0.0004740 secs] [Times: user=0.01 sys=0.00, real=0.00 secs] 
87.306: Total time for which application threads were stopped: 0.0005720 seconds, Stopping threads took: 0.0000390 seconds
87.345: Application time: 0.0392600 seconds
87.346: [GC [PSYoungGen: 7632K->448K(8192K)] 13497K->6313K(26112K), 0.0004720 secs] [Times: user=0.00 sys=0.00, real=0.00 secs] 
87.346: Total time for which application threads were stopped: 0.0005910 seconds, Stopping threads took: 0.0000620 seconds
87.385: Application time: 0.0391850 seconds
87.385: [GC [PSYoungGen: 7616K->528K(8192K)] 13481K->6393K(26112K), 0.0004630 secs] [Times: user=0.01 sys=0.00, real=0.00 secs] 
87.386: Total time for which application threads were stopped: 0.0005560 seconds, Stopping threads took: 0.0000380 seconds
87.426: Application time: 0.0401070 seconds
87.426: [GC [PSYoungGen: 7696K->448K(8192K)] 13561K->6313K(26112K), 0.0004090 secs] [Times: user=0.01 sys=0.00, real=0.00 secs] 
87.426: Total time for which application threads were stopped: 0.0005090 seconds, Stopping threads took: 0.0000430 seconds
87.466: Application time: 0.0392470 seconds
87.466: [GC [PSYoungGen: 7616K->400K(8192K)] 13481K->6353K(26112K), 0.0004230 secs] [Times: user=0.00 sys=0.00, real=0.00 secs] 
87.466: Total time for which application threads were stopped: 0.0005180 seconds, Stopping threads took: 0.0000400 seconds
87.505: Application time: 0.0392390 seconds
87.505: [GC [PSYoungGen: 7568K->320K(8192K)] 13521K->6361K(26112K), 0.0003890 secs] [Times: user=0.00 sys=0.00, real=0.00 secs] 
87.506: Total time for which application threads were stopped: 0.0004890 seconds, Stopping threads took: 0.0000450 seconds
87.546: Application time: 0.0397500 seconds
87.546: [GC [PSYoungGen: 7488K->336K(8192K)] 13529K->6377K(26112K), 0.0004430 secs] [Times: user=0.00 sys=0.00, real=0.00 secs] 
87.546: Total time for which application threads were stopped: 0.0005490 seconds, Stopping threads took: 0.0000390 seconds
87.586: Application time: 0.0397170 seconds
87.586: [GC [PSYoungGen: 7504K->272K(8192K)] 13545K->6437K(26112K), 0.0003880 secs] [Times: user=0.00 sys=0.00, real=0.00 secs] 
87.586: Total time for which application threads were stopped: 0.0004900 seconds, Stopping threads took: 0.0000390 seconds
87.626: Application time: 0.0394210 seconds
87.626: [GC [PSYoungGen: 7440K->272K(8192K)] 13605K->6437K(26112K), 0.0003570 secs] [Times: user=0.00 sys=0.00, real=0.00 secs] 
87.626: Total time for which application threads were stopped: 0.0004540 seconds, Stopping threads took: 0.0000450 seconds
87.665: Application time: 0.0387630 seconds
87.665: [GC [PSYoungGen: 7440K->288K(8192K)] 13605K->6509K(26112K), 0.0004080 secs] [Times: user=0.01 sys=0.00, real=0.00 secs] 
87.666: Total time for which application threads were stopped: 0.0005160 seconds, Stopping threads took: 0.0000530 seconds
87.704: Application time: 0.0382450 seconds
87.704: [GC [PSYoungGen: 7456K->384K(8192K)] 13677K->6605K(26112K), 0.0004140 secs] [Times: user=0.01 sys=0.00, real=0.00 secs] 
87.704: Total time for which application threads were stopped: 0.0005070 seconds, Stopping threads took: 0.0000410 seconds
87.743: Application time: 0.0389760 seconds
87.743: [GC [PSYoungGen: 7552K->352K(8192K)] 13773K->6573K(26112K), 0.0003930 secs] [Times: user=0.00 sys=0.00, real=0.00 secs] 
87.744: Total time for which application threads were stopped: 0.0004930 seconds, Stopping threads took: 0.0000450 seconds
87.782: Application time: 0.0383910 seconds
87.785: [GC [PSYoungGen: 7520K->464K(8192K)] 13741K->6685K(26112K), 0.0004530 secs] [Times: user=0.00 sys=0.00, real=0.00 secs] 
87.786: Total time for which application threads were stopped: 0.0034210 seconds, Stopping threads took: 0.0029060 seconds
87.825: Application time: 0.0395110 seconds
87.825: [GC [PSYoungGen: 7632K->432K(8192K)] 13853K->6653K(26112K), 0.0004080 secs] [Times: user=0.00 sys=0.00, real=0.00 secs] 
87.826: Total time for which application threads were stopped: 0.0005160 seconds, Stopping threads took: 0.0000510 seconds
87.865: Application time: 0.0390060 seconds
87.865: [GC [PSYoungGen: 7600K->512K(8192K)] 13821K->6733K(26112K), 0.0004170 secs] [Times: user=0.00 sys=0.00, real=0.00 secs] 
87.865: Total time for which application threads were stopped: 0.0005190 seconds, Stopping threads took: 0.0000440 seconds
87.905: Application time: 0.0396300 seconds
87.905: [GC [PSYoungGen: 7680K->496K(8192K)] 13901K->6717K(26112K), 0.0004620 secs] [Times: user=0.00 sys=0.00, real=0.00 secs] 
87.905: Total time for which application threads were stopped: 0.0005830 seconds, Stopping threads took: 0.0000510 seconds
87.945: Application time: 0.0393530 seconds
87.945: [GC [PSYoungGen: 7664K->496K(8192K)] 13885K->6717K(26112K), 0.0004130 secs] [Times: user=0.00 sys=0.00, real=0.00 secs] 
87.945: Total time for which application threads were stopped: 0.0005110 seconds, Stopping threads took: 0.0000430 seconds
87.985: Application time: 0.0398040 seconds
87.985: [GC [PSYoungGen: 7664K->464K(8192K)] 13885K->6685K(26112K), 0.0004090 secs] [Times: user=0.00 sys=0.00, real=0.00 secs] 
87.986: Total time for which application threads were stopped: 0.0005010 seconds, Stopping threads took: 0.0000370 seconds
88.025: Application time: 0.0391550 seconds
88.025: [GC [PSYoungGen: 7632K->512K(8192K)] 13853K->6733K(26112K), 0.0004550 secs] [Times: user=0.00 sys=0.01, real=0.00 secs] 
88.025: Total time for which application threads were stopped: 0.0005470 seconds, Stopping threads took: 0.0000390 seconds
88.064: Application time: 0.0392270 seconds
88.065: [GC [PSYoungGen: 7680K->448K(8192K)] 13901K->6669K(26112K), 0.0004130 secs] [Times: user=0.00 sys=0.00, real=0.00 secs] 
88.065: Total time for which application threads were stopped: 0.0005120 seconds, Stopping threads took: 0.0000410 seconds
88.104: Application time: 0.0392380 seconds
88.104: [GC [PSYoungGen: 7616K->496K(8192K)] 13837K->6717K(26112K), 0.0004130 secs] [Times: user=0.01 sys=0.00, real=0.00 secs] 
88.105: Total time for which application threads were stopped: 0.0005260 seconds, Stopping threads took: 0.0000360 seconds
88.144: Application time: 0.0392590 seconds
88.144: [GC [PSYoungGen: 7664K->512K(8192K)] 13885K->6733K(26112K), 0.0004990 secs] [Times: user=0.00 sys=0.00, real=0.00 secs] 
88.145: Total time for which application threads were stopped: 0.0006070 seconds, Stopping threads took: 0.0000500 seconds
88.184: Application time: 0.0392410 seconds
88.184: [GC [PSYoungGen: 7680K->512K(8192K)] 13901K->6733K(26112K), 0.0004520 secs] [Times: user=0.00 sys=0.00, real=0.00 secs] 
88.184: Total time for which application threads were stopped: 0.0005470 seconds, Stopping threads took: 0.0000400 seconds
88.224: Application time: 0.0395170 seconds
88.225: [GC [PSYoungGen: 7680K->496K(8192K)] 13901K->6717K(26112K), 0.0004450 secs] [Times: user=0.00 sys=0.00, real=0.00 secs] 
88.226: Total time for which application threads were stopped: 0.0016370 seconds, Stopping threads took: 0.0011330 seconds
88.266: Application time: 0.0404910 seconds
88.266: [GC [PSYoungGen: 7664K->416K(8192K)] 13885K->6733K(26112K), 0.0004880 secs] [Times: user=0.00 sys=0.00, real=0.00 secs] 
88.267: Total time for which application threads were stopped: 0.0005860 seconds, Stopping threads took: 0.0000410 seconds
88.306: Application time: 0.0393230 seconds
88.306: [GC [PSYoungGen: 7584K->352K(8192K)] 13901K->6757K(26112K), 0.0004020 secs] [Times: user=0.00 sys=0.00, real=0.00 secs] 
88.306: Total time for which application threads were stopped: 0.0004980 seconds, Stopping threads took: 0.0000390 seconds
88.346: Application time: 0.0391980 seconds
88.346: [GC [PSYoungGen: 7520K->336K(8192K)] 13925K->6789K(26112K), 0.0004310 secs] [Times: user=0.00 sys=0.00, real=0.00 secs] 
88.346: Total time for which application threads were stopped: 0.0005190 seconds, Stopping threads took: 0.0000350 seconds
88.385: Application time: 0.0392000 seconds
88.385: [GC [PSYoungGen: 7504K->272K(8192K)] 13957K->6821K(26112K), 0.0003760 secs] [Times: user=0.00 sys=0.00, real=0.00 secs] 
88.386: Total time for which application threads were stopped: 0.0004720 seconds, Stopping threads took: 0.0000420 seconds
88.425: Application time: 0.0389920 seconds
88.425: [GC [PSYoungGen: 7440K->320K(8192K)] 13989K->6869K(26112K), 0.0003760 secs] [Times: user=0.00 sys=0.00, real=0.00 secs] 
88.425: Total time for which application threads were stopped: 0.0004750 seconds, Stopping threads took: 0.0000420 seconds
88.463: Application time: 0.0378150 seconds
88.463: [GC [PSYoungGen: 7488K->368K(8192K)] 14037K->6973K(26112K), 0.0003890 secs] [Times: user=0.00 sys=0.00, real=0.00 secs] 
88.464: Total time for which application threads were stopped: 0.0004910 seconds, Stopping threads took: 0.0000440 seconds
88.503: Application time: 0.0396050 seconds
88.503: [GC [PSYoungGen: 7536K->352K(8192K)] 14141K->6957K(26112K), 0.0003860 secs] [Times: user=0.00 sys=0.00, real=0.00 secs] 
88.504: Total time for which application threads were stopped: 0.0004800 seconds, Stopping threads took: 0.0000420 seconds
88.543: Application time: 0.0395230 seconds
88.543: [GC [PSYoungGen: 7520K->400K(8192K)] 14125K->7005K(26112K), 0.0003890 secs] [Times: user=0.00 sys=0.00, real=0.00 secs] 
88.544: Total time for which application threads were stopped: 0.0004930 seconds, Stopping threads took: 0.0000490 seconds
88.582: Application time: 0.0380620 seconds
88.582: [GC [PSYoungGen: 7568K->432K(8192K)] 14173K->7037K(26112K), 0.0004290 secs] [Times: user=0.00 sys=0.00, real=0.00 secs] 
88.582: Total time for which application threads were stopped: 0.0005310 seconds, Stopping threads took: 0.0000440 seconds
88.621: Application time: 0.0391560 seconds
88.622: [GC [PSYoungGen: 7600K->464K(8192K)] 14205K->7069K(26112K), 0.0004680 secs] [Times: user=0.01 sys=0.00, real=0.00 secs] 
88.622: Total time for which application threads were stopped: 0.0005710 seconds, Stopping threads took: 0.0000370 seconds
88.661: Application time: 0.0392760 seconds
88.661: [GC [PSYoungGen: 7632K->448K(8192K)] 14237K->7053K(26112K), 0.0004350 secs] [Times: user=0.00 sys=0.00, real=0.00 secs] 
88.662: Total time for which application threads were stopped: 0.0005370 seconds, Stopping threads took: 0.0000470 seconds
88.701: Application time: 0.0392920 seconds
88.701: [GC [PSYoungGen: 7616K->512K(8192K)] 14221K->7117K(26112K), 0.0004130 secs] [Times: user=0.00 sys=0.00, real=0.00 secs] 
88.702: Total time for which application threads were stopped: 0.0005150 seconds, Stopping threads took: 0.0000490 seconds
88.742: Application time: 0.0401690 seconds
88.742: [GC [PSYoungGen: 7680K->512K(8192K)] 14285K->7117K(26112K), 0.0004550 secs] [Times: user=0.00 sys=0.00, real=0.00 secs] 
88.742: Total time for which application threads were stopped: 0.0005510 seconds, Stopping threads took: 0.0000400 seconds
88.782: Application time: 0.0393440 seconds
88.782: [GC [PSYoungGen: 7680K->496K(8192K)] 14285K->7101K(26112K), 0.0004560 secs] [Times: user=0.00 sys=0.00, real=0.00 secs] 
88.782: Total time for which application threads were stopped: 0.0005510 seconds, Stopping threads took: 0.0000410 seconds
88.822: Application time: 0.0397090 seconds
88.822: [GC [PSYoungGen: 7664K->512K(8192K)] 14269K->7117K(26112K), 0.0004130 secs] [Times: user=0.00 sys=0.00, real=0.00 secs] 
88.823: Total time for which application threads were stopped: 0.0005110 seconds, Stopping threads took: 0.0000430 seconds
88.862: Application time: 0.0391750 seconds
88.862: [GC [PSYoungGen: 7680K->512K(8192K)] 14285K->7117K(26112K), 0.0005010 secs] [Times: user=0.00 sys=0.00, real=0.00 secs] 
88.862: Total time for which application threads were stopped: 0.0006120 seconds, Stopping threads took: 0.0000560 seconds
88.902: Application time: 0.0393520 seconds
88.902: [GC [PSYoungGen: 7680K->480K(8192K)] 14285K->7085K(26112K), 0.0004570 secs] [Times: user=0.01 sys=0.00, real=0.00 secs] 
88.902: Total time for which application threads were stopped: 0.0005700 seconds, Stopping threads took: 0.0000470 seconds
88.941: Application time: 0.0392020 seconds
88.942: [GC [PSYoungGen: 7648K->528K(8192K)] 14253K->7133K(26112K), 0.0004220 secs] [Times: user=0.00 sys=0.00, real=0.00 secs] 
88.942: Total time for which application threads were stopped: 0.0005210 seconds, Stopping threads took: 0.0000430 seconds
88.981: Application time: 0.0394200 seconds
88.981: [GC [PSYoungGen: 7696K->496K(8192K)] 14301K->7101K(26112K), 0.0004570 secs] [Times: user=0.00 sys=0.00, real=0.00 secs] 
88.982: Total time for which application threads were stopped: 0.0005490 seconds, Stopping threads took: 0.0000370 seconds
89.021: Application time: 0.0392750 seconds
89.021: [GC [PSYoungGen: 7664K->464K(8192K)] 14269K->7117K(26112K), 0.0004150 secs] [Times: user=0.00 sys=0.00, real=0.00 secs] 
89.022: Total time for which application threads were stopped: 0.0005090 seconds, Stopping threads took: 0.0000380 seconds
89.061: Application time: 0.0394210 seconds
89.061: [GC [PSYoungGen: 7632K->336K(8192K)] 14285K->7110K(26112K), 0.0004530 secs] [Times: user=0.00 sys=0.00, real=0.00 secs] 
89.062: Total time for which application threads were stopped: 0.0005530 seconds, Stopping threads took: 0.0000430 seconds
89.101: Application time: 0.0394140 seconds
89.101: [GC [PSYoungGen: 7504K->416K(8192K)] 14278K->7190K(26112K), 0.0004240 secs] [Times: user=0.00 sys=0.00, real=0.00 secs] 
89.102: Total time for which application threads were stopped: 0.0005160 seconds, Stopping threads took: 0.0000380 seconds
89.141: Application time: 0.0395630 seconds
89.141: [GC [PSYoungGen: 7584K->304K(8192K)] 14358K->7126K(26112K), 0.0004260 secs] [Times: user=0.00 sys=0.00, real=0.00 secs] 
89.142: Total time for which application threads were stopped: 0.0005370 seconds, Stopping threads took: 0.0000440 seconds
89.181: Application time: 0.0392380 seconds
89.181: [GC [PSYoungGen: 7472K->272K(8192K)] 14294K->7190K(26112K), 0.0003760 secs] [Times: user=0.00 sys=0.00, real=0.00 secs] 
89.181: Total time for which application threads were stopped: 0.0004790 seconds, Stopping threads took: 0.0000480 seconds
89.220: Application time: 0.0385810 seconds
89.220: [GC [PSYoungGen: 7433K->272K(8192K)] 14351K->7238K(26112K), 0.0004130 secs] [Times: user=0.00 sys=0.00, real=0.00 secs] 
89.221: Total time for which application threads were stopped: 0.0005130 seconds, Stopping threads took: 0.0000420 seconds
89.259: Application time: 0.0381600 seconds
89.259: [GC [PSYoungGen: 7440K->320K(8192K)] 14406K->7286K(26112K), 0.0004280 secs] [Times: user=0.00 sys=0.00, real=0.00 secs] 
89.259: Total time for which application threads were stopped: 0.0005290 seconds, Stopping threads took: 0.0000430 seconds
89.298: Application time: 0.0392070 seconds
89.299: [GC [PSYoungGen: 7488K->416K(8192K)] 14454K->7382K(26112K), 0.0004210 secs] [Times: user=0.00 sys=0.00, real=0.00 secs] 
89.299: Total time for which application threads were stopped: 0.0005310 seconds, Stopping threads took: 0.0000470 seconds
89.337: Application time: 0.0384930 seconds
89.338: [GC [PSYoungGen: 7584K->480K(8192K)] 14550K->7446K(26112K), 0.0004530 secs] [Times: user=0.00 sys=0.00, real=0.00 secs] 
89.338: Total time for which application threads were stopped: 0.0005600 seconds, Stopping threads took: 0.0000490 seconds
89.377: Application time: 0.0394250 seconds
89.378: [GC [PSYoungGen: 7648K->496K(8192K)] 14614K->7462K(26112K), 0.0004400 secs] [Times: user=0.00 sys=0.00, real=0.00 secs] 
89.378: Total time for which application threads were stopped: 0.0005350 seconds, Stopping threads took: 0.0000400 seconds
89.417: Application time: 0.0391070 seconds
89.417: [GC [PSYoungGen: 7664K->480K(8192K)] 14630K->7446K(26112K), 0.0004180 secs] [Times: user=0.00 sys=0.00, real=0.00 secs] 
89.418: Total time for which application threads were stopped: 0.0005220 seconds, Stopping threads took: 0.0000440 seconds
89.457: Application time: 0.0394660 seconds
89.457: [GC [PSYoungGen: 7648K->528K(8192K)] 14614K->7494K(26112K), 0.0004210 secs] [Times: user=0.00 sys=0.00, real=0.00 secs] 
89.458: Total time for which application threads were stopped: 0.0005160 seconds, Stopping threads took: 0.0000380 seconds
89.497: Application time: 0.0394500 seconds
89.501: [GC [PSYoungGen: 7696K->464K(8192K)] 14662K->7430K(26112K), 0.0004560 secs] [Times: user=0.00 sys=0.00, real=0.00 secs] 
89.502: Total time for which application threads were stopped: 0.0045000 seconds, Stopping threads took: 0.0039870 seconds
89.541: Application time: 0.0393440 seconds
89.541: [GC [PSYoungGen: 7632K->528K(8192K)] 14598K->7494K(26112K), 0.0004540 secs] [Times: user=0.00 sys=0.00, real=0.01 secs] 
89.541: Total time for which application threads were stopped: 0.0005570 seconds, Stopping threads took: 0.0000430 seconds
89.581: Application time: 0.0395650 seconds
89.581: [GC [PSYoungGen: 7696K->528K(8192K)] 14662K->7494K(26112K), 0.0004170 secs] [Times: user=0.00 sys=0.00, real=0.00 secs] 
89.582: Total time for which application threads were stopped: 0.0005120 seconds, Stopping threads took: 0.0000390 seconds
89.621: Application time: 0.0392740 seconds
89.621: [GC [PSYoungGen: 7696K->528K(8192K)] 14662K->7494K(26112K), 0.0004210 secs] [Times: user=0.00 sys=0.00, real=0.01 secs] 
89.621: Total time for which application threads were stopped: 0.0005210 seconds, Stopping threads took: 0.0000460 seconds
89.660: Application time: 0.0391150 seconds
89.661: [GC [PSYoungGen: 7696K->496K(8192K)] 14662K->7462K(26112K), 0.0005190 secs] [Times: user=0.01 sys=0.00, real=0.01 secs] 
89.661: Total time for which application threads were stopped: 0.0006260 seconds, Stopping threads took: 0.0000430 seconds
89.700: Application time: 0.0391550 seconds
89.700: [GC [PSYoungGen: 7664K->560K(8192K)] 14630K->7526K(26112K), 0.0004170 secs] [Times: user=0.00 sys=0.00, real=0.00 secs] 
89.701: Total time for which application threads were stopped: 0.0005220 seconds, Stopping threads took: 0.0000490 seconds
89.740: Application time: 0.0393110 seconds
89.740: [GC [PSYoungGen: 7727K->512K(8192K)] 14694K->7478K(26112K), 0.0004220 secs] [Times: user=0.00 sys=0.00, real=0.00 secs] 
89.741: Total time for which application threads were stopped: 0.0005210 seconds, Stopping threads took: 0.0000450 seconds
89.780: Application time: 0.0392980 seconds
89.780: [GC [PSYoungGen: 7680K->512K(8192K)] 14646K->7478K(26112K), 0.0004180 secs] [Times: user=0.00 sys=0.00, real=0.00 secs] 
89.780: Total time for which application threads were stopped: 0.0005070 seconds, Stopping threads took: 0.0000380 seconds
89.820: Application time: 0.0392910 seconds
89.820: [GC [PSYoungGen: 7680K->432K(8192K)] 14646K->7486K(26112K), 0.0004150 secs] [Times: user=0.01 sys=0.00, real=0.00 secs] 
89.820: Total time for which application threads were stopped: 0.0005160 seconds, Stopping threads took: 0.0000450 seconds
89.860: Application time: 0.0394370 seconds
89.860: [GC [PSYoungGen: 7600K->368K(8192K)] 14654K->7494K(26112K), 0.0004520 secs] [Times: user=0.00 sys=0.00, real=0.00 secs] 
89.860: Total time for which application threads were stopped: 0.0005570 seconds, Stopping threads took: 0.0000470 seconds
89.900: Application time: 0.0396080 seconds
89.900: [GC [PSYoungGen: 7536K->336K(8192K)] 14662K->7522K(26112K), 0.0004790 secs] [Times: user=0.00 sys=0.00, real=0.00 secs] 
89.900: Total time for which application threads were stopped: 0.0006040 seconds, Stopping threads took: 0.0000580 seconds
89.940: Application time: 0.0392900 seconds
89.940: [GC [PSYoungGen: 7504K->272K(8192K)] 14690K->7546K(26112K), 0.0004230 secs] [Times: user=0.00 sys=0.00, real=0.00 secs] 
89.940: Total time for which application threads were stopped: 0.0005210 seconds, Stopping threads took: 0.0000420 seconds
89.980: Application time: 0.0394780 seconds
89.980: [GC [PSYoungGen: 7440K->256K(8192K)] 14714K->7530K(26112K), 0.0003810 secs] [Times: user=0.00 sys=0.00, real=0.00 secs] 
89.980: Total time for which application threads were stopped: 0.0004740 seconds, Stopping threads took: 0.0000380 seconds
90.018: Application time: 0.0378090 seconds
90.018: [GC [PSYoungGen: 7424K->304K(8192K)] 14698K->7642K(26112K), 0.0003770 secs] [Times: user=0.00 sys=0.00, real=0.00 secs] 
90.018: Total time for which application threads were stopped: 0.0004750 seconds, Stopping threads took: 0.0000430 seconds
90.057: Application time: 0.0387600 seconds
90.057: [GC [PSYoungGen: 7472K->384K(8192K)] 14810K->7722K(26112K), 0.0004000 secs] [Times: user=0.00 sys=0.00, real=0.00 secs] 
90.058: Total time for which application threads were stopped: 0.0004970 seconds, Stopping threads took: 0.0000410 seconds
90.097: Application time: 0.0391860 seconds
90.097: [GC [PSYoungGen: 7552K->432K(8192K)] 14890K->7770K(26112K), 0.0003960 secs] [Times: user=0.00 sys=0.01, real=0.00 secs] 
90.097: Total time for which application threads were stopped: 0.0004910 seconds, Stopping threads took: 0.0000410 seconds
90.136: Application time: 0.0384310 seconds
90.136: [GC [PSYoungGen: 7600K->512K(8192K)] 14938K->7850K(26112K), 0.0004150 secs] [Times: user=0.00 sys=0.00, real=0.00 secs] 
90.136: Total time for which application threads were stopped: 0.0005180 seconds, Stopping threads took: 0.0000450 seconds
90.176: Application time: 0.0393220 seconds
90.176: [GC [PSYoungGen: 7680K->496K(8192K)] 15018K->7834K(26112K), 0.0004520 secs] [Times: user=0.00 sys=0.00, real=0.00 secs] 
90.176: Total time for which application threads were stopped: 0.0005530 seconds, Stopping threads took: 0.0000400 seconds
90.215: Application time: 0.0389550 seconds
90.215: [GC [PSYoungGen: 7664K->528K(8192K)] 15002K->7866K(26112K), 0.0004360 secs] [Times: user=0.00 sys=0.00, real=0.00 secs] 
90.217: Total time for which application threads were stopped: 0.0016170 seconds, Stopping threads took: 0.0000430 seconds
90.256: Application time: 0.0394780 seconds
90.256: [GC [PSYoungGen: 7696K->512K(8192K)] 15034K->7850K(26112K), 0.0004730 secs] [Times: user=0.01 sys=0.00, real=0.00 secs] 
90.257: Total time for which application threads were stopped: 0.0005720 seconds, Stopping threads took: 0.0000440 seconds
90.296: Application time: 0.0394260 seconds
90.296: [GC [PSYoungGen: 7680K->496K(8192K)] 15018K->7834K(26112K), 0.0004200 secs] [Times: user=0.00 sys=0.00, real=0.00 secs] 
90.297: Total time for which application threads were stopped: 0.0005190 seconds, Stopping threads took: 0.0000430 seconds
90.336: Application time: 0.0394280 seconds
90.336: [GC [PSYoungGen: 7664K->512K(8192K)] 15002K->7850K(26112K), 0.0004240 secs] [Times: user=0.00 sys=0.00, real=0.00 secs] 
90.337: Total time for which application threads were stopped: 0.0005250 seconds, Stopping threads took: 0.0000440 seconds
90.376: Application time: 0.0395130 seconds
90.377: [GC [PSYoungGen: 7680K->480K(8192K)] 15018K->7818K(26112K), 0.0004330 secs] [Times: user=0.00 sys=0.00, real=0.00 secs] 
90.378: Total time for which application threads were stopped: 0.0012530 seconds, Stopping threads took: 0.0007630 seconds
90.417: Application time: 0.0391840 seconds
90.417: [GC [PSYoungGen: 7648K->496K(8192K)] 14986K->7834K(26112K), 0.0004660 secs] [Times: user=0.01 sys=0.00, real=0.00 secs] 
90.417: Total time for which application threads were stopped: 0.0005690 seconds, Stopping threads took: 0.0000460 seconds
90.457: Application time: 0.0392450 seconds
90.457: [GC [PSYoungGen: 7664K->496K(8192K)] 15002K->7834K(26112K), 0.0004150 secs] [Times: user=0.00 sys=0.00, real=0.00 secs] 
90.457: Total time for which application threads were stopped: 0.0005100 seconds, Stopping threads took: 0.0000390 seconds
90.496: Application time: 0.0392090 seconds
90.497: [GC [PSYoungGen: 7664K->464K(8192K)] 15002K->7802K(26112K), 0.0004650 secs] [Times: user=0.00 sys=0.00, real=0.00 secs] 
90.498: Total time for which application threads were stopped: 0.0012870 seconds, Stopping threads took: 0.0007660 seconds
90.537: Application time: 0.0394950 seconds
90.537: [GC [PSYoungGen: 7632K->496K(8192K)] 14970K->7834K(26112K), 0.0004270 secs] [Times: user=0.00 sys=0.00, real=0.00 secs] 
90.538: Total time for which application threads were stopped: 0.0005260 seconds, Stopping threads took: 0.0000420 seconds
90.577: Application time: 0.0394750 seconds
90.577: [GC [PSYoungGen: 7664K->512K(8192K)] 15002K->7850K(26112K), 0.0004110 secs] [Times: user=0.00 sys=0.00, real=0.00 secs] 
90.578: Total time for which application threads were stopped: 0.0005130 seconds, Stopping threads took: 0.0000460 seconds
90.617: Application time: 0.0392810 seconds
90.617: [GC [PSYoungGen: 7680K->384K(8192K)] 15018K->7842K(26112K), 0.0004190 secs] [Times: user=0.00 sys=0.00, real=0.00 secs] 
90.617: Total time for which application threads were stopped: 0.0005260 seconds, Stopping threads took: 0.0000510 seconds
90.657: Application time: 0.0393590 seconds
90.657: [GC [PSYoungGen: 7552K->352K(8192K)] 15010K->7858K(26112K), 0.0003930 secs] [Times: user=0.00 sys=0.00, real=0.00 secs] 
90.657: Total time for which application threads were stopped: 0.0004820 seconds, Stopping threads took: 0.0000330 seconds
90.697: Application time: 0.0394620 seconds
90.697: [GC [PSYoungGen: 7520K->336K(8192K)] 15026K->7890K(26112K), 0.0004220 secs] [Times: user=0.00 sys=0.00, real=0.00 secs] 
90.697: Total time for which application threads were stopped: 0.0005250 seconds, Stopping threads took: 0.0000380 seconds
90.737: Application time: 0.0398430 seconds
90.737: [GC [PSYoungGen: 7504K->272K(8192K)] 15058K->7930K(26112K), 0.0004120 secs] [Times: user=0.00 sys=0.00, real=0.00 secs] 
90.738: Total time for which application threads were stopped: 0.0005150 seconds, Stopping threads took: 0.0000450 seconds
90.777: Application time: 0.0394410 seconds
90.777: [GC [PSYoungGen: 7440K->272K(8192K)] 15098K->7930K(26112K), 0.0003630 secs] [Times: user=0.00 sys=0.00, real=0.00 secs] 
90.777: Total time for which application threads were stopped: 0.0004570 seconds, Stopping threads took: 0.0000400 seconds
90.815: Application time: 0.0377240 seconds
90.815: [GC [PSYoungGen: 7440K->320K(8192K)] 15098K->8026K(26112K), 0.0004320 secs] [Times: user=0.00 sys=0.00, real=0.00 secs] 
90.816: Total time for which application threads were stopped: 0.0005360 seconds, Stopping threads took: 0.0000470 seconds
90.855: Application time: 0.0392750 seconds
90.855: [GC [PSYoungGen: 7488K->352K(8192K)] 15194K->8058K(26112K), 0.0004750 secs] [Times: user=0.00 sys=0.00, real=0.00 secs] 
90.856: Total time for which application threads were stopped: 0.0005890 seconds, Stopping threads took: 0.0000460 seconds
90.894: Application time: 0.0385820 seconds
90.894: [GC [PSYoungGen: 7520K->432K(8192K)] 15226K->8138K(26112K), 0.0004070 secs] [Times: user=0.00 sys=0.00, real=0.00 secs] 
90.895: Total time for which application threads were stopped: 0.0005030 seconds, Stopping threads took: 0.0000370 seconds
90.934: Application time: 0.0391980 seconds
90.934: [GC [PSYoungGen: 7600K->464K(8192K)] 15306K->8170K(26112K), 0.0004590 secs] [Times: user=0.01 sys=0.00, real=0.00 secs] 
90.934: Total time for which application threads were stopped: 0.0005770 seconds, Stopping threads took: 0.0000540 seconds
90.974: Application time: 0.0395080 seconds
90.974: [GC [PSYoungGen: 7632K->464K(8192K)] 15338K->8170K(26112K), 0.0004480 secs] [Times: user=0.00 sys=0.00, real=0.00 secs] 
90.975: Total time for which application threads were stopped: 0.0005480 seconds, Stopping threads took: 0.0000440 seconds
91.013: Application time: 0.0387340 seconds
91.013: [GC [PSYoungGen: 7632K->496K(8192K)] 15338K->8202K(26112K), 0.0004560 secs] [Times: user=0.00 sys=0.00, real=0.00 secs] 
91.014: Total time for which application threads were stopped: 0.0005530 seconds, Stopping threads took: 0.0000410 seconds
91.054: Application time: 0.0397770 seconds
91.054: [GC [PSYoungGen: 7664K->528K(8192K)] 15370K->8234K(26112K), 0.0004520 secs] [Times: user=0.00 sys=0.00, real=0.00 secs] 
91.054: Total time for which application threads were stopped: 0.0005510 seconds, Stopping threads took: 0.0000430 seconds
91.093: Application time: 0.0391910 seconds
91.093: [GC [PSYoungGen: 7696K->464K(8192K)] 15402K->8170K(26112K), 0.0004600 secs] [Times: user=0.00 sys=0.00, real=0.00 secs] 
91.094: Total time for which application threads were stopped: 0.0005580 seconds, Stopping threads took: 0.0000420 seconds
91.133: Application time: 0.0394720 seconds
91.133: [GC [PSYoungGen: 7632K->528K(8192K)] 15338K->8234K(26112K), 0.0004240 secs] [Times: user=0.01 sys=0.00, real=0.00 secs] 
91.134: Total time for which application threads were stopped: 0.0005170 seconds, Stopping threads took: 0.0000360 seconds
91.173: Application time: 0.0391780 seconds
91.173: [GC [PSYoungGen: 7696K->528K(8192K)] 15402K->8234K(26112K), 0.0004140 secs] [Times: user=0.00 sys=0.00, real=0.00 secs] 
91.174: Total time for which application threads were stopped: 0.0005090 seconds, Stopping threads took: 0.0000390 seconds
91.213: Application time: 0.0391710 seconds
91.213: [GC [PSYoungGen: 7696K->528K(8192K)] 15402K->8234K(26112K), 0.0004820 secs] [Times: user=0.00 sys=0.00, real=0.00 secs] 
91.213: Total time for which application threads were stopped: 0.0005920 seconds, Stopping threads took: 0.0000410 seconds
91.252: Application time: 0.0391240 seconds
91.253: [GC [PSYoungGen: 7696K->528K(8192K)] 15402K->8234K(26112K), 0.0004530 secs] [Times: user=0.00 sys=0.00, real=0.00 secs] 
91.253: Total time for which application threads were stopped: 0.0005530 seconds, Stopping threads took: 0.0000450 seconds
91.293: Application time: 0.0398070 seconds
91.293: [GC [PSYoungGen: 7696K->432K(8192K)] 15402K->8138K(26112K), 0.0004700 secs] [Times: user=0.00 sys=0.00, real=0.00 secs] 
91.293: Total time for which application threads were stopped: 0.0005900 seconds, Stopping threads took: 0.0000530 seconds
91.333: Application time: 0.0392590 seconds
91.333: [GC [PSYoungGen: 7600K->512K(8192K)] 15306K->8218K(26112K), 0.0004440 secs] [Times: user=0.01 sys=0.00, real=0.00 secs] 
91.333: Total time for which application threads were stopped: 0.0005450 seconds, Stopping threads took: 0.0000440 seconds
91.372: Application time: 0.0392550 seconds
91.373: [GC [PSYoungGen: 7680K->496K(8192K)] 15386K->8202K(26112K), 0.0004120 secs] [Times: user=0.00 sys=0.00, real=0.00 secs] 
91.373: Total time for which application threads were stopped: 0.0005210 seconds, Stopping threads took: 0.0000480 seconds
91.413: Application time: 0.0396520 seconds
91.413: [GC [PSYoungGen: 7664K->384K(8192K)] 15370K->8218K(26112K), 0.0004600 secs] [Times: user=0.00 sys=0.00, real=0.00 secs] 
91.413: Total time for which application threads were stopped: 0.0005600 seconds, Stopping threads took: 0.0000380 seconds
91.453: Application time: 0.0395930 seconds
91.453: [GC [PSYoungGen: 7552K->336K(8192K)] 15386K->8218K(26112K), 0.0004350 secs] [Times: user=0.00 sys=0.00, real=0.00 secs] 
91.453: Total time for which application threads were stopped: 0.0005320 seconds, Stopping threads took: 0.0000420 seconds
91.493: Application time: 0.0396000 seconds
91.493: [GC [PSYoungGen: 7504K->304K(8192K)] 15386K->8258K(26112K), 0.0004230 secs] [Times: user=0.01 sys=0.00, real=0.00 secs] 
91.493: Total time for which application threads were stopped: 0.0005240 seconds, Stopping threads took: 0.0000450 seconds
91.533: Application time: 0.0392740 seconds
91.533: [GC [PSYoungGen: 7472K->272K(8192K)] 15426K->8282K(26112K), 0.0003750 secs] [Times: user=0.00 sys=0.00, real=0.00 secs] 
91.533: Total time for which application threads were stopped: 0.0004760 seconds, Stopping threads took: 0.0000470 seconds
91.572: Application time: 0.0390790 seconds
91.572: [GC [PSYoungGen: 7440K->256K(8192K)] 15450K->8266K(26112K), 0.0003830 secs] [Times: user=0.00 sys=0.00, real=0.00 secs] 
91.573: Total time for which application threads were stopped: 0.0004850 seconds, Stopping threads took: 0.0000460 seconds
91.611: Application time: 0.0377650 seconds
91.611: [GC [PSYoungGen: 7424K->320K(8192K)] 15434K->8378K(26112K), 0.0003800 secs] [Times: user=0.00 sys=0.00, real=0.00 secs] 
91.611: Total time for which application threads were stopped: 0.0004810 seconds, Stopping threads took: 0.0000460 seconds
91.650: Application time: 0.0390640 seconds
91.650: [GC [PSYoungGen: 7488K->432K(8192K)] 15546K->8490K(26112K), 0.0004310 secs] [Times: user=0.00 sys=0.00, real=0.00 secs] 
91.651: Total time for which application threads were stopped: 0.0005390 seconds, Stopping threads took: 0.0000520 seconds
91.689: Application time: 0.0380100 seconds
91.689: [GC [PSYoungGen: 7600K->496K(8192K)] 15658K->8554K(26112K), 0.0004510 secs] [Times: user=0.00 sys=0.00, real=0.01 secs] 
91.689: Total time for which application threads were stopped: 0.0005730 seconds, Stopping threads took: 0.0000630 seconds
91.729: Application time: 0.0394120 seconds
91.729: [GC [PSYoungGen: 7664K->448K(8192K)] 15722K->8506K(26112K), 0.0004110 secs] [Times: user=0.00 sys=0.00, real=0.01 secs] 
91.729: Total time for which application threads were stopped: 0.0005150 seconds, Stopping threads took: 0.0000390 seconds
91.768: Application time: 0.0389690 seconds
91.768: [GC [PSYoungGen: 7616K->528K(8192K)] 15674K->8586K(26112K), 0.0004240 secs] [Times: user=0.00 sys=0.00, real=0.00 secs] 
91.769: Total time for which application threads were stopped: 0.0005330 seconds, Stopping threads took: 0.0000490 seconds
91.809: Application time: 0.0398340 seconds
91.809: [GC [PSYoungGen: 7696K->528K(8192K)] 15754K->8586K(26112K), 0.0004860 secs] [Times: user=0.00 sys=0.00, real=0.01 secs] 
91.809: Total time for which application threads were stopped: 0.0005870 seconds, Stopping threads took: 0.0000440 seconds
91.848: Application time: 0.0393670 seconds
91.849: [GC [PSYoungGen: 7696K->496K(8192K)] 15754K->8554K(26112K), 0.0005000 secs] [Times: user=0.00 sys=0.00, real=0.01 secs] 
91.849: Total time for which application threads were stopped: 0.0006020 seconds, Stopping threads took: 0.0000440 seconds
91.889: Application time: 0.0396050 seconds
91.889: [GC [PSYoungGen: 7664K->480K(8192K)] 15722K->8538K(26112K), 0.0004500 secs] [Times: user=0.00 sys=0.00, real=0.01 secs] 
91.889: Total time for which application threads were stopped: 0.0005500 seconds, Stopping threads took: 0.0000440 seconds
91.929: Application time: 0.0394220 seconds
91.929: [GC [PSYoungGen: 7648K->512K(8192K)] 15706K->8570K(26112K), 0.0004670 secs] [Times: user=0.01 sys=0.00, real=0.01 secs] 
91.929: Total time for which application threads were stopped: 0.0005770 seconds, Stopping threads took: 0.0000440 seconds
91.968: Application time: 0.0389860 seconds
91.968: [GC [PSYoungGen: 7680K->528K(8192K)] 15738K->8586K(26112K), 0.0004420 secs] [Times: user=0.00 sys=0.00, real=0.00 secs] 
91.969: Total time for which application threads were stopped: 0.0005400 seconds, Stopping threads took: 0.0000390 seconds
92.008: Application time: 0.0391440 seconds
92.008: [GC [PSYoungGen: 7696K->528K(8192K)] 15754K->8586K(26112K), 0.0004650 secs] [Times: user=0.00 sys=0.00, real=0.00 secs] 
92.008: Total time for which application threads were stopped: 0.0005640 seconds, Stopping threads took: 0.0000430 seconds
92.048: Application time: 0.0392180 seconds
92.048: [GC [PSYoungGen: 7696K->544K(8192K)] 15754K->8602K(26112K), 0.0004160 secs] [Times: user=0.01 sys=0.00, real=0.00 secs] 
92.048: Total time for which application threads were stopped: 0.0005200 seconds, Stopping threads took: 0.0000490 seconds
92.088: Application time: 0.0395900 seconds
92.088: [GC [PSYoungGen: 7712K->464K(8192K)] 15770K->8522K(26112K), 0.0004210 secs] [Times: user=0.00 sys=0.00, real=0.00 secs] 
92.088: Total time for which application threads were stopped: 0.0005220 seconds, Stopping threads took: 0.0000450 seconds
92.128: Application time: 0.0392280 seconds
92.128: [GC [PSYoungGen: 7632K->544K(8192K)] 15690K->8602K(26112K), 0.0004560 secs] [Times: user=0.00 sys=0.00, real=0.00 secs] 
92.128: Total time for which application threads were stopped: 0.0005540 seconds, Stopping threads took: 0.0000400 seconds
92.167: Application time: 0.0392480 seconds
92.167: [GC [PSYoungGen: 7712K->464K(8192K)] 15770K->8570K(26112K), 0.0004270 secs] [Times: user=0.01 sys=0.00, real=0.00 secs] 
92.168: Total time for which application threads were stopped: 0.0005260 seconds, Stopping threads took: 0.0000430 seconds
92.207: Application time: 0.0395120 seconds
92.207: [GC [PSYoungGen: 7632K->384K(8192K)] 15738K->8607K(26112K), 0.0004590 secs] [Times: user=0.00 sys=0.00, real=0.00 secs] 
92.208: Total time for which application threads were stopped: 0.0005570 seconds, Stopping threads took: 0.0000430 seconds
92.247: Application time: 0.0393130 seconds
92.247: [GC [PSYoungGen: 7552K->304K(8192K)] 15775K->8583K(26112K), 0.0004220 secs] [Times: user=0.00 sys=0.00, real=0.00 secs] 
92.248: Total time for which application threads were stopped: 0.0005310 seconds, Stopping threads took: 0.0000430 seconds
92.287: Application time: 0.0395440 seconds
92.287: [GC [PSYoungGen: 7472K->272K(8192K)] 15751K->8639K(26112K), 0.0003720 secs] [Times: user=0.00 sys=0.00, real=0.00 secs] 
92.288: Total time for which application threads were stopped: 0.0004690 seconds, Stopping threads took: 0.0000390 seconds
92.327: Application time: 0.0394840 seconds
92.327: [GC [PSYoungGen: 7440K->272K(8192K)] 15807K->8639K(26112K), 0.0003750 secs] [Times: user=0.00 sys=0.00, real=0.00 secs] 
92.328: Total time for which application threads were stopped: 0.0004790 seconds, Stopping threads took: 0.0000460 seconds
92.366: Application time: 0.0384870 seconds
92.366: [GC [PSYoungGen: 7440K->320K(8192K)] 15807K->8735K(26112K), 0.0003800 secs] [Times: user=0.00 sys=0.00, real=0.00 secs] 
92.367: Total time for which application threads were stopped: 0.0004730 seconds, Stopping threads took: 0.0000360 seconds
92.405: Application time: 0.0383070 seconds
92.405: [GC [PSYoungGen: 7488K->352K(8192K)] 15903K->8767K(26112K), 0.0003900 secs] [Times: user=0.01 sys=0.00, real=0.00 secs] 
92.406: Total time for which application threads were stopped: 0.0004920 seconds, Stopping threads took: 0.0000440 seconds
92.445: Application time: 0.0391390 seconds
92.445: [GC [PSYoungGen: 7520K->384K(8192K)] 15935K->8799K(26112K), 0.0004450 secs] [Times: user=0.00 sys=0.00, real=0.00 secs] 
92.445: Total time for which application threads were stopped: 0.0005420 seconds, Stopping threads took: 0.0000400 seconds
92.484: Application time: 0.0388210 seconds
92.484: [GC [PSYoungGen: 7552K->448K(8192K)] 15967K->8863K(26112K), 0.0004440 secs] [Times: user=0.00 sys=0.00, real=0.00 secs] 
92.485: Total time for which application threads were stopped: 0.0005410 seconds, Stopping threads took: 0.0000390 seconds
92.524: Application time: 0.0393940 seconds
92.524: [GC [PSYoungGen: 7616K->464K(8192K)] 16031K->8879K(26112K), 0.0004550 secs] [Times: user=0.00 sys=0.00, real=0.00 secs] 
92.525: Total time for which application threads were stopped: 0.0005570 seconds, Stopping threads took: 0.0000440 seconds
92.564: Application time: 0.0391030 seconds
92.564: [GC [PSYoungGen: 7632K->480K(8192K)] 16047K->8895K(26112K), 0.0004810 secs] [Times: user=0.01 sys=0.00, real=0.00 secs] 
92.564: Total time for which application threads were stopped: 0.0005940 seconds, Stopping threads took: 0.0000570 seconds
92.604: Application time: 0.0397830 seconds
92.604: [GC [PSYoungGen: 7648K->544K(8192K)] 16063K->8959K(26112K), 0.0004630 secs] [Times: user=0.01 sys=0.00, real=0.00 secs] 
92.605: Total time for which application threads were stopped: 0.0005740 seconds, Stopping threads took: 0.0000560 seconds
92.644: Application time: 0.0394920 seconds
92.644: [GC [PSYoungGen: 7712K->528K(8192K)] 16127K->8943K(26112K), 0.0004100 secs] [Times: user=0.00 sys=0.00, real=0.00 secs] 
92.645: Total time for which application threads were stopped: 0.0005080 seconds, Stopping threads took: 0.0000420 seconds
92.684: Application time: 0.0393730 seconds
92.684: [GC [PSYoungGen: 7696K->512K(8192K)] 16111K->8927K(26112K), 0.0005110 secs] [Times: user=0.00 sys=0.00, real=0.00 secs] 
92.685: Total time for which application threads were stopped: 0.0006100 seconds, Stopping threads took: 0.0000420 seconds
92.724: Application time: 0.0394830 seconds
92.724: [GC [PSYoungGen: 7680K->464K(8192K)] 16095K->8879K(26112K), 0.0004160 secs] [Times: user=0.00 sys=0.00, real=0.00 secs] 
92.725: Total time for which application threads were stopped: 0.0005100 seconds, Stopping threads took: 0.0000410 seconds
92.764: Application time: 0.0392700 seconds
92.764: [GC [PSYoungGen: 7632K->528K(8192K)] 16047K->8943K(26112K), 0.0004260 secs] [Times: user=0.00 sys=0.00, real=0.00 secs] 
92.764: Total time for which application threads were stopped: 0.0005320 seconds, Stopping threads took: 0.0000410 seconds
92.804: Application time: 0.0392240 seconds
92.804: [GC [PSYoungGen: 7696K->480K(8192K)] 16111K->8895K(26112K), 0.0004110 secs] [Times: user=0.01 sys=0.00, real=0.00 secs] 
92.804: Total time for which application threads were stopped: 0.0005100 seconds, Stopping threads took: 0.0000420 seconds
92.843: Application time: 0.0392290 seconds
92.843: [GC [PSYoungGen: 7648K->464K(8192K)] 16063K->8879K(26112K), 0.0004240 secs] [Times: user=0.00 sys=0.00, real=0.00 secs] 
92.844: Total time for which application threads were stopped: 0.0005200 seconds, Stopping threads took: 0.0000410 seconds
92.883: Application time: 0.0391150 seconds
92.883: [GC [PSYoungGen: 7632K->512K(8192K)] 16047K->8927K(26112K), 0.0004280 secs] [Times: user=0.01 sys=0.00, real=0.00 secs] 
92.884: Total time for which application threads were stopped: 0.0005270 seconds, Stopping threads took: 0.0000430 seconds
92.923: Application time: 0.0397210 seconds
92.923: [GC [PSYoungGen: 7680K->480K(8192K)] 16095K->8895K(26112K), 0.0005110 secs] [Times: user=0.00 sys=0.00, real=0.00 secs] 
92.924: Total time for which application threads were stopped: 0.0006180 seconds, Stopping threads took: 0.0000430 seconds
92.963: Application time: 0.0393490 seconds
92.963: [GC [PSYoungGen: 7648K->416K(8192K)] 16063K->8911K(26112K), 0.0004250 secs] [Times: user=0.00 sys=0.00, real=0.00 secs] 
92.964: Total time for which application threads were stopped: 0.0005210 seconds, Stopping threads took: 0.0000400 seconds
93.003: Application time: 0.0395730 seconds
93.003: [GC [PSYoungGen: 7584K->352K(8192K)] 16079K->8939K(26112K), 0.0004060 secs] [Times: user=0.01 sys=0.00, real=0.00 secs] 
93.004: Total time for which application threads were stopped: 0.0005130 seconds, Stopping threads took: 0.0000530 seconds
93.043: Application time: 0.0395940 seconds
93.043: [GC [PSYoungGen: 7520K->304K(8192K)] 16107K->8947K(26112K), 0.0003830 secs] [Times: user=0.00 sys=0.00, real=0.00 secs] 
93.044: Total time for which application threads were stopped: 0.0004730 seconds, Stopping threads took: 0.0000350 seconds
93.083: Application time: 0.0392840 seconds
93.083: [GC [PSYoungGen: 7472K->272K(8192K)] 16115K->9003K(26112K), 0.0003870 secs] [Times: user=0.00 sys=0.00, real=0.00 secs] 
93.084: Total time for which application threads were stopped: 0.0004890 seconds, Stopping threads took: 0.0000450 seconds
93.123: Application time: 0.0393040 seconds
93.123: [GC [PSYoungGen: 7440K->272K(8192K)] 16171K->9003K(26112K), 0.0004020 secs] [Times: user=0.00 sys=0.00, real=0.00 secs] 
93.123: Total time for which application threads were stopped: 0.0005050 seconds, Stopping threads took: 0.0000500 seconds
93.161: Application time: 0.0377660 seconds
93.161: [GC [PSYoungGen: 7440K->304K(8192K)] 16171K->9083K(26112K), 0.0003880 secs] [Times: user=0.00 sys=0.00, real=0.00 secs] 
93.162: Total time for which application threads were stopped: 0.0004970 seconds, Stopping threads took: 0.0000480 seconds
93.201: Application time: 0.0390950 seconds
93.201: [GC [PSYoungGen: 7472K->368K(8192K)] 16251K->9147K(26112K), 0.0003890 secs] [Times: user=0.01 sys=0.00, real=0.01 secs] 
93.201: Total time for which application threads were stopped: 0.0004890 seconds, Stopping threads took: 0.0000420 seconds
93.240: Application time: 0.0391220 seconds
93.241: [GC [PSYoungGen: 7536K->368K(8192K)] 16315K->9147K(26112K), 0.0003860 secs] [Times: user=0.00 sys=0.00, real=0.00 secs] 
93.241: Total time for which application threads were stopped: 0.0004890 seconds, Stopping threads took: 0.0000450 seconds
93.279: Application time: 0.0382680 seconds
93.279: [GC [PSYoungGen: 7536K->480K(8192K)] 16315K->9259K(26112K), 0.0004490 secs] [Times: user=0.00 sys=0.00, real=0.00 secs] 
93.280: Total time for which application threads were stopped: 0.0005540 seconds, Stopping threads took: 0.0000380 seconds
93.319: Application time: 0.0395780 seconds
93.319: [GC [PSYoungGen: 7647K->448K(8192K)] 16427K->9227K(26112K), 0.0004100 secs] [Times: user=0.01 sys=0.00, real=0.00 secs] 
93.320: Total time for which application threads were stopped: 0.0005080 seconds, Stopping threads took: 0.0000440 seconds
93.359: Application time: 0.0389410 seconds
93.359: [GC [PSYoungGen: 7616K->496K(8192K)] 16395K->9275K(26112K), 0.0004300 secs] [Times: user=0.00 sys=0.00, real=0.00 secs] 
93.359: Total time for which application threads were stopped: 0.0005550 seconds, Stopping threads took: 0.0000660 seconds
93.399: Application time: 0.0394520 seconds
93.399: [GC [PSYoungGen: 7664K->496K(8192K)] 16443K->9275K(26112K), 0.0004820 secs] [Times: user=0.00 sys=0.00, real=0.00 secs] 
93.399: Total time for which application threads were stopped: 0.0005720 seconds, Stopping threads took: 0.0000360 seconds
93.439: Application time: 0.0393930 seconds
93.439: [GC [PSYoungGen: 7664K->480K(8192K)] 16443K->9259K(26112K), 0.0004580 secs] [Times: user=0.00 sys=0.00, real=0.00 secs] 
93.439: Total time for which application threads were stopped: 0.0005530 seconds, Stopping threads took: 0.0000390 seconds
93.479: Application time: 0.0392660 seconds
93.479: [GC [PSYoungGen: 7648K->512K(8192K)] 16427K->9291K(26112K), 0.0004110 secs] [Times: user=0.00 sys=0.00, real=0.00 secs] 
93.479: Total time for which application threads were stopped: 0.0005110 seconds, Stopping threads took: 0.0000430 seconds
93.519: Application time: 0.0396550 seconds
93.519: [GC [PSYoungGen: 7680K->528K(8192K)] 16459K->9307K(26112K), 0.0004120 secs] [Times: user=0.00 sys=0.00, real=0.00 secs] 
93.519: Total time for which application threads were stopped: 0.0005090 seconds, Stopping threads took: 0.0000400 seconds
93.558: Application time: 0.0391690 seconds
93.559: [GC [PSYoungGen: 7696K->496K(8192K)] 16475K->9275K(26112K), 0.0004280 secs] [Times: user=0.00 sys=0.00, real=0.00 secs] 
93.559: Total time for which application threads were stopped: 0.0005370 seconds, Stopping threads took: 0.0000530 seconds
93.598: Application time: 0.0392220 seconds
93.598: [GC [PSYoungGen: 7664K->448K(8192K)] 16443K->9227K(26112K), 0.0004110 secs] [Times: user=0.00 sys=0.00, real=0.00 secs] 
93.599: Total time for which application threads were stopped: 0.0005080 seconds, Stopping threads took: 0.0000400 seconds
93.638: Application time: 0.0391560 seconds
93.638: [GC [PSYoungGen: 7616K->544K(8192K)] 16395K->9323K(26112K), 0.0004660 secs] [Times: user=0.00 sys=0.00, real=0.00 secs] 
93.638: Total time for which application threads were stopped: 0.0005860 seconds, Stopping threads took: 0.0000620 seconds
93.678: Application time: 0.0394600 seconds
93.678: [GC [PSYoungGen: 7712K->512K(8192K)] 16491K->9291K(26112K), 0.0004420 secs] [Times: user=0.00 sys=0.00, real=0.00 secs] 
93.678: Total time for which application threads were stopped: 0.0005440 seconds, Stopping threads took: 0.0000470 seconds
93.718: Application time: 0.0396090 seconds
93.718: [GC [PSYoungGen: 7680K->464K(8192K)] 16459K->9243K(26112K), 0.0004070 secs] [Times: user=0.01 sys=0.00, real=0.00 secs] 
93.719: Total time for which application threads were stopped: 0.0005100 seconds, Stopping threads took: 0.0000470 seconds
93.758: Application time: 0.0392430 seconds
93.758: [GC [PSYoungGen: 7632K->384K(8192K)] 16411K->9271K(26112K), 0.0004570 secs] [Times: user=0.00 sys=0.00, real=0.00 secs] 
93.758: Total time for which application threads were stopped: 0.0005480 seconds, Stopping threads took: 0.0000350 seconds
93.798: Application time: 0.0398200 seconds
93.798: [GC [PSYoungGen: 7552K->368K(8192K)] 16439K->9319K(26112K), 0.0003960 secs] [Times: user=0.00 sys=0.00, real=0.00 secs] 
93.799: Total time for which application threads were stopped: 0.0005080 seconds, Stopping threads took: 0.0000480 seconds
93.838: Application time: 0.0394520 seconds
93.838: [GC [PSYoungGen: 7536K->304K(8192K)] 16487K->9311K(26112K), 0.0003740 secs] [Times: user=0.01 sys=0.00, real=0.00 secs] 
93.839: Total time for which application threads were stopped: 0.0004690 seconds, Stopping threads took: 0.0000430 seconds
93.878: Application time: 0.0393940 seconds
93.878: [GC [PSYoungGen: 7472K->272K(8192K)] 16479K->9363K(26112K), 0.0003670 secs] [Times: user=0.00 sys=0.00, real=0.00 secs] 
93.879: Total time for which application threads were stopped: 0.0004610 seconds, Stopping threads took: 0.0000400 seconds
93.918: Application time: 0.0390170 seconds
93.918: [GC [PSYoungGen: 7440K->320K(8192K)] 16531K->9411K(26112K), 0.0004090 secs] [Times: user=0.00 sys=0.00, real=0.00 secs] 
93.918: Total time for which application threads were stopped: 0.0005170 seconds, Stopping threads took: 0.0000420 seconds
93.956: Application time: 0.0379210 seconds
93.956: [GC [PSYoungGen: 7488K->352K(8192K)] 16579K->9491K(26112K), 0.0004030 secs] [Times: user=0.00 sys=0.00, real=0.00 secs] 
93.956: Total time for which application threads were stopped: 0.0005000 seconds, Stopping threads took: 0.0000380 seconds
93.995: Application time: 0.0387000 seconds
93.995: [GC [PSYoungGen: 7520K->400K(8192K)] 16659K->9539K(26112K), 0.0004020 secs] [Times: user=0.00 sys=0.00, real=0.00 secs] 
93.996: Total time for which application threads were stopped: 0.0005020 seconds, Stopping threads took: 0.0000440 seconds
94.035: Application time: 0.0390150 seconds
94.035: [GC [PSYoungGen: 7568K->416K(8192K)] 16707K->9555K(26112K), 0.0004130 secs] [Times: user=0.00 sys=0.00, real=0.00 secs] 
94.035: Total time for which application threads were stopped: 0.0005100 seconds, Stopping threads took: 0.0000420 seconds
94.074: Application time: 0.0391300 seconds
94.074: [GC [PSYoungGen: 7584K->432K(8192K)] 16723K->9571K(26112K), 0.0004090 secs] [Times: user=0.00 sys=0.00, real=0.00 secs] 
94.075: Total time for which application threads were stopped: 0.0005040 seconds, Stopping threads took: 0.0000400 seconds
94.114: Application time: 0.0390800 seconds
94.114: [GC [PSYoungGen: 7600K->480K(8192K)] 16739K->9619K(26112K), 0.0004590 secs] [Times: user=0.00 sys=0.00, real=0.00 secs] 
94.114: Total time for which application threads were stopped: 0.0005570 seconds, Stopping threads took: 0.0000440 seconds
94.154: Application time: 0.0398750 seconds
94.154: [GC [PSYoungGen: 7648K->528K(8192K)] 16787K->9667K(26112K), 0.0004120 secs] [Times: user=0.01 sys=0.00, real=0.00 secs] 
94.155: Total time for which application threads were stopped: 0.0005470 seconds, Stopping threads took: 0.0000710 seconds
94.194: Application time: 0.0395920 seconds
94.195: [GC [PSYoungGen: 7696K->480K(8192K)] 16835K->9619K(26112K), 0.0004280 secs] [Times: user=0.00 sys=0.00, real=0.00 secs] 
94.195: Total time for which application threads were stopped: 0.0005360 seconds, Stopping threads took: 0.0000530 seconds
94.234: Application time: 0.0393720 seconds
94.234: [GC [PSYoungGen: 7648K->512K(8192K)] 16787K->9651K(26112K), 0.0004220 secs] [Times: user=0.00 sys=0.00, real=0.00 secs] 
94.235: Total time for which application threads were stopped: 0.0005260 seconds, Stopping threads took: 0.0000470 seconds
94.274: Application time: 0.0392450 seconds
94.274: [GC [PSYoungGen: 7680K->464K(8192K)] 16819K->9603K(26112K), 0.0005020 secs] [Times: user=0.00 sys=0.00, real=0.00 secs] 
94.275: Total time for which application threads were stopped: 0.0005990 seconds, Stopping threads took: 0.0000410 seconds
94.314: Application time: 0.0397000 seconds
94.315: [GC [PSYoungGen: 7632K->512K(8192K)] 16771K->9651K(26112K), 0.0004720 secs] [Times: user=0.00 sys=0.00, real=0.00 secs] 
94.315: Total time for which application threads were stopped: 0.0005810 seconds, Stopping threads took: 0.0000420 seconds
94.354: Application time: 0.0391010 seconds
94.354: [GC [PSYoungGen: 7680K->496K(8192K)] 16819K->9635K(26112K), 0.0004500 secs] [Times: user=0.00 sys=0.00, real=0.00 secs] 
94.355: Total time for which application threads were stopped: 0.0005500 seconds, Stopping threads took: 0.0000400 seconds
94.394: Application time: 0.0392020 seconds
94.394: [GC [PSYoungGen: 7664K->496K(8192K)] 16803K->9635K(26112K), 0.0004480 secs] [Times: user=0.00 sys=0.00, real=0.00 secs] 
94.394: Total time for which application threads were stopped: 0.0005440 seconds, Stopping threads took: 0.0000380 seconds
94.434: Application time: 0.0392960 seconds
94.434: [GC [PSYoungGen: 7664K->528K(8192K)] 16803K->9667K(26112K), 0.0004470 secs] [Times: user=0.01 sys=0.00, real=0.00 secs] 
94.434: Total time for which application threads were stopped: 0.0005460 seconds, Stopping threads took: 0.0000420 seconds
94.474: Application time: 0.0393260 seconds
94.474: [GC [PSYoungGen: 7696K->464K(8192K)] 16835K->9603K(26112K), 0.0004100 secs] [Times: user=0.00 sys=0.00, real=0.00 secs] 
94.474: Total time for which application threads were stopped: 0.0005020 seconds, Stopping threads took: 0.0000380 seconds
94.513: Application time: 0.0393030 seconds
94.514: [GC [PSYoungGen: 7632K->496K(8192K)] 16771K->9691K(26112K), 0.0004150 secs] [Times: user=0.01 sys=0.00, real=0.00 secs] 
94.514: Total time for which application threads were stopped: 0.0005110 seconds, Stopping threads took: 0.0000390 seconds
94.554: Application time: 0.0397480 seconds
94.554: [GC [PSYoungGen: 7664K->320K(8192K)] 16859K->9619K(26112K), 0.0004380 secs] [Times: user=0.01 sys=0.00, real=0.00 secs] 
94.554: Total time for which application threads were stopped: 0.0005320 seconds, Stopping threads took: 0.0000420 seconds
94.594: Application time: 0.0395020 seconds
94.594: [GC [PSYoungGen: 7488K->304K(8192K)] 16787K->9659K(26112K), 0.0003850 secs] [Times: user=0.00 sys=0.00, real=0.00 secs] 
94.594: Total time for which application threads were stopped: 0.0004810 seconds, Stopping threads took: 0.0000400 seconds
94.634: Application time: 0.0393500 seconds
94.634: [GC [PSYoungGen: 7472K->336K(8192K)] 16827K->9739K(26112K), 0.0004450 secs] [Times: user=0.00 sys=0.00, real=0.00 secs] 
94.634: Total time for which application threads were stopped: 0.0005490 seconds, Stopping threads took: 0.0000500 seconds
94.674: Application time: 0.0395770 seconds
94.674: [GC [PSYoungGen: 7504K->272K(8192K)] 16907K->9723K(26112K), 0.0004040 secs] [Times: user=0.01 sys=0.00, real=0.00 secs] 
94.674: Total time for which application threads were stopped: 0.0005080 seconds, Stopping threads took: 0.0000480 seconds
94.713: Application time: 0.0387270 seconds
94.713: [GC [PSYoungGen: 7440K->272K(8192K)] 16891K->9779K(26112K), 0.0003780 secs] [Times: user=0.00 sys=0.00, real=0.00 secs] 
94.713: Total time for which application threads were stopped: 0.0004850 seconds, Stopping threads took: 0.0000410 seconds
94.751: Application time: 0.0380130 seconds
94.752: [GC [PSYoungGen: 7440K->384K(8192K)] 16947K->9891K(26112K), 0.0004030 secs] [Times: user=0.00 sys=0.00, real=0.00 secs] 
94.752: Total time for which application threads were stopped: 0.0005120 seconds, Stopping threads took: 0.0000520 seconds
94.791: Application time: 0.0386020 seconds
94.791: [GC [PSYoungGen: 7552K->400K(8192K)] 17059K->9908K(26112K), 0.0004130 secs] [Times: user=0.00 sys=0.00, real=0.00 secs] 
94.791: Total time for which application threads were stopped: 0.0005070 seconds, Stopping threads took: 0.0000380 seconds
94.830: Application time: 0.0388360 seconds
94.830: [GC [PSYoungGen: 7568K->480K(8192K)] 17076K->9987K(26112K), 0.0004540 secs] [Times: user=0.00 sys=0.00, real=0.00 secs] 
94.830: Total time for which application threads were stopped: 0.0005600 seconds, Stopping threads took: 0.0000380 seconds
94.870: Application time: 0.0393120 seconds
94.870: [GC [PSYoungGen: 7648K->496K(8192K)] 17155K->10004K(26112K), 0.0004500 secs] [Times: user=0.00 sys=0.00, real=0.00 secs] 
94.870: Total time for which application threads were stopped: 0.0005500 seconds, Stopping threads took: 0.0000400 seconds
94.910: Application time: 0.0392160 seconds
94.910: [GC [PSYoungGen: 7664K->512K(8192K)] 17172K->10019K(26112K), 0.0005040 secs] [Times: user=0.00 sys=0.00, real=0.00 secs] 
94.910: Total time for which application threads were stopped: 0.0006190 seconds, Stopping threads took: 0.0000490 seconds
94.949: Application time: 0.0393230 seconds
94.950: [GC [PSYoungGen: 7680K->512K(8192K)] 17187K->10019K(26112K), 0.0004670 secs] [Times: user=0.00 sys=0.00, real=0.00 secs] 
94.950: Total time for which application threads were stopped: 0.0005670 seconds, Stopping threads took: 0.0000430 seconds
94.990: Application time: 0.0396170 seconds
94.993: [GC [PSYoungGen: 7680K->496K(8192K)] 17187K->10003K(26112K), 0.0004180 secs] [Times: user=0.00 sys=0.00, real=0.00 secs] 
94.994: Total time for which application threads were stopped: 0.0038280 seconds, Stopping threads took: 0.0033570 seconds
95.033: Application time: 0.0393460 seconds
95.033: [GC [PSYoungGen: 7664K->528K(8192K)] 17171K->10035K(26112K), 0.0004540 secs] [Times: user=0.00 sys=0.00, real=0.00 secs] 
95.033: Total time for which application threads were stopped: 0.0005540 seconds, Stopping threads took: 0.0000470 seconds
95.073: Application time: 0.0396970 seconds
95.077: [GC [PSYoungGen: 7696K->528K(8192K)] 17203K->10035K(26112K), 0.0004320 secs] [Times: user=0.01 sys=0.00, real=0.00 secs] 
95.078: Total time for which application threads were stopped: 0.0044120 seconds, Stopping threads took: 0.0039240 seconds
95.117: Application time: 0.0391670 seconds
95.117: [GC [PSYoungGen: 7696K->512K(8192K)] 17203K->10019K(26112K), 0.0004360 secs] [Times: user=0.00 sys=0.00, real=0.00 secs] 
95.117: Total time for which application threads were stopped: 0.0005340 seconds, Stopping threads took: 0.0000420 seconds
95.156: Application time: 0.0391800 seconds
95.156: [GC [PSYoungGen: 7680K->512K(8192K)] 17187K->10019K(26112K), 0.0004170 secs] [Times: user=0.00 sys=0.00, real=0.00 secs] 
95.157: Total time for which application threads were stopped: 0.0005190 seconds, Stopping threads took: 0.0000430 seconds
95.196: Application time: 0.0392170 seconds
95.196: [GC [PSYoungGen: 7680K->528K(8192K)] 17187K->10036K(26112K), 0.0004720 secs] [Times: user=0.01 sys=0.00, real=0.00 secs] 
95.197: Total time for which application threads were stopped: 0.0005740 seconds, Stopping threads took: 0.0000450 seconds
95.236: Application time: 0.0391420 seconds
95.236: [GC [PSYoungGen: 7696K->512K(8192K)] 17204K->10019K(26112K), 0.0004510 secs] [Times: user=0.00 sys=0.00, real=0.00 secs] 
95.238: Total time for which application threads were stopped: 0.0017190 seconds, Stopping threads took: 0.0000380 seconds
95.277: Application time: 0.0392900 seconds
95.277: [GC [PSYoungGen: 7680K->496K(8192K)] 17187K->10004K(26112K), 0.0004430 secs] [Times: user=0.00 sys=0.00, real=0.00 secs] 
95.277: Total time for which application threads were stopped: 0.0005370 seconds, Stopping threads took: 0.0000380 seconds
95.317: Application time: 0.0392130 seconds
95.317: [GC [PSYoungGen: 7664K->512K(8192K)] 17172K->10067K(26112K), 0.0004500 secs] [Times: user=0.00 sys=0.00, real=0.00 secs] 
95.317: Total time for which application threads were stopped: 0.0005490 seconds, Stopping threads took: 0.0000430 seconds
95.356: Application time: 0.0392090 seconds
95.356: [GC [PSYoungGen: 7680K->352K(8192K)] 17235K->10036K(26112K), 0.0004170 secs] [Times: user=0.00 sys=0.00, real=0.00 secs] 
95.357: Total time for which application threads were stopped: 0.0005380 seconds, Stopping threads took: 0.0000530 seconds
95.397: Application time: 0.0398660 seconds
95.397: [GC [PSYoungGen: 7520K->320K(8192K)] 17204K->10076K(26112K), 0.0003890 secs] [Times: user=0.00 sys=0.00, real=0.00 secs] 
95.397: Total time for which application threads were stopped: 0.0004920 seconds, Stopping threads took: 0.0000460 seconds
95.437: Application time: 0.0393490 seconds
95.437: [GC [PSYoungGen: 7488K->272K(8192K)] 17244K->10084K(26112K), 0.0003700 secs] [Times: user=0.00 sys=0.00, real=0.00 secs] 
95.437: Total time for which application threads were stopped: 0.0004640 seconds, Stopping threads took: 0.0000380 seconds
95.477: Application time: 0.0396800 seconds
95.481: [GC [PSYoungGen: 7440K->272K(8192K)] 17252K->10084K(26112K), 0.0004040 secs] [Times: user=0.00 sys=0.00, real=0.00 secs] 
95.482: Total time for which application threads were stopped: 0.0047220 seconds, Stopping threads took: 0.0042620 seconds
95.520: Application time: 0.0383290 seconds
95.520: [GC [PSYoungGen: 7440K->288K(8192K)] 17252K->10164K(26112K), 0.0003800 secs] [Times: user=0.00 sys=0.00, real=0.00 secs] 
95.520: Total time for which application threads were stopped: 0.0004800 seconds, Stopping threads took: 0.0000430 seconds
95.559: Application time: 0.0385550 seconds
95.559: [GC [PSYoungGen: 7456K->352K(8192K)] 17332K->10228K(26112K), 0.0004150 secs] [Times: user=0.00 sys=0.00, real=0.00 secs] 
95.559: Total time for which application threads were stopped: 0.0005130 seconds, Stopping threads took: 0.0000420 seconds
95.598: Application time: 0.0383440 seconds
95.598: [GC [PSYoungGen: 7520K->432K(8192K)] 17396K->10308K(26112K), 0.0004030 secs] [Times: user=0.00 sys=0.00, real=0.00 secs] 
95.598: Total time for which application threads were stopped: 0.0005050 seconds, Stopping threads took: 0.0000440 seconds
95.637: Application time: 0.0388550 seconds
95.637: [GC [PSYoungGen: 7600K->448K(8192K)] 17476K->10324K(26112K), 0.0004550 secs] [Times: user=0.00 sys=0.00, real=0.00 secs] 
95.638: Total time for which application threads were stopped: 0.0005500 seconds, Stopping threads took: 0.0000380 seconds
95.677: Application time: 0.0395380 seconds
95.677: [GC [PSYoungGen: 7616K->448K(8192K)] 17492K->10324K(26112K), 0.0003980 secs] [Times: user=0.00 sys=0.00, real=0.00 secs] 
95.678: Total time for which application threads were stopped: 0.0004980 seconds, Stopping threads took: 0.0000440 seconds
95.716: Application time: 0.0387860 seconds
95.717: [GC [PSYoungGen: 7616K->480K(8192K)] 17492K->10356K(26112K), 0.0004220 secs] [Times: user=0.00 sys=0.00, real=0.00 secs] 
95.717: Total time for which application threads were stopped: 0.0005280 seconds, Stopping threads took: 0.0000440 seconds
95.756: Application time: 0.0394060 seconds
95.756: [GC [PSYoungGen: 7648K->496K(8192K)] 17524K->10372K(26112K), 0.0004770 secs] [Times: user=0.01 sys=0.00, real=0.00 secs] 
95.757: Total time for which application threads were stopped: 0.0005710 seconds, Stopping threads took: 0.0000360 seconds
95.797: Application time: 0.0398430 seconds
95.797: [GC [PSYoungGen: 7664K->512K(8192K)] 17540K->10388K(26112K), 0.0004290 secs] [Times: user=0.00 sys=0.00, real=0.00 secs] 
95.797: Total time for which application threads were stopped: 0.0005220 seconds, Stopping threads took: 0.0000380 seconds
95.837: Application time: 0.0392250 seconds
95.837: [GC [PSYoungGen: 7680K->464K(8192K)] 17556K->10340K(26112K), 0.0004540 secs] [Times: user=0.00 sys=0.00, real=0.00 secs] 
95.837: Total time for which application threads were stopped: 0.0005490 seconds, Stopping threads took: 0.0000390 seconds
95.876: Application time: 0.0392220 seconds
95.876: [GC [PSYoungGen: 7632K->496K(8192K)] 17508K->10372K(26112K), 0.0004120 secs] [Times: user=0.00 sys=0.00, real=0.00 secs] 
95.877: Total time for which application threads were stopped: 0.0005150 seconds, Stopping threads took: 0.0000410 seconds
95.916: Application time: 0.0396290 seconds
95.917: [GC [PSYoungGen: 7664K->480K(8192K)] 17540K->10356K(26112K), 0.0005080 secs] [Times: user=0.00 sys=0.00, real=0.00 secs] 
95.917: Total time for which application threads were stopped: 0.0006250 seconds, Stopping threads took: 0.0000530 seconds
95.956: Application time: 0.0392970 seconds
95.957: [GC [PSYoungGen: 7648K->480K(8192K)] 17524K->10356K(26112K), 0.0004780 secs] [Times: user=0.00 sys=0.00, real=0.00 secs] 
95.957: Total time for which application threads were stopped: 0.0005800 seconds, Stopping threads took: 0.0000430 seconds
95.996: Application time: 0.0391670 seconds
95.996: [GC [PSYoungGen: 7648K->496K(8192K)] 17524K->10372K(26112K), 0.0004610 secs] [Times: user=0.00 sys=0.00, real=0.00 secs] 
95.997: Total time for which application threads were stopped: 0.0005720 seconds, Stopping threads took: 0.0000530 seconds
96.036: Application time: 0.0392020 seconds
96.036: [GC [PSYoungGen: 7664K->496K(8192K)] 17540K->10372K(26112K), 0.0004420 secs] [Times: user=0.00 sys=0.00, real=0.00 secs] 
96.036: Total time for which application threads were stopped: 0.0005430 seconds, Stopping threads took: 0.0000460 seconds
96.076: Application time: 0.0395000 seconds
96.076: [GC [PSYoungGen: 7664K->512K(8192K)] 17540K->10388K(26112K), 0.0004780 secs] [Times: user=0.00 sys=0.00, real=0.00 secs] 
96.077: Total time for which application threads were stopped: 0.0005730 seconds, Stopping threads took: 0.0000380 seconds
96.116: Application time: 0.0392290 seconds
96.116: [GC [PSYoungGen: 7680K->448K(8192K)] 17556K->10412K(26112K), 0.0004120 secs] [Times: user=0.00 sys=0.00, real=0.00 secs] 
96.116: Total time for which application threads were stopped: 0.0005130 seconds, Stopping threads took: 0.0000460 seconds
96.156: Application time: 0.0395610 seconds
96.156: [GC [PSYoungGen: 7616K->320K(8192K)] 17580K->10380K(26112K), 0.0004340 secs] [Times: user=0.00 sys=0.00, real=0.00 secs] 
96.156: Total time for which application threads were stopped: 0.0005340 seconds, Stopping threads took: 0.0000440 seconds
96.196: Application time: 0.0394120 seconds
96.196: [GC [PSYoungGen: 7488K->320K(8192K)] 17548K->10476K(26112K), 0.0003770 secs] [Times: user=0.00 sys=0.00, real=0.00 secs] 
96.196: Total time for which application threads were stopped: 0.0004820 seconds, Stopping threads took: 0.0000480 seconds
96.236: Application time: 0.0393370 seconds
96.236: [GC [PSYoungGen: 7488K->256K(8192K)] 17644K->10468K(26112K), 0.0004100 secs] [Times: user=0.00 sys=0.00, real=0.00 secs] 
96.236: Total time for which application threads were stopped: 0.0005050 seconds, Stopping threads took: 0.0000430 seconds
96.276: Application time: 0.0393990 seconds
96.276: [GC [PSYoungGen: 7424K->272K(8192K)] 17636K->10484K(26112K), 0.0003930 secs] [Times: user=0.00 sys=0.00, real=0.00 secs] 
96.276: Total time for which application threads were stopped: 0.0004950 seconds, Stopping threads took: 0.0000470 seconds
96.315: Application time: 0.0385750 seconds
96.315: [GC [PSYoungGen: 7440K->288K(8192K)] 17652K->10548K(26112K), 0.0003950 secs] [Times: user=0.00 sys=0.00, real=0.00 secs] 
96.315: Total time for which application threads were stopped: 0.0005050 seconds, Stopping threads took: 0.0000500 seconds
96.353: Application time: 0.0376920 seconds
96.353: [GC [PSYoungGen: 7441K->416K(8192K)] 17701K->10676K(26112K), 0.0004490 secs] [Times: user=0.00 sys=0.00, real=0.00 secs] 
96.353: Total time for which application threads were stopped: 0.0005490 seconds, Stopping threads took: 0.0000420 seconds
96.392: Application time: 0.0386140 seconds
96.392: [GC [PSYoungGen: 7577K->464K(8192K)] 17838K->10724K(26112K), 0.0004180 secs] [Times: user=0.00 sys=0.00, real=0.00 secs] 
96.393: Total time for which application threads were stopped: 0.0005230 seconds, Stopping threads took: 0.0000410 seconds
96.432: Application time: 0.0392090 seconds
96.432: [GC [PSYoungGen: 7632K->432K(8192K)] 17892K->10692K(26112K), 0.0004180 secs] [Times: user=0.00 sys=0.00, real=0.00 secs] 
96.432: Total time for which application threads were stopped: 0.0005240 seconds, Stopping threads took: 0.0000460 seconds
96.472: Application time: 0.0397380 seconds
96.472: [GC [PSYoungGen: 7600K->480K(8192K)] 17860K->10740K(26112K), 0.0004420 secs] [Times: user=0.01 sys=0.00, real=0.00 secs] 
96.473: Total time for which application threads were stopped: 0.0005500 seconds, Stopping threads took: 0.0000490 seconds
96.512: Application time: 0.0390430 seconds
96.512: [GC [PSYoungGen: 7648K->528K(8192K)] 17908K->10788K(26112K), 0.0004990 secs] [Times: user=0.00 sys=0.00, real=0.00 secs] 
96.512: Total time for which application threads were stopped: 0.0005980 seconds, Stopping threads took: 0.0000410 seconds
96.552: Application time: 0.0393260 seconds
96.552: [GC [PSYoungGen: 7696K->512K(8192K)] 17956K->10772K(26112K), 0.0004360 secs] [Times: user=0.00 sys=0.00, real=0.00 secs] 
96.552: Total time for which application threads were stopped: 0.0005360 seconds, Stopping threads took: 0.0000410 seconds
96.592: Application time: 0.0397440 seconds
96.592: [GC [PSYoungGen: 7680K->480K(8192K)] 17940K->10740K(26112K), 0.0004180 secs] [Times: user=0.00 sys=0.00, real=0.00 secs] 
96.592: Total time for which application threads were stopped: 0.0005170 seconds, Stopping threads took: 0.0000430 seconds
96.632: Application time: 0.0395340 seconds
96.632: [GC [PSYoungGen: 7648K->512K(8192K)] 17908K->10772K(26112K), 0.0004090 secs] [Times: user=0.00 sys=0.00, real=0.00 secs] 
96.632: Total time for which application threads were stopped: 0.0005080 seconds, Stopping threads took: 0.0000430 seconds
96.672: Application time: 0.0394140 seconds
96.672: [GC [PSYoungGen: 7680K->528K(8192K)] 17940K->10788K(26112K), 0.0004760 secs] [Times: user=0.00 sys=0.00, real=0.00 secs] 
96.672: Total time for which application threads were stopped: 0.0005750 seconds, Stopping threads took: 0.0000430 seconds
96.712: Application time: 0.0394010 seconds
96.712: [GC [PSYoungGen: 7696K->464K(8192K)] 17956K->10724K(26112K), 0.0004050 secs] [Times: user=0.01 sys=0.00, real=0.00 secs] 
96.712: Total time for which application threads were stopped: 0.0005070 seconds, Stopping threads took: 0.0000470 seconds
96.751: Application time: 0.0390710 seconds
96.751: [GC [PSYoungGen: 7632K->496K(8192K)] 17892K->10756K(26112K), 0.0004280 secs] [Times: user=0.00 sys=0.00, real=0.00 secs] 
96.752: Total time for which application threads were stopped: 0.0005350 seconds, Stopping threads took: 0.0000490 seconds
96.791: Application time: 0.0390660 seconds
96.791: [GC [PSYoungGen: 7664K->496K(8192K)] 17924K->10756K(26112K), 0.0004100 secs] [Times: user=0.00 sys=0.00, real=0.00 secs] 
96.791: Total time for which application threads were stopped: 0.0005040 seconds, Stopping threads took: 0.0000400 seconds
96.831: Application time: 0.0395090 seconds
96.831: [GC [PSYoungGen: 7664K->512K(8192K)] 17924K->10772K(26112K), 0.0004140 secs] [Times: user=0.00 sys=0.00, real=0.00 secs] 
96.831: Total time for which application threads were stopped: 0.0005120 seconds, Stopping threads took: 0.0000420 seconds
96.871: Application time: 0.0392060 seconds
96.871: [GC [PSYoungGen: 7680K->496K(8192K)] 17940K->10756K(26112K), 0.0004120 secs] [Times: user=0.00 sys=0.00, real=0.00 secs] 
96.871: Total time for which application threads were stopped: 0.0005110 seconds, Stopping threads took: 0.0000420 seconds
96.911: Application time: 0.0400680 seconds
96.911: [GC [PSYoungGen: 7664K->384K(8192K)] 17924K->10732K(26112K), 0.0005350 secs] [Times: user=0.01 sys=0.00, real=0.00 secs] 
96.912: Total time for which application threads were stopped: 0.0006690 seconds, Stopping threads took: 0.0000530 seconds
96.951: Application time: 0.0392390 seconds
96.951: [GC [PSYoungGen: 7552K->320K(8192K)] 17900K->10788K(26112K), 0.0004330 secs] [Times: user=0.00 sys=0.00, real=0.00 secs] 
96.952: Total time for which application threads were stopped: 0.0005270 seconds, Stopping threads took: 0.0000380 seconds
96.991: Application time: 0.0397440 seconds
96.992: [GC [PSYoungGen: 7488K->288K(8192K)] 17956K->10820K(26112K), 0.0004130 secs] [Times: user=0.00 sys=0.00, real=0.00 secs] 
96.992: Total time for which application threads were stopped: 0.0005100 seconds, Stopping threads took: 0.0000440 seconds
97.031: Application time: 0.0394890 seconds
97.032: [GC [PSYoungGen: 7456K->272K(8192K)] 17988K->10836K(26112K), 0.0004170 secs] [Times: user=0.01 sys=0.00, real=0.00 secs] 
97.032: Total time for which application threads were stopped: 0.0005130 seconds, Stopping threads took: 0.0000480 seconds
97.071: Application time: 0.0390840 seconds
97.071: [GC [PSYoungGen: 7440K->288K(8192K)] 18004K->10852K(26112K), 0.0003670 secs] [Times: user=0.00 sys=0.00, real=0.00 secs] 
97.072: Total time for which application threads were stopped: 0.0004780 seconds, Stopping threads took: 0.0000540 seconds
97.110: Application time: 0.0380760 seconds
97.110: [GC [PSYoungGen: 7456K->368K(8192K)] 18020K->10988K(26112K), 0.0004520 secs] [Times: user=0.00 sys=0.00, real=0.00 secs] 
97.110: Total time for which application threads were stopped: 0.0005510 seconds, Stopping threads took: 0.0000400 seconds
97.149: Application time: 0.0383810 seconds
97.149: [GC [PSYoungGen: 7536K->400K(8192K)] 18156K->11020K(26112K), 0.0004230 secs] [Times: user=0.01 sys=0.00, real=0.01 secs] 
97.149: Total time for which application threads were stopped: 0.0005270 seconds, Stopping threads took: 0.0000460 seconds
97.188: Application time: 0.0388800 seconds
97.188: [GC [PSYoungGen: 7568K->480K(8192K)] 18188K->11100K(26112K), 0.0004150 secs] [Times: user=0.00 sys=0.00, real=0.00 secs] 
97.188: Total time for which application threads were stopped: 0.0005200 seconds, Stopping threads took: 0.0000470 seconds
97.228: Application time: 0.0393880 seconds
97.228: [GC [PSYoungGen: 7648K->448K(8192K)] 18268K->11068K(26112K), 0.0004570 secs] [Times: user=0.01 sys=0.00, real=0.00 secs] 
97.228: Total time for which application threads were stopped: 0.0005620 seconds, Stopping threads took: 0.0000510 seconds
97.267: Application time: 0.0389420 seconds
97.267: [GC [PSYoungGen: 7616K->496K(8192K)] 18236K->11116K(26112K), 0.0004630 secs] [Times: user=0.00 sys=0.00, real=0.00 secs] 
97.268: Total time for which application threads were stopped: 0.0005610 seconds, Stopping threads took: 0.0000390 seconds
97.307: Application time: 0.0393140 seconds
97.307: [GC [PSYoungGen: 7664K->512K(8192K)] 18284K->11132K(26112K), 0.0004710 secs] [Times: user=0.00 sys=0.00, real=0.00 secs] 
97.308: Total time for which application threads were stopped: 0.0005710 seconds, Stopping threads took: 0.0000420 seconds
97.347: Application time: 0.0394610 seconds
97.347: [GC [PSYoungGen: 7680K->496K(8192K)] 18300K->11116K(26112K), 0.0004160 secs] [Times: user=0.00 sys=0.00, real=0.00 secs] 
97.348: Total time for which application threads were stopped: 0.0005140 seconds, Stopping threads took: 0.0000430 seconds
97.388: Application time: 0.0397680 seconds
97.388: [GC [PSYoungGen: 7664K->528K(8192K)] 18284K->11148K(26112K), 0.0004140 secs] [Times: user=0.00 sys=0.00, real=0.00 secs] 
97.388: Total time for which application threads were stopped: 0.0005220 seconds, Stopping threads took: 0.0000530 seconds
97.427: Application time: 0.0393160 seconds
97.427: [GC [PSYoungGen: 7696K->512K(8192K)] 18316K->11132K(26112K), 0.0004190 secs] [Times: user=0.00 sys=0.00, real=0.00 secs] 
97.428: Total time for which application threads were stopped: 0.0005350 seconds, Stopping threads took: 0.0000500 seconds
97.468: Application time: 0.0399320 seconds
97.468: [GC [PSYoungGen: 7680K->496K(8192K)] 18300K->11116K(26112K), 0.0004680 secs] [Times: user=0.00 sys=0.00, real=0.00 secs] 
97.468: Total time for which application threads were stopped: 0.0005720 seconds, Stopping threads took: 0.0000410 seconds
97.508: Application time: 0.0392450 seconds
97.508: [GC [PSYoungGen: 7664K->496K(8192K)] 18284K->11116K(26112K), 0.0004570 secs] [Times: user=0.00 sys=0.00, real=0.00 secs] 
97.508: Total time for which application threads were stopped: 0.0005550 seconds, Stopping threads took: 0.0000400 seconds
97.548: Application time: 0.0393020 seconds
97.548: [GC [PSYoungGen: 7664K->480K(8192K)] 18284K->11100K(26112K), 0.0004120 secs] [Times: user=0.00 sys=0.00, real=0.00 secs] 
97.548: Total time for which application threads were stopped: 0.0005070 seconds, Stopping threads took: 0.0000380 seconds
97.587: Application time: 0.0393580 seconds
97.587: [GC [PSYoungGen: 7648K->480K(8192K)] 18268K->11100K(26112K), 0.0004420 secs] [Times: user=0.00 sys=0.00, real=0.00 secs] 
97.588: Total time for which application threads were stopped: 0.0005450 seconds, Stopping threads took: 0.0000430 seconds
97.627: Application time: 0.0393300 seconds
97.629: [GC [PSYoungGen: 7648K->496K(8192K)] 18268K->11116K(26112K), 0.0004380 secs] [Times: user=0.01 sys=0.00, real=0.00 secs] 
97.630: Total time for which application threads were stopped: 0.0022370 seconds, Stopping threads took: 0.0017430 seconds
97.669: Application time: 0.0392330 seconds
97.669: [GC [PSYoungGen: 7664K->464K(8192K)] 18284K->11140K(26112K), 0.0004320 secs] [Times: user=0.00 sys=0.00, real=0.01 secs] 
97.669: Total time for which application threads were stopped: 0.0005280 seconds, Stopping threads took: 0.0000400 seconds
97.709: Application time: 0.0397020 seconds
97.709: [GC [PSYoungGen: 7632K->352K(8192K)] 18308K->11144K(26112K), 0.0004200 secs] [Times: user=0.00 sys=0.00, real=0.00 secs] 
97.710: Total time for which application threads were stopped: 0.0005250 seconds, Stopping threads took: 0.0000480 seconds
97.749: Application time: 0.0397300 seconds
97.749: [GC [PSYoungGen: 7520K->288K(8192K)] 18312K->11168K(26112K), 0.0004180 secs] [Times: user=0.00 sys=0.00, real=0.00 secs] 
97.750: Total time for which application threads were stopped: 0.0005210 seconds, Stopping threads took: 0.0000460 seconds
97.789: Application time: 0.0393510 seconds
97.789: [GC [PSYoungGen: 7456K->272K(8192K)] 18336K->11200K(26112K), 0.0003780 secs] [Times: user=0.00 sys=0.00, real=0.00 secs] 
97.790: Total time for which application threads were stopped: 0.0004720 seconds, Stopping threads took: 0.0000380 seconds
97.829: Application time: 0.0392430 seconds
97.829: [GC [PSYoungGen: 7440K->272K(8192K)] 18368K->11200K(26112K), 0.0003710 secs] [Times: user=0.00 sys=0.00, real=0.01 secs] 
97.829: Total time for which application threads were stopped: 0.0004680 seconds, Stopping threads took: 0.0000430 seconds
97.868: Application time: 0.0390250 seconds
97.868: [GC [PSYoungGen: 7440K->272K(8192K)] 18368K->11256K(26112K), 0.0003760 secs] [Times: user=0.00 sys=0.00, real=0.00 secs] 
97.869: Total time for which application threads were stopped: 0.0004640 seconds, Stopping threads took: 0.0000330 seconds
97.907: Application time: 0.0386120 seconds
97.908: [GC [PSYoungGen: 7440K->352K(8192K)] 18424K->11337K(26112K), 0.0004680 secs] [Times: user=0.00 sys=0.00, real=0.00 secs] 
97.908: Total time for which application threads were stopped: 0.0005980 seconds, Stopping threads took: 0.0000620 seconds
97.946: Application time: 0.0383430 seconds
97.946: [GC [PSYoungGen: 7520K->416K(8192K)] 18505K->11400K(26112K), 0.0004010 secs] [Times: user=0.00 sys=0.00, real=0.00 secs] 
97.947: Total time for which application threads were stopped: 0.0005120 seconds, Stopping threads took: 0.0000420 seconds
97.986: Application time: 0.0388750 seconds
97.986: [GC [PSYoungGen: 7584K->496K(8192K)] 18568K->11480K(26112K), 0.0004080 secs] [Times: user=0.00 sys=0.00, real=0.00 secs] 
97.986: Total time for which application threads were stopped: 0.0005120 seconds, Stopping threads took: 0.0000490 seconds
98.026: Application time: 0.0396620 seconds
98.026: [GC [PSYoungGen: 7664K->448K(8192K)] 18648K->11433K(26112K), 0.0004220 secs] [Times: user=0.01 sys=0.00, real=0.00 secs] 
98.026: Total time for which application threads were stopped: 0.0005180 seconds, Stopping threads took: 0.0000390 seconds
98.065: Application time: 0.0389530 seconds
98.065: [GC [PSYoungGen: 7616K->512K(8192K)] 18601K->11497K(26112K), 0.0004210 secs] [Times: user=0.00 sys=0.00, real=0.00 secs] 
98.066: Total time for which application threads were stopped: 0.0005160 seconds, Stopping threads took: 0.0000350 seconds
98.106: Application time: 0.0395850 seconds
98.106: [GC [PSYoungGen: 7680K->512K(8192K)] 18665K->11497K(26112K), 0.0004240 secs] [Times: user=0.00 sys=0.00, real=0.00 secs] 
98.106: Total time for which application threads were stopped: 0.0005210 seconds, Stopping threads took: 0.0000430 seconds
98.145: Application time: 0.0394010 seconds
98.146: [GC [PSYoungGen: 7680K->496K(8192K)] 18665K->11480K(26112K), 0.0004220 secs] [Times: user=0.00 sys=0.00, real=0.00 secs] 
98.146: Total time for which application threads were stopped: 0.0005250 seconds, Stopping threads took: 0.0000470 seconds
98.185: Application time: 0.0393240 seconds
98.185: [GC [PSYoungGen: 7664K->496K(8192K)] 18648K->11480K(26112K), 0.0004520 secs] [Times: user=0.00 sys=0.00, real=0.00 secs] 
98.186: Total time for which application threads were stopped: 0.0005500 seconds, Stopping threads took: 0.0000430 seconds
98.226: Application time: 0.0403440 seconds
98.226: [GC [PSYoungGen: 7664K->512K(8192K)] 18648K->11497K(26112K), 0.0004330 secs] [Times: user=0.00 sys=0.00, real=0.00 secs] 
98.227: Total time for which application threads were stopped: 0.0005280 seconds, Stopping threads took: 0.0000420 seconds
98.266: Application time: 0.0391150 seconds
98.266: [GC [PSYoungGen: 7680K->496K(8192K)] 18665K->11481K(26112K), 0.0005030 secs] [Times: user=0.00 sys=0.00, real=0.00 secs] 
98.266: Total time for which application threads were stopped: 0.0006010 seconds, Stopping threads took: 0.0000430 seconds
98.306: Application time: 0.0393980 seconds
98.306: [GC [PSYoungGen: 7664K->480K(8192K)] 18649K->11465K(26112K), 0.0004530 secs] [Times: user=0.00 sys=0.00, real=0.00 secs] 
98.306: Total time for which application threads were stopped: 0.0005590 seconds, Stopping threads took: 0.0000500 seconds
98.346: Application time: 0.0392410 seconds
98.346: [GC [PSYoungGen: 7648K->528K(8192K)] 18633K->11513K(26112K), 0.0004400 secs] [Times: user=0.00 sys=0.00, real=0.00 secs] 
98.346: Total time for which application threads were stopped: 0.0005430 seconds, Stopping threads took: 0.0000460 seconds
98.386: Application time: 0.0397720 seconds
98.386: [GC [PSYoungGen: 7696K->496K(8192K)] 18681K->11480K(26112K), 0.0004390 secs] [Times: user=0.00 sys=0.00, real=0.00 secs] 
98.386: Total time for which application threads were stopped: 0.0005310 seconds, Stopping threads took: 0.0000360 seconds
98.426: Application time: 0.0393430 seconds
98.426: [GC [PSYoungGen: 7664K->480K(8192K)] 18648K->11465K(26112K), 0.0004320 secs] [Times: user=0.01 sys=0.00, real=0.00 secs] 
98.426: Total time for which application threads were stopped: 0.0005390 seconds, Stopping threads took: 0.0000500 seconds
98.466: Application time: 0.0392610 seconds
98.466: [GC [PSYoungGen: 7648K->512K(8192K)] 18633K->11553K(26112K), 0.0004290 secs] [Times: user=0.00 sys=0.00, real=0.00 secs] 
98.466: Total time for which application threads were stopped: 0.0005320 seconds, Stopping threads took: 0.0000390 seconds
98.505: Application time: 0.0391020 seconds
98.505: [GC [PSYoungGen: 7680K->336K(8192K)] 18721K->11497K(26112K), 0.0004830 secs] [Times: user=0.00 sys=0.00, real=0.00 secs] 
98.506: Total time for which application threads were stopped: 0.0005850 seconds, Stopping threads took: 0.0000450 seconds
98.545: Application time: 0.0392770 seconds
98.545: [GC [PSYoungGen: 7504K->320K(8192K)] 18665K->11577K(26112K), 0.0003750 secs] [Times: user=0.01 sys=0.00, real=0.00 secs] 
98.546: Total time for which application threads were stopped: 0.0004770 seconds, Stopping threads took: 0.0000470 seconds
98.585: Application time: 0.0396500 seconds
98.585: [GC [PSYoungGen: 7488K->272K(8192K)] 18745K->11585K(26112K), 0.0003810 secs] [Times: user=0.00 sys=0.00, real=0.00 secs] 
98.586: Total time for which application threads were stopped: 0.0004860 seconds, Stopping threads took: 0.0000470 seconds
98.625: Application time: 0.0393140 seconds
98.625: [GC [PSYoungGen: 7439K->272K(8192K)] 18753K->11585K(26112K), 0.0003770 secs] [Times: user=0.00 sys=0.00, real=0.00 secs] 
98.626: Total time for which application threads were stopped: 0.0004700 seconds, Stopping threads took: 0.0000380 seconds
98.663: Application time: 0.0372010 seconds
98.663: [GC [PSYoungGen: 7440K->368K(8192K)] 18753K->11737K(26112K), 0.0003970 secs] [Times: user=0.00 sys=0.00, real=0.00 secs] 
98.663: Total time for which application threads were stopped: 0.0004960 seconds, Stopping threads took: 0.0000400 seconds
98.703: Application time: 0.0394870 seconds
98.703: [GC [PSYoungGen: 7536K->352K(8192K)] 18905K->11721K(26112K), 0.0003840 secs] [Times: user=0.00 sys=0.00, real=0.00 secs] 
98.703: Total time for which application threads were stopped: 0.0004830 seconds, Stopping threads took: 0.0000430 seconds
98.742: Application time: 0.0386630 seconds
98.742: [GC [PSYoungGen: 7520K->416K(8192K)] 18889K->11785K(26112K), 0.0004150 secs] [Times: user=0.00 sys=0.00, real=0.00 secs] 
98.742: Total time for which application threads were stopped: 0.0005200 seconds, Stopping threads took: 0.0000490 seconds
98.781: Application time: 0.0389760 seconds
98.781: [GC [PSYoungGen: 7584K->448K(8192K)] 18953K->11817K(26112K), 0.0004680 secs] [Times: user=0.01 sys=0.00, real=0.00 secs] 
98.782: Total time for which application threads were stopped: 0.0005610 seconds, Stopping threads took: 0.0000370 seconds
98.821: Application time: 0.0387300 seconds
98.821: [GC [PSYoungGen: 7616K->544K(8192K)] 18985K->11913K(26112K), 0.0005060 secs] [Times: user=0.00 sys=0.00, real=0.01 secs] 
98.821: Total time for which application threads were stopped: 0.0006050 seconds, Stopping threads took: 0.0000390 seconds
98.861: Application time: 0.0394590 seconds
98.861: [GC [PSYoungGen: 7712K->496K(8192K)] 19081K->11865K(26112K), 0.0004270 secs] [Times: user=0.00 sys=0.00, real=0.01 secs] 
98.861: Total time for which application threads were stopped: 0.0005280 seconds, Stopping threads took: 0.0000440 seconds
98.901: Application time: 0.0399150 seconds
98.901: [GC [PSYoungGen: 7664K->512K(8192K)] 19033K->11881K(26112K), 0.0005550 secs] [Times: user=0.00 sys=0.00, real=0.00 secs] 
98.902: Total time for which application threads were stopped: 0.0006840 seconds, Stopping threads took: 0.0000560 seconds
98.941: Application time: 0.0393250 seconds
98.941: [GC [PSYoungGen: 7680K->512K(8192K)] 19049K->11881K(26112K), 0.0005030 secs] [Times: user=0.00 sys=0.00, real=0.00 secs] 
98.942: Total time for which application threads were stopped: 0.0006080 seconds, Stopping threads took: 0.0000480 seconds
98.981: Application time: 0.0397030 seconds
98.985: [GC [PSYoungGen: 7680K->496K(8192K)] 19049K->11865K(26112K), 0.0004250 secs] [Times: user=0.00 sys=0.00, real=0.00 secs] 
98.986: Total time for which application threads were stopped: 0.0040280 seconds, Stopping threads took: 0.0035400 seconds
99.025: Application time: 0.0392030 seconds
99.025: [GC [PSYoungGen: 7664K->480K(8192K)] 19033K->11849K(26112K), 0.0004250 secs] [Times: user=0.00 sys=0.00, real=0.00 secs] 
99.025: Total time for which application threads were stopped: 0.0005260 seconds, Stopping threads took: 0.0000440 seconds
99.064: Application time: 0.0390590 seconds
99.064: [GC [PSYoungGen: 7648K->512K(8192K)] 19017K->11881K(26112K), 0.0004130 secs] [Times: user=0.00 sys=0.00, real=0.00 secs] 
99.065: Total time for which application threads were stopped: 0.0005090 seconds, Stopping threads took: 0.0000400 seconds
99.104: Application time: 0.0393960 seconds
99.104: [GC [PSYoungGen: 7680K->480K(8192K)] 19049K->11849K(26112K), 0.0004360 secs] [Times: user=0.00 sys=0.00, real=0.00 secs] 
99.105: Total time for which application threads were stopped: 0.0005370 seconds, Stopping threads took: 0.0000410 seconds
99.144: Application time: 0.0391990 seconds
99.144: [GC [PSYoungGen: 7648K->512K(8192K)] 19017K->11881K(26112K), 0.0004520 secs] [Times: user=0.00 sys=0.00, real=0.00 secs] 
99.145: Total time for which application threads were stopped: 0.0005550 seconds, Stopping threads took: 0.0000430 seconds
99.184: Application time: 0.0393510 seconds
99.184: [GC [PSYoungGen: 7680K->496K(8192K)] 19049K->11865K(26112K), 0.0004140 secs] [Times: user=0.00 sys=0.00, real=0.00 secs] 
99.184: Total time for which application threads were stopped: 0.0005180 seconds, Stopping threads took: 0.0000490 seconds
99.224: Application time: 0.0392410 seconds
99.224: [GC [PSYoungGen: 7664K->480K(8192K)] 19033K->11849K(26112K), 0.0004150 secs] [Times: user=0.00 sys=0.00, real=0.00 secs] 
99.224: Total time for which application threads were stopped: 0.0005190 seconds, Stopping threads took: 0.0000470 seconds
99.264: Application time: 0.0395110 seconds
99.264: [GC [PSYoungGen: 7648K->368K(8192K)] 19017K->11881K(26112K), 0.0004720 secs] [Times: user=0.00 sys=0.00, real=0.00 secs] 
99.264: Total time for which application threads were stopped: 0.0005720 seconds, Stopping threads took: 0.0000450 seconds
99.304: Application time: 0.0394260 seconds
99.304: [GC [PSYoungGen: 7536K->336K(8192K)] 19049K->11849K(26112K), 0.0003890 secs] [Times: user=0.00 sys=0.00, real=0.00 secs] 
99.304: Total time for which application threads were stopped: 0.0004830 seconds, Stopping threads took: 0.0000380 seconds
99.344: Application time: 0.0393860 seconds
99.344: [GC [PSYoungGen: 7504K->288K(8192K)] 19017K->11893K(26112K), 0.0004330 secs] [Times: user=0.01 sys=0.00, real=0.00 secs] 
99.344: Total time for which application threads were stopped: 0.0005300 seconds, Stopping threads took: 0.0000400 seconds
99.383: Application time: 0.0392020 seconds
99.383: [GC [PSYoungGen: 7456K->272K(8192K)] 19061K->11925K(26112K), 0.0003710 secs] [Times: user=0.00 sys=0.00, real=0.00 secs] 
99.384: Total time for which application threads were stopped: 0.0004670 seconds, Stopping threads took: 0.0000430 seconds
99.423: Application time: 0.0388600 seconds
99.423: [GC [PSYoungGen: 7440K->272K(8192K)] 19093K->11973K(26112K), 0.0004180 secs] [Times: user=0.00 sys=0.00, real=0.00 secs] 
99.423: Total time for which application threads were stopped: 0.0005160 seconds, Stopping threads took: 0.0000410 seconds
99.464: Application time: 0.0406260 seconds
99.464: [GC [PSYoungGen: 7440K->368K(8192K)] 19141K->12069K(26112K), 0.0004240 secs] [Times: user=0.00 sys=0.00, real=0.00 secs] 
99.464: Total time for which application threads were stopped: 0.0005380 seconds, Stopping threads took: 0.0000510 seconds
99.503: Application time: 0.0387030 seconds
99.503: [GC [PSYoungGen: 7525K->384K(8192K)] 19227K->12085K(26112K), 0.0004850 secs] [Times: user=0.00 sys=0.00, real=0.00 secs] 
99.504: Total time for which application threads were stopped: 0.0005960 seconds, Stopping threads took: 0.0000440 seconds
99.542: Application time: 0.0388100 seconds
99.542: [GC [PSYoungGen: 7552K->480K(8192K)] 19253K->12181K(26112K), 0.0004210 secs] [Times: user=0.00 sys=0.00, real=0.00 secs] 
99.543: Total time for which application threads were stopped: 0.0005230 seconds, Stopping threads took: 0.0000470 seconds
99.582: Application time: 0.0394500 seconds
99.582: [GC [PSYoungGen: 7648K->448K(8192K)] 19349K->12149K(26112K), 0.0004070 secs] [Times: user=0.01 sys=0.00, real=0.00 secs] 
99.583: Total time for which application threads were stopped: 0.0005030 seconds, Stopping threads took: 0.0000410 seconds
99.622: Application time: 0.0391470 seconds
99.622: [GC [PSYoungGen: 7616K->480K(8192K)] 19317K->12181K(26112K), 0.0004150 secs] [Times: user=0.00 sys=0.00, real=0.00 secs] 
99.623: Total time for which application threads were stopped: 0.0005160 seconds, Stopping threads took: 0.0000450 seconds
99.662: Application time: 0.0392870 seconds
99.662: [GC [PSYoungGen: 7648K->480K(8192K)] 19349K->12181K(26112K), 0.0004110 secs] [Times: user=0.00 sys=0.00, real=0.00 secs] 
99.662: Total time for which application threads were stopped: 0.0005110 seconds, Stopping threads took: 0.0000380 seconds
99.702: Application time: 0.0397930 seconds
99.702: [GC [PSYoungGen: 7648K->480K(8192K)] 19349K->12181K(26112K), 0.0004200 secs] [Times: user=0.00 sys=0.00, real=0.00 secs] 
99.703: Total time for which application threads were stopped: 0.0005170 seconds, Stopping threads took: 0.0000450 seconds
99.742: Application time: 0.0396080 seconds
99.742: [GC [PSYoungGen: 7648K->496K(8192K)] 19349K->12197K(26112K), 0.0004600 secs] [Times: user=0.01 sys=0.00, real=0.00 secs] 
99.743: Total time for which application threads were stopped: 0.0005660 seconds, Stopping threads took: 0.0000480 seconds
99.782: Application time: 0.0394000 seconds
99.782: [GC [PSYoungGen: 7664K->480K(8192K)] 19365K->12181K(26112K), 0.0004170 secs] [Times: user=0.00 sys=0.00, real=0.00 secs] 
99.783: Total time for which application threads were stopped: 0.0005110 seconds, Stopping threads took: 0.0000390 seconds
99.822: Application time: 0.0393360 seconds
99.822: [GC [PSYoungGen: 7648K->480K(8192K)] 19349K->12181K(26112K), 0.0004300 secs] [Times: user=0.01 sys=0.00, real=0.00 secs] 
99.823: Total time for which application threads were stopped: 0.0005220 seconds, Stopping threads took: 0.0000360 seconds
99.862: Application time: 0.0392820 seconds
99.862: [GC [PSYoungGen: 7648K->464K(8192K)] 19349K->12165K(26112K), 0.0004630 secs] [Times: user=0.00 sys=0.00, real=0.00 secs] 
99.862: Total time for which application threads were stopped: 0.0005590 seconds, Stopping threads took: 0.0000410 seconds
99.902: Application time: 0.0397410 seconds
99.902: [GC [PSYoungGen: 7632K->496K(8192K)] 19333K->12197K(26112K), 0.0004820 secs] [Times: user=0.00 sys=0.00, real=0.00 secs] 
99.903: Total time for which application threads were stopped: 0.0005960 seconds, Stopping threads took: 0.0000450 seconds
99.942: Application time: 0.0390980 seconds
99.942: [GC [PSYoungGen: 7664K->528K(8192K)] 19365K->12229K(26112K), 0.0004630 secs] [Times: user=0.00 sys=0.00, real=0.00 secs] 
99.942: Total time for which application threads were stopped: 0.0005580 seconds, Stopping threads took: 0.0000380 seconds
99.982: Application time: 0.0393520 seconds
99.982: [GC [PSYoungGen: 7696K->512K(8192K)] 19397K->12213K(26112K), 0.0004660 secs] [Times: user=0.00 sys=0.00, real=0.00 secs] 
99.982: Total time for which application threads were stopped: 0.0005710 seconds, Stopping threads took: 0.0000490 seconds
100.022: Application time: 0.0392380 seconds
100.022: [GC [PSYoungGen: 7680K->496K(8192K)] 19381K->12245K(26112K), 0.0004200 secs] [Times: user=0.00 sys=0.00, real=0.00 secs] 
100.022: Total time for which application threads were stopped: 0.0005310 seconds, Stopping threads took: 0.0000470 seconds
100.062: Application time: 0.0396240 seconds
100.062: [GC [PSYoungGen: 7664K->336K(8192K)] 19413K->12205K(26112K), 0.0004100 secs] [Times: user=0.01 sys=0.00, real=0.00 secs] 
100.062: Total time for which application threads were stopped: 0.0005240 seconds, Stopping threads took: 0.0000590 seconds
100.102: Application time: 0.0393900 seconds
100.102: [GC [PSYoungGen: 7504K->304K(8192K)] 19373K->12237K(26112K), 0.0004320 secs] [Times: user=0.01 sys=0.00, real=0.00 secs] 
100.102: Total time for which application threads were stopped: 0.0005270 seconds, Stopping threads took: 0.0000410 seconds
100.141: Application time: 0.0392270 seconds
100.142: [GC [PSYoungGen: 7472K->272K(8192K)] 19405K->12293K(26112K), 0.0004130 secs] [Times: user=0.00 sys=0.00, real=0.00 secs] 
100.142: Total time for which application threads were stopped: 0.0005090 seconds, Stopping threads took: 0.0000420 seconds
100.181: Application time: 0.0395130 seconds
100.182: [GC [PSYoungGen: 7440K->272K(8192K)] 19461K->12293K(26112K), 0.0003750 secs] [Times: user=0.00 sys=0.00, real=0.00 secs] 
100.182: Total time for which application threads were stopped: 0.0004700 seconds, Stopping threads took: 0.0000400 seconds
100.221: Application time: 0.0387500 seconds
100.221: [GC [PSYoungGen: 7440K->272K(8192K)] 19461K->12357K(26112K), 0.0003870 secs] [Times: user=0.00 sys=0.00, real=0.01 secs] 
100.221: Total time for which application threads were stopped: 0.0004920 seconds, Stopping threads took: 0.0000460 seconds
100.259: Application time: 0.0379790 seconds
100.259: [GC [PSYoungGen: 7440K->384K(8192K)] 19525K->12469K(26112K), 0.0004330 secs] [Times: user=0.00 sys=0.00, real=0.00 secs] 
100.261: Total time for which application threads were stopped: 0.0016440 seconds, Stopping threads took: 0.0000410 seconds
100.299: Application time: 0.0384780 seconds
100.299: [GC [PSYoungGen: 7552K->416K(8192K)] 19637K->12501K(26112K), 0.0004170 secs] [Times: user=0.00 sys=0.00, real=0.00 secs] 
100.300: Total time for which application threads were stopped: 0.0005190 seconds, Stopping threads took: 0.0000450 seconds
100.338: Application time: 0.0386340 seconds
100.339: [GC [PSYoungGen: 7584K->464K(8192K)] 19669K->12549K(26112K), 0.0004580 secs] [Times: user=0.00 sys=0.00, real=0.00 secs] 
100.339: Total time for which application threads were stopped: 0.0005570 seconds, Stopping threads took: 0.0000420 seconds
100.379: Application time: 0.0397220 seconds
100.379: [GC [PSYoungGen: 7632K->432K(8192K)] 19717K->12517K(26112K), 0.0004500 secs] [Times: user=0.00 sys=0.00, real=0.00 secs] 
100.379: Total time for which application threads were stopped: 0.0005430 seconds, Stopping threads took: 0.0000390 seconds
100.418: Application time: 0.0387050 seconds
100.418: [GC [PSYoungGen: 7600K->496K(8192K)] 19685K->12581K(26112K), 0.0005070 secs] [Times: user=0.00 sys=0.00, real=0.00 secs] 
100.419: Total time for which application threads were stopped: 0.0006070 seconds, Stopping threads took: 0.0000440 seconds
100.458: Application time: 0.0397640 seconds
100.458: [GC [PSYoungGen: 7664K->528K(8192K)] 19749K->12613K(26112K), 0.0004730 secs] [Times: user=0.00 sys=0.00, real=0.00 secs] 
100.459: Total time for which application threads were stopped: 0.0005640 seconds, Stopping threads took: 0.0000350 seconds
100.498: Application time: 0.0392700 seconds
100.498: [GC [PSYoungGen: 7696K->496K(8192K)] 19781K->12581K(26112K), 0.0004170 secs] [Times: user=0.00 sys=0.00, real=0.00 secs] 
100.499: Total time for which application threads were stopped: 0.0005120 seconds, Stopping threads took: 0.0000400 seconds
100.539: Application time: 0.0398210 seconds
100.539: [GC [PSYoungGen: 7664K->448K(8192K)] 19749K->12533K(26112K), 0.0004200 secs] [Times: user=0.01 sys=0.00, real=0.00 secs] 
100.539: Total time for which application threads were stopped: 0.0005290 seconds, Stopping threads took: 0.0000430 seconds
100.578: Application time: 0.0393030 seconds
100.578: [GC [PSYoungGen: 7616K->480K(8192K)] 19701K->12565K(26112K), 0.0004550 secs] [Times: user=0.00 sys=0.00, real=0.00 secs] 
100.579: Total time for which application threads were stopped: 0.0005570 seconds, Stopping threads took: 0.0000450 seconds
100.618: Application time: 0.0392150 seconds
100.618: [GC [PSYoungGen: 7648K->480K(8192K)] 19733K->12565K(26112K), 0.0004210 secs] [Times: user=0.00 sys=0.00, real=0.00 secs] 
100.619: Total time for which application threads were stopped: 0.0005200 seconds, Stopping threads took: 0.0000440 seconds
100.658: Application time: 0.0389860 seconds
100.658: [GC [PSYoungGen: 7648K->480K(8192K)] 19733K->12565K(26112K), 0.0004390 secs] [Times: user=0.00 sys=0.00, real=0.00 secs] 
100.658: Total time for which application threads were stopped: 0.0005330 seconds, Stopping threads took: 0.0000390 seconds
100.697: Application time: 0.0391450 seconds
100.697: [GC [PSYoungGen: 7648K->512K(8192K)] 19733K->12597K(26112K), 0.0004710 secs] [Times: user=0.00 sys=0.00, real=0.00 secs] 
100.698: Total time for which application threads were stopped: 0.0005700 seconds, Stopping threads took: 0.0000450 seconds
100.738: Application time: 0.0396400 seconds
100.738: [GC [PSYoungGen: 7680K->496K(8192K)] 19765K->12581K(26112K), 0.0004530 secs] [Times: user=0.00 sys=0.00, real=0.00 secs] 
100.738: Total time for which application threads were stopped: 0.0005480 seconds, Stopping threads took: 0.0000420 seconds
100.778: Application time: 0.0398000 seconds
100.778: [GC [PSYoungGen: 7664K->496K(8192K)] 19749K->12581K(26112K), 0.0004310 secs] [Times: user=0.00 sys=0.00, real=0.00 secs] 
100.778: Total time for which application threads were stopped: 0.0005310 seconds, Stopping threads took: 0.0000440 seconds
100.818: Application time: 0.0392220 seconds
100.818: [GC [PSYoungGen: 7664K->480K(8192K)] 19749K->12613K(26112K), 0.0004400 secs] [Times: user=0.00 sys=0.00, real=0.00 secs] 
100.818: Total time for which application threads were stopped: 0.0005350 seconds, Stopping threads took: 0.0000380 seconds
100.857: Application time: 0.0392930 seconds
100.858: [GC [PSYoungGen: 7648K->336K(8192K)] 19781K->12597K(26112K), 0.0004450 secs] [Times: user=0.00 sys=0.00, real=0.00 secs] 
100.858: Total time for which application threads were stopped: 0.0005420 seconds, Stopping threads took: 0.0000400 seconds
100.898: Application time: 0.0396530 seconds
100.899: [GC [PSYoungGen: 7504K->320K(8192K)] 19765K->12669K(26112K), 0.0004710 secs] [Times: user=0.00 sys=0.00, real=0.00 secs] 
100.899: Total time for which application threads were stopped: 0.0016990 seconds, Stopping threads took: 0.0011430 seconds
100.939: Application time: 0.0399630 seconds
100.939: [GC [PSYoungGen: 7488K->272K(8192K)] 19837K->12669K(26112K), 0.0004170 secs] [Times: user=0.00 sys=0.00, real=0.00 secs] 
100.940: Total time for which application threads were stopped: 0.0005200 seconds, Stopping threads took: 0.0000470 seconds
100.979: Application time: 0.0391350 seconds
100.979: [GC [PSYoungGen: 7440K->272K(8192K)] 19837K->12669K(26112K), 0.0003710 secs] [Times: user=0.00 sys=0.00, real=0.00 secs] 
100.979: Total time for which application threads were stopped: 0.0004680 seconds, Stopping threads took: 0.0000420 seconds
101.018: Application time: 0.0380350 seconds
101.018: [GC [PSYoungGen: 7440K->352K(8192K)] 19837K->12806K(26112K), 0.0004250 secs] [Times: user=0.00 sys=0.00, real=0.00 secs] 
101.018: Total time for which application threads were stopped: 0.0005260 seconds, Stopping threads took: 0.0000460 seconds
101.057: Application time: 0.0387770 seconds
101.057: [GC [PSYoungGen: 7520K->320K(8192K)] 19974K->12774K(26112K), 0.0003970 secs] [Times: user=0.00 sys=0.00, real=0.00 secs] 
101.057: Total time for which application threads were stopped: 0.0005060 seconds, Stopping threads took: 0.0000450 seconds
101.096: Application time: 0.0382360 seconds
101.096: [GC [PSYoungGen: 7488K->448K(8192K)] 19942K->12901K(26112K), 0.0004030 secs] [Times: user=0.00 sys=0.00, real=0.00 secs] 
101.096: Total time for which application threads were stopped: 0.0005000 seconds, Stopping threads took: 0.0000400 seconds
101.135: Application time: 0.0390780 seconds
101.135: [GC [PSYoungGen: 7616K->496K(8192K)] 20069K->12950K(26112K), 0.0004200 secs] [Times: user=0.00 sys=0.00, real=0.00 secs] 
101.136: Total time for which application threads were stopped: 0.0005220 seconds, Stopping threads took: 0.0000440 seconds
101.175: Application time: 0.0397370 seconds
101.175: [GC [PSYoungGen: 7664K->432K(8192K)] 20118K->12886K(26112K), 0.0004210 secs] [Times: user=0.00 sys=0.00, real=0.00 secs] 
101.176: Total time for which application threads were stopped: 0.0005260 seconds, Stopping threads took: 0.0000490 seconds
101.215: Application time: 0.0389800 seconds
101.215: [GC [PSYoungGen: 7600K->544K(8192K)] 20054K->12997K(26112K), 0.0004700 secs] [Times: user=0.01 sys=0.00, real=0.00 secs] 
101.215: Total time for which application threads were stopped: 0.0005660 seconds, Stopping threads took: 0.0000390 seconds
101.255: Application time: 0.0393120 seconds
101.255: [GC [PSYoungGen: 7712K->480K(8192K)] 20165K->12934K(26112K), 0.0004850 secs] [Times: user=0.00 sys=0.00, real=0.00 secs] 
101.255: Total time for which application threads were stopped: 0.0005810 seconds, Stopping threads took: 0.0000390 seconds
101.295: Application time: 0.0395470 seconds
101.295: [GC [PSYoungGen: 7648K->512K(8192K)] 20102K->12965K(26112K), 0.0004310 secs] [Times: user=0.00 sys=0.00, real=0.00 secs] 
101.295: Total time for which application threads were stopped: 0.0005350 seconds, Stopping threads took: 0.0000390 seconds
101.335: Application time: 0.0395360 seconds
101.335: [GC [PSYoungGen: 7680K->480K(8192K)] 20133K->12934K(26112K), 0.0004460 secs] [Times: user=0.00 sys=0.00, real=0.00 secs] 
101.336: Total time for which application threads were stopped: 0.0005470 seconds, Stopping threads took: 0.0000430 seconds
101.375: Application time: 0.0392560 seconds
101.375: [GC [PSYoungGen: 7648K->512K(8192K)] 20102K->12965K(26112K), 0.0004760 secs] [Times: user=0.00 sys=0.00, real=0.00 secs] 
101.375: Total time for which application threads were stopped: 0.0005730 seconds, Stopping threads took: 0.0000430 seconds
101.415: Application time: 0.0391490 seconds
101.415: [GC [PSYoungGen: 7680K->512K(8192K)] 20133K->12966K(26112K), 0.0004750 secs] [Times: user=0.00 sys=0.00, real=0.00 secs] 
101.415: Total time for which application threads were stopped: 0.0005860 seconds, Stopping threads took: 0.0000570 seconds
101.454: Application time: 0.0391720 seconds
101.454: [GC [PSYoungGen: 7680K->464K(8192K)] 20134K->12918K(26112K), 0.0004250 secs] [Times: user=0.00 sys=0.00, real=0.00 secs] 
101.455: Total time for which application threads were stopped: 0.0005270 seconds, Stopping threads took: 0.0000470 seconds
101.494: Application time: 0.0391060 seconds
101.494: [GC [PSYoungGen: 7632K->512K(8192K)] 20086K->12965K(26112K), 0.0004310 secs] [Times: user=0.00 sys=0.00, real=0.00 secs] 
101.494: Total time for which application threads were stopped: 0.0005260 seconds, Stopping threads took: 0.0000400 seconds
101.534: Application time: 0.0391730 seconds
101.534: [GC [PSYoungGen: 7680K->512K(8192K)] 20133K->12965K(26112K), 0.0004210 secs] [Times: user=0.00 sys=0.00, real=0.00 secs] 
101.534: Total time for which application threads were stopped: 0.0005220 seconds, Stopping threads took: 0.0000480 seconds
101.574: Application time: 0.0395780 seconds
101.574: [GC [PSYoungGen: 7680K->528K(8192K)] 20133K->12982K(26112K), 0.0004710 secs] [Times: user=0.00 sys=0.00, real=0.00 secs] 
101.574: Total time for which application threads were stopped: 0.0005780 seconds, Stopping threads took: 0.0000420 seconds
101.614: Application time: 0.0398180 seconds
101.614: [GC [PSYoungGen: 7696K->400K(8192K)] 20150K->12966K(26112K), 0.0004320 secs] [Times: user=0.00 sys=0.00, real=0.00 secs] 
101.615: Total time for which application threads were stopped: 0.0005290 seconds, Stopping threads took: 0.0000430 seconds
101.654: Application time: 0.0393490 seconds
101.654: [GC [PSYoungGen: 7568K->336K(8192K)] 20134K->12958K(26112K), 0.0003910 secs] [Times: user=0.00 sys=0.00, real=0.00 secs] 
101.654: Total time for which application threads were stopped: 0.0004940 seconds, Stopping threads took: 0.0000500 seconds
101.694: Application time: 0.0395560 seconds
101.694: [GC [PSYoungGen: 7504K->288K(8192K)] 20126K->12998K(26112K), 0.0003850 secs] [Times: user=0.00 sys=0.00, real=0.00 secs] 
101.695: Total time for which application threads were stopped: 0.0004810 seconds, Stopping threads took: 0.0000430 seconds
101.734: Application time: 0.0398910 seconds
101.735: [GC [PSYoungGen: 7456K->240K(8192K)] 20166K->12990K(26112K), 0.0004110 secs] [Times: user=0.00 sys=0.00, real=0.00 secs] 
101.735: Total time for which application threads were stopped: 0.0005160 seconds, Stopping threads took: 0.0000490 seconds
101.774: Application time: 0.0393490 seconds
101.774: [GC [PSYoungGen: 7408K->272K(8192K)] 20158K->13022K(26112K), 0.0003730 secs] [Times: user=0.00 sys=0.00, real=0.00 secs] 
101.775: Total time for which application threads were stopped: 0.0004720 seconds, Stopping threads took: 0.0000450 seconds
101.812: Application time: 0.0375770 seconds
101.812: [GC [PSYoungGen: 7440K->368K(8192K)] 20190K->13166K(26112K), 0.0003880 secs] [Times: user=0.00 sys=0.00, real=0.00 secs] 
101.813: Total time for which application threads were stopped: 0.0004890 seconds, Stopping threads took: 0.0000420 seconds
101.851: Application time: 0.0385400 seconds
101.851: [GC [PSYoungGen: 7536K->384K(8192K)] 20334K->13182K(26112K), 0.0004610 secs] [Times: user=0.00 sys=0.00, real=0.00 secs] 
101.852: Total time for which application threads were stopped: 0.0005690 seconds, Stopping threads took: 0.0000530 seconds
101.890: Application time: 0.0384930 seconds
101.891: [GC [PSYoungGen: 7552K->432K(8192K)] 20350K->13230K(26112K), 0.0004200 secs] [Times: user=0.00 sys=0.00, real=0.00 secs] 
101.891: Total time for which application threads were stopped: 0.0005170 seconds, Stopping threads took: 0.0000420 seconds
101.931: Application time: 0.0397520 seconds
101.933: [GC [PSYoungGen: 7600K->480K(8192K)] 20398K->13278K(26112K), 0.0005110 secs] [Times: user=0.00 sys=0.00, real=0.00 secs] 
101.934: Total time for which application threads were stopped: 0.0029040 seconds, Stopping threads took: 0.0023280 seconds
101.972: Application time: 0.0385000 seconds
101.972: [GC [PSYoungGen: 7648K->512K(8192K)] 20446K->13310K(26112K), 0.0004310 secs] [Times: user=0.00 sys=0.00, real=0.00 secs] 
101.973: Total time for which application threads were stopped: 0.0005300 seconds, Stopping threads took: 0.0000410 seconds
102.012: Application time: 0.0396560 seconds
102.012: [GC [PSYoungGen: 7680K->528K(8192K)] 20478K->13326K(26112K), 0.0004600 secs] [Times: user=0.00 sys=0.00, real=0.00 secs] 
102.013: Total time for which application threads were stopped: 0.0005580 seconds, Stopping threads took: 0.0000430 seconds
102.053: Application time: 0.0397450 seconds
102.057: [GC [PSYoungGen: 7696K->480K(8192K)] 20494K->13278K(26112K), 0.0004310 secs] [Times: user=0.00 sys=0.01, real=0.00 secs] 
102.058: Total time for which application threads were stopped: 0.0049160 seconds, Stopping threads took: 0.0044250 seconds
102.097: Application time: 0.0392880 seconds
102.097: [GC [PSYoungGen: 7648K->528K(8192K)] 20446K->13326K(26112K), 0.0004850 secs] [Times: user=0.00 sys=0.00, real=0.00 secs] 
102.097: Total time for which application threads were stopped: 0.0005890 seconds, Stopping threads took: 0.0000380 seconds
102.137: Application time: 0.0392950 seconds
102.137: [GC [PSYoungGen: 7696K->512K(8192K)] 20494K->13310K(26112K), 0.0004190 secs] [Times: user=0.00 sys=0.00, real=0.00 secs] 
102.137: Total time for which application threads were stopped: 0.0005140 seconds, Stopping threads took: 0.0000380 seconds
102.177: Application time: 0.0397200 seconds
102.177: [GC [PSYoungGen: 7680K->480K(8192K)] 20478K->13278K(26112K), 0.0004230 secs] [Times: user=0.00 sys=0.00, real=0.00 secs] 
102.177: Total time for which application threads were stopped: 0.0005350 seconds, Stopping threads took: 0.0000530 seconds
102.216: Application time: 0.0386810 seconds
102.216: [GC [PSYoungGen: 7648K->512K(8192K)] 20446K->13310K(26112K), 0.0004170 secs] [Times: user=0.00 sys=0.00, real=0.00 secs] 
102.217: Total time for which application threads were stopped: 0.0005170 seconds, Stopping threads took: 0.0000440 seconds
102.256: Application time: 0.0394230 seconds
102.256: [GC [PSYoungGen: 7680K->496K(8192K)] 20478K->13294K(26112K), 0.0004130 secs] [Times: user=0.00 sys=0.00, real=0.00 secs] 
102.257: Total time for which application threads were stopped: 0.0005190 seconds, Stopping threads took: 0.0000500 seconds
102.296: Application time: 0.0394180 seconds
102.296: [GC [PSYoungGen: 7664K->480K(8192K)] 20462K->13278K(26112K), 0.0004150 secs] [Times: user=0.00 sys=0.00, real=0.00 secs] 
102.297: Total time for which application threads were stopped: 0.0005120 seconds, Stopping threads took: 0.0000420 seconds
102.336: Application time: 0.0393220 seconds
102.337: [GC [PSYoungGen: 7648K->464K(8192K)] 20446K->13262K(26112K), 0.0004930 secs] [Times: user=0.00 sys=0.00, real=0.00 secs] 
102.338: Total time for which application threads were stopped: 0.0017250 seconds, Stopping threads took: 0.0011710 seconds
102.377: Application time: 0.0392790 seconds
102.377: [GC [PSYoungGen: 7632K->512K(8192K)] 20430K->13310K(26112K), 0.0004380 secs] [Times: user=0.00 sys=0.00, real=0.00 secs] 
102.377: Total time for which application threads were stopped: 0.0005410 seconds, Stopping threads took: 0.0000470 seconds
102.418: Application time: 0.0400800 seconds
102.418: [GC [PSYoungGen: 7680K->368K(8192K)] 20478K->13322K(26112K), 0.0004400 secs] [Times: user=0.01 sys=0.00, real=0.00 secs] 
102.418: Total time for which application threads were stopped: 0.0005330 seconds, Stopping threads took: 0.0000380 seconds
102.457: Application time: 0.0392790 seconds
102.457: [GC [PSYoungGen: 7536K->352K(8192K)] 20490K->13362K(26112K), 0.0003960 secs] [Times: user=0.00 sys=0.00, real=0.00 secs] 
102.458: Total time for which application threads were stopped: 0.0004980 seconds, Stopping threads took: 0.0000470 seconds
102.497: Application time: 0.0394900 seconds
102.497: [GC [PSYoungGen: 7520K->304K(8192K)] 20530K->13402K(26112K), 0.0003710 secs] [Times: user=0.01 sys=0.00, real=0.00 secs] 
102.498: Total time for which application threads were stopped: 0.0004690 seconds, Stopping threads took: 0.0000440 seconds
102.537: Application time: 0.0393880 seconds
102.537: [GC [PSYoungGen: 7472K->272K(8192K)] 20570K->13370K(26112K), 0.0004040 secs] [Times: user=0.00 sys=0.00, real=0.00 secs] 
102.538: Total time for which application threads were stopped: 0.0004910 seconds, Stopping threads took: 0.0000350 seconds
102.577: Application time: 0.0390230 seconds
102.577: [GC [PSYoungGen: 7440K->272K(8192K)] 20538K->13434K(26112K), 0.0003630 secs] [Times: user=0.01 sys=0.00, real=0.00 secs] 
102.577: Total time for which application threads were stopped: 0.0004670 seconds, Stopping threads took: 0.0000470 seconds
102.615: Application time: 0.0377630 seconds
102.615: [GC [PSYoungGen: 7440K->320K(8192K)] 20602K->13482K(26112K), 0.0004060 secs] [Times: user=0.00 sys=0.00, real=0.00 secs] 
102.615: Total time for which application threads were stopped: 0.0005120 seconds, Stopping threads took: 0.0000420 seconds
102.654: Application time: 0.0385360 seconds
102.654: [GC [PSYoungGen: 7488K->448K(8192K)] 20650K->13610K(26112K), 0.0004270 secs] [Times: user=0.00 sys=0.00, real=0.00 secs] 
102.655: Total time for which application threads were stopped: 0.0005500 seconds, Stopping threads took: 0.0000660 seconds
102.693: Application time: 0.0389300 seconds
102.694: [GC [PSYoungGen: 7616K->432K(8192K)] 20778K->13594K(26112K), 0.0004280 secs] [Times: user=0.00 sys=0.00, real=0.00 secs] 
102.694: Total time for which application threads were stopped: 0.0005280 seconds, Stopping threads took: 0.0000460 seconds
102.733: Application time: 0.0394160 seconds
102.733: [GC [PSYoungGen: 7600K->480K(8192K)] 20762K->13642K(26112K), 0.0004580 secs] [Times: user=0.00 sys=0.00, real=0.00 secs] 
102.734: Total time for which application threads were stopped: 0.0005510 seconds, Stopping threads took: 0.0000380 seconds
102.773: Application time: 0.0389910 seconds
102.773: [GC [PSYoungGen: 7648K->544K(8192K)] 20810K->13706K(26112K), 0.0004710 secs] [Times: user=0.00 sys=0.00, real=0.00 secs] 
102.774: Total time for which application threads were stopped: 0.0005810 seconds, Stopping threads took: 0.0000500 seconds
102.813: Application time: 0.0394530 seconds
102.813: [GC [PSYoungGen: 7712K->528K(8192K)] 20874K->13690K(26112K), 0.0004240 secs] [Times: user=0.00 sys=0.00, real=0.00 secs] 
102.814: Total time for which application threads were stopped: 0.0005200 seconds, Stopping threads took: 0.0000400 seconds
102.853: Application time: 0.0397050 seconds
102.853: [GC [PSYoungGen: 7696K->560K(8192K)] 20858K->13722K(26112K), 0.0004310 secs] [Times: user=0.00 sys=0.00, real=0.00 secs] 
102.854: Total time for which application threads were stopped: 0.0005350 seconds, Stopping threads took: 0.0000480 seconds
102.893: Application time: 0.0392850 seconds
102.893: [GC [PSYoungGen: 7728K->496K(8192K)] 20890K->13658K(26112K), 0.0004160 secs] [Times: user=0.00 sys=0.00, real=0.00 secs] 
102.894: Total time for which application threads were stopped: 0.0005190 seconds, Stopping threads took: 0.0000460 seconds
102.933: Application time: 0.0395650 seconds
102.933: [GC [PSYoungGen: 7664K->512K(8192K)] 20826K->13674K(26112K), 0.0004690 secs] [Times: user=0.00 sys=0.00, real=0.00 secs] 
102.934: Total time for which application threads were stopped: 0.0005870 seconds, Stopping threads took: 0.0000450 seconds
102.973: Application time: 0.0397040 seconds
102.974: [GC [PSYoungGen: 7680K->512K(8192K)] 20842K->13674K(26112K), 0.0004150 secs] [Times: user=0.00 sys=0.00, real=0.00 secs] 
102.974: Total time for which application threads were stopped: 0.0005210 seconds, Stopping threads took: 0.0000500 seconds
103.013: Application time: 0.0391330 seconds
103.013: [GC [PSYoungGen: 7680K->480K(8192K)] 20842K->13642K(26112K), 0.0004220 secs] [Times: user=0.00 sys=0.00, real=0.00 secs] 
103.014: Total time for which application threads were stopped: 0.0005200 seconds, Stopping threads took: 0.0000390 seconds
103.053: Application time: 0.0398370 seconds
103.054: [GC [PSYoungGen: 7648K->512K(8192K)] 20810K->13674K(26112K), 0.0004240 secs] [Times: user=0.00 sys=0.00, real=0.00 secs] 
103.054: Total time for which application threads were stopped: 0.0005270 seconds, Stopping threads took: 0.0000470 seconds
103.093: Application time: 0.0392660 seconds
103.093: [GC [PSYoungGen: 7680K->480K(8192K)] 20842K->13642K(26112K), 0.0004260 secs] [Times: user=0.00 sys=0.00, real=0.00 secs] 
103.094: Total time for which application threads were stopped: 0.0005170 seconds, Stopping threads took: 0.0000370 seconds
103.133: Application time: 0.0393310 seconds
103.133: [GC [PSYoungGen: 7648K->512K(8192K)] 20810K->13674K(26112K), 0.0004420 secs] [Times: user=0.01 sys=0.00, real=0.00 secs] 
103.134: Total time for which application threads were stopped: 0.0005610 seconds, Stopping threads took: 0.0000510 seconds
103.173: Application time: 0.0392770 seconds
103.173: [GC [PSYoungGen: 7680K->448K(8192K)] 20842K->13666K(26112K), 0.0004350 secs] [Times: user=0.00 sys=0.00, real=0.00 secs] 
103.173: Total time for which application threads were stopped: 0.0005340 seconds, Stopping threads took: 0.0000410 seconds
103.213: Application time: 0.0397940 seconds
103.213: [GC [PSYoungGen: 7616K->352K(8192K)] 20834K->13698K(26112K), 0.0004250 secs] [Times: user=0.00 sys=0.00, real=0.00 secs] 
103.214: Total time for which application threads were stopped: 0.0005310 seconds, Stopping threads took: 0.0000490 seconds
103.254: Application time: 0.0397570 seconds
103.254: [GC [PSYoungGen: 7520K->288K(8192K)] 20866K->13730K(26112K), 0.0003890 secs] [Times: user=0.00 sys=0.00, real=0.00 secs] 
103.254: Total time for which application threads were stopped: 0.0004860 seconds, Stopping threads took: 0.0000410 seconds
103.293: Application time: 0.0392580 seconds
103.293: [GC [PSYoungGen: 7456K->272K(8192K)] 20898K->13778K(26112K), 0.0003750 secs] [Times: user=0.00 sys=0.00, real=0.00 secs] 
103.294: Total time for which application threads were stopped: 0.0004840 seconds, Stopping threads took: 0.0000520 seconds
103.333: Application time: 0.0393150 seconds
103.333: [GC [PSYoungGen: 7440K->272K(8192K)] 20946K->13778K(26112K), 0.0004110 secs] [Times: user=0.00 sys=0.00, real=0.00 secs] 
103.334: Total time for which application threads were stopped: 0.0005100 seconds, Stopping threads took: 0.0000450 seconds
103.372: Application time: 0.0388860 seconds
103.373: [GC [PSYoungGen: 7440K->320K(8192K)] 20946K->13882K(26112K), 0.0003980 secs] [Times: user=0.00 sys=0.00, real=0.00 secs] 
103.373: Total time for which application threads were stopped: 0.0004940 seconds, Stopping threads took: 0.0000420 seconds
103.411: Application time: 0.0379720 seconds
103.411: [GC [PSYoungGen: 7488K->368K(8192K)] 21050K->13930K(26112K), 0.0003970 secs] [Times: user=0.01 sys=0.00, real=0.00 secs] 
103.411: Total time for which application threads were stopped: 0.0004970 seconds, Stopping threads took: 0.0000430 seconds
103.449: Application time: 0.0377530 seconds
103.449: [GC [PSYoungGen: 7536K->480K(8192K)] 21098K->14042K(26112K), 0.0004530 secs] [Times: user=0.00 sys=0.00, real=0.00 secs] 
103.450: Total time for which application threads were stopped: 0.0005510 seconds, Stopping threads took: 0.0000450 seconds
103.490: Application time: 0.0397950 seconds
103.490: [GC [PSYoungGen: 7648K->496K(8192K)] 21210K->14058K(26112K), 0.0004660 secs] [Times: user=0.00 sys=0.00, real=0.00 secs] 
103.490: Total time for which application threads were stopped: 0.0005610 seconds, Stopping threads took: 0.0000400 seconds
103.530: Application time: 0.0396140 seconds
103.530: [GC [PSYoungGen: 7664K->496K(8192K)] 21226K->14058K(26112K), 0.0004310 secs] [Times: user=0.00 sys=0.00, real=0.00 secs] 
103.530: Total time for which application threads were stopped: 0.0005280 seconds, Stopping threads took: 0.0000410 seconds
103.569: Application time: 0.0390590 seconds
103.569: [GC [PSYoungGen: 7664K->512K(8192K)] 21226K->14074K(26112K), 0.0004360 secs] [Times: user=0.00 sys=0.00, real=0.00 secs] 
103.570: Total time for which application threads were stopped: 0.0005290 seconds, Stopping threads took: 0.0000370 seconds
103.609: Application time: 0.0392500 seconds
103.609: [GC [PSYoungGen: 7680K->480K(8192K)] 21242K->14042K(26112K), 0.0004090 secs] [Times: user=0.00 sys=0.00, real=0.00 secs] 
103.610: Total time for which application threads were stopped: 0.0005080 seconds, Stopping threads took: 0.0000440 seconds
103.649: Application time: 0.0392990 seconds
103.649: [GC [PSYoungGen: 7648K->496K(8192K)] 21210K->14058K(26112K), 0.0005150 secs] [Times: user=0.00 sys=0.00, real=0.01 secs] 
103.650: Total time for which application threads were stopped: 0.0006210 seconds, Stopping threads took: 0.0000430 seconds
103.689: Application time: 0.0393060 seconds
103.689: [GC [PSYoungGen: 7664K->480K(8192K)] 21226K->14042K(26112K), 0.0004330 secs] [Times: user=0.00 sys=0.00, real=0.01 secs] 
103.689: Total time for which application threads were stopped: 0.0005290 seconds, Stopping threads took: 0.0000390 seconds
103.730: Application time: 0.0401900 seconds
103.730: [GC [PSYoungGen: 7648K->528K(8192K)] 21210K->14090K(26112K), 0.0004570 secs] [Times: user=0.00 sys=0.00, real=0.00 secs] 
103.730: Total time for which application threads were stopped: 0.0005550 seconds, Stopping threads took: 0.0000420 seconds
103.769: Application time: 0.0391540 seconds
103.769: [GC [PSYoungGen: 7696K->512K(8192K)] 21258K->14074K(26112K), 0.0004540 secs] [Times: user=0.00 sys=0.00, real=0.00 secs] 
103.770: Total time for which application threads were stopped: 0.0005510 seconds, Stopping threads took: 0.0000430 seconds
103.809: Application time: 0.0390360 seconds
103.809: [GC [PSYoungGen: 7680K->512K(8192K)] 21242K->14074K(26112K), 0.0004270 secs] [Times: user=0.00 sys=0.00, real=0.01 secs] 
103.809: Total time for which application threads were stopped: 0.0005250 seconds, Stopping threads took: 0.0000400 seconds
103.849: Application time: 0.0392280 seconds
103.853: [GC [PSYoungGen: 7680K->496K(8192K)] 21242K->14058K(26112K), 0.0004640 secs] [Times: user=0.00 sys=0.00, real=0.00 secs] 
103.854: Total time for which application threads were stopped: 0.0049410 seconds, Stopping threads took: 0.0044200 seconds
103.893: Application time: 0.0392760 seconds
103.893: [GC [PSYoungGen: 7664K->512K(8192K)] 21226K->14074K(26112K), 0.0004290 secs] [Times: user=0.00 sys=0.00, real=0.00 secs] 
103.893: Total time for which application threads were stopped: 0.0005230 seconds, Stopping threads took: 0.0000370 seconds
103.933: Application time: 0.0393180 seconds
103.933: [GC [PSYoungGen: 7680K->496K(8192K)] 21242K->14058K(26112K), 0.0004740 secs] [Times: user=0.00 sys=0.00, real=0.00 secs] 
103.933: Total time for which application threads were stopped: 0.0005980 seconds, Stopping threads took: 0.0000570 seconds
103.973: Application time: 0.0392410 seconds
103.973: [GC [PSYoungGen: 7664K->416K(8192K)] 21226K->14066K(26112K), 0.0004230 secs] [Times: user=0.00 sys=0.00, real=0.00 secs] 
103.973: Total time for which application threads were stopped: 0.0005320 seconds, Stopping threads took: 0.0000530 seconds
104.013: Application time: 0.0400090 seconds
104.013: [GC [PSYoungGen: 7584K->336K(8192K)] 21234K->14082K(26112K), 0.0004200 secs] [Times: user=0.00 sys=0.00, real=0.00 secs] 
104.014: Total time for which application threads were stopped: 0.0005140 seconds, Stopping threads took: 0.0000400 seconds
104.053: Application time: 0.0393260 seconds
104.053: [GC [PSYoungGen: 7504K->240K(8192K)] 21250K->14103K(26112K), 0.0004780 secs] [Times: user=0.00 sys=0.00, real=0.00 secs] 
104.053: Total time for which application threads were stopped: 0.0005730 seconds, Stopping threads took: 0.0000410 seconds
104.093: Application time: 0.0393530 seconds
104.093: [GC [PSYoungGen: 7408K->272K(8192K)] 21271K->14134K(26112K), 0.0003880 secs] [Times: user=0.00 sys=0.00, real=0.00 secs] 
104.093: Total time for which application threads were stopped: 0.0005100 seconds, Stopping threads took: 0.0000660 seconds
104.133: Application time: 0.0392860 seconds
104.133: [GC [PSYoungGen: 7440K->240K(8192K)] 21302K->14103K(26112K), 0.0004530 secs] [Times: user=0.00 sys=0.00, real=0.00 secs] 
104.133: Total time for which application threads were stopped: 0.0005500 seconds, Stopping threads took: 0.0000420 seconds
104.172: Application time: 0.0386220 seconds
104.172: [GC [PSYoungGen: 7408K->288K(8192K)] 21271K->14215K(26112K), 0.0003860 secs] [Times: user=0.00 sys=0.00, real=0.00 secs] 
104.172: Total time for which application threads were stopped: 0.0004930 seconds, Stopping threads took: 0.0000390 seconds
104.209: Application time: 0.0367570 seconds
104.209: [GC [PSYoungGen: 7456K->432K(8192K)] 21383K->14359K(26112K), 0.0004780 secs] [Times: user=0.01 sys=0.00, real=0.00 secs] 
104.210: Total time for which application threads were stopped: 0.0005820 seconds, Stopping threads took: 0.0000430 seconds
104.249: Application time: 0.0390510 seconds
104.249: [GC [PSYoungGen: 7600K->448K(8192K)] 21527K->14375K(26112K), 0.0005320 secs] [Times: user=0.00 sys=0.00, real=0.01 secs] 
104.249: Total time for which application threads were stopped: 0.0006320 seconds, Stopping threads took: 0.0000430 seconds
104.289: Application time: 0.0394560 seconds
104.289: [GC [PSYoungGen: 7616K->448K(8192K)] 21543K->14375K(26112K), 0.0004140 secs] [Times: user=0.00 sys=0.00, real=0.01 secs] 
104.289: Total time for which application threads were stopped: 0.0005160 seconds, Stopping threads took: 0.0000470 seconds
104.329: Application time: 0.0396590 seconds
104.329: [GC [PSYoungGen: 7616K->464K(8192K)] 21543K->14391K(26112K), 0.0004480 secs] [Times: user=0.00 sys=0.00, real=0.00 secs] 
104.330: Total time for which application threads were stopped: 0.0005460 seconds, Stopping threads took: 0.0000420 seconds
104.368: Application time: 0.0387530 seconds
104.368: [GC [PSYoungGen: 7632K->496K(8192K)] 21559K->14423K(26112K), 0.0004200 secs] [Times: user=0.00 sys=0.00, real=0.00 secs] 
104.369: Total time for which application threads were stopped: 0.0005240 seconds, Stopping threads took: 0.0000460 seconds
104.408: Application time: 0.0394530 seconds
104.408: [GC [PSYoungGen: 7664K->512K(8192K)] 21591K->14439K(26112K), 0.0004730 secs] [Times: user=0.00 sys=0.00, real=0.00 secs] 
104.409: Total time for which application threads were stopped: 0.0005680 seconds, Stopping threads took: 0.0000400 seconds
104.448: Application time: 0.0396410 seconds
104.449: [GC [PSYoungGen: 7680K->480K(8192K)] 21607K->14407K(26112K), 0.0004180 secs] [Times: user=0.00 sys=0.00, real=0.00 secs] 
104.449: Total time for which application threads were stopped: 0.0005250 seconds, Stopping threads took: 0.0000500 seconds
104.488: Application time: 0.0392620 seconds
104.488: [GC [PSYoungGen: 7648K->512K(8192K)] 21575K->14439K(26112K), 0.0004340 secs] [Times: user=0.00 sys=0.00, real=0.00 secs] 
104.489: Total time for which application threads were stopped: 0.0005520 seconds, Stopping threads took: 0.0000610 seconds
104.528: Application time: 0.0393070 seconds
104.528: [GC [PSYoungGen: 7680K->448K(8192K)] 21607K->14375K(26112K), 0.0004680 secs] [Times: user=0.00 sys=0.00, real=0.00 secs] 
104.529: Total time for which application threads were stopped: 0.0005650 seconds, Stopping threads took: 0.0000390 seconds
104.568: Application time: 0.0394570 seconds
104.568: [GC [PSYoungGen: 7616K->480K(8192K)] 21543K->14407K(26112K), 0.0004550 secs] [Times: user=0.00 sys=0.00, real=0.00 secs] 
104.569: Total time for which application threads were stopped: 0.0005600 seconds, Stopping threads took: 0.0000400 seconds
104.608: Application time: 0.0388650 seconds
104.608: [GC [PSYoungGen: 7648K->528K(8192K)] 21575K->14455K(26112K), 0.0004290 secs] [Times: user=0.00 sys=0.00, real=0.00 secs] 
104.608: Total time for which application threads were stopped: 0.0005320 seconds, Stopping threads took: 0.0000450 seconds
104.647: Application time: 0.0392730 seconds
104.647: [GC [PSYoungGen: 7696K->512K(8192K)] 21623K->14439K(26112K), 0.0004740 secs] [Times: user=0.00 sys=0.00, real=0.00 secs] 
104.648: Total time for which application threads were stopped: 0.0005700 seconds, Stopping threads took: 0.0000390 seconds
104.688: Application time: 0.0395840 seconds
104.688: [GC [PSYoungGen: 7680K->496K(8192K)] 21607K->14423K(26112K), 0.0004550 secs] [Times: user=0.00 sys=0.00, real=0.00 secs] 
104.688: Total time for which application threads were stopped: 0.0005760 seconds, Stopping threads took: 0.0000590 seconds
104.727: Application time: 0.0393380 seconds
104.728: [GC [PSYoungGen: 7664K->512K(8192K)] 21591K->14439K(26112K), 0.0004210 secs] [Times: user=0.00 sys=0.00, real=0.00 secs] 
104.728: Total time for which application threads were stopped: 0.0005270 seconds, Stopping threads took: 0.0000490 seconds
104.767: Application time: 0.0392710 seconds
104.767: [GC [PSYoungGen: 7680K->416K(8192K)] 21607K->14423K(26112K), 0.0004620 secs] [Times: user=0.00 sys=0.00, real=0.00 secs] 
104.768: Total time for which application threads were stopped: 0.0005630 seconds, Stopping threads took: 0.0000440 seconds
104.807: Application time: 0.0394770 seconds
104.807: [GC [PSYoungGen: 7584K->304K(8192K)] 21591K->14463K(26112K), 0.0004220 secs] [Times: user=0.00 sys=0.00, real=0.00 secs] 
104.808: Total time for which application threads were stopped: 0.0005210 seconds, Stopping threads took: 0.0000450 seconds
104.847: Application time: 0.0394620 seconds
104.847: [GC [PSYoungGen: 7472K->272K(8192K)] 21631K->14479K(26112K), 0.0003770 secs] [Times: user=0.00 sys=0.00, real=0.00 secs] 
104.848: Total time for which application threads were stopped: 0.0004790 seconds, Stopping threads took: 0.0000460 seconds
104.887: Application time: 0.0395030 seconds
104.887: [GC [PSYoungGen: 7440K->272K(8192K)] 21647K->14479K(26112K), 0.0003700 secs] [Times: user=0.00 sys=0.00, real=0.00 secs] 
104.888: Total time for which application threads were stopped: 0.0004710 seconds, Stopping threads took: 0.0000470 seconds
104.927: Application time: 0.0389480 seconds
104.929: [GC [PSYoungGen: 7440K->288K(8192K)] 21647K->14495K(26112K), 0.0004220 secs] [Times: user=0.01 sys=0.00, real=0.00 secs] 
104.930: Total time for which application threads were stopped: 0.0028650 seconds, Stopping threads took: 0.0023780 seconds
104.968: Application time: 0.0384380 seconds
104.968: [GC [PSYoungGen: 7456K->352K(8192K)] 21663K->14607K(26112K), 0.0003920 secs] [Times: user=0.00 sys=0.00, real=0.00 secs] 
104.968: Total time for which application threads were stopped: 0.0004940 seconds, Stopping threads took: 0.0000440 seconds
105.006: Application time: 0.0373190 seconds
105.006: [GC [PSYoungGen: 7520K->480K(8192K)] 21775K->14735K(26112K), 0.0004410 secs] [Times: user=0.00 sys=0.00, real=0.00 secs] 
105.006: Total time for which application threads were stopped: 0.0005500 seconds, Stopping threads took: 0.0000480 seconds
105.046: Application time: 0.0394760 seconds
105.046: [GC [PSYoungGen: 7648K->480K(8192K)] 21903K->14735K(26112K), 0.0004170 secs] [Times: user=0.00 sys=0.00, real=0.00 secs] 
105.046: Total time for which application threads were stopped: 0.0005190 seconds, Stopping threads took: 0.0000460 seconds
105.087: Application time: 0.0404340 seconds
105.087: [GC [PSYoungGen: 7648K->464K(8192K)] 21903K->14719K(26112K), 0.0004360 secs] [Times: user=0.00 sys=0.00, real=0.00 secs] 
105.087: Total time for which application threads were stopped: 0.0005410 seconds, Stopping threads took: 0.0000460 seconds
105.127: Application time: 0.0393750 seconds
105.127: [GC [PSYoungGen: 7632K->432K(8192K)] 21887K->14687K(26112K), 0.0004290 secs] [Times: user=0.01 sys=0.00, real=0.00 secs] 
105.127: Total time for which application threads were stopped: 0.0005300 seconds, Stopping threads took: 0.0000450 seconds
105.166: Application time: 0.0389230 seconds
105.166: [GC [PSYoungGen: 7600K->544K(8192K)] 21855K->14799K(26112K), 0.0004280 secs] [Times: user=0.00 sys=0.00, real=0.00 secs] 
105.167: Total time for which application threads were stopped: 0.0005280 seconds, Stopping threads took: 0.0000430 seconds
105.206: Application time: 0.0392730 seconds
105.206: [GC [PSYoungGen: 7712K->512K(8192K)] 21967K->14767K(26112K), 0.0004270 secs] [Times: user=0.00 sys=0.00, real=0.00 secs] 
105.207: Total time for which application threads were stopped: 0.0005350 seconds, Stopping threads took: 0.0000410 seconds
105.246: Application time: 0.0393680 seconds
105.246: [GC [PSYoungGen: 7680K->496K(8192K)] 21935K->14751K(26112K), 0.0004360 secs] [Times: user=0.00 sys=0.00, real=0.00 secs] 
105.246: Total time for which application threads were stopped: 0.0005310 seconds, Stopping threads took: 0.0000360 seconds
105.286: Application time: 0.0392000 seconds
105.286: [GC [PSYoungGen: 7664K->528K(8192K)] 21919K->14783K(26112K), 0.0004420 secs] [Times: user=0.00 sys=0.00, real=0.00 secs] 
105.287: Total time for which application threads were stopped: 0.0015820 seconds, Stopping threads took: 0.0000460 seconds
105.327: Application time: 0.0394700 seconds
105.327: [GC [PSYoungGen: 7696K->480K(8192K)] 21951K->14735K(26112K), 0.0004380 secs] [Times: user=0.00 sys=0.00, real=0.00 secs] 
105.327: Total time for which application threads were stopped: 0.0005410 seconds, Stopping threads took: 0.0000410 seconds
105.366: Application time: 0.0391450 seconds
105.366: [GC [PSYoungGen: 7648K->544K(8192K)] 21903K->14799K(26112K), 0.0004290 secs] [Times: user=0.00 sys=0.00, real=0.00 secs] 
105.367: Total time for which application threads were stopped: 0.0005360 seconds, Stopping threads took: 0.0000510 seconds
105.406: Application time: 0.0391700 seconds
105.406: [GC [PSYoungGen: 7712K->480K(8192K)] 21967K->14735K(26112K), 0.0004180 secs] [Times: user=0.01 sys=0.00, real=0.00 secs] 
105.407: Total time for which application threads were stopped: 0.0005190 seconds, Stopping threads took: 0.0000440 seconds
105.446: Application time: 0.0395640 seconds
105.446: [GC [PSYoungGen: 7648K->512K(8192K)] 21903K->14767K(26112K), 0.0004530 secs] [Times: user=0.00 sys=0.00, real=0.00 secs] 
105.447: Total time for which application threads were stopped: 0.0005660 seconds, Stopping threads took: 0.0000580 seconds
105.486: Application time: 0.0393340 seconds
105.486: [GC [PSYoungGen: 7680K->528K(8192K)] 21935K->14783K(26112K), 0.0004130 secs] [Times: user=0.00 sys=0.00, real=0.00 secs] 
105.487: Total time for which application threads were stopped: 0.0005110 seconds, Stopping threads took: 0.0000400 seconds
105.526: Application time: 0.0397280 seconds
105.526: [GC [PSYoungGen: 7696K->416K(8192K)] 21951K->14719K(26112K), 0.0004960 secs] [Times: user=0.00 sys=0.00, real=0.00 secs] 
105.527: Total time for which application threads were stopped: 0.0005920 seconds, Stopping threads took: 0.0000420 seconds
105.566: Application time: 0.0393050 seconds
105.566: [GC [PSYoungGen: 7584K->368K(8192K)] 21887K->14771K(26112K), 0.0004180 secs] [Times: user=0.00 sys=0.00, real=0.00 secs] 
105.567: Total time for which application threads were stopped: 0.0005180 seconds, Stopping threads took: 0.0000430 seconds
105.606: Application time: 0.0394710 seconds
105.606: [GC [PSYoungGen: 7536K->272K(8192K)] 21939K->14811K(26112K), 0.0005110 secs] [Times: user=0.01 sys=0.00, real=0.00 secs] 
105.607: Total time for which application threads were stopped: 0.0006040 seconds, Stopping threads took: 0.0000370 seconds
105.646: Application time: 0.0392790 seconds
105.646: [GC [PSYoungGen: 7440K->272K(8192K)] 21979K->14811K(26112K), 0.0004030 secs] [Times: user=0.00 sys=0.00, real=0.00 secs] 
105.647: Total time for which application threads were stopped: 0.0005080 seconds, Stopping threads took: 0.0000500 seconds
105.686: Application time: 0.0396520 seconds
105.686: [GC [PSYoungGen: 7440K->272K(8192K)] 21979K->14811K(26112K), 0.0003780 secs] [Times: user=0.00 sys=0.00, real=0.00 secs] 
105.687: Total time for which application threads were stopped: 0.0004690 seconds, Stopping threads took: 0.0000370 seconds
105.725: Application time: 0.0388080 seconds
105.729: [GC [PSYoungGen: 7440K->304K(8192K)] 21979K->14843K(26112K), 0.0003980 secs] [Times: user=0.00 sys=0.00, real=0.00 secs] 
105.730: Total time for which application threads were stopped: 0.0040080 seconds, Stopping threads took: 0.0035420 seconds
105.767: Application time: 0.0378480 seconds
105.767: [GC [PSYoungGen: 7460K->368K(8192K)] 22000K->14955K(26112K), 0.0004260 secs] [Times: user=0.00 sys=0.00, real=0.00 secs] 
105.768: Total time for which application threads were stopped: 0.0005290 seconds, Stopping threads took: 0.0000450 seconds
105.806: Application time: 0.0379480 seconds
105.806: [GC [PSYoungGen: 7536K->464K(8192K)] 22123K->15051K(26112K), 0.0004220 secs] [Times: user=0.00 sys=0.00, real=0.00 secs] 
105.806: Total time for which application threads were stopped: 0.0005190 seconds, Stopping threads took: 0.0000390 seconds
105.846: Application time: 0.0397650 seconds
105.846: [GC [PSYoungGen: 7632K->432K(8192K)] 22219K->15019K(26112K), 0.0004980 secs] [Times: user=0.00 sys=0.00, real=0.00 secs] 
105.847: Total time for which application threads were stopped: 0.0005990 seconds, Stopping threads took: 0.0000450 seconds
105.887: Application time: 0.0399210 seconds
105.887: [GC [PSYoungGen: 7600K->448K(8192K)] 22187K->15035K(26112K), 0.0004670 secs] [Times: user=0.00 sys=0.00, real=0.00 secs] 
105.887: Total time for which application threads were stopped: 0.0005610 seconds, Stopping threads took: 0.0000400 seconds
105.927: Application time: 0.0394930 seconds
105.927: [GC [PSYoungGen: 7616K->464K(8192K)] 22203K->15051K(26112K), 0.0004610 secs] [Times: user=0.00 sys=0.00, real=0.00 secs] 
105.927: Total time for which application threads were stopped: 0.0005760 seconds, Stopping threads took: 0.0000490 seconds
105.967: Application time: 0.0393280 seconds
105.967: [GC [PSYoungGen: 7632K->496K(8192K)] 22219K->15083K(26112K), 0.0004280 secs] [Times: user=0.01 sys=0.00, real=0.00 secs] 
105.967: Total time for which application threads were stopped: 0.0005390 seconds, Stopping threads took: 0.0000520 seconds
106.007: Application time: 0.0399880 seconds
106.007: [GC [PSYoungGen: 7664K->528K(8192K)] 22251K->15115K(26112K), 0.0004170 secs] [Times: user=0.00 sys=0.00, real=0.00 secs] 
106.008: Total time for which application threads were stopped: 0.0005190 seconds, Stopping threads took: 0.0000440 seconds
106.047: Application time: 0.0396110 seconds
106.047: [GC [PSYoungGen: 7696K->512K(8192K)] 22283K->15099K(26112K), 0.0004620 secs] [Times: user=0.00 sys=0.00, real=0.00 secs] 
106.048: Total time for which application threads were stopped: 0.0005710 seconds, Stopping threads took: 0.0000520 seconds
106.087: Application time: 0.0393060 seconds
106.087: [GC [PSYoungGen: 7680K->528K(8192K)] 22267K->15115K(26112K), 0.0004150 secs] [Times: user=0.00 sys=0.00, real=0.00 secs] 
106.088: Total time for which application threads were stopped: 0.0005120 seconds, Stopping threads took: 0.0000410 seconds
106.127: Application time: 0.0395730 seconds
106.127: [GC [PSYoungGen: 7696K->512K(8192K)] 22283K->15099K(26112K), 0.0004470 secs] [Times: user=0.01 sys=0.00, real=0.00 secs] 
106.128: Total time for which application threads were stopped: 0.0005530 seconds, Stopping threads took: 0.0000470 seconds
106.167: Application time: 0.0389920 seconds
106.167: [GC [PSYoungGen: 7680K->496K(8192K)] 22267K->15083K(26112K), 0.0004320 secs] [Times: user=0.00 sys=0.00, real=0.00 secs] 
106.167: Total time for which application threads were stopped: 0.0005380 seconds, Stopping threads took: 0.0000470 seconds
106.207: Application time: 0.0397730 seconds
106.207: [GC [PSYoungGen: 7664K->528K(8192K)] 22251K->15115K(26112K), 0.0004390 secs] [Times: user=0.00 sys=0.00, real=0.00 secs] 
106.208: Total time for which application threads were stopped: 0.0005470 seconds, Stopping threads took: 0.0000440 seconds
106.247: Application time: 0.0393390 seconds
106.247: [GC [PSYoungGen: 7696K->512K(8192K)] 22283K->15099K(26112K), 0.0004820 secs] [Times: user=0.00 sys=0.00, real=0.00 secs] 
106.248: Total time for which application threads were stopped: 0.0005840 seconds, Stopping threads took: 0.0000390 seconds
106.287: Application time: 0.0391740 seconds
106.287: [GC [PSYoungGen: 7680K->464K(8192K)] 22267K->15051K(26112K), 0.0004160 secs] [Times: user=0.00 sys=0.00, real=0.00 secs] 
106.287: Total time for which application threads were stopped: 0.0005170 seconds, Stopping threads took: 0.0000450 seconds
106.327: Application time: 0.0392550 seconds
106.327: [GC [PSYoungGen: 7632K->416K(8192K)] 22219K->15103K(26112K), 0.0004540 secs] [Times: user=0.00 sys=0.00, real=0.00 secs] 
106.327: Total time for which application threads were stopped: 0.0005600 seconds, Stopping threads took: 0.0000480 seconds
106.367: Application time: 0.0397380 seconds
106.367: [GC [PSYoungGen: 7584K->320K(8192K)] 22271K->15111K(26112K), 0.0004550 secs] [Times: user=0.00 sys=0.00, real=0.00 secs] 
106.367: Total time for which application threads were stopped: 0.0005500 seconds, Stopping threads took: 0.0000390 seconds
106.407: Application time: 0.0395590 seconds
106.407: [GC [PSYoungGen: 7488K->272K(8192K)] 22279K->15167K(26112K), 0.0003730 secs] [Times: user=0.00 sys=0.00, real=0.00 secs] 
106.407: Total time for which application threads were stopped: 0.0004700 seconds, Stopping threads took: 0.0000420 seconds
106.447: Application time: 0.0392640 seconds
106.447: [GC [PSYoungGen: 7440K->304K(8192K)] 22335K->15199K(26112K), 0.0004080 secs] [Times: user=0.00 sys=0.00, real=0.00 secs] 
106.447: Total time for which application threads were stopped: 0.0004990 seconds, Stopping threads took: 0.0000360 seconds
106.486: Application time: 0.0388960 seconds
106.486: [GC [PSYoungGen: 7472K->320K(8192K)] 22367K->15215K(26112K), 0.0003710 secs] [Times: user=0.01 sys=0.00, real=0.00 secs] 
106.487: Total time for which application threads were stopped: 0.0004720 seconds, Stopping threads took: 0.0000460 seconds
106.525: Application time: 0.0385510 seconds
106.525: [GC [PSYoungGen: 7488K->304K(8192K)] 22383K->15223K(26112K), 0.0003900 secs] [Times: user=0.01 sys=0.00, real=0.00 secs] 
106.526: Total time for which application threads were stopped: 0.0004890 seconds, Stopping threads took: 0.0000430 seconds
106.563: Application time: 0.0370670 seconds
106.563: [GC [PSYoungGen: 7472K->464K(8192K)] 22391K->15419K(26112K), 0.0004150 secs] [Times: user=0.00 sys=0.00, real=0.00 secs] 
106.563: Total time for which application threads were stopped: 0.0005140 seconds, Stopping threads took: 0.0000420 seconds
106.602: Application time: 0.0391890 seconds
106.602: [GC [PSYoungGen: 7632K->480K(8192K)] 22587K->15435K(26112K), 0.0004260 secs] [Times: user=0.00 sys=0.00, real=0.00 secs] 
106.603: Total time for which application threads were stopped: 0.0005290 seconds, Stopping threads took: 0.0000490 seconds
106.642: Application time: 0.0393010 seconds
106.642: [GC [PSYoungGen: 7648K->464K(8192K)] 22603K->15419K(26112K), 0.0004240 secs] [Times: user=0.01 sys=0.00, real=0.00 secs] 
106.643: Total time for which application threads were stopped: 0.0005160 seconds, Stopping threads took: 0.0000370 seconds
106.683: Application time: 0.0398100 seconds
106.683: [GC [PSYoungGen: 7632K->448K(8192K)] 22587K->15403K(26112K), 0.0004250 secs] [Times: user=0.01 sys=0.00, real=0.00 secs] 
106.683: Total time for which application threads were stopped: 0.0005360 seconds, Stopping threads took: 0.0000540 seconds
106.722: Application time: 0.0386330 seconds
106.722: [GC [PSYoungGen: 7616K->528K(8192K)] 22571K->15483K(26112K), 0.0004220 secs] [Times: user=0.01 sys=0.00, real=0.00 secs] 
106.722: Total time for which application threads were stopped: 0.0005230 seconds, Stopping threads took: 0.0000430 seconds
106.762: Application time: 0.0397820 seconds
106.762: [GC [PSYoungGen: 7696K->512K(8192K)] 22651K->15467K(26112K), 0.0004440 secs] [Times: user=0.01 sys=0.00, real=0.00 secs] 
106.763: Total time for which application threads were stopped: 0.0005550 seconds, Stopping threads took: 0.0000460 seconds
106.802: Application time: 0.0395040 seconds
106.802: [GC [PSYoungGen: 7680K->496K(8192K)] 22635K->15451K(26112K), 0.0004650 secs] [Times: user=0.00 sys=0.00, real=0.00 secs] 
106.803: Total time for which application threads were stopped: 0.0005600 seconds, Stopping threads took: 0.0000440 seconds
106.842: Application time: 0.0393560 seconds
106.842: [GC [PSYoungGen: 7664K->464K(8192K)] 22619K->15419K(26112K), 0.0005170 secs] [Times: user=0.00 sys=0.00, real=0.00 secs] 
106.843: Total time for which application threads were stopped: 0.0006230 seconds, Stopping threads took: 0.0000510 seconds
106.882: Application time: 0.0392860 seconds
106.882: [GC [PSYoungGen: 7632K->512K(8192K)] 22587K->15467K(26112K), 0.0004400 secs] [Times: user=0.00 sys=0.00, real=0.00 secs] 
106.882: Total time for which application threads were stopped: 0.0005410 seconds, Stopping threads took: 0.0000460 seconds
106.923: Application time: 0.0404600 seconds
106.923: [GC [PSYoungGen: 7680K->480K(8192K)] 22635K->15435K(26112K), 0.0005170 secs] [Times: user=0.00 sys=0.00, real=0.00 secs] 
106.924: Total time for which application threads were stopped: 0.0006340 seconds, Stopping threads took: 0.0000520 seconds
106.963: Application time: 0.0391500 seconds
106.963: [GC [PSYoungGen: 7648K->480K(8192K)] 22603K->15435K(26112K), 0.0004110 secs] [Times: user=0.00 sys=0.00, real=0.00 secs] 
106.963: Total time for which application threads were stopped: 0.0005150 seconds, Stopping threads took: 0.0000470 seconds
107.002: Application time: 0.0392820 seconds
107.003: [GC [PSYoungGen: 7648K->496K(8192K)] 22603K->15451K(26112K), 0.0004800 secs] [Times: user=0.00 sys=0.00, real=0.00 secs] 
107.003: Total time for which application threads were stopped: 0.0005690 seconds, Stopping threads took: 0.0000350 seconds
107.043: Application time: 0.0394940 seconds
107.045: [GC [PSYoungGen: 7664K->496K(8192K)] 22619K->15451K(26112K), 0.0004550 secs] [Times: user=0.00 sys=0.00, real=0.00 secs] 
107.046: Total time for which application threads were stopped: 0.0030120 seconds, Stopping threads took: 0.0025020 seconds
107.085: Application time: 0.0392230 seconds
107.085: [GC [PSYoungGen: 7664K->464K(8192K)] 22619K->15475K(26112K), 0.0004290 secs] [Times: user=0.01 sys=0.00, real=0.00 secs] 
107.085: Total time for which application threads were stopped: 0.0005330 seconds, Stopping threads took: 0.0000480 seconds
107.125: Application time: 0.0393240 seconds
107.125: [GC [PSYoungGen: 7632K->432K(8192K)] 22643K->15483K(26112K), 0.0004250 secs] [Times: user=0.00 sys=0.00, real=0.00 secs] 
107.125: Total time for which application threads were stopped: 0.0005330 seconds, Stopping threads took: 0.0000510 seconds
107.165: Application time: 0.0396580 seconds
107.165: [GC [PSYoungGen: 7600K->272K(8192K)] 22651K->15500K(26112K), 0.0004650 secs] [Times: user=0.00 sys=0.00, real=0.00 secs] 
107.165: Total time for which application threads were stopped: 0.0005680 seconds, Stopping threads took: 0.0000450 seconds
107.206: Application time: 0.0405280 seconds
107.206: [GC [PSYoungGen: 7440K->272K(8192K)] 22668K->15500K(26112K), 0.0003730 secs] [Times: user=0.00 sys=0.00, real=0.00 secs] 
107.206: Total time for which application threads were stopped: 0.0004700 seconds, Stopping threads took: 0.0000420 seconds
107.246: Application time: 0.0393100 seconds
107.246: [GC [PSYoungGen: 7440K->272K(8192K)] 22668K->15500K(26112K), 0.0003740 secs] [Times: user=0.00 sys=0.00, real=0.00 secs] 
107.246: Total time for which application threads were stopped: 0.0004790 seconds, Stopping threads took: 0.0000520 seconds
107.285: Application time: 0.0389490 seconds
107.285: [GC [PSYoungGen: 7440K->288K(8192K)] 22668K->15516K(26112K), 0.0003850 secs] [Times: user=0.00 sys=0.00, real=0.00 secs] 
107.286: Total time for which application threads were stopped: 0.0005000 seconds, Stopping threads took: 0.0000490 seconds
107.324: Application time: 0.0388090 seconds
107.325: [GC [PSYoungGen: 7456K->288K(8192K)] 22684K->15572K(26112K), 0.0004090 secs] [Times: user=0.00 sys=0.00, real=0.00 secs] 
107.325: Total time for which application threads were stopped: 0.0005160 seconds, Stopping threads took: 0.0000500 seconds
107.362: Application time: 0.0374570 seconds
107.363: [GC [PSYoungGen: 7456K->432K(8192K)] 22740K->15716K(26112K), 0.0004160 secs] [Times: user=0.00 sys=0.00, real=0.00 secs] 
107.363: Total time for which application threads were stopped: 0.0005270 seconds, Stopping threads took: 0.0000520 seconds
107.402: Application time: 0.0388140 seconds
107.405: [GC [PSYoungGen: 7600K->480K(8192K)] 22884K->15764K(26112K), 0.0004280 secs] [Times: user=0.00 sys=0.00, real=0.00 secs] 
107.406: Total time for which application threads were stopped: 0.0037600 seconds, Stopping threads took: 0.0032710 seconds
107.445: Application time: 0.0397350 seconds
107.445: [GC [PSYoungGen: 7648K->464K(8192K)] 22932K->15748K(26112K), 0.0004450 secs] [Times: user=0.00 sys=0.00, real=0.00 secs] 
107.446: Total time for which application threads were stopped: 0.0005530 seconds, Stopping threads took: 0.0000510 seconds
107.485: Application time: 0.0396440 seconds
107.486: [GC [PSYoungGen: 7632K->464K(8192K)] 22916K->15748K(26112K), 0.0004290 secs] [Times: user=0.00 sys=0.00, real=0.00 secs] 
107.486: Total time for which application threads were stopped: 0.0005270 seconds, Stopping threads took: 0.0000410 seconds
107.525: Application time: 0.0389190 seconds
107.525: [GC [PSYoungGen: 7632K->512K(8192K)] 22916K->15796K(26112K), 0.0004790 secs] [Times: user=0.01 sys=0.00, real=0.00 secs] 
107.526: Total time for which application threads were stopped: 0.0005810 seconds, Stopping threads took: 0.0000440 seconds
107.565: Application time: 0.0392560 seconds
107.565: [GC [PSYoungGen: 7680K->496K(8192K)] 22964K->15780K(26112K), 0.0004260 secs] [Times: user=0.00 sys=0.00, real=0.00 secs] 
107.565: Total time for which application threads were stopped: 0.0005220 seconds, Stopping threads took: 0.0000400 seconds
107.605: Application time: 0.0394230 seconds
107.605: [GC [PSYoungGen: 7664K->464K(8192K)] 22948K->15748K(26112K), 0.0004420 secs] [Times: user=0.01 sys=0.00, real=0.00 secs] 
107.605: Total time for which application threads were stopped: 0.0005380 seconds, Stopping threads took: 0.0000360 seconds
107.645: Application time: 0.0398680 seconds
107.645: [GC [PSYoungGen: 7632K->464K(8192K)] 22916K->15748K(26112K), 0.0004400 secs] [Times: user=0.01 sys=0.00, real=0.00 secs] 
107.646: Total time for which application threads were stopped: 0.0005490 seconds, Stopping threads took: 0.0000510 seconds
107.685: Application time: 0.0392940 seconds
107.685: [GC [PSYoungGen: 7632K->464K(8192K)] 22916K->15748K(26112K), 0.0004500 secs] [Times: user=0.00 sys=0.00, real=0.00 secs] 
107.686: Total time for which application threads were stopped: 0.0005570 seconds, Stopping threads took: 0.0000530 seconds
107.725: Application time: 0.0392990 seconds
107.729: [GC [PSYoungGen: 7632K->480K(8192K)] 22916K->15764K(26112K), 0.0004700 secs] [Times: user=0.00 sys=0.00, real=0.00 secs] 
107.730: Total time for which application threads were stopped: 0.0047540 seconds, Stopping threads took: 0.0042210 seconds
107.769: Application time: 0.0392140 seconds
107.769: [GC [PSYoungGen: 7648K->496K(8192K)] 22932K->15780K(26112K), 0.0004330 secs] [Times: user=0.00 sys=0.00, real=0.01 secs] 
107.769: Total time for which application threads were stopped: 0.0005390 seconds, Stopping threads took: 0.0000490 seconds
107.809: Application time: 0.0393500 seconds
107.809: [GC [PSYoungGen: 7664K->448K(8192K)] 22948K->15732K(26112K), 0.0004330 secs] [Times: user=0.00 sys=0.00, real=0.01 secs] 
107.809: Total time for which application threads were stopped: 0.0005540 seconds, Stopping threads took: 0.0000520 seconds
107.848: Application time: 0.0392220 seconds
107.849: [GC [PSYoungGen: 7616K->496K(8192K)] 22900K->15780K(26112K), 0.0004430 secs] [Times: user=0.01 sys=0.00, real=0.00 secs] 
107.849: Total time for which application threads were stopped: 0.0005570 seconds, Stopping threads took: 0.0000470 seconds
107.889: Application time: 0.0397970 seconds
107.893: [GC [PSYoungGen: 7664K->464K(8192K)] 22948K->15796K(26112K), 0.0004320 secs] [Times: user=0.00 sys=0.00, real=0.00 secs] 
107.894: Total time for which application threads were stopped: 0.0047370 seconds, Stopping threads took: 0.0042450 seconds
107.933: Application time: 0.0397970 seconds
107.933: [GC [PSYoungGen: 7632K->448K(8192K)] 22964K->15820K(26112K), 0.0004590 secs] [Times: user=0.01 sys=0.00, real=0.00 secs] 
107.934: Total time for which application threads were stopped: 0.0005730 seconds, Stopping threads took: 0.0000490 seconds
107.973: Application time: 0.0394340 seconds
107.973: [GC [PSYoungGen: 7616K->288K(8192K)] 22988K->15804K(26112K), 0.0004090 secs] [Times: user=0.00 sys=0.00, real=0.00 secs] 
107.974: Total time for which application threads were stopped: 0.0005120 seconds, Stopping threads took: 0.0000470 seconds
108.013: Application time: 0.0393700 seconds
108.013: [GC [PSYoungGen: 7456K->272K(8192K)] 22972K->15836K(26112K), 0.0004420 secs] [Times: user=0.00 sys=0.00, real=0.00 secs] 
108.014: Total time for which application threads were stopped: 0.0005430 seconds, Stopping threads took: 0.0000440 seconds
108.053: Application time: 0.0393820 seconds
108.053: [GC [PSYoungGen: 7440K->272K(8192K)] 23004K->15836K(26112K), 0.0003760 secs] [Times: user=0.00 sys=0.00, real=0.00 secs] 
108.054: Total time for which application threads were stopped: 0.0004760 seconds, Stopping threads took: 0.0000470 seconds
108.093: Application time: 0.0390100 seconds
108.093: [GC [PSYoungGen: 7440K->288K(8192K)] 23004K->15852K(26112K), 0.0004040 secs] [Times: user=0.00 sys=0.00, real=0.00 secs] 
108.093: Total time for which application threads were stopped: 0.0005050 seconds, Stopping threads took: 0.0000430 seconds
108.131: Application time: 0.0376640 seconds
108.131: [GC [PSYoungGen: 7454K->400K(8192K)] 23018K->16020K(26112K), 0.0004450 secs] [Times: user=0.01 sys=0.00, real=0.00 secs] 
108.131: Total time for which application threads were stopped: 0.0005470 seconds, Stopping threads took: 0.0000450 seconds
108.169: Application time: 0.0378090 seconds
108.169: [GC [PSYoungGen: 7568K->464K(8192K)] 23188K->16084K(26112K), 0.0004190 secs] [Times: user=0.00 sys=0.00, real=0.00 secs] 
108.170: Total time for which application threads were stopped: 0.0005230 seconds, Stopping threads took: 0.0000470 seconds
108.210: Application time: 0.0397880 seconds
108.210: [GC [PSYoungGen: 7632K->432K(8192K)] 23252K->16052K(26112K), 0.0004640 secs] [Times: user=0.00 sys=0.00, real=0.00 secs] 
108.210: Total time for which application threads were stopped: 0.0005660 seconds, Stopping threads took: 0.0000450 seconds
108.249: Application time: 0.0392150 seconds
108.249: [GC [PSYoungGen: 7600K->464K(8192K)] 23220K->16084K(26112K), 0.0005210 secs] [Times: user=0.01 sys=0.00, real=0.00 secs] 
108.250: Total time for which application threads were stopped: 0.0006170 seconds, Stopping threads took: 0.0000410 seconds
108.289: Application time: 0.0390490 seconds
108.289: [GC [PSYoungGen: 7632K->480K(8192K)] 23252K->16100K(26112K), 0.0004280 secs] [Times: user=0.00 sys=0.00, real=0.00 secs] 
108.289: Total time for which application threads were stopped: 0.0005330 seconds, Stopping threads took: 0.0000440 seconds
108.329: Application time: 0.0394090 seconds
108.329: [GC [PSYoungGen: 7648K->512K(8192K)] 23268K->16132K(26112K), 0.0004520 secs] [Times: user=0.00 sys=0.00, real=0.01 secs] 
108.329: Total time for which application threads were stopped: 0.0005620 seconds, Stopping threads took: 0.0000440 seconds
108.369: Application time: 0.0393450 seconds
108.369: [GC [PSYoungGen: 7680K->480K(8192K)] 23300K->16100K(26112K), 0.0004360 secs] [Times: user=0.00 sys=0.00, real=0.01 secs] 
108.369: Total time for which application threads were stopped: 0.0005350 seconds, Stopping threads took: 0.0000420 seconds
108.410: Application time: 0.0401600 seconds
108.410: [GC [PSYoungGen: 7648K->512K(8192K)] 23268K->16132K(26112K), 0.0004690 secs] [Times: user=0.00 sys=0.00, real=0.00 secs] 
108.410: Total time for which application threads were stopped: 0.0005610 seconds, Stopping threads took: 0.0000370 seconds
108.449: Application time: 0.0392290 seconds
108.449: [GC [PSYoungGen: 7680K->512K(8192K)] 23300K->16132K(26112K), 0.0004520 secs] [Times: user=0.00 sys=0.00, real=0.00 secs] 
108.450: Total time for which application threads were stopped: 0.0005680 seconds, Stopping threads took: 0.0000600 seconds
108.489: Application time: 0.0392070 seconds
108.489: [GC [PSYoungGen: 7680K->480K(8192K)] 23300K->16100K(26112K), 0.0004310 secs] [Times: user=0.00 sys=0.00, real=0.00 secs] 
108.490: Total time for which application threads were stopped: 0.0005300 seconds, Stopping threads took: 0.0000430 seconds
108.529: Application time: 0.0390740 seconds
108.529: [GC [PSYoungGen: 7648K->480K(8192K)] 23268K->16100K(26112K), 0.0004710 secs] [Times: user=0.00 sys=0.00, real=0.01 secs] 
108.529: Total time for which application threads were stopped: 0.0005630 seconds, Stopping threads took: 0.0000360 seconds
108.568: Application time: 0.0391500 seconds
108.568: [GC [PSYoungGen: 7648K->512K(8192K)] 23268K->16132K(26112K), 0.0004610 secs] [Times: user=0.00 sys=0.00, real=0.00 secs] 
108.569: Total time for which application threads were stopped: 0.0005560 seconds, Stopping threads took: 0.0000410 seconds
108.608: Application time: 0.0392430 seconds
108.608: [GC [PSYoungGen: 7680K->496K(8192K)] 23300K->16116K(26112K), 0.0004680 secs] [Times: user=0.00 sys=0.00, real=0.00 secs] 
108.609: Total time for which application threads were stopped: 0.0005750 seconds, Stopping threads took: 0.0000500 seconds
108.649: Application time: 0.0398450 seconds
108.649: [GC [PSYoungGen: 7664K->496K(8192K)] 23284K->16116K(26112K), 0.0004290 secs] [Times: user=0.01 sys=0.00, real=0.01 secs] 
108.649: Total time for which application threads were stopped: 0.0005390 seconds, Stopping threads took: 0.0000540 seconds
108.688: Application time: 0.0392680 seconds
108.689: [GC [PSYoungGen: 7664K->464K(8192K)] 23284K->16124K(26112K), 0.0004320 secs] [Times: user=0.00 sys=0.00, real=0.00 secs] 
108.689: Total time for which application threads were stopped: 0.0005330 seconds, Stopping threads took: 0.0000440 seconds
108.728: Application time: 0.0394360 seconds
108.728: [GC [PSYoungGen: 7632K->368K(8192K)] 23292K->16140K(26112K), 0.0004320 secs] [Times: user=0.00 sys=0.00, real=0.00 secs] 
108.729: Total time for which application threads were stopped: 0.0005350 seconds, Stopping threads took: 0.0000460 seconds
108.769: Application time: 0.0395820 seconds
108.769: [GC [PSYoungGen: 7536K->272K(8192K)] 23308K->16172K(26112K), 0.0004060 secs] [Times: user=0.00 sys=0.00, real=0.01 secs] 
108.769: Total time for which application threads were stopped: 0.0005160 seconds, Stopping threads took: 0.0000510 seconds
108.809: Application time: 0.0397730 seconds
108.809: [GC [PSYoungGen: 7440K->272K(8192K)] 23340K->16172K(26112K), 0.0003630 secs] [Times: user=0.00 sys=0.00, real=0.01 secs] 
108.809: Total time for which application threads were stopped: 0.0004570 seconds, Stopping threads took: 0.0000390 seconds
108.848: Application time: 0.0383700 seconds
108.848: [GC [PSYoungGen: 7440K->320K(8192K)] 23340K->16220K(26112K), 0.0003810 secs] [Times: user=0.00 sys=0.00, real=0.00 secs] 
108.848: Total time for which application threads were stopped: 0.0004960 seconds, Stopping threads took: 0.0000410 seconds
108.887: Application time: 0.0388820 seconds
108.887: [GC [PSYoungGen: 7488K->288K(8192K)] 23388K->16244K(26112K), 0.0003920 secs] [Times: user=0.00 sys=0.00, real=0.00 secs] 
108.888: Total time for which application threads were stopped: 0.0004870 seconds, Stopping threads took: 0.0000380 seconds
108.926: Application time: 0.0386490 seconds
108.926: [GC [PSYoungGen: 7456K->400K(8192K)] 23412K->16356K(26112K), 0.0004300 secs] [Times: user=0.00 sys=0.00, real=0.00 secs] 
108.927: Total time for which application threads were stopped: 0.0005370 seconds, Stopping threads took: 0.0000420 seconds
108.965: Application time: 0.0380720 seconds
108.965: [GC [PSYoungGen: 7568K->448K(8192K)] 23524K->16404K(26112K), 0.0004490 secs] [Times: user=0.00 sys=0.00, real=0.00 secs] 
108.965: Total time for which application threads were stopped: 0.0005460 seconds, Stopping threads took: 0.0000390 seconds
109.005: Application time: 0.0395390 seconds
109.005: [GC [PSYoungGen: 7616K->464K(8192K)] 23572K->16420K(26112K), 0.0004710 secs] [Times: user=0.01 sys=0.00, real=0.00 secs] 
109.005: Total time for which application threads were stopped: 0.0005800 seconds, Stopping threads took: 0.0000530 seconds
109.045: Application time: 0.0393650 seconds
109.045: [GC [PSYoungGen: 7632K->480K(8192K)] 23588K->16436K(26112K), 0.0004300 secs] [Times: user=0.00 sys=0.00, real=0.00 secs] 
109.045: Total time for which application threads were stopped: 0.0005380 seconds, Stopping threads took: 0.0000510 seconds
109.084: Application time: 0.0389150 seconds
109.084: [GC [PSYoungGen: 7648K->512K(8192K)] 23604K->16468K(26112K), 0.0004310 secs] [Times: user=0.00 sys=0.00, real=0.00 secs] 
109.085: Total time for which application threads were stopped: 0.0005360 seconds, Stopping threads took: 0.0000490 seconds
109.124: Application time: 0.0393080 seconds
109.124: [GC [PSYoungGen: 7680K->512K(8192K)] 23636K->16468K(26112K), 0.0004290 secs] [Times: user=0.00 sys=0.00, real=0.00 secs] 
109.125: Total time for which application threads were stopped: 0.0005240 seconds, Stopping threads took: 0.0000390 seconds
109.164: Application time: 0.0396840 seconds
109.164: [GC [PSYoungGen: 7680K->496K(8192K)] 23636K->16452K(26112K), 0.0004810 secs] [Times: user=0.00 sys=0.00, real=0.00 secs] 
109.165: Total time for which application threads were stopped: 0.0005800 seconds, Stopping threads took: 0.0000430 seconds
109.204: Application time: 0.0392570 seconds
109.205: [GC [PSYoungGen: 7664K->496K(8192K)] 23620K->16452K(26112K), 0.0004480 secs] [Times: user=0.00 sys=0.00, real=0.00 secs] 
109.206: Total time for which application threads were stopped: 0.0013850 seconds, Stopping threads took: 0.0008790 seconds
109.245: Application time: 0.0392840 seconds
109.245: [GC [PSYoungGen: 7664K->496K(8192K)] 23620K->16452K(26112K), 0.0004200 secs] [Times: user=0.01 sys=0.00, real=0.00 secs] 
109.245: Total time for which application threads were stopped: 0.0005160 seconds, Stopping threads took: 0.0000390 seconds
109.285: Application time: 0.0393950 seconds
109.285: [GC [PSYoungGen: 7664K->512K(8192K)] 23620K->16468K(26112K), 0.0004480 secs] [Times: user=0.00 sys=0.00, real=0.00 secs] 
109.285: Total time for which application threads were stopped: 0.0005520 seconds, Stopping threads took: 0.0000480 seconds
109.325: Application time: 0.0393260 seconds
109.325: [GC [PSYoungGen: 7680K->528K(8192K)] 23636K->16484K(26112K), 0.0004370 secs] [Times: user=0.00 sys=0.00, real=0.00 secs] 
109.325: Total time for which application threads were stopped: 0.0005610 seconds, Stopping threads took: 0.0000660 seconds
109.364: Application time: 0.0392660 seconds
109.365: [GC [PSYoungGen: 7696K->496K(8192K)] 23652K->16452K(26112K), 0.0004210 secs] [Times: user=0.00 sys=0.00, real=0.00 secs] 
109.365: Total time for which application threads were stopped: 0.0005330 seconds, Stopping threads took: 0.0000440 seconds
109.404: Application time: 0.0391790 seconds
109.404: [GC [PSYoungGen: 7664K->496K(8192K)] 23620K->16452K(26112K), 0.0004330 secs] [Times: user=0.00 sys=0.00, real=0.00 secs] 
109.405: Total time for which application threads were stopped: 0.0005280 seconds, Stopping threads took: 0.0000380 seconds
109.444: Application time: 0.0394810 seconds
109.444: [GC [PSYoungGen: 7664K->464K(8192K)] 23620K->16476K(26112K), 0.0004730 secs] [Times: user=0.00 sys=0.00, real=0.00 secs] 
109.445: Total time for which application threads were stopped: 0.0005700 seconds, Stopping threads took: 0.0000390 seconds
109.484: Application time: 0.0396810 seconds
109.485: [GC [PSYoungGen: 7632K->400K(8192K)] 23644K->16468K(26112K), 0.0004500 secs] [Times: user=0.01 sys=0.00, real=0.00 secs] 
109.485: Total time for which application threads were stopped: 0.0005580 seconds, Stopping threads took: 0.0000440 seconds
109.524: Application time: 0.0393000 seconds
109.524: [GC [PSYoungGen: 7568K->304K(8192K)] 23636K->16496K(26112K), 0.0004580 secs] [Times: user=0.00 sys=0.00, real=0.00 secs] 
109.525: Total time for which application threads were stopped: 0.0005540 seconds, Stopping threads took: 0.0000400 seconds
109.564: Application time: 0.0394870 seconds
109.564: [GC [PSYoungGen: 7472K->304K(8192K)] 23664K->16584K(26112K), 0.0004130 secs] [Times: user=0.01 sys=0.00, real=0.00 secs] 
109.565: Total time for which application threads were stopped: 0.0005070 seconds, Stopping threads took: 0.0000390 seconds
109.604: Application time: 0.0394140 seconds
109.604: [GC [PSYoungGen: 7472K->272K(8192K)] 23752K->16552K(26112K), 0.0003780 secs] [Times: user=0.00 sys=0.00, real=0.00 secs] 
109.605: Total time for which application threads were stopped: 0.0004840 seconds, Stopping threads took: 0.0000500 seconds
109.644: Application time: 0.0388580 seconds
109.644: [GC [PSYoungGen: 7440K->288K(8192K)] 23720K->16568K(26112K), 0.0004220 secs] [Times: user=0.00 sys=0.00, real=0.00 secs] 
109.644: Total time for which application threads were stopped: 0.0005190 seconds, Stopping threads took: 0.0000430 seconds
109.683: Application time: 0.0388260 seconds
109.683: [GC [PSYoungGen: 7456K->320K(8192K)] 23736K->16648K(26112K), 0.0003830 secs] [Times: user=0.00 sys=0.00, real=0.00 secs] 
109.683: Total time for which application threads were stopped: 0.0004820 seconds, Stopping threads took: 0.0000450 seconds
109.723: Application time: 0.0395440 seconds
109.723: [GC [PSYoungGen: 7488K->432K(8192K)] 23816K->16760K(26112K), 0.0004570 secs] [Times: user=0.00 sys=0.00, real=0.00 secs] 
109.724: Total time for which application threads were stopped: 0.0005780 seconds, Stopping threads took: 0.0000520 seconds
109.763: Application time: 0.0389590 seconds
109.763: [GC [PSYoungGen: 7600K->480K(8192K)] 23928K->16808K(26112K), 0.0004830 secs] [Times: user=0.01 sys=0.00, real=0.00 secs] 
109.763: Total time for which application threads were stopped: 0.0005920 seconds, Stopping threads took: 0.0000520 seconds
109.802: Application time: 0.0393150 seconds
109.803: [GC [PSYoungGen: 7648K->432K(8192K)] 23976K->16760K(26112K), 0.0004270 secs] [Times: user=0.00 sys=0.00, real=0.00 secs] 
109.803: Total time for which application threads were stopped: 0.0005260 seconds, Stopping threads took: 0.0000440 seconds
109.843: Application time: 0.0397190 seconds
109.843: [GC [PSYoungGen: 7600K->416K(8192K)] 23928K->16744K(26112K), 0.0004270 secs] [Times: user=0.00 sys=0.00, real=0.00 secs] 
109.843: Total time for which application threads were stopped: 0.0005260 seconds, Stopping threads took: 0.0000420 seconds
109.882: Application time: 0.0385570 seconds
109.882: [GC [PSYoungGen: 7583K->512K(8192K)] 23912K->16840K(26112K), 0.0004220 secs] [Times: user=0.00 sys=0.00, real=0.00 secs] 
109.882: Total time for which application threads were stopped: 0.0005430 seconds, Stopping threads took: 0.0000490 seconds
109.922: Application time: 0.0400440 seconds
109.922: [GC [PSYoungGen: 7680K->544K(8192K)] 24008K->16872K(26112K), 0.0005210 secs] [Times: user=0.00 sys=0.00, real=0.00 secs] 
109.923: Total time for which application threads were stopped: 0.0006360 seconds, Stopping threads took: 0.0000510 seconds
109.962: Application time: 0.0391080 seconds
109.962: [GC [PSYoungGen: 7712K->512K(8192K)] 24040K->16840K(26112K), 0.0004610 secs] [Times: user=0.01 sys=0.00, real=0.00 secs] 
109.963: Total time for which application threads were stopped: 0.0005640 seconds, Stopping threads took: 0.0000460 seconds
110.002: Application time: 0.0392430 seconds
110.002: [GC [PSYoungGen: 7680K->496K(8192K)] 24008K->16824K(26112K), 0.0004740 secs] [Times: user=0.00 sys=0.00, real=0.00 secs] 
110.002: Total time for which application threads were stopped: 0.0005710 seconds, Stopping threads took: 0.0000410 seconds
110.042: Application time: 0.0391940 seconds
110.042: [GC [PSYoungGen: 7664K->512K(8192K)] 23992K->16840K(26112K), 0.0004850 secs] [Times: user=0.01 sys=0.00, real=0.00 secs] 
110.042: Total time for which application threads were stopped: 0.0005840 seconds, Stopping threads took: 0.0000450 seconds
110.082: Application time: 0.0401810 seconds
110.083: [GC [PSYoungGen: 7680K->496K(8192K)] 24008K->16824K(26112K), 0.0004720 secs] [Times: user=0.00 sys=0.00, real=0.00 secs] 
110.083: Total time for which application threads were stopped: 0.0005850 seconds, Stopping threads took: 0.0000570 seconds
110.122: Application time: 0.0391950 seconds
110.122: [GC [PSYoungGen: 7664K->512K(8192K)] 23992K->16840K(26112K), 0.0004620 secs] [Times: user=0.00 sys=0.00, real=0.00 secs] 
110.123: Total time for which application threads were stopped: 0.0005650 seconds, Stopping threads took: 0.0000460 seconds
110.162: Application time: 0.0391780 seconds
110.162: [GC [PSYoungGen: 7680K->528K(8192K)] 24008K->16856K(26112K), 0.0004230 secs] [Times: user=0.01 sys=0.00, real=0.00 secs] 
110.163: Total time for which application threads were stopped: 0.0005260 seconds, Stopping threads took: 0.0000480 seconds
110.202: Application time: 0.0393000 seconds
110.202: [GC [PSYoungGen: 7696K->512K(8192K)] 24024K->16840K(26112K), 0.0004320 secs] [Times: user=0.00 sys=0.00, real=0.00 secs] 
110.202: Total time for which application threads were stopped: 0.0005360 seconds, Stopping threads took: 0.0000450 seconds
110.242: Application time: 0.0392410 seconds
110.242: [GC [PSYoungGen: 7680K->496K(8192K)] 24008K->16864K(26112K), 0.0004430 secs] [Times: user=0.00 sys=0.00, real=0.00 secs] 
110.242: Total time for which application threads were stopped: 0.0005420 seconds, Stopping threads took: 0.0000420 seconds
110.281: Application time: 0.0391830 seconds
110.281: [GC [PSYoungGen: 7664K->432K(8192K)] 24032K->16848K(26112K), 0.0004570 secs] [Times: user=0.00 sys=0.00, real=0.00 secs] 
110.282: Total time for which application threads were stopped: 0.0005570 seconds, Stopping threads took: 0.0000430 seconds
110.321: Application time: 0.0391530 seconds
110.321: [GC [PSYoungGen: 7600K->304K(8192K)] 24016K->16865K(26112K), 0.0004640 secs] [Times: user=0.00 sys=0.00, real=0.00 secs] 
110.323: Total time for which application threads were stopped: 0.0016310 seconds, Stopping threads took: 0.0000470 seconds
110.363: Application time: 0.0399500 seconds
110.363: [GC [PSYoungGen: 7472K->304K(8192K)] 24033K->16921K(26112K), 0.0004340 secs] [Times: user=0.00 sys=0.00, real=0.00 secs] 
110.363: Total time for which application threads were stopped: 0.0005390 seconds, Stopping threads took: 0.0000480 seconds
110.403: Application time: 0.0393810 seconds
110.403: [GC [PSYoungGen: 7472K->272K(8192K)] 24089K->16889K(26112K), 0.0003790 secs] [Times: user=0.00 sys=0.00, real=0.00 secs] 
110.403: Total time for which application threads were stopped: 0.0005000 seconds, Stopping threads took: 0.0000560 seconds
110.442: Application time: 0.0388740 seconds
110.442: [GC [PSYoungGen: 7440K->288K(8192K)] 24057K->16905K(26112K), 0.0003770 secs] [Times: user=0.00 sys=0.00, real=0.00 secs] 
110.442: Total time for which application threads were stopped: 0.0004770 seconds, Stopping threads took: 0.0000450 seconds
110.481: Application time: 0.0381990 seconds
110.481: [GC [PSYoungGen: 7456K->320K(8192K)] 24073K->16985K(26112K), 0.0004500 secs] [Times: user=0.00 sys=0.00, real=0.01 secs] 
110.481: Total time for which application threads were stopped: 0.0005450 seconds, Stopping threads took: 0.0000370 seconds
110.519: Application time: 0.0374460 seconds
110.519: [GC [PSYoungGen: 7488K->448K(8192K)] 24153K->17113K(26112K), 0.0004150 secs] [Times: user=0.00 sys=0.00, real=0.00 secs] 
110.519: Total time for which application threads were stopped: 0.0005150 seconds, Stopping threads took: 0.0000420 seconds
110.558: Application time: 0.0392820 seconds
110.558: [GC [PSYoungGen: 7616K->432K(8192K)] 24281K->17097K(26112K), 0.0004290 secs] [Times: user=0.00 sys=0.00, real=0.00 secs] 
110.559: Total time for which application threads were stopped: 0.0005410 seconds, Stopping threads took: 0.0000480 seconds
110.598: Application time: 0.0393890 seconds
110.598: [GC [PSYoungGen: 7600K->464K(8192K)] 24265K->17129K(26112K), 0.0004150 secs] [Times: user=0.00 sys=0.00, real=0.00 secs] 
110.599: Total time for which application threads were stopped: 0.0005090 seconds, Stopping threads took: 0.0000380 seconds
110.638: Application time: 0.0390400 seconds
110.638: [GC [PSYoungGen: 7632K->496K(8192K)] 24297K->17161K(26112K), 0.0004800 secs] [Times: user=0.00 sys=0.00, real=0.00 secs] 
110.638: Total time for which application threads were stopped: 0.0005800 seconds, Stopping threads took: 0.0000420 seconds
110.678: Application time: 0.0393650 seconds
110.678: [GC [PSYoungGen: 7664K->512K(8192K)] 24329K->17177K(26112K), 0.0004320 secs] [Times: user=0.00 sys=0.00, real=0.00 secs] 
110.678: Total time for which application threads were stopped: 0.0005320 seconds, Stopping threads took: 0.0000450 seconds
110.718: Application time: 0.0397610 seconds
110.718: [GC [PSYoungGen: 7680K->512K(8192K)] 24345K->17177K(26112K), 0.0004650 secs] [Times: user=0.01 sys=0.00, real=0.00 secs] 
110.719: Total time for which application threads were stopped: 0.0005580 seconds, Stopping threads took: 0.0000390 seconds
110.758: Application time: 0.0392750 seconds
110.758: [GC [PSYoungGen: 7680K->496K(8192K)] 24345K->17161K(26112K), 0.0004170 secs] [Times: user=0.00 sys=0.00, real=0.00 secs] 
110.758: Total time for which application threads were stopped: 0.0005190 seconds, Stopping threads took: 0.0000500 seconds
110.798: Application time: 0.0393030 seconds
110.798: [GC [PSYoungGen: 7664K->496K(8192K)] 24329K->17161K(26112K), 0.0004530 secs] [Times: user=0.01 sys=0.00, real=0.00 secs] 
110.798: Total time for which application threads were stopped: 0.0005480 seconds, Stopping threads took: 0.0000400 seconds
110.838: Application time: 0.0391940 seconds
110.838: [GC [PSYoungGen: 7664K->496K(8192K)] 24329K->17161K(26112K), 0.0004680 secs] [Times: user=0.00 sys=0.00, real=0.00 secs] 
110.838: Total time for which application threads were stopped: 0.0005700 seconds, Stopping threads took: 0.0000430 seconds
110.878: Application time: 0.0396880 seconds
110.878: [GC [PSYoungGen: 7664K->512K(8192K)] 24329K->17177K(26112K), 0.0004760 secs] [Times: user=0.00 sys=0.00, real=0.00 secs] 
110.878: Total time for which application threads were stopped: 0.0005750 seconds, Stopping threads took: 0.0000420 seconds
110.918: Application time: 0.0392900 seconds
110.918: [GC [PSYoungGen: 7680K->496K(8192K)] 24345K->17161K(26112K), 0.0004820 secs] [Times: user=0.00 sys=0.00, real=0.00 secs] 
110.918: Total time for which application threads were stopped: 0.0006040 seconds, Stopping threads took: 0.0000470 seconds
110.957: Application time: 0.0391730 seconds
110.957: [GC [PSYoungGen: 7664K->512K(8192K)] 24329K->17177K(26112K), 0.0004730 secs] [Times: user=0.00 sys=0.00, real=0.00 secs] 
110.958: Total time for which application threads were stopped: 0.0005710 seconds, Stopping threads took: 0.0000440 seconds
110.997: Application time: 0.0394860 seconds
110.998: [GC [PSYoungGen: 7680K->528K(8192K)] 24345K->17193K(26112K), 0.0004680 secs] [Times: user=0.00 sys=0.00, real=0.00 secs] 
110.998: Total time for which application threads were stopped: 0.0005700 seconds, Stopping threads took: 0.0000470 seconds
111.038: Application time: 0.0397320 seconds
111.038: [GC [PSYoungGen: 7696K->480K(8192K)] 24361K->17209K(26112K), 0.0004250 secs] [Times: user=0.00 sys=0.00, real=0.00 secs] 
111.038: Total time for which application threads were stopped: 0.0005310 seconds, Stopping threads took: 0.0000500 seconds
111.078: Application time: 0.0394140 seconds
111.078: [GC [PSYoungGen: 7648K->400K(8192K)] 24377K->17217K(26112K), 0.0004450 secs] [Times: user=0.00 sys=0.00, real=0.00 secs] 
111.078: Total time for which application threads were stopped: 0.0005470 seconds, Stopping threads took: 0.0000470 seconds
111.118: Application time: 0.0392380 seconds
111.118: [GC [PSYoungGen: 7568K->240K(8192K)] 24385K->17201K(26112K), 0.0004830 secs] [Times: user=0.00 sys=0.00, real=0.00 secs] 
111.118: Total time for which application threads were stopped: 0.0005870 seconds, Stopping threads took: 0.0000390 seconds
111.157: Application time: 0.0392940 seconds
111.157: [GC [PSYoungGen: 7408K->272K(8192K)] 24369K->17233K(26112K), 0.0003810 secs] [Times: user=0.00 sys=0.00, real=0.00 secs] 
111.158: Total time for which application threads were stopped: 0.0004830 seconds, Stopping threads took: 0.0000470 seconds
111.197: Application time: 0.0391570 seconds
111.197: [GC [PSYoungGen: 7440K->288K(8192K)] 24401K->17249K(26112K), 0.0003790 secs] [Times: user=0.00 sys=0.00, real=0.00 secs] 
111.198: Total time for which application threads were stopped: 0.0004800 seconds, Stopping threads took: 0.0000460 seconds
111.237: Application time: 0.0390630 seconds
111.237: [GC [PSYoungGen: 7456K->288K(8192K)] 24417K->17297K(26112K), 0.0003930 secs] [Times: user=0.00 sys=0.00, real=0.00 secs] 
111.237: Total time for which application threads were stopped: 0.0004950 seconds, Stopping threads took: 0.0000450 seconds
111.275: Application time: 0.0380700 seconds
111.275: [GC [PSYoungGen: 7456K->384K(8192K)] 24465K->17393K(26112K), 0.0003950 secs] [Times: user=0.00 sys=0.00, real=0.00 secs] 
111.276: Total time for which application threads were stopped: 0.0004900 seconds, Stopping threads took: 0.0000380 seconds
111.314: Application time: 0.0381650 seconds
111.314: [GC [PSYoungGen: 7552K->480K(8192K)] 24561K->17489K(26112K), 0.0005040 secs] [Times: user=0.00 sys=0.00, real=0.00 secs] 
111.314: Total time for which application threads were stopped: 0.0006020 seconds, Stopping threads took: 0.0000410 seconds
111.354: Application time: 0.0396930 seconds
111.354: [GC [PSYoungGen: 7648K->448K(8192K)] 24657K->17457K(26112K), 0.0004440 secs] [Times: user=0.00 sys=0.00, real=0.00 secs] 
111.355: Total time for which application threads were stopped: 0.0005350 seconds, Stopping threads took: 0.0000400 seconds
111.394: Application time: 0.0395050 seconds
111.394: [GC [PSYoungGen: 7616K->432K(8192K)] 24625K->17441K(26112K), 0.0004230 secs] [Times: user=0.00 sys=0.00, real=0.00 secs] 
111.395: Total time for which application threads were stopped: 0.0005160 seconds, Stopping threads took: 0.0000390 seconds
111.434: Application time: 0.0390530 seconds
111.434: [GC [PSYoungGen: 7600K->512K(8192K)] 24609K->17521K(26112K), 0.0004850 secs] [Times: user=0.00 sys=0.00, real=0.00 secs] 
111.434: Total time for which application threads were stopped: 0.0005960 seconds, Stopping threads took: 0.0000400 seconds
111.474: Application time: 0.0392880 seconds
111.474: [GC [PSYoungGen: 7680K->496K(8192K)] 24689K->17505K(26112K), 0.0004350 secs] [Times: user=0.01 sys=0.00, real=0.00 secs] 
111.474: Total time for which application threads were stopped: 0.0005410 seconds, Stopping threads took: 0.0000500 seconds
111.514: Application time: 0.0398920 seconds
111.514: [GC [PSYoungGen: 7664K->528K(8192K)] 24673K->17537K(26112K), 0.0004440 secs] [Times: user=0.00 sys=0.00, real=0.00 secs] 
111.515: Total time for which application threads were stopped: 0.0005500 seconds, Stopping threads took: 0.0000490 seconds
111.554: Application time: 0.0392010 seconds
111.557: [GC [PSYoungGen: 7696K->480K(8192K)] 24705K->17489K(26112K), 0.0004780 secs] [Times: user=0.00 sys=0.00, real=0.00 secs] 
111.558: Total time for which application threads were stopped: 0.0037760 seconds, Stopping threads took: 0.0032390 seconds
111.597: Application time: 0.0392530 seconds
111.597: [GC [PSYoungGen: 7648K->512K(8192K)] 24657K->17521K(26112K), 0.0004600 secs] [Times: user=0.00 sys=0.00, real=0.00 secs] 
111.597: Total time for which application threads were stopped: 0.0005660 seconds, Stopping threads took: 0.0000470 seconds
111.637: Application time: 0.0393370 seconds
111.637: [GC [PSYoungGen: 7680K->512K(8192K)] 24689K->17521K(26112K), 0.0004230 secs] [Times: user=0.00 sys=0.00, real=0.00 secs] 
111.637: Total time for which application threads were stopped: 0.0005260 seconds, Stopping threads took: 0.0000460 seconds
111.677: Application time: 0.0392450 seconds
111.677: [GC [PSYoungGen: 7680K->528K(8192K)] 24689K->17537K(26112K), 0.0004590 secs] [Times: user=0.00 sys=0.00, real=0.00 secs] 
111.677: Total time for which application threads were stopped: 0.0005680 seconds, Stopping threads took: 0.0000510 seconds
111.717: Application time: 0.0395390 seconds
111.717: [GC [PSYoungGen: 7696K->496K(8192K)] 24705K->17505K(26112K), 0.0004930 secs] [Times: user=0.00 sys=0.00, real=0.00 secs] 
111.717: Total time for which application threads were stopped: 0.0005930 seconds, Stopping threads took: 0.0000440 seconds
111.757: Application time: 0.0399610 seconds
111.757: [GC [PSYoungGen: 7664K->480K(8192K)] 24673K->17489K(26112K), 0.0004810 secs] [Times: user=0.01 sys=0.00, real=0.00 secs] 
111.758: Total time for which application threads were stopped: 0.0005760 seconds, Stopping threads took: 0.0000380 seconds
111.797: Application time: 0.0392570 seconds
111.801: [GC [PSYoungGen: 7648K->464K(8192K)] 24657K->17529K(26112K), 0.0005070 secs] [Times: user=0.00 sys=0.00, real=0.00 secs] 
111.802: Total time for which application threads were stopped: 0.0046040 seconds, Stopping threads took: 0.0040390 seconds
111.841: Application time: 0.0395410 seconds
111.841: [GC [PSYoungGen: 7632K->400K(8192K)] 24697K->17521K(26112K), 0.0004840 secs] [Times: user=0.00 sys=0.00, real=0.00 secs] 
111.842: Total time for which application threads were stopped: 0.0005820 seconds, Stopping threads took: 0.0000430 seconds
111.881: Application time: 0.0397410 seconds
111.882: [GC [PSYoungGen: 7568K->336K(8192K)] 24689K->17545K(26112K), 0.0004580 secs] [Times: user=0.00 sys=0.00, real=0.00 secs] 
111.882: Total time for which application threads were stopped: 0.0005540 seconds, Stopping threads took: 0.0000400 seconds
111.922: Application time: 0.0394820 seconds
111.922: [GC [PSYoungGen: 7504K->304K(8192K)] 24713K->17641K(26112K), 0.0004840 secs] [Times: user=0.01 sys=0.00, real=0.00 secs] 
111.922: Total time for which application threads were stopped: 0.0005940 seconds, Stopping threads took: 0.0000460 seconds
111.962: Application time: 0.0394800 seconds
111.962: [GC [PSYoungGen: 7472K->272K(8192K)] 24809K->17609K(26112K), 0.0003810 secs] [Times: user=0.00 sys=0.00, real=0.00 secs] 
111.962: Total time for which application threads were stopped: 0.0004850 seconds, Stopping threads took: 0.0000380 seconds
112.001: Application time: 0.0388360 seconds
112.001: [GC [PSYoungGen: 7440K->256K(8192K)] 24777K->17593K(26112K), 0.0004670 secs] [Times: user=0.00 sys=0.00, real=0.01 secs] 
112.001: Total time for which application threads were stopped: 0.0005670 seconds, Stopping threads took: 0.0000430 seconds
112.040: Application time: 0.0387960 seconds
112.040: [GC [PSYoungGen: 7424K->320K(8192K)] 24761K->17705K(26112K), 0.0005250 secs] [Times: user=0.00 sys=0.00, real=0.00 secs] 
112.041: Total time for which application threads were stopped: 0.0006290 seconds, Stopping threads took: 0.0000420 seconds
112.079: Application time: 0.0379630 seconds
112.079: [GC [PSYoungGen: 7488K->368K(8192K)] 24873K->17753K(26112K), 0.0004060 secs] [Times: user=0.00 sys=0.00, real=0.00 secs] 
112.079: Total time for which application threads were stopped: 0.0005050 seconds, Stopping threads took: 0.0000420 seconds
112.118: Application time: 0.0389080 seconds
112.118: [GC [PSYoungGen: 7536K->448K(8192K)] 24921K->17833K(26112K), 0.0004320 secs] [Times: user=0.01 sys=0.00, real=0.00 secs] 
112.119: Total time for which application threads were stopped: 0.0005320 seconds, Stopping threads took: 0.0000440 seconds
112.158: Application time: 0.0393380 seconds
112.158: [GC [PSYoungGen: 7616K->448K(8192K)] 25001K->17833K(26112K), 0.0004370 secs] [Times: user=0.00 sys=0.00, real=0.00 secs] 
112.159: Total time for which application threads were stopped: 0.0005280 seconds, Stopping threads took: 0.0000370 seconds
112.198: Application time: 0.0394460 seconds
112.198: [GC [PSYoungGen: 7616K->448K(8192K)] 25001K->17833K(26112K), 0.0004120 secs] [Times: user=0.00 sys=0.00, real=0.00 secs] 
112.199: Total time for which application threads were stopped: 0.0005220 seconds, Stopping threads took: 0.0000440 seconds
112.238: Application time: 0.0389850 seconds
112.238: [GC [PSYoungGen: 7616K->480K(8192K)] 25001K->17865K(26112K), 0.0004670 secs] [Times: user=0.00 sys=0.00, real=0.00 secs] 
112.238: Total time for which application threads were stopped: 0.0005670 seconds, Stopping threads took: 0.0000430 seconds
112.278: Application time: 0.0394450 seconds
112.278: [GC [PSYoungGen: 7648K->496K(8192K)] 25033K->17881K(26112K), 0.0004310 secs] [Times: user=0.00 sys=0.00, real=0.00 secs] 
112.278: Total time for which application threads were stopped: 0.0005260 seconds, Stopping threads took: 0.0000400 seconds
112.317: Application time: 0.0392830 seconds
112.318: [GC [PSYoungGen: 7664K->496K(8192K)] 25049K->17881K(26112K), 0.0004280 secs] [Times: user=0.00 sys=0.00, real=0.00 secs] 
112.318: Total time for which application threads were stopped: 0.0005270 seconds, Stopping threads took: 0.0000430 seconds
112.358: Application time: 0.0400460 seconds
112.358: [GC [PSYoungGen: 7664K->480K(8192K)] 25049K->17865K(26112K), 0.0004380 secs] [Times: user=0.00 sys=0.00, real=0.00 secs] 
112.359: Total time for which application threads were stopped: 0.0005390 seconds, Stopping threads took: 0.0000450 seconds
112.398: Application time: 0.0392080 seconds
112.398: [GC [PSYoungGen: 7648K->448K(8192K)] 25033K->17833K(26112K), 0.0004560 secs] [Times: user=0.01 sys=0.00, real=0.00 secs] 
112.398: Total time for which application threads were stopped: 0.0005520 seconds, Stopping threads took: 0.0000430 seconds
112.438: Application time: 0.0391980 seconds
112.438: [GC [PSYoungGen: 7616K->480K(8192K)] 25001K->17865K(26112K), 0.0004530 secs] [Times: user=0.00 sys=0.00, real=0.00 secs] 
112.438: Total time for which application threads were stopped: 0.0005750 seconds, Stopping threads took: 0.0000630 seconds
112.477: Application time: 0.0391770 seconds
112.477: [GC [PSYoungGen: 7648K->496K(8192K)] 25033K->17881K(26112K), 0.0004310 secs] [Times: user=0.01 sys=0.00, real=0.00 secs] 
112.478: Total time for which application threads were stopped: 0.0005340 seconds, Stopping threads took: 0.0000360 seconds
112.517: Application time: 0.0392200 seconds
112.517: [GC [PSYoungGen: 7664K->496K(8192K)] 25049K->17881K(26112K), 0.0004530 secs] [Times: user=0.00 sys=0.00, real=0.00 secs] 
112.518: Total time for which application threads were stopped: 0.0005530 seconds, Stopping threads took: 0.0000440 seconds
112.557: Application time: 0.0392060 seconds
112.557: [GC [PSYoungGen: 7664K->528K(8192K)] 25049K->17913K(26112K), 0.0004180 secs] [Times: user=0.00 sys=0.00, real=0.00 secs] 
112.557: Total time for which application threads were stopped: 0.0005190 seconds, Stopping threads took: 0.0000450 seconds
112.597: Application time: 0.0397960 seconds
112.597: [GC [PSYoungGen: 7696K->448K(8192K)] 25081K->17897K(26112K), 0.0004300 secs] [Times: user=0.00 sys=0.00, real=0.00 secs] 
112.598: Total time for which application threads were stopped: 0.0005280 seconds, Stopping threads took: 0.0000430 seconds
112.637: Application time: 0.0392490 seconds
112.637: [GC [PSYoungGen: 7616K->384K(8192K)] 25065K->17921K(26112K), 0.0004590 secs] [Times: user=0.01 sys=0.00, real=0.00 secs] 
112.637: Total time for which application threads were stopped: 0.0005630 seconds, Stopping threads took: 0.0000410 seconds
112.677: Application time: 0.0392570 seconds
112.677: [GC [PSYoungGen: 7552K->336K(8192K)] 25089K->17965K(26112K), 0.0004080 secs] [Times: user=0.00 sys=0.00, real=0.00 secs] 
112.677: Total time for which application threads were stopped: 0.0005040 seconds, Stopping threads took: 0.0000420 seconds
112.717: Application time: 0.0393140 seconds
112.717: [GC [PSYoungGen: 7504K->256K(8192K)] 25133K->17965K(26112K), 0.0004630 secs] [Times: user=0.00 sys=0.00, real=0.00 secs] 
112.717: Total time for which application threads were stopped: 0.0005640 seconds, Stopping threads took: 0.0000420 seconds
112.756: Application time: 0.0390670 seconds
112.756: [GC [PSYoungGen: 7424K->288K(8192K)] 25133K->17997K(26112K), 0.0004580 secs] [Times: user=0.00 sys=0.00, real=0.00 secs] 
112.757: Total time for which application threads were stopped: 0.0005650 seconds, Stopping threads took: 0.0000490 seconds
112.796: Application time: 0.0391730 seconds
112.796: [GC [PSYoungGen: 7456K->272K(8192K)] 25165K->17981K(26112K), 0.0004160 secs] [Times: user=0.01 sys=0.00, real=0.00 secs] 
112.796: Total time for which application threads were stopped: 0.0005120 seconds, Stopping threads took: 0.0000400 seconds
112.835: Application time: 0.0389610 seconds
112.837: [GC [PSYoungGen: 7440K->336K(8192K)] 25149K->18093K(26112K), 0.0004110 secs] [Times: user=0.00 sys=0.00, real=0.00 secs] 
112.838: [Full GC [PSYoungGen: 336K->0K(8192K)] [ParOldGen: 17757K->1965K(17920K)] 18093K->1965K(26112K) [PSPermGen: 6048K->6048K(21504K)], 0.0048740 secs] [Times: user=0.01 sys=0.00, real=0.01 secs] 
112.842: Total time for which application threads were stopped: 0.0070050 seconds, Stopping threads took: 0.0016140 seconds
112.880: Application time: 0.0377560 seconds
112.880: [GC [PSYoungGen: 7168K->272K(8192K)] 9133K->2237K(26112K), 0.0004250 secs] [Times: user=0.00 sys=0.00, real=0.00 secs] 
112.881: Total time for which application threads were stopped: 0.0005410 seconds, Stopping threads took: 0.0000540 seconds
112.920: Application time: 0.0392120 seconds
112.920: [GC [PSYoungGen: 7440K->304K(8192K)] 9405K->2269K(26112K), 0.0004070 secs] [Times: user=0.00 sys=0.00, real=0.00 secs] 
112.920: Total time for which application threads were stopped: 0.0005230 seconds, Stopping threads took: 0.0000510 seconds
112.960: Application time: 0.0392370 seconds
112.960: [GC [PSYoungGen: 7472K->288K(8192K)] 9437K->2253K(26112K), 0.0003570 secs] [Times: user=0.00 sys=0.00, real=0.00 secs] 
112.960: Total time for which application threads were stopped: 0.0004510 seconds, Stopping threads took: 0.0000410 seconds
112.999: Application time: 0.0391860 seconds
112.999: [GC [PSYoungGen: 7456K->336K(8192K)] 9421K->2301K(26112K), 0.0003650 secs] [Times: user=0.00 sys=0.00, real=0.00 secs] 
113.000: Total time for which application threads were stopped: 0.0004750 seconds, Stopping threads took: 0.0000460 seconds
113.039: Application time: 0.0392460 seconds
113.039: [GC [PSYoungGen: 7504K->368K(8192K)] 9469K->2333K(26112K), 0.0003630 secs] [Times: user=0.00 sys=0.00, real=0.00 secs] 
113.040: Total time for which application threads were stopped: 0.0004670 seconds, Stopping threads took: 0.0000470 seconds
113.079: Application time: 0.0396370 seconds
113.079: [GC [PSYoungGen: 7536K->352K(8192K)] 9501K->2317K(26112K), 0.0004210 secs] [Times: user=0.00 sys=0.00, real=0.00 secs] 
113.080: Total time for which application threads were stopped: 0.0005220 seconds, Stopping threads took: 0.0000460 seconds
113.119: Application time: 0.0392510 seconds
113.119: [GC [PSYoungGen: 7520K->384K(8192K)] 9485K->2349K(26112K), 0.0003650 secs] [Times: user=0.00 sys=0.00, real=0.00 secs] 
113.119: Total time for which application threads were stopped: 0.0004560 seconds, Stopping threads took: 0.0000350 seconds
113.159: Application time: 0.0392670 seconds
113.159: [GC [PSYoungGen: 7552K->432K(8192K)] 9517K->2397K(26112K), 0.0004250 secs] [Times: user=0.00 sys=0.00, real=0.00 secs] 
113.159: Total time for which application threads were stopped: 0.0005190 seconds, Stopping threads took: 0.0000380 seconds
113.199: Application time: 0.0394710 seconds
113.199: [GC [PSYoungGen: 7600K->400K(8192K)] 9565K->2365K(26112K), 0.0004110 secs] [Times: user=0.00 sys=0.00, real=0.00 secs] 
113.199: Total time for which application threads were stopped: 0.0005050 seconds, Stopping threads took: 0.0000400 seconds
113.238: Application time: 0.0391860 seconds
113.238: [GC [PSYoungGen: 7568K->416K(8192K)] 9533K->2381K(26112K), 0.0003870 secs] [Times: user=0.01 sys=0.00, real=0.00 secs] 
113.239: Total time for which application threads were stopped: 0.0004860 seconds, Stopping threads took: 0.0000440 seconds
113.278: Application time: 0.0391220 seconds
113.278: [GC [PSYoungGen: 7584K->400K(8192K)] 9549K->2365K(26112K), 0.0003800 secs] [Times: user=0.00 sys=0.00, real=0.00 secs] 
113.278: Total time for which application threads were stopped: 0.0004940 seconds, Stopping threads took: 0.0000500 seconds
113.318: Application time: 0.0392470 seconds
113.318: [GC [PSYoungGen: 7568K->400K(8192K)] 9533K->2365K(26112K), 0.0004190 secs] [Times: user=0.00 sys=0.00, real=0.00 secs] 
113.318: Total time for which application threads were stopped: 0.0005300 seconds, Stopping threads took: 0.0000550 seconds
113.358: Application time: 0.0392630 seconds
113.358: [GC [PSYoungGen: 7568K->384K(8192K)] 9533K->2349K(26112K), 0.0003940 secs] [Times: user=0.00 sys=0.00, real=0.00 secs] 
113.358: Total time for which application threads were stopped: 0.0004880 seconds, Stopping threads took: 0.0000380 seconds
113.398: Application time: 0.0396450 seconds
113.398: [GC [PSYoungGen: 7552K->384K(8192K)] 9517K->2349K(26112K), 0.0003840 secs] [Times: user=0.01 sys=0.00, real=0.00 secs] 
113.398: Total time for which application threads were stopped: 0.0004930 seconds, Stopping threads took: 0.0000530 seconds
113.438: Application time: 0.0394390 seconds
113.438: [GC [PSYoungGen: 7552K->400K(8192K)] 9517K->2365K(26112K), 0.0005020 secs] [Times: user=0.00 sys=0.00, real=0.00 secs] 
113.438: Total time for which application threads were stopped: 0.0006010 seconds, Stopping threads took: 0.0000420 seconds
113.478: Application time: 0.0393360 seconds
113.478: [GC [PSYoungGen: 7568K->304K(8192K)] 9533K->2389K(26112K), 0.0004470 secs] [Times: user=0.00 sys=0.00, real=0.00 secs] 
113.478: Total time for which application threads were stopped: 0.0005410 seconds, Stopping threads took: 0.0000380 seconds
113.517: Application time: 0.0392910 seconds
113.517: [GC [PSYoungGen: 7472K->272K(8192K)] 9557K->2405K(26112K), 0.0003650 secs] [Times: user=0.00 sys=0.00, real=0.00 secs] 
113.518: Total time for which application threads were stopped: 0.0004720 seconds, Stopping threads took: 0.0000400 seconds
113.557: Application time: 0.0390930 seconds
113.557: [GC [PSYoungGen: 7440K->288K(8192K)] 9573K->2421K(26112K), 0.0004200 secs] [Times: user=0.00 sys=0.01, real=0.00 secs] 
113.557: Total time for which application threads were stopped: 0.0005180 seconds, Stopping threads took: 0.0000440 seconds
113.596: Application time: 0.0388780 seconds
113.596: [GC [PSYoungGen: 7456K->304K(8192K)] 9589K->2477K(26112K), 0.0003990 secs] [Times: user=0.00 sys=0.00, real=0.00 secs] 
113.597: Total time for which application threads were stopped: 0.0004970 seconds, Stopping threads took: 0.0000440 seconds
113.635: Application time: 0.0381690 seconds
113.635: [GC [PSYoungGen: 7472K->336K(8192K)] 9645K->2509K(26112K), 0.0003750 secs] [Times: user=0.00 sys=0.00, real=0.00 secs] 
113.635: Total time for which application threads were stopped: 0.0004720 seconds, Stopping threads took: 0.0000410 seconds
113.673: Application time: 0.0376740 seconds
113.673: [GC [PSYoungGen: 7504K->464K(8192K)] 9677K->2637K(26112K), 0.0004150 secs] [Times: user=0.00 sys=0.00, real=0.00 secs] 
113.674: Total time for which application threads were stopped: 0.0005100 seconds, Stopping threads took: 0.0000390 seconds
113.713: Application time: 0.0397720 seconds
113.713: [GC [PSYoungGen: 7632K->480K(8192K)] 9805K->2653K(26112K), 0.0004480 secs] [Times: user=0.00 sys=0.00, real=0.00 secs] 
113.714: Total time for which application threads were stopped: 0.0005440 seconds, Stopping threads took: 0.0000400 seconds
113.753: Application time: 0.0393400 seconds
113.753: [GC [PSYoungGen: 7648K->512K(8192K)] 9821K->2685K(26112K), 0.0004370 secs] [Times: user=0.00 sys=0.00, real=0.00 secs] 
113.754: Total time for which application threads were stopped: 0.0005310 seconds, Stopping threads took: 0.0000380 seconds
113.793: Application time: 0.0390420 seconds
113.793: [GC [PSYoungGen: 7680K->512K(8192K)] 9853K->2685K(26112K), 0.0004170 secs] [Times: user=0.00 sys=0.00, real=0.00 secs] 
113.793: Total time for which application threads were stopped: 0.0005250 seconds, Stopping threads took: 0.0000500 seconds
113.833: Application time: 0.0394940 seconds
113.833: [GC [PSYoungGen: 7680K->480K(8192K)] 9853K->2653K(26112K), 0.0004230 secs] [Times: user=0.00 sys=0.00, real=0.00 secs] 
113.833: Total time for which application threads were stopped: 0.0005180 seconds, Stopping threads took: 0.0000390 seconds
113.873: Application time: 0.0396280 seconds
113.873: [GC [PSYoungGen: 7648K->496K(8192K)] 9821K->2669K(26112K), 0.0004200 secs] [Times: user=0.00 sys=0.00, real=0.00 secs] 
113.874: Total time for which application threads were stopped: 0.0005240 seconds, Stopping threads took: 0.0000480 seconds
113.913: Application time: 0.0395760 seconds
113.913: [GC [PSYoungGen: 7664K->480K(8192K)] 9837K->2653K(26112K), 0.0005570 secs] [Times: user=0.01 sys=0.00, real=0.00 secs] 
113.914: Total time for which application threads were stopped: 0.0006840 seconds, Stopping threads took: 0.0000620 seconds
113.953: Application time: 0.0392950 seconds
113.953: [GC [PSYoungGen: 7648K->544K(8192K)] 9821K->2717K(26112K), 0.0005100 secs] [Times: user=0.00 sys=0.00, real=0.00 secs] 
113.954: Total time for which application threads were stopped: 0.0006100 seconds, Stopping threads took: 0.0000400 seconds
113.993: Application time: 0.0391760 seconds
113.993: [GC [PSYoungGen: 7712K->528K(8192K)] 9885K->2701K(26112K), 0.0004380 secs] [Times: user=0.00 sys=0.00, real=0.00 secs] 
113.993: Total time for which application threads were stopped: 0.0005390 seconds, Stopping threads took: 0.0000430 seconds
114.033: Application time: 0.0391740 seconds
114.033: [GC [PSYoungGen: 7696K->448K(8192K)] 9869K->2621K(26112K), 0.0004410 secs] [Times: user=0.00 sys=0.00, real=0.00 secs] 
114.033: Total time for which application threads were stopped: 0.0005480 seconds, Stopping threads took: 0.0000400 seconds
114.072: Application time: 0.0391840 seconds
114.072: [GC [PSYoungGen: 7616K->512K(8192K)] 9789K->2685K(26112K), 0.0004100 secs] [Times: user=0.00 sys=0.00, real=0.00 secs] 
114.073: Total time for which application threads were stopped: 0.0005150 seconds, Stopping threads took: 0.0000490 seconds
114.112: Application time: 0.0392020 seconds
114.112: [GC [PSYoungGen: 7680K->512K(8192K)] 9853K->2685K(26112K), 0.0004790 secs] [Times: user=0.00 sys=0.00, real=0.00 secs] 
114.113: Total time for which application threads were stopped: 0.0005710 seconds, Stopping threads took: 0.0000400 seconds
114.153: Application time: 0.0398920 seconds
114.153: [GC [PSYoungGen: 7680K->448K(8192K)] 9853K->2677K(26112K), 0.0004520 secs] [Times: user=0.00 sys=0.00, real=0.00 secs] 
114.153: Total time for which application threads were stopped: 0.0005490 seconds, Stopping threads took: 0.0000400 seconds
114.193: Application time: 0.0396930 seconds
114.193: [GC [PSYoungGen: 7616K->432K(8192K)] 9845K->2725K(26112K), 0.0004150 secs] [Times: user=0.00 sys=0.00, real=0.00 secs] 
114.193: Total time for which application threads were stopped: 0.0005150 seconds, Stopping threads took: 0.0000440 seconds
114.233: Application time: 0.0393430 seconds
114.233: [GC [PSYoungGen: 7600K->336K(8192K)] 9893K->2709K(26112K), 0.0004780 secs] [Times: user=0.00 sys=0.00, real=0.00 secs] 
114.233: Total time for which application threads were stopped: 0.0005780 seconds, Stopping threads took: 0.0000450 seconds
114.273: Application time: 0.0392940 seconds
114.273: [GC [PSYoungGen: 7504K->272K(8192K)] 9877K->2765K(26112K), 0.0003800 secs] [Times: user=0.00 sys=0.00, real=0.00 secs] 
114.273: Total time for which application threads were stopped: 0.0004960 seconds, Stopping threads took: 0.0000590 seconds
114.312: Application time: 0.0392940 seconds
114.312: [GC [PSYoungGen: 7440K->256K(8192K)] 9933K->2749K(26112K), 0.0003690 secs] [Times: user=0.00 sys=0.00, real=0.00 secs] 
114.313: Total time for which application threads were stopped: 0.0004670 seconds, Stopping threads took: 0.0000430 seconds
114.352: Application time: 0.0389530 seconds
114.352: [GC [PSYoungGen: 7424K->256K(8192K)] 9917K->2749K(26112K), 0.0004830 secs] [Times: user=0.00 sys=0.00, real=0.00 secs] 
114.352: Total time for which application threads were stopped: 0.0005800 seconds, Stopping threads took: 0.0000430 seconds
114.391: Application time: 0.0388590 seconds
114.391: [GC [PSYoungGen: 7424K->304K(8192K)] 9917K->2853K(26112K), 0.0004170 secs] [Times: user=0.00 sys=0.00, real=0.00 secs] 
114.392: Total time for which application threads were stopped: 0.0005110 seconds, Stopping threads took: 0.0000370 seconds
114.430: Application time: 0.0379250 seconds
114.430: [GC [PSYoungGen: 7472K->384K(8192K)] 10021K->2933K(26112K), 0.0003910 secs] [Times: user=0.01 sys=0.00, real=0.00 secs] 
114.430: Total time for which application threads were stopped: 0.0004950 seconds, Stopping threads took: 0.0000490 seconds
114.469: Application time: 0.0389190 seconds
114.469: [GC [PSYoungGen: 7552K->448K(8192K)] 10101K->2997K(26112K), 0.0004500 secs] [Times: user=0.00 sys=0.00, real=0.00 secs] 
114.470: Total time for which application threads were stopped: 0.0005460 seconds, Stopping threads took: 0.0000370 seconds
114.509: Application time: 0.0392420 seconds
114.509: [GC [PSYoungGen: 7616K->448K(8192K)] 10165K->2997K(26112K), 0.0004470 secs] [Times: user=0.00 sys=0.00, real=0.01 secs] 
114.509: Total time for which application threads were stopped: 0.0005500 seconds, Stopping threads took: 0.0000450 seconds
114.549: Application time: 0.0392870 seconds
114.549: [GC [PSYoungGen: 7616K->416K(8192K)] 10165K->2965K(26112K), 0.0004040 secs] [Times: user=0.00 sys=0.00, real=0.01 secs] 
114.549: Total time for which application threads were stopped: 0.0005030 seconds, Stopping threads took: 0.0000360 seconds
114.588: Application time: 0.0390840 seconds
114.588: [GC [PSYoungGen: 7584K->544K(8192K)] 10133K->3093K(26112K), 0.0004290 secs] [Times: user=0.00 sys=0.00, real=0.00 secs] 
114.589: Total time for which application threads were stopped: 0.0005250 seconds, Stopping threads took: 0.0000390 seconds
114.628: Application time: 0.0392730 seconds
114.628: [GC [PSYoungGen: 7712K->480K(8192K)] 10261K->3029K(26112K), 0.0004140 secs] [Times: user=0.00 sys=0.00, real=0.00 secs] 
114.629: Total time for which application threads were stopped: 0.0005190 seconds, Stopping threads took: 0.0000480 seconds
114.669: Application time: 0.0401530 seconds
114.673: [GC [PSYoungGen: 7648K->512K(8192K)] 10197K->3061K(26112K), 0.0004260 secs] [Times: user=0.00 sys=0.00, real=0.00 secs] 
114.674: Total time for which application threads were stopped: 0.0047700 seconds, Stopping threads took: 0.0042900 seconds
114.713: Application time: 0.0392580 seconds
114.717: [GC [PSYoungGen: 7680K->480K(8192K)] 10229K->3029K(26112K), 0.0004200 secs] [Times: user=0.00 sys=0.00, real=0.00 secs] 
114.717: Total time for which application threads were stopped: 0.0044290 seconds, Stopping threads took: 0.0039540 seconds
114.756: Application time: 0.0392890 seconds
114.757: [GC [PSYoungGen: 7648K->480K(8192K)] 10197K->3029K(26112K), 0.0004150 secs] [Times: user=0.00 sys=0.00, real=0.00 secs] 
114.757: Total time for which application threads were stopped: 0.0005160 seconds, Stopping threads took: 0.0000430 seconds
114.796: Application time: 0.0392000 seconds
114.796: [GC [PSYoungGen: 7648K->464K(8192K)] 10197K->3013K(26112K), 0.0004480 secs] [Times: user=0.00 sys=0.00, real=0.00 secs] 
114.797: Total time for which application threads were stopped: 0.0005600 seconds, Stopping threads took: 0.0000560 seconds
114.836: Application time: 0.0392000 seconds
114.836: [GC [PSYoungGen: 7632K->528K(8192K)] 10181K->3077K(26112K), 0.0004400 secs] [Times: user=0.00 sys=0.00, real=0.00 secs] 
114.837: Total time for which application threads were stopped: 0.0005400 seconds, Stopping threads took: 0.0000430 seconds
114.876: Application time: 0.0391570 seconds
114.876: [GC [PSYoungGen: 7696K->464K(8192K)] 10245K->3013K(26112K), 0.0004720 secs] [Times: user=0.00 sys=0.00, real=0.00 secs] 
114.876: Total time for which application threads were stopped: 0.0005650 seconds, Stopping threads took: 0.0000390 seconds
114.917: Application time: 0.0402810 seconds
114.917: [GC [PSYoungGen: 7632K->496K(8192K)] 10181K->3045K(26112K), 0.0004550 secs] [Times: user=0.00 sys=0.00, real=0.00 secs] 
114.917: Total time for which application threads were stopped: 0.0005890 seconds, Stopping threads took: 0.0000600 seconds
114.956: Application time: 0.0392530 seconds
114.956: [GC [PSYoungGen: 7664K->480K(8192K)] 10213K->3077K(26112K), 0.0004020 secs] [Times: user=0.00 sys=0.00, real=0.00 secs] 
114.957: Total time for which application threads were stopped: 0.0004960 seconds, Stopping threads took: 0.0000390 seconds
114.996: Application time: 0.0394090 seconds
114.996: [GC [PSYoungGen: 7648K->400K(8192K)] 10245K->3069K(26112K), 0.0004420 secs] [Times: user=0.00 sys=0.00, real=0.00 secs] 
114.997: Total time for which application threads were stopped: 0.0005440 seconds, Stopping threads took: 0.0000430 seconds
115.036: Application time: 0.0395920 seconds
115.036: [GC [PSYoungGen: 7568K->304K(8192K)] 10237K->3062K(26112K), 0.0004160 secs] [Times: user=0.00 sys=0.00, real=0.00 secs] 
115.037: Total time for which application threads were stopped: 0.0005140 seconds, Stopping threads took: 0.0000420 seconds
115.077: Application time: 0.0396990 seconds
115.077: [GC [PSYoungGen: 7472K->272K(8192K)] 10230K->3126K(26112K), 0.0004080 secs] [Times: user=0.00 sys=0.00, real=0.00 secs] 
115.077: Total time for which application threads were stopped: 0.0005170 seconds, Stopping threads took: 0.0000440 seconds
115.116: Application time: 0.0392750 seconds
115.117: [GC [PSYoungGen: 7440K->272K(8192K)] 10294K->3126K(26112K), 0.0003930 secs] [Times: user=0.00 sys=0.00, real=0.00 secs] 
115.117: Total time for which application threads were stopped: 0.0004950 seconds, Stopping threads took: 0.0000490 seconds
115.156: Application time: 0.0389370 seconds
115.156: [GC [PSYoungGen: 7440K->288K(8192K)] 10294K->3142K(26112K), 0.0003920 secs] [Times: user=0.00 sys=0.00, real=0.00 secs] 
115.156: Total time for which application threads were stopped: 0.0004910 seconds, Stopping threads took: 0.0000440 seconds
115.194: Application time: 0.0379510 seconds
115.194: [GC [PSYoungGen: 7456K->400K(8192K)] 10310K->3310K(26112K), 0.0003800 secs] [Times: user=0.00 sys=0.00, real=0.00 secs] 
115.195: Total time for which application threads were stopped: 0.0004920 seconds, Stopping threads took: 0.0000480 seconds
115.234: Application time: 0.0393690 seconds
115.234: [GC [PSYoungGen: 7568K->400K(8192K)] 10478K->3310K(26112K), 0.0004600 secs] [Times: user=0.00 sys=0.00, real=0.00 secs] 
115.235: Total time for which application threads were stopped: 0.0005540 seconds, Stopping threads took: 0.0000400 seconds
115.273: Application time: 0.0379220 seconds
115.273: [GC [PSYoungGen: 7568K->464K(8192K)] 10478K->3374K(26112K), 0.0004110 secs] [Times: user=0.00 sys=0.00, real=0.00 secs] 
115.273: Total time for which application threads were stopped: 0.0005110 seconds, Stopping threads took: 0.0000440 seconds
115.313: Application time: 0.0397360 seconds
115.313: [GC [PSYoungGen: 7632K->448K(8192K)] 10542K->3358K(26112K), 0.0004140 secs] [Times: user=0.01 sys=0.00, real=0.00 secs] 
115.313: Total time for which application threads were stopped: 0.0005190 seconds, Stopping threads took: 0.0000460 seconds
115.353: Application time: 0.0395910 seconds
115.353: [GC [PSYoungGen: 7616K->464K(8192K)] 10526K->3374K(26112K), 0.0004610 secs] [Times: user=0.00 sys=0.00, real=0.00 secs] 
115.355: Total time for which application threads were stopped: 0.0016880 seconds, Stopping threads took: 0.0000470 seconds
115.393: Application time: 0.0387860 seconds
115.394: [GC [PSYoungGen: 7632K->528K(8192K)] 10542K->3438K(26112K), 0.0004460 secs] [Times: user=0.00 sys=0.00, real=0.00 secs] 
115.394: Total time for which application threads were stopped: 0.0005480 seconds, Stopping threads took: 0.0000440 seconds
115.433: Application time: 0.0394040 seconds
115.434: [GC [PSYoungGen: 7696K->512K(8192K)] 10606K->3422K(26112K), 0.0004170 secs] [Times: user=0.00 sys=0.00, real=0.00 secs] 
115.434: Total time for which application threads were stopped: 0.0005160 seconds, Stopping threads took: 0.0000430 seconds
115.473: Application time: 0.0393960 seconds
115.473: [GC [PSYoungGen: 7680K->528K(8192K)] 10590K->3438K(26112K), 0.0004420 secs] [Times: user=0.00 sys=0.00, real=0.00 secs] 
115.474: Total time for which application threads were stopped: 0.0005400 seconds, Stopping threads took: 0.0000420 seconds
115.513: Application time: 0.0394060 seconds
115.513: [GC [PSYoungGen: 7696K->544K(8192K)] 10606K->3454K(26112K), 0.0004170 secs] [Times: user=0.00 sys=0.00, real=0.00 secs] 
115.514: Total time for which application threads were stopped: 0.0005160 seconds, Stopping threads took: 0.0000420 seconds
115.553: Application time: 0.0395520 seconds
115.553: [GC [PSYoungGen: 7712K->528K(8192K)] 10622K->3438K(26112K), 0.0004220 secs] [Times: user=0.00 sys=0.00, real=0.00 secs] 
115.554: Total time for which application threads were stopped: 0.0005170 seconds, Stopping threads took: 0.0000380 seconds
115.593: Application time: 0.0389920 seconds
115.593: [GC [PSYoungGen: 7696K->528K(8192K)] 10606K->3438K(26112K), 0.0003970 secs] [Times: user=0.00 sys=0.00, real=0.00 secs] 
115.593: Total time for which application threads were stopped: 0.0005020 seconds, Stopping threads took: 0.0000410 seconds
115.633: Application time: 0.0391240 seconds
115.633: [GC [PSYoungGen: 7696K->512K(8192K)] 10606K->3422K(26112K), 0.0004190 secs] [Times: user=0.00 sys=0.00, real=0.00 secs] 
115.633: Total time for which application threads were stopped: 0.0005180 seconds, Stopping threads took: 0.0000430 seconds
115.673: Application time: 0.0397630 seconds
115.673: [GC [PSYoungGen: 7680K->464K(8192K)] 10590K->3374K(26112K), 0.0004050 secs] [Times: user=0.00 sys=0.00, real=0.00 secs] 
115.673: Total time for which application threads were stopped: 0.0005110 seconds, Stopping threads took: 0.0000520 seconds
115.712: Application time: 0.0391730 seconds
115.713: [GC [PSYoungGen: 7632K->464K(8192K)] 10542K->3374K(26112K), 0.0004140 secs] [Times: user=0.00 sys=0.00, real=0.00 secs] 
115.713: Total time for which application threads were stopped: 0.0005180 seconds, Stopping threads took: 0.0000430 seconds
115.752: Application time: 0.0392500 seconds
115.752: [GC [PSYoungGen: 7632K->464K(8192K)] 10542K->3422K(26112K), 0.0004220 secs] [Times: user=0.00 sys=0.00, real=0.00 secs] 
115.753: Total time for which application threads were stopped: 0.0005150 seconds, Stopping threads took: 0.0000390 seconds
115.792: Application time: 0.0396900 seconds
115.793: [GC [PSYoungGen: 7632K->368K(8192K)] 10590K->3414K(26112K), 0.0004540 secs] [Times: user=0.00 sys=0.00, real=0.00 secs] 
115.793: Total time for which application threads were stopped: 0.0005610 seconds, Stopping threads took: 0.0000470 seconds
115.833: Application time: 0.0397800 seconds
115.833: [GC [PSYoungGen: 7536K->336K(8192K)] 10582K->3462K(26112K), 0.0003800 secs] [Times: user=0.00 sys=0.00, real=0.00 secs] 
115.833: Total time for which application threads were stopped: 0.0004840 seconds, Stopping threads took: 0.0000480 seconds
115.872: Application time: 0.0392010 seconds
115.877: [GC [PSYoungGen: 7504K->272K(8192K)] 10630K->3486K(26112K), 0.0003800 secs] [Times: user=0.00 sys=0.00, real=0.00 secs] 
115.877: Total time for which application threads were stopped: 0.0049990 seconds, Stopping threads took: 0.0045630 seconds
115.917: Application time: 0.0394940 seconds
115.917: [GC [PSYoungGen: 7440K->272K(8192K)] 10654K->3486K(26112K), 0.0004200 secs] [Times: user=0.00 sys=0.00, real=0.00 secs] 
115.918: Total time for which application threads were stopped: 0.0005300 seconds, Stopping threads took: 0.0000470 seconds
115.957: Application time: 0.0390250 seconds
115.957: [GC [PSYoungGen: 7440K->288K(8192K)] 10654K->3502K(26112K), 0.0004230 secs] [Times: user=0.00 sys=0.00, real=0.00 secs] 
115.957: Total time for which application threads were stopped: 0.0005330 seconds, Stopping threads took: 0.0000620 seconds
115.995: Application time: 0.0383720 seconds
115.996: [GC [PSYoungGen: 7456K->304K(8192K)] 10670K->3566K(26112K), 0.0003900 secs] [Times: user=0.00 sys=0.00, real=0.00 secs] 
115.996: Total time for which application threads were stopped: 0.0004900 seconds, Stopping threads took: 0.0000400 seconds
116.034: Application time: 0.0377710 seconds
116.034: [GC [PSYoungGen: 7472K->464K(8192K)] 10734K->3726K(26112K), 0.0004190 secs] [Times: user=0.00 sys=0.00, real=0.00 secs] 
116.034: Total time for which application threads were stopped: 0.0005240 seconds, Stopping threads took: 0.0000490 seconds
116.074: Application time: 0.0392950 seconds
116.074: [GC [PSYoungGen: 7632K->448K(8192K)] 10894K->3710K(26112K), 0.0004160 secs] [Times: user=0.00 sys=0.00, real=0.00 secs] 
116.074: Total time for which application threads were stopped: 0.0005150 seconds, Stopping threads took: 0.0000450 seconds
116.113: Application time: 0.0393510 seconds
116.113: [GC [PSYoungGen: 7616K->464K(8192K)] 10878K->3726K(26112K), 0.0004390 secs] [Times: user=0.01 sys=0.00, real=0.00 secs] 
116.114: Total time for which application threads were stopped: 0.0005450 seconds, Stopping threads took: 0.0000390 seconds
116.153: Application time: 0.0390200 seconds
116.153: [GC [PSYoungGen: 7632K->528K(8192K)] 10894K->3790K(26112K), 0.0004340 secs] [Times: user=0.00 sys=0.00, real=0.00 secs] 
116.154: Total time for which application threads were stopped: 0.0005510 seconds, Stopping threads took: 0.0000570 seconds
116.193: Application time: 0.0394580 seconds
116.193: [GC [PSYoungGen: 7696K->496K(8192K)] 10958K->3758K(26112K), 0.0004490 secs] [Times: user=0.00 sys=0.00, real=0.00 secs] 
116.194: Total time for which application threads were stopped: 0.0005550 seconds, Stopping threads took: 0.0000490 seconds
116.233: Application time: 0.0398460 seconds
116.233: [GC [PSYoungGen: 7664K->512K(8192K)] 10926K->3774K(26112K), 0.0004280 secs] [Times: user=0.00 sys=0.00, real=0.00 secs] 
116.234: Total time for which application threads were stopped: 0.0005260 seconds, Stopping threads took: 0.0000430 seconds
116.273: Application time: 0.0392840 seconds
116.273: [GC [PSYoungGen: 7680K->496K(8192K)] 10942K->3758K(26112K), 0.0004180 secs] [Times: user=0.00 sys=0.00, real=0.00 secs] 
116.274: Total time for which application threads were stopped: 0.0005110 seconds, Stopping threads took: 0.0000400 seconds
116.313: Application time: 0.0392950 seconds
116.313: [GC [PSYoungGen: 7664K->528K(8192K)] 10926K->3790K(26112K), 0.0004520 secs] [Times: user=0.00 sys=0.00, real=0.00 secs] 
116.314: Total time for which application threads were stopped: 0.0005510 seconds, Stopping threads took: 0.0000430 seconds
116.353: Application time: 0.0396090 seconds
116.353: [GC [PSYoungGen: 7696K->512K(8192K)] 10958K->3774K(26112K), 0.0004600 secs] [Times: user=0.00 sys=0.00, real=0.00 secs] 
116.354: Total time for which application threads were stopped: 0.0005570 seconds, Stopping threads took: 0.0000390 seconds
116.393: Application time: 0.0389790 seconds
116.393: [GC [PSYoungGen: 7680K->480K(8192K)] 10942K->3742K(26112K), 0.0004390 secs] [Times: user=0.00 sys=0.00, real=0.00 secs] 
116.393: Total time for which application threads were stopped: 0.0005500 seconds, Stopping threads took: 0.0000500 seconds
116.433: Application time: 0.0397500 seconds
116.433: [GC [PSYoungGen: 7648K->512K(8192K)] 10910K->3774K(26112K), 0.0004100 secs] [Times: user=0.01 sys=0.00, real=0.00 secs] 
116.434: Total time for which application threads were stopped: 0.0005060 seconds, Stopping threads took: 0.0000390 seconds
116.473: Application time: 0.0392490 seconds
116.473: [GC [PSYoungGen: 7680K->480K(8192K)] 10942K->3742K(26112K), 0.0004070 secs] [Times: user=0.00 sys=0.00, real=0.00 secs] 
116.473: Total time for which application threads were stopped: 0.0005070 seconds, Stopping threads took: 0.0000440 seconds
116.513: Application time: 0.0392560 seconds
116.513: [GC [PSYoungGen: 7648K->480K(8192K)] 10910K->3742K(26112K), 0.0004190 secs] [Times: user=0.00 sys=0.00, real=0.00 secs] 
116.513: Total time for which application threads were stopped: 0.0005240 seconds, Stopping threads took: 0.0000490 seconds
116.553: Application time: 0.0396400 seconds
116.553: [GC [PSYoungGen: 7648K->464K(8192K)] 10910K->3774K(26112K), 0.0004220 secs] [Times: user=0.00 sys=0.00, real=0.00 secs] 
116.553: Total time for which application threads were stopped: 0.0005270 seconds, Stopping threads took: 0.0000420 seconds
116.593: Application time: 0.0394670 seconds
116.597: [GC [PSYoungGen: 7632K->368K(8192K)] 10942K->3802K(26112K), 0.0004430 secs] [Times: user=0.00 sys=0.00, real=0.00 secs] 
116.598: Total time for which application threads were stopped: 0.0048700 seconds, Stopping threads took: 0.0043680 seconds
116.637: Application time: 0.0392120 seconds
116.637: [GC [PSYoungGen: 7536K->272K(8192K)] 10970K->3826K(26112K), 0.0003920 secs] [Times: user=0.00 sys=0.00, real=0.00 secs] 
116.637: Total time for which application threads were stopped: 0.0005090 seconds, Stopping threads took: 0.0000470 seconds
116.677: Application time: 0.0395100 seconds
116.677: [GC [PSYoungGen: 7440K->272K(8192K)] 10994K->3826K(26112K), 0.0003690 secs] [Times: user=0.00 sys=0.00, real=0.00 secs] 
116.677: Total time for which application threads were stopped: 0.0004670 seconds, Stopping threads took: 0.0000430 seconds
116.717: Application time: 0.0399520 seconds
116.717: [GC [PSYoungGen: 7440K->288K(8192K)] 10994K->3842K(26112K), 0.0003730 secs] [Times: user=0.00 sys=0.00, real=0.00 secs] 
116.718: Total time for which application threads were stopped: 0.0004760 seconds, Stopping threads took: 0.0000470 seconds
116.756: Application time: 0.0386440 seconds
116.756: [GC [PSYoungGen: 7456K->304K(8192K)] 11010K->3922K(26112K), 0.0003820 secs] [Times: user=0.00 sys=0.00, real=0.00 secs] 
116.757: Total time for which application threads were stopped: 0.0004850 seconds, Stopping threads took: 0.0000480 seconds
116.795: Application time: 0.0382180 seconds
116.795: [GC [PSYoungGen: 7472K->400K(8192K)] 11090K->4018K(26112K), 0.0003980 secs] [Times: user=0.00 sys=0.00, real=0.00 secs] 
116.796: Total time for which application threads were stopped: 0.0004980 seconds, Stopping threads took: 0.0000400 seconds
116.834: Application time: 0.0380330 seconds
116.834: [GC [PSYoungGen: 7568K->480K(8192K)] 11186K->4098K(26112K), 0.0004600 secs] [Times: user=0.00 sys=0.00, real=0.00 secs] 
116.834: Total time for which application threads were stopped: 0.0005590 seconds, Stopping threads took: 0.0000440 seconds
116.874: Application time: 0.0395130 seconds
116.874: [GC [PSYoungGen: 7648K->496K(8192K)] 11266K->4114K(26112K), 0.0004360 secs] [Times: user=0.00 sys=0.00, real=0.00 secs] 
116.874: Total time for which application threads were stopped: 0.0005340 seconds, Stopping threads took: 0.0000400 seconds
116.914: Application time: 0.0398630 seconds
116.914: [GC [PSYoungGen: 7664K->512K(8192K)] 11282K->4130K(26112K), 0.0004370 secs] [Times: user=0.01 sys=0.00, real=0.00 secs] 
116.915: Total time for which application threads were stopped: 0.0005480 seconds, Stopping threads took: 0.0000480 seconds
116.954: Application time: 0.0390530 seconds
116.954: [GC [PSYoungGen: 7680K->512K(8192K)] 11298K->4130K(26112K), 0.0004180 secs] [Times: user=0.00 sys=0.00, real=0.00 secs] 
116.954: Total time for which application threads were stopped: 0.0005100 seconds, Stopping threads took: 0.0000380 seconds
116.993: Application time: 0.0392960 seconds
116.994: [GC [PSYoungGen: 7680K->496K(8192K)] 11298K->4114K(26112K), 0.0004100 secs] [Times: user=0.00 sys=0.00, real=0.00 secs] 
116.994: Total time for which application threads were stopped: 0.0005050 seconds, Stopping threads took: 0.0000400 seconds
117.034: Application time: 0.0396950 seconds
117.034: [GC [PSYoungGen: 7664K->512K(8192K)] 11282K->4130K(26112K), 0.0004120 secs] [Times: user=0.00 sys=0.00, real=0.00 secs] 
117.034: Total time for which application threads were stopped: 0.0005100 seconds, Stopping threads took: 0.0000420 seconds
117.073: Application time: 0.0392780 seconds
117.074: [GC [PSYoungGen: 7680K->464K(8192K)] 11298K->4082K(26112K), 0.0004050 secs] [Times: user=0.01 sys=0.00, real=0.00 secs] 
117.074: Total time for which application threads were stopped: 0.0005120 seconds, Stopping threads took: 0.0000480 seconds
117.113: Application time: 0.0392240 seconds
117.117: [GC [PSYoungGen: 7632K->496K(8192K)] 11250K->4114K(26112K), 0.0004440 secs] [Times: user=0.00 sys=0.00, real=0.00 secs] 
117.118: Total time for which application threads were stopped: 0.0043610 seconds, Stopping threads took: 0.0038480 seconds
117.157: Application time: 0.0392120 seconds
117.157: [GC [PSYoungGen: 7664K->496K(8192K)] 11282K->4114K(26112K), 0.0004140 secs] [Times: user=0.00 sys=0.00, real=0.00 secs] 
117.157: Total time for which application threads were stopped: 0.0005190 seconds, Stopping threads took: 0.0000410 seconds
117.197: Application time: 0.0393460 seconds
117.197: [GC [PSYoungGen: 7664K->528K(8192K)] 11282K->4146K(26112K), 0.0004250 secs] [Times: user=0.00 sys=0.00, real=0.00 secs] 
117.197: Total time for which application threads were stopped: 0.0005280 seconds, Stopping threads took: 0.0000450 seconds
117.236: Application time: 0.0391670 seconds
117.236: [GC [PSYoungGen: 7696K->528K(8192K)] 11314K->4146K(26112K), 0.0004800 secs] [Times: user=0.00 sys=0.00, real=0.00 secs] 
117.237: Total time for which application threads were stopped: 0.0005820 seconds, Stopping threads took: 0.0000450 seconds
117.276: Application time: 0.0392640 seconds
117.276: [GC [PSYoungGen: 7696K->560K(8192K)] 11314K->4178K(26112K), 0.0004440 secs] [Times: user=0.01 sys=0.00, real=0.00 secs] 
117.277: Total time for which application threads were stopped: 0.0005420 seconds, Stopping threads took: 0.0000440 seconds
117.316: Application time: 0.0394540 seconds
117.316: [GC [PSYoungGen: 7728K->448K(8192K)] 11346K->4114K(26112K), 0.0004500 secs] [Times: user=0.00 sys=0.00, real=0.00 secs] 
117.317: Total time for which application threads were stopped: 0.0005500 seconds, Stopping threads took: 0.0000420 seconds
117.356: Application time: 0.0391410 seconds
117.356: [GC [PSYoungGen: 7616K->448K(8192K)] 11282K->4154K(26112K), 0.0003950 secs] [Times: user=0.00 sys=0.00, real=0.00 secs] 
117.356: Total time for which application threads were stopped: 0.0004900 seconds, Stopping threads took: 0.0000370 seconds
117.396: Application time: 0.0392330 seconds
117.396: [GC [PSYoungGen: 7616K->352K(8192K)] 11322K->4178K(26112K), 0.0004260 secs] [Times: user=0.00 sys=0.00, real=0.00 secs] 
117.396: Total time for which application threads were stopped: 0.0005220 seconds, Stopping threads took: 0.0000400 seconds
117.436: Application time: 0.0396750 seconds
117.436: [GC [PSYoungGen: 7520K->272K(8192K)] 11346K->4182K(26112K), 0.0003820 secs] [Times: user=0.00 sys=0.00, real=0.00 secs] 
117.436: Total time for which application threads were stopped: 0.0004780 seconds, Stopping threads took: 0.0000420 seconds
117.476: Application time: 0.0393260 seconds
117.476: [GC [PSYoungGen: 7440K->272K(8192K)] 11350K->4182K(26112K), 0.0003900 secs] [Times: user=0.00 sys=0.00, real=0.00 secs] 
117.476: Total time for which application threads were stopped: 0.0004920 seconds, Stopping threads took: 0.0000480 seconds
117.515: Application time: 0.0390060 seconds
117.515: [GC [PSYoungGen: 7440K->288K(8192K)] 11350K->4198K(26112K), 0.0004010 secs] [Times: user=0.00 sys=0.00, real=0.00 secs] 
117.516: Total time for which application threads were stopped: 0.0004950 seconds, Stopping threads took: 0.0000430 seconds
117.553: Application time: 0.0376600 seconds
117.553: [GC [PSYoungGen: 7456K->352K(8192K)] 11366K->4310K(26112K), 0.0004260 secs] [Times: user=0.00 sys=0.00, real=0.00 secs] 
117.554: Total time for which application threads were stopped: 0.0005240 seconds, Stopping threads took: 0.0000420 seconds
117.592: Application time: 0.0386680 seconds
117.593: [GC [PSYoungGen: 7520K->432K(8192K)] 11478K->4390K(26112K), 0.0003980 secs] [Times: user=0.00 sys=0.00, real=0.00 secs] 
117.593: Total time for which application threads were stopped: 0.0004920 seconds, Stopping threads took: 0.0000380 seconds
117.631: Application time: 0.0385290 seconds
117.632: [GC [PSYoungGen: 7600K->448K(8192K)] 11558K->4406K(26112K), 0.0003950 secs] [Times: user=0.00 sys=0.00, real=0.00 secs] 
117.632: Total time for which application threads were stopped: 0.0004920 seconds, Stopping threads took: 0.0000420 seconds
117.672: Application time: 0.0400800 seconds
117.672: [GC [PSYoungGen: 7616K->464K(8192K)] 11574K->4422K(26112K), 0.0004130 secs] [Times: user=0.00 sys=0.00, real=0.00 secs] 
117.673: Total time for which application threads were stopped: 0.0005310 seconds, Stopping threads took: 0.0000520 seconds
117.712: Application time: 0.0392660 seconds
117.713: [GC [PSYoungGen: 7632K->432K(8192K)] 11590K->4390K(26112K), 0.0004150 secs] [Times: user=0.01 sys=0.00, real=0.00 secs] 
117.714: Total time for which application threads were stopped: 0.0016420 seconds, Stopping threads took: 0.0011700 seconds
117.753: Application time: 0.0392820 seconds
117.753: [GC [PSYoungGen: 7600K->496K(8192K)] 11558K->4454K(26112K), 0.0004150 secs] [Times: user=0.01 sys=0.00, real=0.00 secs] 
117.753: Total time for which application threads were stopped: 0.0005250 seconds, Stopping threads took: 0.0000540 seconds
117.793: Application time: 0.0392540 seconds
117.793: [GC [PSYoungGen: 7664K->496K(8192K)] 11622K->4454K(26112K), 0.0004180 secs] [Times: user=0.00 sys=0.00, real=0.00 secs] 
117.793: Total time for which application threads were stopped: 0.0005130 seconds, Stopping threads took: 0.0000390 seconds
117.833: Application time: 0.0394470 seconds
117.833: [GC [PSYoungGen: 7664K->496K(8192K)] 11622K->4454K(26112K), 0.0004180 secs] [Times: user=0.00 sys=0.00, real=0.00 secs] 
117.833: Total time for which application threads were stopped: 0.0005120 seconds, Stopping threads took: 0.0000360 seconds
117.873: Application time: 0.0394970 seconds
117.873: [GC [PSYoungGen: 7664K->512K(8192K)] 11622K->4470K(26112K), 0.0004480 secs] [Times: user=0.01 sys=0.00, real=0.00 secs] 
117.873: Total time for which application threads were stopped: 0.0005580 seconds, Stopping threads took: 0.0000530 seconds
117.913: Application time: 0.0398340 seconds
117.913: [GC [PSYoungGen: 7680K->480K(8192K)] 11638K->4438K(26112K), 0.0004540 secs] [Times: user=0.00 sys=0.00, real=0.00 secs] 
117.914: Total time for which application threads were stopped: 0.0005840 seconds, Stopping threads took: 0.0000640 seconds
117.953: Application time: 0.0391660 seconds
117.953: [GC [PSYoungGen: 7648K->528K(8192K)] 11606K->4486K(26112K), 0.0004250 secs] [Times: user=0.00 sys=0.00, real=0.00 secs] 
117.953: Total time for which application threads were stopped: 0.0005270 seconds, Stopping threads took: 0.0000440 seconds
117.992: Application time: 0.0392150 seconds
117.993: [GC [PSYoungGen: 7696K->544K(8192K)] 11654K->4502K(26112K), 0.0004030 secs] [Times: user=0.01 sys=0.00, real=0.00 secs] 
117.993: Total time for which application threads were stopped: 0.0004980 seconds, Stopping threads took: 0.0000390 seconds
118.032: Application time: 0.0393110 seconds
118.033: [GC [PSYoungGen: 7712K->496K(8192K)] 11670K->4454K(26112K), 0.0004310 secs] [Times: user=0.00 sys=0.00, real=0.00 secs] 
118.034: Total time for which application threads were stopped: 0.0012820 seconds, Stopping threads took: 0.0007930 seconds
118.073: Application time: 0.0397120 seconds
118.073: [GC [PSYoungGen: 7664K->496K(8192K)] 11622K->4454K(26112K), 0.0004170 secs] [Times: user=0.00 sys=0.00, real=0.00 secs] 
118.074: Total time for which application threads were stopped: 0.0005330 seconds, Stopping threads took: 0.0000600 seconds
118.113: Application time: 0.0396290 seconds
118.113: [GC [PSYoungGen: 7664K->432K(8192K)] 11622K->4439K(26112K), 0.0004500 secs] [Times: user=0.00 sys=0.00, real=0.00 secs] 
118.114: Total time for which application threads were stopped: 0.0005410 seconds, Stopping threads took: 0.0000380 seconds
118.153: Application time: 0.0391930 seconds
118.153: [GC [PSYoungGen: 7600K->384K(8192K)] 11607K->4511K(26112K), 0.0004440 secs] [Times: user=0.00 sys=0.00, real=0.00 secs] 
118.154: Total time for which application threads were stopped: 0.0005410 seconds, Stopping threads took: 0.0000430 seconds
118.193: Application time: 0.0394930 seconds
118.193: [GC [PSYoungGen: 7552K->288K(8192K)] 11679K->4495K(26112K), 0.0003770 secs] [Times: user=0.00 sys=0.00, real=0.00 secs] 
118.194: Total time for which application threads were stopped: 0.0004950 seconds, Stopping threads took: 0.0000480 seconds
118.233: Application time: 0.0392160 seconds
118.233: [GC [PSYoungGen: 7456K->272K(8192K)] 11663K->4535K(26112K), 0.0003900 secs] [Times: user=0.00 sys=0.00, real=0.00 secs] 
118.233: Total time for which application threads were stopped: 0.0004840 seconds, Stopping threads took: 0.0000400 seconds
118.273: Application time: 0.0392650 seconds
118.273: [GC [PSYoungGen: 7440K->272K(8192K)] 11703K->4535K(26112K), 0.0003640 secs] [Times: user=0.00 sys=0.00, real=0.00 secs] 
118.273: Total time for which application threads were stopped: 0.0004610 seconds, Stopping threads took: 0.0000420 seconds
118.312: Application time: 0.0390060 seconds
118.312: [GC [PSYoungGen: 7440K->240K(8192K)] 11703K->4503K(26112K), 0.0004520 secs] [Times: user=0.00 sys=0.00, real=0.00 secs] 
118.313: Total time for which application threads were stopped: 0.0005470 seconds, Stopping threads took: 0.0000390 seconds
118.351: Application time: 0.0382800 seconds
118.351: [GC [PSYoungGen: 7408K->336K(8192K)] 11671K->4655K(26112K), 0.0004210 secs] [Times: user=0.00 sys=0.00, real=0.00 secs] 
118.351: Total time for which application threads were stopped: 0.0005200 seconds, Stopping threads took: 0.0000430 seconds
118.390: Application time: 0.0385040 seconds
118.390: [GC [PSYoungGen: 7504K->400K(8192K)] 11823K->4719K(26112K), 0.0004310 secs] [Times: user=0.00 sys=0.00, real=0.00 secs] 
118.391: Total time for which application threads were stopped: 0.0005260 seconds, Stopping threads took: 0.0000400 seconds
118.429: Application time: 0.0385710 seconds
118.429: [GC [PSYoungGen: 7568K->464K(8192K)] 11887K->4783K(26112K), 0.0004390 secs] [Times: user=0.00 sys=0.00, real=0.00 secs] 
118.430: Total time for which application threads were stopped: 0.0005550 seconds, Stopping threads took: 0.0000580 seconds
118.470: Application time: 0.0404830 seconds
118.470: [GC [PSYoungGen: 7632K->448K(8192K)] 11951K->4767K(26112K), 0.0004360 secs] [Times: user=0.00 sys=0.00, real=0.00 secs] 
118.471: Total time for which application threads were stopped: 0.0005340 seconds, Stopping threads took: 0.0000440 seconds
118.510: Application time: 0.0390410 seconds
118.510: [GC [PSYoungGen: 7616K->496K(8192K)] 11935K->4815K(26112K), 0.0004040 secs] [Times: user=0.00 sys=0.00, real=0.00 secs] 
118.510: Total time for which application threads were stopped: 0.0005070 seconds, Stopping threads took: 0.0000440 seconds
118.549: Application time: 0.0392910 seconds
118.550: [GC [PSYoungGen: 7664K->496K(8192K)] 11983K->4815K(26112K), 0.0004440 secs] [Times: user=0.00 sys=0.00, real=0.00 secs] 
118.550: Total time for which application threads were stopped: 0.0005410 seconds, Stopping threads took: 0.0000420 seconds
118.589: Application time: 0.0392990 seconds
118.589: [GC [PSYoungGen: 7664K->528K(8192K)] 11983K->4847K(26112K), 0.0005040 secs] [Times: user=0.00 sys=0.00, real=0.00 secs] 
118.590: Total time for which application threads were stopped: 0.0005990 seconds, Stopping threads took: 0.0000390 seconds
118.630: Application time: 0.0397130 seconds
118.630: [GC [PSYoungGen: 7696K->512K(8192K)] 12015K->4831K(26112K), 0.0004550 secs] [Times: user=0.00 sys=0.00, real=0.00 secs] 
118.630: Total time for which application threads were stopped: 0.0005530 seconds, Stopping threads took: 0.0000430 seconds
118.670: Application time: 0.0393720 seconds
118.670: [GC [PSYoungGen: 7680K->464K(8192K)] 11999K->4783K(26112K), 0.0004790 secs] [Times: user=0.01 sys=0.00, real=0.00 secs] 
118.670: Total time for which application threads were stopped: 0.0005810 seconds, Stopping threads took: 0.0000460 seconds
118.709: Application time: 0.0391970 seconds
118.709: [GC [PSYoungGen: 7632K->480K(8192K)] 11951K->4799K(26112K), 0.0004050 secs] [Times: user=0.00 sys=0.00, real=0.00 secs] 
118.710: Total time for which application threads were stopped: 0.0005050 seconds, Stopping threads took: 0.0000370 seconds
118.749: Application time: 0.0393460 seconds
118.749: [GC [PSYoungGen: 7648K->496K(8192K)] 11967K->4815K(26112K), 0.0004220 secs] [Times: user=0.00 sys=0.00, real=0.00 secs] 
118.750: Total time for which application threads were stopped: 0.0005370 seconds, Stopping threads took: 0.0000490 seconds
118.789: Application time: 0.0391250 seconds
118.789: [GC [PSYoungGen: 7664K->512K(8192K)] 11983K->4831K(26112K), 0.0004160 secs] [Times: user=0.00 sys=0.00, real=0.01 secs] 
118.789: Total time for which application threads were stopped: 0.0005140 seconds, Stopping threads took: 0.0000400 seconds
118.829: Application time: 0.0392520 seconds
118.829: [GC [PSYoungGen: 7680K->544K(8192K)] 11999K->4863K(26112K), 0.0004150 secs] [Times: user=0.01 sys=0.00, real=0.01 secs] 
118.829: Total time for which application threads were stopped: 0.0005100 seconds, Stopping threads took: 0.0000390 seconds
118.869: Application time: 0.0393620 seconds
118.869: [GC [PSYoungGen: 7712K->496K(8192K)] 12031K->4815K(26112K), 0.0004290 secs] [Times: user=0.00 sys=0.00, real=0.01 secs] 
118.869: Total time for which application threads were stopped: 0.0005280 seconds, Stopping threads took: 0.0000430 seconds
118.909: Application time: 0.0398750 seconds
118.909: [GC [PSYoungGen: 7664K->448K(8192K)] 11983K->4823K(26112K), 0.0004690 secs] [Times: user=0.00 sys=0.00, real=0.00 secs] 
118.910: Total time for which application threads were stopped: 0.0005820 seconds, Stopping threads took: 0.0000450 seconds
118.949: Application time: 0.0392720 seconds
118.949: [GC [PSYoungGen: 7616K->368K(8192K)] 11991K->4867K(26112K), 0.0004280 secs] [Times: user=0.01 sys=0.00, real=0.01 secs] 
118.949: Total time for which application threads were stopped: 0.0005290 seconds, Stopping threads took: 0.0000440 seconds
118.989: Application time: 0.0396880 seconds
118.989: [GC [PSYoungGen: 7536K->288K(8192K)] 12035K->4871K(26112K), 0.0004170 secs] [Times: user=0.00 sys=0.00, real=0.00 secs] 
118.990: Total time for which application threads were stopped: 0.0005210 seconds, Stopping threads took: 0.0000500 seconds
119.029: Application time: 0.0395800 seconds
119.029: [GC [PSYoungGen: 7456K->272K(8192K)] 12039K->4903K(26112K), 0.0003580 secs] [Times: user=0.00 sys=0.00, real=0.00 secs] 
119.030: Total time for which application threads were stopped: 0.0004650 seconds, Stopping threads took: 0.0000520 seconds
119.068: Application time: 0.0388930 seconds
119.069: [GC [PSYoungGen: 7440K->288K(8192K)] 12071K->4919K(26112K), 0.0003580 secs] [Times: user=0.00 sys=0.00, real=0.00 secs] 
119.069: Total time for which application threads were stopped: 0.0004600 seconds, Stopping threads took: 0.0000470 seconds
119.108: Application time: 0.0394400 seconds
119.108: [GC [PSYoungGen: 7456K->272K(8192K)] 12087K->4959K(26112K), 0.0003730 secs] [Times: user=0.00 sys=0.00, real=0.00 secs] 
119.109: Total time for which application threads were stopped: 0.0004690 seconds, Stopping threads took: 0.0000430 seconds
119.146: Application time: 0.0371970 seconds
119.146: [GC [PSYoungGen: 7440K->400K(8192K)] 12127K->5087K(26112K), 0.0003880 secs] [Times: user=0.00 sys=0.00, real=0.00 secs] 
119.147: Total time for which application threads were stopped: 0.0004890 seconds, Stopping threads took: 0.0000400 seconds
119.185: Application time: 0.0387660 seconds
119.185: [GC [PSYoungGen: 7568K->400K(8192K)] 12255K->5087K(26112K), 0.0004500 secs] [Times: user=0.00 sys=0.00, real=0.00 secs] 
119.186: Total time for which application threads were stopped: 0.0005450 seconds, Stopping threads took: 0.0000390 seconds
119.225: Application time: 0.0388620 seconds
119.225: [GC [PSYoungGen: 7568K->528K(8192K)] 12255K->5215K(26112K), 0.0004620 secs] [Times: user=0.00 sys=0.00, real=0.00 secs] 
119.225: Total time for which application threads were stopped: 0.0005790 seconds, Stopping threads took: 0.0000510 seconds
119.265: Application time: 0.0395940 seconds
119.265: [GC [PSYoungGen: 7696K->480K(8192K)] 12383K->5167K(26112K), 0.0004240 secs] [Times: user=0.00 sys=0.00, real=0.00 secs] 
119.265: Total time for which application threads were stopped: 0.0005300 seconds, Stopping threads took: 0.0000500 seconds
119.304: Application time: 0.0388990 seconds
119.304: [GC [PSYoungGen: 7648K->496K(8192K)] 12335K->5183K(26112K), 0.0004360 secs] [Times: user=0.00 sys=0.00, real=0.00 secs] 
119.305: Total time for which application threads were stopped: 0.0005360 seconds, Stopping threads took: 0.0000410 seconds
119.344: Application time: 0.0394680 seconds
119.344: [GC [PSYoungGen: 7664K->512K(8192K)] 12351K->5199K(26112K), 0.0004270 secs] [Times: user=0.00 sys=0.00, real=0.00 secs] 
119.345: Total time for which application threads were stopped: 0.0005250 seconds, Stopping threads took: 0.0000430 seconds
119.384: Application time: 0.0393120 seconds
119.384: [GC [PSYoungGen: 7680K->528K(8192K)] 12367K->5215K(26112K), 0.0004170 secs] [Times: user=0.00 sys=0.00, real=0.00 secs] 
119.385: Total time for which application threads were stopped: 0.0005160 seconds, Stopping threads took: 0.0000440 seconds
119.424: Application time: 0.0393710 seconds
119.424: [GC [PSYoungGen: 7696K->512K(8192K)] 12383K->5199K(26112K), 0.0004580 secs] [Times: user=0.00 sys=0.00, real=0.00 secs] 
119.425: Total time for which application threads were stopped: 0.0005610 seconds, Stopping threads took: 0.0000460 seconds
119.464: Application time: 0.0394440 seconds
119.464: [GC [PSYoungGen: 7680K->512K(8192K)] 12367K->5199K(26112K), 0.0004170 secs] [Times: user=0.00 sys=0.00, real=0.00 secs] 
119.465: Total time for which application threads were stopped: 0.0005260 seconds, Stopping threads took: 0.0000540 seconds
119.504: Application time: 0.0395900 seconds
119.504: [GC [PSYoungGen: 7680K->480K(8192K)] 12367K->5167K(26112K), 0.0004310 secs] [Times: user=0.00 sys=0.00, real=0.00 secs] 
119.505: Total time for which application threads were stopped: 0.0005270 seconds, Stopping threads took: 0.0000410 seconds
119.544: Application time: 0.0390800 seconds
119.544: [GC [PSYoungGen: 7648K->528K(8192K)] 12335K->5215K(26112K), 0.0004000 secs] [Times: user=0.01 sys=0.00, real=0.00 secs] 
119.544: Total time for which application threads were stopped: 0.0004990 seconds, Stopping threads took: 0.0000430 seconds
119.584: Application time: 0.0392900 seconds
119.584: [GC [PSYoungGen: 7696K->480K(8192K)] 12383K->5167K(26112K), 0.0004650 secs] [Times: user=0.00 sys=0.00, real=0.00 secs] 
119.584: Total time for which application threads were stopped: 0.0005670 seconds, Stopping threads took: 0.0000480 seconds
119.623: Application time: 0.0391990 seconds
119.623: [GC [PSYoungGen: 7648K->544K(8192K)] 12335K->5231K(26112K), 0.0004160 secs] [Times: user=0.01 sys=0.00, real=0.00 secs] 
119.624: Total time for which application threads were stopped: 0.0005120 seconds, Stopping threads took: 0.0000390 seconds
119.663: Application time: 0.0391110 seconds
119.663: [GC [PSYoungGen: 7712K->464K(8192K)] 12399K->5199K(26112K), 0.0004800 secs] [Times: user=0.00 sys=0.00, real=0.00 secs] 
119.664: Total time for which application threads were stopped: 0.0005790 seconds, Stopping threads took: 0.0000400 seconds
119.703: Application time: 0.0396000 seconds
119.703: [GC [PSYoungGen: 7632K->480K(8192K)] 12367K->5215K(26112K), 0.0004090 secs] [Times: user=0.00 sys=0.00, real=0.00 secs] 
119.704: Total time for which application threads were stopped: 0.0005120 seconds, Stopping threads took: 0.0000480 seconds
119.743: Application time: 0.0392530 seconds
119.743: [GC [PSYoungGen: 7648K->352K(8192K)] 12383K->5239K(26112K), 0.0004030 secs] [Times: user=0.01 sys=0.00, real=0.00 secs] 
119.743: Total time for which application threads were stopped: 0.0005090 seconds, Stopping threads took: 0.0000430 seconds
119.783: Application time: 0.0396120 seconds
119.783: [GC [PSYoungGen: 7520K->320K(8192K)] 12407K->5263K(26112K), 0.0003760 secs] [Times: user=0.00 sys=0.00, real=0.00 secs] 
119.784: Total time for which application threads were stopped: 0.0004780 seconds, Stopping threads took: 0.0000480 seconds
119.823: Application time: 0.0394970 seconds
119.823: [GC [PSYoungGen: 7488K->272K(8192K)] 12431K->5263K(26112K), 0.0003680 secs] [Times: user=0.00 sys=0.00, real=0.00 secs] 
119.823: Total time for which application threads were stopped: 0.0004590 seconds, Stopping threads took: 0.0000360 seconds
119.863: Application time: 0.0390260 seconds
119.863: [GC [PSYoungGen: 7440K->288K(8192K)] 12431K->5279K(26112K), 0.0003870 secs] [Times: user=0.01 sys=0.00, real=0.00 secs] 
119.863: Total time for which application threads were stopped: 0.0004830 seconds, Stopping threads took: 0.0000440 seconds
119.901: Application time: 0.0384540 seconds
119.902: [GC [PSYoungGen: 7456K->352K(8192K)] 12447K->5399K(26112K), 0.0004240 secs] [Times: user=0.00 sys=0.00, real=0.00 secs] 
119.902: Total time for which application threads were stopped: 0.0005420 seconds, Stopping threads took: 0.0000500 seconds
119.940: Application time: 0.0383830 seconds
119.940: [GC [PSYoungGen: 7520K->432K(8192K)] 12567K->5479K(26112K), 0.0004070 secs] [Times: user=0.00 sys=0.00, real=0.00 secs] 
119.941: Total time for which application threads were stopped: 0.0005100 seconds, Stopping threads took: 0.0000450 seconds
119.979: Application time: 0.0379840 seconds
119.979: [GC [PSYoungGen: 7600K->464K(8192K)] 12647K->5511K(26112K), 0.0004060 secs] [Times: user=0.00 sys=0.00, real=0.00 secs] 
119.979: Total time for which application threads were stopped: 0.0005060 seconds, Stopping threads took: 0.0000420 seconds
120.019: Application time: 0.0397220 seconds
120.019: [GC [PSYoungGen: 7632K->480K(8192K)] 12679K->5527K(26112K), 0.0004010 secs] [Times: user=0.00 sys=0.00, real=0.00 secs] 
120.020: Total time for which application threads were stopped: 0.0004960 seconds, Stopping threads took: 0.0000430 seconds
120.058: Application time: 0.0385720 seconds
120.058: [GC [PSYoungGen: 7648K->496K(8192K)] 12695K->5543K(26112K), 0.0004350 secs] [Times: user=0.00 sys=0.00, real=0.00 secs] 
120.059: Total time for which application threads were stopped: 0.0005350 seconds, Stopping threads took: 0.0000440 seconds
120.098: Application time: 0.0396350 seconds
120.098: [GC [PSYoungGen: 7664K->496K(8192K)] 12711K->5543K(26112K), 0.0004160 secs] [Times: user=0.00 sys=0.00, real=0.00 secs] 
120.099: Total time for which application threads were stopped: 0.0005100 seconds, Stopping threads took: 0.0000390 seconds
120.139: Application time: 0.0396550 seconds
120.139: [GC [PSYoungGen: 7664K->496K(8192K)] 12711K->5543K(26112K), 0.0004180 secs] [Times: user=0.00 sys=0.00, real=0.00 secs] 
120.139: Total time for which application threads were stopped: 0.0005180 seconds, Stopping threads took: 0.0000450 seconds
120.178: Application time: 0.0392740 seconds
120.178: [GC [PSYoungGen: 7664K->464K(8192K)] 12711K->5511K(26112K), 0.0004530 secs] [Times: user=0.00 sys=0.00, real=0.00 secs] 
120.179: Total time for which application threads were stopped: 0.0005500 seconds, Stopping threads took: 0.0000430 seconds
120.218: Application time: 0.0393420 seconds
120.218: [GC [PSYoungGen: 7632K->512K(8192K)] 12679K->5559K(26112K), 0.0004080 secs] [Times: user=0.00 sys=0.00, real=0.00 secs] 
120.219: Total time for which application threads were stopped: 0.0005030 seconds, Stopping threads took: 0.0000400 seconds
120.258: Application time: 0.0391120 seconds
120.258: [GC [PSYoungGen: 7680K->512K(8192K)] 12727K->5559K(26112K), 0.0004200 secs] [Times: user=0.00 sys=0.00, real=0.00 secs] 
120.258: Total time for which application threads were stopped: 0.0005210 seconds, Stopping threads took: 0.0000370 seconds
120.297: Application time: 0.0390230 seconds
120.297: [GC [PSYoungGen: 7680K->496K(8192K)] 12727K->5543K(26112K), 0.0004100 secs] [Times: user=0.00 sys=0.00, real=0.00 secs] 
120.298: Total time for which application threads were stopped: 0.0005090 seconds, Stopping threads took: 0.0000430 seconds
120.337: Application time: 0.0392650 seconds
120.337: [GC [PSYoungGen: 7664K->512K(8192K)] 12711K->5559K(26112K), 0.0004550 secs] [Times: user=0.00 sys=0.00, real=0.00 secs] 
120.338: Total time for which application threads were stopped: 0.0005580 seconds, Stopping threads took: 0.0000460 seconds
120.377: Application time: 0.0391500 seconds
120.377: [GC [PSYoungGen: 7680K->496K(8192K)] 12727K->5543K(26112K), 0.0004370 secs] [Times: user=0.00 sys=0.00, real=0.00 secs] 
120.379: Total time for which application threads were stopped: 0.0017080 seconds, Stopping threads took: 0.0000410 seconds
120.418: Application time: 0.0392570 seconds
120.418: [GC [PSYoungGen: 7664K->544K(8192K)] 12711K->5591K(26112K), 0.0004810 secs] [Times: user=0.00 sys=0.00, real=0.00 secs] 
120.418: Total time for which application threads were stopped: 0.0005890 seconds, Stopping threads took: 0.0000530 seconds
120.458: Application time: 0.0398460 seconds
120.458: [GC [PSYoungGen: 7712K->464K(8192K)] 12759K->5567K(26112K), 0.0004300 secs] [Times: user=0.00 sys=0.00, real=0.00 secs] 
120.459: Total time for which application threads were stopped: 0.0005310 seconds, Stopping threads took: 0.0000450 seconds
120.498: Application time: 0.0392840 seconds
120.498: [GC [PSYoungGen: 7632K->384K(8192K)] 12735K->5567K(26112K), 0.0004010 secs] [Times: user=0.01 sys=0.00, real=0.00 secs] 
120.499: Total time for which application threads were stopped: 0.0004970 seconds, Stopping threads took: 0.0000380 seconds
120.538: Application time: 0.0393640 seconds
120.538: [GC [PSYoungGen: 7552K->368K(8192K)] 12735K->5639K(26112K), 0.0004260 secs] [Times: user=0.00 sys=0.00, real=0.00 secs] 
120.538: Total time for which application threads were stopped: 0.0005260 seconds, Stopping threads took: 0.0000430 seconds
120.578: Application time: 0.0397450 seconds
120.578: [GC [PSYoungGen: 7536K->256K(8192K)] 12807K->5615K(26112K), 0.0003790 secs] [Times: user=0.00 sys=0.00, real=0.00 secs] 
120.579: Total time for which application threads were stopped: 0.0004790 seconds, Stopping threads took: 0.0000450 seconds
120.618: Application time: 0.0390380 seconds
120.618: [GC [PSYoungGen: 7424K->288K(8192K)] 12783K->5647K(26112K), 0.0004050 secs] [Times: user=0.00 sys=0.00, real=0.00 secs] 
120.618: Total time for which application threads were stopped: 0.0005000 seconds, Stopping threads took: 0.0000420 seconds
120.658: Application time: 0.0396610 seconds
120.658: [GC [PSYoungGen: 7456K->272K(8192K)] 12815K->5671K(26112K), 0.0003780 secs] [Times: user=0.00 sys=0.00, real=0.00 secs] 
120.658: Total time for which application threads were stopped: 0.0004720 seconds, Stopping threads took: 0.0000380 seconds
120.696: Application time: 0.0377340 seconds
120.696: [GC [PSYoungGen: 7440K->352K(8192K)] 12839K->5751K(26112K), 0.0003800 secs] [Times: user=0.00 sys=0.00, real=0.00 secs] 
120.697: Total time for which application threads were stopped: 0.0004820 seconds, Stopping threads took: 0.0000460 seconds
120.735: Application time: 0.0381650 seconds
120.735: [GC [PSYoungGen: 7520K->448K(8192K)] 12919K->5847K(26112K), 0.0004410 secs] [Times: user=0.00 sys=0.00, real=0.00 secs] 
120.735: Total time for which application threads were stopped: 0.0005440 seconds, Stopping threads took: 0.0000470 seconds
120.774: Application time: 0.0389990 seconds
120.774: [GC [PSYoungGen: 7616K->480K(8192K)] 13015K->5879K(26112K), 0.0004100 secs] [Times: user=0.00 sys=0.00, real=0.00 secs] 
120.775: Total time for which application threads were stopped: 0.0005180 seconds, Stopping threads took: 0.0000430 seconds
120.814: Application time: 0.0393910 seconds
120.814: [GC [PSYoungGen: 7648K->448K(8192K)] 13047K->5847K(26112K), 0.0004350 secs] [Times: user=0.00 sys=0.00, real=0.00 secs] 
120.815: Total time for which application threads were stopped: 0.0005280 seconds, Stopping threads took: 0.0000360 seconds
120.854: Application time: 0.0390420 seconds
120.854: [GC [PSYoungGen: 7616K->512K(8192K)] 13015K->5911K(26112K), 0.0004050 secs] [Times: user=0.00 sys=0.00, real=0.00 secs] 
120.854: Total time for which application threads were stopped: 0.0005040 seconds, Stopping threads took: 0.0000430 seconds
120.894: Application time: 0.0392830 seconds
120.894: [GC [PSYoungGen: 7680K->528K(8192K)] 13079K->5928K(26112K), 0.0004460 secs] [Times: user=0.00 sys=0.00, real=0.00 secs] 
120.894: Total time for which application threads were stopped: 0.0005470 seconds, Stopping threads took: 0.0000460 seconds
120.934: Application time: 0.0399050 seconds
120.934: [GC [PSYoungGen: 7696K->496K(8192K)] 13096K->5896K(26112K), 0.0004670 secs] [Times: user=0.00 sys=0.00, real=0.00 secs] 
120.935: Total time for which application threads were stopped: 0.0005950 seconds, Stopping threads took: 0.0000610 seconds
120.974: Application time: 0.0394830 seconds
120.974: [GC [PSYoungGen: 7664K->496K(8192K)] 13064K->5896K(26112K), 0.0005630 secs] [Times: user=0.00 sys=0.00, real=0.00 secs] 
120.975: Total time for which application threads were stopped: 0.0006670 seconds, Stopping threads took: 0.0000480 seconds
121.014: Application time: 0.0395430 seconds
121.014: [GC [PSYoungGen: 7664K->480K(8192K)] 13064K->5879K(26112K), 0.0004460 secs] [Times: user=0.00 sys=0.00, real=0.00 secs] 
121.015: Total time for which application threads were stopped: 0.0005400 seconds, Stopping threads took: 0.0000380 seconds
121.054: Application time: 0.0392970 seconds
121.054: [GC [PSYoungGen: 7648K->496K(8192K)] 13047K->5896K(26112K), 0.0004300 secs] [Times: user=0.00 sys=0.00, real=0.00 secs] 
121.055: Total time for which application threads were stopped: 0.0005360 seconds, Stopping threads took: 0.0000530 seconds
121.094: Application time: 0.0391350 seconds
121.094: [GC [PSYoungGen: 7664K->496K(8192K)] 13064K->5896K(26112K), 0.0004290 secs] [Times: user=0.00 sys=0.00, real=0.00 secs] 
121.094: Total time for which application threads were stopped: 0.0005290 seconds, Stopping threads took: 0.0000430 seconds
121.134: Application time: 0.0396780 seconds
121.134: [GC [PSYoungGen: 7664K->480K(8192K)] 13064K->5879K(26112K), 0.0004510 secs] [Times: user=0.01 sys=0.00, real=0.00 secs] 
121.135: Total time for which application threads were stopped: 0.0005470 seconds, Stopping threads took: 0.0000460 seconds
121.174: Application time: 0.0391700 seconds
121.174: [GC [PSYoungGen: 7648K->448K(8192K)] 13047K->5848K(26112K), 0.0004220 secs] [Times: user=0.00 sys=0.00, real=0.00 secs] 
121.174: Total time for which application threads were stopped: 0.0005270 seconds, Stopping threads took: 0.0000490 seconds
121.214: Application time: 0.0392470 seconds
121.214: [GC [PSYoungGen: 7616K->464K(8192K)] 13016K->5920K(26112K), 0.0004070 secs] [Times: user=0.00 sys=0.00, real=0.00 secs] 
121.214: Total time for which application threads were stopped: 0.0005130 seconds, Stopping threads took: 0.0000470 seconds
121.253: Application time: 0.0392280 seconds
121.253: [GC [PSYoungGen: 7632K->480K(8192K)] 13088K->5936K(26112K), 0.0003930 secs] [Times: user=0.00 sys=0.00, real=0.00 secs] 
121.254: Total time for which application threads were stopped: 0.0005020 seconds, Stopping threads took: 0.0000530 seconds
121.293: Application time: 0.0394990 seconds
121.293: [GC [PSYoungGen: 7648K->352K(8192K)] 13104K->5928K(26112K), 0.0004210 secs] [Times: user=0.01 sys=0.00, real=0.00 secs] 
121.294: Total time for which application threads were stopped: 0.0005250 seconds, Stopping threads took: 0.0000400 seconds
121.334: Application time: 0.0398250 seconds
121.334: [GC [PSYoungGen: 7520K->288K(8192K)] 13096K->5968K(26112K), 0.0003780 secs] [Times: user=0.00 sys=0.00, real=0.00 secs] 
121.334: Total time for which application threads were stopped: 0.0004810 seconds, Stopping threads took: 0.0000480 seconds
121.373: Application time: 0.0393320 seconds
121.374: [GC [PSYoungGen: 7456K->272K(8192K)] 13136K->6016K(26112K), 0.0003820 secs] [Times: user=0.00 sys=0.00, real=0.00 secs] 
121.374: Total time for which application threads were stopped: 0.0004800 seconds, Stopping threads took: 0.0000440 seconds
121.413: Application time: 0.0389790 seconds
121.413: [GC [PSYoungGen: 7440K->304K(8192K)] 13184K->6048K(26112K), 0.0003760 secs] [Times: user=0.00 sys=0.01, real=0.00 secs] 
121.413: Total time for which application threads were stopped: 0.0004760 seconds, Stopping threads took: 0.0000410 seconds
121.453: Application time: 0.0392440 seconds
121.453: [GC [PSYoungGen: 7472K->272K(8192K)] 13216K->6064K(26112K), 0.0003770 secs] [Times: user=0.00 sys=0.00, real=0.00 secs] 
121.453: Total time for which application threads were stopped: 0.0004760 seconds, Stopping threads took: 0.0000430 seconds
121.491: Application time: 0.0378760 seconds
121.491: [GC [PSYoungGen: 7440K->400K(8192K)] 13232K->6192K(26112K), 0.0004280 secs] [Times: user=0.00 sys=0.00, real=0.00 secs] 
121.492: Total time for which application threads were stopped: 0.0005320 seconds, Stopping threads took: 0.0000480 seconds
121.530: Application time: 0.0385290 seconds
121.530: [GC [PSYoungGen: 7568K->416K(8192K)] 13360K->6208K(26112K), 0.0003890 secs] [Times: user=0.00 sys=0.00, real=0.00 secs] 
121.531: Total time for which application threads were stopped: 0.0004890 seconds, Stopping threads took: 0.0000420 seconds
121.570: Application time: 0.0391200 seconds
121.573: [GC [PSYoungGen: 7584K->480K(8192K)] 13376K->6272K(26112K), 0.0004930 secs] [Times: user=0.00 sys=0.00, real=0.00 secs] 
121.574: Total time for which application threads were stopped: 0.0039110 seconds, Stopping threads took: 0.0033620 seconds
121.612: Application time: 0.0384880 seconds
121.612: [GC [PSYoungGen: 7648K->512K(8192K)] 13440K->6304K(26112K), 0.0004050 secs] [Times: user=0.00 sys=0.00, real=0.00 secs] 
121.613: Total time for which application threads were stopped: 0.0005030 seconds, Stopping threads took: 0.0000410 seconds
121.652: Application time: 0.0398530 seconds
121.653: [GC [PSYoungGen: 7680K->464K(8192K)] 13472K->6256K(26112K), 0.0004200 secs] [Times: user=0.00 sys=0.00, real=0.00 secs] 
121.653: Total time for which application threads were stopped: 0.0005310 seconds, Stopping threads took: 0.0000550 seconds
121.692: Application time: 0.0392080 seconds
121.692: [GC [PSYoungGen: 7632K->496K(8192K)] 13424K->6288K(26112K), 0.0004200 secs] [Times: user=0.00 sys=0.00, real=0.00 secs] 
121.693: Total time for which application threads were stopped: 0.0005240 seconds, Stopping threads took: 0.0000490 seconds
121.732: Application time: 0.0395710 seconds
121.732: [GC [PSYoungGen: 7664K->496K(8192K)] 13456K->6288K(26112K), 0.0004130 secs] [Times: user=0.00 sys=0.00, real=0.00 secs] 
121.733: Total time for which application threads were stopped: 0.0005130 seconds, Stopping threads took: 0.0000430 seconds
121.772: Application time: 0.0393280 seconds
121.772: [GC [PSYoungGen: 7664K->560K(8192K)] 13456K->6352K(26112K), 0.0004710 secs] [Times: user=0.00 sys=0.00, real=0.00 secs] 
121.773: Total time for which application threads were stopped: 0.0005700 seconds, Stopping threads took: 0.0000430 seconds
121.812: Application time: 0.0394190 seconds
121.812: [GC [PSYoungGen: 7728K->496K(8192K)] 13520K->6288K(26112K), 0.0004240 secs] [Times: user=0.00 sys=0.00, real=0.00 secs] 
121.813: Total time for which application threads were stopped: 0.0005270 seconds, Stopping threads took: 0.0000400 seconds
121.852: Application time: 0.0392530 seconds
121.852: [GC [PSYoungGen: 7664K->512K(8192K)] 13456K->6304K(26112K), 0.0004580 secs] [Times: user=0.01 sys=0.00, real=0.00 secs] 
121.852: Total time for which application threads were stopped: 0.0005570 seconds, Stopping threads took: 0.0000430 seconds
121.891: Application time: 0.0390030 seconds
121.892: [GC [PSYoungGen: 7680K->528K(8192K)] 13472K->6320K(26112K), 0.0004540 secs] [Times: user=0.01 sys=0.00, real=0.00 secs] 
121.892: Total time for which application threads were stopped: 0.0005550 seconds, Stopping threads took: 0.0000460 seconds
121.932: Application time: 0.0397840 seconds
121.932: [GC [PSYoungGen: 7696K->496K(8192K)] 13488K->6288K(26112K), 0.0004600 secs] [Times: user=0.00 sys=0.00, real=0.00 secs] 
121.932: Total time for which application threads were stopped: 0.0005720 seconds, Stopping threads took: 0.0000490 seconds
121.972: Application time: 0.0392210 seconds
121.972: [GC [PSYoungGen: 7664K->512K(8192K)] 13456K->6304K(26112K), 0.0004860 secs] [Times: user=0.00 sys=0.00, real=0.00 secs] 
121.972: Total time for which application threads were stopped: 0.0005880 seconds, Stopping threads took: 0.0000450 seconds
122.011: Application time: 0.0392110 seconds
122.011: [GC [PSYoungGen: 7680K->448K(8192K)] 13472K->6296K(26112K), 0.0004900 secs] [Times: user=0.01 sys=0.00, real=0.00 secs] 
122.012: Total time for which application threads were stopped: 0.0005950 seconds, Stopping threads took: 0.0000400 seconds
122.051: Application time: 0.0394690 seconds
122.052: [GC [PSYoungGen: 7616K->432K(8192K)] 13464K->6280K(26112K), 0.0003960 secs] [Times: user=0.00 sys=0.00, real=0.00 secs] 
122.052: Total time for which application threads were stopped: 0.0004890 seconds, Stopping threads took: 0.0000400 seconds
122.091: Application time: 0.0393840 seconds
122.091: [GC [PSYoungGen: 7600K->336K(8192K)] 13448K->6296K(26112K), 0.0004020 secs] [Times: user=0.01 sys=0.00, real=0.00 secs] 
122.092: Total time for which application threads were stopped: 0.0005040 seconds, Stopping threads took: 0.0000440 seconds
122.131: Application time: 0.0395610 seconds
122.131: [GC [PSYoungGen: 7504K->288K(8192K)] 13464K->6328K(26112K), 0.0003710 secs] [Times: user=0.00 sys=0.00, real=0.00 secs] 
122.132: Total time for which application threads were stopped: 0.0004700 seconds, Stopping threads took: 0.0000470 seconds
122.171: Application time: 0.0394790 seconds
122.173: [GC [PSYoungGen: 7456K->272K(8192K)] 13496K->6368K(26112K), 0.0003960 secs] [Times: user=0.00 sys=0.00, real=0.00 secs] 
122.173: Total time for which application threads were stopped: 0.0021380 seconds, Stopping threads took: 0.0016830 seconds
122.213: Application time: 0.0390410 seconds
122.213: [GC [PSYoungGen: 7440K->272K(8192K)] 13536K->6416K(26112K), 0.0003770 secs] [Times: user=0.01 sys=0.00, real=0.00 secs] 
122.213: Total time for which application threads were stopped: 0.0004820 seconds, Stopping threads took: 0.0000430 seconds
122.251: Application time: 0.0383340 seconds
122.251: [GC [PSYoungGen: 7440K->304K(8192K)] 13584K->6448K(26112K), 0.0003970 secs] [Times: user=0.00 sys=0.00, real=0.00 secs] 
122.252: Total time for which application threads were stopped: 0.0005040 seconds, Stopping threads took: 0.0000500 seconds
122.290: Application time: 0.0384870 seconds
122.290: [GC [PSYoungGen: 7472K->400K(8192K)] 13616K->6544K(26112K), 0.0004090 secs] [Times: user=0.00 sys=0.00, real=0.00 secs] 
122.291: Total time for which application threads were stopped: 0.0005050 seconds, Stopping threads took: 0.0000410 seconds
122.329: Application time: 0.0380390 seconds
122.329: [GC [PSYoungGen: 7567K->480K(8192K)] 13711K->6624K(26112K), 0.0004120 secs] [Times: user=0.00 sys=0.00, real=0.01 secs] 
122.329: Total time for which application threads were stopped: 0.0005200 seconds, Stopping threads took: 0.0000400 seconds
122.369: Application time: 0.0395140 seconds
122.369: [GC [PSYoungGen: 7648K->464K(8192K)] 13792K->6608K(26112K), 0.0004000 secs] [Times: user=0.00 sys=0.00, real=0.00 secs] 
122.369: Total time for which application threads were stopped: 0.0005040 seconds, Stopping threads took: 0.0000450 seconds
122.408: Application time: 0.0388260 seconds
122.408: [GC [PSYoungGen: 7632K->512K(8192K)] 13776K->6656K(26112K), 0.0004430 secs] [Times: user=0.00 sys=0.00, real=0.00 secs] 
122.409: Total time for which application threads were stopped: 0.0005440 seconds, Stopping threads took: 0.0000460 seconds
122.448: Application time: 0.0395560 seconds
122.448: [GC [PSYoungGen: 7680K->496K(8192K)] 13824K->6640K(26112K), 0.0004130 secs] [Times: user=0.00 sys=0.00, real=0.00 secs] 
122.449: Total time for which application threads were stopped: 0.0005120 seconds, Stopping threads took: 0.0000410 seconds
122.488: Application time: 0.0393510 seconds
122.488: [GC [PSYoungGen: 7664K->528K(8192K)] 13808K->6672K(26112K), 0.0004580 secs] [Times: user=0.01 sys=0.00, real=0.00 secs] 
122.489: Total time for which application threads were stopped: 0.0005700 seconds, Stopping threads took: 0.0000550 seconds
122.528: Application time: 0.0396170 seconds
122.529: [GC [PSYoungGen: 7696K->512K(8192K)] 13840K->6656K(26112K), 0.0004450 secs] [Times: user=0.00 sys=0.00, real=0.00 secs] 
122.529: Total time for which application threads were stopped: 0.0005540 seconds, Stopping threads took: 0.0000530 seconds
122.568: Application time: 0.0395020 seconds
122.569: [GC [PSYoungGen: 7680K->512K(8192K)] 13824K->6656K(26112K), 0.0004310 secs] [Times: user=0.00 sys=0.00, real=0.00 secs] 
122.569: Total time for which application threads were stopped: 0.0005400 seconds, Stopping threads took: 0.0000400 seconds
122.608: Application time: 0.0392930 seconds
122.608: [GC [PSYoungGen: 7680K->480K(8192K)] 13824K->6624K(26112K), 0.0004300 secs] [Times: user=0.00 sys=0.00, real=0.00 secs] 
122.609: Total time for which application threads were stopped: 0.0005300 seconds, Stopping threads took: 0.0000430 seconds
122.648: Application time: 0.0391660 seconds
122.648: [GC [PSYoungGen: 7648K->528K(8192K)] 13792K->6672K(26112K), 0.0004590 secs] [Times: user=0.00 sys=0.00, real=0.00 secs] 
122.649: Total time for which application threads were stopped: 0.0005650 seconds, Stopping threads took: 0.0000480 seconds
122.688: Application time: 0.0392350 seconds
122.688: [GC [PSYoungGen: 7696K->512K(8192K)] 13840K->6656K(26112K), 0.0004360 secs] [Times: user=0.00 sys=0.00, real=0.00 secs] 
122.688: Total time for which application threads were stopped: 0.0005370 seconds, Stopping threads took: 0.0000440 seconds
122.728: Application time: 0.0396200 seconds
122.728: [GC [PSYoungGen: 7680K->496K(8192K)] 13824K->6640K(26112K), 0.0004510 secs] [Times: user=0.00 sys=0.00, real=0.00 secs] 
122.729: Total time for which application threads were stopped: 0.0005440 seconds, Stopping threads took: 0.0000380 seconds
122.768: Application time: 0.0392480 seconds
122.768: [GC [PSYoungGen: 7664K->480K(8192K)] 13808K->6624K(26112K), 0.0004630 secs] [Times: user=0.00 sys=0.00, real=0.00 secs] 
122.768: Total time for which application threads were stopped: 0.0005660 seconds, Stopping threads took: 0.0000470 seconds
122.808: Application time: 0.0392640 seconds
122.809: [GC [PSYoungGen: 7648K->464K(8192K)] 13792K->6656K(26112K), 0.0004900 secs] [Times: user=0.01 sys=0.00, real=0.00 secs] 
122.810: Total time for which application threads were stopped: 0.0019830 seconds, Stopping threads took: 0.0014390 seconds
122.849: Application time: 0.0392590 seconds
122.849: [GC [PSYoungGen: 7632K->384K(8192K)] 13824K->6656K(26112K), 0.0004150 secs] [Times: user=0.00 sys=0.00, real=0.01 secs] 
122.849: Total time for which application threads were stopped: 0.0005160 seconds, Stopping threads took: 0.0000350 seconds
122.889: Application time: 0.0397780 seconds
122.889: [GC [PSYoungGen: 7552K->336K(8192K)] 13824K->6688K(26112K), 0.0004180 secs] [Times: user=0.00 sys=0.00, real=0.00 secs] 
122.890: Total time for which application threads were stopped: 0.0005270 seconds, Stopping threads took: 0.0000530 seconds
122.929: Application time: 0.0396410 seconds
122.929: [GC [PSYoungGen: 7504K->288K(8192K)] 13856K->6720K(26112K), 0.0004300 secs] [Times: user=0.00 sys=0.01, real=0.00 secs] 
122.930: Total time for which application threads were stopped: 0.0005430 seconds, Stopping threads took: 0.0000440 seconds
122.969: Application time: 0.0393600 seconds
122.969: [GC [PSYoungGen: 7456K->240K(8192K)] 13888K->6672K(26112K), 0.0003880 secs] [Times: user=0.00 sys=0.00, real=0.00 secs] 
122.970: Total time for which application threads were stopped: 0.0004840 seconds, Stopping threads took: 0.0000440 seconds
123.009: Application time: 0.0389410 seconds
123.009: [GC [PSYoungGen: 7408K->272K(8192K)] 13840K->6760K(26112K), 0.0004090 secs] [Times: user=0.00 sys=0.00, real=0.01 secs] 
123.009: Total time for which application threads were stopped: 0.0005070 seconds, Stopping threads took: 0.0000430 seconds
123.047: Application time: 0.0383030 seconds
123.048: [GC [PSYoungGen: 7440K->320K(8192K)] 13928K->6808K(26112K), 0.0004100 secs] [Times: user=0.00 sys=0.00, real=0.00 secs] 
123.048: Total time for which application threads were stopped: 0.0005060 seconds, Stopping threads took: 0.0000410 seconds
123.086: Application time: 0.0383950 seconds
123.086: [GC [PSYoungGen: 7488K->400K(8192K)] 13976K->6888K(26112K), 0.0004490 secs] [Times: user=0.00 sys=0.00, real=0.00 secs] 
123.087: Total time for which application threads were stopped: 0.0005440 seconds, Stopping threads took: 0.0000390 seconds
123.126: Application time: 0.0388650 seconds
123.126: [GC [PSYoungGen: 7568K->480K(8192K)] 14056K->6968K(26112K), 0.0004620 secs] [Times: user=0.00 sys=0.00, real=0.00 secs] 
123.126: Total time for which application threads were stopped: 0.0005650 seconds, Stopping threads took: 0.0000450 seconds
123.166: Application time: 0.0391890 seconds
123.166: [GC [PSYoungGen: 7648K->480K(8192K)] 14136K->6968K(26112K), 0.0004090 secs] [Times: user=0.00 sys=0.00, real=0.00 secs] 
123.166: Total time for which application threads were stopped: 0.0005120 seconds, Stopping threads took: 0.0000460 seconds
123.206: Application time: 0.0396210 seconds
123.209: [GC [PSYoungGen: 7648K->512K(8192K)] 14136K->7000K(26112K), 0.0004280 secs] [Times: user=0.01 sys=0.00, real=0.00 secs] 
123.210: Total time for which application threads were stopped: 0.0038630 seconds, Stopping threads took: 0.0033800 seconds
123.249: Application time: 0.0396160 seconds
123.249: [GC [PSYoungGen: 7680K->512K(8192K)] 14168K->7000K(26112K), 0.0004990 secs] [Times: user=0.00 sys=0.00, real=0.00 secs] 
123.250: Total time for which application threads were stopped: 0.0006230 seconds, Stopping threads took: 0.0000670 seconds
123.289: Application time: 0.0395210 seconds
123.289: [GC [PSYoungGen: 7680K->512K(8192K)] 14168K->7000K(26112K), 0.0004240 secs] [Times: user=0.00 sys=0.00, real=0.00 secs] 
123.290: Total time for which application threads were stopped: 0.0005270 seconds, Stopping threads took: 0.0000460 seconds
123.329: Application time: 0.0392410 seconds
123.329: [GC [PSYoungGen: 7680K->512K(8192K)] 14168K->7000K(26112K), 0.0004550 secs] [Times: user=0.00 sys=0.00, real=0.00 secs] 
123.330: Total time for which application threads were stopped: 0.0005560 seconds, Stopping threads took: 0.0000450 seconds
123.369: Application time: 0.0394220 seconds
123.369: [GC [PSYoungGen: 7680K->512K(8192K)] 14168K->7000K(26112K), 0.0004210 secs] [Times: user=0.00 sys=0.00, real=0.00 secs] 
123.370: Total time for which application threads were stopped: 0.0005250 seconds, Stopping threads took: 0.0000410 seconds
123.409: Application time: 0.0394320 seconds
123.409: [GC [PSYoungGen: 7680K->496K(8192K)] 14168K->6984K(26112K), 0.0004560 secs] [Times: user=0.00 sys=0.00, real=0.00 secs] 
123.410: Total time for which application threads were stopped: 0.0005520 seconds, Stopping threads took: 0.0000400 seconds
123.449: Application time: 0.0391650 seconds
123.449: [GC [PSYoungGen: 7664K->496K(8192K)] 14152K->6984K(26112K), 0.0004380 secs] [Times: user=0.00 sys=0.00, real=0.01 secs] 
123.449: Total time for which application threads were stopped: 0.0005410 seconds, Stopping threads took: 0.0000470 seconds
123.488: Application time: 0.0391820 seconds
123.489: [GC [PSYoungGen: 7664K->512K(8192K)] 14152K->7000K(26112K), 0.0004350 secs] [Times: user=0.00 sys=0.00, real=0.00 secs] 
123.489: Total time for which application threads were stopped: 0.0005360 seconds, Stopping threads took: 0.0000440 seconds
123.528: Application time: 0.0391600 seconds
123.528: [GC [PSYoungGen: 7680K->496K(8192K)] 14168K->6984K(26112K), 0.0004160 secs] [Times: user=0.00 sys=0.00, real=0.00 secs] 
123.529: Total time for which application threads were stopped: 0.0005190 seconds, Stopping threads took: 0.0000480 seconds
123.568: Application time: 0.0393870 seconds
123.568: [GC [PSYoungGen: 7664K->480K(8192K)] 14152K->6968K(26112K), 0.0004310 secs] [Times: user=0.00 sys=0.00, real=0.00 secs] 
123.569: Total time for which application threads were stopped: 0.0005310 seconds, Stopping threads took: 0.0000450 seconds
123.608: Application time: 0.0392460 seconds
123.608: [GC [PSYoungGen: 7648K->464K(8192K)] 14136K->7024K(26112K), 0.0004420 secs] [Times: user=0.00 sys=0.00, real=0.00 secs] 
123.608: Total time for which application threads were stopped: 0.0005450 seconds, Stopping threads took: 0.0000480 seconds
123.648: Application time: 0.0393860 seconds
123.648: [GC [PSYoungGen: 7632K->400K(8192K)] 14192K->7040K(26112K), 0.0003980 secs] [Times: user=0.00 sys=0.00, real=0.00 secs] 
123.648: Total time for which application threads were stopped: 0.0004870 seconds, Stopping threads took: 0.0000340 seconds
123.688: Application time: 0.0396700 seconds
123.688: [GC [PSYoungGen: 7568K->336K(8192K)] 14208K->7064K(26112K), 0.0004060 secs] [Times: user=0.00 sys=0.00, real=0.00 secs] 
123.688: Total time for which application threads were stopped: 0.0005120 seconds, Stopping threads took: 0.0000500 seconds
123.728: Application time: 0.0392510 seconds
123.728: [GC [PSYoungGen: 7504K->272K(8192K)] 14232K->7080K(26112K), 0.0004200 secs] [Times: user=0.00 sys=0.00, real=0.00 secs] 
123.728: Total time for which application threads were stopped: 0.0005160 seconds, Stopping threads took: 0.0000390 seconds
123.767: Application time: 0.0390450 seconds
123.767: [GC [PSYoungGen: 7440K->288K(8192K)] 14248K->7096K(26112K), 0.0004130 secs] [Times: user=0.00 sys=0.00, real=0.00 secs] 
123.768: Total time for which application threads were stopped: 0.0005200 seconds, Stopping threads took: 0.0000480 seconds
123.807: Application time: 0.0396940 seconds
123.808: [GC [PSYoungGen: 7456K->272K(8192K)] 14264K->7136K(26112K), 0.0004020 secs] [Times: user=0.00 sys=0.00, real=0.00 secs] 
123.808: Total time for which application threads were stopped: 0.0005000 seconds, Stopping threads took: 0.0000450 seconds
123.846: Application time: 0.0378220 seconds
123.846: [GC [PSYoungGen: 7440K->400K(8192K)] 14304K->7264K(26112K), 0.0004200 secs] [Times: user=0.00 sys=0.00, real=0.00 secs] 
123.846: Total time for which application threads were stopped: 0.0005260 seconds, Stopping threads took: 0.0000470 seconds
123.885: Application time: 0.0384000 seconds
123.885: [GC [PSYoungGen: 7568K->432K(8192K)] 14432K->7296K(26112K), 0.0004230 secs] [Times: user=0.00 sys=0.00, real=0.00 secs] 
123.885: Total time for which application threads were stopped: 0.0005340 seconds, Stopping threads took: 0.0000410 seconds
123.924: Application time: 0.0391770 seconds
123.925: [GC [PSYoungGen: 7600K->416K(8192K)] 14464K->7281K(26112K), 0.0004840 secs] [Times: user=0.01 sys=0.00, real=0.00 secs] 
123.925: Total time for which application threads were stopped: 0.0006120 seconds, Stopping threads took: 0.0000600 seconds
123.964: Application time: 0.0388690 seconds
123.964: [GC [PSYoungGen: 7584K->512K(8192K)] 14449K->7376K(26112K), 0.0004710 secs] [Times: user=0.00 sys=0.00, real=0.00 secs] 
123.965: Total time for which application threads were stopped: 0.0005730 seconds, Stopping threads took: 0.0000420 seconds
124.004: Application time: 0.0394770 seconds
124.004: [GC [PSYoungGen: 7680K->512K(8192K)] 14544K->7376K(26112K), 0.0004190 secs] [Times: user=0.00 sys=0.00, real=0.00 secs] 
124.004: Total time for which application threads were stopped: 0.0005180 seconds, Stopping threads took: 0.0000460 seconds
124.044: Application time: 0.0393650 seconds
124.044: [GC [PSYoungGen: 7680K->528K(8192K)] 14544K->7393K(26112K), 0.0004540 secs] [Times: user=0.00 sys=0.00, real=0.00 secs] 
124.044: Total time for which application threads were stopped: 0.0005530 seconds, Stopping threads took: 0.0000440 seconds
124.084: Application time: 0.0392980 seconds
124.084: [GC [PSYoungGen: 7696K->496K(8192K)] 14561K->7360K(26112K), 0.0004560 secs] [Times: user=0.00 sys=0.00, real=0.00 secs] 
124.084: Total time for which application threads were stopped: 0.0005560 seconds, Stopping threads took: 0.0000470 seconds
124.124: Application time: 0.0398390 seconds
124.124: [GC [PSYoungGen: 7664K->512K(8192K)] 14528K->7376K(26112K), 0.0004710 secs] [Times: user=0.01 sys=0.00, real=0.00 secs] 
124.125: Total time for which application threads were stopped: 0.0005650 seconds, Stopping threads took: 0.0000390 seconds
124.164: Application time: 0.0392590 seconds
124.164: [GC [PSYoungGen: 7680K->512K(8192K)] 14544K->7376K(26112K), 0.0004620 secs] [Times: user=0.00 sys=0.00, real=0.00 secs] 
124.165: Total time for which application threads were stopped: 0.0005600 seconds, Stopping threads took: 0.0000430 seconds
124.204: Application time: 0.0393990 seconds
124.204: [GC [PSYoungGen: 7680K->496K(8192K)] 14544K->7361K(26112K), 0.0004320 secs] [Times: user=0.00 sys=0.00, real=0.00 secs] 
124.204: Total time for which application threads were stopped: 0.0005400 seconds, Stopping threads took: 0.0000440 seconds
124.243: Application time: 0.0390200 seconds
124.244: [GC [PSYoungGen: 7664K->480K(8192K)] 14529K->7344K(26112K), 0.0004070 secs] [Times: user=0.00 sys=0.00, real=0.00 secs] 
124.244: Total time for which application threads were stopped: 0.0005060 seconds, Stopping threads took: 0.0000430 seconds
124.283: Application time: 0.0392990 seconds
124.283: [GC [PSYoungGen: 7648K->512K(8192K)] 14512K->7376K(26112K), 0.0004800 secs] [Times: user=0.00 sys=0.00, real=0.00 secs] 
124.284: Total time for which application threads were stopped: 0.0005850 seconds, Stopping threads took: 0.0000480 seconds
124.324: Application time: 0.0399190 seconds
124.324: [GC [PSYoungGen: 7680K->480K(8192K)] 14544K->7344K(26112K), 0.0004180 secs] [Times: user=0.01 sys=0.00, real=0.00 secs] 
124.324: Total time for which application threads were stopped: 0.0005310 seconds, Stopping threads took: 0.0000550 seconds
124.364: Application time: 0.0394840 seconds
124.364: [GC [PSYoungGen: 7648K->480K(8192K)] 14512K->7401K(26112K), 0.0004090 secs] [Times: user=0.00 sys=0.00, real=0.00 secs] 
124.364: Total time for which application threads were stopped: 0.0005200 seconds, Stopping threads took: 0.0000530 seconds
124.404: Application time: 0.0393520 seconds
124.404: [GC [PSYoungGen: 7648K->432K(8192K)] 14569K->7353K(26112K), 0.0004200 secs] [Times: user=0.00 sys=0.00, real=0.00 secs] 
124.404: Total time for which application threads were stopped: 0.0005320 seconds, Stopping threads took: 0.0000490 seconds
124.444: Application time: 0.0397940 seconds
124.444: [GC [PSYoungGen: 7600K->368K(8192K)] 14521K->7413K(26112K), 0.0004160 secs] [Times: user=0.00 sys=0.00, real=0.00 secs] 
124.445: Total time for which application threads were stopped: 0.0005080 seconds, Stopping threads took: 0.0000380 seconds
124.484: Application time: 0.0393560 seconds
124.484: [GC [PSYoungGen: 7536K->320K(8192K)] 14581K->7445K(26112K), 0.0003900 secs] [Times: user=0.01 sys=0.00, real=0.00 secs] 
124.484: Total time for which application threads were stopped: 0.0004850 seconds, Stopping threads took: 0.0000380 seconds
124.524: Application time: 0.0393320 seconds
124.524: [GC [PSYoungGen: 7488K->272K(8192K)] 14613K->7437K(26112K), 0.0003720 secs] [Times: user=0.00 sys=0.00, real=0.00 secs] 
124.524: Total time for which application threads were stopped: 0.0004740 seconds, Stopping threads took: 0.0000480 seconds
124.563: Application time: 0.0389740 seconds
124.563: [GC [PSYoungGen: 7440K->272K(8192K)] 14605K->7485K(26112K), 0.0003770 secs] [Times: user=0.00 sys=0.00, real=0.00 secs] 
124.564: Total time for which application threads were stopped: 0.0004740 seconds, Stopping threads took: 0.0000430 seconds
124.603: Application time: 0.0389570 seconds
124.603: [GC [PSYoungGen: 7440K->288K(8192K)] 14653K->7501K(26112K), 0.0004140 secs] [Times: user=0.00 sys=0.00, real=0.00 secs] 
124.603: Total time for which application threads were stopped: 0.0005170 seconds, Stopping threads took: 0.0000460 seconds
124.641: Application time: 0.0379560 seconds
124.641: [GC [PSYoungGen: 7456K->368K(8192K)] 14669K->7581K(26112K), 0.0004720 secs] [Times: user=0.00 sys=0.00, real=0.00 secs] 
124.642: Total time for which application threads were stopped: 0.0005770 seconds, Stopping threads took: 0.0000490 seconds
124.681: Application time: 0.0391080 seconds
124.685: [GC [PSYoungGen: 7536K->432K(8192K)] 14749K->7645K(26112K), 0.0004480 secs] [Times: user=0.00 sys=0.00, real=0.00 secs] 
124.686: Total time for which application threads were stopped: 0.0048020 seconds, Stopping threads took: 0.0043010 seconds
124.724: Application time: 0.0385990 seconds
124.724: [GC [PSYoungGen: 7600K->448K(8192K)] 14813K->7661K(26112K), 0.0004720 secs] [Times: user=0.00 sys=0.00, real=0.00 secs] 
124.725: Total time for which application threads were stopped: 0.0005710 seconds, Stopping threads took: 0.0000410 seconds
124.764: Application time: 0.0389600 seconds
124.764: [GC [PSYoungGen: 7616K->480K(8192K)] 14829K->7693K(26112K), 0.0004690 secs] [Times: user=0.00 sys=0.00, real=0.00 secs] 
124.764: Total time for which application threads were stopped: 0.0005750 seconds, Stopping threads took: 0.0000500 seconds
124.804: Application time: 0.0397620 seconds
124.804: [GC [PSYoungGen: 7648K->512K(8192K)] 14861K->7725K(26112K), 0.0004080 secs] [Times: user=0.00 sys=0.00, real=0.00 secs] 
124.805: Total time for which application threads were stopped: 0.0005160 seconds, Stopping threads took: 0.0000500 seconds
124.844: Application time: 0.0393890 seconds
124.845: [GC [PSYoungGen: 7680K->480K(8192K)] 14893K->7693K(26112K), 0.0004310 secs] [Times: user=0.00 sys=0.00, real=0.00 secs] 
124.846: Total time for which application threads were stopped: 0.0016110 seconds, Stopping threads took: 0.0011230 seconds
124.885: Application time: 0.0395220 seconds
124.885: [GC [PSYoungGen: 7648K->480K(8192K)] 14861K->7693K(26112K), 0.0004260 secs] [Times: user=0.00 sys=0.00, real=0.00 secs] 
124.886: Total time for which application threads were stopped: 0.0005410 seconds, Stopping threads took: 0.0000580 seconds
124.925: Application time: 0.0394720 seconds
124.925: [GC [PSYoungGen: 7648K->544K(8192K)] 14861K->7757K(26112K), 0.0004700 secs] [Times: user=0.00 sys=0.00, real=0.00 secs] 
124.926: Total time for which application threads were stopped: 0.0005950 seconds, Stopping threads took: 0.0000450 seconds
124.965: Application time: 0.0396200 seconds
124.965: [GC [PSYoungGen: 7712K->512K(8192K)] 14925K->7725K(26112K), 0.0004210 secs] [Times: user=0.00 sys=0.00, real=0.00 secs] 
124.966: Total time for which application threads were stopped: 0.0005210 seconds, Stopping threads took: 0.0000450 seconds
125.005: Application time: 0.0394200 seconds
125.005: [GC [PSYoungGen: 7680K->512K(8192K)] 14893K->7725K(26112K), 0.0005000 secs] [Times: user=0.00 sys=0.00, real=0.00 secs] 
125.006: Total time for which application threads were stopped: 0.0005990 seconds, Stopping threads took: 0.0000450 seconds
125.045: Application time: 0.0392230 seconds
125.045: [GC [PSYoungGen: 7680K->512K(8192K)] 14893K->7725K(26112K), 0.0004460 secs] [Times: user=0.00 sys=0.00, real=0.00 secs] 
125.046: Total time for which application threads were stopped: 0.0005500 seconds, Stopping threads took: 0.0000450 seconds
125.085: Application time: 0.0392790 seconds
125.085: [GC [PSYoungGen: 7680K->512K(8192K)] 14893K->7725K(26112K), 0.0004210 secs] [Times: user=0.00 sys=0.00, real=0.00 secs] 
125.085: Total time for which application threads were stopped: 0.0005260 seconds, Stopping threads took: 0.0000500 seconds
125.125: Application time: 0.0394200 seconds
125.125: [GC [PSYoungGen: 7680K->544K(8192K)] 14893K->7757K(26112K), 0.0004700 secs] [Times: user=0.00 sys=0.00, real=0.00 secs] 
125.125: Total time for which application threads were stopped: 0.0005640 seconds, Stopping threads took: 0.0000380 seconds
125.165: Application time: 0.0392020 seconds
125.165: [GC [PSYoungGen: 7712K->480K(8192K)] 14925K->7741K(26112K), 0.0004420 secs] [Times: user=0.01 sys=0.00, real=0.00 secs] 
125.165: Total time for which application threads were stopped: 0.0005480 seconds, Stopping threads took: 0.0000450 seconds
125.205: Application time: 0.0395600 seconds
125.205: [GC [PSYoungGen: 7648K->432K(8192K)] 14909K->7757K(26112K), 0.0004340 secs] [Times: user=0.00 sys=0.00, real=0.00 secs] 
125.205: Total time for which application threads were stopped: 0.0005400 seconds, Stopping threads took: 0.0000490 seconds
125.246: Application time: 0.0403440 seconds
125.246: [GC [PSYoungGen: 7600K->304K(8192K)] 14925K->7741K(26112K), 0.0004170 secs] [Times: user=0.01 sys=0.00, real=0.00 secs] 
125.246: Total time for which application threads were stopped: 0.0005110 seconds, Stopping threads took: 0.0000380 seconds
125.286: Application time: 0.0394600 seconds
125.286: [GC [PSYoungGen: 7472K->288K(8192K)] 14909K->7773K(26112K), 0.0003680 secs] [Times: user=0.00 sys=0.00, real=0.00 secs] 
125.286: Total time for which application threads were stopped: 0.0004720 seconds, Stopping threads took: 0.0000470 seconds
125.325: Application time: 0.0393650 seconds
125.326: [GC [PSYoungGen: 7456K->272K(8192K)] 14941K->7813K(26112K), 0.0003740 secs] [Times: user=0.00 sys=0.00, real=0.00 secs] 
125.326: Total time for which application threads were stopped: 0.0004800 seconds, Stopping threads took: 0.0000490 seconds
125.365: Application time: 0.0389240 seconds
125.365: [GC [PSYoungGen: 7440K->272K(8192K)] 14981K->7869K(26112K), 0.0004490 secs] [Times: user=0.00 sys=0.00, real=0.00 secs] 
125.365: Total time for which application threads were stopped: 0.0005450 seconds, Stopping threads took: 0.0000390 seconds
125.403: Application time: 0.0380910 seconds
125.404: [GC [PSYoungGen: 7440K->400K(8192K)] 15037K->7997K(26112K), 0.0004850 secs] [Times: user=0.00 sys=0.00, real=0.00 secs] 
125.405: Total time for which application threads were stopped: 0.0016240 seconds, Stopping threads took: 0.0000430 seconds
125.444: Application time: 0.0388350 seconds
125.445: [GC [PSYoungGen: 7568K->400K(8192K)] 15165K->7997K(26112K), 0.0004450 secs] [Times: user=0.00 sys=0.00, real=0.00 secs] 
125.446: Total time for which application threads were stopped: 0.0016640 seconds, Stopping threads took: 0.0011510 seconds
125.484: Application time: 0.0388000 seconds
125.484: [GC [PSYoungGen: 7568K->432K(8192K)] 15165K->8029K(26112K), 0.0004300 secs] [Times: user=0.00 sys=0.00, real=0.00 secs] 
125.485: Total time for which application threads were stopped: 0.0005310 seconds, Stopping threads took: 0.0000430 seconds
125.524: Application time: 0.0389590 seconds
125.524: [GC [PSYoungGen: 7600K->464K(8192K)] 15197K->8061K(26112K), 0.0004180 secs] [Times: user=0.00 sys=0.00, real=0.00 secs] 
125.524: Total time for which application threads were stopped: 0.0005190 seconds, Stopping threads took: 0.0000430 seconds
125.564: Application time: 0.0391700 seconds
125.564: [GC [PSYoungGen: 7632K->496K(8192K)] 15229K->8093K(26112K), 0.0004190 secs] [Times: user=0.00 sys=0.00, real=0.00 secs] 
125.564: Total time for which application threads were stopped: 0.0005330 seconds, Stopping threads took: 0.0000530 seconds
125.603: Application time: 0.0393550 seconds
125.604: [GC [PSYoungGen: 7664K->496K(8192K)] 15261K->8093K(26112K), 0.0004280 secs] [Times: user=0.00 sys=0.00, real=0.00 secs] 
125.604: Total time for which application threads were stopped: 0.0005250 seconds, Stopping threads took: 0.0000390 seconds
125.643: Application time: 0.0392640 seconds
125.643: [GC [PSYoungGen: 7664K->496K(8192K)] 15261K->8093K(26112K), 0.0004280 secs] [Times: user=0.00 sys=0.00, real=0.00 secs] 
125.644: Total time for which application threads were stopped: 0.0005230 seconds, Stopping threads took: 0.0000400 seconds
125.683: Application time: 0.0396360 seconds
125.683: [GC [PSYoungGen: 7664K->480K(8192K)] 15261K->8077K(26112K), 0.0004330 secs] [Times: user=0.00 sys=0.00, real=0.00 secs] 
125.684: Total time for which application threads were stopped: 0.0005390 seconds, Stopping threads took: 0.0000470 seconds
125.723: Application time: 0.0392240 seconds
125.723: [GC [PSYoungGen: 7648K->480K(8192K)] 15245K->8077K(26112K), 0.0004200 secs] [Times: user=0.00 sys=0.00, real=0.00 secs] 
125.724: Total time for which application threads were stopped: 0.0005180 seconds, Stopping threads took: 0.0000420 seconds
125.763: Application time: 0.0394200 seconds
125.763: [GC [PSYoungGen: 7648K->480K(8192K)] 15245K->8077K(26112K), 0.0004150 secs] [Times: user=0.00 sys=0.00, real=0.00 secs] 
125.764: Total time for which application threads were stopped: 0.0005190 seconds, Stopping threads took: 0.0000460 seconds
125.803: Application time: 0.0392030 seconds
125.803: [GC [PSYoungGen: 7648K->512K(8192K)] 15245K->8109K(26112K), 0.0004700 secs] [Times: user=0.00 sys=0.00, real=0.00 secs] 
125.803: Total time for which application threads were stopped: 0.0005690 seconds, Stopping threads took: 0.0000410 seconds
125.843: Application time: 0.0392170 seconds
125.843: [GC [PSYoungGen: 7680K->528K(8192K)] 15277K->8125K(26112K), 0.0004080 secs] [Times: user=0.01 sys=0.00, real=0.00 secs] 
125.843: Total time for which application threads were stopped: 0.0005200 seconds, Stopping threads took: 0.0000470 seconds
125.882: Application time: 0.0392870 seconds
125.883: [GC [PSYoungGen: 7696K->528K(8192K)] 15293K->8125K(26112K), 0.0004530 secs] [Times: user=0.00 sys=0.00, real=0.00 secs] 
125.883: Total time for which application threads were stopped: 0.0005590 seconds, Stopping threads took: 0.0000500 seconds
125.923: Application time: 0.0398930 seconds
125.923: [GC [PSYoungGen: 7696K->480K(8192K)] 15293K->8077K(26112K), 0.0004840 secs] [Times: user=0.00 sys=0.00, real=0.00 secs] 
125.923: Total time for which application threads were stopped: 0.0005950 seconds, Stopping threads took: 0.0000440 seconds
125.963: Application time: 0.0392470 seconds
125.963: [GC [PSYoungGen: 7648K->512K(8192K)] 15245K->8149K(26112K), 0.0004580 secs] [Times: user=0.00 sys=0.00, real=0.00 secs] 
125.963: Total time for which application threads were stopped: 0.0005630 seconds, Stopping threads took: 0.0000400 seconds
126.003: Application time: 0.0392850 seconds
126.003: [GC [PSYoungGen: 7680K->384K(8192K)] 15317K->8149K(26112K), 0.0004040 secs] [Times: user=0.01 sys=0.00, real=0.00 secs] 
126.003: Total time for which application threads were stopped: 0.0005170 seconds, Stopping threads took: 0.0000570 seconds
126.042: Application time: 0.0392740 seconds
126.042: [GC [PSYoungGen: 7552K->320K(8192K)] 15317K->8133K(26112K), 0.0004240 secs] [Times: user=0.01 sys=0.00, real=0.00 secs] 
126.043: Total time for which application threads were stopped: 0.0005200 seconds, Stopping threads took: 0.0000390 seconds
126.083: Application time: 0.0400990 seconds
126.083: [GC [PSYoungGen: 7488K->320K(8192K)] 15301K->8189K(26112K), 0.0004070 secs] [Times: user=0.00 sys=0.00, real=0.00 secs] 
126.084: Total time for which application threads were stopped: 0.0005030 seconds, Stopping threads took: 0.0000430 seconds
126.122: Application time: 0.0384550 seconds
126.122: [GC [PSYoungGen: 7488K->320K(8192K)] 15357K->8253K(26112K), 0.0003740 secs] [Times: user=0.00 sys=0.00, real=0.00 secs] 
126.122: Total time for which application threads were stopped: 0.0004740 seconds, Stopping threads took: 0.0000440 seconds
126.162: Application time: 0.0398320 seconds
126.162: [GC [PSYoungGen: 7488K->272K(8192K)] 15421K->8253K(26112K), 0.0004210 secs] [Times: user=0.00 sys=0.00, real=0.00 secs] 
126.163: Total time for which application threads were stopped: 0.0005170 seconds, Stopping threads took: 0.0000420 seconds
126.200: Application time: 0.0370820 seconds
126.200: [GC [PSYoungGen: 7440K->384K(8192K)] 15421K->8365K(26112K), 0.0003880 secs] [Times: user=0.01 sys=0.00, real=0.00 secs] 
126.200: Total time for which application threads were stopped: 0.0004970 seconds, Stopping threads took: 0.0000520 seconds
126.240: Application time: 0.0398160 seconds
126.240: [GC [PSYoungGen: 7552K->400K(8192K)] 15533K->8381K(26112K), 0.0004500 secs] [Times: user=0.00 sys=0.00, real=0.00 secs] 
126.241: Total time for which application threads were stopped: 0.0005470 seconds, Stopping threads took: 0.0000400 seconds
126.279: Application time: 0.0379790 seconds
126.281: [GC [PSYoungGen: 7568K->432K(8192K)] 15549K->8413K(26112K), 0.0004560 secs] [Times: user=0.01 sys=0.00, real=0.00 secs] 
126.282: Total time for which application threads were stopped: 0.0028310 seconds, Stopping threads took: 0.0023190 seconds
126.321: Application time: 0.0393690 seconds
126.321: [GC [PSYoungGen: 7600K->464K(8192K)] 15581K->8445K(26112K), 0.0004540 secs] [Times: user=0.00 sys=0.00, real=0.01 secs] 
126.321: Total time for which application threads were stopped: 0.0005530 seconds, Stopping threads took: 0.0000410 seconds
126.360: Application time: 0.0388990 seconds
126.360: [GC [PSYoungGen: 7632K->528K(8192K)] 15613K->8509K(26112K), 0.0004230 secs] [Times: user=0.00 sys=0.00, real=0.00 secs] 
126.361: Total time for which application threads were stopped: 0.0005230 seconds, Stopping threads took: 0.0000440 seconds
126.401: Application time: 0.0397330 seconds
126.401: [GC [PSYoungGen: 7696K->512K(8192K)] 15677K->8493K(26112K), 0.0004350 secs] [Times: user=0.00 sys=0.00, real=0.01 secs] 
126.401: Total time for which application threads were stopped: 0.0005320 seconds, Stopping threads took: 0.0000410 seconds
126.441: Application time: 0.0395900 seconds
126.441: [GC [PSYoungGen: 7680K->528K(8192K)] 15661K->8509K(26112K), 0.0004590 secs] [Times: user=0.01 sys=0.00, real=0.01 secs] 
126.441: Total time for which application threads were stopped: 0.0005640 seconds, Stopping threads took: 0.0000440 seconds
126.481: Application time: 0.0393880 seconds
126.481: [GC [PSYoungGen: 7696K->480K(8192K)] 15677K->8461K(26112K), 0.0004730 secs] [Times: user=0.00 sys=0.00, real=0.01 secs] 
126.481: Total time for which application threads were stopped: 0.0005800 seconds, Stopping threads took: 0.0000420 seconds
126.520: Application time: 0.0391470 seconds
126.521: [GC [PSYoungGen: 7648K->528K(8192K)] 15629K->8509K(26112K), 0.0004270 secs] [Times: user=0.00 sys=0.00, real=0.00 secs] 
126.521: Total time for which application threads were stopped: 0.0005220 seconds, Stopping threads took: 0.0000390 seconds
126.560: Application time: 0.0394970 seconds
126.561: [GC [PSYoungGen: 7696K->544K(8192K)] 15677K->8525K(26112K), 0.0004290 secs] [Times: user=0.00 sys=0.00, real=0.00 secs] 
126.561: Total time for which application threads were stopped: 0.0005320 seconds, Stopping threads took: 0.0000470 seconds
126.600: Application time: 0.0388960 seconds
126.600: [GC [PSYoungGen: 7712K->528K(8192K)] 15693K->8509K(26112K), 0.0004190 secs] [Times: user=0.01 sys=0.00, real=0.00 secs] 
126.600: Total time for which application threads were stopped: 0.0005150 seconds, Stopping threads took: 0.0000390 seconds
126.640: Application time: 0.0393730 seconds
126.640: [GC [PSYoungGen: 7696K->528K(8192K)] 15677K->8509K(26112K), 0.0004250 secs] [Times: user=0.00 sys=0.00, real=0.00 secs] 
126.640: Total time for which application threads were stopped: 0.0005350 seconds, Stopping threads took: 0.0000540 seconds
126.679: Application time: 0.0389980 seconds
126.679: [GC [PSYoungGen: 7696K->512K(8192K)] 15677K->8493K(26112K), 0.0004150 secs] [Times: user=0.01 sys=0.00, real=0.00 secs] 
126.680: Total time for which application threads were stopped: 0.0005200 seconds, Stopping threads took: 0.0000480 seconds
126.719: Application time: 0.0394740 seconds
126.719: [GC [PSYoungGen: 7680K->496K(8192K)] 15661K->8533K(26112K), 0.0004300 secs] [Times: user=0.00 sys=0.00, real=0.00 secs] 
126.720: Total time for which application threads were stopped: 0.0005240 seconds, Stopping threads took: 0.0000400 seconds
126.759: Application time: 0.0396470 seconds
126.760: [GC [PSYoungGen: 7664K->464K(8192K)] 15701K->8501K(26112K), 0.0004420 secs] [Times: user=0.00 sys=0.00, real=0.00 secs] 
126.760: Total time for which application threads were stopped: 0.0005390 seconds, Stopping threads took: 0.0000410 seconds
126.799: Application time: 0.0392570 seconds
126.799: [GC [PSYoungGen: 7632K->336K(8192K)] 15669K->8533K(26112K), 0.0004170 secs] [Times: user=0.00 sys=0.00, real=0.00 secs] 
126.800: Total time for which application threads were stopped: 0.0005120 seconds, Stopping threads took: 0.0000390 seconds
126.840: Application time: 0.0397020 seconds
126.840: [GC [PSYoungGen: 7504K->320K(8192K)] 15701K->8517K(26112K), 0.0003950 secs] [Times: user=0.00 sys=0.00, real=0.00 secs] 
126.840: Total time for which application threads were stopped: 0.0004980 seconds, Stopping threads took: 0.0000480 seconds
126.879: Application time: 0.0392240 seconds
126.879: [GC [PSYoungGen: 7488K->272K(8192K)] 15685K->8565K(26112K), 0.0003800 secs] [Times: user=0.00 sys=0.00, real=0.00 secs] 
126.880: Total time for which application threads were stopped: 0.0004690 seconds, Stopping threads took: 0.0000370 seconds
126.919: Application time: 0.0391850 seconds
126.919: [GC [PSYoungGen: 7440K->288K(8192K)] 15733K->8581K(26112K), 0.0003990 secs] [Times: user=0.00 sys=0.00, real=0.00 secs] 
126.919: Total time for which application threads were stopped: 0.0005240 seconds, Stopping threads took: 0.0000610 seconds
126.958: Application time: 0.0389350 seconds
126.958: [GC [PSYoungGen: 7444K->288K(8192K)] 15738K->8645K(26112K), 0.0003940 secs] [Times: user=0.00 sys=0.00, real=0.00 secs] 
126.959: Total time for which application threads were stopped: 0.0004890 seconds, Stopping threads took: 0.0000400 seconds
126.997: Application time: 0.0377630 seconds
126.997: [GC [PSYoungGen: 7456K->384K(8192K)] 15813K->8742K(26112K), 0.0004370 secs] [Times: user=0.01 sys=0.00, real=0.00 secs] 
126.997: Total time for which application threads were stopped: 0.0005420 seconds, Stopping threads took: 0.0000380 seconds
127.036: Application time: 0.0391020 seconds
127.036: [GC [PSYoungGen: 7552K->432K(8192K)] 15910K->8790K(26112K), 0.0004030 secs] [Times: user=0.00 sys=0.00, real=0.00 secs] 
127.037: Total time for which application threads were stopped: 0.0005080 seconds, Stopping threads took: 0.0000490 seconds
127.076: Application time: 0.0390380 seconds
127.076: [GC [PSYoungGen: 7600K->480K(8192K)] 15958K->8838K(26112K), 0.0004010 secs] [Times: user=0.00 sys=0.00, real=0.00 secs] 
127.076: Total time for which application threads were stopped: 0.0004980 seconds, Stopping threads took: 0.0000390 seconds
127.116: Application time: 0.0393050 seconds
127.116: [GC [PSYoungGen: 7648K->464K(8192K)] 16006K->8821K(26112K), 0.0004360 secs] [Times: user=0.00 sys=0.00, real=0.00 secs] 
127.116: Total time for which application threads were stopped: 0.0005300 seconds, Stopping threads took: 0.0000400 seconds
127.155: Application time: 0.0389550 seconds
127.155: [GC [PSYoungGen: 7632K->512K(8192K)] 15989K->8870K(26112K), 0.0004610 secs] [Times: user=0.00 sys=0.00, real=0.00 secs] 
127.156: Total time for which application threads were stopped: 0.0005730 seconds, Stopping threads took: 0.0000560 seconds
127.195: Application time: 0.0394510 seconds
127.195: [GC [PSYoungGen: 7680K->480K(8192K)] 16038K->8838K(26112K), 0.0005180 secs] [Times: user=0.00 sys=0.00, real=0.00 secs] 
127.196: Total time for which application threads were stopped: 0.0006190 seconds, Stopping threads took: 0.0000440 seconds
127.235: Application time: 0.0394790 seconds
127.235: [GC [PSYoungGen: 7648K->512K(8192K)] 16006K->8870K(26112K), 0.0004320 secs] [Times: user=0.01 sys=0.00, real=0.00 secs] 
127.236: Total time for which application threads were stopped: 0.0005290 seconds, Stopping threads took: 0.0000400 seconds
127.275: Application time: 0.0392480 seconds
127.275: [GC [PSYoungGen: 7680K->464K(8192K)] 16038K->8822K(26112K), 0.0004320 secs] [Times: user=0.00 sys=0.00, real=0.00 secs] 
127.276: Total time for which application threads were stopped: 0.0005310 seconds, Stopping threads took: 0.0000440 seconds
127.315: Application time: 0.0392610 seconds
127.315: [GC [PSYoungGen: 7632K->528K(8192K)] 15990K->8885K(26112K), 0.0004360 secs] [Times: user=0.01 sys=0.00, real=0.00 secs] 
127.315: Total time for which application threads were stopped: 0.0005350 seconds, Stopping threads took: 0.0000410 seconds
127.355: Application time: 0.0392410 seconds
127.355: [GC [PSYoungGen: 7696K->512K(8192K)] 16053K->8869K(26112K), 0.0004290 secs] [Times: user=0.00 sys=0.00, real=0.00 secs] 
127.355: Total time for which application threads were stopped: 0.0005300 seconds, Stopping threads took: 0.0000440 seconds
127.395: Application time: 0.0394280 seconds
127.395: [GC [PSYoungGen: 7680K->480K(8192K)] 16037K->8837K(26112K), 0.0004560 secs] [Times: user=0.00 sys=0.00, real=0.00 secs] 
127.395: Total time for which application threads were stopped: 0.0005650 seconds, Stopping threads took: 0.0000500 seconds
127.434: Application time: 0.0391780 seconds
127.434: [GC [PSYoungGen: 7648K->512K(8192K)] 16005K->8869K(26112K), 0.0004500 secs] [Times: user=0.00 sys=0.00, real=0.00 secs] 
127.435: Total time for which application threads were stopped: 0.0005480 seconds, Stopping threads took: 0.0000440 seconds
127.477: Application time: 0.0419060 seconds
127.477: [GC [PSYoungGen: 7680K->512K(8192K)] 16037K->8869K(26112K), 0.0004230 secs] [Times: user=0.00 sys=0.00, real=0.00 secs] 
127.477: Total time for which application threads were stopped: 0.0005350 seconds, Stopping threads took: 0.0000410 seconds
127.517: Application time: 0.0392970 seconds
127.517: [GC [PSYoungGen: 7680K->448K(8192K)] 16037K->8854K(26112K), 0.0004890 secs] [Times: user=0.00 sys=0.00, real=0.00 secs] 
127.517: Total time for which application threads were stopped: 0.0006010 seconds, Stopping threads took: 0.0000430 seconds
127.557: Application time: 0.0395950 seconds
127.557: [GC [PSYoungGen: 7616K->416K(8192K)] 16022K->8870K(26112K), 0.0004260 secs] [Times: user=0.00 sys=0.00, real=0.00 secs] 
127.557: Total time for which application threads were stopped: 0.0005260 seconds, Stopping threads took: 0.0000440 seconds
127.597: Application time: 0.0397660 seconds
127.597: [GC [PSYoungGen: 7584K->352K(8192K)] 16038K->8922K(26112K), 0.0003950 secs] [Times: user=0.00 sys=0.00, real=0.00 secs] 
127.598: Total time for which application threads were stopped: 0.0005000 seconds, Stopping threads took: 0.0000470 seconds
127.637: Application time: 0.0392680 seconds
127.637: [GC [PSYoungGen: 7520K->288K(8192K)] 16090K->8914K(26112K), 0.0003830 secs] [Times: user=0.00 sys=0.00, real=0.00 secs] 
127.637: Total time for which application threads were stopped: 0.0004970 seconds, Stopping threads took: 0.0000570 seconds
127.677: Application time: 0.0397870 seconds
127.677: [GC [PSYoungGen: 7456K->304K(8192K)] 16082K->8986K(26112K), 0.0003640 secs] [Times: user=0.00 sys=0.00, real=0.00 secs] 
127.678: Total time for which application threads were stopped: 0.0004630 seconds, Stopping threads took: 0.0000440 seconds
127.716: Application time: 0.0388020 seconds
127.716: [GC [PSYoungGen: 7472K->272K(8192K)] 16154K->8954K(26112K), 0.0003970 secs] [Times: user=0.00 sys=0.00, real=0.00 secs] 
127.717: Total time for which application threads were stopped: 0.0004950 seconds, Stopping threads took: 0.0000410 seconds
127.755: Application time: 0.0384610 seconds
127.755: [GC [PSYoungGen: 7440K->320K(8192K)] 16122K->9042K(26112K), 0.0004070 secs] [Times: user=0.00 sys=0.00, real=0.00 secs] 
127.756: Total time for which application threads were stopped: 0.0005120 seconds, Stopping threads took: 0.0000470 seconds
127.794: Application time: 0.0383730 seconds
127.794: [GC [PSYoungGen: 7488K->416K(8192K)] 16210K->9138K(26112K), 0.0004020 secs] [Times: user=0.00 sys=0.00, real=0.00 secs] 
127.795: Total time for which application threads were stopped: 0.0005020 seconds, Stopping threads took: 0.0000430 seconds
127.833: Application time: 0.0387410 seconds
127.834: [GC [PSYoungGen: 7584K->416K(8192K)] 16306K->9138K(26112K), 0.0004080 secs] [Times: user=0.00 sys=0.00, real=0.00 secs] 
127.834: Total time for which application threads were stopped: 0.0005070 seconds, Stopping threads took: 0.0000450 seconds
127.873: Application time: 0.0390090 seconds
127.873: [GC [PSYoungGen: 7584K->464K(8192K)] 16306K->9186K(26112K), 0.0004090 secs] [Times: user=0.00 sys=0.00, real=0.00 secs] 
127.874: Total time for which application threads were stopped: 0.0005180 seconds, Stopping threads took: 0.0000520 seconds
127.913: Application time: 0.0390560 seconds
127.913: [GC [PSYoungGen: 7632K->496K(8192K)] 16354K->9218K(26112K), 0.0005090 secs] [Times: user=0.01 sys=0.00, real=0.00 secs] 
127.913: Total time for which application threads were stopped: 0.0006220 seconds, Stopping threads took: 0.0000460 seconds
127.952: Application time: 0.0392390 seconds
127.953: [GC [PSYoungGen: 7664K->512K(8192K)] 16386K->9234K(26112K), 0.0004240 secs] [Times: user=0.00 sys=0.00, real=0.00 secs] 
127.953: Total time for which application threads were stopped: 0.0005160 seconds, Stopping threads took: 0.0000390 seconds
127.993: Application time: 0.0397290 seconds
127.993: [GC [PSYoungGen: 7680K->528K(8192K)] 16402K->9250K(26112K), 0.0004400 secs] [Times: user=0.00 sys=0.00, real=0.00 secs] 
127.993: Total time for which application threads were stopped: 0.0005360 seconds, Stopping threads took: 0.0000370 seconds
128.033: Application time: 0.0396440 seconds
128.033: [GC [PSYoungGen: 7696K->512K(8192K)] 16418K->9234K(26112K), 0.0005150 secs] [Times: user=0.00 sys=0.00, real=0.00 secs] 
128.033: Total time for which application threads were stopped: 0.0006310 seconds, Stopping threads took: 0.0000410 seconds
128.073: Application time: 0.0393000 seconds
128.073: [GC [PSYoungGen: 7680K->480K(8192K)] 16402K->9202K(26112K), 0.0004200 secs] [Times: user=0.00 sys=0.00, real=0.00 secs] 
128.073: Total time for which application threads were stopped: 0.0005110 seconds, Stopping threads took: 0.0000360 seconds
128.113: Application time: 0.0392630 seconds
128.113: [GC [PSYoungGen: 7648K->496K(8192K)] 16370K->9218K(26112K), 0.0004640 secs] [Times: user=0.00 sys=0.00, real=0.00 secs] 
128.113: Total time for which application threads were stopped: 0.0005710 seconds, Stopping threads took: 0.0000490 seconds
128.152: Application time: 0.0391550 seconds
128.152: [GC [PSYoungGen: 7664K->544K(8192K)] 16386K->9266K(26112K), 0.0004120 secs] [Times: user=0.00 sys=0.00, real=0.00 secs] 
128.153: Total time for which application threads were stopped: 0.0005010 seconds, Stopping threads took: 0.0000330 seconds
128.192: Application time: 0.0394480 seconds
128.192: [GC [PSYoungGen: 7712K->528K(8192K)] 16434K->9250K(26112K), 0.0004150 secs] [Times: user=0.00 sys=0.00, real=0.00 secs] 
128.193: Total time for which application threads were stopped: 0.0005190 seconds, Stopping threads took: 0.0000490 seconds
128.232: Application time: 0.0393130 seconds
128.232: [GC [PSYoungGen: 7696K->480K(8192K)] 16418K->9202K(26112K), 0.0004270 secs] [Times: user=0.00 sys=0.00, real=0.00 secs] 
128.233: Total time for which application threads were stopped: 0.0005270 seconds, Stopping threads took: 0.0000440 seconds
128.272: Application time: 0.0392790 seconds
128.272: [GC [PSYoungGen: 7648K->560K(8192K)] 16370K->9282K(26112K), 0.0004120 secs] [Times: user=0.00 sys=0.00, real=0.00 secs] 
128.272: Total time for which application threads were stopped: 0.0005080 seconds, Stopping threads took: 0.0000400 seconds
128.312: Application time: 0.0393770 seconds
128.312: [GC [PSYoungGen: 7728K->464K(8192K)] 16450K->9242K(26112K), 0.0004360 secs] [Times: user=0.00 sys=0.00, real=0.00 secs] 
128.312: Total time for which application threads were stopped: 0.0005430 seconds, Stopping threads took: 0.0000490 seconds
128.352: Application time: 0.0393250 seconds
128.352: [GC [PSYoungGen: 7632K->384K(8192K)] 16410K->9242K(26112K), 0.0004590 secs] [Times: user=0.01 sys=0.00, real=0.00 secs] 
128.352: Total time for which application threads were stopped: 0.0005550 seconds, Stopping threads took: 0.0000370 seconds
128.392: Application time: 0.0393270 seconds
128.392: [GC [PSYoungGen: 7552K->320K(8192K)] 16410K->9258K(26112K), 0.0003830 secs] [Times: user=0.00 sys=0.00, real=0.00 secs] 
128.392: Total time for which application threads were stopped: 0.0004830 seconds, Stopping threads took: 0.0000490 seconds
128.432: Application time: 0.0398080 seconds
128.432: [GC [PSYoungGen: 7488K->304K(8192K)] 16426K->9282K(26112K), 0.0004420 secs] [Times: user=0.00 sys=0.00, real=0.00 secs] 
128.432: Total time for which application threads were stopped: 0.0005460 seconds, Stopping threads took: 0.0000460 seconds
128.472: Application time: 0.0392990 seconds
128.472: [GC [PSYoungGen: 7472K->256K(8192K)] 16450K->9290K(26112K), 0.0004250 secs] [Times: user=0.00 sys=0.00, real=0.00 secs] 
128.472: Total time for which application threads were stopped: 0.0005190 seconds, Stopping threads took: 0.0000400 seconds
128.511: Application time: 0.0389000 seconds
128.511: [GC [PSYoungGen: 7424K->304K(8192K)] 16458K->9394K(26112K), 0.0004060 secs] [Times: user=0.00 sys=0.00, real=0.00 secs] 
128.512: Total time for which application threads were stopped: 0.0005070 seconds, Stopping threads took: 0.0000460 seconds
128.549: Application time: 0.0377660 seconds
128.549: [GC [PSYoungGen: 7472K->368K(8192K)] 16562K->9458K(26112K), 0.0003880 secs] [Times: user=0.00 sys=0.00, real=0.00 secs] 
128.550: Total time for which application threads were stopped: 0.0004940 seconds, Stopping threads took: 0.0000420 seconds
128.589: Application time: 0.0388930 seconds
128.589: [GC [PSYoungGen: 7536K->384K(8192K)] 16626K->9474K(26112K), 0.0004090 secs] [Times: user=0.00 sys=0.00, real=0.01 secs] 
128.589: Total time for which application threads were stopped: 0.0005080 seconds, Stopping threads took: 0.0000450 seconds
128.629: Application time: 0.0396750 seconds
128.629: [GC [PSYoungGen: 7552K->400K(8192K)] 16642K->9490K(26112K), 0.0004370 secs] [Times: user=0.00 sys=0.00, real=0.00 secs] 
128.629: Total time for which application threads were stopped: 0.0005350 seconds, Stopping threads took: 0.0000380 seconds
128.668: Application time: 0.0389610 seconds
128.669: [GC [PSYoungGen: 7568K->464K(8192K)] 16658K->9554K(26112K), 0.0004110 secs] [Times: user=0.00 sys=0.00, real=0.00 secs] 
128.669: Total time for which application threads were stopped: 0.0005230 seconds, Stopping threads took: 0.0000550 seconds
128.708: Application time: 0.0390900 seconds
128.708: [GC [PSYoungGen: 7632K->480K(8192K)] 16722K->9570K(26112K), 0.0004590 secs] [Times: user=0.00 sys=0.00, real=0.00 secs] 
128.709: Total time for which application threads were stopped: 0.0005570 seconds, Stopping threads took: 0.0000430 seconds
128.748: Application time: 0.0390910 seconds
128.748: [GC [PSYoungGen: 7648K->512K(8192K)] 16738K->9602K(26112K), 0.0004370 secs] [Times: user=0.00 sys=0.00, real=0.00 secs] 
128.748: Total time for which application threads were stopped: 0.0005370 seconds, Stopping threads took: 0.0000440 seconds
128.788: Application time: 0.0397180 seconds
128.788: [GC [PSYoungGen: 7680K->496K(8192K)] 16770K->9586K(26112K), 0.0004670 secs] [Times: user=0.00 sys=0.00, real=0.00 secs] 
128.789: Total time for which application threads were stopped: 0.0005610 seconds, Stopping threads took: 0.0000400 seconds
128.828: Application time: 0.0392230 seconds
128.828: [GC [PSYoungGen: 7664K->496K(8192K)] 16754K->9586K(26112K), 0.0004660 secs] [Times: user=0.01 sys=0.00, real=0.00 secs] 
128.828: Total time for which application threads were stopped: 0.0005600 seconds, Stopping threads took: 0.0000400 seconds
128.868: Application time: 0.0393160 seconds
128.868: [GC [PSYoungGen: 7664K->512K(8192K)] 16754K->9602K(26112K), 0.0004040 secs] [Times: user=0.00 sys=0.00, real=0.00 secs] 
128.868: Total time for which application threads were stopped: 0.0005090 seconds, Stopping threads took: 0.0000470 seconds
128.908: Application time: 0.0394320 seconds
128.908: [GC [PSYoungGen: 7680K->560K(8192K)] 16770K->9650K(26112K), 0.0004650 secs] [Times: user=0.01 sys=0.00, real=0.00 secs] 
128.908: Total time for which application threads were stopped: 0.0005910 seconds, Stopping threads took: 0.0000600 seconds
128.949: Application time: 0.0406940 seconds
128.949: [GC [PSYoungGen: 7728K->512K(8192K)] 16818K->9602K(26112K), 0.0004960 secs] [Times: user=0.00 sys=0.00, real=0.00 secs] 
128.950: Total time for which application threads were stopped: 0.0007410 seconds, Stopping threads took: 0.0001820 seconds
128.990: Application time: 0.0402150 seconds
128.990: [GC [PSYoungGen: 7680K->480K(8192K)] 16770K->9570K(26112K), 0.0004450 secs] [Times: user=0.00 sys=0.00, real=0.00 secs] 
128.990: Total time for which application threads were stopped: 0.0005520 seconds, Stopping threads took: 0.0000460 seconds
129.030: Application time: 0.0399570 seconds
129.030: [GC [PSYoungGen: 7648K->528K(8192K)] 16738K->9618K(26112K), 0.0004240 secs] [Times: user=0.00 sys=0.00, real=0.00 secs] 
129.031: Total time for which application threads were stopped: 0.0005270 seconds, Stopping threads took: 0.0000440 seconds
129.071: Application time: 0.0397230 seconds
129.071: [GC [PSYoungGen: 7696K->496K(8192K)] 16786K->9586K(26112K), 0.0004340 secs] [Times: user=0.00 sys=0.00, real=0.00 secs] 
129.071: Total time for which application threads were stopped: 0.0005470 seconds, Stopping threads took: 0.0000490 seconds
129.110: Application time: 0.0392380 seconds
129.110: [GC [PSYoungGen: 7664K->432K(8192K)] 16754K->9570K(26112K), 0.0004060 secs] [Times: user=0.01 sys=0.00, real=0.00 secs] 
129.111: Total time for which application threads were stopped: 0.0005140 seconds, Stopping threads took: 0.0000500 seconds
129.150: Application time: 0.0392780 seconds
129.150: [GC [PSYoungGen: 7600K->336K(8192K)] 16738K->9586K(26112K), 0.0004690 secs] [Times: user=0.00 sys=0.00, real=0.00 secs] 
129.151: Total time for which application threads were stopped: 0.0005650 seconds, Stopping threads took: 0.0000400 seconds
129.191: Application time: 0.0398680 seconds
129.191: [GC [PSYoungGen: 7504K->352K(8192K)] 16754K->9650K(26112K), 0.0003870 secs] [Times: user=0.00 sys=0.00, real=0.00 secs] 
129.191: Total time for which application threads were stopped: 0.0004840 seconds, Stopping threads took: 0.0000400 seconds
129.231: Application time: 0.0394370 seconds
129.231: [GC [PSYoungGen: 7520K->288K(8192K)] 16818K->9642K(26112K), 0.0004260 secs] [Times: user=0.00 sys=0.00, real=0.00 secs] 
129.231: Total time for which application threads were stopped: 0.0005210 seconds, Stopping threads took: 0.0000390 seconds
129.270: Application time: 0.0390070 seconds
129.270: [GC [PSYoungGen: 7456K->320K(8192K)] 16810K->9722K(26112K), 0.0003750 secs] [Times: user=0.00 sys=0.00, real=0.00 secs] 
129.271: Total time for which application threads were stopped: 0.0004750 seconds, Stopping threads took: 0.0000420 seconds
129.310: Application time: 0.0390070 seconds
129.310: [GC [PSYoungGen: 7488K->288K(8192K)] 16890K->9746K(26112K), 0.0004660 secs] [Times: user=0.00 sys=0.00, real=0.00 secs] 
129.310: Total time for which application threads were stopped: 0.0005650 seconds, Stopping threads took: 0.0000420 seconds
129.348: Application time: 0.0376760 seconds
129.348: [GC [PSYoungGen: 7456K->384K(8192K)] 16914K->9842K(26112K), 0.0004000 secs] [Times: user=0.00 sys=0.00, real=0.00 secs] 
129.348: Total time for which application threads were stopped: 0.0005020 seconds, Stopping threads took: 0.0000450 seconds
129.387: Application time: 0.0389640 seconds
129.387: [GC [PSYoungGen: 7552K->432K(8192K)] 17010K->9890K(26112K), 0.0004180 secs] [Times: user=0.00 sys=0.00, real=0.00 secs] 
129.388: Total time for which application threads were stopped: 0.0005210 seconds, Stopping threads took: 0.0000470 seconds
129.427: Application time: 0.0390000 seconds
129.427: [GC [PSYoungGen: 7600K->448K(8192K)] 17058K->9906K(26112K), 0.0004600 secs] [Times: user=0.00 sys=0.00, real=0.00 secs] 
129.427: Total time for which application threads were stopped: 0.0005650 seconds, Stopping threads took: 0.0000480 seconds
129.467: Application time: 0.0395050 seconds
129.467: [GC [PSYoungGen: 7616K->448K(8192K)] 17074K->9906K(26112K), 0.0004670 secs] [Times: user=0.00 sys=0.00, real=0.00 secs] 
129.467: Total time for which application threads were stopped: 0.0005620 seconds, Stopping threads took: 0.0000380 seconds
129.506: Application time: 0.0390230 seconds
129.507: [GC [PSYoungGen: 7616K->512K(8192K)] 17074K->9970K(26112K), 0.0004310 secs] [Times: user=0.00 sys=0.00, real=0.00 secs] 
129.507: Total time for which application threads were stopped: 0.0005290 seconds, Stopping threads took: 0.0000420 seconds
129.546: Application time: 0.0393960 seconds
129.546: [GC [PSYoungGen: 7680K->528K(8192K)] 17138K->9986K(26112K), 0.0004760 secs] [Times: user=0.00 sys=0.00, real=0.00 secs] 
129.547: Total time for which application threads were stopped: 0.0005780 seconds, Stopping threads took: 0.0000460 seconds
129.586: Application time: 0.0392460 seconds
129.586: [GC [PSYoungGen: 7696K->496K(8192K)] 17154K->9954K(26112K), 0.0004640 secs] [Times: user=0.00 sys=0.00, real=0.00 secs] 
129.587: Total time for which application threads were stopped: 0.0005750 seconds, Stopping threads took: 0.0000450 seconds
129.627: Application time: 0.0398730 seconds
129.627: [GC [PSYoungGen: 7664K->496K(8192K)] 17122K->9954K(26112K), 0.0004330 secs] [Times: user=0.00 sys=0.00, real=0.00 secs] 
129.627: Total time for which application threads were stopped: 0.0005350 seconds, Stopping threads took: 0.0000490 seconds
129.667: Application time: 0.0393810 seconds
129.667: [GC [PSYoungGen: 7664K->512K(8192K)] 17122K->9970K(26112K), 0.0004640 secs] [Times: user=0.00 sys=0.00, real=0.00 secs] 
129.667: Total time for which application threads were stopped: 0.0005710 seconds, Stopping threads took: 0.0000410 seconds
129.707: Application time: 0.0396710 seconds
129.707: [GC [PSYoungGen: 7680K->512K(8192K)] 17138K->9970K(26112K), 0.0004300 secs] [Times: user=0.00 sys=0.00, real=0.00 secs] 
129.707: Total time for which application threads were stopped: 0.0005240 seconds, Stopping threads took: 0.0000390 seconds
129.747: Application time: 0.0395480 seconds
129.747: [GC [PSYoungGen: 7680K->496K(8192K)] 17138K->9954K(26112K), 0.0004990 secs] [Times: user=0.01 sys=0.00, real=0.00 secs] 
129.747: Total time for which application threads were stopped: 0.0006000 seconds, Stopping threads took: 0.0000450 seconds
129.787: Application time: 0.0391780 seconds
129.787: [GC [PSYoungGen: 7664K->512K(8192K)] 17122K->9970K(26112K), 0.0004280 secs] [Times: user=0.00 sys=0.00, real=0.00 secs] 
129.787: Total time for which application threads were stopped: 0.0005270 seconds, Stopping threads took: 0.0000440 seconds
129.831: Application time: 0.0441150 seconds
129.831: [GC [PSYoungGen: 7680K->512K(8192K)] 17138K->9970K(26112K), 0.0004610 secs] [Times: user=0.00 sys=0.00, real=0.00 secs] 
129.832: Total time for which application threads were stopped: 0.0005870 seconds, Stopping threads took: 0.0000600 seconds
129.871: Application time: 0.0394600 seconds
129.871: [GC [PSYoungGen: 7678K->464K(8192K)] 17137K->9970K(26112K), 0.0004080 secs] [Times: user=0.00 sys=0.00, real=0.00 secs] 
129.872: Total time for which application threads were stopped: 0.0005040 seconds, Stopping threads took: 0.0000410 seconds
129.911: Application time: 0.0395010 seconds
129.911: [GC [PSYoungGen: 7632K->432K(8192K)] 17138K->9986K(26112K), 0.0004530 secs] [Times: user=0.00 sys=0.00, real=0.00 secs] 
129.912: Total time for which application threads were stopped: 0.0005740 seconds, Stopping threads took: 0.0000570 seconds
129.951: Application time: 0.0392380 seconds
129.951: [GC [PSYoungGen: 7600K->336K(8192K)] 17154K->10010K(26112K), 0.0004380 secs] [Times: user=0.00 sys=0.00, real=0.00 secs] 
129.952: Total time for which application threads were stopped: 0.0005360 seconds, Stopping threads took: 0.0000410 seconds
129.991: Application time: 0.0395930 seconds
129.991: [GC [PSYoungGen: 7504K->320K(8192K)] 17178K->10034K(26112K), 0.0003810 secs] [Times: user=0.00 sys=0.00, real=0.00 secs] 
129.992: Total time for which application threads were stopped: 0.0004780 seconds, Stopping threads took: 0.0000430 seconds
130.031: Application time: 0.0393280 seconds
130.031: [GC [PSYoungGen: 7488K->272K(8192K)] 17202K->10018K(26112K), 0.0003700 secs] [Times: user=0.00 sys=0.00, real=0.00 secs] 
130.032: Total time for which application threads were stopped: 0.0004640 seconds, Stopping threads took: 0.0000410 seconds
130.072: Application time: 0.0399820 seconds
130.072: [GC [PSYoungGen: 7440K->272K(8192K)] 17186K->10018K(26112K), 0.0004180 secs] [Times: user=0.00 sys=0.00, real=0.00 secs] 
130.072: Total time for which application threads were stopped: 0.0005180 seconds, Stopping threads took: 0.0000430 seconds
130.110: Application time: 0.0379860 seconds
130.110: [GC [PSYoungGen: 7440K->304K(8192K)] 17186K->10099K(26112K), 0.0003910 secs] [Times: user=0.00 sys=0.00, real=0.00 secs] 
130.111: Total time for which application threads were stopped: 0.0005190 seconds, Stopping threads took: 0.0000610 seconds
130.149: Application time: 0.0387330 seconds
130.149: [GC [PSYoungGen: 7472K->400K(8192K)] 17267K->10195K(26112K), 0.0004100 secs] [Times: user=0.00 sys=0.00, real=0.00 secs] 
130.150: Total time for which application threads were stopped: 0.0005070 seconds, Stopping threads took: 0.0000380 seconds
130.188: Application time: 0.0385560 seconds
130.188: [GC [PSYoungGen: 7568K->432K(8192K)] 17363K->10227K(26112K), 0.0004530 secs] [Times: user=0.00 sys=0.00, real=0.00 secs] 
130.189: Total time for which application threads were stopped: 0.0005480 seconds, Stopping threads took: 0.0000380 seconds
130.228: Application time: 0.0388060 seconds
130.228: [GC [PSYoungGen: 7600K->480K(8192K)] 17395K->10275K(26112K), 0.0004590 secs] [Times: user=0.00 sys=0.00, real=0.00 secs] 
130.228: Total time for which application threads were stopped: 0.0005610 seconds, Stopping threads took: 0.0000460 seconds
130.267: Application time: 0.0390950 seconds
130.268: [GC [PSYoungGen: 7648K->480K(8192K)] 17443K->10275K(26112K), 0.0004250 secs] [Times: user=0.01 sys=0.00, real=0.00 secs] 
130.268: Total time for which application threads were stopped: 0.0005360 seconds, Stopping threads took: 0.0000540 seconds
130.308: Application time: 0.0397530 seconds
130.308: [GC [PSYoungGen: 7648K->480K(8192K)] 17443K->10275K(26112K), 0.0005070 secs] [Times: user=0.00 sys=0.00, real=0.00 secs] 
130.308: Total time for which application threads were stopped: 0.0006050 seconds, Stopping threads took: 0.0000460 seconds
130.348: Application time: 0.0392580 seconds
130.348: [GC [PSYoungGen: 7648K->512K(8192K)] 17443K->10306K(26112K), 0.0004140 secs] [Times: user=0.00 sys=0.00, real=0.00 secs] 
130.348: Total time for which application threads were stopped: 0.0005080 seconds, Stopping threads took: 0.0000380 seconds
130.388: Application time: 0.0398320 seconds
130.388: [GC [PSYoungGen: 7680K->496K(8192K)] 17474K->10291K(26112K), 0.0004610 secs] [Times: user=0.00 sys=0.00, real=0.00 secs] 
130.388: Total time for which application threads were stopped: 0.0005670 seconds, Stopping threads took: 0.0000510 seconds
130.428: Application time: 0.0395170 seconds
130.428: [GC [PSYoungGen: 7664K->528K(8192K)] 17459K->10323K(26112K), 0.0004380 secs] [Times: user=0.00 sys=0.00, real=0.01 secs] 
130.430: Total time for which application threads were stopped: 0.0016620 seconds, Stopping threads took: 0.0000410 seconds
130.469: Application time: 0.0395050 seconds
130.469: [GC [PSYoungGen: 7696K->512K(8192K)] 17491K->10307K(26112K), 0.0004730 secs] [Times: user=0.01 sys=0.00, real=0.00 secs] 
130.470: Total time for which application threads were stopped: 0.0005740 seconds, Stopping threads took: 0.0000440 seconds
130.509: Application time: 0.0391250 seconds
130.509: [GC [PSYoungGen: 7680K->480K(8192K)] 17475K->10274K(26112K), 0.0004150 secs] [Times: user=0.00 sys=0.00, real=0.01 secs] 
130.509: Total time for which application threads were stopped: 0.0005490 seconds, Stopping threads took: 0.0000750 seconds
130.549: Application time: 0.0392320 seconds
130.549: [GC [PSYoungGen: 7648K->528K(8192K)] 17442K->10323K(26112K), 0.0005180 secs] [Times: user=0.00 sys=0.00, real=0.01 secs] 
130.549: Total time for which application threads were stopped: 0.0006220 seconds, Stopping threads took: 0.0000480 seconds
130.588: Application time: 0.0392050 seconds
130.589: [GC [PSYoungGen: 7696K->480K(8192K)] 17491K->10275K(26112K), 0.0004350 secs] [Times: user=0.00 sys=0.00, real=0.00 secs] 
130.589: Total time for which application threads were stopped: 0.0005420 seconds, Stopping threads took: 0.0000470 seconds
130.628: Application time: 0.0392300 seconds
130.628: [GC [PSYoungGen: 7648K->512K(8192K)] 17443K->10307K(26112K), 0.0004910 secs] [Times: user=0.00 sys=0.00, real=0.00 secs] 
130.629: Total time for which application threads were stopped: 0.0006030 seconds, Stopping threads took: 0.0000490 seconds
130.668: Application time: 0.0392700 seconds
130.668: [GC [PSYoungGen: 7680K->480K(8192K)] 17475K->10275K(26112K), 0.0004220 secs] [Times: user=0.00 sys=0.00, real=0.00 secs] 
130.669: Total time for which application threads were stopped: 0.0005200 seconds, Stopping threads took: 0.0000410 seconds
130.708: Application time: 0.0394500 seconds
130.708: [GC [PSYoungGen: 7648K->368K(8192K)] 17443K->10283K(26112K), 0.0004200 secs] [Times: user=0.00 sys=0.00, real=0.00 secs] 
130.709: Total time for which application threads were stopped: 0.0005190 seconds, Stopping threads took: 0.0000440 seconds
130.748: Application time: 0.0395200 seconds
130.748: [GC [PSYoungGen: 7536K->320K(8192K)] 17451K->10315K(26112K), 0.0004340 secs] [Times: user=0.01 sys=0.00, real=0.00 secs] 
130.749: Total time for which application threads were stopped: 0.0005340 seconds, Stopping threads took: 0.0000440 seconds
130.788: Application time: 0.0395830 seconds
130.788: [GC [PSYoungGen: 7488K->288K(8192K)] 17483K->10331K(26112K), 0.0003870 secs] [Times: user=0.00 sys=0.00, real=0.00 secs] 
130.789: Total time for which application threads were stopped: 0.0004870 seconds, Stopping threads took: 0.0000450 seconds
130.828: Application time: 0.0392780 seconds
130.828: [GC [PSYoungGen: 7456K->304K(8192K)] 17499K->10395K(26112K), 0.0003820 secs] [Times: user=0.00 sys=0.00, real=0.00 secs] 
130.829: Total time for which application threads were stopped: 0.0004790 seconds, Stopping threads took: 0.0000410 seconds
130.867: Application time: 0.0383510 seconds
130.867: [GC [PSYoungGen: 7472K->304K(8192K)] 17563K->10451K(26112K), 0.0003890 secs] [Times: user=0.00 sys=0.00, real=0.00 secs] 
130.867: Total time for which application threads were stopped: 0.0004890 seconds, Stopping threads took: 0.0000430 seconds
130.906: Application time: 0.0388170 seconds
130.906: [GC [PSYoungGen: 7472K->384K(8192K)] 17619K->10531K(26112K), 0.0004330 secs] [Times: user=0.00 sys=0.00, real=0.00 secs] 
130.907: Total time for which application threads were stopped: 0.0005440 seconds, Stopping threads took: 0.0000420 seconds
130.945: Application time: 0.0385920 seconds
130.945: [GC [PSYoungGen: 7552K->400K(8192K)] 17699K->10547K(26112K), 0.0004120 secs] [Times: user=0.00 sys=0.00, real=0.00 secs] 
130.946: Total time for which application threads were stopped: 0.0005120 seconds, Stopping threads took: 0.0000440 seconds
130.985: Application time: 0.0389920 seconds
130.985: [GC [PSYoungGen: 7568K->464K(8192K)] 17715K->10611K(26112K), 0.0004400 secs] [Times: user=0.00 sys=0.00, real=0.00 secs] 
130.985: Total time for which application threads were stopped: 0.0005330 seconds, Stopping threads took: 0.0000370 seconds
131.024: Application time: 0.0388870 seconds
131.025: [GC [PSYoungGen: 7632K->464K(8192K)] 17779K->10611K(26112K), 0.0004060 secs] [Times: user=0.00 sys=0.00, real=0.00 secs] 
131.025: Total time for which application threads were stopped: 0.0012590 seconds, Stopping threads took: 0.0007970 seconds
131.064: Application time: 0.0389690 seconds
131.065: [GC [PSYoungGen: 7632K->544K(8192K)] 17779K->10691K(26112K), 0.0004360 secs] [Times: user=0.00 sys=0.00, real=0.00 secs] 
131.065: Total time for which application threads were stopped: 0.0005500 seconds, Stopping threads took: 0.0000500 seconds
131.105: Application time: 0.0398790 seconds
131.105: [GC [PSYoungGen: 7712K->528K(8192K)] 17859K->10675K(26112K), 0.0004640 secs] [Times: user=0.00 sys=0.01, real=0.00 secs] 
131.105: Total time for which application threads were stopped: 0.0005610 seconds, Stopping threads took: 0.0000420 seconds
131.145: Application time: 0.0397400 seconds
131.145: [GC [PSYoungGen: 7696K->480K(8192K)] 17843K->10627K(26112K), 0.0004330 secs] [Times: user=0.00 sys=0.00, real=0.00 secs] 
131.146: Total time for which application threads were stopped: 0.0005510 seconds, Stopping threads took: 0.0000520 seconds
131.185: Application time: 0.0392190 seconds
131.185: [GC [PSYoungGen: 7648K->480K(8192K)] 17795K->10627K(26112K), 0.0004240 secs] [Times: user=0.00 sys=0.00, real=0.00 secs] 
131.186: Total time for which application threads were stopped: 0.0005240 seconds, Stopping threads took: 0.0000450 seconds
131.225: Application time: 0.0393080 seconds
131.225: [GC [PSYoungGen: 7648K->480K(8192K)] 17795K->10627K(26112K), 0.0004200 secs] [Times: user=0.00 sys=0.00, real=0.00 secs] 
131.225: Total time for which application threads were stopped: 0.0005280 seconds, Stopping threads took: 0.0000510 seconds
131.264: Application time: 0.0391580 seconds
131.265: [GC [PSYoungGen: 7648K->480K(8192K)] 17795K->10627K(26112K), 0.0004180 secs] [Times: user=0.00 sys=0.00, real=0.00 secs] 
131.265: Total time for which application threads were stopped: 0.0005210 seconds, Stopping threads took: 0.0000400 seconds
131.304: Application time: 0.0393070 seconds
131.304: [GC [PSYoungGen: 7648K->544K(8192K)] 17795K->10691K(26112K), 0.0004460 secs] [Times: user=0.01 sys=0.00, real=0.00 secs] 
131.305: Total time for which application threads were stopped: 0.0005740 seconds, Stopping threads took: 0.0000620 seconds
131.344: Application time: 0.0395770 seconds
131.345: [GC [PSYoungGen: 7712K->544K(8192K)] 17859K->10691K(26112K), 0.0004310 secs] [Times: user=0.00 sys=0.00, real=0.00 secs] 
131.345: Total time for which application threads were stopped: 0.0005360 seconds, Stopping threads took: 0.0000470 seconds
131.384: Application time: 0.0392900 seconds
131.384: [GC [PSYoungGen: 7712K->512K(8192K)] 17859K->10659K(26112K), 0.0004160 secs] [Times: user=0.00 sys=0.00, real=0.00 secs] 
131.385: Total time for which application threads were stopped: 0.0005080 seconds, Stopping threads took: 0.0000340 seconds
131.424: Application time: 0.0392330 seconds
131.424: [GC [PSYoungGen: 7680K->512K(8192K)] 17827K->10659K(26112K), 0.0004770 secs] [Times: user=0.00 sys=0.00, real=0.00 secs] 
131.425: Total time for which application threads were stopped: 0.0005700 seconds, Stopping threads took: 0.0000380 seconds
131.464: Application time: 0.0395720 seconds
131.464: [GC [PSYoungGen: 7680K->448K(8192K)] 17827K->10675K(26112K), 0.0004200 secs] [Times: user=0.01 sys=0.00, real=0.00 secs] 
131.465: Total time for which application threads were stopped: 0.0005230 seconds, Stopping threads took: 0.0000480 seconds
131.504: Application time: 0.0394520 seconds
131.504: [GC [PSYoungGen: 7616K->352K(8192K)] 17843K->10675K(26112K), 0.0003970 secs] [Times: user=0.00 sys=0.00, real=0.00 secs] 
131.505: Total time for which application threads were stopped: 0.0004900 seconds, Stopping threads took: 0.0000400 seconds
131.544: Application time: 0.0393040 seconds
131.544: [GC [PSYoungGen: 7520K->320K(8192K)] 17843K->10691K(26112K), 0.0003880 secs] [Times: user=0.00 sys=0.00, real=0.00 secs] 
131.544: Total time for which application threads were stopped: 0.0004850 seconds, Stopping threads took: 0.0000400 seconds
131.584: Application time: 0.0393100 seconds
131.584: [GC [PSYoungGen: 7488K->288K(8192K)] 17859K->10715K(26112K), 0.0003720 secs] [Times: user=0.01 sys=0.00, real=0.00 secs] 
131.584: Total time for which application threads were stopped: 0.0004740 seconds, Stopping threads took: 0.0000480 seconds
131.624: Application time: 0.0396940 seconds
131.624: [GC [PSYoungGen: 7456K->272K(8192K)] 17883K->10747K(26112K), 0.0003640 secs] [Times: user=0.00 sys=0.00, real=0.00 secs] 
131.624: Total time for which application threads were stopped: 0.0004670 seconds, Stopping threads took: 0.0000490 seconds
131.662: Application time: 0.0378560 seconds
131.662: [GC [PSYoungGen: 7440K->384K(8192K)] 17915K->10907K(26112K), 0.0003770 secs] [Times: user=0.00 sys=0.00, real=0.00 secs] 
131.663: Total time for which application threads were stopped: 0.0004900 seconds, Stopping threads took: 0.0000470 seconds
131.701: Application time: 0.0382800 seconds
131.701: [GC [PSYoungGen: 7552K->416K(8192K)] 18075K->10939K(26112K), 0.0003950 secs] [Times: user=0.01 sys=0.00, real=0.00 secs] 
131.702: Total time for which application threads were stopped: 0.0004920 seconds, Stopping threads took: 0.0000410 seconds
131.741: Application time: 0.0390740 seconds
131.741: [GC [PSYoungGen: 7584K->496K(8192K)] 18107K->11019K(26112K), 0.0004080 secs] [Times: user=0.00 sys=0.00, real=0.01 secs] 
131.741: Total time for which application threads were stopped: 0.0005080 seconds, Stopping threads took: 0.0000430 seconds
131.780: Application time: 0.0390320 seconds
131.780: [GC [PSYoungGen: 7664K->432K(8192K)] 18187K->10955K(26112K), 0.0004200 secs] [Times: user=0.00 sys=0.00, real=0.00 secs] 
131.781: Total time for which application threads were stopped: 0.0005310 seconds, Stopping threads took: 0.0000520 seconds
131.820: Application time: 0.0393250 seconds
131.820: [GC [PSYoungGen: 7600K->432K(8192K)] 18123K->10955K(26112K), 0.0004110 secs] [Times: user=0.01 sys=0.00, real=0.00 secs] 
131.821: Total time for which application threads were stopped: 0.0005110 seconds, Stopping threads took: 0.0000460 seconds
131.860: Application time: 0.0392470 seconds
131.860: [GC [PSYoungGen: 7600K->480K(8192K)] 18123K->11003K(26112K), 0.0004380 secs] [Times: user=0.00 sys=0.00, real=0.00 secs] 
131.860: Total time for which application threads were stopped: 0.0005450 seconds, Stopping threads took: 0.0000490 seconds
131.900: Application time: 0.0397950 seconds
131.900: [GC [PSYoungGen: 7648K->480K(8192K)] 18171K->11003K(26112K), 0.0004850 secs] [Times: user=0.00 sys=0.00, real=0.00 secs] 
131.901: Total time for which application threads were stopped: 0.0006230 seconds, Stopping threads took: 0.0000730 seconds
131.940: Application time: 0.0392720 seconds
131.940: [GC [PSYoungGen: 7648K->480K(8192K)] 18171K->11003K(26112K), 0.0004340 secs] [Times: user=0.01 sys=0.00, real=0.00 secs] 
131.941: Total time for which application threads were stopped: 0.0005380 seconds, Stopping threads took: 0.0000460 seconds
131.980: Application time: 0.0392520 seconds
131.980: [GC [PSYoungGen: 7648K->544K(8192K)] 18171K->11067K(26112K), 0.0004090 secs] [Times: user=0.00 sys=0.00, real=0.00 secs] 
131.980: Total time for which application threads were stopped: 0.0005030 seconds, Stopping threads took: 0.0000420 seconds
132.020: Application time: 0.0395290 seconds
132.020: [GC [PSYoungGen: 7712K->512K(8192K)] 18235K->11035K(26112K), 0.0004500 secs] [Times: user=0.00 sys=0.00, real=0.00 secs] 
132.020: Total time for which application threads were stopped: 0.0005470 seconds, Stopping threads took: 0.0000430 seconds
132.059: Application time: 0.0390110 seconds
132.059: [GC [PSYoungGen: 7680K->496K(8192K)] 18203K->11019K(26112K), 0.0004630 secs] [Times: user=0.01 sys=0.00, real=0.00 secs] 
132.060: Total time for which application threads were stopped: 0.0005560 seconds, Stopping threads took: 0.0000390 seconds
132.100: Application time: 0.0396370 seconds
132.100: [GC [PSYoungGen: 7664K->480K(8192K)] 18187K->11003K(26112K), 0.0004700 secs] [Times: user=0.00 sys=0.00, real=0.00 secs] 
132.100: Total time for which application threads were stopped: 0.0005630 seconds, Stopping threads took: 0.0000360 seconds
132.139: Application time: 0.0392280 seconds
132.139: [GC [PSYoungGen: 7648K->496K(8192K)] 18171K->11019K(26112K), 0.0004150 secs] [Times: user=0.00 sys=0.00, real=0.00 secs] 
132.140: Total time for which application threads were stopped: 0.0005070 seconds, Stopping threads took: 0.0000370 seconds
132.179: Application time: 0.0395140 seconds
132.179: [GC [PSYoungGen: 7664K->512K(8192K)] 18187K->11035K(26112K), 0.0004120 secs] [Times: user=0.00 sys=0.00, real=0.00 secs] 
132.180: Total time for which application threads were stopped: 0.0005170 seconds, Stopping threads took: 0.0000430 seconds
132.219: Application time: 0.0393460 seconds
132.219: [GC [PSYoungGen: 7680K->512K(8192K)] 18203K->11035K(26112K), 0.0004440 secs] [Times: user=0.00 sys=0.00, real=0.00 secs] 
132.220: Total time for which application threads were stopped: 0.0005470 seconds, Stopping threads took: 0.0000460 seconds
132.259: Application time: 0.0392250 seconds
132.259: [GC [PSYoungGen: 7680K->384K(8192K)] 18203K->11027K(26112K), 0.0004360 secs] [Times: user=0.01 sys=0.00, real=0.00 secs] 
132.260: Total time for which application threads were stopped: 0.0005340 seconds, Stopping threads took: 0.0000440 seconds
132.299: Application time: 0.0395000 seconds
132.299: [GC [PSYoungGen: 7552K->320K(8192K)] 18195K->11051K(26112K), 0.0003990 secs] [Times: user=0.00 sys=0.00, real=0.00 secs] 
132.300: Total time for which application threads were stopped: 0.0005020 seconds, Stopping threads took: 0.0000460 seconds
132.339: Application time: 0.0397150 seconds
132.339: [GC [PSYoungGen: 7488K->288K(8192K)] 18219K->11075K(26112K), 0.0003930 secs] [Times: user=0.00 sys=0.00, real=0.00 secs] 
132.340: Total time for which application threads were stopped: 0.0004910 seconds, Stopping threads took: 0.0000420 seconds
132.379: Application time: 0.0392680 seconds
132.379: [GC [PSYoungGen: 7456K->304K(8192K)] 18243K->11139K(26112K), 0.0003780 secs] [Times: user=0.00 sys=0.00, real=0.00 secs] 
132.380: Total time for which application threads were stopped: 0.0004830 seconds, Stopping threads took: 0.0000500 seconds
132.419: Application time: 0.0392990 seconds
132.419: [GC [PSYoungGen: 7472K->272K(8192K)] 18307K->11107K(26112K), 0.0004220 secs] [Times: user=0.00 sys=0.00, real=0.00 secs] 
132.419: Total time for which application threads were stopped: 0.0005160 seconds, Stopping threads took: 0.0000380 seconds
132.457: Application time: 0.0377670 seconds
132.461: [GC [PSYoungGen: 7440K->336K(8192K)] 18275K->11219K(26112K), 0.0004020 secs] [Times: user=0.00 sys=0.00, real=0.00 secs] 
132.462: Total time for which application threads were stopped: 0.0043610 seconds, Stopping threads took: 0.0039010 seconds
132.500: Application time: 0.0387470 seconds
132.500: [GC [PSYoungGen: 7504K->400K(8192K)] 18387K->11283K(26112K), 0.0004410 secs] [Times: user=0.00 sys=0.00, real=0.00 secs] 
132.501: Total time for which application threads were stopped: 0.0005420 seconds, Stopping threads took: 0.0000440 seconds
132.540: Application time: 0.0391720 seconds
132.540: [GC [PSYoungGen: 7568K->416K(8192K)] 18451K->11299K(26112K), 0.0004500 secs] [Times: user=0.00 sys=0.00, real=0.00 secs] 
132.541: Total time for which application threads were stopped: 0.0005440 seconds, Stopping threads took: 0.0000370 seconds
132.580: Application time: 0.0390480 seconds
132.580: [GC [PSYoungGen: 7584K->464K(8192K)] 18467K->11347K(26112K), 0.0004470 secs] [Times: user=0.00 sys=0.00, real=0.00 secs] 
132.580: Total time for which application threads were stopped: 0.0005470 seconds, Stopping threads took: 0.0000440 seconds
132.619: Application time: 0.0388760 seconds
132.619: [GC [PSYoungGen: 7632K->480K(8192K)] 18515K->11363K(26112K), 0.0004560 secs] [Times: user=0.00 sys=0.00, real=0.00 secs] 
132.620: Total time for which application threads were stopped: 0.0005580 seconds, Stopping threads took: 0.0000450 seconds
132.659: Application time: 0.0394720 seconds
132.659: [GC [PSYoungGen: 7648K->496K(8192K)] 18531K->11379K(26112K), 0.0004150 secs] [Times: user=0.00 sys=0.00, real=0.00 secs] 
132.660: Total time for which application threads were stopped: 0.0005220 seconds, Stopping threads took: 0.0000520 seconds
132.699: Application time: 0.0392900 seconds
132.699: [GC [PSYoungGen: 7664K->480K(8192K)] 18547K->11363K(26112K), 0.0004080 secs] [Times: user=0.00 sys=0.00, real=0.00 secs] 
132.699: Total time for which application threads were stopped: 0.0005280 seconds, Stopping threads took: 0.0000520 seconds
132.739: Application time: 0.0392770 seconds
132.739: [GC [PSYoungGen: 7647K->512K(8192K)] 18531K->11395K(26112K), 0.0004660 secs] [Times: user=0.00 sys=0.00, real=0.00 secs] 
132.739: Total time for which application threads were stopped: 0.0005630 seconds, Stopping threads took: 0.0000390 seconds
132.779: Application time: 0.0393140 seconds
132.779: [GC [PSYoungGen: 7680K->528K(8192K)] 18563K->11411K(26112K), 0.0004270 secs] [Times: user=0.00 sys=0.00, real=0.00 secs] 
132.779: Total time for which application threads were stopped: 0.0005210 seconds, Stopping threads took: 0.0000390 seconds
132.819: Application time: 0.0396100 seconds
132.819: [GC [PSYoungGen: 7696K->496K(8192K)] 18579K->11379K(26112K), 0.0004880 secs] [Times: user=0.00 sys=0.00, real=0.00 secs] 
132.819: Total time for which application threads were stopped: 0.0005800 seconds, Stopping threads took: 0.0000380 seconds
132.858: Application time: 0.0390510 seconds
132.858: [GC [PSYoungGen: 7664K->480K(8192K)] 18547K->11363K(26112K), 0.0004580 secs] [Times: user=0.00 sys=0.00, real=0.00 secs] 
132.859: Total time for which application threads were stopped: 0.0005590 seconds, Stopping threads took: 0.0000460 seconds
132.898: Application time: 0.0395900 seconds
132.899: [GC [PSYoungGen: 7648K->512K(8192K)] 18531K->11395K(26112K), 0.0006060 secs] [Times: user=0.00 sys=0.00, real=0.00 secs] 
132.899: Total time for which application threads were stopped: 0.0007660 seconds, Stopping threads took: 0.0000820 seconds
132.938: Application time: 0.0392010 seconds
132.938: [GC [PSYoungGen: 7680K->528K(8192K)] 18563K->11411K(26112K), 0.0004400 secs] [Times: user=0.00 sys=0.00, real=0.00 secs] 
132.939: Total time for which application threads were stopped: 0.0005560 seconds, Stopping threads took: 0.0000460 seconds
132.978: Application time: 0.0392800 seconds
132.978: [GC [PSYoungGen: 7696K->480K(8192K)] 18579K->11363K(26112K), 0.0004170 secs] [Times: user=0.00 sys=0.00, real=0.00 secs] 
132.979: Total time for which application threads were stopped: 0.0005240 seconds, Stopping threads took: 0.0000520 seconds
133.018: Application time: 0.0394940 seconds
133.018: [GC [PSYoungGen: 7648K->496K(8192K)] 18531K->11379K(26112K), 0.0004560 secs] [Times: user=0.00 sys=0.00, real=0.00 secs] 
133.019: Total time for which application threads were stopped: 0.0005520 seconds, Stopping threads took: 0.0000390 seconds
133.058: Application time: 0.0393140 seconds
133.058: [GC [PSYoungGen: 7664K->384K(8192K)] 18547K->11387K(26112K), 0.0004640 secs] [Times: user=0.01 sys=0.00, real=0.00 secs] 
133.059: Total time for which application threads were stopped: 0.0005620 seconds, Stopping threads took: 0.0000420 seconds
133.098: Application time: 0.0394910 seconds
133.098: [GC [PSYoungGen: 7552K->320K(8192K)] 18555K->11403K(26112K), 0.0004420 secs] [Times: user=0.00 sys=0.00, real=0.00 secs] 
133.099: Total time for which application threads were stopped: 0.0005370 seconds, Stopping threads took: 0.0000400 seconds
133.138: Application time: 0.0392830 seconds
133.138: [GC [PSYoungGen: 7488K->304K(8192K)] 18571K->11443K(26112K), 0.0003730 secs] [Times: user=0.00 sys=0.00, real=0.00 secs] 
133.138: Total time for which application threads were stopped: 0.0004670 seconds, Stopping threads took: 0.0000390 seconds
133.178: Application time: 0.0395550 seconds
133.178: [GC [PSYoungGen: 7472K->272K(8192K)] 18611K->11459K(26112K), 0.0004840 secs] [Times: user=0.00 sys=0.00, real=0.00 secs] 
133.179: Total time for which application threads were stopped: 0.0005830 seconds, Stopping threads took: 0.0000450 seconds
133.217: Application time: 0.0382550 seconds
133.217: [GC [PSYoungGen: 7440K->288K(8192K)] 18627K->11523K(26112K), 0.0004250 secs] [Times: user=0.00 sys=0.00, real=0.00 secs] 
133.217: Total time for which application threads were stopped: 0.0005330 seconds, Stopping threads took: 0.0000380 seconds
133.256: Application time: 0.0389450 seconds
133.256: [GC [PSYoungGen: 7456K->368K(8192K)] 18691K->11604K(26112K), 0.0003840 secs] [Times: user=0.00 sys=0.00, real=0.00 secs] 
133.257: Total time for which application threads were stopped: 0.0004980 seconds, Stopping threads took: 0.0000580 seconds
133.295: Application time: 0.0384340 seconds
133.295: [GC [PSYoungGen: 7536K->384K(8192K)] 18772K->11620K(26112K), 0.0004010 secs] [Times: user=0.00 sys=0.00, real=0.00 secs] 
133.296: Total time for which application threads were stopped: 0.0005070 seconds, Stopping threads took: 0.0000470 seconds
133.335: Application time: 0.0387650 seconds
133.335: [GC [PSYoungGen: 7552K->400K(8192K)] 18788K->11636K(26112K), 0.0004150 secs] [Times: user=0.01 sys=0.00, real=0.00 secs] 
133.335: Total time for which application threads were stopped: 0.0005190 seconds, Stopping threads took: 0.0000450 seconds
133.374: Application time: 0.0387870 seconds
133.374: [GC [PSYoungGen: 7568K->480K(8192K)] 18804K->11716K(26112K), 0.0004070 secs] [Times: user=0.00 sys=0.00, real=0.00 secs] 
133.374: Total time for which application threads were stopped: 0.0005060 seconds, Stopping threads took: 0.0000400 seconds
133.413: Application time: 0.0389130 seconds
133.413: [GC [PSYoungGen: 7648K->528K(8192K)] 18884K->11764K(26112K), 0.0004620 secs] [Times: user=0.00 sys=0.00, real=0.00 secs] 
133.414: Total time for which application threads were stopped: 0.0005540 seconds, Stopping threads took: 0.0000390 seconds
133.454: Application time: 0.0396840 seconds
133.454: [GC [PSYoungGen: 7696K->512K(8192K)] 18932K->11748K(26112K), 0.0004120 secs] [Times: user=0.00 sys=0.00, real=0.00 secs] 
133.454: Total time for which application threads were stopped: 0.0005160 seconds, Stopping threads took: 0.0000450 seconds
133.494: Application time: 0.0395680 seconds
133.494: [GC [PSYoungGen: 7680K->496K(8192K)] 18916K->11732K(26112K), 0.0004360 secs] [Times: user=0.00 sys=0.00, real=0.00 secs] 
133.494: Total time for which application threads were stopped: 0.0005300 seconds, Stopping threads took: 0.0000390 seconds
133.534: Application time: 0.0394500 seconds
133.534: [GC [PSYoungGen: 7664K->544K(8192K)] 18900K->11780K(26112K), 0.0004240 secs] [Times: user=0.00 sys=0.00, real=0.00 secs] 
133.534: Total time for which application threads were stopped: 0.0005330 seconds, Stopping threads took: 0.0000520 seconds
133.574: Application time: 0.0394880 seconds
133.574: [GC [PSYoungGen: 7712K->480K(8192K)] 18948K->11716K(26112K), 0.0004270 secs] [Times: user=0.00 sys=0.00, real=0.00 secs] 
133.574: Total time for which application threads were stopped: 0.0005240 seconds, Stopping threads took: 0.0000420 seconds
133.613: Application time: 0.0391900 seconds
133.613: [GC [PSYoungGen: 7648K->496K(8192K)] 18884K->11732K(26112K), 0.0004840 secs] [Times: user=0.00 sys=0.00, real=0.00 secs] 
133.614: Total time for which application threads were stopped: 0.0005970 seconds, Stopping threads took: 0.0000560 seconds
133.653: Application time: 0.0392000 seconds
133.653: [GC [PSYoungGen: 7664K->528K(8192K)] 18900K->11764K(26112K), 0.0004150 secs] [Times: user=0.00 sys=0.00, real=0.00 secs] 
133.654: Total time for which application threads were stopped: 0.0005140 seconds, Stopping threads took: 0.0000390 seconds
133.693: Application time: 0.0392260 seconds
133.693: [GC [PSYoungGen: 7696K->496K(8192K)] 18932K->11732K(26112K), 0.0004960 secs] [Times: user=0.00 sys=0.00, real=0.00 secs] 
133.693: Total time for which application threads were stopped: 0.0005910 seconds, Stopping threads took: 0.0000430 seconds
133.733: Application time: 0.0392350 seconds
133.733: [GC [PSYoungGen: 7664K->528K(8192K)] 18900K->11764K(26112K), 0.0004490 secs] [Times: user=0.00 sys=0.00, real=0.00 secs] 
133.733: Total time for which application threads were stopped: 0.0005570 seconds, Stopping threads took: 0.0000400 seconds
133.773: Application time: 0.0396770 seconds
133.773: [GC [PSYoungGen: 7696K->496K(8192K)] 18932K->11732K(26112K), 0.0004720 secs] [Times: user=0.00 sys=0.00, real=0.00 secs] 
133.774: Total time for which application threads were stopped: 0.0005690 seconds, Stopping threads took: 0.0000370 seconds
133.813: Application time: 0.0394360 seconds
133.813: [GC [PSYoungGen: 7664K->416K(8192K)] 18900K->11748K(26112K), 0.0004270 secs] [Times: user=0.00 sys=0.00, real=0.00 secs] 
133.813: Total time for which application threads were stopped: 0.0005290 seconds, Stopping threads took: 0.0000460 seconds
133.853: Application time: 0.0393840 seconds
133.853: [GC [PSYoungGen: 7584K->384K(8192K)] 18916K->11780K(26112K), 0.0004140 secs] [Times: user=0.00 sys=0.00, real=0.00 secs] 
133.853: Total time for which application threads were stopped: 0.0005090 seconds, Stopping threads took: 0.0000420 seconds
133.893: Application time: 0.0394210 seconds
133.893: [GC [PSYoungGen: 7552K->352K(8192K)] 18948K->11836K(26112K), 0.0004330 secs] [Times: user=0.00 sys=0.00, real=0.00 secs] 
133.893: Total time for which application threads were stopped: 0.0005370 seconds, Stopping threads took: 0.0000480 seconds
133.933: Application time: 0.0396220 seconds
133.933: [GC [PSYoungGen: 7520K->288K(8192K)] 19004K->11820K(26112K), 0.0004280 secs] [Times: user=0.00 sys=0.00, real=0.00 secs] 
133.934: Total time for which application threads were stopped: 0.0005350 seconds, Stopping threads took: 0.0000460 seconds
133.973: Application time: 0.0393910 seconds
133.973: [GC [PSYoungGen: 7456K->272K(8192K)] 18988K->11860K(26112K), 0.0003910 secs] [Times: user=0.00 sys=0.00, real=0.00 secs] 
133.973: Total time for which application threads were stopped: 0.0004870 seconds, Stopping threads took: 0.0000420 seconds
134.012: Application time: 0.0388300 seconds
134.012: [GC [PSYoungGen: 7440K->288K(8192K)] 19028K->11916K(26112K), 0.0003870 secs] [Times: user=0.00 sys=0.00, real=0.00 secs] 
134.013: Total time for which application threads were stopped: 0.0004970 seconds, Stopping threads took: 0.0000460 seconds
134.051: Application time: 0.0378700 seconds
134.051: [GC [PSYoungGen: 7456K->400K(8192K)] 19084K->12028K(26112K), 0.0004510 secs] [Times: user=0.00 sys=0.00, real=0.00 secs] 
134.051: Total time for which application threads were stopped: 0.0005560 seconds, Stopping threads took: 0.0000450 seconds
134.091: Application time: 0.0395400 seconds
134.091: [GC [PSYoungGen: 7568K->384K(8192K)] 19196K->12012K(26112K), 0.0004010 secs] [Times: user=0.00 sys=0.00, real=0.00 secs] 
134.091: Total time for which application threads were stopped: 0.0004970 seconds, Stopping threads took: 0.0000430 seconds
134.130: Application time: 0.0384360 seconds
134.130: [GC [PSYoungGen: 7552K->480K(8192K)] 19180K->12108K(26112K), 0.0004590 secs] [Times: user=0.00 sys=0.00, real=0.00 secs] 
134.130: Total time for which application threads were stopped: 0.0005590 seconds, Stopping threads took: 0.0000430 seconds
134.170: Application time: 0.0394160 seconds
134.173: [GC [PSYoungGen: 7648K->448K(8192K)] 19276K->12076K(26112K), 0.0004370 secs] [Times: user=0.00 sys=0.00, real=0.00 secs] 
134.174: Total time for which application threads were stopped: 0.0039360 seconds, Stopping threads took: 0.0034390 seconds
134.212: Application time: 0.0388810 seconds
134.213: [GC [PSYoungGen: 7616K->512K(8192K)] 19244K->12140K(26112K), 0.0004570 secs] [Times: user=0.00 sys=0.00, real=0.00 secs] 
134.213: Total time for which application threads were stopped: 0.0005610 seconds, Stopping threads took: 0.0000480 seconds
134.252: Application time: 0.0394440 seconds
134.253: [GC [PSYoungGen: 7680K->512K(8192K)] 19308K->12140K(26112K), 0.0004870 secs] [Times: user=0.00 sys=0.00, real=0.00 secs] 
134.253: Total time for which application threads were stopped: 0.0006090 seconds, Stopping threads took: 0.0000560 seconds
134.293: Application time: 0.0398850 seconds
134.293: [GC [PSYoungGen: 7680K->464K(8192K)] 19308K->12092K(26112K), 0.0004260 secs] [Times: user=0.00 sys=0.00, real=0.00 secs] 
134.293: Total time for which application threads were stopped: 0.0005540 seconds, Stopping threads took: 0.0000670 seconds
134.333: Application time: 0.0392120 seconds
134.333: [GC [PSYoungGen: 7632K->496K(8192K)] 19260K->12124K(26112K), 0.0004290 secs] [Times: user=0.00 sys=0.00, real=0.00 secs] 
134.333: Total time for which application threads were stopped: 0.0005310 seconds, Stopping threads took: 0.0000450 seconds
134.372: Application time: 0.0392290 seconds
134.373: [GC [PSYoungGen: 7664K->496K(8192K)] 19292K->12124K(26112K), 0.0004240 secs] [Times: user=0.01 sys=0.00, real=0.00 secs] 
134.373: Total time for which application threads were stopped: 0.0005180 seconds, Stopping threads took: 0.0000390 seconds
134.412: Application time: 0.0392940 seconds
134.412: [GC [PSYoungGen: 7664K->512K(8192K)] 19292K->12140K(26112K), 0.0004530 secs] [Times: user=0.00 sys=0.00, real=0.00 secs] 
134.413: Total time for which application threads were stopped: 0.0005620 seconds, Stopping threads took: 0.0000540 seconds
134.452: Application time: 0.0390730 seconds
134.452: [GC [PSYoungGen: 7680K->496K(8192K)] 19308K->12124K(26112K), 0.0004510 secs] [Times: user=0.00 sys=0.00, real=0.00 secs] 
134.452: Total time for which application threads were stopped: 0.0005500 seconds, Stopping threads took: 0.0000390 seconds
134.492: Application time: 0.0396340 seconds
134.492: [GC [PSYoungGen: 7664K->528K(8192K)] 19292K->12156K(26112K), 0.0004680 secs] [Times: user=0.00 sys=0.00, real=0.00 secs] 
134.493: Total time for which application threads were stopped: 0.0005680 seconds, Stopping threads took: 0.0000470 seconds
134.532: Application time: 0.0391720 seconds
134.532: [GC [PSYoungGen: 7696K->528K(8192K)] 19324K->12156K(26112K), 0.0004160 secs] [Times: user=0.00 sys=0.00, real=0.00 secs] 
134.532: Total time for which application threads were stopped: 0.0005210 seconds, Stopping threads took: 0.0000470 seconds
134.572: Application time: 0.0395030 seconds
134.572: [GC [PSYoungGen: 7696K->480K(8192K)] 19324K->12108K(26112K), 0.0004310 secs] [Times: user=0.00 sys=0.00, real=0.00 secs] 
134.572: Total time for which application threads were stopped: 0.0005350 seconds, Stopping threads took: 0.0000400 seconds
134.612: Application time: 0.0395820 seconds
134.613: [GC [PSYoungGen: 7648K->384K(8192K)] 19276K->12108K(26112K), 0.0004430 secs] [Times: user=0.01 sys=0.00, real=0.00 secs] 
134.614: Total time for which application threads were stopped: 0.0015500 seconds, Stopping threads took: 0.0010540 seconds
134.653: Application time: 0.0393160 seconds
134.653: [GC [PSYoungGen: 7552K->320K(8192K)] 19276K->12176K(26112K), 0.0004020 secs] [Times: user=0.00 sys=0.01, real=0.00 secs] 
134.653: Total time for which application threads were stopped: 0.0005030 seconds, Stopping threads took: 0.0000430 seconds
134.693: Application time: 0.0396420 seconds
134.693: [GC [PSYoungGen: 7488K->320K(8192K)] 19344K->12176K(26112K), 0.0003900 secs] [Times: user=0.01 sys=0.00, real=0.00 secs] 
134.694: Total time for which application threads were stopped: 0.0005120 seconds, Stopping threads took: 0.0000650 seconds
134.733: Application time: 0.0393380 seconds
134.733: [GC [PSYoungGen: 7488K->304K(8192K)] 19344K->12240K(26112K), 0.0004380 secs] [Times: user=0.00 sys=0.00, real=0.00 secs] 
134.733: Total time for which application threads were stopped: 0.0005350 seconds, Stopping threads took: 0.0000410 seconds
134.772: Application time: 0.0390530 seconds
134.773: [GC [PSYoungGen: 7472K->320K(8192K)] 19408K->12256K(26112K), 0.0004430 secs] [Times: user=0.00 sys=0.00, real=0.00 secs] 
134.773: Total time for which application threads were stopped: 0.0005450 seconds, Stopping threads took: 0.0000410 seconds
134.812: Application time: 0.0388640 seconds
134.812: [GC [PSYoungGen: 7488K->288K(8192K)] 19424K->12272K(26112K), 0.0003840 secs] [Times: user=0.00 sys=0.00, real=0.00 secs] 
134.812: Total time for which application threads were stopped: 0.0004790 seconds, Stopping threads took: 0.0000430 seconds
134.850: Application time: 0.0376870 seconds
134.850: [GC [PSYoungGen: 7456K->416K(8192K)] 19440K->12400K(26112K), 0.0004300 secs] [Times: user=0.00 sys=0.00, real=0.00 secs] 
134.851: Total time for which application threads were stopped: 0.0005270 seconds, Stopping threads took: 0.0000410 seconds
134.889: Application time: 0.0388420 seconds
134.889: [GC [PSYoungGen: 7584K->432K(8192K)] 19568K->12416K(26112K), 0.0004280 secs] [Times: user=0.01 sys=0.00, real=0.00 secs] 
134.890: Total time for which application threads were stopped: 0.0005290 seconds, Stopping threads took: 0.0000450 seconds
134.929: Application time: 0.0390760 seconds
134.929: [GC [PSYoungGen: 7600K->432K(8192K)] 19584K->12416K(26112K), 0.0004420 secs] [Times: user=0.00 sys=0.00, real=0.00 secs] 
134.930: Total time for which application threads were stopped: 0.0005600 seconds, Stopping threads took: 0.0000550 seconds
134.969: Application time: 0.0389400 seconds
134.969: [GC [PSYoungGen: 7600K->480K(8192K)] 19584K->12464K(26112K), 0.0004410 secs] [Times: user=0.00 sys=0.00, real=0.01 secs] 
134.969: Total time for which application threads were stopped: 0.0005520 seconds, Stopping threads took: 0.0000510 seconds
135.009: Application time: 0.0395070 seconds
135.009: [GC [PSYoungGen: 7648K->480K(8192K)] 19632K->12464K(26112K), 0.0004770 secs] [Times: user=0.00 sys=0.00, real=0.01 secs] 
135.009: Total time for which application threads were stopped: 0.0005770 seconds, Stopping threads took: 0.0000430 seconds
135.049: Application time: 0.0394190 seconds
135.049: [GC [PSYoungGen: 7648K->512K(8192K)] 19632K->12496K(26112K), 0.0004550 secs] [Times: user=0.00 sys=0.00, real=0.01 secs] 
135.049: Total time for which application threads were stopped: 0.0005530 seconds, Stopping threads took: 0.0000400 seconds
135.088: Application time: 0.0393090 seconds
135.089: [GC [PSYoungGen: 7680K->480K(8192K)] 19664K->12464K(26112K), 0.0004260 secs] [Times: user=0.00 sys=0.00, real=0.00 secs] 
135.090: Total time for which application threads were stopped: 0.0010970 seconds, Stopping threads took: 0.0006150 seconds
135.129: Application time: 0.0396160 seconds
135.133: [GC [PSYoungGen: 7648K->512K(8192K)] 19632K->12496K(26112K), 0.0004940 secs] [Times: user=0.00 sys=0.00, real=0.00 secs] 
135.134: Total time for which application threads were stopped: 0.0044640 seconds, Stopping threads took: 0.0039120 seconds
135.173: Application time: 0.0392640 seconds
135.177: [GC [PSYoungGen: 7680K->496K(8192K)] 19664K->12480K(26112K), 0.0004460 secs] [Times: user=0.00 sys=0.00, real=0.00 secs] 
135.178: Total time for which application threads were stopped: 0.0046800 seconds, Stopping threads took: 0.0041810 seconds
135.217: Application time: 0.0391920 seconds
135.217: [GC [PSYoungGen: 7664K->528K(8192K)] 19648K->12512K(26112K), 0.0004440 secs] [Times: user=0.00 sys=0.00, real=0.00 secs] 
135.217: Total time for which application threads were stopped: 0.0005380 seconds, Stopping threads took: 0.0000390 seconds
135.256: Application time: 0.0391010 seconds
135.256: [GC [PSYoungGen: 7696K->496K(8192K)] 19680K->12480K(26112K), 0.0004270 secs] [Times: user=0.00 sys=0.00, real=0.00 secs] 
135.257: Total time for which application threads were stopped: 0.0005240 seconds, Stopping threads took: 0.0000420 seconds
135.296: Application time: 0.0394050 seconds
135.296: [GC [PSYoungGen: 7664K->496K(8192K)] 19648K->12480K(26112K), 0.0004270 secs] [Times: user=0.00 sys=0.00, real=0.00 secs] 
135.297: Total time for which application threads were stopped: 0.0005310 seconds, Stopping threads took: 0.0000370 seconds
135.336: Application time: 0.0393690 seconds
135.336: [GC [PSYoungGen: 7664K->512K(8192K)] 19648K->12496K(26112K), 0.0005030 secs] [Times: user=0.00 sys=0.00, real=0.00 secs] 
135.337: Total time for which application threads were stopped: 0.0005980 seconds, Stopping threads took: 0.0000380 seconds
135.376: Application time: 0.0391380 seconds
135.376: [GC [PSYoungGen: 7680K->480K(8192K)] 19664K->12512K(26112K), 0.0004700 secs] [Times: user=0.00 sys=0.00, real=0.00 secs] 
135.377: Total time for which application threads were stopped: 0.0005660 seconds, Stopping threads took: 0.0000410 seconds
135.416: Application time: 0.0396420 seconds
135.416: [GC [PSYoungGen: 7648K->400K(8192K)] 19680K->12496K(26112K), 0.0004170 secs] [Times: user=0.00 sys=0.00, real=0.00 secs] 
135.417: Total time for which application threads were stopped: 0.0005110 seconds, Stopping threads took: 0.0000400 seconds
135.456: Application time: 0.0392810 seconds
135.456: [GC [PSYoungGen: 7568K->320K(8192K)] 19664K->12536K(26112K), 0.0004900 secs] [Times: user=0.01 sys=0.00, real=0.00 secs] 
135.458: Total time for which application threads were stopped: 0.0016230 seconds, Stopping threads took: 0.0000440 seconds
135.497: Application time: 0.0392080 seconds
135.497: [GC [PSYoungGen: 7488K->320K(8192K)] 19704K->12584K(26112K), 0.0003770 secs] [Times: user=0.00 sys=0.00, real=0.00 secs] 
135.497: Total time for which application threads were stopped: 0.0004730 seconds, Stopping threads took: 0.0000410 seconds
135.537: Application time: 0.0394770 seconds
135.537: [GC [PSYoungGen: 7488K->272K(8192K)] 19752K->12600K(26112K), 0.0003840 secs] [Times: user=0.00 sys=0.00, real=0.00 secs] 
135.537: Total time for which application threads were stopped: 0.0004860 seconds, Stopping threads took: 0.0000480 seconds
135.576: Application time: 0.0385020 seconds
135.576: [GC [PSYoungGen: 7440K->320K(8192K)] 19768K->12704K(26112K), 0.0004200 secs] [Times: user=0.00 sys=0.00, real=0.00 secs] 
135.576: Total time for which application threads were stopped: 0.0005200 seconds, Stopping threads took: 0.0000430 seconds
135.615: Application time: 0.0391080 seconds
135.615: [GC [PSYoungGen: 7488K->320K(8192K)] 19872K->12704K(26112K), 0.0003730 secs] [Times: user=0.01 sys=0.00, real=0.00 secs] 
135.616: Total time for which application threads were stopped: 0.0004780 seconds, Stopping threads took: 0.0000480 seconds
135.654: Application time: 0.0380470 seconds
135.654: [GC [PSYoungGen: 7488K->400K(8192K)] 19872K->12784K(26112K), 0.0004410 secs] [Times: user=0.00 sys=0.00, real=0.00 secs] 
135.654: Total time for which application threads were stopped: 0.0005460 seconds, Stopping threads took: 0.0000420 seconds
135.693: Application time: 0.0389820 seconds
135.694: [GC [PSYoungGen: 7568K->416K(8192K)] 19952K->12800K(26112K), 0.0003950 secs] [Times: user=0.00 sys=0.00, real=0.00 secs] 
135.694: Total time for which application threads were stopped: 0.0004990 seconds, Stopping threads took: 0.0000460 seconds
135.733: Application time: 0.0389510 seconds
135.733: [GC [PSYoungGen: 7584K->464K(8192K)] 19968K->12848K(26112K), 0.0004540 secs] [Times: user=0.00 sys=0.00, real=0.00 secs] 
135.733: Total time for which application threads were stopped: 0.0005530 seconds, Stopping threads took: 0.0000430 seconds
135.773: Application time: 0.0396090 seconds
135.773: [GC [PSYoungGen: 7632K->400K(8192K)] 20016K->12784K(26112K), 0.0004060 secs] [Times: user=0.00 sys=0.00, real=0.00 secs] 
135.774: Total time for which application threads were stopped: 0.0004960 seconds, Stopping threads took: 0.0000350 seconds
135.813: Application time: 0.0398770 seconds
135.814: [GC [PSYoungGen: 7568K->464K(8192K)] 19952K->12848K(26112K), 0.0004580 secs] [Times: user=0.00 sys=0.00, real=0.00 secs] 
135.814: Total time for which application threads were stopped: 0.0005620 seconds, Stopping threads took: 0.0000400 seconds
135.854: Application time: 0.0399320 seconds
135.854: [GC [PSYoungGen: 7632K->448K(8192K)] 20016K->12832K(26112K), 0.0004530 secs] [Times: user=0.00 sys=0.00, real=0.00 secs] 
135.855: Total time for which application threads were stopped: 0.0005800 seconds, Stopping threads took: 0.0000720 seconds
135.894: Application time: 0.0399330 seconds
135.894: [GC [PSYoungGen: 7616K->448K(8192K)] 20000K->12832K(26112K), 0.0004010 secs] [Times: user=0.00 sys=0.00, real=0.00 secs] 
135.895: Total time for which application threads were stopped: 0.0004820 seconds, Stopping threads took: 0.0000310 seconds
135.935: Application time: 0.0399490 seconds
135.935: [GC [PSYoungGen: 7616K->432K(8192K)] 20000K->12816K(26112K), 0.0004520 secs] [Times: user=0.00 sys=0.00, real=0.00 secs] 
135.935: Total time for which application threads were stopped: 0.0005650 seconds, Stopping threads took: 0.0000440 seconds
135.975: Application time: 0.0400460 seconds
135.976: [GC [PSYoungGen: 7600K->432K(8192K)] 19984K->12816K(26112K), 0.0004350 secs] [Times: user=0.01 sys=0.00, real=0.00 secs] 
135.976: Total time for which application threads were stopped: 0.0005460 seconds, Stopping threads took: 0.0000540 seconds
136.016: Application time: 0.0398070 seconds
136.016: [GC [PSYoungGen: 7600K->448K(8192K)] 19984K->12832K(26112K), 0.0004610 secs] [Times: user=0.01 sys=0.00, real=0.00 secs] 
136.016: Total time for which application threads were stopped: 0.0005490 seconds, Stopping threads took: 0.0000330 seconds
136.057: Application time: 0.0402970 seconds
136.057: [GC [PSYoungGen: 7616K->448K(8192K)] 20000K->12832K(26112K), 0.0004140 secs] [Times: user=0.00 sys=0.00, real=0.00 secs] 
136.057: Total time for which application threads were stopped: 0.0005070 seconds, Stopping threads took: 0.0000360 seconds
136.097: Application time: 0.0395240 seconds
136.097: [GC [PSYoungGen: 7616K->448K(8192K)] 20000K->12832K(26112K), 0.0004020 secs] [Times: user=0.00 sys=0.00, real=0.00 secs] 
136.097: Total time for which application threads were stopped: 0.0005020 seconds, Stopping threads took: 0.0000430 seconds
136.137: Application time: 0.0402210 seconds
136.138: [GC [PSYoungGen: 7616K->400K(8192K)] 20000K->12784K(26112K), 0.0004050 secs] [Times: user=0.00 sys=0.00, real=0.00 secs] 
136.138: Total time for which application threads were stopped: 0.0005030 seconds, Stopping threads took: 0.0000410 seconds
136.177: Application time: 0.0394220 seconds
136.177: [GC [PSYoungGen: 7568K->336K(8192K)] 19952K->12808K(26112K), 0.0004930 secs] [Times: user=0.00 sys=0.00, real=0.00 secs] 
136.178: Total time for which application threads were stopped: 0.0005960 seconds, Stopping threads took: 0.0000490 seconds
136.229: Application time: 0.0506730 seconds
136.229: [GC [PSYoungGen: 7504K->304K(8192K)] 19976K->12792K(26112K), 0.0003940 secs] [Times: user=0.00 sys=0.00, real=0.01 secs] 
136.229: Total time for which application threads were stopped: 0.0004920 seconds, Stopping threads took: 0.0000400 seconds
136.270: Application time: 0.0405820 seconds
136.270: [GC [PSYoungGen: 7472K->256K(8192K)] 19960K->12840K(26112K), 0.0003930 secs] [Times: user=0.00 sys=0.00, real=0.00 secs] 
136.270: Total time for which application threads were stopped: 0.0004850 seconds, Stopping threads took: 0.0000350 seconds
136.311: Application time: 0.0403860 seconds
136.311: [GC [PSYoungGen: 7424K->240K(8192K)] 20008K->12872K(26112K), 0.0003850 secs] [Times: user=0.00 sys=0.00, real=0.00 secs] 
136.311: Total time for which application threads were stopped: 0.0004710 seconds, Stopping threads took: 0.0000330 seconds
136.337: Application time: 0.0261650 seconds
136.337: Total time for which application threads were stopped: 0.0000470 seconds, Stopping threads took: 0.0000240 seconds
136.369: Application time: 0.0318990 seconds
136.369: [GC [PSYoungGen: 7408K->192K(8192K)] 20040K->12840K(26112K), 0.0005710 secs] [Times: user=0.00 sys=0.00, real=0.00 secs] 
136.370: Total time for which application threads were stopped: 0.0006500 seconds, Stopping threads took: 0.0000110 seconds
136.381: Application time: 0.0113920 seconds
136.381: Total time for which application threads were stopped: 0.0000360 seconds, Stopping threads took: 0.0000190 seconds
136.382: Application time: 0.0003230 seconds
136.382: Total time for which application threads were stopped: 0.0000870 seconds, Stopping threads took: 0.0000750 seconds
136.411: Application time: 0.0290120 seconds
136.411: [GC [PSYoungGen: 7360K->608K(8192K)] 20008K->13264K(26112K), 0.0005070 secs] [Times: user=0.00 sys=0.00, real=0.00 secs] 
136.411: Total time for which application threads were stopped: 0.0006000 seconds, Stopping threads took: 0.0000420 seconds
136.451: Application time: 0.0393850 seconds
136.451: [GC [PSYoungGen: 7776K->512K(8192K)] 20432K->13168K(26112K), 0.0004520 secs] [Times: user=0.00 sys=0.00, real=0.00 secs] 
136.451: Total time for which application threads were stopped: 0.0005500 seconds, Stopping threads took: 0.0000410 seconds
136.491: Application time: 0.0399330 seconds
136.491: [GC [PSYoungGen: 7680K->576K(8192K)] 20336K->13232K(26112K), 0.0004190 secs] [Times: user=0.01 sys=0.00, real=0.00 secs] 
136.492: Total time for which application threads were stopped: 0.0005160 seconds, Stopping threads took: 0.0000400 seconds
136.531: Application time: 0.0395710 seconds
136.531: [GC [PSYoungGen: 7744K->576K(8192K)] 20400K->13232K(26112K), 0.0004470 secs] [Times: user=0.00 sys=0.00, real=0.00 secs] 
136.532: Total time for which application threads were stopped: 0.0005490 seconds, Stopping threads took: 0.0000430 seconds
136.571: Application time: 0.0394100 seconds
136.571: [GC [PSYoungGen: 7744K->608K(8192K)] 20400K->13264K(26112K), 0.0004420 secs] [Times: user=0.00 sys=0.00, real=0.00 secs] 
136.572: Total time for which application threads were stopped: 0.0005340 seconds, Stopping threads took: 0.0000380 seconds
136.611: Application time: 0.0394110 seconds
136.611: [GC [PSYoungGen: 7776K->528K(8192K)] 20432K->13184K(26112K), 0.0004730 secs] [Times: user=0.00 sys=0.00, real=0.00 secs] 
136.612: Total time for which application threads were stopped: 0.0005780 seconds, Stopping threads took: 0.0000460 seconds
136.652: Application time: 0.0400540 seconds
136.652: [GC [PSYoungGen: 7696K->608K(8192K)] 20352K->13264K(26112K), 0.0004810 secs] [Times: user=0.00 sys=0.00, real=0.00 secs] 
136.652: Total time for which application threads were stopped: 0.0005880 seconds, Stopping threads took: 0.0000470 seconds
136.692: Application time: 0.0392400 seconds
136.692: [GC [PSYoungGen: 7775K->560K(8192K)] 20432K->13216K(26112K), 0.0004850 secs] [Times: user=0.01 sys=0.00, real=0.00 secs] 
136.692: Total time for which application threads were stopped: 0.0005870 seconds, Stopping threads took: 0.0000470 seconds
136.732: Application time: 0.0397410 seconds
136.732: [GC [PSYoungGen: 7728K->560K(8192K)] 20384K->13216K(26112K), 0.0004930 secs] [Times: user=0.01 sys=0.00, real=0.00 secs] 
136.733: Total time for which application threads were stopped: 0.0005920 seconds, Stopping threads took: 0.0000400 seconds
136.772: Application time: 0.0393220 seconds
136.772: [GC [PSYoungGen: 7728K->592K(8192K)] 20384K->13248K(26112K), 0.0004560 secs] [Times: user=0.00 sys=0.00, real=0.00 secs] 
136.772: Total time for which application threads were stopped: 0.0005520 seconds, Stopping threads took: 0.0000400 seconds
136.811: Application time: 0.0385990 seconds
136.811: [GC [PSYoungGen: 7760K->544K(8192K)] 20416K->13200K(26112K), 0.0004960 secs] [Times: user=0.00 sys=0.00, real=0.00 secs] 
136.812: Total time for which application threads were stopped: 0.0006000 seconds, Stopping threads took: 0.0000470 seconds
136.851: Application time: 0.0397400 seconds
136.851: [GC [PSYoungGen: 7712K->576K(8192K)] 20368K->13232K(26112K), 0.0005310 secs] [Times: user=0.00 sys=0.00, real=0.00 secs] 
136.852: Total time for which application threads were stopped: 0.0006460 seconds, Stopping threads took: 0.0000480 seconds
136.891: Application time: 0.0392280 seconds
136.891: [GC [PSYoungGen: 7744K->560K(8192K)] 20400K->13216K(26112K), 0.0004440 secs] [Times: user=0.00 sys=0.00, real=0.00 secs] 
136.892: Total time for which application threads were stopped: 0.0005440 seconds, Stopping threads took: 0.0000410 seconds
136.931: Application time: 0.0395210 seconds
136.931: [GC [PSYoungGen: 7728K->576K(8192K)] 20384K->13232K(26112K), 0.0005610 secs] [Times: user=0.00 sys=0.00, real=0.00 secs] 
136.932: Total time for which application threads were stopped: 0.0006830 seconds, Stopping threads took: 0.0000550 seconds
136.971: Application time: 0.0394390 seconds
136.972: [GC [PSYoungGen: 7744K->496K(8192K)] 20400K->13216K(26112K), 0.0004900 secs] [Times: user=0.00 sys=0.00, real=0.00 secs] 
136.972: Total time for which application threads were stopped: 0.0005850 seconds, Stopping threads took: 0.0000400 seconds
137.011: Application time: 0.0394520 seconds
137.012: [GC [PSYoungGen: 7664K->256K(8192K)] 20384K->13241K(26112K), 0.0004830 secs] [Times: user=0.01 sys=0.00, real=0.00 secs] 
137.012: Total time for which application threads were stopped: 0.0005880 seconds, Stopping threads took: 0.0000490 seconds
137.052: Application time: 0.0394940 seconds
137.052: [GC [PSYoungGen: 7424K->256K(8192K)] 20409K->13241K(26112K), 0.0003760 secs] [Times: user=0.00 sys=0.00, real=0.00 secs] 
137.052: Total time for which application threads were stopped: 0.0004660 seconds, Stopping threads took: 0.0000350 seconds
137.091: Application time: 0.0392760 seconds
137.091: [GC [PSYoungGen: 7424K->256K(8192K)] 20409K->13241K(26112K), 0.0004060 secs] [Times: user=0.00 sys=0.00, real=0.00 secs] 
137.092: Total time for which application threads were stopped: 0.0005070 seconds, Stopping threads took: 0.0000470 seconds
137.132: Application time: 0.0400460 seconds
137.132: [GC [PSYoungGen: 7424K->256K(8192K)] 20409K->13241K(26112K), 0.0003660 secs] [Times: user=0.00 sys=0.00, real=0.00 secs] 
137.132: Total time for which application threads were stopped: 0.0004640 seconds, Stopping threads took: 0.0000410 seconds
137.168: Application time: 0.0359130 seconds
137.168: [GC [PSYoungGen: 7424K->432K(8192K)] 20409K->13417K(26112K), 0.0003990 secs] [Times: user=0.00 sys=0.00, real=0.00 secs] 
137.169: Total time for which application threads were stopped: 0.0005010 seconds, Stopping threads took: 0.0000420 seconds
137.208: Application time: 0.0388620 seconds
137.208: [GC [PSYoungGen: 7600K->512K(8192K)] 20585K->13497K(26112K), 0.0004940 secs] [Times: user=0.00 sys=0.00, real=0.00 secs] 
137.208: Total time for which application threads were stopped: 0.0005990 seconds, Stopping threads took: 0.0000470 seconds
137.248: Application time: 0.0395580 seconds
137.249: [GC [PSYoungGen: 7680K->512K(8192K)] 20665K->13497K(26112K), 0.0004230 secs] [Times: user=0.00 sys=0.00, real=0.00 secs] 
137.250: Total time for which application threads were stopped: 0.0017520 seconds, Stopping threads took: 0.0012730 seconds
137.289: Application time: 0.0394150 seconds
137.289: [GC [PSYoungGen: 7680K->528K(8192K)] 20665K->13513K(26112K), 0.0004380 secs] [Times: user=0.00 sys=0.00, real=0.00 secs] 
137.289: Total time for which application threads were stopped: 0.0005500 seconds, Stopping threads took: 0.0000500 seconds
137.329: Application time: 0.0396510 seconds
137.329: [GC [PSYoungGen: 7696K->496K(8192K)] 20681K->13481K(26112K), 0.0004770 secs] [Times: user=0.00 sys=0.00, real=0.00 secs] 
137.330: Total time for which application threads were stopped: 0.0005820 seconds, Stopping threads took: 0.0000470 seconds
137.369: Application time: 0.0392480 seconds
137.369: [GC [PSYoungGen: 7664K->528K(8192K)] 20649K->13513K(26112K), 0.0004060 secs] [Times: user=0.01 sys=0.00, real=0.00 secs] 
137.369: Total time for which application threads were stopped: 0.0005180 seconds, Stopping threads took: 0.0000440 seconds
137.409: Application time: 0.0392610 seconds
137.413: [GC [PSYoungGen: 7696K->512K(8192K)] 20681K->13497K(26112K), 0.0004380 secs] [Times: user=0.00 sys=0.00, real=0.00 secs] 
137.414: Total time for which application threads were stopped: 0.0047860 seconds, Stopping threads took: 0.0042870 seconds
137.453: Application time: 0.0398170 seconds
137.453: [GC [PSYoungGen: 7680K->480K(8192K)] 20665K->13465K(26112K), 0.0004290 secs] [Times: user=0.00 sys=0.00, real=0.00 secs] 
137.454: Total time for which application threads were stopped: 0.0005330 seconds, Stopping threads took: 0.0000460 seconds
137.493: Application time: 0.0392850 seconds
137.493: [GC [PSYoungGen: 7648K->496K(8192K)] 20633K->13481K(26112K), 0.0004240 secs] [Times: user=0.00 sys=0.00, real=0.00 secs] 
137.494: Total time for which application threads were stopped: 0.0005260 seconds, Stopping threads took: 0.0000440 seconds
137.533: Application time: 0.0395980 seconds
137.533: [GC [PSYoungGen: 7664K->496K(8192K)] 20649K->13481K(26112K), 0.0004290 secs] [Times: user=0.01 sys=0.00, real=0.00 secs] 
137.534: Total time for which application threads were stopped: 0.0005340 seconds, Stopping threads took: 0.0000470 seconds
137.573: Application time: 0.0388910 seconds
137.573: [GC [PSYoungGen: 7664K->544K(8192K)] 20649K->13529K(26112K), 0.0004250 secs] [Times: user=0.00 sys=0.00, real=0.00 secs] 
137.573: Total time for which application threads were stopped: 0.0005220 seconds, Stopping threads took: 0.0000400 seconds
137.613: Application time: 0.0393080 seconds
137.613: [GC [PSYoungGen: 7712K->512K(8192K)] 20697K->13497K(26112K), 0.0004290 secs] [Times: user=0.00 sys=0.00, real=0.00 secs] 
137.613: Total time for which application threads were stopped: 0.0005240 seconds, Stopping threads took: 0.0000390 seconds
137.652: Application time: 0.0393220 seconds
137.652: [GC [PSYoungGen: 7680K->528K(8192K)] 20665K->13513K(26112K), 0.0004100 secs] [Times: user=0.00 sys=0.00, real=0.00 secs] 
137.653: Total time for which application threads were stopped: 0.0005080 seconds, Stopping threads took: 0.0000430 seconds
137.692: Application time: 0.0395360 seconds
137.693: [GC [PSYoungGen: 7696K->496K(8192K)] 20681K->13481K(26112K), 0.0005200 secs] [Times: user=0.00 sys=0.00, real=0.00 secs] 
137.693: Total time for which application threads were stopped: 0.0006140 seconds, Stopping threads took: 0.0000380 seconds
137.733: Application time: 0.0395690 seconds
137.733: [GC [PSYoungGen: 7664K->512K(8192K)] 20649K->13497K(26112K), 0.0004360 secs] [Times: user=0.00 sys=0.00, real=0.00 secs] 
137.733: Total time for which application threads were stopped: 0.0005280 seconds, Stopping threads took: 0.0000350 seconds
137.772: Application time: 0.0392780 seconds
137.773: [GC [PSYoungGen: 7680K->256K(8192K)] 20665K->13477K(26112K), 0.0004700 secs] [Times: user=0.00 sys=0.00, real=0.00 secs] 
137.773: Total time for which application threads were stopped: 0.0005710 seconds, Stopping threads took: 0.0000450 seconds
137.812: Application time: 0.0394300 seconds
137.813: [GC [PSYoungGen: 7424K->240K(8192K)] 20645K->13509K(26112K), 0.0004000 secs] [Times: user=0.00 sys=0.00, real=0.00 secs] 
137.813: Total time for which application threads were stopped: 0.0005070 seconds, Stopping threads took: 0.0000430 seconds
137.853: Application time: 0.0400810 seconds
137.857: [GC [PSYoungGen: 7408K->256K(8192K)] 20677K->13525K(26112K), 0.0003730 secs] [Times: user=0.00 sys=0.00, real=0.00 secs] 
137.857: Total time for which application threads were stopped: 0.0044130 seconds, Stopping threads took: 0.0039860 seconds
137.897: Application time: 0.0392400 seconds
137.897: [GC [PSYoungGen: 7424K->256K(8192K)] 20693K->13525K(26112K), 0.0004950 secs] [Times: user=0.00 sys=0.00, real=0.00 secs] 
137.897: Total time for which application threads were stopped: 0.0006040 seconds, Stopping threads took: 0.0000380 seconds
137.937: Application time: 0.0395830 seconds
137.937: [GC [PSYoungGen: 7424K->256K(8192K)] 20693K->13525K(26112K), 0.0003990 secs] [Times: user=0.00 sys=0.00, real=0.00 secs] 
137.937: Total time for which application threads were stopped: 0.0005140 seconds, Stopping threads took: 0.0000500 seconds
137.973: Application time: 0.0359200 seconds
137.973: [GC [PSYoungGen: 7424K->448K(8192K)] 20693K->13717K(26112K), 0.0004230 secs] [Times: user=0.01 sys=0.00, real=0.00 secs] 
137.974: Total time for which application threads were stopped: 0.0005240 seconds, Stopping threads took: 0.0000400 seconds
138.013: Application time: 0.0386850 seconds
138.013: [GC [PSYoungGen: 7616K->496K(8192K)] 20885K->13765K(26112K), 0.0004710 secs] [Times: user=0.00 sys=0.00, real=0.00 secs] 
138.013: Total time for which application threads were stopped: 0.0005680 seconds, Stopping threads took: 0.0000420 seconds
138.053: Application time: 0.0396900 seconds
138.053: [GC [PSYoungGen: 7664K->512K(8192K)] 20933K->13781K(26112K), 0.0004250 secs] [Times: user=0.00 sys=0.00, real=0.00 secs] 
138.053: Total time for which application threads were stopped: 0.0005360 seconds, Stopping threads took: 0.0000530 seconds
138.093: Application time: 0.0395480 seconds
138.093: [GC [PSYoungGen: 7680K->528K(8192K)] 20949K->13797K(26112K), 0.0004830 secs] [Times: user=0.00 sys=0.01, real=0.00 secs] 
138.093: Total time for which application threads were stopped: 0.0005780 seconds, Stopping threads took: 0.0000410 seconds
138.133: Application time: 0.0393830 seconds
138.133: [GC [PSYoungGen: 7696K->432K(8192K)] 20965K->13701K(26112K), 0.0004670 secs] [Times: user=0.00 sys=0.00, real=0.00 secs] 
138.133: Total time for which application threads were stopped: 0.0005660 seconds, Stopping threads took: 0.0000410 seconds
138.173: Application time: 0.0393120 seconds
138.173: [GC [PSYoungGen: 7600K->496K(8192K)] 20869K->13765K(26112K), 0.0005000 secs] [Times: user=0.00 sys=0.00, real=0.00 secs] 
138.173: Total time for which application threads were stopped: 0.0005960 seconds, Stopping threads took: 0.0000380 seconds
138.213: Application time: 0.0399020 seconds
138.213: [GC [PSYoungGen: 7664K->528K(8192K)] 20933K->13797K(26112K), 0.0004430 secs] [Times: user=0.00 sys=0.00, real=0.00 secs] 
138.214: Total time for which application threads were stopped: 0.0005490 seconds, Stopping threads took: 0.0000460 seconds
138.254: Application time: 0.0397380 seconds
138.254: [GC [PSYoungGen: 7696K->448K(8192K)] 20965K->13717K(26112K), 0.0004390 secs] [Times: user=0.01 sys=0.00, real=0.00 secs] 
138.254: Total time for which application threads were stopped: 0.0005430 seconds, Stopping threads took: 0.0000480 seconds
138.293: Application time: 0.0392810 seconds
138.293: [GC [PSYoungGen: 7616K->464K(8192K)] 20885K->13733K(26112K), 0.0004320 secs] [Times: user=0.00 sys=0.00, real=0.00 secs] 
138.294: Total time for which application threads were stopped: 0.0005290 seconds, Stopping threads took: 0.0000420 seconds
138.333: Application time: 0.0394540 seconds
138.333: [GC [PSYoungGen: 7632K->496K(8192K)] 20901K->13765K(26112K), 0.0004380 secs] [Times: user=0.00 sys=0.00, real=0.00 secs] 
138.334: Total time for which application threads were stopped: 0.0005390 seconds, Stopping threads took: 0.0000440 seconds
138.373: Application time: 0.0388900 seconds
138.373: [GC [PSYoungGen: 7664K->528K(8192K)] 20933K->13797K(26112K), 0.0004280 secs] [Times: user=0.01 sys=0.00, real=0.00 secs] 
138.373: Total time for which application threads were stopped: 0.0005320 seconds, Stopping threads took: 0.0000440 seconds
138.413: Application time: 0.0395330 seconds
138.413: [GC [PSYoungGen: 7696K->512K(8192K)] 20965K->13781K(26112K), 0.0004330 secs] [Times: user=0.00 sys=0.00, real=0.00 secs] 
138.413: Total time for which application threads were stopped: 0.0005420 seconds, Stopping threads took: 0.0000460 seconds
138.453: Application time: 0.0395220 seconds
138.453: [GC [PSYoungGen: 7680K->496K(8192K)] 20949K->13765K(26112K), 0.0004220 secs] [Times: user=0.00 sys=0.00, real=0.00 secs] 
138.453: Total time for which application threads were stopped: 0.0005220 seconds, Stopping threads took: 0.0000450 seconds
138.493: Application time: 0.0395360 seconds
138.493: [GC [PSYoungGen: 7664K->544K(8192K)] 20933K->13813K(26112K), 0.0004190 secs] [Times: user=0.00 sys=0.00, real=0.00 secs] 
138.493: Total time for which application threads were stopped: 0.0005100 seconds, Stopping threads took: 0.0000320 seconds
138.533: Application time: 0.0395930 seconds
138.533: [GC [PSYoungGen: 7712K->448K(8192K)] 20981K->13717K(26112K), 0.0004730 secs] [Times: user=0.01 sys=0.00, real=0.00 secs] 
138.534: Total time for which application threads were stopped: 0.0005660 seconds, Stopping threads took: 0.0000370 seconds
138.573: Application time: 0.0393610 seconds
138.573: [GC [PSYoungGen: 7616K->272K(8192K)] 20885K->13777K(26112K), 0.0004470 secs] [Times: user=0.01 sys=0.00, real=0.00 secs] 
138.574: Total time for which application threads were stopped: 0.0005450 seconds, Stopping threads took: 0.0000410 seconds
138.613: Application time: 0.0396130 seconds
138.613: [GC [PSYoungGen: 7440K->256K(8192K)] 20945K->13825K(26112K), 0.0004090 secs] [Times: user=0.00 sys=0.00, real=0.00 secs] 
138.614: Total time for which application threads were stopped: 0.0005070 seconds, Stopping threads took: 0.0000430 seconds
138.653: Application time: 0.0394030 seconds
138.653: [GC [PSYoungGen: 7424K->256K(8192K)] 20993K->13825K(26112K), 0.0004070 secs] [Times: user=0.00 sys=0.00, real=0.00 secs] 
138.654: Total time for which application threads were stopped: 0.0005010 seconds, Stopping threads took: 0.0000410 seconds
138.693: Application time: 0.0396450 seconds
138.693: [GC [PSYoungGen: 7424K->256K(8192K)] 20993K->13825K(26112K), 0.0003720 secs] [Times: user=0.00 sys=0.00, real=0.00 secs] 
138.694: Total time for which application threads were stopped: 0.0004630 seconds, Stopping threads took: 0.0000360 seconds
138.732: Application time: 0.0378720 seconds
138.732: [GC [PSYoungGen: 7424K->368K(8192K)] 20993K->13937K(26112K), 0.0004170 secs] [Times: user=0.00 sys=0.00, real=0.00 secs] 
138.732: Total time for which application threads were stopped: 0.0005250 seconds, Stopping threads took: 0.0000480 seconds
138.769: Application time: 0.0371890 seconds
138.769: [GC [PSYoungGen: 7536K->512K(8192K)] 21105K->14081K(26112K), 0.0004100 secs] [Times: user=0.00 sys=0.00, real=0.00 secs] 
138.770: Total time for which application threads were stopped: 0.0005050 seconds, Stopping threads took: 0.0000380 seconds
138.809: Application time: 0.0388940 seconds
138.809: [GC [PSYoungGen: 7680K->528K(8192K)] 21249K->14097K(26112K), 0.0004460 secs] [Times: user=0.01 sys=0.00, real=0.01 secs] 
138.809: Total time for which application threads were stopped: 0.0005430 seconds, Stopping threads took: 0.0000370 seconds
138.849: Application time: 0.0393390 seconds
138.849: [GC [PSYoungGen: 7696K->528K(8192K)] 21265K->14097K(26112K), 0.0005100 secs] [Times: user=0.00 sys=0.00, real=0.01 secs] 
138.849: Total time for which application threads were stopped: 0.0006090 seconds, Stopping threads took: 0.0000400 seconds
138.889: Application time: 0.0395400 seconds
138.889: [GC [PSYoungGen: 7696K->512K(8192K)] 21265K->14081K(26112K), 0.0004560 secs] [Times: user=0.00 sys=0.00, real=0.01 secs] 
138.889: Total time for which application threads were stopped: 0.0005560 seconds, Stopping threads took: 0.0000430 seconds
138.929: Application time: 0.0397960 seconds
138.929: [GC [PSYoungGen: 7680K->512K(8192K)] 21249K->14081K(26112K), 0.0005180 secs] [Times: user=0.01 sys=0.00, real=0.00 secs] 
138.930: Total time for which application threads were stopped: 0.0006430 seconds, Stopping threads took: 0.0000480 seconds
138.969: Application time: 0.0391720 seconds
138.969: [GC [PSYoungGen: 7680K->496K(8192K)] 21249K->14065K(26112K), 0.0004470 secs] [Times: user=0.00 sys=0.00, real=0.01 secs] 
138.969: Total time for which application threads were stopped: 0.0005480 seconds, Stopping threads took: 0.0000420 seconds
139.009: Application time: 0.0396380 seconds
139.009: [GC [PSYoungGen: 7664K->496K(8192K)] 21233K->14065K(26112K), 0.0004270 secs] [Times: user=0.00 sys=0.00, real=0.00 secs] 
139.010: Total time for which application threads were stopped: 0.0005250 seconds, Stopping threads took: 0.0000420 seconds
139.049: Application time: 0.0392740 seconds
139.049: [GC [PSYoungGen: 7664K->512K(8192K)] 21233K->14081K(26112K), 0.0004280 secs] [Times: user=0.01 sys=0.00, real=0.01 secs] 
139.049: Total time for which application threads were stopped: 0.0005320 seconds, Stopping threads took: 0.0000460 seconds
139.089: Application time: 0.0393050 seconds
139.089: [GC [PSYoungGen: 7680K->512K(8192K)] 21249K->14081K(26112K), 0.0004220 secs] [Times: user=0.00 sys=0.01, real=0.01 secs] 
139.089: Total time for which application threads were stopped: 0.0005200 seconds, Stopping threads took: 0.0000400 seconds
139.128: Application time: 0.0391760 seconds
139.128: [GC [PSYoungGen: 7680K->480K(8192K)] 21249K->14049K(26112K), 0.0004640 secs] [Times: user=0.01 sys=0.00, real=0.00 secs] 
139.129: Total time for which application threads were stopped: 0.0005700 seconds, Stopping threads took: 0.0000470 seconds
139.168: Application time: 0.0393240 seconds
139.168: [GC [PSYoungGen: 7648K->528K(8192K)] 21217K->14097K(26112K), 0.0004230 secs] [Times: user=0.00 sys=0.00, real=0.00 secs] 
139.169: Total time for which application threads were stopped: 0.0005200 seconds, Stopping threads took: 0.0000400 seconds
139.208: Application time: 0.0393640 seconds
139.208: [GC [PSYoungGen: 7696K->512K(8192K)] 21265K->14081K(26112K), 0.0004890 secs] [Times: user=0.00 sys=0.00, real=0.00 secs] 
139.209: Total time for which application threads were stopped: 0.0005820 seconds, Stopping threads took: 0.0000370 seconds
139.248: Application time: 0.0392790 seconds
139.248: [GC [PSYoungGen: 7680K->528K(8192K)] 21249K->14097K(26112K), 0.0004430 secs] [Times: user=0.00 sys=0.00, real=0.00 secs] 
139.249: Total time for which application threads were stopped: 0.0005410 seconds, Stopping threads took: 0.0000430 seconds
139.288: Application time: 0.0397080 seconds
139.288: [GC [PSYoungGen: 7696K->464K(8192K)] 21265K->14033K(26112K), 0.0004120 secs] [Times: user=0.00 sys=0.00, real=0.00 secs] 
139.289: Total time for which application threads were stopped: 0.0005100 seconds, Stopping threads took: 0.0000410 seconds
139.328: Application time: 0.0393250 seconds
139.328: [GC [PSYoungGen: 7632K->432K(8192K)] 21201K->14129K(26112K), 0.0004230 secs] [Times: user=0.00 sys=0.00, real=0.00 secs] 
139.329: Total time for which application threads were stopped: 0.0005230 seconds, Stopping threads took: 0.0000410 seconds
139.368: Application time: 0.0396740 seconds
139.368: [GC [PSYoungGen: 7600K->256K(8192K)] 21297K->14101K(26112K), 0.0004390 secs] [Times: user=0.00 sys=0.00, real=0.00 secs] 
139.369: Total time for which application threads were stopped: 0.0005400 seconds, Stopping threads took: 0.0000450 seconds
139.408: Application time: 0.0393970 seconds
139.408: [GC [PSYoungGen: 7424K->240K(8192K)] 21269K->14142K(26112K), 0.0004080 secs] [Times: user=0.01 sys=0.00, real=0.00 secs] 
139.409: Total time for which application threads were stopped: 0.0005090 seconds, Stopping threads took: 0.0000450 seconds
139.448: Application time: 0.0393210 seconds
139.448: [GC [PSYoungGen: 7408K->240K(8192K)] 21310K->14142K(26112K), 0.0004030 secs] [Times: user=0.00 sys=0.00, real=0.00 secs] 
139.449: Total time for which application threads were stopped: 0.0005290 seconds, Stopping threads took: 0.0000540 seconds
139.488: Application time: 0.0394960 seconds
139.488: [GC [PSYoungGen: 7408K->256K(8192K)] 21310K->14157K(26112K), 0.0003730 secs] [Times: user=0.00 sys=0.00, real=0.00 secs] 
139.489: Total time for which application threads were stopped: 0.0004720 seconds, Stopping threads took: 0.0000420 seconds
139.526: Application time: 0.0369300 seconds
139.526: [GC [PSYoungGen: 7424K->384K(8192K)] 21325K->14286K(26112K), 0.0004200 secs] [Times: user=0.01 sys=0.00, real=0.00 secs] 
139.526: Total time for which application threads were stopped: 0.0005200 seconds, Stopping threads took: 0.0000430 seconds
139.564: Application time: 0.0379330 seconds
139.564: [GC [PSYoungGen: 7552K->496K(8192K)] 21454K->14398K(26112K), 0.0004280 secs] [Times: user=0.00 sys=0.00, real=0.00 secs] 
139.565: Total time for which application threads were stopped: 0.0005320 seconds, Stopping threads took: 0.0000450 seconds
139.604: Application time: 0.0394010 seconds
139.604: [GC [PSYoungGen: 7664K->528K(8192K)] 21566K->14430K(26112K), 0.0005070 secs] [Times: user=0.00 sys=0.00, real=0.00 secs] 
139.605: Total time for which application threads were stopped: 0.0006110 seconds, Stopping threads took: 0.0000480 seconds
139.644: Application time: 0.0394760 seconds
139.644: [GC [PSYoungGen: 7696K->544K(8192K)] 21598K->14446K(26112K), 0.0004410 secs] [Times: user=0.01 sys=0.00, real=0.00 secs] 
139.645: Total time for which application threads were stopped: 0.0005430 seconds, Stopping threads took: 0.0000420 seconds
139.684: Application time: 0.0398420 seconds
139.685: [GC [PSYoungGen: 7712K->496K(8192K)] 21614K->14398K(26112K), 0.0004200 secs] [Times: user=0.01 sys=0.00, real=0.00 secs] 
139.685: Total time for which application threads were stopped: 0.0005330 seconds, Stopping threads took: 0.0000580 seconds
139.724: Application time: 0.0391820 seconds
139.724: [GC [PSYoungGen: 7664K->496K(8192K)] 21566K->14398K(26112K), 0.0004340 secs] [Times: user=0.00 sys=0.00, real=0.00 secs] 
139.725: Total time for which application threads were stopped: 0.0005220 seconds, Stopping threads took: 0.0000340 seconds
139.764: Application time: 0.0393970 seconds
139.764: [GC [PSYoungGen: 7664K->496K(8192K)] 21566K->14398K(26112K), 0.0005080 secs] [Times: user=0.00 sys=0.00, real=0.00 secs] 
139.765: Total time for which application threads were stopped: 0.0006060 seconds, Stopping threads took: 0.0000430 seconds
139.804: Application time: 0.0394820 seconds
139.804: [GC [PSYoungGen: 7664K->496K(8192K)] 21566K->14398K(26112K), 0.0004680 secs] [Times: user=0.01 sys=0.00, real=0.00 secs] 
139.805: Total time for which application threads were stopped: 0.0005630 seconds, Stopping threads took: 0.0000390 seconds
139.844: Application time: 0.0392420 seconds
139.844: [GC [PSYoungGen: 7664K->480K(8192K)] 21566K->14382K(26112K), 0.0004310 secs] [Times: user=0.00 sys=0.00, real=0.00 secs] 
139.844: Total time for which application threads were stopped: 0.0005300 seconds, Stopping threads took: 0.0000410 seconds
139.884: Application time: 0.0395640 seconds
139.884: [GC [PSYoungGen: 7648K->512K(8192K)] 21550K->14414K(26112K), 0.0005400 secs] [Times: user=0.00 sys=0.00, real=0.00 secs] 
139.885: Total time for which application threads were stopped: 0.0006360 seconds, Stopping threads took: 0.0000370 seconds
139.924: Application time: 0.0391100 seconds
139.924: [GC [PSYoungGen: 7680K->496K(8192K)] 21582K->14398K(26112K), 0.0005170 secs] [Times: user=0.00 sys=0.00, real=0.00 secs] 
139.924: Total time for which application threads were stopped: 0.0006350 seconds, Stopping threads took: 0.0000530 seconds
139.963: Application time: 0.0390320 seconds
139.964: [GC [PSYoungGen: 7664K->512K(8192K)] 21566K->14414K(26112K), 0.0004250 secs] [Times: user=0.00 sys=0.00, real=0.00 secs] 
139.964: Total time for which application threads were stopped: 0.0005360 seconds, Stopping threads took: 0.0000380 seconds
140.003: Application time: 0.0393520 seconds
140.003: [GC [PSYoungGen: 7680K->496K(8192K)] 21582K->14398K(26112K), 0.0004510 secs] [Times: user=0.00 sys=0.00, real=0.00 secs] 
140.004: Total time for which application threads were stopped: 0.0005460 seconds, Stopping threads took: 0.0000400 seconds
140.043: Application time: 0.0391790 seconds
140.043: [GC [PSYoungGen: 7664K->496K(8192K)] 21566K->14398K(26112K), 0.0004210 secs] [Times: user=0.00 sys=0.00, real=0.00 secs] 
140.044: Total time for which application threads were stopped: 0.0005200 seconds, Stopping threads took: 0.0000410 seconds
140.083: Application time: 0.0394050 seconds
140.083: [GC [PSYoungGen: 7664K->512K(8192K)] 21566K->14414K(26112K), 0.0004170 secs] [Times: user=0.00 sys=0.00, real=0.00 secs] 
140.084: Total time for which application threads were stopped: 0.0005190 seconds, Stopping threads took: 0.0000440 seconds
140.123: Application time: 0.0396170 seconds
140.123: [GC [PSYoungGen: 7680K->304K(8192K)] 21582K->14386K(26112K), 0.0004220 secs] [Times: user=0.01 sys=0.00, real=0.00 secs] 
140.124: Total time for which application threads were stopped: 0.0005170 seconds, Stopping threads took: 0.0000370 seconds
140.163: Application time: 0.0393570 seconds
140.163: [GC [PSYoungGen: 7472K->256K(8192K)] 21554K->14466K(26112K), 0.0003760 secs] [Times: user=0.00 sys=0.00, real=0.00 secs] 
140.164: Total time for which application threads were stopped: 0.0004950 seconds, Stopping threads took: 0.0000600 seconds
140.203: Application time: 0.0396570 seconds
140.205: [GC [PSYoungGen: 7424K->256K(8192K)] 21634K->14466K(26112K), 0.0004130 secs] [Times: user=0.00 sys=0.00, real=0.00 secs] 
140.206: Total time for which application threads were stopped: 0.0023350 seconds, Stopping threads took: 0.0018660 seconds
140.245: Application time: 0.0393620 seconds
140.245: [GC [PSYoungGen: 7424K->256K(8192K)] 21634K->14466K(26112K), 0.0004420 secs] [Times: user=0.00 sys=0.00, real=0.00 secs] 
140.245: Total time for which application threads were stopped: 0.0005470 seconds, Stopping threads took: 0.0000480 seconds
140.285: Application time: 0.0391110 seconds
140.285: [GC [PSYoungGen: 7424K->304K(8192K)] 21634K->14514K(26112K), 0.0004150 secs] [Times: user=0.00 sys=0.00, real=0.00 secs] 
140.285: Total time for which application threads were stopped: 0.0005160 seconds, Stopping threads took: 0.0000440 seconds
140.321: Application time: 0.0364050 seconds
140.322: [GC [PSYoungGen: 7472K->448K(8192K)] 21682K->14658K(26112K), 0.0003850 secs] [Times: user=0.00 sys=0.00, real=0.00 secs] 
140.322: Total time for which application threads were stopped: 0.0004970 seconds, Stopping threads took: 0.0000530 seconds
140.361: Application time: 0.0387730 seconds
140.361: [GC [PSYoungGen: 7616K->528K(8192K)] 21826K->14738K(26112K), 0.0004710 secs] [Times: user=0.00 sys=0.00, real=0.01 secs] 
140.361: Total time for which application threads were stopped: 0.0005790 seconds, Stopping threads took: 0.0000470 seconds
140.405: Application time: 0.0435250 seconds
140.405: [GC [PSYoungGen: 7696K->528K(8192K)] 21906K->14738K(26112K), 0.0005040 secs] [Times: user=0.00 sys=0.00, real=0.00 secs] 
140.405: Total time for which application threads were stopped: 0.0006090 seconds, Stopping threads took: 0.0000450 seconds
140.449: Application time: 0.0432710 seconds
140.449: [GC [PSYoungGen: 7696K->480K(8192K)] 21906K->14690K(26112K), 0.0004630 secs] [Times: user=0.00 sys=0.00, real=0.01 secs] 
140.449: Total time for which application threads were stopped: 0.0005660 seconds, Stopping threads took: 0.0000460 seconds
140.493: Application time: 0.0433870 seconds
140.493: [GC [PSYoungGen: 7648K->512K(8192K)] 21858K->14722K(26112K), 0.0004820 secs] [Times: user=0.00 sys=0.00, real=0.00 secs] 
140.494: Total time for which application threads were stopped: 0.0017170 seconds, Stopping threads took: 0.0000470 seconds
140.538: Application time: 0.0431860 seconds
140.538: [GC [PSYoungGen: 7680K->544K(8192K)] 21890K->14754K(26112K), 0.0005870 secs] [Times: user=0.00 sys=0.00, real=0.00 secs] 
140.538: Total time for which application threads were stopped: 0.0006860 seconds, Stopping threads took: 0.0000410 seconds
140.582: Application time: 0.0434400 seconds
140.582: [GC [PSYoungGen: 7712K->480K(8192K)] 21922K->14690K(26112K), 0.0004800 secs] [Times: user=0.00 sys=0.00, real=0.00 secs] 
140.582: Total time for which application threads were stopped: 0.0005830 seconds, Stopping threads took: 0.0000430 seconds
140.626: Application time: 0.0434690 seconds
140.626: [GC [PSYoungGen: 7648K->528K(8192K)] 21858K->14738K(26112K), 0.0004390 secs] [Times: user=0.00 sys=0.00, real=0.00 secs] 
140.626: Total time for which application threads were stopped: 0.0005510 seconds, Stopping threads took: 0.0000510 seconds
140.670: Application time: 0.0432050 seconds
140.670: [GC [PSYoungGen: 7696K->480K(8192K)] 21906K->14690K(26112K), 0.0004630 secs] [Times: user=0.00 sys=0.00, real=0.00 secs] 
140.670: Total time for which application threads were stopped: 0.0005630 seconds, Stopping threads took: 0.0000410 seconds
140.713: Application time: 0.0431410 seconds
140.713: [GC [PSYoungGen: 7648K->528K(8192K)] 21858K->14738K(26112K), 0.0004360 secs] [Times: user=0.01 sys=0.00, real=0.00 secs] 
140.714: Total time for which application threads were stopped: 0.0005400 seconds, Stopping threads took: 0.0000440 seconds
140.757: Application time: 0.0428370 seconds
140.757: [GC [PSYoungGen: 7696K->496K(8192K)] 21906K->14706K(26112K), 0.0004990 secs] [Times: user=0.00 sys=0.00, real=0.00 secs] 
140.757: Total time for which application threads were stopped: 0.0006030 seconds, Stopping threads took: 0.0000440 seconds
140.801: Application time: 0.0433420 seconds
140.801: [GC [PSYoungGen: 7664K->496K(8192K)] 21874K->14706K(26112K), 0.0005460 secs] [Times: user=0.01 sys=0.00, real=0.01 secs] 
140.801: Total time for which application threads were stopped: 0.0006540 seconds, Stopping threads took: 0.0000470 seconds
140.845: Application time: 0.0434910 seconds
140.845: [GC [PSYoungGen: 7664K->496K(8192K)] 21874K->14706K(26112K), 0.0004670 secs] [Times: user=0.00 sys=0.00, real=0.00 secs] 
140.845: Total time for which application threads were stopped: 0.0005750 seconds, Stopping threads took: 0.0000490 seconds
140.889: Application time: 0.0433790 seconds
140.889: [GC [PSYoungGen: 7664K->512K(8192K)] 21874K->14722K(26112K), 0.0004670 secs] [Times: user=0.00 sys=0.00, real=0.01 secs] 
140.889: Total time for which application threads were stopped: 0.0005670 seconds, Stopping threads took: 0.0000410 seconds
140.933: Application time: 0.0440290 seconds
140.933: [GC [PSYoungGen: 7680K->464K(8192K)] 21890K->14730K(26112K), 0.0005240 secs] [Times: user=0.00 sys=0.00, real=0.00 secs] 
140.934: Total time for which application threads were stopped: 0.0006390 seconds, Stopping threads took: 0.0000460 seconds
140.977: Application time: 0.0433810 seconds
140.977: [GC [PSYoungGen: 7632K->288K(8192K)] 21898K->14734K(26112K), 0.0005090 secs] [Times: user=0.00 sys=0.00, real=0.00 secs] 
140.978: Total time for which application threads were stopped: 0.0006110 seconds, Stopping threads took: 0.0000410 seconds
141.021: Application time: 0.0431390 seconds
141.021: [GC [PSYoungGen: 7456K->256K(8192K)] 21902K->14806K(26112K), 0.0004010 secs] [Times: user=0.00 sys=0.00, real=0.00 secs] 
141.022: Total time for which application threads were stopped: 0.0005200 seconds, Stopping threads took: 0.0000520 seconds
141.065: Application time: 0.0433610 seconds
141.065: [GC [PSYoungGen: 7424K->256K(8192K)] 21974K->14806K(26112K), 0.0004330 secs] [Times: user=0.00 sys=0.00, real=0.00 secs] 
141.065: Total time for which application threads were stopped: 0.0005390 seconds, Stopping threads took: 0.0000460 seconds
141.109: Application time: 0.0436140 seconds
141.109: [GC [PSYoungGen: 7424K->256K(8192K)] 21974K->14806K(26112K), 0.0003890 secs] [Times: user=0.00 sys=0.00, real=0.00 secs] 
141.110: Total time for which application threads were stopped: 0.0004980 seconds, Stopping threads took: 0.0000500 seconds
141.152: Application time: 0.0419710 seconds
141.152: [GC [PSYoungGen: 7424K->256K(8192K)] 21974K->14806K(26112K), 0.0004470 secs] [Times: user=0.00 sys=0.00, real=0.00 secs] 
141.152: Total time for which application threads were stopped: 0.0005610 seconds, Stopping threads took: 0.0000440 seconds
141.193: Application time: 0.0413010 seconds
141.194: [GC [PSYoungGen: 7424K->416K(8192K)] 21974K->14966K(26112K), 0.0004860 secs] [Times: user=0.00 sys=0.00, real=0.00 secs] 
141.194: Total time for which application threads were stopped: 0.0005930 seconds, Stopping threads took: 0.0000440 seconds
141.236: Application time: 0.0422330 seconds
141.236: [GC [PSYoungGen: 7584K->512K(8192K)] 22134K->15062K(26112K), 0.0004440 secs] [Times: user=0.00 sys=0.00, real=0.00 secs] 
141.237: Total time for which application threads were stopped: 0.0005500 seconds, Stopping threads took: 0.0000470 seconds
141.281: Application time: 0.0438500 seconds
141.281: [GC [PSYoungGen: 7680K->464K(8192K)] 22230K->15014K(26112K), 0.0004360 secs] [Times: user=0.00 sys=0.00, real=0.01 secs] 
141.281: Total time for which application threads were stopped: 0.0005380 seconds, Stopping threads took: 0.0000410 seconds
141.324: Application time: 0.0432200 seconds
141.324: [GC [PSYoungGen: 7632K->496K(8192K)] 22182K->15046K(26112K), 0.0004700 secs] [Times: user=0.00 sys=0.00, real=0.00 secs] 
141.325: Total time for which application threads were stopped: 0.0005690 seconds, Stopping threads took: 0.0000360 seconds
141.368: Application time: 0.0432800 seconds
141.368: [GC [PSYoungGen: 7664K->480K(8192K)] 22214K->15030K(26112K), 0.0005280 secs] [Times: user=0.01 sys=0.00, real=0.00 secs] 
141.369: Total time for which application threads were stopped: 0.0006330 seconds, Stopping threads took: 0.0000450 seconds
141.412: Application time: 0.0434060 seconds
141.412: [GC [PSYoungGen: 7648K->512K(8192K)] 22198K->15062K(26112K), 0.0005670 secs] [Times: user=0.01 sys=0.00, real=0.00 secs] 
141.413: Total time for which application threads were stopped: 0.0006740 seconds, Stopping threads took: 0.0000490 seconds
141.457: Application time: 0.0437220 seconds
141.457: [GC [PSYoungGen: 7680K->528K(8192K)] 22230K->15078K(26112K), 0.0004730 secs] [Times: user=0.00 sys=0.00, real=0.00 secs] 
141.457: Total time for which application threads were stopped: 0.0005820 seconds, Stopping threads took: 0.0000470 seconds
141.501: Application time: 0.0432320 seconds
141.501: [GC [PSYoungGen: 7696K->512K(8192K)] 22246K->15062K(26112K), 0.0004980 secs] [Times: user=0.00 sys=0.00, real=0.01 secs] 
141.501: Total time for which application threads were stopped: 0.0006120 seconds, Stopping threads took: 0.0000510 seconds
141.545: Application time: 0.0443460 seconds
141.546: [GC [PSYoungGen: 7680K->480K(8192K)] 22230K->15030K(26112K), 0.0004480 secs] [Times: user=0.00 sys=0.00, real=0.00 secs] 
141.546: Total time for which application threads were stopped: 0.0005670 seconds, Stopping threads took: 0.0000480 seconds
141.589: Application time: 0.0432250 seconds
141.589: [GC [PSYoungGen: 7648K->432K(8192K)] 22198K->14982K(26112K), 0.0004500 secs] [Times: user=0.00 sys=0.00, real=0.00 secs] 
141.590: Total time for which application threads were stopped: 0.0005600 seconds, Stopping threads took: 0.0000500 seconds
141.633: Application time: 0.0430480 seconds
141.633: [GC [PSYoungGen: 7600K->512K(8192K)] 22150K->15062K(26112K), 0.0004990 secs] [Times: user=0.01 sys=0.00, real=0.00 secs] 
141.633: Total time for which application threads were stopped: 0.0006070 seconds, Stopping threads took: 0.0000440 seconds
141.677: Application time: 0.0430770 seconds
141.677: [GC [PSYoungGen: 7680K->480K(8192K)] 22230K->15030K(26112K), 0.0004910 secs] [Times: user=0.00 sys=0.00, real=0.00 secs] 
141.677: Total time for which application threads were stopped: 0.0005920 seconds, Stopping threads took: 0.0000460 seconds
141.720: Application time: 0.0431650 seconds
141.720: [GC [PSYoungGen: 7648K->512K(8192K)] 22198K->15062K(26112K), 0.0004580 secs] [Times: user=0.00 sys=0.00, real=0.00 secs] 
141.721: Total time for which application threads were stopped: 0.0005620 seconds, Stopping threads took: 0.0000450 seconds
141.764: Application time: 0.0432310 seconds
141.764: [GC [PSYoungGen: 7680K->496K(8192K)] 22230K->15046K(26112K), 0.0004640 secs] [Times: user=0.01 sys=0.00, real=0.00 secs] 
141.765: Total time for which application threads were stopped: 0.0005660 seconds, Stopping threads took: 0.0000420 seconds
141.808: Application time: 0.0438040 seconds
141.809: [GC [PSYoungGen: 7664K->416K(8192K)] 22214K->15054K(26112K), 0.0004740 secs] [Times: user=0.00 sys=0.00, real=0.01 secs] 
141.809: Total time for which application threads were stopped: 0.0005750 seconds, Stopping threads took: 0.0000410 seconds
141.852: Application time: 0.0432780 seconds
141.852: [GC [PSYoungGen: 7584K->288K(8192K)] 22222K->15078K(26112K), 0.0004440 secs] [Times: user=0.01 sys=0.00, real=0.00 secs] 
141.853: Total time for which application threads were stopped: 0.0005490 seconds, Stopping threads took: 0.0000440 seconds
141.896: Application time: 0.0433250 seconds
141.896: [GC [PSYoungGen: 7456K->256K(8192K)] 22246K->15134K(26112K), 0.0004500 secs] [Times: user=0.00 sys=0.00, real=0.00 secs] 
141.897: Total time for which application threads were stopped: 0.0005520 seconds, Stopping threads took: 0.0000460 seconds
141.941: Application time: 0.0440900 seconds
141.941: [GC [PSYoungGen: 7424K->256K(8192K)] 22302K->15134K(26112K), 0.0004390 secs] [Times: user=0.00 sys=0.00, real=0.01 secs] 
141.941: Total time for which application threads were stopped: 0.0005620 seconds, Stopping threads took: 0.0000520 seconds
141.984: Application time: 0.0427160 seconds
141.984: [GC [PSYoungGen: 7424K->272K(8192K)] 22302K->15150K(26112K), 0.0004060 secs] [Times: user=0.00 sys=0.00, real=0.00 secs] 
141.985: Total time for which application threads were stopped: 0.0005090 seconds, Stopping threads took: 0.0000420 seconds
142.027: Application time: 0.0418520 seconds
142.027: [GC [PSYoungGen: 7440K->320K(8192K)] 22318K->15198K(26112K), 0.0004770 secs] [Times: user=0.00 sys=0.00, real=0.00 secs] 
142.027: Total time for which application threads were stopped: 0.0005880 seconds, Stopping threads took: 0.0000500 seconds
142.068: Application time: 0.0410980 seconds
142.068: [GC [PSYoungGen: 7488K->512K(8192K)] 22366K->15390K(26112K), 0.0004550 secs] [Times: user=0.00 sys=0.00, real=0.00 secs] 
142.069: Total time for which application threads were stopped: 0.0005710 seconds, Stopping threads took: 0.0000440 seconds
142.112: Application time: 0.0434580 seconds
142.112: [GC [PSYoungGen: 7680K->496K(8192K)] 22558K->15374K(26112K), 0.0004920 secs] [Times: user=0.00 sys=0.00, real=0.00 secs] 
142.113: Total time for which application threads were stopped: 0.0005930 seconds, Stopping threads took: 0.0000410 seconds
142.156: Application time: 0.0432710 seconds
142.156: [GC [PSYoungGen: 7664K->480K(8192K)] 22542K->15358K(26112K), 0.0004740 secs] [Times: user=0.00 sys=0.00, real=0.00 secs] 
142.157: Total time for which application threads were stopped: 0.0005740 seconds, Stopping threads took: 0.0000390 seconds
142.200: Application time: 0.0432320 seconds
142.200: [GC [PSYoungGen: 7648K->480K(8192K)] 22526K->15358K(26112K), 0.0005220 secs] [Times: user=0.00 sys=0.00, real=0.00 secs] 
142.201: Total time for which application threads were stopped: 0.0006280 seconds, Stopping threads took: 0.0000450 seconds
142.244: Application time: 0.0431930 seconds
142.244: [GC [PSYoungGen: 7648K->528K(8192K)] 22526K->15406K(26112K), 0.0004570 secs] [Times: user=0.00 sys=0.00, real=0.00 secs] 
142.244: Total time for which application threads were stopped: 0.0005560 seconds, Stopping threads took: 0.0000440 seconds
142.288: Application time: 0.0437280 seconds
142.289: [GC [PSYoungGen: 7696K->496K(8192K)] 22574K->15374K(26112K), 0.0004560 secs] [Times: user=0.00 sys=0.00, real=0.00 secs] 
142.290: Total time for which application threads were stopped: 0.0015350 seconds, Stopping threads took: 0.0010190 seconds
142.333: Application time: 0.0435980 seconds
142.333: [GC [PSYoungGen: 7664K->528K(8192K)] 22542K->15406K(26112K), 0.0004880 secs] [Times: user=0.00 sys=0.00, real=0.00 secs] 
142.334: Total time for which application threads were stopped: 0.0005980 seconds, Stopping threads took: 0.0000500 seconds
142.377: Application time: 0.0431780 seconds
142.377: [GC [PSYoungGen: 7696K->512K(8192K)] 22574K->15390K(26112K), 0.0004620 secs] [Times: user=0.00 sys=0.00, real=0.00 secs] 
142.378: Total time for which application threads were stopped: 0.0005670 seconds, Stopping threads took: 0.0000400 seconds
142.421: Application time: 0.0431040 seconds
142.421: [GC [PSYoungGen: 7680K->464K(8192K)] 22558K->15342K(26112K), 0.0005230 secs] [Times: user=0.00 sys=0.00, real=0.01 secs] 
142.421: Total time for which application threads were stopped: 0.0006320 seconds, Stopping threads took: 0.0000460 seconds
142.464: Application time: 0.0430910 seconds
142.464: [GC [PSYoungGen: 7632K->512K(8192K)] 22510K->15390K(26112K), 0.0004610 secs] [Times: user=0.00 sys=0.00, real=0.00 secs] 
142.465: Total time for which application threads were stopped: 0.0005610 seconds, Stopping threads took: 0.0000400 seconds
142.508: Application time: 0.0427000 seconds
142.508: [GC [PSYoungGen: 7680K->528K(8192K)] 22558K->15406K(26112K), 0.0004360 secs] [Times: user=0.01 sys=0.00, real=0.00 secs] 
142.508: Total time for which application threads were stopped: 0.0005430 seconds, Stopping threads took: 0.0000490 seconds
142.552: Application time: 0.0435120 seconds
142.552: [GC [PSYoungGen: 7696K->480K(8192K)] 22574K->15358K(26112K), 0.0004980 secs] [Times: user=0.00 sys=0.00, real=0.00 secs] 
142.552: Total time for which application threads were stopped: 0.0006040 seconds, Stopping threads took: 0.0000440 seconds
142.595: Application time: 0.0431990 seconds
142.596: [GC [PSYoungGen: 7648K->464K(8192K)] 22526K->15342K(26112K), 0.0005350 secs] [Times: user=0.00 sys=0.00, real=0.00 secs] 
142.596: Total time for which application threads were stopped: 0.0006530 seconds, Stopping threads took: 0.0000520 seconds
142.640: Application time: 0.0437010 seconds
142.640: [GC [PSYoungGen: 7632K->496K(8192K)] 22510K->15414K(26112K), 0.0004900 secs] [Times: user=0.00 sys=0.00, real=0.00 secs] 
142.640: Total time for which application threads were stopped: 0.0005870 seconds, Stopping threads took: 0.0000390 seconds
142.684: Application time: 0.0432770 seconds
142.684: [GC [PSYoungGen: 7664K->368K(8192K)] 22582K->15422K(26112K), 0.0004340 secs] [Times: user=0.00 sys=0.00, real=0.00 secs] 
142.684: Total time for which application threads were stopped: 0.0005290 seconds, Stopping threads took: 0.0000380 seconds
142.728: Application time: 0.0433930 seconds
142.728: [GC [PSYoungGen: 7536K->256K(8192K)] 22590K->15471K(26112K), 0.0004180 secs] [Times: user=0.00 sys=0.00, real=0.00 secs] 
142.728: Total time for which application threads were stopped: 0.0005180 seconds, Stopping threads took: 0.0000420 seconds
142.771: Application time: 0.0432700 seconds
142.771: [GC [PSYoungGen: 7424K->256K(8192K)] 22639K->15471K(26112K), 0.0004170 secs] [Times: user=0.00 sys=0.00, real=0.00 secs] 
142.772: Total time for which application threads were stopped: 0.0005140 seconds, Stopping threads took: 0.0000410 seconds
142.815: Application time: 0.0432750 seconds
142.815: [GC [PSYoungGen: 7424K->256K(8192K)] 22639K->15471K(26112K), 0.0004040 secs] [Times: user=0.01 sys=0.00, real=0.00 secs] 
142.816: Total time for which application threads were stopped: 0.0005020 seconds, Stopping threads took: 0.0000380 seconds
142.859: Application time: 0.0428050 seconds
142.859: [GC [PSYoungGen: 7424K->208K(8192K)] 22639K->15423K(26112K), 0.0004530 secs] [Times: user=0.00 sys=0.00, real=0.00 secs] 
142.859: Total time for which application threads were stopped: 0.0005540 seconds, Stopping threads took: 0.0000400 seconds
142.901: Application time: 0.0417730 seconds
142.901: [GC [PSYoungGen: 7367K->384K(8192K)] 22582K->15599K(26112K), 0.0004640 secs] [Times: user=0.00 sys=0.00, real=0.01 secs] 
142.901: Total time for which application threads were stopped: 0.0005910 seconds, Stopping threads took: 0.0000570 seconds
142.942: Application time: 0.0409860 seconds
142.943: [GC [PSYoungGen: 7552K->512K(8192K)] 22767K->15727K(26112K), 0.0004440 secs] [Times: user=0.00 sys=0.00, real=0.00 secs] 
142.943: Total time for which application threads were stopped: 0.0005630 seconds, Stopping threads took: 0.0000470 seconds
142.987: Application time: 0.0435170 seconds
142.987: [GC [PSYoungGen: 7680K->480K(8192K)] 22895K->15695K(26112K), 0.0004740 secs] [Times: user=0.00 sys=0.00, real=0.00 secs] 
142.987: Total time for which application threads were stopped: 0.0005750 seconds, Stopping threads took: 0.0000430 seconds
143.030: Application time: 0.0432710 seconds
143.030: [GC [PSYoungGen: 7648K->496K(8192K)] 22863K->15711K(26112K), 0.0004600 secs] [Times: user=0.00 sys=0.00, real=0.00 secs] 
143.031: Total time for which application threads were stopped: 0.0005600 seconds, Stopping threads took: 0.0000420 seconds
143.074: Application time: 0.0431870 seconds
143.074: [GC [PSYoungGen: 7664K->512K(8192K)] 22879K->15727K(26112K), 0.0004730 secs] [Times: user=0.00 sys=0.00, real=0.00 secs] 
143.075: Total time for which application threads were stopped: 0.0005720 seconds, Stopping threads took: 0.0000420 seconds
143.118: Application time: 0.0433450 seconds
143.118: [GC [PSYoungGen: 7680K->480K(8192K)] 22895K->15695K(26112K), 0.0005080 secs] [Times: user=0.00 sys=0.00, real=0.00 secs] 
143.119: Total time for which application threads were stopped: 0.0006230 seconds, Stopping threads took: 0.0000430 seconds
143.162: Application time: 0.0433220 seconds
143.162: [GC [PSYoungGen: 7648K->512K(8192K)] 22863K->15727K(26112K), 0.0004590 secs] [Times: user=0.00 sys=0.00, real=0.00 secs] 
143.163: Total time for which application threads were stopped: 0.0005610 seconds, Stopping threads took: 0.0000430 seconds
143.206: Application time: 0.0435230 seconds
143.206: [GC [PSYoungGen: 7680K->496K(8192K)] 22895K->15711K(26112K), 0.0004400 secs] [Times: user=0.00 sys=0.00, real=0.00 secs] 
143.207: Total time for which application threads were stopped: 0.0005450 seconds, Stopping threads took: 0.0000450 seconds
143.250: Application time: 0.0432720 seconds
143.250: [GC [PSYoungGen: 7664K->496K(8192K)] 22879K->15711K(26112K), 0.0004400 secs] [Times: user=0.01 sys=0.00, real=0.00 secs] 
143.250: Total time for which application threads were stopped: 0.0005430 seconds, Stopping threads took: 0.0000420 seconds
143.293: Application time: 0.0429850 seconds
143.293: [GC [PSYoungGen: 7664K->464K(8192K)] 22879K->15679K(26112K), 0.0005120 secs] [Times: user=0.00 sys=0.00, real=0.00 secs] 
143.294: Total time for which application threads were stopped: 0.0006120 seconds, Stopping threads took: 0.0000410 seconds
143.337: Application time: 0.0430500 seconds
143.337: [GC [PSYoungGen: 7632K->512K(8192K)] 22847K->15727K(26112K), 0.0004450 secs] [Times: user=0.00 sys=0.00, real=0.00 secs] 
143.338: Total time for which application threads were stopped: 0.0005460 seconds, Stopping threads took: 0.0000410 seconds
143.381: Application time: 0.0430190 seconds
143.381: [GC [PSYoungGen: 7680K->512K(8192K)] 22895K->15727K(26112K), 0.0004470 secs] [Times: user=0.00 sys=0.00, real=0.01 secs] 
143.381: Total time for which application threads were stopped: 0.0005520 seconds, Stopping threads took: 0.0000460 seconds
143.425: Application time: 0.0434440 seconds
143.425: [GC [PSYoungGen: 7680K->496K(8192K)] 22895K->15711K(26112K), 0.0005030 secs] [Times: user=0.00 sys=0.00, real=0.00 secs] 
143.425: Total time for which application threads were stopped: 0.0006260 seconds, Stopping threads took: 0.0000630 seconds
143.468: Application time: 0.0431410 seconds
143.468: [GC [PSYoungGen: 7664K->496K(8192K)] 22879K->15711K(26112K), 0.0005550 secs] [Times: user=0.01 sys=0.00, real=0.01 secs] 
143.469: Total time for which application threads were stopped: 0.0006590 seconds, Stopping threads took: 0.0000400 seconds
143.512: Application time: 0.0431630 seconds
143.512: [GC [PSYoungGen: 7664K->448K(8192K)] 22879K->15711K(26112K), 0.0004580 secs] [Times: user=0.00 sys=0.00, real=0.00 secs] 
143.513: Total time for which application threads were stopped: 0.0005700 seconds, Stopping threads took: 0.0000540 seconds
143.557: Application time: 0.0437700 seconds
143.557: [GC [PSYoungGen: 7616K->368K(8192K)] 22879K->15771K(26112K), 0.0004700 secs] [Times: user=0.01 sys=0.00, real=0.00 secs] 
143.557: Total time for which application threads were stopped: 0.0005740 seconds, Stopping threads took: 0.0000450 seconds
143.601: Application time: 0.0437010 seconds
143.601: [GC [PSYoungGen: 7536K->256K(8192K)] 22939K->15819K(26112K), 0.0004250 secs] [Times: user=0.00 sys=0.01, real=0.01 secs] 
143.601: Total time for which application threads were stopped: 0.0005210 seconds, Stopping threads took: 0.0000380 seconds
143.645: Application time: 0.0432260 seconds
143.645: [GC [PSYoungGen: 7424K->256K(8192K)] 22987K->15819K(26112K), 0.0004070 secs] [Times: user=0.01 sys=0.00, real=0.00 secs] 
143.645: Total time for which application threads were stopped: 0.0005230 seconds, Stopping threads took: 0.0000460 seconds
143.688: Application time: 0.0432410 seconds
143.688: [GC [PSYoungGen: 7424K->256K(8192K)] 22987K->15819K(26112K), 0.0004020 secs] [Times: user=0.00 sys=0.00, real=0.00 secs] 
143.689: Total time for which application threads were stopped: 0.0005040 seconds, Stopping threads took: 0.0000420 seconds
143.731: Application time: 0.0423240 seconds
143.731: [GC [PSYoungGen: 7424K->320K(8192K)] 22987K->15883K(26112K), 0.0004410 secs] [Times: user=0.00 sys=0.00, real=0.00 secs] 
143.732: Total time for which application threads were stopped: 0.0005480 seconds, Stopping threads took: 0.0000490 seconds
143.773: Application time: 0.0407770 seconds
143.773: [GC [PSYoungGen: 7488K->432K(8192K)] 23051K->15995K(26112K), 0.0004950 secs] [Times: user=0.00 sys=0.00, real=0.00 secs] 
143.773: Total time for which application threads were stopped: 0.0006070 seconds, Stopping threads took: 0.0000490 seconds
143.816: Application time: 0.0427830 seconds
143.816: [GC [PSYoungGen: 7600K->528K(8192K)] 23163K->16091K(26112K), 0.0005680 secs] [Times: user=0.01 sys=0.00, real=0.00 secs] 
143.817: Total time for which application threads were stopped: 0.0006700 seconds, Stopping threads took: 0.0000440 seconds
143.860: Application time: 0.0432350 seconds
143.860: [GC [PSYoungGen: 7696K->528K(8192K)] 23259K->16091K(26112K), 0.0004850 secs] [Times: user=0.00 sys=0.00, real=0.00 secs] 
143.860: Total time for which application threads were stopped: 0.0005960 seconds, Stopping threads took: 0.0000500 seconds
143.904: Application time: 0.0439460 seconds
143.904: [GC [PSYoungGen: 7696K->464K(8192K)] 23259K->16027K(26112K), 0.0005570 secs] [Times: user=0.00 sys=0.00, real=0.00 secs] 
143.905: Total time for which application threads were stopped: 0.0006740 seconds, Stopping threads took: 0.0000470 seconds
143.948: Application time: 0.0432400 seconds
143.948: [GC [PSYoungGen: 7632K->480K(8192K)] 23195K->16043K(26112K), 0.0005000 secs] [Times: user=0.00 sys=0.00, real=0.00 secs] 
143.949: Total time for which application threads were stopped: 0.0006060 seconds, Stopping threads took: 0.0000480 seconds
143.992: Application time: 0.0434500 seconds
143.992: [GC [PSYoungGen: 7648K->512K(8192K)] 23211K->16075K(26112K), 0.0004470 secs] [Times: user=0.00 sys=0.00, real=0.00 secs] 
143.993: Total time for which application threads were stopped: 0.0005470 seconds, Stopping threads took: 0.0000420 seconds
144.036: Application time: 0.0434840 seconds
144.036: [GC [PSYoungGen: 7680K->496K(8192K)] 23243K->16059K(26112K), 0.0004430 secs] [Times: user=0.00 sys=0.00, real=0.00 secs] 
144.037: Total time for which application threads were stopped: 0.0005480 seconds, Stopping threads took: 0.0000480 seconds
144.081: Application time: 0.0435850 seconds
144.081: [GC [PSYoungGen: 7664K->464K(8192K)] 23227K->16027K(26112K), 0.0004630 secs] [Times: user=0.00 sys=0.00, real=0.01 secs] 
144.081: Total time for which application threads were stopped: 0.0005660 seconds, Stopping threads took: 0.0000440 seconds
144.124: Application time: 0.0432930 seconds
144.124: [GC [PSYoungGen: 7632K->464K(8192K)] 23195K->16027K(26112K), 0.0005680 secs] [Times: user=0.01 sys=0.00, real=0.00 secs] 
144.125: Total time for which application threads were stopped: 0.0006680 seconds, Stopping threads took: 0.0000410 seconds
144.168: Application time: 0.0431280 seconds
144.168: [GC [PSYoungGen: 7632K->480K(8192K)] 23195K->16043K(26112K), 0.0005180 secs] [Times: user=0.00 sys=0.00, real=0.00 secs] 
144.169: Total time for which application threads were stopped: 0.0006430 seconds, Stopping threads took: 0.0000510 seconds
144.212: Application time: 0.0433320 seconds
144.212: [GC [PSYoungGen: 7648K->496K(8192K)] 23211K->16059K(26112K), 0.0004630 secs] [Times: user=0.00 sys=0.00, real=0.00 secs] 
144.213: Total time for which application threads were stopped: 0.0005670 seconds, Stopping threads took: 0.0000430 seconds
144.256: Application time: 0.0431190 seconds
144.257: [GC [PSYoungGen: 7664K->544K(8192K)] 23227K->16107K(26112K), 0.0004600 secs] [Times: user=0.01 sys=0.00, real=0.00 secs] 
144.258: Total time for which application threads were stopped: 0.0017130 seconds, Stopping threads took: 0.0011940 seconds
144.301: Application time: 0.0433170 seconds
144.301: [GC [PSYoungGen: 7712K->496K(8192K)] 23275K->16059K(26112K), 0.0004800 secs] [Times: user=0.00 sys=0.00, real=0.01 secs] 
144.301: Total time for which application threads were stopped: 0.0005870 seconds, Stopping threads took: 0.0000480 seconds
144.345: Application time: 0.0431200 seconds
144.345: [GC [PSYoungGen: 7664K->480K(8192K)] 23227K->16043K(26112K), 0.0004840 secs] [Times: user=0.00 sys=0.00, real=0.00 secs] 
144.345: Total time for which application threads were stopped: 0.0005860 seconds, Stopping threads took: 0.0000420 seconds
144.386: Application time: 0.0405620 seconds
144.386: [GC [PSYoungGen: 7648K->432K(8192K)] 23211K->16075K(26112K), 0.0004430 secs] [Times: user=0.00 sys=0.00, real=0.00 secs] 
144.386: Total time for which application threads were stopped: 0.0005410 seconds, Stopping threads took: 0.0000380 seconds
144.426: Application time: 0.0395000 seconds
144.426: [GC [PSYoungGen: 7600K->288K(8192K)] 23243K->16083K(26112K), 0.0004180 secs] [Times: user=0.00 sys=0.00, real=0.00 secs] 
144.426: Total time for which application threads were stopped: 0.0005190 seconds, Stopping threads took: 0.0000450 seconds
144.466: Application time: 0.0394600 seconds
144.466: [GC [PSYoungGen: 7456K->256K(8192K)] 23251K->16131K(26112K), 0.0004210 secs] [Times: user=0.00 sys=0.00, real=0.00 secs] 
144.466: Total time for which application threads were stopped: 0.0005180 seconds, Stopping threads took: 0.0000410 seconds
144.506: Application time: 0.0394600 seconds
144.506: [GC [PSYoungGen: 7424K->256K(8192K)] 23299K->16131K(26112K), 0.0003710 secs] [Times: user=0.00 sys=0.00, real=0.00 secs] 
144.506: Total time for which application threads were stopped: 0.0004760 seconds, Stopping threads took: 0.0000480 seconds
144.546: Application time: 0.0395270 seconds
144.546: [GC [PSYoungGen: 7424K->256K(8192K)] 23299K->16131K(26112K), 0.0004020 secs] [Times: user=0.00 sys=0.00, real=0.00 secs] 
144.546: Total time for which application threads were stopped: 0.0005010 seconds, Stopping threads took: 0.0000430 seconds
144.583: Application time: 0.0369850 seconds
144.583: [GC [PSYoungGen: 7424K->336K(8192K)] 23299K->16211K(26112K), 0.0003870 secs] [Times: user=0.00 sys=0.00, real=0.00 secs] 
144.584: Total time for which application threads were stopped: 0.0004860 seconds, Stopping threads took: 0.0000420 seconds
144.622: Application time: 0.0386110 seconds
144.622: [GC [PSYoungGen: 7504K->416K(8192K)] 23379K->16291K(26112K), 0.0004070 secs] [Times: user=0.00 sys=0.00, real=0.00 secs] 
144.623: Total time for which application threads were stopped: 0.0005160 seconds, Stopping threads took: 0.0000500 seconds
144.661: Application time: 0.0380110 seconds
144.661: [GC [PSYoungGen: 7584K->496K(8192K)] 23459K->16371K(26112K), 0.0004890 secs] [Times: user=0.01 sys=0.00, real=0.01 secs] 
144.661: Total time for which application threads were stopped: 0.0005970 seconds, Stopping threads took: 0.0000500 seconds
144.701: Application time: 0.0392190 seconds
144.701: [GC [PSYoungGen: 7664K->544K(8192K)] 23539K->16419K(26112K), 0.0004690 secs] [Times: user=0.00 sys=0.00, real=0.01 secs] 
144.701: Total time for which application threads were stopped: 0.0005830 seconds, Stopping threads took: 0.0000390 seconds
144.741: Application time: 0.0397530 seconds
144.741: [GC [PSYoungGen: 7712K->496K(8192K)] 23587K->16371K(26112K), 0.0004600 secs] [Times: user=0.00 sys=0.00, real=0.00 secs] 
144.742: Total time for which application threads were stopped: 0.0005600 seconds, Stopping threads took: 0.0000420 seconds
144.782: Application time: 0.0401230 seconds
144.782: [GC [PSYoungGen: 7664K->512K(8192K)] 23539K->16387K(26112K), 0.0004420 secs] [Times: user=0.00 sys=0.00, real=0.00 secs] 
144.782: Total time for which application threads were stopped: 0.0005410 seconds, Stopping threads took: 0.0000440 seconds
144.822: Application time: 0.0394940 seconds
144.822: [GC [PSYoungGen: 7680K->544K(8192K)] 23555K->16419K(26112K), 0.0004700 secs] [Times: user=0.00 sys=0.00, real=0.00 secs] 
144.822: Total time for which application threads were stopped: 0.0005670 seconds, Stopping threads took: 0.0000420 seconds
144.862: Application time: 0.0396720 seconds
144.862: [GC [PSYoungGen: 7712K->448K(8192K)] 23587K->16323K(26112K), 0.0004640 secs] [Times: user=0.00 sys=0.00, real=0.00 secs] 
144.863: Total time for which application threads were stopped: 0.0005700 seconds, Stopping threads took: 0.0000480 seconds
144.902: Application time: 0.0393420 seconds
144.902: [GC [PSYoungGen: 7616K->496K(8192K)] 23491K->16371K(26112K), 0.0004750 secs] [Times: user=0.01 sys=0.00, real=0.00 secs] 
144.903: Total time for which application threads were stopped: 0.0005970 seconds, Stopping threads took: 0.0000520 seconds
144.942: Application time: 0.0396080 seconds
144.942: [GC [PSYoungGen: 7664K->512K(8192K)] 23539K->16387K(26112K), 0.0004470 secs] [Times: user=0.01 sys=0.00, real=0.00 secs] 
144.943: Total time for which application threads were stopped: 0.0005570 seconds, Stopping threads took: 0.0000490 seconds
144.982: Application time: 0.0391010 seconds
144.982: [GC [PSYoungGen: 7680K->496K(8192K)] 23555K->16371K(26112K), 0.0004350 secs] [Times: user=0.00 sys=0.00, real=0.00 secs] 
144.982: Total time for which application threads were stopped: 0.0005280 seconds, Stopping threads took: 0.0000380 seconds
145.021: Application time: 0.0391720 seconds
145.022: [GC [PSYoungGen: 7664K->496K(8192K)] 23539K->16371K(26112K), 0.0004270 secs] [Times: user=0.01 sys=0.00, real=0.00 secs] 
145.022: Total time for which application threads were stopped: 0.0005240 seconds, Stopping threads took: 0.0000420 seconds
145.061: Application time: 0.0393060 seconds
145.061: [GC [PSYoungGen: 7664K->512K(8192K)] 23539K->16387K(26112K), 0.0004210 secs] [Times: user=0.00 sys=0.00, real=0.00 secs] 
145.062: Total time for which application threads were stopped: 0.0005210 seconds, Stopping threads took: 0.0000440 seconds
145.101: Application time: 0.0393840 seconds
145.101: [GC [PSYoungGen: 7680K->496K(8192K)] 23555K->16371K(26112K), 0.0004740 secs] [Times: user=0.00 sys=0.00, real=0.00 secs] 
145.102: Total time for which application threads were stopped: 0.0005780 seconds, Stopping threads took: 0.0000450 seconds
145.141: Application time: 0.0392670 seconds
145.141: [GC [PSYoungGen: 7664K->544K(8192K)] 23539K->16419K(26112K), 0.0004330 secs] [Times: user=0.00 sys=0.00, real=0.00 secs] 
145.142: Total time for which application threads were stopped: 0.0005290 seconds, Stopping threads took: 0.0000410 seconds
145.181: Application time: 0.0392390 seconds
145.181: [GC [PSYoungGen: 7712K->352K(8192K)] 23587K->16375K(26112K), 0.0004860 secs] [Times: user=0.00 sys=0.00, real=0.01 secs] 
145.181: Total time for which application threads were stopped: 0.0005810 seconds, Stopping threads took: 0.0000390 seconds
145.221: Application time: 0.0398470 seconds
145.221: [GC [PSYoungGen: 7520K->272K(8192K)] 23543K->16375K(26112K), 0.0004240 secs] [Times: user=0.00 sys=0.00, real=0.00 secs] 
145.222: Total time for which application threads were stopped: 0.0005310 seconds, Stopping threads took: 0.0000420 seconds
145.261: Application time: 0.0393500 seconds
145.261: [GC [PSYoungGen: 7440K->256K(8192K)] 23543K->16447K(26112K), 0.0003930 secs] [Times: user=0.00 sys=0.00, real=0.00 secs] 
145.262: Total time for which application threads were stopped: 0.0004920 seconds, Stopping threads took: 0.0000430 seconds
145.302: Application time: 0.0399310 seconds
145.302: [GC [PSYoungGen: 7424K->272K(8192K)] 23615K->16463K(26112K), 0.0004070 secs] [Times: user=0.00 sys=0.00, real=0.00 secs] 
145.302: Total time for which application threads were stopped: 0.0005050 seconds, Stopping threads took: 0.0000410 seconds
145.341: Application time: 0.0386170 seconds
145.341: [GC [PSYoungGen: 7440K->272K(8192K)] 23631K->16463K(26112K), 0.0004050 secs] [Times: user=0.00 sys=0.00, real=0.01 secs] 
145.341: Total time for which application threads were stopped: 0.0005010 seconds, Stopping threads took: 0.0000400 seconds
145.378: Application time: 0.0370850 seconds
145.378: [GC [PSYoungGen: 7440K->368K(8192K)] 23631K->16559K(26112K), 0.0004240 secs] [Times: user=0.00 sys=0.00, real=0.00 secs] 
145.379: Total time for which application threads were stopped: 0.0005200 seconds, Stopping threads took: 0.0000390 seconds
145.418: Application time: 0.0388480 seconds
145.418: [GC [PSYoungGen: 7536K->464K(8192K)] 23727K->16655K(26112K), 0.0005080 secs] [Times: user=0.00 sys=0.00, real=0.00 secs] 
145.418: Total time for which application threads were stopped: 0.0006050 seconds, Stopping threads took: 0.0000410 seconds
145.457: Application time: 0.0387310 seconds
145.457: [GC [PSYoungGen: 7632K->512K(8192K)] 23823K->16703K(26112K), 0.0004940 secs] [Times: user=0.00 sys=0.00, real=0.00 secs] 
145.458: Total time for which application threads were stopped: 0.0005990 seconds, Stopping threads took: 0.0000460 seconds
145.497: Application time: 0.0396800 seconds
145.497: [GC [PSYoungGen: 7680K->496K(8192K)] 23871K->16687K(26112K), 0.0004590 secs] [Times: user=0.00 sys=0.00, real=0.00 secs] 
145.499: Total time for which application threads were stopped: 0.0016010 seconds, Stopping threads took: 0.0000380 seconds
145.538: Application time: 0.0392310 seconds
145.538: [GC [PSYoungGen: 7664K->528K(8192K)] 23855K->16719K(26112K), 0.0004210 secs] [Times: user=0.00 sys=0.00, real=0.00 secs] 
145.539: Total time for which application threads were stopped: 0.0005170 seconds, Stopping threads took: 0.0000410 seconds
145.578: Application time: 0.0394500 seconds
145.578: [GC [PSYoungGen: 7696K->512K(8192K)] 23887K->16703K(26112K), 0.0005280 secs] [Times: user=0.00 sys=0.00, real=0.00 secs] 
145.579: Total time for which application threads were stopped: 0.0006230 seconds, Stopping threads took: 0.0000400 seconds
145.618: Application time: 0.0396880 seconds
145.618: [GC [PSYoungGen: 7680K->528K(8192K)] 23871K->16719K(26112K), 0.0004280 secs] [Times: user=0.01 sys=0.00, real=0.00 secs] 
145.619: Total time for which application threads were stopped: 0.0005310 seconds, Stopping threads took: 0.0000460 seconds
145.658: Application time: 0.0393120 seconds
145.658: [GC [PSYoungGen: 7696K->512K(8192K)] 23887K->16703K(26112K), 0.0004780 secs] [Times: user=0.00 sys=0.00, real=0.00 secs] 
145.659: Total time for which application threads were stopped: 0.0005750 seconds, Stopping threads took: 0.0000420 seconds
145.698: Application time: 0.0395950 seconds
145.698: [GC [PSYoungGen: 7680K->496K(8192K)] 23871K->16687K(26112K), 0.0004340 secs] [Times: user=0.01 sys=0.00, real=0.00 secs] 
145.699: Total time for which application threads were stopped: 0.0005310 seconds, Stopping threads took: 0.0000410 seconds
145.738: Application time: 0.0391850 seconds
145.738: [GC [PSYoungGen: 7664K->480K(8192K)] 23855K->16671K(26112K), 0.0004940 secs] [Times: user=0.00 sys=0.00, real=0.00 secs] 
145.739: Total time for which application threads were stopped: 0.0005960 seconds, Stopping threads took: 0.0000360 seconds
145.778: Application time: 0.0390980 seconds
145.778: [GC [PSYoungGen: 7648K->496K(8192K)] 23839K->16687K(26112K), 0.0004320 secs] [Times: user=0.01 sys=0.00, real=0.00 secs] 
145.778: Total time for which application threads were stopped: 0.0005370 seconds, Stopping threads took: 0.0000400 seconds
145.818: Application time: 0.0397990 seconds
145.818: [GC [PSYoungGen: 7664K->512K(8192K)] 23855K->16703K(26112K), 0.0004270 secs] [Times: user=0.00 sys=0.00, real=0.00 secs] 
145.819: Total time for which application threads were stopped: 0.0005290 seconds, Stopping threads took: 0.0000440 seconds
145.858: Application time: 0.0397040 seconds
145.858: [GC [PSYoungGen: 7680K->528K(8192K)] 23871K->16719K(26112K), 0.0004280 secs] [Times: user=0.01 sys=0.00, real=0.00 secs] 
145.859: Total time for which application threads were stopped: 0.0005200 seconds, Stopping threads took: 0.0000360 seconds
145.898: Application time: 0.0392850 seconds
145.899: [GC [PSYoungGen: 7696K->528K(8192K)] 23887K->16719K(26112K), 0.0005520 secs] [Times: user=0.01 sys=0.00, real=0.00 secs] 
145.899: Total time for which application threads were stopped: 0.0012210 seconds, Stopping threads took: 0.0005940 seconds
145.939: Application time: 0.0397980 seconds
145.939: [GC [PSYoungGen: 7696K->432K(8192K)] 23887K->16679K(26112K), 0.0005070 secs] [Times: user=0.00 sys=0.00, real=0.00 secs] 
145.940: Total time for which application threads were stopped: 0.0006100 seconds, Stopping threads took: 0.0000430 seconds
145.979: Application time: 0.0393670 seconds
145.979: [GC [PSYoungGen: 7600K->320K(8192K)] 23847K->16711K(26112K), 0.0004590 secs] [Times: user=0.00 sys=0.00, real=0.00 secs] 
145.980: Total time for which application threads were stopped: 0.0005550 seconds, Stopping threads took: 0.0000400 seconds
146.019: Application time: 0.0394180 seconds
146.019: [GC [PSYoungGen: 7488K->256K(8192K)] 23879K->16728K(26112K), 0.0004740 secs] [Times: user=0.01 sys=0.00, real=0.00 secs] 
146.020: Total time for which application threads were stopped: 0.0005800 seconds, Stopping threads took: 0.0000500 seconds
146.059: Application time: 0.0395580 seconds
146.059: [GC [PSYoungGen: 7424K->256K(8192K)] 23896K->16784K(26112K), 0.0003880 secs] [Times: user=0.00 sys=0.00, real=0.00 secs] 
146.060: Total time for which application threads were stopped: 0.0004820 seconds, Stopping threads took: 0.0000420 seconds
146.099: Application time: 0.0393340 seconds
146.099: [GC [PSYoungGen: 7424K->256K(8192K)] 23952K->16784K(26112K), 0.0003920 secs] [Times: user=0.00 sys=0.00, real=0.00 secs] 
146.100: Total time for which application threads were stopped: 0.0005090 seconds, Stopping threads took: 0.0000610 seconds
146.138: Application time: 0.0382590 seconds
146.138: [GC [PSYoungGen: 7424K->304K(8192K)] 23952K->16832K(26112K), 0.0003800 secs] [Times: user=0.00 sys=0.00, real=0.00 secs] 
146.138: Total time for which application threads were stopped: 0.0004780 seconds, Stopping threads took: 0.0000370 seconds
146.176: Application time: 0.0375780 seconds
146.176: [GC [PSYoungGen: 7472K->416K(8192K)] 24000K->16944K(26112K), 0.0004100 secs] [Times: user=0.00 sys=0.00, real=0.00 secs] 
146.176: Total time for which application threads were stopped: 0.0005160 seconds, Stopping threads took: 0.0000470 seconds
146.215: Application time: 0.0385610 seconds
146.215: [GC [PSYoungGen: 7584K->512K(8192K)] 24112K->17040K(26112K), 0.0004410 secs] [Times: user=0.00 sys=0.00, real=0.00 secs] 
146.216: Total time for which application threads were stopped: 0.0005480 seconds, Stopping threads took: 0.0000480 seconds
146.255: Application time: 0.0397310 seconds
146.255: [GC [PSYoungGen: 7680K->496K(8192K)] 24208K->17024K(26112K), 0.0004360 secs] [Times: user=0.00 sys=0.00, real=0.00 secs] 
146.256: Total time for which application threads were stopped: 0.0005430 seconds, Stopping threads took: 0.0000370 seconds
146.295: Application time: 0.0392060 seconds
146.295: [GC [PSYoungGen: 7664K->512K(8192K)] 24192K->17040K(26112K), 0.0004320 secs] [Times: user=0.00 sys=0.00, real=0.00 secs] 
146.296: Total time for which application threads were stopped: 0.0005320 seconds, Stopping threads took: 0.0000450 seconds
146.336: Application time: 0.0399510 seconds
146.336: [GC [PSYoungGen: 7680K->496K(8192K)] 24208K->17024K(26112K), 0.0004380 secs] [Times: user=0.00 sys=0.00, real=0.00 secs] 
146.336: Total time for which application threads were stopped: 0.0005450 seconds, Stopping threads took: 0.0000420 seconds
146.376: Application time: 0.0394320 seconds
146.376: [GC [PSYoungGen: 7664K->528K(8192K)] 24192K->17056K(26112K), 0.0004830 secs] [Times: user=0.01 sys=0.00, real=0.00 secs] 
146.376: Total time for which application threads were stopped: 0.0005900 seconds, Stopping threads took: 0.0000510 seconds
146.416: Application time: 0.0395630 seconds
146.416: [GC [PSYoungGen: 7696K->496K(8192K)] 24224K->17024K(26112K), 0.0005080 secs] [Times: user=0.00 sys=0.00, real=0.00 secs] 
146.416: Total time for which application threads were stopped: 0.0006080 seconds, Stopping threads took: 0.0000440 seconds
146.456: Application time: 0.0392720 seconds
146.456: [GC [PSYoungGen: 7664K->496K(8192K)] 24192K->17024K(26112K), 0.0004230 secs] [Times: user=0.01 sys=0.00, real=0.00 secs] 
146.456: Total time for which application threads were stopped: 0.0005250 seconds, Stopping threads took: 0.0000430 seconds
146.495: Application time: 0.0392010 seconds
146.495: [GC [PSYoungGen: 7664K->496K(8192K)] 24192K->17024K(26112K), 0.0004250 secs] [Times: user=0.00 sys=0.00, real=0.00 secs] 
146.496: Total time for which application threads were stopped: 0.0005230 seconds, Stopping threads took: 0.0000430 seconds
146.535: Application time: 0.0391810 seconds
146.535: [GC [PSYoungGen: 7664K->480K(8192K)] 24192K->17008K(26112K), 0.0004230 secs] [Times: user=0.00 sys=0.00, real=0.00 secs] 
146.536: Total time for which application threads were stopped: 0.0005240 seconds, Stopping threads took: 0.0000460 seconds
146.575: Application time: 0.0392330 seconds
146.575: [GC [PSYoungGen: 7648K->448K(8192K)] 24176K->16976K(26112K), 0.0004870 secs] [Times: user=0.00 sys=0.00, real=0.00 secs] 
146.575: Total time for which application threads were stopped: 0.0005950 seconds, Stopping threads took: 0.0000490 seconds
146.615: Application time: 0.0392980 seconds
146.615: [GC [PSYoungGen: 7616K->512K(8192K)] 24144K->17040K(26112K), 0.0004320 secs] [Times: user=0.00 sys=0.00, real=0.00 secs] 
146.615: Total time for which application threads were stopped: 0.0005300 seconds, Stopping threads took: 0.0000430 seconds
146.655: Application time: 0.0402140 seconds
146.656: [GC [PSYoungGen: 7680K->512K(8192K)] 24208K->17040K(26112K), 0.0004360 secs] [Times: user=0.01 sys=0.00, real=0.00 secs] 
146.656: Total time for which application threads were stopped: 0.0005410 seconds, Stopping threads took: 0.0000480 seconds
146.695: Application time: 0.0393180 seconds
146.695: [GC [PSYoungGen: 7680K->544K(8192K)] 24208K->17072K(26112K), 0.0004330 secs] [Times: user=0.00 sys=0.00, real=0.00 secs] 
146.696: Total time for which application threads were stopped: 0.0005290 seconds, Stopping threads took: 0.0000420 seconds
146.735: Application time: 0.0393830 seconds
146.735: [GC [PSYoungGen: 7712K->400K(8192K)] 24240K->17008K(26112K), 0.0004330 secs] [Times: user=0.00 sys=0.00, real=0.00 secs] 
146.736: Total time for which application threads were stopped: 0.0005270 seconds, Stopping threads took: 0.0000380 seconds
146.775: Application time: 0.0392750 seconds
146.775: [GC [PSYoungGen: 7568K->288K(8192K)] 24176K->17048K(26112K), 0.0004130 secs] [Times: user=0.01 sys=0.00, real=0.00 secs] 
146.776: Total time for which application threads were stopped: 0.0005200 seconds, Stopping threads took: 0.0000390 seconds
146.815: Application time: 0.0392500 seconds
146.815: [GC [PSYoungGen: 7456K->256K(8192K)] 24216K->17104K(26112K), 0.0004190 secs] [Times: user=0.00 sys=0.00, real=0.00 secs] 
146.815: Total time for which application threads were stopped: 0.0005170 seconds, Stopping threads took: 0.0000430 seconds
146.855: Application time: 0.0397120 seconds
146.855: [GC [PSYoungGen: 7424K->240K(8192K)] 24272K->17088K(26112K), 0.0004050 secs] [Times: user=0.00 sys=0.00, real=0.00 secs] 
146.856: Total time for which application threads were stopped: 0.0004980 seconds, Stopping threads took: 0.0000410 seconds
146.894: Application time: 0.0389360 seconds
146.895: [GC [PSYoungGen: 7408K->272K(8192K)] 24256K->17120K(26112K), 0.0003920 secs] [Times: user=0.00 sys=0.00, real=0.00 secs] 
146.895: Total time for which application threads were stopped: 0.0005020 seconds, Stopping threads took: 0.0000520 seconds
146.933: Application time: 0.0385090 seconds
146.934: [GC [PSYoungGen: 7440K->336K(8192K)] 24288K->17184K(26112K), 0.0004280 secs] [Times: user=0.01 sys=0.00, real=0.00 secs] 
146.934: Total time for which application threads were stopped: 0.0005440 seconds, Stopping threads took: 0.0000520 seconds
146.972: Application time: 0.0379140 seconds
146.972: [GC [PSYoungGen: 7504K->416K(8192K)] 24352K->17264K(26112K), 0.0004200 secs] [Times: user=0.00 sys=0.00, real=0.00 secs] 
146.972: Total time for which application threads were stopped: 0.0005190 seconds, Stopping threads took: 0.0000400 seconds
147.011: Application time: 0.0382330 seconds
147.011: [GC [PSYoungGen: 7584K->480K(8192K)] 24432K->17328K(26112K), 0.0004860 secs] [Times: user=0.00 sys=0.00, real=0.00 secs] 
147.011: Total time for which application threads were stopped: 0.0005850 seconds, Stopping threads took: 0.0000420 seconds
147.051: Application time: 0.0398080 seconds
147.051: [GC [PSYoungGen: 7648K->496K(8192K)] 24496K->17344K(26112K), 0.0004800 secs] [Times: user=0.00 sys=0.00, real=0.00 secs] 
147.052: Total time for which application threads were stopped: 0.0005870 seconds, Stopping threads took: 0.0000500 seconds
147.091: Application time: 0.0394010 seconds
147.091: [GC [PSYoungGen: 7664K->496K(8192K)] 24512K->17344K(26112K), 0.0004260 secs] [Times: user=0.01 sys=0.00, real=0.00 secs] 
147.092: Total time for which application threads were stopped: 0.0005230 seconds, Stopping threads took: 0.0000400 seconds
147.131: Application time: 0.0392600 seconds
147.131: [GC [PSYoungGen: 7664K->512K(8192K)] 24512K->17360K(26112K), 0.0004300 secs] [Times: user=0.00 sys=0.00, real=0.00 secs] 
147.131: Total time for which application threads were stopped: 0.0005320 seconds, Stopping threads took: 0.0000430 seconds
147.171: Application time: 0.0393020 seconds
147.171: [GC [PSYoungGen: 7680K->512K(8192K)] 24528K->17360K(26112K), 0.0004190 secs] [Times: user=0.00 sys=0.00, real=0.00 secs] 
147.171: Total time for which application threads were stopped: 0.0005200 seconds, Stopping threads took: 0.0000450 seconds
147.210: Application time: 0.0392720 seconds
147.211: [GC [PSYoungGen: 7680K->512K(8192K)] 24528K->17360K(26112K), 0.0004750 secs] [Times: user=0.00 sys=0.00, real=0.00 secs] 
147.211: Total time for which application threads were stopped: 0.0005730 seconds, Stopping threads took: 0.0000430 seconds
147.250: Application time: 0.0393750 seconds
147.251: [GC [PSYoungGen: 7680K->496K(8192K)] 24528K->17344K(26112K), 0.0004600 secs] [Times: user=0.01 sys=0.00, real=0.00 secs] 
147.251: Total time for which application threads were stopped: 0.0005570 seconds, Stopping threads took: 0.0000430 seconds
147.290: Application time: 0.0392630 seconds
147.290: [GC [PSYoungGen: 7664K->512K(8192K)] 24512K->17360K(26112K), 0.0004910 secs] [Times: user=0.00 sys=0.00, real=0.00 secs] 
147.291: Total time for which application threads were stopped: 0.0006030 seconds, Stopping threads took: 0.0000500 seconds
147.330: Application time: 0.0393140 seconds
147.330: [GC [PSYoungGen: 7680K->496K(8192K)] 24528K->17344K(26112K), 0.0004360 secs] [Times: user=0.01 sys=0.00, real=0.00 secs] 
147.331: Total time for which application threads were stopped: 0.0005390 seconds, Stopping threads took: 0.0000460 seconds
147.370: Application time: 0.0391670 seconds
147.370: [GC [PSYoungGen: 7664K->480K(8192K)] 24512K->17328K(26112K), 0.0004560 secs] [Times: user=0.00 sys=0.00, real=0.00 secs] 
147.370: Total time for which application threads were stopped: 0.0005630 seconds, Stopping threads took: 0.0000490 seconds
147.410: Application time: 0.0392770 seconds
147.410: [GC [PSYoungGen: 7648K->480K(8192K)] 24496K->17328K(26112K), 0.0004230 secs] [Times: user=0.01 sys=0.00, real=0.00 secs] 
147.410: Total time for which application threads were stopped: 0.0005360 seconds, Stopping threads took: 0.0000480 seconds
147.450: Application time: 0.0392580 seconds
147.453: [GC [PSYoungGen: 7648K->496K(8192K)] 24496K->17344K(26112K), 0.0004380 secs] [Times: user=0.01 sys=0.00, real=0.00 secs] 
147.454: Total time for which application threads were stopped: 0.0040330 seconds, Stopping threads took: 0.0035330 seconds
147.493: Application time: 0.0397530 seconds
147.493: [GC [PSYoungGen: 7664K->464K(8192K)] 24512K->17368K(26112K), 0.0004370 secs] [Times: user=0.01 sys=0.00, real=0.00 secs] 
147.494: Total time for which application threads were stopped: 0.0005350 seconds, Stopping threads took: 0.0000420 seconds
147.534: Application time: 0.0398890 seconds
147.534: [GC [PSYoungGen: 7632K->368K(8192K)] 24536K->17368K(26112K), 0.0004270 secs] [Times: user=0.00 sys=0.00, real=0.00 secs] 
147.534: Total time for which application threads were stopped: 0.0005260 seconds, Stopping threads took: 0.0000430 seconds
147.573: Application time: 0.0392040 seconds
147.574: [GC [PSYoungGen: 7536K->288K(8192K)] 24536K->17420K(26112K), 0.0004080 secs] [Times: user=0.01 sys=0.00, real=0.00 secs] 
147.574: Total time for which application threads were stopped: 0.0005080 seconds, Stopping threads took: 0.0000430 seconds
147.613: Application time: 0.0393550 seconds
147.613: [GC [PSYoungGen: 7456K->256K(8192K)] 24588K->17468K(26112K), 0.0004460 secs] [Times: user=0.00 sys=0.00, real=0.00 secs] 
147.614: Total time for which application threads were stopped: 0.0005420 seconds, Stopping threads took: 0.0000400 seconds
147.653: Application time: 0.0395920 seconds
147.654: [GC [PSYoungGen: 7424K->256K(8192K)] 24636K->17468K(26112K), 0.0004100 secs] [Times: user=0.00 sys=0.00, real=0.00 secs] 
147.654: Total time for which application threads were stopped: 0.0005070 seconds, Stopping threads took: 0.0000420 seconds
147.693: Application time: 0.0386900 seconds
147.693: [GC [PSYoungGen: 7424K->272K(8192K)] 24636K->17484K(26112K), 0.0003900 secs] [Times: user=0.01 sys=0.00, real=0.00 secs] 
147.693: Total time for which application threads were stopped: 0.0004870 seconds, Stopping threads took: 0.0000400 seconds
147.731: Application time: 0.0375010 seconds
147.731: [GC [PSYoungGen: 7440K->384K(8192K)] 24652K->17596K(26112K), 0.0003960 secs] [Times: user=0.00 sys=0.00, real=0.00 secs] 
147.731: Total time for which application threads were stopped: 0.0004980 seconds, Stopping threads took: 0.0000450 seconds
147.770: Application time: 0.0385750 seconds
147.770: [GC [PSYoungGen: 7552K->432K(8192K)] 24764K->17644K(26112K), 0.0004280 secs] [Times: user=0.00 sys=0.00, real=0.00 secs] 
147.770: Total time for which application threads were stopped: 0.0005250 seconds, Stopping threads took: 0.0000380 seconds
147.809: Application time: 0.0385110 seconds
147.809: [GC [PSYoungGen: 7600K->512K(8192K)] 24812K->17724K(26112K), 0.0004450 secs] [Times: user=0.00 sys=0.00, real=0.01 secs] 
147.809: Total time for which application threads were stopped: 0.0005580 seconds, Stopping threads took: 0.0000460 seconds
147.849: Application time: 0.0396980 seconds
147.849: [GC [PSYoungGen: 7680K->528K(8192K)] 24892K->17740K(26112K), 0.0004830 secs] [Times: user=0.00 sys=0.00, real=0.00 secs] 
147.850: Total time for which application threads were stopped: 0.0005800 seconds, Stopping threads took: 0.0000430 seconds
147.889: Application time: 0.0397220 seconds
147.889: [GC [PSYoungGen: 7695K->432K(8192K)] 24908K->17644K(26112K), 0.0004210 secs] [Times: user=0.00 sys=0.00, real=0.00 secs] 
147.890: Total time for which application threads were stopped: 0.0005200 seconds, Stopping threads took: 0.0000430 seconds
147.929: Application time: 0.0393350 seconds
147.929: [GC [PSYoungGen: 7600K->528K(8192K)] 24812K->17740K(26112K), 0.0004840 secs] [Times: user=0.00 sys=0.00, real=0.00 secs] 
147.930: Total time for which application threads were stopped: 0.0006000 seconds, Stopping threads took: 0.0000500 seconds
147.969: Application time: 0.0392990 seconds
147.969: [GC [PSYoungGen: 7696K->480K(8192K)] 24908K->17692K(26112K), 0.0005410 secs] [Times: user=0.00 sys=0.00, real=0.00 secs] 
147.970: Total time for which application threads were stopped: 0.0006530 seconds, Stopping threads took: 0.0000460 seconds
148.010: Application time: 0.0402120 seconds
148.010: [GC [PSYoungGen: 7648K->512K(8192K)] 24860K->17724K(26112K), 0.0004860 secs] [Times: user=0.00 sys=0.00, real=0.00 secs] 
148.011: Total time for which application threads were stopped: 0.0005840 seconds, Stopping threads took: 0.0000440 seconds
148.050: Application time: 0.0395620 seconds
148.050: [GC [PSYoungGen: 7680K->512K(8192K)] 24892K->17724K(26112K), 0.0004770 secs] [Times: user=0.00 sys=0.00, real=0.00 secs] 
148.051: Total time for which application threads were stopped: 0.0005760 seconds, Stopping threads took: 0.0000420 seconds
148.090: Application time: 0.0397550 seconds
148.091: [GC [PSYoungGen: 7680K->448K(8192K)] 24892K->17660K(26112K), 0.0004430 secs] [Times: user=0.00 sys=0.00, real=0.00 secs] 
148.091: Total time for which application threads were stopped: 0.0005410 seconds, Stopping threads took: 0.0000440 seconds
148.130: Application time: 0.0390970 seconds
148.130: [GC [PSYoungGen: 7616K->512K(8192K)] 24828K->17724K(26112K), 0.0004400 secs] [Times: user=0.00 sys=0.00, real=0.00 secs] 
148.131: Total time for which application threads were stopped: 0.0005640 seconds, Stopping threads took: 0.0000640 seconds
148.170: Application time: 0.0391000 seconds
148.170: [GC [PSYoungGen: 7680K->480K(8192K)] 24892K->17692K(26112K), 0.0004810 secs] [Times: user=0.00 sys=0.00, real=0.00 secs] 
148.170: Total time for which application threads were stopped: 0.0005810 seconds, Stopping threads took: 0.0000450 seconds
148.210: Application time: 0.0394580 seconds
148.210: [GC [PSYoungGen: 7648K->496K(8192K)] 24860K->17708K(26112K), 0.0004730 secs] [Times: user=0.01 sys=0.00, real=0.00 secs] 
148.210: Total time for which application threads were stopped: 0.0005790 seconds, Stopping threads took: 0.0000490 seconds
148.250: Application time: 0.0396290 seconds
148.250: [GC [PSYoungGen: 7664K->528K(8192K)] 24876K->17740K(26112K), 0.0004880 secs] [Times: user=0.00 sys=0.00, real=0.00 secs] 
148.251: Total time for which application threads were stopped: 0.0005890 seconds, Stopping threads took: 0.0000450 seconds
148.290: Application time: 0.0394020 seconds
148.290: [GC [PSYoungGen: 7696K->448K(8192K)] 24908K->17708K(26112K), 0.0004320 secs] [Times: user=0.00 sys=0.00, real=0.00 secs] 
148.291: Total time for which application threads were stopped: 0.0005270 seconds, Stopping threads took: 0.0000360 seconds
148.330: Application time: 0.0396610 seconds
148.330: [GC [PSYoungGen: 7616K->352K(8192K)] 24876K->17764K(26112K), 0.0004290 secs] [Times: user=0.01 sys=0.00, real=0.00 secs] 
148.331: Total time for which application threads were stopped: 0.0005530 seconds, Stopping threads took: 0.0000540 seconds
148.370: Application time: 0.0393540 seconds
148.370: [GC [PSYoungGen: 7520K->256K(8192K)] 24932K->17756K(26112K), 0.0004280 secs] [Times: user=0.00 sys=0.00, real=0.00 secs] 
148.371: Total time for which application threads were stopped: 0.0005280 seconds, Stopping threads took: 0.0000420 seconds
148.410: Application time: 0.0395720 seconds
148.410: [GC [PSYoungGen: 7424K->256K(8192K)] 24924K->17820K(26112K), 0.0003770 secs] [Times: user=0.00 sys=0.00, real=0.00 secs] 
148.411: Total time for which application threads were stopped: 0.0004730 seconds, Stopping threads took: 0.0000390 seconds
148.450: Application time: 0.0392600 seconds
148.450: [GC [PSYoungGen: 7424K->272K(8192K)] 24988K->17836K(26112K), 0.0003960 secs] [Times: user=0.00 sys=0.00, real=0.00 secs] 
148.450: Total time for which application threads were stopped: 0.0004950 seconds, Stopping threads took: 0.0000430 seconds
148.490: Application time: 0.0391540 seconds
148.490: [GC [PSYoungGen: 7440K->288K(8192K)] 25004K->17852K(26112K), 0.0003970 secs] [Times: user=0.00 sys=0.00, real=0.00 secs] 
148.490: Total time for which application threads were stopped: 0.0004950 seconds, Stopping threads took: 0.0000400 seconds
148.528: Application time: 0.0378790 seconds
148.528: [GC [PSYoungGen: 7456K->352K(8192K)] 25020K->17916K(26112K), 0.0004600 secs] [Times: user=0.00 sys=0.00, real=0.00 secs] 
148.529: Total time for which application threads were stopped: 0.0005570 seconds, Stopping threads took: 0.0000400 seconds
148.566: Application time: 0.0379560 seconds
148.567: [GC [PSYoungGen: 7520K->480K(8192K)] 25084K->18044K(26112K), 0.0004270 secs] [Times: user=0.00 sys=0.00, real=0.00 secs] 
148.567: Total time for which application threads were stopped: 0.0005260 seconds, Stopping threads took: 0.0000410 seconds
148.606: Application time: 0.0394450 seconds
148.607: [GC [PSYoungGen: 7648K->496K(8192K)] 25212K->18060K(26112K), 0.0004710 secs] [Times: user=0.00 sys=0.00, real=0.00 secs] 
148.607: Total time for which application threads were stopped: 0.0005680 seconds, Stopping threads took: 0.0000420 seconds
148.646: Application time: 0.0393780 seconds
148.646: [GC [PSYoungGen: 7664K->528K(8192K)] 25228K->18092K(26112K), 0.0004290 secs] [Times: user=0.01 sys=0.00, real=0.00 secs] 
148.647: Total time for which application threads were stopped: 0.0005250 seconds, Stopping threads took: 0.0000380 seconds
148.686: Application time: 0.0394920 seconds
148.687: [GC [PSYoungGen: 7696K->496K(8192K)] 25260K->18060K(26112K), 0.0004320 secs] [Times: user=0.00 sys=0.00, real=0.00 secs] 
148.687: Total time for which application threads were stopped: 0.0005350 seconds, Stopping threads took: 0.0000480 seconds
148.726: Application time: 0.0394300 seconds
148.726: [GC [PSYoungGen: 7664K->464K(8192K)] 25228K->18028K(26112K), 0.0005960 secs] [Times: user=0.00 sys=0.00, real=0.00 secs] 
148.727: Total time for which application threads were stopped: 0.0006990 seconds, Stopping threads took: 0.0000440 seconds
148.766: Application time: 0.0393100 seconds
148.766: [GC [PSYoungGen: 7632K->528K(8192K)] 25196K->18092K(26112K), 0.0004760 secs] [Times: user=0.00 sys=0.00, real=0.00 secs] 
148.767: Total time for which application threads were stopped: 0.0005710 seconds, Stopping threads took: 0.0000400 seconds
148.807: Application time: 0.0396150 seconds
148.807: [GC [PSYoungGen: 7696K->496K(8192K)] 25260K->18060K(26112K), 0.0004270 secs] [Times: user=0.00 sys=0.00, real=0.00 secs] 
148.807: Total time for which application threads were stopped: 0.0005210 seconds, Stopping threads took: 0.0000380 seconds
148.846: Application time: 0.0392790 seconds
148.846: [GC [PSYoungGen: 7664K->528K(8192K)] 25228K->18092K(26112K), 0.0004730 secs] [Times: user=0.01 sys=0.00, real=0.00 secs] 
148.847: Total time for which application threads were stopped: 0.0005820 seconds, Stopping threads took: 0.0000380 seconds
148.886: Application time: 0.0391440 seconds
148.886: [GC [PSYoungGen: 7696K->544K(8192K)] 25260K->18108K(26112K), 0.0005090 secs] [Times: user=0.00 sys=0.00, real=0.00 secs] 
148.887: Total time for which application threads were stopped: 0.0006110 seconds, Stopping threads took: 0.0000460 seconds
148.926: Application time: 0.0396010 seconds
148.926: [GC [PSYoungGen: 7712K->496K(8192K)] 25276K->18060K(26112K), 0.0004600 secs] [Times: user=0.00 sys=0.00, real=0.00 secs] 
148.927: Total time for which application threads were stopped: 0.0005810 seconds, Stopping threads took: 0.0000560 seconds
148.966: Application time: 0.0393400 seconds
148.966: [GC [PSYoungGen: 7664K->528K(8192K)] 25228K->18092K(26112K), 0.0004850 secs] [Times: user=0.00 sys=0.00, real=0.00 secs] 
148.967: Total time for which application threads were stopped: 0.0005860 seconds, Stopping threads took: 0.0000430 seconds
149.006: Application time: 0.0395020 seconds
149.006: [GC [PSYoungGen: 7696K->512K(8192K)] 25260K->18076K(26112K), 0.0004780 secs] [Times: user=0.00 sys=0.00, real=0.00 secs] 
149.007: Total time for which application threads were stopped: 0.0005720 seconds, Stopping threads took: 0.0000380 seconds
149.046: Application time: 0.0393340 seconds
149.046: [GC [PSYoungGen: 7680K->464K(8192K)] 25244K->18084K(26112K), 0.0004340 secs] [Times: user=0.00 sys=0.00, real=0.00 secs] 
149.047: Total time for which application threads were stopped: 0.0005410 seconds, Stopping threads took: 0.0000410 seconds
149.086: Application time: 0.0392380 seconds
149.086: [GC [PSYoungGen: 7632K->448K(8192K)] 25252K->18108K(26112K), 0.0004150 secs] [Times: user=0.00 sys=0.00, real=0.00 secs] 
149.087: Total time for which application threads were stopped: 0.0005160 seconds, Stopping threads took: 0.0000460 seconds
149.126: Application time: 0.0396220 seconds
149.126: [GC [PSYoungGen: 7616K->320K(8192K)] 25276K->18093K(26112K), 0.0004260 secs] [Times: user=0.01 sys=0.00, real=0.00 secs] 
149.127: [Full GC [PSYoungGen: 320K->0K(8192K)] [ParOldGen: 17772K->2036K(17920K)] 18093K->2036K(26112K) [PSPermGen: 6076K->6076K(21504K)], 0.0054740 secs] [Times: user=0.02 sys=0.00, real=0.01 secs] 
149.132: Total time for which application threads were stopped: 0.0060560 seconds, Stopping threads took: 0.0000470 seconds
149.172: Application time: 0.0394470 seconds
149.172: [GC [PSYoungGen: 7168K->256K(8192K)] 9204K->2292K(26112K), 0.0003610 secs] [Times: user=0.00 sys=0.00, real=0.00 secs] 
149.172: Total time for which application threads were stopped: 0.0004710 seconds, Stopping threads took: 0.0000460 seconds
149.212: Application time: 0.0393940 seconds
149.212: [GC [PSYoungGen: 7424K->256K(8192K)] 9460K->2292K(26112K), 0.0003290 secs] [Times: user=0.00 sys=0.00, real=0.00 secs] 
149.212: Total time for which application threads were stopped: 0.0004270 seconds, Stopping threads took: 0.0000430 seconds
149.251: Application time: 0.0389650 seconds
149.251: [GC [PSYoungGen: 7424K->256K(8192K)] 9460K->2292K(26112K), 0.0003250 secs] [Times: user=0.00 sys=0.00, real=0.00 secs] 
149.251: Total time for which application threads were stopped: 0.0004220 seconds, Stopping threads took: 0.0000420 seconds
149.289: Application time: 0.0378610 seconds
149.289: [GC [PSYoungGen: 7424K->288K(8192K)] 9460K->2324K(26112K), 0.0003590 secs] [Times: user=0.01 sys=0.00, real=0.00 secs] 
149.290: Total time for which application threads were stopped: 0.0004610 seconds, Stopping threads took: 0.0000430 seconds
149.328: Application time: 0.0382590 seconds
149.328: [GC [PSYoungGen: 7456K->416K(8192K)] 9492K->2452K(26112K), 0.0003950 secs] [Times: user=0.00 sys=0.00, real=0.00 secs] 
149.328: Total time for which application threads were stopped: 0.0004950 seconds, Stopping threads took: 0.0000430 seconds
149.367: Application time: 0.0389050 seconds
149.367: [GC [PSYoungGen: 7584K->464K(8192K)] 9620K->2500K(26112K), 0.0004390 secs] [Times: user=0.00 sys=0.00, real=0.00 secs] 
149.368: Total time for which application threads were stopped: 0.0005610 seconds, Stopping threads took: 0.0000490 seconds
149.407: Application time: 0.0394770 seconds
149.407: [GC [PSYoungGen: 7632K->528K(8192K)] 9668K->2564K(26112K), 0.0004160 secs] [Times: user=0.00 sys=0.00, real=0.00 secs] 
149.408: Total time for which application threads were stopped: 0.0005170 seconds, Stopping threads took: 0.0000440 seconds
149.448: Application time: 0.0399160 seconds
149.448: [GC [PSYoungGen: 7696K->496K(8192K)] 9732K->2532K(26112K), 0.0004800 secs] [Times: user=0.01 sys=0.00, real=0.00 secs] 
149.448: Total time for which application threads were stopped: 0.0005770 seconds, Stopping threads took: 0.0000380 seconds
149.488: Application time: 0.0395450 seconds
149.488: [GC [PSYoungGen: 7664K->496K(8192K)] 9700K->2532K(26112K), 0.0004220 secs] [Times: user=0.00 sys=0.00, real=0.00 secs] 
149.488: Total time for which application threads were stopped: 0.0005170 seconds, Stopping threads took: 0.0000370 seconds
149.528: Application time: 0.0394130 seconds
149.528: [GC [PSYoungGen: 7664K->480K(8192K)] 9700K->2516K(26112K), 0.0004160 secs] [Times: user=0.01 sys=0.00, real=0.00 secs] 
149.528: Total time for which application threads were stopped: 0.0005260 seconds, Stopping threads took: 0.0000500 seconds
149.568: Application time: 0.0394170 seconds
149.569: [GC [PSYoungGen: 7648K->496K(8192K)] 9684K->2532K(26112K), 0.0004460 secs] [Times: user=0.00 sys=0.00, real=0.00 secs] 
149.570: Total time for which application threads were stopped: 0.0017100 seconds, Stopping threads took: 0.0012010 seconds
149.609: Application time: 0.0393550 seconds
149.609: [GC [PSYoungGen: 7664K->464K(8192K)] 9700K->2500K(26112K), 0.0004110 secs] [Times: user=0.00 sys=0.00, real=0.01 secs] 
149.609: Total time for which application threads were stopped: 0.0005170 seconds, Stopping threads took: 0.0000470 seconds
149.649: Application time: 0.0399750 seconds
149.649: [GC [PSYoungGen: 7632K->464K(8192K)] 9668K->2500K(26112K), 0.0004570 secs] [Times: user=0.00 sys=0.00, real=0.00 secs] 
149.650: Total time for which application threads were stopped: 0.0005530 seconds, Stopping threads took: 0.0000380 seconds
149.689: Application time: 0.0392280 seconds
149.689: [GC [PSYoungGen: 7632K->464K(8192K)] 9668K->2500K(26112K), 0.0004570 secs] [Times: user=0.00 sys=0.00, real=0.00 secs] 
149.690: Total time for which application threads were stopped: 0.0005530 seconds, Stopping threads took: 0.0000400 seconds
149.729: Application time: 0.0392360 seconds
149.729: [GC [PSYoungGen: 7632K->496K(8192K)] 9668K->2532K(26112K), 0.0004520 secs] [Times: user=0.00 sys=0.00, real=0.00 secs] 
149.730: Total time for which application threads were stopped: 0.0005620 seconds, Stopping threads took: 0.0000520 seconds
149.769: Application time: 0.0392600 seconds
149.769: [GC [PSYoungGen: 7664K->512K(8192K)] 9700K->2556K(26112K), 0.0004240 secs] [Times: user=0.01 sys=0.00, real=0.01 secs] 
149.769: Total time for which application threads were stopped: 0.0005250 seconds, Stopping threads took: 0.0000430 seconds
149.809: Application time: 0.0395250 seconds
149.809: [GC [PSYoungGen: 7680K->496K(8192K)] 9724K->2540K(26112K), 0.0004020 secs] [Times: user=0.00 sys=0.00, real=0.01 secs] 
149.809: Total time for which application threads were stopped: 0.0005030 seconds, Stopping threads took: 0.0000450 seconds
149.849: Application time: 0.0392940 seconds
149.849: [GC [PSYoungGen: 7664K->464K(8192K)] 9708K->2564K(26112K), 0.0004530 secs] [Times: user=0.00 sys=0.00, real=0.01 secs] 
149.849: Total time for which application threads were stopped: 0.0005500 seconds, Stopping threads took: 0.0000420 seconds
149.889: Application time: 0.0397710 seconds
149.889: [GC [PSYoungGen: 7632K->352K(8192K)] 9732K->2580K(26112K), 0.0003930 secs] [Times: user=0.01 sys=0.00, real=0.00 secs] 
149.889: Total time for which application threads were stopped: 0.0005130 seconds, Stopping threads took: 0.0000560 seconds
149.929: Application time: 0.0395070 seconds
149.929: [GC [PSYoungGen: 7520K->320K(8192K)] 9748K->2636K(26112K), 0.0004230 secs] [Times: user=0.00 sys=0.00, real=0.00 secs] 
149.930: Total time for which application threads were stopped: 0.0005400 seconds, Stopping threads took: 0.0000530 seconds
149.969: Application time: 0.0395630 seconds
149.969: [GC [PSYoungGen: 7488K->224K(8192K)] 9804K->2636K(26112K), 0.0004350 secs] [Times: user=0.00 sys=0.00, real=0.00 secs] 
149.970: Total time for which application threads were stopped: 0.0005360 seconds, Stopping threads took: 0.0000440 seconds
150.009: Application time: 0.0390060 seconds
150.009: [GC [PSYoungGen: 7392K->272K(8192K)] 9804K->2684K(26112K), 0.0003680 secs] [Times: user=0.01 sys=0.00, real=0.01 secs] 
150.009: Total time for which application threads were stopped: 0.0004670 seconds, Stopping threads took: 0.0000420 seconds
150.049: Application time: 0.0394270 seconds
150.049: [GC [PSYoungGen: 7440K->256K(8192K)] 9852K->2668K(26112K), 0.0004020 secs] [Times: user=0.00 sys=0.00, real=0.01 secs] 
150.049: Total time for which application threads were stopped: 0.0005000 seconds, Stopping threads took: 0.0000430 seconds
150.087: Application time: 0.0378610 seconds
150.087: [GC [PSYoungGen: 7424K->384K(8192K)] 9836K->2796K(26112K), 0.0003610 secs] [Times: user=0.00 sys=0.00, real=0.00 secs] 
150.087: Total time for which application threads were stopped: 0.0004650 seconds, Stopping threads took: 0.0000460 seconds
150.126: Application time: 0.0382020 seconds
150.126: [GC [PSYoungGen: 7552K->448K(8192K)] 9964K->2860K(26112K), 0.0003940 secs] [Times: user=0.00 sys=0.00, real=0.00 secs] 
150.126: Total time for which application threads were stopped: 0.0004980 seconds, Stopping threads took: 0.0000400 seconds
150.165: Application time: 0.0386130 seconds
150.165: [GC [PSYoungGen: 7616K->512K(8192K)] 10028K->2924K(26112K), 0.0004200 secs] [Times: user=0.00 sys=0.00, real=0.00 secs] 
150.165: Total time for which application threads were stopped: 0.0005190 seconds, Stopping threads took: 0.0000410 seconds
150.205: Application time: 0.0396900 seconds
150.205: [GC [PSYoungGen: 7680K->512K(8192K)] 10092K->2924K(26112K), 0.0004230 secs] [Times: user=0.00 sys=0.01, real=0.00 secs] 
150.205: Total time for which application threads were stopped: 0.0005200 seconds, Stopping threads took: 0.0000400 seconds
150.245: Application time: 0.0393230 seconds
150.245: [GC [PSYoungGen: 7680K->528K(8192K)] 10092K->2940K(26112K), 0.0003990 secs] [Times: user=0.01 sys=0.00, real=0.00 secs] 
150.245: Total time for which application threads were stopped: 0.0005010 seconds, Stopping threads took: 0.0000440 seconds
150.285: Application time: 0.0395610 seconds
150.285: [GC [PSYoungGen: 7696K->528K(8192K)] 10108K->2940K(26112K), 0.0004350 secs] [Times: user=0.00 sys=0.00, real=0.00 secs] 
150.285: Total time for which application threads were stopped: 0.0005290 seconds, Stopping threads took: 0.0000370 seconds
150.325: Application time: 0.0392970 seconds
150.325: [GC [PSYoungGen: 7696K->528K(8192K)] 10108K->2940K(26112K), 0.0004490 secs] [Times: user=0.00 sys=0.00, real=0.00 secs] 
150.325: Total time for which application threads were stopped: 0.0005550 seconds, Stopping threads took: 0.0000460 seconds
150.365: Application time: 0.0396440 seconds
150.365: [GC [PSYoungGen: 7696K->464K(8192K)] 10108K->2876K(26112K), 0.0004230 secs] [Times: user=0.00 sys=0.00, real=0.00 secs] 
150.365: Total time for which application threads were stopped: 0.0005200 seconds, Stopping threads took: 0.0000410 seconds
150.405: Application time: 0.0391790 seconds
150.405: [GC [PSYoungGen: 7632K->464K(8192K)] 10044K->2876K(26112K), 0.0004000 secs] [Times: user=0.00 sys=0.00, real=0.00 secs] 
150.405: Total time for which application threads were stopped: 0.0005060 seconds, Stopping threads took: 0.0000420 seconds
150.444: Application time: 0.0392050 seconds
150.444: [GC [PSYoungGen: 7632K->448K(8192K)] 10044K->2860K(26112K), 0.0004250 secs] [Times: user=0.00 sys=0.00, real=0.00 secs] 
150.445: Total time for which application threads were stopped: 0.0005290 seconds, Stopping threads took: 0.0000460 seconds
150.484: Application time: 0.0390620 seconds
150.484: [GC [PSYoungGen: 7616K->496K(8192K)] 10028K->2908K(26112K), 0.0005110 secs] [Times: user=0.00 sys=0.00, real=0.00 secs] 
150.484: Total time for which application threads were stopped: 0.0006100 seconds, Stopping threads took: 0.0000420 seconds
150.524: Application time: 0.0392410 seconds
150.525: [GC [PSYoungGen: 7664K->496K(8192K)] 10076K->2908K(26112K), 0.0005120 secs] [Times: user=0.00 sys=0.00, real=0.00 secs] 
150.527: Total time for which application threads were stopped: 0.0029010 seconds, Stopping threads took: 0.0013300 seconds
150.566: Application time: 0.0392320 seconds
150.566: [GC [PSYoungGen: 7664K->496K(8192K)] 10076K->2908K(26112K), 0.0004120 secs] [Times: user=0.00 sys=0.00, real=0.00 secs] 
150.566: Total time for which application threads were stopped: 0.0005120 seconds, Stopping threads took: 0.0000430 seconds
150.606: Application time: 0.0393010 seconds
150.606: [GC [PSYoungGen: 7664K->496K(8192K)] 10076K->2964K(26112K), 0.0004070 secs] [Times: user=0.00 sys=0.00, real=0.00 secs] 
150.606: Total time for which application threads were stopped: 0.0005040 seconds, Stopping threads took: 0.0000390 seconds
150.646: Application time: 0.0394730 seconds
150.646: [GC [PSYoungGen: 7664K->464K(8192K)] 10132K->2932K(26112K), 0.0004450 secs] [Times: user=0.00 sys=0.00, real=0.00 secs] 
150.646: Total time for which application threads were stopped: 0.0005430 seconds, Stopping threads took: 0.0000420 seconds
150.686: Application time: 0.0395080 seconds
150.686: [GC [PSYoungGen: 7632K->368K(8192K)] 10100K->2948K(26112K), 0.0004180 secs] [Times: user=0.00 sys=0.00, real=0.00 secs] 
150.686: Total time for which application threads were stopped: 0.0005130 seconds, Stopping threads took: 0.0000380 seconds
150.725: Application time: 0.0391790 seconds
150.725: [GC [PSYoungGen: 7536K->288K(8192K)] 10116K->2956K(26112K), 0.0004380 secs] [Times: user=0.00 sys=0.00, real=0.00 secs] 
150.726: Total time for which application threads were stopped: 0.0005370 seconds, Stopping threads took: 0.0000410 seconds
150.766: Application time: 0.0397740 seconds
150.766: [GC [PSYoungGen: 7456K->256K(8192K)] 10124K->3020K(26112K), 0.0003470 secs] [Times: user=0.00 sys=0.00, real=0.00 secs] 
150.766: Total time for which application threads were stopped: 0.0004460 seconds, Stopping threads took: 0.0000430 seconds
150.805: Application time: 0.0386160 seconds
150.805: [GC [PSYoungGen: 7424K->272K(8192K)] 10188K->3036K(26112K), 0.0003710 secs] [Times: user=0.00 sys=0.00, real=0.00 secs] 
150.805: Total time for which application threads were stopped: 0.0004720 seconds, Stopping threads took: 0.0000460 seconds
150.844: Application time: 0.0391960 seconds
150.845: [GC [PSYoungGen: 7440K->272K(8192K)] 10204K->3036K(26112K), 0.0003560 secs] [Times: user=0.00 sys=0.00, real=0.00 secs] 
150.845: Total time for which application threads were stopped: 0.0004560 seconds, Stopping threads took: 0.0000440 seconds
150.882: Application time: 0.0374610 seconds
150.885: [GC [PSYoungGen: 7440K->384K(8192K)] 10204K->3148K(26112K), 0.0003840 secs] [Times: user=0.01 sys=0.00, real=0.00 secs] 
150.885: Total time for which application threads were stopped: 0.0031290 seconds, Stopping threads took: 0.0026860 seconds
150.924: Application time: 0.0388400 seconds
150.924: [GC [PSYoungGen: 7552K->464K(8192K)] 10316K->3228K(26112K), 0.0004140 secs] [Times: user=0.00 sys=0.00, real=0.00 secs] 
150.925: Total time for which application threads were stopped: 0.0005370 seconds, Stopping threads took: 0.0000500 seconds
150.964: Application time: 0.0391070 seconds
150.964: [GC [PSYoungGen: 7632K->496K(8192K)] 10396K->3260K(26112K), 0.0004190 secs] [Times: user=0.00 sys=0.00, real=0.00 secs] 
150.965: Total time for which application threads were stopped: 0.0005520 seconds, Stopping threads took: 0.0000780 seconds
151.004: Application time: 0.0397100 seconds
151.004: [GC [PSYoungGen: 7664K->496K(8192K)] 10428K->3260K(26112K), 0.0004860 secs] [Times: user=0.00 sys=0.00, real=0.00 secs] 
151.005: Total time for which application threads were stopped: 0.0005840 seconds, Stopping threads took: 0.0000430 seconds
151.044: Application time: 0.0396720 seconds
151.045: [GC [PSYoungGen: 7664K->544K(8192K)] 10428K->3308K(26112K), 0.0004580 secs] [Times: user=0.00 sys=0.00, real=0.00 secs] 
151.045: Total time for which application threads were stopped: 0.0005580 seconds, Stopping threads took: 0.0000420 seconds
151.085: Application time: 0.0403230 seconds
151.085: [GC [PSYoungGen: 7712K->480K(8192K)] 10476K->3244K(26112K), 0.0004270 secs] [Times: user=0.00 sys=0.00, real=0.00 secs] 
151.086: Total time for which application threads were stopped: 0.0005330 seconds, Stopping threads took: 0.0000500 seconds
151.125: Application time: 0.0392680 seconds
151.125: [GC [PSYoungGen: 7648K->480K(8192K)] 10412K->3244K(26112K), 0.0004080 secs] [Times: user=0.00 sys=0.00, real=0.00 secs] 
151.126: Total time for which application threads were stopped: 0.0005000 seconds, Stopping threads took: 0.0000370 seconds
151.166: Application time: 0.0398270 seconds
151.166: [GC [PSYoungGen: 7648K->464K(8192K)] 10412K->3228K(26112K), 0.0004360 secs] [Times: user=0.00 sys=0.00, real=0.00 secs] 
151.166: Total time for which application threads were stopped: 0.0005370 seconds, Stopping threads took: 0.0000460 seconds
151.205: Application time: 0.0392600 seconds
151.205: [GC [PSYoungGen: 7632K->480K(8192K)] 10396K->3244K(26112K), 0.0003960 secs] [Times: user=0.00 sys=0.00, real=0.00 secs] 
151.206: Total time for which application threads were stopped: 0.0004910 seconds, Stopping threads took: 0.0000370 seconds
151.245: Application time: 0.0394010 seconds
151.245: [GC [PSYoungGen: 7648K->512K(8192K)] 10412K->3276K(26112K), 0.0004430 secs] [Times: user=0.00 sys=0.00, real=0.00 secs] 
151.246: Total time for which application threads were stopped: 0.0005410 seconds, Stopping threads took: 0.0000380 seconds
151.285: Application time: 0.0391920 seconds
151.285: [GC [PSYoungGen: 7680K->480K(8192K)] 10444K->3244K(26112K), 0.0004070 secs] [Times: user=0.01 sys=0.00, real=0.00 secs] 
151.285: Total time for which application threads were stopped: 0.0005080 seconds, Stopping threads took: 0.0000420 seconds
151.325: Application time: 0.0392880 seconds
151.325: [GC [PSYoungGen: 7648K->496K(8192K)] 10412K->3260K(26112K), 0.0004460 secs] [Times: user=0.00 sys=0.00, real=0.00 secs] 
151.325: Total time for which application threads were stopped: 0.0005460 seconds, Stopping threads took: 0.0000370 seconds
151.365: Application time: 0.0393040 seconds
151.365: [GC [PSYoungGen: 7664K->512K(8192K)] 10428K->3276K(26112K), 0.0004200 secs] [Times: user=0.00 sys=0.00, real=0.00 secs] 
151.365: Total time for which application threads were stopped: 0.0005120 seconds, Stopping threads took: 0.0000360 seconds
151.405: Application time: 0.0398260 seconds
151.405: [GC [PSYoungGen: 7680K->448K(8192K)] 10444K->3268K(26112K), 0.0004030 secs] [Times: user=0.00 sys=0.00, real=0.00 secs] 
151.405: Total time for which application threads were stopped: 0.0005160 seconds, Stopping threads took: 0.0000520 seconds
151.445: Application time: 0.0392640 seconds
151.445: [GC [PSYoungGen: 7616K->464K(8192K)] 10436K->3284K(26112K), 0.0004040 secs] [Times: user=0.00 sys=0.00, real=0.00 secs] 
151.445: Total time for which application threads were stopped: 0.0005120 seconds, Stopping threads took: 0.0000450 seconds
151.486: Application time: 0.0405540 seconds
151.486: [GC [PSYoungGen: 7632K->368K(8192K)] 10452K->3348K(26112K), 0.0003950 secs] [Times: user=0.00 sys=0.00, real=0.00 secs] 
151.486: Total time for which application threads were stopped: 0.0004930 seconds, Stopping threads took: 0.0000430 seconds
151.526: Application time: 0.0392310 seconds
151.526: [GC [PSYoungGen: 7536K->272K(8192K)] 10516K->3352K(26112K), 0.0003580 secs] [Times: user=0.00 sys=0.00, real=0.00 secs] 
151.526: Total time for which application threads were stopped: 0.0004620 seconds, Stopping threads took: 0.0000470 seconds
151.565: Application time: 0.0393010 seconds
151.569: [GC [PSYoungGen: 7440K->288K(8192K)] 10520K->3416K(26112K), 0.0003970 secs] [Times: user=0.00 sys=0.00, real=0.00 secs] 
151.570: Total time for which application threads were stopped: 0.0042320 seconds, Stopping threads took: 0.0037770 seconds
151.609: Application time: 0.0390710 seconds
151.609: [GC [PSYoungGen: 7456K->272K(8192K)] 10584K->3400K(26112K), 0.0003960 secs] [Times: user=0.00 sys=0.00, real=0.01 secs] 
151.609: Total time for which application threads were stopped: 0.0005000 seconds, Stopping threads took: 0.0000450 seconds
151.648: Application time: 0.0388340 seconds
151.648: [GC [PSYoungGen: 7440K->304K(8192K)] 10568K->3432K(26112K), 0.0004030 secs] [Times: user=0.00 sys=0.00, real=0.00 secs] 
151.648: Total time for which application threads were stopped: 0.0005010 seconds, Stopping threads took: 0.0000410 seconds
151.686: Application time: 0.0378220 seconds
151.686: [GC [PSYoungGen: 7472K->400K(8192K)] 10600K->3528K(26112K), 0.0004510 secs] [Times: user=0.00 sys=0.00, real=0.00 secs] 
151.687: Total time for which application threads were stopped: 0.0005530 seconds, Stopping threads took: 0.0000450 seconds
151.725: Application time: 0.0379280 seconds
151.725: [GC [PSYoungGen: 7568K->512K(8192K)] 10696K->3640K(26112K), 0.0004380 secs] [Times: user=0.01 sys=0.00, real=0.00 secs] 
151.725: Total time for which application threads were stopped: 0.0005420 seconds, Stopping threads took: 0.0000460 seconds
151.765: Application time: 0.0401910 seconds
151.766: [GC [PSYoungGen: 7680K->480K(8192K)] 10808K->3608K(26112K), 0.0004360 secs] [Times: user=0.00 sys=0.00, real=0.00 secs] 
151.766: Total time for which application threads were stopped: 0.0005390 seconds, Stopping threads took: 0.0000390 seconds
151.805: Application time: 0.0392320 seconds
151.805: [GC [PSYoungGen: 7648K->448K(8192K)] 10776K->3576K(26112K), 0.0004150 secs] [Times: user=0.00 sys=0.00, real=0.00 secs] 
151.806: Total time for which application threads were stopped: 0.0005090 seconds, Stopping threads took: 0.0000410 seconds
151.845: Application time: 0.0392700 seconds
151.845: [GC [PSYoungGen: 7616K->480K(8192K)] 10744K->3608K(26112K), 0.0004040 secs] [Times: user=0.01 sys=0.00, real=0.00 secs] 
151.846: Total time for which application threads were stopped: 0.0005140 seconds, Stopping threads took: 0.0000540 seconds
151.885: Application time: 0.0392230 seconds
151.885: [GC [PSYoungGen: 7648K->464K(8192K)] 10776K->3592K(26112K), 0.0004160 secs] [Times: user=0.00 sys=0.00, real=0.00 secs] 
151.885: Total time for which application threads were stopped: 0.0005110 seconds, Stopping threads took: 0.0000380 seconds
151.925: Application time: 0.0398940 seconds
151.925: [GC [PSYoungGen: 7632K->464K(8192K)] 10760K->3592K(26112K), 0.0004720 secs] [Times: user=0.00 sys=0.00, real=0.00 secs] 
151.926: Total time for which application threads were stopped: 0.0005860 seconds, Stopping threads took: 0.0000500 seconds
151.966: Application time: 0.0397630 seconds
151.966: [GC [PSYoungGen: 7632K->512K(8192K)] 10760K->3640K(26112K), 0.0004510 secs] [Times: user=0.00 sys=0.00, real=0.00 secs] 
151.966: Total time for which application threads were stopped: 0.0005600 seconds, Stopping threads took: 0.0000420 seconds
152.006: Application time: 0.0394260 seconds
152.006: [GC [PSYoungGen: 7680K->512K(8192K)] 10808K->3640K(26112K), 0.0004120 secs] [Times: user=0.00 sys=0.00, real=0.00 secs] 
152.006: Total time for which application threads were stopped: 0.0005060 seconds, Stopping threads took: 0.0000370 seconds
152.045: Application time: 0.0392030 seconds
152.045: [GC [PSYoungGen: 7680K->496K(8192K)] 10808K->3624K(26112K), 0.0004040 secs] [Times: user=0.00 sys=0.00, real=0.00 secs] 
152.046: Total time for which application threads were stopped: 0.0005120 seconds, Stopping threads took: 0.0000500 seconds
152.085: Application time: 0.0395360 seconds
152.085: [GC [PSYoungGen: 7664K->480K(8192K)] 10792K->3608K(26112K), 0.0004640 secs] [Times: user=0.00 sys=0.00, real=0.00 secs] 
152.086: Total time for which application threads were stopped: 0.0005600 seconds, Stopping threads took: 0.0000400 seconds
152.125: Application time: 0.0393670 seconds
152.125: [GC [PSYoungGen: 7648K->512K(8192K)] 10776K->3640K(26112K), 0.0004090 secs] [Times: user=0.00 sys=0.00, real=0.00 secs] 
152.126: Total time for which application threads were stopped: 0.0005060 seconds, Stopping threads took: 0.0000400 seconds
152.165: Application time: 0.0393390 seconds
152.165: [GC [PSYoungGen: 7680K->512K(8192K)] 10808K->3640K(26112K), 0.0004130 secs] [Times: user=0.00 sys=0.00, real=0.00 secs] 
152.166: Total time for which application threads were stopped: 0.0005270 seconds, Stopping threads took: 0.0000560 seconds
152.205: Application time: 0.0392590 seconds
152.205: [GC [PSYoungGen: 7680K->432K(8192K)] 10808K->3616K(26112K), 0.0004420 secs] [Times: user=0.00 sys=0.00, real=0.00 secs] 
152.205: Total time for which application threads were stopped: 0.0005410 seconds, Stopping threads took: 0.0000410 seconds
152.245: Application time: 0.0393260 seconds
152.245: [GC [PSYoungGen: 7600K->384K(8192K)] 10784K->3669K(26112K), 0.0003970 secs] [Times: user=0.00 sys=0.00, real=0.00 secs] 
152.245: Total time for which application threads were stopped: 0.0004960 seconds, Stopping threads took: 0.0000410 seconds
152.286: Application time: 0.0404500 seconds
152.286: [GC [PSYoungGen: 7552K->288K(8192K)] 10837K->3685K(26112K), 0.0003990 secs] [Times: user=0.00 sys=0.00, real=0.00 secs] 
152.286: Total time for which application threads were stopped: 0.0005110 seconds, Stopping threads took: 0.0000570 seconds
152.326: Application time: 0.0393580 seconds
152.326: [GC [PSYoungGen: 7456K->240K(8192K)] 10853K->3733K(26112K), 0.0003960 secs] [Times: user=0.00 sys=0.00, real=0.00 secs] 
152.326: Total time for which application threads were stopped: 0.0005020 seconds, Stopping threads took: 0.0000490 seconds
152.365: Application time: 0.0392680 seconds
152.365: [GC [PSYoungGen: 7408K->256K(8192K)] 10901K->3749K(26112K), 0.0003620 secs] [Times: user=0.00 sys=0.00, real=0.00 secs] 
152.366: Total time for which application threads were stopped: 0.0004550 seconds, Stopping threads took: 0.0000380 seconds
152.405: Application time: 0.0390400 seconds
152.409: [GC [PSYoungGen: 7424K->272K(8192K)] 10917K->3765K(26112K), 0.0004380 secs] [Times: user=0.00 sys=0.00, real=0.00 secs] 
152.410: Total time for which application threads were stopped: 0.0047530 seconds, Stopping threads took: 0.0042590 seconds
152.448: Application time: 0.0383570 seconds
152.448: [GC [PSYoungGen: 7439K->320K(8192K)] 10932K->3813K(26112K), 0.0003840 secs] [Times: user=0.00 sys=0.00, real=0.00 secs] 
152.448: Total time for which application threads were stopped: 0.0004970 seconds, Stopping threads took: 0.0000530 seconds
152.487: Application time: 0.0382560 seconds
152.487: [GC [PSYoungGen: 7488K->400K(8192K)] 10981K->3893K(26112K), 0.0004120 secs] [Times: user=0.00 sys=0.00, real=0.00 secs] 
152.487: Total time for which application threads were stopped: 0.0005300 seconds, Stopping threads took: 0.0000520 seconds
152.525: Application time: 0.0382720 seconds
152.526: [GC [PSYoungGen: 7568K->512K(8192K)] 11061K->4005K(26112K), 0.0004170 secs] [Times: user=0.00 sys=0.00, real=0.00 secs] 
152.526: Total time for which application threads were stopped: 0.0005200 seconds, Stopping threads took: 0.0000460 seconds
152.565: Application time: 0.0393520 seconds
152.565: [GC [PSYoungGen: 7680K->512K(8192K)] 11173K->4005K(26112K), 0.0004790 secs] [Times: user=0.00 sys=0.00, real=0.00 secs] 
152.566: Total time for which application threads were stopped: 0.0005780 seconds, Stopping threads took: 0.0000410 seconds
152.606: Application time: 0.0396000 seconds
152.606: [GC [PSYoungGen: 7680K->496K(8192K)] 11173K->3989K(26112K), 0.0004040 secs] [Times: user=0.01 sys=0.00, real=0.00 secs] 
152.606: Total time for which application threads were stopped: 0.0005140 seconds, Stopping threads took: 0.0000530 seconds
152.646: Application time: 0.0395400 seconds
152.646: [GC [PSYoungGen: 7664K->512K(8192K)] 11157K->4005K(26112K), 0.0004460 secs] [Times: user=0.00 sys=0.00, real=0.00 secs] 
152.646: Total time for which application threads were stopped: 0.0005590 seconds, Stopping threads took: 0.0000540 seconds
152.686: Application time: 0.0394870 seconds
152.686: [GC [PSYoungGen: 7680K->448K(8192K)] 11173K->3941K(26112K), 0.0004470 secs] [Times: user=0.01 sys=0.00, real=0.00 secs] 
152.686: Total time for which application threads were stopped: 0.0005480 seconds, Stopping threads took: 0.0000440 seconds
152.726: Application time: 0.0394050 seconds
152.726: [GC [PSYoungGen: 7616K->512K(8192K)] 11109K->4005K(26112K), 0.0004170 secs] [Times: user=0.00 sys=0.00, real=0.00 secs] 
152.726: Total time for which application threads were stopped: 0.0005140 seconds, Stopping threads took: 0.0000410 seconds
152.766: Application time: 0.0394960 seconds
152.766: [GC [PSYoungGen: 7680K->496K(8192K)] 11173K->3989K(26112K), 0.0004050 secs] [Times: user=0.00 sys=0.00, real=0.00 secs] 
152.766: Total time for which application threads were stopped: 0.0005000 seconds, Stopping threads took: 0.0000400 seconds
152.806: Application time: 0.0394700 seconds
152.806: [GC [PSYoungGen: 7664K->496K(8192K)] 11157K->3989K(26112K), 0.0004740 secs] [Times: user=0.00 sys=0.00, real=0.00 secs] 
152.806: Total time for which application threads were stopped: 0.0005820 seconds, Stopping threads took: 0.0000510 seconds
152.846: Application time: 0.0394680 seconds
152.846: [GC [PSYoungGen: 7664K->496K(8192K)] 11157K->3989K(26112K), 0.0004030 secs] [Times: user=0.01 sys=0.00, real=0.00 secs] 
152.846: Total time for which application threads were stopped: 0.0005030 seconds, Stopping threads took: 0.0000440 seconds
152.885: Application time: 0.0391510 seconds
152.885: [GC [PSYoungGen: 7664K->528K(8192K)] 11157K->4021K(26112K), 0.0004320 secs] [Times: user=0.00 sys=0.00, real=0.00 secs] 
152.886: Total time for which application threads were stopped: 0.0005300 seconds, Stopping threads took: 0.0000410 seconds
152.925: Application time: 0.0395340 seconds
152.925: [GC [PSYoungGen: 7696K->480K(8192K)] 11189K->3973K(26112K), 0.0004380 secs] [Times: user=0.00 sys=0.00, real=0.00 secs] 
152.926: Total time for which application threads were stopped: 0.0005440 seconds, Stopping threads took: 0.0000410 seconds
152.965: Application time: 0.0393340 seconds
152.965: [GC [PSYoungGen: 7648K->464K(8192K)] 11141K->3957K(26112K), 0.0004050 secs] [Times: user=0.00 sys=0.00, real=0.00 secs] 
152.966: Total time for which application threads were stopped: 0.0005070 seconds, Stopping threads took: 0.0000470 seconds
153.005: Application time: 0.0396190 seconds
153.005: [GC [PSYoungGen: 7632K->448K(8192K)] 11125K->3989K(26112K), 0.0004060 secs] [Times: user=0.00 sys=0.00, real=0.00 secs] 
153.006: Total time for which application threads were stopped: 0.0005170 seconds, Stopping threads took: 0.0000430 seconds
153.045: Application time: 0.0395370 seconds
153.045: [GC [PSYoungGen: 7616K->416K(8192K)] 11157K->4065K(26112K), 0.0004020 secs] [Times: user=0.00 sys=0.00, real=0.00 secs] 
153.046: Total time for which application threads were stopped: 0.0005000 seconds, Stopping threads took: 0.0000420 seconds
153.085: Application time: 0.0394370 seconds
153.085: [GC [PSYoungGen: 7584K->320K(8192K)] 11233K->4081K(26112K), 0.0003940 secs] [Times: user=0.01 sys=0.00, real=0.00 secs] 
153.086: Total time for which application threads were stopped: 0.0004950 seconds, Stopping threads took: 0.0000460 seconds
153.126: Application time: 0.0398970 seconds
153.126: [GC [PSYoungGen: 7488K->256K(8192K)] 11249K->4105K(26112K), 0.0003680 secs] [Times: user=0.00 sys=0.00, real=0.00 secs] 
153.126: Total time for which application threads were stopped: 0.0004620 seconds, Stopping threads took: 0.0000390 seconds
153.165: Application time: 0.0385670 seconds
153.165: [GC [PSYoungGen: 7424K->272K(8192K)] 11273K->4121K(26112K), 0.0003760 secs] [Times: user=0.00 sys=0.00, real=0.00 secs] 
153.165: Total time for which application threads were stopped: 0.0004760 seconds, Stopping threads took: 0.0000440 seconds
153.204: Application time: 0.0389530 seconds
153.204: [GC [PSYoungGen: 7440K->320K(8192K)] 11289K->4169K(26112K), 0.0004260 secs] [Times: user=0.00 sys=0.00, real=0.00 secs] 
153.205: Total time for which application threads were stopped: 0.0005220 seconds, Stopping threads took: 0.0000400 seconds
153.243: Application time: 0.0387000 seconds
153.244: [GC [PSYoungGen: 7488K->352K(8192K)] 11337K->4201K(26112K), 0.0003720 secs] [Times: user=0.00 sys=0.00, real=0.00 secs] 
153.244: Total time for which application threads were stopped: 0.0004800 seconds, Stopping threads took: 0.0000480 seconds
153.282: Application time: 0.0381590 seconds
153.282: [GC [PSYoungGen: 7520K->416K(8192K)] 11369K->4265K(26112K), 0.0003960 secs] [Times: user=0.00 sys=0.00, real=0.00 secs] 
153.283: Total time for which application threads were stopped: 0.0004930 seconds, Stopping threads took: 0.0000400 seconds
153.321: Application time: 0.0385420 seconds
153.321: [GC [PSYoungGen: 7584K->480K(8192K)] 11433K->4329K(26112K), 0.0004330 secs] [Times: user=0.01 sys=0.00, real=0.00 secs] 
153.322: Total time for which application threads were stopped: 0.0005320 seconds, Stopping threads took: 0.0000400 seconds
153.362: Application time: 0.0400440 seconds
153.362: [GC [PSYoungGen: 7648K->464K(8192K)] 11497K->4313K(26112K), 0.0005100 secs] [Times: user=0.00 sys=0.00, real=0.00 secs] 
153.362: Total time for which application threads were stopped: 0.0006070 seconds, Stopping threads took: 0.0000390 seconds
153.401: Application time: 0.0392150 seconds
153.402: [GC [PSYoungGen: 7632K->464K(8192K)] 11481K->4313K(26112K), 0.0004270 secs] [Times: user=0.00 sys=0.00, real=0.00 secs] 
153.402: Total time for which application threads were stopped: 0.0005420 seconds, Stopping threads took: 0.0000490 seconds
153.442: Application time: 0.0399130 seconds
153.442: [GC [PSYoungGen: 7632K->496K(8192K)] 11481K->4345K(26112K), 0.0004200 secs] [Times: user=0.01 sys=0.00, real=0.00 secs] 
153.442: Total time for which application threads were stopped: 0.0005160 seconds, Stopping threads took: 0.0000380 seconds
153.482: Application time: 0.0394250 seconds
153.482: [GC [PSYoungGen: 7664K->464K(8192K)] 11513K->4313K(26112K), 0.0004190 secs] [Times: user=0.00 sys=0.00, real=0.00 secs] 
153.482: Total time for which application threads were stopped: 0.0005190 seconds, Stopping threads took: 0.0000430 seconds
153.522: Application time: 0.0394550 seconds
153.522: [GC [PSYoungGen: 7632K->464K(8192K)] 11481K->4313K(26112K), 0.0004430 secs] [Times: user=0.00 sys=0.00, real=0.00 secs] 
153.522: Total time for which application threads were stopped: 0.0005510 seconds, Stopping threads took: 0.0000440 seconds
153.562: Application time: 0.0392820 seconds
153.562: [GC [PSYoungGen: 7632K->480K(8192K)] 11481K->4329K(26112K), 0.0005220 secs] [Times: user=0.00 sys=0.00, real=0.00 secs] 
153.562: Total time for which application threads were stopped: 0.0006420 seconds, Stopping threads took: 0.0000600 seconds
153.602: Application time: 0.0391750 seconds
153.602: [GC [PSYoungGen: 7648K->496K(8192K)] 11497K->4345K(26112K), 0.0004360 secs] [Times: user=0.00 sys=0.00, real=0.00 secs] 
153.602: Total time for which application threads were stopped: 0.0005330 seconds, Stopping threads took: 0.0000420 seconds
153.641: Application time: 0.0391690 seconds
153.641: [GC [PSYoungGen: 7664K->448K(8192K)] 11513K->4297K(26112K), 0.0003980 secs] [Times: user=0.00 sys=0.00, real=0.00 secs] 
153.642: Total time for which application threads were stopped: 0.0004940 seconds, Stopping threads took: 0.0000390 seconds
153.681: Application time: 0.0396670 seconds
153.681: [GC [PSYoungGen: 7616K->480K(8192K)] 11465K->4329K(26112K), 0.0004820 secs] [Times: user=0.00 sys=0.00, real=0.00 secs] 
153.682: Total time for which application threads were stopped: 0.0005870 seconds, Stopping threads took: 0.0000480 seconds
153.721: Application time: 0.0391860 seconds
153.721: [GC [PSYoungGen: 7648K->496K(8192K)] 11497K->4345K(26112K), 0.0004400 secs] [Times: user=0.00 sys=0.00, real=0.00 secs] 
153.722: Total time for which application threads were stopped: 0.0005390 seconds, Stopping threads took: 0.0000430 seconds
153.761: Application time: 0.0394010 seconds
153.761: [GC [PSYoungGen: 7664K->480K(8192K)] 11513K->4377K(26112K), 0.0004750 secs] [Times: user=0.00 sys=0.00, real=0.00 secs] 
153.762: Total time for which application threads were stopped: 0.0005700 seconds, Stopping threads took: 0.0000400 seconds
153.801: Application time: 0.0393280 seconds
153.801: [GC [PSYoungGen: 7648K->400K(8192K)] 11545K->4345K(26112K), 0.0004420 secs] [Times: user=0.00 sys=0.00, real=0.00 secs] 
153.802: Total time for which application threads were stopped: 0.0005500 seconds, Stopping threads took: 0.0000520 seconds
153.841: Application time: 0.0392070 seconds
153.841: [GC [PSYoungGen: 7568K->368K(8192K)] 11513K->4393K(26112K), 0.0004020 secs] [Times: user=0.00 sys=0.00, real=0.01 secs] 
153.841: Total time for which application threads were stopped: 0.0005000 seconds, Stopping threads took: 0.0000410 seconds
153.881: Application time: 0.0393400 seconds
153.881: [GC [PSYoungGen: 7536K->288K(8192K)] 11561K->4417K(26112K), 0.0004110 secs] [Times: user=0.00 sys=0.00, real=0.01 secs] 
153.881: Total time for which application threads were stopped: 0.0005130 seconds, Stopping threads took: 0.0000470 seconds
153.921: Application time: 0.0394510 seconds
153.921: [GC [PSYoungGen: 7456K->256K(8192K)] 11585K->4481K(26112K), 0.0004100 secs] [Times: user=0.00 sys=0.00, real=0.01 secs] 
153.921: Total time for which application threads were stopped: 0.0005320 seconds, Stopping threads took: 0.0000560 seconds
153.960: Application time: 0.0389890 seconds
153.960: [GC [PSYoungGen: 7424K->272K(8192K)] 11649K->4497K(26112K), 0.0003690 secs] [Times: user=0.00 sys=0.00, real=0.00 secs] 
153.961: Total time for which application threads were stopped: 0.0004790 seconds, Stopping threads took: 0.0000460 seconds
153.999: Application time: 0.0383230 seconds
153.999: [GC [PSYoungGen: 7440K->304K(8192K)] 11665K->4529K(26112K), 0.0003790 secs] [Times: user=0.00 sys=0.00, real=0.00 secs] 
153.999: Total time for which application threads were stopped: 0.0004790 seconds, Stopping threads took: 0.0000450 seconds
154.038: Application time: 0.0384410 seconds
154.038: [GC [PSYoungGen: 7469K->400K(8192K)] 11695K->4625K(26112K), 0.0004400 secs] [Times: user=0.00 sys=0.00, real=0.00 secs] 
154.038: Total time for which application threads were stopped: 0.0005680 seconds, Stopping threads took: 0.0000600 seconds
154.077: Application time: 0.0382370 seconds
154.077: [GC [PSYoungGen: 7568K->416K(8192K)] 11793K->4641K(26112K), 0.0004470 secs] [Times: user=0.00 sys=0.00, real=0.00 secs] 
154.077: Total time for which application threads were stopped: 0.0005470 seconds, Stopping threads took: 0.0000400 seconds
154.116: Application time: 0.0388370 seconds
154.116: [GC [PSYoungGen: 7584K->512K(8192K)] 11809K->4737K(26112K), 0.0004060 secs] [Times: user=0.00 sys=0.00, real=0.00 secs] 
154.117: Total time for which application threads were stopped: 0.0005110 seconds, Stopping threads took: 0.0000480 seconds
154.156: Application time: 0.0394850 seconds
154.156: [GC [PSYoungGen: 7680K->544K(8192K)] 11905K->4769K(26112K), 0.0004510 secs] [Times: user=0.00 sys=0.00, real=0.00 secs] 
154.157: Total time for which application threads were stopped: 0.0005520 seconds, Stopping threads took: 0.0000430 seconds
154.196: Application time: 0.0397250 seconds
154.196: [GC [PSYoungGen: 7712K->512K(8192K)] 11937K->4737K(26112K), 0.0004360 secs] [Times: user=0.00 sys=0.00, real=0.00 secs] 
154.197: Total time for which application threads were stopped: 0.0005290 seconds, Stopping threads took: 0.0000350 seconds
154.236: Application time: 0.0395950 seconds
154.237: [GC [PSYoungGen: 7680K->448K(8192K)] 11905K->4673K(26112K), 0.0005210 secs] [Times: user=0.01 sys=0.00, real=0.00 secs] 
154.238: Total time for which application threads were stopped: 0.0011890 seconds, Stopping threads took: 0.0006110 seconds
154.277: Application time: 0.0392470 seconds
154.277: [GC [PSYoungGen: 7616K->496K(8192K)] 11841K->4721K(26112K), 0.0004200 secs] [Times: user=0.00 sys=0.00, real=0.00 secs] 
154.277: Total time for which application threads were stopped: 0.0005140 seconds, Stopping threads took: 0.0000390 seconds
154.317: Application time: 0.0396080 seconds
154.317: [GC [PSYoungGen: 7664K->528K(8192K)] 11889K->4753K(26112K), 0.0004130 secs] [Times: user=0.00 sys=0.00, real=0.00 secs] 
154.318: Total time for which application threads were stopped: 0.0005100 seconds, Stopping threads took: 0.0000410 seconds
154.357: Application time: 0.0391100 seconds
154.357: [GC [PSYoungGen: 7696K->480K(8192K)] 11921K->4705K(26112K), 0.0004650 secs] [Times: user=0.00 sys=0.00, real=0.00 secs] 
154.357: Total time for which application threads were stopped: 0.0005670 seconds, Stopping threads took: 0.0000460 seconds
154.396: Application time: 0.0392710 seconds
154.397: [GC [PSYoungGen: 7648K->544K(8192K)] 11873K->4769K(26112K), 0.0005120 secs] [Times: user=0.00 sys=0.00, real=0.00 secs] 
154.397: Total time for which application threads were stopped: 0.0006150 seconds, Stopping threads took: 0.0000470 seconds
154.436: Application time: 0.0388850 seconds
154.436: [GC [PSYoungGen: 7711K->496K(8192K)] 11937K->4721K(26112K), 0.0004480 secs] [Times: user=0.01 sys=0.00, real=0.00 secs] 
154.437: Total time for which application threads were stopped: 0.0005490 seconds, Stopping threads took: 0.0000450 seconds
154.476: Application time: 0.0392630 seconds
154.476: [GC [PSYoungGen: 7664K->480K(8192K)] 11889K->4705K(26112K), 0.0004120 secs] [Times: user=0.00 sys=0.00, real=0.00 secs] 
154.476: Total time for which application threads were stopped: 0.0005100 seconds, Stopping threads took: 0.0000440 seconds
154.516: Application time: 0.0393350 seconds
154.516: [GC [PSYoungGen: 7648K->512K(8192K)] 11873K->4737K(26112K), 0.0004960 secs] [Times: user=0.00 sys=0.00, real=0.00 secs] 
154.516: Total time for which application threads were stopped: 0.0005940 seconds, Stopping threads took: 0.0000430 seconds
154.556: Application time: 0.0398780 seconds
154.556: [GC [PSYoungGen: 7680K->464K(8192K)] 11905K->4745K(26112K), 0.0004000 secs] [Times: user=0.00 sys=0.00, real=0.00 secs] 
154.557: Total time for which application threads were stopped: 0.0005090 seconds, Stopping threads took: 0.0000440 seconds
154.596: Application time: 0.0394090 seconds
154.596: [GC [PSYoungGen: 7632K->368K(8192K)] 11913K->4729K(26112K), 0.0004200 secs] [Times: user=0.00 sys=0.00, real=0.00 secs] 
154.597: Total time for which application threads were stopped: 0.0005180 seconds, Stopping threads took: 0.0000410 seconds
154.636: Application time: 0.0393160 seconds
154.636: [GC [PSYoungGen: 7536K->352K(8192K)] 11897K->4793K(26112K), 0.0004240 secs] [Times: user=0.00 sys=0.00, real=0.00 secs] 
154.636: Total time for which application threads were stopped: 0.0005190 seconds, Stopping threads took: 0.0000410 seconds
154.676: Application time: 0.0398320 seconds
154.676: [GC [PSYoungGen: 7520K->272K(8192K)] 11961K->4793K(26112K), 0.0003710 secs] [Times: user=0.00 sys=0.00, real=0.00 secs] 
154.677: Total time for which application threads were stopped: 0.0004670 seconds, Stopping threads took: 0.0000410 seconds
154.716: Application time: 0.0394040 seconds
154.716: [GC [PSYoungGen: 7435K->272K(8192K)] 11957K->4833K(26112K), 0.0003900 secs] [Times: user=0.00 sys=0.00, real=0.00 secs] 
154.717: Total time for which application threads were stopped: 0.0004990 seconds, Stopping threads took: 0.0000510 seconds
154.755: Application time: 0.0388350 seconds
154.756: [GC [PSYoungGen: 7440K->272K(8192K)] 12001K->4833K(26112K), 0.0003470 secs] [Times: user=0.01 sys=0.00, real=0.00 secs] 
154.756: Total time for which application threads were stopped: 0.0004560 seconds, Stopping threads took: 0.0000500 seconds
154.794: Application time: 0.0377950 seconds
154.794: [GC [PSYoungGen: 7440K->336K(8192K)] 12001K->4897K(26112K), 0.0003880 secs] [Times: user=0.00 sys=0.00, real=0.00 secs] 
154.794: Total time for which application threads were stopped: 0.0004860 seconds, Stopping threads took: 0.0000400 seconds
154.832: Application time: 0.0382730 seconds
154.833: [GC [PSYoungGen: 7504K->432K(8192K)] 12065K->4993K(26112K), 0.0004150 secs] [Times: user=0.00 sys=0.00, real=0.00 secs] 
154.833: Total time for which application threads were stopped: 0.0005200 seconds, Stopping threads took: 0.0000470 seconds
154.871: Application time: 0.0382450 seconds
154.871: [GC [PSYoungGen: 7600K->512K(8192K)] 12161K->5074K(26112K), 0.0004200 secs] [Times: user=0.00 sys=0.00, real=0.00 secs] 
154.872: Total time for which application threads were stopped: 0.0005270 seconds, Stopping threads took: 0.0000500 seconds
154.911: Application time: 0.0397270 seconds
154.912: [GC [PSYoungGen: 7680K->512K(8192K)] 12242K->5073K(26112K), 0.0004690 secs] [Times: user=0.00 sys=0.00, real=0.00 secs] 
154.912: Total time for which application threads were stopped: 0.0005920 seconds, Stopping threads took: 0.0000560 seconds
154.951: Application time: 0.0393290 seconds
154.951: [GC [PSYoungGen: 7680K->496K(8192K)] 12241K->5057K(26112K), 0.0004200 secs] [Times: user=0.00 sys=0.00, real=0.00 secs] 
154.952: Total time for which application threads were stopped: 0.0005190 seconds, Stopping threads took: 0.0000420 seconds
154.992: Application time: 0.0396320 seconds
154.992: [GC [PSYoungGen: 7664K->528K(8192K)] 12225K->5089K(26112K), 0.0004420 secs] [Times: user=0.00 sys=0.00, real=0.00 secs] 
154.992: Total time for which application threads were stopped: 0.0005330 seconds, Stopping threads took: 0.0000380 seconds
155.031: Application time: 0.0393380 seconds
155.031: [GC [PSYoungGen: 7696K->528K(8192K)] 12257K->5089K(26112K), 0.0004310 secs] [Times: user=0.00 sys=0.00, real=0.00 secs] 
155.032: Total time for which application threads were stopped: 0.0005240 seconds, Stopping threads took: 0.0000420 seconds
155.071: Application time: 0.0392440 seconds
155.073: [GC [PSYoungGen: 7696K->480K(8192K)] 12257K->5042K(26112K), 0.0004590 secs] [Times: user=0.00 sys=0.00, real=0.00 secs] 
155.074: Total time for which application threads were stopped: 0.0023860 seconds, Stopping threads took: 0.0018560 seconds
155.113: Application time: 0.0393790 seconds
155.113: [GC [PSYoungGen: 7648K->528K(8192K)] 12210K->5089K(26112K), 0.0004470 secs] [Times: user=0.00 sys=0.00, real=0.00 secs] 
155.113: Total time for which application threads were stopped: 0.0005440 seconds, Stopping threads took: 0.0000420 seconds
155.153: Application time: 0.0398110 seconds
155.153: [GC [PSYoungGen: 7696K->528K(8192K)] 12257K->5090K(26112K), 0.0004470 secs] [Times: user=0.00 sys=0.00, real=0.00 secs] 
155.154: Total time for which application threads were stopped: 0.0005400 seconds, Stopping threads took: 0.0000380 seconds
155.193: Application time: 0.0390700 seconds
155.193: [GC [PSYoungGen: 7696K->512K(8192K)] 12258K->5073K(26112K), 0.0004400 secs] [Times: user=0.00 sys=0.00, real=0.00 secs] 
155.193: Total time for which application threads were stopped: 0.0005400 seconds, Stopping threads took: 0.0000460 seconds
155.233: Application time: 0.0400040 seconds
155.237: [GC [PSYoungGen: 7680K->496K(8192K)] 12241K->5057K(26112K), 0.0004220 secs] [Times: user=0.00 sys=0.00, real=0.00 secs] 
155.238: Total time for which application threads were stopped: 0.0040460 seconds, Stopping threads took: 0.0035680 seconds
155.277: Application time: 0.0392560 seconds
155.277: [GC [PSYoungGen: 7664K->496K(8192K)] 12225K->5057K(26112K), 0.0004110 secs] [Times: user=0.00 sys=0.00, real=0.00 secs] 
155.277: Total time for which application threads were stopped: 0.0005180 seconds, Stopping threads took: 0.0000480 seconds
155.317: Application time: 0.0397880 seconds
155.317: [GC [PSYoungGen: 7664K->512K(8192K)] 12225K->5081K(26112K), 0.0004260 secs] [Times: user=0.00 sys=0.00, real=0.00 secs] 
155.318: Total time for which application threads were stopped: 0.0005280 seconds, Stopping threads took: 0.0000450 seconds
155.357: Application time: 0.0393230 seconds
155.357: [GC [PSYoungGen: 7680K->464K(8192K)] 12249K->5081K(26112K), 0.0004110 secs] [Times: user=0.00 sys=0.00, real=0.00 secs] 
155.357: Total time for which application threads were stopped: 0.0005140 seconds, Stopping threads took: 0.0000430 seconds
155.397: Application time: 0.0394530 seconds
155.397: [GC [PSYoungGen: 7632K->384K(8192K)] 12249K->5114K(26112K), 0.0004340 secs] [Times: user=0.00 sys=0.00, real=0.00 secs] 
155.397: Total time for which application threads were stopped: 0.0005300 seconds, Stopping threads took: 0.0000400 seconds
155.437: Application time: 0.0392730 seconds
155.437: [GC [PSYoungGen: 7552K->352K(8192K)] 12282K->5170K(26112K), 0.0004220 secs] [Times: user=0.01 sys=0.00, real=0.00 secs] 
155.437: Total time for which application threads were stopped: 0.0005170 seconds, Stopping threads took: 0.0000370 seconds
155.477: Application time: 0.0395850 seconds
155.477: [GC [PSYoungGen: 7520K->256K(8192K)] 12338K->5170K(26112K), 0.0004150 secs] [Times: user=0.00 sys=0.00, real=0.00 secs] 
155.477: Total time for which application threads were stopped: 0.0005120 seconds, Stopping threads took: 0.0000390 seconds
155.516: Application time: 0.0390340 seconds
155.516: [GC [PSYoungGen: 7424K->272K(8192K)] 12338K->5186K(26112K), 0.0003890 secs] [Times: user=0.00 sys=0.00, real=0.00 secs] 
155.517: Total time for which application threads were stopped: 0.0004940 seconds, Stopping threads took: 0.0000470 seconds
155.556: Application time: 0.0387930 seconds
155.556: [GC [PSYoungGen: 7440K->304K(8192K)] 12354K->5218K(26112K), 0.0004060 secs] [Times: user=0.00 sys=0.00, real=0.00 secs] 
155.557: Total time for which application threads were stopped: 0.0016200 seconds, Stopping threads took: 0.0000420 seconds
155.596: Application time: 0.0388310 seconds
155.596: [GC [PSYoungGen: 7472K->352K(8192K)] 12386K->5266K(26112K), 0.0004950 secs] [Times: user=0.00 sys=0.00, real=0.00 secs] 
155.597: Total time for which application threads were stopped: 0.0006220 seconds, Stopping threads took: 0.0000480 seconds
155.635: Application time: 0.0379940 seconds
155.635: [GC [PSYoungGen: 7520K->448K(8192K)] 12434K->5362K(26112K), 0.0004150 secs] [Times: user=0.00 sys=0.00, real=0.00 secs] 
155.635: Total time for which application threads were stopped: 0.0005120 seconds, Stopping threads took: 0.0000380 seconds
155.674: Application time: 0.0387000 seconds
155.674: [GC [PSYoungGen: 7616K->512K(8192K)] 12530K->5426K(26112K), 0.0004030 secs] [Times: user=0.00 sys=0.00, real=0.00 secs] 
155.674: Total time for which application threads were stopped: 0.0005070 seconds, Stopping threads took: 0.0000470 seconds
155.714: Application time: 0.0393860 seconds
155.714: [GC [PSYoungGen: 7680K->496K(8192K)] 12594K->5410K(26112K), 0.0004150 secs] [Times: user=0.01 sys=0.00, real=0.00 secs] 
155.714: Total time for which application threads were stopped: 0.0005150 seconds, Stopping threads took: 0.0000450 seconds
155.754: Application time: 0.0392810 seconds
155.754: [GC [PSYoungGen: 7664K->480K(8192K)] 12578K->5394K(26112K), 0.0004700 secs] [Times: user=0.00 sys=0.00, real=0.00 secs] 
155.754: Total time for which application threads were stopped: 0.0005700 seconds, Stopping threads took: 0.0000420 seconds
155.793: Application time: 0.0392070 seconds
155.793: [GC [PSYoungGen: 7648K->496K(8192K)] 12562K->5410K(26112K), 0.0004470 secs] [Times: user=0.00 sys=0.00, real=0.00 secs] 
155.794: Total time for which application threads were stopped: 0.0005390 seconds, Stopping threads took: 0.0000390 seconds
155.834: Application time: 0.0398750 seconds
155.834: [GC [PSYoungGen: 7664K->496K(8192K)] 12578K->5410K(26112K), 0.0004500 secs] [Times: user=0.00 sys=0.00, real=0.00 secs] 
155.834: Total time for which application threads were stopped: 0.0005450 seconds, Stopping threads took: 0.0000370 seconds
155.874: Application time: 0.0392140 seconds
155.874: [GC [PSYoungGen: 7664K->464K(8192K)] 12578K->5378K(26112K), 0.0004520 secs] [Times: user=0.00 sys=0.00, real=0.00 secs] 
155.874: Total time for which application threads were stopped: 0.0005520 seconds, Stopping threads took: 0.0000450 seconds
155.914: Application time: 0.0394680 seconds
155.914: [GC [PSYoungGen: 7632K->512K(8192K)] 12546K->5426K(26112K), 0.0004600 secs] [Times: user=0.00 sys=0.00, real=0.00 secs] 
155.914: Total time for which application threads were stopped: 0.0005820 seconds, Stopping threads took: 0.0000560 seconds
155.954: Application time: 0.0393800 seconds
155.954: [GC [PSYoungGen: 7680K->480K(8192K)] 12594K->5394K(26112K), 0.0004130 secs] [Times: user=0.00 sys=0.00, real=0.00 secs] 
155.954: Total time for which application threads were stopped: 0.0005120 seconds, Stopping threads took: 0.0000420 seconds
155.994: Application time: 0.0395300 seconds
155.994: [GC [PSYoungGen: 7648K->432K(8192K)] 12562K->5346K(26112K), 0.0003990 secs] [Times: user=0.00 sys=0.00, real=0.00 secs] 
155.994: Total time for which application threads were stopped: 0.0005000 seconds, Stopping threads took: 0.0000430 seconds
156.033: Application time: 0.0391920 seconds
156.037: [GC [PSYoungGen: 7600K->464K(8192K)] 12514K->5378K(26112K), 0.0004140 secs] [Times: user=0.01 sys=0.00, real=0.00 secs] 
156.038: Total time for which application threads were stopped: 0.0042240 seconds, Stopping threads took: 0.0037510 seconds
156.077: Application time: 0.0392090 seconds
156.077: [GC [PSYoungGen: 7632K->480K(8192K)] 12546K->5394K(26112K), 0.0004390 secs] [Times: user=0.00 sys=0.00, real=0.00 secs] 
156.077: Total time for which application threads were stopped: 0.0005490 seconds, Stopping threads took: 0.0000530 seconds
156.117: Application time: 0.0394730 seconds
156.117: [GC [PSYoungGen: 7648K->464K(8192K)] 12562K->5434K(26112K), 0.0004210 secs] [Times: user=0.00 sys=0.00, real=0.00 secs] 
156.117: Total time for which application threads were stopped: 0.0005320 seconds, Stopping threads took: 0.0000450 seconds
156.157: Application time: 0.0394640 seconds
156.157: [GC [PSYoungGen: 7632K->432K(8192K)] 12602K->5442K(26112K), 0.0004050 secs] [Times: user=0.00 sys=0.00, real=0.00 secs] 
156.157: Total time for which application threads were stopped: 0.0005120 seconds, Stopping threads took: 0.0000500 seconds
156.197: Application time: 0.0394080 seconds
156.197: [GC [PSYoungGen: 7600K->336K(8192K)] 12610K->5426K(26112K), 0.0004130 secs] [Times: user=0.00 sys=0.00, real=0.00 secs] 
156.197: Total time for which application threads were stopped: 0.0005310 seconds, Stopping threads took: 0.0000620 seconds
156.236: Application time: 0.0392630 seconds
156.237: [GC [PSYoungGen: 7503K->320K(8192K)] 12594K->5498K(26112K), 0.0003890 secs] [Times: user=0.00 sys=0.00, real=0.00 secs] 
156.237: Total time for which application threads were stopped: 0.0004880 seconds, Stopping threads took: 0.0000430 seconds
156.276: Application time: 0.0393960 seconds
156.276: [GC [PSYoungGen: 7488K->272K(8192K)] 12666K->5538K(26112K), 0.0003600 secs] [Times: user=0.00 sys=0.00, real=0.00 secs] 
156.277: Total time for which application threads were stopped: 0.0004640 seconds, Stopping threads took: 0.0000470 seconds
156.316: Application time: 0.0389830 seconds
156.316: [GC [PSYoungGen: 7440K->272K(8192K)] 12706K->5538K(26112K), 0.0003650 secs] [Times: user=0.00 sys=0.00, real=0.00 secs] 
156.316: Total time for which application threads were stopped: 0.0004840 seconds, Stopping threads took: 0.0000620 seconds
156.355: Application time: 0.0388840 seconds
156.355: [GC [PSYoungGen: 7440K->288K(8192K)] 12706K->5554K(26112K), 0.0003920 secs] [Times: user=0.01 sys=0.00, real=0.00 secs] 
156.356: Total time for which application threads were stopped: 0.0004920 seconds, Stopping threads took: 0.0000470 seconds
156.394: Application time: 0.0379170 seconds
156.394: [GC [PSYoungGen: 7456K->384K(8192K)] 12722K->5650K(26112K), 0.0003950 secs] [Times: user=0.00 sys=0.00, real=0.00 secs] 
156.394: Total time for which application threads were stopped: 0.0004930 seconds, Stopping threads took: 0.0000390 seconds
156.433: Application time: 0.0389780 seconds
156.433: [GC [PSYoungGen: 7552K->384K(8192K)] 12818K->5650K(26112K), 0.0004280 secs] [Times: user=0.00 sys=0.00, real=0.00 secs] 
156.434: Total time for which application threads were stopped: 0.0005320 seconds, Stopping threads took: 0.0000460 seconds
156.472: Application time: 0.0388090 seconds
156.473: [GC [PSYoungGen: 7552K->528K(8192K)] 12818K->5794K(26112K), 0.0004740 secs] [Times: user=0.00 sys=0.00, real=0.00 secs] 
156.473: Total time for which application threads were stopped: 0.0005780 seconds, Stopping threads took: 0.0000400 seconds
156.512: Application time: 0.0393370 seconds
156.512: [GC [PSYoungGen: 7696K->496K(8192K)] 12962K->5762K(26112K), 0.0004580 secs] [Times: user=0.00 sys=0.00, real=0.00 secs] 
156.513: Total time for which application threads were stopped: 0.0005630 seconds, Stopping threads took: 0.0000470 seconds
156.553: Application time: 0.0395940 seconds
156.553: [GC [PSYoungGen: 7664K->512K(8192K)] 12930K->5778K(26112K), 0.0004400 secs] [Times: user=0.00 sys=0.00, real=0.00 secs] 
156.553: Total time for which application threads were stopped: 0.0005420 seconds, Stopping threads took: 0.0000420 seconds
156.593: Application time: 0.0395180 seconds
156.593: [GC [PSYoungGen: 7680K->464K(8192K)] 12946K->5730K(26112K), 0.0004180 secs] [Times: user=0.00 sys=0.00, real=0.00 secs] 
156.593: Total time for which application threads were stopped: 0.0005220 seconds, Stopping threads took: 0.0000470 seconds
156.633: Application time: 0.0395300 seconds
156.633: [GC [PSYoungGen: 7632K->480K(8192K)] 12898K->5746K(26112K), 0.0004110 secs] [Times: user=0.00 sys=0.00, real=0.00 secs] 
156.633: Total time for which application threads were stopped: 0.0005260 seconds, Stopping threads took: 0.0000520 seconds
156.673: Application time: 0.0398170 seconds
156.673: [GC [PSYoungGen: 7648K->496K(8192K)] 12914K->5762K(26112K), 0.0004240 secs] [Times: user=0.01 sys=0.00, real=0.00 secs] 
156.673: Total time for which application threads were stopped: 0.0005200 seconds, Stopping threads took: 0.0000350 seconds
156.713: Application time: 0.0392790 seconds
156.713: [GC [PSYoungGen: 7664K->464K(8192K)] 12930K->5730K(26112K), 0.0004210 secs] [Times: user=0.00 sys=0.00, real=0.00 secs] 
156.713: Total time for which application threads were stopped: 0.0005200 seconds, Stopping threads took: 0.0000410 seconds
156.752: Application time: 0.0391920 seconds
156.753: [GC [PSYoungGen: 7632K->464K(8192K)] 12898K->5730K(26112K), 0.0004020 secs] [Times: user=0.00 sys=0.00, real=0.00 secs] 
156.753: Total time for which application threads were stopped: 0.0005030 seconds, Stopping threads took: 0.0000440 seconds
156.792: Application time: 0.0391730 seconds
156.792: [GC [PSYoungGen: 7632K->480K(8192K)] 12898K->5746K(26112K), 0.0004660 secs] [Times: user=0.00 sys=0.00, real=0.00 secs] 
156.793: Total time for which application threads were stopped: 0.0005600 seconds, Stopping threads took: 0.0000400 seconds
156.832: Application time: 0.0391720 seconds
156.832: [GC [PSYoungGen: 7648K->464K(8192K)] 12914K->5730K(26112K), 0.0004300 secs] [Times: user=0.00 sys=0.00, real=0.00 secs] 
156.832: Total time for which application threads were stopped: 0.0005250 seconds, Stopping threads took: 0.0000380 seconds
156.872: Application time: 0.0396710 seconds
156.872: [GC [PSYoungGen: 7632K->480K(8192K)] 12898K->5746K(26112K), 0.0004040 secs] [Times: user=0.00 sys=0.00, real=0.00 secs] 
156.873: Total time for which application threads were stopped: 0.0005080 seconds, Stopping threads took: 0.0000470 seconds
156.913: Application time: 0.0400520 seconds
156.913: [GC [PSYoungGen: 7648K->432K(8192K)] 12914K->5754K(26112K), 0.0004660 secs] [Times: user=0.00 sys=0.00, real=0.00 secs] 
156.913: Total time for which application threads were stopped: 0.0005820 seconds, Stopping threads took: 0.0000550 seconds
156.953: Application time: 0.0392620 seconds
156.953: [GC [PSYoungGen: 7600K->432K(8192K)] 12922K->5802K(26112K), 0.0003890 secs] [Times: user=0.00 sys=0.00, real=0.00 secs] 
156.953: Total time for which application threads were stopped: 0.0004890 seconds, Stopping threads took: 0.0000440 seconds
156.992: Application time: 0.0394240 seconds
156.992: [GC [PSYoungGen: 7600K->320K(8192K)] 12970K->5810K(26112K), 0.0003810 secs] [Times: user=0.00 sys=0.00, real=0.00 secs] 
156.993: Total time for which application threads were stopped: 0.0004760 seconds, Stopping threads took: 0.0000430 seconds
157.033: Application time: 0.0397670 seconds
157.033: [GC [PSYoungGen: 7488K->288K(8192K)] 12978K->5826K(26112K), 0.0003790 secs] [Times: user=0.00 sys=0.00, real=0.00 secs] 
157.033: Total time for which application threads were stopped: 0.0004780 seconds, Stopping threads took: 0.0000430 seconds
157.071: Application time: 0.0383520 seconds
157.072: [GC [PSYoungGen: 7456K->272K(8192K)] 12994K->5890K(26112K), 0.0003690 secs] [Times: user=0.00 sys=0.00, real=0.00 secs] 
157.072: Total time for which application threads were stopped: 0.0004670 seconds, Stopping threads took: 0.0000430 seconds
157.112: Application time: 0.0398520 seconds
157.112: [GC [PSYoungGen: 7440K->272K(8192K)] 13058K->5890K(26112K), 0.0003600 secs] [Times: user=0.00 sys=0.00, real=0.00 secs] 
157.112: Total time for which application threads were stopped: 0.0004700 seconds, Stopping threads took: 0.0000550 seconds
157.151: Application time: 0.0383690 seconds
157.151: [GC [PSYoungGen: 7440K->304K(8192K)] 13058K->5922K(26112K), 0.0003900 secs] [Times: user=0.00 sys=0.00, real=0.00 secs] 
157.151: Total time for which application threads were stopped: 0.0005040 seconds, Stopping threads took: 0.0000500 seconds
157.189: Application time: 0.0377450 seconds
157.189: [GC [PSYoungGen: 7472K->416K(8192K)] 13090K->6034K(26112K), 0.0004320 secs] [Times: user=0.00 sys=0.00, real=0.01 secs] 
157.189: Total time for which application threads were stopped: 0.0005390 seconds, Stopping threads took: 0.0000480 seconds
157.229: Application time: 0.0390960 seconds
157.229: [GC [PSYoungGen: 7584K->496K(8192K)] 13202K->6114K(26112K), 0.0005100 secs] [Times: user=0.01 sys=0.00, real=0.01 secs] 
157.229: Total time for which application threads were stopped: 0.0006170 seconds, Stopping threads took: 0.0000400 seconds
157.268: Application time: 0.0391580 seconds
157.268: [GC [PSYoungGen: 7664K->496K(8192K)] 13282K->6114K(26112K), 0.0004510 secs] [Times: user=0.00 sys=0.00, real=0.00 secs] 
157.269: Total time for which application threads were stopped: 0.0005470 seconds, Stopping threads took: 0.0000410 seconds
157.308: Application time: 0.0393740 seconds
157.308: [GC [PSYoungGen: 7664K->480K(8192K)] 13282K->6098K(26112K), 0.0004410 secs] [Times: user=0.00 sys=0.00, real=0.00 secs] 
157.309: Total time for which application threads were stopped: 0.0005400 seconds, Stopping threads took: 0.0000430 seconds
157.348: Application time: 0.0392430 seconds
157.348: [GC [PSYoungGen: 7648K->512K(8192K)] 13266K->6130K(26112K), 0.0004260 secs] [Times: user=0.00 sys=0.00, real=0.00 secs] 
157.349: Total time for which application threads were stopped: 0.0005180 seconds, Stopping threads took: 0.0000390 seconds
157.389: Application time: 0.0401650 seconds
157.389: [GC [PSYoungGen: 7680K->512K(8192K)] 13298K->6130K(26112K), 0.0004230 secs] [Times: user=0.00 sys=0.00, real=0.01 secs] 
157.389: Total time for which application threads were stopped: 0.0005210 seconds, Stopping threads took: 0.0000430 seconds
157.429: Application time: 0.0393520 seconds
157.429: [GC [PSYoungGen: 7680K->480K(8192K)] 13298K->6098K(26112K), 0.0004200 secs] [Times: user=0.00 sys=0.00, real=0.01 secs] 
157.429: Total time for which application threads were stopped: 0.0005170 seconds, Stopping threads took: 0.0000390 seconds
157.468: Application time: 0.0393720 seconds
157.469: [GC [PSYoungGen: 7648K->480K(8192K)] 13266K->6098K(26112K), 0.0004100 secs] [Times: user=0.00 sys=0.00, real=0.00 secs] 
157.469: Total time for which application threads were stopped: 0.0005280 seconds, Stopping threads took: 0.0000560 seconds
157.509: Application time: 0.0397510 seconds
157.509: [GC [PSYoungGen: 7648K->480K(8192K)] 13266K->6098K(26112K), 0.0004080 secs] [Times: user=0.00 sys=0.00, real=0.01 secs] 
157.509: Total time for which application threads were stopped: 0.0005230 seconds, Stopping threads took: 0.0000580 seconds
157.549: Application time: 0.0393090 seconds
157.549: [GC [PSYoungGen: 7648K->464K(8192K)] 13266K->6082K(26112K), 0.0004100 secs] [Times: user=0.00 sys=0.00, real=0.01 secs] 
157.549: Total time for which application threads were stopped: 0.0005200 seconds, Stopping threads took: 0.0000510 seconds
157.588: Application time: 0.0390450 seconds
157.588: [GC [PSYoungGen: 7632K->496K(8192K)] 13250K->6114K(26112K), 0.0004030 secs] [Times: user=0.00 sys=0.00, real=0.00 secs] 
157.589: Total time for which application threads were stopped: 0.0005060 seconds, Stopping threads took: 0.0000460 seconds
157.628: Application time: 0.0391750 seconds
157.629: [GC [PSYoungGen: 7664K->512K(8192K)] 13282K->6130K(26112K), 0.0004460 secs] [Times: user=0.00 sys=0.00, real=0.00 secs] 
157.630: Total time for which application threads were stopped: 0.0017030 seconds, Stopping threads took: 0.0011990 seconds
157.669: Application time: 0.0395370 seconds
157.669: [GC [PSYoungGen: 7680K->464K(8192K)] 13298K->6138K(26112K), 0.0004650 secs] [Times: user=0.01 sys=0.00, real=0.00 secs] 
157.670: Total time for which application threads were stopped: 0.0005740 seconds, Stopping threads took: 0.0000400 seconds
157.709: Application time: 0.0394550 seconds
157.709: [GC [PSYoungGen: 7632K->480K(8192K)] 13306K->6154K(26112K), 0.0003970 secs] [Times: user=0.00 sys=0.00, real=0.00 secs] 
157.710: Total time for which application threads were stopped: 0.0005010 seconds, Stopping threads took: 0.0000480 seconds
157.749: Application time: 0.0396990 seconds
157.749: [GC [PSYoungGen: 7648K->384K(8192K)] 13322K->6146K(26112K), 0.0004550 secs] [Times: user=0.00 sys=0.00, real=0.00 secs] 
157.750: Total time for which application threads were stopped: 0.0005520 seconds, Stopping threads took: 0.0000420 seconds
157.789: Application time: 0.0393910 seconds
157.789: [GC [PSYoungGen: 7552K->272K(8192K)] 13314K->6154K(26112K), 0.0004280 secs] [Times: user=0.00 sys=0.00, real=0.00 secs] 
157.790: Total time for which application threads were stopped: 0.0005220 seconds, Stopping threads took: 0.0000410 seconds
157.829: Application time: 0.0396610 seconds
157.830: [GC [PSYoungGen: 7440K->272K(8192K)] 13322K->6210K(26112K), 0.0004290 secs] [Times: user=0.00 sys=0.00, real=0.00 secs] 
157.830: Total time for which application threads were stopped: 0.0005250 seconds, Stopping threads took: 0.0000410 seconds
157.869: Application time: 0.0387730 seconds
157.869: [GC [PSYoungGen: 7440K->272K(8192K)] 13378K->6266K(26112K), 0.0004210 secs] [Times: user=0.00 sys=0.00, real=0.01 secs] 
157.869: Total time for which application threads were stopped: 0.0005240 seconds, Stopping threads took: 0.0000410 seconds
157.909: Application time: 0.0393530 seconds
157.909: [GC [PSYoungGen: 7440K->288K(8192K)] 13434K->6282K(26112K), 0.0004010 secs] [Times: user=0.00 sys=0.00, real=0.01 secs] 
157.909: Total time for which application threads were stopped: 0.0005230 seconds, Stopping threads took: 0.0000540 seconds
157.948: Application time: 0.0383750 seconds
157.948: [GC [PSYoungGen: 7456K->336K(8192K)] 13450K->6330K(26112K), 0.0004450 secs] [Times: user=0.00 sys=0.00, real=0.00 secs] 
157.948: Total time for which application threads were stopped: 0.0005420 seconds, Stopping threads took: 0.0000430 seconds
157.987: Application time: 0.0386900 seconds
157.987: [GC [PSYoungGen: 7504K->400K(8192K)] 13498K->6394K(26112K), 0.0004180 secs] [Times: user=0.00 sys=0.00, real=0.00 secs] 
157.987: Total time for which application threads were stopped: 0.0005370 seconds, Stopping threads took: 0.0000600 seconds
158.025: Application time: 0.0379230 seconds
158.025: [GC [PSYoungGen: 7568K->528K(8192K)] 13562K->6522K(26112K), 0.0004560 secs] [Times: user=0.00 sys=0.00, real=0.00 secs] 
158.026: Total time for which application threads were stopped: 0.0005610 seconds, Stopping threads took: 0.0000480 seconds
158.066: Application time: 0.0399470 seconds
158.066: [GC [PSYoungGen: 7696K->512K(8192K)] 13690K->6506K(26112K), 0.0004030 secs] [Times: user=0.00 sys=0.00, real=0.00 secs] 
158.066: Total time for which application threads were stopped: 0.0005070 seconds, Stopping threads took: 0.0000490 seconds
158.106: Application time: 0.0395690 seconds
158.106: [GC [PSYoungGen: 7680K->496K(8192K)] 13674K->6490K(26112K), 0.0004580 secs] [Times: user=0.00 sys=0.00, real=0.00 secs] 
158.106: Total time for which application threads were stopped: 0.0005570 seconds, Stopping threads took: 0.0000450 seconds
158.146: Application time: 0.0392810 seconds
158.146: [GC [PSYoungGen: 7664K->480K(8192K)] 13658K->6474K(26112K), 0.0004290 secs] [Times: user=0.00 sys=0.00, real=0.00 secs] 
158.146: Total time for which application threads were stopped: 0.0005290 seconds, Stopping threads took: 0.0000450 seconds
158.185: Application time: 0.0392840 seconds
158.186: [GC [PSYoungGen: 7648K->496K(8192K)] 13642K->6490K(26112K), 0.0004590 secs] [Times: user=0.00 sys=0.00, real=0.00 secs] 
158.186: Total time for which application threads were stopped: 0.0005640 seconds, Stopping threads took: 0.0000380 seconds
158.226: Application time: 0.0396780 seconds
158.229: [GC [PSYoungGen: 7664K->480K(8192K)] 13658K->6475K(26112K), 0.0004090 secs] [Times: user=0.00 sys=0.00, real=0.00 secs] 
158.230: Total time for which application threads were stopped: 0.0037760 seconds, Stopping threads took: 0.0033090 seconds
158.269: Application time: 0.0393250 seconds
158.273: [GC [PSYoungGen: 7648K->496K(8192K)] 13643K->6490K(26112K), 0.0004330 secs] [Times: user=0.00 sys=0.00, real=0.00 secs] 
158.274: Total time for which application threads were stopped: 0.0046970 seconds, Stopping threads took: 0.0042080 seconds
158.313: Application time: 0.0395630 seconds
158.313: [GC [PSYoungGen: 7664K->496K(8192K)] 13658K->6490K(26112K), 0.0004320 secs] [Times: user=0.00 sys=0.00, real=0.00 secs] 
158.314: Total time for which application threads were stopped: 0.0005340 seconds, Stopping threads took: 0.0000460 seconds
158.353: Application time: 0.0391890 seconds
158.353: [GC [PSYoungGen: 7664K->512K(8192K)] 13658K->6507K(26112K), 0.0004710 secs] [Times: user=0.00 sys=0.01, real=0.00 secs] 
158.353: Total time for which application threads were stopped: 0.0005700 seconds, Stopping threads took: 0.0000410 seconds
158.393: Application time: 0.0392810 seconds
158.393: [GC [PSYoungGen: 7680K->512K(8192K)] 13675K->6506K(26112K), 0.0004180 secs] [Times: user=0.00 sys=0.00, real=0.00 secs] 
158.393: Total time for which application threads were stopped: 0.0005390 seconds, Stopping threads took: 0.0000610 seconds
158.433: Application time: 0.0393120 seconds
158.433: [GC [PSYoungGen: 7680K->464K(8192K)] 13674K->6458K(26112K), 0.0004160 secs] [Times: user=0.00 sys=0.00, real=0.00 secs] 
158.433: Total time for which application threads were stopped: 0.0005250 seconds, Stopping threads took: 0.0000490 seconds
158.473: Application time: 0.0396770 seconds
158.473: [GC [PSYoungGen: 7632K->496K(8192K)] 13626K->6555K(26112K), 0.0004360 secs] [Times: user=0.00 sys=0.00, real=0.00 secs] 
158.473: Total time for which application threads were stopped: 0.0005340 seconds, Stopping threads took: 0.0000440 seconds
158.513: Application time: 0.0395680 seconds
158.513: [GC [PSYoungGen: 7664K->400K(8192K)] 13723K->6515K(26112K), 0.0004210 secs] [Times: user=0.00 sys=0.00, real=0.00 secs] 
158.513: Total time for which application threads were stopped: 0.0005250 seconds, Stopping threads took: 0.0000450 seconds
158.553: Application time: 0.0395790 seconds
158.553: [GC [PSYoungGen: 7568K->352K(8192K)] 13683K->6555K(26112K), 0.0004010 secs] [Times: user=0.00 sys=0.00, real=0.00 secs] 
158.553: Total time for which application threads were stopped: 0.0005020 seconds, Stopping threads took: 0.0000410 seconds
158.593: Application time: 0.0393860 seconds
158.593: [GC [PSYoungGen: 7520K->288K(8192K)] 13723K->6579K(26112K), 0.0003880 secs] [Times: user=0.01 sys=0.00, real=0.00 secs] 
158.593: Total time for which application threads were stopped: 0.0004920 seconds, Stopping threads took: 0.0000450 seconds
158.633: Application time: 0.0395770 seconds
158.633: [GC [PSYoungGen: 7456K->256K(8192K)] 13747K->6635K(26112K), 0.0003760 secs] [Times: user=0.00 sys=0.00, real=0.00 secs] 
158.633: Total time for which application threads were stopped: 0.0004730 seconds, Stopping threads took: 0.0000410 seconds
158.672: Application time: 0.0389370 seconds
158.672: [GC [PSYoungGen: 7424K->272K(8192K)] 13803K->6651K(26112K), 0.0003760 secs] [Times: user=0.00 sys=0.00, real=0.00 secs] 
158.673: Total time for which application threads were stopped: 0.0004760 seconds, Stopping threads took: 0.0000420 seconds
158.712: Application time: 0.0389390 seconds
158.712: [GC [PSYoungGen: 7440K->320K(8192K)] 13819K->6699K(26112K), 0.0003790 secs] [Times: user=0.00 sys=0.00, real=0.00 secs] 
158.712: Total time for which application threads were stopped: 0.0004880 seconds, Stopping threads took: 0.0000450 seconds
158.750: Application time: 0.0378740 seconds
158.750: [GC [PSYoungGen: 7488K->432K(8192K)] 13867K->6811K(26112K), 0.0003940 secs] [Times: user=0.00 sys=0.00, real=0.00 secs] 
158.751: Total time for which application threads were stopped: 0.0005030 seconds, Stopping threads took: 0.0000490 seconds
158.789: Application time: 0.0382540 seconds
158.789: [GC [PSYoungGen: 7600K->512K(8192K)] 13979K->6891K(26112K), 0.0004210 secs] [Times: user=0.00 sys=0.00, real=0.01 secs] 
158.789: Total time for which application threads were stopped: 0.0005250 seconds, Stopping threads took: 0.0000460 seconds
158.828: Application time: 0.0390170 seconds
158.828: [GC [PSYoungGen: 7680K->496K(8192K)] 14059K->6875K(26112K), 0.0004150 secs] [Times: user=0.01 sys=0.00, real=0.00 secs] 
158.829: Total time for which application threads were stopped: 0.0005220 seconds, Stopping threads took: 0.0000500 seconds
158.869: Application time: 0.0398790 seconds
158.869: [GC [PSYoungGen: 7664K->464K(8192K)] 14043K->6843K(26112K), 0.0004170 secs] [Times: user=0.01 sys=0.00, real=0.01 secs] 
158.869: Total time for which application threads were stopped: 0.0005230 seconds, Stopping threads took: 0.0000420 seconds
158.909: Application time: 0.0394160 seconds
158.909: [GC [PSYoungGen: 7632K->528K(8192K)] 14011K->6907K(26112K), 0.0004700 secs] [Times: user=0.00 sys=0.00, real=0.01 secs] 
158.909: Total time for which application threads were stopped: 0.0005820 seconds, Stopping threads took: 0.0000440 seconds
158.949: Application time: 0.0396600 seconds
158.949: [GC [PSYoungGen: 7696K->496K(8192K)] 14075K->6875K(26112K), 0.0004320 secs] [Times: user=0.00 sys=0.00, real=0.00 secs] 
158.950: Total time for which application threads were stopped: 0.0005320 seconds, Stopping threads took: 0.0000410 seconds
158.989: Application time: 0.0394670 seconds
158.989: [GC [PSYoungGen: 7664K->464K(8192K)] 14043K->6843K(26112K), 0.0004180 secs] [Times: user=0.00 sys=0.00, real=0.00 secs] 
158.990: Total time for which application threads were stopped: 0.0005210 seconds, Stopping threads took: 0.0000440 seconds
159.029: Application time: 0.0394110 seconds
159.029: [GC [PSYoungGen: 7632K->528K(8192K)] 14011K->6907K(26112K), 0.0004230 secs] [Times: user=0.00 sys=0.00, real=0.00 secs] 
159.029: Total time for which application threads were stopped: 0.0005320 seconds, Stopping threads took: 0.0000500 seconds
159.069: Application time: 0.0394680 seconds
159.069: [GC [PSYoungGen: 7696K->480K(8192K)] 14075K->6859K(26112K), 0.0004490 secs] [Times: user=0.00 sys=0.00, real=0.00 secs] 
159.069: Total time for which application threads were stopped: 0.0005470 seconds, Stopping threads took: 0.0000390 seconds
159.109: Application time: 0.0393430 seconds
159.109: [GC [PSYoungGen: 7648K->496K(8192K)] 14027K->6875K(26112K), 0.0004410 secs] [Times: user=0.00 sys=0.00, real=0.01 secs] 
159.109: Total time for which application threads were stopped: 0.0005390 seconds, Stopping threads took: 0.0000420 seconds
159.149: Application time: 0.0391800 seconds
159.149: [GC [PSYoungGen: 7664K->496K(8192K)] 14043K->6875K(26112K), 0.0004260 secs] [Times: user=0.01 sys=0.00, real=0.01 secs] 
159.149: Total time for which application threads were stopped: 0.0005280 seconds, Stopping threads took: 0.0000430 seconds
159.188: Application time: 0.0391520 seconds
159.188: [GC [PSYoungGen: 7664K->496K(8192K)] 14043K->6875K(26112K), 0.0004160 secs] [Times: user=0.00 sys=0.00, real=0.00 secs] 
159.189: Total time for which application threads were stopped: 0.0005190 seconds, Stopping threads took: 0.0000480 seconds
159.228: Application time: 0.0394670 seconds
159.228: [GC [PSYoungGen: 7664K->496K(8192K)] 14043K->6875K(26112K), 0.0004330 secs] [Times: user=0.00 sys=0.00, real=0.00 secs] 
159.229: Total time for which application threads were stopped: 0.0005360 seconds, Stopping threads took: 0.0000390 seconds
159.268: Application time: 0.0393640 seconds
159.268: [GC [PSYoungGen: 7664K->448K(8192K)] 14043K->6875K(26112K), 0.0004220 secs] [Times: user=0.00 sys=0.00, real=0.00 secs] 
159.269: Total time for which application threads were stopped: 0.0005200 seconds, Stopping threads took: 0.0000420 seconds
159.309: Application time: 0.0407270 seconds
159.309: [GC [PSYoungGen: 7616K->416K(8192K)] 14043K->6899K(26112K), 0.0004690 secs] [Times: user=0.00 sys=0.00, real=0.00 secs] 
159.310: Total time for which application threads were stopped: 0.0005600 seconds, Stopping threads took: 0.0000360 seconds
159.349: Application time: 0.0392860 seconds
159.349: [GC [PSYoungGen: 7584K->336K(8192K)] 14067K->6939K(26112K), 0.0004050 secs] [Times: user=0.01 sys=0.00, real=0.00 secs] 
159.350: Total time for which application threads were stopped: 0.0004980 seconds, Stopping threads took: 0.0000370 seconds
159.389: Application time: 0.0393560 seconds
159.389: [GC [PSYoungGen: 7504K->272K(8192K)] 14107K->6963K(26112K), 0.0003790 secs] [Times: user=0.00 sys=0.00, real=0.00 secs] 
159.390: Total time for which application threads were stopped: 0.0004760 seconds, Stopping threads took: 0.0000400 seconds
159.429: Application time: 0.0394330 seconds
159.429: [GC [PSYoungGen: 7440K->256K(8192K)] 14131K->6995K(26112K), 0.0003800 secs] [Times: user=0.00 sys=0.00, real=0.00 secs] 
159.429: Total time for which application threads were stopped: 0.0004950 seconds, Stopping threads took: 0.0000580 seconds
159.469: Application time: 0.0391370 seconds
159.473: [GC [PSYoungGen: 7424K->256K(8192K)] 14163K->6995K(26112K), 0.0003770 secs] [Times: user=0.00 sys=0.00, real=0.00 secs] 
159.473: Total time for which application threads were stopped: 0.0048720 seconds, Stopping threads took: 0.0044400 seconds
159.512: Application time: 0.0383930 seconds
159.512: [GC [PSYoungGen: 7424K->368K(8192K)] 14163K->7107K(26112K), 0.0003930 secs] [Times: user=0.01 sys=0.00, real=0.00 secs] 
159.512: Total time for which application threads were stopped: 0.0004910 seconds, Stopping threads took: 0.0000410 seconds
159.550: Application time: 0.0377940 seconds
159.550: [GC [PSYoungGen: 7536K->432K(8192K)] 14275K->7171K(26112K), 0.0004370 secs] [Times: user=0.00 sys=0.00, real=0.00 secs] 
159.551: Total time for which application threads were stopped: 0.0005360 seconds, Stopping threads took: 0.0000400 seconds
159.590: Application time: 0.0389730 seconds
159.590: [GC [PSYoungGen: 7600K->416K(8192K)] 14339K->7155K(26112K), 0.0004430 secs] [Times: user=0.00 sys=0.00, real=0.00 secs] 
159.590: Total time for which application threads were stopped: 0.0005460 seconds, Stopping threads took: 0.0000420 seconds
159.629: Application time: 0.0390710 seconds
159.629: [GC [PSYoungGen: 7584K->512K(8192K)] 14323K->7251K(26112K), 0.0004180 secs] [Times: user=0.01 sys=0.00, real=0.00 secs] 
159.630: Total time for which application threads were stopped: 0.0005260 seconds, Stopping threads took: 0.0000480 seconds
159.669: Application time: 0.0395490 seconds
159.669: [GC [PSYoungGen: 7680K->496K(8192K)] 14419K->7235K(26112K), 0.0004170 secs] [Times: user=0.00 sys=0.00, real=0.00 secs] 
159.670: Total time for which application threads were stopped: 0.0005220 seconds, Stopping threads took: 0.0000470 seconds
159.709: Application time: 0.0395690 seconds
159.710: [GC [PSYoungGen: 7664K->464K(8192K)] 14403K->7203K(26112K), 0.0004070 secs] [Times: user=0.00 sys=0.00, real=0.00 secs] 
159.710: Total time for which application threads were stopped: 0.0005040 seconds, Stopping threads took: 0.0000420 seconds
159.749: Application time: 0.0393670 seconds
159.749: [GC [PSYoungGen: 7632K->512K(8192K)] 14371K->7251K(26112K), 0.0004080 secs] [Times: user=0.00 sys=0.00, real=0.00 secs] 
159.750: Total time for which application threads were stopped: 0.0005090 seconds, Stopping threads took: 0.0000400 seconds
159.789: Application time: 0.0395190 seconds
159.789: [GC [PSYoungGen: 7680K->512K(8192K)] 14419K->7251K(26112K), 0.0004150 secs] [Times: user=0.00 sys=0.00, real=0.00 secs] 
159.790: Total time for which application threads were stopped: 0.0005360 seconds, Stopping threads took: 0.0000650 seconds
159.830: Application time: 0.0396150 seconds
159.830: [GC [PSYoungGen: 7680K->464K(8192K)] 14419K->7203K(26112K), 0.0004120 secs] [Times: user=0.00 sys=0.00, real=0.00 secs] 
159.830: Total time for which application threads were stopped: 0.0005120 seconds, Stopping threads took: 0.0000450 seconds
159.869: Application time: 0.0392380 seconds
159.869: [GC [PSYoungGen: 7632K->448K(8192K)] 14371K->7187K(26112K), 0.0004120 secs] [Times: user=0.00 sys=0.00, real=0.00 secs] 
159.870: Total time for which application threads were stopped: 0.0005200 seconds, Stopping threads took: 0.0000520 seconds
159.909: Application time: 0.0393350 seconds
159.909: [GC [PSYoungGen: 7616K->464K(8192K)] 14355K->7203K(26112K), 0.0004460 secs] [Times: user=0.00 sys=0.00, real=0.00 secs] 
159.910: Total time for which application threads were stopped: 0.0005600 seconds, Stopping threads took: 0.0000510 seconds
159.949: Application time: 0.0393750 seconds
159.949: [GC [PSYoungGen: 7632K->512K(8192K)] 14371K->7251K(26112K), 0.0004910 secs] [Times: user=0.01 sys=0.00, real=0.00 secs] 
159.950: Total time for which application threads were stopped: 0.0005930 seconds, Stopping threads took: 0.0000430 seconds
159.989: Application time: 0.0391450 seconds
159.989: [GC [PSYoungGen: 7680K->496K(8192K)] 14419K->7235K(26112K), 0.0004720 secs] [Times: user=0.00 sys=0.00, real=0.01 secs] 
159.989: Total time for which application threads were stopped: 0.0005690 seconds, Stopping threads took: 0.0000400 seconds
160.029: Application time: 0.0395740 seconds
160.029: [GC [PSYoungGen: 7664K->512K(8192K)] 14403K->7251K(26112K), 0.0004240 secs] [Times: user=0.01 sys=0.00, real=0.00 secs] 
160.029: Total time for which application threads were stopped: 0.0005230 seconds, Stopping threads took: 0.0000440 seconds
160.069: Application time: 0.0395580 seconds
160.069: [GC [PSYoungGen: 7680K->464K(8192K)] 14419K->7251K(26112K), 0.0004030 secs] [Times: user=0.00 sys=0.00, real=0.00 secs] 
160.070: Total time for which application threads were stopped: 0.0004990 seconds, Stopping threads took: 0.0000410 seconds
160.109: Application time: 0.0396870 seconds
160.109: [GC [PSYoungGen: 7632K->368K(8192K)] 14419K->7251K(26112K), 0.0004060 secs] [Times: user=0.00 sys=0.00, real=0.00 secs] 
160.110: Total time for which application threads were stopped: 0.0004980 seconds, Stopping threads took: 0.0000360 seconds
160.149: Application time: 0.0392730 seconds
160.149: [GC [PSYoungGen: 7536K->288K(8192K)] 14419K->7299K(26112K), 0.0003910 secs] [Times: user=0.00 sys=0.00, real=0.00 secs] 
160.150: Total time for which application threads were stopped: 0.0004940 seconds, Stopping threads took: 0.0000460 seconds
160.189: Application time: 0.0396670 seconds
160.189: [GC [PSYoungGen: 7456K->256K(8192K)] 14467K->7315K(26112K), 0.0004150 secs] [Times: user=0.00 sys=0.00, real=0.00 secs] 
160.190: Total time for which application threads were stopped: 0.0005160 seconds, Stopping threads took: 0.0000430 seconds
160.229: Application time: 0.0388620 seconds
160.229: [GC [PSYoungGen: 7424K->272K(8192K)] 14483K->7387K(26112K), 0.0003550 secs] [Times: user=0.00 sys=0.00, real=0.00 secs] 
160.229: Total time for which application threads were stopped: 0.0004690 seconds, Stopping threads took: 0.0000520 seconds
160.268: Application time: 0.0389060 seconds
160.268: [GC [PSYoungGen: 7440K->320K(8192K)] 14555K->7435K(26112K), 0.0003740 secs] [Times: user=0.01 sys=0.00, real=0.00 secs] 
160.268: Total time for which application threads were stopped: 0.0004920 seconds, Stopping threads took: 0.0000530 seconds
160.307: Application time: 0.0382420 seconds
160.307: [GC [PSYoungGen: 7488K->368K(8192K)] 14603K->7483K(26112K), 0.0003990 secs] [Times: user=0.00 sys=0.00, real=0.00 secs] 
160.307: Total time for which application threads were stopped: 0.0004990 seconds, Stopping threads took: 0.0000400 seconds
160.345: Application time: 0.0381920 seconds
160.345: [GC [PSYoungGen: 7536K->480K(8192K)] 14651K->7595K(26112K), 0.0004120 secs] [Times: user=0.00 sys=0.00, real=0.00 secs] 
160.346: Total time for which application threads were stopped: 0.0005060 seconds, Stopping threads took: 0.0000370 seconds
160.385: Application time: 0.0388250 seconds
160.385: [GC [PSYoungGen: 7648K->528K(8192K)] 14763K->7643K(26112K), 0.0004350 secs] [Times: user=0.00 sys=0.00, real=0.00 secs] 
160.385: Total time for which application threads were stopped: 0.0005380 seconds, Stopping threads took: 0.0000450 seconds
160.425: Application time: 0.0394930 seconds
160.425: [GC [PSYoungGen: 7696K->480K(8192K)] 14811K->7595K(26112K), 0.0004300 secs] [Times: user=0.00 sys=0.00, real=0.00 secs] 
160.425: Total time for which application threads were stopped: 0.0005320 seconds, Stopping threads took: 0.0000430 seconds
160.465: Application time: 0.0394780 seconds
160.465: [GC [PSYoungGen: 7648K->496K(8192K)] 14763K->7611K(26112K), 0.0004470 secs] [Times: user=0.00 sys=0.00, real=0.00 secs] 
160.465: Total time for which application threads were stopped: 0.0005440 seconds, Stopping threads took: 0.0000390 seconds
160.505: Application time: 0.0395310 seconds
160.505: [GC [PSYoungGen: 7664K->480K(8192K)] 14779K->7595K(26112K), 0.0004180 secs] [Times: user=0.00 sys=0.00, real=0.00 secs] 
160.505: Total time for which application threads were stopped: 0.0005270 seconds, Stopping threads took: 0.0000490 seconds
160.545: Application time: 0.0394450 seconds
160.545: [GC [PSYoungGen: 7648K->496K(8192K)] 14763K->7611K(26112K), 0.0004260 secs] [Times: user=0.01 sys=0.00, real=0.00 secs] 
160.545: Total time for which application threads were stopped: 0.0005330 seconds, Stopping threads took: 0.0000510 seconds
160.585: Application time: 0.0393410 seconds
160.585: [GC [PSYoungGen: 7664K->512K(8192K)] 14779K->7627K(26112K), 0.0004380 secs] [Times: user=0.00 sys=0.00, real=0.00 secs] 
160.586: Total time for which application threads were stopped: 0.0016760 seconds, Stopping threads took: 0.0000440 seconds
160.626: Application time: 0.0395010 seconds
160.626: [GC [PSYoungGen: 7680K->448K(8192K)] 14795K->7563K(26112K), 0.0004590 secs] [Times: user=0.00 sys=0.00, real=0.00 secs] 
160.626: Total time for which application threads were stopped: 0.0005690 seconds, Stopping threads took: 0.0000510 seconds
160.666: Application time: 0.0392630 seconds
160.666: [GC [PSYoungGen: 7616K->480K(8192K)] 14731K->7595K(26112K), 0.0004120 secs] [Times: user=0.01 sys=0.00, real=0.00 secs] 
160.666: Total time for which application threads were stopped: 0.0005200 seconds, Stopping threads took: 0.0000490 seconds
160.705: Application time: 0.0391120 seconds
160.705: [GC [PSYoungGen: 7648K->512K(8192K)] 14763K->7627K(26112K), 0.0004930 secs] [Times: user=0.00 sys=0.00, real=0.00 secs] 
160.706: Total time for which application threads were stopped: 0.0005870 seconds, Stopping threads took: 0.0000390 seconds
160.745: Application time: 0.0391620 seconds
160.745: [GC [PSYoungGen: 7680K->496K(8192K)] 14795K->7611K(26112K), 0.0004180 secs] [Times: user=0.00 sys=0.00, real=0.00 secs] 
160.746: Total time for which application threads were stopped: 0.0005170 seconds, Stopping threads took: 0.0000420 seconds
160.785: Application time: 0.0393150 seconds
160.785: [GC [PSYoungGen: 7664K->448K(8192K)] 14779K->7563K(26112K), 0.0004540 secs] [Times: user=0.00 sys=0.00, real=0.00 secs] 
160.785: Total time for which application threads were stopped: 0.0005730 seconds, Stopping threads took: 0.0000550 seconds
160.825: Application time: 0.0392430 seconds
160.825: [GC [PSYoungGen: 7616K->480K(8192K)] 14731K->7651K(26112K), 0.0004290 secs] [Times: user=0.00 sys=0.00, real=0.00 secs] 
160.825: Total time for which application threads were stopped: 0.0005360 seconds, Stopping threads took: 0.0000500 seconds
160.865: Application time: 0.0397650 seconds
160.865: [GC [PSYoungGen: 7648K->432K(8192K)] 14819K->7651K(26112K), 0.0004420 secs] [Times: user=0.00 sys=0.00, real=0.00 secs] 
160.866: Total time for which application threads were stopped: 0.0005400 seconds, Stopping threads took: 0.0000410 seconds
160.905: Application time: 0.0396170 seconds
160.905: [GC [PSYoungGen: 7600K->336K(8192K)] 14819K->7651K(26112K), 0.0004400 secs] [Times: user=0.00 sys=0.00, real=0.00 secs] 
160.906: Total time for which application threads were stopped: 0.0005630 seconds, Stopping threads took: 0.0000550 seconds
160.945: Application time: 0.0393180 seconds
160.945: [GC [PSYoungGen: 7504K->272K(8192K)] 14819K->7707K(26112K), 0.0004200 secs] [Times: user=0.00 sys=0.00, real=0.00 secs] 
160.946: Total time for which application threads were stopped: 0.0005220 seconds, Stopping threads took: 0.0000450 seconds
160.985: Application time: 0.0394270 seconds
160.985: [GC [PSYoungGen: 7440K->256K(8192K)] 14875K->7739K(26112K), 0.0003840 secs] [Times: user=0.00 sys=0.00, real=0.00 secs] 
160.985: Total time for which application threads were stopped: 0.0004750 seconds, Stopping threads took: 0.0000370 seconds
161.024: Application time: 0.0388980 seconds
161.024: [GC [PSYoungGen: 7424K->272K(8192K)] 14907K->7755K(26112K), 0.0004040 secs] [Times: user=0.00 sys=0.00, real=0.00 secs] 
161.025: Total time for which application threads were stopped: 0.0005200 seconds, Stopping threads took: 0.0000590 seconds
161.064: Application time: 0.0391430 seconds
161.064: [GC [PSYoungGen: 7440K->288K(8192K)] 14923K->7771K(26112K), 0.0003560 secs] [Times: user=0.00 sys=0.00, real=0.00 secs] 
161.065: Total time for which application threads were stopped: 0.0004650 seconds, Stopping threads took: 0.0000410 seconds
161.102: Application time: 0.0377680 seconds
161.102: [GC [PSYoungGen: 7456K->400K(8192K)] 14939K->7884K(26112K), 0.0003900 secs] [Times: user=0.01 sys=0.00, real=0.00 secs] 
161.103: Total time for which application threads were stopped: 0.0004960 seconds, Stopping threads took: 0.0000440 seconds
161.141: Application time: 0.0384530 seconds
161.141: [GC [PSYoungGen: 7568K->464K(8192K)] 15052K->7948K(26112K), 0.0004270 secs] [Times: user=0.01 sys=0.00, real=0.00 secs] 
161.142: Total time for which application threads were stopped: 0.0005290 seconds, Stopping threads took: 0.0000440 seconds
161.181: Application time: 0.0389110 seconds
161.181: [GC [PSYoungGen: 7632K->512K(8192K)] 15116K->7996K(26112K), 0.0004630 secs] [Times: user=0.00 sys=0.00, real=0.01 secs] 
161.181: Total time for which application threads were stopped: 0.0005590 seconds, Stopping threads took: 0.0000410 seconds
161.221: Application time: 0.0401900 seconds
161.222: [GC [PSYoungGen: 7680K->528K(8192K)] 15164K->8012K(26112K), 0.0004150 secs] [Times: user=0.00 sys=0.00, real=0.00 secs] 
161.222: Total time for which application threads were stopped: 0.0005170 seconds, Stopping threads took: 0.0000470 seconds
161.262: Application time: 0.0396770 seconds
161.262: [GC [PSYoungGen: 7696K->480K(8192K)] 15180K->7964K(26112K), 0.0004510 secs] [Times: user=0.00 sys=0.00, real=0.00 secs] 
161.262: Total time for which application threads were stopped: 0.0005460 seconds, Stopping threads took: 0.0000390 seconds
161.302: Application time: 0.0395620 seconds
161.302: [GC [PSYoungGen: 7648K->496K(8192K)] 15132K->7980K(26112K), 0.0004010 secs] [Times: user=0.00 sys=0.00, real=0.00 secs] 
161.302: Total time for which application threads were stopped: 0.0005150 seconds, Stopping threads took: 0.0000480 seconds
161.341: Application time: 0.0391940 seconds
161.342: [GC [PSYoungGen: 7664K->512K(8192K)] 15148K->7996K(26112K), 0.0004170 secs] [Times: user=0.00 sys=0.00, real=0.00 secs] 
161.342: Total time for which application threads were stopped: 0.0005270 seconds, Stopping threads took: 0.0000540 seconds
161.381: Application time: 0.0392710 seconds
161.381: [GC [PSYoungGen: 7680K->480K(8192K)] 15164K->7964K(26112K), 0.0005050 secs] [Times: user=0.00 sys=0.00, real=0.00 secs] 
161.382: Total time for which application threads were stopped: 0.0006000 seconds, Stopping threads took: 0.0000390 seconds
161.421: Application time: 0.0392630 seconds
161.421: [GC [PSYoungGen: 7648K->512K(8192K)] 15132K->7996K(26112K), 0.0004230 secs] [Times: user=0.01 sys=0.00, real=0.00 secs] 
161.422: Total time for which application threads were stopped: 0.0005200 seconds, Stopping threads took: 0.0000390 seconds
161.461: Application time: 0.0394280 seconds
161.461: [GC [PSYoungGen: 7680K->544K(8192K)] 15164K->8028K(26112K), 0.0004160 secs] [Times: user=0.00 sys=0.00, real=0.00 secs] 
161.462: Total time for which application threads were stopped: 0.0005120 seconds, Stopping threads took: 0.0000380 seconds
161.501: Application time: 0.0391910 seconds
161.501: [GC [PSYoungGen: 7712K->512K(8192K)] 15196K->7996K(26112K), 0.0004080 secs] [Times: user=0.00 sys=0.00, real=0.01 secs] 
161.501: Total time for which application threads were stopped: 0.0005120 seconds, Stopping threads took: 0.0000460 seconds
161.541: Application time: 0.0393840 seconds
161.541: [GC [PSYoungGen: 7680K->512K(8192K)] 15164K->7996K(26112K), 0.0004230 secs] [Times: user=0.00 sys=0.00, real=0.01 secs] 
161.541: Total time for which application threads were stopped: 0.0005300 seconds, Stopping threads took: 0.0000480 seconds
161.581: Application time: 0.0396860 seconds
161.581: [GC [PSYoungGen: 7680K->512K(8192K)] 15164K->7996K(26112K), 0.0004830 secs] [Times: user=0.00 sys=0.00, real=0.01 secs] 
161.581: Total time for which application threads were stopped: 0.0005890 seconds, Stopping threads took: 0.0000460 seconds
161.622: Application time: 0.0401880 seconds
161.622: [GC [PSYoungGen: 7680K->464K(8192K)] 15164K->7996K(26112K), 0.0005140 secs] [Times: user=0.01 sys=0.00, real=0.00 secs] 
161.622: Total time for which application threads were stopped: 0.0006100 seconds, Stopping threads took: 0.0000380 seconds
161.662: Application time: 0.0393720 seconds
161.662: [GC [PSYoungGen: 7632K->400K(8192K)] 15164K->7972K(26112K), 0.0003990 secs] [Times: user=0.00 sys=0.00, real=0.00 secs] 
161.662: Total time for which application threads were stopped: 0.0005040 seconds, Stopping threads took: 0.0000500 seconds
161.702: Application time: 0.0394260 seconds
161.702: [GC [PSYoungGen: 7568K->320K(8192K)] 15140K->8004K(26112K), 0.0004080 secs] [Times: user=0.00 sys=0.00, real=0.00 secs] 
161.702: Total time for which application threads were stopped: 0.0005280 seconds, Stopping threads took: 0.0000620 seconds
161.742: Application time: 0.0394400 seconds
161.742: [GC [PSYoungGen: 7488K->304K(8192K)] 15172K->8076K(26112K), 0.0004220 secs] [Times: user=0.00 sys=0.00, real=0.00 secs] 
161.742: Total time for which application threads were stopped: 0.0005180 seconds, Stopping threads took: 0.0000410 seconds
161.781: Application time: 0.0393600 seconds
161.782: [GC [PSYoungGen: 7472K->224K(8192K)] 15244K->8052K(26112K), 0.0003990 secs] [Times: user=0.00 sys=0.00, real=0.00 secs] 
161.782: Total time for which application threads were stopped: 0.0004940 seconds, Stopping threads took: 0.0000380 seconds
161.821: Application time: 0.0390350 seconds
161.821: [GC [PSYoungGen: 7392K->272K(8192K)] 15220K->8100K(26112K), 0.0004230 secs] [Times: user=0.00 sys=0.00, real=0.00 secs] 
161.821: Total time for which application threads were stopped: 0.0005220 seconds, Stopping threads took: 0.0000380 seconds
161.860: Application time: 0.0384050 seconds
161.860: [GC [PSYoungGen: 7440K->352K(8192K)] 15268K->8180K(26112K), 0.0003720 secs] [Times: user=0.00 sys=0.00, real=0.00 secs] 
161.860: Total time for which application threads were stopped: 0.0004750 seconds, Stopping threads took: 0.0000440 seconds
161.899: Application time: 0.0382200 seconds
161.901: [GC [PSYoungGen: 7520K->432K(8192K)] 15348K->8260K(26112K), 0.0005050 secs] [Times: user=0.00 sys=0.00, real=0.00 secs] 
161.902: Total time for which application threads were stopped: 0.0030260 seconds, Stopping threads took: 0.0024520 seconds
161.941: Application time: 0.0389770 seconds
161.941: [GC [PSYoungGen: 7600K->464K(8192K)] 15428K->8292K(26112K), 0.0004430 secs] [Times: user=0.00 sys=0.00, real=0.01 secs] 
161.941: Total time for which application threads were stopped: 0.0005510 seconds, Stopping threads took: 0.0000490 seconds
161.980: Application time: 0.0390170 seconds
161.980: [GC [PSYoungGen: 7632K->528K(8192K)] 15460K->8356K(26112K), 0.0004560 secs] [Times: user=0.00 sys=0.00, real=0.00 secs] 
161.981: Total time for which application threads were stopped: 0.0005590 seconds, Stopping threads took: 0.0000480 seconds
162.020: Application time: 0.0393010 seconds
162.020: [GC [PSYoungGen: 7696K->512K(8192K)] 15524K->8340K(26112K), 0.0004020 secs] [Times: user=0.00 sys=0.00, real=0.00 secs] 
162.021: Total time for which application threads were stopped: 0.0005020 seconds, Stopping threads took: 0.0000440 seconds
162.060: Application time: 0.0393500 seconds
162.060: [GC [PSYoungGen: 7680K->528K(8192K)] 15508K->8356K(26112K), 0.0004760 secs] [Times: user=0.01 sys=0.00, real=0.00 secs] 
162.060: Total time for which application threads were stopped: 0.0005740 seconds, Stopping threads took: 0.0000440 seconds
162.100: Application time: 0.0395960 seconds
162.100: [GC [PSYoungGen: 7696K->496K(8192K)] 15524K->8324K(26112K), 0.0004690 secs] [Times: user=0.00 sys=0.00, real=0.00 secs] 
162.101: Total time for which application threads were stopped: 0.0005700 seconds, Stopping threads took: 0.0000460 seconds
162.140: Application time: 0.0394720 seconds
162.140: [GC [PSYoungGen: 7664K->528K(8192K)] 15492K->8356K(26112K), 0.0004300 secs] [Times: user=0.00 sys=0.00, real=0.00 secs] 
162.141: Total time for which application threads were stopped: 0.0005330 seconds, Stopping threads took: 0.0000470 seconds
162.180: Application time: 0.0396130 seconds
162.180: [GC [PSYoungGen: 7696K->496K(8192K)] 15524K->8324K(26112K), 0.0004790 secs] [Times: user=0.00 sys=0.00, real=0.00 secs] 
162.181: Total time for which application threads were stopped: 0.0005800 seconds, Stopping threads took: 0.0000430 seconds
162.220: Application time: 0.0392800 seconds
162.221: [GC [PSYoungGen: 7664K->512K(8192K)] 15492K->8340K(26112K), 0.0004500 secs] [Times: user=0.00 sys=0.00, real=0.00 secs] 
162.222: Total time for which application threads were stopped: 0.0014340 seconds, Stopping threads took: 0.0009240 seconds
162.261: Application time: 0.0398200 seconds
162.261: [GC [PSYoungGen: 7680K->512K(8192K)] 15508K->8340K(26112K), 0.0004130 secs] [Times: user=0.00 sys=0.00, real=0.00 secs] 
162.262: Total time for which application threads were stopped: 0.0005110 seconds, Stopping threads took: 0.0000430 seconds
162.301: Application time: 0.0393920 seconds
162.301: [GC [PSYoungGen: 7680K->480K(8192K)] 15508K->8308K(26112K), 0.0005020 secs] [Times: user=0.01 sys=0.00, real=0.00 secs] 
162.302: Total time for which application threads were stopped: 0.0006070 seconds, Stopping threads took: 0.0000470 seconds
162.341: Application time: 0.0391490 seconds
162.341: [GC [PSYoungGen: 7648K->496K(8192K)] 15476K->8324K(26112K), 0.0004550 secs] [Times: user=0.00 sys=0.00, real=0.00 secs] 
162.342: Total time for which application threads were stopped: 0.0005630 seconds, Stopping threads took: 0.0000420 seconds
162.381: Application time: 0.0391890 seconds
162.381: [GC [PSYoungGen: 7664K->496K(8192K)] 15492K->8324K(26112K), 0.0004230 secs] [Times: user=0.00 sys=0.00, real=0.01 secs] 
162.381: Total time for which application threads were stopped: 0.0005150 seconds, Stopping threads took: 0.0000370 seconds
162.421: Application time: 0.0392020 seconds
162.421: [GC [PSYoungGen: 7664K->448K(8192K)] 15492K->8324K(26112K), 0.0004430 secs] [Times: user=0.00 sys=0.00, real=0.01 secs] 
162.421: Total time for which application threads were stopped: 0.0005370 seconds, Stopping threads took: 0.0000390 seconds
162.461: Application time: 0.0395520 seconds
162.461: [GC [PSYoungGen: 7616K->352K(8192K)] 15492K->8316K(26112K), 0.0004340 secs] [Times: user=0.01 sys=0.00, real=0.01 secs] 
162.461: Total time for which application threads were stopped: 0.0005350 seconds, Stopping threads took: 0.0000430 seconds
162.502: Application time: 0.0406750 seconds
162.502: [GC [PSYoungGen: 7520K->320K(8192K)] 15484K->8400K(26112K), 0.0005510 secs] [Times: user=0.01 sys=0.00, real=0.00 secs] 
162.502: Total time for which application threads were stopped: 0.0006470 seconds, Stopping threads took: 0.0000420 seconds
162.542: Application time: 0.0394350 seconds
162.542: [GC [PSYoungGen: 7488K->272K(8192K)] 15568K->8408K(26112K), 0.0003680 secs] [Times: user=0.00 sys=0.00, real=0.00 secs] 
162.542: Total time for which application threads were stopped: 0.0004700 seconds, Stopping threads took: 0.0000450 seconds
162.582: Application time: 0.0391940 seconds
162.582: [GC [PSYoungGen: 7440K->256K(8192K)] 15576K->8440K(26112K), 0.0004280 secs] [Times: user=0.00 sys=0.00, real=0.00 secs] 
162.582: Total time for which application threads were stopped: 0.0005260 seconds, Stopping threads took: 0.0000410 seconds
162.621: Application time: 0.0392170 seconds
162.621: [GC [PSYoungGen: 7424K->272K(8192K)] 15608K->8456K(26112K), 0.0003980 secs] [Times: user=0.00 sys=0.00, real=0.00 secs] 
162.622: Total time for which application threads were stopped: 0.0004900 seconds, Stopping threads took: 0.0000370 seconds
162.660: Application time: 0.0383710 seconds
162.660: [GC [PSYoungGen: 7440K->304K(8192K)] 15624K->8488K(26112K), 0.0003820 secs] [Times: user=0.00 sys=0.00, real=0.00 secs] 
162.661: Total time for which application threads were stopped: 0.0004900 seconds, Stopping threads took: 0.0000520 seconds
162.698: Application time: 0.0377890 seconds
162.699: [GC [PSYoungGen: 7472K->448K(8192K)] 15656K->8632K(26112K), 0.0004350 secs] [Times: user=0.00 sys=0.00, real=0.00 secs] 
162.699: Total time for which application threads were stopped: 0.0005450 seconds, Stopping threads took: 0.0000450 seconds
162.737: Application time: 0.0384260 seconds
162.738: [GC [PSYoungGen: 7616K->480K(8192K)] 15800K->8664K(26112K), 0.0004330 secs] [Times: user=0.00 sys=0.00, real=0.00 secs] 
162.738: Total time for which application threads were stopped: 0.0005340 seconds, Stopping threads took: 0.0000450 seconds
162.777: Application time: 0.0392330 seconds
162.777: [GC [PSYoungGen: 7648K->496K(8192K)] 15832K->8680K(26112K), 0.0004840 secs] [Times: user=0.00 sys=0.00, real=0.00 secs] 
162.778: Total time for which application threads were stopped: 0.0005750 seconds, Stopping threads took: 0.0000360 seconds
162.818: Application time: 0.0397900 seconds
162.818: [GC [PSYoungGen: 7664K->544K(8192K)] 15848K->8728K(26112K), 0.0004850 secs] [Times: user=0.00 sys=0.00, real=0.00 secs] 
162.818: Total time for which application threads were stopped: 0.0005800 seconds, Stopping threads took: 0.0000400 seconds
162.858: Application time: 0.0396330 seconds
162.858: [GC [PSYoungGen: 7712K->544K(8192K)] 15896K->8728K(26112K), 0.0004710 secs] [Times: user=0.00 sys=0.00, real=0.00 secs] 
162.858: Total time for which application threads were stopped: 0.0005730 seconds, Stopping threads took: 0.0000420 seconds
162.898: Application time: 0.0394730 seconds
162.899: [GC [PSYoungGen: 7712K->496K(8192K)] 15896K->8680K(26112K), 0.0005940 secs] [Times: user=0.00 sys=0.00, real=0.00 secs] 
162.899: Total time for which application threads were stopped: 0.0014470 seconds, Stopping threads took: 0.0007790 seconds
162.939: Application time: 0.0393980 seconds
162.939: [GC [PSYoungGen: 7664K->480K(8192K)] 15848K->8664K(26112K), 0.0004430 secs] [Times: user=0.00 sys=0.00, real=0.00 secs] 
162.939: Total time for which application threads were stopped: 0.0005410 seconds, Stopping threads took: 0.0000390 seconds
162.979: Application time: 0.0394740 seconds
162.979: [GC [PSYoungGen: 7648K->496K(8192K)] 15832K->8680K(26112K), 0.0004650 secs] [Times: user=0.00 sys=0.00, real=0.00 secs] 
162.979: Total time for which application threads were stopped: 0.0005640 seconds, Stopping threads took: 0.0000430 seconds
163.019: Application time: 0.0395570 seconds
163.019: [GC [PSYoungGen: 7664K->528K(8192K)] 15848K->8712K(26112K), 0.0004300 secs] [Times: user=0.00 sys=0.00, real=0.00 secs] 
163.019: Total time for which application threads were stopped: 0.0005310 seconds, Stopping threads took: 0.0000460 seconds
163.058: Application time: 0.0388070 seconds
163.058: [GC [PSYoungGen: 7696K->512K(8192K)] 15880K->8696K(26112K), 0.0004470 secs] [Times: user=0.01 sys=0.00, real=0.00 secs] 
163.059: Total time for which application threads were stopped: 0.0005500 seconds, Stopping threads took: 0.0000470 seconds
163.099: Application time: 0.0399300 seconds
163.099: [GC [PSYoungGen: 7680K->512K(8192K)] 15864K->8696K(26112K), 0.0004250 secs] [Times: user=0.01 sys=0.00, real=0.00 secs] 
163.099: Total time for which application threads were stopped: 0.0005200 seconds, Stopping threads took: 0.0000380 seconds
163.138: Application time: 0.0392170 seconds
163.138: [GC [PSYoungGen: 7680K->496K(8192K)] 15864K->8680K(26112K), 0.0004350 secs] [Times: user=0.01 sys=0.00, real=0.00 secs] 
163.139: Total time for which application threads were stopped: 0.0005290 seconds, Stopping threads took: 0.0000370 seconds
163.178: Application time: 0.0394360 seconds
163.178: [GC [PSYoungGen: 7664K->448K(8192K)] 15848K->8680K(26112K), 0.0004140 secs] [Times: user=0.01 sys=0.00, real=0.00 secs] 
163.179: Total time for which application threads were stopped: 0.0005240 seconds, Stopping threads took: 0.0000530 seconds
163.218: Application time: 0.0392300 seconds
163.218: [GC [PSYoungGen: 7616K->432K(8192K)] 15848K->8664K(26112K), 0.0004160 secs] [Times: user=0.00 sys=0.00, real=0.00 secs] 
163.219: Total time for which application threads were stopped: 0.0005160 seconds, Stopping threads took: 0.0000420 seconds
163.258: Application time: 0.0393060 seconds
163.258: [GC [PSYoungGen: 7600K->416K(8192K)] 15832K->8728K(26112K), 0.0004220 secs] [Times: user=0.00 sys=0.00, real=0.00 secs] 
163.258: Total time for which application threads were stopped: 0.0005230 seconds, Stopping threads took: 0.0000430 seconds
163.298: Application time: 0.0398610 seconds
163.298: [GC [PSYoungGen: 7584K->288K(8192K)] 15896K->8724K(26112K), 0.0003900 secs] [Times: user=0.00 sys=0.00, real=0.00 secs] 
163.299: Total time for which application threads were stopped: 0.0004910 seconds, Stopping threads took: 0.0000430 seconds
163.338: Application time: 0.0394690 seconds
163.338: [GC [PSYoungGen: 7456K->256K(8192K)] 15892K->8792K(26112K), 0.0004110 secs] [Times: user=0.00 sys=0.00, real=0.00 secs] 
163.339: Total time for which application threads were stopped: 0.0005030 seconds, Stopping threads took: 0.0000390 seconds
163.378: Application time: 0.0387320 seconds
163.378: [GC [PSYoungGen: 7424K->272K(8192K)] 15960K->8808K(26112K), 0.0003520 secs] [Times: user=0.00 sys=0.00, real=0.00 secs] 
163.378: Total time for which application threads were stopped: 0.0004650 seconds, Stopping threads took: 0.0000460 seconds
163.417: Application time: 0.0392060 seconds
163.417: [GC [PSYoungGen: 7440K->288K(8192K)] 15976K->8824K(26112K), 0.0003980 secs] [Times: user=0.00 sys=0.00, real=0.00 secs] 
163.418: Total time for which application threads were stopped: 0.0004950 seconds, Stopping threads took: 0.0000430 seconds
163.456: Application time: 0.0378360 seconds
163.456: [GC [PSYoungGen: 7456K->432K(8192K)] 15992K->8968K(26112K), 0.0003920 secs] [Times: user=0.00 sys=0.00, real=0.00 secs] 
163.456: Total time for which application threads were stopped: 0.0004890 seconds, Stopping threads took: 0.0000390 seconds
163.494: Application time: 0.0379440 seconds
163.494: [GC [PSYoungGen: 7600K->480K(8192K)] 16136K->9016K(26112K), 0.0004190 secs] [Times: user=0.00 sys=0.00, real=0.00 secs] 
163.494: Total time for which application threads were stopped: 0.0005210 seconds, Stopping threads took: 0.0000450 seconds
163.534: Application time: 0.0392150 seconds
163.534: [GC [PSYoungGen: 7648K->496K(8192K)] 16184K->9032K(26112K), 0.0004220 secs] [Times: user=0.01 sys=0.00, real=0.00 secs] 
163.534: Total time for which application threads were stopped: 0.0005240 seconds, Stopping threads took: 0.0000420 seconds
163.574: Application time: 0.0393570 seconds
163.574: [GC [PSYoungGen: 7664K->512K(8192K)] 16200K->9048K(26112K), 0.0004550 secs] [Times: user=0.00 sys=0.00, real=0.00 secs] 
163.574: Total time for which application threads were stopped: 0.0005490 seconds, Stopping threads took: 0.0000380 seconds
163.614: Application time: 0.0393790 seconds
163.614: [GC [PSYoungGen: 7680K->496K(8192K)] 16216K->9032K(26112K), 0.0004120 secs] [Times: user=0.00 sys=0.00, real=0.00 secs] 
163.614: Total time for which application threads were stopped: 0.0005180 seconds, Stopping threads took: 0.0000490 seconds
163.654: Application time: 0.0395480 seconds
163.654: [GC [PSYoungGen: 7664K->480K(8192K)] 16200K->9016K(26112K), 0.0004200 secs] [Times: user=0.00 sys=0.00, real=0.00 secs] 
163.654: Total time for which application threads were stopped: 0.0005250 seconds, Stopping threads took: 0.0000470 seconds
163.694: Application time: 0.0394060 seconds
163.694: [GC [PSYoungGen: 7648K->528K(8192K)] 16184K->9064K(26112K), 0.0004470 secs] [Times: user=0.00 sys=0.00, real=0.00 secs] 
163.694: Total time for which application threads were stopped: 0.0005490 seconds, Stopping threads took: 0.0000470 seconds
163.734: Application time: 0.0396670 seconds
163.734: [GC [PSYoungGen: 7696K->496K(8192K)] 16232K->9032K(26112K), 0.0004180 secs] [Times: user=0.00 sys=0.00, real=0.00 secs] 
163.734: Total time for which application threads were stopped: 0.0005220 seconds, Stopping threads took: 0.0000480 seconds
163.774: Application time: 0.0399230 seconds
163.774: [GC [PSYoungGen: 7664K->496K(8192K)] 16200K->9032K(26112K), 0.0004940 secs] [Times: user=0.01 sys=0.00, real=0.00 secs] 
163.775: Total time for which application threads were stopped: 0.0005980 seconds, Stopping threads took: 0.0000470 seconds
163.814: Application time: 0.0396480 seconds
163.815: [GC [PSYoungGen: 7664K->496K(8192K)] 16200K->9032K(26112K), 0.0004750 secs] [Times: user=0.00 sys=0.00, real=0.00 secs] 
163.815: Total time for which application threads were stopped: 0.0005790 seconds, Stopping threads took: 0.0000470 seconds
163.854: Application time: 0.0390160 seconds
163.854: [GC [PSYoungGen: 7664K->528K(8192K)] 16200K->9064K(26112K), 0.0004080 secs] [Times: user=0.01 sys=0.00, real=0.00 secs] 
163.855: Total time for which application threads were stopped: 0.0005100 seconds, Stopping threads took: 0.0000430 seconds
163.894: Application time: 0.0394470 seconds
163.894: [GC [PSYoungGen: 7696K->528K(8192K)] 16232K->9064K(26112K), 0.0004110 secs] [Times: user=0.00 sys=0.00, real=0.00 secs] 
163.895: Total time for which application threads were stopped: 0.0005210 seconds, Stopping threads took: 0.0000460 seconds
163.934: Application time: 0.0392880 seconds
163.934: [GC [PSYoungGen: 7696K->528K(8192K)] 16232K->9064K(26112K), 0.0004610 secs] [Times: user=0.01 sys=0.00, real=0.00 secs] 
163.934: Total time for which application threads were stopped: 0.0005810 seconds, Stopping threads took: 0.0000550 seconds
163.974: Application time: 0.0396830 seconds
163.974: [GC [PSYoungGen: 7696K->464K(8192K)] 16232K->9048K(26112K), 0.0004650 secs] [Times: user=0.00 sys=0.00, real=0.00 secs] 
163.975: Total time for which application threads were stopped: 0.0005680 seconds, Stopping threads took: 0.0000470 seconds
164.014: Application time: 0.0393330 seconds
164.014: [GC [PSYoungGen: 7632K->448K(8192K)] 16216K->9080K(26112K), 0.0004130 secs] [Times: user=0.00 sys=0.00, real=0.00 secs] 
164.014: Total time for which application threads were stopped: 0.0005120 seconds, Stopping threads took: 0.0000430 seconds
164.054: Application time: 0.0397960 seconds
164.054: [GC [PSYoungGen: 7616K->336K(8192K)] 16248K->9104K(26112K), 0.0004470 secs] [Times: user=0.01 sys=0.00, real=0.00 secs] 
164.055: Total time for which application threads were stopped: 0.0005430 seconds, Stopping threads took: 0.0000400 seconds
164.094: Application time: 0.0392770 seconds
164.094: [GC [PSYoungGen: 7504K->272K(8192K)] 16272K->9128K(26112K), 0.0004330 secs] [Times: user=0.00 sys=0.00, real=0.00 secs] 
164.095: Total time for which application threads were stopped: 0.0005270 seconds, Stopping threads took: 0.0000390 seconds
164.134: Application time: 0.0394740 seconds
164.134: [GC [PSYoungGen: 7440K->256K(8192K)] 16296K->9168K(26112K), 0.0003760 secs] [Times: user=0.01 sys=0.00, real=0.00 secs] 
164.135: Total time for which application threads were stopped: 0.0004680 seconds, Stopping threads took: 0.0000380 seconds
164.174: Application time: 0.0389930 seconds
164.174: [GC [PSYoungGen: 7424K->272K(8192K)] 16336K->9185K(26112K), 0.0003730 secs] [Times: user=0.00 sys=0.00, real=0.00 secs] 
164.174: Total time for which application threads were stopped: 0.0004740 seconds, Stopping threads took: 0.0000450 seconds
164.213: Application time: 0.0386860 seconds
164.213: [GC [PSYoungGen: 7440K->304K(8192K)] 16353K->9217K(26112K), 0.0003850 secs] [Times: user=0.00 sys=0.00, real=0.00 secs] 
164.213: Total time for which application threads were stopped: 0.0004820 seconds, Stopping threads took: 0.0000390 seconds
164.251: Application time: 0.0377060 seconds
164.251: [GC [PSYoungGen: 7472K->432K(8192K)] 16385K->9345K(26112K), 0.0003950 secs] [Times: user=0.00 sys=0.00, real=0.00 secs] 
164.251: Total time for which application threads were stopped: 0.0004990 seconds, Stopping threads took: 0.0000460 seconds
164.290: Application time: 0.0390040 seconds
164.291: [GC [PSYoungGen: 7600K->480K(8192K)] 16513K->9393K(26112K), 0.0004060 secs] [Times: user=0.00 sys=0.00, real=0.00 secs] 
164.291: Total time for which application threads were stopped: 0.0005130 seconds, Stopping threads took: 0.0000500 seconds
164.330: Application time: 0.0389130 seconds
164.330: [GC [PSYoungGen: 7648K->544K(8192K)] 16561K->9457K(26112K), 0.0004690 secs] [Times: user=0.00 sys=0.00, real=0.00 secs] 
164.330: Total time for which application threads were stopped: 0.0005820 seconds, Stopping threads took: 0.0000450 seconds
164.370: Application time: 0.0396940 seconds
164.370: [GC [PSYoungGen: 7712K->496K(8192K)] 16625K->9409K(26112K), 0.0004310 secs] [Times: user=0.00 sys=0.00, real=0.00 secs] 
164.371: Total time for which application threads were stopped: 0.0005360 seconds, Stopping threads took: 0.0000470 seconds
164.410: Application time: 0.0394350 seconds
164.413: [GC [PSYoungGen: 7664K->480K(8192K)] 16577K->9393K(26112K), 0.0004880 secs] [Times: user=0.01 sys=0.00, real=0.00 secs] 
164.414: Total time for which application threads were stopped: 0.0034880 seconds, Stopping threads took: 0.0029330 seconds
164.453: Application time: 0.0393890 seconds
164.453: [GC [PSYoungGen: 7648K->464K(8192K)] 16561K->9377K(26112K), 0.0004670 secs] [Times: user=0.00 sys=0.00, real=0.00 secs] 
164.454: Total time for which application threads were stopped: 0.0005690 seconds, Stopping threads took: 0.0000460 seconds
164.493: Application time: 0.0394510 seconds
164.497: [GC [PSYoungGen: 7632K->512K(8192K)] 16545K->9425K(26112K), 0.0004720 secs] [Times: user=0.00 sys=0.00, real=0.00 secs] 
164.498: Total time for which application threads were stopped: 0.0045560 seconds, Stopping threads took: 0.0040260 seconds
164.537: Application time: 0.0396560 seconds
164.537: [GC [PSYoungGen: 7680K->512K(8192K)] 16593K->9425K(26112K), 0.0004200 secs] [Times: user=0.00 sys=0.00, real=0.00 secs] 
164.538: Total time for which application threads were stopped: 0.0005270 seconds, Stopping threads took: 0.0000490 seconds
164.577: Application time: 0.0392090 seconds
164.577: [GC [PSYoungGen: 7680K->448K(8192K)] 16593K->9361K(26112K), 0.0004090 secs] [Times: user=0.00 sys=0.00, real=0.00 secs] 
164.577: Total time for which application threads were stopped: 0.0005150 seconds, Stopping threads took: 0.0000470 seconds
164.617: Application time: 0.0391230 seconds
164.617: [GC [PSYoungGen: 7616K->528K(8192K)] 16529K->9441K(26112K), 0.0004260 secs] [Times: user=0.00 sys=0.00, real=0.00 secs] 
164.617: Total time for which application threads were stopped: 0.0005280 seconds, Stopping threads took: 0.0000430 seconds
164.656: Application time: 0.0391650 seconds
164.656: [GC [PSYoungGen: 7696K->496K(8192K)] 16609K->9409K(26112K), 0.0004240 secs] [Times: user=0.00 sys=0.00, real=0.00 secs] 
164.657: Total time for which application threads were stopped: 0.0005280 seconds, Stopping threads took: 0.0000470 seconds
164.696: Application time: 0.0392450 seconds
164.696: [GC [PSYoungGen: 7664K->512K(8192K)] 16577K->9425K(26112K), 0.0004450 secs] [Times: user=0.00 sys=0.00, real=0.00 secs] 
164.697: Total time for which application threads were stopped: 0.0005480 seconds, Stopping threads took: 0.0000480 seconds
164.736: Application time: 0.0392090 seconds
164.736: [GC [PSYoungGen: 7680K->496K(8192K)] 16593K->9409K(26112K), 0.0004220 secs] [Times: user=0.00 sys=0.00, real=0.00 secs] 
164.736: Total time for which application threads were stopped: 0.0005320 seconds, Stopping threads took: 0.0000520 seconds
164.776: Application time: 0.0399740 seconds
164.776: [GC [PSYoungGen: 7664K->448K(8192K)] 16577K->9401K(26112K), 0.0004250 secs] [Times: user=0.00 sys=0.00, real=0.00 secs] 
164.777: Total time for which application threads were stopped: 0.0005380 seconds, Stopping threads took: 0.0000580 seconds
164.816: Application time: 0.0393130 seconds
164.816: [GC [PSYoungGen: 7616K->384K(8192K)] 16569K->9433K(26112K), 0.0004110 secs] [Times: user=0.00 sys=0.00, real=0.00 secs] 
164.817: Total time for which application threads were stopped: 0.0005250 seconds, Stopping threads took: 0.0000580 seconds
164.856: Application time: 0.0394250 seconds
164.856: [GC [PSYoungGen: 7552K->288K(8192K)] 16601K->9465K(26112K), 0.0004000 secs] [Times: user=0.00 sys=0.00, real=0.00 secs] 
164.857: Total time for which application threads were stopped: 0.0004930 seconds, Stopping threads took: 0.0000380 seconds
164.896: Application time: 0.0392510 seconds
164.896: [GC [PSYoungGen: 7456K->272K(8192K)] 16633K->9521K(26112K), 0.0003620 secs] [Times: user=0.00 sys=0.00, real=0.00 secs] 
164.896: Total time for which application threads were stopped: 0.0004540 seconds, Stopping threads took: 0.0000370 seconds
164.936: Application time: 0.0399610 seconds
164.936: [GC [PSYoungGen: 7440K->256K(8192K)] 16689K->9545K(26112K), 0.0004080 secs] [Times: user=0.00 sys=0.00, real=0.00 secs] 
164.937: Total time for which application threads were stopped: 0.0005400 seconds, Stopping threads took: 0.0000530 seconds
164.975: Application time: 0.0386290 seconds
164.976: [GC [PSYoungGen: 7424K->272K(8192K)] 16713K->9561K(26112K), 0.0003930 secs] [Times: user=0.00 sys=0.00, real=0.00 secs] 
164.976: Total time for which application threads were stopped: 0.0004940 seconds, Stopping threads took: 0.0000460 seconds
165.013: Application time: 0.0374720 seconds
165.014: [GC [PSYoungGen: 7440K->368K(8192K)] 16729K->9657K(26112K), 0.0004650 secs] [Times: user=0.00 sys=0.00, real=0.00 secs] 
165.014: Total time for which application threads were stopped: 0.0005780 seconds, Stopping threads took: 0.0000530 seconds
165.052: Application time: 0.0384110 seconds
165.053: [GC [PSYoungGen: 7536K->432K(8192K)] 16825K->9721K(26112K), 0.0004380 secs] [Times: user=0.00 sys=0.00, real=0.00 secs] 
165.053: Total time for which application threads were stopped: 0.0005360 seconds, Stopping threads took: 0.0000420 seconds
165.092: Application time: 0.0394780 seconds
165.093: [GC [PSYoungGen: 7600K->448K(8192K)] 16889K->9737K(26112K), 0.0004450 secs] [Times: user=0.00 sys=0.00, real=0.00 secs] 
165.093: Total time for which application threads were stopped: 0.0005510 seconds, Stopping threads took: 0.0000470 seconds
165.132: Application time: 0.0388040 seconds
165.132: [GC [PSYoungGen: 7616K->512K(8192K)] 16905K->9801K(26112K), 0.0004970 secs] [Times: user=0.00 sys=0.00, real=0.00 secs] 
165.132: Total time for which application threads were stopped: 0.0005970 seconds, Stopping threads took: 0.0000430 seconds
165.172: Application time: 0.0397220 seconds
165.172: [GC [PSYoungGen: 7680K->496K(8192K)] 16969K->9785K(26112K), 0.0004350 secs] [Times: user=0.00 sys=0.00, real=0.00 secs] 
165.173: Total time for which application threads were stopped: 0.0005360 seconds, Stopping threads took: 0.0000450 seconds
165.212: Application time: 0.0393000 seconds
165.212: [GC [PSYoungGen: 7664K->496K(8192K)] 16953K->9785K(26112K), 0.0004560 secs] [Times: user=0.00 sys=0.00, real=0.00 secs] 
165.213: Total time for which application threads were stopped: 0.0005500 seconds, Stopping threads took: 0.0000370 seconds
165.252: Application time: 0.0392930 seconds
165.252: [GC [PSYoungGen: 7664K->512K(8192K)] 16953K->9801K(26112K), 0.0004280 secs] [Times: user=0.00 sys=0.00, real=0.00 secs] 
165.252: Total time for which application threads were stopped: 0.0005230 seconds, Stopping threads took: 0.0000400 seconds
165.292: Application time: 0.0395400 seconds
165.292: [GC [PSYoungGen: 7680K->512K(8192K)] 16969K->9801K(26112K), 0.0004330 secs] [Times: user=0.01 sys=0.00, real=0.00 secs] 
165.292: Total time for which application threads were stopped: 0.0005350 seconds, Stopping threads took: 0.0000460 seconds
165.332: Application time: 0.0396610 seconds
165.332: [GC [PSYoungGen: 7680K->512K(8192K)] 16969K->9801K(26112K), 0.0004140 secs] [Times: user=0.01 sys=0.00, real=0.00 secs] 
165.333: Total time for which application threads were stopped: 0.0005120 seconds, Stopping threads took: 0.0000420 seconds
165.372: Application time: 0.0392510 seconds
165.372: [GC [PSYoungGen: 7680K->496K(8192K)] 16969K->9785K(26112K), 0.0004650 secs] [Times: user=0.00 sys=0.00, real=0.00 secs] 
165.372: Total time for which application threads were stopped: 0.0005710 seconds, Stopping threads took: 0.0000480 seconds
165.411: Application time: 0.0389720 seconds
165.411: [GC [PSYoungGen: 7664K->512K(8192K)] 16953K->9801K(26112K), 0.0004210 secs] [Times: user=0.00 sys=0.00, real=0.00 secs] 
165.412: Total time for which application threads were stopped: 0.0005220 seconds, Stopping threads took: 0.0000410 seconds
165.451: Application time: 0.0392910 seconds
165.451: [GC [PSYoungGen: 7680K->480K(8192K)] 16969K->9769K(26112K), 0.0004350 secs] [Times: user=0.01 sys=0.00, real=0.00 secs] 
165.452: Total time for which application threads were stopped: 0.0005470 seconds, Stopping threads took: 0.0000430 seconds
165.491: Application time: 0.0396070 seconds
165.491: [GC [PSYoungGen: 7648K->480K(8192K)] 16937K->9769K(26112K), 0.0004570 secs] [Times: user=0.00 sys=0.00, real=0.00 secs] 
165.492: Total time for which application threads were stopped: 0.0005610 seconds, Stopping threads took: 0.0000460 seconds
165.531: Application time: 0.0394050 seconds
165.531: [GC [PSYoungGen: 7648K->528K(8192K)] 16937K->9817K(26112K), 0.0004150 secs] [Times: user=0.01 sys=0.00, real=0.00 secs] 
165.532: Total time for which application threads were stopped: 0.0005140 seconds, Stopping threads took: 0.0000400 seconds
165.571: Application time: 0.0393920 seconds
165.571: [GC [PSYoungGen: 7696K->480K(8192K)] 16985K->9825K(26112K), 0.0004580 secs] [Times: user=0.00 sys=0.00, real=0.00 secs] 
165.572: Total time for which application threads were stopped: 0.0005720 seconds, Stopping threads took: 0.0000570 seconds
165.612: Application time: 0.0397910 seconds
165.612: [GC [PSYoungGen: 7648K->320K(8192K)] 16993K->9825K(26112K), 0.0004300 secs] [Times: user=0.00 sys=0.00, real=0.00 secs] 
165.613: Total time for which application threads were stopped: 0.0016550 seconds, Stopping threads took: 0.0000420 seconds
165.652: Application time: 0.0391780 seconds
165.653: [GC [PSYoungGen: 7488K->272K(8192K)] 16993K->9865K(26112K), 0.0003940 secs] [Times: user=0.00 sys=0.00, real=0.00 secs] 
165.653: Total time for which application threads were stopped: 0.0005250 seconds, Stopping threads took: 0.0000780 seconds
165.692: Application time: 0.0393940 seconds
165.692: [GC [PSYoungGen: 7440K->304K(8192K)] 17033K->9897K(26112K), 0.0003950 secs] [Times: user=0.01 sys=0.00, real=0.00 secs] 
165.693: Total time for which application threads were stopped: 0.0005120 seconds, Stopping threads took: 0.0000600 seconds
165.733: Application time: 0.0397150 seconds
165.733: [GC [PSYoungGen: 7472K->256K(8192K)] 17065K->9913K(26112K), 0.0003570 secs] [Times: user=0.00 sys=0.00, real=0.00 secs] 
165.733: Total time for which application threads were stopped: 0.0004550 seconds, Stopping threads took: 0.0000420 seconds
165.772: Application time: 0.0386780 seconds
165.772: [GC [PSYoungGen: 7424K->272K(8192K)] 17081K->9929K(26112K), 0.0004110 secs] [Times: user=0.00 sys=0.00, real=0.00 secs] 
165.772: Total time for which application threads were stopped: 0.0005060 seconds, Stopping threads took: 0.0000450 seconds
165.810: Application time: 0.0374950 seconds
165.810: [GC [PSYoungGen: 7440K->336K(8192K)] 17097K->9993K(26112K), 0.0004250 secs] [Times: user=0.00 sys=0.00, real=0.00 secs] 
165.810: Total time for which application threads were stopped: 0.0005210 seconds, Stopping threads took: 0.0000380 seconds
165.849: Application time: 0.0387710 seconds
165.849: [GC [PSYoungGen: 7504K->464K(8192K)] 17161K->10121K(26112K), 0.0004870 secs] [Times: user=0.00 sys=0.00, real=0.00 secs] 
165.850: Total time for which application threads were stopped: 0.0005880 seconds, Stopping threads took: 0.0000460 seconds
165.889: Application time: 0.0393680 seconds
165.889: [GC [PSYoungGen: 7632K->464K(8192K)] 17289K->10121K(26112K), 0.0004180 secs] [Times: user=0.00 sys=0.00, real=0.00 secs] 
165.890: Total time for which application threads were stopped: 0.0005230 seconds, Stopping threads took: 0.0000470 seconds
165.929: Application time: 0.0391840 seconds
165.929: [GC [PSYoungGen: 7632K->528K(8192K)] 17289K->10185K(26112K), 0.0004650 secs] [Times: user=0.01 sys=0.00, real=0.01 secs] 
165.929: Total time for which application threads were stopped: 0.0005830 seconds, Stopping threads took: 0.0000530 seconds
165.969: Application time: 0.0394510 seconds
165.969: [GC [PSYoungGen: 7696K->480K(8192K)] 17353K->10137K(26112K), 0.0004080 secs] [Times: user=0.00 sys=0.00, real=0.01 secs] 
165.969: Total time for which application threads were stopped: 0.0005230 seconds, Stopping threads took: 0.0000400 seconds
166.009: Application time: 0.0393210 seconds
166.013: [GC [PSYoungGen: 7648K->464K(8192K)] 17305K->10121K(26112K), 0.0004370 secs] [Times: user=0.00 sys=0.00, real=0.00 secs] 
166.014: Total time for which application threads were stopped: 0.0049890 seconds, Stopping threads took: 0.0044920 seconds
166.053: Application time: 0.0393450 seconds
166.053: [GC [PSYoungGen: 7632K->512K(8192K)] 17289K->10169K(26112K), 0.0004350 secs] [Times: user=0.00 sys=0.00, real=0.00 secs] 
166.053: Total time for which application threads were stopped: 0.0005400 seconds, Stopping threads took: 0.0000470 seconds
166.093: Application time: 0.0397770 seconds
166.093: [GC [PSYoungGen: 7680K->464K(8192K)] 17337K->10121K(26112K), 0.0004610 secs] [Times: user=0.00 sys=0.00, real=0.00 secs] 
166.094: Total time for which application threads were stopped: 0.0005710 seconds, Stopping threads took: 0.0000520 seconds
166.133: Application time: 0.0392670 seconds
166.133: [GC [PSYoungGen: 7632K->464K(8192K)] 17289K->10121K(26112K), 0.0004380 secs] [Times: user=0.00 sys=0.00, real=0.00 secs] 
166.134: Total time for which application threads were stopped: 0.0005390 seconds, Stopping threads took: 0.0000410 seconds
166.173: Application time: 0.0392440 seconds
166.173: [GC [PSYoungGen: 7632K->496K(8192K)] 17289K->10153K(26112K), 0.0004660 secs] [Times: user=0.00 sys=0.00, real=0.00 secs] 
166.173: Total time for which application threads were stopped: 0.0005640 seconds, Stopping threads took: 0.0000420 seconds
166.213: Application time: 0.0391230 seconds
166.213: [GC [PSYoungGen: 7664K->512K(8192K)] 17321K->10169K(26112K), 0.0004260 secs] [Times: user=0.00 sys=0.00, real=0.00 secs] 
166.213: Total time for which application threads were stopped: 0.0005350 seconds, Stopping threads took: 0.0000480 seconds
166.252: Application time: 0.0392870 seconds
166.252: [GC [PSYoungGen: 7680K->496K(8192K)] 17337K->10153K(26112K), 0.0004550 secs] [Times: user=0.01 sys=0.00, real=0.00 secs] 
166.253: Total time for which application threads were stopped: 0.0005530 seconds, Stopping threads took: 0.0000410 seconds
166.292: Application time: 0.0392640 seconds
166.292: [GC [PSYoungGen: 7664K->512K(8192K)] 17321K->10169K(26112K), 0.0004090 secs] [Times: user=0.00 sys=0.00, real=0.00 secs] 
166.293: Total time for which application threads were stopped: 0.0005100 seconds, Stopping threads took: 0.0000430 seconds
166.332: Application time: 0.0396730 seconds
166.332: [GC [PSYoungGen: 7680K->512K(8192K)] 17337K->10169K(26112K), 0.0004310 secs] [Times: user=0.00 sys=0.00, real=0.00 secs] 
166.333: Total time for which application threads were stopped: 0.0005440 seconds, Stopping threads took: 0.0000540 seconds
166.372: Application time: 0.0393760 seconds
166.372: [GC [PSYoungGen: 7680K->448K(8192K)] 17337K->10161K(26112K), 0.0004590 secs] [Times: user=0.00 sys=0.00, real=0.00 secs] 
166.373: Total time for which application threads were stopped: 0.0005560 seconds, Stopping threads took: 0.0000400 seconds
166.412: Application time: 0.0394230 seconds
166.412: [GC [PSYoungGen: 7616K->352K(8192K)] 17329K->10201K(26112K), 0.0004490 secs] [Times: user=0.00 sys=0.00, real=0.00 secs] 
166.413: Total time for which application threads were stopped: 0.0005430 seconds, Stopping threads took: 0.0000370 seconds
166.452: Application time: 0.0396540 seconds
166.453: [GC [PSYoungGen: 7520K->272K(8192K)] 17369K->10217K(26112K), 0.0003730 secs] [Times: user=0.00 sys=0.00, real=0.00 secs] 
166.453: Total time for which application threads were stopped: 0.0004720 seconds, Stopping threads took: 0.0000440 seconds
166.493: Application time: 0.0398400 seconds
166.493: [GC [PSYoungGen: 7440K->272K(8192K)] 17385K->10217K(26112K), 0.0003770 secs] [Times: user=0.00 sys=0.00, real=0.00 secs] 
166.493: Total time for which application threads were stopped: 0.0004820 seconds, Stopping threads took: 0.0000400 seconds
166.532: Application time: 0.0385880 seconds
166.532: [GC [PSYoungGen: 7440K->272K(8192K)] 17385K->10273K(26112K), 0.0003680 secs] [Times: user=0.00 sys=0.00, real=0.00 secs] 
166.532: Total time for which application threads were stopped: 0.0004820 seconds, Stopping threads took: 0.0000490 seconds
166.571: Application time: 0.0384780 seconds
166.571: [GC [PSYoungGen: 7440K->304K(8192K)] 17441K->10305K(26112K), 0.0003720 secs] [Times: user=0.00 sys=0.00, real=0.00 secs] 
166.571: Total time for which application threads were stopped: 0.0004650 seconds, Stopping threads took: 0.0000350 seconds
166.609: Application time: 0.0377090 seconds
166.609: [GC [PSYoungGen: 7472K->400K(8192K)] 17473K->10401K(26112K), 0.0004130 secs] [Times: user=0.00 sys=0.00, real=0.00 secs] 
166.610: Total time for which application threads were stopped: 0.0005150 seconds, Stopping threads took: 0.0000450 seconds
166.649: Application time: 0.0392380 seconds
166.649: [GC [PSYoungGen: 7568K->448K(8192K)] 17569K->10449K(26112K), 0.0004060 secs] [Times: user=0.00 sys=0.00, real=0.01 secs] 
166.649: Total time for which application threads were stopped: 0.0005000 seconds, Stopping threads took: 0.0000370 seconds
166.688: Application time: 0.0392080 seconds
166.689: [GC [PSYoungGen: 7616K->464K(8192K)] 17617K->10465K(26112K), 0.0004200 secs] [Times: user=0.00 sys=0.00, real=0.00 secs] 
166.689: Total time for which application threads were stopped: 0.0005220 seconds, Stopping threads took: 0.0000430 seconds
166.729: Application time: 0.0398040 seconds
166.729: [GC [PSYoungGen: 7632K->512K(8192K)] 17633K->10513K(26112K), 0.0004160 secs] [Times: user=0.01 sys=0.00, real=0.01 secs] 
166.729: Total time for which application threads were stopped: 0.0005110 seconds, Stopping threads took: 0.0000380 seconds
166.769: Application time: 0.0393300 seconds
166.769: [GC [PSYoungGen: 7680K->544K(8192K)] 17681K->10545K(26112K), 0.0004160 secs] [Times: user=0.00 sys=0.00, real=0.01 secs] 
166.769: Total time for which application threads were stopped: 0.0005150 seconds, Stopping threads took: 0.0000430 seconds
166.808: Application time: 0.0393270 seconds
166.809: [GC [PSYoungGen: 7712K->528K(8192K)] 17713K->10529K(26112K), 0.0004460 secs] [Times: user=0.00 sys=0.00, real=0.01 secs] 
166.809: Total time for which application threads were stopped: 0.0005470 seconds, Stopping threads took: 0.0000470 seconds
166.849: Application time: 0.0394860 seconds
166.849: [GC [PSYoungGen: 7696K->528K(8192K)] 17697K->10529K(26112K), 0.0004190 secs] [Times: user=0.00 sys=0.00, real=0.01 secs] 
166.849: Total time for which application threads were stopped: 0.0005230 seconds, Stopping threads took: 0.0000460 seconds
166.889: Application time: 0.0395250 seconds
166.889: [GC [PSYoungGen: 7696K->464K(8192K)] 17697K->10465K(26112K), 0.0004680 secs] [Times: user=0.00 sys=0.00, real=0.01 secs] 
166.889: Total time for which application threads were stopped: 0.0005770 seconds, Stopping threads took: 0.0000520 seconds
166.928: Application time: 0.0392420 seconds
166.928: [GC [PSYoungGen: 7632K->480K(8192K)] 17633K->10481K(26112K), 0.0004490 secs] [Times: user=0.00 sys=0.00, real=0.00 secs] 
166.929: Total time for which application threads were stopped: 0.0005600 seconds, Stopping threads took: 0.0000450 seconds
166.968: Application time: 0.0395310 seconds
166.969: [GC [PSYoungGen: 7648K->496K(8192K)] 17649K->10497K(26112K), 0.0004670 secs] [Times: user=0.00 sys=0.00, real=0.01 secs] 
166.969: Total time for which application threads were stopped: 0.0005730 seconds, Stopping threads took: 0.0000460 seconds
167.008: Application time: 0.0392700 seconds
167.008: [GC [PSYoungGen: 7664K->512K(8192K)] 17665K->10513K(26112K), 0.0004160 secs] [Times: user=0.00 sys=0.00, real=0.00 secs] 
167.009: Total time for which application threads were stopped: 0.0005370 seconds, Stopping threads took: 0.0000550 seconds
167.048: Application time: 0.0392640 seconds
167.048: [GC [PSYoungGen: 7680K->528K(8192K)] 17681K->10529K(26112K), 0.0004540 secs] [Times: user=0.00 sys=0.00, real=0.00 secs] 
167.049: Total time for which application threads were stopped: 0.0005580 seconds, Stopping threads took: 0.0000460 seconds
167.088: Application time: 0.0393260 seconds
167.088: [GC [PSYoungGen: 7696K->480K(8192K)] 17697K->10481K(26112K), 0.0004130 secs] [Times: user=0.00 sys=0.00, real=0.00 secs] 
167.089: Total time for which application threads were stopped: 0.0005130 seconds, Stopping threads took: 0.0000420 seconds
167.128: Application time: 0.0393280 seconds
167.128: [GC [PSYoungGen: 7648K->464K(8192K)] 17649K->10513K(26112K), 0.0004360 secs] [Times: user=0.00 sys=0.00, real=0.00 secs] 
167.128: Total time for which application threads were stopped: 0.0005370 seconds, Stopping threads took: 0.0000430 seconds
167.168: Application time: 0.0397530 seconds
167.168: [GC [PSYoungGen: 7632K->400K(8192K)] 17681K->10537K(26112K), 0.0004140 secs] [Times: user=0.00 sys=0.00, real=0.00 secs] 
167.169: Total time for which application threads were stopped: 0.0005120 seconds, Stopping threads took: 0.0000420 seconds
167.208: Application time: 0.0395320 seconds
167.208: [GC [PSYoungGen: 7568K->272K(8192K)] 17705K->10529K(26112K), 0.0004420 secs] [Times: user=0.00 sys=0.00, real=0.00 secs] 
167.209: Total time for which application threads were stopped: 0.0005380 seconds, Stopping threads took: 0.0000420 seconds
167.248: Application time: 0.0396200 seconds
167.248: [GC [PSYoungGen: 7440K->272K(8192K)] 17697K->10577K(26112K), 0.0003910 secs] [Times: user=0.00 sys=0.00, real=0.00 secs] 
167.249: Total time for which application threads were stopped: 0.0004820 seconds, Stopping threads took: 0.0000350 seconds
167.288: Application time: 0.0392540 seconds
167.288: [GC [PSYoungGen: 7440K->256K(8192K)] 17745K->10617K(26112K), 0.0003460 secs] [Times: user=0.00 sys=0.00, real=0.00 secs] 
167.289: Total time for which application threads were stopped: 0.0004500 seconds, Stopping threads took: 0.0000490 seconds
167.328: Application time: 0.0391380 seconds
167.328: [GC [PSYoungGen: 7424K->272K(8192K)] 17785K->10634K(26112K), 0.0003850 secs] [Times: user=0.00 sys=0.00, real=0.00 secs] 
167.328: Total time for which application threads were stopped: 0.0004770 seconds, Stopping threads took: 0.0000340 seconds
167.365: Application time: 0.0371350 seconds
167.365: [GC [PSYoungGen: 7440K->416K(8192K)] 17802K->10778K(26112K), 0.0004440 secs] [Times: user=0.00 sys=0.00, real=0.00 secs] 
167.366: Total time for which application threads were stopped: 0.0005380 seconds, Stopping threads took: 0.0000380 seconds
167.405: Application time: 0.0389220 seconds
167.405: [GC [PSYoungGen: 7584K->448K(8192K)] 17946K->10810K(26112K), 0.0004150 secs] [Times: user=0.00 sys=0.00, real=0.00 secs] 
167.405: Total time for which application threads were stopped: 0.0005110 seconds, Stopping threads took: 0.0000390 seconds
167.444: Application time: 0.0391090 seconds
167.444: [GC [PSYoungGen: 7616K->432K(8192K)] 17978K->10794K(26112K), 0.0004280 secs] [Times: user=0.00 sys=0.00, real=0.00 secs] 
167.445: Total time for which application threads were stopped: 0.0005370 seconds, Stopping threads took: 0.0000530 seconds
167.484: Application time: 0.0391400 seconds
167.484: [GC [PSYoungGen: 7600K->480K(8192K)] 17962K->10842K(26112K), 0.0004160 secs] [Times: user=0.00 sys=0.00, real=0.00 secs] 
167.485: Total time for which application threads were stopped: 0.0005170 seconds, Stopping threads took: 0.0000430 seconds
167.524: Application time: 0.0393870 seconds
167.524: [GC [PSYoungGen: 7648K->512K(8192K)] 18010K->10874K(26112K), 0.0004580 secs] [Times: user=0.00 sys=0.00, real=0.00 secs] 
167.525: Total time for which application threads were stopped: 0.0005750 seconds, Stopping threads took: 0.0000500 seconds
167.564: Application time: 0.0395210 seconds
167.564: [GC [PSYoungGen: 7680K->480K(8192K)] 18042K->10842K(26112K), 0.0004150 secs] [Times: user=0.00 sys=0.00, real=0.00 secs] 
167.565: Total time for which application threads were stopped: 0.0005110 seconds, Stopping threads took: 0.0000410 seconds
167.604: Application time: 0.0392630 seconds
167.604: [GC [PSYoungGen: 7648K->496K(8192K)] 18010K->10858K(26112K), 0.0004110 secs] [Times: user=0.00 sys=0.00, real=0.00 secs] 
167.604: Total time for which application threads were stopped: 0.0005170 seconds, Stopping threads took: 0.0000420 seconds
167.644: Application time: 0.0397820 seconds
167.644: [GC [PSYoungGen: 7664K->480K(8192K)] 18026K->10842K(26112K), 0.0004700 secs] [Times: user=0.00 sys=0.00, real=0.00 secs] 
167.645: Total time for which application threads were stopped: 0.0005660 seconds, Stopping threads took: 0.0000390 seconds
167.684: Application time: 0.0392630 seconds
167.684: [GC [PSYoungGen: 7648K->464K(8192K)] 18010K->10826K(26112K), 0.0004360 secs] [Times: user=0.00 sys=0.00, real=0.00 secs] 
167.685: Total time for which application threads were stopped: 0.0005290 seconds, Stopping threads took: 0.0000360 seconds
167.724: Application time: 0.0391630 seconds
167.724: [GC [PSYoungGen: 7632K->480K(8192K)] 17994K->10842K(26112K), 0.0004660 secs] [Times: user=0.00 sys=0.00, real=0.00 secs] 
167.724: Total time for which application threads were stopped: 0.0005600 seconds, Stopping threads took: 0.0000390 seconds
167.764: Application time: 0.0392930 seconds
167.764: [GC [PSYoungGen: 7648K->464K(8192K)] 18010K->10826K(26112K), 0.0004210 secs] [Times: user=0.01 sys=0.00, real=0.00 secs] 
167.764: Total time for which application threads were stopped: 0.0005210 seconds, Stopping threads took: 0.0000400 seconds
167.804: Application time: 0.0397570 seconds
167.804: [GC [PSYoungGen: 7632K->496K(8192K)] 17994K->10858K(26112K), 0.0004730 secs] [Times: user=0.01 sys=0.00, real=0.00 secs] 
167.804: Total time for which application threads were stopped: 0.0005760 seconds, Stopping threads took: 0.0000480 seconds
167.844: Application time: 0.0392570 seconds
167.844: [GC [PSYoungGen: 7664K->464K(8192K)] 18026K->10826K(26112K), 0.0004240 secs] [Times: user=0.00 sys=0.00, real=0.00 secs] 
167.844: Total time for which application threads were stopped: 0.0005270 seconds, Stopping threads took: 0.0000460 seconds
167.883: Application time: 0.0392590 seconds
167.884: [GC [PSYoungGen: 7632K->496K(8192K)] 17994K->10858K(26112K), 0.0004600 secs] [Times: user=0.00 sys=0.00, real=0.00 secs] 
167.884: Total time for which application threads were stopped: 0.0005580 seconds, Stopping threads took: 0.0000420 seconds
167.924: Application time: 0.0396610 seconds
167.924: [GC [PSYoungGen: 7664K->496K(8192K)] 18026K->10906K(26112K), 0.0004970 secs] [Times: user=0.01 sys=0.00, real=0.00 secs] 
167.924: Total time for which application threads were stopped: 0.0006110 seconds, Stopping threads took: 0.0000520 seconds
167.964: Application time: 0.0395770 seconds
167.964: [GC [PSYoungGen: 7664K->352K(8192K)] 18074K->10906K(26112K), 0.0004110 secs] [Times: user=0.00 sys=0.00, real=0.00 secs] 
167.964: Total time for which application threads were stopped: 0.0005120 seconds, Stopping threads took: 0.0000450 seconds
168.004: Application time: 0.0392210 seconds
168.004: [GC [PSYoungGen: 7520K->320K(8192K)] 18074K->10922K(26112K), 0.0004620 secs] [Times: user=0.00 sys=0.00, real=0.00 secs] 
168.004: Total time for which application threads were stopped: 0.0005640 seconds, Stopping threads took: 0.0000460 seconds
168.044: Application time: 0.0396860 seconds
168.044: [GC [PSYoungGen: 7488K->272K(8192K)] 18090K->10930K(26112K), 0.0003670 secs] [Times: user=0.00 sys=0.00, real=0.00 secs] 
168.044: Total time for which application threads were stopped: 0.0004760 seconds, Stopping threads took: 0.0000440 seconds
168.084: Application time: 0.0393170 seconds
168.084: [GC [PSYoungGen: 7440K->256K(8192K)] 18098K->10962K(26112K), 0.0003600 secs] [Times: user=0.00 sys=0.00, real=0.00 secs] 
168.084: Total time for which application threads were stopped: 0.0004610 seconds, Stopping threads took: 0.0000470 seconds
168.123: Application time: 0.0384110 seconds
168.123: [GC [PSYoungGen: 7424K->288K(8192K)] 18130K->10994K(26112K), 0.0004160 secs] [Times: user=0.00 sys=0.00, real=0.00 secs] 
168.123: Total time for which application threads were stopped: 0.0005150 seconds, Stopping threads took: 0.0000440 seconds
168.161: Application time: 0.0378440 seconds
168.161: [GC [PSYoungGen: 7456K->416K(8192K)] 18162K->11122K(26112K), 0.0004000 secs] [Times: user=0.00 sys=0.01, real=0.01 secs] 
168.161: Total time for which application threads were stopped: 0.0005050 seconds, Stopping threads took: 0.0000490 seconds
168.200: Application time: 0.0386030 seconds
168.200: [GC [PSYoungGen: 7584K->480K(8192K)] 18290K->11186K(26112K), 0.0004070 secs] [Times: user=0.00 sys=0.00, real=0.00 secs] 
168.201: Total time for which application threads were stopped: 0.0005130 seconds, Stopping threads took: 0.0000460 seconds
168.240: Application time: 0.0394400 seconds
168.240: [GC [PSYoungGen: 7648K->448K(8192K)] 18354K->11154K(26112K), 0.0004130 secs] [Times: user=0.00 sys=0.00, real=0.00 secs] 
168.240: Total time for which application threads were stopped: 0.0005040 seconds, Stopping threads took: 0.0000360 seconds
168.279: Application time: 0.0389750 seconds
168.280: [GC [PSYoungGen: 7616K->496K(8192K)] 18322K->11202K(26112K), 0.0004230 secs] [Times: user=0.00 sys=0.00, real=0.00 secs] 
168.280: Total time for which application threads were stopped: 0.0005300 seconds, Stopping threads took: 0.0000500 seconds
168.319: Application time: 0.0394170 seconds
168.319: [GC [PSYoungGen: 7664K->496K(8192K)] 18370K->11202K(26112K), 0.0004330 secs] [Times: user=0.00 sys=0.00, real=0.00 secs] 
168.320: Total time for which application threads were stopped: 0.0005460 seconds, Stopping threads took: 0.0000550 seconds
168.359: Application time: 0.0392590 seconds
168.359: [GC [PSYoungGen: 7664K->496K(8192K)] 18370K->11202K(26112K), 0.0004580 secs] [Times: user=0.00 sys=0.00, real=0.00 secs] 
168.360: Total time for which application threads were stopped: 0.0005550 seconds, Stopping threads took: 0.0000420 seconds
168.399: Application time: 0.0394330 seconds
168.399: [GC [PSYoungGen: 7664K->512K(8192K)] 18370K->11218K(26112K), 0.0004740 secs] [Times: user=0.00 sys=0.00, real=0.00 secs] 
168.400: Total time for which application threads were stopped: 0.0005770 seconds, Stopping threads took: 0.0000460 seconds
168.439: Application time: 0.0396750 seconds
168.440: [GC [PSYoungGen: 7680K->528K(8192K)] 18386K->11234K(26112K), 0.0004150 secs] [Times: user=0.00 sys=0.00, real=0.00 secs] 
168.440: Total time for which application threads were stopped: 0.0005130 seconds, Stopping threads took: 0.0000390 seconds
168.479: Application time: 0.0394190 seconds
168.479: [GC [PSYoungGen: 7696K->496K(8192K)] 18402K->11202K(26112K), 0.0004600 secs] [Times: user=0.00 sys=0.00, real=0.00 secs] 
168.480: Total time for which application threads were stopped: 0.0005580 seconds, Stopping threads took: 0.0000400 seconds
168.519: Application time: 0.0390960 seconds
168.519: [GC [PSYoungGen: 7664K->480K(8192K)] 18370K->11186K(26112K), 0.0004040 secs] [Times: user=0.01 sys=0.00, real=0.00 secs] 
168.520: Total time for which application threads were stopped: 0.0005040 seconds, Stopping threads took: 0.0000440 seconds
168.559: Application time: 0.0390610 seconds
168.559: [GC [PSYoungGen: 7648K->528K(8192K)] 18354K->11234K(26112K), 0.0004630 secs] [Times: user=0.00 sys=0.00, real=0.00 secs] 
168.559: Total time for which application threads were stopped: 0.0005710 seconds, Stopping threads took: 0.0000430 seconds
168.598: Application time: 0.0390650 seconds
168.598: [GC [PSYoungGen: 7696K->528K(8192K)] 18402K->11234K(26112K), 0.0004060 secs] [Times: user=0.00 sys=0.00, real=0.00 secs] 
168.599: Total time for which application threads were stopped: 0.0005020 seconds, Stopping threads took: 0.0000430 seconds
168.638: Application time: 0.0393850 seconds
168.638: [GC [PSYoungGen: 7696K->480K(8192K)] 18402K->11186K(26112K), 0.0004780 secs] [Times: user=0.00 sys=0.00, real=0.00 secs] 
168.639: Total time for which application threads were stopped: 0.0005790 seconds, Stopping threads took: 0.0000440 seconds
168.678: Application time: 0.0391250 seconds
168.678: [GC [PSYoungGen: 7648K->528K(8192K)] 18354K->11234K(26112K), 0.0004650 secs] [Times: user=0.00 sys=0.00, real=0.00 secs] 
168.678: Total time for which application threads were stopped: 0.0005680 seconds, Stopping threads took: 0.0000460 seconds
168.718: Application time: 0.0392450 seconds
168.718: [GC [PSYoungGen: 7696K->464K(8192K)] 18402K->11258K(26112K), 0.0004770 secs] [Times: user=0.00 sys=0.00, real=0.00 secs] 
168.718: Total time for which application threads were stopped: 0.0005800 seconds, Stopping threads took: 0.0000430 seconds
168.758: Application time: 0.0395200 seconds
168.758: [GC [PSYoungGen: 7632K->336K(8192K)] 18426K->11250K(26112K), 0.0004030 secs] [Times: user=0.00 sys=0.00, real=0.00 secs] 
168.758: Total time for which application threads were stopped: 0.0004980 seconds, Stopping threads took: 0.0000390 seconds
168.798: Application time: 0.0392990 seconds
168.798: [GC [PSYoungGen: 7504K->272K(8192K)] 18418K->11266K(26112K), 0.0003840 secs] [Times: user=0.01 sys=0.00, real=0.00 secs] 
168.798: Total time for which application threads were stopped: 0.0004770 seconds, Stopping threads took: 0.0000370 seconds
168.838: Application time: 0.0395030 seconds
168.838: [GC [PSYoungGen: 7440K->272K(8192K)] 18434K->11266K(26112K), 0.0003730 secs] [Times: user=0.00 sys=0.00, real=0.00 secs] 
168.838: Total time for which application threads were stopped: 0.0004640 seconds, Stopping threads took: 0.0000340 seconds
168.877: Application time: 0.0394530 seconds
168.878: [GC [PSYoungGen: 7440K->240K(8192K)] 18434K->11282K(26112K), 0.0004560 secs] [Times: user=0.00 sys=0.00, real=0.00 secs] 
168.878: Total time for which application threads were stopped: 0.0005520 seconds, Stopping threads took: 0.0000390 seconds
168.916: Application time: 0.0376160 seconds
168.916: [GC [PSYoungGen: 7408K->400K(8192K)] 18450K->11442K(26112K), 0.0004250 secs] [Times: user=0.00 sys=0.00, real=0.00 secs] 
168.916: Total time for which application threads were stopped: 0.0005460 seconds, Stopping threads took: 0.0000570 seconds
168.955: Application time: 0.0386650 seconds
168.955: [GC [PSYoungGen: 7568K->384K(8192K)] 18610K->11426K(26112K), 0.0004100 secs] [Times: user=0.00 sys=0.00, real=0.00 secs] 
168.955: Total time for which application threads were stopped: 0.0005100 seconds, Stopping threads took: 0.0000450 seconds
168.994: Application time: 0.0383290 seconds
168.994: [GC [PSYoungGen: 7552K->480K(8192K)] 18594K->11522K(26112K), 0.0004190 secs] [Times: user=0.00 sys=0.00, real=0.00 secs] 
168.994: Total time for which application threads were stopped: 0.0005120 seconds, Stopping threads took: 0.0000360 seconds
169.034: Application time: 0.0396160 seconds
169.034: [GC [PSYoungGen: 7648K->464K(8192K)] 18690K->11506K(26112K), 0.0004030 secs] [Times: user=0.00 sys=0.00, real=0.00 secs] 
169.034: Total time for which application threads were stopped: 0.0004960 seconds, Stopping threads took: 0.0000380 seconds
169.073: Application time: 0.0387290 seconds
169.073: [GC [PSYoungGen: 7632K->528K(8192K)] 18674K->11570K(26112K), 0.0004260 secs] [Times: user=0.00 sys=0.00, real=0.00 secs] 
169.074: Total time for which application threads were stopped: 0.0005330 seconds, Stopping threads took: 0.0000430 seconds
169.113: Application time: 0.0397070 seconds
169.113: [GC [PSYoungGen: 7696K->480K(8192K)] 18738K->11522K(26112K), 0.0004650 secs] [Times: user=0.00 sys=0.00, real=0.00 secs] 
169.114: Total time for which application threads were stopped: 0.0005660 seconds, Stopping threads took: 0.0000420 seconds
169.153: Application time: 0.0392820 seconds
169.153: [GC [PSYoungGen: 7648K->480K(8192K)] 18690K->11522K(26112K), 0.0004280 secs] [Times: user=0.00 sys=0.00, real=0.00 secs] 
169.154: Total time for which application threads were stopped: 0.0005140 seconds, Stopping threads took: 0.0000330 seconds
169.193: Application time: 0.0394500 seconds
169.193: [GC [PSYoungGen: 7648K->496K(8192K)] 18690K->11538K(26112K), 0.0004180 secs] [Times: user=0.00 sys=0.00, real=0.00 secs] 
169.194: Total time for which application threads were stopped: 0.0005150 seconds, Stopping threads took: 0.0000410 seconds
169.233: Application time: 0.0394340 seconds
169.233: [GC [PSYoungGen: 7664K->496K(8192K)] 18706K->11538K(26112K), 0.0004620 secs] [Times: user=0.00 sys=0.00, real=0.00 secs] 
169.234: Total time for which application threads were stopped: 0.0005610 seconds, Stopping threads took: 0.0000380 seconds
169.273: Application time: 0.0397730 seconds
169.273: [GC [PSYoungGen: 7664K->480K(8192K)] 18706K->11522K(26112K), 0.0004850 secs] [Times: user=0.00 sys=0.00, real=0.00 secs] 
169.274: Total time for which application threads were stopped: 0.0005800 seconds, Stopping threads took: 0.0000390 seconds
169.313: Application time: 0.0390390 seconds
169.313: [GC [PSYoungGen: 7648K->480K(8192K)] 18690K->11522K(26112K), 0.0004230 secs] [Times: user=0.00 sys=0.00, real=0.00 secs] 
169.314: Total time for which application threads were stopped: 0.0005220 seconds, Stopping threads took: 0.0000410 seconds
169.353: Application time: 0.0392450 seconds
169.353: [GC [PSYoungGen: 7648K->528K(8192K)] 18690K->11570K(26112K), 0.0004530 secs] [Times: user=0.00 sys=0.00, real=0.00 secs] 
169.353: Total time for which application threads were stopped: 0.0005550 seconds, Stopping threads took: 0.0000460 seconds
169.392: Application time: 0.0391210 seconds
169.393: [GC [PSYoungGen: 7696K->512K(8192K)] 18738K->11554K(26112K), 0.0004070 secs] [Times: user=0.00 sys=0.00, real=0.00 secs] 
169.393: Total time for which application threads were stopped: 0.0005040 seconds, Stopping threads took: 0.0000420 seconds
169.432: Application time: 0.0393300 seconds
169.432: [GC [PSYoungGen: 7680K->496K(8192K)] 18722K->11538K(26112K), 0.0004280 secs] [Times: user=0.00 sys=0.00, real=0.00 secs] 
169.433: Total time for which application threads were stopped: 0.0005350 seconds, Stopping threads took: 0.0000490 seconds
169.472: Application time: 0.0393370 seconds
169.472: [GC [PSYoungGen: 7664K->480K(8192K)] 18706K->11522K(26112K), 0.0004230 secs] [Times: user=0.01 sys=0.00, real=0.00 secs] 
169.473: Total time for which application threads were stopped: 0.0005190 seconds, Stopping threads took: 0.0000390 seconds
169.512: Application time: 0.0392500 seconds
169.512: [GC [PSYoungGen: 7648K->384K(8192K)] 18690K->11582K(26112K), 0.0004250 secs] [Times: user=0.00 sys=0.00, real=0.00 secs] 
169.512: Total time for which application threads were stopped: 0.0005310 seconds, Stopping threads took: 0.0000500 seconds
169.552: Application time: 0.0396310 seconds
169.552: [GC [PSYoungGen: 7552K->336K(8192K)] 18750K->11574K(26112K), 0.0003830 secs] [Times: user=0.01 sys=0.00, real=0.00 secs] 
169.553: Total time for which application threads were stopped: 0.0004850 seconds, Stopping threads took: 0.0000460 seconds
169.592: Application time: 0.0392040 seconds
169.592: [GC [PSYoungGen: 7504K->272K(8192K)] 18742K->11590K(26112K), 0.0003780 secs] [Times: user=0.00 sys=0.00, real=0.00 secs] 
169.592: Total time for which application threads were stopped: 0.0004930 seconds, Stopping threads took: 0.0000460 seconds
169.632: Application time: 0.0395330 seconds
169.632: [GC [PSYoungGen: 7440K->272K(8192K)] 18758K->11590K(26112K), 0.0003520 secs] [Times: user=0.00 sys=0.00, real=0.00 secs] 
169.632: Total time for which application threads were stopped: 0.0004520 seconds, Stopping threads took: 0.0000430 seconds
169.671: Application time: 0.0387170 seconds
169.671: [GC [PSYoungGen: 7440K->272K(8192K)] 18758K->11638K(26112K), 0.0003750 secs] [Times: user=0.00 sys=0.00, real=0.00 secs] 
169.671: Total time for which application threads were stopped: 0.0004730 seconds, Stopping threads took: 0.0000390 seconds
169.710: Application time: 0.0380890 seconds
169.710: [GC [PSYoungGen: 7440K->368K(8192K)] 18806K->11734K(26112K), 0.0003760 secs] [Times: user=0.00 sys=0.00, real=0.00 secs] 
169.710: Total time for which application threads were stopped: 0.0004790 seconds, Stopping threads took: 0.0000430 seconds
169.749: Application time: 0.0387450 seconds
169.749: [GC [PSYoungGen: 7536K->400K(8192K)] 18902K->11766K(26112K), 0.0004110 secs] [Times: user=0.01 sys=0.00, real=0.01 secs] 
169.749: Total time for which application threads were stopped: 0.0005090 seconds, Stopping threads took: 0.0000430 seconds
169.787: Application time: 0.0382140 seconds
169.788: [GC [PSYoungGen: 7568K->480K(8192K)] 18934K->11846K(26112K), 0.0004210 secs] [Times: user=0.00 sys=0.00, real=0.00 secs] 
169.788: Total time for which application threads were stopped: 0.0005240 seconds, Stopping threads took: 0.0000460 seconds
169.828: Application time: 0.0397360 seconds
169.828: [GC [PSYoungGen: 7648K->464K(8192K)] 19014K->11830K(26112K), 0.0004070 secs] [Times: user=0.00 sys=0.00, real=0.00 secs] 
169.828: Total time for which application threads were stopped: 0.0005050 seconds, Stopping threads took: 0.0000390 seconds
169.867: Application time: 0.0386970 seconds
169.867: [GC [PSYoungGen: 7632K->496K(8192K)] 18998K->11862K(26112K), 0.0004300 secs] [Times: user=0.00 sys=0.00, real=0.00 secs] 
169.867: Total time for which application threads were stopped: 0.0005260 seconds, Stopping threads took: 0.0000390 seconds
169.907: Application time: 0.0399030 seconds
169.907: [GC [PSYoungGen: 7664K->512K(8192K)] 19030K->11878K(26112K), 0.0004530 secs] [Times: user=0.00 sys=0.00, real=0.00 secs] 
169.908: Total time for which application threads were stopped: 0.0005700 seconds, Stopping threads took: 0.0000520 seconds
169.947: Application time: 0.0392070 seconds
169.947: [GC [PSYoungGen: 7680K->528K(8192K)] 19046K->11894K(26112K), 0.0004400 secs] [Times: user=0.00 sys=0.00, real=0.00 secs] 
169.948: Total time for which application threads were stopped: 0.0005390 seconds, Stopping threads took: 0.0000440 seconds
169.987: Application time: 0.0394760 seconds
169.987: [GC [PSYoungGen: 7696K->496K(8192K)] 19062K->11862K(26112K), 0.0004210 secs] [Times: user=0.01 sys=0.00, real=0.00 secs] 
169.988: Total time for which application threads were stopped: 0.0005150 seconds, Stopping threads took: 0.0000370 seconds
170.027: Application time: 0.0394620 seconds
170.027: [GC [PSYoungGen: 7664K->480K(8192K)] 19030K->11846K(26112K), 0.0004120 secs] [Times: user=0.00 sys=0.00, real=0.00 secs] 
170.028: Total time for which application threads were stopped: 0.0005110 seconds, Stopping threads took: 0.0000420 seconds
170.067: Application time: 0.0392960 seconds
170.067: [GC [PSYoungGen: 7648K->512K(8192K)] 19014K->11878K(26112K), 0.0004280 secs] [Times: user=0.00 sys=0.00, real=0.00 secs] 
170.068: Total time for which application threads were stopped: 0.0005280 seconds, Stopping threads took: 0.0000440 seconds
170.107: Application time: 0.0391890 seconds
170.107: [GC [PSYoungGen: 7680K->496K(8192K)] 19046K->11862K(26112K), 0.0004530 secs] [Times: user=0.00 sys=0.00, real=0.00 secs] 
170.107: Total time for which application threads were stopped: 0.0005710 seconds, Stopping threads took: 0.0000510 seconds
170.146: Application time: 0.0391580 seconds
170.147: [GC [PSYoungGen: 7664K->464K(8192K)] 19030K->11830K(26112K), 0.0004140 secs] [Times: user=0.00 sys=0.00, real=0.00 secs] 
170.147: Total time for which application threads were stopped: 0.0005220 seconds, Stopping threads took: 0.0000510 seconds
170.186: Application time: 0.0395330 seconds
170.187: [GC [PSYoungGen: 7632K->512K(8192K)] 18998K->11878K(26112K), 0.0004740 secs] [Times: user=0.00 sys=0.00, real=0.00 secs] 
170.187: Total time for which application threads were stopped: 0.0005690 seconds, Stopping threads took: 0.0000380 seconds
170.226: Application time: 0.0391870 seconds
170.226: [GC [PSYoungGen: 7680K->448K(8192K)] 19046K->11814K(26112K), 0.0004270 secs] [Times: user=0.00 sys=0.00, real=0.00 secs] 
170.227: Total time for which application threads were stopped: 0.0005330 seconds, Stopping threads took: 0.0000470 seconds
170.266: Application time: 0.0393640 seconds
170.266: [GC [PSYoungGen: 7616K->480K(8192K)] 18982K->11894K(26112K), 0.0004970 secs] [Times: user=0.00 sys=0.00, real=0.00 secs] 
170.267: Total time for which application threads were stopped: 0.0005920 seconds, Stopping threads took: 0.0000400 seconds
170.306: Application time: 0.0396840 seconds
170.307: [GC [PSYoungGen: 7648K->384K(8192K)] 19062K->11914K(26112K), 0.0004110 secs] [Times: user=0.00 sys=0.00, real=0.00 secs] 
170.307: Total time for which application threads were stopped: 0.0005080 seconds, Stopping threads took: 0.0000400 seconds
170.346: Application time: 0.0394100 seconds
170.346: [GC [PSYoungGen: 7552K->304K(8192K)] 19082K->11882K(26112K), 0.0004010 secs] [Times: user=0.00 sys=0.00, real=0.00 secs] 
170.347: Total time for which application threads were stopped: 0.0005060 seconds, Stopping threads took: 0.0000470 seconds
170.386: Application time: 0.0395530 seconds
170.386: [GC [PSYoungGen: 7472K->272K(8192K)] 19050K->11943K(26112K), 0.0004670 secs] [Times: user=0.00 sys=0.00, real=0.00 secs] 
170.387: Total time for which application threads were stopped: 0.0005640 seconds, Stopping threads took: 0.0000420 seconds
170.426: Application time: 0.0392580 seconds
170.426: [GC [PSYoungGen: 7440K->256K(8192K)] 19111K->11927K(26112K), 0.0004280 secs] [Times: user=0.00 sys=0.00, real=0.00 secs] 
170.427: Total time for which application threads were stopped: 0.0005280 seconds, Stopping threads took: 0.0000440 seconds
170.465: Application time: 0.0387320 seconds
170.466: [GC [PSYoungGen: 7424K->288K(8192K)] 19095K->12031K(26112K), 0.0003680 secs] [Times: user=0.00 sys=0.00, real=0.00 secs] 
170.466: Total time for which application threads were stopped: 0.0004670 seconds, Stopping threads took: 0.0000410 seconds
170.504: Application time: 0.0377720 seconds
170.504: [GC [PSYoungGen: 7456K->384K(8192K)] 19199K->12127K(26112K), 0.0004010 secs] [Times: user=0.00 sys=0.00, real=0.00 secs] 
170.504: Total time for which application threads were stopped: 0.0005080 seconds, Stopping threads took: 0.0000510 seconds
170.542: Application time: 0.0380380 seconds
170.542: [GC [PSYoungGen: 7552K->464K(8192K)] 19295K->12207K(26112K), 0.0005070 secs] [Times: user=0.00 sys=0.00, real=0.00 secs] 
170.543: Total time for which application threads were stopped: 0.0006050 seconds, Stopping threads took: 0.0000420 seconds
170.583: Application time: 0.0403760 seconds
170.583: [GC [PSYoungGen: 7632K->480K(8192K)] 19375K->12223K(26112K), 0.0004240 secs] [Times: user=0.00 sys=0.00, real=0.00 secs] 
170.584: Total time for which application threads were stopped: 0.0005200 seconds, Stopping threads took: 0.0000400 seconds
170.623: Application time: 0.0389030 seconds
170.623: [GC [PSYoungGen: 7648K->480K(8192K)] 19391K->12223K(26112K), 0.0004740 secs] [Times: user=0.00 sys=0.00, real=0.00 secs] 
170.624: Total time for which application threads were stopped: 0.0016340 seconds, Stopping threads took: 0.0000410 seconds
170.664: Application time: 0.0395590 seconds
170.664: [GC [PSYoungGen: 7648K->480K(8192K)] 19391K->12223K(26112K), 0.0004250 secs] [Times: user=0.00 sys=0.00, real=0.00 secs] 
170.664: Total time for which application threads were stopped: 0.0005140 seconds, Stopping threads took: 0.0000330 seconds
170.704: Application time: 0.0392470 seconds
170.704: [GC [PSYoungGen: 7648K->512K(8192K)] 19391K->12255K(26112K), 0.0004300 secs] [Times: user=0.00 sys=0.00, real=0.00 secs] 
170.704: Total time for which application threads were stopped: 0.0005260 seconds, Stopping threads took: 0.0000420 seconds
170.744: Application time: 0.0394420 seconds
170.744: [GC [PSYoungGen: 7680K->512K(8192K)] 19423K->12255K(26112K), 0.0004160 secs] [Times: user=0.00 sys=0.00, real=0.00 secs] 
170.744: Total time for which application threads were stopped: 0.0005120 seconds, Stopping threads took: 0.0000410 seconds
170.784: Application time: 0.0396830 seconds
170.784: [GC [PSYoungGen: 7680K->480K(8192K)] 19423K->12223K(26112K), 0.0004260 secs] [Times: user=0.00 sys=0.00, real=0.00 secs] 
170.784: Total time for which application threads were stopped: 0.0005260 seconds, Stopping threads took: 0.0000450 seconds
170.824: Application time: 0.0393250 seconds
170.824: [GC [PSYoungGen: 7648K->464K(8192K)] 19391K->12207K(26112K), 0.0004220 secs] [Times: user=0.00 sys=0.00, real=0.00 secs] 
170.824: Total time for which application threads were stopped: 0.0005250 seconds, Stopping threads took: 0.0000460 seconds
170.863: Application time: 0.0391860 seconds
170.863: [GC [PSYoungGen: 7632K->528K(8192K)] 19375K->12271K(26112K), 0.0004510 secs] [Times: user=0.01 sys=0.00, real=0.00 secs] 
170.864: Total time for which application threads were stopped: 0.0005650 seconds, Stopping threads took: 0.0000500 seconds
170.903: Application time: 0.0392310 seconds
170.903: [GC [PSYoungGen: 7696K->480K(8192K)] 19439K->12223K(26112K), 0.0004750 secs] [Times: user=0.00 sys=0.00, real=0.00 secs] 
170.904: Total time for which application threads were stopped: 0.0006050 seconds, Stopping threads took: 0.0000580 seconds
170.943: Application time: 0.0396340 seconds
170.944: [GC [PSYoungGen: 7648K->480K(8192K)] 19391K->12223K(26112K), 0.0004230 secs] [Times: user=0.00 sys=0.00, real=0.00 secs] 
170.944: Total time for which application threads were stopped: 0.0005230 seconds, Stopping threads took: 0.0000440 seconds
170.984: Application time: 0.0399290 seconds
170.984: [GC [PSYoungGen: 7648K->496K(8192K)] 19391K->12239K(26112K), 0.0004190 secs] [Times: user=0.00 sys=0.00, real=0.00 secs] 
170.984: Total time for which application threads were stopped: 0.0005160 seconds, Stopping threads took: 0.0000410 seconds
171.024: Application time: 0.0392570 seconds
171.024: [GC [PSYoungGen: 7664K->496K(8192K)] 19407K->12239K(26112K), 0.0004110 secs] [Times: user=0.01 sys=0.00, real=0.00 secs] 
171.024: Total time for which application threads were stopped: 0.0005150 seconds, Stopping threads took: 0.0000450 seconds
171.064: Application time: 0.0393570 seconds
171.064: [GC [PSYoungGen: 7664K->416K(8192K)] 19407K->12255K(26112K), 0.0004630 secs] [Times: user=0.00 sys=0.00, real=0.00 secs] 
171.064: Total time for which application threads were stopped: 0.0005600 seconds, Stopping threads took: 0.0000420 seconds
171.104: Application time: 0.0394270 seconds
171.104: [GC [PSYoungGen: 7584K->336K(8192K)] 19423K->12303K(26112K), 0.0004470 secs] [Times: user=0.00 sys=0.00, real=0.00 secs] 
171.104: Total time for which application threads were stopped: 0.0005480 seconds, Stopping threads took: 0.0000440 seconds
171.144: Application time: 0.0396080 seconds
171.144: [GC [PSYoungGen: 7504K->272K(8192K)] 19471K->12327K(26112K), 0.0004200 secs] [Times: user=0.00 sys=0.00, real=0.00 secs] 
171.144: Total time for which application threads were stopped: 0.0005340 seconds, Stopping threads took: 0.0000500 seconds
171.184: Application time: 0.0397490 seconds
171.184: [GC [PSYoungGen: 7440K->272K(8192K)] 19495K->12327K(26112K), 0.0004500 secs] [Times: user=0.00 sys=0.00, real=0.00 secs] 
171.185: Total time for which application threads were stopped: 0.0005410 seconds, Stopping threads took: 0.0000380 seconds
171.224: Application time: 0.0392440 seconds
171.224: [GC [PSYoungGen: 7440K->256K(8192K)] 19495K->12359K(26112K), 0.0004320 secs] [Times: user=0.00 sys=0.00, real=0.00 secs] 
171.224: Total time for which application threads were stopped: 0.0005260 seconds, Stopping threads took: 0.0000380 seconds
171.262: Application time: 0.0373360 seconds
171.262: [GC [PSYoungGen: 7424K->384K(8192K)] 19527K->12487K(26112K), 0.0003860 secs] [Times: user=0.00 sys=0.00, real=0.00 secs] 
171.262: Total time for which application threads were stopped: 0.0004970 seconds, Stopping threads took: 0.0000520 seconds
171.303: Application time: 0.0413020 seconds
171.303: [GC [PSYoungGen: 7552K->416K(8192K)] 19655K->12519K(26112K), 0.0005110 secs] [Times: user=0.00 sys=0.00, real=0.00 secs] 
171.304: Total time for which application threads were stopped: 0.0006090 seconds, Stopping threads took: 0.0000420 seconds
171.343: Application time: 0.0386910 seconds
171.343: [GC [PSYoungGen: 7584K->448K(8192K)] 19687K->12551K(26112K), 0.0004300 secs] [Times: user=0.00 sys=0.00, real=0.00 secs] 
171.343: Total time for which application threads were stopped: 0.0005280 seconds, Stopping threads took: 0.0000370 seconds
171.383: Application time: 0.0392990 seconds
171.383: [GC [PSYoungGen: 7616K->496K(8192K)] 19719K->12599K(26112K), 0.0004250 secs] [Times: user=0.00 sys=0.00, real=0.00 secs] 
171.383: Total time for which application threads were stopped: 0.0005200 seconds, Stopping threads took: 0.0000380 seconds
171.422: Application time: 0.0390350 seconds
171.422: [GC [PSYoungGen: 7664K->496K(8192K)] 19767K->12599K(26112K), 0.0004670 secs] [Times: user=0.00 sys=0.00, real=0.00 secs] 
171.423: Total time for which application threads were stopped: 0.0005650 seconds, Stopping threads took: 0.0000390 seconds
171.462: Application time: 0.0393740 seconds
171.462: [GC [PSYoungGen: 7664K->528K(8192K)] 19767K->12631K(26112K), 0.0004660 secs] [Times: user=0.01 sys=0.00, real=0.00 secs] 
171.463: Total time for which application threads were stopped: 0.0005640 seconds, Stopping threads took: 0.0000410 seconds
171.502: Application time: 0.0393520 seconds
171.502: [GC [PSYoungGen: 7696K->496K(8192K)] 19799K->12599K(26112K), 0.0004200 secs] [Times: user=0.00 sys=0.00, real=0.00 secs] 
171.502: Total time for which application threads were stopped: 0.0005240 seconds, Stopping threads took: 0.0000460 seconds
171.542: Application time: 0.0395630 seconds
171.542: [GC [PSYoungGen: 7664K->480K(8192K)] 19767K->12583K(26112K), 0.0004260 secs] [Times: user=0.00 sys=0.00, real=0.00 secs] 
171.543: Total time for which application threads were stopped: 0.0005340 seconds, Stopping threads took: 0.0000530 seconds
171.582: Application time: 0.0392000 seconds
171.582: [GC [PSYoungGen: 7648K->480K(8192K)] 19751K->12583K(26112K), 0.0004710 secs] [Times: user=0.00 sys=0.00, real=0.00 secs] 
171.582: Total time for which application threads were stopped: 0.0005710 seconds, Stopping threads took: 0.0000440 seconds
171.622: Application time: 0.0392240 seconds
171.622: [GC [PSYoungGen: 7648K->448K(8192K)] 19751K->12551K(26112K), 0.0004720 secs] [Times: user=0.01 sys=0.00, real=0.00 secs] 
171.622: Total time for which application threads were stopped: 0.0005700 seconds, Stopping threads took: 0.0000420 seconds
171.661: Application time: 0.0390940 seconds
171.661: [GC [PSYoungGen: 7616K->448K(8192K)] 19719K->12551K(26112K), 0.0004260 secs] [Times: user=0.00 sys=0.00, real=0.00 secs] 
171.662: Total time for which application threads were stopped: 0.0005390 seconds, Stopping threads took: 0.0000410 seconds
171.701: Application time: 0.0391280 seconds
171.701: [GC [PSYoungGen: 7616K->480K(8192K)] 19719K->12583K(26112K), 0.0004690 secs] [Times: user=0.00 sys=0.00, real=0.00 secs] 
171.702: Total time for which application threads were stopped: 0.0005750 seconds, Stopping threads took: 0.0000450 seconds
171.741: Application time: 0.0395000 seconds
171.741: [GC [PSYoungGen: 7648K->512K(8192K)] 19751K->12615K(26112K), 0.0004680 secs] [Times: user=0.01 sys=0.00, real=0.00 secs] 
171.742: Total time for which application threads were stopped: 0.0005680 seconds, Stopping threads took: 0.0000440 seconds
171.781: Application time: 0.0393850 seconds
171.781: [GC [PSYoungGen: 7680K->512K(8192K)] 19783K->12615K(26112K), 0.0004170 secs] [Times: user=0.00 sys=0.00, real=0.00 secs] 
171.781: Total time for which application threads were stopped: 0.0005240 seconds, Stopping threads took: 0.0000490 seconds
171.821: Application time: 0.0394960 seconds
171.821: [GC [PSYoungGen: 7680K->480K(8192K)] 19783K->12583K(26112K), 0.0004840 secs] [Times: user=0.00 sys=0.00, real=0.00 secs] 
171.822: Total time for which application threads were stopped: 0.0005880 seconds, Stopping threads took: 0.0000470 seconds
171.861: Application time: 0.0393450 seconds
171.861: [GC [PSYoungGen: 7648K->352K(8192K)] 19751K->12599K(26112K), 0.0004390 secs] [Times: user=0.00 sys=0.00, real=0.01 secs] 
171.861: Total time for which application threads were stopped: 0.0005400 seconds, Stopping threads took: 0.0000440 seconds
171.901: Application time: 0.0393190 seconds
171.901: [GC [PSYoungGen: 7520K->320K(8192K)] 19767K->12615K(26112K), 0.0004700 secs] [Times: user=0.00 sys=0.00, real=0.01 secs] 
171.901: Total time for which application threads were stopped: 0.0005920 seconds, Stopping threads took: 0.0000560 seconds
171.941: Application time: 0.0398660 seconds
171.941: [GC [PSYoungGen: 7488K->272K(8192K)] 19783K->12647K(26112K), 0.0004520 secs] [Times: user=0.01 sys=0.00, real=0.00 secs] 
171.942: Total time for which application threads were stopped: 0.0005570 seconds, Stopping threads took: 0.0000460 seconds
171.981: Application time: 0.0393730 seconds
171.981: [GC [PSYoungGen: 7440K->272K(8192K)] 19815K->12647K(26112K), 0.0004250 secs] [Times: user=0.00 sys=0.00, real=0.00 secs] 
171.982: Total time for which application threads were stopped: 0.0005290 seconds, Stopping threads took: 0.0000470 seconds
172.021: Application time: 0.0389490 seconds
172.021: [GC [PSYoungGen: 7440K->272K(8192K)] 19815K->12711K(26112K), 0.0003930 secs] [Times: user=0.00 sys=0.00, real=0.01 secs] 
172.021: Total time for which application threads were stopped: 0.0004920 seconds, Stopping threads took: 0.0000400 seconds
172.059: Application time: 0.0377800 seconds
172.061: [GC [PSYoungGen: 7440K->368K(8192K)] 19879K->12807K(26112K), 0.0004000 secs] [Times: user=0.00 sys=0.00, real=0.00 secs] 
172.062: Total time for which application threads were stopped: 0.0025840 seconds, Stopping threads took: 0.0021260 seconds
172.100: Application time: 0.0382610 seconds
172.100: [GC [PSYoungGen: 7536K->416K(8192K)] 19975K->12855K(26112K), 0.0004510 secs] [Times: user=0.00 sys=0.00, real=0.00 secs] 
172.100: Total time for which application threads were stopped: 0.0005500 seconds, Stopping threads took: 0.0000400 seconds
172.139: Application time: 0.0389610 seconds
172.139: [GC [PSYoungGen: 7584K->432K(8192K)] 20023K->12871K(26112K), 0.0004120 secs] [Times: user=0.00 sys=0.00, real=0.00 secs] 
172.140: Total time for which application threads were stopped: 0.0005220 seconds, Stopping threads took: 0.0000500 seconds
172.179: Application time: 0.0393550 seconds
172.179: [GC [PSYoungGen: 7600K->480K(8192K)] 20039K->12919K(26112K), 0.0004090 secs] [Times: user=0.00 sys=0.00, real=0.00 secs] 
172.180: Total time for which application threads were stopped: 0.0005130 seconds, Stopping threads took: 0.0000390 seconds
172.219: Application time: 0.0389680 seconds
172.219: [GC [PSYoungGen: 7648K->544K(8192K)] 20087K->12983K(26112K), 0.0004700 secs] [Times: user=0.00 sys=0.00, real=0.00 secs] 
172.219: Total time for which application threads were stopped: 0.0005710 seconds, Stopping threads took: 0.0000470 seconds
172.259: Application time: 0.0393850 seconds
172.259: [GC [PSYoungGen: 7712K->480K(8192K)] 20151K->12919K(26112K), 0.0004210 secs] [Times: user=0.00 sys=0.00, real=0.00 secs] 
172.259: Total time for which application threads were stopped: 0.0005250 seconds, Stopping threads took: 0.0000440 seconds
172.298: Application time: 0.0392950 seconds
172.299: [GC [PSYoungGen: 7648K->496K(8192K)] 20087K->12935K(26112K), 0.0004550 secs] [Times: user=0.00 sys=0.00, real=0.00 secs] 
172.299: Total time for which application threads were stopped: 0.0005510 seconds, Stopping threads took: 0.0000430 seconds
172.339: Application time: 0.0396740 seconds
172.339: [GC [PSYoungGen: 7664K->480K(8192K)] 20103K->12919K(26112K), 0.0004360 secs] [Times: user=0.01 sys=0.00, real=0.00 secs] 
172.339: Total time for which application threads were stopped: 0.0005480 seconds, Stopping threads took: 0.0000550 seconds
172.379: Application time: 0.0392930 seconds
172.379: [GC [PSYoungGen: 7648K->528K(8192K)] 20087K->12967K(26112K), 0.0004170 secs] [Times: user=0.00 sys=0.00, real=0.00 secs] 
172.379: Total time for which application threads were stopped: 0.0005220 seconds, Stopping threads took: 0.0000470 seconds
172.419: Application time: 0.0394820 seconds
172.419: [GC [PSYoungGen: 7696K->496K(8192K)] 20135K->12935K(26112K), 0.0004140 secs] [Times: user=0.00 sys=0.00, real=0.00 secs] 
172.419: Total time for which application threads were stopped: 0.0005100 seconds, Stopping threads took: 0.0000380 seconds
172.458: Application time: 0.0389010 seconds
172.458: [GC [PSYoungGen: 7664K->512K(8192K)] 20103K->12951K(26112K), 0.0005010 secs] [Times: user=0.00 sys=0.00, real=0.00 secs] 
172.459: Total time for which application threads were stopped: 0.0005960 seconds, Stopping threads took: 0.0000380 seconds
172.498: Application time: 0.0391080 seconds
172.498: [GC [PSYoungGen: 7680K->512K(8192K)] 20119K->12951K(26112K), 0.0004100 secs] [Times: user=0.00 sys=0.00, real=0.00 secs] 
172.498: Total time for which application threads were stopped: 0.0005210 seconds, Stopping threads took: 0.0000460 seconds
172.537: Application time: 0.0391550 seconds
172.537: [GC [PSYoungGen: 7680K->496K(8192K)] 20119K->12935K(26112K), 0.0004290 secs] [Times: user=0.00 sys=0.00, real=0.00 secs] 
172.538: Total time for which application threads were stopped: 0.0005300 seconds, Stopping threads took: 0.0000450 seconds
172.578: Application time: 0.0397560 seconds
172.581: [GC [PSYoungGen: 7663K->480K(8192K)] 20103K->12919K(26112K), 0.0004530 secs] [Times: user=0.00 sys=0.00, real=0.00 secs] 
172.582: Total time for which application threads were stopped: 0.0039380 seconds, Stopping threads took: 0.0034290 seconds
172.621: Application time: 0.0393010 seconds
172.621: [GC [PSYoungGen: 7648K->512K(8192K)] 20087K->12999K(26112K), 0.0004720 secs] [Times: user=0.00 sys=0.00, real=0.01 secs] 
172.621: Total time for which application threads were stopped: 0.0005710 seconds, Stopping threads took: 0.0000410 seconds
172.661: Application time: 0.0397440 seconds
172.661: [GC [PSYoungGen: 7680K->368K(8192K)] 20167K->12975K(26112K), 0.0004750 secs] [Times: user=0.00 sys=0.00, real=0.00 secs] 
172.662: Total time for which application threads were stopped: 0.0005850 seconds, Stopping threads took: 0.0000520 seconds
172.701: Application time: 0.0392380 seconds
172.701: [GC [PSYoungGen: 7536K->288K(8192K)] 20143K->12991K(26112K), 0.0003800 secs] [Times: user=0.00 sys=0.00, real=0.00 secs] 
172.701: Total time for which application threads were stopped: 0.0004940 seconds, Stopping threads took: 0.0000470 seconds
172.741: Application time: 0.0398220 seconds
172.741: [GC [PSYoungGen: 7456K->288K(8192K)] 20159K->13039K(26112K), 0.0004280 secs] [Times: user=0.01 sys=0.00, real=0.00 secs] 
172.742: Total time for which application threads were stopped: 0.0005260 seconds, Stopping threads took: 0.0000400 seconds
172.781: Application time: 0.0392340 seconds
172.781: [GC [PSYoungGen: 7456K->272K(8192K)] 20207K->13023K(26112K), 0.0003580 secs] [Times: user=0.00 sys=0.00, real=0.00 secs] 
172.782: Total time for which application threads were stopped: 0.0004600 seconds, Stopping threads took: 0.0000460 seconds
172.820: Application time: 0.0383610 seconds
172.820: [GC [PSYoungGen: 7440K->304K(8192K)] 20191K->13103K(26112K), 0.0004300 secs] [Times: user=0.00 sys=0.00, real=0.00 secs] 
172.820: Total time for which application threads were stopped: 0.0005270 seconds, Stopping threads took: 0.0000400 seconds
172.859: Application time: 0.0386520 seconds
172.859: [GC [PSYoungGen: 7472K->368K(8192K)] 20271K->13167K(26112K), 0.0003970 secs] [Times: user=0.00 sys=0.00, real=0.00 secs] 
172.860: Total time for which application threads were stopped: 0.0005040 seconds, Stopping threads took: 0.0000470 seconds
172.898: Application time: 0.0389120 seconds
172.900: [GC [PSYoungGen: 7536K->384K(8192K)] 20335K->13183K(26112K), 0.0004810 secs] [Times: user=0.00 sys=0.00, real=0.00 secs] 
172.900: Total time for which application threads were stopped: 0.0016220 seconds, Stopping threads took: 0.0010600 seconds
172.939: Application time: 0.0387140 seconds
172.939: [GC [PSYoungGen: 7552K->432K(8192K)] 20351K->13231K(26112K), 0.0004310 secs] [Times: user=0.00 sys=0.00, real=0.00 secs] 
172.939: Total time for which application threads were stopped: 0.0005430 seconds, Stopping threads took: 0.0000530 seconds
172.979: Application time: 0.0399690 seconds
172.979: [GC [PSYoungGen: 7600K->432K(8192K)] 20399K->13231K(26112K), 0.0004270 secs] [Times: user=0.00 sys=0.00, real=0.00 secs] 
172.980: Total time for which application threads were stopped: 0.0005210 seconds, Stopping threads took: 0.0000380 seconds
173.019: Application time: 0.0388050 seconds
173.019: [GC [PSYoungGen: 7600K->496K(8192K)] 20399K->13295K(26112K), 0.0004440 secs] [Times: user=0.00 sys=0.00, real=0.00 secs] 
173.019: Total time for which application threads were stopped: 0.0005450 seconds, Stopping threads took: 0.0000450 seconds
173.059: Application time: 0.0395140 seconds
173.059: [GC [PSYoungGen: 7664K->496K(8192K)] 20463K->13295K(26112K), 0.0004490 secs] [Times: user=0.00 sys=0.00, real=0.00 secs] 
173.059: Total time for which application threads were stopped: 0.0005480 seconds, Stopping threads took: 0.0000430 seconds
173.099: Application time: 0.0392940 seconds
173.099: [GC [PSYoungGen: 7664K->480K(8192K)] 20463K->13279K(26112K), 0.0004270 secs] [Times: user=0.00 sys=0.00, real=0.00 secs] 
173.099: Total time for which application threads were stopped: 0.0005190 seconds, Stopping threads took: 0.0000370 seconds
173.138: Application time: 0.0392480 seconds
173.138: [GC [PSYoungGen: 7648K->528K(8192K)] 20447K->13327K(26112K), 0.0005040 secs] [Times: user=0.00 sys=0.00, real=0.00 secs] 
173.139: Total time for which application threads were stopped: 0.0006010 seconds, Stopping threads took: 0.0000380 seconds
173.179: Application time: 0.0399010 seconds
173.179: [GC [PSYoungGen: 7696K->512K(8192K)] 20495K->13311K(26112K), 0.0004570 secs] [Times: user=0.00 sys=0.00, real=0.00 secs] 
173.179: Total time for which application threads were stopped: 0.0005560 seconds, Stopping threads took: 0.0000410 seconds
173.219: Application time: 0.0393880 seconds
173.219: [GC [PSYoungGen: 7680K->496K(8192K)] 20479K->13295K(26112K), 0.0004180 secs] [Times: user=0.00 sys=0.00, real=0.00 secs] 
173.219: Total time for which application threads were stopped: 0.0005250 seconds, Stopping threads took: 0.0000400 seconds
173.258: Application time: 0.0391080 seconds
173.259: [GC [PSYoungGen: 7664K->480K(8192K)] 20463K->13279K(26112K), 0.0004270 secs] [Times: user=0.01 sys=0.00, real=0.00 secs] 
173.259: Total time for which application threads were stopped: 0.0005210 seconds, Stopping threads took: 0.0000370 seconds
173.299: Application time: 0.0395410 seconds
173.299: [GC [PSYoungGen: 7648K->496K(8192K)] 20447K->13295K(26112K), 0.0004920 secs] [Times: user=0.00 sys=0.00, real=0.00 secs] 
173.299: Total time for which application threads were stopped: 0.0006050 seconds, Stopping threads took: 0.0000560 seconds
173.338: Application time: 0.0391870 seconds
173.338: [GC [PSYoungGen: 7664K->496K(8192K)] 20463K->13295K(26112K), 0.0004220 secs] [Times: user=0.00 sys=0.00, real=0.00 secs] 
173.339: Total time for which application threads were stopped: 0.0005180 seconds, Stopping threads took: 0.0000420 seconds
173.378: Application time: 0.0392830 seconds
173.378: [GC [PSYoungGen: 7664K->512K(8192K)] 20463K->13311K(26112K), 0.0004940 secs] [Times: user=0.00 sys=0.00, real=0.00 secs] 
173.379: Total time for which application threads were stopped: 0.0005910 seconds, Stopping threads took: 0.0000380 seconds
173.418: Application time: 0.0394880 seconds
173.418: [GC [PSYoungGen: 7680K->448K(8192K)] 20479K->13335K(26112K), 0.0004640 secs] [Times: user=0.00 sys=0.00, real=0.00 secs] 
173.419: Total time for which application threads were stopped: 0.0005680 seconds, Stopping threads took: 0.0000480 seconds
173.458: Application time: 0.0391670 seconds
173.458: [GC [PSYoungGen: 7616K->368K(8192K)] 20503K->13343K(26112K), 0.0003960 secs] [Times: user=0.00 sys=0.00, real=0.00 secs] 
173.458: Total time for which application threads were stopped: 0.0004950 seconds, Stopping threads took: 0.0000410 seconds
173.498: Application time: 0.0397270 seconds
173.498: [GC [PSYoungGen: 7536K->288K(8192K)] 20511K->13344K(26112K), 0.0004420 secs] [Times: user=0.00 sys=0.00, real=0.00 secs] 
173.499: Total time for which application threads were stopped: 0.0005440 seconds, Stopping threads took: 0.0000460 seconds
173.538: Application time: 0.0392210 seconds
173.538: [GC [PSYoungGen: 7456K->272K(8192K)] 20512K->13376K(26112K), 0.0003680 secs] [Times: user=0.00 sys=0.00, real=0.00 secs] 
173.538: Total time for which application threads were stopped: 0.0004730 seconds, Stopping threads took: 0.0000500 seconds
173.578: Application time: 0.0397740 seconds
173.578: [GC [PSYoungGen: 7440K->272K(8192K)] 20544K->13376K(26112K), 0.0003890 secs] [Times: user=0.00 sys=0.00, real=0.00 secs] 
173.579: Total time for which application threads were stopped: 0.0004870 seconds, Stopping threads took: 0.0000440 seconds
173.616: Application time: 0.0374090 seconds
173.616: [GC [PSYoungGen: 7440K->352K(8192K)] 20544K->13512K(26112K), 0.0004210 secs] [Times: user=0.00 sys=0.00, real=0.00 secs] 
173.617: Total time for which application threads were stopped: 0.0005290 seconds, Stopping threads took: 0.0000480 seconds
173.655: Application time: 0.0385910 seconds
173.655: [GC [PSYoungGen: 7520K->432K(8192K)] 20680K->13592K(26112K), 0.0003900 secs] [Times: user=0.01 sys=0.00, real=0.00 secs] 
173.656: Total time for which application threads were stopped: 0.0004920 seconds, Stopping threads took: 0.0000430 seconds
173.695: Application time: 0.0389420 seconds
173.695: [GC [PSYoungGen: 7600K->416K(8192K)] 20760K->13576K(26112K), 0.0004440 secs] [Times: user=0.00 sys=0.00, real=0.00 secs] 
173.695: Total time for which application threads were stopped: 0.0005460 seconds, Stopping threads took: 0.0000470 seconds
173.734: Application time: 0.0391100 seconds
173.734: [GC [PSYoungGen: 7584K->480K(8192K)] 20744K->13640K(26112K), 0.0004510 secs] [Times: user=0.00 sys=0.00, real=0.00 secs] 
173.735: Total time for which application threads were stopped: 0.0005690 seconds, Stopping threads took: 0.0000550 seconds
173.774: Application time: 0.0390750 seconds
173.774: [GC [PSYoungGen: 7648K->512K(8192K)] 20808K->13672K(26112K), 0.0004290 secs] [Times: user=0.00 sys=0.00, real=0.00 secs] 
173.774: Total time for which application threads were stopped: 0.0005330 seconds, Stopping threads took: 0.0000470 seconds
173.814: Application time: 0.0394490 seconds
173.814: [GC [PSYoungGen: 7680K->512K(8192K)] 20840K->13672K(26112K), 0.0004160 secs] [Times: user=0.00 sys=0.00, real=0.00 secs] 
173.814: Total time for which application threads were stopped: 0.0005180 seconds, Stopping threads took: 0.0000460 seconds
173.854: Application time: 0.0394460 seconds
173.854: [GC [PSYoungGen: 7680K->512K(8192K)] 20840K->13672K(26112K), 0.0004930 secs] [Times: user=0.00 sys=0.00, real=0.00 secs] 
173.854: Total time for which application threads were stopped: 0.0006020 seconds, Stopping threads took: 0.0000540 seconds
173.894: Application time: 0.0392240 seconds
173.894: [GC [PSYoungGen: 7680K->512K(8192K)] 20840K->13672K(26112K), 0.0004650 secs] [Times: user=0.00 sys=0.00, real=0.00 secs] 
173.894: Total time for which application threads were stopped: 0.0005650 seconds, Stopping threads took: 0.0000430 seconds
173.934: Application time: 0.0396470 seconds
173.934: [GC [PSYoungGen: 7680K->544K(8192K)] 20840K->13704K(26112K), 0.0004680 secs] [Times: user=0.00 sys=0.00, real=0.00 secs] 
173.935: Total time for which application threads were stopped: 0.0005790 seconds, Stopping threads took: 0.0000450 seconds
173.974: Application time: 0.0396320 seconds
173.974: [GC [PSYoungGen: 7712K->464K(8192K)] 20872K->13624K(26112K), 0.0004940 secs] [Times: user=0.00 sys=0.00, real=0.00 secs] 
173.975: Total time for which application threads were stopped: 0.0005960 seconds, Stopping threads took: 0.0000450 seconds
174.014: Application time: 0.0390730 seconds
174.014: [GC [PSYoungGen: 7632K->512K(8192K)] 20792K->13672K(26112K), 0.0004280 secs] [Times: user=0.00 sys=0.00, real=0.00 secs] 
174.014: Total time for which application threads were stopped: 0.0005230 seconds, Stopping threads took: 0.0000380 seconds
174.054: Application time: 0.0393270 seconds
174.054: [GC [PSYoungGen: 7680K->512K(8192K)] 20840K->13672K(26112K), 0.0004130 secs] [Times: user=0.00 sys=0.00, real=0.00 secs] 
174.054: Total time for which application threads were stopped: 0.0005190 seconds, Stopping threads took: 0.0000510 seconds
174.093: Application time: 0.0392490 seconds
174.094: [GC [PSYoungGen: 7680K->480K(8192K)] 20840K->13640K(26112K), 0.0004310 secs] [Times: user=0.00 sys=0.00, real=0.00 secs] 
174.094: Total time for which application threads were stopped: 0.0005280 seconds, Stopping threads took: 0.0000410 seconds
174.133: Application time: 0.0394300 seconds
174.133: [GC [PSYoungGen: 7648K->496K(8192K)] 20808K->13656K(26112K), 0.0004180 secs] [Times: user=0.00 sys=0.00, real=0.00 secs] 
174.134: Total time for which application threads were stopped: 0.0005230 seconds, Stopping threads took: 0.0000400 seconds
174.173: Application time: 0.0394600 seconds
174.173: [GC [PSYoungGen: 7664K->528K(8192K)] 20824K->13688K(26112K), 0.0004540 secs] [Times: user=0.00 sys=0.00, real=0.00 secs] 
174.174: Total time for which application threads were stopped: 0.0005530 seconds, Stopping threads took: 0.0000400 seconds
174.213: Application time: 0.0393350 seconds
174.213: [GC [PSYoungGen: 7696K->336K(8192K)] 20856K->13632K(26112K), 0.0004190 secs] [Times: user=0.00 sys=0.00, real=0.00 secs] 
174.214: Total time for which application threads were stopped: 0.0005240 seconds, Stopping threads took: 0.0000480 seconds
174.253: Application time: 0.0396650 seconds
174.254: [GC [PSYoungGen: 7504K->352K(8192K)] 20800K->13704K(26112K), 0.0004260 secs] [Times: user=0.00 sys=0.00, real=0.00 secs] 
174.254: Total time for which application threads were stopped: 0.0005290 seconds, Stopping threads took: 0.0000370 seconds
174.293: Application time: 0.0393360 seconds
174.293: [GC [PSYoungGen: 7520K->288K(8192K)] 20872K->13688K(26112K), 0.0004250 secs] [Times: user=0.01 sys=0.00, real=0.00 secs] 
174.294: Total time for which application threads were stopped: 0.0005360 seconds, Stopping threads took: 0.0000560 seconds
174.334: Application time: 0.0397600 seconds
174.334: [GC [PSYoungGen: 7456K->256K(8192K)] 20856K->13712K(26112K), 0.0004130 secs] [Times: user=0.01 sys=0.00, real=0.00 secs] 
174.334: Total time for which application threads were stopped: 0.0005110 seconds, Stopping threads took: 0.0000400 seconds
174.373: Application time: 0.0384250 seconds
174.373: [GC [PSYoungGen: 7424K->320K(8192K)] 20880K->13840K(26112K), 0.0004210 secs] [Times: user=0.00 sys=0.00, real=0.00 secs] 
174.373: Total time for which application threads were stopped: 0.0005350 seconds, Stopping threads took: 0.0000560 seconds
174.411: Application time: 0.0380300 seconds
174.411: [GC [PSYoungGen: 7488K->384K(8192K)] 21008K->13904K(26112K), 0.0003920 secs] [Times: user=0.00 sys=0.00, real=0.00 secs] 
174.412: Total time for which application threads were stopped: 0.0004900 seconds, Stopping threads took: 0.0000400 seconds
174.450: Application time: 0.0387370 seconds
174.450: [GC [PSYoungGen: 7552K->416K(8192K)] 21072K->13936K(26112K), 0.0003910 secs] [Times: user=0.00 sys=0.00, real=0.00 secs] 
174.451: Total time for which application threads were stopped: 0.0004910 seconds, Stopping threads took: 0.0000420 seconds
174.489: Application time: 0.0384540 seconds
174.489: [GC [PSYoungGen: 7584K->464K(8192K)] 21104K->13984K(26112K), 0.0004990 secs] [Times: user=0.00 sys=0.00, real=0.00 secs] 
174.490: Total time for which application threads were stopped: 0.0005990 seconds, Stopping threads took: 0.0000430 seconds
174.530: Application time: 0.0398590 seconds
174.530: [GC [PSYoungGen: 7632K->432K(8192K)] 21152K->13952K(26112K), 0.0004250 secs] [Times: user=0.00 sys=0.00, real=0.00 secs] 
174.530: Total time for which application threads were stopped: 0.0005180 seconds, Stopping threads took: 0.0000360 seconds
174.569: Application time: 0.0388950 seconds
174.569: [GC [PSYoungGen: 7600K->496K(8192K)] 21120K->14016K(26112K), 0.0004520 secs] [Times: user=0.00 sys=0.00, real=0.00 secs] 
174.570: Total time for which application threads were stopped: 0.0005460 seconds, Stopping threads took: 0.0000360 seconds
174.609: Application time: 0.0396910 seconds
174.610: [GC [PSYoungGen: 7664K->496K(8192K)] 21184K->14016K(26112K), 0.0004100 secs] [Times: user=0.00 sys=0.00, real=0.00 secs] 
174.610: Total time for which application threads were stopped: 0.0005130 seconds, Stopping threads took: 0.0000440 seconds
174.649: Application time: 0.0393210 seconds
174.649: [GC [PSYoungGen: 7664K->544K(8192K)] 21184K->14064K(26112K), 0.0004290 secs] [Times: user=0.00 sys=0.00, real=0.00 secs] 
174.650: Total time for which application threads were stopped: 0.0005260 seconds, Stopping threads took: 0.0000430 seconds
174.689: Application time: 0.0392960 seconds
174.689: [GC [PSYoungGen: 7712K->496K(8192K)] 21232K->14016K(26112K), 0.0004440 secs] [Times: user=0.00 sys=0.00, real=0.00 secs] 
174.690: Total time for which application threads were stopped: 0.0005390 seconds, Stopping threads took: 0.0000370 seconds
174.729: Application time: 0.0396540 seconds
174.729: [GC [PSYoungGen: 7664K->496K(8192K)] 21184K->14016K(26112K), 0.0005030 secs] [Times: user=0.00 sys=0.00, real=0.00 secs] 
174.730: Total time for which application threads were stopped: 0.0005980 seconds, Stopping threads took: 0.0000360 seconds
174.769: Application time: 0.0390320 seconds
174.769: [GC [PSYoungGen: 7664K->512K(8192K)] 21184K->14032K(26112K), 0.0004170 secs] [Times: user=0.01 sys=0.00, real=0.00 secs] 
174.769: Total time for which application threads were stopped: 0.0005440 seconds, Stopping threads took: 0.0000510 seconds
174.809: Application time: 0.0391740 seconds
174.809: [GC [PSYoungGen: 7680K->480K(8192K)] 21200K->14000K(26112K), 0.0004280 secs] [Times: user=0.00 sys=0.00, real=0.01 secs] 
174.809: Total time for which application threads were stopped: 0.0005330 seconds, Stopping threads took: 0.0000440 seconds
174.850: Application time: 0.0404730 seconds
174.850: [GC [PSYoungGen: 7648K->480K(8192K)] 21168K->14000K(26112K), 0.0004390 secs] [Times: user=0.00 sys=0.00, real=0.00 secs] 
174.850: Total time for which application threads were stopped: 0.0005370 seconds, Stopping threads took: 0.0000430 seconds
174.889: Application time: 0.0392100 seconds
174.893: [GC [PSYoungGen: 7648K->528K(8192K)] 21168K->14048K(26112K), 0.0004590 secs] [Times: user=0.01 sys=0.00, real=0.00 secs] 
174.894: Total time for which application threads were stopped: 0.0041680 seconds, Stopping threads took: 0.0036520 seconds
174.934: Application time: 0.0400410 seconds
174.934: [GC [PSYoungGen: 7696K->480K(8192K)] 21216K->14000K(26112K), 0.0004570 secs] [Times: user=0.00 sys=0.00, real=0.00 secs] 
174.934: Total time for which application threads were stopped: 0.0005780 seconds, Stopping threads took: 0.0000540 seconds
174.974: Application time: 0.0394220 seconds
174.974: [GC [PSYoungGen: 7648K->400K(8192K)] 21168K->14016K(26112K), 0.0004360 secs] [Times: user=0.00 sys=0.00, real=0.00 secs] 
174.974: Total time for which application threads were stopped: 0.0005560 seconds, Stopping threads took: 0.0000650 seconds
175.013: Application time: 0.0392590 seconds
175.013: [GC [PSYoungGen: 7568K->352K(8192K)] 21184K->14056K(26112K), 0.0004080 secs] [Times: user=0.00 sys=0.00, real=0.00 secs] 
175.014: Total time for which application threads were stopped: 0.0005080 seconds, Stopping threads took: 0.0000450 seconds
175.055: Application time: 0.0405860 seconds
175.055: [GC [PSYoungGen: 7520K->336K(8192K)] 21224K->14088K(26112K), 0.0003970 secs] [Times: user=0.00 sys=0.00, real=0.00 secs] 
175.055: Total time for which application threads were stopped: 0.0005030 seconds, Stopping threads took: 0.0000500 seconds
175.095: Application time: 0.0397790 seconds
175.095: [GC [PSYoungGen: 7504K->240K(8192K)] 21256K->14064K(26112K), 0.0004890 secs] [Times: user=0.00 sys=0.00, real=0.00 secs] 
175.095: Total time for which application threads were stopped: 0.0005810 seconds, Stopping threads took: 0.0000380 seconds
175.135: Application time: 0.0392460 seconds
175.135: [GC [PSYoungGen: 7408K->272K(8192K)] 21232K->14096K(26112K), 0.0003720 secs] [Times: user=0.00 sys=0.00, real=0.00 secs] 
175.135: Total time for which application threads were stopped: 0.0004830 seconds, Stopping threads took: 0.0000550 seconds
175.173: Application time: 0.0381790 seconds
175.173: [GC [PSYoungGen: 7440K->320K(8192K)] 21264K->14192K(26112K), 0.0004220 secs] [Times: user=0.00 sys=0.00, real=0.00 secs] 
175.174: Total time for which application threads were stopped: 0.0005210 seconds, Stopping threads took: 0.0000420 seconds
175.213: Application time: 0.0392590 seconds
175.213: [GC [PSYoungGen: 7488K->336K(8192K)] 21360K->14208K(26112K), 0.0004310 secs] [Times: user=0.00 sys=0.00, real=0.00 secs] 
175.214: Total time for which application threads were stopped: 0.0005410 seconds, Stopping threads took: 0.0000510 seconds
175.252: Application time: 0.0384210 seconds
175.252: [GC [PSYoungGen: 7504K->448K(8192K)] 21376K->14320K(26112K), 0.0004300 secs] [Times: user=0.01 sys=0.00, real=0.00 secs] 
175.253: Total time for which application threads were stopped: 0.0005260 seconds, Stopping threads took: 0.0000400 seconds
175.291: Application time: 0.0389200 seconds
175.292: [GC [PSYoungGen: 7616K->432K(8192K)] 21488K->14304K(26112K), 0.0004170 secs] [Times: user=0.00 sys=0.00, real=0.00 secs] 
175.292: Total time for which application threads were stopped: 0.0005390 seconds, Stopping threads took: 0.0000500 seconds
175.332: Application time: 0.0395650 seconds
175.332: [GC [PSYoungGen: 7600K->448K(8192K)] 21472K->14320K(26112K), 0.0004050 secs] [Times: user=0.01 sys=0.00, real=0.00 secs] 
175.332: Total time for which application threads were stopped: 0.0005060 seconds, Stopping threads took: 0.0000450 seconds
175.371: Application time: 0.0387180 seconds
175.371: [GC [PSYoungGen: 7616K->480K(8192K)] 21488K->14352K(26112K), 0.0005130 secs] [Times: user=0.00 sys=0.00, real=0.00 secs] 
175.371: Total time for which application threads were stopped: 0.0006110 seconds, Stopping threads took: 0.0000420 seconds
175.411: Application time: 0.0396920 seconds
175.411: [GC [PSYoungGen: 7648K->528K(8192K)] 21520K->14400K(26112K), 0.0004730 secs] [Times: user=0.00 sys=0.00, real=0.00 secs] 
175.412: Total time for which application threads were stopped: 0.0005710 seconds, Stopping threads took: 0.0000410 seconds
175.451: Application time: 0.0395420 seconds
175.451: [GC [PSYoungGen: 7696K->496K(8192K)] 21568K->14368K(26112K), 0.0004570 secs] [Times: user=0.00 sys=0.00, real=0.00 secs] 
175.452: Total time for which application threads were stopped: 0.0005900 seconds, Stopping threads took: 0.0000770 seconds
175.491: Application time: 0.0395840 seconds
175.491: [GC [PSYoungGen: 7664K->512K(8192K)] 21536K->14384K(26112K), 0.0004560 secs] [Times: user=0.00 sys=0.00, real=0.00 secs] 
175.492: Total time for which application threads were stopped: 0.0005550 seconds, Stopping threads took: 0.0000420 seconds
175.531: Application time: 0.0392470 seconds
175.531: [GC [PSYoungGen: 7680K->480K(8192K)] 21552K->14352K(26112K), 0.0004450 secs] [Times: user=0.00 sys=0.00, real=0.00 secs] 
175.532: Total time for which application threads were stopped: 0.0005400 seconds, Stopping threads took: 0.0000380 seconds
175.571: Application time: 0.0392580 seconds
175.571: [GC [PSYoungGen: 7648K->480K(8192K)] 21520K->14352K(26112K), 0.0004280 secs] [Times: user=0.00 sys=0.00, real=0.00 secs] 
175.572: Total time for which application threads were stopped: 0.0005310 seconds, Stopping threads took: 0.0000460 seconds
175.611: Application time: 0.0391280 seconds
175.611: [GC [PSYoungGen: 7648K->496K(8192K)] 21520K->14368K(26112K), 0.0004180 secs] [Times: user=0.01 sys=0.00, real=0.00 secs] 
175.611: Total time for which application threads were stopped: 0.0005200 seconds, Stopping threads took: 0.0000440 seconds
175.651: Application time: 0.0397700 seconds
175.651: [GC [PSYoungGen: 7664K->512K(8192K)] 21536K->14384K(26112K), 0.0004580 secs] [Times: user=0.01 sys=0.00, real=0.00 secs] 
175.653: Total time for which application threads were stopped: 0.0015720 seconds, Stopping threads took: 0.0000440 seconds
175.692: Application time: 0.0394460 seconds
175.692: [GC [PSYoungGen: 7680K->480K(8192K)] 21552K->14352K(26112K), 0.0004240 secs] [Times: user=0.00 sys=0.00, real=0.00 secs] 
175.693: Total time for which application threads were stopped: 0.0005230 seconds, Stopping threads took: 0.0000410 seconds
175.732: Application time: 0.0392690 seconds
175.733: [GC [PSYoungGen: 7648K->496K(8192K)] 21520K->14368K(26112K), 0.0004560 secs] [Times: user=0.00 sys=0.00, real=0.00 secs] 
175.734: Total time for which application threads were stopped: 0.0017680 seconds, Stopping threads took: 0.0012540 seconds
175.773: Application time: 0.0393690 seconds
175.773: [GC [PSYoungGen: 7664K->432K(8192K)] 21536K->14384K(26112K), 0.0004370 secs] [Times: user=0.00 sys=0.00, real=0.00 secs] 
175.773: Total time for which application threads were stopped: 0.0005440 seconds, Stopping threads took: 0.0000390 seconds
175.813: Application time: 0.0391990 seconds
175.817: [GC [PSYoungGen: 7600K->368K(8192K)] 21552K->14408K(26112K), 0.0004660 secs] [Times: user=0.00 sys=0.00, real=0.00 secs] 
175.818: Total time for which application threads were stopped: 0.0049040 seconds, Stopping threads took: 0.0043700 seconds
175.857: Application time: 0.0393440 seconds
175.857: [GC [PSYoungGen: 7536K->320K(8192K)] 21576K->14448K(26112K), 0.0003900 secs] [Times: user=0.00 sys=0.00, real=0.00 secs] 
175.857: Total time for which application threads were stopped: 0.0004940 seconds, Stopping threads took: 0.0000420 seconds
175.897: Application time: 0.0391880 seconds
175.897: [GC [PSYoungGen: 7488K->304K(8192K)] 21616K->14488K(26112K), 0.0004180 secs] [Times: user=0.00 sys=0.00, real=0.00 secs] 
175.897: Total time for which application threads were stopped: 0.0005280 seconds, Stopping threads took: 0.0000480 seconds
175.937: Application time: 0.0397340 seconds
175.937: [GC [PSYoungGen: 7472K->272K(8192K)] 21656K->14456K(26112K), 0.0004230 secs] [Times: user=0.00 sys=0.00, real=0.00 secs] 
175.937: Total time for which application threads were stopped: 0.0005480 seconds, Stopping threads took: 0.0000570 seconds
175.976: Application time: 0.0384230 seconds
175.976: [GC [PSYoungGen: 7440K->336K(8192K)] 21624K->14576K(26112K), 0.0003950 secs] [Times: user=0.00 sys=0.00, real=0.00 secs] 
175.976: Total time for which application threads were stopped: 0.0004970 seconds, Stopping threads took: 0.0000450 seconds
176.015: Application time: 0.0385670 seconds
176.015: [GC [PSYoungGen: 7504K->384K(8192K)] 21744K->14624K(26112K), 0.0004650 secs] [Times: user=0.00 sys=0.00, real=0.00 secs] 
176.015: Total time for which application threads were stopped: 0.0005660 seconds, Stopping threads took: 0.0000400 seconds
176.054: Application time: 0.0389650 seconds
176.055: [GC [PSYoungGen: 7552K->416K(8192K)] 21792K->14656K(26112K), 0.0004070 secs] [Times: user=0.00 sys=0.00, real=0.00 secs] 
176.055: Total time for which application threads were stopped: 0.0005090 seconds, Stopping threads took: 0.0000420 seconds
176.093: Application time: 0.0382340 seconds
176.093: [GC [PSYoungGen: 7584K->480K(8192K)] 21824K->14720K(26112K), 0.0004240 secs] [Times: user=0.00 sys=0.00, real=0.00 secs] 
176.094: Total time for which application threads were stopped: 0.0005210 seconds, Stopping threads took: 0.0000420 seconds
176.133: Application time: 0.0390410 seconds
176.133: [GC [PSYoungGen: 7648K->464K(8192K)] 21888K->14704K(26112K), 0.0004710 secs] [Times: user=0.00 sys=0.00, real=0.00 secs] 
176.133: Total time for which application threads were stopped: 0.0005730 seconds, Stopping threads took: 0.0000460 seconds
176.173: Application time: 0.0391820 seconds
176.173: [GC [PSYoungGen: 7632K->528K(8192K)] 21872K->14768K(26112K), 0.0004290 secs] [Times: user=0.00 sys=0.00, real=0.00 secs] 
176.173: Total time for which application threads were stopped: 0.0005280 seconds, Stopping threads took: 0.0000450 seconds
176.213: Application time: 0.0399800 seconds
176.213: [GC [PSYoungGen: 7696K->512K(8192K)] 21936K->14752K(26112K), 0.0004260 secs] [Times: user=0.00 sys=0.00, real=0.00 secs] 
176.214: Total time for which application threads were stopped: 0.0005260 seconds, Stopping threads took: 0.0000420 seconds
176.253: Application time: 0.0392700 seconds
176.253: [GC [PSYoungGen: 7680K->512K(8192K)] 21920K->14752K(26112K), 0.0004310 secs] [Times: user=0.00 sys=0.00, real=0.00 secs] 
176.253: Total time for which application threads were stopped: 0.0005280 seconds, Stopping threads took: 0.0000420 seconds
176.293: Application time: 0.0393000 seconds
176.293: [GC [PSYoungGen: 7680K->464K(8192K)] 21920K->14704K(26112K), 0.0004850 secs] [Times: user=0.00 sys=0.01, real=0.00 secs] 
176.293: Total time for which application threads were stopped: 0.0005890 seconds, Stopping threads took: 0.0000470 seconds
176.333: Application time: 0.0392530 seconds
176.337: [GC [PSYoungGen: 7632K->432K(8192K)] 21872K->14672K(26112K), 0.0004460 secs] [Times: user=0.00 sys=0.00, real=0.00 secs] 
176.338: Total time for which application threads were stopped: 0.0050510 seconds, Stopping threads took: 0.0045370 seconds
176.377: Application time: 0.0391710 seconds
176.377: [GC [PSYoungGen: 7600K->480K(8192K)] 21840K->14720K(26112K), 0.0004190 secs] [Times: user=0.00 sys=0.00, real=0.00 secs] 
176.377: Total time for which application threads were stopped: 0.0005230 seconds, Stopping threads took: 0.0000480 seconds
176.416: Application time: 0.0391310 seconds
176.416: [GC [PSYoungGen: 7648K->480K(8192K)] 21888K->14720K(26112K), 0.0004570 secs] [Times: user=0.00 sys=0.00, real=0.00 secs] 
176.417: Total time for which application threads were stopped: 0.0005640 seconds, Stopping threads took: 0.0000480 seconds
176.457: Application time: 0.0398040 seconds
176.457: [GC [PSYoungGen: 7648K->512K(8192K)] 21888K->14752K(26112K), 0.0004300 secs] [Times: user=0.00 sys=0.00, real=0.00 secs] 
176.457: Total time for which application threads were stopped: 0.0005310 seconds, Stopping threads took: 0.0000440 seconds
176.496: Application time: 0.0391630 seconds
176.497: [GC [PSYoungGen: 7680K->464K(8192K)] 21920K->14704K(26112K), 0.0004370 secs] [Times: user=0.01 sys=0.00, real=0.00 secs] 
176.497: Total time for which application threads were stopped: 0.0005370 seconds, Stopping threads took: 0.0000440 seconds
176.536: Application time: 0.0394450 seconds
176.537: [GC [PSYoungGen: 7632K->496K(8192K)] 21872K->14736K(26112K), 0.0004460 secs] [Times: user=0.00 sys=0.00, real=0.00 secs] 
176.537: Total time for which application threads were stopped: 0.0005440 seconds, Stopping threads took: 0.0000390 seconds
176.576: Application time: 0.0392290 seconds
176.576: [GC [PSYoungGen: 7664K->400K(8192K)] 21904K->14744K(26112K), 0.0004830 secs] [Times: user=0.00 sys=0.00, real=0.00 secs] 
176.577: Total time for which application threads were stopped: 0.0005820 seconds, Stopping threads took: 0.0000440 seconds
176.616: Application time: 0.0392250 seconds
176.616: [GC [PSYoungGen: 7568K->320K(8192K)] 21912K->14768K(26112K), 0.0004180 secs] [Times: user=0.00 sys=0.00, real=0.00 secs] 
176.617: Total time for which application threads were stopped: 0.0005500 seconds, Stopping threads took: 0.0000750 seconds
176.656: Application time: 0.0392390 seconds
176.656: [GC [PSYoungGen: 7488K->272K(8192K)] 21936K->14769K(26112K), 0.0004430 secs] [Times: user=0.00 sys=0.00, real=0.00 secs] 
176.656: Total time for which application threads were stopped: 0.0005410 seconds, Stopping threads took: 0.0000410 seconds
176.696: Application time: 0.0397000 seconds
176.696: [GC [PSYoungGen: 7440K->272K(8192K)] 21937K->14825K(26112K), 0.0003760 secs] [Times: user=0.00 sys=0.00, real=0.00 secs] 
176.697: Total time for which application threads were stopped: 0.0004740 seconds, Stopping threads took: 0.0000440 seconds
176.735: Application time: 0.0386940 seconds
176.735: [GC [PSYoungGen: 7440K->272K(8192K)] 21993K->14889K(26112K), 0.0004120 secs] [Times: user=0.00 sys=0.00, real=0.00 secs] 
176.736: Total time for which application threads were stopped: 0.0005070 seconds, Stopping threads took: 0.0000380 seconds
176.774: Application time: 0.0382820 seconds
176.774: [GC [PSYoungGen: 7440K->368K(8192K)] 22057K->14985K(26112K), 0.0004130 secs] [Times: user=0.00 sys=0.00, real=0.00 secs] 
176.775: Total time for which application threads were stopped: 0.0005080 seconds, Stopping threads took: 0.0000350 seconds
176.813: Application time: 0.0389450 seconds
176.814: [GC [PSYoungGen: 7536K->400K(8192K)] 22153K->15017K(26112K), 0.0004350 secs] [Times: user=0.00 sys=0.00, real=0.00 secs] 
176.814: Total time for which application threads were stopped: 0.0005310 seconds, Stopping threads took: 0.0000390 seconds
176.853: Application time: 0.0388470 seconds
176.853: [GC [PSYoungGen: 7568K->400K(8192K)] 22185K->15017K(26112K), 0.0004970 secs] [Times: user=0.00 sys=0.00, real=0.00 secs] 
176.853: Total time for which application threads were stopped: 0.0006120 seconds, Stopping threads took: 0.0000430 seconds
176.892: Application time: 0.0387010 seconds
176.892: [GC [PSYoungGen: 7568K->464K(8192K)] 22185K->15081K(26112K), 0.0004450 secs] [Times: user=0.00 sys=0.00, real=0.00 secs] 
176.893: Total time for which application threads were stopped: 0.0005440 seconds, Stopping threads took: 0.0000430 seconds
176.932: Application time: 0.0395060 seconds
176.932: [GC [PSYoungGen: 7632K->528K(8192K)] 22249K->15145K(26112K), 0.0004770 secs] [Times: user=0.01 sys=0.00, real=0.00 secs] 
176.933: Total time for which application threads were stopped: 0.0005990 seconds, Stopping threads took: 0.0000530 seconds
176.972: Application time: 0.0394590 seconds
176.972: [GC [PSYoungGen: 7696K->496K(8192K)] 22313K->15113K(26112K), 0.0004770 secs] [Times: user=0.00 sys=0.00, real=0.00 secs] 
176.973: Total time for which application threads were stopped: 0.0005760 seconds, Stopping threads took: 0.0000440 seconds
177.012: Application time: 0.0393770 seconds
177.012: [GC [PSYoungGen: 7664K->496K(8192K)] 22281K->15113K(26112K), 0.0004650 secs] [Times: user=0.00 sys=0.00, real=0.00 secs] 
177.013: Total time for which application threads were stopped: 0.0005680 seconds, Stopping threads took: 0.0000460 seconds
177.052: Application time: 0.0394440 seconds
177.052: [GC [PSYoungGen: 7664K->480K(8192K)] 22281K->15097K(26112K), 0.0004220 secs] [Times: user=0.00 sys=0.00, real=0.00 secs] 
177.053: Total time for which application threads were stopped: 0.0005250 seconds, Stopping threads took: 0.0000450 seconds
177.092: Application time: 0.0394640 seconds
177.092: [GC [PSYoungGen: 7648K->528K(8192K)] 22265K->15145K(26112K), 0.0004480 secs] [Times: user=0.01 sys=0.00, real=0.00 secs] 
177.093: Total time for which application threads were stopped: 0.0005350 seconds, Stopping threads took: 0.0000310 seconds
177.132: Application time: 0.0391490 seconds
177.132: [GC [PSYoungGen: 7696K->544K(8192K)] 22313K->15161K(26112K), 0.0004250 secs] [Times: user=0.00 sys=0.00, real=0.00 secs] 
177.132: Total time for which application threads were stopped: 0.0005230 seconds, Stopping threads took: 0.0000400 seconds
177.171: Application time: 0.0390070 seconds
177.172: [GC [PSYoungGen: 7712K->512K(8192K)] 22329K->15129K(26112K), 0.0004180 secs] [Times: user=0.01 sys=0.00, real=0.00 secs] 
177.172: Total time for which application threads were stopped: 0.0005150 seconds, Stopping threads took: 0.0000390 seconds
177.212: Application time: 0.0396860 seconds
177.212: [GC [PSYoungGen: 7680K->528K(8192K)] 22297K->15145K(26112K), 0.0004740 secs] [Times: user=0.00 sys=0.00, real=0.00 secs] 
177.212: Total time for which application threads were stopped: 0.0005730 seconds, Stopping threads took: 0.0000430 seconds
177.252: Application time: 0.0392740 seconds
177.252: [GC [PSYoungGen: 7696K->496K(8192K)] 22313K->15113K(26112K), 0.0004250 secs] [Times: user=0.00 sys=0.00, real=0.00 secs] 
177.252: Total time for which application threads were stopped: 0.0005230 seconds, Stopping threads took: 0.0000380 seconds
177.292: Application time: 0.0395360 seconds
177.292: [GC [PSYoungGen: 7664K->480K(8192K)] 22281K->15097K(26112K), 0.0004700 secs] [Times: user=0.00 sys=0.00, real=0.00 secs] 
177.292: Total time for which application threads were stopped: 0.0005720 seconds, Stopping threads took: 0.0000440 seconds
177.331: Application time: 0.0392540 seconds
177.331: [GC [PSYoungGen: 7648K->384K(8192K)] 22265K->15057K(26112K), 0.0004290 secs] [Times: user=0.00 sys=0.00, real=0.00 secs] 
177.332: Total time for which application threads were stopped: 0.0005370 seconds, Stopping threads took: 0.0000540 seconds
177.371: Application time: 0.0392610 seconds
177.371: [GC [PSYoungGen: 7552K->400K(8192K)] 22225K->15185K(26112K), 0.0004270 secs] [Times: user=0.00 sys=0.00, real=0.00 secs] 
177.372: Total time for which application threads were stopped: 0.0005370 seconds, Stopping threads took: 0.0000460 seconds
177.411: Application time: 0.0397190 seconds
177.412: [GC [PSYoungGen: 7568K->320K(8192K)] 22353K->15153K(26112K), 0.0004210 secs] [Times: user=0.00 sys=0.00, real=0.00 secs] 
177.412: Total time for which application threads were stopped: 0.0005280 seconds, Stopping threads took: 0.0000400 seconds
177.452: Application time: 0.0398310 seconds
177.452: [GC [PSYoungGen: 7488K->288K(8192K)] 22321K->15169K(26112K), 0.0004440 secs] [Times: user=0.00 sys=0.00, real=0.00 secs] 
177.452: Total time for which application threads were stopped: 0.0005430 seconds, Stopping threads took: 0.0000450 seconds
177.492: Application time: 0.0392360 seconds
177.492: [GC [PSYoungGen: 7456K->256K(8192K)] 22337K->15185K(26112K), 0.0004160 secs] [Times: user=0.01 sys=0.00, real=0.00 secs] 
177.492: Total time for which application threads were stopped: 0.0005330 seconds, Stopping threads took: 0.0000590 seconds
177.531: Application time: 0.0388720 seconds
177.531: [GC [PSYoungGen: 7424K->272K(8192K)] 22353K->15257K(26112K), 0.0003750 secs] [Times: user=0.00 sys=0.00, real=0.00 secs] 
177.531: Total time for which application threads were stopped: 0.0004760 seconds, Stopping threads took: 0.0000440 seconds
177.569: Application time: 0.0377800 seconds
177.569: [GC [PSYoungGen: 7440K->352K(8192K)] 22425K->15337K(26112K), 0.0003940 secs] [Times: user=0.00 sys=0.00, real=0.00 secs] 
177.570: Total time for which application threads were stopped: 0.0005000 seconds, Stopping threads took: 0.0000460 seconds
177.609: Application time: 0.0395520 seconds
177.609: [GC [PSYoungGen: 7520K->384K(8192K)] 22505K->15369K(26112K), 0.0004480 secs] [Times: user=0.00 sys=0.00, real=0.00 secs] 
177.610: Total time for which application threads were stopped: 0.0005380 seconds, Stopping threads took: 0.0000350 seconds
177.649: Application time: 0.0386330 seconds
177.649: [GC [PSYoungGen: 7552K->464K(8192K)] 22537K->15449K(26112K), 0.0004750 secs] [Times: user=0.00 sys=0.00, real=0.01 secs] 
177.649: Total time for which application threads were stopped: 0.0005830 seconds, Stopping threads took: 0.0000510 seconds
177.688: Application time: 0.0390590 seconds
177.688: [GC [PSYoungGen: 7632K->528K(8192K)] 22617K->15513K(26112K), 0.0004830 secs] [Times: user=0.00 sys=0.00, real=0.00 secs] 
177.689: Total time for which application threads were stopped: 0.0005860 seconds, Stopping threads took: 0.0000450 seconds
177.728: Application time: 0.0393940 seconds
177.728: [GC [PSYoungGen: 7696K->480K(8192K)] 22681K->15465K(26112K), 0.0004270 secs] [Times: user=0.00 sys=0.00, real=0.00 secs] 
177.729: Total time for which application threads were stopped: 0.0005280 seconds, Stopping threads took: 0.0000460 seconds
177.768: Application time: 0.0392860 seconds
177.768: [GC [PSYoungGen: 7648K->512K(8192K)] 22633K->15497K(26112K), 0.0004590 secs] [Times: user=0.00 sys=0.00, real=0.00 secs] 
177.769: Total time for which application threads were stopped: 0.0005530 seconds, Stopping threads took: 0.0000380 seconds
177.808: Application time: 0.0393740 seconds
177.808: [GC [PSYoungGen: 7680K->480K(8192K)] 22665K->15465K(26112K), 0.0004260 secs] [Times: user=0.00 sys=0.00, real=0.00 secs] 
177.808: Total time for which application threads were stopped: 0.0005280 seconds, Stopping threads took: 0.0000470 seconds
177.848: Application time: 0.0394000 seconds
177.848: [GC [PSYoungGen: 7648K->528K(8192K)] 22633K->15513K(26112K), 0.0004200 secs] [Times: user=0.00 sys=0.00, real=0.00 secs] 
177.848: Total time for which application threads were stopped: 0.0005230 seconds, Stopping threads took: 0.0000470 seconds
177.888: Application time: 0.0396500 seconds
177.888: [GC [PSYoungGen: 7696K->512K(8192K)] 22681K->15497K(26112K), 0.0004640 secs] [Times: user=0.01 sys=0.00, real=0.00 secs] 
177.889: Total time for which application threads were stopped: 0.0005710 seconds, Stopping threads took: 0.0000420 seconds
177.928: Application time: 0.0392640 seconds
177.928: [GC [PSYoungGen: 7680K->480K(8192K)] 22665K->15465K(26112K), 0.0004550 secs] [Times: user=0.00 sys=0.00, real=0.00 secs] 
177.928: Total time for which application threads were stopped: 0.0005640 seconds, Stopping threads took: 0.0000470 seconds
177.968: Application time: 0.0392150 seconds
177.968: [GC [PSYoungGen: 7648K->496K(8192K)] 22633K->15481K(26112K), 0.0004220 secs] [Times: user=0.01 sys=0.00, real=0.00 secs] 
177.968: Total time for which application threads were stopped: 0.0005190 seconds, Stopping threads took: 0.0000420 seconds
178.007: Application time: 0.0392780 seconds
178.007: [GC [PSYoungGen: 7664K->560K(8192K)] 22649K->15545K(26112K), 0.0004160 secs] [Times: user=0.00 sys=0.00, real=0.00 secs] 
178.008: Total time for which application threads were stopped: 0.0005140 seconds, Stopping threads took: 0.0000420 seconds
178.047: Application time: 0.0392780 seconds
178.047: [GC [PSYoungGen: 7728K->480K(8192K)] 22713K->15465K(26112K), 0.0004860 secs] [Times: user=0.00 sys=0.00, real=0.00 secs] 
178.048: Total time for which application threads were stopped: 0.0005900 seconds, Stopping threads took: 0.0000450 seconds
178.087: Application time: 0.0392090 seconds
178.087: [GC [PSYoungGen: 7648K->512K(8192K)] 22633K->15497K(26112K), 0.0004680 secs] [Times: user=0.00 sys=0.00, real=0.00 secs] 
178.088: Total time for which application threads were stopped: 0.0005580 seconds, Stopping threads took: 0.0000350 seconds
178.127: Application time: 0.0397030 seconds
178.127: [GC [PSYoungGen: 7680K->448K(8192K)] 22665K->15497K(26112K), 0.0004900 secs] [Times: user=0.00 sys=0.00, real=0.00 secs] 
178.128: Total time for which application threads were stopped: 0.0005930 seconds, Stopping threads took: 0.0000440 seconds
178.168: Application time: 0.0397220 seconds
178.168: [GC [PSYoungGen: 7616K->336K(8192K)] 22665K->15505K(26112K), 0.0004990 secs] [Times: user=0.00 sys=0.00, real=0.00 secs] 
178.168: Total time for which application threads were stopped: 0.0006050 seconds, Stopping threads took: 0.0000500 seconds
178.207: Application time: 0.0391850 seconds
178.207: [GC [PSYoungGen: 7504K->320K(8192K)] 22673K->15537K(26112K), 0.0003910 secs] [Times: user=0.00 sys=0.00, real=0.00 secs] 
178.208: Total time for which application threads were stopped: 0.0004890 seconds, Stopping threads took: 0.0000440 seconds
178.247: Application time: 0.0392820 seconds
178.247: [GC [PSYoungGen: 7488K->272K(8192K)] 22705K->15569K(26112K), 0.0004270 secs] [Times: user=0.00 sys=0.00, real=0.00 secs] 
178.248: Total time for which application threads were stopped: 0.0005270 seconds, Stopping threads took: 0.0000460 seconds
178.287: Application time: 0.0390750 seconds
178.287: [GC [PSYoungGen: 7440K->272K(8192K)] 22737K->15641K(26112K), 0.0003820 secs] [Times: user=0.00 sys=0.00, real=0.00 secs] 
178.287: Total time for which application threads were stopped: 0.0004830 seconds, Stopping threads took: 0.0000440 seconds
178.326: Application time: 0.0389850 seconds
178.326: [GC [PSYoungGen: 7440K->320K(8192K)] 22809K->15689K(26112K), 0.0003710 secs] [Times: user=0.00 sys=0.00, real=0.00 secs] 
178.327: Total time for which application threads were stopped: 0.0004720 seconds, Stopping threads took: 0.0000430 seconds
178.364: Application time: 0.0377110 seconds
178.364: [GC [PSYoungGen: 7488K->400K(8192K)] 22857K->15769K(26112K), 0.0004020 secs] [Times: user=0.00 sys=0.00, real=0.00 secs] 
178.365: Total time for which application threads were stopped: 0.0005000 seconds, Stopping threads took: 0.0000400 seconds
178.404: Application time: 0.0390370 seconds
178.404: [GC [PSYoungGen: 7568K->416K(8192K)] 22937K->15785K(26112K), 0.0004900 secs] [Times: user=0.00 sys=0.00, real=0.00 secs] 
178.405: Total time for which application threads were stopped: 0.0006090 seconds, Stopping threads took: 0.0000540 seconds
178.443: Application time: 0.0387360 seconds
178.443: [GC [PSYoungGen: 7584K->464K(8192K)] 22953K->15833K(26112K), 0.0004640 secs] [Times: user=0.00 sys=0.00, real=0.00 secs] 
178.444: Total time for which application threads were stopped: 0.0005680 seconds, Stopping threads took: 0.0000460 seconds
178.483: Application time: 0.0389130 seconds
178.483: [GC [PSYoungGen: 7632K->480K(8192K)] 23001K->15849K(26112K), 0.0004250 secs] [Times: user=0.00 sys=0.00, real=0.00 secs] 
178.483: Total time for which application threads were stopped: 0.0005260 seconds, Stopping threads took: 0.0000420 seconds
178.523: Application time: 0.0396230 seconds
178.523: [GC [PSYoungGen: 7648K->528K(8192K)] 23017K->15897K(26112K), 0.0004840 secs] [Times: user=0.00 sys=0.00, real=0.00 secs] 
178.524: Total time for which application threads were stopped: 0.0005860 seconds, Stopping threads took: 0.0000440 seconds
178.563: Application time: 0.0396490 seconds
178.563: [GC [PSYoungGen: 7696K->480K(8192K)] 23065K->15849K(26112K), 0.0004710 secs] [Times: user=0.00 sys=0.00, real=0.00 secs] 
178.564: Total time for which application threads were stopped: 0.0005740 seconds, Stopping threads took: 0.0000470 seconds
178.603: Application time: 0.0395070 seconds
178.603: [GC [PSYoungGen: 7648K->512K(8192K)] 23017K->15881K(26112K), 0.0004560 secs] [Times: user=0.00 sys=0.00, real=0.00 secs] 
178.604: Total time for which application threads were stopped: 0.0005570 seconds, Stopping threads took: 0.0000450 seconds
178.643: Application time: 0.0394020 seconds
178.643: [GC [PSYoungGen: 7680K->496K(8192K)] 23049K->15865K(26112K), 0.0004320 secs] [Times: user=0.00 sys=0.00, real=0.00 secs] 
178.644: Total time for which application threads were stopped: 0.0005240 seconds, Stopping threads took: 0.0000380 seconds
178.683: Application time: 0.0395580 seconds
178.683: [GC [PSYoungGen: 7664K->480K(8192K)] 23033K->15849K(26112K), 0.0004260 secs] [Times: user=0.00 sys=0.00, real=0.00 secs] 
178.684: Total time for which application threads were stopped: 0.0005240 seconds, Stopping threads took: 0.0000420 seconds
178.723: Application time: 0.0391820 seconds
178.723: [GC [PSYoungGen: 7648K->512K(8192K)] 23017K->15881K(26112K), 0.0004970 secs] [Times: user=0.00 sys=0.00, real=0.00 secs] 
178.724: Total time for which application threads were stopped: 0.0005970 seconds, Stopping threads took: 0.0000440 seconds
178.763: Application time: 0.0393550 seconds
178.763: [GC [PSYoungGen: 7680K->448K(8192K)] 23049K->15817K(26112K), 0.0004380 secs] [Times: user=0.00 sys=0.00, real=0.00 secs] 
178.764: Total time for which application threads were stopped: 0.0005420 seconds, Stopping threads took: 0.0000500 seconds
178.803: Application time: 0.0392340 seconds
178.803: [GC [PSYoungGen: 7616K->512K(8192K)] 22985K->15881K(26112K), 0.0004220 secs] [Times: user=0.00 sys=0.00, real=0.00 secs] 
178.803: Total time for which application threads were stopped: 0.0005200 seconds, Stopping threads took: 0.0000420 seconds
178.843: Application time: 0.0394330 seconds
178.843: [GC [PSYoungGen: 7680K->512K(8192K)] 23049K->15881K(26112K), 0.0004990 secs] [Times: user=0.01 sys=0.00, real=0.00 secs] 
178.843: Total time for which application threads were stopped: 0.0006030 seconds, Stopping threads took: 0.0000460 seconds
178.883: Application time: 0.0392240 seconds
178.883: [GC [PSYoungGen: 7680K->480K(8192K)] 23049K->15897K(26112K), 0.0004750 secs] [Times: user=0.00 sys=0.00, real=0.00 secs] 
178.883: Total time for which application threads were stopped: 0.0005790 seconds, Stopping threads took: 0.0000460 seconds
178.923: Application time: 0.0401250 seconds
178.925: [GC [PSYoungGen: 7648K->416K(8192K)] 23065K->15889K(26112K), 0.0004970 secs] [Times: user=0.00 sys=0.00, real=0.00 secs] 
178.926: Total time for which application threads were stopped: 0.0024190 seconds, Stopping threads took: 0.0018450 seconds
178.965: Application time: 0.0393000 seconds
178.965: [GC [PSYoungGen: 7584K->304K(8192K)] 23057K->15877K(26112K), 0.0004880 secs] [Times: user=0.00 sys=0.00, real=0.00 secs] 
178.966: Total time for which application threads were stopped: 0.0005890 seconds, Stopping threads took: 0.0000400 seconds
179.005: Application time: 0.0392210 seconds
179.005: [GC [PSYoungGen: 7472K->320K(8192K)] 23045K->15941K(26112K), 0.0003860 secs] [Times: user=0.00 sys=0.00, real=0.00 secs] 
179.005: Total time for which application threads were stopped: 0.0004900 seconds, Stopping threads took: 0.0000450 seconds
179.045: Application time: 0.0395370 seconds
179.045: [GC [PSYoungGen: 7488K->256K(8192K)] 23109K->15933K(26112K), 0.0003960 secs] [Times: user=0.00 sys=0.00, real=0.00 secs] 
179.045: Total time for which application threads were stopped: 0.0005040 seconds, Stopping threads took: 0.0000440 seconds
179.085: Application time: 0.0392410 seconds
179.085: [GC [PSYoungGen: 7424K->272K(8192K)] 23101K->15997K(26112K), 0.0003850 secs] [Times: user=0.00 sys=0.00, real=0.00 secs] 
179.085: Total time for which application threads were stopped: 0.0004950 seconds, Stopping threads took: 0.0000530 seconds
179.124: Application time: 0.0387240 seconds
179.125: [GC [PSYoungGen: 7440K->304K(8192K)] 23165K->16029K(26112K), 0.0004100 secs] [Times: user=0.01 sys=0.00, real=0.00 secs] 
179.126: Total time for which application threads were stopped: 0.0017570 seconds, Stopping threads took: 0.0012890 seconds
179.164: Application time: 0.0380340 seconds
179.164: [GC [PSYoungGen: 7472K->400K(8192K)] 23197K->16125K(26112K), 0.0003950 secs] [Times: user=0.00 sys=0.00, real=0.00 secs] 
179.164: Total time for which application threads were stopped: 0.0004950 seconds, Stopping threads took: 0.0000420 seconds
179.203: Application time: 0.0390050 seconds
179.203: [GC [PSYoungGen: 7568K->416K(8192K)] 23293K->16141K(26112K), 0.0004390 secs] [Times: user=0.01 sys=0.00, real=0.00 secs] 
179.204: Total time for which application threads were stopped: 0.0005440 seconds, Stopping threads took: 0.0000470 seconds
179.243: Application time: 0.0390650 seconds
179.243: [GC [PSYoungGen: 7584K->448K(8192K)] 23309K->16173K(26112K), 0.0004180 secs] [Times: user=0.00 sys=0.00, real=0.00 secs] 
179.243: Total time for which application threads were stopped: 0.0005270 seconds, Stopping threads took: 0.0000490 seconds
179.283: Application time: 0.0393690 seconds
179.283: [GC [PSYoungGen: 7616K->480K(8192K)] 23341K->16205K(26112K), 0.0004430 secs] [Times: user=0.00 sys=0.00, real=0.00 secs] 
179.283: Total time for which application threads were stopped: 0.0005490 seconds, Stopping threads took: 0.0000470 seconds
179.323: Application time: 0.0394290 seconds
179.323: [GC [PSYoungGen: 7648K->512K(8192K)] 23373K->16237K(26112K), 0.0004860 secs] [Times: user=0.00 sys=0.00, real=0.00 secs] 
179.323: Total time for which application threads were stopped: 0.0005910 seconds, Stopping threads took: 0.0000460 seconds
179.363: Application time: 0.0394420 seconds
179.363: [GC [PSYoungGen: 7680K->496K(8192K)] 23405K->16221K(26112K), 0.0004550 secs] [Times: user=0.01 sys=0.00, real=0.00 secs] 
179.363: Total time for which application threads were stopped: 0.0005530 seconds, Stopping threads took: 0.0000440 seconds
179.403: Application time: 0.0397520 seconds
179.403: [GC [PSYoungGen: 7664K->480K(8192K)] 23389K->16205K(26112K), 0.0004280 secs] [Times: user=0.01 sys=0.00, real=0.00 secs] 
179.403: Total time for which application threads were stopped: 0.0005250 seconds, Stopping threads took: 0.0000400 seconds
179.443: Application time: 0.0393060 seconds
179.445: [GC [PSYoungGen: 7648K->528K(8192K)] 23373K->16253K(26112K), 0.0004240 secs] [Times: user=0.00 sys=0.00, real=0.00 secs] 
179.446: Total time for which application threads were stopped: 0.0028220 seconds, Stopping threads took: 0.0023290 seconds
179.485: Application time: 0.0392650 seconds
179.485: [GC [PSYoungGen: 7696K->448K(8192K)] 23421K->16173K(26112K), 0.0004440 secs] [Times: user=0.00 sys=0.00, real=0.00 secs] 
179.485: Total time for which application threads were stopped: 0.0005460 seconds, Stopping threads took: 0.0000440 seconds
179.525: Application time: 0.0393480 seconds
179.525: [GC [PSYoungGen: 7616K->512K(8192K)] 23341K->16237K(26112K), 0.0004320 secs] [Times: user=0.00 sys=0.00, real=0.00 secs] 
179.525: Total time for which application threads were stopped: 0.0005330 seconds, Stopping threads took: 0.0000430 seconds
179.564: Application time: 0.0390480 seconds
179.564: [GC [PSYoungGen: 7680K->496K(8192K)] 23405K->16221K(26112K), 0.0004270 secs] [Times: user=0.00 sys=0.00, real=0.00 secs] 
179.565: Total time for which application threads were stopped: 0.0005340 seconds, Stopping threads took: 0.0000500 seconds
179.604: Application time: 0.0395350 seconds
179.604: [GC [PSYoungGen: 7664K->528K(8192K)] 23389K->16253K(26112K), 0.0004400 secs] [Times: user=0.00 sys=0.00, real=0.00 secs] 
179.605: Total time for which application threads were stopped: 0.0005400 seconds, Stopping threads took: 0.0000440 seconds
179.644: Application time: 0.0392610 seconds
179.644: [GC [PSYoungGen: 7696K->528K(8192K)] 23421K->16253K(26112K), 0.0004700 secs] [Times: user=0.01 sys=0.00, real=0.00 secs] 
179.645: Total time for which application threads were stopped: 0.0005770 seconds, Stopping threads took: 0.0000490 seconds
179.685: Application time: 0.0397750 seconds
179.685: [GC [PSYoungGen: 7696K->480K(8192K)] 23421K->16253K(26112K), 0.0004780 secs] [Times: user=0.00 sys=0.00, real=0.00 secs] 
179.685: Total time for which application threads were stopped: 0.0005800 seconds, Stopping threads took: 0.0000460 seconds
179.724: Application time: 0.0392830 seconds
179.724: [GC [PSYoungGen: 7648K->368K(8192K)] 23421K->16229K(26112K), 0.0004230 secs] [Times: user=0.00 sys=0.00, real=0.00 secs] 
179.725: Total time for which application threads were stopped: 0.0005220 seconds, Stopping threads took: 0.0000430 seconds
179.764: Application time: 0.0392890 seconds
179.764: [GC [PSYoungGen: 7536K->320K(8192K)] 23397K->16266K(26112K), 0.0004290 secs] [Times: user=0.00 sys=0.00, real=0.00 secs] 
179.765: Total time for which application threads were stopped: 0.0005280 seconds, Stopping threads took: 0.0000420 seconds
179.804: Application time: 0.0393330 seconds
179.804: [GC [PSYoungGen: 7488K->288K(8192K)] 23434K->16290K(26112K), 0.0003900 secs] [Times: user=0.00 sys=0.00, real=0.00 secs] 
179.805: Total time for which application threads were stopped: 0.0004920 seconds, Stopping threads took: 0.0000460 seconds
179.844: Application time: 0.0397080 seconds
179.844: [GC [PSYoungGen: 7456K->256K(8192K)] 23458K->16346K(26112K), 0.0003720 secs] [Times: user=0.00 sys=0.00, real=0.00 secs] 
179.845: Total time for which application threads were stopped: 0.0004720 seconds, Stopping threads took: 0.0000430 seconds
179.883: Application time: 0.0385190 seconds
179.883: [GC [PSYoungGen: 7424K->272K(8192K)] 23514K->16362K(26112K), 0.0004170 secs] [Times: user=0.00 sys=0.00, real=0.00 secs] 
179.884: Total time for which application threads were stopped: 0.0005200 seconds, Stopping threads took: 0.0000460 seconds
179.923: Application time: 0.0390920 seconds
179.923: [GC [PSYoungGen: 7440K->304K(8192K)] 23530K->16394K(26112K), 0.0004590 secs] [Times: user=0.00 sys=0.00, real=0.00 secs] 
179.923: Total time for which application threads were stopped: 0.0005800 seconds, Stopping threads took: 0.0000550 seconds
179.961: Application time: 0.0377500 seconds
179.961: [GC [PSYoungGen: 7472K->432K(8192K)] 23562K->16522K(26112K), 0.0004020 secs] [Times: user=0.00 sys=0.00, real=0.00 secs] 
179.962: Total time for which application threads were stopped: 0.0005060 seconds, Stopping threads took: 0.0000380 seconds
180.001: Application time: 0.0390860 seconds
180.005: [GC [PSYoungGen: 7600K->432K(8192K)] 23690K->16522K(26112K), 0.0004620 secs] [Times: user=0.00 sys=0.00, real=0.00 secs] 
180.006: Total time for which application threads were stopped: 0.0047700 seconds, Stopping threads took: 0.0042490 seconds
180.045: Application time: 0.0390080 seconds
180.045: [GC [PSYoungGen: 7600K->464K(8192K)] 23690K->16554K(26112K), 0.0004330 secs] [Times: user=0.01 sys=0.00, real=0.00 secs] 
180.045: Total time for which application threads were stopped: 0.0005430 seconds, Stopping threads took: 0.0000530 seconds
180.084: Application time: 0.0392300 seconds
180.084: [GC [PSYoungGen: 7632K->480K(8192K)] 23722K->16570K(26112K), 0.0004270 secs] [Times: user=0.00 sys=0.00, real=0.00 secs] 
180.085: Total time for which application threads were stopped: 0.0005310 seconds, Stopping threads took: 0.0000500 seconds
180.125: Application time: 0.0396420 seconds
180.125: [GC [PSYoungGen: 7648K->512K(8192K)] 23738K->16602K(26112K), 0.0004800 secs] [Times: user=0.00 sys=0.00, real=0.00 secs] 
180.125: Total time for which application threads were stopped: 0.0005850 seconds, Stopping threads took: 0.0000410 seconds
180.164: Application time: 0.0392910 seconds
180.164: [GC [PSYoungGen: 7680K->496K(8192K)] 23770K->16586K(26112K), 0.0004180 secs] [Times: user=0.01 sys=0.00, real=0.00 secs] 
180.165: Total time for which application threads were stopped: 0.0005130 seconds, Stopping threads took: 0.0000420 seconds
180.205: Application time: 0.0398080 seconds
180.205: [GC [PSYoungGen: 7664K->528K(8192K)] 23754K->16618K(26112K), 0.0004320 secs] [Times: user=0.00 sys=0.00, real=0.00 secs] 
180.205: Total time for which application threads were stopped: 0.0005340 seconds, Stopping threads took: 0.0000460 seconds
180.245: Application time: 0.0393160 seconds
180.245: [GC [PSYoungGen: 7696K->544K(8192K)] 23786K->16634K(26112K), 0.0005190 secs] [Times: user=0.00 sys=0.00, real=0.00 secs] 
180.245: Total time for which application threads were stopped: 0.0006210 seconds, Stopping threads took: 0.0000440 seconds
180.284: Application time: 0.0391640 seconds
180.284: [GC [PSYoungGen: 7712K->512K(8192K)] 23802K->16602K(26112K), 0.0004190 secs] [Times: user=0.00 sys=0.00, real=0.00 secs] 
180.285: Total time for which application threads were stopped: 0.0005190 seconds, Stopping threads took: 0.0000420 seconds
180.324: Application time: 0.0393750 seconds
180.324: [GC [PSYoungGen: 7680K->480K(8192K)] 23770K->16570K(26112K), 0.0004280 secs] [Times: user=0.00 sys=0.00, real=0.00 secs] 
180.325: Total time for which application threads were stopped: 0.0005510 seconds, Stopping threads took: 0.0000620 seconds
180.364: Application time: 0.0390770 seconds
180.364: [GC [PSYoungGen: 7648K->512K(8192K)] 23738K->16602K(26112K), 0.0004310 secs] [Times: user=0.01 sys=0.00, real=0.00 secs] 
180.364: Total time for which application threads were stopped: 0.0005260 seconds, Stopping threads took: 0.0000390 seconds
180.404: Application time: 0.0399640 seconds
180.404: [GC [PSYoungGen: 7680K->480K(8192K)] 23770K->16570K(26112K), 0.0004950 secs] [Times: user=0.01 sys=0.00, real=0.00 secs] 
180.405: Total time for which application threads were stopped: 0.0005970 seconds, Stopping threads took: 0.0000420 seconds
180.449: Application time: 0.0444350 seconds
180.450: [GC [PSYoungGen: 7648K->480K(8192K)] 23738K->16570K(26112K), 0.0004510 secs] [Times: user=0.00 sys=0.00, real=0.00 secs] 
180.450: Total time for which application threads were stopped: 0.0005530 seconds, Stopping threads took: 0.0000410 seconds
180.493: Application time: 0.0433730 seconds
180.493: [GC [PSYoungGen: 7648K->432K(8192K)] 23738K->16602K(26112K), 0.0004600 secs] [Times: user=0.00 sys=0.00, real=0.00 secs] 
180.494: Total time for which application threads were stopped: 0.0005690 seconds, Stopping threads took: 0.0000420 seconds
180.537: Application time: 0.0431700 seconds
180.541: [GC [PSYoungGen: 7600K->352K(8192K)] 23770K->16578K(26112K), 0.0004720 secs] [Times: user=0.00 sys=0.00, real=0.00 secs] 
180.542: Total time for which application threads were stopped: 0.0044680 seconds, Stopping threads took: 0.0039390 seconds
180.585: Application time: 0.0435750 seconds
180.589: [GC [PSYoungGen: 7520K->288K(8192K)] 23746K->16642K(26112K), 0.0004360 secs] [Times: user=0.00 sys=0.00, real=0.00 secs] 
180.590: Total time for which application threads were stopped: 0.0044020 seconds, Stopping threads took: 0.0039050 seconds
180.633: Application time: 0.0436130 seconds
180.633: [GC [PSYoungGen: 7456K->272K(8192K)] 23810K->16674K(26112K), 0.0004180 secs] [Times: user=0.00 sys=0.00, real=0.00 secs] 
180.634: Total time for which application threads were stopped: 0.0005200 seconds, Stopping threads took: 0.0000440 seconds
180.677: Application time: 0.0431950 seconds
180.681: [GC [PSYoungGen: 7440K->256K(8192K)] 23842K->16714K(26112K), 0.0004330 secs] [Times: user=0.00 sys=0.00, real=0.00 secs] 
180.683: Total time for which application threads were stopped: 0.0057490 seconds, Stopping threads took: 0.0041530 seconds
180.725: Application time: 0.0419890 seconds
180.725: [GC [PSYoungGen: 7424K->288K(8192K)] 23882K->16746K(26112K), 0.0004300 secs] [Times: user=0.00 sys=0.00, real=0.00 secs] 
180.725: Total time for which application threads were stopped: 0.0005460 seconds, Stopping threads took: 0.0000460 seconds
180.767: Application time: 0.0421240 seconds
180.767: [GC [PSYoungGen: 7456K->400K(8192K)] 23914K->16858K(26112K), 0.0004340 secs] [Times: user=0.00 sys=0.00, real=0.00 secs] 
180.768: Total time for which application threads were stopped: 0.0005640 seconds, Stopping threads took: 0.0000690 seconds
180.810: Application time: 0.0426010 seconds
180.811: [GC [PSYoungGen: 7568K->448K(8192K)] 24026K->16906K(26112K), 0.0004740 secs] [Times: user=0.00 sys=0.00, real=0.00 secs] 
180.811: Total time for which application threads were stopped: 0.0005730 seconds, Stopping threads took: 0.0000400 seconds
180.854: Application time: 0.0425460 seconds
180.854: [GC [PSYoungGen: 7616K->448K(8192K)] 24074K->16906K(26112K), 0.0004450 secs] [Times: user=0.00 sys=0.00, real=0.00 secs] 
180.854: Total time for which application threads were stopped: 0.0005490 seconds, Stopping threads took: 0.0000400 seconds
180.897: Application time: 0.0430730 seconds
180.897: [GC [PSYoungGen: 7616K->496K(8192K)] 24074K->16954K(26112K), 0.0006690 secs] [Times: user=0.01 sys=0.00, real=0.00 secs] 
180.898: Total time for which application threads were stopped: 0.0008970 seconds, Stopping threads took: 0.0001430 seconds
180.942: Application time: 0.0439360 seconds
180.942: [GC [PSYoungGen: 7664K->480K(8192K)] 24122K->16938K(26112K), 0.0005610 secs] [Times: user=0.00 sys=0.00, real=0.00 secs] 
180.943: Total time for which application threads were stopped: 0.0006730 seconds, Stopping threads took: 0.0000450 seconds
180.986: Application time: 0.0431710 seconds
180.986: [GC [PSYoungGen: 7648K->480K(8192K)] 24106K->16938K(26112K), 0.0005300 secs] [Times: user=0.00 sys=0.00, real=0.00 secs] 
180.987: Total time for which application threads were stopped: 0.0006310 seconds, Stopping threads took: 0.0000460 seconds
181.030: Application time: 0.0434260 seconds
181.030: [GC [PSYoungGen: 7648K->496K(8192K)] 24106K->16954K(26112K), 0.0004990 secs] [Times: user=0.00 sys=0.00, real=0.00 secs] 
181.031: Total time for which application threads were stopped: 0.0006210 seconds, Stopping threads took: 0.0000590 seconds
181.074: Application time: 0.0435450 seconds
181.074: [GC [PSYoungGen: 7664K->496K(8192K)] 24122K->16954K(26112K), 0.0005010 secs] [Times: user=0.00 sys=0.00, real=0.00 secs] 
181.075: Total time for which application threads were stopped: 0.0006030 seconds, Stopping threads took: 0.0000410 seconds
181.118: Application time: 0.0435200 seconds
181.121: [GC [PSYoungGen: 7664K->496K(8192K)] 24122K->16954K(26112K), 0.0005090 secs] [Times: user=0.00 sys=0.00, real=0.00 secs] 
181.122: Total time for which application threads were stopped: 0.0033780 seconds, Stopping threads took: 0.0028100 seconds
181.165: Application time: 0.0430470 seconds
181.165: [GC [PSYoungGen: 7664K->528K(8192K)] 24122K->16986K(26112K), 0.0005020 secs] [Times: user=0.00 sys=0.00, real=0.00 secs] 
181.165: Total time for which application threads were stopped: 0.0006030 seconds, Stopping threads took: 0.0000420 seconds
181.208: Application time: 0.0431290 seconds
181.208: [GC [PSYoungGen: 7696K->512K(8192K)] 24154K->16970K(26112K), 0.0004560 secs] [Times: user=0.01 sys=0.00, real=0.00 secs] 
181.209: Total time for which application threads were stopped: 0.0005610 seconds, Stopping threads took: 0.0000450 seconds
181.254: Application time: 0.0453830 seconds
181.254: [GC [PSYoungGen: 7680K->512K(8192K)] 24138K->16970K(26112K), 0.0005510 secs] [Times: user=0.00 sys=0.00, real=0.00 secs] 
181.255: Total time for which application threads were stopped: 0.0006590 seconds, Stopping threads took: 0.0000470 seconds
181.298: Application time: 0.0432530 seconds
181.298: [GC [PSYoungGen: 7680K->528K(8192K)] 24138K->16986K(26112K), 0.0004400 secs] [Times: user=0.01 sys=0.00, real=0.00 secs] 
181.299: Total time for which application threads were stopped: 0.0005560 seconds, Stopping threads took: 0.0000570 seconds
181.342: Application time: 0.0434560 seconds
181.342: [GC [PSYoungGen: 7696K->512K(8192K)] 24154K->16970K(26112K), 0.0004970 secs] [Times: user=0.00 sys=0.00, real=0.00 secs] 
181.343: Total time for which application threads were stopped: 0.0006010 seconds, Stopping threads took: 0.0000450 seconds
181.386: Application time: 0.0434270 seconds
181.389: [GC [PSYoungGen: 7680K->416K(8192K)] 24138K->16954K(26112K), 0.0005170 secs] [Times: user=0.01 sys=0.00, real=0.00 secs] 
181.390: Total time for which application threads were stopped: 0.0033230 seconds, Stopping threads took: 0.0027470 seconds
181.433: Application time: 0.0436740 seconds
181.433: [GC [PSYoungGen: 7584K->336K(8192K)] 24122K->16986K(26112K), 0.0004290 secs] [Times: user=0.00 sys=0.00, real=0.00 secs] 
181.434: Total time for which application threads were stopped: 0.0005320 seconds, Stopping threads took: 0.0000410 seconds
181.477: Application time: 0.0433200 seconds
181.477: [GC [PSYoungGen: 7504K->320K(8192K)] 24154K->17026K(26112K), 0.0004460 secs] [Times: user=0.00 sys=0.00, real=0.00 secs] 
181.478: Total time for which application threads were stopped: 0.0005470 seconds, Stopping threads took: 0.0000410 seconds
181.521: Application time: 0.0431890 seconds
181.521: [GC [PSYoungGen: 7488K->256K(8192K)] 24194K->17018K(26112K), 0.0004520 secs] [Times: user=0.00 sys=0.00, real=0.01 secs] 
181.521: Total time for which application threads were stopped: 0.0005510 seconds, Stopping threads took: 0.0000410 seconds
181.565: Application time: 0.0436050 seconds
181.565: [GC [PSYoungGen: 7424K->256K(8192K)] 24186K->17086K(26112K), 0.0003970 secs] [Times: user=0.01 sys=0.00, real=0.00 secs] 
181.566: Total time for which application threads were stopped: 0.0005070 seconds, Stopping threads took: 0.0000440 seconds
181.608: Application time: 0.0422530 seconds
181.608: [GC [PSYoungGen: 7424K->304K(8192K)] 24254K->17134K(26112K), 0.0005380 secs] [Times: user=0.00 sys=0.00, real=0.00 secs] 
181.608: Total time for which application threads were stopped: 0.0006520 seconds, Stopping threads took: 0.0000530 seconds
181.649: Application time: 0.0408310 seconds
181.649: [GC [PSYoungGen: 7472K->416K(8192K)] 24302K->17246K(26112K), 0.0004380 secs] [Times: user=0.00 sys=0.00, real=0.00 secs] 
181.650: Total time for which application threads were stopped: 0.0005490 seconds, Stopping threads took: 0.0000500 seconds
181.693: Application time: 0.0431230 seconds
181.693: [GC [PSYoungGen: 7584K->400K(8192K)] 24414K->17230K(26112K), 0.0005270 secs] [Times: user=0.00 sys=0.00, real=0.00 secs] 
181.694: Total time for which application threads were stopped: 0.0006390 seconds, Stopping threads took: 0.0000540 seconds
181.737: Application time: 0.0429410 seconds
181.737: [GC [PSYoungGen: 7568K->496K(8192K)] 24398K->17326K(26112K), 0.0005410 secs] [Times: user=0.01 sys=0.00, real=0.00 secs] 
181.737: Total time for which application threads were stopped: 0.0006480 seconds, Stopping threads took: 0.0000460 seconds
181.780: Application time: 0.0429500 seconds
181.780: [GC [PSYoungGen: 7664K->512K(8192K)] 24494K->17342K(26112K), 0.0004510 secs] [Times: user=0.00 sys=0.00, real=0.00 secs] 
181.781: Total time for which application threads were stopped: 0.0005540 seconds, Stopping threads took: 0.0000430 seconds
181.824: Application time: 0.0436270 seconds
181.824: [GC [PSYoungGen: 7680K->496K(8192K)] 24510K->17326K(26112K), 0.0004930 secs] [Times: user=0.00 sys=0.00, real=0.00 secs] 
181.825: Total time for which application threads were stopped: 0.0006130 seconds, Stopping threads took: 0.0000590 seconds
181.868: Application time: 0.0432730 seconds
181.868: [GC [PSYoungGen: 7664K->512K(8192K)] 24494K->17342K(26112K), 0.0005020 secs] [Times: user=0.01 sys=0.00, real=0.00 secs] 
181.869: Total time for which application threads were stopped: 0.0006070 seconds, Stopping threads took: 0.0000470 seconds
181.912: Application time: 0.0434400 seconds
181.912: [GC [PSYoungGen: 7680K->512K(8192K)] 24510K->17342K(26112K), 0.0005550 secs] [Times: user=0.00 sys=0.00, real=0.00 secs] 
181.913: Total time for which application threads were stopped: 0.0006870 seconds, Stopping threads took: 0.0000530 seconds
181.957: Application time: 0.0436130 seconds
181.957: [GC [PSYoungGen: 7680K->496K(8192K)] 24510K->17326K(26112K), 0.0004670 secs] [Times: user=0.00 sys=0.00, real=0.00 secs] 
181.957: Total time for which application threads were stopped: 0.0005710 seconds, Stopping threads took: 0.0000430 seconds
182.000: Application time: 0.0431550 seconds
182.000: [GC [PSYoungGen: 7664K->496K(8192K)] 24494K->17326K(26112K), 0.0004360 secs] [Times: user=0.00 sys=0.00, real=0.00 secs] 
182.001: Total time for which application threads were stopped: 0.0005360 seconds, Stopping threads took: 0.0000430 seconds
182.044: Application time: 0.0433460 seconds
182.044: [GC [PSYoungGen: 7664K->496K(8192K)] 24494K->17326K(26112K), 0.0004440 secs] [Times: user=0.01 sys=0.00, real=0.00 secs] 
182.045: Total time for which application threads were stopped: 0.0005670 seconds, Stopping threads took: 0.0000620 seconds
182.088: Application time: 0.0429810 seconds
182.088: [GC [PSYoungGen: 7664K->496K(8192K)] 24494K->17326K(26112K), 0.0004360 secs] [Times: user=0.00 sys=0.00, real=0.00 secs] 
182.088: Total time for which application threads were stopped: 0.0005520 seconds, Stopping threads took: 0.0000470 seconds
182.132: Application time: 0.0432090 seconds
182.132: [GC [PSYoungGen: 7664K->480K(8192K)] 24494K->17310K(26112K), 0.0005070 secs] [Times: user=0.00 sys=0.00, real=0.00 secs] 
182.132: Total time for which application threads were stopped: 0.0006120 seconds, Stopping threads took: 0.0000460 seconds
182.175: Application time: 0.0433300 seconds
182.176: [GC [PSYoungGen: 7648K->528K(8192K)] 24478K->17358K(26112K), 0.0004670 secs] [Times: user=0.00 sys=0.00, real=0.00 secs] 
182.176: Total time for which application threads were stopped: 0.0005720 seconds, Stopping threads took: 0.0000450 seconds
182.220: Application time: 0.0437120 seconds
182.220: [GC [PSYoungGen: 7696K->560K(8192K)] 24526K->17390K(26112K), 0.0004410 secs] [Times: user=0.00 sys=0.00, real=0.00 secs] 
182.220: Total time for which application threads were stopped: 0.0005470 seconds, Stopping threads took: 0.0000460 seconds
182.263: Application time: 0.0431690 seconds
182.264: [GC [PSYoungGen: 7728K->464K(8192K)] 24558K->17374K(26112K), 0.0004630 secs] [Times: user=0.00 sys=0.00, real=0.00 secs] 
182.264: Total time for which application threads were stopped: 0.0005700 seconds, Stopping threads took: 0.0000490 seconds
182.307: Application time: 0.0433050 seconds
182.307: [GC [PSYoungGen: 7632K->272K(8192K)] 24542K->17330K(26112K), 0.0004860 secs] [Times: user=0.00 sys=0.00, real=0.00 secs] 
182.308: Total time for which application threads were stopped: 0.0005880 seconds, Stopping threads took: 0.0000420 seconds
182.351: Application time: 0.0431350 seconds
182.351: [GC [PSYoungGen: 7440K->288K(8192K)] 24498K->17346K(26112K), 0.0003980 secs] [Times: user=0.00 sys=0.00, real=0.00 secs] 
182.352: Total time for which application threads were stopped: 0.0004990 seconds, Stopping threads took: 0.0000440 seconds
182.395: Application time: 0.0437530 seconds
182.395: [GC [PSYoungGen: 7456K->272K(8192K)] 24514K->17394K(26112K), 0.0003870 secs] [Times: user=0.00 sys=0.00, real=0.00 secs] 
182.396: Total time for which application threads were stopped: 0.0004840 seconds, Stopping threads took: 0.0000390 seconds
182.438: Application time: 0.0421280 seconds
182.438: [GC [PSYoungGen: 7440K->320K(8192K)] 24562K->17490K(26112K), 0.0004070 secs] [Times: user=0.00 sys=0.00, real=0.00 secs] 
182.438: Total time for which application threads were stopped: 0.0005130 seconds, Stopping threads took: 0.0000440 seconds
182.481: Application time: 0.0427100 seconds
182.481: [GC [PSYoungGen: 7488K->336K(8192K)] 24658K->17506K(26112K), 0.0003990 secs] [Times: user=0.00 sys=0.00, real=0.00 secs] 
182.482: Total time for which application threads were stopped: 0.0005100 seconds, Stopping threads took: 0.0000510 seconds
182.523: Application time: 0.0415350 seconds
182.523: [GC [PSYoungGen: 7504K->432K(8192K)] 24674K->17602K(26112K), 0.0004520 secs] [Times: user=0.00 sys=0.00, real=0.00 secs] 
182.524: Total time for which application threads were stopped: 0.0005670 seconds, Stopping threads took: 0.0000540 seconds
182.567: Application time: 0.0429290 seconds
182.567: [GC [PSYoungGen: 7600K->480K(8192K)] 24770K->17650K(26112K), 0.0005260 secs] [Times: user=0.00 sys=0.00, real=0.00 secs] 
182.567: Total time for which application threads were stopped: 0.0006280 seconds, Stopping threads took: 0.0000430 seconds
182.611: Application time: 0.0435360 seconds
182.611: [GC [PSYoungGen: 7648K->432K(8192K)] 24818K->17602K(26112K), 0.0005030 secs] [Times: user=0.00 sys=0.00, real=0.00 secs] 
182.612: Total time for which application threads were stopped: 0.0006110 seconds, Stopping threads took: 0.0000400 seconds
182.654: Application time: 0.0429510 seconds
182.655: [GC [PSYoungGen: 7600K->496K(8192K)] 24770K->17666K(26112K), 0.0005070 secs] [Times: user=0.00 sys=0.00, real=0.00 secs] 
182.655: Total time for which application threads were stopped: 0.0006100 seconds, Stopping threads took: 0.0000450 seconds
182.698: Application time: 0.0430750 seconds
182.698: [GC [PSYoungGen: 7664K->512K(8192K)] 24834K->17682K(26112K), 0.0004560 secs] [Times: user=0.00 sys=0.00, real=0.00 secs] 
182.699: Total time for which application threads were stopped: 0.0005670 seconds, Stopping threads took: 0.0000520 seconds
182.742: Application time: 0.0434100 seconds
182.742: [GC [PSYoungGen: 7680K->512K(8192K)] 24850K->17682K(26112K), 0.0004590 secs] [Times: user=0.00 sys=0.00, real=0.00 secs] 
182.743: Total time for which application threads were stopped: 0.0005670 seconds, Stopping threads took: 0.0000470 seconds
182.786: Application time: 0.0437430 seconds
182.787: [GC [PSYoungGen: 7680K->480K(8192K)] 24850K->17650K(26112K), 0.0004640 secs] [Times: user=0.01 sys=0.00, real=0.00 secs] 
182.787: Total time for which application threads were stopped: 0.0005890 seconds, Stopping threads took: 0.0000660 seconds
182.830: Application time: 0.0432380 seconds
182.830: [GC [PSYoungGen: 7648K->464K(8192K)] 24818K->17634K(26112K), 0.0004560 secs] [Times: user=0.00 sys=0.00, real=0.00 secs] 
182.831: Total time for which application threads were stopped: 0.0005540 seconds, Stopping threads took: 0.0000400 seconds
182.874: Application time: 0.0431410 seconds
182.874: [GC [PSYoungGen: 7632K->496K(8192K)] 24802K->17666K(26112K), 0.0004780 secs] [Times: user=0.00 sys=0.00, real=0.00 secs] 
182.875: Total time for which application threads were stopped: 0.0005920 seconds, Stopping threads took: 0.0000520 seconds
182.918: Application time: 0.0434860 seconds
182.918: [GC [PSYoungGen: 7664K->512K(8192K)] 24834K->17682K(26112K), 0.0005670 secs] [Times: user=0.00 sys=0.00, real=0.00 secs] 
182.919: Total time for which application threads were stopped: 0.0006860 seconds, Stopping threads took: 0.0000520 seconds
182.962: Application time: 0.0430210 seconds
182.962: [GC [PSYoungGen: 7680K->512K(8192K)] 24850K->17682K(26112K), 0.0004780 secs] [Times: user=0.01 sys=0.00, real=0.00 secs] 
182.962: Total time for which application threads were stopped: 0.0005780 seconds, Stopping threads took: 0.0000400 seconds
183.006: Application time: 0.0435000 seconds
183.006: [GC [PSYoungGen: 7680K->544K(8192K)] 24850K->17714K(26112K), 0.0004860 secs] [Times: user=0.01 sys=0.00, real=0.00 secs] 
183.006: Total time for which application threads were stopped: 0.0005890 seconds, Stopping threads took: 0.0000410 seconds
183.050: Application time: 0.0435440 seconds
183.050: [GC [PSYoungGen: 7712K->528K(8192K)] 24882K->17698K(26112K), 0.0004720 secs] [Times: user=0.00 sys=0.00, real=0.00 secs] 
183.051: Total time for which application threads were stopped: 0.0005710 seconds, Stopping threads took: 0.0000420 seconds
183.094: Application time: 0.0433070 seconds
183.094: [GC [PSYoungGen: 7696K->416K(8192K)] 24866K->17674K(26112K), 0.0005080 secs] [Times: user=0.00 sys=0.00, real=0.00 secs] 
183.094: Total time for which application threads were stopped: 0.0006140 seconds, Stopping threads took: 0.0000480 seconds
183.138: Application time: 0.0431110 seconds
183.138: [GC [PSYoungGen: 7584K->368K(8192K)] 24842K->17675K(26112K), 0.0005510 secs] [Times: user=0.00 sys=0.00, real=0.00 secs] 
183.138: Total time for which application threads were stopped: 0.0006700 seconds, Stopping threads took: 0.0000500 seconds
183.183: Application time: 0.0443230 seconds
183.183: [GC [PSYoungGen: 7536K->288K(8192K)] 24843K->17703K(26112K), 0.0004990 secs] [Times: user=0.00 sys=0.00, real=0.00 secs] 
183.183: Total time for which application threads were stopped: 0.0006090 seconds, Stopping threads took: 0.0000530 seconds
183.226: Application time: 0.0432230 seconds
183.226: [GC [PSYoungGen: 7456K->272K(8192K)] 24871K->17735K(26112K), 0.0004040 secs] [Times: user=0.00 sys=0.00, real=0.00 secs] 
183.227: Total time for which application threads were stopped: 0.0005030 seconds, Stopping threads took: 0.0000420 seconds
183.270: Application time: 0.0431990 seconds
183.270: [GC [PSYoungGen: 7440K->272K(8192K)] 24903K->17735K(26112K), 0.0004050 secs] [Times: user=0.01 sys=0.00, real=0.00 secs] 
183.271: Total time for which application threads were stopped: 0.0005080 seconds, Stopping threads took: 0.0000470 seconds
183.313: Application time: 0.0425770 seconds
183.313: [GC [PSYoungGen: 7440K->304K(8192K)] 24903K->17815K(26112K), 0.0004830 secs] [Times: user=0.00 sys=0.00, real=0.00 secs] 
183.314: Total time for which application threads were stopped: 0.0005790 seconds, Stopping threads took: 0.0000400 seconds
183.356: Application time: 0.0418310 seconds
183.356: [GC [PSYoungGen: 7472K->352K(8192K)] 24983K->17863K(26112K), 0.0004200 secs] [Times: user=0.00 sys=0.00, real=0.00 secs] 
183.356: Total time for which application threads were stopped: 0.0005320 seconds, Stopping threads took: 0.0000500 seconds
183.399: Application time: 0.0430250 seconds
183.399: [GC [PSYoungGen: 7520K->416K(8192K)] 25031K->17927K(26112K), 0.0004850 secs] [Times: user=0.00 sys=0.00, real=0.00 secs] 
183.400: Total time for which application threads were stopped: 0.0005860 seconds, Stopping threads took: 0.0000400 seconds
183.443: Application time: 0.0431060 seconds
183.443: [GC [PSYoungGen: 7584K->416K(8192K)] 25095K->17927K(26112K), 0.0004370 secs] [Times: user=0.01 sys=0.00, real=0.00 secs] 
183.443: Total time for which application threads were stopped: 0.0005390 seconds, Stopping threads took: 0.0000430 seconds
183.486: Application time: 0.0425960 seconds
183.486: [GC [PSYoungGen: 7584K->512K(8192K)] 25095K->18023K(26112K), 0.0005230 secs] [Times: user=0.00 sys=0.00, real=0.00 secs] 
183.487: Total time for which application threads were stopped: 0.0006270 seconds, Stopping threads took: 0.0000410 seconds
183.530: Application time: 0.0434750 seconds
183.530: [GC [PSYoungGen: 7680K->512K(8192K)] 25191K->18023K(26112K), 0.0004560 secs] [Times: user=0.00 sys=0.00, real=0.00 secs] 
183.531: Total time for which application threads were stopped: 0.0005510 seconds, Stopping threads took: 0.0000380 seconds
183.574: Application time: 0.0431890 seconds
183.574: [GC [PSYoungGen: 7680K->480K(8192K)] 25191K->17991K(26112K), 0.0004650 secs] [Times: user=0.01 sys=0.00, real=0.00 secs] 
183.574: Total time for which application threads were stopped: 0.0005650 seconds, Stopping threads took: 0.0000390 seconds
183.618: Application time: 0.0432790 seconds
183.618: [GC [PSYoungGen: 7648K->496K(8192K)] 25159K->18007K(26112K), 0.0004430 secs] [Times: user=0.00 sys=0.00, real=0.00 secs] 
183.618: Total time for which application threads were stopped: 0.0005560 seconds, Stopping threads took: 0.0000520 seconds
183.662: Application time: 0.0436880 seconds
183.662: [GC [PSYoungGen: 7664K->496K(8192K)] 25175K->18007K(26112K), 0.0004550 secs] [Times: user=0.00 sys=0.00, real=0.00 secs] 
183.663: Total time for which application threads were stopped: 0.0005780 seconds, Stopping threads took: 0.0000530 seconds
183.706: Application time: 0.0432510 seconds
183.706: [GC [PSYoungGen: 7664K->528K(8192K)] 25175K->18039K(26112K), 0.0005040 secs] [Times: user=0.00 sys=0.00, real=0.00 secs] 
183.706: Total time for which application threads were stopped: 0.0006120 seconds, Stopping threads took: 0.0000390 seconds
183.750: Application time: 0.0431620 seconds
183.750: [GC [PSYoungGen: 7696K->480K(8192K)] 25207K->17991K(26112K), 0.0004540 secs] [Times: user=0.00 sys=0.00, real=0.00 secs] 
183.750: Total time for which application threads were stopped: 0.0005540 seconds, Stopping threads took: 0.0000390 seconds
183.793: Application time: 0.0429700 seconds
183.793: [GC [PSYoungGen: 7648K->496K(8192K)] 25159K->18007K(26112K), 0.0004820 secs] [Times: user=0.00 sys=0.00, real=0.00 secs] 
183.794: Total time for which application threads were stopped: 0.0005920 seconds, Stopping threads took: 0.0000500 seconds
183.838: Application time: 0.0444000 seconds
183.838: [GC [PSYoungGen: 7664K->480K(8192K)] 25175K->17991K(26112K), 0.0004610 secs] [Times: user=0.01 sys=0.00, real=0.00 secs] 
183.839: Total time for which application threads were stopped: 0.0005590 seconds, Stopping threads took: 0.0000380 seconds
183.882: Application time: 0.0434230 seconds
183.882: [GC [PSYoungGen: 7648K->512K(8192K)] 25159K->18023K(26112K), 0.0004530 secs] [Times: user=0.01 sys=0.00, real=0.00 secs] 
183.883: Total time for which application threads were stopped: 0.0005590 seconds, Stopping threads took: 0.0000470 seconds
183.926: Application time: 0.0432740 seconds
183.926: [GC [PSYoungGen: 7680K->512K(8192K)] 25191K->18023K(26112K), 0.0004990 secs] [Times: user=0.00 sys=0.00, real=0.00 secs] 
183.927: Total time for which application threads were stopped: 0.0006160 seconds, Stopping threads took: 0.0000500 seconds
183.970: Application time: 0.0436920 seconds
183.970: [GC [PSYoungGen: 7680K->416K(8192K)] 25191K->18023K(26112K), 0.0004800 secs] [Times: user=0.00 sys=0.00, real=0.00 secs] 
183.971: Total time for which application threads were stopped: 0.0005890 seconds, Stopping threads took: 0.0000490 seconds
184.014: Application time: 0.0434990 seconds
184.014: [GC [PSYoungGen: 7584K->320K(8192K)] 25191K->18055K(26112K), 0.0004430 secs] [Times: user=0.00 sys=0.00, real=0.00 secs] 
184.015: [Full GC [PSYoungGen: 320K->0K(8192K)] [ParOldGen: 17735K->2030K(17920K)] 18055K->2030K(26112K) [PSPermGen: 6076K->6076K(21504K)], 0.0056070 secs] [Times: user=0.02 sys=0.00, real=0.00 secs] 
184.021: Total time for which application threads were stopped: 0.0062110 seconds, Stopping threads took: 0.0000510 seconds
184.064: Application time: 0.0433640 seconds
184.064: [GC [PSYoungGen: 7168K->256K(8192K)] 9198K->2286K(26112K), 0.0004300 secs] [Times: user=0.00 sys=0.00, real=0.00 secs] 
184.064: Total time for which application threads were stopped: 0.0005580 seconds, Stopping threads took: 0.0000660 seconds
184.108: Application time: 0.0433380 seconds
184.108: [GC [PSYoungGen: 7424K->256K(8192K)] 9454K->2286K(26112K), 0.0003470 secs] [Times: user=0.00 sys=0.00, real=0.00 secs] 
184.108: Total time for which application threads were stopped: 0.0004570 seconds, Stopping threads took: 0.0000520 seconds
184.151: Application time: 0.0430170 seconds
184.151: [GC [PSYoungGen: 7424K->224K(8192K)] 9454K->2254K(26112K), 0.0004320 secs] [Times: user=0.00 sys=0.00, real=0.00 secs] 
184.152: Total time for which application threads were stopped: 0.0005270 seconds, Stopping threads took: 0.0000390 seconds
184.195: Application time: 0.0428770 seconds
184.195: [GC [PSYoungGen: 7392K->256K(8192K)] 9422K->2286K(26112K), 0.0003570 secs] [Times: user=0.00 sys=0.00, real=0.00 secs] 
184.195: Total time for which application threads were stopped: 0.0004670 seconds, Stopping threads took: 0.0000430 seconds
184.237: Application time: 0.0414930 seconds
184.237: [GC [PSYoungGen: 7424K->352K(8192K)] 9454K->2382K(26112K), 0.0004850 secs] [Times: user=0.00 sys=0.00, real=0.00 secs] 
184.237: Total time for which application threads were stopped: 0.0005830 seconds, Stopping threads took: 0.0000390 seconds
184.280: Application time: 0.0430350 seconds
184.280: [GC [PSYoungGen: 7520K->416K(8192K)] 9550K->2446K(26112K), 0.0004760 secs] [Times: user=0.00 sys=0.00, real=0.00 secs] 
184.281: Total time for which application threads were stopped: 0.0005890 seconds, Stopping threads took: 0.0000460 seconds
184.323: Application time: 0.0423390 seconds
184.323: [GC [PSYoungGen: 7584K->448K(8192K)] 9614K->2478K(26112K), 0.0004670 secs] [Times: user=0.00 sys=0.00, real=0.00 secs] 
184.324: Total time for which application threads were stopped: 0.0005740 seconds, Stopping threads took: 0.0000480 seconds
184.367: Application time: 0.0429040 seconds
184.367: [GC [PSYoungGen: 7616K->512K(8192K)] 9646K->2542K(26112K), 0.0004420 secs] [Times: user=0.00 sys=0.00, real=0.00 secs] 
184.367: Total time for which application threads were stopped: 0.0005450 seconds, Stopping threads took: 0.0000420 seconds
184.409: Application time: 0.0421070 seconds
184.409: [GC [PSYoungGen: 7680K->496K(8192K)] 9710K->2526K(26112K), 0.0004570 secs] [Times: user=0.00 sys=0.00, real=0.00 secs] 
184.410: Total time for which application threads were stopped: 0.0005510 seconds, Stopping threads took: 0.0000380 seconds
184.449: Application time: 0.0392270 seconds
184.449: [GC [PSYoungGen: 7664K->512K(8192K)] 9694K->2542K(26112K), 0.0004070 secs] [Times: user=0.00 sys=0.00, real=0.00 secs] 
184.450: Total time for which application threads were stopped: 0.0005010 seconds, Stopping threads took: 0.0000380 seconds
184.489: Application time: 0.0394770 seconds
184.489: [GC [PSYoungGen: 7680K->480K(8192K)] 9710K->2510K(26112K), 0.0004150 secs] [Times: user=0.00 sys=0.00, real=0.00 secs] 
184.490: Total time for which application threads were stopped: 0.0005140 seconds, Stopping threads took: 0.0000420 seconds
184.529: Application time: 0.0395780 seconds
184.529: [GC [PSYoungGen: 7648K->464K(8192K)] 9678K->2494K(26112K), 0.0004730 secs] [Times: user=0.01 sys=0.00, real=0.00 secs] 
184.530: Total time for which application threads were stopped: 0.0005670 seconds, Stopping threads took: 0.0000390 seconds
184.569: Application time: 0.0392610 seconds
184.569: [GC [PSYoungGen: 7632K->496K(8192K)] 9662K->2526K(26112K), 0.0004070 secs] [Times: user=0.00 sys=0.00, real=0.00 secs] 
184.570: Total time for which application threads were stopped: 0.0005150 seconds, Stopping threads took: 0.0000500 seconds
184.609: Application time: 0.0396120 seconds
184.609: [GC [PSYoungGen: 7664K->512K(8192K)] 9694K->2542K(26112K), 0.0004030 secs] [Times: user=0.00 sys=0.00, real=0.00 secs] 
184.610: Total time for which application threads were stopped: 0.0005370 seconds, Stopping threads took: 0.0000760 seconds
184.649: Application time: 0.0391330 seconds
184.649: [GC [PSYoungGen: 7680K->496K(8192K)] 9710K->2526K(26112K), 0.0003730 secs] [Times: user=0.01 sys=0.00, real=0.01 secs] 
184.649: Total time for which application threads were stopped: 0.0004840 seconds, Stopping threads took: 0.0000500 seconds
184.689: Application time: 0.0394300 seconds
184.689: [GC [PSYoungGen: 7664K->496K(8192K)] 9694K->2534K(26112K), 0.0004410 secs] [Times: user=0.00 sys=0.00, real=0.01 secs] 
184.689: Total time for which application threads were stopped: 0.0005390 seconds, Stopping threads took: 0.0000430 seconds
184.731: Application time: 0.0413020 seconds
184.731: [GC [PSYoungGen: 7664K->512K(8192K)] 9702K->2550K(26112K), 0.0004010 secs] [Times: user=0.00 sys=0.00, real=0.00 secs] 
184.731: Total time for which application threads were stopped: 0.0005180 seconds, Stopping threads took: 0.0000530 seconds
184.771: Application time: 0.0395390 seconds
184.771: [GC [PSYoungGen: 7680K->448K(8192K)] 9718K->2542K(26112K), 0.0005380 secs] [Times: user=0.00 sys=0.00, real=0.00 secs] 
184.771: Total time for which application threads were stopped: 0.0006330 seconds, Stopping threads took: 0.0000380 seconds
184.811: Application time: 0.0393280 seconds
184.811: [GC [PSYoungGen: 7616K->448K(8192K)] 9710K->2598K(26112K), 0.0004460 secs] [Times: user=0.00 sys=0.00, real=0.00 secs] 
184.811: Total time for which application threads were stopped: 0.0005470 seconds, Stopping threads took: 0.0000430 seconds
184.850: Application time: 0.0392670 seconds
184.850: [GC [PSYoungGen: 7616K->336K(8192K)] 9766K->2606K(26112K), 0.0003860 secs] [Times: user=0.00 sys=0.00, real=0.00 secs] 
184.851: Total time for which application threads were stopped: 0.0004880 seconds, Stopping threads took: 0.0000390 seconds
184.890: Application time: 0.0394550 seconds
184.890: [GC [PSYoungGen: 7504K->288K(8192K)] 9774K->2614K(26112K), 0.0003600 secs] [Times: user=0.00 sys=0.00, real=0.00 secs] 
184.891: Total time for which application threads were stopped: 0.0004550 seconds, Stopping threads took: 0.0000400 seconds
184.931: Application time: 0.0398720 seconds
184.931: [GC [PSYoungGen: 7456K->272K(8192K)] 9782K->2654K(26112K), 0.0003880 secs] [Times: user=0.00 sys=0.00, real=0.00 secs] 
184.931: Total time for which application threads were stopped: 0.0005060 seconds, Stopping threads took: 0.0000530 seconds
184.970: Application time: 0.0387930 seconds
184.970: [GC [PSYoungGen: 7440K->288K(8192K)] 9822K->2718K(26112K), 0.0004830 secs] [Times: user=0.00 sys=0.00, real=0.00 secs] 
184.971: Total time for which application threads were stopped: 0.0005830 seconds, Stopping threads took: 0.0000420 seconds
185.009: Application time: 0.0388810 seconds
185.010: [GC [PSYoungGen: 7456K->336K(8192K)] 9886K->2766K(26112K), 0.0004080 secs] [Times: user=0.00 sys=0.00, real=0.00 secs] 
185.010: Total time for which application threads were stopped: 0.0005090 seconds, Stopping threads took: 0.0000450 seconds
185.048: Application time: 0.0379700 seconds
185.048: [GC [PSYoungGen: 7504K->432K(8192K)] 9934K->2862K(26112K), 0.0004010 secs] [Times: user=0.00 sys=0.00, real=0.00 secs] 
185.048: Total time for which application threads were stopped: 0.0005040 seconds, Stopping threads took: 0.0000470 seconds
185.088: Application time: 0.0393040 seconds
185.088: [GC [PSYoungGen: 7600K->432K(8192K)] 10030K->2862K(26112K), 0.0004090 secs] [Times: user=0.00 sys=0.00, real=0.00 secs] 
185.088: Total time for which application threads were stopped: 0.0005090 seconds, Stopping threads took: 0.0000440 seconds
185.127: Application time: 0.0383350 seconds
185.129: [GC [PSYoungGen: 7600K->480K(8192K)] 10030K->2910K(26112K), 0.0004100 secs] [Times: user=0.00 sys=0.00, real=0.00 secs] 
185.130: Total time for which application threads were stopped: 0.0029360 seconds, Stopping threads took: 0.0024710 seconds
185.169: Application time: 0.0396130 seconds
185.169: [GC [PSYoungGen: 7648K->480K(8192K)] 10078K->2910K(26112K), 0.0004190 secs] [Times: user=0.01 sys=0.00, real=0.00 secs] 
185.170: Total time for which application threads were stopped: 0.0005130 seconds, Stopping threads took: 0.0000360 seconds
185.209: Application time: 0.0392610 seconds
185.209: [GC [PSYoungGen: 7648K->512K(8192K)] 10078K->2942K(26112K), 0.0004070 secs] [Times: user=0.00 sys=0.01, real=0.01 secs] 
185.209: Total time for which application threads were stopped: 0.0005040 seconds, Stopping threads took: 0.0000410 seconds
185.249: Application time: 0.0397700 seconds
185.249: [GC [PSYoungGen: 7680K->496K(8192K)] 10110K->2926K(26112K), 0.0004880 secs] [Times: user=0.00 sys=0.00, real=0.00 secs] 
185.250: Total time for which application threads were stopped: 0.0005920 seconds, Stopping threads took: 0.0000390 seconds
185.289: Application time: 0.0394390 seconds
185.289: [GC [PSYoungGen: 7664K->496K(8192K)] 10094K->2926K(26112K), 0.0004080 secs] [Times: user=0.00 sys=0.00, real=0.00 secs] 
185.290: Total time for which application threads were stopped: 0.0005030 seconds, Stopping threads took: 0.0000380 seconds
185.329: Application time: 0.0395190 seconds
185.329: [GC [PSYoungGen: 7664K->480K(8192K)] 10094K->2910K(26112K), 0.0004540 secs] [Times: user=0.00 sys=0.00, real=0.00 secs] 
185.330: Total time for which application threads were stopped: 0.0005430 seconds, Stopping threads took: 0.0000340 seconds
185.369: Application time: 0.0393120 seconds
185.369: [GC [PSYoungGen: 7648K->512K(8192K)] 10078K->2942K(26112K), 0.0004490 secs] [Times: user=0.00 sys=0.00, real=0.00 secs] 
185.370: Total time for which application threads were stopped: 0.0005540 seconds, Stopping threads took: 0.0000480 seconds
185.409: Application time: 0.0391110 seconds
185.409: [GC [PSYoungGen: 7680K->480K(8192K)] 10110K->2910K(26112K), 0.0004070 secs] [Times: user=0.00 sys=0.00, real=0.01 secs] 
185.409: Total time for which application threads were stopped: 0.0005120 seconds, Stopping threads took: 0.0000460 seconds
185.448: Application time: 0.0391600 seconds
185.449: [GC [PSYoungGen: 7648K->512K(8192K)] 10078K->2942K(26112K), 0.0004000 secs] [Times: user=0.00 sys=0.00, real=0.00 secs] 
185.449: Total time for which application threads were stopped: 0.0004940 seconds, Stopping threads took: 0.0000370 seconds
185.488: Application time: 0.0392450 seconds
185.488: [GC [PSYoungGen: 7680K->464K(8192K)] 10110K->2894K(26112K), 0.0004430 secs] [Times: user=0.00 sys=0.00, real=0.00 secs] 
185.489: Total time for which application threads were stopped: 0.0005410 seconds, Stopping threads took: 0.0000420 seconds
185.528: Application time: 0.0392670 seconds
185.528: [GC [PSYoungGen: 7632K->496K(8192K)] 10062K->2926K(26112K), 0.0004130 secs] [Times: user=0.00 sys=0.00, real=0.00 secs] 
185.528: Total time for which application threads were stopped: 0.0005060 seconds, Stopping threads took: 0.0000370 seconds
185.568: Application time: 0.0395970 seconds
185.568: [GC [PSYoungGen: 7664K->432K(8192K)] 10094K->2950K(26112K), 0.0004020 secs] [Times: user=0.00 sys=0.00, real=0.00 secs] 
185.569: Total time for which application threads were stopped: 0.0005120 seconds, Stopping threads took: 0.0000500 seconds
185.608: Application time: 0.0392690 seconds
185.608: [GC [PSYoungGen: 7600K->416K(8192K)] 10118K->2990K(26112K), 0.0004360 secs] [Times: user=0.00 sys=0.00, real=0.00 secs] 
185.608: Total time for which application threads were stopped: 0.0005320 seconds, Stopping threads took: 0.0000380 seconds
185.648: Application time: 0.0394500 seconds
185.648: [GC [PSYoungGen: 7584K->304K(8192K)] 10158K->2994K(26112K), 0.0004180 secs] [Times: user=0.00 sys=0.00, real=0.00 secs] 
185.648: Total time for which application threads were stopped: 0.0005160 seconds, Stopping threads took: 0.0000430 seconds
185.688: Application time: 0.0395910 seconds
185.688: [GC [PSYoungGen: 7472K->304K(8192K)] 10162K->2994K(26112K), 0.0004040 secs] [Times: user=0.00 sys=0.00, real=0.01 secs] 
185.690: Total time for which application threads were stopped: 0.0016930 seconds, Stopping threads took: 0.0000410 seconds
185.729: Application time: 0.0393880 seconds
185.729: [GC [PSYoungGen: 7472K->256K(8192K)] 10162K->3034K(26112K), 0.0003770 secs] [Times: user=0.01 sys=0.00, real=0.00 secs] 
185.730: Total time for which application threads were stopped: 0.0004860 seconds, Stopping threads took: 0.0000530 seconds
185.768: Application time: 0.0387200 seconds
185.768: [GC [PSYoungGen: 7424K->288K(8192K)] 10202K->3066K(26112K), 0.0003870 secs] [Times: user=0.01 sys=0.00, real=0.00 secs] 
185.769: Total time for which application threads were stopped: 0.0005000 seconds, Stopping threads took: 0.0000480 seconds
185.806: Application time: 0.0375800 seconds
185.806: [GC [PSYoungGen: 7456K->416K(8192K)] 10234K->3194K(26112K), 0.0004380 secs] [Times: user=0.00 sys=0.00, real=0.00 secs] 
185.807: Total time for which application threads were stopped: 0.0005490 seconds, Stopping threads took: 0.0000520 seconds
185.846: Application time: 0.0389290 seconds
185.846: [GC [PSYoungGen: 7584K->400K(8192K)] 10362K->3178K(26112K), 0.0005080 secs] [Times: user=0.00 sys=0.00, real=0.00 secs] 
185.846: Total time for which application threads were stopped: 0.0006140 seconds, Stopping threads took: 0.0000480 seconds
185.886: Application time: 0.0395100 seconds
185.886: [GC [PSYoungGen: 7568K->432K(8192K)] 10346K->3210K(26112K), 0.0004390 secs] [Times: user=0.00 sys=0.00, real=0.00 secs] 
185.886: Total time for which application threads were stopped: 0.0005330 seconds, Stopping threads took: 0.0000400 seconds
185.925: Application time: 0.0386750 seconds
185.925: [GC [PSYoungGen: 7600K->480K(8192K)] 10378K->3258K(26112K), 0.0004430 secs] [Times: user=0.00 sys=0.00, real=0.00 secs] 
185.926: Total time for which application threads were stopped: 0.0005660 seconds, Stopping threads took: 0.0000550 seconds
185.965: Application time: 0.0392410 seconds
185.965: [GC [PSYoungGen: 7648K->512K(8192K)] 10426K->3290K(26112K), 0.0004180 secs] [Times: user=0.00 sys=0.00, real=0.00 secs] 
185.965: Total time for which application threads were stopped: 0.0005250 seconds, Stopping threads took: 0.0000490 seconds
186.005: Application time: 0.0396840 seconds
186.005: [GC [PSYoungGen: 7680K->480K(8192K)] 10458K->3258K(26112K), 0.0004160 secs] [Times: user=0.00 sys=0.00, real=0.00 secs] 
186.006: Total time for which application threads were stopped: 0.0005180 seconds, Stopping threads took: 0.0000450 seconds
186.046: Application time: 0.0399800 seconds
186.046: [GC [PSYoungGen: 7648K->480K(8192K)] 10426K->3258K(26112K), 0.0004560 secs] [Times: user=0.00 sys=0.00, real=0.00 secs] 
186.046: Total time for which application threads were stopped: 0.0005500 seconds, Stopping threads took: 0.0000370 seconds
186.085: Application time: 0.0392220 seconds
186.086: [GC [PSYoungGen: 7648K->496K(8192K)] 10426K->3274K(26112K), 0.0004480 secs] [Times: user=0.00 sys=0.00, real=0.00 secs] 
186.086: Total time for which application threads were stopped: 0.0005490 seconds, Stopping threads took: 0.0000460 seconds
186.125: Application time: 0.0392350 seconds
186.125: [GC [PSYoungGen: 7664K->496K(8192K)] 10442K->3274K(26112K), 0.0004060 secs] [Times: user=0.00 sys=0.00, real=0.00 secs] 
186.126: Total time for which application threads were stopped: 0.0005100 seconds, Stopping threads took: 0.0000450 seconds
186.165: Application time: 0.0392000 seconds
186.165: [GC [PSYoungGen: 7664K->496K(8192K)] 10442K->3274K(26112K), 0.0004220 secs] [Times: user=0.01 sys=0.00, real=0.00 secs] 
186.165: Total time for which application threads were stopped: 0.0005280 seconds, Stopping threads took: 0.0000500 seconds
186.205: Application time: 0.0392340 seconds
186.205: [GC [PSYoungGen: 7664K->464K(8192K)] 10442K->3242K(26112K), 0.0004070 secs] [Times: user=0.00 sys=0.00, real=0.00 secs] 
186.205: Total time for which application threads were stopped: 0.0005070 seconds, Stopping threads took: 0.0000400 seconds
186.244: Application time: 0.0391760 seconds
186.244: [GC [PSYoungGen: 7632K->480K(8192K)] 10410K->3258K(26112K), 0.0004330 secs] [Times: user=0.00 sys=0.00, real=0.00 secs] 
186.245: Total time for which application threads were stopped: 0.0005300 seconds, Stopping threads took: 0.0000390 seconds
186.284: Application time: 0.0392020 seconds
186.284: [GC [PSYoungGen: 7648K->512K(8192K)] 10426K->3290K(26112K), 0.0004080 secs] [Times: user=0.01 sys=0.00, real=0.00 secs] 
186.285: Total time for which application threads were stopped: 0.0005170 seconds, Stopping threads took: 0.0000370 seconds
186.324: Application time: 0.0397030 seconds
186.324: [GC [PSYoungGen: 7680K->512K(8192K)] 10458K->3290K(26112K), 0.0004190 secs] [Times: user=0.01 sys=0.00, real=0.00 secs] 
186.325: Total time for which application threads were stopped: 0.0005270 seconds, Stopping threads took: 0.0000480 seconds
186.364: Application time: 0.0394660 seconds
186.364: [GC [PSYoungGen: 7680K->416K(8192K)] 10458K->3274K(26112K), 0.0004380 secs] [Times: user=0.00 sys=0.00, real=0.00 secs] 
186.365: Total time for which application threads were stopped: 0.0005310 seconds, Stopping threads took: 0.0000370 seconds
186.404: Application time: 0.0392970 seconds
186.404: [GC [PSYoungGen: 7584K->320K(8192K)] 10442K->3283K(26112K), 0.0005010 secs] [Times: user=0.00 sys=0.00, real=0.00 secs] 
186.405: Total time for which application threads were stopped: 0.0006030 seconds, Stopping threads took: 0.0000430 seconds
186.444: Application time: 0.0392970 seconds
186.444: [GC [PSYoungGen: 7488K->336K(8192K)] 10451K->3347K(26112K), 0.0004620 secs] [Times: user=0.01 sys=0.00, real=0.00 secs] 
186.445: Total time for which application threads were stopped: 0.0005580 seconds, Stopping threads took: 0.0000390 seconds
186.484: Application time: 0.0398450 seconds
186.485: [GC [PSYoungGen: 7504K->288K(8192K)] 10515K->3299K(26112K), 0.0003480 secs] [Times: user=0.01 sys=0.00, real=0.00 secs] 
186.485: Total time for which application threads were stopped: 0.0004520 seconds, Stopping threads took: 0.0000430 seconds
186.525: Application time: 0.0395690 seconds
186.525: [GC [PSYoungGen: 7456K->256K(8192K)] 10467K->3355K(26112K), 0.0003960 secs] [Times: user=0.00 sys=0.00, real=0.00 secs] 
186.525: Total time for which application threads were stopped: 0.0004960 seconds, Stopping threads took: 0.0000400 seconds
186.563: Application time: 0.0378630 seconds
186.563: [GC [PSYoungGen: 7424K->336K(8192K)] 10523K->3435K(26112K), 0.0003860 secs] [Times: user=0.01 sys=0.00, real=0.00 secs] 
186.563: Total time for which application threads were stopped: 0.0004870 seconds, Stopping threads took: 0.0000450 seconds
186.602: Application time: 0.0383040 seconds
186.602: [GC [PSYoungGen: 7504K->400K(8192K)] 10603K->3499K(26112K), 0.0003820 secs] [Times: user=0.00 sys=0.00, real=0.00 secs] 
186.602: Total time for which application threads were stopped: 0.0004760 seconds, Stopping threads took: 0.0000390 seconds
186.641: Application time: 0.0390330 seconds
186.641: [GC [PSYoungGen: 7568K->416K(8192K)] 10667K->3515K(26112K), 0.0004550 secs] [Times: user=0.00 sys=0.00, real=0.00 secs] 
186.642: Total time for which application threads were stopped: 0.0005560 seconds, Stopping threads took: 0.0000450 seconds
186.681: Application time: 0.0390990 seconds
186.681: [GC [PSYoungGen: 7584K->416K(8192K)] 10683K->3515K(26112K), 0.0004140 secs] [Times: user=0.00 sys=0.00, real=0.01 secs] 
186.681: Total time for which application threads were stopped: 0.0005160 seconds, Stopping threads took: 0.0000420 seconds
186.720: Application time: 0.0385370 seconds
186.720: [GC [PSYoungGen: 7584K->496K(8192K)] 10683K->3595K(26112K), 0.0004520 secs] [Times: user=0.00 sys=0.00, real=0.00 secs] 
186.720: Total time for which application threads were stopped: 0.0005510 seconds, Stopping threads took: 0.0000410 seconds
186.760: Application time: 0.0397020 seconds
186.760: [GC [PSYoungGen: 7664K->512K(8192K)] 10763K->3611K(26112K), 0.0004510 secs] [Times: user=0.00 sys=0.00, real=0.00 secs] 
186.761: Total time for which application threads were stopped: 0.0005520 seconds, Stopping threads took: 0.0000470 seconds
186.800: Application time: 0.0392070 seconds
186.800: [GC [PSYoungGen: 7680K->512K(8192K)] 10779K->3611K(26112K), 0.0004030 secs] [Times: user=0.00 sys=0.00, real=0.00 secs] 
186.800: Total time for which application threads were stopped: 0.0005050 seconds, Stopping threads took: 0.0000390 seconds
186.840: Application time: 0.0397200 seconds
186.840: [GC [PSYoungGen: 7680K->448K(8192K)] 10779K->3547K(26112K), 0.0004460 secs] [Times: user=0.01 sys=0.00, real=0.00 secs] 
186.841: Total time for which application threads were stopped: 0.0005420 seconds, Stopping threads took: 0.0000400 seconds
186.880: Application time: 0.0394580 seconds
186.880: [GC [PSYoungGen: 7616K->496K(8192K)] 10715K->3595K(26112K), 0.0003990 secs] [Times: user=0.01 sys=0.00, real=0.00 secs] 
186.881: Total time for which application threads were stopped: 0.0004950 seconds, Stopping threads took: 0.0000410 seconds
186.920: Application time: 0.0395130 seconds
186.920: [GC [PSYoungGen: 7664K->480K(8192K)] 10763K->3579K(26112K), 0.0004360 secs] [Times: user=0.00 sys=0.00, real=0.00 secs] 
186.921: Total time for which application threads were stopped: 0.0005460 seconds, Stopping threads took: 0.0000450 seconds
186.960: Application time: 0.0392310 seconds
186.960: [GC [PSYoungGen: 7648K->496K(8192K)] 10747K->3595K(26112K), 0.0004120 secs] [Times: user=0.00 sys=0.00, real=0.00 secs] 
186.960: Total time for which application threads were stopped: 0.0005100 seconds, Stopping threads took: 0.0000410 seconds
187.000: Application time: 0.0395610 seconds
187.000: [GC [PSYoungGen: 7664K->480K(8192K)] 10763K->3579K(26112K), 0.0004410 secs] [Times: user=0.00 sys=0.00, real=0.00 secs] 
187.001: Total time for which application threads were stopped: 0.0005610 seconds, Stopping threads took: 0.0000560 seconds
187.040: Application time: 0.0393620 seconds
187.040: [GC [PSYoungGen: 7648K->480K(8192K)] 10747K->3579K(26112K), 0.0004200 secs] [Times: user=0.00 sys=0.00, real=0.00 secs] 
187.040: Total time for which application threads were stopped: 0.0005120 seconds, Stopping threads took: 0.0000370 seconds
187.080: Application time: 0.0394340 seconds
187.080: [GC [PSYoungGen: 7648K->464K(8192K)] 10747K->3563K(26112K), 0.0004640 secs] [Times: user=0.00 sys=0.00, real=0.00 secs] 
187.080: Total time for which application threads were stopped: 0.0005620 seconds, Stopping threads took: 0.0000430 seconds
187.120: Application time: 0.0393050 seconds
187.120: [GC [PSYoungGen: 7632K->448K(8192K)] 10731K->3547K(26112K), 0.0004170 secs] [Times: user=0.00 sys=0.00, real=0.00 secs] 
187.120: Total time for which application threads were stopped: 0.0005360 seconds, Stopping threads took: 0.0000620 seconds
187.160: Application time: 0.0392710 seconds
187.160: [GC [PSYoungGen: 7616K->416K(8192K)] 10715K->3627K(26112K), 0.0004960 secs] [Times: user=0.00 sys=0.00, real=0.00 secs] 
187.160: Total time for which application threads were stopped: 0.0005990 seconds, Stopping threads took: 0.0000470 seconds
187.200: Application time: 0.0396920 seconds
187.200: [GC [PSYoungGen: 7584K->336K(8192K)] 10795K->3635K(26112K), 0.0004180 secs] [Times: user=0.00 sys=0.00, real=0.00 secs] 
187.200: Total time for which application threads were stopped: 0.0005150 seconds, Stopping threads took: 0.0000410 seconds
187.240: Application time: 0.0395900 seconds
187.240: [GC [PSYoungGen: 7504K->320K(8192K)] 10803K->3667K(26112K), 0.0003890 secs] [Times: user=0.00 sys=0.00, real=0.00 secs] 
187.240: Total time for which application threads were stopped: 0.0005110 seconds, Stopping threads took: 0.0000660 seconds
187.280: Application time: 0.0397520 seconds
187.280: [GC [PSYoungGen: 7488K->256K(8192K)] 10835K->3667K(26112K), 0.0003860 secs] [Times: user=0.00 sys=0.00, real=0.00 secs] 
187.281: Total time for which application threads were stopped: 0.0004930 seconds, Stopping threads took: 0.0000510 seconds
187.320: Application time: 0.0391710 seconds
187.320: [GC [PSYoungGen: 7424K->272K(8192K)] 10835K->3747K(26112K), 0.0004130 secs] [Times: user=0.00 sys=0.00, real=0.00 secs] 
187.320: Total time for which application threads were stopped: 0.0005240 seconds, Stopping threads took: 0.0000430 seconds
187.358: Application time: 0.0378080 seconds
187.358: [GC [PSYoungGen: 7440K->352K(8192K)] 10915K->3827K(26112K), 0.0003790 secs] [Times: user=0.00 sys=0.00, real=0.00 secs] 
187.359: Total time for which application threads were stopped: 0.0004790 seconds, Stopping threads took: 0.0000440 seconds
187.397: Application time: 0.0382040 seconds
187.397: [GC [PSYoungGen: 7520K->432K(8192K)] 10995K->3907K(26112K), 0.0004880 secs] [Times: user=0.00 sys=0.00, real=0.00 secs] 
187.398: Total time for which application threads were stopped: 0.0005890 seconds, Stopping threads took: 0.0000430 seconds
187.437: Application time: 0.0395440 seconds
187.437: [GC [PSYoungGen: 7600K->432K(8192K)] 11075K->3907K(26112K), 0.0004350 secs] [Times: user=0.00 sys=0.00, real=0.00 secs] 
187.438: Total time for which application threads were stopped: 0.0005340 seconds, Stopping threads took: 0.0000450 seconds
187.477: Application time: 0.0396760 seconds
187.477: [GC [PSYoungGen: 7600K->448K(8192K)] 11075K->3923K(26112K), 0.0003830 secs] [Times: user=0.00 sys=0.00, real=0.00 secs] 
187.478: Total time for which application threads were stopped: 0.0004780 seconds, Stopping threads took: 0.0000400 seconds
187.516: Application time: 0.0383990 seconds
187.516: [GC [PSYoungGen: 7615K->528K(8192K)] 11091K->4003K(26112K), 0.0004350 secs] [Times: user=0.00 sys=0.00, real=0.00 secs] 
187.517: Total time for which application threads were stopped: 0.0005290 seconds, Stopping threads took: 0.0000390 seconds
187.556: Application time: 0.0393200 seconds
187.556: [GC [PSYoungGen: 7696K->496K(8192K)] 11171K->3971K(26112K), 0.0004300 secs] [Times: user=0.00 sys=0.00, real=0.00 secs] 
187.557: Total time for which application threads were stopped: 0.0005270 seconds, Stopping threads took: 0.0000430 seconds
187.596: Application time: 0.0395990 seconds
187.596: [GC [PSYoungGen: 7664K->480K(8192K)] 11139K->3955K(26112K), 0.0004110 secs] [Times: user=0.00 sys=0.00, real=0.00 secs] 
187.597: Total time for which application threads were stopped: 0.0005160 seconds, Stopping threads took: 0.0000500 seconds
187.636: Application time: 0.0394520 seconds
187.636: [GC [PSYoungGen: 7648K->480K(8192K)] 11123K->3955K(26112K), 0.0004150 secs] [Times: user=0.00 sys=0.00, real=0.00 secs] 
187.637: Total time for which application threads were stopped: 0.0005160 seconds, Stopping threads took: 0.0000440 seconds
187.676: Application time: 0.0392870 seconds
187.676: [GC [PSYoungGen: 7648K->512K(8192K)] 11123K->3987K(26112K), 0.0004080 secs] [Times: user=0.00 sys=0.00, real=0.00 secs] 
187.676: Total time for which application threads were stopped: 0.0005100 seconds, Stopping threads took: 0.0000450 seconds
187.716: Application time: 0.0391640 seconds
187.716: [GC [PSYoungGen: 7680K->512K(8192K)] 11155K->3987K(26112K), 0.0004540 secs] [Times: user=0.00 sys=0.00, real=0.00 secs] 
187.716: Total time for which application threads were stopped: 0.0005510 seconds, Stopping threads took: 0.0000410 seconds
187.755: Application time: 0.0391160 seconds
187.755: [GC [PSYoungGen: 7680K->512K(8192K)] 11155K->3987K(26112K), 0.0004030 secs] [Times: user=0.01 sys=0.00, real=0.00 secs] 
187.756: Total time for which application threads were stopped: 0.0005020 seconds, Stopping threads took: 0.0000420 seconds
187.795: Application time: 0.0391940 seconds
187.795: [GC [PSYoungGen: 7680K->544K(8192K)] 11155K->4019K(26112K), 0.0004120 secs] [Times: user=0.00 sys=0.00, real=0.00 secs] 
187.795: Total time for which application threads were stopped: 0.0005080 seconds, Stopping threads took: 0.0000400 seconds
187.835: Application time: 0.0391580 seconds
187.835: [GC [PSYoungGen: 7712K->528K(8192K)] 11187K->4003K(26112K), 0.0004070 secs] [Times: user=0.00 sys=0.00, real=0.00 secs] 
187.835: Total time for which application threads were stopped: 0.0005130 seconds, Stopping threads took: 0.0000410 seconds
187.874: Application time: 0.0391620 seconds
187.874: [GC [PSYoungGen: 7696K->512K(8192K)] 11171K->3987K(26112K), 0.0004210 secs] [Times: user=0.00 sys=0.00, real=0.00 secs] 
187.875: Total time for which application threads were stopped: 0.0005280 seconds, Stopping threads took: 0.0000500 seconds
187.915: Application time: 0.0397150 seconds
187.915: [GC [PSYoungGen: 7680K->528K(8192K)] 11155K->4043K(26112K), 0.0005440 secs] [Times: user=0.01 sys=0.00, real=0.00 secs] 
187.915: Total time for which application threads were stopped: 0.0006530 seconds, Stopping threads took: 0.0000430 seconds
187.954: Application time: 0.0392790 seconds
187.955: [GC [PSYoungGen: 7696K->352K(8192K)] 11211K->3987K(26112K), 0.0004360 secs] [Times: user=0.00 sys=0.00, real=0.00 secs] 
187.955: Total time for which application threads were stopped: 0.0005350 seconds, Stopping threads took: 0.0000420 seconds
187.995: Application time: 0.0395770 seconds
187.995: [GC [PSYoungGen: 7520K->320K(8192K)] 11155K->4043K(26112K), 0.0004760 secs] [Times: user=0.01 sys=0.00, real=0.00 secs] 
187.995: Total time for which application threads were stopped: 0.0005760 seconds, Stopping threads took: 0.0000440 seconds
188.035: Application time: 0.0396050 seconds
188.035: [GC [PSYoungGen: 7488K->288K(8192K)] 11211K->4011K(26112K), 0.0003590 secs] [Times: user=0.00 sys=0.00, real=0.00 secs] 
188.035: Total time for which application threads were stopped: 0.0004590 seconds, Stopping threads took: 0.0000440 seconds
188.075: Application time: 0.0393850 seconds
188.075: [GC [PSYoungGen: 7456K->288K(8192K)] 11179K->4011K(26112K), 0.0003760 secs] [Times: user=0.00 sys=0.00, real=0.00 secs] 
188.075: Total time for which application threads were stopped: 0.0004690 seconds, Stopping threads took: 0.0000410 seconds
188.113: Application time: 0.0377130 seconds
188.113: [GC [PSYoungGen: 7456K->304K(8192K)] 11179K->4107K(26112K), 0.0003960 secs] [Times: user=0.01 sys=0.00, real=0.00 secs] 
188.113: Total time for which application threads were stopped: 0.0005030 seconds, Stopping threads took: 0.0000380 seconds
188.152: Application time: 0.0389880 seconds
188.152: [GC [PSYoungGen: 7472K->336K(8192K)] 11275K->4139K(26112K), 0.0004130 secs] [Times: user=0.00 sys=0.00, real=0.00 secs] 
188.153: Total time for which application threads were stopped: 0.0005130 seconds, Stopping threads took: 0.0000440 seconds
188.191: Application time: 0.0383100 seconds
188.191: [GC [PSYoungGen: 7504K->448K(8192K)] 11307K->4251K(26112K), 0.0004420 secs] [Times: user=0.00 sys=0.00, real=0.00 secs] 
188.192: Total time for which application threads were stopped: 0.0005410 seconds, Stopping threads took: 0.0000430 seconds
188.231: Application time: 0.0397130 seconds
188.231: [GC [PSYoungGen: 7616K->464K(8192K)] 11419K->4267K(26112K), 0.0004240 secs] [Times: user=0.00 sys=0.00, real=0.00 secs] 
188.232: Total time for which application threads were stopped: 0.0005210 seconds, Stopping threads took: 0.0000420 seconds
188.270: Application time: 0.0382840 seconds
188.273: [GC [PSYoungGen: 7632K->528K(8192K)] 11435K->4331K(26112K), 0.0004130 secs] [Times: user=0.00 sys=0.00, real=0.00 secs] 
188.274: Total time for which application threads were stopped: 0.0033300 seconds, Stopping threads took: 0.0028600 seconds
188.313: Application time: 0.0396160 seconds
188.313: [GC [PSYoungGen: 7696K->512K(8192K)] 11499K->4315K(26112K), 0.0004150 secs] [Times: user=0.00 sys=0.00, real=0.00 secs] 
188.314: Total time for which application threads were stopped: 0.0005130 seconds, Stopping threads took: 0.0000400 seconds
188.353: Application time: 0.0393500 seconds
188.353: [GC [PSYoungGen: 7680K->496K(8192K)] 11483K->4299K(26112K), 0.0004130 secs] [Times: user=0.00 sys=0.00, real=0.00 secs] 
188.354: Total time for which application threads were stopped: 0.0005290 seconds, Stopping threads took: 0.0000500 seconds
188.393: Application time: 0.0392720 seconds
188.393: [GC [PSYoungGen: 7664K->480K(8192K)] 11467K->4283K(26112K), 0.0005290 secs] [Times: user=0.00 sys=0.00, real=0.00 secs] 
188.393: Total time for which application threads were stopped: 0.0006240 seconds, Stopping threads took: 0.0000380 seconds
188.436: Application time: 0.0427750 seconds
188.436: [GC [PSYoungGen: 7648K->512K(8192K)] 11451K->4315K(26112K), 0.0004690 secs] [Times: user=0.00 sys=0.00, real=0.00 secs] 
188.437: Total time for which application threads were stopped: 0.0005680 seconds, Stopping threads took: 0.0000420 seconds
188.480: Application time: 0.0431540 seconds
188.480: [GC [PSYoungGen: 7680K->496K(8192K)] 11483K->4299K(26112K), 0.0004430 secs] [Times: user=0.00 sys=0.00, real=0.00 secs] 
188.480: Total time for which application threads were stopped: 0.0005420 seconds, Stopping threads took: 0.0000410 seconds
188.523: Application time: 0.0429960 seconds
188.524: [GC [PSYoungGen: 7664K->496K(8192K)] 11467K->4299K(26112K), 0.0004430 secs] [Times: user=0.00 sys=0.00, real=0.00 secs] 
188.524: Total time for which application threads were stopped: 0.0005500 seconds, Stopping threads took: 0.0000450 seconds
188.567: Application time: 0.0430540 seconds
188.567: [GC [PSYoungGen: 7664K->480K(8192K)] 11467K->4283K(26112K), 0.0004330 secs] [Times: user=0.00 sys=0.00, real=0.00 secs] 
188.568: Total time for which application threads were stopped: 0.0005490 seconds, Stopping threads took: 0.0000540 seconds
188.611: Application time: 0.0430680 seconds
188.611: [GC [PSYoungGen: 7648K->496K(8192K)] 11451K->4299K(26112K), 0.0005220 secs] [Times: user=0.00 sys=0.00, real=0.00 secs] 
188.611: Total time for which application threads were stopped: 0.0006270 seconds, Stopping threads took: 0.0000450 seconds
188.655: Application time: 0.0435590 seconds
188.655: [GC [PSYoungGen: 7664K->496K(8192K)] 11467K->4299K(26112K), 0.0004460 secs] [Times: user=0.00 sys=0.00, real=0.00 secs] 
188.655: Total time for which application threads were stopped: 0.0005470 seconds, Stopping threads took: 0.0000400 seconds
188.699: Application time: 0.0433580 seconds
188.699: [GC [PSYoungGen: 7664K->464K(8192K)] 11467K->4267K(26112K), 0.0004320 secs] [Times: user=0.00 sys=0.00, real=0.00 secs] 
188.699: Total time for which application threads were stopped: 0.0005400 seconds, Stopping threads took: 0.0000470 seconds
188.743: Application time: 0.0432430 seconds
188.743: [GC [PSYoungGen: 7632K->384K(8192K)] 11435K->4299K(26112K), 0.0004880 secs] [Times: user=0.01 sys=0.00, real=0.00 secs] 
188.743: Total time for which application threads were stopped: 0.0005900 seconds, Stopping threads took: 0.0000450 seconds
188.786: Application time: 0.0432890 seconds
188.787: [GC [PSYoungGen: 7552K->320K(8192K)] 11467K->4283K(26112K), 0.0003990 secs] [Times: user=0.00 sys=0.00, real=0.00 secs] 
188.787: Total time for which application threads were stopped: 0.0004980 seconds, Stopping threads took: 0.0000400 seconds
188.830: Application time: 0.0434370 seconds
188.833: [GC [PSYoungGen: 7488K->288K(8192K)] 11451K->4331K(26112K), 0.0004000 secs] [Times: user=0.01 sys=0.00, real=0.00 secs] 
188.834: Total time for which application threads were stopped: 0.0031020 seconds, Stopping threads took: 0.0026420 seconds
188.877: Application time: 0.0431540 seconds
188.877: [GC [PSYoungGen: 7456K->288K(8192K)] 11499K->4331K(26112K), 0.0004110 secs] [Times: user=0.00 sys=0.00, real=0.00 secs] 
188.877: Total time for which application threads were stopped: 0.0005210 seconds, Stopping threads took: 0.0000410 seconds
188.921: Application time: 0.0436590 seconds
188.921: [GC [PSYoungGen: 7456K->256K(8192K)] 11499K->4395K(26112K), 0.0004130 secs] [Times: user=0.00 sys=0.00, real=0.01 secs] 
188.921: Total time for which application threads were stopped: 0.0005330 seconds, Stopping threads took: 0.0000530 seconds
188.963: Application time: 0.0416850 seconds
188.963: [GC [PSYoungGen: 7424K->336K(8192K)] 11563K->4475K(26112K), 0.0004550 secs] [Times: user=0.00 sys=0.00, real=0.00 secs] 
188.964: Total time for which application threads were stopped: 0.0005580 seconds, Stopping threads took: 0.0000420 seconds
189.006: Application time: 0.0423620 seconds
189.006: [GC [PSYoungGen: 7504K->400K(8192K)] 11643K->4539K(26112K), 0.0004510 secs] [Times: user=0.00 sys=0.00, real=0.00 secs] 
189.007: Total time for which application threads were stopped: 0.0005480 seconds, Stopping threads took: 0.0000380 seconds
189.049: Application time: 0.0425810 seconds
189.049: [GC [PSYoungGen: 7568K->448K(8192K)] 11707K->4587K(26112K), 0.0004600 secs] [Times: user=0.00 sys=0.00, real=0.00 secs] 
189.050: Total time for which application threads were stopped: 0.0005640 seconds, Stopping threads took: 0.0000420 seconds
189.093: Application time: 0.0435200 seconds
189.093: [GC [PSYoungGen: 7616K->432K(8192K)] 11755K->4571K(26112K), 0.0004500 secs] [Times: user=0.00 sys=0.00, real=0.00 secs] 
189.094: Total time for which application threads were stopped: 0.0005570 seconds, Stopping threads took: 0.0000480 seconds
189.136: Application time: 0.0419790 seconds
189.136: [GC [PSYoungGen: 7600K->496K(8192K)] 11739K->4635K(26112K), 0.0004310 secs] [Times: user=0.01 sys=0.00, real=0.00 secs] 
189.136: Total time for which application threads were stopped: 0.0005420 seconds, Stopping threads took: 0.0000490 seconds
189.180: Application time: 0.0433260 seconds
189.180: [GC [PSYoungGen: 7664K->496K(8192K)] 11803K->4635K(26112K), 0.0004800 secs] [Times: user=0.00 sys=0.00, real=0.00 secs] 
189.180: Total time for which application threads were stopped: 0.0005810 seconds, Stopping threads took: 0.0000410 seconds
189.224: Application time: 0.0433270 seconds
189.224: [GC [PSYoungGen: 7664K->496K(8192K)] 11803K->4635K(26112K), 0.0004410 secs] [Times: user=0.00 sys=0.00, real=0.00 secs] 
189.224: Total time for which application threads were stopped: 0.0005500 seconds, Stopping threads took: 0.0000470 seconds
189.267: Application time: 0.0432360 seconds
189.267: [GC [PSYoungGen: 7664K->512K(8192K)] 11803K->4651K(26112K), 0.0004280 secs] [Times: user=0.01 sys=0.00, real=0.00 secs] 
189.268: Total time for which application threads were stopped: 0.0005300 seconds, Stopping threads took: 0.0000460 seconds
189.311: Application time: 0.0432320 seconds
189.311: [GC [PSYoungGen: 7680K->496K(8192K)] 11819K->4635K(26112K), 0.0004300 secs] [Times: user=0.00 sys=0.00, real=0.00 secs] 
189.312: Total time for which application threads were stopped: 0.0005280 seconds, Stopping threads took: 0.0000400 seconds
189.355: Application time: 0.0436610 seconds
189.355: [GC [PSYoungGen: 7664K->512K(8192K)] 11803K->4651K(26112K), 0.0004690 secs] [Times: user=0.00 sys=0.00, real=0.00 secs] 
189.356: Total time for which application threads were stopped: 0.0005790 seconds, Stopping threads took: 0.0000470 seconds
189.399: Application time: 0.0427670 seconds
189.399: [GC [PSYoungGen: 7680K->512K(8192K)] 11819K->4651K(26112K), 0.0004220 secs] [Times: user=0.01 sys=0.00, real=0.00 secs] 
189.399: Total time for which application threads were stopped: 0.0005330 seconds, Stopping threads took: 0.0000410 seconds
189.442: Application time: 0.0431500 seconds
189.442: [GC [PSYoungGen: 7680K->496K(8192K)] 11819K->4635K(26112K), 0.0004430 secs] [Times: user=0.00 sys=0.00, real=0.00 secs] 
189.443: Total time for which application threads were stopped: 0.0005570 seconds, Stopping threads took: 0.0000540 seconds
189.486: Application time: 0.0432000 seconds
189.486: [GC [PSYoungGen: 7664K->496K(8192K)] 11803K->4635K(26112K), 0.0004650 secs] [Times: user=0.00 sys=0.00, real=0.00 secs] 
189.487: Total time for which application threads were stopped: 0.0005690 seconds, Stopping threads took: 0.0000440 seconds
189.530: Application time: 0.0433140 seconds
189.530: [GC [PSYoungGen: 7664K->528K(8192K)] 11803K->4667K(26112K), 0.0004480 secs] [Times: user=0.01 sys=0.00, real=0.00 secs] 
189.530: Total time for which application threads were stopped: 0.0005490 seconds, Stopping threads took: 0.0000410 seconds
189.574: Application time: 0.0432400 seconds
189.574: [GC [PSYoungGen: 7696K->512K(8192K)] 11835K->4651K(26112K), 0.0004350 secs] [Times: user=0.00 sys=0.00, real=0.00 secs] 
189.574: Total time for which application threads were stopped: 0.0005440 seconds, Stopping threads took: 0.0000480 seconds
189.618: Application time: 0.0433370 seconds
189.618: [GC [PSYoungGen: 7680K->384K(8192K)] 11819K->4643K(26112K), 0.0004320 secs] [Times: user=0.00 sys=0.00, real=0.00 secs] 
189.618: Total time for which application threads were stopped: 0.0005490 seconds, Stopping threads took: 0.0000570 seconds
189.661: Application time: 0.0431300 seconds
189.661: [GC [PSYoungGen: 7552K->336K(8192K)] 11811K->4696K(26112K), 0.0004810 secs] [Times: user=0.00 sys=0.00, real=0.00 secs] 
189.662: Total time for which application threads were stopped: 0.0005820 seconds, Stopping threads took: 0.0000420 seconds
189.705: Application time: 0.0435900 seconds
189.706: [GC [PSYoungGen: 7504K->288K(8192K)] 11864K->4696K(26112K), 0.0003960 secs] [Times: user=0.00 sys=0.00, real=0.00 secs] 
189.706: Total time for which application threads were stopped: 0.0005070 seconds, Stopping threads took: 0.0000500 seconds
189.750: Application time: 0.0435260 seconds
189.750: [GC [PSYoungGen: 7456K->288K(8192K)] 11864K->4696K(26112K), 0.0003960 secs] [Times: user=0.00 sys=0.00, real=0.00 secs] 
189.750: Total time for which application threads were stopped: 0.0005040 seconds, Stopping threads took: 0.0000490 seconds
189.793: Application time: 0.0431510 seconds
189.793: [GC [PSYoungGen: 7456K->208K(8192K)] 11864K->4700K(26112K), 0.0005020 secs] [Times: user=0.00 sys=0.00, real=0.00 secs] 
189.794: Total time for which application threads were stopped: 0.0005990 seconds, Stopping threads took: 0.0000400 seconds
189.835: Application time: 0.0408120 seconds
189.835: [GC [PSYoungGen: 7376K->336K(8192K)] 11868K->4828K(26112K), 0.0004090 secs] [Times: user=0.01 sys=0.00, real=0.00 secs] 
189.835: Total time for which application threads were stopped: 0.0005170 seconds, Stopping threads took: 0.0000470 seconds
189.877: Application time: 0.0423270 seconds
189.878: [GC [PSYoungGen: 7504K->448K(8192K)] 11996K->4940K(26112K), 0.0004880 secs] [Times: user=0.01 sys=0.00, real=0.00 secs] 
189.878: Total time for which application threads were stopped: 0.0006040 seconds, Stopping threads took: 0.0000450 seconds
189.922: Application time: 0.0437030 seconds
189.922: [GC [PSYoungGen: 7616K->416K(8192K)] 12108K->4908K(26112K), 0.0005210 secs] [Times: user=0.01 sys=0.00, real=0.00 secs] 
189.922: Total time for which application threads were stopped: 0.0006420 seconds, Stopping threads took: 0.0000470 seconds
189.966: Application time: 0.0433950 seconds
189.966: [GC [PSYoungGen: 7584K->432K(8192K)] 12076K->4924K(26112K), 0.0004170 secs] [Times: user=0.00 sys=0.00, real=0.00 secs] 
189.966: Total time for which application threads were stopped: 0.0005180 seconds, Stopping threads took: 0.0000410 seconds
190.008: Application time: 0.0422030 seconds
190.009: [GC [PSYoungGen: 7600K->512K(8192K)] 12092K->5004K(26112K), 0.0004890 secs] [Times: user=0.00 sys=0.00, real=0.01 secs] 
190.009: Total time for which application threads were stopped: 0.0005980 seconds, Stopping threads took: 0.0000470 seconds
190.053: Application time: 0.0434340 seconds
190.053: [GC [PSYoungGen: 7680K->480K(8192K)] 12172K->4972K(26112K), 0.0004530 secs] [Times: user=0.00 sys=0.00, real=0.00 secs] 
190.053: Total time for which application threads were stopped: 0.0005620 seconds, Stopping threads took: 0.0000500 seconds
190.096: Application time: 0.0433330 seconds
190.097: [GC [PSYoungGen: 7648K->496K(8192K)] 12140K->4988K(26112K), 0.0004370 secs] [Times: user=0.00 sys=0.00, real=0.00 secs] 
190.097: Total time for which application threads were stopped: 0.0005390 seconds, Stopping threads took: 0.0000430 seconds
190.141: Application time: 0.0435650 seconds
190.141: [GC [PSYoungGen: 7664K->496K(8192K)] 12156K->4988K(26112K), 0.0004480 secs] [Times: user=0.00 sys=0.00, real=0.01 secs] 
190.141: Total time for which application threads were stopped: 0.0005490 seconds, Stopping threads took: 0.0000410 seconds
190.185: Application time: 0.0435850 seconds
190.185: [GC [PSYoungGen: 7664K->496K(8192K)] 12156K->4988K(26112K), 0.0004270 secs] [Times: user=0.00 sys=0.00, real=0.00 secs] 
190.185: Total time for which application threads were stopped: 0.0005310 seconds, Stopping threads took: 0.0000460 seconds
190.228: Application time: 0.0431560 seconds
190.228: [GC [PSYoungGen: 7664K->480K(8192K)] 12156K->4972K(26112K), 0.0004430 secs] [Times: user=0.01 sys=0.00, real=0.00 secs] 
190.229: Total time for which application threads were stopped: 0.0005450 seconds, Stopping threads took: 0.0000440 seconds
190.272: Application time: 0.0429970 seconds
190.272: [GC [PSYoungGen: 7648K->496K(8192K)] 12140K->4988K(26112K), 0.0004360 secs] [Times: user=0.00 sys=0.00, real=0.00 secs] 
190.272: Total time for which application threads were stopped: 0.0005440 seconds, Stopping threads took: 0.0000480 seconds
190.316: Application time: 0.0436000 seconds
190.316: [GC [PSYoungGen: 7664K->496K(8192K)] 12156K->4988K(26112K), 0.0004460 secs] [Times: user=0.01 sys=0.00, real=0.00 secs] 
190.317: Total time for which application threads were stopped: 0.0005480 seconds, Stopping threads took: 0.0000420 seconds
190.360: Application time: 0.0433410 seconds
190.360: [GC [PSYoungGen: 7664K->528K(8192K)] 12156K->5020K(26112K), 0.0004310 secs] [Times: user=0.00 sys=0.00, real=0.00 secs] 
190.360: Total time for which application threads were stopped: 0.0005390 seconds, Stopping threads took: 0.0000480 seconds
190.404: Application time: 0.0432390 seconds
190.404: [GC [PSYoungGen: 7696K->528K(8192K)] 12188K->5020K(26112K), 0.0004260 secs] [Times: user=0.00 sys=0.00, real=0.00 secs] 
190.404: Total time for which application threads were stopped: 0.0005340 seconds, Stopping threads took: 0.0000480 seconds
190.447: Application time: 0.0430740 seconds
190.447: [GC [PSYoungGen: 7696K->480K(8192K)] 12188K->4972K(26112K), 0.0005170 secs] [Times: user=0.00 sys=0.00, real=0.00 secs] 
190.448: Total time for which application threads were stopped: 0.0006350 seconds, Stopping threads took: 0.0000490 seconds
190.491: Application time: 0.0434530 seconds
190.492: [GC [PSYoungGen: 7648K->368K(8192K)] 12140K->4996K(26112K), 0.0005390 secs] [Times: user=0.00 sys=0.00, real=0.00 secs] 
190.492: Total time for which application threads were stopped: 0.0006520 seconds, Stopping threads took: 0.0000430 seconds
190.535: Application time: 0.0433290 seconds
190.535: [GC [PSYoungGen: 7536K->288K(8192K)] 12164K->5004K(26112K), 0.0004430 secs] [Times: user=0.00 sys=0.00, real=0.00 secs] 
190.536: Total time for which application threads were stopped: 0.0005440 seconds, Stopping threads took: 0.0000420 seconds
190.579: Application time: 0.0431650 seconds
190.579: [GC [PSYoungGen: 7456K->320K(8192K)] 12172K->5036K(26112K), 0.0003830 secs] [Times: user=0.00 sys=0.00, real=0.00 secs] 
190.580: Total time for which application threads were stopped: 0.0004960 seconds, Stopping threads took: 0.0000540 seconds
190.623: Application time: 0.0431870 seconds
190.623: [GC [PSYoungGen: 7488K->352K(8192K)] 12204K->5068K(26112K), 0.0003960 secs] [Times: user=0.00 sys=0.00, real=0.00 secs] 
190.623: Total time for which application threads were stopped: 0.0005010 seconds, Stopping threads took: 0.0000460 seconds
190.665: Application time: 0.0421030 seconds
190.666: [GC [PSYoungGen: 7520K->336K(8192K)] 12236K->5148K(26112K), 0.0004060 secs] [Times: user=0.00 sys=0.00, real=0.00 secs] 
190.666: Total time for which application threads were stopped: 0.0005220 seconds, Stopping threads took: 0.0000580 seconds
190.709: Application time: 0.0427520 seconds
190.709: [GC [PSYoungGen: 7504K->336K(8192K)] 12316K->5148K(26112K), 0.0004490 secs] [Times: user=0.00 sys=0.00, real=0.01 secs] 
190.710: Total time for which application threads were stopped: 0.0015860 seconds, Stopping threads took: 0.0000470 seconds
190.753: Application time: 0.0423260 seconds
190.753: [GC [PSYoungGen: 7504K->416K(8192K)] 12316K->5228K(26112K), 0.0004280 secs] [Times: user=0.00 sys=0.00, real=0.00 secs] 
190.753: Total time for which application threads were stopped: 0.0005250 seconds, Stopping threads took: 0.0000400 seconds
190.796: Application time: 0.0431650 seconds
190.796: [GC [PSYoungGen: 7584K->416K(8192K)] 12396K->5228K(26112K), 0.0004860 secs] [Times: user=0.01 sys=0.00, real=0.00 secs] 
190.797: Total time for which application threads were stopped: 0.0005940 seconds, Stopping threads took: 0.0000510 seconds
190.840: Application time: 0.0432730 seconds
190.840: [GC [PSYoungGen: 7584K->400K(8192K)] 12396K->5212K(26112K), 0.0004690 secs] [Times: user=0.00 sys=0.00, real=0.00 secs] 
190.841: Total time for which application threads were stopped: 0.0005860 seconds, Stopping threads took: 0.0000560 seconds
190.883: Application time: 0.0423860 seconds
190.883: [GC [PSYoungGen: 7568K->512K(8192K)] 12380K->5324K(26112K), 0.0004330 secs] [Times: user=0.00 sys=0.00, real=0.00 secs] 
190.884: Total time for which application threads were stopped: 0.0005350 seconds, Stopping threads took: 0.0000390 seconds
190.927: Application time: 0.0434790 seconds
190.927: [GC [PSYoungGen: 7680K->528K(8192K)] 12492K->5340K(26112K), 0.0004790 secs] [Times: user=0.00 sys=0.00, real=0.00 secs] 
190.928: Total time for which application threads were stopped: 0.0006010 seconds, Stopping threads took: 0.0000550 seconds
190.971: Application time: 0.0431570 seconds
190.971: [GC [PSYoungGen: 7696K->496K(8192K)] 12508K->5308K(26112K), 0.0004380 secs] [Times: user=0.00 sys=0.00, real=0.00 secs] 
190.971: Total time for which application threads were stopped: 0.0005590 seconds, Stopping threads took: 0.0000510 seconds
191.015: Application time: 0.0437810 seconds
191.015: [GC [PSYoungGen: 7664K->480K(8192K)] 12476K->5292K(26112K), 0.0004900 secs] [Times: user=0.00 sys=0.00, real=0.00 secs] 
191.016: Total time for which application threads were stopped: 0.0005980 seconds, Stopping threads took: 0.0000480 seconds
191.059: Application time: 0.0433810 seconds
191.059: [GC [PSYoungGen: 7648K->480K(8192K)] 12460K->5292K(26112K), 0.0005300 secs] [Times: user=0.00 sys=0.00, real=0.00 secs] 
191.060: Total time for which application threads were stopped: 0.0006320 seconds, Stopping threads took: 0.0000420 seconds
191.103: Application time: 0.0430850 seconds
191.103: [GC [PSYoungGen: 7648K->480K(8192K)] 12460K->5292K(26112K), 0.0004350 secs] [Times: user=0.01 sys=0.00, real=0.00 secs] 
191.103: Total time for which application threads were stopped: 0.0005350 seconds, Stopping threads took: 0.0000410 seconds
191.147: Application time: 0.0433430 seconds
191.147: [GC [PSYoungGen: 7648K->464K(8192K)] 12460K->5276K(26112K), 0.0005680 secs] [Times: user=0.00 sys=0.00, real=0.00 secs] 
191.148: Total time for which application threads were stopped: 0.0006710 seconds, Stopping threads took: 0.0000430 seconds
191.191: Application time: 0.0431590 seconds
191.191: [GC [PSYoungGen: 7632K->512K(8192K)] 12444K->5324K(26112K), 0.0004270 secs] [Times: user=0.00 sys=0.00, real=0.00 secs] 
191.191: Total time for which application threads were stopped: 0.0005280 seconds, Stopping threads took: 0.0000400 seconds
191.234: Application time: 0.0431490 seconds
191.234: [GC [PSYoungGen: 7680K->496K(8192K)] 12492K->5308K(26112K), 0.0005060 secs] [Times: user=0.00 sys=0.00, real=0.00 secs] 
191.235: Total time for which application threads were stopped: 0.0006110 seconds, Stopping threads took: 0.0000530 seconds
191.278: Application time: 0.0431950 seconds
191.278: [GC [PSYoungGen: 7664K->512K(8192K)] 12476K->5324K(26112K), 0.0004300 secs] [Times: user=0.01 sys=0.00, real=0.00 secs] 
191.279: Total time for which application threads were stopped: 0.0005430 seconds, Stopping threads took: 0.0000560 seconds
191.322: Application time: 0.0432110 seconds
191.322: [GC [PSYoungGen: 7680K->400K(8192K)] 12492K->5336K(26112K), 0.0004780 secs] [Times: user=0.00 sys=0.00, real=0.00 secs] 
191.323: Total time for which application threads were stopped: 0.0005920 seconds, Stopping threads took: 0.0000550 seconds
191.366: Application time: 0.0435380 seconds
191.366: [GC [PSYoungGen: 7568K->336K(8192K)] 12504K->5320K(26112K), 0.0004190 secs] [Times: user=0.00 sys=0.00, real=0.00 secs] 
191.367: Total time for which application threads were stopped: 0.0005330 seconds, Stopping threads took: 0.0000530 seconds
191.410: Application time: 0.0431940 seconds
191.410: [GC [PSYoungGen: 7504K->288K(8192K)] 12488K->5352K(26112K), 0.0004520 secs] [Times: user=0.01 sys=0.00, real=0.00 secs] 
191.410: Total time for which application threads were stopped: 0.0005660 seconds, Stopping threads took: 0.0000550 seconds
191.454: Application time: 0.0435750 seconds
191.454: [GC [PSYoungGen: 7456K->320K(8192K)] 12520K->5384K(26112K), 0.0004000 secs] [Times: user=0.00 sys=0.00, real=0.00 secs] 
191.454: Total time for which application threads were stopped: 0.0005040 seconds, Stopping threads took: 0.0000460 seconds
191.498: Application time: 0.0432900 seconds
191.498: [GC [PSYoungGen: 7488K->320K(8192K)] 12552K->5384K(26112K), 0.0003810 secs] [Times: user=0.00 sys=0.00, real=0.00 secs] 
191.498: Total time for which application threads were stopped: 0.0004930 seconds, Stopping threads took: 0.0000450 seconds
191.540: Application time: 0.0417040 seconds
191.540: [GC [PSYoungGen: 7488K->304K(8192K)] 12552K->5472K(26112K), 0.0004150 secs] [Times: user=0.00 sys=0.00, real=0.00 secs] 
191.540: Total time for which application threads were stopped: 0.0005180 seconds, Stopping threads took: 0.0000450 seconds
191.583: Application time: 0.0427540 seconds
191.583: [GC [PSYoungGen: 7472K->384K(8192K)] 12640K->5552K(26112K), 0.0004080 secs] [Times: user=0.01 sys=0.00, real=0.00 secs] 
191.584: Total time for which application threads were stopped: 0.0005190 seconds, Stopping threads took: 0.0000520 seconds
191.626: Application time: 0.0424380 seconds
191.626: [GC [PSYoungGen: 7552K->432K(8192K)] 12720K->5600K(26112K), 0.0004150 secs] [Times: user=0.00 sys=0.00, real=0.00 secs] 
191.627: Total time for which application threads were stopped: 0.0005150 seconds, Stopping threads took: 0.0000390 seconds
191.670: Application time: 0.0434630 seconds
191.670: [GC [PSYoungGen: 7600K->400K(8192K)] 12768K->5568K(26112K), 0.0004740 secs] [Times: user=0.00 sys=0.00, real=0.00 secs] 
191.671: Total time for which application threads were stopped: 0.0005860 seconds, Stopping threads took: 0.0000520 seconds
191.713: Application time: 0.0425140 seconds
191.713: [GC [PSYoungGen: 7568K->480K(8192K)] 12736K->5648K(26112K), 0.0004350 secs] [Times: user=0.00 sys=0.00, real=0.00 secs] 
191.714: Total time for which application threads were stopped: 0.0005390 seconds, Stopping threads took: 0.0000430 seconds
191.757: Application time: 0.0434090 seconds
191.757: [GC [PSYoungGen: 7648K->544K(8192K)] 12816K->5712K(26112K), 0.0005120 secs] [Times: user=0.01 sys=0.00, real=0.00 secs] 
191.758: Total time for which application threads were stopped: 0.0006050 seconds, Stopping threads took: 0.0000340 seconds
191.801: Application time: 0.0432990 seconds
191.801: [GC [PSYoungGen: 7712K->528K(8192K)] 12880K->5696K(26112K), 0.0004620 secs] [Times: user=0.00 sys=0.00, real=0.00 secs] 
191.802: Total time for which application threads were stopped: 0.0005600 seconds, Stopping threads took: 0.0000410 seconds
191.845: Application time: 0.0434340 seconds
191.845: [GC [PSYoungGen: 7696K->496K(8192K)] 12864K->5664K(26112K), 0.0004540 secs] [Times: user=0.00 sys=0.00, real=0.00 secs] 
191.846: Total time for which application threads were stopped: 0.0005620 seconds, Stopping threads took: 0.0000470 seconds
191.889: Application time: 0.0437100 seconds
191.889: [GC [PSYoungGen: 7664K->496K(8192K)] 12832K->5664K(26112K), 0.0004750 secs] [Times: user=0.00 sys=0.00, real=0.00 secs] 
191.890: Total time for which application threads were stopped: 0.0005770 seconds, Stopping threads took: 0.0000450 seconds
191.933: Application time: 0.0434810 seconds
191.934: [GC [PSYoungGen: 7664K->464K(8192K)] 12832K->5632K(26112K), 0.0004690 secs] [Times: user=0.00 sys=0.00, real=0.00 secs] 
191.934: Total time for which application threads were stopped: 0.0005860 seconds, Stopping threads took: 0.0000510 seconds
191.980: Application time: 0.0459090 seconds
191.980: [GC [PSYoungGen: 7632K->496K(8192K)] 12800K->5664K(26112K), 0.0004580 secs] [Times: user=0.00 sys=0.00, real=0.00 secs] 
191.980: Total time for which application threads were stopped: 0.0005660 seconds, Stopping threads took: 0.0000430 seconds
192.024: Application time: 0.0432070 seconds
192.024: [GC [PSYoungGen: 7664K->496K(8192K)] 12832K->5664K(26112K), 0.0004370 secs] [Times: user=0.00 sys=0.00, real=0.00 secs] 
192.024: Total time for which application threads were stopped: 0.0005570 seconds, Stopping threads took: 0.0000480 seconds
192.067: Application time: 0.0431730 seconds
192.068: [GC [PSYoungGen: 7664K->464K(8192K)] 12832K->5632K(26112K), 0.0005190 secs] [Times: user=0.00 sys=0.00, real=0.00 secs] 
192.068: Total time for which application threads were stopped: 0.0006310 seconds, Stopping threads took: 0.0000520 seconds
192.112: Application time: 0.0434860 seconds
192.112: [GC [PSYoungGen: 7632K->480K(8192K)] 12800K->5648K(26112K), 0.0004460 secs] [Times: user=0.00 sys=0.00, real=0.00 secs] 
192.112: Total time for which application threads were stopped: 0.0005650 seconds, Stopping threads took: 0.0000570 seconds
192.155: Application time: 0.0431880 seconds
192.155: [GC [PSYoungGen: 7648K->528K(8192K)] 12816K->5696K(26112K), 0.0004790 secs] [Times: user=0.00 sys=0.00, real=0.00 secs] 
192.156: Total time for which application threads were stopped: 0.0005990 seconds, Stopping threads took: 0.0000600 seconds
192.199: Application time: 0.0433790 seconds
192.199: [GC [PSYoungGen: 7696K->384K(8192K)] 12864K->5672K(26112K), 0.0005100 secs] [Times: user=0.00 sys=0.00, real=0.00 secs] 
192.200: Total time for which application threads were stopped: 0.0006090 seconds, Stopping threads took: 0.0000410 seconds
192.244: Application time: 0.0437940 seconds
192.244: [GC [PSYoungGen: 7552K->352K(8192K)] 12840K->5688K(26112K), 0.0004290 secs] [Times: user=0.00 sys=0.00, real=0.00 secs] 
192.244: Total time for which application threads were stopped: 0.0005410 seconds, Stopping threads took: 0.0000530 seconds
192.287: Application time: 0.0432050 seconds
192.288: [GC [PSYoungGen: 7520K->304K(8192K)] 12856K->5736K(26112K), 0.0004780 secs] [Times: user=0.01 sys=0.00, real=0.00 secs] 
192.288: Total time for which application threads were stopped: 0.0005910 seconds, Stopping threads took: 0.0000490 seconds
192.332: Application time: 0.0435030 seconds
192.332: [GC [PSYoungGen: 7472K->288K(8192K)] 12904K->5720K(26112K), 0.0003960 secs] [Times: user=0.00 sys=0.00, real=0.00 secs] 
192.332: Total time for which application threads were stopped: 0.0005080 seconds, Stopping threads took: 0.0000510 seconds
192.375: Application time: 0.0426060 seconds
192.375: [GC [PSYoungGen: 7454K->272K(8192K)] 12887K->5800K(26112K), 0.0004420 secs] [Times: user=0.01 sys=0.00, real=0.00 secs] 
192.375: Total time for which application threads were stopped: 0.0005460 seconds, Stopping threads took: 0.0000430 seconds
192.416: Application time: 0.0404810 seconds
192.416: [GC [PSYoungGen: 7440K->352K(8192K)] 12968K->5880K(26112K), 0.0003850 secs] [Times: user=0.00 sys=0.00, real=0.00 secs] 
192.416: Total time for which application threads were stopped: 0.0004910 seconds, Stopping threads took: 0.0000480 seconds
192.455: Application time: 0.0387940 seconds
192.455: [GC [PSYoungGen: 7520K->400K(8192K)] 13048K->5928K(26112K), 0.0004310 secs] [Times: user=0.00 sys=0.00, real=0.00 secs] 
192.456: Total time for which application threads were stopped: 0.0005320 seconds, Stopping threads took: 0.0000440 seconds
192.495: Application time: 0.0390600 seconds
192.495: [GC [PSYoungGen: 7568K->432K(8192K)] 13096K->5960K(26112K), 0.0004310 secs] [Times: user=0.01 sys=0.00, real=0.00 secs] 
192.495: Total time for which application threads were stopped: 0.0005320 seconds, Stopping threads took: 0.0000450 seconds
192.535: Application time: 0.0397800 seconds
192.535: [GC [PSYoungGen: 7600K->416K(8192K)] 13128K->5944K(26112K), 0.0003850 secs] [Times: user=0.01 sys=0.00, real=0.00 secs] 
192.535: Total time for which application threads were stopped: 0.0004880 seconds, Stopping threads took: 0.0000410 seconds
192.574: Application time: 0.0384670 seconds
192.574: [GC [PSYoungGen: 7584K->496K(8192K)] 13112K->6024K(26112K), 0.0004200 secs] [Times: user=0.01 sys=0.00, real=0.00 secs] 
192.574: Total time for which application threads were stopped: 0.0005430 seconds, Stopping threads took: 0.0000650 seconds
192.614: Application time: 0.0398320 seconds
192.614: [GC [PSYoungGen: 7664K->528K(8192K)] 13192K->6056K(26112K), 0.0004500 secs] [Times: user=0.01 sys=0.00, real=0.00 secs] 
192.615: Total time for which application threads were stopped: 0.0005480 seconds, Stopping threads took: 0.0000400 seconds
192.654: Application time: 0.0395330 seconds
192.654: [GC [PSYoungGen: 7696K->512K(8192K)] 13224K->6040K(26112K), 0.0004150 secs] [Times: user=0.00 sys=0.00, real=0.00 secs] 
192.655: Total time for which application threads were stopped: 0.0005240 seconds, Stopping threads took: 0.0000530 seconds
192.694: Application time: 0.0393520 seconds
192.694: [GC [PSYoungGen: 7680K->480K(8192K)] 13208K->6008K(26112K), 0.0004520 secs] [Times: user=0.00 sys=0.00, real=0.00 secs] 
192.695: Total time for which application threads were stopped: 0.0005540 seconds, Stopping threads took: 0.0000460 seconds
192.734: Application time: 0.0392150 seconds
192.734: [GC [PSYoungGen: 7648K->544K(8192K)] 13176K->6072K(26112K), 0.0004640 secs] [Times: user=0.00 sys=0.00, real=0.00 secs] 
192.735: Total time for which application threads were stopped: 0.0005670 seconds, Stopping threads took: 0.0000440 seconds
192.775: Application time: 0.0401000 seconds
192.775: [GC [PSYoungGen: 7712K->480K(8192K)] 13240K->6008K(26112K), 0.0004160 secs] [Times: user=0.01 sys=0.00, real=0.00 secs] 
192.775: Total time for which application threads were stopped: 0.0005270 seconds, Stopping threads took: 0.0000520 seconds
192.815: Application time: 0.0394210 seconds
192.817: [GC [PSYoungGen: 7648K->464K(8192K)] 13176K->5992K(26112K), 0.0007220 secs] [Times: user=0.01 sys=0.00, real=0.00 secs] 
192.818: Total time for which application threads were stopped: 0.0033270 seconds, Stopping threads took: 0.0025040 seconds
192.861: Application time: 0.0431290 seconds
192.861: [GC [PSYoungGen: 7632K->480K(8192K)] 13160K->6008K(26112K), 0.0004980 secs] [Times: user=0.00 sys=0.00, real=0.00 secs] 
192.862: Total time for which application threads were stopped: 0.0006130 seconds, Stopping threads took: 0.0000460 seconds
192.901: Application time: 0.0395640 seconds
192.901: [GC [PSYoungGen: 7648K->496K(8192K)] 13176K->6024K(26112K), 0.0004720 secs] [Times: user=0.00 sys=0.00, real=0.00 secs] 
192.902: Total time for which application threads were stopped: 0.0005860 seconds, Stopping threads took: 0.0000470 seconds
192.941: Application time: 0.0396710 seconds
192.945: [GC [PSYoungGen: 7664K->464K(8192K)] 13192K->5992K(26112K), 0.0004310 secs] [Times: user=0.00 sys=0.00, real=0.00 secs] 
192.946: Total time for which application threads were stopped: 0.0040670 seconds, Stopping threads took: 0.0035790 seconds
192.985: Application time: 0.0392320 seconds
192.985: [GC [PSYoungGen: 7632K->400K(8192K)] 13160K->6000K(26112K), 0.0004250 secs] [Times: user=0.00 sys=0.00, real=0.00 secs] 
192.985: Total time for which application threads were stopped: 0.0005150 seconds, Stopping threads took: 0.0000380 seconds
193.025: Application time: 0.0392850 seconds
193.025: [GC [PSYoungGen: 7568K->336K(8192K)] 13168K->6049K(26112K), 0.0004410 secs] [Times: user=0.00 sys=0.00, real=0.00 secs] 
193.025: Total time for which application threads were stopped: 0.0005360 seconds, Stopping threads took: 0.0000380 seconds
193.065: Application time: 0.0396150 seconds
193.065: [GC [PSYoungGen: 7504K->336K(8192K)] 13217K->6105K(26112K), 0.0003810 secs] [Times: user=0.00 sys=0.00, real=0.00 secs] 
193.065: Total time for which application threads were stopped: 0.0004890 seconds, Stopping threads took: 0.0000400 seconds
193.104: Application time: 0.0392390 seconds
193.105: [GC [PSYoungGen: 7504K->288K(8192K)] 13273K->6105K(26112K), 0.0004170 secs] [Times: user=0.00 sys=0.00, real=0.00 secs] 
193.105: Total time for which application threads were stopped: 0.0005100 seconds, Stopping threads took: 0.0000370 seconds
193.145: Application time: 0.0397370 seconds
193.145: [GC [PSYoungGen: 7456K->272K(8192K)] 13273K->6089K(26112K), 0.0004110 secs] [Times: user=0.00 sys=0.00, real=0.00 secs] 
193.145: Total time for which application threads were stopped: 0.0005170 seconds, Stopping threads took: 0.0000490 seconds
193.183: Application time: 0.0382100 seconds
193.184: [GC [PSYoungGen: 7440K->336K(8192K)] 13257K->6241K(26112K), 0.0004150 secs] [Times: user=0.00 sys=0.00, real=0.00 secs] 
193.184: Total time for which application threads were stopped: 0.0005120 seconds, Stopping threads took: 0.0000370 seconds
193.223: Application time: 0.0390710 seconds
193.223: [GC [PSYoungGen: 7504K->304K(8192K)] 13409K->6209K(26112K), 0.0003750 secs] [Times: user=0.01 sys=0.00, real=0.00 secs] 
193.224: Total time for which application threads were stopped: 0.0004780 seconds, Stopping threads took: 0.0000470 seconds
193.261: Application time: 0.0377510 seconds
193.261: [GC [PSYoungGen: 7472K->464K(8192K)] 13377K->6369K(26112K), 0.0004510 secs] [Times: user=0.00 sys=0.00, real=0.00 secs] 
193.262: Total time for which application threads were stopped: 0.0005530 seconds, Stopping threads took: 0.0000440 seconds
193.301: Application time: 0.0396040 seconds
193.301: [GC [PSYoungGen: 7632K->384K(8192K)] 13537K->6289K(26112K), 0.0003970 secs] [Times: user=0.00 sys=0.00, real=0.00 secs] 
193.302: Total time for which application threads were stopped: 0.0005000 seconds, Stopping threads took: 0.0000490 seconds
193.341: Application time: 0.0390670 seconds
193.341: [GC [PSYoungGen: 7552K->448K(8192K)] 13457K->6353K(26112K), 0.0004080 secs] [Times: user=0.00 sys=0.00, real=0.00 secs] 
193.341: Total time for which application threads were stopped: 0.0005060 seconds, Stopping threads took: 0.0000440 seconds
193.380: Application time: 0.0385240 seconds
193.380: [GC [PSYoungGen: 7616K->480K(8192K)] 13521K->6385K(26112K), 0.0004320 secs] [Times: user=0.00 sys=0.00, real=0.00 secs] 
193.381: Total time for which application threads were stopped: 0.0005320 seconds, Stopping threads took: 0.0000460 seconds
193.420: Application time: 0.0395940 seconds
193.420: [GC [PSYoungGen: 7648K->496K(8192K)] 13553K->6401K(26112K), 0.0004210 secs] [Times: user=0.00 sys=0.00, real=0.00 secs] 
193.421: Total time for which application threads were stopped: 0.0005240 seconds, Stopping threads took: 0.0000470 seconds
193.460: Application time: 0.0396740 seconds
193.460: [GC [PSYoungGen: 7664K->544K(8192K)] 13569K->6449K(26112K), 0.0005060 secs] [Times: user=0.00 sys=0.00, real=0.00 secs] 
193.461: Total time for which application threads were stopped: 0.0006070 seconds, Stopping threads took: 0.0000430 seconds
193.500: Application time: 0.0392910 seconds
193.500: [GC [PSYoungGen: 7712K->496K(8192K)] 13617K->6401K(26112K), 0.0004150 secs] [Times: user=0.00 sys=0.00, real=0.00 secs] 
193.501: Total time for which application threads were stopped: 0.0005190 seconds, Stopping threads took: 0.0000480 seconds
193.540: Application time: 0.0393150 seconds
193.540: [GC [PSYoungGen: 7664K->512K(8192K)] 13569K->6417K(26112K), 0.0004680 secs] [Times: user=0.00 sys=0.00, real=0.00 secs] 
193.541: Total time for which application threads were stopped: 0.0005620 seconds, Stopping threads took: 0.0000400 seconds
193.580: Application time: 0.0392090 seconds
193.580: [GC [PSYoungGen: 7680K->496K(8192K)] 13585K->6401K(26112K), 0.0004670 secs] [Times: user=0.00 sys=0.00, real=0.00 secs] 
193.580: Total time for which application threads were stopped: 0.0005750 seconds, Stopping threads took: 0.0000460 seconds
193.620: Application time: 0.0395020 seconds
193.620: [GC [PSYoungGen: 7664K->528K(8192K)] 13569K->6433K(26112K), 0.0004220 secs] [Times: user=0.01 sys=0.00, real=0.00 secs] 
193.620: Total time for which application threads were stopped: 0.0005270 seconds, Stopping threads took: 0.0000450 seconds
193.660: Application time: 0.0392010 seconds
193.660: [GC [PSYoungGen: 7696K->496K(8192K)] 13601K->6401K(26112K), 0.0004390 secs] [Times: user=0.00 sys=0.00, real=0.00 secs] 
193.660: Total time for which application threads were stopped: 0.0005400 seconds, Stopping threads took: 0.0000450 seconds
193.700: Application time: 0.0394900 seconds
193.700: [GC [PSYoungGen: 7664K->512K(8192K)] 13569K->6417K(26112K), 0.0004590 secs] [Times: user=0.00 sys=0.00, real=0.00 secs] 
193.700: Total time for which application threads were stopped: 0.0005560 seconds, Stopping threads took: 0.0000420 seconds
193.740: Application time: 0.0395320 seconds
193.740: [GC [PSYoungGen: 7680K->496K(8192K)] 13585K->6401K(26112K), 0.0004060 secs] [Times: user=0.01 sys=0.00, real=0.00 secs] 
193.740: Total time for which application threads were stopped: 0.0005110 seconds, Stopping threads took: 0.0000480 seconds
193.779: Application time: 0.0391940 seconds
193.780: [GC [PSYoungGen: 7664K->464K(8192K)] 13569K->6449K(26112K), 0.0005020 secs] [Times: user=0.00 sys=0.00, real=0.00 secs] 
193.780: Total time for which application threads were stopped: 0.0006120 seconds, Stopping threads took: 0.0000510 seconds
193.820: Application time: 0.0394120 seconds
193.821: [GC [PSYoungGen: 7632K->368K(8192K)] 13617K->6409K(26112K), 0.0004300 secs] [Times: user=0.01 sys=0.00, real=0.00 secs] 
193.822: Total time for which application threads were stopped: 0.0020080 seconds, Stopping threads took: 0.0015180 seconds
193.861: Application time: 0.0393690 seconds
193.861: [GC [PSYoungGen: 7536K->288K(8192K)] 13577K->6441K(26112K), 0.0003890 secs] [Times: user=0.00 sys=0.01, real=0.01 secs] 
193.861: Total time for which application threads were stopped: 0.0005060 seconds, Stopping threads took: 0.0000610 seconds
193.901: Application time: 0.0399000 seconds
193.901: [GC [PSYoungGen: 7456K->288K(8192K)] 13609K->6441K(26112K), 0.0004460 secs] [Times: user=0.00 sys=0.00, real=0.00 secs] 
193.902: Total time for which application threads were stopped: 0.0005760 seconds, Stopping threads took: 0.0000620 seconds
193.941: Application time: 0.0389600 seconds
193.941: [GC [PSYoungGen: 7456K->320K(8192K)] 13609K->6521K(26112K), 0.0004660 secs] [Times: user=0.00 sys=0.00, real=0.01 secs] 
193.941: Total time for which application threads were stopped: 0.0005840 seconds, Stopping threads took: 0.0000500 seconds
193.980: Application time: 0.0387580 seconds
193.980: [GC [PSYoungGen: 7488K->288K(8192K)] 13689K->6537K(26112K), 0.0003750 secs] [Times: user=0.00 sys=0.00, real=0.00 secs] 
193.981: Total time for which application threads were stopped: 0.0004740 seconds, Stopping threads took: 0.0000430 seconds
194.019: Application time: 0.0386030 seconds
194.019: [GC [PSYoungGen: 7456K->384K(8192K)] 13705K->6633K(26112K), 0.0003850 secs] [Times: user=0.00 sys=0.00, real=0.00 secs] 
194.020: Total time for which application threads were stopped: 0.0004800 seconds, Stopping threads took: 0.0000390 seconds
194.058: Application time: 0.0383770 seconds
194.058: [GC [PSYoungGen: 7552K->400K(8192K)] 13801K->6649K(26112K), 0.0003950 secs] [Times: user=0.00 sys=0.00, real=0.00 secs] 
194.059: Total time for which application threads were stopped: 0.0005060 seconds, Stopping threads took: 0.0000530 seconds
194.098: Application time: 0.0396210 seconds
194.098: [GC [PSYoungGen: 7568K->432K(8192K)] 13817K->6681K(26112K), 0.0003970 secs] [Times: user=0.00 sys=0.00, real=0.00 secs] 
194.099: Total time for which application threads were stopped: 0.0005070 seconds, Stopping threads took: 0.0000450 seconds
194.138: Application time: 0.0390140 seconds
194.138: [GC [PSYoungGen: 7600K->400K(8192K)] 13849K->6649K(26112K), 0.0004050 secs] [Times: user=0.00 sys=0.00, real=0.00 secs] 
194.138: Total time for which application threads were stopped: 0.0005100 seconds, Stopping threads took: 0.0000450 seconds
194.177: Application time: 0.0391490 seconds
194.178: [GC [PSYoungGen: 7568K->512K(8192K)] 13817K->6761K(26112K), 0.0004970 secs] [Times: user=0.01 sys=0.00, real=0.00 secs] 
194.178: Total time for which application threads were stopped: 0.0006000 seconds, Stopping threads took: 0.0000450 seconds
194.217: Application time: 0.0393130 seconds
194.217: [GC [PSYoungGen: 7680K->496K(8192K)] 13929K->6745K(26112K), 0.0004600 secs] [Times: user=0.00 sys=0.00, real=0.00 secs] 
194.218: Total time for which application threads were stopped: 0.0005580 seconds, Stopping threads took: 0.0000410 seconds
194.257: Application time: 0.0395250 seconds
194.258: [GC [PSYoungGen: 7664K->496K(8192K)] 13913K->6745K(26112K), 0.0004440 secs] [Times: user=0.00 sys=0.00, real=0.00 secs] 
194.258: Total time for which application threads were stopped: 0.0005420 seconds, Stopping threads took: 0.0000420 seconds
194.297: Application time: 0.0393370 seconds
194.297: [GC [PSYoungGen: 7664K->528K(8192K)] 13913K->6777K(26112K), 0.0004060 secs] [Times: user=0.00 sys=0.00, real=0.00 secs] 
194.298: Total time for which application threads were stopped: 0.0005020 seconds, Stopping threads took: 0.0000390 seconds
194.337: Application time: 0.0396200 seconds
194.338: [GC [PSYoungGen: 7696K->512K(8192K)] 13945K->6761K(26112K), 0.0004770 secs] [Times: user=0.00 sys=0.00, real=0.00 secs] 
194.338: Total time for which application threads were stopped: 0.0005820 seconds, Stopping threads took: 0.0000450 seconds
194.378: Application time: 0.0397450 seconds
194.378: [GC [PSYoungGen: 7680K->464K(8192K)] 13929K->6713K(26112K), 0.0004490 secs] [Times: user=0.00 sys=0.00, real=0.00 secs] 
194.378: Total time for which application threads were stopped: 0.0005500 seconds, Stopping threads took: 0.0000440 seconds
194.418: Application time: 0.0392150 seconds
194.418: [GC [PSYoungGen: 7632K->464K(8192K)] 13881K->6713K(26112K), 0.0004010 secs] [Times: user=0.00 sys=0.00, real=0.00 secs] 
194.418: Total time for which application threads were stopped: 0.0005020 seconds, Stopping threads took: 0.0000430 seconds
194.457: Application time: 0.0392690 seconds
194.457: [GC [PSYoungGen: 7632K->480K(8192K)] 13881K->6729K(26112K), 0.0004130 secs] [Times: user=0.00 sys=0.00, real=0.00 secs] 
194.458: Total time for which application threads were stopped: 0.0005180 seconds, Stopping threads took: 0.0000510 seconds
194.497: Application time: 0.0393190 seconds
194.497: [GC [PSYoungGen: 7648K->464K(8192K)] 13897K->6713K(26112K), 0.0004170 secs] [Times: user=0.00 sys=0.00, real=0.00 secs] 
194.498: Total time for which application threads were stopped: 0.0005140 seconds, Stopping threads took: 0.0000420 seconds
194.537: Application time: 0.0393530 seconds
194.537: [GC [PSYoungGen: 7632K->496K(8192K)] 13881K->6785K(26112K), 0.0004550 secs] [Times: user=0.00 sys=0.00, real=0.00 secs] 
194.538: Total time for which application threads were stopped: 0.0005520 seconds, Stopping threads took: 0.0000390 seconds
194.577: Application time: 0.0397310 seconds
194.577: [GC [PSYoungGen: 7664K->416K(8192K)] 13953K->6761K(26112K), 0.0004390 secs] [Times: user=0.00 sys=0.00, real=0.00 secs] 
194.578: Total time for which application threads were stopped: 0.0005350 seconds, Stopping threads took: 0.0000430 seconds
194.617: Application time: 0.0392500 seconds
194.617: [GC [PSYoungGen: 7584K->336K(8192K)] 13929K->6777K(26112K), 0.0003920 secs] [Times: user=0.00 sys=0.00, real=0.00 secs] 
194.618: Total time for which application threads were stopped: 0.0005170 seconds, Stopping threads took: 0.0000580 seconds
194.657: Application time: 0.0393210 seconds
194.657: [GC [PSYoungGen: 7504K->320K(8192K)] 13945K->6849K(26112K), 0.0003700 secs] [Times: user=0.00 sys=0.00, real=0.00 secs] 
194.657: Total time for which application threads were stopped: 0.0004790 seconds, Stopping threads took: 0.0000490 seconds
194.697: Application time: 0.0396720 seconds
194.697: [GC [PSYoungGen: 7488K->320K(8192K)] 14017K->6849K(26112K), 0.0003710 secs] [Times: user=0.00 sys=0.00, real=0.00 secs] 
194.698: Total time for which application threads were stopped: 0.0004850 seconds, Stopping threads took: 0.0000600 seconds
194.736: Application time: 0.0388120 seconds
194.736: [GC [PSYoungGen: 7488K->288K(8192K)] 14017K->6873K(26112K), 0.0003720 secs] [Times: user=0.00 sys=0.00, real=0.00 secs] 
194.737: Total time for which application threads were stopped: 0.0004750 seconds, Stopping threads took: 0.0000470 seconds
194.776: Application time: 0.0387040 seconds
194.776: [GC [PSYoungGen: 7456K->336K(8192K)] 14041K->6969K(26112K), 0.0003900 secs] [Times: user=0.00 sys=0.00, real=0.00 secs] 
194.776: Total time for which application threads were stopped: 0.0004990 seconds, Stopping threads took: 0.0000550 seconds
194.814: Application time: 0.0377290 seconds
194.814: [GC [PSYoungGen: 7504K->416K(8192K)] 14137K->7049K(26112K), 0.0003850 secs] [Times: user=0.00 sys=0.00, real=0.00 secs] 
194.814: Total time for which application threads were stopped: 0.0004860 seconds, Stopping threads took: 0.0000430 seconds
194.854: Application time: 0.0392620 seconds
194.854: [GC [PSYoungGen: 7584K->432K(8192K)] 14217K->7065K(26112K), 0.0004060 secs] [Times: user=0.00 sys=0.00, real=0.00 secs] 
194.854: Total time for which application threads were stopped: 0.0005000 seconds, Stopping threads took: 0.0000400 seconds
194.895: Application time: 0.0405000 seconds
194.895: [GC [PSYoungGen: 7600K->400K(8192K)] 14233K->7033K(26112K), 0.0003870 secs] [Times: user=0.00 sys=0.00, real=0.00 secs] 
194.895: Total time for which application threads were stopped: 0.0004790 seconds, Stopping threads took: 0.0000360 seconds
194.934: Application time: 0.0387220 seconds
194.934: [GC [PSYoungGen: 7568K->528K(8192K)] 14201K->7161K(26112K), 0.0004610 secs] [Times: user=0.00 sys=0.00, real=0.00 secs] 
194.934: Total time for which application threads were stopped: 0.0005840 seconds, Stopping threads took: 0.0000570 seconds
194.974: Application time: 0.0394750 seconds
194.974: [GC [PSYoungGen: 7696K->512K(8192K)] 14329K->7145K(26112K), 0.0004170 secs] [Times: user=0.00 sys=0.00, real=0.00 secs] 
194.974: Total time for which application threads were stopped: 0.0005180 seconds, Stopping threads took: 0.0000460 seconds
195.014: Application time: 0.0393340 seconds
195.014: [GC [PSYoungGen: 7680K->480K(8192K)] 14313K->7113K(26112K), 0.0004560 secs] [Times: user=0.01 sys=0.00, real=0.00 secs] 
195.014: Total time for which application threads were stopped: 0.0005550 seconds, Stopping threads took: 0.0000440 seconds
195.054: Application time: 0.0395230 seconds
195.054: [GC [PSYoungGen: 7648K->512K(8192K)] 14281K->7145K(26112K), 0.0004260 secs] [Times: user=0.00 sys=0.00, real=0.00 secs] 
195.054: Total time for which application threads were stopped: 0.0005220 seconds, Stopping threads took: 0.0000380 seconds
195.094: Application time: 0.0394080 seconds
195.094: [GC [PSYoungGen: 7680K->544K(8192K)] 14313K->7177K(26112K), 0.0004160 secs] [Times: user=0.00 sys=0.00, real=0.00 secs] 
195.094: Total time for which application threads were stopped: 0.0005180 seconds, Stopping threads took: 0.0000440 seconds
195.133: Application time: 0.0391890 seconds
195.133: [GC [PSYoungGen: 7712K->480K(8192K)] 14345K->7113K(26112K), 0.0004180 secs] [Times: user=0.01 sys=0.00, real=0.00 secs] 
195.134: Total time for which application threads were stopped: 0.0005300 seconds, Stopping threads took: 0.0000420 seconds
195.173: Application time: 0.0391540 seconds
195.173: [GC [PSYoungGen: 7648K->480K(8192K)] 14281K->7113K(26112K), 0.0004090 secs] [Times: user=0.00 sys=0.00, real=0.00 secs] 
195.174: Total time for which application threads were stopped: 0.0005070 seconds, Stopping threads took: 0.0000440 seconds
195.213: Application time: 0.0390740 seconds
195.213: [GC [PSYoungGen: 7648K->512K(8192K)] 14281K->7145K(26112K), 0.0004280 secs] [Times: user=0.01 sys=0.00, real=0.00 secs] 
195.213: Total time for which application threads were stopped: 0.0005350 seconds, Stopping threads took: 0.0000470 seconds
195.253: Application time: 0.0393710 seconds
195.253: [GC [PSYoungGen: 7680K->512K(8192K)] 14313K->7145K(26112K), 0.0004220 secs] [Times: user=0.00 sys=0.00, real=0.00 secs] 
195.253: Total time for which application threads were stopped: 0.0005250 seconds, Stopping threads took: 0.0000470 seconds
195.293: Application time: 0.0395290 seconds
195.293: [GC [PSYoungGen: 7680K->512K(8192K)] 14313K->7145K(26112K), 0.0004580 secs] [Times: user=0.00 sys=0.00, real=0.00 secs] 
195.293: Total time for which application threads were stopped: 0.0005640 seconds, Stopping threads took: 0.0000480 seconds
195.333: Application time: 0.0395820 seconds
195.333: [GC [PSYoungGen: 7680K->480K(8192K)] 14313K->7161K(26112K), 0.0004550 secs] [Times: user=0.00 sys=0.00, real=0.00 secs] 
195.333: Total time for which application threads were stopped: 0.0005600 seconds, Stopping threads took: 0.0000420 seconds
195.373: Application time: 0.0392120 seconds
195.373: [GC [PSYoungGen: 7648K->400K(8192K)] 14329K->7177K(26112K), 0.0004200 secs] [Times: user=0.00 sys=0.00, real=0.00 secs] 
195.373: Total time for which application threads were stopped: 0.0005270 seconds, Stopping threads took: 0.0000490 seconds
195.412: Application time: 0.0391870 seconds
195.412: [GC [PSYoungGen: 7568K->288K(8192K)] 14345K->7181K(26112K), 0.0004080 secs] [Times: user=0.00 sys=0.00, real=0.00 secs] 
195.413: Total time for which application threads were stopped: 0.0005170 seconds, Stopping threads took: 0.0000530 seconds
195.453: Application time: 0.0397210 seconds
195.453: [GC [PSYoungGen: 7456K->272K(8192K)] 14349K->7165K(26112K), 0.0004420 secs] [Times: user=0.00 sys=0.00, real=0.00 secs] 
195.453: Total time for which application threads were stopped: 0.0005410 seconds, Stopping threads took: 0.0000410 seconds
195.493: Application time: 0.0395280 seconds
195.493: [GC [PSYoungGen: 7440K->336K(8192K)] 14333K->7229K(26112K), 0.0003860 secs] [Times: user=0.00 sys=0.00, real=0.00 secs] 
195.493: Total time for which application threads were stopped: 0.0004860 seconds, Stopping threads took: 0.0000440 seconds
195.531: Application time: 0.0380160 seconds
195.531: [GC [PSYoungGen: 7504K->288K(8192K)] 14397K->7261K(26112K), 0.0004990 secs] [Times: user=0.00 sys=0.00, real=0.00 secs] 
195.532: Total time for which application threads were stopped: 0.0005960 seconds, Stopping threads took: 0.0000400 seconds
195.571: Application time: 0.0390270 seconds
195.571: [GC [PSYoungGen: 7456K->336K(8192K)] 14429K->7309K(26112K), 0.0004260 secs] [Times: user=0.00 sys=0.00, real=0.00 secs] 
195.571: Total time for which application threads were stopped: 0.0005260 seconds, Stopping threads took: 0.0000360 seconds
195.610: Application time: 0.0389640 seconds
195.610: [GC [PSYoungGen: 7504K->400K(8192K)] 14477K->7373K(26112K), 0.0004930 secs] [Times: user=0.00 sys=0.00, real=0.00 secs] 
195.611: Total time for which application threads were stopped: 0.0005910 seconds, Stopping threads took: 0.0000400 seconds
195.650: Application time: 0.0392170 seconds
195.650: [GC [PSYoungGen: 7568K->432K(8192K)] 14541K->7405K(26112K), 0.0004110 secs] [Times: user=0.00 sys=0.00, real=0.00 secs] 
195.651: Total time for which application threads were stopped: 0.0005170 seconds, Stopping threads took: 0.0000410 seconds
195.690: Application time: 0.0390850 seconds
195.690: [GC [PSYoungGen: 7600K->448K(8192K)] 14573K->7421K(26112K), 0.0004160 secs] [Times: user=0.00 sys=0.00, real=0.00 secs] 
195.690: Total time for which application threads were stopped: 0.0005110 seconds, Stopping threads took: 0.0000380 seconds
195.729: Application time: 0.0386760 seconds
195.729: [GC [PSYoungGen: 7616K->496K(8192K)] 14589K->7469K(26112K), 0.0004210 secs] [Times: user=0.00 sys=0.00, real=0.01 secs] 
195.731: Total time for which application threads were stopped: 0.0016830 seconds, Stopping threads took: 0.0000380 seconds
195.770: Application time: 0.0397240 seconds
195.770: [GC [PSYoungGen: 7664K->512K(8192K)] 14637K->7485K(26112K), 0.0004320 secs] [Times: user=0.00 sys=0.00, real=0.00 secs] 
195.771: Total time for which application threads were stopped: 0.0005280 seconds, Stopping threads took: 0.0000400 seconds
195.810: Application time: 0.0392850 seconds
195.810: [GC [PSYoungGen: 7680K->464K(8192K)] 14653K->7437K(26112K), 0.0004130 secs] [Times: user=0.00 sys=0.00, real=0.00 secs] 
195.811: Total time for which application threads were stopped: 0.0005130 seconds, Stopping threads took: 0.0000430 seconds
195.850: Application time: 0.0393540 seconds
195.850: [GC [PSYoungGen: 7632K->496K(8192K)] 14605K->7469K(26112K), 0.0004520 secs] [Times: user=0.00 sys=0.00, real=0.00 secs] 
195.850: Total time for which application threads were stopped: 0.0005540 seconds, Stopping threads took: 0.0000450 seconds
195.890: Application time: 0.0396050 seconds
195.890: [GC [PSYoungGen: 7664K->512K(8192K)] 14637K->7485K(26112K), 0.0004210 secs] [Times: user=0.01 sys=0.00, real=0.00 secs] 
195.891: Total time for which application threads were stopped: 0.0005200 seconds, Stopping threads took: 0.0000440 seconds
195.930: Application time: 0.0395870 seconds
195.930: [GC [PSYoungGen: 7680K->496K(8192K)] 14653K->7469K(26112K), 0.0004500 secs] [Times: user=0.00 sys=0.00, real=0.00 secs] 
195.931: Total time for which application threads were stopped: 0.0005640 seconds, Stopping threads took: 0.0000490 seconds
195.970: Application time: 0.0392290 seconds
195.970: [GC [PSYoungGen: 7664K->496K(8192K)] 14637K->7469K(26112K), 0.0004150 secs] [Times: user=0.01 sys=0.00, real=0.00 secs] 
195.971: Total time for which application threads were stopped: 0.0005230 seconds, Stopping threads took: 0.0000500 seconds
196.010: Application time: 0.0391690 seconds
196.010: [GC [PSYoungGen: 7664K->496K(8192K)] 14637K->7469K(26112K), 0.0004360 secs] [Times: user=0.00 sys=0.00, real=0.00 secs] 
196.010: Total time for which application threads were stopped: 0.0005360 seconds, Stopping threads took: 0.0000420 seconds
196.050: Application time: 0.0401480 seconds
196.050: [GC [PSYoungGen: 7664K->528K(8192K)] 14637K->7501K(26112K), 0.0004130 secs] [Times: user=0.01 sys=0.00, real=0.00 secs] 
196.051: Total time for which application threads were stopped: 0.0005220 seconds, Stopping threads took: 0.0000500 seconds
196.090: Application time: 0.0393880 seconds
196.090: [GC [PSYoungGen: 7696K->496K(8192K)] 14669K->7469K(26112K), 0.0003980 secs] [Times: user=0.00 sys=0.00, real=0.00 secs] 
196.091: Total time for which application threads were stopped: 0.0004980 seconds, Stopping threads took: 0.0000420 seconds
196.130: Application time: 0.0394720 seconds
196.130: [GC [PSYoungGen: 7664K->384K(8192K)] 14637K->7453K(26112K), 0.0004190 secs] [Times: user=0.00 sys=0.00, real=0.00 secs] 
196.131: Total time for which application threads were stopped: 0.0005290 seconds, Stopping threads took: 0.0000440 seconds
196.170: Application time: 0.0392810 seconds
196.170: [GC [PSYoungGen: 7552K->416K(8192K)] 14621K->7550K(26112K), 0.0004170 secs] [Times: user=0.00 sys=0.00, real=0.00 secs] 
196.171: Total time for which application threads were stopped: 0.0005250 seconds, Stopping threads took: 0.0000410 seconds
196.210: Application time: 0.0394550 seconds
196.210: [GC [PSYoungGen: 7584K->320K(8192K)] 14718K->7578K(26112K), 0.0004010 secs] [Times: user=0.00 sys=0.00, real=0.00 secs] 
196.211: Total time for which application threads were stopped: 0.0005030 seconds, Stopping threads took: 0.0000470 seconds
196.250: Application time: 0.0395150 seconds
196.250: [GC [PSYoungGen: 7488K->288K(8192K)] 14746K->7546K(26112K), 0.0003520 secs] [Times: user=0.01 sys=0.00, real=0.00 secs] 
196.251: Total time for which application threads were stopped: 0.0004490 seconds, Stopping threads took: 0.0000390 seconds
196.290: Application time: 0.0395450 seconds
196.290: [GC [PSYoungGen: 7456K->272K(8192K)] 14714K->7578K(26112K), 0.0004060 secs] [Times: user=0.00 sys=0.00, real=0.00 secs] 
196.291: Total time for which application threads were stopped: 0.0005000 seconds, Stopping threads took: 0.0000390 seconds
196.329: Application time: 0.0381820 seconds
196.329: [GC [PSYoungGen: 7440K->256K(8192K)] 14746K->7618K(26112K), 0.0004060 secs] [Times: user=0.00 sys=0.00, real=0.01 secs] 
196.329: Total time for which application threads were stopped: 0.0005180 seconds, Stopping threads took: 0.0000510 seconds
196.368: Application time: 0.0384970 seconds
196.368: [GC [PSYoungGen: 7424K->368K(8192K)] 14786K->7730K(26112K), 0.0004130 secs] [Times: user=0.00 sys=0.00, real=0.00 secs] 
196.368: Total time for which application threads were stopped: 0.0005210 seconds, Stopping threads took: 0.0000510 seconds
196.407: Application time: 0.0385460 seconds
196.407: [GC [PSYoungGen: 7536K->384K(8192K)] 14898K->7746K(26112K), 0.0004400 secs] [Times: user=0.00 sys=0.00, real=0.00 secs] 
196.407: Total time for which application threads were stopped: 0.0005350 seconds, Stopping threads took: 0.0000380 seconds
196.450: Application time: 0.0426890 seconds
196.450: [GC [PSYoungGen: 7552K->416K(8192K)] 14914K->7778K(26112K), 0.0004250 secs] [Times: user=0.00 sys=0.00, real=0.00 secs] 
196.451: Total time for which application threads were stopped: 0.0005250 seconds, Stopping threads took: 0.0000410 seconds
196.493: Application time: 0.0421810 seconds
196.497: [GC [PSYoungGen: 7584K->448K(8192K)] 14946K->7810K(26112K), 0.0004540 secs] [Times: user=0.00 sys=0.00, real=0.00 secs] 
196.498: Total time for which application threads were stopped: 0.0047970 seconds, Stopping threads took: 0.0042830 seconds
196.541: Application time: 0.0434510 seconds
196.541: [GC [PSYoungGen: 7616K->496K(8192K)] 14978K->7858K(26112K), 0.0004320 secs] [Times: user=0.01 sys=0.00, real=0.00 secs] 
196.542: Total time for which application threads were stopped: 0.0005390 seconds, Stopping threads took: 0.0000460 seconds
196.585: Application time: 0.0435460 seconds
196.585: [GC [PSYoungGen: 7664K->560K(8192K)] 15026K->7922K(26112K), 0.0004410 secs] [Times: user=0.00 sys=0.00, real=0.00 secs] 
196.586: Total time for which application threads were stopped: 0.0005390 seconds, Stopping threads took: 0.0000410 seconds
196.629: Application time: 0.0432100 seconds
196.629: [GC [PSYoungGen: 7728K->464K(8192K)] 15090K->7826K(26112K), 0.0004900 secs] [Times: user=0.00 sys=0.00, real=0.01 secs] 
196.629: Total time for which application threads were stopped: 0.0005960 seconds, Stopping threads took: 0.0000470 seconds
196.673: Application time: 0.0431610 seconds
196.673: [GC [PSYoungGen: 7632K->528K(8192K)] 14994K->7890K(26112K), 0.0005120 secs] [Times: user=0.00 sys=0.00, real=0.00 secs] 
196.673: Total time for which application threads were stopped: 0.0006270 seconds, Stopping threads took: 0.0000470 seconds
196.717: Application time: 0.0434920 seconds
196.717: [GC [PSYoungGen: 7696K->496K(8192K)] 15058K->7858K(26112K), 0.0004580 secs] [Times: user=0.00 sys=0.00, real=0.00 secs] 
196.717: Total time for which application threads were stopped: 0.0005640 seconds, Stopping threads took: 0.0000470 seconds
196.761: Application time: 0.0432650 seconds
196.761: [GC [PSYoungGen: 7664K->496K(8192K)] 15026K->7858K(26112K), 0.0004560 secs] [Times: user=0.00 sys=0.00, real=0.01 secs] 
196.761: Total time for which application threads were stopped: 0.0005590 seconds, Stopping threads took: 0.0000400 seconds
196.804: Application time: 0.0430350 seconds
196.804: [GC [PSYoungGen: 7664K->512K(8192K)] 15026K->7874K(26112K), 0.0004400 secs] [Times: user=0.00 sys=0.00, real=0.00 secs] 
196.805: Total time for which application threads were stopped: 0.0005500 seconds, Stopping threads took: 0.0000490 seconds
196.848: Application time: 0.0433950 seconds
196.848: [GC [PSYoungGen: 7680K->528K(8192K)] 15042K->7890K(26112K), 0.0004760 secs] [Times: user=0.00 sys=0.00, real=0.00 secs] 
196.849: Total time for which application threads were stopped: 0.0005750 seconds, Stopping threads took: 0.0000390 seconds
196.892: Application time: 0.0437100 seconds
196.892: [GC [PSYoungGen: 7696K->480K(8192K)] 15058K->7842K(26112K), 0.0004790 secs] [Times: user=0.00 sys=0.00, real=0.00 secs] 
196.893: Total time for which application threads were stopped: 0.0005800 seconds, Stopping threads took: 0.0000410 seconds
196.936: Application time: 0.0433690 seconds
196.936: [GC [PSYoungGen: 7648K->496K(8192K)] 15010K->7858K(26112K), 0.0004900 secs] [Times: user=0.00 sys=0.00, real=0.00 secs] 
196.937: Total time for which application threads were stopped: 0.0006020 seconds, Stopping threads took: 0.0000420 seconds
196.980: Application time: 0.0431350 seconds
196.980: [GC [PSYoungGen: 7664K->480K(8192K)] 15026K->7922K(26112K), 0.0004800 secs] [Times: user=0.01 sys=0.00, real=0.00 secs] 
196.981: Total time for which application threads were stopped: 0.0005890 seconds, Stopping threads took: 0.0000500 seconds
197.024: Application time: 0.0434220 seconds
197.024: [GC [PSYoungGen: 7648K->352K(8192K)] 15090K->7890K(26112K), 0.0004690 secs] [Times: user=0.00 sys=0.00, real=0.00 secs] 
197.025: Total time for which application threads were stopped: 0.0005780 seconds, Stopping threads took: 0.0000470 seconds
197.068: Application time: 0.0436210 seconds
197.068: [GC [PSYoungGen: 7520K->256K(8192K)] 15058K->7882K(26112K), 0.0004580 secs] [Times: user=0.00 sys=0.00, real=0.00 secs] 
197.069: Total time for which application threads were stopped: 0.0005690 seconds, Stopping threads took: 0.0000490 seconds
197.112: Application time: 0.0432820 seconds
197.112: [GC [PSYoungGen: 7424K->352K(8192K)] 15050K->7978K(26112K), 0.0004420 secs] [Times: user=0.00 sys=0.00, real=0.00 secs] 
197.113: Total time for which application threads were stopped: 0.0005380 seconds, Stopping threads took: 0.0000410 seconds
197.155: Application time: 0.0422440 seconds
197.155: [GC [PSYoungGen: 7520K->272K(8192K)] 15146K->7978K(26112K), 0.0004430 secs] [Times: user=0.00 sys=0.00, real=0.00 secs] 
197.156: Total time for which application threads were stopped: 0.0005530 seconds, Stopping threads took: 0.0000510 seconds
197.198: Application time: 0.0428490 seconds
197.201: [GC [PSYoungGen: 7440K->304K(8192K)] 15146K->8010K(26112K), 0.0004690 secs] [Times: user=0.01 sys=0.00, real=0.00 secs] 
197.202: Total time for which application threads were stopped: 0.0032430 seconds, Stopping threads took: 0.0027010 seconds
197.243: Application time: 0.0416720 seconds
197.243: [GC [PSYoungGen: 7472K->400K(8192K)] 15178K->8106K(26112K), 0.0004230 secs] [Times: user=0.00 sys=0.00, real=0.00 secs] 
197.244: Total time for which application threads were stopped: 0.0005290 seconds, Stopping threads took: 0.0000420 seconds
197.287: Application time: 0.0432060 seconds
197.287: [GC [PSYoungGen: 7568K->416K(8192K)] 15274K->8122K(26112K), 0.0004290 secs] [Times: user=0.00 sys=0.00, real=0.00 secs] 
197.288: Total time for which application threads were stopped: 0.0005260 seconds, Stopping threads took: 0.0000400 seconds
197.331: Application time: 0.0434520 seconds
197.331: [GC [PSYoungGen: 7584K->448K(8192K)] 15290K->8154K(26112K), 0.0004340 secs] [Times: user=0.00 sys=0.00, real=0.00 secs] 
197.332: Total time for which application threads were stopped: 0.0005440 seconds, Stopping threads took: 0.0000510 seconds
197.374: Application time: 0.0420570 seconds
197.374: [GC [PSYoungGen: 7616K->512K(8192K)] 15322K->8218K(26112K), 0.0004410 secs] [Times: user=0.00 sys=0.00, real=0.00 secs] 
197.374: Total time for which application threads were stopped: 0.0005450 seconds, Stopping threads took: 0.0000430 seconds
197.418: Application time: 0.0434380 seconds
197.418: [GC [PSYoungGen: 7680K->496K(8192K)] 15386K->8202K(26112K), 0.0005090 secs] [Times: user=0.00 sys=0.00, real=0.00 secs] 
197.418: Total time for which application threads were stopped: 0.0006080 seconds, Stopping threads took: 0.0000380 seconds
197.461: Application time: 0.0431880 seconds
197.461: [GC [PSYoungGen: 7664K->512K(8192K)] 15370K->8218K(26112K), 0.0005210 secs] [Times: user=0.00 sys=0.00, real=0.00 secs] 
197.462: Total time for which application threads were stopped: 0.0006230 seconds, Stopping threads took: 0.0000450 seconds
197.505: Application time: 0.0432410 seconds
197.505: [GC [PSYoungGen: 7680K->544K(8192K)] 15386K->8250K(26112K), 0.0004880 secs] [Times: user=0.00 sys=0.00, real=0.00 secs] 
197.506: Total time for which application threads were stopped: 0.0005940 seconds, Stopping threads took: 0.0000440 seconds
197.549: Application time: 0.0435480 seconds
197.549: [GC [PSYoungGen: 7712K->528K(8192K)] 15418K->8234K(26112K), 0.0004480 secs] [Times: user=0.00 sys=0.00, real=0.00 secs] 
197.550: Total time for which application threads were stopped: 0.0005530 seconds, Stopping threads took: 0.0000440 seconds
197.593: Application time: 0.0431800 seconds
197.593: [GC [PSYoungGen: 7696K->480K(8192K)] 15402K->8186K(26112K), 0.0004320 secs] [Times: user=0.01 sys=0.00, real=0.00 secs] 
197.594: Total time for which application threads were stopped: 0.0005510 seconds, Stopping threads took: 0.0000570 seconds
197.637: Application time: 0.0431780 seconds
197.637: [GC [PSYoungGen: 7648K->496K(8192K)] 15354K->8202K(26112K), 0.0004510 secs] [Times: user=0.00 sys=0.00, real=0.00 secs] 
197.637: Total time for which application threads were stopped: 0.0005550 seconds, Stopping threads took: 0.0000460 seconds
197.680: Application time: 0.0429820 seconds
197.680: [GC [PSYoungGen: 7664K->512K(8192K)] 15370K->8218K(26112K), 0.0004450 secs] [Times: user=0.00 sys=0.00, real=0.00 secs] 
197.681: Total time for which application threads were stopped: 0.0005540 seconds, Stopping threads took: 0.0000500 seconds
197.725: Application time: 0.0437850 seconds
197.725: [GC [PSYoungGen: 7680K->464K(8192K)] 15386K->8170K(26112K), 0.0004530 secs] [Times: user=0.00 sys=0.00, real=0.00 secs] 
197.725: Total time for which application threads were stopped: 0.0005600 seconds, Stopping threads took: 0.0000380 seconds
197.768: Application time: 0.0431580 seconds
197.769: [GC [PSYoungGen: 7632K->480K(8192K)] 15338K->8186K(26112K), 0.0004940 secs] [Times: user=0.00 sys=0.00, real=0.01 secs] 
197.769: Total time for which application threads were stopped: 0.0005920 seconds, Stopping threads took: 0.0000370 seconds
197.812: Application time: 0.0431600 seconds
197.812: [GC [PSYoungGen: 7648K->448K(8192K)] 15354K->8226K(26112K), 0.0005210 secs] [Times: user=0.00 sys=0.00, real=0.00 secs] 
197.813: Total time for which application threads were stopped: 0.0006170 seconds, Stopping threads took: 0.0000410 seconds
197.856: Application time: 0.0431660 seconds
197.856: [GC [PSYoungGen: 7616K->384K(8192K)] 15394K->8226K(26112K), 0.0004900 secs] [Times: user=0.00 sys=0.00, real=0.00 secs] 
197.857: Total time for which application threads were stopped: 0.0005980 seconds, Stopping threads took: 0.0000490 seconds
197.901: Application time: 0.0439380 seconds
197.901: [GC [PSYoungGen: 7552K->288K(8192K)] 15394K->8250K(26112K), 0.0004860 secs] [Times: user=0.00 sys=0.00, real=0.01 secs] 
197.901: Total time for which application threads were stopped: 0.0006290 seconds, Stopping threads took: 0.0000640 seconds
197.944: Application time: 0.0431330 seconds
197.944: [GC [PSYoungGen: 7456K->320K(8192K)] 15418K->8282K(26112K), 0.0003940 secs] [Times: user=0.00 sys=0.00, real=0.00 secs] 
197.945: Total time for which application threads were stopped: 0.0005100 seconds, Stopping threads took: 0.0000550 seconds
197.988: Application time: 0.0435700 seconds
197.988: [GC [PSYoungGen: 7488K->288K(8192K)] 15450K->8250K(26112K), 0.0003950 secs] [Times: user=0.00 sys=0.00, real=0.00 secs] 
197.989: Total time for which application threads were stopped: 0.0004960 seconds, Stopping threads took: 0.0000440 seconds
198.031: Application time: 0.0419360 seconds
198.031: [GC [PSYoungGen: 7456K->288K(8192K)] 15418K->8338K(26112K), 0.0004120 secs] [Times: user=0.00 sys=0.00, real=0.00 secs] 
198.031: Total time for which application threads were stopped: 0.0005160 seconds, Stopping threads took: 0.0000400 seconds
198.074: Application time: 0.0429720 seconds
198.074: [GC [PSYoungGen: 7456K->304K(8192K)] 15506K->8354K(26112K), 0.0004180 secs] [Times: user=0.01 sys=0.00, real=0.00 secs] 
198.075: Total time for which application threads were stopped: 0.0005170 seconds, Stopping threads took: 0.0000390 seconds
198.117: Application time: 0.0419580 seconds
198.117: [GC [PSYoungGen: 7472K->384K(8192K)] 15522K->8434K(26112K), 0.0004230 secs] [Times: user=0.00 sys=0.00, real=0.00 secs] 
198.117: Total time for which application threads were stopped: 0.0005260 seconds, Stopping threads took: 0.0000450 seconds
198.161: Application time: 0.0432610 seconds
198.161: [GC [PSYoungGen: 7552K->400K(8192K)] 15602K->8450K(26112K), 0.0004380 secs] [Times: user=0.01 sys=0.00, real=0.01 secs] 
198.161: Total time for which application threads were stopped: 0.0005430 seconds, Stopping threads took: 0.0000460 seconds
198.205: Application time: 0.0434330 seconds
198.205: [GC [PSYoungGen: 7568K->416K(8192K)] 15618K->8466K(26112K), 0.0004320 secs] [Times: user=0.01 sys=0.00, real=0.00 secs] 
198.205: Total time for which application threads were stopped: 0.0005360 seconds, Stopping threads took: 0.0000440 seconds
198.247: Application time: 0.0422960 seconds
198.247: [GC [PSYoungGen: 7584K->496K(8192K)] 15634K->8546K(26112K), 0.0004440 secs] [Times: user=0.00 sys=0.00, real=0.00 secs] 
198.248: Total time for which application threads were stopped: 0.0005620 seconds, Stopping threads took: 0.0000490 seconds
198.291: Application time: 0.0432200 seconds
198.291: [GC [PSYoungGen: 7664K->512K(8192K)] 15714K->8562K(26112K), 0.0004520 secs] [Times: user=0.00 sys=0.00, real=0.00 secs] 
198.292: Total time for which application threads were stopped: 0.0005950 seconds, Stopping threads took: 0.0000830 seconds
198.335: Application time: 0.0436120 seconds
198.335: [GC [PSYoungGen: 7680K->464K(8192K)] 15730K->8514K(26112K), 0.0004380 secs] [Times: user=0.01 sys=0.00, real=0.00 secs] 
198.336: Total time for which application threads were stopped: 0.0005540 seconds, Stopping threads took: 0.0000560 seconds
198.379: Application time: 0.0432480 seconds
198.379: [GC [PSYoungGen: 7632K->512K(8192K)] 15682K->8562K(26112K), 0.0004400 secs] [Times: user=0.00 sys=0.00, real=0.00 secs] 
198.380: Total time for which application threads were stopped: 0.0005400 seconds, Stopping threads took: 0.0000430 seconds
198.424: Application time: 0.0437730 seconds
198.424: [GC [PSYoungGen: 7680K->480K(8192K)] 15730K->8530K(26112K), 0.0004410 secs] [Times: user=0.00 sys=0.00, real=0.00 secs] 
198.424: Total time for which application threads were stopped: 0.0005410 seconds, Stopping threads took: 0.0000410 seconds
198.467: Application time: 0.0431310 seconds
198.467: [GC [PSYoungGen: 7648K->480K(8192K)] 15698K->8530K(26112K), 0.0004360 secs] [Times: user=0.00 sys=0.00, real=0.00 secs] 
198.468: Total time for which application threads were stopped: 0.0005420 seconds, Stopping threads took: 0.0000480 seconds
198.511: Application time: 0.0431640 seconds
198.511: [GC [PSYoungGen: 7648K->480K(8192K)] 15698K->8530K(26112K), 0.0004410 secs] [Times: user=0.00 sys=0.00, real=0.00 secs] 
198.511: Total time for which application threads were stopped: 0.0005480 seconds, Stopping threads took: 0.0000480 seconds
198.555: Application time: 0.0431060 seconds
198.555: [GC [PSYoungGen: 7648K->512K(8192K)] 15698K->8562K(26112K), 0.0004430 secs] [Times: user=0.00 sys=0.00, real=0.00 secs] 
198.555: Total time for which application threads were stopped: 0.0005420 seconds, Stopping threads took: 0.0000400 seconds
198.598: Application time: 0.0433680 seconds
198.599: [GC [PSYoungGen: 7680K->480K(8192K)] 15730K->8530K(26112K), 0.0004450 secs] [Times: user=0.00 sys=0.00, real=0.00 secs] 
198.599: Total time for which application threads were stopped: 0.0005460 seconds, Stopping threads took: 0.0000440 seconds
198.642: Application time: 0.0431360 seconds
198.642: [GC [PSYoungGen: 7648K->496K(8192K)] 15698K->8546K(26112K), 0.0004790 secs] [Times: user=0.00 sys=0.00, real=0.00 secs] 
198.643: Total time for which application threads were stopped: 0.0005820 seconds, Stopping threads took: 0.0000450 seconds
198.686: Application time: 0.0431040 seconds
198.686: [GC [PSYoungGen: 7664K->464K(8192K)] 15714K->8610K(26112K), 0.0004570 secs] [Times: user=0.00 sys=0.00, real=0.00 secs] 
198.686: Total time for which application threads were stopped: 0.0005650 seconds, Stopping threads took: 0.0000480 seconds
198.730: Application time: 0.0436350 seconds
198.730: [GC [PSYoungGen: 7632K->416K(8192K)] 15778K->8602K(26112K), 0.0004320 secs] [Times: user=0.00 sys=0.00, real=0.00 secs] 
198.731: Total time for which application threads were stopped: 0.0005390 seconds, Stopping threads took: 0.0000500 seconds
198.774: Application time: 0.0432920 seconds
198.774: [GC [PSYoungGen: 7584K->304K(8192K)] 15770K->8602K(26112K), 0.0004210 secs] [Times: user=0.00 sys=0.00, real=0.00 secs] 
198.774: Total time for which application threads were stopped: 0.0005320 seconds, Stopping threads took: 0.0000430 seconds
198.818: Application time: 0.0433740 seconds
198.821: [GC [PSYoungGen: 7472K->320K(8192K)] 15770K->8618K(26112K), 0.0004230 secs] [Times: user=0.00 sys=0.00, real=0.00 secs] 
198.822: Total time for which application threads were stopped: 0.0038090 seconds, Stopping threads took: 0.0033270 seconds
198.865: Application time: 0.0436530 seconds
198.865: [GC [PSYoungGen: 7488K->352K(8192K)] 15786K->8650K(26112K), 0.0004170 secs] [Times: user=0.00 sys=0.00, real=0.00 secs] 
198.866: Total time for which application threads were stopped: 0.0005210 seconds, Stopping threads took: 0.0000470 seconds
198.908: Application time: 0.0423800 seconds
198.908: [GC [PSYoungGen: 7520K->288K(8192K)] 15818K->8682K(26112K), 0.0004990 secs] [Times: user=0.00 sys=0.00, real=0.00 secs] 
198.909: Total time for which application threads were stopped: 0.0006200 seconds, Stopping threads took: 0.0000520 seconds
198.951: Application time: 0.0422500 seconds
198.951: [GC [PSYoungGen: 7456K->336K(8192K)] 15850K->8730K(26112K), 0.0004010 secs] [Times: user=0.00 sys=0.00, real=0.00 secs] 
198.952: Total time for which application threads were stopped: 0.0005030 seconds, Stopping threads took: 0.0000400 seconds
198.994: Application time: 0.0422520 seconds
198.994: [GC [PSYoungGen: 7504K->432K(8192K)] 15898K->8826K(26112K), 0.0004220 secs] [Times: user=0.00 sys=0.00, real=0.00 secs] 
198.994: Total time for which application threads were stopped: 0.0005310 seconds, Stopping threads took: 0.0000460 seconds
199.038: Application time: 0.0437290 seconds
199.038: [GC [PSYoungGen: 7600K->400K(8192K)] 15994K->8794K(26112K), 0.0004210 secs] [Times: user=0.00 sys=0.00, real=0.00 secs] 
199.039: Total time for which application threads were stopped: 0.0005260 seconds, Stopping threads took: 0.0000450 seconds
199.082: Application time: 0.0431530 seconds
199.082: [GC [PSYoungGen: 7568K->448K(8192K)] 15962K->8842K(26112K), 0.0004600 secs] [Times: user=0.00 sys=0.00, real=0.00 secs] 
199.082: Total time for which application threads were stopped: 0.0005710 seconds, Stopping threads took: 0.0000500 seconds
199.125: Application time: 0.0424000 seconds
199.125: [GC [PSYoungGen: 7616K->480K(8192K)] 16010K->8874K(26112K), 0.0005540 secs] [Times: user=0.00 sys=0.00, real=0.00 secs] 
199.125: Total time for which application threads were stopped: 0.0006570 seconds, Stopping threads took: 0.0000460 seconds
199.169: Application time: 0.0438160 seconds
199.169: [GC [PSYoungGen: 7648K->496K(8192K)] 16042K->8890K(26112K), 0.0005380 secs] [Times: user=0.00 sys=0.00, real=0.00 secs] 
199.170: Total time for which application threads were stopped: 0.0006430 seconds, Stopping threads took: 0.0000440 seconds
199.213: Application time: 0.0433170 seconds
199.213: [GC [PSYoungGen: 7664K->528K(8192K)] 16058K->8922K(26112K), 0.0004300 secs] [Times: user=0.00 sys=0.00, real=0.00 secs] 
199.214: Total time for which application threads were stopped: 0.0005320 seconds, Stopping threads took: 0.0000440 seconds
199.257: Application time: 0.0433310 seconds
199.257: [GC [PSYoungGen: 7696K->480K(8192K)] 16090K->8874K(26112K), 0.0004380 secs] [Times: user=0.01 sys=0.00, real=0.00 secs] 
199.258: Total time for which application threads were stopped: 0.0005420 seconds, Stopping threads took: 0.0000450 seconds
199.301: Application time: 0.0431770 seconds
199.301: [GC [PSYoungGen: 7648K->512K(8192K)] 16042K->8906K(26112K), 0.0004490 secs] [Times: user=0.00 sys=0.00, real=0.01 secs] 
199.301: Total time for which application threads were stopped: 0.0005640 seconds, Stopping threads took: 0.0000480 seconds
199.344: Application time: 0.0430530 seconds
199.344: [GC [PSYoungGen: 7680K->512K(8192K)] 16074K->8907K(26112K), 0.0004420 secs] [Times: user=0.00 sys=0.00, real=0.00 secs] 
199.345: Total time for which application threads were stopped: 0.0005410 seconds, Stopping threads took: 0.0000380 seconds
199.388: Application time: 0.0431370 seconds
199.388: [GC [PSYoungGen: 7680K->480K(8192K)] 16075K->8874K(26112K), 0.0004840 secs] [Times: user=0.00 sys=0.00, real=0.00 secs] 
199.389: Total time for which application threads were stopped: 0.0005910 seconds, Stopping threads took: 0.0000450 seconds
199.432: Application time: 0.0431730 seconds
199.432: [GC [PSYoungGen: 7647K->512K(8192K)] 16042K->8906K(26112K), 0.0004880 secs] [Times: user=0.01 sys=0.00, real=0.00 secs] 
199.432: Total time for which application threads were stopped: 0.0005920 seconds, Stopping threads took: 0.0000430 seconds
199.476: Application time: 0.0435100 seconds
199.476: [GC [PSYoungGen: 7680K->496K(8192K)] 16074K->8890K(26112K), 0.0004440 secs] [Times: user=0.01 sys=0.00, real=0.00 secs] 
199.476: Total time for which application threads were stopped: 0.0005450 seconds, Stopping threads took: 0.0000430 seconds
199.520: Application time: 0.0435110 seconds
199.520: [GC [PSYoungGen: 7664K->496K(8192K)] 16058K->8890K(26112K), 0.0004410 secs] [Times: user=0.00 sys=0.00, real=0.00 secs] 
199.520: Total time for which application threads were stopped: 0.0005380 seconds, Stopping threads took: 0.0000360 seconds
199.564: Application time: 0.0433030 seconds
199.564: [GC [PSYoungGen: 7664K->416K(8192K)] 16058K->8891K(26112K), 0.0005740 secs] [Times: user=0.00 sys=0.00, real=0.00 secs] 
199.564: Total time for which application threads were stopped: 0.0006790 seconds, Stopping threads took: 0.0000440 seconds
199.608: Application time: 0.0435750 seconds
199.608: [GC [PSYoungGen: 7584K->352K(8192K)] 16059K->8907K(26112K), 0.0004350 secs] [Times: user=0.00 sys=0.00, real=0.00 secs] 
199.609: Total time for which application threads were stopped: 0.0005420 seconds, Stopping threads took: 0.0000490 seconds
199.652: Application time: 0.0433660 seconds
199.652: [GC [PSYoungGen: 7520K->288K(8192K)] 16075K->8931K(26112K), 0.0004140 secs] [Times: user=0.00 sys=0.00, real=0.00 secs] 
199.652: Total time for which application threads were stopped: 0.0005210 seconds, Stopping threads took: 0.0000490 seconds
199.696: Application time: 0.0432360 seconds
199.696: [GC [PSYoungGen: 7456K->288K(8192K)] 16099K->8931K(26112K), 0.0004420 secs] [Times: user=0.00 sys=0.00, real=0.00 secs] 
199.696: Total time for which application threads were stopped: 0.0005470 seconds, Stopping threads took: 0.0000410 seconds
199.739: Application time: 0.0422410 seconds
199.739: [GC [PSYoungGen: 7456K->288K(8192K)] 16099K->8987K(26112K), 0.0005290 secs] [Times: user=0.00 sys=0.00, real=0.00 secs] 
199.739: Total time for which application threads were stopped: 0.0006290 seconds, Stopping threads took: 0.0000390 seconds
199.783: Application time: 0.0435330 seconds
199.783: [GC [PSYoungGen: 7456K->320K(8192K)] 16155K->9067K(26112K), 0.0004010 secs] [Times: user=0.01 sys=0.00, real=0.00 secs] 
199.783: Total time for which application threads were stopped: 0.0005250 seconds, Stopping threads took: 0.0000660 seconds
199.825: Application time: 0.0415750 seconds
199.825: [GC [PSYoungGen: 7488K->432K(8192K)] 16235K->9179K(26112K), 0.0004150 secs] [Times: user=0.00 sys=0.00, real=0.00 secs] 
199.825: Total time for which application threads were stopped: 0.0005360 seconds, Stopping threads took: 0.0000510 seconds
199.868: Application time: 0.0429570 seconds
199.868: [GC [PSYoungGen: 7600K->416K(8192K)] 16347K->9163K(26112K), 0.0004340 secs] [Times: user=0.01 sys=0.00, real=0.00 secs] 
199.869: Total time for which application threads were stopped: 0.0005340 seconds, Stopping threads took: 0.0000390 seconds
199.912: Application time: 0.0436010 seconds
199.913: [GC [PSYoungGen: 7584K->432K(8192K)] 16331K->9179K(26112K), 0.0004700 secs] [Times: user=0.00 sys=0.00, real=0.00 secs] 
199.913: Total time for which application threads were stopped: 0.0005860 seconds, Stopping threads took: 0.0000490 seconds
199.956: Application time: 0.0425680 seconds
199.956: [GC [PSYoungGen: 7600K->480K(8192K)] 16347K->9227K(26112K), 0.0004500 secs] [Times: user=0.00 sys=0.00, real=0.00 secs] 
199.956: Total time for which application threads were stopped: 0.0005540 seconds, Stopping threads took: 0.0000440 seconds
200.000: Application time: 0.0434490 seconds
200.000: [GC [PSYoungGen: 7648K->496K(8192K)] 16395K->9243K(26112K), 0.0004420 secs] [Times: user=0.01 sys=0.00, real=0.00 secs] 
200.000: Total time for which application threads were stopped: 0.0005550 seconds, Stopping threads took: 0.0000560 seconds
200.043: Application time: 0.0433530 seconds
200.044: [GC [PSYoungGen: 7664K->512K(8192K)] 16411K->9259K(26112K), 0.0004880 secs] [Times: user=0.00 sys=0.00, real=0.00 secs] 
200.044: Total time for which application threads were stopped: 0.0005870 seconds, Stopping threads took: 0.0000410 seconds
200.087: Application time: 0.0433460 seconds
200.088: [GC [PSYoungGen: 7680K->528K(8192K)] 16427K->9275K(26112K), 0.0004470 secs] [Times: user=0.00 sys=0.00, real=0.00 secs] 
200.088: Total time for which application threads were stopped: 0.0005510 seconds, Stopping threads took: 0.0000460 seconds
200.132: Application time: 0.0435350 seconds
200.132: [GC [PSYoungGen: 7696K->528K(8192K)] 16443K->9275K(26112K), 0.0004510 secs] [Times: user=0.00 sys=0.00, real=0.00 secs] 
200.132: Total time for which application threads were stopped: 0.0005590 seconds, Stopping threads took: 0.0000470 seconds
200.175: Application time: 0.0430890 seconds
200.175: [GC [PSYoungGen: 7696K->496K(8192K)] 16443K->9243K(26112K), 0.0004470 secs] [Times: user=0.00 sys=0.00, real=0.00 secs] 
200.176: Total time for which application threads were stopped: 0.0005500 seconds, Stopping threads took: 0.0000420 seconds
200.219: Application time: 0.0434010 seconds
200.219: [GC [PSYoungGen: 7664K->480K(8192K)] 16411K->9227K(26112K), 0.0004440 secs] [Times: user=0.00 sys=0.00, real=0.00 secs] 
200.220: Total time for which application threads were stopped: 0.0005440 seconds, Stopping threads took: 0.0000390 seconds
200.263: Application time: 0.0429470 seconds
200.263: [GC [PSYoungGen: 7648K->448K(8192K)] 16395K->9195K(26112K), 0.0004340 secs] [Times: user=0.00 sys=0.00, real=0.00 secs] 
200.263: Total time for which application threads were stopped: 0.0005390 seconds, Stopping threads took: 0.0000440 seconds
200.306: Application time: 0.0432140 seconds
200.306: [GC [PSYoungGen: 7616K->448K(8192K)] 16363K->9195K(26112K), 0.0006080 secs] [Times: user=0.00 sys=0.00, real=0.00 secs] 
200.307: Total time for which application threads were stopped: 0.0007140 seconds, Stopping threads took: 0.0000450 seconds
200.350: Application time: 0.0431110 seconds
200.350: [GC [PSYoungGen: 7616K->480K(8192K)] 16363K->9227K(26112K), 0.0004330 secs] [Times: user=0.01 sys=0.00, real=0.00 secs] 
200.351: Total time for which application threads were stopped: 0.0005510 seconds, Stopping threads took: 0.0000490 seconds
200.394: Application time: 0.0431630 seconds
200.394: [GC [PSYoungGen: 7648K->400K(8192K)] 16395K->9243K(26112K), 0.0004410 secs] [Times: user=0.00 sys=0.00, real=0.00 secs] 
200.394: Total time for which application threads were stopped: 0.0005450 seconds, Stopping threads took: 0.0000470 seconds
200.435: Application time: 0.0406250 seconds
200.435: [GC [PSYoungGen: 7568K->432K(8192K)] 16411K->9275K(26112K), 0.0004190 secs] [Times: user=0.01 sys=0.00, real=0.00 secs] 
200.436: Total time for which application threads were stopped: 0.0005230 seconds, Stopping threads took: 0.0000440 seconds
200.475: Application time: 0.0396920 seconds
200.475: [GC [PSYoungGen: 7600K->352K(8192K)] 16443K->9299K(26112K), 0.0004030 secs] [Times: user=0.00 sys=0.00, real=0.00 secs] 
200.476: Total time for which application threads were stopped: 0.0005060 seconds, Stopping threads took: 0.0000480 seconds
200.515: Application time: 0.0391520 seconds
200.515: [GC [PSYoungGen: 7520K->320K(8192K)] 16467K->9315K(26112K), 0.0003680 secs] [Times: user=0.00 sys=0.00, real=0.00 secs] 
200.515: Total time for which application threads were stopped: 0.0004670 seconds, Stopping threads took: 0.0000430 seconds
200.555: Application time: 0.0394070 seconds
200.555: [GC [PSYoungGen: 7488K->320K(8192K)] 16483K->9315K(26112K), 0.0003600 secs] [Times: user=0.00 sys=0.00, real=0.00 secs] 
200.555: Total time for which application threads were stopped: 0.0004580 seconds, Stopping threads took: 0.0000430 seconds
200.593: Application time: 0.0382040 seconds
200.594: [GC [PSYoungGen: 7488K->304K(8192K)] 16483K->9379K(26112K), 0.0003960 secs] [Times: user=0.00 sys=0.00, real=0.00 secs] 
200.594: Total time for which application threads were stopped: 0.0005000 seconds, Stopping threads took: 0.0000470 seconds
200.633: Application time: 0.0388930 seconds
200.633: [GC [PSYoungGen: 7472K->368K(8192K)] 16547K->9443K(26112K), 0.0004320 secs] [Times: user=0.00 sys=0.00, real=0.00 secs] 
200.633: Total time for which application threads were stopped: 0.0005370 seconds, Stopping threads took: 0.0000480 seconds
200.672: Application time: 0.0385450 seconds
200.672: [GC [PSYoungGen: 7536K->384K(8192K)] 16611K->9459K(26112K), 0.0003920 secs] [Times: user=0.01 sys=0.00, real=0.00 secs] 
200.672: Total time for which application threads were stopped: 0.0005050 seconds, Stopping threads took: 0.0000520 seconds
200.711: Application time: 0.0389600 seconds
200.712: [GC [PSYoungGen: 7552K->432K(8192K)] 16627K->9507K(26112K), 0.0004520 secs] [Times: user=0.00 sys=0.00, real=0.00 secs] 
200.712: Total time for which application threads were stopped: 0.0005490 seconds, Stopping threads took: 0.0000400 seconds
200.752: Application time: 0.0395890 seconds
200.752: [GC [PSYoungGen: 7600K->416K(8192K)] 16675K->9491K(26112K), 0.0004510 secs] [Times: user=0.00 sys=0.00, real=0.00 secs] 
200.753: Total time for which application threads were stopped: 0.0015880 seconds, Stopping threads took: 0.0000420 seconds
200.791: Application time: 0.0382530 seconds
200.792: [GC [PSYoungGen: 7584K->464K(8192K)] 16659K->9539K(26112K), 0.0004410 secs] [Times: user=0.00 sys=0.00, real=0.00 secs] 
200.792: Total time for which application threads were stopped: 0.0005380 seconds, Stopping threads took: 0.0000400 seconds
200.831: Application time: 0.0392800 seconds
200.831: [GC [PSYoungGen: 7632K->496K(8192K)] 16707K->9571K(26112K), 0.0004300 secs] [Times: user=0.00 sys=0.00, real=0.00 secs] 
200.832: Total time for which application threads were stopped: 0.0005240 seconds, Stopping threads took: 0.0000390 seconds
200.871: Application time: 0.0397030 seconds
200.872: [GC [PSYoungGen: 7664K->480K(8192K)] 16739K->9555K(26112K), 0.0004870 secs] [Times: user=0.00 sys=0.00, real=0.00 secs] 
200.872: Total time for which application threads were stopped: 0.0006080 seconds, Stopping threads took: 0.0000470 seconds
200.912: Application time: 0.0397900 seconds
200.912: [GC [PSYoungGen: 7648K->448K(8192K)] 16723K->9523K(26112K), 0.0004500 secs] [Times: user=0.00 sys=0.00, real=0.00 secs] 
200.912: Total time for which application threads were stopped: 0.0005610 seconds, Stopping threads took: 0.0000450 seconds
200.952: Application time: 0.0393900 seconds
200.952: [GC [PSYoungGen: 7616K->496K(8192K)] 16691K->9571K(26112K), 0.0004680 secs] [Times: user=0.00 sys=0.00, real=0.00 secs] 
200.952: Total time for which application threads were stopped: 0.0005800 seconds, Stopping threads took: 0.0000540 seconds
200.992: Application time: 0.0391300 seconds
200.992: [GC [PSYoungGen: 7664K->512K(8192K)] 16739K->9587K(26112K), 0.0004370 secs] [Times: user=0.00 sys=0.00, real=0.00 secs] 
200.992: Total time for which application threads were stopped: 0.0005330 seconds, Stopping threads took: 0.0000430 seconds
201.031: Application time: 0.0393730 seconds
201.032: [GC [PSYoungGen: 7680K->496K(8192K)] 16755K->9571K(26112K), 0.0005150 secs] [Times: user=0.00 sys=0.00, real=0.00 secs] 
201.032: Total time for which application threads were stopped: 0.0006180 seconds, Stopping threads took: 0.0000480 seconds
201.071: Application time: 0.0390300 seconds
201.071: [GC [PSYoungGen: 7664K->512K(8192K)] 16739K->9587K(26112K), 0.0004240 secs] [Times: user=0.00 sys=0.00, real=0.00 secs] 
201.072: Total time for which application threads were stopped: 0.0005180 seconds, Stopping threads took: 0.0000380 seconds
201.111: Application time: 0.0395750 seconds
201.111: [GC [PSYoungGen: 7680K->496K(8192K)] 16755K->9571K(26112K), 0.0004500 secs] [Times: user=0.00 sys=0.00, real=0.00 secs] 
201.112: Total time for which application threads were stopped: 0.0005580 seconds, Stopping threads took: 0.0000510 seconds
201.151: Application time: 0.0393450 seconds
201.151: [GC [PSYoungGen: 7664K->496K(8192K)] 16739K->9571K(26112K), 0.0004310 secs] [Times: user=0.00 sys=0.00, real=0.00 secs] 
201.152: Total time for which application threads were stopped: 0.0005370 seconds, Stopping threads took: 0.0000490 seconds
201.191: Application time: 0.0393720 seconds
201.191: [GC [PSYoungGen: 7664K->416K(8192K)] 16739K->9587K(26112K), 0.0004670 secs] [Times: user=0.00 sys=0.00, real=0.00 secs] 
201.192: Total time for which application threads were stopped: 0.0005720 seconds, Stopping threads took: 0.0000460 seconds
201.231: Application time: 0.0391650 seconds
201.231: [GC [PSYoungGen: 7584K->384K(8192K)] 16755K->9595K(26112K), 0.0004350 secs] [Times: user=0.00 sys=0.00, real=0.00 secs] 
201.231: Total time for which application threads were stopped: 0.0005290 seconds, Stopping threads took: 0.0000390 seconds
201.271: Application time: 0.0400200 seconds
201.271: [GC [PSYoungGen: 7552K->320K(8192K)] 16763K->9627K(26112K), 0.0003940 secs] [Times: user=0.00 sys=0.00, real=0.00 secs] 
201.272: Total time for which application threads were stopped: 0.0004910 seconds, Stopping threads took: 0.0000410 seconds
201.311: Application time: 0.0392210 seconds
201.311: [GC [PSYoungGen: 7488K->272K(8192K)] 16795K->9627K(26112K), 0.0004360 secs] [Times: user=0.00 sys=0.00, real=0.00 secs] 
201.312: Total time for which application threads were stopped: 0.0005290 seconds, Stopping threads took: 0.0000380 seconds
201.351: Application time: 0.0392340 seconds
201.351: [GC [PSYoungGen: 7440K->288K(8192K)] 16795K->9643K(26112K), 0.0004000 secs] [Times: user=0.00 sys=0.00, real=0.00 secs] 
201.351: Total time for which application threads were stopped: 0.0004960 seconds, Stopping threads took: 0.0000420 seconds
201.390: Application time: 0.0384170 seconds
201.390: [GC [PSYoungGen: 7456K->320K(8192K)] 16811K->9755K(26112K), 0.0003840 secs] [Times: user=0.00 sys=0.00, real=0.00 secs] 
201.390: Total time for which application threads were stopped: 0.0004950 seconds, Stopping threads took: 0.0000400 seconds
201.429: Application time: 0.0385700 seconds
201.429: [GC [PSYoungGen: 7488K->304K(8192K)] 16923K->9739K(26112K), 0.0004270 secs] [Times: user=0.00 sys=0.00, real=0.01 secs] 
201.429: Total time for which application threads were stopped: 0.0005330 seconds, Stopping threads took: 0.0000460 seconds
201.467: Application time: 0.0380730 seconds
201.467: [GC [PSYoungGen: 7472K->400K(8192K)] 16907K->9835K(26112K), 0.0004040 secs] [Times: user=0.00 sys=0.00, real=0.00 secs] 
201.468: Total time for which application threads were stopped: 0.0005110 seconds, Stopping threads took: 0.0000490 seconds
201.508: Application time: 0.0398180 seconds
201.508: [GC [PSYoungGen: 7568K->432K(8192K)] 17003K->9867K(26112K), 0.0004110 secs] [Times: user=0.00 sys=0.00, real=0.00 secs] 
201.508: Total time for which application threads were stopped: 0.0005050 seconds, Stopping threads took: 0.0000370 seconds
201.547: Application time: 0.0390590 seconds
201.547: [GC [PSYoungGen: 7600K->448K(8192K)] 17035K->9883K(26112K), 0.0004120 secs] [Times: user=0.00 sys=0.00, real=0.00 secs] 
201.548: Total time for which application threads were stopped: 0.0005210 seconds, Stopping threads took: 0.0000500 seconds
201.586: Application time: 0.0384500 seconds
201.586: [GC [PSYoungGen: 7616K->528K(8192K)] 17051K->9963K(26112K), 0.0004090 secs] [Times: user=0.00 sys=0.00, real=0.00 secs] 
201.587: Total time for which application threads were stopped: 0.0005040 seconds, Stopping threads took: 0.0000390 seconds
201.626: Application time: 0.0396580 seconds
201.626: [GC [PSYoungGen: 7696K->496K(8192K)] 17131K->9931K(26112K), 0.0004620 secs] [Times: user=0.00 sys=0.00, real=0.00 secs] 
201.627: Total time for which application threads were stopped: 0.0005670 seconds, Stopping threads took: 0.0000510 seconds
201.667: Application time: 0.0397940 seconds
201.667: [GC [PSYoungGen: 7664K->496K(8192K)] 17099K->9931K(26112K), 0.0004100 secs] [Times: user=0.00 sys=0.00, real=0.00 secs] 
201.667: Total time for which application threads were stopped: 0.0005110 seconds, Stopping threads took: 0.0000410 seconds
201.707: Application time: 0.0392960 seconds
201.707: [GC [PSYoungGen: 7664K->480K(8192K)] 17099K->9915K(26112K), 0.0004460 secs] [Times: user=0.01 sys=0.00, real=0.00 secs] 
201.707: Total time for which application threads were stopped: 0.0005440 seconds, Stopping threads took: 0.0000400 seconds
201.746: Application time: 0.0392390 seconds
201.746: [GC [PSYoungGen: 7648K->496K(8192K)] 17083K->9931K(26112K), 0.0004580 secs] [Times: user=0.00 sys=0.00, real=0.00 secs] 
201.747: Total time for which application threads were stopped: 0.0005510 seconds, Stopping threads took: 0.0000360 seconds
201.786: Application time: 0.0392040 seconds
201.786: [GC [PSYoungGen: 7664K->496K(8192K)] 17099K->9931K(26112K), 0.0004560 secs] [Times: user=0.00 sys=0.00, real=0.00 secs] 
201.787: Total time for which application threads were stopped: 0.0005600 seconds, Stopping threads took: 0.0000480 seconds
201.826: Application time: 0.0398020 seconds
201.827: [GC [PSYoungGen: 7664K->448K(8192K)] 17099K->9883K(26112K), 0.0004140 secs] [Times: user=0.00 sys=0.00, real=0.00 secs] 
201.827: Total time for which application threads were stopped: 0.0005110 seconds, Stopping threads took: 0.0000400 seconds
201.866: Application time: 0.0392790 seconds
201.866: [GC [PSYoungGen: 7616K->496K(8192K)] 17051K->9931K(26112K), 0.0004330 secs] [Times: user=0.00 sys=0.00, real=0.00 secs] 
201.867: Total time for which application threads were stopped: 0.0005330 seconds, Stopping threads took: 0.0000430 seconds
201.906: Application time: 0.0393230 seconds
201.906: [GC [PSYoungGen: 7664K->496K(8192K)] 17099K->9931K(26112K), 0.0004640 secs] [Times: user=0.00 sys=0.00, real=0.00 secs] 
201.907: Total time for which application threads were stopped: 0.0005960 seconds, Stopping threads took: 0.0000580 seconds
201.946: Application time: 0.0394830 seconds
201.946: [GC [PSYoungGen: 7664K->512K(8192K)] 17099K->9947K(26112K), 0.0004520 secs] [Times: user=0.00 sys=0.00, real=0.00 secs] 
201.947: Total time for which application threads were stopped: 0.0005670 seconds, Stopping threads took: 0.0000500 seconds
201.986: Application time: 0.0395960 seconds
201.986: [GC [PSYoungGen: 7680K->416K(8192K)] 17115K->9947K(26112K), 0.0004240 secs] [Times: user=0.00 sys=0.00, real=0.00 secs] 
201.987: Total time for which application threads were stopped: 0.0005230 seconds, Stopping threads took: 0.0000430 seconds
202.026: Application time: 0.0394580 seconds
202.029: [GC [PSYoungGen: 7584K->336K(8192K)] 17115K->9963K(26112K), 0.0005080 secs] [Times: user=0.00 sys=0.00, real=0.00 secs] 
202.030: Total time for which application threads were stopped: 0.0032260 seconds, Stopping threads took: 0.0026630 seconds
202.069: Application time: 0.0393670 seconds
202.069: [GC [PSYoungGen: 7504K->288K(8192K)] 17131K->10003K(26112K), 0.0003960 secs] [Times: user=0.00 sys=0.00, real=0.00 secs] 
202.069: Total time for which application threads were stopped: 0.0004910 seconds, Stopping threads took: 0.0000390 seconds
202.109: Application time: 0.0393050 seconds
202.109: [GC [PSYoungGen: 7456K->288K(8192K)] 17171K->10003K(26112K), 0.0004080 secs] [Times: user=0.00 sys=0.00, real=0.01 secs] 
202.109: Total time for which application threads were stopped: 0.0005100 seconds, Stopping threads took: 0.0000470 seconds
202.149: Application time: 0.0396640 seconds
202.149: [GC [PSYoungGen: 7456K->272K(8192K)] 17171K->10051K(26112K), 0.0003510 secs] [Times: user=0.01 sys=0.00, real=0.00 secs] 
202.149: Total time for which application threads were stopped: 0.0004530 seconds, Stopping threads took: 0.0000430 seconds
202.188: Application time: 0.0384080 seconds
202.188: [GC [PSYoungGen: 7440K->288K(8192K)] 17219K->10115K(26112K), 0.0003890 secs] [Times: user=0.00 sys=0.00, real=0.00 secs] 
202.188: Total time for which application threads were stopped: 0.0004920 seconds, Stopping threads took: 0.0000460 seconds
202.226: Application time: 0.0376890 seconds
202.226: [GC [PSYoungGen: 7456K->384K(8192K)] 17283K->10211K(26112K), 0.0003840 secs] [Times: user=0.00 sys=0.00, real=0.00 secs] 
202.226: Total time for which application threads were stopped: 0.0004880 seconds, Stopping threads took: 0.0000460 seconds
202.266: Application time: 0.0391370 seconds
202.266: [GC [PSYoungGen: 7552K->416K(8192K)] 17379K->10243K(26112K), 0.0004810 secs] [Times: user=0.00 sys=0.00, real=0.00 secs] 
202.266: Total time for which application threads were stopped: 0.0005800 seconds, Stopping threads took: 0.0000430 seconds
202.306: Application time: 0.0393390 seconds
202.306: [GC [PSYoungGen: 7584K->432K(8192K)] 17411K->10259K(26112K), 0.0004100 secs] [Times: user=0.00 sys=0.00, real=0.00 secs] 
202.306: Total time for which application threads were stopped: 0.0005070 seconds, Stopping threads took: 0.0000430 seconds
202.345: Application time: 0.0388880 seconds
202.345: [GC [PSYoungGen: 7600K->512K(8192K)] 17427K->10339K(26112K), 0.0004250 secs] [Times: user=0.00 sys=0.00, real=0.00 secs] 
202.345: Total time for which application threads were stopped: 0.0005320 seconds, Stopping threads took: 0.0000460 seconds
202.385: Application time: 0.0396410 seconds
202.385: [GC [PSYoungGen: 7680K->528K(8192K)] 17507K->10355K(26112K), 0.0004220 secs] [Times: user=0.00 sys=0.00, real=0.00 secs] 
202.386: Total time for which application threads were stopped: 0.0005310 seconds, Stopping threads took: 0.0000490 seconds
202.425: Application time: 0.0393690 seconds
202.425: [GC [PSYoungGen: 7696K->496K(8192K)] 17523K->10323K(26112K), 0.0004200 secs] [Times: user=0.00 sys=0.00, real=0.00 secs] 
202.426: Total time for which application threads were stopped: 0.0005330 seconds, Stopping threads took: 0.0000430 seconds
202.465: Application time: 0.0392190 seconds
202.465: [GC [PSYoungGen: 7664K->528K(8192K)] 17491K->10355K(26112K), 0.0004250 secs] [Times: user=0.00 sys=0.00, real=0.00 secs] 
202.465: Total time for which application threads were stopped: 0.0005210 seconds, Stopping threads took: 0.0000390 seconds
202.505: Application time: 0.0395460 seconds
202.509: [GC [PSYoungGen: 7696K->512K(8192K)] 17523K->10340K(26112K), 0.0005160 secs] [Times: user=0.00 sys=0.00, real=0.00 secs] 
202.510: Total time for which application threads were stopped: 0.0047870 seconds, Stopping threads took: 0.0042100 seconds
202.549: Application time: 0.0392770 seconds
202.549: [GC [PSYoungGen: 7680K->512K(8192K)] 17508K->10339K(26112K), 0.0004380 secs] [Times: user=0.00 sys=0.00, real=0.01 secs] 
202.549: Total time for which application threads were stopped: 0.0005460 seconds, Stopping threads took: 0.0000480 seconds
202.589: Application time: 0.0396240 seconds
202.589: [GC [PSYoungGen: 7680K->480K(8192K)] 17507K->10307K(26112K), 0.0004150 secs] [Times: user=0.00 sys=0.00, real=0.00 secs] 
202.590: Total time for which application threads were stopped: 0.0005130 seconds, Stopping threads took: 0.0000380 seconds
202.629: Application time: 0.0391300 seconds
202.629: [GC [PSYoungGen: 7648K->496K(8192K)] 17475K->10323K(26112K), 0.0004140 secs] [Times: user=0.00 sys=0.00, real=0.01 secs] 
202.629: Total time for which application threads were stopped: 0.0005130 seconds, Stopping threads took: 0.0000430 seconds
202.669: Application time: 0.0393430 seconds
202.669: [GC [PSYoungGen: 7664K->464K(8192K)] 17491K->10291K(26112K), 0.0004320 secs] [Times: user=0.00 sys=0.00, real=0.01 secs] 
202.669: Total time for which application threads were stopped: 0.0005460 seconds, Stopping threads took: 0.0000530 seconds
202.708: Application time: 0.0393270 seconds
202.709: [GC [PSYoungGen: 7632K->496K(8192K)] 17459K->10323K(26112K), 0.0004170 secs] [Times: user=0.00 sys=0.00, real=0.00 secs] 
202.709: Total time for which application threads were stopped: 0.0005460 seconds, Stopping threads took: 0.0000670 seconds
202.748: Application time: 0.0393900 seconds
202.748: [GC [PSYoungGen: 7664K->496K(8192K)] 17491K->10323K(26112K), 0.0004670 secs] [Times: user=0.00 sys=0.00, real=0.00 secs] 
202.749: Total time for which application threads were stopped: 0.0005660 seconds, Stopping threads took: 0.0000420 seconds
202.788: Application time: 0.0395010 seconds
202.789: [GC [PSYoungGen: 7664K->448K(8192K)] 17491K->10356K(26112K), 0.0004530 secs] [Times: user=0.00 sys=0.00, real=0.01 secs] 
202.789: Total time for which application threads were stopped: 0.0005660 seconds, Stopping threads took: 0.0000540 seconds
202.829: Application time: 0.0395300 seconds
202.829: [GC [PSYoungGen: 7616K->336K(8192K)] 17524K->10356K(26112K), 0.0004020 secs] [Times: user=0.00 sys=0.00, real=0.01 secs] 
202.829: Total time for which application threads were stopped: 0.0005030 seconds, Stopping threads took: 0.0000420 seconds
202.868: Application time: 0.0394250 seconds
202.869: [GC [PSYoungGen: 7504K->288K(8192K)] 17524K->10356K(26112K), 0.0004520 secs] [Times: user=0.00 sys=0.00, real=0.01 secs] 
202.869: Total time for which application threads were stopped: 0.0005520 seconds, Stopping threads took: 0.0000490 seconds
202.908: Application time: 0.0394300 seconds
202.909: [GC [PSYoungGen: 7456K->320K(8192K)] 17524K->10388K(26112K), 0.0004240 secs] [Times: user=0.00 sys=0.00, real=0.01 secs] 
202.909: Total time for which application threads were stopped: 0.0005420 seconds, Stopping threads took: 0.0000510 seconds
202.948: Application time: 0.0388620 seconds
202.948: [GC [PSYoungGen: 7488K->288K(8192K)] 17556K->10444K(26112K), 0.0003800 secs] [Times: user=0.00 sys=0.00, real=0.00 secs] 
202.948: Total time for which application threads were stopped: 0.0004960 seconds, Stopping threads took: 0.0000440 seconds
202.987: Application time: 0.0387930 seconds
202.987: [GC [PSYoungGen: 7456K->320K(8192K)] 17612K->10476K(26112K), 0.0003810 secs] [Times: user=0.00 sys=0.00, real=0.00 secs] 
202.988: Total time for which application threads were stopped: 0.0004780 seconds, Stopping threads took: 0.0000420 seconds
203.026: Application time: 0.0382280 seconds
203.026: [GC [PSYoungGen: 7488K->352K(8192K)] 17644K->10508K(26112K), 0.0003970 secs] [Times: user=0.00 sys=0.00, real=0.00 secs] 
203.026: Total time for which application threads were stopped: 0.0005050 seconds, Stopping threads took: 0.0000420 seconds
203.065: Application time: 0.0390470 seconds
203.066: [GC [PSYoungGen: 7520K->464K(8192K)] 17676K->10620K(26112K), 0.0003940 secs] [Times: user=0.00 sys=0.00, real=0.00 secs] 
203.066: Total time for which application threads were stopped: 0.0005010 seconds, Stopping threads took: 0.0000480 seconds
203.105: Application time: 0.0390500 seconds
203.105: [GC [PSYoungGen: 7632K->448K(8192K)] 17788K->10604K(26112K), 0.0004480 secs] [Times: user=0.00 sys=0.00, real=0.00 secs] 
203.106: Total time for which application threads were stopped: 0.0005480 seconds, Stopping threads took: 0.0000480 seconds
203.144: Application time: 0.0387610 seconds
203.144: [GC [PSYoungGen: 7616K->496K(8192K)] 17772K->10652K(26112K), 0.0004560 secs] [Times: user=0.00 sys=0.00, real=0.00 secs] 
203.145: Total time for which application threads were stopped: 0.0005630 seconds, Stopping threads took: 0.0000490 seconds
203.185: Application time: 0.0396760 seconds
203.189: [GC [PSYoungGen: 7664K->480K(8192K)] 17820K->10636K(26112K), 0.0004630 secs] [Times: user=0.01 sys=0.00, real=0.00 secs] 
203.190: Total time for which application threads were stopped: 0.0050060 seconds, Stopping threads took: 0.0044860 seconds
203.229: Application time: 0.0392340 seconds
203.229: [GC [PSYoungGen: 7648K->496K(8192K)] 17804K->10652K(26112K), 0.0004440 secs] [Times: user=0.00 sys=0.00, real=0.01 secs] 
203.229: Total time for which application threads were stopped: 0.0005410 seconds, Stopping threads took: 0.0000420 seconds
203.269: Application time: 0.0392440 seconds
203.269: [GC [PSYoungGen: 7664K->560K(8192K)] 17820K->10716K(26112K), 0.0004540 secs] [Times: user=0.00 sys=0.00, real=0.01 secs] 
203.269: Total time for which application threads were stopped: 0.0005580 seconds, Stopping threads took: 0.0000450 seconds
203.309: Application time: 0.0398080 seconds
203.309: [GC [PSYoungGen: 7728K->512K(8192K)] 17884K->10668K(26112K), 0.0004290 secs] [Times: user=0.00 sys=0.00, real=0.00 secs] 
203.309: Total time for which application threads were stopped: 0.0005300 seconds, Stopping threads took: 0.0000400 seconds
203.349: Application time: 0.0392080 seconds
203.349: [GC [PSYoungGen: 7680K->496K(8192K)] 17836K->10652K(26112K), 0.0004760 secs] [Times: user=0.00 sys=0.00, real=0.01 secs] 
203.349: Total time for which application threads were stopped: 0.0005700 seconds, Stopping threads took: 0.0000380 seconds
203.389: Application time: 0.0392620 seconds
203.389: [GC [PSYoungGen: 7664K->480K(8192K)] 17820K->10636K(26112K), 0.0005300 secs] [Times: user=0.00 sys=0.00, real=0.01 secs] 
203.389: Total time for which application threads were stopped: 0.0006260 seconds, Stopping threads took: 0.0000390 seconds
203.429: Application time: 0.0394390 seconds
203.429: [GC [PSYoungGen: 7648K->512K(8192K)] 17804K->10668K(26112K), 0.0004940 secs] [Times: user=0.00 sys=0.00, real=0.01 secs] 
203.429: Total time for which application threads were stopped: 0.0006030 seconds, Stopping threads took: 0.0000500 seconds
203.468: Application time: 0.0392670 seconds
203.469: [GC [PSYoungGen: 7680K->512K(8192K)] 17836K->10668K(26112K), 0.0004420 secs] [Times: user=0.00 sys=0.00, real=0.01 secs] 
203.469: Total time for which application threads were stopped: 0.0005720 seconds, Stopping threads took: 0.0000660 seconds
203.508: Application time: 0.0394470 seconds
203.509: [GC [PSYoungGen: 7680K->464K(8192K)] 17836K->10620K(26112K), 0.0004260 secs] [Times: user=0.00 sys=0.00, real=0.00 secs] 
203.509: Total time for which application threads were stopped: 0.0005310 seconds, Stopping threads took: 0.0000430 seconds
203.549: Application time: 0.0395340 seconds
203.549: [GC [PSYoungGen: 7632K->432K(8192K)] 17788K->10668K(26112K), 0.0004940 secs] [Times: user=0.01 sys=0.00, real=0.01 secs] 
203.549: Total time for which application threads were stopped: 0.0005910 seconds, Stopping threads took: 0.0000410 seconds
203.589: Application time: 0.0393840 seconds
203.589: [GC [PSYoungGen: 7600K->416K(8192K)] 17836K->10700K(26112K), 0.0004170 secs] [Times: user=0.00 sys=0.00, real=0.01 secs] 
203.589: Total time for which application threads were stopped: 0.0005250 seconds, Stopping threads took: 0.0000430 seconds
203.630: Application time: 0.0406450 seconds
203.630: [GC [PSYoungGen: 7584K->320K(8192K)] 17868K->10700K(26112K), 0.0004340 secs] [Times: user=0.00 sys=0.00, real=0.00 secs] 
203.630: Total time for which application threads were stopped: 0.0005350 seconds, Stopping threads took: 0.0000420 seconds
203.670: Application time: 0.0392670 seconds
203.670: [GC [PSYoungGen: 7488K->272K(8192K)] 17868K->10692K(26112K), 0.0004430 secs] [Times: user=0.01 sys=0.00, real=0.00 secs] 
203.670: Total time for which application threads were stopped: 0.0005320 seconds, Stopping threads took: 0.0000370 seconds
203.710: Application time: 0.0394840 seconds
203.710: [GC [PSYoungGen: 7440K->272K(8192K)] 17860K->10740K(26112K), 0.0004130 secs] [Times: user=0.00 sys=0.00, real=0.00 secs] 
203.710: Total time for which application threads were stopped: 0.0005110 seconds, Stopping threads took: 0.0000410 seconds
203.749: Application time: 0.0385870 seconds
203.749: [GC [PSYoungGen: 7440K->288K(8192K)] 17908K->10796K(26112K), 0.0003730 secs] [Times: user=0.00 sys=0.00, real=0.01 secs] 
203.749: Total time for which application threads were stopped: 0.0004750 seconds, Stopping threads took: 0.0000440 seconds
203.788: Application time: 0.0390540 seconds
203.788: [GC [PSYoungGen: 7456K->336K(8192K)] 17964K->10844K(26112K), 0.0003800 secs] [Times: user=0.00 sys=0.00, real=0.00 secs] 
203.789: Total time for which application threads were stopped: 0.0004880 seconds, Stopping threads took: 0.0000490 seconds
203.826: Application time: 0.0376960 seconds
203.826: [GC [PSYoungGen: 7504K->432K(8192K)] 18012K->10940K(26112K), 0.0004630 secs] [Times: user=0.00 sys=0.00, real=0.00 secs] 
203.827: Total time for which application threads were stopped: 0.0005680 seconds, Stopping threads took: 0.0000470 seconds
203.866: Application time: 0.0395170 seconds
203.867: [GC [PSYoungGen: 7600K->416K(8192K)] 18108K->10924K(26112K), 0.0004090 secs] [Times: user=0.00 sys=0.00, real=0.00 secs] 
203.867: Total time for which application threads were stopped: 0.0005190 seconds, Stopping threads took: 0.0000540 seconds
203.906: Application time: 0.0386380 seconds
203.906: [GC [PSYoungGen: 7584K->496K(8192K)] 18092K->11004K(26112K), 0.0004460 secs] [Times: user=0.00 sys=0.00, real=0.00 secs] 
203.906: Total time for which application threads were stopped: 0.0005700 seconds, Stopping threads took: 0.0000580 seconds
203.946: Application time: 0.0397140 seconds
203.946: [GC [PSYoungGen: 7664K->496K(8192K)] 18172K->11004K(26112K), 0.0004160 secs] [Times: user=0.00 sys=0.00, real=0.00 secs] 
203.946: Total time for which application threads were stopped: 0.0005200 seconds, Stopping threads took: 0.0000460 seconds
203.986: Application time: 0.0393560 seconds
203.986: [GC [PSYoungGen: 7664K->496K(8192K)] 18172K->11004K(26112K), 0.0004210 secs] [Times: user=0.00 sys=0.00, real=0.00 secs] 
203.986: Total time for which application threads were stopped: 0.0005510 seconds, Stopping threads took: 0.0000640 seconds
204.026: Application time: 0.0392930 seconds
204.026: [GC [PSYoungGen: 7664K->496K(8192K)] 18172K->11004K(26112K), 0.0004660 secs] [Times: user=0.00 sys=0.00, real=0.00 secs] 
204.026: Total time for which application threads were stopped: 0.0005730 seconds, Stopping threads took: 0.0000480 seconds
204.065: Application time: 0.0392310 seconds
204.065: [GC [PSYoungGen: 7664K->496K(8192K)] 18172K->11004K(26112K), 0.0004080 secs] [Times: user=0.00 sys=0.00, real=0.00 secs] 
204.066: Total time for which application threads were stopped: 0.0005030 seconds, Stopping threads took: 0.0000400 seconds
204.105: Application time: 0.0395700 seconds
204.106: [GC [PSYoungGen: 7664K->528K(8192K)] 18172K->11036K(26112K), 0.0004760 secs] [Times: user=0.00 sys=0.00, real=0.00 secs] 
204.106: Total time for which application threads were stopped: 0.0005790 seconds, Stopping threads took: 0.0000450 seconds
204.145: Application time: 0.0393460 seconds
204.146: [GC [PSYoungGen: 7696K->496K(8192K)] 18204K->11004K(26112K), 0.0004360 secs] [Times: user=0.00 sys=0.00, real=0.00 secs] 
204.146: Total time for which application threads were stopped: 0.0005420 seconds, Stopping threads took: 0.0000460 seconds
204.186: Application time: 0.0401160 seconds
204.186: [GC [PSYoungGen: 7664K->480K(8192K)] 18172K->10988K(26112K), 0.0004120 secs] [Times: user=0.01 sys=0.00, real=0.00 secs] 
204.187: Total time for which application threads were stopped: 0.0005100 seconds, Stopping threads took: 0.0000430 seconds
204.226: Application time: 0.0391920 seconds
204.226: [GC [PSYoungGen: 7648K->512K(8192K)] 18156K->11020K(26112K), 0.0004220 secs] [Times: user=0.00 sys=0.00, real=0.00 secs] 
204.226: Total time for which application threads were stopped: 0.0005240 seconds, Stopping threads took: 0.0000470 seconds
204.266: Application time: 0.0395400 seconds
204.266: [GC [PSYoungGen: 7680K->480K(8192K)] 18188K->10988K(26112K), 0.0004140 secs] [Times: user=0.00 sys=0.00, real=0.00 secs] 
204.266: Total time for which application threads were stopped: 0.0005140 seconds, Stopping threads took: 0.0000420 seconds
204.306: Application time: 0.0393900 seconds
204.306: [GC [PSYoungGen: 7648K->480K(8192K)] 18156K->10988K(26112K), 0.0004250 secs] [Times: user=0.01 sys=0.00, real=0.00 secs] 
204.306: Total time for which application threads were stopped: 0.0005310 seconds, Stopping threads took: 0.0000480 seconds
204.346: Application time: 0.0394990 seconds
204.346: [GC [PSYoungGen: 7648K->384K(8192K)] 18156K->10964K(26112K), 0.0005780 secs] [Times: user=0.00 sys=0.00, real=0.00 secs] 
204.346: Total time for which application threads were stopped: 0.0006770 seconds, Stopping threads took: 0.0000400 seconds
204.386: Application time: 0.0392670 seconds
204.386: [GC [PSYoungGen: 7552K->432K(8192K)] 18132K->11068K(26112K), 0.0003950 secs] [Times: user=0.00 sys=0.00, real=0.00 secs] 
204.386: Total time for which application threads were stopped: 0.0004910 seconds, Stopping threads took: 0.0000390 seconds
204.426: Application time: 0.0394810 seconds
204.426: [GC [PSYoungGen: 7600K->288K(8192K)] 18236K->11052K(26112K), 0.0003970 secs] [Times: user=0.00 sys=0.00, real=0.00 secs] 
204.426: Total time for which application threads were stopped: 0.0004950 seconds, Stopping threads took: 0.0000420 seconds
204.466: Application time: 0.0394080 seconds
204.466: [GC [PSYoungGen: 7456K->304K(8192K)] 18220K->11068K(26112K), 0.0003970 secs] [Times: user=0.00 sys=0.00, real=0.00 secs] 
204.466: Total time for which application threads were stopped: 0.0004980 seconds, Stopping threads took: 0.0000440 seconds
204.505: Application time: 0.0389370 seconds
204.505: [GC [PSYoungGen: 7472K->272K(8192K)] 18236K->11116K(26112K), 0.0003840 secs] [Times: user=0.00 sys=0.00, real=0.00 secs] 
204.506: Total time for which application threads were stopped: 0.0004990 seconds, Stopping threads took: 0.0000460 seconds
204.545: Application time: 0.0391280 seconds
204.545: [GC [PSYoungGen: 7440K->288K(8192K)] 18284K->11132K(26112K), 0.0003860 secs] [Times: user=0.00 sys=0.00, real=0.00 secs] 
204.545: Total time for which application threads were stopped: 0.0004940 seconds, Stopping threads took: 0.0000470 seconds
204.583: Application time: 0.0382780 seconds
204.584: [GC [PSYoungGen: 7456K->304K(8192K)] 18300K->11148K(26112K), 0.0004930 secs] [Times: user=0.00 sys=0.00, real=0.00 secs] 
204.584: Total time for which application threads were stopped: 0.0005920 seconds, Stopping threads took: 0.0000410 seconds
204.623: Application time: 0.0389200 seconds
204.623: [GC [PSYoungGen: 7470K->384K(8192K)] 18315K->11228K(26112K), 0.0004010 secs] [Times: user=0.00 sys=0.00, real=0.00 secs] 
204.623: Total time for which application threads were stopped: 0.0004970 seconds, Stopping threads took: 0.0000400 seconds
204.662: Application time: 0.0389840 seconds
204.663: [GC [PSYoungGen: 7552K->400K(8192K)] 18396K->11244K(26112K), 0.0004020 secs] [Times: user=0.00 sys=0.00, real=0.00 secs] 
204.663: Total time for which application threads were stopped: 0.0005100 seconds, Stopping threads took: 0.0000400 seconds
204.701: Application time: 0.0381390 seconds
204.701: [GC [PSYoungGen: 7568K->496K(8192K)] 18412K->11340K(26112K), 0.0004670 secs] [Times: user=0.00 sys=0.00, real=0.00 secs] 
204.702: Total time for which application threads were stopped: 0.0005660 seconds, Stopping threads took: 0.0000410 seconds
204.741: Application time: 0.0395180 seconds
204.741: [GC [PSYoungGen: 7664K->544K(8192K)] 18508K->11388K(26112K), 0.0004060 secs] [Times: user=0.01 sys=0.00, real=0.00 secs] 
204.742: Total time for which application threads were stopped: 0.0005110 seconds, Stopping threads took: 0.0000480 seconds
204.781: Application time: 0.0395340 seconds
204.781: [GC [PSYoungGen: 7712K->512K(8192K)] 18556K->11356K(26112K), 0.0004130 secs] [Times: user=0.00 sys=0.00, real=0.00 secs] 
204.782: Total time for which application threads were stopped: 0.0005180 seconds, Stopping threads took: 0.0000490 seconds
204.821: Application time: 0.0393100 seconds
204.821: [GC [PSYoungGen: 7680K->512K(8192K)] 18524K->11356K(26112K), 0.0004600 secs] [Times: user=0.00 sys=0.00, real=0.00 secs] 
204.822: Total time for which application threads were stopped: 0.0005600 seconds, Stopping threads took: 0.0000440 seconds
204.861: Application time: 0.0393150 seconds
204.861: [GC [PSYoungGen: 7680K->496K(8192K)] 18524K->11340K(26112K), 0.0004270 secs] [Times: user=0.00 sys=0.00, real=0.00 secs] 
204.861: Total time for which application threads were stopped: 0.0005330 seconds, Stopping threads took: 0.0000460 seconds
204.901: Application time: 0.0397270 seconds
204.901: [GC [PSYoungGen: 7664K->480K(8192K)] 18508K->11324K(26112K), 0.0005120 secs] [Times: user=0.00 sys=0.00, real=0.00 secs] 
204.902: Total time for which application threads were stopped: 0.0006230 seconds, Stopping threads took: 0.0000440 seconds
204.941: Application time: 0.0391900 seconds
204.941: [GC [PSYoungGen: 7648K->512K(8192K)] 18492K->11356K(26112K), 0.0004270 secs] [Times: user=0.00 sys=0.00, real=0.00 secs] 
204.942: Total time for which application threads were stopped: 0.0005330 seconds, Stopping threads took: 0.0000500 seconds
204.981: Application time: 0.0393300 seconds
204.981: [GC [PSYoungGen: 7680K->496K(8192K)] 18524K->11340K(26112K), 0.0004250 secs] [Times: user=0.00 sys=0.00, real=0.01 secs] 
204.981: Total time for which application threads were stopped: 0.0005230 seconds, Stopping threads took: 0.0000430 seconds
205.021: Application time: 0.0396310 seconds
205.021: [GC [PSYoungGen: 7664K->480K(8192K)] 18508K->11324K(26112K), 0.0004100 secs] [Times: user=0.00 sys=0.00, real=0.00 secs] 
205.022: Total time for which application threads were stopped: 0.0005170 seconds, Stopping threads took: 0.0000390 seconds
205.061: Application time: 0.0392170 seconds
205.061: [GC [PSYoungGen: 7648K->528K(8192K)] 18492K->11372K(26112K), 0.0004510 secs] [Times: user=0.00 sys=0.00, real=0.01 secs] 
205.061: Total time for which application threads were stopped: 0.0005500 seconds, Stopping threads took: 0.0000420 seconds
205.101: Application time: 0.0392140 seconds
205.101: [GC [PSYoungGen: 7696K->480K(8192K)] 18540K->11372K(26112K), 0.0004210 secs] [Times: user=0.00 sys=0.00, real=0.01 secs] 
205.101: Total time for which application threads were stopped: 0.0005290 seconds, Stopping threads took: 0.0000500 seconds
205.141: Application time: 0.0394310 seconds
205.141: [GC [PSYoungGen: 7648K->432K(8192K)] 18540K->11380K(26112K), 0.0004650 secs] [Times: user=0.00 sys=0.00, real=0.01 secs] 
205.141: Total time for which application threads were stopped: 0.0005680 seconds, Stopping threads took: 0.0000460 seconds
205.182: Application time: 0.0407420 seconds
205.182: [GC [PSYoungGen: 7600K->384K(8192K)] 18548K->11420K(26112K), 0.0004510 secs] [Times: user=0.00 sys=0.00, real=0.00 secs] 
205.182: Total time for which application threads were stopped: 0.0005520 seconds, Stopping threads took: 0.0000450 seconds
205.222: Application time: 0.0394110 seconds
205.222: [GC [PSYoungGen: 7552K->320K(8192K)] 18588K->11412K(26112K), 0.0003960 secs] [Times: user=0.01 sys=0.00, real=0.00 secs] 
205.222: Total time for which application threads were stopped: 0.0004930 seconds, Stopping threads took: 0.0000400 seconds
205.262: Application time: 0.0393980 seconds
205.262: [GC [PSYoungGen: 7488K->288K(8192K)] 18580K->11428K(26112K), 0.0003770 secs] [Times: user=0.00 sys=0.00, real=0.00 secs] 
205.262: Total time for which application threads were stopped: 0.0004770 seconds, Stopping threads took: 0.0000410 seconds
205.301: Application time: 0.0386900 seconds
205.301: [GC [PSYoungGen: 7456K->320K(8192K)] 18596K->11532K(26112K), 0.0004510 secs] [Times: user=0.00 sys=0.00, real=0.01 secs] 
205.301: Total time for which application threads were stopped: 0.0005610 seconds, Stopping threads took: 0.0000540 seconds
205.341: Application time: 0.0392220 seconds
205.341: [GC [PSYoungGen: 7488K->288K(8192K)] 18700K->11500K(26112K), 0.0003810 secs] [Times: user=0.00 sys=0.00, real=0.01 secs] 
205.341: Total time for which application threads were stopped: 0.0004790 seconds, Stopping threads took: 0.0000400 seconds
205.379: Application time: 0.0377550 seconds
205.379: [GC [PSYoungGen: 7456K->432K(8192K)] 18668K->11644K(26112K), 0.0004040 secs] [Times: user=0.00 sys=0.00, real=0.00 secs] 
205.379: Total time for which application threads were stopped: 0.0005030 seconds, Stopping threads took: 0.0000400 seconds
205.418: Application time: 0.0390180 seconds
205.418: [GC [PSYoungGen: 7600K->400K(8192K)] 18812K->11612K(26112K), 0.0003950 secs] [Times: user=0.01 sys=0.00, real=0.00 secs] 
205.419: Total time for which application threads were stopped: 0.0005020 seconds, Stopping threads took: 0.0000500 seconds
205.458: Application time: 0.0390310 seconds
205.458: [GC [PSYoungGen: 7568K->464K(8192K)] 18780K->11676K(26112K), 0.0004070 secs] [Times: user=0.00 sys=0.00, real=0.00 secs] 
205.458: Total time for which application threads were stopped: 0.0005050 seconds, Stopping threads took: 0.0000410 seconds
205.498: Application time: 0.0390670 seconds
205.498: [GC [PSYoungGen: 7632K->528K(8192K)] 18844K->11740K(26112K), 0.0004490 secs] [Times: user=0.00 sys=0.00, real=0.00 secs] 
205.498: Total time for which application threads were stopped: 0.0005530 seconds, Stopping threads took: 0.0000450 seconds
205.537: Application time: 0.0393150 seconds
205.537: [GC [PSYoungGen: 7696K->480K(8192K)] 18908K->11692K(26112K), 0.0004540 secs] [Times: user=0.00 sys=0.00, real=0.00 secs] 
205.538: Total time for which application threads were stopped: 0.0005640 seconds, Stopping threads took: 0.0000440 seconds
205.578: Application time: 0.0398800 seconds
205.578: [GC [PSYoungGen: 7648K->544K(8192K)] 18860K->11756K(26112K), 0.0004580 secs] [Times: user=0.00 sys=0.00, real=0.00 secs] 
205.578: Total time for which application threads were stopped: 0.0005570 seconds, Stopping threads took: 0.0000440 seconds
205.618: Application time: 0.0396020 seconds
205.618: [GC [PSYoungGen: 7712K->496K(8192K)] 18924K->11708K(26112K), 0.0004300 secs] [Times: user=0.00 sys=0.00, real=0.00 secs] 
205.619: Total time for which application threads were stopped: 0.0005350 seconds, Stopping threads took: 0.0000470 seconds
205.658: Application time: 0.0393170 seconds
205.658: [GC [PSYoungGen: 7664K->480K(8192K)] 18876K->11692K(26112K), 0.0004750 secs] [Times: user=0.01 sys=0.00, real=0.00 secs] 
205.658: Total time for which application threads were stopped: 0.0005780 seconds, Stopping threads took: 0.0000480 seconds
205.698: Application time: 0.0392640 seconds
205.698: [GC [PSYoungGen: 7648K->480K(8192K)] 18860K->11692K(26112K), 0.0004360 secs] [Times: user=0.00 sys=0.00, real=0.00 secs] 
205.698: Total time for which application threads were stopped: 0.0005420 seconds, Stopping threads took: 0.0000510 seconds
205.737: Application time: 0.0391840 seconds
205.738: [GC [PSYoungGen: 7648K->512K(8192K)] 18860K->11724K(26112K), 0.0004620 secs] [Times: user=0.00 sys=0.00, real=0.00 secs] 
205.738: Total time for which application threads were stopped: 0.0005680 seconds, Stopping threads took: 0.0000480 seconds
205.778: Application time: 0.0396340 seconds
205.778: [GC [PSYoungGen: 7680K->512K(8192K)] 18892K->11724K(26112K), 0.0004370 secs] [Times: user=0.00 sys=0.00, real=0.00 secs] 
205.778: Total time for which application threads were stopped: 0.0005330 seconds, Stopping threads took: 0.0000400 seconds
205.817: Application time: 0.0391780 seconds
205.817: [GC [PSYoungGen: 7680K->512K(8192K)] 18892K->11724K(26112K), 0.0004910 secs] [Times: user=0.00 sys=0.00, real=0.00 secs] 
205.818: Total time for which application threads were stopped: 0.0005910 seconds, Stopping threads took: 0.0000440 seconds
205.857: Application time: 0.0391560 seconds
205.857: [GC [PSYoungGen: 7680K->512K(8192K)] 18892K->11724K(26112K), 0.0004260 secs] [Times: user=0.00 sys=0.00, real=0.00 secs] 
205.858: Total time for which application threads were stopped: 0.0005240 seconds, Stopping threads took: 0.0000410 seconds
205.897: Application time: 0.0390940 seconds
205.897: [GC [PSYoungGen: 7680K->496K(8192K)] 18892K->11796K(26112K), 0.0004460 secs] [Times: user=0.00 sys=0.00, real=0.00 secs] 
205.897: Total time for which application threads were stopped: 0.0005550 seconds, Stopping threads took: 0.0000460 seconds
205.937: Application time: 0.0399540 seconds
205.937: [GC [PSYoungGen: 7664K->448K(8192K)] 18964K->11748K(26112K), 0.0004930 secs] [Times: user=0.00 sys=0.00, real=0.00 secs] 
205.938: Total time for which application threads were stopped: 0.0006130 seconds, Stopping threads took: 0.0000540 seconds
205.977: Application time: 0.0394390 seconds
205.977: [GC [PSYoungGen: 7616K->336K(8192K)] 18916K->11757K(26112K), 0.0004990 secs] [Times: user=0.00 sys=0.00, real=0.00 secs] 
205.978: Total time for which application threads were stopped: 0.0006000 seconds, Stopping threads took: 0.0000460 seconds
206.018: Application time: 0.0396510 seconds
206.021: [GC [PSYoungGen: 7504K->304K(8192K)] 18925K->11781K(26112K), 0.0003950 secs] [Times: user=0.00 sys=0.00, real=0.00 secs] 
206.021: Total time for which application threads were stopped: 0.0039690 seconds, Stopping threads took: 0.0035160 seconds
206.061: Application time: 0.0392710 seconds
206.061: [GC [PSYoungGen: 7472K->272K(8192K)] 18949K->11789K(26112K), 0.0004540 secs] [Times: user=0.00 sys=0.00, real=0.01 secs] 
206.061: Total time for which application threads were stopped: 0.0005680 seconds, Stopping threads took: 0.0000480 seconds
206.100: Application time: 0.0383020 seconds
206.100: [GC [PSYoungGen: 7440K->320K(8192K)] 18957K->11893K(26112K), 0.0003700 secs] [Times: user=0.00 sys=0.00, real=0.00 secs] 
206.100: Total time for which application threads were stopped: 0.0004730 seconds, Stopping threads took: 0.0000460 seconds
206.139: Application time: 0.0383930 seconds
206.139: [GC [PSYoungGen: 7488K->336K(8192K)] 19061K->11909K(26112K), 0.0003820 secs] [Times: user=0.00 sys=0.00, real=0.00 secs] 
206.139: Total time for which application threads were stopped: 0.0004850 seconds, Stopping threads took: 0.0000440 seconds
206.178: Application time: 0.0387780 seconds
206.178: [GC [PSYoungGen: 7504K->416K(8192K)] 19077K->11989K(26112K), 0.0003840 secs] [Times: user=0.00 sys=0.00, real=0.00 secs] 
206.178: Total time for which application threads were stopped: 0.0004920 seconds, Stopping threads took: 0.0000490 seconds
206.217: Application time: 0.0392150 seconds
206.218: [GC [PSYoungGen: 7584K->416K(8192K)] 19157K->11989K(26112K), 0.0004050 secs] [Times: user=0.00 sys=0.00, real=0.00 secs] 
206.218: Total time for which application threads were stopped: 0.0005020 seconds, Stopping threads took: 0.0000400 seconds
206.256: Application time: 0.0380640 seconds
206.256: [GC [PSYoungGen: 7584K->512K(8192K)] 19157K->12085K(26112K), 0.0004270 secs] [Times: user=0.00 sys=0.00, real=0.00 secs] 
206.257: Total time for which application threads were stopped: 0.0005270 seconds, Stopping threads took: 0.0000440 seconds
206.296: Application time: 0.0394000 seconds
206.297: [GC [PSYoungGen: 7680K->480K(8192K)] 19253K->12053K(26112K), 0.0004300 secs] [Times: user=0.00 sys=0.00, real=0.00 secs] 
206.298: Total time for which application threads were stopped: 0.0015600 seconds, Stopping threads took: 0.0010630 seconds
206.337: Application time: 0.0398490 seconds
206.337: [GC [PSYoungGen: 7648K->544K(8192K)] 19221K->12117K(26112K), 0.0004190 secs] [Times: user=0.00 sys=0.00, real=0.00 secs] 
206.338: Total time for which application threads were stopped: 0.0005230 seconds, Stopping threads took: 0.0000460 seconds
206.377: Application time: 0.0394050 seconds
206.377: [GC [PSYoungGen: 7712K->496K(8192K)] 19285K->12069K(26112K), 0.0004220 secs] [Times: user=0.00 sys=0.00, real=0.00 secs] 
206.378: Total time for which application threads were stopped: 0.0005240 seconds, Stopping threads took: 0.0000440 seconds
206.417: Application time: 0.0393690 seconds
206.417: [GC [PSYoungGen: 7664K->512K(8192K)] 19237K->12085K(26112K), 0.0004470 secs] [Times: user=0.00 sys=0.00, real=0.00 secs] 
206.418: Total time for which application threads were stopped: 0.0005520 seconds, Stopping threads took: 0.0000470 seconds
206.457: Application time: 0.0394630 seconds
206.457: [GC [PSYoungGen: 7680K->512K(8192K)] 19253K->12085K(26112K), 0.0004690 secs] [Times: user=0.01 sys=0.00, real=0.00 secs] 
206.458: Total time for which application threads were stopped: 0.0005640 seconds, Stopping threads took: 0.0000400 seconds
206.497: Application time: 0.0395290 seconds
206.497: [GC [PSYoungGen: 7680K->480K(8192K)] 19253K->12053K(26112K), 0.0004590 secs] [Times: user=0.00 sys=0.00, real=0.00 secs] 
206.498: Total time for which application threads were stopped: 0.0005540 seconds, Stopping threads took: 0.0000420 seconds
206.537: Application time: 0.0393190 seconds
206.537: [GC [PSYoungGen: 7648K->496K(8192K)] 19221K->12069K(26112K), 0.0004030 secs] [Times: user=0.00 sys=0.00, real=0.00 secs] 
206.538: Total time for which application threads were stopped: 0.0005070 seconds, Stopping threads took: 0.0000480 seconds
206.578: Application time: 0.0401220 seconds
206.578: [GC [PSYoungGen: 7664K->480K(8192K)] 19237K->12053K(26112K), 0.0004740 secs] [Times: user=0.00 sys=0.00, real=0.00 secs] 
206.578: Total time for which application threads were stopped: 0.0005970 seconds, Stopping threads took: 0.0000580 seconds
206.618: Application time: 0.0395980 seconds
206.618: [GC [PSYoungGen: 7648K->464K(8192K)] 19221K->12037K(26112K), 0.0004610 secs] [Times: user=0.01 sys=0.00, real=0.00 secs] 
206.619: Total time for which application threads were stopped: 0.0005690 seconds, Stopping threads took: 0.0000520 seconds
206.658: Application time: 0.0394260 seconds
206.658: [GC [PSYoungGen: 7632K->480K(8192K)] 19205K->12053K(26112K), 0.0004660 secs] [Times: user=0.00 sys=0.00, real=0.00 secs] 
206.659: Total time for which application threads were stopped: 0.0005550 seconds, Stopping threads took: 0.0000320 seconds
206.698: Application time: 0.0395430 seconds
206.701: [GC [PSYoungGen: 7648K->400K(8192K)] 19221K->12061K(26112K), 0.0004280 secs] [Times: user=0.00 sys=0.00, real=0.00 secs] 
206.702: Total time for which application threads were stopped: 0.0033940 seconds, Stopping threads took: 0.0029080 seconds
206.741: Application time: 0.0392430 seconds
206.741: [GC [PSYoungGen: 7568K->336K(8192K)] 19229K->12101K(26112K), 0.0004530 secs] [Times: user=0.00 sys=0.00, real=0.01 secs] 
206.741: Total time for which application threads were stopped: 0.0005550 seconds, Stopping threads took: 0.0000450 seconds
206.781: Application time: 0.0393470 seconds
206.781: [GC [PSYoungGen: 7504K->304K(8192K)] 19269K->12125K(26112K), 0.0004760 secs] [Times: user=0.00 sys=0.00, real=0.01 secs] 
206.781: Total time for which application threads were stopped: 0.0005830 seconds, Stopping threads took: 0.0000480 seconds
206.821: Application time: 0.0396580 seconds
206.821: [GC [PSYoungGen: 7472K->288K(8192K)] 19293K->12157K(26112K), 0.0003910 secs] [Times: user=0.00 sys=0.00, real=0.01 secs] 
206.821: Total time for which application threads were stopped: 0.0004920 seconds, Stopping threads took: 0.0000450 seconds
206.861: Application time: 0.0395520 seconds
206.861: [GC [PSYoungGen: 7456K->256K(8192K)] 19325K->12205K(26112K), 0.0003810 secs] [Times: user=0.00 sys=0.00, real=0.00 secs] 
206.861: Total time for which application threads were stopped: 0.0004810 seconds, Stopping threads took: 0.0000470 seconds
206.900: Application time: 0.0382820 seconds
206.900: [GC [PSYoungGen: 7424K->320K(8192K)] 19373K->12269K(26112K), 0.0004250 secs] [Times: user=0.00 sys=0.00, real=0.00 secs] 
206.900: Total time for which application threads were stopped: 0.0005470 seconds, Stopping threads took: 0.0000540 seconds
206.938: Application time: 0.0380500 seconds
206.938: [GC [PSYoungGen: 7488K->416K(8192K)] 19437K->12365K(26112K), 0.0003960 secs] [Times: user=0.00 sys=0.00, real=0.00 secs] 
206.939: Total time for which application threads were stopped: 0.0005090 seconds, Stopping threads took: 0.0000520 seconds
206.978: Application time: 0.0388820 seconds
206.978: [GC [PSYoungGen: 7584K->400K(8192K)] 19533K->12349K(26112K), 0.0004020 secs] [Times: user=0.00 sys=0.00, real=0.00 secs] 
206.978: Total time for which application threads were stopped: 0.0005110 seconds, Stopping threads took: 0.0000500 seconds
207.018: Application time: 0.0395470 seconds
207.018: [GC [PSYoungGen: 7568K->400K(8192K)] 19517K->12349K(26112K), 0.0004570 secs] [Times: user=0.00 sys=0.00, real=0.00 secs] 
207.018: Total time for which application threads were stopped: 0.0005560 seconds, Stopping threads took: 0.0000420 seconds
207.056: Application time: 0.0381150 seconds
207.057: [GC [PSYoungGen: 7568K->448K(8192K)] 19517K->12397K(26112K), 0.0004090 secs] [Times: user=0.01 sys=0.00, real=0.00 secs] 
207.057: Total time for which application threads were stopped: 0.0005130 seconds, Stopping threads took: 0.0000460 seconds
207.097: Application time: 0.0395640 seconds
207.097: [GC [PSYoungGen: 7616K->496K(8192K)] 19565K->12445K(26112K), 0.0004910 secs] [Times: user=0.00 sys=0.00, real=0.00 secs] 
207.097: Total time for which application threads were stopped: 0.0006060 seconds, Stopping threads took: 0.0000450 seconds
207.137: Application time: 0.0395250 seconds
207.137: [GC [PSYoungGen: 7664K->496K(8192K)] 19613K->12445K(26112K), 0.0004600 secs] [Times: user=0.00 sys=0.00, real=0.00 secs] 
207.137: Total time for which application threads were stopped: 0.0005640 seconds, Stopping threads took: 0.0000470 seconds
207.177: Application time: 0.0394040 seconds
207.177: [GC [PSYoungGen: 7664K->480K(8192K)] 19613K->12429K(26112K), 0.0004270 secs] [Times: user=0.00 sys=0.00, real=0.00 secs] 
207.177: Total time for which application threads were stopped: 0.0005260 seconds, Stopping threads took: 0.0000430 seconds
207.216: Application time: 0.0393260 seconds
207.217: [GC [PSYoungGen: 7648K->528K(8192K)] 19597K->12477K(26112K), 0.0004110 secs] [Times: user=0.00 sys=0.00, real=0.00 secs] 
207.217: Total time for which application threads were stopped: 0.0005190 seconds, Stopping threads took: 0.0000480 seconds
207.257: Application time: 0.0395590 seconds
207.257: [GC [PSYoungGen: 7696K->560K(8192K)] 19645K->12509K(26112K), 0.0004880 secs] [Times: user=0.00 sys=0.00, real=0.00 secs] 
207.257: Total time for which application threads were stopped: 0.0005860 seconds, Stopping threads took: 0.0000390 seconds
207.296: Application time: 0.0392280 seconds
207.296: [GC [PSYoungGen: 7728K->464K(8192K)] 19677K->12413K(26112K), 0.0004250 secs] [Times: user=0.00 sys=0.00, real=0.00 secs] 
207.297: Total time for which application threads were stopped: 0.0005260 seconds, Stopping threads took: 0.0000430 seconds
207.336: Application time: 0.0392370 seconds
207.336: [GC [PSYoungGen: 7632K->528K(8192K)] 19581K->12477K(26112K), 0.0004680 secs] [Times: user=0.00 sys=0.00, real=0.00 secs] 
207.337: Total time for which application threads were stopped: 0.0005720 seconds, Stopping threads took: 0.0000470 seconds
207.376: Application time: 0.0392600 seconds
207.376: [GC [PSYoungGen: 7696K->512K(8192K)] 19645K->12461K(26112K), 0.0004700 secs] [Times: user=0.00 sys=0.00, real=0.00 secs] 
207.377: Total time for which application threads were stopped: 0.0005730 seconds, Stopping threads took: 0.0000460 seconds
207.416: Application time: 0.0394050 seconds
207.416: [GC [PSYoungGen: 7680K->496K(8192K)] 19629K->12445K(26112K), 0.0004350 secs] [Times: user=0.00 sys=0.00, real=0.00 secs] 
207.417: Total time for which application threads were stopped: 0.0005390 seconds, Stopping threads took: 0.0000470 seconds
207.456: Application time: 0.0392510 seconds
207.456: [GC [PSYoungGen: 7664K->496K(8192K)] 19613K->12445K(26112K), 0.0004470 secs] [Times: user=0.00 sys=0.00, real=0.00 secs] 
207.456: Total time for which application threads were stopped: 0.0005440 seconds, Stopping threads took: 0.0000420 seconds
207.496: Application time: 0.0393360 seconds
207.496: [GC [PSYoungGen: 7664K->432K(8192K)] 19613K->12477K(26112K), 0.0004260 secs] [Times: user=0.01 sys=0.00, real=0.00 secs] 
207.496: Total time for which application threads were stopped: 0.0005350 seconds, Stopping threads took: 0.0000500 seconds
207.536: Application time: 0.0398060 seconds
207.536: [GC [PSYoungGen: 7600K->304K(8192K)] 19645K->12477K(26112K), 0.0003950 secs] [Times: user=0.01 sys=0.00, real=0.00 secs] 
207.536: Total time for which application threads were stopped: 0.0004920 seconds, Stopping threads took: 0.0000460 seconds
207.576: Application time: 0.0393640 seconds
207.576: [GC [PSYoungGen: 7472K->288K(8192K)] 19645K->12509K(26112K), 0.0003900 secs] [Times: user=0.00 sys=0.00, real=0.00 secs] 
207.576: Total time for which application threads were stopped: 0.0004990 seconds, Stopping threads took: 0.0000520 seconds
207.616: Application time: 0.0393380 seconds
207.616: [GC [PSYoungGen: 7456K->320K(8192K)] 19677K->12541K(26112K), 0.0004320 secs] [Times: user=0.00 sys=0.00, real=0.00 secs] 
207.616: Total time for which application threads were stopped: 0.0005400 seconds, Stopping threads took: 0.0000390 seconds
207.655: Application time: 0.0390920 seconds
207.655: [GC [PSYoungGen: 7488K->272K(8192K)] 19709K->12581K(26112K), 0.0003870 secs] [Times: user=0.00 sys=0.00, real=0.00 secs] 
207.656: Total time for which application threads were stopped: 0.0004920 seconds, Stopping threads took: 0.0000490 seconds
207.694: Application time: 0.0381370 seconds
207.694: [GC [PSYoungGen: 7440K->352K(8192K)] 19749K->12661K(26112K), 0.0003810 secs] [Times: user=0.00 sys=0.00, real=0.00 secs] 
207.694: Total time for which application threads were stopped: 0.0004910 seconds, Stopping threads took: 0.0000500 seconds
207.733: Application time: 0.0386180 seconds
207.733: [GC [PSYoungGen: 7520K->384K(8192K)] 19829K->12693K(26112K), 0.0004030 secs] [Times: user=0.00 sys=0.00, real=0.00 secs] 
207.734: Total time for which application threads were stopped: 0.0005130 seconds, Stopping threads took: 0.0000530 seconds
207.772: Application time: 0.0387460 seconds
207.772: [GC [PSYoungGen: 7552K->416K(8192K)] 19861K->12725K(26112K), 0.0004450 secs] [Times: user=0.00 sys=0.00, real=0.00 secs] 
207.773: Total time for which application threads were stopped: 0.0005450 seconds, Stopping threads took: 0.0000400 seconds
207.812: Application time: 0.0395650 seconds
207.813: [GC [PSYoungGen: 7584K->448K(8192K)] 19893K->12757K(26112K), 0.0004500 secs] [Times: user=0.00 sys=0.00, real=0.00 secs] 
207.813: Total time for which application threads were stopped: 0.0005410 seconds, Stopping threads took: 0.0000380 seconds
207.851: Application time: 0.0380120 seconds
207.851: [GC [PSYoungGen: 7616K->496K(8192K)] 19925K->12805K(26112K), 0.0004170 secs] [Times: user=0.00 sys=0.00, real=0.00 secs] 
207.852: Total time for which application threads were stopped: 0.0005170 seconds, Stopping threads took: 0.0000420 seconds
207.891: Application time: 0.0396670 seconds
207.891: [GC [PSYoungGen: 7664K->496K(8192K)] 19973K->12805K(26112K), 0.0004730 secs] [Times: user=0.00 sys=0.00, real=0.00 secs] 
207.892: Total time for which application threads were stopped: 0.0005840 seconds, Stopping threads took: 0.0000550 seconds
207.932: Application time: 0.0398140 seconds
207.932: [GC [PSYoungGen: 7664K->496K(8192K)] 19973K->12805K(26112K), 0.0004570 secs] [Times: user=0.00 sys=0.00, real=0.00 secs] 
207.932: Total time for which application threads were stopped: 0.0005810 seconds, Stopping threads took: 0.0000510 seconds
207.971: Application time: 0.0392420 seconds
207.971: [GC [PSYoungGen: 7664K->496K(8192K)] 19973K->12805K(26112K), 0.0004680 secs] [Times: user=0.00 sys=0.00, real=0.00 secs] 
207.972: Total time for which application threads were stopped: 0.0005680 seconds, Stopping threads took: 0.0000450 seconds
208.011: Application time: 0.0392000 seconds
208.011: [GC [PSYoungGen: 7664K->512K(8192K)] 19973K->12821K(26112K), 0.0004390 secs] [Times: user=0.00 sys=0.00, real=0.00 secs] 
208.012: Total time for which application threads were stopped: 0.0005340 seconds, Stopping threads took: 0.0000380 seconds
208.051: Application time: 0.0394470 seconds
208.051: [GC [PSYoungGen: 7680K->512K(8192K)] 19989K->12821K(26112K), 0.0004390 secs] [Times: user=0.00 sys=0.00, real=0.00 secs] 
208.052: Total time for which application threads were stopped: 0.0005420 seconds, Stopping threads took: 0.0000440 seconds
208.091: Application time: 0.0392030 seconds
208.091: [GC [PSYoungGen: 7680K->496K(8192K)] 19989K->12805K(26112K), 0.0004720 secs] [Times: user=0.00 sys=0.00, real=0.00 secs] 
208.091: Total time for which application threads were stopped: 0.0005820 seconds, Stopping threads took: 0.0000520 seconds
208.131: Application time: 0.0390890 seconds
208.131: [GC [PSYoungGen: 7664K->464K(8192K)] 19973K->12773K(26112K), 0.0004220 secs] [Times: user=0.00 sys=0.00, real=0.00 secs] 
208.131: Total time for which application threads were stopped: 0.0005300 seconds, Stopping threads took: 0.0000400 seconds
208.170: Application time: 0.0391690 seconds
208.170: [GC [PSYoungGen: 7632K->480K(8192K)] 19941K->12789K(26112K), 0.0004690 secs] [Times: user=0.00 sys=0.00, real=0.00 secs] 
208.171: Total time for which application threads were stopped: 0.0005820 seconds, Stopping threads took: 0.0000530 seconds
208.210: Application time: 0.0394060 seconds
208.210: [GC [PSYoungGen: 7648K->464K(8192K)] 19957K->12773K(26112K), 0.0004280 secs] [Times: user=0.01 sys=0.00, real=0.00 secs] 
208.211: Total time for which application threads were stopped: 0.0005250 seconds, Stopping threads took: 0.0000380 seconds
208.250: Application time: 0.0389050 seconds
208.250: [GC [PSYoungGen: 7632K->480K(8192K)] 19941K->12845K(26112K), 0.0004990 secs] [Times: user=0.00 sys=0.00, real=0.00 secs] 
208.250: Total time for which application threads were stopped: 0.0006010 seconds, Stopping threads took: 0.0000430 seconds
208.290: Application time: 0.0397110 seconds
208.290: [GC [PSYoungGen: 7648K->416K(8192K)] 20013K->12869K(26112K), 0.0004520 secs] [Times: user=0.00 sys=0.00, real=0.00 secs] 
208.291: Total time for which application threads were stopped: 0.0005540 seconds, Stopping threads took: 0.0000450 seconds
208.330: Application time: 0.0393720 seconds
208.330: [GC [PSYoungGen: 7584K->320K(8192K)] 20037K->12853K(26112K), 0.0004820 secs] [Times: user=0.01 sys=0.00, real=0.00 secs] 
208.331: Total time for which application threads were stopped: 0.0005840 seconds, Stopping threads took: 0.0000400 seconds
208.370: Application time: 0.0392620 seconds
208.370: [GC [PSYoungGen: 7488K->288K(8192K)] 20021K->12885K(26112K), 0.0004540 secs] [Times: user=0.00 sys=0.00, real=0.00 secs] 
208.370: Total time for which application threads were stopped: 0.0005550 seconds, Stopping threads took: 0.0000430 seconds
208.410: Application time: 0.0392890 seconds
208.410: [GC [PSYoungGen: 7456K->288K(8192K)] 20053K->12885K(26112K), 0.0004120 secs] [Times: user=0.00 sys=0.00, real=0.00 secs] 
208.410: Total time for which application threads were stopped: 0.0005120 seconds, Stopping threads took: 0.0000430 seconds
208.449: Application time: 0.0390840 seconds
208.449: [GC [PSYoungGen: 7456K->240K(8192K)] 20053K->12933K(26112K), 0.0004120 secs] [Times: user=0.00 sys=0.00, real=0.00 secs] 
208.450: Total time for which application threads were stopped: 0.0005140 seconds, Stopping threads took: 0.0000460 seconds
208.488: Application time: 0.0384250 seconds
208.488: [GC [PSYoungGen: 7408K->384K(8192K)] 20101K->13077K(26112K), 0.0003910 secs] [Times: user=0.00 sys=0.00, real=0.00 secs] 
208.489: Total time for which application threads were stopped: 0.0004950 seconds, Stopping threads took: 0.0000450 seconds
208.527: Application time: 0.0382430 seconds
208.527: [GC [PSYoungGen: 7552K->400K(8192K)] 20245K->13093K(26112K), 0.0004160 secs] [Times: user=0.00 sys=0.00, real=0.00 secs] 
208.527: Total time for which application threads were stopped: 0.0005150 seconds, Stopping threads took: 0.0000420 seconds
208.566: Application time: 0.0390320 seconds
208.567: [GC [PSYoungGen: 7568K->416K(8192K)] 20261K->13109K(26112K), 0.0004620 secs] [Times: user=0.00 sys=0.00, real=0.00 secs] 
208.567: Total time for which application threads were stopped: 0.0005590 seconds, Stopping threads took: 0.0000400 seconds
208.606: Application time: 0.0389980 seconds
208.606: [GC [PSYoungGen: 7584K->432K(8192K)] 20277K->13125K(26112K), 0.0004190 secs] [Times: user=0.00 sys=0.00, real=0.00 secs] 
208.607: Total time for which application threads were stopped: 0.0005220 seconds, Stopping threads took: 0.0000420 seconds
208.646: Application time: 0.0389560 seconds
208.646: [GC [PSYoungGen: 7600K->464K(8192K)] 20293K->13157K(26112K), 0.0004680 secs] [Times: user=0.00 sys=0.00, real=0.00 secs] 
208.646: Total time for which application threads were stopped: 0.0005730 seconds, Stopping threads took: 0.0000370 seconds
208.685: Application time: 0.0393190 seconds
208.686: [GC [PSYoungGen: 7632K->528K(8192K)] 20325K->13221K(26112K), 0.0005080 secs] [Times: user=0.00 sys=0.00, real=0.00 secs] 
208.686: Total time for which application threads were stopped: 0.0006290 seconds, Stopping threads took: 0.0000620 seconds
208.725: Application time: 0.0393770 seconds
208.726: [GC [PSYoungGen: 7696K->480K(8192K)] 20389K->13173K(26112K), 0.0004300 secs] [Times: user=0.00 sys=0.00, real=0.00 secs] 
208.726: Total time for which application threads were stopped: 0.0005280 seconds, Stopping threads took: 0.0000390 seconds
208.766: Application time: 0.0395750 seconds
208.766: [GC [PSYoungGen: 7648K->496K(8192K)] 20341K->13189K(26112K), 0.0004800 secs] [Times: user=0.01 sys=0.00, real=0.00 secs] 
208.766: Total time for which application threads were stopped: 0.0005850 seconds, Stopping threads took: 0.0000460 seconds
208.806: Application time: 0.0395590 seconds
208.806: [GC [PSYoungGen: 7664K->464K(8192K)] 20357K->13157K(26112K), 0.0004740 secs] [Times: user=0.00 sys=0.00, real=0.00 secs] 
208.806: Total time for which application threads were stopped: 0.0005770 seconds, Stopping threads took: 0.0000430 seconds
208.845: Application time: 0.0388450 seconds
208.845: [GC [PSYoungGen: 7632K->496K(8192K)] 20325K->13189K(26112K), 0.0004160 secs] [Times: user=0.00 sys=0.00, real=0.00 secs] 
208.846: Total time for which application threads were stopped: 0.0005150 seconds, Stopping threads took: 0.0000400 seconds
208.885: Application time: 0.0390690 seconds
208.885: [GC [PSYoungGen: 7664K->480K(8192K)] 20357K->13173K(26112K), 0.0004120 secs] [Times: user=0.00 sys=0.00, real=0.00 secs] 
208.885: Total time for which application threads were stopped: 0.0005260 seconds, Stopping threads took: 0.0000540 seconds
208.925: Application time: 0.0400000 seconds
208.925: [GC [PSYoungGen: 7648K->496K(8192K)] 20341K->13189K(26112K), 0.0004620 secs] [Times: user=0.00 sys=0.00, real=0.00 secs] 
208.926: Total time for which application threads were stopped: 0.0005770 seconds, Stopping threads took: 0.0000460 seconds
208.965: Application time: 0.0392730 seconds
208.965: [GC [PSYoungGen: 7664K->512K(8192K)] 20357K->13205K(26112K), 0.0004150 secs] [Times: user=0.01 sys=0.00, real=0.00 secs] 
208.966: Total time for which application threads were stopped: 0.0005210 seconds, Stopping threads took: 0.0000490 seconds
209.005: Application time: 0.0392510 seconds
209.005: [GC [PSYoungGen: 7680K->496K(8192K)] 20373K->13189K(26112K), 0.0004550 secs] [Times: user=0.00 sys=0.01, real=0.00 secs] 
209.005: Total time for which application threads were stopped: 0.0005650 seconds, Stopping threads took: 0.0000470 seconds
209.045: Application time: 0.0392400 seconds
209.045: [GC [PSYoungGen: 7664K->464K(8192K)] 20357K->13226K(26112K), 0.0004330 secs] [Times: user=0.00 sys=0.00, real=0.00 secs] 
209.045: Total time for which application threads were stopped: 0.0005330 seconds, Stopping threads took: 0.0000420 seconds
209.084: Application time: 0.0393150 seconds
209.085: [GC [PSYoungGen: 7632K->368K(8192K)] 20394K->13210K(26112K), 0.0004110 secs] [Times: user=0.01 sys=0.00, real=0.00 secs] 
209.085: Total time for which application threads were stopped: 0.0005160 seconds, Stopping threads took: 0.0000390 seconds
209.124: Application time: 0.0392730 seconds
209.124: [GC [PSYoungGen: 7536K->352K(8192K)] 20378K->13266K(26112K), 0.0004000 secs] [Times: user=0.00 sys=0.00, real=0.00 secs] 
209.125: Total time for which application threads were stopped: 0.0004970 seconds, Stopping threads took: 0.0000380 seconds
209.164: Application time: 0.0396450 seconds
209.165: [GC [PSYoungGen: 7520K->288K(8192K)] 20434K->13258K(26112K), 0.0003750 secs] [Times: user=0.00 sys=0.00, real=0.00 secs] 
209.165: Total time for which application threads were stopped: 0.0004920 seconds, Stopping threads took: 0.0000430 seconds
209.204: Application time: 0.0395510 seconds
209.205: [GC [PSYoungGen: 7456K->272K(8192K)] 20426K->13282K(26112K), 0.0003990 secs] [Times: user=0.01 sys=0.00, real=0.00 secs] 
209.205: Total time for which application threads were stopped: 0.0004980 seconds, Stopping threads took: 0.0000380 seconds
209.243: Application time: 0.0383550 seconds
209.243: [GC [PSYoungGen: 7440K->288K(8192K)] 20450K->13362K(26112K), 0.0004240 secs] [Times: user=0.00 sys=0.00, real=0.00 secs] 
209.244: Total time for which application threads were stopped: 0.0005310 seconds, Stopping threads took: 0.0000470 seconds
209.282: Application time: 0.0385410 seconds
209.282: [GC [PSYoungGen: 7456K->336K(8192K)] 20530K->13410K(26112K), 0.0004180 secs] [Times: user=0.00 sys=0.00, real=0.00 secs] 
209.283: Total time for which application threads were stopped: 0.0005210 seconds, Stopping threads took: 0.0000430 seconds
209.322: Application time: 0.0390670 seconds
209.322: [GC [PSYoungGen: 7504K->384K(8192K)] 20578K->13458K(26112K), 0.0004140 secs] [Times: user=0.00 sys=0.00, real=0.00 secs] 
209.323: Total time for which application threads were stopped: 0.0005210 seconds, Stopping threads took: 0.0000470 seconds
209.361: Application time: 0.0389420 seconds
209.362: [GC [PSYoungGen: 7552K->400K(8192K)] 20626K->13474K(26112K), 0.0004080 secs] [Times: user=0.00 sys=0.00, real=0.00 secs] 
209.362: Total time for which application threads were stopped: 0.0005210 seconds, Stopping threads took: 0.0000530 seconds
209.400: Application time: 0.0384050 seconds
209.400: [GC [PSYoungGen: 7568K->480K(8192K)] 20642K->13554K(26112K), 0.0004340 secs] [Times: user=0.00 sys=0.00, real=0.00 secs] 
209.401: Total time for which application threads were stopped: 0.0005410 seconds, Stopping threads took: 0.0000450 seconds
209.440: Application time: 0.0392470 seconds
209.440: [GC [PSYoungGen: 7648K->496K(8192K)] 20722K->13570K(26112K), 0.0004510 secs] [Times: user=0.00 sys=0.00, real=0.00 secs] 
209.441: Total time for which application threads were stopped: 0.0005520 seconds, Stopping threads took: 0.0000420 seconds
209.480: Application time: 0.0397160 seconds
209.481: [GC [PSYoungGen: 7664K->496K(8192K)] 20738K->13570K(26112K), 0.0004200 secs] [Times: user=0.00 sys=0.00, real=0.00 secs] 
209.481: Total time for which application threads were stopped: 0.0005200 seconds, Stopping threads took: 0.0000390 seconds
209.521: Application time: 0.0397440 seconds
209.521: [GC [PSYoungGen: 7664K->528K(8192K)] 20738K->13602K(26112K), 0.0004690 secs] [Times: user=0.00 sys=0.00, real=0.01 secs] 
209.521: Total time for which application threads were stopped: 0.0005730 seconds, Stopping threads took: 0.0000450 seconds
209.561: Application time: 0.0393010 seconds
209.561: [GC [PSYoungGen: 7696K->480K(8192K)] 20770K->13554K(26112K), 0.0004430 secs] [Times: user=0.00 sys=0.00, real=0.01 secs] 
209.561: Total time for which application threads were stopped: 0.0005650 seconds, Stopping threads took: 0.0000540 seconds
209.600: Application time: 0.0393200 seconds
209.601: [GC [PSYoungGen: 7648K->496K(8192K)] 20722K->13570K(26112K), 0.0004320 secs] [Times: user=0.00 sys=0.00, real=0.00 secs] 
209.601: Total time for which application threads were stopped: 0.0005380 seconds, Stopping threads took: 0.0000450 seconds
209.640: Application time: 0.0390440 seconds
209.640: [GC [PSYoungGen: 7664K->544K(8192K)] 20738K->13618K(26112K), 0.0004360 secs] [Times: user=0.01 sys=0.00, real=0.00 secs] 
209.641: Total time for which application threads were stopped: 0.0005370 seconds, Stopping threads took: 0.0000440 seconds
209.680: Application time: 0.0391420 seconds
209.681: [GC [PSYoungGen: 7712K->480K(8192K)] 20786K->13554K(26112K), 0.0004130 secs] [Times: user=0.00 sys=0.00, real=0.00 secs] 
209.682: Total time for which application threads were stopped: 0.0017760 seconds, Stopping threads took: 0.0012950 seconds
209.721: Application time: 0.0391940 seconds
209.721: [GC [PSYoungGen: 7648K->512K(8192K)] 20722K->13586K(26112K), 0.0004610 secs] [Times: user=0.01 sys=0.00, real=0.01 secs] 
209.721: Total time for which application threads were stopped: 0.0005560 seconds, Stopping threads took: 0.0000360 seconds
209.761: Application time: 0.0394580 seconds
209.761: [GC [PSYoungGen: 7680K->464K(8192K)] 20754K->13538K(26112K), 0.0004670 secs] [Times: user=0.00 sys=0.00, real=0.01 secs] 
209.761: Total time for which application threads were stopped: 0.0005710 seconds, Stopping threads took: 0.0000440 seconds
209.801: Application time: 0.0392050 seconds
209.801: [GC [PSYoungGen: 7632K->512K(8192K)] 20706K->13586K(26112K), 0.0004760 secs] [Times: user=0.00 sys=0.00, real=0.01 secs] 
209.801: Total time for which application threads were stopped: 0.0005760 seconds, Stopping threads took: 0.0000380 seconds
209.840: Application time: 0.0394010 seconds
209.841: [GC [PSYoungGen: 7680K->448K(8192K)] 20754K->13610K(26112K), 0.0004690 secs] [Times: user=0.00 sys=0.00, real=0.01 secs] 
209.841: Total time for which application threads were stopped: 0.0005710 seconds, Stopping threads took: 0.0000390 seconds
209.880: Application time: 0.0393700 seconds
209.881: [GC [PSYoungGen: 7616K->368K(8192K)] 20778K->13610K(26112K), 0.0004050 secs] [Times: user=0.00 sys=0.00, real=0.00 secs] 
209.881: Total time for which application threads were stopped: 0.0005020 seconds, Stopping threads took: 0.0000390 seconds
209.921: Application time: 0.0399770 seconds
209.921: [GC [PSYoungGen: 7536K->352K(8192K)] 20778K->13650K(26112K), 0.0004710 secs] [Times: user=0.00 sys=0.00, real=0.00 secs] 
209.922: Total time for which application threads were stopped: 0.0006020 seconds, Stopping threads took: 0.0000590 seconds
209.961: Application time: 0.0393440 seconds
209.961: [GC [PSYoungGen: 7520K->288K(8192K)] 20818K->13650K(26112K), 0.0004230 secs] [Times: user=0.00 sys=0.00, real=0.01 secs] 
209.961: Total time for which application threads were stopped: 0.0005260 seconds, Stopping threads took: 0.0000450 seconds
210.001: Application time: 0.0393060 seconds
210.001: [GC [PSYoungGen: 7456K->256K(8192K)] 20818K->13714K(26112K), 0.0003790 secs] [Times: user=0.00 sys=0.00, real=0.01 secs] 
210.001: Total time for which application threads were stopped: 0.0004830 seconds, Stopping threads took: 0.0000470 seconds
210.039: Application time: 0.0375970 seconds
210.041: [GC [PSYoungGen: 7424K->320K(8192K)] 20882K->13778K(26112K), 0.0003930 secs] [Times: user=0.00 sys=0.00, real=0.00 secs] 
210.041: Total time for which application threads were stopped: 0.0027130 seconds, Stopping threads took: 0.0022570 seconds
210.081: Application time: 0.0392860 seconds
210.081: [GC [PSYoungGen: 7488K->352K(8192K)] 20946K->13810K(26112K), 0.0004430 secs] [Times: user=0.00 sys=0.00, real=0.01 secs] 
210.081: Total time for which application threads were stopped: 0.0005410 seconds, Stopping threads took: 0.0000420 seconds
210.120: Application time: 0.0385960 seconds
210.120: [GC [PSYoungGen: 7520K->448K(8192K)] 20978K->13906K(26112K), 0.0004050 secs] [Times: user=0.00 sys=0.00, real=0.00 secs] 
210.120: Total time for which application threads were stopped: 0.0005080 seconds, Stopping threads took: 0.0000430 seconds
210.160: Application time: 0.0394730 seconds
210.160: [GC [PSYoungGen: 7616K->416K(8192K)] 21074K->13874K(26112K), 0.0003980 secs] [Times: user=0.00 sys=0.00, real=0.00 secs] 
210.160: Total time for which application threads were stopped: 0.0005000 seconds, Stopping threads took: 0.0000430 seconds
210.199: Application time: 0.0385800 seconds
210.199: [GC [PSYoungGen: 7584K->496K(8192K)] 21042K->13954K(26112K), 0.0004240 secs] [Times: user=0.00 sys=0.00, real=0.00 secs] 
210.200: Total time for which application threads were stopped: 0.0005420 seconds, Stopping threads took: 0.0000480 seconds
210.239: Application time: 0.0394610 seconds
210.239: [GC [PSYoungGen: 7664K->496K(8192K)] 21122K->13954K(26112K), 0.0004700 secs] [Times: user=0.00 sys=0.00, real=0.00 secs] 
210.240: Total time for which application threads were stopped: 0.0005740 seconds, Stopping threads took: 0.0000430 seconds
210.279: Application time: 0.0395030 seconds
210.279: [GC [PSYoungGen: 7664K->528K(8192K)] 21122K->13986K(26112K), 0.0004760 secs] [Times: user=0.00 sys=0.00, real=0.00 secs] 
210.280: Total time for which application threads were stopped: 0.0005750 seconds, Stopping threads took: 0.0000400 seconds
210.319: Application time: 0.0395950 seconds
210.319: [GC [PSYoungGen: 7696K->480K(8192K)] 21154K->13938K(26112K), 0.0004330 secs] [Times: user=0.00 sys=0.00, real=0.00 secs] 
210.320: Total time for which application threads were stopped: 0.0005380 seconds, Stopping threads took: 0.0000430 seconds
210.359: Application time: 0.0394470 seconds
210.359: [GC [PSYoungGen: 7648K->512K(8192K)] 21106K->13970K(26112K), 0.0004570 secs] [Times: user=0.00 sys=0.00, real=0.00 secs] 
210.360: Total time for which application threads were stopped: 0.0005620 seconds, Stopping threads took: 0.0000480 seconds
210.399: Application time: 0.0395830 seconds
210.399: [GC [PSYoungGen: 7680K->512K(8192K)] 21138K->13970K(26112K), 0.0004700 secs] [Times: user=0.00 sys=0.00, real=0.00 secs] 
210.400: Total time for which application threads were stopped: 0.0005720 seconds, Stopping threads took: 0.0000420 seconds
210.439: Application time: 0.0390620 seconds
210.439: [GC [PSYoungGen: 7680K->512K(8192K)] 21138K->13970K(26112K), 0.0004250 secs] [Times: user=0.01 sys=0.00, real=0.00 secs] 
210.440: Total time for which application threads were stopped: 0.0005300 seconds, Stopping threads took: 0.0000460 seconds
210.479: Application time: 0.0394350 seconds
210.479: [GC [PSYoungGen: 7680K->512K(8192K)] 21138K->13970K(26112K), 0.0004210 secs] [Times: user=0.00 sys=0.00, real=0.00 secs] 
210.480: Total time for which application threads were stopped: 0.0005170 seconds, Stopping threads took: 0.0000380 seconds
210.519: Application time: 0.0392810 seconds
210.519: [GC [PSYoungGen: 7680K->496K(8192K)] 21138K->13954K(26112K), 0.0004210 secs] [Times: user=0.00 sys=0.00, real=0.00 secs] 
210.519: Total time for which application threads were stopped: 0.0005190 seconds, Stopping threads took: 0.0000370 seconds
210.559: Application time: 0.0394070 seconds
210.561: [GC [PSYoungGen: 7664K->528K(8192K)] 21122K->13986K(26112K), 0.0004680 secs] [Times: user=0.00 sys=0.00, real=0.00 secs] 
210.562: Total time for which application threads were stopped: 0.0028540 seconds, Stopping threads took: 0.0023270 seconds
210.601: Application time: 0.0392350 seconds
210.601: [GC [PSYoungGen: 7696K->512K(8192K)] 21154K->13970K(26112K), 0.0004190 secs] [Times: user=0.01 sys=0.00, real=0.01 secs] 
210.601: Total time for which application threads were stopped: 0.0005180 seconds, Stopping threads took: 0.0000420 seconds
210.641: Application time: 0.0392680 seconds
210.641: [GC [PSYoungGen: 7680K->320K(8192K)] 21138K->13930K(26112K), 0.0004370 secs] [Times: user=0.00 sys=0.00, real=0.01 secs] 
210.641: Total time for which application threads were stopped: 0.0005490 seconds, Stopping threads took: 0.0000530 seconds
210.681: Application time: 0.0394140 seconds
210.681: [GC [PSYoungGen: 7488K->384K(8192K)] 21098K->13994K(26112K), 0.0004090 secs] [Times: user=0.00 sys=0.00, real=0.01 secs] 
210.681: Total time for which application threads were stopped: 0.0005050 seconds, Stopping threads took: 0.0000380 seconds
210.721: Application time: 0.0396270 seconds
210.721: [GC [PSYoungGen: 7552K->288K(8192K)] 21162K->13986K(26112K), 0.0004040 secs] [Times: user=0.00 sys=0.00, real=0.01 secs] 
210.721: Total time for which application threads were stopped: 0.0005130 seconds, Stopping threads took: 0.0000430 seconds
210.761: Application time: 0.0395370 seconds
210.761: [GC [PSYoungGen: 7456K->288K(8192K)] 21154K->13986K(26112K), 0.0003790 secs] [Times: user=0.00 sys=0.00, real=0.01 secs] 
210.761: Total time for which application threads were stopped: 0.0004810 seconds, Stopping threads took: 0.0000430 seconds
210.800: Application time: 0.0389610 seconds
210.800: [GC [PSYoungGen: 7456K->272K(8192K)] 21154K->14066K(26112K), 0.0004440 secs] [Times: user=0.01 sys=0.00, real=0.01 secs] 
210.802: Total time for which application threads were stopped: 0.0016210 seconds, Stopping threads took: 0.0000440 seconds
210.840: Application time: 0.0378600 seconds
210.840: [GC [PSYoungGen: 7440K->320K(8192K)] 21234K->14114K(26112K), 0.0003980 secs] [Times: user=0.00 sys=0.00, real=0.00 secs] 
210.840: Total time for which application threads were stopped: 0.0005100 seconds, Stopping threads took: 0.0000480 seconds
210.879: Application time: 0.0391030 seconds
210.879: [GC [PSYoungGen: 7488K->368K(8192K)] 21282K->14162K(26112K), 0.0004100 secs] [Times: user=0.01 sys=0.00, real=0.00 secs] 
210.880: Total time for which application threads were stopped: 0.0005150 seconds, Stopping threads took: 0.0000430 seconds
210.919: Application time: 0.0390620 seconds
210.919: [GC [PSYoungGen: 7536K->400K(8192K)] 21330K->14194K(26112K), 0.0004590 secs] [Times: user=0.00 sys=0.00, real=0.00 secs] 
210.919: Total time for which application threads were stopped: 0.0005700 seconds, Stopping threads took: 0.0000430 seconds
210.958: Application time: 0.0383640 seconds
210.958: [GC [PSYoungGen: 7568K->464K(8192K)] 21362K->14258K(26112K), 0.0004070 secs] [Times: user=0.00 sys=0.00, real=0.00 secs] 
210.958: Total time for which application threads were stopped: 0.0005170 seconds, Stopping threads took: 0.0000460 seconds
210.998: Application time: 0.0397870 seconds
210.998: [GC [PSYoungGen: 7632K->496K(8192K)] 21426K->14290K(26112K), 0.0004750 secs] [Times: user=0.01 sys=0.00, real=0.00 secs] 
210.999: Total time for which application threads were stopped: 0.0005780 seconds, Stopping threads took: 0.0000440 seconds
211.038: Application time: 0.0394620 seconds
211.038: [GC [PSYoungGen: 7664K->448K(8192K)] 21458K->14242K(26112K), 0.0004610 secs] [Times: user=0.00 sys=0.00, real=0.00 secs] 
211.039: Total time for which application threads were stopped: 0.0005610 seconds, Stopping threads took: 0.0000420 seconds
211.078: Application time: 0.0391780 seconds
211.078: [GC [PSYoungGen: 7616K->496K(8192K)] 21410K->14290K(26112K), 0.0004310 secs] [Times: user=0.00 sys=0.00, real=0.00 secs] 
211.078: Total time for which application threads were stopped: 0.0005350 seconds, Stopping threads took: 0.0000430 seconds
211.118: Application time: 0.0393060 seconds
211.118: [GC [PSYoungGen: 7664K->480K(8192K)] 21458K->14274K(26112K), 0.0004630 secs] [Times: user=0.01 sys=0.00, real=0.00 secs] 
211.118: Total time for which application threads were stopped: 0.0005640 seconds, Stopping threads took: 0.0000440 seconds
211.158: Application time: 0.0397050 seconds
211.158: [GC [PSYoungGen: 7648K->512K(8192K)] 21442K->14306K(26112K), 0.0004870 secs] [Times: user=0.01 sys=0.00, real=0.00 secs] 
211.159: Total time for which application threads were stopped: 0.0005940 seconds, Stopping threads took: 0.0000470 seconds
211.198: Application time: 0.0393690 seconds
211.198: [GC [PSYoungGen: 7680K->464K(8192K)] 21474K->14258K(26112K), 0.0004300 secs] [Times: user=0.00 sys=0.00, real=0.00 secs] 
211.199: Total time for which application threads were stopped: 0.0005430 seconds, Stopping threads took: 0.0000480 seconds
211.238: Application time: 0.0392110 seconds
211.238: [GC [PSYoungGen: 7632K->480K(8192K)] 21426K->14274K(26112K), 0.0004610 secs] [Times: user=0.01 sys=0.00, real=0.00 secs] 
211.238: Total time for which application threads were stopped: 0.0005690 seconds, Stopping threads took: 0.0000390 seconds
211.278: Application time: 0.0393790 seconds
211.278: [GC [PSYoungGen: 7648K->496K(8192K)] 21442K->14290K(26112K), 0.0004580 secs] [Times: user=0.00 sys=0.00, real=0.00 secs] 
211.278: Total time for which application threads were stopped: 0.0005540 seconds, Stopping threads took: 0.0000350 seconds
211.318: Application time: 0.0392900 seconds
211.318: [GC [PSYoungGen: 7664K->496K(8192K)] 21458K->14290K(26112K), 0.0004210 secs] [Times: user=0.00 sys=0.00, real=0.00 secs] 
211.318: Total time for which application threads were stopped: 0.0005220 seconds, Stopping threads took: 0.0000390 seconds
211.359: Application time: 0.0411520 seconds
211.359: [GC [PSYoungGen: 7664K->480K(8192K)] 21458K->14274K(26112K), 0.0004320 secs] [Times: user=0.01 sys=0.00, real=0.00 secs] 
211.360: Total time for which application threads were stopped: 0.0005390 seconds, Stopping threads took: 0.0000440 seconds
211.399: Application time: 0.0394400 seconds
211.399: [GC [PSYoungGen: 7648K->480K(8192K)] 21442K->14322K(26112K), 0.0005010 secs] [Times: user=0.00 sys=0.00, real=0.00 secs] 
211.400: Total time for which application threads were stopped: 0.0006140 seconds, Stopping threads took: 0.0000560 seconds
211.439: Application time: 0.0394890 seconds
211.439: [GC [PSYoungGen: 7648K->368K(8192K)] 21490K->14314K(26112K), 0.0004430 secs] [Times: user=0.00 sys=0.00, real=0.00 secs] 
211.440: Total time for which application threads were stopped: 0.0005530 seconds, Stopping threads took: 0.0000510 seconds
211.479: Application time: 0.0393310 seconds
211.479: [GC [PSYoungGen: 7536K->336K(8192K)] 21482K->14330K(26112K), 0.0004340 secs] [Times: user=0.00 sys=0.00, real=0.00 secs] 
211.480: Total time for which application threads were stopped: 0.0005470 seconds, Stopping threads took: 0.0000540 seconds
211.519: Application time: 0.0394660 seconds
211.519: [GC [PSYoungGen: 7504K->304K(8192K)] 21498K->14346K(26112K), 0.0004370 secs] [Times: user=0.00 sys=0.00, real=0.00 secs] 
211.520: Total time for which application threads were stopped: 0.0005390 seconds, Stopping threads took: 0.0000420 seconds
211.559: Application time: 0.0395050 seconds
211.559: [GC [PSYoungGen: 7472K->256K(8192K)] 21514K->14386K(26112K), 0.0004120 secs] [Times: user=0.00 sys=0.00, real=0.00 secs] 
211.560: Total time for which application threads were stopped: 0.0005030 seconds, Stopping threads took: 0.0000360 seconds
211.598: Application time: 0.0380850 seconds
211.598: [GC [PSYoungGen: 7424K->288K(8192K)] 21554K->14418K(26112K), 0.0004180 secs] [Times: user=0.00 sys=0.00, real=0.00 secs] 
211.598: Total time for which application threads were stopped: 0.0005180 seconds, Stopping threads took: 0.0000420 seconds
211.637: Application time: 0.0385130 seconds
211.637: [GC [PSYoungGen: 7456K->384K(8192K)] 21586K->14514K(26112K), 0.0004500 secs] [Times: user=0.00 sys=0.00, real=0.00 secs] 
211.637: Total time for which application threads were stopped: 0.0005540 seconds, Stopping threads took: 0.0000410 seconds
211.676: Application time: 0.0388360 seconds
211.676: [GC [PSYoungGen: 7552K->416K(8192K)] 21682K->14546K(26112K), 0.0004010 secs] [Times: user=0.00 sys=0.00, real=0.00 secs] 
211.677: Total time for which application threads were stopped: 0.0005060 seconds, Stopping threads took: 0.0000450 seconds
211.716: Application time: 0.0388620 seconds
211.716: [GC [PSYoungGen: 7584K->432K(8192K)] 21714K->14562K(26112K), 0.0004000 secs] [Times: user=0.00 sys=0.00, real=0.00 secs] 
211.716: Total time for which application threads were stopped: 0.0005060 seconds, Stopping threads took: 0.0000470 seconds
211.755: Application time: 0.0384700 seconds
211.755: [GC [PSYoungGen: 7600K->464K(8192K)] 21730K->14594K(26112K), 0.0004610 secs] [Times: user=0.01 sys=0.00, real=0.00 secs] 
211.755: Total time for which application threads were stopped: 0.0005710 seconds, Stopping threads took: 0.0000420 seconds
211.794: Application time: 0.0392990 seconds
211.795: [GC [PSYoungGen: 7632K->496K(8192K)] 21762K->14626K(26112K), 0.0004120 secs] [Times: user=0.00 sys=0.00, real=0.00 secs] 
211.795: Total time for which application threads were stopped: 0.0005240 seconds, Stopping threads took: 0.0000530 seconds
211.834: Application time: 0.0391910 seconds
211.834: [GC [PSYoungGen: 7664K->480K(8192K)] 21794K->14610K(26112K), 0.0004150 secs] [Times: user=0.01 sys=0.00, real=0.00 secs] 
211.835: Total time for which application threads were stopped: 0.0005150 seconds, Stopping threads took: 0.0000420 seconds
211.875: Application time: 0.0398530 seconds
211.875: [GC [PSYoungGen: 7648K->496K(8192K)] 21778K->14626K(26112K), 0.0004310 secs] [Times: user=0.00 sys=0.00, real=0.00 secs] 
211.875: Total time for which application threads were stopped: 0.0005310 seconds, Stopping threads took: 0.0000420 seconds
211.915: Application time: 0.0399340 seconds
211.915: [GC [PSYoungGen: 7664K->544K(8192K)] 21794K->14674K(26112K), 0.0004650 secs] [Times: user=0.00 sys=0.00, real=0.00 secs] 
211.916: Total time for which application threads were stopped: 0.0005730 seconds, Stopping threads took: 0.0000420 seconds
211.955: Application time: 0.0396090 seconds
211.955: [GC [PSYoungGen: 7712K->496K(8192K)] 21842K->14626K(26112K), 0.0004700 secs] [Times: user=0.01 sys=0.00, real=0.00 secs] 
211.956: Total time for which application threads were stopped: 0.0005750 seconds, Stopping threads took: 0.0000430 seconds
211.995: Application time: 0.0392940 seconds
211.995: [GC [PSYoungGen: 7664K->480K(8192K)] 21794K->14610K(26112K), 0.0004660 secs] [Times: user=0.00 sys=0.00, real=0.00 secs] 
211.996: Total time for which application threads were stopped: 0.0005700 seconds, Stopping threads took: 0.0000460 seconds
212.035: Application time: 0.0391510 seconds
212.035: [GC [PSYoungGen: 7648K->512K(8192K)] 21778K->14642K(26112K), 0.0004540 secs] [Times: user=0.00 sys=0.00, real=0.00 secs] 
212.035: Total time for which application threads were stopped: 0.0005690 seconds, Stopping threads took: 0.0000600 seconds
212.075: Application time: 0.0391960 seconds
212.075: [GC [PSYoungGen: 7680K->480K(8192K)] 21810K->14610K(26112K), 0.0004240 secs] [Times: user=0.00 sys=0.00, real=0.00 secs] 
212.075: Total time for which application threads were stopped: 0.0005320 seconds, Stopping threads took: 0.0000490 seconds
212.115: Application time: 0.0393860 seconds
212.115: [GC [PSYoungGen: 7648K->512K(8192K)] 21778K->14642K(26112K), 0.0004090 secs] [Times: user=0.01 sys=0.00, real=0.00 secs] 
212.115: Total time for which application threads were stopped: 0.0005110 seconds, Stopping threads took: 0.0000440 seconds
212.154: Application time: 0.0393240 seconds
212.154: [GC [PSYoungGen: 7680K->448K(8192K)] 21810K->14578K(26112K), 0.0004630 secs] [Times: user=0.00 sys=0.00, real=0.00 secs] 
212.155: Total time for which application threads were stopped: 0.0005710 seconds, Stopping threads took: 0.0000460 seconds
212.194: Application time: 0.0393370 seconds
212.194: [GC [PSYoungGen: 7616K->448K(8192K)] 21746K->14666K(26112K), 0.0004270 secs] [Times: user=0.00 sys=0.00, real=0.00 secs] 
212.195: Total time for which application threads were stopped: 0.0005350 seconds, Stopping threads took: 0.0000500 seconds
212.234: Application time: 0.0395170 seconds
212.234: [GC [PSYoungGen: 7616K->368K(8192K)] 21834K->14675K(26112K), 0.0004580 secs] [Times: user=0.00 sys=0.00, real=0.00 secs] 
212.235: Total time for which application threads were stopped: 0.0005630 seconds, Stopping threads took: 0.0000480 seconds
212.275: Application time: 0.0399670 seconds
212.275: [GC [PSYoungGen: 7536K->336K(8192K)] 21843K->14699K(26112K), 0.0004570 secs] [Times: user=0.00 sys=0.00, real=0.00 secs] 
212.275: Total time for which application threads were stopped: 0.0005590 seconds, Stopping threads took: 0.0000370 seconds
212.315: Application time: 0.0397230 seconds
212.315: [GC [PSYoungGen: 7504K->288K(8192K)] 21867K->14707K(26112K), 0.0004030 secs] [Times: user=0.01 sys=0.00, real=0.00 secs] 
212.316: Total time for which application threads were stopped: 0.0005130 seconds, Stopping threads took: 0.0000510 seconds
212.354: Application time: 0.0385200 seconds
212.354: [GC [PSYoungGen: 7456K->272K(8192K)] 21875K->14771K(26112K), 0.0004310 secs] [Times: user=0.00 sys=0.00, real=0.00 secs] 
212.355: Total time for which application threads were stopped: 0.0005290 seconds, Stopping threads took: 0.0000400 seconds
212.393: Application time: 0.0382160 seconds
212.393: [GC [PSYoungGen: 7440K->336K(8192K)] 21939K->14835K(26112K), 0.0003870 secs] [Times: user=0.00 sys=0.00, real=0.00 secs] 
212.393: Total time for which application threads were stopped: 0.0004940 seconds, Stopping threads took: 0.0000490 seconds
212.432: Application time: 0.0389350 seconds
212.432: [GC [PSYoungGen: 7504K->416K(8192K)] 22003K->14915K(26112K), 0.0004290 secs] [Times: user=0.00 sys=0.00, real=0.00 secs] 
212.433: Total time for which application threads were stopped: 0.0005310 seconds, Stopping threads took: 0.0000430 seconds
212.472: Application time: 0.0390380 seconds
212.472: [GC [PSYoungGen: 7584K->400K(8192K)] 22083K->14899K(26112K), 0.0004060 secs] [Times: user=0.00 sys=0.00, real=0.00 secs] 
212.472: Total time for which application threads were stopped: 0.0005110 seconds, Stopping threads took: 0.0000450 seconds
212.511: Application time: 0.0389540 seconds
212.511: [GC [PSYoungGen: 7568K->448K(8192K)] 22067K->14947K(26112K), 0.0003970 secs] [Times: user=0.01 sys=0.00, real=0.00 secs] 
212.512: Total time for which application threads were stopped: 0.0004960 seconds, Stopping threads took: 0.0000410 seconds
212.550: Application time: 0.0385800 seconds
212.551: [GC [PSYoungGen: 7616K->480K(8192K)] 22115K->14979K(26112K), 0.0004180 secs] [Times: user=0.01 sys=0.00, real=0.00 secs] 
212.551: Total time for which application threads were stopped: 0.0005240 seconds, Stopping threads took: 0.0000460 seconds
212.590: Application time: 0.0394980 seconds
212.591: [GC [PSYoungGen: 7648K->544K(8192K)] 22147K->15043K(26112K), 0.0004780 secs] [Times: user=0.00 sys=0.00, real=0.00 secs] 
212.591: Total time for which application threads were stopped: 0.0005760 seconds, Stopping threads took: 0.0000430 seconds
212.631: Application time: 0.0398740 seconds
212.631: [GC [PSYoungGen: 7712K->512K(8192K)] 22211K->15011K(26112K), 0.0004670 secs] [Times: user=0.00 sys=0.00, real=0.00 secs] 
212.632: Total time for which application threads were stopped: 0.0005710 seconds, Stopping threads took: 0.0000470 seconds
212.671: Application time: 0.0394640 seconds
212.671: [GC [PSYoungGen: 7680K->480K(8192K)] 22179K->14979K(26112K), 0.0004560 secs] [Times: user=0.00 sys=0.00, real=0.00 secs] 
212.672: Total time for which application threads were stopped: 0.0005550 seconds, Stopping threads took: 0.0000390 seconds
212.711: Application time: 0.0392710 seconds
212.711: [GC [PSYoungGen: 7648K->480K(8192K)] 22147K->14979K(26112K), 0.0004940 secs] [Times: user=0.00 sys=0.00, real=0.00 secs] 
212.711: Total time for which application threads were stopped: 0.0005900 seconds, Stopping threads took: 0.0000370 seconds
212.751: Application time: 0.0392290 seconds
212.751: [GC [PSYoungGen: 7648K->480K(8192K)] 22147K->14979K(26112K), 0.0005150 secs] [Times: user=0.00 sys=0.00, real=0.00 secs] 
212.751: Total time for which application threads were stopped: 0.0006160 seconds, Stopping threads took: 0.0000420 seconds
212.790: Application time: 0.0390700 seconds
212.790: [GC [PSYoungGen: 7648K->496K(8192K)] 22147K->14995K(26112K), 0.0004470 secs] [Times: user=0.00 sys=0.00, real=0.00 secs] 
212.791: Total time for which application threads were stopped: 0.0005580 seconds, Stopping threads took: 0.0000440 seconds
212.831: Application time: 0.0401870 seconds
212.831: [GC [PSYoungGen: 7664K->480K(8192K)] 22163K->14979K(26112K), 0.0004440 secs] [Times: user=0.00 sys=0.00, real=0.00 secs] 
212.832: Total time for which application threads were stopped: 0.0005580 seconds, Stopping threads took: 0.0000460 seconds
212.871: Application time: 0.0392760 seconds
212.871: [GC [PSYoungGen: 7648K->496K(8192K)] 22147K->14995K(26112K), 0.0004240 secs] [Times: user=0.01 sys=0.00, real=0.00 secs] 
212.871: Total time for which application threads were stopped: 0.0005230 seconds, Stopping threads took: 0.0000380 seconds
212.911: Application time: 0.0396990 seconds
212.911: [GC [PSYoungGen: 7664K->512K(8192K)] 22163K->15011K(26112K), 0.0004770 secs] [Times: user=0.00 sys=0.00, real=0.00 secs] 
212.912: Total time for which application threads were stopped: 0.0005940 seconds, Stopping threads took: 0.0000460 seconds
212.951: Application time: 0.0392660 seconds
212.951: [GC [PSYoungGen: 7680K->464K(8192K)] 22179K->15019K(26112K), 0.0004680 secs] [Times: user=0.00 sys=0.00, real=0.00 secs] 
212.952: Total time for which application threads were stopped: 0.0005650 seconds, Stopping threads took: 0.0000360 seconds
212.991: Application time: 0.0392110 seconds
212.993: [GC [PSYoungGen: 7632K->384K(8192K)] 22187K->15027K(26112K), 0.0004440 secs] [Times: user=0.00 sys=0.00, real=0.00 secs] 
212.994: Total time for which application threads were stopped: 0.0027830 seconds, Stopping threads took: 0.0022800 seconds
213.033: Application time: 0.0393970 seconds
213.033: [GC [PSYoungGen: 7552K->352K(8192K)] 22195K->15051K(26112K), 0.0004120 secs] [Times: user=0.00 sys=0.00, real=0.00 secs] 
213.033: Total time for which application threads were stopped: 0.0005180 seconds, Stopping threads took: 0.0000430 seconds
213.073: Application time: 0.0395100 seconds
213.073: [GC [PSYoungGen: 7520K->336K(8192K)] 22219K->15083K(26112K), 0.0004240 secs] [Times: user=0.00 sys=0.00, real=0.00 secs] 
213.074: Total time for which application threads were stopped: 0.0005300 seconds, Stopping threads took: 0.0000500 seconds
213.113: Application time: 0.0396270 seconds
213.113: [GC [PSYoungGen: 7504K->272K(8192K)] 22251K->15075K(26112K), 0.0004100 secs] [Times: user=0.00 sys=0.00, real=0.00 secs] 
213.114: Total time for which application threads were stopped: 0.0005140 seconds, Stopping threads took: 0.0000450 seconds
213.153: Application time: 0.0388970 seconds
213.153: [GC [PSYoungGen: 7439K->304K(8192K)] 22243K->15195K(26112K), 0.0003880 secs] [Times: user=0.00 sys=0.00, real=0.00 secs] 
213.153: Total time for which application threads were stopped: 0.0004950 seconds, Stopping threads took: 0.0000490 seconds
213.191: Application time: 0.0379020 seconds
213.191: [GC [PSYoungGen: 7472K->368K(8192K)] 22363K->15259K(26112K), 0.0003930 secs] [Times: user=0.00 sys=0.00, real=0.00 secs] 
213.191: Total time for which application threads were stopped: 0.0005010 seconds, Stopping threads took: 0.0000480 seconds
213.231: Application time: 0.0397830 seconds
213.231: [GC [PSYoungGen: 7536K->352K(8192K)] 22427K->15243K(26112K), 0.0003930 secs] [Times: user=0.00 sys=0.00, real=0.00 secs] 
213.232: Total time for which application threads were stopped: 0.0004840 seconds, Stopping threads took: 0.0000340 seconds
213.271: Application time: 0.0391080 seconds
213.271: [GC [PSYoungGen: 7512K->368K(8192K)] 22404K->15259K(26112K), 0.0004170 secs] [Times: user=0.00 sys=0.00, real=0.00 secs] 
213.271: Total time for which application threads were stopped: 0.0005160 seconds, Stopping threads took: 0.0000400 seconds
213.309: Application time: 0.0379690 seconds
213.309: [GC [PSYoungGen: 7536K->448K(8192K)] 22427K->15339K(26112K), 0.0004660 secs] [Times: user=0.00 sys=0.00, real=0.00 secs] 
213.310: Total time for which application threads were stopped: 0.0005880 seconds, Stopping threads took: 0.0000480 seconds
213.349: Application time: 0.0391750 seconds
213.349: [GC [PSYoungGen: 7616K->512K(8192K)] 22507K->15403K(26112K), 0.0004800 secs] [Times: user=0.01 sys=0.00, real=0.00 secs] 
213.350: Total time for which application threads were stopped: 0.0005740 seconds, Stopping threads took: 0.0000330 seconds
213.389: Application time: 0.0397070 seconds
213.389: [GC [PSYoungGen: 7680K->512K(8192K)] 22571K->15403K(26112K), 0.0004440 secs] [Times: user=0.01 sys=0.00, real=0.00 secs] 
213.390: Total time for which application threads were stopped: 0.0005430 seconds, Stopping threads took: 0.0000420 seconds
213.429: Application time: 0.0393630 seconds
213.429: [GC [PSYoungGen: 7680K->448K(8192K)] 22571K->15339K(26112K), 0.0004330 secs] [Times: user=0.00 sys=0.00, real=0.00 secs] 
213.430: Total time for which application threads were stopped: 0.0005300 seconds, Stopping threads took: 0.0000360 seconds
213.469: Application time: 0.0395990 seconds
213.469: [GC [PSYoungGen: 7616K->512K(8192K)] 22507K->15403K(26112K), 0.0004230 secs] [Times: user=0.00 sys=0.00, real=0.00 secs] 
213.470: Total time for which application threads were stopped: 0.0005220 seconds, Stopping threads took: 0.0000370 seconds
213.509: Application time: 0.0394880 seconds
213.509: [GC [PSYoungGen: 7680K->496K(8192K)] 22571K->15387K(26112K), 0.0004670 secs] [Times: user=0.00 sys=0.00, real=0.00 secs] 
213.510: Total time for which application threads were stopped: 0.0005630 seconds, Stopping threads took: 0.0000370 seconds
213.549: Application time: 0.0392920 seconds
213.549: [GC [PSYoungGen: 7664K->512K(8192K)] 22555K->15403K(26112K), 0.0004260 secs] [Times: user=0.00 sys=0.00, real=0.00 secs] 
213.550: Total time for which application threads were stopped: 0.0005250 seconds, Stopping threads took: 0.0000390 seconds
213.589: Application time: 0.0396570 seconds
213.590: [GC [PSYoungGen: 7680K->496K(8192K)] 22571K->15387K(26112K), 0.0004670 secs] [Times: user=0.00 sys=0.00, real=0.00 secs] 
213.590: Total time for which application threads were stopped: 0.0005660 seconds, Stopping threads took: 0.0000400 seconds
213.629: Application time: 0.0393400 seconds
213.629: [GC [PSYoungGen: 7664K->544K(8192K)] 22555K->15435K(26112K), 0.0004720 secs] [Times: user=0.00 sys=0.00, real=0.00 secs] 
213.630: Total time for which application threads were stopped: 0.0005730 seconds, Stopping threads took: 0.0000430 seconds
213.669: Application time: 0.0391880 seconds
213.669: [GC [PSYoungGen: 7712K->544K(8192K)] 22603K->15435K(26112K), 0.0004560 secs] [Times: user=0.00 sys=0.00, real=0.00 secs] 
213.670: Total time for which application threads were stopped: 0.0005580 seconds, Stopping threads took: 0.0000440 seconds
213.709: Application time: 0.0391960 seconds
213.709: [GC [PSYoungGen: 7712K->464K(8192K)] 22603K->15355K(26112K), 0.0004120 secs] [Times: user=0.00 sys=0.01, real=0.01 secs] 
213.709: Total time for which application threads were stopped: 0.0005140 seconds, Stopping threads took: 0.0000440 seconds
213.749: Application time: 0.0395090 seconds
213.749: [GC [PSYoungGen: 7632K->432K(8192K)] 22523K->15379K(26112K), 0.0004700 secs] [Times: user=0.00 sys=0.00, real=0.00 secs] 
213.750: Total time for which application threads were stopped: 0.0005880 seconds, Stopping threads took: 0.0000540 seconds
213.789: Application time: 0.0392400 seconds
213.789: [GC [PSYoungGen: 7600K->352K(8192K)] 22547K->15427K(26112K), 0.0004260 secs] [Times: user=0.00 sys=0.00, real=0.01 secs] 
213.789: Total time for which application threads were stopped: 0.0005350 seconds, Stopping threads took: 0.0000510 seconds
213.829: Application time: 0.0397440 seconds
213.829: [GC [PSYoungGen: 7520K->400K(8192K)] 22595K->15475K(26112K), 0.0003920 secs] [Times: user=0.00 sys=0.00, real=0.00 secs] 
213.830: Total time for which application threads were stopped: 0.0004980 seconds, Stopping threads took: 0.0000420 seconds
213.869: Application time: 0.0393120 seconds
213.869: [GC [PSYoungGen: 7568K->336K(8192K)] 22643K->15467K(26112K), 0.0004270 secs] [Times: user=0.00 sys=0.00, real=0.01 secs] 
213.869: Total time for which application threads were stopped: 0.0005480 seconds, Stopping threads took: 0.0000600 seconds
213.909: Application time: 0.0396850 seconds
213.909: [GC [PSYoungGen: 7504K->288K(8192K)] 22635K->15503K(26112K), 0.0004580 secs] [Times: user=0.00 sys=0.00, real=0.00 secs] 
213.910: Total time for which application threads were stopped: 0.0005870 seconds, Stopping threads took: 0.0000580 seconds
213.948: Application time: 0.0385790 seconds
213.948: [GC [PSYoungGen: 7456K->320K(8192K)] 22671K->15583K(26112K), 0.0004750 secs] [Times: user=0.00 sys=0.00, real=0.00 secs] 
213.949: Total time for which application threads were stopped: 0.0005800 seconds, Stopping threads took: 0.0000450 seconds
213.988: Application time: 0.0392140 seconds
213.988: [GC [PSYoungGen: 7488K->368K(8192K)] 22751K->15631K(26112K), 0.0004310 secs] [Times: user=0.00 sys=0.00, real=0.00 secs] 
213.989: Total time for which application threads were stopped: 0.0005340 seconds, Stopping threads took: 0.0000470 seconds
214.028: Application time: 0.0392710 seconds
214.028: [GC [PSYoungGen: 7535K->320K(8192K)] 22799K->15583K(26112K), 0.0004280 secs] [Times: user=0.00 sys=0.00, real=0.00 secs] 
214.028: Total time for which application threads were stopped: 0.0005260 seconds, Stopping threads took: 0.0000420 seconds
214.067: Application time: 0.0386340 seconds
214.067: [GC [PSYoungGen: 7488K->448K(8192K)] 22751K->15711K(26112K), 0.0004890 secs] [Times: user=0.00 sys=0.00, real=0.00 secs] 
214.068: Total time for which application threads were stopped: 0.0005870 seconds, Stopping threads took: 0.0000370 seconds
214.107: Application time: 0.0391110 seconds
214.107: [GC [PSYoungGen: 7616K->480K(8192K)] 22879K->15743K(26112K), 0.0004730 secs] [Times: user=0.00 sys=0.00, real=0.00 secs] 
214.107: Total time for which application threads were stopped: 0.0005720 seconds, Stopping threads took: 0.0000380 seconds
214.146: Application time: 0.0388600 seconds
214.146: [GC [PSYoungGen: 7648K->496K(8192K)] 22911K->15759K(26112K), 0.0004360 secs] [Times: user=0.01 sys=0.00, real=0.00 secs] 
214.147: Total time for which application threads were stopped: 0.0005450 seconds, Stopping threads took: 0.0000490 seconds
214.186: Application time: 0.0392340 seconds
214.186: [GC [PSYoungGen: 7664K->528K(8192K)] 22927K->15791K(26112K), 0.0004330 secs] [Times: user=0.00 sys=0.00, real=0.00 secs] 
214.186: Total time for which application threads were stopped: 0.0005310 seconds, Stopping threads took: 0.0000380 seconds
214.226: Application time: 0.0392870 seconds
214.226: [GC [PSYoungGen: 7696K->480K(8192K)] 22959K->15743K(26112K), 0.0004500 secs] [Times: user=0.00 sys=0.00, real=0.00 secs] 
214.226: Total time for which application threads were stopped: 0.0005480 seconds, Stopping threads took: 0.0000390 seconds
214.266: Application time: 0.0393570 seconds
214.266: [GC [PSYoungGen: 7648K->464K(8192K)] 22911K->15727K(26112K), 0.0004420 secs] [Times: user=0.00 sys=0.00, real=0.00 secs] 
214.266: Total time for which application threads were stopped: 0.0005410 seconds, Stopping threads took: 0.0000390 seconds
214.306: Application time: 0.0397840 seconds
214.306: [GC [PSYoungGen: 7632K->480K(8192K)] 22895K->15743K(26112K), 0.0004560 secs] [Times: user=0.00 sys=0.00, real=0.00 secs] 
214.307: Total time for which application threads were stopped: 0.0005590 seconds, Stopping threads took: 0.0000430 seconds
214.346: Application time: 0.0395190 seconds
214.346: [GC [PSYoungGen: 7648K->480K(8192K)] 22911K->15743K(26112K), 0.0004140 secs] [Times: user=0.00 sys=0.00, real=0.00 secs] 
214.347: Total time for which application threads were stopped: 0.0005260 seconds, Stopping threads took: 0.0000460 seconds
214.386: Application time: 0.0395550 seconds
214.386: [GC [PSYoungGen: 7648K->512K(8192K)] 22911K->15775K(26112K), 0.0004930 secs] [Times: user=0.00 sys=0.00, real=0.00 secs] 
214.387: Total time for which application threads were stopped: 0.0005940 seconds, Stopping threads took: 0.0000430 seconds
214.426: Application time: 0.0393330 seconds
214.426: [GC [PSYoungGen: 7680K->512K(8192K)] 22943K->15775K(26112K), 0.0004280 secs] [Times: user=0.00 sys=0.00, real=0.00 secs] 
214.427: Total time for which application threads were stopped: 0.0005310 seconds, Stopping threads took: 0.0000430 seconds
214.466: Application time: 0.0391940 seconds
214.466: [GC [PSYoungGen: 7680K->496K(8192K)] 22943K->15759K(26112K), 0.0004630 secs] [Times: user=0.00 sys=0.00, real=0.00 secs] 
214.466: Total time for which application threads were stopped: 0.0005750 seconds, Stopping threads took: 0.0000470 seconds
214.506: Application time: 0.0397430 seconds
214.506: [GC [PSYoungGen: 7664K->528K(8192K)] 22927K->15791K(26112K), 0.0004430 secs] [Times: user=0.00 sys=0.00, real=0.00 secs] 
214.507: Total time for which application threads were stopped: 0.0005460 seconds, Stopping threads took: 0.0000460 seconds
214.546: Application time: 0.0394200 seconds
214.546: [GC [PSYoungGen: 7696K->352K(8192K)] 22959K->15767K(26112K), 0.0004330 secs] [Times: user=0.00 sys=0.00, real=0.00 secs] 
214.547: Total time for which application threads were stopped: 0.0005320 seconds, Stopping threads took: 0.0000400 seconds
214.586: Application time: 0.0393540 seconds
214.586: [GC [PSYoungGen: 7520K->400K(8192K)] 22935K->15815K(26112K), 0.0004250 secs] [Times: user=0.00 sys=0.00, real=0.00 secs] 
214.587: Total time for which application threads were stopped: 0.0005230 seconds, Stopping threads took: 0.0000370 seconds
214.626: Application time: 0.0392600 seconds
214.626: [GC [PSYoungGen: 7568K->320K(8192K)] 22983K->15735K(26112K), 0.0003730 secs] [Times: user=0.00 sys=0.00, real=0.00 secs] 
214.626: Total time for which application threads were stopped: 0.0004820 seconds, Stopping threads took: 0.0000510 seconds
214.665: Application time: 0.0392240 seconds
214.666: [GC [PSYoungGen: 7488K->288K(8192K)] 22903K->15791K(26112K), 0.0004690 secs] [Times: user=0.00 sys=0.00, real=0.00 secs] 
214.666: Total time for which application threads were stopped: 0.0005760 seconds, Stopping threads took: 0.0000480 seconds
214.705: Application time: 0.0390760 seconds
214.705: [GC [PSYoungGen: 7456K->288K(8192K)] 22959K->15839K(26112K), 0.0004320 secs] [Times: user=0.00 sys=0.00, real=0.00 secs] 
214.706: Total time for which application threads were stopped: 0.0005320 seconds, Stopping threads took: 0.0000400 seconds
214.744: Application time: 0.0379660 seconds
214.744: [GC [PSYoungGen: 7456K->384K(8192K)] 23007K->15991K(26112K), 0.0004350 secs] [Times: user=0.01 sys=0.00, real=0.00 secs] 
214.744: Total time for which application threads were stopped: 0.0005370 seconds, Stopping threads took: 0.0000420 seconds
214.784: Application time: 0.0394430 seconds
214.784: [GC [PSYoungGen: 7552K->384K(8192K)] 23159K->15991K(26112K), 0.0003890 secs] [Times: user=0.00 sys=0.00, real=0.00 secs] 
214.784: Total time for which application threads were stopped: 0.0004940 seconds, Stopping threads took: 0.0000460 seconds
214.824: Application time: 0.0394810 seconds
214.824: [GC [PSYoungGen: 7552K->336K(8192K)] 23159K->15943K(26112K), 0.0003930 secs] [Times: user=0.00 sys=0.00, real=0.00 secs] 
214.824: Total time for which application threads were stopped: 0.0004970 seconds, Stopping threads took: 0.0000460 seconds
214.863: Application time: 0.0384210 seconds
214.863: [GC [PSYoungGen: 7504K->400K(8192K)] 23111K->16007K(26112K), 0.0004300 secs] [Times: user=0.00 sys=0.00, real=0.00 secs] 
214.863: Total time for which application threads were stopped: 0.0005380 seconds, Stopping threads took: 0.0000380 seconds
214.902: Application time: 0.0391190 seconds
214.902: [GC [PSYoungGen: 7568K->464K(8192K)] 23175K->16071K(26112K), 0.0005080 secs] [Times: user=0.00 sys=0.00, real=0.00 secs] 
214.903: Total time for which application threads were stopped: 0.0006330 seconds, Stopping threads took: 0.0000560 seconds
214.942: Application time: 0.0391790 seconds
214.942: [GC [PSYoungGen: 7632K->464K(8192K)] 23239K->16071K(26112K), 0.0004540 secs] [Times: user=0.01 sys=0.00, real=0.00 secs] 
214.943: Total time for which application threads were stopped: 0.0005600 seconds, Stopping threads took: 0.0000400 seconds
214.982: Application time: 0.0393860 seconds
214.982: [GC [PSYoungGen: 7632K->512K(8192K)] 23239K->16119K(26112K), 0.0004760 secs] [Times: user=0.00 sys=0.00, real=0.00 secs] 
214.983: Total time for which application threads were stopped: 0.0005790 seconds, Stopping threads took: 0.0000450 seconds
215.022: Application time: 0.0398360 seconds
215.022: [GC [PSYoungGen: 7680K->512K(8192K)] 23287K->16119K(26112K), 0.0004300 secs] [Times: user=0.00 sys=0.00, real=0.00 secs] 
215.023: Total time for which application threads were stopped: 0.0005280 seconds, Stopping threads took: 0.0000390 seconds
215.062: Application time: 0.0394650 seconds
215.062: [GC [PSYoungGen: 7680K->496K(8192K)] 23287K->16103K(26112K), 0.0004360 secs] [Times: user=0.00 sys=0.00, real=0.00 secs] 
215.063: Total time for which application threads were stopped: 0.0005340 seconds, Stopping threads took: 0.0000390 seconds
215.102: Application time: 0.0392000 seconds
215.102: [GC [PSYoungGen: 7664K->496K(8192K)] 23271K->16103K(26112K), 0.0004450 secs] [Times: user=0.00 sys=0.00, real=0.00 secs] 
215.103: Total time for which application threads were stopped: 0.0005610 seconds, Stopping threads took: 0.0000550 seconds
215.142: Application time: 0.0391620 seconds
215.142: [GC [PSYoungGen: 7664K->496K(8192K)] 23271K->16103K(26112K), 0.0004260 secs] [Times: user=0.00 sys=0.00, real=0.00 secs] 
215.142: Total time for which application threads were stopped: 0.0005270 seconds, Stopping threads took: 0.0000400 seconds
215.182: Application time: 0.0395440 seconds
215.182: [GC [PSYoungGen: 7664K->464K(8192K)] 23271K->16072K(26112K), 0.0004680 secs] [Times: user=0.00 sys=0.00, real=0.00 secs] 
215.182: Total time for which application threads were stopped: 0.0005740 seconds, Stopping threads took: 0.0000490 seconds
215.222: Application time: 0.0396660 seconds
215.222: [GC [PSYoungGen: 7632K->480K(8192K)] 23240K->16088K(26112K), 0.0004680 secs] [Times: user=0.00 sys=0.00, real=0.00 secs] 
215.223: Total time for which application threads were stopped: 0.0005630 seconds, Stopping threads took: 0.0000400 seconds
215.262: Application time: 0.0392120 seconds
215.262: [GC [PSYoungGen: 7648K->528K(8192K)] 23256K->16135K(26112K), 0.0004390 secs] [Times: user=0.01 sys=0.00, real=0.00 secs] 
215.262: Total time for which application threads were stopped: 0.0005390 seconds, Stopping threads took: 0.0000420 seconds
215.302: Application time: 0.0392140 seconds
215.302: [GC [PSYoungGen: 7696K->464K(8192K)] 23303K->16128K(26112K), 0.0005190 secs] [Times: user=0.00 sys=0.00, real=0.00 secs] 
215.302: Total time for which application threads were stopped: 0.0006140 seconds, Stopping threads took: 0.0000360 seconds
215.342: Application time: 0.0392410 seconds
215.342: [GC [PSYoungGen: 7632K->368K(8192K)] 23296K->16168K(26112K), 0.0004220 secs] [Times: user=0.00 sys=0.00, real=0.00 secs] 
215.342: Total time for which application threads were stopped: 0.0005240 seconds, Stopping threads took: 0.0000430 seconds
215.381: Application time: 0.0393550 seconds
215.381: [GC [PSYoungGen: 7536K->352K(8192K)] 23336K->16152K(26112K), 0.0004460 secs] [Times: user=0.00 sys=0.00, real=0.00 secs] 
215.382: Total time for which application threads were stopped: 0.0005580 seconds, Stopping threads took: 0.0000430 seconds
215.421: Application time: 0.0394890 seconds
215.422: [GC [PSYoungGen: 7520K->352K(8192K)] 23320K->16152K(26112K), 0.0003890 secs] [Times: user=0.01 sys=0.00, real=0.00 secs] 
215.422: Total time for which application threads were stopped: 0.0004900 seconds, Stopping threads took: 0.0000410 seconds
215.462: Application time: 0.0397830 seconds
215.462: [GC [PSYoungGen: 7520K->320K(8192K)] 23320K->16192K(26112K), 0.0003780 secs] [Times: user=0.01 sys=0.00, real=0.00 secs] 
215.462: Total time for which application threads were stopped: 0.0004720 seconds, Stopping threads took: 0.0000350 seconds
215.501: Application time: 0.0384620 seconds
215.501: [GC [PSYoungGen: 7488K->304K(8192K)] 23360K->16240K(26112K), 0.0003980 secs] [Times: user=0.01 sys=0.00, real=0.01 secs] 
215.501: Total time for which application threads were stopped: 0.0005040 seconds, Stopping threads took: 0.0000450 seconds
215.540: Application time: 0.0384540 seconds
215.540: [GC [PSYoungGen: 7472K->368K(8192K)] 23408K->16352K(26112K), 0.0003910 secs] [Times: user=0.00 sys=0.00, real=0.00 secs] 
215.540: Total time for which application threads were stopped: 0.0005050 seconds, Stopping threads took: 0.0000470 seconds
215.580: Application time: 0.0396870 seconds
215.580: [GC [PSYoungGen: 7536K->352K(8192K)] 23520K->16336K(26112K), 0.0004010 secs] [Times: user=0.01 sys=0.00, real=0.00 secs] 
215.580: Total time for which application threads were stopped: 0.0005110 seconds, Stopping threads took: 0.0000530 seconds
215.620: Application time: 0.0394890 seconds
215.620: [GC [PSYoungGen: 7520K->352K(8192K)] 23504K->16336K(26112K), 0.0003890 secs] [Times: user=0.01 sys=0.00, real=0.00 secs] 
215.620: Total time for which application threads were stopped: 0.0004890 seconds, Stopping threads took: 0.0000430 seconds
215.659: Application time: 0.0383340 seconds
215.659: [GC [PSYoungGen: 7520K->400K(8192K)] 23504K->16384K(26112K), 0.0004040 secs] [Times: user=0.00 sys=0.00, real=0.00 secs] 
215.659: Total time for which application threads were stopped: 0.0005140 seconds, Stopping threads took: 0.0000490 seconds
215.698: Application time: 0.0387690 seconds
215.698: [GC [PSYoungGen: 7568K->480K(8192K)] 23552K->16464K(26112K), 0.0004300 secs] [Times: user=0.01 sys=0.00, real=0.00 secs] 
215.698: Total time for which application threads were stopped: 0.0005550 seconds, Stopping threads took: 0.0000670 seconds
215.737: Application time: 0.0389540 seconds
215.738: [GC [PSYoungGen: 7648K->496K(8192K)] 23632K->16480K(26112K), 0.0004260 secs] [Times: user=0.01 sys=0.00, real=0.00 secs] 
215.738: Total time for which application threads were stopped: 0.0005140 seconds, Stopping threads took: 0.0000300 seconds
215.777: Application time: 0.0393010 seconds
215.777: [GC [PSYoungGen: 7664K->480K(8192K)] 23648K->16464K(26112K), 0.0004600 secs] [Times: user=0.00 sys=0.00, real=0.00 secs] 
215.778: Total time for which application threads were stopped: 0.0005630 seconds, Stopping threads took: 0.0000430 seconds
215.818: Application time: 0.0405010 seconds
215.818: [GC [PSYoungGen: 7648K->480K(8192K)] 23632K->16464K(26112K), 0.0005020 secs] [Times: user=0.00 sys=0.00, real=0.00 secs] 
215.820: Total time for which application threads were stopped: 0.0016200 seconds, Stopping threads took: 0.0000360 seconds
215.859: Application time: 0.0394890 seconds
215.860: [GC [PSYoungGen: 7648K->512K(8192K)] 23632K->16496K(26112K), 0.0004460 secs] [Times: user=0.00 sys=0.00, real=0.00 secs] 
215.860: Total time for which application threads were stopped: 0.0005460 seconds, Stopping threads took: 0.0000400 seconds
215.899: Application time: 0.0394100 seconds
215.900: [GC [PSYoungGen: 7680K->512K(8192K)] 23664K->16496K(26112K), 0.0004790 secs] [Times: user=0.00 sys=0.00, real=0.00 secs] 
215.900: Total time for which application threads were stopped: 0.0006250 seconds, Stopping threads took: 0.0000610 seconds
215.940: Application time: 0.0400050 seconds
215.940: [GC [PSYoungGen: 7680K->480K(8192K)] 23664K->16464K(26112K), 0.0005460 secs] [Times: user=0.00 sys=0.00, real=0.00 secs] 
215.941: Total time for which application threads were stopped: 0.0006440 seconds, Stopping threads took: 0.0000370 seconds
215.980: Application time: 0.0392940 seconds
215.980: [GC [PSYoungGen: 7648K->448K(8192K)] 23632K->16432K(26112K), 0.0004250 secs] [Times: user=0.00 sys=0.00, real=0.00 secs] 
215.980: Total time for which application threads were stopped: 0.0005250 seconds, Stopping threads took: 0.0000430 seconds
216.020: Application time: 0.0392070 seconds
216.020: [GC [PSYoungGen: 7616K->496K(8192K)] 23600K->16480K(26112K), 0.0004570 secs] [Times: user=0.00 sys=0.00, real=0.00 secs] 
216.020: Total time for which application threads were stopped: 0.0005610 seconds, Stopping threads took: 0.0000440 seconds
216.060: Application time: 0.0392840 seconds
216.060: [GC [PSYoungGen: 7664K->512K(8192K)] 23648K->16496K(26112K), 0.0004340 secs] [Times: user=0.01 sys=0.00, real=0.00 secs] 
216.060: Total time for which application threads were stopped: 0.0005340 seconds, Stopping threads took: 0.0000410 seconds
216.100: Application time: 0.0396930 seconds
216.100: [GC [PSYoungGen: 7680K->384K(8192K)] 23664K->16440K(26112K), 0.0004190 secs] [Times: user=0.00 sys=0.00, real=0.00 secs] 
216.100: Total time for which application threads were stopped: 0.0005360 seconds, Stopping threads took: 0.0000500 seconds
216.140: Application time: 0.0392640 seconds
216.140: [GC [PSYoungGen: 7552K->320K(8192K)] 23608K->16472K(26112K), 0.0004260 secs] [Times: user=0.00 sys=0.00, real=0.00 secs] 
216.140: Total time for which application threads were stopped: 0.0005170 seconds, Stopping threads took: 0.0000330 seconds
216.180: Application time: 0.0394830 seconds
216.180: [GC [PSYoungGen: 7488K->368K(8192K)] 23640K->16520K(26112K), 0.0003870 secs] [Times: user=0.01 sys=0.00, real=0.00 secs] 
216.180: Total time for which application threads were stopped: 0.0004900 seconds, Stopping threads took: 0.0000420 seconds
216.219: Application time: 0.0393810 seconds
216.220: [GC [PSYoungGen: 7536K->368K(8192K)] 23688K->16520K(26112K), 0.0003880 secs] [Times: user=0.00 sys=0.00, real=0.00 secs] 
216.220: Total time for which application threads were stopped: 0.0004950 seconds, Stopping threads took: 0.0000490 seconds
216.259: Application time: 0.0388590 seconds
216.259: [GC [PSYoungGen: 7536K->320K(8192K)] 23688K->16576K(26112K), 0.0004270 secs] [Times: user=0.01 sys=0.00, real=0.00 secs] 
216.259: Total time for which application threads were stopped: 0.0005270 seconds, Stopping threads took: 0.0000390 seconds
216.298: Application time: 0.0382480 seconds
216.301: [GC [PSYoungGen: 7488K->336K(8192K)] 23744K->16648K(26112K), 0.0004220 secs] [Times: user=0.00 sys=0.00, real=0.00 secs] 
216.302: Total time for which application threads were stopped: 0.0039320 seconds, Stopping threads took: 0.0034490 seconds
216.340: Application time: 0.0389730 seconds
216.341: [GC [PSYoungGen: 7504K->368K(8192K)] 23816K->16728K(26112K), 0.0004040 secs] [Times: user=0.00 sys=0.00, real=0.00 secs] 
216.341: Total time for which application threads were stopped: 0.0005090 seconds, Stopping threads took: 0.0000390 seconds
216.380: Application time: 0.0394130 seconds
216.381: [GC [PSYoungGen: 7536K->368K(8192K)] 23896K->16728K(26112K), 0.0003860 secs] [Times: user=0.00 sys=0.00, real=0.00 secs] 
216.381: Total time for which application threads were stopped: 0.0004840 seconds, Stopping threads took: 0.0000370 seconds
216.420: Application time: 0.0388760 seconds
216.420: [GC [PSYoungGen: 7536K->384K(8192K)] 23896K->16744K(26112K), 0.0004050 secs] [Times: user=0.00 sys=0.00, real=0.00 secs] 
216.420: Total time for which application threads were stopped: 0.0005160 seconds, Stopping threads took: 0.0000400 seconds
216.460: Application time: 0.0392950 seconds
216.460: [GC [PSYoungGen: 7552K->416K(8192K)] 23912K->16776K(26112K), 0.0004600 secs] [Times: user=0.00 sys=0.00, real=0.00 secs] 
216.460: Total time for which application threads were stopped: 0.0005700 seconds, Stopping threads took: 0.0000480 seconds
216.499: Application time: 0.0383990 seconds
216.499: [GC [PSYoungGen: 7584K->480K(8192K)] 23944K->16840K(26112K), 0.0004210 secs] [Times: user=0.00 sys=0.00, real=0.00 secs] 
216.499: Total time for which application threads were stopped: 0.0005310 seconds, Stopping threads took: 0.0000500 seconds
216.539: Application time: 0.0399790 seconds
216.539: [GC [PSYoungGen: 7648K->480K(8192K)] 24008K->16840K(26112K), 0.0004610 secs] [Times: user=0.00 sys=0.00, real=0.00 secs] 
216.540: Total time for which application threads were stopped: 0.0005740 seconds, Stopping threads took: 0.0000490 seconds
216.579: Application time: 0.0393160 seconds
216.579: [GC [PSYoungGen: 7648K->464K(8192K)] 24008K->16824K(26112K), 0.0004450 secs] [Times: user=0.00 sys=0.00, real=0.00 secs] 
216.580: Total time for which application threads were stopped: 0.0005530 seconds, Stopping threads took: 0.0000490 seconds
216.619: Application time: 0.0399050 seconds
216.620: [GC [PSYoungGen: 7632K->464K(8192K)] 23992K->16824K(26112K), 0.0005060 secs] [Times: user=0.00 sys=0.00, real=0.00 secs] 
216.620: Total time for which application threads were stopped: 0.0006050 seconds, Stopping threads took: 0.0000410 seconds
216.659: Application time: 0.0391020 seconds
216.659: [GC [PSYoungGen: 7632K->512K(8192K)] 23992K->16872K(26112K), 0.0004370 secs] [Times: user=0.01 sys=0.00, real=0.00 secs] 
216.660: Total time for which application threads were stopped: 0.0005400 seconds, Stopping threads took: 0.0000450 seconds
216.699: Application time: 0.0391040 seconds
216.699: [GC [PSYoungGen: 7680K->512K(8192K)] 24040K->16872K(26112K), 0.0004780 secs] [Times: user=0.00 sys=0.00, real=0.00 secs] 
216.699: Total time for which application threads were stopped: 0.0005750 seconds, Stopping threads took: 0.0000380 seconds
216.739: Application time: 0.0392030 seconds
216.739: [GC [PSYoungGen: 7680K->512K(8192K)] 24040K->16872K(26112K), 0.0004600 secs] [Times: user=0.01 sys=0.00, real=0.00 secs] 
216.739: Total time for which application threads were stopped: 0.0005630 seconds, Stopping threads took: 0.0000460 seconds
216.779: Application time: 0.0396580 seconds
216.779: [GC [PSYoungGen: 7680K->464K(8192K)] 24040K->16824K(26112K), 0.0004270 secs] [Times: user=0.00 sys=0.00, real=0.00 secs] 
216.779: Total time for which application threads were stopped: 0.0005290 seconds, Stopping threads took: 0.0000430 seconds
216.819: Application time: 0.0392090 seconds
216.821: [GC [PSYoungGen: 7632K->512K(8192K)] 23992K->16872K(26112K), 0.0004820 secs] [Times: user=0.00 sys=0.00, real=0.00 secs] 
216.822: Total time for which application threads were stopped: 0.0030480 seconds, Stopping threads took: 0.0025060 seconds
216.861: Application time: 0.0392390 seconds
216.861: [GC [PSYoungGen: 7680K->432K(8192K)] 24040K->16848K(26112K), 0.0004300 secs] [Times: user=0.00 sys=0.00, real=0.01 secs] 
216.861: Total time for which application threads were stopped: 0.0005450 seconds, Stopping threads took: 0.0000520 seconds
216.901: Application time: 0.0397730 seconds
216.901: [GC [PSYoungGen: 7600K->384K(8192K)] 24016K->16896K(26112K), 0.0004750 secs] [Times: user=0.00 sys=0.00, real=0.00 secs] 
216.902: Total time for which application threads were stopped: 0.0006080 seconds, Stopping threads took: 0.0000620 seconds
216.941: Application time: 0.0394770 seconds
216.941: [GC [PSYoungGen: 7552K->368K(8192K)] 24064K->16944K(26112K), 0.0004040 secs] [Times: user=0.00 sys=0.00, real=0.00 secs] 
216.942: Total time for which application threads were stopped: 0.0005180 seconds, Stopping threads took: 0.0000440 seconds
216.981: Application time: 0.0396000 seconds
216.985: [GC [PSYoungGen: 7536K->368K(8192K)] 24112K->16944K(26112K), 0.0004190 secs] [Times: user=0.00 sys=0.00, real=0.00 secs] 
216.986: Total time for which application threads were stopped: 0.0041710 seconds, Stopping threads took: 0.0036950 seconds
217.025: Application time: 0.0392660 seconds
217.025: [GC [PSYoungGen: 7536K->304K(8192K)] 24112K->16928K(26112K), 0.0004060 secs] [Times: user=0.00 sys=0.00, real=0.00 secs] 
217.025: Total time for which application threads were stopped: 0.0005160 seconds, Stopping threads took: 0.0000530 seconds
217.064: Application time: 0.0389120 seconds
217.064: [GC [PSYoungGen: 7472K->320K(8192K)] 24096K->16992K(26112K), 0.0003940 secs] [Times: user=0.01 sys=0.00, real=0.00 secs] 
217.065: Total time for which application threads were stopped: 0.0004960 seconds, Stopping threads took: 0.0000420 seconds
217.103: Application time: 0.0379320 seconds
217.103: [GC [PSYoungGen: 7488K->352K(8192K)] 24160K->17104K(26112K), 0.0004150 secs] [Times: user=0.00 sys=0.00, real=0.00 secs] 
217.103: Total time for which application threads were stopped: 0.0005190 seconds, Stopping threads took: 0.0000430 seconds
217.143: Application time: 0.0396630 seconds
217.143: [GC [PSYoungGen: 7520K->368K(8192K)] 24272K->17120K(26112K), 0.0003990 secs] [Times: user=0.00 sys=0.00, real=0.00 secs] 
217.143: Total time for which application threads were stopped: 0.0005000 seconds, Stopping threads took: 0.0000430 seconds
217.183: Application time: 0.0398030 seconds
217.183: [GC [PSYoungGen: 7536K->384K(8192K)] 24288K->17136K(26112K), 0.0004430 secs] [Times: user=0.00 sys=0.00, real=0.00 secs] 
217.184: Total time for which application threads were stopped: 0.0005530 seconds, Stopping threads took: 0.0000450 seconds
217.222: Application time: 0.0380100 seconds
217.222: [GC [PSYoungGen: 7552K->432K(8192K)] 24304K->17184K(26112K), 0.0004200 secs] [Times: user=0.00 sys=0.00, real=0.00 secs] 
217.222: Total time for which application threads were stopped: 0.0005220 seconds, Stopping threads took: 0.0000410 seconds
217.261: Application time: 0.0391190 seconds
217.261: [GC [PSYoungGen: 7600K->464K(8192K)] 24352K->17216K(26112K), 0.0004640 secs] [Times: user=0.00 sys=0.00, real=0.00 secs] 
217.262: Total time for which application threads were stopped: 0.0005700 seconds, Stopping threads took: 0.0000470 seconds
217.301: Application time: 0.0391350 seconds
217.301: [GC [PSYoungGen: 7632K->496K(8192K)] 24384K->17248K(26112K), 0.0004700 secs] [Times: user=0.00 sys=0.00, real=0.00 secs] 
217.302: Total time for which application threads were stopped: 0.0005820 seconds, Stopping threads took: 0.0000530 seconds
217.341: Application time: 0.0395660 seconds
217.341: [GC [PSYoungGen: 7664K->464K(8192K)] 24416K->17216K(26112K), 0.0004250 secs] [Times: user=0.00 sys=0.00, real=0.00 secs] 
217.342: Total time for which application threads were stopped: 0.0005390 seconds, Stopping threads took: 0.0000520 seconds
217.381: Application time: 0.0393900 seconds
217.381: [GC [PSYoungGen: 7632K->512K(8192K)] 24384K->17264K(26112K), 0.0004370 secs] [Times: user=0.00 sys=0.00, real=0.00 secs] 
217.382: Total time for which application threads were stopped: 0.0005300 seconds, Stopping threads took: 0.0000350 seconds
217.421: Application time: 0.0394790 seconds
217.421: [GC [PSYoungGen: 7680K->464K(8192K)] 24432K->17216K(26112K), 0.0004200 secs] [Times: user=0.00 sys=0.00, real=0.00 secs] 
217.422: Total time for which application threads were stopped: 0.0005230 seconds, Stopping threads took: 0.0000440 seconds
217.461: Application time: 0.0391660 seconds
217.461: [GC [PSYoungGen: 7632K->496K(8192K)] 24384K->17248K(26112K), 0.0004290 secs] [Times: user=0.00 sys=0.00, real=0.01 secs] 
217.461: Total time for which application threads were stopped: 0.0005410 seconds, Stopping threads took: 0.0000450 seconds
217.501: Application time: 0.0392600 seconds
217.505: [GC [PSYoungGen: 7664K->480K(8192K)] 24416K->17232K(26112K), 0.0004360 secs] [Times: user=0.01 sys=0.00, real=0.00 secs] 
217.506: Total time for which application threads were stopped: 0.0048970 seconds, Stopping threads took: 0.0044050 seconds
217.545: Application time: 0.0393920 seconds
217.545: [GC [PSYoungGen: 7648K->496K(8192K)] 24400K->17248K(26112K), 0.0004560 secs] [Times: user=0.00 sys=0.00, real=0.00 secs] 
217.546: Total time for which application threads were stopped: 0.0005650 seconds, Stopping threads took: 0.0000450 seconds
217.585: Application time: 0.0396230 seconds
217.585: [GC [PSYoungGen: 7664K->512K(8192K)] 24416K->17264K(26112K), 0.0004680 secs] [Times: user=0.00 sys=0.00, real=0.00 secs] 
217.586: Total time for which application threads were stopped: 0.0005750 seconds, Stopping threads took: 0.0000460 seconds
217.625: Application time: 0.0391170 seconds
217.625: [GC [PSYoungGen: 7680K->512K(8192K)] 24432K->17264K(26112K), 0.0004220 secs] [Times: user=0.01 sys=0.00, real=0.00 secs] 
217.625: Total time for which application threads were stopped: 0.0005210 seconds, Stopping threads took: 0.0000390 seconds
217.664: Application time: 0.0391420 seconds
217.665: [GC [PSYoungGen: 7680K->416K(8192K)] 24432K->17256K(26112K), 0.0004400 secs] [Times: user=0.00 sys=0.00, real=0.00 secs] 
217.665: Total time for which application threads were stopped: 0.0005410 seconds, Stopping threads took: 0.0000430 seconds
217.704: Application time: 0.0391970 seconds
217.704: [GC [PSYoungGen: 7584K->368K(8192K)] 24424K->17296K(26112K), 0.0004490 secs] [Times: user=0.01 sys=0.00, real=0.00 secs] 
217.705: Total time for which application threads were stopped: 0.0005540 seconds, Stopping threads took: 0.0000440 seconds
217.744: Application time: 0.0393700 seconds
217.744: [GC [PSYoungGen: 7536K->368K(8192K)] 24464K->17296K(26112K), 0.0004050 secs] [Times: user=0.00 sys=0.00, real=0.00 secs] 
217.745: Total time for which application threads were stopped: 0.0005090 seconds, Stopping threads took: 0.0000370 seconds
217.784: Application time: 0.0393020 seconds
217.784: [GC [PSYoungGen: 7536K->416K(8192K)] 24464K->17344K(26112K), 0.0004340 secs] [Times: user=0.00 sys=0.00, real=0.00 secs] 
217.785: Total time for which application threads were stopped: 0.0005370 seconds, Stopping threads took: 0.0000440 seconds
217.824: Application time: 0.0392760 seconds
217.824: [GC [PSYoungGen: 7584K->320K(8192K)] 24512K->17344K(26112K), 0.0003850 secs] [Times: user=0.00 sys=0.00, real=0.00 secs] 
217.824: Total time for which application threads were stopped: 0.0004890 seconds, Stopping threads took: 0.0000430 seconds
217.863: Application time: 0.0384530 seconds
217.863: [GC [PSYoungGen: 7488K->304K(8192K)] 24512K->17376K(26112K), 0.0004450 secs] [Times: user=0.00 sys=0.00, real=0.00 secs] 
217.863: Total time for which application threads were stopped: 0.0005540 seconds, Stopping threads took: 0.0000460 seconds
217.902: Application time: 0.0387260 seconds
217.902: [GC [PSYoungGen: 7472K->384K(8192K)] 24544K->17504K(26112K), 0.0004560 secs] [Times: user=0.00 sys=0.00, real=0.00 secs] 
217.903: Total time for which application threads were stopped: 0.0005880 seconds, Stopping threads took: 0.0000610 seconds
217.942: Application time: 0.0396910 seconds
217.942: [GC [PSYoungGen: 7552K->384K(8192K)] 24672K->17504K(26112K), 0.0004120 secs] [Times: user=0.00 sys=0.00, real=0.00 secs] 
217.943: Total time for which application threads were stopped: 0.0005150 seconds, Stopping threads took: 0.0000430 seconds
217.982: Application time: 0.0393780 seconds
217.982: [GC [PSYoungGen: 7552K->336K(8192K)] 24672K->17456K(26112K), 0.0003860 secs] [Times: user=0.01 sys=0.00, real=0.00 secs] 
217.983: Total time for which application threads were stopped: 0.0004980 seconds, Stopping threads took: 0.0000460 seconds
218.022: Application time: 0.0389970 seconds
218.022: [GC [PSYoungGen: 7504K->432K(8192K)] 24624K->17552K(26112K), 0.0004290 secs] [Times: user=0.00 sys=0.00, real=0.00 secs] 
218.022: Total time for which application threads were stopped: 0.0005300 seconds, Stopping threads took: 0.0000430 seconds
218.061: Application time: 0.0383030 seconds
218.061: [GC [PSYoungGen: 7600K->496K(8192K)] 24720K->17617K(26112K), 0.0004330 secs] [Times: user=0.00 sys=0.00, real=0.01 secs] 
218.061: Total time for which application threads were stopped: 0.0005400 seconds, Stopping threads took: 0.0000460 seconds
218.100: Application time: 0.0392920 seconds
218.100: [GC [PSYoungGen: 7664K->496K(8192K)] 24785K->17617K(26112K), 0.0004670 secs] [Times: user=0.00 sys=0.00, real=0.00 secs] 
218.101: Total time for which application threads were stopped: 0.0005670 seconds, Stopping threads took: 0.0000410 seconds
218.141: Application time: 0.0398420 seconds
218.141: [GC [PSYoungGen: 7664K->496K(8192K)] 24785K->17616K(26112K), 0.0004320 secs] [Times: user=0.01 sys=0.00, real=0.01 secs] 
218.141: Total time for which application threads were stopped: 0.0005320 seconds, Stopping threads took: 0.0000420 seconds
218.181: Application time: 0.0394560 seconds
218.181: [GC [PSYoungGen: 7664K->496K(8192K)] 24784K->17616K(26112K), 0.0004470 secs] [Times: user=0.00 sys=0.00, real=0.01 secs] 
218.181: Total time for which application threads were stopped: 0.0005500 seconds, Stopping threads took: 0.0000430 seconds
218.221: Application time: 0.0395600 seconds
218.221: [GC [PSYoungGen: 7664K->496K(8192K)] 24784K->17616K(26112K), 0.0004750 secs] [Times: user=0.00 sys=0.00, real=0.01 secs] 
218.221: Total time for which application threads were stopped: 0.0005810 seconds, Stopping threads took: 0.0000470 seconds
218.261: Application time: 0.0392830 seconds
218.261: [GC [PSYoungGen: 7664K->496K(8192K)] 24784K->17616K(26112K), 0.0004280 secs] [Times: user=0.01 sys=0.00, real=0.01 secs] 
218.261: Total time for which application threads were stopped: 0.0005270 seconds, Stopping threads took: 0.0000410 seconds
218.300: Application time: 0.0391850 seconds
218.301: [GC [PSYoungGen: 7664K->528K(8192K)] 24784K->17648K(26112K), 0.0004330 secs] [Times: user=0.00 sys=0.00, real=0.00 secs] 
218.301: Total time for which application threads were stopped: 0.0005360 seconds, Stopping threads took: 0.0000430 seconds
218.341: Application time: 0.0396330 seconds
218.341: [GC [PSYoungGen: 7696K->560K(8192K)] 24816K->17680K(26112K), 0.0004490 secs] [Times: user=0.00 sys=0.00, real=0.01 secs] 
218.341: Total time for which application threads were stopped: 0.0005570 seconds, Stopping threads took: 0.0000460 seconds
218.380: Application time: 0.0392590 seconds
218.381: [GC [PSYoungGen: 7728K->480K(8192K)] 24848K->17600K(26112K), 0.0004840 secs] [Times: user=0.00 sys=0.00, real=0.01 secs] 
218.381: Total time for which application threads were stopped: 0.0005960 seconds, Stopping threads took: 0.0000480 seconds
218.420: Application time: 0.0391530 seconds
218.420: [GC [PSYoungGen: 7648K->496K(8192K)] 24768K->17616K(26112K), 0.0004320 secs] [Times: user=0.00 sys=0.00, real=0.00 secs] 
218.421: Total time for which application threads were stopped: 0.0005370 seconds, Stopping threads took: 0.0000450 seconds
218.460: Application time: 0.0397300 seconds
218.461: [GC [PSYoungGen: 7664K->432K(8192K)] 24784K->17649K(26112K), 0.0004410 secs] [Times: user=0.00 sys=0.00, real=0.01 secs] 
218.461: Total time for which application threads were stopped: 0.0005530 seconds, Stopping threads took: 0.0000470 seconds
218.500: Application time: 0.0392590 seconds
218.500: [GC [PSYoungGen: 7600K->368K(8192K)] 24817K->17673K(26112K), 0.0004280 secs] [Times: user=0.00 sys=0.00, real=0.00 secs] 
218.501: Total time for which application threads were stopped: 0.0005500 seconds, Stopping threads took: 0.0000510 seconds
218.540: Application time: 0.0393680 seconds
218.540: [GC [PSYoungGen: 7536K->368K(8192K)] 24841K->17673K(26112K), 0.0004780 secs] [Times: user=0.00 sys=0.00, real=0.00 secs] 
218.541: Total time for which application threads were stopped: 0.0005820 seconds, Stopping threads took: 0.0000470 seconds
218.581: Application time: 0.0397200 seconds
218.581: [GC [PSYoungGen: 7536K->320K(8192K)] 24841K->17625K(26112K), 0.0003910 secs] [Times: user=0.00 sys=0.00, real=0.00 secs] 
218.581: Total time for which application threads were stopped: 0.0004860 seconds, Stopping threads took: 0.0000390 seconds
218.620: Application time: 0.0394540 seconds
218.621: [GC [PSYoungGen: 7488K->288K(8192K)] 24793K->17681K(26112K), 0.0004350 secs] [Times: user=0.00 sys=0.00, real=0.00 secs] 
218.621: Total time for which application threads were stopped: 0.0005360 seconds, Stopping threads took: 0.0000440 seconds
218.659: Application time: 0.0378700 seconds
218.659: [GC [PSYoungGen: 7456K->304K(8192K)] 24849K->17777K(26112K), 0.0004060 secs] [Times: user=0.00 sys=0.00, real=0.00 secs] 
218.659: Total time for which application threads were stopped: 0.0005150 seconds, Stopping threads took: 0.0000470 seconds
218.699: Application time: 0.0391800 seconds
218.701: [GC [PSYoungGen: 7472K->320K(8192K)] 24945K->17793K(26112K), 0.0004110 secs] [Times: user=0.01 sys=0.00, real=0.00 secs] 
218.702: Total time for which application threads were stopped: 0.0029600 seconds, Stopping threads took: 0.0024920 seconds
218.741: Application time: 0.0392650 seconds
218.741: [GC [PSYoungGen: 7488K->336K(8192K)] 24961K->17809K(26112K), 0.0004590 secs] [Times: user=0.00 sys=0.00, real=0.01 secs] 
218.741: Total time for which application threads were stopped: 0.0005790 seconds, Stopping threads took: 0.0000630 seconds
218.781: Application time: 0.0396090 seconds
218.781: [GC [PSYoungGen: 7504K->352K(8192K)] 24977K->17825K(26112K), 0.0003930 secs] [Times: user=0.00 sys=0.00, real=0.00 secs] 
218.781: Total time for which application threads were stopped: 0.0005090 seconds, Stopping threads took: 0.0000560 seconds
218.819: Application time: 0.0378150 seconds
218.819: [GC [PSYoungGen: 7520K->432K(8192K)] 24993K->17905K(26112K), 0.0004910 secs] [Times: user=0.00 sys=0.00, real=0.00 secs] 
218.820: Total time for which application threads were stopped: 0.0006050 seconds, Stopping threads took: 0.0000470 seconds
218.859: Application time: 0.0390730 seconds
218.859: [GC [PSYoungGen: 7600K->496K(8192K)] 25073K->17969K(26112K), 0.0004330 secs] [Times: user=0.00 sys=0.00, real=0.00 secs] 
218.860: Total time for which application threads were stopped: 0.0005330 seconds, Stopping threads took: 0.0000400 seconds
218.899: Application time: 0.0398420 seconds
218.900: [GC [PSYoungGen: 7664K->480K(8192K)] 25137K->17953K(26112K), 0.0005950 secs] [Times: user=0.00 sys=0.00, real=0.00 secs] 
218.901: Total time for which application threads were stopped: 0.0016550 seconds, Stopping threads took: 0.0009730 seconds
218.940: Application time: 0.0393610 seconds
218.940: [GC [PSYoungGen: 7648K->496K(8192K)] 25121K->17969K(26112K), 0.0004510 secs] [Times: user=0.00 sys=0.00, real=0.00 secs] 
218.941: Total time for which application threads were stopped: 0.0005580 seconds, Stopping threads took: 0.0000450 seconds
218.981: Application time: 0.0397410 seconds
218.981: [GC [PSYoungGen: 7664K->448K(8192K)] 25137K->17921K(26112K), 0.0004360 secs] [Times: user=0.00 sys=0.00, real=0.01 secs] 
218.981: Total time for which application threads were stopped: 0.0005270 seconds, Stopping threads took: 0.0000330 seconds
219.020: Application time: 0.0392590 seconds
219.021: [GC [PSYoungGen: 7616K->480K(8192K)] 25089K->17953K(26112K), 0.0005110 secs] [Times: user=0.01 sys=0.00, real=0.01 secs] 
219.021: Total time for which application threads were stopped: 0.0006140 seconds, Stopping threads took: 0.0000350 seconds
219.060: Application time: 0.0391160 seconds
219.060: [GC [PSYoungGen: 7648K->512K(8192K)] 25121K->17985K(26112K), 0.0004160 secs] [Times: user=0.00 sys=0.00, real=0.00 secs] 
219.061: Total time for which application threads were stopped: 0.0005220 seconds, Stopping threads took: 0.0000490 seconds
219.100: Application time: 0.0392130 seconds
219.100: [GC [PSYoungGen: 7680K->480K(8192K)] 25153K->17953K(26112K), 0.0004700 secs] [Times: user=0.00 sys=0.00, real=0.00 secs] 
219.101: Total time for which application threads were stopped: 0.0005680 seconds, Stopping threads took: 0.0000400 seconds
219.140: Application time: 0.0393830 seconds
219.140: [GC [PSYoungGen: 7648K->496K(8192K)] 25121K->17969K(26112K), 0.0004620 secs] [Times: user=0.00 sys=0.00, real=0.00 secs] 
219.140: Total time for which application threads were stopped: 0.0005740 seconds, Stopping threads took: 0.0000530 seconds
219.180: Application time: 0.0395220 seconds
219.180: [GC [PSYoungGen: 7664K->464K(8192K)] 25137K->17937K(26112K), 0.0004690 secs] [Times: user=0.00 sys=0.00, real=0.00 secs] 
219.181: Total time for which application threads were stopped: 0.0005730 seconds, Stopping threads took: 0.0000440 seconds
219.220: Application time: 0.0391480 seconds
219.220: [GC [PSYoungGen: 7632K->480K(8192K)] 25105K->17953K(26112K), 0.0004170 secs] [Times: user=0.01 sys=0.00, real=0.00 secs] 
219.220: Total time for which application threads were stopped: 0.0005220 seconds, Stopping threads took: 0.0000460 seconds
219.260: Application time: 0.0392700 seconds
219.260: [GC [PSYoungGen: 7648K->368K(8192K)] 25121K->17961K(26112K), 0.0004300 secs] [Times: user=0.00 sys=0.00, real=0.00 secs] 
219.260: Total time for which application threads were stopped: 0.0005410 seconds, Stopping threads took: 0.0000510 seconds
219.300: Application time: 0.0398160 seconds
219.300: [GC [PSYoungGen: 7536K->320K(8192K)] 25129K->17969K(26112K), 0.0004410 secs] [Times: user=0.00 sys=0.00, real=0.00 secs] 
219.300: Total time for which application threads were stopped: 0.0005400 seconds, Stopping threads took: 0.0000410 seconds
219.340: Application time: 0.0392910 seconds
219.340: [GC [PSYoungGen: 7488K->368K(8192K)] 25137K->18017K(26112K), 0.0004020 secs] [Times: user=0.00 sys=0.00, real=0.00 secs] 
219.340: Total time for which application threads were stopped: 0.0005070 seconds, Stopping threads took: 0.0000460 seconds
219.380: Application time: 0.0396510 seconds
219.380: [GC [PSYoungGen: 7536K->352K(8192K)] 25185K->18001K(26112K), 0.0004080 secs] [Times: user=0.00 sys=0.00, real=0.00 secs] 
219.380: Total time for which application threads were stopped: 0.0005090 seconds, Stopping threads took: 0.0000430 seconds
219.420: Application time: 0.0392730 seconds
219.420: [GC [PSYoungGen: 7520K->240K(8192K)] 25169K->18001K(26112K), 0.0004340 secs] [Times: user=0.00 sys=0.00, real=0.00 secs] 
219.420: [Full GC [PSYoungGen: 240K->0K(8192K)] [ParOldGen: 17761K->2031K(17920K)] 18001K->2031K(26112K) [PSPermGen: 6076K->6076K(21504K)], 0.0052760 secs] [Times: user=0.02 sys=0.00, real=0.01 secs] 
219.426: Total time for which application threads were stopped: 0.0058600 seconds, Stopping threads took: 0.0000430 seconds
219.463: Application time: 0.0374730 seconds
219.463: [GC [PSYoungGen: 7168K->320K(8192K)] 9199K->2351K(26112K), 0.0003790 secs] [Times: user=0.00 sys=0.00, real=0.00 secs] 
219.463: Total time for which application threads were stopped: 0.0004910 seconds, Stopping threads took: 0.0000430 seconds
219.503: Application time: 0.0393330 seconds
219.503: [GC [PSYoungGen: 7488K->352K(8192K)] 9519K->2383K(26112K), 0.0004130 secs] [Times: user=0.00 sys=0.00, real=0.00 secs] 
219.503: Total time for which application threads were stopped: 0.0005170 seconds, Stopping threads took: 0.0000470 seconds
219.543: Application time: 0.0392350 seconds
219.543: [GC [PSYoungGen: 7520K->304K(8192K)] 9551K->2335K(26112K), 0.0003560 secs] [Times: user=0.00 sys=0.00, real=0.00 secs] 
219.543: Total time for which application threads were stopped: 0.0004630 seconds, Stopping threads took: 0.0000420 seconds
219.582: Application time: 0.0391270 seconds
219.582: [GC [PSYoungGen: 7472K->320K(8192K)] 9503K->2351K(26112K), 0.0003700 secs] [Times: user=0.00 sys=0.00, real=0.00 secs] 
219.583: Total time for which application threads were stopped: 0.0004740 seconds, Stopping threads took: 0.0000440 seconds
219.621: Application time: 0.0384330 seconds
219.621: [GC [PSYoungGen: 7488K->448K(8192K)] 9519K->2479K(26112K), 0.0004020 secs] [Times: user=0.00 sys=0.00, real=0.00 secs] 
219.622: Total time for which application threads were stopped: 0.0005070 seconds, Stopping threads took: 0.0000470 seconds
219.660: Application time: 0.0386800 seconds
219.660: [GC [PSYoungGen: 7616K->528K(8192K)] 9647K->2559K(26112K), 0.0004480 secs] [Times: user=0.00 sys=0.00, real=0.00 secs] 
219.661: Total time for which application threads were stopped: 0.0005590 seconds, Stopping threads took: 0.0000510 seconds
219.700: Application time: 0.0395410 seconds
219.700: [GC [PSYoungGen: 7696K->496K(8192K)] 9727K->2527K(26112K), 0.0004320 secs] [Times: user=0.00 sys=0.00, real=0.00 secs] 
219.701: Total time for which application threads were stopped: 0.0005390 seconds, Stopping threads took: 0.0000530 seconds
219.740: Application time: 0.0395060 seconds
219.740: [GC [PSYoungGen: 7664K->528K(8192K)] 9695K->2559K(26112K), 0.0004650 secs] [Times: user=0.00 sys=0.00, real=0.00 secs] 
219.741: Total time for which application threads were stopped: 0.0005710 seconds, Stopping threads took: 0.0000500 seconds
219.780: Application time: 0.0394980 seconds
219.781: [GC [PSYoungGen: 7696K->512K(8192K)] 9727K->2543K(26112K), 0.0004090 secs] [Times: user=0.00 sys=0.00, real=0.00 secs] 
219.781: Total time for which application threads were stopped: 0.0005080 seconds, Stopping threads took: 0.0000410 seconds
219.820: Application time: 0.0393710 seconds
219.820: [GC [PSYoungGen: 7680K->496K(8192K)] 9711K->2527K(26112K), 0.0004050 secs] [Times: user=0.00 sys=0.00, real=0.00 secs] 
219.821: Total time for which application threads were stopped: 0.0005060 seconds, Stopping threads took: 0.0000430 seconds
219.860: Application time: 0.0391780 seconds
219.860: [GC [PSYoungGen: 7664K->528K(8192K)] 9695K->2559K(26112K), 0.0004060 secs] [Times: user=0.00 sys=0.00, real=0.00 secs] 
219.861: Total time for which application threads were stopped: 0.0005180 seconds, Stopping threads took: 0.0000490 seconds
219.900: Application time: 0.0396900 seconds
219.900: [GC [PSYoungGen: 7696K->496K(8192K)] 9727K->2527K(26112K), 0.0004850 secs] [Times: user=0.00 sys=0.00, real=0.00 secs] 
219.901: Total time for which application threads were stopped: 0.0006410 seconds, Stopping threads took: 0.0000750 seconds
219.941: Application time: 0.0396170 seconds
219.941: [GC [PSYoungGen: 7664K->512K(8192K)] 9695K->2543K(26112K), 0.0004900 secs] [Times: user=0.01 sys=0.00, real=0.01 secs] 
219.941: Total time for which application threads were stopped: 0.0005940 seconds, Stopping threads took: 0.0000450 seconds
219.980: Application time: 0.0392700 seconds
219.980: [GC [PSYoungGen: 7680K->512K(8192K)] 9711K->2543K(26112K), 0.0004040 secs] [Times: user=0.00 sys=0.00, real=0.00 secs] 
219.981: Total time for which application threads were stopped: 0.0005050 seconds, Stopping threads took: 0.0000430 seconds
220.020: Application time: 0.0390850 seconds
220.020: [GC [PSYoungGen: 7680K->528K(8192K)] 9711K->2559K(26112K), 0.0004080 secs] [Times: user=0.01 sys=0.00, real=0.00 secs] 
220.020: Total time for which application threads were stopped: 0.0005100 seconds, Stopping threads took: 0.0000430 seconds
220.060: Application time: 0.0394610 seconds
220.060: [GC [PSYoungGen: 7696K->336K(8192K)] 9727K->2523K(26112K), 0.0004100 secs] [Times: user=0.00 sys=0.00, real=0.00 secs] 
220.060: Total time for which application threads were stopped: 0.0005170 seconds, Stopping threads took: 0.0000400 seconds
220.100: Application time: 0.0393040 seconds
220.100: [GC [PSYoungGen: 7504K->352K(8192K)] 9691K->2539K(26112K), 0.0003610 secs] [Times: user=0.00 sys=0.00, real=0.00 secs] 
220.100: Total time for which application threads were stopped: 0.0004680 seconds, Stopping threads took: 0.0000490 seconds
220.140: Application time: 0.0397770 seconds
220.140: [GC [PSYoungGen: 7520K->320K(8192K)] 9707K->2507K(26112K), 0.0004480 secs] [Times: user=0.00 sys=0.00, real=0.00 secs] 
220.141: Total time for which application threads were stopped: 0.0005450 seconds, Stopping threads took: 0.0000410 seconds
220.180: Application time: 0.0393240 seconds
220.180: [GC [PSYoungGen: 7488K->320K(8192K)] 9675K->2563K(26112K), 0.0003680 secs] [Times: user=0.00 sys=0.00, real=0.00 secs] 
220.180: Total time for which application threads were stopped: 0.0004750 seconds, Stopping threads took: 0.0000480 seconds
220.218: Application time: 0.0377310 seconds
220.218: [GC [PSYoungGen: 7488K->368K(8192K)] 9731K->2691K(26112K), 0.0004190 secs] [Times: user=0.01 sys=0.00, real=0.00 secs] 
220.219: Total time for which application threads were stopped: 0.0005170 seconds, Stopping threads took: 0.0000390 seconds
220.258: Application time: 0.0390940 seconds
220.258: [GC [PSYoungGen: 7536K->368K(8192K)] 9859K->2739K(26112K), 0.0003780 secs] [Times: user=0.00 sys=0.00, real=0.00 secs] 
220.258: Total time for which application threads were stopped: 0.0004850 seconds, Stopping threads took: 0.0000440 seconds
220.298: Application time: 0.0393000 seconds
220.298: [GC [PSYoungGen: 7536K->384K(8192K)] 9907K->2755K(26112K), 0.0004270 secs] [Times: user=0.00 sys=0.00, real=0.00 secs] 
220.298: Total time for which application threads were stopped: 0.0005200 seconds, Stopping threads took: 0.0000340 seconds
220.338: Application time: 0.0394750 seconds
220.338: [GC [PSYoungGen: 7552K->384K(8192K)] 9923K->2755K(26112K), 0.0003670 secs] [Times: user=0.00 sys=0.00, real=0.00 secs] 
220.338: Total time for which application threads were stopped: 0.0004670 seconds, Stopping threads took: 0.0000390 seconds
220.377: Application time: 0.0385780 seconds
220.377: [GC [PSYoungGen: 7552K->384K(8192K)] 9923K->2755K(26112K), 0.0004210 secs] [Times: user=0.00 sys=0.00, real=0.00 secs] 
220.377: Total time for which application threads were stopped: 0.0005190 seconds, Stopping threads took: 0.0000370 seconds
220.415: Application time: 0.0382890 seconds
220.415: [GC [PSYoungGen: 7552K->528K(8192K)] 9923K->2899K(26112K), 0.0004180 secs] [Times: user=0.01 sys=0.00, real=0.00 secs] 
220.416: Total time for which application threads were stopped: 0.0005170 seconds, Stopping threads took: 0.0000390 seconds
220.456: Application time: 0.0397170 seconds
220.456: [GC [PSYoungGen: 7696K->528K(8192K)] 10067K->2899K(26112K), 0.0004460 secs] [Times: user=0.01 sys=0.00, real=0.00 secs] 
220.456: Total time for which application threads were stopped: 0.0005480 seconds, Stopping threads took: 0.0000440 seconds
220.495: Application time: 0.0391400 seconds
220.495: [GC [PSYoungGen: 7696K->496K(8192K)] 10067K->2867K(26112K), 0.0004950 secs] [Times: user=0.00 sys=0.00, real=0.00 secs] 
220.496: Total time for which application threads were stopped: 0.0006020 seconds, Stopping threads took: 0.0000490 seconds
220.535: Application time: 0.0395720 seconds
220.536: [GC [PSYoungGen: 7664K->512K(8192K)] 10035K->2883K(26112K), 0.0004140 secs] [Times: user=0.01 sys=0.00, real=0.00 secs] 
220.536: Total time for which application threads were stopped: 0.0005130 seconds, Stopping threads took: 0.0000380 seconds
220.576: Application time: 0.0395330 seconds
220.576: [GC [PSYoungGen: 7680K->496K(8192K)] 10051K->2867K(26112K), 0.0004020 secs] [Times: user=0.00 sys=0.00, real=0.00 secs] 
220.576: Total time for which application threads were stopped: 0.0005140 seconds, Stopping threads took: 0.0000450 seconds
220.615: Application time: 0.0391160 seconds
220.615: [GC [PSYoungGen: 7664K->496K(8192K)] 10035K->2867K(26112K), 0.0004490 secs] [Times: user=0.00 sys=0.00, real=0.00 secs] 
220.616: Total time for which application threads were stopped: 0.0005600 seconds, Stopping threads took: 0.0000500 seconds
220.655: Application time: 0.0394610 seconds
220.655: [GC [PSYoungGen: 7664K->496K(8192K)] 10035K->2867K(26112K), 0.0004550 secs] [Times: user=0.01 sys=0.00, real=0.00 secs] 
220.656: Total time for which application threads were stopped: 0.0005580 seconds, Stopping threads took: 0.0000450 seconds
220.695: Application time: 0.0392570 seconds
220.695: [GC [PSYoungGen: 7664K->512K(8192K)] 10035K->2883K(26112K), 0.0004140 secs] [Times: user=0.00 sys=0.00, real=0.00 secs] 
220.696: Total time for which application threads were stopped: 0.0005190 seconds, Stopping threads took: 0.0000490 seconds
220.735: Application time: 0.0396700 seconds
220.735: [GC [PSYoungGen: 7680K->512K(8192K)] 10051K->2883K(26112K), 0.0004670 secs] [Times: user=0.00 sys=0.00, real=0.00 secs] 
220.736: Total time for which application threads were stopped: 0.0005670 seconds, Stopping threads took: 0.0000400 seconds
220.775: Application time: 0.0394640 seconds
220.775: [GC [PSYoungGen: 7680K->528K(8192K)] 10051K->2899K(26112K), 0.0004580 secs] [Times: user=0.00 sys=0.00, real=0.00 secs] 
220.776: Total time for which application threads were stopped: 0.0005580 seconds, Stopping threads took: 0.0000400 seconds
220.815: Application time: 0.0393310 seconds
220.815: [GC [PSYoungGen: 7696K->384K(8192K)] 10067K->2883K(26112K), 0.0004320 secs] [Times: user=0.00 sys=0.00, real=0.00 secs] 
220.816: Total time for which application threads were stopped: 0.0005320 seconds, Stopping threads took: 0.0000430 seconds
220.855: Application time: 0.0394020 seconds
220.855: [GC [PSYoungGen: 7552K->368K(8192K)] 10051K->2923K(26112K), 0.0004300 secs] [Times: user=0.00 sys=0.00, real=0.00 secs] 
220.857: Total time for which application threads were stopped: 0.0016630 seconds, Stopping threads took: 0.0000540 seconds
220.896: Application time: 0.0394260 seconds
220.896: [GC [PSYoungGen: 7536K->384K(8192K)] 10091K->2939K(26112K), 0.0003960 secs] [Times: user=0.00 sys=0.00, real=0.00 secs] 
220.897: Total time for which application threads were stopped: 0.0005030 seconds, Stopping threads took: 0.0000500 seconds
220.937: Application time: 0.0400740 seconds
220.937: [GC [PSYoungGen: 7552K->336K(8192K)] 10107K->2891K(26112K), 0.0004940 secs] [Times: user=0.00 sys=0.00, real=0.00 secs] 
220.937: Total time for which application threads were stopped: 0.0006090 seconds, Stopping threads took: 0.0000470 seconds
220.977: Application time: 0.0392250 seconds
220.977: [GC [PSYoungGen: 7504K->272K(8192K)] 10059K->2923K(26112K), 0.0004400 secs] [Times: user=0.00 sys=0.00, real=0.00 secs] 
220.977: Total time for which application threads were stopped: 0.0005420 seconds, Stopping threads took: 0.0000460 seconds
221.015: Application time: 0.0380550 seconds
221.015: [GC [PSYoungGen: 7440K->304K(8192K)] 10091K->3044K(26112K), 0.0003990 secs] [Times: user=0.00 sys=0.00, real=0.00 secs] 
221.016: Total time for which application threads were stopped: 0.0005000 seconds, Stopping threads took: 0.0000420 seconds
221.054: Application time: 0.0388450 seconds
221.055: [GC [PSYoungGen: 7472K->368K(8192K)] 10212K->3108K(26112K), 0.0003880 secs] [Times: user=0.00 sys=0.00, real=0.00 secs] 
221.055: Total time for which application threads were stopped: 0.0005000 seconds, Stopping threads took: 0.0000520 seconds
221.094: Application time: 0.0393130 seconds
221.094: [GC [PSYoungGen: 7536K->384K(8192K)] 10276K->3124K(26112K), 0.0004070 secs] [Times: user=0.00 sys=0.00, real=0.00 secs] 
221.095: Total time for which application threads were stopped: 0.0005110 seconds, Stopping threads took: 0.0000410 seconds
221.134: Application time: 0.0396620 seconds
221.135: [GC [PSYoungGen: 7552K->352K(8192K)] 10292K->3092K(26112K), 0.0003880 secs] [Times: user=0.00 sys=0.00, real=0.00 secs] 
221.135: Total time for which application threads were stopped: 0.0004880 seconds, Stopping threads took: 0.0000420 seconds
221.173: Application time: 0.0382740 seconds
221.173: [GC [PSYoungGen: 7520K->448K(8192K)] 10260K->3188K(26112K), 0.0003940 secs] [Times: user=0.00 sys=0.00, real=0.00 secs] 
221.174: Total time for which application threads were stopped: 0.0004960 seconds, Stopping threads took: 0.0000410 seconds
221.212: Application time: 0.0385780 seconds
221.212: [GC [PSYoungGen: 7616K->464K(8192K)] 10356K->3204K(26112K), 0.0005190 secs] [Times: user=0.00 sys=0.00, real=0.00 secs] 
221.213: Total time for which application threads were stopped: 0.0006230 seconds, Stopping threads took: 0.0000420 seconds
221.252: Application time: 0.0394000 seconds
221.252: [GC [PSYoungGen: 7632K->496K(8192K)] 10372K->3236K(26112K), 0.0004580 secs] [Times: user=0.01 sys=0.00, real=0.00 secs] 
221.253: Total time for which application threads were stopped: 0.0005580 seconds, Stopping threads took: 0.0000430 seconds
221.292: Application time: 0.0392960 seconds
221.292: [GC [PSYoungGen: 7664K->496K(8192K)] 10404K->3236K(26112K), 0.0004360 secs] [Times: user=0.00 sys=0.00, real=0.00 secs] 
221.293: Total time for which application threads were stopped: 0.0005470 seconds, Stopping threads took: 0.0000530 seconds
221.332: Application time: 0.0393640 seconds
221.332: [GC [PSYoungGen: 7664K->512K(8192K)] 10404K->3252K(26112K), 0.0004890 secs] [Times: user=0.00 sys=0.00, real=0.00 secs] 
221.333: Total time for which application threads were stopped: 0.0005900 seconds, Stopping threads took: 0.0000430 seconds
221.373: Application time: 0.0398780 seconds
221.373: [GC [PSYoungGen: 7680K->496K(8192K)] 10420K->3236K(26112K), 0.0004040 secs] [Times: user=0.00 sys=0.00, real=0.00 secs] 
221.373: Total time for which application threads were stopped: 0.0005140 seconds, Stopping threads took: 0.0000520 seconds
221.412: Application time: 0.0392920 seconds
221.412: [GC [PSYoungGen: 7664K->448K(8192K)] 10404K->3188K(26112K), 0.0004110 secs] [Times: user=0.00 sys=0.00, real=0.00 secs] 
221.413: Total time for which application threads were stopped: 0.0005170 seconds, Stopping threads took: 0.0000470 seconds
221.452: Application time: 0.0392160 seconds
221.453: [GC [PSYoungGen: 7616K->480K(8192K)] 10356K->3220K(26112K), 0.0004400 secs] [Times: user=0.00 sys=0.00, real=0.00 secs] 
221.454: Total time for which application threads were stopped: 0.0014020 seconds, Stopping threads took: 0.0009000 seconds
221.493: Application time: 0.0393210 seconds
221.493: [GC [PSYoungGen: 7648K->480K(8192K)] 10388K->3220K(26112K), 0.0004150 secs] [Times: user=0.00 sys=0.00, real=0.00 secs] 
221.493: Total time for which application threads were stopped: 0.0005080 seconds, Stopping threads took: 0.0000360 seconds
221.533: Application time: 0.0392740 seconds
221.533: [GC [PSYoungGen: 7648K->480K(8192K)] 10388K->3220K(26112K), 0.0004350 secs] [Times: user=0.00 sys=0.00, real=0.00 secs] 
221.533: Total time for which application threads were stopped: 0.0005440 seconds, Stopping threads took: 0.0000430 seconds
221.572: Application time: 0.0390850 seconds
221.572: [GC [PSYoungGen: 7648K->496K(8192K)] 10388K->3236K(26112K), 0.0004080 secs] [Times: user=0.00 sys=0.00, real=0.00 secs] 
221.573: Total time for which application threads were stopped: 0.0005130 seconds, Stopping threads took: 0.0000460 seconds
221.612: Application time: 0.0391450 seconds
221.612: [GC [PSYoungGen: 7664K->400K(8192K)] 10404K->3268K(26112K), 0.0004130 secs] [Times: user=0.00 sys=0.00, real=0.00 secs] 
221.612: Total time for which application threads were stopped: 0.0005190 seconds, Stopping threads took: 0.0000390 seconds
221.652: Application time: 0.0399820 seconds
221.653: [GC [PSYoungGen: 7568K->352K(8192K)] 10436K->3276K(26112K), 0.0004220 secs] [Times: user=0.00 sys=0.00, real=0.00 secs] 
221.653: Total time for which application threads were stopped: 0.0005300 seconds, Stopping threads took: 0.0000480 seconds
221.692: Application time: 0.0392590 seconds
221.692: [GC [PSYoungGen: 7520K->368K(8192K)] 10444K->3292K(26112K), 0.0004120 secs] [Times: user=0.01 sys=0.00, real=0.00 secs] 
221.693: Total time for which application threads were stopped: 0.0005130 seconds, Stopping threads took: 0.0000440 seconds
221.732: Application time: 0.0394620 seconds
221.732: [GC [PSYoungGen: 7536K->352K(8192K)] 10460K->3276K(26112K), 0.0003640 secs] [Times: user=0.00 sys=0.00, real=0.00 secs] 
221.733: Total time for which application threads were stopped: 0.0004570 seconds, Stopping threads took: 0.0000360 seconds
221.772: Application time: 0.0391630 seconds
221.772: [GC [PSYoungGen: 7520K->336K(8192K)] 10444K->3340K(26112K), 0.0004320 secs] [Times: user=0.00 sys=0.00, real=0.00 secs] 
221.772: Total time for which application threads were stopped: 0.0005260 seconds, Stopping threads took: 0.0000350 seconds
221.811: Application time: 0.0382050 seconds
221.811: [GC [PSYoungGen: 7504K->352K(8192K)] 10508K->3436K(26112K), 0.0003840 secs] [Times: user=0.00 sys=0.00, real=0.00 secs] 
221.811: Total time for which application threads were stopped: 0.0004900 seconds, Stopping threads took: 0.0000470 seconds
221.850: Application time: 0.0391600 seconds
221.850: [GC [PSYoungGen: 7520K->368K(8192K)] 10604K->3452K(26112K), 0.0003860 secs] [Times: user=0.00 sys=0.00, real=0.00 secs] 
221.851: Total time for which application threads were stopped: 0.0004870 seconds, Stopping threads took: 0.0000410 seconds
221.891: Application time: 0.0400350 seconds
221.891: [GC [PSYoungGen: 7536K->352K(8192K)] 10620K->3436K(26112K), 0.0004170 secs] [Times: user=0.00 sys=0.00, real=0.00 secs] 
221.891: Total time for which application threads were stopped: 0.0005130 seconds, Stopping threads took: 0.0000400 seconds
221.931: Application time: 0.0393050 seconds
221.931: [GC [PSYoungGen: 7520K->384K(8192K)] 10604K->3468K(26112K), 0.0004180 secs] [Times: user=0.00 sys=0.00, real=0.00 secs] 
221.931: Total time for which application threads were stopped: 0.0005410 seconds, Stopping threads took: 0.0000560 seconds
221.969: Application time: 0.0382060 seconds
221.969: [GC [PSYoungGen: 7552K->448K(8192K)] 10636K->3532K(26112K), 0.0003940 secs] [Times: user=0.00 sys=0.00, real=0.00 secs] 
221.970: Total time for which application threads were stopped: 0.0005000 seconds, Stopping threads took: 0.0000430 seconds
222.008: Application time: 0.0386590 seconds
222.009: [GC [PSYoungGen: 7616K->480K(8192K)] 10700K->3564K(26112K), 0.0004130 secs] [Times: user=0.00 sys=0.00, real=0.00 secs] 
222.009: Total time for which application threads were stopped: 0.0005110 seconds, Stopping threads took: 0.0000410 seconds
222.049: Application time: 0.0396860 seconds
222.049: [GC [PSYoungGen: 7648K->496K(8192K)] 10732K->3580K(26112K), 0.0004490 secs] [Times: user=0.00 sys=0.00, real=0.01 secs] 
222.049: Total time for which application threads were stopped: 0.0005480 seconds, Stopping threads took: 0.0000410 seconds
222.089: Application time: 0.0395860 seconds
222.089: [GC [PSYoungGen: 7664K->496K(8192K)] 10748K->3580K(26112K), 0.0004580 secs] [Times: user=0.00 sys=0.00, real=0.01 secs] 
222.089: Total time for which application threads were stopped: 0.0005580 seconds, Stopping threads took: 0.0000420 seconds
222.129: Application time: 0.0393110 seconds
222.129: [GC [PSYoungGen: 7664K->528K(8192K)] 10748K->3612K(26112K), 0.0004170 secs] [Times: user=0.00 sys=0.00, real=0.01 secs] 
222.129: Total time for which application threads were stopped: 0.0005310 seconds, Stopping threads took: 0.0000470 seconds
222.169: Application time: 0.0392900 seconds
222.169: [GC [PSYoungGen: 7696K->496K(8192K)] 10780K->3580K(26112K), 0.0003950 secs] [Times: user=0.00 sys=0.00, real=0.00 secs] 
222.169: Total time for which application threads were stopped: 0.0004930 seconds, Stopping threads took: 0.0000390 seconds
222.208: Application time: 0.0394810 seconds
222.209: [GC [PSYoungGen: 7664K->528K(8192K)] 10748K->3612K(26112K), 0.0004430 secs] [Times: user=0.00 sys=0.00, real=0.01 secs] 
222.209: Total time for which application threads were stopped: 0.0005500 seconds, Stopping threads took: 0.0000480 seconds
222.248: Application time: 0.0394490 seconds
222.249: [GC [PSYoungGen: 7696K->496K(8192K)] 10780K->3580K(26112K), 0.0004420 secs] [Times: user=0.00 sys=0.00, real=0.01 secs] 
222.249: Total time for which application threads were stopped: 0.0005430 seconds, Stopping threads took: 0.0000390 seconds
222.289: Application time: 0.0395280 seconds
222.289: [GC [PSYoungGen: 7664K->496K(8192K)] 10748K->3580K(26112K), 0.0004190 secs] [Times: user=0.00 sys=0.00, real=0.01 secs] 
222.289: Total time for which application threads were stopped: 0.0005180 seconds, Stopping threads took: 0.0000400 seconds
222.328: Application time: 0.0393170 seconds
222.328: [GC [PSYoungGen: 7664K->496K(8192K)] 10748K->3580K(26112K), 0.0004600 secs] [Times: user=0.00 sys=0.00, real=0.00 secs] 
222.329: Total time for which application threads were stopped: 0.0005600 seconds, Stopping threads took: 0.0000400 seconds
222.368: Application time: 0.0391430 seconds
222.368: [GC [PSYoungGen: 7664K->480K(8192K)] 10748K->3612K(26112K), 0.0004250 secs] [Times: user=0.00 sys=0.00, real=0.00 secs] 
222.369: Total time for which application threads were stopped: 0.0005300 seconds, Stopping threads took: 0.0000450 seconds
222.408: Application time: 0.0392140 seconds
222.408: [GC [PSYoungGen: 7648K->400K(8192K)] 10780K->3620K(26112K), 0.0004060 secs] [Times: user=0.00 sys=0.00, real=0.00 secs] 
222.408: Total time for which application threads were stopped: 0.0005020 seconds, Stopping threads took: 0.0000370 seconds
222.448: Application time: 0.0394560 seconds
222.448: [GC [PSYoungGen: 7568K->368K(8192K)] 10788K->3636K(26112K), 0.0004270 secs] [Times: user=0.00 sys=0.00, real=0.00 secs] 
222.448: Total time for which application threads were stopped: 0.0005290 seconds, Stopping threads took: 0.0000450 seconds
222.488: Application time: 0.0394160 seconds
222.488: [GC [PSYoungGen: 7536K->384K(8192K)] 10804K->3652K(26112K), 0.0004160 secs] [Times: user=0.00 sys=0.00, real=0.00 secs] 
222.488: Total time for which application threads were stopped: 0.0005120 seconds, Stopping threads took: 0.0000390 seconds
222.528: Application time: 0.0392930 seconds
222.528: [GC [PSYoungGen: 7552K->352K(8192K)] 10820K->3620K(26112K), 0.0003930 secs] [Times: user=0.00 sys=0.00, real=0.00 secs] 
222.528: Total time for which application threads were stopped: 0.0004950 seconds, Stopping threads took: 0.0000460 seconds
222.566: Application time: 0.0382100 seconds
222.566: [GC [PSYoungGen: 7520K->368K(8192K)] 10788K->3748K(26112K), 0.0004510 secs] [Times: user=0.00 sys=0.00, real=0.00 secs] 
222.567: Total time for which application threads were stopped: 0.0005520 seconds, Stopping threads took: 0.0000410 seconds
222.606: Application time: 0.0389270 seconds
222.606: [GC [PSYoungGen: 7536K->368K(8192K)] 10916K->3804K(26112K), 0.0003930 secs] [Times: user=0.00 sys=0.00, real=0.00 secs] 
222.606: Total time for which application threads were stopped: 0.0004960 seconds, Stopping threads took: 0.0000420 seconds
222.646: Application time: 0.0398350 seconds
222.646: [GC [PSYoungGen: 7536K->336K(8192K)] 10972K->3772K(26112K), 0.0004010 secs] [Times: user=0.01 sys=0.00, real=0.00 secs] 
222.647: Total time for which application threads were stopped: 0.0005190 seconds, Stopping threads took: 0.0000560 seconds
222.686: Application time: 0.0397310 seconds
222.686: [GC [PSYoungGen: 7504K->352K(8192K)] 10940K->3788K(26112K), 0.0004030 secs] [Times: user=0.00 sys=0.00, real=0.00 secs] 
222.687: Total time for which application threads were stopped: 0.0005090 seconds, Stopping threads took: 0.0000480 seconds
222.725: Application time: 0.0383160 seconds
222.725: [GC [PSYoungGen: 7520K->400K(8192K)] 10956K->3836K(26112K), 0.0004470 secs] [Times: user=0.00 sys=0.00, real=0.00 secs] 
222.726: Total time for which application threads were stopped: 0.0005520 seconds, Stopping threads took: 0.0000460 seconds
222.764: Application time: 0.0383460 seconds
222.764: [GC [PSYoungGen: 7568K->480K(8192K)] 11004K->3916K(26112K), 0.0004200 secs] [Times: user=0.00 sys=0.00, real=0.00 secs] 
222.765: Total time for which application threads were stopped: 0.0005230 seconds, Stopping threads took: 0.0000410 seconds
222.804: Application time: 0.0392900 seconds
222.804: [GC [PSYoungGen: 7648K->480K(8192K)] 11084K->3916K(26112K), 0.0004540 secs] [Times: user=0.01 sys=0.00, real=0.00 secs] 
222.804: Total time for which application threads were stopped: 0.0005510 seconds, Stopping threads took: 0.0000380 seconds
222.844: Application time: 0.0394190 seconds
222.844: [GC [PSYoungGen: 7648K->512K(8192K)] 11084K->3948K(26112K), 0.0004780 secs] [Times: user=0.00 sys=0.00, real=0.00 secs] 
222.844: Total time for which application threads were stopped: 0.0005840 seconds, Stopping threads took: 0.0000470 seconds
222.884: Application time: 0.0395160 seconds
222.884: [GC [PSYoungGen: 7680K->464K(8192K)] 11116K->3900K(26112K), 0.0004150 secs] [Times: user=0.01 sys=0.00, real=0.00 secs] 
222.884: Total time for which application threads were stopped: 0.0005080 seconds, Stopping threads took: 0.0000360 seconds
222.924: Application time: 0.0394000 seconds
222.924: [GC [PSYoungGen: 7632K->528K(8192K)] 11068K->3964K(26112K), 0.0004870 secs] [Times: user=0.00 sys=0.00, real=0.00 secs] 
222.924: Total time for which application threads were stopped: 0.0006070 seconds, Stopping threads took: 0.0000520 seconds
222.964: Application time: 0.0392590 seconds
222.964: [GC [PSYoungGen: 7696K->464K(8192K)] 11132K->3900K(26112K), 0.0004010 secs] [Times: user=0.00 sys=0.00, real=0.00 secs] 
222.964: Total time for which application threads were stopped: 0.0005250 seconds, Stopping threads took: 0.0000660 seconds
223.003: Application time: 0.0392300 seconds
223.004: [GC [PSYoungGen: 7632K->480K(8192K)] 11068K->3916K(26112K), 0.0004140 secs] [Times: user=0.00 sys=0.00, real=0.00 secs] 
223.004: Total time for which application threads were stopped: 0.0005110 seconds, Stopping threads took: 0.0000400 seconds
223.044: Application time: 0.0396890 seconds
223.044: [GC [PSYoungGen: 7648K->480K(8192K)] 11084K->3916K(26112K), 0.0004290 secs] [Times: user=0.00 sys=0.00, real=0.00 secs] 
223.044: Total time for which application threads were stopped: 0.0005260 seconds, Stopping threads took: 0.0000420 seconds
223.084: Application time: 0.0394750 seconds
223.084: [GC [PSYoungGen: 7648K->544K(8192K)] 11084K->3980K(26112K), 0.0004920 secs] [Times: user=0.00 sys=0.00, real=0.00 secs] 
223.084: Total time for which application threads were stopped: 0.0005880 seconds, Stopping threads took: 0.0000400 seconds
223.124: Application time: 0.0392140 seconds
223.124: [GC [PSYoungGen: 7712K->464K(8192K)] 11148K->3900K(26112K), 0.0004070 secs] [Times: user=0.00 sys=0.00, real=0.00 secs] 
223.124: Total time for which application threads were stopped: 0.0005130 seconds, Stopping threads took: 0.0000500 seconds
223.163: Application time: 0.0390390 seconds
223.163: [GC [PSYoungGen: 7632K->384K(8192K)] 11068K->3940K(26112K), 0.0004300 secs] [Times: user=0.00 sys=0.00, real=0.00 secs] 
223.164: Total time for which application threads were stopped: 0.0005480 seconds, Stopping threads took: 0.0000460 seconds
223.203: Application time: 0.0396980 seconds
223.203: [GC [PSYoungGen: 7552K->352K(8192K)] 11108K->3956K(26112K), 0.0003810 secs] [Times: user=0.00 sys=0.00, real=0.00 secs] 
223.204: Total time for which application threads were stopped: 0.0004840 seconds, Stopping threads took: 0.0000470 seconds
223.243: Application time: 0.0392250 seconds
223.243: [GC [PSYoungGen: 7520K->304K(8192K)] 11124K->3908K(26112K), 0.0004180 secs] [Times: user=0.00 sys=0.00, real=0.00 secs] 
223.244: Total time for which application threads were stopped: 0.0005210 seconds, Stopping threads took: 0.0000470 seconds
223.283: Application time: 0.0392400 seconds
223.283: [GC [PSYoungGen: 7472K->352K(8192K)] 11076K->3956K(26112K), 0.0003760 secs] [Times: user=0.00 sys=0.00, real=0.00 secs] 
223.283: Total time for which application threads were stopped: 0.0004760 seconds, Stopping threads took: 0.0000420 seconds
223.322: Application time: 0.0391940 seconds
223.323: [GC [PSYoungGen: 7520K->288K(8192K)] 11124K->3988K(26112K), 0.0004250 secs] [Times: user=0.00 sys=0.00, real=0.00 secs] 
223.323: Total time for which application threads were stopped: 0.0005220 seconds, Stopping threads took: 0.0000380 seconds
223.361: Application time: 0.0380020 seconds
223.361: [GC [PSYoungGen: 7456K->304K(8192K)] 11156K->4092K(26112K), 0.0004300 secs] [Times: user=0.00 sys=0.00, real=0.00 secs] 
223.362: Total time for which application threads were stopped: 0.0005370 seconds, Stopping threads took: 0.0000470 seconds
223.401: Application time: 0.0389950 seconds
223.401: [GC [PSYoungGen: 7472K->320K(8192K)] 11260K->4108K(26112K), 0.0004200 secs] [Times: user=0.00 sys=0.00, real=0.01 secs] 
223.401: Total time for which application threads were stopped: 0.0005170 seconds, Stopping threads took: 0.0000390 seconds
223.440: Application time: 0.0394430 seconds
223.441: [GC [PSYoungGen: 7488K->368K(8192K)] 11276K->4156K(26112K), 0.0004200 secs] [Times: user=0.00 sys=0.00, real=0.00 secs] 
223.441: Total time for which application threads were stopped: 0.0005170 seconds, Stopping threads took: 0.0000390 seconds
223.480: Application time: 0.0394180 seconds
223.480: [GC [PSYoungGen: 7536K->320K(8192K)] 11324K->4108K(26112K), 0.0004050 secs] [Times: user=0.00 sys=0.00, real=0.00 secs] 
223.481: Total time for which application threads were stopped: 0.0005040 seconds, Stopping threads took: 0.0000390 seconds
223.519: Application time: 0.0382530 seconds
223.519: [GC [PSYoungGen: 7488K->432K(8192K)] 11276K->4220K(26112K), 0.0004530 secs] [Times: user=0.00 sys=0.00, real=0.00 secs] 
223.520: Total time for which application threads were stopped: 0.0005580 seconds, Stopping threads took: 0.0000430 seconds
223.558: Application time: 0.0383930 seconds
223.558: [GC [PSYoungGen: 7600K->512K(8192K)] 11388K->4300K(26112K), 0.0004550 secs] [Times: user=0.00 sys=0.00, real=0.00 secs] 
223.559: Total time for which application threads were stopped: 0.0005630 seconds, Stopping threads took: 0.0000500 seconds
223.598: Application time: 0.0393320 seconds
223.598: [GC [PSYoungGen: 7680K->496K(8192K)] 11468K->4284K(26112K), 0.0004170 secs] [Times: user=0.00 sys=0.00, real=0.00 secs] 
223.599: Total time for which application threads were stopped: 0.0005210 seconds, Stopping threads took: 0.0000450 seconds
223.638: Application time: 0.0393150 seconds
223.638: [GC [PSYoungGen: 7664K->512K(8192K)] 11452K->4300K(26112K), 0.0004680 secs] [Times: user=0.00 sys=0.00, real=0.00 secs] 
223.638: Total time for which application threads were stopped: 0.0005680 seconds, Stopping threads took: 0.0000420 seconds
223.678: Application time: 0.0393990 seconds
223.678: [GC [PSYoungGen: 7680K->512K(8192K)] 11468K->4300K(26112K), 0.0004360 secs] [Times: user=0.01 sys=0.00, real=0.00 secs] 
223.678: Total time for which application threads were stopped: 0.0005390 seconds, Stopping threads took: 0.0000380 seconds
223.718: Application time: 0.0395740 seconds
223.718: [GC [PSYoungGen: 7680K->512K(8192K)] 11468K->4300K(26112K), 0.0005060 secs] [Times: user=0.01 sys=0.00, real=0.00 secs] 
223.719: Total time for which application threads were stopped: 0.0006100 seconds, Stopping threads took: 0.0000450 seconds
223.758: Application time: 0.0391920 seconds
223.758: [GC [PSYoungGen: 7680K->512K(8192K)] 11468K->4300K(26112K), 0.0004150 secs] [Times: user=0.00 sys=0.00, real=0.00 secs] 
223.758: Total time for which application threads were stopped: 0.0005240 seconds, Stopping threads took: 0.0000500 seconds
223.798: Application time: 0.0394010 seconds
223.798: [GC [PSYoungGen: 7680K->560K(8192K)] 11468K->4348K(26112K), 0.0004090 secs] [Times: user=0.01 sys=0.00, real=0.00 secs] 
223.798: Total time for which application threads were stopped: 0.0005070 seconds, Stopping threads took: 0.0000390 seconds
223.838: Application time: 0.0397340 seconds
223.838: [GC [PSYoungGen: 7728K->512K(8192K)] 11516K->4300K(26112K), 0.0004500 secs] [Times: user=0.00 sys=0.00, real=0.00 secs] 
223.838: Total time for which application threads were stopped: 0.0005480 seconds, Stopping threads took: 0.0000390 seconds
223.878: Application time: 0.0392630 seconds
223.878: [GC [PSYoungGen: 7680K->448K(8192K)] 11468K->4236K(26112K), 0.0004070 secs] [Times: user=0.01 sys=0.00, real=0.00 secs] 
223.878: Total time for which application threads were stopped: 0.0005190 seconds, Stopping threads took: 0.0000530 seconds
223.918: Application time: 0.0393180 seconds
223.918: [GC [PSYoungGen: 7616K->512K(8192K)] 11404K->4300K(26112K), 0.0004790 secs] [Times: user=0.00 sys=0.00, real=0.00 secs] 
223.918: Total time for which application threads were stopped: 0.0006000 seconds, Stopping threads took: 0.0000500 seconds
223.958: Application time: 0.0393710 seconds
223.958: [GC [PSYoungGen: 7680K->384K(8192K)] 11468K->4300K(26112K), 0.0004080 secs] [Times: user=0.00 sys=0.00, real=0.00 secs] 
223.958: Total time for which application threads were stopped: 0.0005180 seconds, Stopping threads took: 0.0000530 seconds
223.998: Application time: 0.0395840 seconds
223.998: [GC [PSYoungGen: 7552K->352K(8192K)] 11468K->4324K(26112K), 0.0003950 secs] [Times: user=0.00 sys=0.00, real=0.00 secs] 
223.998: Total time for which application threads were stopped: 0.0004900 seconds, Stopping threads took: 0.0000370 seconds
224.038: Application time: 0.0394430 seconds
224.038: [GC [PSYoungGen: 7520K->384K(8192K)] 11492K->4356K(26112K), 0.0004150 secs] [Times: user=0.00 sys=0.00, real=0.00 secs] 
224.038: Total time for which application threads were stopped: 0.0005150 seconds, Stopping threads took: 0.0000430 seconds
224.077: Application time: 0.0393280 seconds
224.078: [GC [PSYoungGen: 7552K->368K(8192K)] 11524K->4340K(26112K), 0.0003690 secs] [Times: user=0.00 sys=0.00, real=0.00 secs] 
224.078: Total time for which application threads were stopped: 0.0004710 seconds, Stopping threads took: 0.0000430 seconds
224.117: Application time: 0.0393120 seconds
224.117: [GC [PSYoungGen: 7536K->288K(8192K)] 11508K->4348K(26112K), 0.0004490 secs] [Times: user=0.00 sys=0.00, real=0.00 secs] 
224.118: Total time for which application threads were stopped: 0.0005540 seconds, Stopping threads took: 0.0000460 seconds
224.156: Application time: 0.0377280 seconds
224.156: [GC [PSYoungGen: 7456K->320K(8192K)] 11516K->4461K(26112K), 0.0004240 secs] [Times: user=0.00 sys=0.00, real=0.00 secs] 
224.156: Total time for which application threads were stopped: 0.0005280 seconds, Stopping threads took: 0.0000410 seconds
224.195: Application time: 0.0390850 seconds
224.195: [GC [PSYoungGen: 7488K->368K(8192K)] 11629K->4509K(26112K), 0.0004490 secs] [Times: user=0.00 sys=0.00, real=0.00 secs] 
224.196: Total time for which application threads were stopped: 0.0005570 seconds, Stopping threads took: 0.0000390 seconds
224.235: Application time: 0.0397640 seconds
224.236: [GC [PSYoungGen: 7536K->400K(8192K)] 11677K->4541K(26112K), 0.0003690 secs] [Times: user=0.00 sys=0.00, real=0.00 secs] 
224.236: Total time for which application threads were stopped: 0.0004700 seconds, Stopping threads took: 0.0000420 seconds
224.275: Application time: 0.0395010 seconds
224.276: [GC [PSYoungGen: 7568K->352K(8192K)] 11709K->4493K(26112K), 0.0003970 secs] [Times: user=0.00 sys=0.00, real=0.00 secs] 
224.276: Total time for which application threads were stopped: 0.0005050 seconds, Stopping threads took: 0.0000490 seconds
224.314: Application time: 0.0378250 seconds
224.314: [GC [PSYoungGen: 7520K->432K(8192K)] 11661K->4573K(26112K), 0.0004010 secs] [Times: user=0.00 sys=0.00, real=0.00 secs] 
224.314: Total time for which application threads were stopped: 0.0005100 seconds, Stopping threads took: 0.0000500 seconds
224.353: Application time: 0.0389580 seconds
224.353: [GC [PSYoungGen: 7600K->480K(8192K)] 11741K->4621K(26112K), 0.0004020 secs] [Times: user=0.00 sys=0.00, real=0.00 secs] 
224.354: Total time for which application threads were stopped: 0.0005050 seconds, Stopping threads took: 0.0000460 seconds
224.394: Application time: 0.0398190 seconds
224.394: [GC [PSYoungGen: 7648K->544K(8192K)] 11789K->4685K(26112K), 0.0004500 secs] [Times: user=0.00 sys=0.00, real=0.00 secs] 
224.394: Total time for which application threads were stopped: 0.0005570 seconds, Stopping threads took: 0.0000490 seconds
224.434: Application time: 0.0394260 seconds
224.434: [GC [PSYoungGen: 7712K->512K(8192K)] 11853K->4653K(26112K), 0.0004700 secs] [Times: user=0.00 sys=0.00, real=0.00 secs] 
224.434: Total time for which application threads were stopped: 0.0005680 seconds, Stopping threads took: 0.0000390 seconds
224.474: Application time: 0.0394490 seconds
224.474: [GC [PSYoungGen: 7680K->496K(8192K)] 11821K->4637K(26112K), 0.0004150 secs] [Times: user=0.00 sys=0.00, real=0.00 secs] 
224.474: Total time for which application threads were stopped: 0.0005130 seconds, Stopping threads took: 0.0000400 seconds
224.513: Application time: 0.0391720 seconds
224.513: [GC [PSYoungGen: 7664K->464K(8192K)] 11805K->4605K(26112K), 0.0003970 secs] [Times: user=0.00 sys=0.00, real=0.00 secs] 
224.514: Total time for which application threads were stopped: 0.0005020 seconds, Stopping threads took: 0.0000480 seconds
224.553: Application time: 0.0392740 seconds
224.553: [GC [PSYoungGen: 7632K->464K(8192K)] 11773K->4605K(26112K), 0.0004490 secs] [Times: user=0.00 sys=0.00, real=0.00 secs] 
224.554: Total time for which application threads were stopped: 0.0005530 seconds, Stopping threads took: 0.0000440 seconds
224.593: Application time: 0.0392960 seconds
224.593: [GC [PSYoungGen: 7632K->512K(8192K)] 11773K->4653K(26112K), 0.0004030 secs] [Times: user=0.00 sys=0.00, real=0.00 secs] 
224.593: Total time for which application threads were stopped: 0.0005020 seconds, Stopping threads took: 0.0000390 seconds
224.633: Application time: 0.0393760 seconds
224.633: [GC [PSYoungGen: 7680K->544K(8192K)] 11821K->4685K(26112K), 0.0004070 secs] [Times: user=0.01 sys=0.00, real=0.00 secs] 
224.633: Total time for which application threads were stopped: 0.0005150 seconds, Stopping threads took: 0.0000490 seconds
224.673: Application time: 0.0395410 seconds
224.673: [GC [PSYoungGen: 7712K->496K(8192K)] 11853K->4637K(26112K), 0.0004240 secs] [Times: user=0.00 sys=0.00, real=0.00 secs] 
224.673: Total time for which application threads were stopped: 0.0005300 seconds, Stopping threads took: 0.0000440 seconds
224.713: Application time: 0.0392740 seconds
224.713: [GC [PSYoungGen: 7664K->512K(8192K)] 11805K->4653K(26112K), 0.0004070 secs] [Times: user=0.00 sys=0.00, real=0.00 secs] 
224.713: Total time for which application threads were stopped: 0.0005240 seconds, Stopping threads took: 0.0000450 seconds
224.753: Application time: 0.0397570 seconds
224.753: [GC [PSYoungGen: 7680K->384K(8192K)] 11821K->4645K(26112K), 0.0004330 secs] [Times: user=0.00 sys=0.00, real=0.00 secs] 
224.753: Total time for which application threads were stopped: 0.0005300 seconds, Stopping threads took: 0.0000380 seconds
224.793: Application time: 0.0392460 seconds
224.793: [GC [PSYoungGen: 7552K->384K(8192K)] 11813K->4693K(26112K), 0.0004440 secs] [Times: user=0.00 sys=0.00, real=0.00 secs] 
224.793: Total time for which application threads were stopped: 0.0005510 seconds, Stopping threads took: 0.0000420 seconds
224.832: Application time: 0.0391720 seconds
224.832: [GC [PSYoungGen: 7552K->352K(8192K)] 11861K->4661K(26112K), 0.0004120 secs] [Times: user=0.00 sys=0.00, real=0.00 secs] 
224.833: Total time for which application threads were stopped: 0.0005110 seconds, Stopping threads took: 0.0000420 seconds
224.873: Application time: 0.0396510 seconds
224.873: [GC [PSYoungGen: 7520K->352K(8192K)] 11829K->4661K(26112K), 0.0004140 secs] [Times: user=0.00 sys=0.00, real=0.00 secs] 
224.873: Total time for which application threads were stopped: 0.0005190 seconds, Stopping threads took: 0.0000470 seconds
224.911: Application time: 0.0382590 seconds
224.911: [GC [PSYoungGen: 7520K->400K(8192K)] 11829K->4829K(26112K), 0.0004360 secs] [Times: user=0.00 sys=0.00, real=0.00 secs] 
224.912: Total time for which application threads were stopped: 0.0005600 seconds, Stopping threads took: 0.0000530 seconds
224.951: Application time: 0.0387390 seconds
224.951: [GC [PSYoungGen: 7568K->400K(8192K)] 11997K->4877K(26112K), 0.0003950 secs] [Times: user=0.00 sys=0.00, real=0.00 secs] 
224.951: Total time for which application threads were stopped: 0.0004930 seconds, Stopping threads took: 0.0000410 seconds
224.991: Application time: 0.0398780 seconds
224.991: [GC [PSYoungGen: 7568K->352K(8192K)] 12045K->4829K(26112K), 0.0003890 secs] [Times: user=0.00 sys=0.00, real=0.00 secs] 
224.992: Total time for which application threads were stopped: 0.0004910 seconds, Stopping threads took: 0.0000490 seconds
225.031: Application time: 0.0393670 seconds
225.031: [GC [PSYoungGen: 7520K->352K(8192K)] 11997K->4829K(26112K), 0.0003810 secs] [Times: user=0.00 sys=0.00, real=0.00 secs] 
225.031: Total time for which application threads were stopped: 0.0004890 seconds, Stopping threads took: 0.0000520 seconds
225.070: Application time: 0.0386950 seconds
225.070: [GC [PSYoungGen: 7520K->384K(8192K)] 11997K->4861K(26112K), 0.0005040 secs] [Times: user=0.00 sys=0.00, real=0.00 secs] 
225.071: Total time for which application threads were stopped: 0.0006000 seconds, Stopping threads took: 0.0000370 seconds
225.109: Application time: 0.0381150 seconds
225.109: [GC [PSYoungGen: 7552K->496K(8192K)] 12029K->4973K(26112K), 0.0004430 secs] [Times: user=0.00 sys=0.00, real=0.01 secs] 
225.109: Total time for which application threads were stopped: 0.0005450 seconds, Stopping threads took: 0.0000390 seconds
225.149: Application time: 0.0393170 seconds
225.153: [GC [PSYoungGen: 7664K->512K(8192K)] 12141K->4989K(26112K), 0.0004710 secs] [Times: user=0.00 sys=0.00, real=0.00 secs] 
225.154: Total time for which application threads were stopped: 0.0049180 seconds, Stopping threads took: 0.0043910 seconds
225.193: Application time: 0.0398270 seconds
225.193: [GC [PSYoungGen: 7680K->496K(8192K)] 12157K->4973K(26112K), 0.0004450 secs] [Times: user=0.00 sys=0.00, real=0.00 secs] 
225.194: Total time for which application threads were stopped: 0.0005370 seconds, Stopping threads took: 0.0000350 seconds
225.233: Application time: 0.0393200 seconds
225.233: [GC [PSYoungGen: 7664K->512K(8192K)] 12141K->4989K(26112K), 0.0004640 secs] [Times: user=0.00 sys=0.00, real=0.00 secs] 
225.234: Total time for which application threads were stopped: 0.0005760 seconds, Stopping threads took: 0.0000420 seconds
225.273: Application time: 0.0393960 seconds
225.273: [GC [PSYoungGen: 7680K->528K(8192K)] 12157K->5005K(26112K), 0.0004380 secs] [Times: user=0.00 sys=0.00, real=0.00 secs] 
225.274: Total time for which application threads were stopped: 0.0005360 seconds, Stopping threads took: 0.0000380 seconds
225.313: Application time: 0.0391190 seconds
225.313: [GC [PSYoungGen: 7696K->528K(8192K)] 12173K->5005K(26112K), 0.0004170 secs] [Times: user=0.00 sys=0.00, real=0.00 secs] 
225.313: Total time for which application threads were stopped: 0.0005200 seconds, Stopping threads took: 0.0000410 seconds
225.353: Application time: 0.0395600 seconds
225.353: [GC [PSYoungGen: 7696K->480K(8192K)] 12173K->4957K(26112K), 0.0004060 secs] [Times: user=0.00 sys=0.00, real=0.00 secs] 
225.353: Total time for which application threads were stopped: 0.0005170 seconds, Stopping threads took: 0.0000450 seconds
225.393: Application time: 0.0395730 seconds
225.393: [GC [PSYoungGen: 7648K->528K(8192K)] 12125K->5005K(26112K), 0.0004130 secs] [Times: user=0.00 sys=0.00, real=0.00 secs] 
225.394: Total time for which application threads were stopped: 0.0005160 seconds, Stopping threads took: 0.0000460 seconds
225.433: Application time: 0.0394850 seconds
225.433: [GC [PSYoungGen: 7696K->528K(8192K)] 12173K->5005K(26112K), 0.0004230 secs] [Times: user=0.00 sys=0.00, real=0.00 secs] 
225.434: Total time for which application threads were stopped: 0.0005220 seconds, Stopping threads took: 0.0000390 seconds
225.473: Application time: 0.0392680 seconds
225.473: [GC [PSYoungGen: 7696K->512K(8192K)] 12173K->4989K(26112K), 0.0004190 secs] [Times: user=0.01 sys=0.00, real=0.00 secs] 
225.473: Total time for which application threads were stopped: 0.0005270 seconds, Stopping threads took: 0.0000470 seconds
225.513: Application time: 0.0391890 seconds
225.513: [GC [PSYoungGen: 7680K->400K(8192K)] 12157K->4997K(26112K), 0.0004650 secs] [Times: user=0.00 sys=0.00, real=0.00 secs] 
225.513: Total time for which application threads were stopped: 0.0005590 seconds, Stopping threads took: 0.0000360 seconds
225.553: Application time: 0.0395650 seconds
225.553: [GC [PSYoungGen: 7568K->384K(8192K)] 12165K->5029K(26112K), 0.0003840 secs] [Times: user=0.00 sys=0.00, real=0.00 secs] 
225.553: Total time for which application threads were stopped: 0.0004970 seconds, Stopping threads took: 0.0000540 seconds
225.592: Application time: 0.0391630 seconds
225.592: [GC [PSYoungGen: 7552K->352K(8192K)] 12197K->4997K(26112K), 0.0004230 secs] [Times: user=0.00 sys=0.00, real=0.00 secs] 
225.593: Total time for which application threads were stopped: 0.0005190 seconds, Stopping threads took: 0.0000380 seconds
225.633: Application time: 0.0396450 seconds
225.633: [GC [PSYoungGen: 7520K->368K(8192K)] 12165K->5013K(26112K), 0.0004190 secs] [Times: user=0.00 sys=0.00, real=0.00 secs] 
225.633: Total time for which application threads were stopped: 0.0005140 seconds, Stopping threads took: 0.0000380 seconds
225.672: Application time: 0.0393330 seconds
225.672: [GC [PSYoungGen: 7536K->304K(8192K)] 12181K->5005K(26112K), 0.0004230 secs] [Times: user=0.00 sys=0.00, real=0.00 secs] 
225.673: Total time for which application threads were stopped: 0.0005210 seconds, Stopping threads took: 0.0000430 seconds
225.711: Application time: 0.0377570 seconds
225.711: [GC [PSYoungGen: 7472K->336K(8192K)] 12173K->5149K(26112K), 0.0003930 secs] [Times: user=0.00 sys=0.00, real=0.00 secs] 
225.711: Total time for which application threads were stopped: 0.0004950 seconds, Stopping threads took: 0.0000430 seconds
225.750: Application time: 0.0390700 seconds
225.750: [GC [PSYoungGen: 7504K->368K(8192K)] 12317K->5181K(26112K), 0.0004230 secs] [Times: user=0.00 sys=0.00, real=0.00 secs] 
225.751: Total time for which application threads were stopped: 0.0005370 seconds, Stopping threads took: 0.0000460 seconds
225.790: Application time: 0.0393380 seconds
225.790: [GC [PSYoungGen: 7536K->368K(8192K)] 12349K->5181K(26112K), 0.0003770 secs] [Times: user=0.00 sys=0.00, real=0.00 secs] 
225.791: Total time for which application threads were stopped: 0.0004700 seconds, Stopping threads took: 0.0000350 seconds
225.830: Application time: 0.0394840 seconds
225.830: [GC [PSYoungGen: 7536K->368K(8192K)] 12349K->5181K(26112K), 0.0004160 secs] [Times: user=0.00 sys=0.00, real=0.00 secs] 
225.831: Total time for which application threads were stopped: 0.0005120 seconds, Stopping threads took: 0.0000390 seconds
225.869: Application time: 0.0384710 seconds
225.869: [GC [PSYoungGen: 7536K->432K(8192K)] 12349K->5245K(26112K), 0.0004510 secs] [Times: user=0.00 sys=0.00, real=0.00 secs] 
225.871: Total time for which application threads were stopped: 0.0017440 seconds, Stopping threads took: 0.0000500 seconds
225.910: Application time: 0.0388240 seconds
225.910: [GC [PSYoungGen: 7600K->512K(8192K)] 12413K->5325K(26112K), 0.0005510 secs] [Times: user=0.00 sys=0.00, real=0.00 secs] 
225.910: Total time for which application threads were stopped: 0.0007000 seconds, Stopping threads took: 0.0000810 seconds
225.950: Application time: 0.0393760 seconds
225.950: [GC [PSYoungGen: 7680K->480K(8192K)] 12493K->5293K(26112K), 0.0004920 secs] [Times: user=0.00 sys=0.00, real=0.00 secs] 
225.950: Total time for which application threads were stopped: 0.0006100 seconds, Stopping threads took: 0.0000590 seconds
225.990: Application time: 0.0393470 seconds
225.990: [GC [PSYoungGen: 7648K->528K(8192K)] 12461K->5341K(26112K), 0.0003950 secs] [Times: user=0.00 sys=0.00, real=0.00 secs] 
225.990: Total time for which application threads were stopped: 0.0004960 seconds, Stopping threads took: 0.0000460 seconds
226.030: Application time: 0.0398040 seconds
226.030: [GC [PSYoungGen: 7696K->512K(8192K)] 12509K->5325K(26112K), 0.0004180 secs] [Times: user=0.01 sys=0.00, real=0.00 secs] 
226.030: Total time for which application threads were stopped: 0.0005140 seconds, Stopping threads took: 0.0000400 seconds
226.070: Application time: 0.0394990 seconds
226.070: [GC [PSYoungGen: 7680K->480K(8192K)] 12493K->5293K(26112K), 0.0004680 secs] [Times: user=0.00 sys=0.00, real=0.00 secs] 
226.071: Total time for which application threads were stopped: 0.0005660 seconds, Stopping threads took: 0.0000390 seconds
226.110: Application time: 0.0390170 seconds
226.110: [GC [PSYoungGen: 7648K->512K(8192K)] 12461K->5325K(26112K), 0.0004510 secs] [Times: user=0.00 sys=0.00, real=0.00 secs] 
226.110: Total time for which application threads were stopped: 0.0005580 seconds, Stopping threads took: 0.0000490 seconds
226.149: Application time: 0.0393090 seconds
226.150: [GC [PSYoungGen: 7680K->512K(8192K)] 12493K->5325K(26112K), 0.0004180 secs] [Times: user=0.00 sys=0.00, real=0.00 secs] 
226.150: Total time for which application threads were stopped: 0.0005160 seconds, Stopping threads took: 0.0000390 seconds
226.190: Application time: 0.0401620 seconds
226.190: [GC [PSYoungGen: 7680K->512K(8192K)] 12493K->5325K(26112K), 0.0004050 secs] [Times: user=0.00 sys=0.00, real=0.00 secs] 
226.191: Total time for which application threads were stopped: 0.0005010 seconds, Stopping threads took: 0.0000420 seconds
226.230: Application time: 0.0396220 seconds
226.230: [GC [PSYoungGen: 7680K->528K(8192K)] 12493K->5341K(26112K), 0.0004150 secs] [Times: user=0.00 sys=0.00, real=0.00 secs] 
226.231: Total time for which application threads were stopped: 0.0005200 seconds, Stopping threads took: 0.0000440 seconds
226.270: Application time: 0.0391660 seconds
226.270: [GC [PSYoungGen: 7696K->496K(8192K)] 12509K->5309K(26112K), 0.0004190 secs] [Times: user=0.00 sys=0.00, real=0.00 secs] 
226.270: Total time for which application threads were stopped: 0.0005280 seconds, Stopping threads took: 0.0000420 seconds
226.310: Application time: 0.0393070 seconds
226.310: [GC [PSYoungGen: 7664K->400K(8192K)] 12477K->5333K(26112K), 0.0004240 secs] [Times: user=0.01 sys=0.00, real=0.00 secs] 
226.310: Total time for which application threads were stopped: 0.0005320 seconds, Stopping threads took: 0.0000480 seconds
226.350: Application time: 0.0395290 seconds
226.350: [GC [PSYoungGen: 7568K->384K(8192K)] 12501K->5373K(26112K), 0.0003880 secs] [Times: user=0.00 sys=0.00, real=0.00 secs] 
226.350: Total time for which application threads were stopped: 0.0004860 seconds, Stopping threads took: 0.0000380 seconds
226.390: Application time: 0.0396810 seconds
226.390: [GC [PSYoungGen: 7552K->336K(8192K)] 12541K->5325K(26112K), 0.0004130 secs] [Times: user=0.00 sys=0.00, real=0.00 secs] 
226.391: Total time for which application threads were stopped: 0.0005160 seconds, Stopping threads took: 0.0000450 seconds
226.430: Application time: 0.0392540 seconds
226.430: [GC [PSYoungGen: 7504K->384K(8192K)] 12493K->5373K(26112K), 0.0004020 secs] [Times: user=0.00 sys=0.00, real=0.00 secs] 
226.430: Total time for which application threads were stopped: 0.0004990 seconds, Stopping threads took: 0.0000380 seconds
226.469: Application time: 0.0390600 seconds
226.469: [GC [PSYoungGen: 7552K->336K(8192K)] 12541K->5421K(26112K), 0.0003940 secs] [Times: user=0.00 sys=0.00, real=0.00 secs] 
226.470: Total time for which application threads were stopped: 0.0004950 seconds, Stopping threads took: 0.0000380 seconds
226.508: Application time: 0.0382950 seconds
226.508: [GC [PSYoungGen: 7504K->320K(8192K)] 12589K->5493K(26112K), 0.0004500 secs] [Times: user=0.00 sys=0.00, real=0.00 secs] 
226.509: Total time for which application threads were stopped: 0.0005520 seconds, Stopping threads took: 0.0000440 seconds
226.548: Application time: 0.0390910 seconds
226.548: [GC [PSYoungGen: 7488K->320K(8192K)] 12661K->5493K(26112K), 0.0003890 secs] [Times: user=0.00 sys=0.00, real=0.00 secs] 
226.548: Total time for which application threads were stopped: 0.0004930 seconds, Stopping threads took: 0.0000460 seconds
226.588: Application time: 0.0393390 seconds
226.588: [GC [PSYoungGen: 7488K->336K(8192K)] 12661K->5509K(26112K), 0.0004160 secs] [Times: user=0.00 sys=0.00, real=0.00 secs] 
226.588: Total time for which application threads were stopped: 0.0005150 seconds, Stopping threads took: 0.0000400 seconds
226.628: Application time: 0.0396460 seconds
226.628: [GC [PSYoungGen: 7504K->368K(8192K)] 12677K->5541K(26112K), 0.0003980 secs] [Times: user=0.00 sys=0.00, real=0.00 secs] 
226.628: Total time for which application threads were stopped: 0.0004990 seconds, Stopping threads took: 0.0000450 seconds
226.666: Application time: 0.0378840 seconds
226.666: [GC [PSYoungGen: 7536K->496K(8192K)] 12709K->5669K(26112K), 0.0004230 secs] [Times: user=0.00 sys=0.00, real=0.00 secs] 
226.667: Total time for which application threads were stopped: 0.0005320 seconds, Stopping threads took: 0.0000480 seconds
226.706: Application time: 0.0389290 seconds
226.706: [GC [PSYoungGen: 7664K->464K(8192K)] 12837K->5637K(26112K), 0.0004570 secs] [Times: user=0.00 sys=0.00, real=0.00 secs] 
226.706: Total time for which application threads were stopped: 0.0005610 seconds, Stopping threads took: 0.0000440 seconds
226.746: Application time: 0.0396090 seconds
226.746: [GC [PSYoungGen: 7632K->528K(8192K)] 12805K->5701K(26112K), 0.0004510 secs] [Times: user=0.00 sys=0.00, real=0.00 secs] 
226.746: Total time for which application threads were stopped: 0.0005470 seconds, Stopping threads took: 0.0000370 seconds
226.786: Application time: 0.0394660 seconds
226.786: [GC [PSYoungGen: 7696K->544K(8192K)] 12869K->5717K(26112K), 0.0004070 secs] [Times: user=0.00 sys=0.00, real=0.00 secs] 
226.786: Total time for which application threads were stopped: 0.0005160 seconds, Stopping threads took: 0.0000410 seconds
226.826: Application time: 0.0396610 seconds
226.826: [GC [PSYoungGen: 7712K->480K(8192K)] 12885K->5653K(26112K), 0.0004440 secs] [Times: user=0.00 sys=0.00, real=0.00 secs] 
226.827: Total time for which application threads were stopped: 0.0005430 seconds, Stopping threads took: 0.0000410 seconds
226.866: Application time: 0.0392790 seconds
226.866: [GC [PSYoungGen: 7648K->496K(8192K)] 12821K->5669K(26112K), 0.0004470 secs] [Times: user=0.00 sys=0.00, real=0.00 secs] 
226.866: Total time for which application threads were stopped: 0.0005400 seconds, Stopping threads took: 0.0000350 seconds
226.906: Application time: 0.0398610 seconds
226.909: [GC [PSYoungGen: 7664K->496K(8192K)] 12837K->5669K(26112K), 0.0005220 secs] [Times: user=0.01 sys=0.00, real=0.00 secs] 
226.910: Total time for which application threads were stopped: 0.0034160 seconds, Stopping threads took: 0.0028250 seconds
226.949: Application time: 0.0392270 seconds
226.949: [GC [PSYoungGen: 7664K->560K(8192K)] 12837K->5733K(26112K), 0.0004390 secs] [Times: user=0.00 sys=0.00, real=0.01 secs] 
226.949: Total time for which application threads were stopped: 0.0005490 seconds, Stopping threads took: 0.0000520 seconds
226.989: Application time: 0.0393460 seconds
226.989: [GC [PSYoungGen: 7728K->464K(8192K)] 12901K->5637K(26112K), 0.0004630 secs] [Times: user=0.01 sys=0.00, real=0.01 secs] 
226.989: Total time for which application threads were stopped: 0.0005680 seconds, Stopping threads took: 0.0000400 seconds
227.029: Application time: 0.0393100 seconds
227.029: [GC [PSYoungGen: 7632K->528K(8192K)] 12805K->5701K(26112K), 0.0004650 secs] [Times: user=0.00 sys=0.00, real=0.01 secs] 
227.029: Total time for which application threads were stopped: 0.0005630 seconds, Stopping threads took: 0.0000370 seconds
227.068: Application time: 0.0389470 seconds
227.068: [GC [PSYoungGen: 7696K->448K(8192K)] 12869K->5677K(26112K), 0.0004130 secs] [Times: user=0.01 sys=0.00, real=0.00 secs] 
227.069: Total time for which application threads were stopped: 0.0005230 seconds, Stopping threads took: 0.0000490 seconds
227.108: Application time: 0.0396130 seconds
227.108: [GC [PSYoungGen: 7616K->384K(8192K)] 12845K->5701K(26112K), 0.0004420 secs] [Times: user=0.00 sys=0.00, real=0.00 secs] 
227.109: Total time for which application threads were stopped: 0.0005410 seconds, Stopping threads took: 0.0000430 seconds
227.148: Application time: 0.0392970 seconds
227.148: [GC [PSYoungGen: 7552K->416K(8192K)] 12869K->5781K(26112K), 0.0004060 secs] [Times: user=0.01 sys=0.00, real=0.00 secs] 
227.149: Total time for which application threads were stopped: 0.0005110 seconds, Stopping threads took: 0.0000420 seconds
227.188: Application time: 0.0395540 seconds
227.188: [GC [PSYoungGen: 7584K->352K(8192K)] 12949K->5717K(26112K), 0.0003890 secs] [Times: user=0.00 sys=0.00, real=0.00 secs] 
227.189: Total time for which application threads were stopped: 0.0005040 seconds, Stopping threads took: 0.0000580 seconds
227.228: Application time: 0.0392980 seconds
227.228: [GC [PSYoungGen: 7520K->416K(8192K)] 12885K->5781K(26112K), 0.0003820 secs] [Times: user=0.00 sys=0.00, real=0.00 secs] 
227.228: Total time for which application threads were stopped: 0.0004860 seconds, Stopping threads took: 0.0000450 seconds
227.267: Application time: 0.0384270 seconds
227.267: [GC [PSYoungGen: 7584K->320K(8192K)] 12949K->5797K(26112K), 0.0003910 secs] [Times: user=0.00 sys=0.00, real=0.00 secs] 
227.267: Total time for which application threads were stopped: 0.0005010 seconds, Stopping threads took: 0.0000500 seconds
227.306: Application time: 0.0384720 seconds
227.306: [GC [PSYoungGen: 7488K->320K(8192K)] 12965K->5854K(26112K), 0.0004420 secs] [Times: user=0.00 sys=0.00, real=0.00 secs] 
227.306: Total time for which application threads were stopped: 0.0005570 seconds, Stopping threads took: 0.0000440 seconds
227.346: Application time: 0.0394400 seconds
227.346: [GC [PSYoungGen: 7488K->336K(8192K)] 13022K->5870K(26112K), 0.0004230 secs] [Times: user=0.01 sys=0.00, real=0.00 secs] 
227.346: Total time for which application threads were stopped: 0.0005240 seconds, Stopping threads took: 0.0000440 seconds
227.387: Application time: 0.0401680 seconds
227.387: [GC [PSYoungGen: 7504K->320K(8192K)] 13038K->5854K(26112K), 0.0003800 secs] [Times: user=0.00 sys=0.00, real=0.00 secs] 
227.387: Total time for which application threads were stopped: 0.0004800 seconds, Stopping threads took: 0.0000430 seconds
227.426: Application time: 0.0390420 seconds
227.426: [GC [PSYoungGen: 7488K->400K(8192K)] 13022K->5934K(26112K), 0.0003950 secs] [Times: user=0.00 sys=0.00, real=0.00 secs] 
227.427: Total time for which application threads were stopped: 0.0004890 seconds, Stopping threads took: 0.0000390 seconds
227.464: Application time: 0.0377100 seconds
227.464: [GC [PSYoungGen: 7568K->480K(8192K)] 13102K->6014K(26112K), 0.0004150 secs] [Times: user=0.00 sys=0.00, real=0.00 secs] 
227.465: Total time for which application threads were stopped: 0.0005190 seconds, Stopping threads took: 0.0000470 seconds
227.504: Application time: 0.0393460 seconds
227.504: [GC [PSYoungGen: 7648K->512K(8192K)] 13182K->6046K(26112K), 0.0004130 secs] [Times: user=0.00 sys=0.00, real=0.00 secs] 
227.505: Total time for which application threads were stopped: 0.0005130 seconds, Stopping threads took: 0.0000410 seconds
227.545: Application time: 0.0401040 seconds
227.545: [GC [PSYoungGen: 7680K->528K(8192K)] 13214K->6062K(26112K), 0.0004410 secs] [Times: user=0.01 sys=0.00, real=0.00 secs] 
227.545: Total time for which application threads were stopped: 0.0005450 seconds, Stopping threads took: 0.0000470 seconds
227.585: Application time: 0.0393560 seconds
227.585: [GC [PSYoungGen: 7696K->496K(8192K)] 13230K->6030K(26112K), 0.0004820 secs] [Times: user=0.00 sys=0.00, real=0.00 secs] 
227.585: Total time for which application threads were stopped: 0.0005790 seconds, Stopping threads took: 0.0000390 seconds
227.624: Application time: 0.0392020 seconds
227.625: [GC [PSYoungGen: 7664K->496K(8192K)] 13198K->6030K(26112K), 0.0004430 secs] [Times: user=0.00 sys=0.00, real=0.00 secs] 
227.625: Total time for which application threads were stopped: 0.0005420 seconds, Stopping threads took: 0.0000410 seconds
227.664: Application time: 0.0391450 seconds
227.664: [GC [PSYoungGen: 7664K->448K(8192K)] 13198K->5982K(26112K), 0.0004070 secs] [Times: user=0.00 sys=0.00, real=0.00 secs] 
227.665: Total time for which application threads were stopped: 0.0005060 seconds, Stopping threads took: 0.0000420 seconds
227.704: Application time: 0.0391450 seconds
227.704: [GC [PSYoungGen: 7616K->512K(8192K)] 13150K->6046K(26112K), 0.0004090 secs] [Times: user=0.00 sys=0.00, real=0.00 secs] 
227.704: Total time for which application threads were stopped: 0.0005100 seconds, Stopping threads took: 0.0000450 seconds
227.744: Application time: 0.0397450 seconds
227.744: [GC [PSYoungGen: 7680K->480K(8192K)] 13214K->6014K(26112K), 0.0004520 secs] [Times: user=0.00 sys=0.00, real=0.00 secs] 
227.745: Total time for which application threads were stopped: 0.0005660 seconds, Stopping threads took: 0.0000520 seconds
227.784: Application time: 0.0396770 seconds
227.785: [GC [PSYoungGen: 7648K->480K(8192K)] 13182K->6014K(26112K), 0.0004200 secs] [Times: user=0.00 sys=0.00, real=0.00 secs] 
227.786: Total time for which application threads were stopped: 0.0011820 seconds, Stopping threads took: 0.0007030 seconds
227.825: Application time: 0.0392620 seconds
227.825: [GC [PSYoungGen: 7648K->464K(8192K)] 13182K->5998K(26112K), 0.0004170 secs] [Times: user=0.00 sys=0.00, real=0.00 secs] 
227.825: Total time for which application threads were stopped: 0.0005190 seconds, Stopping threads took: 0.0000350 seconds
227.864: Application time: 0.0391690 seconds
227.865: [GC [PSYoungGen: 7632K->448K(8192K)] 13166K->6070K(26112K), 0.0004340 secs] [Times: user=0.01 sys=0.00, real=0.00 secs] 
227.866: Total time for which application threads were stopped: 0.0010600 seconds, Stopping threads took: 0.0005660 seconds
227.905: Application time: 0.0399390 seconds
227.906: [GC [PSYoungGen: 7616K->352K(8192K)] 13238K->6062K(26112K), 0.0004580 secs] [Times: user=0.00 sys=0.00, real=0.00 secs] 
227.906: Total time for which application threads were stopped: 0.0005870 seconds, Stopping threads took: 0.0000570 seconds
227.945: Application time: 0.0393560 seconds
227.946: [GC [PSYoungGen: 7520K->368K(8192K)] 13230K->6078K(26112K), 0.0004180 secs] [Times: user=0.00 sys=0.00, real=0.00 secs] 
227.946: Total time for which application threads were stopped: 0.0005200 seconds, Stopping threads took: 0.0000430 seconds
227.986: Application time: 0.0395630 seconds
227.986: [GC [PSYoungGen: 7536K->352K(8192K)] 13246K->6062K(26112K), 0.0004500 secs] [Times: user=0.01 sys=0.00, real=0.00 secs] 
227.986: Total time for which application threads were stopped: 0.0005480 seconds, Stopping threads took: 0.0000410 seconds
228.025: Application time: 0.0392350 seconds
228.025: [GC [PSYoungGen: 7520K->336K(8192K)] 13230K->6110K(26112K), 0.0003780 secs] [Times: user=0.00 sys=0.00, real=0.00 secs] 
228.026: Total time for which application threads were stopped: 0.0004760 seconds, Stopping threads took: 0.0000420 seconds
228.065: Application time: 0.0387740 seconds
228.065: [GC [PSYoungGen: 7504K->336K(8192K)] 13278K->6230K(26112K), 0.0004010 secs] [Times: user=0.00 sys=0.00, real=0.00 secs] 
228.065: Total time for which application threads were stopped: 0.0005040 seconds, Stopping threads took: 0.0000440 seconds
228.104: Application time: 0.0386240 seconds
228.104: [GC [PSYoungGen: 7504K->384K(8192K)] 13398K->6278K(26112K), 0.0003860 secs] [Times: user=0.00 sys=0.00, real=0.00 secs] 
228.104: Total time for which application threads were stopped: 0.0004910 seconds, Stopping threads took: 0.0000460 seconds
228.144: Application time: 0.0398170 seconds
228.144: [GC [PSYoungGen: 7552K->320K(8192K)] 13446K->6214K(26112K), 0.0003890 secs] [Times: user=0.00 sys=0.00, real=0.00 secs] 
228.144: Total time for which application threads were stopped: 0.0004990 seconds, Stopping threads took: 0.0000510 seconds
228.184: Application time: 0.0392410 seconds
228.184: [GC [PSYoungGen: 7488K->336K(8192K)] 13382K->6230K(26112K), 0.0004230 secs] [Times: user=0.00 sys=0.00, real=0.00 secs] 
228.184: Total time for which application threads were stopped: 0.0005300 seconds, Stopping threads took: 0.0000480 seconds
228.223: Application time: 0.0391020 seconds
228.223: [GC [PSYoungGen: 7504K->352K(8192K)] 13398K->6246K(26112K), 0.0003860 secs] [Times: user=0.00 sys=0.00, real=0.00 secs] 
228.224: Total time for which application threads were stopped: 0.0004940 seconds, Stopping threads took: 0.0000480 seconds
228.262: Application time: 0.0377290 seconds
228.262: [GC [PSYoungGen: 7520K->480K(8192K)] 13414K->6374K(26112K), 0.0004260 secs] [Times: user=0.00 sys=0.00, real=0.00 secs] 
228.262: Total time for which application threads were stopped: 0.0005380 seconds, Stopping threads took: 0.0000530 seconds
228.302: Application time: 0.0398000 seconds
228.302: [GC [PSYoungGen: 7648K->528K(8192K)] 13542K->6422K(26112K), 0.0004190 secs] [Times: user=0.00 sys=0.00, real=0.00 secs] 
228.302: Total time for which application threads were stopped: 0.0005140 seconds, Stopping threads took: 0.0000360 seconds
228.342: Application time: 0.0396360 seconds
228.342: [GC [PSYoungGen: 7696K->528K(8192K)] 13590K->6422K(26112K), 0.0004510 secs] [Times: user=0.00 sys=0.00, real=0.00 secs] 
228.343: Total time for which application threads were stopped: 0.0005640 seconds, Stopping threads took: 0.0000440 seconds
228.382: Application time: 0.0392870 seconds
228.385: [GC [PSYoungGen: 7696K->464K(8192K)] 13590K->6358K(26112K), 0.0004460 secs] [Times: user=0.01 sys=0.00, real=0.00 secs] 
228.386: Total time for which application threads were stopped: 0.0036240 seconds, Stopping threads took: 0.0031210 seconds
228.425: Application time: 0.0393250 seconds
228.425: [GC [PSYoungGen: 7632K->432K(8192K)] 13526K->6326K(26112K), 0.0004140 secs] [Times: user=0.00 sys=0.00, real=0.00 secs] 
228.425: Total time for which application threads were stopped: 0.0005280 seconds, Stopping threads took: 0.0000510 seconds
228.467: Application time: 0.0412320 seconds
228.467: [GC [PSYoungGen: 7600K->496K(8192K)] 13494K->6390K(26112K), 0.0004880 secs] [Times: user=0.01 sys=0.00, real=0.00 secs] 
228.467: Total time for which application threads were stopped: 0.0005990 seconds, Stopping threads took: 0.0000480 seconds
228.511: Application time: 0.0433460 seconds
228.511: [GC [PSYoungGen: 7664K->480K(8192K)] 13558K->6374K(26112K), 0.0004460 secs] [Times: user=0.01 sys=0.00, real=0.00 secs] 
228.511: Total time for which application threads were stopped: 0.0005580 seconds, Stopping threads took: 0.0000490 seconds
228.554: Application time: 0.0433140 seconds
228.555: [GC [PSYoungGen: 7648K->528K(8192K)] 13542K->6422K(26112K), 0.0005050 secs] [Times: user=0.00 sys=0.00, real=0.00 secs] 
228.555: Total time for which application threads were stopped: 0.0006100 seconds, Stopping threads took: 0.0000440 seconds
228.599: Application time: 0.0436850 seconds
228.599: [GC [PSYoungGen: 7696K->528K(8192K)] 13590K->6422K(26112K), 0.0004580 secs] [Times: user=0.00 sys=0.00, real=0.00 secs] 
228.599: Total time for which application threads were stopped: 0.0005670 seconds, Stopping threads took: 0.0000500 seconds
228.643: Application time: 0.0432470 seconds
228.643: [GC [PSYoungGen: 7696K->464K(8192K)] 13590K->6358K(26112K), 0.0004310 secs] [Times: user=0.00 sys=0.00, real=0.00 secs] 
228.643: Total time for which application threads were stopped: 0.0005510 seconds, Stopping threads took: 0.0000490 seconds
228.686: Application time: 0.0430640 seconds
228.686: [GC [PSYoungGen: 7632K->400K(8192K)] 13526K->6426K(26112K), 0.0004300 secs] [Times: user=0.00 sys=0.00, real=0.00 secs] 
228.687: Total time for which application threads were stopped: 0.0005400 seconds, Stopping threads took: 0.0000470 seconds
228.730: Application time: 0.0431840 seconds
228.730: [GC [PSYoungGen: 7568K->368K(8192K)] 13594K->6434K(26112K), 0.0004960 secs] [Times: user=0.00 sys=0.00, real=0.00 secs] 
228.731: Total time for which application threads were stopped: 0.0006080 seconds, Stopping threads took: 0.0000490 seconds
228.774: Application time: 0.0431780 seconds
228.774: [GC [PSYoungGen: 7536K->352K(8192K)] 13602K->6418K(26112K), 0.0003970 secs] [Times: user=0.00 sys=0.00, real=0.00 secs] 
228.774: Total time for which application threads were stopped: 0.0005090 seconds, Stopping threads took: 0.0000500 seconds
228.818: Application time: 0.0434110 seconds
228.818: [GC [PSYoungGen: 7520K->384K(8192K)] 13586K->6450K(26112K), 0.0004060 secs] [Times: user=0.00 sys=0.00, real=0.00 secs] 
228.818: Total time for which application threads were stopped: 0.0005180 seconds, Stopping threads took: 0.0000470 seconds
228.861: Application time: 0.0427740 seconds
228.861: [GC [PSYoungGen: 7552K->352K(8192K)] 13618K->6466K(26112K), 0.0004500 secs] [Times: user=0.00 sys=0.00, real=0.00 secs] 
228.861: Total time for which application threads were stopped: 0.0005660 seconds, Stopping threads took: 0.0000400 seconds
228.904: Application time: 0.0426030 seconds
228.904: [GC [PSYoungGen: 7520K->336K(8192K)] 13634K->6562K(26112K), 0.0004800 secs] [Times: user=0.00 sys=0.00, real=0.00 secs] 
228.905: Total time for which application threads were stopped: 0.0006010 seconds, Stopping threads took: 0.0000480 seconds
228.947: Application time: 0.0426140 seconds
228.947: [GC [PSYoungGen: 7504K->352K(8192K)] 13730K->6578K(26112K), 0.0004650 secs] [Times: user=0.00 sys=0.00, real=0.00 secs] 
228.948: Total time for which application threads were stopped: 0.0005720 seconds, Stopping threads took: 0.0000430 seconds
228.991: Application time: 0.0433920 seconds
228.991: [GC [PSYoungGen: 7520K->368K(8192K)] 13746K->6594K(26112K), 0.0004540 secs] [Times: user=0.00 sys=0.00, real=0.00 secs] 
228.992: Total time for which application threads were stopped: 0.0005590 seconds, Stopping threads took: 0.0000460 seconds
229.035: Application time: 0.0435480 seconds
229.035: [GC [PSYoungGen: 7536K->352K(8192K)] 13762K->6578K(26112K), 0.0004040 secs] [Times: user=0.00 sys=0.00, real=0.00 secs] 
229.036: Total time for which application threads were stopped: 0.0005120 seconds, Stopping threads took: 0.0000460 seconds
229.078: Application time: 0.0416420 seconds
229.078: [GC [PSYoungGen: 7520K->432K(8192K)] 13746K->6658K(26112K), 0.0004710 secs] [Times: user=0.00 sys=0.00, real=0.00 secs] 
229.078: Total time for which application threads were stopped: 0.0005760 seconds, Stopping threads took: 0.0000430 seconds
229.121: Application time: 0.0427080 seconds
229.121: [GC [PSYoungGen: 7600K->512K(8192K)] 13826K->6738K(26112K), 0.0004370 secs] [Times: user=0.00 sys=0.00, real=0.01 secs] 
229.121: Total time for which application threads were stopped: 0.0005490 seconds, Stopping threads took: 0.0000540 seconds
229.165: Application time: 0.0435180 seconds
229.165: [GC [PSYoungGen: 7680K->528K(8192K)] 13906K->6754K(26112K), 0.0004450 secs] [Times: user=0.00 sys=0.00, real=0.00 secs] 
229.165: Total time for which application threads were stopped: 0.0005500 seconds, Stopping threads took: 0.0000440 seconds
229.209: Application time: 0.0431880 seconds
229.209: [GC [PSYoungGen: 7696K->496K(8192K)] 13922K->6722K(26112K), 0.0004880 secs] [Times: user=0.00 sys=0.01, real=0.01 secs] 
229.209: Total time for which application threads were stopped: 0.0005960 seconds, Stopping threads took: 0.0000480 seconds
229.254: Application time: 0.0444220 seconds
229.254: [GC [PSYoungGen: 7664K->512K(8192K)] 13890K->6738K(26112K), 0.0004620 secs] [Times: user=0.00 sys=0.00, real=0.00 secs] 
229.254: Total time for which application threads were stopped: 0.0005630 seconds, Stopping threads took: 0.0000400 seconds
229.297: Application time: 0.0432280 seconds
229.298: [GC [PSYoungGen: 7680K->480K(8192K)] 13906K->6706K(26112K), 0.0004870 secs] [Times: user=0.00 sys=0.00, real=0.00 secs] 
229.298: Total time for which application threads were stopped: 0.0005870 seconds, Stopping threads took: 0.0000410 seconds
229.341: Application time: 0.0434180 seconds
229.342: [GC [PSYoungGen: 7648K->496K(8192K)] 13874K->6722K(26112K), 0.0004580 secs] [Times: user=0.00 sys=0.00, real=0.00 secs] 
229.342: Total time for which application threads were stopped: 0.0005630 seconds, Stopping threads took: 0.0000420 seconds
229.385: Application time: 0.0432280 seconds
229.385: [GC [PSYoungGen: 7664K->544K(8192K)] 13890K->6770K(26112K), 0.0004730 secs] [Times: user=0.00 sys=0.00, real=0.00 secs] 
229.386: Total time for which application threads were stopped: 0.0005870 seconds, Stopping threads took: 0.0000450 seconds
229.429: Application time: 0.0435000 seconds
229.429: [GC [PSYoungGen: 7712K->528K(8192K)] 13938K->6754K(26112K), 0.0004950 secs] [Times: user=0.00 sys=0.00, real=0.00 secs] 
229.430: Total time for which application threads were stopped: 0.0006030 seconds, Stopping threads took: 0.0000460 seconds
229.474: Application time: 0.0437120 seconds
229.474: [GC [PSYoungGen: 7696K->464K(8192K)] 13922K->6690K(26112K), 0.0004240 secs] [Times: user=0.00 sys=0.00, real=0.00 secs] 
229.474: Total time for which application threads were stopped: 0.0005320 seconds, Stopping threads took: 0.0000460 seconds
229.517: Application time: 0.0432280 seconds
229.518: [GC [PSYoungGen: 7632K->480K(8192K)] 13858K->6754K(26112K), 0.0004400 secs] [Times: user=0.00 sys=0.00, real=0.00 secs] 
229.518: Total time for which application threads were stopped: 0.0005530 seconds, Stopping threads took: 0.0000510 seconds
229.561: Application time: 0.0431570 seconds
229.561: [GC [PSYoungGen: 7648K->352K(8192K)] 13922K->6706K(26112K), 0.0004260 secs] [Times: user=0.00 sys=0.00, real=0.00 secs] 
229.562: Total time for which application threads were stopped: 0.0005380 seconds, Stopping threads took: 0.0000490 seconds
229.605: Application time: 0.0431020 seconds
229.605: [GC [PSYoungGen: 7520K->320K(8192K)] 13874K->6730K(26112K), 0.0004550 secs] [Times: user=0.01 sys=0.00, real=0.00 secs] 
229.605: Total time for which application threads were stopped: 0.0005600 seconds, Stopping threads took: 0.0000450 seconds
229.649: Application time: 0.0437980 seconds
229.649: [GC [PSYoungGen: 7488K->384K(8192K)] 13898K->6794K(26112K), 0.0003950 secs] [Times: user=0.00 sys=0.00, real=0.00 secs] 
229.650: Total time for which application threads were stopped: 0.0004960 seconds, Stopping threads took: 0.0000410 seconds
229.693: Application time: 0.0436990 seconds
229.693: [GC [PSYoungGen: 7552K->368K(8192K)] 13962K->6778K(26112K), 0.0004660 secs] [Times: user=0.00 sys=0.00, real=0.00 secs] 
229.694: Total time for which application threads were stopped: 0.0005660 seconds, Stopping threads took: 0.0000430 seconds
229.737: Application time: 0.0428860 seconds
229.737: [GC [PSYoungGen: 7536K->288K(8192K)] 13946K->6810K(26112K), 0.0004150 secs] [Times: user=0.00 sys=0.00, real=0.00 secs] 
229.737: Total time for which application threads were stopped: 0.0005230 seconds, Stopping threads took: 0.0000460 seconds
229.779: Application time: 0.0420610 seconds
229.781: [GC [PSYoungGen: 7456K->304K(8192K)] 13978K->6882K(26112K), 0.0004060 secs] [Times: user=0.00 sys=0.00, real=0.00 secs] 
229.782: Total time for which application threads were stopped: 0.0021420 seconds, Stopping threads took: 0.0016720 seconds
229.825: Application time: 0.0430800 seconds
229.825: [GC [PSYoungGen: 7472K->352K(8192K)] 14050K->6930K(26112K), 0.0004170 secs] [Times: user=0.01 sys=0.00, real=0.00 secs] 
229.825: Total time for which application threads were stopped: 0.0005310 seconds, Stopping threads took: 0.0000500 seconds
229.869: Application time: 0.0433880 seconds
229.869: [GC [PSYoungGen: 7520K->352K(8192K)] 14098K->6930K(26112K), 0.0004170 secs] [Times: user=0.00 sys=0.00, real=0.01 secs] 
229.869: Total time for which application threads were stopped: 0.0005250 seconds, Stopping threads took: 0.0000460 seconds
229.912: Application time: 0.0426340 seconds
229.912: [GC [PSYoungGen: 7520K->464K(8192K)] 14098K->7042K(26112K), 0.0004600 secs] [Times: user=0.01 sys=0.00, real=0.00 secs] 
229.912: Total time for which application threads were stopped: 0.0006020 seconds, Stopping threads took: 0.0000600 seconds
229.955: Application time: 0.0425100 seconds
229.955: [GC [PSYoungGen: 7632K->480K(8192K)] 14210K->7058K(26112K), 0.0004640 secs] [Times: user=0.00 sys=0.00, real=0.00 secs] 
229.955: Total time for which application threads were stopped: 0.0005650 seconds, Stopping threads took: 0.0000410 seconds
229.998: Application time: 0.0429720 seconds
229.998: [GC [PSYoungGen: 7648K->512K(8192K)] 14226K->7090K(26112K), 0.0005580 secs] [Times: user=0.00 sys=0.00, real=0.00 secs] 
229.999: Total time for which application threads were stopped: 0.0006650 seconds, Stopping threads took: 0.0000450 seconds
230.043: Application time: 0.0437900 seconds
230.043: [GC [PSYoungGen: 7680K->480K(8192K)] 14258K->7058K(26112K), 0.0005000 secs] [Times: user=0.01 sys=0.00, real=0.00 secs] 
230.043: Total time for which application threads were stopped: 0.0006200 seconds, Stopping threads took: 0.0000590 seconds
230.087: Application time: 0.0431960 seconds
230.087: [GC [PSYoungGen: 7648K->496K(8192K)] 14226K->7074K(26112K), 0.0004530 secs] [Times: user=0.00 sys=0.00, real=0.00 secs] 
230.087: Total time for which application threads were stopped: 0.0005540 seconds, Stopping threads took: 0.0000400 seconds
230.130: Application time: 0.0432540 seconds
230.131: [GC [PSYoungGen: 7664K->528K(8192K)] 14242K->7106K(26112K), 0.0004420 secs] [Times: user=0.00 sys=0.00, real=0.00 secs] 
230.131: Total time for which application threads were stopped: 0.0005430 seconds, Stopping threads took: 0.0000390 seconds
230.174: Application time: 0.0431880 seconds
230.174: [GC [PSYoungGen: 7696K->528K(8192K)] 14274K->7106K(26112K), 0.0005220 secs] [Times: user=0.00 sys=0.00, real=0.00 secs] 
230.175: Total time for which application threads were stopped: 0.0006260 seconds, Stopping threads took: 0.0000400 seconds
230.218: Application time: 0.0431080 seconds
230.218: [GC [PSYoungGen: 7696K->496K(8192K)] 14274K->7074K(26112K), 0.0004690 secs] [Times: user=0.00 sys=0.00, real=0.00 secs] 
230.218: Total time for which application threads were stopped: 0.0005720 seconds, Stopping threads took: 0.0000400 seconds
230.262: Application time: 0.0436530 seconds
230.262: [GC [PSYoungGen: 7664K->512K(8192K)] 14242K->7090K(26112K), 0.0004940 secs] [Times: user=0.00 sys=0.00, real=0.00 secs] 
230.263: Total time for which application threads were stopped: 0.0006030 seconds, Stopping threads took: 0.0000460 seconds
230.306: Application time: 0.0432820 seconds
230.306: [GC [PSYoungGen: 7680K->480K(8192K)] 14258K->7058K(26112K), 0.0004350 secs] [Times: user=0.00 sys=0.00, real=0.00 secs] 
230.307: Total time for which application threads were stopped: 0.0005470 seconds, Stopping threads took: 0.0000520 seconds
230.350: Application time: 0.0430090 seconds
230.350: [GC [PSYoungGen: 7648K->512K(8192K)] 14226K->7090K(26112K), 0.0004490 secs] [Times: user=0.00 sys=0.00, real=0.00 secs] 
230.350: Total time for which application threads were stopped: 0.0005570 seconds, Stopping threads took: 0.0000460 seconds
230.393: Application time: 0.0430380 seconds
230.393: [GC [PSYoungGen: 7680K->448K(8192K)] 14258K->7082K(26112K), 0.0004840 secs] [Times: user=0.00 sys=0.00, real=0.00 secs] 
230.394: Total time for which application threads were stopped: 0.0005980 seconds, Stopping threads took: 0.0000520 seconds
230.437: Application time: 0.0432800 seconds
230.437: [GC [PSYoungGen: 7616K->384K(8192K)] 14250K->7098K(26112K), 0.0004400 secs] [Times: user=0.00 sys=0.00, real=0.00 secs] 
230.438: Total time for which application threads were stopped: 0.0005720 seconds, Stopping threads took: 0.0000510 seconds
230.481: Application time: 0.0436120 seconds
230.485: [GC [PSYoungGen: 7552K->352K(8192K)] 14266K->7122K(26112K), 0.0004350 secs] [Times: user=0.00 sys=0.00, real=0.00 secs] 
230.486: Total time for which application threads were stopped: 0.0043010 seconds, Stopping threads took: 0.0038030 seconds
230.529: Application time: 0.0433590 seconds
230.529: [GC [PSYoungGen: 7520K->352K(8192K)] 14290K->7122K(26112K), 0.0003970 secs] [Times: user=0.00 sys=0.01, real=0.01 secs] 
230.529: Total time for which application threads were stopped: 0.0005050 seconds, Stopping threads took: 0.0000450 seconds
230.573: Application time: 0.0440610 seconds
230.574: [GC [PSYoungGen: 7520K->320K(8192K)] 14290K->7186K(26112K), 0.0003940 secs] [Times: user=0.00 sys=0.00, real=0.00 secs] 
230.574: Total time for which application threads were stopped: 0.0004960 seconds, Stopping threads took: 0.0000420 seconds
230.616: Application time: 0.0420910 seconds
230.616: [GC [PSYoungGen: 7488K->368K(8192K)] 14354K->7283K(26112K), 0.0004170 secs] [Times: user=0.01 sys=0.00, real=0.00 secs] 
230.617: Total time for which application threads were stopped: 0.0005330 seconds, Stopping threads took: 0.0000520 seconds
230.659: Application time: 0.0425830 seconds
230.659: [GC [PSYoungGen: 7536K->368K(8192K)] 14451K->7331K(26112K), 0.0004050 secs] [Times: user=0.00 sys=0.00, real=0.00 secs] 
230.660: Total time for which application threads were stopped: 0.0005210 seconds, Stopping threads took: 0.0000530 seconds
230.703: Application time: 0.0434870 seconds
230.703: [GC [PSYoungGen: 7536K->368K(8192K)] 14499K->7331K(26112K), 0.0004120 secs] [Times: user=0.01 sys=0.00, real=0.00 secs] 
230.704: Total time for which application threads were stopped: 0.0005130 seconds, Stopping threads took: 0.0000390 seconds
230.747: Application time: 0.0435510 seconds
230.747: [GC [PSYoungGen: 7536K->352K(8192K)] 14499K->7315K(26112K), 0.0003970 secs] [Times: user=0.01 sys=0.00, real=0.00 secs] 
230.748: Total time for which application threads were stopped: 0.0004930 seconds, Stopping threads took: 0.0000370 seconds
230.790: Application time: 0.0422980 seconds
230.790: [GC [PSYoungGen: 7520K->400K(8192K)] 14483K->7363K(26112K), 0.0004090 secs] [Times: user=0.01 sys=0.00, real=0.00 secs] 
230.791: Total time for which application threads were stopped: 0.0005190 seconds, Stopping threads took: 0.0000470 seconds
230.833: Application time: 0.0421870 seconds
230.833: [GC [PSYoungGen: 7568K->480K(8192K)] 14531K->7443K(26112K), 0.0004560 secs] [Times: user=0.01 sys=0.00, real=0.00 secs] 
230.833: Total time for which application threads were stopped: 0.0005630 seconds, Stopping threads took: 0.0000430 seconds
230.877: Application time: 0.0437530 seconds
230.877: [GC [PSYoungGen: 7648K->512K(8192K)] 14611K->7475K(26112K), 0.0004720 secs] [Times: user=0.00 sys=0.00, real=0.00 secs] 
230.879: Total time for which application threads were stopped: 0.0016720 seconds, Stopping threads took: 0.0000400 seconds
230.922: Application time: 0.0435600 seconds
230.922: [GC [PSYoungGen: 7680K->496K(8192K)] 14643K->7459K(26112K), 0.0004950 secs] [Times: user=0.01 sys=0.00, real=0.00 secs] 
230.923: Total time for which application threads were stopped: 0.0006710 seconds, Stopping threads took: 0.0001060 seconds
230.967: Application time: 0.0435450 seconds
230.967: [GC [PSYoungGen: 7664K->496K(8192K)] 14627K->7459K(26112K), 0.0004410 secs] [Times: user=0.01 sys=0.00, real=0.00 secs] 
230.967: Total time for which application threads were stopped: 0.0005780 seconds, Stopping threads took: 0.0000630 seconds
231.011: Application time: 0.0435210 seconds
231.011: [GC [PSYoungGen: 7664K->496K(8192K)] 14627K->7459K(26112K), 0.0004400 secs] [Times: user=0.00 sys=0.00, real=0.00 secs] 
231.011: Total time for which application threads were stopped: 0.0005430 seconds, Stopping threads took: 0.0000420 seconds
231.054: Application time: 0.0429990 seconds
231.054: [GC [PSYoungGen: 7664K->528K(8192K)] 14627K->7491K(26112K), 0.0004430 secs] [Times: user=0.00 sys=0.00, real=0.00 secs] 
231.055: Total time for which application threads were stopped: 0.0005590 seconds, Stopping threads took: 0.0000450 seconds
231.098: Application time: 0.0435900 seconds
231.098: [GC [PSYoungGen: 7696K->512K(8192K)] 14659K->7475K(26112K), 0.0004470 secs] [Times: user=0.00 sys=0.00, real=0.00 secs] 
231.099: Total time for which application threads were stopped: 0.0005580 seconds, Stopping threads took: 0.0000500 seconds
231.142: Application time: 0.0432620 seconds
231.142: [GC [PSYoungGen: 7680K->512K(8192K)] 14643K->7475K(26112K), 0.0004520 secs] [Times: user=0.00 sys=0.00, real=0.00 secs] 
231.143: Total time for which application threads were stopped: 0.0005710 seconds, Stopping threads took: 0.0000580 seconds
231.186: Application time: 0.0432560 seconds
231.186: [GC [PSYoungGen: 7680K->496K(8192K)] 14643K->7459K(26112K), 0.0005110 secs] [Times: user=0.00 sys=0.00, real=0.00 secs] 
231.187: Total time for which application threads were stopped: 0.0006230 seconds, Stopping threads took: 0.0000510 seconds
231.230: Application time: 0.0430530 seconds
231.230: [GC [PSYoungGen: 7664K->528K(8192K)] 14627K->7491K(26112K), 0.0004410 secs] [Times: user=0.00 sys=0.00, real=0.00 secs] 
231.230: Total time for which application threads were stopped: 0.0005450 seconds, Stopping threads took: 0.0000450 seconds
231.274: Application time: 0.0435070 seconds
231.274: [GC [PSYoungGen: 7696K->432K(8192K)] 14659K->7507K(26112K), 0.0004300 secs] [Times: user=0.00 sys=0.00, real=0.00 secs] 
231.274: Total time for which application threads were stopped: 0.0005460 seconds, Stopping threads took: 0.0000510 seconds
231.318: Application time: 0.0434100 seconds
231.318: [GC [PSYoungGen: 7600K->352K(8192K)] 14675K->7467K(26112K), 0.0004440 secs] [Times: user=0.01 sys=0.00, real=0.00 secs] 
231.318: Total time for which application threads were stopped: 0.0005540 seconds, Stopping threads took: 0.0000440 seconds
231.362: Application time: 0.0436760 seconds
231.362: [GC [PSYoungGen: 7520K->368K(8192K)] 14635K->7483K(26112K), 0.0003990 secs] [Times: user=0.00 sys=0.00, real=0.00 secs] 
231.362: Total time for which application threads were stopped: 0.0005140 seconds, Stopping threads took: 0.0000530 seconds
231.406: Application time: 0.0433440 seconds
231.406: [GC [PSYoungGen: 7536K->368K(8192K)] 14651K->7483K(26112K), 0.0004720 secs] [Times: user=0.00 sys=0.00, real=0.00 secs] 
231.406: Total time for which application threads were stopped: 0.0005840 seconds, Stopping threads took: 0.0000500 seconds
231.451: Application time: 0.0442080 seconds
231.451: [GC [PSYoungGen: 7536K->288K(8192K)] 14651K->7495K(26112K), 0.0004170 secs] [Times: user=0.00 sys=0.00, real=0.00 secs] 
231.451: Total time for which application threads were stopped: 0.0005200 seconds, Stopping threads took: 0.0000430 seconds
231.493: Application time: 0.0415690 seconds
231.493: [GC [PSYoungGen: 7456K->320K(8192K)] 14663K->7615K(26112K), 0.0004670 secs] [Times: user=0.00 sys=0.00, real=0.00 secs] 
231.493: Total time for which application threads were stopped: 0.0006000 seconds, Stopping threads took: 0.0000540 seconds
231.536: Application time: 0.0430540 seconds
231.536: [GC [PSYoungGen: 7488K->368K(8192K)] 14783K->7663K(26112K), 0.0004640 secs] [Times: user=0.00 sys=0.00, real=0.00 secs] 
231.537: Total time for which application threads were stopped: 0.0005730 seconds, Stopping threads took: 0.0000480 seconds
231.580: Application time: 0.0431650 seconds
231.580: [GC [PSYoungGen: 7536K->384K(8192K)] 14831K->7679K(26112K), 0.0004350 secs] [Times: user=0.00 sys=0.00, real=0.00 secs] 
231.581: Total time for which application threads were stopped: 0.0005370 seconds, Stopping threads took: 0.0000430 seconds
231.623: Application time: 0.0427790 seconds
231.623: [GC [PSYoungGen: 7552K->368K(8192K)] 14847K->7663K(26112K), 0.0004160 secs] [Times: user=0.00 sys=0.00, real=0.00 secs] 
231.624: Total time for which application threads were stopped: 0.0005160 seconds, Stopping threads took: 0.0000390 seconds
231.666: Application time: 0.0421390 seconds
231.666: [GC [PSYoungGen: 7536K->464K(8192K)] 14831K->7759K(26112K), 0.0004660 secs] [Times: user=0.00 sys=0.00, real=0.00 secs] 
231.667: Total time for which application threads were stopped: 0.0005760 seconds, Stopping threads took: 0.0000480 seconds
231.710: Application time: 0.0430360 seconds
231.710: [GC [PSYoungGen: 7632K->544K(8192K)] 14927K->7839K(26112K), 0.0004850 secs] [Times: user=0.00 sys=0.00, real=0.00 secs] 
231.710: Total time for which application threads were stopped: 0.0005890 seconds, Stopping threads took: 0.0000400 seconds
231.754: Application time: 0.0433220 seconds
231.754: [GC [PSYoungGen: 7712K->464K(8192K)] 15007K->7759K(26112K), 0.0004710 secs] [Times: user=0.01 sys=0.00, real=0.00 secs] 
231.754: Total time for which application threads were stopped: 0.0005710 seconds, Stopping threads took: 0.0000410 seconds
231.798: Application time: 0.0434230 seconds
231.798: [GC [PSYoungGen: 7632K->496K(8192K)] 14927K->7791K(26112K), 0.0004350 secs] [Times: user=0.00 sys=0.00, real=0.00 secs] 
231.798: Total time for which application threads were stopped: 0.0005440 seconds, Stopping threads took: 0.0000480 seconds
231.843: Application time: 0.0446380 seconds
231.843: [GC [PSYoungGen: 7664K->464K(8192K)] 14959K->7759K(26112K), 0.0004470 secs] [Times: user=0.00 sys=0.00, real=0.00 secs] 
231.843: Total time for which application threads were stopped: 0.0005480 seconds, Stopping threads took: 0.0000400 seconds
231.886: Application time: 0.0431600 seconds
231.887: [GC [PSYoungGen: 7632K->448K(8192K)] 14927K->7743K(26112K), 0.0004320 secs] [Times: user=0.00 sys=0.00, real=0.00 secs] 
231.887: Total time for which application threads were stopped: 0.0005530 seconds, Stopping threads took: 0.0000570 seconds
231.930: Application time: 0.0433260 seconds
231.930: [GC [PSYoungGen: 7616K->496K(8192K)] 14911K->7791K(26112K), 0.0004880 secs] [Times: user=0.00 sys=0.00, real=0.00 secs] 
231.931: Total time for which application threads were stopped: 0.0006020 seconds, Stopping threads took: 0.0000440 seconds
231.974: Application time: 0.0434260 seconds
231.974: [GC [PSYoungGen: 7664K->464K(8192K)] 14959K->7759K(26112K), 0.0004440 secs] [Times: user=0.00 sys=0.00, real=0.00 secs] 
231.975: Total time for which application threads were stopped: 0.0005600 seconds, Stopping threads took: 0.0000520 seconds
232.019: Application time: 0.0439700 seconds
232.019: [GC [PSYoungGen: 7632K->480K(8192K)] 14927K->7775K(26112K), 0.0004980 secs] [Times: user=0.01 sys=0.00, real=0.00 secs] 
232.020: Total time for which application threads were stopped: 0.0006140 seconds, Stopping threads took: 0.0000490 seconds
232.063: Application time: 0.0431800 seconds
232.063: [GC [PSYoungGen: 7648K->480K(8192K)] 14943K->7775K(26112K), 0.0004630 secs] [Times: user=0.00 sys=0.00, real=0.00 secs] 
232.063: Total time for which application threads were stopped: 0.0005580 seconds, Stopping threads took: 0.0000360 seconds
232.106: Application time: 0.0431480 seconds
232.106: [GC [PSYoungGen: 7648K->528K(8192K)] 14943K->7823K(26112K), 0.0004870 secs] [Times: user=0.00 sys=0.00, real=0.00 secs] 
232.107: Total time for which application threads were stopped: 0.0005900 seconds, Stopping threads took: 0.0000410 seconds
232.150: Application time: 0.0434010 seconds
232.150: [GC [PSYoungGen: 7696K->384K(8192K)] 14991K->7791K(26112K), 0.0004760 secs] [Times: user=0.00 sys=0.00, real=0.00 secs] 
232.151: Total time for which application threads were stopped: 0.0005840 seconds, Stopping threads took: 0.0000460 seconds
232.194: Application time: 0.0432880 seconds
232.194: [GC [PSYoungGen: 7552K->336K(8192K)] 14959K->7791K(26112K), 0.0004550 secs] [Times: user=0.00 sys=0.00, real=0.00 secs] 
232.195: Total time for which application threads were stopped: 0.0005580 seconds, Stopping threads took: 0.0000410 seconds
232.239: Application time: 0.0436770 seconds
232.239: [GC [PSYoungGen: 7504K->400K(8192K)] 14959K->7855K(26112K), 0.0004120 secs] [Times: user=0.00 sys=0.00, real=0.00 secs] 
232.239: Total time for which application threads were stopped: 0.0005200 seconds, Stopping threads took: 0.0000480 seconds
232.283: Application time: 0.0436890 seconds
232.283: [GC [PSYoungGen: 7568K->336K(8192K)] 15023K->7839K(26112K), 0.0004240 secs] [Times: user=0.00 sys=0.00, real=0.00 secs] 
232.283: Total time for which application threads were stopped: 0.0005260 seconds, Stopping threads took: 0.0000440 seconds
232.327: Application time: 0.0432830 seconds
232.327: [GC [PSYoungGen: 7504K->272K(8192K)] 15007K->7855K(26112K), 0.0004380 secs] [Times: user=0.01 sys=0.00, real=0.00 secs] 
232.327: Total time for which application threads were stopped: 0.0005390 seconds, Stopping threads took: 0.0000430 seconds
232.368: Application time: 0.0411070 seconds
232.368: [GC [PSYoungGen: 7440K->320K(8192K)] 15023K->7951K(26112K), 0.0004380 secs] [Times: user=0.01 sys=0.00, real=0.00 secs] 
232.369: Total time for which application threads were stopped: 0.0005540 seconds, Stopping threads took: 0.0000540 seconds
232.412: Application time: 0.0432510 seconds
232.412: [GC [PSYoungGen: 7488K->352K(8192K)] 15119K->7983K(26112K), 0.0004060 secs] [Times: user=0.00 sys=0.00, real=0.00 secs] 
232.413: Total time for which application threads were stopped: 0.0005140 seconds, Stopping threads took: 0.0000480 seconds
232.455: Application time: 0.0423700 seconds
232.455: [GC [PSYoungGen: 7520K->368K(8192K)] 15151K->7999K(26112K), 0.0004470 secs] [Times: user=0.00 sys=0.00, real=0.00 secs] 
232.455: Total time for which application threads were stopped: 0.0005550 seconds, Stopping threads took: 0.0000470 seconds
232.494: Application time: 0.0383990 seconds
232.494: [GC [PSYoungGen: 7536K->432K(8192K)] 15167K->8063K(26112K), 0.0004440 secs] [Times: user=0.00 sys=0.00, real=0.00 secs] 
232.494: Total time for which application threads were stopped: 0.0005460 seconds, Stopping threads took: 0.0000420 seconds
232.533: Application time: 0.0385910 seconds
232.533: [GC [PSYoungGen: 7600K->496K(8192K)] 15231K->8127K(26112K), 0.0004210 secs] [Times: user=0.00 sys=0.00, real=0.00 secs] 
232.534: Total time for which application threads were stopped: 0.0005420 seconds, Stopping threads took: 0.0000500 seconds
232.573: Application time: 0.0391080 seconds
232.573: [GC [PSYoungGen: 7664K->464K(8192K)] 15295K->8095K(26112K), 0.0004290 secs] [Times: user=0.00 sys=0.00, real=0.00 secs] 
232.573: Total time for which application threads were stopped: 0.0005320 seconds, Stopping threads took: 0.0000410 seconds
232.613: Application time: 0.0393430 seconds
232.613: [GC [PSYoungGen: 7632K->544K(8192K)] 15263K->8175K(26112K), 0.0004100 secs] [Times: user=0.00 sys=0.00, real=0.00 secs] 
232.613: Total time for which application threads were stopped: 0.0005120 seconds, Stopping threads took: 0.0000410 seconds
232.653: Application time: 0.0394960 seconds
232.653: [GC [PSYoungGen: 7712K->512K(8192K)] 15343K->8143K(26112K), 0.0004610 secs] [Times: user=0.00 sys=0.00, real=0.00 secs] 
232.653: Total time for which application threads were stopped: 0.0005620 seconds, Stopping threads took: 0.0000390 seconds
232.693: Application time: 0.0396420 seconds
232.693: [GC [PSYoungGen: 7680K->512K(8192K)] 15311K->8143K(26112K), 0.0004420 secs] [Times: user=0.00 sys=0.00, real=0.00 secs] 
232.693: Total time for which application threads were stopped: 0.0005320 seconds, Stopping threads took: 0.0000430 seconds
232.733: Application time: 0.0394510 seconds
232.733: [GC [PSYoungGen: 7680K->496K(8192K)] 15311K->8127K(26112K), 0.0004380 secs] [Times: user=0.00 sys=0.00, real=0.00 secs] 
232.733: Total time for which application threads were stopped: 0.0005390 seconds, Stopping threads took: 0.0000440 seconds
232.772: Application time: 0.0390630 seconds
232.772: [GC [PSYoungGen: 7664K->480K(8192K)] 15295K->8111K(26112K), 0.0004100 secs] [Times: user=0.00 sys=0.00, real=0.00 secs] 
232.773: Total time for which application threads were stopped: 0.0005210 seconds, Stopping threads took: 0.0000530 seconds
232.812: Application time: 0.0392790 seconds
232.812: [GC [PSYoungGen: 7648K->512K(8192K)] 15279K->8143K(26112K), 0.0005050 secs] [Times: user=0.00 sys=0.00, real=0.00 secs] 
232.813: Total time for which application threads were stopped: 0.0006180 seconds, Stopping threads took: 0.0000470 seconds
232.852: Application time: 0.0395530 seconds
232.852: [GC [PSYoungGen: 7680K->512K(8192K)] 15311K->8143K(26112K), 0.0004720 secs] [Times: user=0.00 sys=0.00, real=0.00 secs] 
232.853: Total time for which application threads were stopped: 0.0005660 seconds, Stopping threads took: 0.0000360 seconds
232.892: Application time: 0.0390950 seconds
232.892: [GC [PSYoungGen: 7680K->512K(8192K)] 15311K->8143K(26112K), 0.0004230 secs] [Times: user=0.00 sys=0.00, real=0.00 secs] 
232.892: Total time for which application threads were stopped: 0.0005190 seconds, Stopping threads took: 0.0000380 seconds
232.932: Application time: 0.0393320 seconds
232.932: [GC [PSYoungGen: 7680K->576K(8192K)] 15311K->8207K(26112K), 0.0004920 secs] [Times: user=0.01 sys=0.00, real=0.00 secs] 
232.932: Total time for which application threads were stopped: 0.0006110 seconds, Stopping threads took: 0.0000510 seconds
232.972: Application time: 0.0395030 seconds
232.972: [GC [PSYoungGen: 7744K->384K(8192K)] 15375K->8151K(26112K), 0.0004950 secs] [Times: user=0.00 sys=0.00, real=0.00 secs] 
232.973: Total time for which application threads were stopped: 0.0005910 seconds, Stopping threads took: 0.0000400 seconds
233.012: Application time: 0.0392610 seconds
233.012: [GC [PSYoungGen: 7552K->352K(8192K)] 15319K->8119K(26112K), 0.0004050 secs] [Times: user=0.00 sys=0.00, real=0.00 secs] 
233.012: Total time for which application threads were stopped: 0.0005070 seconds, Stopping threads took: 0.0000430 seconds
233.052: Application time: 0.0396640 seconds
233.052: [GC [PSYoungGen: 7520K->368K(8192K)] 15287K->8135K(26112K), 0.0003910 secs] [Times: user=0.01 sys=0.00, real=0.00 secs] 
233.052: Total time for which application threads were stopped: 0.0005050 seconds, Stopping threads took: 0.0000460 seconds
233.092: Application time: 0.0393010 seconds
233.092: [GC [PSYoungGen: 7536K->288K(8192K)] 15303K->8151K(26112K), 0.0004220 secs] [Times: user=0.00 sys=0.00, real=0.00 secs] 
233.092: Total time for which application threads were stopped: 0.0005210 seconds, Stopping threads took: 0.0000410 seconds
233.131: Application time: 0.0391230 seconds
233.131: [GC [PSYoungGen: 7456K->272K(8192K)] 15319K->8199K(26112K), 0.0003940 secs] [Times: user=0.01 sys=0.00, real=0.00 secs] 
233.132: Total time for which application threads were stopped: 0.0004900 seconds, Stopping threads took: 0.0000390 seconds
233.169: Application time: 0.0373500 seconds
233.169: [GC [PSYoungGen: 7440K->352K(8192K)] 15367K->8335K(26112K), 0.0004030 secs] [Times: user=0.01 sys=0.00, real=0.00 secs] 
233.170: Total time for which application threads were stopped: 0.0005150 seconds, Stopping threads took: 0.0000480 seconds
233.209: Application time: 0.0394500 seconds
233.209: [GC [PSYoungGen: 7520K->368K(8192K)] 15503K->8351K(26112K), 0.0003880 secs] [Times: user=0.00 sys=0.00, real=0.00 secs] 
233.210: Total time for which application threads were stopped: 0.0004800 seconds, Stopping threads took: 0.0000350 seconds
233.249: Application time: 0.0392740 seconds
233.249: [GC [PSYoungGen: 7536K->352K(8192K)] 15519K->8335K(26112K), 0.0004240 secs] [Times: user=0.01 sys=0.00, real=0.00 secs] 
233.249: Total time for which application threads were stopped: 0.0005220 seconds, Stopping threads took: 0.0000400 seconds
233.288: Application time: 0.0384220 seconds
233.288: [GC [PSYoungGen: 7520K->480K(8192K)] 15503K->8463K(26112K), 0.0004460 secs] [Times: user=0.00 sys=0.00, real=0.00 secs] 
233.288: Total time for which application threads were stopped: 0.0005490 seconds, Stopping threads took: 0.0000430 seconds
233.327: Application time: 0.0385750 seconds
233.327: [GC [PSYoungGen: 7648K->528K(8192K)] 15631K->8511K(26112K), 0.0004180 secs] [Times: user=0.00 sys=0.00, real=0.00 secs] 
233.328: Total time for which application threads were stopped: 0.0005260 seconds, Stopping threads took: 0.0000480 seconds
233.367: Application time: 0.0395490 seconds
233.367: [GC [PSYoungGen: 7696K->480K(8192K)] 15679K->8463K(26112K), 0.0004190 secs] [Times: user=0.01 sys=0.00, real=0.00 secs] 
233.368: Total time for which application threads were stopped: 0.0005180 seconds, Stopping threads took: 0.0000400 seconds
233.407: Application time: 0.0393950 seconds
233.407: [GC [PSYoungGen: 7648K->496K(8192K)] 15631K->8479K(26112K), 0.0004440 secs] [Times: user=0.00 sys=0.00, real=0.00 secs] 
233.408: Total time for which application threads were stopped: 0.0005520 seconds, Stopping threads took: 0.0000490 seconds
233.447: Application time: 0.0394050 seconds
233.447: [GC [PSYoungGen: 7664K->528K(8192K)] 15647K->8511K(26112K), 0.0004610 secs] [Times: user=0.00 sys=0.00, real=0.00 secs] 
233.448: Total time for which application threads were stopped: 0.0005650 seconds, Stopping threads took: 0.0000460 seconds
233.487: Application time: 0.0395030 seconds
233.487: [GC [PSYoungGen: 7696K->528K(8192K)] 15679K->8511K(26112K), 0.0004550 secs] [Times: user=0.00 sys=0.00, real=0.00 secs] 
233.488: Total time for which application threads were stopped: 0.0005510 seconds, Stopping threads took: 0.0000380 seconds
233.527: Application time: 0.0395330 seconds
233.527: [GC [PSYoungGen: 7696K->480K(8192K)] 15679K->8463K(26112K), 0.0004530 secs] [Times: user=0.00 sys=0.00, real=0.00 secs] 
233.528: Total time for which application threads were stopped: 0.0005500 seconds, Stopping threads took: 0.0000390 seconds
233.567: Application time: 0.0391820 seconds
233.567: [GC [PSYoungGen: 7648K->480K(8192K)] 15631K->8463K(26112K), 0.0005050 secs] [Times: user=0.00 sys=0.00, real=0.00 secs] 
233.568: Total time for which application threads were stopped: 0.0006150 seconds, Stopping threads took: 0.0000430 seconds
233.607: Application time: 0.0392480 seconds
233.607: [GC [PSYoungGen: 7648K->480K(8192K)] 15631K->8463K(26112K), 0.0004840 secs] [Times: user=0.00 sys=0.00, real=0.00 secs] 
233.607: Total time for which application threads were stopped: 0.0005850 seconds, Stopping threads took: 0.0000450 seconds
233.647: Application time: 0.0396410 seconds
233.647: [GC [PSYoungGen: 7648K->496K(8192K)] 15631K->8479K(26112K), 0.0004690 secs] [Times: user=0.00 sys=0.00, real=0.00 secs] 
233.648: Total time for which application threads were stopped: 0.0005690 seconds, Stopping threads took: 0.0000440 seconds
233.687: Application time: 0.0391870 seconds
233.687: [GC [PSYoungGen: 7664K->496K(8192K)] 15647K->8479K(26112K), 0.0004210 secs] [Times: user=0.00 sys=0.00, real=0.00 secs] 
233.687: Total time for which application threads were stopped: 0.0005200 seconds, Stopping threads took: 0.0000410 seconds
233.727: Application time: 0.0392420 seconds
233.727: [GC [PSYoungGen: 7664K->496K(8192K)] 15647K->8479K(26112K), 0.0004090 secs] [Times: user=0.00 sys=0.00, real=0.00 secs] 
233.727: Total time for which application threads were stopped: 0.0005180 seconds, Stopping threads took: 0.0000490 seconds
233.767: Application time: 0.0396480 seconds
233.767: [GC [PSYoungGen: 7664K->384K(8192K)] 15647K->8523K(26112K), 0.0004190 secs] [Times: user=0.00 sys=0.00, real=0.00 secs] 
233.767: Total time for which application threads were stopped: 0.0005340 seconds, Stopping threads took: 0.0000530 seconds
233.807: Application time: 0.0394950 seconds
233.807: [GC [PSYoungGen: 7552K->336K(8192K)] 15691K->8475K(26112K), 0.0003870 secs] [Times: user=0.00 sys=0.00, real=0.00 secs] 
233.807: Total time for which application threads were stopped: 0.0004880 seconds, Stopping threads took: 0.0000430 seconds
233.847: Application time: 0.0394750 seconds
233.847: [GC [PSYoungGen: 7504K->352K(8192K)] 15643K->8491K(26112K), 0.0004210 secs] [Times: user=0.00 sys=0.00, real=0.00 secs] 
233.847: Total time for which application threads were stopped: 0.0005360 seconds, Stopping threads took: 0.0000590 seconds
233.886: Application time: 0.0392610 seconds
233.887: [GC [PSYoungGen: 7520K->320K(8192K)] 15659K->8547K(26112K), 0.0003660 secs] [Times: user=0.00 sys=0.00, real=0.00 secs] 
233.887: Total time for which application threads were stopped: 0.0004680 seconds, Stopping threads took: 0.0000450 seconds
233.926: Application time: 0.0385980 seconds
233.926: [GC [PSYoungGen: 7473K->288K(8192K)] 15701K->8604K(26112K), 0.0004220 secs] [Times: user=0.00 sys=0.00, real=0.00 secs] 
233.926: Total time for which application threads were stopped: 0.0005480 seconds, Stopping threads took: 0.0000570 seconds
233.964: Application time: 0.0382610 seconds
233.964: [GC [PSYoungGen: 7456K->352K(8192K)] 15772K->8668K(26112K), 0.0004150 secs] [Times: user=0.00 sys=0.00, real=0.00 secs] 
233.965: Total time for which application threads were stopped: 0.0005170 seconds, Stopping threads took: 0.0000440 seconds
234.004: Application time: 0.0392600 seconds
234.004: [GC [PSYoungGen: 7520K->400K(8192K)] 15836K->8716K(26112K), 0.0003730 secs] [Times: user=0.01 sys=0.00, real=0.00 secs] 
234.005: Total time for which application threads were stopped: 0.0004720 seconds, Stopping threads took: 0.0000430 seconds
234.043: Application time: 0.0385310 seconds
234.043: [GC [PSYoungGen: 7568K->400K(8192K)] 15884K->8716K(26112K), 0.0004130 secs] [Times: user=0.00 sys=0.00, real=0.00 secs] 
234.044: Total time for which application threads were stopped: 0.0005210 seconds, Stopping threads took: 0.0000480 seconds
234.083: Application time: 0.0393900 seconds
234.083: [GC [PSYoungGen: 7568K->416K(8192K)] 15884K->8732K(26112K), 0.0004510 secs] [Times: user=0.00 sys=0.00, real=0.00 secs] 
234.084: Total time for which application threads were stopped: 0.0005640 seconds, Stopping threads took: 0.0000430 seconds
234.122: Application time: 0.0383950 seconds
234.122: [GC [PSYoungGen: 7584K->496K(8192K)] 15900K->8812K(26112K), 0.0005020 secs] [Times: user=0.01 sys=0.00, real=0.00 secs] 
234.123: Total time for which application threads were stopped: 0.0006160 seconds, Stopping threads took: 0.0000520 seconds
234.162: Application time: 0.0396530 seconds
234.162: [GC [PSYoungGen: 7664K->432K(8192K)] 15980K->8748K(26112K), 0.0004640 secs] [Times: user=0.01 sys=0.00, real=0.00 secs] 
234.163: Total time for which application threads were stopped: 0.0005690 seconds, Stopping threads took: 0.0000450 seconds
234.202: Application time: 0.0393000 seconds
234.202: [GC [PSYoungGen: 7600K->464K(8192K)] 15916K->8780K(26112K), 0.0004570 secs] [Times: user=0.00 sys=0.00, real=0.00 secs] 
234.203: Total time for which application threads were stopped: 0.0005560 seconds, Stopping threads took: 0.0000410 seconds
234.242: Application time: 0.0397500 seconds
234.243: [GC [PSYoungGen: 7632K->464K(8192K)] 15948K->8780K(26112K), 0.0005240 secs] [Times: user=0.00 sys=0.00, real=0.00 secs] 
234.243: Total time for which application threads were stopped: 0.0006190 seconds, Stopping threads took: 0.0000400 seconds
234.282: Application time: 0.0393700 seconds
234.283: [GC [PSYoungGen: 7632K->512K(8192K)] 15948K->8828K(26112K), 0.0004190 secs] [Times: user=0.00 sys=0.00, real=0.00 secs] 
234.283: Total time for which application threads were stopped: 0.0005190 seconds, Stopping threads took: 0.0000420 seconds
234.322: Application time: 0.0392760 seconds
234.322: [GC [PSYoungGen: 7680K->480K(8192K)] 15996K->8796K(26112K), 0.0004190 secs] [Times: user=0.00 sys=0.00, real=0.00 secs] 
234.323: Total time for which application threads were stopped: 0.0005560 seconds, Stopping threads took: 0.0000760 seconds
234.362: Application time: 0.0392520 seconds
234.362: [GC [PSYoungGen: 7648K->464K(8192K)] 15964K->8780K(26112K), 0.0004720 secs] [Times: user=0.00 sys=0.00, real=0.00 secs] 
234.363: Total time for which application threads were stopped: 0.0005790 seconds, Stopping threads took: 0.0000490 seconds
234.402: Application time: 0.0392070 seconds
234.402: [GC [PSYoungGen: 7632K->496K(8192K)] 15948K->8812K(26112K), 0.0004190 secs] [Times: user=0.01 sys=0.00, real=0.00 secs] 
234.402: Total time for which application threads were stopped: 0.0005210 seconds, Stopping threads took: 0.0000450 seconds
234.442: Application time: 0.0392810 seconds
234.442: [GC [PSYoungGen: 7664K->496K(8192K)] 15980K->8812K(26112K), 0.0004260 secs] [Times: user=0.01 sys=0.00, real=0.00 secs] 
234.442: Total time for which application threads were stopped: 0.0005360 seconds, Stopping threads took: 0.0000430 seconds
234.482: Application time: 0.0393560 seconds
234.482: [GC [PSYoungGen: 7664K->528K(8192K)] 15980K->8844K(26112K), 0.0004260 secs] [Times: user=0.00 sys=0.00, real=0.00 secs] 
234.482: Total time for which application threads were stopped: 0.0005320 seconds, Stopping threads took: 0.0000480 seconds
234.522: Application time: 0.0396340 seconds
234.522: [GC [PSYoungGen: 7696K->416K(8192K)] 16012K->8820K(26112K), 0.0004240 secs] [Times: user=0.00 sys=0.00, real=0.00 secs] 
234.522: Total time for which application threads were stopped: 0.0005340 seconds, Stopping threads took: 0.0000500 seconds
234.562: Application time: 0.0394440 seconds
234.562: [GC [PSYoungGen: 7584K->368K(8192K)] 15988K->8860K(26112K), 0.0004700 secs] [Times: user=0.01 sys=0.00, real=0.00 secs] 
234.562: Total time for which application threads were stopped: 0.0005670 seconds, Stopping threads took: 0.0000430 seconds
234.602: Application time: 0.0392870 seconds
234.602: [GC [PSYoungGen: 7536K->384K(8192K)] 16028K->8876K(26112K), 0.0003790 secs] [Times: user=0.00 sys=0.00, real=0.00 secs] 
234.602: Total time for which application threads were stopped: 0.0004940 seconds, Stopping threads took: 0.0000460 seconds
234.642: Application time: 0.0394750 seconds
234.642: [GC [PSYoungGen: 7552K->288K(8192K)] 16044K->8868K(26112K), 0.0003900 secs] [Times: user=0.00 sys=0.00, real=0.00 secs] 
234.642: Total time for which application threads were stopped: 0.0004970 seconds, Stopping threads took: 0.0000480 seconds
234.682: Application time: 0.0396740 seconds
234.682: [GC [PSYoungGen: 7456K->288K(8192K)] 16036K->8868K(26112K), 0.0003860 secs] [Times: user=0.00 sys=0.00, real=0.00 secs] 
234.682: Total time for which application threads were stopped: 0.0004910 seconds, Stopping threads took: 0.0000470 seconds
234.720: Application time: 0.0381270 seconds
234.720: [GC [PSYoungGen: 7456K->352K(8192K)] 16036K->9020K(26112K), 0.0004430 secs] [Times: user=0.00 sys=0.00, real=0.00 secs] 
234.721: Total time for which application threads were stopped: 0.0005430 seconds, Stopping threads took: 0.0000410 seconds
234.759: Application time: 0.0384550 seconds
234.759: [GC [PSYoungGen: 7520K->384K(8192K)] 16188K->9052K(26112K), 0.0004290 secs] [Times: user=0.00 sys=0.00, real=0.00 secs] 
234.760: Total time for which application threads were stopped: 0.0005300 seconds, Stopping threads took: 0.0000410 seconds
234.799: Application time: 0.0396180 seconds
234.800: [GC [PSYoungGen: 7552K->368K(8192K)] 16220K->9036K(26112K), 0.0003810 secs] [Times: user=0.00 sys=0.00, real=0.00 secs] 
234.800: Total time for which application threads were stopped: 0.0004810 seconds, Stopping threads took: 0.0000420 seconds
234.838: Application time: 0.0383700 seconds
234.838: [GC [PSYoungGen: 7536K->432K(8192K)] 16204K->9100K(26112K), 0.0004170 secs] [Times: user=0.00 sys=0.00, real=0.00 secs] 
234.839: Total time for which application threads were stopped: 0.0005090 seconds, Stopping threads took: 0.0000330 seconds
234.878: Application time: 0.0390470 seconds
234.878: [GC [PSYoungGen: 7600K->448K(8192K)] 16268K->9116K(26112K), 0.0004190 secs] [Times: user=0.00 sys=0.00, real=0.00 secs] 
234.878: Total time for which application threads were stopped: 0.0005150 seconds, Stopping threads took: 0.0000390 seconds
234.918: Application time: 0.0392840 seconds
234.918: [GC [PSYoungGen: 7616K->480K(8192K)] 16284K->9148K(26112K), 0.0004550 secs] [Times: user=0.00 sys=0.00, real=0.00 secs] 
234.918: Total time for which application threads were stopped: 0.0005700 seconds, Stopping threads took: 0.0000480 seconds
234.958: Application time: 0.0394520 seconds
234.958: [GC [PSYoungGen: 7648K->512K(8192K)] 16316K->9180K(26112K), 0.0004200 secs] [Times: user=0.00 sys=0.00, real=0.00 secs] 
234.958: Total time for which application threads were stopped: 0.0005240 seconds, Stopping threads took: 0.0000450 seconds
234.997: Application time: 0.0392600 seconds
234.998: [GC [PSYoungGen: 7680K->480K(8192K)] 16348K->9148K(26112K), 0.0004760 secs] [Times: user=0.01 sys=0.00, real=0.00 secs] 
234.998: Total time for which application threads were stopped: 0.0005780 seconds, Stopping threads took: 0.0000420 seconds
235.038: Application time: 0.0397620 seconds
235.038: [GC [PSYoungGen: 7648K->432K(8192K)] 16316K->9100K(26112K), 0.0004260 secs] [Times: user=0.01 sys=0.00, real=0.00 secs] 
235.038: Total time for which application threads were stopped: 0.0005240 seconds, Stopping threads took: 0.0000390 seconds
235.078: Application time: 0.0398190 seconds
235.078: [GC [PSYoungGen: 7600K->464K(8192K)] 16268K->9132K(26112K), 0.0004180 secs] [Times: user=0.01 sys=0.00, real=0.00 secs] 
235.079: Total time for which application threads were stopped: 0.0005180 seconds, Stopping threads took: 0.0000410 seconds
235.118: Application time: 0.0391750 seconds
235.118: [GC [PSYoungGen: 7632K->512K(8192K)] 16300K->9180K(26112K), 0.0004300 secs] [Times: user=0.00 sys=0.00, real=0.00 secs] 
235.118: Total time for which application threads were stopped: 0.0005420 seconds, Stopping threads took: 0.0000420 seconds
235.158: Application time: 0.0392680 seconds
235.158: [GC [PSYoungGen: 7680K->480K(8192K)] 16348K->9148K(26112K), 0.0004290 secs] [Times: user=0.01 sys=0.00, real=0.00 secs] 
235.158: Total time for which application threads were stopped: 0.0005290 seconds, Stopping threads took: 0.0000430 seconds
235.198: Application time: 0.0401790 seconds
235.198: [GC [PSYoungGen: 7648K->480K(8192K)] 16316K->9148K(26112K), 0.0004710 secs] [Times: user=0.01 sys=0.00, real=0.00 secs] 
235.199: Total time for which application threads were stopped: 0.0005700 seconds, Stopping threads took: 0.0000390 seconds
235.238: Application time: 0.0392830 seconds
235.238: [GC [PSYoungGen: 7648K->464K(8192K)] 16316K->9132K(26112K), 0.0004260 secs] [Times: user=0.00 sys=0.00, real=0.00 secs] 
235.239: Total time for which application threads were stopped: 0.0005330 seconds, Stopping threads took: 0.0000500 seconds
235.278: Application time: 0.0392580 seconds
235.278: [GC [PSYoungGen: 7632K->432K(8192K)] 16300K->9100K(26112K), 0.0004170 secs] [Times: user=0.00 sys=0.00, real=0.00 secs] 
235.279: Total time for which application threads were stopped: 0.0005430 seconds, Stopping threads took: 0.0000670 seconds
235.318: Application time: 0.0392100 seconds
235.318: [GC [PSYoungGen: 7600K->384K(8192K)] 16268K->9176K(26112K), 0.0004640 secs] [Times: user=0.00 sys=0.00, real=0.00 secs] 
235.318: Total time for which application threads were stopped: 0.0005690 seconds, Stopping threads took: 0.0000460 seconds
235.358: Application time: 0.0392870 seconds
235.358: [GC [PSYoungGen: 7552K->368K(8192K)] 16344K->9208K(26112K), 0.0003840 secs] [Times: user=0.00 sys=0.00, real=0.00 secs] 
235.358: Total time for which application threads were stopped: 0.0004860 seconds, Stopping threads took: 0.0000450 seconds
235.398: Application time: 0.0395490 seconds
235.398: [GC [PSYoungGen: 7536K->336K(8192K)] 16376K->9176K(26112K), 0.0004120 secs] [Times: user=0.00 sys=0.00, real=0.00 secs] 
235.398: Total time for which application threads were stopped: 0.0005130 seconds, Stopping threads took: 0.0000450 seconds
235.438: Application time: 0.0398410 seconds
235.438: [GC [PSYoungGen: 7504K->320K(8192K)] 16344K->9248K(26112K), 0.0003780 secs] [Times: user=0.00 sys=0.00, real=0.00 secs] 
235.439: Total time for which application threads were stopped: 0.0004810 seconds, Stopping threads took: 0.0000460 seconds
235.477: Application time: 0.0387130 seconds
235.477: [GC [PSYoungGen: 7488K->304K(8192K)] 16416K->9288K(26112K), 0.0004100 secs] [Times: user=0.00 sys=0.00, real=0.00 secs] 
235.478: Total time for which application threads were stopped: 0.0005060 seconds, Stopping threads took: 0.0000370 seconds
235.516: Application time: 0.0379870 seconds
235.516: [GC [PSYoungGen: 7472K->352K(8192K)] 16456K->9376K(26112K), 0.0004620 secs] [Times: user=0.00 sys=0.00, real=0.00 secs] 
235.516: Total time for which application threads were stopped: 0.0005750 seconds, Stopping threads took: 0.0000530 seconds
235.556: Application time: 0.0392350 seconds
235.556: [GC [PSYoungGen: 7520K->336K(8192K)] 16544K->9360K(26112K), 0.0004020 secs] [Times: user=0.00 sys=0.00, real=0.00 secs] 
235.556: Total time for which application threads were stopped: 0.0004960 seconds, Stopping threads took: 0.0000410 seconds
235.595: Application time: 0.0392580 seconds
235.595: [GC [PSYoungGen: 7503K->352K(8192K)] 16528K->9376K(26112K), 0.0004440 secs] [Times: user=0.00 sys=0.00, real=0.00 secs] 
235.596: Total time for which application threads were stopped: 0.0005410 seconds, Stopping threads took: 0.0000380 seconds
235.635: Application time: 0.0387800 seconds
235.635: [GC [PSYoungGen: 7520K->432K(8192K)] 16544K->9456K(26112K), 0.0004160 secs] [Times: user=0.00 sys=0.00, real=0.00 secs] 
235.635: Total time for which application threads were stopped: 0.0005280 seconds, Stopping threads took: 0.0000410 seconds
235.673: Application time: 0.0382370 seconds
235.673: [GC [PSYoungGen: 7600K->496K(8192K)] 16624K->9520K(26112K), 0.0004120 secs] [Times: user=0.00 sys=0.00, real=0.00 secs] 
235.674: Total time for which application threads were stopped: 0.0005200 seconds, Stopping threads took: 0.0000450 seconds
235.713: Application time: 0.0395070 seconds
235.714: [GC [PSYoungGen: 7664K->496K(8192K)] 16688K->9520K(26112K), 0.0004710 secs] [Times: user=0.01 sys=0.00, real=0.00 secs] 
235.714: Total time for which application threads were stopped: 0.0005760 seconds, Stopping threads took: 0.0000490 seconds
235.753: Application time: 0.0393440 seconds
235.753: [GC [PSYoungGen: 7664K->512K(8192K)] 16688K->9536K(26112K), 0.0004160 secs] [Times: user=0.00 sys=0.00, real=0.00 secs] 
235.754: Total time for which application threads were stopped: 0.0005180 seconds, Stopping threads took: 0.0000420 seconds
235.794: Application time: 0.0397570 seconds
235.794: [GC [PSYoungGen: 7680K->464K(8192K)] 16704K->9488K(26112K), 0.0004330 secs] [Times: user=0.01 sys=0.00, real=0.00 secs] 
235.794: Total time for which application threads were stopped: 0.0005380 seconds, Stopping threads took: 0.0000490 seconds
235.833: Application time: 0.0393000 seconds
235.834: [GC [PSYoungGen: 7632K->464K(8192K)] 16656K->9488K(26112K), 0.0004550 secs] [Times: user=0.00 sys=0.00, real=0.00 secs] 
235.834: Total time for which application threads were stopped: 0.0005590 seconds, Stopping threads took: 0.0000460 seconds
235.874: Application time: 0.0395440 seconds
235.877: [GC [PSYoungGen: 7632K->544K(8192K)] 16656K->9568K(26112K), 0.0004680 secs] [Times: user=0.00 sys=0.00, real=0.00 secs] 
235.879: Total time for which application threads were stopped: 0.0050580 seconds, Stopping threads took: 0.0034560 seconds
235.918: Application time: 0.0392080 seconds
235.918: [GC [PSYoungGen: 7712K->528K(8192K)] 16736K->9552K(26112K), 0.0005530 secs] [Times: user=0.00 sys=0.00, real=0.00 secs] 
235.919: Total time for which application threads were stopped: 0.0006630 seconds, Stopping threads took: 0.0000430 seconds
235.958: Application time: 0.0397790 seconds
235.958: [GC [PSYoungGen: 7696K->496K(8192K)] 16720K->9520K(26112K), 0.0004340 secs] [Times: user=0.01 sys=0.00, real=0.00 secs] 
235.959: Total time for which application threads were stopped: 0.0005350 seconds, Stopping threads took: 0.0000430 seconds
235.998: Application time: 0.0393880 seconds
235.998: [GC [PSYoungGen: 7664K->496K(8192K)] 16688K->9520K(26112K), 0.0005100 secs] [Times: user=0.00 sys=0.00, real=0.00 secs] 
235.999: Total time for which application threads were stopped: 0.0006120 seconds, Stopping threads took: 0.0000430 seconds
236.038: Application time: 0.0391800 seconds
236.038: [GC [PSYoungGen: 7664K->464K(8192K)] 16688K->9488K(26112K), 0.0004610 secs] [Times: user=0.00 sys=0.00, real=0.00 secs] 
236.039: Total time for which application threads were stopped: 0.0005580 seconds, Stopping threads took: 0.0000360 seconds
236.078: Application time: 0.0391410 seconds
236.078: [GC [PSYoungGen: 7632K->464K(8192K)] 16656K->9528K(26112K), 0.0004290 secs] [Times: user=0.00 sys=0.00, real=0.00 secs] 
236.078: Total time for which application threads were stopped: 0.0005410 seconds, Stopping threads took: 0.0000460 seconds
236.118: Application time: 0.0393020 seconds
236.118: [GC [PSYoungGen: 7632K->368K(8192K)] 16696K->9548K(26112K), 0.0004500 secs] [Times: user=0.00 sys=0.00, real=0.00 secs] 
236.118: Total time for which application threads were stopped: 0.0005580 seconds, Stopping threads took: 0.0000500 seconds
236.158: Application time: 0.0395590 seconds
236.158: [GC [PSYoungGen: 7536K->352K(8192K)] 16716K->9532K(26112K), 0.0003990 secs] [Times: user=0.00 sys=0.00, real=0.00 secs] 
236.158: Total time for which application threads were stopped: 0.0005160 seconds, Stopping threads took: 0.0000470 seconds
236.197: Application time: 0.0392050 seconds
236.197: [GC [PSYoungGen: 7520K->384K(8192K)] 16700K->9564K(26112K), 0.0003900 secs] [Times: user=0.00 sys=0.00, real=0.00 secs] 
236.198: Total time for which application threads were stopped: 0.0004980 seconds, Stopping threads took: 0.0000510 seconds
236.237: Application time: 0.0395300 seconds
236.238: [GC [PSYoungGen: 7552K->288K(8192K)] 16732K->9564K(26112K), 0.0003790 secs] [Times: user=0.00 sys=0.00, real=0.00 secs] 
236.238: Total time for which application threads were stopped: 0.0004800 seconds, Stopping threads took: 0.0000420 seconds
236.276: Application time: 0.0384780 seconds
236.276: [GC [PSYoungGen: 7456K->304K(8192K)] 16732K->9668K(26112K), 0.0003810 secs] [Times: user=0.00 sys=0.00, real=0.00 secs] 
236.277: Total time for which application threads were stopped: 0.0004890 seconds, Stopping threads took: 0.0000480 seconds
236.315: Application time: 0.0383210 seconds
236.315: [GC [PSYoungGen: 7472K->368K(8192K)] 16836K->9732K(26112K), 0.0003860 secs] [Times: user=0.00 sys=0.00, real=0.00 secs] 
236.316: Total time for which application threads were stopped: 0.0004900 seconds, Stopping threads took: 0.0000440 seconds
236.355: Application time: 0.0393040 seconds
236.355: [GC [PSYoungGen: 7536K->368K(8192K)] 16900K->9732K(26112K), 0.0003840 secs] [Times: user=0.00 sys=0.00, real=0.00 secs] 
236.355: Total time for which application threads were stopped: 0.0004890 seconds, Stopping threads took: 0.0000500 seconds
236.394: Application time: 0.0384940 seconds
236.394: [GC [PSYoungGen: 7536K->432K(8192K)] 16900K->9796K(26112K), 0.0004100 secs] [Times: user=0.00 sys=0.00, real=0.00 secs] 
236.395: Total time for which application threads were stopped: 0.0005160 seconds, Stopping threads took: 0.0000470 seconds
236.434: Application time: 0.0394580 seconds
236.434: [GC [PSYoungGen: 7600K->400K(8192K)] 16964K->9764K(26112K), 0.0004150 secs] [Times: user=0.00 sys=0.00, real=0.00 secs] 
236.434: Total time for which application threads were stopped: 0.0005180 seconds, Stopping threads took: 0.0000460 seconds
236.473: Application time: 0.0381230 seconds
236.473: [GC [PSYoungGen: 7568K->464K(8192K)] 16932K->9828K(26112K), 0.0004770 secs] [Times: user=0.00 sys=0.00, real=0.00 secs] 
236.473: Total time for which application threads were stopped: 0.0005850 seconds, Stopping threads took: 0.0000490 seconds
236.513: Application time: 0.0397400 seconds
236.513: [GC [PSYoungGen: 7632K->496K(8192K)] 16996K->9860K(26112K), 0.0004670 secs] [Times: user=0.00 sys=0.00, real=0.00 secs] 
236.514: Total time for which application threads were stopped: 0.0005760 seconds, Stopping threads took: 0.0000500 seconds
236.553: Application time: 0.0396240 seconds
236.553: [GC [PSYoungGen: 7664K->512K(8192K)] 17028K->9876K(26112K), 0.0004290 secs] [Times: user=0.01 sys=0.00, real=0.00 secs] 
236.554: Total time for which application threads were stopped: 0.0005260 seconds, Stopping threads took: 0.0000400 seconds
236.593: Application time: 0.0393490 seconds
236.593: [GC [PSYoungGen: 7680K->528K(8192K)] 17044K->9892K(26112K), 0.0004180 secs] [Times: user=0.00 sys=0.00, real=0.00 secs] 
236.594: Total time for which application threads were stopped: 0.0005140 seconds, Stopping threads took: 0.0000380 seconds
236.633: Application time: 0.0397140 seconds
236.633: [GC [PSYoungGen: 7696K->496K(8192K)] 17060K->9860K(26112K), 0.0004250 secs] [Times: user=0.00 sys=0.00, real=0.00 secs] 
236.634: Total time for which application threads were stopped: 0.0005320 seconds, Stopping threads took: 0.0000420 seconds
236.673: Application time: 0.0390790 seconds
236.673: [GC [PSYoungGen: 7664K->464K(8192K)] 17028K->9828K(26112K), 0.0004110 secs] [Times: user=0.00 sys=0.00, real=0.00 secs] 
236.673: Total time for which application threads were stopped: 0.0005250 seconds, Stopping threads took: 0.0000470 seconds
236.713: Application time: 0.0392680 seconds
236.713: [GC [PSYoungGen: 7632K->480K(8192K)] 16996K->9844K(26112K), 0.0004180 secs] [Times: user=0.01 sys=0.00, real=0.00 secs] 
236.713: Total time for which application threads were stopped: 0.0005220 seconds, Stopping threads took: 0.0000450 seconds
236.753: Application time: 0.0395050 seconds
236.753: [GC [PSYoungGen: 7648K->480K(8192K)] 17012K->9844K(26112K), 0.0004210 secs] [Times: user=0.00 sys=0.00, real=0.00 secs] 
236.753: Total time for which application threads were stopped: 0.0005230 seconds, Stopping threads took: 0.0000410 seconds
236.792: Application time: 0.0392810 seconds
236.793: [GC [PSYoungGen: 7648K->496K(8192K)] 17012K->9860K(26112K), 0.0004030 secs] [Times: user=0.00 sys=0.00, real=0.00 secs] 
236.793: Total time for which application threads were stopped: 0.0005010 seconds, Stopping threads took: 0.0000400 seconds
236.832: Application time: 0.0391920 seconds
236.832: [GC [PSYoungGen: 7664K->464K(8192K)] 17028K->9828K(26112K), 0.0004240 secs] [Times: user=0.01 sys=0.00, real=0.00 secs] 
236.833: Total time for which application threads were stopped: 0.0005200 seconds, Stopping threads took: 0.0000390 seconds
236.872: Application time: 0.0393810 seconds
236.872: [GC [PSYoungGen: 7632K->416K(8192K)] 16996K->9876K(26112K), 0.0004220 secs] [Times: user=0.00 sys=0.00, real=0.00 secs] 
236.873: Total time for which application threads were stopped: 0.0005280 seconds, Stopping threads took: 0.0000430 seconds
236.913: Application time: 0.0401600 seconds
236.913: [GC [PSYoungGen: 7584K->336K(8192K)] 17044K->9892K(26112K), 0.0004590 secs] [Times: user=0.00 sys=0.00, real=0.00 secs] 
236.913: Total time for which application threads were stopped: 0.0005860 seconds, Stopping threads took: 0.0000570 seconds
236.953: Application time: 0.0392350 seconds
236.953: [GC [PSYoungGen: 7504K->400K(8192K)] 17060K->9956K(26112K), 0.0003960 secs] [Times: user=0.00 sys=0.00, real=0.00 secs] 
236.953: Total time for which application threads were stopped: 0.0004930 seconds, Stopping threads took: 0.0000380 seconds
236.992: Application time: 0.0392080 seconds
236.992: [GC [PSYoungGen: 7568K->304K(8192K)] 17124K->9941K(26112K), 0.0004980 secs] [Times: user=0.00 sys=0.00, real=0.00 secs] 
236.993: Total time for which application threads were stopped: 0.0005950 seconds, Stopping threads took: 0.0000410 seconds
237.032: Application time: 0.0393250 seconds
237.032: [GC [PSYoungGen: 7472K->320K(8192K)] 17109K->9957K(26112K), 0.0003580 secs] [Times: user=0.00 sys=0.00, real=0.00 secs] 
237.033: Total time for which application threads were stopped: 0.0004570 seconds, Stopping threads took: 0.0000420 seconds
237.070: Application time: 0.0377330 seconds
237.071: [GC [PSYoungGen: 7488K->304K(8192K)] 17125K->10029K(26112K), 0.0004400 secs] [Times: user=0.00 sys=0.00, real=0.00 secs] 
237.071: Total time for which application threads were stopped: 0.0005380 seconds, Stopping threads took: 0.0000390 seconds
237.110: Application time: 0.0390980 seconds
237.110: [GC [PSYoungGen: 7472K->400K(8192K)] 17197K->10125K(26112K), 0.0004720 secs] [Times: user=0.00 sys=0.00, real=0.00 secs] 
237.111: Total time for which application threads were stopped: 0.0005690 seconds, Stopping threads took: 0.0000390 seconds
237.150: Application time: 0.0397920 seconds
237.151: [GC [PSYoungGen: 7568K->352K(8192K)] 17293K->10077K(26112K), 0.0004430 secs] [Times: user=0.00 sys=0.00, real=0.00 secs] 
237.151: Total time for which application threads were stopped: 0.0005470 seconds, Stopping threads took: 0.0000460 seconds
237.189: Application time: 0.0383110 seconds
237.189: [GC [PSYoungGen: 7520K->416K(8192K)] 17245K->10141K(26112K), 0.0004290 secs] [Times: user=0.00 sys=0.00, real=0.00 secs] 
237.190: Total time for which application threads were stopped: 0.0005350 seconds, Stopping threads took: 0.0000370 seconds
237.229: Application time: 0.0390240 seconds
237.229: [GC [PSYoungGen: 7584K->496K(8192K)] 17309K->10221K(26112K), 0.0004620 secs] [Times: user=0.00 sys=0.00, real=0.01 secs] 
237.229: Total time for which application threads were stopped: 0.0005700 seconds, Stopping threads took: 0.0000480 seconds
237.269: Application time: 0.0391390 seconds
237.269: [GC [PSYoungGen: 7664K->512K(8192K)] 17389K->10237K(26112K), 0.0004620 secs] [Times: user=0.00 sys=0.00, real=0.01 secs] 
237.269: Total time for which application threads were stopped: 0.0005610 seconds, Stopping threads took: 0.0000430 seconds
237.308: Application time: 0.0392780 seconds
237.308: [GC [PSYoungGen: 7680K->560K(8192K)] 17405K->10285K(26112K), 0.0004710 secs] [Times: user=0.00 sys=0.00, real=0.00 secs] 
237.309: Total time for which application threads were stopped: 0.0005690 seconds, Stopping threads took: 0.0000370 seconds
237.348: Application time: 0.0393360 seconds
237.348: [GC [PSYoungGen: 7728K->512K(8192K)] 17453K->10237K(26112K), 0.0004280 secs] [Times: user=0.00 sys=0.00, real=0.00 secs] 
237.349: Total time for which application threads were stopped: 0.0005310 seconds, Stopping threads took: 0.0000470 seconds
237.388: Application time: 0.0394720 seconds
237.388: [GC [PSYoungGen: 7679K->496K(8192K)] 17404K->10221K(26112K), 0.0004110 secs] [Times: user=0.00 sys=0.00, real=0.00 secs] 
237.389: Total time for which application threads were stopped: 0.0005110 seconds, Stopping threads took: 0.0000420 seconds
237.428: Application time: 0.0396050 seconds
237.429: [GC [PSYoungGen: 7664K->496K(8192K)] 17389K->10221K(26112K), 0.0004380 secs] [Times: user=0.00 sys=0.00, real=0.00 secs] 
237.429: Total time for which application threads were stopped: 0.0005360 seconds, Stopping threads took: 0.0000390 seconds
237.468: Application time: 0.0390360 seconds
237.468: [GC [PSYoungGen: 7664K->512K(8192K)] 17389K->10237K(26112K), 0.0004640 secs] [Times: user=0.01 sys=0.00, real=0.00 secs] 
237.469: Total time for which application threads were stopped: 0.0005650 seconds, Stopping threads took: 0.0000410 seconds
237.508: Application time: 0.0392200 seconds
237.508: [GC [PSYoungGen: 7680K->496K(8192K)] 17405K->10221K(26112K), 0.0004540 secs] [Times: user=0.00 sys=0.00, real=0.00 secs] 
237.508: Total time for which application threads were stopped: 0.0005560 seconds, Stopping threads took: 0.0000440 seconds
237.548: Application time: 0.0392460 seconds
237.548: [GC [PSYoungGen: 7664K->480K(8192K)] 17389K->10205K(26112K), 0.0004240 secs] [Times: user=0.00 sys=0.00, real=0.00 secs] 
237.548: Total time for which application threads were stopped: 0.0005310 seconds, Stopping threads took: 0.0000490 seconds
237.587: Application time: 0.0390160 seconds
237.587: [GC [PSYoungGen: 7648K->480K(8192K)] 17373K->10205K(26112K), 0.0004390 secs] [Times: user=0.00 sys=0.00, real=0.00 secs] 
237.588: Total time for which application threads were stopped: 0.0005420 seconds, Stopping threads took: 0.0000430 seconds
237.627: Application time: 0.0391200 seconds
237.627: [GC [PSYoungGen: 7648K->480K(8192K)] 17373K->10205K(26112K), 0.0004200 secs] [Times: user=0.01 sys=0.00, real=0.00 secs] 
237.627: Total time for which application threads were stopped: 0.0005240 seconds, Stopping threads took: 0.0000450 seconds
237.667: Application time: 0.0392340 seconds
237.667: [GC [PSYoungGen: 7648K->416K(8192K)] 17373K->10261K(26112K), 0.0004110 secs] [Times: user=0.00 sys=0.00, real=0.00 secs] 
237.667: Total time for which application threads were stopped: 0.0005120 seconds, Stopping threads took: 0.0000460 seconds
237.706: Application time: 0.0392650 seconds
237.706: [GC [PSYoungGen: 7584K->400K(8192K)] 17429K->10301K(26112K), 0.0004180 secs] [Times: user=0.00 sys=0.00, real=0.00 secs] 
237.707: Total time for which application threads were stopped: 0.0005440 seconds, Stopping threads took: 0.0000460 seconds
237.746: Application time: 0.0395400 seconds
237.747: [GC [PSYoungGen: 7568K->400K(8192K)] 17469K->10301K(26112K), 0.0003960 secs] [Times: user=0.00 sys=0.00, real=0.00 secs] 
237.747: Total time for which application threads were stopped: 0.0004940 seconds, Stopping threads took: 0.0000390 seconds
237.787: Application time: 0.0397200 seconds
237.787: [GC [PSYoungGen: 7568K->272K(8192K)] 17469K->10265K(26112K), 0.0004170 secs] [Times: user=0.00 sys=0.00, real=0.00 secs] 
237.787: Total time for which application threads were stopped: 0.0005290 seconds, Stopping threads took: 0.0000540 seconds
237.826: Application time: 0.0393060 seconds
237.827: [GC [PSYoungGen: 7440K->272K(8192K)] 17433K->10321K(26112K), 0.0004010 secs] [Times: user=0.00 sys=0.00, real=0.00 secs] 
237.827: Total time for which application threads were stopped: 0.0005000 seconds, Stopping threads took: 0.0000420 seconds
237.865: Application time: 0.0378030 seconds
237.865: [GC [PSYoungGen: 7440K->304K(8192K)] 17489K->10409K(26112K), 0.0003940 secs] [Times: user=0.00 sys=0.00, real=0.00 secs] 
237.865: Total time for which application threads were stopped: 0.0005070 seconds, Stopping threads took: 0.0000520 seconds
237.905: Application time: 0.0392670 seconds
237.905: [GC [PSYoungGen: 7472K->400K(8192K)] 17577K->10505K(26112K), 0.0004530 secs] [Times: user=0.00 sys=0.00, real=0.00 secs] 
237.905: Total time for which application threads were stopped: 0.0005780 seconds, Stopping threads took: 0.0000540 seconds
237.945: Application time: 0.0394010 seconds
237.945: [GC [PSYoungGen: 7568K->384K(8192K)] 17673K->10489K(26112K), 0.0003920 secs] [Times: user=0.00 sys=0.00, real=0.00 secs] 
237.945: Total time for which application threads were stopped: 0.0004950 seconds, Stopping threads took: 0.0000440 seconds
237.984: Application time: 0.0386960 seconds
237.985: [GC [PSYoungGen: 7552K->384K(8192K)] 17657K->10489K(26112K), 0.0004130 secs] [Times: user=0.01 sys=0.00, real=0.00 secs] 
237.986: Total time for which application threads were stopped: 0.0017540 seconds, Stopping threads took: 0.0012810 seconds
238.024: Application time: 0.0389210 seconds
238.025: [GC [PSYoungGen: 7552K->496K(8192K)] 17657K->10601K(26112K), 0.0004270 secs] [Times: user=0.00 sys=0.00, real=0.00 secs] 
238.025: Total time for which application threads were stopped: 0.0005550 seconds, Stopping threads took: 0.0000650 seconds
238.064: Application time: 0.0393190 seconds
238.064: [GC [PSYoungGen: 7664K->448K(8192K)] 17769K->10553K(26112K), 0.0004110 secs] [Times: user=0.00 sys=0.00, real=0.00 secs] 
238.065: Total time for which application threads were stopped: 0.0005260 seconds, Stopping threads took: 0.0000550 seconds
238.104: Application time: 0.0392290 seconds
238.104: [GC [PSYoungGen: 7616K->528K(8192K)] 17721K->10633K(26112K), 0.0004600 secs] [Times: user=0.01 sys=0.00, real=0.00 secs] 
238.105: Total time for which application threads were stopped: 0.0005650 seconds, Stopping threads took: 0.0000460 seconds
238.144: Application time: 0.0392900 seconds
238.144: [GC [PSYoungGen: 7696K->512K(8192K)] 17801K->10617K(26112K), 0.0004370 secs] [Times: user=0.00 sys=0.00, real=0.00 secs] 
238.144: Total time for which application threads were stopped: 0.0005390 seconds, Stopping threads took: 0.0000430 seconds
238.185: Application time: 0.0402610 seconds
238.185: [GC [PSYoungGen: 7680K->448K(8192K)] 17785K->10553K(26112K), 0.0004850 secs] [Times: user=0.00 sys=0.00, real=0.00 secs] 
238.185: Total time for which application threads were stopped: 0.0006120 seconds, Stopping threads took: 0.0000650 seconds
238.225: Application time: 0.0394220 seconds
238.225: [GC [PSYoungGen: 7616K->496K(8192K)] 17721K->10601K(26112K), 0.0004370 secs] [Times: user=0.01 sys=0.00, real=0.00 secs] 
238.225: Total time for which application threads were stopped: 0.0005540 seconds, Stopping threads took: 0.0000450 seconds
238.265: Application time: 0.0392200 seconds
238.265: [GC [PSYoungGen: 7664K->496K(8192K)] 17769K->10601K(26112K), 0.0004210 secs] [Times: user=0.00 sys=0.00, real=0.00 secs] 
238.265: Total time for which application threads were stopped: 0.0005340 seconds, Stopping threads took: 0.0000430 seconds
238.304: Application time: 0.0392350 seconds
238.304: [GC [PSYoungGen: 7664K->496K(8192K)] 17769K->10601K(26112K), 0.0004520 secs] [Times: user=0.00 sys=0.00, real=0.00 secs] 
238.305: Total time for which application threads were stopped: 0.0005500 seconds, Stopping threads took: 0.0000400 seconds
238.344: Application time: 0.0392310 seconds
238.345: [GC [PSYoungGen: 7664K->512K(8192K)] 17769K->10617K(26112K), 0.0004370 secs] [Times: user=0.00 sys=0.00, real=0.00 secs] 
238.346: Total time for which application threads were stopped: 0.0014430 seconds, Stopping threads took: 0.0009490 seconds
238.385: Application time: 0.0392230 seconds
238.385: [GC [PSYoungGen: 7680K->512K(8192K)] 17785K->10617K(26112K), 0.0004140 secs] [Times: user=0.01 sys=0.00, real=0.00 secs] 
238.385: Total time for which application threads were stopped: 0.0005170 seconds, Stopping threads took: 0.0000430 seconds
238.424: Application time: 0.0391650 seconds
238.425: [GC [PSYoungGen: 7680K->544K(8192K)] 17785K->10649K(26112K), 0.0004240 secs] [Times: user=0.00 sys=0.00, real=0.00 secs] 
238.425: Total time for which application threads were stopped: 0.0005340 seconds, Stopping threads took: 0.0000500 seconds
238.465: Application time: 0.0401670 seconds
238.465: [GC [PSYoungGen: 7712K->400K(8192K)] 17817K->10629K(26112K), 0.0004200 secs] [Times: user=0.00 sys=0.00, real=0.00 secs] 
238.466: Total time for which application threads were stopped: 0.0005100 seconds, Stopping threads took: 0.0000310 seconds
238.505: Application time: 0.0394560 seconds
238.505: [GC [PSYoungGen: 7568K->368K(8192K)] 17797K->10653K(26112K), 0.0004240 secs] [Times: user=0.00 sys=0.00, real=0.00 secs] 
238.506: Total time for which application threads were stopped: 0.0005320 seconds, Stopping threads took: 0.0000480 seconds
238.545: Application time: 0.0392380 seconds
238.545: [GC [PSYoungGen: 7536K->352K(8192K)] 17821K->10637K(26112K), 0.0003920 secs] [Times: user=0.00 sys=0.00, real=0.00 secs] 
238.545: Total time for which application threads were stopped: 0.0004880 seconds, Stopping threads took: 0.0000400 seconds
238.585: Application time: 0.0393000 seconds
238.585: [GC [PSYoungGen: 7520K->288K(8192K)] 17805K->10653K(26112K), 0.0004280 secs] [Times: user=0.00 sys=0.00, real=0.00 secs] 
238.585: Total time for which application threads were stopped: 0.0005250 seconds, Stopping threads took: 0.0000400 seconds
238.624: Application time: 0.0388850 seconds
238.624: [GC [PSYoungGen: 7456K->288K(8192K)] 17821K->10757K(26112K), 0.0003800 secs] [Times: user=0.01 sys=0.00, real=0.00 secs] 
238.625: Total time for which application threads were stopped: 0.0004820 seconds, Stopping threads took: 0.0000440 seconds
238.663: Application time: 0.0389250 seconds
238.664: [GC [PSYoungGen: 7456K->304K(8192K)] 17925K->10773K(26112K), 0.0003790 secs] [Times: user=0.00 sys=0.00, real=0.00 secs] 
238.664: Total time for which application threads were stopped: 0.0004740 seconds, Stopping threads took: 0.0000390 seconds
238.703: Application time: 0.0387840 seconds
238.703: [GC [PSYoungGen: 7472K->368K(8192K)] 17941K->10837K(26112K), 0.0004320 secs] [Times: user=0.00 sys=0.00, real=0.00 secs] 
238.703: Total time for which application threads were stopped: 0.0005310 seconds, Stopping threads took: 0.0000380 seconds
238.742: Application time: 0.0391430 seconds
238.743: [GC [PSYoungGen: 7536K->400K(8192K)] 18005K->10869K(26112K), 0.0003950 secs] [Times: user=0.00 sys=0.00, real=0.00 secs] 
238.743: Total time for which application threads were stopped: 0.0005010 seconds, Stopping threads took: 0.0000390 seconds
238.781: Application time: 0.0383660 seconds
238.781: [GC [PSYoungGen: 7568K->448K(8192K)] 18037K->10917K(26112K), 0.0004870 secs] [Times: user=0.00 sys=0.00, real=0.00 secs] 
238.782: Total time for which application threads were stopped: 0.0005970 seconds, Stopping threads took: 0.0000480 seconds
238.821: Application time: 0.0390230 seconds
238.821: [GC [PSYoungGen: 7616K->496K(8192K)] 18085K->10965K(26112K), 0.0004380 secs] [Times: user=0.00 sys=0.00, real=0.00 secs] 
238.821: Total time for which application threads were stopped: 0.0005400 seconds, Stopping threads took: 0.0000390 seconds
238.861: Application time: 0.0392690 seconds
238.861: [GC [PSYoungGen: 7664K->496K(8192K)] 18133K->10965K(26112K), 0.0004660 secs] [Times: user=0.00 sys=0.00, real=0.01 secs] 
238.861: Total time for which application threads were stopped: 0.0005680 seconds, Stopping threads took: 0.0000410 seconds
238.901: Application time: 0.0395920 seconds
238.901: [GC [PSYoungGen: 7664K->512K(8192K)] 18133K->10981K(26112K), 0.0005170 secs] [Times: user=0.00 sys=0.00, real=0.01 secs] 
238.902: Total time for which application threads were stopped: 0.0006330 seconds, Stopping threads took: 0.0000470 seconds
238.941: Application time: 0.0391620 seconds
238.941: [GC [PSYoungGen: 7680K->512K(8192K)] 18149K->10981K(26112K), 0.0004220 secs] [Times: user=0.00 sys=0.00, real=0.01 secs] 
238.941: Total time for which application threads were stopped: 0.0005290 seconds, Stopping threads took: 0.0000440 seconds
238.981: Application time: 0.0398470 seconds
238.981: [GC [PSYoungGen: 7680K->496K(8192K)] 18149K->10965K(26112K), 0.0004210 secs] [Times: user=0.00 sys=0.00, real=0.00 secs] 
238.982: Total time for which application threads were stopped: 0.0005180 seconds, Stopping threads took: 0.0000410 seconds
239.022: Application time: 0.0399620 seconds
239.022: [GC [PSYoungGen: 7664K->496K(8192K)] 18133K->10965K(26112K), 0.0004340 secs] [Times: user=0.01 sys=0.00, real=0.00 secs] 
239.022: Total time for which application threads were stopped: 0.0005400 seconds, Stopping threads took: 0.0000480 seconds
239.062: Application time: 0.0394920 seconds
239.062: [GC [PSYoungGen: 7664K->464K(8192K)] 18133K->10933K(26112K), 0.0004670 secs] [Times: user=0.00 sys=0.00, real=0.00 secs] 
239.062: Total time for which application threads were stopped: 0.0005650 seconds, Stopping threads took: 0.0000390 seconds
239.102: Application time: 0.0394010 seconds
239.102: [GC [PSYoungGen: 7632K->512K(8192K)] 18101K->10981K(26112K), 0.0004770 secs] [Times: user=0.00 sys=0.00, real=0.00 secs] 
239.102: Total time for which application threads were stopped: 0.0005730 seconds, Stopping threads took: 0.0000380 seconds
239.142: Application time: 0.0394430 seconds
239.142: [GC [PSYoungGen: 7680K->528K(8192K)] 18149K->10997K(26112K), 0.0004180 secs] [Times: user=0.01 sys=0.00, real=0.00 secs] 
239.142: Total time for which application threads were stopped: 0.0005250 seconds, Stopping threads took: 0.0000460 seconds
239.182: Application time: 0.0399110 seconds
239.182: [GC [PSYoungGen: 7696K->496K(8192K)] 18165K->10965K(26112K), 0.0004230 secs] [Times: user=0.00 sys=0.00, real=0.00 secs] 
239.183: Total time for which application threads were stopped: 0.0005270 seconds, Stopping threads took: 0.0000460 seconds
239.222: Application time: 0.0392430 seconds
239.222: [GC [PSYoungGen: 7664K->416K(8192K)] 18133K->10973K(26112K), 0.0004280 secs] [Times: user=0.00 sys=0.00, real=0.00 secs] 
239.222: Total time for which application threads were stopped: 0.0005230 seconds, Stopping threads took: 0.0000380 seconds
239.262: Application time: 0.0393870 seconds
239.262: [GC [PSYoungGen: 7584K->400K(8192K)] 18141K->11021K(26112K), 0.0003960 secs] [Times: user=0.00 sys=0.00, real=0.00 secs] 
239.262: Total time for which application threads were stopped: 0.0005070 seconds, Stopping threads took: 0.0000430 seconds
239.302: Application time: 0.0397460 seconds
239.302: [GC [PSYoungGen: 7568K->400K(8192K)] 18189K->11061K(26112K), 0.0004570 secs] [Times: user=0.00 sys=0.00, real=0.00 secs] 
239.303: Total time for which application threads were stopped: 0.0005560 seconds, Stopping threads took: 0.0000380 seconds
239.342: Application time: 0.0394270 seconds
239.342: [GC [PSYoungGen: 7568K->304K(8192K)] 18229K->11021K(26112K), 0.0003920 secs] [Times: user=0.00 sys=0.00, real=0.00 secs] 
239.342: Total time for which application threads were stopped: 0.0004990 seconds, Stopping threads took: 0.0000390 seconds
239.382: Application time: 0.0393050 seconds
239.382: [GC [PSYoungGen: 7472K->272K(8192K)] 18189K->11085K(26112K), 0.0004390 secs] [Times: user=0.00 sys=0.00, real=0.00 secs] 
239.382: Total time for which application threads were stopped: 0.0005380 seconds, Stopping threads took: 0.0000410 seconds
239.420: Application time: 0.0378870 seconds
239.420: [GC [PSYoungGen: 7440K->352K(8192K)] 18253K->11213K(26112K), 0.0004240 secs] [Times: user=0.01 sys=0.00, real=0.00 secs] 
239.421: Total time for which application threads were stopped: 0.0005290 seconds, Stopping threads took: 0.0000450 seconds
239.460: Application time: 0.0389790 seconds
239.460: [GC [PSYoungGen: 7520K->320K(8192K)] 18381K->11181K(26112K), 0.0003890 secs] [Times: user=0.01 sys=0.00, real=0.00 secs] 
239.460: Total time for which application threads were stopped: 0.0004870 seconds, Stopping threads took: 0.0000380 seconds
239.500: Application time: 0.0395420 seconds
239.500: [GC [PSYoungGen: 7488K->384K(8192K)] 18349K->11245K(26112K), 0.0004150 secs] [Times: user=0.00 sys=0.00, real=0.00 secs] 
239.500: Total time for which application threads were stopped: 0.0005240 seconds, Stopping threads took: 0.0000510 seconds
239.539: Application time: 0.0387270 seconds
239.539: [GC [PSYoungGen: 7552K->416K(8192K)] 18413K->11277K(26112K), 0.0004590 secs] [Times: user=0.00 sys=0.00, real=0.00 secs] 
239.540: Total time for which application threads were stopped: 0.0005600 seconds, Stopping threads took: 0.0000430 seconds
239.578: Application time: 0.0384800 seconds
239.578: [GC [PSYoungGen: 7584K->480K(8192K)] 18445K->11341K(26112K), 0.0004090 secs] [Times: user=0.00 sys=0.00, real=0.00 secs] 
239.579: Total time for which application threads were stopped: 0.0005200 seconds, Stopping threads took: 0.0000500 seconds
239.618: Application time: 0.0390800 seconds
239.618: [GC [PSYoungGen: 7648K->512K(8192K)] 18509K->11373K(26112K), 0.0004180 secs] [Times: user=0.00 sys=0.00, real=0.00 secs] 
239.618: Total time for which application threads were stopped: 0.0005230 seconds, Stopping threads took: 0.0000470 seconds
239.658: Application time: 0.0394510 seconds
239.658: [GC [PSYoungGen: 7680K->512K(8192K)] 18541K->11373K(26112K), 0.0004290 secs] [Times: user=0.00 sys=0.00, real=0.00 secs] 
239.658: Total time for which application threads were stopped: 0.0005260 seconds, Stopping threads took: 0.0000390 seconds
239.698: Application time: 0.0395200 seconds
239.698: [GC [PSYoungGen: 7680K->512K(8192K)] 18541K->11373K(26112K), 0.0004150 secs] [Times: user=0.00 sys=0.00, real=0.00 secs] 
239.698: Total time for which application threads were stopped: 0.0005080 seconds, Stopping threads took: 0.0000390 seconds
239.737: Application time: 0.0392990 seconds
239.738: [GC [PSYoungGen: 7680K->496K(8192K)] 18541K->11357K(26112K), 0.0004290 secs] [Times: user=0.00 sys=0.00, real=0.00 secs] 
239.738: Total time for which application threads were stopped: 0.0005240 seconds, Stopping threads took: 0.0000380 seconds
239.778: Application time: 0.0396970 seconds
239.778: [GC [PSYoungGen: 7664K->480K(8192K)] 18525K->11341K(26112K), 0.0004870 secs] [Times: user=0.00 sys=0.00, real=0.00 secs] 
239.778: Total time for which application threads were stopped: 0.0006090 seconds, Stopping threads took: 0.0000500 seconds
239.817: Application time: 0.0391980 seconds
239.818: [GC [PSYoungGen: 7648K->480K(8192K)] 18509K->11341K(26112K), 0.0004210 secs] [Times: user=0.00 sys=0.00, real=0.00 secs] 
239.818: Total time for which application threads were stopped: 0.0005190 seconds, Stopping threads took: 0.0000410 seconds
239.857: Application time: 0.0392070 seconds
239.857: [GC [PSYoungGen: 7648K->480K(8192K)] 18509K->11341K(26112K), 0.0004360 secs] [Times: user=0.00 sys=0.00, real=0.00 secs] 
239.858: Total time for which application threads were stopped: 0.0005390 seconds, Stopping threads took: 0.0000430 seconds
239.897: Application time: 0.0396280 seconds
239.897: [GC [PSYoungGen: 7648K->496K(8192K)] 18509K->11357K(26112K), 0.0004480 secs] [Times: user=0.00 sys=0.00, real=0.00 secs] 
239.898: Total time for which application threads were stopped: 0.0005510 seconds, Stopping threads took: 0.0000430 seconds
239.938: Application time: 0.0402010 seconds
239.938: [GC [PSYoungGen: 7664K->496K(8192K)] 18525K->11357K(26112K), 0.0004690 secs] [Times: user=0.00 sys=0.00, real=0.00 secs] 
239.939: Total time for which application threads were stopped: 0.0005830 seconds, Stopping threads took: 0.0000460 seconds
239.978: Application time: 0.0395110 seconds
239.978: [GC [PSYoungGen: 7664K->496K(8192K)] 18525K->11357K(26112K), 0.0004670 secs] [Times: user=0.00 sys=0.00, real=0.00 secs] 
239.979: Total time for which application threads were stopped: 0.0005710 seconds, Stopping threads took: 0.0000440 seconds
240.018: Application time: 0.0394210 seconds
240.018: [GC [PSYoungGen: 7664K->352K(8192K)] 18525K->11333K(26112K), 0.0005080 secs] [Times: user=0.00 sys=0.00, real=0.00 secs] 
240.019: Total time for which application threads were stopped: 0.0006030 seconds, Stopping threads took: 0.0000360 seconds
240.058: Application time: 0.0393720 seconds
240.058: [GC [PSYoungGen: 7520K->368K(8192K)] 18501K->11398K(26112K), 0.0003860 secs] [Times: user=0.00 sys=0.00, real=0.00 secs] 
240.059: Total time for which application threads were stopped: 0.0004860 seconds, Stopping threads took: 0.0000410 seconds
240.098: Application time: 0.0393480 seconds
240.098: [GC [PSYoungGen: 7536K->352K(8192K)] 18566K->11382K(26112K), 0.0004440 secs] [Times: user=0.00 sys=0.00, real=0.00 secs] 
240.099: Total time for which application threads were stopped: 0.0005460 seconds, Stopping threads took: 0.0000420 seconds
240.138: Application time: 0.0396060 seconds
240.138: [GC [PSYoungGen: 7520K->352K(8192K)] 18550K->11430K(26112K), 0.0004180 secs] [Times: user=0.00 sys=0.00, real=0.00 secs] 
240.139: Total time for which application threads were stopped: 0.0005210 seconds, Stopping threads took: 0.0000460 seconds
240.178: Application time: 0.0390380 seconds
240.178: [GC [PSYoungGen: 7520K->304K(8192K)] 18598K->11478K(26112K), 0.0004180 secs] [Times: user=0.00 sys=0.00, real=0.00 secs] 
240.178: Total time for which application threads were stopped: 0.0005290 seconds, Stopping threads took: 0.0000530 seconds
240.217: Application time: 0.0385170 seconds
240.217: [GC [PSYoungGen: 7472K->336K(8192K)] 18646K->11558K(26112K), 0.0003790 secs] [Times: user=0.00 sys=0.00, real=0.00 secs] 
240.217: Total time for which application threads were stopped: 0.0004830 seconds, Stopping threads took: 0.0000440 seconds
240.256: Application time: 0.0389550 seconds
240.256: [GC [PSYoungGen: 7504K->336K(8192K)] 18726K->11558K(26112K), 0.0004200 secs] [Times: user=0.00 sys=0.00, real=0.00 secs] 
240.257: Total time for which application threads were stopped: 0.0005190 seconds, Stopping threads took: 0.0000420 seconds
240.296: Application time: 0.0393510 seconds
240.296: [GC [PSYoungGen: 7504K->320K(8192K)] 18726K->11542K(26112K), 0.0003840 secs] [Times: user=0.00 sys=0.00, real=0.00 secs] 
240.297: Total time for which application threads were stopped: 0.0004890 seconds, Stopping threads took: 0.0000380 seconds
240.335: Application time: 0.0384570 seconds
240.335: [GC [PSYoungGen: 7488K->432K(8192K)] 18710K->11654K(26112K), 0.0004580 secs] [Times: user=0.00 sys=0.00, real=0.00 secs] 
240.336: Total time for which application threads were stopped: 0.0005590 seconds, Stopping threads took: 0.0000400 seconds
240.374: Application time: 0.0383300 seconds
240.374: [GC [PSYoungGen: 7600K->528K(8192K)] 18822K->11750K(26112K), 0.0004250 secs] [Times: user=0.00 sys=0.00, real=0.00 secs] 
240.375: Total time for which application threads were stopped: 0.0005340 seconds, Stopping threads took: 0.0000490 seconds
240.414: Application time: 0.0397660 seconds
240.414: [GC [PSYoungGen: 7696K->496K(8192K)] 18918K->11718K(26112K), 0.0004200 secs] [Times: user=0.00 sys=0.00, real=0.00 secs] 
240.415: Total time for which application threads were stopped: 0.0005250 seconds, Stopping threads took: 0.0000460 seconds
240.454: Application time: 0.0396220 seconds
240.455: [GC [PSYoungGen: 7664K->480K(8192K)] 18886K->11702K(26112K), 0.0004540 secs] [Times: user=0.00 sys=0.00, real=0.00 secs] 
240.455: Total time for which application threads were stopped: 0.0005580 seconds, Stopping threads took: 0.0000450 seconds
240.494: Application time: 0.0394820 seconds
240.495: [GC [PSYoungGen: 7648K->528K(8192K)] 18870K->11750K(26112K), 0.0004780 secs] [Times: user=0.00 sys=0.00, real=0.00 secs] 
240.495: Total time for which application threads were stopped: 0.0005800 seconds, Stopping threads took: 0.0000420 seconds
240.534: Application time: 0.0392370 seconds
240.537: [GC [PSYoungGen: 7696K->448K(8192K)] 18918K->11670K(26112K), 0.0004470 secs] [Times: user=0.01 sys=0.00, real=0.00 secs] 
240.538: Total time for which application threads were stopped: 0.0032590 seconds, Stopping threads took: 0.0027530 seconds
240.577: Application time: 0.0393050 seconds
240.577: [GC [PSYoungGen: 7616K->528K(8192K)] 18838K->11750K(26112K), 0.0004370 secs] [Times: user=0.00 sys=0.00, real=0.00 secs] 
240.577: Total time for which application threads were stopped: 0.0005400 seconds, Stopping threads took: 0.0000420 seconds
240.617: Application time: 0.0392100 seconds
240.617: [GC [PSYoungGen: 7696K->528K(8192K)] 18918K->11750K(26112K), 0.0004260 secs] [Times: user=0.00 sys=0.00, real=0.00 secs] 
240.617: Total time for which application threads were stopped: 0.0005260 seconds, Stopping threads took: 0.0000380 seconds
240.657: Application time: 0.0396840 seconds
240.657: [GC [PSYoungGen: 7696K->512K(8192K)] 18918K->11734K(26112K), 0.0004170 secs] [Times: user=0.00 sys=0.00, real=0.00 secs] 
240.657: Total time for which application threads were stopped: 0.0005200 seconds, Stopping threads took: 0.0000420 seconds
240.697: Application time: 0.0392650 seconds
240.697: [GC [PSYoungGen: 7680K->512K(8192K)] 18902K->11734K(26112K), 0.0004360 secs] [Times: user=0.00 sys=0.00, real=0.00 secs] 
240.697: Total time for which application threads were stopped: 0.0005400 seconds, Stopping threads took: 0.0000420 seconds
240.737: Application time: 0.0396540 seconds
240.737: [GC [PSYoungGen: 7680K->512K(8192K)] 18902K->11734K(26112K), 0.0004850 secs] [Times: user=0.00 sys=0.00, real=0.00 secs] 
240.737: Total time for which application threads were stopped: 0.0005830 seconds, Stopping threads took: 0.0000410 seconds
240.777: Application time: 0.0391380 seconds
240.777: [GC [PSYoungGen: 7680K->448K(8192K)] 18902K->11726K(26112K), 0.0004300 secs] [Times: user=0.01 sys=0.00, real=0.00 secs] 
240.777: Total time for which application threads were stopped: 0.0005360 seconds, Stopping threads took: 0.0000470 seconds
240.816: Application time: 0.0391800 seconds
240.816: [GC [PSYoungGen: 7616K->400K(8192K)] 18894K->11766K(26112K), 0.0004360 secs] [Times: user=0.00 sys=0.00, real=0.00 secs] 
240.817: Total time for which application threads were stopped: 0.0005420 seconds, Stopping threads took: 0.0000430 seconds
240.856: Application time: 0.0392590 seconds
240.856: [GC [PSYoungGen: 7568K->352K(8192K)] 18934K->11774K(26112K), 0.0003880 secs] [Times: user=0.00 sys=0.00, real=0.00 secs] 
240.857: Total time for which application threads were stopped: 0.0004920 seconds, Stopping threads took: 0.0000460 seconds
240.896: Application time: 0.0395560 seconds
240.896: [GC [PSYoungGen: 7520K->368K(8192K)] 18942K->11798K(26112K), 0.0004500 secs] [Times: user=0.00 sys=0.00, real=0.00 secs] 
240.897: Total time for which application threads were stopped: 0.0005500 seconds, Stopping threads took: 0.0000400 seconds
240.936: Application time: 0.0397810 seconds
240.937: [GC [PSYoungGen: 7536K->288K(8192K)] 18966K->11790K(26112K), 0.0004390 secs] [Times: user=0.00 sys=0.00, real=0.00 secs] 
240.937: Total time for which application threads were stopped: 0.0005560 seconds, Stopping threads took: 0.0000460 seconds
240.976: Application time: 0.0390900 seconds
240.976: [GC [PSYoungGen: 7456K->272K(8192K)] 18958K->11874K(26112K), 0.0003960 secs] [Times: user=0.00 sys=0.00, real=0.00 secs] 
240.977: Total time for which application threads were stopped: 0.0005040 seconds, Stopping threads took: 0.0000420 seconds
241.015: Application time: 0.0382190 seconds
241.015: [GC [PSYoungGen: 7440K->336K(8192K)] 19042K->11938K(26112K), 0.0004160 secs] [Times: user=0.00 sys=0.00, real=0.00 secs] 
241.015: Total time for which application threads were stopped: 0.0005130 seconds, Stopping threads took: 0.0000390 seconds
241.054: Application time: 0.0388850 seconds
241.054: [GC [PSYoungGen: 7504K->400K(8192K)] 19106K->12002K(26112K), 0.0003920 secs] [Times: user=0.00 sys=0.00, real=0.00 secs] 
241.055: Total time for which application threads were stopped: 0.0004910 seconds, Stopping threads took: 0.0000400 seconds
241.094: Application time: 0.0390100 seconds
241.094: [GC [PSYoungGen: 7568K->368K(8192K)] 19170K->11970K(26112K), 0.0003980 secs] [Times: user=0.01 sys=0.00, real=0.00 secs] 
241.094: Total time for which application threads were stopped: 0.0005070 seconds, Stopping threads took: 0.0000500 seconds
241.132: Application time: 0.0382640 seconds
241.133: [GC [PSYoungGen: 7536K->464K(8192K)] 19138K->12066K(26112K), 0.0004890 secs] [Times: user=0.00 sys=0.00, real=0.00 secs] 
241.133: Total time for which application threads were stopped: 0.0006000 seconds, Stopping threads took: 0.0000500 seconds
241.172: Application time: 0.0389090 seconds
241.172: [GC [PSYoungGen: 7632K->512K(8192K)] 19234K->12114K(26112K), 0.0004320 secs] [Times: user=0.00 sys=0.00, real=0.00 secs] 
241.173: Total time for which application threads were stopped: 0.0005370 seconds, Stopping threads took: 0.0000430 seconds
241.212: Application time: 0.0393980 seconds
241.212: [GC [PSYoungGen: 7680K->464K(8192K)] 19282K->12066K(26112K), 0.0004940 secs] [Times: user=0.00 sys=0.00, real=0.00 secs] 
241.213: Total time for which application threads were stopped: 0.0005950 seconds, Stopping threads took: 0.0000420 seconds
241.252: Application time: 0.0392630 seconds
241.252: [GC [PSYoungGen: 7632K->480K(8192K)] 19234K->12082K(26112K), 0.0004240 secs] [Times: user=0.00 sys=0.00, real=0.00 secs] 
241.252: Total time for which application threads were stopped: 0.0005210 seconds, Stopping threads took: 0.0000390 seconds
241.292: Application time: 0.0398250 seconds
241.292: [GC [PSYoungGen: 7648K->512K(8192K)] 19250K->12114K(26112K), 0.0004290 secs] [Times: user=0.00 sys=0.00, real=0.00 secs] 
241.293: Total time for which application threads were stopped: 0.0005320 seconds, Stopping threads took: 0.0000440 seconds
241.332: Application time: 0.0393070 seconds
241.332: [GC [PSYoungGen: 7680K->512K(8192K)] 19282K->12114K(26112K), 0.0004140 secs] [Times: user=0.00 sys=0.00, real=0.00 secs] 
241.333: Total time for which application threads were stopped: 0.0005440 seconds, Stopping threads took: 0.0000630 seconds
241.372: Application time: 0.0391740 seconds
241.372: [GC [PSYoungGen: 7680K->480K(8192K)] 19282K->12082K(26112K), 0.0004180 secs] [Times: user=0.00 sys=0.00, real=0.00 secs] 
241.372: Total time for which application threads were stopped: 0.0005200 seconds, Stopping threads took: 0.0000430 seconds
241.412: Application time: 0.0393480 seconds
241.412: [GC [PSYoungGen: 7648K->496K(8192K)] 19250K->12098K(26112K), 0.0004890 secs] [Times: user=0.00 sys=0.00, real=0.00 secs] 
241.412: Total time for which application threads were stopped: 0.0005890 seconds, Stopping threads took: 0.0000410 seconds
241.452: Application time: 0.0395100 seconds
241.452: [GC [PSYoungGen: 7664K->480K(8192K)] 19266K->12082K(26112K), 0.0004260 secs] [Times: user=0.01 sys=0.00, real=0.00 secs] 
241.452: Total time for which application threads were stopped: 0.0005280 seconds, Stopping threads took: 0.0000410 seconds
241.491: Application time: 0.0392260 seconds
241.492: [GC [PSYoungGen: 7648K->480K(8192K)] 19250K->12082K(26112K), 0.0004200 secs] [Times: user=0.00 sys=0.00, real=0.00 secs] 
241.492: Total time for which application threads were stopped: 0.0005250 seconds, Stopping threads took: 0.0000450 seconds
241.531: Application time: 0.0392510 seconds
241.531: [GC [PSYoungGen: 7648K->544K(8192K)] 19250K->12146K(26112K), 0.0004260 secs] [Times: user=0.00 sys=0.00, real=0.00 secs] 
241.532: Total time for which application threads were stopped: 0.0005290 seconds, Stopping threads took: 0.0000420 seconds
241.571: Application time: 0.0392420 seconds
241.571: [GC [PSYoungGen: 7712K->464K(8192K)] 19314K->12130K(26112K), 0.0004560 secs] [Times: user=0.00 sys=0.00, real=0.00 secs] 
241.572: Total time for which application threads were stopped: 0.0005640 seconds, Stopping threads took: 0.0000480 seconds
241.611: Application time: 0.0392280 seconds
241.611: [GC [PSYoungGen: 7632K->432K(8192K)] 19298K->12194K(26112K), 0.0004640 secs] [Times: user=0.00 sys=0.00, real=0.00 secs] 
241.611: Total time for which application threads were stopped: 0.0005620 seconds, Stopping threads took: 0.0000380 seconds
241.651: Application time: 0.0396820 seconds
241.651: [GC [PSYoungGen: 7600K->352K(8192K)] 19362K->12162K(26112K), 0.0003890 secs] [Times: user=0.00 sys=0.00, real=0.00 secs] 
241.652: Total time for which application threads were stopped: 0.0004800 seconds, Stopping threads took: 0.0000360 seconds
241.691: Application time: 0.0391750 seconds
241.691: [GC [PSYoungGen: 7520K->336K(8192K)] 19330K->12194K(26112K), 0.0003890 secs] [Times: user=0.00 sys=0.00, real=0.00 secs] 
241.691: Total time for which application threads were stopped: 0.0004910 seconds, Stopping threads took: 0.0000440 seconds
241.730: Application time: 0.0390850 seconds
241.730: [GC [PSYoungGen: 7504K->288K(8192K)] 19362K->12226K(26112K), 0.0003810 secs] [Times: user=0.00 sys=0.00, real=0.00 secs] 
241.731: Total time for which application threads were stopped: 0.0004790 seconds, Stopping threads took: 0.0000370 seconds
241.770: Application time: 0.0391840 seconds
241.770: [GC [PSYoungGen: 7456K->272K(8192K)] 19394K->12274K(26112K), 0.0003990 secs] [Times: user=0.00 sys=0.00, real=0.00 secs] 
241.770: Total time for which application threads were stopped: 0.0005020 seconds, Stopping threads took: 0.0000470 seconds
241.809: Application time: 0.0381220 seconds
241.809: [GC [PSYoungGen: 7440K->336K(8192K)] 19442K->12338K(26112K), 0.0004140 secs] [Times: user=0.00 sys=0.00, real=0.01 secs] 
241.809: Total time for which application threads were stopped: 0.0005150 seconds, Stopping threads took: 0.0000390 seconds
241.848: Application time: 0.0393880 seconds
241.849: [GC [PSYoungGen: 7504K->384K(8192K)] 19506K->12386K(26112K), 0.0004300 secs] [Times: user=0.00 sys=0.00, real=0.00 secs] 
241.849: Total time for which application threads were stopped: 0.0005430 seconds, Stopping threads took: 0.0000470 seconds
241.888: Application time: 0.0390870 seconds
241.888: [GC [PSYoungGen: 7552K->368K(8192K)] 19554K->12370K(26112K), 0.0003950 secs] [Times: user=0.00 sys=0.00, real=0.00 secs] 
241.889: Total time for which application threads were stopped: 0.0005060 seconds, Stopping threads took: 0.0000510 seconds
241.927: Application time: 0.0387150 seconds
241.927: [GC [PSYoungGen: 7536K->480K(8192K)] 19538K->12482K(26112K), 0.0004410 secs] [Times: user=0.00 sys=0.00, real=0.00 secs] 
241.928: Total time for which application threads were stopped: 0.0005620 seconds, Stopping threads took: 0.0000530 seconds
241.967: Application time: 0.0389360 seconds
241.967: [GC [PSYoungGen: 7648K->512K(8192K)] 19650K->12514K(26112K), 0.0004780 secs] [Times: user=0.01 sys=0.00, real=0.00 secs] 
241.967: Total time for which application threads were stopped: 0.0005890 seconds, Stopping threads took: 0.0000500 seconds
242.007: Application time: 0.0394350 seconds
242.007: [GC [PSYoungGen: 7680K->496K(8192K)] 19682K->12498K(26112K), 0.0004800 secs] [Times: user=0.00 sys=0.00, real=0.00 secs] 
242.007: Total time for which application threads were stopped: 0.0005820 seconds, Stopping threads took: 0.0000440 seconds
242.047: Application time: 0.0393890 seconds
242.047: [GC [PSYoungGen: 7664K->512K(8192K)] 19666K->12514K(26112K), 0.0005020 secs] [Times: user=0.00 sys=0.00, real=0.00 secs] 
242.047: Total time for which application threads were stopped: 0.0006020 seconds, Stopping threads took: 0.0000410 seconds
242.087: Application time: 0.0393460 seconds
242.087: [GC [PSYoungGen: 7680K->496K(8192K)] 19682K->12498K(26112K), 0.0005100 secs] [Times: user=0.01 sys=0.00, real=0.00 secs] 
242.087: Total time for which application threads were stopped: 0.0006120 seconds, Stopping threads took: 0.0000430 seconds
242.127: Application time: 0.0392990 seconds
242.127: [GC [PSYoungGen: 7664K->528K(8192K)] 19666K->12530K(26112K), 0.0005360 secs] [Times: user=0.00 sys=0.00, real=0.00 secs] 
242.127: Total time for which application threads were stopped: 0.0006490 seconds, Stopping threads took: 0.0000530 seconds
242.166: Application time: 0.0391590 seconds
242.167: [GC [PSYoungGen: 7696K->528K(8192K)] 19698K->12530K(26112K), 0.0004680 secs] [Times: user=0.00 sys=0.00, real=0.00 secs] 
242.167: Total time for which application threads were stopped: 0.0005710 seconds, Stopping threads took: 0.0000440 seconds
242.207: Application time: 0.0397510 seconds
242.207: [GC [PSYoungGen: 7696K->512K(8192K)] 19698K->12514K(26112K), 0.0004630 secs] [Times: user=0.00 sys=0.00, real=0.00 secs] 
242.207: Total time for which application threads were stopped: 0.0005670 seconds, Stopping threads took: 0.0000450 seconds
242.247: Application time: 0.0392890 seconds
242.247: [GC [PSYoungGen: 7680K->496K(8192K)] 19682K->12498K(26112K), 0.0004210 secs] [Times: user=0.00 sys=0.00, real=0.00 secs] 
242.247: Total time for which application threads were stopped: 0.0005180 seconds, Stopping threads took: 0.0000390 seconds
242.286: Application time: 0.0391240 seconds
242.289: [GC [PSYoungGen: 7664K->464K(8192K)] 19666K->12466K(26112K), 0.0004180 secs] [Times: user=0.00 sys=0.00, real=0.00 secs] 
242.290: Total time for which application threads were stopped: 0.0032060 seconds, Stopping threads took: 0.0027260 seconds
242.329: Application time: 0.0391530 seconds
242.329: [GC [PSYoungGen: 7631K->448K(8192K)] 19634K->12498K(26112K), 0.0004300 secs] [Times: user=0.00 sys=0.00, real=0.01 secs] 
242.329: Total time for which application threads were stopped: 0.0005340 seconds, Stopping threads took: 0.0000470 seconds
242.368: Application time: 0.0392120 seconds
242.369: [GC [PSYoungGen: 7616K->432K(8192K)] 19666K->12482K(26112K), 0.0004070 secs] [Times: user=0.00 sys=0.00, real=0.00 secs] 
242.369: Total time for which application threads were stopped: 0.0005140 seconds, Stopping threads took: 0.0000410 seconds
242.408: Application time: 0.0392560 seconds
242.408: [GC [PSYoungGen: 7600K->320K(8192K)] 19650K->12498K(26112K), 0.0004280 secs] [Times: user=0.00 sys=0.00, real=0.00 secs] 
242.409: Total time for which application threads were stopped: 0.0005370 seconds, Stopping threads took: 0.0000480 seconds
242.448: Application time: 0.0392720 seconds
242.448: [GC [PSYoungGen: 7488K->400K(8192K)] 19666K->12578K(26112K), 0.0003840 secs] [Times: user=0.00 sys=0.00, real=0.00 secs] 
242.448: Total time for which application threads were stopped: 0.0004840 seconds, Stopping threads took: 0.0000420 seconds
242.489: Application time: 0.0400810 seconds
242.489: [GC [PSYoungGen: 7568K->336K(8192K)] 19746K->12554K(26112K), 0.0003940 secs] [Times: user=0.00 sys=0.00, real=0.01 secs] 
242.489: Total time for which application threads were stopped: 0.0004960 seconds, Stopping threads took: 0.0000410 seconds
242.528: Application time: 0.0388940 seconds
242.528: [GC [PSYoungGen: 7504K->288K(8192K)] 19722K->12602K(26112K), 0.0003830 secs] [Times: user=0.00 sys=0.00, real=0.00 secs] 
242.528: Total time for which application threads were stopped: 0.0004870 seconds, Stopping threads took: 0.0000440 seconds
242.567: Application time: 0.0381390 seconds
242.567: [GC [PSYoungGen: 7456K->304K(8192K)] 19770K->12674K(26112K), 0.0003880 secs] [Times: user=0.00 sys=0.00, real=0.00 secs] 
242.567: Total time for which application threads were stopped: 0.0004970 seconds, Stopping threads took: 0.0000490 seconds
242.606: Application time: 0.0389520 seconds
242.606: [GC [PSYoungGen: 7472K->352K(8192K)] 19842K->12722K(26112K), 0.0003990 secs] [Times: user=0.00 sys=0.00, real=0.00 secs] 
242.607: Total time for which application threads were stopped: 0.0005030 seconds, Stopping threads took: 0.0000380 seconds
242.646: Application time: 0.0394160 seconds
242.646: [GC [PSYoungGen: 7520K->352K(8192K)] 19890K->12722K(26112K), 0.0003830 secs] [Times: user=0.00 sys=0.00, real=0.00 secs] 
242.646: Total time for which application threads were stopped: 0.0004860 seconds, Stopping threads took: 0.0000440 seconds
242.685: Application time: 0.0384760 seconds
242.685: [GC [PSYoungGen: 7520K->432K(8192K)] 19890K->12802K(26112K), 0.0004430 secs] [Times: user=0.00 sys=0.00, real=0.00 secs] 
242.685: Total time for which application threads were stopped: 0.0005480 seconds, Stopping threads took: 0.0000410 seconds
242.724: Application time: 0.0388670 seconds
242.724: [GC [PSYoungGen: 7600K->464K(8192K)] 19970K->12834K(26112K), 0.0004190 secs] [Times: user=0.00 sys=0.00, real=0.00 secs] 
242.725: Total time for which application threads were stopped: 0.0005220 seconds, Stopping threads took: 0.0000430 seconds
242.764: Application time: 0.0389390 seconds
242.764: [GC [PSYoungGen: 7632K->512K(8192K)] 20002K->12882K(26112K), 0.0004170 secs] [Times: user=0.00 sys=0.00, real=0.00 secs] 
242.764: Total time for which application threads were stopped: 0.0005260 seconds, Stopping threads took: 0.0000500 seconds
242.804: Application time: 0.0397600 seconds
242.804: [GC [PSYoungGen: 7680K->496K(8192K)] 20050K->12866K(26112K), 0.0004530 secs] [Times: user=0.00 sys=0.00, real=0.00 secs] 
242.805: Total time for which application threads were stopped: 0.0005590 seconds, Stopping threads took: 0.0000480 seconds
242.844: Application time: 0.0392670 seconds
242.844: [GC [PSYoungGen: 7664K->480K(8192K)] 20034K->12850K(26112K), 0.0005170 secs] [Times: user=0.00 sys=0.00, real=0.00 secs] 
242.845: Total time for which application threads were stopped: 0.0006140 seconds, Stopping threads took: 0.0000390 seconds
242.884: Application time: 0.0393120 seconds
242.884: [GC [PSYoungGen: 7648K->464K(8192K)] 20018K->12834K(26112K), 0.0004740 secs] [Times: user=0.00 sys=0.00, real=0.00 secs] 
242.884: Total time for which application threads were stopped: 0.0005810 seconds, Stopping threads took: 0.0000360 seconds
242.924: Application time: 0.0396240 seconds
242.924: [GC [PSYoungGen: 7632K->448K(8192K)] 20002K->12818K(26112K), 0.0005220 secs] [Times: user=0.00 sys=0.00, real=0.00 secs] 
242.925: Total time for which application threads were stopped: 0.0006440 seconds, Stopping threads took: 0.0000560 seconds
242.964: Application time: 0.0392370 seconds
242.964: [GC [PSYoungGen: 7616K->496K(8192K)] 19986K->12866K(26112K), 0.0004980 secs] [Times: user=0.00 sys=0.00, real=0.00 secs] 
242.965: Total time for which application threads were stopped: 0.0005950 seconds, Stopping threads took: 0.0000380 seconds
243.004: Application time: 0.0396770 seconds
243.004: [GC [PSYoungGen: 7664K->496K(8192K)] 20034K->12866K(26112K), 0.0004060 secs] [Times: user=0.01 sys=0.00, real=0.00 secs] 
243.005: Total time for which application threads were stopped: 0.0005080 seconds, Stopping threads took: 0.0000430 seconds
243.044: Application time: 0.0392980 seconds
243.044: [GC [PSYoungGen: 7664K->512K(8192K)] 20034K->12882K(26112K), 0.0004210 secs] [Times: user=0.00 sys=0.00, real=0.00 secs] 
243.045: Total time for which application threads were stopped: 0.0005240 seconds, Stopping threads took: 0.0000420 seconds
243.084: Application time: 0.0391240 seconds
243.084: [GC [PSYoungGen: 7680K->448K(8192K)] 20050K->12818K(26112K), 0.0004110 secs] [Times: user=0.00 sys=0.00, real=0.00 secs] 
243.084: Total time for which application threads were stopped: 0.0005090 seconds, Stopping threads took: 0.0000400 seconds
243.123: Application time: 0.0392370 seconds
243.124: [GC [PSYoungGen: 7616K->480K(8192K)] 19986K->12914K(26112K), 0.0004140 secs] [Times: user=0.00 sys=0.00, real=0.00 secs] 
243.124: Total time for which application threads were stopped: 0.0005220 seconds, Stopping threads took: 0.0000510 seconds
243.164: Application time: 0.0397120 seconds
243.164: [GC [PSYoungGen: 7648K->368K(8192K)] 20082K->12906K(26112K), 0.0004500 secs] [Times: user=0.00 sys=0.00, real=0.00 secs] 
243.164: Total time for which application threads were stopped: 0.0005500 seconds, Stopping threads took: 0.0000420 seconds
243.203: Application time: 0.0392390 seconds
243.204: [GC [PSYoungGen: 7536K->416K(8192K)] 20074K->13003K(26112K), 0.0004100 secs] [Times: user=0.00 sys=0.00, real=0.00 secs] 
243.204: Total time for which application threads were stopped: 0.0005040 seconds, Stopping threads took: 0.0000370 seconds
243.243: Application time: 0.0394150 seconds
243.243: [GC [PSYoungGen: 7584K->336K(8192K)] 20171K->12923K(26112K), 0.0004270 secs] [Times: user=0.00 sys=0.00, real=0.00 secs] 
243.244: Total time for which application threads were stopped: 0.0005270 seconds, Stopping threads took: 0.0000430 seconds
243.283: Application time: 0.0394350 seconds
243.283: [GC [PSYoungGen: 7504K->288K(8192K)] 20091K->12963K(26112K), 0.0004230 secs] [Times: user=0.01 sys=0.00, real=0.00 secs] 
243.284: Total time for which application threads were stopped: 0.0005280 seconds, Stopping threads took: 0.0000480 seconds
243.323: Application time: 0.0389510 seconds
243.323: [GC [PSYoungGen: 7456K->288K(8192K)] 20131K->13019K(26112K), 0.0004290 secs] [Times: user=0.00 sys=0.00, real=0.00 secs] 
243.323: Total time for which application threads were stopped: 0.0005320 seconds, Stopping threads took: 0.0000430 seconds
243.361: Application time: 0.0378740 seconds
243.361: [GC [PSYoungGen: 7456K->320K(8192K)] 20187K->13099K(26112K), 0.0004670 secs] [Times: user=0.00 sys=0.00, real=0.00 secs] 
243.362: Total time for which application threads were stopped: 0.0005670 seconds, Stopping threads took: 0.0000430 seconds
243.401: Application time: 0.0393350 seconds
243.401: [GC [PSYoungGen: 7488K->368K(8192K)] 20267K->13147K(26112K), 0.0003860 secs] [Times: user=0.00 sys=0.00, real=0.00 secs] 
243.402: Total time for which application threads were stopped: 0.0004950 seconds, Stopping threads took: 0.0000420 seconds
243.441: Application time: 0.0394290 seconds
243.441: [GC [PSYoungGen: 7536K->352K(8192K)] 20315K->13131K(26112K), 0.0004100 secs] [Times: user=0.00 sys=0.00, real=0.00 secs] 
243.442: Total time for which application threads were stopped: 0.0005070 seconds, Stopping threads took: 0.0000380 seconds
243.479: Application time: 0.0378460 seconds
243.480: [GC [PSYoungGen: 7520K->480K(8192K)] 20299K->13259K(26112K), 0.0004530 secs] [Times: user=0.01 sys=0.00, real=0.00 secs] 
243.480: Total time for which application threads were stopped: 0.0005580 seconds, Stopping threads took: 0.0000430 seconds
243.520: Application time: 0.0399840 seconds
243.520: [GC [PSYoungGen: 7648K->480K(8192K)] 20427K->13259K(26112K), 0.0004520 secs] [Times: user=0.00 sys=0.00, real=0.00 secs] 
243.521: Total time for which application threads were stopped: 0.0005600 seconds, Stopping threads took: 0.0000470 seconds
243.560: Application time: 0.0391180 seconds
243.560: [GC [PSYoungGen: 7648K->512K(8192K)] 20427K->13291K(26112K), 0.0004210 secs] [Times: user=0.00 sys=0.00, real=0.00 secs] 
243.560: Total time for which application threads were stopped: 0.0005240 seconds, Stopping threads took: 0.0000430 seconds
243.599: Application time: 0.0392730 seconds
243.600: [GC [PSYoungGen: 7680K->464K(8192K)] 20459K->13243K(26112K), 0.0004210 secs] [Times: user=0.00 sys=0.00, real=0.00 secs] 
243.600: Total time for which application threads were stopped: 0.0005210 seconds, Stopping threads took: 0.0000430 seconds
243.639: Application time: 0.0393140 seconds
243.639: [GC [PSYoungGen: 7632K->512K(8192K)] 20411K->13291K(26112K), 0.0004280 secs] [Times: user=0.01 sys=0.00, real=0.00 secs] 
243.640: Total time for which application threads were stopped: 0.0005390 seconds, Stopping threads took: 0.0000520 seconds
243.679: Application time: 0.0395090 seconds
243.679: [GC [PSYoungGen: 7680K->480K(8192K)] 20459K->13259K(26112K), 0.0004390 secs] [Times: user=0.00 sys=0.00, real=0.00 secs] 
243.680: Total time for which application threads were stopped: 0.0005450 seconds, Stopping threads took: 0.0000480 seconds
243.719: Application time: 0.0392790 seconds
243.719: [GC [PSYoungGen: 7648K->544K(8192K)] 20427K->13323K(26112K), 0.0004700 secs] [Times: user=0.00 sys=0.00, real=0.00 secs] 
243.720: Total time for which application threads were stopped: 0.0005740 seconds, Stopping threads took: 0.0000470 seconds
243.759: Application time: 0.0392760 seconds
243.759: [GC [PSYoungGen: 7712K->544K(8192K)] 20491K->13323K(26112K), 0.0004520 secs] [Times: user=0.00 sys=0.00, real=0.00 secs] 
243.760: Total time for which application threads were stopped: 0.0005600 seconds, Stopping threads took: 0.0000480 seconds
243.799: Application time: 0.0392980 seconds
243.799: [GC [PSYoungGen: 7712K->480K(8192K)] 20491K->13259K(26112K), 0.0004150 secs] [Times: user=0.01 sys=0.00, real=0.00 secs] 
243.799: Total time for which application threads were stopped: 0.0005200 seconds, Stopping threads took: 0.0000460 seconds
243.839: Application time: 0.0394820 seconds
243.839: [GC [PSYoungGen: 7648K->512K(8192K)] 20427K->13291K(26112K), 0.0004140 secs] [Times: user=0.00 sys=0.00, real=0.00 secs] 
243.839: Total time for which application threads were stopped: 0.0005110 seconds, Stopping threads took: 0.0000390 seconds
243.879: Application time: 0.0391470 seconds
243.879: [GC [PSYoungGen: 7680K->448K(8192K)] 20459K->13227K(26112K), 0.0004640 secs] [Times: user=0.00 sys=0.00, real=0.00 secs] 
243.879: Total time for which application threads were stopped: 0.0005620 seconds, Stopping threads took: 0.0000410 seconds
243.918: Application time: 0.0393250 seconds
243.919: [GC [PSYoungGen: 7616K->480K(8192K)] 20395K->13323K(26112K), 0.0004680 secs] [Times: user=0.00 sys=0.00, real=0.00 secs] 
243.919: Total time for which application threads were stopped: 0.0005970 seconds, Stopping threads took: 0.0000510 seconds
243.959: Application time: 0.0395490 seconds
243.959: [GC [PSYoungGen: 7648K->352K(8192K)] 20491K->13315K(26112K), 0.0004430 secs] [Times: user=0.00 sys=0.00, real=0.00 secs] 
243.959: Total time for which application threads were stopped: 0.0005360 seconds, Stopping threads took: 0.0000340 seconds
243.999: Application time: 0.0396310 seconds
243.999: [GC [PSYoungGen: 7520K->352K(8192K)] 20483K->13315K(26112K), 0.0003940 secs] [Times: user=0.00 sys=0.00, real=0.00 secs] 
243.999: Total time for which application threads were stopped: 0.0005020 seconds, Stopping threads took: 0.0000500 seconds
244.039: Application time: 0.0393720 seconds
244.039: [GC [PSYoungGen: 7520K->352K(8192K)] 20483K->13315K(26112K), 0.0004010 secs] [Times: user=0.00 sys=0.00, real=0.00 secs] 
244.039: Total time for which application threads were stopped: 0.0005050 seconds, Stopping threads took: 0.0000470 seconds
244.079: Application time: 0.0395660 seconds
244.079: [GC [PSYoungGen: 7520K->272K(8192K)] 20483K->13355K(26112K), 0.0004040 secs] [Times: user=0.00 sys=0.00, real=0.00 secs] 
244.079: Total time for which application threads were stopped: 0.0005010 seconds, Stopping threads took: 0.0000410 seconds
244.118: Application time: 0.0388180 seconds
244.118: [GC [PSYoungGen: 7440K->320K(8192K)] 20523K->13403K(26112K), 0.0003740 secs] [Times: user=0.00 sys=0.00, real=0.00 secs] 
244.119: Total time for which application threads were stopped: 0.0004730 seconds, Stopping threads took: 0.0000390 seconds
244.157: Application time: 0.0380020 seconds
244.157: [GC [PSYoungGen: 7488K->368K(8192K)] 20571K->13499K(26112K), 0.0003990 secs] [Times: user=0.00 sys=0.00, real=0.00 secs] 
244.157: Total time for which application threads were stopped: 0.0005050 seconds, Stopping threads took: 0.0000440 seconds
244.196: Application time: 0.0393920 seconds
244.196: [GC [PSYoungGen: 7536K->352K(8192K)] 20667K->13483K(26112K), 0.0003930 secs] [Times: user=0.00 sys=0.00, real=0.00 secs] 
244.197: Total time for which application threads were stopped: 0.0004980 seconds, Stopping threads took: 0.0000440 seconds
244.236: Application time: 0.0389980 seconds
244.236: [GC [PSYoungGen: 7520K->384K(8192K)] 20651K->13515K(26112K), 0.0004450 secs] [Times: user=0.00 sys=0.00, real=0.00 secs] 
244.236: Total time for which application threads were stopped: 0.0005620 seconds, Stopping threads took: 0.0000490 seconds
244.275: Application time: 0.0381450 seconds
244.275: [GC [PSYoungGen: 7552K->416K(8192K)] 20683K->13547K(26112K), 0.0004290 secs] [Times: user=0.00 sys=0.00, real=0.00 secs] 
244.275: Total time for which application threads were stopped: 0.0005330 seconds, Stopping threads took: 0.0000460 seconds
244.314: Application time: 0.0389960 seconds
244.314: [GC [PSYoungGen: 7584K->512K(8192K)] 20715K->13643K(26112K), 0.0004700 secs] [Times: user=0.00 sys=0.00, real=0.00 secs] 
244.315: Total time for which application threads were stopped: 0.0005720 seconds, Stopping threads took: 0.0000430 seconds
244.354: Application time: 0.0392640 seconds
244.354: [GC [PSYoungGen: 7680K->496K(8192K)] 20811K->13627K(26112K), 0.0004100 secs] [Times: user=0.00 sys=0.00, real=0.00 secs] 
244.354: Total time for which application threads were stopped: 0.0005100 seconds, Stopping threads took: 0.0000400 seconds
244.394: Application time: 0.0394780 seconds
244.394: [GC [PSYoungGen: 7664K->512K(8192K)] 20795K->13643K(26112K), 0.0004420 secs] [Times: user=0.00 sys=0.00, real=0.00 secs] 
244.395: Total time for which application threads were stopped: 0.0005430 seconds, Stopping threads took: 0.0000460 seconds
244.434: Application time: 0.0397290 seconds
244.434: [GC [PSYoungGen: 7680K->464K(8192K)] 20811K->13595K(26112K), 0.0004250 secs] [Times: user=0.01 sys=0.00, real=0.00 secs] 
244.435: Total time for which application threads were stopped: 0.0005360 seconds, Stopping threads took: 0.0000420 seconds
244.474: Application time: 0.0394360 seconds
244.474: [GC [PSYoungGen: 7632K->512K(8192K)] 20763K->13643K(26112K), 0.0004680 secs] [Times: user=0.00 sys=0.00, real=0.00 secs] 
244.475: Total time for which application threads were stopped: 0.0005660 seconds, Stopping threads took: 0.0000380 seconds
244.514: Application time: 0.0392880 seconds
244.514: [GC [PSYoungGen: 7680K->480K(8192K)] 20811K->13611K(26112K), 0.0004220 secs] [Times: user=0.00 sys=0.00, real=0.00 secs] 
244.515: Total time for which application threads were stopped: 0.0005220 seconds, Stopping threads took: 0.0000420 seconds
244.554: Application time: 0.0392660 seconds
244.554: [GC [PSYoungGen: 7648K->480K(8192K)] 20779K->13611K(26112K), 0.0005220 secs] [Times: user=0.01 sys=0.00, real=0.00 secs] 
244.554: Total time for which application threads were stopped: 0.0006210 seconds, Stopping threads took: 0.0000390 seconds
244.594: Application time: 0.0391900 seconds
244.594: [GC [PSYoungGen: 7648K->528K(8192K)] 20779K->13659K(26112K), 0.0004500 secs] [Times: user=0.00 sys=0.00, real=0.00 secs] 
244.594: Total time for which application threads were stopped: 0.0005470 seconds, Stopping threads took: 0.0000390 seconds
244.633: Application time: 0.0392370 seconds
244.634: [GC [PSYoungGen: 7696K->496K(8192K)] 20827K->13627K(26112K), 0.0004480 secs] [Times: user=0.00 sys=0.00, real=0.00 secs] 
244.634: Total time for which application threads were stopped: 0.0005540 seconds, Stopping threads took: 0.0000480 seconds
244.673: Application time: 0.0394480 seconds
244.674: [GC [PSYoungGen: 7664K->464K(8192K)] 20795K->13595K(26112K), 0.0004100 secs] [Times: user=0.00 sys=0.00, real=0.00 secs] 
244.674: Total time for which application threads were stopped: 0.0005040 seconds, Stopping threads took: 0.0000340 seconds
244.713: Application time: 0.0395130 seconds
244.714: [GC [PSYoungGen: 7632K->448K(8192K)] 20763K->13635K(26112K), 0.0004750 secs] [Times: user=0.01 sys=0.00, real=0.00 secs] 
244.714: Total time for which application threads were stopped: 0.0005690 seconds, Stopping threads took: 0.0000350 seconds
244.754: Application time: 0.0396670 seconds
244.754: [GC [PSYoungGen: 7616K->368K(8192K)] 20803K->13675K(26112K), 0.0004140 secs] [Times: user=0.00 sys=0.00, real=0.00 secs] 
244.754: Total time for which application threads were stopped: 0.0005170 seconds, Stopping threads took: 0.0000420 seconds
244.794: Application time: 0.0393330 seconds
244.794: [GC [PSYoungGen: 7536K->384K(8192K)] 20843K->13691K(26112K), 0.0004600 secs] [Times: user=0.00 sys=0.00, real=0.00 secs] 
244.794: Total time for which application threads were stopped: 0.0005670 seconds, Stopping threads took: 0.0000470 seconds
244.834: Application time: 0.0394540 seconds
244.834: [GC [PSYoungGen: 7552K->368K(8192K)] 20859K->13731K(26112K), 0.0003970 secs] [Times: user=0.00 sys=0.00, real=0.00 secs] 
244.834: Total time for which application threads were stopped: 0.0004950 seconds, Stopping threads took: 0.0000420 seconds
244.874: Application time: 0.0397010 seconds
244.874: [GC [PSYoungGen: 7536K->240K(8192K)] 20899K->13683K(26112K), 0.0004280 secs] [Times: user=0.00 sys=0.00, real=0.00 secs] 
244.874: Total time for which application threads were stopped: 0.0005250 seconds, Stopping threads took: 0.0000410 seconds
244.914: Application time: 0.0394820 seconds
244.914: [GC [PSYoungGen: 7408K->320K(8192K)] 20851K->13819K(26112K), 0.0004290 secs] [Times: user=0.00 sys=0.00, real=0.00 secs] 
244.914: Total time for which application threads were stopped: 0.0005490 seconds, Stopping threads took: 0.0000520 seconds
244.953: Application time: 0.0388990 seconds
244.953: [GC [PSYoungGen: 7488K->368K(8192K)] 20987K->13867K(26112K), 0.0004300 secs] [Times: user=0.01 sys=0.00, real=0.00 secs] 
244.954: Total time for which application threads were stopped: 0.0005460 seconds, Stopping threads took: 0.0000480 seconds
244.993: Application time: 0.0393370 seconds
244.993: [GC [PSYoungGen: 7536K->368K(8192K)] 21035K->13867K(26112K), 0.0004250 secs] [Times: user=0.00 sys=0.00, real=0.00 secs] 
244.994: Total time for which application threads were stopped: 0.0005210 seconds, Stopping threads took: 0.0000400 seconds
245.031: Application time: 0.0377910 seconds
245.033: [GC [PSYoungGen: 7536K->416K(8192K)] 21035K->13915K(26112K), 0.0004390 secs] [Times: user=0.00 sys=0.00, real=0.00 secs] 
245.034: Total time for which application threads were stopped: 0.0020670 seconds, Stopping threads took: 0.0015650 seconds
245.073: Application time: 0.0391500 seconds
245.073: [GC [PSYoungGen: 7584K->512K(8192K)] 21083K->14011K(26112K), 0.0004750 secs] [Times: user=0.00 sys=0.00, real=0.00 secs] 
245.073: Total time for which application threads were stopped: 0.0005720 seconds, Stopping threads took: 0.0000360 seconds
245.113: Application time: 0.0393990 seconds
245.113: [GC [PSYoungGen: 7680K->512K(8192K)] 21179K->14011K(26112K), 0.0004180 secs] [Times: user=0.00 sys=0.00, real=0.00 secs] 
245.113: Total time for which application threads were stopped: 0.0005200 seconds, Stopping threads took: 0.0000430 seconds
245.153: Application time: 0.0398830 seconds
245.153: [GC [PSYoungGen: 7680K->480K(8192K)] 21179K->13979K(26112K), 0.0004270 secs] [Times: user=0.00 sys=0.00, real=0.00 secs] 
245.154: Total time for which application threads were stopped: 0.0005290 seconds, Stopping threads took: 0.0000460 seconds
245.193: Application time: 0.0393310 seconds
245.193: [GC [PSYoungGen: 7648K->496K(8192K)] 21147K->13995K(26112K), 0.0004700 secs] [Times: user=0.00 sys=0.00, real=0.00 secs] 
245.194: Total time for which application threads were stopped: 0.0005720 seconds, Stopping threads took: 0.0000410 seconds
245.233: Application time: 0.0394770 seconds
245.233: [GC [PSYoungGen: 7664K->512K(8192K)] 21163K->14011K(26112K), 0.0004220 secs] [Times: user=0.00 sys=0.00, real=0.00 secs] 
245.234: Total time for which application threads were stopped: 0.0005370 seconds, Stopping threads took: 0.0000570 seconds
245.273: Application time: 0.0392170 seconds
245.273: [GC [PSYoungGen: 7680K->464K(8192K)] 21179K->13963K(26112K), 0.0004610 secs] [Times: user=0.00 sys=0.00, real=0.00 secs] 
245.273: Total time for which application threads were stopped: 0.0005580 seconds, Stopping threads took: 0.0000380 seconds
245.312: Application time: 0.0391030 seconds
245.312: [GC [PSYoungGen: 7632K->464K(8192K)] 21131K->13963K(26112K), 0.0004780 secs] [Times: user=0.00 sys=0.00, real=0.00 secs] 
245.313: Total time for which application threads were stopped: 0.0005780 seconds, Stopping threads took: 0.0000400 seconds
245.353: Application time: 0.0396210 seconds
245.353: [GC [PSYoungGen: 7632K->480K(8192K)] 21131K->13979K(26112K), 0.0004310 secs] [Times: user=0.00 sys=0.00, real=0.00 secs] 
245.353: Total time for which application threads were stopped: 0.0005400 seconds, Stopping threads took: 0.0000470 seconds
245.393: Application time: 0.0397260 seconds
245.393: [GC [PSYoungGen: 7648K->480K(8192K)] 21147K->13979K(26112K), 0.0004290 secs] [Times: user=0.00 sys=0.00, real=0.00 secs] 
245.393: Total time for which application threads were stopped: 0.0005350 seconds, Stopping threads took: 0.0000480 seconds
245.433: Application time: 0.0391540 seconds
245.433: [GC [PSYoungGen: 7648K->480K(8192K)] 21147K->13979K(26112K), 0.0004960 secs] [Times: user=0.00 sys=0.00, real=0.00 secs] 
245.433: Total time for which application threads were stopped: 0.0005980 seconds, Stopping threads took: 0.0000420 seconds
245.473: Application time: 0.0395310 seconds
245.473: [GC [PSYoungGen: 7648K->512K(8192K)] 21147K->14011K(26112K), 0.0004190 secs] [Times: user=0.00 sys=0.00, real=0.00 secs] 
245.473: Total time for which application threads were stopped: 0.0005340 seconds, Stopping threads took: 0.0000440 seconds
245.512: Application time: 0.0392320 seconds
245.513: [GC [PSYoungGen: 7680K->384K(8192K)] 21179K->13971K(26112K), 0.0004730 secs] [Times: user=0.00 sys=0.00, real=0.00 secs] 
245.513: Total time for which application threads were stopped: 0.0005800 seconds, Stopping threads took: 0.0000460 seconds
245.553: Application time: 0.0398850 seconds
245.553: [GC [PSYoungGen: 7552K->368K(8192K)] 21139K->14035K(26112K), 0.0004140 secs] [Times: user=0.00 sys=0.00, real=0.00 secs] 
245.553: Total time for which application threads were stopped: 0.0005200 seconds, Stopping threads took: 0.0000440 seconds
245.593: Application time: 0.0395730 seconds
245.597: [GC [PSYoungGen: 7536K->352K(8192K)] 21203K->14019K(26112K), 0.0004060 secs] [Times: user=0.00 sys=0.00, real=0.00 secs] 
245.598: Total time for which application threads were stopped: 0.0044850 seconds, Stopping threads took: 0.0040180 seconds
245.637: Application time: 0.0392330 seconds
245.637: [GC [PSYoungGen: 7520K->304K(8192K)] 21187K->14099K(26112K), 0.0003870 secs] [Times: user=0.00 sys=0.00, real=0.00 secs] 
245.637: Total time for which application threads were stopped: 0.0004990 seconds, Stopping threads took: 0.0000510 seconds
245.676: Application time: 0.0391190 seconds
245.676: [GC [PSYoungGen: 7472K->272K(8192K)] 21267K->14115K(26112K), 0.0004110 secs] [Times: user=0.00 sys=0.00, real=0.00 secs] 
245.677: Total time for which application threads were stopped: 0.0005200 seconds, Stopping threads took: 0.0000490 seconds
245.715: Application time: 0.0382910 seconds
245.715: [GC [PSYoungGen: 7440K->320K(8192K)] 21283K->14163K(26112K), 0.0003960 secs] [Times: user=0.00 sys=0.00, real=0.00 secs] 
245.716: Total time for which application threads were stopped: 0.0004960 seconds, Stopping threads took: 0.0000430 seconds
245.754: Application time: 0.0385700 seconds
245.754: [GC [PSYoungGen: 7488K->352K(8192K)] 21331K->14195K(26112K), 0.0003810 secs] [Times: user=0.00 sys=0.00, real=0.00 secs] 
245.755: Total time for which application threads were stopped: 0.0004850 seconds, Stopping threads took: 0.0000470 seconds
245.794: Application time: 0.0396720 seconds
245.794: [GC [PSYoungGen: 7520K->416K(8192K)] 21363K->14259K(26112K), 0.0004470 secs] [Times: user=0.00 sys=0.00, real=0.00 secs] 
245.795: Total time for which application threads were stopped: 0.0005450 seconds, Stopping threads took: 0.0000380 seconds
245.833: Application time: 0.0380130 seconds
245.833: [GC [PSYoungGen: 7584K->480K(8192K)] 21427K->14323K(26112K), 0.0004150 secs] [Times: user=0.01 sys=0.00, real=0.00 secs] 
245.833: Total time for which application threads were stopped: 0.0005200 seconds, Stopping threads took: 0.0000410 seconds
245.872: Application time: 0.0389010 seconds
245.872: [GC [PSYoungGen: 7648K->496K(8192K)] 21491K->14339K(26112K), 0.0004540 secs] [Times: user=0.00 sys=0.00, real=0.00 secs] 
245.873: Total time for which application threads were stopped: 0.0005650 seconds, Stopping threads took: 0.0000440 seconds
245.913: Application time: 0.0397150 seconds
245.913: [GC [PSYoungGen: 7664K->528K(8192K)] 21507K->14371K(26112K), 0.0004960 secs] [Times: user=0.01 sys=0.00, real=0.00 secs] 
245.914: Total time for which application threads were stopped: 0.0015930 seconds, Stopping threads took: 0.0000470 seconds
245.954: Application time: 0.0394470 seconds
245.954: [GC [PSYoungGen: 7696K->496K(8192K)] 21539K->14339K(26112K), 0.0004590 secs] [Times: user=0.00 sys=0.00, real=0.00 secs] 
245.954: Total time for which application threads were stopped: 0.0005940 seconds, Stopping threads took: 0.0000740 seconds
245.995: Application time: 0.0402510 seconds
245.995: [GC [PSYoungGen: 7664K->496K(8192K)] 21507K->14339K(26112K), 0.0004260 secs] [Times: user=0.00 sys=0.00, real=0.00 secs] 
245.995: Total time for which application threads were stopped: 0.0005540 seconds, Stopping threads took: 0.0000580 seconds
246.034: Application time: 0.0392250 seconds
246.034: [GC [PSYoungGen: 7664K->512K(8192K)] 21507K->14355K(26112K), 0.0004320 secs] [Times: user=0.01 sys=0.00, real=0.00 secs] 
246.035: Total time for which application threads were stopped: 0.0005440 seconds, Stopping threads took: 0.0000520 seconds
246.074: Application time: 0.0395600 seconds
246.075: [GC [PSYoungGen: 7680K->448K(8192K)] 21523K->14291K(26112K), 0.0004680 secs] [Times: user=0.00 sys=0.00, real=0.00 secs] 
246.075: Total time for which application threads were stopped: 0.0005720 seconds, Stopping threads took: 0.0000430 seconds
246.114: Application time: 0.0392420 seconds
246.114: [GC [PSYoungGen: 7616K->528K(8192K)] 21459K->14371K(26112K), 0.0005100 secs] [Times: user=0.00 sys=0.00, real=0.00 secs] 
246.115: Total time for which application threads were stopped: 0.0006180 seconds, Stopping threads took: 0.0000470 seconds
246.155: Application time: 0.0396720 seconds
246.155: [GC [PSYoungGen: 7696K->512K(8192K)] 21539K->14355K(26112K), 0.0004160 secs] [Times: user=0.01 sys=0.00, real=0.00 secs] 
246.155: Total time for which application threads were stopped: 0.0005180 seconds, Stopping threads took: 0.0000430 seconds
246.195: Application time: 0.0395290 seconds
246.195: [GC [PSYoungGen: 7680K->496K(8192K)] 21523K->14339K(26112K), 0.0004280 secs] [Times: user=0.00 sys=0.00, real=0.00 secs] 
246.195: Total time for which application threads were stopped: 0.0005380 seconds, Stopping threads took: 0.0000470 seconds
246.235: Application time: 0.0394540 seconds
246.235: [GC [PSYoungGen: 7664K->480K(8192K)] 21507K->14323K(26112K), 0.0004230 secs] [Times: user=0.00 sys=0.00, real=0.00 secs] 
246.235: Total time for which application threads were stopped: 0.0005290 seconds, Stopping threads took: 0.0000460 seconds
246.274: Application time: 0.0391860 seconds
246.274: [GC [PSYoungGen: 7648K->432K(8192K)] 21491K->14323K(26112K), 0.0004190 secs] [Times: user=0.01 sys=0.00, real=0.00 secs] 
246.275: Total time for which application threads were stopped: 0.0005200 seconds, Stopping threads took: 0.0000410 seconds
246.314: Application time: 0.0392460 seconds
246.314: [GC [PSYoungGen: 7600K->352K(8192K)] 21491K->14340K(26112K), 0.0004240 secs] [Times: user=0.00 sys=0.00, real=0.00 secs] 
246.315: Total time for which application threads were stopped: 0.0005270 seconds, Stopping threads took: 0.0000420 seconds
246.354: Application time: 0.0392560 seconds
246.354: [GC [PSYoungGen: 7520K->320K(8192K)] 21508K->14364K(26112K), 0.0004570 secs] [Times: user=0.00 sys=0.00, real=0.00 secs] 
246.354: Total time for which application threads were stopped: 0.0005600 seconds, Stopping threads took: 0.0000430 seconds
246.394: Application time: 0.0396880 seconds
246.394: [GC [PSYoungGen: 7488K->400K(8192K)] 21532K->14444K(26112K), 0.0004210 secs] [Times: user=0.00 sys=0.00, real=0.00 secs] 
246.395: Total time for which application threads were stopped: 0.0005200 seconds, Stopping threads took: 0.0000380 seconds
246.434: Application time: 0.0396020 seconds
246.434: [GC [PSYoungGen: 7568K->256K(8192K)] 21612K->14420K(26112K), 0.0004710 secs] [Times: user=0.01 sys=0.00, real=0.00 secs] 
246.435: Total time for which application threads were stopped: 0.0005640 seconds, Stopping threads took: 0.0000320 seconds
246.474: Application time: 0.0389960 seconds
246.474: [GC [PSYoungGen: 7424K->256K(8192K)] 21588K->14468K(26112K), 0.0004240 secs] [Times: user=0.00 sys=0.00, real=0.00 secs] 
246.474: Total time for which application threads were stopped: 0.0005290 seconds, Stopping threads took: 0.0000410 seconds
246.512: Application time: 0.0378430 seconds
246.512: [GC [PSYoungGen: 7424K->336K(8192K)] 21636K->14548K(26112K), 0.0003910 secs] [Times: user=0.00 sys=0.00, real=0.00 secs] 
246.513: Total time for which application threads were stopped: 0.0005140 seconds, Stopping threads took: 0.0000510 seconds
246.552: Application time: 0.0392590 seconds
246.552: [GC [PSYoungGen: 7504K->320K(8192K)] 21716K->14532K(26112K), 0.0003930 secs] [Times: user=0.00 sys=0.00, real=0.00 secs] 
246.552: Total time for which application threads were stopped: 0.0004950 seconds, Stopping threads took: 0.0000430 seconds
246.592: Application time: 0.0394010 seconds
246.592: [GC [PSYoungGen: 7488K->336K(8192K)] 21700K->14548K(26112K), 0.0003770 secs] [Times: user=0.01 sys=0.00, real=0.00 secs] 
246.592: Total time for which application threads were stopped: 0.0004740 seconds, Stopping threads took: 0.0000390 seconds
246.630: Application time: 0.0377740 seconds
246.630: [GC [PSYoungGen: 7504K->448K(8192K)] 21716K->14660K(26112K), 0.0004390 secs] [Times: user=0.00 sys=0.00, real=0.00 secs] 
246.631: Total time for which application threads were stopped: 0.0005490 seconds, Stopping threads took: 0.0000460 seconds
246.670: Application time: 0.0390590 seconds
246.670: [GC [PSYoungGen: 7616K->496K(8192K)] 21828K->14708K(26112K), 0.0004330 secs] [Times: user=0.00 sys=0.00, real=0.00 secs] 
246.670: Total time for which application threads were stopped: 0.0005340 seconds, Stopping threads took: 0.0000390 seconds
246.710: Application time: 0.0392830 seconds
246.710: [GC [PSYoungGen: 7664K->528K(8192K)] 21876K->14740K(26112K), 0.0004200 secs] [Times: user=0.00 sys=0.00, real=0.00 secs] 
246.710: Total time for which application threads were stopped: 0.0005190 seconds, Stopping threads took: 0.0000390 seconds
246.750: Application time: 0.0400880 seconds
246.750: [GC [PSYoungGen: 7696K->512K(8192K)] 21908K->14724K(26112K), 0.0004840 secs] [Times: user=0.01 sys=0.00, real=0.00 secs] 
246.751: Total time for which application threads were stopped: 0.0005840 seconds, Stopping threads took: 0.0000380 seconds
246.790: Application time: 0.0393900 seconds
246.790: [GC [PSYoungGen: 7680K->480K(8192K)] 21892K->14692K(26112K), 0.0005500 secs] [Times: user=0.00 sys=0.00, real=0.00 secs] 
246.791: Total time for which application threads were stopped: 0.0006720 seconds, Stopping threads took: 0.0000620 seconds
246.830: Application time: 0.0392690 seconds
246.830: [GC [PSYoungGen: 7648K->448K(8192K)] 21860K->14660K(26112K), 0.0004630 secs] [Times: user=0.00 sys=0.00, real=0.00 secs] 
246.831: Total time for which application threads were stopped: 0.0005640 seconds, Stopping threads took: 0.0000410 seconds
246.870: Application time: 0.0393030 seconds
246.870: [GC [PSYoungGen: 7616K->512K(8192K)] 21828K->14724K(26112K), 0.0004090 secs] [Times: user=0.00 sys=0.00, real=0.00 secs] 
246.870: Total time for which application threads were stopped: 0.0005060 seconds, Stopping threads took: 0.0000350 seconds
246.910: Application time: 0.0392830 seconds
246.910: [GC [PSYoungGen: 7680K->512K(8192K)] 21892K->14724K(26112K), 0.0005000 secs] [Times: user=0.01 sys=0.00, real=0.00 secs] 
246.910: Total time for which application threads were stopped: 0.0006220 seconds, Stopping threads took: 0.0000460 seconds
246.950: Application time: 0.0393330 seconds
246.950: [GC [PSYoungGen: 7680K->480K(8192K)] 21892K->14692K(26112K), 0.0004820 secs] [Times: user=0.00 sys=0.00, real=0.00 secs] 
246.950: Total time for which application threads were stopped: 0.0005850 seconds, Stopping threads took: 0.0000440 seconds
246.990: Application time: 0.0393280 seconds
246.990: [GC [PSYoungGen: 7648K->496K(8192K)] 21860K->14708K(26112K), 0.0004440 secs] [Times: user=0.00 sys=0.00, real=0.00 secs] 
246.990: Total time for which application threads were stopped: 0.0005510 seconds, Stopping threads took: 0.0000460 seconds
247.029: Application time: 0.0392090 seconds
247.029: [GC [PSYoungGen: 7664K->464K(8192K)] 21876K->14676K(26112K), 0.0005000 secs] [Times: user=0.00 sys=0.00, real=0.00 secs] 
247.030: Total time for which application threads were stopped: 0.0006120 seconds, Stopping threads took: 0.0000430 seconds
247.069: Application time: 0.0392410 seconds
247.069: [GC [PSYoungGen: 7632K->496K(8192K)] 21844K->14764K(26112K), 0.0004090 secs] [Times: user=0.00 sys=0.00, real=0.00 secs] 
247.070: Total time for which application threads were stopped: 0.0005120 seconds, Stopping threads took: 0.0000410 seconds
247.109: Application time: 0.0396320 seconds
247.113: [GC [PSYoungGen: 7664K->368K(8192K)] 21932K->14740K(26112K), 0.0004190 secs] [Times: user=0.00 sys=0.00, real=0.00 secs] 
247.114: Total time for which application threads were stopped: 0.0041510 seconds, Stopping threads took: 0.0036730 seconds
247.153: Application time: 0.0392160 seconds
247.153: [GC [PSYoungGen: 7536K->352K(8192K)] 21908K->14724K(26112K), 0.0004140 secs] [Times: user=0.00 sys=0.00, real=0.00 secs] 
247.153: Total time for which application threads were stopped: 0.0005150 seconds, Stopping threads took: 0.0000400 seconds
247.193: Application time: 0.0396540 seconds
247.193: [GC [PSYoungGen: 7520K->352K(8192K)] 21892K->14724K(26112K), 0.0003990 secs] [Times: user=0.00 sys=0.00, real=0.00 secs] 
247.193: Total time for which application threads were stopped: 0.0005100 seconds, Stopping threads took: 0.0000510 seconds
247.232: Application time: 0.0388210 seconds
247.232: [GC [PSYoungGen: 7520K->304K(8192K)] 21892K->14812K(26112K), 0.0003870 secs] [Times: user=0.00 sys=0.00, real=0.00 secs] 
247.233: Total time for which application threads were stopped: 0.0004950 seconds, Stopping threads took: 0.0000450 seconds
247.272: Application time: 0.0391840 seconds
247.272: [GC [PSYoungGen: 7472K->320K(8192K)] 21980K->14876K(26112K), 0.0004170 secs] [Times: user=0.01 sys=0.00, real=0.00 secs] 
247.272: Total time for which application threads were stopped: 0.0005200 seconds, Stopping threads took: 0.0000430 seconds
247.311: Application time: 0.0385930 seconds
247.311: [GC [PSYoungGen: 7488K->368K(8192K)] 22044K->14924K(26112K), 0.0004350 secs] [Times: user=0.01 sys=0.00, real=0.00 secs] 
247.312: Total time for which application threads were stopped: 0.0005470 seconds, Stopping threads took: 0.0000490 seconds
247.351: Application time: 0.0392920 seconds
247.351: [GC [PSYoungGen: 7536K->384K(8192K)] 22092K->14940K(26112K), 0.0003900 secs] [Times: user=0.00 sys=0.00, real=0.00 secs] 
247.351: Total time for which application threads were stopped: 0.0004910 seconds, Stopping threads took: 0.0000420 seconds
247.390: Application time: 0.0384390 seconds
247.390: [GC [PSYoungGen: 7552K->400K(8192K)] 22108K->14956K(26112K), 0.0004250 secs] [Times: user=0.00 sys=0.00, real=0.00 secs] 
247.390: Total time for which application threads were stopped: 0.0005360 seconds, Stopping threads took: 0.0000500 seconds
247.429: Application time: 0.0384680 seconds
247.429: [GC [PSYoungGen: 7568K->464K(8192K)] 22124K->15020K(26112K), 0.0004750 secs] [Times: user=0.00 sys=0.00, real=0.01 secs] 
247.429: Total time for which application threads were stopped: 0.0005890 seconds, Stopping threads took: 0.0000520 seconds
247.469: Application time: 0.0392240 seconds
247.469: [GC [PSYoungGen: 7632K->496K(8192K)] 22188K->15052K(26112K), 0.0004410 secs] [Times: user=0.00 sys=0.00, real=0.01 secs] 
247.469: Total time for which application threads were stopped: 0.0005430 seconds, Stopping threads took: 0.0000430 seconds
247.509: Application time: 0.0397090 seconds
247.509: [GC [PSYoungGen: 7664K->528K(8192K)] 22220K->15084K(26112K), 0.0004280 secs] [Times: user=0.00 sys=0.00, real=0.01 secs] 
247.509: Total time for which application threads were stopped: 0.0005420 seconds, Stopping threads took: 0.0000420 seconds
247.549: Application time: 0.0396620 seconds
247.549: [GC [PSYoungGen: 7696K->544K(8192K)] 22252K->15100K(26112K), 0.0004660 secs] [Times: user=0.00 sys=0.00, real=0.00 secs] 
247.550: Total time for which application threads were stopped: 0.0005800 seconds, Stopping threads took: 0.0000460 seconds
247.589: Application time: 0.0395990 seconds
247.589: [GC [PSYoungGen: 7712K->560K(8192K)] 22268K->15116K(26112K), 0.0004240 secs] [Times: user=0.00 sys=0.00, real=0.00 secs] 
247.590: Total time for which application threads were stopped: 0.0005310 seconds, Stopping threads took: 0.0000470 seconds
247.629: Application time: 0.0392850 seconds
247.629: [GC [PSYoungGen: 7728K->512K(8192K)] 22284K->15068K(26112K), 0.0004530 secs] [Times: user=0.01 sys=0.00, real=0.00 secs] 
247.630: Total time for which application threads were stopped: 0.0005590 seconds, Stopping threads took: 0.0000460 seconds
247.669: Application time: 0.0392880 seconds
247.669: [GC [PSYoungGen: 7680K->496K(8192K)] 22236K->15052K(26112K), 0.0004330 secs] [Times: user=0.00 sys=0.00, real=0.00 secs] 
247.669: Total time for which application threads were stopped: 0.0005390 seconds, Stopping threads took: 0.0000430 seconds
247.709: Application time: 0.0392160 seconds
247.709: [GC [PSYoungGen: 7664K->496K(8192K)] 22220K->15052K(26112K), 0.0004700 secs] [Times: user=0.00 sys=0.00, real=0.01 secs] 
247.709: Total time for which application threads were stopped: 0.0005690 seconds, Stopping threads took: 0.0000390 seconds
247.749: Application time: 0.0396280 seconds
247.749: [GC [PSYoungGen: 7664K->496K(8192K)] 22220K->15052K(26112K), 0.0004320 secs] [Times: user=0.00 sys=0.00, real=0.01 secs] 
247.749: Total time for which application threads were stopped: 0.0005340 seconds, Stopping threads took: 0.0000410 seconds
247.789: Application time: 0.0392570 seconds
247.789: [GC [PSYoungGen: 7664K->512K(8192K)] 22220K->15068K(26112K), 0.0004790 secs] [Times: user=0.00 sys=0.00, real=0.01 secs] 
247.789: Total time for which application threads were stopped: 0.0005930 seconds, Stopping threads took: 0.0000490 seconds
247.829: Application time: 0.0394470 seconds
247.829: [GC [PSYoungGen: 7680K->480K(8192K)] 22236K->15092K(26112K), 0.0004730 secs] [Times: user=0.00 sys=0.00, real=0.01 secs] 
247.829: Total time for which application threads were stopped: 0.0005750 seconds, Stopping threads took: 0.0000410 seconds
247.869: Application time: 0.0393070 seconds
247.869: [GC [PSYoungGen: 7648K->384K(8192K)] 22260K->15052K(26112K), 0.0004180 secs] [Times: user=0.00 sys=0.00, real=0.01 secs] 
247.869: Total time for which application threads were stopped: 0.0005230 seconds, Stopping threads took: 0.0000430 seconds
247.909: Application time: 0.0398400 seconds
247.909: [GC [PSYoungGen: 7552K->368K(8192K)] 22220K->15124K(26112K), 0.0004780 secs] [Times: user=0.00 sys=0.00, real=0.00 secs] 
247.910: Total time for which application threads were stopped: 0.0006020 seconds, Stopping threads took: 0.0000520 seconds
247.949: Application time: 0.0394440 seconds
247.949: [GC [PSYoungGen: 7536K->384K(8192K)] 22292K->15140K(26112K), 0.0003940 secs] [Times: user=0.00 sys=0.00, real=0.00 secs] 
247.950: Total time for which application threads were stopped: 0.0005030 seconds, Stopping threads took: 0.0000470 seconds
247.989: Application time: 0.0395980 seconds
247.989: [GC [PSYoungGen: 7552K->288K(8192K)] 22308K->15124K(26112K), 0.0004200 secs] [Times: user=0.00 sys=0.00, real=0.00 secs] 
247.990: Total time for which application threads were stopped: 0.0005180 seconds, Stopping threads took: 0.0000420 seconds
248.029: Application time: 0.0392770 seconds
248.029: [GC [PSYoungGen: 7456K->256K(8192K)] 22292K->15188K(26112K), 0.0003810 secs] [Times: user=0.00 sys=0.00, real=0.00 secs] 
248.029: Total time for which application threads were stopped: 0.0004890 seconds, Stopping threads took: 0.0000460 seconds
248.067: Application time: 0.0380210 seconds
248.068: [GC [PSYoungGen: 7424K->352K(8192K)] 22356K->15284K(26112K), 0.0004010 secs] [Times: user=0.00 sys=0.00, real=0.00 secs] 
248.068: Total time for which application threads were stopped: 0.0005130 seconds, Stopping threads took: 0.0000420 seconds
248.107: Application time: 0.0386390 seconds
248.107: [GC [PSYoungGen: 7520K->336K(8192K)] 22452K->15268K(26112K), 0.0004410 secs] [Times: user=0.00 sys=0.00, real=0.00 secs] 
248.107: Total time for which application threads were stopped: 0.0005400 seconds, Stopping threads took: 0.0000390 seconds
248.147: Application time: 0.0394970 seconds
248.147: [GC [PSYoungGen: 7504K->336K(8192K)] 22436K->15268K(26112K), 0.0003960 secs] [Times: user=0.00 sys=0.00, real=0.00 secs] 
248.147: Total time for which application threads were stopped: 0.0005010 seconds, Stopping threads took: 0.0000460 seconds
248.185: Application time: 0.0379380 seconds
248.185: [GC [PSYoungGen: 7504K->496K(8192K)] 22436K->15428K(26112K), 0.0004700 secs] [Times: user=0.00 sys=0.00, real=0.00 secs] 
248.186: Total time for which application threads were stopped: 0.0005810 seconds, Stopping threads took: 0.0000450 seconds
248.224: Application time: 0.0388240 seconds
248.225: [GC [PSYoungGen: 7664K->464K(8192K)] 22596K->15396K(26112K), 0.0004220 secs] [Times: user=0.00 sys=0.00, real=0.00 secs] 
248.225: Total time for which application threads were stopped: 0.0005350 seconds, Stopping threads took: 0.0000480 seconds
248.264: Application time: 0.0392510 seconds
248.264: [GC [PSYoungGen: 7632K->512K(8192K)] 22564K->15444K(26112K), 0.0005230 secs] [Times: user=0.00 sys=0.00, real=0.00 secs] 
248.265: Total time for which application threads were stopped: 0.0006240 seconds, Stopping threads took: 0.0000400 seconds
248.305: Application time: 0.0397570 seconds
248.305: [GC [PSYoungGen: 7680K->480K(8192K)] 22612K->15412K(26112K), 0.0004450 secs] [Times: user=0.00 sys=0.00, real=0.00 secs] 
248.305: Total time for which application threads were stopped: 0.0005570 seconds, Stopping threads took: 0.0000510 seconds
248.345: Application time: 0.0395460 seconds
248.345: [GC [PSYoungGen: 7648K->528K(8192K)] 22580K->15460K(26112K), 0.0004210 secs] [Times: user=0.00 sys=0.00, real=0.00 secs] 
248.345: Total time for which application threads were stopped: 0.0005300 seconds, Stopping threads took: 0.0000500 seconds
248.385: Application time: 0.0394440 seconds
248.385: [GC [PSYoungGen: 7696K->496K(8192K)] 22628K->15428K(26112K), 0.0004450 secs] [Times: user=0.00 sys=0.00, real=0.00 secs] 
248.385: Total time for which application threads were stopped: 0.0005500 seconds, Stopping threads took: 0.0000430 seconds
248.425: Application time: 0.0393670 seconds
248.425: [GC [PSYoungGen: 7664K->496K(8192K)] 22596K->15428K(26112K), 0.0004300 secs] [Times: user=0.00 sys=0.00, real=0.00 secs] 
248.425: Total time for which application threads were stopped: 0.0005290 seconds, Stopping threads took: 0.0000410 seconds
248.465: Application time: 0.0393390 seconds
248.469: [GC [PSYoungGen: 7664K->496K(8192K)] 22596K->15428K(26112K), 0.0004910 secs] [Times: user=0.00 sys=0.00, real=0.00 secs] 
248.470: Total time for which application threads were stopped: 0.0050950 seconds, Stopping threads took: 0.0045360 seconds
248.509: Application time: 0.0393170 seconds
248.509: [GC [PSYoungGen: 7664K->512K(8192K)] 22596K->15444K(26112K), 0.0004310 secs] [Times: user=0.00 sys=0.00, real=0.00 secs] 
248.509: Total time for which application threads were stopped: 0.0005420 seconds, Stopping threads took: 0.0000450 seconds
248.549: Application time: 0.0396940 seconds
248.549: [GC [PSYoungGen: 7680K->496K(8192K)] 22612K->15428K(26112K), 0.0004150 secs] [Times: user=0.00 sys=0.00, real=0.00 secs] 
248.550: Total time for which application threads were stopped: 0.0005270 seconds, Stopping threads took: 0.0000490 seconds
248.589: Application time: 0.0391800 seconds
248.589: [GC [PSYoungGen: 7664K->464K(8192K)] 22596K->15396K(26112K), 0.0004280 secs] [Times: user=0.00 sys=0.00, real=0.01 secs] 
248.589: Total time for which application threads were stopped: 0.0005410 seconds, Stopping threads took: 0.0000410 seconds
248.630: Application time: 0.0403220 seconds
248.630: [GC [PSYoungGen: 7632K->464K(8192K)] 22564K->15420K(26112K), 0.0004950 secs] [Times: user=0.00 sys=0.00, real=0.00 secs] 
248.630: Total time for which application threads were stopped: 0.0006030 seconds, Stopping threads took: 0.0000450 seconds
248.670: Application time: 0.0393370 seconds
248.670: [GC [PSYoungGen: 7632K->336K(8192K)] 22588K->15408K(26112K), 0.0004210 secs] [Times: user=0.00 sys=0.00, real=0.00 secs] 
248.670: Total time for which application threads were stopped: 0.0005270 seconds, Stopping threads took: 0.0000430 seconds
248.710: Application time: 0.0393100 seconds
248.710: [GC [PSYoungGen: 7504K->352K(8192K)] 22576K->15472K(26112K), 0.0004500 secs] [Times: user=0.01 sys=0.00, real=0.00 secs] 
248.710: Total time for which application threads were stopped: 0.0005560 seconds, Stopping threads took: 0.0000470 seconds
248.750: Application time: 0.0397960 seconds
248.750: [GC [PSYoungGen: 7520K->400K(8192K)] 22640K->15520K(26112K), 0.0003830 secs] [Times: user=0.01 sys=0.00, real=0.00 secs] 
248.750: Total time for which application threads were stopped: 0.0004900 seconds, Stopping threads took: 0.0000480 seconds
248.790: Application time: 0.0397060 seconds
248.790: [GC [PSYoungGen: 7568K->272K(8192K)] 22688K->15504K(26112K), 0.0004440 secs] [Times: user=0.01 sys=0.00, real=0.00 secs] 
248.791: Total time for which application threads were stopped: 0.0005420 seconds, Stopping threads took: 0.0000380 seconds
248.829: Application time: 0.0385190 seconds
248.829: [GC [PSYoungGen: 7440K->224K(8192K)] 22672K->15512K(26112K), 0.0004120 secs] [Times: user=0.01 sys=0.00, real=0.00 secs] 
248.830: Total time for which application threads were stopped: 0.0005150 seconds, Stopping threads took: 0.0000400 seconds
248.868: Application time: 0.0384430 seconds
248.868: [GC [PSYoungGen: 7392K->336K(8192K)] 22680K->15624K(26112K), 0.0004230 secs] [Times: user=0.00 sys=0.00, real=0.00 secs] 
248.869: Total time for which application threads were stopped: 0.0005250 seconds, Stopping threads took: 0.0000380 seconds
248.908: Application time: 0.0391140 seconds
248.908: [GC [PSYoungGen: 7504K->352K(8192K)] 22792K->15640K(26112K), 0.0004730 secs] [Times: user=0.00 sys=0.00, real=0.00 secs] 
248.908: Total time for which application threads were stopped: 0.0005990 seconds, Stopping threads took: 0.0000530 seconds
248.948: Application time: 0.0394400 seconds
248.948: [GC [PSYoungGen: 7520K->384K(8192K)] 22808K->15672K(26112K), 0.0004690 secs] [Times: user=0.00 sys=0.00, real=0.00 secs] 
248.948: Total time for which application threads were stopped: 0.0005780 seconds, Stopping threads took: 0.0000470 seconds
248.986: Application time: 0.0372590 seconds
248.986: [GC [PSYoungGen: 7552K->512K(8192K)] 22840K->15800K(26112K), 0.0004300 secs] [Times: user=0.00 sys=0.00, real=0.00 secs] 
248.986: Total time for which application threads were stopped: 0.0005390 seconds, Stopping threads took: 0.0000480 seconds
249.026: Application time: 0.0393250 seconds
249.026: [GC [PSYoungGen: 7680K->480K(8192K)] 22968K->15768K(26112K), 0.0004390 secs] [Times: user=0.00 sys=0.00, real=0.00 secs] 
249.026: Total time for which application threads were stopped: 0.0005530 seconds, Stopping threads took: 0.0000510 seconds
249.066: Application time: 0.0395130 seconds
249.066: [GC [PSYoungGen: 7648K->496K(8192K)] 22936K->15784K(26112K), 0.0004400 secs] [Times: user=0.00 sys=0.00, real=0.00 secs] 
249.066: Total time for which application threads were stopped: 0.0005460 seconds, Stopping threads took: 0.0000440 seconds
249.106: Application time: 0.0396830 seconds
249.106: [GC [PSYoungGen: 7664K->496K(8192K)] 22952K->15784K(26112K), 0.0004670 secs] [Times: user=0.00 sys=0.00, real=0.00 secs] 
249.106: Total time for which application threads were stopped: 0.0005830 seconds, Stopping threads took: 0.0000460 seconds
249.146: Application time: 0.0393610 seconds
249.146: [GC [PSYoungGen: 7664K->464K(8192K)] 22952K->15752K(26112K), 0.0004120 secs] [Times: user=0.00 sys=0.00, real=0.00 secs] 
249.146: Total time for which application threads were stopped: 0.0005260 seconds, Stopping threads took: 0.0000470 seconds
249.186: Application time: 0.0393120 seconds
249.186: [GC [PSYoungGen: 7632K->464K(8192K)] 22920K->15752K(26112K), 0.0004330 secs] [Times: user=0.00 sys=0.00, real=0.00 secs] 
249.186: Total time for which application threads were stopped: 0.0005370 seconds, Stopping threads took: 0.0000410 seconds
249.225: Application time: 0.0391280 seconds
249.225: [GC [PSYoungGen: 7632K->528K(8192K)] 22920K->15816K(26112K), 0.0004180 secs] [Times: user=0.00 sys=0.00, real=0.00 secs] 
249.226: Total time for which application threads were stopped: 0.0005200 seconds, Stopping threads took: 0.0000420 seconds
249.265: Application time: 0.0391450 seconds
249.265: [GC [PSYoungGen: 7696K->512K(8192K)] 22984K->15800K(26112K), 0.0004310 secs] [Times: user=0.00 sys=0.00, real=0.00 secs] 
249.265: Total time for which application threads were stopped: 0.0005390 seconds, Stopping threads took: 0.0000430 seconds
249.305: Application time: 0.0394790 seconds
249.305: [GC [PSYoungGen: 7680K->512K(8192K)] 22968K->15800K(26112K), 0.0004670 secs] [Times: user=0.00 sys=0.00, real=0.00 secs] 
249.306: Total time for which application threads were stopped: 0.0005710 seconds, Stopping threads took: 0.0000390 seconds
249.345: Application time: 0.0391620 seconds
249.345: [GC [PSYoungGen: 7680K->512K(8192K)] 22968K->15800K(26112K), 0.0004260 secs] [Times: user=0.00 sys=0.01, real=0.00 secs] 
249.345: Total time for which application threads were stopped: 0.0005280 seconds, Stopping threads took: 0.0000400 seconds
249.384: Application time: 0.0390100 seconds
249.384: [GC [PSYoungGen: 7680K->512K(8192K)] 22968K->15800K(26112K), 0.0004860 secs] [Times: user=0.00 sys=0.00, real=0.00 secs] 
249.385: Total time for which application threads were stopped: 0.0005920 seconds, Stopping threads took: 0.0000430 seconds
249.424: Application time: 0.0396470 seconds
249.425: [GC [PSYoungGen: 7680K->448K(8192K)] 22968K->15792K(26112K), 0.0004380 secs] [Times: user=0.00 sys=0.00, real=0.00 secs] 
249.426: Total time for which application threads were stopped: 0.0010620 seconds, Stopping threads took: 0.0005630 seconds
249.465: Application time: 0.0394910 seconds
249.465: [GC [PSYoungGen: 7616K->352K(8192K)] 22960K->15793K(26112K), 0.0004140 secs] [Times: user=0.00 sys=0.00, real=0.00 secs] 
249.466: Total time for which application threads were stopped: 0.0005270 seconds, Stopping threads took: 0.0000500 seconds
249.505: Application time: 0.0392080 seconds
249.505: [GC [PSYoungGen: 7520K->352K(8192K)] 22961K->15849K(26112K), 0.0003990 secs] [Times: user=0.00 sys=0.00, real=0.00 secs] 
249.505: Total time for which application threads were stopped: 0.0004980 seconds, Stopping threads took: 0.0000410 seconds
249.544: Application time: 0.0392180 seconds
249.545: [GC [PSYoungGen: 7520K->352K(8192K)] 23017K->15849K(26112K), 0.0004600 secs] [Times: user=0.00 sys=0.00, real=0.00 secs] 
249.545: Total time for which application threads were stopped: 0.0005570 seconds, Stopping threads took: 0.0000340 seconds
249.585: Application time: 0.0399140 seconds
249.585: [GC [PSYoungGen: 7520K->272K(8192K)] 23017K->15921K(26112K), 0.0004190 secs] [Times: user=0.00 sys=0.00, real=0.00 secs] 
249.585: Total time for which application threads were stopped: 0.0005220 seconds, Stopping threads took: 0.0000380 seconds
249.624: Application time: 0.0383830 seconds
249.624: [GC [PSYoungGen: 7440K->288K(8192K)] 23089K->15937K(26112K), 0.0003910 secs] [Times: user=0.00 sys=0.00, real=0.00 secs] 
249.624: Total time for which application threads were stopped: 0.0005010 seconds, Stopping threads took: 0.0000410 seconds
249.663: Application time: 0.0383790 seconds
249.663: [GC [PSYoungGen: 7456K->352K(8192K)] 23105K->16001K(26112K), 0.0003840 secs] [Times: user=0.00 sys=0.00, real=0.00 secs] 
249.663: Total time for which application threads were stopped: 0.0005040 seconds, Stopping threads took: 0.0000560 seconds
249.703: Application time: 0.0394570 seconds
249.703: [GC [PSYoungGen: 7520K->384K(8192K)] 23169K->16033K(26112K), 0.0004690 secs] [Times: user=0.00 sys=0.00, real=0.00 secs] 
249.703: Total time for which application threads were stopped: 0.0005700 seconds, Stopping threads took: 0.0000430 seconds
249.742: Application time: 0.0389830 seconds
249.742: [GC [PSYoungGen: 7552K->384K(8192K)] 23201K->16033K(26112K), 0.0004870 secs] [Times: user=0.00 sys=0.00, real=0.00 secs] 
249.743: Total time for which application threads were stopped: 0.0005960 seconds, Stopping threads took: 0.0000470 seconds
249.781: Application time: 0.0378250 seconds
249.781: [GC [PSYoungGen: 7552K->512K(8192K)] 23201K->16161K(26112K), 0.0004230 secs] [Times: user=0.00 sys=0.00, real=0.01 secs] 
249.781: Total time for which application threads were stopped: 0.0005330 seconds, Stopping threads took: 0.0000490 seconds
249.821: Application time: 0.0394720 seconds
249.821: [GC [PSYoungGen: 7680K->528K(8192K)] 23329K->16177K(26112K), 0.0004450 secs] [Times: user=0.01 sys=0.00, real=0.01 secs] 
249.821: Total time for which application threads were stopped: 0.0005410 seconds, Stopping threads took: 0.0000370 seconds
249.861: Application time: 0.0393590 seconds
249.861: [GC [PSYoungGen: 7696K->496K(8192K)] 23345K->16145K(26112K), 0.0004740 secs] [Times: user=0.00 sys=0.00, real=0.01 secs] 
249.861: Total time for which application threads were stopped: 0.0005800 seconds, Stopping threads took: 0.0000450 seconds
249.901: Application time: 0.0396940 seconds
249.901: [GC [PSYoungGen: 7664K->512K(8192K)] 23313K->16161K(26112K), 0.0004890 secs] [Times: user=0.01 sys=0.00, real=0.01 secs] 
249.901: Total time for which application threads were stopped: 0.0006150 seconds, Stopping threads took: 0.0000510 seconds
249.941: Application time: 0.0393590 seconds
249.941: [GC [PSYoungGen: 7680K->496K(8192K)] 23329K->16145K(26112K), 0.0004290 secs] [Times: user=0.00 sys=0.00, real=0.01 secs] 
249.941: Total time for which application threads were stopped: 0.0005400 seconds, Stopping threads took: 0.0000480 seconds
249.981: Application time: 0.0393410 seconds
249.981: [GC [PSYoungGen: 7664K->464K(8192K)] 23313K->16113K(26112K), 0.0004330 secs] [Times: user=0.00 sys=0.00, real=0.01 secs] 
249.981: Total time for which application threads were stopped: 0.0005390 seconds, Stopping threads took: 0.0000450 seconds
250.021: Application time: 0.0397420 seconds
250.021: [GC [PSYoungGen: 7632K->528K(8192K)] 23281K->16177K(26112K), 0.0004290 secs] [Times: user=0.01 sys=0.00, real=0.00 secs] 
250.022: Total time for which application threads were stopped: 0.0005390 seconds, Stopping threads took: 0.0000500 seconds
250.061: Application time: 0.0392550 seconds
250.061: [GC [PSYoungGen: 7696K->528K(8192K)] 23345K->16177K(26112K), 0.0004430 secs] [Times: user=0.00 sys=0.00, real=0.01 secs] 
250.061: Total time for which application threads were stopped: 0.0005460 seconds, Stopping threads took: 0.0000430 seconds
250.101: Application time: 0.0396720 seconds
250.101: [GC [PSYoungGen: 7696K->480K(8192K)] 23345K->16129K(26112K), 0.0004750 secs] [Times: user=0.00 sys=0.00, real=0.00 secs] 
250.102: Total time for which application threads were stopped: 0.0005760 seconds, Stopping threads took: 0.0000400 seconds
250.141: Application time: 0.0392250 seconds
250.141: [GC [PSYoungGen: 7648K->512K(8192K)] 23297K->16161K(26112K), 0.0004200 secs] [Times: user=0.00 sys=0.00, real=0.01 secs] 
250.141: Total time for which application threads were stopped: 0.0005370 seconds, Stopping threads took: 0.0000470 seconds
250.181: Application time: 0.0392250 seconds
250.181: [GC [PSYoungGen: 7680K->528K(8192K)] 23329K->16177K(26112K), 0.0004410 secs] [Times: user=0.00 sys=0.00, real=0.01 secs] 
250.181: Total time for which application threads were stopped: 0.0005460 seconds, Stopping threads took: 0.0000450 seconds
250.221: Application time: 0.0393890 seconds
250.221: [GC [PSYoungGen: 7696K->416K(8192K)] 23345K->16161K(26112K), 0.0004300 secs] [Times: user=0.00 sys=0.00, real=0.01 secs] 
250.221: Total time for which application threads were stopped: 0.0005390 seconds, Stopping threads took: 0.0000390 seconds
250.261: Application time: 0.0398480 seconds
250.261: [GC [PSYoungGen: 7584K->352K(8192K)] 23329K->16169K(26112K), 0.0004460 secs] [Times: user=0.00 sys=0.00, real=0.00 secs] 
250.261: Total time for which application threads were stopped: 0.0005600 seconds, Stopping threads took: 0.0000460 seconds
250.301: Application time: 0.0393450 seconds
250.301: [GC [PSYoungGen: 7520K->336K(8192K)] 23337K->16153K(26112K), 0.0004110 secs] [Times: user=0.00 sys=0.00, real=0.01 secs] 
250.301: Total time for which application threads were stopped: 0.0005250 seconds, Stopping threads took: 0.0000520 seconds
250.341: Application time: 0.0392980 seconds
250.341: [GC [PSYoungGen: 7504K->336K(8192K)] 23321K->16193K(26112K), 0.0004120 secs] [Times: user=0.00 sys=0.00, real=0.01 secs] 
250.341: Total time for which application threads were stopped: 0.0005150 seconds, Stopping threads took: 0.0000420 seconds
250.380: Application time: 0.0388270 seconds
250.380: [GC [PSYoungGen: 7504K->304K(8192K)] 23361K->16289K(26112K), 0.0003900 secs] [Times: user=0.00 sys=0.00, real=0.00 secs] 
250.381: Total time for which application threads were stopped: 0.0004960 seconds, Stopping threads took: 0.0000440 seconds
250.419: Application time: 0.0389040 seconds
250.419: [GC [PSYoungGen: 7472K->320K(8192K)] 23457K->16305K(26112K), 0.0004830 secs] [Times: user=0.00 sys=0.00, real=0.00 secs] 
250.420: Total time for which application threads were stopped: 0.0005840 seconds, Stopping threads took: 0.0000400 seconds
250.458: Application time: 0.0382720 seconds
250.458: [GC [PSYoungGen: 7488K->416K(8192K)] 23473K->16401K(26112K), 0.0004310 secs] [Times: user=0.00 sys=0.00, real=0.00 secs] 
250.459: Total time for which application threads were stopped: 0.0005300 seconds, Stopping threads took: 0.0000410 seconds
250.499: Application time: 0.0397910 seconds
250.499: [GC [PSYoungGen: 7584K->368K(8192K)] 23569K->16353K(26112K), 0.0003870 secs] [Times: user=0.00 sys=0.00, real=0.00 secs] 
250.499: Total time for which application threads were stopped: 0.0004900 seconds, Stopping threads took: 0.0000430 seconds
250.537: Application time: 0.0380590 seconds
250.537: [GC [PSYoungGen: 7536K->416K(8192K)] 23521K->16401K(26112K), 0.0004520 secs] [Times: user=0.00 sys=0.00, real=0.00 secs] 
250.538: Total time for which application threads were stopped: 0.0005660 seconds, Stopping threads took: 0.0000520 seconds
250.576: Application time: 0.0386630 seconds
250.576: [GC [PSYoungGen: 7584K->512K(8192K)] 23569K->16497K(26112K), 0.0005120 secs] [Times: user=0.00 sys=0.00, real=0.00 secs] 
250.577: Total time for which application threads were stopped: 0.0006190 seconds, Stopping threads took: 0.0000440 seconds
250.616: Application time: 0.0394090 seconds
250.616: [GC [PSYoungGen: 7680K->448K(8192K)] 23665K->16433K(26112K), 0.0005230 secs] [Times: user=0.00 sys=0.00, real=0.00 secs] 
250.617: Total time for which application threads were stopped: 0.0006320 seconds, Stopping threads took: 0.0000500 seconds
250.656: Application time: 0.0392950 seconds
250.656: [GC [PSYoungGen: 7616K->512K(8192K)] 23601K->16497K(26112K), 0.0004210 secs] [Times: user=0.00 sys=0.00, real=0.00 secs] 
250.657: Total time for which application threads were stopped: 0.0005260 seconds, Stopping threads took: 0.0000350 seconds
250.696: Application time: 0.0395160 seconds
250.696: [GC [PSYoungGen: 7680K->480K(8192K)] 23665K->16465K(26112K), 0.0005540 secs] [Times: user=0.00 sys=0.00, real=0.00 secs] 
250.697: Total time for which application threads were stopped: 0.0006570 seconds, Stopping threads took: 0.0000390 seconds
250.736: Application time: 0.0394210 seconds
250.737: [GC [PSYoungGen: 7648K->528K(8192K)] 23633K->16513K(26112K), 0.0004470 secs] [Times: user=0.01 sys=0.00, real=0.00 secs] 
250.737: Total time for which application threads were stopped: 0.0005570 seconds, Stopping threads took: 0.0000460 seconds
250.777: Application time: 0.0396950 seconds
250.777: [GC [PSYoungGen: 7696K->464K(8192K)] 23681K->16449K(26112K), 0.0004440 secs] [Times: user=0.01 sys=0.00, real=0.00 secs] 
250.777: Total time for which application threads were stopped: 0.0005620 seconds, Stopping threads took: 0.0000470 seconds
250.816: Application time: 0.0391860 seconds
250.817: [GC [PSYoungGen: 7632K->480K(8192K)] 23617K->16465K(26112K), 0.0004280 secs] [Times: user=0.00 sys=0.00, real=0.00 secs] 
250.817: Total time for which application threads were stopped: 0.0005240 seconds, Stopping threads took: 0.0000370 seconds
250.856: Application time: 0.0391720 seconds
250.856: [GC [PSYoungGen: 7648K->480K(8192K)] 23633K->16465K(26112K), 0.0004200 secs] [Times: user=0.00 sys=0.00, real=0.00 secs] 
250.857: Total time for which application threads were stopped: 0.0005260 seconds, Stopping threads took: 0.0000470 seconds
250.896: Application time: 0.0392760 seconds
250.896: [GC [PSYoungGen: 7648K->512K(8192K)] 23633K->16497K(26112K), 0.0004300 secs] [Times: user=0.01 sys=0.00, real=0.00 secs] 
250.897: Total time for which application threads were stopped: 0.0005380 seconds, Stopping threads took: 0.0000450 seconds
250.936: Application time: 0.0394700 seconds
250.936: [GC [PSYoungGen: 7680K->512K(8192K)] 23665K->16497K(26112K), 0.0005220 secs] [Times: user=0.00 sys=0.00, real=0.00 secs] 
250.939: Total time for which application threads were stopped: 0.0030550 seconds, Stopping threads took: 0.0000560 seconds
250.979: Application time: 0.0394820 seconds
250.979: [GC [PSYoungGen: 7680K->464K(8192K)] 23665K->16497K(26112K), 0.0004440 secs] [Times: user=0.00 sys=0.00, real=0.00 secs] 
250.979: Total time for which application threads were stopped: 0.0005530 seconds, Stopping threads took: 0.0000460 seconds
251.019: Application time: 0.0396800 seconds
251.019: [GC [PSYoungGen: 7632K->432K(8192K)] 23665K->16521K(26112K), 0.0004250 secs] [Times: user=0.00 sys=0.00, real=0.00 secs] 
251.019: Total time for which application threads were stopped: 0.0005550 seconds, Stopping threads took: 0.0000680 seconds
251.059: Application time: 0.0392020 seconds
251.059: [GC [PSYoungGen: 7600K->368K(8192K)] 23689K->16537K(26112K), 0.0004220 secs] [Times: user=0.00 sys=0.00, real=0.00 secs] 
251.059: Total time for which application threads were stopped: 0.0005230 seconds, Stopping threads took: 0.0000410 seconds
251.098: Application time: 0.0392750 seconds
251.098: [GC [PSYoungGen: 7536K->368K(8192K)] 23705K->16537K(26112K), 0.0004600 secs] [Times: user=0.00 sys=0.00, real=0.00 secs] 
251.099: Total time for which application threads were stopped: 0.0005670 seconds, Stopping threads took: 0.0000460 seconds
251.138: Application time: 0.0394430 seconds
251.138: [GC [PSYoungGen: 7536K->320K(8192K)] 23705K->16569K(26112K), 0.0003980 secs] [Times: user=0.01 sys=0.00, real=0.00 secs] 
251.139: Total time for which application threads were stopped: 0.0005020 seconds, Stopping threads took: 0.0000410 seconds
251.178: Application time: 0.0388490 seconds
251.178: [GC [PSYoungGen: 7488K->256K(8192K)] 23737K->16593K(26112K), 0.0004140 secs] [Times: user=0.00 sys=0.00, real=0.00 secs] 
251.178: Total time for which application threads were stopped: 0.0005260 seconds, Stopping threads took: 0.0000420 seconds
251.217: Application time: 0.0385800 seconds
251.217: [GC [PSYoungGen: 7424K->304K(8192K)] 23761K->16641K(26112K), 0.0004030 secs] [Times: user=0.00 sys=0.00, real=0.00 secs] 
251.217: Total time for which application threads were stopped: 0.0005050 seconds, Stopping threads took: 0.0000410 seconds
251.256: Application time: 0.0386070 seconds
251.256: [GC [PSYoungGen: 7472K->368K(8192K)] 23809K->16705K(26112K), 0.0004250 secs] [Times: user=0.00 sys=0.00, real=0.00 secs] 
251.256: Total time for which application threads were stopped: 0.0005240 seconds, Stopping threads took: 0.0000360 seconds
251.296: Application time: 0.0396490 seconds
251.296: [GC [PSYoungGen: 7536K->336K(8192K)] 23873K->16673K(26112K), 0.0004370 secs] [Times: user=0.00 sys=0.00, real=0.00 secs] 
251.297: Total time for which application threads were stopped: 0.0005390 seconds, Stopping threads took: 0.0000420 seconds
251.335: Application time: 0.0380380 seconds
251.335: [GC [PSYoungGen: 7504K->464K(8192K)] 23841K->16801K(26112K), 0.0004670 secs] [Times: user=0.00 sys=0.00, real=0.00 secs] 
251.335: Total time for which application threads were stopped: 0.0005790 seconds, Stopping threads took: 0.0000470 seconds
251.374: Application time: 0.0389280 seconds
251.374: [GC [PSYoungGen: 7632K->512K(8192K)] 23969K->16849K(26112K), 0.0004410 secs] [Times: user=0.00 sys=0.00, real=0.00 secs] 
251.375: Total time for which application threads were stopped: 0.0005420 seconds, Stopping threads took: 0.0000410 seconds
251.414: Application time: 0.0396370 seconds
251.414: [GC [PSYoungGen: 7680K->496K(8192K)] 24017K->16833K(26112K), 0.0004560 secs] [Times: user=0.00 sys=0.00, real=0.00 secs] 
251.415: Total time for which application threads were stopped: 0.0005560 seconds, Stopping threads took: 0.0000380 seconds
251.454: Application time: 0.0392560 seconds
251.454: [GC [PSYoungGen: 7664K->512K(8192K)] 24001K->16849K(26112K), 0.0004240 secs] [Times: user=0.01 sys=0.00, real=0.00 secs] 
251.455: Total time for which application threads were stopped: 0.0005300 seconds, Stopping threads took: 0.0000470 seconds
251.494: Application time: 0.0392280 seconds
251.494: [GC [PSYoungGen: 7680K->496K(8192K)] 24017K->16833K(26112K), 0.0004670 secs] [Times: user=0.00 sys=0.00, real=0.00 secs] 
251.495: Total time for which application threads were stopped: 0.0005760 seconds, Stopping threads took: 0.0000450 seconds
251.534: Application time: 0.0392650 seconds
251.534: [GC [PSYoungGen: 7664K->496K(8192K)] 24001K->16833K(26112K), 0.0004330 secs] [Times: user=0.00 sys=0.00, real=0.00 secs] 
251.534: Total time for which application threads were stopped: 0.0005360 seconds, Stopping threads took: 0.0000440 seconds
251.574: Application time: 0.0397800 seconds
251.574: [GC [PSYoungGen: 7664K->544K(8192K)] 24001K->16881K(26112K), 0.0004590 secs] [Times: user=0.00 sys=0.00, real=0.00 secs] 
251.575: Total time for which application threads were stopped: 0.0005690 seconds, Stopping threads took: 0.0000490 seconds
251.614: Application time: 0.0392150 seconds
251.614: [GC [PSYoungGen: 7712K->512K(8192K)] 24049K->16849K(26112K), 0.0005080 secs] [Times: user=0.00 sys=0.00, real=0.00 secs] 
251.614: Total time for which application threads were stopped: 0.0006050 seconds, Stopping threads took: 0.0000390 seconds
251.654: Application time: 0.0392060 seconds
251.654: [GC [PSYoungGen: 7680K->512K(8192K)] 24017K->16849K(26112K), 0.0004250 secs] [Times: user=0.00 sys=0.00, real=0.00 secs] 
251.654: Total time for which application threads were stopped: 0.0005290 seconds, Stopping threads took: 0.0000430 seconds
251.694: Application time: 0.0393770 seconds
251.694: [GC [PSYoungGen: 7680K->512K(8192K)] 24017K->16849K(26112K), 0.0004730 secs] [Times: user=0.01 sys=0.00, real=0.00 secs] 
251.694: Total time for which application threads were stopped: 0.0005930 seconds, Stopping threads took: 0.0000500 seconds
251.733: Application time: 0.0392070 seconds
251.733: [GC [PSYoungGen: 7680K->528K(8192K)] 24017K->16865K(26112K), 0.0004260 secs] [Times: user=0.01 sys=0.00, real=0.00 secs] 
251.734: Total time for which application threads were stopped: 0.0005300 seconds, Stopping threads took: 0.0000430 seconds
251.773: Application time: 0.0394260 seconds
251.773: [GC [PSYoungGen: 7696K->448K(8192K)] 24033K->16841K(26112K), 0.0004500 secs] [Times: user=0.00 sys=0.00, real=0.00 secs] 
251.774: Total time for which application threads were stopped: 0.0005570 seconds, Stopping threads took: 0.0000450 seconds
251.813: Application time: 0.0393190 seconds
251.813: [GC [PSYoungGen: 7616K->400K(8192K)] 24009K->16889K(26112K), 0.0004440 secs] [Times: user=0.00 sys=0.00, real=0.00 secs] 
251.814: Total time for which application threads were stopped: 0.0005470 seconds, Stopping threads took: 0.0000420 seconds
251.854: Application time: 0.0397640 seconds
251.854: [GC [PSYoungGen: 7568K->368K(8192K)] 24057K->16905K(26112K), 0.0004500 secs] [Times: user=0.01 sys=0.00, real=0.00 secs] 
251.854: Total time for which application threads were stopped: 0.0005570 seconds, Stopping threads took: 0.0000360 seconds
251.894: Application time: 0.0393960 seconds
251.894: [GC [PSYoungGen: 7536K->352K(8192K)] 24073K->16889K(26112K), 0.0004340 secs] [Times: user=0.01 sys=0.00, real=0.00 secs] 
251.894: Total time for which application threads were stopped: 0.0005350 seconds, Stopping threads took: 0.0000410 seconds
251.935: Application time: 0.0405550 seconds
251.935: [GC [PSYoungGen: 7520K->272K(8192K)] 24057K->16921K(26112K), 0.0004520 secs] [Times: user=0.00 sys=0.00, real=0.00 secs] 
251.935: Total time for which application threads were stopped: 0.0005880 seconds, Stopping threads took: 0.0000630 seconds
251.974: Application time: 0.0383810 seconds
251.974: [GC [PSYoungGen: 7440K->320K(8192K)] 24089K->17017K(26112K), 0.0003940 secs] [Times: user=0.00 sys=0.00, real=0.00 secs] 
251.974: Total time for which application threads were stopped: 0.0004990 seconds, Stopping threads took: 0.0000420 seconds
252.013: Application time: 0.0384750 seconds
252.013: [GC [PSYoungGen: 7488K->336K(8192K)] 24185K->17033K(26112K), 0.0004090 secs] [Times: user=0.00 sys=0.00, real=0.00 secs] 
252.013: Total time for which application threads were stopped: 0.0005110 seconds, Stopping threads took: 0.0000380 seconds
252.052: Application time: 0.0389700 seconds
252.052: [GC [PSYoungGen: 7504K->352K(8192K)] 24201K->17049K(26112K), 0.0003930 secs] [Times: user=0.00 sys=0.00, real=0.00 secs] 
252.053: Total time for which application threads were stopped: 0.0004980 seconds, Stopping threads took: 0.0000440 seconds
252.092: Application time: 0.0393650 seconds
252.092: [GC [PSYoungGen: 7520K->336K(8192K)] 24217K->17033K(26112K), 0.0004360 secs] [Times: user=0.01 sys=0.00, real=0.00 secs] 
252.092: Total time for which application threads were stopped: 0.0005340 seconds, Stopping threads took: 0.0000390 seconds
252.130: Application time: 0.0373250 seconds
252.130: [GC [PSYoungGen: 7504K->496K(8192K)] 24201K->17193K(26112K), 0.0004810 secs] [Times: user=0.01 sys=0.00, real=0.00 secs] 
252.130: Total time for which application threads were stopped: 0.0005840 seconds, Stopping threads took: 0.0000390 seconds
252.170: Application time: 0.0400120 seconds
252.170: [GC [PSYoungGen: 7664K->496K(8192K)] 24361K->17193K(26112K), 0.0004650 secs] [Times: user=0.00 sys=0.00, real=0.00 secs] 
252.171: Total time for which application threads were stopped: 0.0005640 seconds, Stopping threads took: 0.0000390 seconds
252.210: Application time: 0.0393170 seconds
252.210: [GC [PSYoungGen: 7664K->496K(8192K)] 24361K->17193K(26112K), 0.0005530 secs] [Times: user=0.01 sys=0.00, real=0.00 secs] 
252.211: Total time for which application threads were stopped: 0.0006850 seconds, Stopping threads took: 0.0000600 seconds
252.250: Application time: 0.0395120 seconds
252.251: [GC [PSYoungGen: 7664K->528K(8192K)] 24361K->17225K(26112K), 0.0004250 secs] [Times: user=0.00 sys=0.00, real=0.00 secs] 
252.251: Total time for which application threads were stopped: 0.0005280 seconds, Stopping threads took: 0.0000420 seconds
252.290: Application time: 0.0392990 seconds
252.290: [GC [PSYoungGen: 7696K->512K(8192K)] 24393K->17209K(26112K), 0.0004780 secs] [Times: user=0.00 sys=0.00, real=0.00 secs] 
252.291: Total time for which application threads were stopped: 0.0005750 seconds, Stopping threads took: 0.0000380 seconds
252.331: Application time: 0.0398640 seconds
252.331: [GC [PSYoungGen: 7680K->464K(8192K)] 24377K->17161K(26112K), 0.0004400 secs] [Times: user=0.00 sys=0.00, real=0.00 secs] 
252.331: Total time for which application threads were stopped: 0.0005400 seconds, Stopping threads took: 0.0000370 seconds
252.371: Application time: 0.0392870 seconds
252.371: [GC [PSYoungGen: 7632K->448K(8192K)] 24329K->17145K(26112K), 0.0004720 secs] [Times: user=0.00 sys=0.00, real=0.00 secs] 
252.371: Total time for which application threads were stopped: 0.0005650 seconds, Stopping threads took: 0.0000340 seconds
252.410: Application time: 0.0391760 seconds
252.410: [GC [PSYoungGen: 7616K->544K(8192K)] 24313K->17241K(26112K), 0.0004740 secs] [Times: user=0.01 sys=0.00, real=0.00 secs] 
252.411: Total time for which application threads were stopped: 0.0005830 seconds, Stopping threads took: 0.0000400 seconds
252.450: Application time: 0.0391680 seconds
252.450: [GC [PSYoungGen: 7712K->448K(8192K)] 24409K->17145K(26112K), 0.0004210 secs] [Times: user=0.00 sys=0.00, real=0.00 secs] 
252.451: Total time for which application threads were stopped: 0.0005200 seconds, Stopping threads took: 0.0000390 seconds
252.490: Application time: 0.0392660 seconds
252.490: [GC [PSYoungGen: 7616K->480K(8192K)] 24313K->17177K(26112K), 0.0004470 secs] [Times: user=0.00 sys=0.00, real=0.00 secs] 
252.490: Total time for which application threads were stopped: 0.0005610 seconds, Stopping threads took: 0.0000510 seconds
252.530: Application time: 0.0392310 seconds
252.530: [GC [PSYoungGen: 7648K->512K(8192K)] 24345K->17209K(26112K), 0.0004220 secs] [Times: user=0.00 sys=0.00, real=0.00 secs] 
252.530: Total time for which application threads were stopped: 0.0005200 seconds, Stopping threads took: 0.0000390 seconds
252.570: Application time: 0.0394220 seconds
252.570: [GC [PSYoungGen: 7680K->448K(8192K)] 24377K->17225K(26112K), 0.0004780 secs] [Times: user=0.00 sys=0.00, real=0.00 secs] 
252.570: Total time for which application threads were stopped: 0.0005770 seconds, Stopping threads took: 0.0000380 seconds
252.610: Application time: 0.0395580 seconds
252.610: [GC [PSYoungGen: 7616K->416K(8192K)] 24393K->17241K(26112K), 0.0004780 secs] [Times: user=0.00 sys=0.00, real=0.00 secs] 
252.610: Total time for which application threads were stopped: 0.0005810 seconds, Stopping threads took: 0.0000440 seconds
252.649: Application time: 0.0390820 seconds
252.649: [GC [PSYoungGen: 7584K->384K(8192K)] 24409K->17258K(26112K), 0.0003980 secs] [Times: user=0.00 sys=0.00, real=0.00 secs] 
252.650: Total time for which application threads were stopped: 0.0005090 seconds, Stopping threads took: 0.0000480 seconds
252.689: Application time: 0.0394070 seconds
252.693: [GC [PSYoungGen: 7552K->352K(8192K)] 24426K->17226K(26112K), 0.0004030 secs] [Times: user=0.00 sys=0.00, real=0.00 secs] 
252.694: Total time for which application threads were stopped: 0.0042330 seconds, Stopping threads took: 0.0037650 seconds
252.732: Application time: 0.0389780 seconds
252.737: [GC [PSYoungGen: 7520K->288K(8192K)] 24394K->17314K(26112K), 0.0004320 secs] [Times: user=0.00 sys=0.00, real=0.00 secs] 
252.738: Total time for which application threads were stopped: 0.0050840 seconds, Stopping threads took: 0.0045750 seconds
252.777: Application time: 0.0389980 seconds
252.777: [GC [PSYoungGen: 7456K->288K(8192K)] 24482K->17314K(26112K), 0.0003790 secs] [Times: user=0.00 sys=0.00, real=0.00 secs] 
252.777: Total time for which application threads were stopped: 0.0004910 seconds, Stopping threads took: 0.0000480 seconds
252.816: Application time: 0.0387560 seconds
252.816: [GC [PSYoungGen: 7456K->336K(8192K)] 24482K->17362K(26112K), 0.0003970 secs] [Times: user=0.00 sys=0.00, real=0.00 secs] 
252.816: Total time for which application threads were stopped: 0.0005200 seconds, Stopping threads took: 0.0000610 seconds
252.855: Application time: 0.0389040 seconds
252.855: [GC [PSYoungGen: 7504K->352K(8192K)] 24530K->17378K(26112K), 0.0004610 secs] [Times: user=0.00 sys=0.00, real=0.00 secs] 
252.856: Total time for which application threads were stopped: 0.0005690 seconds, Stopping threads took: 0.0000450 seconds
252.894: Application time: 0.0378120 seconds
252.894: [GC [PSYoungGen: 7520K->432K(8192K)] 24546K->17458K(26112K), 0.0004590 secs] [Times: user=0.00 sys=0.00, real=0.00 secs] 
252.894: Total time for which application threads were stopped: 0.0005730 seconds, Stopping threads took: 0.0000510 seconds
252.934: Application time: 0.0393680 seconds
252.934: [GC [PSYoungGen: 7600K->496K(8192K)] 24626K->17522K(26112K), 0.0005450 secs] [Times: user=0.00 sys=0.00, real=0.00 secs] 
252.934: Total time for which application threads were stopped: 0.0006610 seconds, Stopping threads took: 0.0000450 seconds
252.974: Application time: 0.0393400 seconds
252.974: [GC [PSYoungGen: 7664K->496K(8192K)] 24690K->17522K(26112K), 0.0005170 secs] [Times: user=0.00 sys=0.00, real=0.00 secs] 
252.974: Total time for which application threads were stopped: 0.0006250 seconds, Stopping threads took: 0.0000480 seconds
253.013: Application time: 0.0392270 seconds
253.014: [GC [PSYoungGen: 7664K->496K(8192K)] 24690K->17522K(26112K), 0.0004320 secs] [Times: user=0.00 sys=0.00, real=0.00 secs] 
253.014: Total time for which application threads were stopped: 0.0005360 seconds, Stopping threads took: 0.0000430 seconds
253.053: Application time: 0.0393240 seconds
253.053: [GC [PSYoungGen: 7664K->496K(8192K)] 24690K->17522K(26112K), 0.0004510 secs] [Times: user=0.00 sys=0.00, real=0.00 secs] 
253.054: Total time for which application threads were stopped: 0.0005520 seconds, Stopping threads took: 0.0000420 seconds
253.094: Application time: 0.0397520 seconds
253.094: [GC [PSYoungGen: 7664K->528K(8192K)] 24690K->17554K(26112K), 0.0004640 secs] [Times: user=0.00 sys=0.00, real=0.00 secs] 
253.094: Total time for which application threads were stopped: 0.0005770 seconds, Stopping threads took: 0.0000500 seconds
253.134: Application time: 0.0395400 seconds
253.134: [GC [PSYoungGen: 7696K->512K(8192K)] 24722K->17538K(26112K), 0.0004630 secs] [Times: user=0.00 sys=0.00, real=0.00 secs] 
253.134: Total time for which application threads were stopped: 0.0005780 seconds, Stopping threads took: 0.0000550 seconds
253.174: Application time: 0.0393850 seconds
253.174: [GC [PSYoungGen: 7680K->480K(8192K)] 24706K->17506K(26112K), 0.0004340 secs] [Times: user=0.00 sys=0.00, real=0.00 secs] 
253.174: Total time for which application threads were stopped: 0.0005380 seconds, Stopping threads took: 0.0000440 seconds
253.213: Application time: 0.0391790 seconds
253.214: [GC [PSYoungGen: 7648K->496K(8192K)] 24674K->17522K(26112K), 0.0004340 secs] [Times: user=0.00 sys=0.00, real=0.00 secs] 
253.214: Total time for which application threads were stopped: 0.0005350 seconds, Stopping threads took: 0.0000390 seconds
253.253: Application time: 0.0394090 seconds
253.253: [GC [PSYoungGen: 7664K->448K(8192K)] 24690K->17474K(26112K), 0.0004190 secs] [Times: user=0.00 sys=0.00, real=0.00 secs] 
253.254: Total time for which application threads were stopped: 0.0005310 seconds, Stopping threads took: 0.0000430 seconds
253.293: Application time: 0.0391060 seconds
253.293: [GC [PSYoungGen: 7616K->528K(8192K)] 24642K->17554K(26112K), 0.0004770 secs] [Times: user=0.00 sys=0.00, real=0.00 secs] 
253.294: Total time for which application threads were stopped: 0.0005890 seconds, Stopping threads took: 0.0000510 seconds
253.333: Application time: 0.0393300 seconds
253.333: [GC [PSYoungGen: 7696K->464K(8192K)] 24722K->17562K(26112K), 0.0004390 secs] [Times: user=0.01 sys=0.00, real=0.00 secs] 
253.333: Total time for which application threads were stopped: 0.0005450 seconds, Stopping threads took: 0.0000410 seconds
253.373: Application time: 0.0393510 seconds
253.373: [GC [PSYoungGen: 7632K->464K(8192K)] 24730K->17626K(26112K), 0.0004210 secs] [Times: user=0.00 sys=0.00, real=0.00 secs] 
253.373: Total time for which application threads were stopped: 0.0005250 seconds, Stopping threads took: 0.0000390 seconds
253.413: Application time: 0.0393590 seconds
253.413: [GC [PSYoungGen: 7632K->400K(8192K)] 24794K->17610K(26112K), 0.0004460 secs] [Times: user=0.00 sys=0.00, real=0.00 secs] 
253.413: Total time for which application threads were stopped: 0.0005510 seconds, Stopping threads took: 0.0000440 seconds
253.453: Application time: 0.0400340 seconds
253.453: [GC [PSYoungGen: 7568K->352K(8192K)] 24778K->17610K(26112K), 0.0004070 secs] [Times: user=0.00 sys=0.00, real=0.00 secs] 
253.454: Total time for which application threads were stopped: 0.0005170 seconds, Stopping threads took: 0.0000500 seconds
253.493: Application time: 0.0393220 seconds
253.493: [GC [PSYoungGen: 7520K->272K(8192K)] 24778K->17634K(26112K), 0.0004200 secs] [Times: user=0.00 sys=0.00, real=0.00 secs] 
253.494: Total time for which application threads were stopped: 0.0005320 seconds, Stopping threads took: 0.0000460 seconds
253.533: Application time: 0.0391120 seconds
253.533: [GC [PSYoungGen: 7440K->272K(8192K)] 24802K->17690K(26112K), 0.0004350 secs] [Times: user=0.00 sys=0.00, real=0.00 secs] 
253.533: Total time for which application threads were stopped: 0.0005560 seconds, Stopping threads took: 0.0000590 seconds
253.571: Application time: 0.0380250 seconds
253.571: [GC [PSYoungGen: 7424K->304K(8192K)] 24842K->17722K(26112K), 0.0003870 secs] [Times: user=0.01 sys=0.00, real=0.00 secs] 
253.572: Total time for which application threads were stopped: 0.0004950 seconds, Stopping threads took: 0.0000450 seconds
253.611: Application time: 0.0389120 seconds
253.611: [GC [PSYoungGen: 7472K->384K(8192K)] 24890K->17802K(26112K), 0.0003870 secs] [Times: user=0.00 sys=0.00, real=0.00 secs] 
253.611: Total time for which application threads were stopped: 0.0004950 seconds, Stopping threads took: 0.0000450 seconds
253.651: Application time: 0.0400590 seconds
253.651: [GC [PSYoungGen: 7552K->352K(8192K)] 24970K->17770K(26112K), 0.0004010 secs] [Times: user=0.00 sys=0.00, real=0.00 secs] 
253.652: Total time for which application threads were stopped: 0.0005110 seconds, Stopping threads took: 0.0000510 seconds
253.689: Application time: 0.0370390 seconds
253.689: [GC [PSYoungGen: 7520K->512K(8192K)] 24938K->17930K(26112K), 0.0004200 secs] [Times: user=0.00 sys=0.00, real=0.01 secs] 
253.689: Total time for which application threads were stopped: 0.0005380 seconds, Stopping threads took: 0.0000540 seconds
253.729: Application time: 0.0397900 seconds
253.729: [GC [PSYoungGen: 7680K->496K(8192K)] 25098K->17914K(26112K), 0.0004680 secs] [Times: user=0.00 sys=0.00, real=0.00 secs] 
253.730: Total time for which application threads were stopped: 0.0005680 seconds, Stopping threads took: 0.0000400 seconds
253.769: Application time: 0.0393000 seconds
253.769: [GC [PSYoungGen: 7664K->496K(8192K)] 25082K->17914K(26112K), 0.0004210 secs] [Times: user=0.00 sys=0.00, real=0.00 secs] 
253.770: Total time for which application threads were stopped: 0.0005320 seconds, Stopping threads took: 0.0000420 seconds
253.809: Application time: 0.0395590 seconds
253.809: [GC [PSYoungGen: 7664K->480K(8192K)] 25082K->17898K(26112K), 0.0004260 secs] [Times: user=0.00 sys=0.00, real=0.00 secs] 
253.810: Total time for which application threads were stopped: 0.0005240 seconds, Stopping threads took: 0.0000390 seconds
253.849: Application time: 0.0395140 seconds
253.849: [GC [PSYoungGen: 7648K->496K(8192K)] 25066K->17914K(26112K), 0.0004720 secs] [Times: user=0.00 sys=0.00, real=0.00 secs] 
253.850: Total time for which application threads were stopped: 0.0005840 seconds, Stopping threads took: 0.0000520 seconds
253.889: Application time: 0.0393210 seconds
253.889: [GC [PSYoungGen: 7664K->480K(8192K)] 25082K->17898K(26112K), 0.0004340 secs] [Times: user=0.00 sys=0.00, real=0.00 secs] 
253.890: Total time for which application threads were stopped: 0.0005320 seconds, Stopping threads took: 0.0000390 seconds
253.929: Application time: 0.0396000 seconds
253.929: [GC [PSYoungGen: 7648K->512K(8192K)] 25066K->17930K(26112K), 0.0005300 secs] [Times: user=0.00 sys=0.00, real=0.00 secs] 
253.930: Total time for which application threads were stopped: 0.0006550 seconds, Stopping threads took: 0.0000540 seconds
253.970: Application time: 0.0400760 seconds
253.970: [GC [PSYoungGen: 7669K->432K(8192K)] 25088K->17850K(26112K), 0.0004120 secs] [Times: user=0.00 sys=0.00, real=0.00 secs] 
253.971: Total time for which application threads were stopped: 0.0005150 seconds, Stopping threads took: 0.0000430 seconds
254.010: Application time: 0.0391900 seconds
254.010: [GC [PSYoungGen: 7600K->448K(8192K)] 25018K->17866K(26112K), 0.0004270 secs] [Times: user=0.00 sys=0.00, real=0.00 secs] 
254.010: Total time for which application threads were stopped: 0.0005380 seconds, Stopping threads took: 0.0000480 seconds
254.050: Application time: 0.0396960 seconds
254.050: [GC [PSYoungGen: 7616K->512K(8192K)] 25034K->17930K(26112K), 0.0004630 secs] [Times: user=0.00 sys=0.00, real=0.00 secs] 
254.051: Total time for which application threads were stopped: 0.0005660 seconds, Stopping threads took: 0.0000440 seconds
254.089: Application time: 0.0388440 seconds
254.089: [GC [PSYoungGen: 7680K->496K(8192K)] 25098K->17914K(26112K), 0.0005340 secs] [Times: user=0.00 sys=0.00, real=0.00 secs] 
254.090: Total time for which application threads were stopped: 0.0006410 seconds, Stopping threads took: 0.0000450 seconds
254.129: Application time: 0.0392150 seconds
254.129: [GC [PSYoungGen: 7664K->464K(8192K)] 25082K->17930K(26112K), 0.0004360 secs] [Times: user=0.00 sys=0.00, real=0.00 secs] 
254.130: Total time for which application threads were stopped: 0.0005370 seconds, Stopping threads took: 0.0000430 seconds
254.169: Application time: 0.0396220 seconds
254.169: [GC [PSYoungGen: 7632K->400K(8192K)] 25098K->17942K(26112K), 0.0004250 secs] [Times: user=0.00 sys=0.00, real=0.00 secs] 
254.170: Total time for which application threads were stopped: 0.0005420 seconds, Stopping threads took: 0.0000520 seconds
254.210: Application time: 0.0397160 seconds
254.210: [GC [PSYoungGen: 7568K->368K(8192K)] 25110K->17966K(26112K), 0.0005100 secs] [Times: user=0.00 sys=0.00, real=0.00 secs] 
254.210: Total time for which application threads were stopped: 0.0006150 seconds, Stopping threads took: 0.0000440 seconds
254.250: Application time: 0.0393440 seconds
254.250: [GC [PSYoungGen: 7536K->400K(8192K)] 25134K->17998K(26112K), 0.0004020 secs] [Times: user=0.00 sys=0.00, real=0.00 secs] 
254.250: Total time for which application threads were stopped: 0.0004960 seconds, Stopping threads took: 0.0000360 seconds
254.290: Application time: 0.0403100 seconds
254.293: [GC [PSYoungGen: 7568K->256K(8192K)] 25166K->18006K(26112K), 0.0004720 secs] [Times: user=0.00 sys=0.00, real=0.00 secs] 
254.294: [Full GC [PSYoungGen: 256K->0K(8192K)] [ParOldGen: 17750K->2060K(17920K)] 18006K->2060K(26112K) [PSPermGen: 6076K->6076K(21504K)], 0.0057930 secs] [Times: user=0.02 sys=0.00, real=0.00 secs] 
254.299: Total time for which application threads were stopped: 0.0090660 seconds, Stopping threads took: 0.0026800 seconds
254.339: Application time: 0.0390780 seconds
254.339: [GC [PSYoungGen: 7168K->256K(8192K)] 9228K->2316K(26112K), 0.0004490 secs] [Times: user=0.00 sys=0.00, real=0.00 secs] 
254.339: Total time for which application threads were stopped: 0.0005690 seconds, Stopping threads took: 0.0000490 seconds
254.377: Application time: 0.0380210 seconds
254.377: [GC [PSYoungGen: 7424K->288K(8192K)] 9484K->2348K(26112K), 0.0003630 secs] [Times: user=0.00 sys=0.00, real=0.00 secs] 
254.378: Total time for which application threads were stopped: 0.0004690 seconds, Stopping threads took: 0.0000430 seconds
254.417: Application time: 0.0391400 seconds
254.417: [GC [PSYoungGen: 7456K->272K(8192K)] 9516K->2332K(26112K), 0.0004720 secs] [Times: user=0.00 sys=0.00, real=0.00 secs] 
254.417: Total time for which application threads were stopped: 0.0005770 seconds, Stopping threads took: 0.0000430 seconds
254.457: Application time: 0.0394490 seconds
254.457: [GC [PSYoungGen: 7440K->320K(8192K)] 9500K->2380K(26112K), 0.0003830 secs] [Times: user=0.01 sys=0.00, real=0.00 secs] 
254.457: Total time for which application threads were stopped: 0.0004910 seconds, Stopping threads took: 0.0000470 seconds
254.495: Application time: 0.0373950 seconds
254.495: [GC [PSYoungGen: 7488K->448K(8192K)] 9548K->2508K(26112K), 0.0004530 secs] [Times: user=0.00 sys=0.00, real=0.00 secs] 
254.495: Total time for which application threads were stopped: 0.0005570 seconds, Stopping threads took: 0.0000480 seconds
254.534: Application time: 0.0392570 seconds
254.535: [GC [PSYoungGen: 7616K->496K(8192K)] 9676K->2556K(26112K), 0.0004690 secs] [Times: user=0.01 sys=0.00, real=0.00 secs] 
254.535: Total time for which application threads were stopped: 0.0005720 seconds, Stopping threads took: 0.0000440 seconds
254.575: Application time: 0.0398390 seconds
254.575: [GC [PSYoungGen: 7664K->496K(8192K)] 9724K->2556K(26112K), 0.0004710 secs] [Times: user=0.01 sys=0.00, real=0.00 secs] 
254.575: Total time for which application threads were stopped: 0.0005780 seconds, Stopping threads took: 0.0000440 seconds
254.615: Application time: 0.0395720 seconds
254.615: [GC [PSYoungGen: 7664K->512K(8192K)] 9724K->2572K(26112K), 0.0004160 secs] [Times: user=0.00 sys=0.00, real=0.00 secs] 
254.616: Total time for which application threads were stopped: 0.0005210 seconds, Stopping threads took: 0.0000460 seconds
254.655: Application time: 0.0392100 seconds
254.655: [GC [PSYoungGen: 7680K->464K(8192K)] 9740K->2524K(26112K), 0.0004100 secs] [Times: user=0.00 sys=0.00, real=0.00 secs] 
254.655: Total time for which application threads were stopped: 0.0005280 seconds, Stopping threads took: 0.0000590 seconds
254.695: Application time: 0.0392400 seconds
254.695: [GC [PSYoungGen: 7632K->496K(8192K)] 9692K->2556K(26112K), 0.0004170 secs] [Times: user=0.01 sys=0.00, real=0.00 secs] 
254.695: Total time for which application threads were stopped: 0.0005250 seconds, Stopping threads took: 0.0000480 seconds
254.734: Application time: 0.0392620 seconds
254.734: [GC [PSYoungGen: 7664K->496K(8192K)] 9724K->2556K(26112K), 0.0004030 secs] [Times: user=0.00 sys=0.00, real=0.00 secs] 
254.735: Total time for which application threads were stopped: 0.0005050 seconds, Stopping threads took: 0.0000420 seconds
254.774: Application time: 0.0394100 seconds
254.774: [GC [PSYoungGen: 7664K->496K(8192K)] 9724K->2556K(26112K), 0.0004520 secs] [Times: user=0.00 sys=0.00, real=0.00 secs] 
254.775: Total time for which application threads were stopped: 0.0005570 seconds, Stopping threads took: 0.0000440 seconds
254.814: Application time: 0.0396170 seconds
254.815: [GC [PSYoungGen: 7664K->544K(8192K)] 9724K->2604K(26112K), 0.0004310 secs] [Times: user=0.00 sys=0.00, real=0.00 secs] 
254.815: Total time for which application threads were stopped: 0.0005490 seconds, Stopping threads took: 0.0000430 seconds
254.854: Application time: 0.0392880 seconds
254.854: [GC [PSYoungGen: 7712K->512K(8192K)] 9772K->2572K(26112K), 0.0004620 secs] [Times: user=0.00 sys=0.00, real=0.00 secs] 
254.855: Total time for which application threads were stopped: 0.0005680 seconds, Stopping threads took: 0.0000430 seconds
254.894: Application time: 0.0394950 seconds
254.894: [GC [PSYoungGen: 7680K->464K(8192K)] 9740K->2524K(26112K), 0.0004580 secs] [Times: user=0.00 sys=0.00, real=0.00 secs] 
254.895: Total time for which application threads were stopped: 0.0005640 seconds, Stopping threads took: 0.0000430 seconds
254.934: Application time: 0.0394460 seconds
254.934: [GC [PSYoungGen: 7632K->480K(8192K)] 9692K->2612K(26112K), 0.0004410 secs] [Times: user=0.00 sys=0.00, real=0.00 secs] 
254.935: Total time for which application threads were stopped: 0.0005620 seconds, Stopping threads took: 0.0000500 seconds
254.977: Application time: 0.0418220 seconds
254.977: [GC [PSYoungGen: 7648K->352K(8192K)] 9780K->2560K(26112K), 0.0005590 secs] [Times: user=0.00 sys=0.00, real=0.00 secs] 
254.978: Total time for which application threads were stopped: 0.0009560 seconds, Stopping threads took: 0.0002990 seconds
255.017: Application time: 0.0396660 seconds
255.017: [GC [PSYoungGen: 7520K->336K(8192K)] 9728K->2592K(26112K), 0.0003870 secs] [Times: user=0.00 sys=0.00, real=0.00 secs] 
255.018: Total time for which application threads were stopped: 0.0005010 seconds, Stopping threads took: 0.0000500 seconds
255.059: Application time: 0.0412900 seconds
255.059: [GC [PSYoungGen: 7504K->320K(8192K)] 9760K->2576K(26112K), 0.0004260 secs] [Times: user=0.00 sys=0.00, real=0.00 secs] 
255.060: Total time for which application threads were stopped: 0.0005370 seconds, Stopping threads took: 0.0000470 seconds
255.099: Application time: 0.0391500 seconds
255.099: [GC [PSYoungGen: 7488K->272K(8192K)] 9744K->2664K(26112K), 0.0004010 secs] [Times: user=0.01 sys=0.00, real=0.00 secs] 
255.099: Total time for which application threads were stopped: 0.0005080 seconds, Stopping threads took: 0.0000460 seconds
255.138: Application time: 0.0386620 seconds
255.138: [GC [PSYoungGen: 7440K->320K(8192K)] 9832K->2728K(26112K), 0.0003880 secs] [Times: user=0.01 sys=0.00, real=0.00 secs] 
255.139: Total time for which application threads were stopped: 0.0004920 seconds, Stopping threads took: 0.0000420 seconds
255.178: Application time: 0.0391600 seconds
255.178: [GC [PSYoungGen: 7488K->352K(8192K)] 9896K->2760K(26112K), 0.0003840 secs] [Times: user=0.00 sys=0.00, real=0.00 secs] 
255.178: Total time for which application threads were stopped: 0.0007240 seconds, Stopping threads took: 0.0002750 seconds
255.217: Application time: 0.0390150 seconds
255.218: [GC [PSYoungGen: 7520K->368K(8192K)] 9928K->2776K(26112K), 0.0003820 secs] [Times: user=0.00 sys=0.00, real=0.00 secs] 
255.218: Total time for which application threads were stopped: 0.0004830 seconds, Stopping threads took: 0.0000370 seconds
255.256: Application time: 0.0385710 seconds
255.257: [GC [PSYoungGen: 7536K->448K(8192K)] 9944K->2856K(26112K), 0.0004410 secs] [Times: user=0.00 sys=0.00, real=0.00 secs] 
255.257: Total time for which application threads were stopped: 0.0005490 seconds, Stopping threads took: 0.0000420 seconds
255.296: Application time: 0.0385140 seconds
255.296: [GC [PSYoungGen: 7616K->496K(8192K)] 10024K->2904K(26112K), 0.0005110 secs] [Times: user=0.00 sys=0.00, real=0.00 secs] 
255.296: Total time for which application threads were stopped: 0.0006130 seconds, Stopping threads took: 0.0000390 seconds
255.336: Application time: 0.0394040 seconds
255.336: [GC [PSYoungGen: 7664K->480K(8192K)] 10072K->2888K(26112K), 0.0004320 secs] [Times: user=0.00 sys=0.00, real=0.00 secs] 
255.336: Total time for which application threads were stopped: 0.0005540 seconds, Stopping threads took: 0.0000480 seconds
255.376: Application time: 0.0393910 seconds
255.376: [GC [PSYoungGen: 7648K->480K(8192K)] 10056K->2888K(26112K), 0.0004540 secs] [Times: user=0.00 sys=0.00, real=0.00 secs] 
255.376: Total time for which application threads were stopped: 0.0005570 seconds, Stopping threads took: 0.0000390 seconds
255.416: Application time: 0.0397200 seconds
255.416: [GC [PSYoungGen: 7648K->496K(8192K)] 10056K->2904K(26112K), 0.0004140 secs] [Times: user=0.00 sys=0.00, real=0.00 secs] 
255.416: Total time for which application threads were stopped: 0.0005210 seconds, Stopping threads took: 0.0000460 seconds
255.456: Application time: 0.0397700 seconds
255.457: [GC [PSYoungGen: 7664K->496K(8192K)] 10072K->2904K(26112K), 0.0004770 secs] [Times: user=0.00 sys=0.00, real=0.00 secs] 
255.458: Total time for which application threads were stopped: 0.0015210 seconds, Stopping threads took: 0.0009820 seconds
255.497: Application time: 0.0392910 seconds
255.497: [GC [PSYoungGen: 7664K->512K(8192K)] 10072K->2920K(26112K), 0.0004730 secs] [Times: user=0.00 sys=0.00, real=0.00 secs] 
255.497: Total time for which application threads were stopped: 0.0005750 seconds, Stopping threads took: 0.0000420 seconds
255.537: Application time: 0.0395810 seconds
255.537: [GC [PSYoungGen: 7680K->496K(8192K)] 10088K->2904K(26112K), 0.0004590 secs] [Times: user=0.00 sys=0.00, real=0.00 secs] 
255.538: Total time for which application threads were stopped: 0.0005620 seconds, Stopping threads took: 0.0000400 seconds
255.577: Application time: 0.0394890 seconds
255.577: [GC [PSYoungGen: 7664K->496K(8192K)] 10072K->2904K(26112K), 0.0005080 secs] [Times: user=0.01 sys=0.00, real=0.00 secs] 
255.578: Total time for which application threads were stopped: 0.0006100 seconds, Stopping threads took: 0.0000400 seconds
255.617: Application time: 0.0394620 seconds
255.617: [GC [PSYoungGen: 7664K->464K(8192K)] 10072K->2872K(26112K), 0.0004200 secs] [Times: user=0.01 sys=0.00, real=0.00 secs] 
255.618: Total time for which application threads were stopped: 0.0005180 seconds, Stopping threads took: 0.0000370 seconds
255.657: Application time: 0.0392000 seconds
255.657: [GC [PSYoungGen: 7632K->496K(8192K)] 10040K->2904K(26112K), 0.0004170 secs] [Times: user=0.00 sys=0.00, real=0.00 secs] 
255.657: Total time for which application threads were stopped: 0.0005230 seconds, Stopping threads took: 0.0000430 seconds
255.697: Application time: 0.0392310 seconds
255.697: [GC [PSYoungGen: 7664K->480K(8192K)] 10072K->2936K(26112K), 0.0004560 secs] [Times: user=0.00 sys=0.00, real=0.00 secs] 
255.697: Total time for which application threads were stopped: 0.0005690 seconds, Stopping threads took: 0.0000500 seconds
255.737: Application time: 0.0396280 seconds
255.737: [GC [PSYoungGen: 7648K->416K(8192K)] 10104K->2928K(26112K), 0.0004070 secs] [Times: user=0.00 sys=0.00, real=0.00 secs] 
255.737: Total time for which application threads were stopped: 0.0005070 seconds, Stopping threads took: 0.0000390 seconds
255.777: Application time: 0.0394480 seconds
255.781: [GC [PSYoungGen: 7584K->352K(8192K)] 10096K->2920K(26112K), 0.0005110 secs] [Times: user=0.00 sys=0.00, real=0.00 secs] 
255.782: Total time for which application threads were stopped: 0.0047850 seconds, Stopping threads took: 0.0042140 seconds
255.821: Application time: 0.0395030 seconds
255.821: [GC [PSYoungGen: 7520K->336K(8192K)] 10088K->2944K(26112K), 0.0003780 secs] [Times: user=0.00 sys=0.00, real=0.00 secs] 
255.822: Total time for which application threads were stopped: 0.0004840 seconds, Stopping threads took: 0.0000450 seconds
255.867: Application time: 0.0450360 seconds
255.867: [GC [PSYoungGen: 7504K->256K(8192K)] 10112K->2928K(26112K), 0.0005910 secs] [Times: user=0.01 sys=0.00, real=0.00 secs] 
255.867: Total time for which application threads were stopped: 0.0007460 seconds, Stopping threads took: 0.0000690 seconds
255.907: Application time: 0.0394640 seconds
255.907: [GC [PSYoungGen: 7424K->272K(8192K)] 10096K->3044K(26112K), 0.0004380 secs] [Times: user=0.00 sys=0.00, real=0.00 secs] 
255.907: Total time for which application threads were stopped: 0.0005730 seconds, Stopping threads took: 0.0000650 seconds
255.946: Application time: 0.0389140 seconds
255.946: [GC [PSYoungGen: 7440K->272K(8192K)] 10212K->3044K(26112K), 0.0003450 secs] [Times: user=0.00 sys=0.00, real=0.00 secs] 
255.947: Total time for which application threads were stopped: 0.0004580 seconds, Stopping threads took: 0.0000500 seconds
255.985: Application time: 0.0385080 seconds
255.985: [GC [PSYoungGen: 7440K->320K(8192K)] 10212K->3092K(26112K), 0.0004760 secs] [Times: user=0.00 sys=0.00, real=0.00 secs] 
255.986: Total time for which application threads were stopped: 0.0005810 seconds, Stopping threads took: 0.0000400 seconds
256.025: Application time: 0.0393320 seconds
256.025: [GC [PSYoungGen: 7488K->400K(8192K)] 10260K->3172K(26112K), 0.0003860 secs] [Times: user=0.00 sys=0.00, real=0.00 secs] 
256.026: Total time for which application threads were stopped: 0.0004870 seconds, Stopping threads took: 0.0000430 seconds
256.064: Application time: 0.0382850 seconds
256.064: [GC [PSYoungGen: 7568K->448K(8192K)] 10340K->3220K(26112K), 0.0003840 secs] [Times: user=0.00 sys=0.00, real=0.00 secs] 
256.064: Total time for which application threads were stopped: 0.0004920 seconds, Stopping threads took: 0.0000460 seconds
256.103: Application time: 0.0385790 seconds
256.103: [GC [PSYoungGen: 7616K->496K(8192K)] 10388K->3269K(26112K), 0.0004480 secs] [Times: user=0.00 sys=0.00, real=0.00 secs] 
256.104: Total time for which application threads were stopped: 0.0005520 seconds, Stopping threads took: 0.0000420 seconds
256.143: Application time: 0.0392690 seconds
256.143: [GC [PSYoungGen: 7664K->480K(8192K)] 10437K->3252K(26112K), 0.0004630 secs] [Times: user=0.00 sys=0.00, real=0.00 secs] 
256.143: Total time for which application threads were stopped: 0.0005620 seconds, Stopping threads took: 0.0000390 seconds
256.183: Application time: 0.0394920 seconds
256.183: [GC [PSYoungGen: 7648K->512K(8192K)] 10420K->3285K(26112K), 0.0004180 secs] [Times: user=0.00 sys=0.00, real=0.00 secs] 
256.183: Total time for which application threads were stopped: 0.0005170 seconds, Stopping threads took: 0.0000390 seconds
256.223: Application time: 0.0392560 seconds
256.223: [GC [PSYoungGen: 7680K->496K(8192K)] 10453K->3269K(26112K), 0.0004490 secs] [Times: user=0.00 sys=0.00, real=0.00 secs] 
256.223: Total time for which application threads were stopped: 0.0005730 seconds, Stopping threads took: 0.0000530 seconds
256.263: Application time: 0.0396400 seconds
256.263: [GC [PSYoungGen: 7664K->496K(8192K)] 10437K->3268K(26112K), 0.0004500 secs] [Times: user=0.00 sys=0.00, real=0.00 secs] 
256.263: Total time for which application threads were stopped: 0.0005500 seconds, Stopping threads took: 0.0000380 seconds
256.303: Application time: 0.0395920 seconds
256.303: [GC [PSYoungGen: 7664K->512K(8192K)] 10436K->3285K(26112K), 0.0004520 secs] [Times: user=0.01 sys=0.00, real=0.00 secs] 
256.304: Total time for which application threads were stopped: 0.0005510 seconds, Stopping threads took: 0.0000390 seconds
256.343: Application time: 0.0391950 seconds
256.343: [GC [PSYoungGen: 7680K->512K(8192K)] 10453K->3285K(26112K), 0.0004040 secs] [Times: user=0.00 sys=0.00, real=0.00 secs] 
256.343: Total time for which application threads were stopped: 0.0005110 seconds, Stopping threads took: 0.0000440 seconds
256.383: Application time: 0.0391940 seconds
256.383: [GC [PSYoungGen: 7680K->528K(8192K)] 10453K->3301K(26112K), 0.0004160 secs] [Times: user=0.01 sys=0.00, real=0.00 secs] 
256.383: Total time for which application threads were stopped: 0.0005310 seconds, Stopping threads took: 0.0000440 seconds
256.423: Application time: 0.0398590 seconds
256.423: [GC [PSYoungGen: 7696K->512K(8192K)] 10469K->3284K(26112K), 0.0004580 secs] [Times: user=0.00 sys=0.00, real=0.00 secs] 
256.423: Total time for which application threads were stopped: 0.0005560 seconds, Stopping threads took: 0.0000390 seconds
256.463: Application time: 0.0393620 seconds
256.463: [GC [PSYoungGen: 7680K->464K(8192K)] 10452K->3237K(26112K), 0.0004490 secs] [Times: user=0.01 sys=0.00, real=0.00 secs] 
256.463: Total time for which application threads were stopped: 0.0005550 seconds, Stopping threads took: 0.0000430 seconds
256.503: Application time: 0.0391870 seconds
256.503: [GC [PSYoungGen: 7632K->512K(8192K)] 10405K->3341K(26112K), 0.0004540 secs] [Times: user=0.00 sys=0.00, real=0.00 secs] 
256.503: Total time for which application threads were stopped: 0.0005550 seconds, Stopping threads took: 0.0000420 seconds
256.543: Application time: 0.0395250 seconds
256.543: [GC [PSYoungGen: 7680K->416K(8192K)] 10509K->3293K(26112K), 0.0004000 secs] [Times: user=0.00 sys=0.00, real=0.00 secs] 
256.543: Total time for which application threads were stopped: 0.0005010 seconds, Stopping threads took: 0.0000420 seconds
256.583: Application time: 0.0394520 seconds
256.583: [GC [PSYoungGen: 7584K->368K(8192K)] 10461K->3341K(26112K), 0.0003970 secs] [Times: user=0.00 sys=0.00, real=0.00 secs] 
256.583: Total time for which application threads were stopped: 0.0004960 seconds, Stopping threads took: 0.0000380 seconds
256.623: Application time: 0.0397300 seconds
256.623: [GC [PSYoungGen: 7536K->352K(8192K)] 10509K->3325K(26112K), 0.0003860 secs] [Times: user=0.00 sys=0.00, real=0.00 secs] 
256.623: Total time for which application threads were stopped: 0.0005000 seconds, Stopping threads took: 0.0000580 seconds
256.663: Application time: 0.0393650 seconds
256.663: [GC [PSYoungGen: 7520K->288K(8192K)] 10493K->3349K(26112K), 0.0003770 secs] [Times: user=0.00 sys=0.00, real=0.00 secs] 
256.663: Total time for which application threads were stopped: 0.0004770 seconds, Stopping threads took: 0.0000410 seconds
256.701: Application time: 0.0379020 seconds
256.701: [GC [PSYoungGen: 7456K->288K(8192K)] 10517K->3437K(26112K), 0.0003920 secs] [Times: user=0.00 sys=0.00, real=0.00 secs] 
256.702: Total time for which application threads were stopped: 0.0005030 seconds, Stopping threads took: 0.0000470 seconds
256.741: Application time: 0.0391300 seconds
256.741: [GC [PSYoungGen: 7456K->304K(8192K)] 10605K->3453K(26112K), 0.0003700 secs] [Times: user=0.00 sys=0.00, real=0.01 secs] 
256.741: Total time for which application threads were stopped: 0.0004810 seconds, Stopping threads took: 0.0000470 seconds
256.780: Application time: 0.0390850 seconds
256.780: [GC [PSYoungGen: 7472K->352K(8192K)] 10621K->3501K(26112K), 0.0003810 secs] [Times: user=0.00 sys=0.00, real=0.00 secs] 
256.781: Total time for which application threads were stopped: 0.0004930 seconds, Stopping threads took: 0.0000480 seconds
256.820: Application time: 0.0395410 seconds
256.820: [GC [PSYoungGen: 7520K->384K(8192K)] 10669K->3533K(26112K), 0.0004400 secs] [Times: user=0.00 sys=0.00, real=0.00 secs] 
256.821: Total time for which application threads were stopped: 0.0005530 seconds, Stopping threads took: 0.0000490 seconds
256.859: Application time: 0.0379640 seconds
256.861: [GC [PSYoungGen: 7552K->448K(8192K)] 10701K->3597K(26112K), 0.0003910 secs] [Times: user=0.01 sys=0.00, real=0.00 secs] 
256.861: Total time for which application threads were stopped: 0.0026230 seconds, Stopping threads took: 0.0021680 seconds
256.901: Application time: 0.0392960 seconds
256.901: [GC [PSYoungGen: 7616K->512K(8192K)] 10765K->3661K(26112K), 0.0005380 secs] [Times: user=0.00 sys=0.00, real=0.01 secs] 
256.901: Total time for which application threads were stopped: 0.0006810 seconds, Stopping threads took: 0.0000580 seconds
256.941: Application time: 0.0393110 seconds
256.941: [GC [PSYoungGen: 7680K->512K(8192K)] 10829K->3661K(26112K), 0.0004250 secs] [Times: user=0.01 sys=0.00, real=0.01 secs] 
256.941: Total time for which application threads were stopped: 0.0005310 seconds, Stopping threads took: 0.0000440 seconds
256.981: Application time: 0.0393130 seconds
256.981: [GC [PSYoungGen: 7680K->480K(8192K)] 10829K->3629K(26112K), 0.0004720 secs] [Times: user=0.00 sys=0.00, real=0.01 secs] 
256.981: Total time for which application threads were stopped: 0.0005740 seconds, Stopping threads took: 0.0000420 seconds
257.021: Application time: 0.0394010 seconds
257.021: [GC [PSYoungGen: 7648K->496K(8192K)] 10797K->3645K(26112K), 0.0004410 secs] [Times: user=0.00 sys=0.00, real=0.01 secs] 
257.021: Total time for which application threads were stopped: 0.0005440 seconds, Stopping threads took: 0.0000420 seconds
257.060: Application time: 0.0392880 seconds
257.061: [GC [PSYoungGen: 7664K->480K(8192K)] 10813K->3629K(26112K), 0.0004480 secs] [Times: user=0.00 sys=0.00, real=0.00 secs] 
257.061: Total time for which application threads were stopped: 0.0005520 seconds, Stopping threads took: 0.0000460 seconds
257.100: Application time: 0.0391210 seconds
257.100: [GC [PSYoungGen: 7648K->480K(8192K)] 10797K->3629K(26112K), 0.0004190 secs] [Times: user=0.01 sys=0.00, real=0.00 secs] 
257.101: Total time for which application threads were stopped: 0.0005200 seconds, Stopping threads took: 0.0000420 seconds
257.140: Application time: 0.0396390 seconds
257.140: [GC [PSYoungGen: 7648K->496K(8192K)] 10797K->3645K(26112K), 0.0004160 secs] [Times: user=0.00 sys=0.00, real=0.00 secs] 
257.141: Total time for which application threads were stopped: 0.0005250 seconds, Stopping threads took: 0.0000480 seconds
257.180: Application time: 0.0394060 seconds
257.180: [GC [PSYoungGen: 7664K->480K(8192K)] 10813K->3629K(26112K), 0.0004130 secs] [Times: user=0.00 sys=0.00, real=0.00 secs] 
257.181: Total time for which application threads were stopped: 0.0005120 seconds, Stopping threads took: 0.0000380 seconds
257.220: Application time: 0.0391660 seconds
257.220: [GC [PSYoungGen: 7648K->512K(8192K)] 10797K->3661K(26112K), 0.0004630 secs] [Times: user=0.00 sys=0.00, real=0.00 secs] 
257.220: Total time for which application threads were stopped: 0.0005570 seconds, Stopping threads took: 0.0000370 seconds
257.259: Application time: 0.0390030 seconds
257.260: [GC [PSYoungGen: 7680K->480K(8192K)] 10829K->3629K(26112K), 0.0004860 secs] [Times: user=0.01 sys=0.00, real=0.00 secs] 
257.260: Total time for which application threads were stopped: 0.0005870 seconds, Stopping threads took: 0.0000390 seconds
257.299: Application time: 0.0392490 seconds
257.301: [GC [PSYoungGen: 7648K->432K(8192K)] 10797K->3669K(26112K), 0.0004550 secs] [Times: user=0.00 sys=0.00, real=0.00 secs] 
257.302: Total time for which application threads were stopped: 0.0022750 seconds, Stopping threads took: 0.0017600 seconds
257.341: Application time: 0.0392130 seconds
257.341: [GC [PSYoungGen: 7600K->400K(8192K)] 10837K->3693K(26112K), 0.0004020 secs] [Times: user=0.00 sys=0.00, real=0.01 secs] 
257.341: Total time for which application threads were stopped: 0.0005070 seconds, Stopping threads took: 0.0000430 seconds
257.381: Application time: 0.0393380 seconds
257.381: [GC [PSYoungGen: 7568K->352K(8192K)] 10861K->3693K(26112K), 0.0003880 secs] [Times: user=0.00 sys=0.00, real=0.01 secs] 
257.381: Total time for which application threads were stopped: 0.0004900 seconds, Stopping threads took: 0.0000410 seconds
257.421: Application time: 0.0396150 seconds
257.421: [GC [PSYoungGen: 7520K->320K(8192K)] 10861K->3709K(26112K), 0.0003920 secs] [Times: user=0.00 sys=0.00, real=0.01 secs] 
257.421: Total time for which application threads were stopped: 0.0005090 seconds, Stopping threads took: 0.0000480 seconds
257.461: Application time: 0.0393720 seconds
257.461: [GC [PSYoungGen: 7488K->256K(8192K)] 10877K->3725K(26112K), 0.0004230 secs] [Times: user=0.00 sys=0.00, real=0.01 secs] 
257.461: Total time for which application threads were stopped: 0.0005240 seconds, Stopping threads took: 0.0000390 seconds
257.499: Application time: 0.0383140 seconds
257.500: [GC [PSYoungGen: 7424K->288K(8192K)] 10893K->3805K(26112K), 0.0003680 secs] [Times: user=0.00 sys=0.00, real=0.00 secs] 
257.500: Total time for which application threads were stopped: 0.0004730 seconds, Stopping threads took: 0.0000440 seconds
257.539: Application time: 0.0389060 seconds
257.539: [GC [PSYoungGen: 7456K->352K(8192K)] 10973K->3869K(26112K), 0.0003940 secs] [Times: user=0.01 sys=0.00, real=0.00 secs] 
257.539: Total time for which application threads were stopped: 0.0004980 seconds, Stopping threads took: 0.0000440 seconds
257.579: Application time: 0.0392630 seconds
257.581: [GC [PSYoungGen: 7520K->352K(8192K)] 11037K->3869K(26112K), 0.0003850 secs] [Times: user=0.00 sys=0.00, real=0.00 secs] 
257.582: Total time for which application threads were stopped: 0.0028930 seconds, Stopping threads took: 0.0024490 seconds
257.621: Application time: 0.0390310 seconds
257.621: [GC [PSYoungGen: 7520K->416K(8192K)] 11037K->3933K(26112K), 0.0004090 secs] [Times: user=0.00 sys=0.00, real=0.01 secs] 
257.621: Total time for which application threads were stopped: 0.0005160 seconds, Stopping threads took: 0.0000450 seconds
257.659: Application time: 0.0379840 seconds
257.659: [GC [PSYoungGen: 7584K->512K(8192K)] 11101K->4029K(26112K), 0.0004190 secs] [Times: user=0.01 sys=0.00, real=0.00 secs] 
257.660: Total time for which application threads were stopped: 0.0005240 seconds, Stopping threads took: 0.0000400 seconds
257.699: Application time: 0.0395840 seconds
257.699: [GC [PSYoungGen: 7680K->464K(8192K)] 11197K->3981K(26112K), 0.0004570 secs] [Times: user=0.00 sys=0.00, real=0.00 secs] 
257.700: Total time for which application threads were stopped: 0.0005780 seconds, Stopping threads took: 0.0000620 seconds
257.739: Application time: 0.0392690 seconds
257.739: [GC [PSYoungGen: 7632K->512K(8192K)] 11149K->4029K(26112K), 0.0004500 secs] [Times: user=0.00 sys=0.00, real=0.00 secs] 
257.740: Total time for which application threads were stopped: 0.0005540 seconds, Stopping threads took: 0.0000450 seconds
257.779: Application time: 0.0395910 seconds
257.781: [GC [PSYoungGen: 7680K->480K(8192K)] 11197K->3997K(26112K), 0.0004390 secs] [Times: user=0.00 sys=0.00, real=0.00 secs] 
257.782: Total time for which application threads were stopped: 0.0023960 seconds, Stopping threads took: 0.0018970 seconds
257.821: Application time: 0.0397020 seconds
257.821: [GC [PSYoungGen: 7648K->544K(8192K)] 11165K->4061K(26112K), 0.0004210 secs] [Times: user=0.00 sys=0.00, real=0.00 secs] 
257.822: Total time for which application threads were stopped: 0.0005310 seconds, Stopping threads took: 0.0000460 seconds
257.861: Application time: 0.0393930 seconds
257.861: [GC [PSYoungGen: 7712K->496K(8192K)] 11229K->4013K(26112K), 0.0004140 secs] [Times: user=0.00 sys=0.00, real=0.00 secs] 
257.862: Total time for which application threads were stopped: 0.0005210 seconds, Stopping threads took: 0.0000400 seconds
257.901: Application time: 0.0393400 seconds
257.901: [GC [PSYoungGen: 7664K->496K(8192K)] 11181K->4013K(26112K), 0.0004700 secs] [Times: user=0.00 sys=0.00, real=0.00 secs] 
257.902: Total time for which application threads were stopped: 0.0005930 seconds, Stopping threads took: 0.0000480 seconds
257.941: Application time: 0.0391830 seconds
257.941: [GC [PSYoungGen: 7664K->480K(8192K)] 11181K->3997K(26112K), 0.0004800 secs] [Times: user=0.00 sys=0.00, real=0.01 secs] 
257.941: Total time for which application threads were stopped: 0.0005940 seconds, Stopping threads took: 0.0000420 seconds
257.981: Application time: 0.0393400 seconds
257.981: [GC [PSYoungGen: 7648K->528K(8192K)] 11165K->4045K(26112K), 0.0003990 secs] [Times: user=0.00 sys=0.00, real=0.01 secs] 
257.981: Total time for which application threads were stopped: 0.0005000 seconds, Stopping threads took: 0.0000410 seconds
258.020: Application time: 0.0392290 seconds
258.021: [GC [PSYoungGen: 7696K->480K(8192K)] 11213K->3997K(26112K), 0.0004500 secs] [Times: user=0.00 sys=0.00, real=0.01 secs] 
258.021: Total time for which application threads were stopped: 0.0005610 seconds, Stopping threads took: 0.0000500 seconds
258.060: Application time: 0.0391260 seconds
258.060: [GC [PSYoungGen: 7648K->480K(8192K)] 11165K->3997K(26112K), 0.0005000 secs] [Times: user=0.01 sys=0.00, real=0.00 secs] 
258.061: Total time for which application threads were stopped: 0.0006090 seconds, Stopping threads took: 0.0000470 seconds
258.100: Application time: 0.0392230 seconds
258.100: [GC [PSYoungGen: 7648K->432K(8192K)] 11165K->4029K(26112K), 0.0004550 secs] [Times: user=0.00 sys=0.00, real=0.00 secs] 
258.101: Total time for which application threads were stopped: 0.0005570 seconds, Stopping threads took: 0.0000420 seconds
258.140: Application time: 0.0398640 seconds
258.141: [GC [PSYoungGen: 7600K->352K(8192K)] 11197K->4053K(26112K), 0.0004000 secs] [Times: user=0.00 sys=0.00, real=0.00 secs] 
258.141: Total time for which application threads were stopped: 0.0005040 seconds, Stopping threads took: 0.0000440 seconds
258.180: Application time: 0.0393710 seconds
258.180: [GC [PSYoungGen: 7520K->384K(8192K)] 11221K->4085K(26112K), 0.0004170 secs] [Times: user=0.00 sys=0.00, real=0.00 secs] 
258.181: Total time for which application threads were stopped: 0.0005190 seconds, Stopping threads took: 0.0000420 seconds
258.220: Application time: 0.0394190 seconds
258.220: [GC [PSYoungGen: 7552K->320K(8192K)] 11253K->4077K(26112K), 0.0004420 secs] [Times: user=0.01 sys=0.00, real=0.00 secs] 
258.221: Total time for which application threads were stopped: 0.0005380 seconds, Stopping threads took: 0.0000360 seconds
258.260: Application time: 0.0390530 seconds
258.260: [GC [PSYoungGen: 7488K->272K(8192K)] 11245K->4149K(26112K), 0.0004090 secs] [Times: user=0.00 sys=0.00, real=0.00 secs] 
258.260: Total time for which application threads were stopped: 0.0005190 seconds, Stopping threads took: 0.0000470 seconds
258.299: Application time: 0.0390330 seconds
258.299: [GC [PSYoungGen: 7440K->320K(8192K)] 11317K->4197K(26112K), 0.0003680 secs] [Times: user=0.00 sys=0.00, real=0.00 secs] 
258.300: Total time for which application threads were stopped: 0.0004750 seconds, Stopping threads took: 0.0000440 seconds
258.338: Application time: 0.0383360 seconds
258.338: [GC [PSYoungGen: 7488K->352K(8192K)] 11365K->4229K(26112K), 0.0003890 secs] [Times: user=0.00 sys=0.00, real=0.00 secs] 
258.339: Total time for which application threads were stopped: 0.0005120 seconds, Stopping threads took: 0.0000610 seconds
258.378: Application time: 0.0393410 seconds
258.378: [GC [PSYoungGen: 7520K->336K(8192K)] 11397K->4213K(26112K), 0.0004480 secs] [Times: user=0.00 sys=0.00, real=0.00 secs] 
258.379: Total time for which application threads were stopped: 0.0005460 seconds, Stopping threads took: 0.0000380 seconds
258.417: Application time: 0.0384410 seconds
258.417: [GC [PSYoungGen: 7504K->432K(8192K)] 11381K->4309K(26112K), 0.0004360 secs] [Times: user=0.00 sys=0.00, real=0.00 secs] 
258.418: Total time for which application threads were stopped: 0.0005430 seconds, Stopping threads took: 0.0000450 seconds
258.456: Application time: 0.0381050 seconds
258.456: [GC [PSYoungGen: 7600K->480K(8192K)] 11477K->4357K(26112K), 0.0004340 secs] [Times: user=0.00 sys=0.00, real=0.00 secs] 
258.456: Total time for which application threads were stopped: 0.0005490 seconds, Stopping threads took: 0.0000490 seconds
258.496: Application time: 0.0395510 seconds
258.496: [GC [PSYoungGen: 7648K->512K(8192K)] 11525K->4389K(26112K), 0.0004400 secs] [Times: user=0.00 sys=0.00, real=0.00 secs] 
258.496: Total time for which application threads were stopped: 0.0005400 seconds, Stopping threads took: 0.0000400 seconds
258.536: Application time: 0.0392560 seconds
258.536: [GC [PSYoungGen: 7680K->464K(8192K)] 11557K->4341K(26112K), 0.0004250 secs] [Times: user=0.00 sys=0.00, real=0.00 secs] 
258.536: Total time for which application threads were stopped: 0.0005360 seconds, Stopping threads took: 0.0000510 seconds
258.576: Application time: 0.0397490 seconds
258.576: [GC [PSYoungGen: 7632K->464K(8192K)] 11509K->4341K(26112K), 0.0004160 secs] [Times: user=0.00 sys=0.00, real=0.00 secs] 
258.576: Total time for which application threads were stopped: 0.0005250 seconds, Stopping threads took: 0.0000480 seconds
258.616: Application time: 0.0396470 seconds
258.616: [GC [PSYoungGen: 7632K->480K(8192K)] 11509K->4357K(26112K), 0.0004390 secs] [Times: user=0.00 sys=0.00, real=0.00 secs] 
258.617: Total time for which application threads were stopped: 0.0005420 seconds, Stopping threads took: 0.0000420 seconds
258.656: Application time: 0.0392640 seconds
258.656: [GC [PSYoungGen: 7648K->464K(8192K)] 11525K->4341K(26112K), 0.0004610 secs] [Times: user=0.01 sys=0.00, real=0.00 secs] 
258.656: Total time for which application threads were stopped: 0.0005610 seconds, Stopping threads took: 0.0000340 seconds
258.696: Application time: 0.0392350 seconds
258.696: [GC [PSYoungGen: 7632K->496K(8192K)] 11509K->4373K(26112K), 0.0004040 secs] [Times: user=0.00 sys=0.00, real=0.00 secs] 
258.696: Total time for which application threads were stopped: 0.0005120 seconds, Stopping threads took: 0.0000470 seconds
258.736: Application time: 0.0393830 seconds
258.736: [GC [PSYoungGen: 7664K->512K(8192K)] 11541K->4389K(26112K), 0.0004240 secs] [Times: user=0.00 sys=0.00, real=0.00 secs] 
258.736: Total time for which application threads were stopped: 0.0005290 seconds, Stopping threads took: 0.0000450 seconds
258.775: Application time: 0.0393180 seconds
258.776: [GC [PSYoungGen: 7680K->512K(8192K)] 11557K->4389K(26112K), 0.0004220 secs] [Times: user=0.00 sys=0.00, real=0.00 secs] 
258.776: Total time for which application threads were stopped: 0.0005210 seconds, Stopping threads took: 0.0000400 seconds
258.815: Application time: 0.0394050 seconds
258.815: [GC [PSYoungGen: 7680K->528K(8192K)] 11557K->4405K(26112K), 0.0004710 secs] [Times: user=0.01 sys=0.00, real=0.00 secs] 
258.816: Total time for which application threads were stopped: 0.0005780 seconds, Stopping threads took: 0.0000470 seconds
258.855: Application time: 0.0388860 seconds
258.855: [GC [PSYoungGen: 7696K->448K(8192K)] 11573K->4373K(26112K), 0.0004040 secs] [Times: user=0.01 sys=0.00, real=0.00 secs] 
258.855: Total time for which application threads were stopped: 0.0005210 seconds, Stopping threads took: 0.0000490 seconds
258.895: Application time: 0.0398720 seconds
258.895: [GC [PSYoungGen: 7616K->432K(8192K)] 11541K->4413K(26112K), 0.0004590 secs] [Times: user=0.00 sys=0.00, real=0.00 secs] 
258.896: Total time for which application threads were stopped: 0.0005730 seconds, Stopping threads took: 0.0000500 seconds
258.936: Application time: 0.0397670 seconds
258.936: [GC [PSYoungGen: 7600K->368K(8192K)] 11581K->4429K(26112K), 0.0004340 secs] [Times: user=0.00 sys=0.00, real=0.00 secs] 
258.936: Total time for which application threads were stopped: 0.0005680 seconds, Stopping threads took: 0.0000600 seconds
258.976: Application time: 0.0397340 seconds
258.976: [GC [PSYoungGen: 7536K->384K(8192K)] 11597K->4445K(26112K), 0.0003960 secs] [Times: user=0.00 sys=0.00, real=0.00 secs] 
258.976: Total time for which application threads were stopped: 0.0005150 seconds, Stopping threads took: 0.0000470 seconds
259.016: Application time: 0.0393330 seconds
259.016: [GC [PSYoungGen: 7552K->288K(8192K)] 11613K->4437K(26112K), 0.0004480 secs] [Times: user=0.00 sys=0.00, real=0.00 secs] 
259.016: Total time for which application threads were stopped: 0.0005490 seconds, Stopping threads took: 0.0000410 seconds
259.054: Application time: 0.0382310 seconds
259.055: [GC [PSYoungGen: 7456K->288K(8192K)] 11605K->4517K(26112K), 0.0004100 secs] [Times: user=0.01 sys=0.00, real=0.00 secs] 
259.055: Total time for which application threads were stopped: 0.0005140 seconds, Stopping threads took: 0.0000410 seconds
259.094: Application time: 0.0388000 seconds
259.094: [GC [PSYoungGen: 7456K->352K(8192K)] 11685K->4581K(26112K), 0.0004450 secs] [Times: user=0.00 sys=0.00, real=0.00 secs] 
259.094: Total time for which application threads were stopped: 0.0005540 seconds, Stopping threads took: 0.0000450 seconds
259.133: Application time: 0.0390510 seconds
259.134: [GC [PSYoungGen: 7520K->352K(8192K)] 11749K->4581K(26112K), 0.0004120 secs] [Times: user=0.00 sys=0.00, real=0.00 secs] 
259.134: Total time for which application threads were stopped: 0.0005160 seconds, Stopping threads took: 0.0000450 seconds
259.173: Application time: 0.0389570 seconds
259.173: [GC [PSYoungGen: 7520K->400K(8192K)] 11749K->4629K(26112K), 0.0004090 secs] [Times: user=0.00 sys=0.00, real=0.00 secs] 
259.173: Total time for which application threads were stopped: 0.0005290 seconds, Stopping threads took: 0.0000550 seconds
259.213: Application time: 0.0391740 seconds
259.213: [GC [PSYoungGen: 7568K->400K(8192K)] 11797K->4630K(26112K), 0.0005080 secs] [Times: user=0.01 sys=0.00, real=0.00 secs] 
259.213: Total time for which application threads were stopped: 0.0006110 seconds, Stopping threads took: 0.0000390 seconds
259.251: Application time: 0.0381990 seconds
259.251: [GC [PSYoungGen: 7568K->480K(8192K)] 11798K->4710K(26112K), 0.0004110 secs] [Times: user=0.00 sys=0.00, real=0.00 secs] 
259.252: Total time for which application threads were stopped: 0.0005080 seconds, Stopping threads took: 0.0000370 seconds
259.292: Application time: 0.0398340 seconds
259.292: [GC [PSYoungGen: 7648K->496K(8192K)] 11878K->4725K(26112K), 0.0004210 secs] [Times: user=0.00 sys=0.00, real=0.00 secs] 
259.292: Total time for which application threads were stopped: 0.0005250 seconds, Stopping threads took: 0.0000430 seconds
259.332: Application time: 0.0393330 seconds
259.332: [GC [PSYoungGen: 7664K->464K(8192K)] 11893K->4694K(26112K), 0.0004610 secs] [Times: user=0.00 sys=0.00, real=0.00 secs] 
259.332: Total time for which application threads were stopped: 0.0005570 seconds, Stopping threads took: 0.0000350 seconds
259.371: Application time: 0.0393110 seconds
259.372: [GC [PSYoungGen: 7632K->528K(8192K)] 11862K->4758K(26112K), 0.0004040 secs] [Times: user=0.01 sys=0.00, real=0.00 secs] 
259.372: Total time for which application threads were stopped: 0.0005050 seconds, Stopping threads took: 0.0000410 seconds
259.411: Application time: 0.0392730 seconds
259.411: [GC [PSYoungGen: 7696K->512K(8192K)] 11926K->4741K(26112K), 0.0004140 secs] [Times: user=0.00 sys=0.00, real=0.00 secs] 
259.412: Total time for which application threads were stopped: 0.0005140 seconds, Stopping threads took: 0.0000420 seconds
259.451: Application time: 0.0392810 seconds
259.451: [GC [PSYoungGen: 7680K->528K(8192K)] 11909K->4757K(26112K), 0.0004470 secs] [Times: user=0.00 sys=0.00, real=0.00 secs] 
259.452: Total time for which application threads were stopped: 0.0005560 seconds, Stopping threads took: 0.0000490 seconds
259.491: Application time: 0.0392830 seconds
259.491: [GC [PSYoungGen: 7696K->512K(8192K)] 11925K->4741K(26112K), 0.0004400 secs] [Times: user=0.00 sys=0.00, real=0.00 secs] 
259.491: Total time for which application threads were stopped: 0.0005570 seconds, Stopping threads took: 0.0000400 seconds
259.531: Application time: 0.0395070 seconds
259.531: [GC [PSYoungGen: 7680K->512K(8192K)] 11909K->4741K(26112K), 0.0004720 secs] [Times: user=0.00 sys=0.00, real=0.00 secs] 
259.532: Total time for which application threads were stopped: 0.0005780 seconds, Stopping threads took: 0.0000440 seconds
259.571: Application time: 0.0395730 seconds
259.571: [GC [PSYoungGen: 7680K->496K(8192K)] 11909K->4725K(26112K), 0.0004640 secs] [Times: user=0.01 sys=0.00, real=0.00 secs] 
259.572: Total time for which application threads were stopped: 0.0005620 seconds, Stopping threads took: 0.0000380 seconds
259.611: Application time: 0.0394490 seconds
259.611: [GC [PSYoungGen: 7664K->448K(8192K)] 11893K->4677K(26112K), 0.0004070 secs] [Times: user=0.00 sys=0.00, real=0.00 secs] 
259.612: Total time for which application threads were stopped: 0.0005080 seconds, Stopping threads took: 0.0000420 seconds
259.651: Application time: 0.0391950 seconds
259.651: [GC [PSYoungGen: 7616K->416K(8192K)] 11845K->4726K(26112K), 0.0004500 secs] [Times: user=0.00 sys=0.00, real=0.00 secs] 
259.651: Total time for which application threads were stopped: 0.0005560 seconds, Stopping threads took: 0.0000440 seconds
259.691: Application time: 0.0393590 seconds
259.691: [GC [PSYoungGen: 7584K->400K(8192K)] 11894K->4766K(26112K), 0.0003890 secs] [Times: user=0.00 sys=0.00, real=0.00 secs] 
259.691: Total time for which application threads were stopped: 0.0004890 seconds, Stopping threads took: 0.0000410 seconds
259.731: Application time: 0.0396520 seconds
259.731: [GC [PSYoungGen: 7568K->336K(8192K)] 11934K->4758K(26112K), 0.0004030 secs] [Times: user=0.00 sys=0.00, real=0.00 secs] 
259.731: Total time for which application threads were stopped: 0.0005000 seconds, Stopping threads took: 0.0000370 seconds
259.771: Application time: 0.0397060 seconds
259.771: [GC [PSYoungGen: 7504K->336K(8192K)] 11926K->4798K(26112K), 0.0003690 secs] [Times: user=0.00 sys=0.00, real=0.00 secs] 
259.772: Total time for which application threads were stopped: 0.0004690 seconds, Stopping threads took: 0.0000410 seconds
259.811: Application time: 0.0392510 seconds
259.811: [GC [PSYoungGen: 7504K->320K(8192K)] 11966K->4830K(26112K), 0.0004180 secs] [Times: user=0.00 sys=0.00, real=0.00 secs] 
259.811: Total time for which application threads were stopped: 0.0005160 seconds, Stopping threads took: 0.0000380 seconds
259.850: Application time: 0.0383080 seconds
259.850: [GC [PSYoungGen: 7488K->288K(8192K)] 11998K->4878K(26112K), 0.0003910 secs] [Times: user=0.00 sys=0.00, real=0.00 secs] 
259.850: Total time for which application threads were stopped: 0.0004970 seconds, Stopping threads took: 0.0000440 seconds
259.889: Application time: 0.0385720 seconds
259.889: [GC [PSYoungGen: 7456K->416K(8192K)] 12046K->5006K(26112K), 0.0003860 secs] [Times: user=0.00 sys=0.00, real=0.01 secs] 
259.889: Total time for which application threads were stopped: 0.0004900 seconds, Stopping threads took: 0.0000430 seconds
259.930: Application time: 0.0409080 seconds
259.930: [GC [PSYoungGen: 7584K->352K(8192K)] 12174K->4942K(26112K), 0.0004130 secs] [Times: user=0.00 sys=0.00, real=0.00 secs] 
259.931: Total time for which application threads were stopped: 0.0005380 seconds, Stopping threads took: 0.0000520 seconds
259.969: Application time: 0.0385820 seconds
259.969: [GC [PSYoungGen: 7520K->352K(8192K)] 12110K->4942K(26112K), 0.0003920 secs] [Times: user=0.00 sys=0.00, real=0.00 secs] 
259.970: Total time for which application threads were stopped: 0.0005000 seconds, Stopping threads took: 0.0000470 seconds
260.008: Application time: 0.0383820 seconds
260.008: [GC [PSYoungGen: 7520K->480K(8192K)] 12110K->5070K(26112K), 0.0004200 secs] [Times: user=0.01 sys=0.00, real=0.00 secs] 
260.009: Total time for which application threads were stopped: 0.0005380 seconds, Stopping threads took: 0.0000430 seconds
260.048: Application time: 0.0392910 seconds
260.048: [GC [PSYoungGen: 7648K->512K(8192K)] 12238K->5102K(26112K), 0.0004580 secs] [Times: user=0.00 sys=0.00, real=0.00 secs] 
260.049: Total time for which application threads were stopped: 0.0005710 seconds, Stopping threads took: 0.0000450 seconds
260.088: Application time: 0.0395170 seconds
260.088: [GC [PSYoungGen: 7680K->480K(8192K)] 12270K->5070K(26112K), 0.0004160 secs] [Times: user=0.00 sys=0.00, real=0.00 secs] 
260.089: Total time for which application threads were stopped: 0.0005180 seconds, Stopping threads took: 0.0000420 seconds
260.128: Application time: 0.0394140 seconds
260.128: [GC [PSYoungGen: 7648K->496K(8192K)] 12238K->5086K(26112K), 0.0004650 secs] [Times: user=0.00 sys=0.00, real=0.00 secs] 
260.129: Total time for which application threads were stopped: 0.0005640 seconds, Stopping threads took: 0.0000390 seconds
260.168: Application time: 0.0394700 seconds
260.168: [GC [PSYoungGen: 7664K->480K(8192K)] 12254K->5070K(26112K), 0.0004000 secs] [Times: user=0.00 sys=0.00, real=0.00 secs] 
260.169: Total time for which application threads were stopped: 0.0005070 seconds, Stopping threads took: 0.0000470 seconds
260.208: Application time: 0.0391730 seconds
260.208: [GC [PSYoungGen: 7648K->480K(8192K)] 12238K->5070K(26112K), 0.0004520 secs] [Times: user=0.00 sys=0.00, real=0.00 secs] 
260.208: Total time for which application threads were stopped: 0.0005590 seconds, Stopping threads took: 0.0000450 seconds
260.247: Application time: 0.0391870 seconds
260.248: [GC [PSYoungGen: 7648K->544K(8192K)] 12238K->5134K(26112K), 0.0004310 secs] [Times: user=0.00 sys=0.00, real=0.00 secs] 
260.248: Total time for which application threads were stopped: 0.0005430 seconds, Stopping threads took: 0.0000500 seconds
260.287: Application time: 0.0393100 seconds
260.287: [GC [PSYoungGen: 7712K->496K(8192K)] 12302K->5086K(26112K), 0.0004220 secs] [Times: user=0.00 sys=0.00, real=0.00 secs] 
260.288: Total time for which application threads were stopped: 0.0005270 seconds, Stopping threads took: 0.0000440 seconds
260.328: Application time: 0.0397880 seconds
260.328: [GC [PSYoungGen: 7664K->528K(8192K)] 12254K->5118K(26112K), 0.0004450 secs] [Times: user=0.00 sys=0.00, real=0.00 secs] 
260.328: Total time for which application threads were stopped: 0.0005450 seconds, Stopping threads took: 0.0000410 seconds
260.367: Application time: 0.0392190 seconds
260.367: [GC [PSYoungGen: 7696K->464K(8192K)] 12286K->5054K(26112K), 0.0004720 secs] [Times: user=0.00 sys=0.00, real=0.00 secs] 
260.368: Total time for which application threads were stopped: 0.0005700 seconds, Stopping threads took: 0.0000370 seconds
260.407: Application time: 0.0391510 seconds
260.407: [GC [PSYoungGen: 7632K->496K(8192K)] 12222K->5086K(26112K), 0.0004470 secs] [Times: user=0.01 sys=0.00, real=0.00 secs] 
260.408: Total time for which application threads were stopped: 0.0005540 seconds, Stopping threads took: 0.0000440 seconds
260.447: Application time: 0.0393620 seconds
260.447: [GC [PSYoungGen: 7664K->432K(8192K)] 12254K->5118K(26112K), 0.0004300 secs] [Times: user=0.00 sys=0.00, real=0.00 secs] 
260.448: Total time for which application threads were stopped: 0.0005460 seconds, Stopping threads took: 0.0000510 seconds
260.487: Application time: 0.0392180 seconds
260.487: [GC [PSYoungGen: 7600K->336K(8192K)] 12286K->5126K(26112K), 0.0003860 secs] [Times: user=0.00 sys=0.00, real=0.00 secs] 
260.487: Total time for which application threads were stopped: 0.0005000 seconds, Stopping threads took: 0.0000520 seconds
260.527: Application time: 0.0396370 seconds
260.527: [GC [PSYoungGen: 7504K->352K(8192K)] 12294K->5142K(26112K), 0.0004160 secs] [Times: user=0.00 sys=0.00, real=0.00 secs] 
260.527: Total time for which application threads were stopped: 0.0005300 seconds, Stopping threads took: 0.0000450 seconds
260.567: Application time: 0.0397270 seconds
260.567: [GC [PSYoungGen: 7520K->304K(8192K)] 12310K->5142K(26112K), 0.0003870 secs] [Times: user=0.00 sys=0.00, real=0.00 secs] 
260.568: Total time for which application threads were stopped: 0.0004870 seconds, Stopping threads took: 0.0000430 seconds
260.606: Application time: 0.0387110 seconds
260.607: [GC [PSYoungGen: 7472K->272K(8192K)] 12310K->5246K(26112K), 0.0003990 secs] [Times: user=0.01 sys=0.00, real=0.00 secs] 
260.607: Total time for which application threads were stopped: 0.0005060 seconds, Stopping threads took: 0.0000440 seconds
260.646: Application time: 0.0388420 seconds
260.646: [GC [PSYoungGen: 7440K->288K(8192K)] 12414K->5262K(26112K), 0.0004030 secs] [Times: user=0.00 sys=0.00, real=0.00 secs] 
260.646: Total time for which application threads were stopped: 0.0005080 seconds, Stopping threads took: 0.0000450 seconds
260.685: Application time: 0.0384260 seconds
260.685: [GC [PSYoungGen: 7456K->384K(8192K)] 12430K->5358K(26112K), 0.0003870 secs] [Times: user=0.00 sys=0.00, real=0.00 secs] 
260.685: Total time for which application threads were stopped: 0.0004930 seconds, Stopping threads took: 0.0000460 seconds
260.725: Application time: 0.0394950 seconds
260.725: [GC [PSYoungGen: 7552K->384K(8192K)] 12526K->5358K(26112K), 0.0004390 secs] [Times: user=0.00 sys=0.00, real=0.00 secs] 
260.725: Total time for which application threads were stopped: 0.0005350 seconds, Stopping threads took: 0.0000380 seconds
260.764: Application time: 0.0390330 seconds
260.764: [GC [PSYoungGen: 7552K->400K(8192K)] 12526K->5374K(26112K), 0.0003810 secs] [Times: user=0.00 sys=0.00, real=0.00 secs] 
260.765: Total time for which application threads were stopped: 0.0004870 seconds, Stopping threads took: 0.0000450 seconds
260.803: Application time: 0.0379110 seconds
260.803: [GC [PSYoungGen: 7568K->464K(8192K)] 12542K->5438K(26112K), 0.0004140 secs] [Times: user=0.00 sys=0.00, real=0.00 secs] 
260.803: Total time for which application threads were stopped: 0.0005190 seconds, Stopping threads took: 0.0000430 seconds
260.842: Application time: 0.0392350 seconds
260.842: [GC [PSYoungGen: 7632K->512K(8192K)] 12606K->5486K(26112K), 0.0004930 secs] [Times: user=0.00 sys=0.00, real=0.00 secs] 
260.844: Total time for which application threads were stopped: 0.0016650 seconds, Stopping threads took: 0.0000390 seconds
260.884: Application time: 0.0398650 seconds
260.884: [GC [PSYoungGen: 7680K->464K(8192K)] 12654K->5438K(26112K), 0.0004330 secs] [Times: user=0.00 sys=0.00, real=0.00 secs] 
260.884: Total time for which application threads were stopped: 0.0005380 seconds, Stopping threads took: 0.0000410 seconds
260.924: Application time: 0.0397710 seconds
260.924: [GC [PSYoungGen: 7632K->496K(8192K)] 12606K->5470K(26112K), 0.0004690 secs] [Times: user=0.01 sys=0.00, real=0.00 secs] 
260.925: Total time for which application threads were stopped: 0.0005900 seconds, Stopping threads took: 0.0000520 seconds
260.964: Application time: 0.0393690 seconds
260.964: [GC [PSYoungGen: 7664K->464K(8192K)] 12638K->5438K(26112K), 0.0004190 secs] [Times: user=0.00 sys=0.00, real=0.00 secs] 
260.965: Total time for which application threads were stopped: 0.0005200 seconds, Stopping threads took: 0.0000400 seconds
261.004: Application time: 0.0397240 seconds
261.005: [GC [PSYoungGen: 7632K->480K(8192K)] 12606K->5454K(26112K), 0.0004080 secs] [Times: user=0.00 sys=0.00, real=0.00 secs] 
261.005: Total time for which application threads were stopped: 0.0005150 seconds, Stopping threads took: 0.0000460 seconds
261.044: Application time: 0.0392130 seconds
261.044: [GC [PSYoungGen: 7648K->448K(8192K)] 12622K->5422K(26112K), 0.0004560 secs] [Times: user=0.00 sys=0.00, real=0.00 secs] 
261.045: Total time for which application threads were stopped: 0.0005770 seconds, Stopping threads took: 0.0000500 seconds
261.084: Application time: 0.0391700 seconds
261.084: [GC [PSYoungGen: 7616K->496K(8192K)] 12590K->5470K(26112K), 0.0004080 secs] [Times: user=0.00 sys=0.00, real=0.00 secs] 
261.084: Total time for which application threads were stopped: 0.0005110 seconds, Stopping threads took: 0.0000410 seconds
261.124: Application time: 0.0392310 seconds
261.124: [GC [PSYoungGen: 7664K->512K(8192K)] 12638K->5486K(26112K), 0.0004510 secs] [Times: user=0.00 sys=0.00, real=0.00 secs] 
261.124: Total time for which application threads were stopped: 0.0005580 seconds, Stopping threads took: 0.0000460 seconds
261.164: Application time: 0.0393860 seconds
261.164: [GC [PSYoungGen: 7680K->528K(8192K)] 12654K->5502K(26112K), 0.0004960 secs] [Times: user=0.01 sys=0.00, real=0.00 secs] 
261.164: Total time for which application threads were stopped: 0.0006080 seconds, Stopping threads took: 0.0000490 seconds
261.204: Application time: 0.0392760 seconds
261.205: [GC [PSYoungGen: 7696K->432K(8192K)] 12670K->5462K(26112K), 0.0005920 secs] [Times: user=0.00 sys=0.00, real=0.00 secs] 
261.206: Total time for which application threads were stopped: 0.0021940 seconds, Stopping threads took: 0.0015380 seconds
261.245: Application time: 0.0393470 seconds
261.245: [GC [PSYoungGen: 7600K->416K(8192K)] 12630K->5494K(26112K), 0.0004180 secs] [Times: user=0.01 sys=0.00, real=0.00 secs] 
261.246: Total time for which application threads were stopped: 0.0005240 seconds, Stopping threads took: 0.0000500 seconds
261.285: Application time: 0.0395260 seconds
261.285: [GC [PSYoungGen: 7584K->384K(8192K)] 12662K->5542K(26112K), 0.0004440 secs] [Times: user=0.00 sys=0.00, real=0.00 secs] 
261.286: Total time for which application threads were stopped: 0.0005510 seconds, Stopping threads took: 0.0000490 seconds
261.325: Application time: 0.0394480 seconds
261.325: [GC [PSYoungGen: 7552K->336K(8192K)] 12710K->5494K(26112K), 0.0003750 secs] [Times: user=0.00 sys=0.00, real=0.00 secs] 
261.326: Total time for which application threads were stopped: 0.0004840 seconds, Stopping threads took: 0.0000490 seconds
261.365: Application time: 0.0397340 seconds
261.365: [GC [PSYoungGen: 7504K->304K(8192K)] 12662K->5502K(26112K), 0.0003880 secs] [Times: user=0.00 sys=0.00, real=0.00 secs] 
261.366: Total time for which application threads were stopped: 0.0004880 seconds, Stopping threads took: 0.0000400 seconds
261.405: Application time: 0.0391050 seconds
261.405: [GC [PSYoungGen: 7472K->272K(8192K)] 12670K->5590K(26112K), 0.0003810 secs] [Times: user=0.00 sys=0.00, real=0.00 secs] 
261.405: Total time for which application threads were stopped: 0.0004840 seconds, Stopping threads took: 0.0000370 seconds
261.444: Application time: 0.0384170 seconds
261.444: [GC [PSYoungGen: 7440K->304K(8192K)] 12758K->5622K(26112K), 0.0004810 secs] [Times: user=0.00 sys=0.00, real=0.00 secs] 
261.444: Total time for which application threads were stopped: 0.0005910 seconds, Stopping threads took: 0.0000470 seconds
261.483: Application time: 0.0388070 seconds
261.483: [GC [PSYoungGen: 7472K->384K(8192K)] 12790K->5702K(26112K), 0.0003920 secs] [Times: user=0.00 sys=0.00, real=0.00 secs] 
261.484: Total time for which application threads were stopped: 0.0004940 seconds, Stopping threads took: 0.0000410 seconds
261.523: Application time: 0.0387770 seconds
261.523: [GC [PSYoungGen: 7552K->400K(8192K)] 12870K->5718K(26112K), 0.0004310 secs] [Times: user=0.01 sys=0.00, real=0.00 secs] 
261.523: Total time for which application threads were stopped: 0.0005440 seconds, Stopping threads took: 0.0000500 seconds
261.562: Application time: 0.0392420 seconds
261.562: [GC [PSYoungGen: 7568K->432K(8192K)] 12886K->5750K(26112K), 0.0004570 secs] [Times: user=0.01 sys=0.00, real=0.00 secs] 
261.563: Total time for which application threads were stopped: 0.0005720 seconds, Stopping threads took: 0.0000420 seconds
261.601: Application time: 0.0382330 seconds
261.601: [GC [PSYoungGen: 7600K->464K(8192K)] 12918K->5782K(26112K), 0.0004210 secs] [Times: user=0.01 sys=0.00, real=0.00 secs] 
261.602: Total time for which application threads were stopped: 0.0005240 seconds, Stopping threads took: 0.0000440 seconds
261.641: Application time: 0.0397450 seconds
261.641: [GC [PSYoungGen: 7632K->464K(8192K)] 12950K->5782K(26112K), 0.0004610 secs] [Times: user=0.00 sys=0.00, real=0.00 secs] 
261.642: Total time for which application threads were stopped: 0.0005670 seconds, Stopping threads took: 0.0000460 seconds
261.681: Application time: 0.0393460 seconds
261.681: [GC [PSYoungGen: 7632K->512K(8192K)] 12950K->5830K(26112K), 0.0004260 secs] [Times: user=0.00 sys=0.00, real=0.00 secs] 
261.682: Total time for which application threads were stopped: 0.0005330 seconds, Stopping threads took: 0.0000400 seconds
261.721: Application time: 0.0395650 seconds
261.721: [GC [PSYoungGen: 7680K->528K(8192K)] 12998K->5846K(26112K), 0.0004100 secs] [Times: user=0.01 sys=0.00, real=0.00 secs] 
261.722: Total time for which application threads were stopped: 0.0005170 seconds, Stopping threads took: 0.0000450 seconds
261.761: Application time: 0.0395110 seconds
261.762: [GC [PSYoungGen: 7696K->512K(8192K)] 13014K->5830K(26112K), 0.0004210 secs] [Times: user=0.00 sys=0.00, real=0.00 secs] 
261.762: Total time for which application threads were stopped: 0.0005250 seconds, Stopping threads took: 0.0000440 seconds
261.801: Application time: 0.0394700 seconds
261.802: [GC [PSYoungGen: 7680K->544K(8192K)] 12998K->5862K(26112K), 0.0004180 secs] [Times: user=0.00 sys=0.00, real=0.00 secs] 
261.802: Total time for which application threads were stopped: 0.0005190 seconds, Stopping threads took: 0.0000400 seconds
261.841: Application time: 0.0391680 seconds
261.841: [GC [PSYoungGen: 7712K->480K(8192K)] 13030K->5798K(26112K), 0.0004560 secs] [Times: user=0.00 sys=0.00, real=0.00 secs] 
261.842: Total time for which application threads were stopped: 0.0005600 seconds, Stopping threads took: 0.0000410 seconds
261.881: Application time: 0.0394250 seconds
261.881: [GC [PSYoungGen: 7648K->480K(8192K)] 12966K->5798K(26112K), 0.0004200 secs] [Times: user=0.01 sys=0.00, real=0.00 secs] 
261.882: Total time for which application threads were stopped: 0.0005190 seconds, Stopping threads took: 0.0000400 seconds
261.921: Application time: 0.0393810 seconds
261.921: [GC [PSYoungGen: 7648K->512K(8192K)] 12966K->5830K(26112K), 0.0004370 secs] [Times: user=0.00 sys=0.00, real=0.00 secs] 
261.922: Total time for which application threads were stopped: 0.0005590 seconds, Stopping threads took: 0.0000510 seconds
261.961: Application time: 0.0390650 seconds
261.961: [GC [PSYoungGen: 7680K->464K(8192K)] 12998K->5782K(26112K), 0.0004630 secs] [Times: user=0.00 sys=0.00, real=0.01 secs] 
261.961: Total time for which application threads were stopped: 0.0005750 seconds, Stopping threads took: 0.0000480 seconds
262.001: Application time: 0.0394530 seconds
262.001: [GC [PSYoungGen: 7632K->496K(8192K)] 12950K->5862K(26112K), 0.0004230 secs] [Times: user=0.00 sys=0.00, real=0.01 secs] 
262.001: Total time for which application threads were stopped: 0.0005220 seconds, Stopping threads took: 0.0000410 seconds
262.041: Application time: 0.0397860 seconds
262.041: [GC [PSYoungGen: 7664K->400K(8192K)] 13030K->5862K(26112K), 0.0004010 secs] [Times: user=0.00 sys=0.00, real=0.00 secs] 
262.041: Total time for which application threads were stopped: 0.0005060 seconds, Stopping threads took: 0.0000460 seconds
262.081: Application time: 0.0392680 seconds
262.081: [GC [PSYoungGen: 7568K->320K(8192K)] 13030K->5830K(26112K), 0.0004100 secs] [Times: user=0.00 sys=0.00, real=0.01 secs] 
262.081: Total time for which application threads were stopped: 0.0005260 seconds, Stopping threads took: 0.0000470 seconds
262.121: Application time: 0.0394390 seconds
262.121: [GC [PSYoungGen: 7488K->336K(8192K)] 12998K->5894K(26112K), 0.0003780 secs] [Times: user=0.00 sys=0.00, real=0.01 secs] 
262.121: Total time for which application threads were stopped: 0.0004820 seconds, Stopping threads took: 0.0000430 seconds
262.161: Application time: 0.0394630 seconds
262.161: [GC [PSYoungGen: 7504K->320K(8192K)] 13062K->5918K(26112K), 0.0003710 secs] [Times: user=0.00 sys=0.00, real=0.01 secs] 
262.161: Total time for which application threads were stopped: 0.0004690 seconds, Stopping threads took: 0.0000420 seconds
262.200: Application time: 0.0384790 seconds
262.200: [GC [PSYoungGen: 7488K->288K(8192K)] 13086K->5982K(26112K), 0.0003700 secs] [Times: user=0.00 sys=0.00, real=0.00 secs] 
262.200: Total time for which application threads were stopped: 0.0004800 seconds, Stopping threads took: 0.0000470 seconds
262.239: Application time: 0.0385330 seconds
262.239: [GC [PSYoungGen: 7456K->384K(8192K)] 13150K->6078K(26112K), 0.0003920 secs] [Times: user=0.00 sys=0.00, real=0.00 secs] 
262.239: Total time for which application threads were stopped: 0.0005000 seconds, Stopping threads took: 0.0000470 seconds
262.279: Application time: 0.0395680 seconds
262.279: [GC [PSYoungGen: 7552K->352K(8192K)] 13246K->6046K(26112K), 0.0004520 secs] [Times: user=0.00 sys=0.00, real=0.00 secs] 
262.279: Total time for which application threads were stopped: 0.0005480 seconds, Stopping threads took: 0.0000370 seconds
262.318: Application time: 0.0390070 seconds
262.318: [GC [PSYoungGen: 7520K->384K(8192K)] 13214K->6078K(26112K), 0.0004260 secs] [Times: user=0.00 sys=0.00, real=0.00 secs] 
262.319: Total time for which application threads were stopped: 0.0005300 seconds, Stopping threads took: 0.0000430 seconds
262.357: Application time: 0.0382230 seconds
262.357: [GC [PSYoungGen: 7552K->464K(8192K)] 13246K->6158K(26112K), 0.0004140 secs] [Times: user=0.00 sys=0.00, real=0.00 secs] 
262.358: Total time for which application threads were stopped: 0.0005250 seconds, Stopping threads took: 0.0000490 seconds
262.397: Application time: 0.0390740 seconds
262.397: [GC [PSYoungGen: 7632K->512K(8192K)] 13326K->6207K(26112K), 0.0004260 secs] [Times: user=0.00 sys=0.00, real=0.00 secs] 
262.397: Total time for which application threads were stopped: 0.0005280 seconds, Stopping threads took: 0.0000410 seconds
262.437: Application time: 0.0394180 seconds
262.437: [GC [PSYoungGen: 7680K->528K(8192K)] 13375K->6222K(26112K), 0.0004230 secs] [Times: user=0.00 sys=0.00, real=0.00 secs] 
262.437: Total time for which application threads were stopped: 0.0005360 seconds, Stopping threads took: 0.0000520 seconds
262.477: Application time: 0.0395180 seconds
262.477: [GC [PSYoungGen: 7696K->496K(8192K)] 13390K->6190K(26112K), 0.0004220 secs] [Times: user=0.00 sys=0.00, real=0.00 secs] 
262.477: Total time for which application threads were stopped: 0.0005270 seconds, Stopping threads took: 0.0000430 seconds
262.517: Application time: 0.0395540 seconds
262.517: [GC [PSYoungGen: 7664K->528K(8192K)] 13358K->6222K(26112K), 0.0004340 secs] [Times: user=0.00 sys=0.00, real=0.00 secs] 
262.517: Total time for which application threads were stopped: 0.0005310 seconds, Stopping threads took: 0.0000370 seconds
262.556: Application time: 0.0391820 seconds
262.557: [GC [PSYoungGen: 7696K->496K(8192K)] 13390K->6191K(26112K), 0.0004160 secs] [Times: user=0.00 sys=0.00, real=0.00 secs] 
262.558: Total time for which application threads were stopped: 0.0010910 seconds, Stopping threads took: 0.0006110 seconds
262.597: Application time: 0.0391540 seconds
262.597: [GC [PSYoungGen: 7664K->512K(8192K)] 13359K->6206K(26112K), 0.0004280 secs] [Times: user=0.00 sys=0.00, real=0.00 secs] 
262.597: Total time for which application threads were stopped: 0.0005500 seconds, Stopping threads took: 0.0000520 seconds
262.636: Application time: 0.0391430 seconds
262.636: [GC [PSYoungGen: 7680K->480K(8192K)] 13374K->6174K(26112K), 0.0004160 secs] [Times: user=0.00 sys=0.00, real=0.00 secs] 
262.637: Total time for which application threads were stopped: 0.0005250 seconds, Stopping threads took: 0.0000480 seconds
262.677: Application time: 0.0396690 seconds
262.677: [GC [PSYoungGen: 7648K->528K(8192K)] 13342K->6222K(26112K), 0.0005340 secs] [Times: user=0.00 sys=0.00, real=0.00 secs] 
262.677: Total time for which application threads were stopped: 0.0006400 seconds, Stopping threads took: 0.0000440 seconds
262.716: Application time: 0.0391750 seconds
262.716: [GC [PSYoungGen: 7696K->496K(8192K)] 13390K->6190K(26112K), 0.0004540 secs] [Times: user=0.01 sys=0.00, real=0.00 secs] 
262.717: Total time for which application threads were stopped: 0.0005630 seconds, Stopping threads took: 0.0000470 seconds
262.757: Application time: 0.0400260 seconds
262.761: [GC [PSYoungGen: 7664K->432K(8192K)] 13358K->6127K(26112K), 0.0004170 secs] [Times: user=0.00 sys=0.00, real=0.00 secs] 
262.762: Total time for which application threads were stopped: 0.0045560 seconds, Stopping threads took: 0.0040750 seconds
262.801: Application time: 0.0391330 seconds
262.801: [GC [PSYoungGen: 7600K->416K(8192K)] 13295K->6207K(26112K), 0.0004330 secs] [Times: user=0.00 sys=0.00, real=0.01 secs] 
262.801: Total time for which application threads were stopped: 0.0005400 seconds, Stopping threads took: 0.0000460 seconds
262.840: Application time: 0.0392660 seconds
262.841: [GC [PSYoungGen: 7584K->384K(8192K)] 13375K->6263K(26112K), 0.0004140 secs] [Times: user=0.00 sys=0.00, real=0.00 secs] 
262.841: Total time for which application threads were stopped: 0.0005060 seconds, Stopping threads took: 0.0000310 seconds
262.880: Application time: 0.0392430 seconds
262.880: [GC [PSYoungGen: 7552K->384K(8192K)] 13431K->6263K(26112K), 0.0003760 secs] [Times: user=0.00 sys=0.00, real=0.00 secs] 
262.881: Total time for which application threads were stopped: 0.0004780 seconds, Stopping threads took: 0.0000430 seconds
262.921: Application time: 0.0401640 seconds
262.921: [GC [PSYoungGen: 7552K->304K(8192K)] 13431K->6239K(26112K), 0.0005060 secs] [Times: user=0.00 sys=0.00, real=0.01 secs] 
262.922: Total time for which application threads were stopped: 0.0006270 seconds, Stopping threads took: 0.0000510 seconds
262.961: Application time: 0.0393320 seconds
262.969: [GC [PSYoungGen: 7472K->272K(8192K)] 13407K->6287K(26112K), 0.0004230 secs] [Times: user=0.00 sys=0.00, real=0.01 secs] 
262.969: Total time for which application threads were stopped: 0.0085280 seconds, Stopping threads took: 0.0080470 seconds
263.008: Application time: 0.0384600 seconds
263.008: [GC [PSYoungGen: 7440K->288K(8192K)] 13455K->6359K(26112K), 0.0003820 secs] [Times: user=0.00 sys=0.00, real=0.00 secs] 
263.008: Total time for which application threads were stopped: 0.0004890 seconds, Stopping threads took: 0.0000460 seconds
263.047: Application time: 0.0383450 seconds
263.047: [GC [PSYoungGen: 7456K->320K(8192K)] 13527K->6391K(26112K), 0.0004070 secs] [Times: user=0.00 sys=0.00, real=0.00 secs] 
263.047: Total time for which application threads were stopped: 0.0005040 seconds, Stopping threads took: 0.0000350 seconds
263.087: Application time: 0.0394330 seconds
263.087: [GC [PSYoungGen: 7488K->352K(8192K)] 13559K->6423K(26112K), 0.0003730 secs] [Times: user=0.00 sys=0.00, real=0.00 secs] 
263.087: Total time for which application threads were stopped: 0.0004810 seconds, Stopping threads took: 0.0000480 seconds
263.126: Application time: 0.0389290 seconds
263.129: [GC [PSYoungGen: 7520K->400K(8192K)] 13591K->6471K(26112K), 0.0004310 secs] [Times: user=0.00 sys=0.00, real=0.00 secs] 
263.130: Total time for which application threads were stopped: 0.0035390 seconds, Stopping threads took: 0.0030350 seconds
263.168: Application time: 0.0380670 seconds
263.168: [GC [PSYoungGen: 7568K->512K(8192K)] 13639K->6583K(26112K), 0.0004530 secs] [Times: user=0.00 sys=0.00, real=0.00 secs] 
263.168: Total time for which application threads were stopped: 0.0005570 seconds, Stopping threads took: 0.0000410 seconds
263.208: Application time: 0.0398430 seconds
263.209: [GC [PSYoungGen: 7680K->528K(8192K)] 13751K->6599K(26112K), 0.0004300 secs] [Times: user=0.00 sys=0.00, real=0.00 secs] 
263.210: Total time for which application threads were stopped: 0.0015100 seconds, Stopping threads took: 0.0010170 seconds
263.249: Application time: 0.0394600 seconds
263.249: [GC [PSYoungGen: 7696K->512K(8192K)] 13767K->6583K(26112K), 0.0004710 secs] [Times: user=0.00 sys=0.00, real=0.00 secs] 
263.250: Total time for which application threads were stopped: 0.0005830 seconds, Stopping threads took: 0.0000520 seconds
263.289: Application time: 0.0392440 seconds
263.289: [GC [PSYoungGen: 7680K->480K(8192K)] 13751K->6551K(26112K), 0.0004220 secs] [Times: user=0.00 sys=0.00, real=0.01 secs] 
263.289: Total time for which application threads were stopped: 0.0005260 seconds, Stopping threads took: 0.0000420 seconds
263.329: Application time: 0.0392760 seconds
263.329: [GC [PSYoungGen: 7648K->464K(8192K)] 13719K->6535K(26112K), 0.0004250 secs] [Times: user=0.00 sys=0.00, real=0.01 secs] 
263.329: Total time for which application threads were stopped: 0.0005410 seconds, Stopping threads took: 0.0000430 seconds
263.369: Application time: 0.0398410 seconds
263.369: [GC [PSYoungGen: 7632K->464K(8192K)] 13703K->6535K(26112K), 0.0004400 secs] [Times: user=0.01 sys=0.00, real=0.00 secs] 
263.370: Total time for which application threads were stopped: 0.0005450 seconds, Stopping threads took: 0.0000440 seconds
263.409: Application time: 0.0392400 seconds
263.409: [GC [PSYoungGen: 7632K->528K(8192K)] 13703K->6599K(26112K), 0.0004220 secs] [Times: user=0.00 sys=0.00, real=0.01 secs] 
263.409: Total time for which application threads were stopped: 0.0005230 seconds, Stopping threads took: 0.0000390 seconds
263.448: Application time: 0.0391720 seconds
263.449: [GC [PSYoungGen: 7696K->544K(8192K)] 13767K->6615K(26112K), 0.0004050 secs] [Times: user=0.00 sys=0.00, real=0.00 secs] 
263.449: Total time for which application threads were stopped: 0.0005190 seconds, Stopping threads took: 0.0000500 seconds
263.488: Application time: 0.0394780 seconds
263.489: [GC [PSYoungGen: 7712K->480K(8192K)] 13783K->6551K(26112K), 0.0004840 secs] [Times: user=0.00 sys=0.00, real=0.01 secs] 
263.489: Total time for which application threads were stopped: 0.0005860 seconds, Stopping threads took: 0.0000400 seconds
263.528: Application time: 0.0393760 seconds
263.529: [GC [PSYoungGen: 7648K->496K(8192K)] 13719K->6567K(26112K), 0.0004120 secs] [Times: user=0.00 sys=0.00, real=0.00 secs] 
263.529: Total time for which application threads were stopped: 0.0005220 seconds, Stopping threads took: 0.0000470 seconds
263.568: Application time: 0.0392500 seconds
263.568: [GC [PSYoungGen: 7664K->512K(8192K)] 13735K->6583K(26112K), 0.0004020 secs] [Times: user=0.00 sys=0.00, real=0.00 secs] 
263.569: Total time for which application threads were stopped: 0.0005100 seconds, Stopping threads took: 0.0000470 seconds
263.608: Application time: 0.0396740 seconds
263.609: [GC [PSYoungGen: 7680K->432K(8192K)] 13751K->6599K(26112K), 0.0004510 secs] [Times: user=0.00 sys=0.00, real=0.00 secs] 
263.609: Total time for which application threads were stopped: 0.0005560 seconds, Stopping threads took: 0.0000420 seconds
263.649: Application time: 0.0396850 seconds
263.649: [GC [PSYoungGen: 7600K->320K(8192K)] 13767K->6567K(26112K), 0.0004120 secs] [Times: user=0.00 sys=0.00, real=0.01 secs] 
263.649: Total time for which application threads were stopped: 0.0005340 seconds, Stopping threads took: 0.0000520 seconds
263.688: Application time: 0.0392570 seconds
263.689: [GC [PSYoungGen: 7488K->368K(8192K)] 13735K->6615K(26112K), 0.0004410 secs] [Times: user=0.00 sys=0.00, real=0.00 secs] 
263.690: Total time for which application threads were stopped: 0.0010800 seconds, Stopping threads took: 0.0005800 seconds
263.729: Application time: 0.0396720 seconds
263.729: [GC [PSYoungGen: 7536K->336K(8192K)] 13783K->6623K(26112K), 0.0004060 secs] [Times: user=0.00 sys=0.00, real=0.00 secs] 
263.730: Total time for which application threads were stopped: 0.0005080 seconds, Stopping threads took: 0.0000420 seconds
263.768: Application time: 0.0384850 seconds
263.768: [GC [PSYoungGen: 7504K->288K(8192K)] 13791K->6707K(26112K), 0.0004370 secs] [Times: user=0.00 sys=0.00, real=0.00 secs] 
263.769: Total time for which application threads were stopped: 0.0005600 seconds, Stopping threads took: 0.0000590 seconds
263.808: Application time: 0.0392690 seconds
263.808: [GC [PSYoungGen: 7456K->272K(8192K)] 13875K->6691K(26112K), 0.0004050 secs] [Times: user=0.00 sys=0.00, real=0.00 secs] 
263.809: Total time for which application threads were stopped: 0.0005100 seconds, Stopping threads took: 0.0000440 seconds
263.847: Application time: 0.0385230 seconds
263.847: [GC [PSYoungGen: 7440K->352K(8192K)] 13859K->6771K(26112K), 0.0003830 secs] [Times: user=0.00 sys=0.00, real=0.00 secs] 
263.848: Total time for which application threads were stopped: 0.0004970 seconds, Stopping threads took: 0.0000510 seconds
263.887: Application time: 0.0390010 seconds
263.887: [GC [PSYoungGen: 7520K->400K(8192K)] 13939K->6819K(26112K), 0.0003960 secs] [Times: user=0.00 sys=0.00, real=0.00 secs] 
263.887: Total time for which application threads were stopped: 0.0004970 seconds, Stopping threads took: 0.0000390 seconds
263.926: Application time: 0.0387750 seconds
263.926: [GC [PSYoungGen: 7568K->448K(8192K)] 13987K->6867K(26112K), 0.0004440 secs] [Times: user=0.00 sys=0.00, real=0.00 secs] 
263.926: Total time for which application threads were stopped: 0.0005690 seconds, Stopping threads took: 0.0000540 seconds
263.965: Application time: 0.0388480 seconds
263.965: [GC [PSYoungGen: 7616K->512K(8192K)] 14035K->6931K(26112K), 0.0004320 secs] [Times: user=0.00 sys=0.00, real=0.00 secs] 
263.966: Total time for which application threads were stopped: 0.0005340 seconds, Stopping threads took: 0.0000420 seconds
264.005: Application time: 0.0396430 seconds
264.006: [GC [PSYoungGen: 7680K->528K(8192K)] 14099K->6947K(26112K), 0.0004560 secs] [Times: user=0.01 sys=0.00, real=0.00 secs] 
264.006: Total time for which application threads were stopped: 0.0005570 seconds, Stopping threads took: 0.0000400 seconds
264.045: Application time: 0.0393210 seconds
264.045: [GC [PSYoungGen: 7696K->496K(8192K)] 14115K->6915K(26112K), 0.0004170 secs] [Times: user=0.00 sys=0.00, real=0.00 secs] 
264.046: Total time for which application threads were stopped: 0.0005230 seconds, Stopping threads took: 0.0000460 seconds
264.086: Application time: 0.0398450 seconds
264.086: [GC [PSYoungGen: 7664K->512K(8192K)] 14083K->6931K(26112K), 0.0004150 secs] [Times: user=0.01 sys=0.00, real=0.00 secs] 
264.086: Total time for which application threads were stopped: 0.0005180 seconds, Stopping threads took: 0.0000420 seconds
264.126: Application time: 0.0394260 seconds
264.126: [GC [PSYoungGen: 7680K->496K(8192K)] 14099K->6915K(26112K), 0.0004240 secs] [Times: user=0.00 sys=0.00, real=0.00 secs] 
264.126: Total time for which application threads were stopped: 0.0005210 seconds, Stopping threads took: 0.0000390 seconds
264.166: Application time: 0.0398680 seconds
264.166: [GC [PSYoungGen: 7664K->496K(8192K)] 14083K->6915K(26112K), 0.0004090 secs] [Times: user=0.00 sys=0.00, real=0.00 secs] 
264.167: Total time for which application threads were stopped: 0.0005220 seconds, Stopping threads took: 0.0000420 seconds
264.206: Application time: 0.0392370 seconds
264.206: [GC [PSYoungGen: 7664K->464K(8192K)] 14083K->6883K(26112K), 0.0004370 secs] [Times: user=0.00 sys=0.00, real=0.00 secs] 
264.206: Total time for which application threads were stopped: 0.0005370 seconds, Stopping threads took: 0.0000400 seconds
264.246: Application time: 0.0393040 seconds
264.246: [GC [PSYoungGen: 7632K->464K(8192K)] 14051K->6883K(26112K), 0.0004120 secs] [Times: user=0.00 sys=0.00, real=0.00 secs] 
264.246: Total time for which application threads were stopped: 0.0005250 seconds, Stopping threads took: 0.0000480 seconds
264.285: Application time: 0.0392530 seconds
264.286: [GC [PSYoungGen: 7632K->448K(8192K)] 14051K->6867K(26112K), 0.0004260 secs] [Times: user=0.00 sys=0.00, real=0.00 secs] 
264.286: Total time for which application threads were stopped: 0.0005320 seconds, Stopping threads took: 0.0000450 seconds
264.325: Application time: 0.0393060 seconds
264.325: [GC [PSYoungGen: 7616K->512K(8192K)] 14035K->6931K(26112K), 0.0004170 secs] [Times: user=0.00 sys=0.00, real=0.00 secs] 
264.326: Total time for which application threads were stopped: 0.0005120 seconds, Stopping threads took: 0.0000350 seconds
264.365: Application time: 0.0392500 seconds
264.365: [GC [PSYoungGen: 7680K->416K(8192K)] 14099K->6923K(26112K), 0.0004280 secs] [Times: user=0.00 sys=0.00, real=0.00 secs] 
264.366: Total time for which application threads were stopped: 0.0005310 seconds, Stopping threads took: 0.0000430 seconds
264.405: Application time: 0.0398960 seconds
264.406: [GC [PSYoungGen: 7584K->400K(8192K)] 14091K->6907K(26112K), 0.0004270 secs] [Times: user=0.00 sys=0.00, real=0.00 secs] 
264.406: Total time for which application threads were stopped: 0.0005260 seconds, Stopping threads took: 0.0000390 seconds
264.445: Application time: 0.0392800 seconds
264.445: [GC [PSYoungGen: 7568K->352K(8192K)] 14075K->6955K(26112K), 0.0004260 secs] [Times: user=0.00 sys=0.00, real=0.00 secs] 
264.446: Total time for which application threads were stopped: 0.0005340 seconds, Stopping threads took: 0.0000480 seconds
264.485: Application time: 0.0395780 seconds
264.485: [GC [PSYoungGen: 7520K->352K(8192K)] 14123K->7011K(26112K), 0.0003750 secs] [Times: user=0.00 sys=0.00, real=0.00 secs] 
264.486: Total time for which application threads were stopped: 0.0004850 seconds, Stopping threads took: 0.0000480 seconds
264.525: Application time: 0.0392590 seconds
264.525: [GC [PSYoungGen: 7520K->272K(8192K)] 14179K->7003K(26112K), 0.0003750 secs] [Times: user=0.00 sys=0.00, real=0.00 secs] 
264.526: Total time for which application threads were stopped: 0.0004730 seconds, Stopping threads took: 0.0000380 seconds
264.564: Application time: 0.0385460 seconds
264.564: [GC [PSYoungGen: 7440K->288K(8192K)] 14171K->7075K(26112K), 0.0003700 secs] [Times: user=0.00 sys=0.00, real=0.00 secs] 
264.565: Total time for which application threads were stopped: 0.0004710 seconds, Stopping threads took: 0.0000400 seconds
264.603: Application time: 0.0384050 seconds
264.603: [GC [PSYoungGen: 7456K->352K(8192K)] 14243K->7139K(26112K), 0.0004210 secs] [Times: user=0.00 sys=0.00, real=0.00 secs] 
264.604: Total time for which application threads were stopped: 0.0005220 seconds, Stopping threads took: 0.0000400 seconds
264.643: Application time: 0.0395310 seconds
264.643: [GC [PSYoungGen: 7520K->368K(8192K)] 14307K->7155K(26112K), 0.0003910 secs] [Times: user=0.00 sys=0.00, real=0.00 secs] 
264.644: Total time for which application threads were stopped: 0.0004920 seconds, Stopping threads took: 0.0000400 seconds
264.683: Application time: 0.0389510 seconds
264.683: [GC [PSYoungGen: 7536K->384K(8192K)] 14323K->7171K(26112K), 0.0003830 secs] [Times: user=0.00 sys=0.00, real=0.00 secs] 
264.683: Total time for which application threads were stopped: 0.0004960 seconds, Stopping threads took: 0.0000430 seconds
264.721: Application time: 0.0383080 seconds
264.721: [GC [PSYoungGen: 7552K->464K(8192K)] 14339K->7251K(26112K), 0.0004100 secs] [Times: user=0.00 sys=0.00, real=0.00 secs] 
264.722: Total time for which application threads were stopped: 0.0005130 seconds, Stopping threads took: 0.0000410 seconds
264.761: Application time: 0.0386970 seconds
264.761: [GC [PSYoungGen: 7632K->480K(8192K)] 14419K->7267K(26112K), 0.0004290 secs] [Times: user=0.01 sys=0.00, real=0.01 secs] 
264.761: Total time for which application threads were stopped: 0.0005460 seconds, Stopping threads took: 0.0000540 seconds
264.801: Application time: 0.0396450 seconds
264.801: [GC [PSYoungGen: 7648K->496K(8192K)] 14435K->7283K(26112K), 0.0004320 secs] [Times: user=0.00 sys=0.00, real=0.01 secs] 
264.801: Total time for which application threads were stopped: 0.0005320 seconds, Stopping threads took: 0.0000400 seconds
264.841: Application time: 0.0392890 seconds
264.841: [GC [PSYoungGen: 7664K->512K(8192K)] 14451K->7299K(26112K), 0.0004240 secs] [Times: user=0.00 sys=0.00, real=0.01 secs] 
264.841: Total time for which application threads were stopped: 0.0005240 seconds, Stopping threads took: 0.0000400 seconds
264.880: Application time: 0.0392880 seconds
264.880: [GC [PSYoungGen: 7680K->528K(8192K)] 14467K->7315K(26112K), 0.0004270 secs] [Times: user=0.00 sys=0.00, real=0.00 secs] 
264.881: Total time for which application threads were stopped: 0.0005380 seconds, Stopping threads took: 0.0000500 seconds
264.921: Application time: 0.0396140 seconds
264.921: [GC [PSYoungGen: 7696K->496K(8192K)] 14483K->7283K(26112K), 0.0004480 secs] [Times: user=0.00 sys=0.00, real=0.01 secs] 
264.921: Total time for which application threads were stopped: 0.0005630 seconds, Stopping threads took: 0.0000430 seconds
264.960: Application time: 0.0393930 seconds
264.961: [GC [PSYoungGen: 7664K->496K(8192K)] 14451K->7283K(26112K), 0.0004280 secs] [Times: user=0.00 sys=0.00, real=0.01 secs] 
264.961: Total time for which application threads were stopped: 0.0005480 seconds, Stopping threads took: 0.0000520 seconds
265.000: Application time: 0.0391050 seconds
265.000: [GC [PSYoungGen: 7664K->512K(8192K)] 14451K->7299K(26112K), 0.0004120 secs] [Times: user=0.00 sys=0.00, real=0.00 secs] 
265.001: Total time for which application threads were stopped: 0.0005200 seconds, Stopping threads took: 0.0000460 seconds
265.040: Application time: 0.0392890 seconds
265.040: [GC [PSYoungGen: 7680K->528K(8192K)] 14467K->7315K(26112K), 0.0004200 secs] [Times: user=0.00 sys=0.00, real=0.00 secs] 
265.040: Total time for which application threads were stopped: 0.0005250 seconds, Stopping threads took: 0.0000460 seconds
265.080: Application time: 0.0395540 seconds
265.080: [GC [PSYoungGen: 7696K->480K(8192K)] 14483K->7267K(26112K), 0.0004550 secs] [Times: user=0.00 sys=0.00, real=0.00 secs] 
265.081: Total time for which application threads were stopped: 0.0005610 seconds, Stopping threads took: 0.0000430 seconds
265.120: Application time: 0.0398340 seconds
265.121: [GC [PSYoungGen: 7648K->464K(8192K)] 14435K->7251K(26112K), 0.0004770 secs] [Times: user=0.00 sys=0.00, real=0.01 secs] 
265.121: Total time for which application threads were stopped: 0.0005920 seconds, Stopping threads took: 0.0000470 seconds
265.160: Application time: 0.0392610 seconds
265.160: [GC [PSYoungGen: 7632K->416K(8192K)] 14419K->7299K(26112K), 0.0004660 secs] [Times: user=0.00 sys=0.00, real=0.00 secs] 
265.161: Total time for which application threads were stopped: 0.0005690 seconds, Stopping threads took: 0.0000450 seconds
265.200: Application time: 0.0393470 seconds
265.200: [GC [PSYoungGen: 7584K->384K(8192K)] 14467K->7347K(26112K), 0.0003990 secs] [Times: user=0.00 sys=0.00, real=0.00 secs] 
265.201: Total time for which application threads were stopped: 0.0005180 seconds, Stopping threads took: 0.0000470 seconds
265.240: Application time: 0.0394270 seconds
265.240: [GC [PSYoungGen: 7552K->384K(8192K)] 14515K->7347K(26112K), 0.0004200 secs] [Times: user=0.00 sys=0.00, real=0.00 secs] 
265.241: Total time for which application threads were stopped: 0.0005190 seconds, Stopping threads took: 0.0000390 seconds
265.280: Application time: 0.0397340 seconds
265.280: [GC [PSYoungGen: 7552K->352K(8192K)] 14515K->7363K(26112K), 0.0004220 secs] [Times: user=0.01 sys=0.00, real=0.00 secs] 
265.281: Total time for which application threads were stopped: 0.0005220 seconds, Stopping threads took: 0.0000390 seconds
265.320: Application time: 0.0386610 seconds
265.320: [GC [PSYoungGen: 7520K->288K(8192K)] 14531K->7379K(26112K), 0.0003920 secs] [Times: user=0.00 sys=0.00, real=0.00 secs] 
265.320: Total time for which application threads were stopped: 0.0005070 seconds, Stopping threads took: 0.0000500 seconds
265.359: Application time: 0.0389650 seconds
265.359: [GC [PSYoungGen: 7456K->288K(8192K)] 14547K->7435K(26112K), 0.0003710 secs] [Times: user=0.00 sys=0.00, real=0.00 secs] 
265.360: Total time for which application threads were stopped: 0.0004730 seconds, Stopping threads took: 0.0000430 seconds
265.398: Application time: 0.0383840 seconds
265.398: [GC [PSYoungGen: 7456K->384K(8192K)] 14603K->7532K(26112K), 0.0004400 secs] [Times: user=0.00 sys=0.00, real=0.00 secs] 
265.398: Total time for which application threads were stopped: 0.0005510 seconds, Stopping threads took: 0.0000460 seconds
265.438: Application time: 0.0398450 seconds
265.438: [GC [PSYoungGen: 7552K->352K(8192K)] 14700K->7500K(26112K), 0.0004300 secs] [Times: user=0.01 sys=0.00, real=0.00 secs] 
265.439: Total time for which application threads were stopped: 0.0005250 seconds, Stopping threads took: 0.0000350 seconds
265.478: Application time: 0.0387400 seconds
265.478: [GC [PSYoungGen: 7520K->416K(8192K)] 14668K->7564K(26112K), 0.0004270 secs] [Times: user=0.00 sys=0.00, real=0.00 secs] 
265.478: Total time for which application threads were stopped: 0.0005300 seconds, Stopping threads took: 0.0000430 seconds
265.516: Application time: 0.0381630 seconds
265.516: [GC [PSYoungGen: 7584K->448K(8192K)] 14732K->7595K(26112K), 0.0004490 secs] [Times: user=0.00 sys=0.00, real=0.00 secs] 
265.517: Total time for which application threads were stopped: 0.0005620 seconds, Stopping threads took: 0.0000440 seconds
265.556: Application time: 0.0389590 seconds
265.556: [GC [PSYoungGen: 7616K->480K(8192K)] 14763K->7628K(26112K), 0.0004610 secs] [Times: user=0.00 sys=0.00, real=0.00 secs] 
265.556: Total time for which application threads were stopped: 0.0005640 seconds, Stopping threads took: 0.0000420 seconds
265.596: Application time: 0.0396000 seconds
265.596: [GC [PSYoungGen: 7648K->496K(8192K)] 14796K->7644K(26112K), 0.0004170 secs] [Times: user=0.00 sys=0.00, real=0.00 secs] 
265.597: Total time for which application threads were stopped: 0.0005280 seconds, Stopping threads took: 0.0000490 seconds
265.636: Application time: 0.0392670 seconds
265.636: [GC [PSYoungGen: 7664K->512K(8192K)] 14812K->7659K(26112K), 0.0004770 secs] [Times: user=0.00 sys=0.00, real=0.00 secs] 
265.636: Total time for which application threads were stopped: 0.0005810 seconds, Stopping threads took: 0.0000440 seconds
265.676: Application time: 0.0394080 seconds
265.676: [GC [PSYoungGen: 7680K->464K(8192K)] 14827K->7612K(26112K), 0.0004980 secs] [Times: user=0.00 sys=0.00, real=0.00 secs] 
265.676: Total time for which application threads were stopped: 0.0005980 seconds, Stopping threads took: 0.0000380 seconds
265.716: Application time: 0.0395730 seconds
265.716: [GC [PSYoungGen: 7632K->496K(8192K)] 14780K->7644K(26112K), 0.0004250 secs] [Times: user=0.00 sys=0.00, real=0.00 secs] 
265.717: Total time for which application threads were stopped: 0.0005520 seconds, Stopping threads took: 0.0000520 seconds
265.756: Application time: 0.0392130 seconds
265.756: [GC [PSYoungGen: 7664K->496K(8192K)] 14812K->7644K(26112K), 0.0004300 secs] [Times: user=0.00 sys=0.00, real=0.00 secs] 
265.756: Total time for which application threads were stopped: 0.0005340 seconds, Stopping threads took: 0.0000440 seconds
265.796: Application time: 0.0392700 seconds
265.797: [GC [PSYoungGen: 7664K->528K(8192K)] 14812K->7676K(26112K), 0.0004240 secs] [Times: user=0.00 sys=0.00, real=0.00 secs] 
265.798: Total time for which application threads were stopped: 0.0020150 seconds, Stopping threads took: 0.0015300 seconds
265.837: Application time: 0.0393240 seconds
265.837: [GC [PSYoungGen: 7695K->496K(8192K)] 14843K->7644K(26112K), 0.0004270 secs] [Times: user=0.00 sys=0.00, real=0.00 secs] 
265.837: Total time for which application threads were stopped: 0.0005380 seconds, Stopping threads took: 0.0000490 seconds
265.877: Application time: 0.0391360 seconds
265.885: [GC [PSYoungGen: 7664K->496K(8192K)] 14812K->7643K(26112K), 0.0004530 secs] [Times: user=0.00 sys=0.00, real=0.00 secs] 
265.886: Total time for which application threads were stopped: 0.0096720 seconds, Stopping threads took: 0.0080370 seconds
265.926: Application time: 0.0396700 seconds
265.926: [GC [PSYoungGen: 7664K->448K(8192K)] 14811K->7644K(26112K), 0.0004920 secs] [Times: user=0.00 sys=0.00, real=0.00 secs] 
265.927: Total time for which application threads were stopped: 0.0006370 seconds, Stopping threads took: 0.0000730 seconds
265.966: Application time: 0.0392680 seconds
265.966: [GC [PSYoungGen: 7616K->400K(8192K)] 14812K->7636K(26112K), 0.0003980 secs] [Times: user=0.00 sys=0.00, real=0.00 secs] 
265.966: Total time for which application threads were stopped: 0.0005080 seconds, Stopping threads took: 0.0000500 seconds
266.006: Application time: 0.0396000 seconds
266.006: [GC [PSYoungGen: 7568K->368K(8192K)] 14804K->7700K(26112K), 0.0004140 secs] [Times: user=0.00 sys=0.00, real=0.00 secs] 
266.006: Total time for which application threads were stopped: 0.0005130 seconds, Stopping threads took: 0.0000390 seconds
266.046: Application time: 0.0395510 seconds
266.046: [GC [PSYoungGen: 7536K->368K(8192K)] 14868K->7700K(26112K), 0.0004300 secs] [Times: user=0.00 sys=0.00, real=0.00 secs] 
266.047: Total time for which application threads were stopped: 0.0005350 seconds, Stopping threads took: 0.0000430 seconds
266.086: Application time: 0.0393890 seconds
266.086: [GC [PSYoungGen: 7536K->320K(8192K)] 14868K->7692K(26112K), 0.0004390 secs] [Times: user=0.00 sys=0.00, real=0.00 secs] 
266.086: Total time for which application threads were stopped: 0.0005360 seconds, Stopping threads took: 0.0000370 seconds
266.126: Application time: 0.0390960 seconds
266.126: [GC [PSYoungGen: 7488K->288K(8192K)] 14860K->7748K(26112K), 0.0004660 secs] [Times: user=0.00 sys=0.00, real=0.00 secs] 
266.126: Total time for which application threads were stopped: 0.0005670 seconds, Stopping threads took: 0.0000410 seconds
266.165: Application time: 0.0389640 seconds
266.165: [GC [PSYoungGen: 7456K->288K(8192K)] 14916K->7804K(26112K), 0.0004200 secs] [Times: user=0.00 sys=0.00, real=0.00 secs] 
266.166: Total time for which application threads were stopped: 0.0005240 seconds, Stopping threads took: 0.0000430 seconds
266.204: Application time: 0.0381210 seconds
266.204: [GC [PSYoungGen: 7456K->384K(8192K)] 14972K->7900K(26112K), 0.0003740 secs] [Times: user=0.01 sys=0.00, real=0.00 secs] 
266.204: Total time for which application threads were stopped: 0.0004840 seconds, Stopping threads took: 0.0000510 seconds
266.243: Application time: 0.0392180 seconds
266.244: [GC [PSYoungGen: 7536K->384K(8192K)] 15053K->7900K(26112K), 0.0004370 secs] [Times: user=0.00 sys=0.00, real=0.00 secs] 
266.244: Total time for which application threads were stopped: 0.0005550 seconds, Stopping threads took: 0.0000440 seconds
266.283: Application time: 0.0386450 seconds
266.283: [GC [PSYoungGen: 7552K->432K(8192K)] 15068K->7948K(26112K), 0.0004150 secs] [Times: user=0.00 sys=0.00, real=0.00 secs] 
266.283: Total time for which application threads were stopped: 0.0005170 seconds, Stopping threads took: 0.0000380 seconds
266.321: Application time: 0.0382450 seconds
266.321: [GC [PSYoungGen: 7592K->496K(8192K)] 15108K->8012K(26112K), 0.0004430 secs] [Times: user=0.00 sys=0.00, real=0.00 secs] 
266.322: Total time for which application threads were stopped: 0.0005480 seconds, Stopping threads took: 0.0000430 seconds
266.361: Application time: 0.0394790 seconds
266.361: [GC [PSYoungGen: 7664K->464K(8192K)] 15180K->7980K(26112K), 0.0004160 secs] [Times: user=0.00 sys=0.00, real=0.00 secs] 
266.362: Total time for which application threads were stopped: 0.0005230 seconds, Stopping threads took: 0.0000450 seconds
266.401: Application time: 0.0393950 seconds
266.401: [GC [PSYoungGen: 7632K->448K(8192K)] 15148K->7964K(26112K), 0.0004050 secs] [Times: user=0.00 sys=0.00, real=0.00 secs] 
266.402: Total time for which application threads were stopped: 0.0005120 seconds, Stopping threads took: 0.0000490 seconds
266.441: Application time: 0.0394900 seconds
266.441: [GC [PSYoungGen: 7616K->464K(8192K)] 15132K->7980K(26112K), 0.0004310 secs] [Times: user=0.00 sys=0.00, real=0.00 secs] 
266.442: Total time for which application threads were stopped: 0.0005350 seconds, Stopping threads took: 0.0000430 seconds
266.481: Application time: 0.0393970 seconds
266.481: [GC [PSYoungGen: 7632K->528K(8192K)] 15148K->8044K(26112K), 0.0004160 secs] [Times: user=0.00 sys=0.00, real=0.00 secs] 
266.482: Total time for which application threads were stopped: 0.0005140 seconds, Stopping threads took: 0.0000390 seconds
266.521: Application time: 0.0392250 seconds
266.521: [GC [PSYoungGen: 7696K->528K(8192K)] 15212K->8044K(26112K), 0.0004030 secs] [Times: user=0.00 sys=0.00, real=0.00 secs] 
266.522: Total time for which application threads were stopped: 0.0005130 seconds, Stopping threads took: 0.0000460 seconds
266.561: Application time: 0.0393270 seconds
266.561: [GC [PSYoungGen: 7696K->480K(8192K)] 15212K->7996K(26112K), 0.0004260 secs] [Times: user=0.01 sys=0.00, real=0.01 secs] 
266.561: Total time for which application threads were stopped: 0.0005280 seconds, Stopping threads took: 0.0000390 seconds
266.601: Application time: 0.0397090 seconds
266.601: [GC [PSYoungGen: 7648K->496K(8192K)] 15164K->8012K(26112K), 0.0005030 secs] [Times: user=0.01 sys=0.00, real=0.00 secs] 
266.602: Total time for which application threads were stopped: 0.0006010 seconds, Stopping threads took: 0.0000390 seconds
266.641: Application time: 0.0393140 seconds
266.641: [GC [PSYoungGen: 7664K->496K(8192K)] 15180K->8012K(26112K), 0.0004300 secs] [Times: user=0.00 sys=0.00, real=0.00 secs] 
266.642: Total time for which application threads were stopped: 0.0005340 seconds, Stopping threads took: 0.0000420 seconds
266.681: Application time: 0.0391220 seconds
266.681: [GC [PSYoungGen: 7664K->544K(8192K)] 15180K->8060K(26112K), 0.0004130 secs] [Times: user=0.00 sys=0.00, real=0.01 secs] 
266.681: Total time for which application threads were stopped: 0.0005130 seconds, Stopping threads took: 0.0000390 seconds
266.721: Application time: 0.0394140 seconds
266.721: [GC [PSYoungGen: 7712K->480K(8192K)] 15228K->8052K(26112K), 0.0004220 secs] [Times: user=0.01 sys=0.00, real=0.01 secs] 
266.721: Total time for which application threads were stopped: 0.0005230 seconds, Stopping threads took: 0.0000390 seconds
266.760: Application time: 0.0392460 seconds
266.760: [GC [PSYoungGen: 7648K->416K(8192K)] 15220K->8044K(26112K), 0.0004130 secs] [Times: user=0.00 sys=0.00, real=0.00 secs] 
266.761: Total time for which application threads were stopped: 0.0005270 seconds, Stopping threads took: 0.0000430 seconds
266.800: Application time: 0.0392510 seconds
266.800: [GC [PSYoungGen: 7584K->336K(8192K)] 15212K->8044K(26112K), 0.0004910 secs] [Times: user=0.00 sys=0.00, real=0.00 secs] 
266.801: Total time for which application threads were stopped: 0.0005950 seconds, Stopping threads took: 0.0000420 seconds
266.840: Application time: 0.0394090 seconds
266.840: [GC [PSYoungGen: 7504K->352K(8192K)] 15212K->8108K(26112K), 0.0003840 secs] [Times: user=0.00 sys=0.00, real=0.00 secs] 
266.841: Total time for which application threads were stopped: 0.0004870 seconds, Stopping threads took: 0.0000420 seconds
266.880: Application time: 0.0394950 seconds
266.880: [GC [PSYoungGen: 7520K->288K(8192K)] 15276K->8108K(26112K), 0.0003890 secs] [Times: user=0.00 sys=0.00, real=0.00 secs] 
266.881: Total time for which application threads were stopped: 0.0004940 seconds, Stopping threads took: 0.0000420 seconds
266.920: Application time: 0.0388720 seconds
266.920: [GC [PSYoungGen: 7456K->288K(8192K)] 15276K->8188K(26112K), 0.0004220 secs] [Times: user=0.00 sys=0.00, real=0.00 secs] 
266.920: Total time for which application threads were stopped: 0.0005340 seconds, Stopping threads took: 0.0000410 seconds
266.959: Application time: 0.0385170 seconds
266.959: [GC [PSYoungGen: 7456K->320K(8192K)] 15356K->8236K(26112K), 0.0004200 secs] [Times: user=0.00 sys=0.00, real=0.00 secs] 
266.959: Total time for which application threads were stopped: 0.0005170 seconds, Stopping threads took: 0.0000370 seconds
266.999: Application time: 0.0394550 seconds
266.999: [GC [PSYoungGen: 7488K->352K(8192K)] 15404K->8268K(26112K), 0.0003810 secs] [Times: user=0.00 sys=0.00, real=0.00 secs] 
266.999: Total time for which application threads were stopped: 0.0004890 seconds, Stopping threads took: 0.0000470 seconds
267.038: Application time: 0.0390400 seconds
267.038: [GC [PSYoungGen: 7520K->352K(8192K)] 15436K->8268K(26112K), 0.0003830 secs] [Times: user=0.00 sys=0.00, real=0.00 secs] 
267.039: Total time for which application threads were stopped: 0.0004910 seconds, Stopping threads took: 0.0000470 seconds
267.077: Application time: 0.0381290 seconds
267.077: [GC [PSYoungGen: 7520K->448K(8192K)] 15436K->8364K(26112K), 0.0004030 secs] [Times: user=0.00 sys=0.00, real=0.00 secs] 
267.077: Total time for which application threads were stopped: 0.0005160 seconds, Stopping threads took: 0.0000500 seconds
267.116: Application time: 0.0391540 seconds
267.116: [GC [PSYoungGen: 7616K->512K(8192K)] 15532K->8428K(26112K), 0.0004770 secs] [Times: user=0.00 sys=0.00, real=0.00 secs] 
267.117: Total time for which application threads were stopped: 0.0005810 seconds, Stopping threads took: 0.0000420 seconds
267.157: Application time: 0.0396820 seconds
267.157: [GC [PSYoungGen: 7680K->528K(8192K)] 15596K->8444K(26112K), 0.0004860 secs] [Times: user=0.00 sys=0.00, real=0.00 secs] 
267.157: Total time for which application threads were stopped: 0.0005930 seconds, Stopping threads took: 0.0000380 seconds
267.197: Application time: 0.0395430 seconds
267.197: [GC [PSYoungGen: 7696K->480K(8192K)] 15612K->8396K(26112K), 0.0004350 secs] [Times: user=0.00 sys=0.00, real=0.00 secs] 
267.197: Total time for which application threads were stopped: 0.0005430 seconds, Stopping threads took: 0.0000480 seconds
267.237: Application time: 0.0395060 seconds
267.237: [GC [PSYoungGen: 7648K->480K(8192K)] 15564K->8396K(26112K), 0.0004140 secs] [Times: user=0.00 sys=0.00, real=0.00 secs] 
267.237: Total time for which application threads were stopped: 0.0005250 seconds, Stopping threads took: 0.0000490 seconds
267.277: Application time: 0.0394510 seconds
267.277: [GC [PSYoungGen: 7648K->480K(8192K)] 15564K->8396K(26112K), 0.0004150 secs] [Times: user=0.00 sys=0.00, real=0.00 secs] 
267.277: Total time for which application threads were stopped: 0.0005260 seconds, Stopping threads took: 0.0000420 seconds
267.317: Application time: 0.0393610 seconds
267.317: [GC [PSYoungGen: 7648K->496K(8192K)] 15564K->8412K(26112K), 0.0004530 secs] [Times: user=0.00 sys=0.00, real=0.00 secs] 
267.317: Total time for which application threads were stopped: 0.0005620 seconds, Stopping threads took: 0.0000440 seconds
267.357: Application time: 0.0393060 seconds
267.357: [GC [PSYoungGen: 7664K->544K(8192K)] 15580K->8460K(26112K), 0.0004130 secs] [Times: user=0.00 sys=0.00, real=0.00 secs] 
267.357: Total time for which application threads were stopped: 0.0005140 seconds, Stopping threads took: 0.0000400 seconds
267.397: Application time: 0.0394680 seconds
267.397: [GC [PSYoungGen: 7712K->512K(8192K)] 15628K->8428K(26112K), 0.0004330 secs] [Times: user=0.00 sys=0.00, real=0.00 secs] 
267.397: Total time for which application threads were stopped: 0.0005380 seconds, Stopping threads took: 0.0000430 seconds
267.437: Application time: 0.0395060 seconds
267.437: [GC [PSYoungGen: 7680K->512K(8192K)] 15596K->8428K(26112K), 0.0004690 secs] [Times: user=0.00 sys=0.00, real=0.00 secs] 
267.437: Total time for which application threads were stopped: 0.0005840 seconds, Stopping threads took: 0.0000510 seconds
267.476: Application time: 0.0392550 seconds
267.477: [GC [PSYoungGen: 7680K->496K(8192K)] 15596K->8412K(26112K), 0.0004230 secs] [Times: user=0.00 sys=0.00, real=0.00 secs] 
267.477: Total time for which application threads were stopped: 0.0005180 seconds, Stopping threads took: 0.0000360 seconds
267.516: Application time: 0.0392420 seconds
267.516: [GC [PSYoungGen: 7664K->448K(8192K)] 15580K->8460K(26112K), 0.0004440 secs] [Times: user=0.00 sys=0.00, real=0.00 secs] 
267.517: Total time for which application threads were stopped: 0.0005560 seconds, Stopping threads took: 0.0000510 seconds
267.557: Application time: 0.0397830 seconds
267.557: [GC [PSYoungGen: 7616K->336K(8192K)] 15628K->8436K(26112K), 0.0004090 secs] [Times: user=0.00 sys=0.00, real=0.00 secs] 
267.557: Total time for which application threads were stopped: 0.0005220 seconds, Stopping threads took: 0.0000530 seconds
267.596: Application time: 0.0393350 seconds
267.596: [GC [PSYoungGen: 7504K->368K(8192K)] 15604K->8468K(26112K), 0.0003780 secs] [Times: user=0.00 sys=0.00, real=0.00 secs] 
267.597: Total time for which application threads were stopped: 0.0004790 seconds, Stopping threads took: 0.0000420 seconds
267.636: Application time: 0.0395240 seconds
267.636: [GC [PSYoungGen: 7536K->304K(8192K)] 15636K->8468K(26112K), 0.0003970 secs] [Times: user=0.00 sys=0.00, real=0.00 secs] 
267.637: Total time for which application threads were stopped: 0.0005030 seconds, Stopping threads took: 0.0000440 seconds
267.676: Application time: 0.0389900 seconds
267.676: [GC [PSYoungGen: 7472K->320K(8192K)] 15636K->8564K(26112K), 0.0004300 secs] [Times: user=0.00 sys=0.00, real=0.00 secs] 
267.676: Total time for which application threads were stopped: 0.0005330 seconds, Stopping threads took: 0.0000420 seconds
267.715: Application time: 0.0388910 seconds
267.715: [GC [PSYoungGen: 7488K->288K(8192K)] 15732K->8572K(26112K), 0.0003820 secs] [Times: user=0.00 sys=0.00, real=0.00 secs] 
267.716: Total time for which application threads were stopped: 0.0004910 seconds, Stopping threads took: 0.0000470 seconds
267.754: Application time: 0.0384360 seconds
267.754: [GC [PSYoungGen: 7456K->336K(8192K)] 15740K->8620K(26112K), 0.0004880 secs] [Times: user=0.00 sys=0.00, real=0.00 secs] 
267.755: Total time for which application threads were stopped: 0.0005950 seconds, Stopping threads took: 0.0000470 seconds
267.795: Application time: 0.0396910 seconds
267.795: [GC [PSYoungGen: 7504K->384K(8192K)] 15788K->8668K(26112K), 0.0003780 secs] [Times: user=0.00 sys=0.00, real=0.00 secs] 
267.795: Total time for which application threads were stopped: 0.0004910 seconds, Stopping threads took: 0.0000430 seconds
267.834: Application time: 0.0392920 seconds
267.834: [GC [PSYoungGen: 7552K->384K(8192K)] 15836K->8668K(26112K), 0.0004610 secs] [Times: user=0.00 sys=0.00, real=0.00 secs] 
267.835: Total time for which application threads were stopped: 0.0005640 seconds, Stopping threads took: 0.0000430 seconds
267.873: Application time: 0.0382120 seconds
267.873: [GC [PSYoungGen: 7552K->448K(8192K)] 15836K->8732K(26112K), 0.0004050 secs] [Times: user=0.00 sys=0.00, real=0.00 secs] 
267.874: Total time for which application threads were stopped: 0.0005140 seconds, Stopping threads took: 0.0000460 seconds
267.913: Application time: 0.0392330 seconds
267.913: [GC [PSYoungGen: 7616K->480K(8192K)] 15900K->8764K(26112K), 0.0004670 secs] [Times: user=0.00 sys=0.00, real=0.00 secs] 
267.913: Total time for which application threads were stopped: 0.0005840 seconds, Stopping threads took: 0.0000430 seconds
267.953: Application time: 0.0397780 seconds
267.953: [GC [PSYoungGen: 7648K->512K(8192K)] 15932K->8796K(26112K), 0.0004500 secs] [Times: user=0.00 sys=0.00, real=0.00 secs] 
267.954: Total time for which application threads were stopped: 0.0005610 seconds, Stopping threads took: 0.0000510 seconds
267.993: Application time: 0.0392690 seconds
267.993: [GC [PSYoungGen: 7680K->496K(8192K)] 15964K->8780K(26112K), 0.0004130 secs] [Times: user=0.00 sys=0.00, real=0.00 secs] 
267.994: Total time for which application threads were stopped: 0.0005240 seconds, Stopping threads took: 0.0000480 seconds
268.033: Application time: 0.0395570 seconds
268.033: [GC [PSYoungGen: 7664K->464K(8192K)] 15948K->8748K(26112K), 0.0004080 secs] [Times: user=0.00 sys=0.00, real=0.00 secs] 
268.034: Total time for which application threads were stopped: 0.0005120 seconds, Stopping threads took: 0.0000440 seconds
268.073: Application time: 0.0392360 seconds
268.073: [GC [PSYoungGen: 7632K->496K(8192K)] 15916K->8780K(26112K), 0.0004130 secs] [Times: user=0.00 sys=0.00, real=0.00 secs] 
268.073: Total time for which application threads were stopped: 0.0005200 seconds, Stopping threads took: 0.0000460 seconds
268.113: Application time: 0.0392020 seconds
268.113: [GC [PSYoungGen: 7664K->512K(8192K)] 15948K->8796K(26112K), 0.0005240 secs] [Times: user=0.00 sys=0.00, real=0.00 secs] 
268.113: Total time for which application threads were stopped: 0.0006240 seconds, Stopping threads took: 0.0000370 seconds
268.152: Application time: 0.0391460 seconds
268.152: [GC [PSYoungGen: 7680K->480K(8192K)] 15964K->8764K(26112K), 0.0004540 secs] [Times: user=0.01 sys=0.00, real=0.00 secs] 
268.153: Total time for which application threads were stopped: 0.0005560 seconds, Stopping threads took: 0.0000380 seconds
268.193: Application time: 0.0396710 seconds
268.193: [GC [PSYoungGen: 7648K->464K(8192K)] 15932K->8748K(26112K), 0.0004570 secs] [Times: user=0.01 sys=0.00, real=0.00 secs] 
268.193: Total time for which application threads were stopped: 0.0005540 seconds, Stopping threads took: 0.0000380 seconds
268.233: Application time: 0.0393860 seconds
268.233: [GC [PSYoungGen: 7632K->512K(8192K)] 15916K->8796K(26112K), 0.0004860 secs] [Times: user=0.00 sys=0.00, real=0.00 secs] 
268.233: Total time for which application threads were stopped: 0.0005850 seconds, Stopping threads took: 0.0000390 seconds
268.272: Application time: 0.0391470 seconds
268.272: [GC [PSYoungGen: 7680K->448K(8192K)] 15964K->8780K(26112K), 0.0004170 secs] [Times: user=0.01 sys=0.00, real=0.00 secs] 
268.273: Total time for which application threads were stopped: 0.0005230 seconds, Stopping threads took: 0.0000450 seconds
268.312: Application time: 0.0395650 seconds
268.312: [GC [PSYoungGen: 7616K->432K(8192K)] 15948K->8804K(26112K), 0.0004150 secs] [Times: user=0.00 sys=0.00, real=0.00 secs] 
268.313: Total time for which application threads were stopped: 0.0005240 seconds, Stopping threads took: 0.0000380 seconds
268.352: Application time: 0.0394070 seconds
268.352: [GC [PSYoungGen: 7600K->352K(8192K)] 15972K->8812K(26112K), 0.0004380 secs] [Times: user=0.00 sys=0.00, real=0.00 secs] 
268.353: Total time for which application threads were stopped: 0.0005390 seconds, Stopping threads took: 0.0000430 seconds
268.392: Application time: 0.0394180 seconds
268.392: [GC [PSYoungGen: 7520K->336K(8192K)] 15980K->8796K(26112K), 0.0003980 secs] [Times: user=0.00 sys=0.00, real=0.00 secs] 
268.393: Total time for which application threads were stopped: 0.0005060 seconds, Stopping threads took: 0.0000470 seconds
268.432: Application time: 0.0391460 seconds
268.432: [GC [PSYoungGen: 7504K->320K(8192K)] 15964K->8836K(26112K), 0.0004450 secs] [Times: user=0.00 sys=0.00, real=0.00 secs] 
268.432: Total time for which application threads were stopped: 0.0005430 seconds, Stopping threads took: 0.0000380 seconds
268.471: Application time: 0.0389520 seconds
268.473: [GC [PSYoungGen: 7488K->288K(8192K)] 16004K->8876K(26112K), 0.0004390 secs] [Times: user=0.00 sys=0.00, real=0.00 secs] 
268.474: Total time for which application threads were stopped: 0.0021130 seconds, Stopping threads took: 0.0016120 seconds
268.513: Application time: 0.0389730 seconds
268.513: [GC [PSYoungGen: 7456K->288K(8192K)] 16044K->8924K(26112K), 0.0003840 secs] [Times: user=0.00 sys=0.00, real=0.00 secs] 
268.513: Total time for which application threads were stopped: 0.0004880 seconds, Stopping threads took: 0.0000430 seconds
268.551: Application time: 0.0379330 seconds
268.551: [GC [PSYoungGen: 7456K->384K(8192K)] 16092K->9021K(26112K), 0.0004440 secs] [Times: user=0.00 sys=0.00, real=0.00 secs] 
268.551: Total time for which application threads were stopped: 0.0005550 seconds, Stopping threads took: 0.0000510 seconds
268.590: Application time: 0.0389650 seconds
268.591: [GC [PSYoungGen: 7552K->384K(8192K)] 16189K->9021K(26112K), 0.0004430 secs] [Times: user=0.00 sys=0.00, real=0.00 secs] 
268.591: Total time for which application threads were stopped: 0.0005500 seconds, Stopping threads took: 0.0000430 seconds
268.630: Application time: 0.0394830 seconds
268.631: [GC [PSYoungGen: 7552K->384K(8192K)] 16189K->9020K(26112K), 0.0004260 secs] [Times: user=0.01 sys=0.00, real=0.00 secs] 
268.631: Total time for which application threads were stopped: 0.0005260 seconds, Stopping threads took: 0.0000380 seconds
268.669: Application time: 0.0379450 seconds
268.669: [GC [PSYoungGen: 7552K->480K(8192K)] 16188K->9117K(26112K), 0.0004900 secs] [Times: user=0.00 sys=0.00, real=0.00 secs] 
268.670: Total time for which application threads were stopped: 0.0005980 seconds, Stopping threads took: 0.0000430 seconds
268.709: Application time: 0.0395340 seconds
268.709: [GC [PSYoungGen: 7648K->464K(8192K)] 16285K->9101K(26112K), 0.0004640 secs] [Times: user=0.00 sys=0.00, real=0.00 secs] 
268.710: Total time for which application threads were stopped: 0.0005650 seconds, Stopping threads took: 0.0000390 seconds
268.749: Application time: 0.0395550 seconds
268.749: [GC [PSYoungGen: 7632K->496K(8192K)] 16269K->9132K(26112K), 0.0004780 secs] [Times: user=0.00 sys=0.00, real=0.00 secs] 
268.750: Total time for which application threads were stopped: 0.0005800 seconds, Stopping threads took: 0.0000390 seconds
268.789: Application time: 0.0395670 seconds
268.789: [GC [PSYoungGen: 7664K->512K(8192K)] 16300K->9149K(26112K), 0.0004160 secs] [Times: user=0.00 sys=0.00, real=0.00 secs] 
268.790: Total time for which application threads were stopped: 0.0005360 seconds, Stopping threads took: 0.0000510 seconds
268.829: Application time: 0.0392590 seconds
268.829: [GC [PSYoungGen: 7680K->528K(8192K)] 16317K->9164K(26112K), 0.0004730 secs] [Times: user=0.01 sys=0.00, real=0.00 secs] 
268.830: Total time for which application threads were stopped: 0.0005790 seconds, Stopping threads took: 0.0000380 seconds
268.869: Application time: 0.0393940 seconds
268.869: [GC [PSYoungGen: 7696K->544K(8192K)] 16332K->9181K(26112K), 0.0004150 secs] [Times: user=0.00 sys=0.00, real=0.00 secs] 
268.870: Total time for which application threads were stopped: 0.0005210 seconds, Stopping threads took: 0.0000440 seconds
268.909: Application time: 0.0395120 seconds
268.909: [GC [PSYoungGen: 7712K->496K(8192K)] 16349K->9132K(26112K), 0.0004570 secs] [Times: user=0.00 sys=0.00, real=0.00 secs] 
268.910: Total time for which application threads were stopped: 0.0005790 seconds, Stopping threads took: 0.0000470 seconds
268.949: Application time: 0.0394990 seconds
268.949: [GC [PSYoungGen: 7664K->496K(8192K)] 16300K->9133K(26112K), 0.0004490 secs] [Times: user=0.00 sys=0.00, real=0.00 secs] 
268.950: Total time for which application threads were stopped: 0.0005600 seconds, Stopping threads took: 0.0000500 seconds
268.990: Application time: 0.0397610 seconds
268.990: [GC [PSYoungGen: 7664K->464K(8192K)] 16301K->9101K(26112K), 0.0004990 secs] [Times: user=0.00 sys=0.00, real=0.00 secs] 
268.990: Total time for which application threads were stopped: 0.0006030 seconds, Stopping threads took: 0.0000440 seconds
269.029: Application time: 0.0392060 seconds
269.029: [GC [PSYoungGen: 7632K->528K(8192K)] 16269K->9165K(26112K), 0.0004920 secs] [Times: user=0.01 sys=0.00, real=0.00 secs] 
269.030: Total time for which application threads were stopped: 0.0006010 seconds, Stopping threads took: 0.0000480 seconds
269.069: Application time: 0.0391790 seconds
269.069: [GC [PSYoungGen: 7696K->448K(8192K)] 16333K->9125K(26112K), 0.0004530 secs] [Times: user=0.00 sys=0.00, real=0.00 secs] 
269.070: Total time for which application threads were stopped: 0.0005560 seconds, Stopping threads took: 0.0000410 seconds
269.109: Application time: 0.0392800 seconds
269.109: [GC [PSYoungGen: 7616K->384K(8192K)] 16293K->9117K(26112K), 0.0003950 secs] [Times: user=0.01 sys=0.00, real=0.00 secs] 
269.110: Total time for which application threads were stopped: 0.0004990 seconds, Stopping threads took: 0.0000430 seconds
269.150: Application time: 0.0405960 seconds
269.150: [GC [PSYoungGen: 7552K->368K(8192K)] 16285K->9181K(26112K), 0.0003990 secs] [Times: user=0.00 sys=0.00, real=0.00 secs] 
269.151: Total time for which application threads were stopped: 0.0005030 seconds, Stopping threads took: 0.0000450 seconds
269.190: Application time: 0.0392540 seconds
269.190: [GC [PSYoungGen: 7536K->304K(8192K)] 16349K->9165K(26112K), 0.0003840 secs] [Times: user=0.00 sys=0.00, real=0.00 secs] 
269.190: Total time for which application threads were stopped: 0.0004790 seconds, Stopping threads took: 0.0000370 seconds
269.230: Application time: 0.0397720 seconds
269.230: [GC [PSYoungGen: 7472K->320K(8192K)] 16333K->9181K(26112K), 0.0003880 secs] [Times: user=0.00 sys=0.00, real=0.00 secs] 
269.231: Total time for which application threads were stopped: 0.0004960 seconds, Stopping threads took: 0.0000470 seconds
269.269: Application time: 0.0386420 seconds
269.269: [GC [PSYoungGen: 7488K->288K(8192K)] 16349K->9261K(26112K), 0.0004630 secs] [Times: user=0.00 sys=0.00, real=0.00 secs] 
269.270: Total time for which application threads were stopped: 0.0005720 seconds, Stopping threads took: 0.0000450 seconds
269.309: Application time: 0.0388600 seconds
269.309: [GC [PSYoungGen: 7456K->336K(8192K)] 16429K->9309K(26112K), 0.0003980 secs] [Times: user=0.00 sys=0.00, real=0.01 secs] 
269.309: Total time for which application threads were stopped: 0.0005150 seconds, Stopping threads took: 0.0000510 seconds
269.348: Application time: 0.0389090 seconds
269.348: [GC [PSYoungGen: 7504K->352K(8192K)] 16477K->9325K(26112K), 0.0004270 secs] [Times: user=0.00 sys=0.00, real=0.00 secs] 
269.349: Total time for which application threads were stopped: 0.0005380 seconds, Stopping threads took: 0.0000420 seconds
269.388: Application time: 0.0388890 seconds
269.388: [GC [PSYoungGen: 7520K->416K(8192K)] 16493K->9389K(26112K), 0.0003910 secs] [Times: user=0.00 sys=0.00, real=0.00 secs] 
269.388: Total time for which application threads were stopped: 0.0005010 seconds, Stopping threads took: 0.0000470 seconds
269.427: Application time: 0.0389300 seconds
269.427: [GC [PSYoungGen: 7584K->416K(8192K)] 16557K->9389K(26112K), 0.0003940 secs] [Times: user=0.00 sys=0.00, real=0.00 secs] 
269.427: Total time for which application threads were stopped: 0.0004940 seconds, Stopping threads took: 0.0000370 seconds
269.466: Application time: 0.0383180 seconds
269.466: [GC [PSYoungGen: 7584K->496K(8192K)] 16557K->9469K(26112K), 0.0004210 secs] [Times: user=0.00 sys=0.00, real=0.00 secs] 
269.466: Total time for which application threads were stopped: 0.0005260 seconds, Stopping threads took: 0.0000430 seconds
269.506: Application time: 0.0393840 seconds
269.506: [GC [PSYoungGen: 7664K->544K(8192K)] 16637K->9517K(26112K), 0.0004230 secs] [Times: user=0.01 sys=0.00, real=0.00 secs] 
269.506: Total time for which application threads were stopped: 0.0005260 seconds, Stopping threads took: 0.0000440 seconds
269.546: Application time: 0.0394720 seconds
269.546: [GC [PSYoungGen: 7712K->480K(8192K)] 16685K->9453K(26112K), 0.0004120 secs] [Times: user=0.00 sys=0.00, real=0.00 secs] 
269.546: Total time for which application threads were stopped: 0.0005190 seconds, Stopping threads took: 0.0000450 seconds
269.586: Application time: 0.0397780 seconds
269.586: [GC [PSYoungGen: 7648K->480K(8192K)] 16621K->9453K(26112K), 0.0004210 secs] [Times: user=0.00 sys=0.00, real=0.00 secs] 
269.587: Total time for which application threads were stopped: 0.0005280 seconds, Stopping threads took: 0.0000470 seconds
269.626: Application time: 0.0393860 seconds
269.626: [GC [PSYoungGen: 7648K->496K(8192K)] 16621K->9469K(26112K), 0.0004510 secs] [Times: user=0.00 sys=0.00, real=0.00 secs] 
269.626: Total time for which application threads were stopped: 0.0005550 seconds, Stopping threads took: 0.0000460 seconds
269.666: Application time: 0.0393450 seconds
269.666: [GC [PSYoungGen: 7664K->480K(8192K)] 16637K->9453K(26112K), 0.0004060 secs] [Times: user=0.00 sys=0.00, real=0.00 secs] 
269.666: Total time for which application threads were stopped: 0.0005120 seconds, Stopping threads took: 0.0000420 seconds
269.706: Application time: 0.0393220 seconds
269.706: [GC [PSYoungGen: 7648K->464K(8192K)] 16621K->9437K(26112K), 0.0004180 secs] [Times: user=0.00 sys=0.00, real=0.00 secs] 
269.706: Total time for which application threads were stopped: 0.0005250 seconds, Stopping threads took: 0.0000450 seconds
269.745: Application time: 0.0392550 seconds
269.746: [GC [PSYoungGen: 7632K->480K(8192K)] 16605K->9453K(26112K), 0.0004590 secs] [Times: user=0.00 sys=0.00, real=0.00 secs] 
269.746: Total time for which application threads were stopped: 0.0005580 seconds, Stopping threads took: 0.0000390 seconds
269.785: Application time: 0.0393810 seconds
269.785: [GC [PSYoungGen: 7648K->512K(8192K)] 16621K->9485K(26112K), 0.0004280 secs] [Times: user=0.00 sys=0.00, real=0.00 secs] 
269.786: Total time for which application threads were stopped: 0.0005290 seconds, Stopping threads took: 0.0000430 seconds
269.825: Application time: 0.0393060 seconds
269.825: [GC [PSYoungGen: 7680K->496K(8192K)] 16653K->9469K(26112K), 0.0004610 secs] [Times: user=0.00 sys=0.00, real=0.00 secs] 
269.826: Total time for which application threads were stopped: 0.0005700 seconds, Stopping threads took: 0.0000460 seconds
269.865: Application time: 0.0394750 seconds
269.865: [GC [PSYoungGen: 7664K->432K(8192K)] 16637K->9501K(26112K), 0.0004660 secs] [Times: user=0.00 sys=0.00, real=0.00 secs] 
269.866: Total time for which application threads were stopped: 0.0005860 seconds, Stopping threads took: 0.0000420 seconds
269.906: Application time: 0.0400210 seconds
269.906: [GC [PSYoungGen: 7600K->368K(8192K)] 16669K->9493K(26112K), 0.0004530 secs] [Times: user=0.01 sys=0.00, real=0.00 secs] 
269.906: Total time for which application threads were stopped: 0.0005860 seconds, Stopping threads took: 0.0000600 seconds
269.946: Application time: 0.0392480 seconds
269.949: [GC [PSYoungGen: 7536K->368K(8192K)] 16661K->9549K(26112K), 0.0004040 secs] [Times: user=0.00 sys=0.00, real=0.00 secs] 
269.950: Total time for which application threads were stopped: 0.0037830 seconds, Stopping threads took: 0.0033180 seconds
269.989: Application time: 0.0393000 seconds
269.989: [GC [PSYoungGen: 7536K->336K(8192K)] 16717K->9565K(26112K), 0.0004250 secs] [Times: user=0.00 sys=0.00, real=0.01 secs] 
269.989: Total time for which application threads were stopped: 0.0005220 seconds, Stopping threads took: 0.0000390 seconds
270.028: Application time: 0.0389920 seconds
270.028: [GC [PSYoungGen: 7504K->336K(8192K)] 16733K->9613K(26112K), 0.0003830 secs] [Times: user=0.01 sys=0.00, real=0.00 secs] 
270.029: Total time for which application threads were stopped: 0.0004930 seconds, Stopping threads took: 0.0000460 seconds
270.068: Application time: 0.0390030 seconds
270.068: [GC [PSYoungGen: 7504K->352K(8192K)] 16781K->9709K(26112K), 0.0003960 secs] [Times: user=0.00 sys=0.00, real=0.00 secs] 
270.068: Total time for which application threads were stopped: 0.0005020 seconds, Stopping threads took: 0.0000480 seconds
270.106: Application time: 0.0380090 seconds
270.106: [GC [PSYoungGen: 7520K->384K(8192K)] 16877K->9741K(26112K), 0.0004290 secs] [Times: user=0.00 sys=0.00, real=0.00 secs] 
270.107: Total time for which application threads were stopped: 0.0005320 seconds, Stopping threads took: 0.0000390 seconds
270.147: Application time: 0.0398280 seconds
270.147: [GC [PSYoungGen: 7552K->368K(8192K)] 16909K->9725K(26112K), 0.0004430 secs] [Times: user=0.00 sys=0.00, real=0.00 secs] 
270.147: Total time for which application threads were stopped: 0.0005390 seconds, Stopping threads took: 0.0000400 seconds
270.186: Application time: 0.0384690 seconds
270.186: [GC [PSYoungGen: 7536K->368K(8192K)] 16893K->9725K(26112K), 0.0004330 secs] [Times: user=0.00 sys=0.00, real=0.00 secs] 
270.186: Total time for which application threads were stopped: 0.0005330 seconds, Stopping threads took: 0.0000420 seconds
270.226: Application time: 0.0399680 seconds
270.226: [GC [PSYoungGen: 7536K->400K(8192K)] 16893K->9757K(26112K), 0.0004160 secs] [Times: user=0.00 sys=0.00, real=0.00 secs] 
270.227: Total time for which application threads were stopped: 0.0005190 seconds, Stopping threads took: 0.0000400 seconds
270.265: Application time: 0.0382420 seconds
270.269: [GC [PSYoungGen: 7568K->496K(8192K)] 16925K->9853K(26112K), 0.0004400 secs] [Times: user=0.00 sys=0.00, real=0.00 secs] 
270.270: Total time for which application threads were stopped: 0.0045490 seconds, Stopping threads took: 0.0040490 seconds
270.309: Application time: 0.0395850 seconds
270.309: [GC [PSYoungGen: 7664K->480K(8192K)] 17021K->9837K(26112K), 0.0004270 secs] [Times: user=0.00 sys=0.00, real=0.00 secs] 
270.310: Total time for which application threads were stopped: 0.0005540 seconds, Stopping threads took: 0.0000640 seconds
270.349: Application time: 0.0393320 seconds
270.349: [GC [PSYoungGen: 7648K->480K(8192K)] 17005K->9837K(26112K), 0.0004700 secs] [Times: user=0.00 sys=0.00, real=0.00 secs] 
270.350: Total time for which application threads were stopped: 0.0005740 seconds, Stopping threads took: 0.0000450 seconds
270.389: Application time: 0.0394620 seconds
270.389: [GC [PSYoungGen: 7648K->512K(8192K)] 17005K->9869K(26112K), 0.0004310 secs] [Times: user=0.00 sys=0.00, real=0.00 secs] 
270.390: Total time for which application threads were stopped: 0.0005430 seconds, Stopping threads took: 0.0000410 seconds
270.429: Application time: 0.0394910 seconds
270.429: [GC [PSYoungGen: 7680K->544K(8192K)] 17037K->9901K(26112K), 0.0004360 secs] [Times: user=0.00 sys=0.00, real=0.00 secs] 
270.430: Total time for which application threads were stopped: 0.0005540 seconds, Stopping threads took: 0.0000480 seconds
270.469: Application time: 0.0392690 seconds
270.469: [GC [PSYoungGen: 7712K->480K(8192K)] 17069K->9837K(26112K), 0.0004080 secs] [Times: user=0.00 sys=0.00, real=0.01 secs] 
270.469: Total time for which application threads were stopped: 0.0005120 seconds, Stopping threads took: 0.0000410 seconds
270.509: Application time: 0.0393010 seconds
270.509: [GC [PSYoungGen: 7648K->512K(8192K)] 17005K->9869K(26112K), 0.0004510 secs] [Times: user=0.00 sys=0.00, real=0.01 secs] 
270.509: Total time for which application threads were stopped: 0.0005590 seconds, Stopping threads took: 0.0000460 seconds
270.549: Application time: 0.0394400 seconds
270.549: [GC [PSYoungGen: 7680K->496K(8192K)] 17037K->9853K(26112K), 0.0004170 secs] [Times: user=0.00 sys=0.01, real=0.01 secs] 
270.549: Total time for which application threads were stopped: 0.0005220 seconds, Stopping threads took: 0.0000440 seconds
270.588: Application time: 0.0392050 seconds
270.589: [GC [PSYoungGen: 7664K->496K(8192K)] 17021K->9853K(26112K), 0.0004390 secs] [Times: user=0.00 sys=0.00, real=0.00 secs] 
270.589: Total time for which application threads were stopped: 0.0005510 seconds, Stopping threads took: 0.0000470 seconds
270.628: Application time: 0.0392300 seconds
270.628: [GC [PSYoungGen: 7664K->448K(8192K)] 17021K->9861K(26112K), 0.0004640 secs] [Times: user=0.01 sys=0.00, real=0.00 secs] 
270.629: Total time for which application threads were stopped: 0.0005750 seconds, Stopping threads took: 0.0000470 seconds
270.668: Application time: 0.0392200 seconds
270.668: [GC [PSYoungGen: 7616K->432K(8192K)] 17029K->9893K(26112K), 0.0004550 secs] [Times: user=0.00 sys=0.00, real=0.00 secs] 
270.669: Total time for which application threads were stopped: 0.0005550 seconds, Stopping threads took: 0.0000410 seconds
270.708: Application time: 0.0392730 seconds
270.708: [GC [PSYoungGen: 7600K->336K(8192K)] 17061K->9877K(26112K), 0.0004340 secs] [Times: user=0.00 sys=0.00, real=0.00 secs] 
270.708: Total time for which application threads were stopped: 0.0005340 seconds, Stopping threads took: 0.0000380 seconds
270.748: Application time: 0.0392830 seconds
270.748: [GC [PSYoungGen: 7504K->320K(8192K)] 17045K->9861K(26112K), 0.0004490 secs] [Times: user=0.00 sys=0.00, real=0.00 secs] 
270.748: Total time for which application threads were stopped: 0.0005510 seconds, Stopping threads took: 0.0000420 seconds
270.788: Application time: 0.0396110 seconds
270.788: [GC [PSYoungGen: 7488K->304K(8192K)] 17029K->9893K(26112K), 0.0003830 secs] [Times: user=0.00 sys=0.00, real=0.00 secs] 
270.788: Total time for which application threads were stopped: 0.0004900 seconds, Stopping threads took: 0.0000470 seconds
270.827: Application time: 0.0388810 seconds
270.827: [GC [PSYoungGen: 7472K->320K(8192K)] 17061K->9965K(26112K), 0.0004100 secs] [Times: user=0.00 sys=0.00, real=0.00 secs] 
270.828: Total time for which application threads were stopped: 0.0005160 seconds, Stopping threads took: 0.0000440 seconds
270.866: Application time: 0.0384270 seconds
270.866: [GC [PSYoungGen: 7488K->320K(8192K)] 17133K->10053K(26112K), 0.0004990 secs] [Times: user=0.00 sys=0.00, real=0.00 secs] 
270.867: Total time for which application threads were stopped: 0.0006010 seconds, Stopping threads took: 0.0000410 seconds
270.906: Application time: 0.0396010 seconds
270.907: [GC [PSYoungGen: 7488K->384K(8192K)] 17221K->10117K(26112K), 0.0004880 secs] [Times: user=0.01 sys=0.00, real=0.00 secs] 
270.908: Total time for which application threads were stopped: 0.0017600 seconds, Stopping threads took: 0.0000690 seconds
270.948: Application time: 0.0394680 seconds
270.948: [GC [PSYoungGen: 7552K->400K(8192K)] 17285K->10133K(26112K), 0.0004160 secs] [Times: user=0.00 sys=0.00, real=0.00 secs] 
270.948: Total time for which application threads were stopped: 0.0005300 seconds, Stopping threads took: 0.0000500 seconds
270.987: Application time: 0.0386160 seconds
270.987: [GC [PSYoungGen: 7568K->368K(8192K)] 17301K->10101K(26112K), 0.0004440 secs] [Times: user=0.00 sys=0.00, real=0.00 secs] 
270.987: Total time for which application threads were stopped: 0.0005530 seconds, Stopping threads took: 0.0000400 seconds
271.026: Application time: 0.0390040 seconds
271.026: [GC [PSYoungGen: 7536K->416K(8192K)] 17269K->10149K(26112K), 0.0004100 secs] [Times: user=0.00 sys=0.00, real=0.00 secs] 
271.027: Total time for which application threads were stopped: 0.0005200 seconds, Stopping threads took: 0.0000450 seconds
271.066: Application time: 0.0388590 seconds
271.066: [GC [PSYoungGen: 7584K->480K(8192K)] 17317K->10213K(26112K), 0.0004150 secs] [Times: user=0.01 sys=0.00, real=0.00 secs] 
271.066: Total time for which application threads were stopped: 0.0005190 seconds, Stopping threads took: 0.0000450 seconds
271.106: Application time: 0.0394960 seconds
271.106: [GC [PSYoungGen: 7648K->496K(8192K)] 17381K->10229K(26112K), 0.0004140 secs] [Times: user=0.00 sys=0.00, real=0.00 secs] 
271.106: Total time for which application threads were stopped: 0.0005180 seconds, Stopping threads took: 0.0000460 seconds
271.145: Application time: 0.0392570 seconds
271.146: [GC [PSYoungGen: 7664K->544K(8192K)] 17397K->10277K(26112K), 0.0004610 secs] [Times: user=0.00 sys=0.00, real=0.00 secs] 
271.146: Total time for which application threads were stopped: 0.0005570 seconds, Stopping threads took: 0.0000370 seconds
271.186: Application time: 0.0403790 seconds
271.187: [GC [PSYoungGen: 7712K->528K(8192K)] 17445K->10261K(26112K), 0.0004330 secs] [Times: user=0.01 sys=0.00, real=0.00 secs] 
271.187: Total time for which application threads were stopped: 0.0005310 seconds, Stopping threads took: 0.0000380 seconds
271.226: Application time: 0.0392420 seconds
271.226: [GC [PSYoungGen: 7696K->496K(8192K)] 17429K->10229K(26112K), 0.0004210 secs] [Times: user=0.00 sys=0.00, real=0.00 secs] 
271.227: Total time for which application threads were stopped: 0.0005230 seconds, Stopping threads took: 0.0000430 seconds
271.266: Application time: 0.0396840 seconds
271.267: [GC [PSYoungGen: 7664K->480K(8192K)] 17397K->10213K(26112K), 0.0004750 secs] [Times: user=0.00 sys=0.00, real=0.00 secs] 
271.267: Total time for which application threads were stopped: 0.0005870 seconds, Stopping threads took: 0.0000480 seconds
271.306: Application time: 0.0393430 seconds
271.306: [GC [PSYoungGen: 7648K->528K(8192K)] 17381K->10261K(26112K), 0.0004790 secs] [Times: user=0.00 sys=0.00, real=0.00 secs] 
271.307: Total time for which application threads were stopped: 0.0006020 seconds, Stopping threads took: 0.0000600 seconds
271.347: Application time: 0.0399290 seconds
271.347: [GC [PSYoungGen: 7696K->432K(8192K)] 17429K->10165K(26112K), 0.0004340 secs] [Times: user=0.00 sys=0.00, real=0.00 secs] 
271.347: Total time for which application threads were stopped: 0.0005360 seconds, Stopping threads took: 0.0000400 seconds
271.387: Application time: 0.0392150 seconds
271.387: [GC [PSYoungGen: 7600K->496K(8192K)] 17333K->10229K(26112K), 0.0004500 secs] [Times: user=0.01 sys=0.00, real=0.00 secs] 
271.387: Total time for which application threads were stopped: 0.0005450 seconds, Stopping threads took: 0.0000350 seconds
271.427: Application time: 0.0394250 seconds
271.427: [GC [PSYoungGen: 7664K->432K(8192K)] 17397K->10221K(26112K), 0.0004410 secs] [Times: user=0.00 sys=0.00, real=0.00 secs] 
271.427: Total time for which application threads were stopped: 0.0005510 seconds, Stopping threads took: 0.0000420 seconds
271.466: Application time: 0.0392830 seconds
271.467: [GC [PSYoungGen: 7600K->384K(8192K)] 17389K->10269K(26112K), 0.0004110 secs] [Times: user=0.00 sys=0.00, real=0.00 secs] 
271.467: Total time for which application threads were stopped: 0.0005180 seconds, Stopping threads took: 0.0000440 seconds
271.507: Application time: 0.0400390 seconds
271.507: [GC [PSYoungGen: 7552K->352K(8192K)] 17437K->10285K(26112K), 0.0004630 secs] [Times: user=0.00 sys=0.00, real=0.00 secs] 
271.508: Total time for which application threads were stopped: 0.0005690 seconds, Stopping threads took: 0.0000460 seconds
271.547: Application time: 0.0393790 seconds
271.547: [GC [PSYoungGen: 7520K->336K(8192K)] 17453K->10269K(26112K), 0.0003980 secs] [Times: user=0.00 sys=0.00, real=0.00 secs] 
271.547: Total time for which application threads were stopped: 0.0004990 seconds, Stopping threads took: 0.0000400 seconds
271.587: Application time: 0.0393390 seconds
271.587: [GC [PSYoungGen: 7504K->288K(8192K)] 17437K->10317K(26112K), 0.0003840 secs] [Times: user=0.00 sys=0.00, real=0.00 secs] 
271.587: Total time for which application threads were stopped: 0.0004930 seconds, Stopping threads took: 0.0000540 seconds
271.626: Application time: 0.0388940 seconds
271.626: [GC [PSYoungGen: 7456K->304K(8192K)] 17485K->10389K(26112K), 0.0003780 secs] [Times: user=0.00 sys=0.00, real=0.00 secs] 
271.627: Total time for which application threads were stopped: 0.0004710 seconds, Stopping threads took: 0.0000300 seconds
271.665: Application time: 0.0380050 seconds
271.669: [GC [PSYoungGen: 7472K->352K(8192K)] 17557K->10494K(26112K), 0.0004000 secs] [Times: user=0.00 sys=0.00, real=0.00 secs] 
271.670: Total time for which application threads were stopped: 0.0048370 seconds, Stopping threads took: 0.0043730 seconds
271.709: Application time: 0.0397800 seconds
271.709: [GC [PSYoungGen: 7520K->336K(8192K)] 17662K->10477K(26112K), 0.0003880 secs] [Times: user=0.00 sys=0.00, real=0.00 secs] 
271.710: Total time for which application threads were stopped: 0.0004930 seconds, Stopping threads took: 0.0000460 seconds
271.748: Application time: 0.0385740 seconds
271.748: [GC [PSYoungGen: 7504K->400K(8192K)] 17645K->10541K(26112K), 0.0003840 secs] [Times: user=0.00 sys=0.00, real=0.00 secs] 
271.749: Total time for which application threads were stopped: 0.0004860 seconds, Stopping threads took: 0.0000400 seconds
271.788: Application time: 0.0391120 seconds
271.788: [GC [PSYoungGen: 7568K->400K(8192K)] 17709K->10542K(26112K), 0.0004060 secs] [Times: user=0.01 sys=0.00, real=0.00 secs] 
271.788: Total time for which application threads were stopped: 0.0005150 seconds, Stopping threads took: 0.0000460 seconds
271.827: Application time: 0.0385970 seconds
271.827: [GC [PSYoungGen: 7568K->528K(8192K)] 17710K->10670K(26112K), 0.0004170 secs] [Times: user=0.00 sys=0.00, real=0.00 secs] 
271.828: Total time for which application threads were stopped: 0.0005230 seconds, Stopping threads took: 0.0000430 seconds
271.867: Application time: 0.0393640 seconds
271.867: [GC [PSYoungGen: 7696K->496K(8192K)] 17838K->10638K(26112K), 0.0004310 secs] [Times: user=0.00 sys=0.00, real=0.00 secs] 
271.867: Total time for which application threads were stopped: 0.0005360 seconds, Stopping threads took: 0.0000440 seconds
271.907: Application time: 0.0395330 seconds
271.907: [GC [PSYoungGen: 7664K->512K(8192K)] 17806K->10654K(26112K), 0.0005270 secs] [Times: user=0.00 sys=0.00, real=0.00 secs] 
271.908: Total time for which application threads were stopped: 0.0006550 seconds, Stopping threads took: 0.0000540 seconds
271.947: Application time: 0.0398080 seconds
271.948: [GC [PSYoungGen: 7680K->512K(8192K)] 17822K->10654K(26112K), 0.0004630 secs] [Times: user=0.00 sys=0.00, real=0.00 secs] 
271.948: Total time for which application threads were stopped: 0.0005750 seconds, Stopping threads took: 0.0000440 seconds
271.988: Application time: 0.0397780 seconds
271.988: [GC [PSYoungGen: 7680K->480K(8192K)] 17822K->10622K(26112K), 0.0004140 secs] [Times: user=0.00 sys=0.00, real=0.00 secs] 
271.988: Total time for which application threads were stopped: 0.0005160 seconds, Stopping threads took: 0.0000410 seconds
272.028: Application time: 0.0393280 seconds
272.028: [GC [PSYoungGen: 7648K->496K(8192K)] 17790K->10638K(26112K), 0.0004160 secs] [Times: user=0.00 sys=0.00, real=0.00 secs] 
272.028: Total time for which application threads were stopped: 0.0005220 seconds, Stopping threads took: 0.0000440 seconds
272.067: Application time: 0.0392690 seconds
272.068: [GC [PSYoungGen: 7664K->496K(8192K)] 17806K->10637K(26112K), 0.0004200 secs] [Times: user=0.00 sys=0.00, real=0.00 secs] 
272.068: Total time for which application threads were stopped: 0.0005260 seconds, Stopping threads took: 0.0000380 seconds
272.108: Application time: 0.0398810 seconds
272.108: [GC [PSYoungGen: 7664K->480K(8192K)] 17805K->10622K(26112K), 0.0004200 secs] [Times: user=0.00 sys=0.00, real=0.00 secs] 
272.108: Total time for which application threads were stopped: 0.0005320 seconds, Stopping threads took: 0.0000510 seconds
272.148: Application time: 0.0392550 seconds
272.148: [GC [PSYoungGen: 7648K->544K(8192K)] 17790K->10685K(26112K), 0.0004290 secs] [Times: user=0.00 sys=0.00, real=0.00 secs] 
272.148: Total time for which application threads were stopped: 0.0005330 seconds, Stopping threads took: 0.0000420 seconds
272.188: Application time: 0.0397180 seconds
272.188: [GC [PSYoungGen: 7712K->480K(8192K)] 17853K->10622K(26112K), 0.0004230 secs] [Times: user=0.00 sys=0.00, real=0.00 secs] 
272.188: Total time for which application threads were stopped: 0.0005250 seconds, Stopping threads took: 0.0000420 seconds
272.228: Application time: 0.0391500 seconds
272.228: [GC [PSYoungGen: 7648K->464K(8192K)] 17790K->10702K(26112K), 0.0004290 secs] [Times: user=0.00 sys=0.00, real=0.00 secs] 
272.228: Total time for which application threads were stopped: 0.0005310 seconds, Stopping threads took: 0.0000410 seconds
272.267: Application time: 0.0392670 seconds
272.267: [GC [PSYoungGen: 7632K->384K(8192K)] 17870K->10710K(26112K), 0.0004310 secs] [Times: user=0.00 sys=0.00, real=0.00 secs] 
272.268: Total time for which application threads were stopped: 0.0005280 seconds, Stopping threads took: 0.0000380 seconds
272.307: Application time: 0.0393740 seconds
272.307: [GC [PSYoungGen: 7552K->352K(8192K)] 17878K->10678K(26112K), 0.0003930 secs] [Times: user=0.00 sys=0.00, real=0.00 secs] 
272.308: Total time for which application threads were stopped: 0.0004900 seconds, Stopping threads took: 0.0000380 seconds
272.347: Application time: 0.0396660 seconds
272.348: [GC [PSYoungGen: 7520K->288K(8192K)] 17846K->10670K(26112K), 0.0004390 secs] [Times: user=0.00 sys=0.00, real=0.00 secs] 
272.348: Total time for which application threads were stopped: 0.0005450 seconds, Stopping threads took: 0.0000490 seconds
272.387: Application time: 0.0393920 seconds
272.388: [GC [PSYoungGen: 7456K->288K(8192K)] 17838K->10726K(26112K), 0.0003750 secs] [Times: user=0.00 sys=0.00, real=0.00 secs] 
272.388: Total time for which application threads were stopped: 0.0004800 seconds, Stopping threads took: 0.0000450 seconds
272.426: Application time: 0.0383360 seconds
272.426: [GC [PSYoungGen: 7456K->272K(8192K)] 17894K->10798K(26112K), 0.0004860 secs] [Times: user=0.00 sys=0.00, real=0.00 secs] 
272.427: Total time for which application threads were stopped: 0.0005890 seconds, Stopping threads took: 0.0000410 seconds
272.465: Application time: 0.0383560 seconds
272.465: [GC [PSYoungGen: 7440K->352K(8192K)] 17966K->10878K(26112K), 0.0004190 secs] [Times: user=0.01 sys=0.00, real=0.00 secs] 
272.466: Total time for which application threads were stopped: 0.0005240 seconds, Stopping threads took: 0.0000350 seconds
272.507: Application time: 0.0413880 seconds
272.507: [GC [PSYoungGen: 7520K->368K(8192K)] 18046K->10894K(26112K), 0.0004090 secs] [Times: user=0.00 sys=0.00, real=0.00 secs] 
272.508: Total time for which application threads were stopped: 0.0005180 seconds, Stopping threads took: 0.0000450 seconds
272.550: Application time: 0.0422920 seconds
272.550: [GC [PSYoungGen: 7536K->480K(8192K)] 18062K->11006K(26112K), 0.0004620 secs] [Times: user=0.00 sys=0.00, real=0.00 secs] 
272.550: Total time for which application threads were stopped: 0.0005720 seconds, Stopping threads took: 0.0000460 seconds
272.593: Application time: 0.0423570 seconds
272.593: [GC [PSYoungGen: 7648K->496K(8192K)] 18174K->11022K(26112K), 0.0004990 secs] [Times: user=0.00 sys=0.00, real=0.00 secs] 
272.593: Total time for which application threads were stopped: 0.0006150 seconds, Stopping threads took: 0.0000490 seconds
272.636: Application time: 0.0428630 seconds
272.636: [GC [PSYoungGen: 7664K->480K(8192K)] 18190K->11006K(26112K), 0.0005610 secs] [Times: user=0.00 sys=0.00, real=0.00 secs] 
272.637: Total time for which application threads were stopped: 0.0006800 seconds, Stopping threads took: 0.0000490 seconds
272.680: Application time: 0.0432430 seconds
272.680: [GC [PSYoungGen: 7648K->544K(8192K)] 18174K->11070K(26112K), 0.0004490 secs] [Times: user=0.00 sys=0.00, real=0.00 secs] 
272.681: Total time for which application threads were stopped: 0.0005640 seconds, Stopping threads took: 0.0000500 seconds
272.725: Application time: 0.0437210 seconds
272.725: [GC [PSYoungGen: 7712K->512K(8192K)] 18238K->11038K(26112K), 0.0005010 secs] [Times: user=0.00 sys=0.00, real=0.00 secs] 
272.725: Total time for which application threads were stopped: 0.0006120 seconds, Stopping threads took: 0.0000490 seconds
272.770: Application time: 0.0444650 seconds
272.770: [GC [PSYoungGen: 7680K->496K(8192K)] 18206K->11022K(26112K), 0.0005270 secs] [Times: user=0.00 sys=0.00, real=0.00 secs] 
272.770: Total time for which application threads were stopped: 0.0006340 seconds, Stopping threads took: 0.0000450 seconds
272.814: Application time: 0.0433100 seconds
272.814: [GC [PSYoungGen: 7664K->480K(8192K)] 18190K->11006K(26112K), 0.0004440 secs] [Times: user=0.01 sys=0.00, real=0.00 secs] 
272.814: Total time for which application threads were stopped: 0.0005700 seconds, Stopping threads took: 0.0000630 seconds
272.857: Application time: 0.0431370 seconds
272.857: [GC [PSYoungGen: 7648K->480K(8192K)] 18174K->11006K(26112K), 0.0004810 secs] [Times: user=0.00 sys=0.00, real=0.00 secs] 
272.858: Total time for which application threads were stopped: 0.0006040 seconds, Stopping threads took: 0.0000580 seconds
272.901: Application time: 0.0432720 seconds
272.901: [GC [PSYoungGen: 7648K->496K(8192K)] 18174K->11022K(26112K), 0.0005720 secs] [Times: user=0.00 sys=0.00, real=0.00 secs] 
272.902: Total time for which application threads were stopped: 0.0007250 seconds, Stopping threads took: 0.0000710 seconds
272.946: Application time: 0.0437770 seconds
272.946: [GC [PSYoungGen: 7664K->496K(8192K)] 18190K->11022K(26112K), 0.0004540 secs] [Times: user=0.01 sys=0.00, real=0.00 secs] 
272.946: Total time for which application threads were stopped: 0.0005700 seconds, Stopping threads took: 0.0000500 seconds
272.990: Application time: 0.0435840 seconds
272.993: [GC [PSYoungGen: 7664K->448K(8192K)] 18190K->10974K(26112K), 0.0005020 secs] [Times: user=0.00 sys=0.00, real=0.00 secs] 
272.994: Total time for which application threads were stopped: 0.0038190 seconds, Stopping threads took: 0.0032490 seconds
273.037: Application time: 0.0430920 seconds
273.037: [GC [PSYoungGen: 7616K->512K(8192K)] 18142K->11038K(26112K), 0.0005640 secs] [Times: user=0.00 sys=0.00, real=0.00 secs] 
273.037: Total time for which application threads were stopped: 0.0006800 seconds, Stopping threads took: 0.0000490 seconds
273.081: Application time: 0.0431080 seconds
273.081: [GC [PSYoungGen: 7680K->400K(8192K)] 18206K->11022K(26112K), 0.0005110 secs] [Times: user=0.01 sys=0.00, real=0.01 secs] 
273.081: Total time for which application threads were stopped: 0.0006250 seconds, Stopping threads took: 0.0000500 seconds
273.124: Application time: 0.0433320 seconds
273.125: [GC [PSYoungGen: 7568K->384K(8192K)] 18190K->11102K(26112K), 0.0004680 secs] [Times: user=0.00 sys=0.00, real=0.00 secs] 
273.125: Total time for which application threads were stopped: 0.0005740 seconds, Stopping threads took: 0.0000410 seconds
273.169: Application time: 0.0438280 seconds
273.169: [GC [PSYoungGen: 7552K->384K(8192K)] 18270K->11102K(26112K), 0.0004160 secs] [Times: user=0.00 sys=0.00, real=0.01 secs] 
273.169: Total time for which application threads were stopped: 0.0005300 seconds, Stopping threads took: 0.0000510 seconds
273.213: Application time: 0.0431690 seconds
273.213: [GC [PSYoungGen: 7552K->288K(8192K)] 18270K->11102K(26112K), 0.0004050 secs] [Times: user=0.00 sys=0.00, real=0.00 secs] 
273.213: Total time for which application threads were stopped: 0.0005070 seconds, Stopping threads took: 0.0000350 seconds
273.256: Application time: 0.0432600 seconds
273.256: [GC [PSYoungGen: 7456K->272K(8192K)] 18270K->11142K(26112K), 0.0003990 secs] [Times: user=0.01 sys=0.00, real=0.00 secs] 
273.257: Total time for which application threads were stopped: 0.0005040 seconds, Stopping threads took: 0.0000430 seconds
273.298: Application time: 0.0414910 seconds
273.298: [GC [PSYoungGen: 7440K->320K(8192K)] 18310K->11254K(26112K), 0.0004500 secs] [Times: user=0.00 sys=0.00, real=0.00 secs] 
273.299: Total time for which application threads were stopped: 0.0005600 seconds, Stopping threads took: 0.0000460 seconds
273.343: Application time: 0.0439060 seconds
273.343: [GC [PSYoungGen: 7488K->304K(8192K)] 18422K->11238K(26112K), 0.0004820 secs] [Times: user=0.00 sys=0.00, real=0.00 secs] 
273.343: Total time for which application threads were stopped: 0.0006030 seconds, Stopping threads took: 0.0000560 seconds
273.387: Application time: 0.0435170 seconds
273.387: [GC [PSYoungGen: 7472K->368K(8192K)] 18406K->11302K(26112K), 0.0004020 secs] [Times: user=0.00 sys=0.00, real=0.00 secs] 
273.387: Total time for which application threads were stopped: 0.0005390 seconds, Stopping threads took: 0.0000740 seconds
273.429: Application time: 0.0417530 seconds
273.429: [GC [PSYoungGen: 7536K->400K(8192K)] 18470K->11334K(26112K), 0.0005030 secs] [Times: user=0.00 sys=0.00, real=0.00 secs] 
273.430: Total time for which application threads were stopped: 0.0006330 seconds, Stopping threads took: 0.0000640 seconds
273.473: Application time: 0.0430490 seconds
273.473: [GC [PSYoungGen: 7568K->432K(8192K)] 18502K->11366K(26112K), 0.0004460 secs] [Times: user=0.00 sys=0.00, real=0.00 secs] 
273.473: Total time for which application threads were stopped: 0.0005600 seconds, Stopping threads took: 0.0000440 seconds
273.517: Application time: 0.0430930 seconds
273.517: [GC [PSYoungGen: 7600K->480K(8192K)] 18534K->11414K(26112K), 0.0005240 secs] [Times: user=0.00 sys=0.00, real=0.00 secs] 
273.517: Total time for which application threads were stopped: 0.0006490 seconds, Stopping threads took: 0.0000510 seconds
273.560: Application time: 0.0432120 seconds
273.561: [GC [PSYoungGen: 7648K->512K(8192K)] 18582K->11446K(26112K), 0.0004570 secs] [Times: user=0.00 sys=0.00, real=0.01 secs] 
273.561: Total time for which application threads were stopped: 0.0005860 seconds, Stopping threads took: 0.0000570 seconds
273.604: Application time: 0.0433230 seconds
273.604: [GC [PSYoungGen: 7680K->512K(8192K)] 18614K->11446K(26112K), 0.0004960 secs] [Times: user=0.00 sys=0.00, real=0.00 secs] 
273.605: Total time for which application threads were stopped: 0.0006160 seconds, Stopping threads took: 0.0000540 seconds
273.648: Application time: 0.0432740 seconds
273.648: [GC [PSYoungGen: 7680K->496K(8192K)] 18614K->11430K(26112K), 0.0004320 secs] [Times: user=0.00 sys=0.00, real=0.00 secs] 
273.649: Total time for which application threads were stopped: 0.0005400 seconds, Stopping threads took: 0.0000450 seconds
273.693: Application time: 0.0437460 seconds
273.693: [GC [PSYoungGen: 7664K->528K(8192K)] 18598K->11462K(26112K), 0.0004380 secs] [Times: user=0.00 sys=0.00, real=0.00 secs] 
273.693: Total time for which application threads were stopped: 0.0005420 seconds, Stopping threads took: 0.0000410 seconds
273.736: Application time: 0.0431240 seconds
273.736: [GC [PSYoungGen: 7696K->512K(8192K)] 18630K->11446K(26112K), 0.0004350 secs] [Times: user=0.00 sys=0.00, real=0.00 secs] 
273.737: Total time for which application threads were stopped: 0.0005440 seconds, Stopping threads took: 0.0000460 seconds
273.780: Application time: 0.0431820 seconds
273.780: [GC [PSYoungGen: 7680K->496K(8192K)] 18614K->11430K(26112K), 0.0004820 secs] [Times: user=0.00 sys=0.00, real=0.00 secs] 
273.781: Total time for which application threads were stopped: 0.0005960 seconds, Stopping threads took: 0.0000510 seconds
273.824: Application time: 0.0432590 seconds
273.824: [GC [PSYoungGen: 7664K->528K(8192K)] 18598K->11462K(26112K), 0.0004940 secs] [Times: user=0.01 sys=0.00, real=0.00 secs] 
273.824: Total time for which application threads were stopped: 0.0006140 seconds, Stopping threads took: 0.0000450 seconds
273.868: Application time: 0.0431160 seconds
273.868: [GC [PSYoungGen: 7696K->512K(8192K)] 18630K->11446K(26112K), 0.0004650 secs] [Times: user=0.00 sys=0.00, real=0.00 secs] 
273.868: Total time for which application threads were stopped: 0.0005740 seconds, Stopping threads took: 0.0000460 seconds
273.911: Application time: 0.0433080 seconds
273.912: [GC [PSYoungGen: 7680K->512K(8192K)] 18614K->11446K(26112K), 0.0004700 secs] [Times: user=0.00 sys=0.00, real=0.00 secs] 
273.912: Total time for which application threads were stopped: 0.0006130 seconds, Stopping threads took: 0.0000670 seconds
273.955: Application time: 0.0431950 seconds
273.955: [GC [PSYoungGen: 7680K->384K(8192K)] 18614K->11446K(26112K), 0.0004600 secs] [Times: user=0.00 sys=0.00, real=0.00 secs] 
273.956: Total time for which application threads were stopped: 0.0005860 seconds, Stopping threads took: 0.0000620 seconds
273.999: Application time: 0.0436090 seconds
274.000: [GC [PSYoungGen: 7552K->384K(8192K)] 18614K->11494K(26112K), 0.0004140 secs] [Times: user=0.01 sys=0.00, real=0.00 secs] 
274.000: Total time for which application threads were stopped: 0.0005210 seconds, Stopping threads took: 0.0000430 seconds
274.043: Application time: 0.0435430 seconds
274.044: [GC [PSYoungGen: 7552K->352K(8192K)] 18662K->11462K(26112K), 0.0004550 secs] [Times: user=0.00 sys=0.00, real=0.00 secs] 
274.044: Total time for which application threads were stopped: 0.0005690 seconds, Stopping threads took: 0.0000410 seconds
274.087: Application time: 0.0433560 seconds
274.088: [GC [PSYoungGen: 7520K->288K(8192K)] 18630K->11494K(26112K), 0.0004300 secs] [Times: user=0.00 sys=0.00, real=0.00 secs] 
274.088: Total time for which application threads were stopped: 0.0005600 seconds, Stopping threads took: 0.0000670 seconds
274.130: Application time: 0.0420300 seconds
274.130: [GC [PSYoungGen: 7456K->336K(8192K)] 18662K->11606K(26112K), 0.0004380 secs] [Times: user=0.00 sys=0.00, real=0.00 secs] 
274.131: Total time for which application threads were stopped: 0.0005460 seconds, Stopping threads took: 0.0000440 seconds
274.173: Application time: 0.0428910 seconds
274.174: [GC [PSYoungGen: 7504K->320K(8192K)] 18774K->11638K(26112K), 0.0004240 secs] [Times: user=0.01 sys=0.00, real=0.00 secs] 
274.174: Total time for which application threads were stopped: 0.0005280 seconds, Stopping threads took: 0.0000410 seconds
274.217: Application time: 0.0426620 seconds
274.217: [GC [PSYoungGen: 7488K->368K(8192K)] 18806K->11686K(26112K), 0.0004080 secs] [Times: user=0.00 sys=0.00, real=0.00 secs] 
274.217: Total time for which application threads were stopped: 0.0005260 seconds, Stopping threads took: 0.0000530 seconds
274.260: Application time: 0.0427490 seconds
274.260: [GC [PSYoungGen: 7536K->400K(8192K)] 18854K->11718K(26112K), 0.0004370 secs] [Times: user=0.00 sys=0.00, real=0.00 secs] 
274.260: Total time for which application threads were stopped: 0.0005530 seconds, Stopping threads took: 0.0000510 seconds
274.303: Application time: 0.0429310 seconds
274.303: [GC [PSYoungGen: 7568K->416K(8192K)] 18886K->11734K(26112K), 0.0004870 secs] [Times: user=0.00 sys=0.00, real=0.00 secs] 
274.304: Total time for which application threads were stopped: 0.0005960 seconds, Stopping threads took: 0.0000450 seconds
274.346: Application time: 0.0422280 seconds
274.346: [GC [PSYoungGen: 7584K->528K(8192K)] 18902K->11846K(26112K), 0.0004440 secs] [Times: user=0.00 sys=0.00, real=0.00 secs] 
274.347: Total time for which application threads were stopped: 0.0005460 seconds, Stopping threads took: 0.0000380 seconds
274.390: Application time: 0.0433070 seconds
274.390: [GC [PSYoungGen: 7696K->496K(8192K)] 19014K->11814K(26112K), 0.0004600 secs] [Times: user=0.00 sys=0.00, real=0.00 secs] 
274.391: Total time for which application threads were stopped: 0.0005680 seconds, Stopping threads took: 0.0000440 seconds
274.434: Application time: 0.0435270 seconds
274.434: [GC [PSYoungGen: 7664K->512K(8192K)] 18982K->11830K(26112K), 0.0004650 secs] [Times: user=0.00 sys=0.00, real=0.00 secs] 
274.435: Total time for which application threads were stopped: 0.0005770 seconds, Stopping threads took: 0.0000500 seconds
274.478: Application time: 0.0436890 seconds
274.479: [GC [PSYoungGen: 7680K->544K(8192K)] 18998K->11862K(26112K), 0.0004350 secs] [Times: user=0.01 sys=0.00, real=0.00 secs] 
274.479: Total time for which application threads were stopped: 0.0005450 seconds, Stopping threads took: 0.0000450 seconds
274.522: Application time: 0.0434270 seconds
274.523: [GC [PSYoungGen: 7712K->480K(8192K)] 19030K->11798K(26112K), 0.0004800 secs] [Times: user=0.01 sys=0.00, real=0.00 secs] 
274.523: Total time for which application threads were stopped: 0.0005960 seconds, Stopping threads took: 0.0000540 seconds
274.566: Application time: 0.0433610 seconds
274.569: [GC [PSYoungGen: 7648K->464K(8192K)] 18966K->11782K(26112K), 0.0004590 secs] [Times: user=0.00 sys=0.00, real=0.00 secs] 
274.570: Total time for which application threads were stopped: 0.0031860 seconds, Stopping threads took: 0.0026560 seconds
274.613: Application time: 0.0430920 seconds
274.613: [GC [PSYoungGen: 7632K->448K(8192K)] 18950K->11766K(26112K), 0.0004830 secs] [Times: user=0.00 sys=0.00, real=0.00 secs] 
274.613: Total time for which application threads were stopped: 0.0005990 seconds, Stopping threads took: 0.0000520 seconds
274.656: Application time: 0.0430730 seconds
274.656: [GC [PSYoungGen: 7616K->496K(8192K)] 18934K->11814K(26112K), 0.0004480 secs] [Times: user=0.00 sys=0.00, real=0.00 secs] 
274.657: Total time for which application threads were stopped: 0.0005610 seconds, Stopping threads took: 0.0000500 seconds
274.700: Application time: 0.0431900 seconds
274.701: [GC [PSYoungGen: 7664K->480K(8192K)] 18982K->11798K(26112K), 0.0004590 secs] [Times: user=0.00 sys=0.00, real=0.00 secs] 
274.702: Total time for which application threads were stopped: 0.0014670 seconds, Stopping threads took: 0.0009460 seconds
274.745: Application time: 0.0434940 seconds
274.745: [GC [PSYoungGen: 7648K->528K(8192K)] 18966K->11846K(26112K), 0.0005050 secs] [Times: user=0.00 sys=0.00, real=0.00 secs] 
274.746: Total time for which application threads were stopped: 0.0006180 seconds, Stopping threads took: 0.0000480 seconds
274.789: Application time: 0.0429100 seconds
274.789: [GC [PSYoungGen: 7696K->432K(8192K)] 19014K->11850K(26112K), 0.0005010 secs] [Times: user=0.00 sys=0.00, real=0.01 secs] 
274.789: Total time for which application threads were stopped: 0.0006090 seconds, Stopping threads took: 0.0000450 seconds
274.833: Application time: 0.0442130 seconds
274.834: [GC [PSYoungGen: 7600K->384K(8192K)] 19018K->11850K(26112K), 0.0004690 secs] [Times: user=0.01 sys=0.00, real=0.00 secs] 
274.834: Total time for which application threads were stopped: 0.0005790 seconds, Stopping threads took: 0.0000480 seconds
274.878: Application time: 0.0437070 seconds
274.878: [GC [PSYoungGen: 7552K->400K(8192K)] 19018K->11914K(26112K), 0.0004350 secs] [Times: user=0.00 sys=0.00, real=0.00 secs] 
274.878: Total time for which application threads were stopped: 0.0005480 seconds, Stopping threads took: 0.0000490 seconds
274.922: Application time: 0.0438820 seconds
274.922: [GC [PSYoungGen: 7568K->320K(8192K)] 19082K->11874K(26112K), 0.0004520 secs] [Times: user=0.00 sys=0.00, real=0.00 secs] 
274.923: Total time for which application threads were stopped: 0.0005760 seconds, Stopping threads took: 0.0000510 seconds
274.966: Application time: 0.0432680 seconds
274.966: [GC [PSYoungGen: 7488K->320K(8192K)] 19042K->11930K(26112K), 0.0004000 secs] [Times: user=0.00 sys=0.00, real=0.00 secs] 
274.966: Total time for which application threads were stopped: 0.0005080 seconds, Stopping threads took: 0.0000440 seconds
275.008: Application time: 0.0417230 seconds
275.009: [GC [PSYoungGen: 7488K->336K(8192K)] 19098K->12026K(26112K), 0.0004520 secs] [Times: user=0.00 sys=0.00, real=0.00 secs] 
275.010: Total time for which application threads were stopped: 0.0013530 seconds, Stopping threads took: 0.0008340 seconds
275.052: Application time: 0.0428120 seconds
275.052: [GC [PSYoungGen: 7504K->368K(8192K)] 19194K->12059K(26112K), 0.0004310 secs] [Times: user=0.00 sys=0.00, real=0.00 secs] 
275.053: Total time for which application threads were stopped: 0.0005470 seconds, Stopping threads took: 0.0000510 seconds
275.096: Application time: 0.0432560 seconds
275.097: [GC [PSYoungGen: 7536K->352K(8192K)] 19227K->12043K(26112K), 0.0004610 secs] [Times: user=0.00 sys=0.00, real=0.00 secs] 
275.098: Total time for which application threads were stopped: 0.0013870 seconds, Stopping threads took: 0.0008510 seconds
275.140: Application time: 0.0427930 seconds
275.140: [GC [PSYoungGen: 7520K->400K(8192K)] 19211K->12091K(26112K), 0.0004390 secs] [Times: user=0.00 sys=0.00, real=0.00 secs] 
275.141: Total time for which application threads were stopped: 0.0005510 seconds, Stopping threads took: 0.0000470 seconds
275.183: Application time: 0.0419700 seconds
275.183: [GC [PSYoungGen: 7568K->464K(8192K)] 19259K->12155K(26112K), 0.0004820 secs] [Times: user=0.00 sys=0.00, real=0.00 secs] 
275.183: Total time for which application threads were stopped: 0.0005910 seconds, Stopping threads took: 0.0000450 seconds
275.226: Application time: 0.0429770 seconds
275.229: [GC [PSYoungGen: 7632K->496K(8192K)] 19323K->12187K(26112K), 0.0004860 secs] [Times: user=0.00 sys=0.00, real=0.00 secs] 
275.230: Total time for which application threads were stopped: 0.0031210 seconds, Stopping threads took: 0.0025720 seconds
275.274: Application time: 0.0440840 seconds
275.274: [GC [PSYoungGen: 7664K->528K(8192K)] 19355K->12219K(26112K), 0.0005460 secs] [Times: user=0.00 sys=0.00, real=0.00 secs] 
275.274: Total time for which application threads were stopped: 0.0006510 seconds, Stopping threads took: 0.0000420 seconds
275.318: Application time: 0.0431920 seconds
275.318: [GC [PSYoungGen: 7696K->496K(8192K)] 19387K->12187K(26112K), 0.0004650 secs] [Times: user=0.00 sys=0.00, real=0.00 secs] 
275.318: Total time for which application threads were stopped: 0.0005830 seconds, Stopping threads took: 0.0000520 seconds
275.362: Application time: 0.0438760 seconds
275.362: [GC [PSYoungGen: 7664K->512K(8192K)] 19355K->12203K(26112K), 0.0005030 secs] [Times: user=0.00 sys=0.00, real=0.00 secs] 
275.363: Total time for which application threads were stopped: 0.0006070 seconds, Stopping threads took: 0.0000400 seconds
275.406: Application time: 0.0437500 seconds
275.406: [GC [PSYoungGen: 7680K->512K(8192K)] 19371K->12202K(26112K), 0.0004550 secs] [Times: user=0.00 sys=0.00, real=0.00 secs] 
275.407: Total time for which application threads were stopped: 0.0005660 seconds, Stopping threads took: 0.0000460 seconds
275.450: Application time: 0.0430710 seconds
275.450: [GC [PSYoungGen: 7680K->544K(8192K)] 19370K->12235K(26112K), 0.0004660 secs] [Times: user=0.00 sys=0.00, real=0.00 secs] 
275.451: Total time for which application threads were stopped: 0.0005770 seconds, Stopping threads took: 0.0000470 seconds
275.494: Application time: 0.0431400 seconds
275.494: [GC [PSYoungGen: 7712K->496K(8192K)] 19403K->12187K(26112K), 0.0004950 secs] [Times: user=0.00 sys=0.00, real=0.00 secs] 
275.494: Total time for which application threads were stopped: 0.0006080 seconds, Stopping threads took: 0.0000470 seconds
275.538: Application time: 0.0432410 seconds
275.538: [GC [PSYoungGen: 7664K->528K(8192K)] 19355K->12219K(26112K), 0.0004460 secs] [Times: user=0.00 sys=0.00, real=0.00 secs] 
275.538: Total time for which application threads were stopped: 0.0005490 seconds, Stopping threads took: 0.0000410 seconds
275.581: Application time: 0.0432590 seconds
275.581: [GC [PSYoungGen: 7696K->496K(8192K)] 19387K->12186K(26112K), 0.0004550 secs] [Times: user=0.01 sys=0.00, real=0.00 secs] 
275.582: Total time for which application threads were stopped: 0.0005660 seconds, Stopping threads took: 0.0000460 seconds
275.625: Application time: 0.0435210 seconds
275.626: [GC [PSYoungGen: 7664K->512K(8192K)] 19354K->12203K(26112K), 0.0004770 secs] [Times: user=0.01 sys=0.00, real=0.00 secs] 
275.626: Total time for which application threads were stopped: 0.0005980 seconds, Stopping threads took: 0.0000390 seconds
275.669: Application time: 0.0431900 seconds
275.673: [GC [PSYoungGen: 7680K->416K(8192K)] 19371K->12195K(26112K), 0.0004600 secs] [Times: user=0.00 sys=0.00, real=0.00 secs] 
275.674: Total time for which application threads were stopped: 0.0043300 seconds, Stopping threads took: 0.0038060 seconds
275.717: Application time: 0.0431550 seconds
275.717: [GC [PSYoungGen: 7584K->384K(8192K)] 19363K->12243K(26112K), 0.0004380 secs] [Times: user=0.00 sys=0.00, real=0.00 secs] 
275.717: Total time for which application threads were stopped: 0.0005480 seconds, Stopping threads took: 0.0000440 seconds
275.760: Application time: 0.0432060 seconds
275.761: [GC [PSYoungGen: 7552K->384K(8192K)] 19411K->12243K(26112K), 0.0004190 secs] [Times: user=0.00 sys=0.00, real=0.00 secs] 
275.761: Total time for which application threads were stopped: 0.0005260 seconds, Stopping threads took: 0.0000410 seconds
275.804: Application time: 0.0432560 seconds
275.804: [GC [PSYoungGen: 7552K->336K(8192K)] 19411K->12259K(26112K), 0.0004370 secs] [Times: user=0.01 sys=0.00, real=0.00 secs] 
275.805: Total time for which application threads were stopped: 0.0005450 seconds, Stopping threads took: 0.0000440 seconds
275.848: Application time: 0.0432990 seconds
275.848: [GC [PSYoungGen: 7504K->304K(8192K)] 19427K->12315K(26112K), 0.0004100 secs] [Times: user=0.00 sys=0.00, real=0.00 secs] 
275.849: Total time for which application threads were stopped: 0.0005220 seconds, Stopping threads took: 0.0000480 seconds
275.891: Application time: 0.0421670 seconds
275.891: [GC [PSYoungGen: 7472K->272K(8192K)] 19483K->12347K(26112K), 0.0004720 secs] [Times: user=0.00 sys=0.00, real=0.00 secs] 
275.891: Total time for which application threads were stopped: 0.0005820 seconds, Stopping threads took: 0.0000470 seconds
275.934: Application time: 0.0427840 seconds
275.934: [GC [PSYoungGen: 7440K->320K(8192K)] 19515K->12395K(26112K), 0.0004670 secs] [Times: user=0.00 sys=0.00, real=0.00 secs] 
275.937: Total time for which application threads were stopped: 0.0030010 seconds, Stopping threads took: 0.0000530 seconds
275.981: Application time: 0.0433870 seconds
275.981: [GC [PSYoungGen: 7488K->352K(8192K)] 19563K->12427K(26112K), 0.0004310 secs] [Times: user=0.00 sys=0.00, real=0.01 secs] 
275.981: Total time for which application threads were stopped: 0.0005400 seconds, Stopping threads took: 0.0000430 seconds
276.025: Application time: 0.0441780 seconds
276.025: [GC [PSYoungGen: 7520K->416K(8192K)] 19595K->12491K(26112K), 0.0004420 secs] [Times: user=0.00 sys=0.00, real=0.00 secs] 
276.026: Total time for which application threads were stopped: 0.0005490 seconds, Stopping threads took: 0.0000440 seconds
276.069: Application time: 0.0430440 seconds
276.069: [GC [PSYoungGen: 7584K->464K(8192K)] 19659K->12539K(26112K), 0.0004530 secs] [Times: user=0.00 sys=0.01, real=0.01 secs] 
276.069: Total time for which application threads were stopped: 0.0005620 seconds, Stopping threads took: 0.0000410 seconds
276.112: Application time: 0.0425180 seconds
276.112: [GC [PSYoungGen: 7632K->512K(8192K)] 19707K->12587K(26112K), 0.0005050 secs] [Times: user=0.00 sys=0.00, real=0.00 secs] 
276.113: Total time for which application threads were stopped: 0.0006140 seconds, Stopping threads took: 0.0000450 seconds
276.156: Application time: 0.0436850 seconds
276.156: [GC [PSYoungGen: 7680K->496K(8192K)] 19755K->12571K(26112K), 0.0004480 secs] [Times: user=0.00 sys=0.00, real=0.00 secs] 
276.157: Total time for which application threads were stopped: 0.0005760 seconds, Stopping threads took: 0.0000530 seconds
276.200: Application time: 0.0435000 seconds
276.200: [GC [PSYoungGen: 7664K->528K(8192K)] 19739K->12603K(26112K), 0.0004440 secs] [Times: user=0.00 sys=0.00, real=0.00 secs] 
276.201: Total time for which application threads were stopped: 0.0005580 seconds, Stopping threads took: 0.0000500 seconds
276.244: Application time: 0.0433930 seconds
276.244: [GC [PSYoungGen: 7696K->496K(8192K)] 19771K->12571K(26112K), 0.0005160 secs] [Times: user=0.00 sys=0.00, real=0.00 secs] 
276.245: Total time for which application threads were stopped: 0.0006150 seconds, Stopping threads took: 0.0000370 seconds
276.288: Application time: 0.0432370 seconds
276.288: [GC [PSYoungGen: 7664K->496K(8192K)] 19739K->12571K(26112K), 0.0004500 secs] [Times: user=0.01 sys=0.00, real=0.00 secs] 
276.289: Total time for which application threads were stopped: 0.0005740 seconds, Stopping threads took: 0.0000590 seconds
276.332: Application time: 0.0430560 seconds
276.332: [GC [PSYoungGen: 7664K->464K(8192K)] 19739K->12539K(26112K), 0.0004620 secs] [Times: user=0.00 sys=0.00, real=0.00 secs] 
276.332: Total time for which application threads were stopped: 0.0005650 seconds, Stopping threads took: 0.0000410 seconds
276.375: Application time: 0.0430730 seconds
276.376: [GC [PSYoungGen: 7632K->544K(8192K)] 19707K->12619K(26112K), 0.0004570 secs] [Times: user=0.00 sys=0.00, real=0.00 secs] 
276.376: Total time for which application threads were stopped: 0.0005620 seconds, Stopping threads took: 0.0000440 seconds
276.419: Application time: 0.0433030 seconds
276.419: [GC [PSYoungGen: 7712K->496K(8192K)] 19787K->12571K(26112K), 0.0004360 secs] [Times: user=0.00 sys=0.00, real=0.00 secs] 
276.420: Total time for which application threads were stopped: 0.0005500 seconds, Stopping threads took: 0.0000490 seconds
276.463: Application time: 0.0435680 seconds
276.464: [GC [PSYoungGen: 7664K->448K(8192K)] 19739K->12523K(26112K), 0.0004710 secs] [Times: user=0.01 sys=0.00, real=0.00 secs] 
276.464: Total time for which application threads were stopped: 0.0005840 seconds, Stopping threads took: 0.0000520 seconds
276.505: Application time: 0.0412420 seconds
276.505: [GC [PSYoungGen: 7616K->528K(8192K)] 19691K->12603K(26112K), 0.0004350 secs] [Times: user=0.00 sys=0.00, real=0.00 secs] 
276.506: Total time for which application threads were stopped: 0.0005400 seconds, Stopping threads took: 0.0000450 seconds
276.545: Application time: 0.0394140 seconds
276.549: [GC [PSYoungGen: 7696K->416K(8192K)] 19771K->12591K(26112K), 0.0004790 secs] [Times: user=0.00 sys=0.00, real=0.00 secs] 
276.550: Total time for which application threads were stopped: 0.0043980 seconds, Stopping threads took: 0.0038570 seconds
276.589: Application time: 0.0395130 seconds
276.589: [GC [PSYoungGen: 7584K->336K(8192K)] 19759K->12591K(26112K), 0.0004060 secs] [Times: user=0.00 sys=0.00, real=0.00 secs] 
276.590: Total time for which application threads were stopped: 0.0005110 seconds, Stopping threads took: 0.0000430 seconds
276.629: Application time: 0.0397930 seconds
276.630: [GC [PSYoungGen: 7504K->400K(8192K)] 19759K->12655K(26112K), 0.0003860 secs] [Times: user=0.00 sys=0.00, real=0.00 secs] 
276.630: Total time for which application threads were stopped: 0.0005120 seconds, Stopping threads took: 0.0000630 seconds
276.669: Application time: 0.0394040 seconds
276.669: [GC [PSYoungGen: 7568K->288K(8192K)] 19823K->12647K(26112K), 0.0003850 secs] [Times: user=0.00 sys=0.00, real=0.00 secs] 
276.670: Total time for which application threads were stopped: 0.0005060 seconds, Stopping threads took: 0.0000500 seconds
276.709: Application time: 0.0393030 seconds
276.709: [GC [PSYoungGen: 7456K->272K(8192K)] 19815K->12679K(26112K), 0.0004970 secs] [Times: user=0.00 sys=0.00, real=0.00 secs] 
276.710: Total time for which application threads were stopped: 0.0006180 seconds, Stopping threads took: 0.0000610 seconds
276.747: Application time: 0.0376500 seconds
276.748: [GC [PSYoungGen: 7440K->352K(8192K)] 19847K->12799K(26112K), 0.0004490 secs] [Times: user=0.01 sys=0.00, real=0.00 secs] 
276.748: Total time for which application threads were stopped: 0.0005600 seconds, Stopping threads took: 0.0000460 seconds
276.787: Application time: 0.0391690 seconds
276.787: [GC [PSYoungGen: 7520K->336K(8192K)] 19967K->12783K(26112K), 0.0004360 secs] [Times: user=0.00 sys=0.00, real=0.00 secs] 
276.788: Total time for which application threads were stopped: 0.0005360 seconds, Stopping threads took: 0.0000390 seconds
276.827: Application time: 0.0390590 seconds
276.827: [GC [PSYoungGen: 7504K->352K(8192K)] 19951K->12799K(26112K), 0.0004340 secs] [Times: user=0.00 sys=0.00, real=0.00 secs] 
276.827: Total time for which application threads were stopped: 0.0005480 seconds, Stopping threads took: 0.0000510 seconds
276.866: Application time: 0.0390940 seconds
276.866: [GC [PSYoungGen: 7520K->432K(8192K)] 19967K->12879K(26112K), 0.0004540 secs] [Times: user=0.01 sys=0.00, real=0.00 secs] 
276.867: Total time for which application threads were stopped: 0.0005620 seconds, Stopping threads took: 0.0000460 seconds
276.906: Application time: 0.0392450 seconds
276.906: [GC [PSYoungGen: 7600K->448K(8192K)] 20047K->12895K(26112K), 0.0004680 secs] [Times: user=0.00 sys=0.00, real=0.00 secs] 
276.907: Total time for which application threads were stopped: 0.0005960 seconds, Stopping threads took: 0.0000520 seconds
276.946: Application time: 0.0391340 seconds
276.946: [GC [PSYoungGen: 7616K->464K(8192K)] 20063K->12911K(26112K), 0.0004350 secs] [Times: user=0.00 sys=0.00, real=0.00 secs] 
276.946: Total time for which application threads were stopped: 0.0005470 seconds, Stopping threads took: 0.0000450 seconds
276.986: Application time: 0.0392590 seconds
276.986: [GC [PSYoungGen: 7632K->448K(8192K)] 20079K->12895K(26112K), 0.0004310 secs] [Times: user=0.00 sys=0.00, real=0.00 secs] 
276.986: Total time for which application threads were stopped: 0.0005370 seconds, Stopping threads took: 0.0000460 seconds
277.026: Application time: 0.0398160 seconds
277.026: [GC [PSYoungGen: 7616K->544K(8192K)] 20063K->12991K(26112K), 0.0004490 secs] [Times: user=0.00 sys=0.00, real=0.00 secs] 
277.027: Total time for which application threads were stopped: 0.0005530 seconds, Stopping threads took: 0.0000450 seconds
277.066: Application time: 0.0398300 seconds
277.067: [GC [PSYoungGen: 7712K->480K(8192K)] 20159K->12927K(26112K), 0.0004300 secs] [Times: user=0.00 sys=0.00, real=0.00 secs] 
277.067: Total time for which application threads were stopped: 0.0005390 seconds, Stopping threads took: 0.0000460 seconds
277.106: Application time: 0.0392180 seconds
277.106: [GC [PSYoungGen: 7648K->512K(8192K)] 20095K->12959K(26112K), 0.0004670 secs] [Times: user=0.00 sys=0.00, real=0.00 secs] 
277.107: Total time for which application threads were stopped: 0.0005540 seconds, Stopping threads took: 0.0000280 seconds
277.146: Application time: 0.0391860 seconds
277.146: [GC [PSYoungGen: 7680K->512K(8192K)] 20127K->12959K(26112K), 0.0004890 secs] [Times: user=0.00 sys=0.00, real=0.00 secs] 
277.147: Total time for which application threads were stopped: 0.0005920 seconds, Stopping threads took: 0.0000420 seconds
277.186: Application time: 0.0391910 seconds
277.186: [GC [PSYoungGen: 7680K->464K(8192K)] 20127K->12911K(26112K), 0.0004250 secs] [Times: user=0.00 sys=0.00, real=0.00 secs] 
277.186: Total time for which application threads were stopped: 0.0005560 seconds, Stopping threads took: 0.0000610 seconds
277.226: Application time: 0.0392690 seconds
277.226: [GC [PSYoungGen: 7632K->480K(8192K)] 20079K->12927K(26112K), 0.0004470 secs] [Times: user=0.00 sys=0.00, real=0.00 secs] 
277.226: Total time for which application threads were stopped: 0.0005480 seconds, Stopping threads took: 0.0000390 seconds
277.266: Application time: 0.0393410 seconds
277.266: [GC [PSYoungGen: 7648K->528K(8192K)] 20095K->12975K(26112K), 0.0004620 secs] [Times: user=0.00 sys=0.00, real=0.00 secs] 
277.266: Total time for which application threads were stopped: 0.0005630 seconds, Stopping threads took: 0.0000380 seconds
277.305: Application time: 0.0392080 seconds
277.305: [GC [PSYoungGen: 7696K->544K(8192K)] 20143K->12991K(26112K), 0.0004400 secs] [Times: user=0.00 sys=0.00, real=0.00 secs] 
277.306: Total time for which application threads were stopped: 0.0005470 seconds, Stopping threads took: 0.0000470 seconds
277.345: Application time: 0.0396650 seconds
277.346: [GC [PSYoungGen: 7712K->368K(8192K)] 20159K->12971K(26112K), 0.0004360 secs] [Times: user=0.01 sys=0.00, real=0.00 secs] 
277.346: Total time for which application threads were stopped: 0.0005470 seconds, Stopping threads took: 0.0000430 seconds
277.385: Application time: 0.0393950 seconds
277.386: [GC [PSYoungGen: 7536K->352K(8192K)] 20139K->12955K(26112K), 0.0003880 secs] [Times: user=0.00 sys=0.00, real=0.00 secs] 
277.386: Total time for which application threads were stopped: 0.0004970 seconds, Stopping threads took: 0.0000470 seconds
277.425: Application time: 0.0393130 seconds
277.425: [GC [PSYoungGen: 7520K->304K(8192K)] 20123K->12963K(26112K), 0.0003880 secs] [Times: user=0.01 sys=0.00, real=0.00 secs] 
277.426: Total time for which application threads were stopped: 0.0004900 seconds, Stopping threads took: 0.0000430 seconds
277.465: Application time: 0.0395270 seconds
277.465: [GC [PSYoungGen: 7472K->320K(8192K)] 20131K->13027K(26112K), 0.0003760 secs] [Times: user=0.00 sys=0.00, real=0.00 secs] 
277.466: Total time for which application threads were stopped: 0.0004830 seconds, Stopping threads took: 0.0000480 seconds
277.504: Application time: 0.0385480 seconds
277.504: [GC [PSYoungGen: 7488K->304K(8192K)] 20195K->13067K(26112K), 0.0003980 secs] [Times: user=0.00 sys=0.00, real=0.00 secs] 
277.505: Total time for which application threads were stopped: 0.0004940 seconds, Stopping threads took: 0.0000350 seconds
277.543: Application time: 0.0382200 seconds
277.545: [GC [PSYoungGen: 7472K->352K(8192K)] 20235K->13179K(26112K), 0.0004060 secs] [Times: user=0.00 sys=0.00, real=0.00 secs] 
277.546: Total time for which application threads were stopped: 0.0024950 seconds, Stopping threads took: 0.0020280 seconds
277.585: Application time: 0.0392390 seconds
277.585: [GC [PSYoungGen: 7520K->320K(8192K)] 20347K->13147K(26112K), 0.0004060 secs] [Times: user=0.00 sys=0.00, real=0.00 secs] 
277.585: Total time for which application threads were stopped: 0.0005070 seconds, Stopping threads took: 0.0000400 seconds
277.624: Application time: 0.0386380 seconds
277.624: [GC [PSYoungGen: 7488K->384K(8192K)] 20315K->13211K(26112K), 0.0004540 secs] [Times: user=0.00 sys=0.00, real=0.00 secs] 
277.624: Total time for which application threads were stopped: 0.0005590 seconds, Stopping threads took: 0.0000410 seconds
277.663: Application time: 0.0388160 seconds
277.665: [GC [PSYoungGen: 7552K->448K(8192K)] 20379K->13275K(26112K), 0.0004280 secs] [Times: user=0.00 sys=0.00, real=0.00 secs] 
277.666: Total time for which application threads were stopped: 0.0022480 seconds, Stopping threads took: 0.0017570 seconds
277.705: Application time: 0.0393200 seconds
277.705: [GC [PSYoungGen: 7616K->464K(8192K)] 20443K->13291K(26112K), 0.0004450 secs] [Times: user=0.00 sys=0.01, real=0.00 secs] 
277.705: Total time for which application threads were stopped: 0.0005640 seconds, Stopping threads took: 0.0000450 seconds
277.744: Application time: 0.0390480 seconds
277.745: [GC [PSYoungGen: 7632K->496K(8192K)] 20459K->13323K(26112K), 0.0004590 secs] [Times: user=0.00 sys=0.00, real=0.00 secs] 
277.745: Total time for which application threads were stopped: 0.0005640 seconds, Stopping threads took: 0.0000420 seconds
277.785: Application time: 0.0396710 seconds
277.785: [GC [PSYoungGen: 7664K->480K(8192K)] 20491K->13307K(26112K), 0.0004340 secs] [Times: user=0.01 sys=0.00, real=0.00 secs] 
277.785: Total time for which application threads were stopped: 0.0005380 seconds, Stopping threads took: 0.0000430 seconds
277.825: Application time: 0.0393070 seconds
277.825: [GC [PSYoungGen: 7648K->512K(8192K)] 20475K->13339K(26112K), 0.0004710 secs] [Times: user=0.00 sys=0.00, real=0.00 secs] 
277.825: Total time for which application threads were stopped: 0.0005750 seconds, Stopping threads took: 0.0000450 seconds
277.865: Application time: 0.0394380 seconds
277.865: [GC [PSYoungGen: 7680K->512K(8192K)] 20507K->13339K(26112K), 0.0004680 secs] [Times: user=0.00 sys=0.00, real=0.00 secs] 
277.865: Total time for which application threads were stopped: 0.0005790 seconds, Stopping threads took: 0.0000460 seconds
277.905: Application time: 0.0398990 seconds
277.909: [GC [PSYoungGen: 7680K->464K(8192K)] 20507K->13291K(26112K), 0.0005490 secs] [Times: user=0.00 sys=0.00, real=0.00 secs] 
277.910: Total time for which application threads were stopped: 0.0046240 seconds, Stopping threads took: 0.0039960 seconds
277.949: Application time: 0.0391420 seconds
277.949: [GC [PSYoungGen: 7632K->496K(8192K)] 20459K->13323K(26112K), 0.0005100 secs] [Times: user=0.00 sys=0.00, real=0.01 secs] 
277.949: Total time for which application threads were stopped: 0.0006210 seconds, Stopping threads took: 0.0000480 seconds
277.989: Application time: 0.0394500 seconds
277.993: [GC [PSYoungGen: 7664K->480K(8192K)] 20491K->13307K(26112K), 0.0004800 secs] [Times: user=0.00 sys=0.00, real=0.00 secs] 
277.994: Total time for which application threads were stopped: 0.0046960 seconds, Stopping threads took: 0.0041560 seconds
278.033: Application time: 0.0392220 seconds
278.033: [GC [PSYoungGen: 7648K->512K(8192K)] 20475K->13339K(26112K), 0.0004410 secs] [Times: user=0.00 sys=0.00, real=0.00 secs] 
278.033: Total time for which application threads were stopped: 0.0005410 seconds, Stopping threads took: 0.0000380 seconds
278.073: Application time: 0.0392360 seconds
278.073: [GC [PSYoungGen: 7680K->512K(8192K)] 20507K->13339K(26112K), 0.0004270 secs] [Times: user=0.01 sys=0.00, real=0.00 secs] 
278.073: Total time for which application threads were stopped: 0.0005400 seconds, Stopping threads took: 0.0000510 seconds
278.112: Application time: 0.0391950 seconds
278.112: [GC [PSYoungGen: 7680K->416K(8192K)] 20507K->13339K(26112K), 0.0004170 secs] [Times: user=0.00 sys=0.00, real=0.00 secs] 
278.113: Total time for which application threads were stopped: 0.0005220 seconds, Stopping threads took: 0.0000470 seconds
278.152: Application time: 0.0392510 seconds
278.152: [GC [PSYoungGen: 7584K->368K(8192K)] 20507K->13379K(26112K), 0.0005200 secs] [Times: user=0.00 sys=0.00, real=0.00 secs] 
278.153: Total time for which application threads were stopped: 0.0006230 seconds, Stopping threads took: 0.0000430 seconds
278.192: Application time: 0.0391770 seconds
278.192: [GC [PSYoungGen: 7536K->352K(8192K)] 20547K->13363K(26112K), 0.0004430 secs] [Times: user=0.00 sys=0.00, real=0.00 secs] 
278.192: Total time for which application threads were stopped: 0.0005420 seconds, Stopping threads took: 0.0000360 seconds
278.232: Application time: 0.0395530 seconds
278.232: [GC [PSYoungGen: 7520K->288K(8192K)] 20531K->13395K(26112K), 0.0003850 secs] [Times: user=0.01 sys=0.00, real=0.00 secs] 
278.233: Total time for which application threads were stopped: 0.0004960 seconds, Stopping threads took: 0.0000420 seconds
278.272: Application time: 0.0396100 seconds
278.272: [GC [PSYoungGen: 7456K->272K(8192K)] 20563K->13435K(26112K), 0.0004090 secs] [Times: user=0.00 sys=0.00, real=0.00 secs] 
278.273: Total time for which application threads were stopped: 0.0005090 seconds, Stopping threads took: 0.0000400 seconds
278.310: Application time: 0.0377220 seconds
278.310: [GC [PSYoungGen: 7440K->384K(8192K)] 20603K->13548K(26112K), 0.0003910 secs] [Times: user=0.00 sys=0.00, real=0.00 secs] 
278.311: Total time for which application threads were stopped: 0.0004950 seconds, Stopping threads took: 0.0000430 seconds
278.350: Application time: 0.0390520 seconds
278.350: [GC [PSYoungGen: 7552K->336K(8192K)] 20716K->13540K(26112K), 0.0003990 secs] [Times: user=0.00 sys=0.00, real=0.00 secs] 
278.350: Total time for which application threads were stopped: 0.0005030 seconds, Stopping threads took: 0.0000400 seconds
278.390: Application time: 0.0393100 seconds
278.390: [GC [PSYoungGen: 7504K->368K(8192K)] 20708K->13572K(26112K), 0.0003980 secs] [Times: user=0.00 sys=0.00, real=0.00 secs] 
278.390: Total time for which application threads were stopped: 0.0005010 seconds, Stopping threads took: 0.0000390 seconds
278.429: Application time: 0.0387000 seconds
278.429: [GC [PSYoungGen: 7536K->432K(8192K)] 20740K->13636K(26112K), 0.0004220 secs] [Times: user=0.01 sys=0.00, real=0.00 secs] 
278.429: Total time for which application threads were stopped: 0.0005390 seconds, Stopping threads took: 0.0000490 seconds
278.468: Application time: 0.0385320 seconds
278.468: [GC [PSYoungGen: 7600K->432K(8192K)] 20804K->13636K(26112K), 0.0004400 secs] [Times: user=0.00 sys=0.00, real=0.00 secs] 
278.469: Total time for which application threads were stopped: 0.0005510 seconds, Stopping threads took: 0.0000490 seconds
278.508: Application time: 0.0390660 seconds
278.508: [GC [PSYoungGen: 7600K->480K(8192K)] 20804K->13684K(26112K), 0.0004370 secs] [Times: user=0.00 sys=0.00, real=0.00 secs] 
278.508: Total time for which application threads were stopped: 0.0005430 seconds, Stopping threads took: 0.0000420 seconds
278.548: Application time: 0.0397950 seconds
278.548: [GC [PSYoungGen: 7648K->480K(8192K)] 20852K->13684K(26112K), 0.0004400 secs] [Times: user=0.00 sys=0.00, real=0.00 secs] 
278.548: Total time for which application threads were stopped: 0.0005370 seconds, Stopping threads took: 0.0000350 seconds
278.588: Application time: 0.0392700 seconds
278.588: [GC [PSYoungGen: 7648K->512K(8192K)] 20852K->13716K(26112K), 0.0004940 secs] [Times: user=0.00 sys=0.00, real=0.00 secs] 
278.588: Total time for which application threads were stopped: 0.0006000 seconds, Stopping threads took: 0.0000450 seconds
278.628: Application time: 0.0396030 seconds
278.628: [GC [PSYoungGen: 7680K->496K(8192K)] 20884K->13700K(26112K), 0.0004580 secs] [Times: user=0.00 sys=0.00, real=0.00 secs] 
278.629: Total time for which application threads were stopped: 0.0005670 seconds, Stopping threads took: 0.0000470 seconds
278.668: Application time: 0.0394940 seconds
278.668: [GC [PSYoungGen: 7664K->512K(8192K)] 20868K->13716K(26112K), 0.0004930 secs] [Times: user=0.00 sys=0.00, real=0.00 secs] 
278.669: Total time for which application threads were stopped: 0.0005930 seconds, Stopping threads took: 0.0000400 seconds
278.707: Application time: 0.0388570 seconds
278.708: [GC [PSYoungGen: 7680K->528K(8192K)] 20884K->13732K(26112K), 0.0004890 secs] [Times: user=0.00 sys=0.00, real=0.00 secs] 
278.708: Total time for which application threads were stopped: 0.0005910 seconds, Stopping threads took: 0.0000390 seconds
278.748: Application time: 0.0394760 seconds
278.748: [GC [PSYoungGen: 7696K->512K(8192K)] 20900K->13716K(26112K), 0.0004380 secs] [Times: user=0.01 sys=0.00, real=0.00 secs] 
278.748: Total time for which application threads were stopped: 0.0005450 seconds, Stopping threads took: 0.0000370 seconds
278.788: Application time: 0.0396060 seconds
278.788: [GC [PSYoungGen: 7680K->480K(8192K)] 20884K->13684K(26112K), 0.0004210 secs] [Times: user=0.00 sys=0.00, real=0.00 secs] 
278.788: Total time for which application threads were stopped: 0.0005300 seconds, Stopping threads took: 0.0000490 seconds
278.828: Application time: 0.0397680 seconds
278.828: [GC [PSYoungGen: 7648K->496K(8192K)] 20852K->13700K(26112K), 0.0004500 secs] [Times: user=0.00 sys=0.00, real=0.00 secs] 
278.829: Total time for which application threads were stopped: 0.0005590 seconds, Stopping threads took: 0.0000510 seconds
278.868: Application time: 0.0390750 seconds
278.868: [GC [PSYoungGen: 7664K->512K(8192K)] 20868K->13716K(26112K), 0.0004470 secs] [Times: user=0.01 sys=0.00, real=0.00 secs] 
278.868: Total time for which application threads were stopped: 0.0005580 seconds, Stopping threads took: 0.0000470 seconds
278.908: Application time: 0.0394290 seconds
278.908: [GC [PSYoungGen: 7680K->416K(8192K)] 20884K->13740K(26112K), 0.0004680 secs] [Times: user=0.00 sys=0.00, real=0.00 secs] 
278.908: Total time for which application threads were stopped: 0.0005950 seconds, Stopping threads took: 0.0000540 seconds
278.948: Application time: 0.0393280 seconds
278.948: [GC [PSYoungGen: 7584K->384K(8192K)] 20908K->13756K(26112K), 0.0004030 secs] [Times: user=0.00 sys=0.00, real=0.00 secs] 
278.948: Total time for which application threads were stopped: 0.0005100 seconds, Stopping threads took: 0.0000450 seconds
278.988: Application time: 0.0395030 seconds
278.988: [GC [PSYoungGen: 7552K->400K(8192K)] 20924K->13772K(26112K), 0.0003890 secs] [Times: user=0.00 sys=0.00, real=0.00 secs] 
278.988: Total time for which application threads were stopped: 0.0004940 seconds, Stopping threads took: 0.0000380 seconds
279.027: Application time: 0.0393400 seconds
279.027: [GC [PSYoungGen: 7568K->320K(8192K)] 20940K->13776K(26112K), 0.0004420 secs] [Times: user=0.01 sys=0.00, real=0.00 secs] 
279.028: Total time for which application threads were stopped: 0.0005400 seconds, Stopping threads took: 0.0000390 seconds
279.067: Application time: 0.0393070 seconds
279.067: [GC [PSYoungGen: 7488K->288K(8192K)] 20944K->13792K(26112K), 0.0004220 secs] [Times: user=0.00 sys=0.00, real=0.00 secs] 
279.068: Total time for which application threads were stopped: 0.0005340 seconds, Stopping threads took: 0.0000530 seconds
279.105: Application time: 0.0374990 seconds
279.105: [GC [PSYoungGen: 7456K->368K(8192K)] 20960K->13920K(26112K), 0.0004030 secs] [Times: user=0.00 sys=0.00, real=0.00 secs] 
279.106: Total time for which application threads were stopped: 0.0005070 seconds, Stopping threads took: 0.0000420 seconds
279.145: Application time: 0.0396080 seconds
279.145: [GC [PSYoungGen: 7536K->352K(8192K)] 21088K->13904K(26112K), 0.0003970 secs] [Times: user=0.00 sys=0.00, real=0.00 secs] 
279.146: Total time for which application threads were stopped: 0.0004990 seconds, Stopping threads took: 0.0000390 seconds
279.185: Application time: 0.0386970 seconds
279.185: [GC [PSYoungGen: 7520K->352K(8192K)] 21072K->13904K(26112K), 0.0004780 secs] [Times: user=0.00 sys=0.00, real=0.00 secs] 
279.185: Total time for which application threads were stopped: 0.0005870 seconds, Stopping threads took: 0.0000420 seconds
279.224: Application time: 0.0389530 seconds
279.224: [GC [PSYoungGen: 7520K->416K(8192K)] 21072K->13968K(26112K), 0.0004130 secs] [Times: user=0.00 sys=0.00, real=0.00 secs] 
279.225: Total time for which application threads were stopped: 0.0005210 seconds, Stopping threads took: 0.0000460 seconds
279.263: Application time: 0.0383410 seconds
279.263: [GC [PSYoungGen: 7582K->480K(8192K)] 21135K->14032K(26112K), 0.0004760 secs] [Times: user=0.00 sys=0.00, real=0.00 secs] 
279.264: Total time for which application threads were stopped: 0.0005790 seconds, Stopping threads took: 0.0000390 seconds
279.303: Application time: 0.0391270 seconds
279.303: [GC [PSYoungGen: 7648K->512K(8192K)] 21200K->14064K(26112K), 0.0004490 secs] [Times: user=0.00 sys=0.00, real=0.00 secs] 
279.303: Total time for which application threads were stopped: 0.0005490 seconds, Stopping threads took: 0.0000380 seconds
279.343: Application time: 0.0397640 seconds
279.343: [GC [PSYoungGen: 7680K->496K(8192K)] 21232K->14048K(26112K), 0.0004990 secs] [Times: user=0.00 sys=0.00, real=0.00 secs] 
279.344: Total time for which application threads were stopped: 0.0006050 seconds, Stopping threads took: 0.0000440 seconds
279.383: Application time: 0.0393090 seconds
279.383: [GC [PSYoungGen: 7664K->496K(8192K)] 21216K->14048K(26112K), 0.0004320 secs] [Times: user=0.01 sys=0.00, real=0.00 secs] 
279.384: Total time for which application threads were stopped: 0.0005410 seconds, Stopping threads took: 0.0000460 seconds
279.423: Application time: 0.0396880 seconds
279.423: [GC [PSYoungGen: 7664K->528K(8192K)] 21216K->14080K(26112K), 0.0004190 secs] [Times: user=0.00 sys=0.00, real=0.00 secs] 
279.424: Total time for which application threads were stopped: 0.0005320 seconds, Stopping threads took: 0.0000480 seconds
279.463: Application time: 0.0392990 seconds
279.465: [GC [PSYoungGen: 7696K->464K(8192K)] 21248K->14016K(26112K), 0.0004420 secs] [Times: user=0.00 sys=0.00, real=0.00 secs] 
279.466: Total time for which application threads were stopped: 0.0025220 seconds, Stopping threads took: 0.0020170 seconds
279.505: Application time: 0.0390720 seconds
279.505: [GC [PSYoungGen: 7632K->480K(8192K)] 21184K->14032K(26112K), 0.0004190 secs] [Times: user=0.00 sys=0.00, real=0.00 secs] 
279.505: Total time for which application threads were stopped: 0.0005320 seconds, Stopping threads took: 0.0000450 seconds
279.545: Application time: 0.0395230 seconds
279.545: [GC [PSYoungGen: 7648K->496K(8192K)] 21200K->14048K(26112K), 0.0004630 secs] [Times: user=0.00 sys=0.00, real=0.00 secs] 
279.545: Total time for which application threads were stopped: 0.0005700 seconds, Stopping threads took: 0.0000440 seconds
279.585: Application time: 0.0395140 seconds
279.585: [GC [PSYoungGen: 7664K->512K(8192K)] 21216K->14064K(26112K), 0.0004280 secs] [Times: user=0.00 sys=0.00, real=0.00 secs] 
279.585: Total time for which application threads were stopped: 0.0005430 seconds, Stopping threads took: 0.0000520 seconds
279.625: Application time: 0.0393490 seconds
279.625: [GC [PSYoungGen: 7680K->544K(8192K)] 21232K->14096K(26112K), 0.0004630 secs] [Times: user=0.00 sys=0.00, real=0.00 secs] 
279.625: Total time for which application threads were stopped: 0.0005800 seconds, Stopping threads took: 0.0000550 seconds
279.665: Application time: 0.0393650 seconds
279.665: [GC [PSYoungGen: 7712K->512K(8192K)] 21264K->14064K(26112K), 0.0004410 secs] [Times: user=0.00 sys=0.00, real=0.00 secs] 
279.665: Total time for which application threads were stopped: 0.0005540 seconds, Stopping threads took: 0.0000490 seconds
279.705: Application time: 0.0395980 seconds
279.705: [GC [PSYoungGen: 7680K->400K(8192K)] 21232K->14092K(26112K), 0.0004320 secs] [Times: user=0.00 sys=0.00, real=0.00 secs] 
279.705: Total time for which application threads were stopped: 0.0005550 seconds, Stopping threads took: 0.0000590 seconds
279.745: Application time: 0.0394600 seconds
279.745: [GC [PSYoungGen: 7568K->336K(8192K)] 21260K->14084K(26112K), 0.0004490 secs] [Times: user=0.00 sys=0.00, real=0.00 secs] 
279.745: Total time for which application threads were stopped: 0.0005540 seconds, Stopping threads took: 0.0000430 seconds
279.785: Application time: 0.0394250 seconds
279.785: [GC [PSYoungGen: 7504K->352K(8192K)] 21252K->14156K(26112K), 0.0003960 secs] [Times: user=0.00 sys=0.00, real=0.00 secs] 
279.785: Total time for which application threads were stopped: 0.0005070 seconds, Stopping threads took: 0.0000380 seconds
279.825: Application time: 0.0395100 seconds
279.825: [GC [PSYoungGen: 7520K->304K(8192K)] 21324K->14164K(26112K), 0.0003850 secs] [Times: user=0.00 sys=0.00, real=0.00 secs] 
279.825: Total time for which application threads were stopped: 0.0004940 seconds, Stopping threads took: 0.0000450 seconds
279.865: Application time: 0.0399630 seconds
279.865: [GC [PSYoungGen: 7472K->272K(8192K)] 21332K->14180K(26112K), 0.0004060 secs] [Times: user=0.00 sys=0.00, real=0.00 secs] 
279.866: Total time for which application threads were stopped: 0.0005190 seconds, Stopping threads took: 0.0000480 seconds
279.904: Application time: 0.0382900 seconds
279.904: [GC [PSYoungGen: 7440K->304K(8192K)] 21348K->14260K(26112K), 0.0004450 secs] [Times: user=0.00 sys=0.00, real=0.00 secs] 
279.905: Total time for which application threads were stopped: 0.0005740 seconds, Stopping threads took: 0.0000540 seconds
279.944: Application time: 0.0390580 seconds
279.944: [GC [PSYoungGen: 7472K->304K(8192K)] 21428K->14260K(26112K), 0.0004370 secs] [Times: user=0.00 sys=0.00, real=0.00 secs] 
279.944: Total time for which application threads were stopped: 0.0005370 seconds, Stopping threads took: 0.0000400 seconds
279.983: Application time: 0.0391670 seconds
279.983: [GC [PSYoungGen: 7472K->384K(8192K)] 21428K->14340K(26112K), 0.0004730 secs] [Times: user=0.00 sys=0.00, real=0.00 secs] 
279.984: Total time for which application threads were stopped: 0.0005800 seconds, Stopping threads took: 0.0000430 seconds
280.023: Application time: 0.0388710 seconds
280.023: [GC [PSYoungGen: 7552K->400K(8192K)] 21508K->14356K(26112K), 0.0004130 secs] [Times: user=0.00 sys=0.00, real=0.00 secs] 
280.023: Total time for which application threads were stopped: 0.0005200 seconds, Stopping threads took: 0.0000460 seconds
280.062: Application time: 0.0386100 seconds
280.062: [GC [PSYoungGen: 7568K->528K(8192K)] 21524K->14484K(26112K), 0.0004350 secs] [Times: user=0.00 sys=0.00, real=0.00 secs] 
280.063: Total time for which application threads were stopped: 0.0005480 seconds, Stopping threads took: 0.0000480 seconds
280.102: Application time: 0.0395830 seconds
280.102: [GC [PSYoungGen: 7696K->496K(8192K)] 21652K->14452K(26112K), 0.0004440 secs] [Times: user=0.00 sys=0.00, real=0.00 secs] 
280.103: Total time for which application threads were stopped: 0.0005540 seconds, Stopping threads took: 0.0000440 seconds
280.142: Application time: 0.0397800 seconds
280.143: [GC [PSYoungGen: 7664K->496K(8192K)] 21620K->14452K(26112K), 0.0004190 secs] [Times: user=0.00 sys=0.00, real=0.00 secs] 
280.143: Total time for which application threads were stopped: 0.0005220 seconds, Stopping threads took: 0.0000430 seconds
280.182: Application time: 0.0392580 seconds
280.182: [GC [PSYoungGen: 7664K->480K(8192K)] 21620K->14436K(26112K), 0.0004200 secs] [Times: user=0.00 sys=0.00, real=0.00 secs] 
280.183: Total time for which application threads were stopped: 0.0005340 seconds, Stopping threads took: 0.0000520 seconds
280.222: Application time: 0.0396570 seconds
280.223: [GC [PSYoungGen: 7648K->496K(8192K)] 21604K->14452K(26112K), 0.0004240 secs] [Times: user=0.00 sys=0.00, real=0.00 secs] 
280.223: Total time for which application threads were stopped: 0.0005240 seconds, Stopping threads took: 0.0000380 seconds
280.262: Application time: 0.0394360 seconds
280.262: [GC [PSYoungGen: 7664K->448K(8192K)] 21620K->14404K(26112K), 0.0004090 secs] [Times: user=0.00 sys=0.00, real=0.00 secs] 
280.263: Total time for which application threads were stopped: 0.0005130 seconds, Stopping threads took: 0.0000400 seconds
280.302: Application time: 0.0390670 seconds
280.302: [GC [PSYoungGen: 7616K->496K(8192K)] 21572K->14452K(26112K), 0.0004840 secs] [Times: user=0.00 sys=0.00, real=0.00 secs] 
280.303: Total time for which application threads were stopped: 0.0005990 seconds, Stopping threads took: 0.0000410 seconds
280.342: Application time: 0.0397870 seconds
280.342: [GC [PSYoungGen: 7664K->480K(8192K)] 21620K->14436K(26112K), 0.0005210 secs] [Times: user=0.00 sys=0.00, real=0.00 secs] 
280.343: Total time for which application threads were stopped: 0.0006180 seconds, Stopping threads took: 0.0000380 seconds
280.382: Application time: 0.0392710 seconds
280.382: [GC [PSYoungGen: 7648K->464K(8192K)] 21604K->14420K(26112K), 0.0004550 secs] [Times: user=0.00 sys=0.00, real=0.00 secs] 
280.383: Total time for which application threads were stopped: 0.0005690 seconds, Stopping threads took: 0.0000500 seconds
280.422: Application time: 0.0392560 seconds
280.422: [GC [PSYoungGen: 7632K->464K(8192K)] 21588K->14420K(26112K), 0.0004820 secs] [Times: user=0.00 sys=0.00, real=0.00 secs] 
280.423: Total time for which application threads were stopped: 0.0005870 seconds, Stopping threads took: 0.0000440 seconds
280.462: Application time: 0.0391890 seconds
280.462: [GC [PSYoungGen: 7632K->448K(8192K)] 21588K->14460K(26112K), 0.0004370 secs] [Times: user=0.00 sys=0.00, real=0.00 secs] 
280.462: Total time for which application threads were stopped: 0.0005510 seconds, Stopping threads took: 0.0000510 seconds
280.503: Application time: 0.0401460 seconds
280.503: [GC [PSYoungGen: 7616K->432K(8192K)] 21628K->14548K(26112K), 0.0005420 secs] [Times: user=0.00 sys=0.00, real=0.00 secs] 
280.503: Total time for which application threads were stopped: 0.0006530 seconds, Stopping threads took: 0.0000460 seconds
280.547: Application time: 0.0438040 seconds
280.547: [GC [PSYoungGen: 7600K->384K(8192K)] 21716K->14548K(26112K), 0.0004300 secs] [Times: user=0.00 sys=0.00, real=0.00 secs] 
280.548: Total time for which application threads were stopped: 0.0005360 seconds, Stopping threads took: 0.0000430 seconds
280.591: Application time: 0.0431620 seconds
280.593: [GC [PSYoungGen: 7552K->336K(8192K)] 21716K->14556K(26112K), 0.0004220 secs] [Times: user=0.00 sys=0.00, real=0.00 secs] 
280.594: Total time for which application threads were stopped: 0.0028300 seconds, Stopping threads took: 0.0023450 seconds
280.637: Application time: 0.0432330 seconds
280.637: [GC [PSYoungGen: 7504K->288K(8192K)] 21724K->14572K(26112K), 0.0004110 secs] [Times: user=0.00 sys=0.00, real=0.00 secs] 
280.637: Total time for which application threads were stopped: 0.0005390 seconds, Stopping threads took: 0.0000500 seconds
280.679: Application time: 0.0415690 seconds
280.679: [GC [PSYoungGen: 7456K->336K(8192K)] 21740K->14716K(26112K), 0.0004200 secs] [Times: user=0.00 sys=0.00, real=0.00 secs] 
280.679: Total time for which application threads were stopped: 0.0005330 seconds, Stopping threads took: 0.0000480 seconds
280.722: Application time: 0.0430130 seconds
280.723: [GC [PSYoungGen: 7504K->368K(8192K)] 21884K->14748K(26112K), 0.0005540 secs] [Times: user=0.01 sys=0.00, real=0.00 secs] 
280.723: Total time for which application threads were stopped: 0.0006780 seconds, Stopping threads took: 0.0000540 seconds
280.767: Application time: 0.0438740 seconds
280.767: [GC [PSYoungGen: 7536K->352K(8192K)] 21916K->14732K(26112K), 0.0004500 secs] [Times: user=0.01 sys=0.00, real=0.00 secs] 
280.768: Total time for which application threads were stopped: 0.0005660 seconds, Stopping threads took: 0.0000530 seconds
280.810: Application time: 0.0420650 seconds
280.810: [GC [PSYoungGen: 7520K->432K(8192K)] 21900K->14812K(26112K), 0.0004650 secs] [Times: user=0.00 sys=0.00, real=0.00 secs] 
280.810: Total time for which application threads were stopped: 0.0005840 seconds, Stopping threads took: 0.0000450 seconds
280.854: Application time: 0.0437840 seconds
280.854: [GC [PSYoungGen: 7600K->416K(8192K)] 21980K->14796K(26112K), 0.0004380 secs] [Times: user=0.00 sys=0.00, real=0.00 secs] 
280.855: Total time for which application threads were stopped: 0.0005430 seconds, Stopping threads took: 0.0000410 seconds
280.896: Application time: 0.0417550 seconds
280.896: [GC [PSYoungGen: 7584K->528K(8192K)] 21964K->14908K(26112K), 0.0004980 secs] [Times: user=0.00 sys=0.00, real=0.00 secs] 
280.897: Total time for which application threads were stopped: 0.0006070 seconds, Stopping threads took: 0.0000430 seconds
280.941: Application time: 0.0436580 seconds
280.941: [GC [PSYoungGen: 7696K->496K(8192K)] 22076K->14876K(26112K), 0.0005610 secs] [Times: user=0.00 sys=0.00, real=0.01 secs] 
280.943: Total time for which application threads were stopped: 0.0027160 seconds, Stopping threads took: 0.0000610 seconds
280.987: Application time: 0.0434310 seconds
280.987: [GC [PSYoungGen: 7664K->528K(8192K)] 22044K->14908K(26112K), 0.0004870 secs] [Times: user=0.00 sys=0.00, real=0.00 secs] 
280.987: Total time for which application threads were stopped: 0.0006070 seconds, Stopping threads took: 0.0000560 seconds
281.031: Application time: 0.0433710 seconds
281.031: [GC [PSYoungGen: 7696K->480K(8192K)] 22076K->14860K(26112K), 0.0004560 secs] [Times: user=0.00 sys=0.00, real=0.00 secs] 
281.031: Total time for which application threads were stopped: 0.0005890 seconds, Stopping threads took: 0.0000680 seconds
281.074: Application time: 0.0431760 seconds
281.075: [GC [PSYoungGen: 7648K->512K(8192K)] 22028K->14892K(26112K), 0.0004810 secs] [Times: user=0.01 sys=0.00, real=0.00 secs] 
281.075: Total time for which application threads were stopped: 0.0006030 seconds, Stopping threads took: 0.0000590 seconds
281.118: Application time: 0.0429990 seconds
281.118: [GC [PSYoungGen: 7680K->496K(8192K)] 22060K->14876K(26112K), 0.0005240 secs] [Times: user=0.00 sys=0.00, real=0.00 secs] 
281.119: Total time for which application threads were stopped: 0.0006390 seconds, Stopping threads took: 0.0000470 seconds
281.162: Application time: 0.0431740 seconds
281.162: [GC [PSYoungGen: 7664K->480K(8192K)] 22044K->14860K(26112K), 0.0005270 secs] [Times: user=0.00 sys=0.00, real=0.00 secs] 
281.163: Total time for which application threads were stopped: 0.0006370 seconds, Stopping threads took: 0.0000450 seconds
281.206: Application time: 0.0434130 seconds
281.206: [GC [PSYoungGen: 7648K->496K(8192K)] 22028K->14876K(26112K), 0.0005020 secs] [Times: user=0.00 sys=0.00, real=0.00 secs] 
281.207: Total time for which application threads were stopped: 0.0006100 seconds, Stopping threads took: 0.0000420 seconds
281.250: Application time: 0.0431050 seconds
281.253: [GC [PSYoungGen: 7664K->496K(8192K)] 22044K->14876K(26112K), 0.0004920 secs] [Times: user=0.00 sys=0.00, real=0.00 secs] 
281.254: Total time for which application threads were stopped: 0.0039390 seconds, Stopping threads took: 0.0033840 seconds
281.297: Application time: 0.0435160 seconds
281.297: [GC [PSYoungGen: 7664K->480K(8192K)] 22044K->14860K(26112K), 0.0004600 secs] [Times: user=0.00 sys=0.00, real=0.00 secs] 
281.298: Total time for which application threads were stopped: 0.0005900 seconds, Stopping threads took: 0.0000660 seconds
281.341: Application time: 0.0430720 seconds
281.341: [GC [PSYoungGen: 7648K->416K(8192K)] 22028K->14908K(26112K), 0.0004930 secs] [Times: user=0.00 sys=0.01, real=0.01 secs] 
281.341: Total time for which application threads were stopped: 0.0006100 seconds, Stopping threads took: 0.0000400 seconds
281.385: Application time: 0.0434060 seconds
281.385: [GC [PSYoungGen: 7584K->352K(8192K)] 22076K->14892K(26112K), 0.0004260 secs] [Times: user=0.00 sys=0.00, real=0.00 secs] 
281.385: Total time for which application threads were stopped: 0.0005400 seconds, Stopping threads took: 0.0000460 seconds
281.429: Application time: 0.0432490 seconds
281.429: [GC [PSYoungGen: 7520K->352K(8192K)] 22060K->14892K(26112K), 0.0004960 secs] [Times: user=0.00 sys=0.00, real=0.01 secs] 
281.429: Total time for which application threads were stopped: 0.0006120 seconds, Stopping threads took: 0.0000500 seconds
281.473: Application time: 0.0433430 seconds
281.473: [GC [PSYoungGen: 7520K->288K(8192K)] 22060K->14909K(26112K), 0.0005050 secs] [Times: user=0.00 sys=0.00, real=0.00 secs] 
281.473: Total time for which application threads were stopped: 0.0006080 seconds, Stopping threads took: 0.0000380 seconds
281.516: Application time: 0.0429510 seconds
281.516: [GC [PSYoungGen: 7456K->304K(8192K)] 22077K->14925K(26112K), 0.0004080 secs] [Times: user=0.00 sys=0.00, real=0.00 secs] 
281.517: Total time for which application threads were stopped: 0.0005210 seconds, Stopping threads took: 0.0000450 seconds
281.559: Application time: 0.0422740 seconds
281.559: [GC [PSYoungGen: 7472K->336K(8192K)] 22093K->15045K(26112K), 0.0004290 secs] [Times: user=0.00 sys=0.00, real=0.00 secs] 
281.559: Total time for which application threads were stopped: 0.0005440 seconds, Stopping threads took: 0.0000500 seconds
281.602: Application time: 0.0427700 seconds
281.602: [GC [PSYoungGen: 7504K->352K(8192K)] 22213K->15061K(26112K), 0.0004120 secs] [Times: user=0.00 sys=0.00, real=0.00 secs] 
281.603: Total time for which application threads were stopped: 0.0005240 seconds, Stopping threads took: 0.0000430 seconds
281.646: Application time: 0.0428370 seconds
281.646: [GC [PSYoungGen: 7520K->400K(8192K)] 22229K->15109K(26112K), 0.0004130 secs] [Times: user=0.00 sys=0.00, real=0.00 secs] 
281.646: Total time for which application threads were stopped: 0.0005220 seconds, Stopping threads took: 0.0000420 seconds
281.689: Application time: 0.0431360 seconds
281.689: [GC [PSYoungGen: 7568K->400K(8192K)] 22277K->15109K(26112K), 0.0004390 secs] [Times: user=0.00 sys=0.00, real=0.00 secs] 
281.690: Total time for which application threads were stopped: 0.0005540 seconds, Stopping threads took: 0.0000510 seconds
281.733: Application time: 0.0433320 seconds
281.733: [GC [PSYoungGen: 7568K->432K(8192K)] 22277K->15141K(26112K), 0.0004520 secs] [Times: user=0.00 sys=0.00, real=0.00 secs] 
281.734: Total time for which application threads were stopped: 0.0005610 seconds, Stopping threads took: 0.0000460 seconds
281.776: Application time: 0.0421400 seconds
281.776: [GC [PSYoungGen: 7600K->464K(8192K)] 22309K->15173K(26112K), 0.0004610 secs] [Times: user=0.00 sys=0.00, real=0.00 secs] 
281.776: Total time for which application threads were stopped: 0.0005980 seconds, Stopping threads took: 0.0000690 seconds
281.820: Application time: 0.0436850 seconds
281.820: [GC [PSYoungGen: 7632K->496K(8192K)] 22341K->15205K(26112K), 0.0004420 secs] [Times: user=0.00 sys=0.00, real=0.00 secs] 
281.821: Total time for which application threads were stopped: 0.0005490 seconds, Stopping threads took: 0.0000420 seconds
281.864: Application time: 0.0435790 seconds
281.864: [GC [PSYoungGen: 7664K->496K(8192K)] 22373K->15205K(26112K), 0.0005100 secs] [Times: user=0.00 sys=0.00, real=0.00 secs] 
281.865: Total time for which application threads were stopped: 0.0006550 seconds, Stopping threads took: 0.0000730 seconds
281.908: Application time: 0.0435670 seconds
281.909: [GC [PSYoungGen: 7664K->512K(8192K)] 22373K->15221K(26112K), 0.0005710 secs] [Times: user=0.00 sys=0.00, real=0.01 secs] 
281.909: Total time for which application threads were stopped: 0.0007060 seconds, Stopping threads took: 0.0000530 seconds
281.952: Application time: 0.0431280 seconds
281.952: [GC [PSYoungGen: 7680K->480K(8192K)] 22389K->15189K(26112K), 0.0004480 secs] [Times: user=0.00 sys=0.00, real=0.00 secs] 
281.953: Total time for which application threads were stopped: 0.0005580 seconds, Stopping threads took: 0.0000420 seconds
281.996: Application time: 0.0431370 seconds
281.996: [GC [PSYoungGen: 7648K->512K(8192K)] 22357K->15221K(26112K), 0.0004630 secs] [Times: user=0.01 sys=0.00, real=0.00 secs] 
281.997: Total time for which application threads were stopped: 0.0005660 seconds, Stopping threads took: 0.0000380 seconds
282.040: Application time: 0.0431050 seconds
282.040: [GC [PSYoungGen: 7680K->512K(8192K)] 22389K->15221K(26112K), 0.0004390 secs] [Times: user=0.00 sys=0.00, real=0.00 secs] 
282.040: Total time for which application threads were stopped: 0.0005500 seconds, Stopping threads took: 0.0000440 seconds
282.083: Application time: 0.0431720 seconds
282.084: [GC [PSYoungGen: 7680K->448K(8192K)] 22389K->15157K(26112K), 0.0004780 secs] [Times: user=0.00 sys=0.00, real=0.00 secs] 
282.084: Total time for which application threads were stopped: 0.0005950 seconds, Stopping threads took: 0.0000530 seconds
282.127: Application time: 0.0431670 seconds
282.127: [GC [PSYoungGen: 7616K->480K(8192K)] 22325K->15189K(26112K), 0.0005290 secs] [Times: user=0.00 sys=0.00, real=0.00 secs] 
282.128: Total time for which application threads were stopped: 0.0006320 seconds, Stopping threads took: 0.0000400 seconds
282.171: Application time: 0.0436670 seconds
282.172: [GC [PSYoungGen: 7648K->480K(8192K)] 22357K->15237K(26112K), 0.0005140 secs] [Times: user=0.00 sys=0.00, real=0.00 secs] 
282.172: Total time for which application threads were stopped: 0.0006180 seconds, Stopping threads took: 0.0000400 seconds
282.215: Application time: 0.0431580 seconds
282.215: [GC [PSYoungGen: 7648K->384K(8192K)] 22405K->15221K(26112K), 0.0004960 secs] [Times: user=0.01 sys=0.00, real=0.00 secs] 
282.216: Total time for which application threads were stopped: 0.0006090 seconds, Stopping threads took: 0.0000460 seconds
282.259: Application time: 0.0432940 seconds
282.259: [GC [PSYoungGen: 7552K->384K(8192K)] 22389K->15277K(26112K), 0.0004130 secs] [Times: user=0.00 sys=0.00, real=0.00 secs] 
282.260: Total time for which application threads were stopped: 0.0005250 seconds, Stopping threads took: 0.0000450 seconds
282.303: Application time: 0.0431550 seconds
282.303: [GC [PSYoungGen: 7552K->352K(8192K)] 22445K->15293K(26112K), 0.0005020 secs] [Times: user=0.00 sys=0.00, real=0.00 secs] 
282.303: Total time for which application threads were stopped: 0.0006180 seconds, Stopping threads took: 0.0000510 seconds
282.347: Application time: 0.0433460 seconds
282.347: [GC [PSYoungGen: 7520K->320K(8192K)] 22461K->15309K(26112K), 0.0004040 secs] [Times: user=0.00 sys=0.00, real=0.00 secs] 
282.347: Total time for which application threads were stopped: 0.0005090 seconds, Stopping threads took: 0.0000410 seconds
282.390: Application time: 0.0422780 seconds
282.390: [GC [PSYoungGen: 7488K->352K(8192K)] 22477K->15341K(26112K), 0.0004260 secs] [Times: user=0.00 sys=0.00, real=0.00 secs] 
282.390: Total time for which application threads were stopped: 0.0005450 seconds, Stopping threads took: 0.0000450 seconds
282.432: Application time: 0.0423430 seconds
282.433: [GC [PSYoungGen: 7520K->304K(8192K)] 22509K->15389K(26112K), 0.0004470 secs] [Times: user=0.00 sys=0.00, real=0.00 secs] 
282.433: Total time for which application threads were stopped: 0.0005680 seconds, Stopping threads took: 0.0000440 seconds
282.476: Application time: 0.0429360 seconds
282.476: [GC [PSYoungGen: 7472K->368K(8192K)] 22557K->15453K(26112K), 0.0004290 secs] [Times: user=0.00 sys=0.00, real=0.00 secs] 
282.477: Total time for which application threads were stopped: 0.0005460 seconds, Stopping threads took: 0.0000510 seconds
282.520: Application time: 0.0430520 seconds
282.520: [GC [PSYoungGen: 7536K->400K(8192K)] 22621K->15485K(26112K), 0.0004880 secs] [Times: user=0.00 sys=0.00, real=0.00 secs] 
282.520: Total time for which application threads were stopped: 0.0005980 seconds, Stopping threads took: 0.0000440 seconds
282.563: Application time: 0.0429390 seconds
282.563: [GC [PSYoungGen: 7568K->416K(8192K)] 22653K->15501K(26112K), 0.0004400 secs] [Times: user=0.00 sys=0.00, real=0.00 secs] 
282.564: Total time for which application threads were stopped: 0.0005490 seconds, Stopping threads took: 0.0000410 seconds
