Java HotSpot(TM) 64-Bit Server VM (24.80-b11) for linux-amd64 JRE (1.7.0_80-b15), built on Apr 10 2015 19:53:14 by "java_re" with gcc 4.3.0 20080428 (Red Hat 4.3.0-8)
Memory: 4k page, physical 8000092k(6020644k free), swap 8218620k(8218620k free)
CommandLine flags: -XX:InitialHeapSize=9357312 -XX:MaxHeapSize=9357312 -XX:+PrintGC -XX:+PrintGCApplicationConcurrentTime -XX:+PrintGCApplicationStoppedTime -XX:+PrintGCDetails -XX:+PrintGCTimeStamps -XX:-UseAdaptiveSizePolicy -XX:+UseCompressedOops -XX:+UseParNewGC 
0.088: Application time: 0.0656640 seconds
0.088: [GC0.088: [ParNew: 2496K->256K(2752K), 0.0012910 secs] 2496K->1047K(8896K), 0.0013250 secs] [Times: user=0.01 sys=0.00, real=0.00 secs] 
0.089: Total time for which application threads were stopped: 0.0013910 seconds, Stopping threads took: 0.0000080 seconds
0.110: Application time: 0.0210840 seconds
0.110: [GC0.110: [ParNew: 2711K->256K(2752K), 0.0011130 secs] 3502K->2193K(8896K), 0.0011380 secs] [Times: user=0.01 sys=0.00, real=0.00 secs] 
0.111: Total time for which application threads were stopped: 0.0011920 seconds, Stopping threads took: 0.0000110 seconds
4.027: Application time: 3.9160760 seconds
4.027: Total time for which application threads were stopped: 0.0000850 seconds, Stopping threads took: 0.0000120 seconds
14.644: Application time: 10.6169220 seconds
14.644: Total time for which application threads were stopped: 0.0000230 seconds, Stopping threads took: 0.0000080 seconds
14.644: Application time: 0.0000740 seconds
14.644: Total time for which application threads were stopped: 0.0000230 seconds, Stopping threads took: 0.0000170 seconds
14.646: Application time: 0.0014900 seconds
14.646: Total time for which application threads were stopped: 0.0000240 seconds, Stopping threads took: 0.0000180 seconds
14.653: Application time: 0.0067640 seconds
14.653: [GC14.653: [ParNew: 2752K->256K(2752K), 0.0009860 secs] 4689K->3227K(8896K), 0.0010090 secs] [Times: user=0.01 sys=0.00, real=0.00 secs] 
14.654: Total time for which application threads were stopped: 0.0010740 seconds, Stopping threads took: 0.0000180 seconds
14.654: Application time: 0.0001540 seconds
14.654: Total time for which application threads were stopped: 0.0000700 seconds, Stopping threads took: 0.0000480 seconds
14.654: Application time: 0.0001190 seconds
14.654: Total time for which application threads were stopped: 0.0000430 seconds, Stopping threads took: 0.0000320 seconds
14.654: Application time: 0.0000880 seconds
14.654: Total time for which application threads were stopped: 0.0000500 seconds, Stopping threads took: 0.0000380 seconds
14.654: Application time: 0.0000280 seconds
14.654: Total time for which application threads were stopped: 0.0000210 seconds, Stopping threads took: 0.0000160 seconds
14.654: Application time: 0.0000240 seconds
14.654: Total time for which application threads were stopped: 0.0000120 seconds, Stopping threads took: 0.0000070 seconds
14.654: Application time: 0.0000240 seconds
14.655: Total time for which application threads were stopped: 0.0000220 seconds, Stopping threads took: 0.0000160 seconds
14.655: Application time: 0.0000240 seconds
14.655: Total time for which application threads were stopped: 0.0000200 seconds, Stopping threads took: 0.0000140 seconds
14.655: Application time: 0.0000240 seconds
14.655: Total time for which application threads were stopped: 0.0000210 seconds, Stopping threads took: 0.0000150 seconds
14.655: Application time: 0.0000220 seconds
14.655: Total time for which application threads were stopped: 0.0000250 seconds, Stopping threads took: 0.0000190 seconds
14.655: Application time: 0.0000220 seconds
14.655: Total time for which application threads were stopped: 0.0000200 seconds, Stopping threads took: 0.0000150 seconds
14.655: Application time: 0.0000240 seconds
14.655: Total time for which application threads were stopped: 0.0000210 seconds, Stopping threads took: 0.0000160 seconds
14.655: Application time: 0.0000230 seconds
14.655: Total time for which application threads were stopped: 0.0000110 seconds, Stopping threads took: 0.0000060 seconds
14.655: Application time: 0.0000230 seconds
14.655: Total time for which application threads were stopped: 0.0000120 seconds, Stopping threads took: 0.0000070 seconds
14.655: Application time: 0.0000230 seconds
14.655: Total time for which application threads were stopped: 0.0000200 seconds, Stopping threads took: 0.0000150 seconds
14.655: Application time: 0.0000230 seconds
14.655: Total time for which application threads were stopped: 0.0000100 seconds, Stopping threads took: 0.0000050 seconds
14.655: Application time: 0.0000230 seconds
14.655: Total time for which application threads were stopped: 0.0000120 seconds, Stopping threads took: 0.0000070 seconds
14.655: Application time: 0.0000220 seconds
14.655: Total time for which application threads were stopped: 0.0000120 seconds, Stopping threads took: 0.0000070 seconds
14.655: Application time: 0.0000220 seconds
14.655: Total time for which application threads were stopped: 0.0000180 seconds, Stopping threads took: 0.0000130 seconds
14.655: Application time: 0.0000240 seconds
14.655: Total time for which application threads were stopped: 0.0000110 seconds, Stopping threads took: 0.0000060 seconds
14.655: Application time: 0.0000230 seconds
14.655: Total time for which application threads were stopped: 0.0000340 seconds, Stopping threads took: 0.0000140 seconds
14.669: Application time: 0.0138350 seconds
14.669: Total time for which application threads were stopped: 0.0000320 seconds, Stopping threads took: 0.0000070 seconds
14.681: Application time: 0.0121450 seconds
14.681: [Full GC14.681: [Tenured: 2971K->1897K(6144K), 0.0059050 secs] 4837K->1897K(8896K), [Perm : 5076K->5076K(21248K)], 0.0059590 secs] [Times: user=0.00 sys=0.00, real=0.00 secs] 
14.687: Total time for which application threads were stopped: 0.0060090 seconds, Stopping threads took: 0.0000060 seconds
14.687: Application time: 0.0000490 seconds
14.687: [Full GC14.687: [Tenured: 1897K->1897K(6144K), 0.0043700 secs] 1897K->1897K(9024K), [Perm : 5076K->5076K(21248K)], 0.0043920 secs] [Times: user=0.01 sys=0.00, real=0.01 secs] 
14.692: Total time for which application threads were stopped: 0.0044390 seconds, Stopping threads took: 0.0000060 seconds
14.692: Application time: 0.0000750 seconds
14.692: Total time for which application threads were stopped: 0.0000350 seconds, Stopping threads took: 0.0000240 seconds
14.692: Application time: 0.0000430 seconds
14.692: Total time for which application threads were stopped: 0.0000520 seconds, Stopping threads took: 0.0000440 seconds
14.692: Application time: 0.0000450 seconds
14.692: Total time for which application threads were stopped: 0.0000390 seconds, Stopping threads took: 0.0000330 seconds
14.692: Application time: 0.0000260 seconds
14.692: Total time for which application threads were stopped: 0.0000240 seconds, Stopping threads took: 0.0000200 seconds
14.692: Application time: 0.0000120 seconds
14.692: Total time for which application threads were stopped: 0.0000170 seconds, Stopping threads took: 0.0000130 seconds
14.692: Application time: 0.0000110 seconds
14.692: Total time for which application threads were stopped: 0.0000170 seconds, Stopping threads took: 0.0000130 seconds
14.692: Application time: 0.0000100 seconds
14.692: Total time for which application threads were stopped: 0.0000130 seconds, Stopping threads took: 0.0000100 seconds
14.692: Application time: 0.0000100 seconds
14.692: Total time for which application threads were stopped: 0.0000140 seconds, Stopping threads took: 0.0000100 seconds
14.692: Application time: 0.0000120 seconds
14.692: Total time for which application threads were stopped: 0.0000150 seconds, Stopping threads took: 0.0000120 seconds
14.692: Application time: 0.0000090 seconds
14.692: Total time for which application threads were stopped: 0.0000120 seconds, Stopping threads took: 0.0000090 seconds
14.692: Application time: 0.0000090 seconds
14.692: Total time for which application threads were stopped: 0.0000140 seconds, Stopping threads took: 0.0000110 seconds
14.692: Application time: 0.0000090 seconds
14.692: Total time for which application threads were stopped: 0.0000210 seconds, Stopping threads took: 0.0000180 seconds
14.692: Application time: 0.0000090 seconds
14.692: Total time for which application threads were stopped: 0.0000140 seconds, Stopping threads took: 0.0000110 seconds
14.692: Application time: 0.0000090 seconds
14.692: Total time for which application threads were stopped: 0.0000150 seconds, Stopping threads took: 0.0000120 seconds
14.692: Application time: 0.0000100 seconds
14.692: Total time for which application threads were stopped: 0.0000120 seconds, Stopping threads took: 0.0000090 seconds
14.692: Application time: 0.0000100 seconds
14.692: Total time for which application threads were stopped: 0.0000140 seconds, Stopping threads took: 0.0000110 seconds
14.692: Application time: 0.0000090 seconds
14.692: Total time for which application threads were stopped: 0.0000140 seconds, Stopping threads took: 0.0000110 seconds
14.692: Application time: 0.0000090 seconds
14.692: Total time for which application threads were stopped: 0.0000130 seconds, Stopping threads took: 0.0000090 seconds
14.692: Application time: 0.0000100 seconds
14.692: Total time for which application threads were stopped: 0.0000110 seconds, Stopping threads took: 0.0000080 seconds
14.692: Application time: 0.0000100 seconds
14.692: Total time for which application threads were stopped: 0.0000180 seconds, Stopping threads took: 0.0000090 seconds
14.695: Application time: 0.0024110 seconds
14.695: Total time for which application threads were stopped: 0.0000110 seconds, Stopping threads took: 0.0000040 seconds
16.367: Application time: 1.6722370 seconds
16.367: Total time for which application threads were stopped: 0.0000780 seconds, Stopping threads took: 0.0000580 seconds
16.400: Application time: 0.0324310 seconds
16.400: Total time for which application threads were stopped: 0.0000530 seconds, Stopping threads took: 0.0000100 seconds
16.400: Application time: 0.0003850 seconds
16.400: [GC16.400: [ParNew: 2624K->256K(2880K), 0.0010850 secs] 4521K->2891K(9024K), 0.0011090 secs] [Times: user=0.01 sys=0.01, real=0.00 secs] 
16.401: Total time for which application threads were stopped: 0.0011560 seconds, Stopping threads took: 0.0000090 seconds
16.401: Application time: 0.0001420 seconds
16.401: Total time for which application threads were stopped: 0.0000360 seconds, Stopping threads took: 0.0000250 seconds
16.401: Application time: 0.0000350 seconds
16.401: Total time for which application threads were stopped: 0.0000510 seconds, Stopping threads took: 0.0000400 seconds
16.401: Application time: 0.0000200 seconds
16.401: Total time for which application threads were stopped: 0.0000180 seconds, Stopping threads took: 0.0000110 seconds
16.429: Application time: 0.0271880 seconds
16.429: [GC16.429: [ParNew: 2880K->255K(2880K), 0.0007400 secs] 5515K->3636K(9024K), 0.0007630 secs] [Times: user=0.00 sys=0.00, real=0.00 secs] 
16.429: Total time for which application threads were stopped: 0.0008120 seconds, Stopping threads took: 0.0000090 seconds
16.460: Application time: 0.0307790 seconds
16.460: [GC16.460: [ParNew: 2879K->256K(2880K), 0.0010820 secs] 6260K->4333K(9024K), 0.0011070 secs] [Times: user=0.00 sys=0.00, real=0.00 secs] 
16.461: Total time for which application threads were stopped: 0.0011670 seconds, Stopping threads took: 0.0000140 seconds
16.510: Application time: 0.0481500 seconds
16.510: [GC16.510: [ParNew: 2647K->256K(2880K), 0.0011530 secs] 6725K->5160K(9024K), 0.0011750 secs] [Times: user=0.01 sys=0.00, real=0.01 secs] 
16.511: Total time for which application threads were stopped: 0.0012360 seconds, Stopping threads took: 0.0000080 seconds
16.553: Application time: 0.0423160 seconds
16.553: [GC16.553: [ParNew: 2880K->256K(2880K), 0.0011060 secs] 7784K->6319K(9024K), 0.0011330 secs] [Times: user=0.00 sys=0.00, real=0.00 secs] 
16.554: Total time for which application threads were stopped: 0.0011910 seconds, Stopping threads took: 0.0000120 seconds
16.554: Application time: 0.0001000 seconds
16.554: Total time for which application threads were stopped: 0.0000280 seconds, Stopping threads took: 0.0000110 seconds
16.554: Application time: 0.0000250 seconds
16.554: Total time for which application threads were stopped: 0.0000260 seconds, Stopping threads took: 0.0000160 seconds
16.580: Application time: 0.0250930 seconds
16.580: [GC16.580: [ParNew: 1607K->1607K(2880K), 0.0000110 secs]16.580: [Tenured: 6063K->3948K(6144K), 0.0152940 secs] 7670K->3948K(9024K), [Perm : 12412K->12412K(21248K)], 0.0153620 secs] [Times: user=0.03 sys=0.00, real=0.01 secs] 
16.595: Total time for which application threads were stopped: 0.0154460 seconds, Stopping threads took: 0.0000150 seconds
16.596: Application time: 0.0004700 seconds
16.596: Total time for which application threads were stopped: 0.0000370 seconds, Stopping threads took: 0.0000230 seconds
16.611: Application time: 0.0151470 seconds
16.611: [GC16.611: [ParNew (promotion failed): 2681K->2987K(3008K), 0.0010700 secs]16.612: [Tenured: 6057K->5676K(6848K), 0.0156540 secs] 6629K->5676K(9856K), [Perm : 12556K->12551K(21248K)], 0.0167880 secs] [Times: user=0.02 sys=0.00, real=0.01 secs] 
16.628: Total time for which application threads were stopped: 0.0168580 seconds, Stopping threads took: 0.0000150 seconds
16.638: Application time: 0.0107950 seconds
16.638: [GC16.638: [ParNew: 2744K->2744K(3072K), 0.0000070 secs]16.638: [Tenured: 5676K->5676K(6848K), 0.0142070 secs] 8421K->5676K(9920K), [Perm : 12551K->12551K(21248K)], 0.0142500 secs] [Times: user=0.01 sys=0.00, real=0.01 secs] 
16.653: Total time for which application threads were stopped: 0.0143200 seconds, Stopping threads took: 0.0000200 seconds
16.658: Application time: 0.0056800 seconds
16.658: [GC16.658: [ParNew: 2752K->2752K(3072K), 0.0000060 secs]16.658: [Tenured: 5676K->5676K(6848K), 0.0142080 secs] 8428K->5676K(9920K), [Perm : 12551K->12551K(21248K)], 0.0142480 secs] [Times: user=0.01 sys=0.00, real=0.01 secs] 
16.673: Total time for which application threads were stopped: 0.0143150 seconds, Stopping threads took: 0.0000180 seconds
16.691: Application time: 0.0179360 seconds
16.691: [GC16.691: [ParNew: 2354K->2354K(3072K), 0.0000070 secs]16.691: [Tenured: 5676K->3537K(6848K), 0.0146550 secs] 8031K->3537K(9920K), [Perm : 12554K->12554K(21248K)], 0.0146960 secs] [Times: user=0.02 sys=0.00, real=0.01 secs] 
16.705: Total time for which application threads were stopped: 0.0147670 seconds, Stopping threads took: 0.0000200 seconds
16.715: Application time: 0.0099070 seconds
16.715: [GC16.715: [ParNew (promotion failed): 2752K->2835K(3072K), 0.0009240 secs]16.716: [Tenured: 5647K->5620K(6848K), 0.0160850 secs] 6289K->5620K(9920K), [Perm : 12556K->12556K(21248K)], 0.0170490 secs] [Times: user=0.02 sys=0.00, real=0.02 secs] 
16.732: Total time for which application threads were stopped: 0.0171170 seconds, Stopping threads took: 0.0000190 seconds
16.738: Application time: 0.0059250 seconds
16.738: [GC16.738: [ParNew: 2751K->2751K(3072K), 0.0000090 secs]16.738: [Tenured: 5620K->5620K(6848K), 0.0148830 secs] 8371K->5620K(9920K), [Perm : 12557K->12557K(21248K)], 0.0149280 secs] [Times: user=0.02 sys=0.00, real=0.01 secs] 
16.753: Total time for which application threads were stopped: 0.0150000 seconds, Stopping threads took: 0.0000200 seconds
16.759: Application time: 0.0057160 seconds
16.759: [GC16.759: [ParNew: 2745K->2745K(3072K), 0.0000080 secs]16.759: [Tenured: 5620K->5620K(6848K), 0.0149050 secs] 8366K->5620K(9920K), [Perm : 12557K->12557K(21248K)], 0.0149450 secs] [Times: user=0.02 sys=0.00, real=0.01 secs] 
16.774: Total time for which application threads were stopped: 0.0150160 seconds, Stopping threads took: 0.0000200 seconds
16.802: Application time: 0.0279940 seconds
16.802: [GC16.802: [ParNew: 2747K->2747K(3072K), 0.0000070 secs]16.802: [Tenured: 5620K->3802K(6848K), 0.0145060 secs] 8368K->3802K(9920K), [Perm : 12694K->12694K(21248K)], 0.0145490 secs] [Times: user=0.02 sys=0.00, real=0.01 secs] 
16.817: Total time for which application threads were stopped: 0.0146200 seconds, Stopping threads took: 0.0000200 seconds
16.827: Application time: 0.0105180 seconds
16.827: Total time for which application threads were stopped: 0.0000340 seconds, Stopping threads took: 0.0000110 seconds
Heap
 par new generation   total 3072K, used 981K [0x00000000fa400000, 0x00000000fa750000, 0x00000000fa750000)
  eden space 2752K,  35% used [0x00000000fa400000, 0x00000000fa4f5580, 0x00000000fa6b0000)
  from space 320K,   0% used [0x00000000fa700000, 0x00000000fa700000, 0x00000000fa750000)
  to   space 320K,   0% used [0x00000000fa6b0000, 0x00000000fa6b0000, 0x00000000fa700000)
 tenured generation   total 6848K, used 3802K [0x00000000fa750000, 0x00000000fae00000, 0x00000000fae00000)
   the space 6848K,  55% used [0x00000000fa750000, 0x00000000fab06ac0, 0x00000000fab06c00, 0x00000000fae00000)
 compacting perm gen  total 21248K, used 12819K [0x00000000fae00000, 0x00000000fc2c0000, 0x0000000100000000)
   the space 21248K,  60% used [0x00000000fae00000, 0x00000000fba84e70, 0x00000000fba85000, 0x00000000fc2c0000)
No shared spaces configured.
16.827: Application time: 0.0001800 seconds
