Java HotSpot(TM) 64-Bit Server VM (24.80-b11) for linux-amd64 JRE (1.7.0_80-b15), built on Apr 10 2015 19:53:14 by "java_re" with gcc 4.3.0 20080428 (Red Hat 4.3.0-8)
Memory: 4k page, physical 8000092k(6400816k free), swap 8218620k(8218620k free)
CommandLine flags: -XX:InitialHeapSize=178783232 -XX:MaxHeapSize=178783232 -XX:+PrintGC -XX:+PrintGCApplicationConcurrentTime -XX:+PrintGCApplicationStoppedTime -XX:+PrintGCDetails -XX:+PrintGCTimeStamps -XX:-UseAdaptiveSizePolicy -XX:+UseCompressedOops -XX:+UseParallelGC -XX:+UseParallelOldGC 
1.010: Application time: 0.9840910 seconds
1.011: Total time for which application threads were stopped: 0.0000440 seconds, Stopping threads took: 0.0000110 seconds
4.032: Application time: 3.0212900 seconds
4.032: Total time for which application threads were stopped: 0.0000650 seconds, Stopping threads took: 0.0000100 seconds
14.654: Application time: 10.6223330 seconds
14.654: Total time for which application threads were stopped: 0.0000230 seconds, Stopping threads took: 0.0000080 seconds
14.654: Application time: 0.0000890 seconds
14.654: Total time for which application threads were stopped: 0.0000100 seconds, Stopping threads took: 0.0000040 seconds
14.656: Application time: 0.0015050 seconds
14.656: Total time for which application threads were stopped: 0.0000350 seconds, Stopping threads took: 0.0000180 seconds
14.673: Application time: 0.0175710 seconds
14.673: Total time for which application threads were stopped: 0.0000370 seconds, Stopping threads took: 0.0000090 seconds
14.686: Application time: 0.0122140 seconds
14.686: [GC [PSYoungGen: 11770K->3367K(51200K)] 11770K->3375K(167936K), 0.0022080 secs] [Times: user=0.00 sys=0.00, real=0.00 secs] 
14.688: [Full GC [PSYoungGen: 3367K->0K(51200K)] [ParOldGen: 8K->3145K(116736K)] 3375K->3145K(167936K) [PSPermGen: 5075K->5074K(21504K)], 0.0116330 secs] [Times: user=0.04 sys=0.01, real=0.01 secs] 
14.700: Total time for which application threads were stopped: 0.0139670 seconds, Stopping threads took: 0.0000180 seconds
14.700: Application time: 0.0000530 seconds
14.700: [GC [PSYoungGen: 0K->0K(51200K)] 3145K->3145K(167936K), 0.0003040 secs] [Times: user=0.00 sys=0.00, real=0.00 secs] 
14.700: [Full GC [PSYoungGen: 0K->0K(51200K)] [ParOldGen: 3145K->3145K(116736K)] 3145K->3145K(167936K) [PSPermGen: 5074K->5074K(21504K)], 0.0039260 secs] [Times: user=0.01 sys=0.00, real=0.00 secs] 
14.704: Total time for which application threads were stopped: 0.0043270 seconds, Stopping threads took: 0.0000150 seconds
14.704: Application time: 0.0000480 seconds
14.704: Total time for which application threads were stopped: 0.0000170 seconds, Stopping threads took: 0.0000090 seconds
14.704: Application time: 0.0000210 seconds
14.704: Total time for which application threads were stopped: 0.0000130 seconds, Stopping threads took: 0.0000100 seconds
14.704: Application time: 0.0000100 seconds
14.704: Total time for which application threads were stopped: 0.0000150 seconds, Stopping threads took: 0.0000120 seconds
14.704: Application time: 0.0000350 seconds
14.704: Total time for which application threads were stopped: 0.0000150 seconds, Stopping threads took: 0.0000110 seconds
14.704: Application time: 0.0000100 seconds
14.704: Total time for which application threads were stopped: 0.0000120 seconds, Stopping threads took: 0.0000080 seconds
14.704: Application time: 0.0000090 seconds
14.704: Total time for which application threads were stopped: 0.0000110 seconds, Stopping threads took: 0.0000080 seconds
14.704: Application time: 0.0000090 seconds
14.704: Total time for which application threads were stopped: 0.0000150 seconds, Stopping threads took: 0.0000120 seconds
14.704: Application time: 0.0000390 seconds
14.704: Total time for which application threads were stopped: 0.0000170 seconds, Stopping threads took: 0.0000130 seconds
14.704: Application time: 0.0000120 seconds
14.704: Total time for which application threads were stopped: 0.0000130 seconds, Stopping threads took: 0.0000100 seconds
14.704: Application time: 0.0000110 seconds
14.704: Total time for which application threads were stopped: 0.0000150 seconds, Stopping threads took: 0.0000120 seconds
14.704: Application time: 0.0000110 seconds
14.704: Total time for which application threads were stopped: 0.0000260 seconds, Stopping threads took: 0.0000230 seconds
14.704: Application time: 0.0000110 seconds
14.704: Total time for which application threads were stopped: 0.0000130 seconds, Stopping threads took: 0.0000090 seconds
14.705: Application time: 0.0000230 seconds
14.705: Total time for which application threads were stopped: 0.0000170 seconds, Stopping threads took: 0.0000140 seconds
14.705: Application time: 0.0000110 seconds
14.705: Total time for which application threads were stopped: 0.0000140 seconds, Stopping threads took: 0.0000110 seconds
14.705: Application time: 0.0000100 seconds
14.705: Total time for which application threads were stopped: 0.0000140 seconds, Stopping threads took: 0.0000110 seconds
14.705: Application time: 0.0000110 seconds
14.705: Total time for which application threads were stopped: 0.0000120 seconds, Stopping threads took: 0.0000080 seconds
14.705: Application time: 0.0000120 seconds
14.705: Total time for which application threads were stopped: 0.0000110 seconds, Stopping threads took: 0.0000080 seconds
14.705: Application time: 0.0000350 seconds
14.705: Total time for which application threads were stopped: 0.0000120 seconds, Stopping threads took: 0.0000080 seconds
14.705: Application time: 0.0000120 seconds
14.705: Total time for which application threads were stopped: 0.0000110 seconds, Stopping threads took: 0.0000080 seconds
14.705: Application time: 0.0000100 seconds
14.705: Total time for which application threads were stopped: 0.0000180 seconds, Stopping threads took: 0.0000080 seconds
14.705: Application time: 0.0004240 seconds
14.705: Total time for which application threads were stopped: 0.0000120 seconds, Stopping threads took: 0.0000050 seconds
14.734: Application time: 0.0286860 seconds
14.734: Total time for which application threads were stopped: 0.0000650 seconds, Stopping threads took: 0.0000140 seconds
14.754: Application time: 0.0204670 seconds
14.754: Total time for which application threads were stopped: 0.0000430 seconds, Stopping threads took: 0.0000200 seconds
14.772: Application time: 0.0172770 seconds
14.772: Total time for which application threads were stopped: 0.0000250 seconds, Stopping threads took: 0.0000080 seconds
14.773: Application time: 0.0008620 seconds
14.773: Total time for which application threads were stopped: 0.0001310 seconds, Stopping threads took: 0.0001200 seconds
14.773: Application time: 0.0001550 seconds
14.773: Total time for which application threads were stopped: 0.0000370 seconds, Stopping threads took: 0.0000250 seconds
14.773: Application time: 0.0005180 seconds
14.773: Total time for which application threads were stopped: 0.0000180 seconds, Stopping threads took: 0.0000110 seconds
14.774: Application time: 0.0000240 seconds
14.774: Total time for which application threads were stopped: 0.0000300 seconds, Stopping threads took: 0.0000240 seconds
14.774: Application time: 0.0000210 seconds
14.774: Total time for which application threads were stopped: 0.0000250 seconds, Stopping threads took: 0.0000200 seconds
14.774: Application time: 0.0000450 seconds
14.774: Total time for which application threads were stopped: 0.0000290 seconds, Stopping threads took: 0.0000210 seconds
14.774: Application time: 0.0004640 seconds
14.774: Total time for which application threads were stopped: 0.0000450 seconds, Stopping threads took: 0.0000330 seconds
14.774: Application time: 0.0000190 seconds
14.774: Total time for which application threads were stopped: 0.0000220 seconds, Stopping threads took: 0.0000170 seconds
14.774: Application time: 0.0000780 seconds
14.774: Total time for which application threads were stopped: 0.0000130 seconds, Stopping threads took: 0.0000080 seconds
14.774: Application time: 0.0000100 seconds
14.774: Total time for which application threads were stopped: 0.0000140 seconds, Stopping threads took: 0.0000090 seconds
14.774: Application time: 0.0000110 seconds
14.774: Total time for which application threads were stopped: 0.0000080 seconds, Stopping threads took: 0.0000040 seconds
14.774: Application time: 0.0000140 seconds
14.774: Total time for which application threads were stopped: 0.0000060 seconds, Stopping threads took: 0.0000020 seconds
14.774: Application time: 0.0001020 seconds
14.774: Total time for which application threads were stopped: 0.0000060 seconds, Stopping threads took: 0.0000020 seconds
14.775: Application time: 0.0002860 seconds
14.775: Total time for which application threads were stopped: 0.0000240 seconds, Stopping threads took: 0.0000150 seconds
14.777: Application time: 0.0025260 seconds
14.777: Total time for which application threads were stopped: 0.0000340 seconds, Stopping threads took: 0.0000220 seconds
14.778: Application time: 0.0002390 seconds
14.778: Total time for which application threads were stopped: 0.0000500 seconds, Stopping threads took: 0.0000160 seconds
14.778: Application time: 0.0004090 seconds
14.778: Total time for which application threads were stopped: 0.0000230 seconds, Stopping threads took: 0.0000160 seconds
14.778: Application time: 0.0000620 seconds
14.778: Total time for which application threads were stopped: 0.0000290 seconds, Stopping threads took: 0.0000220 seconds
14.803: Application time: 0.0245930 seconds
14.803: Total time for which application threads were stopped: 0.0000230 seconds, Stopping threads took: 0.0000090 seconds
14.803: Application time: 0.0001300 seconds
14.803: Total time for which application threads were stopped: 0.0000890 seconds, Stopping threads took: 0.0000770 seconds
14.803: Application time: 0.0000700 seconds
14.803: Total time for which application threads were stopped: 0.0000300 seconds, Stopping threads took: 0.0000190 seconds
14.803: Application time: 0.0001570 seconds
14.803: Total time for which application threads were stopped: 0.0000410 seconds, Stopping threads took: 0.0000300 seconds
14.803: Application time: 0.0000640 seconds
14.803: Total time for which application threads were stopped: 0.0000350 seconds, Stopping threads took: 0.0000260 seconds
14.803: Application time: 0.0000450 seconds
14.803: Total time for which application threads were stopped: 0.0000270 seconds, Stopping threads took: 0.0000180 seconds
14.804: Application time: 0.0003210 seconds
14.804: Total time for which application threads were stopped: 0.0000260 seconds, Stopping threads took: 0.0000150 seconds
14.816: Application time: 0.0125190 seconds
14.818: Total time for which application threads were stopped: 0.0012980 seconds, Stopping threads took: 0.0012860 seconds
14.823: Application time: 0.0051730 seconds
14.823: Total time for which application threads were stopped: 0.0000430 seconds, Stopping threads took: 0.0000290 seconds
14.828: Application time: 0.0048920 seconds
14.828: Total time for which application threads were stopped: 0.0000600 seconds, Stopping threads took: 0.0000220 seconds
14.830: Application time: 0.0018310 seconds
14.830: Total time for which application threads were stopped: 0.0000520 seconds, Stopping threads took: 0.0000090 seconds
14.830: Application time: 0.0006360 seconds
14.830: Total time for which application threads were stopped: 0.0000450 seconds, Stopping threads took: 0.0000350 seconds
14.887: Application time: 0.0562310 seconds
14.887: [GC [PSYoungGen: 43764K->7164K(51200K)] 46910K->20572K(167936K), 0.0049760 secs] [Times: user=0.01 sys=0.02, real=0.00 secs] 
14.892: Total time for which application threads were stopped: 0.0052470 seconds, Stopping threads took: 0.0001720 seconds
14.893: Application time: 0.0011900 seconds
14.893: Total time for which application threads were stopped: 0.0000910 seconds, Stopping threads took: 0.0000740 seconds
14.893: Application time: 0.0000390 seconds
14.893: Total time for which application threads were stopped: 0.0000890 seconds, Stopping threads took: 0.0000780 seconds
14.893: Application time: 0.0000200 seconds
14.893: Total time for which application threads were stopped: 0.0000880 seconds, Stopping threads took: 0.0000820 seconds
14.893: Application time: 0.0000170 seconds
14.893: Total time for which application threads were stopped: 0.0000310 seconds, Stopping threads took: 0.0000240 seconds
14.893: Application time: 0.0000160 seconds
14.894: Total time for which application threads were stopped: 0.0000290 seconds, Stopping threads took: 0.0000230 seconds
14.894: Application time: 0.0000110 seconds
14.894: Total time for which application threads were stopped: 0.0000260 seconds, Stopping threads took: 0.0000200 seconds
14.894: Application time: 0.0000140 seconds
14.894: Total time for which application threads were stopped: 0.0001060 seconds, Stopping threads took: 0.0001000 seconds
14.894: Application time: 0.0000130 seconds
14.894: Total time for which application threads were stopped: 0.0000240 seconds, Stopping threads took: 0.0000190 seconds
14.894: Application time: 0.0000120 seconds
14.894: Total time for which application threads were stopped: 0.0000570 seconds, Stopping threads took: 0.0000510 seconds
14.894: Application time: 0.0000110 seconds
14.894: Total time for which application threads were stopped: 0.0000230 seconds, Stopping threads took: 0.0000170 seconds
14.894: Application time: 0.0000100 seconds
14.894: Total time for which application threads were stopped: 0.0000220 seconds, Stopping threads took: 0.0000170 seconds
14.894: Application time: 0.0000120 seconds
14.894: Total time for which application threads were stopped: 0.0000300 seconds, Stopping threads took: 0.0000250 seconds
14.894: Application time: 0.0000110 seconds
14.894: Total time for which application threads were stopped: 0.0000240 seconds, Stopping threads took: 0.0000190 seconds
14.894: Application time: 0.0000120 seconds
14.894: Total time for which application threads were stopped: 0.0000250 seconds, Stopping threads took: 0.0000190 seconds
14.894: Application time: 0.0000100 seconds
14.894: Total time for which application threads were stopped: 0.0000230 seconds, Stopping threads took: 0.0000190 seconds
14.894: Application time: 0.0000120 seconds
14.894: Total time for which application threads were stopped: 0.0000240 seconds, Stopping threads took: 0.0000190 seconds
14.894: Application time: 0.0000100 seconds
14.894: Total time for which application threads were stopped: 0.0000250 seconds, Stopping threads took: 0.0000190 seconds
14.894: Application time: 0.0000150 seconds
14.894: Total time for which application threads were stopped: 0.0000300 seconds, Stopping threads took: 0.0000230 seconds
14.894: Application time: 0.0000110 seconds
14.894: Total time for which application threads were stopped: 0.0000230 seconds, Stopping threads took: 0.0000180 seconds
14.894: Application time: 0.0000120 seconds
14.894: Total time for which application threads were stopped: 0.0000670 seconds, Stopping threads took: 0.0000190 seconds
14.894: Application time: 0.0000330 seconds
14.898: Total time for which application threads were stopped: 0.0034040 seconds, Stopping threads took: 0.0033970 seconds
14.898: Application time: 0.0000260 seconds
14.900: Total time for which application threads were stopped: 0.0024630 seconds, Stopping threads took: 0.0024570 seconds
14.900: Application time: 0.0000530 seconds
14.900: Total time for which application threads were stopped: 0.0000870 seconds, Stopping threads took: 0.0000810 seconds
14.901: Application time: 0.0004050 seconds
14.901: Total time for which application threads were stopped: 0.0003620 seconds, Stopping threads took: 0.0003520 seconds
14.915: Application time: 0.0134780 seconds
14.915: [GC [PSYoungGen: 50488K->7164K(51200K)] 63895K->30563K(167936K), 0.0041170 secs] [Times: user=0.03 sys=0.00, real=0.01 secs] 
14.919: Total time for which application threads were stopped: 0.0042860 seconds, Stopping threads took: 0.0000870 seconds
14.934: Application time: 0.0153090 seconds
14.934: [GC [PSYoungGen: 50759K->7164K(51200K)] 74157K->37696K(167936K), 0.0039380 secs] [Times: user=0.02 sys=0.01, real=0.01 secs] 
14.938: Total time for which application threads were stopped: 0.0041550 seconds, Stopping threads took: 0.0001340 seconds
14.953: Application time: 0.0142710 seconds
14.953: [GC [PSYoungGen: 51182K->7148K(51200K)] 81714K->46943K(167936K), 0.0044610 secs] [Times: user=0.03 sys=0.00, real=0.00 secs] 
14.957: Total time for which application threads were stopped: 0.0046730 seconds, Stopping threads took: 0.0001280 seconds
14.973: Application time: 0.0152930 seconds
14.973: [GC [PSYoungGen: 50976K->7164K(51200K)] 90770K->56221K(167936K), 0.0044470 secs] [Times: user=0.03 sys=0.00, real=0.00 secs] 
14.977: Total time for which application threads were stopped: 0.0046460 seconds, Stopping threads took: 0.0001200 seconds
14.993: Application time: 0.0154270 seconds
14.993: [GC [PSYoungGen: 50867K->7148K(51200K)] 99924K->69031K(167936K), 0.0052200 secs] [Times: user=0.04 sys=0.00, real=0.01 secs] 
14.998: Total time for which application threads were stopped: 0.0054260 seconds, Stopping threads took: 0.0001220 seconds
15.013: Application time: 0.0149020 seconds
15.013: [GC [PSYoungGen: 50769K->7148K(51200K)] 112651K->77581K(167936K), 0.0042930 secs] [Times: user=0.03 sys=0.00, real=0.01 secs] 
15.018: Total time for which application threads were stopped: 0.0047290 seconds, Stopping threads took: 0.0003550 seconds
15.033: Application time: 0.0151190 seconds
15.033: [GC [PSYoungGen: 50715K->7164K(51200K)] 121148K->84730K(167936K), 0.0039790 secs] [Times: user=0.03 sys=0.00, real=0.00 secs] 
15.037: Total time for which application threads were stopped: 0.0041840 seconds, Stopping threads took: 0.0001220 seconds
15.052: Application time: 0.0145990 seconds
15.052: [GC [PSYoungGen: 50696K->7132K(51200K)] 128261K->93248K(167936K), 0.0043990 secs] [Times: user=0.03 sys=0.00, real=0.00 secs] 
15.056: Total time for which application threads were stopped: 0.0045970 seconds, Stopping threads took: 0.0001180 seconds
15.072: Application time: 0.0156750 seconds
15.072: [GC [PSYoungGen: 50657K->7116K(51200K)] 136773K->99645K(167936K), 0.0038250 secs] [Times: user=0.03 sys=0.00, real=0.00 secs] 
15.076: Total time for which application threads were stopped: 0.0042540 seconds, Stopping threads took: 0.0003430 seconds
15.092: Application time: 0.0158080 seconds
15.094: [GC [PSYoungGen: 50632K->7164K(51200K)] 143161K->106122K(167936K), 0.0038780 secs] [Times: user=0.03 sys=0.00, real=0.00 secs] 
15.097: Total time for which application threads were stopped: 0.0054550 seconds, Stopping threads took: 0.0014930 seconds
15.112: Application time: 0.0141540 seconds
15.112: [GC [PSYoungGen: 50666K->7149K(51200K)] 149623K->117519K(167936K), 0.0049760 secs] [Times: user=0.03 sys=0.00, real=0.00 secs] 
15.117: [Full GC [PSYoungGen: 7149K->0K(51200K)] [ParOldGen: 110370K->25476K(116736K)] 117519K->25476K(167936K) [PSPermGen: 6055K->6040K(21504K)], 0.0158890 secs] [Times: user=0.09 sys=0.00, real=0.02 secs] 
15.133: Total time for which application threads were stopped: 0.0214140 seconds, Stopping threads took: 0.0004110 seconds
15.149: Application time: 0.0155120 seconds
15.149: [GC [PSYoungGen: 43483K->7158K(51200K)] 68960K->41193K(167936K), 0.0046340 secs] [Times: user=0.03 sys=0.00, real=0.00 secs] 
15.153: Total time for which application threads were stopped: 0.0048890 seconds, Stopping threads took: 0.0001750 seconds
15.167: Application time: 0.0140430 seconds
15.170: [GC [PSYoungGen: 50643K->7158K(51200K)] 84679K->49033K(167936K), 0.0044460 secs] [Times: user=0.03 sys=0.00, real=0.00 secs] 
15.174: Total time for which application threads were stopped: 0.0067160 seconds, Stopping threads took: 0.0021740 seconds
15.189: Application time: 0.0146040 seconds
15.189: [GC [PSYoungGen: 50652K->7158K(51200K)] 92526K->55479K(167936K), 0.0041140 secs] [Times: user=0.03 sys=0.00, real=0.00 secs] 
15.193: Total time for which application threads were stopped: 0.0043700 seconds, Stopping threads took: 0.0001750 seconds
15.208: Application time: 0.0147180 seconds
15.208: [GC [PSYoungGen: 50657K->6574K(51200K)] 98978K->62021K(167936K), 0.0040290 secs] [Times: user=0.03 sys=0.00, real=0.00 secs] 
15.212: Total time for which application threads were stopped: 0.0043990 seconds, Stopping threads took: 0.0002880 seconds
15.227: Application time: 0.0146000 seconds
15.227: [GC [PSYoungGen: 50078K->6606K(51200K)] 105525K->69893K(167936K), 0.0042560 secs] [Times: user=0.03 sys=0.00, real=0.00 secs] 
15.232: Total time for which application threads were stopped: 0.0046350 seconds, Stopping threads took: 0.0002900 seconds
15.246: Application time: 0.0139230 seconds
15.246: [GC [PSYoungGen: 50116K->6669K(51200K)] 113403K->78508K(167936K), 0.0045800 secs] [Times: user=0.02 sys=0.00, real=0.00 secs] 
15.250: Total time for which application threads were stopped: 0.0048030 seconds, Stopping threads took: 0.0001380 seconds
15.264: Application time: 0.0138690 seconds
15.266: [GC [PSYoungGen: 50157K->6669K(51200K)] 121996K->89198K(167936K), 0.0052670 secs] [Times: user=0.02 sys=0.00, real=0.00 secs] 
15.271: Total time for which application threads were stopped: 0.0070000 seconds, Stopping threads took: 0.0016260 seconds
15.285: Application time: 0.0141990 seconds
15.286: [GC [PSYoungGen: 50154K->6669K(51200K)] 132683K->97749K(167936K), 0.0044940 secs] [Times: user=0.03 sys=0.00, real=0.01 secs] 
15.290: Total time for which application threads were stopped: 0.0047450 seconds, Stopping threads took: 0.0001650 seconds
15.304: Application time: 0.0136460 seconds
15.304: [GC [PSYoungGen: 50152K->6669K(51200K)] 141232K->106300K(167936K), 0.0046660 secs] [Times: user=0.03 sys=0.01, real=0.01 secs] 
15.309: Total time for which application threads were stopped: 0.0049470 seconds, Stopping threads took: 0.0001950 seconds
15.324: Application time: 0.0150270 seconds
15.324: [GC [PSYoungGen: 50169K->6669K(51200K)] 149799K->114137K(167936K), 0.0043700 secs] [Times: user=0.03 sys=0.00, real=0.01 secs] 
15.328: [Full GC [PSYoungGen: 6669K->0K(51200K)] [ParOldGen: 107468K->26242K(116736K)] 114137K->26242K(167936K) [PSPermGen: 6041K->6041K(21504K)], 0.0094240 secs] [Times: user=0.05 sys=0.00, real=0.01 secs] 
15.338: Total time for which application threads were stopped: 0.0140120 seconds, Stopping threads took: 0.0000850 seconds
15.354: Application time: 0.0164830 seconds
15.355: [GC [PSYoungGen: 43518K->6636K(51200K)] 69761K->36441K(167936K), 0.0029720 secs] [Times: user=0.02 sys=0.00, real=0.01 secs] 
15.358: Total time for which application threads were stopped: 0.0036010 seconds, Stopping threads took: 0.0005470 seconds
15.571: Application time: 0.2130990 seconds
15.571: [GC [PSYoungGen: 50137K->6636K(51200K)] 79943K->48554K(167936K), 0.0071380 secs] [Times: user=0.05 sys=0.00, real=0.01 secs] 
15.578: Total time for which application threads were stopped: 0.0072900 seconds, Stopping threads took: 0.0000730 seconds
15.754: Application time: 0.1756400 seconds
15.754: [GC [PSYoungGen: 50116K->6636K(51200K)] 92034K->58529K(167936K), 0.0049150 secs] [Times: user=0.04 sys=0.00, real=0.01 secs] 
15.759: Total time for which application threads were stopped: 0.0050720 seconds, Stopping threads took: 0.0000650 seconds
15.970: Application time: 0.2108550 seconds
15.970: [GC [PSYoungGen: 50116K->6604K(51200K)] 102009K->67760K(167936K), 0.0045880 secs] [Times: user=0.03 sys=0.00, real=0.00 secs] 
15.975: Total time for which application threads were stopped: 0.0047390 seconds, Stopping threads took: 0.0000710 seconds
16.155: Application time: 0.1799510 seconds
16.155: [GC [PSYoungGen: 50084K->6636K(51200K)] 111240K->77767K(167936K), 0.0049160 secs] [Times: user=0.03 sys=0.00, real=0.01 secs] 
16.160: Total time for which application threads were stopped: 0.0050620 seconds, Stopping threads took: 0.0000660 seconds
16.363: Application time: 0.2030750 seconds
16.363: [GC [PSYoungGen: 50185K->6668K(51200K)] 121316K->89200K(167936K), 0.0053420 secs] [Times: user=0.04 sys=0.00, real=0.01 secs] 
16.368: Total time for which application threads were stopped: 0.0055050 seconds, Stopping threads took: 0.0000710 seconds
16.586: Application time: 0.2178240 seconds
16.586: [GC [PSYoungGen: 50148K->6668K(51200K)] 132679K->99175K(167936K), 0.0048350 secs] [Times: user=0.03 sys=0.00, real=0.00 secs] 
16.591: Total time for which application threads were stopped: 0.0049750 seconds, Stopping threads took: 0.0000520 seconds
16.771: Application time: 0.1804210 seconds
16.772: [GC [PSYoungGen: 50148K->6668K(51200K)] 142654K->109150K(167936K), 0.0050330 secs] [Times: user=0.03 sys=0.00, real=0.00 secs] 
16.777: Total time for which application threads were stopped: 0.0051830 seconds, Stopping threads took: 0.0000640 seconds
16.994: Application time: 0.2175260 seconds
16.994: [GC [PSYoungGen: 50148K->6668K(51200K)] 152630K->119125K(167936K), 0.0048420 secs] [Times: user=0.03 sys=0.00, real=0.01 secs] 
16.999: [Full GC [PSYoungGen: 6668K->0K(51200K)] [ParOldGen: 112457K->31178K(116736K)] 119125K->31178K(167936K) [PSPermGen: 6046K->6046K(21504K)], 0.0116770 secs] [Times: user=0.07 sys=0.00, real=0.01 secs] 
17.011: Total time for which application threads were stopped: 0.0167200 seconds, Stopping threads took: 0.0000590 seconds
17.217: Application time: 0.2057680 seconds
17.217: [GC [PSYoungGen: 43479K->7125K(51200K)] 74657K->46853K(167936K), 0.0046420 secs] [Times: user=0.04 sys=0.00, real=0.01 secs] 
17.221: Total time for which application threads were stopped: 0.0047790 seconds, Stopping threads took: 0.0000570 seconds
17.378: Application time: 0.1561390 seconds
17.378: [GC [PSYoungGen: 50673K->6668K(51200K)] 90402K->58509K(167936K), 0.0054890 secs] [Times: user=0.04 sys=0.00, real=0.00 secs] 
17.383: Total time for which application threads were stopped: 0.0056550 seconds, Stopping threads took: 0.0000770 seconds
17.544: Application time: 0.1608790 seconds
17.544: [GC [PSYoungGen: 50149K->6668K(51200K)] 101990K->68485K(167936K), 0.0049490 secs] [Times: user=0.04 sys=0.00, real=0.01 secs] 
17.549: Total time for which application threads were stopped: 0.0051140 seconds, Stopping threads took: 0.0000750 seconds
17.708: Application time: 0.1584200 seconds
17.708: [GC [PSYoungGen: 50150K->6668K(51200K)] 111967K->78461K(167936K), 0.0049990 secs] [Times: user=0.03 sys=0.00, real=0.00 secs] 
17.713: Total time for which application threads were stopped: 0.0051480 seconds, Stopping threads took: 0.0000640 seconds
17.866: Application time: 0.1535890 seconds
17.866: [GC [PSYoungGen: 50151K->6669K(51200K)] 121943K->87724K(167936K), 0.0047400 secs] [Times: user=0.03 sys=0.00, real=0.00 secs] 
17.871: Total time for which application threads were stopped: 0.0048980 seconds, Stopping threads took: 0.0000760 seconds
18.015: Application time: 0.1435640 seconds
18.015: [GC [PSYoungGen: 50152K->6669K(51200K)] 131208K->97701K(167936K), 0.0049580 secs] [Times: user=0.03 sys=0.00, real=0.01 secs] 
18.020: Total time for which application threads were stopped: 0.0051110 seconds, Stopping threads took: 0.0000700 seconds
18.182: Application time: 0.1623980 seconds
18.182: [GC [PSYoungGen: 50153K->6669K(51200K)] 141185K->107677K(167936K), 0.0050320 secs] [Times: user=0.04 sys=0.00, real=0.01 secs] 
18.188: Total time for which application threads were stopped: 0.0052160 seconds, Stopping threads took: 0.0000890 seconds
18.343: Application time: 0.1552970 seconds
18.343: [GC [PSYoungGen: 50204K->6669K(51200K)] 151213K->118366K(167936K), 0.0053130 secs] [Times: user=0.04 sys=0.00, real=0.01 secs] 
18.348: [Full GC [PSYoungGen: 6669K->0K(51200K)] [ParOldGen: 111697K->26396K(116736K)] 118366K->26396K(167936K) [PSPermGen: 6049K->6049K(21504K)], 0.0104840 secs] [Times: user=0.06 sys=0.00, real=0.01 secs] 
18.359: Total time for which application threads were stopped: 0.0159880 seconds, Stopping threads took: 0.0000580 seconds
18.510: Application time: 0.1513030 seconds
18.510: [GC [PSYoungGen: 43502K->6541K(51200K)] 69898K->43626K(167936K), 0.0051710 secs] [Times: user=0.04 sys=0.00, real=0.00 secs] 
18.515: Total time for which application threads were stopped: 0.0053240 seconds, Stopping threads took: 0.0000700 seconds
18.670: Application time: 0.1543960 seconds
18.670: [GC [PSYoungGen: 50024K->6477K(51200K)] 87110K->53538K(167936K), 0.0049360 secs] [Times: user=0.04 sys=0.00, real=0.00 secs] 
18.675: Total time for which application threads were stopped: 0.0051140 seconds, Stopping threads took: 0.0000970 seconds
18.818: Application time: 0.1431030 seconds
18.818: [GC [PSYoungGen: 49959K->6477K(51200K)] 97021K->63514K(167936K), 0.0049920 secs] [Times: user=0.04 sys=0.00, real=0.00 secs] 
18.823: Total time for which application threads were stopped: 0.0051560 seconds, Stopping threads took: 0.0000670 seconds
18.977: Application time: 0.1541160 seconds
18.978: [GC [PSYoungGen: 49958K->6540K(51200K)] 106996K->73554K(167936K), 0.0050180 secs] [Times: user=0.04 sys=0.00, real=0.01 secs] 
18.983: Total time for which application threads were stopped: 0.0051770 seconds, Stopping threads took: 0.0000770 seconds
19.149: Application time: 0.1663140 seconds
19.149: [GC [PSYoungGen: 50021K->6508K(51200K)] 117034K->82784K(167936K), 0.0047950 secs] [Times: user=0.04 sys=0.00, real=0.00 secs] 
19.154: Total time for which application threads were stopped: 0.0049450 seconds, Stopping threads took: 0.0000700 seconds
19.219: Application time: 0.0655480 seconds
19.219: Total time for which application threads were stopped: 0.0000930 seconds, Stopping threads took: 0.0000690 seconds
19.253: Application time: 0.0336870 seconds
19.253: [GC [PSYoungGen: 50031K->6572K(51200K)] 126307K->93536K(167936K), 0.0053600 secs] [Times: user=0.04 sys=0.00, real=0.01 secs] 
19.259: Total time for which application threads were stopped: 0.0055260 seconds, Stopping threads took: 0.0000810 seconds
19.296: Application time: 0.0368300 seconds
19.296: [GC [PSYoungGen: 50529K->6652K(51200K)] 137493K->97179K(167936K), 0.0031370 secs] [Times: user=0.02 sys=0.00, real=0.01 secs] 
19.299: Total time for which application threads were stopped: 0.0033050 seconds, Stopping threads took: 0.0000900 seconds
19.325: Application time: 0.0257150 seconds
19.326: [GC [PSYoungGen: 50493K->6668K(51200K)] 141019K->101470K(167936K), 0.0035460 secs] [Times: user=0.02 sys=0.00, real=0.00 secs] 
19.329: Total time for which application threads were stopped: 0.0047740 seconds, Stopping threads took: 0.0011240 seconds
19.346: Application time: 0.0169070 seconds
19.346: [GC [PSYoungGen: 50167K->6796K(51200K)] 144969K->107298K(167936K), 0.0038550 secs] [Times: user=0.03 sys=0.00, real=0.00 secs] 
19.350: Total time for which application threads were stopped: 0.0040750 seconds, Stopping threads took: 0.0001120 seconds
19.364: Application time: 0.0139290 seconds
19.364: [GC [PSYoungGen: 50306K->6764K(51200K)] 150808K->113679K(167936K), 0.0039900 secs] [Times: user=0.03 sys=0.00, real=0.01 secs] 
19.368: [Full GC [PSYoungGen: 6764K->0K(51200K)] [ParOldGen: 106914K->26261K(116736K)] 113679K->26261K(167936K) [PSPermGen: 6052K->6052K(21504K)], 0.0102580 secs] [Times: user=0.06 sys=0.00, real=0.01 secs] 
19.379: Total time for which application threads were stopped: 0.0145410 seconds, Stopping threads took: 0.0001520 seconds
19.392: Application time: 0.0135700 seconds
19.392: [GC [PSYoungGen: 43493K->6540K(51200K)] 69754K->36364K(167936K), 0.0032470 secs] [Times: user=0.02 sys=0.00, real=0.00 secs] 
19.396: Total time for which application threads were stopped: 0.0034100 seconds, Stopping threads took: 0.0000730 seconds
19.411: Application time: 0.0154720 seconds
19.411: [GC [PSYoungGen: 49881K->6588K(51200K)] 79705K->39975K(167936K), 0.0030490 secs] [Times: user=0.02 sys=0.00, real=0.00 secs] 
19.415: Total time for which application threads were stopped: 0.0032780 seconds, Stopping threads took: 0.0001450 seconds
19.428: Application time: 0.0138590 seconds
19.429: [GC [PSYoungGen: 50262K->6668K(51200K)] 83648K->48606K(167936K), 0.0043980 secs] [Times: user=0.04 sys=0.00, real=0.00 secs] 
19.433: Total time for which application threads were stopped: 0.0047570 seconds, Stopping threads took: 0.0002730 seconds
19.447: Application time: 0.0138110 seconds
19.447: [GC [PSYoungGen: 50152K->6668K(51200K)] 92090K->54306K(167936K), 0.0036760 secs] [Times: user=0.02 sys=0.00, real=0.00 secs] 
19.451: Total time for which application threads were stopped: 0.0038520 seconds, Stopping threads took: 0.0000930 seconds
19.465: Application time: 0.0142880 seconds
19.465: [GC [PSYoungGen: 50164K->6701K(51200K)] 97801K->61463K(167936K), 0.0041840 secs] [Times: user=0.03 sys=0.00, real=0.01 secs] 
19.469: Total time for which application threads were stopped: 0.0043560 seconds, Stopping threads took: 0.0000910 seconds
19.485: Application time: 0.0157640 seconds
19.485: [GC [PSYoungGen: 50187K->6701K(51200K)] 104950K->66452K(167936K), 0.0035720 secs] [Times: user=0.02 sys=0.00, real=0.01 secs] 
19.489: Total time for which application threads were stopped: 0.0037570 seconds, Stopping threads took: 0.0001040 seconds
19.504: Application time: 0.0150750 seconds
19.505: [GC [PSYoungGen: 50123K->6733K(51200K)] 109874K->70759K(167936K), 0.0032870 secs] [Times: user=0.02 sys=0.00, real=0.01 secs] 
19.509: Total time for which application threads were stopped: 0.0044590 seconds, Stopping threads took: 0.0010840 seconds
19.524: Application time: 0.0151920 seconds
19.524: [GC [PSYoungGen: 50370K->6701K(51200K)] 114397K->76428K(167936K), 0.0040280 secs] [Times: user=0.03 sys=0.00, real=0.01 secs] 
19.528: Total time for which application threads were stopped: 0.0042850 seconds, Stopping threads took: 0.0001680 seconds
19.542: Application time: 0.0141540 seconds
19.543: [GC [PSYoungGen: 50191K->6701K(51200K)] 119918K->85691K(167936K), 0.0048740 secs] [Times: user=0.04 sys=0.00, real=0.01 secs] 
19.547: Total time for which application threads were stopped: 0.0053170 seconds, Stopping threads took: 0.0003490 seconds
19.561: Application time: 0.0140050 seconds
19.562: [GC [PSYoungGen: 50201K->6733K(51200K)] 129192K->95699K(167936K), 0.0049860 secs] [Times: user=0.04 sys=0.00, real=0.01 secs] 
19.567: Total time for which application threads were stopped: 0.0052260 seconds, Stopping threads took: 0.0001570 seconds
19.583: Application time: 0.0158170 seconds
19.583: [GC [PSYoungGen: 50220K->6701K(51200K)] 139187K->102080K(167936K), 0.0039530 secs] [Times: user=0.03 sys=0.00, real=0.01 secs] 
19.587: Total time for which application threads were stopped: 0.0041730 seconds, Stopping threads took: 0.0001320 seconds
19.601: Application time: 0.0139430 seconds
19.601: [GC [PSYoungGen: 50194K->6700K(51200K)] 145573K->107780K(167936K), 0.0038950 secs] [Times: user=0.03 sys=0.00, real=0.00 secs] 
19.605: Total time for which application threads were stopped: 0.0040510 seconds, Stopping threads took: 0.0000760 seconds
19.618: Application time: 0.0131790 seconds
19.618: [GC [PSYoungGen: 50190K->6732K(51200K)] 151270K->114225K(167936K), 0.0039940 secs] [Times: user=0.03 sys=0.00, real=0.00 secs] 
19.622: [Full GC [PSYoungGen: 6732K->0K(51200K)] [ParOldGen: 107492K->25565K(116736K)] 114225K->25565K(167936K) [PSPermGen: 6053K->6053K(21504K)], 0.0104380 secs] [Times: user=0.05 sys=0.00, real=0.01 secs] 
19.633: Total time for which application threads were stopped: 0.0146480 seconds, Stopping threads took: 0.0000820 seconds
19.648: Application time: 0.0158130 seconds
19.650: [GC [PSYoungGen: 43491K->6572K(51200K)] 69057K->33563K(167936K), 0.0024750 secs] [Times: user=0.02 sys=0.00, real=0.00 secs] 
19.652: Total time for which application threads were stopped: 0.0040510 seconds, Stopping threads took: 0.0014970 seconds
19.671: Application time: 0.0186330 seconds
19.671: [GC [PSYoungGen: 50059K->6572K(51200K)] 77050K->40689K(167936K), 0.0042590 secs] [Times: user=0.03 sys=0.00, real=0.00 secs] 
19.676: Total time for which application threads were stopped: 0.0044390 seconds, Stopping threads took: 0.0000950 seconds
19.691: Application time: 0.0151430 seconds
19.691: [GC [PSYoungGen: 50064K->6637K(51200K)] 84181K->44316K(167936K), 0.0031690 secs] [Times: user=0.03 sys=0.00, real=0.00 secs] 
19.694: Total time for which application threads were stopped: 0.0033460 seconds, Stopping threads took: 0.0000950 seconds
19.715: Application time: 0.0206930 seconds
19.715: [GC [PSYoungGen: 50114K->6637K(51200K)] 87793K->49304K(167936K), 0.0036700 secs] [Times: user=0.03 sys=0.00, real=0.01 secs] 
19.719: Total time for which application threads were stopped: 0.0038320 seconds, Stopping threads took: 0.0000780 seconds
19.734: Application time: 0.0157740 seconds
19.734: [GC [PSYoungGen: 50142K->6637K(51200K)] 92810K->55717K(167936K), 0.0041560 secs] [Times: user=0.03 sys=0.00, real=0.01 secs] 
19.739: Total time for which application threads were stopped: 0.0043340 seconds, Stopping threads took: 0.0000910 seconds
19.760: Application time: 0.0214030 seconds
19.760: [GC [PSYoungGen: 50112K->6636K(51200K)] 99193K->60705K(167936K), 0.0036400 secs] [Times: user=0.03 sys=0.00, real=0.00 secs] 
19.764: Total time for which application threads were stopped: 0.0038100 seconds, Stopping threads took: 0.0000900 seconds
19.913: Application time: 0.1494470 seconds
19.913: [GC [PSYoungGen: 50133K->6604K(51200K)] 104202K->72073K(167936K), 0.0052590 secs] [Times: user=0.04 sys=0.00, real=0.01 secs] 
19.919: Total time for which application threads were stopped: 0.0054220 seconds, Stopping threads took: 0.0000680 seconds
20.129: Application time: 0.2102650 seconds
20.129: [GC [PSYoungGen: 50084K->6636K(51200K)] 115553K->82080K(167936K), 0.0049030 secs] [Times: user=0.04 sys=0.00, real=0.00 secs] 
20.134: Total time for which application threads were stopped: 0.0050810 seconds, Stopping threads took: 0.0000900 seconds
20.318: Application time: 0.1841360 seconds
20.318: [GC [PSYoungGen: 50116K->6636K(51200K)] 125560K->91343K(167936K), 0.0047180 secs] [Times: user=0.04 sys=0.00, real=0.00 secs] 
20.323: Total time for which application threads were stopped: 0.0048670 seconds, Stopping threads took: 0.0000630 seconds
20.532: Application time: 0.2088950 seconds
20.532: [GC [PSYoungGen: 50133K->6636K(51200K)] 134840K->102031K(167936K), 0.0051610 secs] [Times: user=0.04 sys=0.00, real=0.00 secs] 
20.537: Total time for which application threads were stopped: 0.0053180 seconds, Stopping threads took: 0.0000650 seconds
20.738: Application time: 0.2001910 seconds
20.738: [GC [PSYoungGen: 50150K->6668K(51200K)] 145545K->114175K(167936K), 0.0055250 secs] [Times: user=0.04 sys=0.00, real=0.01 secs] 
20.743: [Full GC [PSYoungGen: 6668K->0K(51200K)] [ParOldGen: 107507K->29127K(116736K)] 114175K->29127K(167936K) [PSPermGen: 6053K->6053K(21504K)], 0.0107800 secs] [Times: user=0.06 sys=0.00, real=0.01 secs] 
20.754: Total time for which application threads were stopped: 0.0165140 seconds, Stopping threads took: 0.0000720 seconds
20.945: Application time: 0.1905810 seconds
20.945: [GC [PSYoungGen: 43496K->6508K(51200K)] 72624K->46324K(167936K), 0.0050730 secs] [Times: user=0.04 sys=0.00, real=0.01 secs] 
20.950: Total time for which application threads were stopped: 0.0052260 seconds, Stopping threads took: 0.0000700 seconds
21.155: Application time: 0.2047370 seconds
21.155: [GC [PSYoungGen: 49988K->6540K(51200K)] 89804K->56331K(167936K), 0.0049060 secs] [Times: user=0.04 sys=0.00, real=0.01 secs] 
21.160: Total time for which application threads were stopped: 0.0050690 seconds, Stopping threads took: 0.0000700 seconds
21.361: Application time: 0.2017840 seconds
21.362: [GC [PSYoungGen: 50028K->6572K(51200K)] 99819K->66338K(167936K), 0.0049100 secs] [Times: user=0.02 sys=0.00, real=0.01 secs] 
21.366: Total time for which application threads were stopped: 0.0050620 seconds, Stopping threads took: 0.0000690 seconds
21.562: Application time: 0.1957430 seconds
21.562: [GC [PSYoungGen: 50069K->6572K(51200K)] 109835K->75601K(167936K), 0.0046130 secs] [Times: user=0.03 sys=0.00, real=0.01 secs] 
21.567: Total time for which application threads were stopped: 0.0047510 seconds, Stopping threads took: 0.0000590 seconds
21.733: Application time: 0.1663160 seconds
21.733: [GC [PSYoungGen: 50086K->6636K(51200K)] 119115K->85640K(167936K), 0.0050300 secs] [Times: user=0.04 sys=0.00, real=0.01 secs] 
21.738: Total time for which application threads were stopped: 0.0051870 seconds, Stopping threads took: 0.0000590 seconds
21.884: Application time: 0.1455820 seconds
21.884: [GC [PSYoungGen: 50125K->6668K(51200K)] 129129K->95648K(167936K), 0.0049180 secs] [Times: user=0.04 sys=0.00, real=0.01 secs] 
21.889: Total time for which application threads were stopped: 0.0050740 seconds, Stopping threads took: 0.0000690 seconds
22.032: Application time: 0.1429360 seconds
22.032: [GC [PSYoungGen: 50150K->6669K(51200K)] 139130K->106337K(167936K), 0.0051730 secs] [Times: user=0.04 sys=0.00, real=0.00 secs] 
22.037: Total time for which application threads were stopped: 0.0053290 seconds, Stopping threads took: 0.0000740 seconds
22.189: Application time: 0.1520150 seconds
22.190: [GC [PSYoungGen: 50151K->6637K(51200K)] 149819K->116281K(167936K), 0.0049250 secs] [Times: user=0.03 sys=0.00, real=0.00 secs] 
22.195: [Full GC [PSYoungGen: 6637K->0K(51200K)] [ParOldGen: 109644K->25767K(116736K)] 116281K->25767K(167936K) [PSPermGen: 6053K->6053K(21504K)], 0.0100300 secs] [Times: user=0.05 sys=0.00, real=0.01 secs] 
22.205: Total time for which application threads were stopped: 0.0151770 seconds, Stopping threads took: 0.0000910 seconds
22.361: Application time: 0.1568180 seconds
22.362: [GC [PSYoungGen: 43491K->7157K(51200K)] 69258K->42196K(167936K), 0.0049650 secs] [Times: user=0.04 sys=0.00, real=0.01 secs] 
22.367: Total time for which application threads were stopped: 0.0051340 seconds, Stopping threads took: 0.0000730 seconds
22.529: Application time: 0.1620890 seconds
22.529: [GC [PSYoungGen: 50650K->6541K(51200K)] 85689K->50843K(167936K), 0.0047320 secs] [Times: user=0.03 sys=0.00, real=0.00 secs] 
22.534: Total time for which application threads were stopped: 0.0048810 seconds, Stopping threads took: 0.0000700 seconds
22.677: Application time: 0.1435280 seconds
22.677: [GC [PSYoungGen: 50051K->6605K(51200K)] 94353K->61596K(167936K), 0.0051480 secs] [Times: user=0.04 sys=0.00, real=0.01 secs] 
22.682: Total time for which application threads were stopped: 0.0053030 seconds, Stopping threads took: 0.0000760 seconds
22.844: Application time: 0.1616820 seconds
22.844: [GC [PSYoungGen: 50116K->6669K(51200K)] 105107K->74487K(167936K), 0.0057750 secs] [Times: user=0.04 sys=0.00, real=0.01 secs] 
22.850: Total time for which application threads were stopped: 0.0059310 seconds, Stopping threads took: 0.0000740 seconds
23.004: Application time: 0.1539870 seconds
23.004: [GC [PSYoungGen: 50152K->6669K(51200K)] 117970K->84463K(167936K), 0.0050470 secs] [Times: user=0.04 sys=0.00, real=0.01 secs] 
23.009: Total time for which application threads were stopped: 0.0052010 seconds, Stopping threads took: 0.0000620 seconds
23.170: Application time: 0.1610430 seconds
23.174: [GC [PSYoungGen: 50151K->6669K(51200K)] 127945K->93726K(167936K), 0.0046890 secs] [Times: user=0.04 sys=0.00, real=0.01 secs] 
23.178: Total time for which application threads were stopped: 0.0082310 seconds, Stopping threads took: 0.0034600 seconds
23.290: Application time: 0.1114900 seconds
23.290: [GC [PSYoungGen: 50193K->6700K(51200K)] 137251K->103733K(167936K), 0.0050190 secs] [Times: user=0.03 sys=0.00, real=0.00 secs] 
23.295: Total time for which application threads were stopped: 0.0052080 seconds, Stopping threads took: 0.0000810 seconds
23.343: Application time: 0.0480010 seconds
23.343: [GC [PSYoungGen: 50179K->6668K(51200K)] 147212K->106552K(167936K), 0.0031650 secs] [Times: user=0.02 sys=0.00, real=0.01 secs] 
23.346: Total time for which application threads were stopped: 0.0033280 seconds, Stopping threads took: 0.0000810 seconds
23.377: Application time: 0.0300340 seconds
23.377: [GC [PSYoungGen: 50158K->6669K(51200K)] 150041K->115102K(167936K), 0.0046570 secs] [Times: user=0.03 sys=0.00, real=0.01 secs] 
23.381: [Full GC [PSYoungGen: 6669K->0K(51200K)] [ParOldGen: 108433K->30783K(116736K)] 115102K->30783K(167936K) [PSPermGen: 6053K->6053K(21504K)], 0.0103130 secs] [Times: user=0.06 sys=0.00, real=0.01 secs] 
23.392: Total time for which application threads were stopped: 0.0152150 seconds, Stopping threads took: 0.0001060 seconds
23.429: Application time: 0.0367790 seconds
23.429: [GC [PSYoungGen: 43485K->5860K(51200K)] 74268K->36644K(167936K), 0.0020790 secs] [Times: user=0.01 sys=0.00, real=0.00 secs] 
23.431: Total time for which application threads were stopped: 0.0022380 seconds, Stopping threads took: 0.0000770 seconds
23.536: Application time: 0.1054370 seconds
23.536: [GC [PSYoungGen: 49395K->6508K(51200K)] 80178K->47267K(167936K), 0.0049380 secs] [Times: user=0.04 sys=0.00, real=0.01 secs] 
23.541: Total time for which application threads were stopped: 0.0050960 seconds, Stopping threads took: 0.0000690 seconds
23.573: Application time: 0.0317830 seconds
23.573: [GC [PSYoungGen: 50030K->6572K(51200K)] 90789K->53031K(167936K), 0.0054550 secs] [Times: user=0.03 sys=0.00, real=0.01 secs] 
23.579: Total time for which application threads were stopped: 0.0056240 seconds, Stopping threads took: 0.0000910 seconds
23.602: Application time: 0.0234590 seconds
23.602: [GC [PSYoungGen: 50050K->6572K(51200K)] 96509K->58019K(167936K), 0.0037550 secs] [Times: user=0.02 sys=0.00, real=0.01 secs] 
23.606: Total time for which application threads were stopped: 0.0039190 seconds, Stopping threads took: 0.0000840 seconds
23.627: Application time: 0.0211080 seconds
23.627: [GC [PSYoungGen: 50051K->6668K(51200K)] 101498K->60965K(167936K), 0.0031080 secs] [Times: user=0.03 sys=0.00, real=0.00 secs] 
23.630: Total time for which application threads were stopped: 0.0032580 seconds, Stopping threads took: 0.0000640 seconds
23.650: Application time: 0.0195100 seconds
23.650: [GC [PSYoungGen: 50163K->6572K(51200K)] 104460K->67995K(167936K), 0.0042280 secs] [Times: user=0.04 sys=0.00, real=0.00 secs] 
23.654: Total time for which application threads were stopped: 0.0044090 seconds, Stopping threads took: 0.0001000 seconds
23.678: Application time: 0.0239150 seconds
23.678: [GC [PSYoungGen: 50048K->6637K(51200K)] 111471K->72334K(167936K), 0.0034380 secs] [Times: user=0.02 sys=0.00, real=0.00 secs] 
23.682: Total time for which application threads were stopped: 0.0036020 seconds, Stopping threads took: 0.0000830 seconds
23.707: Application time: 0.0252210 seconds
23.707: [GC [PSYoungGen: 50128K->6636K(51200K)] 115826K->75897K(167936K), 0.0034200 secs] [Times: user=0.03 sys=0.00, real=0.00 secs] 
23.711: Total time for which application threads were stopped: 0.0035900 seconds, Stopping threads took: 0.0000870 seconds
23.746: Application time: 0.0356080 seconds
23.746: [GC [PSYoungGen: 50201K->6684K(51200K)] 119462K->80220K(167936K), 0.0035610 secs] [Times: user=0.03 sys=0.00, real=0.00 secs] 
23.750: Total time for which application threads were stopped: 0.0037290 seconds, Stopping threads took: 0.0000850 seconds
23.770: Application time: 0.0201590 seconds
23.770: [GC [PSYoungGen: 50250K->6828K(51200K)] 123786K->87489K(167936K), 0.0042990 secs] [Times: user=0.03 sys=0.00, real=0.00 secs] 
23.775: Total time for which application threads were stopped: 0.0044670 seconds, Stopping threads took: 0.0000820 seconds
23.791: Application time: 0.0167530 seconds
23.792: [GC [PSYoungGen: 50737K->6860K(51200K)] 131398K->92508K(167936K), 0.0036310 secs] [Times: user=0.03 sys=0.00, real=0.00 secs] 
23.795: Total time for which application threads were stopped: 0.0038010 seconds, Stopping threads took: 0.0000860 seconds
23.812: Application time: 0.0166490 seconds
23.812: [GC [PSYoungGen: 50663K->6812K(51200K)] 136311K->98161K(167936K), 0.0037170 secs] [Times: user=0.03 sys=0.00, real=0.00 secs] 
23.816: Total time for which application threads were stopped: 0.0038950 seconds, Stopping threads took: 0.0000920 seconds
23.833: Application time: 0.0171100 seconds
23.834: [GC [PSYoungGen: 50303K->6780K(51200K)] 141652K->102404K(167936K), 0.0034950 secs] [Times: user=0.01 sys=0.00, real=0.00 secs] 
23.837: Total time for which application threads were stopped: 0.0043600 seconds, Stopping threads took: 0.0007830 seconds
23.852: Application time: 0.0148920 seconds
23.852: [GC [PSYoungGen: 50270K->6828K(51200K)] 145893K->107440K(167936K), 0.0036260 secs] [Times: user=0.03 sys=0.00, real=0.00 secs] 
23.856: Total time for which application threads were stopped: 0.0038080 seconds, Stopping threads took: 0.0001010 seconds
23.871: Application time: 0.0150560 seconds
23.871: [GC [PSYoungGen: 50306K->6796K(51200K)] 150918K->115958K(167936K), 0.0047010 secs] [Times: user=0.04 sys=0.00, real=0.00 secs] 
23.876: [Full GC [PSYoungGen: 6796K->0K(51200K)] [ParOldGen: 109161K->26991K(116736K)] 115958K->26991K(167936K) [PSPermGen: 6061K->6061K(21504K)], 0.0109250 secs] [Times: user=0.06 sys=0.00, real=0.02 secs] 
23.887: Total time for which application threads were stopped: 0.0159500 seconds, Stopping threads took: 0.0001790 seconds
23.902: Application time: 0.0154050 seconds
23.903: [GC [PSYoungGen: 43500K->6605K(51200K)] 70492K->35734K(167936K), 0.0024730 secs] [Times: user=0.02 sys=0.00, real=0.00 secs] 
23.905: Total time for which application threads were stopped: 0.0026700 seconds, Stopping threads took: 0.0001220 seconds
23.919: Application time: 0.0137640 seconds
23.919: [GC [PSYoungGen: 50100K->6669K(51200K)] 79230K->39361K(167936K), 0.0031220 secs] [Times: user=0.02 sys=0.00, real=0.00 secs] 
23.922: Total time for which application threads were stopped: 0.0033650 seconds, Stopping threads took: 0.0001540 seconds
23.937: Application time: 0.0144380 seconds
23.937: [GC [PSYoungGen: 50149K->6637K(51200K)] 82841K->44317K(167936K), 0.0033570 secs] [Times: user=0.02 sys=0.00, real=0.01 secs] 
23.940: Total time for which application threads were stopped: 0.0035390 seconds, Stopping threads took: 0.0000990 seconds
23.953: Application time: 0.0132450 seconds
23.954: [GC [PSYoungGen: 50125K->6637K(51200K)] 87806K->51443K(167936K), 0.0042080 secs] [Times: user=0.03 sys=0.00, real=0.01 secs] 
23.958: Total time for which application threads were stopped: 0.0044050 seconds, Stopping threads took: 0.0001150 seconds
23.973: Application time: 0.0153330 seconds
23.973: [GC [PSYoungGen: 50133K->6637K(51200K)] 94940K->58569K(167936K), 0.0041130 secs] [Times: user=0.03 sys=0.00, real=0.00 secs] 
23.978: Total time for which application threads were stopped: 0.0043860 seconds, Stopping threads took: 0.0001880 seconds
23.996: Application time: 0.0186420 seconds
23.996: [GC [PSYoungGen: 50132K->6669K(51200K)] 102064K->62876K(167936K), 0.0033500 secs] [Times: user=0.03 sys=0.00, real=0.01 secs] 
24.000: Total time for which application threads were stopped: 0.0035250 seconds, Stopping threads took: 0.0000920 seconds
24.016: Application time: 0.0159420 seconds
24.016: [GC [PSYoungGen: 50160K->6636K(51200K)] 106368K->66407K(167936K), 0.0031310 secs] [Times: user=0.02 sys=0.00, real=0.01 secs] 
24.019: Total time for which application threads were stopped: 0.0033020 seconds, Stopping threads took: 0.0000940 seconds
24.043: Application time: 0.0243700 seconds
24.044: [GC [PSYoungGen: 50123K->6572K(51200K)] 109893K->71331K(167936K), 0.0036820 secs] [Times: user=0.02 sys=0.00, real=0.01 secs] 
24.047: Total time for which application threads were stopped: 0.0038560 seconds, Stopping threads took: 0.0000820 seconds
24.196: Application time: 0.1490510 seconds
24.196: [GC [PSYoungGen: 50061K->6604K(51200K)] 114819K->82050K(167936K), 0.0051010 secs] [Times: user=0.04 sys=0.00, real=0.01 secs] 
24.202: Total time for which application threads were stopped: 0.0052550 seconds, Stopping threads took: 0.0000730 seconds
24.414: Application time: 0.2120830 seconds
24.414: [GC [PSYoungGen: 50084K->6604K(51200K)] 125530K->92026K(167936K), 0.0049110 secs] [Times: user=0.04 sys=0.00, real=0.01 secs] 
24.419: Total time for which application threads were stopped: 0.0050680 seconds, Stopping threads took: 0.0000740 seconds
24.597: Application time: 0.1787510 seconds
24.598: [GC [PSYoungGen: 50092K->6668K(51200K)] 135514K->102065K(167936K), 0.0049280 secs] [Times: user=0.04 sys=0.00, real=0.01 secs] 
24.603: Total time for which application threads were stopped: 0.0050800 seconds, Stopping threads took: 0.0000620 seconds
24.825: Application time: 0.2228970 seconds
24.826: [GC [PSYoungGen: 50165K->6668K(51200K)] 145562K->113465K(167936K), 0.0053170 secs] [Times: user=0.04 sys=0.00, real=0.01 secs] 
24.831: [Full GC [PSYoungGen: 6668K->0K(51200K)] [ParOldGen: 106796K->27926K(116736K)] 113465K->27926K(167936K) [PSPermGen: 6061K->6061K(21504K)], 0.0099830 secs] [Times: user=0.06 sys=0.00, real=0.01 secs] 
24.841: Total time for which application threads were stopped: 0.0154960 seconds, Stopping threads took: 0.0000590 seconds
25.031: Application time: 0.1904280 seconds
25.031: [GC [PSYoungGen: 43514K->6604K(51200K)] 71440K->44506K(167936K), 0.0049690 secs] [Times: user=0.04 sys=0.00, real=0.00 secs] 
25.036: Total time for which application threads were stopped: 0.0051170 seconds, Stopping threads took: 0.0000650 seconds
25.250: Application time: 0.2138200 seconds
25.250: [GC [PSYoungGen: 50092K->6604K(51200K)] 87994K->54481K(167936K), 0.0048120 secs] [Times: user=0.04 sys=0.00, real=0.00 secs] 
25.255: Total time for which application threads were stopped: 0.0049700 seconds, Stopping threads took: 0.0000660 seconds
25.428: Application time: 0.1726700 seconds
25.428: [GC [PSYoungGen: 50092K->6572K(51200K)] 97969K->63712K(167936K), 0.0046700 secs] [Times: user=0.03 sys=0.00, real=0.00 secs] 
25.433: Total time for which application threads were stopped: 0.0048080 seconds, Stopping threads took: 0.0000590 seconds
25.630: Application time: 0.1972250 seconds
25.630: [GC [PSYoungGen: 50069K->6668K(51200K)] 107208K->73783K(167936K), 0.0049140 secs] [Times: user=0.04 sys=0.00, real=0.00 secs] 
25.635: Total time for which application threads were stopped: 0.0050570 seconds, Stopping threads took: 0.0000660 seconds
25.829: Application time: 0.1941070 seconds
25.829: [GC [PSYoungGen: 50148K->6668K(51200K)] 117263K->84471K(167936K), 0.0051180 secs] [Times: user=0.04 sys=0.00, real=0.00 secs] 
25.834: Total time for which application threads were stopped: 0.0052840 seconds, Stopping threads took: 0.0000720 seconds
26.002: Application time: 0.1673060 seconds
26.002: [GC [PSYoungGen: 50166K->6668K(51200K)] 127968K->94446K(167936K), 0.0049140 secs] [Times: user=0.03 sys=0.00, real=0.01 secs] 
26.007: Total time for which application threads were stopped: 0.0050570 seconds, Stopping threads took: 0.0000620 seconds
26.158: Application time: 0.1511180 seconds
26.158: [GC [PSYoungGen: 50176K->6636K(51200K)] 137955K->105103K(167936K), 0.0050840 secs] [Times: user=0.03 sys=0.00, real=0.00 secs] 
26.163: Total time for which application threads were stopped: 0.0052500 seconds, Stopping threads took: 0.0000870 seconds
26.327: Application time: 0.1642620 seconds
26.328: [GC [PSYoungGen: 50118K->6669K(51200K)] 148585K->115823K(167936K), 0.0051730 secs] [Times: user=0.04 sys=0.00, real=0.00 secs] 
26.333: [Full GC [PSYoungGen: 6669K->0K(51200K)] [ParOldGen: 109154K->25567K(116736K)] 115823K->25567K(167936K) [PSPermGen: 6063K->6063K(21504K)], 0.0103280 secs] [Times: user=0.05 sys=0.00, real=0.01 secs] 
26.343: Total time for which application threads were stopped: 0.0156930 seconds, Stopping threads took: 0.0000600 seconds
26.498: Application time: 0.1550250 seconds
26.498: [GC [PSYoungGen: 43491K->7157K(51200K)] 69058K->41291K(167936K), 0.0046730 secs] [Times: user=0.04 sys=0.00, real=0.00 secs] 
26.503: Total time for which application threads were stopped: 0.0048300 seconds, Stopping threads took: 0.0000670 seconds
26.635: Application time: 0.1319790 seconds
26.635: [GC [PSYoungGen: 50658K->6573K(51200K)] 84792K->51395K(167936K), 0.0051320 secs] [Times: user=0.04 sys=0.00, real=0.01 secs] 
26.640: Total time for which application threads were stopped: 0.0053030 seconds, Stopping threads took: 0.0000850 seconds
26.804: Application time: 0.1641250 seconds
26.805: [GC [PSYoungGen: 50057K->6509K(51200K)] 94879K->61308K(167936K), 0.0049410 secs] [Times: user=0.04 sys=0.00, real=0.01 secs] 
26.809: Total time for which application threads were stopped: 0.0050900 seconds, Stopping threads took: 0.0000670 seconds
26.952: Application time: 0.1425370 seconds
26.952: [GC [PSYoungGen: 49993K->6509K(51200K)] 104792K->71284K(167936K), 0.0049150 secs] [Times: user=0.04 sys=0.00, real=0.00 secs] 
26.957: Total time for which application threads were stopped: 0.0050650 seconds, Stopping threads took: 0.0000690 seconds
27.100: Application time: 0.1430470 seconds
27.100: [GC [PSYoungGen: 50035K->6669K(51200K)] 114810K->83558K(167936K), 0.0055780 secs] [Times: user=0.05 sys=0.00, real=0.01 secs] 
27.106: Total time for which application threads were stopped: 0.0057570 seconds, Stopping threads took: 0.0000820 seconds
27.262: Application time: 0.1564210 seconds
27.262: [GC [PSYoungGen: 50152K->6669K(51200K)] 127041K->94246K(167936K), 0.0051990 secs] [Times: user=0.03 sys=0.00, real=0.01 secs] 
27.268: Total time for which application threads were stopped: 0.0053550 seconds, Stopping threads took: 0.0000750 seconds
27.367: Application time: 0.0990110 seconds
27.367: [GC [PSYoungGen: 50194K->6669K(51200K)] 137772K->104935K(167936K), 0.0053960 secs] [Times: user=0.04 sys=0.00, real=0.00 secs] 
27.372: Total time for which application threads were stopped: 0.0055750 seconds, Stopping threads took: 0.0000970 seconds
27.410: Application time: 0.0373640 seconds
27.410: [GC [PSYoungGen: 50151K->6669K(51200K)] 148417K->112060K(167936K), 0.0043390 secs] [Times: user=0.03 sys=0.00, real=0.00 secs] 
27.414: [Full GC [PSYoungGen: 6669K->0K(51200K)] [ParOldGen: 105391K->32008K(116736K)] 112060K->32008K(167936K) [PSPermGen: 6064K->6064K(21504K)], 0.0105300 secs] [Times: user=0.06 sys=0.00, real=0.01 secs] 
27.425: Total time for which application threads were stopped: 0.0150850 seconds, Stopping threads took: 0.0000850 seconds
27.461: Application time: 0.0365880 seconds
27.461: [GC [PSYoungGen: 43484K->6573K(51200K)] 75493K->38582K(167936K), 0.0021180 secs] [Times: user=0.02 sys=0.00, real=0.00 secs] 
27.464: Total time for which application threads were stopped: 0.0022760 seconds, Stopping threads took: 0.0000870 seconds
27.496: Application time: 0.0328020 seconds
27.497: [GC [PSYoungGen: 50060K->6509K(51200K)] 82069K->45643K(167936K), 0.0041850 secs] [Times: user=0.03 sys=0.00, real=0.01 secs] 
27.501: Total time for which application threads were stopped: 0.0043680 seconds, Stopping threads took: 0.0001010 seconds
27.581: Application time: 0.0799010 seconds
27.581: [GC [PSYoungGen: 50176K->6572K(51200K)] 89310K->54257K(167936K), 0.0044650 secs] [Times: user=0.04 sys=0.00, real=0.00 secs] 
27.585: Total time for which application threads were stopped: 0.0046050 seconds, Stopping threads took: 0.0000630 seconds
27.612: Application time: 0.0267920 seconds
27.612: [GC [PSYoungGen: 49964K->6636K(51200K)] 97649K->61447K(167936K), 0.0043180 secs] [Times: user=0.03 sys=0.00, real=0.00 secs] 
27.617: Total time for which application threads were stopped: 0.0044960 seconds, Stopping threads took: 0.0000820 seconds
27.640: Application time: 0.0233250 seconds
27.640: [GC [PSYoungGen: 50123K->6572K(51200K)] 104933K->67795K(167936K), 0.0041240 secs] [Times: user=0.03 sys=0.00, real=0.00 secs] 
27.644: Total time for which application threads were stopped: 0.0043080 seconds, Stopping threads took: 0.0001000 seconds
27.666: Application time: 0.0219710 seconds
27.666: [GC [PSYoungGen: 50045K->6669K(51200K)] 111268K->70742K(167936K), 0.0031210 secs] [Times: user=0.02 sys=0.00, real=0.00 secs] 
27.669: Total time for which application threads were stopped: 0.0032880 seconds, Stopping threads took: 0.0000880 seconds
27.690: Application time: 0.0209330 seconds
27.691: [GC [PSYoungGen: 50160K->6605K(51200K)] 114234K->74954K(167936K), 0.0035140 secs] [Times: user=0.02 sys=0.00, real=0.00 secs] 
27.694: Total time for which application threads were stopped: 0.0036690 seconds, Stopping threads took: 0.0000710 seconds
27.714: Application time: 0.0195580 seconds
27.714: [GC [PSYoungGen: 50100K->6605K(51200K)] 118449K->79229K(167936K), 0.0034480 secs] [Times: user=0.02 sys=0.00, real=0.00 secs] 
27.717: Total time for which application threads were stopped: 0.0036130 seconds, Stopping threads took: 0.0000860 seconds
27.763: Application time: 0.0454830 seconds
27.763: [GC [PSYoungGen: 50093K->6636K(51200K)] 122717K->84248K(167936K), 0.0034560 secs] [Times: user=0.02 sys=0.00, real=0.01 secs] 
27.766: Total time for which application threads were stopped: 0.0036100 seconds, Stopping threads took: 0.0000690 seconds
27.934: Application time: 0.1677450 seconds
27.934: [GC [PSYoungGen: 50117K->6540K(51200K)] 127729K->94127K(167936K), 0.0049320 secs] [Times: user=0.03 sys=0.00, real=0.01 secs] 
27.939: Total time for which application threads were stopped: 0.0050920 seconds, Stopping threads took: 0.0000710 seconds
28.020: Application time: 0.0803820 seconds
28.020: [GC [PSYoungGen: 50064K->6620K(51200K)] 137651K->104895K(167936K), 0.0052700 secs] [Times: user=0.04 sys=0.00, real=0.00 secs] 
28.025: Total time for which application threads were stopped: 0.0054550 seconds, Stopping threads took: 0.0001020 seconds
28.055: Application time: 0.0298070 seconds
28.055: [GC [PSYoungGen: 50058K->6780K(51200K)] 148333K->107905K(167936K), 0.0031250 secs] [Times: user=0.02 sys=0.00, real=0.01 secs] 
28.058: Total time for which application threads were stopped: 0.0032970 seconds, Stopping threads took: 0.0000870 seconds
28.077: Application time: 0.0183810 seconds
28.077: [GC [PSYoungGen: 50167K->6748K(51200K)] 151292K->114286K(167936K), 0.0040500 secs] [Times: user=0.03 sys=0.00, real=0.01 secs] 
28.081: [Full GC [PSYoungGen: 6748K->0K(51200K)] [ParOldGen: 107537K->22725K(116736K)] 114286K->22725K(167936K) [PSPermGen: 6069K->6069K(21504K)], 0.0100890 secs] [Times: user=0.05 sys=0.00, real=0.01 secs] 
28.091: Total time for which application threads were stopped: 0.0148620 seconds, Stopping threads took: 0.0005870 seconds
28.109: Application time: 0.0178150 seconds
28.109: [GC [PSYoungGen: 43747K->6604K(51200K)] 66473K->32893K(167936K), 0.0029960 secs] [Times: user=0.02 sys=0.00, real=0.00 secs] 
28.112: Total time for which application threads were stopped: 0.0031740 seconds, Stopping threads took: 0.0000940 seconds
28.128: Application time: 0.0157740 seconds
28.128: [GC [PSYoungGen: 50086K->6604K(51200K)] 76375K->37881K(167936K), 0.0035340 secs] [Times: user=0.03 sys=0.00, real=0.00 secs] 
28.132: Total time for which application threads were stopped: 0.0037310 seconds, Stopping threads took: 0.0001060 seconds
28.148: Application time: 0.0166240 seconds
28.149: [GC [PSYoungGen: 50100K->6637K(51200K)] 81377K->40051K(167936K), 0.0027450 secs] [Times: user=0.02 sys=0.00, real=0.00 secs] 
28.151: Total time for which application threads were stopped: 0.0028920 seconds, Stopping threads took: 0.0000680 seconds
28.166: Application time: 0.0145640 seconds
28.166: [GC [PSYoungGen: 50608K->6668K(51200K)] 84022K->45783K(167936K), 0.0038200 secs] [Times: user=0.02 sys=0.01, real=0.00 secs] 
28.170: Total time for which application threads were stopped: 0.0039620 seconds, Stopping threads took: 0.0000610 seconds
28.185: Application time: 0.0150860 seconds
28.185: [GC [PSYoungGen: 50417K->6572K(51200K)] 89531K->53525K(167936K), 0.0043280 secs] [Times: user=0.03 sys=0.00, real=0.01 secs] 
28.190: Total time for which application threads were stopped: 0.0045620 seconds, Stopping threads took: 0.0001460 seconds
28.205: Application time: 0.0149840 seconds
28.205: [GC [PSYoungGen: 50076K->6636K(51200K)] 97028K->60002K(167936K), 0.0038310 secs] [Times: user=0.03 sys=0.00, real=0.01 secs] 
28.209: Total time for which application threads were stopped: 0.0039980 seconds, Stopping threads took: 0.0000870 seconds
28.223: Application time: 0.0144170 seconds
28.223: [GC [PSYoungGen: 50113K->6668K(51200K)] 103478K->65022K(167936K), 0.0035710 secs] [Times: user=0.03 sys=0.00, real=0.01 secs] 
28.227: Total time for which application threads were stopped: 0.0037680 seconds, Stopping threads took: 0.0001190 seconds
28.242: Application time: 0.0148220 seconds
28.242: [GC [PSYoungGen: 50160K->6669K(51200K)] 108514K->70723K(167936K), 0.0037710 secs] [Times: user=0.02 sys=0.01, real=0.00 secs] 
28.246: Total time for which application threads were stopped: 0.0039490 seconds, Stopping threads took: 0.0001000 seconds
28.261: Application time: 0.0149680 seconds
28.261: [GC [PSYoungGen: 50156K->6605K(51200K)] 114210K->73510K(167936K), 0.0029260 secs] [Times: user=0.02 sys=0.00, real=0.00 secs] 
28.264: Total time for which application threads were stopped: 0.0030770 seconds, Stopping threads took: 0.0000740 seconds
28.279: Application time: 0.0152750 seconds
28.279: [GC [PSYoungGen: 50094K->6652K(51200K)] 116999K->79258K(167936K), 0.0037460 secs] [Times: user=0.02 sys=0.00, real=0.00 secs] 
28.283: Total time for which application threads were stopped: 0.0040330 seconds, Stopping threads took: 0.0001780 seconds
28.302: Application time: 0.0189510 seconds
28.302: [GC [PSYoungGen: 50144K->6700K(51200K)] 122750K->86431K(167936K), 0.0044240 secs] [Times: user=0.03 sys=0.00, real=0.01 secs] 
28.306: Total time for which application threads were stopped: 0.0046290 seconds, Stopping threads took: 0.0001250 seconds
28.347: Application time: 0.0404370 seconds
28.347: [GC [PSYoungGen: 50196K->6636K(51200K)] 129927K->92068K(167936K), 0.0038740 secs] [Times: user=0.03 sys=0.00, real=0.00 secs] 
28.351: Total time for which application threads were stopped: 0.0040360 seconds, Stopping threads took: 0.0000810 seconds
28.443: Application time: 0.0920890 seconds
28.443: [GC [PSYoungGen: 50128K->6668K(51200K)] 135559K->102075K(167936K), 0.0049300 secs] [Times: user=0.03 sys=0.00, real=0.01 secs] 
28.448: Total time for which application threads were stopped: 0.0050940 seconds, Stopping threads took: 0.0000830 seconds
28.658: Application time: 0.2098720 seconds
28.658: [GC [PSYoungGen: 50156K->6700K(51200K)] 145563K->112794K(167936K), 0.0051360 secs] [Times: user=0.04 sys=0.00, real=0.00 secs] 
28.663: [Full GC [PSYoungGen: 6700K->0K(51200K)] [ParOldGen: 106094K->27742K(116736K)] 112794K->27742K(167936K) [PSPermGen: 6073K->6073K(21504K)], 0.0097790 secs] [Times: user=0.05 sys=0.00, real=0.01 secs] 
28.673: Total time for which application threads were stopped: 0.0151280 seconds, Stopping threads took: 0.0000660 seconds
28.867: Application time: 0.1937690 seconds
28.867: [GC [PSYoungGen: 43496K->6572K(51200K)] 71239K->45002K(167936K), 0.0049900 secs] [Times: user=0.04 sys=0.00, real=0.00 secs] 
28.872: Total time for which application threads were stopped: 0.0051530 seconds, Stopping threads took: 0.0000790 seconds
29.060: Application time: 0.1877310 seconds
29.060: [GC [PSYoungGen: 50052K->6572K(51200K)] 88482K->54978K(167936K), 0.0048930 secs] [Times: user=0.04 sys=0.00, real=0.00 secs] 
29.065: Total time for which application threads were stopped: 0.0050610 seconds, Stopping threads took: 0.0000860 seconds
29.286: Application time: 0.2209300 seconds
29.286: [GC [PSYoungGen: 50077K->6604K(51200K)] 98483K->65697K(167936K), 0.0051370 secs] [Times: user=0.04 sys=0.00, real=0.00 secs] 
29.291: Total time for which application threads were stopped: 0.0052910 seconds, Stopping threads took: 0.0000670 seconds
29.475: Application time: 0.1836070 seconds
29.475: [GC [PSYoungGen: 50101K->6636K(51200K)] 109194K->77130K(167936K), 0.0054240 secs] [Times: user=0.04 sys=0.00, real=0.01 secs] 
29.480: Total time for which application threads were stopped: 0.0055710 seconds, Stopping threads took: 0.0000640 seconds
29.685: Application time: 0.2048700 seconds
29.685: [GC [PSYoungGen: 50135K->6668K(51200K)] 120628K->87137K(167936K), 0.0049100 secs] [Times: user=0.04 sys=0.00, real=0.01 secs] 
29.690: Total time for which application threads were stopped: 0.0050540 seconds, Stopping threads took: 0.0000620 seconds
29.860: Application time: 0.1696260 seconds
29.860: [GC [PSYoungGen: 50159K->6668K(51200K)] 130627K->97112K(167936K), 0.0050130 secs] [Times: user=0.03 sys=0.00, real=0.00 secs] 
29.865: Total time for which application threads were stopped: 0.0051930 seconds, Stopping threads took: 0.0000840 seconds
30.069: Application time: 0.2039280 seconds
30.069: [GC [PSYoungGen: 50149K->6668K(51200K)] 140593K->106375K(167936K), 0.0047040 secs] [Times: user=0.04 sys=0.00, real=0.00 secs] 
30.074: Total time for which application threads were stopped: 0.0048540 seconds, Stopping threads took: 0.0000670 seconds
30.246: Application time: 0.1720130 seconds
30.246: [GC [PSYoungGen: 50166K->6668K(51200K)] 149873K->116351K(167936K), 0.0049270 secs] [Times: user=0.02 sys=0.00, real=0.00 secs] 
30.251: [Full GC [PSYoungGen: 6668K->0K(51200K)] [ParOldGen: 109682K->26288K(116736K)] 116351K->26288K(167936K) [PSPermGen: 6073K->6073K(21504K)], 0.0108560 secs] [Times: user=0.06 sys=0.00, real=0.01 secs] 
30.262: Total time for which application threads were stopped: 0.0160210 seconds, Stopping threads took: 0.0000970 seconds
30.411: Application time: 0.1494080 seconds
30.411: [GC [PSYoungGen: 43506K->6508K(51200K)] 69794K->43485K(167936K), 0.0052180 secs] [Times: user=0.04 sys=0.00, real=0.00 secs] 
30.417: Total time for which application threads were stopped: 0.0053730 seconds, Stopping threads took: 0.0000610 seconds
30.567: Application time: 0.1501120 seconds
30.567: [GC [PSYoungGen: 49999K->6605K(51200K)] 86976K->54270K(167936K), 0.0050810 secs] [Times: user=0.04 sys=0.00, real=0.00 secs] 
30.572: Total time for which application threads were stopped: 0.0052300 seconds, Stopping threads took: 0.0000700 seconds
30.725: Application time: 0.1526380 seconds
30.725: [GC [PSYoungGen: 50104K->6669K(51200K)] 97769K->64310K(167936K), 0.0049750 secs] [Times: user=0.04 sys=0.00, real=0.01 secs] 
30.730: Total time for which application threads were stopped: 0.0051260 seconds, Stopping threads took: 0.0000730 seconds
30.867: Application time: 0.1376340 seconds
30.867: [GC [PSYoungGen: 50152K->6605K(51200K)] 107793K->74222K(167936K), 0.0049680 secs] [Times: user=0.03 sys=0.00, real=0.00 secs] 
30.873: Total time for which application threads were stopped: 0.0051120 seconds, Stopping threads took: 0.0000660 seconds
31.016: Application time: 0.1438070 seconds
31.016: [GC [PSYoungGen: 50088K->6637K(51200K)] 117706K->83518K(167936K), 0.0047470 secs] [Times: user=0.04 sys=0.00, real=0.01 secs] 
31.021: Total time for which application threads were stopped: 0.0049320 seconds, Stopping threads took: 0.0000910 seconds
31.180: Application time: 0.1591640 seconds
31.181: [GC [PSYoungGen: 50137K->6669K(51200K)] 127018K->93526K(167936K), 0.0050540 secs] [Times: user=0.04 sys=0.00, real=0.00 secs] 
31.186: Total time for which application threads were stopped: 0.0052190 seconds, Stopping threads took: 0.0000820 seconds
31.359: Application time: 0.1736240 seconds
31.359: [GC [PSYoungGen: 50169K->6669K(51200K)] 137026K->104927K(167936K), 0.0053890 secs] [Times: user=0.04 sys=0.00, real=0.00 secs] 
31.365: Total time for which application threads were stopped: 0.0055420 seconds, Stopping threads took: 0.0000690 seconds
31.514: Application time: 0.1496150 seconds
31.515: [GC [PSYoungGen: 50160K->6669K(51200K)] 148418K->114903K(167936K), 0.0050350 secs] [Times: user=0.04 sys=0.00, real=0.01 secs] 
31.520: [Full GC [PSYoungGen: 6669K->0K(51200K)] [ParOldGen: 108234K->30700K(116736K)] 114903K->30700K(167936K) [PSPermGen: 6074K->6074K(21504K)], 0.0110390 secs] [Times: user=0.06 sys=0.00, real=0.01 secs] 
31.531: Total time for which application threads were stopped: 0.0162820 seconds, Stopping threads took: 0.0000740 seconds
31.593: Application time: 0.0620520 seconds
31.593: [GC [PSYoungGen: 43523K->7157K(51200K)] 74224K->47161K(167936K), 0.0049390 secs] [Times: user=0.03 sys=0.00, real=0.01 secs] 
31.598: Total time for which application threads were stopped: 0.0051280 seconds, Stopping threads took: 0.0000970 seconds
31.640: Application time: 0.0418210 seconds
31.640: [GC [PSYoungGen: 50646K->7157K(51200K)] 90650K->52165K(167936K), 0.0038390 secs] [Times: user=0.03 sys=0.00, real=0.00 secs] 
31.644: Total time for which application threads were stopped: 0.0039870 seconds, Stopping threads took: 0.0000650 seconds
31.675: Application time: 0.0317680 seconds
31.676: [GC [PSYoungGen: 50643K->7157K(51200K)] 95651K->57169K(167936K), 0.0039560 secs] [Times: user=0.03 sys=0.00, real=0.01 secs] 
31.680: Total time for which application threads were stopped: 0.0041160 seconds, Stopping threads took: 0.0000800 seconds
31.730: Application time: 0.0501680 seconds
31.730: [GC [PSYoungGen: 50687K->7157K(51200K)] 100698K->64342K(167936K), 0.0043810 secs] [Times: user=0.03 sys=0.00, real=0.00 secs] 
31.734: Total time for which application threads were stopped: 0.0045160 seconds, Stopping threads took: 0.0000600 seconds
31.775: Application time: 0.0403350 seconds
31.775: [GC [PSYoungGen: 50675K->6540K(51200K)] 107860K->70138K(167936K), 0.0040420 secs] [Times: user=0.02 sys=0.01, real=0.01 secs] 
31.779: Total time for which application threads were stopped: 0.0042100 seconds, Stopping threads took: 0.0000780 seconds
31.801: Application time: 0.0226050 seconds
31.802: [GC [PSYoungGen: 50031K->6604K(51200K)] 113629K->76615K(167936K), 0.0039570 secs] [Times: user=0.03 sys=0.00, real=0.00 secs] 
31.806: Total time for which application threads were stopped: 0.0041380 seconds, Stopping threads took: 0.0000840 seconds
31.829: Application time: 0.0239200 seconds
31.830: [GC [PSYoungGen: 50083K->6637K(51200K)] 120093K->78785K(167936K), 0.0029070 secs] [Times: user=0.02 sys=0.00, real=0.00 secs] 
31.833: Total time for which application threads were stopped: 0.0031130 seconds, Stopping threads took: 0.0001230 seconds
31.853: Application time: 0.0201310 seconds
31.853: [GC [PSYoungGen: 50130K->6573K(51200K)] 122278K->83709K(167936K), 0.0036370 secs] [Times: user=0.03 sys=0.00, real=0.00 secs] 
31.857: Total time for which application threads were stopped: 0.0038060 seconds, Stopping threads took: 0.0000870 seconds
31.873: Application time: 0.0169010 seconds
31.874: [GC [PSYoungGen: 50050K->7157K(51200K)] 127186K->90771K(167936K), 0.0042900 secs] [Times: user=0.02 sys=0.01, real=0.01 secs] 
31.878: Total time for which application threads were stopped: 0.0045120 seconds, Stopping threads took: 0.0001360 seconds
31.910: Application time: 0.0318500 seconds
31.910: [GC [PSYoungGen: 50650K->6573K(51200K)] 134264K->94462K(167936K), 0.0035340 secs] [Times: user=0.03 sys=0.00, real=0.00 secs] 
31.914: Total time for which application threads were stopped: 0.0037100 seconds, Stopping threads took: 0.0000940 seconds
32.026: Application time: 0.1125270 seconds
32.026: [GC [PSYoungGen: 50064K->6540K(51200K)] 137953K->104405K(167936K), 0.0050080 secs] [Times: user=0.04 sys=0.00, real=0.00 secs] 
32.031: Total time for which application threads were stopped: 0.0051560 seconds, Stopping threads took: 0.0000600 seconds
32.185: Application time: 0.1541580 seconds
32.185: [GC [PSYoungGen: 50063K->6572K(51200K)] 147928K->114412K(167936K), 0.0049190 secs] [Times: user=0.04 sys=0.00, real=0.01 secs] 
32.190: [Full GC [PSYoungGen: 6572K->0K(51200K)] [ParOldGen: 107839K->27713K(116736K)] 114412K->27713K(167936K) [PSPermGen: 6075K->6075K(21504K)], 0.0108450 secs] [Times: user=0.05 sys=0.01, real=0.01 secs] 
32.201: Total time for which application threads were stopped: 0.0159780 seconds, Stopping threads took: 0.0000730 seconds
32.227: Application time: 0.0259310 seconds
32.227: [GC [PSYoungGen: 43516K->6572K(51200K)] 71229K->37849K(167936K), 0.0031080 secs] [Times: user=0.02 sys=0.00, real=0.00 secs] 
32.231: Total time for which application threads were stopped: 0.0032910 seconds, Stopping threads took: 0.0001010 seconds
32.256: Application time: 0.0250030 seconds
32.256: [GC [PSYoungGen: 50056K->6572K(51200K)] 81333K->42836K(167936K), 0.0036510 secs] [Times: user=0.03 sys=0.00, real=0.01 secs] 
32.259: Total time for which application threads were stopped: 0.0038230 seconds, Stopping threads took: 0.0000910 seconds
32.282: Application time: 0.0229530 seconds
32.282: [GC [PSYoungGen: 50053K->7157K(51200K)] 86317K->48457K(167936K), 0.0038460 secs] [Times: user=0.03 sys=0.00, real=0.01 secs] 
32.286: Total time for which application threads were stopped: 0.0040060 seconds, Stopping threads took: 0.0000800 seconds
32.308: Application time: 0.0212590 seconds
32.308: [GC [PSYoungGen: 50640K->7157K(51200K)] 91939K->51339K(167936K), 0.0032700 secs] [Times: user=0.02 sys=0.00, real=0.00 secs] 
32.311: Total time for which application threads were stopped: 0.0034360 seconds, Stopping threads took: 0.0000860 seconds
32.328: Application time: 0.0173340 seconds
32.329: [GC [PSYoungGen: 50511K->6685K(51200K)] 94693K->54430K(167936K), 0.0032520 secs] [Times: user=0.02 sys=0.00, real=0.00 secs] 
32.332: Total time for which application threads were stopped: 0.0034260 seconds, Stopping threads took: 0.0000950 seconds
32.348: Application time: 0.0162400 seconds
32.348: [GC [PSYoungGen: 50387K->6668K(51200K)] 98133K->57976K(167936K), 0.0032640 secs] [Times: user=0.03 sys=0.00, real=0.00 secs] 
32.352: Total time for which application threads were stopped: 0.0034350 seconds, Stopping threads took: 0.0000810 seconds
32.372: Application time: 0.0202320 seconds
32.372: [GC [PSYoungGen: 50153K->6636K(51200K)] 101461K->65069K(167936K), 0.0042950 secs] [Times: user=0.03 sys=0.00, real=0.00 secs] 
32.376: Total time for which application threads were stopped: 0.0044820 seconds, Stopping threads took: 0.0001010 seconds
32.404: Application time: 0.0281870 seconds
32.405: [GC [PSYoungGen: 50131K->6636K(51200K)] 108564K->70769K(167936K), 0.0038730 secs] [Times: user=0.03 sys=0.00, real=0.01 secs] 
32.408: Total time for which application threads were stopped: 0.0040470 seconds, Stopping threads took: 0.0000900 seconds
32.433: Application time: 0.0246740 seconds
32.433: [GC [PSYoungGen: 50114K->6636K(51200K)] 114247K->72907K(167936K), 0.0028790 secs] [Times: user=0.02 sys=0.00, real=0.00 secs] 
32.436: Total time for which application threads were stopped: 0.0031810 seconds, Stopping threads took: 0.0002150 seconds
32.454: Application time: 0.0181370 seconds
32.455: [GC [PSYoungGen: 50124K->6604K(51200K)] 116394K->80713K(167936K), 0.0044360 secs] [Times: user=0.03 sys=0.00, real=0.01 secs] 
32.459: Total time for which application threads were stopped: 0.0046160 seconds, Stopping threads took: 0.0000970 seconds
32.481: Application time: 0.0215110 seconds
32.481: [GC [PSYoungGen: 50100K->6636K(51200K)] 124208K->85734K(167936K), 0.0035870 secs] [Times: user=0.02 sys=0.00, real=0.00 secs] 
32.484: Total time for which application threads were stopped: 0.0037710 seconds, Stopping threads took: 0.0001030 seconds
32.505: Application time: 0.0208390 seconds
32.505: [GC [PSYoungGen: 50153K->6652K(51200K)] 129251K->90025K(167936K), 0.0034870 secs] [Times: user=0.03 sys=0.00, real=0.01 secs] 
32.509: Total time for which application threads were stopped: 0.0036910 seconds, Stopping threads took: 0.0001210 seconds
32.530: Application time: 0.0213880 seconds
32.530: [GC [PSYoungGen: 50145K->6668K(51200K)] 133518K->97166K(167936K), 0.0042480 secs] [Times: user=0.03 sys=0.00, real=0.00 secs] 
32.535: Total time for which application threads were stopped: 0.0044360 seconds, Stopping threads took: 0.0001070 seconds
32.580: Application time: 0.0455240 seconds
32.580: [GC [PSYoungGen: 50154K->6652K(51200K)] 140652K->101425K(167936K), 0.0034630 secs] [Times: user=0.02 sys=0.00, real=0.00 secs] 
32.584: Total time for which application threads were stopped: 0.0036020 seconds, Stopping threads took: 0.0000590 seconds
32.614: Application time: 0.0300530 seconds
32.614: [GC [PSYoungGen: 50144K->6636K(51200K)] 144917K->111385K(167936K), 0.0050540 secs] [Times: user=0.04 sys=0.00, real=0.01 secs] 
32.619: [Full GC [PSYoungGen: 6636K->0K(51200K)] [ParOldGen: 104748K->26289K(116736K)] 111385K->26289K(167936K) [PSPermGen: 6076K->6076K(21504K)], 0.0108790 secs] [Times: user=0.06 sys=0.00, real=0.01 secs] 
32.630: Total time for which application threads were stopped: 0.0161450 seconds, Stopping threads took: 0.0000760 seconds
32.706: Application time: 0.0759000 seconds
32.710: [GC [PSYoungGen: 43497K->6604K(51200K)] 69786K->37881K(167936K), 0.0034670 secs] [Times: user=0.03 sys=0.00, real=0.00 secs] 
32.713: Total time for which application threads were stopped: 0.0073010 seconds, Stopping threads took: 0.0037380 seconds
32.916: Application time: 0.2027600 seconds
32.916: [GC [PSYoungGen: 50092K->6572K(51200K)] 81369K->47824K(167936K), 0.0049540 secs] [Times: user=0.04 sys=0.00, real=0.01 secs] 
32.921: Total time for which application threads were stopped: 0.0051140 seconds, Stopping threads took: 0.0000770 seconds
33.133: Application time: 0.2116610 seconds
33.133: [GC [PSYoungGen: 50060K->6636K(51200K)] 91312K->58576K(167936K), 0.0050750 secs] [Times: user=0.04 sys=0.00, real=0.01 secs] 
33.138: Total time for which application threads were stopped: 0.0052240 seconds, Stopping threads took: 0.0000680 seconds
33.326: Application time: 0.1875200 seconds
33.326: [GC [PSYoungGen: 50133K->6668K(51200K)] 102072K->67870K(167936K), 0.0046830 secs] [Times: user=0.04 sys=0.00, real=0.00 secs] 
33.330: Total time for which application threads were stopped: 0.0048530 seconds, Stopping threads took: 0.0000590 seconds
33.534: Application time: 0.2039580 seconds
33.535: [GC [PSYoungGen: 50148K->6604K(51200K)] 111350K->77782K(167936K), 0.0049060 secs] [Times: user=0.04 sys=0.00, real=0.01 secs] 
33.539: Total time for which application threads were stopped: 0.0050680 seconds, Stopping threads took: 0.0000820 seconds
33.740: Application time: 0.2007370 seconds
33.740: [GC [PSYoungGen: 50118K->6668K(51200K)] 121295K->89958K(167936K), 0.0054170 secs] [Times: user=0.04 sys=0.00, real=0.01 secs] 
33.746: Total time for which application threads were stopped: 0.0055790 seconds, Stopping threads took: 0.0000830 seconds
33.948: Application time: 0.2024700 seconds
33.948: [GC [PSYoungGen: 50165K->6668K(51200K)] 133455K->99934K(167936K), 0.0048750 secs] [Times: user=0.04 sys=0.00, real=0.00 secs] 
33.953: Total time for which application threads were stopped: 0.0050250 seconds, Stopping threads took: 0.0000610 seconds
34.137: Application time: 0.1834240 seconds
34.137: [GC [PSYoungGen: 50148K->6668K(51200K)] 143414K->109909K(167936K), 0.0049500 secs] [Times: user=0.04 sys=0.00, real=0.01 secs] 
34.142: [Full GC [PSYoungGen: 6668K->0K(51200K)] [ParOldGen: 103240K->31279K(116736K)] 109909K->31279K(167936K) [PSPermGen: 6076K->6076K(21504K)], 0.0105900 secs] [Times: user=0.05 sys=0.00, real=0.01 secs] 
34.152: Total time for which application threads were stopped: 0.0157520 seconds, Stopping threads took: 0.0000760 seconds
34.347: Application time: 0.1942270 seconds
34.347: [GC [PSYoungGen: 43489K->6508K(51200K)] 74768K->46338K(167936K), 0.0045380 secs] [Times: user=0.03 sys=0.00, real=0.00 secs] 
34.351: Total time for which application threads were stopped: 0.0046890 seconds, Stopping threads took: 0.0000690 seconds
34.509: Application time: 0.1572200 seconds
34.509: [GC [PSYoungGen: 49998K->6540K(51200K)] 89828K->57058K(167936K), 0.0051670 secs] [Times: user=0.04 sys=0.00, real=0.00 secs] 
34.514: Total time for which application threads were stopped: 0.0053370 seconds, Stopping threads took: 0.0000740 seconds
34.663: Application time: 0.1494250 seconds
34.663: [GC [PSYoungGen: 50041K->6573K(51200K)] 100558K->68491K(167936K), 0.0053860 secs] [Times: user=0.04 sys=0.00, real=0.01 secs] 
34.669: Total time for which application threads were stopped: 0.0055400 seconds, Stopping threads took: 0.0000710 seconds
34.830: Application time: 0.1614550 seconds
34.830: [GC [PSYoungGen: 50072K->6637K(51200K)] 111990K->79244K(167936K), 0.0051420 secs] [Times: user=0.04 sys=0.00, real=0.00 secs] 
34.836: Total time for which application threads were stopped: 0.0052840 seconds, Stopping threads took: 0.0000630 seconds
34.981: Application time: 0.1455290 seconds
34.981: [GC [PSYoungGen: 50136K->6669K(51200K)] 122743K->89252K(167936K), 0.0049670 secs] [Times: user=0.04 sys=0.00, real=0.01 secs] 
34.986: Total time for which application threads were stopped: 0.0051180 seconds, Stopping threads took: 0.0000690 seconds
35.129: Application time: 0.1425270 seconds
35.129: [GC [PSYoungGen: 50152K->6637K(51200K)] 132735K->98483K(167936K), 0.0048490 secs] [Times: user=0.03 sys=0.00, real=0.00 secs] 
35.134: Total time for which application threads were stopped: 0.0050440 seconds, Stopping threads took: 0.0000970 seconds
35.294: Application time: 0.1604170 seconds
35.294: [GC [PSYoungGen: 50128K->6637K(51200K)] 141975K->108459K(167936K), 0.0050590 secs] [Times: user=0.03 sys=0.00, real=0.01 secs] 
35.300: Total time for which application threads were stopped: 0.0052130 seconds, Stopping threads took: 0.0000720 seconds
35.454: Application time: 0.1548680 seconds
35.454: [GC [PSYoungGen: 50129K->6669K(51200K)] 151952K->119180K(167936K), 0.0052390 secs] [Times: user=0.04 sys=0.00, real=0.01 secs] 
35.460: [Full GC [PSYoungGen: 6669K->0K(51200K)] [ParOldGen: 112511K->29140K(116736K)] 119180K->29140K(167936K) [PSPermGen: 6076K->6076K(21504K)], 0.0109080 secs] [Times: user=0.06 sys=0.00, real=0.01 secs] 
35.471: Total time for which application threads were stopped: 0.0163590 seconds, Stopping threads took: 0.0000700 seconds
35.629: Application time: 0.1585820 seconds
35.629: [GC [PSYoungGen: 43499K->6541K(51200K)] 72640K->46370K(167936K), 0.0051460 secs] [Times: user=0.03 sys=0.00, real=0.00 secs] 
35.635: Total time for which application threads were stopped: 0.0053280 seconds, Stopping threads took: 0.0000910 seconds
35.734: Application time: 0.0995450 seconds
35.734: [GC [PSYoungGen: 50074K->6573K(51200K)] 89903K->57090K(167936K), 0.0052490 secs] [Times: user=0.04 sys=0.00, real=0.01 secs] 
35.740: Total time for which application threads were stopped: 0.0054300 seconds, Stopping threads took: 0.0000960 seconds
35.783: Application time: 0.0437980 seconds
35.784: [GC [PSYoungGen: 50051K->6637K(51200K)] 100569K->60005K(167936K), 0.0030950 secs] [Times: user=0.02 sys=0.00, real=0.01 secs] 
35.787: Total time for which application threads were stopped: 0.0032720 seconds, Stopping threads took: 0.0000980 seconds
35.819: Application time: 0.0327550 seconds
35.820: [GC [PSYoungGen: 50125K->6541K(51200K)] 103493K->66322K(167936K), 0.0040260 secs] [Times: user=0.03 sys=0.00, real=0.00 secs] 
35.824: Total time for which application threads were stopped: 0.0041790 seconds, Stopping threads took: 0.0000730 seconds
35.856: Application time: 0.0320970 seconds
35.856: [GC [PSYoungGen: 50029K->6605K(51200K)] 109810K->70661K(167936K), 0.0035150 secs] [Times: user=0.02 sys=0.00, real=0.01 secs] 
35.859: Total time for which application threads were stopped: 0.0036830 seconds, Stopping threads took: 0.0000860 seconds
35.947: Application time: 0.0880410 seconds
35.948: [GC [PSYoungGen: 50138K->6668K(51200K)] 114194K->80701K(167936K), 0.0050210 secs] [Times: user=0.04 sys=0.00, real=0.00 secs] 
35.953: Total time for which application threads were stopped: 0.0051730 seconds, Stopping threads took: 0.0000700 seconds
35.991: Application time: 0.0386840 seconds
35.991: [GC [PSYoungGen: 50183K->6604K(51200K)] 124215K->84912K(167936K), 0.0034910 secs] [Times: user=0.02 sys=0.00, real=0.00 secs] 
35.995: Total time for which application threads were stopped: 0.0036520 seconds, Stopping threads took: 0.0000820 seconds
36.019: Application time: 0.0241080 seconds
36.019: [GC [PSYoungGen: 50091K->6652K(51200K)] 128399K->88523K(167936K), 0.0033550 secs] [Times: user=0.02 sys=0.00, real=0.00 secs] 
36.023: Total time for which application threads were stopped: 0.0035190 seconds, Stopping threads took: 0.0000840 seconds
36.043: Application time: 0.0205180 seconds
36.043: [GC [PSYoungGen: 50136K->6684K(51200K)] 132007K->95680K(167936K), 0.0043780 secs] [Times: user=0.04 sys=0.00, real=0.01 secs] 
36.048: Total time for which application threads were stopped: 0.0045410 seconds, Stopping threads took: 0.0000790 seconds
36.070: Application time: 0.0221480 seconds
36.070: [GC [PSYoungGen: 50166K->6637K(51200K)] 139162K->98483K(167936K), 0.0030970 secs] [Times: user=0.03 sys=0.00, real=0.00 secs] 
36.073: Total time for which application threads were stopped: 0.0036330 seconds, Stopping threads took: 0.0004530 seconds
36.097: Application time: 0.0230680 seconds
36.097: [GC [PSYoungGen: 50128K->6684K(51200K)] 141974K->103518K(167936K), 0.0037960 secs] [Times: user=0.03 sys=0.00, real=0.01 secs] 
36.100: Total time for which application threads were stopped: 0.0039590 seconds, Stopping threads took: 0.0000810 seconds
36.133: Application time: 0.0329210 seconds
36.134: [GC [PSYoungGen: 50171K->6652K(51200K)] 147005K->109899K(167936K), 0.0041480 secs] [Times: user=0.03 sys=0.00, real=0.01 secs] 
36.138: Total time for which application threads were stopped: 0.0043300 seconds, Stopping threads took: 0.0000880 seconds
36.260: Application time: 0.1217910 seconds
36.260: [GC [PSYoungGen: 50143K->6732K(51200K)] 153390K->120667K(167936K), 0.0052290 secs] [Times: user=0.04 sys=0.00, real=0.00 secs] 
36.265: [Full GC [PSYoungGen: 6732K->0K(51200K)] [ParOldGen: 113934K->31397K(116736K)] 120667K->31397K(167936K) [PSPermGen: 6078K->6078K(21504K)], 0.0104060 secs] [Times: user=0.06 sys=0.00, real=0.01 secs] 
36.275: Total time for which application threads were stopped: 0.0158460 seconds, Stopping threads took: 0.0000760 seconds
36.317: Application time: 0.0412480 seconds
36.317: [GC [PSYoungGen: 43565K->6604K(51200K)] 74962K->40139K(167936K), 0.0025790 secs] [Times: user=0.02 sys=0.00, real=0.01 secs] 
36.319: Total time for which application threads were stopped: 0.0027410 seconds, Stopping threads took: 0.0000880 seconds
36.342: Application time: 0.0229800 seconds
36.342: [GC [PSYoungGen: 50080K->6604K(51200K)] 83615K->42989K(167936K), 0.0030010 secs] [Times: user=0.02 sys=0.00, real=0.00 secs] 
36.346: Total time for which application threads were stopped: 0.0031570 seconds, Stopping threads took: 0.0000740 seconds
36.367: Application time: 0.0217790 seconds
36.367: [GC [PSYoungGen: 50087K->6508K(51200K)] 86472K->50019K(167936K), 0.0042860 secs] [Times: user=0.03 sys=0.00, real=0.00 secs] 
36.372: Total time for which application threads were stopped: 0.0044450 seconds, Stopping threads took: 0.0000710 seconds
36.393: Application time: 0.0212100 seconds
36.393: [GC [PSYoungGen: 49999K->6637K(51200K)] 93510K->53710K(167936K), 0.0032920 secs] [Times: user=0.02 sys=0.00, real=0.00 secs] 
36.396: Total time for which application threads were stopped: 0.0034830 seconds, Stopping threads took: 0.0001100 seconds
36.417: Application time: 0.0209480 seconds
36.418: [GC [PSYoungGen: 50111K->6636K(51200K)] 97184K->55848K(167936K), 0.0029380 secs] [Times: user=0.02 sys=0.00, real=0.01 secs] 
36.421: Total time for which application threads were stopped: 0.0031450 seconds, Stopping threads took: 0.0001280 seconds
36.447: Application time: 0.0263010 seconds
36.447: [GC [PSYoungGen: 50130K->6604K(51200K)] 99341K->60803K(167936K), 0.0036980 secs] [Times: user=0.03 sys=0.00, real=0.00 secs] 
36.451: Total time for which application threads were stopped: 0.0038540 seconds, Stopping threads took: 0.0000730 seconds
36.553: Application time: 0.1027590 seconds
36.554: [GC [PSYoungGen: 50136K->6636K(51200K)] 104335K->71523K(167936K), 0.0050990 secs] [Times: user=0.04 sys=0.00, real=0.01 secs] 
36.559: Total time for which application threads were stopped: 0.0052490 seconds, Stopping threads took: 0.0000690 seconds
36.604: Application time: 0.0453790 seconds
36.604: [GC [PSYoungGen: 50114K->6700K(51200K)] 115001K->75149K(167936K), 0.0032170 secs] [Times: user=0.03 sys=0.00, real=0.01 secs] 
36.607: Total time for which application threads were stopped: 0.0033840 seconds, Stopping threads took: 0.0000860 seconds
36.643: Application time: 0.0352460 seconds
36.643: [GC [PSYoungGen: 50222K->6700K(51200K)] 118671K->80137K(167936K), 0.0037610 secs] [Times: user=0.03 sys=0.00, real=0.01 secs] 
36.647: Total time for which application threads were stopped: 0.0039210 seconds, Stopping threads took: 0.0000680 seconds
36.669: Application time: 0.0220380 seconds
36.669: [GC [PSYoungGen: 50193K->6700K(51200K)] 123630K->87263K(167936K), 0.0043030 secs] [Times: user=0.04 sys=0.00, real=0.00 secs] 
36.673: Total time for which application threads were stopped: 0.0044600 seconds, Stopping threads took: 0.0000740 seconds
36.695: Application time: 0.0216740 seconds
36.695: [GC [PSYoungGen: 50178K->6668K(51200K)] 130741K->91506K(167936K), 0.0035390 secs] [Times: user=0.03 sys=0.00, real=0.01 secs] 
36.699: Total time for which application threads were stopped: 0.0037090 seconds, Stopping threads took: 0.0000850 seconds
36.732: Application time: 0.0332810 seconds
36.732: [GC [PSYoungGen: 50200K->6732K(51200K)] 135037K->97270K(167936K), 0.0039620 secs] [Times: user=0.03 sys=0.00, real=0.00 secs] 
36.736: Total time for which application threads were stopped: 0.0041330 seconds, Stopping threads took: 0.0000900 seconds
36.759: Application time: 0.0232540 seconds
36.759: [GC [PSYoungGen: 50218K->6732K(51200K)] 140756K->102970K(167936K), 0.0039400 secs] [Times: user=0.03 sys=0.00, real=0.00 secs] 
36.763: Total time for which application threads were stopped: 0.0041120 seconds, Stopping threads took: 0.0000910 seconds
36.785: Application time: 0.0219390 seconds
36.785: [GC [PSYoungGen: 50216K->6732K(51200K)] 146454K->107246K(167936K), 0.0035020 secs] [Times: user=0.03 sys=0.00, real=0.01 secs] 
36.789: Total time for which application threads were stopped: 0.0036830 seconds, Stopping threads took: 0.0000990 seconds
36.824: Application time: 0.0348660 seconds
36.824: [GC [PSYoungGen: 50223K->6764K(51200K)] 150737K->112978K(167936K), 0.0039140 secs] [Times: user=0.02 sys=0.00, real=0.01 secs] 
36.828: Total time for which application threads were stopped: 0.0040860 seconds, Stopping threads took: 0.0000900 seconds
36.863: Application time: 0.0346640 seconds
36.863: [GC [PSYoungGen: 50253K->6636K(51200K)] 156467K->118626K(167936K), 0.0039160 secs] [Times: user=0.03 sys=0.00, real=0.01 secs] 
36.867: [Full GC [PSYoungGen: 6636K->0K(51200K)] [ParOldGen: 111989K->24864K(116736K)] 118626K->24864K(167936K) [PSPermGen: 6078K->6078K(21504K)], 0.0102820 secs] [Times: user=0.06 sys=0.00, real=0.00 secs] 
36.877: Total time for which application threads were stopped: 0.0144240 seconds, Stopping threads took: 0.0000940 seconds
36.984: Application time: 0.1074920 seconds
36.985: [GC [PSYoungGen: 43491K->7157K(51200K)] 68355K->42012K(167936K), 0.0050510 secs] [Times: user=0.04 sys=0.00, real=0.01 secs] 
36.990: Total time for which application threads were stopped: 0.0052110 seconds, Stopping threads took: 0.0000700 seconds
37.185: Application time: 0.1953060 seconds
37.185: [GC [PSYoungGen: 50645K->6540K(51200K)] 85500K->51371K(167936K), 0.0048450 secs] [Times: user=0.03 sys=0.00, real=0.01 secs] 
37.190: Total time for which application threads were stopped: 0.0050440 seconds, Stopping threads took: 0.0001060 seconds
37.358: Application time: 0.1675340 seconds
37.358: [GC [PSYoungGen: 50045K->6572K(51200K)] 94876K->62803K(167936K), 0.0052540 secs] [Times: user=0.04 sys=0.00, real=0.00 secs] 
37.363: Total time for which application threads were stopped: 0.0054160 seconds, Stopping threads took: 0.0000830 seconds
37.572: Application time: 0.2091610 seconds
37.572: [GC [PSYoungGen: 50060K->6668K(51200K)] 106291K->74299K(167936K), 0.0069680 secs] [Times: user=0.05 sys=0.00, real=0.01 secs] 
37.579: Total time for which application threads were stopped: 0.0071220 seconds, Stopping threads took: 0.0000780 seconds
37.778: Application time: 0.1987250 seconds
37.778: [GC [PSYoungGen: 50165K->6668K(51200K)] 117796K->84275K(167936K), 0.0049350 secs] [Times: user=0.04 sys=0.00, real=0.00 secs] 
37.783: Total time for which application threads were stopped: 0.0050930 seconds, Stopping threads took: 0.0000610 seconds
37.994: Application time: 0.2113530 seconds
37.995: [GC [PSYoungGen: 50165K->6668K(51200K)] 127771K->94962K(167936K), 0.0050260 secs] [Times: user=0.04 sys=0.00, real=0.01 secs] 
38.000: Total time for which application threads were stopped: 0.0051620 seconds, Stopping threads took: 0.0000560 seconds
38.193: Application time: 0.1937020 seconds
38.193: [GC [PSYoungGen: 50156K->6668K(51200K)] 138451K->104938K(167936K), 0.0048840 secs] [Times: user=0.03 sys=0.00, real=0.01 secs] 
38.198: Total time for which application threads were stopped: 0.0050300 seconds, Stopping threads took: 0.0000670 seconds
38.371: Application time: 0.1725750 seconds
38.371: [GC [PSYoungGen: 50167K->6668K(51200K)] 148436K->114913K(167936K), 0.0049220 secs] [Times: user=0.04 sys=0.00, real=0.00 secs] 
38.376: [Full GC [PSYoungGen: 6668K->0K(51200K)] [ParOldGen: 108244K->27001K(116736K)] 114913K->27001K(167936K) [PSPermGen: 6078K->6078K(21504K)], 0.0107210 secs] [Times: user=0.05 sys=0.00, real=0.02 secs] 
38.387: Total time for which application threads were stopped: 0.0158520 seconds, Stopping threads took: 0.0000650 seconds
38.564: Application time: 0.1775700 seconds
38.564: [GC [PSYoungGen: 43488K->7157K(51200K)] 70490K->43438K(167936K), 0.0048540 secs] [Times: user=0.04 sys=0.00, real=0.01 secs] 
38.569: Total time for which application threads were stopped: 0.0050070 seconds, Stopping threads took: 0.0000700 seconds
38.734: Application time: 0.1648320 seconds
38.734: [GC [PSYoungGen: 50646K->6540K(51200K)] 86927K->53509K(167936K), 0.0050680 secs] [Times: user=0.04 sys=0.00, real=0.01 secs] 
38.739: Total time for which application threads were stopped: 0.0052180 seconds, Stopping threads took: 0.0000680 seconds
38.891: Application time: 0.1517300 seconds
38.891: [GC [PSYoungGen: 50039K->6573K(51200K)] 97008K->64230K(167936K), 0.0051280 secs] [Times: user=0.03 sys=0.00, real=0.00 secs] 
38.896: Total time for which application threads were stopped: 0.0052860 seconds, Stopping threads took: 0.0000690 seconds
39.039: Application time: 0.1424530 seconds
39.039: [GC [PSYoungGen: 50063K->6637K(51200K)] 107721K->74983K(167936K), 0.0051210 secs] [Times: user=0.04 sys=0.00, real=0.00 secs] 
39.044: Total time for which application threads were stopped: 0.0052720 seconds, Stopping threads took: 0.0000690 seconds
39.194: Application time: 0.1497770 seconds
39.194: [GC [PSYoungGen: 50128K->6605K(51200K)] 118474K->84214K(167936K), 0.0048000 secs] [Times: user=0.03 sys=0.00, real=0.01 secs] 
39.199: Total time for which application threads were stopped: 0.0049510 seconds, Stopping threads took: 0.0000650 seconds
39.348: Application time: 0.1491420 seconds
39.348: [GC [PSYoungGen: 50105K->6669K(51200K)] 127715K->94967K(167936K), 0.0052570 secs] [Times: user=0.04 sys=0.00, real=0.00 secs] 
39.353: Total time for which application threads were stopped: 0.0054180 seconds, Stopping threads took: 0.0000760 seconds
39.510: Application time: 0.1567880 seconds
39.510: [GC [PSYoungGen: 50161K->6669K(51200K)] 138459K->106368K(167936K), 0.0054080 secs] [Times: user=0.04 sys=0.00, real=0.00 secs] 
39.516: Total time for which application threads were stopped: 0.0056260 seconds, Stopping threads took: 0.0001280 seconds
39.673: Application time: 0.1575060 seconds
39.674: [GC [PSYoungGen: 50161K->6669K(51200K)] 149860K->116344K(167936K), 0.0049870 secs] [Times: user=0.03 sys=0.00, real=0.01 secs] 
39.679: [Full GC [PSYoungGen: 6669K->0K(51200K)] [ParOldGen: 109675K->29141K(116736K)] 116344K->29141K(167936K) [PSPermGen: 6078K->6078K(21504K)], 0.0110420 secs] [Times: user=0.07 sys=0.00, real=0.01 secs] 
39.690: Total time for which application threads were stopped: 0.0162620 seconds, Stopping threads took: 0.0000880 seconds
39.850: Application time: 0.1604920 seconds
39.850: [GC [PSYoungGen: 43499K->6573K(51200K)] 72640K->44977K(167936K), 0.0047150 secs] [Times: user=0.03 sys=0.00, real=0.00 secs] 
39.855: Total time for which application threads were stopped: 0.0048650 seconds, Stopping threads took: 0.0000690 seconds
40.004: Application time: 0.1486640 seconds
40.004: [GC [PSYoungGen: 50055K->6541K(51200K)] 88460K->54921K(167936K), 0.0049700 secs] [Times: user=0.04 sys=0.00, real=0.01 secs] 
40.009: Total time for which application threads were stopped: 0.0051320 seconds, Stopping threads took: 0.0000750 seconds
40.074: Application time: 0.0647810 seconds
40.074: [GC [PSYoungGen: 50060K->6508K(51200K)] 98441K->64152K(167936K), 0.0048300 secs] [Times: user=0.04 sys=0.00, real=0.01 secs] 
40.079: Total time for which application threads were stopped: 0.0050160 seconds, Stopping threads took: 0.0000970 seconds
40.115: Application time: 0.0366310 seconds
40.115: [GC [PSYoungGen: 50001K->6636K(51200K)] 107645K->71405K(167936K), 0.0041720 secs] [Times: user=0.03 sys=0.00, real=0.01 secs] 
40.120: Total time for which application threads were stopped: 0.0043490 seconds, Stopping threads took: 0.0000990 seconds
40.152: Application time: 0.0327940 seconds
40.153: [GC [PSYoungGen: 50122K->6573K(51200K)] 114892K->77042K(167936K), 0.0038670 secs] [Times: user=0.03 sys=0.00, real=0.00 secs] 
40.156: Total time for which application threads were stopped: 0.0040360 seconds, Stopping threads took: 0.0000840 seconds
40.201: Application time: 0.0448750 seconds
40.202: [GC [PSYoungGen: 50104K->6684K(51200K)] 120574K->83567K(167936K), 0.0039470 secs] [Times: user=0.02 sys=0.01, real=0.00 secs] 
40.206: Total time for which application threads were stopped: 0.0042500 seconds, Stopping threads took: 0.0002200 seconds
40.237: Application time: 0.0314810 seconds
40.237: [GC [PSYoungGen: 50196K->6620K(51200K)] 127079K->87066K(167936K), 0.0033240 secs] [Times: user=0.02 sys=0.00, real=0.01 secs] 
40.241: Total time for which application threads were stopped: 0.0034980 seconds, Stopping threads took: 0.0000930 seconds
40.263: Application time: 0.0226990 seconds
40.263: [GC [PSYoungGen: 50107K->6652K(51200K)] 130552K->93510K(167936K), 0.0041530 secs] [Times: user=0.03 sys=0.00, real=0.01 secs] 
40.268: Total time for which application threads were stopped: 0.0043110 seconds, Stopping threads took: 0.0000740 seconds
40.290: Application time: 0.0227490 seconds
40.291: [GC [PSYoungGen: 50135K->6652K(51200K)] 136993K->98498K(167936K), 0.0036200 secs] [Times: user=0.02 sys=0.00, real=0.00 secs] 
40.294: Total time for which application threads were stopped: 0.0038820 seconds, Stopping threads took: 0.0001810 seconds
40.316: Application time: 0.0212950 seconds
40.316: [GC [PSYoungGen: 50135K->6653K(51200K)] 141981K->101349K(167936K), 0.0031550 secs] [Times: user=0.03 sys=0.00, real=0.01 secs] 
40.319: Total time for which application threads were stopped: 0.0033280 seconds, Stopping threads took: 0.0000900 seconds
40.338: Application time: 0.0193950 seconds
40.338: [GC [PSYoungGen: 50148K->6685K(51200K)] 144844K->105656K(167936K), 0.0035320 secs] [Times: user=0.03 sys=0.01, real=0.00 secs] 
40.342: Total time for which application threads were stopped: 0.0036940 seconds, Stopping threads took: 0.0000810 seconds
40.365: Application time: 0.0232210 seconds
40.370: [GC [PSYoungGen: 50162K->6668K(51200K)] 149134K->107778K(167936K), 0.0029200 secs] [Times: user=0.02 sys=0.00, real=0.00 secs] 
40.373: Total time for which application threads were stopped: 0.0075510 seconds, Stopping threads took: 0.0045470 seconds
40.431: Application time: 0.0578800 seconds
40.431: [GC [PSYoungGen: 50204K->6764K(51200K)] 151313K->116424K(167936K), 0.0047280 secs] [Times: user=0.04 sys=0.00, real=0.00 secs] 
40.435: [Full GC [PSYoungGen: 6764K->0K(51200K)] [ParOldGen: 109659K->27218K(116736K)] 116424K->27218K(167936K) [PSPermGen: 6079K->6079K(21504K)], 0.0103020 secs] [Times: user=0.05 sys=0.00, real=0.02 secs] 
40.446: Total time for which application threads were stopped: 0.0152430 seconds, Stopping threads took: 0.0000760 seconds
40.475: Application time: 0.0293620 seconds
40.475: [GC [PSYoungGen: 43528K->6540K(51200K)] 70747K->42309K(167936K), 0.0045050 secs] [Times: user=0.03 sys=0.00, real=0.01 secs] 
40.480: Total time for which application threads were stopped: 0.0046810 seconds, Stopping threads took: 0.0000940 seconds
40.504: Application time: 0.0240280 seconds
40.504: [GC [PSYoungGen: 50025K->6604K(51200K)] 85794K->45223K(167936K), 0.0030470 secs] [Times: user=0.03 sys=0.00, real=0.01 secs] 
40.507: Total time for which application threads were stopped: 0.0032110 seconds, Stopping threads took: 0.0000840 seconds
40.528: Application time: 0.0211200 seconds
40.528: [GC [PSYoungGen: 50089K->6605K(51200K)] 88708K->48786K(167936K), 0.0031950 secs] [Times: user=0.03 sys=0.00, real=0.00 secs] 
40.532: Total time for which application threads were stopped: 0.0033910 seconds, Stopping threads took: 0.0001160 seconds
40.552: Application time: 0.0201680 seconds
40.552: [GC [PSYoungGen: 50088K->6572K(51200K)] 92270K->52317K(167936K), 0.0032310 secs] [Times: user=0.02 sys=0.00, real=0.00 secs] 
40.555: Total time for which application threads were stopped: 0.0033840 seconds, Stopping threads took: 0.0000730 seconds
40.577: Application time: 0.0220940 seconds
40.577: [GC [PSYoungGen: 50064K->6605K(51200K)] 95808K->56624K(167936K), 0.0033320 secs] [Times: user=0.02 sys=0.00, real=0.01 secs] 
40.581: Total time for which application threads were stopped: 0.0034930 seconds, Stopping threads took: 0.0000700 seconds
40.628: Application time: 0.0474000 seconds
40.628: [GC [PSYoungGen: 50093K->6572K(51200K)] 100112K->61579K(167936K), 0.0034870 secs] [Times: user=0.03 sys=0.00, real=0.00 secs] 
40.632: Total time for which application threads were stopped: 0.0036340 seconds, Stopping threads took: 0.0000670 seconds
40.677: Application time: 0.0456760 seconds
40.678: [GC [PSYoungGen: 50098K->6572K(51200K)] 105105K->70130K(167936K), 0.0046800 secs] [Times: user=0.04 sys=0.00, real=0.01 secs] 
40.682: Total time for which application threads were stopped: 0.0048440 seconds, Stopping threads took: 0.0000830 seconds
40.721: Application time: 0.0390930 seconds
40.722: [GC [PSYoungGen: 50053K->6636K(51200K)] 113611K->73756K(167936K), 0.0033990 secs] [Times: user=0.03 sys=0.00, real=0.00 secs] 
40.725: Total time for which application threads were stopped: 0.0035630 seconds, Stopping threads took: 0.0000840 seconds
40.757: Application time: 0.0319090 seconds
40.757: [GC [PSYoungGen: 50125K->6636K(51200K)] 117245K->79457K(167936K), 0.0038400 secs] [Times: user=0.03 sys=0.00, real=0.01 secs] 
40.761: Total time for which application threads were stopped: 0.0040290 seconds, Stopping threads took: 0.0001090 seconds
40.851: Application time: 0.0904300 seconds
40.852: [GC [PSYoungGen: 50170K->6700K(51200K)] 122990K->90921K(167936K), 0.0054770 secs] [Times: user=0.04 sys=0.00, real=0.00 secs] 
40.857: Total time for which application threads were stopped: 0.0056470 seconds, Stopping threads took: 0.0000870 seconds
40.893: Application time: 0.0364680 seconds
40.894: [GC [PSYoungGen: 50224K->6700K(51200K)] 134445K->98046K(167936K), 0.0043780 secs] [Times: user=0.02 sys=0.01, real=0.01 secs] 
40.898: Total time for which application threads were stopped: 0.0045510 seconds, Stopping threads took: 0.0000870 seconds
40.922: Application time: 0.0240540 seconds
40.922: [GC [PSYoungGen: 50180K->6620K(51200K)] 141526K->102954K(167936K), 0.0036820 secs] [Times: user=0.02 sys=0.00, real=0.01 secs] 
40.926: Total time for which application threads were stopped: 0.0038420 seconds, Stopping threads took: 0.0000780 seconds
40.946: Application time: 0.0197710 seconds
40.946: [GC [PSYoungGen: 50102K->6700K(51200K)] 146436K->108734K(167936K), 0.0039560 secs] [Times: user=0.02 sys=0.00, real=0.00 secs] 
40.950: Total time for which application threads were stopped: 0.0041170 seconds, Stopping threads took: 0.0000800 seconds
40.973: Application time: 0.0230350 seconds
40.973: [GC [PSYoungGen: 50191K->6732K(51200K)] 152225K->113754K(167936K), 0.0038070 secs] [Times: user=0.03 sys=0.00, real=0.00 secs] 
40.977: [Full GC [PSYoungGen: 6732K->0K(51200K)] [ParOldGen: 107021K->26290K(116736K)] 113754K->26290K(167936K) [PSPermGen: 6080K->6080K(21504K)], 0.0101960 secs] [Times: user=0.05 sys=0.00, real=0.02 secs] 
40.987: Total time for which application threads were stopped: 0.0142290 seconds, Stopping threads took: 0.0000930 seconds
41.007: Application time: 0.0197450 seconds
41.007: [GC [PSYoungGen: 43474K->5700K(51200K)] 69764K->31990K(167936K), 0.0018230 secs] [Times: user=0.01 sys=0.00, real=0.00 secs] 
41.009: Total time for which application threads were stopped: 0.0019840 seconds, Stopping threads took: 0.0000930 seconds
41.040: Application time: 0.0316440 seconds
41.041: [GC [PSYoungGen: 49198K->6572K(51200K)] 75488K->38563K(167936K), 0.0038790 secs] [Times: user=0.03 sys=0.00, real=0.00 secs] 
41.045: Total time for which application threads were stopped: 0.0040450 seconds, Stopping threads took: 0.0000800 seconds
41.207: Application time: 0.1624100 seconds
41.207: [GC [PSYoungGen: 50069K->6604K(51200K)] 82059K->49282K(167936K), 0.0050900 secs] [Times: user=0.04 sys=0.00, real=0.00 secs] 
41.212: Total time for which application threads were stopped: 0.0052550 seconds, Stopping threads took: 0.0000720 seconds
41.406: Application time: 0.1937210 seconds
41.406: [GC [PSYoungGen: 50084K->6540K(51200K)] 92762K->59193K(167936K), 0.0048920 secs] [Times: user=0.04 sys=0.00, real=0.00 secs] 
41.411: Total time for which application threads were stopped: 0.0050460 seconds, Stopping threads took: 0.0000740 seconds
41.594: Application time: 0.1830360 seconds
41.594: [GC [PSYoungGen: 50054K->6668K(51200K)] 102707K->70722K(167936K), 0.0053100 secs] [Times: user=0.04 sys=0.00, real=0.01 secs] 
41.599: Total time for which application threads were stopped: 0.0054570 seconds, Stopping threads took: 0.0000670 seconds
41.805: Application time: 0.2057510 seconds
41.805: [GC [PSYoungGen: 50156K->6668K(51200K)] 114210K->82122K(167936K), 0.0053650 secs] [Times: user=0.04 sys=0.00, real=0.01 secs] 
41.811: Total time for which application threads were stopped: 0.0055370 seconds, Stopping threads took: 0.0000800 seconds
42.011: Application time: 0.2005600 seconds
42.011: [GC [PSYoungGen: 50156K->6668K(51200K)] 125610K->92097K(167936K), 0.0050440 secs] [Times: user=0.03 sys=0.00, real=0.00 secs] 
42.017: Total time for which application threads were stopped: 0.0051960 seconds, Stopping threads took: 0.0000700 seconds
42.218: Application time: 0.2009960 seconds
42.218: [GC [PSYoungGen: 50165K->6668K(51200K)] 135594K->103497K(167936K), 0.0053620 secs] [Times: user=0.04 sys=0.01, real=0.01 secs] 
42.223: Total time for which application threads were stopped: 0.0055120 seconds, Stopping threads took: 0.0000700 seconds
42.433: Application time: 0.2101390 seconds
42.433: [GC [PSYoungGen: 50156K->6668K(51200K)] 146986K->113473K(167936K), 0.0048930 secs] [Times: user=0.04 sys=0.00, real=0.01 secs] 
42.438: [Full GC [PSYoungGen: 6668K->0K(51200K)] [ParOldGen: 106804K->30601K(116736K)] 113473K->30601K(167936K) [PSPermGen: 6080K->6080K(21504K)], 0.0100470 secs] [Times: user=0.05 sys=0.00, real=0.01 secs] 
42.448: Total time for which application threads were stopped: 0.0151400 seconds, Stopping threads took: 0.0000610 seconds
42.597: Application time: 0.1482360 seconds
42.597: [GC [PSYoungGen: 43507K->6540K(51200K)] 74108K->47830K(167936K), 0.0051060 secs] [Times: user=0.04 sys=0.00, real=0.01 secs] 
42.602: Total time for which application threads were stopped: 0.0052590 seconds, Stopping threads took: 0.0000690 seconds
42.761: Application time: 0.1595200 seconds
42.761: [GC [PSYoungGen: 50029K->6540K(51200K)] 91319K->58518K(167936K), 0.0051260 secs] [Times: user=0.04 sys=0.00, real=0.01 secs] 
42.767: Total time for which application threads were stopped: 0.0053100 seconds, Stopping threads took: 0.0001000 seconds
42.932: Application time: 0.1652090 seconds
42.932: [GC [PSYoungGen: 50022K->6572K(51200K)] 101999K->68526K(167936K), 0.0049640 secs] [Times: user=0.03 sys=0.00, real=0.00 secs] 
42.937: Total time for which application threads were stopped: 0.0051230 seconds, Stopping threads took: 0.0000810 seconds
43.095: Application time: 0.1576580 seconds
43.095: [GC [PSYoungGen: 50071K->6605K(51200K)] 112024K->79246K(167936K), 0.0051410 secs] [Times: user=0.03 sys=0.00, real=0.01 secs] 
43.100: Total time for which application threads were stopped: 0.0053190 seconds, Stopping threads took: 0.0000900 seconds
43.256: Application time: 0.1561790 seconds
43.256: [GC [PSYoungGen: 50096K->6669K(51200K)] 122737K->89286K(167936K), 0.0049860 secs] [Times: user=0.04 sys=0.00, real=0.01 secs] 
43.261: Total time for which application threads were stopped: 0.0051440 seconds, Stopping threads took: 0.0000760 seconds
43.423: Application time: 0.1621300 seconds
43.424: [GC [PSYoungGen: 50160K->6669K(51200K)] 132778K->99263K(167936K), 0.0049360 secs] [Times: user=0.04 sys=0.00, real=0.01 secs] 
43.429: Total time for which application threads were stopped: 0.0050730 seconds, Stopping threads took: 0.0000580 seconds
43.573: Application time: 0.1447740 seconds
43.573: [GC [PSYoungGen: 50169K->6669K(51200K)] 142763K->109951K(167936K), 0.0068090 secs] [Times: user=0.04 sys=0.00, real=0.01 secs] 
43.580: [Full GC [PSYoungGen: 6669K->0K(51200K)] [ParOldGen: 103282K->27716K(116736K)] 109951K->27716K(167936K) [PSPermGen: 6080K->6080K(21504K)], 0.0109290 secs] [Times: user=0.06 sys=0.00, real=0.01 secs] 
43.591: Total time for which application threads were stopped: 0.0179420 seconds, Stopping threads took: 0.0000720 seconds
43.736: Application time: 0.1445280 seconds
43.736: [GC [PSYoungGen: 43500K->6541K(51200K)] 71217K->45659K(167936K), 0.0053920 secs] [Times: user=0.04 sys=0.00, real=0.01 secs] 
43.741: Total time for which application threads were stopped: 0.0055600 seconds, Stopping threads took: 0.0000730 seconds
43.903: Application time: 0.1612730 seconds
43.903: [GC [PSYoungGen: 50024K->6541K(51200K)] 89142K->54922K(167936K), 0.0047620 secs] [Times: user=0.03 sys=0.00, real=0.01 secs] 
43.908: Total time for which application threads were stopped: 0.0049190 seconds, Stopping threads took: 0.0000760 seconds
44.063: Application time: 0.1558450 seconds
44.063: [GC [PSYoungGen: 50040K->6605K(51200K)] 98422K->65675K(167936K), 0.0051760 secs] [Times: user=0.04 sys=0.00, real=0.01 secs] 
44.069: Total time for which application threads were stopped: 0.0053220 seconds, Stopping threads took: 0.0000630 seconds
44.206: Application time: 0.1373100 seconds
44.206: [GC [PSYoungGen: 50129K->6636K(51200K)] 109199K->76395K(167936K), 0.0051180 secs] [Times: user=0.04 sys=0.00, real=0.00 secs] 
44.211: Total time for which application threads were stopped: 0.0052660 seconds, Stopping threads took: 0.0000660 seconds
44.230: Application time: 0.0183380 seconds
44.230: [GC [PSYoungGen: 50115K->6668K(51200K)] 119873K->78565K(167936K), 0.0028170 secs] [Times: user=0.01 sys=0.00, real=0.00 secs] 
44.233: Total time for which application threads were stopped: 0.0031480 seconds, Stopping threads took: 0.0002500 seconds
44.251: Application time: 0.0186300 seconds
44.252: [GC [PSYoungGen: 50152K->6669K(51200K)] 122048K->82128K(167936K), 0.0033020 secs] [Times: user=0.03 sys=0.00, real=0.00 secs] 
44.255: Total time for which application threads were stopped: 0.0035160 seconds, Stopping threads took: 0.0001220 seconds
44.267: Application time: 0.0120610 seconds
44.267: [GC [PSYoungGen: 50154K->6636K(51200K)] 125613K->85658K(167936K), 0.0032650 secs] [Times: user=0.02 sys=0.00, real=0.00 secs] 
44.270: Total time for which application threads were stopped: 0.0034300 seconds, Stopping threads took: 0.0000850 seconds
44.424: Application time: 0.1538220 seconds
44.425: [GC [PSYoungGen: 50170K->6668K(51200K)] 129192K->94241K(167936K), 0.0044090 secs] [Times: user=0.03 sys=0.00, real=0.01 secs] 
44.429: Total time for which application threads were stopped: 0.0047660 seconds, Stopping threads took: 0.0002740 seconds
44.447: Application time: 0.0175710 seconds
44.447: [GC [PSYoungGen: 50188K->6668K(51200K)] 137760K->97091K(167936K), 0.0031520 secs] [Times: user=0.02 sys=0.00, real=0.00 secs] 
44.451: Total time for which application threads were stopped: 0.0040480 seconds, Stopping threads took: 0.0008160 seconds
44.462: Application time: 0.0117320 seconds
44.463: [GC [PSYoungGen: 50150K->6668K(51200K)] 140573K->101366K(167936K), 0.0034460 secs] [Times: user=0.03 sys=0.00, real=0.01 secs] 
44.467: Total time for which application threads were stopped: 0.0044170 seconds, Stopping threads took: 0.0008930 seconds
44.478: Application time: 0.0107700 seconds
44.478: [GC [PSYoungGen: 50147K->6684K(51200K)] 144845K->104945K(167936K), 0.0033340 secs] [Times: user=0.03 sys=0.00, real=0.00 secs] 
44.481: Total time for which application threads were stopped: 0.0035230 seconds, Stopping threads took: 0.0001000 seconds
44.493: Application time: 0.0118370 seconds
44.494: [GC [PSYoungGen: 50175K->6669K(51200K)] 148435K->107067K(167936K), 0.0029090 secs] [Times: user=0.02 sys=0.00, real=0.00 secs] 
44.496: Total time for which application threads were stopped: 0.0035910 seconds, Stopping threads took: 0.0006010 seconds
44.506: Application time: 0.0098900 seconds
44.506: [GC [PSYoungGen: 50146K->6668K(51200K)] 150544K->109204K(167936K), 0.0030310 secs] [Times: user=0.02 sys=0.00, real=0.00 secs] 
44.510: [Full GC [PSYoungGen: 6668K->0K(51200K)] [ParOldGen: 102535K->31398K(116736K)] 109204K->31398K(167936K) [PSPermGen: 6081K->6081K(21504K)], 0.0103480 secs] [Times: user=0.06 sys=0.00, real=0.01 secs] 
44.520: Total time for which application threads were stopped: 0.0135680 seconds, Stopping threads took: 0.0000600 seconds
44.533: Application time: 0.0127380 seconds
44.533: [GC [PSYoungGen: 43493K->4435K(51200K)] 74891K->35833K(167936K), 0.0017530 secs] [Times: user=0.01 sys=0.00, real=0.00 secs] 
44.535: Total time for which application threads were stopped: 0.0018990 seconds, Stopping threads took: 0.0000730 seconds
44.575: Application time: 0.0399160 seconds
44.576: [GC [PSYoungGen: 47968K->6572K(51200K)] 79366K->46521K(167936K), 0.0045310 secs] [Times: user=0.03 sys=0.00, real=0.01 secs] 
44.580: Total time for which application threads were stopped: 0.0058240 seconds, Stopping threads took: 0.0011940 seconds
44.598: Application time: 0.0181590 seconds
44.599: [GC [PSYoungGen: 50050K->6573K(51200K)] 89998K->47233K(167936K), 0.0024900 secs] [Times: user=0.02 sys=0.00, real=0.00 secs] 
44.601: Total time for which application threads were stopped: 0.0026390 seconds, Stopping threads took: 0.0000710 seconds
44.614: Application time: 0.0124850 seconds
44.614: [GC [PSYoungGen: 50059K->6604K(51200K)] 90720K->52966K(167936K), 0.0038900 secs] [Times: user=0.03 sys=0.01, real=0.01 secs] 
44.618: Total time for which application threads were stopped: 0.0040710 seconds, Stopping threads took: 0.0000940 seconds
44.671: Application time: 0.0538020 seconds
44.672: [GC [PSYoungGen: 50131K->6620K(51200K)] 96492K->59394K(167936K), 0.0041380 secs] [Times: user=0.02 sys=0.00, real=0.00 secs] 
44.676: Total time for which application threads were stopped: 0.0043070 seconds, Stopping threads took: 0.0000830 seconds
44.693: Application time: 0.0173110 seconds
44.693: [GC [PSYoungGen: 50105K->6636K(51200K)] 102879K->61548K(167936K), 0.0029550 secs] [Times: user=0.02 sys=0.00, real=0.00 secs] 
44.696: Total time for which application threads were stopped: 0.0031450 seconds, Stopping threads took: 0.0001070 seconds
44.712: Application time: 0.0155610 seconds
44.712: [GC [PSYoungGen: 50168K->6716K(51200K)] 105080K->66616K(167936K), 0.0036800 secs] [Times: user=0.03 sys=0.00, real=0.00 secs] 
44.716: Total time for which application threads were stopped: 0.0038500 seconds, Stopping threads took: 0.0000920 seconds
44.727: Application time: 0.0115450 seconds
44.728: [GC [PSYoungGen: 50199K->6700K(51200K)] 110098K->69450K(167936K), 0.0029820 secs] [Times: user=0.02 sys=0.00, real=0.00 secs] 
44.731: Total time for which application threads were stopped: 0.0034680 seconds, Stopping threads took: 0.0004080 seconds
44.748: Application time: 0.0174610 seconds
44.748: [GC [PSYoungGen: 50184K->6652K(51200K)] 112934K->72252K(167936K), 0.0030260 secs] [Times: user=0.02 sys=0.00, real=0.00 secs] 
44.751: Total time for which application threads were stopped: 0.0031840 seconds, Stopping threads took: 0.0000800 seconds
44.769: Application time: 0.0177710 seconds
44.769: [GC [PSYoungGen: 50135K->6669K(51200K)] 115735K->72981K(167936K), 0.0025870 secs] [Times: user=0.02 sys=0.00, real=0.00 secs] 
44.772: Total time for which application threads were stopped: 0.0027670 seconds, Stopping threads took: 0.0000900 seconds
44.854: Application time: 0.0816760 seconds
44.854: [GC [PSYoungGen: 50161K->6684K(51200K)] 116473K->82972K(167936K), 0.0049420 secs] [Times: user=0.04 sys=0.00, real=0.01 secs] 
44.859: Total time for which application threads were stopped: 0.0050960 seconds, Stopping threads took: 0.0000670 seconds
44.993: Application time: 0.1339380 seconds
44.993: [GC [PSYoungGen: 50208K->6732K(51200K)] 126495K->93707K(167936K), 0.0053680 secs] [Times: user=0.04 sys=0.00, real=0.01 secs] 
44.998: Total time for which application threads were stopped: 0.0055370 seconds, Stopping threads took: 0.0000860 seconds
45.015: Application time: 0.0167420 seconds
45.015: [GC [PSYoungGen: 50210K->6700K(51200K)] 137185K->97950K(167936K), 0.0035810 secs] [Times: user=0.02 sys=0.00, real=0.01 secs] 
45.019: Total time for which application threads were stopped: 0.0037580 seconds, Stopping threads took: 0.0000990 seconds
45.039: Application time: 0.0201880 seconds
45.039: [GC [PSYoungGen: 50192K->6717K(51200K)] 141442K->101529K(167936K), 0.0033650 secs] [Times: user=0.02 sys=0.00, real=0.00 secs] 
45.042: Total time for which application threads were stopped: 0.0035240 seconds, Stopping threads took: 0.0000800 seconds
45.059: Application time: 0.0171000 seconds
45.060: [GC [PSYoungGen: 50246K->6716K(51200K)] 145059K->106517K(167936K), 0.0036810 secs] [Times: user=0.02 sys=0.00, real=0.00 secs] 
45.063: Total time for which application threads were stopped: 0.0038420 seconds, Stopping threads took: 0.0000680 seconds
45.082: Application time: 0.0188270 seconds
45.082: [GC [PSYoungGen: 50192K->6700K(51200K)] 149992K->108670K(167936K), 0.0030270 secs] [Times: user=0.02 sys=0.00, real=0.00 secs] 
45.085: Total time for which application threads were stopped: 0.0031740 seconds, Stopping threads took: 0.0000670 seconds
45.105: Application time: 0.0197810 seconds
45.105: [GC [PSYoungGen: 50182K->6684K(51200K)] 152152K->111569K(167936K), 0.0032490 secs] [Times: user=0.03 sys=0.00, real=0.01 secs] 
45.109: Total time for which application threads were stopped: 0.0034120 seconds, Stopping threads took: 0.0000800 seconds
45.136: Application time: 0.0274010 seconds
45.136: [GC [PSYoungGen: 50181K->6764K(51200K)] 155065K->115923K(167936K), 0.0033030 secs] [Times: user=0.02 sys=0.00, real=0.01 secs] 
45.139: [Full GC [PSYoungGen: 6764K->0K(51200K)] [ParOldGen: 109159K->24152K(116736K)] 115923K->24152K(167936K) [PSPermGen: 6082K->6082K(21504K)], 0.0102100 secs] [Times: user=0.06 sys=0.00, real=0.01 secs] 
45.150: Total time for which application threads were stopped: 0.0137060 seconds, Stopping threads took: 0.0000660 seconds
45.344: Application time: 0.1945820 seconds
45.344: [GC [PSYoungGen: 43488K->7157K(51200K)] 67640K->40580K(167936K), 0.0048710 secs] [Times: user=0.04 sys=0.00, real=0.01 secs] 
45.349: Total time for which application threads were stopped: 0.0050230 seconds, Stopping threads took: 0.0000590 seconds
45.528: Application time: 0.1783380 seconds
45.528: [GC [PSYoungGen: 50653K->6572K(51200K)] 84077K->49971K(167936K), 0.0049550 secs] [Times: user=0.03 sys=0.00, real=0.00 secs] 
45.533: Total time for which application threads were stopped: 0.0050960 seconds, Stopping threads took: 0.0000610 seconds
45.748: Application time: 0.2149680 seconds
45.748: [GC [PSYoungGen: 50069K->6604K(51200K)] 93467K->60690K(167936K), 0.0051520 secs] [Times: user=0.04 sys=0.00, real=0.00 secs] 
45.753: Total time for which application threads were stopped: 0.0053010 seconds, Stopping threads took: 0.0000710 seconds
45.934: Application time: 0.1807180 seconds
45.934: [GC [PSYoungGen: 50092K->6668K(51200K)] 104179K->70730K(167936K), 0.0048600 secs] [Times: user=0.03 sys=0.00, real=0.01 secs] 
45.939: Total time for which application threads were stopped: 0.0050160 seconds, Stopping threads took: 0.0000690 seconds
46.147: Application time: 0.2082580 seconds
46.147: [GC [PSYoungGen: 50165K->6668K(51200K)] 114226K->81417K(167936K), 0.0051560 secs] [Times: user=0.04 sys=0.00, real=0.00 secs] 
46.152: Total time for which application threads were stopped: 0.0053330 seconds, Stopping threads took: 0.0000910 seconds
46.352: Application time: 0.1996450 seconds
46.352: [GC [PSYoungGen: 50158K->6668K(51200K)] 124908K->92105K(167936K), 0.0050960 secs] [Times: user=0.04 sys=0.00, real=0.00 secs] 
46.357: Total time for which application threads were stopped: 0.0052520 seconds, Stopping threads took: 0.0000710 seconds
46.549: Application time: 0.1921880 seconds
46.549: [GC [PSYoungGen: 50165K->6668K(51200K)] 135602K->102081K(167936K), 0.0049230 secs] [Times: user=0.03 sys=0.00, real=0.00 secs] 
46.554: Total time for which application threads were stopped: 0.0050770 seconds, Stopping threads took: 0.0000620 seconds
46.715: Application time: 0.1605000 seconds
46.715: [GC [PSYoungGen: 50167K->6636K(51200K)] 145580K->112737K(167936K), 0.0051170 secs] [Times: user=0.04 sys=0.00, real=0.01 secs] 
46.720: [Full GC [PSYoungGen: 6636K->0K(51200K)] [ParOldGen: 106100K->27003K(116736K)] 112737K->27003K(167936K) [PSPermGen: 6083K->6083K(21504K)], 0.0106140 secs] [Times: user=0.05 sys=0.00, real=0.01 secs] 
46.731: Total time for which application threads were stopped: 0.0159360 seconds, Stopping threads took: 0.0000710 seconds
46.909: Application time: 0.1779910 seconds
46.909: [GC [PSYoungGen: 43489K->7157K(51200K)] 70492K->44168K(167936K), 0.0051370 secs] [Times: user=0.04 sys=0.00, real=0.00 secs] 
46.914: Total time for which application threads were stopped: 0.0052820 seconds, Stopping threads took: 0.0000590 seconds
47.079: Application time: 0.1647220 seconds
47.079: [GC [PSYoungGen: 50639K->7157K(51200K)] 87649K->53447K(167936K), 0.0049390 secs] [Times: user=0.03 sys=0.00, real=0.00 secs] 
47.084: Total time for which application threads were stopped: 0.0050920 seconds, Stopping threads took: 0.0000580 seconds
47.209: Application time: 0.1247290 seconds
47.209: [GC [PSYoungGen: 50664K->6605K(51200K)] 96954K->64296K(167936K), 0.0052950 secs] [Times: user=0.04 sys=0.00, real=0.00 secs] 
47.214: Total time for which application threads were stopped: 0.0054560 seconds, Stopping threads took: 0.0000790 seconds
47.370: Application time: 0.1555220 seconds
47.370: [GC [PSYoungGen: 50087K->6637K(51200K)] 107778K->74304K(167936K), 0.0049910 secs] [Times: user=0.04 sys=0.00, real=0.00 secs] 
47.375: Total time for which application threads were stopped: 0.0051660 seconds, Stopping threads took: 0.0000920 seconds
47.541: Application time: 0.1664760 seconds
47.541: [GC [PSYoungGen: 50120K->6605K(51200K)] 117787K->84248K(167936K), 0.0049630 secs] [Times: user=0.04 sys=0.00, real=0.01 secs] 
47.546: Total time for which application threads were stopped: 0.0051100 seconds, Stopping threads took: 0.0000640 seconds
47.684: Application time: 0.1376490 seconds
47.684: [GC [PSYoungGen: 50131K->6669K(51200K)] 127774K->96426K(167936K), 0.0055900 secs] [Times: user=0.04 sys=0.00, real=0.01 secs] 
47.690: Total time for which application threads were stopped: 0.0057540 seconds, Stopping threads took: 0.0000680 seconds
47.849: Application time: 0.1592490 seconds
47.849: [GC [PSYoungGen: 50152K->6669K(51200K)] 139910K->105690K(167936K), 0.0047570 secs] [Times: user=0.03 sys=0.00, real=0.00 secs] 
47.854: Total time for which application threads were stopped: 0.0049050 seconds, Stopping threads took: 0.0000630 seconds
48.012: Application time: 0.1580180 seconds
48.012: [GC [PSYoungGen: 50152K->6669K(51200K)] 149173K->115666K(167936K), 0.0050410 secs] [Times: user=0.04 sys=0.00, real=0.00 secs] 
48.017: [Full GC [PSYoungGen: 6669K->0K(51200K)] [ParOldGen: 108996K->29854K(116736K)] 115666K->29854K(167936K) [PSPermGen: 6083K->6083K(21504K)], 0.0110660 secs] [Times: user=0.06 sys=0.00, real=0.02 secs] 
48.028: Total time for which application threads were stopped: 0.0163120 seconds, Stopping threads took: 0.0000720 seconds
48.131: Application time: 0.1029100 seconds
48.131: [GC [PSYoungGen: 43542K->7157K(51200K)] 73396K->46331K(167936K), 0.0050990 secs] [Times: user=0.04 sys=0.00, real=0.00 secs] 
48.137: Total time for which application threads were stopped: 0.0052620 seconds, Stopping threads took: 0.0000830 seconds
48.155: Application time: 0.0181570 seconds
48.155: [GC [PSYoungGen: 50646K->7157K(51200K)] 89820K->49182K(167936K), 0.0031160 secs] [Times: user=0.02 sys=0.00, real=0.01 secs] 
48.158: Total time for which application threads were stopped: 0.0032710 seconds, Stopping threads took: 0.0000740 seconds
48.176: Application time: 0.0183410 seconds
48.176: [GC [PSYoungGen: 50640K->6509K(51200K)] 92664K->51384K(167936K), 0.0031280 secs] [Times: user=0.02 sys=0.00, real=0.01 secs] 
48.180: Total time for which application threads were stopped: 0.0032830 seconds, Stopping threads took: 0.0000750 seconds
48.240: Application time: 0.0605410 seconds
48.240: [GC [PSYoungGen: 50000K->7157K(51200K)] 94875K->59902K(167936K), 0.0045140 secs] [Times: user=0.03 sys=0.00, real=0.00 secs] 
48.245: Total time for which application threads were stopped: 0.0046840 seconds, Stopping threads took: 0.0000820 seconds
48.397: Application time: 0.1518230 seconds
48.397: [GC [PSYoungGen: 50639K->7157K(51200K)] 103384K->68453K(167936K), 0.0047330 secs] [Times: user=0.03 sys=0.00, real=0.01 secs] 
48.402: Total time for which application threads were stopped: 0.0048840 seconds, Stopping threads took: 0.0000710 seconds
48.555: Application time: 0.1537750 seconds
48.555: [GC [PSYoungGen: 50638K->7157K(51200K)] 111934K->77003K(167936K), 0.0047640 secs] [Times: user=0.04 sys=0.00, real=0.01 secs] 
48.560: Total time for which application threads were stopped: 0.0049170 seconds, Stopping threads took: 0.0000610 seconds
48.596: Application time: 0.0358900 seconds
48.596: [GC [PSYoungGen: 50675K->6572K(51200K)] 120522K->80694K(167936K), 0.0035880 secs] [Times: user=0.02 sys=0.00, real=0.01 secs] 
48.600: Total time for which application threads were stopped: 0.0037580 seconds, Stopping threads took: 0.0000870 seconds
48.616: Application time: 0.0163120 seconds
48.617: [GC [PSYoungGen: 50099K->6636K(51200K)] 124220K->83608K(167936K), 0.0029820 secs] [Times: user=0.03 sys=0.00, real=0.01 secs] 
48.620: Total time for which application threads were stopped: 0.0038490 seconds, Stopping threads took: 0.0007840 seconds
48.633: Application time: 0.0125150 seconds
48.633: [GC [PSYoungGen: 50157K->6669K(51200K)] 127129K->87203K(167936K), 0.0033000 secs] [Times: user=0.02 sys=0.00, real=0.00 secs] 
48.636: Total time for which application threads were stopped: 0.0036570 seconds, Stopping threads took: 0.0002680 seconds
48.647: Application time: 0.0106520 seconds
48.647: [GC [PSYoungGen: 50157K->6652K(51200K)] 130692K->92174K(167936K), 0.0036490 secs] [Times: user=0.02 sys=0.00, real=0.00 secs] 
48.651: Total time for which application threads were stopped: 0.0039860 seconds, Stopping threads took: 0.0002520 seconds
48.662: Application time: 0.0116010 seconds
48.663: [GC [PSYoungGen: 50132K->6636K(51200K)] 135654K->93583K(167936K), 0.0025970 secs] [Times: user=0.01 sys=0.00, real=0.01 secs] 
48.666: Total time for which application threads were stopped: 0.0032730 seconds, Stopping threads took: 0.0005980 seconds
48.677: Application time: 0.0112030 seconds
48.677: [GC [PSYoungGen: 50124K->6668K(51200K)] 137071K->97178K(167936K), 0.0033200 secs] [Times: user=0.03 sys=0.00, real=0.01 secs] 
48.680: Total time for which application threads were stopped: 0.0034800 seconds, Stopping threads took: 0.0000780 seconds
48.693: Application time: 0.0125770 seconds
48.693: [GC [PSYoungGen: 50158K->6637K(51200K)] 140668K->99284K(167936K), 0.0029720 secs] [Times: user=0.02 sys=0.00, real=0.00 secs] 
48.696: Total time for which application threads were stopped: 0.0031790 seconds, Stopping threads took: 0.0001230 seconds
48.706: Application time: 0.0096880 seconds
48.706: [GC [PSYoungGen: 50112K->6637K(51200K)] 142759K->99284K(167936K), 0.0022480 secs] [Times: user=0.01 sys=0.00, real=0.00 secs] 
48.709: Total time for which application threads were stopped: 0.0026490 seconds, Stopping threads took: 0.0003220 seconds
48.720: Application time: 0.0117480 seconds
48.720: [GC [PSYoungGen: 50131K->6636K(51200K)] 142779K->102847K(167936K), 0.0034630 secs] [Times: user=0.02 sys=0.00, real=0.00 secs] 
48.724: Total time for which application threads were stopped: 0.0036470 seconds, Stopping threads took: 0.0001040 seconds
48.755: Application time: 0.0311020 seconds
48.755: [GC [PSYoungGen: 50045K->6780K(51200K)] 146256K->109411K(167936K), 0.0041240 secs] [Times: user=0.03 sys=0.00, real=0.01 secs] 
48.759: Total time for which application threads were stopped: 0.0043020 seconds, Stopping threads took: 0.0000890 seconds
48.772: Application time: 0.0129280 seconds
48.773: [GC [PSYoungGen: 50424K->6732K(51200K)] 153055K->112213K(167936K), 0.0031390 secs] [Times: user=0.02 sys=0.00, real=0.00 secs] 
48.776: [Full GC [PSYoungGen: 6732K->0K(51200K)] [ParOldGen: 105481K->24866K(116736K)] 112213K->24866K(167936K) [PSPermGen: 6084K->6084K(21504K)], 0.0102860 secs] [Times: user=0.06 sys=0.00, real=0.02 secs] 
48.786: Total time for which application threads were stopped: 0.0138020 seconds, Stopping threads took: 0.0002380 seconds
48.798: Application time: 0.0117450 seconds
48.798: [GC [PSYoungGen: 43478K->3690K(51200K)] 68344K->28557K(167936K), 0.0012250 secs] [Times: user=0.01 sys=0.00, real=0.00 secs] 
48.799: Total time for which application threads were stopped: 0.0013600 seconds, Stopping threads took: 0.0000740 seconds
48.811: Application time: 0.0121960 seconds
48.812: [GC [PSYoungGen: 47181K->6637K(51200K)] 72047K->31503K(167936K), 0.0021970 secs] [Times: user=0.02 sys=0.00, real=0.00 secs] 
48.814: Total time for which application threads were stopped: 0.0027270 seconds, Stopping threads took: 0.0004390 seconds
48.826: Application time: 0.0121300 seconds
48.827: [GC [PSYoungGen: 50112K->6573K(51200K)] 74978K->35714K(167936K), 0.0033250 secs] [Times: user=0.03 sys=0.00, real=0.00 secs] 
48.830: Total time for which application threads were stopped: 0.0041390 seconds, Stopping threads took: 0.0007400 seconds
48.843: Application time: 0.0124170 seconds
48.843: [GC [PSYoungGen: 50067K->6572K(51200K)] 79208K->40701K(167936K), 0.0036810 secs] [Times: user=0.03 sys=0.00, real=0.01 secs] 
48.847: Total time for which application threads were stopped: 0.0038890 seconds, Stopping threads took: 0.0001290 seconds
48.990: Application time: 0.1429350 seconds
48.990: [GC [PSYoungGen: 50061K->6540K(51200K)] 84190K->51357K(167936K), 0.0051070 secs] [Times: user=0.04 sys=0.00, real=0.00 secs] 
48.995: Total time for which application threads were stopped: 0.0052770 seconds, Stopping threads took: 0.0000890 seconds
49.168: Application time: 0.1731570 seconds
49.168: [GC [PSYoungGen: 50072K->6636K(51200K)] 94889K->60716K(167936K), 0.0046030 secs] [Times: user=0.04 sys=0.00, real=0.00 secs] 
49.173: Total time for which application threads were stopped: 0.0048030 seconds, Stopping threads took: 0.0001210 seconds
49.191: Application time: 0.0179760 seconds
49.191: [GC [PSYoungGen: 50154K->6668K(51200K)] 104234K->62885K(167936K), 0.0028700 secs] [Times: user=0.02 sys=0.00, real=0.00 secs] 
49.194: Total time for which application threads were stopped: 0.0031080 seconds, Stopping threads took: 0.0001530 seconds
49.206: Application time: 0.0124590 seconds
49.210: [GC [PSYoungGen: 50152K->6636K(51200K)] 106369K->65703K(167936K), 0.0031770 secs] [Times: user=0.02 sys=0.00, real=0.00 secs] 
49.213: Total time for which application threads were stopped: 0.0065740 seconds, Stopping threads took: 0.0033160 seconds
49.223: Application time: 0.0099580 seconds
49.224: [GC [PSYoungGen: 50109K->6572K(51200K)] 109177K->69915K(167936K), 0.0035160 secs] [Times: user=0.03 sys=0.00, real=0.01 secs] 
49.227: Total time for which application threads were stopped: 0.0042380 seconds, Stopping threads took: 0.0006390 seconds
49.239: Application time: 0.0120460 seconds
49.239: [GC [PSYoungGen: 50065K->6668K(51200K)] 113407K->73574K(167936K), 0.0033220 secs] [Times: user=0.03 sys=0.00, real=0.00 secs] 
49.243: Total time for which application threads were stopped: 0.0035150 seconds, Stopping threads took: 0.0001110 seconds
49.254: Application time: 0.0108080 seconds
49.254: [GC [PSYoungGen: 50153K->6572K(51200K)] 117058K->76328K(167936K), 0.0030210 secs] [Times: user=0.01 sys=0.00, real=0.00 secs] 
49.257: Total time for which application threads were stopped: 0.0031760 seconds, Stopping threads took: 0.0000730 seconds
49.291: Application time: 0.0345300 seconds
49.291: [GC [PSYoungGen: 50066K->6604K(51200K)] 119821K->79210K(167936K), 0.0029200 secs] [Times: user=0.02 sys=0.00, real=0.00 secs] 
49.294: Total time for which application threads were stopped: 0.0030700 seconds, Stopping threads took: 0.0000610 seconds
49.500: Application time: 0.2057250 seconds
49.500: [GC [PSYoungGen: 50084K->6652K(51200K)] 122689K->89233K(167936K), 0.0048900 secs] [Times: user=0.03 sys=0.00, real=0.00 secs] 
49.505: Total time for which application threads were stopped: 0.0050370 seconds, Stopping threads took: 0.0000640 seconds
49.669: Application time: 0.1634460 seconds
49.669: [GC [PSYoungGen: 50157K->6732K(51200K)] 132738K->99288K(167936K), 0.0049800 secs] [Times: user=0.03 sys=0.00, real=0.00 secs] 
49.674: Total time for which application threads were stopped: 0.0051500 seconds, Stopping threads took: 0.0000790 seconds
49.892: Application time: 0.2178560 seconds
49.892: [GC [PSYoungGen: 50229K->6732K(51200K)] 142785K->109976K(167936K), 0.0051350 secs] [Times: user=0.03 sys=0.00, real=0.00 secs] 
49.897: [Full GC [PSYoungGen: 6732K->0K(51200K)] [ParOldGen: 103243K->29140K(116736K)] 109976K->29140K(167936K) [PSPermGen: 6084K->6084K(21504K)], 0.0112020 secs] [Times: user=0.06 sys=0.00, real=0.02 secs] 
49.908: Total time for which application threads were stopped: 0.0165660 seconds, Stopping threads took: 0.0000740 seconds
50.114: Application time: 0.2057880 seconds
50.114: [GC [PSYoungGen: 43479K->7157K(51200K)] 72620K->45560K(167936K), 0.0049660 secs] [Times: user=0.04 sys=0.00, real=0.01 secs] 
50.119: Total time for which application threads were stopped: 0.0051100 seconds, Stopping threads took: 0.0000650 seconds
50.324: Application time: 0.2052210 seconds
50.324: [GC [PSYoungGen: 50662K->6540K(51200K)] 89065K->55632K(167936K), 0.0050810 secs] [Times: user=0.03 sys=0.00, real=0.01 secs] 
50.329: Total time for which application threads were stopped: 0.0052250 seconds, Stopping threads took: 0.0000670 seconds
50.528: Application time: 0.1990230 seconds
50.529: [GC [PSYoungGen: 50020K->6572K(51200K)] 99111K->66351K(167936K), 0.0051140 secs] [Times: user=0.04 sys=0.00, real=0.00 secs] 
50.534: Total time for which application threads were stopped: 0.0052710 seconds, Stopping threads took: 0.0000640 seconds
50.712: Application time: 0.1780420 seconds
50.712: [GC [PSYoungGen: 50069K->6636K(51200K)] 109848K->74966K(167936K), 0.0043580 secs] [Times: user=0.03 sys=0.00, real=0.00 secs] 
50.717: Total time for which application threads were stopped: 0.0047860 seconds, Stopping threads took: 0.0003430 seconds
50.884: Application time: 0.1677040 seconds
50.884: [GC [PSYoungGen: 50142K->6668K(51200K)] 118471K->85686K(167936K), 0.0052000 secs] [Times: user=0.04 sys=0.00, real=0.01 secs] 
50.890: Total time for which application threads were stopped: 0.0053490 seconds, Stopping threads took: 0.0000590 seconds
51.046: Application time: 0.1564190 seconds
51.046: [GC [PSYoungGen: 50149K->6668K(51200K)] 129167K->95662K(167936K), 0.0049470 secs] [Times: user=0.04 sys=0.00, real=0.00 secs] 
51.051: Total time for which application threads were stopped: 0.0050990 seconds, Stopping threads took: 0.0000630 seconds
51.216: Application time: 0.1650970 seconds
51.216: [GC [PSYoungGen: 50167K->6668K(51200K)] 139160K->106350K(167936K), 0.0051520 secs] [Times: user=0.04 sys=0.00, real=0.01 secs] 
51.222: Total time for which application threads were stopped: 0.0052980 seconds, Stopping threads took: 0.0000620 seconds
51.371: Application time: 0.1494890 seconds
51.371: [GC [PSYoungGen: 50159K->6669K(51200K)] 149841K->117039K(167936K), 0.0051550 secs] [Times: user=0.03 sys=0.00, real=0.00 secs] 
51.376: [Full GC [PSYoungGen: 6669K->0K(51200K)] [ParOldGen: 110369K->25579K(116736K)] 117039K->25579K(167936K) [PSPermGen: 6084K->6084K(21504K)], 0.0105060 secs] [Times: user=0.06 sys=0.00, real=0.02 secs] 
51.387: Total time for which application threads were stopped: 0.0158840 seconds, Stopping threads took: 0.0000870 seconds
51.546: Application time: 0.1589780 seconds
51.546: [GC [PSYoungGen: 43482K->7125K(51200K)] 69062K->41968K(167936K), 0.0049780 secs] [Times: user=0.04 sys=0.00, real=0.00 secs] 
51.551: Total time for which application threads were stopped: 0.0051320 seconds, Stopping threads took: 0.0000720 seconds
51.708: Application time: 0.1566490 seconds
51.708: [GC [PSYoungGen: 50625K->6541K(51200K)] 85469K->52073K(167936K), 0.0051240 secs] [Times: user=0.04 sys=0.00, real=0.00 secs] 
51.713: Total time for which application threads were stopped: 0.0052780 seconds, Stopping threads took: 0.0000610 seconds
51.861: Application time: 0.1483090 seconds
51.861: [GC [PSYoungGen: 50041K->6541K(51200K)] 95573K->62049K(167936K), 0.0049380 secs] [Times: user=0.04 sys=0.00, real=0.01 secs] 
51.866: Total time for which application threads were stopped: 0.0051040 seconds, Stopping threads took: 0.0000830 seconds
52.007: Application time: 0.1402150 seconds
52.007: [GC [PSYoungGen: 50033K->6605K(51200K)] 105541K->73514K(167936K), 0.0053630 secs] [Times: user=0.03 sys=0.00, real=0.00 secs] 
52.012: Total time for which application threads were stopped: 0.0055170 seconds, Stopping threads took: 0.0000700 seconds
52.126: Application time: 0.1135940 seconds
52.126: [GC [PSYoungGen: 50139K->6669K(51200K)] 117048K->83554K(167936K), 0.0050830 secs] [Times: user=0.04 sys=0.00, real=0.00 secs] 
52.131: Total time for which application threads were stopped: 0.0053460 seconds, Stopping threads took: 0.0001810 seconds
52.148: Application time: 0.0171570 seconds
52.148: [GC [PSYoungGen: 50145K->6637K(51200K)] 127030K->84947K(167936K), 0.0027710 secs] [Times: user=0.02 sys=0.00, real=0.00 secs] 
52.151: Total time for which application threads were stopped: 0.0029500 seconds, Stopping threads took: 0.0000990 seconds
52.171: Application time: 0.0196980 seconds
52.171: [GC [PSYoungGen: 50128K->6669K(51200K)] 128439K->87830K(167936K), 0.0031560 secs] [Times: user=0.03 sys=0.00, real=0.00 secs] 
52.174: Total time for which application threads were stopped: 0.0033190 seconds, Stopping threads took: 0.0000840 seconds
52.202: Application time: 0.0280310 seconds
52.202: [GC [PSYoungGen: 50157K->6669K(51200K)] 131318K->93530K(167936K), 0.0038000 secs] [Times: user=0.03 sys=0.00, real=0.01 secs] 
52.206: Total time for which application threads were stopped: 0.0039470 seconds, Stopping threads took: 0.0000660 seconds
52.364: Application time: 0.1578340 seconds
52.364: [GC [PSYoungGen: 50159K->6701K(51200K)] 137021K->103538K(167936K), 0.0050360 secs] [Times: user=0.04 sys=0.00, real=0.01 secs] 
52.369: Total time for which application threads were stopped: 0.0052010 seconds, Stopping threads took: 0.0000690 seconds
52.534: Application time: 0.1646120 seconds
52.534: [GC [PSYoungGen: 50182K->6668K(51200K)] 147020K->113481K(167936K), 0.0050290 secs] [Times: user=0.03 sys=0.00, real=0.01 secs] 
52.539: [Full GC [PSYoungGen: 6668K->0K(51200K)] [ParOldGen: 106812K->31308K(116736K)] 113481K->31308K(167936K) [PSPermGen: 6084K->6084K(21504K)], 0.0103200 secs] [Times: user=0.06 sys=0.00, real=0.01 secs] 
52.549: Total time for which application threads were stopped: 0.0155680 seconds, Stopping threads took: 0.0000890 seconds
52.629: Application time: 0.0791060 seconds
52.629: [GC [PSYoungGen: 43520K->6476K(51200K)] 74828K->46335K(167936K), 0.0046680 secs] [Times: user=0.04 sys=0.00, real=0.00 secs] 
52.633: Total time for which application threads were stopped: 0.0048310 seconds, Stopping threads took: 0.0000800 seconds
52.649: Application time: 0.0161140 seconds
52.650: [GC [PSYoungGen: 49963K->7157K(51200K)] 89822K->50618K(167936K), 0.0034980 secs] [Times: user=0.02 sys=0.00, real=0.00 secs] 
52.653: Total time for which application threads were stopped: 0.0036650 seconds, Stopping threads took: 0.0000840 seconds
52.669: Application time: 0.0159990 seconds
52.669: [GC [PSYoungGen: 50640K->6477K(51200K)] 94102K->53501K(167936K), 0.0033210 secs] [Times: user=0.02 sys=0.00, real=0.00 secs] 
52.673: Total time for which application threads were stopped: 0.0035060 seconds, Stopping threads took: 0.0001010 seconds
52.713: Application time: 0.0401070 seconds
52.713: [GC [PSYoungGen: 50006K->6540K(51200K)] 97030K->59265K(167936K), 0.0038980 secs] [Times: user=0.03 sys=0.00, real=0.00 secs] 
52.717: Total time for which application threads were stopped: 0.0040730 seconds, Stopping threads took: 0.0000920 seconds
52.733: Application time: 0.0162770 seconds
52.733: [GC [PSYoungGen: 50018K->6604K(51200K)] 102743K->62179K(167936K), 0.0030420 secs] [Times: user=0.03 sys=0.00, real=0.00 secs] 
52.736: Total time for which application threads were stopped: 0.0033320 seconds, Stopping threads took: 0.0002080 seconds
52.754: Application time: 0.0178160 seconds
52.755: [GC [PSYoungGen: 50132K->6604K(51200K)] 105706K->65742K(167936K), 0.0032900 secs] [Times: user=0.02 sys=0.00, real=0.01 secs] 
52.758: Total time for which application threads were stopped: 0.0036080 seconds, Stopping threads took: 0.0002350 seconds
52.768: Application time: 0.0102170 seconds
52.769: [GC [PSYoungGen: 50087K->6636K(51200K)] 109225K->68624K(167936K), 0.0031430 secs] [Times: user=0.02 sys=0.00, real=0.00 secs] 
52.772: Total time for which application threads were stopped: 0.0038100 seconds, Stopping threads took: 0.0005860 seconds
52.783: Application time: 0.0108820 seconds
52.783: [GC [PSYoungGen: 50123K->6604K(51200K)] 112111K->72155K(167936K), 0.0034840 secs] [Times: user=0.02 sys=0.01, real=0.01 secs] 
52.786: Total time for which application threads were stopped: 0.0036540 seconds, Stopping threads took: 0.0000890 seconds
52.806: Application time: 0.0199180 seconds
52.806: [GC [PSYoungGen: 50096K->6605K(51200K)] 115646K->74292K(167936K), 0.0029060 secs] [Times: user=0.02 sys=0.00, real=0.00 secs] 
52.809: Total time for which application threads were stopped: 0.0030620 seconds, Stopping threads took: 0.0000760 seconds
52.860: Application time: 0.0508310 seconds
52.860: [GC [PSYoungGen: 50094K->6572K(51200K)] 117782K->80673K(167936K), 0.0039570 secs] [Times: user=0.03 sys=0.00, real=0.00 secs] 
52.864: Total time for which application threads were stopped: 0.0041180 seconds, Stopping threads took: 0.0000740 seconds
52.897: Application time: 0.0326820 seconds
52.897: [GC [PSYoungGen: 50596K->6764K(51200K)] 124697K->84427K(167936K), 0.0033860 secs] [Times: user=0.03 sys=0.00, real=0.01 secs] 
52.901: Total time for which application threads were stopped: 0.0035840 seconds, Stopping threads took: 0.0001030 seconds
52.914: Application time: 0.0136900 seconds
52.915: [GC [PSYoungGen: 50499K->6732K(51200K)] 128162K->90096K(167936K), 0.0038470 secs] [Times: user=0.03 sys=0.00, real=0.01 secs] 
52.919: Total time for which application threads were stopped: 0.0046380 seconds, Stopping threads took: 0.0007090 seconds
52.932: Application time: 0.0125700 seconds
52.934: [GC [PSYoungGen: 50221K->6684K(51200K)] 133585K->91473K(167936K), 0.0026270 secs] [Times: user=0.02 sys=0.00, real=0.00 secs] 
52.936: Total time for which application threads were stopped: 0.0048720 seconds, Stopping threads took: 0.0021660 seconds
52.945: Application time: 0.0090270 seconds
52.946: [GC [PSYoungGen: 50157K->6652K(51200K)] 134946K->94291K(167936K), 0.0031480 secs] [Times: user=0.02 sys=0.00, real=0.01 secs] 
52.949: Total time for which application threads were stopped: 0.0033430 seconds, Stopping threads took: 0.0001090 seconds
52.964: Application time: 0.0149640 seconds
52.964: [GC [PSYoungGen: 50145K->6684K(51200K)] 137784K->99311K(167936K), 0.0037900 secs] [Times: user=0.03 sys=0.00, real=0.01 secs] 
52.968: Total time for which application threads were stopped: 0.0039500 seconds, Stopping threads took: 0.0000790 seconds
52.981: Application time: 0.0136860 seconds
52.982: [GC [PSYoungGen: 50167K->6668K(51200K)] 142794K->100015K(167936K), 0.0026650 secs] [Times: user=0.02 sys=0.00, real=0.00 secs] 
52.984: Total time for which application threads were stopped: 0.0028350 seconds, Stopping threads took: 0.0000910 seconds
53.145: Application time: 0.1611270 seconds
53.145: [GC [PSYoungGen: 50157K->6732K(51200K)] 143504K->110054K(167936K), 0.0049200 secs] [Times: user=0.03 sys=0.00, real=0.01 secs] 
53.150: Total time for which application threads were stopped: 0.0050690 seconds, Stopping threads took: 0.0000680 seconds
53.226: Application time: 0.0752610 seconds
53.226: [GC [PSYoungGen: 50254K->6796K(51200K)] 153577K->120094K(167936K), 0.0051530 secs] [Times: user=0.04 sys=0.00, real=0.00 secs] 
53.231: [Full GC [PSYoungGen: 6796K->0K(51200K)] [ParOldGen: 113297K->25578K(116736K)] 120094K->25578K(167936K) [PSPermGen: 6084K->6084K(21504K)], 0.0101240 secs] [Times: user=0.06 sys=0.00, real=0.01 secs] 
53.241: Total time for which application threads were stopped: 0.0154810 seconds, Stopping threads took: 0.0000710 seconds
53.258: Application time: 0.0167060 seconds
53.258: [GC [PSYoungGen: 43484K->4435K(51200K)] 69063K->30014K(167936K), 0.0016120 secs] [Times: user=0.01 sys=0.00, real=0.00 secs] 
53.260: Total time for which application threads were stopped: 0.0017600 seconds, Stopping threads took: 0.0000830 seconds
53.275: Application time: 0.0155690 seconds
53.275: [GC [PSYoungGen: 47929K->6572K(51200K)] 73507K->34289K(167936K), 0.0029150 secs] [Times: user=0.02 sys=0.00, real=0.01 secs] 
53.278: Total time for which application threads were stopped: 0.0030710 seconds, Stopping threads took: 0.0000770 seconds
53.341: Application time: 0.0624330 seconds
53.341: [GC [PSYoungGen: 50105K->6572K(51200K)] 77822K->43551K(167936K), 0.0048580 secs] [Times: user=0.03 sys=0.00, real=0.01 secs] 
53.346: Total time for which application threads were stopped: 0.0050130 seconds, Stopping threads took: 0.0000680 seconds
53.363: Application time: 0.0172650 seconds
53.363: [GC [PSYoungGen: 50050K->6572K(51200K)] 87029K->43551K(167936K), 0.0022080 secs] [Times: user=0.02 sys=0.00, real=0.00 secs] 
53.365: Total time for which application threads were stopped: 0.0023520 seconds, Stopping threads took: 0.0000700 seconds
53.384: Application time: 0.0186970 seconds
53.384: [GC [PSYoungGen: 50064K->6636K(51200K)] 87044K->47891K(167936K), 0.0034720 secs] [Times: user=0.02 sys=0.00, real=0.01 secs] 
53.388: Total time for which application threads were stopped: 0.0036340 seconds, Stopping threads took: 0.0000820 seconds
53.446: Application time: 0.0583170 seconds
53.446: [GC [PSYoungGen: 50129K->6540K(51200K)] 91384K->57770K(167936K), 0.0049020 secs] [Times: user=0.03 sys=0.00, real=0.00 secs] 
53.451: Total time for which application threads were stopped: 0.0050630 seconds, Stopping threads took: 0.0000680 seconds
53.655: Application time: 0.2042000 seconds
53.655: [GC [PSYoungGen: 50020K->6604K(51200K)] 101249K->67809K(167936K), 0.0049390 secs] [Times: user=0.03 sys=0.00, real=0.01 secs] 
53.660: Total time for which application threads were stopped: 0.0050920 seconds, Stopping threads took: 0.0000680 seconds
53.847: Application time: 0.1866970 seconds
53.847: [GC [PSYoungGen: 50109K->6668K(51200K)] 111314K->77848K(167936K), 0.0049450 secs] [Times: user=0.04 sys=0.00, real=0.00 secs] 
53.852: Total time for which application threads were stopped: 0.0050890 seconds, Stopping threads took: 0.0000600 seconds
54.062: Application time: 0.2095340 seconds
54.062: [GC [PSYoungGen: 50165K->6700K(51200K)] 121345K->89280K(167936K), 0.0054460 secs] [Times: user=0.04 sys=0.00, real=0.01 secs] 
54.067: Total time for which application threads were stopped: 0.0056010 seconds, Stopping threads took: 0.0000600 seconds
54.264: Application time: 0.1966840 seconds
54.264: [GC [PSYoungGen: 50197K->6700K(51200K)] 132777K->99256K(167936K), 0.0048870 secs] [Times: user=0.03 sys=0.00, real=0.01 secs] 
54.269: Total time for which application threads were stopped: 0.0050400 seconds, Stopping threads took: 0.0000730 seconds
54.463: Application time: 0.1935340 seconds
54.463: [GC [PSYoungGen: 50188K->6700K(51200K)] 142744K->108518K(167936K), 0.0047900 secs] [Times: user=0.03 sys=0.00, real=0.01 secs] 
54.468: [Full GC [PSYoungGen: 6700K->0K(51200K)] [ParOldGen: 101818K->31482K(116736K)] 108518K->31482K(167936K) [PSPermGen: 6084K->6084K(21504K)], 0.0108820 secs] [Times: user=0.06 sys=0.00, real=0.01 secs] 
54.478: Total time for which application threads were stopped: 0.0158840 seconds, Stopping threads took: 0.0000790 seconds
54.690: Application time: 0.2112640 seconds
54.690: [GC [PSYoungGen: 43480K->7125K(51200K)] 74962K->47869K(167936K), 0.0049370 secs] [Times: user=0.03 sys=0.00, real=0.00 secs] 
54.695: Total time for which application threads were stopped: 0.0050910 seconds, Stopping threads took: 0.0000590 seconds
54.858: Application time: 0.1627370 seconds
54.858: [GC [PSYoungGen: 50640K->6636K(51200K)] 91385K->58069K(167936K), 0.0051070 secs] [Times: user=0.04 sys=0.00, real=0.00 secs] 
54.863: Total time for which application threads were stopped: 0.0053050 seconds, Stopping threads took: 0.0001180 seconds
55.020: Application time: 0.1575560 seconds
55.021: [GC [PSYoungGen: 50125K->6636K(51200K)] 101558K->69469K(167936K), 0.0053340 secs] [Times: user=0.03 sys=0.00, real=0.01 secs] 
55.026: Total time for which application threads were stopped: 0.0054940 seconds, Stopping threads took: 0.0000770 seconds
55.198: Application time: 0.1718670 seconds
55.198: [GC [PSYoungGen: 50118K->6668K(51200K)] 112951K->79477K(167936K), 0.0049350 secs] [Times: user=0.04 sys=0.00, real=0.00 secs] 
55.203: Total time for which application threads were stopped: 0.0050850 seconds, Stopping threads took: 0.0000620 seconds
55.362: Application time: 0.1589500 seconds
55.362: [GC [PSYoungGen: 50167K->6668K(51200K)] 122976K->90166K(167936K), 0.0052110 secs] [Times: user=0.03 sys=0.00, real=0.01 secs] 
55.367: Total time for which application threads were stopped: 0.0053540 seconds, Stopping threads took: 0.0000650 seconds
55.516: Application time: 0.1491110 seconds
55.516: [GC [PSYoungGen: 50159K->6669K(51200K)] 133657K->100854K(167936K), 0.0051370 secs] [Times: user=0.04 sys=0.00, real=0.01 secs] 
55.522: Total time for which application threads were stopped: 0.0052940 seconds, Stopping threads took: 0.0000780 seconds
55.679: Application time: 0.1571240 seconds
55.679: [GC [PSYoungGen: 50152K->6669K(51200K)] 144338K->110118K(167936K), 0.0048560 secs] [Times: user=0.03 sys=0.00, real=0.00 secs] 
55.684: [Full GC [PSYoungGen: 6669K->0K(51200K)] [ParOldGen: 103449K->25580K(116736K)] 110118K->25580K(167936K) [PSPermGen: 6084K->6084K(21504K)], 0.0105260 secs] [Times: user=0.06 sys=0.00, real=0.01 secs] 
55.694: Total time for which application threads were stopped: 0.0155770 seconds, Stopping threads took: 0.0000600 seconds
55.844: Application time: 0.1496780 seconds
55.844: [GC [PSYoungGen: 43508K->6637K(51200K)] 69089K->43619K(167936K), 0.0054060 secs] [Times: user=0.04 sys=0.00, real=0.01 secs] 
55.850: Total time for which application threads were stopped: 0.0055710 seconds, Stopping threads took: 0.0000740 seconds
56.020: Application time: 0.1700060 seconds
56.020: [GC [PSYoungGen: 50137K->6637K(51200K)] 87119K->55020K(167936K), 0.0053230 secs] [Times: user=0.04 sys=0.00, real=0.00 secs] 
56.025: Total time for which application threads were stopped: 0.0054660 seconds, Stopping threads took: 0.0000590 seconds
56.184: Application time: 0.1587010 seconds
56.184: [GC [PSYoungGen: 50120K->6605K(51200K)] 98503K->64964K(167936K), 0.0049450 secs] [Times: user=0.04 sys=0.00, real=0.01 secs] 
56.189: Total time for which application threads were stopped: 0.0050870 seconds, Stopping threads took: 0.0000610 seconds
56.299: Application time: 0.1104440 seconds
56.299: [GC [PSYoungGen: 50130K->6637K(51200K)] 108489K->75684K(167936K), 0.0052820 secs] [Times: user=0.04 sys=0.00, real=0.00 secs] 
56.305: Total time for which application threads were stopped: 0.0054470 seconds, Stopping threads took: 0.0000830 seconds
56.321: Application time: 0.0166580 seconds
56.322: [GC [PSYoungGen: 50123K->6637K(51200K)] 119171K->78535K(167936K), 0.0031800 secs] [Times: user=0.03 sys=0.00, real=0.00 secs] 
56.325: Total time for which application threads were stopped: 0.0033450 seconds, Stopping threads took: 0.0000830 seconds
56.344: Application time: 0.0195770 seconds
56.344: [GC [PSYoungGen: 50119K->6669K(51200K)] 122017K->80705K(167936K), 0.0029650 secs] [Times: user=0.02 sys=0.00, real=0.01 secs] 
56.347: Total time for which application threads were stopped: 0.0031410 seconds, Stopping threads took: 0.0000870 seconds
56.372: Application time: 0.0246470 seconds
56.372: [GC [PSYoungGen: 50164K->6701K(51200K)] 124200K->85012K(167936K), 0.0033580 secs] [Times: user=0.02 sys=0.00, real=0.00 secs] 
56.376: Total time for which application threads were stopped: 0.0035030 seconds, Stopping threads took: 0.0000640 seconds
56.532: Application time: 0.1561250 seconds
56.532: [GC [PSYoungGen: 50191K->6700K(51200K)] 128503K->95700K(167936K), 0.0052010 secs] [Times: user=0.03 sys=0.00, real=0.00 secs] 
56.537: Total time for which application threads were stopped: 0.0053430 seconds, Stopping threads took: 0.0000630 seconds
56.691: Application time: 0.1539910 seconds
56.691: [GC [PSYoungGen: 50218K->6700K(51200K)] 139217K->104251K(167936K), 0.0044940 secs] [Times: user=0.04 sys=0.00, real=0.00 secs] 
56.696: Total time for which application threads were stopped: 0.0046640 seconds, Stopping threads took: 0.0000930 seconds
56.715: Application time: 0.0191320 seconds
56.715: [GC [PSYoungGen: 50189K->6700K(51200K)] 147739K->109951K(167936K), 0.0039690 secs] [Times: user=0.03 sys=0.00, real=0.01 secs] 
56.719: [Full GC [PSYoungGen: 6700K->0K(51200K)] [ParOldGen: 103250K->31337K(116736K)] 109951K->31337K(167936K) [PSPermGen: 6084K->6084K(21504K)], 0.0105820 secs] [Times: user=0.06 sys=0.00, real=0.01 secs] 
56.730: Total time for which application threads were stopped: 0.0147970 seconds, Stopping threads took: 0.0000980 seconds
56.749: Application time: 0.0188700 seconds
56.749: [GC [PSYoungGen: 43478K->1617K(51200K)] 74815K->32954K(167936K), 0.0007610 secs] [Times: user=0.01 sys=0.00, real=0.00 secs] 
56.749: Total time for which application threads were stopped: 0.0008980 seconds, Stopping threads took: 0.0000780 seconds
56.762: Application time: 0.0121930 seconds
56.762: [GC [PSYoungGen: 45105K->6476K(51200K)] 76442K->40664K(167936K), 0.0030200 secs] [Times: user=0.02 sys=0.00, real=0.00 secs] 
56.765: Total time for which application threads were stopped: 0.0032030 seconds, Stopping threads took: 0.0001020 seconds
56.841: Application time: 0.0759640 seconds
56.841: [GC [PSYoungGen: 50160K->6604K(51200K)] 84348K->50055K(167936K), 0.0047350 secs] [Times: user=0.04 sys=0.00, real=0.01 secs] 
56.846: Total time for which application threads were stopped: 0.0049120 seconds, Stopping threads took: 0.0000990 seconds
56.861: Application time: 0.0153810 seconds
56.861: [GC [PSYoungGen: 49969K->6604K(51200K)] 93420K->52905K(167936K), 0.0031130 secs] [Times: user=0.02 sys=0.00, real=0.00 secs] 
56.865: Total time for which application threads were stopped: 0.0033950 seconds, Stopping threads took: 0.0001880 seconds
56.880: Application time: 0.0155200 seconds
56.880: [GC [PSYoungGen: 50088K->6668K(51200K)] 96388K->53681K(167936K), 0.0024980 secs] [Times: user=0.01 sys=0.00, real=0.00 secs] 
56.883: Total time for which application threads were stopped: 0.0027580 seconds, Stopping threads took: 0.0001830 seconds
56.893: Application time: 0.0102840 seconds
56.893: [GC [PSYoungGen: 50148K->6669K(51200K)] 97161K->55107K(167936K), 0.0026120 secs] [Times: user=0.02 sys=0.00, real=0.00 secs] 
56.896: Total time for which application threads were stopped: 0.0027710 seconds, Stopping threads took: 0.0000840 seconds
56.906: Application time: 0.0102410 seconds
56.906: [GC [PSYoungGen: 50155K->6604K(51200K)] 98593K->59318K(167936K), 0.0035070 secs] [Times: user=0.02 sys=0.00, real=0.00 secs] 
56.910: Total time for which application threads were stopped: 0.0037850 seconds, Stopping threads took: 0.0002010 seconds
56.924: Application time: 0.0139960 seconds
56.924: [GC [PSYoungGen: 50628K->6685K(51200K)] 103341K->62248K(167936K), 0.0031150 secs] [Times: user=0.02 sys=0.00, real=0.01 secs] 
56.927: Total time for which application threads were stopped: 0.0032950 seconds, Stopping threads took: 0.0000980 seconds
56.943: Application time: 0.0154620 seconds
56.943: [GC [PSYoungGen: 50435K->6716K(51200K)] 105998K->65130K(167936K), 0.0030680 secs] [Times: user=0.02 sys=0.00, real=0.01 secs] 
56.946: Total time for which application threads were stopped: 0.0032240 seconds, Stopping threads took: 0.0000780 seconds
56.958: Application time: 0.0125080 seconds
56.959: [GC [PSYoungGen: 50194K->6652K(51200K)] 108608K->69341K(167936K), 0.0035710 secs] [Times: user=0.03 sys=0.00, real=0.00 secs] 
56.962: Total time for which application threads were stopped: 0.0037470 seconds, Stopping threads took: 0.0000900 seconds
56.974: Application time: 0.0118620 seconds
56.974: [GC [PSYoungGen: 50136K->6668K(51200K)] 112825K->70782K(167936K), 0.0027640 secs] [Times: user=0.02 sys=0.00, real=0.00 secs] 
56.977: Total time for which application threads were stopped: 0.0029550 seconds, Stopping threads took: 0.0001100 seconds
56.988: Application time: 0.0113890 seconds
56.989: [GC [PSYoungGen: 50147K->6685K(51200K)] 114261K->72224K(167936K), 0.0027110 secs] [Times: user=0.02 sys=0.00, real=0.00 secs] 
56.992: Total time for which application threads were stopped: 0.0032530 seconds, Stopping threads took: 0.0004540 seconds
57.002: Application time: 0.0103690 seconds
57.002: [GC [PSYoungGen: 50170K->6685K(51200K)] 115709K->75074K(167936K), 0.0030690 secs] [Times: user=0.02 sys=0.00, real=0.00 secs] 
57.005: Total time for which application threads were stopped: 0.0032320 seconds, Stopping threads took: 0.0000780 seconds
57.015: Application time: 0.0100510 seconds
57.015: [GC [PSYoungGen: 50180K->6652K(51200K)] 118570K->78605K(167936K), 0.0032410 secs] [Times: user=0.03 sys=0.00, real=0.01 secs] 
57.019: Total time for which application threads were stopped: 0.0034750 seconds, Stopping threads took: 0.0001530 seconds
57.100: Application time: 0.0813940 seconds
57.100: [GC [PSYoungGen: 50144K->6668K(51200K)] 122096K->89308K(167936K), 0.0050980 secs] [Times: user=0.03 sys=0.00, real=0.00 secs] 
57.105: Total time for which application threads were stopped: 0.0052590 seconds, Stopping threads took: 0.0000830 seconds
57.313: Application time: 0.2077770 seconds
57.313: [GC [PSYoungGen: 50148K->6620K(51200K)] 132788K->99948K(167936K), 0.0052030 secs] [Times: user=0.04 sys=0.00, real=0.01 secs] 
57.319: Total time for which application threads were stopped: 0.0053620 seconds, Stopping threads took: 0.0000760 seconds
57.398: Application time: 0.0792160 seconds
57.398: [GC [PSYoungGen: 50650K->6844K(51200K)] 143978K->108010K(167936K), 0.0045520 secs] [Times: user=0.04 sys=0.00, real=0.00 secs] 
57.402: Total time for which application threads were stopped: 0.0047040 seconds, Stopping threads took: 0.0000570 seconds
57.416: Application time: 0.0139250 seconds
57.417: [GC [PSYoungGen: 50577K->6716K(51200K)] 151743K->112237K(167936K), 0.0035900 secs] [Times: user=0.03 sys=0.00, real=0.01 secs] 
57.421: [Full GC [PSYoungGen: 6716K->0K(51200K)] [ParOldGen: 105520K->24866K(116736K)] 112237K->24866K(167936K) [PSPermGen: 6084K->6084K(21504K)], 0.0101330 secs] [Times: user=0.05 sys=0.00, real=0.01 secs] 
57.431: Total time for which application threads were stopped: 0.0143210 seconds, Stopping threads took: 0.0004660 seconds
57.443: Application time: 0.0120240 seconds
57.443: [GC [PSYoungGen: 43486K->6476K(51200K)] 68353K->35618K(167936K), 0.0034190 secs] [Times: user=0.02 sys=0.00, real=0.01 secs] 
57.446: Total time for which application threads were stopped: 0.0035620 seconds, Stopping threads took: 0.0000620 seconds
57.456: Application time: 0.0101960 seconds
57.457: [GC [PSYoungGen: 49965K->6604K(51200K)] 79107K->37172K(167936K), 0.0026460 secs] [Times: user=0.02 sys=0.00, real=0.01 secs] 
57.459: Total time for which application threads were stopped: 0.0028310 seconds, Stopping threads took: 0.0001020 seconds
57.470: Application time: 0.0108960 seconds
57.471: [GC [PSYoungGen: 50094K->6572K(51200K)] 80661K->37139K(167936K), 0.0021240 secs] [Times: user=0.02 sys=0.00, real=0.00 secs] 
57.473: Total time for which application threads were stopped: 0.0029990 seconds, Stopping threads took: 0.0007940 seconds
57.489: Application time: 0.0153850 seconds
57.489: [GC [PSYoungGen: 50056K->6604K(51200K)] 80623K->39309K(167936K), 0.0028520 secs] [Times: user=0.02 sys=0.00, real=0.00 secs] 
57.492: Total time for which application threads were stopped: 0.0030160 seconds, Stopping threads took: 0.0000880 seconds
57.602: Application time: 0.1101740 seconds
57.602: [GC [PSYoungGen: 50095K->6540K(51200K)] 82800K->49933K(167936K), 0.0050880 secs] [Times: user=0.04 sys=0.00, real=0.01 secs] 
57.607: Total time for which application threads were stopped: 0.0052280 seconds, Stopping threads took: 0.0000600 seconds
57.813: Application time: 0.2062710 seconds
57.813: [GC [PSYoungGen: 50028K->6636K(51200K)] 93421K->60004K(167936K), 0.0048940 secs] [Times: user=0.03 sys=0.00, real=0.01 secs] 
57.818: Total time for which application threads were stopped: 0.0050340 seconds, Stopping threads took: 0.0000600 seconds
58.009: Application time: 0.1910580 seconds
58.010: [GC [PSYoungGen: 50150K->6668K(51200K)] 103518K->71436K(167936K), 0.0052880 secs] [Times: user=0.04 sys=0.00, real=0.00 secs] 
58.015: Total time for which application threads were stopped: 0.0054420 seconds, Stopping threads took: 0.0000620 seconds
58.223: Application time: 0.2082880 seconds
58.223: [GC [PSYoungGen: 50148K->6668K(51200K)] 114916K->81411K(167936K), 0.0049660 secs] [Times: user=0.03 sys=0.00, real=0.01 secs] 
58.228: Total time for which application threads were stopped: 0.0051250 seconds, Stopping threads took: 0.0000680 seconds
58.441: Application time: 0.2131850 seconds
58.442: [GC [PSYoungGen: 50148K->6668K(51200K)] 124891K->90674K(167936K), 0.0046770 secs] [Times: user=0.04 sys=0.00, real=0.01 secs] 
58.446: Total time for which application threads were stopped: 0.0048420 seconds, Stopping threads took: 0.0000850 seconds
58.628: Application time: 0.1816510 seconds
58.628: [GC [PSYoungGen: 50175K->6668K(51200K)] 134181K->102787K(167936K), 0.0055100 secs] [Times: user=0.04 sys=0.00, real=0.00 secs] 
58.634: Total time for which application threads were stopped: 0.0056730 seconds, Stopping threads took: 0.0000710 seconds
58.815: Application time: 0.1814300 seconds
58.815: [GC [PSYoungGen: 50156K->6668K(51200K)] 146275K->113475K(167936K), 0.0051040 secs] [Times: user=0.03 sys=0.00, real=0.01 secs] 
58.820: [Full GC [PSYoungGen: 6668K->0K(51200K)] [ParOldGen: 106806K->31371K(116736K)] 113475K->31371K(167936K) [PSPermGen: 6084K->6084K(21504K)], 0.0106850 secs] [Times: user=0.06 sys=0.00, real=0.01 secs] 
58.831: Total time for which application threads were stopped: 0.0160100 seconds, Stopping threads took: 0.0000890 seconds
59.010: Application time: 0.1784620 seconds
59.010: [GC [PSYoungGen: 43515K->6636K(51200K)] 74886K->48695K(167936K), 0.0050450 secs] [Times: user=0.04 sys=0.00, real=0.00 secs] 
59.015: Total time for which application threads were stopped: 0.0051850 seconds, Stopping threads took: 0.0000570 seconds
59.171: Application time: 0.1560320 seconds
59.171: [GC [PSYoungGen: 50117K->6636K(51200K)] 92176K->59383K(167936K), 0.0051160 secs] [Times: user=0.03 sys=0.00, real=0.00 secs] 
59.176: Total time for which application threads were stopped: 0.0052750 seconds, Stopping threads took: 0.0000600 seconds
59.341: Application time: 0.1650680 seconds
59.341: [GC [PSYoungGen: 50118K->6540K(51200K)] 102865K->69263K(167936K), 0.0048740 secs] [Times: user=0.03 sys=0.01, real=0.01 secs] 
59.346: Total time for which application threads were stopped: 0.0050160 seconds, Stopping threads took: 0.0000630 seconds
59.474: Application time: 0.1276580 seconds
59.474: [GC [PSYoungGen: 50048K->6669K(51200K)] 112771K->79367K(167936K), 0.0048900 secs] [Times: user=0.04 sys=0.00, real=0.01 secs] 
59.479: Total time for which application threads were stopped: 0.0050460 seconds, Stopping threads took: 0.0000730 seconds
59.647: Application time: 0.1680730 seconds
59.647: [GC [PSYoungGen: 50152K->6637K(51200K)] 122850K->87886K(167936K), 0.0045560 secs] [Times: user=0.03 sys=0.00, real=0.00 secs] 
59.652: Total time for which application threads were stopped: 0.0046990 seconds, Stopping threads took: 0.0000620 seconds
59.811: Application time: 0.1592180 seconds
59.811: [GC [PSYoungGen: 50137K->6669K(51200K)] 131386K->98607K(167936K), 0.0051730 secs] [Times: user=0.04 sys=0.00, real=0.00 secs] 
59.816: Total time for which application threads were stopped: 0.0053360 seconds, Stopping threads took: 0.0000680 seconds
59.975: Application time: 0.1587700 seconds
59.975: [GC [PSYoungGen: 50177K->6669K(51200K)] 142116K->108583K(167936K), 0.0049600 secs] [Times: user=0.04 sys=0.00, real=0.01 secs] 
59.980: [Full GC [PSYoungGen: 6669K->0K(51200K)] [ParOldGen: 101914K->27718K(116736K)] 108583K->27718K(167936K) [PSPermGen: 6085K->6085K(21504K)], 0.0106820 secs] [Times: user=0.06 sys=0.00, real=0.01 secs] 
59.991: Total time for which application threads were stopped: 0.0158350 seconds, Stopping threads took: 0.0000600 seconds
60.153: Application time: 0.1618480 seconds
60.153: [GC [PSYoungGen: 43483K->7125K(51200K)] 71202K->44108K(167936K), 0.0049230 secs] [Times: user=0.04 sys=0.00, real=0.00 secs] 
60.158: Total time for which application threads were stopped: 0.0050710 seconds, Stopping threads took: 0.0000570 seconds
60.327: Application time: 0.1696840 seconds
60.327: [GC [PSYoungGen: 50608K->7125K(51200K)] 87591K->53371K(167936K), 0.0048980 secs] [Times: user=0.03 sys=0.00, real=0.00 secs] 
60.332: Total time for which application threads were stopped: 0.0050550 seconds, Stopping threads took: 0.0000590 seconds
60.487: Application time: 0.1549070 seconds
60.487: [GC [PSYoungGen: 50608K->7157K(51200K)] 96853K->62666K(167936K), 0.0049120 secs] [Times: user=0.04 sys=0.00, real=0.00 secs] 
60.492: Total time for which application threads were stopped: 0.0050620 seconds, Stopping threads took: 0.0000690 seconds
60.552: Application time: 0.0595400 seconds
60.552: [GC [PSYoungGen: 50698K->6540K(51200K)] 106208K->72025K(167936K), 0.0050610 secs] [Times: user=0.04 sys=0.00, real=0.00 secs] 
60.557: Total time for which application threads were stopped: 0.0052270 seconds, Stopping threads took: 0.0000810 seconds
60.575: Application time: 0.0181880 seconds
60.576: [GC [PSYoungGen: 50023K->6605K(51200K)] 115508K->72802K(167936K), 0.0024390 secs] [Times: user=0.01 sys=0.00, real=0.01 secs] 
60.578: Total time for which application threads were stopped: 0.0029720 seconds, Stopping threads took: 0.0004550 seconds
60.594: Application time: 0.0152660 seconds
60.594: [GC [PSYoungGen: 50088K->6637K(51200K)] 116286K->74972K(167936K), 0.0030010 secs] [Times: user=0.02 sys=0.00, real=0.00 secs] 
60.597: Total time for which application threads were stopped: 0.0031960 seconds, Stopping threads took: 0.0001160 seconds
60.688: Application time: 0.0911370 seconds
60.688: [GC [PSYoungGen: 50129K->6572K(51200K)] 118464K->84883K(167936K), 0.0049140 secs] [Times: user=0.03 sys=0.00, real=0.00 secs] 
60.693: Total time for which application threads were stopped: 0.0050600 seconds, Stopping threads took: 0.0000600 seconds
60.782: Application time: 0.0893610 seconds
60.783: [GC [PSYoungGen: 50138K->6636K(51200K)] 128449K->94923K(167936K), 0.0050370 secs] [Times: user=0.04 sys=0.00, real=0.01 secs] 
60.788: Total time for which application threads were stopped: 0.0052520 seconds, Stopping threads took: 0.0001340 seconds
60.800: Application time: 0.0127820 seconds
60.801: [GC [PSYoungGen: 50114K->6684K(51200K)] 138401K->97821K(167936K), 0.0031660 secs] [Times: user=0.03 sys=0.00, real=0.00 secs] 
60.804: Total time for which application threads were stopped: 0.0033430 seconds, Stopping threads took: 0.0000960 seconds
60.816: Application time: 0.0123410 seconds
60.816: [GC [PSYoungGen: 50171K->6652K(51200K)] 141308K->101352K(167936K), 0.0033460 secs] [Times: user=0.03 sys=0.00, real=0.01 secs] 
60.820: Total time for which application threads were stopped: 0.0035290 seconds, Stopping threads took: 0.0001030 seconds
60.833: Application time: 0.0128860 seconds
60.833: [GC [PSYoungGen: 50132K->6668K(51200K)] 144831K->103506K(167936K), 0.0030060 secs] [Times: user=0.02 sys=0.00, real=0.00 secs] 
60.836: Total time for which application threads were stopped: 0.0031640 seconds, Stopping threads took: 0.0000710 seconds
60.846: Application time: 0.0107950 seconds
60.847: [GC [PSYoungGen: 50153K->6669K(51200K)] 146990K->106356K(167936K), 0.0031550 secs] [Times: user=0.02 sys=0.00, real=0.00 secs] 
60.850: Total time for which application threads were stopped: 0.0039770 seconds, Stopping threads took: 0.0007420 seconds
60.861: Application time: 0.0105620 seconds
60.861: [GC [PSYoungGen: 50163K->6701K(51200K)] 149850K->109951K(167936K), 0.0033930 secs] [Times: user=0.02 sys=0.00, real=0.00 secs] 
60.865: [Full GC [PSYoungGen: 6701K->0K(51200K)] [ParOldGen: 103250K->30775K(116736K)] 109951K->30775K(167936K) [PSPermGen: 6085K->6085K(21504K)], 0.0104440 secs] [Times: user=0.06 sys=0.00, real=0.01 secs] 
60.875: Total time for which application threads were stopped: 0.0140460 seconds, Stopping threads took: 0.0000780 seconds
60.963: Application time: 0.0880030 seconds
60.963: [GC [PSYoungGen: 43437K->6524K(51200K)] 74212K->45850K(167936K), 0.0045370 secs] [Times: user=0.03 sys=0.00, real=0.01 secs] 
60.968: Total time for which application threads were stopped: 0.0046970 seconds, Stopping threads took: 0.0000600 seconds
60.989: Application time: 0.0209370 seconds
60.989: [GC [PSYoungGen: 50099K->6572K(51200K)] 89424K->51598K(167936K), 0.0039250 secs] [Times: user=0.03 sys=0.00, real=0.00 secs] 
60.993: Total time for which application threads were stopped: 0.0041250 seconds, Stopping threads took: 0.0001090 seconds
61.011: Application time: 0.0185000 seconds
61.012: [GC [PSYoungGen: 50053K->6668K(51200K)] 95079K->53119K(167936K), 0.0026530 secs] [Times: user=0.02 sys=0.00, real=0.00 secs] 
61.014: Total time for which application threads were stopped: 0.0028760 seconds, Stopping threads took: 0.0001470 seconds
61.028: Application time: 0.0141610 seconds
61.028: [GC [PSYoungGen: 50152K->6476K(51200K)] 96603K->52927K(167936K), 0.0023560 secs] [Times: user=0.02 sys=0.00, real=0.00 secs] 
61.031: Total time for which application threads were stopped: 0.0025210 seconds, Stopping threads took: 0.0000850 seconds
61.090: Application time: 0.0592390 seconds
61.090: [GC [PSYoungGen: 50048K->6636K(51200K)] 96499K->63775K(167936K), 0.0051980 secs] [Times: user=0.04 sys=0.00, real=0.00 secs] 
61.096: Total time for which application threads were stopped: 0.0054930 seconds, Stopping threads took: 0.0002100 seconds
61.107: Application time: 0.0117390 seconds
61.108: [GC [PSYoungGen: 50112K->6636K(51200K)] 107251K->63775K(167936K), 0.0023460 secs] [Times: user=0.01 sys=0.00, real=0.00 secs] 
61.110: Total time for which application threads were stopped: 0.0025250 seconds, Stopping threads took: 0.0001010 seconds
61.120: Application time: 0.0100600 seconds
61.120: [GC [PSYoungGen: 50125K->6636K(51200K)] 107264K->67338K(167936K), 0.0032950 secs] [Times: user=0.02 sys=0.00, real=0.00 secs] 
61.124: Total time for which application threads were stopped: 0.0035750 seconds, Stopping threads took: 0.0001980 seconds
61.138: Application time: 0.0148960 seconds
61.139: [GC [PSYoungGen: 50121K->6636K(51200K)] 110822K->71613K(167936K), 0.0035240 secs] [Times: user=0.02 sys=0.00, real=0.00 secs] 
61.142: Total time for which application threads were stopped: 0.0037120 seconds, Stopping threads took: 0.0001100 seconds
61.152: Application time: 0.0097200 seconds
61.152: [GC [PSYoungGen: 50120K->6668K(51200K)] 115097K->75208K(167936K), 0.0033430 secs] [Times: user=0.03 sys=0.00, real=0.00 secs] 
61.155: Total time for which application threads were stopped: 0.0035270 seconds, Stopping threads took: 0.0001030 seconds
61.168: Application time: 0.0123050 seconds
61.168: [GC [PSYoungGen: 50159K->6668K(51200K)] 118699K->77346K(167936K), 0.0030070 secs] [Times: user=0.02 sys=0.00, real=0.00 secs] 
61.171: Total time for which application threads were stopped: 0.0031830 seconds, Stopping threads took: 0.0000960 seconds
61.293: Application time: 0.1217020 seconds
61.293: [GC [PSYoungGen: 50159K->6700K(51200K)] 120837K->88065K(167936K), 0.0051630 secs] [Times: user=0.03 sys=0.01, real=0.01 secs] 
61.298: Total time for which application threads were stopped: 0.0053550 seconds, Stopping threads took: 0.0001110 seconds
61.477: Application time: 0.1793900 seconds
61.477: [GC [PSYoungGen: 50180K->6636K(51200K)] 131545K->97977K(167936K), 0.0049500 secs] [Times: user=0.04 sys=0.00, real=0.01 secs] 
61.482: Total time for which application threads were stopped: 0.0051040 seconds, Stopping threads took: 0.0000600 seconds
61.513: Application time: 0.0304540 seconds
61.513: [GC [PSYoungGen: 50153K->6716K(51200K)] 141494K->102332K(167936K), 0.0036310 secs] [Times: user=0.03 sys=0.00, real=0.00 secs] 
61.517: Total time for which application threads were stopped: 0.0038160 seconds, Stopping threads took: 0.0001040 seconds
61.533: Application time: 0.0161370 seconds
61.533: [GC [PSYoungGen: 50204K->6732K(51200K)] 145819K->107336K(167936K), 0.0035600 secs] [Times: user=0.02 sys=0.00, real=0.00 secs] 
61.537: Total time for which application threads were stopped: 0.0038380 seconds, Stopping threads took: 0.0001970 seconds
61.550: Application time: 0.0134030 seconds
61.550: [GC [PSYoungGen: 50260K->6732K(51200K)] 150863K->110898K(167936K), 0.0034270 secs] [Times: user=0.02 sys=0.00, real=0.00 secs] 
61.554: [Full GC [PSYoungGen: 6732K->0K(51200K)] [ParOldGen: 104165K->24155K(116736K)] 110898K->24155K(167936K) [PSPermGen: 6085K->6085K(21504K)], 0.0099330 secs] [Times: user=0.06 sys=0.00, real=0.01 secs] 
61.564: Total time for which application threads were stopped: 0.0135730 seconds, Stopping threads took: 0.0000650 seconds
61.581: Application time: 0.0169090 seconds
61.581: [GC [PSYoungGen: 43486K->5243K(51200K)] 67641K->29399K(167936K), 0.0017130 secs] [Times: user=0.01 sys=0.00, real=0.00 secs] 
61.582: Total time for which application threads were stopped: 0.0018560 seconds, Stopping threads took: 0.0000700 seconds
61.600: Application time: 0.0179730 seconds
61.601: [GC [PSYoungGen: 48725K->6572K(51200K)] 72880K->32866K(167936K), 0.0027920 secs] [Times: user=0.02 sys=0.00, real=0.00 secs] 
61.603: Total time for which application threads were stopped: 0.0029560 seconds, Stopping threads took: 0.0000820 seconds
61.617: Application time: 0.0136880 seconds
61.617: [GC [PSYoungGen: 50055K->6636K(51200K)] 76348K->33642K(167936K), 0.0024800 secs] [Times: user=0.02 sys=0.00, real=0.01 secs] 
61.620: Total time for which application threads were stopped: 0.0026460 seconds, Stopping threads took: 0.0000880 seconds
61.775: Application time: 0.1553500 seconds
61.775: [GC [PSYoungGen: 50133K->6572K(51200K)] 77139K->44978K(167936K), 0.0053010 secs] [Times: user=0.04 sys=0.00, real=0.01 secs] 
61.781: Total time for which application threads were stopped: 0.0054510 seconds, Stopping threads took: 0.0000690 seconds
61.983: Application time: 0.2021700 seconds
61.983: [GC [PSYoungGen: 50069K->6668K(51200K)] 88475K->56474K(167936K), 0.0053010 secs] [Times: user=0.04 sys=0.00, real=0.01 secs] 
61.988: Total time for which application threads were stopped: 0.0054600 seconds, Stopping threads took: 0.0000640 seconds
62.192: Application time: 0.2036880 seconds
62.192: [GC [PSYoungGen: 50174K->6668K(51200K)] 99980K->67162K(167936K), 0.0050840 secs] [Times: user=0.03 sys=0.00, real=0.00 secs] 
62.197: Total time for which application threads were stopped: 0.0052400 seconds, Stopping threads took: 0.0000720 seconds
62.371: Application time: 0.1736980 seconds
62.371: [GC [PSYoungGen: 50148K->6668K(51200K)] 110642K->77850K(167936K), 0.0051830 secs] [Times: user=0.04 sys=0.00, real=0.00 secs] 
62.376: Total time for which application threads were stopped: 0.0053580 seconds, Stopping threads took: 0.0000910 seconds
62.605: Application time: 0.2286930 seconds
62.605: [GC [PSYoungGen: 50156K->6668K(51200K)] 121338K->87825K(167936K), 0.0049170 secs] [Times: user=0.03 sys=0.00, real=0.01 secs] 
62.610: Total time for which application threads were stopped: 0.0051550 seconds, Stopping threads took: 0.0001460 seconds
62.790: Application time: 0.1795810 seconds
62.790: [GC [PSYoungGen: 50165K->6668K(51200K)] 131322K->98513K(167936K), 0.0051900 secs] [Times: user=0.04 sys=0.00, real=0.00 secs] 
62.795: Total time for which application threads were stopped: 0.0053500 seconds, Stopping threads took: 0.0000780 seconds
62.993: Application time: 0.1981100 seconds
62.993: [GC [PSYoungGen: 50165K->6668K(51200K)] 142010K->109913K(167936K), 0.0053720 secs] [Times: user=0.04 sys=0.00, real=0.01 secs] 
62.999: [Full GC [PSYoungGen: 6668K->0K(51200K)] [ParOldGen: 103245K->29143K(116736K)] 109913K->29143K(167936K) [PSPermGen: 6085K->6085K(21504K)], 0.0108450 secs] [Times: user=0.06 sys=0.00, real=0.01 secs] 
63.009: Total time for which application threads were stopped: 0.0164160 seconds, Stopping threads took: 0.0000670 seconds
63.176: Application time: 0.1664840 seconds
63.176: [GC [PSYoungGen: 43505K->6604K(51200K)] 72648K->46436K(167936K), 0.0050940 secs] [Times: user=0.04 sys=0.00, real=0.01 secs] 
63.181: Total time for which application threads were stopped: 0.0052420 seconds, Stopping threads took: 0.0000600 seconds
63.332: Application time: 0.1510640 seconds
63.332: [GC [PSYoungGen: 50086K->6668K(51200K)] 89917K->56475K(167936K), 0.0048960 secs] [Times: user=0.04 sys=0.00, real=0.00 secs] 
63.337: Total time for which application threads were stopped: 0.0050650 seconds, Stopping threads took: 0.0000850 seconds
63.484: Application time: 0.1467400 seconds
63.484: [GC [PSYoungGen: 50150K->6573K(51200K)] 99957K->65642K(167936K), 0.0046830 secs] [Times: user=0.02 sys=0.00, real=0.01 secs] 
63.489: Total time for which application threads were stopped: 0.0048300 seconds, Stopping threads took: 0.0000660 seconds
63.634: Application time: 0.1454480 seconds
63.634: [GC [PSYoungGen: 50080K->6669K(51200K)] 109150K->76427K(167936K), 0.0051090 secs] [Times: user=0.04 sys=0.00, real=0.01 secs] 
63.640: Total time for which application threads were stopped: 0.0052630 seconds, Stopping threads took: 0.0000700 seconds
63.799: Application time: 0.1598560 seconds
63.800: [GC [PSYoungGen: 50169K->6669K(51200K)] 119927K->86403K(167936K), 0.0049520 secs] [Times: user=0.04 sys=0.00, real=0.00 secs] 
63.805: Total time for which application threads were stopped: 0.0051320 seconds, Stopping threads took: 0.0000870 seconds
63.943: Application time: 0.1378930 seconds
63.943: [GC [PSYoungGen: 50152K->6669K(51200K)] 129887K->95667K(167936K), 0.0047780 secs] [Times: user=0.04 sys=0.00, real=0.01 secs] 
63.947: Total time for which application threads were stopped: 0.0049270 seconds, Stopping threads took: 0.0000690 seconds
64.092: Application time: 0.1448130 seconds
64.092: [GC [PSYoungGen: 50161K->6669K(51200K)] 139159K->106356K(167936K), 0.0051890 secs] [Times: user=0.04 sys=0.00, real=0.00 secs] 
64.098: Total time for which application threads were stopped: 0.0053530 seconds, Stopping threads took: 0.0000770 seconds
64.263: Application time: 0.1658450 seconds
64.264: [GC [PSYoungGen: 50169K->6669K(51200K)] 149856K->117757K(167936K), 0.0053990 secs] [Times: user=0.04 sys=0.00, real=0.01 secs] 
64.269: [Full GC [PSYoungGen: 6669K->0K(51200K)] [ParOldGen: 111088K->29857K(116736K)] 117757K->29857K(167936K) [PSPermGen: 6085K->6085K(21504K)], 0.0112980 secs] [Times: user=0.05 sys=0.00, real=0.01 secs] 
64.280: Total time for which application threads were stopped: 0.0168920 seconds, Stopping threads took: 0.0000650 seconds
64.437: Application time: 0.1567980 seconds
64.437: [GC [PSYoungGen: 43482K->7157K(51200K)] 73340K->46278K(167936K), 0.0049280 secs] [Times: user=0.04 sys=0.00, real=0.01 secs] 
64.442: Total time for which application threads were stopped: 0.0050880 seconds, Stopping threads took: 0.0000660 seconds
64.594: Application time: 0.1518780 seconds
64.594: [GC [PSYoungGen: 50699K->6573K(51200K)] 89820K->55670K(167936K), 0.0048780 secs] [Times: user=0.03 sys=0.00, real=0.01 secs] 
64.599: Total time for which application threads were stopped: 0.0050260 seconds, Stopping threads took: 0.0000690 seconds
64.617: Application time: 0.0175960 seconds
64.617: [GC [PSYoungGen: 50053K->6605K(51200K)] 99150K->60689K(167936K), 0.0037150 secs] [Times: user=0.03 sys=0.00, real=0.01 secs] 
64.621: Total time for which application threads were stopped: 0.0038830 seconds, Stopping threads took: 0.0000860 seconds
64.639: Application time: 0.0180850 seconds
64.639: [GC [PSYoungGen: 50085K->6605K(51200K)] 104170K->62827K(167936K), 0.0029730 secs] [Times: user=0.03 sys=0.00, real=0.00 secs] 
64.642: Total time for which application threads were stopped: 0.0031650 seconds, Stopping threads took: 0.0001110 seconds
64.655: Application time: 0.0128800 seconds
64.655: [GC [PSYoungGen: 50089K->6573K(51200K)] 106312K->64933K(167936K), 0.0029520 secs] [Times: user=0.02 sys=0.00, real=0.01 secs] 
64.658: Total time for which application threads were stopped: 0.0031070 seconds, Stopping threads took: 0.0000750 seconds
64.790: Application time: 0.1318530 seconds
64.790: [GC [PSYoungGen: 50602K->6684K(51200K)] 108962K->74308K(167936K), 0.0047750 secs] [Times: user=0.03 sys=0.00, real=0.00 secs] 
64.795: Total time for which application threads were stopped: 0.0049130 seconds, Stopping threads took: 0.0000600 seconds
64.812: Application time: 0.0169890 seconds
64.812: [GC [PSYoungGen: 50414K->6636K(51200K)] 118038K->80673K(167936K), 0.0040800 secs] [Times: user=0.03 sys=0.00, real=0.00 secs] 
64.816: Total time for which application threads were stopped: 0.0048480 seconds, Stopping threads took: 0.0006860 seconds
64.827: Application time: 0.0106270 seconds
64.827: [GC [PSYoungGen: 50121K->6620K(51200K)] 124157K->84932K(167936K), 0.0035730 secs] [Times: user=0.03 sys=0.00, real=0.00 secs] 
64.831: Total time for which application threads were stopped: 0.0037540 seconds, Stopping threads took: 0.0001020 seconds
64.848: Application time: 0.0173810 seconds
64.848: [GC [PSYoungGen: 50099K->6636K(51200K)] 128411K->87086K(167936K), 0.0028860 secs] [Times: user=0.02 sys=0.00, real=0.00 secs] 
64.851: Total time for which application threads were stopped: 0.0030680 seconds, Stopping threads took: 0.0001040 seconds
64.869: Application time: 0.0175110 seconds
64.869: [GC [PSYoungGen: 50128K->6717K(51200K)] 130577K->90729K(167936K), 0.0033700 secs] [Times: user=0.03 sys=0.00, real=0.00 secs] 
64.873: Total time for which application threads were stopped: 0.0040520 seconds, Stopping threads took: 0.0005890 seconds
64.894: Application time: 0.0207960 seconds
64.894: [GC [PSYoungGen: 50201K->6669K(51200K)] 134213K->92819K(167936K), 0.0029170 secs] [Times: user=0.02 sys=0.00, real=0.00 secs] 
64.897: Total time for which application threads were stopped: 0.0030550 seconds, Stopping threads took: 0.0000530 seconds
64.908: Application time: 0.0113310 seconds
64.909: [GC [PSYoungGen: 50152K->6620K(51200K)] 136301K->94908K(167936K), 0.0030660 secs] [Times: user=0.02 sys=0.00, real=0.00 secs] 
64.912: Total time for which application threads were stopped: 0.0035860 seconds, Stopping threads took: 0.0004240 seconds
65.046: Application time: 0.1340280 seconds
65.046: [GC [PSYoungGen: 50150K->6684K(51200K)] 138437K->106372K(167936K), 0.0056370 secs] [Times: user=0.03 sys=0.00, real=0.00 secs] 
65.051: Total time for which application threads were stopped: 0.0058090 seconds, Stopping threads took: 0.0000660 seconds
65.068: Application time: 0.0165210 seconds
65.068: [GC [PSYoungGen: 50164K->6700K(51200K)] 149852K->111376K(167936K), 0.0039220 secs] [Times: user=0.03 sys=0.00, real=0.00 secs] 
65.072: [Full GC [PSYoungGen: 6700K->0K(51200K)] [ParOldGen: 104675K->28644K(116736K)] 111376K->28644K(167936K) [PSPermGen: 6085K->6085K(21504K)], 0.0112530 secs] [Times: user=0.07 sys=0.01, real=0.01 secs] 
65.083: Total time for which application threads were stopped: 0.0154250 seconds, Stopping threads took: 0.0001020 seconds
65.105: Application time: 0.0214330 seconds
65.105: [GC [PSYoungGen: 43485K->6540K(51200K)] 72129K->36609K(167936K), 0.0026040 secs] [Times: user=0.02 sys=0.00, real=0.01 secs] 
65.108: Total time for which application threads were stopped: 0.0027630 seconds, Stopping threads took: 0.0000810 seconds
65.122: Application time: 0.0146920 seconds
65.122: [GC [PSYoungGen: 50034K->6476K(51200K)] 80103K->40108K(167936K), 0.0030930 secs] [Times: user=0.02 sys=0.00, real=0.00 secs] 
65.126: Total time for which application threads were stopped: 0.0032450 seconds, Stopping threads took: 0.0000730 seconds
65.177: Application time: 0.0514600 seconds
65.177: [GC [PSYoungGen: 50019K->6604K(51200K)] 83651K->47361K(167936K), 0.0042810 secs] [Times: user=0.03 sys=0.00, real=0.01 secs] 
65.182: Total time for which application threads were stopped: 0.0044650 seconds, Stopping threads took: 0.0001020 seconds
65.193: Application time: 0.0110720 seconds
65.193: [GC [PSYoungGen: 50084K->6636K(51200K)] 90841K->51668K(167936K), 0.0034840 secs] [Times: user=0.03 sys=0.00, real=0.00 secs] 
65.197: Total time for which application threads were stopped: 0.0041850 seconds, Stopping threads took: 0.0006160 seconds
65.208: Application time: 0.0112060 seconds
65.208: [GC [PSYoungGen: 50121K->6636K(51200K)] 95153K->52381K(167936K), 0.0025230 secs] [Times: user=0.02 sys=0.00, real=0.00 secs] 
65.211: Total time for which application threads were stopped: 0.0030020 seconds, Stopping threads took: 0.0004020 seconds
65.222: Application time: 0.0113250 seconds
65.223: [GC [PSYoungGen: 50121K->6636K(51200K)] 95866K->55944K(167936K), 0.0033120 secs] [Times: user=0.02 sys=0.00, real=0.01 secs] 
65.226: Total time for which application threads were stopped: 0.0041280 seconds, Stopping threads took: 0.0007340 seconds
65.236: Application time: 0.0098750 seconds
65.236: [GC [PSYoungGen: 50120K->6637K(51200K)] 99427K->57369K(167936K), 0.0027940 secs] [Times: user=0.02 sys=0.00, real=0.01 secs] 
65.239: Total time for which application threads were stopped: 0.0029640 seconds, Stopping threads took: 0.0000940 seconds
65.255: Application time: 0.0152300 seconds
65.255: [GC [PSYoungGen: 50126K->6636K(51200K)] 100858K->58794K(167936K), 0.0028050 secs] [Times: user=0.02 sys=0.00, real=0.00 secs] 
65.257: Total time for which application threads were stopped: 0.0029670 seconds, Stopping threads took: 0.0000850 seconds
65.414: Application time: 0.1561330 seconds
65.414: [GC [PSYoungGen: 50125K->6636K(51200K)] 102283K->68769K(167936K), 0.0048410 secs] [Times: user=0.03 sys=0.00, real=0.01 secs] 
65.419: Total time for which application threads were stopped: 0.0049840 seconds, Stopping threads took: 0.0000620 seconds
65.517: Application time: 0.0986260 seconds
65.517: [GC [PSYoungGen: 50152K->6668K(51200K)] 112285K->79489K(167936K), 0.0053600 secs] [Times: user=0.04 sys=0.00, real=0.01 secs] 
65.523: Total time for which application threads were stopped: 0.0055270 seconds, Stopping threads took: 0.0000770 seconds
65.540: Application time: 0.0172100 seconds
65.540: [GC [PSYoungGen: 50152K->6620K(51200K)] 122973K->81578K(167936K), 0.0029340 secs] [Times: user=0.02 sys=0.00, real=0.00 secs] 
65.543: Total time for which application threads were stopped: 0.0030820 seconds, Stopping threads took: 0.0000670 seconds
65.559: Application time: 0.0157520 seconds
65.559: [GC [PSYoungGen: 50105K->6636K(51200K)] 125063K->85870K(167936K), 0.0036050 secs] [Times: user=0.02 sys=0.00, real=0.00 secs] 
65.563: Total time for which application threads were stopped: 0.0037720 seconds, Stopping threads took: 0.0000760 seconds
65.612: Application time: 0.0498160 seconds
65.613: [GC [PSYoungGen: 50157K->6748K(51200K)] 129390K->92394K(167936K), 0.0041630 secs] [Times: user=0.03 sys=0.00, real=0.00 secs] 
65.617: Total time for which application threads were stopped: 0.0043310 seconds, Stopping threads took: 0.0000870 seconds
65.633: Application time: 0.0165760 seconds
65.633: [GC [PSYoungGen: 50224K->6700K(51200K)] 135870K->92346K(167936K), 0.0023910 secs] [Times: user=0.01 sys=0.00, real=0.00 secs] 
65.636: Total time for which application threads were stopped: 0.0025580 seconds, Stopping threads took: 0.0000930 seconds
65.654: Application time: 0.0182050 seconds
65.654: [GC [PSYoungGen: 50193K->6668K(51200K)] 135839K->99440K(167936K), 0.0043050 secs] [Times: user=0.03 sys=0.00, real=0.01 secs] 
65.659: Total time for which application threads were stopped: 0.0044580 seconds, Stopping threads took: 0.0000750 seconds
65.729: Application time: 0.0706480 seconds
65.729: [GC [PSYoungGen: 50163K->6748K(51200K)] 142934K->104507K(167936K), 0.0034940 secs] [Times: user=0.02 sys=0.00, real=0.00 secs] 
65.733: Total time for which application threads were stopped: 0.0036370 seconds, Stopping threads took: 0.0000650 seconds
65.906: Application time: 0.1728190 seconds
65.906: [GC [PSYoungGen: 50234K->6764K(51200K)] 147993K->114523K(167936K), 0.0049420 secs] [Times: user=0.04 sys=0.00, real=0.00 secs] 
65.911: [Full GC [PSYoungGen: 6764K->0K(51200K)] [ParOldGen: 107758K->26294K(116736K)] 114523K->26294K(167936K) [PSPermGen: 6086K->6086K(21504K)], 0.0106110 secs] [Times: user=0.06 sys=0.00, real=0.01 secs] 
65.921: Total time for which application threads were stopped: 0.0157740 seconds, Stopping threads took: 0.0000860 seconds
66.125: Application time: 0.2032050 seconds
66.125: [GC [PSYoungGen: 43494K->6540K(51200K)] 69788K->42809K(167936K), 0.0048620 secs] [Times: user=0.04 sys=0.00, real=0.01 secs] 
66.130: Total time for which application threads were stopped: 0.0050190 seconds, Stopping threads took: 0.0000580 seconds
66.320: Application time: 0.1907760 seconds
66.321: [GC [PSYoungGen: 50036K->6604K(51200K)] 86306K->53561K(167936K), 0.0050990 secs] [Times: user=0.04 sys=0.00, real=0.01 secs] 
66.326: Total time for which application threads were stopped: 0.0052520 seconds, Stopping threads took: 0.0000630 seconds
66.527: Application time: 0.2015420 seconds
66.527: [GC [PSYoungGen: 50084K->6572K(51200K)] 97041K->64217K(167936K), 0.0051380 secs] [Times: user=0.04 sys=0.00, real=0.00 secs] 
66.533: Total time for which application threads were stopped: 0.0052790 seconds, Stopping threads took: 0.0000610 seconds
66.743: Application time: 0.2104610 seconds
66.743: [GC [PSYoungGen: 50075K->6636K(51200K)] 107720K->74969K(167936K), 0.0050470 secs] [Times: user=0.04 sys=0.00, real=0.01 secs] 
66.748: Total time for which application threads were stopped: 0.0051990 seconds, Stopping threads took: 0.0000600 seconds
66.929: Application time: 0.1808220 seconds
66.929: [GC [PSYoungGen: 50125K->6668K(51200K)] 118457K->85689K(167936K), 0.0051760 secs] [Times: user=0.03 sys=0.01, real=0.00 secs] 
66.934: Total time for which application threads were stopped: 0.0053270 seconds, Stopping threads took: 0.0000680 seconds
67.103: Application time: 0.1687180 seconds
67.103: [GC [PSYoungGen: 50166K->6668K(51200K)] 129186K->95664K(167936K), 0.0048390 secs] [Times: user=0.03 sys=0.00, real=0.01 secs] 
67.108: Total time for which application threads were stopped: 0.0050040 seconds, Stopping threads took: 0.0000800 seconds
67.279: Application time: 0.1704790 seconds
67.279: [GC [PSYoungGen: 50166K->6668K(51200K)] 139162K->105639K(167936K), 0.0049040 secs] [Times: user=0.03 sys=0.00, real=0.00 secs] 
67.284: Total time for which application threads were stopped: 0.0050730 seconds, Stopping threads took: 0.0000820 seconds
67.456: Application time: 0.1720230 seconds
67.456: [GC [PSYoungGen: 50150K->6669K(51200K)] 149121K->115615K(167936K), 0.0049700 secs] [Times: user=0.03 sys=0.00, real=0.01 secs] 
67.461: [Full GC [PSYoungGen: 6669K->0K(51200K)] [ParOldGen: 108946K->26294K(116736K)] 115615K->26294K(167936K) [PSPermGen: 6086K->6086K(21504K)], 0.0105200 secs] [Times: user=0.06 sys=0.00, real=0.01 secs] 
67.471: Total time for which application threads were stopped: 0.0156990 seconds, Stopping threads took: 0.0000770 seconds
67.627: Application time: 0.1553740 seconds
67.627: [GC [PSYoungGen: 43490K->6476K(51200K)] 69785K->42747K(167936K), 0.0048720 secs] [Times: user=0.03 sys=0.00, real=0.00 secs] 
67.632: Total time for which application threads were stopped: 0.0050170 seconds, Stopping threads took: 0.0000670 seconds
67.787: Application time: 0.1548170 seconds
67.787: [GC [PSYoungGen: 49976K->6605K(51200K)] 86247K->52851K(167936K), 0.0048530 secs] [Times: user=0.03 sys=0.00, real=0.00 secs] 
67.792: Total time for which application threads were stopped: 0.0050120 seconds, Stopping threads took: 0.0000710 seconds
67.931: Application time: 0.1391690 seconds
67.931: [GC [PSYoungGen: 50105K->6605K(51200K)] 96352K->63540K(167936K), 0.0051770 secs] [Times: user=0.03 sys=0.00, real=0.00 secs] 
67.936: Total time for which application threads were stopped: 0.0053300 seconds, Stopping threads took: 0.0000730 seconds
68.092: Application time: 0.1561580 seconds
68.092: [GC [PSYoungGen: 50088K->6669K(51200K)] 107024K->72868K(167936K), 0.0047590 secs] [Times: user=0.04 sys=0.00, real=0.00 secs] 
68.097: Total time for which application threads were stopped: 0.0049080 seconds, Stopping threads took: 0.0000650 seconds
68.246: Application time: 0.1493180 seconds
68.247: [GC [PSYoungGen: 50178K->6669K(51200K)] 116377K->83557K(167936K), 0.0051250 secs] [Times: user=0.04 sys=0.00, real=0.00 secs] 
68.252: Total time for which application threads were stopped: 0.0052820 seconds, Stopping threads took: 0.0000760 seconds
68.398: Application time: 0.1463880 seconds
68.398: [GC [PSYoungGen: 50152K->6669K(51200K)] 127040K->93533K(167936K), 0.0050310 secs] [Times: user=0.04 sys=0.00, real=0.00 secs] 
68.403: Total time for which application threads were stopped: 0.0051990 seconds, Stopping threads took: 0.0000740 seconds
68.564: Application time: 0.1604630 seconds
68.564: [GC [PSYoungGen: 50160K->6669K(51200K)] 137024K->103508K(167936K), 0.0050050 secs] [Times: user=0.04 sys=0.00, real=0.01 secs] 
68.569: Total time for which application threads were stopped: 0.0051810 seconds, Stopping threads took: 0.0000940 seconds
68.728: Application time: 0.1595230 seconds
68.729: [GC [PSYoungGen: 50194K->6700K(51200K)] 147033K->112091K(167936K), 0.0045300 secs] [Times: user=0.04 sys=0.00, real=0.00 secs] 
68.733: [Full GC [PSYoungGen: 6700K->0K(51200K)] [ParOldGen: 105390K->27720K(116736K)] 112091K->27720K(167936K) [PSPermGen: 6086K->6086K(21504K)], 0.0109430 secs] [Times: user=0.06 sys=0.00, real=0.01 secs] 
68.744: Total time for which application threads were stopped: 0.0157500 seconds, Stopping threads took: 0.0001460 seconds
68.762: Application time: 0.0175070 seconds
68.762: [GC [PSYoungGen: 43478K->6572K(51200K)] 71198K->35006K(167936K), 0.0024150 secs] [Times: user=0.02 sys=0.00, real=0.00 secs] 
68.764: Total time for which application threads were stopped: 0.0025540 seconds, Stopping threads took: 0.0000630 seconds
68.781: Application time: 0.0170060 seconds
68.781: [GC [PSYoungGen: 50051K->6509K(51200K)] 78484K->37792K(167936K), 0.0030580 secs] [Times: user=0.02 sys=0.00, real=0.00 secs] 
68.785: Total time for which application threads were stopped: 0.0032210 seconds, Stopping threads took: 0.0000850 seconds
68.797: Application time: 0.0122630 seconds
68.797: [GC [PSYoungGen: 49993K->6541K(51200K)] 81276K->41387K(167936K), 0.0032920 secs] [Times: user=0.02 sys=0.00, real=0.01 secs] 
68.800: Total time for which application threads were stopped: 0.0034870 seconds, Stopping threads took: 0.0001170 seconds
68.855: Application time: 0.0544290 seconds
68.855: [GC [PSYoungGen: 50064K->6604K(51200K)] 84910K->49289K(167936K), 0.0044750 secs] [Times: user=0.03 sys=0.00, real=0.01 secs] 
68.859: Total time for which application threads were stopped: 0.0046450 seconds, Stopping threads took: 0.0000900 seconds
68.874: Application time: 0.0148990 seconds
68.874: [GC [PSYoungGen: 50083K->6572K(51200K)] 92768K->52107K(167936K), 0.0031520 secs] [Times: user=0.02 sys=0.00, real=0.00 secs] 
68.878: Total time for which application threads were stopped: 0.0033050 seconds, Stopping threads took: 0.0000730 seconds
68.892: Application time: 0.0147510 seconds
68.892: [GC [PSYoungGen: 50056K->6668K(51200K)] 95590K->54341K(167936K), 0.0029490 secs] [Times: user=0.02 sys=0.00, real=0.00 secs] 
68.895: Total time for which application threads were stopped: 0.0031230 seconds, Stopping threads took: 0.0000950 seconds
68.988: Application time: 0.0920590 seconds
68.988: [GC [PSYoungGen: 50700K->6572K(51200K)] 98372K->63508K(167936K), 0.0046850 secs] [Times: user=0.03 sys=0.00, real=0.00 secs] 
68.992: Total time for which application threads were stopped: 0.0048580 seconds, Stopping threads took: 0.0000820 seconds
69.016: Application time: 0.0237160 seconds
69.016: [GC [PSYoungGen: 50250K->6604K(51200K)] 107186K->67102K(167936K), 0.0033480 secs] [Times: user=0.03 sys=0.00, real=0.01 secs] 
69.020: Total time for which application threads were stopped: 0.0035200 seconds, Stopping threads took: 0.0000910 seconds
69.038: Application time: 0.0182200 seconds
69.038: [GC [PSYoungGen: 50083K->6669K(51200K)] 110581K->69304K(167936K), 0.0029830 secs] [Times: user=0.02 sys=0.00, real=0.00 secs] 
69.041: Total time for which application threads were stopped: 0.0031280 seconds, Stopping threads took: 0.0000650 seconds
69.056: Application time: 0.0146820 seconds
69.056: [GC [PSYoungGen: 50160K->6668K(51200K)] 112796K->71442K(167936K), 0.0027240 secs] [Times: user=0.01 sys=0.00, real=0.01 secs] 
69.059: Total time for which application threads were stopped: 0.0028660 seconds, Stopping threads took: 0.0000650 seconds
69.189: Application time: 0.1308710 seconds
69.190: [GC [PSYoungGen: 50217K->6668K(51200K)] 114990K->80704K(167936K), 0.0049080 secs] [Times: user=0.04 sys=0.00, real=0.00 secs] 
69.195: Total time for which application threads were stopped: 0.0054720 seconds, Stopping threads took: 0.0004800 seconds
69.208: Application time: 0.0130050 seconds
69.209: [GC [PSYoungGen: 50146K->6668K(51200K)] 124182K->82842K(167936K), 0.0029410 secs] [Times: user=0.02 sys=0.00, real=0.00 secs] 
69.212: Total time for which application threads were stopped: 0.0039000 seconds, Stopping threads took: 0.0008720 seconds
69.221: Application time: 0.0094590 seconds
69.222: [GC [PSYoungGen: 50148K->6732K(51200K)] 126322K->87894K(167936K), 0.0036750 secs] [Times: user=0.02 sys=0.00, real=0.00 secs] 
69.226: Total time for which application threads were stopped: 0.0043250 seconds, Stopping threads took: 0.0005690 seconds
69.237: Application time: 0.0118550 seconds
69.238: [GC [PSYoungGen: 50220K->6684K(51200K)] 131381K->90696K(167936K), 0.0031860 secs] [Times: user=0.02 sys=0.00, real=0.01 secs] 
69.241: Total time for which application threads were stopped: 0.0033340 seconds, Stopping threads took: 0.0000680 seconds
69.253: Application time: 0.0117970 seconds
69.253: [GC [PSYoungGen: 50169K->6653K(51200K)] 134180K->93514K(167936K), 0.0031440 secs] [Times: user=0.02 sys=0.00, real=0.00 secs] 
69.256: Total time for which application threads were stopped: 0.0033060 seconds, Stopping threads took: 0.0000810 seconds
69.265: Application time: 0.0091440 seconds
69.265: [GC [PSYoungGen: 50136K->6668K(51200K)] 136998K->95668K(167936K), 0.0030170 secs] [Times: user=0.02 sys=0.00, real=0.01 secs] 
69.268: Total time for which application threads were stopped: 0.0031790 seconds, Stopping threads took: 0.0000820 seconds
69.332: Application time: 0.0642850 seconds
69.333: [GC [PSYoungGen: 50067K->6796K(51200K)] 139066K->101496K(167936K), 0.0036830 secs] [Times: user=0.03 sys=0.00, real=0.00 secs] 
69.336: Total time for which application threads were stopped: 0.0038300 seconds, Stopping threads took: 0.0000670 seconds
69.357: Application time: 0.0210050 seconds
69.357: [GC [PSYoungGen: 50407K->6700K(51200K)] 145107K->107100K(167936K), 0.0039930 secs] [Times: user=0.03 sys=0.00, real=0.01 secs] 
69.362: Total time for which application threads were stopped: 0.0041750 seconds, Stopping threads took: 0.0000990 seconds
69.378: Application time: 0.0165230 seconds
69.378: [GC [PSYoungGen: 50180K->6684K(51200K)] 150580K->109990K(167936K), 0.0032230 secs] [Times: user=0.02 sys=0.00, real=0.00 secs] 
69.381: Total time for which application threads were stopped: 0.0033940 seconds, Stopping threads took: 0.0000890 seconds
69.394: Application time: 0.0123730 seconds
69.394: [GC [PSYoungGen: 50169K->6732K(51200K)] 153475K->113601K(167936K), 0.0033750 secs] [Times: user=0.03 sys=0.00, real=0.00 secs] 
69.397: [Full GC [PSYoungGen: 6732K->0K(51200K)] [ParOldGen: 106868K->27007K(116736K)] 113601K->27007K(167936K) [PSPermGen: 6086K->6086K(21504K)], 0.0108650 secs] [Times: user=0.06 sys=0.00, real=0.02 secs] 
69.408: Total time for which application threads were stopped: 0.0144390 seconds, Stopping threads took: 0.0000710 seconds
69.575: Application time: 0.1670980 seconds
69.576: [GC [PSYoungGen: 43488K->6508K(51200K)] 70495K->43491K(167936K), 0.0048410 secs] [Times: user=0.04 sys=0.00, real=0.01 secs] 
69.580: Total time for which application threads were stopped: 0.0051080 seconds, Stopping threads took: 0.0001720 seconds
69.624: Application time: 0.0433070 seconds
69.624: [GC [PSYoungGen: 50020K->6508K(51200K)] 87003K->49191K(167936K), 0.0039380 secs] [Times: user=0.03 sys=0.00, real=0.01 secs] 
69.628: Total time for which application threads were stopped: 0.0041070 seconds, Stopping threads took: 0.0000890 seconds
69.644: Application time: 0.0160110 seconds
69.644: [GC [PSYoungGen: 49989K->6604K(51200K)] 92672K->53562K(167936K), 0.0035190 secs] [Times: user=0.03 sys=0.00, real=0.01 secs] 
69.648: Total time for which application threads were stopped: 0.0036880 seconds, Stopping threads took: 0.0000850 seconds
69.661: Application time: 0.0133700 seconds
69.661: [GC [PSYoungGen: 50087K->6604K(51200K)] 97045K->55700K(167936K), 0.0028980 secs] [Times: user=0.02 sys=0.00, real=0.00 secs] 
69.664: Total time for which application threads were stopped: 0.0030590 seconds, Stopping threads took: 0.0000830 seconds
69.770: Application time: 0.1059450 seconds
69.770: [GC [PSYoungGen: 50131K->6572K(51200K)] 99227K->65643K(167936K), 0.0050580 secs] [Times: user=0.03 sys=0.01, real=0.00 secs] 
69.775: Total time for which application threads were stopped: 0.0052130 seconds, Stopping threads took: 0.0000660 seconds
69.791: Application time: 0.0158360 seconds
69.791: [GC [PSYoungGen: 50052K->6604K(51200K)] 109123K->68525K(167936K), 0.0032050 secs] [Times: user=0.01 sys=0.00, real=0.00 secs] 
69.794: Total time for which application threads were stopped: 0.0033860 seconds, Stopping threads took: 0.0001010 seconds
69.813: Application time: 0.0183660 seconds
69.813: [GC [PSYoungGen: 50094K->6636K(51200K)] 112015K->71408K(167936K), 0.0032010 secs] [Times: user=0.02 sys=0.00, real=0.00 secs] 
69.816: Total time for which application threads were stopped: 0.0033650 seconds, Stopping threads took: 0.0000830 seconds
69.863: Application time: 0.0464150 seconds
69.863: [GC [PSYoungGen: 50128K->6636K(51200K)] 114900K->79958K(167936K), 0.0045540 secs] [Times: user=0.03 sys=0.00, real=0.01 secs] 
69.867: Total time for which application threads were stopped: 0.0047150 seconds, Stopping threads took: 0.0000810 seconds
70.079: Application time: 0.2119180 seconds
70.079: [GC [PSYoungGen: 50130K->6668K(51200K)] 123452K->90677K(167936K), 0.0051290 secs] [Times: user=0.04 sys=0.00, real=0.00 secs] 
70.084: Total time for which application threads were stopped: 0.0052920 seconds, Stopping threads took: 0.0000710 seconds
70.279: Application time: 0.1943980 seconds
70.279: [GC [PSYoungGen: 50148K->6700K(51200K)] 134157K->99972K(167936K), 0.0048030 secs] [Times: user=0.03 sys=0.00, real=0.00 secs] 
70.284: Total time for which application threads were stopped: 0.0049430 seconds, Stopping threads took: 0.0000570 seconds
70.497: Application time: 0.2129340 seconds
70.497: [GC [PSYoungGen: 50205K->6700K(51200K)] 143477K->111372K(167936K), 0.0052800 secs] [Times: user=0.04 sys=0.00, real=0.01 secs] 
70.502: [Full GC [PSYoungGen: 6700K->0K(51200K)] [ParOldGen: 104672K->29144K(116736K)] 111372K->29144K(167936K) [PSPermGen: 6086K->6086K(21504K)], 0.0112810 secs] [Times: user=0.06 sys=0.00, real=0.01 secs] 
70.514: Total time for which application threads were stopped: 0.0167720 seconds, Stopping threads took: 0.0000760 seconds
70.704: Application time: 0.1902490 seconds
70.704: [GC [PSYoungGen: 43485K->7157K(51200K)] 72630K->45580K(167936K), 0.0050270 secs] [Times: user=0.04 sys=0.00, real=0.01 secs] 
70.709: Total time for which application threads were stopped: 0.0051870 seconds, Stopping threads took: 0.0000630 seconds
70.912: Application time: 0.2031620 seconds
70.912: [GC [PSYoungGen: 50662K->6572K(51200K)] 89085K->55683K(167936K), 0.0050610 secs] [Times: user=0.04 sys=0.00, real=0.00 secs] 
70.917: Total time for which application threads were stopped: 0.0052110 seconds, Stopping threads took: 0.0000660 seconds
71.095: Application time: 0.1778140 seconds
71.095: [GC [PSYoungGen: 50061K->6572K(51200K)] 99172K->65659K(167936K), 0.0049200 secs] [Times: user=0.04 sys=0.00, real=0.01 secs] 
71.100: Total time for which application threads were stopped: 0.0050660 seconds, Stopping threads took: 0.0000650 seconds
71.275: Application time: 0.1744920 seconds
71.275: [GC [PSYoungGen: 50053K->6636K(51200K)] 109139K->74986K(167936K), 0.0047460 secs] [Times: user=0.04 sys=0.00, real=0.01 secs] 
71.280: Total time for which application threads were stopped: 0.0049230 seconds, Stopping threads took: 0.0000810 seconds
71.438: Application time: 0.1587240 seconds
71.438: [GC [PSYoungGen: 50143K->6668K(51200K)] 118493K->87131K(167936K), 0.0055770 secs] [Times: user=0.04 sys=0.00, real=0.00 secs] 
71.444: Total time for which application threads were stopped: 0.0057240 seconds, Stopping threads took: 0.0000650 seconds
71.617: Application time: 0.1726140 seconds
71.617: [GC [PSYoungGen: 50150K->6668K(51200K)] 130612K->96394K(167936K), 0.0046930 secs] [Times: user=0.04 sys=0.00, real=0.01 secs] 
71.622: Total time for which application threads were stopped: 0.0048380 seconds, Stopping threads took: 0.0000650 seconds
71.770: Application time: 0.1481190 seconds
71.770: [GC [PSYoungGen: 50168K->6669K(51200K)] 139894K->107083K(167936K), 0.0051860 secs] [Times: user=0.04 sys=0.00, real=0.00 secs] 
71.775: [Full GC [PSYoungGen: 6669K->0K(51200K)] [ParOldGen: 100414K->26295K(116736K)] 107083K->26295K(167936K) [PSPermGen: 6086K->6086K(21504K)], 0.0107120 secs] [Times: user=0.06 sys=0.00, real=0.02 secs] 
71.786: Total time for which application threads were stopped: 0.0161110 seconds, Stopping threads took: 0.0000730 seconds
71.944: Application time: 0.1585300 seconds
71.944: [GC [PSYoungGen: 43500K->6573K(51200K)] 69795K->42844K(167936K), 0.0049180 secs] [Times: user=0.04 sys=0.00, real=0.01 secs] 
71.949: Total time for which application threads were stopped: 0.0050810 seconds, Stopping threads took: 0.0000680 seconds
72.108: Application time: 0.1590930 seconds
72.109: [GC [PSYoungGen: 50065K->6573K(51200K)] 86336K->52821K(167936K), 0.0048910 secs] [Times: user=0.04 sys=0.00, real=0.00 secs] 
72.114: Total time for which application threads were stopped: 0.0050670 seconds, Stopping threads took: 0.0000940 seconds
72.268: Application time: 0.1546060 seconds
72.268: [GC [PSYoungGen: 50056K->6573K(51200K)] 96304K->62084K(167936K), 0.0047250 secs] [Times: user=0.03 sys=0.00, real=0.00 secs] 
72.273: Total time for which application threads were stopped: 0.0048800 seconds, Stopping threads took: 0.0000760 seconds
72.411: Application time: 0.1384520 seconds
72.412: [GC [PSYoungGen: 50082K->6637K(51200K)] 105594K->72837K(167936K), 0.0051770 secs] [Times: user=0.04 sys=0.00, real=0.00 secs] 
72.417: Total time for which application threads were stopped: 0.0053350 seconds, Stopping threads took: 0.0000750 seconds
72.583: Application time: 0.1657180 seconds
72.583: [GC [PSYoungGen: 50120K->6669K(51200K)] 116320K->82132K(167936K), 0.0047830 secs] [Times: user=0.04 sys=0.00, real=0.01 secs] 
72.588: Total time for which application threads were stopped: 0.0049440 seconds, Stopping threads took: 0.0000720 seconds
72.742: Application time: 0.1541620 seconds
72.742: [GC [PSYoungGen: 50160K->6669K(51200K)] 125623K->92108K(167936K), 0.0050420 secs] [Times: user=0.04 sys=0.00, real=0.01 secs] 
72.747: Total time for which application threads were stopped: 0.0052090 seconds, Stopping threads took: 0.0000880 seconds
72.784: Application time: 0.0375290 seconds
72.785: [GC [PSYoungGen: 50184K->6701K(51200K)] 135624K->99266K(167936K), 0.0043270 secs] [Times: user=0.03 sys=0.00, real=0.01 secs] 
72.789: Total time for which application threads were stopped: 0.0044920 seconds, Stopping threads took: 0.0000820 seconds
72.806: Application time: 0.0173890 seconds
72.806: [GC [PSYoungGen: 50176K->6669K(51200K)] 142742K->99234K(167936K), 0.0023630 secs] [Times: user=0.02 sys=0.00, real=0.00 secs] 
72.809: Total time for which application threads were stopped: 0.0025260 seconds, Stopping threads took: 0.0000850 seconds
72.822: Application time: 0.0129630 seconds
72.822: [GC [PSYoungGen: 50151K->6669K(51200K)] 142717K->101372K(167936K), 0.0029760 secs] [Times: user=0.02 sys=0.00, real=0.00 secs] 
72.825: Total time for which application threads were stopped: 0.0031360 seconds, Stopping threads took: 0.0000800 seconds
72.927: Application time: 0.1022890 seconds
72.927: [GC [PSYoungGen: 50200K->6700K(51200K)] 144903K->112092K(167936K), 0.0051240 secs] [Times: user=0.03 sys=0.00, real=0.00 secs] 
72.932: [Full GC [PSYoungGen: 6700K->0K(51200K)] [ParOldGen: 105391K->28644K(116736K)] 112092K->28644K(167936K) [PSPermGen: 6086K->6086K(21504K)], 0.0108240 secs] [Times: user=0.07 sys=0.00, real=0.01 secs] 
72.943: Total time for which application threads were stopped: 0.0161410 seconds, Stopping threads took: 0.0000600 seconds
72.961: Application time: 0.0173660 seconds
72.961: [GC [PSYoungGen: 43476K->6573K(51200K)] 72120K->35217K(167936K), 0.0022100 secs] [Times: user=0.01 sys=0.00, real=0.00 secs] 
72.963: Total time for which application threads were stopped: 0.0023710 seconds, Stopping threads took: 0.0000900 seconds
72.982: Application time: 0.0191960 seconds
72.982: [GC [PSYoungGen: 50052K->5860K(51200K)] 78696K->34505K(167936K), 0.0020990 secs] [Times: user=0.02 sys=0.00, real=0.00 secs] 
72.985: Total time for which application threads were stopped: 0.0022590 seconds, Stopping threads took: 0.0000790 seconds
73.006: Application time: 0.0216910 seconds
73.006: [GC [PSYoungGen: 49891K->6540K(51200K)] 78535K->37322K(167936K), 0.0026050 secs] [Times: user=0.02 sys=0.00, real=0.00 secs] 
73.009: Total time for which application threads were stopped: 0.0027480 seconds, Stopping threads took: 0.0000670 seconds
73.031: Application time: 0.0220310 seconds
73.031: [GC [PSYoungGen: 50228K->6540K(51200K)] 81011K->46586K(167936K), 0.0048460 secs] [Times: user=0.03 sys=0.00, real=0.00 secs] 
73.036: Total time for which application threads were stopped: 0.0050100 seconds, Stopping threads took: 0.0000830 seconds
73.053: Application time: 0.0172490 seconds
73.053: [GC [PSYoungGen: 50016K->5860K(51200K)] 90061K->45905K(167936K), 0.0021410 secs] [Times: user=0.01 sys=0.00, real=0.00 secs] 
73.056: Total time for which application threads were stopped: 0.0022940 seconds, Stopping threads took: 0.0000800 seconds
73.068: Application time: 0.0125100 seconds
73.068: [GC [PSYoungGen: 49343K->6508K(51200K)] 89388K->49404K(167936K), 0.0031600 secs] [Times: user=0.03 sys=0.00, real=0.00 secs] 
73.071: Total time for which application threads were stopped: 0.0033320 seconds, Stopping threads took: 0.0000930 seconds
73.219: Application time: 0.1477110 seconds
73.219: [GC [PSYoungGen: 49998K->7157K(51200K)] 92893K->59355K(167936K), 0.0048980 secs] [Times: user=0.03 sys=0.00, real=0.00 secs] 
73.224: Total time for which application threads were stopped: 0.0050530 seconds, Stopping threads took: 0.0000640 seconds
73.328: Application time: 0.1036630 seconds
73.328: [GC [PSYoungGen: 50672K->6604K(51200K)] 102870K->69491K(167936K), 0.0053590 secs] [Times: user=0.04 sys=0.00, real=0.00 secs] 
73.333: Total time for which application threads were stopped: 0.0055300 seconds, Stopping threads took: 0.0000860 seconds
73.350: Application time: 0.0164810 seconds
73.350: [GC [PSYoungGen: 50090K->6604K(51200K)] 112977K->72341K(167936K), 0.0029690 secs] [Times: user=0.02 sys=0.00, real=0.00 secs] 
73.353: Total time for which application threads were stopped: 0.0031230 seconds, Stopping threads took: 0.0000780 seconds
73.370: Application time: 0.0168960 seconds
73.370: [GC [PSYoungGen: 50120K->6604K(51200K)] 115857K->75904K(167936K), 0.0032820 secs] [Times: user=0.03 sys=0.00, real=0.00 secs] 
73.373: Total time for which application threads were stopped: 0.0034800 seconds, Stopping threads took: 0.0001210 seconds
73.383: Application time: 0.0100550 seconds
73.384: [GC [PSYoungGen: 50079K->6668K(51200K)] 119379K->80243K(167936K), 0.0035330 secs] [Times: user=0.02 sys=0.00, real=0.01 secs] 
73.387: Total time for which application threads were stopped: 0.0037620 seconds, Stopping threads took: 0.0001500 seconds
73.402: Application time: 0.0149190 seconds
73.402: [GC [PSYoungGen: 50157K->6604K(51200K)] 123731K->84454K(167936K), 0.0035950 secs] [Times: user=0.03 sys=0.00, real=0.01 secs] 
73.406: Total time for which application threads were stopped: 0.0037570 seconds, Stopping threads took: 0.0000780 seconds
73.425: Application time: 0.0195240 seconds
73.426: [GC [PSYoungGen: 50092K->6668K(51200K)] 127942K->85943K(167936K), 0.0027880 secs] [Times: user=0.02 sys=0.00, real=0.01 secs] 
73.428: Total time for which application threads were stopped: 0.0029520 seconds, Stopping threads took: 0.0000870 seconds
73.478: Application time: 0.0491500 seconds
73.478: [GC [PSYoungGen: 50160K->6620K(51200K)] 129435K->94446K(167936K), 0.0045290 secs] [Times: user=0.03 sys=0.01, real=0.01 secs] 
73.482: Total time for which application threads were stopped: 0.0046830 seconds, Stopping threads took: 0.0000740 seconds
73.512: Application time: 0.0301320 seconds
73.512: [GC [PSYoungGen: 50126K->6636K(51200K)] 137952K->96599K(167936K), 0.0030080 secs] [Times: user=0.02 sys=0.00, real=0.00 secs] 
73.516: Total time for which application threads were stopped: 0.0031780 seconds, Stopping threads took: 0.0000920 seconds
73.533: Application time: 0.0175290 seconds
73.533: [GC [PSYoungGen: 50117K->6636K(51200K)] 140080K->99449K(167936K), 0.0031080 secs] [Times: user=0.02 sys=0.00, real=0.00 secs] 
73.536: Total time for which application threads were stopped: 0.0032680 seconds, Stopping threads took: 0.0000810 seconds
73.548: Application time: 0.0114010 seconds
73.548: [GC [PSYoungGen: 50120K->6620K(51200K)] 142933K->102996K(167936K), 0.0034530 secs] [Times: user=0.03 sys=0.00, real=0.00 secs] 
73.551: Total time for which application threads were stopped: 0.0036160 seconds, Stopping threads took: 0.0000820 seconds
73.665: Application time: 0.1132230 seconds
73.665: [GC [PSYoungGen: 50144K->6668K(51200K)] 146519K->113740K(167936K), 0.0054060 secs] [Times: user=0.04 sys=0.00, real=0.01 secs] 
73.670: [Full GC [PSYoungGen: 6668K->0K(51200K)] [ParOldGen: 107071K->25582K(116736K)] 113740K->25582K(167936K) [PSPermGen: 6086K->6086K(21504K)], 0.0104450 secs] [Times: user=0.05 sys=0.00, real=0.01 secs] 
73.681: Total time for which application threads were stopped: 0.0160760 seconds, Stopping threads took: 0.0000890 seconds
73.698: Application time: 0.0175060 seconds
73.698: [GC [PSYoungGen: 43482K->3722K(51200K)] 69065K->29305K(167936K), 0.0012750 secs] [Times: user=0.01 sys=0.00, real=0.00 secs] 
73.700: Total time for which application threads were stopped: 0.0014130 seconds, Stopping threads took: 0.0000730 seconds
73.717: Application time: 0.0172790 seconds
73.717: [GC [PSYoungGen: 47206K->6572K(51200K)] 72789K->32868K(167936K), 0.0023250 secs] [Times: user=0.01 sys=0.00, real=0.01 secs] 
73.720: Total time for which application threads were stopped: 0.0026460 seconds, Stopping threads took: 0.0002440 seconds
73.799: Application time: 0.0792660 seconds
73.799: [GC [PSYoungGen: 50065K->7157K(51200K)] 76360K->42715K(167936K), 0.0048570 secs] [Times: user=0.03 sys=0.00, real=0.00 secs] 
73.804: Total time for which application threads were stopped: 0.0050130 seconds, Stopping threads took: 0.0000690 seconds
73.972: Application time: 0.1683690 seconds
73.972: [GC [PSYoungGen: 50480K->6556K(51200K)] 86039K->50665K(167936K), 0.0045280 secs] [Times: user=0.03 sys=0.00, real=0.00 secs] 
73.977: Total time for which application threads were stopped: 0.0046800 seconds, Stopping threads took: 0.0000720 seconds
74.000: Application time: 0.0232220 seconds
74.000: [GC [PSYoungGen: 50236K->6636K(51200K)] 94344K->55732K(167936K), 0.0037520 secs] [Times: user=0.03 sys=0.00, real=0.00 secs] 
74.004: Total time for which application threads were stopped: 0.0039140 seconds, Stopping threads took: 0.0000790 seconds
74.023: Application time: 0.0190060 seconds
74.023: [GC [PSYoungGen: 50115K->6604K(51200K)] 99211K->55700K(167936K), 0.0023400 secs] [Times: user=0.02 sys=0.00, real=0.00 secs] 
74.025: Total time for which application threads were stopped: 0.0024940 seconds, Stopping threads took: 0.0000820 seconds
74.039: Application time: 0.0137440 seconds
74.039: [GC [PSYoungGen: 50098K->6604K(51200K)] 99194K->57838K(167936K), 0.0027190 secs] [Times: user=0.01 sys=0.01, real=0.00 secs] 
74.042: Total time for which application threads were stopped: 0.0028750 seconds, Stopping threads took: 0.0000790 seconds
74.211: Application time: 0.1689520 seconds
74.211: [GC [PSYoungGen: 50092K->6604K(51200K)] 101326K->69238K(167936K), 0.0052990 secs] [Times: user=0.04 sys=0.00, real=0.00 secs] 
74.217: Total time for which application threads were stopped: 0.0054420 seconds, Stopping threads took: 0.0000610 seconds
74.443: Application time: 0.2262640 seconds
74.443: [GC [PSYoungGen: 50098K->6700K(51200K)] 112732K->79309K(167936K), 0.0049520 secs] [Times: user=0.03 sys=0.00, real=0.01 secs] 
74.448: Total time for which application threads were stopped: 0.0051030 seconds, Stopping threads took: 0.0000560 seconds
74.642: Application time: 0.1945980 seconds
74.643: [GC [PSYoungGen: 50188K->6700K(51200K)] 122797K->89285K(167936K), 0.0049480 secs] [Times: user=0.03 sys=0.00, real=0.01 secs] 
74.648: Total time for which application threads were stopped: 0.0050930 seconds, Stopping threads took: 0.0000640 seconds
74.872: Application time: 0.2241410 seconds
74.872: [GC [PSYoungGen: 50188K->6700K(51200K)] 132773K->100685K(167936K), 0.0053440 secs] [Times: user=0.04 sys=0.00, real=0.00 secs] 
74.877: Total time for which application threads were stopped: 0.0054930 seconds, Stopping threads took: 0.0000660 seconds
75.051: Application time: 0.1734810 seconds
75.051: [GC [PSYoungGen: 50197K->6700K(51200K)] 144182K->110660K(167936K), 0.0049150 secs] [Times: user=0.03 sys=0.00, real=0.00 secs] 
75.056: [Full GC [PSYoungGen: 6700K->0K(51200K)] [ParOldGen: 103959K->26294K(116736K)] 110660K->26294K(167936K) [PSPermGen: 6086K->6086K(21504K)], 0.0105230 secs] [Times: user=0.06 sys=0.00, real=0.02 secs] 
75.066: Total time for which application threads were stopped: 0.0156420 seconds, Stopping threads took: 0.0000630 seconds
75.233: Application time: 0.1671230 seconds
75.234: [GC [PSYoungGen: 43496K->6604K(51200K)] 69791K->43587K(167936K), 0.0050890 secs] [Times: user=0.04 sys=0.01, real=0.01 secs] 
75.239: Total time for which application threads were stopped: 0.0052430 seconds, Stopping threads took: 0.0000730 seconds
75.432: Application time: 0.1929990 seconds
75.432: [GC [PSYoungGen: 50093K->6572K(51200K)] 87076K->52818K(167936K), 0.0046260 secs] [Times: user=0.03 sys=0.00, real=0.00 secs] 
75.436: Total time for which application threads were stopped: 0.0047640 seconds, Stopping threads took: 0.0000570 seconds
75.594: Application time: 0.1580000 seconds
75.595: [GC [PSYoungGen: 50071K->6636K(51200K)] 96316K->63570K(167936K), 0.0050520 secs] [Times: user=0.03 sys=0.00, real=0.01 secs] 
75.600: Total time for which application threads were stopped: 0.0052220 seconds, Stopping threads took: 0.0000840 seconds
75.761: Application time: 0.1614610 seconds
75.761: [GC [PSYoungGen: 50127K->6669K(51200K)] 107060K->73578K(167936K), 0.0049220 secs] [Times: user=0.04 sys=0.00, real=0.01 secs] 
75.766: Total time for which application threads were stopped: 0.0051120 seconds, Stopping threads took: 0.0001060 seconds
75.937: Application time: 0.1711850 seconds
75.938: [GC [PSYoungGen: 50160K->6669K(51200K)] 117069K->82841K(167936K), 0.0047440 secs] [Times: user=0.04 sys=0.00, real=0.01 secs] 
75.942: Total time for which application threads were stopped: 0.0048890 seconds, Stopping threads took: 0.0000650 seconds
76.081: Application time: 0.1390270 seconds
76.081: [GC [PSYoungGen: 50177K->6669K(51200K)] 126350K->92817K(167936K), 0.0049320 secs] [Times: user=0.04 sys=0.00, real=0.01 secs] 
76.086: Total time for which application threads were stopped: 0.0050830 seconds, Stopping threads took: 0.0000690 seconds
76.250: Application time: 0.1639440 seconds
76.251: [GC [PSYoungGen: 50152K->6669K(51200K)] 136301K->102793K(167936K), 0.0050150 secs] [Times: user=0.03 sys=0.00, real=0.00 secs] 
76.256: Total time for which application threads were stopped: 0.0051810 seconds, Stopping threads took: 0.0000740 seconds
76.419: Application time: 0.1638860 seconds
76.420: [GC [PSYoungGen: 50152K->6669K(51200K)] 146277K->112057K(167936K), 0.0047490 secs] [Times: user=0.03 sys=0.00, real=0.00 secs] 
76.424: [Full GC [PSYoungGen: 6669K->0K(51200K)] [ParOldGen: 105388K->27009K(116736K)] 112057K->27009K(167936K) [PSPermGen: 6086K->6086K(21504K)], 0.0106620 secs] [Times: user=0.06 sys=0.00, real=0.01 secs] 
76.435: Total time for which application threads were stopped: 0.0156070 seconds, Stopping threads took: 0.0000640 seconds
76.575: Application time: 0.1403600 seconds
76.576: [GC [PSYoungGen: 43508K->6541K(51200K)] 70518K->44952K(167936K), 0.0053200 secs] [Times: user=0.04 sys=0.00, real=0.01 secs] 
76.581: Total time for which application threads were stopped: 0.0059130 seconds, Stopping threads took: 0.0005060 seconds
76.729: Application time: 0.1480490 seconds
76.730: [GC [PSYoungGen: 50032K->6605K(51200K)] 88443K->54992K(167936K), 0.0048710 secs] [Times: user=0.04 sys=0.00, real=0.00 secs] 
76.734: Total time for which application threads were stopped: 0.0050350 seconds, Stopping threads took: 0.0000820 seconds
76.889: Application time: 0.1546590 seconds
76.889: [GC [PSYoungGen: 50120K->6605K(51200K)] 98507K->63542K(167936K), 0.0044300 secs] [Times: user=0.03 sys=0.00, real=0.00 secs] 
76.894: Total time for which application threads were stopped: 0.0045870 seconds, Stopping threads took: 0.0000650 seconds
76.911: Application time: 0.0177510 seconds
76.912: [GC [PSYoungGen: 50046K->6685K(51200K)] 106984K->66472K(167936K), 0.0031160 secs] [Times: user=0.02 sys=0.00, real=0.00 secs] 
76.915: Total time for which application threads were stopped: 0.0033000 seconds, Stopping threads took: 0.0001080 seconds
76.926: Application time: 0.0116370 seconds
76.927: [GC [PSYoungGen: 50230K->6669K(51200K)] 110018K->69307K(167936K), 0.0030570 secs] [Times: user=0.03 sys=0.00, real=0.00 secs] 
76.930: Total time for which application threads were stopped: 0.0034940 seconds, Stopping threads took: 0.0003590 seconds
76.942: Application time: 0.0118820 seconds
76.942: [GC [PSYoungGen: 50148K->6669K(51200K)] 112786K->71444K(167936K), 0.0028930 secs] [Times: user=0.02 sys=0.01, real=0.00 secs] 
76.945: Total time for which application threads were stopped: 0.0030560 seconds, Stopping threads took: 0.0000860 seconds
76.955: Application time: 0.0099180 seconds
76.955: [GC [PSYoungGen: 50153K->6669K(51200K)] 114929K->75007K(167936K), 0.0032730 secs] [Times: user=0.02 sys=0.00, real=0.01 secs] 
76.958: Total time for which application threads were stopped: 0.0034340 seconds, Stopping threads took: 0.0000820 seconds
76.972: Application time: 0.0135390 seconds
76.972: [GC [PSYoungGen: 50156K->6669K(51200K)] 118495K->76432K(167936K), 0.0027770 secs] [Times: user=0.02 sys=0.00, real=0.00 secs] 
76.975: Total time for which application threads were stopped: 0.0029410 seconds, Stopping threads took: 0.0000860 seconds
76.988: Application time: 0.0134210 seconds
76.988: [GC [PSYoungGen: 50149K->5211K(51200K)] 119912K->74975K(167936K), 0.0020030 secs] [Times: user=0.02 sys=0.00, real=0.00 secs] 
76.990: Total time for which application threads were stopped: 0.0021550 seconds, Stopping threads took: 0.0000830 seconds
77.066: Application time: 0.0756030 seconds
77.066: [GC [PSYoungGen: 48735K->6700K(51200K)] 118499K->87865K(167936K), 0.0055110 secs] [Times: user=0.04 sys=0.00, real=0.00 secs] 
77.072: Total time for which application threads were stopped: 0.0056720 seconds, Stopping threads took: 0.0000770 seconds
77.087: Application time: 0.0155240 seconds
77.087: [GC [PSYoungGen: 50187K->6636K(51200K)] 131351K->89939K(167936K), 0.0029570 secs] [Times: user=0.02 sys=0.00, real=0.00 secs] 
77.090: Total time for which application threads were stopped: 0.0031080 seconds, Stopping threads took: 0.0000720 seconds
77.106: Application time: 0.0163030 seconds
77.107: [GC [PSYoungGen: 50119K->6669K(51200K)] 133421K->92821K(167936K), 0.0032130 secs] [Times: user=0.02 sys=0.00, real=0.00 secs] 
77.110: Total time for which application threads were stopped: 0.0033680 seconds, Stopping threads took: 0.0000760 seconds
77.190: Application time: 0.0800760 seconds
77.190: [GC [PSYoungGen: 50168K->6732K(51200K)] 136320K->102148K(167936K), 0.0047600 secs] [Times: user=0.04 sys=0.00, real=0.00 secs] 
77.195: Total time for which application threads were stopped: 0.0049070 seconds, Stopping threads took: 0.0000710 seconds
77.349: Application time: 0.1544150 seconds
77.349: [GC [PSYoungGen: 50213K->6764K(51200K)] 145629K->112155K(167936K), 0.0050170 secs] [Times: user=0.04 sys=0.00, real=0.00 secs] 
77.354: [Full GC [PSYoungGen: 6764K->0K(51200K)] [ParOldGen: 105391K->30656K(116736K)] 112155K->30656K(167936K) [PSPermGen: 6086K->6086K(21504K)], 0.0105450 secs] [Times: user=0.06 sys=0.00, real=0.01 secs] 
77.365: Total time for which application threads were stopped: 0.0157690 seconds, Stopping threads took: 0.0000720 seconds
77.466: Application time: 0.1007390 seconds
77.466: [GC [PSYoungGen: 43515K->7157K(51200K)] 74171K->47076K(167936K), 0.0050500 secs] [Times: user=0.03 sys=0.00, real=0.00 secs] 
77.471: Total time for which application threads were stopped: 0.0052330 seconds, Stopping threads took: 0.0000920 seconds
77.487: Application time: 0.0155700 seconds
77.487: [GC [PSYoungGen: 50641K->7157K(51200K)] 90561K->49270K(167936K), 0.0031640 secs] [Times: user=0.02 sys=0.00, real=0.00 secs] 
77.490: Total time for which application threads were stopped: 0.0033250 seconds, Stopping threads took: 0.0000810 seconds
77.506: Application time: 0.0161410 seconds
77.506: [GC [PSYoungGen: 50638K->7157K(51200K)] 92752K->49310K(167936K), 0.0025210 secs] [Times: user=0.02 sys=0.00, real=0.00 secs] 
77.509: Total time for which application threads were stopped: 0.0026790 seconds, Stopping threads took: 0.0000790 seconds
77.557: Application time: 0.0487080 seconds
77.558: [GC [PSYoungGen: 50679K->6572K(51200K)] 92832K->55851K(167936K), 0.0042470 secs] [Times: user=0.03 sys=0.00, real=0.00 secs] 
77.562: Total time for which application threads were stopped: 0.0049940 seconds, Stopping threads took: 0.0006610 seconds
77.578: Application time: 0.0153440 seconds
77.578: [GC [PSYoungGen: 50083K->6636K(51200K)] 99361K->58052K(167936K), 0.0027480 secs] [Times: user=0.02 sys=0.00, real=0.00 secs] 
77.581: Total time for which application threads were stopped: 0.0032240 seconds, Stopping threads took: 0.0003920 seconds
77.594: Application time: 0.0130460 seconds
77.595: [GC [PSYoungGen: 50118K->6604K(51200K)] 101534K->61583K(167936K), 0.0033280 secs] [Times: user=0.03 sys=0.00, real=0.01 secs] 
77.598: Total time for which application threads were stopped: 0.0039880 seconds, Stopping threads took: 0.0005800 seconds
77.609: Application time: 0.0114420 seconds
77.610: [GC [PSYoungGen: 50088K->6572K(51200K)] 105067K->62976K(167936K), 0.0027760 secs] [Times: user=0.02 sys=0.00, real=0.00 secs] 
77.612: Total time for which application threads were stopped: 0.0029350 seconds, Stopping threads took: 0.0000800 seconds
77.622: Application time: 0.0094090 seconds
77.622: [GC [PSYoungGen: 50053K->6604K(51200K)] 106458K->63008K(167936K), 0.0023440 secs] [Times: user=0.01 sys=0.00, real=0.00 secs] 
77.624: Total time for which application threads were stopped: 0.0025720 seconds, Stopping threads took: 0.0001530 seconds
77.640: Application time: 0.0158370 seconds
77.640: [GC [PSYoungGen: 50098K->6620K(51200K)] 106502K->69437K(167936K), 0.0041600 secs] [Times: user=0.03 sys=0.00, real=0.00 secs] 
77.645: Total time for which application threads were stopped: 0.0043290 seconds, Stopping threads took: 0.0000890 seconds
77.716: Application time: 0.0716970 seconds
77.716: [GC [PSYoungGen: 50112K->6636K(51200K)] 112929K->76578K(167936K), 0.0041160 secs] [Times: user=0.03 sys=0.00, real=0.01 secs] 
77.721: Total time for which application threads were stopped: 0.0042650 seconds, Stopping threads took: 0.0000670 seconds
77.769: Application time: 0.0486840 seconds
77.769: [GC [PSYoungGen: 50153K->6668K(51200K)] 120095K->85873K(167936K), 0.0049490 secs] [Times: user=0.04 sys=0.00, real=0.00 secs] 
77.774: Total time for which application threads were stopped: 0.0051410 seconds, Stopping threads took: 0.0001070 seconds
77.791: Application time: 0.0166500 seconds
77.791: [GC [PSYoungGen: 50144K->6668K(51200K)] 129349K->86586K(167936K), 0.0026620 secs] [Times: user=0.02 sys=0.00, real=0.00 secs] 
77.794: Total time for which application threads were stopped: 0.0028290 seconds, Stopping threads took: 0.0000880 seconds
77.807: Application time: 0.0135340 seconds
77.807: [GC [PSYoungGen: 50153K->6604K(51200K)] 130071K->89372K(167936K), 0.0031230 secs] [Times: user=0.02 sys=0.00, real=0.00 secs] 
77.811: Total time for which application threads were stopped: 0.0032730 seconds, Stopping threads took: 0.0000700 seconds
77.954: Application time: 0.1435070 seconds
77.954: [GC [PSYoungGen: 50093K->6668K(51200K)] 132860K->100124K(167936K), 0.0051770 secs] [Times: user=0.04 sys=0.00, real=0.01 secs] 
77.959: Total time for which application threads were stopped: 0.0053210 seconds, Stopping threads took: 0.0000590 seconds
78.080: Application time: 0.1200850 seconds
78.080: [GC [PSYoungGen: 50195K->6700K(51200K)] 143651K->110843K(167936K), 0.0053860 secs] [Times: user=0.04 sys=0.00, real=0.00 secs] 
78.085: [Full GC [PSYoungGen: 6700K->0K(51200K)] [ParOldGen: 104143K->25583K(116736K)] 110843K->25583K(167936K) [PSPermGen: 6086K->6086K(21504K)], 0.0103580 secs] [Times: user=0.05 sys=0.00, real=0.01 secs] 
78.096: Total time for which application threads were stopped: 0.0159720 seconds, Stopping threads took: 0.0000840 seconds
78.114: Application time: 0.0183700 seconds
78.114: [GC [PSYoungGen: 43482K->1521K(51200K)] 69065K->27104K(167936K), 0.0005740 secs] [Times: user=0.00 sys=0.00, real=0.00 secs] 
78.115: Total time for which application threads were stopped: 0.0006970 seconds, Stopping threads took: 0.0000680 seconds
78.131: Application time: 0.0163870 seconds
78.131: [GC [PSYoungGen: 45005K->6572K(51200K)] 70588K->32156K(167936K), 0.0022600 secs] [Times: user=0.02 sys=0.00, real=0.00 secs] 
78.133: Total time for which application threads were stopped: 0.0024030 seconds, Stopping threads took: 0.0000700 seconds
78.215: Application time: 0.0817130 seconds
78.215: [GC [PSYoungGen: 50071K->7157K(51200K)] 75655K->42019K(167936K), 0.0048440 secs] [Times: user=0.03 sys=0.00, real=0.01 secs] 
78.220: Total time for which application threads were stopped: 0.0049910 seconds, Stopping threads took: 0.0000660 seconds
78.404: Application time: 0.1843670 seconds
78.405: [GC [PSYoungGen: 50636K->7157K(51200K)] 85499K->50577K(167936K), 0.0046900 secs] [Times: user=0.03 sys=0.00, real=0.01 secs] 
78.409: Total time for which application threads were stopped: 0.0048380 seconds, Stopping threads took: 0.0000690 seconds
78.605: Application time: 0.1955220 seconds
78.605: [GC [PSYoungGen: 50657K->6572K(51200K)] 94078K->60680K(167936K), 0.0050730 secs] [Times: user=0.04 sys=0.00, real=0.01 secs] 
78.610: Total time for which application threads were stopped: 0.0052260 seconds, Stopping threads took: 0.0000560 seconds
78.800: Application time: 0.1900460 seconds
78.800: [GC [PSYoungGen: 50058K->6636K(51200K)] 104166K->70719K(167936K), 0.0048930 secs] [Times: user=0.04 sys=0.00, real=0.00 secs] 
78.805: Total time for which application threads were stopped: 0.0050340 seconds, Stopping threads took: 0.0000570 seconds
79.013: Application time: 0.2079040 seconds
79.013: [GC [PSYoungGen: 50124K->6636K(51200K)] 114208K->79982K(167936K), 0.0046510 secs] [Times: user=0.03 sys=0.00, real=0.01 secs] 
79.018: Total time for which application threads were stopped: 0.0047990 seconds, Stopping threads took: 0.0000690 seconds
79.189: Application time: 0.1707460 seconds
79.189: [GC [PSYoungGen: 50142K->6668K(51200K)] 123488K->91415K(167936K), 0.0052900 secs] [Times: user=0.04 sys=0.00, real=0.00 secs] 
79.194: Total time for which application threads were stopped: 0.0054490 seconds, Stopping threads took: 0.0000670 seconds
79.375: Application time: 0.1811530 seconds
79.375: [GC [PSYoungGen: 50148K->6668K(51200K)] 134895K->100678K(167936K), 0.0047320 secs] [Times: user=0.03 sys=0.00, real=0.01 secs] 
79.380: Total time for which application threads were stopped: 0.0048810 seconds, Stopping threads took: 0.0000660 seconds
79.580: Application time: 0.1997350 seconds
79.580: [GC [PSYoungGen: 50158K->6668K(51200K)] 144167K->110653K(167936K), 0.0048650 secs] [Times: user=0.03 sys=0.00, real=0.00 secs] 
79.585: [Full GC [PSYoungGen: 6668K->0K(51200K)] [ParOldGen: 103984K->27721K(116736K)] 110653K->27721K(167936K) [PSPermGen: 6086K->6086K(21504K)], 0.0109420 secs] [Times: user=0.06 sys=0.00, real=0.01 secs] 
79.596: Total time for which application threads were stopped: 0.0159980 seconds, Stopping threads took: 0.0000580 seconds
79.747: Application time: 0.1512420 seconds
79.747: [GC [PSYoungGen: 43498K->6508K(51200K)] 71220K->44918K(167936K), 0.0051260 secs] [Times: user=0.04 sys=0.00, real=0.00 secs] 
79.752: Total time for which application threads were stopped: 0.0052950 seconds, Stopping threads took: 0.0000780 seconds
79.913: Application time: 0.1601940 seconds
79.913: [GC [PSYoungGen: 49999K->6637K(51200K)] 88409K->55022K(167936K), 0.0048790 secs] [Times: user=0.04 sys=0.00, real=0.00 secs] 
79.918: Total time for which application threads were stopped: 0.0050150 seconds, Stopping threads took: 0.0000570 seconds
80.072: Application time: 0.1547450 seconds
80.072: [GC [PSYoungGen: 50151K->6669K(51200K)] 98537K->64317K(167936K), 0.0046970 secs] [Times: user=0.03 sys=0.00, real=0.00 secs] 
80.077: Total time for which application threads were stopped: 0.0048480 seconds, Stopping threads took: 0.0000660 seconds
80.233: Application time: 0.1556130 seconds
80.233: [GC [PSYoungGen: 50152K->6669K(51200K)] 107800K->75006K(167936K), 0.0051970 secs] [Times: user=0.03 sys=0.01, real=0.01 secs] 
80.238: Total time for which application threads were stopped: 0.0053470 seconds, Stopping threads took: 0.0000660 seconds
80.397: Application time: 0.1592980 seconds
80.398: [GC [PSYoungGen: 50152K->6669K(51200K)] 118489K->84270K(167936K), 0.0047590 secs] [Times: user=0.04 sys=0.00, real=0.01 secs] 
80.402: Total time for which application threads were stopped: 0.0049230 seconds, Stopping threads took: 0.0000710 seconds
80.554: Application time: 0.1521260 seconds
80.555: [GC [PSYoungGen: 50161K->6669K(51200K)] 127762K->93533K(167936K), 0.0047800 secs] [Times: user=0.03 sys=0.01, real=0.01 secs] 
80.559: Total time for which application threads were stopped: 0.0049180 seconds, Stopping threads took: 0.0000570 seconds
80.706: Application time: 0.1467440 seconds
80.706: [GC [PSYoungGen: 50169K->6669K(51200K)] 137033K->104222K(167936K), 0.0051780 secs] [Times: user=0.04 sys=0.00, real=0.00 secs] 
80.711: Total time for which application threads were stopped: 0.0053270 seconds, Stopping threads took: 0.0000690 seconds
80.871: Application time: 0.1597350 seconds
80.871: [GC [PSYoungGen: 50160K->6669K(51200K)] 147713K->114910K(167936K), 0.0051540 secs] [Times: user=0.04 sys=0.00, real=0.00 secs] 
80.877: [Full GC [PSYoungGen: 6669K->0K(51200K)] [ParOldGen: 108241K->30070K(116736K)] 114910K->30070K(167936K) [PSPermGen: 6086K->6086K(21504K)], 0.0111430 secs] [Times: user=0.07 sys=0.00, real=0.02 secs] 
80.888: Total time for which application threads were stopped: 0.0165060 seconds, Stopping threads took: 0.0000740 seconds
81.047: Application time: 0.1591880 seconds
81.047: [GC [PSYoungGen: 43515K->7157K(51200K)] 73585K->45778K(167936K), 0.0046230 secs] [Times: user=0.03 sys=0.00, real=0.00 secs] 
81.052: Total time for which application threads were stopped: 0.0047850 seconds, Stopping threads took: 0.0000700 seconds
81.070: Application time: 0.0178670 seconds
81.070: [GC [PSYoungGen: 50633K->7157K(51200K)] 89254K->49389K(167936K), 0.0035050 secs] [Times: user=0.03 sys=0.00, real=0.00 secs] 
81.073: Total time for which application threads were stopped: 0.0037000 seconds, Stopping threads took: 0.0001150 seconds
81.091: Application time: 0.0172590 seconds
81.091: [GC [PSYoungGen: 51091K->6493K(51200K)] 93323K->50149K(167936K), 0.0027010 secs] [Times: user=0.02 sys=0.00, real=0.00 secs] 
81.093: Total time for which application threads were stopped: 0.0028490 seconds, Stopping threads took: 0.0000720 seconds
81.106: Application time: 0.0123360 seconds
81.106: [GC [PSYoungGen: 50268K->6604K(51200K)] 93924K->53112K(167936K), 0.0031380 secs] [Times: user=0.02 sys=0.00, real=0.00 secs] 
81.109: Total time for which application threads were stopped: 0.0033120 seconds, Stopping threads took: 0.0000950 seconds
81.125: Application time: 0.0161770 seconds
81.125: [GC [PSYoungGen: 50595K->6588K(51200K)] 97102K->54521K(167936K), 0.0027960 secs] [Times: user=0.02 sys=0.00, real=0.01 secs] 
81.128: Total time for which application threads were stopped: 0.0029590 seconds, Stopping threads took: 0.0000840 seconds
81.142: Application time: 0.0141900 seconds
81.143: [GC [PSYoungGen: 50306K->6605K(51200K)] 98238K->57387K(167936K), 0.0031180 secs] [Times: user=0.02 sys=0.00, real=0.01 secs] 
81.146: Total time for which application threads were stopped: 0.0033750 seconds, Stopping threads took: 0.0001740 seconds
81.158: Application time: 0.0122610 seconds
81.158: [GC [PSYoungGen: 50100K->6669K(51200K)] 100882K->60301K(167936K), 0.0031040 secs] [Times: user=0.02 sys=0.00, real=0.00 secs] 
81.161: Total time for which application threads were stopped: 0.0032790 seconds, Stopping threads took: 0.0000990 seconds
81.170: Application time: 0.0090410 seconds
81.170: [GC [PSYoungGen: 50139K->6701K(51200K)] 103772K->60333K(167936K), 0.0023230 secs] [Times: user=0.02 sys=0.00, real=0.00 secs] 
81.173: Total time for which application threads were stopped: 0.0025180 seconds, Stopping threads took: 0.0001190 seconds
81.189: Application time: 0.0160120 seconds
81.189: [GC [PSYoungGen: 50192K->6573K(51200K)] 103825K->65193K(167936K), 0.0037670 secs] [Times: user=0.02 sys=0.00, real=0.00 secs] 
81.193: Total time for which application threads were stopped: 0.0039280 seconds, Stopping threads took: 0.0000820 seconds
81.205: Application time: 0.0118730 seconds
81.205: [GC [PSYoungGen: 50057K->6605K(51200K)] 108677K->68788K(167936K), 0.0034180 secs] [Times: user=0.02 sys=0.00, real=0.01 secs] 
81.208: Total time for which application threads were stopped: 0.0035750 seconds, Stopping threads took: 0.0000740 seconds
81.358: Application time: 0.1496140 seconds
81.358: [GC [PSYoungGen: 50095K->6572K(51200K)] 112278K->79444K(167936K), 0.0051330 secs] [Times: user=0.03 sys=0.00, real=0.00 secs] 
81.363: Total time for which application threads were stopped: 0.0052820 seconds, Stopping threads took: 0.0000690 seconds
81.528: Application time: 0.1652700 seconds
81.529: [GC [PSYoungGen: 50053K->6668K(51200K)] 122925K->88802K(167936K), 0.0047850 secs] [Times: user=0.03 sys=0.00, real=0.00 secs] 
81.533: Total time for which application threads were stopped: 0.0049400 seconds, Stopping threads took: 0.0000720 seconds
81.565: Application time: 0.0320990 seconds
81.566: [GC [PSYoungGen: 50177K->6636K(51200K)] 132311K->92333K(167936K), 0.0034050 secs] [Times: user=0.02 sys=0.00, real=0.01 secs] 
81.569: Total time for which application threads were stopped: 0.0035830 seconds, Stopping threads took: 0.0000870 seconds
81.587: Application time: 0.0183370 seconds
81.588: [GC [PSYoungGen: 50115K->6636K(51200K)] 135812K->93758K(167936K), 0.0028270 secs] [Times: user=0.03 sys=0.00, real=0.00 secs] 
81.590: Total time for which application threads were stopped: 0.0029890 seconds, Stopping threads took: 0.0000810 seconds
81.602: Application time: 0.0116270 seconds
81.602: [GC [PSYoungGen: 50122K->6636K(51200K)] 137244K->98033K(167936K), 0.0035250 secs] [Times: user=0.03 sys=0.00, real=0.01 secs] 
81.606: Total time for which application threads were stopped: 0.0037190 seconds, Stopping threads took: 0.0001160 seconds
81.679: Application time: 0.0732090 seconds
81.679: [GC [PSYoungGen: 50164K->6732K(51200K)] 141561K->104550K(167936K), 0.0041620 secs] [Times: user=0.03 sys=0.00, real=0.00 secs] 
81.683: Total time for which application threads were stopped: 0.0043200 seconds, Stopping threads took: 0.0000760 seconds
81.699: Application time: 0.0157150 seconds
81.699: [GC [PSYoungGen: 50203K->6812K(51200K)] 148021K->109618K(167936K), 0.0037320 secs] [Times: user=0.02 sys=0.01, real=0.00 secs] 
81.703: Total time for which application threads were stopped: 0.0038860 seconds, Stopping threads took: 0.0000740 seconds
81.716: Application time: 0.0127110 seconds
81.716: [GC [PSYoungGen: 50332K->6700K(51200K)] 153137K->112396K(167936K), 0.0032260 secs] [Times: user=0.02 sys=0.00, real=0.01 secs] 
81.719: [Full GC [PSYoungGen: 6700K->0K(51200K)] [ParOldGen: 105695K->24871K(116736K)] 112396K->24871K(167936K) [PSPermGen: 6086K->6086K(21504K)], 0.0101580 secs] [Times: user=0.06 sys=0.00, real=0.01 secs] 
81.730: Total time for which application threads were stopped: 0.0140740 seconds, Stopping threads took: 0.0005560 seconds
81.740: Application time: 0.0101070 seconds
81.740: [GC [PSYoungGen: 43488K->5147K(51200K)] 68360K->30019K(167936K), 0.0018500 secs] [Times: user=0.01 sys=0.00, real=0.00 secs] 
81.742: Total time for which application threads were stopped: 0.0021950 seconds, Stopping threads took: 0.0002690 seconds
81.755: Application time: 0.0131640 seconds
81.755: [GC [PSYoungGen: 48632K->5892K(51200K)] 73504K->30764K(167936K), 0.0020830 secs] [Times: user=0.02 sys=0.00, real=0.00 secs] 
81.757: Total time for which application threads were stopped: 0.0022600 seconds, Stopping threads took: 0.0000980 seconds
81.773: Application time: 0.0159640 seconds
81.773: [GC [PSYoungGen: 49373K->6604K(51200K)] 74245K->32189K(167936K), 0.0024210 secs] [Times: user=0.01 sys=0.00, real=0.00 secs] 
81.776: Total time for which application threads were stopped: 0.0025890 seconds, Stopping threads took: 0.0000950 seconds
81.869: Application time: 0.0935460 seconds
81.870: [GC [PSYoungGen: 50094K->6540K(51200K)] 75678K->41388K(167936K), 0.0046230 secs] [Times: user=0.03 sys=0.00, real=0.00 secs] 
81.874: Total time for which application threads were stopped: 0.0047900 seconds, Stopping threads took: 0.0000860 seconds
81.902: Application time: 0.0274080 seconds
81.902: [GC [PSYoungGen: 50052K->6572K(51200K)] 84900K->47120K(167936K), 0.0039380 secs] [Times: user=0.03 sys=0.00, real=0.01 secs] 
81.906: Total time for which application threads were stopped: 0.0041150 seconds, Stopping threads took: 0.0000960 seconds
81.923: Application time: 0.0174810 seconds
81.923: [GC [PSYoungGen: 50050K->6636K(51200K)] 90598K->48609K(167936K), 0.0027490 secs] [Times: user=0.02 sys=0.00, real=0.01 secs] 
81.926: Total time for which application threads were stopped: 0.0029170 seconds, Stopping threads took: 0.0000890 seconds
81.940: Application time: 0.0134380 seconds
81.940: [GC [PSYoungGen: 50116K->5083K(51200K)] 92089K->47056K(167936K), 0.0019430 secs] [Times: user=0.01 sys=0.00, real=0.00 secs] 
81.942: Total time for which application threads were stopped: 0.0020980 seconds, Stopping threads took: 0.0000850 seconds
82.096: Application time: 0.1542800 seconds
82.096: [GC [PSYoungGen: 48571K->6540K(51200K)] 90544K->59200K(167936K), 0.0050730 secs] [Times: user=0.04 sys=0.00, real=0.01 secs] 
82.101: Total time for which application threads were stopped: 0.0052390 seconds, Stopping threads took: 0.0000750 seconds
82.153: Application time: 0.0521250 seconds
82.154: [GC [PSYoungGen: 50059K->6668K(51200K)] 102719K->65741K(167936K), 0.0041400 secs] [Times: user=0.03 sys=0.00, real=0.01 secs] 
82.158: Total time for which application threads were stopped: 0.0043110 seconds, Stopping threads took: 0.0000900 seconds
82.177: Application time: 0.0196390 seconds
82.178: [GC [PSYoungGen: 50154K->6636K(51200K)] 109227K->69272K(167936K), 0.0033410 secs] [Times: user=0.02 sys=0.01, real=0.01 secs] 
82.181: Total time for which application threads were stopped: 0.0035240 seconds, Stopping threads took: 0.0001040 seconds
82.194: Application time: 0.0130770 seconds
82.194: [GC [PSYoungGen: 50121K->6604K(51200K)] 112757K->72803K(167936K), 0.0034570 secs] [Times: user=0.02 sys=0.00, real=0.00 secs] 
82.198: Total time for which application threads were stopped: 0.0036310 seconds, Stopping threads took: 0.0000930 seconds
82.344: Application time: 0.1467280 seconds
82.344: [GC [PSYoungGen: 50101K->6732K(51200K)] 116299K->83618K(167936K), 0.0050980 secs] [Times: user=0.04 sys=0.00, real=0.01 secs] 
82.350: Total time for which application threads were stopped: 0.0052810 seconds, Stopping threads took: 0.0001000 seconds
82.561: Application time: 0.2115870 seconds
82.561: [GC [PSYoungGen: 50218K->6732K(51200K)] 127104K->93593K(167936K), 0.0049550 secs] [Times: user=0.03 sys=0.00, real=0.01 secs] 
82.566: Total time for which application threads were stopped: 0.0051070 seconds, Stopping threads took: 0.0000710 seconds
82.775: Application time: 0.2090630 seconds
82.775: [GC [PSYoungGen: 50224K->6732K(51200K)] 137086K->102856K(167936K), 0.0047900 secs] [Times: user=0.03 sys=0.00, real=0.01 secs] 
82.780: Total time for which application threads were stopped: 0.0049530 seconds, Stopping threads took: 0.0000720 seconds
82.981: Application time: 0.2009210 seconds
82.981: [GC [PSYoungGen: 50218K->6700K(51200K)] 146342K->112087K(167936K), 0.0047700 secs] [Times: user=0.03 sys=0.00, real=0.01 secs] 
82.986: [Full GC [PSYoungGen: 6700K->0K(51200K)] [ParOldGen: 105386K->29146K(116736K)] 112087K->29146K(167936K) [PSPermGen: 6086K->6086K(21504K)], 0.0109300 secs] [Times: user=0.06 sys=0.00, real=0.00 secs] 
82.997: Total time for which application threads were stopped: 0.0159080 seconds, Stopping threads took: 0.0000700 seconds
83.201: Application time: 0.2034310 seconds
83.201: [GC [PSYoungGen: 43488K->6540K(51200K)] 72635K->45662K(167936K), 0.0048770 secs] [Times: user=0.03 sys=0.00, real=0.00 secs] 
83.206: Total time for which application threads were stopped: 0.0050210 seconds, Stopping threads took: 0.0000600 seconds
83.367: Application time: 0.1614240 seconds
83.367: [GC [PSYoungGen: 50046K->6604K(51200K)] 89168K->57839K(167936K), 0.0055200 secs] [Times: user=0.04 sys=0.01, real=0.00 secs] 
83.373: Total time for which application threads were stopped: 0.0056890 seconds, Stopping threads took: 0.0000730 seconds
83.537: Application time: 0.1642010 seconds
83.537: [GC [PSYoungGen: 50093K->6572K(51200K)] 101328K->67782K(167936K), 0.0048840 secs] [Times: user=0.04 sys=0.00, real=0.01 secs] 
83.542: Total time for which application threads were stopped: 0.0050460 seconds, Stopping threads took: 0.0000850 seconds
83.708: Application time: 0.1657100 seconds
83.708: [GC [PSYoungGen: 50071K->6636K(51200K)] 111281K->77822K(167936K), 0.0049580 secs] [Times: user=0.04 sys=0.00, real=0.00 secs] 
83.713: Total time for which application threads were stopped: 0.0051080 seconds, Stopping threads took: 0.0000660 seconds
83.884: Application time: 0.1711270 seconds
83.884: [GC [PSYoungGen: 50126K->6637K(51200K)] 121311K->87085K(167936K), 0.0047270 secs] [Times: user=0.03 sys=0.00, real=0.01 secs] 
83.889: Total time for which application threads were stopped: 0.0048730 seconds, Stopping threads took: 0.0000580 seconds
84.045: Application time: 0.1557670 seconds
84.045: [GC [PSYoungGen: 50128K->6669K(51200K)] 130576K->96380K(167936K), 0.0048170 secs] [Times: user=0.03 sys=0.00, real=0.01 secs] 
84.050: Total time for which application threads were stopped: 0.0049780 seconds, Stopping threads took: 0.0000790 seconds
84.216: Application time: 0.1665350 seconds
84.216: [GC [PSYoungGen: 50160K->6669K(51200K)] 139872K->105644K(167936K), 0.0047270 secs] [Times: user=0.04 sys=0.00, real=0.01 secs] 
84.221: Total time for which application threads were stopped: 0.0048720 seconds, Stopping threads took: 0.0000660 seconds
84.372: Application time: 0.1514430 seconds
84.373: [GC [PSYoungGen: 50169K->6669K(51200K)] 149144K->114907K(167936K), 0.0046410 secs] [Times: user=0.03 sys=0.00, real=0.00 secs] 
84.377: [Full GC [PSYoungGen: 6669K->0K(51200K)] [ParOldGen: 108238K->25585K(116736K)] 114907K->25585K(167936K) [PSPermGen: 6086K->6086K(21504K)], 0.0104330 secs] [Times: user=0.06 sys=0.00, real=0.02 secs] 
84.388: Total time for which application threads were stopped: 0.0152940 seconds, Stopping threads took: 0.0000890 seconds
84.551: Application time: 0.1628740 seconds
84.551: [GC [PSYoungGen: 43483K->7125K(51200K)] 69069K->41975K(167936K), 0.0049160 secs] [Times: user=0.04 sys=0.00, real=0.00 secs] 
84.556: Total time for which application threads were stopped: 0.0050910 seconds, Stopping threads took: 0.0000840 seconds
84.711: Application time: 0.1553170 seconds
84.711: [GC [PSYoungGen: 50634K->6509K(51200K)] 85484K->51334K(167936K), 0.0049460 secs] [Times: user=0.04 sys=0.00, real=0.00 secs] 
84.716: Total time for which application threads were stopped: 0.0051030 seconds, Stopping threads took: 0.0000750 seconds
84.861: Application time: 0.1452560 seconds
84.861: [GC [PSYoungGen: 49992K->6541K(51200K)] 94817K->60629K(167936K), 0.0047830 secs] [Times: user=0.03 sys=0.00, real=0.01 secs] 
84.866: Total time for which application threads were stopped: 0.0049380 seconds, Stopping threads took: 0.0000760 seconds
85.014: Application time: 0.1480980 seconds
85.015: [GC [PSYoungGen: 50065K->6637K(51200K)] 104153K->71414K(167936K), 0.0051070 secs] [Times: user=0.04 sys=0.00, real=0.01 secs] 
85.020: Total time for which application threads were stopped: 0.0052650 seconds, Stopping threads took: 0.0000780 seconds
85.037: Application time: 0.0169900 seconds
85.037: [GC [PSYoungGen: 50115K->6669K(51200K)] 114892K->75009K(167936K), 0.0033160 secs] [Times: user=0.02 sys=0.00, real=0.01 secs] 
85.040: Total time for which application threads were stopped: 0.0035560 seconds, Stopping threads took: 0.0001530 seconds
85.058: Application time: 0.0172940 seconds
85.058: [GC [PSYoungGen: 50149K->6605K(51200K)] 118489K->77795K(167936K), 0.0031510 secs] [Times: user=0.02 sys=0.00, real=0.00 secs] 
85.061: Total time for which application threads were stopped: 0.0033430 seconds, Stopping threads took: 0.0000970 seconds
85.073: Application time: 0.0123970 seconds
85.073: [GC [PSYoungGen: 50089K->6669K(51200K)] 121279K->79284K(167936K), 0.0025830 secs] [Times: user=0.02 sys=0.00, real=0.00 secs] 
85.076: Total time for which application threads were stopped: 0.0028470 seconds, Stopping threads took: 0.0001780 seconds
85.219: Application time: 0.1429890 seconds
85.219: [GC [PSYoungGen: 50159K->6636K(51200K)] 122775K->89940K(167936K), 0.0051620 secs] [Times: user=0.04 sys=0.00, real=0.00 secs] 
85.224: Total time for which application threads were stopped: 0.0053170 seconds, Stopping threads took: 0.0000760 seconds
85.258: Application time: 0.0340330 seconds
85.259: [GC [PSYoungGen: 50156K->6636K(51200K)] 133460K->96353K(167936K), 0.0041700 secs] [Times: user=0.03 sys=0.00, real=0.00 secs] 
85.263: Total time for which application threads were stopped: 0.0043470 seconds, Stopping threads took: 0.0000980 seconds
85.281: Application time: 0.0179000 seconds
85.281: [GC [PSYoungGen: 50113K->6669K(51200K)] 139830K->97098K(167936K), 0.0026410 secs] [Times: user=0.02 sys=0.00, real=0.00 secs] 
85.284: Total time for which application threads were stopped: 0.0027950 seconds, Stopping threads took: 0.0000780 seconds
85.295: Application time: 0.0118820 seconds
85.296: [GC [PSYoungGen: 50153K->6669K(51200K)] 140582K->99948K(167936K), 0.0031800 secs] [Times: user=0.02 sys=0.00, real=0.01 secs] 
85.299: Total time for which application threads were stopped: 0.0033490 seconds, Stopping threads took: 0.0000880 seconds
85.332: Application time: 0.0333070 seconds
85.332: [GC [PSYoungGen: 50188K->6764K(51200K)] 143467K->107169K(167936K), 0.0043040 secs] [Times: user=0.03 sys=0.00, real=0.00 secs] 
85.337: Total time for which application threads were stopped: 0.0044680 seconds, Stopping threads took: 0.0000790 seconds
85.353: Application time: 0.0163260 seconds
85.353: [GC [PSYoungGen: 50247K->6669K(51200K)] 150652K->107786K(167936K), 0.0026400 secs] [Times: user=0.02 sys=0.00, real=0.00 secs] 
85.356: Total time for which application threads were stopped: 0.0028150 seconds, Stopping threads took: 0.0000980 seconds
85.371: Application time: 0.0148750 seconds
85.371: [GC [PSYoungGen: 50150K->6637K(51200K)] 151267K->107754K(167936K), 0.0023490 secs] [Times: user=0.01 sys=0.00, real=0.00 secs] 
85.373: Total time for which application threads were stopped: 0.0025010 seconds, Stopping threads took: 0.0000800 seconds
85.468: Application time: 0.0952900 seconds
85.468: [GC [PSYoungGen: 50126K->6764K(51200K)] 151244K->117857K(167936K), 0.0049960 secs] [Times: user=0.04 sys=0.00, real=0.00 secs] 
85.473: [Full GC [PSYoungGen: 6764K->0K(51200K)] [ParOldGen: 111092K->30885K(116736K)] 117857K->30885K(167936K) [PSPermGen: 6087K->6087K(21504K)], 0.0104620 secs] [Times: user=0.05 sys=0.00, real=0.01 secs] 
85.484: Total time for which application threads were stopped: 0.0156620 seconds, Stopping threads took: 0.0000720 seconds
85.575: Application time: 0.0908500 seconds
85.575: [GC [PSYoungGen: 43514K->7157K(51200K)] 74400K->48082K(167936K), 0.0054390 secs] [Times: user=0.04 sys=0.00, real=0.01 secs] 
85.581: Total time for which application threads were stopped: 0.0056770 seconds, Stopping threads took: 0.0001320 seconds
85.598: Application time: 0.0176870 seconds
85.598: [GC [PSYoungGen: 50641K->6508K(51200K)] 91566K->49571K(167936K), 0.0028830 secs] [Times: user=0.02 sys=0.00, real=0.00 secs] 
85.601: Total time for which application threads were stopped: 0.0030380 seconds, Stopping threads took: 0.0000760 seconds
85.617: Application time: 0.0155880 seconds
85.617: [GC [PSYoungGen: 49992K->7157K(51200K)] 93054K->51677K(167936K), 0.0029250 secs] [Times: user=0.02 sys=0.00, real=0.01 secs] 
85.620: Total time for which application threads were stopped: 0.0031010 seconds, Stopping threads took: 0.0000910 seconds
85.734: Application time: 0.1144540 seconds
85.735: [GC [PSYoungGen: 50649K->7157K(51200K)] 95169K->60955K(167936K), 0.0049190 secs] [Times: user=0.03 sys=0.00, real=0.01 secs] 
85.739: Total time for which application threads were stopped: 0.0050650 seconds, Stopping threads took: 0.0000650 seconds
85.762: Application time: 0.0226300 seconds
85.763: [GC [PSYoungGen: 50698K->6572K(51200K)] 104497K->63933K(167936K), 0.0033240 secs] [Times: user=0.02 sys=0.00, real=0.01 secs] 
85.766: Total time for which application threads were stopped: 0.0039710 seconds, Stopping threads took: 0.0005610 seconds
85.779: Application time: 0.0125700 seconds
85.779: [GC [PSYoungGen: 50054K->6572K(51200K)] 107415K->66784K(167936K), 0.0031190 secs] [Times: user=0.02 sys=0.00, real=0.00 secs] 
85.782: Total time for which application threads were stopped: 0.0032630 seconds, Stopping threads took: 0.0000670 seconds
85.795: Application time: 0.0127640 seconds
85.795: [GC [PSYoungGen: 50058K->6604K(51200K)] 110270K->68241K(167936K), 0.0026750 secs] [Times: user=0.02 sys=0.00, real=0.00 secs] 
85.798: Total time for which application threads were stopped: 0.0028270 seconds, Stopping threads took: 0.0000760 seconds
85.811: Application time: 0.0135250 seconds
85.811: [GC [PSYoungGen: 50079K->6605K(51200K)] 111715K->70379K(167936K), 0.0029750 secs] [Times: user=0.03 sys=0.00, real=0.00 secs] 
85.814: Total time for which application threads were stopped: 0.0031820 seconds, Stopping threads took: 0.0001330 seconds
85.825: Application time: 0.0107940 seconds
85.825: [GC [PSYoungGen: 50096K->6669K(51200K)] 113870K->72580K(167936K), 0.0029570 secs] [Times: user=0.02 sys=0.00, real=0.01 secs] 
85.828: Total time for which application threads were stopped: 0.0031100 seconds, Stopping threads took: 0.0000750 seconds
85.839: Application time: 0.0103850 seconds
85.839: [GC [PSYoungGen: 50141K->5828K(51200K)] 116053K->71740K(167936K), 0.0018710 secs] [Times: user=0.01 sys=0.00, real=0.00 secs] 
85.841: Total time for which application threads were stopped: 0.0020140 seconds, Stopping threads took: 0.0000770 seconds
85.937: Application time: 0.0965930 seconds
85.937: [GC [PSYoungGen: 49359K->6668K(51200K)] 115271K->83980K(167936K), 0.0055090 secs] [Times: user=0.04 sys=0.00, real=0.01 secs] 
85.943: Total time for which application threads were stopped: 0.0056800 seconds, Stopping threads took: 0.0000880 seconds
85.960: Application time: 0.0171360 seconds
85.960: [GC [PSYoungGen: 50150K->6668K(51200K)] 127462K->83980K(167936K), 0.0024130 secs] [Times: user=0.02 sys=0.00, real=0.00 secs] 
85.963: Total time for which application threads were stopped: 0.0025600 seconds, Stopping threads took: 0.0000740 seconds
85.979: Application time: 0.0161570 seconds
85.979: [GC [PSYoungGen: 50151K->6540K(51200K)] 127463K->85990K(167936K), 0.0030990 secs] [Times: user=0.01 sys=0.00, real=0.00 secs] 
85.982: Total time for which application threads were stopped: 0.0032540 seconds, Stopping threads took: 0.0000750 seconds
86.077: Application time: 0.0949400 seconds
86.077: [GC [PSYoungGen: 50032K->6604K(51200K)] 129482K->96029K(167936K), 0.0048970 secs] [Times: user=0.04 sys=0.00, real=0.01 secs] 
86.082: Total time for which application threads were stopped: 0.0050590 seconds, Stopping threads took: 0.0000690 seconds
86.252: Application time: 0.1703820 seconds
86.252: [GC [PSYoungGen: 50092K->6700K(51200K)] 139517K->106101K(167936K), 0.0050070 secs] [Times: user=0.04 sys=0.00, real=0.00 secs] 
86.257: Total time for which application threads were stopped: 0.0051580 seconds, Stopping threads took: 0.0000700 seconds
86.360: Application time: 0.1027610 seconds
86.360: [GC [PSYoungGen: 50221K->6764K(51200K)] 149621K->116860K(167936K), 0.0054350 secs] [Times: user=0.04 sys=0.00, real=0.01 secs] 
86.366: [Full GC [PSYoungGen: 6764K->0K(51200K)] [ParOldGen: 110096K->26297K(116736K)] 116860K->26297K(167936K) [PSPermGen: 6087K->6087K(21504K)], 0.0105340 secs] [Times: user=0.05 sys=0.00, real=0.00 secs] 
86.376: Total time for which application threads were stopped: 0.0161960 seconds, Stopping threads took: 0.0000850 seconds
86.394: Application time: 0.0173710 seconds
86.394: [GC [PSYoungGen: 43486K->5179K(51200K)] 69783K->31476K(167936K), 0.0017070 secs] [Times: user=0.01 sys=0.00, real=0.00 secs] 
86.396: Total time for which application threads were stopped: 0.0023750 seconds, Stopping threads took: 0.0005940 seconds
86.412: Application time: 0.0155070 seconds
86.412: [GC [PSYoungGen: 48662K->6540K(51200K)] 74959K->34975K(167936K), 0.0029370 secs] [Times: user=0.02 sys=0.00, real=0.00 secs] 
86.415: Total time for which application threads were stopped: 0.0031150 seconds, Stopping threads took: 0.0000970 seconds
86.518: Application time: 0.1028430 seconds
86.518: [GC [PSYoungGen: 50038K->6540K(51200K)] 78473K->45663K(167936K), 0.0050260 secs] [Times: user=0.04 sys=0.00, real=0.00 secs] 
86.523: Total time for which application threads were stopped: 0.0052080 seconds, Stopping threads took: 0.0001000 seconds
86.732: Application time: 0.2091930 seconds
86.732: [GC [PSYoungGen: 50028K->6540K(51200K)] 89151K->55638K(167936K), 0.0048640 secs] [Times: user=0.04 sys=0.00, real=0.00 secs] 
86.737: Total time for which application threads were stopped: 0.0050190 seconds, Stopping threads took: 0.0000600 seconds
86.914: Application time: 0.1770540 seconds
86.914: [GC [PSYoungGen: 50036K->6636K(51200K)] 99134K->67134K(167936K), 0.0053040 secs] [Times: user=0.04 sys=0.00, real=0.01 secs] 
86.920: Total time for which application threads were stopped: 0.0054600 seconds, Stopping threads took: 0.0000740 seconds
87.116: Application time: 0.1968280 seconds
87.117: [GC [PSYoungGen: 50133K->6668K(51200K)] 110631K->77854K(167936K), 0.0050430 secs] [Times: user=0.04 sys=0.00, real=0.01 secs] 
87.122: Total time for which application threads were stopped: 0.0051960 seconds, Stopping threads took: 0.0000720 seconds
87.315: Application time: 0.1937730 seconds
87.316: [GC [PSYoungGen: 50156K->6668K(51200K)] 121342K->87829K(167936K), 0.0049940 secs] [Times: user=0.04 sys=0.00, real=0.01 secs] 
87.321: Total time for which application threads were stopped: 0.0051510 seconds, Stopping threads took: 0.0000660 seconds
87.517: Application time: 0.1961410 seconds
87.517: [GC [PSYoungGen: 50165K->6668K(51200K)] 131326K->99230K(167936K), 0.0053500 secs] [Times: user=0.04 sys=0.00, real=0.01 secs] 
87.522: Total time for which application threads were stopped: 0.0055050 seconds, Stopping threads took: 0.0000720 seconds
87.686: Application time: 0.1641290 seconds
87.686: [GC [PSYoungGen: 50158K->6636K(51200K)] 142719K->109173K(167936K), 0.0049120 secs] [Times: user=0.02 sys=0.00, real=0.00 secs] 
87.691: [Full GC [PSYoungGen: 6636K->0K(51200K)] [ParOldGen: 102536K->27722K(116736K)] 109173K->27722K(167936K) [PSPermGen: 6087K->6087K(21504K)], 0.0111380 secs] [Times: user=0.07 sys=0.00, real=0.01 secs] 
87.703: Total time for which application threads were stopped: 0.0162630 seconds, Stopping threads took: 0.0000780 seconds
87.866: Application time: 0.1637690 seconds
87.866: [GC [PSYoungGen: 43498K->7157K(51200K)] 71220K->44151K(167936K), 0.0048700 secs] [Times: user=0.03 sys=0.00, real=0.00 secs] 
87.871: Total time for which application threads were stopped: 0.0050330 seconds, Stopping threads took: 0.0000660 seconds
88.021: Application time: 0.1496710 seconds
88.021: [GC [PSYoungGen: 50647K->6573K(51200K)] 87641K->52829K(167936K), 0.0047540 secs] [Times: user=0.03 sys=0.01, real=0.01 secs] 
88.026: Total time for which application threads were stopped: 0.0049080 seconds, Stopping threads took: 0.0000730 seconds
88.171: Application time: 0.1453960 seconds
88.172: [GC [PSYoungGen: 50063K->6573K(51200K)] 96320K->63518K(167936K), 0.0051050 secs] [Times: user=0.03 sys=0.00, real=0.00 secs] 
88.177: Total time for which application threads were stopped: 0.0053150 seconds, Stopping threads took: 0.0001310 seconds
88.333: Application time: 0.1565570 seconds
88.333: [GC [PSYoungGen: 50064K->6541K(51200K)] 107010K->73462K(167936K), 0.0049820 secs] [Times: user=0.03 sys=0.00, real=0.01 secs] 
88.338: Total time for which application threads were stopped: 0.0051260 seconds, Stopping threads took: 0.0000620 seconds
88.486: Application time: 0.1478890 seconds
88.486: [GC [PSYoungGen: 50050K->6637K(51200K)] 116971K->84247K(167936K), 0.0051250 secs] [Times: user=0.04 sys=0.00, real=0.00 secs] 
88.492: Total time for which application threads were stopped: 0.0052870 seconds, Stopping threads took: 0.0000700 seconds
88.647: Application time: 0.1551950 seconds
88.647: [GC [PSYoungGen: 50120K->6637K(51200K)] 127730K->93510K(167936K), 0.0047950 secs] [Times: user=0.04 sys=0.00, real=0.00 secs] 
88.652: Total time for which application threads were stopped: 0.0049450 seconds, Stopping threads took: 0.0000680 seconds
88.814: Application time: 0.1618650 seconds
88.814: [GC [PSYoungGen: 50128K->6669K(51200K)] 137002K->103518K(167936K), 0.0049400 secs] [Times: user=0.03 sys=0.01, real=0.01 secs] 
88.819: Total time for which application threads were stopped: 0.0051300 seconds, Stopping threads took: 0.0001080 seconds
88.975: Application time: 0.1560030 seconds
88.975: [GC [PSYoungGen: 50160K->6669K(51200K)] 147010K->113494K(167936K), 0.0049450 secs] [Times: user=0.04 sys=0.00, real=0.01 secs] 
88.980: [Full GC [PSYoungGen: 6669K->0K(51200K)] [ParOldGen: 106825K->29357K(116736K)] 113494K->29357K(167936K) [PSPermGen: 6087K->6087K(21504K)], 0.0112550 secs] [Times: user=0.06 sys=0.00, real=0.01 secs] 
88.991: Total time for which application threads were stopped: 0.0164020 seconds, Stopping threads took: 0.0000680 seconds
89.096: Application time: 0.1045100 seconds
89.096: [GC [PSYoungGen: 43525K->6605K(51200K)] 72882K->47363K(167936K), 0.0054630 secs] [Times: user=0.04 sys=0.00, real=0.01 secs] 
89.101: Total time for which application threads were stopped: 0.0056510 seconds, Stopping threads took: 0.0000890 seconds
89.117: Application time: 0.0161200 seconds
89.118: [GC [PSYoungGen: 50091K->7157K(51200K)] 90849K->48684K(167936K), 0.0025200 secs] [Times: user=0.01 sys=0.00, real=0.01 secs] 
89.120: Total time for which application threads were stopped: 0.0027630 seconds, Stopping threads took: 0.0001660 seconds
89.138: Application time: 0.0173940 seconds
89.138: [GC [PSYoungGen: 50641K->7157K(51200K)] 92168K->52271K(167936K), 0.0035600 secs] [Times: user=0.03 sys=0.00, real=0.00 secs] 
89.141: Total time for which application threads were stopped: 0.0037350 seconds, Stopping threads took: 0.0000900 seconds
89.204: Application time: 0.0626250 seconds
89.204: [GC [PSYoungGen: 50647K->7157K(51200K)] 95761K->57988K(167936K), 0.0039230 secs] [Times: user=0.03 sys=0.00, real=0.01 secs] 
89.208: Total time for which application threads were stopped: 0.0040670 seconds, Stopping threads took: 0.0000670 seconds
89.311: Application time: 0.1026520 seconds
89.311: [GC [PSYoungGen: 50673K->6604K(51200K)] 101503K->68123K(167936K), 0.0053250 secs] [Times: user=0.04 sys=0.00, real=0.00 secs] 
89.316: Total time for which application threads were stopped: 0.0054850 seconds, Stopping threads took: 0.0000780 seconds
89.332: Application time: 0.0154710 seconds
89.332: [GC [PSYoungGen: 50083K->6573K(51200K)] 111602K->70942K(167936K), 0.0030870 secs] [Times: user=0.03 sys=0.00, real=0.00 secs] 
89.335: Total time for which application threads were stopped: 0.0033480 seconds, Stopping threads took: 0.0001770 seconds
89.355: Application time: 0.0197950 seconds
89.355: [GC [PSYoungGen: 50060K->6573K(51200K)] 114429K->72367K(167936K), 0.0026980 secs] [Times: user=0.01 sys=0.00, real=0.00 secs] 
89.358: Total time for which application threads were stopped: 0.0028370 seconds, Stopping threads took: 0.0000670 seconds
89.403: Application time: 0.0451200 seconds
89.403: [GC [PSYoungGen: 50062K->6572K(51200K)] 115857K->78780K(167936K), 0.0039330 secs] [Times: user=0.03 sys=0.00, real=0.01 secs] 
89.407: Total time for which application threads were stopped: 0.0040730 seconds, Stopping threads took: 0.0000600 seconds
89.504: Application time: 0.0975070 seconds
89.505: [GC [PSYoungGen: 50131K->6636K(51200K)] 122338K->88819K(167936K), 0.0051130 secs] [Times: user=0.03 sys=0.00, real=0.01 secs] 
89.510: Total time for which application threads were stopped: 0.0057510 seconds, Stopping threads took: 0.0005540 seconds
89.523: Application time: 0.0127630 seconds
89.523: [GC [PSYoungGen: 50118K->6636K(51200K)] 132301K->92382K(167936K), 0.0033540 secs] [Times: user=0.02 sys=0.00, real=0.01 secs] 
89.526: Total time for which application threads were stopped: 0.0036630 seconds, Stopping threads took: 0.0002270 seconds
89.537: Application time: 0.0101680 seconds
89.537: [GC [PSYoungGen: 50108K->6684K(51200K)] 135854K->95992K(167936K), 0.0032690 secs] [Times: user=0.03 sys=0.00, real=0.01 secs] 
89.540: Total time for which application threads were stopped: 0.0034580 seconds, Stopping threads took: 0.0001070 seconds
89.554: Application time: 0.0134600 seconds
89.554: [GC [PSYoungGen: 50171K->6653K(51200K)] 139479K->97386K(167936K), 0.0027930 secs] [Times: user=0.03 sys=0.00, real=0.00 secs] 
89.557: Total time for which application threads were stopped: 0.0029580 seconds, Stopping threads took: 0.0000840 seconds
89.569: Application time: 0.0123430 seconds
89.569: [GC [PSYoungGen: 50143K->6637K(51200K)] 140876K->100220K(167936K), 0.0031640 secs] [Times: user=0.03 sys=0.00, real=0.00 secs] 
89.572: Total time for which application threads were stopped: 0.0033190 seconds, Stopping threads took: 0.0000790 seconds
89.583: Application time: 0.0106960 seconds
89.583: [GC [PSYoungGen: 50111K->6668K(51200K)] 143694K->101677K(167936K), 0.0028540 secs] [Times: user=0.02 sys=0.00, real=0.01 secs] 
89.586: Total time for which application threads were stopped: 0.0030370 seconds, Stopping threads took: 0.0001010 seconds
89.666: Application time: 0.0796890 seconds
89.666: [GC [PSYoungGen: 50167K->6636K(51200K)] 145176K->112333K(167936K), 0.0052280 secs] [Times: user=0.04 sys=0.00, real=0.00 secs] 
89.671: [Full GC [PSYoungGen: 6636K->0K(51200K)] [ParOldGen: 105696K->27723K(116736K)] 112333K->27723K(167936K) [PSPermGen: 6087K->6087K(21504K)], 0.0105840 secs] [Times: user=0.06 sys=0.00, real=0.01 secs] 
89.682: Total time for which application threads were stopped: 0.0160280 seconds, Stopping threads took: 0.0000730 seconds
89.782: Application time: 0.1005420 seconds
89.783: [GC [PSYoungGen: 43514K->7157K(51200K)] 71238K->42750K(167936K), 0.0045590 secs] [Times: user=0.04 sys=0.00, real=0.01 secs] 
89.787: Total time for which application threads were stopped: 0.0050390 seconds, Stopping threads took: 0.0003940 seconds
89.805: Application time: 0.0175630 seconds
89.805: [GC [PSYoungGen: 50639K->7157K(51200K)] 86232K->44207K(167936K), 0.0027810 secs] [Times: user=0.02 sys=0.00, real=0.01 secs] 
89.808: Total time for which application threads were stopped: 0.0029540 seconds, Stopping threads took: 0.0000940 seconds
89.825: Application time: 0.0170060 seconds
89.825: [GC [PSYoungGen: 50639K->7157K(51200K)] 87689K->46377K(167936K), 0.0031250 secs] [Times: user=0.03 sys=0.00, real=0.01 secs] 
89.828: Total time for which application threads were stopped: 0.0032930 seconds, Stopping threads took: 0.0000890 seconds
89.906: Application time: 0.0777040 seconds
89.906: [GC [PSYoungGen: 51189K->7157K(51200K)] 90409K->54286K(167936K), 0.0044200 secs] [Times: user=0.02 sys=0.00, real=0.00 secs] 
89.910: Total time for which application threads were stopped: 0.0045620 seconds, Stopping threads took: 0.0000610 seconds
89.933: Application time: 0.0231340 seconds
89.934: [GC [PSYoungGen: 50841K->6508K(51200K)] 97970K->60763K(167936K), 0.0043160 secs] [Times: user=0.02 sys=0.01, real=0.01 secs] 
89.938: Total time for which application threads were stopped: 0.0044880 seconds, Stopping threads took: 0.0000900 seconds
89.954: Application time: 0.0157690 seconds
89.958: [GC [PSYoungGen: 50472K->6588K(51200K)] 104727K->64406K(167936K), 0.0032870 secs] [Times: user=0.03 sys=0.00, real=0.00 secs] 
89.961: Total time for which application threads were stopped: 0.0073300 seconds, Stopping threads took: 0.0039640 seconds
89.974: Application time: 0.0131380 seconds
89.974: [GC [PSYoungGen: 50336K->6604K(51200K)] 108154K->66560K(167936K), 0.0029150 secs] [Times: user=0.02 sys=0.00, real=0.00 secs] 
89.977: Total time for which application threads were stopped: 0.0032130 seconds, Stopping threads took: 0.0002190 seconds
89.991: Application time: 0.0140520 seconds
89.992: [GC [PSYoungGen: 50087K->6636K(51200K)] 110042K->68729K(167936K), 0.0030050 secs] [Times: user=0.01 sys=0.00, real=0.00 secs] 
89.995: Total time for which application threads were stopped: 0.0031830 seconds, Stopping threads took: 0.0000980 seconds
90.012: Application time: 0.0168480 seconds
90.012: [GC [PSYoungGen: 50116K->6604K(51200K)] 112209K->71547K(167936K), 0.0031170 secs] [Times: user=0.02 sys=0.00, real=0.00 secs] 
90.015: Total time for which application threads were stopped: 0.0032740 seconds, Stopping threads took: 0.0000780 seconds
90.028: Application time: 0.0129070 seconds
90.028: [GC [PSYoungGen: 50085K->6572K(51200K)] 115028K->72228K(167936K), 0.0026140 secs] [Times: user=0.01 sys=0.00, real=0.00 secs] 
90.030: Total time for which application threads were stopped: 0.0027750 seconds, Stopping threads took: 0.0000860 seconds
90.186: Application time: 0.1552870 seconds
90.186: [GC [PSYoungGen: 50067K->6572K(51200K)] 115723K->82915K(167936K), 0.0051720 secs] [Times: user=0.04 sys=0.00, real=0.00 secs] 
90.191: Total time for which application threads were stopped: 0.0053590 seconds, Stopping threads took: 0.0000940 seconds
90.389: Application time: 0.1976620 seconds
90.389: [GC [PSYoungGen: 50058K->6636K(51200K)] 126401K->92955K(167936K), 0.0049200 secs] [Times: user=0.04 sys=0.00, real=0.00 secs] 
90.394: Total time for which application threads were stopped: 0.0050660 seconds, Stopping threads took: 0.0000620 seconds
90.442: Application time: 0.0482360 seconds
90.442: [GC [PSYoungGen: 50154K->6636K(51200K)] 136473K->103642K(167936K), 0.0053420 secs] [Times: user=0.04 sys=0.00, real=0.01 secs] 
90.448: Total time for which application threads were stopped: 0.0054910 seconds, Stopping threads took: 0.0000670 seconds
90.464: Application time: 0.0168230 seconds
90.465: [GC [PSYoungGen: 50111K->6668K(51200K)] 147117K->103674K(167936K), 0.0024230 secs] [Times: user=0.02 sys=0.00, real=0.01 secs] 
90.467: Total time for which application threads were stopped: 0.0025800 seconds, Stopping threads took: 0.0000820 seconds
90.480: Application time: 0.0133180 seconds
90.481: [GC [PSYoungGen: 50153K->6636K(51200K)] 147159K->106493K(167936K), 0.0031500 secs] [Times: user=0.02 sys=0.00, real=0.00 secs] 
90.484: Total time for which application threads were stopped: 0.0034080 seconds, Stopping threads took: 0.0001740 seconds
90.633: Application time: 0.1490990 seconds
90.633: [GC [PSYoungGen: 50137K->6732K(51200K)] 149994K->116572K(167936K), 0.0049440 secs] [Times: user=0.04 sys=0.00, real=0.01 secs] 
90.638: [Full GC [PSYoungGen: 6732K->0K(51200K)] [ParOldGen: 109839K->26297K(116736K)] 116572K->26297K(167936K) [PSPermGen: 6087K->6087K(21504K)], 0.0106980 secs] [Times: user=0.05 sys=0.00, real=0.01 secs] 
90.649: Total time for which application threads were stopped: 0.0158360 seconds, Stopping threads took: 0.0000590 seconds
90.861: Application time: 0.2122850 seconds
90.861: [GC [PSYoungGen: 43479K->7125K(51200K)] 69777K->42685K(167936K), 0.0049330 secs] [Times: user=0.04 sys=0.00, real=0.01 secs] 
90.866: Total time for which application threads were stopped: 0.0050970 seconds, Stopping threads took: 0.0000720 seconds
91.069: Application time: 0.2034370 seconds
91.070: [GC [PSYoungGen: 50621K->6572K(51200K)] 86181K->52820K(167936K), 0.0050910 secs] [Times: user=0.04 sys=0.00, real=0.00 secs] 
91.075: Total time for which application threads were stopped: 0.0052430 seconds, Stopping threads took: 0.0000720 seconds
91.251: Application time: 0.1765720 seconds
91.251: [GC [PSYoungGen: 50077K->6604K(51200K)] 96325K->63540K(167936K), 0.0050640 secs] [Times: user=0.04 sys=0.00, real=0.00 secs] 
91.257: Total time for which application threads were stopped: 0.0052280 seconds, Stopping threads took: 0.0000820 seconds
91.451: Application time: 0.1948340 seconds
91.452: [GC [PSYoungGen: 50091K->6668K(51200K)] 107026K->72867K(167936K), 0.0047350 secs] [Times: user=0.03 sys=0.00, real=0.00 secs] 
91.456: Total time for which application threads were stopped: 0.0049250 seconds, Stopping threads took: 0.0000950 seconds
91.636: Application time: 0.1794880 seconds
91.636: [GC [PSYoungGen: 50165K->6668K(51200K)] 116364K->82130K(167936K), 0.0045990 secs] [Times: user=0.03 sys=0.00, real=0.01 secs] 
91.641: Total time for which application threads were stopped: 0.0047500 seconds, Stopping threads took: 0.0000680 seconds
91.806: Application time: 0.1652000 seconds
91.806: [GC [PSYoungGen: 50149K->6668K(51200K)] 125611K->92818K(167936K), 0.0051900 secs] [Times: user=0.04 sys=0.00, real=0.00 secs] 
91.811: Total time for which application threads were stopped: 0.0053410 seconds, Stopping threads took: 0.0000700 seconds
91.997: Application time: 0.1860900 seconds
91.997: [GC [PSYoungGen: 50167K->6668K(51200K)] 136317K->102794K(167936K), 0.0049300 secs] [Times: user=0.03 sys=0.01, real=0.01 secs] 
92.002: Total time for which application threads were stopped: 0.0050790 seconds, Stopping threads took: 0.0000580 seconds
92.158: Application time: 0.1554920 seconds
92.158: [GC [PSYoungGen: 50168K->6669K(51200K)] 146293K->112769K(167936K), 0.0049650 secs] [Times: user=0.04 sys=0.00, real=0.00 secs] 
92.163: [Full GC [PSYoungGen: 6669K->0K(51200K)] [ParOldGen: 106100K->25586K(116736K)] 112769K->25586K(167936K) [PSPermGen: 6087K->6087K(21504K)], 0.0105150 secs] [Times: user=0.06 sys=0.00, real=0.01 secs] 
92.173: Total time for which application threads were stopped: 0.0156770 seconds, Stopping threads took: 0.0000640 seconds
92.324: Application time: 0.1509810 seconds
92.325: [GC [PSYoungGen: 43490K->7157K(51200K)] 69077K->42743K(167936K), 0.0050820 secs] [Times: user=0.03 sys=0.00, real=0.01 secs] 
92.330: Total time for which application threads were stopped: 0.0052610 seconds, Stopping threads took: 0.0000890 seconds
92.482: Application time: 0.1527660 seconds
92.483: [GC [PSYoungGen: 50649K->6541K(51200K)] 86235K->51390K(167936K), 0.0048000 secs] [Times: user=0.03 sys=0.00, real=0.01 secs] 
92.487: Total time for which application threads were stopped: 0.0049530 seconds, Stopping threads took: 0.0000680 seconds
92.652: Application time: 0.1644820 seconds
92.652: [GC [PSYoungGen: 50024K->6541K(51200K)] 94873K->60654K(167936K), 0.0047010 secs] [Times: user=0.03 sys=0.00, real=0.00 secs] 
92.657: Total time for which application threads were stopped: 0.0048860 seconds, Stopping threads took: 0.0000870 seconds
92.800: Application time: 0.1433770 seconds
92.800: [GC [PSYoungGen: 50048K->6637K(51200K)] 104161K->72151K(167936K), 0.0053200 secs] [Times: user=0.04 sys=0.00, real=0.00 secs] 
92.806: Total time for which application threads were stopped: 0.0054740 seconds, Stopping threads took: 0.0000730 seconds
92.964: Application time: 0.1587140 seconds
92.964: [GC [PSYoungGen: 50128K->6637K(51200K)] 115643K->82127K(167936K), 0.0049160 secs] [Times: user=0.04 sys=0.00, real=0.01 secs] 
92.969: Total time for which application threads were stopped: 0.0050700 seconds, Stopping threads took: 0.0000740 seconds
93.103: Application time: 0.1331260 seconds
93.103: [GC [PSYoungGen: 50161K->6701K(51200K)] 125651K->92167K(167936K), 0.0048550 secs] [Times: user=0.04 sys=0.00, real=0.01 secs] 
93.108: Total time for which application threads were stopped: 0.0049990 seconds, Stopping threads took: 0.0000630 seconds
93.126: Application time: 0.0187070 seconds
93.126: [GC [PSYoungGen: 50174K->6669K(51200K)] 135641K->94985K(167936K), 0.0032090 secs] [Times: user=0.02 sys=0.00, real=0.00 secs] 
93.130: Total time for which application threads were stopped: 0.0033810 seconds, Stopping threads took: 0.0000870 seconds
93.147: Application time: 0.0174340 seconds
93.147: [GC [PSYoungGen: 50151K->6685K(51200K)] 138468K->99277K(167936K), 0.0035230 secs] [Times: user=0.03 sys=0.00, real=0.00 secs] 
93.151: Total time for which application threads were stopped: 0.0036860 seconds, Stopping threads took: 0.0000720 seconds
93.163: Application time: 0.0123060 seconds
93.163: [GC [PSYoungGen: 50165K->6637K(51200K)] 142757K->99941K(167936K), 0.0025970 secs] [Times: user=0.01 sys=0.00, real=0.01 secs] 
93.166: Total time for which application threads were stopped: 0.0027960 seconds, Stopping threads took: 0.0001080 seconds
93.200: Application time: 0.0336640 seconds
93.200: [GC [PSYoungGen: 50158K->6701K(51200K)] 143463K->105706K(167936K), 0.0039760 secs] [Times: user=0.03 sys=0.00, real=0.00 secs] 
93.204: Total time for which application threads were stopped: 0.0041420 seconds, Stopping threads took: 0.0000850 seconds
93.220: Application time: 0.0165640 seconds
93.220: [GC [PSYoungGen: 50178K->6669K(51200K)] 149183K->107812K(167936K), 0.0030440 secs] [Times: user=0.03 sys=0.00, real=0.00 secs] 
93.223: [Full GC [PSYoungGen: 6669K->0K(51200K)] [ParOldGen: 101142K->28645K(116736K)] 107812K->28645K(167936K) [PSPermGen: 6087K->6087K(21504K)], 0.0108610 secs] [Times: user=0.04 sys=0.01, real=0.01 secs] 
93.234: Total time for which application threads were stopped: 0.0141240 seconds, Stopping threads took: 0.0000890 seconds
93.251: Application time: 0.0168110 seconds
93.251: [GC [PSYoungGen: 43485K->5828K(51200K)] 72130K->34473K(167936K), 0.0020360 secs] [Times: user=0.01 sys=0.00, real=0.00 secs] 
93.253: Total time for which application threads were stopped: 0.0021900 seconds, Stopping threads took: 0.0000810 seconds
93.361: Application time: 0.1074210 seconds
93.361: [GC [PSYoungGen: 49319K->7157K(51200K)] 77964K->45794K(167936K), 0.0051490 secs] [Times: user=0.04 sys=0.01, real=0.01 secs] 
93.366: Total time for which application threads were stopped: 0.0053290 seconds, Stopping threads took: 0.0000990 seconds
93.546: Application time: 0.1797210 seconds
93.546: [GC [PSYoungGen: 50647K->6540K(51200K)] 89284K->55153K(167936K), 0.0048260 secs] [Times: user=0.04 sys=0.00, real=0.00 secs] 
93.551: Total time for which application threads were stopped: 0.0049660 seconds, Stopping threads took: 0.0000580 seconds
93.665: Application time: 0.1141720 seconds
93.665: [GC [PSYoungGen: 50056K->6540K(51200K)] 98669K->65128K(167936K), 0.0050860 secs] [Times: user=0.04 sys=0.00, real=0.01 secs] 
93.670: Total time for which application threads were stopped: 0.0052730 seconds, Stopping threads took: 0.0000920 seconds
93.686: Application time: 0.0158750 seconds
93.686: [GC [PSYoungGen: 50051K->6636K(51200K)] 108639K->68075K(167936K), 0.0031520 secs] [Times: user=0.03 sys=0.00, real=0.00 secs] 
93.689: Total time for which application threads were stopped: 0.0033440 seconds, Stopping threads took: 0.0001060 seconds
93.703: Application time: 0.0132650 seconds
93.703: [GC [PSYoungGen: 50113K->6636K(51200K)] 111551K->68075K(167936K), 0.0022960 secs] [Times: user=0.02 sys=0.00, real=0.00 secs] 
93.706: Total time for which application threads were stopped: 0.0028490 seconds, Stopping threads took: 0.0004720 seconds
93.717: Application time: 0.0110040 seconds
93.717: [GC [PSYoungGen: 50115K->6604K(51200K)] 111553K->70180K(167936K), 0.0028690 secs] [Times: user=0.02 sys=0.00, real=0.01 secs] 
93.720: Total time for which application threads were stopped: 0.0030590 seconds, Stopping threads took: 0.0001090 seconds
93.730: Application time: 0.0098840 seconds
93.730: [GC [PSYoungGen: 50096K->6605K(51200K)] 113671K->72318K(167936K), 0.0029100 secs] [Times: user=0.02 sys=0.00, real=0.00 secs] 
93.733: Total time for which application threads were stopped: 0.0038210 seconds, Stopping threads took: 0.0008300 seconds
93.747: Application time: 0.0134990 seconds
93.747: [GC [PSYoungGen: 50096K->6604K(51200K)] 115810K->75881K(167936K), 0.0033320 secs] [Times: user=0.02 sys=0.00, real=0.00 secs] 
93.750: Total time for which application threads were stopped: 0.0035540 seconds, Stopping threads took: 0.0001400 seconds
93.797: Application time: 0.0463380 seconds
93.797: [GC [PSYoungGen: 50093K->6636K(51200K)] 119370K->81613K(167936K), 0.0036710 secs] [Times: user=0.03 sys=0.00, real=0.01 secs] 
93.801: Total time for which application threads were stopped: 0.0038150 seconds, Stopping threads took: 0.0000560 seconds
93.829: Application time: 0.0284010 seconds
93.829: [GC [PSYoungGen: 50149K->6668K(51200K)] 125125K->88057K(167936K), 0.0041720 secs] [Times: user=0.03 sys=0.00, real=0.00 secs] 
93.833: Total time for which application threads were stopped: 0.0043490 seconds, Stopping threads took: 0.0000920 seconds
93.848: Application time: 0.0142920 seconds
93.848: [GC [PSYoungGen: 50151K->6668K(51200K)] 131541K->94470K(167936K), 0.0041460 secs] [Times: user=0.03 sys=0.00, real=0.00 secs] 
93.852: Total time for which application threads were stopped: 0.0043070 seconds, Stopping threads took: 0.0000760 seconds
93.866: Application time: 0.0141110 seconds
93.866: [GC [PSYoungGen: 50150K->6604K(51200K)] 137952K->95119K(167936K), 0.0026260 secs] [Times: user=0.01 sys=0.00, real=0.00 secs] 
93.869: Total time for which application threads were stopped: 0.0027810 seconds, Stopping threads took: 0.0000780 seconds
94.001: Application time: 0.1323460 seconds
94.001: [GC [PSYoungGen: 50000K->6716K(51200K)] 138515K->101644K(167936K), 0.0039850 secs] [Times: user=0.03 sys=0.00, real=0.00 secs] 
94.005: Total time for which application threads were stopped: 0.0041240 seconds, Stopping threads took: 0.0000600 seconds
94.027: Application time: 0.0217550 seconds
94.027: [GC [PSYoungGen: 50320K->6700K(51200K)] 145247K->108040K(167936K), 0.0041440 secs] [Times: user=0.02 sys=0.00, real=0.00 secs] 
94.031: Total time for which application threads were stopped: 0.0043000 seconds, Stopping threads took: 0.0000740 seconds
94.050: Application time: 0.0184940 seconds
94.050: [GC [PSYoungGen: 50177K->6716K(51200K)] 151517K->108769K(167936K), 0.0026670 secs] [Times: user=0.02 sys=0.00, real=0.00 secs] 
94.053: Total time for which application threads were stopped: 0.0028170 seconds, Stopping threads took: 0.0000760 seconds
94.066: Application time: 0.0136590 seconds
94.066: [GC [PSYoungGen: 50208K->6604K(51200K)] 152261K->110098K(167936K), 0.0026390 secs] [Times: user=0.02 sys=0.00, real=0.00 secs] 
94.069: Total time for which application threads were stopped: 0.0028070 seconds, Stopping threads took: 0.0000920 seconds
94.114: Application time: 0.0448400 seconds
94.114: [GC [PSYoungGen: 50121K->6732K(51200K)] 153614K->120233K(167936K), 0.0051390 secs] [Times: user=0.03 sys=0.00, real=0.01 secs] 
94.119: [Full GC [PSYoungGen: 6732K->0K(51200K)] [ParOldGen: 113500K->26298K(116736K)] 120233K->26298K(167936K) [PSPermGen: 6087K->6087K(21504K)], 0.0104370 secs] [Times: user=0.06 sys=0.00, real=0.01 secs] 
94.130: Total time for which application threads were stopped: 0.0157840 seconds, Stopping threads took: 0.0000740 seconds
94.147: Application time: 0.0170800 seconds
94.147: [GC [PSYoungGen: 43475K->1585K(51200K)] 69773K->27883K(167936K), 0.0007760 secs] [Times: user=0.00 sys=0.00, real=0.00 secs] 
94.148: Total time for which application threads were stopped: 0.0009220 seconds, Stopping threads took: 0.0000850 seconds
94.163: Application time: 0.0154670 seconds
94.163: [GC [PSYoungGen: 45078K->6604K(51200K)] 71376K->35040K(167936K), 0.0029820 secs] [Times: user=0.03 sys=0.00, real=0.01 secs] 
94.166: Total time for which application threads were stopped: 0.0031540 seconds, Stopping threads took: 0.0000900 seconds
94.311: Application time: 0.1449740 seconds
94.312: [GC [PSYoungGen: 50101K->6572K(51200K)] 78537K->45696K(167936K), 0.0050410 secs] [Times: user=0.03 sys=0.00, real=0.00 secs] 
94.317: Total time for which application threads were stopped: 0.0051930 seconds, Stopping threads took: 0.0000620 seconds
94.429: Application time: 0.1127140 seconds
94.429: [GC [PSYoungGen: 50087K->6572K(51200K)] 89211K->56384K(167936K), 0.0053120 secs] [Times: user=0.04 sys=0.00, real=0.00 secs] 
94.435: Total time for which application threads were stopped: 0.0054850 seconds, Stopping threads took: 0.0000900 seconds
94.452: Application time: 0.0174440 seconds
94.452: [GC [PSYoungGen: 50054K->6604K(51200K)] 99866K->57841K(167936K), 0.0026120 secs] [Times: user=0.02 sys=0.00, real=0.00 secs] 
94.455: Total time for which application threads were stopped: 0.0027730 seconds, Stopping threads took: 0.0000760 seconds
94.472: Application time: 0.0171690 seconds
94.472: [GC [PSYoungGen: 50086K->6636K(51200K)] 101323K->59298K(167936K), 0.0026410 secs] [Times: user=0.02 sys=0.00, real=0.00 secs] 
94.475: Total time for which application threads were stopped: 0.0028600 seconds, Stopping threads took: 0.0001400 seconds
94.552: Application time: 0.0768730 seconds
94.552: [GC [PSYoungGen: 50129K->6636K(51200K)] 102790K->69273K(167936K), 0.0048900 secs] [Times: user=0.04 sys=0.00, real=0.00 secs] 
94.557: Total time for which application threads were stopped: 0.0050310 seconds, Stopping threads took: 0.0000590 seconds
94.746: Application time: 0.1895210 seconds
94.747: [GC [PSYoungGen: 50122K->6668K(51200K)] 112759K->78568K(167936K), 0.0047270 secs] [Times: user=0.03 sys=0.00, real=0.00 secs] 
94.751: Total time for which application threads were stopped: 0.0048850 seconds, Stopping threads took: 0.0000780 seconds
94.960: Application time: 0.2089500 seconds
94.960: [GC [PSYoungGen: 50164K->6668K(51200K)] 122064K->89256K(167936K), 0.0050440 secs] [Times: user=0.04 sys=0.00, real=0.00 secs] 
94.966: Total time for which application threads were stopped: 0.0051950 seconds, Stopping threads took: 0.0000570 seconds
95.148: Application time: 0.1824480 seconds
95.148: [GC [PSYoungGen: 50165K->6700K(51200K)] 132752K->99975K(167936K), 0.0050840 secs] [Times: user=0.03 sys=0.00, real=0.00 secs] 
95.153: Total time for which application threads were stopped: 0.0052320 seconds, Stopping threads took: 0.0000680 seconds
95.356: Application time: 0.2030670 seconds
95.356: [GC [PSYoungGen: 50197K->6700K(51200K)] 143472K->110663K(167936K), 0.0050880 secs] [Times: user=0.04 sys=0.00, real=0.01 secs] 
95.362: [Full GC [PSYoungGen: 6700K->0K(51200K)] [ParOldGen: 103962K->28435K(116736K)] 110663K->28435K(167936K) [PSPermGen: 6087K->6087K(21504K)], 0.0108930 secs] [Times: user=0.06 sys=0.00, real=0.01 secs] 
95.372: Total time for which application threads were stopped: 0.0161780 seconds, Stopping threads took: 0.0000660 seconds
95.541: Application time: 0.1684840 seconds
95.541: [GC [PSYoungGen: 43486K->7157K(51200K)] 71922K->44151K(167936K), 0.0047840 secs] [Times: user=0.03 sys=0.00, real=0.01 secs] 
95.546: Total time for which application threads were stopped: 0.0049340 seconds, Stopping threads took: 0.0000620 seconds
95.723: Application time: 0.1769130 seconds
95.723: [GC [PSYoungGen: 50646K->6540K(51200K)] 87640K->52797K(167936K), 0.0046830 secs] [Times: user=0.03 sys=0.00, real=0.01 secs] 
95.728: Total time for which application threads were stopped: 0.0048370 seconds, Stopping threads took: 0.0000630 seconds
95.894: Application time: 0.1659210 seconds
95.894: [GC [PSYoungGen: 50039K->6636K(51200K)] 96296K->62156K(167936K), 0.0046690 secs] [Times: user=0.03 sys=0.00, real=0.01 secs] 
95.898: Total time for which application threads were stopped: 0.0048890 seconds, Stopping threads took: 0.0001420 seconds
96.050: Application time: 0.1515030 seconds
96.050: [GC [PSYoungGen: 50127K->6604K(51200K)] 105647K->72100K(167936K), 0.0049360 secs] [Times: user=0.04 sys=0.00, real=0.00 secs] 
96.055: Total time for which application threads were stopped: 0.0050890 seconds, Stopping threads took: 0.0000590 seconds
96.204: Application time: 0.1491980 seconds
96.204: [GC [PSYoungGen: 50112K->6669K(51200K)] 115608K->83565K(167936K), 0.0053340 secs] [Times: user=0.04 sys=0.00, real=0.01 secs] 
96.210: Total time for which application threads were stopped: 0.0054910 seconds, Stopping threads took: 0.0000740 seconds
96.385: Application time: 0.1752470 seconds
96.385: [GC [PSYoungGen: 50151K->6669K(51200K)] 127047K->92828K(167936K), 0.0047210 secs] [Times: user=0.03 sys=0.00, real=0.01 secs] 
96.390: Total time for which application threads were stopped: 0.0048710 seconds, Stopping threads took: 0.0000670 seconds
96.524: Application time: 0.1338030 seconds
96.524: [GC [PSYoungGen: 50160K->6669K(51200K)] 136320K->102804K(167936K), 0.0049220 secs] [Times: user=0.04 sys=0.00, real=0.01 secs] 
96.529: Total time for which application threads were stopped: 0.0050940 seconds, Stopping threads took: 0.0000850 seconds
96.689: Application time: 0.1600380 seconds
96.689: [GC [PSYoungGen: 50160K->6669K(51200K)] 146296K->110643K(167936K), 0.0043770 secs] [Times: user=0.03 sys=0.00, real=0.00 secs] 
96.693: [Full GC [PSYoungGen: 6669K->0K(51200K)] [ParOldGen: 103974K->24874K(116736K)] 110643K->24874K(167936K) [PSPermGen: 6087K->6087K(21504K)], 0.0102990 secs] [Times: user=0.06 sys=0.00, real=0.01 secs] 
96.704: Total time for which application threads were stopped: 0.0148910 seconds, Stopping threads took: 0.0000670 seconds
96.862: Application time: 0.1580820 seconds
96.862: [GC [PSYoungGen: 43500K->6573K(51200K)] 68375K->40711K(167936K), 0.0047520 secs] [Times: user=0.04 sys=0.00, real=0.01 secs] 
96.867: Total time for which application threads were stopped: 0.0049170 seconds, Stopping threads took: 0.0000810 seconds
97.031: Application time: 0.1638890 seconds
97.031: [GC [PSYoungGen: 50064K->6637K(51200K)] 84203K->50751K(167936K), 0.0048710 secs] [Times: user=0.03 sys=0.00, real=0.00 secs] 
97.036: Total time for which application threads were stopped: 0.0050170 seconds, Stopping threads took: 0.0000680 seconds
97.140: Application time: 0.1039800 seconds
97.140: [GC [PSYoungGen: 50162K->6605K(51200K)] 94276K->60695K(167936K), 0.0051650 secs] [Times: user=0.03 sys=0.00, real=0.00 secs] 
97.145: Total time for which application threads were stopped: 0.0053320 seconds, Stopping threads took: 0.0000850 seconds
97.163: Application time: 0.0181110 seconds
97.163: [GC [PSYoungGen: 50087K->6573K(51200K)] 104177K->60663K(167936K), 0.0022770 secs] [Times: user=0.01 sys=0.00, real=0.00 secs] 
97.165: Total time for which application threads were stopped: 0.0024150 seconds, Stopping threads took: 0.0000670 seconds
97.181: Application time: 0.0159670 seconds
97.182: [GC [PSYoungGen: 50563K->6717K(51200K)] 104654K->62945K(167936K), 0.0029840 secs] [Times: user=0.02 sys=0.00, real=0.00 secs] 
97.185: Total time for which application threads were stopped: 0.0031540 seconds, Stopping threads took: 0.0000900 seconds
97.197: Application time: 0.0128660 seconds
97.198: [GC [PSYoungGen: 50440K->6605K(51200K)] 106669K->67821K(167936K), 0.0036830 secs] [Times: user=0.02 sys=0.00, real=0.00 secs] 
97.202: Total time for which application threads were stopped: 0.0041400 seconds, Stopping threads took: 0.0003470 seconds
97.217: Application time: 0.0155080 seconds
97.217: [GC [PSYoungGen: 50083K->6669K(51200K)] 111299K->72160K(167936K), 0.0035350 secs] [Times: user=0.02 sys=0.00, real=0.01 secs] 
97.221: Total time for which application threads were stopped: 0.0037120 seconds, Stopping threads took: 0.0000950 seconds
97.240: Application time: 0.0194080 seconds
97.240: [GC [PSYoungGen: 50158K->6701K(51200K)] 115649K->74330K(167936K), 0.0029950 secs] [Times: user=0.02 sys=0.00, real=0.00 secs] 
97.243: Total time for which application threads were stopped: 0.0031660 seconds, Stopping threads took: 0.0000890 seconds
97.288: Application time: 0.0449300 seconds
97.288: [GC [PSYoungGen: 50189K->6653K(51200K)] 117818K->79982K(167936K), 0.0038130 secs] [Times: user=0.03 sys=0.00, real=0.00 secs] 
97.292: Total time for which application threads were stopped: 0.0039760 seconds, Stopping threads took: 0.0000830 seconds
97.448: Application time: 0.1556600 seconds
97.448: [GC [PSYoungGen: 50143K->6700K(51200K)] 123473K->90006K(167936K), 0.0049750 secs] [Times: user=0.04 sys=0.00, real=0.00 secs] 
97.453: Total time for which application threads were stopped: 0.0051230 seconds, Stopping threads took: 0.0000700 seconds
97.620: Application time: 0.1669450 seconds
97.620: [GC [PSYoungGen: 50182K->6668K(51200K)] 133488K->99237K(167936K), 0.0047660 secs] [Times: user=0.04 sys=0.00, real=0.00 secs] 
97.625: Total time for which application threads were stopped: 0.0049120 seconds, Stopping threads took: 0.0000640 seconds
97.707: Application time: 0.0824760 seconds
97.708: [GC [PSYoungGen: 50183K->6764K(51200K)] 142752K->109309K(167936K), 0.0051710 secs] [Times: user=0.04 sys=0.00, real=0.00 secs] 
97.713: [Full GC [PSYoungGen: 6764K->0K(51200K)] [ParOldGen: 102544K->28644K(116736K)] 109309K->28644K(167936K) [PSPermGen: 6087K->6087K(21504K)], 0.0111010 secs] [Times: user=0.06 sys=0.00, real=0.01 secs] 
97.724: Total time for which application threads were stopped: 0.0165110 seconds, Stopping threads took: 0.0000950 seconds
97.740: Application time: 0.0163800 seconds
97.740: [GC [PSYoungGen: 43484K->3754K(51200K)] 72128K->32398K(167936K), 0.0013890 secs] [Times: user=0.01 sys=0.00, real=0.00 secs] 
97.742: Total time for which application threads were stopped: 0.0015320 seconds, Stopping threads took: 0.0000840 seconds
97.758: Application time: 0.0158320 seconds
97.758: [GC [PSYoungGen: 47237K->6573K(51200K)] 75881K->35217K(167936K), 0.0023120 secs] [Times: user=0.02 sys=0.00, real=0.00 secs] 
97.760: Total time for which application threads were stopped: 0.0024600 seconds, Stopping threads took: 0.0000730 seconds
97.830: Application time: 0.0701630 seconds
97.830: [GC [PSYoungGen: 50097K->6540K(51200K)] 78741K->45160K(167936K), 0.0049850 secs] [Times: user=0.04 sys=0.00, real=0.00 secs] 
97.835: Total time for which application threads were stopped: 0.0051400 seconds, Stopping threads took: 0.0000750 seconds
97.852: Application time: 0.0161640 seconds
97.852: [GC [PSYoungGen: 50018K->6636K(51200K)] 88638K->48818K(167936K), 0.0033150 secs] [Times: user=0.03 sys=0.00, real=0.00 secs] 
97.855: Total time for which application threads were stopped: 0.0034850 seconds, Stopping threads took: 0.0000880 seconds
97.872: Application time: 0.0170990 seconds
97.873: [GC [PSYoungGen: 50152K->6572K(51200K)] 92334K->52317K(167936K), 0.0032650 secs] [Times: user=0.03 sys=0.00, real=0.00 secs] 
97.876: Total time for which application threads were stopped: 0.0037050 seconds, Stopping threads took: 0.0003590 seconds
97.887: Application time: 0.0113950 seconds
97.887: [GC [PSYoungGen: 50054K->6604K(51200K)] 95798K->53062K(167936K), 0.0025680 secs] [Times: user=0.02 sys=0.00, real=0.00 secs] 
97.890: Total time for which application threads were stopped: 0.0028050 seconds, Stopping threads took: 0.0001610 seconds
97.902: Application time: 0.0117340 seconds
97.902: [GC [PSYoungGen: 50089K->6604K(51200K)] 96547K->55912K(167936K), 0.0031330 secs] [Times: user=0.02 sys=0.00, real=0.00 secs] 
97.905: Total time for which application threads were stopped: 0.0032900 seconds, Stopping threads took: 0.0000790 seconds
97.923: Application time: 0.0179590 seconds
97.923: [GC [PSYoungGen: 50085K->6636K(51200K)] 99393K->58794K(167936K), 0.0031360 secs] [Times: user=0.03 sys=0.00, real=0.01 secs] 
97.926: Total time for which application threads were stopped: 0.0032920 seconds, Stopping threads took: 0.0000780 seconds
97.957: Application time: 0.0309590 seconds
97.957: [GC [PSYoungGen: 50128K->6636K(51200K)] 102286K->60219K(167936K), 0.0025020 secs] [Times: user=0.02 sys=0.00, real=0.01 secs] 
97.960: Total time for which application threads were stopped: 0.0026350 seconds, Stopping threads took: 0.0000550 seconds
98.009: Application time: 0.0494760 seconds
98.010: [GC [PSYoungGen: 50153K->6620K(51200K)] 103735K->69466K(167936K), 0.0049470 secs] [Times: user=0.03 sys=0.00, real=0.00 secs] 
98.015: Total time for which application threads were stopped: 0.0051100 seconds, Stopping threads took: 0.0000780 seconds
98.031: Application time: 0.0160410 seconds
98.031: [GC [PSYoungGen: 50099K->6588K(51200K)] 112945K->72996K(167936K), 0.0034200 secs] [Times: user=0.03 sys=0.01, real=0.00 secs] 
98.034: Total time for which application threads were stopped: 0.0035920 seconds, Stopping threads took: 0.0000930 seconds
98.048: Application time: 0.0141380 seconds
98.048: [GC [PSYoungGen: 50070K->6636K(51200K)] 116478K->74470K(167936K), 0.0028030 secs] [Times: user=0.02 sys=0.00, real=0.00 secs] 
98.051: Total time for which application threads were stopped: 0.0029660 seconds, Stopping threads took: 0.0000850 seconds
98.194: Application time: 0.1426180 seconds
98.194: [GC [PSYoungGen: 50125K->6588K(51200K)] 117959K->85109K(167936K), 0.0051480 secs] [Times: user=0.04 sys=0.00, real=0.01 secs] 
98.199: Total time for which application threads were stopped: 0.0052950 seconds, Stopping threads took: 0.0000680 seconds
98.256: Application time: 0.0570510 seconds
98.256: [GC [PSYoungGen: 50111K->6716K(51200K)] 128632K->95213K(167936K), 0.0051510 secs] [Times: user=0.04 sys=0.00, real=0.01 secs] 
98.262: Total time for which application threads were stopped: 0.0053430 seconds, Stopping threads took: 0.0001010 seconds
98.278: Application time: 0.0160870 seconds
98.278: [GC [PSYoungGen: 50193K->6668K(51200K)] 138690K->97302K(167936K), 0.0031150 secs] [Times: user=0.02 sys=0.00, real=0.00 secs] 
98.281: Total time for which application threads were stopped: 0.0032760 seconds, Stopping threads took: 0.0000870 seconds
98.295: Application time: 0.0140680 seconds
98.295: [GC [PSYoungGen: 50155K->6764K(51200K)] 140789K->102386K(167936K), 0.0037120 secs] [Times: user=0.03 sys=0.00, real=0.01 secs] 
98.299: Total time for which application threads were stopped: 0.0039400 seconds, Stopping threads took: 0.0001500 seconds
98.448: Application time: 0.1491080 seconds
98.448: [GC [PSYoungGen: 50261K->6796K(51200K)] 145883K->111681K(167936K), 0.0046390 secs] [Times: user=0.04 sys=0.00, real=0.00 secs] 
98.453: [Full GC [PSYoungGen: 6796K->0K(51200K)] [ParOldGen: 104884K->25586K(116736K)] 111681K->25586K(167936K) [PSPermGen: 6087K->6087K(21504K)], 0.0104640 secs] [Times: user=0.05 sys=0.00, real=0.01 secs] 
98.464: Total time for which application threads were stopped: 0.0153930 seconds, Stopping threads took: 0.0001590 seconds
98.557: Application time: 0.0932910 seconds
98.557: [GC [PSYoungGen: 43514K->6508K(51200K)] 69100K->39220K(167936K), 0.0042420 secs] [Times: user=0.03 sys=0.00, real=0.01 secs] 
98.561: Total time for which application threads were stopped: 0.0043960 seconds, Stopping threads took: 0.0000710 seconds
98.577: Application time: 0.0158650 seconds
98.577: [GC [PSYoungGen: 49996K->7157K(51200K)] 82708K->44183K(167936K), 0.0035410 secs] [Times: user=0.02 sys=0.00, real=0.01 secs] 
98.581: Total time for which application threads were stopped: 0.0036940 seconds, Stopping threads took: 0.0000720 seconds
98.597: Application time: 0.0162870 seconds
98.597: [GC [PSYoungGen: 50639K->7157K(51200K)] 87666K->46353K(167936K), 0.0031590 secs] [Times: user=0.03 sys=0.00, real=0.01 secs] 
98.600: Total time for which application threads were stopped: 0.0033290 seconds, Stopping threads took: 0.0000900 seconds
98.711: Application time: 0.1109350 seconds
98.711: [GC [PSYoungGen: 50649K->7157K(51200K)] 89845K->56336K(167936K), 0.0051060 secs] [Times: user=0.03 sys=0.00, real=0.00 secs] 
98.717: Total time for which application threads were stopped: 0.0052550 seconds, Stopping threads took: 0.0000640 seconds
98.905: Application time: 0.1888070 seconds
98.906: [GC [PSYoungGen: 50645K->6540K(51200K)] 99824K->65695K(167936K), 0.0049650 secs] [Times: user=0.04 sys=0.00, real=0.01 secs] 
98.911: Total time for which application threads were stopped: 0.0051250 seconds, Stopping threads took: 0.0000720 seconds
99.116: Application time: 0.2057830 seconds
99.116: [GC [PSYoungGen: 50043K->6604K(51200K)] 109198K->76447K(167936K), 0.0050410 secs] [Times: user=0.04 sys=0.00, real=0.01 secs] 
99.122: Total time for which application threads were stopped: 0.0051980 seconds, Stopping threads took: 0.0000710 seconds
99.313: Application time: 0.1912620 seconds
99.313: [GC [PSYoungGen: 50107K->6668K(51200K)] 119950K->86486K(167936K), 0.0049290 secs] [Times: user=0.03 sys=0.00, real=0.01 secs] 
99.318: Total time for which application threads were stopped: 0.0050680 seconds, Stopping threads took: 0.0000550 seconds
99.486: Application time: 0.1677200 seconds
99.486: [GC [PSYoungGen: 50154K->6668K(51200K)] 129972K->96461K(167936K), 0.0049790 secs] [Times: user=0.03 sys=0.00, real=0.00 secs] 
99.491: Total time for which application threads were stopped: 0.0051510 seconds, Stopping threads took: 0.0000730 seconds
99.720: Application time: 0.2295000 seconds
99.720: [GC [PSYoungGen: 50157K->6668K(51200K)] 139950K->105724K(167936K), 0.0046220 secs] [Times: user=0.04 sys=0.00, real=0.00 secs] 
99.725: Total time for which application threads were stopped: 0.0047710 seconds, Stopping threads took: 0.0000700 seconds
99.896: Application time: 0.1709960 seconds
99.896: [GC [PSYoungGen: 50149K->6668K(51200K)] 149205K->115700K(167936K), 0.0049480 secs] [Times: user=0.03 sys=0.00, real=0.01 secs] 
99.901: [Full GC [PSYoungGen: 6668K->0K(51200K)] [ParOldGen: 109031K->28436K(116736K)] 115700K->28436K(167936K) [PSPermGen: 6087K->6087K(21504K)], 0.0110360 secs] [Times: user=0.07 sys=0.00, real=0.01 secs] 
99.912: Total time for which application threads were stopped: 0.0162070 seconds, Stopping threads took: 0.0000870 seconds
100.078: Application time: 0.1656170 seconds
100.078: [GC [PSYoungGen: 43498K->6572K(51200K)] 71935K->45697K(167936K), 0.0050710 secs] [Times: user=0.04 sys=0.00, real=0.00 secs] 
100.083: Total time for which application threads were stopped: 0.0052340 seconds, Stopping threads took: 0.0000700 seconds
100.245: Application time: 0.1622700 seconds
100.245: [GC [PSYoungGen: 50072K->6604K(51200K)] 89196K->55705K(167936K), 0.0049470 secs] [Times: user=0.04 sys=0.00, real=0.01 secs] 
100.250: Total time for which application threads were stopped: 0.0050930 seconds, Stopping threads took: 0.0000620 seconds
100.405: Application time: 0.1541200 seconds
100.405: [GC [PSYoungGen: 50104K->6669K(51200K)] 99204K->65032K(167936K), 0.0047400 secs] [Times: user=0.03 sys=0.00, real=0.01 secs] 
100.409: Total time for which application threads were stopped: 0.0048860 seconds, Stopping threads took: 0.0000600 seconds
100.572: Application time: 0.1628140 seconds
100.572: [GC [PSYoungGen: 50159K->6669K(51200K)] 108523K->75721K(167936K), 0.0054740 secs] [Times: user=0.03 sys=0.00, real=0.01 secs] 
100.578: Total time for which application threads were stopped: 0.0056430 seconds, Stopping threads took: 0.0000730 seconds
100.739: Application time: 0.1612190 seconds
100.739: [GC [PSYoungGen: 50160K->6669K(51200K)] 119212K->84984K(167936K), 0.0047840 secs] [Times: user=0.03 sys=0.00, real=0.00 secs] 
100.744: Total time for which application threads were stopped: 0.0049340 seconds, Stopping threads took: 0.0000590 seconds
100.905: Application time: 0.1607120 seconds
100.905: [GC [PSYoungGen: 50161K->6669K(51200K)] 128476K->94248K(167936K), 0.0047720 secs] [Times: user=0.03 sys=0.01, real=0.01 secs] 
100.910: Total time for which application threads were stopped: 0.0049450 seconds, Stopping threads took: 0.0000800 seconds
101.060: Application time: 0.1504270 seconds
101.060: [GC [PSYoungGen: 50160K->6669K(51200K)] 137739K->103511K(167936K), 0.0047530 secs] [Times: user=0.03 sys=0.00, real=0.00 secs] 
101.065: Total time for which application threads were stopped: 0.0048930 seconds, Stopping threads took: 0.0000600 seconds
101.195: Application time: 0.1298210 seconds
101.195: [GC [PSYoungGen: 50160K->6669K(51200K)] 147003K->114200K(167936K), 0.0052620 secs] [Times: user=0.04 sys=0.00, real=0.01 secs] 
101.200: [Full GC [PSYoungGen: 6669K->0K(51200K)] [ParOldGen: 107531K->29863K(116736K)] 114200K->29863K(167936K) [PSPermGen: 6087K->6087K(21504K)], 0.0112270 secs] [Times: user=0.06 sys=0.00, real=0.01 secs] 
101.212: Total time for which application threads were stopped: 0.0167130 seconds, Stopping threads took: 0.0000900 seconds
101.307: Application time: 0.0958660 seconds
101.308: [GC [PSYoungGen: 43515K->7157K(51200K)] 73379K->47060K(167936K), 0.0053010 secs] [Times: user=0.04 sys=0.00, real=0.00 secs] 
101.313: Total time for which application threads were stopped: 0.0054790 seconds, Stopping threads took: 0.0000810 seconds
101.329: Application time: 0.0160670 seconds
101.329: [GC [PSYoungGen: 50650K->6605K(51200K)] 90554K->48646K(167936K), 0.0029720 secs] [Times: user=0.02 sys=0.00, real=0.00 secs] 
101.332: Total time for which application threads were stopped: 0.0031370 seconds, Stopping threads took: 0.0000870 seconds
101.348: Application time: 0.0159280 seconds
101.348: [GC [PSYoungGen: 50086K->6573K(51200K)] 92127K->50039K(167936K), 0.0027630 secs] [Times: user=0.02 sys=0.00, real=0.00 secs] 
101.351: Total time for which application threads were stopped: 0.0029280 seconds, Stopping threads took: 0.0000860 seconds
101.389: Application time: 0.0383190 seconds
101.389: [GC [PSYoungGen: 50093K->6573K(51200K)] 93560K->57165K(167936K), 0.0043260 secs] [Times: user=0.03 sys=0.00, real=0.00 secs] 
101.394: Total time for which application threads were stopped: 0.0044840 seconds, Stopping threads took: 0.0000750 seconds
101.410: Application time: 0.0162930 seconds
101.410: [GC [PSYoungGen: 50049K->6541K(51200K)] 100641K->57133K(167936K), 0.0023500 secs] [Times: user=0.02 sys=0.00, real=0.00 secs] 
101.413: Total time for which application threads were stopped: 0.0024970 seconds, Stopping threads took: 0.0000710 seconds
101.431: Application time: 0.0179770 seconds
101.431: [GC [PSYoungGen: 50029K->6605K(51200K)] 100621K->60760K(167936K), 0.0033860 secs] [Times: user=0.02 sys=0.00, real=0.00 secs] 
101.434: Total time for which application threads were stopped: 0.0035420 seconds, Stopping threads took: 0.0000720 seconds
101.483: Application time: 0.0492340 seconds
101.483: [GC [PSYoungGen: 50095K->6541K(51200K)] 104250K->67821K(167936K), 0.0042710 secs] [Times: user=0.02 sys=0.00, real=0.01 secs] 
101.488: Total time for which application threads were stopped: 0.0044240 seconds, Stopping threads took: 0.0000760 seconds
101.654: Application time: 0.1658500 seconds
101.654: [GC [PSYoungGen: 50031K->6572K(51200K)] 111312K->77116K(167936K), 0.0047810 secs] [Times: user=0.03 sys=0.00, real=0.01 secs] 
101.659: Total time for which application threads were stopped: 0.0049570 seconds, Stopping threads took: 0.0000910 seconds
101.756: Application time: 0.0977290 seconds
101.756: [GC [PSYoungGen: 50088K->6636K(51200K)] 120632K->87156K(167936K), 0.0051160 secs] [Times: user=0.04 sys=0.00, real=0.01 secs] 
101.762: Total time for which application threads were stopped: 0.0052860 seconds, Stopping threads took: 0.0000850 seconds
101.779: Application time: 0.0172730 seconds
101.779: [GC [PSYoungGen: 50118K->6668K(51200K)] 130638K->87188K(167936K), 0.0024010 secs] [Times: user=0.02 sys=0.00, real=0.00 secs] 
101.781: Total time for which application threads were stopped: 0.0025580 seconds, Stopping threads took: 0.0000850 seconds
101.797: Application time: 0.0153900 seconds
101.797: [GC [PSYoungGen: 50153K->6668K(51200K)] 130672K->90751K(167936K), 0.0033570 secs] [Times: user=0.03 sys=0.00, real=0.01 secs] 
101.800: Total time for which application threads were stopped: 0.0035250 seconds, Stopping threads took: 0.0000870 seconds
101.879: Application time: 0.0785020 seconds
101.879: [GC [PSYoungGen: 50161K->6604K(51200K)] 134243K->101374K(167936K), 0.0051210 secs] [Times: user=0.04 sys=0.00, real=0.00 secs] 
101.884: Total time for which application threads were stopped: 0.0052800 seconds, Stopping threads took: 0.0000710 seconds
102.019: Application time: 0.1343800 seconds
102.019: [GC [PSYoungGen: 50120K->6700K(51200K)] 144890K->111446K(167936K), 0.0051170 secs] [Times: user=0.04 sys=0.00, real=0.00 secs] 
102.024: [Full GC [PSYoungGen: 6700K->0K(51200K)] [ParOldGen: 104745K->27931K(116736K)] 111446K->27931K(167936K) [PSPermGen: 6087K->6087K(21504K)], 0.0103810 secs] [Times: user=0.06 sys=0.00, real=0.01 secs] 
102.034: Total time for which application threads were stopped: 0.0157040 seconds, Stopping threads took: 0.0000730 seconds
102.050: Application time: 0.0157530 seconds
102.050: [GC [PSYoungGen: 43477K->5860K(51200K)] 71409K->33791K(167936K), 0.0021020 secs] [Times: user=0.02 sys=0.00, real=0.00 secs] 
102.052: Total time for which application threads were stopped: 0.0022640 seconds, Stopping threads took: 0.0000840 seconds
102.071: Application time: 0.0189040 seconds
102.071: [GC [PSYoungGen: 49342K->6508K(51200K)] 77273K->38002K(167936K), 0.0032820 secs] [Times: user=0.02 sys=0.00, real=0.00 secs] 
102.075: Total time for which application threads were stopped: 0.0034450 seconds, Stopping threads took: 0.0000840 seconds
102.097: Application time: 0.0224910 seconds
102.097: [GC [PSYoungGen: 50034K->6540K(51200K)] 81528K->42309K(167936K), 0.0032100 secs] [Times: user=0.02 sys=0.00, real=0.01 secs] 
102.100: Total time for which application threads were stopped: 0.0033810 seconds, Stopping threads took: 0.0000890 seconds
102.119: Application time: 0.0180790 seconds
102.119: [GC [PSYoungGen: 50014K->6572K(51200K)] 85783K->45904K(167936K), 0.0033780 secs] [Times: user=0.02 sys=0.00, real=0.00 secs] 
102.122: Total time for which application threads were stopped: 0.0035360 seconds, Stopping threads took: 0.0000780 seconds
102.141: Application time: 0.0187250 seconds
102.141: [GC [PSYoungGen: 50054K->6540K(51200K)] 89385K->46585K(167936K), 0.0024780 secs] [Times: user=0.02 sys=0.00, real=0.00 secs] 
102.144: Total time for which application threads were stopped: 0.0026890 seconds, Stopping threads took: 0.0001300 seconds
102.156: Application time: 0.0128310 seconds
102.156: [GC [PSYoungGen: 50034K->6572K(51200K)] 90078K->50892K(167936K), 0.0032970 secs] [Times: user=0.03 sys=0.00, real=0.01 secs] 
102.160: Total time for which application threads were stopped: 0.0034710 seconds, Stopping threads took: 0.0000950 seconds
102.216: Application time: 0.0565610 seconds
102.217: [GC [PSYoungGen: 50085K->6620K(51200K)] 94404K->57352K(167936K), 0.0041560 secs] [Times: user=0.03 sys=0.00, real=0.01 secs] 
102.221: Total time for which application threads were stopped: 0.0043410 seconds, Stopping threads took: 0.0001040 seconds
102.238: Application time: 0.0174030 seconds
102.238: [GC [PSYoungGen: 50098K->6636K(51200K)] 100830K->58793K(167936K), 0.0026020 secs] [Times: user=0.02 sys=0.00, real=0.00 secs] 
102.241: Total time for which application threads were stopped: 0.0027440 seconds, Stopping threads took: 0.0000650 seconds
102.253: Application time: 0.0123360 seconds
102.253: [GC [PSYoungGen: 50125K->6604K(51200K)] 102282K->65174K(167936K), 0.0041680 secs] [Times: user=0.03 sys=0.00, real=0.00 secs] 
102.258: Total time for which application threads were stopped: 0.0043360 seconds, Stopping threads took: 0.0000870 seconds
102.364: Application time: 0.1066820 seconds
102.365: [GC [PSYoungGen: 50128K->6700K(51200K)] 108698K->75245K(167936K), 0.0050300 secs] [Times: user=0.04 sys=0.00, real=0.01 secs] 
102.370: Total time for which application threads were stopped: 0.0058720 seconds, Stopping threads took: 0.0007600 seconds
102.387: Application time: 0.0172320 seconds
102.387: [GC [PSYoungGen: 50174K->6652K(51200K)] 118719K->76622K(167936K), 0.0027760 secs] [Times: user=0.02 sys=0.00, real=0.00 secs] 
102.390: Total time for which application threads were stopped: 0.0029470 seconds, Stopping threads took: 0.0000820 seconds
102.409: Application time: 0.0186180 seconds
102.409: [GC [PSYoungGen: 50143K->6668K(51200K)] 120113K->80201K(167936K), 0.0033350 secs] [Times: user=0.03 sys=0.00, real=0.00 secs] 
102.412: Total time for which application threads were stopped: 0.0035040 seconds, Stopping threads took: 0.0000890 seconds
102.458: Application time: 0.0451680 seconds
102.458: [GC [PSYoungGen: 50163K->6668K(51200K)] 123696K->85901K(167936K), 0.0037200 secs] [Times: user=0.03 sys=0.00, real=0.00 secs] 
102.461: Total time for which application threads were stopped: 0.0038810 seconds, Stopping threads took: 0.0000850 seconds
102.628: Application time: 0.1662990 seconds
102.628: [GC [PSYoungGen: 50193K->6684K(51200K)] 129425K->97317K(167936K), 0.0055490 secs] [Times: user=0.04 sys=0.00, real=0.00 secs] 
102.633: Total time for which application threads were stopped: 0.0056920 seconds, Stopping threads took: 0.0000610 seconds
102.651: Application time: 0.0174510 seconds
102.651: [GC [PSYoungGen: 50160K->6732K(51200K)] 140793K->100215K(167936K), 0.0032130 secs] [Times: user=0.02 sys=0.00, real=0.00 secs] 
102.654: Total time for which application threads were stopped: 0.0033610 seconds, Stopping threads took: 0.0000700 seconds
102.673: Application time: 0.0184260 seconds
102.673: [GC [PSYoungGen: 50216K->6684K(51200K)] 143699K->103018K(167936K), 0.0030820 secs] [Times: user=0.02 sys=0.00, real=0.00 secs] 
102.676: Total time for which application threads were stopped: 0.0034860 seconds, Stopping threads took: 0.0003240 seconds
102.688: Application time: 0.0115500 seconds
102.688: [GC [PSYoungGen: 50171K->6732K(51200K)] 146504K->107341K(167936K), 0.0035480 secs] [Times: user=0.03 sys=0.00, real=0.00 secs] 
102.691: Total time for which application threads were stopped: 0.0037280 seconds, Stopping threads took: 0.0000950 seconds
102.907: Application time: 0.2152910 seconds
102.907: [GC [PSYoungGen: 50229K->6732K(51200K)] 150837K->116667K(167936K), 0.0047850 secs] [Times: user=0.04 sys=0.00, real=0.00 secs] 
102.912: [Full GC [PSYoungGen: 6732K->0K(51200K)] [ParOldGen: 109935K->25586K(116736K)] 116667K->25586K(167936K) [PSPermGen: 6088K->6088K(21504K)], 0.0107230 secs] [Times: user=0.05 sys=0.00, real=0.01 secs] 
102.923: Total time for which application threads were stopped: 0.0158250 seconds, Stopping threads took: 0.0001720 seconds
103.111: Application time: 0.1882020 seconds
103.111: [GC [PSYoungGen: 43485K->7157K(51200K)] 69072K->42022K(167936K), 0.0049440 secs] [Times: user=0.04 sys=0.00, real=0.00 secs] 
103.116: Total time for which application threads were stopped: 0.0050990 seconds, Stopping threads took: 0.0000710 seconds
103.324: Application time: 0.2077550 seconds
103.324: [GC [PSYoungGen: 50651K->6540K(51200K)] 85517K->51381K(167936K), 0.0048410 secs] [Times: user=0.04 sys=0.00, real=0.01 secs] 
103.329: Total time for which application threads were stopped: 0.0049850 seconds, Stopping threads took: 0.0000620 seconds
103.509: Application time: 0.1808600 seconds
103.510: [GC [PSYoungGen: 50037K->6572K(51200K)] 94878K->62101K(167936K), 0.0051510 secs] [Times: user=0.04 sys=0.00, real=0.00 secs] 
103.515: Total time for which application threads were stopped: 0.0053120 seconds, Stopping threads took: 0.0000680 seconds
103.690: Application time: 0.1754210 seconds
103.690: [GC [PSYoungGen: 50067K->6668K(51200K)] 105596K->73597K(167936K), 0.0052880 secs] [Times: user=0.04 sys=0.00, real=0.00 secs] 
103.696: Total time for which application threads were stopped: 0.0054430 seconds, Stopping threads took: 0.0000720 seconds
103.861: Application time: 0.1656610 seconds
103.861: [GC [PSYoungGen: 50157K->6668K(51200K)] 117086K->83572K(167936K), 0.0049200 secs] [Times: user=0.04 sys=0.00, real=0.01 secs] 
103.866: Total time for which application threads were stopped: 0.0050730 seconds, Stopping threads took: 0.0000720 seconds
104.075: Application time: 0.2083470 seconds
104.075: [GC [PSYoungGen: 50157K->6668K(51200K)] 127062K->93548K(167936K), 0.0049010 secs] [Times: user=0.03 sys=0.00, real=0.01 secs] 
104.080: Total time for which application threads were stopped: 0.0050500 seconds, Stopping threads took: 0.0000560 seconds
104.245: Application time: 0.1651090 seconds
104.245: [GC [PSYoungGen: 50158K->6668K(51200K)] 137038K->103524K(167936K), 0.0049210 secs] [Times: user=0.04 sys=0.00, real=0.01 secs] 
104.250: Total time for which application threads were stopped: 0.0050670 seconds, Stopping threads took: 0.0000660 seconds
104.411: Application time: 0.1609450 seconds
104.411: [GC [PSYoungGen: 50176K->6668K(51200K)] 147031K->113500K(167936K), 0.0048190 secs] [Times: user=0.03 sys=0.00, real=0.00 secs] 
104.416: [Full GC [PSYoungGen: 6668K->0K(51200K)] [ParOldGen: 106831K->24875K(116736K)] 113500K->24875K(167936K) [PSPermGen: 6088K->6088K(21504K)], 0.0102690 secs] [Times: user=0.06 sys=0.00, real=0.02 secs] 
104.426: Total time for which application threads were stopped: 0.0152900 seconds, Stopping threads took: 0.0000700 seconds
104.581: Application time: 0.1546070 seconds
104.581: [GC [PSYoungGen: 43491K->7157K(51200K)] 68366K->41336K(167936K), 0.0048600 secs] [Times: user=0.04 sys=0.00, real=0.01 secs] 
104.586: Total time for which application threads were stopped: 0.0050130 seconds, Stopping threads took: 0.0000610 seconds
104.739: Application time: 0.1528430 seconds
104.739: [GC [PSYoungGen: 50649K->6541K(51200K)] 84827K->50695K(167936K), 0.0049340 secs] [Times: user=0.04 sys=0.00, real=0.00 secs] 
104.744: Total time for which application threads were stopped: 0.0050910 seconds, Stopping threads took: 0.0000740 seconds
104.896: Application time: 0.1527000 seconds
104.897: [GC [PSYoungGen: 50032K->6573K(51200K)] 94187K->60703K(167936K), 0.0049160 secs] [Times: user=0.04 sys=0.00, real=0.01 secs] 
104.902: Total time for which application threads were stopped: 0.0050580 seconds, Stopping threads took: 0.0000590 seconds
105.052: Application time: 0.1500690 seconds
105.052: [GC [PSYoungGen: 50064K->6573K(51200K)] 104195K->69967K(167936K), 0.0047300 secs] [Times: user=0.04 sys=0.00, real=0.00 secs] 
105.057: Total time for which application threads were stopped: 0.0048820 seconds, Stopping threads took: 0.0000700 seconds
105.199: Application time: 0.1421750 seconds
105.199: [GC [PSYoungGen: 50065K->6605K(51200K)] 113459K->80687K(167936K), 0.0051840 secs] [Times: user=0.03 sys=0.00, real=0.00 secs] 
105.204: Total time for which application threads were stopped: 0.0053470 seconds, Stopping threads took: 0.0000690 seconds
105.375: Application time: 0.1712930 seconds
105.375: [GC [PSYoungGen: 50096K->6669K(51200K)] 124179K->90727K(167936K), 0.0049480 secs] [Times: user=0.03 sys=0.00, real=0.01 secs] 
105.380: Total time for which application threads were stopped: 0.0050950 seconds, Stopping threads took: 0.0000660 seconds
105.419: Application time: 0.0387600 seconds
105.419: [GC [PSYoungGen: 50184K->6669K(51200K)] 134242K->97853K(167936K), 0.0043300 secs] [Times: user=0.04 sys=0.00, real=0.00 secs] 
105.424: Total time for which application threads were stopped: 0.0044910 seconds, Stopping threads took: 0.0000780 seconds
105.438: Application time: 0.0148070 seconds
105.439: [GC [PSYoungGen: 50148K->6637K(51200K)] 141332K->101384K(167936K), 0.0032530 secs] [Times: user=0.02 sys=0.00, real=0.00 secs] 
105.442: Total time for which application threads were stopped: 0.0034060 seconds, Stopping threads took: 0.0000780 seconds
105.457: Application time: 0.0147170 seconds
105.457: [GC [PSYoungGen: 50118K->6637K(51200K)] 144865K->101384K(167936K), 0.0023800 secs] [Times: user=0.02 sys=0.00, real=0.01 secs] 
105.459: Total time for which application threads were stopped: 0.0026550 seconds, Stopping threads took: 0.0001960 seconds
105.501: Application time: 0.0413110 seconds
105.501: [GC [PSYoungGen: 50165K->6701K(51200K)] 144913K->108573K(167936K), 0.0043440 secs] [Times: user=0.03 sys=0.00, real=0.00 secs] 
105.505: Total time for which application threads were stopped: 0.0045090 seconds, Stopping threads took: 0.0000830 seconds
105.522: Application time: 0.0164350 seconds
105.522: [GC [PSYoungGen: 50185K->6669K(51200K)] 152057K->109966K(167936K), 0.0028150 secs] [Times: user=0.02 sys=0.00, real=0.00 secs] 
105.525: [Full GC [PSYoungGen: 6669K->0K(51200K)] [ParOldGen: 103297K->27239K(116736K)] 109966K->27239K(167936K) [PSPermGen: 6089K->6089K(21504K)], 0.0102240 secs] [Times: user=0.06 sys=0.00, real=0.01 secs] 
105.535: Total time for which application threads were stopped: 0.0132430 seconds, Stopping threads took: 0.0000800 seconds
105.551: Application time: 0.0166810 seconds
105.552: [GC [PSYoungGen: 43483K->4435K(51200K)] 70722K->31675K(167936K), 0.0016520 secs] [Times: user=0.01 sys=0.00, real=0.00 secs] 
105.553: Total time for which application threads were stopped: 0.0018020 seconds, Stopping threads took: 0.0000810 seconds
105.634: Application time: 0.0809180 seconds
105.634: [GC [PSYoungGen: 47937K->6509K(51200K)] 75177K->43724K(167936K), 0.0048110 secs] [Times: user=0.04 sys=0.00, real=0.01 secs] 
105.639: Total time for which application threads were stopped: 0.0049470 seconds, Stopping threads took: 0.0000550 seconds
105.787: Application time: 0.1474350 seconds
105.787: [GC [PSYoungGen: 49990K->6476K(51200K)] 87206K->52955K(167936K), 0.0046890 secs] [Times: user=0.04 sys=0.00, real=0.00 secs] 
105.791: Total time for which application threads were stopped: 0.0048540 seconds, Stopping threads took: 0.0000690 seconds
105.849: Application time: 0.0579040 seconds
105.849: [GC [PSYoungGen: 49995K->6572K(51200K)] 96474K->61602K(167936K), 0.0046590 secs] [Times: user=0.04 sys=0.00, real=0.00 secs] 
105.854: Total time for which application threads were stopped: 0.0048310 seconds, Stopping threads took: 0.0000880 seconds
105.870: Application time: 0.0154990 seconds
105.870: [GC [PSYoungGen: 50049K->6604K(51200K)] 105078K->63059K(167936K), 0.0027390 secs] [Times: user=0.02 sys=0.00, real=0.00 secs] 
105.873: Total time for which application threads were stopped: 0.0028900 seconds, Stopping threads took: 0.0000720 seconds
105.887: Application time: 0.0145070 seconds
105.887: [GC [PSYoungGen: 50088K->6604K(51200K)] 106542K->65196K(167936K), 0.0029380 secs] [Times: user=0.02 sys=0.00, real=0.00 secs] 
105.890: Total time for which application threads were stopped: 0.0031430 seconds, Stopping threads took: 0.0001290 seconds
105.980: Application time: 0.0900580 seconds
105.980: [GC [PSYoungGen: 50529K->6668K(51200K)] 109121K->73098K(167936K), 0.0042500 secs] [Times: user=0.03 sys=0.00, real=0.00 secs] 
105.985: Total time for which application threads were stopped: 0.0044190 seconds, Stopping threads took: 0.0000880 seconds
106.012: Application time: 0.0273050 seconds
106.012: [GC [PSYoungGen: 50456K->6620K(51200K)] 116886K->77325K(167936K), 0.0035620 secs] [Times: user=0.02 sys=0.00, real=0.00 secs] 
106.016: Total time for which application threads were stopped: 0.0037530 seconds, Stopping threads took: 0.0001120 seconds
106.034: Application time: 0.0178580 seconds
106.034: [GC [PSYoungGen: 50100K->6588K(51200K)] 120805K->78719K(167936K), 0.0028040 secs] [Times: user=0.02 sys=0.00, real=0.00 secs] 
106.037: Total time for which application threads were stopped: 0.0037110 seconds, Stopping threads took: 0.0008290 seconds
106.049: Application time: 0.0118290 seconds
106.049: [GC [PSYoungGen: 50072K->6668K(51200K)] 122202K->80224K(167936K), 0.0026400 secs] [Times: user=0.02 sys=0.00, real=0.00 secs] 
106.052: Total time for which application threads were stopped: 0.0028110 seconds, Stopping threads took: 0.0000950 seconds
106.092: Application time: 0.0404950 seconds
106.093: [GC [PSYoungGen: 50191K->6700K(51200K)] 123747K->88093K(167936K), 0.0045490 secs] [Times: user=0.03 sys=0.00, real=0.00 secs] 
106.097: Total time for which application threads were stopped: 0.0047190 seconds, Stopping threads took: 0.0000890 seconds
106.113: Application time: 0.0159960 seconds
106.113: [GC [PSYoungGen: 50178K->6668K(51200K)] 131571K->89487K(167936K), 0.0028550 secs] [Times: user=0.02 sys=0.00, real=0.00 secs] 
106.116: Total time for which application threads were stopped: 0.0030250 seconds, Stopping threads took: 0.0000920 seconds
106.130: Application time: 0.0135580 seconds
106.130: [GC [PSYoungGen: 50149K->6668K(51200K)] 132967K->90912K(167936K), 0.0028290 secs] [Times: user=0.02 sys=0.00, real=0.00 secs] 
106.133: Total time for which application threads were stopped: 0.0029770 seconds, Stopping threads took: 0.0000710 seconds
106.279: Application time: 0.1466470 seconds
106.280: [GC [PSYoungGen: 50157K->6652K(51200K)] 134400K->100871K(167936K), 0.0049300 secs] [Times: user=0.04 sys=0.00, real=0.00 secs] 
106.284: Total time for which application threads were stopped: 0.0050820 seconds, Stopping threads took: 0.0000690 seconds
106.330: Application time: 0.0451240 seconds
106.330: [GC [PSYoungGen: 50171K->6732K(51200K)] 144389K->110214K(167936K), 0.0048590 secs] [Times: user=0.03 sys=0.00, real=0.00 secs] 
106.335: [Full GC [PSYoungGen: 6732K->0K(51200K)] [ParOldGen: 103481K->27012K(116736K)] 110214K->27012K(167936K) [PSPermGen: 6089K->6089K(21504K)], 0.0107500 secs] [Times: user=0.06 sys=0.00, real=0.01 secs] 
106.345: Total time for which application threads were stopped: 0.0158350 seconds, Stopping threads took: 0.0000840 seconds
106.362: Application time: 0.0162620 seconds
106.362: [GC [PSYoungGen: 43476K->3722K(51200K)] 70489K->30735K(167936K), 0.0014320 secs] [Times: user=0.01 sys=0.00, real=0.00 secs] 
106.363: Total time for which application threads were stopped: 0.0015730 seconds, Stopping threads took: 0.0000770 seconds
106.378: Application time: 0.0145060 seconds
106.378: [GC [PSYoungGen: 47204K->4467K(51200K)] 74216K->31479K(167936K), 0.0016520 secs] [Times: user=0.01 sys=0.00, real=0.00 secs] 
106.380: Total time for which application threads were stopped: 0.0017940 seconds, Stopping threads took: 0.0000730 seconds
106.489: Application time: 0.1092550 seconds
106.489: [GC [PSYoungGen: 47996K->6572K(51200K)] 75009K->44273K(167936K), 0.0052250 secs] [Times: user=0.04 sys=0.00, real=0.00 secs] 
106.494: Total time for which application threads were stopped: 0.0053840 seconds, Stopping threads took: 0.0000770 seconds
106.512: Application time: 0.0174870 seconds
106.512: [GC [PSYoungGen: 50048K->6604K(51200K)] 87748K->47867K(167936K), 0.0032630 secs] [Times: user=0.02 sys=0.00, real=0.00 secs] 
106.515: Total time for which application threads were stopped: 0.0034200 seconds, Stopping threads took: 0.0000800 seconds
106.534: Application time: 0.0188790 seconds
106.534: [GC [PSYoungGen: 50084K->6573K(51200K)] 91347K->49260K(167936K), 0.0027200 secs] [Times: user=0.01 sys=0.00, real=0.00 secs] 
106.537: Total time for which application threads were stopped: 0.0028750 seconds, Stopping threads took: 0.0000830 seconds
106.568: Application time: 0.0306810 seconds
106.568: [GC [PSYoungGen: 50068K->6604K(51200K)] 92756K->52855K(167936K), 0.0030050 secs] [Times: user=0.02 sys=0.00, real=0.00 secs] 
106.571: Total time for which application threads were stopped: 0.0031490 seconds, Stopping threads took: 0.0000680 seconds
106.608: Application time: 0.0375530 seconds
106.608: [GC [PSYoungGen: 50125K->6668K(51200K)] 96375K->60756K(167936K), 0.0045430 secs] [Times: user=0.03 sys=0.00, real=0.00 secs] 
106.613: Total time for which application threads were stopped: 0.0047140 seconds, Stopping threads took: 0.0000890 seconds
106.631: Application time: 0.0181530 seconds
106.631: [GC [PSYoungGen: 50144K->6604K(51200K)] 104232K->60693K(167936K), 0.0023760 secs] [Times: user=0.01 sys=0.00, real=0.00 secs] 
106.634: Total time for which application threads were stopped: 0.0025420 seconds, Stopping threads took: 0.0000760 seconds
106.645: Application time: 0.0116000 seconds
106.645: [GC [PSYoungGen: 50089K->6668K(51200K)] 104177K->65032K(167936K), 0.0035740 secs] [Times: user=0.03 sys=0.00, real=0.01 secs] 
106.649: Total time for which application threads were stopped: 0.0037450 seconds, Stopping threads took: 0.0000910 seconds
106.822: Application time: 0.1733240 seconds
106.822: [GC [PSYoungGen: 50156K->6668K(51200K)] 108520K->75007K(167936K), 0.0048920 secs] [Times: user=0.03 sys=0.00, real=0.01 secs] 
106.827: Total time for which application threads were stopped: 0.0050350 seconds, Stopping threads took: 0.0000590 seconds
107.025: Application time: 0.1976380 seconds
107.025: [GC [PSYoungGen: 50162K->6732K(51200K)] 118501K->85046K(167936K), 0.0049470 secs] [Times: user=0.04 sys=0.00, real=0.01 secs] 
107.030: Total time for which application threads were stopped: 0.0051090 seconds, Stopping threads took: 0.0000670 seconds
107.214: Application time: 0.1836490 seconds
107.214: [GC [PSYoungGen: 50220K->6732K(51200K)] 128534K->96446K(167936K), 0.0053380 secs] [Times: user=0.04 sys=0.00, real=0.01 secs] 
107.219: Total time for which application threads were stopped: 0.0054860 seconds, Stopping threads took: 0.0000680 seconds
107.439: Application time: 0.2196850 seconds
107.439: [GC [PSYoungGen: 50220K->6732K(51200K)] 139934K->106422K(167936K), 0.0049730 secs] [Times: user=0.04 sys=0.00, real=0.00 secs] 
107.444: Total time for which application threads were stopped: 0.0051370 seconds, Stopping threads took: 0.0000840 seconds
107.652: Application time: 0.2080660 seconds
107.652: [GC [PSYoungGen: 50244K->6732K(51200K)] 149933K->116397K(167936K), 0.0049610 secs] [Times: user=0.03 sys=0.00, real=0.00 secs] 
107.657: [Full GC [PSYoungGen: 6732K->0K(51200K)] [ParOldGen: 109664K->27012K(116736K)] 116397K->27012K(167936K) [PSPermGen: 6089K->6089K(21504K)], 0.0109950 secs] [Times: user=0.06 sys=0.00, real=0.02 secs] 
107.668: Total time for which application threads were stopped: 0.0161730 seconds, Stopping threads took: 0.0000660 seconds
107.848: Application time: 0.1799510 seconds
107.848: [GC [PSYoungGen: 43480K->7125K(51200K)] 70492K->43400K(167936K), 0.0049340 secs] [Times: user=0.04 sys=0.00, real=0.00 secs] 
107.853: Total time for which application threads were stopped: 0.0050810 seconds, Stopping threads took: 0.0000610 seconds
108.029: Application time: 0.1759480 seconds
108.029: [GC [PSYoungGen: 50622K->7157K(51200K)] 86897K->52711K(167936K), 0.0049200 secs] [Times: user=0.04 sys=0.00, real=0.00 secs] 
108.034: Total time for which application threads were stopped: 0.0050690 seconds, Stopping threads took: 0.0000720 seconds
108.200: Application time: 0.1655840 seconds
108.200: [GC [PSYoungGen: 50646K->6508K(51200K)] 96200K->62750K(167936K), 0.0051270 secs] [Times: user=0.04 sys=0.00, real=0.00 secs] 
108.205: Total time for which application threads were stopped: 0.0052910 seconds, Stopping threads took: 0.0000710 seconds
108.372: Application time: 0.1667780 seconds
108.372: [GC [PSYoungGen: 49998K->6572K(51200K)] 106240K->72078K(167936K), 0.0046220 secs] [Times: user=0.04 sys=0.00, real=0.00 secs] 
108.377: Total time for which application threads were stopped: 0.0047670 seconds, Stopping threads took: 0.0000670 seconds
108.538: Application time: 0.1609660 seconds
108.538: [GC [PSYoungGen: 50072K->6637K(51200K)] 115577K->79267K(167936K), 0.0040930 secs] [Times: user=0.03 sys=0.00, real=0.00 secs] 
108.542: Total time for which application threads were stopped: 0.0042240 seconds, Stopping threads took: 0.0000490 seconds
108.695: Application time: 0.1532720 seconds
108.695: [GC [PSYoungGen: 50136K->6637K(51200K)] 122767K->89956K(167936K), 0.0051490 secs] [Times: user=0.04 sys=0.00, real=0.01 secs] 
108.701: Total time for which application threads were stopped: 0.0053040 seconds, Stopping threads took: 0.0000720 seconds
108.855: Application time: 0.1547320 seconds
108.855: [GC [PSYoungGen: 50119K->6637K(51200K)] 133439K->99219K(167936K), 0.0047540 secs] [Times: user=0.03 sys=0.00, real=0.01 secs] 
108.860: Total time for which application threads were stopped: 0.0049380 seconds, Stopping threads took: 0.0000910 seconds
109.006: Application time: 0.1454040 seconds
109.006: [GC [PSYoungGen: 50137K->6669K(51200K)] 142720K->109940K(167936K), 0.0051430 secs] [Times: user=0.04 sys=0.01, real=0.00 secs] 
109.011: [Full GC [PSYoungGen: 6669K->0K(51200K)] [ParOldGen: 103271K->27726K(116736K)] 109940K->27726K(167936K) [PSPermGen: 6089K->6089K(21504K)], 0.0107760 secs] [Times: user=0.06 sys=0.00, real=0.01 secs] 
109.022: Total time for which application threads were stopped: 0.0161310 seconds, Stopping threads took: 0.0000810 seconds
109.176: Application time: 0.1544410 seconds
109.176: [GC [PSYoungGen: 43491K->7157K(51200K)] 71218K->44164K(167936K), 0.0049310 secs] [Times: user=0.04 sys=0.00, real=0.01 secs] 
109.181: Total time for which application threads were stopped: 0.0050770 seconds, Stopping threads took: 0.0000640 seconds
109.339: Application time: 0.1581210 seconds
109.340: [GC [PSYoungGen: 50640K->6477K(51200K)] 87647K->52747K(167936K), 0.0047360 secs] [Times: user=0.03 sys=0.00, real=0.00 secs] 
109.344: Total time for which application threads were stopped: 0.0048930 seconds, Stopping threads took: 0.0000700 seconds
109.501: Application time: 0.1566480 seconds
109.501: [GC [PSYoungGen: 49968K->6573K(51200K)] 96238K->62818K(167936K), 0.0049020 secs] [Times: user=0.04 sys=0.00, real=0.01 secs] 
109.506: Total time for which application threads were stopped: 0.0050590 seconds, Stopping threads took: 0.0000640 seconds
109.547: Application time: 0.0412620 seconds
109.547: [GC [PSYoungGen: 50099K->6604K(51200K)] 106344K->71401K(167936K), 0.0046030 secs] [Times: user=0.03 sys=0.00, real=0.00 secs] 
109.552: Total time for which application threads were stopped: 0.0047760 seconds, Stopping threads took: 0.0000920 seconds
109.569: Application time: 0.0164100 seconds
109.569: [GC [PSYoungGen: 50081K->6605K(51200K)] 114878K->72826K(167936K), 0.0028140 secs] [Times: user=0.02 sys=0.00, real=0.00 secs] 
109.572: Total time for which application threads were stopped: 0.0029850 seconds, Stopping threads took: 0.0000900 seconds
109.586: Application time: 0.0142870 seconds
109.586: [GC [PSYoungGen: 50086K->6637K(51200K)] 116308K->73571K(167936K), 0.0025570 secs] [Times: user=0.01 sys=0.00, real=0.00 secs] 
109.589: Total time for which application threads were stopped: 0.0027090 seconds, Stopping threads took: 0.0000750 seconds
109.649: Application time: 0.0601280 seconds
109.649: [GC [PSYoungGen: 50161K->6701K(51200K)] 117095K->83611K(167936K), 0.0051690 secs] [Times: user=0.04 sys=0.00, real=0.00 secs] 
109.654: Total time for which application threads were stopped: 0.0053500 seconds, Stopping threads took: 0.0001000 seconds
109.671: Application time: 0.0169010 seconds
109.671: [GC [PSYoungGen: 50192K->6669K(51200K)] 127102K->85004K(167936K), 0.0025390 secs] [Times: user=0.02 sys=0.00, real=0.00 secs] 
109.674: Total time for which application threads were stopped: 0.0026890 seconds, Stopping threads took: 0.0000750 seconds
109.690: Application time: 0.0160140 seconds
109.690: [GC [PSYoungGen: 50154K->6653K(51200K)] 128489K->89976K(167936K), 0.0037530 secs] [Times: user=0.03 sys=0.00, real=0.00 secs] 
109.694: Total time for which application threads were stopped: 0.0039290 seconds, Stopping threads took: 0.0000960 seconds
109.752: Application time: 0.0585310 seconds
109.752: [GC [PSYoungGen: 50141K->6669K(51200K)] 133464K->94980K(167936K), 0.0035890 secs] [Times: user=0.03 sys=0.00, real=0.00 secs] 
109.756: Total time for which application threads were stopped: 0.0037260 seconds, Stopping threads took: 0.0000560 seconds
109.904: Application time: 0.1486200 seconds
109.905: [GC [PSYoungGen: 50150K->6700K(51200K)] 138461K->104987K(167936K), 0.0049890 secs] [Times: user=0.04 sys=0.00, real=0.01 secs] 
109.910: Total time for which application threads were stopped: 0.0051420 seconds, Stopping threads took: 0.0000690 seconds
109.941: Application time: 0.0313400 seconds
109.941: [GC [PSYoungGen: 50213K->6700K(51200K)] 148500K->111400K(167936K), 0.0042290 secs] [Times: user=0.03 sys=0.00, real=0.00 secs] 
109.945: [Full GC [PSYoungGen: 6700K->0K(51200K)] [ParOldGen: 104699K->29151K(116736K)] 111400K->29151K(167936K) [PSPermGen: 6089K->6089K(21504K)], 0.0111690 secs] [Times: user=0.06 sys=0.00, real=0.01 secs] 
109.957: Total time for which application threads were stopped: 0.0156270 seconds, Stopping threads took: 0.0000920 seconds
109.973: Application time: 0.0165360 seconds
109.973: [GC [PSYoungGen: 43479K->5147K(51200K)] 72630K->34299K(167936K), 0.0018010 secs] [Times: user=0.01 sys=0.00, real=0.00 secs] 
109.975: Total time for which application threads were stopped: 0.0019940 seconds, Stopping threads took: 0.0001230 seconds
109.988: Application time: 0.0132430 seconds
109.988: [GC [PSYoungGen: 48630K->6604K(51200K)] 77781K->35756K(167936K), 0.0022540 secs] [Times: user=0.01 sys=0.00, real=0.00 secs] 
109.991: Total time for which application threads were stopped: 0.0024090 seconds, Stopping threads took: 0.0000820 seconds
110.029: Application time: 0.0387410 seconds
110.030: [GC [PSYoungGen: 49984K->6604K(51200K)] 79135K->40031K(167936K), 0.0034660 secs] [Times: user=0.02 sys=0.00, real=0.00 secs] 
110.033: Total time for which application threads were stopped: 0.0036610 seconds, Stopping threads took: 0.0001010 seconds
110.045: Application time: 0.0121320 seconds
110.045: [GC [PSYoungGen: 50260K->6572K(51200K)] 83686K->46412K(167936K), 0.0040430 secs] [Times: user=0.03 sys=0.00, real=0.01 secs] 
110.049: Total time for which application threads were stopped: 0.0042130 seconds, Stopping threads took: 0.0000850 seconds
110.064: Application time: 0.0145520 seconds
110.065: [GC [PSYoungGen: 50049K->6668K(51200K)] 89888K->47220K(167936K), 0.0024670 secs] [Times: user=0.01 sys=0.00, real=0.01 secs] 
110.067: Total time for which application threads were stopped: 0.0031080 seconds, Stopping threads took: 0.0005600 seconds
110.076: Application time: 0.0093360 seconds
110.077: [GC [PSYoungGen: 50148K->6669K(51200K)] 90700K->47933K(167936K), 0.0025370 secs] [Times: user=0.02 sys=0.00, real=0.01 secs] 
110.079: Total time for which application threads were stopped: 0.0028370 seconds, Stopping threads took: 0.0002220 seconds
110.092: Application time: 0.0122280 seconds
110.092: [GC [PSYoungGen: 50160K->6652K(51200K)] 91424K->50767K(167936K), 0.0031770 secs] [Times: user=0.01 sys=0.01, real=0.00 secs] 
110.095: Total time for which application threads were stopped: 0.0033590 seconds, Stopping threads took: 0.0000990 seconds
110.108: Application time: 0.0133210 seconds
110.108: [GC [PSYoungGen: 50138K->6636K(51200K)] 94252K->52888K(167936K), 0.0029070 secs] [Times: user=0.02 sys=0.00, real=0.00 secs] 
110.111: Total time for which application threads were stopped: 0.0031000 seconds, Stopping threads took: 0.0001110 seconds
110.233: Application time: 0.1220900 seconds
110.234: [GC [PSYoungGen: 50126K->6604K(51200K)] 96378K->62832K(167936K), 0.0049220 secs] [Times: user=0.04 sys=0.00, real=0.01 secs] 
110.239: Total time for which application threads were stopped: 0.0050640 seconds, Stopping threads took: 0.0000590 seconds
110.416: Application time: 0.1770470 seconds
110.416: [GC [PSYoungGen: 50084K->6700K(51200K)] 106312K->72903K(167936K), 0.0049580 secs] [Times: user=0.04 sys=0.00, real=0.01 secs] 
110.421: Total time for which application threads were stopped: 0.0051320 seconds, Stopping threads took: 0.0000900 seconds
110.494: Application time: 0.0729010 seconds
110.494: [GC [PSYoungGen: 50219K->6668K(51200K)] 116422K->82134K(167936K), 0.0049110 secs] [Times: user=0.04 sys=0.00, real=0.01 secs] 
110.499: Total time for which application threads were stopped: 0.0050860 seconds, Stopping threads took: 0.0000950 seconds
110.514: Application time: 0.0151720 seconds
110.514: [GC [PSYoungGen: 50145K->6620K(51200K)] 125610K->84224K(167936K), 0.0029230 secs] [Times: user=0.01 sys=0.00, real=0.00 secs] 
110.517: Total time for which application threads were stopped: 0.0030630 seconds, Stopping threads took: 0.0000650 seconds
110.533: Application time: 0.0156230 seconds
110.533: [GC [PSYoungGen: 50102K->6604K(51200K)] 127705K->84920K(167936K), 0.0025710 secs] [Times: user=0.02 sys=0.00, real=0.00 secs] 
110.535: Total time for which application threads were stopped: 0.0027440 seconds, Stopping threads took: 0.0000850 seconds
110.641: Application time: 0.1061770 seconds
110.642: [GC [PSYoungGen: 50126K->6732K(51200K)] 128442K->95736K(167936K), 0.0051930 secs] [Times: user=0.04 sys=0.00, real=0.01 secs] 
110.647: Total time for which application threads were stopped: 0.0053400 seconds, Stopping threads took: 0.0000670 seconds
110.664: Application time: 0.0169160 seconds
110.664: [GC [PSYoungGen: 50214K->6668K(51200K)] 139218K->97809K(167936K), 0.0030420 secs] [Times: user=0.02 sys=0.00, real=0.01 secs] 
110.667: Total time for which application threads were stopped: 0.0032070 seconds, Stopping threads took: 0.0000890 seconds
110.685: Application time: 0.0184280 seconds
110.686: [GC [PSYoungGen: 50150K->6652K(51200K)] 141291K->99218K(167936K), 0.0028280 secs] [Times: user=0.02 sys=0.00, real=0.01 secs] 
110.688: Total time for which application threads were stopped: 0.0030170 seconds, Stopping threads took: 0.0001090 seconds
110.706: Application time: 0.0175660 seconds
110.706: [GC [PSYoungGen: 50155K->6732K(51200K)] 142721K->103573K(167936K), 0.0033400 secs] [Times: user=0.02 sys=0.00, real=0.00 secs] 
110.709: Total time for which application threads were stopped: 0.0035080 seconds, Stopping threads took: 0.0000850 seconds
110.775: Application time: 0.0652470 seconds
110.775: [GC [PSYoungGen: 50244K->6700K(51200K)] 147086K->110046K(167936K), 0.0042600 secs] [Times: user=0.03 sys=0.00, real=0.01 secs] 
110.779: [Full GC [PSYoungGen: 6700K->0K(51200K)] [ParOldGen: 103345K->25587K(116736K)] 110046K->25587K(167936K) [PSPermGen: 6089K->6089K(21504K)], 0.0102770 secs] [Times: user=0.05 sys=0.00, real=0.01 secs] 
110.789: Total time for which application threads were stopped: 0.0147690 seconds, Stopping threads took: 0.0001000 seconds
110.805: Application time: 0.0159360 seconds
110.810: [GC [PSYoungGen: 43483K->6540K(51200K)] 69071K->33553K(167936K), 0.0026730 secs] [Times: user=0.02 sys=0.00, real=0.00 secs] 
110.812: Total time for which application threads were stopped: 0.0070490 seconds, Stopping threads took: 0.0042880 seconds
110.826: Application time: 0.0135590 seconds
110.826: [GC [PSYoungGen: 50027K->6476K(51200K)] 77040K->40614K(167936K), 0.0043350 secs] [Times: user=0.03 sys=0.00, real=0.00 secs] 
110.831: Total time for which application threads were stopped: 0.0044870 seconds, Stopping threads took: 0.0000690 seconds
110.986: Application time: 0.1558310 seconds
110.986: [GC [PSYoungGen: 49971K->6540K(51200K)] 84110K->51366K(167936K), 0.0051300 secs] [Times: user=0.04 sys=0.00, real=0.00 secs] 
110.992: Total time for which application threads were stopped: 0.0052740 seconds, Stopping threads took: 0.0000630 seconds
111.193: Application time: 0.2016020 seconds
111.193: [GC [PSYoungGen: 50034K->6604K(51200K)] 94860K->61405K(167936K), 0.0049130 secs] [Times: user=0.03 sys=0.00, real=0.01 secs] 
111.198: Total time for which application threads were stopped: 0.0050690 seconds, Stopping threads took: 0.0000640 seconds
111.399: Application time: 0.2011550 seconds
111.400: [GC [PSYoungGen: 50084K->6572K(51200K)] 104885K->70636K(167936K), 0.0046910 secs] [Times: user=0.04 sys=0.00, real=0.00 secs] 
111.404: Total time for which application threads were stopped: 0.0048390 seconds, Stopping threads took: 0.0000660 seconds
111.594: Application time: 0.1898380 seconds
111.594: [GC [PSYoungGen: 50060K->6604K(51200K)] 114124K->81356K(167936K), 0.0050870 secs] [Times: user=0.04 sys=0.00, real=0.01 secs] 
111.599: Total time for which application threads were stopped: 0.0052400 seconds, Stopping threads took: 0.0000710 seconds
111.792: Application time: 0.1922970 seconds
111.792: [GC [PSYoungGen: 50109K->6668K(51200K)] 124861K->93533K(167936K), 0.0055180 secs] [Times: user=0.04 sys=0.00, real=0.00 secs] 
111.797: Total time for which application threads were stopped: 0.0056820 seconds, Stopping threads took: 0.0000690 seconds
111.997: Application time: 0.1994050 seconds
111.997: [GC [PSYoungGen: 50165K->6668K(51200K)] 137030K->103508K(167936K), 0.0048920 secs] [Times: user=0.03 sys=0.00, real=0.01 secs] 
112.002: Total time for which application threads were stopped: 0.0050390 seconds, Stopping threads took: 0.0000680 seconds
112.165: Application time: 0.1627670 seconds
112.165: [GC [PSYoungGen: 50166K->6668K(51200K)] 147005K->113483K(167936K), 0.0049420 secs] [Times: user=0.03 sys=0.01, real=0.01 secs] 
112.170: [Full GC [PSYoungGen: 6668K->0K(51200K)] [ParOldGen: 106815K->26300K(116736K)] 113483K->26300K(167936K) [PSPermGen: 6089K->6089K(21504K)], 0.0105790 secs] [Times: user=0.05 sys=0.00, real=0.01 secs] 
112.180: Total time for which application threads were stopped: 0.0157530 seconds, Stopping threads took: 0.0000890 seconds
112.360: Application time: 0.1792940 seconds
112.360: [GC [PSYoungGen: 43480K->7125K(51200K)] 69781K->41976K(167936K), 0.0047180 secs] [Times: user=0.03 sys=0.00, real=0.00 secs] 
112.365: Total time for which application threads were stopped: 0.0048710 seconds, Stopping threads took: 0.0000590 seconds
112.529: Application time: 0.1649890 seconds
112.530: [GC [PSYoungGen: 50615K->7157K(51200K)] 85467K->51280K(167936K), 0.0049430 secs] [Times: user=0.04 sys=0.00, real=0.00 secs] 
112.535: Total time for which application threads were stopped: 0.0050920 seconds, Stopping threads took: 0.0000620 seconds
112.712: Application time: 0.1777170 seconds
112.712: [GC [PSYoungGen: 50656K->6541K(51200K)] 94779K->59926K(167936K), 0.0046230 secs] [Times: user=0.03 sys=0.00, real=0.00 secs] 
112.717: Total time for which application threads were stopped: 0.0047680 seconds, Stopping threads took: 0.0000660 seconds
112.856: Application time: 0.1386400 seconds
112.856: [GC [PSYoungGen: 50041K->6669K(51200K)] 103426K->70031K(167936K), 0.0048700 secs] [Times: user=0.03 sys=0.00, real=0.01 secs] 
112.861: Total time for which application threads were stopped: 0.0050300 seconds, Stopping threads took: 0.0000670 seconds
113.014: Application time: 0.1537180 seconds
113.015: [GC [PSYoungGen: 50158K->6637K(51200K)] 113520K->79975K(167936K), 0.0049600 secs] [Times: user=0.04 sys=0.00, real=0.01 secs] 
113.020: Total time for which application threads were stopped: 0.0051450 seconds, Stopping threads took: 0.0000910 seconds
113.167: Application time: 0.1473100 seconds
113.167: [GC [PSYoungGen: 50128K->6669K(51200K)] 123466K->89983K(167936K), 0.0049430 secs] [Times: user=0.04 sys=0.00, real=0.00 secs] 
113.172: Total time for which application threads were stopped: 0.0050810 seconds, Stopping threads took: 0.0000580 seconds
113.328: Application time: 0.1558970 seconds
113.328: [GC [PSYoungGen: 50160K->6669K(51200K)] 133475K->99959K(167936K), 0.0049530 secs] [Times: user=0.03 sys=0.00, real=0.00 secs] 
113.333: Total time for which application threads were stopped: 0.0051070 seconds, Stopping threads took: 0.0000690 seconds
113.480: Application time: 0.1468480 seconds
113.480: [GC [PSYoungGen: 50160K->6669K(51200K)] 143451K->109935K(167936K), 0.0050080 secs] [Times: user=0.04 sys=0.00, real=0.00 secs] 
113.485: [Full GC [PSYoungGen: 6669K->0K(51200K)] [ParOldGen: 103266K->29152K(116736K)] 109935K->29152K(167936K) [PSPermGen: 6089K->6089K(21504K)], 0.0110030 secs] [Times: user=0.06 sys=0.00, real=0.01 secs] 
113.496: Total time for which application threads were stopped: 0.0162280 seconds, Stopping threads took: 0.0000840 seconds
113.654: Application time: 0.1579060 seconds
113.654: [GC [PSYoungGen: 43482K->7125K(51200K)] 72634K->45541K(167936K), 0.0049750 secs] [Times: user=0.04 sys=0.00, real=0.01 secs] 
113.659: Total time for which application threads were stopped: 0.0051400 seconds, Stopping threads took: 0.0000740 seconds
113.700: Application time: 0.0413580 seconds
113.701: [GC [PSYoungGen: 50636K->7157K(51200K)] 89052K->49896K(167936K), 0.0037650 secs] [Times: user=0.03 sys=0.00, real=0.00 secs] 
113.704: Total time for which application threads were stopped: 0.0039320 seconds, Stopping threads took: 0.0000790 seconds
113.721: Application time: 0.0169490 seconds
113.722: [GC [PSYoungGen: 50635K->7157K(51200K)] 93374K->51346K(167936K), 0.0029840 secs] [Times: user=0.02 sys=0.00, real=0.00 secs] 
113.725: Total time for which application threads were stopped: 0.0031510 seconds, Stopping threads took: 0.0000870 seconds
113.736: Application time: 0.0119180 seconds
113.737: [GC [PSYoungGen: 50650K->6573K(51200K)] 94839K->55749K(167936K), 0.0037410 secs] [Times: user=0.03 sys=0.00, real=0.01 secs] 
113.740: Total time for which application threads were stopped: 0.0039000 seconds, Stopping threads took: 0.0000790 seconds
113.775: Application time: 0.0341480 seconds
113.775: [GC [PSYoungGen: 50090K->6572K(51200K)] 99266K->60737K(167936K), 0.0036390 secs] [Times: user=0.02 sys=0.00, real=0.01 secs] 
113.779: Total time for which application threads were stopped: 0.0041290 seconds, Stopping threads took: 0.0004120 seconds
113.795: Application time: 0.0164390 seconds
113.795: [GC [PSYoungGen: 50055K->6605K(51200K)] 104220K->61481K(167936K), 0.0025870 secs] [Times: user=0.02 sys=0.00, real=0.01 secs] 
113.798: Total time for which application threads were stopped: 0.0027640 seconds, Stopping threads took: 0.0001000 seconds
113.812: Application time: 0.0145970 seconds
113.813: [GC [PSYoungGen: 50088K->6669K(51200K)] 104965K->63683K(167936K), 0.0030090 secs] [Times: user=0.02 sys=0.00, real=0.00 secs] 
113.816: Total time for which application threads were stopped: 0.0031810 seconds, Stopping threads took: 0.0000920 seconds
113.910: Application time: 0.0947160 seconds
113.910: [GC [PSYoungGen: 50167K->6636K(51200K)] 107182K->73627K(167936K), 0.0048990 secs] [Times: user=0.03 sys=0.00, real=0.00 secs] 
113.915: Total time for which application threads were stopped: 0.0050550 seconds, Stopping threads took: 0.0000750 seconds
114.078: Application time: 0.1628260 seconds
114.079: [GC [PSYoungGen: 50151K->6636K(51200K)] 117141K->81465K(167936K), 0.0041750 secs] [Times: user=0.03 sys=0.00, real=0.00 secs] 
114.083: Total time for which application threads were stopped: 0.0045270 seconds, Stopping threads took: 0.0002680 seconds
114.101: Application time: 0.0178330 seconds
114.101: [GC [PSYoungGen: 50146K->6668K(51200K)] 124975K->86485K(167936K), 0.0037630 secs] [Times: user=0.03 sys=0.00, real=0.00 secs] 
114.105: Total time for which application threads were stopped: 0.0039390 seconds, Stopping threads took: 0.0000950 seconds
114.116: Application time: 0.0118030 seconds
114.117: [GC [PSYoungGen: 50146K->6636K(51200K)] 129963K->87878K(167936K), 0.0026940 secs] [Times: user=0.02 sys=0.00, real=0.01 secs] 
114.120: Total time for which application threads were stopped: 0.0032270 seconds, Stopping threads took: 0.0004550 seconds
114.130: Application time: 0.0100330 seconds
114.130: [GC [PSYoungGen: 50115K->6652K(51200K)] 131357K->90744K(167936K), 0.0031340 secs] [Times: user=0.02 sys=0.00, real=0.00 secs] 
114.133: Total time for which application threads were stopped: 0.0036420 seconds, Stopping threads took: 0.0004250 seconds
114.146: Application time: 0.0123380 seconds
114.146: [GC [PSYoungGen: 50144K->6669K(51200K)] 134236K->95035K(167936K), 0.0035790 secs] [Times: user=0.03 sys=0.00, real=0.00 secs] 
114.149: Total time for which application threads were stopped: 0.0037440 seconds, Stopping threads took: 0.0000850 seconds
114.159: Application time: 0.0100300 seconds
114.160: [GC [PSYoungGen: 50143K->5243K(51200K)] 138510K->93610K(167936K), 0.0018850 secs] [Times: user=0.01 sys=0.00, real=0.00 secs] 
114.162: Total time for which application threads were stopped: 0.0021980 seconds, Stopping threads took: 0.0002310 seconds
114.174: Application time: 0.0125230 seconds
114.174: [GC [PSYoungGen: 48745K->6668K(51200K)] 137112K->97173K(167936K), 0.0028140 secs] [Times: user=0.02 sys=0.00, real=0.00 secs] 
114.177: Total time for which application threads were stopped: 0.0029810 seconds, Stopping threads took: 0.0000900 seconds
114.300: Application time: 0.1225900 seconds
114.300: [GC [PSYoungGen: 50185K->6732K(51200K)] 140689K->107925K(167936K), 0.0053470 secs] [Times: user=0.04 sys=0.00, real=0.00 secs] 
114.305: Total time for which application threads were stopped: 0.0055060 seconds, Stopping threads took: 0.0000790 seconds
114.320: Application time: 0.0151550 seconds
114.320: [GC [PSYoungGen: 50218K->6684K(51200K)] 151411K->111447K(167936K), 0.0032230 secs] [Times: user=0.03 sys=0.00, real=0.00 secs] 
114.324: [Full GC [PSYoungGen: 6684K->0K(51200K)] [ParOldGen: 104763K->26534K(116736K)] 111447K->26534K(167936K) [PSPermGen: 6089K->6089K(21504K)], 0.0100960 secs] [Times: user=0.05 sys=0.00, real=0.01 secs] 
114.334: Total time for which application threads were stopped: 0.0135310 seconds, Stopping threads took: 0.0000830 seconds
114.351: Application time: 0.0171800 seconds
114.351: [GC [PSYoungGen: 43485K->6541K(51200K)] 70019K->34500K(167936K), 0.0026550 secs] [Times: user=0.02 sys=0.00, real=0.00 secs] 
114.354: Total time for which application threads were stopped: 0.0028080 seconds, Stopping threads took: 0.0000750 seconds
114.412: Application time: 0.0583050 seconds
114.412: [GC [PSYoungGen: 50061K->6604K(51200K)] 78020K->40977K(167936K), 0.0038280 secs] [Times: user=0.03 sys=0.00, real=0.00 secs] 
114.416: Total time for which application threads were stopped: 0.0039570 seconds, Stopping threads took: 0.0000510 seconds
114.433: Application time: 0.0171230 seconds
114.433: [GC [PSYoungGen: 50084K->6476K(51200K)] 84456K->47974K(167936K), 0.0043480 secs] [Times: user=0.03 sys=0.00, real=0.01 secs] 
114.438: Total time for which application threads were stopped: 0.0045410 seconds, Stopping threads took: 0.0001090 seconds
114.455: Application time: 0.0174340 seconds
114.455: [GC [PSYoungGen: 49954K->6572K(51200K)] 91452K->49495K(167936K), 0.0027930 secs] [Times: user=0.02 sys=0.00, real=0.01 secs] 
114.458: Total time for which application threads were stopped: 0.0029570 seconds, Stopping threads took: 0.0000830 seconds
114.472: Application time: 0.0141020 seconds
114.472: [GC [PSYoungGen: 50063K->6508K(51200K)] 92985K->49431K(167936K), 0.0022050 secs] [Times: user=0.01 sys=0.00, real=0.00 secs] 
114.475: Total time for which application threads were stopped: 0.0023650 seconds, Stopping threads took: 0.0000860 seconds
114.651: Application time: 0.1767010 seconds
114.651: [GC [PSYoungGen: 49988K->6572K(51200K)] 92911K->59470K(167936K), 0.0049240 secs] [Times: user=0.03 sys=0.00, real=0.00 secs] 
114.656: Total time for which application threads were stopped: 0.0050830 seconds, Stopping threads took: 0.0000740 seconds
114.777: Application time: 0.1203140 seconds
114.778: [GC [PSYoungGen: 50093K->6636K(51200K)] 102991K->68797K(167936K), 0.0049870 secs] [Times: user=0.04 sys=0.00, real=0.00 secs] 
114.783: Total time for which application threads were stopped: 0.0059820 seconds, Stopping threads took: 0.0008980 seconds
114.797: Application time: 0.0146700 seconds
114.798: [GC [PSYoungGen: 50122K->6636K(51200K)] 112283K->73784K(167936K), 0.0035240 secs] [Times: user=0.02 sys=0.00, real=0.01 secs] 
114.801: Total time for which application threads were stopped: 0.0036990 seconds, Stopping threads took: 0.0000940 seconds
114.818: Application time: 0.0168030 seconds
114.818: [GC [PSYoungGen: 50120K->6572K(51200K)] 117268K->77996K(167936K), 0.0035370 secs] [Times: user=0.02 sys=0.00, real=0.00 secs] 
114.822: Total time for which application threads were stopped: 0.0036910 seconds, Stopping threads took: 0.0000780 seconds
114.886: Application time: 0.0647500 seconds
114.886: [GC [PSYoungGen: 50070K->6668K(51200K)] 121494K->85929K(167936K), 0.0043330 secs] [Times: user=0.03 sys=0.00, real=0.00 secs] 
114.891: Total time for which application threads were stopped: 0.0044970 seconds, Stopping threads took: 0.0000790 seconds
114.923: Application time: 0.0322170 seconds
114.923: [GC [PSYoungGen: 50179K->6700K(51200K)] 129440K->91661K(167936K), 0.0039960 secs] [Times: user=0.03 sys=0.00, real=0.01 secs] 
114.927: Total time for which application threads were stopped: 0.0041570 seconds, Stopping threads took: 0.0000770 seconds
114.946: Application time: 0.0182960 seconds
114.946: [GC [PSYoungGen: 50177K->6636K(51200K)] 135138K->91598K(167936K), 0.0023860 secs] [Times: user=0.01 sys=0.00, real=0.00 secs] 
114.948: Total time for which application threads were stopped: 0.0025530 seconds, Stopping threads took: 0.0000820 seconds
114.961: Application time: 0.0129020 seconds
114.961: [GC [PSYoungGen: 50120K->6636K(51200K)] 135081K->91597K(167936K), 0.0022280 secs] [Times: user=0.01 sys=0.00, real=0.00 secs] 
114.963: Total time for which application threads were stopped: 0.0023850 seconds, Stopping threads took: 0.0000870 seconds
115.122: Application time: 0.1581630 seconds
115.122: [GC [PSYoungGen: 50137K->6732K(51200K)] 135098K->101669K(167936K), 0.0049580 secs] [Times: user=0.03 sys=0.00, real=0.01 secs] 
115.127: Total time for which application threads were stopped: 0.0051190 seconds, Stopping threads took: 0.0000740 seconds
115.373: Application time: 0.2463680 seconds
115.373: [GC [PSYoungGen: 50218K->6764K(51200K)] 145155K->111676K(167936K), 0.0049740 secs] [Times: user=0.04 sys=0.00, real=0.01 secs] 
115.378: [Full GC [PSYoungGen: 6764K->0K(51200K)] [ParOldGen: 104911K->28438K(116736K)] 111676K->28438K(167936K) [PSPermGen: 6089K->6089K(21504K)], 0.0110670 secs] [Times: user=0.06 sys=0.00, real=0.01 secs] 
115.389: Total time for which application threads were stopped: 0.0162460 seconds, Stopping threads took: 0.0000590 seconds
115.563: Application time: 0.1738440 seconds
115.563: [GC [PSYoungGen: 43488K->7157K(51200K)] 71926K->44874K(167936K), 0.0049150 secs] [Times: user=0.04 sys=0.00, real=0.01 secs] 
115.568: Total time for which application threads were stopped: 0.0050670 seconds, Stopping threads took: 0.0000720 seconds
115.789: Application time: 0.2208820 seconds
115.789: [GC [PSYoungGen: 50636K->7157K(51200K)] 88354K->53432K(167936K), 0.0047010 secs] [Times: user=0.04 sys=0.00, real=0.00 secs] 
115.794: Total time for which application threads were stopped: 0.0048550 seconds, Stopping threads took: 0.0000710 seconds
115.971: Application time: 0.1773130 seconds
115.971: [GC [PSYoungGen: 50668K->6604K(51200K)] 96944K->64280K(167936K), 0.0053690 secs] [Times: user=0.04 sys=0.00, real=0.00 secs] 
115.977: Total time for which application threads were stopped: 0.0055370 seconds, Stopping threads took: 0.0000750 seconds
116.143: Application time: 0.1659180 seconds
116.143: [GC [PSYoungGen: 50101K->6636K(51200K)] 107777K->75000K(167936K), 0.0051500 secs] [Times: user=0.04 sys=0.00, real=0.01 secs] 
116.148: Total time for which application threads were stopped: 0.0053010 seconds, Stopping threads took: 0.0000670 seconds
116.335: Application time: 0.1874300 seconds
116.336: [GC [PSYoungGen: 50134K->6668K(51200K)] 118498K->83582K(167936K), 0.0045250 secs] [Times: user=0.03 sys=0.00, real=0.01 secs] 
116.340: Total time for which application threads were stopped: 0.0046760 seconds, Stopping threads took: 0.0000710 seconds
116.494: Application time: 0.1537470 seconds
116.494: [GC [PSYoungGen: 50150K->6668K(51200K)] 127064K->93558K(167936K), 0.0049560 secs] [Times: user=0.04 sys=0.00, real=0.01 secs] 
116.499: Total time for which application threads were stopped: 0.0051160 seconds, Stopping threads took: 0.0000680 seconds
116.685: Application time: 0.1855930 seconds
116.685: [GC [PSYoungGen: 50150K->6669K(51200K)] 137040K->102821K(167936K), 0.0047050 secs] [Times: user=0.04 sys=0.00, real=0.01 secs] 
116.689: Total time for which application threads were stopped: 0.0048510 seconds, Stopping threads took: 0.0000660 seconds
116.850: Application time: 0.1604880 seconds
116.850: [GC [PSYoungGen: 50160K->6669K(51200K)] 146313K->112085K(167936K), 0.0047790 secs] [Times: user=0.04 sys=0.00, real=0.00 secs] 
116.855: [Full GC [PSYoungGen: 6669K->0K(51200K)] [ParOldGen: 105416K->26302K(116736K)] 112085K->26302K(167936K) [PSPermGen: 6089K->6089K(21504K)], 0.0106990 secs] [Times: user=0.06 sys=0.00, real=0.01 secs] 
116.866: Total time for which application threads were stopped: 0.0156810 seconds, Stopping threads took: 0.0000720 seconds
117.015: Application time: 0.1495100 seconds
117.015: [GC [PSYoungGen: 43508K->6605K(51200K)] 69811K->44308K(167936K), 0.0052860 secs] [Times: user=0.04 sys=0.00, real=0.01 secs] 
117.021: Total time for which application threads were stopped: 0.0054420 seconds, Stopping threads took: 0.0000590 seconds
117.178: Application time: 0.1572550 seconds
117.178: [GC [PSYoungGen: 50105K->6605K(51200K)] 87809K->53572K(167936K), 0.0047350 secs] [Times: user=0.04 sys=0.01, real=0.00 secs] 
117.183: Total time for which application threads were stopped: 0.0048940 seconds, Stopping threads took: 0.0000810 seconds
117.322: Application time: 0.1395710 seconds
117.322: [GC [PSYoungGen: 50097K->6669K(51200K)] 97064K->62899K(167936K), 0.0047280 secs] [Times: user=0.04 sys=0.00, real=0.01 secs] 
117.327: Total time for which application threads were stopped: 0.0048790 seconds, Stopping threads took: 0.0000710 seconds
117.489: Application time: 0.1615360 seconds
117.489: [GC [PSYoungGen: 50160K->6669K(51200K)] 106391K->71450K(167936K), 0.0045190 secs] [Times: user=0.03 sys=0.00, real=0.00 secs] 
117.493: Total time for which application threads were stopped: 0.0046880 seconds, Stopping threads took: 0.0000840 seconds
117.644: Application time: 0.1508270 seconds
117.644: [GC [PSYoungGen: 50151K->6669K(51200K)] 114933K->79288K(167936K), 0.0042660 secs] [Times: user=0.04 sys=0.00, real=0.01 secs] 
117.649: Total time for which application threads were stopped: 0.0044660 seconds, Stopping threads took: 0.0001030 seconds
117.791: Application time: 0.1421480 seconds
117.791: [GC [PSYoungGen: 50184K->6668K(51200K)] 122803K->89977K(167936K), 0.0052710 secs] [Times: user=0.04 sys=0.00, real=0.00 secs] 
117.796: Total time for which application threads were stopped: 0.0054300 seconds, Stopping threads took: 0.0000760 seconds
117.814: Application time: 0.0174130 seconds
117.814: [GC [PSYoungGen: 50145K->6604K(51200K)] 133453K->92763K(167936K), 0.0031790 secs] [Times: user=0.02 sys=0.00, real=0.00 secs] 
117.817: Total time for which application threads were stopped: 0.0033450 seconds, Stopping threads took: 0.0000790 seconds
117.835: Application time: 0.0179830 seconds
117.835: [GC [PSYoungGen: 50084K->6669K(51200K)] 136242K->94965K(167936K), 0.0030160 secs] [Times: user=0.02 sys=0.00, real=0.01 secs] 
117.838: Total time for which application threads were stopped: 0.0032030 seconds, Stopping threads took: 0.0001080 seconds
117.852: Application time: 0.0134160 seconds
117.852: [GC [PSYoungGen: 50161K->6668K(51200K)] 138456K->96390K(167936K), 0.0025950 secs] [Times: user=0.02 sys=0.00, real=0.00 secs] 
117.854: Total time for which application threads were stopped: 0.0027500 seconds, Stopping threads took: 0.0000760 seconds
117.930: Application time: 0.0751070 seconds
117.930: [GC [PSYoungGen: 50195K->6700K(51200K)] 139916K->104972K(167936K), 0.0047540 secs] [Times: user=0.04 sys=0.00, real=0.00 secs] 
117.934: Total time for which application threads were stopped: 0.0049220 seconds, Stopping threads took: 0.0000860 seconds
117.949: Application time: 0.0147870 seconds
117.949: [GC [PSYoungGen: 50181K->6669K(51200K)] 148453K->109928K(167936K), 0.0038080 secs] [Times: user=0.03 sys=0.00, real=0.00 secs] 
117.953: [Full GC [PSYoungGen: 6669K->0K(51200K)] [ParOldGen: 103259K->28440K(116736K)] 109928K->28440K(167936K) [PSPermGen: 6089K->6089K(21504K)], 0.0108210 secs] [Times: user=0.06 sys=0.00, real=0.01 secs] 
117.964: Total time for which application threads were stopped: 0.0148480 seconds, Stopping threads took: 0.0000880 seconds
117.979: Application time: 0.0154070 seconds
117.980: [GC [PSYoungGen: 43485K->5116K(51200K)] 71925K->33556K(167936K), 0.0017650 secs] [Times: user=0.01 sys=0.00, real=0.00 secs] 
117.981: Total time for which application threads were stopped: 0.0019070 seconds, Stopping threads took: 0.0000690 seconds
118.060: Application time: 0.0787100 seconds
118.060: [GC [PSYoungGen: 48617K->6476K(51200K)] 77057K->44892K(167936K), 0.0049300 secs] [Times: user=0.04 sys=0.00, real=0.00 secs] 
118.065: Total time for which application threads were stopped: 0.0051030 seconds, Stopping threads took: 0.0000910 seconds
118.208: Application time: 0.1432140 seconds
118.209: [GC [PSYoungGen: 49992K->6572K(51200K)] 88408K->54251K(167936K), 0.0048730 secs] [Times: user=0.04 sys=0.00, real=0.00 secs] 
118.214: Total time for which application threads were stopped: 0.0057400 seconds, Stopping threads took: 0.0007730 seconds
118.228: Application time: 0.0136330 seconds
118.228: [GC [PSYoungGen: 49940K->6684K(51200K)] 97619K->60776K(167936K), 0.0041180 secs] [Times: user=0.03 sys=0.00, real=0.00 secs] 
118.232: Total time for which application threads were stopped: 0.0042900 seconds, Stopping threads took: 0.0000890 seconds
118.245: Application time: 0.0134060 seconds
118.246: [GC [PSYoungGen: 50311K->6588K(51200K)] 104402K->64955K(167936K), 0.0036010 secs] [Times: user=0.02 sys=0.00, real=0.00 secs] 
118.250: Total time for which application threads were stopped: 0.0041720 seconds, Stopping threads took: 0.0004820 seconds
118.261: Application time: 0.0110230 seconds
118.261: [GC [PSYoungGen: 50073K->6636K(51200K)] 108440K->66429K(167936K), 0.0026590 secs] [Times: user=0.02 sys=0.00, real=0.00 secs] 
118.264: Total time for which application threads were stopped: 0.0028200 seconds, Stopping threads took: 0.0000820 seconds
118.273: Application time: 0.0092070 seconds
118.273: [GC [PSYoungGen: 50109K->6652K(51200K)] 109901K->67157K(167936K), 0.0024990 secs] [Times: user=0.01 sys=0.00, real=0.00 secs] 
118.275: Total time for which application threads were stopped: 0.0026660 seconds, Stopping threads took: 0.0000920 seconds
118.293: Application time: 0.0175960 seconds
118.293: [GC [PSYoungGen: 50148K->6668K(51200K)] 110653K->69311K(167936K), 0.0029720 secs] [Times: user=0.03 sys=0.00, real=0.00 secs] 
118.296: Total time for which application threads were stopped: 0.0031500 seconds, Stopping threads took: 0.0000990 seconds
118.318: Application time: 0.0218470 seconds
118.318: [GC [PSYoungGen: 50157K->6652K(51200K)] 112799K->74995K(167936K), 0.0038520 secs] [Times: user=0.02 sys=0.01, real=0.00 secs] 
118.322: Total time for which application threads were stopped: 0.0040020 seconds, Stopping threads took: 0.0000690 seconds
118.356: Application time: 0.0335910 seconds
118.356: [GC [PSYoungGen: 50195K->6684K(51200K)] 118538K->77877K(167936K), 0.0031110 secs] [Times: user=0.02 sys=0.00, real=0.01 secs] 
118.359: Total time for which application threads were stopped: 0.0035400 seconds, Stopping threads took: 0.0003480 seconds
118.371: Application time: 0.0114810 seconds
118.371: [GC [PSYoungGen: 50162K->6732K(51200K)] 121355K->79350K(167936K), 0.0026740 secs] [Times: user=0.02 sys=0.00, real=0.00 secs] 
118.374: Total time for which application threads were stopped: 0.0035260 seconds, Stopping threads took: 0.0007760 seconds
118.385: Application time: 0.0104750 seconds
118.385: [GC [PSYoungGen: 50209K->6684K(51200K)] 122827K->80015K(167936K), 0.0024840 secs] [Times: user=0.01 sys=0.00, real=0.01 secs] 
118.387: Total time for which application threads were stopped: 0.0026820 seconds, Stopping threads took: 0.0001200 seconds
118.399: Application time: 0.0121690 seconds
118.400: [GC [PSYoungGen: 50176K->6717K(51200K)] 123507K->85035K(167936K), 0.0037700 secs] [Times: user=0.03 sys=0.00, real=0.00 secs] 
118.404: Total time for which application threads were stopped: 0.0040990 seconds, Stopping threads took: 0.0002420 seconds
118.413: Application time: 0.0095800 seconds
118.413: [GC [PSYoungGen: 50194K->6652K(51200K)] 128512K->87821K(167936K), 0.0031010 secs] [Times: user=0.02 sys=0.00, real=0.00 secs] 
118.417: Total time for which application threads were stopped: 0.0034140 seconds, Stopping threads took: 0.0002330 seconds
118.427: Application time: 0.0106450 seconds
118.427: [GC [PSYoungGen: 50144K->6652K(51200K)] 131312K->91384K(167936K), 0.0034620 secs] [Times: user=0.02 sys=0.00, real=0.00 secs] 
118.431: Total time for which application threads were stopped: 0.0036430 seconds, Stopping threads took: 0.0001000 seconds
118.607: Application time: 0.1759740 seconds
118.607: [GC [PSYoungGen: 50141K->6764K(51200K)] 134872K->102183K(167936K), 0.0050830 secs] [Times: user=0.03 sys=0.00, real=0.00 secs] 
118.612: Total time for which application threads were stopped: 0.0052270 seconds, Stopping threads took: 0.0000600 seconds
118.805: Application time: 0.1926280 seconds
118.805: [GC [PSYoungGen: 50244K->6668K(51200K)] 145663K->111390K(167936K), 0.0047210 secs] [Times: user=0.03 sys=0.00, real=0.01 secs] 
118.810: [Full GC [PSYoungGen: 6668K->0K(51200K)] [ParOldGen: 104721K->26301K(116736K)] 111390K->26301K(167936K) [PSPermGen: 6089K->6089K(21504K)], 0.0105580 secs] [Times: user=0.06 sys=0.00, real=0.01 secs] 
118.820: Total time for which application threads were stopped: 0.0154880 seconds, Stopping threads took: 0.0000700 seconds
118.877: Application time: 0.0572620 seconds
118.878: [GC [PSYoungGen: 43526K->6540K(51200K)] 69828K->42105K(167936K), 0.0048930 secs] [Times: user=0.03 sys=0.00, real=0.01 secs] 
118.883: Total time for which application threads were stopped: 0.0050710 seconds, Stopping threads took: 0.0000950 seconds
118.899: Application time: 0.0160530 seconds
118.899: [GC [PSYoungGen: 50017K->5796K(51200K)] 85581K->41360K(167936K), 0.0021780 secs] [Times: user=0.02 sys=0.00, real=0.00 secs] 
118.901: Total time for which application threads were stopped: 0.0023230 seconds, Stopping threads took: 0.0000730 seconds
118.915: Application time: 0.0142220 seconds
118.915: [GC [PSYoungGen: 49279K->6572K(51200K)] 84843K->44274K(167936K), 0.0029520 secs] [Times: user=0.02 sys=0.00, real=0.01 secs] 
118.918: Total time for which application threads were stopped: 0.0031450 seconds, Stopping threads took: 0.0001130 seconds
119.018: Application time: 0.1000870 seconds
119.018: [GC [PSYoungGen: 50096K->6604K(51200K)] 87798K->54994K(167936K), 0.0052490 secs] [Times: user=0.03 sys=0.00, real=0.00 secs] 
119.024: Total time for which application threads were stopped: 0.0054080 seconds, Stopping threads took: 0.0000750 seconds
119.040: Application time: 0.0159550 seconds
119.040: [GC [PSYoungGen: 50088K->6604K(51200K)] 98478K->60694K(167936K), 0.0039730 secs] [Times: user=0.03 sys=0.00, real=0.00 secs] 
119.044: Total time for which application threads were stopped: 0.0041460 seconds, Stopping threads took: 0.0000890 seconds
119.063: Application time: 0.0192340 seconds
119.063: [GC [PSYoungGen: 50088K->6636K(51200K)] 104178K->64289K(167936K), 0.0033840 secs] [Times: user=0.02 sys=0.00, real=0.01 secs] 
119.067: Total time for which application threads were stopped: 0.0035420 seconds, Stopping threads took: 0.0000810 seconds
119.115: Application time: 0.0485030 seconds
119.115: [GC [PSYoungGen: 50131K->6604K(51200K)] 107784K->68532K(167936K), 0.0033510 secs] [Times: user=0.02 sys=0.00, real=0.01 secs] 
119.119: Total time for which application threads were stopped: 0.0034980 seconds, Stopping threads took: 0.0000640 seconds
119.315: Application time: 0.1963330 seconds
119.315: [GC [PSYoungGen: 50096K->6700K(51200K)] 112024K->77891K(167936K), 0.0047090 secs] [Times: user=0.04 sys=0.00, real=0.01 secs] 
119.320: Total time for which application threads were stopped: 0.0048580 seconds, Stopping threads took: 0.0000580 seconds
119.515: Application time: 0.1946560 seconds
119.515: [GC [PSYoungGen: 50192K->6732K(51200K)] 121383K->87185K(167936K), 0.0047720 secs] [Times: user=0.04 sys=0.00, real=0.01 secs] 
119.519: Total time for which application threads were stopped: 0.0049480 seconds, Stopping threads took: 0.0000980 seconds
119.722: Application time: 0.2022970 seconds
119.722: [GC [PSYoungGen: 50212K->6732K(51200K)] 130665K->97160K(167936K), 0.0049830 secs] [Times: user=0.04 sys=0.00, real=0.01 secs] 
119.727: Total time for which application threads were stopped: 0.0051420 seconds, Stopping threads took: 0.0000750 seconds
119.937: Application time: 0.2103190 seconds
119.937: [GC [PSYoungGen: 50227K->6732K(51200K)] 140655K->107136K(167936K), 0.0049940 secs] [Times: user=0.04 sys=0.00, real=0.01 secs] 
119.942: Total time for which application threads were stopped: 0.0051560 seconds, Stopping threads took: 0.0000690 seconds
120.121: Application time: 0.1783770 seconds
120.121: [GC [PSYoungGen: 50227K->6732K(51200K)] 150631K->117111K(167936K), 0.0050130 secs] [Times: user=0.04 sys=0.00, real=0.01 secs] 
120.126: [Full GC [PSYoungGen: 6732K->0K(51200K)] [ParOldGen: 110378K->28439K(116736K)] 117111K->28439K(167936K) [PSPermGen: 6089K->6089K(21504K)], 0.0110760 secs] [Times: user=0.06 sys=0.00, real=0.00 secs] 
120.137: Total time for which application threads were stopped: 0.0162820 seconds, Stopping threads took: 0.0000590 seconds
120.323: Application time: 0.1862970 seconds
120.323: [GC [PSYoungGen: 43497K->6572K(51200K)] 71936K->44274K(167936K), 0.0046370 secs] [Times: user=0.03 sys=0.00, real=0.01 secs] 
120.328: Total time for which application threads were stopped: 0.0047850 seconds, Stopping threads took: 0.0000700 seconds
120.498: Application time: 0.1694590 seconds
120.498: [GC [PSYoungGen: 50070K->6540K(51200K)] 87772K->54218K(167936K), 0.0048020 secs] [Times: user=0.03 sys=0.00, real=0.00 secs] 
120.503: Total time for which application threads were stopped: 0.0049830 seconds, Stopping threads took: 0.0000880 seconds
120.663: Application time: 0.1599730 seconds
120.663: [GC [PSYoungGen: 50022K->6604K(51200K)] 97699K->63545K(167936K), 0.0047160 secs] [Times: user=0.03 sys=0.00, real=0.01 secs] 
120.667: Total time for which application threads were stopped: 0.0048870 seconds, Stopping threads took: 0.0000850 seconds
120.818: Application time: 0.1501440 seconds
120.818: [GC [PSYoungGen: 50086K->6541K(51200K)] 107027K->73457K(167936K), 0.0049800 secs] [Times: user=0.03 sys=0.00, real=0.00 secs] 
120.823: Total time for which application threads were stopped: 0.0051340 seconds, Stopping threads took: 0.0000740 seconds
120.988: Application time: 0.1651450 seconds
120.988: [GC [PSYoungGen: 50049K->6669K(51200K)] 116966K->84274K(167936K), 0.0050710 secs] [Times: user=0.04 sys=0.00, real=0.00 secs] 
120.993: Total time for which application threads were stopped: 0.0052270 seconds, Stopping threads took: 0.0000720 seconds
121.154: Application time: 0.1607880 seconds
121.154: [GC [PSYoungGen: 50160K->6669K(51200K)] 127765K->93537K(167936K), 0.0047670 secs] [Times: user=0.04 sys=0.00, real=0.01 secs] 
121.159: Total time for which application threads were stopped: 0.0049320 seconds, Stopping threads took: 0.0000710 seconds
121.307: Application time: 0.1482180 seconds
121.307: [GC [PSYoungGen: 50161K->6669K(51200K)] 137029K->103513K(167936K), 0.0049560 secs] [Times: user=0.04 sys=0.00, real=0.00 secs] 
121.312: Total time for which application threads were stopped: 0.0051010 seconds, Stopping threads took: 0.0000600 seconds
121.459: Application time: 0.1467000 seconds
121.459: [GC [PSYoungGen: 50169K->6669K(51200K)] 147013K->113489K(167936K), 0.0049190 secs] [Times: user=0.03 sys=0.00, real=0.00 secs] 
121.464: [Full GC [PSYoungGen: 6669K->0K(51200K)] [ParOldGen: 106820K->27728K(116736K)] 113489K->27728K(167936K) [PSPermGen: 6089K->6089K(21504K)], 0.0110900 secs] [Times: user=0.06 sys=0.00, real=0.01 secs] 
121.475: Total time for which application threads were stopped: 0.0162150 seconds, Stopping threads took: 0.0000700 seconds
121.634: Application time: 0.1593660 seconds
121.635: [GC [PSYoungGen: 43491K->7157K(51200K)] 71220K->44886K(167936K), 0.0050650 secs] [Times: user=0.04 sys=0.00, real=0.01 secs] 
121.640: Total time for which application threads were stopped: 0.0052130 seconds, Stopping threads took: 0.0000640 seconds
121.795: Application time: 0.1557800 seconds
121.796: [GC [PSYoungGen: 50640K->7157K(51200K)] 88368K->53436K(167936K), 0.0047400 secs] [Times: user=0.03 sys=0.00, real=0.01 secs] 
121.800: Total time for which application threads were stopped: 0.0049090 seconds, Stopping threads took: 0.0000770 seconds
121.876: Application time: 0.0752400 seconds
121.876: [GC [PSYoungGen: 50673K->6477K(51200K)] 96952K->62019K(167936K), 0.0047990 secs] [Times: user=0.04 sys=0.00, real=0.01 secs] 
121.881: Total time for which application threads were stopped: 0.0050080 seconds, Stopping threads took: 0.0001300 seconds
121.896: Application time: 0.0149800 seconds
121.896: [GC [PSYoungGen: 49963K->6525K(51200K)] 105506K->67055K(167936K), 0.0037270 secs] [Times: user=0.02 sys=0.00, real=0.01 secs] 
121.899: Total time for which application threads were stopped: 0.0038780 seconds, Stopping threads took: 0.0000710 seconds
121.916: Application time: 0.0169170 seconds
121.916: [GC [PSYoungGen: 50016K->6637K(51200K)] 110546K->68593K(167936K), 0.0027980 secs] [Times: user=0.02 sys=0.00, real=0.01 secs] 
121.919: Total time for which application threads were stopped: 0.0029640 seconds, Stopping threads took: 0.0000890 seconds
121.978: Application time: 0.0589700 seconds
121.978: [GC [PSYoungGen: 50016K->6588K(51200K)] 111971K->75670K(167936K), 0.0041190 secs] [Times: user=0.03 sys=0.01, real=0.00 secs] 
121.983: Total time for which application threads were stopped: 0.0042660 seconds, Stopping threads took: 0.0000680 seconds
122.005: Application time: 0.0221800 seconds
122.005: [GC [PSYoungGen: 50210K->6668K(51200K)] 119291K->79312K(167936K), 0.0034170 secs] [Times: user=0.03 sys=0.00, real=0.01 secs] 
122.008: Total time for which application threads were stopped: 0.0035900 seconds, Stopping threads took: 0.0000920 seconds
122.026: Application time: 0.0175000 seconds
122.026: [GC [PSYoungGen: 50149K->6637K(51200K)] 122793K->81418K(167936K), 0.0029570 secs] [Times: user=0.02 sys=0.00, real=0.00 secs] 
122.029: Total time for which application threads were stopped: 0.0031070 seconds, Stopping threads took: 0.0000700 seconds
122.041: Application time: 0.0116020 seconds
122.041: [GC [PSYoungGen: 50119K->6636K(51200K)] 124900K->83556K(167936K), 0.0030300 secs] [Times: user=0.02 sys=0.00, real=0.00 secs] 
122.044: Total time for which application threads were stopped: 0.0032030 seconds, Stopping threads took: 0.0000910 seconds
122.191: Application time: 0.1476910 seconds
122.192: [GC [PSYoungGen: 50135K->6668K(51200K)] 127054K->94276K(167936K), 0.0051800 secs] [Times: user=0.04 sys=0.00, real=0.00 secs] 
122.197: Total time for which application threads were stopped: 0.0053430 seconds, Stopping threads took: 0.0000740 seconds
122.280: Application time: 0.0833810 seconds
122.280: [GC [PSYoungGen: 50184K->6732K(51200K)] 137791K->104316K(167936K), 0.0052070 secs] [Times: user=0.04 sys=0.00, real=0.00 secs] 
122.286: Total time for which application threads were stopped: 0.0053950 seconds, Stopping threads took: 0.0001060 seconds
122.302: Application time: 0.0161040 seconds
122.302: [GC [PSYoungGen: 50669K->6748K(51200K)] 148252K->105044K(167936K), 0.0024880 secs] [Times: user=0.01 sys=0.00, real=0.00 secs] 
122.304: Total time for which application threads were stopped: 0.0026450 seconds, Stopping threads took: 0.0000690 seconds
122.319: Application time: 0.0149000 seconds
122.320: [GC [PSYoungGen: 50523K->6669K(51200K)] 148819K->107102K(167936K), 0.0030210 secs] [Times: user=0.03 sys=0.00, real=0.00 secs] 
122.323: Total time for which application threads were stopped: 0.0038820 seconds, Stopping threads took: 0.0007790 seconds
122.333: Application time: 0.0097200 seconds
122.333: [GC [PSYoungGen: 50142K->6700K(51200K)] 150575K->107134K(167936K), 0.0023730 secs] [Times: user=0.02 sys=0.00, real=0.00 secs] 
122.335: Total time for which application threads were stopped: 0.0026180 seconds, Stopping threads took: 0.0001690 seconds
122.350: Application time: 0.0149290 seconds
122.351: [GC [PSYoungGen: 50196K->6700K(51200K)] 150629K->109984K(167936K), 0.0032280 secs] [Times: user=0.02 sys=0.00, real=0.00 secs] 
122.354: [Full GC [PSYoungGen: 6700K->0K(51200K)] [ParOldGen: 103283K->27015K(116736K)] 109984K->27015K(167936K) [PSPermGen: 6089K->6089K(21504K)], 0.0106560 secs] [Times: user=0.06 sys=0.00, real=0.01 secs] 
122.365: Total time for which application threads were stopped: 0.0141150 seconds, Stopping threads took: 0.0001000 seconds
122.380: Application time: 0.0157630 seconds
122.380: [GC [PSYoungGen: 43486K->6540K(51200K)] 70501K->34981K(167936K), 0.0026680 secs] [Times: user=0.02 sys=0.00, real=0.00 secs] 
122.383: Total time for which application threads were stopped: 0.0028400 seconds, Stopping threads took: 0.0000940 seconds
122.407: Application time: 0.0241020 seconds
122.407: [GC [PSYoungGen: 50057K->6540K(51200K)] 78497K->39256K(167936K), 0.0034870 secs] [Times: user=0.03 sys=0.00, real=0.00 secs] 
122.411: Total time for which application threads were stopped: 0.0036500 seconds, Stopping threads took: 0.0000810 seconds
122.428: Application time: 0.0174310 seconds
122.428: [GC [PSYoungGen: 50020K->6508K(51200K)] 82736K->39936K(167936K), 0.0024390 secs] [Times: user=0.02 sys=0.01, real=0.00 secs] 
122.431: Total time for which application threads were stopped: 0.0025980 seconds, Stopping threads took: 0.0000800 seconds
122.448: Application time: 0.0169490 seconds
122.448: [GC [PSYoungGen: 49991K->6509K(51200K)] 83419K->42074K(167936K), 0.0029470 secs] [Times: user=0.02 sys=0.00, real=0.00 secs] 
122.451: Total time for which application threads were stopped: 0.0031100 seconds, Stopping threads took: 0.0000860 seconds
122.486: Application time: 0.0347940 seconds
122.486: [GC [PSYoungGen: 50032K->6668K(51200K)] 85597K->52209K(167936K), 0.0049440 secs] [Times: user=0.03 sys=0.00, real=0.00 secs] 
122.491: Total time for which application threads were stopped: 0.0050830 seconds, Stopping threads took: 0.0000580 seconds
122.509: Application time: 0.0185150 seconds
122.510: [GC [PSYoungGen: 50142K->6636K(51200K)] 95683K->52177K(167936K), 0.0023710 secs] [Times: user=0.01 sys=0.00, real=0.00 secs] 
122.512: Total time for which application threads were stopped: 0.0025640 seconds, Stopping threads took: 0.0001150 seconds
122.532: Application time: 0.0197410 seconds
122.532: [GC [PSYoungGen: 50124K->6637K(51200K)] 95665K->53603K(167936K), 0.0028300 secs] [Times: user=0.02 sys=0.00, real=0.00 secs] 
122.535: Total time for which application threads were stopped: 0.0030010 seconds, Stopping threads took: 0.0000890 seconds
122.552: Application time: 0.0174130 seconds
122.552: [GC [PSYoungGen: 50126K->6588K(51200K)] 97092K->59967K(167936K), 0.0039800 secs] [Times: user=0.03 sys=0.00, real=0.00 secs] 
122.556: Total time for which application threads were stopped: 0.0041220 seconds, Stopping threads took: 0.0000630 seconds
122.761: Application time: 0.2044320 seconds
122.761: [GC [PSYoungGen: 50068K->6604K(51200K)] 103447K->69246K(167936K), 0.0047070 secs] [Times: user=0.04 sys=0.00, real=0.00 secs] 
122.765: Total time for which application threads were stopped: 0.0048500 seconds, Stopping threads took: 0.0000620 seconds
122.940: Application time: 0.1748230 seconds
122.940: [GC [PSYoungGen: 50084K->6604K(51200K)] 112726K->78509K(167936K), 0.0047290 secs] [Times: user=0.03 sys=0.00, real=0.00 secs] 
122.945: Total time for which application threads were stopped: 0.0048910 seconds, Stopping threads took: 0.0000690 seconds
123.014: Application time: 0.0688840 seconds
123.014: [GC [PSYoungGen: 50135K->6652K(51200K)] 122040K->88532K(167936K), 0.0051380 secs] [Times: user=0.03 sys=0.00, real=0.01 secs] 
123.019: Total time for which application threads were stopped: 0.0053100 seconds, Stopping threads took: 0.0000920 seconds
123.034: Application time: 0.0150500 seconds
123.035: [GC [PSYoungGen: 50131K->6684K(51200K)] 132010K->91414K(167936K), 0.0032080 secs] [Times: user=0.03 sys=0.00, real=0.01 secs] 
123.038: Total time for which application threads were stopped: 0.0033790 seconds, Stopping threads took: 0.0000900 seconds
123.053: Application time: 0.0146710 seconds
123.053: [GC [PSYoungGen: 50166K->6700K(51200K)] 134895K->92855K(167936K), 0.0028000 secs] [Times: user=0.02 sys=0.00, real=0.00 secs] 
123.055: Total time for which application threads were stopped: 0.0029710 seconds, Stopping threads took: 0.0000940 seconds
123.099: Application time: 0.0434520 seconds
123.099: [GC [PSYoungGen: 50220K->6764K(51200K)] 136375K->100757K(167936K), 0.0045720 secs] [Times: user=0.03 sys=0.00, real=0.00 secs] 
123.104: Total time for which application threads were stopped: 0.0047360 seconds, Stopping threads took: 0.0000800 seconds
123.122: Application time: 0.0182710 seconds
123.122: [GC [PSYoungGen: 50248K->6684K(51200K)] 144241K->102102K(167936K), 0.0028340 secs] [Times: user=0.02 sys=0.00, real=0.00 secs] 
123.125: Total time for which application threads were stopped: 0.0030210 seconds, Stopping threads took: 0.0001070 seconds
123.140: Application time: 0.0155200 seconds
123.141: [GC [PSYoungGen: 50169K->6668K(51200K)] 145587K->105649K(167936K), 0.0034360 secs] [Times: user=0.03 sys=0.00, real=0.00 secs] 
123.144: Total time for which application threads were stopped: 0.0036070 seconds, Stopping threads took: 0.0000910 seconds
123.227: Application time: 0.0827520 seconds
123.227: [GC [PSYoungGen: 50160K->6700K(51200K)] 149140K->116424K(167936K), 0.0051980 secs] [Times: user=0.04 sys=0.00, real=0.00 secs] 
123.232: [Full GC [PSYoungGen: 6700K->0K(51200K)] [ParOldGen: 109724K->27014K(116736K)] 116424K->27014K(167936K) [PSPermGen: 6089K->6089K(21504K)], 0.0106460 secs] [Times: user=0.05 sys=0.00, real=0.01 secs] 
123.243: Total time for which application threads were stopped: 0.0160460 seconds, Stopping threads took: 0.0000650 seconds
123.462: Application time: 0.2192070 seconds
123.462: [GC [PSYoungGen: 43500K->6540K(51200K)] 70515K->43530K(167936K), 0.0049530 secs] [Times: user=0.04 sys=0.00, real=0.01 secs] 
123.467: Total time for which application threads were stopped: 0.0051060 seconds, Stopping threads took: 0.0000590 seconds
123.661: Application time: 0.1938990 seconds
123.661: [GC [PSYoungGen: 50028K->6604K(51200K)] 87018K->53569K(167936K), 0.0049190 secs] [Times: user=0.03 sys=0.01, real=0.01 secs] 
123.666: Total time for which application threads were stopped: 0.0050660 seconds, Stopping threads took: 0.0000630 seconds
123.884: Application time: 0.2179190 seconds
123.884: [GC [PSYoungGen: 50084K->6668K(51200K)] 97049K->63608K(167936K), 0.0049190 secs] [Times: user=0.04 sys=0.00, real=0.01 secs] 
123.889: Total time for which application threads were stopped: 0.0050670 seconds, Stopping threads took: 0.0000670 seconds
124.069: Application time: 0.1793960 seconds
124.069: [GC [PSYoungGen: 50165K->6636K(51200K)] 107105K->74977K(167936K), 0.0053580 secs] [Times: user=0.04 sys=0.00, real=0.00 secs] 
124.074: Total time for which application threads were stopped: 0.0055120 seconds, Stopping threads took: 0.0000620 seconds
124.277: Application time: 0.2024870 seconds
124.277: [GC [PSYoungGen: 50133K->6668K(51200K)] 118473K->85697K(167936K), 0.0051210 secs] [Times: user=0.04 sys=0.00, real=0.01 secs] 
124.282: Total time for which application threads were stopped: 0.0052710 seconds, Stopping threads took: 0.0000700 seconds
124.459: Application time: 0.1767650 seconds
124.459: [GC [PSYoungGen: 50174K->6668K(51200K)] 129203K->94960K(167936K), 0.0047170 secs] [Times: user=0.03 sys=0.00, real=0.00 secs] 
124.463: Total time for which application threads were stopped: 0.0048630 seconds, Stopping threads took: 0.0000610 seconds
124.630: Application time: 0.1668980 seconds
124.631: [GC [PSYoungGen: 50158K->6668K(51200K)] 138449K->104935K(167936K), 0.0049820 secs] [Times: user=0.03 sys=0.00, real=0.00 secs] 
124.636: Total time for which application threads were stopped: 0.0051420 seconds, Stopping threads took: 0.0000700 seconds
124.801: Application time: 0.1655500 seconds
124.801: [GC [PSYoungGen: 50150K->6668K(51200K)] 148417K->114198K(167936K), 0.0047440 secs] [Times: user=0.03 sys=0.00, real=0.01 secs] 
124.806: [Full GC [PSYoungGen: 6668K->0K(51200K)] [ParOldGen: 107529K->26303K(116736K)] 114198K->26303K(167936K) [PSPermGen: 6089K->6089K(21504K)], 0.0103160 secs] [Times: user=0.05 sys=0.00, real=0.00 secs] 
124.816: Total time for which application threads were stopped: 0.0152520 seconds, Stopping threads took: 0.0000620 seconds
124.972: Application time: 0.1552490 seconds
124.972: [GC [PSYoungGen: 43490K->7157K(51200K)] 69793K->42027K(167936K), 0.0046970 secs] [Times: user=0.03 sys=0.00, real=0.00 secs] 
124.976: Total time for which application threads were stopped: 0.0048450 seconds, Stopping threads took: 0.0000670 seconds
125.136: Application time: 0.1594000 seconds
125.136: [GC [PSYoungGen: 50657K->6573K(51200K)] 85527K->50706K(167936K), 0.0046160 secs] [Times: user=0.03 sys=0.00, real=0.01 secs] 
125.141: Total time for which application threads were stopped: 0.0047670 seconds, Stopping threads took: 0.0000610 seconds
125.286: Application time: 0.1454660 seconds
125.286: [GC [PSYoungGen: 50064K->6637K(51200K)] 94197K->60746K(167936K), 0.0049500 secs] [Times: user=0.03 sys=0.00, real=0.00 secs] 
125.291: Total time for which application threads were stopped: 0.0051060 seconds, Stopping threads took: 0.0000760 seconds
125.445: Application time: 0.1536630 seconds
125.445: [GC [PSYoungGen: 50144K->6637K(51200K)] 104253K->70722K(167936K), 0.0049600 secs] [Times: user=0.03 sys=0.01, real=0.01 secs] 
125.450: Total time for which application threads were stopped: 0.0051240 seconds, Stopping threads took: 0.0000840 seconds
125.615: Application time: 0.1645420 seconds
125.615: [GC [PSYoungGen: 50128K->6669K(51200K)] 114214K->81443K(167936K), 0.0050650 secs] [Times: user=0.04 sys=0.00, real=0.01 secs] 
125.620: Total time for which application threads were stopped: 0.0052110 seconds, Stopping threads took: 0.0000650 seconds
125.764: Application time: 0.1445710 seconds
125.764: [GC [PSYoungGen: 50151K->6669K(51200K)] 124925K->90706K(167936K), 0.0047310 secs] [Times: user=0.03 sys=0.00, real=0.01 secs] 
125.769: Total time for which application threads were stopped: 0.0048980 seconds, Stopping threads took: 0.0000730 seconds
125.861: Application time: 0.0918830 seconds
125.861: [GC [PSYoungGen: 50184K->6669K(51200K)] 134222K->101394K(167936K), 0.0053760 secs] [Times: user=0.04 sys=0.00, real=0.01 secs] 
125.867: Total time for which application threads were stopped: 0.0055390 seconds, Stopping threads took: 0.0000780 seconds
125.884: Application time: 0.0169640 seconds
125.884: [GC [PSYoungGen: 50153K->6669K(51200K)] 144879K->102820K(167936K), 0.0026930 secs] [Times: user=0.02 sys=0.00, real=0.01 secs] 
125.886: Total time for which application threads were stopped: 0.0028460 seconds, Stopping threads took: 0.0000740 seconds
125.902: Application time: 0.0151110 seconds
125.902: [GC [PSYoungGen: 50153K->6669K(51200K)] 146304K->106383K(167936K), 0.0033620 secs] [Times: user=0.02 sys=0.00, real=0.00 secs] 
125.905: Total time for which application threads were stopped: 0.0035390 seconds, Stopping threads took: 0.0000920 seconds
125.981: Application time: 0.0758890 seconds
125.981: [GC [PSYoungGen: 50160K->6669K(51200K)] 149874K->114221K(167936K), 0.0042830 secs] [Times: user=0.03 sys=0.00, real=0.00 secs] 
125.985: [Full GC [PSYoungGen: 6669K->0K(51200K)] [ParOldGen: 107552K->27960K(116736K)] 114221K->27960K(167936K) [PSPermGen: 6089K->6089K(21504K)], 0.0104140 secs] [Times: user=0.06 sys=0.00, real=0.01 secs] 
125.996: Total time for which application threads were stopped: 0.0148960 seconds, Stopping threads took: 0.0000650 seconds
126.055: Application time: 0.0591400 seconds
126.055: [GC [PSYoungGen: 43515K->7157K(51200K)] 71476K->45133K(167936K), 0.0053790 secs] [Times: user=0.04 sys=0.00, real=0.01 secs] 
126.061: Total time for which application threads were stopped: 0.0055390 seconds, Stopping threads took: 0.0000780 seconds
126.077: Application time: 0.0163560 seconds
126.077: [GC [PSYoungGen: 50642K->7157K(51200K)] 88618K->46591K(167936K), 0.0029490 secs] [Times: user=0.02 sys=0.00, real=0.01 secs] 
126.080: Total time for which application threads were stopped: 0.0031090 seconds, Stopping threads took: 0.0000800 seconds
126.095: Application time: 0.0146840 seconds
126.095: [GC [PSYoungGen: 50642K->7157K(51200K)] 90076K->50890K(167936K), 0.0036820 secs] [Times: user=0.03 sys=0.00, real=0.01 secs] 
126.099: Total time for which application threads were stopped: 0.0038490 seconds, Stopping threads took: 0.0000870 seconds
126.207: Application time: 0.1081290 seconds
126.207: [GC [PSYoungGen: 50667K->6572K(51200K)] 94400K->60994K(167936K), 0.0050740 secs] [Times: user=0.04 sys=0.00, real=0.00 secs] 
126.212: Total time for which application threads were stopped: 0.0052240 seconds, Stopping threads took: 0.0000670 seconds
126.365: Application time: 0.1527440 seconds
126.365: [GC [PSYoungGen: 50054K->6604K(51200K)] 104475K->70289K(167936K), 0.0047330 secs] [Times: user=0.04 sys=0.00, real=0.01 secs] 
126.370: Total time for which application threads were stopped: 0.0049070 seconds, Stopping threads took: 0.0000830 seconds
126.495: Application time: 0.1258850 seconds
126.496: [GC [PSYoungGen: 50338K->6668K(51200K)] 114023K->76053K(167936K), 0.0038380 secs] [Times: user=0.03 sys=0.00, real=0.01 secs] 
126.499: Total time for which application threads were stopped: 0.0039920 seconds, Stopping threads took: 0.0000750 seconds
126.514: Application time: 0.0144530 seconds
126.514: [GC [PSYoungGen: 49996K->6700K(51200K)] 119380K->81072K(167936K), 0.0036910 secs] [Times: user=0.02 sys=0.00, real=0.01 secs] 
126.518: Total time for which application threads were stopped: 0.0038490 seconds, Stopping threads took: 0.0000720 seconds
126.530: Application time: 0.0119270 seconds
126.530: [GC [PSYoungGen: 50178K->6668K(51200K)] 124550K->81753K(167936K), 0.0023810 secs] [Times: user=0.02 sys=0.00, real=0.00 secs] 
126.532: Total time for which application threads were stopped: 0.0026750 seconds, Stopping threads took: 0.0002200 seconds
126.543: Application time: 0.0110330 seconds
126.544: [GC [PSYoungGen: 50156K->6732K(51200K)] 125241K->87517K(167936K), 0.0038810 secs] [Times: user=0.02 sys=0.00, real=0.01 secs] 
126.547: Total time for which application threads were stopped: 0.0040670 seconds, Stopping threads took: 0.0001040 seconds
126.558: Application time: 0.0108980 seconds
126.558: [GC [PSYoungGen: 50211K->6701K(51200K)] 130996K->88198K(167936K), 0.0023690 secs] [Times: user=0.02 sys=0.00, real=0.00 secs] 
126.561: Total time for which application threads were stopped: 0.0025260 seconds, Stopping threads took: 0.0000830 seconds
126.571: Application time: 0.0105270 seconds
126.572: [GC [PSYoungGen: 50182K->5243K(51200K)] 131680K->86741K(167936K), 0.0019660 secs] [Times: user=0.02 sys=0.00, real=0.00 secs] 
126.574: Total time for which application threads were stopped: 0.0027520 seconds, Stopping threads took: 0.0006950 seconds
126.585: Application time: 0.0111350 seconds
126.585: [GC [PSYoungGen: 48730K->6637K(51200K)] 130227K->89559K(167936K), 0.0026300 secs] [Times: user=0.02 sys=0.00, real=0.01 secs] 
126.588: Total time for which application threads were stopped: 0.0027830 seconds, Stopping threads took: 0.0000810 seconds
126.599: Application time: 0.0112800 seconds
126.600: [GC [PSYoungGen: 50565K->6749K(51200K)] 133488K->91096K(167936K), 0.0027150 secs] [Times: user=0.02 sys=0.00, real=0.00 secs] 
126.602: Total time for which application threads were stopped: 0.0028810 seconds, Stopping threads took: 0.0000920 seconds
126.612: Application time: 0.0093290 seconds
126.612: [GC [PSYoungGen: 50536K->6733K(51200K)] 134883K->93218K(167936K), 0.0028200 secs] [Times: user=0.02 sys=0.00, real=0.00 secs] 
126.615: Total time for which application threads were stopped: 0.0030010 seconds, Stopping threads took: 0.0001010 seconds
126.628: Application time: 0.0131480 seconds
126.628: [GC [PSYoungGen: 50226K->6716K(51200K)] 136712K->96764K(167936K), 0.0033860 secs] [Times: user=0.02 sys=0.00, real=0.00 secs] 
126.631: Total time for which application threads were stopped: 0.0035490 seconds, Stopping threads took: 0.0000810 seconds
126.648: Application time: 0.0162580 seconds
126.648: [GC [PSYoungGen: 50202K->6700K(51200K)] 140250K->100319K(167936K), 0.0032950 secs] [Times: user=0.02 sys=0.00, real=0.00 secs] 
126.651: Total time for which application threads were stopped: 0.0034490 seconds, Stopping threads took: 0.0000760 seconds
126.669: Application time: 0.0179810 seconds
126.669: [GC [PSYoungGen: 50181K->6668K(51200K)] 143799K->101000K(167936K), 0.0026360 secs] [Times: user=0.02 sys=0.00, real=0.00 secs] 
126.672: Total time for which application threads were stopped: 0.0028100 seconds, Stopping threads took: 0.0000960 seconds
126.749: Application time: 0.0767840 seconds
126.749: [GC [PSYoungGen: 50161K->6732K(51200K)] 144492K->111047K(167936K), 0.0049810 secs] [Times: user=0.04 sys=0.00, real=0.00 secs] 
126.754: [Full GC [PSYoungGen: 6732K->0K(51200K)] [ParOldGen: 104314K->26302K(116736K)] 111047K->26302K(167936K) [PSPermGen: 6089K->6089K(21504K)], 0.0107600 secs] [Times: user=0.05 sys=0.00, real=0.01 secs] 
126.765: Total time for which application threads were stopped: 0.0159630 seconds, Stopping threads took: 0.0000860 seconds
126.942: Application time: 0.1777170 seconds
126.942: [GC [PSYoungGen: 43480K->7125K(51200K)] 69783K->42690K(167936K), 0.0049270 secs] [Times: user=0.04 sys=0.00, real=0.01 secs] 
126.947: Total time for which application threads were stopped: 0.0050890 seconds, Stopping threads took: 0.0000720 seconds
127.131: Application time: 0.1840070 seconds
127.131: [GC [PSYoungGen: 51157K->6524K(51200K)] 86722K->51353K(167936K), 0.0046690 secs] [Times: user=0.04 sys=0.00, real=0.00 secs] 
127.136: Total time for which application threads were stopped: 0.0048250 seconds, Stopping threads took: 0.0000720 seconds
127.160: Application time: 0.0238620 seconds
127.160: [GC [PSYoungGen: 50209K->6540K(51200K)] 95038K->54931K(167936K), 0.0032990 secs] [Times: user=0.02 sys=0.00, real=0.00 secs] 
127.164: Total time for which application threads were stopped: 0.0034920 seconds, Stopping threads took: 0.0001120 seconds
127.179: Application time: 0.0158470 seconds
127.180: [GC [PSYoungGen: 50051K->6636K(51200K)] 98442K->56452K(167936K), 0.0027000 secs] [Times: user=0.02 sys=0.00, real=0.00 secs] 
127.182: Total time for which application threads were stopped: 0.0030280 seconds, Stopping threads took: 0.0002470 seconds
127.193: Application time: 0.0106610 seconds
127.193: [GC [PSYoungGen: 50119K->6668K(51200K)] 99935K->60760K(167936K), 0.0035090 secs] [Times: user=0.03 sys=0.00, real=0.00 secs] 
127.197: Total time for which application threads were stopped: 0.0037870 seconds, Stopping threads took: 0.0001950 seconds
127.206: Application time: 0.0093830 seconds
127.207: [GC [PSYoungGen: 50146K->6636K(51200K)] 104237K->62153K(167936K), 0.0026850 secs] [Times: user=0.01 sys=0.00, real=0.00 secs] 
127.209: Total time for which application threads were stopped: 0.0029810 seconds, Stopping threads took: 0.0002170 seconds
127.227: Application time: 0.0179180 seconds
127.227: [GC [PSYoungGen: 50128K->6604K(51200K)] 105644K->66396K(167936K), 0.0035800 secs] [Times: user=0.02 sys=0.00, real=0.00 secs] 
127.231: Total time for which application threads were stopped: 0.0037660 seconds, Stopping threads took: 0.0001030 seconds
127.244: Application time: 0.0133070 seconds
127.244: [GC [PSYoungGen: 50096K->6604K(51200K)] 109888K->67821K(167936K), 0.0026350 secs] [Times: user=0.02 sys=0.00, real=0.01 secs] 
127.247: Total time for which application threads were stopped: 0.0028040 seconds, Stopping threads took: 0.0000890 seconds
127.462: Application time: 0.2145000 seconds
127.462: [GC [PSYoungGen: 50084K->6700K(51200K)] 111300K->77892K(167936K), 0.0049020 secs] [Times: user=0.03 sys=0.00, real=0.01 secs] 
127.467: Total time for which application threads were stopped: 0.0050570 seconds, Stopping threads took: 0.0000580 seconds
127.642: Application time: 0.1754150 seconds
127.642: [GC [PSYoungGen: 50192K->6668K(51200K)] 121384K->87123K(167936K), 0.0047780 secs] [Times: user=0.04 sys=0.00, real=0.01 secs] 
127.647: Total time for which application threads were stopped: 0.0049320 seconds, Stopping threads took: 0.0000720 seconds
127.851: Application time: 0.2042290 seconds
127.851: [GC [PSYoungGen: 50164K->6732K(51200K)] 130619K->98587K(167936K), 0.0053440 secs] [Times: user=0.04 sys=0.00, real=0.00 secs] 
127.857: Total time for which application threads were stopped: 0.0054910 seconds, Stopping threads took: 0.0000660 seconds
128.045: Application time: 0.1883710 seconds
128.045: [GC [PSYoungGen: 50221K->6732K(51200K)] 142075K->108562K(167936K), 0.0049610 secs] [Times: user=0.04 sys=0.00, real=0.01 secs] 
128.050: [Full GC [PSYoungGen: 6732K->0K(51200K)] [ParOldGen: 101829K->28440K(116736K)] 108562K->28440K(167936K) [PSPermGen: 6089K->6089K(21504K)], 0.0108530 secs] [Times: user=0.06 sys=0.00, real=0.01 secs] 
128.061: Total time for which application threads were stopped: 0.0160260 seconds, Stopping threads took: 0.0000680 seconds
128.246: Application time: 0.1845580 seconds
128.246: [GC [PSYoungGen: 43501K->6636K(51200K)] 71941K->45764K(167936K), 0.0051400 secs] [Times: user=0.03 sys=0.00, real=0.00 secs] 
128.251: Total time for which application threads were stopped: 0.0052810 seconds, Stopping threads took: 0.0000600 seconds
128.459: Application time: 0.2076570 seconds
128.459: [GC [PSYoungGen: 50117K->6636K(51200K)] 89245K->55027K(167936K), 0.0046500 secs] [Times: user=0.03 sys=0.00, real=0.00 secs] 
128.463: Total time for which application threads were stopped: 0.0048170 seconds, Stopping threads took: 0.0000720 seconds
128.628: Application time: 0.1647690 seconds
128.628: [GC [PSYoungGen: 50134K->6540K(51200K)] 98525K->64907K(167936K), 0.0047640 secs] [Times: user=0.03 sys=0.00, real=0.00 secs] 
128.633: Total time for which application threads were stopped: 0.0049520 seconds, Stopping threads took: 0.0000910 seconds
128.798: Application time: 0.1644780 seconds
128.798: [GC [PSYoungGen: 50039K->6668K(51200K)] 108405K->76435K(167936K), 0.0053490 secs] [Times: user=0.04 sys=0.00, real=0.00 secs] 
128.803: Total time for which application threads were stopped: 0.0055230 seconds, Stopping threads took: 0.0000900 seconds
128.968: Application time: 0.1650900 seconds
128.968: [GC [PSYoungGen: 50158K->6668K(51200K)] 119926K->86411K(167936K), 0.0049580 secs] [Times: user=0.04 sys=0.00, real=0.00 secs] 
128.973: Total time for which application threads were stopped: 0.0051000 seconds, Stopping threads took: 0.0000630 seconds
129.138: Application time: 0.1645100 seconds
129.138: [GC [PSYoungGen: 50159K->6669K(51200K)] 129902K->96387K(167936K), 0.0050020 secs] [Times: user=0.04 sys=0.00, real=0.00 secs] 
129.143: Total time for which application threads were stopped: 0.0051600 seconds, Stopping threads took: 0.0000670 seconds
129.296: Application time: 0.1528190 seconds
129.296: [GC [PSYoungGen: 50169K->6669K(51200K)] 139887K->107076K(167936K), 0.0051850 secs] [Times: user=0.04 sys=0.00, real=0.01 secs] 
129.301: [Full GC [PSYoungGen: 6669K->0K(51200K)] [ParOldGen: 100407K->26304K(116736K)] 107076K->26304K(167936K) [PSPermGen: 6089K->6089K(21504K)], 0.0106900 secs] [Times: user=0.05 sys=0.00, real=0.01 secs] 
129.312: Total time for which application threads were stopped: 0.0160800 seconds, Stopping threads took: 0.0000690 seconds
129.474: Application time: 0.1619840 seconds
129.474: [GC [PSYoungGen: 43482K->7157K(51200K)] 69786K->42012K(167936K), 0.0047320 secs] [Times: user=0.04 sys=0.00, real=0.01 secs] 
129.479: Total time for which application threads were stopped: 0.0048780 seconds, Stopping threads took: 0.0000610 seconds
129.640: Application time: 0.1612830 seconds
129.640: [GC [PSYoungGen: 50656K->6509K(51200K)] 85511K->50627K(167936K), 0.0046990 secs] [Times: user=0.04 sys=0.00, real=0.00 secs] 
129.645: Total time for which application threads were stopped: 0.0048600 seconds, Stopping threads took: 0.0000700 seconds
129.777: Application time: 0.1319160 seconds
129.777: [GC [PSYoungGen: 50009K->6605K(51200K)] 94127K->62837K(167936K), 0.0055430 secs] [Times: user=0.04 sys=0.00, real=0.01 secs] 
129.783: Total time for which application threads were stopped: 0.0057100 seconds, Stopping threads took: 0.0000870 seconds
129.847: Application time: 0.0640850 seconds
129.847: [GC [PSYoungGen: 50118K->6669K(51200K)] 106350K->68601K(167936K), 0.0039540 secs] [Times: user=0.03 sys=0.00, real=0.00 secs] 
129.851: Total time for which application threads were stopped: 0.0042860 seconds, Stopping threads took: 0.0002490 seconds
129.865: Application time: 0.0145010 seconds
129.866: [GC [PSYoungGen: 50150K->6605K(51200K)] 112083K->73526K(167936K), 0.0037940 secs] [Times: user=0.03 sys=0.00, real=0.01 secs] 
129.869: Total time for which application threads were stopped: 0.0039750 seconds, Stopping threads took: 0.0000950 seconds
129.892: Application time: 0.0222030 seconds
129.892: [GC [PSYoungGen: 50090K->6669K(51200K)] 117011K->77865K(167936K), 0.0036180 secs] [Times: user=0.03 sys=0.00, real=0.00 secs] 
129.895: Total time for which application threads were stopped: 0.0038130 seconds, Stopping threads took: 0.0001080 seconds
130.009: Application time: 0.1135950 seconds
130.009: [GC [PSYoungGen: 50159K->6637K(51200K)] 121356K->87809K(167936K), 0.0048780 secs] [Times: user=0.03 sys=0.00, real=0.00 secs] 
130.014: Total time for which application threads were stopped: 0.0050280 seconds, Stopping threads took: 0.0000680 seconds
130.154: Application time: 0.1397120 seconds
130.154: [GC [PSYoungGen: 50146K->6637K(51200K)] 131318K->96360K(167936K), 0.0045180 secs] [Times: user=0.04 sys=0.00, real=0.01 secs] 
130.158: Total time for which application threads were stopped: 0.0046730 seconds, Stopping threads took: 0.0000620 seconds
130.177: Application time: 0.0183650 seconds
130.177: [GC [PSYoungGen: 50130K->6701K(51200K)] 139853K->102124K(167936K), 0.0040010 secs] [Times: user=0.03 sys=0.00, real=0.01 secs] 
130.181: Total time for which application threads were stopped: 0.0041920 seconds, Stopping threads took: 0.0001090 seconds
130.197: Application time: 0.0161350 seconds
130.197: [GC [PSYoungGen: 50181K->6637K(51200K)] 145604K->104911K(167936K), 0.0031440 secs] [Times: user=0.02 sys=0.00, real=0.01 secs] 
130.200: Total time for which application threads were stopped: 0.0033160 seconds, Stopping threads took: 0.0000880 seconds
130.213: Application time: 0.0128870 seconds
130.213: [GC [PSYoungGen: 50117K->6669K(51200K)] 148391K->106368K(167936K), 0.0028430 secs] [Times: user=0.02 sys=0.00, real=0.00 secs] 
130.216: Total time for which application threads were stopped: 0.0030070 seconds, Stopping threads took: 0.0000880 seconds
130.351: Application time: 0.1348360 seconds
130.351: [GC [PSYoungGen: 50168K->6733K(51200K)] 149867K->117120K(167936K), 0.0052040 secs] [Times: user=0.04 sys=0.00, real=0.00 secs] 
130.357: [Full GC [PSYoungGen: 6733K->0K(51200K)] [ParOldGen: 110387K->30636K(116736K)] 117120K->30636K(167936K) [PSPermGen: 6089K->6089K(21504K)], 0.0102880 secs] [Times: user=0.06 sys=0.00, real=0.02 secs] 
130.367: Total time for which application threads were stopped: 0.0156990 seconds, Stopping threads took: 0.0000760 seconds
130.537: Application time: 0.1703090 seconds
130.537: [GC [PSYoungGen: 43481K->7125K(51200K)] 74117K->47024K(167936K), 0.0049970 secs] [Times: user=0.03 sys=0.00, real=0.01 secs] 
130.542: Total time for which application threads were stopped: 0.0051510 seconds, Stopping threads took: 0.0000650 seconds
130.663: Application time: 0.1206110 seconds
130.664: [GC [PSYoungGen: 50673K->6508K(51200K)] 90572K->55670K(167936K), 0.0048680 secs] [Times: user=0.03 sys=0.00, real=0.01 secs] 
130.668: Total time for which application threads were stopped: 0.0055090 seconds, Stopping threads took: 0.0005450 seconds
130.683: Application time: 0.0144910 seconds
130.684: [GC [PSYoungGen: 49982K->6636K(51200K)] 99144K->56511K(167936K), 0.0025370 secs] [Times: user=0.02 sys=0.00, real=0.01 secs] 
130.686: Total time for which application threads were stopped: 0.0034110 seconds, Stopping threads took: 0.0007960 seconds
130.696: Application time: 0.0094070 seconds
130.696: [GC [PSYoungGen: 50114K->6652K(51200K)] 99989K->58665K(167936K), 0.0028700 secs] [Times: user=0.02 sys=0.00, real=0.01 secs] 
130.699: Total time for which application threads were stopped: 0.0031850 seconds, Stopping threads took: 0.0002330 seconds
130.712: Application time: 0.0132220 seconds
130.713: [GC [PSYoungGen: 50173K->6636K(51200K)] 102185K->59361K(167936K), 0.0025200 secs] [Times: user=0.02 sys=0.00, real=0.00 secs] 
130.716: Total time for which application threads were stopped: 0.0034780 seconds, Stopping threads took: 0.0008760 seconds
130.728: Application time: 0.0119130 seconds
130.728: [GC [PSYoungGen: 50111K->6669K(51200K)] 102836K->60818K(167936K), 0.0027010 secs] [Times: user=0.02 sys=0.00, real=0.00 secs] 
130.731: Total time for which application threads were stopped: 0.0029330 seconds, Stopping threads took: 0.0001560 seconds
130.741: Application time: 0.0106860 seconds
130.741: [GC [PSYoungGen: 50158K->6637K(51200K)] 104307K->63637K(167936K), 0.0030700 secs] [Times: user=0.02 sys=0.00, real=0.00 secs] 
130.745: Total time for which application threads were stopped: 0.0032810 seconds, Stopping threads took: 0.0001350 seconds
130.755: Application time: 0.0105130 seconds
130.755: [GC [PSYoungGen: 50120K->6637K(51200K)] 107120K->67199K(167936K), 0.0032860 secs] [Times: user=0.02 sys=0.00, real=0.01 secs] 
130.758: Total time for which application threads were stopped: 0.0034340 seconds, Stopping threads took: 0.0000650 seconds
130.772: Application time: 0.0136860 seconds
130.772: [GC [PSYoungGen: 50582K->6716K(51200K)] 111145K->70129K(167936K), 0.0031090 secs] [Times: user=0.02 sys=0.00, real=0.00 secs] 
130.775: Total time for which application threads were stopped: 0.0032650 seconds, Stopping threads took: 0.0000780 seconds
130.791: Application time: 0.0155390 seconds
130.791: [GC [PSYoungGen: 50494K->6621K(51200K)] 113907K->72883K(167936K), 0.0031740 secs] [Times: user=0.01 sys=0.00, real=0.00 secs] 
130.794: Total time for which application threads were stopped: 0.0033670 seconds, Stopping threads took: 0.0001110 seconds
130.805: Application time: 0.0102140 seconds
130.805: [GC [PSYoungGen: 50093K->6732K(51200K)] 116356K->73708K(167936K), 0.0026300 secs] [Times: user=0.02 sys=0.00, real=0.01 secs] 
130.808: Total time for which application threads were stopped: 0.0030180 seconds, Stopping threads took: 0.0003110 seconds
130.823: Application time: 0.0154430 seconds
130.823: [GC [PSYoungGen: 50227K->6700K(51200K)] 117203K->75813K(167936K), 0.0029860 secs] [Times: user=0.02 sys=0.00, real=0.01 secs] 
130.826: Total time for which application threads were stopped: 0.0031630 seconds, Stopping threads took: 0.0000970 seconds
130.846: Application time: 0.0194010 seconds
130.846: [GC [PSYoungGen: 50183K->6700K(51200K)] 119296K->77951K(167936K), 0.0028650 secs] [Times: user=0.02 sys=0.00, real=0.00 secs] 
130.849: Total time for which application threads were stopped: 0.0030500 seconds, Stopping threads took: 0.0000980 seconds
130.933: Application time: 0.0845310 seconds
130.933: [GC [PSYoungGen: 50192K->6668K(51200K)] 121443K->88607K(167936K), 0.0052120 secs] [Times: user=0.04 sys=0.00, real=0.01 secs] 
130.939: Total time for which application threads were stopped: 0.0053650 seconds, Stopping threads took: 0.0000720 seconds
131.124: Application time: 0.1853340 seconds
131.124: [GC [PSYoungGen: 50157K->6700K(51200K)] 132095K->99327K(167936K), 0.0051500 secs] [Times: user=0.04 sys=0.00, real=0.01 secs] 
131.129: Total time for which application threads were stopped: 0.0053010 seconds, Stopping threads took: 0.0000640 seconds
131.273: Application time: 0.1436240 seconds
131.273: [GC [PSYoungGen: 50215K->6796K(51200K)] 142841K->109398K(167936K), 0.0051310 secs] [Times: user=0.04 sys=0.00, real=0.01 secs] 
131.278: [Full GC [PSYoungGen: 6796K->0K(51200K)] [ParOldGen: 102601K->26303K(116736K)] 109398K->26303K(167936K) [PSPermGen: 6089K->6089K(21504K)], 0.0108360 secs] [Times: user=0.05 sys=0.00, real=0.01 secs] 
131.289: Total time for which application threads were stopped: 0.0161770 seconds, Stopping threads took: 0.0000690 seconds
131.305: Application time: 0.0163760 seconds
131.305: [GC [PSYoungGen: 43482K->3754K(51200K)] 69785K->30057K(167936K), 0.0012020 secs] [Times: user=0.01 sys=0.00, real=0.01 secs] 
131.307: Total time for which application threads were stopped: 0.0013430 seconds, Stopping threads took: 0.0000740 seconds
131.327: Application time: 0.0198470 seconds
131.327: [GC [PSYoungGen: 47690K->5179K(51200K)] 73993K->31483K(167936K), 0.0016440 secs] [Times: user=0.01 sys=0.00, real=0.00 secs] 
131.328: Total time for which application threads were stopped: 0.0018170 seconds, Stopping threads took: 0.0001130 seconds
131.341: Application time: 0.0130270 seconds
131.342: [GC [PSYoungGen: 48968K->6636K(51200K)] 75272K->37215K(167936K), 0.0034170 secs] [Times: user=0.02 sys=0.00, real=0.00 secs] 
131.345: Total time for which application threads were stopped: 0.0035850 seconds, Stopping threads took: 0.0000850 seconds
131.361: Application time: 0.0162800 seconds
131.361: [GC [PSYoungGen: 50112K->6572K(51200K)] 80690K->41426K(167936K), 0.0035040 secs] [Times: user=0.03 sys=0.00, real=0.00 secs] 
131.365: Total time for which application threads were stopped: 0.0036740 seconds, Stopping threads took: 0.0000880 seconds
131.384: Application time: 0.0193220 seconds
131.384: [GC [PSYoungGen: 50061K->6572K(51200K)] 84914K->44276K(167936K), 0.0031170 secs] [Times: user=0.02 sys=0.00, real=0.01 secs] 
131.388: Total time for which application threads were stopped: 0.0032850 seconds, Stopping threads took: 0.0000920 seconds
131.443: Application time: 0.0556300 seconds
131.443: [GC [PSYoungGen: 50063K->6604K(51200K)] 87767K->50720K(167936K), 0.0038640 secs] [Times: user=0.02 sys=0.00, real=0.01 secs] 
131.447: Total time for which application threads were stopped: 0.0040140 seconds, Stopping threads took: 0.0000670 seconds
131.639: Application time: 0.1917560 seconds
131.639: [GC [PSYoungGen: 50084K->6540K(51200K)] 94200K->59919K(167936K), 0.0047110 secs] [Times: user=0.03 sys=0.00, real=0.00 secs] 
131.644: Total time for which application threads were stopped: 0.0048540 seconds, Stopping threads took: 0.0000590 seconds
131.849: Application time: 0.2053280 seconds
131.849: [GC [PSYoungGen: 50047K->6668K(51200K)] 103426K->70735K(167936K), 0.0051380 secs] [Times: user=0.03 sys=0.00, real=0.00 secs] 
131.854: Total time for which application threads were stopped: 0.0053010 seconds, Stopping threads took: 0.0000730 seconds
132.044: Application time: 0.1896140 seconds
132.044: [GC [PSYoungGen: 50157K->6636K(51200K)] 114223K->80678K(167936K), 0.0048690 secs] [Times: user=0.02 sys=0.00, real=0.01 secs] 
132.049: Total time for which application threads were stopped: 0.0050280 seconds, Stopping threads took: 0.0000780 seconds
132.238: Application time: 0.1894100 seconds
132.239: [GC [PSYoungGen: 50116K->6700K(51200K)] 124158K->90717K(167936K), 0.0050060 secs] [Times: user=0.04 sys=0.00, real=0.00 secs] 
132.244: Total time for which application threads were stopped: 0.0051830 seconds, Stopping threads took: 0.0000910 seconds
132.437: Application time: 0.1934730 seconds
132.437: [GC [PSYoungGen: 50204K->6700K(51200K)] 134221K->102118K(167936K), 0.0053730 secs] [Times: user=0.04 sys=0.00, real=0.01 secs] 
132.443: Total time for which application threads were stopped: 0.0055360 seconds, Stopping threads took: 0.0000670 seconds
132.624: Application time: 0.1813470 seconds
132.624: [GC [PSYoungGen: 50181K->6700K(51200K)] 145598K->111381K(167936K), 0.0048350 secs] [Times: user=0.04 sys=0.00, real=0.01 secs] 
132.629: [Full GC [PSYoungGen: 6700K->0K(51200K)] [ParOldGen: 104680K->29153K(116736K)] 111381K->29153K(167936K) [PSPermGen: 6089K->6089K(21504K)], 0.0108150 secs] [Times: user=0.06 sys=0.01, real=0.01 secs] 
132.640: Total time for which application threads were stopped: 0.0158470 seconds, Stopping threads took: 0.0000640 seconds
132.821: Application time: 0.1806520 seconds
132.821: [GC [PSYoungGen: 43515K->6604K(51200K)] 72668K->45021K(167936K), 0.0046360 secs] [Times: user=0.04 sys=0.00, real=0.00 secs] 
132.825: Total time for which application threads were stopped: 0.0047770 seconds, Stopping threads took: 0.0000580 seconds
132.980: Application time: 0.1545020 seconds
132.980: [GC [PSYoungGen: 50094K->6668K(51200K)] 88511K->55061K(167936K), 0.0049550 secs] [Times: user=0.04 sys=0.00, real=0.00 secs] 
132.985: Total time for which application threads were stopped: 0.0051110 seconds, Stopping threads took: 0.0000600 seconds
133.153: Application time: 0.1678080 seconds
133.153: [GC [PSYoungGen: 50150K->6636K(51200K)] 98542K->64292K(167936K), 0.0046790 secs] [Times: user=0.04 sys=0.00, real=0.00 secs] 
133.158: Total time for which application threads were stopped: 0.0048250 seconds, Stopping threads took: 0.0000660 seconds
133.312: Application time: 0.1540630 seconds
133.312: [GC [PSYoungGen: 50144K->6669K(51200K)] 107799K->74300K(167936K), 0.0048180 secs] [Times: user=0.04 sys=0.00, real=0.00 secs] 
133.317: Total time for which application threads were stopped: 0.0049660 seconds, Stopping threads took: 0.0000670 seconds
133.469: Application time: 0.1519270 seconds
133.469: [GC [PSYoungGen: 50151K->6637K(51200K)] 117782K->84956K(167936K), 0.0051800 secs] [Times: user=0.03 sys=0.00, real=0.00 secs] 
133.474: Total time for which application threads were stopped: 0.0053550 seconds, Stopping threads took: 0.0000870 seconds
133.645: Application time: 0.1714320 seconds
133.645: [GC [PSYoungGen: 50120K->6669K(51200K)] 128439K->94252K(167936K), 0.0047270 secs] [Times: user=0.03 sys=0.00, real=0.01 secs] 
133.650: Total time for which application threads were stopped: 0.0048760 seconds, Stopping threads took: 0.0000600 seconds
133.799: Application time: 0.1490300 seconds
133.799: [GC [PSYoungGen: 50167K->6669K(51200K)] 137750K->102803K(167936K), 0.0045800 secs] [Times: user=0.03 sys=0.00, real=0.00 secs] 
133.804: Total time for which application threads were stopped: 0.0047280 seconds, Stopping threads took: 0.0000690 seconds
133.953: Application time: 0.1485480 seconds
133.953: [GC [PSYoungGen: 50202K->6701K(51200K)] 146336K->114949K(167936K), 0.0054750 secs] [Times: user=0.04 sys=0.00, real=0.01 secs] 
133.958: [Full GC [PSYoungGen: 6701K->0K(51200K)] [ParOldGen: 108247K->28442K(116736K)] 114949K->28442K(167936K) [PSPermGen: 6089K->6089K(21504K)], 0.0109370 secs] [Times: user=0.06 sys=0.00, real=0.01 secs] 
133.969: Total time for which application threads were stopped: 0.0166080 seconds, Stopping threads took: 0.0000640 seconds
133.987: Application time: 0.0174070 seconds
133.987: [GC [PSYoungGen: 43476K->6572K(51200K)] 71918K->35015K(167936K), 0.0022320 secs] [Times: user=0.01 sys=0.00, real=0.00 secs] 
133.989: Total time for which application threads were stopped: 0.0023850 seconds, Stopping threads took: 0.0000830 seconds
134.005: Application time: 0.0165230 seconds
134.006: [GC [PSYoungGen: 50055K->6509K(51200K)] 78498K->40652K(167936K), 0.0038920 secs] [Times: user=0.03 sys=0.00, real=0.01 secs] 
134.010: Total time for which application threads were stopped: 0.0040740 seconds, Stopping threads took: 0.0000920 seconds
134.022: Application time: 0.0129400 seconds
134.023: [GC [PSYoungGen: 49989K->6477K(51200K)] 84133K->41333K(167936K), 0.0025640 secs] [Times: user=0.02 sys=0.00, real=0.00 secs] 
134.025: Total time for which application threads were stopped: 0.0027200 seconds, Stopping threads took: 0.0000810 seconds
134.170: Application time: 0.1446710 seconds
134.170: [GC [PSYoungGen: 49968K->7157K(51200K)] 84824K->51285K(167936K), 0.0049290 secs] [Times: user=0.04 sys=0.00, real=0.00 secs] 
134.175: Total time for which application threads were stopped: 0.0050930 seconds, Stopping threads took: 0.0000740 seconds
134.265: Application time: 0.0897230 seconds
134.265: [GC [PSYoungGen: 50673K->6477K(51200K)] 94801K->60580K(167936K), 0.0050670 secs] [Times: user=0.04 sys=0.00, real=0.01 secs] 
134.270: Total time for which application threads were stopped: 0.0052420 seconds, Stopping threads took: 0.0000890 seconds
134.286: Application time: 0.0164840 seconds
134.287: [GC [PSYoungGen: 49961K->6605K(51200K)] 104064K->62133K(167936K), 0.0027050 secs] [Times: user=0.02 sys=0.00, real=0.00 secs] 
134.289: Total time for which application threads were stopped: 0.0028530 seconds, Stopping threads took: 0.0000710 seconds
134.305: Application time: 0.0159680 seconds
134.305: [GC [PSYoungGen: 50086K->6637K(51200K)] 105615K->62878K(167936K), 0.0026010 secs] [Times: user=0.02 sys=0.00, real=0.01 secs] 
134.308: Total time for which application threads were stopped: 0.0027640 seconds, Stopping threads took: 0.0000870 seconds
134.389: Application time: 0.0812360 seconds
134.389: [GC [PSYoungGen: 50144K->6573K(51200K)] 106386K->72790K(167936K), 0.0049770 secs] [Times: user=0.04 sys=0.00, real=0.00 secs] 
134.394: Total time for which application threads were stopped: 0.0051610 seconds, Stopping threads took: 0.0001000 seconds
134.545: Application time: 0.1506360 seconds
134.545: [GC [PSYoungGen: 50055K->6572K(51200K)] 116272K->82765K(167936K), 0.0049620 secs] [Times: user=0.04 sys=0.00, real=0.01 secs] 
134.550: Total time for which application threads were stopped: 0.0051170 seconds, Stopping threads took: 0.0000740 seconds
134.701: Application time: 0.1512480 seconds
134.702: [GC [PSYoungGen: 50054K->6668K(51200K)] 126246K->92124K(167936K), 0.0047040 secs] [Times: user=0.03 sys=0.01, real=0.01 secs] 
134.706: Total time for which application threads were stopped: 0.0048670 seconds, Stopping threads took: 0.0000700 seconds
134.803: Application time: 0.0971350 seconds
134.804: [GC [PSYoungGen: 50183K->6636K(51200K)] 135639K->102780K(167936K), 0.0054160 secs] [Times: user=0.04 sys=0.00, real=0.01 secs] 
134.809: Total time for which application threads were stopped: 0.0055700 seconds, Stopping threads took: 0.0000720 seconds
134.825: Application time: 0.0162570 seconds
134.825: [GC [PSYoungGen: 50121K->6668K(51200K)] 146264K->104950K(167936K), 0.0030210 secs] [Times: user=0.02 sys=0.00, real=0.01 secs] 
134.828: Total time for which application threads were stopped: 0.0031840 seconds, Stopping threads took: 0.0000840 seconds
134.843: Application time: 0.0148910 seconds
134.844: [GC [PSYoungGen: 50687K->6733K(51200K)] 148968K->106439K(167936K), 0.0027690 secs] [Times: user=0.02 sys=0.00, real=0.01 secs] 
134.846: Total time for which application threads were stopped: 0.0031340 seconds, Stopping threads took: 0.0002830 seconds
134.857: Application time: 0.0106500 seconds
134.857: [GC [PSYoungGen: 50453K->6764K(51200K)] 150159K->107183K(167936K), 0.0024090 secs] [Times: user=0.01 sys=0.00, real=0.01 secs] 
134.860: [Full GC [PSYoungGen: 6764K->0K(51200K)] [ParOldGen: 100418K->23081K(116736K)] 107183K->23081K(167936K) [PSPermGen: 6089K->6089K(21504K)], 0.0091980 secs] [Times: user=0.05 sys=0.00, real=0.01 secs] 
134.869: Total time for which application threads were stopped: 0.0120210 seconds, Stopping threads took: 0.0002820 seconds
134.881: Application time: 0.0117170 seconds
134.881: [GC [PSYoungGen: 43460K->6604K(51200K)] 66542K->29686K(167936K), 0.0022360 secs] [Times: user=0.01 sys=0.00, real=0.00 secs] 
134.883: Total time for which application threads were stopped: 0.0025100 seconds, Stopping threads took: 0.0001990 seconds
134.895: Application time: 0.0111760 seconds
134.895: [GC [PSYoungGen: 50151K->6604K(51200K)] 73232K->34673K(167936K), 0.0036070 secs] [Times: user=0.03 sys=0.00, real=0.01 secs] 
134.899: Total time for which application threads were stopped: 0.0043360 seconds, Stopping threads took: 0.0006440 seconds
134.910: Application time: 0.0106760 seconds
134.910: [GC [PSYoungGen: 50075K->6604K(51200K)] 78144K->34673K(167936K), 0.0022060 secs] [Times: user=0.02 sys=0.00, real=0.00 secs] 
134.913: Total time for which application threads were stopped: 0.0031280 seconds, Stopping threads took: 0.0008440 seconds
134.923: Application time: 0.0106150 seconds
134.923: [GC [PSYoungGen: 50091K->6604K(51200K)] 78161K->36099K(167936K), 0.0026510 secs] [Times: user=0.02 sys=0.00, real=0.01 secs] 
134.926: Total time for which application threads were stopped: 0.0028420 seconds, Stopping threads took: 0.0001080 seconds
134.936: Application time: 0.0102690 seconds
134.937: [GC [PSYoungGen: 50097K->6604K(51200K)] 79591K->39661K(167936K), 0.0032380 secs] [Times: user=0.03 sys=0.00, real=0.01 secs] 
134.940: Total time for which application threads were stopped: 0.0035070 seconds, Stopping threads took: 0.0001890 seconds
134.951: Application time: 0.0108260 seconds
134.951: [GC [PSYoungGen: 50082K->5892K(51200K)] 83139K->38949K(167936K), 0.0019270 secs] [Times: user=0.02 sys=0.00, real=0.00 secs] 
134.953: Total time for which application threads were stopped: 0.0023440 seconds, Stopping threads took: 0.0003410 seconds
134.963: Application time: 0.0101940 seconds
134.963: [GC [PSYoungGen: 49395K->6669K(51200K)] 82453K->44714K(167936K), 0.0036330 secs] [Times: user=0.03 sys=0.00, real=0.01 secs] 
134.967: Total time for which application threads were stopped: 0.0038270 seconds, Stopping threads took: 0.0001150 seconds
134.977: Application time: 0.0099710 seconds
134.977: [GC [PSYoungGen: 50163K->6605K(51200K)] 88207K->48212K(167936K), 0.0033390 secs] [Times: user=0.03 sys=0.00, real=0.01 secs] 
134.981: Total time for which application threads were stopped: 0.0035360 seconds, Stopping threads took: 0.0001140 seconds
135.107: Application time: 0.1262640 seconds
135.107: [GC [PSYoungGen: 50094K->6636K(51200K)] 91701K->58219K(167936K), 0.0048160 secs] [Times: user=0.03 sys=0.00, real=0.00 secs] 
135.112: Total time for which application threads were stopped: 0.0049770 seconds, Stopping threads took: 0.0000800 seconds
135.297: Application time: 0.1846460 seconds
135.297: [GC [PSYoungGen: 50116K->6636K(51200K)] 101699K->65344K(167936K), 0.0040480 secs] [Times: user=0.03 sys=0.00, real=0.01 secs] 
135.301: Total time for which application threads were stopped: 0.0045290 seconds, Stopping threads took: 0.0003890 seconds
135.329: Application time: 0.0276380 seconds
135.329: [GC [PSYoungGen: 50148K->6700K(51200K)] 108856K->71821K(167936K), 0.0041680 secs] [Times: user=0.03 sys=0.00, real=0.00 secs] 
135.333: Total time for which application threads were stopped: 0.0043490 seconds, Stopping threads took: 0.0000980 seconds
135.351: Application time: 0.0177750 seconds
135.351: [GC [PSYoungGen: 50176K->6668K(51200K)] 115297K->71789K(167936K), 0.0024290 secs] [Times: user=0.02 sys=0.00, real=0.00 secs] 
135.353: Total time for which application threads were stopped: 0.0025810 seconds, Stopping threads took: 0.0000780 seconds
135.366: Application time: 0.0121640 seconds
135.366: [GC [PSYoungGen: 50159K->6636K(51200K)] 115279K->75319K(167936K), 0.0033820 secs] [Times: user=0.02 sys=0.00, real=0.00 secs] 
135.369: Total time for which application threads were stopped: 0.0035820 seconds, Stopping threads took: 0.0001200 seconds
135.435: Application time: 0.0663180 seconds
135.436: [GC [PSYoungGen: 50163K->6764K(51200K)] 118847K->82573K(167936K), 0.0042420 secs] [Times: user=0.03 sys=0.00, real=0.01 secs] 
135.440: Total time for which application threads were stopped: 0.0044200 seconds, Stopping threads took: 0.0000830 seconds
135.454: Application time: 0.0144400 seconds
135.454: [GC [PSYoungGen: 50244K->6700K(51200K)] 126053K->87496K(167936K), 0.0037720 secs] [Times: user=0.02 sys=0.00, real=0.01 secs] 
135.458: Total time for which application threads were stopped: 0.0039230 seconds, Stopping threads took: 0.0000670 seconds
135.473: Application time: 0.0150660 seconds
135.473: [GC [PSYoungGen: 50183K->6668K(51200K)] 130979K->89666K(167936K), 0.0030010 secs] [Times: user=0.02 sys=0.00, real=0.00 secs] 
135.477: Total time for which application threads were stopped: 0.0031740 seconds, Stopping threads took: 0.0000910 seconds
135.610: Application time: 0.1335510 seconds
135.610: [GC [PSYoungGen: 50157K->6732K(51200K)] 133155K->99705K(167936K), 0.0048170 secs] [Times: user=0.03 sys=0.00, real=0.00 secs] 
135.615: Total time for which application threads were stopped: 0.0049540 seconds, Stopping threads took: 0.0000530 seconds
135.806: Application time: 0.1913500 seconds
135.806: [GC [PSYoungGen: 50212K->6700K(51200K)] 143185K->108936K(167936K), 0.0047450 secs] [Times: user=0.03 sys=0.00, real=0.00 secs] 
135.811: Total time for which application threads were stopped: 0.0048980 seconds, Stopping threads took: 0.0000610 seconds
136.015: Application time: 0.2034450 seconds
136.015: [GC [PSYoungGen: 50217K->6732K(51200K)] 152453K->119656K(167936K), 0.0051480 secs] [Times: user=0.04 sys=0.00, real=0.01 secs] 
136.020: [Full GC [PSYoungGen: 6732K->0K(51200K)] [ParOldGen: 112923K->26303K(116736K)] 119656K->26303K(167936K) [PSPermGen: 6089K->6089K(21504K)], 0.0105670 secs] [Times: user=0.06 sys=0.00, real=0.01 secs] 
136.031: Total time for which application threads were stopped: 0.0159130 seconds, Stopping threads took: 0.0000640 seconds
136.221: Application time: 0.1903160 seconds
136.221: [GC [PSYoungGen: 43479K->7125K(51200K)] 69783K->42691K(167936K), 0.0049460 secs] [Times: user=0.04 sys=0.00, real=0.01 secs] 
136.226: Total time for which application threads were stopped: 0.0051010 seconds, Stopping threads took: 0.0000700 seconds
136.430: Application time: 0.2038830 seconds
136.430: [GC [PSYoungGen: 50620K->6540K(51200K)] 86186K->51370K(167936K), 0.0047140 secs] [Times: user=0.04 sys=0.00, real=0.00 secs] 
136.435: Total time for which application threads were stopped: 0.0048870 seconds, Stopping threads took: 0.0000790 seconds
136.600: Application time: 0.1648160 seconds
136.600: [GC [PSYoungGen: 50029K->6636K(51200K)] 94858K->62154K(167936K), 0.0051100 secs] [Times: user=0.04 sys=0.00, real=0.00 secs] 
136.605: Total time for which application threads were stopped: 0.0052590 seconds, Stopping threads took: 0.0000690 seconds
136.814: Application time: 0.2091430 seconds
136.814: [GC [PSYoungGen: 50125K->6572K(51200K)] 105642K->71353K(167936K), 0.0046350 secs] [Times: user=0.04 sys=0.00, real=0.01 secs] 
136.819: Total time for which application threads were stopped: 0.0047770 seconds, Stopping threads took: 0.0000580 seconds
136.982: Application time: 0.1635150 seconds
136.982: [GC [PSYoungGen: 50062K->6604K(51200K)] 114842K->82785K(167936K), 0.0053330 secs] [Times: user=0.04 sys=0.00, real=0.01 secs] 
136.988: Total time for which application threads were stopped: 0.0054980 seconds, Stopping threads took: 0.0000740 seconds
137.158: Application time: 0.1701550 seconds
137.158: [GC [PSYoungGen: 50112K->6668K(51200K)] 126293K->94250K(167936K), 0.0053160 secs] [Times: user=0.04 sys=0.00, real=0.00 secs] 
137.163: Total time for which application threads were stopped: 0.0054590 seconds, Stopping threads took: 0.0000620 seconds
137.324: Application time: 0.1604310 seconds
137.324: [GC [PSYoungGen: 50150K->6669K(51200K)] 137732K->103513K(167936K), 0.0046980 secs] [Times: user=0.04 sys=0.00, real=0.01 secs] 
137.329: Total time for which application threads were stopped: 0.0048490 seconds, Stopping threads took: 0.0000670 seconds
137.483: Application time: 0.1545740 seconds
137.483: [GC [PSYoungGen: 50168K->6669K(51200K)] 147013K->114202K(167936K), 0.0051500 secs] [Times: user=0.04 sys=0.00, real=0.01 secs] 
137.489: [Full GC [PSYoungGen: 6669K->0K(51200K)] [ParOldGen: 107533K->27017K(116736K)] 114202K->27017K(167936K) [PSPermGen: 6089K->6089K(21504K)], 0.0105780 secs] [Times: user=0.06 sys=0.00, real=0.01 secs] 
137.499: Total time for which application threads were stopped: 0.0159450 seconds, Stopping threads took: 0.0000720 seconds
137.668: Application time: 0.1686770 seconds
137.668: [GC [PSYoungGen: 43491K->6509K(51200K)] 70509K->43502K(167936K), 0.0049200 secs] [Times: user=0.03 sys=0.00, real=0.00 secs] 
137.673: Total time for which application threads were stopped: 0.0050720 seconds, Stopping threads took: 0.0000670 seconds
137.832: Application time: 0.1594360 seconds
137.833: [GC [PSYoungGen: 50009K->6541K(51200K)] 87002K->52798K(167936K), 0.0046960 secs] [Times: user=0.03 sys=0.00, real=0.00 secs] 
137.837: Total time for which application threads were stopped: 0.0048440 seconds, Stopping threads took: 0.0000660 seconds
137.995: Application time: 0.1577540 seconds
137.995: [GC [PSYoungGen: 50024K->6573K(51200K)] 96281K->62806K(167936K), 0.0050180 secs] [Times: user=0.04 sys=0.00, real=0.01 secs] 
138.000: Total time for which application threads were stopped: 0.0051800 seconds, Stopping threads took: 0.0000690 seconds
138.125: Application time: 0.1247210 seconds
138.125: [GC [PSYoungGen: 50107K->6653K(51200K)] 106340K->73574K(167936K), 0.0053310 secs] [Times: user=0.04 sys=0.00, real=0.01 secs] 
138.130: Total time for which application threads were stopped: 0.0054860 seconds, Stopping threads took: 0.0000680 seconds
138.146: Application time: 0.0157820 seconds
138.146: [GC [PSYoungGen: 50129K->6637K(51200K)] 117050K->77121K(167936K), 0.0033550 secs] [Times: user=0.03 sys=0.00, real=0.00 secs] 
138.150: Total time for which application threads were stopped: 0.0035100 seconds, Stopping threads took: 0.0000760 seconds
138.169: Application time: 0.0193300 seconds
138.169: [GC [PSYoungGen: 50126K->6637K(51200K)] 120610K->79259K(167936K), 0.0029550 secs] [Times: user=0.02 sys=0.00, real=0.00 secs] 
138.172: Total time for which application threads were stopped: 0.0031140 seconds, Stopping threads took: 0.0000810 seconds
138.202: Application time: 0.0295980 seconds
138.202: [GC [PSYoungGen: 50124K->6669K(51200K)] 122746K->83566K(167936K), 0.0034120 secs] [Times: user=0.02 sys=0.00, real=0.00 secs] 
138.205: Total time for which application threads were stopped: 0.0035620 seconds, Stopping threads took: 0.0000690 seconds
138.364: Application time: 0.1584580 seconds
138.364: [GC [PSYoungGen: 50151K->6653K(51200K)] 127049K->92813K(167936K), 0.0047610 secs] [Times: user=0.04 sys=0.00, real=0.01 secs] 
138.369: Total time for which application threads were stopped: 0.0049130 seconds, Stopping threads took: 0.0000720 seconds
138.393: Application time: 0.0247040 seconds
138.394: Total time for which application threads were stopped: 0.0000760 seconds, Stopping threads took: 0.0000550 seconds
138.535: Application time: 0.1411510 seconds
138.535: [GC [PSYoungGen: 50205K->6701K(51200K)] 136366K->100700K(167936K), 0.0043980 secs] [Times: user=0.04 sys=0.00, real=0.01 secs] 
138.539: Total time for which application threads were stopped: 0.0045450 seconds, Stopping threads took: 0.0000540 seconds
138.713: Application time: 0.1733820 seconds
138.713: [GC [PSYoungGen: 50180K->6700K(51200K)] 144179K->107825K(167936K), 0.0041660 secs] [Times: user=0.03 sys=0.00, real=0.00 secs] 
138.717: Total time for which application threads were stopped: 0.0043100 seconds, Stopping threads took: 0.0000610 seconds
138.834: Application time: 0.1169760 seconds
138.834: Total time for which application threads were stopped: 0.0000920 seconds, Stopping threads took: 0.0000710 seconds
138.857: Application time: 0.0229770 seconds
138.857: Total time for which application threads were stopped: 0.0001350 seconds, Stopping threads took: 0.0001130 seconds
138.885: Application time: 0.0281350 seconds
138.885: [GC [PSYoungGen: 50292K->6636K(51200K)] 151417K->111324K(167936K), 0.0032030 secs] [Times: user=0.02 sys=0.00, real=0.01 secs] 
138.889: [Full GC [PSYoungGen: 6636K->0K(51200K)] [ParOldGen: 104687K->20062K(116736K)] 111324K->20062K(167936K) [PSPermGen: 6089K->6089K(21504K)], 0.0091260 secs] [Times: user=0.05 sys=0.00, real=0.01 secs] 
138.898: Total time for which application threads were stopped: 0.0125150 seconds, Stopping threads took: 0.0000440 seconds
138.977: Application time: 0.0795040 seconds
138.977: Total time for which application threads were stopped: 0.0000660 seconds, Stopping threads took: 0.0000440 seconds
139.018: Application time: 0.0410090 seconds
139.018: Total time for which application threads were stopped: 0.0000660 seconds, Stopping threads took: 0.0000450 seconds
139.097: Application time: 0.0783700 seconds
139.097: [GC [PSYoungGen: 43579K->5051K(51200K)] 63642K->25114K(167936K), 0.0015530 secs] [Times: user=0.01 sys=0.00, real=0.01 secs] 
139.098: Total time for which application threads were stopped: 0.0016730 seconds, Stopping threads took: 0.0000390 seconds
139.503: Application time: 0.4046370 seconds
139.503: [GC [PSYoungGen: 48634K->1617K(51200K)] 68697K->21680K(167936K), 0.0007430 secs] [Times: user=0.00 sys=0.00, real=0.00 secs] 
139.504: Total time for which application threads were stopped: 0.0008120 seconds, Stopping threads took: 0.0000150 seconds
140.063: Application time: 0.5593700 seconds
140.063: [GC [PSYoungGen: 45096K->3042K(51200K)] 65159K->23105K(167936K), 0.0011940 secs] [Times: user=0.01 sys=0.00, real=0.00 secs] 
140.065: Total time for which application threads were stopped: 0.0012820 seconds, Stopping threads took: 0.0000150 seconds
140.223: Application time: 0.1588730 seconds
140.224: Total time for which application threads were stopped: 0.0001050 seconds, Stopping threads took: 0.0000860 seconds
140.241: Application time: 0.0176050 seconds
140.242: [GC [PSYoungGen: 47060K->6860K(51200K)] 67123K->34761K(167936K), 0.0044510 secs] [Times: user=0.03 sys=0.00, real=0.01 secs] 
140.246: Total time for which application threads were stopped: 0.0048930 seconds, Stopping threads took: 0.0003470 seconds
140.261: Application time: 0.0149130 seconds
140.262: [GC [PSYoungGen: 50856K->6828K(51200K)] 78756K->34729K(167936K), 0.0021460 secs] [Times: user=0.02 sys=0.00, real=0.00 secs] 
140.264: Total time for which application threads were stopped: 0.0029320 seconds, Stopping threads took: 0.0007080 seconds
140.277: Application time: 0.0128680 seconds
140.277: [GC [PSYoungGen: 50397K->6812K(51200K)] 78297K->39700K(167936K), 0.0037340 secs] [Times: user=0.02 sys=0.00, real=0.01 secs] 
140.281: Total time for which application threads were stopped: 0.0040880 seconds, Stopping threads took: 0.0002610 seconds
140.295: Application time: 0.0144330 seconds
140.296: [GC [PSYoungGen: 50813K->6844K(51200K)] 83701K->41157K(167936K), 0.0025420 secs] [Times: user=0.02 sys=0.00, real=0.01 secs] 
140.299: Total time for which application threads were stopped: 0.0037340 seconds, Stopping threads took: 0.0011030 seconds
140.312: Application time: 0.0131490 seconds
140.314: [GC [PSYoungGen: 50661K->6796K(51200K)] 84974K->43247K(167936K), 0.0028240 secs] [Times: user=0.02 sys=0.00, real=0.00 secs] 
140.317: Total time for which application threads were stopped: 0.0043430 seconds, Stopping threads took: 0.0014320 seconds
140.330: Application time: 0.0138700 seconds
140.331: [GC [PSYoungGen: 50492K->6828K(51200K)] 86942K->49692K(167936K), 0.0039850 secs] [Times: user=0.03 sys=0.00, real=0.00 secs] 
140.335: Total time for which application threads were stopped: 0.0046590 seconds, Stopping threads took: 0.0005850 seconds
140.349: Application time: 0.0138120 seconds
140.350: [GC [PSYoungGen: 50444K->6860K(51200K)] 93307K->51149K(167936K), 0.0026010 secs] [Times: user=0.02 sys=0.01, real=0.00 secs] 
140.352: Total time for which application threads were stopped: 0.0031830 seconds, Stopping threads took: 0.0005000 seconds
140.366: Application time: 0.0137070 seconds
140.367: [GC [PSYoungGen: 50424K->6860K(51200K)] 94712K->52574K(167936K), 0.0026520 secs] [Times: user=0.02 sys=0.00, real=0.00 secs] 
140.369: Total time for which application threads were stopped: 0.0034640 seconds, Stopping threads took: 0.0007140 seconds
140.383: Application time: 0.0135680 seconds
140.384: [GC [PSYoungGen: 50389K->6828K(51200K)] 96103K->53254K(167936K), 0.0024210 secs] [Times: user=0.01 sys=0.00, real=0.01 secs] 
140.386: Total time for which application threads were stopped: 0.0033710 seconds, Stopping threads took: 0.0008660 seconds
140.401: Application time: 0.0143920 seconds
140.402: [GC [PSYoungGen: 50346K->6828K(51200K)] 96772K->54679K(167936K), 0.0025670 secs] [Times: user=0.02 sys=0.00, real=0.00 secs] 
140.405: Total time for which application threads were stopped: 0.0038450 seconds, Stopping threads took: 0.0011950 seconds
140.418: Application time: 0.0134870 seconds
140.419: [GC [PSYoungGen: 50347K->6860K(51200K)] 98198K->57562K(167936K), 0.0030740 secs] [Times: user=0.02 sys=0.00, real=0.00 secs] 
140.422: Total time for which application threads were stopped: 0.0041660 seconds, Stopping threads took: 0.0009810 seconds
140.435: Application time: 0.0124180 seconds
140.436: [GC [PSYoungGen: 50362K->6797K(51200K)] 101064K->63911K(167936K), 0.0040460 secs] [Times: user=0.03 sys=0.00, real=0.01 secs] 
140.440: Total time for which application threads were stopped: 0.0050140 seconds, Stopping threads took: 0.0008770 seconds
140.453: Application time: 0.0132570 seconds
140.454: [GC [PSYoungGen: 50280K->6829K(51200K)] 107395K->65384K(167936K), 0.0025580 secs] [Times: user=0.02 sys=0.00, real=0.00 secs] 
140.457: Total time for which application threads were stopped: 0.0036820 seconds, Stopping threads took: 0.0010410 seconds
140.470: Application time: 0.0131530 seconds
140.471: [GC [PSYoungGen: 50314K->6781K(51200K)] 108870K->66057K(167936K), 0.0024850 secs] [Times: user=0.01 sys=0.00, real=0.00 secs] 
140.473: Total time for which application threads were stopped: 0.0033800 seconds, Stopping threads took: 0.0008150 seconds
140.486: Application time: 0.0124630 seconds
140.487: [GC [PSYoungGen: 50269K->6829K(51200K)] 109545K->66106K(167936K), 0.0021360 secs] [Times: user=0.02 sys=0.00, real=0.00 secs] 
140.489: Total time for which application threads were stopped: 0.0034360 seconds, Stopping threads took: 0.0012160 seconds
140.502: Application time: 0.0128910 seconds
140.506: [GC [PSYoungGen: 50343K->6669K(51200K)] 109619K->69085K(167936K), 0.0029540 secs] [Times: user=0.02 sys=0.01, real=0.00 secs] 
140.509: Total time for which application threads were stopped: 0.0067950 seconds, Stopping threads took: 0.0037560 seconds
140.521: Application time: 0.0124820 seconds
140.522: [GC [PSYoungGen: 50163K->6670K(51200K)] 112578K->71936K(167936K), 0.0029360 secs] [Times: user=0.02 sys=0.00, real=0.00 secs] 
140.525: Total time for which application threads were stopped: 0.0034510 seconds, Stopping threads took: 0.0004250 seconds
140.538: Application time: 0.0130870 seconds
140.539: [GC [PSYoungGen: 50177K->6638K(51200K)] 115443K->74754K(167936K), 0.0029550 secs] [Times: user=0.02 sys=0.00, real=0.00 secs] 
140.542: Total time for which application threads were stopped: 0.0037760 seconds, Stopping threads took: 0.0007320 seconds
140.554: Application time: 0.0122130 seconds
140.555: [GC [PSYoungGen: 50124K->6669K(51200K)] 118241K->77636K(167936K), 0.0029570 secs] [Times: user=0.02 sys=0.00, real=0.00 secs] 
140.558: Total time for which application threads were stopped: 0.0037660 seconds, Stopping threads took: 0.0007180 seconds
140.571: Application time: 0.0129850 seconds
140.572: [GC [PSYoungGen: 50155K->6669K(51200K)] 121122K->77636K(167936K), 0.0021820 secs] [Times: user=0.01 sys=0.00, real=0.00 secs] 
140.574: Total time for which application threads were stopped: 0.0032340 seconds, Stopping threads took: 0.0009570 seconds
140.587: Application time: 0.0130590 seconds
140.588: [GC [PSYoungGen: 50150K->6637K(51200K)] 121117K->77604K(167936K), 0.0021650 secs] [Times: user=0.02 sys=0.00, real=0.00 secs] 
140.591: Total time for which application threads were stopped: 0.0037210 seconds, Stopping threads took: 0.0014720 seconds
140.604: Application time: 0.0129690 seconds
140.604: [GC [PSYoungGen: 50127K->6637K(51200K)] 121094K->78316K(167936K), 0.0022420 secs] [Times: user=0.02 sys=0.00, real=0.01 secs] 
140.606: Total time for which application threads were stopped: 0.0027730 seconds, Stopping threads took: 0.0004520 seconds
140.618: Application time: 0.0116590 seconds
140.618: [GC [PSYoungGen: 50159K->6636K(51200K)] 121838K->86866K(167936K), 0.0046540 secs] [Times: user=0.04 sys=0.00, real=0.00 secs] 
140.623: Total time for which application threads were stopped: 0.0048170 seconds, Stopping threads took: 0.0000720 seconds
140.832: Application time: 0.2093550 seconds
140.832: [GC [PSYoungGen: 50133K->6668K(51200K)] 130363K->96873K(167936K), 0.0049560 secs] [Times: user=0.04 sys=0.00, real=0.00 secs] 
140.837: Total time for which application threads were stopped: 0.0051810 seconds, Stopping threads took: 0.0001340 seconds
141.043: Application time: 0.2051340 seconds
141.043: [GC [PSYoungGen: 50148K->6668K(51200K)] 140353K->106136K(167936K), 0.0047220 secs] [Times: user=0.03 sys=0.00, real=0.01 secs] 
141.047: Total time for which application threads were stopped: 0.0048730 seconds, Stopping threads took: 0.0000630 seconds
141.278: Application time: 0.2302770 seconds
141.278: [GC [PSYoungGen: 50148K->6636K(51200K)] 149616K->115367K(167936K), 0.0047270 secs] [Times: user=0.03 sys=0.00, real=0.00 secs] 
141.283: [Full GC [PSYoungGen: 6636K->0K(51200K)] [ParOldGen: 108730K->24883K(116736K)] 115367K->24883K(167936K) [PSPermGen: 6113K->6113K(21504K)], 0.0100900 secs] [Times: user=0.05 sys=0.00, real=0.01 secs] 
141.293: Total time for which application threads were stopped: 0.0150380 seconds, Stopping threads took: 0.0000670 seconds
141.476: Application time: 0.1829800 seconds
141.476: [GC [PSYoungGen: 43479K->7125K(51200K)] 68362K->41271K(167936K), 0.0048890 secs] [Times: user=0.03 sys=0.00, real=0.01 secs] 
141.481: Total time for which application threads were stopped: 0.0050500 seconds, Stopping threads took: 0.0000680 seconds
141.693: Application time: 0.2123170 seconds
141.693: [GC [PSYoungGen: 50661K->6668K(51200K)] 84807K->52927K(167936K), 0.0054230 secs] [Times: user=0.03 sys=0.00, real=0.01 secs] 
141.699: Total time for which application threads were stopped: 0.0055980 seconds, Stopping threads took: 0.0000850 seconds
141.896: Application time: 0.1975040 seconds
141.896: [GC [PSYoungGen: 50148K->6668K(51200K)] 96406K->62189K(167936K), 0.0046980 secs] [Times: user=0.04 sys=0.00, real=0.01 secs] 
141.901: Total time for which application threads were stopped: 0.0048560 seconds, Stopping threads took: 0.0000580 seconds
142.110: Application time: 0.2090370 seconds
142.110: [GC [PSYoungGen: 50148K->6668K(51200K)] 105669K->72165K(167936K), 0.0049370 secs] [Times: user=0.04 sys=0.00, real=0.00 secs] 
142.115: Total time for which application threads were stopped: 0.0050880 seconds, Stopping threads took: 0.0000620 seconds
142.325: Application time: 0.2098250 seconds
142.325: [GC [PSYoungGen: 50148K->6668K(51200K)] 115644K->81427K(167936K), 0.0048120 secs] [Times: user=0.04 sys=0.01, real=0.01 secs] 
142.330: Total time for which application threads were stopped: 0.0049630 seconds, Stopping threads took: 0.0000610 seconds
142.529: Application time: 0.1992150 seconds
142.529: [GC [PSYoungGen: 50148K->6668K(51200K)] 124907K->90690K(167936K), 0.0047100 secs] [Times: user=0.04 sys=0.00, real=0.00 secs] 
142.534: Total time for which application threads were stopped: 0.0048710 seconds, Stopping threads took: 0.0000660 seconds
142.694: Application time: 0.1597490 seconds
142.694: [GC [PSYoungGen: 50217K->6668K(51200K)] 134239K->103516K(167936K), 0.0057270 secs] [Times: user=0.04 sys=0.00, real=0.01 secs] 
142.700: Total time for which application threads were stopped: 0.0058880 seconds, Stopping threads took: 0.0000720 seconds
142.862: Application time: 0.1625430 seconds
142.862: [GC [PSYoungGen: 50149K->6668K(51200K)] 146996K->113491K(167936K), 0.0049940 secs] [Times: user=0.03 sys=0.00, real=0.01 secs] 
142.867: [Full GC [PSYoungGen: 6668K->0K(51200K)] [ParOldGen: 106822K->25679K(116736K)] 113491K->25679K(167936K) [PSPermGen: 6113K->6113K(21504K)], 0.0104490 secs] [Times: user=0.06 sys=0.00, real=0.01 secs] 
142.878: Total time for which application threads were stopped: 0.0156640 seconds, Stopping threads took: 0.0000690 seconds
143.028: Application time: 0.1501420 seconds
143.028: [GC [PSYoungGen: 43481K->7125K(51200K)] 69161K->41356K(167936K), 0.0047140 secs] [Times: user=0.04 sys=0.00, real=0.00 secs] 
143.033: Total time for which application threads were stopped: 0.0048760 seconds, Stopping threads took: 0.0000750 seconds
143.186: Application time: 0.1530450 seconds
143.186: [GC [PSYoungGen: 50607K->7157K(51200K)] 84838K->49938K(167936K), 0.0046790 secs] [Times: user=0.04 sys=0.00, real=0.00 secs] 
143.191: Total time for which application threads were stopped: 0.0048520 seconds, Stopping threads took: 0.0000730 seconds
143.349: Application time: 0.1583870 seconds
143.349: [GC [PSYoungGen: 50640K->7125K(51200K)] 93422K->58458K(167936K), 0.0047400 secs] [Times: user=0.04 sys=0.00, real=0.00 secs] 
143.354: Total time for which application threads were stopped: 0.0048970 seconds, Stopping threads took: 0.0000680 seconds
143.511: Application time: 0.1572240 seconds
143.511: [GC [PSYoungGen: 50610K->7125K(51200K)] 101942K->67722K(167936K), 0.0050050 secs] [Times: user=0.03 sys=0.00, real=0.00 secs] 
143.516: Total time for which application threads were stopped: 0.0051530 seconds, Stopping threads took: 0.0000630 seconds
143.664: Application time: 0.1471160 seconds
143.664: [GC [PSYoungGen: 50662K->6669K(51200K)] 111258K->77954K(167936K), 0.0052050 secs] [Times: user=0.04 sys=0.00, real=0.01 secs] 
143.669: Total time for which application threads were stopped: 0.0053590 seconds, Stopping threads took: 0.0000680 seconds
143.829: Application time: 0.1603780 seconds
143.829: [GC [PSYoungGen: 50170K->6669K(51200K)] 121456K->88643K(167936K), 0.0051200 secs] [Times: user=0.03 sys=0.00, real=0.00 secs] 
143.835: Total time for which application threads were stopped: 0.0052940 seconds, Stopping threads took: 0.0000740 seconds
143.988: Application time: 0.1530670 seconds
143.988: [GC [PSYoungGen: 50152K->6669K(51200K)] 132126K->98619K(167936K), 0.0049450 secs] [Times: user=0.04 sys=0.00, real=0.00 secs] 
143.993: Total time for which application threads were stopped: 0.0051080 seconds, Stopping threads took: 0.0000750 seconds
144.146: Application time: 0.1527010 seconds
144.146: [GC [PSYoungGen: 50151K->6669K(51200K)] 142101K->109307K(167936K), 0.0051580 secs] [Times: user=0.03 sys=0.00, real=0.01 secs] 
144.151: [Full GC [PSYoungGen: 6669K->0K(51200K)] [ParOldGen: 102638K->31381K(116736K)] 109307K->31381K(167936K) [PSPermGen: 6113K->6113K(21504K)], 0.0104990 secs] [Times: user=0.06 sys=0.00, real=0.01 secs] 
144.161: Total time for which application threads were stopped: 0.0158710 seconds, Stopping threads took: 0.0000750 seconds
144.322: Application time: 0.1602810 seconds
144.322: [GC [PSYoungGen: 43481K->7125K(51200K)] 74863K->47057K(167936K), 0.0047450 secs] [Times: user=0.03 sys=0.00, real=0.01 secs] 
144.327: Total time for which application threads were stopped: 0.0048910 seconds, Stopping threads took: 0.0000570 seconds
144.487: Application time: 0.1601800 seconds
144.487: [GC [PSYoungGen: 50606K->7157K(51200K)] 90538K->55639K(167936K), 0.0047400 secs] [Times: user=0.04 sys=0.00, real=0.00 secs] 
144.492: Total time for which application threads were stopped: 0.0049110 seconds, Stopping threads took: 0.0000700 seconds
144.569: Application time: 0.0768770 seconds
144.569: [GC [PSYoungGen: 50672K->7157K(51200K)] 99154K->64902K(167936K), 0.0050540 secs] [Times: user=0.04 sys=0.00, real=0.00 secs] 
144.574: Total time for which application threads were stopped: 0.0052370 seconds, Stopping threads took: 0.0000820 seconds
144.590: Application time: 0.0165350 seconds
144.590: [GC [PSYoungGen: 50641K->7157K(51200K)] 108386K->66383K(167936K), 0.0029660 secs] [Times: user=0.02 sys=0.00, real=0.00 secs] 
144.593: Total time for which application threads were stopped: 0.0031780 seconds, Stopping threads took: 0.0001240 seconds
144.608: Application time: 0.0143660 seconds
144.608: [GC [PSYoungGen: 50642K->7157K(51200K)] 109868K->69970K(167936K), 0.0035800 secs] [Times: user=0.02 sys=0.00, real=0.00 secs] 
144.612: Total time for which application threads were stopped: 0.0037640 seconds, Stopping threads took: 0.0000940 seconds
144.659: Application time: 0.0474620 seconds
144.659: [GC [PSYoungGen: 50675K->6572K(51200K)] 113488K->74373K(167936K), 0.0037410 secs] [Times: user=0.03 sys=0.00, real=0.00 secs] 
144.663: Total time for which application threads were stopped: 0.0039050 seconds, Stopping threads took: 0.0000750 seconds
144.677: Application time: 0.0142710 seconds
144.677: [GC [PSYoungGen: 50557K->6652K(51200K)] 118357K->75165K(167936K), 0.0025830 secs] [Times: user=0.02 sys=0.00, real=0.01 secs] 
144.680: Total time for which application threads were stopped: 0.0027820 seconds, Stopping threads took: 0.0001110 seconds
144.694: Application time: 0.0143000 seconds
144.695: [GC [PSYoungGen: 50402K->6636K(51200K)] 118915K->77287K(167936K), 0.0029440 secs] [Times: user=0.02 sys=0.00, real=0.00 secs] 
144.698: Total time for which application threads were stopped: 0.0032810 seconds, Stopping threads took: 0.0002480 seconds
144.709: Application time: 0.0112900 seconds
144.710: [GC [PSYoungGen: 50274K->6732K(51200K)] 120924K->78808K(167936K), 0.0026040 secs] [Times: user=0.02 sys=0.00, real=0.00 secs] 
144.713: Total time for which application threads were stopped: 0.0035770 seconds, Stopping threads took: 0.0008910 seconds
144.724: Application time: 0.0114390 seconds
144.724: [GC [PSYoungGen: 50572K->6797K(51200K)] 122647K->79585K(167936K), 0.0025130 secs] [Times: user=0.02 sys=0.00, real=0.01 secs] 
144.727: Total time for which application threads were stopped: 0.0027000 seconds, Stopping threads took: 0.0000980 seconds
144.738: Application time: 0.0113430 seconds
144.738: [GC [PSYoungGen: 50551K->6732K(51200K)] 123340K->84509K(167936K), 0.0037200 secs] [Times: user=0.02 sys=0.00, real=0.00 secs] 
144.742: Total time for which application threads were stopped: 0.0040570 seconds, Stopping threads took: 0.0002470 seconds
144.754: Application time: 0.0118350 seconds
144.755: [GC [PSYoungGen: 50635K->6780K(51200K)] 128411K->88832K(167936K), 0.0036490 secs] [Times: user=0.02 sys=0.00, real=0.01 secs] 
144.759: Total time for which application threads were stopped: 0.0047800 seconds, Stopping threads took: 0.0010450 seconds
144.772: Application time: 0.0132760 seconds
144.773: [GC [PSYoungGen: 50288K->5435K(51200K)] 132340K->87487K(167936K), 0.0018010 secs] [Times: user=0.01 sys=0.00, real=0.00 secs] 
144.775: Total time for which application threads were stopped: 0.0027020 seconds, Stopping threads took: 0.0008270 seconds
144.788: Application time: 0.0130690 seconds
144.788: [GC [PSYoungGen: 49266K->6844K(51200K)] 131317K->93884K(167936K), 0.0036540 secs] [Times: user=0.02 sys=0.00, real=0.00 secs] 
144.792: Total time for which application threads were stopped: 0.0040650 seconds, Stopping threads took: 0.0003220 seconds
144.805: Application time: 0.0127440 seconds
144.805: [GC [PSYoungGen: 50336K->6829K(51200K)] 137375K->96718K(167936K), 0.0030770 secs] [Times: user=0.03 sys=0.00, real=0.01 secs] 
144.808: Total time for which application threads were stopped: 0.0038200 seconds, Stopping threads took: 0.0006580 seconds
144.821: Application time: 0.0122500 seconds
144.821: [GC [PSYoungGen: 50307K->6812K(51200K)] 140197K->98840K(167936K), 0.0029420 secs] [Times: user=0.03 sys=0.00, real=0.00 secs] 
144.824: Total time for which application threads were stopped: 0.0035750 seconds, Stopping threads took: 0.0005480 seconds
144.838: Application time: 0.0133160 seconds
144.838: [GC [PSYoungGen: 50297K->6797K(51200K)] 142324K->99536K(167936K), 0.0024240 secs] [Times: user=0.02 sys=0.00, real=0.00 secs] 
144.840: Total time for which application threads were stopped: 0.0028450 seconds, Stopping threads took: 0.0003400 seconds
144.853: Application time: 0.0128790 seconds
144.854: [GC [PSYoungGen: 50299K->6684K(51200K)] 143039K->102995K(167936K), 0.0032480 secs] [Times: user=0.01 sys=0.00, real=0.00 secs] 
144.857: Total time for which application threads were stopped: 0.0038180 seconds, Stopping threads took: 0.0004850 seconds
144.870: Application time: 0.0126740 seconds
144.870: [GC [PSYoungGen: 50170K->6860K(51200K)] 146481K->105309K(167936K), 0.0028720 secs] [Times: user=0.02 sys=0.00, real=0.00 secs] 
144.873: Total time for which application threads were stopped: 0.0033990 seconds, Stopping threads took: 0.0004420 seconds
144.885: Application time: 0.0120980 seconds
144.886: [GC [PSYoungGen: 50340K->6828K(51200K)] 148788K->109552K(167936K), 0.0034510 secs] [Times: user=0.03 sys=0.00, real=0.00 secs] 
144.889: Total time for which application threads were stopped: 0.0039640 seconds, Stopping threads took: 0.0004260 seconds
144.901: Application time: 0.0121330 seconds
144.902: [GC [PSYoungGen: 50323K->6765K(51200K)] 153046K->111690K(167936K), 0.0028900 secs] [Times: user=0.02 sys=0.00, real=0.00 secs] 
144.905: Total time for which application threads were stopped: 0.0032550 seconds, Stopping threads took: 0.0002820 seconds
144.916: Application time: 0.0112720 seconds
144.916: [GC [PSYoungGen: 50257K->6701K(51200K)] 155182K->113131K(167936K), 0.0028290 secs] [Times: user=0.02 sys=0.00, real=0.01 secs] 
144.919: Total time for which application threads were stopped: 0.0033710 seconds, Stopping threads took: 0.0004530 seconds
144.931: Application time: 0.0112270 seconds
144.931: [GC [PSYoungGen: 50186K->6701K(51200K)] 156616K->113844K(167936K), 0.0024710 secs] [Times: user=0.02 sys=0.00, real=0.00 secs] 
144.934: Total time for which application threads were stopped: 0.0030280 seconds, Stopping threads took: 0.0004730 seconds
144.945: Application time: 0.0110840 seconds
144.945: [GC [PSYoungGen: 50192K->6685K(51200K)] 157335K->115309K(167936K), 0.0027220 secs] [Times: user=0.02 sys=0.00, real=0.01 secs] 
144.948: [Full GC [PSYoungGen: 6685K->0K(51200K)] [ParOldGen: 108624K->22036K(116736K)] 115309K->22036K(167936K) [PSPermGen: 6113K->6113K(21504K)], 0.0091780 secs] [Times: user=0.05 sys=0.00, real=0.00 secs] 
144.957: Total time for which application threads were stopped: 0.0122240 seconds, Stopping threads took: 0.0001910 seconds
144.968: Application time: 0.0111760 seconds
144.968: [GC [PSYoungGen: 43485K->4403K(51200K)] 65522K->26439K(167936K), 0.0015560 secs] [Times: user=0.01 sys=0.00, real=0.00 secs] 
144.970: Total time for which application threads were stopped: 0.0017850 seconds, Stopping threads took: 0.0001530 seconds
144.982: Application time: 0.0119820 seconds
144.982: [GC [PSYoungGen: 47897K->6604K(51200K)] 69933K->31490K(167936K), 0.0026460 secs] [Times: user=0.02 sys=0.00, real=0.00 secs] 
144.985: Total time for which application threads were stopped: 0.0028400 seconds, Stopping threads took: 0.0001110 seconds
145.200: Application time: 0.2154960 seconds
145.200: [GC [PSYoungGen: 50092K->6668K(51200K)] 74979K->42955K(167936K), 0.0050910 secs] [Times: user=0.04 sys=0.00, real=0.00 secs] 
145.205: Total time for which application threads were stopped: 0.0052520 seconds, Stopping threads took: 0.0000610 seconds
145.380: Application time: 0.1742400 seconds
145.380: [GC [PSYoungGen: 50148K->6636K(51200K)] 86434K->52898K(167936K), 0.0049160 secs] [Times: user=0.04 sys=0.00, real=0.00 secs] 
145.385: Total time for which application threads were stopped: 0.0050770 seconds, Stopping threads took: 0.0000690 seconds
145.574: Application time: 0.1895230 seconds
145.576: [GC [PSYoungGen: 50122K->6636K(51200K)] 96384K->62161K(167936K), 0.0048650 secs] [Times: user=0.03 sys=0.00, real=0.01 secs] 
145.580: Total time for which application threads were stopped: 0.0061180 seconds, Stopping threads took: 0.0011620 seconds
145.784: Application time: 0.2031100 seconds
145.784: [GC [PSYoungGen: 50122K->6636K(51200K)] 105647K->71423K(167936K), 0.0046650 secs] [Times: user=0.03 sys=0.00, real=0.01 secs] 
145.788: Total time for which application threads were stopped: 0.0048280 seconds, Stopping threads took: 0.0000660 seconds
145.969: Application time: 0.1810160 seconds
145.969: [GC [PSYoungGen: 50158K->6668K(51200K)] 114945K->82856K(167936K), 0.0053680 secs] [Times: user=0.04 sys=0.00, real=0.00 secs] 
145.975: Total time for which application threads were stopped: 0.0055220 seconds, Stopping threads took: 0.0000680 seconds
146.184: Application time: 0.2095580 seconds
146.185: [GC [PSYoungGen: 50148K->6668K(51200K)] 126335K->92118K(167936K), 0.0047620 secs] [Times: user=0.03 sys=0.00, real=0.01 secs] 
146.189: Total time for which application threads were stopped: 0.0049170 seconds, Stopping threads took: 0.0000660 seconds
146.416: Application time: 0.2262180 seconds
146.416: [GC [PSYoungGen: 50148K->6668K(51200K)] 135598K->101381K(167936K), 0.0047300 secs] [Times: user=0.04 sys=0.00, real=0.01 secs] 
146.421: Total time for which application threads were stopped: 0.0049170 seconds, Stopping threads took: 0.0000870 seconds
146.608: Application time: 0.1879210 seconds
146.609: [GC [PSYoungGen: 50156K->6668K(51200K)] 144869K->110644K(167936K), 0.0047030 secs] [Times: user=0.03 sys=0.00, real=0.00 secs] 
146.613: [Full GC [PSYoungGen: 6668K->0K(51200K)] [ParOldGen: 103975K->29160K(116736K)] 110644K->29160K(167936K) [PSPermGen: 6113K->6113K(21504K)], 0.0104580 secs] [Times: user=0.06 sys=0.00, real=0.01 secs] 
146.624: Total time for which application threads were stopped: 0.0153620 seconds, Stopping threads took: 0.0000580 seconds
146.845: Application time: 0.2207620 seconds
146.845: [GC [PSYoungGen: 43496K->6572K(51200K)] 72656K->44995K(167936K), 0.0046450 secs] [Times: user=0.03 sys=0.00, real=0.01 secs] 
146.849: Total time for which application threads were stopped: 0.0047980 seconds, Stopping threads took: 0.0000650 seconds
147.001: Application time: 0.1516540 seconds
147.001: [GC [PSYoungGen: 50087K->6636K(51200K)] 88510K->55747K(167936K), 0.0050090 secs] [Times: user=0.03 sys=0.00, real=0.01 secs] 
147.006: Total time for which application threads were stopped: 0.0051800 seconds, Stopping threads took: 0.0000770 seconds
147.162: Application time: 0.1555600 seconds
147.162: [GC [PSYoungGen: 50126K->6636K(51200K)] 99237K->66435K(167936K), 0.0051050 secs] [Times: user=0.04 sys=0.00, real=0.01 secs] 
147.167: Total time for which application threads were stopped: 0.0052920 seconds, Stopping threads took: 0.0000930 seconds
147.317: Application time: 0.1500360 seconds
147.317: [GC [PSYoungGen: 50118K->6669K(51200K)] 109917K->74306K(167936K), 0.0043200 secs] [Times: user=0.04 sys=0.00, real=0.01 secs] 
147.322: Total time for which application threads were stopped: 0.0045160 seconds, Stopping threads took: 0.0001030 seconds
147.463: Application time: 0.1415310 seconds
147.463: [GC [PSYoungGen: 50151K->6669K(51200K)] 117788K->83569K(167936K), 0.0046810 secs] [Times: user=0.03 sys=0.00, real=0.01 secs] 
147.468: Total time for which application threads were stopped: 0.0048500 seconds, Stopping threads took: 0.0000800 seconds
147.623: Application time: 0.1554120 seconds
147.624: [GC [PSYoungGen: 50161K->6669K(51200K)] 127061K->93545K(167936K), 0.0049600 secs] [Times: user=0.04 sys=0.00, real=0.01 secs] 
147.629: Total time for which application threads were stopped: 0.0051380 seconds, Stopping threads took: 0.0000730 seconds
147.788: Application time: 0.1592920 seconds
147.788: [GC [PSYoungGen: 50162K->6669K(51200K)] 137038K->101384K(167936K), 0.0043410 secs] [Times: user=0.03 sys=0.00, real=0.00 secs] 
147.792: Total time for which application threads were stopped: 0.0045350 seconds, Stopping threads took: 0.0001050 seconds
147.949: Application time: 0.1569380 seconds
147.949: [GC [PSYoungGen: 50177K->6669K(51200K)] 144892K->110648K(167936K), 0.0047530 secs] [Times: user=0.03 sys=0.00, real=0.00 secs] 
147.954: [Full GC [PSYoungGen: 6669K->0K(51200K)] [ParOldGen: 103979K->26312K(116736K)] 110648K->26312K(167936K) [PSPermGen: 6113K->6113K(21504K)], 0.0101090 secs] [Times: user=0.06 sys=0.00, real=0.01 secs] 
147.964: Total time for which application threads were stopped: 0.0151100 seconds, Stopping threads took: 0.0001090 seconds
148.119: Application time: 0.1543910 seconds
148.119: [GC [PSYoungGen: 43509K->6573K(51200K)] 69822K->44287K(167936K), 0.0052910 secs] [Times: user=0.04 sys=0.00, real=0.00 secs] 
148.124: Total time for which application threads were stopped: 0.0054460 seconds, Stopping threads took: 0.0000690 seconds
148.281: Application time: 0.1564510 seconds
148.281: [GC [PSYoungGen: 50056K->6573K(51200K)] 87770K->52125K(167936K), 0.0042840 secs] [Times: user=0.03 sys=0.00, real=0.00 secs] 
148.285: Total time for which application threads were stopped: 0.0044520 seconds, Stopping threads took: 0.0000660 seconds
148.438: Application time: 0.1523710 seconds
148.438: [GC [PSYoungGen: 50055K->6605K(51200K)] 95608K->62133K(167936K), 0.0049120 secs] [Times: user=0.04 sys=0.00, real=0.00 secs] 
148.443: Total time for which application threads were stopped: 0.0050750 seconds, Stopping threads took: 0.0000670 seconds
148.551: Application time: 0.1078820 seconds
148.551: [GC [PSYoungGen: 50121K->6636K(51200K)] 105649K->72140K(167936K), 0.0050330 secs] [Times: user=0.04 sys=0.00, real=0.00 secs] 
148.556: Total time for which application threads were stopped: 0.0051870 seconds, Stopping threads took: 0.0000650 seconds
148.573: Application time: 0.0168520 seconds
148.573: [GC [PSYoungGen: 50110K->6636K(51200K)] 115614K->72853K(167936K), 0.0049180 secs] [Times: user=0.03 sys=0.00, real=0.00 secs] 
148.578: Total time for which application threads were stopped: 0.0050930 seconds, Stopping threads took: 0.0000820 seconds
148.596: Application time: 0.0187190 seconds
148.597: [GC [PSYoungGen: 50127K->6669K(51200K)] 116344K->76448K(167936K), 0.0033540 secs] [Times: user=0.02 sys=0.00, real=0.01 secs] 
148.600: Total time for which application threads were stopped: 0.0035250 seconds, Stopping threads took: 0.0000850 seconds
148.622: Application time: 0.0215970 seconds
148.622: [GC [PSYoungGen: 50155K->6636K(51200K)] 119934K->80691K(167936K), 0.0033800 secs] [Times: user=0.02 sys=0.00, real=0.00 secs] 
148.625: Total time for which application threads were stopped: 0.0035370 seconds, Stopping threads took: 0.0000680 seconds
148.788: Application time: 0.1626210 seconds
148.788: [GC [PSYoungGen: 50631K->6716K(51200K)] 124685K->86471K(167936K), 0.0037700 secs] [Times: user=0.03 sys=0.00, real=0.00 secs] 
148.792: Total time for which application threads were stopped: 0.0039420 seconds, Stopping threads took: 0.0000800 seconds
148.807: Application time: 0.0149540 seconds
148.807: [GC [PSYoungGen: 50456K->6700K(51200K)] 130210K->92868K(167936K), 0.0041630 secs] [Times: user=0.03 sys=0.00, real=0.00 secs] 
148.811: Total time for which application threads were stopped: 0.0043640 seconds, Stopping threads took: 0.0001090 seconds
148.821: Application time: 0.0102850 seconds
148.822: [GC [PSYoungGen: 50184K->6668K(51200K)] 136352K->96398K(167936K), 0.0033550 secs] [Times: user=0.02 sys=0.00, real=0.00 secs] 
148.825: Total time for which application threads were stopped: 0.0037590 seconds, Stopping threads took: 0.0003200 seconds
148.836: Application time: 0.0112460 seconds
148.836: [GC [PSYoungGen: 50136K->6748K(51200K)] 139866K->97191K(167936K), 0.0024900 secs] [Times: user=0.02 sys=0.00, real=0.01 secs] 
148.839: Total time for which application threads were stopped: 0.0026590 seconds, Stopping threads took: 0.0000820 seconds
148.851: Application time: 0.0123140 seconds
148.852: [GC [PSYoungGen: 50272K->6668K(51200K)] 140714K->98536K(167936K), 0.0026780 secs] [Times: user=0.01 sys=0.00, real=0.00 secs] 
148.854: Total time for which application threads were stopped: 0.0031520 seconds, Stopping threads took: 0.0003920 seconds
148.864: Application time: 0.0100890 seconds
148.865: [GC [PSYoungGen: 50152K->6717K(51200K)] 142020K->101435K(167936K), 0.0031020 secs] [Times: user=0.02 sys=0.00, real=0.01 secs] 
148.868: Total time for which application threads were stopped: 0.0034380 seconds, Stopping threads took: 0.0002470 seconds
148.878: Application time: 0.0101320 seconds
148.878: [GC [PSYoungGen: 50203K->6700K(51200K)] 144921K->102131K(167936K), 0.0025800 secs] [Times: user=0.01 sys=0.00, real=0.00 secs] 
148.881: Total time for which application threads were stopped: 0.0029960 seconds, Stopping threads took: 0.0003250 seconds
148.891: Application time: 0.0099790 seconds
148.894: [GC [PSYoungGen: 50185K->6700K(51200K)] 145615K->107119K(167936K), 0.0036970 secs] [Times: user=0.03 sys=0.00, real=0.00 secs] 
148.898: Total time for which application threads were stopped: 0.0064790 seconds, Stopping threads took: 0.0026960 seconds
148.913: Application time: 0.0152510 seconds
148.913: [GC [PSYoungGen: 50192K->6684K(51200K)] 150610K->111426K(167936K), 0.0036610 secs] [Times: user=0.02 sys=0.00, real=0.00 secs] 
148.917: [Full GC [PSYoungGen: 6684K->0K(51200K)] [ParOldGen: 104741K->26506K(116736K)] 111426K->26506K(167936K) [PSPermGen: 6113K->6113K(21504K)], 0.0097840 secs] [Times: user=0.06 sys=0.00, real=0.02 secs] 
148.926: Total time for which application threads were stopped: 0.0137130 seconds, Stopping threads took: 0.0001210 seconds
148.939: Application time: 0.0127550 seconds
148.939: [GC [PSYoungGen: 43483K->2201K(51200K)] 69989K->28707K(167936K), 0.0008470 secs] [Times: user=0.01 sys=0.00, real=0.00 secs] 
148.940: Total time for which application threads were stopped: 0.0010180 seconds, Stopping threads took: 0.0000960 seconds
149.008: Application time: 0.0678120 seconds
149.009: [GC [PSYoungGen: 45757K->6540K(51200K)] 72263K->42309K(167936K), 0.0048960 secs] [Times: user=0.04 sys=0.00, real=0.00 secs] 
149.014: Total time for which application threads were stopped: 0.0054690 seconds, Stopping threads took: 0.0004790 seconds
149.026: Application time: 0.0126630 seconds
149.026: [GC [PSYoungGen: 50024K->6652K(51200K)] 85793K->45271K(167936K), 0.0029560 secs] [Times: user=0.02 sys=0.00, real=0.00 secs] 
149.029: Total time for which application threads were stopped: 0.0031930 seconds, Stopping threads took: 0.0001510 seconds
149.040: Application time: 0.0106130 seconds
149.040: [GC [PSYoungGen: 50017K->5924K(51200K)] 88636K->44543K(167936K), 0.0020100 secs] [Times: user=0.01 sys=0.00, real=0.00 secs] 
149.042: Total time for which application threads were stopped: 0.0023020 seconds, Stopping threads took: 0.0002100 seconds
149.054: Application time: 0.0112850 seconds
149.055: [GC [PSYoungGen: 49550K->6668K(51200K)] 88169K->48138K(167936K), 0.0030850 secs] [Times: user=0.03 sys=0.00, real=0.00 secs] 
149.058: Total time for which application threads were stopped: 0.0040770 seconds, Stopping threads took: 0.0008920 seconds
149.069: Application time: 0.0111330 seconds
149.069: [GC [PSYoungGen: 50150K->6588K(51200K)] 91619K->48770K(167936K), 0.0025120 secs] [Times: user=0.01 sys=0.00, real=0.00 secs] 
149.072: Total time for which application threads were stopped: 0.0029820 seconds, Stopping threads took: 0.0003840 seconds
149.083: Application time: 0.0110490 seconds
149.083: [GC [PSYoungGen: 50078K->6684K(51200K)] 92260K->52429K(167936K), 0.0033050 secs] [Times: user=0.02 sys=0.00, real=0.01 secs] 
149.086: Total time for which application threads were stopped: 0.0034630 seconds, Stopping threads took: 0.0000670 seconds
149.097: Application time: 0.0107700 seconds
149.097: [GC [PSYoungGen: 50158K->6604K(51200K)] 95903K->53774K(167936K), 0.0026450 secs] [Times: user=0.02 sys=0.00, real=0.01 secs] 
149.100: Total time for which application threads were stopped: 0.0027950 seconds, Stopping threads took: 0.0000650 seconds
149.114: Application time: 0.0139120 seconds
149.115: [GC [PSYoungGen: 50636K->6732K(51200K)] 97805K->59602K(167936K), 0.0040010 secs] [Times: user=0.03 sys=0.00, real=0.01 secs] 
149.119: Total time for which application threads were stopped: 0.0049150 seconds, Stopping threads took: 0.0008200 seconds
149.132: Application time: 0.0133000 seconds
149.132: [GC [PSYoungGen: 50431K->6732K(51200K)] 103301K->61740K(167936K), 0.0029830 secs] [Times: user=0.02 sys=0.00, real=0.00 secs] 
149.135: Total time for which application threads were stopped: 0.0031960 seconds, Stopping threads took: 0.0001250 seconds
149.149: Application time: 0.0134950 seconds
149.149: [GC [PSYoungGen: 50215K->6732K(51200K)] 105223K->63165K(167936K), 0.0028330 secs] [Times: user=0.01 sys=0.00, real=0.00 secs] 
149.152: Total time for which application threads were stopped: 0.0030090 seconds, Stopping threads took: 0.0000890 seconds
149.169: Application time: 0.0170120 seconds
149.169: [GC [PSYoungGen: 50210K->6604K(51200K)] 106643K->65175K(167936K), 0.0030040 secs] [Times: user=0.02 sys=0.00, real=0.00 secs] 
149.172: Total time for which application threads were stopped: 0.0031960 seconds, Stopping threads took: 0.0001050 seconds
149.185: Application time: 0.0131140 seconds
149.185: [GC [PSYoungGen: 50085K->6668K(51200K)] 108655K->65239K(167936K), 0.0023800 secs] [Times: user=0.01 sys=0.00, real=0.01 secs] 
149.188: Total time for which application threads were stopped: 0.0025550 seconds, Stopping threads took: 0.0000920 seconds
149.348: Application time: 0.1607530 seconds
149.348: [GC [PSYoungGen: 50157K->6700K(51200K)] 108727K->75958K(167936K), 0.0051300 secs] [Times: user=0.04 sys=0.00, real=0.00 secs] 
149.354: Total time for which application threads were stopped: 0.0053110 seconds, Stopping threads took: 0.0000770 seconds
149.565: Application time: 0.2113350 seconds
149.565: [GC [PSYoungGen: 50180K->6700K(51200K)] 119438K->85221K(167936K), 0.0046840 secs] [Times: user=0.03 sys=0.00, real=0.01 secs] 
149.570: Total time for which application threads were stopped: 0.0048390 seconds, Stopping threads took: 0.0000670 seconds
149.755: Application time: 0.1851980 seconds
149.755: [GC [PSYoungGen: 50188K->6732K(51200K)] 128709K->93803K(167936K), 0.0045830 secs] [Times: user=0.03 sys=0.00, real=0.01 secs] 
149.760: Total time for which application threads were stopped: 0.0047540 seconds, Stopping threads took: 0.0000820 seconds
149.944: Application time: 0.1840070 seconds
149.944: [GC [PSYoungGen: 50233K->6700K(51200K)] 137304K->104543K(167936K), 0.0051570 secs] [Times: user=0.04 sys=0.00, real=0.01 secs] 
149.949: Total time for which application threads were stopped: 0.0053210 seconds, Stopping threads took: 0.0000600 seconds
150.162: Application time: 0.2126020 seconds
150.162: [GC [PSYoungGen: 50207K->6700K(51200K)] 148050K->115231K(167936K), 0.0052250 secs] [Times: user=0.04 sys=0.00, real=0.01 secs] 
150.167: [Full GC [PSYoungGen: 6700K->0K(51200K)] [ParOldGen: 108530K->29160K(116736K)] 115231K->29160K(167936K) [PSPermGen: 6115K->6115K(21504K)], 0.0108050 secs] [Times: user=0.06 sys=0.00, real=0.01 secs] 
150.178: Total time for which application threads were stopped: 0.0162410 seconds, Stopping threads took: 0.0000700 seconds
150.372: Application time: 0.1936920 seconds
150.372: [GC [PSYoungGen: 43479K->7125K(51200K)] 72640K->44836K(167936K), 0.0046240 secs] [Times: user=0.03 sys=0.00, real=0.00 secs] 
150.376: Total time for which application threads were stopped: 0.0047730 seconds, Stopping threads took: 0.0000630 seconds
150.577: Application time: 0.2005400 seconds
150.577: [GC [PSYoungGen: 50604K->7125K(51200K)] 88315K->54098K(167936K), 0.0048460 secs] [Times: user=0.03 sys=0.00, real=0.01 secs] 
150.582: Total time for which application threads were stopped: 0.0050080 seconds, Stopping threads took: 0.0000580 seconds
150.756: Application time: 0.1741380 seconds
150.756: [GC [PSYoungGen: 50613K->7157K(51200K)] 97587K->63409K(167936K), 0.0049780 secs] [Times: user=0.04 sys=0.00, real=0.01 secs] 
150.761: Total time for which application threads were stopped: 0.0051420 seconds, Stopping threads took: 0.0000740 seconds
150.941: Application time: 0.1793810 seconds
150.941: [GC [PSYoungGen: 50654K->6636K(51200K)] 106907K->72864K(167936K), 0.0049060 secs] [Times: user=0.04 sys=0.00, real=0.01 secs] 
150.946: Total time for which application threads were stopped: 0.0050570 seconds, Stopping threads took: 0.0000580 seconds
151.095: Application time: 0.1497230 seconds
151.096: [GC [PSYoungGen: 50151K->6668K(51200K)] 116379K->84297K(167936K), 0.0052620 secs] [Times: user=0.04 sys=0.00, real=0.01 secs] 
151.101: Total time for which application threads were stopped: 0.0054320 seconds, Stopping threads took: 0.0000700 seconds
151.255: Application time: 0.1536880 seconds
151.255: [GC [PSYoungGen: 50158K->6668K(51200K)] 127786K->94985K(167936K), 0.0051530 secs] [Times: user=0.04 sys=0.00, real=0.01 secs] 
151.260: Total time for which application threads were stopped: 0.0053150 seconds, Stopping threads took: 0.0000730 seconds
151.410: Application time: 0.1499310 seconds
151.410: [GC [PSYoungGen: 50150K->6669K(51200K)] 138467K->105673K(167936K), 0.0051830 secs] [Times: user=0.03 sys=0.00, real=0.00 secs] 
151.415: Total time for which application threads were stopped: 0.0053400 seconds, Stopping threads took: 0.0000660 seconds
151.578: Application time: 0.1627310 seconds
151.578: [GC [PSYoungGen: 50160K->6669K(51200K)] 149165K->114937K(167936K), 0.0047260 secs] [Times: user=0.03 sys=0.00, real=0.00 secs] 
151.583: [Full GC [PSYoungGen: 6669K->0K(51200K)] [ParOldGen: 108268K->24887K(116736K)] 114937K->24887K(167936K) [PSPermGen: 6115K->6115K(21504K)], 0.0098450 secs] [Times: user=0.06 sys=0.00, real=0.01 secs] 
151.593: Total time for which application threads were stopped: 0.0147680 seconds, Stopping threads took: 0.0000570 seconds
151.753: Application time: 0.1605750 seconds
151.753: [GC [PSYoungGen: 43483K->7157K(51200K)] 68370K->40596K(167936K), 0.0047630 secs] [Times: user=0.03 sys=0.01, real=0.01 secs] 
151.758: Total time for which application threads were stopped: 0.0049280 seconds, Stopping threads took: 0.0000630 seconds
151.911: Application time: 0.1525230 seconds
151.911: [GC [PSYoungGen: 50659K->6573K(51200K)] 84097K->49275K(167936K), 0.0047160 secs] [Times: user=0.04 sys=0.00, real=0.00 secs] 
151.916: Total time for which application threads were stopped: 0.0048710 seconds, Stopping threads took: 0.0000630 seconds
152.067: Application time: 0.1518280 seconds
152.068: [GC [PSYoungGen: 50083K->6669K(51200K)] 92785K->60772K(167936K), 0.0053140 secs] [Times: user=0.04 sys=0.00, real=0.00 secs] 
152.073: Total time for which application threads were stopped: 0.0054750 seconds, Stopping threads took: 0.0000690 seconds
152.231: Application time: 0.1580780 seconds
152.231: [GC [PSYoungGen: 50170K->6669K(51200K)] 104273K->71461K(167936K), 0.0051420 secs] [Times: user=0.04 sys=0.00, real=0.00 secs] 
152.236: Total time for which application threads were stopped: 0.0052910 seconds, Stopping threads took: 0.0000570 seconds
152.391: Application time: 0.1548580 seconds
152.391: [GC [PSYoungGen: 50152K->6669K(51200K)] 114944K->80724K(167936K), 0.0046930 secs] [Times: user=0.03 sys=0.00, real=0.00 secs] 
152.396: Total time for which application threads were stopped: 0.0048730 seconds, Stopping threads took: 0.0000850 seconds
152.523: Application time: 0.1269480 seconds
152.523: [GC [PSYoungGen: 50185K->6700K(51200K)] 124241K->90732K(167936K), 0.0051250 secs] [Times: user=0.04 sys=0.00, real=0.01 secs] 
152.528: Total time for which application threads were stopped: 0.0052950 seconds, Stopping threads took: 0.0000790 seconds
152.545: Application time: 0.0167700 seconds
152.545: [GC [PSYoungGen: 50176K->6668K(51200K)] 134208K->94263K(167936K), 0.0033520 secs] [Times: user=0.02 sys=0.00, real=0.01 secs] 
152.549: Total time for which application threads were stopped: 0.0035370 seconds, Stopping threads took: 0.0000960 seconds
152.567: Application time: 0.0187710 seconds
152.567: [GC [PSYoungGen: 50150K->6637K(51200K)] 137745K->95656K(167936K), 0.0026410 secs] [Times: user=0.02 sys=0.00, real=0.00 secs] 
152.570: Total time for which application threads were stopped: 0.0028490 seconds, Stopping threads took: 0.0001340 seconds
152.602: Application time: 0.0318810 seconds
152.602: [GC [PSYoungGen: 50132K->6668K(51200K)] 139151K->99251K(167936K), 0.0030490 secs] [Times: user=0.02 sys=0.00, real=0.00 secs] 
152.605: Total time for which application threads were stopped: 0.0031990 seconds, Stopping threads took: 0.0000690 seconds
152.757: Application time: 0.1519440 seconds
152.757: [GC [PSYoungGen: 50150K->6700K(51200K)] 142732K->108545K(167936K), 0.0047860 secs] [Times: user=0.04 sys=0.00, real=0.01 secs] 
152.762: [Full GC [PSYoungGen: 6700K->0K(51200K)] [ParOldGen: 101845K->30628K(116736K)] 108545K->30628K(167936K) [PSPermGen: 6115K->6115K(21504K)], 0.0097660 secs] [Times: user=0.05 sys=0.00, real=0.01 secs] 
152.772: Total time for which application threads were stopped: 0.0147750 seconds, Stopping threads took: 0.0000760 seconds
152.906: Application time: 0.1338020 seconds
152.906: [GC [PSYoungGen: 43515K->7157K(51200K)] 74143K->47048K(167936K), 0.0050590 secs] [Times: user=0.04 sys=0.00, real=0.00 secs] 
152.911: Total time for which application threads were stopped: 0.0052300 seconds, Stopping threads took: 0.0000690 seconds
152.926: Application time: 0.0149780 seconds
152.926: [GC [PSYoungGen: 50667K->6540K(51200K)] 90558K->52132K(167936K), 0.0038910 secs] [Times: user=0.02 sys=0.00, real=0.00 secs] 
152.930: Total time for which application threads were stopped: 0.0042570 seconds, Stopping threads took: 0.0002780 seconds
152.943: Application time: 0.0128090 seconds
152.944: [GC [PSYoungGen: 50020K->6572K(51200K)] 95612K->55726K(167936K), 0.0033490 secs] [Times: user=0.02 sys=0.00, real=0.01 secs] 
152.947: Total time for which application threads were stopped: 0.0041560 seconds, Stopping threads took: 0.0007140 seconds
152.959: Application time: 0.0116400 seconds
152.959: [GC [PSYoungGen: 50049K->6572K(51200K)] 99203K->56439K(167936K), 0.0025170 secs] [Times: user=0.01 sys=0.00, real=0.00 secs] 
152.962: Total time for which application threads were stopped: 0.0030350 seconds, Stopping threads took: 0.0004340 seconds
152.972: Application time: 0.0096800 seconds
152.972: [GC [PSYoungGen: 50062K->6636K(51200K)] 99928K->57928K(167936K), 0.0027930 secs] [Times: user=0.02 sys=0.00, real=0.00 secs] 
152.975: Total time for which application threads were stopped: 0.0029650 seconds, Stopping threads took: 0.0000880 seconds
152.988: Application time: 0.0132610 seconds
152.988: [GC [PSYoungGen: 50382K->6621K(51200K)] 101673K->60050K(167936K), 0.0028720 secs] [Times: user=0.02 sys=0.00, real=0.00 secs] 
152.991: Total time for which application threads were stopped: 0.0030420 seconds, Stopping threads took: 0.0000860 seconds
153.005: Application time: 0.0143570 seconds
153.005: [GC [PSYoungGen: 50594K->6668K(51200K)] 104023K->62948K(167936K), 0.0031730 secs] [Times: user=0.03 sys=0.00, real=0.01 secs] 
153.009: Total time for which application threads were stopped: 0.0033570 seconds, Stopping threads took: 0.0000950 seconds
153.025: Application time: 0.0167430 seconds
153.025: [GC [PSYoungGen: 50144K->6604K(51200K)] 106423K->65021K(167936K), 0.0029780 secs] [Times: user=0.02 sys=0.00, real=0.01 secs] 
153.028: Total time for which application threads were stopped: 0.0031480 seconds, Stopping threads took: 0.0000830 seconds
153.048: Application time: 0.0194840 seconds
153.048: [GC [PSYoungGen: 50617K->6717K(51200K)] 109034K->66559K(167936K), 0.0027520 secs] [Times: user=0.02 sys=0.00, real=0.00 secs] 
153.051: Total time for which application threads were stopped: 0.0029220 seconds, Stopping threads took: 0.0000870 seconds
153.062: Application time: 0.0115070 seconds
153.062: [GC [PSYoungGen: 50424K->6620K(51200K)] 110266K->69312K(167936K), 0.0029640 secs] [Times: user=0.02 sys=0.00, real=0.00 secs] 
153.066: Total time for which application threads were stopped: 0.0031180 seconds, Stopping threads took: 0.0000670 seconds
153.082: Application time: 0.0166970 seconds
153.082: [GC [PSYoungGen: 50096K->6668K(51200K)] 112788K->72210K(167936K), 0.0031890 secs] [Times: user=0.03 sys=0.00, real=0.00 secs] 
153.086: Total time for which application threads were stopped: 0.0033640 seconds, Stopping threads took: 0.0000890 seconds
153.101: Application time: 0.0157040 seconds
153.102: [GC [PSYoungGen: 50183K->6716K(51200K)] 115726K->74396K(167936K), 0.0029330 secs] [Times: user=0.02 sys=0.00, real=0.00 secs] 
153.105: Total time for which application threads were stopped: 0.0037260 seconds, Stopping threads took: 0.0007090 seconds
153.116: Application time: 0.0108630 seconds
153.116: [GC [PSYoungGen: 50197K->6652K(51200K)] 117877K->75045K(167936K), 0.0025320 secs] [Times: user=0.02 sys=0.00, real=0.01 secs] 
153.119: Total time for which application threads were stopped: 0.0027210 seconds, Stopping threads took: 0.0000970 seconds
153.129: Application time: 0.0105110 seconds
153.129: [GC [PSYoungGen: 50137K->6732K(51200K)] 118529K->77975K(167936K), 0.0032300 secs] [Times: user=0.02 sys=0.00, real=0.00 secs] 
153.133: Total time for which application threads were stopped: 0.0034170 seconds, Stopping threads took: 0.0000980 seconds
153.151: Application time: 0.0184730 seconds
153.151: [GC [PSYoungGen: 50248K->6716K(51200K)] 121490K->80096K(167936K), 0.0029090 secs] [Times: user=0.02 sys=0.00, real=0.00 secs] 
153.154: Total time for which application threads were stopped: 0.0031100 seconds, Stopping threads took: 0.0001130 seconds
153.165: Application time: 0.0110140 seconds
153.165: [GC [PSYoungGen: 50203K->6700K(51200K)] 123583K->85124K(167936K), 0.0038490 secs] [Times: user=0.03 sys=0.00, real=0.01 secs] 
153.169: Total time for which application threads were stopped: 0.0040240 seconds, Stopping threads took: 0.0000860 seconds
153.181: Application time: 0.0116040 seconds
153.181: [GC [PSYoungGen: 50185K->6684K(51200K)] 128609K->86589K(167936K), 0.0028510 secs] [Times: user=0.02 sys=0.00, real=0.00 secs] 
153.184: Total time for which application threads were stopped: 0.0030300 seconds, Stopping threads took: 0.0000910 seconds
153.203: Application time: 0.0192070 seconds
153.203: [GC [PSYoungGen: 50173K->6732K(51200K)] 130078K->88062K(167936K), 0.0028100 secs] [Times: user=0.02 sys=0.00, real=0.01 secs] 
153.206: Total time for which application threads were stopped: 0.0029860 seconds, Stopping threads took: 0.0000870 seconds
153.222: Application time: 0.0163140 seconds
153.222: [GC [PSYoungGen: 50250K->6796K(51200K)] 131580K->90976K(167936K), 0.0030080 secs] [Times: user=0.02 sys=0.00, real=0.00 secs] 
153.225: Total time for which application threads were stopped: 0.0031600 seconds, Stopping threads took: 0.0000640 seconds
153.244: Application time: 0.0181010 seconds
153.244: [GC [PSYoungGen: 50272K->6796K(51200K)] 134452K->95251K(167936K), 0.0035240 secs] [Times: user=0.03 sys=0.00, real=0.01 secs] 
153.247: Total time for which application threads were stopped: 0.0036930 seconds, Stopping threads took: 0.0000830 seconds
153.266: Application time: 0.0182650 seconds
153.266: [GC [PSYoungGen: 50277K->6732K(51200K)] 138732K->98806K(167936K), 0.0034240 secs] [Times: user=0.02 sys=0.01, real=0.01 secs] 
153.269: Total time for which application threads were stopped: 0.0035920 seconds, Stopping threads took: 0.0000820 seconds
153.283: Application time: 0.0143110 seconds
153.284: [GC [PSYoungGen: 50224K->6684K(51200K)] 142298K->100215K(167936K), 0.0026140 secs] [Times: user=0.01 sys=0.00, real=0.01 secs] 
153.286: Total time for which application threads were stopped: 0.0027660 seconds, Stopping threads took: 0.0000710 seconds
153.488: Application time: 0.2021700 seconds
153.488: [GC [PSYoungGen: 50164K->6700K(51200K)] 143695K->109494K(167936K), 0.0047120 secs] [Times: user=0.03 sys=0.00, real=0.00 secs] 
153.493: Total time for which application threads were stopped: 0.0048810 seconds, Stopping threads took: 0.0000690 seconds
153.700: Application time: 0.2068480 seconds
153.700: [GC [PSYoungGen: 50188K->6732K(51200K)] 152982K->118116K(167936K), 0.0045370 secs] [Times: user=0.04 sys=0.00, real=0.00 secs] 
153.705: [Full GC [PSYoungGen: 6732K->0K(51200K)] [ParOldGen: 111383K->24173K(116736K)] 118116K->24173K(167936K) [PSPermGen: 6115K->6115K(21504K)], 0.0094300 secs] [Times: user=0.04 sys=0.00, real=0.01 secs] 
153.714: Total time for which application threads were stopped: 0.0142040 seconds, Stopping threads took: 0.0001000 seconds
153.901: Application time: 0.1868790 seconds
153.901: [GC [PSYoungGen: 43479K->7125K(51200K)] 67653K->40561K(167936K), 0.0049010 secs] [Times: user=0.03 sys=0.00, real=0.01 secs] 
153.906: Total time for which application threads were stopped: 0.0050610 seconds, Stopping threads took: 0.0000680 seconds
154.087: Application time: 0.1807000 seconds
154.087: [GC [PSYoungGen: 50621K->6572K(51200K)] 84057K->50696K(167936K), 0.0050860 secs] [Times: user=0.04 sys=0.00, real=0.00 secs] 
154.092: Total time for which application threads were stopped: 0.0052420 seconds, Stopping threads took: 0.0000590 seconds
154.306: Application time: 0.2139470 seconds
154.306: [GC [PSYoungGen: 50083K->6668K(51200K)] 94207K->62193K(167936K), 0.0052500 secs] [Times: user=0.04 sys=0.00, real=0.00 secs] 
154.312: Total time for which application threads were stopped: 0.0054070 seconds, Stopping threads took: 0.0000640 seconds
154.493: Application time: 0.1810990 seconds
154.493: [GC [PSYoungGen: 50156K->6668K(51200K)] 105681K->73593K(167936K), 0.0053500 secs] [Times: user=0.05 sys=0.00, real=0.01 secs] 
154.498: Total time for which application threads were stopped: 0.0054980 seconds, Stopping threads took: 0.0000610 seconds
154.719: Application time: 0.2204350 seconds
154.719: [GC [PSYoungGen: 50157K->6668K(51200K)] 117081K->83568K(167936K), 0.0049690 secs] [Times: user=0.03 sys=0.00, real=0.00 secs] 
154.724: Total time for which application threads were stopped: 0.0051280 seconds, Stopping threads took: 0.0000590 seconds
154.907: Application time: 0.1833130 seconds
154.908: [GC [PSYoungGen: 50148K->6636K(51200K)] 127048K->91374K(167936K), 0.0042400 secs] [Times: user=0.03 sys=0.01, real=0.00 secs] 
154.912: Total time for which application threads were stopped: 0.0047810 seconds, Stopping threads took: 0.0004560 seconds
155.084: Application time: 0.1723230 seconds
155.084: [GC [PSYoungGen: 50134K->6668K(51200K)] 134872K->102094K(167936K), 0.0050800 secs] [Times: user=0.04 sys=0.00, real=0.01 secs] 
155.089: Total time for which application threads were stopped: 0.0052290 seconds, Stopping threads took: 0.0000610 seconds
155.241: Application time: 0.1518650 seconds
155.241: [GC [PSYoungGen: 50184K->6668K(51200K)] 145609K->114207K(167936K), 0.0055020 secs] [Times: user=0.04 sys=0.00, real=0.01 secs] 
155.247: [Full GC [PSYoungGen: 6668K->0K(51200K)] [ParOldGen: 107538K->25599K(116736K)] 114207K->25599K(167936K) [PSPermGen: 6115K->6115K(21504K)], 0.0098890 secs] [Times: user=0.05 sys=0.00, real=0.00 secs] 
155.257: Total time for which application threads were stopped: 0.0156010 seconds, Stopping threads took: 0.0000610 seconds
155.416: Application time: 0.1588470 seconds
155.416: [GC [PSYoungGen: 43489K->6508K(51200K)] 69089K->42083K(167936K), 0.0048570 secs] [Times: user=0.04 sys=0.00, real=0.01 secs] 
155.421: Total time for which application threads were stopped: 0.0050190 seconds, Stopping threads took: 0.0000740 seconds
155.582: Application time: 0.1608760 seconds
155.582: [GC [PSYoungGen: 49999K->6509K(51200K)] 85574K->52060K(167936K), 0.0048440 secs] [Times: user=0.03 sys=0.00, real=0.01 secs] 
155.587: Total time for which application threads were stopped: 0.0050020 seconds, Stopping threads took: 0.0000690 seconds
155.737: Application time: 0.1503650 seconds
155.737: [GC [PSYoungGen: 49992K->6509K(51200K)] 95543K->62036K(167936K), 0.0049400 secs] [Times: user=0.04 sys=0.00, real=0.01 secs] 
155.742: Total time for which application threads were stopped: 0.0050920 seconds, Stopping threads took: 0.0000650 seconds
155.905: Application time: 0.1632000 seconds
155.905: [GC [PSYoungGen: 50001K->6605K(51200K)] 105528K->71395K(167936K), 0.0048060 secs] [Times: user=0.03 sys=0.00, real=0.01 secs] 
155.910: Total time for which application threads were stopped: 0.0049980 seconds, Stopping threads took: 0.0000900 seconds
156.056: Application time: 0.1458270 seconds
156.056: [GC [PSYoungGen: 50097K->6573K(51200K)] 114888K->81340K(167936K), 0.0049570 secs] [Times: user=0.04 sys=0.00, real=0.01 secs] 
156.061: Total time for which application threads were stopped: 0.0051180 seconds, Stopping threads took: 0.0000710 seconds
156.229: Application time: 0.1674780 seconds
156.229: [GC [PSYoungGen: 50082K->6669K(51200K)] 124849K->92125K(167936K), 0.0051450 secs] [Times: user=0.03 sys=0.01, real=0.00 secs] 
156.234: Total time for which application threads were stopped: 0.0053080 seconds, Stopping threads took: 0.0000710 seconds
156.385: Application time: 0.1513200 seconds
156.385: [GC [PSYoungGen: 50170K->6669K(51200K)] 135625K->103526K(167936K), 0.0054110 secs] [Times: user=0.04 sys=0.00, real=0.01 secs] 
156.391: Total time for which application threads were stopped: 0.0055740 seconds, Stopping threads took: 0.0000780 seconds
156.514: Application time: 0.1233040 seconds
156.514: [GC [PSYoungGen: 50186K->6701K(51200K)] 147043K->112821K(167936K), 0.0048560 secs] [Times: user=0.04 sys=0.00, real=0.01 secs] 
156.519: [Full GC [PSYoungGen: 6701K->0K(51200K)] [ParOldGen: 106120K->29385K(116736K)] 112821K->29385K(167936K) [PSPermGen: 6115K->6115K(21504K)], 0.0102870 secs] [Times: user=0.05 sys=0.00, real=0.01 secs] 
156.530: Total time for which application threads were stopped: 0.0153960 seconds, Stopping threads took: 0.0000990 seconds
156.547: Application time: 0.0174950 seconds
156.547: [GC [PSYoungGen: 43475K->3722K(51200K)] 72861K->33108K(167936K), 0.0013960 secs] [Times: user=0.01 sys=0.00, real=0.00 secs] 
156.549: Total time for which application threads were stopped: 0.0015560 seconds, Stopping threads took: 0.0000890 seconds
156.567: Application time: 0.0183640 seconds
156.567: [GC [PSYoungGen: 47205K->6573K(51200K)] 76590K->36671K(167936K), 0.0023340 secs] [Times: user=0.01 sys=0.00, real=0.00 secs] 
156.570: Total time for which application threads were stopped: 0.0025230 seconds, Stopping threads took: 0.0001040 seconds
156.603: Application time: 0.0334990 seconds
156.603: [GC [PSYoungGen: 50068K->6541K(51200K)] 80166K->41627K(167936K), 0.0035320 secs] [Times: user=0.02 sys=0.00, real=0.01 secs] 
156.607: Total time for which application threads were stopped: 0.0036830 seconds, Stopping threads took: 0.0000630 seconds
156.763: Application time: 0.1567540 seconds
156.764: [GC [PSYoungGen: 50022K->7157K(51200K)] 85109K->50810K(167936K), 0.0047360 secs] [Times: user=0.03 sys=0.00, real=0.01 secs] 
156.768: Total time for which application threads were stopped: 0.0048830 seconds, Stopping threads took: 0.0000580 seconds
156.926: Application time: 0.1571430 seconds
156.926: [GC [PSYoungGen: 50638K->7157K(51200K)] 94291K->59368K(167936K), 0.0047540 secs] [Times: user=0.02 sys=0.01, real=0.01 secs] 
156.930: Total time for which application threads were stopped: 0.0049130 seconds, Stopping threads took: 0.0000730 seconds
156.959: Application time: 0.0286800 seconds
156.959: [GC [PSYoungGen: 50667K->6508K(51200K)] 102878K->63707K(167936K), 0.0037570 secs] [Times: user=0.03 sys=0.00, real=0.00 secs] 
156.963: Total time for which application threads were stopped: 0.0039290 seconds, Stopping threads took: 0.0000800 seconds
156.983: Application time: 0.0200110 seconds
156.983: [GC [PSYoungGen: 50021K->6572K(51200K)] 107220K->66621K(167936K), 0.0031570 secs] [Times: user=0.03 sys=0.00, real=0.01 secs] 
156.986: Total time for which application threads were stopped: 0.0033380 seconds, Stopping threads took: 0.0000930 seconds
156.998: Application time: 0.0118170 seconds
156.998: [GC [PSYoungGen: 50057K->6605K(51200K)] 110106K->68791K(167936K), 0.0028970 secs] [Times: user=0.02 sys=0.00, real=0.00 secs] 
157.001: Total time for which application threads were stopped: 0.0030830 seconds, Stopping threads took: 0.0001040 seconds
157.010: Application time: 0.0091970 seconds
157.011: [GC [PSYoungGen: 50077K->6572K(51200K)] 112264K->69472K(167936K), 0.0025880 secs] [Times: user=0.01 sys=0.00, real=0.00 secs] 
157.013: Total time for which application threads were stopped: 0.0027860 seconds, Stopping threads took: 0.0001050 seconds
157.028: Application time: 0.0146940 seconds
157.028: [GC [PSYoungGen: 50063K->6604K(51200K)] 112962K->73779K(167936K), 0.0035550 secs] [Times: user=0.02 sys=0.00, real=0.00 secs] 
157.032: Total time for which application threads were stopped: 0.0037610 seconds, Stopping threads took: 0.0001040 seconds
157.044: Application time: 0.0127450 seconds
157.045: [GC [PSYoungGen: 50087K->6604K(51200K)] 117261K->75916K(167936K), 0.0029540 secs] [Times: user=0.02 sys=0.00, real=0.01 secs] 
157.048: Total time for which application threads were stopped: 0.0031380 seconds, Stopping threads took: 0.0000870 seconds
157.176: Application time: 0.1288240 seconds
157.177: [GC [PSYoungGen: 50617K->6684K(51200K)] 119929K->84547K(167936K), 0.0046450 secs] [Times: user=0.04 sys=0.00, real=0.01 secs] 
157.181: Total time for which application threads were stopped: 0.0047970 seconds, Stopping threads took: 0.0000620 seconds
157.195: Application time: 0.0141570 seconds
157.196: [GC [PSYoungGen: 50416K->6716K(51200K)] 128278K->89566K(167936K), 0.0037870 secs] [Times: user=0.03 sys=0.00, real=0.01 secs] 
157.199: Total time for which application threads were stopped: 0.0039900 seconds, Stopping threads took: 0.0001120 seconds
157.211: Application time: 0.0115810 seconds
157.211: [GC [PSYoungGen: 50121K->6716K(51200K)] 132971K->90279K(167936K), 0.0025610 secs] [Times: user=0.02 sys=0.00, real=0.00 secs] 
157.214: Total time for which application threads were stopped: 0.0027210 seconds, Stopping threads took: 0.0000740 seconds
157.224: Application time: 0.0103090 seconds
157.224: [GC [PSYoungGen: 50299K->6716K(51200K)] 133861K->90991K(167936K), 0.0025240 secs] [Times: user=0.02 sys=0.00, real=0.01 secs] 
157.227: Total time for which application threads were stopped: 0.0027900 seconds, Stopping threads took: 0.0001800 seconds
157.239: Application time: 0.0124810 seconds
157.240: [GC [PSYoungGen: 50204K->6732K(51200K)] 134480K->91720K(167936K), 0.0025380 secs] [Times: user=0.01 sys=0.00, real=0.00 secs] 
157.243: Total time for which application threads were stopped: 0.0032820 seconds, Stopping threads took: 0.0006630 seconds
157.253: Application time: 0.0106880 seconds
157.253: [GC [PSYoungGen: 50217K->6701K(51200K)] 135205K->93826K(167936K), 0.0029730 secs] [Times: user=0.02 sys=0.00, real=0.00 secs] 
157.256: Total time for which application threads were stopped: 0.0031820 seconds, Stopping threads took: 0.0001220 seconds
157.268: Application time: 0.0115400 seconds
157.268: [GC [PSYoungGen: 50184K->6733K(51200K)] 137309K->98141K(167936K), 0.0034500 secs] [Times: user=0.02 sys=0.00, real=0.00 secs] 
157.272: Total time for which application threads were stopped: 0.0039080 seconds, Stopping threads took: 0.0003700 seconds
157.284: Application time: 0.0119190 seconds
157.285: [GC [PSYoungGen: 50223K->6748K(51200K)] 141631K->100294K(167936K), 0.0028980 secs] [Times: user=0.02 sys=0.00, real=0.01 secs] 
157.288: Total time for which application threads were stopped: 0.0038160 seconds, Stopping threads took: 0.0008300 seconds
157.303: Application time: 0.0151010 seconds
157.303: [GC [PSYoungGen: 50233K->6716K(51200K)] 143779K->104537K(167936K), 0.0036420 secs] [Times: user=0.03 sys=0.00, real=0.01 secs] 
157.307: Total time for which application threads were stopped: 0.0038340 seconds, Stopping threads took: 0.0001010 seconds
157.353: Application time: 0.0460200 seconds
157.353: [GC [PSYoungGen: 50237K->6764K(51200K)] 148059K->107475K(167936K), 0.0030030 secs] [Times: user=0.02 sys=0.00, real=0.00 secs] 
157.356: Total time for which application threads were stopped: 0.0031470 seconds, Stopping threads took: 0.0000600 seconds
157.375: Application time: 0.0191870 seconds
157.375: [GC [PSYoungGen: 50248K->6748K(51200K)] 150959K->112495K(167936K), 0.0038620 secs] [Times: user=0.03 sys=0.00, real=0.01 secs] 
157.379: Total time for which application threads were stopped: 0.0040320 seconds, Stopping threads took: 0.0000810 seconds
157.396: Application time: 0.0171220 seconds
157.397: [GC [PSYoungGen: 50261K->6748K(51200K)] 156007K->115345K(167936K), 0.0031610 secs] [Times: user=0.02 sys=0.00, real=0.01 secs] 
157.400: [Full GC [PSYoungGen: 6748K->0K(51200K)] [ParOldGen: 108597K->23461K(116736K)] 115345K->23461K(167936K) [PSPermGen: 6115K->6115K(21504K)], 0.0094440 secs] [Times: user=0.05 sys=0.00, real=0.01 secs] 
157.410: Total time for which application threads were stopped: 0.0134340 seconds, Stopping threads took: 0.0006900 seconds
157.422: Application time: 0.0123280 seconds
157.423: [GC [PSYoungGen: 43482K->4371K(51200K)] 66944K->27833K(167936K), 0.0016990 secs] [Times: user=0.01 sys=0.00, real=0.00 secs] 
157.425: Total time for which application threads were stopped: 0.0026120 seconds, Stopping threads took: 0.0008270 seconds
157.435: Application time: 0.0105810 seconds
157.435: [GC [PSYoungGen: 47848K->4435K(51200K)] 71310K->27897K(167936K), 0.0015700 secs] [Times: user=0.01 sys=0.00, real=0.00 secs] 
157.437: Total time for which application threads were stopped: 0.0017300 seconds, Stopping threads took: 0.0000870 seconds
157.454: Application time: 0.0172290 seconds
157.454: [GC [PSYoungGen: 47925K->6540K(51200K)] 71387K->34278K(167936K), 0.0034900 secs] [Times: user=0.02 sys=0.00, real=0.01 secs] 
157.458: Total time for which application threads were stopped: 0.0036680 seconds, Stopping threads took: 0.0000860 seconds
157.470: Application time: 0.0122180 seconds
157.470: [GC [PSYoungGen: 50022K->6540K(51200K)] 77759K->36415K(167936K), 0.0029300 secs] [Times: user=0.02 sys=0.00, real=0.00 secs] 
157.473: Total time for which application threads were stopped: 0.0030960 seconds, Stopping threads took: 0.0000780 seconds
157.666: Application time: 0.1934330 seconds
157.667: [GC [PSYoungGen: 50037K->6572K(51200K)] 79911K->47134K(167936K), 0.0049690 secs] [Times: user=0.04 sys=0.00, real=0.00 secs] 
157.672: Total time for which application threads were stopped: 0.0051370 seconds, Stopping threads took: 0.0000660 seconds
157.859: Application time: 0.1876450 seconds
157.859: [GC [PSYoungGen: 50052K->6604K(51200K)] 90614K->56429K(167936K), 0.0046820 secs] [Times: user=0.03 sys=0.00, real=0.00 secs] 
157.864: Total time for which application threads were stopped: 0.0048440 seconds, Stopping threads took: 0.0000720 seconds
158.061: Application time: 0.1965750 seconds
158.061: [GC [PSYoungGen: 50096K->6636K(51200K)] 99921K->66436K(167936K), 0.0049110 secs] [Times: user=0.04 sys=0.00, real=0.01 secs] 
158.066: Total time for which application threads were stopped: 0.0050740 seconds, Stopping threads took: 0.0000700 seconds
158.255: Application time: 0.1894970 seconds
158.255: [GC [PSYoungGen: 50135K->6668K(51200K)] 109935K->76444K(167936K), 0.0049100 secs] [Times: user=0.03 sys=0.00, real=0.01 secs] 
158.260: Total time for which application threads were stopped: 0.0050850 seconds, Stopping threads took: 0.0000770 seconds
158.471: Application time: 0.2111590 seconds
158.472: [GC [PSYoungGen: 50156K->6668K(51200K)] 119932K->86419K(167936K), 0.0049070 secs] [Times: user=0.04 sys=0.00, real=0.00 secs] 
158.477: Total time for which application threads were stopped: 0.0050670 seconds, Stopping threads took: 0.0000720 seconds
158.670: Application time: 0.1932520 seconds
158.670: [GC [PSYoungGen: 50165K->6668K(51200K)] 129916K->97107K(167936K), 0.0051670 secs] [Times: user=0.04 sys=0.00, real=0.00 secs] 
158.675: Total time for which application threads were stopped: 0.0053200 seconds, Stopping threads took: 0.0000640 seconds
158.863: Application time: 0.1875570 seconds
158.863: [GC [PSYoungGen: 50148K->6668K(51200K)] 140587K->106369K(167936K), 0.0047250 secs] [Times: user=0.04 sys=0.00, real=0.01 secs] 
158.868: Total time for which application threads were stopped: 0.0049740 seconds, Stopping threads took: 0.0001460 seconds
159.065: Application time: 0.1975380 seconds
159.065: [GC [PSYoungGen: 50166K->6668K(51200K)] 149867K->117057K(167936K), 0.0052030 secs] [Times: user=0.04 sys=0.00, real=0.01 secs] 
159.071: [Full GC [PSYoungGen: 6668K->0K(51200K)] [ParOldGen: 110389K->28449K(116736K)] 117057K->28449K(167936K) [PSPermGen: 6115K->6115K(21504K)], 0.0106170 secs] [Times: user=0.05 sys=0.00, real=0.01 secs] 
159.081: Total time for which application threads were stopped: 0.0160240 seconds, Stopping threads took: 0.0000580 seconds
159.270: Application time: 0.1888270 seconds
159.270: [GC [PSYoungGen: 43488K->7157K(51200K)] 71938K->42756K(167936K), 0.0042520 secs] [Times: user=0.03 sys=0.00, real=0.00 secs] 
159.274: Total time for which application threads were stopped: 0.0044030 seconds, Stopping threads took: 0.0000600 seconds
159.421: Application time: 0.1467450 seconds
159.421: [GC [PSYoungGen: 50664K->6540K(51200K)] 86263K->52827K(167936K), 0.0050250 secs] [Times: user=0.03 sys=0.00, real=0.01 secs] 
159.426: Total time for which application threads were stopped: 0.0051890 seconds, Stopping threads took: 0.0000640 seconds
159.554: Application time: 0.1270950 seconds
159.554: [GC [PSYoungGen: 50039K->6636K(51200K)] 96326K->63612K(167936K), 0.0051420 secs] [Times: user=0.03 sys=0.01, real=0.01 secs] 
159.559: Total time for which application threads were stopped: 0.0053090 seconds, Stopping threads took: 0.0000790 seconds
159.719: Application time: 0.1596840 seconds
159.719: [GC [PSYoungGen: 50119K->6605K(51200K)] 107094K->72843K(167936K), 0.0046990 secs] [Times: user=0.04 sys=0.00, real=0.00 secs] 
159.723: Total time for which application threads were stopped: 0.0048580 seconds, Stopping threads took: 0.0000700 seconds
159.870: Application time: 0.1463990 seconds
159.870: [GC [PSYoungGen: 50088K->6637K(51200K)] 116327K->82139K(167936K), 0.0047410 secs] [Times: user=0.03 sys=0.00, real=0.00 secs] 
159.875: Total time for which application threads were stopped: 0.0048890 seconds, Stopping threads took: 0.0000590 seconds
160.024: Application time: 0.1492780 seconds
160.024: [GC [PSYoungGen: 50137K->6669K(51200K)] 125640K->92860K(167936K), 0.0051280 secs] [Times: user=0.03 sys=0.00, real=0.01 secs] 
160.029: Total time for which application threads were stopped: 0.0052960 seconds, Stopping threads took: 0.0000630 seconds
160.178: Application time: 0.1492450 seconds
160.179: [GC [PSYoungGen: 50161K->6669K(51200K)] 136352K->103549K(167936K), 0.0051390 secs] [Times: user=0.03 sys=0.00, real=0.00 secs] 
160.184: Total time for which application threads were stopped: 0.0053020 seconds, Stopping threads took: 0.0000700 seconds
160.333: Application time: 0.1488850 seconds
160.333: [GC [PSYoungGen: 50168K->6669K(51200K)] 147048K->112100K(167936K), 0.0046080 secs] [Times: user=0.03 sys=0.00, real=0.00 secs] 
160.337: [Full GC [PSYoungGen: 6669K->0K(51200K)] [ParOldGen: 105431K->26999K(116736K)] 112100K->26999K(167936K) [PSPermGen: 6115K->6109K(21504K)], 0.0107940 secs] [Times: user=0.06 sys=0.00, real=0.02 secs] 
160.348: Total time for which application threads were stopped: 0.0156570 seconds, Stopping threads took: 0.0001120 seconds
160.506: Application time: 0.1573990 seconds
160.506: [GC [PSYoungGen: 43500K->6605K(51200K)] 70499K->43580K(167936K), 0.0049620 secs] [Times: user=0.04 sys=0.00, real=0.00 secs] 
160.511: Total time for which application threads were stopped: 0.0051230 seconds, Stopping threads took: 0.0000700 seconds
160.539: Application time: 0.0285140 seconds
160.540: [GC [PSYoungGen: 50115K->6541K(51200K)] 87091K->47791K(167936K), 0.0035070 secs] [Times: user=0.02 sys=0.00, real=0.00 secs] 
160.543: Total time for which application threads were stopped: 0.0036920 seconds, Stopping threads took: 0.0000770 seconds
160.559: Application time: 0.0162870 seconds
160.559: [GC [PSYoungGen: 50020K->6541K(51200K)] 91271K->50642K(167936K), 0.0031070 secs] [Times: user=0.01 sys=0.00, real=0.00 secs] 
160.563: Total time for which application threads were stopped: 0.0032750 seconds, Stopping threads took: 0.0000810 seconds
160.575: Application time: 0.0127610 seconds
160.576: [GC [PSYoungGen: 50026K->6605K(51200K)] 94127K->54269K(167936K), 0.0032520 secs] [Times: user=0.02 sys=0.00, real=0.01 secs] 
160.580: Total time for which application threads were stopped: 0.0041640 seconds, Stopping threads took: 0.0008150 seconds
160.722: Application time: 0.1426910 seconds
160.722: [GC [PSYoungGen: 50096K->6573K(51200K)] 97759K->64212K(167936K), 0.0049510 secs] [Times: user=0.03 sys=0.00, real=0.01 secs] 
160.727: Total time for which application threads were stopped: 0.0051040 seconds, Stopping threads took: 0.0000640 seconds
160.882: Application time: 0.1544580 seconds
160.882: [GC [PSYoungGen: 50054K->6604K(51200K)] 107694K->73507K(167936K), 0.0047250 secs] [Times: user=0.03 sys=0.00, real=0.01 secs] 
160.887: Total time for which application threads were stopped: 0.0048780 seconds, Stopping threads took: 0.0000680 seconds
160.922: Application time: 0.0357360 seconds
160.923: [GC [PSYoungGen: 50148K->6732K(51200K)] 117050K->80048K(167936K), 0.0041740 secs] [Times: user=0.03 sys=0.00, real=0.01 secs] 
160.927: Total time for which application threads were stopped: 0.0043810 seconds, Stopping threads took: 0.0001160 seconds
160.940: Application time: 0.0128680 seconds
160.940: [GC [PSYoungGen: 50212K->6668K(51200K)] 123528K->82121K(167936K), 0.0029780 secs] [Times: user=0.02 sys=0.00, real=0.00 secs] 
160.943: Total time for which application threads were stopped: 0.0031650 seconds, Stopping threads took: 0.0000990 seconds
160.955: Application time: 0.0121240 seconds
160.955: [GC [PSYoungGen: 50155K->6620K(51200K)] 125608K->84924K(167936K), 0.0031580 secs] [Times: user=0.02 sys=0.00, real=0.01 secs] 
160.958: Total time for which application threads were stopped: 0.0033750 seconds, Stopping threads took: 0.0001300 seconds
160.970: Application time: 0.0119750 seconds
160.971: [GC [PSYoungGen: 50097K->6653K(51200K)] 128400K->87093K(167936K), 0.0028770 secs] [Times: user=0.02 sys=0.00, real=0.00 secs] 
160.973: Total time for which application threads were stopped: 0.0031510 seconds, Stopping threads took: 0.0001870 seconds
160.984: Application time: 0.0106960 seconds
160.984: [GC [PSYoungGen: 50145K->6669K(51200K)] 130586K->92810K(167936K), 0.0039420 secs] [Times: user=0.03 sys=0.00, real=0.01 secs] 
160.988: Total time for which application threads were stopped: 0.0041100 seconds, Stopping threads took: 0.0000790 seconds
160.998: Application time: 0.0094320 seconds
160.998: [GC [PSYoungGen: 50141K->5956K(51200K)] 136282K->92097K(167936K), 0.0021870 secs] [Times: user=0.02 sys=0.00, real=0.00 secs] 
161.000: Total time for which application threads were stopped: 0.0024060 seconds, Stopping threads took: 0.0001400 seconds
161.141: Application time: 0.1404750 seconds
161.141: [GC [PSYoungGen: 49382K->6780K(51200K)] 135524K->102185K(167936K), 0.0046960 secs] [Times: user=0.04 sys=0.00, real=0.00 secs] 
161.145: Total time for which application threads were stopped: 0.0048630 seconds, Stopping threads took: 0.0000700 seconds
161.165: Application time: 0.0197150 seconds
161.165: [GC [PSYoungGen: 50365K->6700K(51200K)] 145770K->109942K(167936K), 0.0045860 secs] [Times: user=0.03 sys=0.01, real=0.01 secs] 
161.170: [Full GC [PSYoungGen: 6700K->0K(51200K)] [ParOldGen: 103242K->28643K(116736K)] 109942K->28643K(167936K) [PSPermGen: 6109K->6109K(21504K)], 0.0101200 secs] [Times: user=0.06 sys=0.00, real=0.01 secs] 
161.180: Total time for which application threads were stopped: 0.0149350 seconds, Stopping threads took: 0.0000860 seconds
161.198: Application time: 0.0174030 seconds
161.198: [GC [PSYoungGen: 43475K->2297K(51200K)] 72119K->30941K(167936K), 0.0009480 secs] [Times: user=0.01 sys=0.00, real=0.00 secs] 
161.199: Total time for which application threads were stopped: 0.0011060 seconds, Stopping threads took: 0.0000800 seconds
161.212: Application time: 0.0131500 seconds
161.212: [GC [PSYoungGen: 45778K->2329K(51200K)] 74421K->30973K(167936K), 0.0009430 secs] [Times: user=0.01 sys=0.00, real=0.00 secs] 
161.213: Total time for which application threads were stopped: 0.0011130 seconds, Stopping threads took: 0.0001020 seconds
161.336: Application time: 0.1234810 seconds
161.337: [GC [PSYoungGen: 45853K->6572K(51200K)] 74497K->46616K(167936K), 0.0055040 secs] [Times: user=0.03 sys=0.00, real=0.01 secs] 
161.342: Total time for which application threads were stopped: 0.0056860 seconds, Stopping threads took: 0.0000900 seconds
161.357: Application time: 0.0151790 seconds
161.357: [GC [PSYoungGen: 50050K->6572K(51200K)] 90094K->50179K(167936K), 0.0033460 secs] [Times: user=0.03 sys=0.00, real=0.01 secs] 
161.361: Total time for which application threads were stopped: 0.0035200 seconds, Stopping threads took: 0.0000870 seconds
161.379: Application time: 0.0179820 seconds
161.379: [GC [PSYoungGen: 50056K->6573K(51200K)] 93663K->55167K(167936K), 0.0037660 secs] [Times: user=0.03 sys=0.00, real=0.00 secs] 
161.383: Total time for which application threads were stopped: 0.0039450 seconds, Stopping threads took: 0.0000810 seconds
161.413: Application time: 0.0305860 seconds
161.413: [GC [PSYoungGen: 50096K->6636K(51200K)] 98690K->56655K(167936K), 0.0025000 secs] [Times: user=0.02 sys=0.00, real=0.00 secs] 
161.416: Total time for which application threads were stopped: 0.0026580 seconds, Stopping threads took: 0.0000740 seconds
161.433: Application time: 0.0174560 seconds
161.434: [GC [PSYoungGen: 50112K->6636K(51200K)] 100131K->59506K(167936K), 0.0032260 secs] [Times: user=0.02 sys=0.00, real=0.00 secs] 
161.437: Total time for which application threads were stopped: 0.0033970 seconds, Stopping threads took: 0.0000800 seconds
161.453: Application time: 0.0159530 seconds
161.454: [GC [PSYoungGen: 50052K->6716K(51200K)] 102922K->62436K(167936K), 0.0030930 secs] [Times: user=0.03 sys=0.00, real=0.00 secs] 
161.457: Total time for which application threads were stopped: 0.0039040 seconds, Stopping threads took: 0.0007210 seconds
161.469: Application time: 0.0120310 seconds
161.469: [GC [PSYoungGen: 50331K->6700K(51200K)] 106051K->65270K(167936K), 0.0031140 secs] [Times: user=0.03 sys=0.00, real=0.00 secs] 
161.472: Total time for which application threads were stopped: 0.0034710 seconds, Stopping threads took: 0.0002710 seconds
161.483: Application time: 0.0110390 seconds
161.484: [GC [PSYoungGen: 50182K->6732K(51200K)] 108752K->68864K(167936K), 0.0032030 secs] [Times: user=0.03 sys=0.00, real=0.01 secs] 
161.487: Total time for which application threads were stopped: 0.0041340 seconds, Stopping threads took: 0.0008410 seconds
161.498: Application time: 0.0105610 seconds
161.498: [GC [PSYoungGen: 50217K->6732K(51200K)] 112349K->72427K(167936K), 0.0034170 secs] [Times: user=0.03 sys=0.00, real=0.00 secs] 
161.502: Total time for which application threads were stopped: 0.0035750 seconds, Stopping threads took: 0.0000660 seconds
161.514: Application time: 0.0121990 seconds
161.514: [GC [PSYoungGen: 50217K->6636K(51200K)] 115912K->73044K(167936K), 0.0025050 secs] [Times: user=0.01 sys=0.00, real=0.00 secs] 
161.517: Total time for which application threads were stopped: 0.0032310 seconds, Stopping threads took: 0.0006420 seconds
161.530: Application time: 0.0134490 seconds
161.531: [GC [PSYoungGen: 50115K->6637K(51200K)] 116522K->73757K(167936K), 0.0025910 secs] [Times: user=0.02 sys=0.00, real=0.00 secs] 
161.533: Total time for which application threads were stopped: 0.0027510 seconds, Stopping threads took: 0.0000780 seconds
161.545: Application time: 0.0115150 seconds
161.545: [GC [PSYoungGen: 50120K->6668K(51200K)] 117240K->75213K(167936K), 0.0026690 secs] [Times: user=0.02 sys=0.00, real=0.01 secs] 
161.548: Total time for which application threads were stopped: 0.0028380 seconds, Stopping threads took: 0.0000830 seconds
161.580: Application time: 0.0321550 seconds
161.580: [GC [PSYoungGen: 50167K->6732K(51200K)] 118712K->81690K(167936K), 0.0038270 secs] [Times: user=0.03 sys=0.00, real=0.00 secs] 
161.584: Total time for which application threads were stopped: 0.0040030 seconds, Stopping threads took: 0.0000890 seconds
161.788: Application time: 0.2044700 seconds
161.788: [GC [PSYoungGen: 50220K->6700K(51200K)] 125178K->92345K(167936K), 0.0051740 secs] [Times: user=0.04 sys=0.00, real=0.00 secs] 
161.793: Total time for which application threads were stopped: 0.0053390 seconds, Stopping threads took: 0.0000620 seconds
161.984: Application time: 0.1901090 seconds
161.984: [GC [PSYoungGen: 50180K->6748K(51200K)] 135825K->101656K(167936K), 0.0047460 secs] [Times: user=0.04 sys=0.00, real=0.01 secs] 
161.988: Total time for which application threads were stopped: 0.0049020 seconds, Stopping threads took: 0.0000670 seconds
162.190: Application time: 0.2016940 seconds
162.190: [GC [PSYoungGen: 50251K->6764K(51200K)] 145159K->112400K(167936K), 0.0051810 secs] [Times: user=0.04 sys=0.00, real=0.00 secs] 
162.196: [Full GC [PSYoungGen: 6764K->0K(51200K)] [ParOldGen: 105635K->26997K(116736K)] 112400K->26997K(167936K) [PSPermGen: 6109K->6109K(21504K)], 0.0103590 secs] [Times: user=0.05 sys=0.00, real=0.02 secs] 
162.206: Total time for which application threads were stopped: 0.0157630 seconds, Stopping threads took: 0.0000730 seconds
162.407: Application time: 0.2008400 seconds
162.407: [GC [PSYoungGen: 43486K->7157K(51200K)] 70483K->43425K(167936K), 0.0048790 secs] [Times: user=0.03 sys=0.00, real=0.00 secs] 
162.412: Total time for which application threads were stopped: 0.0050430 seconds, Stopping threads took: 0.0000700 seconds
162.604: Application time: 0.1920630 seconds
162.604: [GC [PSYoungGen: 50670K->6636K(51200K)] 86938K->55017K(167936K), 0.0054370 secs] [Times: user=0.04 sys=0.00, real=0.01 secs] 
162.609: Total time for which application threads were stopped: 0.0055890 seconds, Stopping threads took: 0.0000640 seconds
162.821: Application time: 0.2116590 seconds
162.821: [GC [PSYoungGen: 50116K->6604K(51200K)] 98497K->64248K(167936K), 0.0047380 secs] [Times: user=0.04 sys=0.00, real=0.01 secs] 
162.826: Total time for which application threads were stopped: 0.0048920 seconds, Stopping threads took: 0.0000650 seconds
163.021: Application time: 0.1953520 seconds
163.022: [GC [PSYoungGen: 50084K->6668K(51200K)] 107728K->73575K(167936K), 0.0046970 secs] [Times: user=0.04 sys=0.00, real=0.01 secs] 
163.026: Total time for which application threads were stopped: 0.0048570 seconds, Stopping threads took: 0.0000550 seconds
163.178: Application time: 0.1521960 seconds
163.179: [GC [PSYoungGen: 50175K->6668K(51200K)] 117081K->84262K(167936K), 0.0050770 secs] [Times: user=0.04 sys=0.00, real=0.00 secs] 
163.184: Total time for which application threads were stopped: 0.0052300 seconds, Stopping threads took: 0.0000680 seconds
163.359: Application time: 0.1755440 seconds
163.359: [GC [PSYoungGen: 50158K->6668K(51200K)] 127752K->94238K(167936K), 0.0049160 secs] [Times: user=0.04 sys=0.00, real=0.00 secs] 
163.364: Total time for which application threads were stopped: 0.0050860 seconds, Stopping threads took: 0.0000820 seconds
163.519: Application time: 0.1544790 seconds
163.519: [GC [PSYoungGen: 50167K->6668K(51200K)] 137736K->104926K(167936K), 0.0052090 secs] [Times: user=0.04 sys=0.00, real=0.00 secs] 
163.524: Total time for which application threads were stopped: 0.0053930 seconds, Stopping threads took: 0.0000980 seconds
163.687: Application time: 0.1630160 seconds
163.687: [GC [PSYoungGen: 50168K->6669K(51200K)] 148425K->115615K(167936K), 0.0051170 secs] [Times: user=0.04 sys=0.00, real=0.00 secs] 
163.693: [Full GC [PSYoungGen: 6669K->0K(51200K)] [ParOldGen: 108946K->25573K(116736K)] 115615K->25573K(167936K) [PSPermGen: 6109K->6109K(21504K)], 0.0096830 secs] [Times: user=0.05 sys=0.00, real=0.01 secs] 
163.702: Total time for which application threads were stopped: 0.0150180 seconds, Stopping threads took: 0.0000630 seconds
163.855: Application time: 0.1528770 seconds
163.855: [GC [PSYoungGen: 43482K->7157K(51200K)] 69056K->41282K(167936K), 0.0047100 secs] [Times: user=0.03 sys=0.01, real=0.01 secs] 
163.860: Total time for which application threads were stopped: 0.0048550 seconds, Stopping threads took: 0.0000590 seconds
164.013: Application time: 0.1531780 seconds
164.013: [GC [PSYoungGen: 50640K->7125K(51200K)] 84765K->49801K(167936K), 0.0046960 secs] [Times: user=0.03 sys=0.00, real=0.01 secs] 
164.018: Total time for which application threads were stopped: 0.0048490 seconds, Stopping threads took: 0.0000610 seconds
164.158: Application time: 0.1403030 seconds
164.158: [GC [PSYoungGen: 50626K->7157K(51200K)] 93302K->60554K(167936K), 0.0053590 secs] [Times: user=0.04 sys=0.00, real=0.00 secs] 
164.164: Total time for which application threads were stopped: 0.0055360 seconds, Stopping threads took: 0.0000860 seconds
164.327: Application time: 0.1634520 seconds
164.327: [GC [PSYoungGen: 50658K->6541K(51200K)] 104055K->70626K(167936K), 0.0051580 secs] [Times: user=0.04 sys=0.00, real=0.00 secs] 
164.333: Total time for which application threads were stopped: 0.0053170 seconds, Stopping threads took: 0.0000590 seconds
164.478: Application time: 0.1449010 seconds
164.478: [GC [PSYoungGen: 50024K->6573K(51200K)] 114110K->79922K(167936K), 0.0047460 secs] [Times: user=0.03 sys=0.00, real=0.01 secs] 
164.482: Total time for which application threads were stopped: 0.0049250 seconds, Stopping threads took: 0.0000850 seconds
164.600: Application time: 0.1179680 seconds
164.601: [GC [PSYoungGen: 50117K->6701K(51200K)] 123465K->90026K(167936K), 0.0050820 secs] [Times: user=0.03 sys=0.00, real=0.01 secs] 
164.606: Total time for which application threads were stopped: 0.0059600 seconds, Stopping threads took: 0.0007860 seconds
164.620: Application time: 0.0141010 seconds
164.621: [GC [PSYoungGen: 50181K->6637K(51200K)] 133506K->95662K(167936K), 0.0039710 secs] [Times: user=0.03 sys=0.00, real=0.00 secs] 
164.625: Total time for which application threads were stopped: 0.0041560 seconds, Stopping threads took: 0.0000940 seconds
164.644: Application time: 0.0192400 seconds
164.644: [GC [PSYoungGen: 50126K->6669K(51200K)] 139151K->97832K(167936K), 0.0029690 secs] [Times: user=0.02 sys=0.00, real=0.01 secs] 
164.647: Total time for which application threads were stopped: 0.0031380 seconds, Stopping threads took: 0.0000860 seconds
164.692: Application time: 0.0445420 seconds
164.692: [GC [PSYoungGen: 50157K->6701K(51200K)] 141320K->102852K(167936K), 0.0035330 secs] [Times: user=0.02 sys=0.00, real=0.00 secs] 
164.695: Total time for which application threads were stopped: 0.0037000 seconds, Stopping threads took: 0.0000820 seconds
164.838: Application time: 0.1430260 seconds
164.838: [GC [PSYoungGen: 50183K->6669K(51200K)] 146334K->112083K(167936K), 0.0048020 secs] [Times: user=0.03 sys=0.00, real=0.00 secs] 
164.843: [Full GC [PSYoungGen: 6669K->0K(51200K)] [ParOldGen: 105414K->30590K(116736K)] 112083K->30590K(167936K) [PSPermGen: 6109K->6109K(21504K)], 0.0097010 secs] [Times: user=0.05 sys=0.00, real=0.01 secs] 
164.853: Total time for which application threads were stopped: 0.0147340 seconds, Stopping threads took: 0.0000790 seconds
164.950: Application time: 0.0971880 seconds
164.950: [GC [PSYoungGen: 43515K->7157K(51200K)] 74105K->47010K(167936K), 0.0050670 secs] [Times: user=0.04 sys=0.00, real=0.00 secs] 
164.955: Total time for which application threads were stopped: 0.0052260 seconds, Stopping threads took: 0.0000720 seconds
164.971: Application time: 0.0156830 seconds
164.971: [GC [PSYoungGen: 50644K->7157K(51200K)] 90497K->49909K(167936K), 0.0032280 secs] [Times: user=0.03 sys=0.00, real=0.00 secs] 
164.975: Total time for which application threads were stopped: 0.0034000 seconds, Stopping threads took: 0.0000830 seconds
164.991: Application time: 0.0162780 seconds
164.991: [GC [PSYoungGen: 50639K->7157K(51200K)] 93391K->52071K(167936K), 0.0031720 secs] [Times: user=0.02 sys=0.00, real=0.00 secs] 
164.994: Total time for which application threads were stopped: 0.0033400 seconds, Stopping threads took: 0.0000760 seconds
165.066: Application time: 0.0717010 seconds
165.066: [GC [PSYoungGen: 50650K->7157K(51200K)] 95563K->60645K(167936K), 0.0047610 secs] [Times: user=0.04 sys=0.00, real=0.00 secs] 
165.071: Total time for which application threads were stopped: 0.0049240 seconds, Stopping threads took: 0.0000750 seconds
165.124: Application time: 0.0528480 seconds
165.124: [GC [PSYoungGen: 50673K->7157K(51200K)] 104161K->68523K(167936K), 0.0046720 secs] [Times: user=0.04 sys=0.00, real=0.01 secs] 
165.128: Total time for which application threads were stopped: 0.0048480 seconds, Stopping threads took: 0.0000850 seconds
165.145: Application time: 0.0166660 seconds
165.145: [GC [PSYoungGen: 50632K->6509K(51200K)] 111998K->69299K(167936K), 0.0027470 secs] [Times: user=0.02 sys=0.00, real=0.01 secs] 
165.148: Total time for which application threads were stopped: 0.0029510 seconds, Stopping threads took: 0.0001200 seconds
165.161: Application time: 0.0125410 seconds
165.161: [GC [PSYoungGen: 49995K->7157K(51200K)] 112786K->74239K(167936K), 0.0037870 secs] [Times: user=0.03 sys=0.00, real=0.00 secs] 
165.165: Total time for which application threads were stopped: 0.0039670 seconds, Stopping threads took: 0.0000890 seconds
165.275: Application time: 0.1104180 seconds
165.275: [GC [PSYoungGen: 50679K->6636K(51200K)] 117761K->84406K(167936K), 0.0051930 secs] [Times: user=0.04 sys=0.00, real=0.01 secs] 
165.280: Total time for which application threads were stopped: 0.0053620 seconds, Stopping threads took: 0.0000820 seconds
165.297: Application time: 0.0170610 seconds
165.298: [GC [PSYoungGen: 50084K->6572K(51200K)] 127854K->85767K(167936K), 0.0026460 secs] [Times: user=0.02 sys=0.00, real=0.01 secs] 
165.300: Total time for which application threads were stopped: 0.0028100 seconds, Stopping threads took: 0.0000790 seconds
165.313: Application time: 0.0122950 seconds
165.313: [GC [PSYoungGen: 50109K->6604K(51200K)] 129304K->88650K(167936K), 0.0031710 secs] [Times: user=0.03 sys=0.00, real=0.00 secs] 
165.316: Total time for which application threads were stopped: 0.0033660 seconds, Stopping threads took: 0.0001060 seconds
165.328: Application time: 0.0118220 seconds
165.329: [GC [PSYoungGen: 50087K->6572K(51200K)] 132133K->92180K(167936K), 0.0033500 secs] [Times: user=0.03 sys=0.00, real=0.00 secs] 
165.332: Total time for which application threads were stopped: 0.0042250 seconds, Stopping threads took: 0.0007870 seconds
165.342: Application time: 0.0098630 seconds
165.343: [GC [PSYoungGen: 50065K->6636K(51200K)] 135673K->96519K(167936K), 0.0035630 secs] [Times: user=0.02 sys=0.00, real=0.01 secs] 
165.346: Total time for which application threads were stopped: 0.0045760 seconds, Stopping threads took: 0.0009160 seconds
165.361: Application time: 0.0145630 seconds
165.361: [GC [PSYoungGen: 50117K->6604K(51200K)] 140000K->97913K(167936K), 0.0028340 secs] [Times: user=0.02 sys=0.00, real=0.00 secs] 
165.364: Total time for which application threads were stopped: 0.0031020 seconds, Stopping threads took: 0.0001760 seconds
165.393: Application time: 0.0285860 seconds
165.393: [GC [PSYoungGen: 50098K->6636K(51200K)] 141406K->100082K(167936K), 0.0027710 secs] [Times: user=0.02 sys=0.00, real=0.00 secs] 
165.396: Total time for which application threads were stopped: 0.0029260 seconds, Stopping threads took: 0.0000720 seconds
165.563: Application time: 0.1676140 seconds
165.563: [GC [PSYoungGen: 50150K->6700K(51200K)] 143596K->110121K(167936K), 0.0048710 secs] [Times: user=0.03 sys=0.00, real=0.01 secs] 
165.568: [Full GC [PSYoungGen: 6700K->0K(51200K)] [ParOldGen: 103420K->26285K(116736K)] 110121K->26285K(167936K) [PSPermGen: 6109K->6109K(21504K)], 0.0118650 secs] [Times: user=0.06 sys=0.00, real=0.01 secs] 
165.580: Total time for which application threads were stopped: 0.0169340 seconds, Stopping threads took: 0.0000640 seconds
165.598: Application time: 0.0176930 seconds
165.598: [GC [PSYoungGen: 43681K->4499K(51200K)] 69967K->30784K(167936K), 0.0015260 secs] [Times: user=0.01 sys=0.00, real=0.00 secs] 
165.600: Total time for which application threads were stopped: 0.0016700 seconds, Stopping threads took: 0.0000760 seconds
165.614: Application time: 0.0145730 seconds
165.615: [GC [PSYoungGen: 47844K->6572K(51200K)] 74130K->35708K(167936K), 0.0030400 secs] [Times: user=0.02 sys=0.00, real=0.01 secs] 
165.618: Total time for which application threads were stopped: 0.0040210 seconds, Stopping threads took: 0.0008920 seconds
165.630: Application time: 0.0115930 seconds
165.630: [GC [PSYoungGen: 50047K->6604K(51200K)] 79183K->39303K(167936K), 0.0032630 secs] [Times: user=0.02 sys=0.00, real=0.00 secs] 
165.633: Total time for which application threads were stopped: 0.0034710 seconds, Stopping threads took: 0.0001160 seconds
165.644: Application time: 0.0106110 seconds
165.645: [GC [PSYoungGen: 50096K->6588K(51200K)] 82795K->44987K(167936K), 0.0038490 secs] [Times: user=0.03 sys=0.00, real=0.01 secs] 
165.649: Total time for which application threads were stopped: 0.0049510 seconds, Stopping threads took: 0.0010110 seconds
165.659: Application time: 0.0105700 seconds
165.660: [GC [PSYoungGen: 50073K->6668K(51200K)] 88472K->46492K(167936K), 0.0026530 secs] [Times: user=0.02 sys=0.00, real=0.00 secs] 
165.662: Total time for which application threads were stopped: 0.0030550 seconds, Stopping threads took: 0.0003130 seconds
165.676: Application time: 0.0132710 seconds
165.676: [GC [PSYoungGen: 50153K->6636K(51200K)] 89977K->47885K(167936K), 0.0027440 secs] [Times: user=0.02 sys=0.00, real=0.01 secs] 
165.679: Total time for which application threads were stopped: 0.0028970 seconds, Stopping threads took: 0.0000680 seconds
165.692: Application time: 0.0135630 seconds
165.692: [GC [PSYoungGen: 50112K->6604K(51200K)] 91361K->49991K(167936K), 0.0029140 secs] [Times: user=0.02 sys=0.00, real=0.00 secs] 
165.695: Total time for which application threads were stopped: 0.0030860 seconds, Stopping threads took: 0.0000900 seconds
165.705: Application time: 0.0101600 seconds
165.706: [GC [PSYoungGen: 50097K->6668K(51200K)] 93484K->52906K(167936K), 0.0031610 secs] [Times: user=0.02 sys=0.00, real=0.01 secs] 
165.709: Total time for which application threads were stopped: 0.0033260 seconds, Stopping threads took: 0.0000740 seconds
165.740: Application time: 0.0317380 seconds
165.741: [GC [PSYoungGen: 50171K->6668K(51200K)] 96408K->58605K(167936K), 0.0037140 secs] [Times: user=0.03 sys=0.00, real=0.00 secs] 
165.744: Total time for which application threads were stopped: 0.0038700 seconds, Stopping threads took: 0.0000660 seconds
165.949: Application time: 0.2049080 seconds
165.949: [GC [PSYoungGen: 50154K->6668K(51200K)] 102091K->67868K(167936K), 0.0047430 secs] [Times: user=0.04 sys=0.00, real=0.00 secs] 
165.954: Total time for which application threads were stopped: 0.0049280 seconds, Stopping threads took: 0.0000880 seconds
166.137: Application time: 0.1828400 seconds
166.137: [GC [PSYoungGen: 50148K->6652K(51200K)] 111348K->78540K(167936K), 0.0051790 secs] [Times: user=0.04 sys=0.00, real=0.01 secs] 
166.142: Total time for which application threads were stopped: 0.0053330 seconds, Stopping threads took: 0.0000630 seconds
166.358: Application time: 0.2161070 seconds
166.359: [GC [PSYoungGen: 50146K->6732K(51200K)] 122034K->88595K(167936K), 0.0049380 secs] [Times: user=0.03 sys=0.01, real=0.00 secs] 
166.364: Total time for which application threads were stopped: 0.0050780 seconds, Stopping threads took: 0.0000550 seconds
166.548: Application time: 0.1841210 seconds
166.548: [GC [PSYoungGen: 50220K->6732K(51200K)] 132083K->98570K(167936K), 0.0049350 secs] [Times: user=0.04 sys=0.00, real=0.00 secs] 
166.553: Total time for which application threads were stopped: 0.0051050 seconds, Stopping threads took: 0.0000700 seconds
166.764: Application time: 0.2109440 seconds
166.764: [GC [PSYoungGen: 50241K->6700K(51200K)] 142079K->108513K(167936K), 0.0048860 secs] [Times: user=0.03 sys=0.00, real=0.01 secs] 
166.769: [Full GC [PSYoungGen: 6700K->0K(51200K)] [ParOldGen: 101813K->27710K(116736K)] 108513K->27710K(167936K) [PSPermGen: 6109K->6109K(21504K)], 0.0103270 secs] [Times: user=0.06 sys=0.00, real=0.01 secs] 
166.779: Total time for which application threads were stopped: 0.0154150 seconds, Stopping threads took: 0.0000600 seconds
166.956: Application time: 0.1769170 seconds
166.956: [GC [PSYoungGen: 43488K->7157K(51200K)] 71199K->43442K(167936K), 0.0046960 secs] [Times: user=0.03 sys=0.00, real=0.01 secs] 
166.961: Total time for which application threads were stopped: 0.0048520 seconds, Stopping threads took: 0.0000690 seconds
167.155: Application time: 0.1940020 seconds
167.155: [GC [PSYoungGen: 50645K->6508K(51200K)] 86931K->52056K(167936K), 0.0047030 secs] [Times: user=0.03 sys=0.01, real=0.01 secs] 
167.160: Total time for which application threads were stopped: 0.0048550 seconds, Stopping threads took: 0.0000570 seconds
167.332: Application time: 0.1726590 seconds
167.333: [GC [PSYoungGen: 49997K->6540K(51200K)] 95545K->61351K(167936K), 0.0046280 secs] [Times: user=0.04 sys=0.00, real=0.00 secs] 
167.337: Total time for which application threads were stopped: 0.0047860 seconds, Stopping threads took: 0.0000700 seconds
167.501: Application time: 0.1636310 seconds
167.501: [GC [PSYoungGen: 50030K->6572K(51200K)] 104841K->71359K(167936K), 0.0049010 secs] [Times: user=0.03 sys=0.00, real=0.01 secs] 
167.506: Total time for which application threads were stopped: 0.0050570 seconds, Stopping threads took: 0.0000610 seconds
167.660: Application time: 0.1538330 seconds
167.660: [GC [PSYoungGen: 50054K->6604K(51200K)] 114841K->81367K(167936K), 0.0049250 secs] [Times: user=0.04 sys=0.00, real=0.00 secs] 
167.665: Total time for which application threads were stopped: 0.0050980 seconds, Stopping threads took: 0.0000730 seconds
167.818: Application time: 0.1529470 seconds
167.818: [GC [PSYoungGen: 50130K->6669K(51200K)] 124892K->92832K(167936K), 0.0053900 secs] [Times: user=0.04 sys=0.00, real=0.00 secs] 
167.823: Total time for which application threads were stopped: 0.0055450 seconds, Stopping threads took: 0.0000690 seconds
167.973: Application time: 0.1495530 seconds
167.973: [GC [PSYoungGen: 50151K->6669K(51200K)] 136314K->102095K(167936K), 0.0048030 secs] [Times: user=0.04 sys=0.00, real=0.01 secs] 
167.978: Total time for which application threads were stopped: 0.0049560 seconds, Stopping threads took: 0.0000670 seconds
168.129: Application time: 0.1512820 seconds
168.129: [GC [PSYoungGen: 50160K->6669K(51200K)] 145587K->112784K(167936K), 0.0051760 secs] [Times: user=0.04 sys=0.00, real=0.00 secs] 
168.134: [Full GC [PSYoungGen: 6669K->0K(51200K)] [ParOldGen: 106115K->27712K(116736K)] 112784K->27712K(167936K) [PSPermGen: 6109K->6109K(21504K)], 0.0103380 secs] [Times: user=0.05 sys=0.00, real=0.01 secs] 
168.145: Total time for which application threads were stopped: 0.0157150 seconds, Stopping threads took: 0.0000600 seconds
168.304: Application time: 0.1595090 seconds
168.305: [GC [PSYoungGen: 43487K->6477K(51200K)] 71200K->42028K(167936K), 0.0043310 secs] [Times: user=0.03 sys=0.00, real=0.01 secs] 
168.309: Total time for which application threads were stopped: 0.0045160 seconds, Stopping threads took: 0.0000870 seconds
168.466: Application time: 0.1567290 seconds
168.466: [GC [PSYoungGen: 49973K->6573K(51200K)] 85524K->51387K(167936K), 0.0047800 secs] [Times: user=0.04 sys=0.00, real=0.00 secs] 
168.471: Total time for which application threads were stopped: 0.0049330 seconds, Stopping threads took: 0.0000630 seconds
168.621: Application time: 0.1506940 seconds
168.621: [GC [PSYoungGen: 50056K->6573K(51200K)] 94870K->60651K(167936K), 0.0047690 secs] [Times: user=0.04 sys=0.00, real=0.01 secs] 
168.626: Total time for which application threads were stopped: 0.0049250 seconds, Stopping threads took: 0.0000670 seconds
168.734: Application time: 0.1078070 seconds
168.734: [GC [PSYoungGen: 50106K->6669K(51200K)] 104184K->71435K(167936K), 0.0053330 secs] [Times: user=0.04 sys=0.00, real=0.01 secs] 
168.740: Total time for which application threads were stopped: 0.0055320 seconds, Stopping threads took: 0.0001040 seconds
168.759: Application time: 0.0194020 seconds
168.759: [GC [PSYoungGen: 50153K->6637K(51200K)] 114919K->72828K(167936K), 0.0026560 secs] [Times: user=0.02 sys=0.00, real=0.00 secs] 
168.762: Total time for which application threads were stopped: 0.0028270 seconds, Stopping threads took: 0.0000810 seconds
168.779: Application time: 0.0168350 seconds
168.779: [GC [PSYoungGen: 50121K->6669K(51200K)] 116312K->76424K(167936K), 0.0033130 secs] [Times: user=0.02 sys=0.00, real=0.00 secs] 
168.782: Total time for which application threads were stopped: 0.0034760 seconds, Stopping threads took: 0.0000760 seconds
168.834: Application time: 0.0518450 seconds
168.834: [GC [PSYoungGen: 50065K->6685K(51200K)] 119820K->81427K(167936K), 0.0035370 secs] [Times: user=0.02 sys=0.00, real=0.00 secs] 
168.838: Total time for which application threads were stopped: 0.0037140 seconds, Stopping threads took: 0.0000760 seconds
168.860: Application time: 0.0221910 seconds
168.860: [GC [PSYoungGen: 50289K->6637K(51200K)] 125032K->84230K(167936K), 0.0031860 secs] [Times: user=0.02 sys=0.00, real=0.00 secs] 
168.863: Total time for which application threads were stopped: 0.0033560 seconds, Stopping threads took: 0.0000840 seconds
168.877: Application time: 0.0142950 seconds
168.878: [GC [PSYoungGen: 50123K->6669K(51200K)] 127716K->91387K(167936K), 0.0043360 secs] [Times: user=0.01 sys=0.02, real=0.01 secs] 
168.882: Total time for which application threads were stopped: 0.0045040 seconds, Stopping threads took: 0.0000790 seconds
168.895: Application time: 0.0130530 seconds
168.895: [GC [PSYoungGen: 50152K->6637K(51200K)] 134870K->94205K(167936K), 0.0032170 secs] [Times: user=0.02 sys=0.00, real=0.01 secs] 
168.898: Total time for which application threads were stopped: 0.0033810 seconds, Stopping threads took: 0.0000800 seconds
169.033: Application time: 0.1345200 seconds
169.033: [GC [PSYoungGen: 50160K->6732K(51200K)] 137729K->104990K(167936K), 0.0052030 secs] [Times: user=0.04 sys=0.00, real=0.01 secs] 
169.038: Total time for which application threads were stopped: 0.0053590 seconds, Stopping threads took: 0.0000680 seconds
169.054: Application time: 0.0152530 seconds
169.054: [GC [PSYoungGen: 50213K->6716K(51200K)] 148470K->111386K(167936K), 0.0041940 secs] [Times: user=0.03 sys=0.01, real=0.01 secs] 
169.058: [Full GC [PSYoungGen: 6716K->0K(51200K)] [ParOldGen: 104670K->29137K(116736K)] 111386K->29137K(167936K) [PSPermGen: 6109K->6109K(21504K)], 0.0102850 secs] [Times: user=0.05 sys=0.00, real=0.01 secs] 
169.068: Total time for which application threads were stopped: 0.0147230 seconds, Stopping threads took: 0.0000920 seconds
169.086: Application time: 0.0179830 seconds
169.086: [GC [PSYoungGen: 43478K->3658K(51200K)] 72615K->32796K(167936K), 0.0014300 secs] [Times: user=0.01 sys=0.00, real=0.00 secs] 
169.088: Total time for which application threads were stopped: 0.0016090 seconds, Stopping threads took: 0.0001070 seconds
169.102: Application time: 0.0141300 seconds
169.102: [GC [PSYoungGen: 47140K->6573K(51200K)] 76278K->36422K(167936K), 0.0030550 secs] [Times: user=0.01 sys=0.00, real=0.00 secs] 
169.105: Total time for which application threads were stopped: 0.0033250 seconds, Stopping threads took: 0.0001670 seconds
169.260: Application time: 0.1546690 seconds
169.260: [GC [PSYoungGen: 50062K->7157K(51200K)] 79912K->46270K(167936K), 0.0049610 secs] [Times: user=0.03 sys=0.00, real=0.00 secs] 
169.265: Total time for which application threads were stopped: 0.0051140 seconds, Stopping threads took: 0.0000640 seconds
169.339: Application time: 0.0741790 seconds
169.339: [GC [PSYoungGen: 50672K->6508K(51200K)] 89784K->55596K(167936K), 0.0050150 secs] [Times: user=0.04 sys=0.00, real=0.00 secs] 
169.345: Total time for which application threads were stopped: 0.0052100 seconds, Stopping threads took: 0.0000910 seconds
169.360: Application time: 0.0155990 seconds
169.360: [GC [PSYoungGen: 49993K->6572K(51200K)] 99081K->57798K(167936K), 0.0030550 secs] [Times: user=0.02 sys=0.00, real=0.00 secs] 
169.363: Total time for which application threads were stopped: 0.0032180 seconds, Stopping threads took: 0.0000740 seconds
169.379: Application time: 0.0161400 seconds
169.380: [GC [PSYoungGen: 50054K->6605K(51200K)] 101280K->57830K(167936K), 0.0023450 secs] [Times: user=0.01 sys=0.00, real=0.00 secs] 
169.382: Total time for which application threads were stopped: 0.0025110 seconds, Stopping threads took: 0.0000860 seconds
169.417: Application time: 0.0349690 seconds
169.417: [GC [PSYoungGen: 50124K->6604K(51200K)] 101350K->64955K(167936K), 0.0043380 secs] [Times: user=0.03 sys=0.00, real=0.01 secs] 
169.421: Total time for which application threads were stopped: 0.0045190 seconds, Stopping threads took: 0.0000840 seconds
169.442: Application time: 0.0201690 seconds
169.442: [GC [PSYoungGen: 50082K->6572K(51200K)] 108433K->66348K(167936K), 0.0027650 secs] [Times: user=0.02 sys=0.00, real=0.00 secs] 
169.445: Total time for which application threads were stopped: 0.0029440 seconds, Stopping threads took: 0.0000970 seconds
169.463: Application time: 0.0184260 seconds
169.463: [GC [PSYoungGen: 50061K->6604K(51200K)] 109837K->68518K(167936K), 0.0029950 secs] [Times: user=0.02 sys=0.00, real=0.01 secs] 
169.466: Total time for which application threads were stopped: 0.0031800 seconds, Stopping threads took: 0.0000950 seconds
169.519: Application time: 0.0524720 seconds
169.519: [GC [PSYoungGen: 50097K->6668K(51200K)] 112011K->77845K(167936K), 0.0047410 secs] [Times: user=0.04 sys=0.00, real=0.00 secs] 
169.524: Total time for which application threads were stopped: 0.0048940 seconds, Stopping threads took: 0.0000670 seconds
169.680: Application time: 0.1569030 seconds
169.681: [GC [PSYoungGen: 50183K->6668K(51200K)] 121360K->87820K(167936K), 0.0050370 secs] [Times: user=0.03 sys=0.00, real=0.00 secs] 
169.686: Total time for which application threads were stopped: 0.0052020 seconds, Stopping threads took: 0.0000680 seconds
169.702: Application time: 0.0165730 seconds
169.702: [GC [PSYoungGen: 50144K->6668K(51200K)] 131296K->89958K(167936K), 0.0030230 secs] [Times: user=0.02 sys=0.00, real=0.00 secs] 
169.705: Total time for which application threads were stopped: 0.0031900 seconds, Stopping threads took: 0.0000760 seconds
169.723: Application time: 0.0178020 seconds
169.723: [GC [PSYoungGen: 50152K->6620K(51200K)] 133441K->94185K(167936K), 0.0035120 secs] [Times: user=0.03 sys=0.00, real=0.01 secs] 
169.727: Total time for which application threads were stopped: 0.0036850 seconds, Stopping threads took: 0.0000860 seconds
169.740: Application time: 0.0133280 seconds
169.740: [GC [PSYoungGen: 50648K->6684K(51200K)] 138212K->96386K(167936K), 0.0028110 secs] [Times: user=0.02 sys=0.00, real=0.00 secs] 
169.743: Total time for which application threads were stopped: 0.0029800 seconds, Stopping threads took: 0.0000820 seconds
169.767: Application time: 0.0242470 seconds
169.768: [GC [PSYoungGen: 50371K->6668K(51200K)] 140073K->100645K(167936K), 0.0036100 secs] [Times: user=0.03 sys=0.00, real=0.00 secs] 
169.771: Total time for which application threads were stopped: 0.0037950 seconds, Stopping threads took: 0.0000950 seconds
169.790: Application time: 0.0185670 seconds
169.790: [GC [PSYoungGen: 50147K->6684K(51200K)] 144125K->102087K(167936K), 0.0028310 secs] [Times: user=0.02 sys=0.00, real=0.00 secs] 
169.793: Total time for which application threads were stopped: 0.0030000 seconds, Stopping threads took: 0.0000820 seconds
169.813: Application time: 0.0203290 seconds
169.813: [GC [PSYoungGen: 50687K->6796K(51200K)] 146089K->102911K(167936K), 0.0023680 secs] [Times: user=0.02 sys=0.00, real=0.00 secs] 
169.816: Total time for which application threads were stopped: 0.0025180 seconds, Stopping threads took: 0.0000640 seconds
169.839: Application time: 0.0237250 seconds
169.840: [GC [PSYoungGen: 50521K->6796K(51200K)] 146635K->111469K(167936K), 0.0047630 secs] [Times: user=0.04 sys=0.00, real=0.00 secs] 
169.844: [Full GC [PSYoungGen: 6796K->0K(51200K)] [ParOldGen: 104672K->24861K(116736K)] 111469K->24861K(167936K) [PSPermGen: 6109K->6109K(21504K)], 0.0095080 secs] [Times: user=0.04 sys=0.01, real=0.01 secs] 
169.854: Total time for which application threads were stopped: 0.0145150 seconds, Stopping threads took: 0.0000950 seconds
169.872: Application time: 0.0181000 seconds
169.872: [GC [PSYoungGen: 43476K->1617K(51200K)] 68337K->26478K(167936K), 0.0007450 secs] [Times: user=0.00 sys=0.00, real=0.00 secs] 
169.873: Total time for which application threads were stopped: 0.0008950 seconds, Stopping threads took: 0.0000860 seconds
169.885: Application time: 0.0123350 seconds
169.885: [GC [PSYoungGen: 45099K->4435K(51200K)] 69960K->29296K(167936K), 0.0016230 secs] [Times: user=0.01 sys=0.00, real=0.01 secs] 
169.887: Total time for which application threads were stopped: 0.0018050 seconds, Stopping threads took: 0.0001060 seconds
170.077: Application time: 0.1902520 seconds
170.077: [GC [PSYoungGen: 47932K->6508K(51200K)] 72793K->42770K(167936K), 0.0052540 secs] [Times: user=0.04 sys=0.00, real=0.01 secs] 
170.083: Total time for which application threads were stopped: 0.0054010 seconds, Stopping threads took: 0.0000570 seconds
170.286: Application time: 0.2029680 seconds
170.286: [GC [PSYoungGen: 49996K->6572K(51200K)] 86258K->52809K(167936K), 0.0048780 secs] [Times: user=0.04 sys=0.00, real=0.00 secs] 
170.291: Total time for which application threads were stopped: 0.0050450 seconds, Stopping threads took: 0.0000670 seconds
170.497: Application time: 0.2061220 seconds
170.497: [GC [PSYoungGen: 50058K->6604K(51200K)] 96295K->62104K(167936K), 0.0046780 secs] [Times: user=0.03 sys=0.00, real=0.01 secs] 
170.502: Total time for which application threads were stopped: 0.0048360 seconds, Stopping threads took: 0.0000590 seconds
170.701: Application time: 0.1992440 seconds
170.701: [GC [PSYoungGen: 50092K->6604K(51200K)] 105592K->72791K(167936K), 0.0051620 secs] [Times: user=0.04 sys=0.01, real=0.01 secs] 
170.706: Total time for which application threads were stopped: 0.0053350 seconds, Stopping threads took: 0.0000820 seconds
170.897: Application time: 0.1910970 seconds
170.898: [GC [PSYoungGen: 50124K->6668K(51200K)] 116311K->83543K(167936K), 0.0050960 secs] [Times: user=0.04 sys=0.00, real=0.01 secs] 
170.903: Total time for which application threads were stopped: 0.0052870 seconds, Stopping threads took: 0.0001020 seconds
171.091: Application time: 0.1885110 seconds
171.091: [GC [PSYoungGen: 50157K->6604K(51200K)] 127031K->91317K(167936K), 0.0043560 secs] [Times: user=0.03 sys=0.00, real=0.00 secs] 
171.096: Total time for which application threads were stopped: 0.0045460 seconds, Stopping threads took: 0.0000900 seconds
171.282: Application time: 0.1857570 seconds
171.282: [GC [PSYoungGen: 50084K->6668K(51200K)] 134797K->101356K(167936K), 0.0049500 secs] [Times: user=0.04 sys=0.00, real=0.01 secs] 
171.287: Total time for which application threads were stopped: 0.0051100 seconds, Stopping threads took: 0.0000680 seconds
171.455: Application time: 0.1679190 seconds
171.455: [GC [PSYoungGen: 50157K->6668K(51200K)] 144846K->110619K(167936K), 0.0046440 secs] [Times: user=0.04 sys=0.00, real=0.01 secs] 
171.459: [Full GC [PSYoungGen: 6668K->0K(51200K)] [ParOldGen: 103951K->26999K(116736K)] 110619K->26999K(167936K) [PSPermGen: 6109K->6109K(21504K)], 0.0100820 secs] [Times: user=0.05 sys=0.00, real=0.01 secs] 
171.469: Total time for which application threads were stopped: 0.0149410 seconds, Stopping threads took: 0.0000700 seconds
171.648: Application time: 0.1780520 seconds
171.648: [GC [PSYoungGen: 43490K->7157K(51200K)] 70489K->43436K(167936K), 0.0049250 secs] [Times: user=0.04 sys=0.00, real=0.00 secs] 
171.653: Total time for which application threads were stopped: 0.0051120 seconds, Stopping threads took: 0.0000880 seconds
171.837: Application time: 0.1847550 seconds
171.838: [GC [PSYoungGen: 50647K->6477K(51200K)] 86926K->52731K(167936K), 0.0048930 secs] [Times: user=0.03 sys=0.00, real=0.01 secs] 
171.842: Total time for which application threads were stopped: 0.0050480 seconds, Stopping threads took: 0.0000650 seconds
171.989: Application time: 0.1465570 seconds
171.989: [GC [PSYoungGen: 49994K->6669K(51200K)] 96248K->64324K(167936K), 0.0052980 secs] [Times: user=0.04 sys=0.00, real=0.00 secs] 
171.994: Total time for which application threads were stopped: 0.0054520 seconds, Stopping threads took: 0.0000620 seconds
172.153: Application time: 0.1581260 seconds
172.153: [GC [PSYoungGen: 50160K->6637K(51200K)] 107815K->74268K(167936K), 0.0048810 secs] [Times: user=0.04 sys=0.00, real=0.00 secs] 
172.158: Total time for which application threads were stopped: 0.0050550 seconds, Stopping threads took: 0.0000670 seconds
172.289: Application time: 0.1308440 seconds
172.289: [GC [PSYoungGen: 50120K->6637K(51200K)] 117751K->83532K(167936K), 0.0047380 secs] [Times: user=0.03 sys=0.00, real=0.00 secs] 
172.293: Total time for which application threads were stopped: 0.0049210 seconds, Stopping threads took: 0.0000960 seconds
172.455: Application time: 0.1611730 seconds
172.455: [GC [PSYoungGen: 50137K->6669K(51200K)] 127032K->94965K(167936K), 0.0053690 secs] [Times: user=0.04 sys=0.00, real=0.01 secs] 
172.460: Total time for which application threads were stopped: 0.0055310 seconds, Stopping threads took: 0.0000700 seconds
172.627: Application time: 0.1668250 seconds
172.627: [GC [PSYoungGen: 50151K->6669K(51200K)] 138448K->104228K(167936K), 0.0047670 secs] [Times: user=0.04 sys=0.00, real=0.00 secs] 
172.632: Total time for which application threads were stopped: 0.0049310 seconds, Stopping threads took: 0.0000680 seconds
172.790: Application time: 0.1582970 seconds
172.790: [GC [PSYoungGen: 50160K->6669K(51200K)] 147720K->112067K(167936K), 0.0043750 secs] [Times: user=0.03 sys=0.00, real=0.00 secs] 
172.795: [Full GC [PSYoungGen: 6669K->0K(51200K)] [ParOldGen: 105397K->27000K(116736K)] 112067K->27000K(167936K) [PSPermGen: 6109K->6109K(21504K)], 0.0098710 secs] [Times: user=0.05 sys=0.00, real=0.01 secs] 
172.805: Total time for which application threads were stopped: 0.0145250 seconds, Stopping threads took: 0.0001290 seconds
172.913: Application time: 0.1079890 seconds
172.913: [GC [PSYoungGen: 43525K->6541K(51200K)] 70525K->42092K(167936K), 0.0046080 secs] [Times: user=0.04 sys=0.00, real=0.00 secs] 
172.918: Total time for which application threads were stopped: 0.0047880 seconds, Stopping threads took: 0.0000890 seconds
172.934: Application time: 0.0162650 seconds
172.934: [GC [PSYoungGen: 50016K->6605K(51200K)] 85568K->44294K(167936K), 0.0029240 secs] [Times: user=0.02 sys=0.00, real=0.00 secs] 
172.937: Total time for which application threads were stopped: 0.0031090 seconds, Stopping threads took: 0.0000950 seconds
172.956: Application time: 0.0194550 seconds
172.956: [GC [PSYoungGen: 50093K->6605K(51200K)] 87782K->46432K(167936K), 0.0029630 secs] [Times: user=0.03 sys=0.00, real=0.01 secs] 
172.959: Total time for which application threads were stopped: 0.0031280 seconds, Stopping threads took: 0.0000750 seconds
172.980: Application time: 0.0207990 seconds
172.980: [GC [PSYoungGen: 50123K->6636K(51200K)] 89950K->50739K(167936K), 0.0033870 secs] [Times: user=0.03 sys=0.00, real=0.00 secs] 
172.984: Total time for which application threads were stopped: 0.0035460 seconds, Stopping threads took: 0.0000710 seconds
173.002: Application time: 0.0185680 seconds
173.003: [GC [PSYoungGen: 50112K->6636K(51200K)] 94214K->52876K(167936K), 0.0029440 secs] [Times: user=0.02 sys=0.00, real=0.00 secs] 
173.006: Total time for which application threads were stopped: 0.0031270 seconds, Stopping threads took: 0.0000910 seconds
173.031: Application time: 0.0259010 seconds
173.032: [GC [PSYoungGen: 50127K->6637K(51200K)] 96366K->55727K(167936K), 0.0031510 secs] [Times: user=0.02 sys=0.00, real=0.00 secs] 
173.035: Total time for which application threads were stopped: 0.0033180 seconds, Stopping threads took: 0.0000800 seconds
173.052: Application time: 0.0173440 seconds
173.052: [GC [PSYoungGen: 50128K->6605K(51200K)] 99219K->57832K(167936K), 0.0027760 secs] [Times: user=0.02 sys=0.00, real=0.00 secs] 
173.055: Total time for which application threads were stopped: 0.0029330 seconds, Stopping threads took: 0.0000730 seconds
173.084: Application time: 0.0290850 seconds
173.084: [GC [PSYoungGen: 50120K->6700K(51200K)] 101347K->65054K(167936K), 0.0043370 secs] [Times: user=0.03 sys=0.00, real=0.01 secs] 
173.089: Total time for which application threads were stopped: 0.0045220 seconds, Stopping threads took: 0.0000950 seconds
173.106: Application time: 0.0174050 seconds
173.106: [GC [PSYoungGen: 50176K->6637K(51200K)] 108529K->64990K(167936K), 0.0023570 secs] [Times: user=0.02 sys=0.00, real=0.00 secs] 
173.109: Total time for which application threads were stopped: 0.0025180 seconds, Stopping threads took: 0.0000740 seconds
173.121: Application time: 0.0124460 seconds
173.121: [GC [PSYoungGen: 50119K->6604K(51200K)] 108473K->67096K(167936K), 0.0030030 secs] [Times: user=0.02 sys=0.00, real=0.00 secs] 
173.124: Total time for which application threads were stopped: 0.0031750 seconds, Stopping threads took: 0.0000860 seconds
173.244: Application time: 0.1193590 seconds
173.244: [GC [PSYoungGen: 50095K->6700K(51200K)] 110586K->77167K(167936K), 0.0049440 secs] [Times: user=0.04 sys=0.00, real=0.01 secs] 
173.249: Total time for which application threads were stopped: 0.0051120 seconds, Stopping threads took: 0.0000770 seconds
173.410: Application time: 0.1614160 seconds
173.410: [GC [PSYoungGen: 50216K->6732K(51200K)] 120682K->87174K(167936K), 0.0048690 secs] [Times: user=0.04 sys=0.00, real=0.00 secs] 
173.415: Total time for which application threads were stopped: 0.0050420 seconds, Stopping threads took: 0.0000710 seconds
173.434: Application time: 0.0187170 seconds
173.434: [GC [PSYoungGen: 50208K->6668K(51200K)] 130650K->87823K(167936K), 0.0024790 secs] [Times: user=0.02 sys=0.00, real=0.00 secs] 
173.436: Total time for which application threads were stopped: 0.0026520 seconds, Stopping threads took: 0.0000900 seconds
173.452: Application time: 0.0159360 seconds
173.453: [GC [PSYoungGen: 50182K->6716K(51200K)] 131337K->90009K(167936K), 0.0029640 secs] [Times: user=0.02 sys=0.00, real=0.00 secs] 
173.456: Total time for which application threads were stopped: 0.0038480 seconds, Stopping threads took: 0.0007980 seconds
173.468: Application time: 0.0116820 seconds
173.469: [GC [PSYoungGen: 50199K->6684K(51200K)] 133492K->92827K(167936K), 0.0031380 secs] [Times: user=0.03 sys=0.00, real=0.00 secs] 
173.472: Total time for which application threads were stopped: 0.0041060 seconds, Stopping threads took: 0.0008820 seconds
173.482: Application time: 0.0098370 seconds
173.482: [GC [PSYoungGen: 50168K->6700K(51200K)] 136311K->99320K(167936K), 0.0041550 secs] [Times: user=0.03 sys=0.00, real=0.01 secs] 
173.486: Total time for which application threads were stopped: 0.0043530 seconds, Stopping threads took: 0.0001120 seconds
173.503: Application time: 0.0171110 seconds
173.504: [GC [PSYoungGen: 50187K->6700K(51200K)] 142807K->100745K(167936K), 0.0028180 secs] [Times: user=0.02 sys=0.00, real=0.01 secs] 
173.506: Total time for which application threads were stopped: 0.0029900 seconds, Stopping threads took: 0.0000880 seconds
173.521: Application time: 0.0142750 seconds
173.521: [GC [PSYoungGen: 50191K->6004K(51200K)] 144235K->100048K(167936K), 0.0020550 secs] [Times: user=0.02 sys=0.00, real=0.00 secs] 
173.523: Total time for which application threads were stopped: 0.0022170 seconds, Stopping threads took: 0.0000800 seconds
173.696: Application time: 0.1727830 seconds
173.696: [GC [PSYoungGen: 49484K->6700K(51200K)] 143529K->110768K(167936K), 0.0050590 secs] [Times: user=0.04 sys=0.00, real=0.01 secs] 
173.701: [Full GC [PSYoungGen: 6700K->0K(51200K)] [ParOldGen: 104067K->26999K(116736K)] 110768K->26999K(167936K) [PSPermGen: 6109K->6109K(21504K)], 0.0102260 secs] [Times: user=0.05 sys=0.00, real=0.01 secs] 
173.711: Total time for which application threads were stopped: 0.0155000 seconds, Stopping threads took: 0.0000740 seconds
173.797: Application time: 0.0861270 seconds
173.797: [GC [PSYoungGen: 43514K->7157K(51200K)] 70514K->44180K(167936K), 0.0053020 secs] [Times: user=0.04 sys=0.00, real=0.01 secs] 
173.803: Total time for which application threads were stopped: 0.0054880 seconds, Stopping threads took: 0.0000950 seconds
173.822: Application time: 0.0192660 seconds
173.822: [GC [PSYoungGen: 50641K->7157K(51200K)] 87664K->46349K(167936K), 0.0031410 secs] [Times: user=0.03 sys=0.00, real=0.00 secs] 
173.825: Total time for which application threads were stopped: 0.0033160 seconds, Stopping threads took: 0.0000900 seconds
173.841: Application time: 0.0160450 seconds
173.842: [GC [PSYoungGen: 50640K->7157K(51200K)] 89832K->47807K(167936K), 0.0029000 secs] [Times: user=0.01 sys=0.01, real=0.00 secs] 
173.844: Total time for which application threads were stopped: 0.0030740 seconds, Stopping threads took: 0.0000850 seconds
173.886: Application time: 0.0416130 seconds
173.886: [GC [PSYoungGen: 50677K->6508K(51200K)] 91326K->55708K(167936K), 0.0046580 secs] [Times: user=0.03 sys=0.00, real=0.00 secs] 
173.891: Total time for which application threads were stopped: 0.0048270 seconds, Stopping threads took: 0.0000780 seconds
173.908: Application time: 0.0171550 seconds
173.908: [GC [PSYoungGen: 49990K->6604K(51200K)] 99190K->57229K(167936K), 0.0025780 secs] [Times: user=0.02 sys=0.00, real=0.00 secs] 
173.911: Total time for which application threads were stopped: 0.0027400 seconds, Stopping threads took: 0.0000760 seconds
173.929: Application time: 0.0179650 seconds
173.929: [GC [PSYoungGen: 50086K->6636K(51200K)] 100711K->59399K(167936K), 0.0029200 secs] [Times: user=0.02 sys=0.00, real=0.00 secs] 
173.932: Total time for which application threads were stopped: 0.0031000 seconds, Stopping threads took: 0.0000830 seconds
174.001: Application time: 0.0689290 seconds
174.001: [GC [PSYoungGen: 50135K->6572K(51200K)] 102898K->69310K(167936K), 0.0049030 secs] [Times: user=0.04 sys=0.00, real=0.01 secs] 
174.006: Total time for which application threads were stopped: 0.0050660 seconds, Stopping threads took: 0.0000720 seconds
174.095: Application time: 0.0891910 seconds
174.095: [GC [PSYoungGen: 50093K->6636K(51200K)] 112830K->79349K(167936K), 0.0050870 secs] [Times: user=0.04 sys=0.00, real=0.01 secs] 
174.100: Total time for which application threads were stopped: 0.0052530 seconds, Stopping threads took: 0.0000760 seconds
174.117: Application time: 0.0164870 seconds
174.117: [GC [PSYoungGen: 50119K->6668K(51200K)] 122832K->79381K(167936K), 0.0024040 secs] [Times: user=0.02 sys=0.00, real=0.01 secs] 
174.119: Total time for which application threads were stopped: 0.0025770 seconds, Stopping threads took: 0.0000910 seconds
174.134: Application time: 0.0142340 seconds
174.134: [GC [PSYoungGen: 50155K->6636K(51200K)] 122868K->84337K(167936K), 0.0036690 secs] [Times: user=0.03 sys=0.00, real=0.00 secs] 
174.138: Total time for which application threads were stopped: 0.0038620 seconds, Stopping threads took: 0.0001030 seconds
174.266: Application time: 0.1289950 seconds
174.267: [GC [PSYoungGen: 50131K->6668K(51200K)] 127832K->94344K(167936K), 0.0049100 secs] [Times: user=0.03 sys=0.00, real=0.00 secs] 
174.272: Total time for which application threads were stopped: 0.0050630 seconds, Stopping threads took: 0.0000620 seconds
174.463: Application time: 0.1909730 seconds
174.463: [GC [PSYoungGen: 50148K->6668K(51200K)] 137824K->104319K(167936K), 0.0050360 secs] [Times: user=0.04 sys=0.00, real=0.01 secs] 
174.468: Total time for which application threads were stopped: 0.0051990 seconds, Stopping threads took: 0.0000620 seconds
174.683: Application time: 0.2149950 seconds
174.683: [GC [PSYoungGen: 50164K->6732K(51200K)] 147816K->115071K(167936K), 0.0050850 secs] [Times: user=0.03 sys=0.00, real=0.01 secs] 
174.688: [Full GC [PSYoungGen: 6732K->0K(51200K)] [ParOldGen: 108339K->28424K(116736K)] 115071K->28424K(167936K) [PSPermGen: 6109K->6109K(21504K)], 0.0103150 secs] [Times: user=0.06 sys=0.00, real=0.01 secs] 
174.698: Total time for which application threads were stopped: 0.0156100 seconds, Stopping threads took: 0.0000640 seconds
174.889: Application time: 0.1903400 seconds
174.889: [GC [PSYoungGen: 43487K->7157K(51200K)] 71912K->44852K(167936K), 0.0048730 secs] [Times: user=0.04 sys=0.00, real=0.00 secs] 
174.894: Total time for which application threads were stopped: 0.0050340 seconds, Stopping threads took: 0.0000710 seconds
175.083: Application time: 0.1892060 seconds
175.083: [GC [PSYoungGen: 50662K->6604K(51200K)] 88357K->54987K(167936K), 0.0049650 secs] [Times: user=0.04 sys=0.00, real=0.01 secs] 
175.088: Total time for which application threads were stopped: 0.0051450 seconds, Stopping threads took: 0.0000820 seconds
175.274: Application time: 0.1860710 seconds
175.274: [GC [PSYoungGen: 50101K->6636K(51200K)] 98484K->64994K(167936K), 0.0049280 secs] [Times: user=0.03 sys=0.00, real=0.01 secs] 
175.279: Total time for which application threads were stopped: 0.0050820 seconds, Stopping threads took: 0.0000650 seconds
175.469: Application time: 0.1892690 seconds
175.469: [GC [PSYoungGen: 50117K->6636K(51200K)] 108475K->74257K(167936K), 0.0047600 secs] [Times: user=0.03 sys=0.00, real=0.00 secs] 
175.473: Total time for which application threads were stopped: 0.0049420 seconds, Stopping threads took: 0.0000880 seconds
175.643: Application time: 0.1700060 seconds
175.644: [GC [PSYoungGen: 50134K->6668K(51200K)] 117755K->84265K(167936K), 0.0049420 secs] [Times: user=0.04 sys=0.00, real=0.01 secs] 
175.649: Total time for which application threads were stopped: 0.0051270 seconds, Stopping threads took: 0.0000750 seconds
175.805: Application time: 0.1564050 seconds
175.805: [GC [PSYoungGen: 50158K->6668K(51200K)] 127755K->94953K(167936K), 0.0052080 secs] [Times: user=0.04 sys=0.00, real=0.01 secs] 
175.810: Total time for which application threads were stopped: 0.0053650 seconds, Stopping threads took: 0.0000650 seconds
175.976: Application time: 0.1652780 seconds
175.976: [GC [PSYoungGen: 50168K->6669K(51200K)] 138453K->105642K(167936K), 0.0051650 secs] [Times: user=0.04 sys=0.00, real=0.01 secs] 
175.981: Total time for which application threads were stopped: 0.0053470 seconds, Stopping threads took: 0.0000890 seconds
176.136: Application time: 0.1547290 seconds
176.136: [GC [PSYoungGen: 50168K->6669K(51200K)] 149141K->114905K(167936K), 0.0047550 secs] [Times: user=0.03 sys=0.00, real=0.01 secs] 
176.141: [Full GC [PSYoungGen: 6669K->0K(51200K)] [ParOldGen: 108236K->24863K(116736K)] 114905K->24863K(167936K) [PSPermGen: 6109K->6109K(21504K)], 0.0097890 secs] [Times: user=0.05 sys=0.00, real=0.01 secs] 
176.150: Total time for which application threads were stopped: 0.0147540 seconds, Stopping threads took: 0.0000580 seconds
176.303: Application time: 0.1529390 seconds
176.304: [GC [PSYoungGen: 43491K->7157K(51200K)] 68354K->40595K(167936K), 0.0047870 secs] [Times: user=0.03 sys=0.00, real=0.01 secs] 
176.308: Total time for which application threads were stopped: 0.0049540 seconds, Stopping threads took: 0.0000650 seconds
176.465: Application time: 0.1568000 seconds
176.465: [GC [PSYoungGen: 50640K->7157K(51200K)] 84079K->49867K(167936K), 0.0049300 secs] [Times: user=0.03 sys=0.00, real=0.01 secs] 
176.470: Total time for which application threads were stopped: 0.0050970 seconds, Stopping threads took: 0.0000800 seconds
176.622: Application time: 0.1516330 seconds
176.622: [GC [PSYoungGen: 50658K->6605K(51200K)] 93368K->58578K(167936K), 0.0047560 secs] [Times: user=0.04 sys=0.00, real=0.01 secs] 
176.627: Total time for which application threads were stopped: 0.0049200 seconds, Stopping threads took: 0.0000730 seconds
176.781: Application time: 0.1543110 seconds
176.781: [GC [PSYoungGen: 50097K->6573K(51200K)] 102070K->68522K(167936K), 0.0048990 secs] [Times: user=0.04 sys=0.00, real=0.01 secs] 
176.786: Total time for which application threads were stopped: 0.0050650 seconds, Stopping threads took: 0.0000790 seconds
176.889: Application time: 0.1029760 seconds
176.889: [GC [PSYoungGen: 50090K->6637K(51200K)] 112039K->79274K(167936K), 0.0053320 secs] [Times: user=0.04 sys=0.00, real=0.00 secs] 
176.895: Total time for which application threads were stopped: 0.0055210 seconds, Stopping threads took: 0.0000830 seconds
176.912: Application time: 0.0172500 seconds
176.912: [GC [PSYoungGen: 50110K->6669K(51200K)] 122748K->80019K(167936K), 0.0026050 secs] [Times: user=0.02 sys=0.00, real=0.00 secs] 
176.915: Total time for which application threads were stopped: 0.0027840 seconds, Stopping threads took: 0.0000900 seconds
176.934: Application time: 0.0192520 seconds
176.934: [GC [PSYoungGen: 50158K->6669K(51200K)] 123509K->82157K(167936K), 0.0029670 secs] [Times: user=0.02 sys=0.00, real=0.00 secs] 
176.937: Total time for which application threads were stopped: 0.0031300 seconds, Stopping threads took: 0.0000760 seconds
176.973: Application time: 0.0355870 seconds
176.973: [GC [PSYoungGen: 50167K->6637K(51200K)] 125656K->88538K(167936K), 0.0040360 secs] [Times: user=0.03 sys=0.00, real=0.00 secs] 
176.977: Total time for which application threads were stopped: 0.0041870 seconds, Stopping threads took: 0.0000650 seconds
177.135: Application time: 0.1578730 seconds
177.135: [GC [PSYoungGen: 49977K->6685K(51200K)] 131878K->95711K(167936K), 0.0041120 secs] [Times: user=0.03 sys=0.00, real=0.01 secs] 
177.139: Total time for which application threads were stopped: 0.0042560 seconds, Stopping threads took: 0.0000580 seconds
177.162: Application time: 0.0225680 seconds
177.162: [GC [PSYoungGen: 50345K->6668K(51200K)] 139372K->100683K(167936K), 0.0037860 secs] [Times: user=0.02 sys=0.00, real=0.00 secs] 
177.166: Total time for which application threads were stopped: 0.0039840 seconds, Stopping threads took: 0.0001010 seconds
177.181: Application time: 0.0156390 seconds
177.182: [GC [PSYoungGen: 50177K->6733K(51200K)] 144192K->102885K(167936K), 0.0028950 secs] [Times: user=0.02 sys=0.00, real=0.00 secs] 
177.185: Total time for which application threads were stopped: 0.0038150 seconds, Stopping threads took: 0.0008290 seconds
177.196: Application time: 0.0108620 seconds
177.196: [GC [PSYoungGen: 50220K->6669K(51200K)] 146373K->105671K(167936K), 0.0032560 secs] [Times: user=0.02 sys=0.00, real=0.01 secs] 
177.199: Total time for which application threads were stopped: 0.0034610 seconds, Stopping threads took: 0.0001150 seconds
177.210: Application time: 0.0108720 seconds
177.210: [GC [PSYoungGen: 50158K->6764K(51200K)] 149161K->110755K(167936K), 0.0037670 secs] [Times: user=0.03 sys=0.00, real=0.00 secs] 
177.214: [Full GC [PSYoungGen: 6764K->0K(51200K)] [ParOldGen: 103990K->29936K(116736K)] 110755K->29936K(167936K) [PSPermGen: 6109K->6109K(21504K)], 0.0094160 secs] [Times: user=0.05 sys=0.00, real=0.01 secs] 
177.224: Total time for which application threads were stopped: 0.0133910 seconds, Stopping threads took: 0.0000700 seconds
177.243: Application time: 0.0194880 seconds
177.243: [GC [PSYoungGen: 43475K->3010K(51200K)] 73412K->32946K(167936K), 0.0011940 secs] [Times: user=0.01 sys=0.00, real=0.00 secs] 
177.244: Total time for which application threads were stopped: 0.0013490 seconds, Stopping threads took: 0.0000830 seconds
177.257: Application time: 0.0122540 seconds
177.257: [GC [PSYoungGen: 46494K->6541K(51200K)] 76431K->37189K(167936K), 0.0024730 secs] [Times: user=0.01 sys=0.00, real=0.01 secs] 
177.259: Total time for which application threads were stopped: 0.0026480 seconds, Stopping threads took: 0.0000880 seconds
177.399: Application time: 0.1392740 seconds
177.399: [GC [PSYoungGen: 50030K->7157K(51200K)] 80679K->47077K(167936K), 0.0048820 secs] [Times: user=0.04 sys=0.00, real=0.00 secs] 
177.404: Total time for which application threads were stopped: 0.0050450 seconds, Stopping threads took: 0.0000650 seconds
177.554: Application time: 0.1502120 seconds
177.554: [GC [PSYoungGen: 50670K->6508K(51200K)] 90590K->56404K(167936K), 0.0049110 secs] [Times: user=0.03 sys=0.00, real=0.01 secs] 
177.559: Total time for which application threads were stopped: 0.0050620 seconds, Stopping threads took: 0.0000640 seconds
177.577: Application time: 0.0176260 seconds
177.577: [GC [PSYoungGen: 49984K->6508K(51200K)] 99879K->59254K(167936K), 0.0030920 secs] [Times: user=0.02 sys=0.00, real=0.01 secs] 
177.580: Total time for which application threads were stopped: 0.0037930 seconds, Stopping threads took: 0.0006040 seconds
177.601: Application time: 0.0203370 seconds
177.601: [GC [PSYoungGen: 49989K->6572K(51200K)] 102735K->61455K(167936K), 0.0029300 secs] [Times: user=0.02 sys=0.00, real=0.00 secs] 
177.604: Total time for which application threads were stopped: 0.0031090 seconds, Stopping threads took: 0.0000900 seconds
177.633: Application time: 0.0295080 seconds
177.633: [GC [PSYoungGen: 50092K->6604K(51200K)] 104975K->61487K(167936K), 0.0021170 secs] [Times: user=0.02 sys=0.00, real=0.00 secs] 
177.636: Total time for which application threads were stopped: 0.0022500 seconds, Stopping threads took: 0.0000540 seconds
177.654: Application time: 0.0180890 seconds
177.654: [GC [PSYoungGen: 50092K->6636K(51200K)] 104975K->67219K(167936K), 0.0039450 secs] [Times: user=0.03 sys=0.00, real=0.01 secs] 
177.658: Total time for which application threads were stopped: 0.0042070 seconds, Stopping threads took: 0.0001720 seconds
177.675: Application time: 0.0165770 seconds
177.675: [GC [PSYoungGen: 50116K->6572K(51200K)] 110699K->70718K(167936K), 0.0033840 secs] [Times: user=0.02 sys=0.00, real=0.01 secs] 
177.678: Total time for which application threads were stopped: 0.0035580 seconds, Stopping threads took: 0.0000860 seconds
177.691: Application time: 0.0125800 seconds
177.691: [GC [PSYoungGen: 50055K->6604K(51200K)] 114201K->73600K(167936K), 0.0031910 secs] [Times: user=0.02 sys=0.00, real=0.00 secs] 
177.694: Total time for which application threads were stopped: 0.0033620 seconds, Stopping threads took: 0.0000830 seconds
177.760: Application time: 0.0657800 seconds
177.760: [GC [PSYoungGen: 50126K->6636K(51200K)] 117122K->82183K(167936K), 0.0047240 secs] [Times: user=0.04 sys=0.00, real=0.00 secs] 
177.765: Total time for which application threads were stopped: 0.0048880 seconds, Stopping threads took: 0.0000730 seconds
177.779: Application time: 0.0143280 seconds
177.779: [GC [PSYoungGen: 50125K->6684K(51200K)] 125671K->87218K(167936K), 0.0037650 secs] [Times: user=0.03 sys=0.00, real=0.00 secs] 
177.783: Total time for which application threads were stopped: 0.0039320 seconds, Stopping threads took: 0.0000780 seconds
177.800: Application time: 0.0167220 seconds
177.800: [GC [PSYoungGen: 50166K->6669K(51200K)] 130699K->87202K(167936K), 0.0024130 secs] [Times: user=0.01 sys=0.00, real=0.00 secs] 
177.802: Total time for which application threads were stopped: 0.0025850 seconds, Stopping threads took: 0.0000890 seconds
177.907: Application time: 0.1044460 seconds
177.907: [GC [PSYoungGen: 50160K->6636K(51200K)] 130694K->97858K(167936K), 0.0051270 secs] [Times: user=0.04 sys=0.00, real=0.00 secs] 
177.912: Total time for which application threads were stopped: 0.0052940 seconds, Stopping threads took: 0.0000690 seconds
178.012: Application time: 0.0999550 seconds
178.012: [GC [PSYoungGen: 50157K->6732K(51200K)] 141379K->106504K(167936K), 0.0047730 secs] [Times: user=0.03 sys=0.00, real=0.00 secs] 
178.017: Total time for which application threads were stopped: 0.0049380 seconds, Stopping threads took: 0.0000740 seconds
178.032: Application time: 0.0155770 seconds
178.033: [GC [PSYoungGen: 50220K->6684K(51200K)] 149992K->111444K(167936K), 0.0036760 secs] [Times: user=0.02 sys=0.00, real=0.00 secs] 
178.036: [Full GC [PSYoungGen: 6684K->0K(51200K)] [ParOldGen: 104759K->25574K(116736K)] 111444K->25574K(167936K) [PSPermGen: 6109K->6109K(21504K)], 0.0098390 secs] [Times: user=0.06 sys=0.00, real=0.02 secs] 
178.046: Total time for which application threads were stopped: 0.0137290 seconds, Stopping threads took: 0.0000750 seconds
178.062: Application time: 0.0160870 seconds
178.062: [GC [PSYoungGen: 43484K->6573K(51200K)] 69059K->32148K(167936K), 0.0022700 secs] [Times: user=0.01 sys=0.00, real=0.00 secs] 
178.065: Total time for which application threads were stopped: 0.0024490 seconds, Stopping threads took: 0.0000960 seconds
178.143: Application time: 0.0780200 seconds
178.143: [GC [PSYoungGen: 50065K->7157K(51200K)] 75640K->41994K(167936K), 0.0048050 secs] [Times: user=0.03 sys=0.00, real=0.01 secs] 
178.148: Total time for which application threads were stopped: 0.0049720 seconds, Stopping threads took: 0.0000810 seconds
178.206: Application time: 0.0582430 seconds
178.206: [GC [PSYoungGen: 50679K->6636K(51200K)] 85517K->51449K(167936K), 0.0049690 secs] [Times: user=0.03 sys=0.00, real=0.00 secs] 
178.211: Total time for which application threads were stopped: 0.0051250 seconds, Stopping threads took: 0.0000660 seconds
178.227: Application time: 0.0156420 seconds
178.227: [GC [PSYoungGen: 50117K->6540K(51200K)] 94930K->56341K(167936K), 0.0037160 secs] [Times: user=0.03 sys=0.00, real=0.00 secs] 
178.231: Total time for which application threads were stopped: 0.0038770 seconds, Stopping threads took: 0.0000740 seconds
178.245: Application time: 0.0140760 seconds
178.245: [GC [PSYoungGen: 50022K->6636K(51200K)] 99822K->57149K(167936K), 0.0025980 secs] [Times: user=0.02 sys=0.00, real=0.01 secs] 
178.247: Total time for which application threads were stopped: 0.0027850 seconds, Stopping threads took: 0.0001030 seconds
178.392: Application time: 0.1442480 seconds
178.392: [GC [PSYoungGen: 50133K->6604K(51200K)] 100646K->67805K(167936K), 0.0050650 secs] [Times: user=0.04 sys=0.00, real=0.00 secs] 
178.397: Total time for which application threads were stopped: 0.0052210 seconds, Stopping threads took: 0.0000690 seconds
178.599: Application time: 0.2024030 seconds
178.599: [GC [PSYoungGen: 50084K->6636K(51200K)] 111285K->77100K(167936K), 0.0046000 secs] [Times: user=0.04 sys=0.00, real=0.00 secs] 
178.604: Total time for which application threads were stopped: 0.0047550 seconds, Stopping threads took: 0.0000580 seconds
178.787: Application time: 0.1828270 seconds
178.787: [GC [PSYoungGen: 50139K->6636K(51200K)] 120602K->88500K(167936K), 0.0053490 secs] [Times: user=0.04 sys=0.00, real=0.00 secs] 
178.792: Total time for which application threads were stopped: 0.0055060 seconds, Stopping threads took: 0.0000640 seconds
178.979: Application time: 0.1862420 seconds
178.979: [GC [PSYoungGen: 50125K->6700K(51200K)] 131988K->98539K(167936K), 0.0049830 secs] [Times: user=0.04 sys=0.00, real=0.00 secs] 
178.984: Total time for which application threads were stopped: 0.0051460 seconds, Stopping threads took: 0.0000710 seconds
179.177: Application time: 0.1935630 seconds
179.178: [GC [PSYoungGen: 50203K->6700K(51200K)] 142042K->109227K(167936K), 0.0051650 secs] [Times: user=0.04 sys=0.00, real=0.01 secs] 
179.183: [Full GC [PSYoungGen: 6700K->0K(51200K)] [ParOldGen: 102526K->28425K(116736K)] 109227K->28425K(167936K) [PSPermGen: 6109K->6109K(21504K)], 0.0102490 secs] [Times: user=0.05 sys=0.00, real=0.01 secs] 
179.193: Total time for which application threads were stopped: 0.0156240 seconds, Stopping threads took: 0.0000640 seconds
179.364: Application time: 0.1709050 seconds
179.364: [GC [PSYoungGen: 43488K->7157K(51200K)] 71914K->45597K(167936K), 0.0051880 secs] [Times: user=0.03 sys=0.00, real=0.01 secs] 
179.369: Total time for which application threads were stopped: 0.0053450 seconds, Stopping threads took: 0.0000650 seconds
179.551: Application time: 0.1818360 seconds
179.551: [GC [PSYoungGen: 50637K->7157K(51200K)] 89078K->54156K(167936K), 0.0047220 secs] [Times: user=0.04 sys=0.00, real=0.00 secs] 
179.556: Total time for which application threads were stopped: 0.0048920 seconds, Stopping threads took: 0.0000840 seconds
179.731: Application time: 0.1750800 seconds
179.731: [GC [PSYoungGen: 50664K->6636K(51200K)] 97663K->63611K(167936K), 0.0048980 secs] [Times: user=0.04 sys=0.00, real=0.00 secs] 
179.736: Total time for which application threads were stopped: 0.0050610 seconds, Stopping threads took: 0.0000600 seconds
179.891: Application time: 0.1544790 seconds
179.891: [GC [PSYoungGen: 50118K->6604K(51200K)] 107093K->72842K(167936K), 0.0047260 secs] [Times: user=0.04 sys=0.00, real=0.00 secs] 
179.896: Total time for which application threads were stopped: 0.0049230 seconds, Stopping threads took: 0.0001060 seconds
180.040: Application time: 0.1442970 seconds
180.040: [GC [PSYoungGen: 50104K->6637K(51200K)] 116341K->82138K(167936K), 0.0047430 secs] [Times: user=0.04 sys=0.00, real=0.00 secs] 
180.045: Total time for which application threads were stopped: 0.0048960 seconds, Stopping threads took: 0.0000580 seconds
180.201: Application time: 0.1560800 seconds
180.201: [GC [PSYoungGen: 50145K->6669K(51200K)] 125646K->92146K(167936K), 0.0049090 secs] [Times: user=0.04 sys=0.00, real=0.01 secs] 
180.206: Total time for which application threads were stopped: 0.0050720 seconds, Stopping threads took: 0.0000700 seconds
180.357: Application time: 0.1514000 seconds
180.357: [GC [PSYoungGen: 50152K->6669K(51200K)] 135629K->102122K(167936K), 0.0050130 secs] [Times: user=0.04 sys=0.00, real=0.01 secs] 
180.363: Total time for which application threads were stopped: 0.0051990 seconds, Stopping threads took: 0.0000880 seconds
180.533: Application time: 0.1701450 seconds
180.533: [GC [PSYoungGen: 50152K->6669K(51200K)] 145605K->111385K(167936K), 0.0047800 secs] [Times: user=0.04 sys=0.00, real=0.00 secs] 
180.538: [Full GC [PSYoungGen: 6669K->0K(51200K)] [ParOldGen: 104716K->27001K(116736K)] 111385K->27001K(167936K) [PSPermGen: 6109K->6109K(21504K)], 0.0103150 secs] [Times: user=0.05 sys=0.00, real=0.02 secs] 
180.548: Total time for which application threads were stopped: 0.0152990 seconds, Stopping threads took: 0.0000620 seconds
180.701: Application time: 0.1525950 seconds
180.701: [GC [PSYoungGen: 43491K->6477K(51200K)] 70493K->43455K(167936K), 0.0049620 secs] [Times: user=0.04 sys=0.00, real=0.01 secs] 
180.706: Total time for which application threads were stopped: 0.0051410 seconds, Stopping threads took: 0.0000880 seconds
180.848: Application time: 0.1418310 seconds
180.848: [GC [PSYoungGen: 49977K->6605K(51200K)] 86955K->54271K(167936K), 0.0051280 secs] [Times: user=0.04 sys=0.00, real=0.00 secs] 
180.853: Total time for which application threads were stopped: 0.0052870 seconds, Stopping threads took: 0.0000650 seconds
180.913: Application time: 0.0600010 seconds
180.913: [GC [PSYoungGen: 50118K->6541K(51200K)] 97785K->62758K(167936K), 0.0046320 secs] [Times: user=0.03 sys=0.00, real=0.00 secs] 
180.918: Total time for which application threads were stopped: 0.0048210 seconds, Stopping threads took: 0.0000810 seconds
180.933: Application time: 0.0157740 seconds
180.934: [GC [PSYoungGen: 50026K->6605K(51200K)] 106243K->64247K(167936K), 0.0029050 secs] [Times: user=0.01 sys=0.00, real=0.00 secs] 
180.937: Total time for which application threads were stopped: 0.0030950 seconds, Stopping threads took: 0.0001050 seconds
180.951: Application time: 0.0146470 seconds
180.951: [GC [PSYoungGen: 50086K->6637K(51200K)] 107729K->64279K(167936K), 0.0024200 secs] [Times: user=0.01 sys=0.00, real=0.00 secs] 
180.954: Total time for which application threads were stopped: 0.0025900 seconds, Stopping threads took: 0.0000820 seconds
181.043: Application time: 0.0889870 seconds
181.043: [GC [PSYoungGen: 50134K->6637K(51200K)] 107777K->74968K(167936K), 0.0051810 secs] [Times: user=0.04 sys=0.00, real=0.01 secs] 
181.048: Total time for which application threads were stopped: 0.0053440 seconds, Stopping threads took: 0.0000710 seconds
181.160: Application time: 0.1120720 seconds
181.160: [GC [PSYoungGen: 50163K->6701K(51200K)] 118494K->85720K(167936K), 0.0052240 secs] [Times: user=0.04 sys=0.00, real=0.00 secs] 
181.166: Total time for which application threads were stopped: 0.0053910 seconds, Stopping threads took: 0.0000750 seconds
181.182: Application time: 0.0165530 seconds
181.182: [GC [PSYoungGen: 50183K->6668K(51200K)] 129202K->87113K(167936K), 0.0025760 secs] [Times: user=0.02 sys=0.00, real=0.00 secs] 
181.185: Total time for which application threads were stopped: 0.0027600 seconds, Stopping threads took: 0.0000970 seconds
181.203: Application time: 0.0178230 seconds
181.203: [GC [PSYoungGen: 50700K->6733K(51200K)] 131145K->87177K(167936K), 0.0024000 secs] [Times: user=0.02 sys=0.00, real=0.00 secs] 
181.205: Total time for which application threads were stopped: 0.0025480 seconds, Stopping threads took: 0.0000620 seconds
181.217: Application time: 0.0117380 seconds
181.218: [GC [PSYoungGen: 50415K->6732K(51200K)] 130860K->92165K(167936K), 0.0035900 secs] [Times: user=0.03 sys=0.00, real=0.00 secs] 
181.221: Total time for which application threads were stopped: 0.0044610 seconds, Stopping threads took: 0.0007870 seconds
181.237: Application time: 0.0154500 seconds
181.237: [GC [PSYoungGen: 50208K->6668K(51200K)] 135641K->95663K(167936K), 0.0033920 secs] [Times: user=0.02 sys=0.00, real=0.01 secs] 
181.241: Total time for which application threads were stopped: 0.0035940 seconds, Stopping threads took: 0.0001160 seconds
181.260: Application time: 0.0194930 seconds
181.260: [GC [PSYoungGen: 50158K->6669K(51200K)] 139153K->97801K(167936K), 0.0030150 secs] [Times: user=0.02 sys=0.00, real=0.00 secs] 
181.263: Total time for which application threads were stopped: 0.0032070 seconds, Stopping threads took: 0.0001020 seconds
181.299: Application time: 0.0358290 seconds
181.299: [GC [PSYoungGen: 50157K->6684K(51200K)] 141289K->102805K(167936K), 0.0036710 secs] [Times: user=0.03 sys=0.00, real=0.00 secs] 
181.303: Total time for which application threads were stopped: 0.0038240 seconds, Stopping threads took: 0.0000590 seconds
181.477: Application time: 0.1741160 seconds
181.477: [GC [PSYoungGen: 50166K->6764K(51200K)] 146286K->112148K(167936K), 0.0048190 secs] [Times: user=0.03 sys=0.00, real=0.01 secs] 
181.482: [Full GC [PSYoungGen: 6764K->0K(51200K)] [ParOldGen: 105383K->28644K(116736K)] 112148K->28644K(167936K) [PSPermGen: 6109K->6109K(21504K)], 0.0098930 secs] [Times: user=0.06 sys=0.00, real=0.01 secs] 
181.492: Total time for which application threads were stopped: 0.0149580 seconds, Stopping threads took: 0.0000810 seconds
181.640: Application time: 0.1478360 seconds
181.640: [GC [PSYoungGen: 43515K->7157K(51200K)] 72159K->43671K(167936K), 0.0046560 secs] [Times: user=0.03 sys=0.00, real=0.00 secs] 
181.645: Total time for which application threads were stopped: 0.0051090 seconds, Stopping threads took: 0.0003620 seconds
181.661: Application time: 0.0159060 seconds
181.661: [GC [PSYoungGen: 50633K->7157K(51200K)] 87147K->47249K(167936K), 0.0035040 secs] [Times: user=0.02 sys=0.00, real=0.00 secs] 
181.665: Total time for which application threads were stopped: 0.0037070 seconds, Stopping threads took: 0.0001120 seconds
181.684: Application time: 0.0190910 seconds
181.684: [GC [PSYoungGen: 50640K->7157K(51200K)] 90733K->51541K(167936K), 0.0037020 secs] [Times: user=0.02 sys=0.00, real=0.01 secs] 
181.687: Total time for which application threads were stopped: 0.0038660 seconds, Stopping threads took: 0.0000740 seconds
181.711: Application time: 0.0237700 seconds
181.711: [GC [PSYoungGen: 50650K->6540K(51200K)] 95034K->53774K(167936K), 0.0029300 secs] [Times: user=0.02 sys=0.00, real=0.00 secs] 
181.714: Total time for which application threads were stopped: 0.0030800 seconds, Stopping threads took: 0.0000680 seconds
181.744: Application time: 0.0292790 seconds
181.744: [GC [PSYoungGen: 50049K->6604K(51200K)] 97283K->55263K(167936K), 0.0026660 secs] [Times: user=0.02 sys=0.00, real=0.01 secs] 
181.747: Total time for which application threads were stopped: 0.0030040 seconds, Stopping threads took: 0.0002480 seconds
181.765: Application time: 0.0183640 seconds
181.765: [GC [PSYoungGen: 50526K->6621K(51200K)] 99185K->56705K(167936K), 0.0026430 secs] [Times: user=0.02 sys=0.00, real=0.01 secs] 
181.768: Total time for which application threads were stopped: 0.0028230 seconds, Stopping threads took: 0.0000950 seconds
181.780: Application time: 0.0117320 seconds
181.780: [GC [PSYoungGen: 50416K->6604K(51200K)] 100500K->64526K(167936K), 0.0044400 secs] [Times: user=0.02 sys=0.00, real=0.00 secs] 
181.784: Total time for which application threads were stopped: 0.0047540 seconds, Stopping threads took: 0.0002260 seconds
181.801: Application time: 0.0166590 seconds
181.801: [GC [PSYoungGen: 50089K->6572K(51200K)] 108010K->68769K(167936K), 0.0035050 secs] [Times: user=0.02 sys=0.00, real=0.00 secs] 
181.805: Total time for which application threads were stopped: 0.0037040 seconds, Stopping threads took: 0.0001080 seconds
181.823: Application time: 0.0180960 seconds
181.823: [GC [PSYoungGen: 50048K->6636K(51200K)] 112245K->68833K(167936K), 0.0023740 secs] [Times: user=0.01 sys=0.00, real=0.00 secs] 
181.825: Total time for which application threads were stopped: 0.0025320 seconds, Stopping threads took: 0.0000730 seconds
181.838: Application time: 0.0123160 seconds
181.838: [GC [PSYoungGen: 50117K->6572K(51200K)] 112314K->69482K(167936K), 0.0025880 secs] [Times: user=0.02 sys=0.00, real=0.00 secs] 
181.840: Total time for which application threads were stopped: 0.0027630 seconds, Stopping threads took: 0.0000910 seconds
182.014: Application time: 0.1731870 seconds
182.014: [GC [PSYoungGen: 50067K->6540K(51200K)] 112977K->80138K(167936K), 0.0051130 secs] [Times: user=0.04 sys=0.00, real=0.01 secs] 
182.019: Total time for which application threads were stopped: 0.0052740 seconds, Stopping threads took: 0.0000620 seconds
182.139: Application time: 0.1205470 seconds
182.140: [GC [PSYoungGen: 50091K->6700K(51200K)] 123688K->91698K(167936K), 0.0055170 secs] [Times: user=0.04 sys=0.00, real=0.00 secs] 
182.145: Total time for which application threads were stopped: 0.0056980 seconds, Stopping threads took: 0.0000900 seconds
182.160: Application time: 0.0150090 seconds
182.161: [GC [PSYoungGen: 50176K->6652K(51200K)] 135174K->94500K(167936K), 0.0031750 secs] [Times: user=0.02 sys=0.00, real=0.00 secs] 
182.164: Total time for which application threads were stopped: 0.0037310 seconds, Stopping threads took: 0.0004660 seconds
182.174: Application time: 0.0105780 seconds
182.175: [GC [PSYoungGen: 50128K->6700K(51200K)] 137976K->97398K(167936K), 0.0030940 secs] [Times: user=0.02 sys=0.00, real=0.01 secs] 
182.178: Total time for which application threads were stopped: 0.0037060 seconds, Stopping threads took: 0.0005290 seconds
182.192: Application time: 0.0139790 seconds
182.192: [GC [PSYoungGen: 50190K->6732K(51200K)] 140888K->99568K(167936K), 0.0028330 secs] [Times: user=0.02 sys=0.00, real=0.00 secs] 
182.195: Total time for which application threads were stopped: 0.0030840 seconds, Stopping threads took: 0.0001620 seconds
182.208: Application time: 0.0126540 seconds
182.208: [GC [PSYoungGen: 50216K->6701K(51200K)] 143052K->102394K(167936K), 0.0031640 secs] [Times: user=0.03 sys=0.00, real=0.00 secs] 
182.211: Total time for which application threads were stopped: 0.0033260 seconds, Stopping threads took: 0.0000720 seconds
182.221: Application time: 0.0097230 seconds
182.221: [GC [PSYoungGen: 50183K->6668K(51200K)] 145877K->103075K(167936K), 0.0026090 secs] [Times: user=0.02 sys=0.00, real=0.00 secs] 
182.224: Total time for which application threads were stopped: 0.0027770 seconds, Stopping threads took: 0.0000820 seconds
182.320: Application time: 0.0967160 seconds
182.321: [GC [PSYoungGen: 50166K->6732K(51200K)] 146573K->113826K(167936K), 0.0050800 secs] [Times: user=0.04 sys=0.00, real=0.00 secs] 
182.326: [Full GC [PSYoungGen: 6732K->0K(51200K)] [ParOldGen: 107094K->25575K(116736K)] 113826K->25575K(167936K) [PSPermGen: 6109K->6109K(21504K)], 0.0097160 secs] [Times: user=0.05 sys=0.00, real=0.00 secs] 
182.335: Total time for which application threads were stopped: 0.0150200 seconds, Stopping threads took: 0.0000760 seconds
182.519: Application time: 0.1830900 seconds
182.519: [GC [PSYoungGen: 43496K->6572K(51200K)] 69071K->42835K(167936K), 0.0051060 secs] [Times: user=0.04 sys=0.00, real=0.00 secs] 
182.524: Total time for which application threads were stopped: 0.0052720 seconds, Stopping threads took: 0.0000620 seconds
182.731: Application time: 0.2068480 seconds
182.731: [GC [PSYoungGen: 50058K->6540K(51200K)] 86321K->52779K(167936K), 0.0048750 secs] [Times: user=0.03 sys=0.00, real=0.00 secs] 
182.736: Total time for which application threads were stopped: 0.0050400 seconds, Stopping threads took: 0.0000750 seconds
182.937: Application time: 0.2009640 seconds
182.937: [GC [PSYoungGen: 50036K->6636K(51200K)] 96275K->63562K(167936K), 0.0050750 secs] [Times: user=0.04 sys=0.00, real=0.01 secs] 
182.942: Total time for which application threads were stopped: 0.0052430 seconds, Stopping threads took: 0.0000770 seconds
183.127: Application time: 0.1852390 seconds
183.127: [GC [PSYoungGen: 50125K->6668K(51200K)] 107051K->73570K(167936K), 0.0049050 secs] [Times: user=0.04 sys=0.00, real=0.00 secs] 
183.132: Total time for which application threads were stopped: 0.0050620 seconds, Stopping threads took: 0.0000570 seconds
183.319: Application time: 0.1868180 seconds
183.319: [GC [PSYoungGen: 50173K->6668K(51200K)] 117075K->85682K(167936K), 0.0054100 secs] [Times: user=0.04 sys=0.00, real=0.00 secs] 
183.325: Total time for which application threads were stopped: 0.0055620 seconds, Stopping threads took: 0.0000640 seconds
183.497: Application time: 0.1726140 seconds
183.497: [GC [PSYoungGen: 50157K->6668K(51200K)] 129171K->94945K(167936K), 0.0047520 secs] [Times: user=0.04 sys=0.01, real=0.01 secs] 
183.502: Total time for which application threads were stopped: 0.0049160 seconds, Stopping threads took: 0.0000780 seconds
183.693: Application time: 0.1908320 seconds
183.693: [GC [PSYoungGen: 50157K->6668K(51200K)] 138434K->104921K(167936K), 0.0048720 secs] [Times: user=0.04 sys=0.00, real=0.01 secs] 
183.698: Total time for which application threads were stopped: 0.0050370 seconds, Stopping threads took: 0.0000640 seconds
183.863: Application time: 0.1653900 seconds
183.863: [GC [PSYoungGen: 50167K->6636K(51200K)] 148419K->116290K(167936K), 0.0053030 secs] [Times: user=0.03 sys=0.00, real=0.01 secs] 
183.869: [Full GC [PSYoungGen: 6636K->0K(51200K)] [ParOldGen: 109653K->26288K(116736K)] 116290K->26288K(167936K) [PSPermGen: 6109K->6109K(21504K)], 0.0098320 secs] [Times: user=0.06 sys=0.00, real=0.01 secs] 
183.879: Total time for which application threads were stopped: 0.0153340 seconds, Stopping threads took: 0.0000600 seconds
184.042: Application time: 0.1629710 seconds
184.042: [GC [PSYoungGen: 43490K->7157K(51200K)] 69779K->42709K(167936K), 0.0048640 secs] [Times: user=0.04 sys=0.00, real=0.01 secs] 
184.047: Total time for which application threads were stopped: 0.0050130 seconds, Stopping threads took: 0.0000610 seconds
184.186: Application time: 0.1395890 seconds
184.186: [GC [PSYoungGen: 50656K->6573K(51200K)] 86208K->50675K(167936K), 0.0044890 secs] [Times: user=0.04 sys=0.00, real=0.00 secs] 
184.191: Total time for which application threads were stopped: 0.0046470 seconds, Stopping threads took: 0.0000700 seconds
184.346: Application time: 0.1554660 seconds
184.347: [GC [PSYoungGen: 50064K->6573K(51200K)] 94166K->59939K(167936K), 0.0046860 secs] [Times: user=0.04 sys=0.00, real=0.00 secs] 
184.351: Total time for which application threads were stopped: 0.0048700 seconds, Stopping threads took: 0.0000830 seconds
184.501: Application time: 0.1493480 seconds
184.501: [GC [PSYoungGen: 50065K->6637K(51200K)] 103431K->69979K(167936K), 0.0050150 secs] [Times: user=0.03 sys=0.00, real=0.01 secs] 
184.506: Total time for which application threads were stopped: 0.0051700 seconds, Stopping threads took: 0.0000650 seconds
184.656: Application time: 0.1504750 seconds
184.656: [GC [PSYoungGen: 50128K->6637K(51200K)] 113471K->79955K(167936K), 0.0049940 secs] [Times: user=0.04 sys=0.00, real=0.01 secs] 
184.661: Total time for which application threads were stopped: 0.0051530 seconds, Stopping threads took: 0.0000710 seconds
184.816: Application time: 0.1544920 seconds
184.816: [GC [PSYoungGen: 50137K->6669K(51200K)] 123455K->90676K(167936K), 0.0051860 secs] [Times: user=0.04 sys=0.00, real=0.01 secs] 
184.821: Total time for which application threads were stopped: 0.0053460 seconds, Stopping threads took: 0.0000720 seconds
184.927: Application time: 0.1061890 seconds
184.928: [GC [PSYoungGen: 50187K->6701K(51200K)] 134194K->100684K(167936K), 0.0051110 secs] [Times: user=0.03 sys=0.00, real=0.00 secs] 
184.933: Total time for which application threads were stopped: 0.0052930 seconds, Stopping threads took: 0.0000800 seconds
184.947: Application time: 0.0144990 seconds
184.947: [GC [PSYoungGen: 50179K->6669K(51200K)] 144162K->104927K(167936K), 0.0035360 secs] [Times: user=0.02 sys=0.00, real=0.00 secs] 
184.951: Total time for which application threads were stopped: 0.0037020 seconds, Stopping threads took: 0.0000810 seconds
184.970: Application time: 0.0193900 seconds
184.970: [GC [PSYoungGen: 50158K->6701K(51200K)] 148417K->106384K(167936K), 0.0027230 secs] [Times: user=0.02 sys=0.00, real=0.00 secs] 
184.973: Total time for which application threads were stopped: 0.0028920 seconds, Stopping threads took: 0.0000880 seconds
185.033: Application time: 0.0601060 seconds
185.033: [GC [PSYoungGen: 50189K->6701K(51200K)] 149872K->113510K(167936K), 0.0041630 secs] [Times: user=0.03 sys=0.00, real=0.00 secs] 
185.038: [Full GC [PSYoungGen: 6701K->0K(51200K)] [ParOldGen: 106809K->27714K(116736K)] 113510K->27714K(167936K) [PSPermGen: 6109K->6109K(21504K)], 0.0104460 secs] [Times: user=0.06 sys=0.00, real=0.01 secs] 
185.048: Total time for which application threads were stopped: 0.0148170 seconds, Stopping threads took: 0.0000580 seconds
185.190: Application time: 0.1419460 seconds
185.190: [GC [PSYoungGen: 43489K->7157K(51200K)] 71203K->44135K(167936K), 0.0050130 secs] [Times: user=0.04 sys=0.00, real=0.00 secs] 
185.195: Total time for which application threads were stopped: 0.0051710 seconds, Stopping threads took: 0.0000630 seconds
185.353: Application time: 0.1572520 seconds
185.353: [GC [PSYoungGen: 50601K->6589K(51200K)] 87579K->52830K(167936K), 0.0047750 secs] [Times: user=0.03 sys=0.00, real=0.00 secs] 
185.357: Total time for which application threads were stopped: 0.0049290 seconds, Stopping threads took: 0.0000660 seconds
185.375: Application time: 0.0178130 seconds
185.376: [GC [PSYoungGen: 50183K->6636K(51200K)] 96424K->57865K(167936K), 0.0037170 secs] [Times: user=0.02 sys=0.00, real=0.01 secs] 
185.380: Total time for which application threads were stopped: 0.0042870 seconds, Stopping threads took: 0.0004790 seconds
185.392: Application time: 0.0120110 seconds
185.392: [GC [PSYoungGen: 50104K->6572K(51200K)] 101333K->57801K(167936K), 0.0022120 secs] [Times: user=0.01 sys=0.00, real=0.00 secs] 
185.394: Total time for which application threads were stopped: 0.0023830 seconds, Stopping threads took: 0.0000950 seconds
185.405: Application time: 0.0105440 seconds
185.405: [GC [PSYoungGen: 50057K->6684K(51200K)] 101286K->57914K(167936K), 0.0023110 secs] [Times: user=0.02 sys=0.00, real=0.01 secs] 
185.407: Total time for which application threads were stopped: 0.0025100 seconds, Stopping threads took: 0.0001170 seconds
185.417: Application time: 0.0103520 seconds
185.418: [GC [PSYoungGen: 50173K->6637K(51200K)] 101402K->60004K(167936K), 0.0029390 secs] [Times: user=0.02 sys=0.00, real=0.01 secs] 
185.421: Total time for which application threads were stopped: 0.0031500 seconds, Stopping threads took: 0.0001240 seconds
185.430: Application time: 0.0096390 seconds
185.430: [GC [PSYoungGen: 50118K->6605K(51200K)] 103485K->59971K(167936K), 0.0023120 secs] [Times: user=0.02 sys=0.00, real=0.00 secs] 
185.433: Total time for which application threads were stopped: 0.0024800 seconds, Stopping threads took: 0.0000730 seconds
185.452: Application time: 0.0192250 seconds
185.452: [GC [PSYoungGen: 50104K->6636K(51200K)] 103471K->64991K(167936K), 0.0034290 secs] [Times: user=0.03 sys=0.00, real=0.00 secs] 
185.456: Total time for which application threads were stopped: 0.0035970 seconds, Stopping threads took: 0.0000810 seconds
185.610: Application time: 0.1540260 seconds
185.610: [GC [PSYoungGen: 50118K->6636K(51200K)] 108472K->74966K(167936K), 0.0049830 secs] [Times: user=0.03 sys=0.00, real=0.00 secs] 
185.615: Total time for which application threads were stopped: 0.0051430 seconds, Stopping threads took: 0.0000680 seconds
185.698: Application time: 0.0834630 seconds
185.699: [GC [PSYoungGen: 50474K->6748K(51200K)] 118804K->81491K(167936K), 0.0040260 secs] [Times: user=0.03 sys=0.00, real=0.00 secs] 
185.703: Total time for which application threads were stopped: 0.0045340 seconds, Stopping threads took: 0.0004240 seconds
185.716: Application time: 0.0136590 seconds
185.717: [GC [PSYoungGen: 50632K->6812K(51200K)] 125375K->83693K(167936K), 0.0028910 secs] [Times: user=0.02 sys=0.00, real=0.01 secs] 
185.720: Total time for which application threads were stopped: 0.0038920 seconds, Stopping threads took: 0.0009120 seconds
185.732: Application time: 0.0119650 seconds
185.733: [GC [PSYoungGen: 50343K->6716K(51200K)] 127224K->85734K(167936K), 0.0029650 secs] [Times: user=0.02 sys=0.00, real=0.00 secs] 
185.736: Total time for which application threads were stopped: 0.0033630 seconds, Stopping threads took: 0.0003060 seconds
185.747: Application time: 0.0113120 seconds
185.748: [GC [PSYoungGen: 50195K->6684K(51200K)] 129213K->86415K(167936K), 0.0025840 secs] [Times: user=0.01 sys=0.00, real=0.00 secs] 
185.750: Total time for which application threads were stopped: 0.0033940 seconds, Stopping threads took: 0.0007210 seconds
185.762: Application time: 0.0115070 seconds
185.762: [GC [PSYoungGen: 50178K->6716K(51200K)] 129909K->87872K(167936K), 0.0027750 secs] [Times: user=0.02 sys=0.00, real=0.00 secs] 
185.765: Total time for which application threads were stopped: 0.0032240 seconds, Stopping threads took: 0.0003620 seconds
185.776: Application time: 0.0114320 seconds
185.778: [GC [PSYoungGen: 50189K->6668K(51200K)] 131344K->87824K(167936K), 0.0022670 secs] [Times: user=0.01 sys=0.00, real=0.00 secs] 
185.780: Total time for which application threads were stopped: 0.0036530 seconds, Stopping threads took: 0.0012880 seconds
185.792: Application time: 0.0117570 seconds
185.792: [GC [PSYoungGen: 50166K->6732K(51200K)] 131322K->95054K(167936K), 0.0042260 secs] [Times: user=0.03 sys=0.00, real=0.00 secs] 
185.796: Total time for which application threads were stopped: 0.0044090 seconds, Stopping threads took: 0.0000940 seconds
185.807: Application time: 0.0108000 seconds
185.807: [GC [PSYoungGen: 50217K->6717K(51200K)] 138538K->98664K(167936K), 0.0033940 secs] [Times: user=0.02 sys=0.00, real=0.00 secs] 
185.811: Total time for which application threads were stopped: 0.0035710 seconds, Stopping threads took: 0.0000890 seconds
185.822: Application time: 0.0112680 seconds
185.822: [GC [PSYoungGen: 50207K->6668K(51200K)] 142154K->100089K(167936K), 0.0028470 secs] [Times: user=0.02 sys=0.00, real=0.00 secs] 
185.825: Total time for which application threads were stopped: 0.0030200 seconds, Stopping threads took: 0.0000800 seconds
185.950: Application time: 0.1248400 seconds
185.950: [GC [PSYoungGen: 50158K->6700K(51200K)] 143579K->110096K(167936K), 0.0050130 secs] [Times: user=0.04 sys=0.00, real=0.00 secs] 
185.955: Total time for which application threads were stopped: 0.0051870 seconds, Stopping threads took: 0.0000700 seconds
186.143: Application time: 0.1884380 seconds
186.144: [GC [PSYoungGen: 50188K->6668K(51200K)] 153585K->120040K(167936K), 0.0049360 secs] [Times: user=0.03 sys=0.00, real=0.01 secs] 
186.149: [Full GC [PSYoungGen: 6668K->0K(51200K)] [ParOldGen: 113371K->27001K(116736K)] 120040K->27001K(167936K) [PSPermGen: 6109K->6109K(21504K)], 0.0099450 secs] [Times: user=0.05 sys=0.00, real=0.01 secs] 
186.158: Total time for which application threads were stopped: 0.0150870 seconds, Stopping threads took: 0.0000680 seconds
186.197: Application time: 0.0387260 seconds
186.197: [GC [PSYoungGen: 43542K->6572K(51200K)] 70543K->37848K(167936K), 0.0034840 secs] [Times: user=0.03 sys=0.00, real=0.01 secs] 
186.201: Total time for which application threads were stopped: 0.0036520 seconds, Stopping threads took: 0.0000780 seconds
186.215: Application time: 0.0143740 seconds
186.215: [GC [PSYoungGen: 50056K->6572K(51200K)] 81333K->42836K(167936K), 0.0037070 secs] [Times: user=0.03 sys=0.00, real=0.01 secs] 
186.219: Total time for which application threads were stopped: 0.0038860 seconds, Stopping threads took: 0.0000890 seconds
186.231: Application time: 0.0115090 seconds
186.231: [GC [PSYoungGen: 50056K->6508K(51200K)] 86320K->42772K(167936K), 0.0022080 secs] [Times: user=0.02 sys=0.00, real=0.00 secs] 
186.233: Total time for which application threads were stopped: 0.0026090 seconds, Stopping threads took: 0.0003180 seconds
186.244: Application time: 0.0111370 seconds
186.245: [GC [PSYoungGen: 49983K->6604K(51200K)] 86247K->46431K(167936K), 0.0033530 secs] [Times: user=0.02 sys=0.00, real=0.01 secs] 
186.248: Total time for which application threads were stopped: 0.0035250 seconds, Stopping threads took: 0.0000830 seconds
186.258: Application time: 0.0101760 seconds
186.258: [GC [PSYoungGen: 50100K->6540K(51200K)] 89926K->51355K(167936K), 0.0036430 secs] [Times: user=0.03 sys=0.01, real=0.00 secs] 
186.262: Total time for which application threads were stopped: 0.0038320 seconds, Stopping threads took: 0.0001020 seconds
186.272: Application time: 0.0096520 seconds
186.272: [GC [PSYoungGen: 50023K->6652K(51200K)] 94838K->52892K(167936K), 0.0027310 secs] [Times: user=0.02 sys=0.00, real=0.00 secs] 
186.275: Total time for which application threads were stopped: 0.0029170 seconds, Stopping threads took: 0.0000970 seconds
186.439: Application time: 0.1647720 seconds
186.439: [GC [PSYoungGen: 50141K->6604K(51200K)] 96380K->62819K(167936K), 0.0048760 secs] [Times: user=0.04 sys=0.00, real=0.00 secs] 
186.444: Total time for which application threads were stopped: 0.0050400 seconds, Stopping threads took: 0.0000750 seconds
186.644: Application time: 0.1994490 seconds
186.644: [GC [PSYoungGen: 50100K->6604K(51200K)] 106315K->73507K(167936K), 0.0051220 secs] [Times: user=0.04 sys=0.00, real=0.01 secs] 
186.649: Total time for which application threads were stopped: 0.0052980 seconds, Stopping threads took: 0.0000760 seconds
186.816: Application time: 0.1674100 seconds
186.817: [GC [PSYoungGen: 50105K->6636K(51200K)] 117007K->84226K(167936K), 0.0051820 secs] [Times: user=0.04 sys=0.00, real=0.01 secs] 
186.822: Total time for which application threads were stopped: 0.0053460 seconds, Stopping threads took: 0.0000720 seconds
187.028: Application time: 0.2061510 seconds
187.028: [GC [PSYoungGen: 50125K->6732K(51200K)] 127715K->94298K(167936K), 0.0048980 secs] [Times: user=0.03 sys=0.00, real=0.00 secs] 
187.033: Total time for which application threads were stopped: 0.0050820 seconds, Stopping threads took: 0.0000970 seconds
187.238: Application time: 0.2045870 seconds
187.238: [GC [PSYoungGen: 50225K->6732K(51200K)] 137790K->103560K(167936K), 0.0047400 secs] [Times: user=0.03 sys=0.00, real=0.00 secs] 
187.243: Total time for which application threads were stopped: 0.0048960 seconds, Stopping threads took: 0.0000610 seconds
187.428: Application time: 0.1856410 seconds
187.428: [GC [PSYoungGen: 50229K->6732K(51200K)] 147057K->112823K(167936K), 0.0046890 secs] [Times: user=0.03 sys=0.00, real=0.00 secs] 
187.433: [Full GC [PSYoungGen: 6732K->0K(51200K)] [ParOldGen: 106090K->27001K(116736K)] 112823K->27001K(167936K) [PSPermGen: 6109K->6109K(21504K)], 0.0098970 secs] [Times: user=0.06 sys=0.00, real=0.01 secs] 
187.443: Total time for which application threads were stopped: 0.0147920 seconds, Stopping threads took: 0.0000710 seconds
187.638: Application time: 0.1947760 seconds
187.638: [GC [PSYoungGen: 43480K->7125K(51200K)] 70481K->42676K(167936K), 0.0046940 secs] [Times: user=0.04 sys=0.00, real=0.00 secs] 
187.643: Total time for which application threads were stopped: 0.0048400 seconds, Stopping threads took: 0.0000600 seconds
187.811: Application time: 0.1688700 seconds
187.812: [GC [PSYoungGen: 50614K->6508K(51200K)] 86166K->49898K(167936K), 0.0041900 secs] [Times: user=0.03 sys=0.00, real=0.00 secs] 
187.816: Total time for which application threads were stopped: 0.0045480 seconds, Stopping threads took: 0.0002540 seconds
187.978: Application time: 0.1618670 seconds
187.978: [GC [PSYoungGen: 50016K->6604K(51200K)] 93405K->60682K(167936K), 0.0050780 secs] [Times: user=0.03 sys=0.00, real=0.00 secs] 
187.983: Total time for which application threads were stopped: 0.0052300 seconds, Stopping threads took: 0.0000660 seconds
188.140: Application time: 0.1572050 seconds
188.140: [GC [PSYoungGen: 50095K->6669K(51200K)] 104172K->70009K(167936K), 0.0047510 secs] [Times: user=0.03 sys=0.00, real=0.00 secs] 
188.145: Total time for which application threads were stopped: 0.0049010 seconds, Stopping threads took: 0.0000590 seconds
188.295: Application time: 0.1499740 seconds
188.295: [GC [PSYoungGen: 50160K->6669K(51200K)] 113500K->79273K(167936K), 0.0047690 secs] [Times: user=0.04 sys=0.00, real=0.01 secs] 
188.300: Total time for which application threads were stopped: 0.0049270 seconds, Stopping threads took: 0.0000640 seconds
188.451: Application time: 0.1504390 seconds
188.451: [GC [PSYoungGen: 50169K->6669K(51200K)] 122773K->89961K(167936K), 0.0051380 secs] [Times: user=0.04 sys=0.00, real=0.00 secs] 
188.456: Total time for which application threads were stopped: 0.0053120 seconds, Stopping threads took: 0.0000730 seconds
188.625: Application time: 0.1689620 seconds
188.625: [GC [PSYoungGen: 50152K->6669K(51200K)] 133444K->99225K(167936K), 0.0047670 secs] [Times: user=0.03 sys=0.00, real=0.01 secs] 
188.630: Total time for which application threads were stopped: 0.0049260 seconds, Stopping threads took: 0.0000680 seconds
188.778: Application time: 0.1486250 seconds
188.779: [GC [PSYoungGen: 50161K->6669K(51200K)] 142717K->108488K(167936K), 0.0047850 secs] [Times: user=0.04 sys=0.00, real=0.00 secs] 
188.783: Total time for which application threads were stopped: 0.0049550 seconds, Stopping threads took: 0.0000800 seconds
188.935: Application time: 0.1516620 seconds
188.935: [GC [PSYoungGen: 50169K->6669K(51200K)] 151989K->119177K(167936K), 0.0051500 secs] [Times: user=0.04 sys=0.00, real=0.01 secs] 
188.940: [Full GC [PSYoungGen: 6669K->0K(51200K)] [ParOldGen: 112508K->29140K(116736K)] 119177K->29140K(167936K) [PSPermGen: 6109K->6109K(21504K)], 0.0105020 secs] [Times: user=0.06 sys=0.00, real=0.01 secs] 
188.951: Total time for which application threads were stopped: 0.0158690 seconds, Stopping threads took: 0.0000760 seconds
189.029: Application time: 0.0783420 seconds
189.030: [GC [PSYoungGen: 43519K->6509K(51200K)] 72660K->42062K(167936K), 0.0040120 secs] [Times: user=0.03 sys=0.00, real=0.00 secs] 
189.034: Total time for which application threads were stopped: 0.0043290 seconds, Stopping threads took: 0.0002160 seconds
189.048: Application time: 0.0146470 seconds
189.048: [GC [PSYoungGen: 49990K->7157K(51200K)] 85543K->47019K(167936K), 0.0037690 secs] [Times: user=0.02 sys=0.00, real=0.00 secs] 
189.052: Total time for which application threads were stopped: 0.0039410 seconds, Stopping threads took: 0.0000810 seconds
189.067: Application time: 0.0143850 seconds
189.067: [GC [PSYoungGen: 50642K->7157K(51200K)] 90504K->51310K(167936K), 0.0037380 secs] [Times: user=0.02 sys=0.00, real=0.00 secs] 
189.070: Total time for which application threads were stopped: 0.0039160 seconds, Stopping threads took: 0.0000870 seconds
189.152: Application time: 0.0811660 seconds
189.152: [GC [PSYoungGen: 50657K->7157K(51200K)] 94810K->61302K(167936K), 0.0050990 secs] [Times: user=0.04 sys=0.00, real=0.00 secs] 
189.157: Total time for which application threads were stopped: 0.0052640 seconds, Stopping threads took: 0.0000790 seconds
189.310: Application time: 0.1528440 seconds
189.310: [GC [PSYoungGen: 50648K->6605K(51200K)] 104793K->70725K(167936K), 0.0049380 secs] [Times: user=0.04 sys=0.00, real=0.00 secs] 
189.315: Total time for which application threads were stopped: 0.0051100 seconds, Stopping threads took: 0.0000840 seconds
189.464: Application time: 0.1488150 seconds
189.464: [GC [PSYoungGen: 50121K->6572K(51200K)] 114241K->80669K(167936K), 0.0050850 secs] [Times: user=0.04 sys=0.00, real=0.01 secs] 
189.469: Total time for which application threads were stopped: 0.0052430 seconds, Stopping threads took: 0.0000680 seconds
189.486: Application time: 0.0172110 seconds
189.486: [GC [PSYoungGen: 50519K->6652K(51200K)] 124615K->82886K(167936K), 0.0028670 secs] [Times: user=0.02 sys=0.00, real=0.00 secs] 
189.489: Total time for which application threads were stopped: 0.0030280 seconds, Stopping threads took: 0.0000770 seconds
189.504: Application time: 0.0144650 seconds
189.504: [GC [PSYoungGen: 50409K->6604K(51200K)] 126643K->85688K(167936K), 0.0031300 secs] [Times: user=0.02 sys=0.00, real=0.01 secs] 
189.509: Total time for which application threads were stopped: 0.0048670 seconds, Stopping threads took: 0.0000800 seconds
189.519: Application time: 0.0103890 seconds
189.519: [GC [PSYoungGen: 50091K->6669K(51200K)] 129175K->89315K(167936K), 0.0033500 secs] [Times: user=0.03 sys=0.00, real=0.00 secs] 
189.522: Total time for which application threads were stopped: 0.0035660 seconds, Stopping threads took: 0.0001280 seconds
189.532: Application time: 0.0093740 seconds
189.532: [GC [PSYoungGen: 50147K->6668K(51200K)] 132794K->89315K(167936K), 0.0023460 secs] [Times: user=0.02 sys=0.00, real=0.00 secs] 
189.534: Total time for which application threads were stopped: 0.0025230 seconds, Stopping threads took: 0.0000900 seconds
189.554: Application time: 0.0193760 seconds
189.554: [GC [PSYoungGen: 50155K->6637K(51200K)] 132802K->93559K(167936K), 0.0034540 secs] [Times: user=0.03 sys=0.00, real=0.00 secs] 
189.557: Total time for which application threads were stopped: 0.0036220 seconds, Stopping threads took: 0.0000810 seconds
189.591: Application time: 0.0339600 seconds
189.591: [GC [PSYoungGen: 50132K->6636K(51200K)] 137054K->97121K(167936K), 0.0030710 secs] [Times: user=0.02 sys=0.00, real=0.00 secs] 
189.595: Total time for which application threads were stopped: 0.0032250 seconds, Stopping threads took: 0.0000640 seconds
189.768: Application time: 0.1735490 seconds
189.768: [GC [PSYoungGen: 50117K->6668K(51200K)] 140602K->106416K(167936K), 0.0048250 secs] [Times: user=0.03 sys=0.00, real=0.00 secs] 
189.773: Total time for which application threads were stopped: 0.0049750 seconds, Stopping threads took: 0.0000600 seconds
189.863: Application time: 0.0901310 seconds
189.863: [GC [PSYoungGen: 50054K->6732K(51200K)] 149802K->114318K(167936K), 0.0045350 secs] [Times: user=0.03 sys=0.00, real=0.01 secs] 
189.868: [Full GC [PSYoungGen: 6732K->0K(51200K)] [ParOldGen: 107585K->24158K(116736K)] 114318K->24158K(167936K) [PSPermGen: 6109K->6109K(21504K)], 0.0096570 secs] [Times: user=0.05 sys=0.00, real=0.00 secs] 
189.878: Total time for which application threads were stopped: 0.0144120 seconds, Stopping threads took: 0.0000770 seconds
189.891: Application time: 0.0129320 seconds
189.891: [GC [PSYoungGen: 43419K->6604K(51200K)] 67577K->31475K(167936K), 0.0024300 secs] [Times: user=0.02 sys=0.00, real=0.00 secs] 
189.893: Total time for which application threads were stopped: 0.0026080 seconds, Stopping threads took: 0.0000920 seconds
189.906: Application time: 0.0131940 seconds
189.907: [GC [PSYoungGen: 50339K->6572K(51200K)] 75210K->35719K(167936K), 0.0033920 secs] [Times: user=0.03 sys=0.00, real=0.00 secs] 
189.911: Total time for which application threads were stopped: 0.0042930 seconds, Stopping threads took: 0.0008140 seconds
189.921: Application time: 0.0107190 seconds
189.922: [GC [PSYoungGen: 50049K->6572K(51200K)] 79196K->35719K(167936K), 0.0021720 secs] [Times: user=0.02 sys=0.00, real=0.00 secs] 
189.924: Total time for which application threads were stopped: 0.0029180 seconds, Stopping threads took: 0.0006590 seconds
189.935: Application time: 0.0107200 seconds
189.935: [GC [PSYoungGen: 50066K->6541K(51200K)] 79212K->36399K(167936K), 0.0024270 secs] [Times: user=0.02 sys=0.00, real=0.01 secs] 
189.938: Total time for which application threads were stopped: 0.0028120 seconds, Stopping threads took: 0.0002960 seconds
189.948: Application time: 0.0097620 seconds
189.949: [GC [PSYoungGen: 50015K->6572K(51200K)] 79874K->37144K(167936K), 0.0024200 secs] [Times: user=0.02 sys=0.00, real=0.00 secs] 
189.951: Total time for which application threads were stopped: 0.0034630 seconds, Stopping threads took: 0.0009540 seconds
189.962: Application time: 0.0108880 seconds
189.962: [GC [PSYoungGen: 50071K->6604K(51200K)] 80642K->41451K(167936K), 0.0033100 secs] [Times: user=0.02 sys=0.00, real=0.00 secs] 
189.966: Total time for which application threads were stopped: 0.0035710 seconds, Stopping threads took: 0.0001710 seconds
189.975: Application time: 0.0096630 seconds
189.976: [GC [PSYoungGen: 50079K->5828K(51200K)] 84926K->40675K(167936K), 0.0020220 secs] [Times: user=0.01 sys=0.00, real=0.01 secs] 
189.978: Total time for which application threads were stopped: 0.0026840 seconds, Stopping threads took: 0.0005770 seconds
189.990: Application time: 0.0117970 seconds
189.990: [GC [PSYoungGen: 49324K->6540K(51200K)] 84171K->47088K(167936K), 0.0039440 secs] [Times: user=0.03 sys=0.00, real=0.00 secs] 
189.994: Total time for which application threads were stopped: 0.0041220 seconds, Stopping threads took: 0.0000910 seconds
190.122: Application time: 0.1278570 seconds
190.122: [GC [PSYoungGen: 50038K->6572K(51200K)] 90585K->57094K(167936K), 0.0047980 secs] [Times: user=0.03 sys=0.00, real=0.01 secs] 
190.127: Total time for which application threads were stopped: 0.0049620 seconds, Stopping threads took: 0.0000670 seconds
190.166: Application time: 0.0396120 seconds
190.166: [GC [PSYoungGen: 50091K->6636K(51200K)] 100613K->65709K(167936K), 0.0046820 secs] [Times: user=0.03 sys=0.00, real=0.00 secs] 
190.171: Total time for which application threads were stopped: 0.0048530 seconds, Stopping threads took: 0.0000810 seconds
190.187: Application time: 0.0159340 seconds
190.187: [GC [PSYoungGen: 50113K->6604K(51200K)] 109186K->67814K(167936K), 0.0030170 secs] [Times: user=0.03 sys=0.00, real=0.00 secs] 
190.190: Total time for which application threads were stopped: 0.0031940 seconds, Stopping threads took: 0.0000750 seconds
190.204: Application time: 0.0141260 seconds
190.205: [GC [PSYoungGen: 50085K->6668K(51200K)] 111296K->69304K(167936K), 0.0027690 secs] [Times: user=0.02 sys=0.00, real=0.01 secs] 
190.207: Total time for which application threads were stopped: 0.0029520 seconds, Stopping threads took: 0.0000960 seconds
190.317: Application time: 0.1097490 seconds
190.317: [GC [PSYoungGen: 50192K->6668K(51200K)] 112827K->79991K(167936K), 0.0052690 secs] [Times: user=0.04 sys=0.00, real=0.01 secs] 
190.323: Total time for which application threads were stopped: 0.0054600 seconds, Stopping threads took: 0.0001020 seconds
190.339: Application time: 0.0160800 seconds
190.339: [GC [PSYoungGen: 50146K->6684K(51200K)] 123469K->84282K(167936K), 0.0035940 secs] [Times: user=0.02 sys=0.00, real=0.00 secs] 
190.342: Total time for which application threads were stopped: 0.0037700 seconds, Stopping threads took: 0.0000850 seconds
190.362: Application time: 0.0193070 seconds
190.362: [GC [PSYoungGen: 50173K->6637K(51200K)] 127771K->86372K(167936K), 0.0029800 secs] [Times: user=0.02 sys=0.00, real=0.00 secs] 
190.365: Total time for which application threads were stopped: 0.0031320 seconds, Stopping threads took: 0.0000690 seconds
190.399: Application time: 0.0337930 seconds
190.399: [GC [PSYoungGen: 50125K->6668K(51200K)] 129860K->92144K(167936K), 0.0037230 secs] [Times: user=0.02 sys=0.00, real=0.00 secs] 
190.403: Total time for which application threads were stopped: 0.0039010 seconds, Stopping threads took: 0.0000870 seconds
190.618: Application time: 0.2155360 seconds
190.618: [GC [PSYoungGen: 50163K->6700K(51200K)] 135638K->102151K(167936K), 0.0048940 secs] [Times: user=0.04 sys=0.00, real=0.00 secs] 
190.623: Total time for which application threads were stopped: 0.0050360 seconds, Stopping threads took: 0.0000570 seconds
190.817: Application time: 0.1939190 seconds
190.817: [GC [PSYoungGen: 50180K->6732K(51200K)] 145631K->111446K(167936K), 0.0046920 secs] [Times: user=0.03 sys=0.00, real=0.01 secs] 
190.822: [Full GC [PSYoungGen: 6732K->0K(51200K)] [ParOldGen: 104713K->27001K(116736K)] 111446K->27001K(167936K) [PSPermGen: 6109K->6109K(21504K)], 0.0097940 secs] [Times: user=0.05 sys=0.00, real=0.01 secs] 
190.832: Total time for which application threads were stopped: 0.0147030 seconds, Stopping threads took: 0.0000640 seconds
191.039: Application time: 0.2074900 seconds
191.039: [GC [PSYoungGen: 43498K->6636K(51200K)] 70500K->43613K(167936K), 0.0048910 secs] [Times: user=0.04 sys=0.00, real=0.00 secs] 
191.044: Total time for which application threads were stopped: 0.0050360 seconds, Stopping threads took: 0.0000570 seconds
191.229: Application time: 0.1843010 seconds
191.229: [GC [PSYoungGen: 50125K->6604K(51200K)] 87102K->53556K(167936K), 0.0048680 secs] [Times: user=0.03 sys=0.00, real=0.00 secs] 
191.234: Total time for which application threads were stopped: 0.0050250 seconds, Stopping threads took: 0.0000670 seconds
191.439: Application time: 0.2052080 seconds
191.439: [GC [PSYoungGen: 50099K->6668K(51200K)] 97051K->63596K(167936K), 0.0049270 secs] [Times: user=0.04 sys=0.00, real=0.00 secs] 
191.444: Total time for which application threads were stopped: 0.0050840 seconds, Stopping threads took: 0.0000590 seconds
191.625: Application time: 0.1813560 seconds
191.625: [GC [PSYoungGen: 50166K->6668K(51200K)] 107093K->73571K(167936K), 0.0048930 secs] [Times: user=0.03 sys=0.00, real=0.01 secs] 
191.630: Total time for which application threads were stopped: 0.0050480 seconds, Stopping threads took: 0.0000670 seconds
191.843: Application time: 0.2126330 seconds
191.843: [GC [PSYoungGen: 50149K->6668K(51200K)] 117051K->82834K(167936K), 0.0047400 secs] [Times: user=0.04 sys=0.00, real=0.01 secs] 
191.848: Total time for which application threads were stopped: 0.0048960 seconds, Stopping threads took: 0.0000660 seconds
192.020: Application time: 0.1724430 seconds
192.020: [GC [PSYoungGen: 50166K->6668K(51200K)] 126332K->92809K(167936K), 0.0049030 secs] [Times: user=0.04 sys=0.00, real=0.00 secs] 
192.025: Total time for which application threads were stopped: 0.0050650 seconds, Stopping threads took: 0.0000590 seconds
192.182: Application time: 0.1563060 seconds
192.182: [GC [PSYoungGen: 50167K->6636K(51200K)] 136308K->103466K(167936K), 0.0051950 secs] [Times: user=0.04 sys=0.00, real=0.01 secs] 
192.187: Total time for which application threads were stopped: 0.0053490 seconds, Stopping threads took: 0.0000620 seconds
192.337: Application time: 0.1498210 seconds
192.337: [GC [PSYoungGen: 50127K->6668K(51200K)] 146956K->114186K(167936K), 0.0052360 secs] [Times: user=0.04 sys=0.00, real=0.01 secs] 
192.342: [Full GC [PSYoungGen: 6668K->0K(51200K)] [ParOldGen: 107517K->27002K(116736K)] 114186K->27002K(167936K) [PSPermGen: 6109K->6109K(21504K)], 0.0104370 secs] [Times: user=0.05 sys=0.00, real=0.01 secs] 
192.353: Total time for which application threads were stopped: 0.0158860 seconds, Stopping threads took: 0.0000670 seconds
192.519: Application time: 0.1663000 seconds
192.519: [GC [PSYoungGen: 43491K->7157K(51200K)] 70493K->43447K(167936K), 0.0048590 secs] [Times: user=0.04 sys=0.00, real=0.00 secs] 
192.524: Total time for which application threads were stopped: 0.0050110 seconds, Stopping threads took: 0.0000580 seconds
192.668: Application time: 0.1442350 seconds
192.668: [GC [PSYoungGen: 50657K->6541K(51200K)] 86947K->52807K(167936K), 0.0048190 secs] [Times: user=0.04 sys=0.00, real=0.00 secs] 
192.673: Total time for which application threads were stopped: 0.0049980 seconds, Stopping threads took: 0.0000770 seconds
192.815: Application time: 0.1416640 seconds
192.815: [GC [PSYoungGen: 50024K->6637K(51200K)] 96290K->62166K(167936K), 0.0046710 secs] [Times: user=0.03 sys=0.00, real=0.01 secs] 
192.820: Total time for which application threads were stopped: 0.0048190 seconds, Stopping threads took: 0.0000630 seconds
192.960: Application time: 0.1399120 seconds
192.960: [GC [PSYoungGen: 50129K->6669K(51200K)] 105658K->72174K(167936K), 0.0049970 secs] [Times: user=0.04 sys=0.00, real=0.00 secs] 
192.965: Total time for which application threads were stopped: 0.0051560 seconds, Stopping threads took: 0.0000710 seconds
193.036: Application time: 0.0716060 seconds
193.037: [GC [PSYoungGen: 50204K->6637K(51200K)] 115709K->79981K(167936K), 0.0045190 secs] [Times: user=0.03 sys=0.00, real=0.01 secs] 
193.041: Total time for which application threads were stopped: 0.0047080 seconds, Stopping threads took: 0.0001000 seconds
193.055: Application time: 0.0142580 seconds
193.056: [GC [PSYoungGen: 50117K->6669K(51200K)] 123462K->85001K(167936K), 0.0038460 secs] [Times: user=0.03 sys=0.00, real=0.01 secs] 
193.059: Total time for which application threads were stopped: 0.0040100 seconds, Stopping threads took: 0.0000780 seconds
193.076: Application time: 0.0165120 seconds
193.078: [GC [PSYoungGen: 50152K->6637K(51200K)] 128484K->86394K(167936K), 0.0027290 secs] [Times: user=0.02 sys=0.00, real=0.00 secs] 
193.081: Total time for which application threads were stopped: 0.0046080 seconds, Stopping threads took: 0.0017890 seconds
193.169: Application time: 0.0880840 seconds
193.169: [GC [PSYoungGen: 50130K->6701K(51200K)] 129888K->96434K(167936K), 0.0049520 secs] [Times: user=0.03 sys=0.00, real=0.00 secs] 
193.174: Total time for which application threads were stopped: 0.0051350 seconds, Stopping threads took: 0.0000840 seconds
193.320: Application time: 0.1462160 seconds
193.320: [GC [PSYoungGen: 50201K->6701K(51200K)] 139935K->106410K(167936K), 0.0050140 secs] [Times: user=0.04 sys=0.00, real=0.00 secs] 
193.325: Total time for which application threads were stopped: 0.0051710 seconds, Stopping threads took: 0.0000710 seconds
193.481: Application time: 0.1558640 seconds
193.481: [GC [PSYoungGen: 50183K->6700K(51200K)] 149893K->115673K(167936K), 0.0048840 secs] [Times: user=0.03 sys=0.00, real=0.01 secs] 
193.486: [Full GC [PSYoungGen: 6700K->0K(51200K)] [ParOldGen: 108972K->32019K(116736K)] 115673K->32019K(167936K) [PSPermGen: 6109K->6109K(21504K)], 0.0103490 secs] [Times: user=0.06 sys=0.00, real=0.00 secs] 
193.496: Total time for which application threads were stopped: 0.0154700 seconds, Stopping threads took: 0.0000880 seconds
193.584: Application time: 0.0875940 seconds
193.584: [GC [PSYoungGen: 43515K->7157K(51200K)] 75534K->48440K(167936K), 0.0050770 secs] [Times: user=0.04 sys=0.00, real=0.01 secs] 
193.589: Total time for which application threads were stopped: 0.0052670 seconds, Stopping threads took: 0.0000980 seconds
193.607: Application time: 0.0171770 seconds
193.607: [GC [PSYoungGen: 50639K->6572K(51200K)] 91922K->48568K(167936K), 0.0025530 secs] [Times: user=0.02 sys=0.00, real=0.00 secs] 
193.609: Total time for which application threads were stopped: 0.0027060 seconds, Stopping threads took: 0.0000660 seconds
193.625: Application time: 0.0153100 seconds
193.625: [GC [PSYoungGen: 50054K->6476K(51200K)] 92049K->49184K(167936K), 0.0025940 secs] [Times: user=0.02 sys=0.00, real=0.01 secs] 
193.627: Total time for which application threads were stopped: 0.0027580 seconds, Stopping threads took: 0.0000770 seconds
193.675: Application time: 0.0473530 seconds
193.675: [GC [PSYoungGen: 50001K->6540K(51200K)] 92708K->59224K(167936K), 0.0050860 secs] [Times: user=0.04 sys=0.00, real=0.01 secs] 
193.680: Total time for which application threads were stopped: 0.0052640 seconds, Stopping threads took: 0.0000760 seconds
193.698: Application time: 0.0175850 seconds
193.698: [GC [PSYoungGen: 50014K->5083K(51200K)] 102698K->57767K(167936K), 0.0019760 secs] [Times: user=0.01 sys=0.00, real=0.00 secs] 
193.700: Total time for which application threads were stopped: 0.0022000 seconds, Stopping threads took: 0.0001300 seconds
193.720: Application time: 0.0200850 seconds
193.720: [GC [PSYoungGen: 48571K->6637K(51200K)] 101255K->62170K(167936K), 0.0032150 secs] [Times: user=0.02 sys=0.00, real=0.00 secs] 
193.723: Total time for which application threads were stopped: 0.0034090 seconds, Stopping threads took: 0.0001040 seconds
193.747: Application time: 0.0242120 seconds
193.748: [GC [PSYoungGen: 50126K->6508K(51200K)] 105660K->69880K(167936K), 0.0044010 secs] [Times: user=0.03 sys=0.00, real=0.00 secs] 
193.752: Total time for which application threads were stopped: 0.0045480 seconds, Stopping threads took: 0.0000560 seconds
193.920: Application time: 0.1676390 seconds
193.920: [GC [PSYoungGen: 49989K->7157K(51200K)] 113361K->79875K(167936K), 0.0050060 secs] [Times: user=0.04 sys=0.00, real=0.00 secs] 
193.925: Total time for which application threads were stopped: 0.0051610 seconds, Stopping threads took: 0.0000680 seconds
193.987: Application time: 0.0623280 seconds
193.987: [GC [PSYoungGen: 50671K->6508K(51200K)] 123390K->87777K(167936K), 0.0047220 secs] [Times: user=0.03 sys=0.00, real=0.00 secs] 
193.992: Total time for which application threads were stopped: 0.0048840 seconds, Stopping threads took: 0.0000710 seconds
194.009: Application time: 0.0173840 seconds
194.010: [GC [PSYoungGen: 49984K->6604K(51200K)] 131253K->87873K(167936K), 0.0023860 secs] [Times: user=0.02 sys=0.00, real=0.00 secs] 
194.012: Total time for which application threads were stopped: 0.0025620 seconds, Stopping threads took: 0.0000920 seconds
194.024: Application time: 0.0118550 seconds
194.024: [GC [PSYoungGen: 50016K->6572K(51200K)] 131285K->92116K(167936K), 0.0035310 secs] [Times: user=0.03 sys=0.00, real=0.01 secs] 
194.028: Total time for which application threads were stopped: 0.0037140 seconds, Stopping threads took: 0.0000930 seconds
194.046: Application time: 0.0183680 seconds
194.046: [GC [PSYoungGen: 50166K->6668K(51200K)] 135710K->95062K(167936K), 0.0031600 secs] [Times: user=0.02 sys=0.00, real=0.00 secs] 
194.049: Total time for which application threads were stopped: 0.0033290 seconds, Stopping threads took: 0.0000810 seconds
194.065: Application time: 0.0160540 seconds
194.066: [GC [PSYoungGen: 50147K->6572K(51200K)] 138541K->96391K(167936K), 0.0027260 secs] [Times: user=0.02 sys=0.00, real=0.01 secs] 
194.068: Total time for which application threads were stopped: 0.0030250 seconds, Stopping threads took: 0.0002070 seconds
194.082: Application time: 0.0139370 seconds
194.082: [GC [PSYoungGen: 50057K->6572K(51200K)] 139877K->100667K(167936K), 0.0035890 secs] [Times: user=0.03 sys=0.00, real=0.01 secs] 
194.086: Total time for which application threads were stopped: 0.0037750 seconds, Stopping threads took: 0.0000970 seconds
194.138: Application time: 0.0520850 seconds
194.138: [GC [PSYoungGen: 50090K->6652K(51200K)] 144184K->106447K(167936K), 0.0039470 secs] [Times: user=0.03 sys=0.00, real=0.00 secs] 
194.142: Total time for which application threads were stopped: 0.0041090 seconds, Stopping threads took: 0.0000740 seconds
194.158: Application time: 0.0157640 seconds
194.158: [GC [PSYoungGen: 50138K->6604K(51200K)] 149933K->109257K(167936K), 0.0031800 secs] [Times: user=0.03 sys=0.00, real=0.00 secs] 
194.161: Total time for which application threads were stopped: 0.0033660 seconds, Stopping threads took: 0.0000990 seconds
194.177: Application time: 0.0158780 seconds
194.177: [GC [PSYoungGen: 50088K->6604K(51200K)] 152741K->113532K(167936K), 0.0036490 secs] [Times: user=0.03 sys=0.00, real=0.01 secs] 
194.181: [Full GC [PSYoungGen: 6604K->0K(51200K)] [ParOldGen: 106928K->27715K(116736K)] 113532K->27715K(167936K) [PSPermGen: 6109K->6109K(21504K)], 0.0101920 secs] [Times: user=0.06 sys=0.00, real=0.01 secs] 
194.191: Total time for which application threads were stopped: 0.0140880 seconds, Stopping threads took: 0.0000940 seconds
194.262: Application time: 0.0708030 seconds
194.262: [GC [PSYoungGen: 43531K->6540K(51200K)] 71246K->43518K(167936K), 0.0046550 secs] [Times: user=0.04 sys=0.00, real=0.01 secs] 
194.267: Total time for which application threads were stopped: 0.0048050 seconds, Stopping threads took: 0.0000620 seconds
194.285: Application time: 0.0181310 seconds
194.285: [GC [PSYoungGen: 50014K->6636K(51200K)] 86992K->47177K(167936K), 0.0033590 secs] [Times: user=0.02 sys=0.00, real=0.01 secs] 
194.289: Total time for which application threads were stopped: 0.0035320 seconds, Stopping threads took: 0.0000820 seconds
194.307: Application time: 0.0182540 seconds
194.307: [GC [PSYoungGen: 50117K->6604K(51200K)] 90658K->49995K(167936K), 0.0031680 secs] [Times: user=0.03 sys=0.00, real=0.00 secs] 
194.310: Total time for which application threads were stopped: 0.0033570 seconds, Stopping threads took: 0.0000990 seconds
194.324: Application time: 0.0135460 seconds
194.324: [GC [PSYoungGen: 50096K->6604K(51200K)] 93487K->52132K(167936K), 0.0027500 secs] [Times: user=0.02 sys=0.00, real=0.01 secs] 
194.327: Total time for which application threads were stopped: 0.0029160 seconds, Stopping threads took: 0.0000800 seconds
194.369: Application time: 0.0425990 seconds
194.369: [GC [PSYoungGen: 50118K->6668K(51200K)] 95647K->60034K(167936K), 0.0043910 secs] [Times: user=0.03 sys=0.00, real=0.00 secs] 
194.374: Total time for which application threads were stopped: 0.0045550 seconds, Stopping threads took: 0.0000760 seconds
194.399: Application time: 0.0250660 seconds
194.399: [GC [PSYoungGen: 50146K->6636K(51200K)] 103512K->60715K(167936K), 0.0025850 secs] [Times: user=0.02 sys=0.00, real=0.00 secs] 
194.402: Total time for which application threads were stopped: 0.0027660 seconds, Stopping threads took: 0.0000890 seconds
194.414: Application time: 0.0127730 seconds
194.415: [GC [PSYoungGen: 50121K->6636K(51200K)] 104199K->64277K(167936K), 0.0034160 secs] [Times: user=0.03 sys=0.00, real=0.01 secs] 
194.418: Total time for which application threads were stopped: 0.0036070 seconds, Stopping threads took: 0.0000980 seconds
194.576: Application time: 0.1577320 seconds
194.576: [GC [PSYoungGen: 50125K->6668K(51200K)] 107766K->74285K(167936K), 0.0049150 secs] [Times: user=0.03 sys=0.00, real=0.01 secs] 
194.581: Total time for which application threads were stopped: 0.0050730 seconds, Stopping threads took: 0.0000670 seconds
194.779: Application time: 0.1982640 seconds
194.779: [GC [PSYoungGen: 50162K->6668K(51200K)] 117779K->84972K(167936K), 0.0051130 secs] [Times: user=0.04 sys=0.00, real=0.00 secs] 
194.784: Total time for which application threads were stopped: 0.0052820 seconds, Stopping threads took: 0.0000560 seconds
194.966: Application time: 0.1816530 seconds
194.966: [GC [PSYoungGen: 50154K->6700K(51200K)] 128458K->94267K(167936K), 0.0048060 secs] [Times: user=0.03 sys=0.00, real=0.00 secs] 
194.971: Total time for which application threads were stopped: 0.0049570 seconds, Stopping threads took: 0.0000650 seconds
195.185: Application time: 0.2139010 seconds
195.185: [GC [PSYoungGen: 50188K->6732K(51200K)] 137755K->104274K(167936K), 0.0049450 secs] [Times: user=0.03 sys=0.00, real=0.01 secs] 
195.190: Total time for which application threads were stopped: 0.0051070 seconds, Stopping threads took: 0.0000740 seconds
195.356: Application time: 0.1661460 seconds
195.356: [GC [PSYoungGen: 50237K->6668K(51200K)] 147779K->116323K(167936K), 0.0056070 secs] [Times: user=0.04 sys=0.00, real=0.01 secs] 
195.362: [Full GC [PSYoungGen: 6668K->0K(51200K)] [ParOldGen: 109654K->29852K(116736K)] 116323K->29852K(167936K) [PSPermGen: 6109K->6109K(21504K)], 0.0108770 secs] [Times: user=0.06 sys=0.00, real=0.01 secs] 
195.373: Total time for which application threads were stopped: 0.0167130 seconds, Stopping threads took: 0.0000740 seconds
195.571: Application time: 0.1979730 seconds
195.571: [GC [PSYoungGen: 43488K->7157K(51200K)] 73340K->46288K(167936K), 0.0070210 secs] [Times: user=0.05 sys=0.00, real=0.01 secs] 
195.578: Total time for which application threads were stopped: 0.0071720 seconds, Stopping threads took: 0.0000660 seconds
195.748: Application time: 0.1704500 seconds
195.749: [GC [PSYoungGen: 50654K->6604K(51200K)] 89785K->56423K(167936K), 0.0050300 secs] [Times: user=0.04 sys=0.00, real=0.00 secs] 
195.754: Total time for which application threads were stopped: 0.0051880 seconds, Stopping threads took: 0.0000610 seconds
195.914: Application time: 0.1600290 seconds
195.914: [GC [PSYoungGen: 50093K->6636K(51200K)] 99912K->66431K(167936K), 0.0048720 secs] [Times: user=0.04 sys=0.00, real=0.01 secs] 
195.919: Total time for which application threads were stopped: 0.0050320 seconds, Stopping threads took: 0.0000570 seconds
196.088: Application time: 0.1691310 seconds
196.088: [GC [PSYoungGen: 50126K->6604K(51200K)] 109920K->77087K(167936K), 0.0051060 secs] [Times: user=0.04 sys=0.00, real=0.00 secs] 
196.093: Total time for which application threads were stopped: 0.0052760 seconds, Stopping threads took: 0.0000810 seconds
196.239: Application time: 0.1457450 seconds
196.239: [GC [PSYoungGen: 50112K->6669K(51200K)] 120595K->88552K(167936K), 0.0053850 secs] [Times: user=0.03 sys=0.00, real=0.00 secs] 
196.244: Total time for which application threads were stopped: 0.0055610 seconds, Stopping threads took: 0.0000850 seconds
196.404: Application time: 0.1594760 seconds
196.404: [GC [PSYoungGen: 50159K->6669K(51200K)] 132042K->96390K(167936K), 0.0043420 secs] [Times: user=0.03 sys=0.00, real=0.01 secs] 
196.408: Total time for which application threads were stopped: 0.0045400 seconds, Stopping threads took: 0.0001090 seconds
196.567: Application time: 0.1580800 seconds
196.567: [GC [PSYoungGen: 50158K->6669K(51200K)] 139879K->104941K(167936K), 0.0045890 secs] [Times: user=0.04 sys=0.00, real=0.00 secs] 
196.571: Total time for which application threads were stopped: 0.0047680 seconds, Stopping threads took: 0.0000810 seconds
196.736: Application time: 0.1646500 seconds
196.736: [GC [PSYoungGen: 50152K->6669K(51200K)] 148424K->114917K(167936K), 0.0049400 secs] [Times: user=0.04 sys=0.00, real=0.01 secs] 
196.741: [Full GC [PSYoungGen: 6669K->0K(51200K)] [ParOldGen: 108248K->26291K(116736K)] 114917K->26291K(167936K) [PSPermGen: 6109K->6109K(21504K)], 0.0101130 secs] [Times: user=0.05 sys=0.00, real=0.01 secs] 
196.751: Total time for which application threads were stopped: 0.0152870 seconds, Stopping threads took: 0.0000910 seconds
196.906: Application time: 0.1547960 seconds
196.906: [GC [PSYoungGen: 43492K->7157K(51200K)] 69783K->43433K(167936K), 0.0051830 secs] [Times: user=0.03 sys=0.00, real=0.00 secs] 
196.911: Total time for which application threads were stopped: 0.0053490 seconds, Stopping threads took: 0.0000630 seconds
197.064: Application time: 0.1523380 seconds
197.064: [GC [PSYoungGen: 50658K->6605K(51200K)] 86934K->53569K(167936K), 0.0050920 secs] [Times: user=0.04 sys=0.00, real=0.01 secs] 
197.069: Total time for which application threads were stopped: 0.0052460 seconds, Stopping threads took: 0.0000660 seconds
197.180: Application time: 0.1106320 seconds
197.180: [GC [PSYoungGen: 50131K->6637K(51200K)] 97095K->63577K(167936K), 0.0051380 secs] [Times: user=0.04 sys=0.00, real=0.00 secs] 
197.185: Total time for which application threads were stopped: 0.0053140 seconds, Stopping threads took: 0.0000740 seconds
197.202: Application time: 0.0168470 seconds
197.202: [GC [PSYoungGen: 50110K->6669K(51200K)] 107051K->65034K(167936K), 0.0027720 secs] [Times: user=0.02 sys=0.00, real=0.00 secs] 
197.205: Total time for which application threads were stopped: 0.0029290 seconds, Stopping threads took: 0.0000700 seconds
197.224: Application time: 0.0189170 seconds
197.224: [GC [PSYoungGen: 50169K->6637K(51200K)] 108534K->68566K(167936K), 0.0032990 secs] [Times: user=0.02 sys=0.00, real=0.01 secs] 
197.227: Total time for which application threads were stopped: 0.0034650 seconds, Stopping threads took: 0.0000810 seconds
197.265: Application time: 0.0375710 seconds
197.265: [GC [PSYoungGen: 50123K->6637K(51200K)] 112052K->73553K(167936K), 0.0035270 secs] [Times: user=0.03 sys=0.00, real=0.01 secs] 
197.268: Total time for which application threads were stopped: 0.0036920 seconds, Stopping threads took: 0.0000730 seconds
197.407: Application time: 0.1384310 seconds
197.407: [GC [PSYoungGen: 50128K->6669K(51200K)] 117045K->83561K(167936K), 0.0049670 secs] [Times: user=0.03 sys=0.00, real=0.00 secs] 
197.412: Total time for which application threads were stopped: 0.0051200 seconds, Stopping threads took: 0.0000650 seconds
197.557: Application time: 0.1450880 seconds
197.557: [GC [PSYoungGen: 50185K->6668K(51200K)] 127077K->94249K(167936K), 0.0053500 secs] [Times: user=0.04 sys=0.00, real=0.01 secs] 
197.563: Total time for which application threads were stopped: 0.0055350 seconds, Stopping threads took: 0.0000960 seconds
197.578: Application time: 0.0156970 seconds
197.578: [GC [PSYoungGen: 50149K->6668K(51200K)] 137729K->99237K(167936K), 0.0036330 secs] [Times: user=0.02 sys=0.00, real=0.00 secs] 
197.582: Total time for which application threads were stopped: 0.0037800 seconds, Stopping threads took: 0.0000610 seconds
197.600: Application time: 0.0175560 seconds
197.600: [GC [PSYoungGen: 50152K->6733K(51200K)] 142720K->103576K(167936K), 0.0035790 secs] [Times: user=0.03 sys=0.00, real=0.00 secs] 
197.603: Total time for which application threads were stopped: 0.0037520 seconds, Stopping threads took: 0.0000830 seconds
197.616: Application time: 0.0125560 seconds
197.616: [GC [PSYoungGen: 50214K->6668K(51200K)] 147058K->104225K(167936K), 0.0025890 secs] [Times: user=0.02 sys=0.00, real=0.01 secs] 
197.619: Total time for which application threads were stopped: 0.0027500 seconds, Stopping threads took: 0.0000790 seconds
197.705: Application time: 0.0862320 seconds
197.705: [GC [PSYoungGen: 50192K->6684K(51200K)] 147748K->115641K(167936K), 0.0055840 secs] [Times: user=0.05 sys=0.00, real=0.01 secs] 
197.711: [Full GC [PSYoungGen: 6684K->0K(51200K)] [ParOldGen: 108957K->32076K(116736K)] 115641K->32076K(167936K) [PSPermGen: 6109K->6109K(21504K)], 0.0097460 secs] [Times: user=0.05 sys=0.00, real=0.01 secs] 
197.721: Total time for which application threads were stopped: 0.0155800 seconds, Stopping threads took: 0.0000870 seconds
197.738: Application time: 0.0174280 seconds
197.738: [GC [PSYoungGen: 43482K->1585K(51200K)] 75558K->33661K(167936K), 0.0007420 secs] [Times: user=0.00 sys=0.00, real=0.00 secs] 
197.739: Total time for which application threads were stopped: 0.0008930 seconds, Stopping threads took: 0.0000850 seconds
197.754: Application time: 0.0149630 seconds
197.754: [GC [PSYoungGen: 45070K->6541K(51200K)] 77146K->39330K(167936K), 0.0024330 secs] [Times: user=0.02 sys=0.00, real=0.00 secs] 
197.756: Total time for which application threads were stopped: 0.0025840 seconds, Stopping threads took: 0.0000700 seconds
197.838: Application time: 0.0813560 seconds
197.838: [GC [PSYoungGen: 50033K->7157K(51200K)] 82822K->49217K(167936K), 0.0049040 secs] [Times: user=0.04 sys=0.00, real=0.00 secs] 
197.843: Total time for which application threads were stopped: 0.0050590 seconds, Stopping threads took: 0.0000650 seconds
197.935: Application time: 0.0920230 seconds
197.935: [GC [PSYoungGen: 50672K->7157K(51200K)] 92732K->59232K(167936K), 0.0053290 secs] [Times: user=0.04 sys=0.00, real=0.01 secs] 
197.940: Total time for which application threads were stopped: 0.0055120 seconds, Stopping threads took: 0.0000930 seconds
197.957: Application time: 0.0171330 seconds
197.958: [GC [PSYoungGen: 50641K->6476K(51200K)] 102716K->60689K(167936K), 0.0028100 secs] [Times: user=0.02 sys=0.00, real=0.01 secs] 
197.960: Total time for which application threads were stopped: 0.0029640 seconds, Stopping threads took: 0.0000690 seconds
197.978: Application time: 0.0171180 seconds
197.978: [GC [PSYoungGen: 49959K->6508K(51200K)] 104172K->61434K(167936K), 0.0025880 secs] [Times: user=0.02 sys=0.00, real=0.00 secs] 
197.980: Total time for which application threads were stopped: 0.0028000 seconds, Stopping threads took: 0.0001270 seconds
198.004: Application time: 0.0237060 seconds
198.004: [GC [PSYoungGen: 50029K->6540K(51200K)] 104955K->65741K(167936K), 0.0034700 secs] [Times: user=0.03 sys=0.00, real=0.01 secs] 
198.008: Total time for which application threads were stopped: 0.0036360 seconds, Stopping threads took: 0.0000760 seconds
198.023: Application time: 0.0152110 seconds
198.023: [GC [PSYoungGen: 50020K->6540K(51200K)] 109221K->70729K(167936K), 0.0037660 secs] [Times: user=0.03 sys=0.00, real=0.01 secs] 
198.027: Total time for which application threads were stopped: 0.0039440 seconds, Stopping threads took: 0.0000880 seconds
198.047: Application time: 0.0196460 seconds
198.047: [GC [PSYoungGen: 50029K->6572K(51200K)] 114218K->72899K(167936K), 0.0029570 secs] [Times: user=0.02 sys=0.00, real=0.00 secs] 
198.050: Total time for which application threads were stopped: 0.0031350 seconds, Stopping threads took: 0.0000910 seconds
198.089: Application time: 0.0397090 seconds
198.089: [GC [PSYoungGen: 50061K->6540K(51200K)] 116387K->78567K(167936K), 0.0037330 secs] [Times: user=0.03 sys=0.00, real=0.00 secs] 
198.093: Total time for which application threads were stopped: 0.0038870 seconds, Stopping threads took: 0.0000660 seconds
198.194: Application time: 0.1007100 seconds
198.194: [GC [PSYoungGen: 50055K->6636K(51200K)] 122081K->88638K(167936K), 0.0050950 secs] [Times: user=0.04 sys=0.00, real=0.01 secs] 
198.199: Total time for which application threads were stopped: 0.0052610 seconds, Stopping threads took: 0.0000770 seconds
198.217: Application time: 0.0173290 seconds
198.217: [GC [PSYoungGen: 50118K->6572K(51200K)] 132120K->88574K(167936K), 0.0023790 secs] [Times: user=0.02 sys=0.00, real=0.01 secs] 
198.219: Total time for which application threads were stopped: 0.0025620 seconds, Stopping threads took: 0.0000860 seconds
198.235: Application time: 0.0154960 seconds
198.235: [GC [PSYoungGen: 50066K->6684K(51200K)] 132068K->91536K(167936K), 0.0031880 secs] [Times: user=0.02 sys=0.00, real=0.01 secs] 
198.238: Total time for which application threads were stopped: 0.0033510 seconds, Stopping threads took: 0.0000740 seconds
198.250: Application time: 0.0123340 seconds
198.250: [GC [PSYoungGen: 50190K->6700K(51200K)] 135042K->93690K(167936K), 0.0028860 secs] [Times: user=0.02 sys=0.00, real=0.00 secs] 
198.253: Total time for which application threads were stopped: 0.0030400 seconds, Stopping threads took: 0.0000700 seconds
198.269: Application time: 0.0160470 seconds
198.270: [GC [PSYoungGen: 50194K->6700K(51200K)] 137184K->96540K(167936K), 0.0030890 secs] [Times: user=0.02 sys=0.00, real=0.00 secs] 
198.273: Total time for which application threads were stopped: 0.0032700 seconds, Stopping threads took: 0.0000820 seconds
198.289: Application time: 0.0165610 seconds
198.289: [GC [PSYoungGen: 50184K->6668K(51200K)] 140024K->100071K(167936K), 0.0034300 secs] [Times: user=0.03 sys=0.00, real=0.00 secs] 
198.293: Total time for which application threads were stopped: 0.0036040 seconds, Stopping threads took: 0.0000870 seconds
198.332: Application time: 0.0395610 seconds
198.333: [GC [PSYoungGen: 50190K->6700K(51200K)] 143592K->105802K(167936K), 0.0039090 secs] [Times: user=0.03 sys=0.00, real=0.00 secs] 
198.336: Total time for which application threads were stopped: 0.0040810 seconds, Stopping threads took: 0.0000840 seconds
198.354: Application time: 0.0171310 seconds
198.354: [GC [PSYoungGen: 50176K->6652K(51200K)] 149278K->107179K(167936K), 0.0027760 secs] [Times: user=0.02 sys=0.00, real=0.00 secs] 
198.357: Total time for which application threads were stopped: 0.0029530 seconds, Stopping threads took: 0.0000850 seconds
198.376: Application time: 0.0194430 seconds
198.376: [GC [PSYoungGen: 50143K->6701K(51200K)] 150670K->111511K(167936K), 0.0036030 secs] [Times: user=0.02 sys=0.00, real=0.01 secs] 
198.380: Total time for which application threads were stopped: 0.0037750 seconds, Stopping threads took: 0.0000830 seconds
198.423: Application time: 0.0429230 seconds
198.423: [GC [PSYoungGen: 50189K->6732K(51200K)] 154999K->117243K(167936K), 0.0037860 secs] [Times: user=0.02 sys=0.00, real=0.01 secs] 
198.427: [Full GC [PSYoungGen: 6732K->0K(51200K)] [ParOldGen: 110510K->25577K(116736K)] 117243K->25577K(167936K) [PSPermGen: 6109K->6109K(21504K)], 0.0098060 secs] [Times: user=0.05 sys=0.00, real=0.00 secs] 
198.437: Total time for which application threads were stopped: 0.0138020 seconds, Stopping threads took: 0.0000700 seconds
198.638: Application time: 0.2016000 seconds
198.638: [GC [PSYoungGen: 43486K->6540K(51200K)] 69063K->41381K(167936K), 0.0047450 secs] [Times: user=0.04 sys=0.00, real=0.00 secs] 
198.643: Total time for which application threads were stopped: 0.0049040 seconds, Stopping threads took: 0.0000640 seconds
198.830: Application time: 0.1865450 seconds
198.830: [GC [PSYoungGen: 50028K->6572K(51200K)] 84869K->51388K(167936K), 0.0048630 secs] [Times: user=0.04 sys=0.00, real=0.00 secs] 
198.835: Total time for which application threads were stopped: 0.0050410 seconds, Stopping threads took: 0.0000720 seconds
199.033: Application time: 0.1987070 seconds
199.033: [GC [PSYoungGen: 50060K->6540K(51200K)] 94876K->62044K(167936K), 0.0051520 secs] [Times: user=0.04 sys=0.00, real=0.01 secs] 
199.039: Total time for which application threads were stopped: 0.0053030 seconds, Stopping threads took: 0.0000630 seconds
199.246: Application time: 0.2072960 seconds
199.246: [GC [PSYoungGen: 50034K->6604K(51200K)] 105538K->72083K(167936K), 0.0049420 secs] [Times: user=0.03 sys=0.01, real=0.00 secs] 
199.251: Total time for which application threads were stopped: 0.0050850 seconds, Stopping threads took: 0.0000570 seconds
199.438: Application time: 0.1867540 seconds
199.438: [GC [PSYoungGen: 50109K->6668K(51200K)] 115588K->83547K(167936K), 0.0052830 secs] [Times: user=0.04 sys=0.00, real=0.00 secs] 
199.443: Total time for which application threads were stopped: 0.0054500 seconds, Stopping threads took: 0.0000680 seconds
199.649: Application time: 0.2053650 seconds
199.649: [GC [PSYoungGen: 50157K->6668K(51200K)] 127035K->93522K(167936K), 0.0049380 secs] [Times: user=0.04 sys=0.00, real=0.00 secs] 
199.654: Total time for which application threads were stopped: 0.0051080 seconds, Stopping threads took: 0.0000710 seconds
199.831: Application time: 0.1777250 seconds
199.832: [GC [PSYoungGen: 50157K->6668K(51200K)] 137011K->103498K(167936K), 0.0049530 secs] [Times: user=0.04 sys=0.00, real=0.00 secs] 
199.837: Total time for which application threads were stopped: 0.0051370 seconds, Stopping threads took: 0.0000920 seconds
200.013: Application time: 0.1767860 seconds
200.013: [GC [PSYoungGen: 50157K->6668K(51200K)] 146987K->112761K(167936K), 0.0047220 secs] [Times: user=0.02 sys=0.01, real=0.01 secs] 
200.018: [Full GC [PSYoungGen: 6668K->0K(51200K)] [ParOldGen: 106092K->27003K(116736K)] 112761K->27003K(167936K) [PSPermGen: 6109K->6109K(21504K)], 0.0103720 secs] [Times: user=0.05 sys=0.00, real=0.01 secs] 
200.029: Total time for which application threads were stopped: 0.0153250 seconds, Stopping threads took: 0.0000700 seconds
200.206: Application time: 0.1775170 seconds
200.206: [GC [PSYoungGen: 43489K->6540K(51200K)] 70493K->42094K(167936K), 0.0045400 secs] [Times: user=0.03 sys=0.00, real=0.00 secs] 
200.211: Total time for which application threads were stopped: 0.0046900 seconds, Stopping threads took: 0.0000620 seconds
200.362: Application time: 0.1511390 seconds
200.362: [GC [PSYoungGen: 50056K->6604K(51200K)] 85610K->52846K(167936K), 0.0050820 secs] [Times: user=0.04 sys=0.00, real=0.01 secs] 
200.367: Total time for which application threads were stopped: 0.0052280 seconds, Stopping threads took: 0.0000600 seconds
200.530: Application time: 0.1628990 seconds
200.530: [GC [PSYoungGen: 50087K->6669K(51200K)] 96329K->62174K(167936K), 0.0046780 secs] [Times: user=0.04 sys=0.00, real=0.00 secs] 
200.535: Total time for which application threads were stopped: 0.0048570 seconds, Stopping threads took: 0.0000780 seconds
200.687: Application time: 0.1518990 seconds
200.687: [GC [PSYoungGen: 50168K->6669K(51200K)] 105674K->72150K(167936K), 0.0049060 secs] [Times: user=0.04 sys=0.00, real=0.00 secs] 
200.692: Total time for which application threads were stopped: 0.0050590 seconds, Stopping threads took: 0.0000640 seconds
200.832: Application time: 0.1397520 seconds
200.832: [GC [PSYoungGen: 50152K->6637K(51200K)] 115633K->82094K(167936K), 0.0049980 secs] [Times: user=0.03 sys=0.00, real=0.00 secs] 
200.837: Total time for which application threads were stopped: 0.0051870 seconds, Stopping threads took: 0.0000980 seconds
201.005: Application time: 0.1682180 seconds
201.005: [GC [PSYoungGen: 50128K->6669K(51200K)] 125586K->92102K(167936K), 0.0051040 secs] [Times: user=0.03 sys=0.00, real=0.01 secs] 
201.010: Total time for which application threads were stopped: 0.0052500 seconds, Stopping threads took: 0.0000570 seconds
201.170: Application time: 0.1598250 seconds
201.170: [GC [PSYoungGen: 50160K->6669K(51200K)] 135594K->102078K(167936K), 0.0049140 secs] [Times: user=0.04 sys=0.00, real=0.00 secs] 
201.175: Total time for which application threads were stopped: 0.0050810 seconds, Stopping threads took: 0.0000660 seconds
201.255: Application time: 0.0799620 seconds
201.256: [GC [PSYoungGen: 50185K->6701K(51200K)] 145595K->111374K(167936K), 0.0048080 secs] [Times: user=0.03 sys=0.00, real=0.01 secs] 
201.261: [Full GC [PSYoungGen: 6701K->0K(51200K)] [ParOldGen: 104673K->27004K(116736K)] 111374K->27004K(167936K) [PSPermGen: 6109K->6109K(21504K)], 0.0099960 secs] [Times: user=0.06 sys=0.00, real=0.01 secs] 
201.271: Total time for which application threads were stopped: 0.0153380 seconds, Stopping threads took: 0.0003910 seconds
201.288: Application time: 0.0174210 seconds
201.288: [GC [PSYoungGen: 43482K->2297K(51200K)] 70486K->29302K(167936K), 0.0009500 secs] [Times: user=0.00 sys=0.00, real=0.00 secs] 
201.289: Total time for which application threads were stopped: 0.0010960 seconds, Stopping threads took: 0.0000790 seconds
201.305: Application time: 0.0157990 seconds
201.305: [GC [PSYoungGen: 45780K->5180K(51200K)] 72785K->32184K(167936K), 0.0018830 secs] [Times: user=0.01 sys=0.00, real=0.01 secs] 
201.307: Total time for which application threads were stopped: 0.0020450 seconds, Stopping threads took: 0.0000830 seconds
201.386: Application time: 0.0786550 seconds
201.386: [GC [PSYoungGen: 48681K->6509K(51200K)] 75686K->43489K(167936K), 0.0048650 secs] [Times: user=0.03 sys=0.00, real=0.00 secs] 
201.391: Total time for which application threads were stopped: 0.0050190 seconds, Stopping threads took: 0.0000670 seconds
201.543: Application time: 0.1525270 seconds
201.543: [GC [PSYoungGen: 50008K->6605K(51200K)] 86989K->54986K(167936K), 0.0052370 secs] [Times: user=0.04 sys=0.00, real=0.01 secs] 
201.549: Total time for which application threads were stopped: 0.0053930 seconds, Stopping threads took: 0.0000610 seconds
201.601: Application time: 0.0526550 seconds
201.601: [GC [PSYoungGen: 50118K->6668K(51200K)] 98500K->65026K(167936K), 0.0051410 secs] [Times: user=0.04 sys=0.00, real=0.01 secs] 
201.607: Total time for which application threads were stopped: 0.0053120 seconds, Stopping threads took: 0.0000810 seconds
201.623: Application time: 0.0164040 seconds
201.623: [GC [PSYoungGen: 50153K->6605K(51200K)] 108511K->66387K(167936K), 0.0027710 secs] [Times: user=0.02 sys=0.00, real=0.01 secs] 
201.626: Total time for which application threads were stopped: 0.0029370 seconds, Stopping threads took: 0.0000760 seconds
201.640: Application time: 0.0144790 seconds
201.641: [GC [PSYoungGen: 50088K->6669K(51200K)] 109870K->68589K(167936K), 0.0029940 secs] [Times: user=0.02 sys=0.00, real=0.00 secs] 
201.644: Total time for which application threads were stopped: 0.0031810 seconds, Stopping threads took: 0.0000960 seconds
201.707: Application time: 0.0630920 seconds
201.707: [GC [PSYoungGen: 50191K->6636K(51200K)] 112111K->77107K(167936K), 0.0046770 secs] [Times: user=0.03 sys=0.00, real=0.00 secs] 
201.711: Total time for which application threads were stopped: 0.0048530 seconds, Stopping threads took: 0.0000760 seconds
201.727: Application time: 0.0158900 seconds
201.728: [GC [PSYoungGen: 50114K->6700K(51200K)] 120585K->78597K(167936K), 0.0027010 secs] [Times: user=0.02 sys=0.00, real=0.00 secs] 
201.730: Total time for which application threads were stopped: 0.0029880 seconds, Stopping threads took: 0.0001990 seconds
201.748: Application time: 0.0176550 seconds
201.748: [GC [PSYoungGen: 50191K->6669K(51200K)] 122088K->84265K(167936K), 0.0039060 secs] [Times: user=0.03 sys=0.00, real=0.00 secs] 
201.752: Total time for which application threads were stopped: 0.0040870 seconds, Stopping threads took: 0.0000930 seconds
201.765: Application time: 0.0124730 seconds
201.765: [GC [PSYoungGen: 50155K->6636K(51200K)] 127752K->88508K(167936K), 0.0034320 secs] [Times: user=0.02 sys=0.00, real=0.01 secs] 
201.768: Total time for which application threads were stopped: 0.0035950 seconds, Stopping threads took: 0.0000780 seconds
201.929: Application time: 0.1611940 seconds
201.930: [GC [PSYoungGen: 50150K->6732K(51200K)] 132022K->98579K(167936K), 0.0049930 secs] [Times: user=0.04 sys=0.00, real=0.00 secs] 
201.935: Total time for which application threads were stopped: 0.0051550 seconds, Stopping threads took: 0.0000740 seconds
201.952: Application time: 0.0173810 seconds
201.952: [GC [PSYoungGen: 50208K->6652K(51200K)] 142055K->100637K(167936K), 0.0030480 secs] [Times: user=0.02 sys=0.00, real=0.00 secs] 
201.955: Total time for which application threads were stopped: 0.0032340 seconds, Stopping threads took: 0.0001020 seconds
201.975: Application time: 0.0195410 seconds
201.975: [GC [PSYoungGen: 50141K->6684K(51200K)] 144125K->102094K(167936K), 0.0028490 secs] [Times: user=0.02 sys=0.00, real=0.01 secs] 
201.978: Total time for which application threads were stopped: 0.0030130 seconds, Stopping threads took: 0.0000770 seconds
201.991: Application time: 0.0133700 seconds
201.991: [GC [PSYoungGen: 50171K->6652K(51200K)] 145581K->106337K(167936K), 0.0034230 secs] [Times: user=0.02 sys=0.00, real=0.00 secs] 
201.995: Total time for which application threads were stopped: 0.0035950 seconds, Stopping threads took: 0.0000840 seconds
202.086: Application time: 0.0914910 seconds
202.086: [GC [PSYoungGen: 50167K->6700K(51200K)] 149852K->117073K(167936K), 0.0053870 secs] [Times: user=0.05 sys=0.00, real=0.00 secs] 
202.092: [Full GC [PSYoungGen: 6700K->0K(51200K)] [ParOldGen: 110372K->27959K(116736K)] 117073K->27959K(167936K) [PSPermGen: 6109K->6109K(21504K)], 0.0100670 secs] [Times: user=0.05 sys=0.00, real=0.01 secs] 
202.102: Total time for which application threads were stopped: 0.0156770 seconds, Stopping threads took: 0.0000790 seconds
202.118: Application time: 0.0164220 seconds
202.118: [GC [PSYoungGen: 43484K->3722K(51200K)] 71443K->31682K(167936K), 0.0012560 secs] [Times: user=0.01 sys=0.00, real=0.00 secs] 
202.120: Total time for which application threads were stopped: 0.0014080 seconds, Stopping threads took: 0.0000810 seconds
202.136: Application time: 0.0165530 seconds
202.136: [GC [PSYoungGen: 47205K->6573K(51200K)] 75165K->34532K(167936K), 0.0023050 secs] [Times: user=0.02 sys=0.00, real=0.01 secs] 
202.139: Total time for which application threads were stopped: 0.0024830 seconds, Stopping threads took: 0.0000900 seconds
202.237: Application time: 0.0979590 seconds
202.237: [GC [PSYoungGen: 50064K->7157K(51200K)] 78024K->45108K(167936K), 0.0050760 secs] [Times: user=0.04 sys=0.00, real=0.01 secs] 
202.242: Total time for which application threads were stopped: 0.0052520 seconds, Stopping threads took: 0.0000780 seconds
202.355: Application time: 0.1127500 seconds
202.355: [GC [PSYoungGen: 50678K->6540K(51200K)] 88629K->54466K(167936K), 0.0051070 secs] [Times: user=0.04 sys=0.00, real=0.01 secs] 
202.360: Total time for which application threads were stopped: 0.0052930 seconds, Stopping threads took: 0.0000940 seconds
202.376: Application time: 0.0164890 seconds
202.377: [GC [PSYoungGen: 50024K->6572K(51200K)] 97950K->56636K(167936K), 0.0027020 secs] [Times: user=0.01 sys=0.00, real=0.01 secs] 
202.379: Total time for which application threads were stopped: 0.0028650 seconds, Stopping threads took: 0.0000860 seconds
202.399: Application time: 0.0198860 seconds
202.399: [GC [PSYoungGen: 50054K->6636K(51200K)] 100118K->59550K(167936K), 0.0031490 secs] [Times: user=0.03 sys=0.00, real=0.00 secs] 
202.403: Total time for which application threads were stopped: 0.0033370 seconds, Stopping threads took: 0.0000990 seconds
202.443: Application time: 0.0407300 seconds
202.443: [GC [PSYoungGen: 50152K->6652K(51200K)] 103066K->63841K(167936K), 0.0034470 secs] [Times: user=0.02 sys=0.00, real=0.01 secs] 
202.447: Total time for which application threads were stopped: 0.0036120 seconds, Stopping threads took: 0.0000770 seconds
202.461: Application time: 0.0136040 seconds
202.461: [GC [PSYoungGen: 50164K->6652K(51200K)] 107353K->67404K(167936K), 0.0032780 secs] [Times: user=0.02 sys=0.00, real=0.00 secs] 
202.464: Total time for which application threads were stopped: 0.0037880 seconds, Stopping threads took: 0.0004160 seconds
202.476: Application time: 0.0120270 seconds
202.477: [GC [PSYoungGen: 50143K->6636K(51200K)] 110894K->69525K(167936K), 0.0029470 secs] [Times: user=0.02 sys=0.00, real=0.01 secs] 
202.480: Total time for which application threads were stopped: 0.0031960 seconds, Stopping threads took: 0.0001620 seconds
202.491: Application time: 0.0118450 seconds
202.492: [GC [PSYoungGen: 50116K->6620K(51200K)] 113005K->70934K(167936K), 0.0027590 secs] [Times: user=0.02 sys=0.00, real=0.00 secs] 
202.494: Total time for which application threads were stopped: 0.0029290 seconds, Stopping threads took: 0.0000850 seconds
202.506: Application time: 0.0119300 seconds
202.506: [GC [PSYoungGen: 50106K->6669K(51200K)] 114420K->75970K(167936K), 0.0037460 secs] [Times: user=0.03 sys=0.00, real=0.00 secs] 
202.510: Total time for which application threads were stopped: 0.0039420 seconds, Stopping threads took: 0.0001090 seconds
202.525: Application time: 0.0143890 seconds
202.525: [GC [PSYoungGen: 50158K->6668K(51200K)] 119460K->76683K(167936K), 0.0026370 secs] [Times: user=0.02 sys=0.00, real=0.01 secs] 
202.527: Total time for which application threads were stopped: 0.0028300 seconds, Stopping threads took: 0.0001040 seconds
202.580: Application time: 0.0525510 seconds
202.580: [GC [PSYoungGen: 50157K->6684K(51200K)] 120171K->82399K(167936K), 0.0036350 secs] [Times: user=0.03 sys=0.00, real=0.00 secs] 
202.584: Total time for which application threads were stopped: 0.0037930 seconds, Stopping threads took: 0.0000710 seconds
202.778: Application time: 0.1941130 seconds
202.778: [GC [PSYoungGen: 50178K->6668K(51200K)] 125893K->93070K(167936K), 0.0051250 secs] [Times: user=0.03 sys=0.00, real=0.00 secs] 
202.783: Total time for which application threads were stopped: 0.0053010 seconds, Stopping threads took: 0.0000680 seconds
202.988: Application time: 0.2049740 seconds
202.988: [GC [PSYoungGen: 50154K->6732K(51200K)] 136556K->102397K(167936K), 0.0046890 secs] [Times: user=0.03 sys=0.00, real=0.00 secs] 
202.993: Total time for which application threads were stopped: 0.0048480 seconds, Stopping threads took: 0.0000710 seconds
203.197: Application time: 0.2044470 seconds
203.198: [GC [PSYoungGen: 50220K->6732K(51200K)] 145885K->112372K(167936K), 0.0049100 secs] [Times: user=0.04 sys=0.00, real=0.01 secs] 
203.203: [Full GC [PSYoungGen: 6732K->0K(51200K)] [ParOldGen: 105640K->28428K(116736K)] 112372K->28428K(167936K) [PSPermGen: 6109K->6109K(21504K)], 0.0104590 secs] [Times: user=0.05 sys=0.00, real=0.01 secs] 
203.213: Total time for which application threads were stopped: 0.0155740 seconds, Stopping threads took: 0.0000590 seconds
203.404: Application time: 0.1909930 seconds
203.404: [GC [PSYoungGen: 43494K->6636K(51200K)] 71922K->44327K(167936K), 0.0047100 secs] [Times: user=0.04 sys=0.00, real=0.01 secs] 
203.409: Total time for which application threads were stopped: 0.0048760 seconds, Stopping threads took: 0.0000620 seconds
203.612: Application time: 0.2033890 seconds
203.612: [GC [PSYoungGen: 50133K->6636K(51200K)] 87824K->55728K(167936K), 0.0051010 secs] [Times: user=0.04 sys=0.00, real=0.00 secs] 
203.618: Total time for which application threads were stopped: 0.0052380 seconds, Stopping threads took: 0.0000520 seconds
203.782: Application time: 0.1645250 seconds
203.782: [GC [PSYoungGen: 50125K->6636K(51200K)] 99216K->65703K(167936K), 0.0049410 secs] [Times: user=0.03 sys=0.00, real=0.01 secs] 
203.787: Total time for which application threads were stopped: 0.0050930 seconds, Stopping threads took: 0.0000610 seconds
203.953: Application time: 0.1662110 seconds
203.954: [GC [PSYoungGen: 50125K->6636K(51200K)] 109192K->75678K(167936K), 0.0049060 secs] [Times: user=0.03 sys=0.00, real=0.01 secs] 
203.958: Total time for which application threads were stopped: 0.0050930 seconds, Stopping threads took: 0.0000880 seconds
204.138: Application time: 0.1792890 seconds
204.138: [GC [PSYoungGen: 50135K->6668K(51200K)] 119177K->85686K(167936K), 0.0048980 secs] [Times: user=0.03 sys=0.00, real=0.00 secs] 
204.143: Total time for which application threads were stopped: 0.0050700 seconds, Stopping threads took: 0.0000830 seconds
204.328: Application time: 0.1854370 seconds
204.328: [GC [PSYoungGen: 50158K->6668K(51200K)] 129176K->94949K(167936K), 0.0047380 secs] [Times: user=0.03 sys=0.00, real=0.00 secs] 
204.333: Total time for which application threads were stopped: 0.0048880 seconds, Stopping threads took: 0.0000560 seconds
204.490: Application time: 0.1569560 seconds
204.490: [GC [PSYoungGen: 50159K->6669K(51200K)] 138440K->104212K(167936K), 0.0047480 secs] [Times: user=0.03 sys=0.00, real=0.00 secs] 
204.495: Total time for which application threads were stopped: 0.0049540 seconds, Stopping threads took: 0.0001050 seconds
204.641: Application time: 0.1454990 seconds
204.641: [GC [PSYoungGen: 50176K->6669K(51200K)] 147720K->114901K(167936K), 0.0052170 secs] [Times: user=0.04 sys=0.00, real=0.01 secs] 
204.647: [Full GC [PSYoungGen: 6669K->0K(51200K)] [ParOldGen: 108232K->25579K(116736K)] 114901K->25579K(167936K) [PSPermGen: 6109K->6109K(21504K)], 0.0096100 secs] [Times: user=0.05 sys=0.00, real=0.00 secs] 
204.657: Total time for which application threads were stopped: 0.0165050 seconds, Stopping threads took: 0.0000660 seconds
204.809: Application time: 0.1515040 seconds
204.809: [GC [PSYoungGen: 43482K->7125K(51200K)] 69062K->41968K(167936K), 0.0049920 secs] [Times: user=0.04 sys=0.00, real=0.00 secs] 
204.814: Total time for which application threads were stopped: 0.0051600 seconds, Stopping threads took: 0.0000760 seconds
204.977: Application time: 0.1628970 seconds
204.977: [GC [PSYoungGen: 50617K->7157K(51200K)] 85460K->51280K(167936K), 0.0048960 secs] [Times: user=0.04 sys=0.00, real=0.01 secs] 
204.982: Total time for which application threads were stopped: 0.0050580 seconds, Stopping threads took: 0.0000650 seconds
205.124: Application time: 0.1422450 seconds
205.124: [GC [PSYoungGen: 50658K->6573K(51200K)] 94780K->59959K(167936K), 0.0047510 secs] [Times: user=0.03 sys=0.00, real=0.01 secs] 
205.129: Total time for which application threads were stopped: 0.0049330 seconds, Stopping threads took: 0.0000810 seconds
205.279: Application time: 0.1497180 seconds
205.279: [GC [PSYoungGen: 50056K->7157K(51200K)] 103442K->69126K(167936K), 0.0047310 secs] [Times: user=0.03 sys=0.00, real=0.00 secs] 
205.284: Total time for which application threads were stopped: 0.0048950 seconds, Stopping threads took: 0.0000750 seconds
205.329: Application time: 0.0451540 seconds
205.329: [GC [PSYoungGen: 50672K->6509K(51200K)] 112642K->76316K(167936K), 0.0044980 secs] [Times: user=0.03 sys=0.00, real=0.00 secs] 
205.333: Total time for which application threads were stopped: 0.0046730 seconds, Stopping threads took: 0.0000860 seconds
205.351: Application time: 0.0175610 seconds
205.351: [GC [PSYoungGen: 49984K->6509K(51200K)] 119792K->76316K(167936K), 0.0023770 secs] [Times: user=0.02 sys=0.00, real=0.00 secs] 
205.353: Total time for which application threads were stopped: 0.0025450 seconds, Stopping threads took: 0.0000830 seconds
205.366: Application time: 0.0123350 seconds
205.366: [GC [PSYoungGen: 50004K->6573K(51200K)] 119812K->81368K(167936K), 0.0036910 secs] [Times: user=0.03 sys=0.00, real=0.00 secs] 
205.370: Total time for which application threads were stopped: 0.0038890 seconds, Stopping threads took: 0.0001020 seconds
205.465: Application time: 0.0949230 seconds
205.465: [GC [PSYoungGen: 50072K->6637K(51200K)] 124868K->92833K(167936K), 0.0053620 secs] [Times: user=0.04 sys=0.00, real=0.01 secs] 
205.470: Total time for which application threads were stopped: 0.0055250 seconds, Stopping threads took: 0.0000760 seconds
205.626: Application time: 0.1559610 seconds
205.626: [GC [PSYoungGen: 50149K->6685K(51200K)] 136345K->101432K(167936K), 0.0046520 secs] [Times: user=0.03 sys=0.00, real=0.00 secs] 
205.631: Total time for which application threads were stopped: 0.0048050 seconds, Stopping threads took: 0.0000550 seconds
205.650: Application time: 0.0192780 seconds
205.650: [GC [PSYoungGen: 50171K->6620K(51200K)] 144918K->106356K(167936K), 0.0038080 secs] [Times: user=0.03 sys=0.00, real=0.00 secs] 
205.654: Total time for which application threads were stopped: 0.0039770 seconds, Stopping threads took: 0.0000790 seconds
205.673: Application time: 0.0190760 seconds
205.673: [GC [PSYoungGen: 50100K->6669K(51200K)] 149835K->106404K(167936K), 0.0024180 secs] [Times: user=0.02 sys=0.00, real=0.00 secs] 
205.676: Total time for which application threads were stopped: 0.0026040 seconds, Stopping threads took: 0.0000970 seconds
205.688: Application time: 0.0118960 seconds
205.688: [GC [PSYoungGen: 50152K->6669K(51200K)] 149887K->107829K(167936K), 0.0027840 secs] [Times: user=0.02 sys=0.00, real=0.00 secs] 
205.691: Total time for which application threads were stopped: 0.0029470 seconds, Stopping threads took: 0.0000770 seconds
205.775: Application time: 0.0846110 seconds
205.775: [GC [PSYoungGen: 50192K->6636K(51200K)] 151353K->119198K(167936K), 0.0055570 secs] [Times: user=0.04 sys=0.00, real=0.01 secs] 
205.781: [Full GC [PSYoungGen: 6636K->0K(51200K)] [ParOldGen: 112561K->29328K(116736K)] 119198K->29328K(167936K) [PSPermGen: 6109K->6109K(21504K)], 0.0102910 secs] [Times: user=0.06 sys=0.00, real=0.01 secs] 
205.791: Total time for which application threads were stopped: 0.0160890 seconds, Stopping threads took: 0.0000950 seconds
205.806: Application time: 0.0147460 seconds
205.806: [GC [PSYoungGen: 43486K->6508K(51200K)] 72814K->37974K(167936K), 0.0027780 secs] [Times: user=0.02 sys=0.00, real=0.00 secs] 
205.809: Total time for which application threads were stopped: 0.0029240 seconds, Stopping threads took: 0.0000600 seconds
205.826: Application time: 0.0171600 seconds
205.826: [GC [PSYoungGen: 49993K->6477K(51200K)] 81459K->40793K(167936K), 0.0030570 secs] [Times: user=0.03 sys=0.00, real=0.00 secs] 
205.829: Total time for which application threads were stopped: 0.0032420 seconds, Stopping threads took: 0.0000880 seconds
205.895: Application time: 0.0657620 seconds
205.895: [GC [PSYoungGen: 49970K->7157K(51200K)] 84286K->50024K(167936K), 0.0048040 secs] [Times: user=0.03 sys=0.00, real=0.01 secs] 
205.900: Total time for which application threads were stopped: 0.0049820 seconds, Stopping threads took: 0.0000890 seconds
205.997: Application time: 0.0966770 seconds
205.997: [GC [PSYoungGen: 50672K->6540K(51200K)] 93539K->59382K(167936K), 0.0050960 secs] [Times: user=0.04 sys=0.00, real=0.01 secs] 
206.002: Total time for which application threads were stopped: 0.0052640 seconds, Stopping threads took: 0.0000720 seconds
206.019: Application time: 0.0172730 seconds
206.020: [GC [PSYoungGen: 50022K->6636K(51200K)] 102864K->59478K(167936K), 0.0023800 secs] [Times: user=0.02 sys=0.00, real=0.00 secs] 
206.022: Total time for which application threads were stopped: 0.0025390 seconds, Stopping threads took: 0.0000740 seconds
206.038: Application time: 0.0158930 seconds
206.038: [GC [PSYoungGen: 50123K->6540K(51200K)] 102965K->64370K(167936K), 0.0036380 secs] [Times: user=0.03 sys=0.00, real=0.00 secs] 
206.042: Total time for which application threads were stopped: 0.0038020 seconds, Stopping threads took: 0.0000680 seconds
206.119: Application time: 0.0775420 seconds
206.119: [GC [PSYoungGen: 50031K->6540K(51200K)] 107861K->73633K(167936K), 0.0047510 secs] [Times: user=0.04 sys=0.00, real=0.00 secs] 
206.124: Total time for which application threads were stopped: 0.0049040 seconds, Stopping threads took: 0.0000650 seconds
206.179: Application time: 0.0553750 seconds
206.180: [GC [PSYoungGen: 50055K->6636K(51200K)] 117148K->81567K(167936K), 0.0044920 secs] [Times: user=0.04 sys=0.00, real=0.00 secs] 
206.184: Total time for which application threads were stopped: 0.0046700 seconds, Stopping threads took: 0.0000820 seconds
206.201: Application time: 0.0166420 seconds
206.201: [GC [PSYoungGen: 50113K->6636K(51200K)] 125044K->82992K(167936K), 0.0028180 secs] [Times: user=0.02 sys=0.00, real=0.00 secs] 
206.204: Total time for which application threads were stopped: 0.0029910 seconds, Stopping threads took: 0.0000880 seconds
206.217: Application time: 0.0131880 seconds
206.217: [GC [PSYoungGen: 50121K->6604K(51200K)] 126477K->87235K(167936K), 0.0036400 secs] [Times: user=0.03 sys=0.00, real=0.01 secs] 
206.221: Total time for which application threads were stopped: 0.0038210 seconds, Stopping threads took: 0.0000890 seconds
206.337: Application time: 0.1162120 seconds
206.337: [GC [PSYoungGen: 50100K->6636K(51200K)] 130731K->97955K(167936K), 0.0051420 secs] [Times: user=0.04 sys=0.00, real=0.01 secs] 
206.342: Total time for which application threads were stopped: 0.0052970 seconds, Stopping threads took: 0.0000690 seconds
206.437: Application time: 0.0944970 seconds
206.437: [GC [PSYoungGen: 50151K->6732K(51200K)] 141470K->108739K(167936K), 0.0053140 secs] [Times: user=0.04 sys=0.00, real=0.01 secs] 
206.442: [Full GC [PSYoungGen: 6732K->0K(51200K)] [ParOldGen: 102006K->27003K(116736K)] 108739K->27003K(167936K) [PSPermGen: 6109K->6109K(21504K)], 0.0100340 secs] [Times: user=0.06 sys=0.00, real=0.01 secs] 
206.452: Total time for which application threads were stopped: 0.0155680 seconds, Stopping threads took: 0.0000790 seconds
206.468: Application time: 0.0156200 seconds
206.468: [GC [PSYoungGen: 43486K->5892K(51200K)] 70490K->32896K(167936K), 0.0020350 secs] [Times: user=0.01 sys=0.00, real=0.00 secs] 
206.470: Total time for which application threads were stopped: 0.0021830 seconds, Stopping threads took: 0.0000720 seconds
206.486: Application time: 0.0154570 seconds
206.486: [GC [PSYoungGen: 49826K->6572K(51200K)] 76830K->35714K(167936K), 0.0028350 secs] [Times: user=0.03 sys=0.00, real=0.00 secs] 
206.489: Total time for which application threads were stopped: 0.0029830 seconds, Stopping threads took: 0.0000660 seconds
206.506: Application time: 0.0178290 seconds
206.507: [GC [PSYoungGen: 50353K->6540K(51200K)] 79495K->42807K(167936K), 0.0043210 secs] [Times: user=0.03 sys=0.00, real=0.00 secs] 
206.511: Total time for which application threads were stopped: 0.0044900 seconds, Stopping threads took: 0.0000790 seconds
206.528: Application time: 0.0172250 seconds
206.528: [GC [PSYoungGen: 50024K->6572K(51200K)] 86291K->44977K(167936K), 0.0028950 secs] [Times: user=0.02 sys=0.00, real=0.00 secs] 
206.531: Total time for which application threads were stopped: 0.0030570 seconds, Stopping threads took: 0.0000740 seconds
206.547: Application time: 0.0157570 seconds
206.547: [GC [PSYoungGen: 50015K->6588K(51200K)] 88419K->44993K(167936K), 0.0023700 secs] [Times: user=0.02 sys=0.00, real=0.00 secs] 
206.550: Total time for which application threads were stopped: 0.0025340 seconds, Stopping threads took: 0.0000800 seconds
206.564: Application time: 0.0142440 seconds
206.564: [GC [PSYoungGen: 50145K->6604K(51200K)] 88550K->49284K(167936K), 0.0034920 secs] [Times: user=0.03 sys=0.00, real=0.01 secs] 
206.567: Total time for which application threads were stopped: 0.0036510 seconds, Stopping threads took: 0.0000710 seconds
206.583: Application time: 0.0158050 seconds
206.583: [GC [PSYoungGen: 50090K->6604K(51200K)] 92770K->52846K(167936K), 0.0033120 secs] [Times: user=0.02 sys=0.00, real=0.01 secs] 
206.587: Total time for which application threads were stopped: 0.0034660 seconds, Stopping threads took: 0.0000680 seconds
206.604: Application time: 0.0174570 seconds
206.604: [GC [PSYoungGen: 50087K->6604K(51200K)] 96329K->54272K(167936K), 0.0028030 secs] [Times: user=0.02 sys=0.00, real=0.01 secs] 
206.607: Total time for which application threads were stopped: 0.0029800 seconds, Stopping threads took: 0.0000870 seconds
206.690: Application time: 0.0827130 seconds
206.690: [GC [PSYoungGen: 50097K->6668K(51200K)] 97764K->64310K(167936K), 0.0048640 secs] [Times: user=0.03 sys=0.00, real=0.00 secs] 
206.695: Total time for which application threads were stopped: 0.0050490 seconds, Stopping threads took: 0.0000880 seconds
206.889: Application time: 0.1939920 seconds
206.889: [GC [PSYoungGen: 50162K->6636K(51200K)] 107805K->74966K(167936K), 0.0051480 secs] [Times: user=0.04 sys=0.00, real=0.00 secs] 
206.894: Total time for which application threads were stopped: 0.0053140 seconds, Stopping threads took: 0.0000800 seconds
207.103: Application time: 0.2090010 seconds
207.103: [GC [PSYoungGen: 50122K->6636K(51200K)] 118452K->84941K(167936K), 0.0049570 secs] [Times: user=0.04 sys=0.00, real=0.01 secs] 
207.108: Total time for which application threads were stopped: 0.0051220 seconds, Stopping threads took: 0.0000750 seconds
207.297: Application time: 0.1884590 seconds
207.297: [GC [PSYoungGen: 50124K->6700K(51200K)] 128429K->94981K(167936K), 0.0049110 secs] [Times: user=0.04 sys=0.00, real=0.01 secs] 
207.302: Total time for which application threads were stopped: 0.0050780 seconds, Stopping threads took: 0.0000700 seconds
207.503: Application time: 0.2015320 seconds
207.504: [GC [PSYoungGen: 50195K->6732K(51200K)] 138475K->105700K(167936K), 0.0051530 secs] [Times: user=0.04 sys=0.00, real=0.01 secs] 
207.509: Total time for which application threads were stopped: 0.0053070 seconds, Stopping threads took: 0.0000620 seconds
207.696: Application time: 0.1868040 seconds
207.696: [GC [PSYoungGen: 50229K->6668K(51200K)] 149197K->116324K(167936K), 0.0051940 secs] [Times: user=0.03 sys=0.00, real=0.01 secs] 
207.701: [Full GC [PSYoungGen: 6668K->0K(51200K)] [ParOldGen: 109656K->29854K(116736K)] 116324K->29854K(167936K) [PSPermGen: 6109K->6109K(21504K)], 0.0108920 secs] [Times: user=0.06 sys=0.00, real=0.01 secs] 
207.712: Total time for which application threads were stopped: 0.0163080 seconds, Stopping threads took: 0.0000810 seconds
207.888: Application time: 0.1764620 seconds
207.888: [GC [PSYoungGen: 43497K->6476K(51200K)] 73351K->47018K(167936K), 0.0050420 secs] [Times: user=0.03 sys=0.00, real=0.00 secs] 
207.894: Total time for which application threads were stopped: 0.0052070 seconds, Stopping threads took: 0.0000620 seconds
208.064: Application time: 0.1703140 seconds
208.064: [GC [PSYoungGen: 49966K->6540K(51200K)] 90508K->56345K(167936K), 0.0047370 secs] [Times: user=0.03 sys=0.00, real=0.01 secs] 
208.069: Total time for which application threads were stopped: 0.0049020 seconds, Stopping threads took: 0.0000740 seconds
208.230: Application time: 0.1613400 seconds
208.230: [GC [PSYoungGen: 50030K->6604K(51200K)] 99835K->66385K(167936K), 0.0049160 secs] [Times: user=0.04 sys=0.00, real=0.00 secs] 
208.235: Total time for which application threads were stopped: 0.0050800 seconds, Stopping threads took: 0.0000750 seconds
208.396: Application time: 0.1605450 seconds
208.396: [GC [PSYoungGen: 50094K->6668K(51200K)] 109875K->76425K(167936K), 0.0049330 secs] [Times: user=0.04 sys=0.00, real=0.01 secs] 
208.401: Total time for which application threads were stopped: 0.0051470 seconds, Stopping threads took: 0.0001100 seconds
208.547: Application time: 0.1458070 seconds
208.547: [GC [PSYoungGen: 50168K->6636K(51200K)] 119924K->87794K(167936K), 0.0053840 secs] [Times: user=0.04 sys=0.00, real=0.00 secs] 
208.552: Total time for which application threads were stopped: 0.0055480 seconds, Stopping threads took: 0.0000690 seconds
208.714: Application time: 0.1619110 seconds
208.714: [GC [PSYoungGen: 50134K->6637K(51200K)] 131291K->96344K(167936K), 0.0045280 secs] [Times: user=0.03 sys=0.00, real=0.01 secs] 
208.719: Total time for which application threads were stopped: 0.0046850 seconds, Stopping threads took: 0.0000680 seconds
208.872: Application time: 0.1535880 seconds
208.873: [GC [PSYoungGen: 50128K->6669K(51200K)] 139836K->107065K(167936K), 0.0050890 secs] [Times: user=0.04 sys=0.00, real=0.00 secs] 
208.878: Total time for which application threads were stopped: 0.0052530 seconds, Stopping threads took: 0.0000640 seconds
209.036: Application time: 0.1585700 seconds
209.036: [GC [PSYoungGen: 50160K->6669K(51200K)] 150557K->116329K(167936K), 0.0047810 secs] [Times: user=0.03 sys=0.00, real=0.01 secs] 
209.041: [Full GC [PSYoungGen: 6669K->0K(51200K)] [ParOldGen: 109660K->27005K(116736K)] 116329K->27005K(167936K) [PSPermGen: 6109K->6109K(21504K)], 0.0101270 secs] [Times: user=0.06 sys=0.00, real=0.01 secs] 
209.051: Total time for which application threads were stopped: 0.0151290 seconds, Stopping threads took: 0.0000680 seconds
209.200: Application time: 0.1486850 seconds
209.200: [GC [PSYoungGen: 43491K->7157K(51200K)] 70497K->43450K(167936K), 0.0049070 secs] [Times: user=0.03 sys=0.00, real=0.00 secs] 
209.205: Total time for which application threads were stopped: 0.0050650 seconds, Stopping threads took: 0.0000720 seconds
209.246: Application time: 0.0408080 seconds
209.246: [GC [PSYoungGen: 50673K->6541K(51200K)] 86966K->52097K(167936K), 0.0048810 secs] [Times: user=0.04 sys=0.00, real=0.00 secs] 
209.251: Total time for which application threads were stopped: 0.0050490 seconds, Stopping threads took: 0.0000810 seconds
209.268: Application time: 0.0168100 seconds
209.268: [GC [PSYoungGen: 50016K->6605K(51200K)] 95572K->52161K(167936K), 0.0023940 secs] [Times: user=0.02 sys=0.00, real=0.00 secs] 
209.270: Total time for which application threads were stopped: 0.0025590 seconds, Stopping threads took: 0.0000820 seconds
209.284: Application time: 0.0133730 seconds
209.284: [GC [PSYoungGen: 50088K->6605K(51200K)] 95644K->55012K(167936K), 0.0032010 secs] [Times: user=0.03 sys=0.00, real=0.01 secs] 
209.287: Total time for which application threads were stopped: 0.0033770 seconds, Stopping threads took: 0.0000880 seconds
209.428: Application time: 0.1405670 seconds
209.428: [GC [PSYoungGen: 50096K->6541K(51200K)] 98503K->64924K(167936K), 0.0049120 secs] [Times: user=0.04 sys=0.00, real=0.00 secs] 
209.433: Total time for which application threads were stopped: 0.0050740 seconds, Stopping threads took: 0.0000750 seconds
209.573: Application time: 0.1405850 seconds
209.573: [GC [PSYoungGen: 50041K->6637K(51200K)] 108423K->76421K(167936K), 0.0069280 secs] [Times: user=0.05 sys=0.00, real=0.01 secs] 
209.580: Total time for which application threads were stopped: 0.0070910 seconds, Stopping threads took: 0.0000680 seconds
209.733: Application time: 0.1528900 seconds
209.733: [GC [PSYoungGen: 50127K->6572K(51200K)] 119911K->86332K(167936K), 0.0049200 secs] [Times: user=0.04 sys=0.00, real=0.01 secs] 
209.738: Total time for which application threads were stopped: 0.0050720 seconds, Stopping threads took: 0.0000670 seconds
209.794: Application time: 0.0553640 seconds
209.794: [GC [PSYoungGen: 50122K->6700K(51200K)] 129882K->95723K(167936K), 0.0049820 secs] [Times: user=0.04 sys=0.00, real=0.01 secs] 
209.799: Total time for which application threads were stopped: 0.0055400 seconds, Stopping threads took: 0.0004660 seconds
209.812: Application time: 0.0130310 seconds
209.812: [GC [PSYoungGen: 50174K->6668K(51200K)] 139197K->96404K(167936K), 0.0026410 secs] [Times: user=0.01 sys=0.00, real=0.00 secs] 
209.815: Total time for which application threads were stopped: 0.0028040 seconds, Stopping threads took: 0.0000770 seconds
209.826: Application time: 0.0111750 seconds
209.827: [GC [PSYoungGen: 50153K->6669K(51200K)] 139888K->97829K(167936K), 0.0028250 secs] [Times: user=0.02 sys=0.00, real=0.00 secs] 
209.829: Total time for which application threads were stopped: 0.0031170 seconds, Stopping threads took: 0.0002100 seconds
209.842: Application time: 0.0121090 seconds
209.842: [GC [PSYoungGen: 50153K->6685K(51200K)] 141313K->102121K(167936K), 0.0035080 secs] [Times: user=0.02 sys=0.00, real=0.00 secs] 
209.845: Total time for which application threads were stopped: 0.0037700 seconds, Stopping threads took: 0.0001710 seconds
209.856: Application time: 0.0104250 seconds
209.856: [GC [PSYoungGen: 50170K->6669K(51200K)] 145606K->102817K(167936K), 0.0025150 secs] [Times: user=0.01 sys=0.00, real=0.01 secs] 
209.859: Total time for which application threads were stopped: 0.0027710 seconds, Stopping threads took: 0.0001730 seconds
209.873: Application time: 0.0140230 seconds
209.873: [GC [PSYoungGen: 50164K->6669K(51200K)] 146313K->109230K(167936K), 0.0042470 secs] [Times: user=0.03 sys=0.00, real=0.00 secs] 
209.877: [Full GC [PSYoungGen: 6669K->0K(51200K)] [ParOldGen: 102561K->29143K(116736K)] 109230K->29143K(167936K) [PSPermGen: 6109K->6109K(21504K)], 0.0103410 secs] [Times: user=0.06 sys=0.00, real=0.02 secs] 
209.887: Total time for which application threads were stopped: 0.0148180 seconds, Stopping threads took: 0.0000900 seconds
210.010: Application time: 0.1225460 seconds
210.010: [GC [PSYoungGen: 43490K->7157K(51200K)] 72633K->45579K(167936K), 0.0048260 secs] [Times: user=0.03 sys=0.00, real=0.00 secs] 
210.015: Total time for which application threads were stopped: 0.0049760 seconds, Stopping threads took: 0.0000570 seconds
210.045: Application time: 0.0299320 seconds
210.045: [GC [PSYoungGen: 50673K->6508K(51200K)] 89096K->52768K(167936K), 0.0043810 secs] [Times: user=0.04 sys=0.00, real=0.01 secs] 
210.049: Total time for which application threads were stopped: 0.0046070 seconds, Stopping threads took: 0.0001370 seconds
210.065: Application time: 0.0156930 seconds
210.065: [GC [PSYoungGen: 49987K->6572K(51200K)] 96247K->56395K(167936K), 0.0033640 secs] [Times: user=0.03 sys=0.00, real=0.01 secs] 
210.069: Total time for which application threads were stopped: 0.0035490 seconds, Stopping threads took: 0.0000960 seconds
210.083: Application time: 0.0141440 seconds
210.083: [GC [PSYoungGen: 50054K->6636K(51200K)] 99876K->57172K(167936K), 0.0025660 secs] [Times: user=0.02 sys=0.00, real=0.00 secs] 
210.086: Total time for which application threads were stopped: 0.0027590 seconds, Stopping threads took: 0.0000970 seconds
210.162: Application time: 0.0767850 seconds
210.163: [GC [PSYoungGen: 50160K->6572K(51200K)] 100696K->67083K(167936K), 0.0050270 secs] [Times: user=0.03 sys=0.00, real=0.01 secs] 
210.168: Total time for which application threads were stopped: 0.0052070 seconds, Stopping threads took: 0.0000900 seconds
210.183: Application time: 0.0154550 seconds
210.183: [GC [PSYoungGen: 50058K->6604K(51200K)] 110569K->68540K(167936K), 0.0025950 secs] [Times: user=0.02 sys=0.00, real=0.01 secs] 
210.186: Total time for which application threads were stopped: 0.0027670 seconds, Stopping threads took: 0.0000750 seconds
210.204: Application time: 0.0178870 seconds
210.204: [GC [PSYoungGen: 50085K->6604K(51200K)] 112021K->69253K(167936K), 0.0026140 secs] [Times: user=0.02 sys=0.00, real=0.01 secs] 
210.207: Total time for which application threads were stopped: 0.0028110 seconds, Stopping threads took: 0.0001040 seconds
210.281: Application time: 0.0747450 seconds
210.281: [GC [PSYoungGen: 50097K->6604K(51200K)] 112745K->78516K(167936K), 0.0047520 secs] [Times: user=0.03 sys=0.00, real=0.01 secs] 
210.286: Total time for which application threads were stopped: 0.0049250 seconds, Stopping threads took: 0.0000840 seconds
210.439: Application time: 0.1528530 seconds
210.439: [GC [PSYoungGen: 50636K->6684K(51200K)] 122547K->87146K(167936K), 0.0045350 secs] [Times: user=0.03 sys=0.00, real=0.00 secs] 
210.444: Total time for which application threads were stopped: 0.0046900 seconds, Stopping threads took: 0.0000680 seconds
210.468: Application time: 0.0238150 seconds
210.468: [GC [PSYoungGen: 50361K->6732K(51200K)] 130822K->91469K(167936K), 0.0035740 secs] [Times: user=0.02 sys=0.00, real=0.00 secs] 
210.471: Total time for which application threads were stopped: 0.0037490 seconds, Stopping threads took: 0.0000870 seconds
210.488: Application time: 0.0170940 seconds
210.489: [GC [PSYoungGen: 50213K->6668K(51200K)] 134949K->94968K(167936K), 0.0033930 secs] [Times: user=0.03 sys=0.00, real=0.00 secs] 
210.492: Total time for which application threads were stopped: 0.0035700 seconds, Stopping threads took: 0.0000890 seconds
210.504: Application time: 0.0121960 seconds
210.504: [GC [PSYoungGen: 50167K->6684K(51200K)] 138466K->95696K(167936K), 0.0026160 secs] [Times: user=0.01 sys=0.00, real=0.01 secs] 
210.507: Total time for which application threads were stopped: 0.0027820 seconds, Stopping threads took: 0.0000830 seconds
210.525: Application time: 0.0181330 seconds
210.525: [GC [PSYoungGen: 50187K->6668K(51200K)] 139199K->100668K(167936K), 0.0038270 secs] [Times: user=0.03 sys=0.00, real=0.01 secs] 
210.529: Total time for which application threads were stopped: 0.0040060 seconds, Stopping threads took: 0.0000900 seconds
210.546: Application time: 0.0172870 seconds
210.547: [GC [PSYoungGen: 50146K->6684K(51200K)] 144146K->102109K(167936K), 0.0028530 secs] [Times: user=0.03 sys=0.00, real=0.00 secs] 
210.549: Total time for which application threads were stopped: 0.0030370 seconds, Stopping threads took: 0.0000920 seconds
210.562: Application time: 0.0122390 seconds
210.562: [GC [PSYoungGen: 50166K->6668K(51200K)] 145591K->104943K(167936K), 0.0032400 secs] [Times: user=0.02 sys=0.00, real=0.00 secs] 
210.565: Total time for which application threads were stopped: 0.0033920 seconds, Stopping threads took: 0.0000660 seconds
210.662: Application time: 0.0972720 seconds
210.662: [GC [PSYoungGen: 50192K->6796K(51200K)] 148466K->115775K(167936K), 0.0052870 secs] [Times: user=0.04 sys=0.00, real=0.01 secs] 
210.668: [Full GC [PSYoungGen: 6796K->0K(51200K)] [ParOldGen: 108978K->25579K(116736K)] 115775K->25579K(167936K) [PSPermGen: 6109K->6109K(21504K)], 0.0095580 secs] [Times: user=0.05 sys=0.00, real=0.00 secs] 
210.677: Total time for which application threads were stopped: 0.0150780 seconds, Stopping threads took: 0.0000760 seconds
210.694: Application time: 0.0168290 seconds
210.694: [GC [PSYoungGen: 43485K->5860K(51200K)] 69065K->31439K(167936K), 0.0018340 secs] [Times: user=0.01 sys=0.00, real=0.00 secs] 
210.696: Total time for which application threads were stopped: 0.0019760 seconds, Stopping threads took: 0.0000600 seconds
210.713: Application time: 0.0172220 seconds
210.714: [GC [PSYoungGen: 49340K->6604K(51200K)] 74920K->32184K(167936K), 0.0022270 secs] [Times: user=0.01 sys=0.00, real=0.00 secs] 
210.716: Total time for which application threads were stopped: 0.0023980 seconds, Stopping threads took: 0.0000920 seconds
210.801: Application time: 0.0855190 seconds
210.801: [GC [PSYoungGen: 50097K->7157K(51200K)] 75676K->42015K(167936K), 0.0048420 secs] [Times: user=0.04 sys=0.00, real=0.01 secs] 
210.806: Total time for which application threads were stopped: 0.0049990 seconds, Stopping threads took: 0.0000670 seconds
210.986: Application time: 0.1792090 seconds
210.986: [GC [PSYoungGen: 50653K->6604K(51200K)] 85511K->52862K(167936K), 0.0052600 secs] [Times: user=0.04 sys=0.00, real=0.00 secs] 
210.991: Total time for which application threads were stopped: 0.0054190 seconds, Stopping threads took: 0.0000690 seconds
211.196: Application time: 0.2054550 seconds
211.197: [GC [PSYoungGen: 50092K->6572K(51200K)] 96350K->62806K(167936K), 0.0048430 secs] [Times: user=0.04 sys=0.00, real=0.01 secs] 
211.201: Total time for which application threads were stopped: 0.0050060 seconds, Stopping threads took: 0.0000650 seconds
211.375: Application time: 0.1735490 seconds
211.375: [GC [PSYoungGen: 50069K->6604K(51200K)] 106302K->74238K(167936K), 0.0052640 secs] [Times: user=0.04 sys=0.00, real=0.01 secs] 
211.380: Total time for which application threads were stopped: 0.0054210 seconds, Stopping threads took: 0.0000670 seconds
211.578: Application time: 0.1972400 seconds
211.578: [GC [PSYoungGen: 50101K->6668K(51200K)] 117734K->84990K(167936K), 0.0050660 secs] [Times: user=0.04 sys=0.00, real=0.00 secs] 
211.583: Total time for which application threads were stopped: 0.0052100 seconds, Stopping threads took: 0.0000510 seconds
211.763: Application time: 0.1798890 seconds
211.763: [GC [PSYoungGen: 50156K->6668K(51200K)] 128478K->95678K(167936K), 0.0051390 secs] [Times: user=0.04 sys=0.00, real=0.01 secs] 
211.768: Total time for which application threads were stopped: 0.0053100 seconds, Stopping threads took: 0.0000720 seconds
211.983: Application time: 0.2148480 seconds
211.983: [GC [PSYoungGen: 50166K->6668K(51200K)] 139175K->106365K(167936K), 0.0050570 secs] [Times: user=0.04 sys=0.00, real=0.01 secs] 
211.988: [Full GC [PSYoungGen: 6668K->0K(51200K)] [ParOldGen: 99697K->28429K(116736K)] 106365K->28429K(167936K) [PSPermGen: 6109K->6109K(21504K)], 0.0104660 secs] [Times: user=0.05 sys=0.01, real=0.01 secs] 
211.999: Total time for which application threads were stopped: 0.0157230 seconds, Stopping threads took: 0.0000560 seconds
212.164: Application time: 0.1656820 seconds
212.164: [GC [PSYoungGen: 43489K->7157K(51200K)] 71918K->44850K(167936K), 0.0048830 secs] [Times: user=0.04 sys=0.00, real=0.01 secs] 
212.169: Total time for which application threads were stopped: 0.0050420 seconds, Stopping threads took: 0.0000730 seconds
212.330: Application time: 0.1604960 seconds
212.330: [GC [PSYoungGen: 50655K->6540K(51200K)] 88348K->54921K(167936K), 0.0050690 secs] [Times: user=0.04 sys=0.00, real=0.00 secs] 
212.335: Total time for which application threads were stopped: 0.0052320 seconds, Stopping threads took: 0.0000690 seconds
212.485: Application time: 0.1502180 seconds
212.485: [GC [PSYoungGen: 50030K->6604K(51200K)] 98411K->65674K(167936K), 0.0051580 secs] [Times: user=0.04 sys=0.01, real=0.01 secs] 
212.491: Total time for which application threads were stopped: 0.0053270 seconds, Stopping threads took: 0.0000790 seconds
212.643: Application time: 0.1525930 seconds
212.643: [GC [PSYoungGen: 50104K->6669K(51200K)] 109173K->75713K(167936K), 0.0049520 secs] [Times: user=0.03 sys=0.00, real=0.01 secs] 
212.648: Total time for which application threads were stopped: 0.0051090 seconds, Stopping threads took: 0.0000700 seconds
212.805: Application time: 0.1567210 seconds
212.805: [GC [PSYoungGen: 50160K->6669K(51200K)] 119205K->84977K(167936K), 0.0047280 secs] [Times: user=0.03 sys=0.00, real=0.01 secs] 
212.810: Total time for which application threads were stopped: 0.0048830 seconds, Stopping threads took: 0.0000700 seconds
212.970: Application time: 0.1603320 seconds
212.970: [GC [PSYoungGen: 50160K->6669K(51200K)] 128468K->95665K(167936K), 0.0052160 secs] [Times: user=0.04 sys=0.00, real=0.00 secs] 
212.976: Total time for which application threads were stopped: 0.0053880 seconds, Stopping threads took: 0.0000750 seconds
213.132: Application time: 0.1562820 seconds
213.132: [GC [PSYoungGen: 50160K->6669K(51200K)] 139157K->104929K(167936K), 0.0047870 secs] [Times: user=0.04 sys=0.00, real=0.00 secs] 
213.137: Total time for which application threads were stopped: 0.0049380 seconds, Stopping threads took: 0.0000610 seconds
213.268: Application time: 0.1306180 seconds
213.268: [GC [PSYoungGen: 50193K->6701K(51200K)] 148453K->115650K(167936K), 0.0052100 secs] [Times: user=0.04 sys=0.00, real=0.00 secs] 
213.273: [Full GC [PSYoungGen: 6701K->0K(51200K)] [ParOldGen: 108949K->27718K(116736K)] 115650K->27718K(167936K) [PSPermGen: 6109K->6109K(21504K)], 0.0104750 secs] [Times: user=0.06 sys=0.00, real=0.01 secs] 
213.283: Total time for which application threads were stopped: 0.0159000 seconds, Stopping threads took: 0.0000740 seconds
213.301: Application time: 0.0175200 seconds
213.301: [GC [PSYoungGen: 43475K->3690K(51200K)] 71194K->31409K(167936K), 0.0012260 secs] [Times: user=0.01 sys=0.00, real=0.00 secs] 
213.302: Total time for which application threads were stopped: 0.0013860 seconds, Stopping threads took: 0.0000870 seconds
213.320: Application time: 0.0179450 seconds
213.320: [GC [PSYoungGen: 47172K->6573K(51200K)] 74891K->35717K(167936K), 0.0026390 secs] [Times: user=0.02 sys=0.00, real=0.00 secs] 
213.323: Total time for which application threads were stopped: 0.0028140 seconds, Stopping threads took: 0.0000910 seconds
213.348: Application time: 0.0253450 seconds
213.349: [GC [PSYoungGen: 50065K->6509K(51200K)] 79209K->38503K(167936K), 0.0028300 secs] [Times: user=0.02 sys=0.00, real=0.00 secs] 
213.351: Total time for which application threads were stopped: 0.0029810 seconds, Stopping threads took: 0.0000670 seconds
213.505: Application time: 0.1535510 seconds
213.505: [GC [PSYoungGen: 49992K->7157K(51200K)] 81986K->48423K(167936K), 0.0049590 secs] [Times: user=0.04 sys=0.00, real=0.01 secs] 
213.510: Total time for which application threads were stopped: 0.0051320 seconds, Stopping threads took: 0.0000750 seconds
213.657: Application time: 0.1464650 seconds
213.657: [GC [PSYoungGen: 50666K->6541K(51200K)] 91931K->58495K(167936K), 0.0051820 secs] [Times: user=0.04 sys=0.00, real=0.01 secs] 
213.662: Total time for which application threads were stopped: 0.0053700 seconds, Stopping threads took: 0.0000970 seconds
213.815: Application time: 0.1531710 seconds
213.815: [GC [PSYoungGen: 50023K->6636K(51200K)] 101977K->68566K(167936K), 0.0049100 secs] [Times: user=0.04 sys=0.00, real=0.01 secs] 
213.820: Total time for which application threads were stopped: 0.0050730 seconds, Stopping threads took: 0.0000740 seconds
213.848: Application time: 0.0281650 seconds
213.849: [GC [PSYoungGen: 50147K->6668K(51200K)] 112077K->72874K(167936K), 0.0035540 secs] [Times: user=0.02 sys=0.00, real=0.00 secs] 
213.852: Total time for which application threads were stopped: 0.0037330 seconds, Stopping threads took: 0.0000880 seconds
213.870: Application time: 0.0174370 seconds
213.870: [GC [PSYoungGen: 50146K->6637K(51200K)] 116352K->74267K(167936K), 0.0027830 secs] [Times: user=0.02 sys=0.00, real=0.00 secs] 
213.873: Total time for which application threads were stopped: 0.0029550 seconds, Stopping threads took: 0.0000860 seconds
213.885: Application time: 0.0123020 seconds
213.885: [GC [PSYoungGen: 50145K->6700K(51200K)] 117776K->75044K(167936K), 0.0026020 secs] [Times: user=0.02 sys=0.00, real=0.01 secs] 
213.888: Total time for which application threads were stopped: 0.0027800 seconds, Stopping threads took: 0.0000930 seconds
213.905: Application time: 0.0176400 seconds
213.905: [GC [PSYoungGen: 50195K->6636K(51200K)] 118538K->80680K(167936K), 0.0039760 secs] [Times: user=0.03 sys=0.00, real=0.01 secs] 
213.909: Total time for which application threads were stopped: 0.0041520 seconds, Stopping threads took: 0.0000860 seconds
213.925: Application time: 0.0153260 seconds
213.925: [GC [PSYoungGen: 50118K->6636K(51200K)] 124161K->84955K(167936K), 0.0035290 secs] [Times: user=0.03 sys=0.00, real=0.01 secs] 
213.928: Total time for which application threads were stopped: 0.0037080 seconds, Stopping threads took: 0.0000870 seconds
213.942: Application time: 0.0140340 seconds
213.943: [GC [PSYoungGen: 50120K->6668K(51200K)] 128438K->87125K(167936K), 0.0030030 secs] [Times: user=0.03 sys=0.00, real=0.00 secs] 
213.946: Total time for which application threads were stopped: 0.0031950 seconds, Stopping threads took: 0.0000960 seconds
214.066: Application time: 0.1198850 seconds
214.066: [GC [PSYoungGen: 50038K->6748K(51200K)] 130495K->95755K(167936K), 0.0045200 secs] [Times: user=0.04 sys=0.00, real=0.00 secs] 
214.070: Total time for which application threads were stopped: 0.0046920 seconds, Stopping threads took: 0.0000670 seconds
214.092: Application time: 0.0216910 seconds
214.092: [GC [PSYoungGen: 50380K->6700K(51200K)] 139387K->99982K(167936K), 0.0035910 secs] [Times: user=0.03 sys=0.00, real=0.00 secs] 
214.096: Total time for which application threads were stopped: 0.0037470 seconds, Stopping threads took: 0.0000660 seconds
214.113: Application time: 0.0170930 seconds
214.114: [GC [PSYoungGen: 50180K->6652K(51200K)] 143462K->102785K(167936K), 0.0031370 secs] [Times: user=0.02 sys=0.00, real=0.00 secs] 
214.117: Total time for which application threads were stopped: 0.0038910 seconds, Stopping threads took: 0.0006600 seconds
214.129: Application time: 0.0123620 seconds
214.129: [GC [PSYoungGen: 50133K->6668K(51200K)] 146265K->104226K(167936K), 0.0028020 secs] [Times: user=0.02 sys=0.00, real=0.00 secs] 
214.132: Total time for which application threads were stopped: 0.0029710 seconds, Stopping threads took: 0.0000820 seconds
214.173: Application time: 0.0412280 seconds
214.173: [GC [PSYoungGen: 50192K->6780K(51200K)] 147749K->110750K(167936K), 0.0041780 secs] [Times: user=0.03 sys=0.00, real=0.00 secs] 
214.178: [Full GC [PSYoungGen: 6780K->0K(51200K)] [ParOldGen: 103970K->25822K(116736K)] 110750K->25822K(167936K) [PSPermGen: 6109K->6109K(21504K)], 0.0095210 secs] [Times: user=0.06 sys=0.00, real=0.02 secs] 
214.187: Total time for which application threads were stopped: 0.0139560 seconds, Stopping threads took: 0.0001160 seconds
214.203: Application time: 0.0160000 seconds
214.203: [GC [PSYoungGen: 43478K->5860K(51200K)] 69300K->31682K(167936K), 0.0020940 secs] [Times: user=0.02 sys=0.00, real=0.00 secs] 
214.205: Total time for which application threads were stopped: 0.0022760 seconds, Stopping threads took: 0.0000930 seconds
214.219: Application time: 0.0139180 seconds
214.220: [GC [PSYoungGen: 49343K->6540K(51200K)] 75165K->34500K(167936K), 0.0029260 secs] [Times: user=0.02 sys=0.01, real=0.00 secs] 
214.223: Total time for which application threads were stopped: 0.0031150 seconds, Stopping threads took: 0.0001020 seconds
214.339: Application time: 0.1169120 seconds
214.340: [GC [PSYoungGen: 50038K->6572K(51200K)] 77998K->45220K(167936K), 0.0050210 secs] [Times: user=0.04 sys=0.00, real=0.00 secs] 
214.345: Total time for which application threads were stopped: 0.0051800 seconds, Stopping threads took: 0.0000680 seconds
214.493: Application time: 0.1484540 seconds
214.493: [GC [PSYoungGen: 50087K->6604K(51200K)] 88735K->55940K(167936K), 0.0051820 secs] [Times: user=0.04 sys=0.00, real=0.01 secs] 
214.498: Total time for which application threads were stopped: 0.0053520 seconds, Stopping threads took: 0.0000800 seconds
214.515: Application time: 0.0168150 seconds
214.515: [GC [PSYoungGen: 50082K->6636K(51200K)] 99417K->59534K(167936K), 0.0033900 secs] [Times: user=0.02 sys=0.00, real=0.01 secs] 
214.519: Total time for which application threads were stopped: 0.0035650 seconds, Stopping threads took: 0.0000890 seconds
214.538: Application time: 0.0196580 seconds
214.539: [GC [PSYoungGen: 50123K->6604K(51200K)] 103021K->60215K(167936K), 0.0025210 secs] [Times: user=0.02 sys=0.00, real=0.00 secs] 
214.541: Total time for which application threads were stopped: 0.0026810 seconds, Stopping threads took: 0.0000780 seconds
214.573: Application time: 0.0316040 seconds
214.573: [GC [PSYoungGen: 50123K->6604K(51200K)] 103734K->63065K(167936K), 0.0047380 secs] [Times: user=0.03 sys=0.01, real=0.01 secs] 
214.578: Total time for which application threads were stopped: 0.0049330 seconds, Stopping threads took: 0.0000830 seconds
214.594: Application time: 0.0164990 seconds
214.594: [GC [PSYoungGen: 50082K->6604K(51200K)] 106543K->68053K(167936K), 0.0037640 secs] [Times: user=0.02 sys=0.00, real=0.01 secs] 
214.598: Total time for which application threads were stopped: 0.0039430 seconds, Stopping threads took: 0.0000900 seconds
214.616: Application time: 0.0175910 seconds
214.616: [GC [PSYoungGen: 50085K->6604K(51200K)] 111533K->70903K(167936K), 0.0031450 secs] [Times: user=0.02 sys=0.00, real=0.01 secs] 
214.619: Total time for which application threads were stopped: 0.0033350 seconds, Stopping threads took: 0.0001040 seconds
214.636: Application time: 0.0164850 seconds
214.636: [GC [PSYoungGen: 50096K->6636K(51200K)] 114395K->71647K(167936K), 0.0022950 secs] [Times: user=0.02 sys=0.00, real=0.01 secs] 
214.638: Total time for which application threads were stopped: 0.0024760 seconds, Stopping threads took: 0.0000990 seconds
214.702: Application time: 0.0636360 seconds
214.702: [GC [PSYoungGen: 50154K->6604K(51200K)] 115165K->82303K(167936K), 0.0053310 secs] [Times: user=0.04 sys=0.00, real=0.01 secs] 
214.707: Total time for which application threads were stopped: 0.0054980 seconds, Stopping threads took: 0.0000750 seconds
214.723: Application time: 0.0162060 seconds
214.724: [GC [PSYoungGen: 50081K->6668K(51200K)] 125780K->84505K(167936K), 0.0030150 secs] [Times: user=0.02 sys=0.00, real=0.01 secs] 
214.727: Total time for which application threads were stopped: 0.0031830 seconds, Stopping threads took: 0.0000810 seconds
214.741: Application time: 0.0139570 seconds
214.741: [GC [PSYoungGen: 50153K->6700K(51200K)] 127989K->87387K(167936K), 0.0032420 secs] [Times: user=0.02 sys=0.00, real=0.00 secs] 
214.744: Total time for which application threads were stopped: 0.0034150 seconds, Stopping threads took: 0.0000830 seconds
214.891: Application time: 0.1467700 seconds
214.891: [GC [PSYoungGen: 50189K->6700K(51200K)] 130875K->97362K(167936K), 0.0049320 secs] [Times: user=0.03 sys=0.00, real=0.00 secs] 
214.896: Total time for which application threads were stopped: 0.0050860 seconds, Stopping threads took: 0.0000640 seconds
215.087: Application time: 0.1910960 seconds
215.087: [GC [PSYoungGen: 50196K->6732K(51200K)] 140858K->108081K(167936K), 0.0051720 secs] [Times: user=0.04 sys=0.00, real=0.00 secs] 
215.092: Total time for which application threads were stopped: 0.0053330 seconds, Stopping threads took: 0.0000640 seconds
215.287: Application time: 0.1945530 seconds
215.287: [GC [PSYoungGen: 50237K->6764K(51200K)] 151586K->118801K(167936K), 0.0052470 secs] [Times: user=0.04 sys=0.00, real=0.00 secs] 
215.292: [Full GC [PSYoungGen: 6764K->0K(51200K)] [ParOldGen: 112036K->27005K(116736K)] 118801K->27005K(167936K) [PSPermGen: 6109K->6109K(21504K)], 0.0101180 secs] [Times: user=0.06 sys=0.00, real=0.01 secs] 
215.302: Total time for which application threads were stopped: 0.0155670 seconds, Stopping threads took: 0.0000600 seconds
215.514: Application time: 0.2119310 seconds
215.514: [GC [PSYoungGen: 43479K->7157K(51200K)] 70484K->42712K(167936K), 0.0047180 secs] [Times: user=0.04 sys=0.00, real=0.01 secs] 
215.519: Total time for which application threads were stopped: 0.0048650 seconds, Stopping threads took: 0.0000590 seconds
215.687: Application time: 0.1681340 seconds
215.687: [GC [PSYoungGen: 50659K->6540K(51200K)] 86215K->53496K(167936K), 0.0053550 secs] [Times: user=0.04 sys=0.00, real=0.00 secs] 
215.693: Total time for which application threads were stopped: 0.0055110 seconds, Stopping threads took: 0.0000590 seconds
215.888: Application time: 0.1951160 seconds
215.888: [GC [PSYoungGen: 50029K->6572K(51200K)] 96984K->64216K(167936K), 0.0051260 secs] [Times: user=0.04 sys=0.00, real=0.00 secs] 
215.893: Total time for which application threads were stopped: 0.0052800 seconds, Stopping threads took: 0.0000650 seconds
216.083: Application time: 0.1895330 seconds
216.083: [GC [PSYoungGen: 50061K->6604K(51200K)] 107705K->74936K(167936K), 0.0051150 secs] [Times: user=0.04 sys=0.00, real=0.01 secs] 
216.088: Total time for which application threads were stopped: 0.0052630 seconds, Stopping threads took: 0.0000580 seconds
216.251: Application time: 0.1629750 seconds
216.251: [GC [PSYoungGen: 50102K->6636K(51200K)] 118434K->85656K(167936K), 0.0051550 secs] [Times: user=0.03 sys=0.00, real=0.00 secs] 
216.256: Total time for which application threads were stopped: 0.0053200 seconds, Stopping threads took: 0.0000660 seconds
216.417: Application time: 0.1603700 seconds
216.417: [GC [PSYoungGen: 50126K->6668K(51200K)] 129146K->95663K(167936K), 0.0050210 secs] [Times: user=0.04 sys=0.00, real=0.01 secs] 
216.422: Total time for which application threads were stopped: 0.0051900 seconds, Stopping threads took: 0.0000770 seconds
216.599: Application time: 0.1771790 seconds
216.599: [GC [PSYoungGen: 50159K->6668K(51200K)] 139154K->104927K(167936K), 0.0047750 secs] [Times: user=0.03 sys=0.00, real=0.00 secs] 
216.604: Total time for which application threads were stopped: 0.0049340 seconds, Stopping threads took: 0.0000730 seconds
216.763: Application time: 0.1587220 seconds
216.763: [GC [PSYoungGen: 50168K->6669K(51200K)] 148426K->114903K(167936K), 0.0049080 secs] [Times: user=0.04 sys=0.00, real=0.01 secs] 
216.768: [Full GC [PSYoungGen: 6669K->0K(51200K)] [ParOldGen: 108234K->24868K(116736K)] 114903K->24868K(167936K) [PSPermGen: 6109K->6109K(21504K)], 0.0098760 secs] [Times: user=0.05 sys=0.00, real=0.01 secs] 
216.778: Total time for which application threads were stopped: 0.0150020 seconds, Stopping threads took: 0.0000690 seconds
216.932: Application time: 0.1542940 seconds
216.932: [GC [PSYoungGen: 43499K->6541K(51200K)] 68368K->41385K(167936K), 0.0049630 secs] [Times: user=0.04 sys=0.00, real=0.00 secs] 
216.937: Total time for which application threads were stopped: 0.0051190 seconds, Stopping threads took: 0.0000660 seconds
217.099: Application time: 0.1618240 seconds
217.099: [GC [PSYoungGen: 50024K->6541K(51200K)] 84868K->50649K(167936K), 0.0047290 secs] [Times: user=0.04 sys=0.00, real=0.00 secs] 
217.104: Total time for which application threads were stopped: 0.0048790 seconds, Stopping threads took: 0.0000590 seconds
217.254: Application time: 0.1497490 seconds
217.254: [GC [PSYoungGen: 50041K->6637K(51200K)] 94149K->60721K(167936K), 0.0048560 secs] [Times: user=0.04 sys=0.00, real=0.01 secs] 
217.259: Total time for which application threads were stopped: 0.0050190 seconds, Stopping threads took: 0.0000760 seconds
217.289: Application time: 0.0302040 seconds
217.289: [GC [PSYoungGen: 50152K->6573K(51200K)] 104236K->67070K(167936K), 0.0041160 secs] [Times: user=0.03 sys=0.00, real=0.00 secs] 
217.293: Total time for which application threads were stopped: 0.0043040 seconds, Stopping threads took: 0.0000860 seconds
217.311: Application time: 0.0175100 seconds
217.311: [GC [PSYoungGen: 50048K->6637K(51200K)] 110546K->67134K(167936K), 0.0023590 secs] [Times: user=0.01 sys=0.00, real=0.00 secs] 
217.313: Total time for which application threads were stopped: 0.0025230 seconds, Stopping threads took: 0.0000780 seconds
217.326: Application time: 0.0128360 seconds
217.326: [GC [PSYoungGen: 50120K->6669K(51200K)] 110617K->69304K(167936K), 0.0029740 secs] [Times: user=0.02 sys=0.00, real=0.00 secs] 
217.329: Total time for which application threads were stopped: 0.0031440 seconds, Stopping threads took: 0.0000790 seconds
217.443: Application time: 0.1141300 seconds
217.443: [GC [PSYoungGen: 50160K->6637K(51200K)] 112795K->79248K(167936K), 0.0049330 secs] [Times: user=0.03 sys=0.00, real=0.01 secs] 
217.448: Total time for which application threads were stopped: 0.0051080 seconds, Stopping threads took: 0.0000860 seconds
217.604: Application time: 0.1552950 seconds
217.604: [GC [PSYoungGen: 50128K->6669K(51200K)] 122739K->88543K(167936K), 0.0048040 secs] [Times: user=0.04 sys=0.00, real=0.01 secs] 
217.609: Total time for which application threads were stopped: 0.0049660 seconds, Stopping threads took: 0.0000720 seconds
217.774: Application time: 0.1649430 seconds
217.774: [GC [PSYoungGen: 50169K->6701K(51200K)] 132043K->99264K(167936K), 0.0052100 secs] [Times: user=0.04 sys=0.00, real=0.01 secs] 
217.779: Total time for which application threads were stopped: 0.0053650 seconds, Stopping threads took: 0.0000680 seconds
217.941: Application time: 0.1618440 seconds
217.941: [GC [PSYoungGen: 50104K->6717K(51200K)] 142667K->106405K(167936K), 0.0041520 secs] [Times: user=0.04 sys=0.00, real=0.00 secs] 
217.945: Total time for which application threads were stopped: 0.0043080 seconds, Stopping threads took: 0.0000600 seconds
217.966: Application time: 0.0209900 seconds
217.966: [GC [PSYoungGen: 50190K->6748K(51200K)] 149878K->109287K(167936K), 0.0031500 secs] [Times: user=0.03 sys=0.00, real=0.00 secs] 
217.969: [Full GC [PSYoungGen: 6748K->0K(51200K)] [ParOldGen: 102538K->26300K(116736K)] 109287K->26300K(167936K) [PSPermGen: 6109K->6109K(21504K)], 0.0097380 secs] [Times: user=0.05 sys=0.00, real=0.01 secs] 
217.979: Total time for which application threads were stopped: 0.0131080 seconds, Stopping threads took: 0.0000820 seconds
217.993: Application time: 0.0138980 seconds
217.994: [GC [PSYoungGen: 43624K->3074K(51200K)] 69924K->29374K(167936K), 0.0011070 secs] [Times: user=0.00 sys=0.00, real=0.00 secs] 
217.995: Total time for which application threads were stopped: 0.0019010 seconds, Stopping threads took: 0.0007270 seconds
218.010: Application time: 0.0149200 seconds
218.010: [GC [PSYoungGen: 46555K->6604K(51200K)] 72856K->32905K(167936K), 0.0022240 secs] [Times: user=0.01 sys=0.00, real=0.00 secs] 
218.012: Total time for which application threads were stopped: 0.0023910 seconds, Stopping threads took: 0.0000840 seconds
218.022: Application time: 0.0095530 seconds
218.022: [GC [PSYoungGen: 50088K->5796K(51200K)] 76389K->32097K(167936K), 0.0019370 secs] [Times: user=0.01 sys=0.00, real=0.00 secs] 
218.024: Total time for which application threads were stopped: 0.0021010 seconds, Stopping threads took: 0.0000900 seconds
218.038: Application time: 0.0144020 seconds
218.039: [GC [PSYoungGen: 49284K->6605K(51200K)] 75585K->37181K(167936K), 0.0034510 secs] [Times: user=0.03 sys=0.00, real=0.00 secs] 
218.042: Total time for which application threads were stopped: 0.0036140 seconds, Stopping threads took: 0.0000730 seconds
218.053: Application time: 0.0114510 seconds
218.054: [GC [PSYoungGen: 50088K->6572K(51200K)] 80664K->42136K(167936K), 0.0037130 secs] [Times: user=0.02 sys=0.00, real=0.00 secs] 
218.057: Total time for which application threads were stopped: 0.0038920 seconds, Stopping threads took: 0.0000900 seconds
218.203: Application time: 0.1455970 seconds
218.203: [GC [PSYoungGen: 50096K->6604K(51200K)] 85660K->51431K(167936K), 0.0047150 secs] [Times: user=0.04 sys=0.00, real=0.01 secs] 
218.208: Total time for which application threads were stopped: 0.0049720 seconds, Stopping threads took: 0.0001700 seconds
218.224: Application time: 0.0162510 seconds
218.224: [GC [PSYoungGen: 50117K->6572K(51200K)] 94944K->55674K(167936K), 0.0035070 secs] [Times: user=0.02 sys=0.00, real=0.01 secs] 
218.228: Total time for which application threads were stopped: 0.0037650 seconds, Stopping threads took: 0.0001650 seconds
218.239: Application time: 0.0112730 seconds
218.240: [GC [PSYoungGen: 50055K->6604K(51200K)] 99157K->55706K(167936K), 0.0023340 secs] [Times: user=0.02 sys=0.00, real=0.00 secs] 
218.242: Total time for which application threads were stopped: 0.0030580 seconds, Stopping threads took: 0.0006430 seconds
218.252: Application time: 0.0098860 seconds
218.253: [GC [PSYoungGen: 50076K->6636K(51200K)] 99178K->57876K(167936K), 0.0028600 secs] [Times: user=0.02 sys=0.00, real=0.00 secs] 
218.255: Total time for which application threads were stopped: 0.0032990 seconds, Stopping threads took: 0.0003480 seconds
218.267: Application time: 0.0117960 seconds
218.267: [GC [PSYoungGen: 50129K->6637K(51200K)] 101368K->60726K(167936K), 0.0031210 secs] [Times: user=0.02 sys=0.00, real=0.00 secs] 
218.271: Total time for which application threads were stopped: 0.0033840 seconds, Stopping threads took: 0.0001720 seconds
218.281: Application time: 0.0107840 seconds
218.282: [GC [PSYoungGen: 50126K->6637K(51200K)] 104216K->62151K(167936K), 0.0026770 secs] [Times: user=0.02 sys=0.00, real=0.00 secs] 
218.284: Total time for which application threads were stopped: 0.0028430 seconds, Stopping threads took: 0.0000800 seconds
218.318: Application time: 0.0340380 seconds
218.318: [GC [PSYoungGen: 50125K->6572K(51200K)] 105640K->67075K(167936K), 0.0035350 secs] [Times: user=0.02 sys=0.00, real=0.00 secs] 
218.322: Total time for which application threads were stopped: 0.0036930 seconds, Stopping threads took: 0.0000710 seconds
218.502: Application time: 0.1795160 seconds
218.502: [GC [PSYoungGen: 50061K->6668K(51200K)] 110563K->77146K(167936K), 0.0049360 secs] [Times: user=0.03 sys=0.00, real=0.01 secs] 
218.507: Total time for which application threads were stopped: 0.0051150 seconds, Stopping threads took: 0.0000770 seconds
218.651: Application time: 0.1439560 seconds
218.651: [GC [PSYoungGen: 50183K->6668K(51200K)] 120661K->87834K(167936K), 0.0053530 secs] [Times: user=0.04 sys=0.00, real=0.00 secs] 
218.656: Total time for which application threads were stopped: 0.0055420 seconds, Stopping threads took: 0.0000970 seconds
218.671: Application time: 0.0146040 seconds
218.671: [GC [PSYoungGen: 50179K->6732K(51200K)] 131344K->91460K(167936K), 0.0033490 secs] [Times: user=0.02 sys=0.00, real=0.00 secs] 
218.674: Total time for which application threads were stopped: 0.0036600 seconds, Stopping threads took: 0.0002230 seconds
218.688: Application time: 0.0131080 seconds
218.688: [GC [PSYoungGen: 50209K->6732K(51200K)] 134937K->92885K(167936K), 0.0028210 secs] [Times: user=0.02 sys=0.00, real=0.00 secs] 
218.691: Total time for which application threads were stopped: 0.0030490 seconds, Stopping threads took: 0.0001400 seconds
218.702: Application time: 0.0115010 seconds
218.702: [GC [PSYoungGen: 50213K->6732K(51200K)] 136366K->95736K(167936K), 0.0031400 secs] [Times: user=0.02 sys=0.00, real=0.00 secs] 
218.706: Total time for which application threads were stopped: 0.0034830 seconds, Stopping threads took: 0.0002580 seconds
218.716: Application time: 0.0099680 seconds
218.716: [GC [PSYoungGen: 50223K->6732K(51200K)] 139226K->98586K(167936K), 0.0032070 secs] [Times: user=0.02 sys=0.00, real=0.01 secs] 
218.719: Total time for which application threads were stopped: 0.0033930 seconds, Stopping threads took: 0.0000980 seconds
218.736: Application time: 0.0168880 seconds
218.736: [GC [PSYoungGen: 50222K->6717K(51200K)] 142075K->102149K(167936K), 0.0034560 secs] [Times: user=0.02 sys=0.00, real=0.01 secs] 
218.739: Total time for which application threads were stopped: 0.0036170 seconds, Stopping threads took: 0.0000710 seconds
218.762: Application time: 0.0222720 seconds
218.762: [GC [PSYoungGen: 50235K->6716K(51200K)] 145667K->104998K(167936K), 0.0031620 secs] [Times: user=0.02 sys=0.00, real=0.00 secs] 
218.765: Total time for which application threads were stopped: 0.0033180 seconds, Stopping threads took: 0.0000660 seconds
218.782: Application time: 0.0168870 seconds
218.782: [GC [PSYoungGen: 50190K->6652K(51200K)] 148472K->105727K(167936K), 0.0026290 secs] [Times: user=0.01 sys=0.00, real=0.00 secs] 
218.785: Total time for which application threads were stopped: 0.0027980 seconds, Stopping threads took: 0.0000830 seconds
218.804: Application time: 0.0191610 seconds
218.804: [GC [PSYoungGen: 50145K->6668K(51200K)] 149219K->110066K(167936K), 0.0036420 secs] [Times: user=0.02 sys=0.00, real=0.01 secs] 
218.808: Total time for which application threads were stopped: 0.0038200 seconds, Stopping threads took: 0.0000890 seconds
218.836: Application time: 0.0284370 seconds
218.836: [GC [PSYoungGen: 50157K->6732K(51200K)] 153554K->115118K(167936K), 0.0035270 secs] [Times: user=0.02 sys=0.00, real=0.01 secs] 
218.840: [Full GC [PSYoungGen: 6732K->0K(51200K)] [ParOldGen: 108385K->24868K(116736K)] 115118K->24868K(167936K) [PSPermGen: 6109K->6109K(21504K)], 0.0100130 secs] [Times: user=0.05 sys=0.00, real=0.01 secs] 
218.850: Total time for which application threads were stopped: 0.0137640 seconds, Stopping threads took: 0.0000740 seconds
219.063: Application time: 0.2133960 seconds
219.063: [GC [PSYoungGen: 43494K->6508K(51200K)] 68362K->42064K(167936K), 0.0050540 secs] [Times: user=0.03 sys=0.00, real=0.01 secs] 
219.069: Total time for which application threads were stopped: 0.0052060 seconds, Stopping threads took: 0.0000560 seconds
219.256: Application time: 0.1870840 seconds
219.256: [GC [PSYoungGen: 49994K->6636K(51200K)] 85550K->51455K(167936K), 0.0047010 secs] [Times: user=0.04 sys=0.00, real=0.01 secs] 
219.260: Total time for which application threads were stopped: 0.0048620 seconds, Stopping threads took: 0.0000730 seconds
219.477: Application time: 0.2168750 seconds
219.477: [GC [PSYoungGen: 50133K->6636K(51200K)] 94951K->61430K(167936K), 0.0048970 secs] [Times: user=0.03 sys=0.01, real=0.01 secs] 
219.482: Total time for which application threads were stopped: 0.0050570 seconds, Stopping threads took: 0.0000740 seconds
219.663: Application time: 0.1801210 seconds
219.663: [GC [PSYoungGen: 50116K->6636K(51200K)] 104910K->70693K(167936K), 0.0047330 secs] [Times: user=0.04 sys=0.00, real=0.01 secs] 
219.667: Total time for which application threads were stopped: 0.0049020 seconds, Stopping threads took: 0.0000680 seconds
219.871: Application time: 0.2031810 seconds
219.871: [GC [PSYoungGen: 50141K->6668K(51200K)] 114197K->82125K(167936K), 0.0053920 secs] [Times: user=0.04 sys=0.00, real=0.00 secs] 
219.876: Total time for which application threads were stopped: 0.0055510 seconds, Stopping threads took: 0.0000670 seconds
220.079: Application time: 0.2028120 seconds
220.079: [GC [PSYoungGen: 50165K->6668K(51200K)] 125622K->92100K(167936K), 0.0048290 secs] [Times: user=0.03 sys=0.00, real=0.00 secs] 
220.084: Total time for which application threads were stopped: 0.0049740 seconds, Stopping threads took: 0.0000570 seconds
220.255: Application time: 0.1708390 seconds
220.255: [GC [PSYoungGen: 50149K->6668K(51200K)] 135581K->102076K(167936K), 0.0049630 secs] [Times: user=0.04 sys=0.00, real=0.01 secs] 
220.260: Total time for which application threads were stopped: 0.0051310 seconds, Stopping threads took: 0.0000650 seconds
220.426: Application time: 0.1661570 seconds
220.426: [GC [PSYoungGen: 50175K->6668K(51200K)] 145583K->112764K(167936K), 0.0051120 secs] [Times: user=0.03 sys=0.00, real=0.00 secs] 
220.431: [Full GC [PSYoungGen: 6668K->0K(51200K)] [ParOldGen: 106095K->27006K(116736K)] 112764K->27006K(167936K) [PSPermGen: 6109K->6109K(21504K)], 0.0101390 secs] [Times: user=0.06 sys=0.00, real=0.01 secs] 
220.442: Total time for which application threads were stopped: 0.0154620 seconds, Stopping threads took: 0.0000700 seconds
220.613: Application time: 0.1716660 seconds
220.613: [GC [PSYoungGen: 43481K->7157K(51200K)] 70487K->42714K(167936K), 0.0045840 secs] [Times: user=0.03 sys=0.01, real=0.01 secs] 
220.618: Total time for which application threads were stopped: 0.0047330 seconds, Stopping threads took: 0.0000620 seconds
220.779: Application time: 0.1609410 seconds
220.779: [GC [PSYoungGen: 50656K->6541K(51200K)] 86213K->51360K(167936K), 0.0046890 secs] [Times: user=0.04 sys=0.00, real=0.00 secs] 
220.784: Total time for which application threads were stopped: 0.0048700 seconds, Stopping threads took: 0.0000840 seconds
220.918: Application time: 0.1340320 seconds
220.918: [GC [PSYoungGen: 50031K->6605K(51200K)] 94851K->62113K(167936K), 0.0051470 secs] [Times: user=0.04 sys=0.00, real=0.00 secs] 
220.923: Total time for which application threads were stopped: 0.0053180 seconds, Stopping threads took: 0.0000830 seconds
221.079: Application time: 0.1556220 seconds
221.079: [GC [PSYoungGen: 50105K->6669K(51200K)] 105613K->72153K(167936K), 0.0049660 secs] [Times: user=0.03 sys=0.00, real=0.00 secs] 
221.084: Total time for which application threads were stopped: 0.0051240 seconds, Stopping threads took: 0.0000740 seconds
221.231: Application time: 0.1468050 seconds
221.231: [GC [PSYoungGen: 50152K->6669K(51200K)] 115636K->81416K(167936K), 0.0047640 secs] [Times: user=0.03 sys=0.00, real=0.00 secs] 
221.236: Total time for which application threads were stopped: 0.0049210 seconds, Stopping threads took: 0.0000700 seconds
221.397: Application time: 0.1609700 seconds
221.397: [GC [PSYoungGen: 50638K->6685K(51200K)] 125386K->89984K(167936K), 0.0045350 secs] [Times: user=0.04 sys=0.00, real=0.01 secs] 
221.401: Total time for which application threads were stopped: 0.0047210 seconds, Stopping threads took: 0.0000850 seconds
221.426: Application time: 0.0244530 seconds
221.426: [GC [PSYoungGen: 50442K->6669K(51200K)] 133740K->95668K(167936K), 0.0040400 secs] [Times: user=0.02 sys=0.01, real=0.00 secs] 
221.430: Total time for which application threads were stopped: 0.0042090 seconds, Stopping threads took: 0.0000800 seconds
221.448: Application time: 0.0182080 seconds
221.448: [GC [PSYoungGen: 50145K->6669K(51200K)] 139144K->96381K(167936K), 0.0026250 secs] [Times: user=0.02 sys=0.00, real=0.00 secs] 
221.451: Total time for which application threads were stopped: 0.0028120 seconds, Stopping threads took: 0.0001020 seconds
221.463: Application time: 0.0118870 seconds
221.463: [GC [PSYoungGen: 50153K->6669K(51200K)] 139865K->100656K(167936K), 0.0036260 secs] [Times: user=0.03 sys=0.00, real=0.01 secs] 
221.467: Total time for which application threads were stopped: 0.0038100 seconds, Stopping threads took: 0.0000880 seconds
221.610: Application time: 0.1431620 seconds
221.610: [GC [PSYoungGen: 50160K->6701K(51200K)] 144148K->110664K(167936K), 0.0049090 secs] [Times: user=0.04 sys=0.00, real=0.00 secs] 
221.615: [Full GC [PSYoungGen: 6701K->0K(51200K)] [ParOldGen: 103963K->27719K(116736K)] 110664K->27719K(167936K) [PSPermGen: 6109K->6109K(21504K)], 0.0103630 secs] [Times: user=0.05 sys=0.00, real=0.01 secs] 
221.625: Total time for which application threads were stopped: 0.0154780 seconds, Stopping threads took: 0.0000650 seconds
221.760: Application time: 0.1348270 seconds
221.760: [GC [PSYoungGen: 43500K->6541K(51200K)] 71219K->44237K(167936K), 0.0049170 secs] [Times: user=0.04 sys=0.00, real=0.00 secs] 
221.765: Total time for which application threads were stopped: 0.0050680 seconds, Stopping threads took: 0.0000620 seconds
221.931: Application time: 0.1654020 seconds
221.931: [GC [PSYoungGen: 50031K->6541K(51200K)] 87727K->54212K(167936K), 0.0048730 secs] [Times: user=0.04 sys=0.00, real=0.00 secs] 
221.936: Total time for which application threads were stopped: 0.0050690 seconds, Stopping threads took: 0.0000980 seconds
222.035: Application time: 0.0995900 seconds
222.035: [GC [PSYoungGen: 50056K->6636K(51200K)] 97728K->64996K(167936K), 0.0053330 secs] [Times: user=0.04 sys=0.00, real=0.01 secs] 
222.041: Total time for which application threads were stopped: 0.0055480 seconds, Stopping threads took: 0.0001270 seconds
222.055: Application time: 0.0141830 seconds
222.055: [GC [PSYoungGen: 50636K->6685K(51200K)] 108996K->67182K(167936K), 0.0029170 secs] [Times: user=0.02 sys=0.00, real=0.01 secs] 
222.058: Total time for which application threads were stopped: 0.0031010 seconds, Stopping threads took: 0.0000970 seconds
222.072: Application time: 0.0141230 seconds
222.073: [GC [PSYoungGen: 50396K->6637K(51200K)] 110893K->72122K(167936K), 0.0036420 secs] [Times: user=0.03 sys=0.00, real=0.00 secs] 
222.077: Total time for which application threads were stopped: 0.0046820 seconds, Stopping threads took: 0.0009490 seconds
222.088: Application time: 0.0106470 seconds
222.088: [GC [PSYoungGen: 50126K->6669K(51200K)] 115611K->75004K(167936K), 0.0031760 secs] [Times: user=0.02 sys=0.00, real=0.00 secs] 
222.091: Total time for which application threads were stopped: 0.0033320 seconds, Stopping threads took: 0.0000690 seconds
222.102: Application time: 0.0114240 seconds
222.102: [GC [PSYoungGen: 50153K->6668K(51200K)] 118489K->77142K(167936K), 0.0027970 secs] [Times: user=0.02 sys=0.00, real=0.00 secs] 
222.105: Total time for which application threads were stopped: 0.0029480 seconds, Stopping threads took: 0.0000670 seconds
222.123: Application time: 0.0174880 seconds
222.123: [GC [PSYoungGen: 50150K->6605K(51200K)] 120624K->79216K(167936K), 0.0030110 secs] [Times: user=0.02 sys=0.00, real=0.01 secs] 
222.126: Total time for which application threads were stopped: 0.0031860 seconds, Stopping threads took: 0.0000870 seconds
222.181: Application time: 0.0547880 seconds
222.181: [GC [PSYoungGen: 50096K->6636K(51200K)] 122707K->87085K(167936K), 0.0043030 secs] [Times: user=0.03 sys=0.00, real=0.00 secs] 
222.185: Total time for which application threads were stopped: 0.0044690 seconds, Stopping threads took: 0.0000800 seconds
222.247: Application time: 0.0617510 seconds
222.248: [GC [PSYoungGen: 50178K->6700K(51200K)] 130627K->94275K(167936K), 0.0043510 secs] [Times: user=0.03 sys=0.00, real=0.00 secs] 
222.252: Total time for which application threads were stopped: 0.0052520 seconds, Stopping threads took: 0.0008100 seconds
222.264: Application time: 0.0116740 seconds
222.264: [GC [PSYoungGen: 50184K->6700K(51200K)] 137759K->95700K(167936K), 0.0026940 secs] [Times: user=0.02 sys=0.00, real=0.01 secs] 
222.267: Total time for which application threads were stopped: 0.0029060 seconds, Stopping threads took: 0.0001220 seconds
222.279: Application time: 0.0122020 seconds
222.280: [GC [PSYoungGen: 50188K->6700K(51200K)] 139187K->99975K(167936K), 0.0035470 secs] [Times: user=0.02 sys=0.00, real=0.00 secs] 
222.283: Total time for which application threads were stopped: 0.0043020 seconds, Stopping threads took: 0.0006630 seconds
222.295: Application time: 0.0113080 seconds
222.295: [GC [PSYoungGen: 50187K->6652K(51200K)] 143462K->101352K(167936K), 0.0027890 secs] [Times: user=0.02 sys=0.00, real=0.01 secs] 
222.298: Total time for which application threads were stopped: 0.0034750 seconds, Stopping threads took: 0.0005960 seconds
222.308: Application time: 0.0103480 seconds
222.309: [GC [PSYoungGen: 50126K->6701K(51200K)] 144826K->102113K(167936K), 0.0025560 secs] [Times: user=0.02 sys=0.00, real=0.00 secs] 
222.311: Total time for which application threads were stopped: 0.0027390 seconds, Stopping threads took: 0.0000980 seconds
222.324: Application time: 0.0128170 seconds
222.324: [GC [PSYoungGen: 50196K->6701K(51200K)] 145608K->106388K(167936K), 0.0036180 secs] [Times: user=0.03 sys=0.00, real=0.01 secs] 
222.328: Total time for which application threads were stopped: 0.0038030 seconds, Stopping threads took: 0.0000890 seconds
222.465: Application time: 0.1368370 seconds
222.465: [GC [PSYoungGen: 50196K->6700K(51200K)] 149884K->116395K(167936K), 0.0048760 secs] [Times: user=0.04 sys=0.00, real=0.01 secs] 
222.470: [Full GC [PSYoungGen: 6700K->0K(51200K)] [ParOldGen: 109694K->27247K(116736K)] 116395K->27247K(167936K) [PSPermGen: 6111K->6111K(21504K)], 0.0101380 secs] [Times: user=0.05 sys=0.00, real=0.01 secs] 
222.480: Total time for which application threads were stopped: 0.0152340 seconds, Stopping threads took: 0.0000700 seconds
222.650: Application time: 0.1701250 seconds
222.650: [GC [PSYoungGen: 43480K->7125K(51200K)] 70727K->42922K(167936K), 0.0046800 secs] [Times: user=0.04 sys=0.00, real=0.00 secs] 
222.655: Total time for which application threads were stopped: 0.0048440 seconds, Stopping threads took: 0.0000740 seconds
222.758: Application time: 0.1033510 seconds
222.758: [GC [PSYoungGen: 50674K->6508K(51200K)] 86472K->52281K(167936K), 0.0050580 secs] [Times: user=0.03 sys=0.00, real=0.00 secs] 
222.763: Total time for which application threads were stopped: 0.0052380 seconds, Stopping threads took: 0.0000900 seconds
222.776: Application time: 0.0126860 seconds
222.776: [GC [PSYoungGen: 49992K->6572K(51200K)] 95765K->56620K(167936K), 0.0035100 secs] [Times: user=0.02 sys=0.00, real=0.01 secs] 
222.780: Total time for which application threads were stopped: 0.0037210 seconds, Stopping threads took: 0.0001250 seconds
222.790: Application time: 0.0097090 seconds
222.790: [GC [PSYoungGen: 50042K->6604K(51200K)] 100089K->58789K(167936K), 0.0029240 secs] [Times: user=0.02 sys=0.00, real=0.00 secs] 
222.793: Total time for which application threads were stopped: 0.0031280 seconds, Stopping threads took: 0.0001170 seconds
222.807: Application time: 0.0146220 seconds
222.807: [GC [PSYoungGen: 50091K->6636K(51200K)] 102276K->59534K(167936K), 0.0024480 secs] [Times: user=0.02 sys=0.01, real=0.00 secs] 
222.810: Total time for which application threads were stopped: 0.0026170 seconds, Stopping threads took: 0.0000860 seconds
222.822: Application time: 0.0122540 seconds
222.822: [GC [PSYoungGen: 50125K->6636K(51200K)] 103023K->61672K(167936K), 0.0029280 secs] [Times: user=0.02 sys=0.00, real=0.00 secs] 
222.825: Total time for which application threads were stopped: 0.0031220 seconds, Stopping threads took: 0.0001080 seconds
222.835: Application time: 0.0092560 seconds
222.835: [GC [PSYoungGen: 50111K->6636K(51200K)] 105147K->63810K(167936K), 0.0028690 secs] [Times: user=0.02 sys=0.00, real=0.00 secs] 
222.838: Total time for which application threads were stopped: 0.0030460 seconds, Stopping threads took: 0.0000780 seconds
222.863: Application time: 0.0248780 seconds
222.863: [GC [PSYoungGen: 50162K->6684K(51200K)] 107335K->69558K(167936K), 0.0039560 secs] [Times: user=0.03 sys=0.00, real=0.01 secs] 
222.867: Total time for which application threads were stopped: 0.0041290 seconds, Stopping threads took: 0.0000820 seconds
222.884: Application time: 0.0172900 seconds
222.884: [GC [PSYoungGen: 50166K->6636K(51200K)] 113040K->69510K(167936K), 0.0024140 secs] [Times: user=0.02 sys=0.00, real=0.01 secs] 
222.887: Total time for which application threads were stopped: 0.0025960 seconds, Stopping threads took: 0.0000970 seconds
222.902: Application time: 0.0159000 seconds
222.903: [GC [PSYoungGen: 50121K->6572K(51200K)] 112995K->73009K(167936K), 0.0033270 secs] [Times: user=0.02 sys=0.00, real=0.01 secs] 
222.906: Total time for which application threads were stopped: 0.0035170 seconds, Stopping threads took: 0.0001030 seconds
222.997: Application time: 0.0911720 seconds
222.997: [GC [PSYoungGen: 50064K->6556K(51200K)] 116500K->83680K(167936K), 0.0051530 secs] [Times: user=0.04 sys=0.00, real=0.01 secs] 
223.003: Total time for which application threads were stopped: 0.0053390 seconds, Stopping threads took: 0.0000880 seconds
223.211: Application time: 0.2082990 seconds
223.211: [GC [PSYoungGen: 50042K->6636K(51200K)] 127166K->93023K(167936K), 0.0047660 secs] [Times: user=0.04 sys=0.00, real=0.00 secs] 
223.216: Total time for which application threads were stopped: 0.0049090 seconds, Stopping threads took: 0.0000550 seconds
223.409: Application time: 0.1932960 seconds
223.409: [GC [PSYoungGen: 50139K->6764K(51200K)] 136525K->103839K(167936K), 0.0051780 secs] [Times: user=0.04 sys=0.00, real=0.00 secs] 
223.414: Total time for which application threads were stopped: 0.0053210 seconds, Stopping threads took: 0.0000540 seconds
223.620: Application time: 0.2059080 seconds
223.620: [GC [PSYoungGen: 50253K->6764K(51200K)] 147327K->113814K(167936K), 0.0049440 secs] [Times: user=0.04 sys=0.00, real=0.00 secs] 
223.625: [Full GC [PSYoungGen: 6764K->0K(51200K)] [ParOldGen: 107049K->27718K(116736K)] 113814K->27718K(167936K) [PSPermGen: 6111K->6111K(21504K)], 0.0102620 secs] [Times: user=0.05 sys=0.00, real=0.01 secs] 
223.636: Total time for which application threads were stopped: 0.0154160 seconds, Stopping threads took: 0.0000630 seconds
223.824: Application time: 0.1884370 seconds
223.824: [GC [PSYoungGen: 43492K->6572K(51200K)] 71211K->43554K(167936K), 0.0046960 secs] [Times: user=0.04 sys=0.00, real=0.01 secs] 
223.829: Total time for which application threads were stopped: 0.0048490 seconds, Stopping threads took: 0.0000590 seconds
224.027: Application time: 0.1977810 seconds
224.027: [GC [PSYoungGen: 50061K->6540K(51200K)] 87042K->53497K(167936K), 0.0049320 secs] [Times: user=0.03 sys=0.00, real=0.00 secs] 
224.032: Total time for which application threads were stopped: 0.0051030 seconds, Stopping threads took: 0.0000830 seconds
224.222: Application time: 0.1904920 seconds
224.222: [GC [PSYoungGen: 50037K->6604K(51200K)] 96994K->62824K(167936K), 0.0046360 secs] [Times: user=0.03 sys=0.00, real=0.01 secs] 
224.227: Total time for which application threads were stopped: 0.0048370 seconds, Stopping threads took: 0.0000920 seconds
224.391: Application time: 0.1642520 seconds
224.392: [GC [PSYoungGen: 50102K->6636K(51200K)] 106321K->72831K(167936K), 0.0048620 secs] [Times: user=0.03 sys=0.00, real=0.00 secs] 
224.396: Total time for which application threads were stopped: 0.0050080 seconds, Stopping threads took: 0.0000610 seconds
224.556: Application time: 0.1595430 seconds
224.556: [GC [PSYoungGen: 50126K->6668K(51200K)] 116321K->83552K(167936K), 0.0051780 secs] [Times: user=0.04 sys=0.00, real=0.01 secs] 
224.561: Total time for which application threads were stopped: 0.0053360 seconds, Stopping threads took: 0.0000660 seconds
224.727: Application time: 0.1658460 seconds
224.727: [GC [PSYoungGen: 50150K->6668K(51200K)] 127033K->93527K(167936K), 0.0049250 secs] [Times: user=0.04 sys=0.00, real=0.00 secs] 
224.732: Total time for which application threads were stopped: 0.0050990 seconds, Stopping threads took: 0.0000740 seconds
224.900: Application time: 0.1675500 seconds
224.900: [GC [PSYoungGen: 50176K->6669K(51200K)] 137035K->104216K(167936K), 0.0051540 secs] [Times: user=0.03 sys=0.00, real=0.00 secs] 
224.905: Total time for which application threads were stopped: 0.0053100 seconds, Stopping threads took: 0.0000610 seconds
225.063: Application time: 0.1573770 seconds
225.063: [GC [PSYoungGen: 50151K->6669K(51200K)] 147698K->113479K(167936K), 0.0048330 secs] [Times: user=0.04 sys=0.00, real=0.01 secs] 
225.068: [Full GC [PSYoungGen: 6669K->0K(51200K)] [ParOldGen: 106810K->25582K(116736K)] 113479K->25582K(167936K) [PSPermGen: 6111K->6111K(21504K)], 0.0100840 secs] [Times: user=0.05 sys=0.00, real=0.00 secs] 
225.078: Total time for which application threads were stopped: 0.0151530 seconds, Stopping threads took: 0.0000860 seconds
225.243: Application time: 0.1648860 seconds
225.243: [GC [PSYoungGen: 43500K->6541K(51200K)] 69082K->42099K(167936K), 0.0050100 secs] [Times: user=0.04 sys=0.00, real=0.01 secs] 
225.248: Total time for which application threads were stopped: 0.0052070 seconds, Stopping threads took: 0.0001000 seconds
225.399: Application time: 0.1516930 seconds
225.400: [GC [PSYoungGen: 50033K->6637K(51200K)] 85591K->52171K(167936K), 0.0049550 secs] [Times: user=0.04 sys=0.00, real=0.00 secs] 
225.405: Total time for which application threads were stopped: 0.0051090 seconds, Stopping threads took: 0.0000640 seconds
225.505: Application time: 0.1007350 seconds
225.505: [GC [PSYoungGen: 50162K->6637K(51200K)] 95696K->62860K(167936K), 0.0053530 secs] [Times: user=0.04 sys=0.00, real=0.01 secs] 
225.511: Total time for which application threads were stopped: 0.0055320 seconds, Stopping threads took: 0.0000870 seconds
225.527: Application time: 0.0157700 seconds
225.527: [GC [PSYoungGen: 50123K->6637K(51200K)] 106347K->66423K(167936K), 0.0032550 secs] [Times: user=0.02 sys=0.00, real=0.00 secs] 
225.530: Total time for which application threads were stopped: 0.0034310 seconds, Stopping threads took: 0.0000900 seconds
225.547: Application time: 0.0170550 seconds
225.547: [GC [PSYoungGen: 50119K->6573K(51200K)] 109905K->67784K(167936K), 0.0027670 secs] [Times: user=0.02 sys=0.00, real=0.00 secs] 
225.550: Total time for which application threads were stopped: 0.0029370 seconds, Stopping threads took: 0.0000830 seconds
225.621: Application time: 0.0714140 seconds
225.622: [GC [PSYoungGen: 50065K->6669K(51200K)] 111276K->77144K(167936K), 0.0047190 secs] [Times: user=0.04 sys=0.00, real=0.01 secs] 
225.626: Total time for which application threads were stopped: 0.0048630 seconds, Stopping threads took: 0.0000570 seconds
225.767: Application time: 0.1410890 seconds
225.768: [GC [PSYoungGen: 50152K->6669K(51200K)] 120627K->87119K(167936K), 0.0049720 secs] [Times: user=0.04 sys=0.00, real=0.00 secs] 
225.773: Total time for which application threads were stopped: 0.0051600 seconds, Stopping threads took: 0.0000850 seconds
225.923: Application time: 0.1504770 seconds
225.923: [GC [PSYoungGen: 50177K->6669K(51200K)] 130628K->97808K(167936K), 0.0051060 secs] [Times: user=0.03 sys=0.00, real=0.01 secs] 
225.928: Total time for which application threads were stopped: 0.0052720 seconds, Stopping threads took: 0.0000760 seconds
226.094: Application time: 0.1658560 seconds
226.094: [GC [PSYoungGen: 50151K->6700K(51200K)] 141290K->107815K(167936K), 0.0049240 secs] [Times: user=0.03 sys=0.00, real=0.01 secs] 
226.099: [Full GC [PSYoungGen: 6700K->0K(51200K)] [ParOldGen: 101114K->31311K(116736K)] 107815K->31311K(167936K) [PSPermGen: 6111K->6111K(21504K)], 0.0093690 secs] [Times: user=0.05 sys=0.00, real=0.01 secs] 
226.109: Total time for which application threads were stopped: 0.0144990 seconds, Stopping threads took: 0.0000690 seconds
226.253: Application time: 0.1443110 seconds
226.253: [GC [PSYoungGen: 43514K->6524K(51200K)] 74826K->45674K(167936K), 0.0043680 secs] [Times: user=0.03 sys=0.00, real=0.00 secs] 
226.258: Total time for which application threads were stopped: 0.0045270 seconds, Stopping threads took: 0.0000730 seconds
226.270: Application time: 0.0124500 seconds
226.270: [GC [PSYoungGen: 49949K->6588K(51200K)] 89099K->47875K(167936K), 0.0029420 secs] [Times: user=0.02 sys=0.00, real=0.00 secs] 
226.273: Total time for which application threads were stopped: 0.0031000 seconds, Stopping threads took: 0.0000580 seconds
226.284: Application time: 0.0109450 seconds
226.285: [GC [PSYoungGen: 50182K->6652K(51200K)] 91469K->50077K(167936K), 0.0028820 secs] [Times: user=0.02 sys=0.00, real=0.01 secs] 
226.288: Total time for which application threads were stopped: 0.0037590 seconds, Stopping threads took: 0.0007900 seconds
226.298: Application time: 0.0103420 seconds
226.299: [GC [PSYoungGen: 50132K->6572K(51200K)] 93557K->52135K(167936K), 0.0028870 secs] [Times: user=0.02 sys=0.00, real=0.00 secs] 
226.302: Total time for which application threads were stopped: 0.0037710 seconds, Stopping threads took: 0.0008000 seconds
226.312: Application time: 0.0105210 seconds
226.313: [GC [PSYoungGen: 50058K->6636K(51200K)] 95620K->54336K(167936K), 0.0029670 secs] [Times: user=0.02 sys=0.00, real=0.00 secs] 
226.316: Total time for which application threads were stopped: 0.0032300 seconds, Stopping threads took: 0.0001740 seconds
226.327: Application time: 0.0113330 seconds
226.328: [GC [PSYoungGen: 50119K->6621K(51200K)] 97818K->55033K(167936K), 0.0023630 secs] [Times: user=0.01 sys=0.01, real=0.00 secs] 
226.330: Total time for which application threads were stopped: 0.0031370 seconds, Stopping threads took: 0.0006910 seconds
226.341: Application time: 0.0105540 seconds
226.341: [GC [PSYoungGen: 50109K->6653K(51200K)] 98521K->57203K(167936K), 0.0028490 secs] [Times: user=0.02 sys=0.00, real=0.00 secs] 
226.344: Total time for which application threads were stopped: 0.0030590 seconds, Stopping threads took: 0.0001210 seconds
226.354: Application time: 0.0107370 seconds
226.355: [GC [PSYoungGen: 50137K->6621K(51200K)] 100687K->60021K(167936K), 0.0031240 secs] [Times: user=0.02 sys=0.00, real=0.01 secs] 
226.359: Total time for which application threads were stopped: 0.0040510 seconds, Stopping threads took: 0.0008350 seconds
226.370: Application time: 0.0112530 seconds
226.370: [GC [PSYoungGen: 50114K->6637K(51200K)] 103514K->65025K(167936K), 0.0036570 secs] [Times: user=0.03 sys=0.00, real=0.00 secs] 
226.374: Total time for which application threads were stopped: 0.0038050 seconds, Stopping threads took: 0.0000620 seconds
226.433: Application time: 0.0589000 seconds
226.433: [GC [PSYoungGen: 50133K->6636K(51200K)] 108521K->70725K(167936K), 0.0038260 secs] [Times: user=0.02 sys=0.00, real=0.00 secs] 
226.436: Total time for which application threads were stopped: 0.0039810 seconds, Stopping threads took: 0.0000720 seconds
226.483: Application time: 0.0466310 seconds
226.483: [GC [PSYoungGen: 50151K->6716K(51200K)] 114239K->79355K(167936K), 0.0047540 secs] [Times: user=0.03 sys=0.00, real=0.01 secs] 
226.488: Total time for which application threads were stopped: 0.0049260 seconds, Stopping threads took: 0.0000810 seconds
226.503: Application time: 0.0153220 seconds
226.504: [GC [PSYoungGen: 50195K->6636K(51200K)] 122834K->82125K(167936K), 0.0031620 secs] [Times: user=0.02 sys=0.01, real=0.01 secs] 
226.507: Total time for which application threads were stopped: 0.0033500 seconds, Stopping threads took: 0.0001010 seconds
226.521: Application time: 0.0141670 seconds
226.521: [GC [PSYoungGen: 50118K->6668K(51200K)] 125606K->82870K(167936K), 0.0026450 secs] [Times: user=0.02 sys=0.00, real=0.00 secs] 
226.524: Total time for which application threads were stopped: 0.0028330 seconds, Stopping threads took: 0.0001010 seconds
226.652: Application time: 0.1277760 seconds
226.652: [GC [PSYoungGen: 50164K->6764K(51200K)] 126365K->93654K(167936K), 0.0052480 secs] [Times: user=0.04 sys=0.00, real=0.00 secs] 
226.657: Total time for which application threads were stopped: 0.0054050 seconds, Stopping threads took: 0.0000670 seconds
226.814: Application time: 0.1567550 seconds
226.814: [GC [PSYoungGen: 50280K->6764K(51200K)] 137170K->103629K(167936K), 0.0050620 secs] [Times: user=0.04 sys=0.00, real=0.01 secs] 
226.819: Total time for which application threads were stopped: 0.0052230 seconds, Stopping threads took: 0.0000580 seconds
226.836: Application time: 0.0175470 seconds
226.837: [GC [PSYoungGen: 50240K->6668K(51200K)] 147104K->105750K(167936K), 0.0030360 secs] [Times: user=0.02 sys=0.00, real=0.01 secs] 
226.840: Total time for which application threads were stopped: 0.0032080 seconds, Stopping threads took: 0.0000860 seconds
226.857: Application time: 0.0171190 seconds
226.857: [GC [PSYoungGen: 50153K->6700K(51200K)] 149235K->111531K(167936K), 0.0039070 secs] [Times: user=0.03 sys=0.00, real=0.01 secs] 
226.861: [Full GC [PSYoungGen: 6700K->0K(51200K)] [ParOldGen: 104830K->27006K(116736K)] 111531K->27006K(167936K) [PSPermGen: 6111K->6111K(21504K)], 0.0100340 secs] [Times: user=0.05 sys=0.00, real=0.01 secs] 
226.871: Total time for which application threads were stopped: 0.0141600 seconds, Stopping threads took: 0.0000790 seconds
226.885: Application time: 0.0136560 seconds
226.885: [GC [PSYoungGen: 43491K->3010K(51200K)] 70498K->30017K(167936K), 0.0011810 secs] [Times: user=0.00 sys=0.00, real=0.01 secs] 
226.886: Total time for which application threads were stopped: 0.0013210 seconds, Stopping threads took: 0.0000720 seconds
226.929: Application time: 0.0426520 seconds
226.929: [GC [PSYoungGen: 46478K->6636K(51200K)] 73485K->34356K(167936K), 0.0024800 secs] [Times: user=0.01 sys=0.00, real=0.00 secs] 
226.931: Total time for which application threads were stopped: 0.0026540 seconds, Stopping threads took: 0.0000880 seconds
226.943: Application time: 0.0119900 seconds
226.943: [GC [PSYoungGen: 50190K->6604K(51200K)] 77909K->37174K(167936K), 0.0030570 secs] [Times: user=0.02 sys=0.00, real=0.01 secs] 
226.946: Total time for which application threads were stopped: 0.0032160 seconds, Stopping threads took: 0.0000720 seconds
226.959: Application time: 0.0127700 seconds
226.959: [GC [PSYoungGen: 50094K->6540K(51200K)] 80664K->43523K(167936K), 0.0039810 secs] [Times: user=0.03 sys=0.00, real=0.00 secs] 
226.963: Total time for which application threads were stopped: 0.0041560 seconds, Stopping threads took: 0.0000870 seconds
226.974: Application time: 0.0106920 seconds
226.974: [GC [PSYoungGen: 50025K->6572K(51200K)] 87007K->48542K(167936K), 0.0037000 secs] [Times: user=0.03 sys=0.00, real=0.01 secs] 
226.978: Total time for which application threads were stopped: 0.0039710 seconds, Stopping threads took: 0.0001810 seconds
226.989: Application time: 0.0110960 seconds
226.989: [GC [PSYoungGen: 50054K->6572K(51200K)] 92024K->49255K(167936K), 0.0025570 secs] [Times: user=0.02 sys=0.00, real=0.00 secs] 
226.992: Total time for which application threads were stopped: 0.0027230 seconds, Stopping threads took: 0.0000810 seconds
227.005: Application time: 0.0127100 seconds
227.005: [GC [PSYoungGen: 50053K->6636K(51200K)] 92735K->50744K(167936K), 0.0028230 secs] [Times: user=0.02 sys=0.00, real=0.01 secs] 
227.008: Total time for which application threads were stopped: 0.0030000 seconds, Stopping threads took: 0.0000890 seconds
227.203: Application time: 0.1953060 seconds
227.203: [GC [PSYoungGen: 50125K->6604K(51200K)] 94232K->60687K(167936K), 0.0048820 secs] [Times: user=0.04 sys=0.00, real=0.01 secs] 
227.208: Total time for which application threads were stopped: 0.0050310 seconds, Stopping threads took: 0.0000620 seconds
227.395: Application time: 0.1870320 seconds
227.395: [GC [PSYoungGen: 50103K->6700K(51200K)] 104186K->68621K(167936K), 0.0042780 secs] [Times: user=0.03 sys=0.00, real=0.01 secs] 
227.399: Total time for which application threads were stopped: 0.0044360 seconds, Stopping threads took: 0.0000640 seconds
227.620: Application time: 0.2207710 seconds
227.620: [GC [PSYoungGen: 50186K->6668K(51200K)] 112107K->78564K(167936K), 0.0048980 secs] [Times: user=0.03 sys=0.00, real=0.00 secs] 
227.625: Total time for which application threads were stopped: 0.0050640 seconds, Stopping threads took: 0.0000770 seconds
227.787: Application time: 0.1618460 seconds
227.787: [GC [PSYoungGen: 50157K->6668K(51200K)] 122052K->88539K(167936K), 0.0049960 secs] [Times: user=0.03 sys=0.00, real=0.00 secs] 
227.792: Total time for which application threads were stopped: 0.0051500 seconds, Stopping threads took: 0.0000640 seconds
228.001: Application time: 0.2092750 seconds
228.002: [GC [PSYoungGen: 50169K->6700K(51200K)] 132040K->99259K(167936K), 0.0051540 secs] [Times: user=0.04 sys=0.00, real=0.01 secs] 
228.007: Total time for which application threads were stopped: 0.0053110 seconds, Stopping threads took: 0.0000550 seconds
228.199: Application time: 0.1924870 seconds
228.199: [GC [PSYoungGen: 50180K->6700K(51200K)] 142739K->109234K(167936K), 0.0050030 secs] [Times: user=0.04 sys=0.00, real=0.00 secs] 
228.204: [Full GC [PSYoungGen: 6700K->0K(51200K)] [ParOldGen: 102534K->30569K(116736K)] 109234K->30569K(167936K) [PSPermGen: 6111K->6111K(21504K)], 0.0111090 secs] [Times: user=0.06 sys=0.00, real=0.01 secs] 
228.216: Total time for which application threads were stopped: 0.0163230 seconds, Stopping threads took: 0.0000700 seconds
228.392: Application time: 0.1768280 seconds
228.393: [GC [PSYoungGen: 43506K->6604K(51200K)] 74075K->46437K(167936K), 0.0047070 secs] [Times: user=0.03 sys=0.00, real=0.00 secs] 
228.397: Total time for which application threads were stopped: 0.0048740 seconds, Stopping threads took: 0.0000750 seconds
228.584: Application time: 0.1867060 seconds
228.584: [GC [PSYoungGen: 50093K->6572K(51200K)] 89926K->55668K(167936K), 0.0045420 secs] [Times: user=0.04 sys=0.00, real=0.01 secs] 
228.589: Total time for which application threads were stopped: 0.0046940 seconds, Stopping threads took: 0.0000540 seconds
228.741: Application time: 0.1520860 seconds
228.741: [GC [PSYoungGen: 50062K->6604K(51200K)] 99157K->65675K(167936K), 0.0049020 secs] [Times: user=0.04 sys=0.00, real=0.01 secs] 
228.746: Total time for which application threads were stopped: 0.0050790 seconds, Stopping threads took: 0.0000880 seconds
228.904: Application time: 0.1578250 seconds
228.904: [GC [PSYoungGen: 50112K->6668K(51200K)] 109182K->75715K(167936K), 0.0049260 secs] [Times: user=0.04 sys=0.00, real=0.01 secs] 
228.909: Total time for which application threads were stopped: 0.0050770 seconds, Stopping threads took: 0.0000590 seconds
229.060: Application time: 0.1507880 seconds
229.060: [GC [PSYoungGen: 50150K->6669K(51200K)] 119197K->84978K(167936K), 0.0047750 secs] [Times: user=0.04 sys=0.00, real=0.00 secs] 
229.065: Total time for which application threads were stopped: 0.0049510 seconds, Stopping threads took: 0.0000850 seconds
229.228: Application time: 0.1636730 seconds
229.228: [GC [PSYoungGen: 50151K->6669K(51200K)] 128461K->94954K(167936K), 0.0049670 secs] [Times: user=0.04 sys=0.00, real=0.00 secs] 
229.233: Total time for which application threads were stopped: 0.0051440 seconds, Stopping threads took: 0.0000770 seconds
229.397: Application time: 0.1635210 seconds
229.397: [GC [PSYoungGen: 50160K->6669K(51200K)] 138446K->104218K(167936K), 0.0048250 secs] [Times: user=0.04 sys=0.00, real=0.01 secs] 
229.402: Total time for which application threads were stopped: 0.0049910 seconds, Stopping threads took: 0.0000690 seconds
229.568: Application time: 0.1658260 seconds
229.568: [GC [PSYoungGen: 50169K->6669K(51200K)] 147719K->112056K(167936K), 0.0042500 secs] [Times: user=0.03 sys=0.00, real=0.00 secs] 
229.572: [Full GC [PSYoungGen: 6669K->0K(51200K)] [ParOldGen: 105387K->24870K(116736K)] 112056K->24870K(167936K) [PSPermGen: 6111K->6111K(21504K)], 0.0099110 secs] [Times: user=0.05 sys=0.00, real=0.01 secs] 
229.582: Total time for which application threads were stopped: 0.0145110 seconds, Stopping threads took: 0.0002040 seconds
229.608: Application time: 0.0258470 seconds
229.608: [GC [PSYoungGen: 43525K->6541K(51200K)] 68395K->37111K(167936K), 0.0039010 secs] [Times: user=0.03 sys=0.00, real=0.00 secs] 
229.612: Total time for which application threads were stopped: 0.0040700 seconds, Stopping threads took: 0.0000800 seconds
229.629: Application time: 0.0172630 seconds
229.630: [GC [PSYoungGen: 50016K->6541K(51200K)] 80587K->37112K(167936K), 0.0022920 secs] [Times: user=0.02 sys=0.00, real=0.00 secs] 
229.632: Total time for which application threads were stopped: 0.0024530 seconds, Stopping threads took: 0.0000790 seconds
229.645: Application time: 0.0126820 seconds
229.645: [GC [PSYoungGen: 50026K->6509K(51200K)] 80597K->42068K(167936K), 0.0037360 secs] [Times: user=0.03 sys=0.00, real=0.01 secs] 
229.648: Total time for which application threads were stopped: 0.0039140 seconds, Stopping threads took: 0.0000870 seconds
229.775: Application time: 0.1265330 seconds
229.775: [GC [PSYoungGen: 50000K->6541K(51200K)] 85559K->52076K(167936K), 0.0049090 secs] [Times: user=0.04 sys=0.00, real=0.01 secs] 
229.780: Total time for which application threads were stopped: 0.0050940 seconds, Stopping threads took: 0.0000820 seconds
229.944: Application time: 0.1635960 seconds
229.944: [GC [PSYoungGen: 50041K->6605K(51200K)] 95576K->62116K(167936K), 0.0048980 secs] [Times: user=0.04 sys=0.00, real=0.01 secs] 
229.949: Total time for which application threads were stopped: 0.0050570 seconds, Stopping threads took: 0.0000620 seconds
230.102: Application time: 0.1536010 seconds
230.102: [GC [PSYoungGen: 50096K->6669K(51200K)] 105607K->72156K(167936K), 0.0048840 secs] [Times: user=0.04 sys=0.00, real=0.01 secs] 
230.107: Total time for which application threads were stopped: 0.0050340 seconds, Stopping threads took: 0.0000640 seconds
230.238: Application time: 0.1309450 seconds
230.238: [GC [PSYoungGen: 50150K->6636K(51200K)] 115638K->82099K(167936K), 0.0049830 secs] [Times: user=0.04 sys=0.00, real=0.00 secs] 
230.243: Total time for which application threads were stopped: 0.0051570 seconds, Stopping threads took: 0.0000850 seconds
230.387: Application time: 0.1431550 seconds
230.387: [GC [PSYoungGen: 50152K->6636K(51200K)] 125615K->92075K(167936K), 0.0050720 secs] [Times: user=0.03 sys=0.00, real=0.00 secs] 
230.392: Total time for which application threads were stopped: 0.0052310 seconds, Stopping threads took: 0.0000620 seconds
230.409: Application time: 0.0167070 seconds
230.409: [GC [PSYoungGen: 50034K->6732K(51200K)] 135472K->94308K(167936K), 0.0029970 secs] [Times: user=0.02 sys=0.00, real=0.00 secs] 
230.412: Total time for which application threads were stopped: 0.0031810 seconds, Stopping threads took: 0.0000960 seconds
230.426: Application time: 0.0140260 seconds
230.427: [GC [PSYoungGen: 50323K->6732K(51200K)] 137899K->95021K(167936K), 0.0024250 secs] [Times: user=0.02 sys=0.00, real=0.00 secs] 
230.429: Total time for which application threads were stopped: 0.0033120 seconds, Stopping threads took: 0.0008030 seconds
230.440: Application time: 0.0108740 seconds
230.440: [GC [PSYoungGen: 50218K->6732K(51200K)] 138507K->98584K(167936K), 0.0033020 secs] [Times: user=0.02 sys=0.00, real=0.00 secs] 
230.444: Total time for which application threads were stopped: 0.0035890 seconds, Stopping threads took: 0.0002010 seconds
230.454: Application time: 0.0099970 seconds
230.454: [GC [PSYoungGen: 50655K->6780K(51200K)] 142506K->99344K(167936K), 0.0025270 secs] [Times: user=0.01 sys=0.00, real=0.00 secs] 
230.456: Total time for which application threads were stopped: 0.0027170 seconds, Stopping threads took: 0.0001090 seconds
230.470: Application time: 0.0138470 seconds
230.471: [GC [PSYoungGen: 50571K->6701K(51200K)] 143134K->102114K(167936K), 0.0031930 secs] [Times: user=0.02 sys=0.00, real=0.00 secs] 
230.474: Total time for which application threads were stopped: 0.0036250 seconds, Stopping threads took: 0.0003390 seconds
230.484: Application time: 0.0106620 seconds
230.485: [GC [PSYoungGen: 50186K->6732K(51200K)] 145599K->105709K(167936K), 0.0033630 secs] [Times: user=0.02 sys=0.00, real=0.01 secs] 
230.488: Total time for which application threads were stopped: 0.0035330 seconds, Stopping threads took: 0.0000820 seconds
230.500: Application time: 0.0120080 seconds
230.500: [GC [PSYoungGen: 50219K->6700K(51200K)] 149195K->108527K(167936K), 0.0032040 secs] [Times: user=0.02 sys=0.00, real=0.00 secs] 
230.503: Total time for which application threads were stopped: 0.0034610 seconds, Stopping threads took: 0.0001720 seconds
230.523: Application time: 0.0194960 seconds
230.523: [GC [PSYoungGen: 50182K->6684K(51200K)] 152009K->110705K(167936K), 0.0030750 secs] [Times: user=0.02 sys=0.00, real=0.01 secs] 
230.526: [Full GC [PSYoungGen: 6684K->0K(51200K)] [ParOldGen: 104020K->26295K(116736K)] 110705K->26295K(167936K) [PSPermGen: 6111K->6111K(21504K)], 0.0099540 secs] [Times: user=0.05 sys=0.00, real=0.00 secs] 
230.536: Total time for which application threads were stopped: 0.0132690 seconds, Stopping threads took: 0.0000990 seconds
230.579: Application time: 0.0432750 seconds
230.580: [GC [PSYoungGen: 43494K->6540K(51200K)] 69790K->34261K(167936K), 0.0024220 secs] [Times: user=0.02 sys=0.00, real=0.00 secs] 
230.582: Total time for which application threads were stopped: 0.0025720 seconds, Stopping threads took: 0.0000660 seconds
230.610: Application time: 0.0281070 seconds
230.610: [GC [PSYoungGen: 50053K->6540K(51200K)] 77773K->43524K(167936K), 0.0049270 secs] [Times: user=0.03 sys=0.00, real=0.00 secs] 
230.615: Total time for which application threads were stopped: 0.0050930 seconds, Stopping threads took: 0.0000770 seconds
230.632: Application time: 0.0163450 seconds
230.632: [GC [PSYoungGen: 50026K->6604K(51200K)] 87009K->46438K(167936K), 0.0031790 secs] [Times: user=0.02 sys=0.00, real=0.00 secs] 
230.635: Total time for which application threads were stopped: 0.0033460 seconds, Stopping threads took: 0.0000810 seconds
230.649: Application time: 0.0135770 seconds
230.649: [GC [PSYoungGen: 50085K->6572K(51200K)] 89919K->47118K(167936K), 0.0025960 secs] [Times: user=0.02 sys=0.00, real=0.00 secs] 
230.651: Total time for which application threads were stopped: 0.0027720 seconds, Stopping threads took: 0.0000910 seconds
230.787: Application time: 0.1358710 seconds
230.787: [GC [PSYoungGen: 50061K->6540K(51200K)] 90607K->57774K(167936K), 0.0051220 secs] [Times: user=0.04 sys=0.00, real=0.00 secs] 
230.792: Total time for which application threads were stopped: 0.0053040 seconds, Stopping threads took: 0.0000920 seconds
230.847: Application time: 0.0540400 seconds
230.847: [GC [PSYoungGen: 50052K->6636K(51200K)] 101286K->64995K(167936K), 0.0043240 secs] [Times: user=0.03 sys=0.00, real=0.00 secs] 
230.851: Total time for which application threads were stopped: 0.0044950 seconds, Stopping threads took: 0.0000810 seconds
230.867: Application time: 0.0162620 seconds
230.867: [GC [PSYoungGen: 50115K->6604K(51200K)] 108475K->67813K(167936K), 0.0031780 secs] [Times: user=0.02 sys=0.00, real=0.00 secs] 
230.871: Total time for which application threads were stopped: 0.0033460 seconds, Stopping threads took: 0.0000770 seconds
230.884: Application time: 0.0128850 seconds
230.884: [GC [PSYoungGen: 50091K->6668K(51200K)] 111300K->73578K(167936K), 0.0039090 secs] [Times: user=0.03 sys=0.00, real=0.01 secs] 
230.888: Total time for which application threads were stopped: 0.0040780 seconds, Stopping threads took: 0.0000790 seconds
230.954: Application time: 0.0662920 seconds
230.954: [GC [PSYoungGen: 50184K->6684K(51200K)] 117093K->78581K(167936K), 0.0038320 secs] [Times: user=0.03 sys=0.00, real=0.01 secs] 
230.958: Total time for which application threads were stopped: 0.0040050 seconds, Stopping threads took: 0.0000730 seconds
230.972: Application time: 0.0139600 seconds
230.972: [GC [PSYoungGen: 50174K->6700K(51200K)] 122071K->85722K(167936K), 0.0041810 secs] [Times: user=0.03 sys=0.00, real=0.00 secs] 
230.976: Total time for which application threads were stopped: 0.0043510 seconds, Stopping threads took: 0.0000840 seconds
230.993: Application time: 0.0171000 seconds
230.993: [GC [PSYoungGen: 50181K->6636K(51200K)] 129203K->86371K(167936K), 0.0026020 secs] [Times: user=0.02 sys=0.00, real=0.00 secs] 
230.996: Total time for which application threads were stopped: 0.0027810 seconds, Stopping threads took: 0.0000930 seconds
231.062: Application time: 0.0662580 seconds
231.062: [GC [PSYoungGen: 50161K->6684K(51200K)] 129896K->97107K(167936K), 0.0052280 secs] [Times: user=0.04 sys=0.00, real=0.01 secs] 
231.068: Total time for which application threads were stopped: 0.0053920 seconds, Stopping threads took: 0.0000680 seconds
231.086: Application time: 0.0181200 seconds
231.086: [GC [PSYoungGen: 50160K->6684K(51200K)] 140582K->99957K(167936K), 0.0032520 secs] [Times: user=0.02 sys=0.00, real=0.00 secs] 
231.089: Total time for which application threads were stopped: 0.0034070 seconds, Stopping threads took: 0.0000680 seconds
231.109: Application time: 0.0195970 seconds
231.109: [GC [PSYoungGen: 50164K->6700K(51200K)] 143437K->99973K(167936K), 0.0024220 secs] [Times: user=0.01 sys=0.00, real=0.00 secs] 
231.112: Total time for which application threads were stopped: 0.0025980 seconds, Stopping threads took: 0.0000900 seconds
231.142: Application time: 0.0305530 seconds
231.142: [GC [PSYoungGen: 50197K->6700K(51200K)] 143470K->104248K(167936K), 0.0033700 secs] [Times: user=0.02 sys=0.00, real=0.00 secs] 
231.146: Total time for which application threads were stopped: 0.0035410 seconds, Stopping threads took: 0.0000830 seconds
231.348: Application time: 0.2026940 seconds
231.348: [GC [PSYoungGen: 50180K->6732K(51200K)] 147728K->113559K(167936K), 0.0047790 secs] [Times: user=0.04 sys=0.00, real=0.00 secs] 
231.353: [Full GC [PSYoungGen: 6732K->0K(51200K)] [ParOldGen: 106826K->25582K(116736K)] 113559K->25582K(167936K) [PSPermGen: 6111K->6111K(21504K)], 0.0099880 secs] [Times: user=0.05 sys=0.00, real=0.01 secs] 
231.363: Total time for which application threads were stopped: 0.0149680 seconds, Stopping threads took: 0.0000610 seconds
231.557: Application time: 0.1935960 seconds
231.557: [GC [PSYoungGen: 43500K->6636K(51200K)] 69082K->42906K(167936K), 0.0051150 secs] [Times: user=0.04 sys=0.00, real=0.01 secs] 
231.562: Total time for which application threads were stopped: 0.0052790 seconds, Stopping threads took: 0.0000610 seconds
231.750: Application time: 0.1876350 seconds
231.754: [GC [PSYoungGen: 50133K->6636K(51200K)] 86403K->53594K(167936K), 0.0050570 secs] [Times: user=0.04 sys=0.00, real=0.01 secs] 
231.759: Total time for which application threads were stopped: 0.0090730 seconds, Stopping threads took: 0.0039170 seconds
231.951: Application time: 0.1921830 seconds
231.951: [GC [PSYoungGen: 50124K->6668K(51200K)] 97082K->63601K(167936K), 0.0049560 secs] [Times: user=0.03 sys=0.00, real=0.00 secs] 
231.956: Total time for which application threads were stopped: 0.0051690 seconds, Stopping threads took: 0.0001250 seconds
232.160: Application time: 0.2038540 seconds
232.160: [GC [PSYoungGen: 50163K->6668K(51200K)] 107096K->73576K(167936K), 0.0049270 secs] [Times: user=0.04 sys=0.00, real=0.00 secs] 
232.165: Total time for which application threads were stopped: 0.0051120 seconds, Stopping threads took: 0.0000840 seconds
232.371: Application time: 0.2059190 seconds
232.371: [GC [PSYoungGen: 50148K->6668K(51200K)] 117057K->82839K(167936K), 0.0047890 secs] [Times: user=0.03 sys=0.00, real=0.00 secs] 
232.376: Total time for which application threads were stopped: 0.0049420 seconds, Stopping threads took: 0.0000590 seconds
232.552: Application time: 0.1761850 seconds
232.552: [GC [PSYoungGen: 50174K->6668K(51200K)] 126345K->92815K(167936K), 0.0048580 secs] [Times: user=0.03 sys=0.00, real=0.00 secs] 
232.557: Total time for which application threads were stopped: 0.0050100 seconds, Stopping threads took: 0.0000600 seconds
232.734: Application time: 0.1763640 seconds
232.734: [GC [PSYoungGen: 50166K->6668K(51200K)] 136313K->103503K(167936K), 0.0051170 secs] [Times: user=0.04 sys=0.01, real=0.01 secs] 
232.739: Total time for which application threads were stopped: 0.0052830 seconds, Stopping threads took: 0.0000660 seconds
232.914: Application time: 0.1748670 seconds
232.914: [GC [PSYoungGen: 50158K->6668K(51200K)] 146992K->112766K(167936K), 0.0047420 secs] [Times: user=0.03 sys=0.00, real=0.01 secs] 
232.919: [Full GC [PSYoungGen: 6668K->0K(51200K)] [ParOldGen: 106097K->26295K(116736K)] 112766K->26295K(167936K) [PSPermGen: 6111K->6111K(21504K)], 0.0096490 secs] [Times: user=0.05 sys=0.00, real=0.01 secs] 
232.928: Total time for which application threads were stopped: 0.0146110 seconds, Stopping threads took: 0.0000800 seconds
233.067: Application time: 0.1388370 seconds
233.067: [GC [PSYoungGen: 43490K->7157K(51200K)] 69785K->43444K(167936K), 0.0050790 secs] [Times: user=0.04 sys=0.00, real=0.00 secs] 
233.072: Total time for which application threads were stopped: 0.0052760 seconds, Stopping threads took: 0.0001090 seconds
233.239: Application time: 0.1661730 seconds
233.239: [GC [PSYoungGen: 50648K->6541K(51200K)] 86935K->52803K(167936K), 0.0049660 secs] [Times: user=0.04 sys=0.00, real=0.00 secs] 
233.244: Total time for which application threads were stopped: 0.0051530 seconds, Stopping threads took: 0.0000860 seconds
233.407: Application time: 0.1628250 seconds
233.407: [GC [PSYoungGen: 50023K->6573K(51200K)] 96286K->62099K(167936K), 0.0047580 secs] [Times: user=0.03 sys=0.00, real=0.00 secs] 
233.412: Total time for which application threads were stopped: 0.0049310 seconds, Stopping threads took: 0.0000820 seconds
233.550: Application time: 0.1380330 seconds
233.550: [GC [PSYoungGen: 50073K->6573K(51200K)] 105599K->72075K(167936K), 0.0049210 secs] [Times: user=0.04 sys=0.00, real=0.00 secs] 
233.555: Total time for which application threads were stopped: 0.0051020 seconds, Stopping threads took: 0.0000920 seconds
233.651: Application time: 0.0957980 seconds
233.651: [GC [PSYoungGen: 50097K->6637K(51200K)] 115600K->82115K(167936K), 0.0051480 secs] [Times: user=0.04 sys=0.00, real=0.00 secs] 
233.656: Total time for which application threads were stopped: 0.0053140 seconds, Stopping threads took: 0.0000700 seconds
233.671: Application time: 0.0153530 seconds
233.671: [GC [PSYoungGen: 50123K->6637K(51200K)] 125602K->84966K(167936K), 0.0031250 secs] [Times: user=0.03 sys=0.00, real=0.00 secs] 
233.674: Total time for which application threads were stopped: 0.0032830 seconds, Stopping threads took: 0.0000720 seconds
233.690: Application time: 0.0158580 seconds
233.690: [GC [PSYoungGen: 50130K->6669K(51200K)] 128459K->88561K(167936K), 0.0033910 secs] [Times: user=0.02 sys=0.00, real=0.00 secs] 
233.694: Total time for which application threads were stopped: 0.0035580 seconds, Stopping threads took: 0.0000790 seconds
233.748: Application time: 0.0539410 seconds
233.748: [GC [PSYoungGen: 50161K->6701K(51200K)] 132053K->96431K(167936K), 0.0043970 secs] [Times: user=0.03 sys=0.00, real=0.00 secs] 
233.752: Total time for which application threads were stopped: 0.0045730 seconds, Stopping threads took: 0.0000760 seconds
233.918: Application time: 0.1653660 seconds
233.918: [GC [PSYoungGen: 50202K->6701K(51200K)] 139932K->105695K(167936K), 0.0047560 secs] [Times: user=0.03 sys=0.00, real=0.00 secs] 
233.923: Total time for which application threads were stopped: 0.0049120 seconds, Stopping threads took: 0.0000660 seconds
234.077: Application time: 0.1545370 seconds
234.077: [GC [PSYoungGen: 50184K->6701K(51200K)] 149178K->114245K(167936K), 0.0045940 secs] [Times: user=0.04 sys=0.00, real=0.01 secs] 
234.082: [Full GC [PSYoungGen: 6701K->0K(51200K)] [ParOldGen: 107544K->28434K(116736K)] 114245K->28434K(167936K) [PSPermGen: 6111K->6111K(21504K)], 0.0102000 secs] [Times: user=0.05 sys=0.00, real=0.01 secs] 
234.092: Total time for which application threads were stopped: 0.0150200 seconds, Stopping threads took: 0.0000720 seconds
234.249: Application time: 0.1570400 seconds
234.249: [GC [PSYoungGen: 43491K->7157K(51200K)] 71925K->45583K(167936K), 0.0052280 secs] [Times: user=0.04 sys=0.00, real=0.00 secs] 
234.255: Total time for which application threads were stopped: 0.0054120 seconds, Stopping threads took: 0.0000810 seconds
234.421: Application time: 0.1667550 seconds
234.422: [GC [PSYoungGen: 50639K->7157K(51200K)] 89065K->54141K(167936K), 0.0047430 secs] [Times: user=0.04 sys=0.00, real=0.01 secs] 
234.426: Total time for which application threads were stopped: 0.0049300 seconds, Stopping threads took: 0.0000980 seconds
234.540: Application time: 0.1135980 seconds
234.540: [GC [PSYoungGen: 50673K->6620K(51200K)] 97657K->64293K(167936K), 0.0053190 secs] [Times: user=0.04 sys=0.00, real=0.00 secs] 
234.545: Total time for which application threads were stopped: 0.0054870 seconds, Stopping threads took: 0.0000770 seconds
234.563: Application time: 0.0174780 seconds
234.563: [GC [PSYoungGen: 50102K->6540K(51200K)] 107775K->65638K(167936K), 0.0025470 secs] [Times: user=0.02 sys=0.00, real=0.00 secs] 
234.566: Total time for which application threads were stopped: 0.0027170 seconds, Stopping threads took: 0.0000760 seconds
234.584: Application time: 0.0179050 seconds
234.584: [GC [PSYoungGen: 50022K->6540K(51200K)] 109120K->67776K(167936K), 0.0029380 secs] [Times: user=0.02 sys=0.00, real=0.01 secs] 
234.587: Total time for which application threads were stopped: 0.0031110 seconds, Stopping threads took: 0.0000870 seconds
234.611: Application time: 0.0243490 seconds
234.612: [GC [PSYoungGen: 50087K->6636K(51200K)] 111322K->72147K(167936K), 0.0034210 secs] [Times: user=0.02 sys=0.00, real=0.00 secs] 
234.615: Total time for which application threads were stopped: 0.0039410 seconds, Stopping threads took: 0.0004260 seconds
234.630: Application time: 0.0147700 seconds
234.630: [GC [PSYoungGen: 50114K->6652K(51200K)] 115625K->75725K(167936K), 0.0033420 secs] [Times: user=0.02 sys=0.00, real=0.00 secs] 
234.633: Total time for which application threads were stopped: 0.0036180 seconds, Stopping threads took: 0.0001890 seconds
234.644: Application time: 0.0106250 seconds
234.644: [GC [PSYoungGen: 50134K->6604K(51200K)] 119207K->77815K(167936K), 0.0029150 secs] [Times: user=0.02 sys=0.00, real=0.01 secs] 
234.647: Total time for which application threads were stopped: 0.0033880 seconds, Stopping threads took: 0.0003840 seconds
234.658: Application time: 0.0106580 seconds
234.658: [GC [PSYoungGen: 50092K->6588K(51200K)] 121302K->79937K(167936K), 0.0029740 secs] [Times: user=0.02 sys=0.00, real=0.00 secs] 
234.661: Total time for which application threads were stopped: 0.0033470 seconds, Stopping threads took: 0.0002860 seconds
234.673: Application time: 0.0119030 seconds
234.673: [GC [PSYoungGen: 50070K->6669K(51200K)] 123418K->81442K(167936K), 0.0027680 secs] [Times: user=0.02 sys=0.00, real=0.00 secs] 
234.676: Total time for which application threads were stopped: 0.0029670 seconds, Stopping threads took: 0.0001110 seconds
234.686: Application time: 0.0093320 seconds
234.686: [GC [PSYoungGen: 50153K->6637K(51200K)] 124927K->84260K(167936K), 0.0030610 secs] [Times: user=0.02 sys=0.00, real=0.00 secs] 
234.689: Total time for which application threads were stopped: 0.0033780 seconds, Stopping threads took: 0.0002290 seconds
234.705: Application time: 0.0162330 seconds
234.705: [GC [PSYoungGen: 50164K->6732K(51200K)] 127788K->90769K(167936K), 0.0040500 secs] [Times: user=0.03 sys=0.00, real=0.01 secs] 
234.709: Total time for which application threads were stopped: 0.0042130 seconds, Stopping threads took: 0.0000720 seconds
234.727: Application time: 0.0179140 seconds
234.728: [GC [PSYoungGen: 50208K->6668K(51200K)] 134245K->92842K(167936K), 0.0029720 secs] [Times: user=0.02 sys=0.00, real=0.00 secs] 
234.731: Total time for which application threads were stopped: 0.0031700 seconds, Stopping threads took: 0.0001110 seconds
234.750: Application time: 0.0193680 seconds
234.750: [GC [PSYoungGen: 50156K->6588K(51200K)] 136331K->94900K(167936K), 0.0029700 secs] [Times: user=0.01 sys=0.00, real=0.00 secs] 
234.753: Total time for which application threads were stopped: 0.0031410 seconds, Stopping threads took: 0.0000770 seconds
234.782: Application time: 0.0292370 seconds
234.782: [GC [PSYoungGen: 50083K->6716K(51200K)] 138395K->99303K(167936K), 0.0033630 secs] [Times: user=0.02 sys=0.00, real=0.01 secs] 
234.786: Total time for which application threads were stopped: 0.0035220 seconds, Stopping threads took: 0.0000710 seconds
234.954: Application time: 0.1686310 seconds
234.955: [GC [PSYoungGen: 50748K->6764K(51200K)] 143335K->107909K(167936K), 0.0046160 secs] [Times: user=0.03 sys=0.00, real=0.01 secs] 
234.959: Total time for which application threads were stopped: 0.0047690 seconds, Stopping threads took: 0.0000620 seconds
234.983: Application time: 0.0235730 seconds
234.983: [GC [PSYoungGen: 50432K->6780K(51200K)] 151577K->110063K(167936K), 0.0028830 secs] [Times: user=0.02 sys=0.00, real=0.01 secs] 
234.986: Total time for which application threads were stopped: 0.0033800 seconds, Stopping threads took: 0.0004070 seconds
235.003: Application time: 0.0163180 seconds
235.003: [GC [PSYoungGen: 50295K->6796K(51200K)] 153577K->112969K(167936K), 0.0031910 secs] [Times: user=0.02 sys=0.00, real=0.01 secs] 
235.006: [Full GC [PSYoungGen: 6796K->0K(51200K)] [ParOldGen: 106172K->25582K(116736K)] 112969K->25582K(167936K) [PSPermGen: 6111K->6111K(21504K)], 0.0097660 secs] [Times: user=0.05 sys=0.00, real=0.00 secs] 
235.016: Total time for which application threads were stopped: 0.0131740 seconds, Stopping threads took: 0.0000770 seconds
235.027: Application time: 0.0109960 seconds
235.027: [GC [PSYoungGen: 43483K->4435K(51200K)] 69065K->30018K(167936K), 0.0015560 secs] [Times: user=0.01 sys=0.00, real=0.00 secs] 
235.028: Total time for which application threads were stopped: 0.0016960 seconds, Stopping threads took: 0.0000640 seconds
235.038: Application time: 0.0100110 seconds
235.039: [GC [PSYoungGen: 47918K->6476K(51200K)] 73501K->39184K(167936K), 0.0042950 secs] [Times: user=0.03 sys=0.00, real=0.00 secs] 
235.043: Total time for which application threads were stopped: 0.0046310 seconds, Stopping threads took: 0.0002460 seconds
235.061: Application time: 0.0178470 seconds
235.061: [GC [PSYoungGen: 49963K->6572K(51200K)] 82671K->40705K(167936K), 0.0027820 secs] [Times: user=0.02 sys=0.00, real=0.00 secs] 
235.064: Total time for which application threads were stopped: 0.0029810 seconds, Stopping threads took: 0.0001130 seconds
235.078: Application time: 0.0142030 seconds
235.078: [GC [PSYoungGen: 50063K->5828K(51200K)] 84196K->39961K(167936K), 0.0019350 secs] [Times: user=0.01 sys=0.00, real=0.00 secs] 
235.080: Total time for which application threads were stopped: 0.0020710 seconds, Stopping threads took: 0.0000620 seconds
235.139: Application time: 0.0584140 seconds
235.139: [GC [PSYoungGen: 49348K->6540K(51200K)] 83481K->51361K(167936K), 0.0052710 secs] [Times: user=0.04 sys=0.00, real=0.00 secs] 
235.144: Total time for which application threads were stopped: 0.0054590 seconds, Stopping threads took: 0.0000950 seconds
235.160: Application time: 0.0158710 seconds
235.160: [GC [PSYoungGen: 50017K->6572K(51200K)] 94838K->52106K(167936K), 0.0023910 secs] [Times: user=0.02 sys=0.00, real=0.00 secs] 
235.162: Total time for which application threads were stopped: 0.0025500 seconds, Stopping threads took: 0.0000790 seconds
235.176: Application time: 0.0139630 seconds
235.177: [GC [PSYoungGen: 50055K->6572K(51200K)] 95589K->54243K(167936K), 0.0029930 secs] [Times: user=0.02 sys=0.00, real=0.01 secs] 
235.180: Total time for which application threads were stopped: 0.0031700 seconds, Stopping threads took: 0.0000920 seconds
235.313: Application time: 0.1332410 seconds
235.313: [GC [PSYoungGen: 50061K->6604K(51200K)] 97732K->64251K(167936K), 0.0049270 secs] [Times: user=0.04 sys=0.00, real=0.01 secs] 
235.318: Total time for which application threads were stopped: 0.0050920 seconds, Stopping threads took: 0.0000640 seconds
235.513: Application time: 0.1953820 seconds
235.513: [GC [PSYoungGen: 50084K->6572K(51200K)] 107730K->73481K(167936K), 0.0046830 secs] [Times: user=0.03 sys=0.00, real=0.01 secs] 
235.518: Total time for which application threads were stopped: 0.0048330 seconds, Stopping threads took: 0.0000600 seconds
235.705: Application time: 0.1866740 seconds
235.705: [GC [PSYoungGen: 50083K->6668K(51200K)] 116992K->84265K(167936K), 0.0050980 secs] [Times: user=0.04 sys=0.00, real=0.01 secs] 
235.710: Total time for which application threads were stopped: 0.0052500 seconds, Stopping threads took: 0.0000650 seconds
235.919: Application time: 0.2091120 seconds
235.919: [GC [PSYoungGen: 50156K->6700K(51200K)] 127753K->94985K(167936K), 0.0050980 secs] [Times: user=0.04 sys=0.00, real=0.00 secs] 
235.924: Total time for which application threads were stopped: 0.0052620 seconds, Stopping threads took: 0.0000680 seconds
236.095: Application time: 0.1706920 seconds
236.095: [GC [PSYoungGen: 50195K->6700K(51200K)] 138479K->104960K(167936K), 0.0049110 secs] [Times: user=0.04 sys=0.00, real=0.01 secs] 
236.100: Total time for which application threads were stopped: 0.0050590 seconds, Stopping threads took: 0.0000570 seconds
236.313: Application time: 0.2126690 seconds
236.313: [GC [PSYoungGen: 50189K->6700K(51200K)] 148448K->114935K(167936K), 0.0049690 secs] [Times: user=0.03 sys=0.01, real=0.01 secs] 
236.318: [Full GC [PSYoungGen: 6700K->0K(51200K)] [ParOldGen: 108235K->29858K(116736K)] 114935K->29858K(167936K) [PSPermGen: 6111K->6111K(21504K)], 0.0106110 secs] [Times: user=0.06 sys=0.00, real=0.01 secs] 
236.329: Total time for which application threads were stopped: 0.0157850 seconds, Stopping threads took: 0.0000690 seconds
236.515: Application time: 0.1866860 seconds
236.515: [GC [PSYoungGen: 43480K->7125K(51200K)] 73338K->45533K(167936K), 0.0046800 secs] [Times: user=0.04 sys=0.00, real=0.01 secs] 
236.520: Total time for which application threads were stopped: 0.0048830 seconds, Stopping threads took: 0.0000930 seconds
236.690: Application time: 0.1700710 seconds
236.690: [GC [PSYoungGen: 50640K->6604K(51200K)] 89048K->55701K(167936K), 0.0050220 secs] [Times: user=0.04 sys=0.00, real=0.00 secs] 
236.695: Total time for which application threads were stopped: 0.0051940 seconds, Stopping threads took: 0.0000830 seconds
236.854: Application time: 0.1586900 seconds
236.854: [GC [PSYoungGen: 50094K->6636K(51200K)] 99190K->65708K(167936K), 0.0049610 secs] [Times: user=0.04 sys=0.00, real=0.01 secs] 
236.859: Total time for which application threads were stopped: 0.0051170 seconds, Stopping threads took: 0.0000680 seconds
237.046: Application time: 0.1870930 seconds
237.047: [GC [PSYoungGen: 50126K->6668K(51200K)] 109198K->75716K(167936K), 0.0049060 secs] [Times: user=0.03 sys=0.00, real=0.00 secs] 
237.051: Total time for which application threads were stopped: 0.0050710 seconds, Stopping threads took: 0.0000650 seconds
237.200: Application time: 0.1482130 seconds
237.200: [GC [PSYoungGen: 50167K->6668K(51200K)] 119215K->87117K(167936K), 0.0053230 secs] [Times: user=0.04 sys=0.00, real=0.00 secs] 
237.205: Total time for which application threads were stopped: 0.0054960 seconds, Stopping threads took: 0.0000800 seconds
237.365: Application time: 0.1594720 seconds
237.365: [GC [PSYoungGen: 50151K->6669K(51200K)] 130599K->96380K(167936K), 0.0047450 secs] [Times: user=0.03 sys=0.00, real=0.01 secs] 
237.370: Total time for which application threads were stopped: 0.0048880 seconds, Stopping threads took: 0.0000550 seconds
237.518: Application time: 0.1486400 seconds
237.518: [GC [PSYoungGen: 50151K->6669K(51200K)] 139863K->106356K(167936K), 0.0049910 secs] [Times: user=0.04 sys=0.00, real=0.00 secs] 
237.523: Total time for which application threads were stopped: 0.0051520 seconds, Stopping threads took: 0.0000730 seconds
237.680: Application time: 0.1568150 seconds
237.680: [GC [PSYoungGen: 50667K->6701K(51200K)] 150354K->114227K(167936K), 0.0043200 secs] [Times: user=0.03 sys=0.00, real=0.00 secs] 
237.685: [Full GC [PSYoungGen: 6701K->0K(51200K)] [ParOldGen: 107526K->22742K(116736K)] 114227K->22742K(167936K) [PSPermGen: 6111K->6111K(21504K)], 0.0093810 secs] [Times: user=0.04 sys=0.00, real=0.01 secs] 
237.694: Total time for which application threads were stopped: 0.0139230 seconds, Stopping threads took: 0.0000710 seconds
237.718: Application time: 0.0243600 seconds
237.719: [GC [PSYoungGen: 43735K->6573K(51200K)] 66478K->30741K(167936K), 0.0026980 secs] [Times: user=0.02 sys=0.00, real=0.00 secs] 
237.721: Total time for which application threads were stopped: 0.0028810 seconds, Stopping threads took: 0.0000950 seconds
237.739: Application time: 0.0175940 seconds
237.739: [GC [PSYoungGen: 50051K->6573K(51200K)] 74219K->30741K(167936K), 0.0021660 secs] [Times: user=0.01 sys=0.00, real=0.00 secs] 
237.741: Total time for which application threads were stopped: 0.0023580 seconds, Stopping threads took: 0.0001080 seconds
237.754: Application time: 0.0124400 seconds
237.754: [GC [PSYoungGen: 50066K->6541K(51200K)] 74234K->36410K(167936K), 0.0038590 secs] [Times: user=0.03 sys=0.00, real=0.01 secs] 
237.758: Total time for which application threads were stopped: 0.0040770 seconds, Stopping threads took: 0.0001300 seconds
237.900: Application time: 0.1420870 seconds
237.900: [GC [PSYoungGen: 50032K->6605K(51200K)] 79901K->47162K(167936K), 0.0050600 secs] [Times: user=0.04 sys=0.00, real=0.00 secs] 
237.905: Total time for which application threads were stopped: 0.0052130 seconds, Stopping threads took: 0.0000680 seconds
238.055: Application time: 0.1502550 seconds
238.055: [GC [PSYoungGen: 50097K->6573K(51200K)] 90654K->56394K(167936K), 0.0046670 secs] [Times: user=0.04 sys=0.00, real=0.01 secs] 
238.060: Total time for which application threads were stopped: 0.0048240 seconds, Stopping threads took: 0.0000710 seconds
238.201: Application time: 0.1403860 seconds
238.201: [GC [PSYoungGen: 50073K->6637K(51200K)] 99894K->67146K(167936K), 0.0051760 secs] [Times: user=0.03 sys=0.00, real=0.01 secs] 
238.206: Total time for which application threads were stopped: 0.0053550 seconds, Stopping threads took: 0.0000800 seconds
238.364: Application time: 0.1580280 seconds
238.364: [GC [PSYoungGen: 50119K->6637K(51200K)] 110628K->77122K(167936K), 0.0049880 secs] [Times: user=0.03 sys=0.00, real=0.01 secs] 
238.369: Total time for which application threads were stopped: 0.0051520 seconds, Stopping threads took: 0.0000760 seconds
238.528: Application time: 0.1590100 seconds
238.528: [GC [PSYoungGen: 50118K->6668K(51200K)] 120603K->86417K(167936K), 0.0047690 secs] [Times: user=0.04 sys=0.00, real=0.00 secs] 
238.533: Total time for which application threads were stopped: 0.0049660 seconds, Stopping threads took: 0.0001100 seconds
238.628: Application time: 0.0945440 seconds
238.628: [GC [PSYoungGen: 50218K->6700K(51200K)] 129966K->96424K(167936K), 0.0051570 secs] [Times: user=0.04 sys=0.00, real=0.00 secs] 
238.633: Total time for which application threads were stopped: 0.0057000 seconds, Stopping threads took: 0.0004510 seconds
238.647: Application time: 0.0137000 seconds
238.647: [GC [PSYoungGen: 50180K->6668K(51200K)] 139904K->98530K(167936K), 0.0029860 secs] [Times: user=0.02 sys=0.00, real=0.00 secs] 
238.650: Total time for which application threads were stopped: 0.0031850 seconds, Stopping threads took: 0.0001150 seconds
238.661: Application time: 0.0104630 seconds
238.661: [GC [PSYoungGen: 50136K->5972K(51200K)] 141997K->97833K(167936K), 0.0020300 secs] [Times: user=0.01 sys=0.00, real=0.00 secs] 
238.663: Total time for which application threads were stopped: 0.0022580 seconds, Stopping threads took: 0.0001510 seconds
238.677: Application time: 0.0141630 seconds
238.677: [GC [PSYoungGen: 49463K->6668K(51200K)] 141324K->102092K(167936K), 0.0033170 secs] [Times: user=0.02 sys=0.00, real=0.01 secs] 
238.681: Total time for which application threads were stopped: 0.0035560 seconds, Stopping threads took: 0.0001410 seconds
238.692: Application time: 0.0117370 seconds
238.693: [GC [PSYoungGen: 50158K->6669K(51200K)] 145582K->104943K(167936K), 0.0032120 secs] [Times: user=0.03 sys=0.00, real=0.00 secs] 
238.696: Total time for which application threads were stopped: 0.0033760 seconds, Stopping threads took: 0.0000780 seconds
238.705: Application time: 0.0095670 seconds
238.705: [GC [PSYoungGen: 50146K->6668K(51200K)] 148420K->107080K(167936K), 0.0029230 secs] [Times: user=0.02 sys=0.00, real=0.01 secs] 
238.708: Total time for which application threads were stopped: 0.0030850 seconds, Stopping threads took: 0.0000660 seconds
238.764: Application time: 0.0555330 seconds
238.764: [GC [PSYoungGen: 50199K->6732K(51200K)] 150611K->115695K(167936K), 0.0047670 secs] [Times: user=0.04 sys=0.00, real=0.01 secs] 
238.769: [Full GC [PSYoungGen: 6732K->0K(51200K)] [ParOldGen: 108962K->28518K(116736K)] 115695K->28518K(167936K) [PSPermGen: 6111K->6111K(21504K)], 0.0091530 secs] [Times: user=0.05 sys=0.00, real=0.01 secs] 
238.778: Total time for which application threads were stopped: 0.0141650 seconds, Stopping threads took: 0.0001010 seconds
238.796: Application time: 0.0182540 seconds
238.797: [GC [PSYoungGen: 43480K->1585K(51200K)] 71998K->30103K(167936K), 0.0006530 secs] [Times: user=0.00 sys=0.00, real=0.00 secs] 
238.797: Total time for which application threads were stopped: 0.0008050 seconds, Stopping threads took: 0.0000920 seconds
238.818: Application time: 0.0206140 seconds
238.818: [GC [PSYoungGen: 44923K->6540K(51200K)] 73442K->40759K(167936K), 0.0038320 secs] [Times: user=0.03 sys=0.00, real=0.00 secs] 
238.822: Total time for which application threads were stopped: 0.0040110 seconds, Stopping threads took: 0.0000910 seconds
238.833: Application time: 0.0109670 seconds
238.833: [GC [PSYoungGen: 50201K->6604K(51200K)] 84420K->43674K(167936K), 0.0031660 secs] [Times: user=0.02 sys=0.00, real=0.00 secs] 
238.836: Total time for which application threads were stopped: 0.0034720 seconds, Stopping threads took: 0.0002160 seconds
238.853: Application time: 0.0165970 seconds
238.853: [GC [PSYoungGen: 50089K->6572K(51200K)] 87158K->44354K(167936K), 0.0025980 secs] [Times: user=0.02 sys=0.00, real=0.00 secs] 
238.856: Total time for which application threads were stopped: 0.0027850 seconds, Stopping threads took: 0.0000960 seconds
238.875: Application time: 0.0191370 seconds
238.875: [GC [PSYoungGen: 50061K->6636K(51200K)] 87843K->47269K(167936K), 0.0031330 secs] [Times: user=0.03 sys=0.00, real=0.01 secs] 
238.878: Total time for which application threads were stopped: 0.0032990 seconds, Stopping threads took: 0.0000780 seconds
238.907: Application time: 0.0287510 seconds
238.907: [GC [PSYoungGen: 50125K->6540K(51200K)] 90757K->52872K(167936K), 0.0037410 secs] [Times: user=0.02 sys=0.00, real=0.00 secs] 
238.911: Total time for which application threads were stopped: 0.0039250 seconds, Stopping threads took: 0.0000980 seconds
239.043: Application time: 0.1322960 seconds
239.043: [GC [PSYoungGen: 50055K->6604K(51200K)] 96387K->63624K(167936K), 0.0053050 secs] [Times: user=0.04 sys=0.00, real=0.01 secs] 
239.049: Total time for which application threads were stopped: 0.0054640 seconds, Stopping threads took: 0.0000690 seconds
239.065: Application time: 0.0163110 seconds
239.065: [GC [PSYoungGen: 50090K->6604K(51200K)] 107110K->65762K(167936K), 0.0027930 secs] [Times: user=0.02 sys=0.00, real=0.01 secs] 
239.068: Total time for which application threads were stopped: 0.0029620 seconds, Stopping threads took: 0.0000840 seconds
239.084: Application time: 0.0158060 seconds
239.084: [GC [PSYoungGen: 50279K->6700K(51200K)] 109437K->69420K(167936K), 0.0032670 secs] [Times: user=0.03 sys=0.00, real=0.01 secs] 
239.087: Total time for which application threads were stopped: 0.0037390 seconds, Stopping threads took: 0.0003840 seconds
239.098: Application time: 0.0107360 seconds
239.098: [GC [PSYoungGen: 50732K->6748K(51200K)] 113452K->71606K(167936K), 0.0029410 secs] [Times: user=0.01 sys=0.00, real=0.00 secs] 
239.101: Total time for which application threads were stopped: 0.0032870 seconds, Stopping threads took: 0.0002620 seconds
239.113: Application time: 0.0120430 seconds
239.114: [GC [PSYoungGen: 50269K->6668K(51200K)] 115126K->75089K(167936K), 0.0033140 secs] [Times: user=0.03 sys=0.00, real=0.00 secs] 
239.117: Total time for which application threads were stopped: 0.0036860 seconds, Stopping threads took: 0.0002850 seconds
239.129: Application time: 0.0115110 seconds
239.129: [GC [PSYoungGen: 50150K->6684K(51200K)] 118571K->76530K(167936K), 0.0027770 secs] [Times: user=0.02 sys=0.00, real=0.00 secs] 
239.132: Total time for which application threads were stopped: 0.0029670 seconds, Stopping threads took: 0.0001020 seconds
239.143: Application time: 0.0110600 seconds
239.143: [GC [PSYoungGen: 50163K->6732K(51200K)] 120009K->77291K(167936K), 0.0025410 secs] [Times: user=0.01 sys=0.00, real=0.00 secs] 
239.145: Total time for which application threads were stopped: 0.0027340 seconds, Stopping threads took: 0.0001100 seconds
239.156: Application time: 0.0101690 seconds
239.156: [GC [PSYoungGen: 50217K->6700K(51200K)] 120775K->79396K(167936K), 0.0029790 secs] [Times: user=0.02 sys=0.00, real=0.01 secs] 
239.159: Total time for which application threads were stopped: 0.0032830 seconds, Stopping threads took: 0.0002160 seconds
239.169: Application time: 0.0102660 seconds
239.169: [GC [PSYoungGen: 50192K->6700K(51200K)] 122888K->83672K(167936K), 0.0036030 secs] [Times: user=0.03 sys=0.00, real=0.00 secs] 
239.173: Total time for which application threads were stopped: 0.0037970 seconds, Stopping threads took: 0.0001040 seconds
239.255: Application time: 0.0815630 seconds
239.255: [GC [PSYoungGen: 50192K->6764K(51200K)] 127163K->93711K(167936K), 0.0049850 secs] [Times: user=0.04 sys=0.00, real=0.01 secs] 
239.260: Total time for which application threads were stopped: 0.0051520 seconds, Stopping threads took: 0.0000700 seconds
239.478: Application time: 0.2186470 seconds
239.478: [GC [PSYoungGen: 50244K->6668K(51200K)] 137190K->102933K(167936K), 0.0047110 secs] [Times: user=0.04 sys=0.00, real=0.00 secs] 
239.483: Total time for which application threads were stopped: 0.0048720 seconds, Stopping threads took: 0.0000740 seconds
239.688: Application time: 0.2049330 seconds
239.688: [GC [PSYoungGen: 50148K->6636K(51200K)] 146413K->111452K(167936K), 0.0045400 secs] [Times: user=0.03 sys=0.00, real=0.00 secs] 
239.693: [Full GC [PSYoungGen: 6636K->0K(51200K)] [ParOldGen: 104815K->24870K(116736K)] 111452K->24870K(167936K) [PSPermGen: 6111K->6111K(21504K)], 0.0098500 secs] [Times: user=0.05 sys=0.01, real=0.01 secs] 
239.703: Total time for which application threads were stopped: 0.0146010 seconds, Stopping threads took: 0.0000680 seconds
239.868: Application time: 0.1652370 seconds
239.868: [GC [PSYoungGen: 43511K->6572K(51200K)] 68382K->42843K(167936K), 0.0053210 secs] [Times: user=0.04 sys=0.00, real=0.00 secs] 
239.873: Total time for which application threads were stopped: 0.0054850 seconds, Stopping threads took: 0.0000630 seconds
240.086: Application time: 0.2130410 seconds
240.087: [GC [PSYoungGen: 50060K->6668K(51200K)] 86331K->52915K(167936K), 0.0048490 secs] [Times: user=0.03 sys=0.00, real=0.00 secs] 
240.091: Total time for which application threads were stopped: 0.0050030 seconds, Stopping threads took: 0.0000640 seconds
240.291: Application time: 0.1998650 seconds
240.291: [GC [PSYoungGen: 50173K->6668K(51200K)] 96419K->65027K(167936K), 0.0055000 secs] [Times: user=0.04 sys=0.00, real=0.00 secs] 
240.297: Total time for which application threads were stopped: 0.0056630 seconds, Stopping threads took: 0.0000630 seconds
240.482: Application time: 0.1854110 seconds
240.483: [GC [PSYoungGen: 50149K->6668K(51200K)] 108508K->74290K(167936K), 0.0047130 secs] [Times: user=0.03 sys=0.00, real=0.01 secs] 
240.487: Total time for which application threads were stopped: 0.0048890 seconds, Stopping threads took: 0.0000750 seconds
240.681: Application time: 0.1934160 seconds
240.681: [GC [PSYoungGen: 50149K->6668K(51200K)] 117771K->84266K(167936K), 0.0049550 secs] [Times: user=0.03 sys=0.00, real=0.01 secs] 
240.686: Total time for which application threads were stopped: 0.0051110 seconds, Stopping threads took: 0.0000700 seconds
240.861: Application time: 0.1753750 seconds
240.861: [GC [PSYoungGen: 50175K->6668K(51200K)] 127772K->95666K(167936K), 0.0054100 secs] [Times: user=0.04 sys=0.00, real=0.01 secs] 
240.867: Total time for which application threads were stopped: 0.0055660 seconds, Stopping threads took: 0.0000680 seconds
241.038: Application time: 0.1707470 seconds
241.038: [GC [PSYoungGen: 50166K->6668K(51200K)] 139164K->106354K(167936K), 0.0051420 secs] [Times: user=0.03 sys=0.00, real=0.00 secs] 
241.043: [Full GC [PSYoungGen: 6668K->0K(51200K)] [ParOldGen: 99685K->27721K(116736K)] 106354K->27721K(167936K) [PSPermGen: 6111K->6111K(21504K)], 0.0105200 secs] [Times: user=0.06 sys=0.00, real=0.01 secs] 
241.053: Total time for which application threads were stopped: 0.0159120 seconds, Stopping threads took: 0.0000980 seconds
241.199: Application time: 0.1459810 seconds
241.200: [GC [PSYoungGen: 43507K->6636K(51200K)] 71228K->45759K(167936K), 0.0052560 secs] [Times: user=0.04 sys=0.00, real=0.00 secs] 
241.205: Total time for which application threads were stopped: 0.0054120 seconds, Stopping threads took: 0.0000680 seconds
241.356: Application time: 0.1510760 seconds
241.356: [GC [PSYoungGen: 50118K->6573K(51200K)] 89240K->54958K(167936K), 0.0046960 secs] [Times: user=0.04 sys=0.00, real=0.01 secs] 
241.361: Total time for which application threads were stopped: 0.0048480 seconds, Stopping threads took: 0.0000590 seconds
241.502: Application time: 0.1414380 seconds
241.502: [GC [PSYoungGen: 50055K->6605K(51200K)] 98440K->63541K(167936K), 0.0045410 secs] [Times: user=0.04 sys=0.00, real=0.01 secs] 
241.507: Total time for which application threads were stopped: 0.0046930 seconds, Stopping threads took: 0.0000660 seconds
241.671: Application time: 0.1636530 seconds
241.671: [GC [PSYoungGen: 50096K->6637K(51200K)] 107033K->72836K(167936K), 0.0047140 secs] [Times: user=0.04 sys=0.00, real=0.00 secs] 
241.675: Total time for which application threads were stopped: 0.0048800 seconds, Stopping threads took: 0.0000700 seconds
241.773: Application time: 0.0978100 seconds
241.773: [GC [PSYoungGen: 50162K->6701K(51200K)] 116362K->82876K(167936K), 0.0051540 secs] [Times: user=0.04 sys=0.00, real=0.01 secs] 
241.779: Total time for which application threads were stopped: 0.0053430 seconds, Stopping threads took: 0.0000940 seconds
241.797: Application time: 0.0181140 seconds
241.797: [GC [PSYoungGen: 50181K->6637K(51200K)] 126357K->82812K(167936K), 0.0022020 secs] [Times: user=0.02 sys=0.00, real=0.01 secs] 
241.799: Total time for which application threads were stopped: 0.0023560 seconds, Stopping threads took: 0.0000730 seconds
241.815: Application time: 0.0163370 seconds
241.816: [GC [PSYoungGen: 50125K->6669K(51200K)] 126301K->86408K(167936K), 0.0032360 secs] [Times: user=0.02 sys=0.00, real=0.01 secs] 
241.819: Total time for which application threads were stopped: 0.0034050 seconds, Stopping threads took: 0.0000840 seconds
241.861: Application time: 0.0420770 seconds
241.861: [GC [PSYoungGen: 50164K->6637K(51200K)] 129903K->92789K(167936K), 0.0039450 secs] [Times: user=0.03 sys=0.00, real=0.00 secs] 
241.865: Total time for which application threads were stopped: 0.0041060 seconds, Stopping threads took: 0.0000720 seconds
242.037: Application time: 0.1718930 seconds
242.037: [GC [PSYoungGen: 50129K->6701K(51200K)] 136281K->102829K(167936K), 0.0049130 secs] [Times: user=0.04 sys=0.00, real=0.01 secs] 
242.042: Total time for which application threads were stopped: 0.0050590 seconds, Stopping threads took: 0.0000580 seconds
242.182: Application time: 0.1402540 seconds
242.182: [GC [PSYoungGen: 50208K->6701K(51200K)] 146336K->112805K(167936K), 0.0049590 secs] [Times: user=0.04 sys=0.00, real=0.01 secs] 
242.187: [Full GC [PSYoungGen: 6701K->0K(51200K)] [ParOldGen: 106104K->28435K(116736K)] 112805K->28435K(167936K) [PSPermGen: 6111K->6111K(21504K)], 0.0106060 secs] [Times: user=0.06 sys=0.00, real=0.01 secs] 
242.198: Total time for which application threads were stopped: 0.0158860 seconds, Stopping threads took: 0.0001570 seconds
242.357: Application time: 0.1591280 seconds
242.357: [GC [PSYoungGen: 43482K->7125K(51200K)] 71918K->44824K(167936K), 0.0049440 secs] [Times: user=0.04 sys=0.00, real=0.01 secs] 
242.362: Total time for which application threads were stopped: 0.0050990 seconds, Stopping threads took: 0.0000640 seconds
242.527: Application time: 0.1646210 seconds
242.527: [GC [PSYoungGen: 50607K->7125K(51200K)] 88306K->53374K(167936K), 0.0047400 secs] [Times: user=0.04 sys=0.01, real=0.00 secs] 
242.532: Total time for which application threads were stopped: 0.0049110 seconds, Stopping threads took: 0.0000820 seconds
242.647: Application time: 0.1151300 seconds
242.647: [GC [PSYoungGen: 50642K->7157K(51200K)] 96892K->61276K(167936K), 0.0046360 secs] [Times: user=0.04 sys=0.00, real=0.00 secs] 
242.652: Total time for which application threads were stopped: 0.0049150 seconds, Stopping threads took: 0.0001920 seconds
242.668: Application time: 0.0159010 seconds
242.668: [GC [PSYoungGen: 50641K->7157K(51200K)] 104760K->63438K(167936K), 0.0029480 secs] [Times: user=0.02 sys=0.00, real=0.00 secs] 
242.671: Total time for which application threads were stopped: 0.0031070 seconds, Stopping threads took: 0.0000730 seconds
242.688: Application time: 0.0171620 seconds
242.688: [GC [PSYoungGen: 50639K->7157K(51200K)] 106920K->66329K(167936K), 0.0033470 secs] [Times: user=0.02 sys=0.00, real=0.00 secs] 
242.692: Total time for which application threads were stopped: 0.0035350 seconds, Stopping threads took: 0.0000890 seconds
242.753: Application time: 0.0616520 seconds
242.753: [GC [PSYoungGen: 50647K->7157K(51200K)] 109818K->73470K(167936K), 0.0043360 secs] [Times: user=0.04 sys=0.00, real=0.01 secs] 
242.758: Total time for which application threads were stopped: 0.0045050 seconds, Stopping threads took: 0.0000820 seconds
242.829: Application time: 0.0712100 seconds
242.829: [GC [PSYoungGen: 50671K->6668K(51200K)] 116984K->83669K(167936K), 0.0053560 secs] [Times: user=0.04 sys=0.00, real=0.00 secs] 
242.835: Total time for which application threads were stopped: 0.0055260 seconds, Stopping threads took: 0.0000820 seconds
242.853: Application time: 0.0187940 seconds
242.853: [GC [PSYoungGen: 50157K->6604K(51200K)] 127157K->86455K(167936K), 0.0031400 secs] [Times: user=0.03 sys=0.00, real=0.00 secs] 
242.857: Total time for which application threads were stopped: 0.0033110 seconds, Stopping threads took: 0.0000780 seconds
242.872: Application time: 0.0156400 seconds
242.874: [GC [PSYoungGen: 50121K->6636K(51200K)] 129972K->88625K(167936K), 0.0029530 secs] [Times: user=0.03 sys=0.00, real=0.00 secs] 
242.877: Total time for which application threads were stopped: 0.0044730 seconds, Stopping threads took: 0.0014310 seconds
242.888: Application time: 0.0111910 seconds
242.888: [GC [PSYoungGen: 50127K->6636K(51200K)] 132115K->90762K(167936K), 0.0027920 secs] [Times: user=0.02 sys=0.00, real=0.00 secs] 
242.891: Total time for which application threads were stopped: 0.0032440 seconds, Stopping threads took: 0.0003650 seconds
242.907: Application time: 0.0159110 seconds
242.907: [GC [PSYoungGen: 50123K->6636K(51200K)] 134249K->94325K(167936K), 0.0033630 secs] [Times: user=0.02 sys=0.00, real=0.00 secs] 
242.911: Total time for which application threads were stopped: 0.0035530 seconds, Stopping threads took: 0.0001050 seconds
242.927: Application time: 0.0163770 seconds
242.927: [GC [PSYoungGen: 50119K->6604K(51200K)] 137808K->97143K(167936K), 0.0032760 secs] [Times: user=0.02 sys=0.00, real=0.00 secs] 
242.931: Total time for which application threads were stopped: 0.0034500 seconds, Stopping threads took: 0.0000850 seconds
242.964: Application time: 0.0337370 seconds
242.964: [GC [PSYoungGen: 50121K->6636K(51200K)] 140660K->100025K(167936K), 0.0031710 secs] [Times: user=0.02 sys=0.00, real=0.01 secs] 
242.968: Total time for which application threads were stopped: 0.0033530 seconds, Stopping threads took: 0.0000850 seconds
242.981: Application time: 0.0135810 seconds
242.981: [GC [PSYoungGen: 50116K->6620K(51200K)] 143505K->104997K(167936K), 0.0037840 secs] [Times: user=0.02 sys=0.00, real=0.00 secs] 
242.985: Total time for which application threads were stopped: 0.0039630 seconds, Stopping threads took: 0.0000870 seconds
243.004: Application time: 0.0191090 seconds
243.004: [GC [PSYoungGen: 50110K->6636K(51200K)] 148487K->107151K(167936K), 0.0030220 secs] [Times: user=0.03 sys=0.00, real=0.01 secs] 
243.007: Total time for which application threads were stopped: 0.0031910 seconds, Stopping threads took: 0.0000850 seconds
243.065: Application time: 0.0576210 seconds
243.065: [GC [PSYoungGen: 50128K->6732K(51200K)] 150642K->115084K(167936K), 0.0043320 secs] [Times: user=0.03 sys=0.00, real=0.01 secs] 
243.070: [Full GC [PSYoungGen: 6732K->0K(51200K)] [ParOldGen: 108352K->27246K(116736K)] 115084K->27246K(167936K) [PSPermGen: 6111K->6111K(21504K)], 0.0097190 secs] [Times: user=0.05 sys=0.00, real=0.01 secs] 
243.079: Total time for which application threads were stopped: 0.0142630 seconds, Stopping threads took: 0.0000700 seconds
243.142: Application time: 0.0625700 seconds
243.142: [GC [PSYoungGen: 43516K->6508K(51200K)] 70763K->40168K(167936K), 0.0040810 secs] [Times: user=0.03 sys=0.00, real=0.01 secs] 
243.146: Total time for which application threads were stopped: 0.0042640 seconds, Stopping threads took: 0.0000930 seconds
243.161: Application time: 0.0151690 seconds
243.161: [GC [PSYoungGen: 49987K->7157K(51200K)] 83647K->44419K(167936K), 0.0036330 secs] [Times: user=0.02 sys=0.00, real=0.00 secs] 
243.165: Total time for which application threads were stopped: 0.0038030 seconds, Stopping threads took: 0.0000780 seconds
243.179: Application time: 0.0138350 seconds
243.179: [GC [PSYoungGen: 50640K->7157K(51200K)] 87902K->46557K(167936K), 0.0031600 secs] [Times: user=0.01 sys=0.01, real=0.00 secs] 
243.182: Total time for which application threads were stopped: 0.0033350 seconds, Stopping threads took: 0.0000840 seconds
243.208: Application time: 0.0259760 seconds
243.209: [GC [PSYoungGen: 50674K->6508K(51200K)] 90074K->52321K(167936K), 0.0039450 secs] [Times: user=0.03 sys=0.00, real=0.00 secs] 
243.212: Total time for which application threads were stopped: 0.0041790 seconds, Stopping threads took: 0.0001350 seconds
243.229: Application time: 0.0164510 seconds
243.229: [GC [PSYoungGen: 49991K->6636K(51200K)] 95803K->53874K(167936K), 0.0027950 secs] [Times: user=0.02 sys=0.00, real=0.00 secs] 
243.232: Total time for which application threads were stopped: 0.0029700 seconds, Stopping threads took: 0.0000900 seconds
243.247: Application time: 0.0155480 seconds
243.248: [GC [PSYoungGen: 50118K->6604K(51200K)] 97355K->53842K(167936K), 0.0023380 secs] [Times: user=0.02 sys=0.00, real=0.00 secs] 
243.250: Total time for which application threads were stopped: 0.0025040 seconds, Stopping threads took: 0.0000830 seconds
243.280: Application time: 0.0302010 seconds
243.280: [GC [PSYoungGen: 50122K->6620K(51200K)] 97359K->59558K(167936K), 0.0039480 secs] [Times: user=0.03 sys=0.00, real=0.00 secs] 
243.284: Total time for which application threads were stopped: 0.0041310 seconds, Stopping threads took: 0.0000900 seconds
243.301: Application time: 0.0163480 seconds
243.301: [GC [PSYoungGen: 50106K->6540K(51200K)] 103044K->60903K(167936K), 0.0026580 secs] [Times: user=0.02 sys=0.00, real=0.00 secs] 
243.303: Total time for which application threads were stopped: 0.0028330 seconds, Stopping threads took: 0.0000900 seconds
243.319: Application time: 0.0157310 seconds
243.319: [GC [PSYoungGen: 50025K->6604K(51200K)] 104388K->64530K(167936K), 0.0033820 secs] [Times: user=0.02 sys=0.00, real=0.00 secs] 
243.323: Total time for which application threads were stopped: 0.0035610 seconds, Stopping threads took: 0.0000910 seconds
243.412: Application time: 0.0887740 seconds
243.412: [GC [PSYoungGen: 50096K->6540K(51200K)] 108021K->75153K(167936K), 0.0051310 secs] [Times: user=0.04 sys=0.00, real=0.00 secs] 
243.417: Total time for which application threads were stopped: 0.0053160 seconds, Stopping threads took: 0.0000970 seconds
243.616: Application time: 0.1989340 seconds
243.616: [GC [PSYoungGen: 50020K->6604K(51200K)] 118633K->84480K(167936K), 0.0047640 secs] [Times: user=0.04 sys=0.00, real=0.01 secs] 
243.621: Total time for which application threads were stopped: 0.0049150 seconds, Stopping threads took: 0.0000590 seconds
243.827: Application time: 0.2062270 seconds
243.827: [GC [PSYoungGen: 50092K->6636K(51200K)] 127968K->94487K(167936K), 0.0049150 secs] [Times: user=0.03 sys=0.00, real=0.00 secs] 
243.832: Total time for which application threads were stopped: 0.0050810 seconds, Stopping threads took: 0.0000660 seconds
244.016: Application time: 0.1835420 seconds
244.016: [GC [PSYoungGen: 50141K->6700K(51200K)] 137992K->105951K(167936K), 0.0054130 secs] [Times: user=0.03 sys=0.00, real=0.01 secs] 
244.021: Total time for which application threads were stopped: 0.0056070 seconds, Stopping threads took: 0.0001020 seconds
244.204: Application time: 0.1831110 seconds
244.204: [GC [PSYoungGen: 50201K->6732K(51200K)] 149452K->116671K(167936K), 0.0051760 secs] [Times: user=0.03 sys=0.00, real=0.01 secs] 
244.210: [Full GC [PSYoungGen: 6732K->0K(51200K)] [ParOldGen: 109939K->28434K(116736K)] 116671K->28434K(167936K) [PSPermGen: 6111K->6111K(21504K)], 0.0104740 secs] [Times: user=0.06 sys=0.00, real=0.01 secs] 
244.220: Total time for which application threads were stopped: 0.0159050 seconds, Stopping threads took: 0.0001030 seconds
244.423: Application time: 0.2026950 seconds
244.423: [GC [PSYoungGen: 43488K->7157K(51200K)] 71922K->43445K(167936K), 0.0044700 secs] [Times: user=0.03 sys=0.00, real=0.01 secs] 
244.428: Total time for which application threads were stopped: 0.0046470 seconds, Stopping threads took: 0.0000760 seconds
244.607: Application time: 0.1794520 seconds
244.607: [GC [PSYoungGen: 50637K->7157K(51200K)] 86925K->52716K(167936K), 0.0049950 secs] [Times: user=0.03 sys=0.00, real=0.00 secs] 
244.612: Total time for which application threads were stopped: 0.0051370 seconds, Stopping threads took: 0.0000570 seconds
244.785: Application time: 0.1733270 seconds
244.786: [GC [PSYoungGen: 50646K->6540K(51200K)] 96205K->62074K(167936K), 0.0048740 secs] [Times: user=0.03 sys=0.01, real=0.01 secs] 
244.791: Total time for which application threads were stopped: 0.0050420 seconds, Stopping threads took: 0.0000800 seconds
244.973: Application time: 0.1823130 seconds
244.973: [GC [PSYoungGen: 50047K->6668K(51200K)] 105581K->72890K(167936K), 0.0051050 secs] [Times: user=0.03 sys=0.00, real=0.01 secs] 
244.978: Total time for which application threads were stopped: 0.0052640 seconds, Stopping threads took: 0.0000600 seconds
245.127: Application time: 0.1488760 seconds
245.127: [GC [PSYoungGen: 50167K->6636K(51200K)] 116389K->82834K(167936K), 0.0049450 secs] [Times: user=0.03 sys=0.00, real=0.00 secs] 
245.132: Total time for which application threads were stopped: 0.0051240 seconds, Stopping threads took: 0.0000910 seconds
245.291: Application time: 0.1588530 seconds
245.291: [GC [PSYoungGen: 50135K->6668K(51200K)] 126333K->93554K(167936K), 0.0051760 secs] [Times: user=0.03 sys=0.00, real=0.00 secs] 
245.296: Total time for which application threads were stopped: 0.0053570 seconds, Stopping threads took: 0.0000880 seconds
245.441: Application time: 0.1450610 seconds
245.442: [GC [PSYoungGen: 50150K->6669K(51200K)] 137036K->102818K(167936K), 0.0047710 secs] [Times: user=0.03 sys=0.00, real=0.01 secs] 
245.446: Total time for which application threads were stopped: 0.0049270 seconds, Stopping threads took: 0.0000650 seconds
245.609: Application time: 0.1631370 seconds
245.610: [GC [PSYoungGen: 50151K->6669K(51200K)] 146300K->112081K(167936K), 0.0047390 secs] [Times: user=0.04 sys=0.00, real=0.00 secs] 
245.614: [Full GC [PSYoungGen: 6669K->0K(51200K)] [ParOldGen: 105412K->25585K(116736K)] 112081K->25585K(167936K) [PSPermGen: 6111K->6111K(21504K)], 0.0097680 secs] [Times: user=0.05 sys=0.00, real=0.01 secs] 
245.624: Total time for which application threads were stopped: 0.0147320 seconds, Stopping threads took: 0.0000710 seconds
245.778: Application time: 0.1539900 seconds
245.778: [GC [PSYoungGen: 43491K->7157K(51200K)] 69077K->42727K(167936K), 0.0051750 secs] [Times: user=0.04 sys=0.01, real=0.00 secs] 
245.784: Total time for which application threads were stopped: 0.0053640 seconds, Stopping threads took: 0.0000970 seconds
245.940: Application time: 0.1559970 seconds
245.940: [GC [PSYoungGen: 50658K->6605K(51200K)] 86228K->51438K(167936K), 0.0046660 secs] [Times: user=0.03 sys=0.00, real=0.00 secs] 
245.944: Total time for which application threads were stopped: 0.0048150 seconds, Stopping threads took: 0.0000620 seconds
245.972: Application time: 0.0272020 seconds
245.972: [GC [PSYoungGen: 50116K->6605K(51200K)] 94949K->57139K(167936K), 0.0040390 secs] [Times: user=0.03 sys=0.00, real=0.00 secs] 
245.976: Total time for which application threads were stopped: 0.0042250 seconds, Stopping threads took: 0.0000960 seconds
245.992: Application time: 0.0158360 seconds
245.992: [GC [PSYoungGen: 50085K->6637K(51200K)] 100619K->61446K(167936K), 0.0035640 secs] [Times: user=0.02 sys=0.00, real=0.00 secs] 
245.995: Total time for which application threads were stopped: 0.0037350 seconds, Stopping threads took: 0.0000830 seconds
246.009: Application time: 0.0135730 seconds
246.009: [GC [PSYoungGen: 50120K->6637K(51200K)] 104929K->62159K(167936K), 0.0025360 secs] [Times: user=0.02 sys=0.00, real=0.00 secs] 
246.012: Total time for which application threads were stopped: 0.0027470 seconds, Stopping threads took: 0.0001280 seconds
246.144: Application time: 0.1321440 seconds
246.144: [GC [PSYoungGen: 50145K->6637K(51200K)] 105668K->72135K(167936K), 0.0048660 secs] [Times: user=0.03 sys=0.00, real=0.01 secs] 
246.149: Total time for which application threads were stopped: 0.0050710 seconds, Stopping threads took: 0.0001050 seconds
246.299: Application time: 0.1499450 seconds
246.299: [GC [PSYoungGen: 50137K->6701K(51200K)] 115635K->82887K(167936K), 0.0051840 secs] [Times: user=0.04 sys=0.00, real=0.00 secs] 
246.304: Total time for which application threads were stopped: 0.0053700 seconds, Stopping threads took: 0.0000950 seconds
246.454: Application time: 0.1494620 seconds
246.454: [GC [PSYoungGen: 50183K->6669K(51200K)] 126370K->92831K(167936K), 0.0050960 secs] [Times: user=0.04 sys=0.00, real=0.01 secs] 
246.459: Total time for which application threads were stopped: 0.0052680 seconds, Stopping threads took: 0.0000780 seconds
246.595: Application time: 0.1362050 seconds
246.595: [GC [PSYoungGen: 50185K->6732K(51200K)] 136347K->102871K(167936K), 0.0051120 secs] [Times: user=0.04 sys=0.00, real=0.01 secs] 
246.600: Total time for which application threads were stopped: 0.0053000 seconds, Stopping threads took: 0.0000930 seconds
246.616: Application time: 0.0153040 seconds
246.616: [GC [PSYoungGen: 50211K->6732K(51200K)] 146349K->106433K(167936K), 0.0033750 secs] [Times: user=0.03 sys=0.00, real=0.01 secs] 
246.619: Total time for which application threads were stopped: 0.0035430 seconds, Stopping threads took: 0.0000810 seconds
246.638: Application time: 0.0191670 seconds
246.639: [GC [PSYoungGen: 50215K->6701K(51200K)] 149916K->109252K(167936K), 0.0031930 secs] [Times: user=0.03 sys=0.00, real=0.00 secs] 
246.642: [Full GC [PSYoungGen: 6701K->0K(51200K)] [ParOldGen: 102551K->31342K(116736K)] 109252K->31342K(167936K) [PSPermGen: 6111K->6111K(21504K)], 0.0097340 secs] [Times: user=0.05 sys=0.00, real=0.01 secs] 
246.652: Total time for which application threads were stopped: 0.0131620 seconds, Stopping threads took: 0.0000940 seconds
246.691: Application time: 0.0392980 seconds
246.691: [GC [PSYoungGen: 43494K->6572K(51200K)] 74837K->38627K(167936K), 0.0021970 secs] [Times: user=0.02 sys=0.00, real=0.00 secs] 
246.693: Total time for which application threads were stopped: 0.0023480 seconds, Stopping threads took: 0.0000630 seconds
246.827: Application time: 0.1339010 seconds
246.828: [GC [PSYoungGen: 50086K->6508K(51200K)] 82141K->47114K(167936K), 0.0045790 secs] [Times: user=0.03 sys=0.00, real=0.00 secs] 
246.832: Total time for which application threads were stopped: 0.0051160 seconds, Stopping threads took: 0.0004470 seconds
246.850: Application time: 0.0173760 seconds
246.850: [GC [PSYoungGen: 49984K->6572K(51200K)] 90590K->50028K(167936K), 0.0031400 secs] [Times: user=0.02 sys=0.00, real=0.00 secs] 
246.853: Total time for which application threads were stopped: 0.0033390 seconds, Stopping threads took: 0.0001110 seconds
246.872: Application time: 0.0191730 seconds
246.872: [GC [PSYoungGen: 50061K->6604K(51200K)] 93516K->51485K(167936K), 0.0026860 secs] [Times: user=0.02 sys=0.00, real=0.00 secs] 
246.875: Total time for which application threads were stopped: 0.0028630 seconds, Stopping threads took: 0.0000820 seconds
246.903: Application time: 0.0283190 seconds
246.904: [GC [PSYoungGen: 50091K->6572K(51200K)] 94972K->56441K(167936K), 0.0036070 secs] [Times: user=0.03 sys=0.00, real=0.01 secs] 
246.907: Total time for which application threads were stopped: 0.0037670 seconds, Stopping threads took: 0.0000710 seconds
246.949: Application time: 0.0415310 seconds
246.949: [GC [PSYoungGen: 50083K->6588K(51200K)] 99951K->61444K(167936K), 0.0037490 secs] [Times: user=0.03 sys=0.00, real=0.00 secs] 
246.953: Total time for which application threads were stopped: 0.0039260 seconds, Stopping threads took: 0.0000880 seconds
246.970: Application time: 0.0171900 seconds
246.970: [GC [PSYoungGen: 50066K->6605K(51200K)] 104922K->64311K(167936K), 0.0031810 secs] [Times: user=0.02 sys=0.00, real=0.00 secs] 
246.973: Total time for which application threads were stopped: 0.0033420 seconds, Stopping threads took: 0.0000740 seconds
246.986: Application time: 0.0124210 seconds
246.986: [GC [PSYoungGen: 50089K->6572K(51200K)] 107795K->67129K(167936K), 0.0033220 secs] [Times: user=0.01 sys=0.00, real=0.00 secs] 
246.989: Total time for which application threads were stopped: 0.0035040 seconds, Stopping threads took: 0.0000980 seconds
247.139: Application time: 0.1494430 seconds
247.139: [GC [PSYoungGen: 50069K->6604K(51200K)] 110625K->77848K(167936K), 0.0051240 secs] [Times: user=0.04 sys=0.00, real=0.00 secs] 
247.144: Total time for which application threads were stopped: 0.0052830 seconds, Stopping threads took: 0.0000670 seconds
247.174: Application time: 0.0304540 seconds
247.174: [GC [PSYoungGen: 49928K->6716K(51200K)] 121172K->82948K(167936K), 0.0037440 secs] [Times: user=0.03 sys=0.00, real=0.01 secs] 
247.178: Total time for which application threads were stopped: 0.0039300 seconds, Stopping threads took: 0.0000980 seconds
247.191: Application time: 0.0128300 seconds
247.191: [GC [PSYoungGen: 50184K->6812K(51200K)] 126416K->83756K(167936K), 0.0024920 secs] [Times: user=0.02 sys=0.00, real=0.00 secs] 
247.194: Total time for which application threads were stopped: 0.0028540 seconds, Stopping threads took: 0.0002780 seconds
247.205: Application time: 0.0112940 seconds
247.205: [GC [PSYoungGen: 50557K->6716K(51200K)] 127501K->85798K(167936K), 0.0029450 secs] [Times: user=0.02 sys=0.00, real=0.01 secs] 
247.208: Total time for which application threads were stopped: 0.0032080 seconds, Stopping threads took: 0.0001660 seconds
247.219: Application time: 0.0101360 seconds
247.219: [GC [PSYoungGen: 50197K->6684K(51200K)] 129279K->87191K(167936K), 0.0026760 secs] [Times: user=0.02 sys=0.00, real=0.00 secs] 
247.222: Total time for which application threads were stopped: 0.0029580 seconds, Stopping threads took: 0.0001950 seconds
247.232: Application time: 0.0102350 seconds
247.232: [GC [PSYoungGen: 50168K->6716K(51200K)] 130675K->89361K(167936K), 0.0029980 secs] [Times: user=0.02 sys=0.00, real=0.00 secs] 
247.235: Total time for which application threads were stopped: 0.0036490 seconds, Stopping threads took: 0.0005590 seconds
247.246: Application time: 0.0108280 seconds
247.246: [GC [PSYoungGen: 50657K->6828K(51200K)] 133301K->95886K(167936K), 0.0041940 secs] [Times: user=0.02 sys=0.00, real=0.00 secs] 
247.251: Total time for which application threads were stopped: 0.0044230 seconds, Stopping threads took: 0.0001290 seconds
247.262: Application time: 0.0116420 seconds
247.262: [GC [PSYoungGen: 50613K->6797K(51200K)] 139670K->97303K(167936K), 0.0026850 secs] [Times: user=0.02 sys=0.00, real=0.00 secs] 
247.265: Total time for which application threads were stopped: 0.0028330 seconds, Stopping threads took: 0.0000650 seconds
247.275: Application time: 0.0100620 seconds
247.276: [GC [PSYoungGen: 50271K->6765K(51200K)] 140777K->97311K(167936K), 0.0022540 secs] [Times: user=0.01 sys=0.00, real=0.01 secs] 
247.278: Total time for which application threads were stopped: 0.0032330 seconds, Stopping threads took: 0.0008930 seconds
247.290: Application time: 0.0115220 seconds
247.290: [GC [PSYoungGen: 50260K->6764K(51200K)] 140806K->100161K(167936K), 0.0030720 secs] [Times: user=0.02 sys=0.00, real=0.00 secs] 
247.293: Total time for which application threads were stopped: 0.0034780 seconds, Stopping threads took: 0.0003160 seconds
247.303: Application time: 0.0094590 seconds
247.303: [GC [PSYoungGen: 50235K->6700K(51200K)] 143631K->100809K(167936K), 0.0025700 secs] [Times: user=0.01 sys=0.00, real=0.00 secs] 
247.306: Total time for which application threads were stopped: 0.0027580 seconds, Stopping threads took: 0.0001010 seconds
247.324: Application time: 0.0186010 seconds
247.324: [GC [PSYoungGen: 50188K->6765K(51200K)] 144297K->102315K(167936K), 0.0027890 secs] [Times: user=0.02 sys=0.00, real=0.01 secs] 
247.327: Total time for which application threads were stopped: 0.0029610 seconds, Stopping threads took: 0.0000900 seconds
247.338: Application time: 0.0111320 seconds
247.338: [GC [PSYoungGen: 50251K->6700K(51200K)] 145801K->108703K(167936K), 0.0041910 secs] [Times: user=0.03 sys=0.00, real=0.00 secs] 
247.343: Total time for which application threads were stopped: 0.0043490 seconds, Stopping threads took: 0.0000660 seconds
247.553: Application time: 0.2103090 seconds
247.553: [GC [PSYoungGen: 50189K->6684K(51200K)] 152192K->119375K(167936K), 0.0051460 secs] [Times: user=0.04 sys=0.00, real=0.01 secs] 
247.558: [Full GC [PSYoungGen: 6684K->0K(51200K)] [ParOldGen: 112690K->26296K(116736K)] 119375K->26296K(167936K) [PSPermGen: 6111K->6111K(21504K)], 0.0100850 secs] [Times: user=0.05 sys=0.00, real=0.01 secs] 
247.568: Total time for which application threads were stopped: 0.0154290 seconds, Stopping threads took: 0.0000620 seconds
247.754: Application time: 0.1854490 seconds
247.754: [GC [PSYoungGen: 43488K->7157K(51200K)] 69784K->42732K(167936K), 0.0048570 secs] [Times: user=0.03 sys=0.00, real=0.01 secs] 
247.759: Total time for which application threads were stopped: 0.0050270 seconds, Stopping threads took: 0.0000720 seconds
247.947: Application time: 0.1879860 seconds
247.947: [GC [PSYoungGen: 50645K->6540K(51200K)] 86220K->52091K(167936K), 0.0048710 secs] [Times: user=0.04 sys=0.00, real=0.00 secs] 
247.952: Total time for which application threads were stopped: 0.0050470 seconds, Stopping threads took: 0.0000840 seconds
248.149: Application time: 0.1973540 seconds
248.149: [GC [PSYoungGen: 50037K->6636K(51200K)] 95588K->62162K(167936K), 0.0049410 secs] [Times: user=0.03 sys=0.00, real=0.00 secs] 
248.154: Total time for which application threads were stopped: 0.0050920 seconds, Stopping threads took: 0.0000640 seconds
248.319: Application time: 0.1648930 seconds
248.319: [GC [PSYoungGen: 50143K->6668K(51200K)] 105669K->72882K(167936K), 0.0051060 secs] [Times: user=0.03 sys=0.00, real=0.00 secs] 
248.325: Total time for which application threads were stopped: 0.0052780 seconds, Stopping threads took: 0.0000730 seconds
248.524: Application time: 0.1992770 seconds
248.524: [GC [PSYoungGen: 50148K->6668K(51200K)] 116362K->81432K(167936K), 0.0045030 secs] [Times: user=0.03 sys=0.00, real=0.01 secs] 
248.529: Total time for which application threads were stopped: 0.0046740 seconds, Stopping threads took: 0.0000830 seconds
248.731: Application time: 0.2024410 seconds
248.731: [GC [PSYoungGen: 50157K->6668K(51200K)] 124921K->92120K(167936K), 0.0051840 secs] [Times: user=0.04 sys=0.00, real=0.00 secs] 
248.736: Total time for which application threads were stopped: 0.0053290 seconds, Stopping threads took: 0.0000580 seconds
248.915: Application time: 0.1788730 seconds
248.915: [GC [PSYoungGen: 50158K->6668K(51200K)] 135610K->102096K(167936K), 0.0051090 secs] [Times: user=0.04 sys=0.00, real=0.01 secs] 
248.920: Total time for which application threads were stopped: 0.0052720 seconds, Stopping threads took: 0.0000590 seconds
249.103: Application time: 0.1829680 seconds
249.104: [GC [PSYoungGen: 50167K->6668K(51200K)] 145594K->112071K(167936K), 0.0050080 secs] [Times: user=0.04 sys=0.00, real=0.01 secs] 
249.109: [Full GC [PSYoungGen: 6668K->0K(51200K)] [ParOldGen: 105402K->27722K(116736K)] 112071K->27722K(167936K) [PSPermGen: 6111K->6111K(21504K)], 0.0103940 secs] [Times: user=0.05 sys=0.00, real=0.01 secs] 
249.119: Total time for which application threads were stopped: 0.0156070 seconds, Stopping threads took: 0.0000600 seconds
249.296: Application time: 0.1767130 seconds
249.296: [GC [PSYoungGen: 43490K->6508K(51200K)] 71212K->43494K(167936K), 0.0046180 secs] [Times: user=0.04 sys=0.00, real=0.01 secs] 
249.301: Total time for which application threads were stopped: 0.0047730 seconds, Stopping threads took: 0.0000660 seconds
249.433: Application time: 0.1329080 seconds
249.434: [GC [PSYoungGen: 50016K->6637K(51200K)] 87002K->55023K(167936K), 0.0053060 secs] [Times: user=0.04 sys=0.01, real=0.01 secs] 
249.439: Total time for which application threads were stopped: 0.0054790 seconds, Stopping threads took: 0.0000700 seconds
249.578: Application time: 0.1392930 seconds
249.578: [GC [PSYoungGen: 50127K->6637K(51200K)] 98514K->65711K(167936K), 0.0051260 secs] [Times: user=0.03 sys=0.00, real=0.00 secs] 
249.584: Total time for which application threads were stopped: 0.0052800 seconds, Stopping threads took: 0.0000670 seconds
249.756: Application time: 0.1722180 seconds
249.756: [GC [PSYoungGen: 50119K->6669K(51200K)] 109194K->75007K(167936K), 0.0047310 secs] [Times: user=0.04 sys=0.00, real=0.01 secs] 
249.761: Total time for which application threads were stopped: 0.0048810 seconds, Stopping threads took: 0.0000630 seconds
249.896: Application time: 0.1350910 seconds
249.896: [GC [PSYoungGen: 50160K->6605K(51200K)] 118498K->84919K(167936K), 0.0048990 secs] [Times: user=0.03 sys=0.00, real=0.01 secs] 
249.901: Total time for which application threads were stopped: 0.0050500 seconds, Stopping threads took: 0.0000620 seconds
249.982: Application time: 0.0816390 seconds
249.983: [GC [PSYoungGen: 50129K->6701K(51200K)] 128444K->94991K(167936K), 0.0050880 secs] [Times: user=0.04 sys=0.00, real=0.01 secs] 
249.988: Total time for which application threads were stopped: 0.0052610 seconds, Stopping threads took: 0.0000710 seconds
250.005: Application time: 0.0169250 seconds
250.005: [GC [PSYoungGen: 50183K->6669K(51200K)] 138474K->94959K(167936K), 0.0023470 secs] [Times: user=0.02 sys=0.00, real=0.01 secs] 
250.007: Total time for which application threads were stopped: 0.0025210 seconds, Stopping threads took: 0.0000900 seconds
250.022: Application time: 0.0153790 seconds
250.023: [GC [PSYoungGen: 50150K->6669K(51200K)] 138441K->95672K(167936K), 0.0026560 secs] [Times: user=0.02 sys=0.00, real=0.00 secs] 
250.025: Total time for which application threads were stopped: 0.0028200 seconds, Stopping threads took: 0.0000820 seconds
250.105: Application time: 0.0799280 seconds
250.105: [GC [PSYoungGen: 50160K->6701K(51200K)] 139163K->104967K(167936K), 0.0047690 secs] [Times: user=0.04 sys=0.00, real=0.01 secs] 
250.110: Total time for which application threads were stopped: 0.0049180 seconds, Stopping threads took: 0.0000610 seconds
250.270: Application time: 0.1593510 seconds
250.270: [GC [PSYoungGen: 50193K->6685K(51200K)] 148460K->114928K(167936K), 0.0050190 secs] [Times: user=0.03 sys=0.00, real=0.00 secs] 
250.275: [Full GC [PSYoungGen: 6685K->0K(51200K)] [ParOldGen: 108242K->27724K(116736K)] 114928K->27724K(167936K) [PSPermGen: 6111K->6111K(21504K)], 0.0104380 secs] [Times: user=0.06 sys=0.00, real=0.01 secs] 
250.285: Total time for which application threads were stopped: 0.0157420 seconds, Stopping threads took: 0.0001230 seconds
250.443: Application time: 0.1579040 seconds
250.443: [GC [PSYoungGen: 43508K->6573K(51200K)] 71232K->43560K(167936K), 0.0046980 secs] [Times: user=0.04 sys=0.00, real=0.01 secs] 
250.448: Total time for which application threads were stopped: 0.0050110 seconds, Stopping threads took: 0.0002210 seconds
250.544: Application time: 0.0962850 seconds
250.545: [GC [PSYoungGen: 50089K->6605K(51200K)] 87076K->53568K(167936K), 0.0050290 secs] [Times: user=0.04 sys=0.00, real=0.01 secs] 
250.550: Total time for which application threads were stopped: 0.0052320 seconds, Stopping threads took: 0.0000980 seconds
250.567: Application time: 0.0170840 seconds
250.567: [GC [PSYoungGen: 50087K->6637K(51200K)] 97050K->55738K(167936K), 0.0027290 secs] [Times: user=0.02 sys=0.00, real=0.00 secs] 
250.570: Total time for which application threads were stopped: 0.0029190 seconds, Stopping threads took: 0.0001030 seconds
250.587: Application time: 0.0170740 seconds
250.587: [GC [PSYoungGen: 50119K->6669K(51200K)] 99220K->57908K(167936K), 0.0029610 secs] [Times: user=0.02 sys=0.01, real=0.00 secs] 
250.590: Total time for which application threads were stopped: 0.0031320 seconds, Stopping threads took: 0.0000840 seconds
250.642: Application time: 0.0523600 seconds
250.642: [GC [PSYoungGen: 50160K->6637K(51200K)] 101399K->65714K(167936K), 0.0043550 secs] [Times: user=0.03 sys=0.00, real=0.01 secs] 
250.647: Total time for which application threads were stopped: 0.0045120 seconds, Stopping threads took: 0.0000690 seconds
250.786: Application time: 0.1391180 seconds
250.786: [GC [PSYoungGen: 50153K->6636K(51200K)] 109230K->75689K(167936K), 0.0050310 secs] [Times: user=0.04 sys=0.00, real=0.00 secs] 
250.791: Total time for which application threads were stopped: 0.0051930 seconds, Stopping threads took: 0.0000770 seconds
250.809: Application time: 0.0174240 seconds
250.809: [GC [PSYoungGen: 50110K->6636K(51200K)] 119163K->77114K(167936K), 0.0027560 secs] [Times: user=0.02 sys=0.00, real=0.00 secs] 
250.811: Total time for which application threads were stopped: 0.0029420 seconds, Stopping threads took: 0.0000930 seconds
250.829: Application time: 0.0179250 seconds
250.830: [GC [PSYoungGen: 50120K->6669K(51200K)] 120598K->81422K(167936K), 0.0036290 secs] [Times: user=0.03 sys=0.00, real=0.00 secs] 
250.833: Total time for which application threads were stopped: 0.0038260 seconds, Stopping threads took: 0.0001070 seconds
250.851: Application time: 0.0182230 seconds
250.852: [GC [PSYoungGen: 50162K->6636K(51200K)] 124915K->84952K(167936K), 0.0031540 secs] [Times: user=0.02 sys=0.01, real=0.00 secs] 
250.855: Total time for which application threads were stopped: 0.0033130 seconds, Stopping threads took: 0.0000740 seconds
250.969: Application time: 0.1139830 seconds
250.969: [GC [PSYoungGen: 50152K->6732K(51200K)] 128467K->95023K(167936K), 0.0051910 secs] [Times: user=0.04 sys=0.00, real=0.00 secs] 
250.974: Total time for which application threads were stopped: 0.0053590 seconds, Stopping threads took: 0.0000780 seconds
250.991: Application time: 0.0167540 seconds
250.991: [GC [PSYoungGen: 50216K->6620K(51200K)] 138507K->96336K(167936K), 0.0028140 secs] [Times: user=0.02 sys=0.00, real=0.00 secs] 
250.994: Total time for which application threads were stopped: 0.0029720 seconds, Stopping threads took: 0.0000690 seconds
251.010: Application time: 0.0157640 seconds
251.010: [GC [PSYoungGen: 50106K->6700K(51200K)] 139822K->102830K(167936K), 0.0040550 secs] [Times: user=0.03 sys=0.00, real=0.00 secs] 
251.014: Total time for which application threads were stopped: 0.0042510 seconds, Stopping threads took: 0.0001080 seconds
251.081: Application time: 0.0672580 seconds
251.081: [GC [PSYoungGen: 50197K->6700K(51200K)] 146326K->109242K(167936K), 0.0039750 secs] [Times: user=0.03 sys=0.00, real=0.00 secs] 
251.085: Total time for which application threads were stopped: 0.0041440 seconds, Stopping threads took: 0.0000730 seconds
251.185: Application time: 0.0994530 seconds
251.185: [GC [PSYoungGen: 50217K->6732K(51200K)] 152758K->119249K(167936K), 0.0051400 secs] [Times: user=0.04 sys=0.00, real=0.01 secs] 
251.190: [Full GC [PSYoungGen: 6732K->0K(51200K)] [ParOldGen: 112517K->27959K(116736K)] 119249K->27959K(167936K) [PSPermGen: 6111K->6111K(21504K)], 0.0103310 secs] [Times: user=0.06 sys=0.00, real=0.01 secs] 
251.200: Total time for which application threads were stopped: 0.0156970 seconds, Stopping threads took: 0.0000870 seconds
251.217: Application time: 0.0161300 seconds
251.217: [GC [PSYoungGen: 43485K->5860K(51200K)] 71445K->33819K(167936K), 0.0018230 secs] [Times: user=0.01 sys=0.00, real=0.01 secs] 
251.219: Total time for which application threads were stopped: 0.0019920 seconds, Stopping threads took: 0.0000920 seconds
251.236: Application time: 0.0172380 seconds
251.236: [GC [PSYoungGen: 49340K->6604K(51200K)] 77300K->34564K(167936K), 0.0023450 secs] [Times: user=0.02 sys=0.00, real=0.01 secs] 
251.238: Total time for which application threads were stopped: 0.0025270 seconds, Stopping threads took: 0.0000960 seconds
251.318: Application time: 0.0792330 seconds
251.318: [GC [PSYoungGen: 50097K->7157K(51200K)] 78056K->44379K(167936K), 0.0048350 secs] [Times: user=0.04 sys=0.00, real=0.00 secs] 
251.323: Total time for which application threads were stopped: 0.0049970 seconds, Stopping threads took: 0.0000720 seconds
251.371: Application time: 0.0489050 seconds
251.372: [GC [PSYoungGen: 50673K->6540K(51200K)] 87895K->53025K(167936K), 0.0048640 secs] [Times: user=0.03 sys=0.00, real=0.00 secs] 
251.376: Total time for which application threads were stopped: 0.0050320 seconds, Stopping threads took: 0.0000790 seconds
251.392: Application time: 0.0154480 seconds
251.392: [GC [PSYoungGen: 50052K->6604K(51200K)] 96536K->54514K(167936K), 0.0027170 secs] [Times: user=0.02 sys=0.00, real=0.00 secs] 
251.395: Total time for which application threads were stopped: 0.0028840 seconds, Stopping threads took: 0.0000810 seconds
251.407: Application time: 0.0126070 seconds
251.408: [GC [PSYoungGen: 50087K->6636K(51200K)] 97997K->58109K(167936K), 0.0033390 secs] [Times: user=0.03 sys=0.00, real=0.00 secs] 
251.411: Total time for which application threads were stopped: 0.0035110 seconds, Stopping threads took: 0.0000820 seconds
251.421: Application time: 0.0103720 seconds
251.422: [GC [PSYoungGen: 50115K->6668K(51200K)] 101588K->58853K(167936K), 0.0024750 secs] [Times: user=0.02 sys=0.00, real=0.00 secs] 
251.424: Total time for which application threads were stopped: 0.0027380 seconds, Stopping threads took: 0.0001780 seconds
251.440: Application time: 0.0163800 seconds
251.441: [GC [PSYoungGen: 50182K->6604K(51200K)] 102367K->59502K(167936K), 0.0025930 secs] [Times: user=0.02 sys=0.00, real=0.00 secs] 
251.443: Total time for which application threads were stopped: 0.0027580 seconds, Stopping threads took: 0.0000780 seconds
251.455: Application time: 0.0115120 seconds
251.455: [GC [PSYoungGen: 50094K->6620K(51200K)] 102991K->63793K(167936K), 0.0035730 secs] [Times: user=0.03 sys=0.00, real=0.01 secs] 
251.458: Total time for which application threads were stopped: 0.0037400 seconds, Stopping threads took: 0.0000750 seconds
251.469: Application time: 0.0110420 seconds
251.470: [GC [PSYoungGen: 50102K->6668K(51200K)] 107275K->67404K(167936K), 0.0032000 secs] [Times: user=0.02 sys=0.00, real=0.00 secs] 
251.473: Total time for which application threads were stopped: 0.0033930 seconds, Stopping threads took: 0.0001020 seconds
251.490: Application time: 0.0172050 seconds
251.490: [GC [PSYoungGen: 50156K->6652K(51200K)] 110891K->70238K(167936K), 0.0030660 secs] [Times: user=0.02 sys=0.00, real=0.00 secs] 
251.493: Total time for which application threads were stopped: 0.0032280 seconds, Stopping threads took: 0.0000750 seconds
251.507: Application time: 0.0134300 seconds
251.507: [GC [PSYoungGen: 50137K->6620K(51200K)] 113723K->73769K(167936K), 0.0034260 secs] [Times: user=0.02 sys=0.00, real=0.00 secs] 
251.510: Total time for which application threads were stopped: 0.0035940 seconds, Stopping threads took: 0.0000690 seconds
251.661: Application time: 0.1502580 seconds
251.661: [GC [PSYoungGen: 50115K->6636K(51200K)] 117263K->83760K(167936K), 0.0049180 secs] [Times: user=0.04 sys=0.00, real=0.01 secs] 
251.666: Total time for which application threads were stopped: 0.0050910 seconds, Stopping threads took: 0.0000740 seconds
251.859: Application time: 0.1936490 seconds
251.860: [GC [PSYoungGen: 50122K->6668K(51200K)] 127246K->93767K(167936K), 0.0049680 secs] [Times: user=0.03 sys=0.00, real=0.00 secs] 
251.865: Total time for which application threads were stopped: 0.0051510 seconds, Stopping threads took: 0.0000980 seconds
252.069: Application time: 0.2044320 seconds
252.069: [GC [PSYoungGen: 50154K->6764K(51200K)] 137253K->103126K(167936K), 0.0047480 secs] [Times: user=0.03 sys=0.00, real=0.00 secs] 
252.074: Total time for which application threads were stopped: 0.0049250 seconds, Stopping threads took: 0.0000880 seconds
252.264: Application time: 0.1901740 seconds
252.264: [GC [PSYoungGen: 50259K->6732K(51200K)] 146620K->113069K(167936K), 0.0049430 secs] [Times: user=0.03 sys=0.00, real=0.01 secs] 
252.269: [Full GC [PSYoungGen: 6732K->0K(51200K)] [ParOldGen: 106336K->27010K(116736K)] 113069K->27010K(167936K) [PSPermGen: 6111K->6111K(21504K)], 0.0100590 secs] [Times: user=0.06 sys=0.00, real=0.01 secs] 
252.279: Total time for which application threads were stopped: 0.0152140 seconds, Stopping threads took: 0.0000640 seconds
252.468: Application time: 0.1884480 seconds
252.468: [GC [PSYoungGen: 43492K->6572K(51200K)] 70502K->43558K(167936K), 0.0049920 secs] [Times: user=0.03 sys=0.00, real=0.00 secs] 
252.473: Total time for which application threads were stopped: 0.0051710 seconds, Stopping threads took: 0.0000870 seconds
252.673: Application time: 0.1996910 seconds
252.673: [GC [PSYoungGen: 50061K->6604K(51200K)] 87046K->52140K(167936K), 0.0043880 secs] [Times: user=0.03 sys=0.00, real=0.00 secs] 
252.677: Total time for which application threads were stopped: 0.0048020 seconds, Stopping threads took: 0.0003230 seconds
252.845: Application time: 0.1677360 seconds
252.845: [GC [PSYoungGen: 50102K->6636K(51200K)] 95637K->62860K(167936K), 0.0050540 secs] [Times: user=0.04 sys=0.00, real=0.01 secs] 
252.850: Total time for which application threads were stopped: 0.0052530 seconds, Stopping threads took: 0.0000970 seconds
253.041: Application time: 0.1907580 seconds
253.041: [GC [PSYoungGen: 50132K->6668K(51200K)] 106356K->72155K(167936K), 0.0047060 secs] [Times: user=0.03 sys=0.00, real=0.01 secs] 
253.046: Total time for which application threads were stopped: 0.0048930 seconds, Stopping threads took: 0.0000970 seconds
253.221: Application time: 0.1750630 seconds
253.221: [GC [PSYoungGen: 50158K->6668K(51200K)] 115645K->82843K(167936K), 0.0051060 secs] [Times: user=0.04 sys=0.00, real=0.01 secs] 
253.226: Total time for which application threads were stopped: 0.0052600 seconds, Stopping threads took: 0.0000600 seconds
253.396: Application time: 0.1698650 seconds
253.396: [GC [PSYoungGen: 50158K->6668K(51200K)] 126333K->92106K(167936K), 0.0046660 secs] [Times: user=0.04 sys=0.00, real=0.01 secs] 
253.401: Total time for which application threads were stopped: 0.0048450 seconds, Stopping threads took: 0.0000830 seconds
253.549: Application time: 0.1477790 seconds
253.549: [GC [PSYoungGen: 50168K->6668K(51200K)] 135605K->102795K(167936K), 0.0051870 secs] [Times: user=0.04 sys=0.00, real=0.00 secs] 
253.554: Total time for which application threads were stopped: 0.0053470 seconds, Stopping threads took: 0.0000720 seconds
253.712: Application time: 0.1574190 seconds
253.712: [GC [PSYoungGen: 50159K->6669K(51200K)] 146285K->112058K(167936K), 0.0047410 secs] [Times: user=0.04 sys=0.00, real=0.00 secs] 
253.717: [Full GC [PSYoungGen: 6669K->0K(51200K)] [ParOldGen: 105389K->25586K(116736K)] 112058K->25586K(167936K) [PSPermGen: 6111K->6111K(21504K)], 0.0098440 secs] [Times: user=0.05 sys=0.00, real=0.02 secs] 
253.726: Total time for which application threads were stopped: 0.0148040 seconds, Stopping threads took: 0.0000730 seconds
253.884: Application time: 0.1578320 seconds
253.884: [GC [PSYoungGen: 43491K->6477K(51200K)] 69077K->41327K(167936K), 0.0047110 secs] [Times: user=0.04 sys=0.00, real=0.01 secs] 
253.889: Total time for which application threads were stopped: 0.0048650 seconds, Stopping threads took: 0.0000660 seconds
254.049: Application time: 0.1600000 seconds
254.049: [GC [PSYoungGen: 50507K->6525K(51200K)] 85357K->49926K(167936K), 0.0044850 secs] [Times: user=0.03 sys=0.00, real=0.00 secs] 
254.054: Total time for which application threads were stopped: 0.0046480 seconds, Stopping threads took: 0.0000670 seconds
254.076: Application time: 0.0221980 seconds
254.076: [GC [PSYoungGen: 50210K->6573K(51200K)] 93611K->56387K(167936K), 0.0041250 secs] [Times: user=0.03 sys=0.00, real=0.01 secs] 
254.080: Total time for which application threads were stopped: 0.0043110 seconds, Stopping threads took: 0.0000950 seconds
254.098: Application time: 0.0176410 seconds
254.098: [GC [PSYoungGen: 50051K->6541K(51200K)] 99865K->56355K(167936K), 0.0022170 secs] [Times: user=0.01 sys=0.00, real=0.00 secs] 
254.100: Total time for which application threads were stopped: 0.0024230 seconds, Stopping threads took: 0.0001260 seconds
254.112: Application time: 0.0116740 seconds
254.112: [GC [PSYoungGen: 50025K->6605K(51200K)] 99840K->60694K(167936K), 0.0035580 secs] [Times: user=0.02 sys=0.00, real=0.00 secs] 
254.116: Total time for which application threads were stopped: 0.0037340 seconds, Stopping threads took: 0.0000880 seconds
254.259: Application time: 0.1435450 seconds
254.259: [GC [PSYoungGen: 50105K->6605K(51200K)] 104195K->71383K(167936K), 0.0050540 secs] [Times: user=0.04 sys=0.00, real=0.00 secs] 
254.265: Total time for which application threads were stopped: 0.0052140 seconds, Stopping threads took: 0.0000720 seconds
254.413: Application time: 0.1483640 seconds
254.413: [GC [PSYoungGen: 50095K->6637K(51200K)] 114873K->81391K(167936K), 0.0049360 secs] [Times: user=0.04 sys=0.00, real=0.01 secs] 
254.418: Total time for which application threads were stopped: 0.0050940 seconds, Stopping threads took: 0.0000670 seconds
254.570: Application time: 0.1517640 seconds
254.570: [GC [PSYoungGen: 50137K->6701K(51200K)] 124891K->92143K(167936K), 0.0069170 secs] [Times: user=0.05 sys=0.00, real=0.00 secs] 
254.577: Total time for which application threads were stopped: 0.0070760 seconds, Stopping threads took: 0.0000640 seconds
254.701: Application time: 0.1237150 seconds
254.701: [GC [PSYoungGen: 50217K->6637K(51200K)] 135660K->102768K(167936K), 0.0053580 secs] [Times: user=0.03 sys=0.00, real=0.01 secs] 
254.706: Total time for which application threads were stopped: 0.0055250 seconds, Stopping threads took: 0.0000790 seconds
254.721: Application time: 0.0145280 seconds
254.721: [GC [PSYoungGen: 50117K->6700K(51200K)] 146248K->107107K(167936K), 0.0035420 secs] [Times: user=0.03 sys=0.00, real=0.00 secs] 
254.725: Total time for which application threads were stopped: 0.0038750 seconds, Stopping threads took: 0.0002410 seconds
254.744: Application time: 0.0197870 seconds
254.744: [GC [PSYoungGen: 50190K->6669K(51200K)] 150596K->109213K(167936K), 0.0029820 secs] [Times: user=0.02 sys=0.00, real=0.01 secs] 
254.747: [Full GC [PSYoungGen: 6669K->0K(51200K)] [ParOldGen: 102544K->32056K(116736K)] 109213K->32056K(167936K) [PSPermGen: 6111K->6111K(21504K)], 0.0095900 secs] [Times: user=0.05 sys=0.00, real=0.00 secs] 
254.757: Total time for which application threads were stopped: 0.0128130 seconds, Stopping threads took: 0.0001010 seconds
254.811: Application time: 0.0539780 seconds
254.811: [GC [PSYoungGen: 43489K->6572K(51200K)] 75546K->43617K(167936K), 0.0034530 secs] [Times: user=0.03 sys=0.00, real=0.00 secs] 
254.815: Total time for which application threads were stopped: 0.0036020 seconds, Stopping threads took: 0.0000590 seconds
254.842: Application time: 0.0277870 seconds
254.843: [GC [PSYoungGen: 50085K->6540K(51200K)] 87130K->50710K(167936K), 0.0043080 secs] [Times: user=0.03 sys=0.00, real=0.01 secs] 
254.847: Total time for which application threads were stopped: 0.0044900 seconds, Stopping threads took: 0.0000850 seconds
254.863: Application time: 0.0160290 seconds
254.863: [GC [PSYoungGen: 50020K->6573K(51200K)] 94190K->53593K(167936K), 0.0031850 secs] [Times: user=0.02 sys=0.00, real=0.01 secs] 
254.866: Total time for which application threads were stopped: 0.0033640 seconds, Stopping threads took: 0.0000930 seconds
254.879: Application time: 0.0128660 seconds
254.879: [GC [PSYoungGen: 50057K->6573K(51200K)] 97078K->57868K(167936K), 0.0036460 secs] [Times: user=0.02 sys=0.00, real=0.00 secs] 
254.883: Total time for which application threads were stopped: 0.0038330 seconds, Stopping threads took: 0.0001000 seconds
255.024: Application time: 0.1410640 seconds
255.024: [GC [PSYoungGen: 50062K->6572K(51200K)] 101358K->67843K(167936K), 0.0048850 secs] [Times: user=0.04 sys=0.00, real=0.01 secs] 
255.029: Total time for which application threads were stopped: 0.0050400 seconds, Stopping threads took: 0.0000680 seconds
255.092: Application time: 0.0629390 seconds
255.092: [GC [PSYoungGen: 50094K->6604K(51200K)] 111365K->77851K(167936K), 0.0050740 secs] [Times: user=0.04 sys=0.00, real=0.00 secs] 
255.097: Total time for which application threads were stopped: 0.0052540 seconds, Stopping threads took: 0.0000760 seconds
255.113: Application time: 0.0154830 seconds
255.113: [GC [PSYoungGen: 50089K->6636K(51200K)] 121336K->79308K(167936K), 0.0028040 secs] [Times: user=0.02 sys=0.00, real=0.00 secs] 
255.116: Total time for which application threads were stopped: 0.0029960 seconds, Stopping threads took: 0.0001050 seconds
255.132: Application time: 0.0165630 seconds
255.133: [GC [PSYoungGen: 50121K->6604K(51200K)] 122793K->82839K(167936K), 0.0034070 secs] [Times: user=0.03 sys=0.00, real=0.00 secs] 
255.136: Total time for which application threads were stopped: 0.0035910 seconds, Stopping threads took: 0.0000900 seconds
255.218: Application time: 0.0824290 seconds
255.219: [GC [PSYoungGen: 50129K->6636K(51200K)] 126363K->94271K(167936K), 0.0054250 secs] [Times: user=0.03 sys=0.00, real=0.00 secs] 
255.224: Total time for which application threads were stopped: 0.0055860 seconds, Stopping threads took: 0.0000720 seconds
255.242: Application time: 0.0175940 seconds
255.242: [GC [PSYoungGen: 50112K->6668K(51200K)] 137747K->99291K(167936K), 0.0036790 secs] [Times: user=0.02 sys=0.00, real=0.00 secs] 
255.245: Total time for which application threads were stopped: 0.0038660 seconds, Stopping threads took: 0.0000970 seconds
255.264: Application time: 0.0186820 seconds
255.264: [GC [PSYoungGen: 50150K->6668K(51200K)] 142772K->102141K(167936K), 0.0032230 secs] [Times: user=0.03 sys=0.00, real=0.01 secs] 
255.268: Total time for which application threads were stopped: 0.0034120 seconds, Stopping threads took: 0.0000870 seconds
255.291: Application time: 0.0234090 seconds
255.291: [GC [PSYoungGen: 50162K->6636K(51200K)] 145634K->104246K(167936K), 0.0027930 secs] [Times: user=0.01 sys=0.00, real=0.00 secs] 
255.294: Total time for which application threads were stopped: 0.0029500 seconds, Stopping threads took: 0.0000710 seconds
255.456: Application time: 0.1621150 seconds
255.456: [GC [PSYoungGen: 50116K->6684K(51200K)] 147726K->113557K(167936K), 0.0048220 secs] [Times: user=0.04 sys=0.00, real=0.01 secs] 
255.461: [Full GC [PSYoungGen: 6684K->0K(51200K)] [ParOldGen: 106872K->27723K(116736K)] 113557K->27723K(167936K) [PSPermGen: 6111K->6111K(21504K)], 0.0100690 secs] [Times: user=0.05 sys=0.00, real=0.01 secs] 
255.471: Total time for which application threads were stopped: 0.0150980 seconds, Stopping threads took: 0.0000630 seconds
255.508: Application time: 0.0371770 seconds
255.508: [GC [PSYoungGen: 43512K->6540K(51200K)] 71235K->36401K(167936K), 0.0028930 secs] [Times: user=0.02 sys=0.00, real=0.00 secs] 
255.511: Total time for which application threads were stopped: 0.0030670 seconds, Stopping threads took: 0.0000830 seconds
255.529: Application time: 0.0176060 seconds
255.529: [GC [PSYoungGen: 50323K->5860K(51200K)] 80184K->35721K(167936K), 0.0020210 secs] [Times: user=0.02 sys=0.00, real=0.00 secs] 
255.531: Total time for which application threads were stopped: 0.0021900 seconds, Stopping threads took: 0.0000900 seconds
255.543: Application time: 0.0122590 seconds
255.544: [GC [PSYoungGen: 49782K->6572K(51200K)] 79643K->39996K(167936K), 0.0032220 secs] [Times: user=0.02 sys=0.00, real=0.01 secs] 
255.547: Total time for which application threads were stopped: 0.0035900 seconds, Stopping threads took: 0.0002820 seconds
255.564: Application time: 0.0164580 seconds
255.564: [GC [PSYoungGen: 50060K->6540K(51200K)] 83484K->46376K(167936K), 0.0040820 secs] [Times: user=0.03 sys=0.00, real=0.01 secs] 
255.568: Total time for which application threads were stopped: 0.0042760 seconds, Stopping threads took: 0.0001040 seconds
255.584: Application time: 0.0163970 seconds
255.584: [GC [PSYoungGen: 50017K->6636K(51200K)] 89854K->48610K(167936K), 0.0029950 secs] [Times: user=0.02 sys=0.00, real=0.01 secs] 
255.587: Total time for which application threads were stopped: 0.0031650 seconds, Stopping threads took: 0.0000840 seconds
255.601: Application time: 0.0137390 seconds
255.601: [GC [PSYoungGen: 50117K->6636K(51200K)] 92091K->48610K(167936K), 0.0023540 secs] [Times: user=0.02 sys=0.00, real=0.00 secs] 
255.604: Total time for which application threads were stopped: 0.0025330 seconds, Stopping threads took: 0.0000840 seconds
255.656: Application time: 0.0523030 seconds
255.656: [GC [PSYoungGen: 50161K->6636K(51200K)] 92135K->55735K(167936K), 0.0042980 secs] [Times: user=0.03 sys=0.00, real=0.01 secs] 
255.660: Total time for which application threads were stopped: 0.0044750 seconds, Stopping threads took: 0.0000850 seconds
255.676: Application time: 0.0151510 seconds
255.676: [GC [PSYoungGen: 50115K->6572K(51200K)] 99214K->58521K(167936K), 0.0031830 secs] [Times: user=0.03 sys=0.00, real=0.01 secs] 
255.679: Total time for which application threads were stopped: 0.0033720 seconds, Stopping threads took: 0.0001010 seconds
255.693: Application time: 0.0144890 seconds
255.694: [GC [PSYoungGen: 50055K->6668K(51200K)] 102005K->60755K(167936K), 0.0030250 secs] [Times: user=0.02 sys=0.00, real=0.00 secs] 
255.697: Total time for which application threads were stopped: 0.0032030 seconds, Stopping threads took: 0.0000880 seconds
255.817: Application time: 0.1202300 seconds
255.817: [GC [PSYoungGen: 50163K->6668K(51200K)] 104250K->71443K(167936K), 0.0051590 secs] [Times: user=0.04 sys=0.00, real=0.01 secs] 
255.822: Total time for which application threads were stopped: 0.0053290 seconds, Stopping threads took: 0.0000770 seconds
256.028: Application time: 0.2061100 seconds
256.028: [GC [PSYoungGen: 50156K->6732K(51200K)] 114931K->81482K(167936K), 0.0048610 secs] [Times: user=0.04 sys=0.00, real=0.00 secs] 
256.033: Total time for which application threads were stopped: 0.0050230 seconds, Stopping threads took: 0.0000710 seconds
256.242: Application time: 0.2085370 seconds
256.242: [GC [PSYoungGen: 50229K->6732K(51200K)] 124979K->92170K(167936K), 0.0050900 secs] [Times: user=0.04 sys=0.00, real=0.01 secs] 
256.247: Total time for which application threads were stopped: 0.0052510 seconds, Stopping threads took: 0.0000590 seconds
256.441: Application time: 0.1936520 seconds
256.441: [GC [PSYoungGen: 50220K->6700K(51200K)] 135658K->102113K(167936K), 0.0050330 secs] [Times: user=0.03 sys=0.00, real=0.01 secs] 
256.446: Total time for which application threads were stopped: 0.0051910 seconds, Stopping threads took: 0.0000680 seconds
256.608: Application time: 0.1616920 seconds
256.608: [GC [PSYoungGen: 50195K->6764K(51200K)] 145608K->112152K(167936K), 0.0049910 secs] [Times: user=0.04 sys=0.00, real=0.00 secs] 
256.613: [Full GC [PSYoungGen: 6764K->0K(51200K)] [ParOldGen: 105388K->28435K(116736K)] 112152K->28435K(167936K) [PSPermGen: 6111K->6111K(21504K)], 0.0104780 secs] [Times: user=0.06 sys=0.00, real=0.01 secs] 
256.623: Total time for which application threads were stopped: 0.0156730 seconds, Stopping threads took: 0.0000640 seconds
256.854: Application time: 0.2302460 seconds
256.854: [GC [PSYoungGen: 43496K->6508K(51200K)] 71932K->45632K(167936K), 0.0050680 secs] [Times: user=0.04 sys=0.00, real=0.01 secs] 
256.859: Total time for which application threads were stopped: 0.0052340 seconds, Stopping threads took: 0.0000650 seconds
257.033: Application time: 0.1741600 seconds
257.033: [GC [PSYoungGen: 49997K->6572K(51200K)] 89121K->54959K(167936K), 0.0047130 secs] [Times: user=0.04 sys=0.00, real=0.01 secs] 
257.038: Total time for which application threads were stopped: 0.0048680 seconds, Stopping threads took: 0.0000640 seconds
257.199: Application time: 0.1614020 seconds
257.199: [GC [PSYoungGen: 50071K->6636K(51200K)] 98457K->65711K(167936K), 0.0051150 secs] [Times: user=0.03 sys=0.00, real=0.00 secs] 
257.205: Total time for which application threads were stopped: 0.0052700 seconds, Stopping threads took: 0.0000620 seconds
257.378: Application time: 0.1738460 seconds
257.379: [GC [PSYoungGen: 50126K->6668K(51200K)] 109201K->75719K(167936K), 0.0049170 secs] [Times: user=0.03 sys=0.00, real=0.00 secs] 
257.383: Total time for which application threads were stopped: 0.0051040 seconds, Stopping threads took: 0.0000870 seconds
257.558: Application time: 0.1748510 seconds
257.558: [GC [PSYoungGen: 50158K->6668K(51200K)] 119209K->85694K(167936K), 0.0048500 secs] [Times: user=0.03 sys=0.00, real=0.00 secs] 
257.563: Total time for which application threads were stopped: 0.0049990 seconds, Stopping threads took: 0.0000630 seconds
257.717: Application time: 0.1538400 seconds
257.717: [GC [PSYoungGen: 50167K->6668K(51200K)] 129193K->95670K(167936K), 0.0049250 secs] [Times: user=0.03 sys=0.00, real=0.01 secs] 
257.722: Total time for which application threads were stopped: 0.0050840 seconds, Stopping threads took: 0.0000680 seconds
257.871: Application time: 0.1485590 seconds
257.871: [GC [PSYoungGen: 50159K->6669K(51200K)] 139161K->105646K(167936K), 0.0050580 secs] [Times: user=0.03 sys=0.00, real=0.00 secs] 
257.876: Total time for which application threads were stopped: 0.0052290 seconds, Stopping threads took: 0.0000830 seconds
258.046: Application time: 0.1704030 seconds
258.047: [GC [PSYoungGen: 50160K->6669K(51200K)] 149138K->115622K(167936K), 0.0049630 secs] [Times: user=0.04 sys=0.00, real=0.00 secs] 
258.052: [Full GC [PSYoungGen: 6669K->0K(51200K)] [ParOldGen: 108953K->27012K(116736K)] 115622K->27012K(167936K) [PSPermGen: 6111K->6111K(21504K)], 0.0098670 secs] [Times: user=0.05 sys=0.00, real=0.01 secs] 
258.062: Total time for which application threads were stopped: 0.0150430 seconds, Stopping threads took: 0.0000670 seconds
258.089: Application time: 0.0278160 seconds
258.089: [GC [PSYoungGen: 43510K->6573K(51200K)] 70523K->34298K(167936K), 0.0024000 secs] [Times: user=0.01 sys=0.00, real=0.00 secs] 
258.092: Total time for which application threads were stopped: 0.0025670 seconds, Stopping threads took: 0.0000870 seconds
258.108: Application time: 0.0163550 seconds
258.109: [GC [PSYoungGen: 50053K->6509K(51200K)] 77777K->37084K(167936K), 0.0030280 secs] [Times: user=0.02 sys=0.00, real=0.00 secs] 
258.112: Total time for which application threads were stopped: 0.0039430 seconds, Stopping threads took: 0.0008290 seconds
258.125: Application time: 0.0128970 seconds
258.125: [GC [PSYoungGen: 49992K->6509K(51200K)] 80567K->40647K(167936K), 0.0033090 secs] [Times: user=0.03 sys=0.00, real=0.01 secs] 
258.129: Total time for which application threads were stopped: 0.0034980 seconds, Stopping threads took: 0.0001030 seconds
258.271: Application time: 0.1419410 seconds
258.271: [GC [PSYoungGen: 50009K->6509K(51200K)] 84147K->51336K(167936K), 0.0050290 secs] [Times: user=0.04 sys=0.00, real=0.00 secs] 
258.276: Total time for which application threads were stopped: 0.0051940 seconds, Stopping threads took: 0.0000760 seconds
258.429: Application time: 0.1528260 seconds
258.429: [GC [PSYoungGen: 50000K->6541K(51200K)] 94827K->61344K(167936K), 0.0048990 secs] [Times: user=0.04 sys=0.00, real=0.00 secs] 
258.434: Total time for which application threads were stopped: 0.0050790 seconds, Stopping threads took: 0.0000780 seconds
258.587: Application time: 0.1533100 seconds
258.587: [GC [PSYoungGen: 50033K->6605K(51200K)] 104836K->72096K(167936K), 0.0050560 secs] [Times: user=0.03 sys=0.00, real=0.00 secs] 
258.592: Total time for which application threads were stopped: 0.0052220 seconds, Stopping threads took: 0.0000670 seconds
258.747: Application time: 0.1544900 seconds
258.747: [GC [PSYoungGen: 50104K->6669K(51200K)] 115596K->82136K(167936K), 0.0049910 secs] [Times: user=0.03 sys=0.00, real=0.00 secs] 
258.752: Total time for which application threads were stopped: 0.0051660 seconds, Stopping threads took: 0.0000840 seconds
258.863: Application time: 0.1112670 seconds
258.863: [GC [PSYoungGen: 50184K->6700K(51200K)] 125652K->92144K(167936K), 0.0051550 secs] [Times: user=0.04 sys=0.00, real=0.01 secs] 
258.868: Total time for which application threads were stopped: 0.0053300 seconds, Stopping threads took: 0.0000830 seconds
258.884: Application time: 0.0156330 seconds
258.884: [GC [PSYoungGen: 50187K->6668K(51200K)] 135630K->94962K(167936K), 0.0029670 secs] [Times: user=0.03 sys=0.00, real=0.01 secs] 
258.887: Total time for which application threads were stopped: 0.0031410 seconds, Stopping threads took: 0.0000900 seconds
258.904: Application time: 0.0169340 seconds
258.904: [GC [PSYoungGen: 50152K->6637K(51200K)] 138445K->98493K(167936K), 0.0033560 secs] [Times: user=0.03 sys=0.00, real=0.01 secs] 
258.908: Total time for which application threads were stopped: 0.0035430 seconds, Stopping threads took: 0.0001000 seconds
258.965: Application time: 0.0577200 seconds
258.966: [GC [PSYoungGen: 50127K->6668K(51200K)] 141983K->104938K(167936K), 0.0039940 secs] [Times: user=0.03 sys=0.00, real=0.01 secs] 
258.970: Total time for which application threads were stopped: 0.0041560 seconds, Stopping threads took: 0.0000720 seconds
258.998: Application time: 0.0285010 seconds
258.998: [GC [PSYoungGen: 50183K->6732K(51200K)] 148453K->112840K(167936K), 0.0044800 secs] [Times: user=0.03 sys=0.00, real=0.00 secs] 
259.003: [Full GC [PSYoungGen: 6732K->0K(51200K)] [ParOldGen: 106107K->29862K(116736K)] 112840K->29862K(167936K) [PSPermGen: 6111K->6111K(21504K)], 0.0104470 secs] [Times: user=0.06 sys=0.00, real=0.01 secs] 
259.013: Total time for which application threads were stopped: 0.0151440 seconds, Stopping threads took: 0.0000760 seconds
259.029: Application time: 0.0159880 seconds
259.029: [GC [PSYoungGen: 43479K->5828K(51200K)] 73341K->35690K(167936K), 0.0020890 secs] [Times: user=0.01 sys=0.00, real=0.00 secs] 
259.031: Total time for which application threads were stopped: 0.0022730 seconds, Stopping threads took: 0.0001060 seconds
259.046: Application time: 0.0141540 seconds
259.046: [GC [PSYoungGen: 49309K->6572K(51200K)] 79171K->37147K(167936K), 0.0024730 secs] [Times: user=0.02 sys=0.00, real=0.00 secs] 
259.048: Total time for which application threads were stopped: 0.0026580 seconds, Stopping threads took: 0.0001010 seconds
259.166: Application time: 0.1181010 seconds
259.167: [GC [PSYoungGen: 50102K->6636K(51200K)] 80677K->48612K(167936K), 0.0054470 secs] [Times: user=0.04 sys=0.00, real=0.00 secs] 
259.172: Total time for which application threads were stopped: 0.0056630 seconds, Stopping threads took: 0.0000900 seconds
259.187: Application time: 0.0152970 seconds
259.188: [GC [PSYoungGen: 50117K->6540K(51200K)] 92092K->54216K(167936K), 0.0039600 secs] [Times: user=0.02 sys=0.00, real=0.00 secs] 
259.192: Total time for which application threads were stopped: 0.0041520 seconds, Stopping threads took: 0.0001020 seconds
259.209: Application time: 0.0176780 seconds
259.209: [GC [PSYoungGen: 50021K->6572K(51200K)] 97697K->57098K(167936K), 0.0030600 secs] [Times: user=0.03 sys=0.00, real=0.00 secs] 
259.212: Total time for which application threads were stopped: 0.0032450 seconds, Stopping threads took: 0.0000970 seconds
259.256: Application time: 0.0438440 seconds
259.256: [GC [PSYoungGen: 50063K->6636K(51200K)] 100588K->57875K(167936K), 0.0022650 secs] [Times: user=0.01 sys=0.00, real=0.01 secs] 
259.259: Total time for which application threads were stopped: 0.0024270 seconds, Stopping threads took: 0.0000780 seconds
259.361: Application time: 0.1020150 seconds
259.361: [GC [PSYoungGen: 50151K->6604K(51200K)] 101390K->67818K(167936K), 0.0051530 secs] [Times: user=0.04 sys=0.00, real=0.01 secs] 
259.366: Total time for which application threads were stopped: 0.0053370 seconds, Stopping threads took: 0.0000880 seconds
259.381: Application time: 0.0148770 seconds
259.381: [GC [PSYoungGen: 50084K->6572K(51200K)] 111298K->70636K(167936K), 0.0031760 secs] [Times: user=0.02 sys=0.00, real=0.00 secs] 
259.384: Total time for which application threads were stopped: 0.0033490 seconds, Stopping threads took: 0.0000800 seconds
259.404: Application time: 0.0195850 seconds
259.404: [GC [PSYoungGen: 50062K->6636K(51200K)] 114126K->73550K(167936K), 0.0031510 secs] [Times: user=0.02 sys=0.00, real=0.01 secs] 
259.407: Total time for which application threads were stopped: 0.0033340 seconds, Stopping threads took: 0.0000980 seconds
259.453: Application time: 0.0455040 seconds
259.453: [GC [PSYoungGen: 50126K->6636K(51200K)] 117040K->80676K(167936K), 0.0042250 secs] [Times: user=0.04 sys=0.00, real=0.00 secs] 
259.457: Total time for which application threads were stopped: 0.0043910 seconds, Stopping threads took: 0.0000810 seconds
259.576: Application time: 0.1186050 seconds
259.576: [GC [PSYoungGen: 50151K->6668K(51200K)] 124190K->89258K(167936K), 0.0045500 secs] [Times: user=0.04 sys=0.00, real=0.01 secs] 
259.581: Total time for which application threads were stopped: 0.0051710 seconds, Stopping threads took: 0.0005270 seconds
259.596: Application time: 0.0153340 seconds
259.596: [GC [PSYoungGen: 50156K->6636K(51200K)] 132746K->94213K(167936K), 0.0036840 secs] [Times: user=0.03 sys=0.00, real=0.01 secs] 
259.600: Total time for which application threads were stopped: 0.0038420 seconds, Stopping threads took: 0.0000720 seconds
259.617: Application time: 0.0170440 seconds
259.617: [GC [PSYoungGen: 50117K->6668K(51200K)] 137694K->94246K(167936K), 0.0023970 secs] [Times: user=0.02 sys=0.00, real=0.01 secs] 
259.620: Total time for which application threads were stopped: 0.0026400 seconds, Stopping threads took: 0.0001570 seconds
259.697: Application time: 0.0777230 seconds
259.698: [GC [PSYoungGen: 50624K->6780K(51200K)] 138202K->102195K(167936K), 0.0043620 secs] [Times: user=0.03 sys=0.01, real=0.01 secs] 
259.702: Total time for which application threads were stopped: 0.0045390 seconds, Stopping threads took: 0.0000750 seconds
259.727: Application time: 0.0248190 seconds
259.727: [GC [PSYoungGen: 50541K->6700K(51200K)] 145955K->109240K(167936K), 0.0043570 secs] [Times: user=0.04 sys=0.00, real=0.00 secs] 
259.731: Total time for which application threads were stopped: 0.0045340 seconds, Stopping threads took: 0.0000860 seconds
259.749: Application time: 0.0176370 seconds
259.750: [GC [PSYoungGen: 50179K->6020K(51200K)] 152719K->108560K(167936K), 0.0021860 secs] [Times: user=0.02 sys=0.00, real=0.00 secs] 
259.752: Total time for which application threads were stopped: 0.0031050 seconds, Stopping threads took: 0.0008360 seconds
259.764: Application time: 0.0113580 seconds
259.764: [GC [PSYoungGen: 49505K->6684K(51200K)] 152045K->114212K(167936K), 0.0037930 secs] [Times: user=0.02 sys=0.00, real=0.01 secs] 
259.767: [Full GC [PSYoungGen: 6684K->0K(51200K)] [ParOldGen: 107527K->27011K(116736K)] 114212K->27011K(167936K) [PSPermGen: 6111K->6111K(21504K)], 0.0100420 secs] [Times: user=0.06 sys=0.00, real=0.00 secs] 
259.778: Total time for which application threads were stopped: 0.0140530 seconds, Stopping threads took: 0.0000740 seconds
259.822: Application time: 0.0440160 seconds
259.822: [GC [PSYoungGen: 43522K->6540K(51200K)] 70534K->37827K(167936K), 0.0034680 secs] [Times: user=0.02 sys=0.00, real=0.00 secs] 
259.825: Total time for which application threads were stopped: 0.0036520 seconds, Stopping threads took: 0.0000960 seconds
259.842: Application time: 0.0168270 seconds
259.842: [GC [PSYoungGen: 50015K->6572K(51200K)] 81302K->37859K(167936K), 0.0023340 secs] [Times: user=0.01 sys=0.00, real=0.00 secs] 
259.845: Total time for which application threads were stopped: 0.0025050 seconds, Stopping threads took: 0.0000890 seconds
259.858: Application time: 0.0133650 seconds
259.858: [GC [PSYoungGen: 50057K->6540K(51200K)] 81344K->42815K(167936K), 0.0037580 secs] [Times: user=0.03 sys=0.00, real=0.00 secs] 
259.862: Total time for which application threads were stopped: 0.0039300 seconds, Stopping threads took: 0.0000780 seconds
260.007: Application time: 0.1452480 seconds
260.007: [GC [PSYoungGen: 50037K->6604K(51200K)] 86312K->54279K(167936K), 0.0053330 secs] [Times: user=0.04 sys=0.00, real=0.00 secs] 
260.013: Total time for which application threads were stopped: 0.0054870 seconds, Stopping threads took: 0.0000660 seconds
260.197: Application time: 0.1842110 seconds
260.197: [GC [PSYoungGen: 50101K->6668K(51200K)] 97776K->65031K(167936K), 0.0050800 secs] [Times: user=0.04 sys=0.00, real=0.01 secs] 
260.202: Total time for which application threads were stopped: 0.0052320 seconds, Stopping threads took: 0.0000610 seconds
260.420: Application time: 0.2177700 seconds
260.420: [GC [PSYoungGen: 50163K->6700K(51200K)] 108525K->75038K(167936K), 0.0048670 secs] [Times: user=0.04 sys=0.00, real=0.00 secs] 
260.425: Total time for which application threads were stopped: 0.0050380 seconds, Stopping threads took: 0.0000710 seconds
260.591: Application time: 0.1662470 seconds
260.591: [GC [PSYoungGen: 50187K->6700K(51200K)] 118524K->84301K(167936K), 0.0047090 secs] [Times: user=0.03 sys=0.00, real=0.00 secs] 
260.596: Total time for which application threads were stopped: 0.0048710 seconds, Stopping threads took: 0.0000730 seconds
260.815: Application time: 0.2189180 seconds
260.815: [GC [PSYoungGen: 50187K->6700K(51200K)] 127787K->93563K(167936K), 0.0046900 secs] [Times: user=0.03 sys=0.00, real=0.01 secs] 
260.820: Total time for which application threads were stopped: 0.0048360 seconds, Stopping threads took: 0.0000610 seconds
260.996: Application time: 0.1765530 seconds
260.996: [GC [PSYoungGen: 50197K->6700K(51200K)] 137060K->104251K(167936K), 0.0051450 secs] [Times: user=0.04 sys=0.00, real=0.01 secs] 
261.002: Total time for which application threads were stopped: 0.0053040 seconds, Stopping threads took: 0.0000560 seconds
261.173: Application time: 0.1714150 seconds
261.173: [GC [PSYoungGen: 50207K->6700K(51200K)] 147758K->114939K(167936K), 0.0052040 secs] [Times: user=0.04 sys=0.00, real=0.01 secs] 
261.178: [Full GC [PSYoungGen: 6700K->0K(51200K)] [ParOldGen: 108238K->27724K(116736K)] 114939K->27724K(167936K) [PSPermGen: 6111K->6111K(21504K)], 0.0105300 secs] [Times: user=0.06 sys=0.00, real=0.01 secs] 
261.189: Total time for which application threads were stopped: 0.0159500 seconds, Stopping threads took: 0.0000740 seconds
261.346: Application time: 0.1568230 seconds
261.346: [GC [PSYoungGen: 43481K->7125K(51200K)] 71205K->43399K(167936K), 0.0046980 secs] [Times: user=0.04 sys=0.00, real=0.00 secs] 
261.351: Total time for which application threads were stopped: 0.0048820 seconds, Stopping threads took: 0.0000960 seconds
261.541: Application time: 0.1901250 seconds
261.541: [GC [PSYoungGen: 50615K->6508K(51200K)] 86889K->52758K(167936K), 0.0048380 secs] [Times: user=0.04 sys=0.00, real=0.01 secs] 
261.546: Total time for which application threads were stopped: 0.0049980 seconds, Stopping threads took: 0.0000640 seconds
261.696: Application time: 0.1501340 seconds
261.696: [GC [PSYoungGen: 49999K->6540K(51200K)] 96249K->62766K(167936K), 0.0049060 secs] [Times: user=0.03 sys=0.00, real=0.01 secs] 
261.701: Total time for which application threads were stopped: 0.0050610 seconds, Stopping threads took: 0.0000690 seconds
261.851: Application time: 0.1496510 seconds
261.851: [GC [PSYoungGen: 50040K->6572K(51200K)] 106265K->72061K(167936K), 0.0047700 secs] [Times: user=0.03 sys=0.00, real=0.00 secs] 
261.856: Total time for which application threads were stopped: 0.0050210 seconds, Stopping threads took: 0.0001630 seconds
262.002: Application time: 0.1461750 seconds
262.002: [GC [PSYoungGen: 50096K->6669K(51200K)] 115585K->82846K(167936K), 0.0050410 secs] [Times: user=0.04 sys=0.00, real=0.01 secs] 
262.007: Total time for which application threads were stopped: 0.0051900 seconds, Stopping threads took: 0.0000600 seconds
262.025: Application time: 0.0175770 seconds
262.025: [GC [PSYoungGen: 50147K->6669K(51200K)] 126324K->87834K(167936K), 0.0037790 secs] [Times: user=0.03 sys=0.00, real=0.01 secs] 
262.029: Total time for which application threads were stopped: 0.0039590 seconds, Stopping threads took: 0.0000890 seconds
262.047: Application time: 0.0188530 seconds
262.048: [GC [PSYoungGen: 50145K->6637K(51200K)] 131310K->87802K(167936K), 0.0024130 secs] [Times: user=0.01 sys=0.00, real=0.00 secs] 
262.050: Total time for which application threads were stopped: 0.0025930 seconds, Stopping threads took: 0.0000840 seconds
262.062: Application time: 0.0117750 seconds
262.062: [GC [PSYoungGen: 50127K->6669K(51200K)] 131293K->89972K(167936K), 0.0029990 secs] [Times: user=0.02 sys=0.00, real=0.00 secs] 
262.065: Total time for which application threads were stopped: 0.0031720 seconds, Stopping threads took: 0.0000830 seconds
262.208: Application time: 0.1425480 seconds
262.208: [GC [PSYoungGen: 50168K->6669K(51200K)] 133471K->101373K(167936K), 0.0053530 secs] [Times: user=0.04 sys=0.00, real=0.00 secs] 
262.213: Total time for which application threads were stopped: 0.0055100 seconds, Stopping threads took: 0.0000630 seconds
262.368: Application time: 0.1546650 seconds
262.368: [GC [PSYoungGen: 50152K->6701K(51200K)] 144856K->110669K(167936K), 0.0047650 secs] [Times: user=0.03 sys=0.00, real=0.00 secs] 
262.373: [Full GC [PSYoungGen: 6701K->0K(51200K)] [ParOldGen: 103967K->27012K(116736K)] 110669K->27012K(167936K) [PSPermGen: 6111K->6111K(21504K)], 0.0102400 secs] [Times: user=0.06 sys=0.00, real=0.01 secs] 
262.383: Total time for which application threads were stopped: 0.0152130 seconds, Stopping threads took: 0.0000650 seconds
262.532: Application time: 0.1487680 seconds
262.532: [GC [PSYoungGen: 43491K->7157K(51200K)] 70504K->43458K(167936K), 0.0049140 secs] [Times: user=0.04 sys=0.00, real=0.00 secs] 
262.537: Total time for which application threads were stopped: 0.0050640 seconds, Stopping threads took: 0.0000610 seconds
262.696: Application time: 0.1589320 seconds
262.696: [GC [PSYoungGen: 50648K->6541K(51200K)] 86949K->51392K(167936K), 0.0044590 secs] [Times: user=0.03 sys=0.00, real=0.01 secs] 
262.700: Total time for which application threads were stopped: 0.0046540 seconds, Stopping threads took: 0.0000930 seconds
262.861: Application time: 0.1606900 seconds
262.861: [GC [PSYoungGen: 50029K->6572K(51200K)] 94880K->60687K(167936K), 0.0047750 secs] [Times: user=0.03 sys=0.00, real=0.01 secs] 
262.866: Total time for which application threads were stopped: 0.0049290 seconds, Stopping threads took: 0.0000610 seconds
262.918: Application time: 0.0519050 seconds
262.918: [GC [PSYoungGen: 50101K->6636K(51200K)] 104215K->69302K(167936K), 0.0046630 secs] [Times: user=0.04 sys=0.00, real=0.00 secs] 
262.923: Total time for which application threads were stopped: 0.0048360 seconds, Stopping threads took: 0.0000830 seconds
262.939: Application time: 0.0162280 seconds
262.939: [GC [PSYoungGen: 50111K->6637K(51200K)] 112776K->69302K(167936K), 0.0024040 secs] [Times: user=0.01 sys=0.00, real=0.00 secs] 
262.942: Total time for which application threads were stopped: 0.0025730 seconds, Stopping threads took: 0.0000830 seconds
262.954: Application time: 0.0129540 seconds
262.955: [GC [PSYoungGen: 50125K->6637K(51200K)] 112790K->76427K(167936K), 0.0043470 secs] [Times: user=0.03 sys=0.00, real=0.01 secs] 
262.959: Total time for which application threads were stopped: 0.0045150 seconds, Stopping threads took: 0.0000790 seconds
263.009: Application time: 0.0497480 seconds
263.009: [GC [PSYoungGen: 50155K->6636K(51200K)] 119945K->80702K(167936K), 0.0035210 secs] [Times: user=0.02 sys=0.00, real=0.00 secs] 
263.012: Total time for which application threads were stopped: 0.0036840 seconds, Stopping threads took: 0.0000660 seconds
263.029: Application time: 0.0161840 seconds
263.029: [GC [PSYoungGen: 50120K->6636K(51200K)] 124186K->82127K(167936K), 0.0027050 secs] [Times: user=0.02 sys=0.00, real=0.00 secs] 
263.032: Total time for which application threads were stopped: 0.0028850 seconds, Stopping threads took: 0.0000920 seconds
263.047: Application time: 0.0154910 seconds
263.047: [GC [PSYoungGen: 50122K->6637K(51200K)] 125613K->87828K(167936K), 0.0039830 secs] [Times: user=0.03 sys=0.00, real=0.00 secs] 
263.051: Total time for which application threads were stopped: 0.0041540 seconds, Stopping threads took: 0.0000800 seconds
263.120: Application time: 0.0684900 seconds
263.120: [GC [PSYoungGen: 50133K->6700K(51200K)] 131324K->94305K(167936K), 0.0039610 secs] [Times: user=0.03 sys=0.00, real=0.00 secs] 
263.124: Total time for which application threads were stopped: 0.0041180 seconds, Stopping threads took: 0.0000680 seconds
263.152: Application time: 0.0280790 seconds
263.152: [GC [PSYoungGen: 50217K->6732K(51200K)] 137822K->103600K(167936K), 0.0049270 secs] [Times: user=0.04 sys=0.00, real=0.00 secs] 
263.157: Total time for which application threads were stopped: 0.0051030 seconds, Stopping threads took: 0.0000890 seconds
263.174: Application time: 0.0168950 seconds
263.175: [GC [PSYoungGen: 50210K->6668K(51200K)] 147077K->103536K(167936K), 0.0025060 secs] [Times: user=0.01 sys=0.00, real=0.00 secs] 
263.177: Total time for which application threads were stopped: 0.0034030 seconds, Stopping threads took: 0.0008160 seconds
263.191: Application time: 0.0133540 seconds
263.191: [GC [PSYoungGen: 50153K->6716K(51200K)] 147021K->107147K(167936K), 0.0033980 secs] [Times: user=0.02 sys=0.00, real=0.00 secs] 
263.194: Total time for which application threads were stopped: 0.0035570 seconds, Stopping threads took: 0.0000700 seconds
263.320: Application time: 0.1256590 seconds
263.320: [GC [PSYoungGen: 50206K->6732K(51200K)] 150636K->117138K(167936K), 0.0049650 secs] [Times: user=0.03 sys=0.00, real=0.00 secs] 
263.325: [Full GC [PSYoungGen: 6732K->0K(51200K)] [ParOldGen: 110405K->28672K(116736K)] 117138K->28672K(167936K) [PSPermGen: 6111K->6111K(21504K)], 0.0099240 secs] [Times: user=0.06 sys=0.00, real=0.01 secs] 
263.335: Total time for which application threads were stopped: 0.0151090 seconds, Stopping threads took: 0.0000720 seconds
263.378: Application time: 0.0427080 seconds
263.378: [GC [PSYoungGen: 43512K->6540K(51200K)] 72184K->37350K(167936K), 0.0028370 secs] [Times: user=0.02 sys=0.00, real=0.00 secs] 
263.381: Total time for which application threads were stopped: 0.0029890 seconds, Stopping threads took: 0.0000720 seconds
263.398: Application time: 0.0171210 seconds
263.398: [GC [PSYoungGen: 50020K->6476K(51200K)] 80830K->40849K(167936K), 0.0032210 secs] [Times: user=0.03 sys=0.00, real=0.00 secs] 
263.401: Total time for which application threads were stopped: 0.0033850 seconds, Stopping threads took: 0.0000770 seconds
263.413: Application time: 0.0122710 seconds
263.414: [GC [PSYoungGen: 49959K->6508K(51200K)] 84332K->43731K(167936K), 0.0031500 secs] [Times: user=0.02 sys=0.00, real=0.00 secs] 
263.417: Total time for which application threads were stopped: 0.0033250 seconds, Stopping threads took: 0.0000870 seconds
263.566: Application time: 0.1495600 seconds
263.566: [GC [PSYoungGen: 50030K->6524K(51200K)] 87252K->53010K(167936K), 0.0046140 secs] [Times: user=0.03 sys=0.00, real=0.00 secs] 
263.571: Total time for which application threads were stopped: 0.0048050 seconds, Stopping threads took: 0.0001040 seconds
263.591: Application time: 0.0198710 seconds
263.591: [GC [PSYoungGen: 49998K->6604K(51200K)] 96483K->55227K(167936K), 0.0029550 secs] [Times: user=0.02 sys=0.00, real=0.00 secs] 
263.594: Total time for which application threads were stopped: 0.0031240 seconds, Stopping threads took: 0.0000810 seconds
263.612: Application time: 0.0178250 seconds
263.612: [GC [PSYoungGen: 50085K->6573K(51200K)] 98708K->58758K(167936K), 0.0033710 secs] [Times: user=0.02 sys=0.00, real=0.00 secs] 
263.616: Total time for which application threads were stopped: 0.0035520 seconds, Stopping threads took: 0.0000840 seconds
263.629: Application time: 0.0135200 seconds
263.629: [GC [PSYoungGen: 50064K->6604K(51200K)] 102250K->60215K(167936K), 0.0025710 secs] [Times: user=0.02 sys=0.00, real=0.00 secs] 
263.632: Total time for which application threads were stopped: 0.0027350 seconds, Stopping threads took: 0.0000830 seconds
263.817: Application time: 0.1851800 seconds
263.817: [GC [PSYoungGen: 50084K->6572K(51200K)] 103695K->70158K(167936K), 0.0049360 secs] [Times: user=0.04 sys=0.00, real=0.01 secs] 
263.822: Total time for which application threads were stopped: 0.0050820 seconds, Stopping threads took: 0.0000590 seconds
263.902: Application time: 0.0796320 seconds
263.902: [GC [PSYoungGen: 50119K->6732K(51200K)] 113705K->80293K(167936K), 0.0050520 secs] [Times: user=0.04 sys=0.00, real=0.01 secs] 
263.907: Total time for which application threads were stopped: 0.0052200 seconds, Stopping threads took: 0.0000710 seconds
263.918: Application time: 0.0112050 seconds
263.918: [GC [PSYoungGen: 50210K->6668K(51200K)] 123771K->81654K(167936K), 0.0027900 secs] [Times: user=0.02 sys=0.00, real=0.00 secs] 
263.921: Total time for which application threads were stopped: 0.0029370 seconds, Stopping threads took: 0.0000630 seconds
263.933: Application time: 0.0115650 seconds
263.933: [GC [PSYoungGen: 50153K->6700K(51200K)] 125139K->83824K(167936K), 0.0029250 secs] [Times: user=0.02 sys=0.00, real=0.00 secs] 
263.936: Total time for which application threads were stopped: 0.0038050 seconds, Stopping threads took: 0.0007880 seconds
263.947: Application time: 0.0109750 seconds
263.948: [GC [PSYoungGen: 50187K->6701K(51200K)] 127311K->85250K(167936K), 0.0028280 secs] [Times: user=0.02 sys=0.00, real=0.00 secs] 
263.951: Total time for which application threads were stopped: 0.0034150 seconds, Stopping threads took: 0.0005010 seconds
263.960: Application time: 0.0096960 seconds
263.961: [GC [PSYoungGen: 50179K->6684K(51200K)] 128728K->90221K(167936K), 0.0037060 secs] [Times: user=0.03 sys=0.00, real=0.00 secs] 
263.965: Total time for which application threads were stopped: 0.0041090 seconds, Stopping threads took: 0.0003090 seconds
263.976: Application time: 0.0114060 seconds
263.976: [GC [PSYoungGen: 50177K->6700K(51200K)] 133714K->93087K(167936K), 0.0032830 secs] [Times: user=0.02 sys=0.00, real=0.01 secs] 
263.979: Total time for which application threads were stopped: 0.0034560 seconds, Stopping threads took: 0.0000810 seconds
264.125: Application time: 0.1453000 seconds
264.125: [GC [PSYoungGen: 50197K->6700K(51200K)] 136584K->103775K(167936K), 0.0052150 secs] [Times: user=0.04 sys=0.00, real=0.01 secs] 
264.130: Total time for which application threads were stopped: 0.0053730 seconds, Stopping threads took: 0.0000710 seconds
264.329: Application time: 0.1983730 seconds
264.329: [GC [PSYoungGen: 50203K->6668K(51200K)] 147278K->115912K(167936K), 0.0055820 secs] [Times: user=0.03 sys=0.02, real=0.00 secs] 
264.334: [Full GC [PSYoungGen: 6668K->0K(51200K)] [ParOldGen: 109243K->27011K(116736K)] 115912K->27011K(167936K) [PSPermGen: 6111K->6111K(21504K)], 0.0103540 secs] [Times: user=0.06 sys=0.00, real=0.01 secs] 
264.345: Total time for which application threads were stopped: 0.0161470 seconds, Stopping threads took: 0.0000730 seconds
264.522: Application time: 0.1771520 seconds
264.522: [GC [PSYoungGen: 43488K->7157K(51200K)] 70500K->43447K(167936K), 0.0049300 secs] [Times: user=0.04 sys=0.00, real=0.01 secs] 
264.527: Total time for which application threads were stopped: 0.0051020 seconds, Stopping threads took: 0.0000710 seconds
264.726: Application time: 0.1994390 seconds
264.726: [GC [PSYoungGen: 50645K->6476K(51200K)] 86936K->52742K(167936K), 0.0048430 secs] [Times: user=0.04 sys=0.00, real=0.00 secs] 
264.731: Total time for which application threads were stopped: 0.0049910 seconds, Stopping threads took: 0.0000570 seconds
264.898: Application time: 0.1670710 seconds
264.899: [GC [PSYoungGen: 49963K->6572K(51200K)] 96229K->63526K(167936K), 0.0051400 secs] [Times: user=0.04 sys=0.00, real=0.00 secs] 
264.904: Total time for which application threads were stopped: 0.0052900 seconds, Stopping threads took: 0.0000600 seconds
265.080: Application time: 0.1761860 seconds
265.080: [GC [PSYoungGen: 50078K->6668K(51200K)] 107032K->73597K(167936K), 0.0048680 secs] [Times: user=0.04 sys=0.00, real=0.00 secs] 
265.085: Total time for which application threads were stopped: 0.0050530 seconds, Stopping threads took: 0.0000830 seconds
265.265: Application time: 0.1803140 seconds
265.265: [GC [PSYoungGen: 50166K->6668K(51200K)] 117095K->84285K(167936K), 0.0051220 secs] [Times: user=0.04 sys=0.00, real=0.01 secs] 
265.271: Total time for which application threads were stopped: 0.0052760 seconds, Stopping threads took: 0.0000630 seconds
265.436: Application time: 0.1652650 seconds
265.436: [GC [PSYoungGen: 50158K->6604K(51200K)] 127775K->94910K(167936K), 0.0051740 secs] [Times: user=0.03 sys=0.00, real=0.01 secs] 
265.441: Total time for which application threads were stopped: 0.0053320 seconds, Stopping threads took: 0.0000680 seconds
265.610: Application time: 0.1683950 seconds
265.610: [GC [PSYoungGen: 50094K->6668K(51200K)] 138399K->104949K(167936K), 0.0049190 secs] [Times: user=0.03 sys=0.00, real=0.00 secs] 
265.615: Total time for which application threads were stopped: 0.0050960 seconds, Stopping threads took: 0.0000710 seconds
265.779: Application time: 0.1640300 seconds
265.779: [GC [PSYoungGen: 50150K->6668K(51200K)] 148431K->114213K(167936K), 0.0047480 secs] [Times: user=0.03 sys=0.00, real=0.00 secs] 
265.784: [Full GC [PSYoungGen: 6668K->0K(51200K)] [ParOldGen: 107544K->27012K(116736K)] 114213K->27012K(167936K) [PSPermGen: 6111K->6111K(21504K)], 0.0104190 secs] [Times: user=0.05 sys=0.00, real=0.01 secs] 
265.794: Total time for which application threads were stopped: 0.0153690 seconds, Stopping threads took: 0.0000570 seconds
265.962: Application time: 0.1676760 seconds
265.962: [GC [PSYoungGen: 43499K->6573K(51200K)] 70512K->42849K(167936K), 0.0046600 secs] [Times: user=0.03 sys=0.00, real=0.01 secs] 
265.967: Total time for which application threads were stopped: 0.0048100 seconds, Stopping threads took: 0.0000580 seconds
266.117: Application time: 0.1501740 seconds
266.117: [GC [PSYoungGen: 50072K->6573K(51200K)] 86348K->52112K(167936K), 0.0047770 secs] [Times: user=0.03 sys=0.00, real=0.01 secs] 
266.122: Total time for which application threads were stopped: 0.0049610 seconds, Stopping threads took: 0.0000740 seconds
266.181: Application time: 0.0595230 seconds
266.181: [GC [PSYoungGen: 50090K->6701K(51200K)] 95630K->60791K(167936K), 0.0047180 secs] [Times: user=0.03 sys=0.00, real=0.01 secs] 
266.186: Total time for which application threads were stopped: 0.0048910 seconds, Stopping threads took: 0.0000830 seconds
266.202: Application time: 0.0160460 seconds
266.202: [GC [PSYoungGen: 50178K->6637K(51200K)] 104268K->61440K(167936K), 0.0024780 secs] [Times: user=0.02 sys=0.00, real=0.00 secs] 
266.205: Total time for which application threads were stopped: 0.0026450 seconds, Stopping threads took: 0.0000870 seconds
266.218: Application time: 0.0128070 seconds
266.218: [GC [PSYoungGen: 50135K->6669K(51200K)] 104937K->67172K(167936K), 0.0039760 secs] [Times: user=0.03 sys=0.00, real=0.00 secs] 
266.222: Total time for which application threads were stopped: 0.0041620 seconds, Stopping threads took: 0.0000970 seconds
266.328: Application time: 0.1059310 seconds
266.328: [GC [PSYoungGen: 50168K->6701K(51200K)] 110672K->77893K(167936K), 0.0051270 secs] [Times: user=0.03 sys=0.00, real=0.00 secs] 
266.333: Total time for which application threads were stopped: 0.0052950 seconds, Stopping threads took: 0.0000760 seconds
266.491: Application time: 0.1581830 seconds
266.491: [GC [PSYoungGen: 50184K->6701K(51200K)] 121376K->87156K(167936K), 0.0047870 secs] [Times: user=0.04 sys=0.00, real=0.00 secs] 
266.496: Total time for which application threads were stopped: 0.0049380 seconds, Stopping threads took: 0.0000620 seconds
266.635: Application time: 0.1390520 seconds
266.635: [GC [PSYoungGen: 50192K->6701K(51200K)] 130648K->97132K(167936K), 0.0050370 secs] [Times: user=0.03 sys=0.00, real=0.01 secs] 
266.640: Total time for which application threads were stopped: 0.0052130 seconds, Stopping threads took: 0.0000740 seconds
266.806: Application time: 0.1659670 seconds
266.807: [GC [PSYoungGen: 50183K->6701K(51200K)] 140615K->106395K(167936K), 0.0048630 secs] [Times: user=0.04 sys=0.00, real=0.00 secs] 
266.811: Total time for which application threads were stopped: 0.0050430 seconds, Stopping threads took: 0.0000890 seconds
266.968: Application time: 0.1563180 seconds
266.968: [GC [PSYoungGen: 50191K->6700K(51200K)] 149886K->116371K(167936K), 0.0050610 secs] [Times: user=0.04 sys=0.00, real=0.00 secs] 
266.973: [Full GC [PSYoungGen: 6700K->0K(51200K)] [ParOldGen: 109670K->29150K(116736K)] 116371K->29150K(167936K) [PSPermGen: 6111K->6111K(21504K)], 0.0103760 secs] [Times: user=0.05 sys=0.00, real=0.01 secs] 
266.983: Total time for which application threads were stopped: 0.0156390 seconds, Stopping threads took: 0.0000670 seconds
267.092: Application time: 0.1083860 seconds
267.092: [GC [PSYoungGen: 43524K->6636K(51200K)] 72674K->47188K(167936K), 0.0055060 secs] [Times: user=0.04 sys=0.00, real=0.00 secs] 
267.097: Total time for which application threads were stopped: 0.0056810 seconds, Stopping threads took: 0.0000810 seconds
267.115: Application time: 0.0172740 seconds
267.115: [GC [PSYoungGen: 50121K->6573K(51200K)] 90673K->47124K(167936K), 0.0023440 secs] [Times: user=0.02 sys=0.00, real=0.00 secs] 
267.117: Total time for which application threads were stopped: 0.0024970 seconds, Stopping threads took: 0.0000690 seconds
267.132: Application time: 0.0144040 seconds
267.132: [GC [PSYoungGen: 50058K->6509K(51200K)] 90610K->53473K(167936K), 0.0041330 secs] [Times: user=0.03 sys=0.00, real=0.00 secs] 
267.136: Total time for which application threads were stopped: 0.0043170 seconds, Stopping threads took: 0.0000940 seconds
267.176: Application time: 0.0397790 seconds
267.176: [GC [PSYoungGen: 50028K->6636K(51200K)] 96993K->57876K(167936K), 0.0035330 secs] [Times: user=0.03 sys=0.00, real=0.01 secs] 
267.179: Total time for which application threads were stopped: 0.0037210 seconds, Stopping threads took: 0.0000920 seconds
267.196: Application time: 0.0168220 seconds
267.196: [GC [PSYoungGen: 50110K->6604K(51200K)] 101350K->59269K(167936K), 0.0027560 secs] [Times: user=0.02 sys=0.00, real=0.01 secs] 
267.199: Total time for which application threads were stopped: 0.0029340 seconds, Stopping threads took: 0.0000960 seconds
267.218: Application time: 0.0185790 seconds
267.218: [GC [PSYoungGen: 50010K->6653K(51200K)] 102675K->61455K(167936K), 0.0029150 secs] [Times: user=0.02 sys=0.00, real=0.00 secs] 
267.221: Total time for which application threads were stopped: 0.0030700 seconds, Stopping threads took: 0.0000700 seconds
267.231: Application time: 0.0104360 seconds
267.231: [GC [PSYoungGen: 50256K->6668K(51200K)] 105059K->67171K(167936K), 0.0039620 secs] [Times: user=0.03 sys=0.00, real=0.00 secs] 
267.235: Total time for which application threads were stopped: 0.0041310 seconds, Stopping threads took: 0.0000790 seconds
267.251: Application time: 0.0158270 seconds
267.251: [GC [PSYoungGen: 50155K->6652K(51200K)] 110658K->72143K(167936K), 0.0037710 secs] [Times: user=0.03 sys=0.00, real=0.00 secs] 
267.255: Total time for which application threads were stopped: 0.0039570 seconds, Stopping threads took: 0.0000960 seconds
267.274: Application time: 0.0190400 seconds
267.274: [GC [PSYoungGen: 50132K->6620K(51200K)] 115623K->72111K(167936K), 0.0023620 secs] [Times: user=0.02 sys=0.00, real=0.00 secs] 
267.277: Total time for which application threads were stopped: 0.0025150 seconds, Stopping threads took: 0.0000730 seconds
267.307: Application time: 0.0305620 seconds
267.307: [GC [PSYoungGen: 50114K->6716K(51200K)] 115605K->74345K(167936K), 0.0027470 secs] [Times: user=0.02 sys=0.00, real=0.00 secs] 
267.310: Total time for which application threads were stopped: 0.0029050 seconds, Stopping threads took: 0.0000620 seconds
267.345: Application time: 0.0345630 seconds
267.345: [GC [PSYoungGen: 50233K->6732K(51200K)] 117862K->82911K(167936K), 0.0047220 secs] [Times: user=0.04 sys=0.00, real=0.01 secs] 
267.350: Total time for which application threads were stopped: 0.0048990 seconds, Stopping threads took: 0.0000870 seconds
267.366: Application time: 0.0166620 seconds
267.367: [GC [PSYoungGen: 50208K->6669K(51200K)] 126387K->83560K(167936K), 0.0026480 secs] [Times: user=0.02 sys=0.00, real=0.00 secs] 
267.369: Total time for which application threads were stopped: 0.0028130 seconds, Stopping threads took: 0.0000780 seconds
267.383: Application time: 0.0137790 seconds
267.383: [GC [PSYoungGen: 50153K->6716K(51200K)] 127045K->86458K(167936K), 0.0032370 secs] [Times: user=0.02 sys=0.00, real=0.01 secs] 
267.386: Total time for which application threads were stopped: 0.0033990 seconds, Stopping threads took: 0.0000750 seconds
267.537: Application time: 0.1506660 seconds
267.537: [GC [PSYoungGen: 50206K->6700K(51200K)] 129948K->96417K(167936K), 0.0049200 secs] [Times: user=0.03 sys=0.00, real=0.01 secs] 
267.542: Total time for which application threads were stopped: 0.0051290 seconds, Stopping threads took: 0.0001150 seconds
267.572: Application time: 0.0302820 seconds
267.573: [GC [PSYoungGen: 50217K->6780K(51200K)] 139934K->105048K(167936K), 0.0065230 secs] [Times: user=0.04 sys=0.00, real=0.01 secs] 
267.579: Total time for which application threads were stopped: 0.0066980 seconds, Stopping threads took: 0.0000860 seconds
267.595: Application time: 0.0162080 seconds
267.596: [GC [PSYoungGen: 50259K->6668K(51200K)] 148527K->107850K(167936K), 0.0032440 secs] [Times: user=0.03 sys=0.00, real=0.01 secs] 
267.599: Total time for which application threads were stopped: 0.0034180 seconds, Stopping threads took: 0.0000850 seconds
267.613: Application time: 0.0141970 seconds
267.613: [GC [PSYoungGen: 50150K->6668K(51200K)] 151331K->108562K(167936K), 0.0026550 secs] [Times: user=0.02 sys=0.00, real=0.00 secs] 
267.616: Total time for which application threads were stopped: 0.0028240 seconds, Stopping threads took: 0.0000800 seconds
267.747: Application time: 0.1308360 seconds
267.747: [GC [PSYoungGen: 50157K->6700K(51200K)] 152051K->118570K(167936K), 0.0050430 secs] [Times: user=0.04 sys=0.00, real=0.00 secs] 
267.752: [Full GC [PSYoungGen: 6700K->0K(51200K)] [ParOldGen: 111869K->27012K(116736K)] 118570K->27012K(167936K) [PSPermGen: 6111K->6111K(21504K)], 0.0100910 secs] [Times: user=0.06 sys=0.00, real=0.01 secs] 
267.762: Total time for which application threads were stopped: 0.0153640 seconds, Stopping threads took: 0.0000810 seconds
267.958: Application time: 0.1956030 seconds
267.958: [GC [PSYoungGen: 43506K->6476K(51200K)] 70519K->39901K(167936K), 0.0037970 secs] [Times: user=0.03 sys=0.00, real=0.00 secs] 
267.962: Total time for which application threads were stopped: 0.0039920 seconds, Stopping threads took: 0.0001090 seconds
267.980: Application time: 0.0181710 seconds
267.980: [GC [PSYoungGen: 49995K->6540K(51200K)] 83420K->46378K(167936K), 0.0040980 secs] [Times: user=0.03 sys=0.00, real=0.00 secs] 
267.984: Total time for which application threads were stopped: 0.0045980 seconds, Stopping threads took: 0.0004130 seconds
267.996: Application time: 0.0113210 seconds
267.996: [GC [PSYoungGen: 50018K->6604K(51200K)] 89856K->47867K(167936K), 0.0027180 secs] [Times: user=0.02 sys=0.00, real=0.01 secs] 
267.999: Total time for which application threads were stopped: 0.0030260 seconds, Stopping threads took: 0.0002160 seconds
268.010: Application time: 0.0108510 seconds
268.010: [GC [PSYoungGen: 50091K->6508K(51200K)] 91354K->49196K(167936K), 0.0026690 secs] [Times: user=0.02 sys=0.00, real=0.00 secs] 
268.013: Total time for which application threads were stopped: 0.0031210 seconds, Stopping threads took: 0.0003690 seconds
268.023: Application time: 0.0104180 seconds
268.023: [GC [PSYoungGen: 49996K->6604K(51200K)] 92684K->51430K(167936K), 0.0029410 secs] [Times: user=0.02 sys=0.01, real=0.01 secs] 
268.026: Total time for which application threads were stopped: 0.0031040 seconds, Stopping threads took: 0.0000680 seconds
268.036: Application time: 0.0093580 seconds
268.036: [GC [PSYoungGen: 50087K->6604K(51200K)] 94913K->52143K(167936K), 0.0024860 secs] [Times: user=0.02 sys=0.00, real=0.01 secs] 
268.038: Total time for which application threads were stopped: 0.0026650 seconds, Stopping threads took: 0.0000960 seconds
268.060: Application time: 0.0215780 seconds
268.060: [GC [PSYoungGen: 50098K->6604K(51200K)] 95636K->54993K(167936K), 0.0029050 secs] [Times: user=0.02 sys=0.00, real=0.00 secs] 
268.063: Total time for which application threads were stopped: 0.0030560 seconds, Stopping threads took: 0.0000680 seconds
268.266: Application time: 0.2035220 seconds
268.267: [GC [PSYoungGen: 50098K->6636K(51200K)] 98487K->65000K(167936K), 0.0049030 secs] [Times: user=0.03 sys=0.00, real=0.00 secs] 
268.272: Total time for which application threads were stopped: 0.0050710 seconds, Stopping threads took: 0.0000600 seconds
268.456: Application time: 0.1841300 seconds
268.456: [GC [PSYoungGen: 50139K->6668K(51200K)] 108503K->75720K(167936K), 0.0050670 secs] [Times: user=0.04 sys=0.00, real=0.01 secs] 
268.461: Total time for which application threads were stopped: 0.0052610 seconds, Stopping threads took: 0.0001020 seconds
268.656: Application time: 0.1950730 seconds
268.656: [GC [PSYoungGen: 50154K->6732K(51200K)] 119206K->85046K(167936K), 0.0047230 secs] [Times: user=0.03 sys=0.00, real=0.01 secs] 
268.661: Total time for which application threads were stopped: 0.0048800 seconds, Stopping threads took: 0.0000660 seconds
268.866: Application time: 0.2049850 seconds
268.866: [GC [PSYoungGen: 50212K->6732K(51200K)] 128527K->94309K(167936K), 0.0046830 secs] [Times: user=0.04 sys=0.00, real=0.00 secs] 
268.871: Total time for which application threads were stopped: 0.0048360 seconds, Stopping threads took: 0.0000570 seconds
269.075: Application time: 0.2042840 seconds
269.075: [GC [PSYoungGen: 50225K->6700K(51200K)] 137802K->103540K(167936K), 0.0047640 secs] [Times: user=0.04 sys=0.00, real=0.01 secs] 
269.080: Total time for which application threads were stopped: 0.0049130 seconds, Stopping threads took: 0.0000570 seconds
269.241: Application time: 0.1606940 seconds
269.241: [GC [PSYoungGen: 50198K->6732K(51200K)] 147038K->114260K(167936K), 0.0052200 secs] [Times: user=0.04 sys=0.00, real=0.01 secs] 
269.246: [Full GC [PSYoungGen: 6732K->0K(51200K)] [ParOldGen: 107527K->28437K(116736K)] 114260K->28437K(167936K) [PSPermGen: 6111K->6111K(21504K)], 0.0102580 secs] [Times: user=0.05 sys=0.00, real=0.00 secs] 
269.256: Total time for which application threads were stopped: 0.0158170 seconds, Stopping threads took: 0.0002000 seconds
269.431: Application time: 0.1746180 seconds
269.431: [GC [PSYoungGen: 43506K->6604K(51200K)] 71944K->46443K(167936K), 0.0053020 secs] [Times: user=0.04 sys=0.00, real=0.00 secs] 
269.437: Total time for which application threads were stopped: 0.0054900 seconds, Stopping threads took: 0.0000850 seconds
269.612: Application time: 0.1758290 seconds
269.612: [GC [PSYoungGen: 50085K->6508K(51200K)] 89924K->55610K(167936K), 0.0046550 secs] [Times: user=0.04 sys=0.00, real=0.00 secs] 
269.617: Total time for which application threads were stopped: 0.0048020 seconds, Stopping threads took: 0.0000620 seconds
269.772: Application time: 0.1551120 seconds
269.772: [GC [PSYoungGen: 49999K->6604K(51200K)] 99100K->66394K(167936K), 0.0050660 secs] [Times: user=0.04 sys=0.00, real=0.00 secs] 
269.777: Total time for which application threads were stopped: 0.0052280 seconds, Stopping threads took: 0.0000730 seconds
269.931: Application time: 0.1530900 seconds
269.931: [GC [PSYoungGen: 50086K->6573K(51200K)] 109876K->75625K(167936K), 0.0047120 secs] [Times: user=0.04 sys=0.00, real=0.00 secs] 
269.935: Total time for which application threads were stopped: 0.0048880 seconds, Stopping threads took: 0.0000850 seconds
270.072: Application time: 0.1366720 seconds
270.072: [GC [PSYoungGen: 50081K->6637K(51200K)] 119134K->85665K(167936K), 0.0049740 secs] [Times: user=0.04 sys=0.00, real=0.00 secs] 
270.077: Total time for which application threads were stopped: 0.0051700 seconds, Stopping threads took: 0.0000910 seconds
270.237: Application time: 0.1599080 seconds
270.237: [GC [PSYoungGen: 50128K->6669K(51200K)] 129156K->96386K(167936K), 0.0052170 secs] [Times: user=0.04 sys=0.00, real=0.01 secs] 
270.243: Total time for which application threads were stopped: 0.0053800 seconds, Stopping threads took: 0.0000770 seconds
270.306: Application time: 0.0637130 seconds
270.306: [GC [PSYoungGen: 50186K->6669K(51200K)] 139903K->104937K(167936K), 0.0047430 secs] [Times: user=0.03 sys=0.00, real=0.00 secs] 
270.311: Total time for which application threads were stopped: 0.0049280 seconds, Stopping threads took: 0.0000920 seconds
270.326: Application time: 0.0148900 seconds
270.326: [GC [PSYoungGen: 50156K->6669K(51200K)] 148424K->108500K(167936K), 0.0034320 secs] [Times: user=0.02 sys=0.00, real=0.00 secs] 
270.330: [Full GC [PSYoungGen: 6669K->0K(51200K)] [ParOldGen: 101831K->26301K(116736K)] 108500K->26301K(167936K) [PSPermGen: 6111K->6111K(21504K)], 0.0098140 secs] [Times: user=0.06 sys=0.00, real=0.01 secs] 
270.340: Total time for which application threads were stopped: 0.0134570 seconds, Stopping threads took: 0.0000700 seconds
270.355: Application time: 0.0154920 seconds
270.355: [GC [PSYoungGen: 43481K->2297K(51200K)] 69783K->28599K(167936K), 0.0009220 secs] [Times: user=0.01 sys=0.00, real=0.00 secs] 
270.356: Total time for which application threads were stopped: 0.0010720 seconds, Stopping threads took: 0.0000810 seconds
270.445: Application time: 0.0884610 seconds
270.445: [GC [PSYoungGen: 45797K->6541K(51200K)] 72099K->43531K(167936K), 0.0051400 secs] [Times: user=0.04 sys=0.00, real=0.01 secs] 
270.450: Total time for which application threads were stopped: 0.0053050 seconds, Stopping threads took: 0.0000720 seconds
270.601: Application time: 0.1512400 seconds
270.601: [GC [PSYoungGen: 50024K->6573K(51200K)] 87014K->52826K(167936K), 0.0047710 secs] [Times: user=0.04 sys=0.00, real=0.01 secs] 
270.606: Total time for which application threads were stopped: 0.0049710 seconds, Stopping threads took: 0.0000980 seconds
270.770: Application time: 0.1636880 seconds
270.770: [GC [PSYoungGen: 50064K->6541K(51200K)] 96317K->62770K(167936K), 0.0049270 secs] [Times: user=0.03 sys=0.00, real=0.00 secs] 
270.775: Total time for which application threads were stopped: 0.0050750 seconds, Stopping threads took: 0.0000580 seconds
270.931: Application time: 0.1560240 seconds
270.931: [GC [PSYoungGen: 50023K->6509K(51200K)] 106252K->72001K(167936K), 0.0046790 secs] [Times: user=0.03 sys=0.00, real=0.00 secs] 
270.936: Total time for which application threads were stopped: 0.0048480 seconds, Stopping threads took: 0.0000820 seconds
271.067: Application time: 0.1309610 seconds
271.067: [GC [PSYoungGen: 50033K->6636K(51200K)] 115526K->82105K(167936K), 0.0051890 secs] [Times: user=0.04 sys=0.00, real=0.00 secs] 
271.072: Total time for which application threads were stopped: 0.0053580 seconds, Stopping threads took: 0.0000770 seconds
271.087: Application time: 0.0149110 seconds
271.087: [GC [PSYoungGen: 50067K->6684K(51200K)] 125536K->83578K(167936K), 0.0027810 secs] [Times: user=0.02 sys=0.00, real=0.00 secs] 
271.090: Total time for which application threads were stopped: 0.0029540 seconds, Stopping threads took: 0.0000880 seconds
271.104: Application time: 0.0137200 seconds
271.105: [GC [PSYoungGen: 50258K->6701K(51200K)] 127152K->90007K(167936K), 0.0041320 secs] [Times: user=0.03 sys=0.00, real=0.01 secs] 
271.109: Total time for which application threads were stopped: 0.0051660 seconds, Stopping threads took: 0.0009310 seconds
271.121: Application time: 0.0123060 seconds
271.121: [GC [PSYoungGen: 50185K->6669K(51200K)] 133492K->91400K(167936K), 0.0027880 secs] [Times: user=0.02 sys=0.00, real=0.00 secs] 
271.124: Total time for which application threads were stopped: 0.0030010 seconds, Stopping threads took: 0.0001210 seconds
271.134: Application time: 0.0093440 seconds
271.134: [GC [PSYoungGen: 50143K->6652K(51200K)] 134875K->93522K(167936K), 0.0028830 secs] [Times: user=0.02 sys=0.00, real=0.00 secs] 
271.137: Total time for which application threads were stopped: 0.0030590 seconds, Stopping threads took: 0.0000820 seconds
271.153: Application time: 0.0168360 seconds
271.154: [GC [PSYoungGen: 50148K->6637K(51200K)] 137017K->95644K(167936K), 0.0029930 secs] [Times: user=0.02 sys=0.00, real=0.00 secs] 
271.157: Total time for which application threads were stopped: 0.0031740 seconds, Stopping threads took: 0.0000930 seconds
271.191: Application time: 0.0347300 seconds
271.191: [GC [PSYoungGen: 50123K->6636K(51200K)] 139130K->99919K(167936K), 0.0033890 secs] [Times: user=0.02 sys=0.00, real=0.00 secs] 
271.195: Total time for which application threads were stopped: 0.0035450 seconds, Stopping threads took: 0.0000670 seconds
271.348: Application time: 0.1532210 seconds
271.349: [GC [PSYoungGen: 50151K->6732K(51200K)] 143433K->108565K(167936K), 0.0046270 secs] [Times: user=0.03 sys=0.00, real=0.00 secs] 
271.353: Total time for which application threads were stopped: 0.0051720 seconds, Stopping threads took: 0.0004570 seconds
271.370: Application time: 0.0167840 seconds
271.370: [GC [PSYoungGen: 50249K->6732K(51200K)] 152082K->112840K(167936K), 0.0035370 secs] [Times: user=0.03 sys=0.00, real=0.00 secs] 
271.374: [Full GC [PSYoungGen: 6732K->0K(51200K)] [ParOldGen: 106107K->26300K(116736K)] 112840K->26300K(167936K) [PSPermGen: 6111K->6111K(21504K)], 0.0098550 secs] [Times: user=0.05 sys=0.00, real=0.01 secs] 
271.384: Total time for which application threads were stopped: 0.0136000 seconds, Stopping threads took: 0.0000690 seconds
271.396: Application time: 0.0118300 seconds
271.396: [GC [PSYoungGen: 43478K->4467K(51200K)] 69779K->30768K(167936K), 0.0016150 secs] [Times: user=0.01 sys=0.00, real=0.01 secs] 
271.398: Total time for which application threads were stopped: 0.0023290 seconds, Stopping threads took: 0.0006270 seconds
271.409: Application time: 0.0107190 seconds
271.409: [GC [PSYoungGen: 47943K->5892K(51200K)] 74244K->32193K(167936K), 0.0021300 secs] [Times: user=0.01 sys=0.00, real=0.00 secs] 
271.411: Total time for which application threads were stopped: 0.0023370 seconds, Stopping threads took: 0.0001210 seconds
271.421: Application time: 0.0105160 seconds
271.422: [GC [PSYoungGen: 49383K->6573K(51200K)] 75684K->35011K(167936K), 0.0028320 secs] [Times: user=0.01 sys=0.00, real=0.00 secs] 
271.424: Total time for which application threads were stopped: 0.0030030 seconds, Stopping threads took: 0.0000830 seconds
271.437: Application time: 0.0125300 seconds
271.437: [GC [PSYoungGen: 50055K->6508K(51200K)] 78494K->36372K(167936K), 0.0027160 secs] [Times: user=0.02 sys=0.00, real=0.01 secs] 
271.440: Total time for which application threads were stopped: 0.0028980 seconds, Stopping threads took: 0.0000980 seconds
271.458: Application time: 0.0184610 seconds
271.458: [GC [PSYoungGen: 50002K->6540K(51200K)] 79865K->41392K(167936K), 0.0035200 secs] [Times: user=0.02 sys=0.00, real=0.00 secs] 
271.462: Total time for which application threads were stopped: 0.0036950 seconds, Stopping threads took: 0.0000850 seconds
271.635: Application time: 0.1725730 seconds
271.635: [GC [PSYoungGen: 50572K->6604K(51200K)] 85424K->50006K(167936K), 0.0045970 secs] [Times: user=0.03 sys=0.00, real=0.01 secs] 
271.639: Total time for which application threads were stopped: 0.0047490 seconds, Stopping threads took: 0.0000570 seconds
271.663: Application time: 0.0240380 seconds
271.664: [GC [PSYoungGen: 50276K->6540K(51200K)] 93678K->54930K(167936K), 0.0036860 secs] [Times: user=0.03 sys=0.00, real=0.01 secs] 
271.667: Total time for which application threads were stopped: 0.0038640 seconds, Stopping threads took: 0.0000850 seconds
271.685: Application time: 0.0181310 seconds
271.685: [GC [PSYoungGen: 50019K->6604K(51200K)] 98408K->56419K(167936K), 0.0027600 secs] [Times: user=0.02 sys=0.00, real=0.01 secs] 
271.688: Total time for which application threads were stopped: 0.0029350 seconds, Stopping threads took: 0.0000720 seconds
271.701: Application time: 0.0127470 seconds
271.701: [GC [PSYoungGen: 50086K->6572K(51200K)] 99901K->56387K(167936K), 0.0023280 secs] [Times: user=0.01 sys=0.00, real=0.00 secs] 
271.704: Total time for which application threads were stopped: 0.0024910 seconds, Stopping threads took: 0.0000780 seconds
271.872: Application time: 0.1687010 seconds
271.872: [GC [PSYoungGen: 50061K->6572K(51200K)] 99875K->67074K(167936K), 0.0051170 secs] [Times: user=0.04 sys=0.00, real=0.00 secs] 
271.878: Total time for which application threads were stopped: 0.0052740 seconds, Stopping threads took: 0.0000710 seconds
272.043: Application time: 0.1650450 seconds
272.043: [GC [PSYoungGen: 50085K->6588K(51200K)] 110587K->75641K(167936K), 0.0044790 secs] [Times: user=0.03 sys=0.00, real=0.01 secs] 
272.047: Total time for which application threads were stopped: 0.0048950 seconds, Stopping threads took: 0.0003270 seconds
272.064: Application time: 0.0164190 seconds
272.064: [GC [PSYoungGen: 50099K->6620K(51200K)] 119151K->78523K(167936K), 0.0031570 secs] [Times: user=0.02 sys=0.00, real=0.01 secs] 
272.067: Total time for which application threads were stopped: 0.0033780 seconds, Stopping threads took: 0.0001290 seconds
272.079: Application time: 0.0115210 seconds
272.080: [GC [PSYoungGen: 50096K->6604K(51200K)] 121999K->79219K(167936K), 0.0025260 secs] [Times: user=0.02 sys=0.00, real=0.00 secs] 
272.082: Total time for which application threads were stopped: 0.0034010 seconds, Stopping threads took: 0.0007870 seconds
272.092: Application time: 0.0102760 seconds
272.093: [GC [PSYoungGen: 50082K->6700K(51200K)] 122697K->80028K(167936K), 0.0025450 secs] [Times: user=0.02 sys=0.00, real=0.00 secs] 
272.095: Total time for which application threads were stopped: 0.0028580 seconds, Stopping threads took: 0.0002270 seconds
272.106: Application time: 0.0106760 seconds
272.106: [GC [PSYoungGen: 50191K->6732K(51200K)] 123518K->81485K(167936K), 0.0027610 secs] [Times: user=0.01 sys=0.00, real=0.00 secs] 
272.109: Total time for which application threads were stopped: 0.0029640 seconds, Stopping threads took: 0.0001210 seconds
272.121: Application time: 0.0121090 seconds
272.121: [GC [PSYoungGen: 50223K->6701K(51200K)] 124976K->85728K(167936K), 0.0035620 secs] [Times: user=0.03 sys=0.00, real=0.00 secs] 
272.125: Total time for which application threads were stopped: 0.0037400 seconds, Stopping threads took: 0.0000890 seconds
272.145: Application time: 0.0204740 seconds
272.145: [GC [PSYoungGen: 50201K->6732K(51200K)] 129229K->92173K(167936K), 0.0039190 secs] [Times: user=0.03 sys=0.00, real=0.01 secs] 
272.149: Total time for which application threads were stopped: 0.0040860 seconds, Stopping threads took: 0.0000730 seconds
272.378: Application time: 0.2285920 seconds
272.378: [GC [PSYoungGen: 50220K->6684K(51200K)] 135661K->102812K(167936K), 0.0051600 secs] [Times: user=0.04 sys=0.00, real=0.00 secs] 
272.383: Total time for which application threads were stopped: 0.0053420 seconds, Stopping threads took: 0.0000920 seconds
272.565: Application time: 0.1815220 seconds
272.565: [GC [PSYoungGen: 50181K->6732K(51200K)] 146309K->113556K(167936K), 0.0051500 secs] [Times: user=0.04 sys=0.00, real=0.01 secs] 
272.570: [Full GC [PSYoungGen: 6732K->0K(51200K)] [ParOldGen: 106823K->27725K(116736K)] 113556K->27725K(167936K) [PSPermGen: 6111K->6111K(21504K)], 0.0110650 secs] [Times: user=0.05 sys=0.00, real=0.01 secs] 
272.581: Total time for which application threads were stopped: 0.0164320 seconds, Stopping threads took: 0.0000670 seconds
272.788: Application time: 0.2067420 seconds
272.788: [GC [PSYoungGen: 43488K->7157K(51200K)] 71213K->44866K(167936K), 0.0050710 secs] [Times: user=0.04 sys=0.00, real=0.00 secs] 
272.793: Total time for which application threads were stopped: 0.0052380 seconds, Stopping threads took: 0.0000650 seconds
272.994: Application time: 0.2010470 seconds
272.994: [GC [PSYoungGen: 50637K->7157K(51200K)] 88346K->53424K(167936K), 0.0046320 secs] [Times: user=0.04 sys=0.00, real=0.01 secs] 
272.999: Total time for which application threads were stopped: 0.0047970 seconds, Stopping threads took: 0.0000690 seconds
273.171: Application time: 0.1722110 seconds
273.171: [GC [PSYoungGen: 50655K->6508K(51200K)] 96922K->62751K(167936K), 0.0049120 secs] [Times: user=0.03 sys=0.00, real=0.00 secs] 
273.176: Total time for which application threads were stopped: 0.0050580 seconds, Stopping threads took: 0.0000570 seconds
273.333: Application time: 0.1568670 seconds
273.333: [GC [PSYoungGen: 50014K->6572K(51200K)] 106256K->74928K(167936K), 0.0055640 secs] [Times: user=0.04 sys=0.00, real=0.01 secs] 
273.339: Total time for which application threads were stopped: 0.0057400 seconds, Stopping threads took: 0.0000800 seconds
273.513: Application time: 0.1738970 seconds
273.513: [GC [PSYoungGen: 50070K->6668K(51200K)] 118425K->84287K(167936K), 0.0046760 secs] [Times: user=0.04 sys=0.00, real=0.01 secs] 
273.518: Total time for which application threads were stopped: 0.0048310 seconds, Stopping threads took: 0.0000690 seconds
273.692: Application time: 0.1747160 seconds
273.693: [GC [PSYoungGen: 50158K->6668K(51200K)] 127776K->94975K(167936K), 0.0051640 secs] [Times: user=0.04 sys=0.00, real=0.01 secs] 
273.698: Total time for which application threads were stopped: 0.0053400 seconds, Stopping threads took: 0.0000840 seconds
273.868: Application time: 0.1698370 seconds
273.868: [GC [PSYoungGen: 50150K->6668K(51200K)] 138457K->104238K(167936K), 0.0047640 secs] [Times: user=0.04 sys=0.00, real=0.00 secs] 
273.873: Total time for which application threads were stopped: 0.0049500 seconds, Stopping threads took: 0.0000820 seconds
274.031: Application time: 0.1582240 seconds
274.031: [GC [PSYoungGen: 50151K->6669K(51200K)] 147720K->113501K(167936K), 0.0047640 secs] [Times: user=0.03 sys=0.00, real=0.00 secs] 
274.036: [Full GC [PSYoungGen: 6669K->0K(51200K)] [ParOldGen: 106832K->27013K(116736K)] 113501K->27013K(167936K) [PSPermGen: 6111K->6111K(21504K)], 0.0103590 secs] [Times: user=0.06 sys=0.00, real=0.02 secs] 
274.046: Total time for which application threads were stopped: 0.0153200 seconds, Stopping threads took: 0.0000570 seconds
274.205: Application time: 0.1585150 seconds
274.205: [GC [PSYoungGen: 43516K->6637K(51200K)] 70530K->43626K(167936K), 0.0049400 secs] [Times: user=0.04 sys=0.00, real=0.01 secs] 
274.210: Total time for which application threads were stopped: 0.0051010 seconds, Stopping threads took: 0.0000710 seconds
274.291: Application time: 0.0809490 seconds
274.291: [GC [PSYoungGen: 50153K->6669K(51200K)] 87142K->54347K(167936K), 0.0052890 secs] [Times: user=0.04 sys=0.00, real=0.00 secs] 
274.296: Total time for which application threads were stopped: 0.0054960 seconds, Stopping threads took: 0.0001160 seconds
274.313: Application time: 0.0164230 seconds
274.313: [GC [PSYoungGen: 50153K->6669K(51200K)] 97831K->56485K(167936K), 0.0030050 secs] [Times: user=0.02 sys=0.00, real=0.00 secs] 
274.316: Total time for which application threads were stopped: 0.0032180 seconds, Stopping threads took: 0.0001280 seconds
274.333: Application time: 0.0167340 seconds
274.333: [GC [PSYoungGen: 50150K->6637K(51200K)] 99966K->56453K(167936K), 0.0023320 secs] [Times: user=0.01 sys=0.00, real=0.00 secs] 
274.335: Total time for which application threads were stopped: 0.0025080 seconds, Stopping threads took: 0.0000920 seconds
274.428: Application time: 0.0928300 seconds
274.428: [GC [PSYoungGen: 50130K->6605K(51200K)] 99946K->66397K(167936K), 0.0048430 secs] [Times: user=0.04 sys=0.00, real=0.00 secs] 
274.433: Total time for which application threads were stopped: 0.0050060 seconds, Stopping threads took: 0.0000630 seconds
274.585: Application time: 0.1521280 seconds
274.585: [GC [PSYoungGen: 50105K->6701K(51200K)] 109897K->76469K(167936K), 0.0048510 secs] [Times: user=0.04 sys=0.00, real=0.01 secs] 
274.590: Total time for which application threads were stopped: 0.0049900 seconds, Stopping threads took: 0.0000530 seconds
274.738: Application time: 0.1476660 seconds
274.738: [GC [PSYoungGen: 50192K->6669K(51200K)] 119960K->86413K(167936K), 0.0050100 secs] [Times: user=0.03 sys=0.00, real=0.00 secs] 
274.743: Total time for which application threads were stopped: 0.0051600 seconds, Stopping threads took: 0.0000570 seconds
274.895: Application time: 0.1524130 seconds
274.895: [GC [PSYoungGen: 50151K->6701K(51200K)] 129895K->95708K(167936K), 0.0047690 secs] [Times: user=0.04 sys=0.00, real=0.01 secs] 
274.900: Total time for which application threads were stopped: 0.0049400 seconds, Stopping threads took: 0.0000840 seconds
275.047: Application time: 0.1469420 seconds
275.047: [GC [PSYoungGen: 50183K->6701K(51200K)] 139190K->103546K(167936K), 0.0044070 secs] [Times: user=0.03 sys=0.00, real=0.00 secs] 
275.052: Total time for which application threads were stopped: 0.0046710 seconds, Stopping threads took: 0.0001620 seconds
275.130: Application time: 0.0780940 seconds
275.130: [GC [PSYoungGen: 50223K->6652K(51200K)] 147068K->110623K(167936K), 0.0041740 secs] [Times: user=0.03 sys=0.00, real=0.00 secs] 
275.134: [Full GC [PSYoungGen: 6652K->0K(51200K)] [ParOldGen: 103970K->25109K(116736K)] 110623K->25109K(167936K) [PSPermGen: 6111K->6111K(21504K)], 0.0096900 secs] [Times: user=0.05 sys=0.00, real=0.01 secs] 
275.144: Total time for which application threads were stopped: 0.0141130 seconds, Stopping threads took: 0.0001060 seconds
275.158: Application time: 0.0139950 seconds
275.159: [GC [PSYoungGen: 43520K->4499K(51200K)] 68630K->29608K(167936K), 0.0015990 secs] [Times: user=0.01 sys=0.00, real=0.00 secs] 
275.161: Total time for which application threads were stopped: 0.0024520 seconds, Stopping threads took: 0.0007730 seconds
275.173: Application time: 0.0122290 seconds
275.173: [GC [PSYoungGen: 47969K->4499K(51200K)] 73079K->29608K(167936K), 0.0016490 secs] [Times: user=0.01 sys=0.00, real=0.00 secs] 
275.175: Total time for which application threads were stopped: 0.0018070 seconds, Stopping threads took: 0.0000820 seconds
275.185: Application time: 0.0104450 seconds
275.185: [GC [PSYoungGen: 47987K->6573K(51200K)] 73097K->33107K(167936K), 0.0026330 secs] [Times: user=0.02 sys=0.00, real=0.01 secs] 
275.188: Total time for which application threads were stopped: 0.0029810 seconds, Stopping threads took: 0.0002640 seconds
275.200: Application time: 0.0118200 seconds
275.200: [GC [PSYoungGen: 50063K->6604K(51200K)] 76598K->35989K(167936K), 0.0030390 secs] [Times: user=0.02 sys=0.00, real=0.00 secs] 
275.203: Total time for which application threads were stopped: 0.0032030 seconds, Stopping threads took: 0.0000730 seconds
275.217: Application time: 0.0142340 seconds
275.217: [GC [PSYoungGen: 50089K->6572K(51200K)] 79474K->40945K(167936K), 0.0037140 secs] [Times: user=0.03 sys=0.00, real=0.01 secs] 
275.221: Total time for which application threads were stopped: 0.0038890 seconds, Stopping threads took: 0.0000860 seconds
275.319: Application time: 0.0978740 seconds
275.319: [GC [PSYoungGen: 50071K->6636K(51200K)] 84444K->51697K(167936K), 0.0051000 secs] [Times: user=0.03 sys=0.00, real=0.00 secs] 
275.324: Total time for which application threads were stopped: 0.0052590 seconds, Stopping threads took: 0.0000700 seconds
275.469: Application time: 0.1446710 seconds
275.469: [GC [PSYoungGen: 50162K->6652K(51200K)] 95223K->63114K(167936K), 0.0054530 secs] [Times: user=0.04 sys=0.00, real=0.00 secs] 
275.475: Total time for which application threads were stopped: 0.0056220 seconds, Stopping threads took: 0.0000800 seconds
275.491: Application time: 0.0163970 seconds
275.491: [GC [PSYoungGen: 50129K->6604K(51200K)] 106590K->66628K(167936K), 0.0033840 secs] [Times: user=0.02 sys=0.00, real=0.00 secs] 
275.495: Total time for which application threads were stopped: 0.0035450 seconds, Stopping threads took: 0.0000720 seconds
275.513: Application time: 0.0188190 seconds
275.513: [GC [PSYoungGen: 50086K->6669K(51200K)] 110110K->68830K(167936K), 0.0029910 secs] [Times: user=0.02 sys=0.00, real=0.00 secs] 
275.517: Total time for which application threads were stopped: 0.0031640 seconds, Stopping threads took: 0.0000800 seconds
275.536: Application time: 0.0199540 seconds
275.537: [GC [PSYoungGen: 50162K->6636K(51200K)] 112323K->72361K(167936K), 0.0031300 secs] [Times: user=0.03 sys=0.00, real=0.01 secs] 
275.540: Total time for which application threads were stopped: 0.0032720 seconds, Stopping threads took: 0.0000570 seconds
275.568: Application time: 0.0285390 seconds
275.568: [GC [PSYoungGen: 50145K->6684K(51200K)] 115869K->75259K(167936K), 0.0031810 secs] [Times: user=0.02 sys=0.00, real=0.00 secs] 
275.572: Total time for which application threads were stopped: 0.0033690 seconds, Stopping threads took: 0.0000890 seconds
275.590: Application time: 0.0184380 seconds
275.590: [GC [PSYoungGen: 50166K->6652K(51200K)] 118741K->79502K(167936K), 0.0035970 secs] [Times: user=0.03 sys=0.00, real=0.00 secs] 
275.594: Total time for which application threads were stopped: 0.0037620 seconds, Stopping threads took: 0.0000740 seconds
275.607: Application time: 0.0129320 seconds
275.607: [GC [PSYoungGen: 50133K->6620K(51200K)] 122983K->80183K(167936K), 0.0027510 secs] [Times: user=0.02 sys=0.00, real=0.00 secs] 
275.610: Total time for which application threads were stopped: 0.0029210 seconds, Stopping threads took: 0.0000840 seconds
275.641: Application time: 0.0309380 seconds
275.641: [GC [PSYoungGen: 50141K->6716K(51200K)] 123704K->85266K(167936K), 0.0037910 secs] [Times: user=0.03 sys=0.00, real=0.00 secs] 
275.645: Total time for which application threads were stopped: 0.0039700 seconds, Stopping threads took: 0.0000850 seconds
275.662: Application time: 0.0175580 seconds
275.662: [GC [PSYoungGen: 50194K->6684K(51200K)] 128744K->86660K(167936K), 0.0028090 secs] [Times: user=0.02 sys=0.00, real=0.00 secs] 
275.665: Total time for which application threads were stopped: 0.0030320 seconds, Stopping threads took: 0.0001380 seconds
275.679: Application time: 0.0133510 seconds
275.679: [GC [PSYoungGen: 50167K->6684K(51200K)] 130143K->89550K(167936K), 0.0031910 secs] [Times: user=0.01 sys=0.01, real=0.00 secs] 
275.682: Total time for which application threads were stopped: 0.0033610 seconds, Stopping threads took: 0.0000820 seconds
275.815: Application time: 0.1327920 seconds
275.815: [GC [PSYoungGen: 50174K->6732K(51200K)] 133039K->99573K(167936K), 0.0049550 secs] [Times: user=0.03 sys=0.00, real=0.01 secs] 
275.820: Total time for which application threads were stopped: 0.0051130 seconds, Stopping threads took: 0.0000700 seconds
276.007: Application time: 0.1871330 seconds
276.007: [GC [PSYoungGen: 50212K->6700K(51200K)] 143053K->108804K(167936K), 0.0047430 secs] [Times: user=0.04 sys=0.00, real=0.00 secs] 
276.012: Total time for which application threads were stopped: 0.0049100 seconds, Stopping threads took: 0.0000780 seconds
276.131: Application time: 0.1191070 seconds
276.131: [GC [PSYoungGen: 50215K->6764K(51200K)] 152319K->118883K(167936K), 0.0051610 secs] [Times: user=0.04 sys=0.00, real=0.00 secs] 
276.136: [Full GC [PSYoungGen: 6764K->0K(51200K)] [ParOldGen: 112118K->26300K(116736K)] 118883K->26300K(167936K) [PSPermGen: 6111K->6111K(21504K)], 0.0102270 secs] [Times: user=0.04 sys=0.01, real=0.02 secs] 
276.147: Total time for which application threads were stopped: 0.0156380 seconds, Stopping threads took: 0.0000820 seconds
276.164: Application time: 0.0168710 seconds
276.164: [GC [PSYoungGen: 43483K->3722K(51200K)] 69784K->30023K(167936K), 0.0012850 secs] [Times: user=0.01 sys=0.00, real=0.00 secs] 
276.165: Total time for which application threads were stopped: 0.0014320 seconds, Stopping threads took: 0.0000760 seconds
276.181: Application time: 0.0164920 seconds
276.182: [GC [PSYoungGen: 47208K->6508K(51200K)] 73509K->37085K(167936K), 0.0034860 secs] [Times: user=0.02 sys=0.00, real=0.00 secs] 
276.185: Total time for which application threads were stopped: 0.0036720 seconds, Stopping threads took: 0.0000900 seconds
276.251: Application time: 0.0660980 seconds
276.251: [GC [PSYoungGen: 50034K->6604K(51200K)] 80611K->44306K(167936K), 0.0041100 secs] [Times: user=0.03 sys=0.00, real=0.00 secs] 
276.256: Total time for which application threads were stopped: 0.0042820 seconds, Stopping threads took: 0.0000750 seconds
276.272: Application time: 0.0165490 seconds
276.272: [GC [PSYoungGen: 50088K->6604K(51200K)] 87790K->49293K(167936K), 0.0037370 secs] [Times: user=0.03 sys=0.00, real=0.00 secs] 
276.276: Total time for which application threads were stopped: 0.0039100 seconds, Stopping threads took: 0.0000840 seconds
276.292: Application time: 0.0156890 seconds
276.292: [GC [PSYoungGen: 50088K->6636K(51200K)] 92777K->55738K(167936K), 0.0041790 secs] [Times: user=0.04 sys=0.00, real=0.00 secs] 
276.296: Total time for which application threads were stopped: 0.0043450 seconds, Stopping threads took: 0.0000750 seconds
276.309: Application time: 0.0130400 seconds
276.309: [GC [PSYoungGen: 50117K->6572K(51200K)] 99218K->55674K(167936K), 0.0023410 secs] [Times: user=0.01 sys=0.00, real=0.00 secs] 
276.312: Total time for which application threads were stopped: 0.0025100 seconds, Stopping threads took: 0.0000870 seconds
276.504: Application time: 0.1926080 seconds
276.504: [GC [PSYoungGen: 50070K->6636K(51200K)] 99171K->67138K(167936K), 0.0052450 secs] [Times: user=0.04 sys=0.00, real=0.01 secs] 
276.510: Total time for which application threads were stopped: 0.0054050 seconds, Stopping threads took: 0.0000680 seconds
276.672: Application time: 0.1626730 seconds
276.672: [GC [PSYoungGen: 50139K->6700K(51200K)] 110641K->77890K(167936K), 0.0051050 secs] [Times: user=0.04 sys=0.00, real=0.00 secs] 
276.678: Total time for which application threads were stopped: 0.0052930 seconds, Stopping threads took: 0.0000850 seconds
276.902: Application time: 0.2241040 seconds
276.902: [GC [PSYoungGen: 50180K->6700K(51200K)] 121370K->87153K(167936K), 0.0048140 secs] [Times: user=0.04 sys=0.00, real=0.01 secs] 
276.907: Total time for which application threads were stopped: 0.0049650 seconds, Stopping threads took: 0.0000590 seconds
277.101: Application time: 0.1947270 seconds
277.101: [GC [PSYoungGen: 50181K->6700K(51200K)] 130633K->96416K(167936K), 0.0047330 secs] [Times: user=0.04 sys=0.01, real=0.01 secs] 
277.106: Total time for which application threads were stopped: 0.0048940 seconds, Stopping threads took: 0.0000690 seconds
277.276: Application time: 0.1693380 seconds
277.276: [GC [PSYoungGen: 50206K->6668K(51200K)] 139922K->107784K(167936K), 0.0053420 secs] [Times: user=0.04 sys=0.00, real=0.01 secs] 
277.281: [Full GC [PSYoungGen: 6668K->0K(51200K)] [ParOldGen: 101115K->27726K(116736K)] 107784K->27726K(167936K) [PSPermGen: 6111K->6111K(21504K)], 0.0102120 secs] [Times: user=0.05 sys=0.00, real=0.01 secs] 
277.291: Total time for which application threads were stopped: 0.0157880 seconds, Stopping threads took: 0.0000780 seconds
277.466: Application time: 0.1749590 seconds
277.466: [GC [PSYoungGen: 43497K->6540K(51200K)] 71223K->44955K(167936K), 0.0050690 secs] [Times: user=0.04 sys=0.00, real=0.00 secs] 
277.472: Total time for which application threads were stopped: 0.0052220 seconds, Stopping threads took: 0.0000590 seconds
277.626: Application time: 0.1546540 seconds
277.626: [GC [PSYoungGen: 50039K->6604K(51200K)] 88453K->55707K(167936K), 0.0051960 secs] [Times: user=0.04 sys=0.00, real=0.00 secs] 
277.632: Total time for which application threads were stopped: 0.0053520 seconds, Stopping threads took: 0.0000610 seconds
277.785: Application time: 0.1530710 seconds
277.785: [GC [PSYoungGen: 50094K->6604K(51200K)] 99197K->65682K(167936K), 0.0048640 secs] [Times: user=0.03 sys=0.00, real=0.01 secs] 
277.790: Total time for which application threads were stopped: 0.0050450 seconds, Stopping threads took: 0.0000720 seconds
277.952: Application time: 0.1627030 seconds
277.953: [GC [PSYoungGen: 50086K->6636K(51200K)] 109164K->74978K(167936K), 0.0046650 secs] [Times: user=0.04 sys=0.00, real=0.00 secs] 
277.957: Total time for which application threads were stopped: 0.0048350 seconds, Stopping threads took: 0.0000820 seconds
278.127: Application time: 0.1694190 seconds
278.127: [GC [PSYoungGen: 50127K->6605K(51200K)] 118469K->84922K(167936K), 0.0049610 secs] [Times: user=0.04 sys=0.00, real=0.00 secs] 
278.132: Total time for which application threads were stopped: 0.0051310 seconds, Stopping threads took: 0.0000710 seconds
278.292: Application time: 0.1605100 seconds
278.292: [GC [PSYoungGen: 50104K->6669K(51200K)] 128422K->94962K(167936K), 0.0049080 secs] [Times: user=0.04 sys=0.00, real=0.00 secs] 
278.297: Total time for which application threads were stopped: 0.0050690 seconds, Stopping threads took: 0.0000580 seconds
278.364: Application time: 0.0666310 seconds
278.364: [GC [PSYoungGen: 50192K->6701K(51200K)] 138485K->102832K(167936K), 0.0045130 secs] [Times: user=0.04 sys=0.00, real=0.01 secs] 
278.369: Total time for which application threads were stopped: 0.0046760 seconds, Stopping threads took: 0.0000730 seconds
278.382: Application time: 0.0136860 seconds
278.382: [GC [PSYoungGen: 50184K->6685K(51200K)] 146315K->108517K(167936K), 0.0039460 secs] [Times: user=0.02 sys=0.00, real=0.01 secs] 
278.386: [Full GC [PSYoungGen: 6685K->0K(51200K)] [ParOldGen: 101831K->26302K(116736K)] 108517K->26302K(167936K) [PSPermGen: 6111K->6111K(21504K)], 0.0098320 secs] [Times: user=0.05 sys=0.00, real=0.00 secs] 
278.396: Total time for which application threads were stopped: 0.0140030 seconds, Stopping threads took: 0.0000810 seconds
278.412: Application time: 0.0157470 seconds
278.412: [GC [PSYoungGen: 43481K->1585K(51200K)] 69783K->27887K(167936K), 0.0007960 secs] [Times: user=0.00 sys=0.00, real=0.00 secs] 
278.413: Total time for which application threads were stopped: 0.0009470 seconds, Stopping threads took: 0.0000820 seconds
278.510: Application time: 0.0974160 seconds
278.511: [GC [PSYoungGen: 45084K->6509K(51200K)] 71387K->42787K(167936K), 0.0049000 secs] [Times: user=0.04 sys=0.00, real=0.00 secs] 
278.516: Total time for which application threads were stopped: 0.0050570 seconds, Stopping threads took: 0.0000700 seconds
278.676: Application time: 0.1604860 seconds
278.676: [GC [PSYoungGen: 50000K->6669K(51200K)] 86278K->52210K(167936K), 0.0046670 secs] [Times: user=0.04 sys=0.00, real=0.01 secs] 
278.681: Total time for which application threads were stopped: 0.0048250 seconds, Stopping threads took: 0.0000700 seconds
278.838: Application time: 0.1574110 seconds
278.838: [GC [PSYoungGen: 50160K->6637K(51200K)] 95702K->62154K(167936K), 0.0048610 secs] [Times: user=0.04 sys=0.00, real=0.00 secs] 
278.843: Total time for which application threads were stopped: 0.0050290 seconds, Stopping threads took: 0.0000710 seconds
279.001: Application time: 0.1573590 seconds
279.002: [GC [PSYoungGen: 50119K->6605K(51200K)] 105637K->70673K(167936K), 0.0045880 secs] [Times: user=0.03 sys=0.00, real=0.01 secs] 
279.006: Total time for which application threads were stopped: 0.0057390 seconds, Stopping threads took: 0.0010570 seconds
279.105: Application time: 0.0981480 seconds
279.105: [GC [PSYoungGen: 50120K->6572K(51200K)] 114189K->80617K(167936K), 0.0051680 secs] [Times: user=0.03 sys=0.00, real=0.01 secs] 
279.110: Total time for which application threads were stopped: 0.0053640 seconds, Stopping threads took: 0.0001040 seconds
279.127: Application time: 0.0172660 seconds
279.127: [GC [PSYoungGen: 50054K->6669K(51200K)] 124099K->82138K(167936K), 0.0027760 secs] [Times: user=0.02 sys=0.00, real=0.00 secs] 
279.130: Total time for which application threads were stopped: 0.0029280 seconds, Stopping threads took: 0.0000680 seconds
279.146: Application time: 0.0158750 seconds
279.146: [GC [PSYoungGen: 50162K->6669K(51200K)] 125631K->84989K(167936K), 0.0031390 secs] [Times: user=0.02 sys=0.00, real=0.00 secs] 
279.149: Total time for which application threads were stopped: 0.0033050 seconds, Stopping threads took: 0.0000800 seconds
279.208: Application time: 0.0585430 seconds
279.208: [GC [PSYoungGen: 50192K->6653K(51200K)] 128512K->92810K(167936K), 0.0043280 secs] [Times: user=0.03 sys=0.00, real=0.00 secs] 
279.213: Total time for which application threads were stopped: 0.0048740 seconds, Stopping threads took: 0.0004610 seconds
279.231: Application time: 0.0181570 seconds
279.231: [GC [PSYoungGen: 50126K->6701K(51200K)] 136284K->96421K(167936K), 0.0034450 secs] [Times: user=0.02 sys=0.00, real=0.00 secs] 
279.234: Total time for which application threads were stopped: 0.0036090 seconds, Stopping threads took: 0.0000790 seconds
279.252: Application time: 0.0175480 seconds
279.252: [GC [PSYoungGen: 50181K->6701K(51200K)] 139902K->99984K(167936K), 0.0033720 secs] [Times: user=0.02 sys=0.00, real=0.00 secs] 
279.256: Total time for which application threads were stopped: 0.0035530 seconds, Stopping threads took: 0.0000940 seconds
279.267: Application time: 0.0116400 seconds
279.267: [GC [PSYoungGen: 50185K->6637K(51200K)] 143468K->104908K(167936K), 0.0037830 secs] [Times: user=0.03 sys=0.00, real=0.00 secs] 
279.271: Total time for which application threads were stopped: 0.0039610 seconds, Stopping threads took: 0.0000910 seconds
279.419: Application time: 0.1474630 seconds
279.419: [GC [PSYoungGen: 50135K->6732K(51200K)] 148406K->115692K(167936K), 0.0052780 secs] [Times: user=0.04 sys=0.00, real=0.00 secs] 
279.424: [Full GC [PSYoungGen: 6732K->0K(51200K)] [ParOldGen: 108959K->30062K(116736K)] 115692K->30062K(167936K) [PSPermGen: 6111K->6111K(21504K)], 0.0099190 secs] [Times: user=0.05 sys=0.00, real=0.01 secs] 
279.434: Total time for which application threads were stopped: 0.0154110 seconds, Stopping threads took: 0.0000600 seconds
279.510: Application time: 0.0757970 seconds
279.510: [GC [PSYoungGen: 43517K->6508K(51200K)] 73579K->42271K(167936K), 0.0038240 secs] [Times: user=0.03 sys=0.00, real=0.00 secs] 
279.514: Total time for which application threads were stopped: 0.0040190 seconds, Stopping threads took: 0.0001080 seconds
279.528: Application time: 0.0140340 seconds
279.528: [GC [PSYoungGen: 49997K->6540K(51200K)] 85759K->48003K(167936K), 0.0038990 secs] [Times: user=0.03 sys=0.00, real=0.00 secs] 
279.532: Total time for which application threads were stopped: 0.0040710 seconds, Stopping threads took: 0.0000820 seconds
279.548: Application time: 0.0160970 seconds
279.548: [GC [PSYoungGen: 50022K->6509K(51200K)] 91485K->47971K(167936K), 0.0023230 secs] [Times: user=0.01 sys=0.01, real=0.00 secs] 
279.551: Total time for which application threads were stopped: 0.0025090 seconds, Stopping threads took: 0.0000980 seconds
279.663: Application time: 0.1124530 seconds
279.663: [GC [PSYoungGen: 49998K->7157K(51200K)] 91461K->57946K(167936K), 0.0049500 secs] [Times: user=0.03 sys=0.00, real=0.01 secs] 
279.668: Total time for which application threads were stopped: 0.0051000 seconds, Stopping threads took: 0.0000620 seconds
279.720: Application time: 0.0521900 seconds
279.720: [GC [PSYoungGen: 50676K->6508K(51200K)] 101465K->67273K(167936K), 0.0050370 secs] [Times: user=0.04 sys=0.00, real=0.00 secs] 
279.726: Total time for which application threads were stopped: 0.0052040 seconds, Stopping threads took: 0.0000760 seconds
279.742: Application time: 0.0162390 seconds
279.742: [GC [PSYoungGen: 49983K->6604K(51200K)] 110748K->68082K(167936K), 0.0026000 secs] [Times: user=0.02 sys=0.00, real=0.00 secs] 
279.745: Total time for which application threads were stopped: 0.0027580 seconds, Stopping threads took: 0.0000760 seconds
279.757: Application time: 0.0127480 seconds
279.757: [GC [PSYoungGen: 50080K->6556K(51200K)] 111557K->72309K(167936K), 0.0035120 secs] [Times: user=0.03 sys=0.00, real=0.01 secs] 
279.761: Total time for which application threads were stopped: 0.0036850 seconds, Stopping threads took: 0.0000870 seconds
279.777: Application time: 0.0159020 seconds
279.777: [GC [PSYoungGen: 50080K->6636K(51200K)] 115833K->75239K(167936K), 0.0032150 secs] [Times: user=0.02 sys=0.00, real=0.01 secs] 
279.780: Total time for which application threads were stopped: 0.0033910 seconds, Stopping threads took: 0.0000870 seconds
279.797: Application time: 0.0163350 seconds
279.797: [GC [PSYoungGen: 50121K->6620K(51200K)] 118724K->76648K(167936K), 0.0027850 secs] [Times: user=0.02 sys=0.00, real=0.01 secs] 
279.800: Total time for which application threads were stopped: 0.0029580 seconds, Stopping threads took: 0.0000870 seconds
279.814: Application time: 0.0140370 seconds
279.814: [GC [PSYoungGen: 50105K->6604K(51200K)] 120133K->80908K(167936K), 0.0036030 secs] [Times: user=0.02 sys=0.00, real=0.00 secs] 
279.817: Total time for which application threads were stopped: 0.0037900 seconds, Stopping threads took: 0.0001000 seconds
279.917: Application time: 0.0992070 seconds
279.917: [GC [PSYoungGen: 50094K->6668K(51200K)] 124397K->91659K(167936K), 0.0051920 secs] [Times: user=0.04 sys=0.01, real=0.01 secs] 
279.922: Total time for which application threads were stopped: 0.0053530 seconds, Stopping threads took: 0.0000710 seconds
280.105: Application time: 0.1828860 seconds
280.105: [GC [PSYoungGen: 50148K->6540K(51200K)] 135139K->101507K(167936K), 0.0049260 secs] [Times: user=0.03 sys=0.00, real=0.01 secs] 
280.110: Total time for which application threads were stopped: 0.0051060 seconds, Stopping threads took: 0.0000800 seconds
280.156: Application time: 0.0462980 seconds
280.156: [GC [PSYoungGen: 50063K->6668K(51200K)] 145029K->111610K(167936K), 0.0050360 secs] [Times: user=0.04 sys=0.00, real=0.01 secs] 
280.161: [Full GC [PSYoungGen: 6668K->0K(51200K)] [ParOldGen: 104941K->27726K(116736K)] 111610K->27726K(167936K) [PSPermGen: 6111K->6111K(21504K)], 0.0101750 secs] [Times: user=0.06 sys=0.00, real=0.01 secs] 
280.172: Total time for which application threads were stopped: 0.0154510 seconds, Stopping threads took: 0.0001000 seconds
280.189: Application time: 0.0170650 seconds
280.189: [GC [PSYoungGen: 43477K->1617K(51200K)] 71203K->29343K(167936K), 0.0008650 secs] [Times: user=0.01 sys=0.00, real=0.00 secs] 
280.190: Total time for which application threads were stopped: 0.0010120 seconds, Stopping threads took: 0.0000770 seconds
280.203: Application time: 0.0132020 seconds
280.203: [GC [PSYoungGen: 45101K->6572K(51200K)] 72828K->34299K(167936K), 0.0022640 secs] [Times: user=0.02 sys=0.00, real=0.00 secs] 
280.205: Total time for which application threads were stopped: 0.0024300 seconds, Stopping threads took: 0.0000820 seconds
280.326: Application time: 0.1208520 seconds
280.327: [GC [PSYoungGen: 50104K->6540K(51200K)] 77831K->44954K(167936K), 0.0051190 secs] [Times: user=0.04 sys=0.00, real=0.00 secs] 
280.332: Total time for which application threads were stopped: 0.0057890 seconds, Stopping threads took: 0.0005830 seconds
280.350: Application time: 0.0176880 seconds
280.350: [GC [PSYoungGen: 50014K->6604K(51200K)] 88428K->46444K(167936K), 0.0027580 secs] [Times: user=0.02 sys=0.00, real=0.00 secs] 
280.353: Total time for which application threads were stopped: 0.0029670 seconds, Stopping threads took: 0.0001220 seconds
280.371: Application time: 0.0181170 seconds
280.371: [GC [PSYoungGen: 50088K->6572K(51200K)] 89927K->50687K(167936K), 0.0035610 secs] [Times: user=0.03 sys=0.00, real=0.00 secs] 
280.375: Total time for which application threads were stopped: 0.0037350 seconds, Stopping threads took: 0.0000850 seconds
280.410: Application time: 0.0357160 seconds
280.410: [GC [PSYoungGen: 50068K->6636K(51200K)] 94182K->54313K(167936K), 0.0031240 secs] [Times: user=0.03 sys=0.00, real=0.00 secs] 
280.414: Total time for which application threads were stopped: 0.0032640 seconds, Stopping threads took: 0.0000560 seconds
280.595: Application time: 0.1813590 seconds
280.595: [GC [PSYoungGen: 50133K->6668K(51200K)] 97810K->65033K(167936K), 0.0049730 secs] [Times: user=0.04 sys=0.00, real=0.01 secs] 
280.600: Total time for which application threads were stopped: 0.0051250 seconds, Stopping threads took: 0.0000640 seconds
280.798: Application time: 0.1980840 seconds
280.798: [GC [PSYoungGen: 50154K->6636K(51200K)] 108519K->74264K(167936K), 0.0046100 secs] [Times: user=0.03 sys=0.00, real=0.00 secs] 
280.803: Total time for which application threads were stopped: 0.0047630 seconds, Stopping threads took: 0.0000560 seconds
280.979: Application time: 0.1756180 seconds
280.979: [GC [PSYoungGen: 50125K->6700K(51200K)] 117752K->84303K(167936K), 0.0049580 secs] [Times: user=0.04 sys=0.00, real=0.00 secs] 
280.984: Total time for which application threads were stopped: 0.0051380 seconds, Stopping threads took: 0.0000790 seconds
281.177: Application time: 0.1930310 seconds
281.177: [GC [PSYoungGen: 50195K->6700K(51200K)] 127798K->94278K(167936K), 0.0049180 secs] [Times: user=0.04 sys=0.00, real=0.01 secs] 
281.182: Total time for which application threads were stopped: 0.0050700 seconds, Stopping threads took: 0.0000640 seconds
281.361: Application time: 0.1797090 seconds
281.362: [GC [PSYoungGen: 50196K->6700K(51200K)] 137774K->104966K(167936K), 0.0051680 secs] [Times: user=0.03 sys=0.00, real=0.01 secs] 
281.367: Total time for which application threads were stopped: 0.0053380 seconds, Stopping threads took: 0.0000700 seconds
281.538: Application time: 0.1716670 seconds
281.539: [GC [PSYoungGen: 50198K->6700K(51200K)] 148464K->114942K(167936K), 0.0049700 secs] [Times: user=0.04 sys=0.00, real=0.00 secs] 
281.544: [Full GC [PSYoungGen: 6700K->0K(51200K)] [ParOldGen: 108241K->27727K(116736K)] 114942K->27727K(167936K) [PSPermGen: 6111K->6111K(21504K)], 0.0103570 secs] [Times: user=0.05 sys=0.00, real=0.01 secs] 
281.554: Total time for which application threads were stopped: 0.0155530 seconds, Stopping threads took: 0.0000860 seconds
281.713: Application time: 0.1590350 seconds
281.713: [GC [PSYoungGen: 43481K->7125K(51200K)] 71208K->44115K(167936K), 0.0050180 secs] [Times: user=0.03 sys=0.00, real=0.01 secs] 
281.718: Total time for which application threads were stopped: 0.0051760 seconds, Stopping threads took: 0.0000680 seconds
281.897: Application time: 0.1784320 seconds
281.897: [GC [PSYoungGen: 50624K->6508K(51200K)] 87614K->54187K(167936K), 0.0051250 secs] [Times: user=0.03 sys=0.00, real=0.01 secs] 
281.902: Total time for which application threads were stopped: 0.0052990 seconds, Stopping threads took: 0.0000740 seconds
282.051: Application time: 0.1486880 seconds
282.051: [GC [PSYoungGen: 49990K->6540K(51200K)] 97669K->63482K(167936K), 0.0047130 secs] [Times: user=0.03 sys=0.00, real=0.00 secs] 
282.056: Total time for which application threads were stopped: 0.0048930 seconds, Stopping threads took: 0.0000910 seconds
282.221: Application time: 0.1652940 seconds
282.221: [GC [PSYoungGen: 50049K->6637K(51200K)] 106990K->74267K(167936K), 0.0050460 secs] [Times: user=0.04 sys=0.00, real=0.01 secs] 
282.226: Total time for which application threads were stopped: 0.0052060 seconds, Stopping threads took: 0.0000740 seconds
282.374: Application time: 0.1476520 seconds
282.374: [GC [PSYoungGen: 50128K->6637K(51200K)] 117758K->83530K(167936K), 0.0048190 secs] [Times: user=0.04 sys=0.00, real=0.01 secs] 
282.379: Total time for which application threads were stopped: 0.0049800 seconds, Stopping threads took: 0.0000720 seconds
282.416: Application time: 0.0373290 seconds
282.416: [GC [PSYoungGen: 50152K->6653K(51200K)] 127045K->91384K(167936K), 0.0045270 secs] [Times: user=0.03 sys=0.00, real=0.01 secs] 
282.421: Total time for which application threads were stopped: 0.0047110 seconds, Stopping threads took: 0.0000880 seconds
282.438: Application time: 0.0173990 seconds
282.438: [GC [PSYoungGen: 50128K->6637K(51200K)] 134860K->91368K(167936K), 0.0023820 secs] [Times: user=0.01 sys=0.00, real=0.00 secs] 
282.441: Total time for which application threads were stopped: 0.0025450 seconds, Stopping threads took: 0.0000830 seconds
282.454: Application time: 0.0129180 seconds
282.454: [GC [PSYoungGen: 50117K->6669K(51200K)] 134849K->92113K(167936K), 0.0025960 secs] [Times: user=0.02 sys=0.00, real=0.00 secs] 
282.456: Total time for which application threads were stopped: 0.0027780 seconds, Stopping threads took: 0.0000960 seconds
282.572: Application time: 0.1158930 seconds
282.572: [GC [PSYoungGen: 50168K->6669K(51200K)] 135612K->103514K(167936K), 0.0073860 secs] [Times: user=0.05 sys=0.00, real=0.01 secs] 
282.580: Total time for which application threads were stopped: 0.0075360 seconds, Stopping threads took: 0.0000620 seconds
282.743: Application time: 0.1629440 seconds
282.743: [GC [PSYoungGen: 50167K->6701K(51200K)] 147012K->112809K(167936K), 0.0047490 secs] [Times: user=0.03 sys=0.00, real=0.01 secs] 
282.748: [Full GC [PSYoungGen: 6701K->0K(51200K)] [ParOldGen: 106108K->27248K(116736K)] 112809K->27248K(167936K) [PSPermGen: 6111K->6111K(21504K)], 0.0102100 secs] [Times: user=0.06 sys=0.00, real=0.01 secs] 
282.758: Total time for which application threads were stopped: 0.0151710 seconds, Stopping threads took: 0.0000560 seconds
282.902: Application time: 0.1435690 seconds
282.902: [GC [PSYoungGen: 43482K->7157K(51200K)] 70730K->42956K(167936K), 0.0047570 secs] [Times: user=0.03 sys=0.01, real=0.01 secs] 
282.906: Total time for which application threads were stopped: 0.0049080 seconds, Stopping threads took: 0.0000610 seconds
283.058: Application time: 0.1510760 seconds
283.058: [GC [PSYoungGen: 50639K->7125K(51200K)] 86438K->51475K(167936K), 0.0046840 secs] [Times: user=0.03 sys=0.00, real=0.01 secs] 
283.062: Total time for which application threads were stopped: 0.0048490 seconds, Stopping threads took: 0.0000690 seconds
283.131: Application time: 0.0684060 seconds
283.131: [GC [PSYoungGen: 50640K->7157K(51200K)] 94990K->58664K(167936K), 0.0045080 secs] [Times: user=0.03 sys=0.00, real=0.00 secs] 
283.136: Total time for which application threads were stopped: 0.0047230 seconds, Stopping threads took: 0.0001240 seconds
283.151: Application time: 0.0158050 seconds
283.151: [GC [PSYoungGen: 50648K->6605K(51200K)] 102155K->64525K(167936K), 0.0040390 secs] [Times: user=0.04 sys=0.00, real=0.00 secs] 
283.156: Total time for which application threads were stopped: 0.0042140 seconds, Stopping threads took: 0.0000870 seconds
283.171: Application time: 0.0153200 seconds
283.171: [GC [PSYoungGen: 50086K->6605K(51200K)] 108006K->65237K(167936K), 0.0025670 secs] [Times: user=0.02 sys=0.00, real=0.00 secs] 
283.174: Total time for which application threads were stopped: 0.0027360 seconds, Stopping threads took: 0.0000780 seconds
283.232: Application time: 0.0584170 seconds
283.232: [GC [PSYoungGen: 50125K->6572K(51200K)] 108757K->72331K(167936K), 0.0043270 secs] [Times: user=0.04 sys=0.00, real=0.00 secs] 
283.237: Total time for which application threads were stopped: 0.0045020 seconds, Stopping threads took: 0.0000820 seconds
283.251: Application time: 0.0142030 seconds
283.251: [GC [PSYoungGen: 50050K->6572K(51200K)] 115809K->75893K(167936K), 0.0033640 secs] [Times: user=0.02 sys=0.01, real=0.00 secs] 
283.254: Total time for which application threads were stopped: 0.0035480 seconds, Stopping threads took: 0.0000910 seconds
283.273: Application time: 0.0190650 seconds
283.273: [GC [PSYoungGen: 50062K->6637K(51200K)] 119383K->78095K(167936K), 0.0029760 secs] [Times: user=0.02 sys=0.00, real=0.00 secs] 
283.276: Total time for which application threads were stopped: 0.0031540 seconds, Stopping threads took: 0.0000920 seconds
283.322: Application time: 0.0455270 seconds
283.322: [GC [PSYoungGen: 50127K->6572K(51200K)] 121586K->84444K(167936K), 0.0039910 secs] [Times: user=0.03 sys=0.00, real=0.01 secs] 
283.326: Total time for which application threads were stopped: 0.0041600 seconds, Stopping threads took: 0.0000810 seconds
283.495: Application time: 0.1683690 seconds
283.495: [GC [PSYoungGen: 50604K->6700K(51200K)] 128475K->93835K(167936K), 0.0047180 secs] [Times: user=0.03 sys=0.00, real=0.01 secs] 
283.499: Total time for which application threads were stopped: 0.0048900 seconds, Stopping threads took: 0.0000840 seconds
283.522: Application time: 0.0227030 seconds
283.522: [GC [PSYoungGen: 50389K->6604K(51200K)] 137524K->100152K(167936K), 0.0042060 secs] [Times: user=0.02 sys=0.00, real=0.01 secs] 
283.527: Total time for which application threads were stopped: 0.0044010 seconds, Stopping threads took: 0.0001070 seconds
283.544: Application time: 0.0175030 seconds
283.544: [GC [PSYoungGen: 50082K->6668K(51200K)] 143630K->102354K(167936K), 0.0030050 secs] [Times: user=0.02 sys=0.00, real=0.01 secs] 
283.547: Total time for which application threads were stopped: 0.0031740 seconds, Stopping threads took: 0.0000830 seconds
283.560: Application time: 0.0123450 seconds
283.560: [GC [PSYoungGen: 50149K->6668K(51200K)] 145834K->103066K(167936K), 0.0026230 secs] [Times: user=0.02 sys=0.00, real=0.00 secs] 
283.562: Total time for which application threads were stopped: 0.0028090 seconds, Stopping threads took: 0.0000900 seconds
283.680: Application time: 0.1177000 seconds
283.680: [GC [PSYoungGen: 50192K->6668K(51200K)] 146590K->114467K(167936K), 0.0055390 secs] [Times: user=0.04 sys=0.00, real=0.01 secs] 
283.686: [Full GC [PSYoungGen: 6668K->0K(51200K)] [ParOldGen: 107798K->28439K(116736K)] 114467K->28439K(167936K) [PSPermGen: 6111K->6111K(21504K)], 0.0103450 secs] [Times: user=0.06 sys=0.00, real=0.00 secs] 
283.696: Total time for which application threads were stopped: 0.0160950 seconds, Stopping threads took: 0.0000700 seconds
283.714: Application time: 0.0178990 seconds
283.714: [GC [PSYoungGen: 43473K->1585K(51200K)] 71913K->30025K(167936K), 0.0007380 secs] [Times: user=0.01 sys=0.00, real=0.00 secs] 
283.715: Total time for which application threads were stopped: 0.0008750 seconds, Stopping threads took: 0.0000710 seconds
283.733: Application time: 0.0182780 seconds
283.733: [GC [PSYoungGen: 44927K->5892K(51200K)] 73367K->34332K(167936K), 0.0021010 secs] [Times: user=0.02 sys=0.00, real=0.00 secs] 
283.736: Total time for which application threads were stopped: 0.0022610 seconds, Stopping threads took: 0.0000800 seconds
283.745: Application time: 0.0099220 seconds
283.746: [GC [PSYoungGen: 49547K->6572K(51200K)] 77987K->38575K(167936K), 0.0033030 secs] [Times: user=0.03 sys=0.00, real=0.01 secs] 
283.749: Total time for which application threads were stopped: 0.0034870 seconds, Stopping threads took: 0.0000950 seconds
283.765: Application time: 0.0161610 seconds
283.765: [GC [PSYoungGen: 50059K->6540K(51200K)] 82061K->42106K(167936K), 0.0033220 secs] [Times: user=0.02 sys=0.00, real=0.01 secs] 
283.769: Total time for which application threads were stopped: 0.0035000 seconds, Stopping threads took: 0.0000880 seconds
283.787: Application time: 0.0182660 seconds
283.787: [GC [PSYoungGen: 50022K->6540K(51200K)] 85587K->46381K(167936K), 0.0035980 secs] [Times: user=0.03 sys=0.00, real=0.00 secs] 
283.791: Total time for which application threads were stopped: 0.0037660 seconds, Stopping threads took: 0.0000750 seconds
283.820: Application time: 0.0295580 seconds
283.820: [GC [PSYoungGen: 50034K->6572K(51200K)] 89874K->49263K(167936K), 0.0029290 secs] [Times: user=0.02 sys=0.00, real=0.00 secs] 
283.823: Total time for which application threads were stopped: 0.0030880 seconds, Stopping threads took: 0.0000700 seconds
283.993: Application time: 0.1694280 seconds
283.993: [GC [PSYoungGen: 50053K->6572K(51200K)] 92743K->58526K(167936K), 0.0046760 secs] [Times: user=0.03 sys=0.00, real=0.00 secs] 
283.998: Total time for which application threads were stopped: 0.0048390 seconds, Stopping threads took: 0.0000750 seconds
284.179: Application time: 0.1818260 seconds
284.179: [GC [PSYoungGen: 50533K->6684K(51200K)] 102487K->66475K(167936K), 0.0042420 secs] [Times: user=0.03 sys=0.00, real=0.00 secs] 
284.184: Total time for which application threads were stopped: 0.0043940 seconds, Stopping threads took: 0.0000530 seconds
284.209: Application time: 0.0253930 seconds
284.209: [GC [PSYoungGen: 50434K->6636K(51200K)] 110225K->72840K(167936K), 0.0040680 secs] [Times: user=0.03 sys=0.00, real=0.00 secs] 
284.213: Total time for which application threads were stopped: 0.0042410 seconds, Stopping threads took: 0.0000790 seconds
284.231: Application time: 0.0171650 seconds
284.231: [GC [PSYoungGen: 50116K->6620K(51200K)] 116320K->75674K(167936K), 0.0032630 secs] [Times: user=0.02 sys=0.00, real=0.00 secs] 
284.234: Total time for which application threads were stopped: 0.0034450 seconds, Stopping threads took: 0.0000930 seconds
284.247: Application time: 0.0129250 seconds
284.247: [GC [PSYoungGen: 50101K->6636K(51200K)] 119155K->76403K(167936K), 0.0026060 secs] [Times: user=0.02 sys=0.00, real=0.00 secs] 
284.250: Total time for which application threads were stopped: 0.0027750 seconds, Stopping threads took: 0.0000860 seconds
284.325: Application time: 0.0753300 seconds
284.325: [GC [PSYoungGen: 50165K->6668K(51200K)] 119932K->87122K(167936K), 0.0052350 secs] [Times: user=0.04 sys=0.00, real=0.01 secs] 
284.331: Total time for which application threads were stopped: 0.0054490 seconds, Stopping threads took: 0.0001190 seconds
284.347: Application time: 0.0164630 seconds
284.347: [GC [PSYoungGen: 50153K->6700K(51200K)] 130607K->89292K(167936K), 0.0030110 secs] [Times: user=0.02 sys=0.00, real=0.00 secs] 
284.350: Total time for which application threads were stopped: 0.0031760 seconds, Stopping threads took: 0.0000710 seconds
284.365: Application time: 0.0148320 seconds
284.365: [GC [PSYoungGen: 50183K->6604K(51200K)] 132775K->91334K(167936K), 0.0030450 secs] [Times: user=0.02 sys=0.00, real=0.01 secs] 
284.368: Total time for which application threads were stopped: 0.0032300 seconds, Stopping threads took: 0.0000960 seconds
284.477: Application time: 0.1085170 seconds
284.477: [GC [PSYoungGen: 50093K->6668K(51200K)] 134823K->101373K(167936K), 0.0049200 secs] [Times: user=0.03 sys=0.00, real=0.01 secs] 
284.482: Total time for which application threads were stopped: 0.0050770 seconds, Stopping threads took: 0.0000690 seconds
284.672: Application time: 0.1897200 seconds
284.672: [GC [PSYoungGen: 50165K->6716K(51200K)] 144870K->112821K(167936K), 0.0053410 secs] [Times: user=0.04 sys=0.00, real=0.00 secs] 
284.677: [Full GC [PSYoungGen: 6716K->0K(51200K)] [ParOldGen: 106105K->27727K(116736K)] 112821K->27727K(167936K) [PSPermGen: 6111K->6111K(21504K)], 0.0101580 secs] [Times: user=0.05 sys=0.00, real=0.02 secs] 
284.687: Total time for which application threads were stopped: 0.0157130 seconds, Stopping threads took: 0.0000710 seconds
284.867: Application time: 0.1794040 seconds
284.867: [GC [PSYoungGen: 43494K->6572K(51200K)] 71221K->44275K(167936K), 0.0048540 secs] [Times: user=0.03 sys=0.00, real=0.00 secs] 
284.872: Total time for which application threads were stopped: 0.0050220 seconds, Stopping threads took: 0.0000690 seconds
285.066: Application time: 0.1939230 seconds
285.066: [GC [PSYoungGen: 50052K->6572K(51200K)] 87755K->54250K(167936K), 0.0048980 secs] [Times: user=0.03 sys=0.00, real=0.00 secs] 
285.071: Total time for which application threads were stopped: 0.0050640 seconds, Stopping threads took: 0.0000770 seconds
285.242: Application time: 0.1716320 seconds
285.242: [GC [PSYoungGen: 50076K->6636K(51200K)] 97754K->64289K(167936K), 0.0049620 secs] [Times: user=0.04 sys=0.00, real=0.01 secs] 
285.247: Total time for which application threads were stopped: 0.0051080 seconds, Stopping threads took: 0.0000570 seconds
285.424: Application time: 0.1769350 seconds
285.424: [GC [PSYoungGen: 50125K->6636K(51200K)] 107778K->74265K(167936K), 0.0049340 secs] [Times: user=0.04 sys=0.00, real=0.01 secs] 
285.429: Total time for which application threads were stopped: 0.0050920 seconds, Stopping threads took: 0.0000600 seconds
285.594: Application time: 0.1640930 seconds
285.594: [GC [PSYoungGen: 50135K->6668K(51200K)] 117763K->84985K(167936K), 0.0051020 secs] [Times: user=0.04 sys=0.00, real=0.01 secs] 
285.602: Total time for which application threads were stopped: 0.0082820 seconds, Stopping threads took: 0.0000610 seconds
285.778: Application time: 0.1757150 seconds
285.778: [GC [PSYoungGen: 50158K->6668K(51200K)] 128475K->95673K(167936K), 0.0051910 secs] [Times: user=0.03 sys=0.00, real=0.00 secs] 
285.783: Total time for which application threads were stopped: 0.0053670 seconds, Stopping threads took: 0.0000840 seconds
285.948: Application time: 0.1646930 seconds
285.948: [GC [PSYoungGen: 50159K->6668K(51200K)] 139164K->106362K(167936K), 0.0051330 secs] [Times: user=0.04 sys=0.00, real=0.00 secs] 
285.953: [Full GC [PSYoungGen: 6668K->0K(51200K)] [ParOldGen: 99693K->27728K(116736K)] 106362K->27728K(167936K) [PSPermGen: 6111K->6111K(21504K)], 0.0103650 secs] [Times: user=0.06 sys=0.00, real=0.01 secs] 
285.963: Total time for which application threads were stopped: 0.0157550 seconds, Stopping threads took: 0.0001000 seconds
286.140: Application time: 0.1767040 seconds
286.140: [GC [PSYoungGen: 43490K->7157K(51200K)] 71218K->43452K(167936K), 0.0047070 secs] [Times: user=0.03 sys=0.00, real=0.00 secs] 
286.145: Total time for which application threads were stopped: 0.0048850 seconds, Stopping threads took: 0.0000860 seconds
286.306: Application time: 0.1606820 seconds
286.306: [GC [PSYoungGen: 50657K->6605K(51200K)] 86952K->52163K(167936K), 0.0046270 secs] [Times: user=0.04 sys=0.00, real=0.00 secs] 
286.310: Total time for which application threads were stopped: 0.0047680 seconds, Stopping threads took: 0.0000580 seconds
286.446: Application time: 0.1360380 seconds
286.447: [GC [PSYoungGen: 49953K->6621K(51200K)] 95511K->60017K(167936K), 0.0042980 secs] [Times: user=0.03 sys=0.00, real=0.00 secs] 
286.451: Total time for which application threads were stopped: 0.0044570 seconds, Stopping threads took: 0.0000710 seconds
286.474: Application time: 0.0230560 seconds
286.474: [GC [PSYoungGen: 50283K->6637K(51200K)] 103679K->65021K(167936K), 0.0037740 secs] [Times: user=0.03 sys=0.00, real=0.01 secs] 
286.478: Total time for which application threads were stopped: 0.0039550 seconds, Stopping threads took: 0.0000830 seconds
286.495: Application time: 0.0175370 seconds
286.496: [GC [PSYoungGen: 50115K->6669K(51200K)] 108499K->66478K(167936K), 0.0027680 secs] [Times: user=0.02 sys=0.00, real=0.01 secs] 
286.499: Total time for which application threads were stopped: 0.0033400 seconds, Stopping threads took: 0.0004830 seconds
286.510: Application time: 0.0115510 seconds
286.510: [GC [PSYoungGen: 50153K->6637K(51200K)] 109962K->68584K(167936K), 0.0029000 secs] [Times: user=0.03 sys=0.00, real=0.00 secs] 
286.513: Total time for which application threads were stopped: 0.0030670 seconds, Stopping threads took: 0.0000750 seconds
286.648: Application time: 0.1344080 seconds
286.648: [GC [PSYoungGen: 50128K->6701K(51200K)] 112075K->78624K(167936K), 0.0049520 secs] [Times: user=0.03 sys=0.00, real=0.00 secs] 
286.653: Total time for which application threads were stopped: 0.0051140 seconds, Stopping threads took: 0.0000730 seconds
286.812: Application time: 0.1593470 seconds
286.812: [GC [PSYoungGen: 50200K->6701K(51200K)] 122123K->88600K(167936K), 0.0049040 secs] [Times: user=0.04 sys=0.00, real=0.00 secs] 
286.817: Total time for which application threads were stopped: 0.0050630 seconds, Stopping threads took: 0.0000680 seconds
286.960: Application time: 0.1428750 seconds
286.960: [GC [PSYoungGen: 50183K->6701K(51200K)] 132082K->97863K(167936K), 0.0047950 secs] [Times: user=0.03 sys=0.00, real=0.00 secs] 
286.965: Total time for which application threads were stopped: 0.0049690 seconds, Stopping threads took: 0.0000800 seconds
287.044: Application time: 0.0786400 seconds
287.044: [GC [PSYoungGen: 50214K->6700K(51200K)] 141376K->104988K(167936K), 0.0043230 secs] [Times: user=0.04 sys=0.00, real=0.01 secs] 
287.048: Total time for which application threads were stopped: 0.0045330 seconds, Stopping threads took: 0.0001060 seconds
287.064: Application time: 0.0156280 seconds
287.064: [GC [PSYoungGen: 50187K->6669K(51200K)] 148475K->107807K(167936K), 0.0032270 secs] [Times: user=0.02 sys=0.00, real=0.01 secs] 
287.067: Total time for which application threads were stopped: 0.0034180 seconds, Stopping threads took: 0.0001010 seconds
287.083: Application time: 0.0152740 seconds
287.083: [GC [PSYoungGen: 50150K->6669K(51200K)] 151288K->108520K(167936K), 0.0026220 secs] [Times: user=0.01 sys=0.00, real=0.00 secs] 
287.086: [Full GC [PSYoungGen: 6669K->0K(51200K)] [ParOldGen: 101850K->28441K(116736K)] 108520K->28441K(167936K) [PSPermGen: 6111K->6111K(21504K)], 0.0103190 secs] [Times: user=0.06 sys=0.00, real=0.01 secs] 
287.096: Total time for which application threads were stopped: 0.0131660 seconds, Stopping threads took: 0.0000880 seconds
287.200: Application time: 0.1038690 seconds
287.200: [GC [PSYoungGen: 43490K->7157K(51200K)] 71931K->44878K(167936K), 0.0048830 secs] [Times: user=0.04 sys=0.00, real=0.00 secs] 
287.205: Total time for which application threads were stopped: 0.0050320 seconds, Stopping threads took: 0.0000580 seconds
287.306: Application time: 0.1016640 seconds
287.307: [GC [PSYoungGen: 50680K->6508K(51200K)] 88400K->52780K(167936K), 0.0045640 secs] [Times: user=0.04 sys=0.00, real=0.00 secs] 
287.312: Total time for which application threads were stopped: 0.0054300 seconds, Stopping threads took: 0.0007770 seconds
287.327: Application time: 0.0150620 seconds
287.327: [GC [PSYoungGen: 49997K->6573K(51200K)] 96268K->55694K(167936K), 0.0030650 secs] [Times: user=0.02 sys=0.00, real=0.00 secs] 
287.330: Total time for which application threads were stopped: 0.0032540 seconds, Stopping threads took: 0.0001010 seconds
287.349: Application time: 0.0185370 seconds
287.349: [GC [PSYoungGen: 50061K->6669K(51200K)] 99182K->59353K(167936K), 0.0033800 secs] [Times: user=0.03 sys=0.00, real=0.00 secs] 
287.352: Total time for which application threads were stopped: 0.0035650 seconds, Stopping threads took: 0.0000960 seconds
287.397: Application time: 0.0449230 seconds
287.397: [GC [PSYoungGen: 50158K->6540K(51200K)] 102843K->67063K(167936K), 0.0043650 secs] [Times: user=0.03 sys=0.00, real=0.01 secs] 
287.402: Total time for which application threads were stopped: 0.0045250 seconds, Stopping threads took: 0.0000700 seconds
287.482: Application time: 0.0799750 seconds
287.482: [GC [PSYoungGen: 50053K->6668K(51200K)] 110576K->76454K(167936K), 0.0049390 secs] [Times: user=0.04 sys=0.00, real=0.01 secs] 
287.487: Total time for which application threads were stopped: 0.0051070 seconds, Stopping threads took: 0.0000780 seconds
287.502: Application time: 0.0146850 seconds
287.502: [GC [PSYoungGen: 50155K->6668K(51200K)] 119941K->80017K(167936K), 0.0033800 secs] [Times: user=0.03 sys=0.00, real=0.00 secs] 
287.505: Total time for which application threads were stopped: 0.0035700 seconds, Stopping threads took: 0.0000920 seconds
287.521: Application time: 0.0159290 seconds
287.521: [GC [PSYoungGen: 50152K->6557K(51200K)] 123500K->81330K(167936K), 0.0027710 secs] [Times: user=0.02 sys=0.00, real=0.00 secs] 
287.524: Total time for which application threads were stopped: 0.0029460 seconds, Stopping threads took: 0.0000870 seconds
287.603: Application time: 0.0789790 seconds
287.603: [GC [PSYoungGen: 50057K->6668K(51200K)] 124830K->92130K(167936K), 0.0051300 secs] [Times: user=0.04 sys=0.00, real=0.01 secs] 
287.608: Total time for which application threads were stopped: 0.0053070 seconds, Stopping threads took: 0.0000760 seconds
287.705: Application time: 0.0964190 seconds
287.705: [GC [PSYoungGen: 50183K->6700K(51200K)] 135644K->102137K(167936K), 0.0051760 secs] [Times: user=0.04 sys=0.00, real=0.01 secs] 
287.710: Total time for which application threads were stopped: 0.0053660 seconds, Stopping threads took: 0.0000990 seconds
287.727: Application time: 0.0166040 seconds
287.727: [GC [PSYoungGen: 50185K->6684K(51200K)] 145621K->103546K(167936K), 0.0027440 secs] [Times: user=0.02 sys=0.00, real=0.00 secs] 
287.730: Total time for which application threads were stopped: 0.0029400 seconds, Stopping threads took: 0.0001070 seconds
287.745: Application time: 0.0157930 seconds
287.746: [GC [PSYoungGen: 50168K->6668K(51200K)] 147029K->106381K(167936K), 0.0032490 secs] [Times: user=0.03 sys=0.00, real=0.01 secs] 
287.749: Total time for which application threads were stopped: 0.0034270 seconds, Stopping threads took: 0.0000880 seconds
287.774: Application time: 0.0251640 seconds
287.774: [GC [PSYoungGen: 50184K->6668K(51200K)] 149896K->109230K(167936K), 0.0031810 secs] [Times: user=0.02 sys=0.00, real=0.00 secs] 
287.777: [Full GC [PSYoungGen: 6668K->0K(51200K)] [ParOldGen: 102562K->26302K(116736K)] 109230K->26302K(167936K) [PSPermGen: 6111K->6111K(21504K)], 0.0098500 secs] [Times: user=0.05 sys=0.00, real=0.02 secs] 
287.787: Total time for which application threads were stopped: 0.0132510 seconds, Stopping threads took: 0.0000810 seconds
287.803: Application time: 0.0155380 seconds
287.803: [GC [PSYoungGen: 43487K->6540K(51200K)] 69790K->34268K(167936K), 0.0024250 secs] [Times: user=0.02 sys=0.00, real=0.00 secs] 
287.805: Total time for which application threads were stopped: 0.0025810 seconds, Stopping threads took: 0.0000600 seconds
287.823: Application time: 0.0171940 seconds
287.823: [GC [PSYoungGen: 50021K->6572K(51200K)] 77749K->35013K(167936K), 0.0025040 secs] [Times: user=0.02 sys=0.00, real=0.00 secs] 
287.825: Total time for which application threads were stopped: 0.0026640 seconds, Stopping threads took: 0.0000770 seconds
287.905: Application time: 0.0794720 seconds
287.905: [GC [PSYoungGen: 50065K->7157K(51200K)] 78505K->44860K(167936K), 0.0048670 secs] [Times: user=0.03 sys=0.00, real=0.01 secs] 
287.910: Total time for which application threads were stopped: 0.0050210 seconds, Stopping threads took: 0.0000630 seconds
288.080: Application time: 0.1704150 seconds
288.080: [GC [PSYoungGen: 50643K->6540K(51200K)] 88347K->53506K(167936K), 0.0046700 secs] [Times: user=0.03 sys=0.00, real=0.00 secs] 
288.085: Total time for which application threads were stopped: 0.0048180 seconds, Stopping threads took: 0.0000580 seconds
288.263: Application time: 0.1776260 seconds
288.263: [GC [PSYoungGen: 50020K->6572K(51200K)] 96986K->62801K(167936K), 0.0046720 secs] [Times: user=0.04 sys=0.00, real=0.01 secs] 
288.267: Total time for which application threads were stopped: 0.0048360 seconds, Stopping threads took: 0.0000670 seconds
288.317: Application time: 0.0494640 seconds
288.317: [GC [PSYoungGen: 50088K->6604K(51200K)] 106317K->70671K(167936K), 0.0043530 secs] [Times: user=0.03 sys=0.00, real=0.01 secs] 
288.322: Total time for which application threads were stopped: 0.0046460 seconds, Stopping threads took: 0.0002030 seconds
288.336: Application time: 0.0143660 seconds
288.336: [GC [PSYoungGen: 50117K->6588K(51200K)] 114184K->74217K(167936K), 0.0032790 secs] [Times: user=0.03 sys=0.00, real=0.01 secs] 
288.340: Total time for which application threads were stopped: 0.0038060 seconds, Stopping threads took: 0.0004400 seconds
288.353: Application time: 0.0132380 seconds
288.353: [GC [PSYoungGen: 50069K->6605K(51200K)] 117698K->76371K(167936K), 0.0028810 secs] [Times: user=0.02 sys=0.00, real=0.00 secs] 
288.356: Total time for which application threads were stopped: 0.0030570 seconds, Stopping threads took: 0.0000890 seconds
288.366: Application time: 0.0099250 seconds
288.366: [GC [PSYoungGen: 50084K->6636K(51200K)] 119851K->77828K(167936K), 0.0028850 secs] [Times: user=0.02 sys=0.00, real=0.00 secs] 
288.369: Total time for which application threads were stopped: 0.0032860 seconds, Stopping threads took: 0.0003170 seconds
288.384: Application time: 0.0148490 seconds
288.384: [GC [PSYoungGen: 50132K->6636K(51200K)] 121324K->82816K(167936K), 0.0037420 secs] [Times: user=0.03 sys=0.00, real=0.01 secs] 
288.388: Total time for which application threads were stopped: 0.0039280 seconds, Stopping threads took: 0.0000980 seconds
288.402: Application time: 0.0143150 seconds
288.402: [GC [PSYoungGen: 50119K->6636K(51200K)] 126299K->84241K(167936K), 0.0027790 secs] [Times: user=0.02 sys=0.00, real=0.00 secs] 
288.405: Total time for which application threads were stopped: 0.0029560 seconds, Stopping threads took: 0.0000880 seconds
288.557: Application time: 0.1520680 seconds
288.557: [GC [PSYoungGen: 50140K->6668K(51200K)] 127745K->94961K(167936K), 0.0051400 secs] [Times: user=0.04 sys=0.00, real=0.01 secs] 
288.563: Total time for which application threads were stopped: 0.0052980 seconds, Stopping threads took: 0.0000710 seconds
288.744: Application time: 0.1813190 seconds
288.744: [GC [PSYoungGen: 50154K->6700K(51200K)] 138447K->104255K(167936K), 0.0047740 secs] [Times: user=0.03 sys=0.00, real=0.01 secs] 
288.749: Total time for which application threads were stopped: 0.0049510 seconds, Stopping threads took: 0.0000880 seconds
288.948: Application time: 0.1994570 seconds
288.949: [GC [PSYoungGen: 50188K->6700K(51200K)] 147744K->112806K(167936K), 0.0044800 secs] [Times: user=0.03 sys=0.00, real=0.00 secs] 
288.953: [Full GC [PSYoungGen: 6700K->0K(51200K)] [ParOldGen: 106105K->27015K(116736K)] 112806K->27015K(167936K) [PSPermGen: 6111K->6111K(21504K)], 0.0100930 secs] [Times: user=0.06 sys=0.00, real=0.01 secs] 
288.963: Total time for which application threads were stopped: 0.0149130 seconds, Stopping threads took: 0.0001800 seconds
289.141: Application time: 0.1781450 seconds
289.142: [GC [PSYoungGen: 43489K->6508K(51200K)] 70504K->42074K(167936K), 0.0044780 secs] [Times: user=0.04 sys=0.00, real=0.01 secs] 
289.146: Total time for which application threads were stopped: 0.0046310 seconds, Stopping threads took: 0.0000640 seconds
289.324: Application time: 0.1776860 seconds
289.324: [GC [PSYoungGen: 49989K->7157K(51200K)] 85554K->51289K(167936K), 0.0047260 secs] [Times: user=0.03 sys=0.00, real=0.01 secs] 
289.329: Total time for which application threads were stopped: 0.0048780 seconds, Stopping threads took: 0.0000620 seconds
289.497: Application time: 0.1685090 seconds
289.497: [GC [PSYoungGen: 50680K->6636K(51200K)] 94812K->62169K(167936K), 0.0052500 secs] [Times: user=0.04 sys=0.00, real=0.01 secs] 
289.503: Total time for which application threads were stopped: 0.0054130 seconds, Stopping threads took: 0.0000700 seconds
289.667: Application time: 0.1645220 seconds
289.667: [GC [PSYoungGen: 50117K->6604K(51200K)] 105650K->71400K(167936K), 0.0047890 secs] [Times: user=0.03 sys=0.00, real=0.00 secs] 
289.672: Total time for which application threads were stopped: 0.0049530 seconds, Stopping threads took: 0.0000770 seconds
289.841: Application time: 0.1687040 seconds
289.841: [GC [PSYoungGen: 50103K->6668K(51200K)] 114899K->82864K(167936K), 0.0053480 secs] [Times: user=0.04 sys=0.00, real=0.01 secs] 
289.846: Total time for which application threads were stopped: 0.0054910 seconds, Stopping threads took: 0.0000570 seconds
290.009: Application time: 0.1627550 seconds
290.009: [GC [PSYoungGen: 50159K->6669K(51200K)] 126355K->92840K(167936K), 0.0049200 secs] [Times: user=0.04 sys=0.00, real=0.00 secs] 
290.014: Total time for which application threads were stopped: 0.0050820 seconds, Stopping threads took: 0.0000560 seconds
290.172: Application time: 0.1582590 seconds
290.172: [GC [PSYoungGen: 50151K->6668K(51200K)] 136322K->102103K(167936K), 0.0048270 secs] [Times: user=0.03 sys=0.00, real=0.00 secs] 
290.177: Total time for which application threads were stopped: 0.0049780 seconds, Stopping threads took: 0.0000630 seconds
290.337: Application time: 0.1592940 seconds
290.337: [GC [PSYoungGen: 50159K->6669K(51200K)] 145594K->111367K(167936K), 0.0047370 secs] [Times: user=0.04 sys=0.00, real=0.01 secs] 
290.342: [Full GC [PSYoungGen: 6669K->0K(51200K)] [ParOldGen: 104698K->26303K(116736K)] 111367K->26303K(167936K) [PSPermGen: 6111K->6111K(21504K)], 0.0099710 secs] [Times: user=0.05 sys=0.00, real=0.01 secs] 
290.352: Total time for which application threads were stopped: 0.0149340 seconds, Stopping threads took: 0.0000870 seconds
290.511: Application time: 0.1594300 seconds
290.511: [GC [PSYoungGen: 43534K->6605K(51200K)] 69838K->42172K(167936K), 0.0046830 secs] [Times: user=0.04 sys=0.00, real=0.00 secs] 
290.516: Total time for which application threads were stopped: 0.0048520 seconds, Stopping threads took: 0.0000650 seconds
290.535: Application time: 0.0188090 seconds
290.535: [GC [PSYoungGen: 50089K->6605K(51200K)] 85656K->47159K(167936K), 0.0037720 secs] [Times: user=0.02 sys=0.00, real=0.01 secs] 
290.539: Total time for which application threads were stopped: 0.0039420 seconds, Stopping threads took: 0.0000820 seconds
290.558: Application time: 0.0193160 seconds
290.558: [GC [PSYoungGen: 50084K->6605K(51200K)] 90639K->47160K(167936K), 0.0024000 secs] [Times: user=0.01 sys=0.00, real=0.00 secs] 
290.560: Total time for which application threads were stopped: 0.0025600 seconds, Stopping threads took: 0.0000800 seconds
290.578: Application time: 0.0178040 seconds
290.578: [GC [PSYoungGen: 50098K->6637K(51200K)] 90653K->49329K(167936K), 0.0026860 secs] [Times: user=0.02 sys=0.00, real=0.00 secs] 
290.581: Total time for which application threads were stopped: 0.0028320 seconds, Stopping threads took: 0.0000610 seconds
290.731: Application time: 0.1502260 seconds
290.731: [GC [PSYoungGen: 50119K->6541K(51200K)] 92812K->58496K(167936K), 0.0047810 secs] [Times: user=0.04 sys=0.00, real=0.00 secs] 
290.736: Total time for which application threads were stopped: 0.0049330 seconds, Stopping threads took: 0.0000600 seconds
290.888: Application time: 0.1517240 seconds
290.888: [GC [PSYoungGen: 50040K->6669K(51200K)] 101996K->70025K(167936K), 0.0053050 secs] [Times: user=0.04 sys=0.00, real=0.00 secs] 
290.893: Total time for which application threads were stopped: 0.0054800 seconds, Stopping threads took: 0.0000880 seconds
290.943: Application time: 0.0493900 seconds
290.943: [GC [PSYoungGen: 50184K->6700K(51200K)] 113541K->78608K(167936K), 0.0047210 secs] [Times: user=0.04 sys=0.00, real=0.01 secs] 
290.948: Total time for which application threads were stopped: 0.0049000 seconds, Stopping threads took: 0.0000850 seconds
290.965: Application time: 0.0169010 seconds
290.965: [GC [PSYoungGen: 50178K->6669K(51200K)] 122085K->78576K(167936K), 0.0023570 secs] [Times: user=0.02 sys=0.00, real=0.01 secs] 
290.967: Total time for which application threads were stopped: 0.0025240 seconds, Stopping threads took: 0.0000860 seconds
290.981: Application time: 0.0134170 seconds
290.981: [GC [PSYoungGen: 50154K->6637K(51200K)] 122061K->82107K(167936K), 0.0033870 secs] [Times: user=0.02 sys=0.00, real=0.00 secs] 
290.984: Total time for which application threads were stopped: 0.0035600 seconds, Stopping threads took: 0.0000840 seconds
291.088: Application time: 0.1042150 seconds
291.089: [GC [PSYoungGen: 50127K->6669K(51200K)] 125598K->92115K(167936K), 0.0050230 secs] [Times: user=0.04 sys=0.00, real=0.00 secs] 
291.094: Total time for which application threads were stopped: 0.0052130 seconds, Stopping threads took: 0.0000920 seconds
291.246: Application time: 0.1523700 seconds
291.246: [GC [PSYoungGen: 50151K->6700K(51200K)] 135597K->102122K(167936K), 0.0050190 secs] [Times: user=0.03 sys=0.00, real=0.00 secs] 
291.251: Total time for which application threads were stopped: 0.0051740 seconds, Stopping threads took: 0.0000680 seconds
291.346: Application time: 0.0953120 seconds
291.347: [GC [PSYoungGen: 50225K->6732K(51200K)] 145647K->112130K(167936K), 0.0051400 secs] [Times: user=0.04 sys=0.00, real=0.00 secs] 
291.352: [Full GC [PSYoungGen: 6732K->0K(51200K)] [ParOldGen: 105397K->27247K(116736K)] 112130K->27247K(167936K) [PSPermGen: 6111K->6111K(21504K)], 0.0098800 secs] [Times: user=0.05 sys=0.00, real=0.01 secs] 
291.362: Total time for which application threads were stopped: 0.0152350 seconds, Stopping threads took: 0.0000730 seconds
291.378: Application time: 0.0161930 seconds
291.378: [GC [PSYoungGen: 43484K->3722K(51200K)] 70732K->30970K(167936K), 0.0014170 secs] [Times: user=0.01 sys=0.00, real=0.00 secs] 
291.380: Total time for which application threads were stopped: 0.0015840 seconds, Stopping threads took: 0.0000930 seconds
291.396: Application time: 0.0160050 seconds
291.396: [GC [PSYoungGen: 47204K->4435K(51200K)] 74451K->31683K(167936K), 0.0016810 secs] [Times: user=0.01 sys=0.00, real=0.00 secs] 
291.397: Total time for which application threads were stopped: 0.0018490 seconds, Stopping threads took: 0.0000900 seconds
291.493: Application time: 0.0956780 seconds
291.493: [GC [PSYoungGen: 47934K->6604K(51200K)] 75181K->43828K(167936K), 0.0048550 secs] [Times: user=0.04 sys=0.00, real=0.01 secs] 
291.498: Total time for which application threads were stopped: 0.0050160 seconds, Stopping threads took: 0.0000700 seconds
291.541: Application time: 0.0433980 seconds
291.542: [GC [PSYoungGen: 50121K->6572K(51200K)] 87345K->52346K(167936K), 0.0047890 secs] [Times: user=0.03 sys=0.01, real=0.01 secs] 
291.546: Total time for which application threads were stopped: 0.0049890 seconds, Stopping threads took: 0.0001080 seconds
291.562: Application time: 0.0159950 seconds
291.563: [GC [PSYoungGen: 50049K->6636K(51200K)] 95823K->53835K(167936K), 0.0027370 secs] [Times: user=0.02 sys=0.00, real=0.00 secs] 
291.565: Total time for which application threads were stopped: 0.0028950 seconds, Stopping threads took: 0.0000730 seconds
291.580: Application time: 0.0151380 seconds
291.581: [GC [PSYoungGen: 50120K->6572K(51200K)] 97318K->55909K(167936K), 0.0029270 secs] [Times: user=0.02 sys=0.00, real=0.00 secs] 
291.584: Total time for which application threads were stopped: 0.0031050 seconds, Stopping threads took: 0.0000910 seconds
291.697: Application time: 0.1136340 seconds
291.697: [GC [PSYoungGen: 50070K->6636K(51200K)] 99407K->66661K(167936K), 0.0051520 secs] [Times: user=0.04 sys=0.00, real=0.01 secs] 
291.703: Total time for which application threads were stopped: 0.0053310 seconds, Stopping threads took: 0.0000800 seconds
291.786: Application time: 0.0834700 seconds
291.786: [GC [PSYoungGen: 50182K->6700K(51200K)] 110206K->75988K(167936K), 0.0048880 secs] [Times: user=0.03 sys=0.00, real=0.00 secs] 
291.791: Total time for which application threads were stopped: 0.0050600 seconds, Stopping threads took: 0.0000810 seconds
291.803: Application time: 0.0116990 seconds
291.803: [GC [PSYoungGen: 50178K->6700K(51200K)] 119466K->77413K(167936K), 0.0028130 secs] [Times: user=0.02 sys=0.00, real=0.01 secs] 
291.806: Total time for which application threads were stopped: 0.0029740 seconds, Stopping threads took: 0.0000760 seconds
291.817: Application time: 0.0114550 seconds
291.818: [GC [PSYoungGen: 50185K->6684K(51200K)] 120897K->80959K(167936K), 0.0033200 secs] [Times: user=0.02 sys=0.00, real=0.00 secs] 
291.821: Total time for which application threads were stopped: 0.0038720 seconds, Stopping threads took: 0.0004680 seconds
291.833: Application time: 0.0119490 seconds
291.833: [GC [PSYoungGen: 50166K->6636K(51200K)] 124441K->83049K(167936K), 0.0029800 secs] [Times: user=0.02 sys=0.00, real=0.00 secs] 
291.836: Total time for which application threads were stopped: 0.0031760 seconds, Stopping threads took: 0.0001010 seconds
291.846: Application time: 0.0094040 seconds
291.846: [GC [PSYoungGen: 50121K->6669K(51200K)] 126533K->84506K(167936K), 0.0027580 secs] [Times: user=0.02 sys=0.00, real=0.00 secs] 
291.849: Total time for which application threads were stopped: 0.0029300 seconds, Stopping threads took: 0.0000830 seconds
291.859: Application time: 0.0107180 seconds
291.859: [GC [PSYoungGen: 50161K->6733K(51200K)] 127998K->88133K(167936K), 0.0033950 secs] [Times: user=0.02 sys=0.00, real=0.00 secs] 
291.863: Total time for which application threads were stopped: 0.0035710 seconds, Stopping threads took: 0.0000860 seconds
291.997: Application time: 0.1345230 seconds
291.997: [GC [PSYoungGen: 50229K->6732K(51200K)] 131629K->98108K(167936K), 0.0049490 secs] [Times: user=0.03 sys=0.00, real=0.01 secs] 
292.002: Total time for which application threads were stopped: 0.0051060 seconds, Stopping threads took: 0.0000690 seconds
292.173: Application time: 0.1708350 seconds
292.173: [GC [PSYoungGen: 50212K->6732K(51200K)] 141588K->107370K(167936K), 0.0047880 secs] [Times: user=0.03 sys=0.01, real=0.01 secs] 
292.178: Total time for which application threads were stopped: 0.0049570 seconds, Stopping threads took: 0.0000790 seconds
292.336: Application time: 0.1573090 seconds
292.336: [GC [PSYoungGen: 50247K->6764K(51200K)] 150885K->117378K(167936K), 0.0050660 secs] [Times: user=0.04 sys=0.00, real=0.01 secs] 
292.341: [Full GC [PSYoungGen: 6764K->0K(51200K)] [ParOldGen: 110613K->27015K(116736K)] 117378K->27015K(167936K) [PSPermGen: 6111K->6111K(21504K)], 0.0104710 secs] [Times: user=0.05 sys=0.00, real=0.01 secs] 
292.351: Total time for which application threads were stopped: 0.0158000 seconds, Stopping threads took: 0.0001080 seconds
292.368: Application time: 0.0168570 seconds
292.368: [GC [PSYoungGen: 43475K->3690K(51200K)] 70491K->30706K(167936K), 0.0014730 secs] [Times: user=0.01 sys=0.00, real=0.00 secs] 
292.370: Total time for which application threads were stopped: 0.0016230 seconds, Stopping threads took: 0.0000790 seconds
292.389: Application time: 0.0194440 seconds
292.389: [GC [PSYoungGen: 47179K->6605K(51200K)] 74195K->33620K(167936K), 0.0022850 secs] [Times: user=0.02 sys=0.00, real=0.00 secs] 
292.392: Total time for which application threads were stopped: 0.0024650 seconds, Stopping threads took: 0.0000850 seconds
292.445: Application time: 0.0527360 seconds
292.445: [GC [PSYoungGen: 50101K->6508K(51200K)] 77117K->42074K(167936K), 0.0044800 secs] [Times: user=0.03 sys=0.00, real=0.01 secs] 
292.449: Total time for which application threads were stopped: 0.0046260 seconds, Stopping threads took: 0.0000630 seconds
292.516: Application time: 0.0665920 seconds
292.516: [GC [PSYoungGen: 50023K->6572K(51200K)] 85588K->49976K(167936K), 0.0045710 secs] [Times: user=0.03 sys=0.00, real=0.01 secs] 
292.521: Total time for which application threads were stopped: 0.0047750 seconds, Stopping threads took: 0.0001120 seconds
292.536: Application time: 0.0158730 seconds
292.537: [GC [PSYoungGen: 50051K->6636K(51200K)] 93455K->53602K(167936K), 0.0033370 secs] [Times: user=0.02 sys=0.00, real=0.01 secs] 
292.540: Total time for which application threads were stopped: 0.0035090 seconds, Stopping threads took: 0.0000840 seconds
292.553: Application time: 0.0128860 seconds
292.553: [GC [PSYoungGen: 50123K->6572K(51200K)] 97089K->58526K(167936K), 0.0037770 secs] [Times: user=0.02 sys=0.00, real=0.00 secs] 
292.557: Total time for which application threads were stopped: 0.0039570 seconds, Stopping threads took: 0.0000860 seconds
292.705: Application time: 0.1486600 seconds
292.706: [GC [PSYoungGen: 50078K->6636K(51200K)] 102032K->69990K(167936K), 0.0053420 secs] [Times: user=0.04 sys=0.00, real=0.01 secs] 
292.711: Total time for which application threads were stopped: 0.0055010 seconds, Stopping threads took: 0.0000720 seconds
292.883: Application time: 0.1721040 seconds
292.883: [GC [PSYoungGen: 50129K->6636K(51200K)] 113483K->79966K(167936K), 0.0049770 secs] [Times: user=0.04 sys=0.00, real=0.01 secs] 
292.888: Total time for which application threads were stopped: 0.0051370 seconds, Stopping threads took: 0.0000600 seconds
293.091: Application time: 0.2031510 seconds
293.091: [GC [PSYoungGen: 50125K->6668K(51200K)] 123454K->91398K(167936K), 0.0053600 secs] [Times: user=0.04 sys=0.00, real=0.00 secs] 
293.097: Total time for which application threads were stopped: 0.0055150 seconds, Stopping threads took: 0.0000650 seconds
293.279: Application time: 0.1818950 seconds
293.279: [GC [PSYoungGen: 50149K->6668K(51200K)] 134878K->100661K(167936K), 0.0047470 secs] [Times: user=0.03 sys=0.00, real=0.00 secs] 
293.284: Total time for which application threads were stopped: 0.0049020 seconds, Stopping threads took: 0.0000680 seconds
293.453: Application time: 0.1694330 seconds
293.453: [GC [PSYoungGen: 50164K->6700K(51200K)] 144156K->110668K(167936K), 0.0049470 secs] [Times: user=0.03 sys=0.00, real=0.01 secs] 
293.458: [Full GC [PSYoungGen: 6700K->0K(51200K)] [ParOldGen: 103968K->27016K(116736K)] 110668K->27016K(167936K) [PSPermGen: 6111K->6111K(21504K)], 0.0099290 secs] [Times: user=0.06 sys=0.00, real=0.01 secs] 
293.468: Total time for which application threads were stopped: 0.0150910 seconds, Stopping threads took: 0.0000660 seconds
293.676: Application time: 0.2076010 seconds
293.676: [GC [PSYoungGen: 43506K->6572K(51200K)] 70522K->42851K(167936K), 0.0046270 secs] [Times: user=0.03 sys=0.00, real=0.01 secs] 
293.681: Total time for which application threads were stopped: 0.0047870 seconds, Stopping threads took: 0.0000710 seconds
293.838: Application time: 0.1575160 seconds
293.838: [GC [PSYoungGen: 50054K->6604K(51200K)] 86333K->52859K(167936K), 0.0049590 secs] [Times: user=0.04 sys=0.00, real=0.00 secs] 
293.843: Total time for which application threads were stopped: 0.0051480 seconds, Stopping threads took: 0.0000980 seconds
294.000: Application time: 0.1566220 seconds
294.000: [GC [PSYoungGen: 50103K->6636K(51200K)] 96358K->63579K(167936K), 0.0051480 secs] [Times: user=0.04 sys=0.00, real=0.00 secs] 
294.005: Total time for which application threads were stopped: 0.0053380 seconds, Stopping threads took: 0.0000830 seconds
294.160: Application time: 0.1551440 seconds
294.160: [GC [PSYoungGen: 50127K->6636K(51200K)] 107070K->74268K(167936K), 0.0051900 secs] [Times: user=0.04 sys=0.00, real=0.00 secs] 
294.166: Total time for which application threads were stopped: 0.0053480 seconds, Stopping threads took: 0.0000620 seconds
294.327: Application time: 0.1615410 seconds
294.327: [GC [PSYoungGen: 50127K->6637K(51200K)] 117758K->84243K(167936K), 0.0049750 secs] [Times: user=0.03 sys=0.00, real=0.00 secs] 
294.332: Total time for which application threads were stopped: 0.0051270 seconds, Stopping threads took: 0.0000620 seconds
294.491: Application time: 0.1591270 seconds
294.492: [GC [PSYoungGen: 50127K->6637K(51200K)] 127734K->94219K(167936K), 0.0049950 secs] [Times: user=0.03 sys=0.00, real=0.00 secs] 
294.497: Total time for which application threads were stopped: 0.0051490 seconds, Stopping threads took: 0.0000640 seconds
294.623: Application time: 0.1263740 seconds
294.623: [GC [PSYoungGen: 50170K->6701K(51200K)] 137753K->104259K(167936K), 0.0051060 secs] [Times: user=0.03 sys=0.00, real=0.01 secs] 
294.628: Total time for which application threads were stopped: 0.0052800 seconds, Stopping threads took: 0.0000750 seconds
294.644: Application time: 0.0159000 seconds
294.644: [GC [PSYoungGen: 50176K->6669K(51200K)] 147735K->108502K(167936K), 0.0035320 secs] [Times: user=0.03 sys=0.00, real=0.01 secs] 
294.648: [Full GC [PSYoungGen: 6669K->0K(51200K)] [ParOldGen: 101833K->27729K(116736K)] 108502K->27729K(167936K) [PSPermGen: 6111K->6111K(21504K)], 0.0099850 secs] [Times: user=0.05 sys=0.00, real=0.01 secs] 
294.658: Total time for which application threads were stopped: 0.0137420 seconds, Stopping threads took: 0.0000830 seconds
294.676: Application time: 0.0185250 seconds
294.677: [GC [PSYoungGen: 43488K->3722K(51200K)] 71218K->31452K(167936K), 0.0014670 secs] [Times: user=0.01 sys=0.00, real=0.01 secs] 
294.678: Total time for which application threads were stopped: 0.0016800 seconds, Stopping threads took: 0.0001330 seconds
294.701: Application time: 0.0229730 seconds
294.701: [GC [PSYoungGen: 47210K->6541K(51200K)] 74939K->37120K(167936K), 0.0028210 secs] [Times: user=0.02 sys=0.00, real=0.00 secs] 
294.704: Total time for which application threads were stopped: 0.0029780 seconds, Stopping threads took: 0.0000690 seconds
294.861: Application time: 0.1565390 seconds
294.861: [GC [PSYoungGen: 50023K->7157K(51200K)] 80603K->46304K(167936K), 0.0047170 secs] [Times: user=0.04 sys=0.00, real=0.00 secs] 
294.866: Total time for which application threads were stopped: 0.0048770 seconds, Stopping threads took: 0.0000710 seconds
295.004: Application time: 0.1380230 seconds
295.004: [GC [PSYoungGen: 50690K->6605K(51200K)] 89836K->57152K(167936K), 0.0053600 secs] [Times: user=0.04 sys=0.00, real=0.01 secs] 
295.009: Total time for which application threads were stopped: 0.0055230 seconds, Stopping threads took: 0.0000750 seconds
295.027: Application time: 0.0176160 seconds
295.027: [GC [PSYoungGen: 50080K->6573K(51200K)] 100628K->59258K(167936K), 0.0030440 secs] [Times: user=0.02 sys=0.00, real=0.00 secs] 
295.030: Total time for which application threads were stopped: 0.0032150 seconds, Stopping threads took: 0.0000810 seconds
295.047: Application time: 0.0174590 seconds
295.047: [GC [PSYoungGen: 50054K->6573K(51200K)] 102739K->62821K(167936K), 0.0034120 secs] [Times: user=0.03 sys=0.00, real=0.00 secs] 
295.051: Total time for which application threads were stopped: 0.0035910 seconds, Stopping threads took: 0.0000920 seconds
295.064: Application time: 0.0135180 seconds
295.065: [GC [PSYoungGen: 50065K->6605K(51200K)] 106313K->64278K(167936K), 0.0025730 secs] [Times: user=0.02 sys=0.00, real=0.01 secs] 
295.067: Total time for which application threads were stopped: 0.0027400 seconds, Stopping threads took: 0.0000800 seconds
295.220: Application time: 0.1525030 seconds
295.220: [GC [PSYoungGen: 50087K->6605K(51200K)] 107760K->74966K(167936K), 0.0051500 secs] [Times: user=0.04 sys=0.00, real=0.00 secs] 
295.225: Total time for which application threads were stopped: 0.0053340 seconds, Stopping threads took: 0.0000780 seconds
295.356: Application time: 0.1307540 seconds
295.356: [GC [PSYoungGen: 50130K->6700K(51200K)] 118491K->85751K(167936K), 0.0052220 secs] [Times: user=0.04 sys=0.00, real=0.01 secs] 
295.361: Total time for which application threads were stopped: 0.0054120 seconds, Stopping threads took: 0.0000960 seconds
295.378: Application time: 0.0163320 seconds
295.378: [GC [PSYoungGen: 50176K->6636K(51200K)] 129226K->89962K(167936K), 0.0034850 secs] [Times: user=0.02 sys=0.00, real=0.00 secs] 
295.381: Total time for which application threads were stopped: 0.0037840 seconds, Stopping threads took: 0.0002100 seconds
295.399: Application time: 0.0174670 seconds
295.399: [GC [PSYoungGen: 50119K->6669K(51200K)] 133445K->94269K(167936K), 0.0035530 secs] [Times: user=0.03 sys=0.00, real=0.00 secs] 
295.403: Total time for which application threads were stopped: 0.0037400 seconds, Stopping threads took: 0.0000930 seconds
295.415: Application time: 0.0127880 seconds
295.415: [GC [PSYoungGen: 50150K->6636K(51200K)] 137751K->94237K(167936K), 0.0023610 secs] [Times: user=0.02 sys=0.00, real=0.01 secs] 
295.418: Total time for which application threads were stopped: 0.0025210 seconds, Stopping threads took: 0.0000780 seconds
295.547: Application time: 0.1292370 seconds
295.547: [GC [PSYoungGen: 50171K->6732K(51200K)] 137771K->105021K(167936K), 0.0053220 secs] [Times: user=0.04 sys=0.00, real=0.00 secs] 
295.553: Total time for which application threads were stopped: 0.0054760 seconds, Stopping threads took: 0.0000640 seconds
295.568: Application time: 0.0156200 seconds
295.570: [GC [PSYoungGen: 50210K->6700K(51200K)] 148499K->105702K(167936K), 0.0024800 secs] [Times: user=0.02 sys=0.00, real=0.00 secs] 
295.572: Total time for which application threads were stopped: 0.0040470 seconds, Stopping threads took: 0.0014780 seconds
295.590: Application time: 0.0175110 seconds
295.590: [GC [PSYoungGen: 50193K->6669K(51200K)] 149195K->112795K(167936K), 0.0043840 secs] [Times: user=0.03 sys=0.00, real=0.00 secs] 
295.594: [Full GC [PSYoungGen: 6669K->0K(51200K)] [ParOldGen: 106126K->27960K(116736K)] 112795K->27960K(167936K) [PSPermGen: 6111K->6111K(21504K)], 0.0098600 secs] [Times: user=0.05 sys=0.00, real=0.01 secs] 
295.604: Total time for which application threads were stopped: 0.0144530 seconds, Stopping threads took: 0.0000680 seconds
295.657: Application time: 0.0526660 seconds
295.657: [GC [PSYoungGen: 43486K->6572K(51200K)] 71447K->35958K(167936K), 0.0025040 secs] [Times: user=0.02 sys=0.00, real=0.01 secs] 
295.660: Total time for which application threads were stopped: 0.0026620 seconds, Stopping threads took: 0.0000750 seconds
295.833: Application time: 0.1731230 seconds
295.833: [GC [PSYoungGen: 50062K->6572K(51200K)] 79447K->45933K(167936K), 0.0048900 secs] [Times: user=0.03 sys=0.00, real=0.01 secs] 
295.838: Total time for which application threads were stopped: 0.0050680 seconds, Stopping threads took: 0.0000780 seconds
295.920: Application time: 0.0823060 seconds
295.920: [GC [PSYoungGen: 50087K->6604K(51200K)] 89448K->56653K(167936K), 0.0052690 secs] [Times: user=0.03 sys=0.00, real=0.00 secs] 
295.926: Total time for which application threads were stopped: 0.0054580 seconds, Stopping threads took: 0.0000970 seconds
295.940: Application time: 0.0145550 seconds
295.940: [GC [PSYoungGen: 50093K->6572K(51200K)] 100141K->62321K(167936K), 0.0039110 secs] [Times: user=0.03 sys=0.00, real=0.00 secs] 
295.944: Total time for which application threads were stopped: 0.0040790 seconds, Stopping threads took: 0.0000770 seconds
295.960: Application time: 0.0162890 seconds
295.961: [GC [PSYoungGen: 50055K->6605K(51200K)] 105804K->63779K(167936K), 0.0027910 secs] [Times: user=0.02 sys=0.00, real=0.00 secs] 
295.963: Total time for which application threads were stopped: 0.0029610 seconds, Stopping threads took: 0.0000830 seconds
296.032: Application time: 0.0683170 seconds
296.032: [GC [PSYoungGen: 50129K->6604K(51200K)] 107303K->74466K(167936K), 0.0052410 secs] [Times: user=0.04 sys=0.00, real=0.00 secs] 
296.037: Total time for which application threads were stopped: 0.0054060 seconds, Stopping threads took: 0.0000750 seconds
296.054: Application time: 0.0171760 seconds
296.054: [GC [PSYoungGen: 50080K->6604K(51200K)] 117942K->78029K(167936K), 0.0034420 secs] [Times: user=0.02 sys=0.01, real=0.01 secs] 
296.058: Total time for which application threads were stopped: 0.0036110 seconds, Stopping threads took: 0.0000830 seconds
296.076: Application time: 0.0185700 seconds
296.077: [GC [PSYoungGen: 50084K->6668K(51200K)] 121508K->79518K(167936K), 0.0028010 secs] [Times: user=0.02 sys=0.00, real=0.01 secs] 
296.079: Total time for which application threads were stopped: 0.0029720 seconds, Stopping threads took: 0.0000850 seconds
296.095: Application time: 0.0157530 seconds
296.095: [GC [PSYoungGen: 50168K->6668K(51200K)] 123018K->82368K(167936K), 0.0029620 secs] [Times: user=0.02 sys=0.00, real=0.01 secs] 
296.098: Total time for which application threads were stopped: 0.0031300 seconds, Stopping threads took: 0.0000790 seconds
296.225: Application time: 0.1264360 seconds
296.225: [GC [PSYoungGen: 50183K->6668K(51200K)] 125883K->93056K(167936K), 0.0053350 secs] [Times: user=0.04 sys=0.00, real=0.01 secs] 
296.230: Total time for which application threads were stopped: 0.0055010 seconds, Stopping threads took: 0.0000750 seconds
296.248: Application time: 0.0173270 seconds
296.248: [GC [PSYoungGen: 50150K->6668K(51200K)] 136538K->93768K(167936K), 0.0025330 secs] [Times: user=0.02 sys=0.00, real=0.00 secs] 
296.250: Total time for which application threads were stopped: 0.0026870 seconds, Stopping threads took: 0.0000730 seconds
296.267: Application time: 0.0168800 seconds
296.267: [GC [PSYoungGen: 50154K->6701K(51200K)] 137254K->98788K(167936K), 0.0037870 secs] [Times: user=0.03 sys=0.00, real=0.00 secs] 
296.271: Total time for which application threads were stopped: 0.0039580 seconds, Stopping threads took: 0.0000830 seconds
296.345: Application time: 0.0741290 seconds
296.345: [GC [PSYoungGen: 50194K->6732K(51200K)] 142282K->107370K(167936K), 0.0045620 secs] [Times: user=0.03 sys=0.00, real=0.01 secs] 
296.350: Total time for which application threads were stopped: 0.0047240 seconds, Stopping threads took: 0.0000630 seconds
296.509: Application time: 0.1586700 seconds
296.509: [GC [PSYoungGen: 50255K->6668K(51200K)] 150893K->118706K(167936K), 0.0055000 secs] [Times: user=0.05 sys=0.00, real=0.00 secs] 
296.514: [Full GC [PSYoungGen: 6668K->0K(51200K)] [ParOldGen: 112038K->27728K(116736K)] 118706K->27728K(167936K) [PSPermGen: 6111K->6111K(21504K)], 0.0105240 secs] [Times: user=0.05 sys=0.00, real=0.01 secs] 
296.525: Total time for which application threads were stopped: 0.0162570 seconds, Stopping threads took: 0.0000920 seconds
296.542: Application time: 0.0171890 seconds
296.542: [GC [PSYoungGen: 43477K->5860K(51200K)] 71206K->33588K(167936K), 0.0021260 secs] [Times: user=0.01 sys=0.00, real=0.00 secs] 
296.544: Total time for which application threads were stopped: 0.0022940 seconds, Stopping threads took: 0.0000830 seconds
296.563: Application time: 0.0185520 seconds
296.563: [GC [PSYoungGen: 49343K->6508K(51200K)] 77072K->37800K(167936K), 0.0032990 secs] [Times: user=0.03 sys=0.00, real=0.01 secs] 
296.566: Total time for which application threads were stopped: 0.0034730 seconds, Stopping threads took: 0.0000860 seconds
296.596: Application time: 0.0298750 seconds
296.596: [GC [PSYoungGen: 50004K->6540K(51200K)] 81295K->42819K(167936K), 0.0034210 secs] [Times: user=0.02 sys=0.00, real=0.01 secs] 
296.600: Total time for which application threads were stopped: 0.0035650 seconds, Stopping threads took: 0.0000580 seconds
296.780: Application time: 0.1798380 seconds
296.780: [GC [PSYoungGen: 50037K->6572K(51200K)] 86316K->54251K(167936K), 0.0053030 secs] [Times: user=0.04 sys=0.00, real=0.00 secs] 
296.785: Total time for which application threads were stopped: 0.0054660 seconds, Stopping threads took: 0.0000720 seconds
296.984: Application time: 0.1987700 seconds
296.984: [GC [PSYoungGen: 50058K->6604K(51200K)] 97738K->63546K(167936K), 0.0047140 secs] [Times: user=0.04 sys=0.00, real=0.01 secs] 
296.989: Total time for which application threads were stopped: 0.0048900 seconds, Stopping threads took: 0.0000680 seconds
297.162: Application time: 0.1734750 seconds
297.163: [GC [PSYoungGen: 50099K->6604K(51200K)] 107041K->73521K(167936K), 0.0049250 secs] [Times: user=0.04 sys=0.00, real=0.01 secs] 
297.167: Total time for which application threads were stopped: 0.0051420 seconds, Stopping threads took: 0.0001320 seconds
297.353: Application time: 0.1859460 seconds
297.354: [GC [PSYoungGen: 50093K->6668K(51200K)] 117010K->83561K(167936K), 0.0049250 secs] [Times: user=0.03 sys=0.00, real=0.01 secs] 
297.359: Total time for which application threads were stopped: 0.0050730 seconds, Stopping threads took: 0.0000610 seconds
297.568: Application time: 0.2093310 seconds
297.568: [GC [PSYoungGen: 50158K->6668K(51200K)] 127050K->93536K(167936K), 0.0048670 secs] [Times: user=0.04 sys=0.00, real=0.00 secs] 
297.573: Total time for which application threads were stopped: 0.0050360 seconds, Stopping threads took: 0.0000680 seconds
297.722: Application time: 0.1491040 seconds
297.722: [GC [PSYoungGen: 50175K->6668K(51200K)] 137043K->104937K(167936K), 0.0053580 secs] [Times: user=0.04 sys=0.00, real=0.01 secs] 
297.728: Total time for which application threads were stopped: 0.0055060 seconds, Stopping threads took: 0.0000590 seconds
297.919: Application time: 0.1910230 seconds
297.919: [GC [PSYoungGen: 50150K->6668K(51200K)] 148418K->114913K(167936K), 0.0048650 secs] [Times: user=0.03 sys=0.00, real=0.00 secs] 
297.924: [Full GC [PSYoungGen: 6668K->0K(51200K)] [ParOldGen: 108244K->29154K(116736K)] 114913K->29154K(167936K) [PSPermGen: 6111K->6111K(21504K)], 0.0103400 secs] [Times: user=0.06 sys=0.00, real=0.01 secs] 
297.934: Total time for which application threads were stopped: 0.0154140 seconds, Stopping threads took: 0.0000680 seconds
298.094: Application time: 0.1603070 seconds
298.094: [GC [PSYoungGen: 43497K->6508K(51200K)] 72651K->45639K(167936K), 0.0048730 secs] [Times: user=0.04 sys=0.00, real=0.01 secs] 
298.099: Total time for which application threads were stopped: 0.0050390 seconds, Stopping threads took: 0.0000710 seconds
298.247: Application time: 0.1475790 seconds
298.247: [GC [PSYoungGen: 50008K->6573K(51200K)] 89138K->54966K(167936K), 0.0047370 secs] [Times: user=0.03 sys=0.00, real=0.00 secs] 
298.252: Total time for which application threads were stopped: 0.0049130 seconds, Stopping threads took: 0.0000860 seconds
298.406: Application time: 0.1539460 seconds
298.406: [GC [PSYoungGen: 50063K->6637K(51200K)] 98457K->64293K(167936K), 0.0047430 secs] [Times: user=0.04 sys=0.00, real=0.00 secs] 
298.411: Total time for which application threads were stopped: 0.0049220 seconds, Stopping threads took: 0.0000920 seconds
298.565: Application time: 0.1539500 seconds
298.565: [GC [PSYoungGen: 50134K->6669K(51200K)] 107790K->74301K(167936K), 0.0048630 secs] [Times: user=0.04 sys=0.00, real=0.01 secs] 
298.570: Total time for which application threads were stopped: 0.0050320 seconds, Stopping threads took: 0.0000810 seconds
298.643: Application time: 0.0731720 seconds
298.643: [GC [PSYoungGen: 50182K->6700K(51200K)] 117814K->82171K(167936K), 0.0044690 secs] [Times: user=0.03 sys=0.00, real=0.01 secs] 
298.648: Total time for which application threads were stopped: 0.0048860 seconds, Stopping threads took: 0.0003180 seconds
298.663: Application time: 0.0148300 seconds
298.663: [GC [PSYoungGen: 50187K->6669K(51200K)] 125658K->84989K(167936K), 0.0031970 secs] [Times: user=0.02 sys=0.01, real=0.01 secs] 
298.666: Total time for which application threads were stopped: 0.0033970 seconds, Stopping threads took: 0.0001090 seconds
298.680: Application time: 0.0141810 seconds
298.680: [GC [PSYoungGen: 50154K->6669K(51200K)] 128475K->89265K(167936K), 0.0035680 secs] [Times: user=0.03 sys=0.00, real=0.00 secs] 
298.684: Total time for which application threads were stopped: 0.0037370 seconds, Stopping threads took: 0.0000770 seconds
298.769: Application time: 0.0852540 seconds
298.769: [GC [PSYoungGen: 50161K->6701K(51200K)] 132758K->99273K(167936K), 0.0049650 secs] [Times: user=0.04 sys=0.00, real=0.00 secs] 
298.774: Total time for which application threads were stopped: 0.0051180 seconds, Stopping threads took: 0.0000660 seconds
298.928: Application time: 0.1534230 seconds
298.928: [GC [PSYoungGen: 50192K->6701K(51200K)] 142764K->109249K(167936K), 0.0049780 secs] [Times: user=0.03 sys=0.00, real=0.00 secs] 
298.933: [Full GC [PSYoungGen: 6701K->0K(51200K)] [ParOldGen: 102548K->27960K(116736K)] 109249K->27960K(167936K) [PSPermGen: 6111K->6111K(21504K)], 0.0104130 secs] [Times: user=0.06 sys=0.00, real=0.01 secs] 
298.943: Total time for which application threads were stopped: 0.0156190 seconds, Stopping threads took: 0.0000870 seconds
299.097: Application time: 0.1533360 seconds
299.097: [GC [PSYoungGen: 43482K->7125K(51200K)] 71443K->43636K(167936K), 0.0047510 secs] [Times: user=0.03 sys=0.00, real=0.01 secs] 
299.102: Total time for which application threads were stopped: 0.0049150 seconds, Stopping threads took: 0.0000740 seconds
299.159: Application time: 0.0577290 seconds
299.159: [GC [PSYoungGen: 50649K->6572K(51200K)] 87160K->51635K(167936K), 0.0047240 secs] [Times: user=0.04 sys=0.00, real=0.00 secs] 
299.164: Total time for which application threads were stopped: 0.0049290 seconds, Stopping threads took: 0.0000970 seconds
299.179: Application time: 0.0148840 seconds
299.179: [GC [PSYoungGen: 50054K->6541K(51200K)] 95116K->56591K(167936K), 0.0037220 secs] [Times: user=0.02 sys=0.00, real=0.00 secs] 
299.183: Total time for which application threads were stopped: 0.0038770 seconds, Stopping threads took: 0.0000660 seconds
299.197: Application time: 0.0140870 seconds
299.197: [GC [PSYoungGen: 50024K->6605K(51200K)] 100074K->59505K(167936K), 0.0032490 secs] [Times: user=0.02 sys=0.00, real=0.01 secs] 
299.200: Total time for which application threads were stopped: 0.0034280 seconds, Stopping threads took: 0.0000890 seconds
299.309: Application time: 0.1085760 seconds
299.309: [GC [PSYoungGen: 50104K->6572K(51200K)] 103004K->69448K(167936K), 0.0049370 secs] [Times: user=0.04 sys=0.00, real=0.00 secs] 
299.314: Total time for which application threads were stopped: 0.0051150 seconds, Stopping threads took: 0.0000900 seconds
299.365: Application time: 0.0511680 seconds
299.365: [GC [PSYoungGen: 50090K->6604K(51200K)] 112966K->79456K(167936K), 0.0051770 secs] [Times: user=0.04 sys=0.00, real=0.01 secs] 
299.371: Total time for which application threads were stopped: 0.0053530 seconds, Stopping threads took: 0.0000880 seconds
299.389: Application time: 0.0187180 seconds
299.390: [GC [PSYoungGen: 50082K->6637K(51200K)] 122933K->80913K(167936K), 0.0028280 secs] [Times: user=0.02 sys=0.00, real=0.00 secs] 
299.392: Total time for which application threads were stopped: 0.0030000 seconds, Stopping threads took: 0.0000880 seconds
299.406: Application time: 0.0135820 seconds
299.406: [GC [PSYoungGen: 50122K->6669K(51200K)] 124398K->85221K(167936K), 0.0036080 secs] [Times: user=0.02 sys=0.00, real=0.00 secs] 
299.410: Total time for which application threads were stopped: 0.0038050 seconds, Stopping threads took: 0.0001050 seconds
299.525: Application time: 0.1149940 seconds
299.525: [GC [PSYoungGen: 50159K->6668K(51200K)] 128711K->95909K(167936K), 0.0051830 secs] [Times: user=0.04 sys=0.00, real=0.01 secs] 
299.530: Total time for which application threads were stopped: 0.0053540 seconds, Stopping threads took: 0.0000800 seconds
299.582: Application time: 0.0517510 seconds
299.582: [GC [PSYoungGen: 50183K->6716K(51200K)] 139424K->103795K(167936K), 0.0045430 secs] [Times: user=0.03 sys=0.00, real=0.01 secs] 
299.587: Total time for which application threads were stopped: 0.0047120 seconds, Stopping threads took: 0.0000770 seconds
299.603: Application time: 0.0167440 seconds
299.603: [GC [PSYoungGen: 50202K->6733K(51200K)] 147281K->105236K(167936K), 0.0027690 secs] [Times: user=0.02 sys=0.00, real=0.01 secs] 
299.606: Total time for which application threads were stopped: 0.0029320 seconds, Stopping threads took: 0.0000750 seconds
299.619: Application time: 0.0127620 seconds
299.619: [GC [PSYoungGen: 50218K->6668K(51200K)] 148721K->109447K(167936K), 0.0036060 secs] [Times: user=0.03 sys=0.01, real=0.00 secs] 
299.623: [Full GC [PSYoungGen: 6668K->0K(51200K)] [ParOldGen: 102778K->27730K(116736K)] 109447K->27730K(167936K) [PSPermGen: 6111K->6111K(21504K)], 0.0101220 secs] [Times: user=0.05 sys=0.00, real=0.01 secs] 
299.633: Total time for which application threads were stopped: 0.0139530 seconds, Stopping threads took: 0.0000840 seconds
299.775: Application time: 0.1415150 seconds
299.775: [GC [PSYoungGen: 43496K->6604K(51200K)] 71226K->44310K(167936K), 0.0048350 secs] [Times: user=0.03 sys=0.00, real=0.01 secs] 
299.780: Total time for which application threads were stopped: 0.0050250 seconds, Stopping threads took: 0.0000860 seconds
299.931: Application time: 0.1512220 seconds
299.931: [GC [PSYoungGen: 50014K->6556K(51200K)] 87720K->51387K(167936K), 0.0040570 secs] [Times: user=0.03 sys=0.00, real=0.00 secs] 
299.935: Total time for which application threads were stopped: 0.0042430 seconds, Stopping threads took: 0.0001010 seconds
299.957: Application time: 0.0218690 seconds
299.957: [GC [PSYoungGen: 50141K->6572K(51200K)] 94972K->58529K(167936K), 0.0043270 secs] [Times: user=0.03 sys=0.00, real=0.01 secs] 
299.961: Total time for which application threads were stopped: 0.0045140 seconds, Stopping threads took: 0.0000970 seconds
299.978: Application time: 0.0170760 seconds
299.979: [GC [PSYoungGen: 50052K->6572K(51200K)] 102008K->61379K(167936K), 0.0031440 secs] [Times: user=0.02 sys=0.00, real=0.00 secs] 
299.982: Total time for which application threads were stopped: 0.0033240 seconds, Stopping threads took: 0.0000910 seconds
299.995: Application time: 0.0129870 seconds
299.995: [GC [PSYoungGen: 50053K->6636K(51200K)] 104859K->62155K(167936K), 0.0025700 secs] [Times: user=0.02 sys=0.00, real=0.00 secs] 
299.998: Total time for which application threads were stopped: 0.0027430 seconds, Stopping threads took: 0.0000900 seconds
300.113: Application time: 0.1153000 seconds
300.113: [GC [PSYoungGen: 50160K->6604K(51200K)] 105679K->72099K(167936K), 0.0049950 secs] [Times: user=0.03 sys=0.00, real=0.01 secs] 
300.118: Total time for which application threads were stopped: 0.0051870 seconds, Stopping threads took: 0.0001040 seconds
300.134: Application time: 0.0163890 seconds
300.135: [GC [PSYoungGen: 50082K->6604K(51200K)] 115576K->77086K(167936K), 0.0037680 secs] [Times: user=0.03 sys=0.00, real=0.01 secs] 
300.138: Total time for which application threads were stopped: 0.0039390 seconds, Stopping threads took: 0.0000840 seconds
300.158: Application time: 0.0193520 seconds
300.158: [GC [PSYoungGen: 50093K->6620K(51200K)] 120575K->78527K(167936K), 0.0027720 secs] [Times: user=0.02 sys=0.00, real=0.00 secs] 
300.161: Total time for which application threads were stopped: 0.0029250 seconds, Stopping threads took: 0.0000690 seconds
300.205: Application time: 0.0447570 seconds
300.206: [GC [PSYoungGen: 50113K->6636K(51200K)] 122020K->83531K(167936K), 0.0035450 secs] [Times: user=0.02 sys=0.00, real=0.01 secs] 
300.209: Total time for which application threads were stopped: 0.0036980 seconds, Stopping threads took: 0.0000670 seconds
300.304: Application time: 0.0951350 seconds
300.304: [GC [PSYoungGen: 50151K->6668K(51200K)] 127045K->94251K(167936K), 0.0053340 secs] [Times: user=0.04 sys=0.00, real=0.01 secs] 
300.310: Total time for which application threads were stopped: 0.0055330 seconds, Stopping threads took: 0.0000990 seconds
300.327: Application time: 0.0171650 seconds
300.327: [GC [PSYoungGen: 50152K->6668K(51200K)] 137735K->95676K(167936K), 0.0027660 secs] [Times: user=0.02 sys=0.00, real=0.00 secs] 
300.330: Total time for which application threads were stopped: 0.0029190 seconds, Stopping threads took: 0.0000650 seconds
300.346: Application time: 0.0158610 seconds
300.346: [GC [PSYoungGen: 50151K->6620K(51200K)] 139159K->96341K(167936K), 0.0025480 secs] [Times: user=0.01 sys=0.00, real=0.00 secs] 
300.349: Total time for which application threads were stopped: 0.0028450 seconds, Stopping threads took: 0.0002090 seconds
300.440: Application time: 0.0918030 seconds
300.441: [GC [PSYoungGen: 50118K->6764K(51200K)] 139838K->106460K(167936K), 0.0049690 secs] [Times: user=0.04 sys=0.00, real=0.00 secs] 
300.446: Total time for which application threads were stopped: 0.0051250 seconds, Stopping threads took: 0.0000710 seconds
300.601: Application time: 0.1555960 seconds
300.601: [GC [PSYoungGen: 50280K->6764K(51200K)] 149976K->116435K(167936K), 0.0051880 secs] [Times: user=0.04 sys=0.00, real=0.01 secs] 
300.606: [Full GC [PSYoungGen: 6764K->0K(51200K)] [ParOldGen: 109670K->27016K(116736K)] 116435K->27016K(167936K) [PSPermGen: 6111K->6111K(21504K)], 0.0101790 secs] [Times: user=0.06 sys=0.00, real=0.00 secs] 
300.617: Total time for which application threads were stopped: 0.0156070 seconds, Stopping threads took: 0.0000920 seconds
300.631: Application time: 0.0143740 seconds
300.631: [GC [PSYoungGen: 43481K->6540K(51200K)] 70498K->37832K(167936K), 0.0032180 secs] [Times: user=0.02 sys=0.00, real=0.00 secs] 
300.635: Total time for which application threads were stopped: 0.0034410 seconds, Stopping threads took: 0.0001330 seconds
300.654: Application time: 0.0197940 seconds
300.654: [GC [PSYoungGen: 50028K->6572K(51200K)] 81320K->38577K(167936K), 0.0024940 secs] [Times: user=0.02 sys=0.00, real=0.00 secs] 
300.657: Total time for which application threads were stopped: 0.0026600 seconds, Stopping threads took: 0.0000820 seconds
300.717: Application time: 0.0603810 seconds
300.718: [GC [PSYoungGen: 50072K->6572K(51200K)] 82077K->46414K(167936K), 0.0042400 secs] [Times: user=0.03 sys=0.00, real=0.01 secs] 
300.722: Total time for which application threads were stopped: 0.0044440 seconds, Stopping threads took: 0.0001170 seconds
300.899: Application time: 0.1773200 seconds
300.899: [GC [PSYoungGen: 50061K->6540K(51200K)] 89903K->56358K(167936K), 0.0049120 secs] [Times: user=0.03 sys=0.00, real=0.00 secs] 
300.904: Total time for which application threads were stopped: 0.0050830 seconds, Stopping threads took: 0.0000680 seconds
301.115: Application time: 0.2110120 seconds
301.115: [GC [PSYoungGen: 50028K->6668K(51200K)] 99846K->67173K(167936K), 0.0050760 secs] [Times: user=0.04 sys=0.00, real=0.01 secs] 
301.120: Total time for which application threads were stopped: 0.0052260 seconds, Stopping threads took: 0.0000600 seconds
301.282: Application time: 0.1615860 seconds
301.282: [GC [PSYoungGen: 50165K->6636K(51200K)] 110670K->78542K(167936K), 0.0053400 secs] [Times: user=0.04 sys=0.00, real=0.01 secs] 
301.288: Total time for which application threads were stopped: 0.0055000 seconds, Stopping threads took: 0.0000720 seconds
301.454: Application time: 0.1660940 seconds
301.454: [GC [PSYoungGen: 50134K->6668K(51200K)] 122039K->89262K(167936K), 0.0051460 secs] [Times: user=0.04 sys=0.00, real=0.01 secs] 
301.459: Total time for which application threads were stopped: 0.0053180 seconds, Stopping threads took: 0.0000710 seconds
301.663: Application time: 0.2043160 seconds
301.663: [GC [PSYoungGen: 50164K->6668K(51200K)] 132757K->99237K(167936K), 0.0048870 secs] [Times: user=0.04 sys=0.00, real=0.01 secs] 
301.668: Total time for which application threads were stopped: 0.0050370 seconds, Stopping threads took: 0.0000570 seconds
301.849: Application time: 0.1803050 seconds
301.849: [GC [PSYoungGen: 50158K->6668K(51200K)] 142727K->109213K(167936K), 0.0049350 secs] [Times: user=0.04 sys=0.00, real=0.00 secs] 
301.854: [Full GC [PSYoungGen: 6668K->0K(51200K)] [ParOldGen: 102544K->28442K(116736K)] 109213K->28442K(167936K) [PSPermGen: 6111K->6111K(21504K)], 0.0103670 secs] [Times: user=0.05 sys=0.00, real=0.01 secs] 
301.864: Total time for which application threads were stopped: 0.0155040 seconds, Stopping threads took: 0.0000640 seconds
302.029: Application time: 0.1651070 seconds
302.029: [GC [PSYoungGen: 43490K->7157K(51200K)] 71932K->44166K(167936K), 0.0047840 secs] [Times: user=0.04 sys=0.00, real=0.00 secs] 
302.034: Total time for which application threads were stopped: 0.0049510 seconds, Stopping threads took: 0.0000660 seconds
302.193: Application time: 0.1592360 seconds
302.194: [GC [PSYoungGen: 50647K->6508K(51200K)] 87656K->52781K(167936K), 0.0047280 secs] [Times: user=0.03 sys=0.00, real=0.01 secs] 
302.198: Total time for which application threads were stopped: 0.0048870 seconds, Stopping threads took: 0.0000700 seconds
302.346: Application time: 0.1477310 seconds
302.346: [GC [PSYoungGen: 50008K->6540K(51200K)] 96280K->63501K(167936K), 0.0050650 secs] [Times: user=0.03 sys=0.00, real=0.00 secs] 
302.351: Total time for which application threads were stopped: 0.0052580 seconds, Stopping threads took: 0.0001050 seconds
302.505: Application time: 0.1535030 seconds
302.505: [GC [PSYoungGen: 50031K->6573K(51200K)] 106992K->74222K(167936K), 0.0050860 secs] [Times: user=0.04 sys=0.00, real=0.01 secs] 
302.510: Total time for which application threads were stopped: 0.0052420 seconds, Stopping threads took: 0.0000680 seconds
302.650: Application time: 0.1401290 seconds
302.650: [GC [PSYoungGen: 50105K->6668K(51200K)] 117754K->85006K(167936K), 0.0051550 secs] [Times: user=0.04 sys=0.00, real=0.00 secs] 
302.656: Total time for which application threads were stopped: 0.0053200 seconds, Stopping threads took: 0.0000650 seconds
302.673: Application time: 0.0173930 seconds
302.673: [GC [PSYoungGen: 50146K->6669K(51200K)] 128484K->87856K(167936K), 0.0030440 secs] [Times: user=0.02 sys=0.00, real=0.00 secs] 
302.676: Total time for which application threads were stopped: 0.0033570 seconds, Stopping threads took: 0.0002200 seconds
302.693: Application time: 0.0171110 seconds
302.694: [GC [PSYoungGen: 50151K->6669K(51200K)] 131339K->90707K(167936K), 0.0031750 secs] [Times: user=0.02 sys=0.00, real=0.00 secs] 
302.697: Total time for which application threads were stopped: 0.0033440 seconds, Stopping threads took: 0.0000790 seconds
302.709: Application time: 0.0125150 seconds
302.709: [GC [PSYoungGen: 50151K->6669K(51200K)] 134189K->92845K(167936K), 0.0029750 secs] [Times: user=0.02 sys=0.00, real=0.00 secs] 
302.712: Total time for which application threads were stopped: 0.0031480 seconds, Stopping threads took: 0.0000830 seconds
302.852: Application time: 0.1399830 seconds
302.853: [GC [PSYoungGen: 50160K->6701K(51200K)] 136336K->102852K(167936K), 0.0049570 secs] [Times: user=0.03 sys=0.00, real=0.00 secs] 
302.858: Total time for which application threads were stopped: 0.0051220 seconds, Stopping threads took: 0.0000750 seconds
303.006: Application time: 0.1483670 seconds
303.006: [GC [PSYoungGen: 50192K->6701K(51200K)] 146344K->112828K(167936K), 0.0050370 secs] [Times: user=0.04 sys=0.00, real=0.00 secs] 
303.011: [Full GC [PSYoungGen: 6701K->0K(51200K)] [ParOldGen: 106127K->27960K(116736K)] 112828K->27960K(167936K) [PSPermGen: 6111K->6111K(21504K)], 0.0102120 secs] [Times: user=0.05 sys=0.00, real=0.01 secs] 
303.021: Total time for which application threads were stopped: 0.0154760 seconds, Stopping threads took: 0.0000870 seconds
303.193: Application time: 0.1713740 seconds
303.193: [GC [PSYoungGen: 43491K->6541K(51200K)] 71451K->42339K(167936K), 0.0041640 secs] [Times: user=0.03 sys=0.00, real=0.00 secs] 
303.197: Total time for which application threads were stopped: 0.0043500 seconds, Stopping threads took: 0.0000890 seconds
303.225: Application time: 0.0276730 seconds
303.225: [GC [PSYoungGen: 50054K->6572K(51200K)] 85852K->48072K(167936K), 0.0039430 secs] [Times: user=0.03 sys=0.00, real=0.01 secs] 
303.229: Total time for which application threads were stopped: 0.0041550 seconds, Stopping threads took: 0.0001160 seconds
303.245: Application time: 0.0160410 seconds
303.245: [GC [PSYoungGen: 50052K->6541K(51200K)] 91551K->51603K(167936K), 0.0033810 secs] [Times: user=0.03 sys=0.00, real=0.01 secs] 
303.249: Total time for which application threads were stopped: 0.0035680 seconds, Stopping threads took: 0.0000950 seconds
303.262: Application time: 0.0134970 seconds
303.262: [GC [PSYoungGen: 50024K->6605K(51200K)] 95086K->53092K(167936K), 0.0027560 secs] [Times: user=0.02 sys=0.00, real=0.00 secs] 
303.265: Total time for which application threads were stopped: 0.0029600 seconds, Stopping threads took: 0.0001060 seconds
303.407: Application time: 0.1420900 seconds
303.407: [GC [PSYoungGen: 50104K->6572K(51200K)] 96591K->63748K(167936K), 0.0051020 secs] [Times: user=0.04 sys=0.00, real=0.00 secs] 
303.412: Total time for which application threads were stopped: 0.0052570 seconds, Stopping threads took: 0.0000680 seconds
303.447: Application time: 0.0345750 seconds
303.447: [GC [PSYoungGen: 50087K->6700K(51200K)] 107263K->71714K(167936K), 0.0044940 secs] [Times: user=0.03 sys=0.00, real=0.00 secs] 
303.452: Total time for which application threads were stopped: 0.0046590 seconds, Stopping threads took: 0.0000750 seconds
303.468: Application time: 0.0166490 seconds
303.468: [GC [PSYoungGen: 50176K->6621K(51200K)] 115189K->72347K(167936K), 0.0025860 secs] [Times: user=0.02 sys=0.00, real=0.00 secs] 
303.471: Total time for which application threads were stopped: 0.0027640 seconds, Stopping threads took: 0.0000950 seconds
303.485: Application time: 0.0139290 seconds
303.485: [GC [PSYoungGen: 50103K->6605K(51200K)] 115829K->73756K(167936K), 0.0027890 secs] [Times: user=0.02 sys=0.00, real=0.01 secs] 
303.488: Total time for which application threads were stopped: 0.0029710 seconds, Stopping threads took: 0.0000910 seconds
303.605: Application time: 0.1174640 seconds
303.605: [GC [PSYoungGen: 50104K->6636K(51200K)] 117255K->83763K(167936K), 0.0048910 secs] [Times: user=0.04 sys=0.01, real=0.01 secs] 
303.610: Total time for which application threads were stopped: 0.0050480 seconds, Stopping threads took: 0.0000680 seconds
303.675: Application time: 0.0643560 seconds
303.675: [GC [PSYoungGen: 50153K->6668K(51200K)] 127280K->93058K(167936K), 0.0048890 secs] [Times: user=0.04 sys=0.00, real=0.01 secs] 
303.680: Total time for which application threads were stopped: 0.0050490 seconds, Stopping threads took: 0.0000710 seconds
303.694: Application time: 0.0141190 seconds
303.695: [GC [PSYoungGen: 50149K->6652K(51200K)] 136539K->96605K(167936K), 0.0033000 secs] [Times: user=0.03 sys=0.00, real=0.01 secs] 
303.698: Total time for which application threads were stopped: 0.0042570 seconds, Stopping threads took: 0.0008590 seconds
303.713: Application time: 0.0147800 seconds
303.713: [GC [PSYoungGen: 50134K->6668K(51200K)] 140086K->98046K(167936K), 0.0027820 secs] [Times: user=0.02 sys=0.00, real=0.00 secs] 
303.716: Total time for which application threads were stopped: 0.0029560 seconds, Stopping threads took: 0.0000830 seconds
303.837: Application time: 0.1208610 seconds
303.837: [GC [PSYoungGen: 50165K->6732K(51200K)] 141542K->108085K(167936K), 0.0049710 secs] [Times: user=0.03 sys=0.00, real=0.01 secs] 
303.842: [Full GC [PSYoungGen: 6732K->0K(51200K)] [ParOldGen: 101353K->27730K(116736K)] 108085K->27730K(167936K) [PSPermGen: 6111K->6111K(21504K)], 0.0102030 secs] [Times: user=0.06 sys=0.00, real=0.01 secs] 
303.852: Total time for which application threads were stopped: 0.0153880 seconds, Stopping threads took: 0.0000690 seconds
303.943: Application time: 0.0911450 seconds
303.943: [GC [PSYoungGen: 43514K->7157K(51200K)] 71245K->44150K(167936K), 0.0050360 secs] [Times: user=0.04 sys=0.00, real=0.01 secs] 
303.949: Total time for which application threads were stopped: 0.0052200 seconds, Stopping threads took: 0.0000900 seconds
303.964: Application time: 0.0155130 seconds
303.964: [GC [PSYoungGen: 50643K->7157K(51200K)] 87637K->47048K(167936K), 0.0032970 secs] [Times: user=0.02 sys=0.00, real=0.01 secs] 
303.968: Total time for which application threads were stopped: 0.0034730 seconds, Stopping threads took: 0.0000890 seconds
303.984: Application time: 0.0161030 seconds
303.984: [GC [PSYoungGen: 50640K->7157K(51200K)] 90531K->49210K(167936K), 0.0031330 secs] [Times: user=0.03 sys=0.00, real=0.01 secs] 
303.987: Total time for which application threads were stopped: 0.0033060 seconds, Stopping threads took: 0.0000870 seconds
304.079: Application time: 0.0916350 seconds
304.079: [GC [PSYoungGen: 50649K->6476K(51200K)] 92702K->58505K(167936K), 0.0048350 secs] [Times: user=0.03 sys=0.00, real=0.00 secs] 
304.084: Total time for which application threads were stopped: 0.0049870 seconds, Stopping threads took: 0.0000580 seconds
304.163: Application time: 0.0791900 seconds
304.163: [GC [PSYoungGen: 49991K->6476K(51200K)] 102019K->68480K(167936K), 0.0050870 secs] [Times: user=0.04 sys=0.00, real=0.01 secs] 
304.168: Total time for which application threads were stopped: 0.0052490 seconds, Stopping threads took: 0.0000710 seconds
304.184: Application time: 0.0155060 seconds
304.184: [GC [PSYoungGen: 49961K->6508K(51200K)] 111965K->69937K(167936K), 0.0027610 secs] [Times: user=0.01 sys=0.00, real=0.01 secs] 
304.186: Total time for which application threads were stopped: 0.0029320 seconds, Stopping threads took: 0.0000840 seconds
304.201: Application time: 0.0146650 seconds
304.201: [GC [PSYoungGen: 49992K->6572K(51200K)] 113421K->70714K(167936K), 0.0024550 secs] [Times: user=0.02 sys=0.00, real=0.00 secs] 
304.204: Total time for which application threads were stopped: 0.0026780 seconds, Stopping threads took: 0.0001230 seconds
304.325: Application time: 0.1210260 seconds
304.325: [GC [PSYoungGen: 50067K->6572K(51200K)] 114209K->80689K(167936K), 0.0049310 secs] [Times: user=0.03 sys=0.00, real=0.01 secs] 
304.330: Total time for which application threads were stopped: 0.0050850 seconds, Stopping threads took: 0.0000640 seconds
304.385: Application time: 0.0546660 seconds
304.385: [GC [PSYoungGen: 50087K->6604K(51200K)] 124204K->90696K(167936K), 0.0049700 secs] [Times: user=0.03 sys=0.00, real=0.01 secs] 
304.390: Total time for which application threads were stopped: 0.0051640 seconds, Stopping threads took: 0.0001030 seconds
304.406: Application time: 0.0163900 seconds
304.406: [GC [PSYoungGen: 50087K->6604K(51200K)] 134180K->91409K(167936K), 0.0025790 secs] [Times: user=0.01 sys=0.00, real=0.00 secs] 
304.409: Total time for which application threads were stopped: 0.0027430 seconds, Stopping threads took: 0.0000810 seconds
304.423: Application time: 0.0139650 seconds
304.423: [GC [PSYoungGen: 50087K->6604K(51200K)] 134892K->94259K(167936K), 0.0031540 secs] [Times: user=0.02 sys=0.00, real=0.01 secs] 
304.426: Total time for which application threads were stopped: 0.0033200 seconds, Stopping threads took: 0.0000830 seconds
304.558: Application time: 0.1318140 seconds
304.558: [GC [PSYoungGen: 50099K->6636K(51200K)] 137755K->104979K(167936K), 0.0051430 secs] [Times: user=0.04 sys=0.00, real=0.00 secs] 
304.563: Total time for which application threads were stopped: 0.0052960 seconds, Stopping threads took: 0.0000660 seconds
304.624: Application time: 0.0610610 seconds
304.625: [GC [PSYoungGen: 50152K->6732K(51200K)] 148495K->114338K(167936K), 0.0049250 secs] [Times: user=0.04 sys=0.00, real=0.01 secs] 
304.629: [Full GC [PSYoungGen: 6732K->0K(51200K)] [ParOldGen: 107605K->27017K(116736K)] 114338K->27017K(167936K) [PSPermGen: 6111K->6111K(21504K)], 0.0101780 secs] [Times: user=0.05 sys=0.00, real=0.01 secs] 
304.640: Total time for which application threads were stopped: 0.0153280 seconds, Stopping threads took: 0.0000800 seconds
304.657: Application time: 0.0168950 seconds
304.657: [GC [PSYoungGen: 43477K->3722K(51200K)] 70494K->30740K(167936K), 0.0014470 secs] [Times: user=0.01 sys=0.00, real=0.01 secs] 
304.658: Total time for which application threads were stopped: 0.0016120 seconds, Stopping threads took: 0.0000910 seconds
304.671: Application time: 0.0132030 seconds
304.672: [GC [PSYoungGen: 47205K->6540K(51200K)] 74222K->33558K(167936K), 0.0022610 secs] [Times: user=0.02 sys=0.00, real=0.00 secs] 
304.674: Total time for which application threads were stopped: 0.0024280 seconds, Stopping threads took: 0.0000860 seconds
304.830: Application time: 0.1559240 seconds
304.830: [GC [PSYoungGen: 50043K->6604K(51200K)] 77061K->43597K(167936K), 0.0049080 secs] [Times: user=0.03 sys=0.00, real=0.00 secs] 
304.835: Total time for which application threads were stopped: 0.0050720 seconds, Stopping threads took: 0.0000670 seconds
305.058: Application time: 0.2232170 seconds
305.058: [GC [PSYoungGen: 50092K->6604K(51200K)] 87085K->54284K(167936K), 0.0051170 secs] [Times: user=0.03 sys=0.00, real=0.00 secs] 
305.063: Total time for which application threads were stopped: 0.0052730 seconds, Stopping threads took: 0.0000670 seconds
305.243: Application time: 0.1792190 seconds
305.243: [GC [PSYoungGen: 50084K->6668K(51200K)] 97765K->63611K(167936K), 0.0047360 secs] [Times: user=0.04 sys=0.00, real=0.01 secs] 
305.247: Total time for which application threads were stopped: 0.0048880 seconds, Stopping threads took: 0.0000590 seconds
305.455: Application time: 0.2078650 seconds
305.455: [GC [PSYoungGen: 50165K->6636K(51200K)] 107108K->74267K(167936K), 0.0050450 secs] [Times: user=0.04 sys=0.00, real=0.01 secs] 
305.461: Total time for which application threads were stopped: 0.0052010 seconds, Stopping threads took: 0.0000580 seconds
305.630: Application time: 0.1696930 seconds
305.630: [GC [PSYoungGen: 50140K->6668K(51200K)] 117771K->84987K(167936K), 0.0051060 secs] [Times: user=0.04 sys=0.00, real=0.00 secs] 
305.635: Total time for which application threads were stopped: 0.0052510 seconds, Stopping threads took: 0.0000580 seconds
305.806: Application time: 0.1707920 seconds
305.806: [GC [PSYoungGen: 50158K->6668K(51200K)] 128477K->94963K(167936K), 0.0049360 secs] [Times: user=0.04 sys=0.00, real=0.00 secs] 
305.811: Total time for which application threads were stopped: 0.0050970 seconds, Stopping threads took: 0.0000710 seconds
305.980: Application time: 0.1682070 seconds
305.980: [GC [PSYoungGen: 50167K->6636K(51200K)] 138461K->104906K(167936K), 0.0048370 secs] [Times: user=0.04 sys=0.00, real=0.00 secs] 
305.985: Total time for which application threads were stopped: 0.0050170 seconds, Stopping threads took: 0.0000800 seconds
306.174: Application time: 0.1893190 seconds
306.174: [GC [PSYoungGen: 50118K->6668K(51200K)] 148388K->114914K(167936K), 0.0048970 secs] [Times: user=0.04 sys=0.00, real=0.01 secs] 
306.179: [Full GC [PSYoungGen: 6668K->0K(51200K)] [ParOldGen: 108245K->27730K(116736K)] 114914K->27730K(167936K) [PSPermGen: 6111K->6111K(21504K)], 0.0104040 secs] [Times: user=0.05 sys=0.00, real=0.01 secs] 
306.189: Total time for which application threads were stopped: 0.0154980 seconds, Stopping threads took: 0.0000570 seconds
306.354: Application time: 0.1642300 seconds
306.354: [GC [PSYoungGen: 43490K->7157K(51200K)] 71221K->44167K(167936K), 0.0048700 secs] [Times: user=0.03 sys=0.00, real=0.01 secs] 
306.359: Total time for which application threads were stopped: 0.0050350 seconds, Stopping threads took: 0.0000720 seconds
306.513: Application time: 0.1538350 seconds
306.513: [GC [PSYoungGen: 50656K->6637K(51200K)] 87666K->53622K(167936K), 0.0049060 secs] [Times: user=0.04 sys=0.00, real=0.00 secs] 
306.518: Total time for which application threads were stopped: 0.0050710 seconds, Stopping threads took: 0.0000620 seconds
306.662: Application time: 0.1447550 seconds
306.662: [GC [PSYoungGen: 50136K->6669K(51200K)] 97122K->63630K(167936K), 0.0050410 secs] [Times: user=0.04 sys=0.00, real=0.01 secs] 
306.668: Total time for which application threads were stopped: 0.0052220 seconds, Stopping threads took: 0.0000890 seconds
306.800: Application time: 0.1323530 seconds
306.800: [GC [PSYoungGen: 50194K->6669K(51200K)] 107155K->73606K(167936K), 0.0049670 secs] [Times: user=0.03 sys=0.00, real=0.00 secs] 
306.805: Total time for which application threads were stopped: 0.0051260 seconds, Stopping threads took: 0.0000680 seconds
306.822: Application time: 0.0173690 seconds
306.823: [GC [PSYoungGen: 50145K->6637K(51200K)] 117082K->77849K(167936K), 0.0036300 secs] [Times: user=0.03 sys=0.00, real=0.01 secs] 
306.826: Total time for which application threads were stopped: 0.0038380 seconds, Stopping threads took: 0.0001150 seconds
306.845: Application time: 0.0186140 seconds
306.845: [GC [PSYoungGen: 50116K->6669K(51200K)] 121329K->79307K(167936K), 0.0027780 secs] [Times: user=0.02 sys=0.00, real=0.01 secs] 
306.848: Total time for which application threads were stopped: 0.0029460 seconds, Stopping threads took: 0.0000810 seconds
306.870: Application time: 0.0222910 seconds
306.870: [GC [PSYoungGen: 50161K->6669K(51200K)] 122799K->81444K(167936K), 0.0027980 secs] [Times: user=0.02 sys=0.00, real=0.00 secs] 
306.873: Total time for which application threads were stopped: 0.0029420 seconds, Stopping threads took: 0.0000580 seconds
307.030: Application time: 0.1573640 seconds
307.031: [GC [PSYoungGen: 50160K->6701K(51200K)] 124936K->92165K(167936K), 0.0050950 secs] [Times: user=0.04 sys=0.00, real=0.00 secs] 
307.036: Total time for which application threads were stopped: 0.0052520 seconds, Stopping threads took: 0.0000560 seconds
307.190: Application time: 0.1542960 seconds
307.190: [GC [PSYoungGen: 50192K->6701K(51200K)] 135656K->102141K(167936K), 0.0049620 secs] [Times: user=0.04 sys=0.00, real=0.00 secs] 
307.195: Total time for which application threads were stopped: 0.0051100 seconds, Stopping threads took: 0.0000610 seconds
307.363: Application time: 0.1681750 seconds
307.363: [GC [PSYoungGen: 50183K->6701K(51200K)] 145623K->111404K(167936K), 0.0047580 secs] [Times: user=0.03 sys=0.00, real=0.01 secs] 
307.368: [Full GC [PSYoungGen: 6701K->0K(51200K)] [ParOldGen: 104703K->28644K(116736K)] 111404K->28644K(167936K) [PSPermGen: 6111K->6111K(21504K)], 0.0102690 secs] [Times: user=0.06 sys=0.00, real=0.01 secs] 
307.379: Total time for which application threads were stopped: 0.0152280 seconds, Stopping threads took: 0.0000590 seconds
307.406: Application time: 0.0275140 seconds
307.406: [GC [PSYoungGen: 43512K->6572K(51200K)] 72157K->38067K(167936K), 0.0030880 secs] [Times: user=0.02 sys=0.00, real=0.00 secs] 
307.409: Total time for which application threads were stopped: 0.0032460 seconds, Stopping threads took: 0.0000720 seconds
307.426: Application time: 0.0169630 seconds
307.426: [GC [PSYoungGen: 50050K->6509K(51200K)] 81545K->40141K(167936K), 0.0029480 secs] [Times: user=0.02 sys=0.00, real=0.00 secs] 
307.429: Total time for which application threads were stopped: 0.0031290 seconds, Stopping threads took: 0.0000930 seconds
307.442: Application time: 0.0124380 seconds
307.442: [GC [PSYoungGen: 49993K->6476K(51200K)] 83626K->45097K(167936K), 0.0037380 secs] [Times: user=0.03 sys=0.00, real=0.01 secs] 
307.446: Total time for which application threads were stopped: 0.0039280 seconds, Stopping threads took: 0.0000980 seconds
307.588: Application time: 0.1424540 seconds
307.588: [GC [PSYoungGen: 49975K->7157K(51200K)] 88596K->55089K(167936K), 0.0048450 secs] [Times: user=0.03 sys=0.00, real=0.00 secs] 
307.593: Total time for which application threads were stopped: 0.0049940 seconds, Stopping threads took: 0.0000520 seconds
307.627: Application time: 0.0336450 seconds
307.627: [GC [PSYoungGen: 50672K->6508K(51200K)] 98604K->61566K(167936K), 0.0043250 secs] [Times: user=0.03 sys=0.00, real=0.00 secs] 
307.631: Total time for which application threads were stopped: 0.0044880 seconds, Stopping threads took: 0.0000740 seconds
307.649: Application time: 0.0173030 seconds
307.649: [GC [PSYoungGen: 49984K->6637K(51200K)] 105041K->61694K(167936K), 0.0023380 secs] [Times: user=0.02 sys=0.00, real=0.00 secs] 
307.651: Total time for which application threads were stopped: 0.0025170 seconds, Stopping threads took: 0.0000980 seconds
307.664: Application time: 0.0127680 seconds
307.664: [GC [PSYoungGen: 50119K->6604K(51200K)] 105177K->63800K(167936K), 0.0029930 secs] [Times: user=0.02 sys=0.00, real=0.01 secs] 
307.667: Total time for which application threads were stopped: 0.0031770 seconds, Stopping threads took: 0.0000950 seconds
307.808: Application time: 0.1404330 seconds
307.808: [GC [PSYoungGen: 50636K->6636K(51200K)] 107831K->73807K(167936K), 0.0048720 secs] [Times: user=0.03 sys=0.00, real=0.00 secs] 
307.813: Total time for which application threads were stopped: 0.0050360 seconds, Stopping threads took: 0.0000710 seconds
307.834: Application time: 0.0209740 seconds
307.834: [GC [PSYoungGen: 50327K->6604K(51200K)] 117498K->79475K(167936K), 0.0039230 secs] [Times: user=0.02 sys=0.00, real=0.00 secs] 
307.838: Total time for which application threads were stopped: 0.0041220 seconds, Stopping threads took: 0.0000830 seconds
307.854: Application time: 0.0164970 seconds
307.854: [GC [PSYoungGen: 50084K->6604K(51200K)] 122955K->82326K(167936K), 0.0032100 secs] [Times: user=0.02 sys=0.00, real=0.00 secs] 
307.858: Total time for which application threads were stopped: 0.0033700 seconds, Stopping threads took: 0.0000660 seconds
307.870: Application time: 0.0127700 seconds
307.870: [GC [PSYoungGen: 50087K->6668K(51200K)] 125808K->84527K(167936K), 0.0030020 secs] [Times: user=0.02 sys=0.00, real=0.00 secs] 
307.874: Total time for which application threads were stopped: 0.0031820 seconds, Stopping threads took: 0.0000910 seconds
308.003: Application time: 0.1298570 seconds
308.004: [GC [PSYoungGen: 50198K->6668K(51200K)] 128057K->95215K(167936K), 0.0052650 secs] [Times: user=0.04 sys=0.00, real=0.01 secs] 
308.009: Total time for which application threads were stopped: 0.0054530 seconds, Stopping threads took: 0.0001010 seconds
308.027: Application time: 0.0177300 seconds
308.027: [GC [PSYoungGen: 50144K->6668K(51200K)] 138691K->97353K(167936K), 0.0029960 secs] [Times: user=0.02 sys=0.00, real=0.00 secs] 
308.030: Total time for which application threads were stopped: 0.0031630 seconds, Stopping threads took: 0.0000800 seconds
308.047: Application time: 0.0170540 seconds
308.047: [GC [PSYoungGen: 50153K->6684K(51200K)] 140838K->103069K(167936K), 0.0040000 secs] [Times: user=0.03 sys=0.00, real=0.00 secs] 
308.051: Total time for which application threads were stopped: 0.0041670 seconds, Stopping threads took: 0.0000770 seconds
308.065: Application time: 0.0136040 seconds
308.065: [GC [PSYoungGen: 50176K->6652K(51200K)] 146561K->103750K(167936K), 0.0024310 secs] [Times: user=0.01 sys=0.00, real=0.01 secs] 
308.067: Total time for which application threads were stopped: 0.0026000 seconds, Stopping threads took: 0.0000860 seconds
308.205: Application time: 0.1383040 seconds
308.206: [GC [PSYoungGen: 50169K->6732K(51200K)] 147266K->114518K(167936K), 0.0053210 secs] [Times: user=0.04 sys=0.00, real=0.01 secs] 
308.211: [Full GC [PSYoungGen: 6732K->0K(51200K)] [ParOldGen: 107785K->27018K(116736K)] 114518K->27018K(167936K) [PSPermGen: 6111K->6111K(21504K)], 0.0101680 secs] [Times: user=0.05 sys=0.00, real=0.01 secs] 
308.221: Total time for which application threads were stopped: 0.0157260 seconds, Stopping threads took: 0.0000830 seconds
308.238: Application time: 0.0166720 seconds
308.238: [GC [PSYoungGen: 43475K->2201K(51200K)] 70493K->29219K(167936K), 0.0010780 secs] [Times: user=0.00 sys=0.00, real=0.00 secs] 
308.239: Total time for which application threads were stopped: 0.0012480 seconds, Stopping threads took: 0.0001000 seconds
308.256: Application time: 0.0170910 seconds
308.256: [GC [PSYoungGen: 45692K->6540K(51200K)] 72710K->37834K(167936K), 0.0035300 secs] [Times: user=0.02 sys=0.00, real=0.01 secs] 
308.260: Total time for which application threads were stopped: 0.0037010 seconds, Stopping threads took: 0.0000810 seconds
308.306: Application time: 0.0458430 seconds
308.306: [GC [PSYoungGen: 50028K->7157K(51200K)] 81322K->45607K(167936K), 0.0043470 secs] [Times: user=0.03 sys=0.00, real=0.00 secs] 
308.310: Total time for which application threads were stopped: 0.0045050 seconds, Stopping threads took: 0.0000700 seconds
308.491: Application time: 0.1808400 seconds
308.491: [GC [PSYoungGen: 50645K->6540K(51200K)] 89096K->55679K(167936K), 0.0050830 secs] [Times: user=0.04 sys=0.00, real=0.00 secs] 
308.496: Total time for which application threads were stopped: 0.0052470 seconds, Stopping threads took: 0.0000730 seconds
308.534: Application time: 0.0376670 seconds
308.534: [GC [PSYoungGen: 50050K->6540K(51200K)] 99189K->61379K(167936K), 0.0040020 secs] [Times: user=0.03 sys=0.00, real=0.01 secs] 
308.538: Total time for which application threads were stopped: 0.0041770 seconds, Stopping threads took: 0.0000860 seconds
308.554: Application time: 0.0161060 seconds
308.554: [GC [PSYoungGen: 50022K->6572K(51200K)] 104860K->65686K(167936K), 0.0035240 secs] [Times: user=0.02 sys=0.00, real=0.01 secs] 
308.558: Total time for which application threads were stopped: 0.0036890 seconds, Stopping threads took: 0.0000660 seconds
308.572: Application time: 0.0136480 seconds
308.572: [GC [PSYoungGen: 50053K->6604K(51200K)] 109167K->67143K(167936K), 0.0049730 secs] [Times: user=0.04 sys=0.00, real=0.00 secs] 
308.577: Total time for which application threads were stopped: 0.0051480 seconds, Stopping threads took: 0.0000900 seconds
308.707: Application time: 0.1301650 seconds
308.707: [GC [PSYoungGen: 50133K->6604K(51200K)] 110672K->78543K(167936K), 0.0055050 secs] [Times: user=0.04 sys=0.00, real=0.00 secs] 
308.713: Total time for which application threads were stopped: 0.0056780 seconds, Stopping threads took: 0.0000740 seconds
308.728: Application time: 0.0156310 seconds
308.728: [GC [PSYoungGen: 50082K->6604K(51200K)] 122021K->82818K(167936K), 0.0035530 secs] [Times: user=0.02 sys=0.00, real=0.00 secs] 
308.732: Total time for which application threads were stopped: 0.0037200 seconds, Stopping threads took: 0.0000780 seconds
308.749: Application time: 0.0172380 seconds
308.750: [GC [PSYoungGen: 50090K->6636K(51200K)] 126304K->87838K(167936K), 0.0038260 secs] [Times: user=0.02 sys=0.00, real=0.00 secs] 
308.754: Total time for which application threads were stopped: 0.0045160 seconds, Stopping threads took: 0.0005990 seconds
308.799: Application time: 0.0455890 seconds
308.799: [GC [PSYoungGen: 50130K->6636K(51200K)] 131332K->89976K(167936K), 0.0026900 secs] [Times: user=0.02 sys=0.00, real=0.00 secs] 
308.802: Total time for which application threads were stopped: 0.0028310 seconds, Stopping threads took: 0.0000590 seconds
308.991: Application time: 0.1883840 seconds
308.991: [GC [PSYoungGen: 50133K->6700K(51200K)] 133472K->100015K(167936K), 0.0049570 secs] [Times: user=0.04 sys=0.00, real=0.00 secs] 
308.996: Total time for which application threads were stopped: 0.0051000 seconds, Stopping threads took: 0.0000560 seconds
309.175: Application time: 0.1793570 seconds
309.175: [GC [PSYoungGen: 50188K->6700K(51200K)] 143503K->110703K(167936K), 0.0051500 secs] [Times: user=0.03 sys=0.00, real=0.01 secs] 
309.180: [Full GC [PSYoungGen: 6700K->0K(51200K)] [ParOldGen: 104002K->28443K(116736K)] 110703K->28443K(167936K) [PSPermGen: 6111K->6111K(21504K)], 0.0100850 secs] [Times: user=0.06 sys=0.00, real=0.01 secs] 
309.190: Total time for which application threads were stopped: 0.0154450 seconds, Stopping threads took: 0.0000720 seconds
309.383: Application time: 0.1927330 seconds
309.383: [GC [PSYoungGen: 43488K->7157K(51200K)] 71931K->44879K(167936K), 0.0048710 secs] [Times: user=0.04 sys=0.00, real=0.01 secs] 
309.388: Total time for which application threads were stopped: 0.0050350 seconds, Stopping threads took: 0.0000620 seconds
309.549: Application time: 0.1608650 seconds
309.549: [GC [PSYoungGen: 50652K->6636K(51200K)] 88374K->55046K(167936K), 0.0050810 secs] [Times: user=0.04 sys=0.00, real=0.00 secs] 
309.554: Total time for which application threads were stopped: 0.0053700 seconds, Stopping threads took: 0.0001990 seconds
309.762: Application time: 0.2076250 seconds
309.762: [GC [PSYoungGen: 50125K->6572K(51200K)] 98535K->64957K(167936K), 0.0048490 secs] [Times: user=0.04 sys=0.00, real=0.01 secs] 
309.767: Total time for which application threads were stopped: 0.0050270 seconds, Stopping threads took: 0.0000860 seconds
309.925: Application time: 0.1582760 seconds
309.926: [GC [PSYoungGen: 50079K->6636K(51200K)] 108464K->75709K(167936K), 0.0051690 secs] [Times: user=0.04 sys=0.00, real=0.01 secs] 
309.931: Total time for which application threads were stopped: 0.0053290 seconds, Stopping threads took: 0.0000590 seconds
310.089: Application time: 0.1586830 seconds
310.090: [GC [PSYoungGen: 50126K->6668K(51200K)] 119199K->85717K(167936K), 0.0049500 secs] [Times: user=0.04 sys=0.00, real=0.00 secs] 
310.095: Total time for which application threads were stopped: 0.0051140 seconds, Stopping threads took: 0.0000730 seconds
310.255: Application time: 0.1602070 seconds
310.255: [GC [PSYoungGen: 50159K->6668K(51200K)] 129207K->96405K(167936K), 0.0051890 secs] [Times: user=0.04 sys=0.00, real=0.01 secs] 
310.260: Total time for which application threads were stopped: 0.0053490 seconds, Stopping threads took: 0.0000720 seconds
310.424: Application time: 0.1634280 seconds
310.424: [GC [PSYoungGen: 50159K->6669K(51200K)] 139896K->106381K(167936K), 0.0050420 secs] [Times: user=0.03 sys=0.00, real=0.01 secs] 
310.429: Total time for which application threads were stopped: 0.0052120 seconds, Stopping threads took: 0.0000800 seconds
310.592: Application time: 0.1633320 seconds
310.592: [GC [PSYoungGen: 50159K->6669K(51200K)] 149872K->115644K(167936K), 0.0047450 secs] [Times: user=0.03 sys=0.00, real=0.00 secs] 
310.597: [Full GC [PSYoungGen: 6669K->0K(51200K)] [ParOldGen: 108975K->26306K(116736K)] 115644K->26306K(167936K) [PSPermGen: 6111K->6111K(21504K)], 0.0098010 secs] [Times: user=0.05 sys=0.00, real=0.02 secs] 
310.607: Total time for which application threads were stopped: 0.0147710 seconds, Stopping threads took: 0.0000720 seconds
310.757: Application time: 0.1504990 seconds
310.757: [GC [PSYoungGen: 43491K->7157K(51200K)] 69797K->42751K(167936K), 0.0050070 secs] [Times: user=0.03 sys=0.00, real=0.01 secs] 
310.763: Total time for which application threads were stopped: 0.0051730 seconds, Stopping threads took: 0.0000730 seconds
310.921: Application time: 0.1588380 seconds
310.922: [GC [PSYoungGen: 50657K->6605K(51200K)] 86251K->51462K(167936K), 0.0046570 secs] [Times: user=0.03 sys=0.00, real=0.01 secs] 
310.927: Total time for which application threads were stopped: 0.0051940 seconds, Stopping threads took: 0.0004510 seconds
310.953: Application time: 0.0269060 seconds
310.954: [GC [PSYoungGen: 50117K->6605K(51200K)] 94975K->57162K(167936K), 0.0040110 secs] [Times: user=0.02 sys=0.00, real=0.00 secs] 
310.958: Total time for which application threads were stopped: 0.0041810 seconds, Stopping threads took: 0.0000780 seconds
310.974: Application time: 0.0165360 seconds
310.974: [GC [PSYoungGen: 50083K->6669K(51200K)] 100640K->58652K(167936K), 0.0027950 secs] [Times: user=0.02 sys=0.00, real=0.00 secs] 
310.977: Total time for which application threads were stopped: 0.0029680 seconds, Stopping threads took: 0.0000840 seconds
310.990: Application time: 0.0128920 seconds
310.990: [GC [PSYoungGen: 50149K->6637K(51200K)] 102132K->60045K(167936K), 0.0027980 secs] [Times: user=0.02 sys=0.00, real=0.00 secs] 
310.993: Total time for which application threads were stopped: 0.0029840 seconds, Stopping threads took: 0.0001020 seconds
311.126: Application time: 0.1324770 seconds
311.126: [GC [PSYoungGen: 50145K->6669K(51200K)] 103553K->70765K(167936K), 0.0050880 secs] [Times: user=0.04 sys=0.00, real=0.01 secs] 
311.131: Total time for which application threads were stopped: 0.0052570 seconds, Stopping threads took: 0.0000710 seconds
311.267: Application time: 0.1363840 seconds
311.267: [GC [PSYoungGen: 50151K->6637K(51200K)] 114248K->80709K(167936K), 0.0050140 secs] [Times: user=0.04 sys=0.00, real=0.00 secs] 
311.272: Total time for which application threads were stopped: 0.0051750 seconds, Stopping threads took: 0.0000710 seconds
311.397: Application time: 0.1245880 seconds
311.397: [GC [PSYoungGen: 50153K->6701K(51200K)] 124226K->90749K(167936K), 0.0051180 secs] [Times: user=0.03 sys=0.00, real=0.01 secs] 
311.402: Total time for which application threads were stopped: 0.0052810 seconds, Stopping threads took: 0.0000730 seconds
311.417: Application time: 0.0149950 seconds
311.417: [GC [PSYoungGen: 50178K->6668K(51200K)] 134227K->94280K(167936K), 0.0033400 secs] [Times: user=0.03 sys=0.00, real=0.01 secs] 
311.421: Total time for which application threads were stopped: 0.0035160 seconds, Stopping threads took: 0.0000880 seconds
311.440: Application time: 0.0193120 seconds
311.440: [GC [PSYoungGen: 50153K->6669K(51200K)] 137764K->98555K(167936K), 0.0035410 secs] [Times: user=0.02 sys=0.00, real=0.00 secs] 
311.444: Total time for which application threads were stopped: 0.0037190 seconds, Stopping threads took: 0.0000880 seconds
311.492: Application time: 0.0479990 seconds
311.492: [GC [PSYoungGen: 50172K->6668K(51200K)] 142059K->102118K(167936K), 0.0031810 secs] [Times: user=0.02 sys=0.00, real=0.00 secs] 
311.495: Total time for which application threads were stopped: 0.0033220 seconds, Stopping threads took: 0.0000540 seconds
311.602: Application time: 0.1070530 seconds
311.602: [GC [PSYoungGen: 50185K->6732K(51200K)] 145634K->112158K(167936K), 0.0051450 secs] [Times: user=0.03 sys=0.00, real=0.01 secs] 
311.607: [Full GC [PSYoungGen: 6732K->0K(51200K)] [ParOldGen: 105425K->27960K(116736K)] 112158K->27960K(167936K) [PSPermGen: 6111K->6111K(21504K)], 0.0099330 secs] [Times: user=0.06 sys=0.00, real=0.00 secs] 
311.617: Total time for which application threads were stopped: 0.0153150 seconds, Stopping threads took: 0.0000930 seconds
311.631: Application time: 0.0138170 seconds
311.631: [GC [PSYoungGen: 43480K->6508K(51200K)] 71440K->38032K(167936K), 0.0033290 secs] [Times: user=0.02 sys=0.00, real=0.00 secs] 
311.635: Total time for which application threads were stopped: 0.0035130 seconds, Stopping threads took: 0.0000770 seconds
311.655: Application time: 0.0197450 seconds
311.655: [GC [PSYoungGen: 49995K->6541K(51200K)] 81518K->38776K(167936K), 0.0025420 secs] [Times: user=0.02 sys=0.00, real=0.00 secs] 
311.657: Total time for which application threads were stopped: 0.0027150 seconds, Stopping threads took: 0.0000870 seconds
311.715: Application time: 0.0575840 seconds
311.715: [GC [PSYoungGen: 50029K->7157K(51200K)] 82264K->45109K(167936K), 0.0039050 secs] [Times: user=0.02 sys=0.00, real=0.01 secs] 
311.719: Total time for which application threads were stopped: 0.0040630 seconds, Stopping threads took: 0.0000700 seconds
311.858: Application time: 0.1394950 seconds
311.859: [GC [PSYoungGen: 50681K->6508K(51200K)] 88633K->54436K(167936K), 0.0050740 secs] [Times: user=0.04 sys=0.00, real=0.00 secs] 
311.864: Total time for which application threads were stopped: 0.0052410 seconds, Stopping threads took: 0.0000760 seconds
311.880: Application time: 0.0166840 seconds
311.880: [GC [PSYoungGen: 49984K->6636K(51200K)] 97912K->56702K(167936K), 0.0029840 secs] [Times: user=0.02 sys=0.00, real=0.00 secs] 
311.883: Total time for which application threads were stopped: 0.0031650 seconds, Stopping threads took: 0.0000970 seconds
311.902: Application time: 0.0183950 seconds
311.902: [GC [PSYoungGen: 50120K->6541K(51200K)] 100185K->60881K(167936K), 0.0035200 secs] [Times: user=0.02 sys=0.00, real=0.00 secs] 
311.906: Total time for which application threads were stopped: 0.0036800 seconds, Stopping threads took: 0.0000780 seconds
311.918: Application time: 0.0127190 seconds
311.918: [GC [PSYoungGen: 50034K->6540K(51200K)] 104374K->63018K(167936K), 0.0027580 secs] [Times: user=0.02 sys=0.00, real=0.00 secs] 
311.921: Total time for which application threads were stopped: 0.0029600 seconds, Stopping threads took: 0.0001160 seconds
312.090: Application time: 0.1687840 seconds
312.090: [GC [PSYoungGen: 50062K->6636K(51200K)] 106540K->73802K(167936K), 0.0051850 secs] [Times: user=0.04 sys=0.00, real=0.00 secs] 
312.095: Total time for which application threads were stopped: 0.0053310 seconds, Stopping threads took: 0.0000560 seconds
312.114: Application time: 0.0184240 seconds
312.114: [GC [PSYoungGen: 50112K->6604K(51200K)] 117278K->76620K(167936K), 0.0031470 secs] [Times: user=0.02 sys=0.00, real=0.00 secs] 
312.117: Total time for which application threads were stopped: 0.0033260 seconds, Stopping threads took: 0.0000920 seconds
312.136: Application time: 0.0185240 seconds
312.136: [GC [PSYoungGen: 50086K->6636K(51200K)] 120102K->79503K(167936K), 0.0031540 secs] [Times: user=0.02 sys=0.00, real=0.01 secs] 
312.139: Total time for which application threads were stopped: 0.0033330 seconds, Stopping threads took: 0.0000760 seconds
312.151: Application time: 0.0125230 seconds
312.152: [GC [PSYoungGen: 50130K->6604K(51200K)] 122996K->81608K(167936K), 0.0027500 secs] [Times: user=0.01 sys=0.01, real=0.00 secs] 
312.154: Total time for which application threads were stopped: 0.0029250 seconds, Stopping threads took: 0.0000780 seconds
312.206: Application time: 0.0518930 seconds
312.206: [GC [PSYoungGen: 50117K->6684K(51200K)] 125120K->87388K(167936K), 0.0039740 secs] [Times: user=0.02 sys=0.00, real=0.00 secs] 
312.210: Total time for which application threads were stopped: 0.0041420 seconds, Stopping threads took: 0.0000800 seconds
312.226: Application time: 0.0158860 seconds
312.226: [GC [PSYoungGen: 50164K->6701K(51200K)] 130868K->90967K(167936K), 0.0034400 secs] [Times: user=0.03 sys=0.00, real=0.00 secs] 
312.230: Total time for which application threads were stopped: 0.0036120 seconds, Stopping threads took: 0.0000780 seconds
312.243: Application time: 0.0133200 seconds
312.243: [GC [PSYoungGen: 50185K->6700K(51200K)] 134452K->94530K(167936K), 0.0034140 secs] [Times: user=0.03 sys=0.00, real=0.01 secs] 
312.247: Total time for which application threads were stopped: 0.0035960 seconds, Stopping threads took: 0.0000910 seconds
312.394: Application time: 0.1467440 seconds
312.394: [GC [PSYoungGen: 50189K->6700K(51200K)] 138018K->104505K(167936K), 0.0049260 secs] [Times: user=0.04 sys=0.00, real=0.01 secs] 
312.399: Total time for which application threads were stopped: 0.0050790 seconds, Stopping threads took: 0.0000650 seconds
312.511: Application time: 0.1118660 seconds
312.511: [GC [PSYoungGen: 50221K->6684K(51200K)] 148026K->115177K(167936K), 0.0053990 secs] [Times: user=0.05 sys=0.00, real=0.00 secs] 
312.516: [Full GC [PSYoungGen: 6684K->0K(51200K)] [ParOldGen: 108492K->27018K(116736K)] 115177K->27018K(167936K) [PSPermGen: 6111K->6111K(21504K)], 0.0103360 secs] [Times: user=0.04 sys=0.00, real=0.02 secs] 
312.527: Total time for which application threads were stopped: 0.0159680 seconds, Stopping threads took: 0.0000890 seconds
312.550: Application time: 0.0239050 seconds
312.551: [GC [PSYoungGen: 43483K->3722K(51200K)] 70502K->30741K(167936K), 0.0012590 secs] [Times: user=0.01 sys=0.00, real=0.00 secs] 
312.552: Total time for which application threads were stopped: 0.0014040 seconds, Stopping threads took: 0.0000780 seconds
312.569: Application time: 0.0169950 seconds
312.569: [GC [PSYoungGen: 47208K->6540K(51200K)] 74226K->37834K(167936K), 0.0035040 secs] [Times: user=0.03 sys=0.00, real=0.00 secs] 
312.573: Total time for which application threads were stopped: 0.0036740 seconds, Stopping threads took: 0.0000810 seconds
312.642: Application time: 0.0697360 seconds
312.642: [GC [PSYoungGen: 50038K->6540K(51200K)] 81332K->47097K(167936K), 0.0047050 secs] [Times: user=0.04 sys=0.00, real=0.01 secs] 
312.647: Total time for which application threads were stopped: 0.0048640 seconds, Stopping threads took: 0.0000570 seconds
312.815: Application time: 0.1676690 seconds
312.815: [GC [PSYoungGen: 50053K->6572K(51200K)] 90610K->57104K(167936K), 0.0049520 secs] [Times: user=0.03 sys=0.00, real=0.01 secs] 
312.820: Total time for which application threads were stopped: 0.0051020 seconds, Stopping threads took: 0.0000580 seconds
312.838: Application time: 0.0177090 seconds
312.838: [GC [PSYoungGen: 50050K->6572K(51200K)] 100582K->62804K(167936K), 0.0039220 secs] [Times: user=0.02 sys=0.00, real=0.00 secs] 
312.842: Total time for which application threads were stopped: 0.0041090 seconds, Stopping threads took: 0.0000990 seconds
312.860: Application time: 0.0182920 seconds
312.860: [GC [PSYoungGen: 50051K->6604K(51200K)] 106283K->64261K(167936K), 0.0028270 secs] [Times: user=0.02 sys=0.00, real=0.00 secs] 
312.863: Total time for which application threads were stopped: 0.0030140 seconds, Stopping threads took: 0.0001000 seconds
312.876: Application time: 0.0133040 seconds
312.876: [GC [PSYoungGen: 50096K->6636K(51200K)] 107753K->65718K(167936K), 0.0025400 secs] [Times: user=0.02 sys=0.00, real=0.01 secs] 
312.879: Total time for which application threads were stopped: 0.0026950 seconds, Stopping threads took: 0.0000650 seconds
313.085: Application time: 0.2058740 seconds
313.085: [GC [PSYoungGen: 50133K->6668K(51200K)] 109215K->77150K(167936K), 0.0053070 secs] [Times: user=0.04 sys=0.00, real=0.01 secs] 
313.090: Total time for which application threads were stopped: 0.0054780 seconds, Stopping threads took: 0.0000740 seconds
313.260: Application time: 0.1694810 seconds
313.260: [GC [PSYoungGen: 50163K->6700K(51200K)] 120645K->87158K(167936K), 0.0049370 secs] [Times: user=0.03 sys=0.00, real=0.00 secs] 
313.265: Total time for which application threads were stopped: 0.0051090 seconds, Stopping threads took: 0.0000730 seconds
313.465: Application time: 0.1996370 seconds
313.465: [GC [PSYoungGen: 50189K->6668K(51200K)] 130646K->97101K(167936K), 0.0048840 secs] [Times: user=0.04 sys=0.00, real=0.01 secs] 
313.470: Total time for which application threads were stopped: 0.0050470 seconds, Stopping threads took: 0.0000670 seconds
313.659: Application time: 0.1893760 seconds
313.659: [GC [PSYoungGen: 50166K->6700K(51200K)] 140598K->107108K(167936K), 0.0049920 secs] [Times: user=0.03 sys=0.00, real=0.00 secs] 
313.664: [Full GC [PSYoungGen: 6700K->0K(51200K)] [ParOldGen: 100407K->27018K(116736K)] 107108K->27018K(167936K) [PSPermGen: 6111K->6111K(21504K)], 0.0101450 secs] [Times: user=0.05 sys=0.01, real=0.01 secs] 
313.674: Total time for which application threads were stopped: 0.0153410 seconds, Stopping threads took: 0.0000570 seconds
313.843: Application time: 0.1687070 seconds
313.843: [GC [PSYoungGen: 43480K->7125K(51200K)] 70499K->43406K(167936K), 0.0049910 secs] [Times: user=0.03 sys=0.00, real=0.01 secs] 
313.848: Total time for which application threads were stopped: 0.0051540 seconds, Stopping threads took: 0.0000610 seconds
314.011: Application time: 0.1630950 seconds
314.012: [GC [PSYoungGen: 50631K->6604K(51200K)] 86913K->53574K(167936K), 0.0051060 secs] [Times: user=0.04 sys=0.00, real=0.00 secs] 
314.017: Total time for which application threads were stopped: 0.0053050 seconds, Stopping threads took: 0.0001090 seconds
314.200: Application time: 0.1836510 seconds
314.200: [GC [PSYoungGen: 50095K->6540K(51200K)] 97064K->62773K(167936K), 0.0046670 secs] [Times: user=0.03 sys=0.00, real=0.00 secs] 
314.205: Total time for which application threads were stopped: 0.0048160 seconds, Stopping threads took: 0.0000590 seconds
314.359: Application time: 0.1542560 seconds
314.360: [GC [PSYoungGen: 50031K->6604K(51200K)] 106264K->72813K(167936K), 0.0049320 secs] [Times: user=0.03 sys=0.00, real=0.00 secs] 
314.365: Total time for which application threads were stopped: 0.0050960 seconds, Stopping threads took: 0.0000700 seconds
314.522: Application time: 0.1579960 seconds
314.523: [GC [PSYoungGen: 50104K->6668K(51200K)] 116312K->82853K(167936K), 0.0049310 secs] [Times: user=0.03 sys=0.00, real=0.01 secs] 
314.528: Total time for which application threads were stopped: 0.0050810 seconds, Stopping threads took: 0.0000620 seconds
314.698: Application time: 0.1705980 seconds
314.698: [GC [PSYoungGen: 50159K->6669K(51200K)] 126343K->92829K(167936K), 0.0049230 secs] [Times: user=0.04 sys=0.00, real=0.00 secs] 
314.703: Total time for which application threads were stopped: 0.0050950 seconds, Stopping threads took: 0.0000860 seconds
314.854: Application time: 0.1510310 seconds
314.854: [GC [PSYoungGen: 50160K->6668K(51200K)] 136320K->102805K(167936K), 0.0048540 secs] [Times: user=0.03 sys=0.00, real=0.01 secs] 
314.859: Total time for which application threads were stopped: 0.0050240 seconds, Stopping threads took: 0.0000790 seconds
314.964: Application time: 0.1042140 seconds
314.964: [GC [PSYoungGen: 50193K->6701K(51200K)] 146329K->113525K(167936K), 0.0052900 secs] [Times: user=0.04 sys=0.00, real=0.01 secs] 
314.969: [Full GC [PSYoungGen: 6701K->0K(51200K)] [ParOldGen: 106824K->26307K(116736K)] 113525K->26307K(167936K) [PSPermGen: 6111K->6111K(21504K)], 0.0100100 secs] [Times: user=0.05 sys=0.00, real=0.01 secs] 
314.979: Total time for which application threads were stopped: 0.0155400 seconds, Stopping threads took: 0.0000800 seconds
314.995: Application time: 0.0155280 seconds
314.995: [GC [PSYoungGen: 43484K->5147K(51200K)] 69791K->31455K(167936K), 0.0017670 secs] [Times: user=0.01 sys=0.00, real=0.00 secs] 
314.997: Total time for which application threads were stopped: 0.0019290 seconds, Stopping threads took: 0.0000750 seconds
315.013: Application time: 0.0169400 seconds
315.014: [GC [PSYoungGen: 48631K->6509K(51200K)] 74939K->37804K(167936K), 0.0036310 secs] [Times: user=0.03 sys=0.00, real=0.00 secs] 
315.017: Total time for which application threads were stopped: 0.0038010 seconds, Stopping threads took: 0.0000830 seconds
315.069: Application time: 0.0514280 seconds
315.069: [GC [PSYoungGen: 49997K->7157K(51200K)] 81293K->44882K(167936K), 0.0041710 secs] [Times: user=0.03 sys=0.00, real=0.00 secs] 
315.073: Total time for which application threads were stopped: 0.0043420 seconds, Stopping threads took: 0.0000840 seconds
315.226: Application time: 0.1528410 seconds
315.226: [GC [PSYoungGen: 50648K->6573K(51200K)] 88373K->53560K(167936K), 0.0047300 secs] [Times: user=0.04 sys=0.00, real=0.00 secs] 
315.231: Total time for which application threads were stopped: 0.0048940 seconds, Stopping threads took: 0.0000750 seconds
315.387: Application time: 0.1557140 seconds
315.387: [GC [PSYoungGen: 50064K->6669K(51200K)] 97052K->62207K(167936K), 0.0044910 secs] [Times: user=0.03 sys=0.00, real=0.00 secs] 
315.391: Total time for which application threads were stopped: 0.0046410 seconds, Stopping threads took: 0.0000590 seconds
315.418: Application time: 0.0266050 seconds
315.418: [GC [PSYoungGen: 50183K->6572K(51200K)] 105722K->71374K(167936K), 0.0049120 secs] [Times: user=0.04 sys=0.00, real=0.00 secs] 
315.423: Total time for which application threads were stopped: 0.0050720 seconds, Stopping threads took: 0.0000660 seconds
315.440: Application time: 0.0174890 seconds
315.440: [GC [PSYoungGen: 50048K->6637K(51200K)] 114850K->71438K(167936K), 0.0024610 secs] [Times: user=0.02 sys=0.00, real=0.00 secs] 
315.443: Total time for which application threads were stopped: 0.0026390 seconds, Stopping threads took: 0.0000870 seconds
315.456: Application time: 0.0129220 seconds
315.456: [GC [PSYoungGen: 50119K->6541K(51200K)] 114921K->72055K(167936K), 0.0024600 secs] [Times: user=0.02 sys=0.00, real=0.01 secs] 
315.459: Total time for which application threads were stopped: 0.0026660 seconds, Stopping threads took: 0.0001210 seconds
315.581: Application time: 0.1227730 seconds
315.581: [GC [PSYoungGen: 50039K->6636K(51200K)] 115554K->82839K(167936K), 0.0050360 secs] [Times: user=0.04 sys=0.00, real=0.01 secs] 
315.587: Total time for which application threads were stopped: 0.0051980 seconds, Stopping threads took: 0.0000650 seconds
315.616: Application time: 0.0293330 seconds
315.616: [GC [PSYoungGen: 50145K->6668K(51200K)] 126348K->85009K(167936K), 0.0029200 secs] [Times: user=0.02 sys=0.00, real=0.01 secs] 
315.619: Total time for which application threads were stopped: 0.0030860 seconds, Stopping threads took: 0.0000790 seconds
315.635: Application time: 0.0161190 seconds
315.635: [GC [PSYoungGen: 50151K->6621K(51200K)] 128491K->89949K(167936K), 0.0037260 secs] [Times: user=0.03 sys=0.01, real=0.01 secs] 
315.639: Total time for which application threads were stopped: 0.0038940 seconds, Stopping threads took: 0.0000800 seconds
315.652: Application time: 0.0125760 seconds
315.652: [GC [PSYoungGen: 50105K->6653K(51200K)] 133434K->92831K(167936K), 0.0030760 secs] [Times: user=0.03 sys=0.00, real=0.00 secs] 
315.655: Total time for which application threads were stopped: 0.0032810 seconds, Stopping threads took: 0.0001160 seconds
315.794: Application time: 0.1391480 seconds
315.794: [GC [PSYoungGen: 50143K->6700K(51200K)] 136321K->102855K(167936K), 0.0049860 secs] [Times: user=0.04 sys=0.00, real=0.01 secs] 
315.799: Total time for which application threads were stopped: 0.0051430 seconds, Stopping threads took: 0.0000660 seconds
315.946: Application time: 0.1467140 seconds
315.946: [GC [PSYoungGen: 50225K->6732K(51200K)] 146379K->112149K(167936K), 0.0047690 secs] [Times: user=0.03 sys=0.00, real=0.00 secs] 
315.951: [Full GC [PSYoungGen: 6732K->0K(51200K)] [ParOldGen: 105417K->26534K(116736K)] 112149K->26534K(167936K) [PSPermGen: 6111K->6111K(21504K)], 0.0098340 secs] [Times: user=0.05 sys=0.00, real=0.01 secs] 
315.961: Total time for which application threads were stopped: 0.0148190 seconds, Stopping threads took: 0.0000660 seconds
315.980: Application time: 0.0194490 seconds
315.980: [GC [PSYoungGen: 43479K->2329K(51200K)] 70014K->28863K(167936K), 0.0009740 secs] [Times: user=0.01 sys=0.00, real=0.00 secs] 
315.981: Total time for which application threads were stopped: 0.0011230 seconds, Stopping threads took: 0.0000850 seconds
315.999: Application time: 0.0176080 seconds
315.999: [GC [PSYoungGen: 45810K->6573K(51200K)] 72344K->33107K(167936K), 0.0022160 secs] [Times: user=0.02 sys=0.00, real=0.00 secs] 
316.001: Total time for which application threads were stopped: 0.0023770 seconds, Stopping threads took: 0.0000820 seconds
316.015: Application time: 0.0135540 seconds
316.015: [GC [PSYoungGen: 50064K->6540K(51200K)] 76598K->34499K(167936K), 0.0024830 secs] [Times: user=0.01 sys=0.00, real=0.00 secs] 
316.017: Total time for which application threads were stopped: 0.0026520 seconds, Stopping threads took: 0.0000900 seconds
316.167: Application time: 0.1496560 seconds
316.167: [GC [PSYoungGen: 50054K->6604K(51200K)] 78013K->45964K(167936K), 0.0053400 secs] [Times: user=0.04 sys=0.00, real=0.00 secs] 
316.173: Total time for which application threads were stopped: 0.0055090 seconds, Stopping threads took: 0.0000730 seconds
316.191: Application time: 0.0182570 seconds
316.191: [GC [PSYoungGen: 50078K->6572K(51200K)] 89438K->45932K(167936K), 0.0023330 secs] [Times: user=0.01 sys=0.00, real=0.00 secs] 
316.193: Total time for which application threads were stopped: 0.0025040 seconds, Stopping threads took: 0.0000910 seconds
316.212: Application time: 0.0186190 seconds
316.212: [GC [PSYoungGen: 50054K->6572K(51200K)] 89414K->48782K(167936K), 0.0031480 secs] [Times: user=0.02 sys=0.00, real=0.00 secs] 
316.215: Total time for which application threads were stopped: 0.0033400 seconds, Stopping threads took: 0.0001030 seconds
316.240: Application time: 0.0243280 seconds
316.240: [GC [PSYoungGen: 50068K->6540K(51200K)] 92277K->52313K(167936K), 0.0030750 secs] [Times: user=0.02 sys=0.00, real=0.00 secs] 
316.243: Total time for which application threads were stopped: 0.0032320 seconds, Stopping threads took: 0.0000710 seconds
316.272: Application time: 0.0287170 seconds
316.272: [GC [PSYoungGen: 50050K->6604K(51200K)] 95823K->57364K(167936K), 0.0037890 secs] [Times: user=0.03 sys=0.00, real=0.00 secs] 
316.276: Total time for which application threads were stopped: 0.0039870 seconds, Stopping threads took: 0.0001060 seconds
316.293: Application time: 0.0169570 seconds
316.293: [GC [PSYoungGen: 50084K->6572K(51200K)] 100844K->60895K(167936K), 0.0033840 secs] [Times: user=0.03 sys=0.00, real=0.00 secs] 
316.296: Total time for which application threads were stopped: 0.0035560 seconds, Stopping threads took: 0.0000800 seconds
316.309: Application time: 0.0128600 seconds
316.309: [GC [PSYoungGen: 50055K->6620K(51200K)] 104378K->61656K(167936K), 0.0025220 secs] [Times: user=0.02 sys=0.00, real=0.00 secs] 
316.312: Total time for which application threads were stopped: 0.0028430 seconds, Stopping threads took: 0.0002370 seconds
316.455: Application time: 0.1431680 seconds
316.455: [GC [PSYoungGen: 50142K->6636K(51200K)] 105177K->73072K(167936K), 0.0053600 secs] [Times: user=0.04 sys=0.00, real=0.01 secs] 
316.461: Total time for which application threads were stopped: 0.0055090 seconds, Stopping threads took: 0.0000610 seconds
316.479: Application time: 0.0182540 seconds
316.479: [GC [PSYoungGen: 50112K->6668K(51200K)] 116548K->75241K(167936K), 0.0029830 secs] [Times: user=0.02 sys=0.00, real=0.00 secs] 
316.482: Total time for which application threads were stopped: 0.0031690 seconds, Stopping threads took: 0.0000990 seconds
316.500: Application time: 0.0184330 seconds
316.501: [GC [PSYoungGen: 50158K->6668K(51200K)] 118731K->78092K(167936K), 0.0030820 secs] [Times: user=0.02 sys=0.00, real=0.00 secs] 
316.504: Total time for which application threads were stopped: 0.0032510 seconds, Stopping threads took: 0.0000770 seconds
316.516: Application time: 0.0127730 seconds
316.517: [GC [PSYoungGen: 50162K->6620K(51200K)] 121585K->80894K(167936K), 0.0029980 secs] [Times: user=0.02 sys=0.00, real=0.01 secs] 
316.520: Total time for which application threads were stopped: 0.0031680 seconds, Stopping threads took: 0.0000850 seconds
316.715: Application time: 0.1956060 seconds
316.715: [GC [PSYoungGen: 50106K->6700K(51200K)] 124380K->90949K(167936K), 0.0049320 secs] [Times: user=0.04 sys=0.00, real=0.01 secs] 
316.720: Total time for which application threads were stopped: 0.0051310 seconds, Stopping threads took: 0.0001010 seconds
316.877: Application time: 0.1561850 seconds
316.877: [GC [PSYoungGen: 50215K->6764K(51200K)] 134464K->100988K(167936K), 0.0051070 secs] [Times: user=0.04 sys=0.00, real=0.01 secs] 
316.882: Total time for which application threads were stopped: 0.0052650 seconds, Stopping threads took: 0.0000660 seconds
316.898: Application time: 0.0165560 seconds
316.898: [GC [PSYoungGen: 50242K->6732K(51200K)] 144466K->104519K(167936K), 0.0034260 secs] [Times: user=0.02 sys=0.01, real=0.00 secs] 
316.902: Total time for which application threads were stopped: 0.0036140 seconds, Stopping threads took: 0.0000990 seconds
316.921: Application time: 0.0190580 seconds
316.921: [GC [PSYoungGen: 50223K->6716K(51200K)] 148009K->108089K(167936K), 0.0033840 secs] [Times: user=0.02 sys=0.00, real=0.00 secs] 
316.925: Total time for which application threads were stopped: 0.0035530 seconds, Stopping threads took: 0.0000770 seconds
316.972: Application time: 0.0470690 seconds
316.972: [GC [PSYoungGen: 50220K->6764K(51200K)] 151593K->112452K(167936K), 0.0033300 secs] [Times: user=0.03 sys=0.00, real=0.00 secs] 
316.975: [Full GC [PSYoungGen: 6764K->0K(51200K)] [ParOldGen: 105688K->24881K(116736K)] 112452K->24881K(167936K) [PSPermGen: 6111K->6111K(21504K)], 0.0094950 secs] [Times: user=0.05 sys=0.00, real=0.01 secs] 
316.985: Total time for which application threads were stopped: 0.0130620 seconds, Stopping threads took: 0.0001010 seconds
317.175: Application time: 0.1901900 seconds
317.175: [GC [PSYoungGen: 43479K->7125K(51200K)] 68361K->41269K(167936K), 0.0048900 secs] [Times: user=0.04 sys=0.00, real=0.01 secs] 
317.180: Total time for which application threads were stopped: 0.0050550 seconds, Stopping threads took: 0.0000720 seconds
317.375: Application time: 0.1953980 seconds
317.375: [GC [PSYoungGen: 50619K->6540K(51200K)] 84764K->50660K(167936K), 0.0048960 secs] [Times: user=0.04 sys=0.00, real=0.01 secs] 
317.380: Total time for which application threads were stopped: 0.0050570 seconds, Stopping threads took: 0.0000640 seconds
317.568: Application time: 0.1876150 seconds
317.568: [GC [PSYoungGen: 50037K->6540K(51200K)] 94157K->60635K(167936K), 0.0048680 secs] [Times: user=0.03 sys=0.00, real=0.00 secs] 
317.573: Total time for which application threads were stopped: 0.0050330 seconds, Stopping threads took: 0.0000740 seconds
317.747: Application time: 0.1736040 seconds
317.747: [GC [PSYoungGen: 50029K->6636K(51200K)] 104124K->71419K(167936K), 0.0050650 secs] [Times: user=0.03 sys=0.00, real=0.00 secs] 
317.752: Total time for which application threads were stopped: 0.0052150 seconds, Stopping threads took: 0.0000610 seconds
317.939: Application time: 0.1869120 seconds
317.939: [GC [PSYoungGen: 50117K->6636K(51200K)] 114900K->80682K(167936K), 0.0047160 secs] [Times: user=0.03 sys=0.00, real=0.00 secs] 
317.944: Total time for which application threads were stopped: 0.0048800 seconds, Stopping threads took: 0.0000660 seconds
318.095: Application time: 0.1513440 seconds
318.095: [GC [PSYoungGen: 50143K->6668K(51200K)] 124189K->92115K(167936K), 0.0053480 secs] [Times: user=0.04 sys=0.00, real=0.01 secs] 
318.101: Total time for which application threads were stopped: 0.0055080 seconds, Stopping threads took: 0.0000720 seconds
318.275: Application time: 0.1741650 seconds
318.275: [GC [PSYoungGen: 50158K->6668K(51200K)] 135605K->102803K(167936K), 0.0051360 secs] [Times: user=0.04 sys=0.00, real=0.01 secs] 
318.280: Total time for which application threads were stopped: 0.0053090 seconds, Stopping threads took: 0.0000750 seconds
318.443: Application time: 0.1628580 seconds
318.443: [GC [PSYoungGen: 50159K->6668K(51200K)] 146293K->112779K(167936K), 0.0049580 secs] [Times: user=0.03 sys=0.00, real=0.01 secs] 
318.448: [Full GC [PSYoungGen: 6668K->0K(51200K)] [ParOldGen: 106110K->27019K(116736K)] 112779K->27019K(167936K) [PSPermGen: 6111K->6111K(21504K)], 0.0102520 secs] [Times: user=0.06 sys=0.00, real=0.01 secs] 
318.458: Total time for which application threads were stopped: 0.0154260 seconds, Stopping threads took: 0.0000620 seconds
318.612: Application time: 0.1532840 seconds
318.612: [GC [PSYoungGen: 43508K->6605K(51200K)] 70528K->44313K(167936K), 0.0051040 secs] [Times: user=0.04 sys=0.00, real=0.00 secs] 
318.617: Total time for which application threads were stopped: 0.0052530 seconds, Stopping threads took: 0.0000620 seconds
318.782: Application time: 0.1656510 seconds
318.783: [GC [PSYoungGen: 50087K->6573K(51200K)] 87795K->53544K(167936K), 0.0047260 secs] [Times: user=0.03 sys=0.00, real=0.01 secs] 
318.787: Total time for which application threads were stopped: 0.0048900 seconds, Stopping threads took: 0.0000710 seconds
318.937: Application time: 0.1492310 seconds
318.937: [GC [PSYoungGen: 50089K->6605K(51200K)] 97061K->63552K(167936K), 0.0050100 secs] [Times: user=0.03 sys=0.00, real=0.01 secs] 
318.942: Total time for which application threads were stopped: 0.0051610 seconds, Stopping threads took: 0.0000630 seconds
318.958: Application time: 0.0162940 seconds
318.958: [GC [PSYoungGen: 50089K->6669K(51200K)] 107037K->67891K(167936K), 0.0035770 secs] [Times: user=0.03 sys=0.00, real=0.00 secs] 
318.962: Total time for which application threads were stopped: 0.0037630 seconds, Stopping threads took: 0.0000800 seconds
318.980: Application time: 0.0178890 seconds
318.980: [GC [PSYoungGen: 50150K->6605K(51200K)] 111373K->69965K(167936K), 0.0030040 secs] [Times: user=0.03 sys=0.00, real=0.00 secs] 
318.983: Total time for which application threads were stopped: 0.0031930 seconds, Stopping threads took: 0.0001030 seconds
318.996: Application time: 0.0131190 seconds
318.996: [GC [PSYoungGen: 50107K->6669K(51200K)] 113467K->72879K(167936K), 0.0029890 secs] [Times: user=0.02 sys=0.00, real=0.01 secs] 
318.999: Total time for which application threads were stopped: 0.0031580 seconds, Stopping threads took: 0.0000850 seconds
319.154: Application time: 0.1547010 seconds
319.154: [GC [PSYoungGen: 50152K->6669K(51200K)] 116362K->82855K(167936K), 0.0049260 secs] [Times: user=0.04 sys=0.00, real=0.01 secs] 
319.159: Total time for which application threads were stopped: 0.0050760 seconds, Stopping threads took: 0.0000600 seconds
319.314: Application time: 0.1549260 seconds
319.314: [GC [PSYoungGen: 50168K->6701K(51200K)] 126355K->92863K(167936K), 0.0049510 secs] [Times: user=0.03 sys=0.00, real=0.01 secs] 
319.319: Total time for which application threads were stopped: 0.0051170 seconds, Stopping threads took: 0.0000780 seconds
319.474: Application time: 0.1549100 seconds
319.474: [GC [PSYoungGen: 50192K->6701K(51200K)] 136354K->102839K(167936K), 0.0049950 secs] [Times: user=0.04 sys=0.00, real=0.01 secs] 
319.479: Total time for which application threads were stopped: 0.0051590 seconds, Stopping threads took: 0.0000710 seconds
319.548: Application time: 0.0687870 seconds
319.548: [GC [PSYoungGen: 50218K->6700K(51200K)] 146356K->110677K(167936K), 0.0045640 secs] [Times: user=0.04 sys=0.00, real=0.00 secs] 
319.553: [Full GC [PSYoungGen: 6700K->0K(51200K)] [ParOldGen: 103976K->28445K(116736K)] 110677K->28445K(167936K) [PSPermGen: 6111K->6111K(21504K)], 0.0103110 secs] [Times: user=0.05 sys=0.00, real=0.01 secs] 
319.563: Total time for which application threads were stopped: 0.0151000 seconds, Stopping threads took: 0.0000830 seconds
319.578: Application time: 0.0151410 seconds
319.578: [GC [PSYoungGen: 43478K->6541K(51200K)] 71924K->34986K(167936K), 0.0020910 secs] [Times: user=0.01 sys=0.00, real=0.00 secs] 
319.580: Total time for which application threads were stopped: 0.0022730 seconds, Stopping threads took: 0.0001000 seconds
319.595: Application time: 0.0150460 seconds
319.596: [GC [PSYoungGen: 50024K->6541K(51200K)] 78469K->37124K(167936K), 0.0028690 secs] [Times: user=0.02 sys=0.00, real=0.01 secs] 
319.598: Total time for which application threads were stopped: 0.0030240 seconds, Stopping threads took: 0.0000730 seconds
319.665: Application time: 0.0669060 seconds
319.666: [GC [PSYoungGen: 50063K->6540K(51200K)] 80646K->45674K(167936K), 0.0046230 secs] [Times: user=0.04 sys=0.00, real=0.00 secs] 
319.671: Total time for which application threads were stopped: 0.0055040 seconds, Stopping threads took: 0.0007910 seconds
319.686: Application time: 0.0153020 seconds
319.686: [GC [PSYoungGen: 50019K->6604K(51200K)] 89152K->52151K(167936K), 0.0041380 secs] [Times: user=0.03 sys=0.01, real=0.00 secs] 
319.691: Total time for which application threads were stopped: 0.0043220 seconds, Stopping threads took: 0.0000930 seconds
319.710: Application time: 0.0193810 seconds
319.710: [GC [PSYoungGen: 50093K->6605K(51200K)] 95640K->53576K(167936K), 0.0027530 secs] [Times: user=0.02 sys=0.00, real=0.00 secs] 
319.713: Total time for which application threads were stopped: 0.0029130 seconds, Stopping threads took: 0.0000750 seconds
319.760: Application time: 0.0471700 seconds
319.760: [GC [PSYoungGen: 50093K->6604K(51200K)] 97065K->57139K(167936K), 0.0031390 secs] [Times: user=0.02 sys=0.00, real=0.00 secs] 
319.763: Total time for which application threads were stopped: 0.0033280 seconds, Stopping threads took: 0.0001000 seconds
319.921: Application time: 0.1581070 seconds
319.922: [GC [PSYoungGen: 50086K->6540K(51200K)] 100621K->67050K(167936K), 0.0049620 secs] [Times: user=0.04 sys=0.00, real=0.01 secs] 
319.927: Total time for which application threads were stopped: 0.0051150 seconds, Stopping threads took: 0.0000650 seconds
320.034: Application time: 0.1078030 seconds
320.034: [GC [PSYoungGen: 50071K->6636K(51200K)] 110581K->77835K(167936K), 0.0053280 secs] [Times: user=0.04 sys=0.00, real=0.01 secs] 
320.040: Total time for which application threads were stopped: 0.0055100 seconds, Stopping threads took: 0.0000800 seconds
320.058: Application time: 0.0181500 seconds
320.058: [GC [PSYoungGen: 50119K->6652K(51200K)] 121317K->77851K(167936K), 0.0022120 secs] [Times: user=0.01 sys=0.00, real=0.00 secs] 
320.060: Total time for which application threads were stopped: 0.0023610 seconds, Stopping threads took: 0.0000710 seconds
320.078: Application time: 0.0171690 seconds
320.078: [GC [PSYoungGen: 50135K->6637K(51200K)] 121333K->79972K(167936K), 0.0029400 secs] [Times: user=0.02 sys=0.00, real=0.00 secs] 
320.081: Total time for which application threads were stopped: 0.0031260 seconds, Stopping threads took: 0.0000890 seconds
320.156: Application time: 0.0756440 seconds
320.156: [GC [PSYoungGen: 50129K->6636K(51200K)] 123465K->89948K(167936K), 0.0048870 secs] [Times: user=0.04 sys=0.00, real=0.01 secs] 
320.161: Total time for which application threads were stopped: 0.0050490 seconds, Stopping threads took: 0.0000720 seconds
320.268: Application time: 0.1067880 seconds
320.268: [GC [PSYoungGen: 50152K->6732K(51200K)] 133463K->100019K(167936K), 0.0051180 secs] [Times: user=0.04 sys=0.00, real=0.00 secs] 
320.273: Total time for which application threads were stopped: 0.0052930 seconds, Stopping threads took: 0.0000830 seconds
320.289: Application time: 0.0153320 seconds
320.289: [GC [PSYoungGen: 50110K->6732K(51200K)] 143397K->101444K(167936K), 0.0028530 secs] [Times: user=0.01 sys=0.00, real=0.00 secs] 
320.292: Total time for which application threads were stopped: 0.0030450 seconds, Stopping threads took: 0.0000980 seconds
320.307: Application time: 0.0150280 seconds
320.307: [GC [PSYoungGen: 50343K->6700K(51200K)] 145055K->103550K(167936K), 0.0029900 secs] [Times: user=0.02 sys=0.00, real=0.00 secs] 
320.310: Total time for which application threads were stopped: 0.0031510 seconds, Stopping threads took: 0.0000740 seconds
320.321: Application time: 0.0113490 seconds
320.322: [GC [PSYoungGen: 50187K->6684K(51200K)] 147037K->106384K(167936K), 0.0032340 secs] [Times: user=0.02 sys=0.00, real=0.00 secs] 
320.325: Total time for which application threads were stopped: 0.0034230 seconds, Stopping threads took: 0.0001000 seconds
320.335: Application time: 0.0105060 seconds
320.338: [GC [PSYoungGen: 50168K->6700K(51200K)] 149868K->107825K(167936K), 0.0025850 secs] [Times: user=0.01 sys=0.00, real=0.00 secs] 
320.340: Total time for which application threads were stopped: 0.0050450 seconds, Stopping threads took: 0.0023800 seconds
320.357: Application time: 0.0167190 seconds
320.357: [GC [PSYoungGen: 50194K->6716K(51200K)] 151319K->114254K(167936K), 0.0042150 secs] [Times: user=0.03 sys=0.00, real=0.01 secs] 
320.362: [Full GC [PSYoungGen: 6716K->0K(51200K)] [ParOldGen: 107537K->27020K(116736K)] 114254K->27020K(167936K) [PSPermGen: 6111K->6111K(21504K)], 0.0101120 secs] [Times: user=0.05 sys=0.00, real=0.01 secs] 
320.372: Total time for which application threads were stopped: 0.0146050 seconds, Stopping threads took: 0.0001300 seconds
320.437: Application time: 0.0652640 seconds
320.437: [GC [PSYoungGen: 43489K->6508K(51200K)] 70509K->39229K(167936K), 0.0037340 secs] [Times: user=0.03 sys=0.01, real=0.01 secs] 
320.441: Total time for which application threads were stopped: 0.0038830 seconds, Stopping threads took: 0.0000610 seconds
320.528: Application time: 0.0867760 seconds
320.528: [GC [PSYoungGen: 50023K->6508K(51200K)] 82743K->47779K(167936K), 0.0045940 secs] [Times: user=0.04 sys=0.00, real=0.00 secs] 
320.533: Total time for which application threads were stopped: 0.0050260 seconds, Stopping threads took: 0.0003430 seconds
320.548: Application time: 0.0158340 seconds
320.549: [GC [PSYoungGen: 49994K->6604K(51200K)] 91265K->51438K(167936K), 0.0033270 secs] [Times: user=0.03 sys=0.00, real=0.00 secs] 
320.552: Total time for which application threads were stopped: 0.0034990 seconds, Stopping threads took: 0.0000710 seconds
320.569: Application time: 0.0165740 seconds
320.569: [GC [PSYoungGen: 50087K->6604K(51200K)] 94920K->52863K(167936K), 0.0027770 secs] [Times: user=0.02 sys=0.00, real=0.00 secs] 
320.572: Total time for which application threads were stopped: 0.0029610 seconds, Stopping threads took: 0.0000940 seconds
320.679: Application time: 0.1070300 seconds
320.679: [GC [PSYoungGen: 50102K->6540K(51200K)] 96361K->62774K(167936K), 0.0048880 secs] [Times: user=0.03 sys=0.00, real=0.00 secs] 
320.684: Total time for which application threads were stopped: 0.0050400 seconds, Stopping threads took: 0.0000640 seconds
320.875: Application time: 0.1909920 seconds
320.875: [GC [PSYoungGen: 50028K->6636K(51200K)] 106262K->73558K(167936K), 0.0052130 secs] [Times: user=0.04 sys=0.00, real=0.01 secs] 
320.880: Total time for which application threads were stopped: 0.0053630 seconds, Stopping threads took: 0.0000580 seconds
321.003: Application time: 0.1234080 seconds
321.003: [GC [PSYoungGen: 50161K->6700K(51200K)] 117082K->83597K(167936K), 0.0051070 secs] [Times: user=0.04 sys=0.00, real=0.01 secs] 
321.009: Total time for which application threads were stopped: 0.0052680 seconds, Stopping threads took: 0.0000680 seconds
321.027: Application time: 0.0183210 seconds
321.027: [GC [PSYoungGen: 50180K->5988K(51200K)] 127077K->82884K(167936K), 0.0020620 secs] [Times: user=0.01 sys=0.00, real=0.00 secs] 
321.029: Total time for which application threads were stopped: 0.0022230 seconds, Stopping threads took: 0.0000810 seconds
321.047: Application time: 0.0175030 seconds
321.047: [GC [PSYoungGen: 49470K->6604K(51200K)] 126366K->85639K(167936K), 0.0029640 secs] [Times: user=0.02 sys=0.00, real=0.00 secs] 
321.050: Total time for which application threads were stopped: 0.0031220 seconds, Stopping threads took: 0.0000740 seconds
321.116: Application time: 0.0665020 seconds
321.116: [GC [PSYoungGen: 50097K->6636K(51200K)] 129132K->94933K(167936K), 0.0046720 secs] [Times: user=0.04 sys=0.00, real=0.01 secs] 
321.121: Total time for which application threads were stopped: 0.0048480 seconds, Stopping threads took: 0.0000690 seconds
321.307: Application time: 0.1863220 seconds
321.308: [GC [PSYoungGen: 50124K->6732K(51200K)] 138421K->105004K(167936K), 0.0049560 secs] [Times: user=0.03 sys=0.00, real=0.00 secs] 
321.313: Total time for which application threads were stopped: 0.0051070 seconds, Stopping threads took: 0.0000600 seconds
321.514: Application time: 0.2015140 seconds
321.514: [GC [PSYoungGen: 50229K->6668K(51200K)] 148501K->116341K(167936K), 0.0054210 secs] [Times: user=0.04 sys=0.00, real=0.01 secs] 
321.520: [Full GC [PSYoungGen: 6668K->0K(51200K)] [ParOldGen: 109672K->29157K(116736K)] 116341K->29157K(167936K) [PSPermGen: 6111K->6111K(21504K)], 0.0104780 secs] [Times: user=0.05 sys=0.00, real=0.01 secs] 
321.530: Total time for which application threads were stopped: 0.0161070 seconds, Stopping threads took: 0.0000660 seconds
321.701: Application time: 0.1712040 seconds
321.702: [GC [PSYoungGen: 43505K->6540K(51200K)] 72662K->46385K(167936K), 0.0049520 secs] [Times: user=0.04 sys=0.00, real=0.01 secs] 
321.707: Total time for which application threads were stopped: 0.0051210 seconds, Stopping threads took: 0.0000690 seconds
321.875: Application time: 0.1682790 seconds
321.875: [GC [PSYoungGen: 50021K->6572K(51200K)] 89866K->56393K(167936K), 0.0049680 secs] [Times: user=0.03 sys=0.00, real=0.01 secs] 
321.880: Total time for which application threads were stopped: 0.0051320 seconds, Stopping threads took: 0.0000740 seconds
322.081: Application time: 0.2009850 seconds
322.081: [GC [PSYoungGen: 50068K->6604K(51200K)] 99889K->66400K(167936K), 0.0048750 secs] [Times: user=0.03 sys=0.01, real=0.01 secs] 
322.086: Total time for which application threads were stopped: 0.0050450 seconds, Stopping threads took: 0.0000610 seconds
322.251: Application time: 0.1654020 seconds
322.252: [GC [PSYoungGen: 50094K->6668K(51200K)] 109890K->76440K(167936K), 0.0049150 secs] [Times: user=0.04 sys=0.00, real=0.00 secs] 
322.256: Total time for which application threads were stopped: 0.0050810 seconds, Stopping threads took: 0.0000670 seconds
322.426: Application time: 0.1694390 seconds
322.426: [GC [PSYoungGen: 50167K->6604K(51200K)] 119939K->87064K(167936K), 0.0051110 secs] [Times: user=0.03 sys=0.00, real=0.00 secs] 
322.431: Total time for which application threads were stopped: 0.0052700 seconds, Stopping threads took: 0.0000700 seconds
322.588: Application time: 0.1565210 seconds
322.588: [GC [PSYoungGen: 50095K->6669K(51200K)] 130555K->96392K(167936K), 0.0046000 secs] [Times: user=0.04 sys=0.00, real=0.00 secs] 
322.592: Total time for which application threads were stopped: 0.0047500 seconds, Stopping threads took: 0.0000620 seconds
322.744: Application time: 0.1514260 seconds
322.744: [GC [PSYoungGen: 50159K->6669K(51200K)] 139882K->106367K(167936K), 0.0049760 secs] [Times: user=0.04 sys=0.00, real=0.01 secs] 
322.749: Total time for which application threads were stopped: 0.0051470 seconds, Stopping threads took: 0.0000810 seconds
322.908: Application time: 0.1591240 seconds
322.908: [GC [PSYoungGen: 50160K->6669K(51200K)] 149858K->117056K(167936K), 0.0052200 secs] [Times: user=0.04 sys=0.00, real=0.00 secs] 
322.914: [Full GC [PSYoungGen: 6669K->0K(51200K)] [ParOldGen: 110387K->28446K(116736K)] 117056K->28446K(167936K) [PSPermGen: 6111K->6111K(21504K)], 0.0104790 secs] [Times: user=0.06 sys=0.00, real=0.01 secs] 
322.924: Total time for which application threads were stopped: 0.0159550 seconds, Stopping threads took: 0.0001000 seconds
323.091: Application time: 0.1668220 seconds
323.091: [GC [PSYoungGen: 43499K->6541K(51200K)] 71946K->44250K(167936K), 0.0047460 secs] [Times: user=0.04 sys=0.00, real=0.00 secs] 
323.096: Total time for which application threads were stopped: 0.0049150 seconds, Stopping threads took: 0.0000830 seconds
323.124: Application time: 0.0279520 seconds
323.124: [GC [PSYoungGen: 50051K->6573K(51200K)] 87761K->48557K(167936K), 0.0035500 secs] [Times: user=0.03 sys=0.00, real=0.01 secs] 
323.128: Total time for which application threads were stopped: 0.0037290 seconds, Stopping threads took: 0.0000830 seconds
323.146: Application time: 0.0185450 seconds
323.146: [GC [PSYoungGen: 50049K->6605K(51200K)] 92034K->48590K(167936K), 0.0023380 secs] [Times: user=0.02 sys=0.00, real=0.00 secs] 
323.149: Total time for which application threads were stopped: 0.0024990 seconds, Stopping threads took: 0.0000800 seconds
323.160: Application time: 0.0115570 seconds
323.160: [GC [PSYoungGen: 50089K->6605K(51200K)] 92074K->52152K(167936K), 0.0033090 secs] [Times: user=0.03 sys=0.00, real=0.00 secs] 
323.164: Total time for which application threads were stopped: 0.0034850 seconds, Stopping threads took: 0.0000860 seconds
323.309: Application time: 0.1449330 seconds
323.309: [GC [PSYoungGen: 50104K->6573K(51200K)] 95652K->62809K(167936K), 0.0051400 secs] [Times: user=0.04 sys=0.00, real=0.00 secs] 
323.314: Total time for which application threads were stopped: 0.0052970 seconds, Stopping threads took: 0.0000700 seconds
323.476: Application time: 0.1616680 seconds
323.476: [GC [PSYoungGen: 50064K->6637K(51200K)] 106300K->72849K(167936K), 0.0048560 secs] [Times: user=0.04 sys=0.00, real=0.01 secs] 
323.481: Total time for which application threads were stopped: 0.0050130 seconds, Stopping threads took: 0.0000590 seconds
323.603: Application time: 0.1223630 seconds
323.603: [GC [PSYoungGen: 50153K->6636K(51200K)] 116365K->83537K(167936K), 0.0051690 secs] [Times: user=0.03 sys=0.00, real=0.01 secs] 
323.608: Total time for which application threads were stopped: 0.0053230 seconds, Stopping threads took: 0.0000590 seconds
323.627: Application time: 0.0185340 seconds
323.627: [GC [PSYoungGen: 50110K->6732K(51200K)] 127011K->83633K(167936K), 0.0023920 secs] [Times: user=0.02 sys=0.00, real=0.00 secs] 
323.629: Total time for which application threads were stopped: 0.0025960 seconds, Stopping threads took: 0.0001180 seconds
323.648: Application time: 0.0183370 seconds
323.648: [GC [PSYoungGen: 50223K->6701K(51200K)] 127123K->85739K(167936K), 0.0029340 secs] [Times: user=0.02 sys=0.00, real=0.00 secs] 
323.651: Total time for which application threads were stopped: 0.0031120 seconds, Stopping threads took: 0.0000870 seconds
323.667: Application time: 0.0159930 seconds
323.667: [GC [PSYoungGen: 50194K->6620K(51200K)] 129232K->89221K(167936K), 0.0031980 secs] [Times: user=0.02 sys=0.00, real=0.00 secs] 
323.670: Total time for which application threads were stopped: 0.0033740 seconds, Stopping threads took: 0.0000870 seconds
323.752: Application time: 0.0822540 seconds
323.753: [GC [PSYoungGen: 50136K->6732K(51200K)] 132737K->97884K(167936K), 0.0047370 secs] [Times: user=0.03 sys=0.00, real=0.01 secs] 
323.758: Total time for which application threads were stopped: 0.0052720 seconds, Stopping threads took: 0.0004400 seconds
323.773: Application time: 0.0155590 seconds
323.773: [GC [PSYoungGen: 50219K->6668K(51200K)] 141371K->100670K(167936K), 0.0031460 secs] [Times: user=0.02 sys=0.00, real=0.00 secs] 
323.777: Total time for which application threads were stopped: 0.0033430 seconds, Stopping threads took: 0.0001090 seconds
323.793: Application time: 0.0165840 seconds
323.793: [GC [PSYoungGen: 50150K->6669K(51200K)] 144151K->101383K(167936K), 0.0026350 secs] [Times: user=0.02 sys=0.00, real=0.00 secs] 
323.796: Total time for which application threads were stopped: 0.0028150 seconds, Stopping threads took: 0.0000900 seconds
323.890: Application time: 0.0942090 seconds
323.890: [GC [PSYoungGen: 50161K->6732K(51200K)] 144876K->111423K(167936K), 0.0048860 secs] [Times: user=0.04 sys=0.00, real=0.00 secs] 
323.895: [Full GC [PSYoungGen: 6732K->0K(51200K)] [ParOldGen: 104690K->27960K(116736K)] 111423K->27960K(167936K) [PSPermGen: 6111K->6111K(21504K)], 0.0099670 secs] [Times: user=0.05 sys=0.00, real=0.01 secs] 
323.905: Total time for which application threads were stopped: 0.0150530 seconds, Stopping threads took: 0.0000570 seconds
324.072: Application time: 0.1668190 seconds
324.072: [GC [PSYoungGen: 43481K->7157K(51200K)] 71441K->43668K(167936K), 0.0046280 secs] [Times: user=0.03 sys=0.00, real=0.00 secs] 
324.077: Total time for which application threads were stopped: 0.0048030 seconds, Stopping threads took: 0.0000690 seconds
324.118: Application time: 0.0408590 seconds
324.118: [GC [PSYoungGen: 50680K->6572K(51200K)] 87191K->50921K(167936K), 0.0045390 secs] [Times: user=0.03 sys=0.00, real=0.00 secs] 
324.122: Total time for which application threads were stopped: 0.0047000 seconds, Stopping threads took: 0.0000700 seconds
324.137: Application time: 0.0147960 seconds
324.137: [GC [PSYoungGen: 50059K->6605K(51200K)] 94408K->55941K(167936K), 0.0038190 secs] [Times: user=0.03 sys=0.00, real=0.01 secs] 
324.141: Total time for which application threads were stopped: 0.0040010 seconds, Stopping threads took: 0.0000930 seconds
324.156: Application time: 0.0149030 seconds
324.156: [GC [PSYoungGen: 50086K->6605K(51200K)] 99422K->55941K(167936K), 0.0023530 secs] [Times: user=0.01 sys=0.00, real=0.01 secs] 
324.159: Total time for which application threads were stopped: 0.0025180 seconds, Stopping threads took: 0.0000800 seconds
324.291: Application time: 0.1319650 seconds
324.291: [GC [PSYoungGen: 50094K->6604K(51200K)] 99430K->65916K(167936K), 0.0048700 secs] [Times: user=0.03 sys=0.00, real=0.00 secs] 
324.296: Total time for which application threads were stopped: 0.0050300 seconds, Stopping threads took: 0.0000690 seconds
324.327: Application time: 0.0316310 seconds
324.327: [GC [PSYoungGen: 50117K->6636K(51200K)] 109428K->73073K(167936K), 0.0043530 secs] [Times: user=0.03 sys=0.00, real=0.00 secs] 
324.332: Total time for which application threads were stopped: 0.0045240 seconds, Stopping threads took: 0.0000760 seconds
324.349: Application time: 0.0170070 seconds
324.349: [GC [PSYoungGen: 50114K->6669K(51200K)] 116551K->75243K(167936K), 0.0029730 secs] [Times: user=0.02 sys=0.00, real=0.00 secs] 
324.352: Total time for which application threads were stopped: 0.0031390 seconds, Stopping threads took: 0.0000780 seconds
324.365: Application time: 0.0126020 seconds
324.365: [GC [PSYoungGen: 50247K->6717K(51200K)] 118821K->76004K(167936K), 0.0024970 secs] [Times: user=0.02 sys=0.00, real=0.01 secs] 
324.367: Total time for which application threads were stopped: 0.0026610 seconds, Stopping threads took: 0.0000830 seconds
324.393: Application time: 0.0255570 seconds
324.393: [GC [PSYoungGen: 50143K->6668K(51200K)] 119430K->82368K(167936K), 0.0041840 secs] [Times: user=0.03 sys=0.00, real=0.00 secs] 
324.397: Total time for which application threads were stopped: 0.0043590 seconds, Stopping threads took: 0.0000850 seconds
324.412: Application time: 0.0151720 seconds
324.413: [GC [PSYoungGen: 50147K->6668K(51200K)] 125847K->85218K(167936K), 0.0031920 secs] [Times: user=0.02 sys=0.00, real=0.00 secs] 
324.416: Total time for which application threads were stopped: 0.0033730 seconds, Stopping threads took: 0.0000920 seconds
324.430: Application time: 0.0138730 seconds
324.430: [GC [PSYoungGen: 50152K->6668K(51200K)] 128701K->88069K(167936K), 0.0032560 secs] [Times: user=0.03 sys=0.00, real=0.00 secs] 
324.433: Total time for which application threads were stopped: 0.0034510 seconds, Stopping threads took: 0.0001100 seconds
324.570: Application time: 0.1370090 seconds
324.570: [GC [PSYoungGen: 50157K->6636K(51200K)] 131558K->98012K(167936K), 0.0050610 secs] [Times: user=0.04 sys=0.00, real=0.00 secs] 
324.575: Total time for which application threads were stopped: 0.0052780 seconds, Stopping threads took: 0.0000850 seconds
324.710: Application time: 0.1344340 seconds
324.710: [GC [PSYoungGen: 50153K->6668K(51200K)] 141528K->108732K(167936K), 0.0054300 secs] [Times: user=0.04 sys=0.00, real=0.00 secs] 
324.715: [Full GC [PSYoungGen: 6668K->0K(51200K)] [ParOldGen: 102063K->27020K(116736K)] 108732K->27020K(167936K) [PSPermGen: 6111K->6111K(21504K)], 0.0100520 secs] [Times: user=0.05 sys=0.00, real=0.01 secs] 
324.726: Total time for which application threads were stopped: 0.0157120 seconds, Stopping threads took: 0.0000750 seconds
324.742: Application time: 0.0163850 seconds
324.742: [GC [PSYoungGen: 43475K->3722K(51200K)] 70496K->30742K(167936K), 0.0014210 secs] [Times: user=0.00 sys=0.00, real=0.00 secs] 
324.743: Total time for which application threads were stopped: 0.0015740 seconds, Stopping threads took: 0.0000810 seconds
324.763: Application time: 0.0190340 seconds
324.763: [GC [PSYoungGen: 47218K->6572K(51200K)] 74238K->36443K(167936K), 0.0030730 secs] [Times: user=0.02 sys=0.00, real=0.01 secs] 
324.766: Total time for which application threads were stopped: 0.0032400 seconds, Stopping threads took: 0.0000790 seconds
324.809: Application time: 0.0435290 seconds
324.809: [GC [PSYoungGen: 50068K->6604K(51200K)] 79939K->45025K(167936K), 0.0045550 secs] [Times: user=0.03 sys=0.01, real=0.00 secs] 
324.814: Total time for which application threads were stopped: 0.0047050 seconds, Stopping threads took: 0.0000620 seconds
325.006: Application time: 0.1924650 seconds
325.010: [GC [PSYoungGen: 50084K->6572K(51200K)] 88505K->54256K(167936K), 0.0047810 secs] [Times: user=0.04 sys=0.00, real=0.00 secs] 
325.015: Total time for which application threads were stopped: 0.0080890 seconds, Stopping threads took: 0.0032180 seconds
325.114: Application time: 0.0991490 seconds
325.114: [GC [PSYoungGen: 50086K->6604K(51200K)] 97770K->64263K(167936K), 0.0051000 secs] [Times: user=0.04 sys=0.00, real=0.01 secs] 
325.119: Total time for which application threads were stopped: 0.0052880 seconds, Stopping threads took: 0.0000960 seconds
325.133: Application time: 0.0144020 seconds
325.134: [GC [PSYoungGen: 50109K->6668K(51200K)] 107768K->70027K(167936K), 0.0039190 secs] [Times: user=0.03 sys=0.00, real=0.00 secs] 
325.137: Total time for which application threads were stopped: 0.0040850 seconds, Stopping threads took: 0.0000740 seconds
325.154: Application time: 0.0164250 seconds
325.154: [GC [PSYoungGen: 50151K->6668K(51200K)] 113510K->72165K(167936K), 0.0029730 secs] [Times: user=0.03 sys=0.00, real=0.00 secs] 
325.157: Total time for which application threads were stopped: 0.0031430 seconds, Stopping threads took: 0.0000780 seconds
325.254: Application time: 0.0970380 seconds
325.254: [GC [PSYoungGen: 50160K->6668K(51200K)] 115657K->82140K(167936K), 0.0049060 secs] [Times: user=0.04 sys=0.00, real=0.01 secs] 
325.259: Total time for which application threads were stopped: 0.0050690 seconds, Stopping threads took: 0.0000650 seconds
325.448: Application time: 0.1886660 seconds
325.448: [GC [PSYoungGen: 50165K->6700K(51200K)] 125636K->93572K(167936K), 0.0053030 secs] [Times: user=0.04 sys=0.00, real=0.00 secs] 
325.453: Total time for which application threads were stopped: 0.0054730 seconds, Stopping threads took: 0.0000830 seconds
325.639: Application time: 0.1854280 seconds
325.639: [GC [PSYoungGen: 50180K->6700K(51200K)] 137052K->102835K(167936K), 0.0048010 secs] [Times: user=0.02 sys=0.00, real=0.00 secs] 
325.644: Total time for which application threads were stopped: 0.0050520 seconds, Stopping threads took: 0.0001470 seconds
325.828: Application time: 0.1838780 seconds
325.828: [GC [PSYoungGen: 50204K->6700K(51200K)] 146339K->113523K(167936K), 0.0051590 secs] [Times: user=0.03 sys=0.00, real=0.00 secs] 
325.833: [Full GC [PSYoungGen: 6700K->0K(51200K)] [ParOldGen: 106822K->27020K(116736K)] 113523K->27020K(167936K) [PSPermGen: 6111K->6111K(21504K)], 0.0106340 secs] [Times: user=0.06 sys=0.00, real=0.01 secs] 
325.844: Total time for which application threads were stopped: 0.0160370 seconds, Stopping threads took: 0.0000860 seconds
326.037: Application time: 0.1932550 seconds
326.038: [GC [PSYoungGen: 43480K->7125K(51200K)] 70501K->43408K(167936K), 0.0049340 secs] [Times: user=0.03 sys=0.00, real=0.00 secs] 
326.043: Total time for which application threads were stopped: 0.0057540 seconds, Stopping threads took: 0.0007330 seconds
326.228: Application time: 0.1848240 seconds
326.228: [GC [PSYoungGen: 50629K->6572K(51200K)] 86913K->53544K(167936K), 0.0051090 secs] [Times: user=0.04 sys=0.00, real=0.00 secs] 
326.233: Total time for which application threads were stopped: 0.0052670 seconds, Stopping threads took: 0.0000660 seconds
326.384: Application time: 0.1511810 seconds
326.384: [GC [PSYoungGen: 50071K->6604K(51200K)] 97042K->64976K(167936K), 0.0052550 secs] [Times: user=0.04 sys=0.00, real=0.01 secs] 
326.389: Total time for which application threads were stopped: 0.0054190 seconds, Stopping threads took: 0.0000680 seconds
326.554: Application time: 0.1647680 seconds
326.554: [GC [PSYoungGen: 50086K->6668K(51200K)] 108458K->74304K(167936K), 0.0047510 secs] [Times: user=0.03 sys=0.00, real=0.01 secs] 
326.559: Total time for which application threads were stopped: 0.0048950 seconds, Stopping threads took: 0.0000510 seconds
326.724: Application time: 0.1644300 seconds
326.724: [GC [PSYoungGen: 50159K->6637K(51200K)] 117794K->83535K(167936K), 0.0047330 secs] [Times: user=0.03 sys=0.00, real=0.01 secs] 
326.728: Total time for which application threads were stopped: 0.0048850 seconds, Stopping threads took: 0.0000680 seconds
326.888: Application time: 0.1591900 seconds
326.888: [GC [PSYoungGen: 50136K->6669K(51200K)] 127035K->93543K(167936K), 0.0048800 secs] [Times: user=0.04 sys=0.00, real=0.00 secs] 
326.893: Total time for which application threads were stopped: 0.0050430 seconds, Stopping threads took: 0.0000660 seconds
327.044: Application time: 0.1518100 seconds
327.045: [GC [PSYoungGen: 50151K->6669K(51200K)] 137025K->102806K(167936K), 0.0047590 secs] [Times: user=0.03 sys=0.00, real=0.01 secs] 
327.049: Total time for which application threads were stopped: 0.0049080 seconds, Stopping threads took: 0.0000630 seconds
327.123: Application time: 0.0733070 seconds
327.123: [GC [PSYoungGen: 50186K->6701K(51200K)] 146324K->111389K(167936K), 0.0046870 secs] [Times: user=0.04 sys=0.00, real=0.01 secs] 
327.128: [Full GC [PSYoungGen: 6701K->0K(51200K)] [ParOldGen: 104688K->27734K(116736K)] 111389K->27734K(167936K) [PSPermGen: 6111K->6111K(21504K)], 0.0101680 secs] [Times: user=0.06 sys=0.00, real=0.01 secs] 
327.138: Total time for which application threads were stopped: 0.0150870 seconds, Stopping threads took: 0.0000920 seconds
327.156: Application time: 0.0183020 seconds
327.156: [GC [PSYoungGen: 43489K->6573K(51200K)] 71223K->35732K(167936K), 0.0027160 secs] [Times: user=0.02 sys=0.00, real=0.01 secs] 
327.159: Total time for which application threads were stopped: 0.0028950 seconds, Stopping threads took: 0.0000890 seconds
327.174: Application time: 0.0152860 seconds
327.174: [GC [PSYoungGen: 50054K->6573K(51200K)] 79213K->36445K(167936K), 0.0025110 secs] [Times: user=0.02 sys=0.00, real=0.00 secs] 
327.177: Total time for which application threads were stopped: 0.0026910 seconds, Stopping threads took: 0.0000880 seconds
327.275: Application time: 0.0983690 seconds
327.275: [GC [PSYoungGen: 50072K->6573K(51200K)] 79944K->47133K(167936K), 0.0050820 secs] [Times: user=0.04 sys=0.00, real=0.01 secs] 
327.281: Total time for which application threads were stopped: 0.0052310 seconds, Stopping threads took: 0.0000570 seconds
327.427: Application time: 0.1466640 seconds
327.427: [GC [PSYoungGen: 50072K->6605K(51200K)] 90633K->57854K(167936K), 0.0050870 secs] [Times: user=0.03 sys=0.00, real=0.00 secs] 
327.432: Total time for which application threads were stopped: 0.0052470 seconds, Stopping threads took: 0.0000590 seconds
327.603: Application time: 0.1707470 seconds
327.603: [GC [PSYoungGen: 50087K->6573K(51200K)] 101336K->67085K(167936K), 0.0047060 secs] [Times: user=0.03 sys=0.00, real=0.01 secs] 
327.608: Total time for which application threads were stopped: 0.0048790 seconds, Stopping threads took: 0.0000850 seconds
327.757: Application time: 0.1488550 seconds
327.757: [GC [PSYoungGen: 50088K->6668K(51200K)] 110600K->77156K(167936K), 0.0048470 secs] [Times: user=0.03 sys=0.00, real=0.01 secs] 
327.762: Total time for which application threads were stopped: 0.0050240 seconds, Stopping threads took: 0.0000870 seconds
327.780: Application time: 0.0176550 seconds
327.780: [GC [PSYoungGen: 50144K->6668K(51200K)] 120632K->80719K(167936K), 0.0033230 secs] [Times: user=0.03 sys=0.00, real=0.00 secs] 
327.783: Total time for which application threads were stopped: 0.0034980 seconds, Stopping threads took: 0.0000760 seconds
327.800: Application time: 0.0172220 seconds
327.801: [GC [PSYoungGen: 50151K->6669K(51200K)] 124202K->82857K(167936K), 0.0028230 secs] [Times: user=0.02 sys=0.00, real=0.00 secs] 
327.804: Total time for which application threads were stopped: 0.0032060 seconds, Stopping threads took: 0.0002980 seconds
327.816: Application time: 0.0120000 seconds
327.816: [GC [PSYoungGen: 50161K->6669K(51200K)] 126350K->86420K(167936K), 0.0032680 secs] [Times: user=0.03 sys=0.00, real=0.01 secs] 
327.819: Total time for which application threads were stopped: 0.0034440 seconds, Stopping threads took: 0.0000890 seconds
327.890: Application time: 0.0709420 seconds
327.891: [GC [PSYoungGen: 50192K->6684K(51200K)] 129943K->94986K(167936K), 0.0046810 secs] [Times: user=0.03 sys=0.00, real=0.00 secs] 
327.896: Total time for which application threads were stopped: 0.0056430 seconds, Stopping threads took: 0.0008710 seconds
327.910: Application time: 0.0148900 seconds
327.911: [GC [PSYoungGen: 50171K->6668K(51200K)] 138473K->99245K(167936K), 0.0035800 secs] [Times: user=0.02 sys=0.01, real=0.00 secs] 
327.914: Total time for which application threads were stopped: 0.0037730 seconds, Stopping threads took: 0.0001030 seconds
327.931: Application time: 0.0165240 seconds
327.931: [GC [PSYoungGen: 50152K->6637K(51200K)] 142728K->100639K(167936K), 0.0027580 secs] [Times: user=0.01 sys=0.00, real=0.00 secs] 
327.934: Total time for which application threads were stopped: 0.0029310 seconds, Stopping threads took: 0.0000790 seconds
328.015: Application time: 0.0809020 seconds
328.015: [GC [PSYoungGen: 50129K->6732K(51200K)] 144131K->111423K(167936K), 0.0052030 secs] [Times: user=0.04 sys=0.00, real=0.01 secs] 
328.020: [Full GC [PSYoungGen: 6732K->0K(51200K)] [ParOldGen: 104690K->28644K(116736K)] 111423K->28644K(167936K) [PSPermGen: 6111K->6111K(21504K)], 0.0101270 secs] [Times: user=0.05 sys=0.00, real=0.01 secs] 
328.030: Total time for which application threads were stopped: 0.0155410 seconds, Stopping threads took: 0.0000700 seconds
328.170: Application time: 0.1396450 seconds
328.170: [GC [PSYoungGen: 43515K->7157K(51200K)] 72159K->45809K(167936K), 0.0052450 secs] [Times: user=0.03 sys=0.00, real=0.00 secs] 
328.175: Total time for which application threads were stopped: 0.0054070 seconds, Stopping threads took: 0.0000730 seconds
328.191: Application time: 0.0160330 seconds
328.191: [GC [PSYoungGen: 50641K->6572K(51200K)] 89293K->50212K(167936K), 0.0036500 secs] [Times: user=0.03 sys=0.00, real=0.00 secs] 
328.195: Total time for which application threads were stopped: 0.0038220 seconds, Stopping threads took: 0.0000870 seconds
328.214: Application time: 0.0193560 seconds
328.215: [GC [PSYoungGen: 50072K->6605K(51200K)] 93711K->53807K(167936K), 0.0032780 secs] [Times: user=0.03 sys=0.00, real=0.01 secs] 
328.218: Total time for which application threads were stopped: 0.0034370 seconds, Stopping threads took: 0.0000720 seconds
328.277: Application time: 0.0590990 seconds
328.277: [GC [PSYoungGen: 50091K->6604K(51200K)] 97293K->59507K(167936K), 0.0037090 secs] [Times: user=0.03 sys=0.00, real=0.01 secs] 
328.281: Total time for which application threads were stopped: 0.0038510 seconds, Stopping threads took: 0.0000550 seconds
328.380: Application time: 0.0990620 seconds
328.380: [GC [PSYoungGen: 50120K->6636K(51200K)] 103022K->68089K(167936K), 0.0045660 secs] [Times: user=0.04 sys=0.00, real=0.00 secs] 
328.385: Total time for which application threads were stopped: 0.0047370 seconds, Stopping threads took: 0.0000770 seconds
328.402: Application time: 0.0177560 seconds
328.403: [GC [PSYoungGen: 50118K->6636K(51200K)] 111571K->69514K(167936K), 0.0025910 secs] [Times: user=0.02 sys=0.00, real=0.00 secs] 
328.405: Total time for which application threads were stopped: 0.0027510 seconds, Stopping threads took: 0.0000770 seconds
328.422: Application time: 0.0165690 seconds
328.422: [GC [PSYoungGen: 50040K->6653K(51200K)] 112918K->70243K(167936K), 0.0026130 secs] [Times: user=0.02 sys=0.00, real=0.00 secs] 
328.425: Total time for which application threads were stopped: 0.0027740 seconds, Stopping threads took: 0.0000690 seconds
328.437: Application time: 0.0127760 seconds
328.438: [GC [PSYoungGen: 50246K->6636K(51200K)] 113837K->73789K(167936K), 0.0032920 secs] [Times: user=0.02 sys=0.00, real=0.01 secs] 
328.441: Total time for which application threads were stopped: 0.0035770 seconds, Stopping threads took: 0.0001740 seconds
328.457: Application time: 0.0163980 seconds
328.457: [GC [PSYoungGen: 50120K->6636K(51200K)] 117274K->75927K(167936K), 0.0027740 secs] [Times: user=0.02 sys=0.00, real=0.01 secs] 
328.460: Total time for which application threads were stopped: 0.0029490 seconds, Stopping threads took: 0.0000850 seconds
328.478: Application time: 0.0178610 seconds
328.478: [GC [PSYoungGen: 50121K->6636K(51200K)] 119412K->81628K(167936K), 0.0039020 secs] [Times: user=0.03 sys=0.00, real=0.00 secs] 
328.482: Total time for which application threads were stopped: 0.0040590 seconds, Stopping threads took: 0.0000720 seconds
328.553: Application time: 0.0703710 seconds
328.553: [GC [PSYoungGen: 50126K->6668K(51200K)] 125118K->87360K(167936K), 0.0037660 secs] [Times: user=0.03 sys=0.00, real=0.00 secs] 
328.556: Total time for which application threads were stopped: 0.0039190 seconds, Stopping threads took: 0.0000670 seconds
328.713: Application time: 0.1562060 seconds
328.713: [GC [PSYoungGen: 50149K->6668K(51200K)] 130840K->97335K(167936K), 0.0050180 secs] [Times: user=0.03 sys=0.00, real=0.01 secs] 
328.718: Total time for which application threads were stopped: 0.0051840 seconds, Stopping threads took: 0.0000760 seconds
328.876: Application time: 0.1585590 seconds
328.877: [GC [PSYoungGen: 50189K->6700K(51200K)] 140856K->107342K(167936K), 0.0051110 secs] [Times: user=0.04 sys=0.00, real=0.01 secs] 
328.882: Total time for which application threads were stopped: 0.0053070 seconds, Stopping threads took: 0.0000970 seconds
328.899: Application time: 0.0168750 seconds
328.899: [GC [PSYoungGen: 50174K->6732K(51200K)] 150816K->108087K(167936K), 0.0025990 secs] [Times: user=0.02 sys=0.00, real=0.00 secs] 
328.901: Total time for which application threads were stopped: 0.0027570 seconds, Stopping threads took: 0.0000730 seconds
328.921: Application time: 0.0192070 seconds
328.921: [GC [PSYoungGen: 50223K->6732K(51200K)] 151578K->110937K(167936K), 0.0031280 secs] [Times: user=0.02 sys=0.00, real=0.00 secs] 
328.924: [Full GC [PSYoungGen: 6732K->0K(51200K)] [ParOldGen: 104204K->27733K(116736K)] 110937K->27733K(167936K) [PSPermGen: 6111K->6111K(21504K)], 0.0102290 secs] [Times: user=0.05 sys=0.00, real=0.01 secs] 
328.934: Total time for which application threads were stopped: 0.0135870 seconds, Stopping threads took: 0.0000890 seconds
328.967: Application time: 0.0332080 seconds
328.967: [GC [PSYoungGen: 43496K->6540K(51200K)] 71229K->38549K(167936K), 0.0035240 secs] [Times: user=0.02 sys=0.00, real=0.00 secs] 
328.971: Total time for which application threads were stopped: 0.0036910 seconds, Stopping threads took: 0.0000690 seconds
329.181: Application time: 0.2098760 seconds
329.181: [GC [PSYoungGen: 50028K->6572K(51200K)] 82037K->47844K(167936K), 0.0046300 secs] [Times: user=0.04 sys=0.00, real=0.01 secs] 
329.186: Total time for which application threads were stopped: 0.0047900 seconds, Stopping threads took: 0.0000620 seconds
329.246: Application time: 0.0602850 seconds
329.246: [GC [PSYoungGen: 50095K->6636K(51200K)] 91366K->57170K(167936K), 0.0048910 secs] [Times: user=0.04 sys=0.00, real=0.00 secs] 
329.251: Total time for which application threads were stopped: 0.0050660 seconds, Stopping threads took: 0.0000840 seconds
329.267: Application time: 0.0163020 seconds
329.267: [GC [PSYoungGen: 50113K->6636K(51200K)] 100648K->58596K(167936K), 0.0027900 secs] [Times: user=0.02 sys=0.00, real=0.00 secs] 
329.270: Total time for which application threads were stopped: 0.0029670 seconds, Stopping threads took: 0.0000920 seconds
329.284: Application time: 0.0134570 seconds
329.284: [GC [PSYoungGen: 50123K->6636K(51200K)] 102082K->63583K(167936K), 0.0038210 secs] [Times: user=0.02 sys=0.00, real=0.01 secs] 
329.288: Total time for which application threads were stopped: 0.0040100 seconds, Stopping threads took: 0.0000870 seconds
329.437: Application time: 0.1488080 seconds
329.437: [GC [PSYoungGen: 50125K->6636K(51200K)] 107072K->73559K(167936K), 0.0049690 secs] [Times: user=0.03 sys=0.00, real=0.01 secs] 
329.442: Total time for which application threads were stopped: 0.0051260 seconds, Stopping threads took: 0.0000680 seconds
329.609: Application time: 0.1677020 seconds
329.610: [GC [PSYoungGen: 50133K->6668K(51200K)] 117055K->84991K(167936K), 0.0052920 secs] [Times: user=0.04 sys=0.00, real=0.00 secs] 
329.615: Total time for which application threads were stopped: 0.0054660 seconds, Stopping threads took: 0.0000740 seconds
329.823: Application time: 0.2079920 seconds
329.823: [GC [PSYoungGen: 50157K->6700K(51200K)] 128479K->94286K(167936K), 0.0047580 secs] [Times: user=0.04 sys=0.00, real=0.01 secs] 
329.828: Total time for which application threads were stopped: 0.0049270 seconds, Stopping threads took: 0.0000790 seconds
330.020: Application time: 0.1922920 seconds
330.020: [GC [PSYoungGen: 50198K->6700K(51200K)] 137783K->104261K(167936K), 0.0049440 secs] [Times: user=0.04 sys=0.00, real=0.00 secs] 
330.025: Total time for which application threads were stopped: 0.0050960 seconds, Stopping threads took: 0.0000610 seconds
330.201: Application time: 0.1760680 seconds
330.201: [GC [PSYoungGen: 50187K->6700K(51200K)] 147748K->114237K(167936K), 0.0050330 secs] [Times: user=0.04 sys=0.00, real=0.01 secs] 
330.206: [Full GC [PSYoungGen: 6700K->0K(51200K)] [ParOldGen: 107536K->28446K(116736K)] 114237K->28446K(167936K) [PSPermGen: 6111K->6111K(21504K)], 0.0102800 secs] [Times: user=0.05 sys=0.00, real=0.00 secs] 
330.217: Total time for which application threads were stopped: 0.0155410 seconds, Stopping threads took: 0.0000790 seconds
330.384: Application time: 0.1669150 seconds
330.384: [GC [PSYoungGen: 43498K->6540K(51200K)] 71944K->45675K(167936K), 0.0051450 secs] [Times: user=0.04 sys=0.00, real=0.01 secs] 
330.389: Total time for which application threads were stopped: 0.0053190 seconds, Stopping threads took: 0.0000840 seconds
330.550: Application time: 0.1606510 seconds
330.550: [GC [PSYoungGen: 50039K->6668K(51200K)] 89173K->56491K(167936K), 0.0051030 secs] [Times: user=0.04 sys=0.00, real=0.00 secs] 
330.555: Total time for which application threads were stopped: 0.0052650 seconds, Stopping threads took: 0.0000740 seconds
330.708: Application time: 0.1532170 seconds
330.708: [GC [PSYoungGen: 50150K->6573K(51200K)] 99973K->66371K(167936K), 0.0049440 secs] [Times: user=0.04 sys=0.00, real=0.00 secs] 
330.713: Total time for which application threads were stopped: 0.0051300 seconds, Stopping threads took: 0.0000840 seconds
330.873: Application time: 0.1600630 seconds
330.874: [GC [PSYoungGen: 50063K->6637K(51200K)] 109861K->74273K(167936K), 0.0043010 secs] [Times: user=0.03 sys=0.00, real=0.01 secs] 
330.878: Total time for which application threads were stopped: 0.0044600 seconds, Stopping threads took: 0.0000730 seconds
331.030: Application time: 0.1516810 seconds
331.030: [GC [PSYoungGen: 50135K->6636K(51200K)] 117772K->85674K(167936K), 0.0053770 secs] [Times: user=0.04 sys=0.00, real=0.00 secs] 
331.035: Total time for which application threads were stopped: 0.0055540 seconds, Stopping threads took: 0.0000800 seconds
331.115: Application time: 0.0799230 seconds
331.115: [GC [PSYoungGen: 50150K->6669K(51200K)] 129188K->94969K(167936K), 0.0049730 secs] [Times: user=0.04 sys=0.00, real=0.01 secs] 
331.120: Total time for which application threads were stopped: 0.0051680 seconds, Stopping threads took: 0.0001030 seconds
331.135: Application time: 0.0144450 seconds
331.135: [GC [PSYoungGen: 50155K->6701K(51200K)] 138456K->98564K(167936K), 0.0033600 secs] [Times: user=0.01 sys=0.01, real=0.01 secs] 
331.138: Total time for which application threads were stopped: 0.0035290 seconds, Stopping threads took: 0.0000820 seconds
331.155: Application time: 0.0165900 seconds
331.155: [GC [PSYoungGen: 50184K->6701K(51200K)] 142047K->99990K(167936K), 0.0028100 secs] [Times: user=0.02 sys=0.00, real=0.01 secs] 
331.158: Total time for which application threads were stopped: 0.0029820 seconds, Stopping threads took: 0.0000850 seconds
331.248: Application time: 0.0906730 seconds
331.249: [GC [PSYoungGen: 50211K->6701K(51200K)] 143500K->109965K(167936K), 0.0048680 secs] [Times: user=0.04 sys=0.00, real=0.00 secs] 
331.253: [Full GC [PSYoungGen: 6701K->0K(51200K)] [ParOldGen: 103264K->25823K(116736K)] 109965K->25823K(167936K) [PSPermGen: 6111K->6111K(21504K)], 0.0097660 secs] [Times: user=0.05 sys=0.00, real=0.01 secs] 
331.263: Total time for which application threads were stopped: 0.0148500 seconds, Stopping threads took: 0.0000650 seconds
331.408: Application time: 0.1443710 seconds
331.408: [GC [PSYoungGen: 43482K->7157K(51200K)] 69305K->41531K(167936K), 0.0046470 secs] [Times: user=0.04 sys=0.00, real=0.00 secs] 
331.412: Total time for which application threads were stopped: 0.0048060 seconds, Stopping threads took: 0.0000640 seconds
331.574: Application time: 0.1615700 seconds
331.575: [GC [PSYoungGen: 50648K->7157K(51200K)] 85022K->50810K(167936K), 0.0049750 secs] [Times: user=0.04 sys=0.00, real=0.01 secs] 
331.580: Total time for which application threads were stopped: 0.0062180 seconds, Stopping threads took: 0.0011470 seconds
331.735: Application time: 0.1547540 seconds
331.735: [GC [PSYoungGen: 50648K->6509K(51200K)] 94302K->60138K(167936K), 0.0049050 secs] [Times: user=0.03 sys=0.00, real=0.01 secs] 
331.740: Total time for which application threads were stopped: 0.0050670 seconds, Stopping threads took: 0.0000730 seconds
331.863: Application time: 0.1232890 seconds
331.863: [GC [PSYoungGen: 50025K->6541K(51200K)] 103654K->70858K(167936K), 0.0052130 secs] [Times: user=0.03 sys=0.00, real=0.01 secs] 
331.869: Total time for which application threads were stopped: 0.0053890 seconds, Stopping threads took: 0.0000680 seconds
331.885: Application time: 0.0162680 seconds
331.885: [GC [PSYoungGen: 50017K->6605K(51200K)] 114334K->73060K(167936K), 0.0029560 secs] [Times: user=0.01 sys=0.00, real=0.01 secs] 
331.888: Total time for which application threads were stopped: 0.0031450 seconds, Stopping threads took: 0.0001000 seconds
331.907: Application time: 0.0192390 seconds
331.908: [GC [PSYoungGen: 50096K->6605K(51200K)] 116551K->77335K(167936K), 0.0034930 secs] [Times: user=0.02 sys=0.00, real=0.00 secs] 
331.911: Total time for which application threads were stopped: 0.0036550 seconds, Stopping threads took: 0.0000730 seconds
331.947: Application time: 0.0355660 seconds
331.947: [GC [PSYoungGen: 50102K->6605K(51200K)] 120833K->82323K(167936K), 0.0035250 secs] [Times: user=0.02 sys=0.00, real=0.00 secs] 
331.950: Total time for which application threads were stopped: 0.0037110 seconds, Stopping threads took: 0.0001000 seconds
332.007: Application time: 0.0561640 seconds
332.007: [GC [PSYoungGen: 50121K->6636K(51200K)] 125840K->91618K(167936K), 0.0048720 secs] [Times: user=0.04 sys=0.00, real=0.00 secs] 
332.012: Total time for which application threads were stopped: 0.0050430 seconds, Stopping threads took: 0.0000820 seconds
332.027: Application time: 0.0151770 seconds
332.027: [GC [PSYoungGen: 50116K->6637K(51200K)] 135097K->94468K(167936K), 0.0032490 secs] [Times: user=0.03 sys=0.00, real=0.00 secs] 
332.030: Total time for which application threads were stopped: 0.0034160 seconds, Stopping threads took: 0.0000740 seconds
332.044: Application time: 0.0137730 seconds
332.044: [GC [PSYoungGen: 50122K->6669K(51200K)] 137953K->98776K(167936K), 0.0035880 secs] [Times: user=0.02 sys=0.00, real=0.01 secs] 
332.048: Total time for which application threads were stopped: 0.0037980 seconds, Stopping threads took: 0.0001220 seconds
332.169: Application time: 0.1213850 seconds
332.169: [GC [PSYoungGen: 50165K->6700K(51200K)] 142272K->109496K(167936K), 0.0051280 secs] [Times: user=0.04 sys=0.00, real=0.00 secs] 
332.174: [Full GC [PSYoungGen: 6700K->0K(51200K)] [ParOldGen: 102795K->30155K(116736K)] 109496K->30155K(167936K) [PSPermGen: 6111K->6111K(21504K)], 0.0097690 secs] [Times: user=0.05 sys=0.00, real=0.01 secs] 
332.184: Total time for which application threads were stopped: 0.0151100 seconds, Stopping threads took: 0.0000650 seconds
332.247: Application time: 0.0629360 seconds
332.247: [GC [PSYoungGen: 43521K->6508K(51200K)] 73676K->45926K(167936K), 0.0049300 secs] [Times: user=0.04 sys=0.00, real=0.00 secs] 
332.252: Total time for which application threads were stopped: 0.0051390 seconds, Stopping threads took: 0.0001130 seconds
332.268: Application time: 0.0153190 seconds
332.268: [GC [PSYoungGen: 49995K->7157K(51200K)] 89413K->48777K(167936K), 0.0031110 secs] [Times: user=0.02 sys=0.00, real=0.00 secs] 
332.271: Total time for which application threads were stopped: 0.0032790 seconds, Stopping threads took: 0.0000810 seconds
332.285: Application time: 0.0144580 seconds
332.286: [GC [PSYoungGen: 50642K->7157K(51200K)] 92262K->52356K(167936K), 0.0035510 secs] [Times: user=0.02 sys=0.00, real=0.01 secs] 
332.289: Total time for which application threads were stopped: 0.0037330 seconds, Stopping threads took: 0.0000920 seconds
332.382: Application time: 0.0926660 seconds
332.382: [GC [PSYoungGen: 50649K->7157K(51200K)] 95848K->62339K(167936K), 0.0051080 secs] [Times: user=0.03 sys=0.00, real=0.01 secs] 
332.387: Total time for which application threads were stopped: 0.0053050 seconds, Stopping threads took: 0.0000960 seconds
332.445: Application time: 0.0581330 seconds
332.445: [GC [PSYoungGen: 50676K->6476K(51200K)] 105858K->70922K(167936K), 0.0049400 secs] [Times: user=0.03 sys=0.00, real=0.01 secs] 
332.450: Total time for which application threads were stopped: 0.0050960 seconds, Stopping threads took: 0.0000620 seconds
332.467: Application time: 0.0162810 seconds
332.467: [GC [PSYoungGen: 49951K->6572K(51200K)] 114396K->71730K(167936K), 0.0025660 secs] [Times: user=0.02 sys=0.00, real=0.00 secs] 
332.469: Total time for which application threads were stopped: 0.0027490 seconds, Stopping threads took: 0.0000950 seconds
332.484: Application time: 0.0142050 seconds
332.484: [GC [PSYoungGen: 50054K->6604K(51200K)] 115211K->72475K(167936K), 0.0026140 secs] [Times: user=0.02 sys=0.00, real=0.01 secs] 
332.486: Total time for which application threads were stopped: 0.0027850 seconds, Stopping threads took: 0.0000880 seconds
332.590: Application time: 0.1036840 seconds
332.590: [GC [PSYoungGen: 50128K->6540K(51200K)] 115999K->83099K(167936K), 0.0052100 secs] [Times: user=0.04 sys=0.00, real=0.00 secs] 
332.595: Total time for which application threads were stopped: 0.0053640 seconds, Stopping threads took: 0.0000660 seconds
332.612: Application time: 0.0167890 seconds
332.612: [GC [PSYoungGen: 50018K->6604K(51200K)] 126576K->88863K(167936K), 0.0038650 secs] [Times: user=0.03 sys=0.00, real=0.00 secs] 
332.616: Total time for which application threads were stopped: 0.0040560 seconds, Stopping threads took: 0.0001020 seconds
332.635: Application time: 0.0188660 seconds
332.635: [GC [PSYoungGen: 50086K->6604K(51200K)] 132344K->91000K(167936K), 0.0030700 secs] [Times: user=0.03 sys=0.00, real=0.01 secs] 
332.638: Total time for which application threads were stopped: 0.0032340 seconds, Stopping threads took: 0.0000770 seconds
332.658: Application time: 0.0195000 seconds
332.658: [GC [PSYoungGen: 50098K->6636K(51200K)] 134494K->93882K(167936K), 0.0029660 secs] [Times: user=0.02 sys=0.00, real=0.00 secs] 
332.661: Total time for which application threads were stopped: 0.0031160 seconds, Stopping threads took: 0.0000660 seconds
332.847: Application time: 0.1862970 seconds
332.847: [GC [PSYoungGen: 50116K->6604K(51200K)] 137363K->103826K(167936K), 0.0049130 secs] [Times: user=0.03 sys=0.00, real=0.00 secs] 
332.852: Total time for which application threads were stopped: 0.0050680 seconds, Stopping threads took: 0.0000610 seconds
332.959: Application time: 0.1067780 seconds
332.959: [GC [PSYoungGen: 50119K->6652K(51200K)] 147340K->113849K(167936K), 0.0051370 secs] [Times: user=0.03 sys=0.00, real=0.00 secs] 
332.964: [Full GC [PSYoungGen: 6652K->0K(51200K)] [ParOldGen: 107196K->26308K(116736K)] 113849K->26308K(167936K) [PSPermGen: 6111K->6111K(21504K)], 0.0098380 secs] [Times: user=0.06 sys=0.00, real=0.01 secs] 
332.974: Total time for which application threads were stopped: 0.0152310 seconds, Stopping threads took: 0.0000910 seconds
332.991: Application time: 0.0162360 seconds
332.991: [GC [PSYoungGen: 43487K->6540K(51200K)] 69796K->34274K(167936K), 0.0025080 secs] [Times: user=0.01 sys=0.00, real=0.00 secs] 
332.993: Total time for which application threads were stopped: 0.0026580 seconds, Stopping threads took: 0.0000630 seconds
333.010: Application time: 0.0171800 seconds
333.011: [GC [PSYoungGen: 50021K->6540K(51200K)] 77755K->34987K(167936K), 0.0025620 secs] [Times: user=0.02 sys=0.00, real=0.00 secs] 
333.013: Total time for which application threads were stopped: 0.0027310 seconds, Stopping threads took: 0.0000850 seconds
333.102: Application time: 0.0884540 seconds
333.102: [GC [PSYoungGen: 50041K->6476K(51200K)] 78487K->44898K(167936K), 0.0048370 secs] [Times: user=0.04 sys=0.00, real=0.01 secs] 
333.107: Total time for which application threads were stopped: 0.0050310 seconds, Stopping threads took: 0.0001070 seconds
333.146: Application time: 0.0396270 seconds
333.146: [GC [PSYoungGen: 50003K->6668K(51200K)] 88425K->55777K(167936K), 0.0052530 secs] [Times: user=0.03 sys=0.00, real=0.00 secs] 
333.152: Total time for which application threads were stopped: 0.0054080 seconds, Stopping threads took: 0.0000680 seconds
333.168: Application time: 0.0168120 seconds
333.169: [GC [PSYoungGen: 50143K->6572K(51200K)] 99253K->55682K(167936K), 0.0023600 secs] [Times: user=0.01 sys=0.00, real=0.00 secs] 
333.171: Total time for which application threads were stopped: 0.0025330 seconds, Stopping threads took: 0.0000880 seconds
333.185: Application time: 0.0135840 seconds
333.185: [GC [PSYoungGen: 50053K->6572K(51200K)] 99163K->56394K(167936K), 0.0025950 secs] [Times: user=0.02 sys=0.00, real=0.01 secs] 
333.187: Total time for which application threads were stopped: 0.0027670 seconds, Stopping threads took: 0.0000840 seconds
333.347: Application time: 0.1598710 seconds
333.347: [GC [PSYoungGen: 50077K->6636K(51200K)] 99899K->67858K(167936K), 0.0052300 secs] [Times: user=0.03 sys=0.00, real=0.00 secs] 
333.353: Total time for which application threads were stopped: 0.0053810 seconds, Stopping threads took: 0.0000660 seconds
333.518: Application time: 0.1658560 seconds
333.519: [GC [PSYoungGen: 50124K->6668K(51200K)] 111347K->78578K(167936K), 0.0051770 secs] [Times: user=0.04 sys=0.00, real=0.00 secs] 
333.524: Total time for which application threads were stopped: 0.0053430 seconds, Stopping threads took: 0.0000610 seconds
333.730: Application time: 0.2058220 seconds
333.730: [GC [PSYoungGen: 50157K->6700K(51200K)] 122067K->88586K(167936K), 0.0049960 secs] [Times: user=0.04 sys=0.00, real=0.00 secs] 
333.735: Total time for which application threads were stopped: 0.0051440 seconds, Stopping threads took: 0.0000570 seconds
333.929: Application time: 0.1938640 seconds
333.929: [GC [PSYoungGen: 50180K->6668K(51200K)] 132066K->98529K(167936K), 0.0049640 secs] [Times: user=0.04 sys=0.00, real=0.00 secs] 
333.934: Total time for which application threads were stopped: 0.0051200 seconds, Stopping threads took: 0.0000660 seconds
334.106: Application time: 0.1718020 seconds
334.106: [GC [PSYoungGen: 50174K->6700K(51200K)] 142035K->109249K(167936K), 0.0052530 secs] [Times: user=0.04 sys=0.00, real=0.00 secs] 
334.111: [Full GC [PSYoungGen: 6700K->0K(51200K)] [ParOldGen: 102548K->27021K(116736K)] 109249K->27021K(167936K) [PSPermGen: 6111K->6111K(21504K)], 0.0101540 secs] [Times: user=0.05 sys=0.00, real=0.01 secs] 
334.121: Total time for which application threads were stopped: 0.0156270 seconds, Stopping threads took: 0.0000680 seconds
334.301: Application time: 0.1799440 seconds
334.301: [GC [PSYoungGen: 43506K->6540K(51200K)] 70527K->44962K(167936K), 0.0053030 secs] [Times: user=0.04 sys=0.00, real=0.01 secs] 
334.307: Total time for which application threads were stopped: 0.0054680 seconds, Stopping threads took: 0.0000650 seconds
334.484: Application time: 0.1772580 seconds
334.484: [GC [PSYoungGen: 50030K->6572K(51200K)] 88452K->54257K(167936K), 0.0046950 secs] [Times: user=0.03 sys=0.00, real=0.01 secs] 
334.489: Total time for which application threads were stopped: 0.0048500 seconds, Stopping threads took: 0.0000660 seconds
334.638: Application time: 0.1494310 seconds
334.638: [GC [PSYoungGen: 50062K->6636K(51200K)] 97747K->63584K(167936K), 0.0047550 secs] [Times: user=0.04 sys=0.00, real=0.00 secs] 
334.643: Total time for which application threads were stopped: 0.0049170 seconds, Stopping threads took: 0.0000600 seconds
334.805: Application time: 0.1618310 seconds
334.805: [GC [PSYoungGen: 50118K->6668K(51200K)] 107066K->73592K(167936K), 0.0049850 secs] [Times: user=0.03 sys=0.00, real=0.01 secs] 
334.810: Total time for which application threads were stopped: 0.0051510 seconds, Stopping threads took: 0.0000790 seconds
334.981: Application time: 0.1714010 seconds
334.982: [GC [PSYoungGen: 50159K->6668K(51200K)] 117083K->82855K(167936K), 0.0047440 secs] [Times: user=0.03 sys=0.01, real=0.01 secs] 
334.986: Total time for which application threads were stopped: 0.0048940 seconds, Stopping threads took: 0.0000610 seconds
335.128: Application time: 0.1411450 seconds
335.128: [GC [PSYoungGen: 50177K->6669K(51200K)] 126364K->93544K(167936K), 0.0050570 secs] [Times: user=0.04 sys=0.00, real=0.00 secs] 
335.133: Total time for which application threads were stopped: 0.0052040 seconds, Stopping threads took: 0.0000600 seconds
335.242: Application time: 0.1089490 seconds
335.242: [GC [PSYoungGen: 50193K->6701K(51200K)] 137069K->104264K(167936K), 0.0053010 secs] [Times: user=0.04 sys=0.00, real=0.01 secs] 
335.247: Total time for which application threads were stopped: 0.0054730 seconds, Stopping threads took: 0.0000730 seconds
335.263: Application time: 0.0160640 seconds
335.263: [GC [PSYoungGen: 50185K->6669K(51200K)] 147748K->105658K(167936K), 0.0028620 secs] [Times: user=0.02 sys=0.00, real=0.01 secs] 
335.266: Total time for which application threads were stopped: 0.0030160 seconds, Stopping threads took: 0.0000720 seconds
335.282: Application time: 0.0160850 seconds
335.282: [GC [PSYoungGen: 50153K->6669K(51200K)] 149142K->109221K(167936K), 0.0033250 secs] [Times: user=0.02 sys=0.00, real=0.01 secs] 
335.286: [Full GC [PSYoungGen: 6669K->0K(51200K)] [ParOldGen: 102552K->26535K(116736K)] 109221K->26535K(167936K) [PSPermGen: 6111K->6111K(21504K)], 0.0101820 secs] [Times: user=0.06 sys=0.00, real=0.00 secs] 
335.296: Total time for which application threads were stopped: 0.0137590 seconds, Stopping threads took: 0.0001130 seconds
335.364: Application time: 0.0677580 seconds
335.364: [GC [PSYoungGen: 43491K->6509K(51200K)] 70027K->39457K(167936K), 0.0038510 secs] [Times: user=0.03 sys=0.00, real=0.01 secs] 
335.368: Total time for which application threads were stopped: 0.0040050 seconds, Stopping threads took: 0.0000680 seconds
335.524: Application time: 0.1561300 seconds
335.524: [GC [PSYoungGen: 50000K->6541K(51200K)] 82949K->48753K(167936K), 0.0045910 secs] [Times: user=0.03 sys=0.00, real=0.01 secs] 
335.529: Total time for which application threads were stopped: 0.0047350 seconds, Stopping threads took: 0.0000560 seconds
335.687: Application time: 0.1583870 seconds
335.687: [GC [PSYoungGen: 50032K->6573K(51200K)] 92244K->58048K(167936K), 0.0045970 secs] [Times: user=0.03 sys=0.00, real=0.00 secs] 
335.692: Total time for which application threads were stopped: 0.0047440 seconds, Stopping threads took: 0.0000600 seconds
335.825: Application time: 0.1335970 seconds
335.826: [GC [PSYoungGen: 50055K->6637K(51200K)] 101531K->68088K(167936K), 0.0049780 secs] [Times: user=0.04 sys=0.00, real=0.01 secs] 
335.831: Total time for which application threads were stopped: 0.0051530 seconds, Stopping threads took: 0.0000680 seconds
335.953: Application time: 0.1223060 seconds
335.953: [GC [PSYoungGen: 50153K->6572K(51200K)] 111604K->76575K(167936K), 0.0047010 secs] [Times: user=0.04 sys=0.00, real=0.01 secs] 
335.958: Total time for which application threads were stopped: 0.0048640 seconds, Stopping threads took: 0.0000730 seconds
335.972: Application time: 0.0143950 seconds
335.972: [GC [PSYoungGen: 50051K->6604K(51200K)] 120053K->81595K(167936K), 0.0037650 secs] [Times: user=0.03 sys=0.00, real=0.00 secs] 
335.976: Total time for which application threads were stopped: 0.0039570 seconds, Stopping threads took: 0.0001010 seconds
335.995: Application time: 0.0190950 seconds
335.995: [GC [PSYoungGen: 50095K->6669K(51200K)] 125085K->83084K(167936K), 0.0027550 secs] [Times: user=0.02 sys=0.00, real=0.01 secs] 
335.998: Total time for which application threads were stopped: 0.0029110 seconds, Stopping threads took: 0.0000710 seconds
336.030: Application time: 0.0314500 seconds
336.030: [GC [PSYoungGen: 50164K->6668K(51200K)] 126579K->86646K(167936K), 0.0031990 secs] [Times: user=0.03 sys=0.00, real=0.00 secs] 
336.033: Total time for which application threads were stopped: 0.0033710 seconds, Stopping threads took: 0.0000840 seconds
336.072: Application time: 0.0392620 seconds
336.072: [GC [PSYoungGen: 50181K->6652K(51200K)] 130159K->92331K(167936K), 0.0039550 secs] [Times: user=0.03 sys=0.00, real=0.00 secs] 
336.076: Total time for which application threads were stopped: 0.0041300 seconds, Stopping threads took: 0.0000830 seconds
336.093: Application time: 0.0166570 seconds
336.093: [GC [PSYoungGen: 50130K->6669K(51200K)] 135809K->93772K(167936K), 0.0028260 secs] [Times: user=0.03 sys=0.00, real=0.00 secs] 
336.096: Total time for which application threads were stopped: 0.0030000 seconds, Stopping threads took: 0.0000860 seconds
336.109: Application time: 0.0129970 seconds
336.109: [GC [PSYoungGen: 50153K->6668K(51200K)] 137257K->97335K(167936K), 0.0032870 secs] [Times: user=0.02 sys=0.00, real=0.00 secs] 
336.113: Total time for which application threads were stopped: 0.0034670 seconds, Stopping threads took: 0.0000920 seconds
336.209: Application time: 0.0962660 seconds
336.209: [GC [PSYoungGen: 50203K->6732K(51200K)] 140869K->107374K(167936K), 0.0051130 secs] [Times: user=0.04 sys=0.00, real=0.00 secs] 
336.214: Total time for which application threads were stopped: 0.0052750 seconds, Stopping threads took: 0.0000720 seconds
336.230: Application time: 0.0161540 seconds
336.230: [GC [PSYoungGen: 50209K->6684K(51200K)] 150851K->112314K(167936K), 0.0038130 secs] [Times: user=0.03 sys=0.00, real=0.00 secs] 
336.234: [Full GC [PSYoungGen: 6684K->0K(51200K)] [ParOldGen: 105629K->29160K(116736K)] 112314K->29160K(167936K) [PSPermGen: 6111K->6111K(21504K)], 0.0104740 secs] [Times: user=0.05 sys=0.00, real=0.01 secs] 
336.245: Total time for which application threads were stopped: 0.0144960 seconds, Stopping threads took: 0.0000710 seconds
336.265: Application time: 0.0198280 seconds
336.265: [GC [PSYoungGen: 43487K->2329K(51200K)] 72647K->31490K(167936K), 0.0009260 secs] [Times: user=0.01 sys=0.00, real=0.00 secs] 
336.266: Total time for which application threads were stopped: 0.0010770 seconds, Stopping threads took: 0.0000800 seconds
336.309: Application time: 0.0433270 seconds
336.309: [GC [PSYoungGen: 45825K->6572K(51200K)] 74986K->40720K(167936K), 0.0034140 secs] [Times: user=0.03 sys=0.00, real=0.00 secs] 
336.313: Total time for which application threads were stopped: 0.0035720 seconds, Stopping threads took: 0.0000710 seconds
336.471: Application time: 0.1584990 seconds
336.471: [GC [PSYoungGen: 50604K->6604K(51200K)] 84752K->49303K(167936K), 0.0045240 secs] [Times: user=0.03 sys=0.00, real=0.00 secs] 
336.476: Total time for which application threads were stopped: 0.0046810 seconds, Stopping threads took: 0.0000620 seconds
336.499: Application time: 0.0232320 seconds
336.499: [GC [PSYoungGen: 50274K->6572K(51200K)] 92972K->52833K(167936K), 0.0033510 secs] [Times: user=0.03 sys=0.00, real=0.00 secs] 
336.502: Total time for which application threads were stopped: 0.0035300 seconds, Stopping threads took: 0.0000860 seconds
336.520: Application time: 0.0178170 seconds
336.520: [GC [PSYoungGen: 50051K->6572K(51200K)] 96312K->54258K(167936K), 0.0027730 secs] [Times: user=0.02 sys=0.00, real=0.00 secs] 
336.523: Total time for which application threads were stopped: 0.0029480 seconds, Stopping threads took: 0.0000830 seconds
336.534: Application time: 0.0112110 seconds
336.535: [GC [PSYoungGen: 50058K->6572K(51200K)] 97744K->59246K(167936K), 0.0037700 secs] [Times: user=0.03 sys=0.00, real=0.01 secs] 
336.538: Total time for which application threads were stopped: 0.0039500 seconds, Stopping threads took: 0.0000930 seconds
336.668: Application time: 0.1293910 seconds
336.668: [GC [PSYoungGen: 50096K->6604K(51200K)] 102770K->69966K(167936K), 0.0053130 secs] [Times: user=0.04 sys=0.00, real=0.00 secs] 
336.673: Total time for which application threads were stopped: 0.0054880 seconds, Stopping threads took: 0.0000850 seconds
336.689: Application time: 0.0161010 seconds
336.690: [GC [PSYoungGen: 50082K->6668K(51200K)] 113444K->72167K(167936K), 0.0028630 secs] [Times: user=0.02 sys=0.00, real=0.00 secs] 
336.693: Total time for which application threads were stopped: 0.0031510 seconds, Stopping threads took: 0.0001980 seconds
336.711: Application time: 0.0189560 seconds
336.712: [GC [PSYoungGen: 50161K->6605K(51200K)] 115660K->77804K(167936K), 0.0039760 secs] [Times: user=0.03 sys=0.00, real=0.00 secs] 
336.716: Total time for which application threads were stopped: 0.0041810 seconds, Stopping threads took: 0.0001180 seconds
336.772: Application time: 0.0559250 seconds
336.772: [GC [PSYoungGen: 50093K->6668K(51200K)] 121293K->82143K(167936K), 0.0032350 secs] [Times: user=0.02 sys=0.01, real=0.00 secs] 
336.775: Total time for which application threads were stopped: 0.0033920 seconds, Stopping threads took: 0.0000680 seconds
336.939: Application time: 0.1635760 seconds
336.939: [GC [PSYoungGen: 50148K->6636K(51200K)] 125623K->92086K(167936K), 0.0049960 secs] [Times: user=0.04 sys=0.00, real=0.00 secs] 
336.944: Total time for which application threads were stopped: 0.0051510 seconds, Stopping threads took: 0.0000690 seconds
336.994: Application time: 0.0505520 seconds
336.994: [GC [PSYoungGen: 50153K->6700K(51200K)] 135602K->101413K(167936K), 0.0049160 secs] [Times: user=0.03 sys=0.00, real=0.01 secs] 
336.999: Total time for which application threads were stopped: 0.0050960 seconds, Stopping threads took: 0.0000790 seconds
337.016: Application time: 0.0165070 seconds
337.016: [GC [PSYoungGen: 50184K->6636K(51200K)] 144896K->102774K(167936K), 0.0027890 secs] [Times: user=0.02 sys=0.00, real=0.01 secs] 
337.019: Total time for which application threads were stopped: 0.0029590 seconds, Stopping threads took: 0.0000840 seconds
337.032: Application time: 0.0132640 seconds
337.032: [GC [PSYoungGen: 50121K->6604K(51200K)] 146259K->106305K(167936K), 0.0034090 secs] [Times: user=0.02 sys=0.00, real=0.00 secs] 
337.036: Total time for which application threads were stopped: 0.0035720 seconds, Stopping threads took: 0.0000780 seconds
337.115: Application time: 0.0796530 seconds
337.115: [GC [PSYoungGen: 50134K->6764K(51200K)] 149834K->117152K(167936K), 0.0052690 secs] [Times: user=0.04 sys=0.00, real=0.01 secs] 
337.121: [Full GC [PSYoungGen: 6764K->0K(51200K)] [ParOldGen: 110388K->26309K(116736K)] 117152K->26309K(167936K) [PSPermGen: 6111K->6111K(21504K)], 0.0098150 secs] [Times: user=0.05 sys=0.00, real=0.01 secs] 
337.131: Total time for which application threads were stopped: 0.0152970 seconds, Stopping threads took: 0.0000740 seconds
337.148: Application time: 0.0171970 seconds
337.148: [GC [PSYoungGen: 43482K->3754K(51200K)] 69791K->30063K(167936K), 0.0011990 secs] [Times: user=0.01 sys=0.00, real=0.00 secs] 
337.149: Total time for which application threads were stopped: 0.0013430 seconds, Stopping threads took: 0.0000770 seconds
337.166: Application time: 0.0172440 seconds
337.167: [GC [PSYoungGen: 47235K->4435K(51200K)] 73544K->30744K(167936K), 0.0015810 secs] [Times: user=0.01 sys=0.00, real=0.00 secs] 
337.168: Total time for which application threads were stopped: 0.0017300 seconds, Stopping threads took: 0.0000810 seconds
337.248: Application time: 0.0799130 seconds
337.248: [GC [PSYoungGen: 47927K->7157K(51200K)] 74236K->42737K(167936K), 0.0047700 secs] [Times: user=0.04 sys=0.00, real=0.00 secs] 
337.253: Total time for which application threads were stopped: 0.0049300 seconds, Stopping threads took: 0.0000680 seconds
337.452: Application time: 0.1994080 seconds
337.453: [GC [PSYoungGen: 50653K->6572K(51200K)] 86233K->52840K(167936K), 0.0050190 secs] [Times: user=0.04 sys=0.00, real=0.00 secs] 
337.458: Total time for which application threads were stopped: 0.0051770 seconds, Stopping threads took: 0.0000680 seconds
337.629: Application time: 0.1712380 seconds
337.629: [GC [PSYoungGen: 50060K->6604K(51200K)] 96328K->63560K(167936K), 0.0051180 secs] [Times: user=0.03 sys=0.00, real=0.00 secs] 
337.634: Total time for which application threads were stopped: 0.0052820 seconds, Stopping threads took: 0.0000690 seconds
337.838: Application time: 0.2040910 seconds
337.838: [GC [PSYoungGen: 50091K->6604K(51200K)] 107046K->73535K(167936K), 0.0049510 secs] [Times: user=0.04 sys=0.00, real=0.00 secs] 
337.843: Total time for which application threads were stopped: 0.0050990 seconds, Stopping threads took: 0.0000610 seconds
338.015: Application time: 0.1719150 seconds
338.015: [GC [PSYoungGen: 50099K->6668K(51200K)] 117030K->82862K(167936K), 0.0046620 secs] [Times: user=0.02 sys=0.00, real=0.01 secs] 
338.020: Total time for which application threads were stopped: 0.0048270 seconds, Stopping threads took: 0.0000770 seconds
338.217: Application time: 0.1968870 seconds
338.217: [GC [PSYoungGen: 50166K->6668K(51200K)] 126359K->93550K(167936K), 0.0051420 secs] [Times: user=0.04 sys=0.00, real=0.01 secs] 
338.222: Total time for which application threads were stopped: 0.0053440 seconds, Stopping threads took: 0.0000980 seconds
338.376: Application time: 0.1538560 seconds
338.376: [GC [PSYoungGen: 50167K->6668K(51200K)] 137048K->104950K(167936K), 0.0053380 secs] [Times: user=0.04 sys=0.00, real=0.01 secs] 
338.382: Total time for which application threads were stopped: 0.0055080 seconds, Stopping threads took: 0.0000640 seconds
338.563: Application time: 0.1814430 seconds
338.563: [GC [PSYoungGen: 50158K->6668K(51200K)] 148440K->114926K(167936K), 0.0049900 secs] [Times: user=0.04 sys=0.00, real=0.01 secs] 
338.568: [Full GC [PSYoungGen: 6668K->0K(51200K)] [ParOldGen: 108257K->27735K(116736K)] 114926K->27735K(167936K) [PSPermGen: 6111K->6111K(21504K)], 0.0124820 secs] [Times: user=0.07 sys=0.00, real=0.01 secs] 
338.581: Total time for which application threads were stopped: 0.0176680 seconds, Stopping threads took: 0.0000600 seconds
338.767: Application time: 0.1863610 seconds
338.767: [GC [PSYoungGen: 43481K->7125K(51200K)] 71216K->43411K(167936K), 0.0046840 secs] [Times: user=0.03 sys=0.00, real=0.00 secs] 
338.772: Total time for which application threads were stopped: 0.0048410 seconds, Stopping threads took: 0.0000580 seconds
338.937: Application time: 0.1648250 seconds
338.937: [GC [PSYoungGen: 50616K->7157K(51200K)] 86901K->53434K(167936K), 0.0051170 secs] [Times: user=0.04 sys=0.00, real=0.01 secs] 
338.942: Total time for which application threads were stopped: 0.0052870 seconds, Stopping threads took: 0.0000810 seconds
339.085: Application time: 0.1424150 seconds
339.085: [GC [PSYoungGen: 50657K->6541K(51200K)] 96934K->63506K(167936K), 0.0051220 secs] [Times: user=0.04 sys=0.00, real=0.01 secs] 
339.090: Total time for which application threads were stopped: 0.0052760 seconds, Stopping threads took: 0.0000640 seconds
339.235: Application time: 0.1456580 seconds
339.236: [GC [PSYoungGen: 50049K->6605K(51200K)] 107014K->74259K(167936K), 0.0050170 secs] [Times: user=0.03 sys=0.00, real=0.01 secs] 
339.241: Total time for which application threads were stopped: 0.0051700 seconds, Stopping threads took: 0.0000650 seconds
339.312: Application time: 0.0715820 seconds
339.312: [GC [PSYoungGen: 50121K->6669K(51200K)] 117775K->85011K(167936K), 0.0052620 secs] [Times: user=0.04 sys=0.00, real=0.00 secs] 
339.318: Total time for which application threads were stopped: 0.0054640 seconds, Stopping threads took: 0.0000840 seconds
339.335: Application time: 0.0172750 seconds
339.335: [GC [PSYoungGen: 50151K->6669K(51200K)] 128494K->86436K(167936K), 0.0027770 secs] [Times: user=0.02 sys=0.00, real=0.01 secs] 
339.338: Total time for which application threads were stopped: 0.0029590 seconds, Stopping threads took: 0.0000970 seconds
339.354: Application time: 0.0160480 seconds
339.354: [GC [PSYoungGen: 50152K->6637K(51200K)] 129920K->87830K(167936K), 0.0027640 secs] [Times: user=0.02 sys=0.00, real=0.00 secs] 
339.357: Total time for which application threads were stopped: 0.0029280 seconds, Stopping threads took: 0.0000770 seconds
339.442: Application time: 0.0847780 seconds
339.442: [GC [PSYoungGen: 50130K->6669K(51200K)] 131323K->97837K(167936K), 0.0049260 secs] [Times: user=0.04 sys=0.00, real=0.01 secs] 
339.447: Total time for which application threads were stopped: 0.0050810 seconds, Stopping threads took: 0.0000640 seconds
339.603: Application time: 0.1565330 seconds
339.603: [GC [PSYoungGen: 50160K->6701K(51200K)] 141329K->107845K(167936K), 0.0048680 secs] [Times: user=0.04 sys=0.00, real=0.01 secs] 
339.608: [Full GC [PSYoungGen: 6701K->0K(51200K)] [ParOldGen: 101144K->27960K(116736K)] 107845K->27960K(167936K) [PSPermGen: 6111K->6111K(21504K)], 0.0099560 secs] [Times: user=0.05 sys=0.00, real=0.01 secs] 
339.618: Total time for which application threads were stopped: 0.0150420 seconds, Stopping threads took: 0.0000830 seconds
339.766: Application time: 0.1472640 seconds
339.766: [GC [PSYoungGen: 43491K->7157K(51200K)] 71451K->44405K(167936K), 0.0048950 secs] [Times: user=0.04 sys=0.00, real=0.00 secs] 
339.771: Total time for which application threads were stopped: 0.0050510 seconds, Stopping threads took: 0.0000630 seconds
339.918: Application time: 0.1474820 seconds
339.918: [GC [PSYoungGen: 50639K->7157K(51200K)] 87887K->51531K(167936K), 0.0043060 secs] [Times: user=0.03 sys=0.00, real=0.00 secs] 
339.923: Total time for which application threads were stopped: 0.0044750 seconds, Stopping threads took: 0.0000710 seconds
340.013: Application time: 0.0904120 seconds
340.013: [GC [PSYoungGen: 50673K->6476K(51200K)] 95046K->60826K(167936K), 0.0051540 secs] [Times: user=0.04 sys=0.00, real=0.01 secs] 
340.018: Total time for which application threads were stopped: 0.0053280 seconds, Stopping threads took: 0.0000830 seconds
340.036: Application time: 0.0171560 seconds
340.036: [GC [PSYoungGen: 49959K->6637K(51200K)] 104308K->60986K(167936K), 0.0023620 secs] [Times: user=0.02 sys=0.00, real=0.01 secs] 
340.038: Total time for which application threads were stopped: 0.0025260 seconds, Stopping threads took: 0.0000810 seconds
340.053: Application time: 0.0152930 seconds
340.053: [GC [PSYoungGen: 50121K->6573K(51200K)] 104471K->63772K(167936K), 0.0031200 secs] [Times: user=0.02 sys=0.00, real=0.00 secs] 
340.057: Total time for which application threads were stopped: 0.0033260 seconds, Stopping threads took: 0.0001190 seconds
340.099: Application time: 0.0418650 seconds
340.099: [GC [PSYoungGen: 50104K->6636K(51200K)] 107304K->71674K(167936K), 0.0044740 secs] [Times: user=0.03 sys=0.00, real=0.00 secs] 
340.103: Total time for which application threads were stopped: 0.0046190 seconds, Stopping threads took: 0.0000580 seconds
340.120: Application time: 0.0168400 seconds
340.120: [GC [PSYoungGen: 50110K->6636K(51200K)] 115148K->72387K(167936K), 0.0026360 secs] [Times: user=0.02 sys=0.00, real=0.00 secs] 
340.123: Total time for which application threads were stopped: 0.0028070 seconds, Stopping threads took: 0.0000880 seconds
340.142: Application time: 0.0193990 seconds
340.142: [GC [PSYoungGen: 50126K->6637K(51200K)] 115876K->75238K(167936K), 0.0031530 secs] [Times: user=0.02 sys=0.00, real=0.00 secs] 
340.146: Total time for which application threads were stopped: 0.0033210 seconds, Stopping threads took: 0.0000770 seconds
340.164: Application time: 0.0180030 seconds
340.164: [GC [PSYoungGen: 50127K->6668K(51200K)] 118727K->80970K(167936K), 0.0037890 secs] [Times: user=0.02 sys=0.00, real=0.01 secs] 
340.167: Total time for which application threads were stopped: 0.0039430 seconds, Stopping threads took: 0.0000680 seconds
340.254: Application time: 0.0866120 seconds
340.255: [GC [PSYoungGen: 50192K->6668K(51200K)] 124493K->89520K(167936K), 0.0047860 secs] [Times: user=0.03 sys=0.00, real=0.01 secs] 
340.260: Total time for which application threads were stopped: 0.0055560 seconds, Stopping threads took: 0.0006780 seconds
340.274: Application time: 0.0145400 seconds
340.274: [GC [PSYoungGen: 50155K->6685K(51200K)] 133007K->93099K(167936K), 0.0034330 secs] [Times: user=0.02 sys=0.00, real=0.01 secs] 
340.278: Total time for which application threads were stopped: 0.0036020 seconds, Stopping threads took: 0.0000800 seconds
340.294: Application time: 0.0160800 seconds
340.294: [GC [PSYoungGen: 50166K->6733K(51200K)] 136580K->93147K(167936K), 0.0023660 secs] [Times: user=0.01 sys=0.00, real=0.00 secs] 
340.296: Total time for which application threads were stopped: 0.0025310 seconds, Stopping threads took: 0.0000810 seconds
340.399: Application time: 0.1023270 seconds
340.399: [GC [PSYoungGen: 50229K->6732K(51200K)] 136643K->103122K(167936K), 0.0050200 secs] [Times: user=0.04 sys=0.00, real=0.00 secs] 
340.404: Total time for which application threads were stopped: 0.0051720 seconds, Stopping threads took: 0.0000610 seconds
340.544: Application time: 0.1403600 seconds
340.544: [GC [PSYoungGen: 50248K->6764K(51200K)] 146638K->113130K(167936K), 0.0051400 secs] [Times: user=0.04 sys=0.00, real=0.01 secs] 
340.550: [Full GC [PSYoungGen: 6764K->0K(51200K)] [ParOldGen: 106365K->27735K(116736K)] 113130K->27735K(167936K) [PSPermGen: 6111K->6111K(21504K)], 0.0103020 secs] [Times: user=0.05 sys=0.00, real=0.01 secs] 
340.560: Total time for which application threads were stopped: 0.0156520 seconds, Stopping threads took: 0.0000640 seconds
340.576: Application time: 0.0161520 seconds
340.577: [GC [PSYoungGen: 43477K->5828K(51200K)] 71213K->33563K(167936K), 0.0020320 secs] [Times: user=0.01 sys=0.00, real=0.01 secs] 
340.579: Total time for which application threads were stopped: 0.0030650 seconds, Stopping threads took: 0.0009450 seconds
340.598: Application time: 0.0185430 seconds
340.598: [GC [PSYoungGen: 49312K->6508K(51200K)] 77047K->36381K(167936K), 0.0027510 secs] [Times: user=0.02 sys=0.00, real=0.00 secs] 
340.601: Total time for which application threads were stopped: 0.0031420 seconds, Stopping threads took: 0.0003050 seconds
340.625: Application time: 0.0237480 seconds
340.625: [GC [PSYoungGen: 50030K->6508K(51200K)] 79903K->40656K(167936K), 0.0032750 secs] [Times: user=0.03 sys=0.00, real=0.01 secs] 
340.628: Total time for which application threads were stopped: 0.0034190 seconds, Stopping threads took: 0.0000610 seconds
340.646: Application time: 0.0184190 seconds
340.647: [GC [PSYoungGen: 49992K->6540K(51200K)] 84140K->46389K(167936K), 0.0039540 secs] [Times: user=0.03 sys=0.00, real=0.00 secs] 
340.651: Total time for which application threads were stopped: 0.0041160 seconds, Stopping threads took: 0.0000720 seconds
340.669: Application time: 0.0183160 seconds
340.669: [GC [PSYoungGen: 50019K->6604K(51200K)] 89867K->47878K(167936K), 0.0027710 secs] [Times: user=0.02 sys=0.00, real=0.00 secs] 
340.672: Total time for which application threads were stopped: 0.0029330 seconds, Stopping threads took: 0.0000710 seconds
340.684: Application time: 0.0127060 seconds
340.685: [GC [PSYoungGen: 50086K->6476K(51200K)] 91359K->47750K(167936K), 0.0024150 secs] [Times: user=0.02 sys=0.00, real=0.01 secs] 
340.687: Total time for which application threads were stopped: 0.0025820 seconds, Stopping threads took: 0.0000850 seconds
340.848: Application time: 0.1605140 seconds
340.848: [GC [PSYoungGen: 49965K->6604K(51200K)] 91238K->57853K(167936K), 0.0049220 secs] [Times: user=0.03 sys=0.00, real=0.00 secs] 
340.853: Total time for which application threads were stopped: 0.0050880 seconds, Stopping threads took: 0.0000730 seconds
341.028: Application time: 0.1754970 seconds
341.028: [GC [PSYoungGen: 50084K->6572K(51200K)] 101333K->67083K(167936K), 0.0047560 secs] [Times: user=0.03 sys=0.00, real=0.00 secs] 
341.033: Total time for which application threads were stopped: 0.0049160 seconds, Stopping threads took: 0.0000720 seconds
341.110: Application time: 0.0773730 seconds
341.111: [GC [PSYoungGen: 50093K->6668K(51200K)] 110604K->77155K(167936K), 0.0051250 secs] [Times: user=0.04 sys=0.00, real=0.00 secs] 
341.116: Total time for which application threads were stopped: 0.0052900 seconds, Stopping threads took: 0.0000650 seconds
341.132: Application time: 0.0162870 seconds
341.132: [GC [PSYoungGen: 50153K->6636K(51200K)] 120639K->77835K(167936K), 0.0024960 secs] [Times: user=0.02 sys=0.00, real=0.00 secs] 
341.135: Total time for which application threads were stopped: 0.0026600 seconds, Stopping threads took: 0.0000770 seconds
341.149: Application time: 0.0145960 seconds
341.149: [GC [PSYoungGen: 50119K->6668K(51200K)] 121318K->80718K(167936K), 0.0031420 secs] [Times: user=0.02 sys=0.00, real=0.00 secs] 
341.153: Total time for which application threads were stopped: 0.0033190 seconds, Stopping threads took: 0.0000850 seconds
341.201: Application time: 0.0486410 seconds
341.201: [GC [PSYoungGen: 50194K->6700K(51200K)] 124243K->89300K(167936K), 0.0047820 secs] [Times: user=0.03 sys=0.00, real=0.01 secs] 
341.206: Total time for which application threads were stopped: 0.0049650 seconds, Stopping threads took: 0.0000890 seconds
341.223: Application time: 0.0170490 seconds
341.223: [GC [PSYoungGen: 50184K->6668K(51200K)] 132784K->90693K(167936K), 0.0027680 secs] [Times: user=0.02 sys=0.00, real=0.01 secs] 
341.226: Total time for which application threads were stopped: 0.0029320 seconds, Stopping threads took: 0.0000800 seconds
341.245: Application time: 0.0185410 seconds
341.245: [GC [PSYoungGen: 50152K->6732K(51200K)] 134177K->95745K(167936K), 0.0037730 secs] [Times: user=0.02 sys=0.00, real=0.01 secs] 
341.249: Total time for which application threads were stopped: 0.0039730 seconds, Stopping threads took: 0.0001120 seconds
341.326: Application time: 0.0773500 seconds
341.326: [GC [PSYoungGen: 50229K->6700K(51200K)] 139242K->102838K(167936K), 0.0040760 secs] [Times: user=0.03 sys=0.00, real=0.00 secs] 
341.330: Total time for which application threads were stopped: 0.0042770 seconds, Stopping threads took: 0.0001130 seconds
341.514: Application time: 0.1841080 seconds
341.515: [GC [PSYoungGen: 50189K->6732K(51200K)] 146326K->112845K(167936K), 0.0049250 secs] [Times: user=0.04 sys=0.00, real=0.01 secs] 
341.520: [Full GC [PSYoungGen: 6732K->0K(51200K)] [ParOldGen: 106112K->27022K(116736K)] 112845K->27022K(167936K) [PSPermGen: 6111K->6111K(21504K)], 0.0100680 secs] [Times: user=0.05 sys=0.01, real=0.01 secs] 
341.530: Total time for which application threads were stopped: 0.0152070 seconds, Stopping threads took: 0.0000630 seconds
341.737: Application time: 0.2074690 seconds
341.737: [GC [PSYoungGen: 43494K->6508K(51200K)] 70516K->43506K(167936K), 0.0049350 secs] [Times: user=0.04 sys=0.00, real=0.01 secs] 
341.742: Total time for which application threads were stopped: 0.0051050 seconds, Stopping threads took: 0.0000720 seconds
341.904: Application time: 0.1621530 seconds
341.905: [GC [PSYoungGen: 49988K->6572K(51200K)] 86986K->52833K(167936K), 0.0047160 secs] [Times: user=0.04 sys=0.00, real=0.01 secs] 
341.909: Total time for which application threads were stopped: 0.0048840 seconds, Stopping threads took: 0.0000730 seconds
342.110: Application time: 0.2003430 seconds
342.110: [GC [PSYoungGen: 50061K->6540K(51200K)] 96321K->62776K(167936K), 0.0049020 secs] [Times: user=0.04 sys=0.00, real=0.00 secs] 
342.115: Total time for which application threads were stopped: 0.0050720 seconds, Stopping threads took: 0.0000830 seconds
342.284: Application time: 0.1697100 seconds
342.285: [GC [PSYoungGen: 50053K->6636K(51200K)] 106288K->74273K(167936K), 0.0052530 secs] [Times: user=0.04 sys=0.00, real=0.01 secs] 
342.290: Total time for which application threads were stopped: 0.0054230 seconds, Stopping threads took: 0.0000700 seconds
342.446: Application time: 0.1558630 seconds
342.446: [GC [PSYoungGen: 50126K->6668K(51200K)] 117762K->84280K(167936K), 0.0049580 secs] [Times: user=0.03 sys=0.00, real=0.00 secs] 
342.451: Total time for which application threads were stopped: 0.0051350 seconds, Stopping threads took: 0.0000900 seconds
342.634: Application time: 0.1831300 seconds
342.634: [GC [PSYoungGen: 50167K->6668K(51200K)] 127779K->94968K(167936K), 0.0051070 secs] [Times: user=0.03 sys=0.00, real=0.01 secs] 
342.639: Total time for which application threads were stopped: 0.0052600 seconds, Stopping threads took: 0.0000660 seconds
342.790: Application time: 0.1504850 seconds
342.790: [GC [PSYoungGen: 50150K->6668K(51200K)] 138450K->104232K(167936K), 0.0048360 secs] [Times: user=0.04 sys=0.00, real=0.00 secs] 
342.795: Total time for which application threads were stopped: 0.0050030 seconds, Stopping threads took: 0.0000630 seconds
342.954: Application time: 0.1591480 seconds
342.954: [GC [PSYoungGen: 50151K->6669K(51200K)] 147714K->113495K(167936K), 0.0048420 secs] [Times: user=0.04 sys=0.00, real=0.01 secs] 
342.959: [Full GC [PSYoungGen: 6669K->0K(51200K)] [ParOldGen: 106826K->27023K(116736K)] 113495K->27023K(167936K) [PSPermGen: 6111K->6111K(21504K)], 0.0101850 secs] [Times: user=0.05 sys=0.00, real=0.01 secs] 
342.969: Total time for which application threads were stopped: 0.0152630 seconds, Stopping threads took: 0.0000900 seconds
343.141: Application time: 0.1713950 seconds
343.141: [GC [PSYoungGen: 43499K->6573K(51200K)] 70523K->44285K(167936K), 0.0051020 secs] [Times: user=0.04 sys=0.00, real=0.01 secs] 
343.146: Total time for which application threads were stopped: 0.0052760 seconds, Stopping threads took: 0.0000810 seconds
343.298: Application time: 0.1522530 seconds
343.298: [GC [PSYoungGen: 50113K->6669K(51200K)] 87825K->55069K(167936K), 0.0051450 secs] [Times: user=0.04 sys=0.00, real=0.00 secs] 
343.303: Total time for which application threads were stopped: 0.0053160 seconds, Stopping threads took: 0.0000770 seconds
343.319: Application time: 0.0160160 seconds
343.320: [GC [PSYoungGen: 50147K->6669K(51200K)] 98547K->60057K(167936K), 0.0037710 secs] [Times: user=0.03 sys=0.00, real=0.00 secs] 
343.323: Total time for which application threads were stopped: 0.0039480 seconds, Stopping threads took: 0.0000900 seconds
343.341: Application time: 0.0177940 seconds
343.342: [GC [PSYoungGen: 50147K->6669K(51200K)] 103535K->61482K(167936K), 0.0027310 secs] [Times: user=0.02 sys=0.00, real=0.00 secs] 
343.344: Total time for which application threads were stopped: 0.0033110 seconds, Stopping threads took: 0.0004940 seconds
343.356: Application time: 0.0116280 seconds
343.356: [GC [PSYoungGen: 50151K->6637K(51200K)] 104964K->63588K(167936K), 0.0029580 secs] [Times: user=0.02 sys=0.00, real=0.01 secs] 
343.359: Total time for which application threads were stopped: 0.0031560 seconds, Stopping threads took: 0.0001090 seconds
343.503: Application time: 0.1434850 seconds
343.503: [GC [PSYoungGen: 50127K->6637K(51200K)] 107079K->74276K(167936K), 0.0051170 secs] [Times: user=0.04 sys=0.00, real=0.01 secs] 
343.508: Total time for which application threads were stopped: 0.0052840 seconds, Stopping threads took: 0.0000800 seconds
343.666: Application time: 0.1580610 seconds
343.666: [GC [PSYoungGen: 50136K->6701K(51200K)] 117776K->84317K(167936K), 0.0048430 secs] [Times: user=0.04 sys=0.00, real=0.00 secs] 
343.671: Total time for which application threads were stopped: 0.0050090 seconds, Stopping threads took: 0.0000790 seconds
343.819: Application time: 0.1479980 seconds
343.819: [GC [PSYoungGen: 50183K->6700K(51200K)] 127799K->93580K(167936K), 0.0047680 secs] [Times: user=0.03 sys=0.00, real=0.00 secs] 
343.824: Total time for which application threads were stopped: 0.0049280 seconds, Stopping threads took: 0.0000600 seconds
343.987: Application time: 0.1624670 seconds
343.987: [GC [PSYoungGen: 50183K->6700K(51200K)] 137062K->103555K(167936K), 0.0049570 secs] [Times: user=0.04 sys=0.00, real=0.00 secs] 
343.992: Total time for which application threads were stopped: 0.0051230 seconds, Stopping threads took: 0.0000690 seconds
344.030: Application time: 0.0383770 seconds
344.030: [GC [PSYoungGen: 50211K->6668K(51200K)] 147066K->109224K(167936K), 0.0039910 secs] [Times: user=0.03 sys=0.00, real=0.00 secs] 
344.034: [Full GC [PSYoungGen: 6668K->0K(51200K)] [ParOldGen: 102555K->29161K(116736K)] 109224K->29161K(167936K) [PSPermGen: 6111K->6111K(21504K)], 0.0104970 secs] [Times: user=0.06 sys=0.00, real=0.01 secs] 
344.045: Total time for which application threads were stopped: 0.0147040 seconds, Stopping threads took: 0.0000770 seconds
344.062: Application time: 0.0167910 seconds
344.062: [GC [PSYoungGen: 43478K->4435K(51200K)] 72639K->33596K(167936K), 0.0016030 secs] [Times: user=0.01 sys=0.00, real=0.00 secs] 
344.063: Total time for which application threads were stopped: 0.0017560 seconds, Stopping threads took: 0.0000770 seconds
344.076: Application time: 0.0127200 seconds
344.076: [GC [PSYoungGen: 47920K->6541K(51200K)] 77081K->37840K(167936K), 0.0028700 secs] [Times: user=0.02 sys=0.00, real=0.01 secs] 
344.079: Total time for which application threads were stopped: 0.0030490 seconds, Stopping threads took: 0.0000920 seconds
344.148: Application time: 0.0689730 seconds
344.148: [GC [PSYoungGen: 50071K->6540K(51200K)] 81370K->47815K(167936K), 0.0051090 secs] [Times: user=0.04 sys=0.00, real=0.00 secs] 
344.153: Total time for which application threads were stopped: 0.0052900 seconds, Stopping threads took: 0.0000880 seconds
344.169: Application time: 0.0156100 seconds
344.169: [GC [PSYoungGen: 50027K->6604K(51200K)] 91302K->52155K(167936K), 0.0033320 secs] [Times: user=0.03 sys=0.00, real=0.00 secs] 
344.172: Total time for which application threads were stopped: 0.0035280 seconds, Stopping threads took: 0.0001060 seconds
344.189: Application time: 0.0164650 seconds
344.189: [GC [PSYoungGen: 50088K->6605K(51200K)] 95638K->55718K(167936K), 0.0034050 secs] [Times: user=0.02 sys=0.00, real=0.00 secs] 
344.193: Total time for which application threads were stopped: 0.0035970 seconds, Stopping threads took: 0.0001020 seconds
344.249: Application time: 0.0566170 seconds
344.249: [GC [PSYoungGen: 50101K->6636K(51200K)] 99214K->62875K(167936K), 0.0041540 secs] [Times: user=0.03 sys=0.00, real=0.00 secs] 
344.253: Total time for which application threads were stopped: 0.0043110 seconds, Stopping threads took: 0.0000680 seconds
344.303: Application time: 0.0491700 seconds
344.303: [GC [PSYoungGen: 50147K->6636K(51200K)] 106385K->67863K(167936K), 0.0037840 secs] [Times: user=0.03 sys=0.00, real=0.01 secs] 
344.307: Total time for which application threads were stopped: 0.0039560 seconds, Stopping threads took: 0.0000830 seconds
344.322: Application time: 0.0158620 seconds
344.323: [GC [PSYoungGen: 50118K->6604K(51200K)] 111344K->72106K(167936K), 0.0034960 secs] [Times: user=0.03 sys=0.00, real=0.01 secs] 
344.326: Total time for which application threads were stopped: 0.0036750 seconds, Stopping threads took: 0.0000810 seconds
344.340: Application time: 0.0133890 seconds
344.340: [GC [PSYoungGen: 50090K->6652K(51200K)] 115591K->75717K(167936K), 0.0033000 secs] [Times: user=0.03 sys=0.00, real=0.00 secs] 
344.343: Total time for which application threads were stopped: 0.0034810 seconds, Stopping threads took: 0.0000920 seconds
344.482: Application time: 0.1392180 seconds
344.482: [GC [PSYoungGen: 50150K->6700K(51200K)] 119215K->86453K(167936K), 0.0052070 secs] [Times: user=0.04 sys=0.00, real=0.01 secs] 
344.488: Total time for which application threads were stopped: 0.0053620 seconds, Stopping threads took: 0.0000650 seconds
344.583: Application time: 0.0950540 seconds
344.583: [GC [PSYoungGen: 50216K->6668K(51200K)] 129968K->94971K(167936K), 0.0047020 secs] [Times: user=0.04 sys=0.00, real=0.01 secs] 
344.588: Total time for which application threads were stopped: 0.0052870 seconds, Stopping threads took: 0.0004940 seconds
344.602: Application time: 0.0144190 seconds
344.602: [GC [PSYoungGen: 50159K->6748K(51200K)] 138462K->100751K(167936K), 0.0039060 secs] [Times: user=0.02 sys=0.00, real=0.01 secs] 
344.606: Total time for which application threads were stopped: 0.0040850 seconds, Stopping threads took: 0.0000900 seconds
344.624: Application time: 0.0170920 seconds
344.624: [GC [PSYoungGen: 50229K->6669K(51200K)] 144232K->102097K(167936K), 0.0028460 secs] [Times: user=0.02 sys=0.00, real=0.01 secs] 
344.627: Total time for which application threads were stopped: 0.0030260 seconds, Stopping threads took: 0.0000930 seconds
344.658: Application time: 0.0316530 seconds
344.658: [GC [PSYoungGen: 50187K->6732K(51200K)] 145615K->107148K(167936K), 0.0038130 secs] [Times: user=0.02 sys=0.00, real=0.00 secs] 
344.662: Total time for which application threads were stopped: 0.0039790 seconds, Stopping threads took: 0.0000770 seconds
344.679: Application time: 0.0172830 seconds
344.680: [GC [PSYoungGen: 50214K->6732K(51200K)] 150630K->107861K(167936K), 0.0023540 secs] [Times: user=0.02 sys=0.00, real=0.00 secs] 
344.682: Total time for which application threads were stopped: 0.0025170 seconds, Stopping threads took: 0.0000810 seconds
344.700: Application time: 0.0177000 seconds
344.700: [GC [PSYoungGen: 50220K->6748K(51200K)] 151348K->113577K(167936K), 0.0039820 secs] [Times: user=0.03 sys=0.00, real=0.00 secs] 
344.704: [Full GC [PSYoungGen: 6748K->0K(51200K)] [ParOldGen: 106828K->27023K(116736K)] 113577K->27023K(167936K) [PSPermGen: 6111K->6111K(21504K)], 0.0100850 secs] [Times: user=0.05 sys=0.00, real=0.01 secs] 
344.714: Total time for which application threads were stopped: 0.0142810 seconds, Stopping threads took: 0.0000770 seconds
344.777: Application time: 0.0632180 seconds
344.777: [GC [PSYoungGen: 43490K->6476K(51200K)] 70513K->38488K(167936K), 0.0034650 secs] [Times: user=0.03 sys=0.00, real=0.01 secs] 
344.781: Total time for which application threads were stopped: 0.0036220 seconds, Stopping threads took: 0.0000680 seconds
344.954: Application time: 0.1736550 seconds
344.955: [GC [PSYoungGen: 49957K->7157K(51200K)] 81968K->47734K(167936K), 0.0047130 secs] [Times: user=0.03 sys=0.00, real=0.01 secs] 
344.959: Total time for which application threads were stopped: 0.0048820 seconds, Stopping threads took: 0.0000740 seconds
345.122: Application time: 0.1621940 seconds
345.122: [GC [PSYoungGen: 50677K->6508K(51200K)] 91255K->57061K(167936K), 0.0048860 secs] [Times: user=0.04 sys=0.00, real=0.01 secs] 
345.127: Total time for which application threads were stopped: 0.0050590 seconds, Stopping threads took: 0.0000760 seconds
345.144: Application time: 0.0174030 seconds
345.144: [GC [PSYoungGen: 49984K->6604K(51200K)] 100537K->60720K(167936K), 0.0033650 secs] [Times: user=0.02 sys=0.00, real=0.01 secs] 
345.148: Total time for which application threads were stopped: 0.0035390 seconds, Stopping threads took: 0.0000840 seconds
345.166: Application time: 0.0184330 seconds
345.166: [GC [PSYoungGen: 50085K->6604K(51200K)] 104201K->62145K(167936K), 0.0026820 secs] [Times: user=0.02 sys=0.00, real=0.00 secs] 
345.169: Total time for which application threads were stopped: 0.0028420 seconds, Stopping threads took: 0.0000780 seconds
345.200: Application time: 0.0310810 seconds
345.200: [GC [PSYoungGen: 50104K->6636K(51200K)] 105645K->64314K(167936K), 0.0026600 secs] [Times: user=0.02 sys=0.01, real=0.00 secs] 
345.203: Total time for which application threads were stopped: 0.0028000 seconds, Stopping threads took: 0.0000550 seconds
345.297: Application time: 0.0947470 seconds
345.298: [GC [PSYoungGen: 50150K->6668K(51200K)] 107828K->74321K(167936K), 0.0050180 secs] [Times: user=0.02 sys=0.00, real=0.01 secs] 
345.303: Total time for which application threads were stopped: 0.0051900 seconds, Stopping threads took: 0.0000820 seconds
345.318: Application time: 0.0155360 seconds
345.318: [GC [PSYoungGen: 50156K->6604K(51200K)] 117810K->79245K(167936K), 0.0037030 secs] [Times: user=0.02 sys=0.00, real=0.00 secs] 
345.322: Total time for which application threads were stopped: 0.0038690 seconds, Stopping threads took: 0.0000800 seconds
345.339: Application time: 0.0164670 seconds
345.339: [GC [PSYoungGen: 50087K->6636K(51200K)] 122728K->81415K(167936K), 0.0028690 secs] [Times: user=0.02 sys=0.00, real=0.00 secs] 
345.342: Total time for which application threads were stopped: 0.0030320 seconds, Stopping threads took: 0.0000760 seconds
345.436: Application time: 0.0948220 seconds
345.437: [GC [PSYoungGen: 50143K->6700K(51200K)] 124922K->91454K(167936K), 0.0048700 secs] [Times: user=0.03 sys=0.00, real=0.01 secs] 
345.441: Total time for which application threads were stopped: 0.0050250 seconds, Stopping threads took: 0.0000610 seconds
345.630: Application time: 0.1884530 seconds
345.630: [GC [PSYoungGen: 50193K->6700K(51200K)] 134946K->100717K(167936K), 0.0047560 secs] [Times: user=0.03 sys=0.00, real=0.00 secs] 
345.635: Total time for which application threads were stopped: 0.0049210 seconds, Stopping threads took: 0.0000660 seconds
345.826: Application time: 0.1914350 seconds
345.826: [GC [PSYoungGen: 50180K->6684K(51200K)] 144197K->109963K(167936K), 0.0046960 secs] [Times: user=0.03 sys=0.00, real=0.00 secs] 
345.831: [Full GC [PSYoungGen: 6684K->0K(51200K)] [ParOldGen: 103279K->28448K(116736K)] 109963K->28448K(167936K) [PSPermGen: 6111K->6111K(21504K)], 0.0103170 secs] [Times: user=0.06 sys=0.00, real=0.01 secs] 
345.841: Total time for which application threads were stopped: 0.0152450 seconds, Stopping threads took: 0.0000910 seconds
346.038: Application time: 0.1961910 seconds
346.038: [GC [PSYoungGen: 43480K->7157K(51200K)] 71928K->44155K(167936K), 0.0048290 secs] [Times: user=0.03 sys=0.01, real=0.00 secs] 
346.043: Total time for which application threads were stopped: 0.0049780 seconds, Stopping threads took: 0.0000570 seconds
346.216: Application time: 0.1732410 seconds
346.216: [GC [PSYoungGen: 50660K->6540K(51200K)] 87659K->54227K(167936K), 0.0050700 secs] [Times: user=0.04 sys=0.00, real=0.01 secs] 
346.221: Total time for which application threads were stopped: 0.0052320 seconds, Stopping threads took: 0.0000610 seconds
346.394: Application time: 0.1726450 seconds
346.394: [GC [PSYoungGen: 50038K->6636K(51200K)] 97724K->64298K(167936K), 0.0049510 secs] [Times: user=0.04 sys=0.00, real=0.01 secs] 
346.399: Total time for which application threads were stopped: 0.0051010 seconds, Stopping threads took: 0.0000590 seconds
346.551: Application time: 0.1519150 seconds
346.551: [GC [PSYoungGen: 50134K->6636K(51200K)] 107796K->74986K(167936K), 0.0050440 secs] [Times: user=0.04 sys=0.00, real=0.00 secs] 
346.556: Total time for which application threads were stopped: 0.0052030 seconds, Stopping threads took: 0.0000730 seconds
346.733: Application time: 0.1774040 seconds
346.734: [GC [PSYoungGen: 50126K->6668K(51200K)] 118476K->84994K(167936K), 0.0049840 secs] [Times: user=0.04 sys=0.00, real=0.01 secs] 
346.739: Total time for which application threads were stopped: 0.0051590 seconds, Stopping threads took: 0.0000700 seconds
346.900: Application time: 0.1612290 seconds
346.900: [GC [PSYoungGen: 50150K->6636K(51200K)] 128476K->94225K(167936K), 0.0048800 secs] [Times: user=0.03 sys=0.00, real=0.00 secs] 
346.905: Total time for which application threads were stopped: 0.0050520 seconds, Stopping threads took: 0.0000840 seconds
347.065: Application time: 0.1605050 seconds
347.065: [GC [PSYoungGen: 50119K->6669K(51200K)] 137707K->103520K(167936K), 0.0048460 secs] [Times: user=0.04 sys=0.00, real=0.01 secs] 
347.070: Total time for which application threads were stopped: 0.0050060 seconds, Stopping threads took: 0.0000720 seconds
347.243: Application time: 0.1727590 seconds
347.243: [GC [PSYoungGen: 50177K->6669K(51200K)] 147029K->114922K(167936K), 0.0053570 secs] [Times: user=0.03 sys=0.00, real=0.01 secs] 
347.249: [Full GC [PSYoungGen: 6669K->0K(51200K)] [ParOldGen: 108253K->27737K(116736K)] 114922K->27737K(167936K) [PSPermGen: 6111K->6111K(21504K)], 0.0102060 secs] [Times: user=0.06 sys=0.00, real=0.01 secs] 
347.259: Total time for which application threads were stopped: 0.0157770 seconds, Stopping threads took: 0.0000680 seconds
347.407: Application time: 0.1484630 seconds
347.407: [GC [PSYoungGen: 43499K->6541K(51200K)] 71237K->44254K(167936K), 0.0049420 secs] [Times: user=0.03 sys=0.00, real=0.00 secs] 
347.412: Total time for which application threads were stopped: 0.0051010 seconds, Stopping threads took: 0.0000680 seconds
347.445: Application time: 0.0329300 seconds
347.446: [GC [PSYoungGen: 50054K->6605K(51200K)] 87767K->50018K(167936K), 0.0039450 secs] [Times: user=0.03 sys=0.00, real=0.01 secs] 
347.450: Total time for which application threads were stopped: 0.0041280 seconds, Stopping threads took: 0.0000910 seconds
347.467: Application time: 0.0178500 seconds
347.468: [GC [PSYoungGen: 50081K->6637K(51200K)] 93494K->50050K(167936K), 0.0023690 secs] [Times: user=0.01 sys=0.00, real=0.00 secs] 
347.470: Total time for which application threads were stopped: 0.0025350 seconds, Stopping threads took: 0.0000800 seconds
347.482: Application time: 0.0119570 seconds
347.482: [GC [PSYoungGen: 50121K->6573K(51200K)] 93535K->53549K(167936K), 0.0033590 secs] [Times: user=0.02 sys=0.00, real=0.00 secs] 
347.485: Total time for which application threads were stopped: 0.0035280 seconds, Stopping threads took: 0.0000810 seconds
347.601: Application time: 0.1154360 seconds
347.601: [GC [PSYoungGen: 50072K->6669K(51200K)] 97048K->64334K(167936K), 0.0051940 secs] [Times: user=0.04 sys=0.00, real=0.01 secs] 
347.606: Total time for which application threads were stopped: 0.0053810 seconds, Stopping threads took: 0.0000970 seconds
347.775: Application time: 0.1687870 seconds
347.775: [GC [PSYoungGen: 50160K->6637K(51200K)] 107825K->74278K(167936K), 0.0049800 secs] [Times: user=0.04 sys=0.00, real=0.01 secs] 
347.780: Total time for which application threads were stopped: 0.0051520 seconds, Stopping threads took: 0.0000680 seconds
347.943: Application time: 0.1624110 seconds
347.943: [GC [PSYoungGen: 50119K->6637K(51200K)] 117760K->83541K(167936K), 0.0047190 secs] [Times: user=0.03 sys=0.00, real=0.01 secs] 
347.947: Total time for which application threads were stopped: 0.0048940 seconds, Stopping threads took: 0.0000860 seconds
348.087: Application time: 0.1392430 seconds
348.087: [GC [PSYoungGen: 50151K->6637K(51200K)] 127056K->92804K(167936K), 0.0046370 secs] [Times: user=0.03 sys=0.00, real=0.00 secs] 
348.092: Total time for which application threads were stopped: 0.0048060 seconds, Stopping threads took: 0.0000830 seconds
348.110: Application time: 0.0186250 seconds
348.110: [GC [PSYoungGen: 50110K->6604K(51200K)] 136278K->94910K(167936K), 0.0028960 secs] [Times: user=0.02 sys=0.00, real=0.00 secs] 
348.113: Total time for which application threads were stopped: 0.0030590 seconds, Stopping threads took: 0.0000780 seconds
348.132: Application time: 0.0187890 seconds
348.132: [GC [PSYoungGen: 50084K->6605K(51200K)] 138389K->97047K(167936K), 0.0029740 secs] [Times: user=0.03 sys=0.00, real=0.00 secs] 
348.135: Total time for which application threads were stopped: 0.0031450 seconds, Stopping threads took: 0.0000830 seconds
348.152: Application time: 0.0171460 seconds
348.152: [GC [PSYoungGen: 50096K->6668K(51200K)] 140539K->99249K(167936K), 0.0027530 secs] [Times: user=0.02 sys=0.00, real=0.00 secs] 
348.155: Total time for which application threads were stopped: 0.0029110 seconds, Stopping threads took: 0.0000740 seconds
348.228: Application time: 0.0725520 seconds
348.230: [GC [PSYoungGen: 50190K->6733K(51200K)] 142771K->107863K(167936K), 0.0046930 secs] [Times: user=0.04 sys=0.00, real=0.00 secs] 
348.234: Total time for which application threads were stopped: 0.0066930 seconds, Stopping threads took: 0.0019110 seconds
348.251: Application time: 0.0164770 seconds
348.251: [GC [PSYoungGen: 50217K->6669K(51200K)] 151348K->109937K(167936K), 0.0030580 secs] [Times: user=0.02 sys=0.00, real=0.00 secs] 
348.254: [Full GC [PSYoungGen: 6669K->0K(51200K)] [ParOldGen: 103268K->27247K(116736K)] 109937K->27247K(167936K) [PSPermGen: 6111K->6111K(21504K)], 0.0096490 secs] [Times: user=0.05 sys=0.00, real=0.01 secs] 
348.264: Total time for which application threads were stopped: 0.0129420 seconds, Stopping threads took: 0.0000990 seconds
348.281: Application time: 0.0168150 seconds
348.281: [GC [PSYoungGen: 43484K->5860K(51200K)] 70732K->33108K(167936K), 0.0021430 secs] [Times: user=0.01 sys=0.00, real=0.00 secs] 
348.283: Total time for which application threads were stopped: 0.0023200 seconds, Stopping threads took: 0.0000810 seconds
348.352: Application time: 0.0685090 seconds
348.352: [GC [PSYoungGen: 49394K->6572K(51200K)] 76642K->43083K(167936K), 0.0046090 secs] [Times: user=0.04 sys=0.00, real=0.00 secs] 
348.356: Total time for which application threads were stopped: 0.0047810 seconds, Stopping threads took: 0.0000850 seconds
348.374: Application time: 0.0180410 seconds
348.374: [GC [PSYoungGen: 50046K->6636K(51200K)] 86557K->46710K(167936K), 0.0034380 secs] [Times: user=0.02 sys=0.00, real=0.01 secs] 
348.378: Total time for which application threads were stopped: 0.0036050 seconds, Stopping threads took: 0.0000790 seconds
348.397: Application time: 0.0188300 seconds
348.397: [GC [PSYoungGen: 50118K->6637K(51200K)] 90191K->48135K(167936K), 0.0027660 secs] [Times: user=0.02 sys=0.00, real=0.01 secs] 
348.400: Total time for which application threads were stopped: 0.0029330 seconds, Stopping threads took: 0.0000810 seconds
348.413: Application time: 0.0132180 seconds
348.413: [GC [PSYoungGen: 50130K->6604K(51200K)] 91628K->50240K(167936K), 0.0027270 secs] [Times: user=0.02 sys=0.00, real=0.00 secs] 
348.416: Total time for which application threads were stopped: 0.0029060 seconds, Stopping threads took: 0.0000940 seconds
348.571: Application time: 0.1550440 seconds
348.571: [GC [PSYoungGen: 50127K->6620K(51200K)] 93762K->59519K(167936K), 0.0064830 secs] [Times: user=0.04 sys=0.00, real=0.00 secs] 
348.578: Total time for which application threads were stopped: 0.0066420 seconds, Stopping threads took: 0.0000740 seconds
348.596: Application time: 0.0183300 seconds
348.596: [GC [PSYoungGen: 50098K->6652K(51200K)] 102997K->63826K(167936K), 0.0035040 secs] [Times: user=0.03 sys=0.00, real=0.01 secs] 
348.600: Total time for which application threads were stopped: 0.0037770 seconds, Stopping threads took: 0.0001810 seconds
348.617: Application time: 0.0177240 seconds
348.618: [GC [PSYoungGen: 50131K->6701K(51200K)] 107305K->66725K(167936K), 0.0031910 secs] [Times: user=0.02 sys=0.01, real=0.01 secs] 
348.621: Total time for which application threads were stopped: 0.0033640 seconds, Stopping threads took: 0.0000860 seconds
348.633: Application time: 0.0123460 seconds
348.633: [GC [PSYoungGen: 50182K->6636K(51200K)] 110207K->68798K(167936K), 0.0030010 secs] [Times: user=0.02 sys=0.00, real=0.00 secs] 
348.636: Total time for which application threads were stopped: 0.0031970 seconds, Stopping threads took: 0.0001090 seconds
348.677: Application time: 0.0410140 seconds
348.677: [GC [PSYoungGen: 50160K->6700K(51200K)] 112321K->75987K(167936K), 0.0043550 secs] [Times: user=0.03 sys=0.00, real=0.01 secs] 
348.682: Total time for which application threads were stopped: 0.0045540 seconds, Stopping threads took: 0.0001090 seconds
348.699: Application time: 0.0167740 seconds
348.699: [GC [PSYoungGen: 50178K->6636K(51200K)] 119465K->77349K(167936K), 0.0027960 secs] [Times: user=0.02 sys=0.00, real=0.00 secs] 
348.702: Total time for which application threads were stopped: 0.0029640 seconds, Stopping threads took: 0.0000810 seconds
348.715: Application time: 0.0135530 seconds
348.715: [GC [PSYoungGen: 50119K->6668K(51200K)] 120832K->80231K(167936K), 0.0031810 secs] [Times: user=0.03 sys=0.00, real=0.01 secs] 
348.719: Total time for which application threads were stopped: 0.0033610 seconds, Stopping threads took: 0.0000900 seconds
348.858: Application time: 0.1395240 seconds
348.858: [GC [PSYoungGen: 50157K->6700K(51200K)] 123720K->90238K(167936K), 0.0048900 secs] [Times: user=0.03 sys=0.00, real=0.00 secs] 
348.863: Total time for which application threads were stopped: 0.0050530 seconds, Stopping threads took: 0.0000610 seconds
349.035: Application time: 0.1722770 seconds
349.036: [GC [PSYoungGen: 50180K->6700K(51200K)] 133718K->99501K(167936K), 0.0047950 secs] [Times: user=0.04 sys=0.00, real=0.01 secs] 
349.040: Total time for which application threads were stopped: 0.0049490 seconds, Stopping threads took: 0.0000600 seconds
349.151: Application time: 0.1103690 seconds
349.151: [GC [PSYoungGen: 50221K->6748K(51200K)] 143022K->109524K(167936K), 0.0051570 secs] [Times: user=0.03 sys=0.00, real=0.00 secs] 
349.156: [Full GC [PSYoungGen: 6748K->0K(51200K)] [ParOldGen: 102775K->26311K(116736K)] 109524K->26311K(167936K) [PSPermGen: 6111K->6111K(21504K)], 0.0099380 secs] [Times: user=0.06 sys=0.00, real=0.02 secs] 
349.166: Total time for which application threads were stopped: 0.0153050 seconds, Stopping threads took: 0.0000680 seconds
349.183: Application time: 0.0165670 seconds
349.183: [GC [PSYoungGen: 43484K->3722K(51200K)] 69795K->30033K(167936K), 0.0014850 secs] [Times: user=0.01 sys=0.00, real=0.00 secs] 
349.184: Total time for which application threads were stopped: 0.0016320 seconds, Stopping threads took: 0.0000740 seconds
349.200: Application time: 0.0153390 seconds
349.200: [GC [PSYoungGen: 47209K->6508K(51200K)] 73520K->37095K(167936K), 0.0034870 secs] [Times: user=0.03 sys=0.00, real=0.00 secs] 
349.203: Total time for which application threads were stopped: 0.0036590 seconds, Stopping threads took: 0.0000820 seconds
349.281: Application time: 0.0779820 seconds
349.281: [GC [PSYoungGen: 50001K->7157K(51200K)] 80587K->47742K(167936K), 0.0050870 secs] [Times: user=0.03 sys=0.00, real=0.01 secs] 
349.286: Total time for which application threads were stopped: 0.0052350 seconds, Stopping threads took: 0.0000590 seconds
349.361: Application time: 0.0741570 seconds
349.361: [GC [PSYoungGen: 50677K->6540K(51200K)] 91263K->57101K(167936K), 0.0050210 secs] [Times: user=0.04 sys=0.00, real=0.01 secs] 
349.366: Total time for which application threads were stopped: 0.0051950 seconds, Stopping threads took: 0.0000720 seconds
349.381: Application time: 0.0156900 seconds
349.382: [GC [PSYoungGen: 50025K->6604K(51200K)] 100586K->58590K(167936K), 0.0027960 secs] [Times: user=0.02 sys=0.00, real=0.00 secs] 
349.384: Total time for which application threads were stopped: 0.0029740 seconds, Stopping threads took: 0.0000910 seconds
349.399: Application time: 0.0146780 seconds
349.399: [GC [PSYoungGen: 50087K->6668K(51200K)] 102073K->60792K(167936K), 0.0029870 secs] [Times: user=0.02 sys=0.00, real=0.00 secs] 
349.402: Total time for which application threads were stopped: 0.0031570 seconds, Stopping threads took: 0.0000810 seconds
349.528: Application time: 0.1252410 seconds
349.528: [GC [PSYoungGen: 50174K->6604K(51200K)] 104298K->72840K(167936K), 0.0054920 secs] [Times: user=0.05 sys=0.00, real=0.00 secs] 
349.533: Total time for which application threads were stopped: 0.0056500 seconds, Stopping threads took: 0.0000680 seconds
349.732: Application time: 0.1988880 seconds
349.732: [GC [PSYoungGen: 50099K->6668K(51200K)] 116335K->82880K(167936K), 0.0048310 secs] [Times: user=0.04 sys=0.00, real=0.00 secs] 
349.737: Total time for which application threads were stopped: 0.0049850 seconds, Stopping threads took: 0.0000690 seconds
349.905: Application time: 0.1684000 seconds
349.906: [GC [PSYoungGen: 50148K->6668K(51200K)] 126360K->93568K(167936K), 0.0052560 secs] [Times: user=0.03 sys=0.00, real=0.01 secs] 
349.911: Total time for which application threads were stopped: 0.0054450 seconds, Stopping threads took: 0.0000900 seconds
350.115: Application time: 0.2040400 seconds
350.115: [GC [PSYoungGen: 50163K->6700K(51200K)] 137062K->102862K(167936K), 0.0047170 secs] [Times: user=0.03 sys=0.00, real=0.01 secs] 
350.120: Total time for which application threads were stopped: 0.0048830 seconds, Stopping threads took: 0.0000740 seconds
350.305: Application time: 0.1852720 seconds
350.305: [GC [PSYoungGen: 50189K->6700K(51200K)] 146351K->112838K(167936K), 0.0050280 secs] [Times: user=0.03 sys=0.01, real=0.01 secs] 
350.310: [Full GC [PSYoungGen: 6700K->0K(51200K)] [ParOldGen: 106137K->27736K(116736K)] 112838K->27736K(167936K) [PSPermGen: 6111K->6111K(21504K)], 0.0103440 secs] [Times: user=0.06 sys=0.00, real=0.01 secs] 
350.321: Total time for which application threads were stopped: 0.0155790 seconds, Stopping threads took: 0.0000570 seconds
350.496: Application time: 0.1753680 seconds
350.496: [GC [PSYoungGen: 43506K->6572K(51200K)] 71242K->44284K(167936K), 0.0048620 secs] [Times: user=0.04 sys=0.00, real=0.01 secs] 
350.501: Total time for which application threads were stopped: 0.0050260 seconds, Stopping threads took: 0.0000580 seconds
350.665: Application time: 0.1639600 seconds
350.665: [GC [PSYoungGen: 50062K->6604K(51200K)] 87774K->54292K(167936K), 0.0048680 secs] [Times: user=0.03 sys=0.00, real=0.01 secs] 
350.670: Total time for which application threads were stopped: 0.0050320 seconds, Stopping threads took: 0.0000740 seconds
350.824: Application time: 0.1536850 seconds
350.824: [GC [PSYoungGen: 50095K->6636K(51200K)] 97782K->65012K(167936K), 0.0051620 secs] [Times: user=0.04 sys=0.00, real=0.01 secs] 
350.829: Total time for which application threads were stopped: 0.0053250 seconds, Stopping threads took: 0.0000740 seconds
351.000: Application time: 0.1711800 seconds
351.000: [GC [PSYoungGen: 50118K->6604K(51200K)] 108494K->74243K(167936K), 0.0047110 secs] [Times: user=0.03 sys=0.00, real=0.00 secs] 
351.005: Total time for which application threads were stopped: 0.0048770 seconds, Stopping threads took: 0.0000680 seconds
351.161: Application time: 0.1556180 seconds
351.161: [GC [PSYoungGen: 50104K->6669K(51200K)] 117743K->85708K(167936K), 0.0053570 secs] [Times: user=0.04 sys=0.00, real=0.01 secs] 
351.166: Total time for which application threads were stopped: 0.0055200 seconds, Stopping threads took: 0.0000730 seconds
351.315: Application time: 0.1491580 seconds
351.316: [GC [PSYoungGen: 50160K->6669K(51200K)] 129200K->95684K(167936K), 0.0049090 secs] [Times: user=0.04 sys=0.00, real=0.01 secs] 
351.321: Total time for which application threads were stopped: 0.0050600 seconds, Stopping threads took: 0.0000630 seconds
351.441: Application time: 0.1199720 seconds
351.441: [GC [PSYoungGen: 50194K->6701K(51200K)] 139210K->105692K(167936K), 0.0051070 secs] [Times: user=0.04 sys=0.00, real=0.01 secs] 
351.446: Total time for which application threads were stopped: 0.0052920 seconds, Stopping threads took: 0.0000950 seconds
351.463: Application time: 0.0168990 seconds
351.463: [GC [PSYoungGen: 50177K->6669K(51200K)] 149168K->106373K(167936K), 0.0024140 secs] [Times: user=0.01 sys=0.00, real=0.00 secs] 
351.465: [Full GC [PSYoungGen: 6669K->0K(51200K)] [ParOldGen: 99704K->24425K(116736K)] 106373K->24425K(167936K) [PSPermGen: 6111K->6111K(21504K)], 0.0093000 secs] [Times: user=0.05 sys=0.00, real=0.01 secs] 
351.475: Total time for which application threads were stopped: 0.0119630 seconds, Stopping threads took: 0.0001170 seconds
351.492: Application time: 0.0174230 seconds
351.492: [GC [PSYoungGen: 43498K->6605K(51200K)] 67923K->31030K(167936K), 0.0022580 secs] [Times: user=0.01 sys=0.00, real=0.00 secs] 
351.495: Total time for which application threads were stopped: 0.0024320 seconds, Stopping threads took: 0.0000920 seconds
351.549: Application time: 0.0540400 seconds
351.549: [GC [PSYoungGen: 50093K->6573K(51200K)] 74519K->38836K(167936K), 0.0042630 secs] [Times: user=0.03 sys=0.00, real=0.00 secs] 
351.553: Total time for which application threads were stopped: 0.0044250 seconds, Stopping threads took: 0.0000630 seconds
351.712: Application time: 0.1585610 seconds
351.712: [GC [PSYoungGen: 50064K->6573K(51200K)] 82328K->48812K(167936K), 0.0048570 secs] [Times: user=0.04 sys=0.00, real=0.00 secs] 
351.717: Total time for which application threads were stopped: 0.0050300 seconds, Stopping threads took: 0.0000810 seconds
351.867: Application time: 0.1499540 seconds
351.867: [GC [PSYoungGen: 50064K->6605K(51200K)] 92304K->58108K(167936K), 0.0046140 secs] [Times: user=0.03 sys=0.00, real=0.00 secs] 
351.871: Total time for which application threads were stopped: 0.0047690 seconds, Stopping threads took: 0.0000670 seconds
352.013: Application time: 0.1416010 seconds
352.013: [GC [PSYoungGen: 50096K->6637K(51200K)] 101599K->68116K(167936K), 0.0063520 secs] [Times: user=0.04 sys=0.00, real=0.01 secs] 
352.019: Total time for which application threads were stopped: 0.0065050 seconds, Stopping threads took: 0.0000590 seconds
352.066: Application time: 0.0469640 seconds
352.067: [GC [PSYoungGen: 50154K->6668K(51200K)] 111633K->76698K(167936K), 0.0047140 secs] [Times: user=0.04 sys=0.00, real=0.00 secs] 
352.071: Total time for which application threads were stopped: 0.0049190 seconds, Stopping threads took: 0.0000980 seconds
352.087: Application time: 0.0155010 seconds
352.087: [GC [PSYoungGen: 50145K->6669K(51200K)] 120175K->78123K(167936K), 0.0027800 secs] [Times: user=0.02 sys=0.00, real=0.00 secs] 
352.090: Total time for which application threads were stopped: 0.0029630 seconds, Stopping threads took: 0.0000940 seconds
352.105: Application time: 0.0150920 seconds
352.105: [GC [PSYoungGen: 50150K->6669K(51200K)] 121605K->79549K(167936K), 0.0028060 secs] [Times: user=0.02 sys=0.00, real=0.01 secs] 
352.108: Total time for which application threads were stopped: 0.0029960 seconds, Stopping threads took: 0.0001010 seconds
352.204: Application time: 0.0957530 seconds
352.204: [GC [PSYoungGen: 50159K->6669K(51200K)] 123039K->89524K(167936K), 0.0049510 secs] [Times: user=0.04 sys=0.00, real=0.01 secs] 
352.209: Total time for which application threads were stopped: 0.0051150 seconds, Stopping threads took: 0.0000730 seconds
352.237: Application time: 0.0286350 seconds
352.238: [GC [PSYoungGen: 50179K->6684K(51200K)] 133035K->94528K(167936K), 0.0037830 secs] [Times: user=0.02 sys=0.00, real=0.01 secs] 
352.241: Total time for which application threads were stopped: 0.0039710 seconds, Stopping threads took: 0.0000980 seconds
352.259: Application time: 0.0176350 seconds
352.259: [GC [PSYoungGen: 50163K->6637K(51200K)] 138006K->96618K(167936K), 0.0030290 secs] [Times: user=0.03 sys=0.00, real=0.00 secs] 
352.262: Total time for which application threads were stopped: 0.0032210 seconds, Stopping threads took: 0.0001020 seconds
352.274: Application time: 0.0122690 seconds
352.275: [GC [PSYoungGen: 50119K->6636K(51200K)] 140100K->97330K(167936K), 0.0024720 secs] [Times: user=0.01 sys=0.00, real=0.00 secs] 
352.277: Total time for which application threads were stopped: 0.0026300 seconds, Stopping threads took: 0.0000720 seconds
352.420: Application time: 0.1430750 seconds
352.420: [GC [PSYoungGen: 50135K->6668K(51200K)] 140829K->108763K(167936K), 0.0053620 secs] [Times: user=0.03 sys=0.00, real=0.01 secs] 
352.426: [Full GC [PSYoungGen: 6668K->0K(51200K)] [ParOldGen: 102094K->30895K(116736K)] 108763K->30895K(167936K) [PSPermGen: 6111K->6111K(21504K)], 0.0098600 secs] [Times: user=0.06 sys=0.00, real=0.00 secs] 
352.436: Total time for which application threads were stopped: 0.0154230 seconds, Stopping threads took: 0.0000580 seconds
352.505: Application time: 0.0689800 seconds
352.505: [GC [PSYoungGen: 43512K->7157K(51200K)] 74408K->45898K(167936K), 0.0046830 secs] [Times: user=0.04 sys=0.00, real=0.01 secs] 
352.509: Total time for which application threads were stopped: 0.0048630 seconds, Stopping threads took: 0.0000880 seconds
352.524: Application time: 0.0147270 seconds
352.524: [GC [PSYoungGen: 50644K->7157K(51200K)] 89385K->48797K(167936K), 0.0032910 secs] [Times: user=0.03 sys=0.00, real=0.01 secs] 
352.528: Total time for which application threads were stopped: 0.0034570 seconds, Stopping threads took: 0.0000820 seconds
352.544: Application time: 0.0158630 seconds
352.544: [GC [PSYoungGen: 50646K->6572K(51200K)] 92286K->51062K(167936K), 0.0030870 secs] [Times: user=0.03 sys=0.00, real=0.01 secs] 
352.547: Total time for which application threads were stopped: 0.0032620 seconds, Stopping threads took: 0.0000770 seconds
352.579: Application time: 0.0322580 seconds
352.579: [GC [PSYoungGen: 50090K->6540K(51200K)] 94580K->56731K(167936K), 0.0038600 secs] [Times: user=0.03 sys=0.00, real=0.00 secs] 
352.583: Total time for which application threads were stopped: 0.0040440 seconds, Stopping threads took: 0.0000830 seconds
352.600: Application time: 0.0173620 seconds
352.601: [GC [PSYoungGen: 50022K->6668K(51200K)] 100212K->57571K(167936K), 0.0025930 secs] [Times: user=0.02 sys=0.00, real=0.00 secs] 
352.603: Total time for which application threads were stopped: 0.0027660 seconds, Stopping threads took: 0.0000870 seconds
352.619: Application time: 0.0159480 seconds
352.619: [GC [PSYoungGen: 50153K->6573K(51200K)] 101056K->60326K(167936K), 0.0032060 secs] [Times: user=0.02 sys=0.00, real=0.00 secs] 
352.623: Total time for which application threads were stopped: 0.0033690 seconds, Stopping threads took: 0.0000740 seconds
352.701: Application time: 0.0782660 seconds
352.701: [GC [PSYoungGen: 50065K->6604K(51200K)] 103818K->70333K(167936K), 0.0049410 secs] [Times: user=0.04 sys=0.00, real=0.01 secs] 
352.706: Total time for which application threads were stopped: 0.0051110 seconds, Stopping threads took: 0.0000800 seconds
352.802: Application time: 0.0957170 seconds
352.802: [GC [PSYoungGen: 50119K->6636K(51200K)] 113847K->81052K(167936K), 0.0053470 secs] [Times: user=0.03 sys=0.00, real=0.01 secs] 
352.807: Total time for which application threads were stopped: 0.0055300 seconds, Stopping threads took: 0.0000930 seconds
352.823: Application time: 0.0160680 seconds
352.823: [GC [PSYoungGen: 50122K->6604K(51200K)] 124538K->83870K(167936K), 0.0029200 secs] [Times: user=0.02 sys=0.00, real=0.01 secs] 
352.826: Total time for which application threads were stopped: 0.0030820 seconds, Stopping threads took: 0.0000830 seconds
352.844: Application time: 0.0172280 seconds
352.844: [GC [PSYoungGen: 50085K->6636K(51200K)] 127351K->84615K(167936K), 0.0026180 secs] [Times: user=0.02 sys=0.00, real=0.01 secs] 
352.846: Total time for which application threads were stopped: 0.0027780 seconds, Stopping threads took: 0.0000760 seconds
352.940: Application time: 0.0938620 seconds
352.940: [GC [PSYoungGen: 50128K->6588K(51200K)] 128107K->94543K(167936K), 0.0048570 secs] [Times: user=0.03 sys=0.00, real=0.00 secs] 
352.945: Total time for which application threads were stopped: 0.0050040 seconds, Stopping threads took: 0.0000610 seconds
352.977: Application time: 0.0321970 seconds
352.978: [GC [PSYoungGen: 50105K->6668K(51200K)] 138059K->103173K(167936K), 0.0047180 secs] [Times: user=0.04 sys=0.00, real=0.01 secs] 
352.982: Total time for which application threads were stopped: 0.0048930 seconds, Stopping threads took: 0.0000860 seconds
352.999: Application time: 0.0165810 seconds
352.999: [GC [PSYoungGen: 50145K->6652K(51200K)] 146650K->104582K(167936K), 0.0028180 secs] [Times: user=0.02 sys=0.00, real=0.00 secs] 
353.002: Total time for which application threads were stopped: 0.0029710 seconds, Stopping threads took: 0.0000650 seconds
353.015: Application time: 0.0134240 seconds
353.015: [GC [PSYoungGen: 50135K->6636K(51200K)] 148065K->106704K(167936K), 0.0029840 secs] [Times: user=0.02 sys=0.00, real=0.01 secs] 
353.018: Total time for which application threads were stopped: 0.0031510 seconds, Stopping threads took: 0.0000760 seconds
353.169: Application time: 0.1503520 seconds
353.169: [GC [PSYoungGen: 50132K->6668K(51200K)] 150199K->117423K(167936K), 0.0051730 secs] [Times: user=0.04 sys=0.00, real=0.00 secs] 
353.174: [Full GC [PSYoungGen: 6668K->0K(51200K)] [ParOldGen: 110755K->27024K(116736K)] 117423K->27024K(167936K) [PSPermGen: 6111K->6111K(21504K)], 0.0102140 secs] [Times: user=0.05 sys=0.00, real=0.01 secs] 
353.184: Total time for which application threads were stopped: 0.0155990 seconds, Stopping threads took: 0.0000600 seconds
353.363: Application time: 0.1788810 seconds
353.363: [GC [PSYoungGen: 43488K->6476K(51200K)] 70512K->43476K(167936K), 0.0049310 secs] [Times: user=0.04 sys=0.00, real=0.01 secs] 
353.368: Total time for which application threads were stopped: 0.0050830 seconds, Stopping threads took: 0.0000590 seconds
353.397: Application time: 0.0284070 seconds
353.397: [GC [PSYoungGen: 49989K->6508K(51200K)] 86988K->49920K(167936K), 0.0041590 secs] [Times: user=0.03 sys=0.00, real=0.01 secs] 
353.401: Total time for which application threads were stopped: 0.0043410 seconds, Stopping threads took: 0.0000830 seconds
353.419: Application time: 0.0175210 seconds
353.419: [GC [PSYoungGen: 49986K->6604K(51200K)] 93398K->51441K(167936K), 0.0027690 secs] [Times: user=0.02 sys=0.00, real=0.00 secs] 
353.422: Total time for which application threads were stopped: 0.0029280 seconds, Stopping threads took: 0.0000730 seconds
353.441: Application time: 0.0193530 seconds
353.441: [GC [PSYoungGen: 50089K->6636K(51200K)] 94926K->55749K(167936K), 0.0035300 secs] [Times: user=0.03 sys=0.00, real=0.00 secs] 
353.445: Total time for which application threads were stopped: 0.0037120 seconds, Stopping threads took: 0.0000920 seconds
353.608: Application time: 0.1634500 seconds
353.608: [GC [PSYoungGen: 50145K->6636K(51200K)] 99258K->66436K(167936K), 0.0050160 secs] [Times: user=0.04 sys=0.00, real=0.00 secs] 
353.613: Total time for which application threads were stopped: 0.0051750 seconds, Stopping threads took: 0.0000690 seconds
353.808: Application time: 0.1948200 seconds
353.808: [GC [PSYoungGen: 50116K->6668K(51200K)] 109916K->76444K(167936K), 0.0049730 secs] [Times: user=0.04 sys=0.00, real=0.00 secs] 
353.813: Total time for which application threads were stopped: 0.0051430 seconds, Stopping threads took: 0.0000660 seconds
353.997: Application time: 0.1837700 seconds
353.997: [GC [PSYoungGen: 50163K->6668K(51200K)] 119938K->87131K(167936K), 0.0051890 secs] [Times: user=0.04 sys=0.00, real=0.01 secs] 
354.002: Total time for which application threads were stopped: 0.0053430 seconds, Stopping threads took: 0.0000610 seconds
354.172: Application time: 0.1700800 seconds
354.173: [GC [PSYoungGen: 50157K->6668K(51200K)] 130620K->97819K(167936K), 0.0052160 secs] [Times: user=0.03 sys=0.00, real=0.01 secs] 
354.178: Total time for which application threads were stopped: 0.0053720 seconds, Stopping threads took: 0.0000640 seconds
354.367: Application time: 0.1888350 seconds
354.367: [GC [PSYoungGen: 50158K->6700K(51200K)] 141309K->108539K(167936K), 0.0051820 secs] [Times: user=0.03 sys=0.00, real=0.00 secs] 
354.372: [Full GC [PSYoungGen: 6700K->0K(51200K)] [ParOldGen: 101838K->28449K(116736K)] 108539K->28449K(167936K) [PSPermGen: 6111K->6111K(21504K)], 0.0105540 secs] [Times: user=0.06 sys=0.01, real=0.01 secs] 
354.383: Total time for which application threads were stopped: 0.0159540 seconds, Stopping threads took: 0.0000650 seconds
354.549: Application time: 0.1667450 seconds
354.549: [GC [PSYoungGen: 43505K->6508K(51200K)] 71955K->45646K(167936K), 0.0050580 secs] [Times: user=0.04 sys=0.00, real=0.00 secs] 
354.555: Total time for which application threads were stopped: 0.0052100 seconds, Stopping threads took: 0.0000670 seconds
354.724: Application time: 0.1690910 seconds
354.724: [GC [PSYoungGen: 49998K->6636K(51200K)] 89136K->54324K(167936K), 0.0044300 secs] [Times: user=0.04 sys=0.00, real=0.01 secs] 
354.728: Total time for which application threads were stopped: 0.0046070 seconds, Stopping threads took: 0.0000800 seconds
354.877: Application time: 0.1484700 seconds
354.877: [GC [PSYoungGen: 50135K->6636K(51200K)] 97823K->65013K(167936K), 0.0050530 secs] [Times: user=0.04 sys=0.00, real=0.01 secs] 
354.882: Total time for which application threads were stopped: 0.0052210 seconds, Stopping threads took: 0.0000660 seconds
355.041: Application time: 0.1587910 seconds
355.041: [GC [PSYoungGen: 50119K->6637K(51200K)] 108495K->74989K(167936K), 0.0049630 secs] [Times: user=0.04 sys=0.00, real=0.01 secs] 
355.046: Total time for which application threads were stopped: 0.0051350 seconds, Stopping threads took: 0.0000840 seconds
355.196: Application time: 0.1502300 seconds
355.196: [GC [PSYoungGen: 50136K->6669K(51200K)] 118488K->84997K(167936K), 0.0049630 secs] [Times: user=0.04 sys=0.00, real=0.01 secs] 
355.201: Total time for which application threads were stopped: 0.0051260 seconds, Stopping threads took: 0.0000680 seconds
355.359: Application time: 0.1575500 seconds
355.359: [GC [PSYoungGen: 50151K->6669K(51200K)] 128479K->94973K(167936K), 0.0049850 secs] [Times: user=0.03 sys=0.00, real=0.00 secs] 
355.364: Total time for which application threads were stopped: 0.0051990 seconds, Stopping threads took: 0.0001120 seconds
355.527: Application time: 0.1633820 seconds
355.528: [GC [PSYoungGen: 50169K->6669K(51200K)] 138473K->104948K(167936K), 0.0049770 secs] [Times: user=0.03 sys=0.00, real=0.00 secs] 
355.533: Total time for which application threads were stopped: 0.0051720 seconds, Stopping threads took: 0.0000930 seconds
355.563: Application time: 0.0307470 seconds
355.563: [GC [PSYoungGen: 50181K->6701K(51200K)] 148461K->110681K(167936K), 0.0040560 secs] [Times: user=0.03 sys=0.00, real=0.01 secs] 
355.568: [Full GC [PSYoungGen: 6701K->0K(51200K)] [ParOldGen: 103980K->27248K(116736K)] 110681K->27248K(167936K) [PSPermGen: 6111K->6111K(21504K)], 0.0117740 secs] [Times: user=0.06 sys=0.00, real=0.01 secs] 
355.579: Total time for which application threads were stopped: 0.0161000 seconds, Stopping threads took: 0.0001290 seconds
355.596: Application time: 0.0164800 seconds
355.596: [GC [PSYoungGen: 43486K->4499K(51200K)] 70734K->31747K(167936K), 0.0015270 secs] [Times: user=0.01 sys=0.00, real=0.00 secs] 
355.598: Total time for which application threads were stopped: 0.0016760 seconds, Stopping threads took: 0.0000800 seconds
355.611: Application time: 0.0136810 seconds
355.611: [GC [PSYoungGen: 47982K->6637K(51200K)] 75230K->33885K(167936K), 0.0022600 secs] [Times: user=0.02 sys=0.00, real=0.00 secs] 
355.614: Total time for which application threads were stopped: 0.0024380 seconds, Stopping threads took: 0.0000850 seconds
355.732: Application time: 0.1182620 seconds
355.732: [GC [PSYoungGen: 50128K->6541K(51200K)] 77376K->44477K(167936K), 0.0051070 secs] [Times: user=0.04 sys=0.00, real=0.00 secs] 
355.737: Total time for which application threads were stopped: 0.0052730 seconds, Stopping threads took: 0.0000720 seconds
355.898: Application time: 0.1603390 seconds
355.898: [GC [PSYoungGen: 50032K->6637K(51200K)] 87968K->54549K(167936K), 0.0049620 secs] [Times: user=0.04 sys=0.00, real=0.01 secs] 
355.903: Total time for which application threads were stopped: 0.0051090 seconds, Stopping threads took: 0.0000620 seconds
356.029: Application time: 0.1263610 seconds
356.029: [GC [PSYoungGen: 50162K->6604K(51200K)] 98074K->65205K(167936K), 0.0052760 secs] [Times: user=0.04 sys=0.00, real=0.00 secs] 
356.034: Total time for which application threads were stopped: 0.0054590 seconds, Stopping threads took: 0.0000860 seconds
356.052: Application time: 0.0173420 seconds
356.052: [GC [PSYoungGen: 50078K->5179K(51200K)] 108679K->63780K(167936K), 0.0019290 secs] [Times: user=0.00 sys=0.01, real=0.00 secs] 
356.054: Total time for which application threads were stopped: 0.0020880 seconds, Stopping threads took: 0.0000810 seconds
356.070: Application time: 0.0164490 seconds
356.070: [GC [PSYoungGen: 48666K->6605K(51200K)] 107267K->70906K(167936K), 0.0039590 secs] [Times: user=0.02 sys=0.00, real=0.00 secs] 
356.074: Total time for which application threads were stopped: 0.0041190 seconds, Stopping threads took: 0.0000700 seconds
356.087: Application time: 0.0125070 seconds
356.087: [GC [PSYoungGen: 50098K->6605K(51200K)] 114400K->73044K(167936K), 0.0028070 secs] [Times: user=0.02 sys=0.00, real=0.00 secs] 
356.090: Total time for which application threads were stopped: 0.0029900 seconds, Stopping threads took: 0.0000950 seconds
356.178: Application time: 0.0882580 seconds
356.178: [GC [PSYoungGen: 50120K->6668K(51200K)] 116559K->83796K(167936K), 0.0052850 secs] [Times: user=0.04 sys=0.00, real=0.00 secs] 
356.184: Total time for which application threads were stopped: 0.0054550 seconds, Stopping threads took: 0.0000780 seconds
356.201: Application time: 0.0172800 seconds
356.201: [GC [PSYoungGen: 50151K->6636K(51200K)] 127278K->83764K(167936K), 0.0023970 secs] [Times: user=0.01 sys=0.00, real=0.00 secs] 
356.204: Total time for which application threads were stopped: 0.0025650 seconds, Stopping threads took: 0.0000820 seconds
356.219: Application time: 0.0153920 seconds
356.219: [GC [PSYoungGen: 50118K->6637K(51200K)] 127245K->84477K(167936K), 0.0026260 secs] [Times: user=0.02 sys=0.00, real=0.00 secs] 
356.222: Total time for which application threads were stopped: 0.0027910 seconds, Stopping threads took: 0.0000780 seconds
356.320: Application time: 0.0987540 seconds
356.321: [GC [PSYoungGen: 50127K->6636K(51200K)] 127967K->94452K(167936K), 0.0049870 secs] [Times: user=0.03 sys=0.00, real=0.00 secs] 
356.326: Total time for which application threads were stopped: 0.0051470 seconds, Stopping threads took: 0.0000670 seconds
356.478: Application time: 0.1521280 seconds
356.478: [GC [PSYoungGen: 50126K->6732K(51200K)] 137942K->105236K(167936K), 0.0052770 secs] [Times: user=0.04 sys=0.00, real=0.00 secs] 
356.483: Total time for which application threads were stopped: 0.0054390 seconds, Stopping threads took: 0.0000710 seconds
356.568: Application time: 0.0847680 seconds
356.569: [GC [PSYoungGen: 50282K->6764K(51200K)] 148786K->114531K(167936K), 0.0048860 secs] [Times: user=0.04 sys=0.00, real=0.00 secs] 
356.574: [Full GC [PSYoungGen: 6764K->0K(51200K)] [ParOldGen: 107766K->25600K(116736K)] 114531K->25600K(167936K) [PSPermGen: 6111K->6111K(21504K)], 0.0118790 secs] [Times: user=0.07 sys=0.00, real=0.01 secs] 
356.586: Total time for which application threads were stopped: 0.0175600 seconds, Stopping threads took: 0.0006460 seconds
356.598: Application time: 0.0126690 seconds
356.598: [GC [PSYoungGen: 43475K->5892K(51200K)] 69075K->31492K(167936K), 0.0019810 secs] [Times: user=0.01 sys=0.00, real=0.00 secs] 
356.600: Total time for which application threads were stopped: 0.0021740 seconds, Stopping threads took: 0.0001100 seconds
356.611: Application time: 0.0101510 seconds
356.611: [GC [PSYoungGen: 49378K->6572K(51200K)] 74978K->32885K(167936K), 0.0024170 secs] [Times: user=0.02 sys=0.00, real=0.00 secs] 
356.614: Total time for which application threads were stopped: 0.0029590 seconds, Stopping threads took: 0.0004560 seconds
356.626: Application time: 0.0121870 seconds
356.626: [GC [PSYoungGen: 50054K->6605K(51200K)] 76366K->32917K(167936K), 0.0022860 secs] [Times: user=0.01 sys=0.00, real=0.00 secs] 
356.629: Total time for which application threads were stopped: 0.0029050 seconds, Stopping threads took: 0.0005320 seconds
356.639: Application time: 0.0107720 seconds
356.640: [GC [PSYoungGen: 50090K->6572K(51200K)] 76403K->35735K(167936K), 0.0030720 secs] [Times: user=0.02 sys=0.01, real=0.00 secs] 
356.643: Total time for which application threads were stopped: 0.0035740 seconds, Stopping threads took: 0.0004130 seconds
356.652: Application time: 0.0092610 seconds
356.652: [GC [PSYoungGen: 50062K->6540K(51200K)] 79225K->35703K(167936K), 0.0021750 secs] [Times: user=0.01 sys=0.00, real=0.00 secs] 
356.655: Total time for which application threads were stopped: 0.0023650 seconds, Stopping threads took: 0.0001080 seconds
356.783: Application time: 0.1284350 seconds
356.783: [GC [PSYoungGen: 50038K->6572K(51200K)] 79201K->47136K(167936K), 0.0052710 secs] [Times: user=0.04 sys=0.00, real=0.01 secs] 
356.788: Total time for which application threads were stopped: 0.0054160 seconds, Stopping threads took: 0.0000570 seconds
356.870: Application time: 0.0810970 seconds
356.870: [GC [PSYoungGen: 50087K->6636K(51200K)] 90650K->57887K(167936K), 0.0053210 secs] [Times: user=0.04 sys=0.00, real=0.00 secs] 
356.875: Total time for which application threads were stopped: 0.0055070 seconds, Stopping threads took: 0.0000880 seconds
356.890: Application time: 0.0151910 seconds
356.890: [GC [PSYoungGen: 50123K->6636K(51200K)] 101374K->60737K(167936K), 0.0030760 secs] [Times: user=0.03 sys=0.00, real=0.00 secs] 
356.893: Total time for which application threads were stopped: 0.0032430 seconds, Stopping threads took: 0.0000800 seconds
356.909: Application time: 0.0152340 seconds
356.909: [GC [PSYoungGen: 50119K->6668K(51200K)] 104221K->62907K(167936K), 0.0029620 secs] [Times: user=0.02 sys=0.00, real=0.00 secs] 
356.912: Total time for which application threads were stopped: 0.0031410 seconds, Stopping threads took: 0.0000900 seconds
356.935: Application time: 0.0232110 seconds
356.935: [GC [PSYoungGen: 50186K->6636K(51200K)] 106425K->67150K(167936K), 0.0035100 secs] [Times: user=0.02 sys=0.00, real=0.01 secs] 
356.939: Total time for which application threads were stopped: 0.0037260 seconds, Stopping threads took: 0.0001260 seconds
356.958: Application time: 0.0196790 seconds
356.959: [GC [PSYoungGen: 50120K->6668K(51200K)] 110634K->68607K(167936K), 0.0027110 secs] [Times: user=0.02 sys=0.00, real=0.00 secs] 
356.961: Total time for which application threads were stopped: 0.0028790 seconds, Stopping threads took: 0.0000830 seconds
356.977: Application time: 0.0159320 seconds
356.977: [GC [PSYoungGen: 50150K->6636K(51200K)] 112089K->69288K(167936K), 0.0025770 secs] [Times: user=0.02 sys=0.00, real=0.01 secs] 
356.980: Total time for which application threads were stopped: 0.0027510 seconds, Stopping threads took: 0.0000880 seconds
357.066: Application time: 0.0863930 seconds
357.067: [GC [PSYoungGen: 50126K->6636K(51200K)] 112778K->79976K(167936K), 0.0051750 secs] [Times: user=0.04 sys=0.00, real=0.00 secs] 
357.072: Total time for which application threads were stopped: 0.0053400 seconds, Stopping threads took: 0.0000740 seconds
357.256: Application time: 0.1837610 seconds
357.256: [GC [PSYoungGen: 50122K->6668K(51200K)] 123462K->89983K(167936K), 0.0050070 secs] [Times: user=0.04 sys=0.00, real=0.01 secs] 
357.261: Total time for which application threads were stopped: 0.0051720 seconds, Stopping threads took: 0.0000660 seconds
357.412: Application time: 0.1512850 seconds
357.412: [GC [PSYoungGen: 50191K->6732K(51200K)] 133506K->100735K(167936K), 0.0053010 secs] [Times: user=0.04 sys=0.00, real=0.00 secs] 
357.417: Total time for which application threads were stopped: 0.0054690 seconds, Stopping threads took: 0.0000780 seconds
357.432: Application time: 0.0148580 seconds
357.432: [GC [PSYoungGen: 50210K->6668K(51200K)] 144213K->104233K(167936K), 0.0034270 secs] [Times: user=0.02 sys=0.00, real=0.00 secs] 
357.436: Total time for which application threads were stopped: 0.0036000 seconds, Stopping threads took: 0.0000850 seconds
357.455: Application time: 0.0194610 seconds
357.456: [GC [PSYoungGen: 50156K->6668K(51200K)] 147721K->105659K(167936K), 0.0028300 secs] [Times: user=0.01 sys=0.01, real=0.01 secs] 
357.458: Total time for which application threads were stopped: 0.0029950 seconds, Stopping threads took: 0.0000820 seconds
357.506: Application time: 0.0476240 seconds
357.506: [GC [PSYoungGen: 50162K->6764K(51200K)] 149152K->115017K(167936K), 0.0048190 secs] [Times: user=0.04 sys=0.00, real=0.00 secs] 
357.511: [Full GC [PSYoungGen: 6764K->0K(51200K)] [ParOldGen: 108253K->26312K(116736K)] 115017K->26312K(167936K) [PSPermGen: 6111K->6111K(21504K)], 0.0101680 secs] [Times: user=0.05 sys=0.00, real=0.01 secs] 
357.521: Total time for which application threads were stopped: 0.0151820 seconds, Stopping threads took: 0.0000550 seconds
357.735: Application time: 0.2142540 seconds
357.736: [GC [PSYoungGen: 43505K->6668K(51200K)] 69817K->43668K(167936K), 0.0050440 secs] [Times: user=0.04 sys=0.00, real=0.01 secs] 
357.741: Total time for which application threads were stopped: 0.0052030 seconds, Stopping threads took: 0.0000720 seconds
357.910: Application time: 0.1688670 seconds
357.910: [GC [PSYoungGen: 50148K->6604K(51200K)] 87148K->53579K(167936K), 0.0049150 secs] [Times: user=0.04 sys=0.00, real=0.00 secs] 
357.915: Total time for which application threads were stopped: 0.0051020 seconds, Stopping threads took: 0.0000810 seconds
358.131: Application time: 0.2162400 seconds
358.131: [GC [PSYoungGen: 50109K->6636K(51200K)] 97084K->63587K(167936K), 0.0048120 secs] [Times: user=0.04 sys=0.00, real=0.00 secs] 
358.136: Total time for which application threads were stopped: 0.0049440 seconds, Stopping threads took: 0.0000420 seconds
358.314: Application time: 0.1782280 seconds
358.314: [GC [PSYoungGen: 50125K->6668K(51200K)] 107075K->73594K(167936K), 0.0049170 secs] [Times: user=0.04 sys=0.00, real=0.01 secs] 
358.319: Total time for which application threads were stopped: 0.0050840 seconds, Stopping threads took: 0.0000650 seconds
358.502: Application time: 0.1832860 seconds
358.503: [GC [PSYoungGen: 50155K->6668K(51200K)] 117081K->83570K(167936K), 0.0049790 secs] [Times: user=0.04 sys=0.00, real=0.01 secs] 
358.508: Total time for which application threads were stopped: 0.0051330 seconds, Stopping threads took: 0.0000590 seconds
358.680: Application time: 0.1722660 seconds
358.680: [GC [PSYoungGen: 50173K->6668K(51200K)] 127074K->92833K(167936K), 0.0047530 secs] [Times: user=0.04 sys=0.00, real=0.00 secs] 
358.685: Total time for which application threads were stopped: 0.0049000 seconds, Stopping threads took: 0.0000580 seconds
358.867: Application time: 0.1818880 seconds
358.867: [GC [PSYoungGen: 50150K->6668K(51200K)] 136314K->102808K(167936K), 0.0049220 secs] [Times: user=0.04 sys=0.00, real=0.00 secs] 
358.872: Total time for which application threads were stopped: 0.0050770 seconds, Stopping threads took: 0.0000680 seconds
359.025: Application time: 0.1533330 seconds
359.025: [GC [PSYoungGen: 50168K->6636K(51200K)] 146307K->112752K(167936K), 0.0050000 secs] [Times: user=0.03 sys=0.00, real=0.01 secs] 
359.030: [Full GC [PSYoungGen: 6636K->0K(51200K)] [ParOldGen: 106115K->25600K(116736K)] 112752K->25600K(167936K) [PSPermGen: 6111K->6111K(21504K)], 0.0097230 secs] [Times: user=0.05 sys=0.00, real=0.01 secs] 
359.040: Total time for which application threads were stopped: 0.0149320 seconds, Stopping threads took: 0.0000600 seconds
359.199: Application time: 0.1587880 seconds
359.199: [GC [PSYoungGen: 43490K->7157K(51200K)] 69091K->41332K(167936K), 0.0047740 secs] [Times: user=0.04 sys=0.00, real=0.00 secs] 
359.204: Total time for which application threads were stopped: 0.0049380 seconds, Stopping threads took: 0.0000770 seconds
359.355: Application time: 0.1511460 seconds
359.355: [GC [PSYoungGen: 50648K->6605K(51200K)] 84824K->51468K(167936K), 0.0051690 secs] [Times: user=0.04 sys=0.00, real=0.01 secs] 
359.360: Total time for which application threads were stopped: 0.0053530 seconds, Stopping threads took: 0.0000960 seconds
359.520: Application time: 0.1593670 seconds
359.520: [GC [PSYoungGen: 50096K->6573K(51200K)] 94960K->61412K(167936K), 0.0049210 secs] [Times: user=0.03 sys=0.00, real=0.00 secs] 
359.525: Total time for which application threads were stopped: 0.0050900 seconds, Stopping threads took: 0.0000780 seconds
359.674: Application time: 0.1497320 seconds
359.675: [GC [PSYoungGen: 50073K->6637K(51200K)] 104912K->70740K(167936K), 0.0047020 secs] [Times: user=0.02 sys=0.00, real=0.01 secs] 
359.679: Total time for which application threads were stopped: 0.0048890 seconds, Stopping threads took: 0.0000890 seconds
359.723: Application time: 0.0439290 seconds
359.723: [GC [PSYoungGen: 50150K->6637K(51200K)] 114253K->76440K(167936K), 0.0039290 secs] [Times: user=0.03 sys=0.00, real=0.01 secs] 
359.727: Total time for which application threads were stopped: 0.0041140 seconds, Stopping threads took: 0.0000980 seconds
359.745: Application time: 0.0179760 seconds
359.745: [GC [PSYoungGen: 50113K->6637K(51200K)] 119916K->76440K(167936K), 0.0023580 secs] [Times: user=0.02 sys=0.00, real=0.01 secs] 
359.748: Total time for which application threads were stopped: 0.0025280 seconds, Stopping threads took: 0.0000880 seconds
359.759: Application time: 0.0115210 seconds
359.760: [GC [PSYoungGen: 50125K->6669K(51200K)] 119929K->82885K(167936K), 0.0040570 secs] [Times: user=0.03 sys=0.00, real=0.00 secs] 
359.764: Total time for which application threads were stopped: 0.0043600 seconds, Stopping threads took: 0.0002080 seconds
359.868: Application time: 0.1044570 seconds
359.868: [GC [PSYoungGen: 50160K->6669K(51200K)] 126377K->92861K(167936K), 0.0049400 secs] [Times: user=0.04 sys=0.00, real=0.00 secs] 
359.873: Total time for which application threads were stopped: 0.0051050 seconds, Stopping threads took: 0.0000740 seconds
360.027: Application time: 0.1532920 seconds
360.027: [GC [PSYoungGen: 50168K->6701K(51200K)] 136361K->102869K(167936K), 0.0049630 secs] [Times: user=0.03 sys=0.00, real=0.00 secs] 
360.032: Total time for which application threads were stopped: 0.0051470 seconds, Stopping threads took: 0.0000840 seconds
360.091: Application time: 0.0595530 seconds
360.091: [GC [PSYoungGen: 50213K->6701K(51200K)] 146382K->108569K(167936K), 0.0039980 secs] [Times: user=0.03 sys=0.00, real=0.00 secs] 
360.095: Total time for which application threads were stopped: 0.0041860 seconds, Stopping threads took: 0.0000950 seconds
360.110: Application time: 0.0145920 seconds
360.110: [GC [PSYoungGen: 50184K->6669K(51200K)] 152053K->114238K(167936K), 0.0039890 secs] [Times: user=0.02 sys=0.00, real=0.00 secs] 
360.114: [Full GC [PSYoungGen: 6669K->0K(51200K)] [ParOldGen: 107569K->28673K(116736K)] 114238K->28673K(167936K) [PSPermGen: 6111K->6111K(21504K)], 0.0102780 secs] [Times: user=0.06 sys=0.00, real=0.01 secs] 
360.125: Total time for which application threads were stopped: 0.0145010 seconds, Stopping threads took: 0.0000890 seconds
360.139: Application time: 0.0143100 seconds
360.139: [GC [PSYoungGen: 43483K->3691K(51200K)] 72156K->32364K(167936K), 0.0014620 secs] [Times: user=0.01 sys=0.00, real=0.00 secs] 
360.141: Total time for which application threads were stopped: 0.0016140 seconds, Stopping threads took: 0.0000840 seconds
360.266: Application time: 0.1255650 seconds
360.266: [GC [PSYoungGen: 47207K->6509K(51200K)] 75880K->43732K(167936K), 0.0045190 secs] [Times: user=0.04 sys=0.00, real=0.00 secs] 
360.271: Total time for which application threads were stopped: 0.0046930 seconds, Stopping threads took: 0.0000760 seconds
360.297: Application time: 0.0259540 seconds
360.297: [GC [PSYoungGen: 49996K->6572K(51200K)] 87220K->50922K(167936K), 0.0042870 secs] [Times: user=0.04 sys=0.00, real=0.01 secs] 
360.301: Total time for which application threads were stopped: 0.0044680 seconds, Stopping threads took: 0.0000910 seconds
360.317: Application time: 0.0160450 seconds
360.317: [GC [PSYoungGen: 50052K->6541K(51200K)] 94401K->53740K(167936K), 0.0032650 secs] [Times: user=0.02 sys=0.00, real=0.01 secs] 
360.321: Total time for which application threads were stopped: 0.0034790 seconds, Stopping threads took: 0.0001240 seconds
360.334: Application time: 0.0135800 seconds
360.334: [GC [PSYoungGen: 50022K->6604K(51200K)] 97221K->54517K(167936K), 0.0025430 secs] [Times: user=0.01 sys=0.00, real=0.00 secs] 
360.337: Total time for which application threads were stopped: 0.0027070 seconds, Stopping threads took: 0.0000820 seconds
360.483: Application time: 0.1455040 seconds
360.483: [GC [PSYoungGen: 50103K->6540K(51200K)] 98015K->64428K(167936K), 0.0049290 secs] [Times: user=0.04 sys=0.00, real=0.01 secs] 
360.488: Total time for which application threads were stopped: 0.0050760 seconds, Stopping threads took: 0.0000570 seconds
360.646: Application time: 0.1585960 seconds
360.646: [GC [PSYoungGen: 50022K->6636K(51200K)] 107910K->74500K(167936K), 0.0049920 secs] [Times: user=0.03 sys=0.00, real=0.00 secs] 
360.651: Total time for which application threads were stopped: 0.0051720 seconds, Stopping threads took: 0.0000870 seconds
360.708: Application time: 0.0569760 seconds
360.708: [GC [PSYoungGen: 50151K->6604K(51200K)] 118014K->81593K(167936K), 0.0043530 secs] [Times: user=0.03 sys=0.00, real=0.00 secs] 
360.713: Total time for which application threads were stopped: 0.0045290 seconds, Stopping threads took: 0.0000870 seconds
360.730: Application time: 0.0173840 seconds
360.730: [GC [PSYoungGen: 50080K->6572K(51200K)] 125069K->81561K(167936K), 0.0023450 secs] [Times: user=0.01 sys=0.00, real=0.00 secs] 
360.733: Total time for which application threads were stopped: 0.0025260 seconds, Stopping threads took: 0.0000990 seconds
360.745: Application time: 0.0125740 seconds
360.745: [GC [PSYoungGen: 50059K->6572K(51200K)] 125048K->87262K(167936K), 0.0039780 secs] [Times: user=0.02 sys=0.01, real=0.01 secs] 
360.750: Total time for which application threads were stopped: 0.0041590 seconds, Stopping threads took: 0.0000900 seconds
360.787: Application time: 0.0370260 seconds
360.787: [GC [PSYoungGen: 50094K->6700K(51200K)] 130783K->91665K(167936K), 0.0036360 secs] [Times: user=0.02 sys=0.00, real=0.00 secs] 
360.790: Total time for which application threads were stopped: 0.0038160 seconds, Stopping threads took: 0.0000800 seconds
360.806: Application time: 0.0155300 seconds
360.806: [GC [PSYoungGen: 50185K->6684K(51200K)] 135149K->93074K(167936K), 0.0028290 secs] [Times: user=0.02 sys=0.00, real=0.00 secs] 
360.809: Total time for which application threads were stopped: 0.0029860 seconds, Stopping threads took: 0.0000730 seconds
360.824: Application time: 0.0152660 seconds
360.824: [GC [PSYoungGen: 50168K->6668K(51200K)] 136557K->95196K(167936K), 0.0029530 secs] [Times: user=0.01 sys=0.00, real=0.01 secs] 
360.827: Total time for which application threads were stopped: 0.0031270 seconds, Stopping threads took: 0.0000860 seconds
360.918: Application time: 0.0904700 seconds
360.918: [GC [PSYoungGen: 50158K->6732K(51200K)] 138685K->105235K(167936K), 0.0049760 secs] [Times: user=0.03 sys=0.00, real=0.00 secs] 
360.923: Total time for which application threads were stopped: 0.0051610 seconds, Stopping threads took: 0.0000940 seconds
361.021: Application time: 0.0980610 seconds
361.021: [GC [PSYoungGen: 50247K->6732K(51200K)] 148749K->115210K(167936K), 0.0051410 secs] [Times: user=0.04 sys=0.00, real=0.01 secs] 
361.026: [Full GC [PSYoungGen: 6732K->0K(51200K)] [ParOldGen: 108477K->27025K(116736K)] 115210K->27025K(167936K) [PSPermGen: 6111K->6111K(21504K)], 0.0100370 secs] [Times: user=0.05 sys=0.00, real=0.00 secs] 
361.036: Total time for which application threads were stopped: 0.0154210 seconds, Stopping threads took: 0.0000970 seconds
361.053: Application time: 0.0167380 seconds
361.053: [GC [PSYoungGen: 43484K->3722K(51200K)] 70509K->30748K(167936K), 0.0014030 secs] [Times: user=0.00 sys=0.00, real=0.00 secs] 
361.055: Total time for which application threads were stopped: 0.0015450 seconds, Stopping threads took: 0.0000730 seconds
361.070: Application time: 0.0153180 seconds
361.070: [GC [PSYoungGen: 47205K->6541K(51200K)] 74231K->33566K(167936K), 0.0023050 secs] [Times: user=0.02 sys=0.00, real=0.00 secs] 
361.072: Total time for which application threads were stopped: 0.0024710 seconds, Stopping threads took: 0.0000800 seconds
361.110: Application time: 0.0372790 seconds
361.110: [GC [PSYoungGen: 50058K->6572K(51200K)] 77084K->41435K(167936K), 0.0044560 secs] [Times: user=0.03 sys=0.00, real=0.00 secs] 
361.114: Total time for which application threads were stopped: 0.0046230 seconds, Stopping threads took: 0.0000770 seconds
361.131: Application time: 0.0165970 seconds
361.131: [GC [PSYoungGen: 50056K->6540K(51200K)] 84919K->44253K(167936K), 0.0030970 secs] [Times: user=0.02 sys=0.00, real=0.00 secs] 
361.134: Total time for which application threads were stopped: 0.0032470 seconds, Stopping threads took: 0.0000650 seconds
361.151: Application time: 0.0167910 seconds
361.151: [GC [PSYoungGen: 50029K->6572K(51200K)] 87742K->45711K(167936K), 0.0027850 secs] [Times: user=0.02 sys=0.00, real=0.00 secs] 
361.154: Total time for which application threads were stopped: 0.0029620 seconds, Stopping threads took: 0.0000870 seconds
361.240: Application time: 0.0856270 seconds
361.240: [GC [PSYoungGen: 50065K->6540K(51200K)] 89203K->55654K(167936K), 0.0048890 secs] [Times: user=0.04 sys=0.00, real=0.00 secs] 
361.245: Total time for which application threads were stopped: 0.0050380 seconds, Stopping threads took: 0.0000590 seconds
361.423: Application time: 0.1784450 seconds
361.423: [GC [PSYoungGen: 50028K->6636K(51200K)] 99142K->65725K(167936K), 0.0051900 secs] [Times: user=0.03 sys=0.00, real=0.01 secs] 
361.428: Total time for which application threads were stopped: 0.0053740 seconds, Stopping threads took: 0.0000800 seconds
361.514: Application time: 0.0850880 seconds
361.514: [GC [PSYoungGen: 50151K->6636K(51200K)] 109239K->76413K(167936K), 0.0053620 secs] [Times: user=0.04 sys=0.00, real=0.01 secs] 
361.519: Total time for which application threads were stopped: 0.0055490 seconds, Stopping threads took: 0.0001000 seconds
361.535: Application time: 0.0160550 seconds
361.536: [GC [PSYoungGen: 50123K->6636K(51200K)] 119899K->77838K(167936K), 0.0026670 secs] [Times: user=0.02 sys=0.00, real=0.01 secs] 
361.538: Total time for which application threads were stopped: 0.0030770 seconds, Stopping threads took: 0.0003230 seconds
361.553: Application time: 0.0147100 seconds
361.553: [GC [PSYoungGen: 50121K->6636K(51200K)] 121323K->79975K(167936K), 0.0029870 secs] [Times: user=0.02 sys=0.00, real=0.00 secs] 
361.556: Total time for which application threads were stopped: 0.0031630 seconds, Stopping threads took: 0.0000890 seconds
361.688: Application time: 0.1322440 seconds
361.689: [GC [PSYoungGen: 50125K->6700K(51200K)] 123464K->90015K(167936K), 0.0048900 secs] [Times: user=0.04 sys=0.00, real=0.00 secs] 
361.693: Total time for which application threads were stopped: 0.0050620 seconds, Stopping threads took: 0.0000850 seconds
361.880: Application time: 0.1865540 seconds
361.880: [GC [PSYoungGen: 50203K->6700K(51200K)] 133518K->101415K(167936K), 0.0053250 secs] [Times: user=0.04 sys=0.00, real=0.00 secs] 
361.885: Total time for which application threads were stopped: 0.0054770 seconds, Stopping threads took: 0.0000620 seconds
362.072: Application time: 0.1864670 seconds
362.072: [GC [PSYoungGen: 50186K->6732K(51200K)] 144901K->110710K(167936K), 0.0047500 secs] [Times: user=0.04 sys=0.00, real=0.00 secs] 
362.077: [Full GC [PSYoungGen: 6732K->0K(51200K)] [ParOldGen: 103977K->27737K(116736K)] 110710K->27737K(167936K) [PSPermGen: 6111K->6111K(21504K)], 0.0103530 secs] [Times: user=0.05 sys=0.00, real=0.02 secs] 
362.087: Total time for which application threads were stopped: 0.0153400 seconds, Stopping threads took: 0.0000810 seconds
362.268: Application time: 0.1808310 seconds
362.268: [GC [PSYoungGen: 43497K->7157K(51200K)] 71235K->44886K(167936K), 0.0050960 secs] [Times: user=0.03 sys=0.00, real=0.00 secs] 
362.273: Total time for which application threads were stopped: 0.0052490 seconds, Stopping threads took: 0.0000650 seconds
362.449: Application time: 0.1752530 seconds
362.449: [GC [PSYoungGen: 50646K->7157K(51200K)] 88375K->54173K(167936K), 0.0048240 secs] [Times: user=0.03 sys=0.00, real=0.00 secs] 
362.454: Total time for which application threads were stopped: 0.0049710 seconds, Stopping threads took: 0.0000570 seconds
362.615: Application time: 0.1614080 seconds
362.615: [GC [PSYoungGen: 50644K->6508K(51200K)] 97660K->62787K(167936K), 0.0047560 secs] [Times: user=0.04 sys=0.00, real=0.01 secs] 
362.620: Total time for which application threads were stopped: 0.0049250 seconds, Stopping threads took: 0.0000620 seconds
362.783: Application time: 0.1633630 seconds
362.783: [GC [PSYoungGen: 50007K->6604K(51200K)] 106286K->73572K(167936K), 0.0051480 secs] [Times: user=0.04 sys=0.00, real=0.01 secs] 
362.789: Total time for which application threads were stopped: 0.0052990 seconds, Stopping threads took: 0.0000620 seconds
362.948: Application time: 0.1595840 seconds
362.948: [GC [PSYoungGen: 50095K->6572K(51200K)] 117062K->83515K(167936K), 0.0049730 secs] [Times: user=0.04 sys=0.00, real=0.00 secs] 
362.953: Total time for which application threads were stopped: 0.0051510 seconds, Stopping threads took: 0.0000870 seconds
363.112: Application time: 0.1585810 seconds
363.112: [GC [PSYoungGen: 50080K->6668K(51200K)] 127023K->94300K(167936K), 0.0051330 secs] [Times: user=0.03 sys=0.00, real=0.00 secs] 
363.117: Total time for which application threads were stopped: 0.0052900 seconds, Stopping threads took: 0.0000680 seconds
363.280: Application time: 0.1623140 seconds
363.280: [GC [PSYoungGen: 50159K->6668K(51200K)] 137790K->104276K(167936K), 0.0049300 secs] [Times: user=0.04 sys=0.00, real=0.00 secs] 
363.285: Total time for which application threads were stopped: 0.0050990 seconds, Stopping threads took: 0.0000630 seconds
363.442: Application time: 0.1572090 seconds
363.442: [GC [PSYoungGen: 50151K->6669K(51200K)] 147758K->112827K(167936K), 0.0046380 secs] [Times: user=0.03 sys=0.00, real=0.01 secs] 
363.447: [Full GC [PSYoungGen: 6669K->0K(51200K)] [ParOldGen: 106157K->27026K(116736K)] 112827K->27026K(167936K) [PSPermGen: 6111K->6111K(21504K)], 0.0104340 secs] [Times: user=0.06 sys=0.00, real=0.00 secs] 
363.457: Total time for which application threads were stopped: 0.0153350 seconds, Stopping threads took: 0.0001150 seconds
363.610: Application time: 0.1530310 seconds
363.610: [GC [PSYoungGen: 43490K->6509K(51200K)] 70517K->43511K(167936K), 0.0049040 secs] [Times: user=0.03 sys=0.00, real=0.00 secs] 
363.615: Total time for which application threads were stopped: 0.0050590 seconds, Stopping threads took: 0.0000600 seconds
363.768: Application time: 0.1523780 seconds
363.768: [GC [PSYoungGen: 50032K->6573K(51200K)] 87035K->52839K(167936K), 0.0047110 secs] [Times: user=0.04 sys=0.00, real=0.00 secs] 
363.773: Total time for which application threads were stopped: 0.0051270 seconds, Stopping threads took: 0.0003250 seconds
363.790: Application time: 0.0171620 seconds
363.790: [GC [PSYoungGen: 50049K->6605K(51200K)] 96315K->57146K(167936K), 0.0035440 secs] [Times: user=0.02 sys=0.00, real=0.00 secs] 
363.794: Total time for which application threads were stopped: 0.0037630 seconds, Stopping threads took: 0.0001150 seconds
363.812: Application time: 0.0178300 seconds
363.812: [GC [PSYoungGen: 50092K->6637K(51200K)] 100633K->58603K(167936K), 0.0027810 secs] [Times: user=0.02 sys=0.00, real=0.00 secs] 
363.815: Total time for which application threads were stopped: 0.0029580 seconds, Stopping threads took: 0.0000920 seconds
363.827: Application time: 0.0126570 seconds
363.827: [GC [PSYoungGen: 50118K->6605K(51200K)] 102085K->58571K(167936K), 0.0024350 secs] [Times: user=0.02 sys=0.00, real=0.00 secs] 
363.830: Total time for which application threads were stopped: 0.0025870 seconds, Stopping threads took: 0.0000690 seconds
363.986: Application time: 0.1559620 seconds
363.986: [GC [PSYoungGen: 50096K->6605K(51200K)] 102062K->68547K(167936K), 0.0048850 secs] [Times: user=0.03 sys=0.00, real=0.00 secs] 
363.991: Total time for which application threads were stopped: 0.0050340 seconds, Stopping threads took: 0.0000620 seconds
364.090: Application time: 0.0988520 seconds
364.090: [GC [PSYoungGen: 50129K->6701K(51200K)] 112072K->77194K(167936K), 0.0047440 secs] [Times: user=0.04 sys=0.00, real=0.00 secs] 
364.095: Total time for which application threads were stopped: 0.0049430 seconds, Stopping threads took: 0.0001080 seconds
364.112: Application time: 0.0175180 seconds
364.112: [GC [PSYoungGen: 50179K->6669K(51200K)] 120672K->80725K(167936K), 0.0033430 secs] [Times: user=0.02 sys=0.00, real=0.00 secs] 
364.116: Total time for which application threads were stopped: 0.0035440 seconds, Stopping threads took: 0.0001100 seconds
364.135: Application time: 0.0192540 seconds
364.135: [GC [PSYoungGen: 50167K->6669K(51200K)] 124223K->82863K(167936K), 0.0029780 secs] [Times: user=0.02 sys=0.00, real=0.01 secs] 
364.138: Total time for which application threads were stopped: 0.0031520 seconds, Stopping threads took: 0.0000870 seconds
364.177: Application time: 0.0392240 seconds
364.177: [GC [PSYoungGen: 50159K->6637K(51200K)] 126353K->89244K(167936K), 0.0040190 secs] [Times: user=0.03 sys=0.00, real=0.01 secs] 
364.181: Total time for which application threads were stopped: 0.0041780 seconds, Stopping threads took: 0.0000670 seconds
364.255: Application time: 0.0736240 seconds
364.255: [GC [PSYoungGen: 50156K->6732K(51200K)] 132763K->99315K(167936K), 0.0051190 secs] [Times: user=0.03 sys=0.00, real=0.01 secs] 
364.260: Total time for which application threads were stopped: 0.0052870 seconds, Stopping threads took: 0.0000780 seconds
364.274: Application time: 0.0136250 seconds
364.275: [GC [PSYoungGen: 50213K->6685K(51200K)] 142796K->102830K(167936K), 0.0033420 secs] [Times: user=0.03 sys=0.00, real=0.01 secs] 
364.278: Total time for which application threads were stopped: 0.0040590 seconds, Stopping threads took: 0.0006270 seconds
364.294: Application time: 0.0155380 seconds
364.294: [GC [PSYoungGen: 50166K->6669K(51200K)] 146312K->104239K(167936K), 0.0027810 secs] [Times: user=0.02 sys=0.00, real=0.00 secs] 
364.297: Total time for which application threads were stopped: 0.0030040 seconds, Stopping threads took: 0.0001180 seconds
364.385: Application time: 0.0884430 seconds
364.385: [GC [PSYoungGen: 50159K->6764K(51200K)] 147730K->115024K(167936K), 0.0052120 secs] [Times: user=0.04 sys=0.00, real=0.01 secs] 
364.390: [Full GC [PSYoungGen: 6764K->0K(51200K)] [ParOldGen: 108259K->28672K(116736K)] 115024K->28672K(167936K) [PSPermGen: 6111K->6111K(21504K)], 0.0099430 secs] [Times: user=0.06 sys=0.00, real=0.01 secs] 
364.400: Total time for which application threads were stopped: 0.0153700 seconds, Stopping threads took: 0.0000760 seconds
364.579: Application time: 0.1781760 seconds
364.579: [GC [PSYoungGen: 43490K->7157K(51200K)] 72162K->45117K(167936K), 0.0047660 secs] [Times: user=0.03 sys=0.00, real=0.00 secs] 
364.583: Total time for which application threads were stopped: 0.0049110 seconds, Stopping threads took: 0.0000540 seconds
364.713: Application time: 0.1298020 seconds
364.713: [GC [PSYoungGen: 50673K->6476K(51200K)] 88632K->54412K(167936K), 0.0051430 secs] [Times: user=0.04 sys=0.00, real=0.01 secs] 
364.719: Total time for which application threads were stopped: 0.0053220 seconds, Stopping threads took: 0.0000890 seconds
364.735: Application time: 0.0160950 seconds
364.735: [GC [PSYoungGen: 49952K->6572K(51200K)] 97888K->57358K(167936K), 0.0032020 secs] [Times: user=0.02 sys=0.00, real=0.01 secs] 
364.738: Total time for which application threads were stopped: 0.0033740 seconds, Stopping threads took: 0.0000850 seconds
364.757: Application time: 0.0186130 seconds
364.757: [GC [PSYoungGen: 50062K->6604K(51200K)] 100848K->59528K(167936K), 0.0029240 secs] [Times: user=0.02 sys=0.00, real=0.01 secs] 
364.760: Total time for which application threads were stopped: 0.0030920 seconds, Stopping threads took: 0.0000830 seconds
364.778: Application time: 0.0186130 seconds
364.779: [GC [PSYoungGen: 50123K->6604K(51200K)] 103046K->63803K(167936K), 0.0034200 secs] [Times: user=0.02 sys=0.00, real=0.00 secs] 
364.782: Total time for which application threads were stopped: 0.0035740 seconds, Stopping threads took: 0.0000660 seconds
364.800: Application time: 0.0175260 seconds
364.800: [GC [PSYoungGen: 50078K->6556K(51200K)] 107276K->64467K(167936K), 0.0025740 secs] [Times: user=0.01 sys=0.00, real=0.00 secs] 
364.802: Total time for which application threads were stopped: 0.0027540 seconds, Stopping threads took: 0.0000840 seconds
364.820: Application time: 0.0175050 seconds
364.820: [GC [PSYoungGen: 50040K->6540K(51200K)] 107951K->68727K(167936K), 0.0034970 secs] [Times: user=0.03 sys=0.00, real=0.00 secs] 
364.823: Total time for which application threads were stopped: 0.0036730 seconds, Stopping threads took: 0.0000870 seconds
364.849: Application time: 0.0255290 seconds
364.849: [GC [PSYoungGen: 50034K->6636K(51200K)] 112220K->73098K(167936K), 0.0033300 secs] [Times: user=0.03 sys=0.00, real=0.00 secs] 
364.852: Total time for which application threads were stopped: 0.0034910 seconds, Stopping threads took: 0.0000750 seconds
365.037: Application time: 0.1843790 seconds
365.037: [GC [PSYoungGen: 50125K->6636K(51200K)] 116586K->83785K(167936K), 0.0051340 secs] [Times: user=0.04 sys=0.00, real=0.01 secs] 
365.042: Total time for which application threads were stopped: 0.0052980 seconds, Stopping threads took: 0.0000740 seconds
365.084: Application time: 0.0415720 seconds
365.084: [GC [PSYoungGen: 50149K->6636K(51200K)] 127298K->90911K(167936K), 0.0043490 secs] [Times: user=0.03 sys=0.00, real=0.01 secs] 
365.088: Total time for which application threads were stopped: 0.0045230 seconds, Stopping threads took: 0.0000840 seconds
365.105: Application time: 0.0165250 seconds
365.105: [GC [PSYoungGen: 50116K->6732K(51200K)] 134390K->93144K(167936K), 0.0028880 secs] [Times: user=0.02 sys=0.00, real=0.01 secs] 
365.108: Total time for which application threads were stopped: 0.0030600 seconds, Stopping threads took: 0.0000820 seconds
365.121: Application time: 0.0135550 seconds
365.122: [GC [PSYoungGen: 50213K->6668K(51200K)] 136625K->94506K(167936K), 0.0028790 secs] [Times: user=0.02 sys=0.00, real=0.00 secs] 
365.124: Total time for which application threads were stopped: 0.0030500 seconds, Stopping threads took: 0.0000890 seconds
365.226: Application time: 0.1015530 seconds
365.226: [GC [PSYoungGen: 50200K->6764K(51200K)] 138037K->105289K(167936K), 0.0052920 secs] [Times: user=0.04 sys=0.00, real=0.00 secs] 
365.231: Total time for which application threads were stopped: 0.0054490 seconds, Stopping threads took: 0.0000680 seconds
365.248: Application time: 0.0161490 seconds
365.248: [GC [PSYoungGen: 50240K->6652K(51200K)] 148765K->107315K(167936K), 0.0030450 secs] [Times: user=0.02 sys=0.00, real=0.00 secs] 
365.251: Total time for which application threads were stopped: 0.0032140 seconds, Stopping threads took: 0.0000810 seconds
365.270: Application time: 0.0188930 seconds
365.270: [GC [PSYoungGen: 50143K->6684K(51200K)] 150806K->110910K(167936K), 0.0032960 secs] [Times: user=0.03 sys=0.00, real=0.00 secs] 
365.273: [Full GC [PSYoungGen: 6684K->0K(51200K)] [ParOldGen: 104225K->27026K(116736K)] 110910K->27026K(167936K) [PSPermGen: 6111K->6111K(21504K)], 0.0098800 secs] [Times: user=0.05 sys=0.00, real=0.01 secs] 
365.283: Total time for which application threads were stopped: 0.0134010 seconds, Stopping threads took: 0.0000890 seconds
365.331: Application time: 0.0479050 seconds
365.331: [GC [PSYoungGen: 43489K->6540K(51200K)] 70515K->37842K(167936K), 0.0032760 secs] [Times: user=0.02 sys=0.00, real=0.00 secs] 
365.334: Total time for which application threads were stopped: 0.0034340 seconds, Stopping threads took: 0.0000580 seconds
365.469: Application time: 0.1346980 seconds
365.469: [GC [PSYoungGen: 50063K->6540K(51200K)] 81364K->48529K(167936K), 0.0052110 secs] [Times: user=0.04 sys=0.00, real=0.00 secs] 
365.475: Total time for which application threads were stopped: 0.0053840 seconds, Stopping threads took: 0.0000810 seconds
365.491: Application time: 0.0160740 seconds
365.491: [GC [PSYoungGen: 50016K->6636K(51200K)] 92005K->50763K(167936K), 0.0029600 secs] [Times: user=0.03 sys=0.00, real=0.00 secs] 
365.494: Total time for which application threads were stopped: 0.0031300 seconds, Stopping threads took: 0.0000830 seconds
365.513: Application time: 0.0194040 seconds
365.518: [GC [PSYoungGen: 50127K->6572K(51200K)] 94254K->53549K(167936K), 0.0030400 secs] [Times: user=0.02 sys=0.00, real=0.00 secs] 
365.521: Total time for which application threads were stopped: 0.0076620 seconds, Stopping threads took: 0.0045360 seconds
365.577: Application time: 0.0556850 seconds
365.577: [GC [PSYoungGen: 50064K->6572K(51200K)] 97041K->60674K(167936K), 0.0041240 secs] [Times: user=0.03 sys=0.00, real=0.01 secs] 
365.581: Total time for which application threads were stopped: 0.0042660 seconds, Stopping threads took: 0.0000550 seconds
365.759: Application time: 0.1781080 seconds
365.759: [GC [PSYoungGen: 50058K->6604K(51200K)] 104160K->70681K(167936K), 0.0049310 secs] [Times: user=0.03 sys=0.00, real=0.00 secs] 
365.764: Total time for which application threads were stopped: 0.0050920 seconds, Stopping threads took: 0.0000680 seconds
365.971: Application time: 0.2074200 seconds
365.972: [GC [PSYoungGen: 50101K->6700K(51200K)] 114178K->81465K(167936K), 0.0050600 secs] [Times: user=0.04 sys=0.00, real=0.00 secs] 
365.977: Total time for which application threads were stopped: 0.0052290 seconds, Stopping threads took: 0.0000710 seconds
366.155: Application time: 0.1780460 seconds
366.155: [GC [PSYoungGen: 50197K->6700K(51200K)] 124962K->92153K(167936K), 0.0051500 secs] [Times: user=0.04 sys=0.00, real=0.01 secs] 
366.160: Total time for which application threads were stopped: 0.0053140 seconds, Stopping threads took: 0.0000760 seconds
366.357: Application time: 0.1968500 seconds
366.357: [GC [PSYoungGen: 50197K->6700K(51200K)] 135650K->102128K(167936K), 0.0048700 secs] [Times: user=0.04 sys=0.00, real=0.01 secs] 
366.362: Total time for which application threads were stopped: 0.0050240 seconds, Stopping threads took: 0.0000670 seconds
366.536: Application time: 0.1745860 seconds
366.537: [GC [PSYoungGen: 50187K->6700K(51200K)] 145615K->111391K(167936K), 0.0047410 secs] [Times: user=0.04 sys=0.00, real=0.01 secs] 
366.541: [Full GC [PSYoungGen: 6700K->0K(51200K)] [ParOldGen: 104690K->27738K(116736K)] 111391K->27738K(167936K) [PSPermGen: 6111K->6111K(21504K)], 0.0101960 secs] [Times: user=0.05 sys=0.00, real=0.01 secs] 
366.552: Total time for which application threads were stopped: 0.0151490 seconds, Stopping threads took: 0.0000580 seconds
366.746: Application time: 0.1939820 seconds
366.746: [GC [PSYoungGen: 43481K->7125K(51200K)] 71219K->43414K(167936K), 0.0047000 secs] [Times: user=0.04 sys=0.00, real=0.00 secs] 
366.750: Total time for which application threads were stopped: 0.0048510 seconds, Stopping threads took: 0.0000620 seconds
366.923: Application time: 0.1725070 seconds
366.923: [GC [PSYoungGen: 50632K->6604K(51200K)] 86921K->52869K(167936K), 0.0048580 secs] [Times: user=0.04 sys=0.00, real=0.01 secs] 
366.928: Total time for which application threads were stopped: 0.0050030 seconds, Stopping threads took: 0.0000560 seconds
367.106: Application time: 0.1784230 seconds
367.107: [GC [PSYoungGen: 50095K->6637K(51200K)] 96359K->62164K(167936K), 0.0047380 secs] [Times: user=0.03 sys=0.00, real=0.00 secs] 
367.111: Total time for which application threads were stopped: 0.0048970 seconds, Stopping threads took: 0.0000570 seconds
367.271: Application time: 0.1600330 seconds
367.271: [GC [PSYoungGen: 50136K->6637K(51200K)] 105664K->72140K(167936K), 0.0048720 secs] [Times: user=0.04 sys=0.00, real=0.00 secs] 
367.276: Total time for which application threads were stopped: 0.0050280 seconds, Stopping threads took: 0.0000660 seconds
367.427: Application time: 0.1509770 seconds
367.427: [GC [PSYoungGen: 50127K->6669K(51200K)] 115631K->81435K(167936K), 0.0048160 secs] [Times: user=0.04 sys=0.00, real=0.00 secs] 
367.432: Total time for which application threads were stopped: 0.0049660 seconds, Stopping threads took: 0.0000590 seconds
367.593: Application time: 0.1605250 seconds
367.593: [GC [PSYoungGen: 50160K->6669K(51200K)] 124927K->91411K(167936K), 0.0048750 secs] [Times: user=0.03 sys=0.00, real=0.01 secs] 
367.598: Total time for which application threads were stopped: 0.0050300 seconds, Stopping threads took: 0.0000650 seconds
367.755: Application time: 0.1576200 seconds
367.756: [GC [PSYoungGen: 50151K->6669K(51200K)] 134894K->100675K(167936K), 0.0047720 secs] [Times: user=0.04 sys=0.00, real=0.01 secs] 
367.760: Total time for which application threads were stopped: 0.0049460 seconds, Stopping threads took: 0.0000740 seconds
367.913: Application time: 0.1528660 seconds
367.913: [GC [PSYoungGen: 50169K->6669K(51200K)] 144175K->111363K(167936K), 0.0051950 secs] [Times: user=0.04 sys=0.00, real=0.01 secs] 
367.919: [Full GC [PSYoungGen: 6669K->0K(51200K)] [ParOldGen: 104694K->28673K(116736K)] 111363K->28673K(167936K) [PSPermGen: 6111K->6111K(21504K)], 0.0102160 secs] [Times: user=0.05 sys=0.00, real=0.01 secs] 
367.929: Total time for which application threads were stopped: 0.0156150 seconds, Stopping threads took: 0.0000660 seconds
367.958: Application time: 0.0287960 seconds
367.958: [GC [PSYoungGen: 43508K->5860K(51200K)] 72181K->34533K(167936K), 0.0020690 secs] [Times: user=0.01 sys=0.00, real=0.00 secs] 
367.960: Total time for which application threads were stopped: 0.0022230 seconds, Stopping threads took: 0.0000680 seconds
367.978: Application time: 0.0175820 seconds
367.978: [GC [PSYoungGen: 49338K->6573K(51200K)] 78011K->35246K(167936K), 0.0023060 secs] [Times: user=0.02 sys=0.00, real=0.00 secs] 
367.980: Total time for which application threads were stopped: 0.0024890 seconds, Stopping threads took: 0.0000950 seconds
367.992: Application time: 0.0116900 seconds
367.992: [GC [PSYoungGen: 50057K->6541K(51200K)] 78730K->40914K(167936K), 0.0039580 secs] [Times: user=0.03 sys=0.00, real=0.00 secs] 
367.996: Total time for which application threads were stopped: 0.0041340 seconds, Stopping threads took: 0.0000840 seconds
368.141: Application time: 0.1452840 seconds
368.141: [GC [PSYoungGen: 50040K->6477K(51200K)] 84414K->50826K(167936K), 0.0048970 secs] [Times: user=0.03 sys=0.00, real=0.01 secs] 
368.146: Total time for which application threads were stopped: 0.0050640 seconds, Stopping threads took: 0.0000780 seconds
368.239: Application time: 0.0928170 seconds
368.239: [GC [PSYoungGen: 49993K->6669K(51200K)] 94342K->61707K(167936K), 0.0053590 secs] [Times: user=0.04 sys=0.00, real=0.00 secs] 
368.245: Total time for which application threads were stopped: 0.0055240 seconds, Stopping threads took: 0.0000720 seconds
368.260: Application time: 0.0156020 seconds
368.260: [GC [PSYoungGen: 50147K->6605K(51200K)] 105185K->63068K(167936K), 0.0027570 secs] [Times: user=0.02 sys=0.00, real=0.00 secs] 
368.263: Total time for which application threads were stopped: 0.0029510 seconds, Stopping threads took: 0.0000960 seconds
368.281: Application time: 0.0177330 seconds
368.281: [GC [PSYoungGen: 50101K->6605K(51200K)] 106565K->66631K(167936K), 0.0033880 secs] [Times: user=0.03 sys=0.00, real=0.00 secs] 
368.284: Total time for which application threads were stopped: 0.0035670 seconds, Stopping threads took: 0.0000900 seconds
368.336: Application time: 0.0520870 seconds
368.337: [GC [PSYoungGen: 50095K->6669K(51200K)] 110121K->73821K(167936K), 0.0041980 secs] [Times: user=0.02 sys=0.00, real=0.01 secs] 
368.341: Total time for which application threads were stopped: 0.0043660 seconds, Stopping threads took: 0.0000800 seconds
368.425: Application time: 0.0843350 seconds
368.425: [GC [PSYoungGen: 50184K->6668K(51200K)] 117336K->83796K(167936K), 0.0051370 secs] [Times: user=0.04 sys=0.00, real=0.01 secs] 
368.431: Total time for which application threads were stopped: 0.0053310 seconds, Stopping threads took: 0.0001040 seconds
368.448: Application time: 0.0172020 seconds
368.448: [GC [PSYoungGen: 50151K->6637K(51200K)] 127279K->83764K(167936K), 0.0023570 secs] [Times: user=0.01 sys=0.00, real=0.00 secs] 
368.450: Total time for which application threads were stopped: 0.0025360 seconds, Stopping threads took: 0.0000980 seconds
368.465: Application time: 0.0148190 seconds
368.465: [GC [PSYoungGen: 50122K->6637K(51200K)] 127250K->87327K(167936K), 0.0034110 secs] [Times: user=0.02 sys=0.00, real=0.01 secs] 
368.469: Total time for which application threads were stopped: 0.0036130 seconds, Stopping threads took: 0.0001150 seconds
368.547: Application time: 0.0787680 seconds
368.548: [GC [PSYoungGen: 50138K->6684K(51200K)] 130829K->97351K(167936K), 0.0049760 secs] [Times: user=0.04 sys=0.00, real=0.00 secs] 
368.553: Total time for which application threads were stopped: 0.0051290 seconds, Stopping threads took: 0.0000650 seconds
368.710: Application time: 0.1574570 seconds
368.710: [GC [PSYoungGen: 50166K->6636K(51200K)] 140832K->106566K(167936K), 0.0048070 secs] [Times: user=0.03 sys=0.00, real=0.00 secs] 
368.715: Total time for which application threads were stopped: 0.0049570 seconds, Stopping threads took: 0.0000610 seconds
368.765: Application time: 0.0497390 seconds
368.765: [GC [PSYoungGen: 50149K->6732K(51200K)] 150079K->113075K(167936K), 0.0041810 secs] [Times: user=0.03 sys=0.00, real=0.01 secs] 
368.769: [Full GC [PSYoungGen: 6732K->0K(51200K)] [ParOldGen: 106342K->29164K(116736K)] 113075K->29164K(167936K) [PSPermGen: 6111K->6111K(21504K)], 0.0105180 secs] [Times: user=0.05 sys=0.00, real=0.01 secs] 
368.780: Total time for which application threads were stopped: 0.0149450 seconds, Stopping threads took: 0.0000910 seconds
368.797: Application time: 0.0170160 seconds
368.797: [GC [PSYoungGen: 43477K->3786K(51200K)] 72642K->32951K(167936K), 0.0013930 secs] [Times: user=0.01 sys=0.00, real=0.01 secs] 
368.798: Total time for which application threads were stopped: 0.0015520 seconds, Stopping threads took: 0.0000850 seconds
368.811: Application time: 0.0126860 seconds
368.811: [GC [PSYoungGen: 47273K->6508K(51200K)] 76438K->40661K(167936K), 0.0036170 secs] [Times: user=0.03 sys=0.00, real=0.00 secs] 
368.815: Total time for which application threads were stopped: 0.0037950 seconds, Stopping threads took: 0.0000810 seconds
368.919: Application time: 0.1041550 seconds
368.919: [GC [PSYoungGen: 50033K->6508K(51200K)] 84185K->51349K(167936K), 0.0052100 secs] [Times: user=0.04 sys=0.00, real=0.00 secs] 
368.924: Total time for which application threads were stopped: 0.0053650 seconds, Stopping threads took: 0.0000660 seconds
368.940: Application time: 0.0161210 seconds
368.941: [GC [PSYoungGen: 49984K->6604K(51200K)] 94824K->53582K(167936K), 0.0029550 secs] [Times: user=0.02 sys=0.00, real=0.00 secs] 
368.944: Total time for which application threads were stopped: 0.0031390 seconds, Stopping threads took: 0.0000980 seconds
368.962: Application time: 0.0184120 seconds
368.963: [GC [PSYoungGen: 50086K->6572K(51200K)] 97064K->56401K(167936K), 0.0031420 secs] [Times: user=0.02 sys=0.00, real=0.01 secs] 
368.966: Total time for which application threads were stopped: 0.0038120 seconds, Stopping threads took: 0.0005840 seconds
368.992: Application time: 0.0257970 seconds
368.992: [GC [PSYoungGen: 50074K->6636K(51200K)] 99902K->60027K(167936K), 0.0030550 secs] [Times: user=0.02 sys=0.00, real=0.00 secs] 
368.995: Total time for which application threads were stopped: 0.0031900 seconds, Stopping threads took: 0.0000540 seconds
369.134: Application time: 0.1393180 seconds
369.135: [GC [PSYoungGen: 50153K->6636K(51200K)] 103543K->69290K(167936K), 0.0048490 secs] [Times: user=0.04 sys=0.01, real=0.01 secs] 
369.140: Total time for which application threads were stopped: 0.0057050 seconds, Stopping threads took: 0.0007630 seconds
369.154: Application time: 0.0146610 seconds
369.155: [GC [PSYoungGen: 50116K->6636K(51200K)] 112770K->74277K(167936K), 0.0037780 secs] [Times: user=0.03 sys=0.00, real=0.01 secs] 
369.158: Total time for which application threads were stopped: 0.0039550 seconds, Stopping threads took: 0.0000850 seconds
369.178: Application time: 0.0197110 seconds
369.178: [GC [PSYoungGen: 50126K->6669K(51200K)] 117767K->74310K(167936K), 0.0023450 secs] [Times: user=0.02 sys=0.00, real=0.00 secs] 
369.181: Total time for which application threads were stopped: 0.0025230 seconds, Stopping threads took: 0.0000890 seconds
369.228: Application time: 0.0474270 seconds
369.228: [GC [PSYoungGen: 50158K->6604K(51200K)] 117799K->81371K(167936K), 0.0041830 secs] [Times: user=0.03 sys=0.00, real=0.00 secs] 
369.232: Total time for which application threads were stopped: 0.0043370 seconds, Stopping threads took: 0.0000660 seconds
369.306: Application time: 0.0735660 seconds
369.306: [GC [PSYoungGen: 50123K->6732K(51200K)] 124889K->91474K(167936K), 0.0050630 secs] [Times: user=0.04 sys=0.00, real=0.00 secs] 
369.311: Total time for which application threads were stopped: 0.0052320 seconds, Stopping threads took: 0.0000730 seconds
369.325: Application time: 0.0137100 seconds
369.325: [GC [PSYoungGen: 50213K->6652K(51200K)] 134954K->95669K(167936K), 0.0035910 secs] [Times: user=0.03 sys=0.00, real=0.01 secs] 
369.329: Total time for which application threads were stopped: 0.0037590 seconds, Stopping threads took: 0.0000780 seconds
369.344: Application time: 0.0153870 seconds
369.344: [GC [PSYoungGen: 50135K->6636K(51200K)] 139152K->97791K(167936K), 0.0030160 secs] [Times: user=0.02 sys=0.00, real=0.01 secs] 
369.347: Total time for which application threads were stopped: 0.0031910 seconds, Stopping threads took: 0.0000840 seconds
369.472: Application time: 0.1250200 seconds
369.472: [GC [PSYoungGen: 50140K->6732K(51200K)] 141294K->109287K(167936K), 0.0053470 secs] [Times: user=0.04 sys=0.00, real=0.01 secs] 
369.478: [Full GC [PSYoungGen: 6732K->0K(51200K)] [ParOldGen: 102554K->27738K(116736K)] 109287K->27738K(167936K) [PSPermGen: 6111K->6111K(21504K)], 0.0105290 secs] [Times: user=0.06 sys=0.00, real=0.01 secs] 
369.488: Total time for which application threads were stopped: 0.0161090 seconds, Stopping threads took: 0.0000910 seconds
369.584: Application time: 0.0956210 seconds
369.584: [GC [PSYoungGen: 43514K->7157K(51200K)] 71253K->44919K(167936K), 0.0053220 secs] [Times: user=0.04 sys=0.00, real=0.01 secs] 
369.590: Total time for which application threads were stopped: 0.0055040 seconds, Stopping threads took: 0.0000780 seconds
369.606: Application time: 0.0162970 seconds
369.606: [GC [PSYoungGen: 50641K->7157K(51200K)] 88403K->46392K(167936K), 0.0028740 secs] [Times: user=0.02 sys=0.00, real=0.00 secs] 
369.609: Total time for which application threads were stopped: 0.0030280 seconds, Stopping threads took: 0.0000710 seconds
369.625: Application time: 0.0158180 seconds
369.625: [GC [PSYoungGen: 50642K->7157K(51200K)] 89877K->49266K(167936K), 0.0033950 secs] [Times: user=0.02 sys=0.00, real=0.01 secs] 
369.628: Total time for which application threads were stopped: 0.0035830 seconds, Stopping threads took: 0.0001020 seconds
369.739: Application time: 0.1103570 seconds
369.739: [GC [PSYoungGen: 50648K->7157K(51200K)] 92758K->58553K(167936K), 0.0048470 secs] [Times: user=0.03 sys=0.00, real=0.00 secs] 
369.744: Total time for which application threads were stopped: 0.0050030 seconds, Stopping threads took: 0.0000690 seconds
369.940: Application time: 0.1960620 seconds
369.940: [GC [PSYoungGen: 50645K->6508K(51200K)] 102041K->67879K(167936K), 0.0049520 secs] [Times: user=0.04 sys=0.00, real=0.00 secs] 
369.945: Total time for which application threads were stopped: 0.0051140 seconds, Stopping threads took: 0.0000590 seconds
370.130: Application time: 0.1850020 seconds
370.130: [GC [PSYoungGen: 50005K->6604K(51200K)] 111376K->79376K(167936K), 0.0053460 secs] [Times: user=0.04 sys=0.00, real=0.00 secs] 
370.135: Total time for which application threads were stopped: 0.0055290 seconds, Stopping threads took: 0.0000960 seconds
370.348: Application time: 0.2125480 seconds
370.348: [GC [PSYoungGen: 50092K->6572K(51200K)] 122864K->89319K(167936K), 0.0048320 secs] [Times: user=0.04 sys=0.00, real=0.00 secs] 
370.353: Total time for which application threads were stopped: 0.0049770 seconds, Stopping threads took: 0.0000570 seconds
370.512: Application time: 0.1591380 seconds
370.512: [GC [PSYoungGen: 50084K->6668K(51200K)] 132831K->100815K(167936K), 0.0052250 secs] [Times: user=0.04 sys=0.00, real=0.00 secs] 
370.517: Total time for which application threads were stopped: 0.0053940 seconds, Stopping threads took: 0.0000750 seconds
370.707: Application time: 0.1897290 seconds
370.707: [GC [PSYoungGen: 50149K->6668K(51200K)] 144296K->110791K(167936K), 0.0049440 secs] [Times: user=0.04 sys=0.00, real=0.00 secs] 
370.712: [Full GC [PSYoungGen: 6668K->0K(51200K)] [ParOldGen: 104122K->28451K(116736K)] 110791K->28451K(167936K) [PSPermGen: 6111K->6111K(21504K)], 0.0106050 secs] [Times: user=0.06 sys=0.00, real=0.01 secs] 
370.723: Total time for which application threads were stopped: 0.0157660 seconds, Stopping threads took: 0.0000750 seconds
370.891: Application time: 0.1683430 seconds
370.891: [GC [PSYoungGen: 43489K->7157K(51200K)] 71941K->44896K(167936K), 0.0048690 secs] [Times: user=0.04 sys=0.00, real=0.00 secs] 
370.896: Total time for which application threads were stopped: 0.0050370 seconds, Stopping threads took: 0.0000800 seconds
371.070: Application time: 0.1735550 seconds
371.070: [GC [PSYoungGen: 50656K->6604K(51200K)] 88394K->55031K(167936K), 0.0050740 secs] [Times: user=0.03 sys=0.00, real=0.00 secs] 
371.075: Total time for which application threads were stopped: 0.0052710 seconds, Stopping threads took: 0.0000910 seconds
371.229: Application time: 0.1536320 seconds
371.229: [GC [PSYoungGen: 50095K->6636K(51200K)] 98522K->64327K(167936K), 0.0046670 secs] [Times: user=0.04 sys=0.00, real=0.00 secs] 
371.234: Total time for which application threads were stopped: 0.0048400 seconds, Stopping threads took: 0.0000850 seconds
371.392: Application time: 0.1580650 seconds
371.392: [GC [PSYoungGen: 50127K->6637K(51200K)] 107818K->74303K(167936K), 0.0049760 secs] [Times: user=0.04 sys=0.00, real=0.00 secs] 
371.397: Total time for which application threads were stopped: 0.0051390 seconds, Stopping threads took: 0.0000730 seconds
371.550: Application time: 0.1536250 seconds
371.551: [GC [PSYoungGen: 50145K->6669K(51200K)] 117811K->85023K(167936K), 0.0051050 secs] [Times: user=0.04 sys=0.00, real=0.00 secs] 
371.556: Total time for which application threads were stopped: 0.0052570 seconds, Stopping threads took: 0.0000580 seconds
371.721: Application time: 0.1655330 seconds
371.721: [GC [PSYoungGen: 50160K->6669K(51200K)] 128514K->94999K(167936K), 0.0049520 secs] [Times: user=0.04 sys=0.00, real=0.01 secs] 
371.726: Total time for which application threads were stopped: 0.0051280 seconds, Stopping threads took: 0.0000770 seconds
371.897: Application time: 0.1702870 seconds
371.897: [GC [PSYoungGen: 50151K->6669K(51200K)] 138482K->104975K(167936K), 0.0050120 secs] [Times: user=0.04 sys=0.00, real=0.01 secs] 
371.902: Total time for which application threads were stopped: 0.0051830 seconds, Stopping threads took: 0.0000770 seconds
372.002: Application time: 0.1005860 seconds
372.003: [GC [PSYoungGen: 50194K->6669K(51200K)] 148500K->115664K(167936K), 0.0053550 secs] [Times: user=0.04 sys=0.00, real=0.01 secs] 
372.008: [Full GC [PSYoungGen: 6669K->0K(51200K)] [ParOldGen: 108995K->27960K(116736K)] 115664K->27960K(167936K) [PSPermGen: 6111K->6111K(21504K)], 0.0102630 secs] [Times: user=0.05 sys=0.00, real=0.01 secs] 
372.018: Total time for which application threads were stopped: 0.0158470 seconds, Stopping threads took: 0.0000850 seconds
372.036: Application time: 0.0175880 seconds
372.036: [GC [PSYoungGen: 43482K->3010K(51200K)] 71442K->30970K(167936K), 0.0011470 secs] [Times: user=0.01 sys=0.00, real=0.00 secs] 
372.037: Total time for which application threads were stopped: 0.0012830 seconds, Stopping threads took: 0.0000670 seconds
372.055: Application time: 0.0175630 seconds
372.055: [GC [PSYoungGen: 46492K->6541K(51200K)] 74452K->35214K(167936K), 0.0024040 secs] [Times: user=0.02 sys=0.00, real=0.00 secs] 
372.057: Total time for which application threads were stopped: 0.0025760 seconds, Stopping threads took: 0.0000860 seconds
372.096: Application time: 0.0391490 seconds
372.097: [GC [PSYoungGen: 50031K->7157K(51200K)] 78704K->45102K(167936K), 0.0049040 secs] [Times: user=0.04 sys=0.00, real=0.01 secs] 
372.101: Total time for which application threads were stopped: 0.0050640 seconds, Stopping threads took: 0.0000700 seconds
372.253: Application time: 0.1515850 seconds
372.253: [GC [PSYoungGen: 50648K->6541K(51200K)] 88593K->53748K(167936K), 0.0047460 secs] [Times: user=0.03 sys=0.01, real=0.01 secs] 
372.258: Total time for which application threads were stopped: 0.0049120 seconds, Stopping threads took: 0.0000670 seconds
372.410: Application time: 0.1519340 seconds
372.410: [GC [PSYoungGen: 50023K->6508K(51200K)] 97231K->62980K(167936K), 0.0046980 secs] [Times: user=0.03 sys=0.00, real=0.00 secs] 
372.415: Total time for which application threads were stopped: 0.0048750 seconds, Stopping threads took: 0.0000920 seconds
372.443: Application time: 0.0282210 seconds
372.443: [GC [PSYoungGen: 50028K->6636K(51200K)] 106499K->67383K(167936K), 0.0035380 secs] [Times: user=0.02 sys=0.00, real=0.01 secs] 
372.447: Total time for which application threads were stopped: 0.0037130 seconds, Stopping threads took: 0.0000840 seconds
372.463: Application time: 0.0162760 seconds
372.463: [GC [PSYoungGen: 50118K->6573K(51200K)] 110865K->71594K(167936K), 0.0035750 secs] [Times: user=0.03 sys=0.00, real=0.01 secs] 
372.467: Total time for which application threads were stopped: 0.0037390 seconds, Stopping threads took: 0.0000730 seconds
372.480: Application time: 0.0136570 seconds
372.481: [GC [PSYoungGen: 50590K->6653K(51200K)] 115612K->73100K(167936K), 0.0027420 secs] [Times: user=0.02 sys=0.00, real=0.00 secs] 
372.483: Total time for which application threads were stopped: 0.0029210 seconds, Stopping threads took: 0.0000920 seconds
372.505: Application time: 0.0214620 seconds
372.505: [GC [PSYoungGen: 50349K->6668K(51200K)] 116796K->76678K(167936K), 0.0033760 secs] [Times: user=0.02 sys=0.00, real=0.01 secs] 
372.508: Total time for which application threads were stopped: 0.0035660 seconds, Stopping threads took: 0.0001030 seconds
372.525: Application time: 0.0161450 seconds
372.525: [GC [PSYoungGen: 50148K->6669K(51200K)] 120157K->79529K(167936K), 0.0031900 secs] [Times: user=0.02 sys=0.00, real=0.01 secs] 
372.528: Total time for which application threads were stopped: 0.0033810 seconds, Stopping threads took: 0.0001020 seconds
372.542: Application time: 0.0140120 seconds
372.542: [GC [PSYoungGen: 50160K->6653K(51200K)] 123021K->81651K(167936K), 0.0029870 secs] [Times: user=0.02 sys=0.00, real=0.00 secs] 
372.545: Total time for which application threads were stopped: 0.0031570 seconds, Stopping threads took: 0.0000790 seconds
372.611: Application time: 0.0654380 seconds
372.611: [GC [PSYoungGen: 50175K->6716K(51200K)] 125173K->90265K(167936K), 0.0047190 secs] [Times: user=0.04 sys=0.00, real=0.00 secs] 
372.615: Total time for which application threads were stopped: 0.0048870 seconds, Stopping threads took: 0.0000740 seconds
372.629: Application time: 0.0136030 seconds
372.629: [GC [PSYoungGen: 50197K->6652K(51200K)] 133745K->95901K(167936K), 0.0040630 secs] [Times: user=0.03 sys=0.00, real=0.00 secs] 
372.633: Total time for which application threads were stopped: 0.0042370 seconds, Stopping threads took: 0.0000860 seconds
372.652: Application time: 0.0192180 seconds
372.653: [GC [PSYoungGen: 50144K->6685K(51200K)] 139393K->98784K(167936K), 0.0031330 secs] [Times: user=0.02 sys=0.00, real=0.00 secs] 
372.656: Total time for which application threads were stopped: 0.0033140 seconds, Stopping threads took: 0.0000920 seconds
372.706: Application time: 0.0500840 seconds
372.706: [GC [PSYoungGen: 50173K->6732K(51200K)] 142272K->105244K(167936K), 0.0039830 secs] [Times: user=0.03 sys=0.00, real=0.00 secs] 
372.710: Total time for which application threads were stopped: 0.0041380 seconds, Stopping threads took: 0.0000660 seconds
372.872: Application time: 0.1621000 seconds
372.872: [GC [PSYoungGen: 50213K->6700K(51200K)] 148725K->114475K(167936K), 0.0047640 secs] [Times: user=0.03 sys=0.00, real=0.00 secs] 
372.877: [Full GC [PSYoungGen: 6700K->0K(51200K)] [ParOldGen: 107774K->27739K(116736K)] 114475K->27739K(167936K) [PSPermGen: 6111K->6111K(21504K)], 0.0100620 secs] [Times: user=0.06 sys=0.00, real=0.02 secs] 
372.887: Total time for which application threads were stopped: 0.0150420 seconds, Stopping threads took: 0.0000590 seconds
372.965: Application time: 0.0778360 seconds
372.965: [GC [PSYoungGen: 43515K->7157K(51200K)] 71255K->44160K(167936K), 0.0051310 secs] [Times: user=0.04 sys=0.00, real=0.01 secs] 
372.970: Total time for which application threads were stopped: 0.0052930 seconds, Stopping threads took: 0.0000730 seconds
372.987: Application time: 0.0171510 seconds
372.988: [GC [PSYoungGen: 50640K->7157K(51200K)] 87642K->44216K(167936K), 0.0025220 secs] [Times: user=0.02 sys=0.00, real=0.00 secs] 
372.990: Total time for which application threads were stopped: 0.0026820 seconds, Stopping threads took: 0.0000740 seconds
373.005: Application time: 0.0146550 seconds
373.005: [GC [PSYoungGen: 50642K->7157K(51200K)] 87701K->47787K(167936K), 0.0035320 secs] [Times: user=0.03 sys=0.00, real=0.01 secs] 
373.009: Total time for which application threads were stopped: 0.0037230 seconds, Stopping threads took: 0.0001020 seconds
373.120: Application time: 0.1116920 seconds
373.120: [GC [PSYoungGen: 50655K->6572K(51200K)] 91284K->57890K(167936K), 0.0050310 secs] [Times: user=0.03 sys=0.00, real=0.00 secs] 
373.125: Total time for which application threads were stopped: 0.0052090 seconds, Stopping threads took: 0.0000870 seconds
373.268: Application time: 0.1422150 seconds
373.268: [GC [PSYoungGen: 50087K->6540K(51200K)] 101405K->67833K(167936K), 0.0050290 secs] [Times: user=0.04 sys=0.00, real=0.00 secs] 
373.273: Total time for which application threads were stopped: 0.0051900 seconds, Stopping threads took: 0.0000720 seconds
373.289: Application time: 0.0162220 seconds
373.289: [GC [PSYoungGen: 50016K->6604K(51200K)] 111309K->70035K(167936K), 0.0029860 secs] [Times: user=0.02 sys=0.00, real=0.00 secs] 
373.292: Total time for which application threads were stopped: 0.0031700 seconds, Stopping threads took: 0.0000850 seconds
373.311: Application time: 0.0183920 seconds
373.311: [GC [PSYoungGen: 50088K->6540K(51200K)] 113519K->74246K(167936K), 0.0035640 secs] [Times: user=0.03 sys=0.00, real=0.00 secs] 
373.314: Total time for which application threads were stopped: 0.0037700 seconds, Stopping threads took: 0.0001140 seconds
373.336: Application time: 0.0211520 seconds
373.336: [GC [PSYoungGen: 50035K->6604K(51200K)] 117741K->78585K(167936K), 0.0033940 secs] [Times: user=0.02 sys=0.00, real=0.01 secs] 
373.339: Total time for which application threads were stopped: 0.0035590 seconds, Stopping threads took: 0.0000800 seconds
373.493: Application time: 0.1539030 seconds
373.493: [GC [PSYoungGen: 50125K->6636K(51200K)] 122106K->87879K(167936K), 0.0049430 secs] [Times: user=0.04 sys=0.00, real=0.01 secs] 
373.498: Total time for which application threads were stopped: 0.0051080 seconds, Stopping threads took: 0.0000670 seconds
373.515: Application time: 0.0172840 seconds
373.516: [GC [PSYoungGen: 50110K->6668K(51200K)] 131353K->89336K(167936K), 0.0028270 secs] [Times: user=0.02 sys=0.00, real=0.01 secs] 
373.518: Total time for which application threads were stopped: 0.0029990 seconds, Stopping threads took: 0.0000870 seconds
373.538: Application time: 0.0195150 seconds
373.538: [GC [PSYoungGen: 50156K->6636K(51200K)] 132824K->90730K(167936K), 0.0028050 secs] [Times: user=0.02 sys=0.00, real=0.00 secs] 
373.541: Total time for which application threads were stopped: 0.0029650 seconds, Stopping threads took: 0.0000720 seconds
373.561: Application time: 0.0196500 seconds
373.561: [GC [PSYoungGen: 50162K->6700K(51200K)] 134256K->95069K(167936K), 0.0035510 secs] [Times: user=0.03 sys=0.00, real=0.00 secs] 
373.564: Total time for which application threads were stopped: 0.0037220 seconds, Stopping threads took: 0.0000830 seconds
373.581: Application time: 0.0166290 seconds
373.581: [GC [PSYoungGen: 50178K->6732K(51200K)] 138547K->100801K(167936K), 0.0039630 secs] [Times: user=0.03 sys=0.00, real=0.00 secs] 
373.585: Total time for which application threads were stopped: 0.0041460 seconds, Stopping threads took: 0.0000930 seconds
373.605: Application time: 0.0194680 seconds
373.605: [GC [PSYoungGen: 50214K->6668K(51200K)] 144283K->102162K(167936K), 0.0027800 secs] [Times: user=0.02 sys=0.00, real=0.01 secs] 
373.607: Total time for which application threads were stopped: 0.0029450 seconds, Stopping threads took: 0.0000800 seconds
373.644: Application time: 0.0365300 seconds
373.644: [GC [PSYoungGen: 50163K->6684K(51200K)] 145657K->106453K(167936K), 0.0034060 secs] [Times: user=0.02 sys=0.00, real=0.01 secs] 
373.648: Total time for which application threads were stopped: 0.0035590 seconds, Stopping threads took: 0.0000660 seconds
373.843: Application time: 0.1955440 seconds
373.843: [GC [PSYoungGen: 50172K->6732K(51200K)] 149941K->115772K(167936K), 0.0047560 secs] [Times: user=0.03 sys=0.00, real=0.01 secs] 
373.848: [Full GC [PSYoungGen: 6732K->0K(51200K)] [ParOldGen: 109039K->27026K(116736K)] 115772K->27026K(167936K) [PSPermGen: 6111K->6111K(21504K)], 0.0100630 secs] [Times: user=0.06 sys=0.00, real=0.01 secs] 
373.858: Total time for which application threads were stopped: 0.0150150 seconds, Stopping threads took: 0.0000530 seconds
374.059: Application time: 0.2004080 seconds
374.059: [GC [PSYoungGen: 43494K->6572K(51200K)] 70521K->44287K(167936K), 0.0051180 secs] [Times: user=0.04 sys=0.00, real=0.00 secs] 
374.064: Total time for which application threads were stopped: 0.0052870 seconds, Stopping threads took: 0.0000730 seconds
374.248: Application time: 0.1840470 seconds
374.248: [GC [PSYoungGen: 50052K->6508K(51200K)] 87767K->53486K(167936K), 0.0046690 secs] [Times: user=0.04 sys=0.00, real=0.00 secs] 
374.253: Total time for which application threads were stopped: 0.0048190 seconds, Stopping threads took: 0.0000580 seconds
374.444: Application time: 0.1916270 seconds
374.444: [GC [PSYoungGen: 49996K->6604K(51200K)] 96974K->63557K(167936K), 0.0047800 secs] [Times: user=0.03 sys=0.00, real=0.01 secs] 
374.449: Total time for which application threads were stopped: 0.0049430 seconds, Stopping threads took: 0.0000680 seconds
374.612: Application time: 0.1631650 seconds
374.613: [GC [PSYoungGen: 50115K->6668K(51200K)] 107067K->75021K(167936K), 0.0053470 secs] [Times: user=0.04 sys=0.00, real=0.01 secs] 
374.618: Total time for which application threads were stopped: 0.0055170 seconds, Stopping threads took: 0.0000700 seconds
374.783: Application time: 0.1650410 seconds
374.783: [GC [PSYoungGen: 50158K->6668K(51200K)] 118511K->84997K(167936K), 0.0049410 secs] [Times: user=0.03 sys=0.00, real=0.01 secs] 
374.788: Total time for which application threads were stopped: 0.0051250 seconds, Stopping threads took: 0.0000940 seconds
374.962: Application time: 0.1741800 seconds
374.962: [GC [PSYoungGen: 50166K->6636K(51200K)] 128495K->94228K(167936K), 0.0048230 secs] [Times: user=0.02 sys=0.01, real=0.01 secs] 
374.967: Total time for which application threads were stopped: 0.0049750 seconds, Stopping threads took: 0.0000660 seconds
375.137: Application time: 0.1697750 seconds
375.137: [GC [PSYoungGen: 50118K->6668K(51200K)] 137710K->103523K(167936K), 0.0047100 secs] [Times: user=0.03 sys=0.01, real=0.01 secs] 
375.142: Total time for which application threads were stopped: 0.0048850 seconds, Stopping threads took: 0.0000770 seconds
375.353: Application time: 0.2115190 seconds
375.354: [GC [PSYoungGen: 50159K->6668K(51200K)] 147013K->112786K(167936K), 0.0046420 secs] [Times: user=0.04 sys=0.00, real=0.01 secs] 
375.358: [Full GC [PSYoungGen: 6668K->0K(51200K)] [ParOldGen: 106117K->26315K(116736K)] 112786K->26315K(167936K) [PSPermGen: 6111K->6111K(21504K)], 0.0101490 secs] [Times: user=0.05 sys=0.00, real=0.01 secs] 
375.368: Total time for which application threads were stopped: 0.0149950 seconds, Stopping threads took: 0.0000650 seconds
375.526: Application time: 0.1574420 seconds
375.526: [GC [PSYoungGen: 43491K->6477K(51200K)] 69806K->42055K(167936K), 0.0046510 secs] [Times: user=0.03 sys=0.00, real=0.00 secs] 
375.531: Total time for which application threads were stopped: 0.0048060 seconds, Stopping threads took: 0.0000580 seconds
375.656: Application time: 0.1249030 seconds
375.656: [GC [PSYoungGen: 49993K->6669K(51200K)] 85572K->53648K(167936K), 0.0053560 secs] [Times: user=0.04 sys=0.00, real=0.01 secs] 
375.661: Total time for which application threads were stopped: 0.0055340 seconds, Stopping threads took: 0.0000780 seconds
375.815: Application time: 0.1542920 seconds
375.816: [GC [PSYoungGen: 50151K->6637K(51200K)] 97131K->62879K(167936K), 0.0047300 secs] [Times: user=0.04 sys=0.00, real=0.01 secs] 
375.820: Total time for which application threads were stopped: 0.0048810 seconds, Stopping threads took: 0.0000620 seconds
375.977: Application time: 0.1567970 seconds
375.977: [GC [PSYoungGen: 50005K->6701K(51200K)] 106248K->70069K(167936K), 0.0041260 secs] [Times: user=0.03 sys=0.00, real=0.01 secs] 
375.981: Total time for which application threads were stopped: 0.0042980 seconds, Stopping threads took: 0.0000820 seconds
376.004: Application time: 0.0224010 seconds
376.004: [GC [PSYoungGen: 50331K->6669K(51200K)] 113699K->75025K(167936K), 0.0037780 secs] [Times: user=0.03 sys=0.00, real=0.01 secs] 
376.008: Total time for which application threads were stopped: 0.0039690 seconds, Stopping threads took: 0.0001000 seconds
376.027: Application time: 0.0190250 seconds
376.027: [GC [PSYoungGen: 50146K->6701K(51200K)] 118502K->75057K(167936K), 0.0023400 secs] [Times: user=0.02 sys=0.00, real=0.00 secs] 
376.029: Total time for which application threads were stopped: 0.0025040 seconds, Stopping threads took: 0.0000820 seconds
376.042: Application time: 0.0131710 seconds
376.043: [GC [PSYoungGen: 50192K->6604K(51200K)] 118549K->77099K(167936K), 0.0028190 secs] [Times: user=0.02 sys=0.00, real=0.00 secs] 
376.045: Total time for which application threads were stopped: 0.0029820 seconds, Stopping threads took: 0.0000730 seconds
376.201: Application time: 0.1550610 seconds
376.201: [GC [PSYoungGen: 50087K->6701K(51200K)] 120581K->87883K(167936K), 0.0051380 secs] [Times: user=0.04 sys=0.00, real=0.01 secs] 
376.206: Total time for which application threads were stopped: 0.0053010 seconds, Stopping threads took: 0.0000670 seconds
376.365: Application time: 0.1589070 seconds
376.365: [GC [PSYoungGen: 50192K->6701K(51200K)] 131374K->97859K(167936K), 0.0049220 secs] [Times: user=0.04 sys=0.00, real=0.01 secs] 
376.370: Total time for which application threads were stopped: 0.0050900 seconds, Stopping threads took: 0.0000810 seconds
376.483: Application time: 0.1126880 seconds
376.483: [GC [PSYoungGen: 50217K->6700K(51200K)] 141375K->106409K(167936K), 0.0046130 secs] [Times: user=0.03 sys=0.00, real=0.01 secs] 
376.488: Total time for which application threads were stopped: 0.0050750 seconds, Stopping threads took: 0.0003740 seconds
376.503: Application time: 0.0158160 seconds
376.504: [GC [PSYoungGen: 50177K->6668K(51200K)] 149886K->109940K(167936K), 0.0034150 secs] [Times: user=0.03 sys=0.00, real=0.01 secs] 
376.507: [Full GC [PSYoungGen: 6668K->0K(51200K)] [ParOldGen: 103271K->28672K(116736K)] 109940K->28672K(167936K) [PSPermGen: 6111K->6111K(21504K)], 0.0104190 secs] [Times: user=0.06 sys=0.00, real=0.00 secs] 
376.518: Total time for which application threads were stopped: 0.0140940 seconds, Stopping threads took: 0.0001170 seconds
376.537: Application time: 0.0194070 seconds
376.537: [GC [PSYoungGen: 43482K->5860K(51200K)] 72155K->34533K(167936K), 0.0019860 secs] [Times: user=0.01 sys=0.00, real=0.01 secs] 
376.539: Total time for which application threads were stopped: 0.0021560 seconds, Stopping threads took: 0.0000830 seconds
376.581: Application time: 0.0416590 seconds
376.581: [GC [PSYoungGen: 49356K->6541K(51200K)] 78029K->38064K(167936K), 0.0027290 secs] [Times: user=0.02 sys=0.00, real=0.00 secs] 
376.584: Total time for which application threads were stopped: 0.0028720 seconds, Stopping threads took: 0.0000630 seconds
376.602: Application time: 0.0182700 seconds
376.602: [GC [PSYoungGen: 50059K->6572K(51200K)] 81583K->46646K(167936K), 0.0047280 secs] [Times: user=0.03 sys=0.01, real=0.01 secs] 
376.607: Total time for which application threads were stopped: 0.0049020 seconds, Stopping threads took: 0.0000840 seconds
376.624: Application time: 0.0175790 seconds
376.625: [GC [PSYoungGen: 50051K->6605K(51200K)] 90124K->47391K(167936K), 0.0024870 secs] [Times: user=0.02 sys=0.00, real=0.01 secs] 
376.627: Total time for which application threads were stopped: 0.0026540 seconds, Stopping threads took: 0.0000800 seconds
376.639: Application time: 0.0117750 seconds
376.639: [GC [PSYoungGen: 50089K->6572K(51200K)] 90875K->51634K(167936K), 0.0035640 secs] [Times: user=0.02 sys=0.00, real=0.00 secs] 
376.643: Total time for which application threads were stopped: 0.0037300 seconds, Stopping threads took: 0.0000770 seconds
376.699: Application time: 0.0569440 seconds
376.700: [GC [PSYoungGen: 50099K->6668K(51200K)] 95161K->58143K(167936K), 0.0041470 secs] [Times: user=0.03 sys=0.00, real=0.00 secs] 
376.704: Total time for which application threads were stopped: 0.0043280 seconds, Stopping threads took: 0.0000910 seconds
376.720: Application time: 0.0157490 seconds
376.720: [GC [PSYoungGen: 50155K->6604K(51200K)] 101630K->60929K(167936K), 0.0031780 secs] [Times: user=0.03 sys=0.00, real=0.00 secs] 
376.723: Total time for which application threads were stopped: 0.0033650 seconds, Stopping threads took: 0.0000860 seconds
376.737: Application time: 0.0143120 seconds
376.737: [GC [PSYoungGen: 50089K->6637K(51200K)] 104414K->64524K(167936K), 0.0033750 secs] [Times: user=0.02 sys=0.00, real=0.01 secs] 
376.741: Total time for which application threads were stopped: 0.0035530 seconds, Stopping threads took: 0.0000880 seconds
376.825: Application time: 0.0839110 seconds
376.825: [GC [PSYoungGen: 50129K->6604K(51200K)] 108017K->74468K(167936K), 0.0050040 secs] [Times: user=0.03 sys=0.00, real=0.01 secs] 
376.830: Total time for which application threads were stopped: 0.0051550 seconds, Stopping threads took: 0.0000620 seconds
377.008: Application time: 0.1785920 seconds
377.009: [GC [PSYoungGen: 50086K->6636K(51200K)] 117949K->83762K(167936K), 0.0047380 secs] [Times: user=0.04 sys=0.00, real=0.00 secs] 
377.013: Total time for which application threads were stopped: 0.0048900 seconds, Stopping threads took: 0.0000620 seconds
377.052: Application time: 0.0384920 seconds
377.052: [GC [PSYoungGen: 50157K->6700K(51200K)] 127283K->90952K(167936K), 0.0043900 secs] [Times: user=0.03 sys=0.00, real=0.00 secs] 
377.056: Total time for which application threads were stopped: 0.0045710 seconds, Stopping threads took: 0.0000880 seconds
377.073: Application time: 0.0165030 seconds
377.073: [GC [PSYoungGen: 50178K->6733K(51200K)] 134429K->93121K(167936K), 0.0030750 secs] [Times: user=0.02 sys=0.00, real=0.00 secs] 
377.076: Total time for which application threads were stopped: 0.0032580 seconds, Stopping threads took: 0.0000930 seconds
377.089: Application time: 0.0132020 seconds
377.090: [GC [PSYoungGen: 50219K->6701K(51200K)] 136608K->97365K(167936K), 0.0036090 secs] [Times: user=0.03 sys=0.00, real=0.00 secs] 
377.093: Total time for which application threads were stopped: 0.0037860 seconds, Stopping threads took: 0.0000870 seconds
377.238: Application time: 0.1451700 seconds
377.238: [GC [PSYoungGen: 50190K->6764K(51200K)] 140854K->107404K(167936K), 0.0049470 secs] [Times: user=0.03 sys=0.00, real=0.00 secs] 
377.243: Total time for which application threads were stopped: 0.0051150 seconds, Stopping threads took: 0.0000700 seconds
377.271: Application time: 0.0275290 seconds
377.271: [GC [PSYoungGen: 50277K->6764K(51200K)] 150916K->113104K(167936K), 0.0040410 secs] [Times: user=0.02 sys=0.01, real=0.00 secs] 
377.275: [Full GC [PSYoungGen: 6764K->0K(51200K)] [ParOldGen: 106339K->27740K(116736K)] 113104K->27740K(167936K) [PSPermGen: 6111K->6111K(21504K)], 0.0101520 secs] [Times: user=0.06 sys=0.00, real=0.01 secs] 
377.285: Total time for which application threads were stopped: 0.0144170 seconds, Stopping threads took: 0.0000850 seconds
377.304: Application time: 0.0180940 seconds
377.304: [GC [PSYoungGen: 43476K->1649K(51200K)] 71216K->29389K(167936K), 0.0007350 secs] [Times: user=0.00 sys=0.00, real=0.00 secs] 
377.304: Total time for which application threads were stopped: 0.0008760 seconds, Stopping threads took: 0.0000740 seconds
377.317: Application time: 0.0122290 seconds
377.317: [GC [PSYoungGen: 45131K->4467K(51200K)] 72871K->32207K(167936K), 0.0016540 secs] [Times: user=0.01 sys=0.00, real=0.01 secs] 
377.318: Total time for which application threads were stopped: 0.0018270 seconds, Stopping threads took: 0.0000920 seconds
377.477: Application time: 0.1581400 seconds
377.477: [GC [PSYoungGen: 47955K->7157K(51200K)] 75696K->44176K(167936K), 0.0048190 secs] [Times: user=0.04 sys=0.00, real=0.01 secs] 
377.482: Total time for which application threads were stopped: 0.0049720 seconds, Stopping threads took: 0.0000620 seconds
377.589: Application time: 0.1073800 seconds
377.589: [GC [PSYoungGen: 50678K->6540K(51200K)] 87697K->54247K(167936K), 0.0053640 secs] [Times: user=0.04 sys=0.00, real=0.00 secs] 
377.594: Total time for which application threads were stopped: 0.0055450 seconds, Stopping threads took: 0.0000910 seconds
377.612: Application time: 0.0172230 seconds
377.612: [GC [PSYoungGen: 50024K->6540K(51200K)] 97731K->55672K(167936K), 0.0026670 secs] [Times: user=0.01 sys=0.00, real=0.00 secs] 
377.615: Total time for which application threads were stopped: 0.0028240 seconds, Stopping threads took: 0.0000760 seconds
377.630: Application time: 0.0156150 seconds
377.630: [GC [PSYoungGen: 50025K->6604K(51200K)] 99157K->60011K(167936K), 0.0035680 secs] [Times: user=0.03 sys=0.00, real=0.00 secs] 
377.634: Total time for which application threads were stopped: 0.0037570 seconds, Stopping threads took: 0.0001000 seconds
377.699: Application time: 0.0653570 seconds
377.699: [GC [PSYoungGen: 50135K->6652K(51200K)] 103542K->68609K(167936K), 0.0046290 secs] [Times: user=0.03 sys=0.00, real=0.00 secs] 
377.704: Total time for which application threads were stopped: 0.0047900 seconds, Stopping threads took: 0.0000620 seconds
377.720: Application time: 0.0161120 seconds
377.720: [GC [PSYoungGen: 50130K->6636K(51200K)] 112087K->73581K(167936K), 0.0037500 secs] [Times: user=0.03 sys=0.00, real=0.00 secs] 
377.724: Total time for which application threads were stopped: 0.0039420 seconds, Stopping threads took: 0.0001050 seconds
377.743: Application time: 0.0186890 seconds
377.743: [GC [PSYoungGen: 50120K->6588K(51200K)] 117064K->75671K(167936K), 0.0028890 secs] [Times: user=0.01 sys=0.01, real=0.01 secs] 
377.746: Total time for which application threads were stopped: 0.0031850 seconds, Stopping threads took: 0.0002030 seconds
377.783: Application time: 0.0369920 seconds
377.783: [GC [PSYoungGen: 50084K->6604K(51200K)] 119166K->79249K(167936K), 0.0031330 secs] [Times: user=0.02 sys=0.00, real=0.01 secs] 
377.786: Total time for which application threads were stopped: 0.0032780 seconds, Stopping threads took: 0.0000580 seconds
377.972: Application time: 0.1854160 seconds
377.972: [GC [PSYoungGen: 50092K->6620K(51200K)] 122737K->89953K(167936K), 0.0051450 secs] [Times: user=0.04 sys=0.00, real=0.00 secs] 
377.977: Total time for which application threads were stopped: 0.0052990 seconds, Stopping threads took: 0.0000670 seconds
378.167: Application time: 0.1896840 seconds
378.167: [GC [PSYoungGen: 50117K->6700K(51200K)] 133450K->100721K(167936K), 0.0051450 secs] [Times: user=0.03 sys=0.00, real=0.00 secs] 
378.172: Total time for which application threads were stopped: 0.0053040 seconds, Stopping threads took: 0.0000710 seconds
378.361: Application time: 0.1888830 seconds
378.361: [GC [PSYoungGen: 50188K->6732K(51200K)] 144209K->110015K(167936K), 0.0047290 secs] [Times: user=0.04 sys=0.00, real=0.01 secs] 
378.366: [Full GC [PSYoungGen: 6732K->0K(51200K)] [ParOldGen: 103283K->27740K(116736K)] 110015K->27740K(167936K) [PSPermGen: 6111K->6111K(21504K)], 0.0105360 secs] [Times: user=0.05 sys=0.00, real=0.00 secs] 
378.376: Total time for which application threads were stopped: 0.0155030 seconds, Stopping threads took: 0.0000940 seconds
378.588: Application time: 0.2113040 seconds
378.588: [GC [PSYoungGen: 43488K->6476K(51200K)] 71228K->43479K(167936K), 0.0045170 secs] [Times: user=0.03 sys=0.00, real=0.00 secs] 
378.592: Total time for which application threads were stopped: 0.0046730 seconds, Stopping threads took: 0.0000700 seconds
378.766: Application time: 0.1736070 seconds
378.766: [GC [PSYoungGen: 49980K->6604K(51200K)] 86983K->54295K(167936K), 0.0051110 secs] [Times: user=0.04 sys=0.00, real=0.00 secs] 
378.771: Total time for which application threads were stopped: 0.0052540 seconds, Stopping threads took: 0.0000560 seconds
378.943: Application time: 0.1722670 seconds
378.944: [GC [PSYoungGen: 50094K->6636K(51200K)] 97784K->64302K(167936K), 0.0049150 secs] [Times: user=0.03 sys=0.00, real=0.01 secs] 
378.949: Total time for which application threads were stopped: 0.0050810 seconds, Stopping threads took: 0.0000680 seconds
379.126: Application time: 0.1775670 seconds
379.126: [GC [PSYoungGen: 50126K->6668K(51200K)] 107792K->72172K(167936K), 0.0043280 secs] [Times: user=0.03 sys=0.00, real=0.00 secs] 
379.131: Total time for which application threads were stopped: 0.0044670 seconds, Stopping threads took: 0.0000490 seconds
379.292: Application time: 0.1610160 seconds
379.292: [GC [PSYoungGen: 50167K->6668K(51200K)] 115671K->82861K(167936K), 0.0050890 secs] [Times: user=0.04 sys=0.00, real=0.00 secs] 
379.297: Total time for which application threads were stopped: 0.0052540 seconds, Stopping threads took: 0.0000790 seconds
379.458: Application time: 0.1609650 seconds
379.458: [GC [PSYoungGen: 50151K->6669K(51200K)] 126343K->92124K(167936K), 0.0047830 secs] [Times: user=0.04 sys=0.00, real=0.00 secs] 
379.463: Total time for which application threads were stopped: 0.0049570 seconds, Stopping threads took: 0.0000770 seconds
379.634: Application time: 0.1715440 seconds
379.634: [GC [PSYoungGen: 50177K->6669K(51200K)] 135632K->102100K(167936K), 0.0049530 secs] [Times: user=0.04 sys=0.00, real=0.01 secs] 
379.639: Total time for which application threads were stopped: 0.0051200 seconds, Stopping threads took: 0.0000660 seconds
379.799: Application time: 0.1596670 seconds
379.799: [GC [PSYoungGen: 50160K->6637K(51200K)] 145591K->111331K(167936K), 0.0048280 secs] [Times: user=0.03 sys=0.00, real=0.00 secs] 
379.804: [Full GC [PSYoungGen: 6637K->0K(51200K)] [ParOldGen: 104694K->26316K(116736K)] 111331K->26316K(167936K) [PSPermGen: 6111K->6111K(21504K)], 0.0097780 secs] [Times: user=0.05 sys=0.00, real=0.01 secs] 
379.814: Total time for which application threads were stopped: 0.0148090 seconds, Stopping threads took: 0.0000640 seconds
379.973: Application time: 0.1589990 seconds
379.973: [GC [PSYoungGen: 43491K->6477K(51200K)] 69807K->42769K(167936K), 0.0050180 secs] [Times: user=0.04 sys=0.00, real=0.01 secs] 
379.978: Total time for which application threads were stopped: 0.0051900 seconds, Stopping threads took: 0.0000700 seconds
380.137: Application time: 0.1588290 seconds
380.137: [GC [PSYoungGen: 49968K->6541K(51200K)] 86260K->52096K(167936K), 0.0047660 secs] [Times: user=0.03 sys=0.00, real=0.01 secs] 
380.142: Total time for which application threads were stopped: 0.0049320 seconds, Stopping threads took: 0.0000750 seconds
380.177: Application time: 0.0348910 seconds
380.177: [GC [PSYoungGen: 50056K->6541K(51200K)] 95612K->59934K(167936K), 0.0045300 secs] [Times: user=0.03 sys=0.00, real=0.01 secs] 
380.182: Total time for which application threads were stopped: 0.0046960 seconds, Stopping threads took: 0.0000760 seconds
380.199: Application time: 0.0174950 seconds
380.199: [GC [PSYoungGen: 50016K->6637K(51200K)] 103410K->60031K(167936K), 0.0023630 secs] [Times: user=0.02 sys=0.00, real=0.00 secs] 
380.202: Total time for which application threads were stopped: 0.0025300 seconds, Stopping threads took: 0.0000850 seconds
380.214: Application time: 0.0128640 seconds
380.215: [GC [PSYoungGen: 50119K->6605K(51200K)] 103513K->62136K(167936K), 0.0029860 secs] [Times: user=0.02 sys=0.00, real=0.00 secs] 
380.218: Total time for which application threads were stopped: 0.0031510 seconds, Stopping threads took: 0.0000810 seconds
380.329: Application time: 0.1118050 seconds
380.329: [GC [PSYoungGen: 50104K->6637K(51200K)] 105635K->73569K(167936K), 0.0053830 secs] [Times: user=0.04 sys=0.00, real=0.00 secs] 
380.335: Total time for which application threads were stopped: 0.0055420 seconds, Stopping threads took: 0.0000710 seconds
380.496: Application time: 0.1607120 seconds
380.496: [GC [PSYoungGen: 50119K->6605K(51200K)] 117052K->82800K(167936K), 0.0047410 secs] [Times: user=0.03 sys=0.00, real=0.01 secs] 
380.501: Total time for which application threads were stopped: 0.0049330 seconds, Stopping threads took: 0.0000920 seconds
380.578: Application time: 0.0772130 seconds
380.578: [GC [PSYoungGen: 50128K->6637K(51200K)] 126324K->92808K(167936K), 0.0049650 secs] [Times: user=0.04 sys=0.00, real=0.00 secs] 
380.583: Total time for which application threads were stopped: 0.0051150 seconds, Stopping threads took: 0.0000600 seconds
380.598: Application time: 0.0154140 seconds
380.598: [GC [PSYoungGen: 50121K->6637K(51200K)] 136293K->94233K(167936K), 0.0027970 secs] [Times: user=0.01 sys=0.00, real=0.00 secs] 
380.601: Total time for which application threads were stopped: 0.0029680 seconds, Stopping threads took: 0.0000850 seconds
380.620: Application time: 0.0190990 seconds
380.621: [GC [PSYoungGen: 50121K->6637K(51200K)] 137718K->97796K(167936K), 0.0033860 secs] [Times: user=0.03 sys=0.00, real=0.00 secs] 
380.624: Total time for which application threads were stopped: 0.0035690 seconds, Stopping threads took: 0.0000950 seconds
380.697: Application time: 0.0728720 seconds
380.697: [GC [PSYoungGen: 50162K->6668K(51200K)] 141321K->106379K(167936K), 0.0047350 secs] [Times: user=0.03 sys=0.00, real=0.01 secs] 
380.702: Total time for which application threads were stopped: 0.0048950 seconds, Stopping threads took: 0.0000740 seconds
380.720: Application time: 0.0182810 seconds
380.720: [GC [PSYoungGen: 50151K->6700K(51200K)] 149861K->114249K(167936K), 0.0045980 secs] [Times: user=0.03 sys=0.00, real=0.00 secs] 
380.725: [Full GC [PSYoungGen: 6700K->0K(51200K)] [ParOldGen: 107548K->28672K(116736K)] 114249K->28672K(167936K) [PSPermGen: 6111K->6111K(21504K)], 0.0099080 secs] [Times: user=0.06 sys=0.00, real=0.01 secs] 
380.735: Total time for which application threads were stopped: 0.0147380 seconds, Stopping threads took: 0.0000900 seconds
380.753: Application time: 0.0187230 seconds
380.754: [GC [PSYoungGen: 43476K->1617K(51200K)] 72149K->30289K(167936K), 0.0007450 secs] [Times: user=0.00 sys=0.01, real=0.00 secs] 
380.754: Total time for which application threads were stopped: 0.0008910 seconds, Stopping threads took: 0.0000780 seconds
380.766: Application time: 0.0114110 seconds
380.766: [GC [PSYoungGen: 45101K->6541K(51200K)] 73773K->35213K(167936K), 0.0022470 secs] [Times: user=0.02 sys=0.00, real=0.00 secs] 
380.768: Total time for which application threads were stopped: 0.0023980 seconds, Stopping threads took: 0.0000720 seconds
380.843: Application time: 0.0743710 seconds
380.843: [GC [PSYoungGen: 50073K->6636K(51200K)] 78746K->45997K(167936K), 0.0052920 secs] [Times: user=0.04 sys=0.00, real=0.01 secs] 
380.848: Total time for which application threads were stopped: 0.0054850 seconds, Stopping threads took: 0.0001000 seconds
380.864: Application time: 0.0161850 seconds
380.864: [GC [PSYoungGen: 50121K->6636K(51200K)] 89482K->48135K(167936K), 0.0029870 secs] [Times: user=0.03 sys=0.00, real=0.01 secs] 
380.867: Total time for which application threads were stopped: 0.0031610 seconds, Stopping threads took: 0.0000870 seconds
380.883: Application time: 0.0160260 seconds
380.884: [GC [PSYoungGen: 50120K->6637K(51200K)] 91618K->49560K(167936K), 0.0027950 secs] [Times: user=0.02 sys=0.00, real=0.01 secs] 
380.886: Total time for which application threads were stopped: 0.0029690 seconds, Stopping threads took: 0.0000880 seconds
380.973: Application time: 0.0867040 seconds
380.973: [GC [PSYoungGen: 50127K->6572K(51200K)] 93050K->59471K(167936K), 0.0049750 secs] [Times: user=0.04 sys=0.00, real=0.01 secs] 
380.978: Total time for which application threads were stopped: 0.0051320 seconds, Stopping threads took: 0.0000690 seconds
381.156: Application time: 0.1777720 seconds
381.156: [GC [PSYoungGen: 50053K->6604K(51200K)] 102952K->69479K(167936K), 0.0049170 secs] [Times: user=0.04 sys=0.00, real=0.01 secs] 
381.161: Total time for which application threads were stopped: 0.0050830 seconds, Stopping threads took: 0.0000680 seconds
381.215: Application time: 0.0534770 seconds
381.215: [GC [PSYoungGen: 50125K->6636K(51200K)] 112999K->78061K(167936K), 0.0047820 secs] [Times: user=0.03 sys=0.00, real=0.01 secs] 
381.220: Total time for which application threads were stopped: 0.0049710 seconds, Stopping threads took: 0.0000980 seconds
381.235: Application time: 0.0156700 seconds
381.235: [GC [PSYoungGen: 50114K->6636K(51200K)] 121538K->79486K(167936K), 0.0027880 secs] [Times: user=0.02 sys=0.00, real=0.01 secs] 
381.238: Total time for which application threads were stopped: 0.0029530 seconds, Stopping threads took: 0.0000800 seconds
381.251: Application time: 0.0127900 seconds
381.251: [GC [PSYoungGen: 50602K->6716K(51200K)] 123452K->82416K(167936K), 0.0032100 secs] [Times: user=0.02 sys=0.00, real=0.00 secs] 
381.254: Total time for which application threads were stopped: 0.0033820 seconds, Stopping threads took: 0.0000830 seconds
381.278: Application time: 0.0232630 seconds
381.278: [GC [PSYoungGen: 50467K->6732K(51200K)] 126167K->85995K(167936K), 0.0033550 secs] [Times: user=0.03 sys=0.00, real=0.00 secs] 
381.281: Total time for which application threads were stopped: 0.0035310 seconds, Stopping threads took: 0.0000870 seconds
381.297: Application time: 0.0161440 seconds
381.297: [GC [PSYoungGen: 50209K->6668K(51200K)] 129472K->88781K(167936K), 0.0032130 secs] [Times: user=0.03 sys=0.00, real=0.01 secs] 
381.301: Total time for which application threads were stopped: 0.0034090 seconds, Stopping threads took: 0.0001080 seconds
381.314: Application time: 0.0137000 seconds
381.315: [GC [PSYoungGen: 50153K->6652K(51200K)] 132266K->91615K(167936K), 0.0032490 secs] [Times: user=0.02 sys=0.00, real=0.01 secs] 
381.318: Total time for which application threads were stopped: 0.0034160 seconds, Stopping threads took: 0.0000810 seconds
381.444: Application time: 0.1264950 seconds
381.444: [GC [PSYoungGen: 50142K->6668K(51200K)] 135105K->102319K(167936K), 0.0051040 secs] [Times: user=0.04 sys=0.00, real=0.01 secs] 
381.450: Total time for which application threads were stopped: 0.0052590 seconds, Stopping threads took: 0.0000650 seconds
381.569: Application time: 0.1190190 seconds
381.569: [GC [PSYoungGen: 50183K->6732K(51200K)] 145834K->110933K(167936K), 0.0070160 secs] [Times: user=0.05 sys=0.00, real=0.00 secs] 
381.576: [Full GC [PSYoungGen: 6732K->0K(51200K)] [ParOldGen: 104200K->24890K(116736K)] 110933K->24890K(167936K) [PSPermGen: 6111K->6111K(21504K)], 0.0098700 secs] [Times: user=0.05 sys=0.00, real=0.02 secs] 
381.586: Total time for which application threads were stopped: 0.0177400 seconds, Stopping threads took: 0.0007120 seconds
381.602: Application time: 0.0156970 seconds
381.602: [GC [PSYoungGen: 43477K->4307K(51200K)] 68368K->29197K(167936K), 0.0016670 secs] [Times: user=0.01 sys=0.00, real=0.00 secs] 
381.604: Total time for which application threads were stopped: 0.0018160 seconds, Stopping threads took: 0.0000800 seconds
381.622: Application time: 0.0178920 seconds
381.622: [GC [PSYoungGen: 47795K->6540K(51200K)] 72685K->34281K(167936K), 0.0030210 secs] [Times: user=0.02 sys=0.00, real=0.00 secs] 
381.625: Total time for which application threads were stopped: 0.0031770 seconds, Stopping threads took: 0.0000730 seconds
381.701: Application time: 0.0760690 seconds
381.701: [GC [PSYoungGen: 50038K->6540K(51200K)] 77779K->43544K(167936K), 0.0046800 secs] [Times: user=0.03 sys=0.00, real=0.01 secs] 
381.706: Total time for which application threads were stopped: 0.0048350 seconds, Stopping threads took: 0.0000570 seconds
381.848: Application time: 0.1426330 seconds
381.849: [GC [PSYoungGen: 50062K->6540K(51200K)] 87066K->52094K(167936K), 0.0046360 secs] [Times: user=0.03 sys=0.00, real=0.00 secs] 
381.854: Total time for which application threads were stopped: 0.0051230 seconds, Stopping threads took: 0.0003950 seconds
381.870: Application time: 0.0160000 seconds
381.870: [GC [PSYoungGen: 50018K->6668K(51200K)] 95572K->55784K(167936K), 0.0033610 secs] [Times: user=0.02 sys=0.00, real=0.00 secs] 
381.873: Total time for which application threads were stopped: 0.0035290 seconds, Stopping threads took: 0.0000770 seconds
381.892: Application time: 0.0189900 seconds
381.892: [GC [PSYoungGen: 50165K->6669K(51200K)] 99281K->58635K(167936K), 0.0030750 secs] [Times: user=0.03 sys=0.00, real=0.00 secs] 
381.895: Total time for which application threads were stopped: 0.0032150 seconds, Stopping threads took: 0.0000520 seconds
381.937: Application time: 0.0415360 seconds
381.937: [GC [PSYoungGen: 50157K->6572K(51200K)] 102123K->64239K(167936K), 0.0036840 secs] [Times: user=0.03 sys=0.00, real=0.01 secs] 
381.941: Total time for which application threads were stopped: 0.0039120 seconds, Stopping threads took: 0.0001420 seconds
382.134: Application time: 0.1932340 seconds
382.134: [GC [PSYoungGen: 50052K->6636K(51200K)] 107718K->74278K(167936K), 0.0049350 secs] [Times: user=0.04 sys=0.00, real=0.01 secs] 
382.139: Total time for which application threads were stopped: 0.0050910 seconds, Stopping threads took: 0.0000660 seconds
382.332: Application time: 0.1930100 seconds
382.332: [GC [PSYoungGen: 50139K->6700K(51200K)] 117781K->85030K(167936K), 0.0050900 secs] [Times: user=0.03 sys=0.00, real=0.00 secs] 
382.337: Total time for which application threads were stopped: 0.0052720 seconds, Stopping threads took: 0.0000810 seconds
382.544: Application time: 0.2068620 seconds
382.544: [GC [PSYoungGen: 50180K->6700K(51200K)] 128509K->94292K(167936K), 0.0047190 secs] [Times: user=0.03 sys=0.00, real=0.01 secs] 
382.549: Total time for which application threads were stopped: 0.0048850 seconds, Stopping threads took: 0.0000690 seconds
382.731: Application time: 0.1820100 seconds
382.731: [GC [PSYoungGen: 50197K->6700K(51200K)] 137790K->104980K(167936K), 0.0051280 secs] [Times: user=0.04 sys=0.00, real=0.00 secs] 
382.736: Total time for which application threads were stopped: 0.0052810 seconds, Stopping threads took: 0.0000630 seconds
382.906: Application time: 0.1691610 seconds
382.906: [GC [PSYoungGen: 50204K->6684K(51200K)] 148484K->114940K(167936K), 0.0049330 secs] [Times: user=0.04 sys=0.00, real=0.00 secs] 
382.911: [Full GC [PSYoungGen: 6684K->0K(51200K)] [ParOldGen: 108255K->26315K(116736K)] 114940K->26315K(167936K) [PSPermGen: 6111K->6111K(21504K)], 0.0103030 secs] [Times: user=0.05 sys=0.00, real=0.01 secs] 
382.921: Total time for which application threads were stopped: 0.0154630 seconds, Stopping threads took: 0.0000720 seconds
383.129: Application time: 0.2077050 seconds
383.129: [GC [PSYoungGen: 43480K->7125K(51200K)] 69796K->41991K(167936K), 0.0046290 secs] [Times: user=0.03 sys=0.00, real=0.00 secs] 
383.134: Total time for which application threads were stopped: 0.0047740 seconds, Stopping threads took: 0.0000550 seconds
383.306: Application time: 0.1725570 seconds
383.306: [GC [PSYoungGen: 50623K->6540K(51200K)] 85490K->50670K(167936K), 0.0046510 secs] [Times: user=0.04 sys=0.00, real=0.00 secs] 
383.311: Total time for which application threads were stopped: 0.0047960 seconds, Stopping threads took: 0.0000580 seconds
383.453: Application time: 0.1421080 seconds
383.453: [GC [PSYoungGen: 50031K->6572K(51200K)] 94160K->60678K(167936K), 0.0049140 secs] [Times: user=0.04 sys=0.01, real=0.01 secs] 
383.458: Total time for which application threads were stopped: 0.0051060 seconds, Stopping threads took: 0.0000900 seconds
383.610: Application time: 0.1514710 seconds
383.610: [GC [PSYoungGen: 50072K->6637K(51200K)] 104177K->70718K(167936K), 0.0049360 secs] [Times: user=0.03 sys=0.00, real=0.00 secs] 
383.615: Total time for which application threads were stopped: 0.0051050 seconds, Stopping threads took: 0.0000820 seconds
383.780: Application time: 0.1650690 seconds
383.780: [GC [PSYoungGen: 50119K->6637K(51200K)] 114200K->79981K(167936K), 0.0048110 secs] [Times: user=0.04 sys=0.00, real=0.00 secs] 
383.785: Total time for which application threads were stopped: 0.0049660 seconds, Stopping threads took: 0.0000630 seconds
383.947: Application time: 0.1621790 seconds
383.947: [GC [PSYoungGen: 50145K->6669K(51200K)] 123490K->89989K(167936K), 0.0049450 secs] [Times: user=0.04 sys=0.00, real=0.00 secs] 
383.952: Total time for which application threads were stopped: 0.0050960 seconds, Stopping threads took: 0.0000620 seconds
384.108: Application time: 0.1555780 seconds
384.108: [GC [PSYoungGen: 50152K->6669K(51200K)] 133472K->99965K(167936K), 0.0049750 secs] [Times: user=0.04 sys=0.00, real=0.00 secs] 
384.113: Total time for which application threads were stopped: 0.0051410 seconds, Stopping threads took: 0.0000670 seconds
384.224: Application time: 0.1115730 seconds
384.224: Total time for which application threads were stopped: 0.0000920 seconds, Stopping threads took: 0.0000630 seconds
384.272: Application time: 0.0477540 seconds
384.272: [GC [PSYoungGen: 50219K->6669K(51200K)] 143515K->107091K(167936K), 0.0041860 secs] [Times: user=0.02 sys=0.01, real=0.00 secs] 
384.276: Total time for which application threads were stopped: 0.0043400 seconds, Stopping threads took: 0.0000620 seconds
384.434: Application time: 0.1578090 seconds
384.434: [GC [PSYoungGen: 50159K->6669K(51200K)] 150581K->116354K(167936K), 0.0048490 secs] [Times: user=0.03 sys=0.00, real=0.01 secs] 
384.439: [Full GC [PSYoungGen: 6669K->0K(51200K)] [ParOldGen: 109685K->27247K(116736K)] 116354K->27247K(167936K) [PSPermGen: 6111K->6111K(21504K)], 0.0100740 secs] [Times: user=0.06 sys=0.00, real=0.01 secs] 
384.449: Total time for which application threads were stopped: 0.0151220 seconds, Stopping threads took: 0.0000530 seconds
384.612: Application time: 0.1630620 seconds
384.613: [GC [PSYoungGen: 43480K->7125K(51200K)] 70728K->39361K(167936K), 0.0037400 secs] [Times: user=0.03 sys=0.00, real=0.00 secs] 
384.616: Total time for which application threads were stopped: 0.0038850 seconds, Stopping threads took: 0.0000450 seconds
384.658: Application time: 0.0413390 seconds
384.658: Total time for which application threads were stopped: 0.0001030 seconds, Stopping threads took: 0.0000750 seconds
384.776: Application time: 0.1184310 seconds
384.776: [GC [PSYoungGen: 50658K->6476K(51200K)] 82893K->42275K(167936K), 0.0031130 secs] [Times: user=0.02 sys=0.00, real=0.01 secs] 
384.780: Total time for which application threads were stopped: 0.0032900 seconds, Stopping threads took: 0.0000900 seconds
384.934: Application time: 0.1542560 seconds
384.934: [GC [PSYoungGen: 50067K->6604K(51200K)] 85865K->43828K(167936K), 0.0024450 secs] [Times: user=0.01 sys=0.00, real=0.00 secs] 
384.936: Total time for which application threads were stopped: 0.0025700 seconds, Stopping threads took: 0.0000390 seconds
384.964: Application time: 0.0278160 seconds
384.964: Total time for which application threads were stopped: 0.0000700 seconds, Stopping threads took: 0.0000420 seconds
385.100: Application time: 0.1358300 seconds
385.100: Total time for which application threads were stopped: 0.0000630 seconds, Stopping threads took: 0.0000340 seconds
385.193: Application time: 0.0933000 seconds
385.194: [GC [PSYoungGen: 50234K->1585K(51200K)] 87458K->38808K(167936K), 0.0007770 secs] [Times: user=0.00 sys=0.00, real=0.00 secs] 
385.194: Total time for which application threads were stopped: 0.0008660 seconds, Stopping threads took: 0.0000130 seconds
385.427: Application time: 0.2325850 seconds
385.427: Total time for which application threads were stopped: 0.0000410 seconds, Stopping threads took: 0.0000080 seconds
385.427: Application time: 0.0000200 seconds
385.427: Total time for which application threads were stopped: 0.0000080 seconds, Stopping threads took: 0.0000030 seconds
385.667: Application time: 0.2399680 seconds
385.667: Total time for which application threads were stopped: 0.0000350 seconds, Stopping threads took: 0.0000080 seconds
Heap
 PSYoungGen      total 51200K, used 43843K [0x00000000fc680000, 0x00000000fff80000, 0x0000000100000000)
  eden space 44032K, 95% used [0x00000000fc680000,0x00000000fefc4838,0x00000000ff180000)
  from space 7168K, 22% used [0x00000000ff880000,0x00000000ffa0c430,0x00000000fff80000)
  to   space 7168K, 0% used [0x00000000ff180000,0x00000000ff180000,0x00000000ff880000)
 ParOldGen       total 116736K, used 37223K [0x00000000f5400000, 0x00000000fc600000, 0x00000000fc680000)
  object space 116736K, 31% used [0x00000000f5400000,0x00000000f7859d48,0x00000000fc600000)
 PSPermGen       total 21504K, used 13493K [0x00000000f0200000, 0x00000000f1700000, 0x00000000f5400000)
  object space 21504K, 62% used [0x00000000f0200000,0x00000000f0f2d780,0x00000000f1700000)
385.667: Application time: 0.0001680 seconds
