Java HotSpot(TM) 64-Bit Server VM (24.80-b11) for linux-amd64 JRE (1.7.0_80-b15), built on Apr 10 2015 19:53:14 by "java_re" with gcc 4.3.0 20080428 (Red Hat 4.3.0-8)
Memory: 4k page, physical 8000092k(6403844k free), swap 8218620k(8218620k free)
CommandLine flags: -XX:InitialHeapSize=8931328 -XX:MaxHeapSize=8931328 -XX:+PrintGC -XX:+PrintGCApplicationConcurrentTime -XX:+PrintGCApplicationStoppedTime -XX:+PrintGCDetails -XX:+PrintGCTimeStamps -XX:-UseAdaptiveSizePolicy -XX:+UseCompressedOops -XX:+UseParallelGC -XX:+UseParallelOldGC 
0.084: Application time: 0.0638230 seconds
0.084: [GC [PSYoungGen: 2560K->512K(3072K)] 2560K->1103K(9216K), 0.0013990 secs] [Times: user=0.00 sys=0.00, real=0.01 secs] 
0.086: Total time for which application threads were stopped: 0.0014690 seconds, Stopping threads took: 0.0000080 seconds
0.106: Application time: 0.0203320 seconds
0.106: [GC [PSYoungGen: 3060K->512K(3072K)] 3651K->2262K(9216K), 0.0016490 secs] [Times: user=0.01 sys=0.00, real=0.00 secs] 
0.108: Total time for which application threads were stopped: 0.0017150 seconds, Stopping threads took: 0.0000110 seconds
4.026: Application time: 3.9180960 seconds
4.026: Total time for which application threads were stopped: 0.0000800 seconds, Stopping threads took: 0.0000120 seconds
14.588: Application time: 10.5621880 seconds
14.588: Total time for which application threads were stopped: 0.0000330 seconds, Stopping threads took: 0.0000170 seconds
14.588: Application time: 0.0000640 seconds
14.588: Total time for which application threads were stopped: 0.0000240 seconds, Stopping threads took: 0.0000080 seconds
14.590: Application time: 0.0014940 seconds
14.590: Total time for which application threads were stopped: 0.0000240 seconds, Stopping threads took: 0.0000180 seconds
14.599: Application time: 0.0086250 seconds
14.599: [GC [PSYoungGen: 3072K->496K(3072K)] 4822K->3524K(9216K), 0.0015520 secs] [Times: user=0.00 sys=0.00, real=0.00 secs] 
14.600: Total time for which application threads were stopped: 0.0016290 seconds, Stopping threads took: 0.0000090 seconds
14.600: Application time: 0.0000740 seconds
14.600: Total time for which application threads were stopped: 0.0001640 seconds, Stopping threads took: 0.0001370 seconds
14.600: Application time: 0.0000640 seconds
14.601: Total time for which application threads were stopped: 0.0000760 seconds, Stopping threads took: 0.0000600 seconds
14.601: Application time: 0.0000610 seconds
14.601: Total time for which application threads were stopped: 0.0000340 seconds, Stopping threads took: 0.0000260 seconds
14.601: Application time: 0.0000570 seconds
14.601: Total time for which application threads were stopped: 0.0000450 seconds, Stopping threads took: 0.0000390 seconds
14.601: Application time: 0.0000240 seconds
14.601: Total time for which application threads were stopped: 0.0000160 seconds, Stopping threads took: 0.0000090 seconds
14.601: Application time: 0.0000240 seconds
14.601: Total time for which application threads were stopped: 0.0000240 seconds, Stopping threads took: 0.0000170 seconds
14.601: Application time: 0.0000300 seconds
14.601: Total time for which application threads were stopped: 0.0000270 seconds, Stopping threads took: 0.0000200 seconds
14.601: Application time: 0.0000240 seconds
14.601: Total time for which application threads were stopped: 0.0000340 seconds, Stopping threads took: 0.0000200 seconds
14.601: Application time: 0.0000240 seconds
14.601: Total time for which application threads were stopped: 0.0000290 seconds, Stopping threads took: 0.0000220 seconds
14.601: Application time: 0.0000170 seconds
14.601: Total time for which application threads were stopped: 0.0000270 seconds, Stopping threads took: 0.0000200 seconds
14.601: Application time: 0.0001260 seconds
14.601: Total time for which application threads were stopped: 0.0000160 seconds, Stopping threads took: 0.0000080 seconds
14.601: Application time: 0.0000160 seconds
14.601: Total time for which application threads were stopped: 0.0000150 seconds, Stopping threads took: 0.0000080 seconds
14.601: Application time: 0.0000130 seconds
14.601: Total time for which application threads were stopped: 0.0000150 seconds, Stopping threads took: 0.0000090 seconds
14.601: Application time: 0.0000130 seconds
14.601: Total time for which application threads were stopped: 0.0000140 seconds, Stopping threads took: 0.0000080 seconds
14.601: Application time: 0.0000130 seconds
14.601: Total time for which application threads were stopped: 0.0000150 seconds, Stopping threads took: 0.0000080 seconds
14.601: Application time: 0.0000130 seconds
14.601: Total time for which application threads were stopped: 0.0000150 seconds, Stopping threads took: 0.0000090 seconds
14.601: Application time: 0.0000130 seconds
14.601: Total time for which application threads were stopped: 0.0000150 seconds, Stopping threads took: 0.0000090 seconds
14.601: Application time: 0.0000130 seconds
14.601: Total time for which application threads were stopped: 0.0000190 seconds, Stopping threads took: 0.0000120 seconds
14.601: Application time: 0.0000130 seconds
14.601: Total time for which application threads were stopped: 0.0000150 seconds, Stopping threads took: 0.0000090 seconds
14.601: Application time: 0.0000130 seconds
14.602: Total time for which application threads were stopped: 0.0000330 seconds, Stopping threads took: 0.0000080 seconds
14.602: Application time: 0.0000290 seconds
14.602: Total time for which application threads were stopped: 0.0000250 seconds, Stopping threads took: 0.0000170 seconds
14.611: Application time: 0.0099260 seconds
14.612: Total time for which application threads were stopped: 0.0000380 seconds, Stopping threads took: 0.0000080 seconds
14.624: Application time: 0.0120080 seconds
14.624: [GC [PSYoungGen: 1729K->496K(3072K)] 4757K->3747K(9216K), 0.0010690 secs] [Times: user=0.00 sys=0.00, real=0.00 secs] 
14.625: [Full GC [PSYoungGen: 496K->0K(3072K)] [ParOldGen: 3251K->1534K(6144K)] 3747K->1534K(9216K) [PSPermGen: 5075K->5074K(21504K)], 0.0113760 secs] [Times: user=0.04 sys=0.00, real=0.01 secs] 
14.636: Total time for which application threads were stopped: 0.0125440 seconds, Stopping threads took: 0.0000050 seconds
14.636: Application time: 0.0000420 seconds
14.636: [GC [PSYoungGen: 0K->0K(3072K)] 1534K->1534K(9216K), 0.0002390 secs] [Times: user=0.01 sys=0.00, real=0.00 secs] 
14.636: [Full GC [PSYoungGen: 0K->0K(3072K)] [ParOldGen: 1534K->1534K(6144K)] 1534K->1534K(9216K) [PSPermGen: 5074K->5074K(21504K)], 0.0051210 secs] [Times: user=0.02 sys=0.00, real=0.01 secs] 
14.642: Total time for which application threads were stopped: 0.0054420 seconds, Stopping threads took: 0.0000060 seconds
14.642: Application time: 0.0000450 seconds
14.642: Total time for which application threads were stopped: 0.0000250 seconds, Stopping threads took: 0.0000180 seconds
14.642: Application time: 0.0000130 seconds
14.642: Total time for which application threads were stopped: 0.0000160 seconds, Stopping threads took: 0.0000130 seconds
14.642: Application time: 0.0000100 seconds
14.642: Total time for which application threads were stopped: 0.0000120 seconds, Stopping threads took: 0.0000090 seconds
14.642: Application time: 0.0000120 seconds
14.642: Total time for which application threads were stopped: 0.0000150 seconds, Stopping threads took: 0.0000120 seconds
14.642: Application time: 0.0000110 seconds
14.642: Total time for which application threads were stopped: 0.0000180 seconds, Stopping threads took: 0.0000150 seconds
14.642: Application time: 0.0000100 seconds
14.642: Total time for which application threads were stopped: 0.0000170 seconds, Stopping threads took: 0.0000140 seconds
14.642: Application time: 0.0000090 seconds
14.642: Total time for which application threads were stopped: 0.0000150 seconds, Stopping threads took: 0.0000120 seconds
14.642: Application time: 0.0000100 seconds
14.642: Total time for which application threads were stopped: 0.0000170 seconds, Stopping threads took: 0.0000140 seconds
14.642: Application time: 0.0000090 seconds
14.642: Total time for which application threads were stopped: 0.0000140 seconds, Stopping threads took: 0.0000100 seconds
14.642: Application time: 0.0000100 seconds
14.642: Total time for which application threads were stopped: 0.0000120 seconds, Stopping threads took: 0.0000090 seconds
14.642: Application time: 0.0000100 seconds
14.642: Total time for which application threads were stopped: 0.0000060 seconds, Stopping threads took: 0.0000030 seconds
14.642: Application time: 0.0000080 seconds
14.642: Total time for which application threads were stopped: 0.0000080 seconds, Stopping threads took: 0.0000050 seconds
14.642: Application time: 0.0000080 seconds
14.642: Total time for which application threads were stopped: 0.0000120 seconds, Stopping threads took: 0.0000090 seconds
14.642: Application time: 0.0000080 seconds
14.642: Total time for which application threads were stopped: 0.0000110 seconds, Stopping threads took: 0.0000080 seconds
14.642: Application time: 0.0000080 seconds
14.642: Total time for which application threads were stopped: 0.0000140 seconds, Stopping threads took: 0.0000110 seconds
14.642: Application time: 0.0000080 seconds
14.642: Total time for which application threads were stopped: 0.0000130 seconds, Stopping threads took: 0.0000100 seconds
14.642: Application time: 0.0000080 seconds
14.642: Total time for which application threads were stopped: 0.0000130 seconds, Stopping threads took: 0.0000100 seconds
14.642: Application time: 0.0000080 seconds
14.642: Total time for which application threads were stopped: 0.0000140 seconds, Stopping threads took: 0.0000110 seconds
14.642: Application time: 0.0000090 seconds
14.642: Total time for which application threads were stopped: 0.0000070 seconds, Stopping threads took: 0.0000040 seconds
14.642: Application time: 0.0000080 seconds
14.642: Total time for which application threads were stopped: 0.0000200 seconds, Stopping threads took: 0.0000090 seconds
14.645: Application time: 0.0024460 seconds
14.645: Total time for which application threads were stopped: 0.0000110 seconds, Stopping threads took: 0.0000050 seconds
16.330: Application time: 1.6856030 seconds
16.330: Total time for which application threads were stopped: 0.0000880 seconds, Stopping threads took: 0.0000470 seconds
16.364: Application time: 0.0333700 seconds
16.364: [GC [PSYoungGen: 2560K->512K(3072K)] 4094K->2504K(9216K), 0.0010640 secs] [Times: user=0.01 sys=0.00, real=0.00 secs] 
16.365: Total time for which application threads were stopped: 0.0011350 seconds, Stopping threads took: 0.0000080 seconds
16.365: Application time: 0.0000710 seconds
16.365: Total time for which application threads were stopped: 0.0000270 seconds, Stopping threads took: 0.0000180 seconds
16.365: Application time: 0.0000180 seconds
16.365: Total time for which application threads were stopped: 0.0000690 seconds, Stopping threads took: 0.0000590 seconds
16.365: Application time: 0.0000360 seconds
16.365: Total time for which application threads were stopped: 0.0000800 seconds, Stopping threads took: 0.0000750 seconds
16.367: Application time: 0.0018350 seconds
16.367: Total time for which application threads were stopped: 0.0000330 seconds, Stopping threads took: 0.0000030 seconds
16.396: Application time: 0.0286040 seconds
16.396: [GC [PSYoungGen: 3072K->496K(3072K)] 5064K->3214K(9216K), 0.0008830 secs] [Times: user=0.00 sys=0.00, real=0.00 secs] 
16.396: Total time for which application threads were stopped: 0.0009420 seconds, Stopping threads took: 0.0000070 seconds
16.426: Application time: 0.0297230 seconds
16.426: [GC [PSYoungGen: 3056K->491K(3072K)] 5774K->4293K(9216K), 0.0011330 secs] [Times: user=0.00 sys=0.00, real=0.00 secs] 
16.427: Total time for which application threads were stopped: 0.0011960 seconds, Stopping threads took: 0.0000120 seconds
16.479: Application time: 0.0516190 seconds
16.479: [GC [PSYoungGen: 3051K->496K(3072K)] 6853K->5160K(9216K), 0.0016590 secs] [Times: user=0.00 sys=0.00, real=0.00 secs] 
16.481: Total time for which application threads were stopped: 0.0017330 seconds, Stopping threads took: 0.0000080 seconds
16.523: Application time: 0.0417220 seconds
16.523: [GC [PSYoungGen: 3056K->496K(3072K)] 7720K->6549K(9216K), 0.0015090 secs] [Times: user=0.01 sys=0.00, real=0.00 secs] 
16.524: [Full GC [PSYoungGen: 496K->0K(3072K)] [ParOldGen: 6052K->3803K(6144K)] 6549K->3803K(9216K) [PSPermGen: 11594K->11590K(21504K)], 0.0228540 secs] [Times: user=0.10 sys=0.00, real=0.03 secs] 
16.547: Total time for which application threads were stopped: 0.0244940 seconds, Stopping threads took: 0.0000110 seconds
16.547: Application time: 0.0001540 seconds
16.547: Total time for which application threads were stopped: 0.0000420 seconds, Stopping threads took: 0.0000200 seconds
16.547: Application time: 0.0000380 seconds
16.547: Total time for which application threads were stopped: 0.0000180 seconds, Stopping threads took: 0.0000090 seconds
16.547: Application time: 0.0000160 seconds
16.547: Total time for which application threads were stopped: 0.0000200 seconds, Stopping threads took: 0.0000130 seconds
16.592: Application time: 0.0450190 seconds
16.592: [Full GC [PSYoungGen: 2557K->0K(3072K)] [ParOldGen: 5913K->5745K(6144K)] 8470K->5745K(9216K) [PSPermGen: 12551K->12551K(21504K)], 0.0157080 secs] [Times: user=0.08 sys=0.00, real=0.02 secs] 
16.608: Total time for which application threads were stopped: 0.0158090 seconds, Stopping threads took: 0.0000150 seconds
16.608: Application time: 0.0000800 seconds
16.608: Total time for which application threads were stopped: 0.0001250 seconds, Stopping threads took: 0.0000980 seconds
16.608: Application time: 0.0000360 seconds
16.608: Total time for which application threads were stopped: 0.0000190 seconds, Stopping threads took: 0.0000110 seconds
16.608: Application time: 0.0000680 seconds
16.608: Total time for which application threads were stopped: 0.0000170 seconds, Stopping threads took: 0.0000070 seconds
16.615: Application time: 0.0067240 seconds
16.615: [Full GC [PSYoungGen: 2555K->0K(3072K)] [ParOldGen: 5745K->5626K(6144K)] 8300K->5626K(9216K) [PSPermGen: 12551K->12551K(21504K)], 0.0078430 secs] [Times: user=0.03 sys=0.00, real=0.01 secs] 
16.623: Total time for which application threads were stopped: 0.0079190 seconds, Stopping threads took: 0.0000040 seconds
16.629: Application time: 0.0054140 seconds
16.629: [Full GC [PSYoungGen: 2556K->0K(3072K)] [ParOldGen: 5626K->5616K(6144K)] 8183K->5616K(9216K) [PSPermGen: 12551K->12551K(21504K)], 0.0182400 secs] [Times: user=0.10 sys=0.00, real=0.02 secs] 
16.647: Total time for which application threads were stopped: 0.0183130 seconds, Stopping threads took: 0.0000060 seconds
16.659: Application time: 0.0118040 seconds
16.659: [Full GC [PSYoungGen: 2160K->0K(3072K)] [ParOldGen: 5616K->3504K(6656K)] 7776K->3504K(9728K) [PSPermGen: 12554K->12554K(21504K)], 0.0094670 secs] [Times: user=0.04 sys=0.00, real=0.01 secs] 
16.668: Total time for which application threads were stopped: 0.0095520 seconds, Stopping threads took: 0.0000070 seconds
16.668: Application time: 0.0001020 seconds
16.669: Total time for which application threads were stopped: 0.0002390 seconds, Stopping threads took: 0.0002180 seconds
16.669: Application time: 0.0000300 seconds
16.669: Total time for which application threads were stopped: 0.0000220 seconds, Stopping threads took: 0.0000130 seconds
16.669: Application time: 0.0000390 seconds
16.669: Total time for which application threads were stopped: 0.0000160 seconds, Stopping threads took: 0.0000060 seconds
16.679: Application time: 0.0099790 seconds
16.679: [GC-- [PSYoungGen: 2553K->2553K(3072K)] 6057K->8167K(9728K), 0.0009110 secs] [Times: user=0.00 sys=0.00, real=0.00 secs] 
16.680: [Full GC [PSYoungGen: 2553K->0K(3072K)] [ParOldGen: 5614K->5620K(6656K)] 8167K->5620K(9728K) [PSPermGen: 12556K->12556K(21504K)], 0.0097990 secs] [Times: user=0.04 sys=0.00, real=0.01 secs] 
16.689: Total time for which application threads were stopped: 0.0108150 seconds, Stopping threads took: 0.0000050 seconds
16.696: Application time: 0.0063920 seconds
16.696: [Full GC [PSYoungGen: 2559K->0K(3072K)] [ParOldGen: 5620K->5620K(6656K)] 8180K->5620K(9728K) [PSPermGen: 12557K->12557K(21504K)], 0.0175660 secs] [Times: user=0.10 sys=0.00, real=0.02 secs] 
16.714: Total time for which application threads were stopped: 0.0176600 seconds, Stopping threads took: 0.0000070 seconds
16.719: Application time: 0.0053110 seconds
16.719: [Full GC [PSYoungGen: 2553K->0K(3072K)] [ParOldGen: 5620K->5620K(6656K)] 8174K->5620K(9728K) [PSPermGen: 12557K->12557K(21504K)], 0.0082180 secs] [Times: user=0.03 sys=0.00, real=0.01 secs] 
16.727: Total time for which application threads were stopped: 0.0082960 seconds, Stopping threads took: 0.0000070 seconds
16.745: Application time: 0.0177920 seconds
16.745: [Full GC [PSYoungGen: 2560K->0K(3072K)] [ParOldGen: 5620K->3506K(6656K)] 8180K->3506K(9728K) [PSPermGen: 12621K->12621K(21504K)], 0.0095760 secs] [Times: user=0.03 sys=0.00, real=0.01 secs] 
16.755: Total time for which application threads were stopped: 0.0096650 seconds, Stopping threads took: 0.0000090 seconds
16.755: Application time: 0.0000660 seconds
16.755: Total time for which application threads were stopped: 0.0000370 seconds, Stopping threads took: 0.0000190 seconds
16.755: Application time: 0.0000320 seconds
16.755: Total time for which application threads were stopped: 0.0000480 seconds, Stopping threads took: 0.0000390 seconds
16.755: Application time: 0.0000550 seconds
16.755: Total time for which application threads were stopped: 0.0000230 seconds, Stopping threads took: 0.0000150 seconds
16.755: Application time: 0.0000160 seconds
16.755: Total time for which application threads were stopped: 0.0000110 seconds, Stopping threads took: 0.0000040 seconds
16.755: Application time: 0.0000150 seconds
16.755: Total time for which application threads were stopped: 0.0000200 seconds, Stopping threads took: 0.0000140 seconds
16.755: Application time: 0.0000140 seconds
16.755: Total time for which application threads were stopped: 0.0000120 seconds, Stopping threads took: 0.0000060 seconds
16.778: Application time: 0.0226650 seconds
16.778: Total time for which application threads were stopped: 0.0000140 seconds, Stopping threads took: 0.0000060 seconds
Heap
 PSYoungGen      total 3072K, used 1729K [0x00000000ffc80000, 0x0000000100000000, 0x0000000100000000)
  eden space 2560K, 67% used [0x00000000ffc80000,0x00000000ffe307c8,0x00000000fff00000)
  from space 512K, 0% used [0x00000000fff80000,0x00000000fff80000,0x0000000100000000)
  to   space 512K, 0% used [0x00000000fff00000,0x00000000fff00000,0x00000000fff80000)
 ParOldGen       total 6656K, used 3506K [0x00000000ff600000, 0x00000000ffc80000, 0x00000000ffc80000)
  object space 6656K, 52% used [0x00000000ff600000,0x00000000ff96ca78,0x00000000ffc80000)
 PSPermGen       total 21504K, used 12819K [0x00000000fa400000, 0x00000000fb900000, 0x00000000ff600000)
  object space 21504K, 59% used [0x00000000fa400000,0x00000000fb084dd0,0x00000000fb900000)
16.778: Application time: 0.0001480 seconds
