Java HotSpot(TM) 64-Bit Server VM (24.80-b11) for linux-amd64 JRE (1.7.0_80-b15), built on Apr 10 2015 19:53:14 by "java_re" with gcc 4.3.0 20080428 (Red Hat 4.3.0-8)
Memory: 4k page, physical 8000092k(6425280k free), swap 8218620k(8218620k free)
CommandLine flags: -XX:InitialHeapSize=240861184 -XX:MaxHeapSize=240861184 -XX:+PrintGC -XX:+PrintGCApplicationConcurrentTime -XX:+PrintGCApplicationStoppedTime -XX:+PrintGCDetails -XX:+PrintGCTimeStamps -XX:-UseAdaptiveSizePolicy -XX:+UseCompressedOops -XX:+UseParallelGC 
1.010: Application time: 0.9833350 seconds
1.010: Total time for which application threads were stopped: 0.0000380 seconds, Stopping threads took: 0.0000100 seconds
4.032: Application time: 3.0220180 seconds
4.032: Total time for which application threads were stopped: 0.0000620 seconds, Stopping threads took: 0.0000110 seconds
14.620: Application time: 10.5877920 seconds
14.620: Total time for which application threads were stopped: 0.0000220 seconds, Stopping threads took: 0.0000070 seconds
14.620: Application time: 0.0000630 seconds
14.620: Total time for which application threads were stopped: 0.0000230 seconds, Stopping threads took: 0.0000070 seconds
14.621: Application time: 0.0014730 seconds
14.621: Total time for which application threads were stopped: 0.0000100 seconds, Stopping threads took: 0.0000040 seconds
14.640: Application time: 0.0186090 seconds
14.640: Total time for which application threads were stopped: 0.0000360 seconds, Stopping threads took: 0.0000090 seconds
14.652: Application time: 0.0121640 seconds
14.652: [GC [PSYoungGen: 11926K->3311K(69120K)] 11926K->3319K(226304K), 0.0023470 secs] [Times: user=0.01 sys=0.00, real=0.00 secs] 
14.654: [Full GC [PSYoungGen: 3311K->0K(69120K)] [ParOldGen: 8K->3145K(157184K)] 3319K->3145K(226304K) [PSPermGen: 5076K->5074K(21504K)], 0.0116790 secs] [Times: user=0.04 sys=0.00, real=0.01 secs] 
14.666: Total time for which application threads were stopped: 0.0141420 seconds, Stopping threads took: 0.0000050 seconds
14.666: Application time: 0.0000330 seconds
14.666: [GC [PSYoungGen: 0K->0K(69120K)] 3145K->3145K(226304K), 0.0002550 secs] [Times: user=0.00 sys=0.00, real=0.00 secs] 
14.667: [Full GC [PSYoungGen: 0K->0K(69120K)] [ParOldGen: 3145K->3145K(157184K)] 3145K->3145K(226304K) [PSPermGen: 5074K->5074K(21504K)], 0.0038870 secs] [Times: user=0.02 sys=0.00, real=0.01 secs] 
14.670: Total time for which application threads were stopped: 0.0042310 seconds, Stopping threads took: 0.0000070 seconds
14.671: Application time: 0.0000680 seconds
14.671: Total time for which application threads were stopped: 0.0000270 seconds, Stopping threads took: 0.0000170 seconds
14.671: Application time: 0.0000410 seconds
14.671: Total time for which application threads were stopped: 0.0000220 seconds, Stopping threads took: 0.0000160 seconds
14.671: Application time: 0.0000130 seconds
14.671: Total time for which application threads were stopped: 0.0000190 seconds, Stopping threads took: 0.0000140 seconds
14.671: Application time: 0.0000120 seconds
14.671: Total time for which application threads were stopped: 0.0000170 seconds, Stopping threads took: 0.0000130 seconds
14.671: Application time: 0.0000110 seconds
14.671: Total time for which application threads were stopped: 0.0000190 seconds, Stopping threads took: 0.0000140 seconds
14.671: Application time: 0.0000190 seconds
14.671: Total time for which application threads were stopped: 0.0000190 seconds, Stopping threads took: 0.0000130 seconds
14.671: Application time: 0.0000140 seconds
14.671: Total time for which application threads were stopped: 0.0000220 seconds, Stopping threads took: 0.0000170 seconds
14.671: Application time: 0.0000130 seconds
14.671: Total time for which application threads were stopped: 0.0000270 seconds, Stopping threads took: 0.0000220 seconds
14.671: Application time: 0.0000160 seconds
14.671: Total time for which application threads were stopped: 0.0000210 seconds, Stopping threads took: 0.0000170 seconds
14.671: Application time: 0.0000130 seconds
14.671: Total time for which application threads were stopped: 0.0000180 seconds, Stopping threads took: 0.0000130 seconds
14.671: Application time: 0.0000450 seconds
14.671: Total time for which application threads were stopped: 0.0000210 seconds, Stopping threads took: 0.0000160 seconds
14.671: Application time: 0.0000530 seconds
14.671: Total time for which application threads were stopped: 0.0000160 seconds, Stopping threads took: 0.0000110 seconds
14.671: Application time: 0.0000130 seconds
14.671: Total time for which application threads were stopped: 0.0000190 seconds, Stopping threads took: 0.0000140 seconds
14.671: Application time: 0.0000120 seconds
14.671: Total time for which application threads were stopped: 0.0000140 seconds, Stopping threads took: 0.0000090 seconds
14.671: Application time: 0.0000130 seconds
14.671: Total time for which application threads were stopped: 0.0000150 seconds, Stopping threads took: 0.0000100 seconds
14.671: Application time: 0.0000120 seconds
14.671: Total time for which application threads were stopped: 0.0000140 seconds, Stopping threads took: 0.0000100 seconds
14.671: Application time: 0.0000130 seconds
14.671: Total time for which application threads were stopped: 0.0000150 seconds, Stopping threads took: 0.0000110 seconds
14.671: Application time: 0.0000120 seconds
14.671: Total time for which application threads were stopped: 0.0000150 seconds, Stopping threads took: 0.0000100 seconds
14.671: Application time: 0.0000130 seconds
14.671: Total time for which application threads were stopped: 0.0000130 seconds, Stopping threads took: 0.0000090 seconds
14.671: Application time: 0.0000140 seconds
14.671: Total time for which application threads were stopped: 0.0000240 seconds, Stopping threads took: 0.0000110 seconds
14.672: Application time: 0.0003420 seconds
14.672: Total time for which application threads were stopped: 0.0000130 seconds, Stopping threads took: 0.0000060 seconds
14.694: Application time: 0.0222320 seconds
14.694: Total time for which application threads were stopped: 0.0000350 seconds, Stopping threads took: 0.0000220 seconds
14.694: Application time: 0.0000850 seconds
14.694: Total time for which application threads were stopped: 0.0000370 seconds, Stopping threads took: 0.0000210 seconds
14.694: Application time: 0.0000760 seconds
14.694: Total time for which application threads were stopped: 0.0000970 seconds, Stopping threads took: 0.0000840 seconds
14.695: Application time: 0.0009430 seconds
14.695: Total time for which application threads were stopped: 0.0000260 seconds, Stopping threads took: 0.0000160 seconds
14.697: Application time: 0.0018540 seconds
14.697: Total time for which application threads were stopped: 0.0000260 seconds, Stopping threads took: 0.0000170 seconds
14.697: Application time: 0.0001580 seconds
14.697: Total time for which application threads were stopped: 0.0000240 seconds, Stopping threads took: 0.0000170 seconds
14.698: Application time: 0.0009440 seconds
14.698: Total time for which application threads were stopped: 0.0000700 seconds, Stopping threads took: 0.0000260 seconds
14.699: Application time: 0.0008150 seconds
14.699: Total time for which application threads were stopped: 0.0000190 seconds, Stopping threads took: 0.0000130 seconds
14.700: Application time: 0.0005490 seconds
14.700: Total time for which application threads were stopped: 0.0000140 seconds, Stopping threads took: 0.0000080 seconds
14.703: Application time: 0.0037400 seconds
14.703: Total time for which application threads were stopped: 0.0000490 seconds, Stopping threads took: 0.0000200 seconds
14.705: Application time: 0.0017910 seconds
14.705: Total time for which application threads were stopped: 0.0001210 seconds, Stopping threads took: 0.0000100 seconds
14.709: Application time: 0.0036280 seconds
14.709: Total time for which application threads were stopped: 0.0000390 seconds, Stopping threads took: 0.0000250 seconds
14.709: Application time: 0.0001200 seconds
14.709: Total time for which application threads were stopped: 0.0000570 seconds, Stopping threads took: 0.0000470 seconds
14.709: Application time: 0.0000300 seconds
14.709: Total time for which application threads were stopped: 0.0000250 seconds, Stopping threads took: 0.0000170 seconds
14.709: Application time: 0.0000310 seconds
14.709: Total time for which application threads were stopped: 0.0000220 seconds, Stopping threads took: 0.0000160 seconds
14.901: Application time: 0.1912950 seconds
14.903: [GC [PSYoungGen: 59392K->8992K(69120K)] 62537K->19953K(226304K), 0.0050060 secs] [Times: user=0.02 sys=0.01, real=0.01 secs] 
14.908: Total time for which application threads were stopped: 0.0074210 seconds, Stopping threads took: 0.0022890 seconds
14.908: Application time: 0.0001480 seconds
14.909: Total time for which application threads were stopped: 0.0009060 seconds, Stopping threads took: 0.0008850 seconds
14.909: Application time: 0.0000270 seconds
14.909: Total time for which application threads were stopped: 0.0000500 seconds, Stopping threads took: 0.0000390 seconds
14.909: Application time: 0.0000160 seconds
14.909: Total time for which application threads were stopped: 0.0000240 seconds, Stopping threads took: 0.0000160 seconds
14.909: Application time: 0.0000130 seconds
14.909: Total time for which application threads were stopped: 0.0000260 seconds, Stopping threads took: 0.0000180 seconds
14.909: Application time: 0.0000120 seconds
14.909: Total time for which application threads were stopped: 0.0000220 seconds, Stopping threads took: 0.0000130 seconds
14.909: Application time: 0.0000130 seconds
14.909: Total time for which application threads were stopped: 0.0000280 seconds, Stopping threads took: 0.0000210 seconds
14.909: Application time: 0.0000170 seconds
14.909: Total time for which application threads were stopped: 0.0000350 seconds, Stopping threads took: 0.0000250 seconds
14.909: Application time: 0.0000170 seconds
14.909: Total time for which application threads were stopped: 0.0000270 seconds, Stopping threads took: 0.0000200 seconds
14.909: Application time: 0.0000150 seconds
14.910: Total time for which application threads were stopped: 0.0000330 seconds, Stopping threads took: 0.0000250 seconds
14.910: Application time: 0.0000120 seconds
14.910: Total time for which application threads were stopped: 0.0000180 seconds, Stopping threads took: 0.0000130 seconds
14.910: Application time: 0.0000130 seconds
14.910: Total time for which application threads were stopped: 0.0000250 seconds, Stopping threads took: 0.0000190 seconds
14.910: Application time: 0.0000120 seconds
14.910: Total time for which application threads were stopped: 0.0000230 seconds, Stopping threads took: 0.0000140 seconds
14.910: Application time: 0.0000120 seconds
14.910: Total time for which application threads were stopped: 0.0000230 seconds, Stopping threads took: 0.0000170 seconds
14.910: Application time: 0.0000130 seconds
14.911: Total time for which application threads were stopped: 0.0011950 seconds, Stopping threads took: 0.0011840 seconds
14.911: Application time: 0.0000180 seconds
14.911: Total time for which application threads were stopped: 0.0000260 seconds, Stopping threads took: 0.0000180 seconds
14.911: Application time: 0.0000130 seconds
14.911: Total time for which application threads were stopped: 0.0000230 seconds, Stopping threads took: 0.0000170 seconds
14.911: Application time: 0.0000170 seconds
14.911: Total time for which application threads were stopped: 0.0000340 seconds, Stopping threads took: 0.0000230 seconds
14.911: Application time: 0.0000170 seconds
14.911: Total time for which application threads were stopped: 0.0000280 seconds, Stopping threads took: 0.0000210 seconds
14.911: Application time: 0.0000140 seconds
14.911: Total time for which application threads were stopped: 0.0000240 seconds, Stopping threads took: 0.0000170 seconds
14.911: Application time: 0.0000100 seconds
14.911: Total time for which application threads were stopped: 0.0000910 seconds, Stopping threads took: 0.0000230 seconds
14.911: Application time: 0.0000220 seconds
14.911: Total time for which application threads were stopped: 0.0000260 seconds, Stopping threads took: 0.0000190 seconds
14.971: Application time: 0.0601160 seconds
14.971: [GC [PSYoungGen: 66984K->8928K(69120K)] 77945K->51121K(226304K), 0.0098690 secs] [Times: user=0.04 sys=0.03, real=0.01 secs] 
14.981: Total time for which application threads were stopped: 0.0100140 seconds, Stopping threads took: 0.0000580 seconds
15.005: Application time: 0.0240220 seconds
15.006: [GC [PSYoungGen: 66274K->8944K(69120K)] 108467K->90177K(226304K), 0.0135780 secs] [Times: user=0.07 sys=0.05, real=0.02 secs] 
15.019: Total time for which application threads were stopped: 0.0137800 seconds, Stopping threads took: 0.0000960 seconds
15.050: Application time: 0.0312760 seconds
15.051: [GC [PSYoungGen: 61853K->8960K(69120K)] 143087K->113617K(226304K), 0.0095820 secs] [Times: user=0.07 sys=0.02, real=0.01 secs] 
15.061: Total time for which application threads were stopped: 0.0103600 seconds, Stopping threads took: 0.0006910 seconds
15.071: Application time: 0.0100330 seconds
15.072: [GC [PSYoungGen: 63501K->1136K(69120K)] 168159K->152641K(226304K), 0.0130330 secs] [Times: user=0.09 sys=0.01, real=0.01 secs] 
15.085: [Full GC [PSYoungGen: 1136K->0K(69120K)] [ParOldGen: 151505K->96758K(157184K)] 152641K->96758K(226304K) [PSPermGen: 5821K->5797K(21504K)], 0.0265410 secs] [Times: user=0.16 sys=0.01, real=0.03 secs] 
15.112: Total time for which application threads were stopped: 0.0411050 seconds, Stopping threads took: 0.0013910 seconds
15.127: Application time: 0.0152220 seconds
15.127: [GC [PSYoungGen: 59392K->160K(69120K)] 156150K->143766K(226304K), 0.0098940 secs] [Times: user=0.08 sys=0.00, real=0.01 secs] 
15.137: [Full GC [PSYoungGen: 160K->0K(69120K)] [ParOldGen: 143606K->120182K(157184K)] 143766K->120182K(226304K) [PSPermGen: 5798K->5798K(21504K)], 0.0283210 secs] [Times: user=0.20 sys=0.00, real=0.02 secs] 
15.166: Total time for which application threads were stopped: 0.0384110 seconds, Stopping threads took: 0.0000500 seconds
15.203: Application time: 0.0372370 seconds
15.203: [Full GC [PSYoungGen: 59392K->0K(69120K)] [ParOldGen: 120182K->127991K(157184K)] 179574K->127991K(226304K) [PSPermGen: 5807K->5807K(21504K)], 0.0317740 secs] [Times: user=0.23 sys=0.00, real=0.03 secs] 
15.235: Total time for which application threads were stopped: 0.0319550 seconds, Stopping threads took: 0.0000570 seconds
15.254: Application time: 0.0187560 seconds
15.259: [Full GC [PSYoungGen: 52975K->0K(69120K)] [ParOldGen: 127991K->143607K(157184K)] 180967K->143607K(226304K) [PSPermGen: 5807K->5807K(21504K)], 0.0328800 secs] [Times: user=0.22 sys=0.01, real=0.03 secs] 
15.292: Total time for which application threads were stopped: 0.0381540 seconds, Stopping threads took: 0.0051710 seconds
15.293: Application time: 0.0014890 seconds
15.298: [Full GC [PSYoungGen: 32360K->31232K(69120K)] [ParOldGen: 143607K->127990K(157184K)] 175967K->159223K(226304K) [PSPermGen: 5807K->5807K(21504K)], 0.0281560 secs] [Times: user=0.20 sys=0.00, real=0.02 secs] 
15.327: [Full GC [PSYoungGen: 31232K->31232K(69120K)] [ParOldGen: 127990K->126769K(157184K)] 159223K->158002K(226304K) [PSPermGen: 5807K->5768K(21504K)], 0.0334890 secs] [Times: user=0.23 sys=0.00, real=0.04 secs] 
15.360: Total time for which application threads were stopped: 0.0669700 seconds, Stopping threads took: 0.0051700 seconds
15.360: Application time: 0.0000520 seconds
15.360: [Full GC [PSYoungGen: 31330K->31232K(69120K)] [ParOldGen: 126769K->126769K(157184K)] 158099K->158002K(226304K) [PSPermGen: 5768K->5768K(21504K)], 0.0051200 secs] [Times: user=0.02 sys=0.00, real=0.00 secs] 
15.366: [Full GC [PSYoungGen: 31232K->31232K(69120K)] [ParOldGen: 126769K->126769K(157184K)] 158002K->158002K(226304K) [PSPermGen: 5768K->5768K(21504K)], 0.0051320 secs] [Times: user=0.02 sys=0.00, real=0.01 secs] 
15.371: Total time for which application threads were stopped: 0.0104610 seconds, Stopping threads took: 0.0000550 seconds
15.371: Application time: 0.0001420 seconds
15.371: Total time for which application threads were stopped: 0.0000660 seconds, Stopping threads took: 0.0000360 seconds
15.371: Application time: 0.0001740 seconds
15.371: [Full GC [PSYoungGen: 31613K->31238K(69120K)] [ParOldGen: 126769K->126769K(157184K)] 158382K->158008K(226304K) [PSPermGen: 5770K->5770K(21504K)], 0.0240500 secs] [Times: user=0.16 sys=0.00, real=0.03 secs] 
15.395: [Full GC [PSYoungGen: 31238K->31238K(69120K)] [ParOldGen: 126769K->126769K(157184K)] 158008K->158007K(226304K) [PSPermGen: 5770K->5770K(21504K)], 0.0051550 secs] [Times: user=0.02 sys=0.01, real=0.00 secs] 
15.400: Total time for which application threads were stopped: 0.0293550 seconds, Stopping threads took: 0.0000210 seconds
15.400: Application time: 0.0000360 seconds
15.401: [Full GC [PSYoungGen: 31305K->31238K(69120K)] [ParOldGen: 126769K->126769K(157184K)] 158074K->158007K(226304K) [PSPermGen: 5770K->5770K(21504K)], 0.0051200 secs] [Times: user=0.01 sys=0.01, real=0.00 secs] 
15.406: [Full GC [PSYoungGen: 31238K->31238K(69120K)] [ParOldGen: 126769K->126769K(157184K)] 158007K->158007K(226304K) [PSPermGen: 5770K->5770K(21504K)], 0.0051410 secs] [Times: user=0.01 sys=0.00, real=0.01 secs] 
15.411: Total time for which application threads were stopped: 0.0104190 seconds, Stopping threads took: 0.0000270 seconds
15.411: Application time: 0.0001390 seconds
15.411: Total time for which application threads were stopped: 0.0000430 seconds, Stopping threads took: 0.0000230 seconds
15.507: Application time: 0.0956270 seconds
15.507: [Full GC [PSYoungGen: 38620K->31464K(69120K)] [ParOldGen: 126769K->126747K(157184K)] 165389K->158211K(226304K) [PSPermGen: 5834K->5821K(21504K)], 0.0374300 secs] [Times: user=0.25 sys=0.01, real=0.04 secs] 
15.544: [Full GC [PSYoungGen: 31464K->31332K(69120K)] [ParOldGen: 126747K->126725K(157184K)] 158211K->158058K(226304K) [PSPermGen: 5821K->5757K(21504K)], 0.0235700 secs] [Times: user=0.15 sys=0.01, real=0.03 secs] 
15.568: Total time for which application threads were stopped: 0.0612190 seconds, Stopping threads took: 0.0000630 seconds
15.568: Application time: 0.0002240 seconds
15.568: Total time for which application threads were stopped: 0.0000950 seconds, Stopping threads took: 0.0000530 seconds
15.568: Application time: 0.0001100 seconds
15.568: [Full GC [PSYoungGen: 31554K->31312K(69120K)] [ParOldGen: 126725K->126725K(157184K)] 158280K->158038K(226304K) [PSPermGen: 5757K->5757K(21504K)], 0.0053230 secs] [Times: user=0.01 sys=0.00, real=0.00 secs] 
15.574: [Full GC [PSYoungGen: 31312K->31312K(69120K)] [ParOldGen: 126725K->126725K(157184K)] 158038K->158038K(226304K) [PSPermGen: 5757K->5757K(21504K)], 0.0050370 secs] [Times: user=0.02 sys=0.00, real=0.01 secs] 
15.579: Total time for which application threads were stopped: 0.0105130 seconds, Stopping threads took: 0.0000130 seconds
15.591: Application time: 0.0123770 seconds
15.591: [Full GC [PSYoungGen: 34749K->31467K(69120K)] [ParOldGen: 126725K->126713K(157184K)] 161475K->158180K(226304K) [PSPermGen: 5851K->5820K(21504K)], 0.0237330 secs] [Times: user=0.16 sys=0.01, real=0.03 secs] 
15.615: [Full GC [PSYoungGen: 31467K->31374K(69120K)] [ParOldGen: 126713K->126713K(157184K)] 158180K->158087K(226304K) [PSPermGen: 5820K->5783K(21504K)], 0.0053510 secs] [Times: user=0.01 sys=0.01, real=0.00 secs] 
15.621: Total time for which application threads were stopped: 0.0293430 seconds, Stopping threads took: 0.0000840 seconds
15.621: Application time: 0.0000420 seconds
15.621: Total time for which application threads were stopped: 0.0000780 seconds, Stopping threads took: 0.0000390 seconds
15.621: Application time: 0.0001600 seconds
15.621: [Full GC [PSYoungGen: 31511K->31375K(69120K)] [ParOldGen: 126713K->126713K(157184K)] 158224K->158089K(226304K) [PSPermGen: 5783K->5783K(21504K)], 0.0054010 secs] [Times: user=0.01 sys=0.00, real=0.00 secs] 
15.626: [Full GC [PSYoungGen: 31375K->31375K(69120K)] [ParOldGen: 126713K->126713K(157184K)] 158089K->158088K(226304K) [PSPermGen: 5783K->5783K(21504K)], 0.0050710 secs] [Times: user=0.02 sys=0.00, real=0.01 secs] 
15.632: Total time for which application threads were stopped: 0.0106350 seconds, Stopping threads took: 0.0000350 seconds
15.656: Application time: 0.0247000 seconds
15.657: [Full GC [PSYoungGen: 43291K->31476K(69120K)] [ParOldGen: 126713K->126704K(157184K)] 170005K->158180K(226304K) [PSPermGen: 5856K->5821K(21504K)], 0.0230670 secs] [Times: user=0.15 sys=0.00, real=0.02 secs] 
15.680: [Full GC [PSYoungGen: 31476K->31428K(69120K)] [ParOldGen: 126704K->126704K(157184K)] 158180K->158132K(226304K) [PSPermGen: 5821K->5810K(21504K)], 0.0054890 secs] [Times: user=0.02 sys=0.01, real=0.00 secs] 
15.685: Total time for which application threads were stopped: 0.0291670 seconds, Stopping threads took: 0.0004490 seconds
15.685: Application time: 0.0000620 seconds
15.686: Total time for which application threads were stopped: 0.0001090 seconds, Stopping threads took: 0.0000820 seconds
15.686: Application time: 0.0000570 seconds
15.686: [Full GC [PSYoungGen: 31579K->31428K(69120K)] [ParOldGen: 126704K->126704K(157184K)] 158284K->158132K(226304K) [PSPermGen: 5810K->5810K(21504K)], 0.0051080 secs] [Times: user=0.02 sys=0.00, real=0.01 secs] 
15.691: [Full GC [PSYoungGen: 31428K->31428K(69120K)] [ParOldGen: 126704K->126704K(157184K)] 158132K->158132K(226304K) [PSPermGen: 5810K->5810K(21504K)], 0.0058980 secs] [Times: user=0.01 sys=0.00, real=0.01 secs] 
15.697: Total time for which application threads were stopped: 0.0111930 seconds, Stopping threads took: 0.0000430 seconds
15.700: Application time: 0.0032720 seconds
15.700: [Full GC [PSYoungGen: 33696K->31476K(69120K)] [ParOldGen: 126704K->126695K(157184K)] 160400K->158171K(226304K) [PSPermGen: 5828K->5818K(21504K)], 0.0239850 secs] [Times: user=0.16 sys=0.00, real=0.02 secs] 
15.724: [Full GC [PSYoungGen: 31476K->31468K(69120K)] [ParOldGen: 126695K->126695K(157184K)] 158171K->158163K(226304K) [PSPermGen: 5818K->5814K(21504K)], 0.0056610 secs] [Times: user=0.02 sys=0.01, real=0.01 secs] 
15.730: Total time for which application threads were stopped: 0.0298400 seconds, Stopping threads took: 0.0000500 seconds
15.730: Application time: 0.0000570 seconds
15.730: Total time for which application threads were stopped: 0.0000790 seconds, Stopping threads took: 0.0000380 seconds
15.730: Application time: 0.0001390 seconds
15.730: [Full GC [PSYoungGen: 31611K->31468K(69120K)] [ParOldGen: 126695K->126695K(157184K)] 158306K->158163K(226304K) [PSPermGen: 5814K->5814K(21504K)], 0.0051330 secs] [Times: user=0.02 sys=0.00, real=0.01 secs] 
15.735: [Full GC [PSYoungGen: 31468K->31450K(69120K)] [ParOldGen: 126695K->126695K(157184K)] 158163K->158145K(226304K) [PSPermGen: 5814K->5784K(21504K)], 0.0054440 secs] [Times: user=0.02 sys=0.00, real=0.00 secs] 
15.741: Total time for which application threads were stopped: 0.0107300 seconds, Stopping threads took: 0.0000260 seconds
15.756: Application time: 0.0151390 seconds
15.756: Total time for which application threads were stopped: 0.0002030 seconds, Stopping threads took: 0.0001520 seconds
15.774: Application time: 0.0175590 seconds
15.774: [Full GC [PSYoungGen: 59392K->31695K(69120K)] [ParOldGen: 126695K->126685K(157184K)] 186087K->158381K(226304K) [PSPermGen: 5905K->5884K(21504K)], 0.0332670 secs] [Times: user=0.23 sys=0.00, real=0.04 secs] 
15.807: Total time for which application threads were stopped: 0.0334400 seconds, Stopping threads took: 0.0000680 seconds
15.843: Application time: 0.0354490 seconds
15.843: [Full GC [PSYoungGen: 59392K->31630K(69120K)] [ParOldGen: 126685K->126685K(157184K)] 186077K->158316K(226304K) [PSPermGen: 5903K->5903K(21504K)], 0.0058880 secs] [Times: user=0.02 sys=0.01, real=0.01 secs] 
15.849: Total time for which application threads were stopped: 0.0061270 seconds, Stopping threads took: 0.0001210 seconds
15.877: Application time: 0.0281620 seconds
15.877: [Full GC [PSYoungGen: 59392K->31612K(69120K)] [ParOldGen: 126685K->126685K(157184K)] 186077K->158297K(226304K) [PSPermGen: 5930K->5930K(21504K)], 0.0057760 secs] [Times: user=0.02 sys=0.00, real=0.00 secs] 
15.883: Total time for which application threads were stopped: 0.0059480 seconds, Stopping threads took: 0.0000760 seconds
15.915: Application time: 0.0317850 seconds
15.915: [Full GC [PSYoungGen: 59033K->31590K(69120K)] [ParOldGen: 126685K->126685K(157184K)] 185718K->158276K(226304K) [PSPermGen: 5931K->5931K(21504K)], 0.0058170 secs] [Times: user=0.01 sys=0.01, real=0.00 secs] 
15.921: [Full GC [PSYoungGen: 31590K->31516K(69120K)] [ParOldGen: 126685K->126685K(157184K)] 158276K->158201K(226304K) [PSPermGen: 5931K->5874K(21504K)], 0.0055580 secs] [Times: user=0.01 sys=0.01, real=0.00 secs] 
15.926: Total time for which application threads were stopped: 0.0116510 seconds, Stopping threads took: 0.0000880 seconds
15.927: Application time: 0.0001690 seconds
15.927: [Full GC [PSYoungGen: 31835K->31519K(69120K)] [ParOldGen: 126685K->126685K(157184K)] 158520K->158204K(226304K) [PSPermGen: 5874K->5874K(21504K)], 0.0053680 secs] [Times: user=0.02 sys=0.00, real=0.01 secs] 
15.932: [Full GC [PSYoungGen: 31519K->31518K(69120K)] [ParOldGen: 126685K->126685K(157184K)] 158204K->158204K(226304K) [PSPermGen: 5874K->5874K(21504K)], 0.0057620 secs] [Times: user=0.02 sys=0.00, real=0.01 secs] 
15.938: Total time for which application threads were stopped: 0.0113090 seconds, Stopping threads took: 0.0000370 seconds
15.938: Application time: 0.0002250 seconds
15.938: Total time for which application threads were stopped: 0.0000770 seconds, Stopping threads took: 0.0000550 seconds
15.947: Application time: 0.0087830 seconds
15.947: [Full GC [PSYoungGen: 37716K->31568K(69120K)] [ParOldGen: 126685K->126656K(157184K)] 164401K->158224K(226304K) [PSPermGen: 5948K->5932K(21504K)], 0.0234800 secs] [Times: user=0.15 sys=0.00, real=0.02 secs] 
15.971: [Full GC [PSYoungGen: 31568K->31491K(69120K)] [ParOldGen: 126656K->126656K(157184K)] 158224K->158148K(226304K) [PSPermGen: 5932K->5886K(21504K)], 0.0059770 secs] [Times: user=0.03 sys=0.00, real=0.01 secs] 
15.977: Total time for which application threads were stopped: 0.0296410 seconds, Stopping threads took: 0.0000390 seconds
15.977: Application time: 0.0001730 seconds
15.977: [Full GC [PSYoungGen: 31756K->31497K(69120K)] [ParOldGen: 126656K->126656K(157184K)] 158413K->158154K(226304K) [PSPermGen: 5886K->5886K(21504K)], 0.0052430 secs] [Times: user=0.01 sys=0.00, real=0.00 secs] 
15.982: [Full GC [PSYoungGen: 31497K->31497K(69120K)] [ParOldGen: 126656K->126656K(157184K)] 158154K->158153K(226304K) [PSPermGen: 5886K->5886K(21504K)], 0.0054680 secs] [Times: user=0.02 sys=0.00, real=0.01 secs] 
15.988: Total time for which application threads were stopped: 0.0108650 seconds, Stopping threads took: 0.0000230 seconds
15.988: Application time: 0.0002060 seconds
15.988: Total time for which application threads were stopped: 0.0000390 seconds, Stopping threads took: 0.0000200 seconds
15.999: Application time: 0.0106740 seconds
15.999: [Full GC [PSYoungGen: 38510K->31581K(69120K)] [ParOldGen: 126656K->126628K(157184K)] 165167K->158209K(226304K) [PSPermGen: 5946K->5940K(21504K)], 0.0238450 secs] [Times: user=0.16 sys=0.00, real=0.02 secs] 
16.023: [Full GC [PSYoungGen: 31581K->31529K(69120K)] [ParOldGen: 126628K->126628K(157184K)] 158209K->158157K(226304K) [PSPermGen: 5940K->5932K(21504K)], 0.0058260 secs] [Times: user=0.02 sys=0.00, real=0.01 secs] 
16.029: Total time for which application threads were stopped: 0.0298990 seconds, Stopping threads took: 0.0000700 seconds
16.029: Application time: 0.0001840 seconds
16.029: [Full GC [PSYoungGen: 31668K->31471K(69120K)] [ParOldGen: 126628K->126628K(157184K)] 158296K->158099K(226304K) [PSPermGen: 5932K->5932K(21504K)], 0.0055220 secs] [Times: user=0.02 sys=0.00, real=0.00 secs] 
16.034: [Full GC [PSYoungGen: 31471K->31453K(69120K)] [ParOldGen: 126628K->126628K(157184K)] 158099K->158081K(226304K) [PSPermGen: 5932K->5903K(21504K)], 0.0053030 secs] [Times: user=0.02 sys=0.00, real=0.01 secs] 
16.040: Total time for which application threads were stopped: 0.0110030 seconds, Stopping threads took: 0.0000400 seconds
16.050: Application time: 0.0099320 seconds
16.050: [Full GC [PSYoungGen: 37677K->31495K(69120K)] [ParOldGen: 126628K->126599K(157184K)] 164305K->158095K(226304K) [PSPermGen: 5965K->5947K(21504K)], 0.0234950 secs] [Times: user=0.15 sys=0.00, real=0.02 secs] 
16.073: [Full GC [PSYoungGen: 31495K->31424K(69120K)] [ParOldGen: 126599K->126599K(157184K)] 158095K->158023K(226304K) [PSPermGen: 5947K->5898K(21504K)], 0.0058320 secs] [Times: user=0.02 sys=0.00, real=0.01 secs] 
16.079: Total time for which application threads were stopped: 0.0295490 seconds, Stopping threads took: 0.0000550 seconds
16.079: Application time: 0.0001420 seconds
16.079: [Full GC [PSYoungGen: 31555K->31426K(69120K)] [ParOldGen: 126599K->126599K(157184K)] 158155K->158026K(226304K) [PSPermGen: 5899K->5899K(21504K)], 0.0052810 secs] [Times: user=0.01 sys=0.00, real=0.00 secs] 
16.085: [Full GC [PSYoungGen: 31426K->31426K(69120K)] [ParOldGen: 126599K->126599K(157184K)] 158026K->158025K(226304K) [PSPermGen: 5899K->5899K(21504K)], 0.0058680 secs] [Times: user=0.02 sys=0.00, real=0.01 secs] 
16.091: Total time for which application threads were stopped: 0.0113470 seconds, Stopping threads took: 0.0000600 seconds
16.091: Application time: 0.0002380 seconds
16.091: Total time for which application threads were stopped: 0.0000690 seconds, Stopping threads took: 0.0000490 seconds
16.103: Application time: 0.0121600 seconds
16.103: [Full GC [PSYoungGen: 39501K->31563K(69120K)] [ParOldGen: 126599K->126570K(157184K)] 166101K->158134K(226304K) [PSPermGen: 5965K->5951K(21504K)], 0.0242680 secs] [Times: user=0.16 sys=0.00, real=0.03 secs] 
16.128: [Full GC [PSYoungGen: 31563K->31504K(69120K)] [ParOldGen: 126570K->126570K(157184K)] 158134K->158075K(226304K) [PSPermGen: 5951K->5935K(21504K)], 0.0062780 secs] [Times: user=0.02 sys=0.00, real=0.00 secs] 
16.134: Total time for which application threads were stopped: 0.0307190 seconds, Stopping threads took: 0.0000300 seconds
16.134: Application time: 0.0001210 seconds
16.134: [Full GC [PSYoungGen: 31596K->31505K(69120K)] [ParOldGen: 126570K->126570K(157184K)] 158167K->158076K(226304K) [PSPermGen: 5936K->5936K(21504K)], 0.0056770 secs] [Times: user=0.02 sys=0.00, real=0.01 secs] 
16.140: [Full GC [PSYoungGen: 31505K->31505K(69120K)] [ParOldGen: 126570K->126570K(157184K)] 158076K->158076K(226304K) [PSPermGen: 5936K->5936K(21504K)], 0.0055130 secs] [Times: user=0.02 sys=0.00, real=0.00 secs] 
16.145: Total time for which application threads were stopped: 0.0114330 seconds, Stopping threads took: 0.0001140 seconds
16.146: Application time: 0.0002850 seconds
16.146: Total time for which application threads were stopped: 0.0000440 seconds, Stopping threads took: 0.0000260 seconds
16.149: Application time: 0.0034910 seconds
16.149: [Full GC [PSYoungGen: 33294K->31496K(69120K)] [ParOldGen: 126570K->126542K(157184K)] 159865K->158039K(226304K) [PSPermGen: 5955K->5952K(21504K)], 0.0248560 secs] [Times: user=0.17 sys=0.00, real=0.02 secs] 
16.174: [Full GC [PSYoungGen: 31496K->31470K(69120K)] [ParOldGen: 126542K->126542K(157184K)] 158039K->158012K(226304K) [PSPermGen: 5952K->5947K(21504K)], 0.0059090 secs] [Times: user=0.03 sys=0.00, real=0.01 secs] 
16.180: Total time for which application threads were stopped: 0.0309110 seconds, Stopping threads took: 0.0000140 seconds
16.180: Application time: 0.0001360 seconds
16.180: [Full GC [PSYoungGen: 31532K->31409K(69120K)] [ParOldGen: 126542K->126542K(157184K)] 158074K->157951K(226304K) [PSPermGen: 5947K->5947K(21504K)], 0.0056480 secs] [Times: user=0.02 sys=0.00, real=0.00 secs] 
16.186: [Full GC [PSYoungGen: 31409K->31388K(69120K)] [ParOldGen: 126542K->126542K(157184K)] 157951K->157931K(226304K) [PSPermGen: 5947K->5910K(21504K)], 0.0055820 secs] [Times: user=0.01 sys=0.00, real=0.01 secs] 
16.192: Total time for which application threads were stopped: 0.0114060 seconds, Stopping threads took: 0.0000210 seconds
16.192: Application time: 0.0002380 seconds
16.192: Total time for which application threads were stopped: 0.0000550 seconds, Stopping threads took: 0.0000280 seconds
16.261: Application time: 0.0693850 seconds
16.261: [Full GC [PSYoungGen: 59392K->31391K(69120K)] [ParOldGen: 126542K->126513K(157184K)] 185934K->157905K(226304K) [PSPermGen: 5967K->5961K(21504K)], 0.0249180 secs] [Times: user=0.17 sys=0.00, real=0.02 secs] 
16.286: Total time for which application threads were stopped: 0.0250540 seconds, Stopping threads took: 0.0000210 seconds
16.320: Application time: 0.0335530 seconds
16.320: [Full GC [PSYoungGen: 59392K->31423K(69120K)] [ParOldGen: 126513K->126513K(157184K)] 185905K->157937K(226304K) [PSPermGen: 5964K->5964K(21504K)], 0.0117790 secs] [Times: user=0.06 sys=0.00, real=0.01 secs] 
16.332: Total time for which application threads were stopped: 0.0119160 seconds, Stopping threads took: 0.0000190 seconds
16.352: Application time: 0.0202240 seconds
16.352: [Full GC [PSYoungGen: 59392K->31399K(69120K)] [ParOldGen: 126513K->126513K(157184K)] 185905K->157913K(226304K) [PSPermGen: 5966K->5965K(21504K)], 0.0062190 secs] [Times: user=0.02 sys=0.00, real=0.01 secs] 
16.358: Total time for which application threads were stopped: 0.0063390 seconds, Stopping threads took: 0.0000120 seconds
16.377: Application time: 0.0183460 seconds
16.377: [Full GC [PSYoungGen: 59392K->31454K(69120K)] [ParOldGen: 126513K->126513K(157184K)] 185905K->157968K(226304K) [PSPermGen: 5966K->5966K(21504K)], 0.0063700 secs] [Times: user=0.02 sys=0.00, real=0.00 secs] 
16.383: Total time for which application threads were stopped: 0.0064650 seconds, Stopping threads took: 0.0000110 seconds
16.401: Application time: 0.0181840 seconds
16.402: [Full GC [PSYoungGen: 59392K->31396K(69120K)] [ParOldGen: 126513K->126513K(157184K)] 185905K->157910K(226304K) [PSPermGen: 5966K->5966K(21504K)], 0.0059460 secs] [Times: user=0.02 sys=0.00, real=0.01 secs] 
16.408: Total time for which application threads were stopped: 0.0060650 seconds, Stopping threads took: 0.0000290 seconds
16.426: Application time: 0.0183020 seconds
16.426: [Full GC [PSYoungGen: 59392K->31431K(69120K)] [ParOldGen: 126513K->126513K(157184K)] 185905K->157945K(226304K) [PSPermGen: 5967K->5967K(21504K)], 0.0063830 secs] [Times: user=0.02 sys=0.00, real=0.01 secs] 
16.432: Total time for which application threads were stopped: 0.0065100 seconds, Stopping threads took: 0.0000370 seconds
16.451: Application time: 0.0187940 seconds
16.451: [Full GC [PSYoungGen: 59392K->31433K(69120K)] [ParOldGen: 126513K->126513K(157184K)] 185905K->157947K(226304K) [PSPermGen: 5967K->5967K(21504K)], 0.0061690 secs] [Times: user=0.02 sys=0.00, real=0.01 secs] 
16.457: Total time for which application threads were stopped: 0.0062770 seconds, Stopping threads took: 0.0000140 seconds
16.474: Application time: 0.0168140 seconds
16.474: [Full GC [PSYoungGen: 59392K->31436K(69120K)] [ParOldGen: 126513K->126513K(157184K)] 185905K->157950K(226304K) [PSPermGen: 5969K->5969K(21504K)], 0.0062430 secs] [Times: user=0.02 sys=0.00, real=0.01 secs] 
16.481: Total time for which application threads were stopped: 0.0063720 seconds, Stopping threads took: 0.0000300 seconds
16.497: Application time: 0.0167010 seconds
16.497: [Full GC [PSYoungGen: 59392K->31391K(69120K)] [ParOldGen: 126513K->126513K(157184K)] 185905K->157904K(226304K) [PSPermGen: 5969K->5969K(21504K)], 0.0062190 secs] [Times: user=0.02 sys=0.00, real=0.00 secs] 
16.504: Total time for which application threads were stopped: 0.0063300 seconds, Stopping threads took: 0.0000180 seconds
16.522: Application time: 0.0181570 seconds
16.522: [Full GC [PSYoungGen: 59392K->31371K(69120K)] [ParOldGen: 126513K->126513K(157184K)] 185905K->157885K(226304K) [PSPermGen: 5970K->5970K(21504K)], 0.0064110 secs] [Times: user=0.02 sys=0.00, real=0.01 secs] 
16.528: Total time for which application threads were stopped: 0.0065760 seconds, Stopping threads took: 0.0000540 seconds
16.556: Application time: 0.0280220 seconds
16.557: [Full GC [PSYoungGen: 59392K->31385K(69120K)] [ParOldGen: 126513K->126513K(157184K)] 185905K->157899K(226304K) [PSPermGen: 5970K->5970K(21504K)], 0.0064320 secs] [Times: user=0.02 sys=0.00, real=0.00 secs] 
16.563: Total time for which application threads were stopped: 0.0066130 seconds, Stopping threads took: 0.0000700 seconds
16.580: Application time: 0.0164800 seconds
16.580: [Full GC [PSYoungGen: 59392K->31416K(69120K)] [ParOldGen: 126513K->126513K(157184K)] 185905K->157930K(226304K) [PSPermGen: 5978K->5978K(21504K)], 0.0061970 secs] [Times: user=0.02 sys=0.00, real=0.00 secs] 
16.586: Total time for which application threads were stopped: 0.0063130 seconds, Stopping threads took: 0.0000140 seconds
16.602: Application time: 0.0164010 seconds
16.602: [Full GC [PSYoungGen: 59392K->31437K(69120K)] [ParOldGen: 126513K->126513K(157184K)] 185905K->157951K(226304K) [PSPermGen: 5978K->5978K(21504K)], 0.0064100 secs] [Times: user=0.02 sys=0.00, real=0.01 secs] 
16.609: Total time for which application threads were stopped: 0.0065610 seconds, Stopping threads took: 0.0000430 seconds
16.641: Application time: 0.0323130 seconds
16.641: [Full GC [PSYoungGen: 59392K->31367K(69120K)] [ParOldGen: 126513K->126495K(157184K)] 185905K->157862K(226304K) [PSPermGen: 5989K->5989K(21504K)], 0.0241020 secs] [Times: user=0.16 sys=0.00, real=0.02 secs] 
16.665: Total time for which application threads were stopped: 0.0242380 seconds, Stopping threads took: 0.0000270 seconds
16.709: Application time: 0.0435780 seconds
16.709: [Full GC [PSYoungGen: 59392K->31367K(69120K)] [ParOldGen: 126495K->126495K(157184K)] 185887K->157862K(226304K) [PSPermGen: 5990K->5990K(21504K)], 0.0061350 secs] [Times: user=0.02 sys=0.00, real=0.01 secs] 
16.715: Total time for which application threads were stopped: 0.0062730 seconds, Stopping threads took: 0.0000320 seconds
16.764: Application time: 0.0485220 seconds
16.764: [Full GC [PSYoungGen: 59392K->31469K(69120K)] [ParOldGen: 126495K->126495K(157184K)] 185887K->157965K(226304K) [PSPermGen: 5990K->5990K(21504K)], 0.0065940 secs] [Times: user=0.02 sys=0.00, real=0.01 secs] 
16.770: Total time for which application threads were stopped: 0.0067230 seconds, Stopping threads took: 0.0000130 seconds
16.788: Application time: 0.0174170 seconds
16.788: [Full GC [PSYoungGen: 59392K->31467K(69120K)] [ParOldGen: 126495K->126495K(157184K)] 185887K->157963K(226304K) [PSPermGen: 5990K->5990K(21504K)], 0.0064940 secs] [Times: user=0.02 sys=0.00, real=0.00 secs] 
16.794: Total time for which application threads were stopped: 0.0066180 seconds, Stopping threads took: 0.0000300 seconds
16.812: Application time: 0.0177020 seconds
16.812: [Full GC [PSYoungGen: 59392K->31424K(69120K)] [ParOldGen: 126495K->126495K(157184K)] 185887K->157920K(226304K) [PSPermGen: 5990K->5990K(21504K)], 0.0064180 secs] [Times: user=0.02 sys=0.00, real=0.01 secs] 
16.819: Total time for which application threads were stopped: 0.0065460 seconds, Stopping threads took: 0.0000340 seconds
16.836: Application time: 0.0175100 seconds
16.836: [Full GC [PSYoungGen: 59392K->31475K(69120K)] [ParOldGen: 126495K->126495K(157184K)] 185887K->157970K(226304K) [PSPermGen: 5990K->5990K(21504K)], 0.0066440 secs] [Times: user=0.02 sys=0.00, real=0.00 secs] 
16.843: Total time for which application threads were stopped: 0.0067460 seconds, Stopping threads took: 0.0000120 seconds
16.859: Application time: 0.0164870 seconds
16.860: [Full GC [PSYoungGen: 59392K->31513K(69120K)] [ParOldGen: 126495K->126495K(157184K)] 185887K->158008K(226304K) [PSPermGen: 5990K->5990K(21504K)], 0.0068290 secs] [Times: user=0.03 sys=0.00, real=0.00 secs] 
16.866: Total time for which application threads were stopped: 0.0069400 seconds, Stopping threads took: 0.0000130 seconds
16.883: Application time: 0.0170080 seconds
16.884: [Full GC [PSYoungGen: 59392K->31425K(69120K)] [ParOldGen: 126495K->126495K(157184K)] 185887K->157920K(226304K) [PSPermGen: 5990K->5990K(21504K)], 0.0064430 secs] [Times: user=0.02 sys=0.00, real=0.01 secs] 
16.890: Total time for which application threads were stopped: 0.0066100 seconds, Stopping threads took: 0.0000480 seconds
16.906: Application time: 0.0164190 seconds
16.907: [Full GC [PSYoungGen: 59392K->31492K(69120K)] [ParOldGen: 126495K->126495K(157184K)] 185887K->157987K(226304K) [PSPermGen: 5990K->5990K(21504K)], 0.0071200 secs] [Times: user=0.02 sys=0.00, real=0.01 secs] 
16.914: Total time for which application threads were stopped: 0.0072330 seconds, Stopping threads took: 0.0000140 seconds
16.931: Application time: 0.0170000 seconds
16.931: [Full GC [PSYoungGen: 59392K->31505K(69120K)] [ParOldGen: 126495K->126495K(157184K)] 185887K->158001K(226304K) [PSPermGen: 5990K->5990K(21504K)], 0.0065350 secs] [Times: user=0.03 sys=0.00, real=0.01 secs] 
16.937: Total time for which application threads were stopped: 0.0066590 seconds, Stopping threads took: 0.0000170 seconds
16.954: Application time: 0.0163740 seconds
16.954: [Full GC [PSYoungGen: 59392K->31468K(69120K)] [ParOldGen: 126495K->126495K(157184K)] 185887K->157963K(226304K) [PSPermGen: 5990K->5990K(21504K)], 0.0061970 secs] [Times: user=0.02 sys=0.00, real=0.01 secs] 
16.960: Total time for which application threads were stopped: 0.0063100 seconds, Stopping threads took: 0.0000160 seconds
16.976: Application time: 0.0164470 seconds
16.977: [Full GC [PSYoungGen: 59392K->31467K(69120K)] [ParOldGen: 126495K->126495K(157184K)] 185887K->157962K(226304K) [PSPermGen: 6014K->6014K(21504K)], 0.0071220 secs] [Times: user=0.03 sys=0.00, real=0.00 secs] 
16.984: Total time for which application threads were stopped: 0.0072410 seconds, Stopping threads took: 0.0000210 seconds
17.000: Application time: 0.0165520 seconds
17.000: [Full GC [PSYoungGen: 59392K->31464K(69120K)] [ParOldGen: 126495K->126495K(157184K)] 185887K->157960K(226304K) [PSPermGen: 6020K->6020K(21504K)], 0.0060780 secs] [Times: user=0.02 sys=0.00, real=0.00 secs] 
17.006: Total time for which application threads were stopped: 0.0061910 seconds, Stopping threads took: 0.0000210 seconds
17.023: Application time: 0.0165540 seconds
17.023: [Full GC [PSYoungGen: 59392K->31428K(69120K)] [ParOldGen: 126495K->126495K(157184K)] 185887K->157924K(226304K) [PSPermGen: 6020K->6020K(21504K)], 0.0062840 secs] [Times: user=0.02 sys=0.00, real=0.01 secs] 
17.029: Total time for which application threads were stopped: 0.0064070 seconds, Stopping threads took: 0.0000280 seconds
17.047: Application time: 0.0172170 seconds
17.047: [Full GC [PSYoungGen: 59392K->31479K(69120K)] [ParOldGen: 126495K->126495K(157184K)] 185887K->157975K(226304K) [PSPermGen: 6020K->6020K(21504K)], 0.0062950 secs] [Times: user=0.02 sys=0.00, real=0.01 secs] 
17.053: Total time for which application threads were stopped: 0.0064430 seconds, Stopping threads took: 0.0000430 seconds
17.070: Application time: 0.0171290 seconds
17.070: [Full GC [PSYoungGen: 59392K->31455K(69120K)] [ParOldGen: 126495K->126495K(157184K)] 185887K->157951K(226304K) [PSPermGen: 6020K->6020K(21504K)], 0.0062220 secs] [Times: user=0.02 sys=0.00, real=0.01 secs] 
17.077: Total time for which application threads were stopped: 0.0063370 seconds, Stopping threads took: 0.0000190 seconds
17.114: Application time: 0.0371070 seconds
17.114: [Full GC [PSYoungGen: 59392K->31369K(69120K)] [ParOldGen: 126495K->126495K(157184K)] 185887K->157864K(226304K) [PSPermGen: 6020K->6020K(21504K)], 0.0059060 secs] [Times: user=0.02 sys=0.00, real=0.01 secs] 
17.120: Total time for which application threads were stopped: 0.0060390 seconds, Stopping threads took: 0.0000350 seconds
17.162: Application time: 0.0425430 seconds
17.162: [Full GC [PSYoungGen: 59392K->31369K(69120K)] [ParOldGen: 126495K->126495K(157184K)] 185887K->157864K(226304K) [PSPermGen: 6021K->6021K(21504K)], 0.0064190 secs] [Times: user=0.02 sys=0.00, real=0.01 secs] 
17.169: Total time for which application threads were stopped: 0.0065440 seconds, Stopping threads took: 0.0000280 seconds
17.188: Application time: 0.0190010 seconds
17.188: [Full GC [PSYoungGen: 59392K->31445K(69120K)] [ParOldGen: 126495K->126495K(157184K)] 185887K->157941K(226304K) [PSPermGen: 6021K->6021K(21504K)], 0.0063300 secs] [Times: user=0.02 sys=0.00, real=0.00 secs] 
17.194: Total time for which application threads were stopped: 0.0064380 seconds, Stopping threads took: 0.0000130 seconds
17.211: Application time: 0.0167700 seconds
17.211: [Full GC [PSYoungGen: 59392K->31486K(69120K)] [ParOldGen: 126495K->126495K(157184K)] 185887K->157982K(226304K) [PSPermGen: 6021K->6021K(21504K)], 0.0061720 secs] [Times: user=0.02 sys=0.00, real=0.01 secs] 
17.217: Total time for which application threads were stopped: 0.0062940 seconds, Stopping threads took: 0.0000140 seconds
17.234: Application time: 0.0169950 seconds
17.234: [Full GC [PSYoungGen: 59392K->31503K(69120K)] [ParOldGen: 126495K->126495K(157184K)] 185887K->157999K(226304K) [PSPermGen: 6022K->6022K(21504K)], 0.0066940 secs] [Times: user=0.02 sys=0.00, real=0.01 secs] 
17.241: Total time for which application threads were stopped: 0.0068080 seconds, Stopping threads took: 0.0000180 seconds
17.257: Application time: 0.0163670 seconds
17.258: [Full GC [PSYoungGen: 59392K->31465K(69120K)] [ParOldGen: 126495K->126495K(157184K)] 185887K->157961K(226304K) [PSPermGen: 6022K->6022K(21504K)], 0.0062370 secs] [Times: user=0.03 sys=0.00, real=0.00 secs] 
17.264: Total time for which application threads were stopped: 0.0063450 seconds, Stopping threads took: 0.0000120 seconds
17.281: Application time: 0.0169400 seconds
17.281: [Full GC [PSYoungGen: 59392K->31413K(69120K)] [ParOldGen: 126495K->126495K(157184K)] 185887K->157908K(226304K) [PSPermGen: 6022K->6022K(21504K)], 0.0060430 secs] [Times: user=0.02 sys=0.00, real=0.01 secs] 
17.287: Total time for which application threads were stopped: 0.0061560 seconds, Stopping threads took: 0.0000210 seconds
17.304: Application time: 0.0166230 seconds
17.304: [Full GC [PSYoungGen: 59392K->31461K(69120K)] [ParOldGen: 126495K->126495K(157184K)] 185887K->157956K(226304K) [PSPermGen: 6023K->6023K(21504K)], 0.0060040 secs] [Times: user=0.02 sys=0.00, real=0.01 secs] 
17.310: Total time for which application threads were stopped: 0.0061170 seconds, Stopping threads took: 0.0000200 seconds
17.326: Application time: 0.0167200 seconds
17.326: [Full GC [PSYoungGen: 59392K->31431K(69120K)] [ParOldGen: 126495K->126495K(157184K)] 185887K->157926K(226304K) [PSPermGen: 6023K->6023K(21504K)], 0.0063350 secs] [Times: user=0.02 sys=0.00, real=0.01 secs] 
17.333: Total time for which application threads were stopped: 0.0064600 seconds, Stopping threads took: 0.0000330 seconds
17.349: Application time: 0.0159280 seconds
17.349: [Full GC [PSYoungGen: 59392K->31478K(69120K)] [ParOldGen: 126495K->126495K(157184K)] 185887K->157973K(226304K) [PSPermGen: 6023K->6023K(21504K)], 0.0061820 secs] [Times: user=0.03 sys=0.00, real=0.01 secs] 
17.355: Total time for which application threads were stopped: 0.0062940 seconds, Stopping threads took: 0.0000170 seconds
17.383: Application time: 0.0277730 seconds
17.383: [Full GC [PSYoungGen: 59392K->31454K(69120K)] [ParOldGen: 126495K->126495K(157184K)] 185887K->157949K(226304K) [PSPermGen: 6023K->6023K(21504K)], 0.0061830 secs] [Times: user=0.03 sys=0.00, real=0.01 secs] 
17.389: Total time for which application threads were stopped: 0.0062980 seconds, Stopping threads took: 0.0000130 seconds
17.405: Application time: 0.0161080 seconds
17.405: [Full GC [PSYoungGen: 59392K->31420K(69120K)] [ParOldGen: 126495K->126495K(157184K)] 185887K->157915K(226304K) [PSPermGen: 6023K->6023K(21504K)], 0.0060270 secs] [Times: user=0.02 sys=0.00, real=0.01 secs] 
17.411: Total time for which application threads were stopped: 0.0061420 seconds, Stopping threads took: 0.0000160 seconds
17.427: Application time: 0.0155320 seconds
17.427: [Full GC [PSYoungGen: 59392K->31476K(69120K)] [ParOldGen: 126495K->126495K(157184K)] 185887K->157972K(226304K) [PSPermGen: 6023K->6023K(21504K)], 0.0069520 secs] [Times: user=0.02 sys=0.00, real=0.00 secs] 
17.434: Total time for which application threads were stopped: 0.0070600 seconds, Stopping threads took: 0.0000180 seconds
17.450: Application time: 0.0158870 seconds
17.450: [Full GC [PSYoungGen: 59392K->31447K(69120K)] [ParOldGen: 126495K->126495K(157184K)] 185887K->157943K(226304K) [PSPermGen: 6023K->6023K(21504K)], 0.0067020 secs] [Times: user=0.03 sys=0.00, real=0.01 secs] 
17.457: Total time for which application threads were stopped: 0.0068870 seconds, Stopping threads took: 0.0000740 seconds
17.472: Application time: 0.0153830 seconds
17.472: [Full GC [PSYoungGen: 59392K->31496K(69120K)] [ParOldGen: 126495K->126495K(157184K)] 185887K->157991K(226304K) [PSPermGen: 6023K->6023K(21504K)], 0.0064600 secs] [Times: user=0.02 sys=0.00, real=0.01 secs] 
17.479: Total time for which application threads were stopped: 0.0065930 seconds, Stopping threads took: 0.0000270 seconds
17.493: Application time: 0.0142440 seconds
17.493: Total time for which application threads were stopped: 0.0000440 seconds, Stopping threads took: 0.0000150 seconds
17.495: Application time: 0.0019580 seconds
17.495: [Full GC [PSYoungGen: 59392K->31429K(69120K)] [ParOldGen: 126495K->126467K(157184K)] 185887K->157896K(226304K) [PSPermGen: 6023K->6023K(21504K)], 0.0239650 secs] [Times: user=0.16 sys=0.00, real=0.02 secs] 
17.519: Total time for which application threads were stopped: 0.0240900 seconds, Stopping threads took: 0.0000210 seconds
17.607: Application time: 0.0880930 seconds
17.607: [Full GC [PSYoungGen: 59392K->31435K(69120K)] [ParOldGen: 126467K->126438K(157184K)] 185859K->157873K(226304K) [PSPermGen: 6023K->6023K(21504K)], 0.0244000 secs] [Times: user=0.16 sys=0.00, real=0.02 secs] 
17.632: Total time for which application threads were stopped: 0.0245120 seconds, Stopping threads took: 0.0000140 seconds
17.663: Application time: 0.0314530 seconds
17.663: [Full GC [PSYoungGen: 59392K->31419K(69120K)] [ParOldGen: 126438K->126438K(157184K)] 185830K->157858K(226304K) [PSPermGen: 6023K->6023K(21504K)], 0.0067000 secs] [Times: user=0.02 sys=0.00, real=0.01 secs] 
17.670: Total time for which application threads were stopped: 0.0067980 seconds, Stopping threads took: 0.0000120 seconds
17.702: Application time: 0.0316620 seconds
17.702: [Full GC [PSYoungGen: 59392K->31415K(69120K)] [ParOldGen: 126438K->126438K(157184K)] 185830K->157854K(226304K) [PSPermGen: 6023K->6023K(21504K)], 0.0063660 secs] [Times: user=0.02 sys=0.00, real=0.01 secs] 
17.708: Total time for which application threads were stopped: 0.0064760 seconds, Stopping threads took: 0.0000140 seconds
17.740: Application time: 0.0316710 seconds
17.740: [Full GC [PSYoungGen: 59392K->31412K(69120K)] [ParOldGen: 126438K->126438K(157184K)] 185830K->157850K(226304K) [PSPermGen: 6023K->6023K(21504K)], 0.0063490 secs] [Times: user=0.02 sys=0.00, real=0.00 secs] 
17.746: Total time for which application threads were stopped: 0.0064720 seconds, Stopping threads took: 0.0000130 seconds
17.778: Application time: 0.0321100 seconds
17.778: [Full GC [PSYoungGen: 59392K->31409K(69120K)] [ParOldGen: 126438K->126438K(157184K)] 185830K->157848K(226304K) [PSPermGen: 6023K->6023K(21504K)], 0.0063440 secs] [Times: user=0.02 sys=0.00, real=0.00 secs] 
17.785: Total time for which application threads were stopped: 0.0064460 seconds, Stopping threads took: 0.0000120 seconds
17.816: Application time: 0.0311700 seconds
17.816: [Full GC [PSYoungGen: 59392K->31407K(69120K)] [ParOldGen: 126438K->126438K(157184K)] 185830K->157846K(226304K) [PSPermGen: 6023K->6023K(21504K)], 0.0063390 secs] [Times: user=0.02 sys=0.00, real=0.00 secs] 
17.822: Total time for which application threads were stopped: 0.0064480 seconds, Stopping threads took: 0.0000130 seconds
17.852: Application time: 0.0295670 seconds
17.852: [Full GC [PSYoungGen: 59392K->31406K(69120K)] [ParOldGen: 126438K->126438K(157184K)] 185830K->157845K(226304K) [PSPermGen: 6023K->6023K(21504K)], 0.0062130 secs] [Times: user=0.02 sys=0.00, real=0.01 secs] 
17.858: Total time for which application threads were stopped: 0.0063220 seconds, Stopping threads took: 0.0000120 seconds
17.896: Application time: 0.0373520 seconds
17.896: [Full GC [PSYoungGen: 59392K->31389K(69120K)] [ParOldGen: 126438K->126438K(157184K)] 185830K->157827K(226304K) [PSPermGen: 6023K->6023K(21504K)], 0.0066200 secs] [Times: user=0.02 sys=0.00, real=0.00 secs] 
17.902: Total time for which application threads were stopped: 0.0067320 seconds, Stopping threads took: 0.0000130 seconds
17.978: Application time: 0.0756370 seconds
17.978: [Full GC [PSYoungGen: 59392K->31439K(69120K)] [ParOldGen: 126438K->126438K(157184K)] 185830K->157877K(226304K) [PSPermGen: 6023K->6023K(21504K)], 0.0061170 secs] [Times: user=0.02 sys=0.00, real=0.00 secs] 
17.984: Total time for which application threads were stopped: 0.0062180 seconds, Stopping threads took: 0.0000120 seconds
18.014: Application time: 0.0299190 seconds
18.014: [Full GC [PSYoungGen: 59392K->31423K(69120K)] [ParOldGen: 126438K->126438K(157184K)] 185830K->157862K(226304K) [PSPermGen: 6023K->6023K(21504K)], 0.0062870 secs] [Times: user=0.02 sys=0.00, real=0.01 secs] 
18.021: Total time for which application threads were stopped: 0.0063960 seconds, Stopping threads took: 0.0000130 seconds
18.051: Application time: 0.0308980 seconds
18.052: [Full GC [PSYoungGen: 59392K->31418K(69120K)] [ParOldGen: 126438K->126438K(157184K)] 185830K->157857K(226304K) [PSPermGen: 6023K->6023K(21504K)], 0.0065390 secs] [Times: user=0.02 sys=0.00, real=0.01 secs] 
18.058: Total time for which application threads were stopped: 0.0066410 seconds, Stopping threads took: 0.0000110 seconds
18.088: Application time: 0.0294030 seconds
18.088: [Full GC [PSYoungGen: 59392K->31418K(69120K)] [ParOldGen: 126438K->126438K(157184K)] 185830K->157857K(226304K) [PSPermGen: 6023K->6023K(21504K)], 0.0064390 secs] [Times: user=0.02 sys=0.00, real=0.00 secs] 
18.094: Total time for which application threads were stopped: 0.0065440 seconds, Stopping threads took: 0.0000130 seconds
18.125: Application time: 0.0309720 seconds
18.125: [Full GC [PSYoungGen: 59392K->31418K(69120K)] [ParOldGen: 126438K->126438K(157184K)] 185830K->157857K(226304K) [PSPermGen: 6023K->6023K(21504K)], 0.0067400 secs] [Times: user=0.02 sys=0.00, real=0.01 secs] 
18.132: Total time for which application threads were stopped: 0.0068460 seconds, Stopping threads took: 0.0000130 seconds
18.163: Application time: 0.0312390 seconds
18.163: [Full GC [PSYoungGen: 59392K->31418K(69120K)] [ParOldGen: 126438K->126438K(157184K)] 185830K->157857K(226304K) [PSPermGen: 6023K->6023K(21504K)], 0.0063670 secs] [Times: user=0.02 sys=0.00, real=0.01 secs] 
18.170: Total time for which application threads were stopped: 0.0064690 seconds, Stopping threads took: 0.0000130 seconds
18.201: Application time: 0.0309870 seconds
18.201: [Full GC [PSYoungGen: 59392K->31418K(69120K)] [ParOldGen: 126438K->126438K(157184K)] 185830K->157857K(226304K) [PSPermGen: 6023K->6023K(21504K)], 0.0065810 secs] [Times: user=0.02 sys=0.00, real=0.01 secs] 
18.207: Total time for which application threads were stopped: 0.0066890 seconds, Stopping threads took: 0.0000130 seconds
18.252: Application time: 0.0448800 seconds
18.252: [Full GC [PSYoungGen: 59392K->31390K(69120K)] [ParOldGen: 126438K->126438K(157184K)] 185830K->157829K(226304K) [PSPermGen: 6023K->6023K(21504K)], 0.0064210 secs] [Times: user=0.02 sys=0.00, real=0.01 secs] 
18.259: Total time for which application threads were stopped: 0.0065420 seconds, Stopping threads took: 0.0000140 seconds
18.324: Application time: 0.0648050 seconds
18.324: [Full GC [PSYoungGen: 59392K->31457K(69120K)] [ParOldGen: 126438K->126438K(157184K)] 185830K->157896K(226304K) [PSPermGen: 6023K->6023K(21504K)], 0.0067020 secs] [Times: user=0.02 sys=0.00, real=0.01 secs] 
18.330: Total time for which application threads were stopped: 0.0068070 seconds, Stopping threads took: 0.0000130 seconds
18.361: Application time: 0.0303510 seconds
18.361: [Full GC [PSYoungGen: 59392K->31439K(69120K)] [ParOldGen: 126438K->126438K(157184K)] 185830K->157877K(226304K) [PSPermGen: 6023K->6023K(21504K)], 0.0064310 secs] [Times: user=0.02 sys=0.00, real=0.01 secs] 
18.367: Total time for which application threads were stopped: 0.0065370 seconds, Stopping threads took: 0.0000130 seconds
18.398: Application time: 0.0309580 seconds
18.398: [Full GC [PSYoungGen: 59392K->31429K(69120K)] [ParOldGen: 126438K->126438K(157184K)] 185830K->157868K(226304K) [PSPermGen: 6023K->6023K(21504K)], 0.0063730 secs] [Times: user=0.02 sys=0.00, real=0.00 secs] 
18.405: Total time for which application threads were stopped: 0.0064760 seconds, Stopping threads took: 0.0000110 seconds
18.434: Application time: 0.0297990 seconds
18.435: [Full GC [PSYoungGen: 59392K->31423K(69120K)] [ParOldGen: 126438K->126438K(157184K)] 185830K->157862K(226304K) [PSPermGen: 6023K->6023K(21504K)], 0.0066440 secs] [Times: user=0.02 sys=0.00, real=0.01 secs] 
18.441: Total time for which application threads were stopped: 0.0067520 seconds, Stopping threads took: 0.0000110 seconds
18.473: Application time: 0.0313410 seconds
18.473: [Full GC [PSYoungGen: 59392K->31421K(69120K)] [ParOldGen: 126438K->126438K(157184K)] 185830K->157859K(226304K) [PSPermGen: 6023K->6023K(21504K)], 0.0064210 secs] [Times: user=0.02 sys=0.00, real=0.01 secs] 
18.479: Total time for which application threads were stopped: 0.0065240 seconds, Stopping threads took: 0.0000130 seconds
18.510: Application time: 0.0313400 seconds
18.510: [Full GC [PSYoungGen: 59392K->31420K(69120K)] [ParOldGen: 126438K->126438K(157184K)] 185830K->157859K(226304K) [PSPermGen: 6023K->6023K(21504K)], 0.0068060 secs] [Times: user=0.02 sys=0.00, real=0.01 secs] 
18.517: Total time for which application threads were stopped: 0.0069120 seconds, Stopping threads took: 0.0000130 seconds
18.547: Application time: 0.0294510 seconds
18.547: [Full GC [PSYoungGen: 59392K->31422K(69120K)] [ParOldGen: 126438K->126438K(157184K)] 185830K->157861K(226304K) [PSPermGen: 6023K->6023K(21504K)], 0.0070610 secs] [Times: user=0.02 sys=0.00, real=0.00 secs] 
18.554: Total time for which application threads were stopped: 0.0071810 seconds, Stopping threads took: 0.0000130 seconds
18.576: Application time: 0.0218090 seconds
18.576: Total time for which application threads were stopped: 0.0000490 seconds, Stopping threads took: 0.0000200 seconds
18.603: Application time: 0.0275410 seconds
18.603: Total time for which application threads were stopped: 0.0000690 seconds, Stopping threads took: 0.0000090 seconds
18.716: Application time: 0.1123920 seconds
18.716: [Full GC [PSYoungGen: 59392K->35050K(69120K)] [ParOldGen: 126438K->126405K(157184K)] 185830K->161455K(226304K) [PSPermGen: 11368K->11365K(21504K)], 0.0445510 secs] [Times: user=0.24 sys=0.01, real=0.04 secs] 
18.761: Total time for which application threads were stopped: 0.0446640 seconds, Stopping threads took: 0.0000090 seconds
18.761: Application time: 0.0004280 seconds
18.761: Total time for which application threads were stopped: 0.0001050 seconds, Stopping threads took: 0.0000550 seconds
18.905: Application time: 0.1442050 seconds
18.905: [Full GC [PSYoungGen: 59392K->33957K(69120K)] [ParOldGen: 126405K->126397K(157184K)] 185797K->160355K(226304K) [PSPermGen: 13406K->13405K(21504K)], 0.0423730 secs] [Times: user=0.26 sys=0.00, real=0.05 secs] 
18.948: Total time for which application threads were stopped: 0.0424900 seconds, Stopping threads took: 0.0000090 seconds
18.948: Application time: 0.0000810 seconds
18.948: Total time for which application threads were stopped: 0.0000550 seconds, Stopping threads took: 0.0000290 seconds
18.948: Application time: 0.0000330 seconds
18.948: Total time for which application threads were stopped: 0.0000230 seconds, Stopping threads took: 0.0000140 seconds
18.948: Application time: 0.0000330 seconds
18.948: Total time for which application threads were stopped: 0.0000150 seconds, Stopping threads took: 0.0000060 seconds
18.948: Application time: 0.0000300 seconds
18.948: Total time for which application threads were stopped: 0.0000180 seconds, Stopping threads took: 0.0000100 seconds
18.948: Application time: 0.0000220 seconds
18.948: Total time for which application threads were stopped: 0.0000150 seconds, Stopping threads took: 0.0000070 seconds
18.948: Application time: 0.0000130 seconds
18.948: Total time for which application threads were stopped: 0.0000280 seconds, Stopping threads took: 0.0000200 seconds
18.948: Application time: 0.0000320 seconds
18.948: Total time for which application threads were stopped: 0.0000110 seconds, Stopping threads took: 0.0000050 seconds
18.948: Application time: 0.0000170 seconds
18.948: Total time for which application threads were stopped: 0.0000190 seconds, Stopping threads took: 0.0000120 seconds
18.948: Application time: 0.0000110 seconds
18.948: Total time for which application threads were stopped: 0.0000200 seconds, Stopping threads took: 0.0000110 seconds
18.948: Application time: 0.0000200 seconds
18.948: Total time for which application threads were stopped: 0.0000100 seconds, Stopping threads took: 0.0000050 seconds
18.948: Application time: 0.0000130 seconds
18.948: Total time for which application threads were stopped: 0.0000160 seconds, Stopping threads took: 0.0000090 seconds
18.948: Application time: 0.0000160 seconds
18.948: Total time for which application threads were stopped: 0.0000120 seconds, Stopping threads took: 0.0000040 seconds
18.948: Application time: 0.0000180 seconds
18.948: Total time for which application threads were stopped: 0.0000100 seconds, Stopping threads took: 0.0000040 seconds
18.948: Application time: 0.0000620 seconds
18.948: Total time for which application threads were stopped: 0.0000110 seconds, Stopping threads took: 0.0000050 seconds
18.956: Application time: 0.0077090 seconds
18.956: Total time for which application threads were stopped: 0.0000100 seconds, Stopping threads took: 0.0000030 seconds
Heap
 PSYoungGen      total 69120K, used 37965K [0x00000000fb300000, 0x0000000100000000, 0x0000000100000000)
  eden space 59392K, 63% used [0x00000000fb300000,0x00000000fd813620,0x00000000fed00000)
  from space 9728K, 0% used [0x00000000ff680000,0x00000000ff680000,0x0000000100000000)
  to   space 9728K, 0% used [0x00000000fed00000,0x00000000fed00000,0x00000000ff680000)
 ParOldGen       total 157184K, used 126397K [0x00000000f1980000, 0x00000000fb300000, 0x00000000fb300000)
  object space 157184K, 80% used [0x00000000f1980000,0x00000000f94ef6b8,0x00000000fb300000)
 PSPermGen       total 21504K, used 13496K [0x00000000ec780000, 0x00000000edc80000, 0x00000000f1980000)
  object space 21504K, 62% used [0x00000000ec780000,0x00000000ed4ae1f0,0x00000000edc80000)
18.956: Application time: 0.0001320 seconds
