Java HotSpot(TM) 64-Bit Server VM (24.80-b11) for linux-amd64 JRE (1.7.0_80-b15), built on Apr 10 2015 19:53:14 by "java_re" with gcc 4.3.0 20080428 (Red Hat 4.3.0-8)
Memory: 4k page, physical 8000092k(6429252k free), swap 8218620k(8218620k free)
CommandLine flags: -XX:InitialHeapSize=26345472 -XX:MaxHeapSize=26345472 -XX:+PrintGC -XX:+PrintGCApplicationConcurrentTime -XX:+PrintGCApplicationStoppedTime -XX:+PrintGCDetails -XX:+PrintGCTimeStamps -XX:-UseAdaptiveSizePolicy -XX:+UseCompressedOops -XX:+UseParallelGC 
1.011: Application time: 0.9841220 seconds
1.011: Total time for which application threads were stopped: 0.0000430 seconds, Stopping threads took: 0.0000130 seconds
4.033: Application time: 3.0212650 seconds
4.033: Total time for which application threads were stopped: 0.0000630 seconds, Stopping threads took: 0.0000110 seconds
14.686: Application time: 10.6536590 seconds
14.686: Total time for which application threads were stopped: 0.0000230 seconds, Stopping threads took: 0.0000080 seconds
14.686: Application time: 0.0000640 seconds
14.686: Total time for which application threads were stopped: 0.0000240 seconds, Stopping threads took: 0.0000180 seconds
14.688: Application time: 0.0014960 seconds
14.688: Total time for which application threads were stopped: 0.0000240 seconds, Stopping threads took: 0.0000180 seconds
14.692: Application time: 0.0043470 seconds
14.692: [GC [PSYoungGen: 6656K->992K(7680K)] 6656K->2719K(25088K), 0.0021580 secs] [Times: user=0.01 sys=0.00, real=0.00 secs] 
14.695: Total time for which application threads were stopped: 0.0022420 seconds, Stopping threads took: 0.0000180 seconds
14.695: Application time: 0.0001500 seconds
14.695: Total time for which application threads were stopped: 0.0001180 seconds, Stopping threads took: 0.0000810 seconds
14.695: Application time: 0.0001080 seconds
14.695: Total time for which application threads were stopped: 0.0000480 seconds, Stopping threads took: 0.0000390 seconds
14.695: Application time: 0.0002510 seconds
14.695: Total time for which application threads were stopped: 0.0000190 seconds, Stopping threads took: 0.0000140 seconds
14.695: Application time: 0.0000220 seconds
14.695: Total time for which application threads were stopped: 0.0000100 seconds, Stopping threads took: 0.0000060 seconds
14.695: Application time: 0.0000200 seconds
14.695: Total time for which application threads were stopped: 0.0000080 seconds, Stopping threads took: 0.0000040 seconds
14.695: Application time: 0.0000190 seconds
14.695: Total time for which application threads were stopped: 0.0000100 seconds, Stopping threads took: 0.0000060 seconds
14.695: Application time: 0.0000190 seconds
14.695: Total time for which application threads were stopped: 0.0000200 seconds, Stopping threads took: 0.0000160 seconds
14.695: Application time: 0.0000190 seconds
14.695: Total time for which application threads were stopped: 0.0000170 seconds, Stopping threads took: 0.0000130 seconds
14.695: Application time: 0.0000190 seconds
14.695: Total time for which application threads were stopped: 0.0000140 seconds, Stopping threads took: 0.0000090 seconds
14.695: Application time: 0.0000190 seconds
14.696: Total time for which application threads were stopped: 0.0000160 seconds, Stopping threads took: 0.0000120 seconds
14.696: Application time: 0.0000200 seconds
14.696: Total time for which application threads were stopped: 0.0000190 seconds, Stopping threads took: 0.0000150 seconds
14.696: Application time: 0.0000410 seconds
14.696: Total time for which application threads were stopped: 0.0000240 seconds, Stopping threads took: 0.0000150 seconds
14.696: Application time: 0.0000350 seconds
14.696: Total time for which application threads were stopped: 0.0000130 seconds, Stopping threads took: 0.0000070 seconds
14.696: Application time: 0.0000340 seconds
14.696: Total time for which application threads were stopped: 0.0000200 seconds, Stopping threads took: 0.0000140 seconds
14.696: Application time: 0.0000340 seconds
14.696: Total time for which application threads were stopped: 0.0000190 seconds, Stopping threads took: 0.0000140 seconds
14.696: Application time: 0.0000350 seconds
14.696: Total time for which application threads were stopped: 0.0000120 seconds, Stopping threads took: 0.0000070 seconds
14.696: Application time: 0.0000240 seconds
14.696: Total time for which application threads were stopped: 0.0000120 seconds, Stopping threads took: 0.0000070 seconds
14.696: Application time: 0.0000150 seconds
14.696: Total time for which application threads were stopped: 0.0000190 seconds, Stopping threads took: 0.0000130 seconds
14.696: Application time: 0.0000140 seconds
14.696: Total time for which application threads were stopped: 0.0000190 seconds, Stopping threads took: 0.0000130 seconds
14.696: Application time: 0.0000130 seconds
14.696: Total time for which application threads were stopped: 0.0000320 seconds, Stopping threads took: 0.0000140 seconds
14.696: Application time: 0.0003950 seconds
14.696: Total time for which application threads were stopped: 0.0000150 seconds, Stopping threads took: 0.0000100 seconds
14.711: Application time: 0.0145810 seconds
14.711: Total time for which application threads were stopped: 0.0000320 seconds, Stopping threads took: 0.0000070 seconds
14.725: Application time: 0.0135920 seconds
14.725: [GC [PSYoungGen: 3353K->995K(7680K)] 5081K->3250K(25088K), 0.0010990 secs] [Times: user=0.00 sys=0.00, real=0.00 secs] 
14.726: [Full GC [PSYoungGen: 995K->0K(7680K)] [ParOldGen: 2255K->2640K(17408K)] 3250K->2640K(25088K) [PSPermGen: 5076K->5074K(21504K)], 0.0164290 secs] [Times: user=0.08 sys=0.00, real=0.02 secs] 
14.742: Total time for which application threads were stopped: 0.0176300 seconds, Stopping threads took: 0.0000060 seconds
14.742: Application time: 0.0000360 seconds
14.742: [GC [PSYoungGen: 0K->0K(7680K)] 2640K->2640K(25088K), 0.0002280 secs] [Times: user=0.00 sys=0.00, real=0.00 secs] 
14.743: [Full GC [PSYoungGen: 0K->0K(7680K)] [ParOldGen: 2640K->2640K(17408K)] 2640K->2640K(25088K) [PSPermGen: 5074K->5074K(21504K)], 0.0038490 secs] [Times: user=0.02 sys=0.00, real=0.00 secs] 
14.746: Total time for which application threads were stopped: 0.0041550 seconds, Stopping threads took: 0.0000060 seconds
14.746: Application time: 0.0000580 seconds
14.747: Total time for which application threads were stopped: 0.0000240 seconds, Stopping threads took: 0.0000150 seconds
14.747: Application time: 0.0000140 seconds
14.747: Total time for which application threads were stopped: 0.0000210 seconds, Stopping threads took: 0.0000160 seconds
14.747: Application time: 0.0000120 seconds
14.747: Total time for which application threads were stopped: 0.0000170 seconds, Stopping threads took: 0.0000130 seconds
14.747: Application time: 0.0000120 seconds
14.747: Total time for which application threads were stopped: 0.0000160 seconds, Stopping threads took: 0.0000120 seconds
14.747: Application time: 0.0000120 seconds
14.747: Total time for which application threads were stopped: 0.0000160 seconds, Stopping threads took: 0.0000120 seconds
14.747: Application time: 0.0000120 seconds
14.747: Total time for which application threads were stopped: 0.0000140 seconds, Stopping threads took: 0.0000100 seconds
14.747: Application time: 0.0000100 seconds
14.747: Total time for which application threads were stopped: 0.0000130 seconds, Stopping threads took: 0.0000090 seconds
14.747: Application time: 0.0000110 seconds
14.747: Total time for which application threads were stopped: 0.0000080 seconds, Stopping threads took: 0.0000040 seconds
14.747: Application time: 0.0000100 seconds
14.747: Total time for which application threads were stopped: 0.0000070 seconds, Stopping threads took: 0.0000030 seconds
14.747: Application time: 0.0000110 seconds
14.747: Total time for which application threads were stopped: 0.0000140 seconds, Stopping threads took: 0.0000100 seconds
14.747: Application time: 0.0000100 seconds
14.747: Total time for which application threads were stopped: 0.0000140 seconds, Stopping threads took: 0.0000100 seconds
14.747: Application time: 0.0000100 seconds
14.747: Total time for which application threads were stopped: 0.0000140 seconds, Stopping threads took: 0.0000100 seconds
14.747: Application time: 0.0000100 seconds
14.747: Total time for which application threads were stopped: 0.0000130 seconds, Stopping threads took: 0.0000090 seconds
14.747: Application time: 0.0000110 seconds
14.747: Total time for which application threads were stopped: 0.0000160 seconds, Stopping threads took: 0.0000120 seconds
14.747: Application time: 0.0000100 seconds
14.747: Total time for which application threads were stopped: 0.0000150 seconds, Stopping threads took: 0.0000110 seconds
14.747: Application time: 0.0000100 seconds
14.747: Total time for which application threads were stopped: 0.0000210 seconds, Stopping threads took: 0.0000170 seconds
14.747: Application time: 0.0000100 seconds
14.747: Total time for which application threads were stopped: 0.0000130 seconds, Stopping threads took: 0.0000100 seconds
14.747: Application time: 0.0000100 seconds
14.747: Total time for which application threads were stopped: 0.0000150 seconds, Stopping threads took: 0.0000110 seconds
14.747: Application time: 0.0000100 seconds
14.747: Total time for which application threads were stopped: 0.0000150 seconds, Stopping threads took: 0.0000120 seconds
14.747: Application time: 0.0000100 seconds
14.747: Total time for which application threads were stopped: 0.0000200 seconds, Stopping threads took: 0.0000100 seconds
14.749: Application time: 0.0023670 seconds
14.749: Total time for which application threads were stopped: 0.0000280 seconds, Stopping threads took: 0.0000210 seconds
14.750: Application time: 0.0001450 seconds
14.750: Total time for which application threads were stopped: 0.0000510 seconds, Stopping threads took: 0.0000390 seconds
14.750: Application time: 0.0003990 seconds
14.750: Total time for which application threads were stopped: 0.0000310 seconds, Stopping threads took: 0.0000220 seconds
14.760: Application time: 0.0099140 seconds
14.761: [GC [PSYoungGen: 6516K->1005K(7680K)] 9157K->8642K(25088K), 0.0016130 secs] [Times: user=0.01 sys=0.00, real=0.00 secs] 
14.763: Total time for which application threads were stopped: 0.0029480 seconds, Stopping threads took: 0.0012640 seconds
14.770: Application time: 0.0072420 seconds
14.770: Total time for which application threads were stopped: 0.0000910 seconds, Stopping threads took: 0.0000560 seconds
14.885: Application time: 0.1147570 seconds
14.885: [GC [PSYoungGen: 7625K->1005K(7680K)] 15262K->12624K(25088K), 0.0012280 secs] [Times: user=0.00 sys=0.00, real=0.00 secs] 
14.886: Total time for which application threads were stopped: 0.0014680 seconds, Stopping threads took: 0.0001530 seconds
14.988: Application time: 0.1017580 seconds
15.026: [GC [PSYoungGen: 7585K->1005K(7680K)] 19204K->16567K(25088K), 0.0012970 secs] [Times: user=0.00 sys=0.00, real=0.00 secs] 
15.027: [Full GC [PSYoungGen: 1005K->0K(7680K)] [ParOldGen: 15562K->8988K(17408K)] 16567K->8988K(25088K) [PSPermGen: 5103K->5103K(21504K)], 0.0136860 secs] [Times: user=0.08 sys=0.01, real=0.01 secs] 
15.041: Total time for which application threads were stopped: 0.0523340 seconds, Stopping threads took: 0.0372280 seconds
15.041: Application time: 0.0002870 seconds
15.041: Total time for which application threads were stopped: 0.0001160 seconds, Stopping threads took: 0.0000990 seconds
15.056: Application time: 0.0145750 seconds
15.117: [GC [PSYoungGen: 6564K->419K(7680K)] 15552K->9407K(25088K), 0.0004330 secs] [Times: user=0.00 sys=0.00, real=0.00 secs] 
15.118: Total time for which application threads were stopped: 0.0619840 seconds, Stopping threads took: 0.0614810 seconds
15.118: Application time: 0.0008380 seconds
15.162: [GC [PSYoungGen: 7040K->1005K(7680K)] 16029K->14884K(25088K), 0.0015950 secs] [Times: user=0.00 sys=0.00, real=0.00 secs] 
15.164: [Full GC [PSYoungGen: 1005K->0K(7680K)] [ParOldGen: 13879K->9070K(17408K)] 14884K->9070K(25088K) [PSPermGen: 5103K->5103K(21504K)], 0.0059480 secs] [Times: user=0.03 sys=0.00, real=0.01 secs] 
15.170: Total time for which application threads were stopped: 0.0513280 seconds, Stopping threads took: 0.0436630 seconds
15.245: Application time: 0.0756680 seconds
15.288: [GC [PSYoungGen: 6609K->1005K(7680K)] 15679K->11841K(25088K), 0.0009800 secs] [Times: user=0.01 sys=0.00, real=0.01 secs] 
15.289: Total time for which application threads were stopped: 0.0440700 seconds, Stopping threads took: 0.0430130 seconds
15.359: Application time: 0.0697590 seconds
15.365: [GC [PSYoungGen: 7494K->646K(7680K)] 18331K->11483K(25088K), 0.0004200 secs] [Times: user=0.00 sys=0.00, real=0.00 secs] 
15.367: Total time for which application threads were stopped: 0.0073720 seconds, Stopping threads took: 0.0057320 seconds
15.367: Application time: 0.0008300 seconds
15.408: [GC [PSYoungGen: 7121K->939K(7680K)] 17957K->16854K(25088K), 0.0015840 secs] [Times: user=0.01 sys=0.00, real=0.01 secs] 
15.410: [Full GC [PSYoungGen: 939K->0K(7680K)] [ParOldGen: 15914K->8093K(17408K)] 16854K->8093K(25088K) [PSPermGen: 5103K->5103K(21504K)], 0.0058740 secs] [Times: user=0.03 sys=0.00, real=0.00 secs] 
15.416: Total time for which application threads were stopped: 0.0482180 seconds, Stopping threads took: 0.0406320 seconds
15.489: Application time: 0.0734000 seconds
15.534: [GC [PSYoungGen: 6563K->1005K(7680K)] 14657K->9880K(25088K), 0.0007110 secs] [Times: user=0.00 sys=0.00, real=0.00 secs] 
15.535: Total time for which application threads were stopped: 0.0459830 seconds, Stopping threads took: 0.0451800 seconds
15.542: Application time: 0.0067870 seconds
15.606: [GC [PSYoungGen: 7468K->1005K(7680K)] 16343K->10661K(25088K), 0.0007280 secs] [Times: user=0.00 sys=0.00, real=0.00 secs] 
15.606: Total time for which application threads were stopped: 0.0646100 seconds, Stopping threads took: 0.0638060 seconds
15.607: Application time: 0.0010650 seconds
15.668: [GC [PSYoungGen: 7565K->1005K(7680K)] 17221K->14771K(25088K), 0.0016390 secs] [Times: user=0.01 sys=0.00, real=0.01 secs] 
15.670: [Full GC [PSYoungGen: 1005K->0K(7680K)] [ParOldGen: 13766K->7215K(17408K)] 14771K->7215K(25088K) [PSPermGen: 5103K->5103K(21504K)], 0.0053030 secs] [Times: user=0.03 sys=0.00, real=0.00 secs] 
15.675: Total time for which application threads were stopped: 0.0674990 seconds, Stopping threads took: 0.0604320 seconds
15.748: Application time: 0.0728030 seconds
15.752: [GC [PSYoungGen: 6560K->1006K(7680K)] 13775K->10207K(25088K), 0.0009380 secs] [Times: user=0.01 sys=0.01, real=0.00 secs] 
15.753: Total time for which application threads were stopped: 0.0049110 seconds, Stopping threads took: 0.0039040 seconds
15.824: Application time: 0.0717150 seconds
15.829: [GC [PSYoungGen: 7567K->841K(7680K)] 16767K->10237K(25088K), 0.0005300 secs] [Times: user=0.00 sys=0.00, real=0.01 secs] 
15.830: Total time for which application threads were stopped: 0.0051690 seconds, Stopping threads took: 0.0045670 seconds
15.830: Application time: 0.0006880 seconds
15.874: [GC [PSYoungGen: 7402K->1006K(7680K)] 16797K->15610K(25088K), 0.0017830 secs] [Times: user=0.01 sys=0.00, real=0.00 secs] 
15.876: [Full GC [PSYoungGen: 1006K->0K(7680K)] [ParOldGen: 14603K->8582K(17408K)] 15610K->8582K(25088K) [PSPermGen: 5103K->5103K(21504K)], 0.0057960 secs] [Times: user=0.03 sys=0.00, real=0.01 secs] 
15.882: Total time for which application threads were stopped: 0.0513930 seconds, Stopping threads took: 0.0436940 seconds
15.964: Application time: 0.0820860 seconds
16.019: [GC [PSYoungGen: 6559K->841K(7680K)] 15142K->9814K(25088K), 0.0005720 secs] [Times: user=0.00 sys=0.00, real=0.00 secs] 
16.019: Total time for which application threads were stopped: 0.0556520 seconds, Stopping threads took: 0.0550180 seconds
16.020: Application time: 0.0008880 seconds
16.072: [GC [PSYoungGen: 7402K->973K(7680K)] 16374K->15610K(25088K), 0.0020070 secs] [Times: user=0.01 sys=0.00, real=0.00 secs] 
16.074: [Full GC [PSYoungGen: 973K->0K(7680K)] [ParOldGen: 14637K->8777K(17408K)] 15610K->8777K(25088K) [PSPermGen: 5103K->5103K(21504K)], 0.0066160 secs] [Times: user=0.03 sys=0.00, real=0.00 secs] 
16.081: Total time for which application threads were stopped: 0.0605940 seconds, Stopping threads took: 0.0518470 seconds
16.158: Application time: 0.0769650 seconds
16.222: [GC [PSYoungGen: 6462K->160K(7680K)] 15239K->8937K(25088K), 0.0006460 secs] [Times: user=0.01 sys=0.00, real=0.00 secs] 
16.223: Total time for which application threads were stopped: 0.0652430 seconds, Stopping threads took: 0.0645070 seconds
16.224: Application time: 0.0006800 seconds
16.224: [GC [PSYoungGen: 6720K->1008K(7680K)] 15497K->15408K(25088K), 0.0018490 secs] [Times: user=0.01 sys=0.00, real=0.00 secs] 
16.226: [Full GC [PSYoungGen: 1008K->0K(7680K)] [ParOldGen: 14400K->8875K(17408K)] 15408K->8875K(25088K) [PSPermGen: 5103K->5103K(21504K)], 0.0057290 secs] [Times: user=0.03 sys=0.00, real=0.01 secs] 
16.232: Total time for which application threads were stopped: 0.0079900 seconds, Stopping threads took: 0.0002890 seconds
16.310: Application time: 0.0786470 seconds
16.373: [GC [PSYoungGen: 6637K->451K(7680K)] 15513K->9326K(25088K), 0.0003770 secs] [Times: user=0.00 sys=0.00, real=0.00 secs] 
16.373: Total time for which application threads were stopped: 0.0630130 seconds, Stopping threads took: 0.0625650 seconds
16.374: Application time: 0.0008320 seconds
16.375: [GC [PSYoungGen: 7089K->971K(7680K)] 15964K->15901K(25088K), 0.0020910 secs] [Times: user=0.02 sys=0.00, real=0.00 secs] 
16.377: [Full GC [PSYoungGen: 971K->0K(7680K)] [ParOldGen: 14930K->9071K(17408K)] 15901K->9071K(25088K) [PSPermGen: 5103K->5103K(21504K)], 0.0058080 secs] [Times: user=0.02 sys=0.00, real=0.01 secs] 
16.382: Total time for which application threads were stopped: 0.0081940 seconds, Stopping threads took: 0.0001650 seconds
16.471: Application time: 0.0887920 seconds
16.536: [GC [PSYoungGen: 6559K->614K(7680K)] 15630K->9685K(25088K), 0.0004390 secs] [Times: user=0.00 sys=0.00, real=0.00 secs] 
16.537: [Full GC [PSYoungGen: 614K->0K(7680K)] [ParOldGen: 9071K->2723K(17408K)] 9685K->2723K(25088K) [PSPermGen: 5103K->5103K(21504K)], 0.0043390 secs] [Times: user=0.02 sys=0.00, real=0.00 secs] 
16.541: Total time for which application threads were stopped: 0.0695970 seconds, Stopping threads took: 0.0647090 seconds
16.542: Application time: 0.0013110 seconds
16.598: [GC [PSYoungGen: 6638K->1005K(7680K)] 9361K->8807K(25088K), 0.0021410 secs] [Times: user=0.01 sys=0.01, real=0.00 secs] 
16.600: Total time for which application threads were stopped: 0.0577150 seconds, Stopping threads took: 0.0554900 seconds
16.675: Application time: 0.0754430 seconds
16.720: [GC [PSYoungGen: 7604K->646K(7680K)] 15406K->8448K(25088K), 0.0006730 secs] [Times: user=0.00 sys=0.00, real=0.00 secs] 
16.721: Total time for which application threads were stopped: 0.0453090 seconds, Stopping threads took: 0.0445480 seconds
16.722: Application time: 0.0011170 seconds
16.778: [GC [PSYoungGen: 7168K->1008K(7680K)] 14969K->11558K(25088K), 0.0013030 secs] [Times: user=0.00 sys=0.00, real=0.00 secs] 
16.779: [Full GC [PSYoungGen: 1008K->0K(7680K)] [ParOldGen: 10549K->5849K(17408K)] 11558K->5849K(25088K) [PSPermGen: 5103K->5103K(21504K)], 0.0056860 secs] [Times: user=0.02 sys=0.01, real=0.01 secs] 
16.785: Total time for which application threads were stopped: 0.0628280 seconds, Stopping threads took: 0.0557030 seconds
16.865: Application time: 0.0802760 seconds
16.918: [GC [PSYoungGen: 6559K->614K(7680K)] 12409K->6464K(25088K), 0.0004390 secs] [Times: user=0.00 sys=0.00, real=0.00 secs] 
16.918: Total time for which application threads were stopped: 0.0534240 seconds, Stopping threads took: 0.0529100 seconds
16.921: Application time: 0.0030460 seconds
16.988: [GC [PSYoungGen: 7077K->614K(7680K)] 12926K->6464K(25088K), 0.0004110 secs] [Times: user=0.01 sys=0.00, real=0.00 secs] 
16.989: Total time for which application threads were stopped: 0.0674240 seconds, Stopping threads took: 0.0669570 seconds
16.989: Application time: 0.0006530 seconds
17.041: [GC [PSYoungGen: 7077K->1006K(7680K)] 12926K->11771K(25088K), 0.0015520 secs] [Times: user=0.01 sys=0.00, real=0.01 secs] 
17.043: [Full GC [PSYoungGen: 1006K->0K(7680K)] [ParOldGen: 10764K->8095K(17408K)] 11771K->8095K(25088K) [PSPermGen: 5103K->5103K(21504K)], 0.0057820 secs] [Times: user=0.02 sys=0.00, real=0.00 secs] 
17.048: Total time for which application threads were stopped: 0.0589980 seconds, Stopping threads took: 0.0515360 seconds
17.123: Application time: 0.0741290 seconds
17.168: [GC [PSYoungGen: 6462K->907K(7680K)] 14557K->9784K(25088K), 0.0006920 secs] [Times: user=0.01 sys=0.00, real=0.00 secs] 
17.169: Total time for which application threads were stopped: 0.0463900 seconds, Stopping threads took: 0.0456090 seconds
17.170: Application time: 0.0011010 seconds
17.215: [GC [PSYoungGen: 7563K->939K(7680K)] 16440K->15090K(25088K), 0.0018480 secs] [Times: user=0.01 sys=0.01, real=0.00 secs] 
17.217: [Full GC [PSYoungGen: 939K->0K(7680K)] [ParOldGen: 14150K->8291K(17408K)] 15090K->8291K(25088K) [PSPermGen: 5103K->5103K(21504K)], 0.0055700 secs] [Times: user=0.03 sys=0.00, real=0.01 secs] 
17.223: Total time for which application threads were stopped: 0.0527540 seconds, Stopping threads took: 0.0452050 seconds
17.297: Application time: 0.0743730 seconds
17.343: [GC [PSYoungGen: 6656K->939K(7680K)] 14947K->10402K(25088K), 0.0009250 secs] [Times: user=0.00 sys=0.00, real=0.00 secs] 
17.344: [Full GC [PSYoungGen: 939K->0K(7680K)] [ParOldGen: 9463K->3447K(17408K)] 10402K->3447K(25088K) [PSPermGen: 5103K->5103K(21504K)], 0.0096220 secs] [Times: user=0.05 sys=0.00, real=0.01 secs] 
17.354: Total time for which application threads were stopped: 0.0565440 seconds, Stopping threads took: 0.0458600 seconds
17.355: Application time: 0.0015810 seconds
17.425: [GC [PSYoungGen: 6656K->939K(7680K)] 10103K->7903K(25088K), 0.0015290 secs] [Times: user=0.01 sys=0.00, real=0.00 secs] 
17.426: Total time for which application threads were stopped: 0.0710020 seconds, Stopping threads took: 0.0693860 seconds
17.498: Application time: 0.0714940 seconds
17.544: [GC [PSYoungGen: 7499K->875K(7680K)] 14463K->8229K(25088K), 0.0005430 secs] [Times: user=0.00 sys=0.00, real=0.00 secs] 
17.544: Total time for which application threads were stopped: 0.0464070 seconds, Stopping threads took: 0.0457980 seconds
17.545: Application time: 0.0010310 seconds
17.599: [GC [PSYoungGen: 7531K->939K(7680K)] 14885K->13177K(25088K), 0.0020260 secs] [Times: user=0.01 sys=0.00, real=0.01 secs] 
17.601: [Full GC [PSYoungGen: 939K->0K(7680K)] [ParOldGen: 12237K->7158K(17408K)] 13177K->7158K(25088K) [PSPermGen: 5103K->5103K(21504K)], 0.0054040 secs] [Times: user=0.03 sys=0.00, real=0.00 secs] 
17.607: Total time for which application threads were stopped: 0.0613740 seconds, Stopping threads took: 0.0537880 seconds
17.680: Application time: 0.0737610 seconds
17.725: [GC [PSYoungGen: 6656K->1005K(7680K)] 13814K->9921K(25088K), 0.0010740 secs] [Times: user=0.01 sys=0.00, real=0.00 secs] 
17.726: Total time for which application threads were stopped: 0.0456530 seconds, Stopping threads took: 0.0445030 seconds
17.798: Application time: 0.0718570 seconds
17.804: [GC [PSYoungGen: 7467K->614K(7680K)] 16384K->9531K(25088K), 0.0005710 secs] [Times: user=0.00 sys=0.00, real=0.00 secs] 
17.804: Total time for which application threads were stopped: 0.0062700 seconds, Stopping threads took: 0.0056120 seconds
17.805: Application time: 0.0007810 seconds
17.805: [GC [PSYoungGen: 7174K->1006K(7680K)] 16091K->16010K(25088K), 0.0020120 secs] [Times: user=0.01 sys=0.01, real=0.00 secs] 
17.807: [Full GC [PSYoungGen: 1006K->0K(7680K)] [ParOldGen: 15003K->8525K(17408K)] 16010K->8525K(25088K) [PSPermGen: 5107K->5107K(21504K)], 0.0054290 secs] [Times: user=0.02 sys=0.00, real=0.01 secs] 
17.813: Total time for which application threads were stopped: 0.0076940 seconds, Stopping threads took: 0.0001210 seconds
17.891: Application time: 0.0779570 seconds
17.934: [GC [PSYoungGen: 6656K->1005K(7680K)] 15181K->10507K(25088K), 0.0007680 secs] [Times: user=0.01 sys=0.00, real=0.00 secs] 
17.935: [Full GC [PSYoungGen: 1005K->0K(7680K)] [ParOldGen: 9502K->3350K(17408K)] 10507K->3350K(25088K) [PSPermGen: 5108K->5108K(21504K)], 0.0046090 secs] [Times: user=0.01 sys=0.00, real=0.00 secs] 
17.940: Total time for which application threads were stopped: 0.0489820 seconds, Stopping threads took: 0.0434790 seconds
17.942: Application time: 0.0022750 seconds
18.012: [GC [PSYoungGen: 6560K->909K(7680K)] 9910K->4259K(25088K), 0.0008000 secs] [Times: user=0.00 sys=0.00, real=0.00 secs] 
18.012: Total time for which application threads were stopped: 0.0704670 seconds, Stopping threads took: 0.0695990 seconds
18.013: Application time: 0.0008230 seconds
18.057: [GC [PSYoungGen: 7469K->1005K(7680K)] 10819K->9832K(25088K), 0.0018710 secs] [Times: user=0.01 sys=0.00, real=0.00 secs] 
18.059: Total time for which application threads were stopped: 0.0456160 seconds, Stopping threads took: 0.0436680 seconds
18.132: Application time: 0.0736650 seconds
18.178: [GC [PSYoungGen: 7643K->1005K(7680K)] 16470K->10027K(25088K), 0.0006100 secs] [Times: user=0.00 sys=0.00, real=0.00 secs] 
18.179: Total time for which application threads were stopped: 0.0460140 seconds, Stopping threads took: 0.0453370 seconds
18.186: Application time: 0.0073860 seconds
18.236: [GC [PSYoungGen: 7643K->1008K(7680K)] 16666K->13455K(25088K), 0.0015690 secs] [Times: user=0.01 sys=0.00, real=0.00 secs] 
18.238: [Full GC [PSYoungGen: 1008K->0K(7680K)] [ParOldGen: 12447K->5946K(17408K)] 13455K->5946K(25088K) [PSPermGen: 5108K->5108K(21504K)], 0.0051390 secs] [Times: user=0.02 sys=0.00, real=0.01 secs] 
18.243: Total time for which application threads were stopped: 0.0570680 seconds, Stopping threads took: 0.0502330 seconds
18.327: Application time: 0.0843270 seconds
18.382: [GC [PSYoungGen: 6540K->192K(7680K)] 12486K->6138K(25088K), 0.0005380 secs] [Times: user=0.00 sys=0.00, real=0.00 secs] 
18.383: Total time for which application threads were stopped: 0.0552140 seconds, Stopping threads took: 0.0546110 seconds
18.383: Application time: 0.0007980 seconds
18.383: [GC [PSYoungGen: 6732K->1006K(7680K)] 12678K->12575K(25088K), 0.0019220 secs] [Times: user=0.01 sys=0.00, real=0.00 secs] 
18.385: [Full GC [PSYoungGen: 1006K->0K(7680K)] [ParOldGen: 11568K->8037K(17408K)] 12575K->8037K(25088K) [PSPermGen: 5108K->5108K(21504K)], 0.0052550 secs] [Times: user=0.03 sys=0.00, real=0.01 secs] 
18.391: Total time for which application threads were stopped: 0.0074470 seconds, Stopping threads took: 0.0001450 seconds
18.484: Application time: 0.0935230 seconds
18.548: [GC [PSYoungGen: 6618K->224K(7680K)] 14656K->8261K(25088K), 0.0006740 secs] [Times: user=0.00 sys=0.00, real=0.00 secs] 
18.549: Total time for which application threads were stopped: 0.0643030 seconds, Stopping threads took: 0.0635350 seconds
18.549: Application time: 0.0008080 seconds
18.550: [GC [PSYoungGen: 6784K->1008K(7680K)] 14821K->14701K(25088K), 0.0020480 secs] [Times: user=0.01 sys=0.00, real=0.00 secs] 
18.552: [Full GC [PSYoungGen: 1008K->0K(7680K)] [ParOldGen: 13692K->8194K(17408K)] 14701K->8194K(25088K) [PSPermGen: 5108K->5108K(21504K)], 0.0051660 secs] [Times: user=0.02 sys=0.01, real=0.00 secs] 
18.557: Total time for which application threads were stopped: 0.0075750 seconds, Stopping threads took: 0.0002140 seconds
18.637: Application time: 0.0802030 seconds
18.699: [GC [PSYoungGen: 6559K->419K(7680K)] 14754K->8613K(25088K), 0.0005240 secs] [Times: user=0.00 sys=0.00, real=0.00 secs] 
18.700: Total time for which application threads were stopped: 0.0627090 seconds, Stopping threads took: 0.0621180 seconds
18.701: Application time: 0.0008070 seconds
18.744: [GC [PSYoungGen: 7057K->1006K(7680K)] 15252K->14042K(25088K), 0.0017950 secs] [Times: user=0.02 sys=0.00, real=0.00 secs] 
18.745: [Full GC [PSYoungGen: 1006K->0K(7680K)] [ParOldGen: 13036K->7344K(17408K)] 14042K->7344K(25088K) [PSPermGen: 5108K->5108K(21504K)], 0.0050930 secs] [Times: user=0.02 sys=0.00, real=0.01 secs] 
18.751: Total time for which application threads were stopped: 0.0499180 seconds, Stopping threads took: 0.0429070 seconds
18.826: Application time: 0.0749680 seconds
18.870: [GC [PSYoungGen: 6559K->582K(7680K)] 13904K->7927K(25088K), 0.0004750 secs] [Times: user=0.00 sys=0.00, real=0.00 secs] 
18.870: Total time for which application threads were stopped: 0.0447290 seconds, Stopping threads took: 0.0441940 seconds
18.871: Application time: 0.0009460 seconds
18.914: [GC [PSYoungGen: 7221K->939K(7680K)] 14565K->12385K(25088K), 0.0014820 secs] [Times: user=0.01 sys=0.00, real=0.00 secs] 
18.916: [Full GC [PSYoungGen: 939K->0K(7680K)] [ParOldGen: 11446K->6378K(17408K)] 12385K->6378K(25088K) [PSPermGen: 5108K->5108K(21504K)], 0.0049930 secs] [Times: user=0.01 sys=0.01, real=0.00 secs] 
18.921: Total time for which application threads were stopped: 0.0497120 seconds, Stopping threads took: 0.0431220 seconds
18.993: Application time: 0.0724610 seconds
19.039: [GC [PSYoungGen: 6656K->1005K(7680K)] 13034K->8359K(25088K), 0.0007230 secs] [Times: user=0.01 sys=0.00, real=0.00 secs] 
19.039: Total time for which application threads were stopped: 0.0459300 seconds, Stopping threads took: 0.0451400 seconds
19.040: Application time: 0.0011070 seconds
19.106: [GC [PSYoungGen: 7565K->1005K(7680K)] 14919K->12657K(25088K), 0.0016810 secs] [Times: user=0.01 sys=0.01, real=0.00 secs] 
19.108: [Full GC [PSYoungGen: 1005K->0K(7680K)] [ParOldGen: 11651K->6671K(17408K)] 12657K->6671K(25088K) [PSPermGen: 5108K->5108K(21504K)], 0.0050700 secs] [Times: user=0.02 sys=0.00, real=0.01 secs] 
19.113: Total time for which application threads were stopped: 0.0727440 seconds, Stopping threads took: 0.0658530 seconds
19.185: Application time: 0.0721100 seconds
19.231: [GC [PSYoungGen: 6560K->973K(7680K)] 13231K->8816K(25088K), 0.0007890 secs] [Times: user=0.00 sys=0.00, real=0.00 secs] 
19.231: Total time for which application threads were stopped: 0.0459900 seconds, Stopping threads took: 0.0451340 seconds
19.233: Application time: 0.0012500 seconds
19.302: [GC [PSYoungGen: 7533K->939K(7680K)] 15376K->12298K(25088K), 0.0014550 secs] [Times: user=0.00 sys=0.00, real=0.00 secs] 
19.303: [Full GC [PSYoungGen: 939K->0K(7680K)] [ParOldGen: 11358K->5792K(17408K)] 12298K->5792K(25088K) [PSPermGen: 5108K->5108K(21504K)], 0.0047970 secs] [Times: user=0.02 sys=0.01, real=0.00 secs] 
19.308: Total time for which application threads were stopped: 0.0755070 seconds, Stopping threads took: 0.0691310 seconds
19.381: Application time: 0.0726030 seconds
19.425: [GC [PSYoungGen: 6656K->1005K(7680K)] 12448K->7188K(25088K), 0.0008730 secs] [Times: user=0.00 sys=0.00, real=0.00 secs] 
19.426: Total time for which application threads were stopped: 0.0453030 seconds, Stopping threads took: 0.0443570 seconds
19.427: Application time: 0.0009000 seconds
19.471: [GC [PSYoungGen: 7565K->1005K(7680K)] 13748K->11981K(25088K), 0.0017100 secs] [Times: user=0.01 sys=0.00, real=0.00 secs] 
19.472: [Full GC [PSYoungGen: 1005K->0K(7680K)] [ParOldGen: 10976K->7159K(17408K)] 11981K->7159K(25088K) [PSPermGen: 5108K->5108K(21504K)], 0.0050170 secs] [Times: user=0.02 sys=0.00, real=0.00 secs] 
19.477: Total time for which application threads were stopped: 0.0505540 seconds, Stopping threads took: 0.0437040 seconds
19.551: Application time: 0.0734260 seconds
19.596: [GC [PSYoungGen: 6364K->939K(7680K)] 13523K->9661K(25088K), 0.0008380 secs] [Times: user=0.01 sys=0.01, real=0.00 secs] 
19.597: Total time for which application threads were stopped: 0.0461930 seconds, Stopping threads took: 0.0452850 seconds
19.669: Application time: 0.0715120 seconds
19.675: [GC [PSYoungGen: 7499K->419K(7680K)] 16221K->9141K(25088K), 0.0005490 secs] [Times: user=0.01 sys=0.00, real=0.00 secs] 
19.676: Total time for which application threads were stopped: 0.0073620 seconds, Stopping threads took: 0.0067190 seconds
19.677: Application time: 0.0006080 seconds
19.677: [GC [PSYoungGen: 6979K->1006K(7680K)] 15701K->15620K(25088K), 0.0019460 secs] [Times: user=0.01 sys=0.00, real=0.00 secs] 
19.679: [Full GC [PSYoungGen: 1006K->0K(7680K)] [ParOldGen: 14613K->8331K(17408K)] 15620K->8331K(25088K) [PSPermGen: 5108K->5108K(21504K)], 0.0053330 secs] [Times: user=0.03 sys=0.00, real=0.01 secs] 
19.684: Total time for which application threads were stopped: 0.0077020 seconds, Stopping threads took: 0.0002830 seconds
19.763: Application time: 0.0786220 seconds
19.825: [GC [PSYoungGen: 6637K->646K(7680K)] 14968K->8977K(25088K), 0.0005530 secs] [Times: user=0.00 sys=0.00, real=0.00 secs] 
19.826: Total time for which application threads were stopped: 0.0627320 seconds, Stopping threads took: 0.0621020 seconds
19.826: Application time: 0.0007930 seconds
19.870: [GC [PSYoungGen: 7187K->1005K(7680K)] 15518K->14377K(25088K), 0.0019960 secs] [Times: user=0.01 sys=0.00, real=0.00 secs] 
19.872: [Full GC [PSYoungGen: 1005K->0K(7680K)] [ParOldGen: 13371K->7411K(17408K)] 14377K->7411K(25088K) [PSPermGen: 5108K->5108K(21504K)], 0.0050430 secs] [Times: user=0.02 sys=0.01, real=0.00 secs] 
19.877: Total time for which application threads were stopped: 0.0503730 seconds, Stopping threads took: 0.0431910 seconds
19.953: Application time: 0.0758610 seconds
19.997: [GC [PSYoungGen: 6462K->875K(7680K)] 13873K->9068K(25088K), 0.0006780 secs] [Times: user=0.00 sys=0.00, real=0.00 secs] 
19.997: Total time for which application threads were stopped: 0.0445200 seconds, Stopping threads took: 0.0437710 seconds
19.998: Application time: 0.0010370 seconds
20.049: [GC [PSYoungGen: 7514K->1005K(7680K)] 15706K->14284K(25088K), 0.0019580 secs] [Times: user=0.02 sys=0.00, real=0.01 secs] 
20.051: [Full GC [PSYoungGen: 1005K->0K(7680K)] [ParOldGen: 13279K->7537K(17408K)] 14284K->7537K(25088K) [PSPermGen: 5108K->5108K(21504K)], 0.0049400 secs] [Times: user=0.02 sys=0.00, real=0.00 secs] 
20.056: Total time for which application threads were stopped: 0.0576550 seconds, Stopping threads took: 0.0506130 seconds
20.132: Application time: 0.0756270 seconds
20.177: [GC [PSYoungGen: 6364K->646K(7680K)] 13902K->8184K(25088K), 0.0004390 secs] [Times: user=0.00 sys=0.00, real=0.00 secs] 
20.177: Total time for which application threads were stopped: 0.0455740 seconds, Stopping threads took: 0.0450600 seconds
20.178: Application time: 0.0010130 seconds
20.222: [GC [PSYoungGen: 7285K->1005K(7680K)] 14822K->13653K(25088K), 0.0018580 secs] [Times: user=0.01 sys=0.00, real=0.00 secs] 
20.224: [Full GC [PSYoungGen: 1005K->0K(7680K)] [ParOldGen: 12648K->7452K(17408K)] 13653K->7452K(25088K) [PSPermGen: 5108K->5108K(21504K)], 0.0050440 secs] [Times: user=0.02 sys=0.01, real=0.00 secs] 
20.229: Total time for which application threads were stopped: 0.0506110 seconds, Stopping threads took: 0.0435790 seconds
20.316: Application time: 0.0874530 seconds
20.373: [GC [PSYoungGen: 6520K->614K(7680K)] 13973K->8067K(25088K), 0.0004410 secs] [Times: user=0.00 sys=0.00, real=0.00 secs] 
20.373: Total time for which application threads were stopped: 0.0569080 seconds, Stopping threads took: 0.0564000 seconds
20.374: Application time: 0.0008190 seconds
20.374: [GC [PSYoungGen: 7077K->1006K(7680K)] 14529K->14464K(25088K), 0.0021600 secs] [Times: user=0.01 sys=0.01, real=0.00 secs] 
20.376: [Full GC [PSYoungGen: 1006K->0K(7680K)] [ParOldGen: 13457K->8485K(17408K)] 14464K->8485K(25088K) [PSPermGen: 5108K->5108K(21504K)], 0.0051810 secs] [Times: user=0.03 sys=0.00, real=0.01 secs] 
20.381: Total time for which application threads were stopped: 0.0075260 seconds, Stopping threads took: 0.0000590 seconds
20.472: Application time: 0.0906660 seconds
20.535: [GC [PSYoungGen: 6540K->614K(7680K)] 15026K->9100K(25088K), 0.0004810 secs] [Times: user=0.01 sys=0.01, real=0.00 secs] 
20.535: [Full GC [PSYoungGen: 614K->0K(7680K)] [ParOldGen: 8485K->2069K(17408K)] 9100K->2069K(25088K) [PSPermGen: 5108K->5108K(21504K)], 0.0040710 secs] [Times: user=0.01 sys=0.00, real=0.00 secs] 
20.539: Total time for which application threads were stopped: 0.0671690 seconds, Stopping threads took: 0.0625080 seconds
20.541: Application time: 0.0013580 seconds
20.584: [GC [PSYoungGen: 6462K->939K(7680K)] 8531K->8087K(25088K), 0.0017230 secs] [Times: user=0.01 sys=0.00, real=0.00 secs] 
20.586: Total time for which application threads were stopped: 0.0455510 seconds, Stopping threads took: 0.0437600 seconds
20.664: Application time: 0.0780830 seconds
20.716: [GC [PSYoungGen: 7401K->646K(7680K)] 14549K->7794K(25088K), 0.0004220 secs] [Times: user=0.00 sys=0.00, real=0.00 secs] 
20.716: Total time for which application threads were stopped: 0.0517660 seconds, Stopping threads took: 0.0512730 seconds
20.717: Application time: 0.0008130 seconds
20.771: [GC [PSYoungGen: 7302K->1005K(7680K)] 14450K->12262K(25088K), 0.0015510 secs] [Times: user=0.01 sys=0.00, real=0.00 secs] 
20.773: [Full GC [PSYoungGen: 1005K->0K(7680K)] [ParOldGen: 11257K->6561K(17408K)] 12262K->6561K(25088K) [PSPermGen: 5108K->5108K(21504K)], 0.0049230 secs] [Times: user=0.02 sys=0.00, real=0.00 secs] 
20.778: Total time for which application threads were stopped: 0.0608890 seconds, Stopping threads took: 0.0542920 seconds
20.866: Application time: 0.0879260 seconds
20.923: [GC [PSYoungGen: 6345K->646K(7680K)] 12906K->7208K(25088K), 0.0004460 secs] [Times: user=0.00 sys=0.00, real=0.00 secs] 
20.923: Total time for which application threads were stopped: 0.0577600 seconds, Stopping threads took: 0.0572510 seconds
20.924: Application time: 0.0009570 seconds
20.968: [GC [PSYoungGen: 7109K->939K(7680K)] 13670K->12579K(25088K), 0.0018140 secs] [Times: user=0.02 sys=0.00, real=0.01 secs] 
20.970: [Full GC [PSYoungGen: 939K->0K(7680K)] [ParOldGen: 11639K->7355K(17408K)] 12579K->7355K(25088K) [PSPermGen: 5108K->5108K(21504K)], 0.0052080 secs] [Times: user=0.02 sys=0.00, real=0.00 secs] 
20.975: Total time for which application threads were stopped: 0.0507770 seconds, Stopping threads took: 0.0436240 seconds
21.053: Application time: 0.0775500 seconds
21.106: [GC [PSYoungGen: 6462K->614K(7680K)] 13817K->7969K(25088K), 0.0004300 secs] [Times: user=0.00 sys=0.00, real=0.00 secs] 
21.106: Total time for which application threads were stopped: 0.0535380 seconds, Stopping threads took: 0.0530410 seconds
21.107: Application time: 0.0009170 seconds
21.152: [GC [PSYoungGen: 7174K->1005K(7680K)] 14529K->13446K(25088K), 0.0019100 secs] [Times: user=0.01 sys=0.00, real=0.00 secs] 
21.154: [Full GC [PSYoungGen: 1005K->0K(7680K)] [ParOldGen: 12441K->7452K(17408K)] 13446K->7452K(25088K) [PSPermGen: 5108K->5108K(21504K)], 0.0051840 secs] [Times: user=0.02 sys=0.00, real=0.00 secs] 
21.159: Total time for which application threads were stopped: 0.0515810 seconds, Stopping threads took: 0.0443620 seconds
21.239: Application time: 0.0800940 seconds
21.284: [GC [PSYoungGen: 6364K->646K(7680K)] 13817K->8099K(25088K), 0.0004090 secs] [Times: user=0.00 sys=0.00, real=0.00 secs] 
21.285: Total time for which application threads were stopped: 0.0459530 seconds, Stopping threads took: 0.0454620 seconds
21.286: Application time: 0.0008290 seconds
21.328: [GC [PSYoungGen: 7109K->939K(7680K)] 14561K->13470K(25088K), 0.0017250 secs] [Times: user=0.01 sys=0.00, real=0.01 secs] 
21.329: [Full GC [PSYoungGen: 939K->0K(7680K)] [ParOldGen: 12531K->7355K(17408K)] 13470K->7355K(25088K) [PSPermGen: 5108K->5108K(21504K)], 0.0050630 secs] [Times: user=0.02 sys=0.00, real=0.00 secs] 
21.334: Total time for which application threads were stopped: 0.0488010 seconds, Stopping threads took: 0.0418800 seconds
21.408: Application time: 0.0734060 seconds
21.453: [GC [PSYoungGen: 6559K->843K(7680K)] 13914K->10151K(25088K), 0.0009670 secs] [Times: user=0.01 sys=0.00, real=0.00 secs] 
21.454: [Full GC [PSYoungGen: 843K->0K(7680K)] [ParOldGen: 9308K->4230K(17408K)] 10151K->4230K(25088K) [PSPermGen: 5108K->5108K(21504K)], 0.0042990 secs] [Times: user=0.01 sys=0.00, real=0.00 secs] 
21.459: Total time for which application threads were stopped: 0.0506320 seconds, Stopping threads took: 0.0452440 seconds
21.539: Application time: 0.0803090 seconds
21.555: [GC [PSYoungGen: 6560K->809K(7680K)] 10790K->5040K(25088K), 0.0004190 secs] [Times: user=0.01 sys=0.00, real=0.00 secs] 
21.555: Total time for which application threads were stopped: 0.0161940 seconds, Stopping threads took: 0.0157120 seconds
21.556: Application time: 0.0008200 seconds
21.556: [GC [PSYoungGen: 7370K->1005K(7680K)] 11600K->11591K(25088K), 0.0022640 secs] [Times: user=0.02 sys=0.00, real=0.00 secs] 
21.558: [Full GC [PSYoungGen: 1005K->0K(7680K)] [ParOldGen: 10586K->8722K(17408K)] 11591K->8722K(25088K) [PSPermGen: 5108K->5108K(21504K)], 0.0049970 secs] [Times: user=0.02 sys=0.00, real=0.01 secs] 
21.563: Total time for which application threads were stopped: 0.0075650 seconds, Stopping threads took: 0.0001730 seconds
21.646: Application time: 0.0827090 seconds
21.713: [GC [PSYoungGen: 6638K->1005K(7680K)] 15360K->9727K(25088K), 0.0005630 secs] [Times: user=0.01 sys=0.00, real=0.00 secs] 
21.713: [Full GC [PSYoungGen: 1005K->0K(7680K)] [ParOldGen: 8722K->2403K(17408K)] 9727K->2403K(25088K) [PSPermGen: 5108K->5108K(21504K)], 0.0040760 secs] [Times: user=0.01 sys=0.01, real=0.00 secs] 
21.717: Total time for which application threads were stopped: 0.0711070 seconds, Stopping threads took: 0.0663530 seconds
21.719: Application time: 0.0013900 seconds
21.762: [GC [PSYoungGen: 6560K->1005K(7680K)] 8963K->8885K(25088K), 0.0019480 secs] [Times: user=0.02 sys=0.00, real=0.00 secs] 
21.764: Total time for which application threads were stopped: 0.0453370 seconds, Stopping threads took: 0.0433110 seconds
21.848: Application time: 0.0840360 seconds
21.905: [GC [PSYoungGen: 7526K->646K(7680K)] 15406K->8917K(25088K), 0.0006750 secs] [Times: user=0.01 sys=0.00, real=0.00 secs] 
21.906: [Full GC [PSYoungGen: 646K->0K(7680K)] [ParOldGen: 8271K->2460K(17408K)] 8917K->2460K(25088K) [PSPermGen: 5108K->5108K(21504K)], 0.0044980 secs] [Times: user=0.01 sys=0.00, real=0.01 secs] 
21.911: Total time for which application threads were stopped: 0.0626690 seconds, Stopping threads took: 0.0573740 seconds
21.912: Application time: 0.0013780 seconds
21.964: [GC [PSYoungGen: 6560K->939K(7680K)] 9020K->7892K(25088K), 0.0016580 secs] [Times: user=0.01 sys=0.00, real=0.00 secs] 
21.966: Total time for which application threads were stopped: 0.0539140 seconds, Stopping threads took: 0.0521860 seconds
22.039: Application time: 0.0732670 seconds
22.083: [GC [PSYoungGen: 7595K->1005K(7680K)] 14548K->9333K(25088K), 0.0008370 secs] [Times: user=0.00 sys=0.00, real=0.00 secs] 
22.083: Total time for which application threads were stopped: 0.0441410 seconds, Stopping threads took: 0.0432310 seconds
22.161: Application time: 0.0774710 seconds
22.180: [GC [PSYoungGen: 7467K->160K(7680K)] 15795K->8487K(25088K), 0.0007080 secs] [Times: user=0.00 sys=0.00, real=0.00 secs] 
22.181: Total time for which application threads were stopped: 0.0198930 seconds, Stopping threads took: 0.0191220 seconds
22.182: Application time: 0.0008190 seconds
22.182: [GC [PSYoungGen: 6779K->1005K(7680K)] 15106K->15037K(25088K), 0.0019310 secs] [Times: user=0.01 sys=0.00, real=0.00 secs] 
22.184: [Full GC [PSYoungGen: 1005K->0K(7680K)] [ParOldGen: 14032K->8039K(17408K)] 15037K->8039K(25088K) [PSPermGen: 5108K->5108K(21504K)], 0.0055310 secs] [Times: user=0.02 sys=0.00, real=0.01 secs] 
22.189: Total time for which application threads were stopped: 0.0077310 seconds, Stopping threads took: 0.0001450 seconds
22.266: Application time: 0.0767710 seconds
22.332: [GC [PSYoungGen: 6656K->387K(7680K)] 14695K->8426K(25088K), 0.0004820 secs] [Times: user=0.00 sys=0.00, real=0.00 secs] 
22.333: Total time for which application threads were stopped: 0.0666230 seconds, Stopping threads took: 0.0660500 seconds
22.334: Application time: 0.0008810 seconds
22.379: [GC [PSYoungGen: 7025K->1005K(7680K)] 15064K->13935K(25088K), 0.0015200 secs] [Times: user=0.01 sys=0.00, real=0.00 secs] 
22.380: [Full GC [PSYoungGen: 1005K->0K(7680K)] [ParOldGen: 12930K->7287K(17408K)] 13935K->7287K(25088K) [PSPermGen: 5108K->5108K(21504K)], 0.0055230 secs] [Times: user=0.02 sys=0.00, real=0.01 secs] 
22.386: Total time for which application threads were stopped: 0.0521010 seconds, Stopping threads took: 0.0449400 seconds
22.459: Application time: 0.0737440 seconds
22.505: [GC [PSYoungGen: 6559K->939K(7680K)] 13847K->9008K(25088K), 0.0006260 secs] [Times: user=0.01 sys=0.00, real=0.00 secs] 
22.506: Total time for which application threads were stopped: 0.0461720 seconds, Stopping threads took: 0.0454690 seconds
22.507: Application time: 0.0011200 seconds
22.550: [GC [PSYoungGen: 7595K->1005K(7680K)] 15664K->14258K(25088K), 0.0018950 secs] [Times: user=0.01 sys=0.00, real=0.00 secs] 
22.552: [Full GC [PSYoungGen: 1005K->0K(7680K)] [ParOldGen: 13252K->7580K(17408K)] 14258K->7580K(25088K) [PSPermGen: 5108K->5108K(21504K)], 0.0050930 secs] [Times: user=0.02 sys=0.00, real=0.00 secs] 
22.557: Total time for which application threads were stopped: 0.0504430 seconds, Stopping threads took: 0.0433160 seconds
22.647: Application time: 0.0901580 seconds
22.706: [GC [PSYoungGen: 6345K->582K(7680K)] 13925K->8163K(25088K), 0.0004540 secs] [Times: user=0.00 sys=0.00, real=0.00 secs] 
22.707: Total time for which application threads were stopped: 0.0593870 seconds, Stopping threads took: 0.0588620 seconds
22.708: Application time: 0.0008300 seconds
22.750: [GC [PSYoungGen: 7025K->1006K(7680K)] 14605K->13428K(25088K), 0.0017200 secs] [Times: user=0.01 sys=0.00, real=0.00 secs] 
22.752: [Full GC [PSYoungGen: 1006K->0K(7680K)] [ParOldGen: 12421K->7258K(17408K)] 13428K->7258K(25088K) [PSPermGen: 5108K->5108K(21504K)], 0.0053320 secs] [Times: user=0.02 sys=0.00, real=0.00 secs] 
22.757: Total time for which application threads were stopped: 0.0498740 seconds, Stopping threads took: 0.0427000 seconds
22.836: Application time: 0.0787280 seconds
22.880: [GC [PSYoungGen: 6559K->614K(7680K)] 13817K->7872K(25088K), 0.0004640 secs] [Times: user=0.01 sys=0.00, real=0.00 secs] 
22.880: Total time for which application threads were stopped: 0.0440760 seconds, Stopping threads took: 0.0435430 seconds
22.881: Application time: 0.0007990 seconds
22.881: [GC [PSYoungGen: 7077K->1006K(7680K)] 14335K->14254K(25088K), 0.0020660 secs] [Times: user=0.01 sys=0.00, real=0.00 secs] 
22.883: [Full GC [PSYoungGen: 1006K->0K(7680K)] [ParOldGen: 13247K->8430K(17408K)] 14254K->8430K(25088K) [PSPermGen: 5108K->5108K(21504K)], 0.0052550 secs] [Times: user=0.03 sys=0.01, real=0.00 secs] 
22.889: Total time for which application threads were stopped: 0.0076530 seconds, Stopping threads took: 0.0001850 seconds
22.990: Application time: 0.1014350 seconds
23.054: [GC [PSYoungGen: 6462K->582K(7680K)] 14892K->9013K(25088K), 0.0004160 secs] [Times: user=0.00 sys=0.00, real=0.00 secs] 
23.055: [Full GC [PSYoungGen: 582K->0K(7680K)] [ParOldGen: 8430K->1985K(17408K)] 9013K->1985K(25088K) [PSPermGen: 5108K->5108K(21504K)], 0.0040910 secs] [Times: user=0.01 sys=0.00, real=0.00 secs] 
23.059: Total time for which application threads were stopped: 0.0688080 seconds, Stopping threads took: 0.0641780 seconds
23.060: Application time: 0.0013590 seconds
23.104: [GC [PSYoungGen: 6560K->1005K(7680K)] 8545K->8077K(25088K), 0.0017490 secs] [Times: user=0.01 sys=0.00, real=0.00 secs] 
23.106: Total time for which application threads were stopped: 0.0453500 seconds, Stopping threads took: 0.0435260 seconds
23.179: Application time: 0.0729760 seconds
23.224: [GC [PSYoungGen: 7467K->1005K(7680K)] 14539K->8866K(25088K), 0.0007920 secs] [Times: user=0.00 sys=0.00, real=0.00 secs] 
23.225: Total time for which application threads were stopped: 0.0460320 seconds, Stopping threads took: 0.0451700 seconds
23.226: Application time: 0.0011250 seconds
23.269: [GC [PSYoungGen: 7565K->939K(7680K)] 15426K->14074K(25088K), 0.0018850 secs] [Times: user=0.01 sys=0.00, real=0.00 secs] 
23.271: [Full GC [PSYoungGen: 939K->0K(7680K)] [ParOldGen: 13135K->7551K(17408K)] 14074K->7551K(25088K) [PSPermGen: 5108K->5108K(21504K)], 0.0051120 secs] [Times: user=0.02 sys=0.01, real=0.00 secs] 
23.276: Total time for which application threads were stopped: 0.0506270 seconds, Stopping threads took: 0.0435020 seconds
23.362: Application time: 0.0854780 seconds
23.406: [GC [PSYoungGen: 6656K->646K(7680K)] 14207K->8589K(25088K), 0.0005800 secs] [Times: user=0.00 sys=0.00, real=0.00 secs] 
23.406: Total time for which application threads were stopped: 0.0442450 seconds, Stopping threads took: 0.0435970 seconds
23.407: Application time: 0.0009310 seconds
23.446: [GC [PSYoungGen: 7206K->1005K(7680K)] 15149K->14425K(25088K), 0.0019940 secs] [Times: user=0.01 sys=0.01, real=0.00 secs] 
23.448: [Full GC [PSYoungGen: 1005K->0K(7680K)] [ParOldGen: 13419K->7844K(17408K)] 14425K->7844K(25088K) [PSPermGen: 5108K->5108K(21504K)], 0.0052150 secs] [Times: user=0.02 sys=0.00, real=0.01 secs] 
23.453: Total time for which application threads were stopped: 0.0459310 seconds, Stopping threads took: 0.0385840 seconds
23.535: Application time: 0.0819470 seconds
23.579: [GC [PSYoungGen: 6521K->973K(7680K)] 14365K->8818K(25088K), 0.0005470 secs] [Times: user=0.00 sys=0.00, real=0.00 secs] 
23.580: Total time for which application threads were stopped: 0.0450260 seconds, Stopping threads took: 0.0443850 seconds
23.581: Application time: 0.0011140 seconds
23.635: [GC [PSYoungGen: 7533K->1005K(7680K)] 15378K->12174K(25088K), 0.0015980 secs] [Times: user=0.01 sys=0.01, real=0.00 secs] 
23.637: [Full GC [PSYoungGen: 1005K->0K(7680K)] [ParOldGen: 11169K->5754K(17408K)] 12174K->5754K(25088K) [PSPermGen: 5108K->5108K(21504K)], 0.0053270 secs] [Times: user=0.02 sys=0.00, real=0.01 secs] 
23.642: Total time for which application threads were stopped: 0.0612430 seconds, Stopping threads took: 0.0541710 seconds
23.724: Application time: 0.0818230 seconds
23.784: [GC [PSYoungGen: 6656K->224K(7680K)] 12410K->5978K(25088K), 0.0006440 secs] [Times: user=0.00 sys=0.00, real=0.00 secs] 
23.785: Total time for which application threads were stopped: 0.0606150 seconds, Stopping threads took: 0.0599050 seconds
23.786: Application time: 0.0008740 seconds
23.829: [GC [PSYoungGen: 6784K->1005K(7680K)] 12538K->11455K(25088K), 0.0017350 secs] [Times: user=0.01 sys=0.00, real=0.00 secs] 
23.831: [Full GC [PSYoungGen: 1005K->0K(7680K)] [ParOldGen: 10450K->7121K(17408K)] 11455K->7121K(25088K) [PSPermGen: 5108K->5108K(21504K)], 0.0048870 secs] [Times: user=0.01 sys=0.00, real=0.00 secs] 
23.836: Total time for which application threads were stopped: 0.0505220 seconds, Stopping threads took: 0.0437750 seconds
23.914: Application time: 0.0777640 seconds
23.955: [GC [PSYoungGen: 6638K->451K(7680K)] 13759K->7572K(25088K), 0.0003570 secs] [Times: user=0.01 sys=0.00, real=0.00 secs] 
23.956: Total time for which application threads were stopped: 0.0415360 seconds, Stopping threads took: 0.0411120 seconds
23.956: Application time: 0.0008450 seconds
23.956: [GC [PSYoungGen: 6972K->939K(7680K)] 14093K->13920K(25088K), 0.0020270 secs] [Times: user=0.02 sys=0.00, real=0.00 secs] 
23.959: [Full GC [PSYoungGen: 939K->0K(7680K)] [ParOldGen: 12980K->8138K(17408K)] 13920K->8138K(25088K) [PSPermGen: 5108K->5108K(21504K)], 0.0050380 secs] [Times: user=0.02 sys=0.00, real=0.01 secs] 
23.964: Total time for which application threads were stopped: 0.0072310 seconds, Stopping threads took: 0.0000410 seconds
24.053: Application time: 0.0893320 seconds
24.104: [GC [PSYoungGen: 6462K->1005K(7680K)] 14600K->9542K(25088K), 0.0006150 secs] [Times: user=0.01 sys=0.00, real=0.00 secs] 
24.105: [Full GC [PSYoungGen: 1005K->0K(7680K)] [ParOldGen: 8536K->2795K(17408K)] 9542K->2795K(25088K) [PSPermGen: 5108K->5108K(21504K)], 0.0043130 secs] [Times: user=0.01 sys=0.00, real=0.01 secs] 
24.109: Total time for which application threads were stopped: 0.0565480 seconds, Stopping threads took: 0.0514920 seconds
24.111: Application time: 0.0012730 seconds
24.165: [GC [PSYoungGen: 6462K->1005K(7680K)] 9257K->7422K(25088K), 0.0016710 secs] [Times: user=0.01 sys=0.00, real=0.00 secs] 
24.166: Total time for which application threads were stopped: 0.0554680 seconds, Stopping threads took: 0.0537200 seconds
24.238: Application time: 0.0720500 seconds
24.284: [GC [PSYoungGen: 7565K->875K(7680K)] 13982K->7878K(25088K), 0.0008490 secs] [Times: user=0.01 sys=0.00, real=0.00 secs] 
24.285: Total time for which application threads were stopped: 0.0464560 seconds, Stopping threads took: 0.0455240 seconds
24.286: Application time: 0.0010570 seconds
24.329: [GC [PSYoungGen: 7416K->1005K(7680K)] 14419K->13899K(25088K), 0.0020930 secs] [Times: user=0.01 sys=0.00, real=0.00 secs] 
24.331: [Full GC [PSYoungGen: 1005K->0K(7680K)] [ParOldGen: 12894K->8292K(17408K)] 13899K->8292K(25088K) [PSPermGen: 5108K->5108K(21504K)], 0.0053400 secs] [Times: user=0.02 sys=0.01, real=0.00 secs] 
24.337: Total time for which application threads were stopped: 0.0509690 seconds, Stopping threads took: 0.0434160 seconds
24.416: Application time: 0.0794150 seconds
24.479: [GC [PSYoungGen: 6656K->646K(7680K)] 14948K->8939K(25088K), 0.0005250 secs] [Times: user=0.00 sys=0.00, real=0.00 secs] 
24.479: Total time for which application threads were stopped: 0.0632640 seconds, Stopping threads took: 0.0626710 seconds
24.480: Application time: 0.0008850 seconds
24.525: [GC [PSYoungGen: 7187K->1006K(7680K)] 15479K->14238K(25088K), 0.0017950 secs] [Times: user=0.01 sys=0.00, real=0.00 secs] 
24.527: [Full GC [PSYoungGen: 1006K->0K(7680K)] [ParOldGen: 13231K->7441K(17408K)] 14238K->7441K(25088K) [PSPermGen: 5108K->5108K(21504K)], 0.0051800 secs] [Times: user=0.02 sys=0.00, real=0.01 secs] 
24.532: Total time for which application threads were stopped: 0.0520080 seconds, Stopping threads took: 0.0449080 seconds
24.618: Application time: 0.0853860 seconds
24.678: [GC [PSYoungGen: 6540K->614K(7680K)] 13982K->8056K(25088K), 0.0004140 secs] [Times: user=0.00 sys=0.00, real=0.00 secs] 
24.679: Total time for which application threads were stopped: 0.0613440 seconds, Stopping threads took: 0.0597860 seconds
24.680: Application time: 0.0009170 seconds
24.724: [GC [PSYoungGen: 7077K->1008K(7680K)] 14518K->13315K(25088K), 0.0018200 secs] [Times: user=0.01 sys=0.00, real=0.00 secs] 
24.726: [Full GC [PSYoungGen: 1008K->0K(7680K)] [ParOldGen: 12307K->7357K(17408K)] 13315K->7357K(25088K) [PSPermGen: 5108K->5108K(21504K)], 0.0053180 secs] [Times: user=0.03 sys=0.00, real=0.01 secs] 
24.731: Total time for which application threads were stopped: 0.0511280 seconds, Stopping threads took: 0.0438520 seconds
24.806: Application time: 0.0744460 seconds
24.850: [GC [PSYoungGen: 6462K->907K(7680K)] 13819K->9046K(25088K), 0.0006740 secs] [Times: user=0.00 sys=0.00, real=0.00 secs] 
24.850: Total time for which application threads were stopped: 0.0447080 seconds, Stopping threads took: 0.0439440 seconds
24.851: Application time: 0.0009980 seconds
24.906: [GC [PSYoungGen: 7563K->939K(7680K)] 15702K->13277K(25088K), 0.0016380 secs] [Times: user=0.01 sys=0.00, real=0.00 secs] 
24.907: [Full GC [PSYoungGen: 939K->0K(7680K)] [ParOldGen: 12337K->6478K(17408K)] 13277K->6478K(25088K) [PSPermGen: 5108K->5108K(21504K)], 0.0048990 secs] [Times: user=0.02 sys=0.01, real=0.01 secs] 
24.912: Total time for which application threads were stopped: 0.0611350 seconds, Stopping threads took: 0.0544730 seconds
24.986: Application time: 0.0736350 seconds
25.029: [GC [PSYoungGen: 6656K->941K(7680K)] 13134K->7419K(25088K), 0.0005500 secs] [Times: user=0.00 sys=0.00, real=0.00 secs] 
25.030: Total time for which application threads were stopped: 0.0438890 seconds, Stopping threads took: 0.0432690 seconds
25.031: Application time: 0.0009260 seconds
25.074: [GC [PSYoungGen: 7501K->1005K(7680K)] 13979K->12960K(25088K), 0.0017990 secs] [Times: user=0.01 sys=0.00, real=0.00 secs] 
25.076: [Full GC [PSYoungGen: 1005K->0K(7680K)] [ParOldGen: 11955K->7845K(17408K)] 12960K->7845K(25088K) [PSPermGen: 5108K->5108K(21504K)], 0.0051570 secs] [Times: user=0.02 sys=0.00, real=0.01 secs] 
25.082: Total time for which application threads were stopped: 0.0506450 seconds, Stopping threads took: 0.0435680 seconds
25.156: Application time: 0.0747920 seconds
25.201: [GC [PSYoungGen: 6559K->841K(7680K)] 14405K->9078K(25088K), 0.0006020 secs] [Times: user=0.01 sys=0.00, real=0.01 secs] 
25.202: Total time for which application threads were stopped: 0.0452390 seconds, Stopping threads took: 0.0445570 seconds
25.203: Application time: 0.0009750 seconds
25.246: [GC [PSYoungGen: 7304K->1005K(7680K)] 15540K->13741K(25088K), 0.0016080 secs] [Times: user=0.01 sys=0.00, real=0.00 secs] 
25.248: [Full GC [PSYoungGen: 1005K->0K(7680K)] [ParOldGen: 12736K->6868K(17408K)] 13741K->6868K(25088K) [PSPermGen: 5108K->5108K(21504K)], 0.0049380 secs] [Times: user=0.02 sys=0.00, real=0.01 secs] 
25.253: Total time for which application threads were stopped: 0.0500100 seconds, Stopping threads took: 0.0433430 seconds
25.326: Application time: 0.0731050 seconds
25.370: [GC [PSYoungGen: 6638K->256K(7680K)] 13506K->7124K(25088K), 0.0003950 secs] [Times: user=0.01 sys=0.00, real=0.00 secs] 
25.370: Total time for which application threads were stopped: 0.0447560 seconds, Stopping threads took: 0.0442980 seconds
25.371: Application time: 0.0009250 seconds
25.426: [GC [PSYoungGen: 6911K->907K(7680K)] 13780K->12659K(25088K), 0.0017120 secs] [Times: user=0.01 sys=0.00, real=0.00 secs] 
25.428: [Full GC [PSYoungGen: 907K->0K(7680K)] [ParOldGen: 11752K->7190K(17408K)] 12659K->7190K(25088K) [PSPermGen: 5108K->5108K(21504K)], 0.0051910 secs] [Times: user=0.02 sys=0.00, real=0.01 secs] 
25.433: Total time for which application threads were stopped: 0.0616620 seconds, Stopping threads took: 0.0546410 seconds
25.510: Application time: 0.0767320 seconds
25.565: [GC [PSYoungGen: 6540K->419K(7680K)] 13730K->7609K(25088K), 0.0005440 secs] [Times: user=0.00 sys=0.00, real=0.00 secs] 
25.565: Total time for which application threads were stopped: 0.0554690 seconds, Stopping threads took: 0.0548630 seconds
25.566: Application time: 0.0007420 seconds
25.566: [GC [PSYoungGen: 6979K->1008K(7680K)] 14169K->14041K(25088K), 0.0020070 secs] [Times: user=0.02 sys=0.00, real=0.00 secs] 
25.568: [Full GC [PSYoungGen: 1008K->0K(7680K)] [ParOldGen: 13032K->8390K(17408K)] 14041K->8390K(25088K) [PSPermGen: 5108K->5108K(21504K)], 0.0051800 secs] [Times: user=0.02 sys=0.00, real=0.01 secs] 
25.573: Total time for which application threads were stopped: 0.0074490 seconds, Stopping threads took: 0.0001340 seconds
25.657: Application time: 0.0833450 seconds
25.698: [GC [PSYoungGen: 6559K->1005K(7680K)] 14950K->11161K(25088K), 0.0009430 secs] [Times: user=0.00 sys=0.01, real=0.00 secs] 
25.699: [Full GC [PSYoungGen: 1005K->0K(7680K)] [ParOldGen: 10156K->4191K(17408K)] 11161K->4191K(25088K) [PSPermGen: 5108K->5108K(21504K)], 0.0044030 secs] [Times: user=0.02 sys=0.00, real=0.01 secs] 
25.704: Total time for which application threads were stopped: 0.0469330 seconds, Stopping threads took: 0.0414670 seconds
25.775: Application time: 0.0709700 seconds
25.778: [GC [PSYoungGen: 6540K->582K(7680K)] 10732K->4774K(25088K), 0.0004130 secs] [Times: user=0.00 sys=0.00, real=0.00 secs] 
25.778: Total time for which application threads were stopped: 0.0034620 seconds, Stopping threads took: 0.0029740 seconds
25.779: Application time: 0.0007880 seconds
25.823: [GC [PSYoungGen: 7221K->1005K(7680K)] 11412K->10335K(25088K), 0.0017990 secs] [Times: user=0.01 sys=0.00, real=0.00 secs] 
25.825: [Full GC [PSYoungGen: 1005K->0K(7680K)] [ParOldGen: 9329K->7454K(17408K)] 10335K->7454K(25088K) [PSPermGen: 5108K->5108K(21504K)], 0.0050350 secs] [Times: user=0.02 sys=0.00, real=0.01 secs] 
25.830: Total time for which application threads were stopped: 0.0506860 seconds, Stopping threads took: 0.0437280 seconds
25.904: Application time: 0.0746300 seconds
25.950: [GC [PSYoungGen: 6442K->939K(7680K)] 13897K->9175K(25088K), 0.0006610 secs] [Times: user=0.01 sys=0.00, real=0.00 secs] 
25.950: Total time for which application threads were stopped: 0.0460890 seconds, Stopping threads took: 0.0453580 seconds
25.957: Application time: 0.0070860 seconds
26.021: [GC [PSYoungGen: 7402K->614K(7680K)] 15638K->8850K(25088K), 0.0004270 secs] [Times: user=0.00 sys=0.00, real=0.00 secs] 
26.022: Total time for which application threads were stopped: 0.0641970 seconds, Stopping threads took: 0.0637040 seconds
26.022: Application time: 0.0006890 seconds
26.066: [GC [PSYoungGen: 7077K->1006K(7680K)] 15313K->14182K(25088K), 0.0016510 secs] [Times: user=0.01 sys=0.01, real=0.00 secs] 
26.068: [Full GC [PSYoungGen: 1006K->0K(7680K)] [ParOldGen: 13175K->7385K(17408K)] 14182K->7385K(25088K) [PSPermGen: 5108K->5108K(21504K)], 0.0052530 secs] [Times: user=0.02 sys=0.00, real=0.01 secs] 
26.073: Total time for which application threads were stopped: 0.0508670 seconds, Stopping threads took: 0.0438210 seconds
26.148: Application time: 0.0749560 seconds
26.193: [GC [PSYoungGen: 6638K->1005K(7680K)] 14023K->9180K(25088K), 0.0006840 secs] [Times: user=0.00 sys=0.00, real=0.00 secs] 
26.194: Total time for which application threads were stopped: 0.0459740 seconds, Stopping threads took: 0.0452140 seconds
26.195: Application time: 0.0011050 seconds
26.238: [GC [PSYoungGen: 7448K->939K(7680K)] 15623K->14193K(25088K), 0.0018610 secs] [Times: user=0.01 sys=0.01, real=0.00 secs] 
26.240: [Full GC [PSYoungGen: 939K->0K(7680K)] [ParOldGen: 13253K->7443K(17408K)] 14193K->7443K(25088K) [PSPermGen: 5108K->5108K(21504K)], 0.0049950 secs] [Times: user=0.02 sys=0.00, real=0.01 secs] 
26.245: Total time for which application threads were stopped: 0.0498860 seconds, Stopping threads took: 0.0429010 seconds
26.343: Application time: 0.0983320 seconds
26.400: [GC [PSYoungGen: 6540K->614K(7680K)] 13983K->8057K(25088K), 0.0006610 secs] [Times: user=0.01 sys=0.00, real=0.00 secs] 
26.400: Total time for which application threads were stopped: 0.0570070 seconds, Stopping threads took: 0.0562560 seconds
26.401: Application time: 0.0008540 seconds
26.401: [GC [PSYoungGen: 7174K->1006K(7680K)] 14617K->14553K(25088K), 0.0019800 secs] [Times: user=0.02 sys=0.00, real=0.00 secs] 
26.403: [Full GC [PSYoungGen: 1006K->0K(7680K)] [ParOldGen: 13546K->8529K(17408K)] 14553K->8529K(25088K) [PSPermGen: 5108K->5108K(21504K)], 0.0053950 secs] [Times: user=0.02 sys=0.01, real=0.00 secs] 
26.409: Total time for which application threads were stopped: 0.0075790 seconds, Stopping threads took: 0.0000750 seconds
26.512: Application time: 0.1027460 seconds
26.567: [GC [PSYoungGen: 6364K->614K(7680K)] 14893K->9144K(25088K), 0.0006720 secs] [Times: user=0.00 sys=0.00, real=0.00 secs] 
26.567: [Full GC [PSYoungGen: 614K->0K(7680K)] [ParOldGen: 8529K->1986K(17408K)] 9144K->1986K(25088K) [PSPermGen: 5108K->5108K(21504K)], 0.0040930 secs] [Times: user=0.01 sys=0.00, real=0.01 secs] 
26.572: Total time for which application threads were stopped: 0.0599360 seconds, Stopping threads took: 0.0550610 seconds
26.573: Application time: 0.0012470 seconds
26.616: [GC [PSYoungGen: 6462K->1005K(7680K)] 8449K->7980K(25088K), 0.0019380 secs] [Times: user=0.01 sys=0.00, real=0.00 secs] 
26.618: Total time for which application threads were stopped: 0.0453700 seconds, Stopping threads took: 0.0433430 seconds
26.691: Application time: 0.0731810 seconds
26.737: [GC [PSYoungGen: 7467K->875K(7680K)] 14443K->8632K(25088K), 0.0007610 secs] [Times: user=0.00 sys=0.00, real=0.00 secs] 
26.738: Total time for which application threads were stopped: 0.0468070 seconds, Stopping threads took: 0.0459730 seconds
26.739: Application time: 0.0011860 seconds
26.792: [GC [PSYoungGen: 7531K->1005K(7680K)] 15288K->13946K(25088K), 0.0019840 secs] [Times: user=0.01 sys=0.00, real=0.00 secs] 
26.794: [Full GC [PSYoungGen: 1005K->0K(7680K)] [ParOldGen: 12940K->7553K(17408K)] 13946K->7553K(25088K) [PSPermGen: 5108K->5108K(21504K)], 0.0049900 secs] [Times: user=0.02 sys=0.00, real=0.00 secs] 
26.799: Total time for which application threads were stopped: 0.0600350 seconds, Stopping threads took: 0.0529280 seconds
26.877: Application time: 0.0780940 seconds
26.922: [GC [PSYoungGen: 6656K->1005K(7680K)] 14209K->8558K(25088K), 0.0004950 secs] [Times: user=0.00 sys=0.00, real=0.00 secs] 
26.922: Total time for which application threads were stopped: 0.0445880 seconds, Stopping threads took: 0.0440150 seconds
26.923: Application time: 0.0008150 seconds
26.972: [GC [PSYoungGen: 7661K->1005K(7680K)] 15214K->14133K(25088K), 0.0019880 secs] [Times: user=0.01 sys=0.00, real=0.00 secs] 
26.974: [Full GC [PSYoungGen: 1005K->0K(7680K)] [ParOldGen: 13127K->7943K(17408K)] 14133K->7943K(25088K) [PSPermGen: 5108K->5108K(21504K)], 0.0052060 secs] [Times: user=0.03 sys=0.00, real=0.00 secs] 
26.979: Total time for which application threads were stopped: 0.0564760 seconds, Stopping threads took: 0.0491320 seconds
27.056: Application time: 0.0762720 seconds
27.121: [GC [PSYoungGen: 6559K->907K(7680K)] 14503K->9241K(25088K), 0.0005820 secs] [Times: user=0.00 sys=0.00, real=0.00 secs] 
27.122: [Full GC [PSYoungGen: 907K->0K(7680K)] [ParOldGen: 8334K->2670K(17408K)] 9241K->2670K(25088K) [PSPermGen: 5108K->5108K(21504K)], 0.0042450 secs] [Times: user=0.02 sys=0.00, real=0.00 secs] 
27.126: Total time for which application threads were stopped: 0.0704960 seconds, Stopping threads took: 0.0655510 seconds
27.128: Application time: 0.0013950 seconds
27.172: [GC [PSYoungGen: 6656K->1006K(7680K)] 9326K->9471K(25088K), 0.0021750 secs] [Times: user=0.02 sys=0.00, real=0.00 secs] 
27.174: [Full GC [PSYoungGen: 1006K->0K(7680K)] [ParOldGen: 8464K->8236K(17408K)] 9471K->8236K(25088K) [PSPermGen: 5108K->5108K(21504K)], 0.0046300 secs] [Times: user=0.02 sys=0.00, real=0.00 secs] 
27.179: Total time for which application threads were stopped: 0.0511500 seconds, Stopping threads took: 0.0442090 seconds
27.271: Application time: 0.0924300 seconds
27.335: [GC [PSYoungGen: 6656K->614K(7680K)] 14892K->8851K(25088K), 0.0004930 secs] [Times: user=0.00 sys=0.00, real=0.00 secs] 
27.336: [Full GC [PSYoungGen: 614K->0K(7680K)] [ParOldGen: 8236K->1986K(17408K)] 8851K->1986K(25088K) [PSPermGen: 5108K->5108K(21504K)], 0.0040350 secs] [Times: user=0.01 sys=0.00, real=0.00 secs] 
27.340: Total time for which application threads were stopped: 0.0688730 seconds, Stopping threads took: 0.0642350 seconds
27.341: Application time: 0.0011500 seconds
27.341: [GC [PSYoungGen: 6619K->1005K(7680K)] 8605K->8696K(25088K), 0.0020560 secs] [Times: user=0.01 sys=0.00, real=0.00 secs] 
27.343: [Full GC [PSYoungGen: 1005K->0K(7680K)] [ParOldGen: 7691K->8432K(17408K)] 8696K->8432K(25088K) [PSPermGen: 5108K->5108K(21504K)], 0.0053250 secs] [Times: user=0.03 sys=0.00, real=0.00 secs] 
27.349: Total time for which application threads were stopped: 0.0075870 seconds, Stopping threads took: 0.0000770 seconds
27.427: Application time: 0.0782950 seconds
27.490: [GC [PSYoungGen: 6462K->646K(7680K)] 14894K->9078K(25088K), 0.0005500 secs] [Times: user=0.01 sys=0.00, real=0.00 secs] 
27.490: [Full GC [PSYoungGen: 646K->0K(7680K)] [ParOldGen: 8432K->1986K(17408K)] 9078K->1986K(25088K) [PSPermGen: 5108K->5108K(21504K)], 0.0042210 secs] [Times: user=0.01 sys=0.00, real=0.00 secs] 
27.495: Total time for which application threads were stopped: 0.0676110 seconds, Stopping threads took: 0.0627230 seconds
27.496: Application time: 0.0014130 seconds
27.496: [GC [PSYoungGen: 6560K->939K(7680K)] 8547K->8786K(25088K), 0.0018330 secs] [Times: user=0.01 sys=0.00, real=0.00 secs] 
27.498: [Full GC [PSYoungGen: 939K->0K(7680K)] [ParOldGen: 7846K->8529K(17408K)] 8786K->8529K(25088K) [PSPermGen: 5108K->5108K(21504K)], 0.0047880 secs] [Times: user=0.02 sys=0.00, real=0.01 secs] 
27.503: Total time for which application threads were stopped: 0.0067870 seconds, Stopping threads took: 0.0000430 seconds
27.579: Application time: 0.0765360 seconds
27.643: [GC [PSYoungGen: 6364K->582K(7680K)] 14894K->9112K(25088K), 0.0004200 secs] [Times: user=0.00 sys=0.00, real=0.00 secs] 
27.644: [Full GC [PSYoungGen: 582K->0K(7680K)] [ParOldGen: 8529K->1986K(17408K)] 9112K->1986K(25088K) [PSPermGen: 5108K->5108K(21504K)], 0.0038790 secs] [Times: user=0.02 sys=0.00, real=0.00 secs] 
27.648: Total time for which application threads were stopped: 0.0682040 seconds, Stopping threads took: 0.0637940 seconds
27.649: Application time: 0.0010930 seconds
27.693: [GC [PSYoungGen: 6540K->1008K(7680K)] 8527K->7861K(25088K), 0.0017790 secs] [Times: user=0.01 sys=0.00, real=0.00 secs] 
27.695: Total time for which application threads were stopped: 0.0460010 seconds, Stopping threads took: 0.0441400 seconds
27.768: Application time: 0.0733150 seconds
27.814: [GC [PSYoungGen: 7548K->939K(7680K)] 14401K->8573K(25088K), 0.0006450 secs] [Times: user=0.00 sys=0.00, real=0.00 secs] 
27.814: Total time for which application threads were stopped: 0.0462340 seconds, Stopping threads took: 0.0455210 seconds
27.815: Application time: 0.0009170 seconds
27.869: [GC [PSYoungGen: 7380K->1005K(7680K)] 15014K->12800K(25088K), 0.0015380 secs] [Times: user=0.01 sys=0.00, real=0.01 secs] 
27.871: [Full GC [PSYoungGen: 1005K->0K(7680K)] [ParOldGen: 11795K->7260K(17408K)] 12800K->7260K(25088K) [PSPermGen: 5108K->5108K(21504K)], 0.0054390 secs] [Times: user=0.02 sys=0.00, real=0.00 secs] 
27.876: Total time for which application threads were stopped: 0.0609300 seconds, Stopping threads took: 0.0538190 seconds
27.949: Application time: 0.0732410 seconds
27.995: [GC [PSYoungGen: 6656K->907K(7680K)] 13916K->10121K(25088K), 0.0009160 secs] [Times: user=0.00 sys=0.00, real=0.00 secs] 
27.996: [Full GC [PSYoungGen: 907K->0K(7680K)] [ParOldGen: 9213K->4233K(17408K)] 10121K->4233K(25088K) [PSPermGen: 5108K->5108K(21504K)], 0.0045340 secs] [Times: user=0.02 sys=0.00, real=0.00 secs] 
28.000: Total time for which application threads were stopped: 0.0507860 seconds, Stopping threads took: 0.0452030 seconds
28.079: Application time: 0.0786890 seconds
28.092: [GC [PSYoungGen: 6443K->582K(7680K)] 10676K->4815K(25088K), 0.0003790 secs] [Times: user=0.00 sys=0.00, real=0.00 secs] 
28.092: Total time for which application threads were stopped: 0.0131670 seconds, Stopping threads took: 0.0127280 seconds
28.093: Application time: 0.0007390 seconds
28.145: [GC [PSYoungGen: 7219K->1005K(7680K)] 11452K->9282K(25088K), 0.0015600 secs] [Times: user=0.01 sys=0.00, real=0.00 secs] 
28.146: Total time for which application threads were stopped: 0.0535200 seconds, Stopping threads took: 0.0518630 seconds
28.220: Application time: 0.0738280 seconds
28.264: [GC [PSYoungGen: 7661K->841K(7680K)] 15938K->10291K(25088K), 0.0009120 secs] [Times: user=0.00 sys=0.01, real=0.00 secs] 
28.265: [Full GC [PSYoungGen: 841K->0K(7680K)] [ParOldGen: 9449K->3411K(17408K)] 10291K->3411K(25088K) [PSPermGen: 5108K->5108K(21504K)], 0.0041840 secs] [Times: user=0.02 sys=0.00, real=0.01 secs] 
28.270: Total time for which application threads were stopped: 0.0494610 seconds, Stopping threads took: 0.0442460 seconds
28.271: Application time: 0.0017880 seconds
28.341: [GC [PSYoungGen: 6638K->1005K(7680K)] 10049K->4416K(25088K), 0.0004670 secs] [Times: user=0.01 sys=0.00, real=0.01 secs] 
28.341: Total time for which application threads were stopped: 0.0700140 seconds, Stopping threads took: 0.0694820 seconds
28.342: Application time: 0.0008760 seconds
28.386: [GC [PSYoungGen: 7467K->1005K(7680K)] 10879K->9796K(25088K), 0.0017840 secs] [Times: user=0.01 sys=0.00, real=0.00 secs] 
28.388: [Full GC [PSYoungGen: 1005K->0K(7680K)] [ParOldGen: 8790K->7748K(17408K)] 9796K->7748K(25088K) [PSPermGen: 5108K->5108K(21504K)], 0.0055280 secs] [Times: user=0.01 sys=0.01, real=0.01 secs] 
28.393: Total time for which application threads were stopped: 0.0509290 seconds, Stopping threads took: 0.0434910 seconds
28.470: Application time: 0.0766890 seconds
28.532: [GC [PSYoungGen: 6266K->809K(7680K)] 14015K->8558K(25088K), 0.0004420 secs] [Times: user=0.00 sys=0.00, real=0.00 secs] 
28.533: Total time for which application threads were stopped: 0.0629980 seconds, Stopping threads took: 0.0624780 seconds
28.534: Application time: 0.0009040 seconds
28.534: [GC [PSYoungGen: 7465K->1005K(7680K)] 15214K->15207K(25088K), 0.0020420 secs] [Times: user=0.02 sys=0.00, real=0.00 secs] 
28.536: [Full GC [PSYoungGen: 1005K->0K(7680K)] [ParOldGen: 14202K->8823K(17408K)] 15207K->8823K(25088K) [PSPermGen: 5108K->5108K(21504K)], 0.0055120 secs] [Times: user=0.02 sys=0.00, real=0.01 secs] 
28.542: Total time for which application threads were stopped: 0.0079110 seconds, Stopping threads took: 0.0002310 seconds
28.616: Application time: 0.0743080 seconds
28.681: [GC [PSYoungGen: 6559K->1005K(7680K)] 15382K->11000K(25088K), 0.0010270 secs] [Times: user=0.00 sys=0.00, real=0.00 secs] 
28.683: [Full GC [PSYoungGen: 1005K->0K(7680K)] [ParOldGen: 9995K->3549K(17408K)] 11000K->3549K(25088K) [PSPermGen: 5108K->5108K(21504K)], 0.0043570 secs] [Times: user=0.02 sys=0.00, real=0.00 secs] 
28.687: Total time for which application threads were stopped: 0.0709260 seconds, Stopping threads took: 0.0654210 seconds
28.688: Application time: 0.0014080 seconds
28.757: [GC [PSYoungGen: 6560K->1005K(7680K)] 10110K->7981K(25088K), 0.0015330 secs] [Times: user=0.01 sys=0.00, real=0.00 secs] 
28.759: Total time for which application threads were stopped: 0.0706920 seconds, Stopping threads took: 0.0690760 seconds
28.830: Application time: 0.0713300 seconds
28.875: [GC [PSYoungGen: 7661K->1005K(7680K)] 14637K->8372K(25088K), 0.0006790 secs] [Times: user=0.00 sys=0.00, real=0.00 secs] 
28.876: Total time for which application threads were stopped: 0.0454840 seconds, Stopping threads took: 0.0447180 seconds
28.877: Application time: 0.0009560 seconds
28.921: [GC [PSYoungGen: 7565K->939K(7680K)] 14932K->13189K(25088K), 0.0018660 secs] [Times: user=0.01 sys=0.00, real=0.01 secs] 
28.923: [Full GC [PSYoungGen: 939K->0K(7680K)] [ParOldGen: 12249K->7163K(17408K)] 13189K->7163K(25088K) [PSPermGen: 5108K->5108K(21504K)], 0.0052390 secs] [Times: user=0.02 sys=0.00, real=0.00 secs] 
28.928: Total time for which application threads were stopped: 0.0510850 seconds, Stopping threads took: 0.0438560 seconds
29.002: Application time: 0.0737230 seconds
29.046: [GC [PSYoungGen: 6656K->550K(7680K)] 13819K->7713K(25088K), 0.0004680 secs] [Times: user=0.00 sys=0.00, real=0.00 secs] 
29.046: Total time for which application threads were stopped: 0.0446370 seconds, Stopping threads took: 0.0440730 seconds
29.047: Application time: 0.0008000 seconds
29.100: [GC [PSYoungGen: 6896K->1006K(7680K)] 14059K->11839K(25088K), 0.0014510 secs] [Times: user=0.01 sys=0.00, real=0.00 secs] 
29.101: [Full GC [PSYoungGen: 1006K->0K(7680K)] [ParOldGen: 10832K->6117K(17408K)] 11839K->6117K(25088K) [PSPermGen: 5108K->5108K(21504K)], 0.0048950 secs] [Times: user=0.02 sys=0.01, real=0.00 secs] 
29.106: Total time for which application threads were stopped: 0.0590390 seconds, Stopping threads took: 0.0525410 seconds
29.178: Application time: 0.0719000 seconds
29.227: [GC [PSYoungGen: 6656K->907K(7680K)] 12773K->7806K(25088K), 0.0006680 secs] [Times: user=0.00 sys=0.00, real=0.00 secs] 
29.227: Total time for which application threads were stopped: 0.0492580 seconds, Stopping threads took: 0.0485150 seconds
29.228: Application time: 0.0011010 seconds
29.272: [GC [PSYoungGen: 7546K->1005K(7680K)] 14444K->13014K(25088K), 0.0018430 secs] [Times: user=0.01 sys=0.00, real=0.00 secs] 
29.274: [Full GC [PSYoungGen: 1005K->0K(7680K)] [ParOldGen: 12009K->7512K(17408K)] 13014K->7512K(25088K) [PSPermGen: 5108K->5108K(21504K)], 0.0050880 secs] [Times: user=0.02 sys=0.00, real=0.00 secs] 
29.279: Total time for which application threads were stopped: 0.0503500 seconds, Stopping threads took: 0.0432950 seconds
29.381: Application time: 0.1022670 seconds
29.434: [GC [PSYoungGen: 6364K->614K(7680K)] 13877K->8127K(25088K), 0.0004210 secs] [Times: user=0.00 sys=0.00, real=0.00 secs] 
29.435: Total time for which application threads were stopped: 0.0535090 seconds, Stopping threads took: 0.0530260 seconds
29.438: Application time: 0.0030300 seconds
29.504: [GC [PSYoungGen: 7253K->1005K(7680K)] 14766K->9299K(25088K), 0.0007360 secs] [Times: user=0.00 sys=0.00, real=0.00 secs] 
29.505: Total time for which application threads were stopped: 0.0676730 seconds, Stopping threads took: 0.0668490 seconds
29.506: Application time: 0.0009410 seconds
29.550: [GC [PSYoungGen: 7467K->1005K(7680K)] 15761K->14410K(25088K), 0.0019370 secs] [Times: user=0.01 sys=0.01, real=0.00 secs] 
29.552: [Full GC [PSYoungGen: 1005K->0K(7680K)] [ParOldGen: 13404K->7541K(17408K)] 14410K->7541K(25088K) [PSPermGen: 5108K->5108K(21504K)], 0.0049710 secs] [Times: user=0.02 sys=0.00, real=0.00 secs] 
29.557: Total time for which application threads were stopped: 0.0507940 seconds, Stopping threads took: 0.0437490 seconds
29.631: Application time: 0.0745160 seconds
29.677: [GC [PSYoungGen: 6656K->1005K(7680K)] 14197K->9523K(25088K), 0.0007720 secs] [Times: user=0.00 sys=0.00, real=0.00 secs] 
29.677: Total time for which application threads were stopped: 0.0458390 seconds, Stopping threads took: 0.0449950 seconds
29.679: Application time: 0.0014750 seconds
29.749: [GC [PSYoungGen: 7643K->1005K(7680K)] 16161K->9523K(25088K), 0.0005390 secs] [Times: user=0.00 sys=0.00, real=0.01 secs] 
29.749: Total time for which application threads were stopped: 0.0705260 seconds, Stopping threads took: 0.0699200 seconds
29.750: Application time: 0.0008580 seconds
29.794: [GC [PSYoungGen: 7643K->1021K(7680K)] 16161K->15016K(25088K), 0.0019070 secs] [Times: user=0.01 sys=0.01, real=0.00 secs] 
29.796: [Full GC [PSYoungGen: 1021K->0K(7680K)] [ParOldGen: 13995K->7847K(17408K)] 15016K->7847K(25088K) [PSPermGen: 5108K->5108K(21504K)], 0.0054870 secs] [Times: user=0.02 sys=0.00, real=0.01 secs] 
29.801: Total time for which application threads were stopped: 0.0510400 seconds, Stopping threads took: 0.0435180 seconds
29.879: Application time: 0.0778020 seconds
29.933: [GC [PSYoungGen: 6559K->973K(7680K)] 14406K->9015K(25088K), 0.0006500 secs] [Times: user=0.00 sys=0.00, real=0.00 secs] 
29.934: Total time for which application threads were stopped: 0.0549870 seconds, Stopping threads took: 0.0542470 seconds
29.935: Application time: 0.0013430 seconds
30.004: [GC [PSYoungGen: 7572K->841K(7680K)] 15615K->10251K(25088K), 0.0008370 secs] [Times: user=0.00 sys=0.00, real=0.00 secs] 
30.005: Total time for which application threads were stopped: 0.0696000 seconds, Stopping threads took: 0.0686960 seconds
30.010: Application time: 0.0048550 seconds
30.076: [GC [PSYoungGen: 7402K->1021K(7680K)] 16811K->10626K(25088K), 0.0005980 secs] [Times: user=0.00 sys=0.00, real=0.00 secs] 
30.076: Total time for which application threads were stopped: 0.0664070 seconds, Stopping threads took: 0.0657300 seconds
30.085: Application time: 0.0089850 seconds
30.147: [GC [PSYoungGen: 7581K->192K(7680K)] 17186K->9796K(25088K), 0.0003900 secs] [Times: user=0.00 sys=0.00, real=0.00 secs] 
30.148: Total time for which application threads were stopped: 0.0623520 seconds, Stopping threads took: 0.0618900 seconds
30.149: Application time: 0.0016330 seconds
30.218: [GC [PSYoungGen: 6654K->256K(7680K)] 16259K->9860K(25088K), 0.0003300 secs] [Times: user=0.01 sys=0.00, real=0.00 secs] 
30.218: Total time for which application threads were stopped: 0.0687360 seconds, Stopping threads took: 0.0683480 seconds
30.219: Application time: 0.0006000 seconds
30.219: [GC [PSYoungGen: 6816K->1006K(7680K)] 16421K->16340K(25088K), 0.0017110 secs] [Times: user=0.01 sys=0.00, real=0.00 secs] 
30.221: [Full GC [PSYoungGen: 1006K->0K(7680K)] [ParOldGen: 15333K->8225K(17408K)] 16340K->8225K(25088K) [PSPermGen: 5109K->5109K(21504K)], 0.0055790 secs] [Times: user=0.03 sys=0.00, real=0.01 secs] 
30.226: Total time for which application threads were stopped: 0.0075750 seconds, Stopping threads took: 0.0001770 seconds
30.306: Application time: 0.0796300 seconds
30.367: [GC [PSYoungGen: 6559K->419K(7680K)] 14784K->8644K(25088K), 0.0003970 secs] [Times: user=0.00 sys=0.00, real=0.00 secs] 
30.368: Total time for which application threads were stopped: 0.0617990 seconds, Stopping threads took: 0.0613430 seconds
30.368: Application time: 0.0007400 seconds
30.368: [GC [PSYoungGen: 6979K->1008K(7680K)] 15204K->15051K(25088K), 0.0020190 secs] [Times: user=0.02 sys=0.00, real=0.01 secs] 
30.371: [Full GC [PSYoungGen: 1008K->0K(7680K)] [ParOldGen: 14043K->8335K(17408K)] 15051K->8335K(25088K) [PSPermGen: 5109K->5109K(21504K)], 0.0054830 secs] [Times: user=0.02 sys=0.00, real=0.00 secs] 
30.376: Total time for which application threads were stopped: 0.0077850 seconds, Stopping threads took: 0.0001600 seconds
30.475: Application time: 0.0985960 seconds
30.536: [GC [PSYoungGen: 6559K->614K(7680K)] 14895K->8949K(25088K), 0.0004330 secs] [Times: user=0.00 sys=0.00, real=0.00 secs] 
30.536: Total time for which application threads were stopped: 0.0612780 seconds, Stopping threads took: 0.0607730 seconds
30.537: Application time: 0.0007100 seconds
30.537: [GC [PSYoungGen: 7077K->1005K(7680K)] 15412K->15403K(25088K), 0.0019430 secs] [Times: user=0.01 sys=0.00, real=0.00 secs] 
30.539: [Full GC [PSYoungGen: 1005K->0K(7680K)] [ParOldGen: 14398K->8433K(17408K)] 15403K->8433K(25088K) [PSPermGen: 5109K->5109K(21504K)], 0.0055170 secs] [Times: user=0.03 sys=0.00, real=0.01 secs] 
30.544: Total time for which application threads were stopped: 0.0077660 seconds, Stopping threads took: 0.0001770 seconds
30.622: Application time: 0.0774790 seconds
30.685: [GC [PSYoungGen: 6462K->582K(7680K)] 14895K->9015K(25088K), 0.0004910 secs] [Times: user=0.00 sys=0.00, real=0.00 secs] 
30.685: [Full GC [PSYoungGen: 582K->0K(7680K)] [ParOldGen: 8433K->1987K(17408K)] 9015K->1987K(25088K) [PSPermGen: 5109K->5109K(21504K)], 0.0042570 secs] [Times: user=0.02 sys=0.00, real=0.01 secs] 
30.690: Total time for which application threads were stopped: 0.0678380 seconds, Stopping threads took: 0.0629540 seconds
30.691: Application time: 0.0013040 seconds
30.735: [GC [PSYoungGen: 6638K->1005K(7680K)] 8626K->8103K(25088K), 0.0017670 secs] [Times: user=0.02 sys=0.00, real=0.00 secs] 
30.737: Total time for which application threads were stopped: 0.0457790 seconds, Stopping threads took: 0.0439370 seconds
30.812: Application time: 0.0747380 seconds
30.856: [GC [PSYoungGen: 7369K->614K(7680K)] 14468K->7712K(25088K), 0.0003980 secs] [Times: user=0.00 sys=0.00, real=0.00 secs] 
30.856: Total time for which application threads were stopped: 0.0446700 seconds, Stopping threads took: 0.0442090 seconds
30.857: Application time: 0.0008770 seconds
30.912: [GC [PSYoungGen: 7077K->1005K(7680K)] 14175K->13092K(25088K), 0.0017700 secs] [Times: user=0.01 sys=0.00, real=0.00 secs] 
30.914: [Full GC [PSYoungGen: 1005K->0K(7680K)] [ParOldGen: 12087K->7387K(17408K)] 13092K->7387K(25088K) [PSPermGen: 5109K->5109K(21504K)], 0.0051200 secs] [Times: user=0.02 sys=0.00, real=0.00 secs] 
30.919: Total time for which application threads were stopped: 0.0616360 seconds, Stopping threads took: 0.0546030 seconds
31.014: Application time: 0.0956230 seconds
31.072: [GC [PSYoungGen: 6462K->582K(7680K)] 13849K->7969K(25088K), 0.0003570 secs] [Times: user=0.00 sys=0.00, real=0.00 secs] 
31.073: Total time for which application threads were stopped: 0.0581390 seconds, Stopping threads took: 0.0577200 seconds
31.073: Application time: 0.0007720 seconds
31.117: [GC [PSYoungGen: 7221K->1005K(7680K)] 14608K->13479K(25088K), 0.0018780 secs] [Times: user=0.01 sys=0.00, real=0.00 secs] 
31.119: [Full GC [PSYoungGen: 1005K->0K(7680K)] [ParOldGen: 12473K->7513K(17408K)] 13479K->7513K(25088K) [PSPermGen: 5109K->5109K(21504K)], 0.0051190 secs] [Times: user=0.02 sys=0.00, real=0.01 secs] 
31.124: Total time for which application threads were stopped: 0.0508250 seconds, Stopping threads took: 0.0437000 seconds
31.211: Application time: 0.0865210 seconds
31.265: [GC [PSYoungGen: 6656K->1005K(7680K)] 14169K->9495K(25088K), 0.0007410 secs] [Times: user=0.01 sys=0.00, real=0.00 secs] 
31.266: [Full GC [PSYoungGen: 1005K->0K(7680K)] [ParOldGen: 8490K->3411K(17408K)] 9495K->3411K(25088K) [PSPermGen: 5109K->5109K(21504K)], 0.0041330 secs] [Times: user=0.01 sys=0.00, real=0.01 secs] 
31.270: Total time for which application threads were stopped: 0.0594870 seconds, Stopping threads took: 0.0544790 seconds
31.272: Application time: 0.0013680 seconds
31.337: [GC [PSYoungGen: 6638K->842K(7680K)] 10050K->8746K(25088K), 0.0017630 secs] [Times: user=0.01 sys=0.00, real=0.00 secs] 
31.338: Total time for which application threads were stopped: 0.0668640 seconds, Stopping threads took: 0.0650180 seconds
31.412: Application time: 0.0734390 seconds
31.457: [GC [PSYoungGen: 7498K->939K(7680K)] 15402K->10211K(25088K), 0.0009420 secs] [Times: user=0.00 sys=0.00, real=0.00 secs] 
31.458: [Full GC [PSYoungGen: 939K->0K(7680K)] [ParOldGen: 9271K->3733K(17408K)] 10211K->3733K(25088K) [PSPermGen: 5109K->5109K(21504K)], 0.0043630 secs] [Times: user=0.02 sys=0.00, real=0.01 secs] 
31.462: Total time for which application threads were stopped: 0.0502440 seconds, Stopping threads took: 0.0447990 seconds
31.542: Application time: 0.0795060 seconds
31.553: [GC [PSYoungGen: 6638K->256K(7680K)] 10371K->3989K(25088K), 0.0003560 secs] [Times: user=0.00 sys=0.00, real=0.00 secs] 
31.553: Total time for which application threads were stopped: 0.0112860 seconds, Stopping threads took: 0.0108670 seconds
31.554: Application time: 0.0008330 seconds
31.554: [GC [PSYoungGen: 6874K->1021K(7680K)] 10608K->10475K(25088K), 0.0019400 secs] [Times: user=0.02 sys=0.00, real=0.00 secs] 
31.556: [Full GC [PSYoungGen: 1021K->0K(7680K)] [ParOldGen: 9453K->8042K(17408K)] 10475K->8042K(25088K) [PSPermGen: 5109K->5109K(21504K)], 0.0052950 secs] [Times: user=0.02 sys=0.01, real=0.01 secs] 
31.561: Total time for which application threads were stopped: 0.0074940 seconds, Stopping threads took: 0.0001220 seconds
31.658: Application time: 0.0972650 seconds
31.713: [GC [PSYoungGen: 6540K->256K(7680K)] 14583K->8298K(25088K), 0.0003910 secs] [Times: user=0.00 sys=0.00, real=0.00 secs] 
31.713: Total time for which application threads were stopped: 0.0545410 seconds, Stopping threads took: 0.0540820 seconds
31.714: Application time: 0.0008900 seconds
31.764: [GC [PSYoungGen: 6892K->1005K(7680K)] 14935K->13772K(25088K), 0.0015310 secs] [Times: user=0.02 sys=0.00, real=0.00 secs] 
31.766: [Full GC [PSYoungGen: 1005K->0K(7680K)] [ParOldGen: 12766K->7148K(17408K)] 13772K->7148K(25088K) [PSPermGen: 5109K->5109K(21504K)], 0.0054410 secs] [Times: user=0.02 sys=0.00, real=0.01 secs] 
31.771: Total time for which application threads were stopped: 0.0571300 seconds, Stopping threads took: 0.0500420 seconds
31.845: Application time: 0.0743980 seconds
31.890: [GC [PSYoungGen: 6559K->355K(7680K)] 13708K->7504K(25088K), 0.0003540 secs] [Times: user=0.00 sys=0.01, real=0.00 secs] 
31.891: Total time for which application threads were stopped: 0.0450620 seconds, Stopping threads took: 0.0446350 seconds
31.891: Application time: 0.0008740 seconds
31.944: [GC [PSYoungGen: 7011K->939K(7680K)] 14160K->13167K(25088K), 0.0018220 secs] [Times: user=0.02 sys=0.00, real=0.00 secs] 
31.945: [Full GC [PSYoungGen: 939K->0K(7680K)] [ParOldGen: 12227K->7359K(17408K)] 13167K->7359K(25088K) [PSPermGen: 5109K->5109K(21504K)], 0.0050830 secs] [Times: user=0.02 sys=0.00, real=0.01 secs] 
31.951: Total time for which application threads were stopped: 0.0592230 seconds, Stopping threads took: 0.0521900 seconds
32.031: Application time: 0.0805000 seconds
32.075: [GC [PSYoungGen: 6462K->646K(7680K)] 13821K->8006K(25088K), 0.0004000 secs] [Times: user=0.01 sys=0.00, real=0.00 secs] 
32.076: Total time for which application threads were stopped: 0.0445120 seconds, Stopping threads took: 0.0440440 seconds
32.077: Application time: 0.0009510 seconds
32.120: [GC [PSYoungGen: 7206K->1005K(7680K)] 14566K->13451K(25088K), 0.0018200 secs] [Times: user=0.01 sys=0.00, real=0.01 secs] 
32.122: [Full GC [PSYoungGen: 1005K->0K(7680K)] [ParOldGen: 12446K->7456K(17408K)] 13451K->7456K(25088K) [PSPermGen: 5109K->5109K(21504K)], 0.0051430 secs] [Times: user=0.03 sys=0.00, real=0.00 secs] 
32.127: Total time for which application threads were stopped: 0.0507990 seconds, Stopping threads took: 0.0437080 seconds
32.208: Application time: 0.0807620 seconds
32.253: [GC [PSYoungGen: 6462K->973K(7680K)] 13919K->9211K(25088K), 0.0007270 secs] [Times: user=0.00 sys=0.00, real=0.00 secs] 
32.254: Total time for which application threads were stopped: 0.0456750 seconds, Stopping threads took: 0.0448760 seconds
32.255: Application time: 0.0011210 seconds
32.323: [GC [PSYoungGen: 7533K->1005K(7680K)] 15771K->13353K(25088K), 0.0015590 secs] [Times: user=0.01 sys=0.00, real=0.00 secs] 
32.325: [Full GC [PSYoungGen: 1005K->0K(7680K)] [ParOldGen: 12348K->6480K(17408K)] 13353K->6480K(25088K) [PSPermGen: 5109K->5109K(21504K)], 0.0049850 secs] [Times: user=0.02 sys=0.00, real=0.01 secs] 
32.330: Total time for which application threads were stopped: 0.0747100 seconds, Stopping threads took: 0.0680440 seconds
32.402: Application time: 0.0724510 seconds
32.407: [GC [PSYoungGen: 6656K->1005K(7680K)] 13136K->9642K(25088K), 0.0010260 secs] [Times: user=0.01 sys=0.00, real=0.00 secs] 
32.408: Total time for which application threads were stopped: 0.0056860 seconds, Stopping threads took: 0.0045780 seconds
32.488: Application time: 0.0802360 seconds
32.504: [GC [PSYoungGen: 7467K->1005K(7680K)] 16104K->9642K(25088K), 0.0005280 secs] [Times: user=0.00 sys=0.00, real=0.00 secs] 
32.505: Total time for which application threads were stopped: 0.0166120 seconds, Stopping threads took: 0.0160170 seconds
32.506: Application time: 0.0009390 seconds
32.555: [GC [PSYoungGen: 7661K->1005K(7680K)] 16298K->15217K(25088K), 0.0020790 secs] [Times: user=0.01 sys=0.00, real=0.00 secs] 
32.557: [Full GC [PSYoungGen: 1005K->0K(7680K)] [ParOldGen: 14212K->7945K(17408K)] 15217K->7945K(25088K) [PSPermGen: 5109K->5109K(21504K)], 0.0053870 secs] [Times: user=0.03 sys=0.00, real=0.01 secs] 
32.563: Total time for which application threads were stopped: 0.0573160 seconds, Stopping threads took: 0.0497160 seconds
32.659: Application time: 0.0964750 seconds
32.713: [GC [PSYoungGen: 6540K->841K(7680K)] 14486K->9178K(25088K), 0.0005370 secs] [Times: user=0.00 sys=0.00, real=0.00 secs] 
32.713: Total time for which application threads were stopped: 0.0538490 seconds, Stopping threads took: 0.0532400 seconds
32.717: Application time: 0.0039800 seconds
32.784: [GC [PSYoungGen: 7402K->256K(7680K)] 15738K->8592K(25088K), 0.0003720 secs] [Times: user=0.01 sys=0.00, real=0.00 secs] 
32.785: Total time for which application threads were stopped: 0.0674380 seconds, Stopping threads took: 0.0670060 seconds
32.785: Application time: 0.0006730 seconds
32.786: [GC [PSYoungGen: 6796K->1021K(7680K)] 15133K->15046K(25088K), 0.0017890 secs] [Times: user=0.01 sys=0.00, real=0.00 secs] 
32.787: [Full GC [PSYoungGen: 1021K->0K(7680K)] [ParOldGen: 14024K->7784K(17408K)] 15046K->7784K(25088K) [PSPermGen: 5109K->5106K(21504K)], 0.0068390 secs] [Times: user=0.03 sys=0.00, real=0.01 secs] 
32.794: Total time for which application threads were stopped: 0.0088830 seconds, Stopping threads took: 0.0001350 seconds
32.891: Application time: 0.0963550 seconds
32.952: [GC [PSYoungGen: 6656K->419K(7680K)] 14440K->8203K(25088K), 0.0004130 secs] [Times: user=0.00 sys=0.00, real=0.00 secs] 
32.952: Total time for which application threads were stopped: 0.0617420 seconds, Stopping threads took: 0.0612360 seconds
32.953: Application time: 0.0009290 seconds
32.953: [GC [PSYoungGen: 6979K->939K(7680K)] 14763K->14779K(25088K), 0.0019030 secs] [Times: user=0.01 sys=0.00, real=0.00 secs] 
32.955: [Full GC [PSYoungGen: 939K->0K(7680K)] [ParOldGen: 13839K->8077K(17408K)] 14779K->8077K(25088K) [PSPermGen: 5106K->5106K(21504K)], 0.0051880 secs] [Times: user=0.02 sys=0.00, real=0.00 secs] 
32.961: Total time for which application threads were stopped: 0.0072530 seconds, Stopping threads took: 0.0000410 seconds
33.042: Application time: 0.0813030 seconds
33.103: [GC [PSYoungGen: 6559K->582K(7680K)] 14637K->8660K(25088K), 0.0004940 secs] [Times: user=0.00 sys=0.00, real=0.00 secs] 
33.103: Total time for which application threads were stopped: 0.0614750 seconds, Stopping threads took: 0.0609100 seconds
33.104: Application time: 0.0007870 seconds
33.104: [GC [PSYoungGen: 7221K->1005K(7680K)] 15298K->15243K(25088K), 0.0019880 secs] [Times: user=0.02 sys=0.00, real=0.00 secs] 
33.106: [Full GC [PSYoungGen: 1005K->0K(7680K)] [ParOldGen: 14238K->8272K(17408K)] 15243K->8272K(25088K) [PSPermGen: 5106K->5106K(21504K)], 0.0054540 secs] [Times: user=0.02 sys=0.00, real=0.01 secs] 
33.112: Total time for which application threads were stopped: 0.0076510 seconds, Stopping threads took: 0.0000900 seconds
33.190: Application time: 0.0782960 seconds
33.253: [GC [PSYoungGen: 6364K->646K(7680K)] 14637K->8919K(25088K), 0.0004240 secs] [Times: user=0.01 sys=0.00, real=0.00 secs] 
33.253: [Full GC [PSYoungGen: 646K->0K(7680K)] [ParOldGen: 8272K->1957K(17408K)] 8919K->1957K(25088K) [PSPermGen: 5106K->5106K(21504K)], 0.0036470 secs] [Times: user=0.01 sys=0.00, real=0.00 secs] 
33.257: Total time for which application threads were stopped: 0.0668560 seconds, Stopping threads took: 0.0626800 seconds
33.258: Application time: 0.0011680 seconds
33.302: [GC [PSYoungGen: 6638K->1005K(7680K)] 8595K->8072K(25088K), 0.0018520 secs] [Times: user=0.01 sys=0.00, real=0.00 secs] 
33.304: Total time for which application threads were stopped: 0.0454480 seconds, Stopping threads took: 0.0435170 seconds
33.379: Application time: 0.0751820 seconds
33.426: [GC [PSYoungGen: 7545K->1005K(7680K)] 14613K->8854K(25088K), 0.0007470 secs] [Times: user=0.00 sys=0.00, real=0.00 secs] 
33.426: [Full GC [PSYoungGen: 1005K->0K(7680K)] [ParOldGen: 7848K->2902K(17408K)] 8854K->2902K(25088K) [PSPermGen: 5106K->5106K(21504K)], 0.0041420 secs] [Times: user=0.02 sys=0.00, real=0.01 secs] 
33.431: Total time for which application threads were stopped: 0.0518570 seconds, Stopping threads took: 0.0468440 seconds
33.432: Application time: 0.0014150 seconds
33.501: [GC [PSYoungGen: 6560K->939K(7680K)] 9462K->6966K(25088K), 0.0013660 secs] [Times: user=0.01 sys=0.00, real=0.01 secs] 
33.502: Total time for which application threads were stopped: 0.0701580 seconds, Stopping threads took: 0.0687020 seconds
33.574: Application time: 0.0719120 seconds
33.579: [GC [PSYoungGen: 7577K->1005K(7680K)] 13605K->8009K(25088K), 0.0007500 secs] [Times: user=0.00 sys=0.00, real=0.00 secs] 
33.580: Total time for which application threads were stopped: 0.0062000 seconds, Stopping threads took: 0.0053840 seconds
33.581: Application time: 0.0011080 seconds
33.625: [GC [PSYoungGen: 7565K->939K(7680K)] 14569K->13412K(25088K), 0.0020220 secs] [Times: user=0.01 sys=0.00, real=0.00 secs] 
33.627: [Full GC [PSYoungGen: 939K->0K(7680K)] [ParOldGen: 12473K->7492K(17408K)] 13412K->7492K(25088K) [PSPermGen: 5106K->5106K(21504K)], 0.0052590 secs] [Times: user=0.02 sys=0.01, real=0.01 secs] 
33.632: Total time for which application threads were stopped: 0.0510700 seconds, Stopping threads took: 0.0436580 seconds
33.709: Application time: 0.0763470 seconds
33.768: [GC [PSYoungGen: 6618K->646K(7680K)] 14110K->8529K(25088K), 0.0004850 secs] [Times: user=0.00 sys=0.00, real=0.00 secs] 
33.769: Total time for which application threads were stopped: 0.0597430 seconds, Stopping threads took: 0.0591870 seconds
33.769: Application time: 0.0009030 seconds
33.813: [GC [PSYoungGen: 7206K->1005K(7680K)] 15089K->14417K(25088K), 0.0020030 secs] [Times: user=0.02 sys=0.00, real=0.00 secs] 
33.815: [Full GC [PSYoungGen: 1005K->0K(7680K)] [ParOldGen: 13411K->7589K(17408K)] 14417K->7589K(25088K) [PSPermGen: 5106K->5106K(21504K)], 0.0050410 secs] [Times: user=0.02 sys=0.00, real=0.00 secs] 
33.820: Total time for which application threads were stopped: 0.0504280 seconds, Stopping threads took: 0.0432610 seconds
33.914: Application time: 0.0939400 seconds
33.969: [GC [PSYoungGen: 6656K->192K(7680K)] 14245K->7781K(25088K), 0.0003450 secs] [Times: user=0.00 sys=0.00, real=0.00 secs] 
33.970: Total time for which application threads were stopped: 0.0557710 seconds, Stopping threads took: 0.0553620 seconds
33.973: Application time: 0.0036320 seconds
34.040: [GC [PSYoungGen: 6654K->160K(7680K)] 14244K->7749K(25088K), 0.0003440 secs] [Times: user=0.01 sys=0.00, real=0.00 secs] 
34.040: Total time for which application threads were stopped: 0.0670720 seconds, Stopping threads took: 0.0666580 seconds
34.041: Application time: 0.0006250 seconds
34.081: [GC [PSYoungGen: 6816K->1005K(7680K)] 14405K->13388K(25088K), 0.0016650 secs] [Times: user=0.01 sys=0.00, real=0.01 secs] 
34.082: [Full GC [PSYoungGen: 1005K->0K(7680K)] [ParOldGen: 12383K->6906K(17408K)] 13388K->6906K(25088K) [PSPermGen: 5106K->5106K(21504K)], 0.0052710 secs] [Times: user=0.02 sys=0.00, real=0.00 secs] 
34.088: Total time for which application threads were stopped: 0.0467960 seconds, Stopping threads took: 0.0397440 seconds
34.169: Application time: 0.0808300 seconds
34.210: [GC [PSYoungGen: 6638K->1005K(7680K)] 13544K->8497K(25088K), 0.0006540 secs] [Times: user=0.00 sys=0.00, real=0.00 secs] 
34.211: Total time for which application threads were stopped: 0.0420700 seconds, Stopping threads took: 0.0413510 seconds
34.212: Application time: 0.0008880 seconds
34.269: [GC [PSYoungGen: 7565K->939K(7680K)] 15057K->13510K(25088K), 0.0020550 secs] [Times: user=0.01 sys=0.00, real=0.01 secs] 
34.271: [Full GC [PSYoungGen: 939K->0K(7680K)] [ParOldGen: 12570K->7101K(17408K)] 13510K->7101K(25088K) [PSPermGen: 5106K->5106K(21504K)], 0.0050080 secs] [Times: user=0.02 sys=0.00, real=0.00 secs] 
34.276: Total time for which application threads were stopped: 0.0644480 seconds, Stopping threads took: 0.0572540 seconds
34.351: Application time: 0.0748260 seconds
34.396: [GC [PSYoungGen: 6462K->614K(7680K)] 13563K->7716K(25088K), 0.0004350 secs] [Times: user=0.00 sys=0.00, real=0.00 secs] 
34.396: Total time for which application threads were stopped: 0.0452480 seconds, Stopping threads took: 0.0447500 seconds
34.397: Application time: 0.0008640 seconds
34.440: [GC [PSYoungGen: 7270K->939K(7680K)] 14372K->13315K(25088K), 0.0022790 secs] [Times: user=0.02 sys=0.00, real=0.01 secs] 
34.443: [Full GC [PSYoungGen: 939K->0K(7680K)] [ParOldGen: 12375K->7296K(17408K)] 13315K->7296K(25088K) [PSPermGen: 5106K->5106K(21504K)], 0.0050220 secs] [Times: user=0.02 sys=0.00, real=0.00 secs] 
34.448: Total time for which application threads were stopped: 0.0509160 seconds, Stopping threads took: 0.0434890 seconds
34.521: Application time: 0.0733970 seconds
34.575: [GC [PSYoungGen: 6656K->939K(7680K)] 13952K->9408K(25088K), 0.0009290 secs] [Times: user=0.01 sys=0.00, real=0.00 secs] 
34.576: [Full GC [PSYoungGen: 939K->0K(7680K)] [ParOldGen: 8468K->3195K(17408K)] 9408K->3195K(25088K) [PSPermGen: 5106K->5106K(21504K)], 0.0039470 secs] [Times: user=0.01 sys=0.00, real=0.00 secs] 
34.580: Total time for which application threads were stopped: 0.0589560 seconds, Stopping threads took: 0.0539550 seconds
34.582: Application time: 0.0013370 seconds
34.650: [GC [PSYoungGen: 6656K->939K(7680K)] 9851K->7650K(25088K), 0.0014500 secs] [Times: user=0.01 sys=0.00, real=0.00 secs] 
34.652: Total time for which application threads were stopped: 0.0701820 seconds, Stopping threads took: 0.0686520 seconds
34.723: Application time: 0.0715260 seconds
34.728: [GC [PSYoungGen: 7382K->1005K(7680K)] 14093K->8888K(25088K), 0.0007900 secs] [Times: user=0.01 sys=0.00, real=0.00 secs] 
34.729: Total time for which application threads were stopped: 0.0057130 seconds, Stopping threads took: 0.0048550 seconds
34.734: Application time: 0.0048940 seconds
34.800: [GC [PSYoungGen: 7565K->1005K(7680K)] 15448K->9083K(25088K), 0.0005770 secs] [Times: user=0.01 sys=0.00, real=0.00 secs] 
34.801: Total time for which application threads were stopped: 0.0668480 seconds, Stopping threads took: 0.0662020 seconds
34.802: Application time: 0.0008930 seconds
34.843: [GC [PSYoungGen: 7643K->939K(7680K)] 15722K->14780K(25088K), 0.0020950 secs] [Times: user=0.02 sys=0.00, real=0.00 secs] 
34.845: [Full GC [PSYoungGen: 939K->0K(7680K)] [ParOldGen: 13840K->7785K(17408K)] 14780K->7785K(25088K) [PSPermGen: 5106K->5106K(21504K)], 0.0050950 secs] [Times: user=0.02 sys=0.00, real=0.01 secs] 
34.850: Total time for which application threads were stopped: 0.0486800 seconds, Stopping threads took: 0.0413640 seconds
34.946: Application time: 0.0961190 seconds
35.010: [GC [PSYoungGen: 6656K->451K(7680K)] 14441K->8236K(25088K), 0.0003490 secs] [Times: user=0.00 sys=0.00, real=0.00 secs] 
35.010: Total time for which application threads were stopped: 0.0636430 seconds, Stopping threads took: 0.0632330 seconds
35.011: Application time: 0.0008160 seconds
35.011: [GC [PSYoungGen: 7011K->1006K(7680K)] 14796K->14684K(25088K), 0.0020100 secs] [Times: user=0.01 sys=0.00, real=0.00 secs] 
35.013: [Full GC [PSYoungGen: 1006K->0K(7680K)] [ParOldGen: 13677K->8078K(17408K)] 14684K->8078K(25088K) [PSPermGen: 5106K->5106K(21504K)], 0.0049900 secs] [Times: user=0.02 sys=0.00, real=0.00 secs] 
35.018: Total time for which application threads were stopped: 0.0072350 seconds, Stopping threads took: 0.0001080 seconds
35.099: Application time: 0.0810950 seconds
35.160: [GC [PSYoungGen: 6559K->646K(7680K)] 14637K->8724K(25088K), 0.0003760 secs] [Times: user=0.00 sys=0.00, real=0.00 secs] 
35.160: Total time for which application threads were stopped: 0.0612860 seconds, Stopping threads took: 0.0608400 seconds
35.161: Application time: 0.0008140 seconds
35.161: [GC [PSYoungGen: 7285K->1006K(7680K)] 15363K->15188K(25088K), 0.0021190 secs] [Times: user=0.02 sys=0.00, real=0.00 secs] 
35.164: [Full GC [PSYoungGen: 1006K->0K(7680K)] [ParOldGen: 14181K->8273K(17408K)] 15188K->8273K(25088K) [PSPermGen: 5106K->5106K(21504K)], 0.0051250 secs] [Times: user=0.02 sys=0.00, real=0.00 secs] 
35.169: Total time for which application threads were stopped: 0.0075350 seconds, Stopping threads took: 0.0001570 seconds
35.251: Application time: 0.0822590 seconds
35.319: [GC [PSYoungGen: 6364K->582K(7680K)] 14638K->8856K(25088K), 0.0004470 secs] [Times: user=0.00 sys=0.00, real=0.00 secs] 
35.320: [Full GC [PSYoungGen: 582K->0K(7680K)] [ParOldGen: 8273K->1956K(17408K)] 8856K->1956K(25088K) [PSPermGen: 5106K->5106K(21504K)], 0.0037200 secs] [Times: user=0.02 sys=0.00, real=0.01 secs] 
35.324: Total time for which application threads were stopped: 0.0725250 seconds, Stopping threads took: 0.0682510 seconds
35.325: Application time: 0.0011230 seconds
35.365: [GC [PSYoungGen: 6599K->1005K(7680K)] 8556K->7913K(25088K), 0.0018240 secs] [Times: user=0.01 sys=0.01, real=0.00 secs] 
35.367: Total time for which application threads were stopped: 0.0421880 seconds, Stopping threads took: 0.0402840 seconds
35.445: Application time: 0.0784470 seconds
35.500: [GC [PSYoungGen: 7467K->1005K(7680K)] 14375K->8499K(25088K), 0.0007470 secs] [Times: user=0.01 sys=0.00, real=0.00 secs] 
35.501: Total time for which application threads were stopped: 0.0557260 seconds, Stopping threads took: 0.0549100 seconds
35.502: Application time: 0.0010100 seconds
35.556: [GC [PSYoungGen: 7467K->907K(7680K)] 14961K->12308K(25088K), 0.0015270 secs] [Times: user=0.01 sys=0.00, real=0.00 secs] 
35.558: [Full GC [PSYoungGen: 907K->0K(7680K)] [ParOldGen: 11400K->5930K(17408K)] 12308K->5930K(25088K) [PSPermGen: 5106K->5106K(21504K)], 0.0047180 secs] [Times: user=0.01 sys=0.00, real=0.01 secs] 
35.562: Total time for which application threads were stopped: 0.0601900 seconds, Stopping threads took: 0.0538040 seconds
35.635: Application time: 0.0723410 seconds
35.679: [GC [PSYoungGen: 6559K->614K(7680K)] 12490K->6544K(25088K), 0.0004670 secs] [Times: user=0.01 sys=0.00, real=0.00 secs] 
35.680: Total time for which application threads were stopped: 0.0452420 seconds, Stopping threads took: 0.0447040 seconds
35.681: Application time: 0.0007820 seconds
35.681: [GC [PSYoungGen: 7077K->1006K(7680K)] 13007K->12926K(25088K), 0.0020220 secs] [Times: user=0.02 sys=0.00, real=0.01 secs] 
35.683: [Full GC [PSYoungGen: 1006K->0K(7680K)] [ParOldGen: 11919K->8176K(17408K)] 12926K->8176K(25088K) [PSPermGen: 5106K->5106K(21504K)], 0.0049460 secs] [Times: user=0.02 sys=0.00, real=0.00 secs] 
35.688: Total time for which application threads were stopped: 0.0072690 seconds, Stopping threads took: 0.0001710 seconds
35.784: Application time: 0.0961430 seconds
35.848: [GC [PSYoungGen: 6540K->646K(7680K)] 14716K->8822K(25088K), 0.0004640 secs] [Times: user=0.00 sys=0.00, real=0.00 secs] 
35.849: [Full GC [PSYoungGen: 646K->0K(7680K)] [ParOldGen: 8176K->1957K(17408K)] 8822K->1957K(25088K) [PSPermGen: 5106K->5106K(21504K)], 0.0036900 secs] [Times: user=0.02 sys=0.00, real=0.01 secs] 
35.852: Total time for which application threads were stopped: 0.0682410 seconds, Stopping threads took: 0.0639740 seconds
35.854: Application time: 0.0012140 seconds
35.897: [GC [PSYoungGen: 6560K->1005K(7680K)] 8517K->8048K(25088K), 0.0019130 secs] [Times: user=0.01 sys=0.01, real=0.00 secs] 
35.899: Total time for which application threads were stopped: 0.0454870 seconds, Stopping threads took: 0.0434980 seconds
35.973: Application time: 0.0735170 seconds
36.019: [GC [PSYoungGen: 7467K->1005K(7680K)] 14511K->8830K(25088K), 0.0006710 secs] [Times: user=0.01 sys=0.00, real=0.00 secs] 
36.019: Total time for which application threads were stopped: 0.0466570 seconds, Stopping threads took: 0.0459160 seconds
36.020: Application time: 0.0011140 seconds
36.075: [GC [PSYoungGen: 7448K->1005K(7680K)] 15273K->12744K(25088K), 0.0016040 secs] [Times: user=0.01 sys=0.00, real=0.00 secs] 
36.077: [Full GC [PSYoungGen: 1005K->0K(7680K)] [ParOldGen: 11739K->6028K(17408K)] 12744K->6028K(25088K) [PSPermGen: 5106K->5106K(21504K)], 0.0048320 secs] [Times: user=0.02 sys=0.00, real=0.01 secs] 
36.082: Total time for which application threads were stopped: 0.0614770 seconds, Stopping threads took: 0.0548940 seconds
36.168: Application time: 0.0865940 seconds
36.225: [GC [PSYoungGen: 6462K->550K(7680K)] 12490K->6578K(25088K), 0.0005700 secs] [Times: user=0.00 sys=0.00, real=0.00 secs] 
36.226: Total time for which application threads were stopped: 0.0575340 seconds, Stopping threads took: 0.0568640 seconds
36.227: Application time: 0.0008810 seconds
36.281: [GC [PSYoungGen: 7091K->1005K(7680K)] 13119K->10947K(25088K), 0.0015100 secs] [Times: user=0.01 sys=0.00, real=0.01 secs] 
36.282: [Full GC [PSYoungGen: 1005K->0K(7680K)] [ParOldGen: 9942K->6027K(17408K)] 10947K->6027K(25088K) [PSPermGen: 5106K->5106K(21504K)], 0.0047440 secs] [Times: user=0.02 sys=0.00, real=0.00 secs] 
36.287: Total time for which application threads were stopped: 0.0602440 seconds, Stopping threads took: 0.0538700 seconds
36.370: Application time: 0.0828430 seconds
36.414: [GC [PSYoungGen: 6462K->614K(7680K)] 12490K->6642K(25088K), 0.0004140 secs] [Times: user=0.00 sys=0.00, real=0.00 secs] 
36.414: Total time for which application threads were stopped: 0.0443680 seconds, Stopping threads took: 0.0438850 seconds
36.415: Application time: 0.0008320 seconds
36.468: [GC [PSYoungGen: 7077K->1006K(7680K)] 13104K->11949K(25088K), 0.0017960 secs] [Times: user=0.01 sys=0.00, real=0.01 secs] 
36.470: [Full GC [PSYoungGen: 1006K->0K(7680K)] [ParOldGen: 10942K->7102K(17408K)] 11949K->7102K(25088K) [PSPermGen: 5106K->5106K(21504K)], 0.0052390 secs] [Times: user=0.02 sys=0.00, real=0.00 secs] 
36.475: Total time for which application threads were stopped: 0.0598940 seconds, Stopping threads took: 0.0527120 seconds
36.550: Application time: 0.0748730 seconds
36.595: [GC [PSYoungGen: 6462K->875K(7680K)] 13564K->8759K(25088K), 0.0008600 secs] [Times: user=0.01 sys=0.00, real=0.00 secs] 
36.596: Total time for which application threads were stopped: 0.0458590 seconds, Stopping threads took: 0.0449070 seconds
36.597: Application time: 0.0010110 seconds
36.641: [GC [PSYoungGen: 7531K->1005K(7680K)] 15415K->14072K(25088K), 0.0020590 secs] [Times: user=0.01 sys=0.00, real=0.01 secs] 
36.643: [Full GC [PSYoungGen: 1005K->0K(7680K)] [ParOldGen: 13067K->7297K(17408K)] 14072K->7297K(25088K) [PSPermGen: 5106K->5106K(21504K)], 0.0049300 secs] [Times: user=0.03 sys=0.00, real=0.00 secs] 
36.648: Total time for which application threads were stopped: 0.0509270 seconds, Stopping threads took: 0.0437840 seconds
36.724: Application time: 0.0764720 seconds
36.770: [GC [PSYoungGen: 6656K->875K(7680K)] 13953K->9345K(25088K), 0.0007300 secs] [Times: user=0.00 sys=0.00, real=0.00 secs] 
36.770: Total time for which application threads were stopped: 0.0461320 seconds, Stopping threads took: 0.0453260 seconds
36.774: Application time: 0.0035390 seconds
36.842: [GC [PSYoungGen: 7531K->1005K(7680K)] 16001K->9678K(25088K), 0.0006300 secs] [Times: user=0.00 sys=0.00, real=0.00 secs] 
36.842: Total time for which application threads were stopped: 0.0683830 seconds, Stopping threads took: 0.0676800 seconds
36.843: Application time: 0.0009610 seconds
36.902: [GC [PSYoungGen: 7643K->1005K(7680K)] 16316K->13201K(25088K), 0.0013440 secs] [Times: user=0.01 sys=0.00, real=0.00 secs] 
36.903: [Full GC [PSYoungGen: 1005K->0K(7680K)] [ParOldGen: 12196K->5637K(17408K)] 13201K->5637K(25088K) [PSPermGen: 5106K->5106K(21504K)], 0.0048670 secs] [Times: user=0.01 sys=0.00, real=0.00 secs] 
36.908: Total time for which application threads were stopped: 0.0650830 seconds, Stopping threads took: 0.0587560 seconds
36.980: Application time: 0.0717020 seconds
36.983: [GC [PSYoungGen: 6638K->939K(7680K)] 12275K->8139K(25088K), 0.0008400 secs] [Times: user=0.00 sys=0.00, real=0.00 secs] 
36.984: Total time for which application threads were stopped: 0.0042870 seconds, Stopping threads took: 0.0033770 seconds
37.057: Application time: 0.0724370 seconds
37.058: [GC [PSYoungGen: 7460K->224K(7680K)] 14660K->7424K(25088K), 0.0004680 secs] [Times: user=0.00 sys=0.00, real=0.00 secs] 
37.059: Total time for which application threads were stopped: 0.0020110 seconds, Stopping threads took: 0.0014780 seconds
37.061: Application time: 0.0027140 seconds
37.128: [GC [PSYoungGen: 6764K->1021K(7680K)] 13964K->9604K(25088K), 0.0008390 secs] [Times: user=0.01 sys=0.00, real=0.01 secs] 
37.129: Total time for which application threads were stopped: 0.0678070 seconds, Stopping threads took: 0.0669080 seconds
37.209: Application time: 0.0794810 seconds
37.227: [GC [PSYoungGen: 7483K->224K(7680K)] 16067K->8807K(25088K), 0.0003820 secs] [Times: user=0.00 sys=0.00, real=0.00 secs] 
37.228: Total time for which application threads were stopped: 0.0188790 seconds, Stopping threads took: 0.0184340 seconds
37.228: Application time: 0.0006700 seconds
37.228: [GC [PSYoungGen: 6784K->1008K(7680K)] 15367K->15310K(25088K), 0.0019690 secs] [Times: user=0.02 sys=0.00, real=0.01 secs] 
37.231: [Full GC [PSYoungGen: 1008K->0K(7680K)] [ParOldGen: 14302K->7883K(17408K)] 15310K->7883K(25088K) [PSPermGen: 5106K->5106K(21504K)], 0.0050230 secs] [Times: user=0.02 sys=0.00, real=0.00 secs] 
37.236: Total time for which application threads were stopped: 0.0072870 seconds, Stopping threads took: 0.0001690 seconds
37.312: Application time: 0.0768720 seconds
37.375: [GC [PSYoungGen: 6559K->419K(7680K)] 14443K->8302K(25088K), 0.0006310 secs] [Times: user=0.01 sys=0.00, real=0.00 secs] 
37.376: Total time for which application threads were stopped: 0.0633700 seconds, Stopping threads took: 0.0626650 seconds
37.377: Application time: 0.0007760 seconds
37.377: [GC [PSYoungGen: 6979K->1008K(7680K)] 14862K->14710K(25088K), 0.0020270 secs] [Times: user=0.02 sys=0.00, real=0.00 secs] 
37.379: [Full GC [PSYoungGen: 1008K->0K(7680K)] [ParOldGen: 13701K->8078K(17408K)] 14710K->8078K(25088K) [PSPermGen: 5106K->5106K(21504K)], 0.0049550 secs] [Times: user=0.02 sys=0.00, real=0.01 secs] 
37.384: Total time for which application threads were stopped: 0.0072400 seconds, Stopping threads took: 0.0001330 seconds
37.462: Application time: 0.0786410 seconds
37.525: [GC [PSYoungGen: 6637K->646K(7680K)] 14716K->8725K(25088K), 0.0006040 secs] [Times: user=0.00 sys=0.00, real=0.00 secs] 
37.526: Total time for which application threads were stopped: 0.0633130 seconds, Stopping threads took: 0.0626190 seconds
37.527: Application time: 0.0008370 seconds
37.568: [GC [PSYoungGen: 7109K->1005K(7680K)] 15188K->14065K(25088K), 0.0017590 secs] [Times: user=0.01 sys=0.00, real=0.01 secs] 
37.570: [Full GC [PSYoungGen: 1005K->0K(7680K)] [ParOldGen: 13059K->7102K(17408K)] 14065K->7102K(25088K) [PSPermGen: 5106K->5106K(21504K)], 0.0050530 secs] [Times: user=0.02 sys=0.00, real=0.00 secs] 
37.575: Total time for which application threads were stopped: 0.0484190 seconds, Stopping threads took: 0.0414640 seconds
37.649: Application time: 0.0742240 seconds
37.697: [GC [PSYoungGen: 6462K->646K(7680K)] 13564K->7749K(25088K), 0.0003860 secs] [Times: user=0.00 sys=0.00, real=0.00 secs] 
37.697: Total time for which application threads were stopped: 0.0478520 seconds, Stopping threads took: 0.0473970 seconds
37.698: Application time: 0.0008030 seconds
37.741: [GC [PSYoungGen: 7109K->1008K(7680K)] 14211K->12952K(25088K), 0.0016750 secs] [Times: user=0.01 sys=0.00, real=0.01 secs] 
37.742: [Full GC [PSYoungGen: 1008K->0K(7680K)] [ParOldGen: 11943K->7102K(17408K)] 12952K->7102K(25088K) [PSPermGen: 5106K->5106K(21504K)], 0.0052140 secs] [Times: user=0.02 sys=0.00, real=0.00 secs] 
37.748: Total time for which application threads were stopped: 0.0497450 seconds, Stopping threads took: 0.0427360 seconds
37.821: Application time: 0.0729390 seconds
37.866: [GC [PSYoungGen: 6559K->1005K(7680K)] 13662K->8889K(25088K), 0.0006540 secs] [Times: user=0.00 sys=0.00, real=0.00 secs] 
37.867: Total time for which application threads were stopped: 0.0462600 seconds, Stopping threads took: 0.0455380 seconds
37.868: Application time: 0.0010860 seconds
37.912: [GC [PSYoungGen: 7565K->1005K(7680K)] 15449K->14073K(25088K), 0.0019580 secs] [Times: user=0.02 sys=0.00, real=0.00 secs] 
37.914: [Full GC [PSYoungGen: 1005K->0K(7680K)] [ParOldGen: 13067K->7298K(17408K)] 14073K->7298K(25088K) [PSPermGen: 5106K->5106K(21504K)], 0.0049340 secs] [Times: user=0.02 sys=0.00, real=0.00 secs] 
37.919: Total time for which application threads were stopped: 0.0505550 seconds, Stopping threads took: 0.0435140 seconds
37.994: Application time: 0.0751890 seconds
38.039: [GC [PSYoungGen: 6266K->614K(7680K)] 13565K->7912K(25088K), 0.0005260 secs] [Times: user=0.00 sys=0.00, real=0.00 secs] 
38.040: Total time for which application threads were stopped: 0.0458930 seconds, Stopping threads took: 0.0453000 seconds
38.040: Application time: 0.0007310 seconds
38.092: [GC [PSYoungGen: 7174K->907K(7680K)] 14472K->12307K(25088K), 0.0015960 secs] [Times: user=0.01 sys=0.00, real=0.00 secs] 
38.094: [Full GC [PSYoungGen: 907K->0K(7680K)] [ParOldGen: 11399K->6126K(17408K)] 12307K->6126K(25088K) [PSPermGen: 5106K->5106K(21504K)], 0.0049350 secs] [Times: user=0.02 sys=0.00, real=0.00 secs] 
38.099: Total time for which application threads were stopped: 0.0586030 seconds, Stopping threads took: 0.0519270 seconds
38.181: Application time: 0.0820950 seconds
38.225: [GC [PSYoungGen: 6540K->841K(7680K)] 12666K->7944K(25088K), 0.0006650 secs] [Times: user=0.00 sys=0.00, real=0.00 secs] 
38.226: Total time for which application threads were stopped: 0.0448170 seconds, Stopping threads took: 0.0440810 seconds
38.227: Application time: 0.0010480 seconds
38.270: [GC [PSYoungGen: 7402K->939K(7680K)] 14504K->13316K(25088K), 0.0019350 secs] [Times: user=0.01 sys=0.01, real=0.00 secs] 
38.272: [Full GC [PSYoungGen: 939K->0K(7680K)] [ParOldGen: 12376K->7298K(17408K)] 13316K->7298K(25088K) [PSPermGen: 5106K->5106K(21504K)], 0.0049190 secs] [Times: user=0.02 sys=0.00, real=0.00 secs] 
38.277: Total time for which application threads were stopped: 0.0504310 seconds, Stopping threads took: 0.0434480 seconds
38.352: Application time: 0.0744660 seconds
38.398: [GC [PSYoungGen: 6266K->907K(7680K)] 13565K->8987K(25088K), 0.0007360 secs] [Times: user=0.01 sys=0.00, real=0.00 secs] 
38.399: Total time for which application threads were stopped: 0.0472120 seconds, Stopping threads took: 0.0463880 seconds
38.400: Application time: 0.0009340 seconds
38.465: [GC [PSYoungGen: 7448K->1005K(7680K)] 15527K->12991K(25088K), 0.0014650 secs] [Times: user=0.01 sys=0.00, real=0.00 secs] 
38.466: [Full GC [PSYoungGen: 1005K->0K(7680K)] [ParOldGen: 11985K->6028K(17408K)] 12991K->6028K(25088K) [PSPermGen: 5106K->5106K(21504K)], 0.0049160 secs] [Times: user=0.02 sys=0.00, real=0.01 secs] 
38.471: Total time for which application threads were stopped: 0.0712670 seconds, Stopping threads took: 0.0647600 seconds
38.555: Application time: 0.0838900 seconds
38.601: [GC [PSYoungGen: 6618K->939K(7680K)] 12647K->7749K(25088K), 0.0007000 secs] [Times: user=0.00 sys=0.00, real=0.00 secs] 
38.602: Total time for which application threads were stopped: 0.0470160 seconds, Stopping threads took: 0.0462480 seconds
38.609: Application time: 0.0072790 seconds
38.674: [GC [PSYoungGen: 7402K->646K(7680K)] 14211K->7456K(25088K), 0.0004040 secs] [Times: user=0.00 sys=0.00, real=0.00 secs] 
38.674: Total time for which application threads were stopped: 0.0649240 seconds, Stopping threads took: 0.0644570 seconds
38.675: Application time: 0.0007930 seconds
38.715: [GC [PSYoungGen: 7285K->1005K(7680K)] 14094K->12977K(25088K), 0.0015990 secs] [Times: user=0.01 sys=0.00, real=0.00 secs] 
38.716: [Full GC [PSYoungGen: 1005K->0K(7680K)] [ParOldGen: 11972K->7200K(17408K)] 12977K->7200K(25088K) [PSPermGen: 5107K->5107K(21504K)], 0.0056570 secs] [Times: user=0.03 sys=0.00, real=0.01 secs] 
38.722: Total time for which application threads were stopped: 0.0469190 seconds, Stopping threads took: 0.0395500 seconds
38.796: Application time: 0.0735290 seconds
38.841: [GC [PSYoungGen: 6462K->939K(7680K)] 13662K->10093K(25088K), 0.0009790 secs] [Times: user=0.00 sys=0.00, real=0.01 secs] 
38.842: Total time for which application threads were stopped: 0.0459010 seconds, Stopping threads took: 0.0448520 seconds
38.925: Application time: 0.0839160 seconds
38.942: [GC [PSYoungGen: 7382K->646K(7680K)] 16536K->9800K(25088K), 0.0004180 secs] [Times: user=0.00 sys=0.00, real=0.00 secs] 
38.943: Total time for which application threads were stopped: 0.0171050 seconds, Stopping threads took: 0.0166110 seconds
38.945: Application time: 0.0028410 seconds
39.013: [GC [PSYoungGen: 7187K->614K(7680K)] 16341K->9768K(25088K), 0.0005330 secs] [Times: user=0.00 sys=0.00, real=0.00 secs] 
39.014: Total time for which application threads were stopped: 0.0684400 seconds, Stopping threads took: 0.0678150 seconds
39.015: Application time: 0.0006670 seconds
39.015: [GC [PSYoungGen: 7077K->1005K(7680K)] 16230K->16222K(25088K), 0.0019670 secs] [Times: user=0.01 sys=0.00, real=0.00 secs] 
39.017: [Full GC [PSYoungGen: 1005K->0K(7680K)] [ParOldGen: 15216K->8177K(17408K)] 16222K->8177K(25088K) [PSPermGen: 5107K->5107K(21504K)], 0.0055440 secs] [Times: user=0.03 sys=0.00, real=0.01 secs] 
39.022: Total time for which application threads were stopped: 0.0077100 seconds, Stopping threads took: 0.0000870 seconds
39.102: Application time: 0.0802090 seconds
39.164: [GC [PSYoungGen: 6462K->614K(7680K)] 14639K->8791K(25088K), 0.0005250 secs] [Times: user=0.00 sys=0.00, real=0.00 secs] 
39.165: Total time for which application threads were stopped: 0.0624810 seconds, Stopping threads took: 0.0618870 seconds
39.166: Application time: 0.0008360 seconds
39.166: [GC [PSYoungGen: 7077K->1006K(7680K)] 15254K->15173K(25088K), 0.0018860 secs] [Times: user=0.01 sys=0.00, real=0.00 secs] 
39.168: [Full GC [PSYoungGen: 1006K->0K(7680K)] [ParOldGen: 14166K->8177K(17408K)] 15173K->8177K(25088K) [PSPermGen: 5107K->5107K(21504K)], 0.0052780 secs] [Times: user=0.02 sys=0.00, real=0.01 secs] 
39.173: Total time for which application threads were stopped: 0.0074790 seconds, Stopping threads took: 0.0001870 seconds
39.251: Application time: 0.0776100 seconds
39.313: [GC [PSYoungGen: 6462K->614K(7680K)] 14639K->8791K(25088K), 0.0006010 secs] [Times: user=0.01 sys=0.00, real=0.00 secs] 
39.314: Total time for which application threads were stopped: 0.0631500 seconds, Stopping threads took: 0.0624600 seconds
39.315: Application time: 0.0008180 seconds
39.315: [GC [PSYoungGen: 7077K->1006K(7680K)] 15254K->15173K(25088K), 0.0019940 secs] [Times: user=0.01 sys=0.00, real=0.00 secs] 
39.317: [Full GC [PSYoungGen: 1006K->0K(7680K)] [ParOldGen: 14166K->8177K(17408K)] 15173K->8177K(25088K) [PSPermGen: 5107K->5107K(21504K)], 0.0056500 secs] [Times: user=0.03 sys=0.00, real=0.01 secs] 
39.323: Total time for which application threads were stopped: 0.0080850 seconds, Stopping threads took: 0.0003150 seconds
39.423: Application time: 0.0996560 seconds
39.481: [GC [PSYoungGen: 6540K->646K(7680K)] 14717K->8823K(25088K), 0.0004410 secs] [Times: user=0.00 sys=0.00, real=0.01 secs] 
39.481: [Full GC [PSYoungGen: 646K->0K(7680K)] [ParOldGen: 8177K->1957K(17408K)] 8823K->1957K(25088K) [PSPermGen: 5107K->5107K(21504K)], 0.0040410 secs] [Times: user=0.01 sys=0.00, real=0.00 secs] 
39.485: Total time for which application threads were stopped: 0.0627530 seconds, Stopping threads took: 0.0581630 seconds
39.487: Application time: 0.0013290 seconds
39.530: [GC [PSYoungGen: 6560K->1005K(7680K)] 8517K->8048K(25088K), 0.0017520 secs] [Times: user=0.01 sys=0.00, real=0.00 secs] 
39.532: Total time for which application threads were stopped: 0.0450570 seconds, Stopping threads took: 0.0432250 seconds
39.605: Application time: 0.0737030 seconds
39.653: [GC [PSYoungGen: 7369K->614K(7680K)] 14413K->7658K(25088K), 0.0004920 secs] [Times: user=0.00 sys=0.00, real=0.00 secs] 
39.653: Total time for which application threads were stopped: 0.0477590 seconds, Stopping threads took: 0.0471920 seconds
39.654: Application time: 0.0008240 seconds
39.696: [GC [PSYoungGen: 7077K->939K(7680K)] 14120K->13061K(25088K), 0.0015390 secs] [Times: user=0.02 sys=0.00, real=0.00 secs] 
39.698: [Full GC [PSYoungGen: 939K->0K(7680K)] [ParOldGen: 12121K->7103K(17408K)] 13061K->7103K(25088K) [PSPermGen: 5107K->5107K(21504K)], 0.0053800 secs] [Times: user=0.02 sys=0.00, real=0.01 secs] 
39.703: Total time for which application threads were stopped: 0.0494500 seconds, Stopping threads took: 0.0424170 seconds
39.778: Application time: 0.0743130 seconds
39.823: [GC [PSYoungGen: 6462K->646K(7680K)] 13565K->7749K(25088K), 0.0003940 secs] [Times: user=0.00 sys=0.01, real=0.00 secs] 
39.824: Total time for which application threads were stopped: 0.0460900 seconds, Stopping threads took: 0.0456340 seconds
39.825: Application time: 0.0009210 seconds
39.868: [GC [PSYoungGen: 7206K->1005K(7680K)] 14309K->13194K(25088K), 0.0016800 secs] [Times: user=0.01 sys=0.00, real=0.01 secs] 
39.870: [Full GC [PSYoungGen: 1005K->0K(7680K)] [ParOldGen: 12189K->7200K(17408K)] 13194K->7200K(25088K) [PSPermGen: 5107K->5107K(21504K)], 0.0051060 secs] [Times: user=0.02 sys=0.00, real=0.00 secs] 
39.875: Total time for which application threads were stopped: 0.0505340 seconds, Stopping threads took: 0.0436160 seconds
39.948: Application time: 0.0725770 seconds
39.993: [GC [PSYoungGen: 6521K->646K(7680K)] 13721K->7847K(25088K), 0.0005100 secs] [Times: user=0.00 sys=0.00, real=0.00 secs] 
39.994: Total time for which application threads were stopped: 0.0460690 seconds, Stopping threads took: 0.0454800 seconds
39.995: Application time: 0.0007710 seconds
40.050: [GC [PSYoungGen: 7204K->1005K(7680K)] 14405K->12218K(25088K), 0.0015540 secs] [Times: user=0.01 sys=0.00, real=0.00 secs] 
40.051: [Full GC [PSYoungGen: 1005K->0K(7680K)] [ParOldGen: 11212K->6126K(17408K)] 12218K->6126K(25088K) [PSPermGen: 5107K->5107K(21504K)], 0.0049630 secs] [Times: user=0.02 sys=0.00, real=0.00 secs] 
40.056: Total time for which application threads were stopped: 0.0616630 seconds, Stopping threads took: 0.0549950 seconds
40.140: Application time: 0.0837680 seconds
40.186: [GC [PSYoungGen: 6364K->614K(7680K)] 12491K->6741K(25088K), 0.0004220 secs] [Times: user=0.00 sys=0.00, real=0.00 secs] 
40.186: Total time for which application threads were stopped: 0.0458530 seconds, Stopping threads took: 0.0453610 seconds
40.187: Application time: 0.0008100 seconds
40.236: [GC [PSYoungGen: 7077K->1008K(7680K)] 13203K->11976K(25088K), 0.0017290 secs] [Times: user=0.01 sys=0.00, real=0.00 secs] 
40.238: [Full GC [PSYoungGen: 1008K->0K(7680K)] [ParOldGen: 10968K->7103K(17408K)] 11976K->7103K(25088K) [PSPermGen: 5107K->5107K(21504K)], 0.0049270 secs] [Times: user=0.02 sys=0.00, real=0.01 secs] 
40.243: Total time for which application threads were stopped: 0.0562200 seconds, Stopping threads took: 0.0494440 seconds
40.316: Application time: 0.0731330 seconds
40.361: [GC [PSYoungGen: 6462K->939K(7680K)] 13565K->8824K(25088K), 0.0006930 secs] [Times: user=0.00 sys=0.00, real=0.01 secs] 
40.362: Total time for which application threads were stopped: 0.0455910 seconds, Stopping threads took: 0.0448250 seconds
40.363: Application time: 0.0010460 seconds
40.407: [GC [PSYoungGen: 7595K->1005K(7680K)] 15480K->14073K(25088K), 0.0018850 secs] [Times: user=0.01 sys=0.00, real=0.00 secs] 
40.409: [Full GC [PSYoungGen: 1005K->0K(7680K)] [ParOldGen: 13068K->7298K(17408K)] 14073K->7298K(25088K) [PSPermGen: 5107K->5107K(21504K)], 0.0049840 secs] [Times: user=0.02 sys=0.00, real=0.01 secs] 
40.414: Total time for which application threads were stopped: 0.0508120 seconds, Stopping threads took: 0.0438150 seconds
40.510: Application time: 0.0966960 seconds
40.559: [GC [PSYoungGen: 6266K->614K(7680K)] 13565K->7913K(25088K), 0.0003890 secs] [Times: user=0.00 sys=0.00, real=0.00 secs] 
40.559: Total time for which application threads were stopped: 0.0490620 seconds, Stopping threads took: 0.0485990 seconds
40.560: Application time: 0.0008490 seconds
40.614: [GC [PSYoungGen: 7212K->971K(7680K)] 14510K->12176K(25088K), 0.0017150 secs] [Times: user=0.01 sys=0.00, real=0.00 secs] 
40.616: [Full GC [PSYoungGen: 971K->0K(7680K)] [ParOldGen: 11205K->5931K(17408K)] 12176K->5931K(25088K) [PSPermGen: 5107K->5107K(21504K)], 0.0046640 secs] [Times: user=0.02 sys=0.00, real=0.00 secs] 
40.621: Total time for which application threads were stopped: 0.0603830 seconds, Stopping threads took: 0.0538550 seconds
40.704: Application time: 0.0835320 seconds
40.759: [GC [PSYoungGen: 6560K->582K(7680K)] 12491K->6514K(25088K), 0.0004530 secs] [Times: user=0.00 sys=0.00, real=0.00 secs] 
40.759: Total time for which application threads were stopped: 0.0552900 seconds, Stopping threads took: 0.0547710 seconds
40.760: Application time: 0.0009110 seconds
40.804: [GC [PSYoungGen: 7201K->971K(7680K)] 13133K->11981K(25088K), 0.0018930 secs] [Times: user=0.01 sys=0.00, real=0.00 secs] 
40.806: [Full GC [PSYoungGen: 971K->0K(7680K)] [ParOldGen: 11010K->7103K(17408K)] 11981K->7103K(25088K) [PSPermGen: 5107K->5107K(21504K)], 0.0050570 secs] [Times: user=0.02 sys=0.00, real=0.01 secs] 
40.811: Total time for which application threads were stopped: 0.0502610 seconds, Stopping threads took: 0.0431910 seconds
40.886: Application time: 0.0757550 seconds
40.930: [GC [PSYoungGen: 6462K->582K(7680K)] 13565K->7686K(25088K), 0.0004310 secs] [Times: user=0.00 sys=0.00, real=0.00 secs] 
40.931: Total time for which application threads were stopped: 0.0445020 seconds, Stopping threads took: 0.0440090 seconds
40.932: Application time: 0.0007960 seconds
40.932: [GC [PSYoungGen: 7142K->1005K(7680K)] 14246K->14269K(25088K), 0.0021720 secs] [Times: user=0.01 sys=0.00, real=0.00 secs] 
40.934: [Full GC [PSYoungGen: 1005K->0K(7680K)] [ParOldGen: 13264K->8275K(17408K)] 14269K->8275K(25088K) [PSPermGen: 5107K->5107K(21504K)], 0.0051220 secs] [Times: user=0.02 sys=0.00, real=0.00 secs] 
40.939: Total time for which application threads were stopped: 0.0074790 seconds, Stopping threads took: 0.0000630 seconds
41.020: Application time: 0.0807190 seconds
41.081: [GC [PSYoungGen: 6364K->614K(7680K)] 14639K->8890K(25088K), 0.0006180 secs] [Times: user=0.00 sys=0.00, real=0.01 secs] 
41.081: [Full GC [PSYoungGen: 614K->0K(7680K)] [ParOldGen: 8275K->1928K(17408K)] 8890K->1928K(25088K) [PSPermGen: 5107K->5107K(21504K)], 0.0040430 secs] [Times: user=0.02 sys=0.00, real=0.00 secs] 
41.085: Total time for which application threads were stopped: 0.0655250 seconds, Stopping threads took: 0.0607480 seconds
41.087: Application time: 0.0012850 seconds
41.134: [GC [PSYoungGen: 6540K->939K(7680K)] 8469K->7946K(25088K), 0.0017830 secs] [Times: user=0.02 sys=0.00, real=0.00 secs] 
41.136: Total time for which application threads were stopped: 0.0495420 seconds, Stopping threads took: 0.0476620 seconds
41.209: Application time: 0.0731320 seconds
41.257: [GC [PSYoungGen: 7401K->907K(7680K)] 14408K->8696K(25088K), 0.0006620 secs] [Times: user=0.01 sys=0.00, real=0.00 secs] 
41.257: Total time for which application threads were stopped: 0.0477890 seconds, Stopping threads took: 0.0470600 seconds
41.258: Application time: 0.0011450 seconds
41.317: [GC [PSYoungGen: 7563K->939K(7680K)] 15352K->14001K(25088K), 0.0018050 secs] [Times: user=0.01 sys=0.01, real=0.00 secs] 
41.319: [Full GC [PSYoungGen: 939K->0K(7680K)] [ParOldGen: 13062K->7298K(17408K)] 14001K->7298K(25088K) [PSPermGen: 5107K->5107K(21504K)], 0.0050360 secs] [Times: user=0.02 sys=0.00, real=0.01 secs] 
41.324: Total time for which application threads were stopped: 0.0659220 seconds, Stopping threads took: 0.0589620 seconds
41.399: Application time: 0.0746750 seconds
41.444: [GC [PSYoungGen: 6267K->907K(7680K)] 13566K->8987K(25088K), 0.0008300 secs] [Times: user=0.00 sys=0.00, real=0.00 secs] 
41.445: Total time for which application threads were stopped: 0.0461000 seconds, Stopping threads took: 0.0452020 seconds
41.453: Application time: 0.0083850 seconds
41.516: [GC [PSYoungGen: 7370K->550K(7680K)] 15450K->8630K(25088K), 0.0005070 secs] [Times: user=0.00 sys=0.00, real=0.00 secs] 
41.517: Total time for which application threads were stopped: 0.0630560 seconds, Stopping threads took: 0.0624860 seconds
41.517: Application time: 0.0008200 seconds
41.561: [GC [PSYoungGen: 7189K->1005K(7680K)] 15269K->14172K(25088K), 0.0019610 secs] [Times: user=0.02 sys=0.00, real=0.01 secs] 
41.563: [Full GC [PSYoungGen: 1005K->0K(7680K)] [ParOldGen: 13166K->7201K(17408K)] 14172K->7201K(25088K) [PSPermGen: 5107K->5107K(21504K)], 0.0050410 secs] [Times: user=0.02 sys=0.00, real=0.00 secs] 
41.568: Total time for which application threads were stopped: 0.0508020 seconds, Stopping threads took: 0.0436450 seconds
41.643: Application time: 0.0749500 seconds
41.687: [GC [PSYoungGen: 6540K->841K(7680K)] 13741K->9019K(25088K), 0.0006660 secs] [Times: user=0.00 sys=0.00, real=0.00 secs] 
41.688: Total time for which application threads were stopped: 0.0450400 seconds, Stopping threads took: 0.0443040 seconds
41.689: Application time: 0.0011650 seconds
41.733: [GC [PSYoungGen: 7402K->939K(7680K)] 15580K->14391K(25088K), 0.0018960 secs] [Times: user=0.01 sys=0.00, real=0.00 secs] 
41.735: [Full GC [PSYoungGen: 939K->0K(7680K)] [ParOldGen: 13451K->7299K(17408K)] 14391K->7299K(25088K) [PSPermGen: 5107K->5107K(21504K)], 0.0050160 secs] [Times: user=0.03 sys=0.00, real=0.00 secs] 
41.740: Total time for which application threads were stopped: 0.0505800 seconds, Stopping threads took: 0.0435400 seconds
41.816: Application time: 0.0762430 seconds
41.859: [GC [PSYoungGen: 6656K->646K(7680K)] 13955K->8336K(25088K), 0.0005400 secs] [Times: user=0.00 sys=0.00, real=0.00 secs] 
41.860: Total time for which application threads were stopped: 0.0437870 seconds, Stopping threads took: 0.0431820 seconds
41.861: Application time: 0.0009790 seconds
41.904: [GC [PSYoungGen: 7206K->939K(7680K)] 14896K->14196K(25088K), 0.0020370 secs] [Times: user=0.01 sys=0.01, real=0.00 secs] 
41.906: [Full GC [PSYoungGen: 939K->0K(7680K)] [ParOldGen: 13256K->7592K(17408K)] 14196K->7592K(25088K) [PSPermGen: 5107K->5107K(21504K)], 0.0054700 secs] [Times: user=0.02 sys=0.00, real=0.01 secs] 
41.912: Total time for which application threads were stopped: 0.0508680 seconds, Stopping threads took: 0.0432330 seconds
42.000: Application time: 0.0883810 seconds
42.062: [GC [PSYoungGen: 6559K->1005K(7680K)] 14151K->8792K(25088K), 0.0006370 secs] [Times: user=0.00 sys=0.00, real=0.00 secs] 
42.062: Total time for which application threads were stopped: 0.0622670 seconds, Stopping threads took: 0.0615350 seconds
42.063: Application time: 0.0009070 seconds
42.107: [GC [PSYoungGen: 7565K->1005K(7680K)] 15352K->14465K(25088K), 0.0018190 secs] [Times: user=0.01 sys=0.00, real=0.00 secs] 
42.109: [Full GC [PSYoungGen: 1005K->0K(7680K)] [ParOldGen: 13459K->7787K(17408K)] 14465K->7787K(25088K) [PSPermGen: 5107K->5107K(21504K)], 0.0057700 secs] [Times: user=0.03 sys=0.00, real=0.01 secs] 
42.115: Total time for which application threads were stopped: 0.0513260 seconds, Stopping threads took: 0.0436230 seconds
42.193: Application time: 0.0782050 seconds
42.256: [GC [PSYoungGen: 6656K->451K(7680K)] 14443K->8238K(25088K), 0.0003820 secs] [Times: user=0.00 sys=0.00, real=0.00 secs] 
42.256: Total time for which application threads were stopped: 0.0636080 seconds, Stopping threads took: 0.0631580 seconds
42.257: Application time: 0.0008390 seconds
42.257: [GC [PSYoungGen: 7089K->1005K(7680K)] 14877K->14758K(25088K), 0.0018690 secs] [Times: user=0.01 sys=0.00, real=0.00 secs] 
42.259: [Full GC [PSYoungGen: 1005K->0K(7680K)] [ParOldGen: 13752K->8080K(17408K)] 14758K->8080K(25088K) [PSPermGen: 5107K->5107K(21504K)], 0.0054740 secs] [Times: user=0.03 sys=0.00, real=0.01 secs] 
42.265: Total time for which application threads were stopped: 0.0076170 seconds, Stopping threads took: 0.0001510 seconds
42.344: Application time: 0.0788070 seconds
42.406: [GC [PSYoungGen: 6638K->614K(7680K)] 14718K->8695K(25088K), 0.0004260 secs] [Times: user=0.00 sys=0.00, real=0.00 secs] 
42.406: [Full GC [PSYoungGen: 614K->0K(7680K)] [ParOldGen: 8080K->1985K(17408K)] 8695K->1985K(25088K) [PSPermGen: 5107K->5107K(21504K)], 0.0037740 secs] [Times: user=0.01 sys=0.00, real=0.01 secs] 
42.410: Total time for which application threads were stopped: 0.0662770 seconds, Stopping threads took: 0.0619660 seconds
42.411: Application time: 0.0011750 seconds
42.455: [GC [PSYoungGen: 6560K->1005K(7680K)] 8545K->8077K(25088K), 0.0018520 secs] [Times: user=0.01 sys=0.00, real=0.00 secs] 
42.457: Total time for which application threads were stopped: 0.0456540 seconds, Stopping threads took: 0.0437200 seconds
42.532: Application time: 0.0752860 seconds
42.578: [GC [PSYoungGen: 7369K->646K(7680K)] 14441K->7718K(25088K), 0.0008650 secs] [Times: user=0.00 sys=0.00, real=0.00 secs] 
42.579: Total time for which application threads were stopped: 0.0467150 seconds, Stopping threads took: 0.0457870 seconds
42.580: Application time: 0.0008450 seconds
42.631: [GC [PSYoungGen: 7109K->1005K(7680K)] 14181K->13065K(25088K), 0.0019870 secs] [Times: user=0.01 sys=0.00, real=0.00 secs] 
42.633: [Full GC [PSYoungGen: 1005K->0K(7680K)] [ParOldGen: 12060K->7103K(17408K)] 13065K->7103K(25088K) [PSPermGen: 5107K->5107K(21504K)], 0.0050110 secs] [Times: user=0.02 sys=0.00, real=0.00 secs] 
42.638: Total time for which application threads were stopped: 0.0582590 seconds, Stopping threads took: 0.0511110 seconds
42.715: Application time: 0.0766510 seconds
42.785: [GC [PSYoungGen: 6618K->646K(7680K)] 13722K->7750K(25088K), 0.0004310 secs] [Times: user=0.00 sys=0.00, real=0.00 secs] 
42.786: Total time for which application threads were stopped: 0.0711870 seconds, Stopping threads took: 0.0706810 seconds
42.787: Application time: 0.0008370 seconds
42.837: [GC [PSYoungGen: 7206K->1005K(7680K)] 14310K->13231K(25088K), 0.0018560 secs] [Times: user=0.01 sys=0.00, real=0.00 secs] 
42.838: [Full GC [PSYoungGen: 1005K->0K(7680K)] [ParOldGen: 12226K->7201K(17408K)] 13231K->7201K(25088K) [PSPermGen: 5107K->5107K(21504K)], 0.0050540 secs] [Times: user=0.03 sys=0.00, real=0.01 secs] 
42.844: Total time for which application threads were stopped: 0.0569350 seconds, Stopping threads took: 0.0499020 seconds
42.938: Application time: 0.0946410 seconds
42.995: [GC [PSYoungGen: 6364K->614K(7680K)] 13566K->7816K(25088K), 0.0004370 secs] [Times: user=0.00 sys=0.00, real=0.00 secs] 
42.996: Total time for which application threads were stopped: 0.0573100 seconds, Stopping threads took: 0.0568040 seconds
42.996: Application time: 0.0008180 seconds
43.045: [GC [PSYoungGen: 7155K->1006K(7680K)] 14357K->13147K(25088K), 0.0017450 secs] [Times: user=0.01 sys=0.00, real=0.00 secs] 
43.047: [Full GC [PSYoungGen: 1006K->0K(7680K)] [ParOldGen: 12140K->7104K(17408K)] 13147K->7104K(25088K) [PSPermGen: 5107K->5107K(21504K)], 0.0050220 secs] [Times: user=0.02 sys=0.00, real=0.01 secs] 
43.052: Total time for which application threads were stopped: 0.0556310 seconds, Stopping threads took: 0.0487410 seconds
43.126: Application time: 0.0740170 seconds
43.171: [GC [PSYoungGen: 6462K->646K(7680K)] 13566K->7750K(25088K), 0.0003820 secs] [Times: user=0.00 sys=0.00, real=0.00 secs] 
43.172: Total time for which application threads were stopped: 0.0458720 seconds, Stopping threads took: 0.0454300 seconds
43.173: Application time: 0.0009220 seconds
43.216: [GC [PSYoungGen: 7109K->939K(7680K)] 14213K->13122K(25088K), 0.0018570 secs] [Times: user=0.02 sys=0.00, real=0.00 secs] 
43.218: [Full GC [PSYoungGen: 939K->0K(7680K)] [ParOldGen: 12182K->7104K(17408K)] 13122K->7104K(25088K) [PSPermGen: 5107K->5107K(21504K)], 0.0050870 secs] [Times: user=0.02 sys=0.00, real=0.01 secs] 
43.224: Total time for which application threads were stopped: 0.0507070 seconds, Stopping threads took: 0.0436140 seconds
43.301: Application time: 0.0775640 seconds
43.345: [GC [PSYoungGen: 6512K->662K(7680K)] 13616K->7766K(25088K), 0.0004640 secs] [Times: user=0.00 sys=0.00, real=0.00 secs] 
43.346: Total time for which application threads were stopped: 0.0445150 seconds, Stopping threads took: 0.0439780 seconds
43.346: Application time: 0.0008760 seconds
43.406: [GC [PSYoungGen: 7309K->1005K(7680K)] 14413K->12067K(25088K), 0.0014620 secs] [Times: user=0.01 sys=0.00, real=0.00 secs] 
43.408: [Full GC [PSYoungGen: 1005K->0K(7680K)] [ParOldGen: 11062K->6030K(17408K)] 12067K->6030K(25088K) [PSPermGen: 5107K->5107K(21504K)], 0.0050550 secs] [Times: user=0.02 sys=0.00, real=0.01 secs] 
43.413: Total time for which application threads were stopped: 0.0662310 seconds, Stopping threads took: 0.0595750 seconds
43.484: Application time: 0.0710100 seconds
43.529: [GC [PSYoungGen: 6462K->875K(7680K)] 12492K->7687K(25088K), 0.0006760 secs] [Times: user=0.00 sys=0.00, real=0.01 secs] 
43.530: Total time for which application threads were stopped: 0.0460840 seconds, Stopping threads took: 0.0453110 seconds
43.531: Application time: 0.0010660 seconds
43.586: [GC [PSYoungGen: 7531K->1005K(7680K)] 14343K->11926K(25088K), 0.0015880 secs] [Times: user=0.01 sys=0.00, real=0.00 secs] 
43.587: [Full GC [PSYoungGen: 1005K->0K(7680K)] [ParOldGen: 10921K->6226K(17408K)] 11926K->6226K(25088K) [PSPermGen: 5107K->5107K(21504K)], 0.0049340 secs] [Times: user=0.02 sys=0.00, real=0.01 secs] 
43.592: Total time for which application threads were stopped: 0.0614960 seconds, Stopping threads took: 0.0548280 seconds
43.679: Application time: 0.0867100 seconds
43.723: [GC [PSYoungGen: 6267K->646K(7680K)] 12493K->6872K(25088K), 0.0004060 secs] [Times: user=0.00 sys=0.00, real=0.00 secs] 
43.723: Total time for which application threads were stopped: 0.0442750 seconds, Stopping threads took: 0.0438080 seconds
43.724: Application time: 0.0008150 seconds
43.724: [GC [PSYoungGen: 7109K->1006K(7680K)] 13335K->13222K(25088K), 0.0020540 secs] [Times: user=0.01 sys=0.00, real=0.00 secs] 
43.726: [Full GC [PSYoungGen: 1006K->0K(7680K)] [ParOldGen: 12215K->8178K(17408K)] 13222K->8178K(25088K) [PSPermGen: 5107K->5107K(21504K)], 0.0049320 secs] [Times: user=0.02 sys=0.00, real=0.01 secs] 
43.731: Total time for which application threads were stopped: 0.0072840 seconds, Stopping threads took: 0.0001690 seconds
43.812: Application time: 0.0808680 seconds
43.873: [GC [PSYoungGen: 6462K->582K(7680K)] 14641K->8761K(25088K), 0.0004230 secs] [Times: user=0.00 sys=0.00, real=0.00 secs] 
43.873: Total time for which application threads were stopped: 0.0607710 seconds, Stopping threads took: 0.0602420 seconds
43.874: Application time: 0.0007410 seconds
43.874: [GC [PSYoungGen: 7045K->1005K(7680K)] 15224K->15247K(25088K), 0.0020530 secs] [Times: user=0.01 sys=0.00, real=0.00 secs] 
43.876: [Full GC [PSYoungGen: 1005K->0K(7680K)] [ParOldGen: 14242K->8178K(17408K)] 15247K->8178K(25088K) [PSPermGen: 5107K->5107K(21504K)], 0.0056650 secs] [Times: user=0.02 sys=0.00, real=0.01 secs] 
43.882: Total time for which application threads were stopped: 0.0080900 seconds, Stopping threads took: 0.0002330 seconds
43.960: Application time: 0.0777760 seconds
44.023: [GC [PSYoungGen: 6462K->582K(7680K)] 14641K->8761K(25088K), 0.0004190 secs] [Times: user=0.00 sys=0.00, real=0.00 secs] 
44.023: [Full GC [PSYoungGen: 582K->0K(7680K)] [ParOldGen: 8178K->1928K(17408K)] 8761K->1928K(25088K) [PSPermGen: 5107K->5107K(21504K)], 0.0040210 secs] [Times: user=0.01 sys=0.00, real=0.00 secs] 
44.027: Total time for which application threads were stopped: 0.0674610 seconds, Stopping threads took: 0.0628910 seconds
44.028: Application time: 0.0012090 seconds
44.073: [GC [PSYoungGen: 6462K->939K(7680K)] 8391K->7946K(25088K), 0.0018350 secs] [Times: user=0.02 sys=0.00, real=0.00 secs] 
44.075: Total time for which application threads were stopped: 0.0464880 seconds, Stopping threads took: 0.0445760 seconds
44.149: Application time: 0.0741780 seconds
44.196: [GC [PSYoungGen: 7401K->582K(7680K)] 14408K->7589K(25088K), 0.0004470 secs] [Times: user=0.00 sys=0.00, real=0.00 secs] 
44.197: Total time for which application threads were stopped: 0.0478560 seconds, Stopping threads took: 0.0473440 seconds
44.198: Application time: 0.0008850 seconds
44.251: [GC [PSYoungGen: 7238K->939K(7680K)] 14245K->12146K(25088K), 0.0015670 secs] [Times: user=0.01 sys=0.00, real=0.00 secs] 
44.252: [Full GC [PSYoungGen: 939K->0K(7680K)] [ParOldGen: 11206K->6226K(17408K)] 12146K->6226K(25088K) [PSPermGen: 5107K->5107K(21504K)], 0.0049530 secs] [Times: user=0.02 sys=0.00, real=0.00 secs] 
44.257: Total time for which application threads were stopped: 0.0595140 seconds, Stopping threads took: 0.0528690 seconds
44.336: Application time: 0.0785740 seconds
44.390: [GC [PSYoungGen: 6267K->614K(7680K)] 12493K->6840K(25088K), 0.0004020 secs] [Times: user=0.00 sys=0.00, real=0.00 secs] 
44.390: Total time for which application threads were stopped: 0.0542070 seconds, Stopping threads took: 0.0537250 seconds
44.393: Application time: 0.0032730 seconds
44.461: [GC [PSYoungGen: 7155K->646K(7680K)] 13381K->6872K(25088K), 0.0004900 secs] [Times: user=0.01 sys=0.00, real=0.01 secs] 
44.461: Total time for which application threads were stopped: 0.0679090 seconds, Stopping threads took: 0.0673610 seconds
44.462: Application time: 0.0006120 seconds
44.462: [GC [PSYoungGen: 7265K->1005K(7680K)] 13491K->13314K(25088K), 0.0019520 secs] [Times: user=0.01 sys=0.00, real=0.00 secs] 
44.464: [Full GC [PSYoungGen: 1005K->0K(7680K)] [ParOldGen: 12309K->8179K(17408K)] 13314K->8179K(25088K) [PSPermGen: 5107K->5107K(21504K)], 0.0053710 secs] [Times: user=0.03 sys=0.00, real=0.01 secs] 
44.470: Total time for which application threads were stopped: 0.0077300 seconds, Stopping threads took: 0.0002930 seconds
44.547: Application time: 0.0773490 seconds
44.609: [GC [PSYoungGen: 6462K->646K(7680K)] 14641K->8825K(25088K), 0.0004430 secs] [Times: user=0.00 sys=0.00, real=0.01 secs] 
44.610: [Full GC [PSYoungGen: 646K->0K(7680K)] [ParOldGen: 8179K->2013K(17408K)] 8825K->2013K(25088K) [PSPermGen: 5107K->5107K(21504K)], 0.0041670 secs] [Times: user=0.02 sys=0.00, real=0.00 secs] 
44.614: Total time for which application threads were stopped: 0.0673110 seconds, Stopping threads took: 0.0615150 seconds
44.621: Application time: 0.0070860 seconds
44.686: [GC [PSYoungGen: 6540K->614K(7680K)] 8554K->2628K(25088K), 0.0004140 secs] [Times: user=0.00 sys=0.00, real=0.00 secs] 
44.686: Total time for which application threads were stopped: 0.0649450 seconds, Stopping threads took: 0.0644670 seconds
44.687: Application time: 0.0006380 seconds
44.739: [GC [PSYoungGen: 7270K->1005K(7680K)] 9284K->7129K(25088K), 0.0013560 secs] [Times: user=0.00 sys=0.00, real=0.00 secs] 
44.741: Total time for which application threads were stopped: 0.0537420 seconds, Stopping threads took: 0.0523290 seconds
44.827: Application time: 0.0861650 seconds
44.883: [GC [PSYoungGen: 7350K->646K(7680K)] 13474K->6770K(25088K), 0.0004630 secs] [Times: user=0.00 sys=0.00, real=0.00 secs] 
44.884: Total time for which application threads were stopped: 0.0566570 seconds, Stopping threads took: 0.0561270 seconds
44.885: Application time: 0.0009430 seconds
44.925: [GC [PSYoungGen: 7206K->1005K(7680K)] 13330K->12267K(25088K), 0.0018160 secs] [Times: user=0.02 sys=0.00, real=0.00 secs] 
44.927: [Full GC [PSYoungGen: 1005K->0K(7680K)] [ParOldGen: 11262K->7202K(17408K)] 12267K->7202K(25088K) [PSPermGen: 5107K->5107K(21504K)], 0.0048770 secs] [Times: user=0.02 sys=0.00, real=0.01 secs] 
44.932: Total time for which application threads were stopped: 0.0475770 seconds, Stopping threads took: 0.0407570 seconds
45.006: Application time: 0.0740850 seconds
45.051: [GC [PSYoungGen: 6520K->842K(7680K)] 13723K->9997K(25088K), 0.0009760 secs] [Times: user=0.01 sys=0.00, real=0.00 secs] 
45.052: [Full GC [PSYoungGen: 842K->0K(7680K)] [ParOldGen: 9155K->3882K(17408K)] 9997K->3882K(25088K) [PSPermGen: 5107K->5107K(21504K)], 0.0043010 secs] [Times: user=0.01 sys=0.00, real=0.00 secs] 
45.056: Total time for which application threads were stopped: 0.0502020 seconds, Stopping threads took: 0.0447990 seconds
45.136: Application time: 0.0796240 seconds
45.147: [GC [PSYoungGen: 6462K->550K(7680K)] 10345K->4433K(25088K), 0.0003810 secs] [Times: user=0.00 sys=0.00, real=0.00 secs] 
45.147: Total time for which application threads were stopped: 0.0114350 seconds, Stopping threads took: 0.0109900 seconds
45.148: Application time: 0.0008580 seconds
45.192: [GC [PSYoungGen: 7189K->1005K(7680K)] 11071K->9998K(25088K), 0.0018750 secs] [Times: user=0.01 sys=0.00, real=0.00 secs] 
45.194: [Full GC [PSYoungGen: 1005K->0K(7680K)] [ParOldGen: 8993K->7203K(17408K)] 9998K->7203K(25088K) [PSPermGen: 5107K->5107K(21504K)], 0.0048290 secs] [Times: user=0.02 sys=0.00, real=0.00 secs] 
45.199: Total time for which application threads were stopped: 0.0503130 seconds, Stopping threads took: 0.0434840 seconds
45.273: Application time: 0.0747330 seconds
45.318: [GC [PSYoungGen: 6364K->973K(7680K)] 13567K->9934K(25088K), 0.0009460 secs] [Times: user=0.01 sys=0.00, real=0.00 secs] 
45.319: [Full GC [PSYoungGen: 973K->0K(7680K)] [ParOldGen: 8960K->3882K(17408K)] 9934K->3882K(25088K) [PSPermGen: 5107K->5107K(21504K)], 0.0041880 secs] [Times: user=0.01 sys=0.00, real=0.01 secs] 
45.324: Total time for which application threads were stopped: 0.0503510 seconds, Stopping threads took: 0.0450840 seconds
45.402: Application time: 0.0779410 seconds
45.417: [GC [PSYoungGen: 6462K->614K(7680K)] 10345K->4497K(25088K), 0.0004040 secs] [Times: user=0.00 sys=0.00, real=0.00 secs] 
45.418: Total time for which application threads were stopped: 0.0160030 seconds, Stopping threads took: 0.0155320 seconds
45.418: Application time: 0.0007750 seconds
45.475: [GC [PSYoungGen: 7270K->939K(7680K)] 11153K->10096K(25088K), 0.0019300 secs] [Times: user=0.01 sys=0.00, real=0.00 secs] 
45.477: [Full GC [PSYoungGen: 939K->0K(7680K)] [ParOldGen: 9156K->7300K(17408K)] 10096K->7300K(25088K) [PSPermGen: 5107K->5107K(21504K)], 0.0046700 secs] [Times: user=0.02 sys=0.00, real=0.01 secs] 
45.482: Total time for which application threads were stopped: 0.0631930 seconds, Stopping threads took: 0.0564540 seconds
45.559: Application time: 0.0769280 seconds
45.604: [GC [PSYoungGen: 6656K->875K(7680K)] 13956K->9348K(25088K), 0.0008360 secs] [Times: user=0.00 sys=0.00, real=0.00 secs] 
45.604: Total time for which application threads were stopped: 0.0459240 seconds, Stopping threads took: 0.0450240 seconds
45.606: Application time: 0.0013340 seconds
45.661: [GC [PSYoungGen: 7531K->1005K(7680K)] 16004K->15053K(25088K), 0.0020010 secs] [Times: user=0.02 sys=0.00, real=0.01 secs] 
45.663: [Full GC [PSYoungGen: 1005K->0K(7680K)] [ParOldGen: 14047K->7691K(17408K)] 15053K->7691K(25088K) [PSPermGen: 5107K->5107K(21504K)], 0.0053810 secs] [Times: user=0.02 sys=0.00, real=0.00 secs] 
45.668: Total time for which application threads were stopped: 0.0624600 seconds, Stopping threads took: 0.0549520 seconds
45.747: Application time: 0.0784410 seconds
45.805: [GC [PSYoungGen: 6559K->875K(7680K)] 14251K->8957K(25088K), 0.0005540 secs] [Times: user=0.00 sys=0.00, real=0.00 secs] 
45.806: Total time for which application threads were stopped: 0.0593390 seconds, Stopping threads took: 0.0587190 seconds
45.807: Application time: 0.0009720 seconds
45.848: [GC [PSYoungGen: 7531K->1005K(7680K)] 15613K->14955K(25088K), 0.0021210 secs] [Times: user=0.02 sys=0.00, real=0.01 secs] 
45.850: [Full GC [PSYoungGen: 1005K->0K(7680K)] [ParOldGen: 13949K->7984K(17408K)] 14955K->7984K(25088K) [PSPermGen: 5107K->5107K(21504K)], 0.0051540 secs] [Times: user=0.02 sys=0.00, real=0.00 secs] 
45.855: Total time for which application threads were stopped: 0.0481620 seconds, Stopping threads took: 0.0407580 seconds
45.935: Application time: 0.0796900 seconds
45.996: [GC [PSYoungGen: 6656K->550K(7680K)] 14640K->8535K(25088K), 0.0005560 secs] [Times: user=0.00 sys=0.00, real=0.00 secs] 
45.997: Total time for which application threads were stopped: 0.0619350 seconds, Stopping threads took: 0.0612980 seconds
45.998: Application time: 0.0009110 seconds
46.042: [GC [PSYoungGen: 7206K->1005K(7680K)] 15190K->13099K(25088K), 0.0014580 secs] [Times: user=0.00 sys=0.00, real=0.00 secs] 
46.043: [Full GC [PSYoungGen: 1005K->0K(7680K)] [ParOldGen: 12094K->6226K(17408K)] 13099K->6226K(25088K) [PSPermGen: 5107K->5107K(21504K)], 0.0051610 secs] [Times: user=0.02 sys=0.00, real=0.00 secs] 
46.048: Total time for which application threads were stopped: 0.0504720 seconds, Stopping threads took: 0.0437460 seconds
46.139: Application time: 0.0903040 seconds
46.179: [GC [PSYoungGen: 6656K->841K(7680K)] 12882K->7263K(25088K), 0.0004810 secs] [Times: user=0.00 sys=0.00, real=0.00 secs] 
46.180: Total time for which application threads were stopped: 0.0413640 seconds, Stopping threads took: 0.0408170 seconds
46.181: Application time: 0.0010160 seconds
46.181: [GC [PSYoungGen: 7497K->1005K(7680K)] 13919K->13881K(25088K), 0.0022910 secs] [Times: user=0.01 sys=0.00, real=0.00 secs] 
46.183: [Full GC [PSYoungGen: 1005K->0K(7680K)] [ParOldGen: 12875K->8765K(17408K)] 13881K->8765K(25088K) [PSPermGen: 5107K->5107K(21504K)], 0.0051590 secs] [Times: user=0.03 sys=0.00, real=0.00 secs] 
46.189: Total time for which application threads were stopped: 0.0078010 seconds, Stopping threads took: 0.0002120 seconds
46.270: Application time: 0.0815050 seconds
46.337: [GC [PSYoungGen: 6645K->256K(7680K)] 15411K->9021K(25088K), 0.0003900 secs] [Times: user=0.00 sys=0.00, real=0.00 secs] 
46.337: [Full GC [PSYoungGen: 256K->0K(7680K)] [ParOldGen: 8765K->1574K(17408K)] 9021K->1574K(25088K) [PSPermGen: 5107K->5107K(21504K)], 0.0038320 secs] [Times: user=0.01 sys=0.00, real=0.01 secs] 
46.341: Total time for which application threads were stopped: 0.0711210 seconds, Stopping threads took: 0.0667890 seconds
46.343: Application time: 0.0012650 seconds
46.389: [GC [PSYoungGen: 6626K->1005K(7680K)] 8200K->7267K(25088K), 0.0016990 secs] [Times: user=0.01 sys=0.00, real=0.00 secs] 
46.391: Total time for which application threads were stopped: 0.0486310 seconds, Stopping threads took: 0.0468580 seconds
46.464: Application time: 0.0725530 seconds
46.509: [GC [PSYoungGen: 7565K->1005K(7680K)] 13827K->8854K(25088K), 0.0010060 secs] [Times: user=0.00 sys=0.00, real=0.00 secs] 
46.510: Total time for which application threads were stopped: 0.0464190 seconds, Stopping threads took: 0.0453250 seconds
46.582: Application time: 0.0713210 seconds
46.587: [GC [PSYoungGen: 7546K->419K(7680K)] 15395K->8268K(25088K), 0.0004230 secs] [Times: user=0.00 sys=0.00, real=0.00 secs] 
46.587: Total time for which application threads were stopped: 0.0054190 seconds, Stopping threads took: 0.0049280 seconds
46.588: Application time: 0.0006910 seconds
46.640: [GC [PSYoungGen: 7036K->1022K(7680K)] 14885K->13647K(25088K), 0.0020380 secs] [Times: user=0.01 sys=0.00, real=0.01 secs] 
46.642: [Full GC [PSYoungGen: 1022K->0K(7680K)] [ParOldGen: 12624K->6910K(17408K)] 13647K->6910K(25088K) [PSPermGen: 5107K->5107K(21504K)], 0.0052410 secs] [Times: user=0.02 sys=0.00, real=0.00 secs] 
46.647: Total time for which application threads were stopped: 0.0592640 seconds, Stopping threads took: 0.0518510 seconds
46.721: Application time: 0.0738410 seconds
46.765: [GC [PSYoungGen: 6638K->939K(7680K)] 13548K->9608K(25088K), 0.0009580 secs] [Times: user=0.00 sys=0.00, real=0.00 secs] 
46.766: Total time for which application threads were stopped: 0.0453210 seconds, Stopping threads took: 0.0442910 seconds
46.844: Application time: 0.0779200 seconds
46.858: [GC [PSYoungGen: 7499K->614K(7680K)] 16168K->9283K(25088K), 0.0004830 secs] [Times: user=0.00 sys=0.00, real=0.00 secs] 
46.858: Total time for which application threads were stopped: 0.0141170 seconds, Stopping threads took: 0.0135430 seconds
46.859: Application time: 0.0007800 seconds
46.859: [GC [PSYoungGen: 7077K->1006K(7680K)] 15745K->15688K(25088K), 0.0020280 secs] [Times: user=0.01 sys=0.00, real=0.01 secs] 
46.861: [Full GC [PSYoungGen: 1006K->0K(7680K)] [ParOldGen: 14681K->8179K(17408K)] 15688K->8179K(25088K) [PSPermGen: 5107K->5107K(21504K)], 0.0052780 secs] [Times: user=0.02 sys=0.00, real=0.00 secs] 
46.867: Total time for which application threads were stopped: 0.0076060 seconds, Stopping threads took: 0.0001620 seconds
46.945: Application time: 0.0789610 seconds
47.009: [GC [PSYoungGen: 6540K->646K(7680K)] 14720K->8826K(25088K), 0.0004510 secs] [Times: user=0.00 sys=0.00, real=0.01 secs] 
47.009: Total time for which application threads were stopped: 0.0638350 seconds, Stopping threads took: 0.0633190 seconds
47.010: Application time: 0.0008400 seconds
47.053: [GC [PSYoungGen: 7283K->1005K(7680K)] 15463K->14307K(25088K), 0.0017810 secs] [Times: user=0.01 sys=0.00, real=0.00 secs] 
47.055: [Full GC [PSYoungGen: 1005K->0K(7680K)] [ParOldGen: 13302K->7203K(17408K)] 14307K->7203K(25088K) [PSPermGen: 5107K->5107K(21504K)], 0.0050970 secs] [Times: user=0.02 sys=0.00, real=0.00 secs] 
47.060: Total time for which application threads were stopped: 0.0496420 seconds, Stopping threads took: 0.0426380 seconds
47.134: Application time: 0.0744810 seconds
47.180: [GC [PSYoungGen: 6364K->614K(7680K)] 13568K->7818K(25088K), 0.0005670 secs] [Times: user=0.00 sys=0.00, real=0.00 secs] 
47.181: Total time for which application threads were stopped: 0.0463290 seconds, Stopping threads took: 0.0456920 seconds
47.182: Application time: 0.0010420 seconds
47.234: [GC [PSYoungGen: 7270K->1005K(7680K)] 14474K->13385K(25088K), 0.0018640 secs] [Times: user=0.02 sys=0.00, real=0.00 secs] 
47.236: [Full GC [PSYoungGen: 1005K->0K(7680K)] [ParOldGen: 12379K->7301K(17408K)] 13385K->7301K(25088K) [PSPermGen: 5107K->5107K(21504K)], 0.0048720 secs] [Times: user=0.01 sys=0.01, real=0.01 secs] 
47.241: Total time for which application threads were stopped: 0.0595230 seconds, Stopping threads took: 0.0526470 seconds
47.318: Application time: 0.0765660 seconds
47.363: [GC [PSYoungGen: 6656K->973K(7680K)] 13957K->8274K(25088K), 0.0005200 secs] [Times: user=0.01 sys=0.00, real=0.00 secs] 
47.364: Total time for which application threads were stopped: 0.0459870 seconds, Stopping threads took: 0.0453970 seconds
47.365: Application time: 0.0008640 seconds
47.408: [GC [PSYoungGen: 7533K->1005K(7680K)] 14834K->13783K(25088K), 0.0020960 secs] [Times: user=0.01 sys=0.00, real=0.01 secs] 
47.411: [Full GC [PSYoungGen: 1005K->0K(7680K)] [ParOldGen: 12778K->7594K(17408K)] 13783K->7594K(25088K) [PSPermGen: 5107K->5107K(21504K)], 0.0052700 secs] [Times: user=0.03 sys=0.00, real=0.00 secs] 
47.416: Total time for which application threads were stopped: 0.0512460 seconds, Stopping threads took: 0.0437340 seconds
47.495: Application time: 0.0789560 seconds
47.557: [GC [PSYoungGen: 6656K->192K(7680K)] 14250K->7786K(25088K), 0.0003720 secs] [Times: user=0.00 sys=0.00, real=0.00 secs] 
47.557: Total time for which application threads were stopped: 0.0623530 seconds, Stopping threads took: 0.0618990 seconds
47.558: Application time: 0.0007790 seconds
47.558: [GC [PSYoungGen: 6752K->1008K(7680K)] 14346K->14225K(25088K), 0.0019530 secs] [Times: user=0.01 sys=0.00, real=0.00 secs] 
47.560: [Full GC [PSYoungGen: 1008K->0K(7680K)] [ParOldGen: 13217K->7887K(17408K)] 14225K->7887K(25088K) [PSPermGen: 5107K->5107K(21504K)], 0.0051080 secs] [Times: user=0.02 sys=0.00, real=0.01 secs] 
47.565: Total time for which application threads were stopped: 0.0073260 seconds, Stopping threads took: 0.0001380 seconds
47.654: Application time: 0.0892180 seconds
47.710: [GC [PSYoungGen: 6462K->1005K(7680K)] 14349K->9283K(25088K), 0.0008190 secs] [Times: user=0.00 sys=0.00, real=0.00 secs] 
47.710: [Full GC [PSYoungGen: 1005K->0K(7680K)] [ParOldGen: 8277K->2709K(17408K)] 9283K->2709K(25088K) [PSPermGen: 5107K->5107K(21504K)], 0.0043380 secs] [Times: user=0.01 sys=0.00, real=0.00 secs] 
47.715: Total time for which application threads were stopped: 0.0603530 seconds, Stopping threads took: 0.0550820 seconds
47.716: Application time: 0.0013800 seconds
47.768: [GC [PSYoungGen: 6560K->939K(7680K)] 9269K->8532K(25088K), 0.0018620 secs] [Times: user=0.01 sys=0.00, real=0.01 secs] 
47.770: Total time for which application threads were stopped: 0.0534650 seconds, Stopping threads took: 0.0515200 seconds
47.847: Application time: 0.0772550 seconds
47.890: [GC [PSYoungGen: 7595K->614K(7680K)] 15188K->8207K(25088K), 0.0006370 secs] [Times: user=0.00 sys=0.00, real=0.00 secs] 
47.891: Total time for which application threads were stopped: 0.0437590 seconds, Stopping threads took: 0.0430460 seconds
47.892: Application time: 0.0008780 seconds
47.944: [GC [PSYoungGen: 7172K->907K(7680K)] 14765K->12602K(25088K), 0.0015660 secs] [Times: user=0.01 sys=0.00, real=0.00 secs] 
47.946: [Full GC [PSYoungGen: 907K->0K(7680K)] [ParOldGen: 11694K->6129K(17408K)] 12602K->6129K(25088K) [PSPermGen: 5107K->5107K(21504K)], 0.0052830 secs] [Times: user=0.02 sys=0.00, real=0.01 secs] 
47.951: Total time for which application threads were stopped: 0.0593560 seconds, Stopping threads took: 0.0523640 seconds
48.035: Application time: 0.0840510 seconds
48.088: [GC [PSYoungGen: 6364K->550K(7680K)] 12494K->6680K(25088K), 0.0007130 secs] [Times: user=0.01 sys=0.00, real=0.00 secs] 
48.089: Total time for which application threads were stopped: 0.0537780 seconds, Stopping threads took: 0.0529610 seconds
48.090: Application time: 0.0008990 seconds
48.134: [GC [PSYoungGen: 7189K->939K(7680K)] 13318K->11171K(25088K), 0.0015720 secs] [Times: user=0.01 sys=0.00, real=0.00 secs] 
48.135: [Full GC [PSYoungGen: 939K->0K(7680K)] [ParOldGen: 10231K->6129K(17408K)] 11171K->6129K(25088K) [PSPermGen: 5107K->5107K(21504K)], 0.0048350 secs] [Times: user=0.02 sys=0.00, real=0.00 secs] 
48.140: Total time for which application threads were stopped: 0.0503340 seconds, Stopping threads took: 0.0438020 seconds
48.229: Application time: 0.0890670 seconds
48.280: [GC [PSYoungGen: 6442K->614K(7680K)] 12572K->6744K(25088K), 0.0005230 secs] [Times: user=0.00 sys=0.00, real=0.00 secs] 
48.281: Total time for which application threads were stopped: 0.0517880 seconds, Stopping threads took: 0.0511950 seconds
48.283: Application time: 0.0025410 seconds
48.334: [GC [PSYoungGen: 7153K->1005K(7680K)] 13282K->11101K(25088K), 0.0015510 secs] [Times: user=0.01 sys=0.00, real=0.00 secs] 
48.336: [Full GC [PSYoungGen: 1005K->0K(7680K)] [ParOldGen: 10095K->6031K(17408K)] 11101K->6031K(25088K) [PSPermGen: 5107K->5107K(21504K)], 0.0047760 secs] [Times: user=0.01 sys=0.01, real=0.00 secs] 
48.341: Total time for which application threads were stopped: 0.0570700 seconds, Stopping threads took: 0.0505990 seconds
48.423: Application time: 0.0822350 seconds
48.479: [GC [PSYoungGen: 6462K->646K(7680K)] 12494K->6678K(25088K), 0.0004720 secs] [Times: user=0.00 sys=0.00, real=0.00 secs] 
48.480: Total time for which application threads were stopped: 0.0568300 seconds, Stopping threads took: 0.0562930 seconds
48.484: Application time: 0.0043170 seconds
48.550: [GC [PSYoungGen: 7109K->550K(7680K)] 13141K->6582K(25088K), 0.0004190 secs] [Times: user=0.00 sys=0.00, real=0.00 secs] 
48.551: Total time for which application threads were stopped: 0.0667700 seconds, Stopping threads took: 0.0662890 seconds
48.551: Application time: 0.0006720 seconds
48.595: [GC [PSYoungGen: 7169K->1005K(7680K)] 13201K->12062K(25088K), 0.0018870 secs] [Times: user=0.01 sys=0.00, real=0.00 secs] 
48.597: [Full GC [PSYoungGen: 1005K->0K(7680K)] [ParOldGen: 11056K->7106K(17408K)] 12062K->7106K(25088K) [PSPermGen: 5107K->5107K(21504K)], 0.0075460 secs] [Times: user=0.03 sys=0.00, real=0.01 secs] 
48.604: Total time for which application threads were stopped: 0.0529620 seconds, Stopping threads took: 0.0433890 seconds
48.678: Application time: 0.0738610 seconds
48.682: [GC [PSYoungGen: 6618K->1021K(7680K)] 13724K->10967K(25088K), 0.0012140 secs] [Times: user=0.01 sys=0.00, real=0.00 secs] 
48.684: [Full GC [PSYoungGen: 1021K->0K(7680K)] [ParOldGen: 9946K->4958K(17408K)] 10967K->4958K(25088K) [PSPermGen: 5107K->5107K(21504K)], 0.0047190 secs] [Times: user=0.01 sys=0.00, real=0.00 secs] 
48.688: Total time for which application threads were stopped: 0.0102930 seconds, Stopping threads took: 0.0042350 seconds
48.774: Application time: 0.0851810 seconds
48.818: [GC [PSYoungGen: 6540K->646K(7680K)] 11498K->5604K(25088K), 0.0003920 secs] [Times: user=0.00 sys=0.00, real=0.00 secs] 
48.818: Total time for which application threads were stopped: 0.0445140 seconds, Stopping threads took: 0.0440380 seconds
48.819: Application time: 0.0008360 seconds
48.819: [GC [PSYoungGen: 7206K->1006K(7680K)] 12164K->12052K(25088K), 0.0021010 secs] [Times: user=0.00 sys=0.01, real=0.01 secs] 
48.821: [Full GC [PSYoungGen: 1006K->0K(7680K)] [ParOldGen: 11045K->8278K(17408K)] 12052K->8278K(25088K) [PSPermGen: 5107K->5107K(21504K)], 0.0049040 secs] [Times: user=0.02 sys=0.00, real=0.00 secs] 
48.826: Total time for which application threads were stopped: 0.0073390 seconds, Stopping threads took: 0.0002030 seconds
48.906: Application time: 0.0795220 seconds
48.969: [GC [PSYoungGen: 6364K->614K(7680K)] 14642K->8892K(25088K), 0.0004830 secs] [Times: user=0.00 sys=0.00, real=0.01 secs] 
48.969: Total time for which application threads were stopped: 0.0633320 seconds, Stopping threads took: 0.0627820 seconds
48.970: Application time: 0.0008070 seconds
49.013: [GC [PSYoungGen: 7174K->1005K(7680K)] 15453K->14370K(25088K), 0.0018240 secs] [Times: user=0.01 sys=0.00, real=0.00 secs] 
49.015: [Full GC [PSYoungGen: 1005K->0K(7680K)] [ParOldGen: 13364K->7204K(17408K)] 14370K->7204K(25088K) [PSPermGen: 5107K->5107K(21504K)], 0.0050570 secs] [Times: user=0.02 sys=0.00, real=0.00 secs] 
49.020: Total time for which application threads were stopped: 0.0498910 seconds, Stopping threads took: 0.0428850 seconds
49.096: Application time: 0.0760270 seconds
49.139: [GC [PSYoungGen: 6364K->646K(7680K)] 13568K->7850K(25088K), 0.0004330 secs] [Times: user=0.00 sys=0.00, real=0.00 secs] 
49.140: Total time for which application threads were stopped: 0.0436560 seconds, Stopping threads took: 0.0431410 seconds
49.140: Application time: 0.0008040 seconds
49.140: [GC [PSYoungGen: 7206K->1006K(7680K)] 14410K->14298K(25088K), 0.0020870 secs] [Times: user=0.01 sys=0.00, real=0.01 secs] 
49.143: [Full GC [PSYoungGen: 1006K->0K(7680K)] [ParOldGen: 13291K->8278K(17408K)] 14298K->8278K(25088K) [PSPermGen: 5107K->5107K(21504K)], 0.0049970 secs] [Times: user=0.02 sys=0.00, real=0.00 secs] 
49.148: Total time for which application threads were stopped: 0.0072630 seconds, Stopping threads took: 0.0000510 seconds
49.251: Application time: 0.1029870 seconds
49.311: [GC [PSYoungGen: 6364K->646K(7680K)] 14642K->8924K(25088K), 0.0004040 secs] [Times: user=0.00 sys=0.00, real=0.00 secs] 
49.311: [Full GC [PSYoungGen: 646K->0K(7680K)] [ParOldGen: 8278K->1928K(17408K)] 8924K->1928K(25088K) [PSPermGen: 5107K->5107K(21504K)], 0.0038730 secs] [Times: user=0.01 sys=0.00, real=0.00 secs] 
49.315: Total time for which application threads were stopped: 0.0644400 seconds, Stopping threads took: 0.0600630 seconds
49.316: Application time: 0.0013440 seconds
49.356: [GC [PSYoungGen: 6560K->1005K(7680K)] 8488K->8020K(25088K), 0.0017610 secs] [Times: user=0.01 sys=0.00, real=0.00 secs] 
49.358: Total time for which application threads were stopped: 0.0410840 seconds, Stopping threads took: 0.0392530 seconds
49.433: Application time: 0.0751780 seconds
49.479: [GC [PSYoungGen: 7467K->1005K(7680K)] 14482K->8809K(25088K), 0.0006700 secs] [Times: user=0.00 sys=0.00, real=0.00 secs] 
49.480: Total time for which application threads were stopped: 0.0469380 seconds, Stopping threads took: 0.0461930 seconds
49.481: Application time: 0.0011820 seconds
49.534: [GC [PSYoungGen: 7565K->1005K(7680K)] 15369K->12919K(25088K), 0.0015730 secs] [Times: user=0.01 sys=0.00, real=0.00 secs] 
49.535: [Full GC [PSYoungGen: 1005K->0K(7680K)] [ParOldGen: 11914K->6227K(17408K)] 12919K->6227K(25088K) [PSPermGen: 5107K->5107K(21504K)], 0.0049030 secs] [Times: user=0.02 sys=0.00, real=0.00 secs] 
49.540: Total time for which application threads were stopped: 0.0593900 seconds, Stopping threads took: 0.0527730 seconds
49.622: Application time: 0.0815050 seconds
49.674: [GC [PSYoungGen: 6656K->646K(7680K)] 12883K->7265K(25088K), 0.0005280 secs] [Times: user=0.00 sys=0.00, real=0.00 secs] 
49.675: Total time for which application threads were stopped: 0.0535630 seconds, Stopping threads took: 0.0519660 seconds
49.676: Application time: 0.0009110 seconds
49.731: [GC [PSYoungGen: 7302K->1005K(7680K)] 13921K->12807K(25088K), 0.0018770 secs] [Times: user=0.01 sys=0.00, real=0.00 secs] 
49.733: [Full GC [PSYoungGen: 1005K->0K(7680K)] [ParOldGen: 11802K->7692K(17408K)] 12807K->7692K(25088K) [PSPermGen: 5107K->5107K(21504K)], 0.0050930 secs] [Times: user=0.02 sys=0.00, real=0.00 secs] 
49.738: Total time for which application threads were stopped: 0.0616360 seconds, Stopping threads took: 0.0545450 seconds
49.842: Application time: 0.1044710 seconds
49.907: [GC [PSYoungGen: 6638K->256K(7680K)] 14330K->7948K(25088K), 0.0004120 secs] [Times: user=0.00 sys=0.00, real=0.00 secs] 
49.907: Total time for which application threads were stopped: 0.0646880 seconds, Stopping threads took: 0.0642130 seconds
49.908: Application time: 0.0008290 seconds
49.952: [GC [PSYoungGen: 6911K->939K(7680K)] 14604K->13515K(25088K), 0.0017770 secs] [Times: user=0.01 sys=0.00, real=0.00 secs] 
49.954: [Full GC [PSYoungGen: 939K->0K(7680K)] [ParOldGen: 12575K->6911K(17408K)] 13515K->6911K(25088K) [PSPermGen: 5107K->5107K(21504K)], 0.0051150 secs] [Times: user=0.03 sys=0.00, real=0.00 secs] 
49.959: Total time for which application threads were stopped: 0.0510640 seconds, Stopping threads took: 0.0440360 seconds
50.033: Application time: 0.0738790 seconds
50.078: [GC [PSYoungGen: 6559K->973K(7680K)] 13471K->8470K(25088K), 0.0008250 secs] [Times: user=0.00 sys=0.00, real=0.00 secs] 
50.079: Total time for which application threads were stopped: 0.0459170 seconds, Stopping threads took: 0.0450030 seconds
50.080: Application time: 0.0011520 seconds
50.124: [GC [PSYoungGen: 7611K->1006K(7680K)] 15109K->13443K(25088K), 0.0017750 secs] [Times: user=0.01 sys=0.00, real=0.00 secs] 
50.125: [Full GC [PSYoungGen: 1006K->0K(7680K)] [ParOldGen: 12436K->7106K(17408K)] 13443K->7106K(25088K) [PSPermGen: 5107K->5107K(21504K)], 0.0056470 secs] [Times: user=0.02 sys=0.00, real=0.01 secs] 
50.131: Total time for which application threads were stopped: 0.0513200 seconds, Stopping threads took: 0.0437530 seconds
50.205: Application time: 0.0737700 seconds
50.248: [GC [PSYoungGen: 6540K->939K(7680K)] 13647K->8827K(25088K), 0.0006810 secs] [Times: user=0.00 sys=0.00, real=0.01 secs] 
50.249: Total time for which application threads were stopped: 0.0442170 seconds, Stopping threads took: 0.0434550 seconds
50.250: Application time: 0.0011260 seconds
50.294: [GC [PSYoungGen: 7595K->1005K(7680K)] 15483K->14077K(25088K), 0.0019360 secs] [Times: user=0.02 sys=0.00, real=0.00 secs] 
50.296: [Full GC [PSYoungGen: 1005K->0K(7680K)] [ParOldGen: 13072K->7302K(17408K)] 14077K->7302K(25088K) [PSPermGen: 5107K->5107K(21504K)], 0.0048790 secs] [Times: user=0.02 sys=0.01, real=0.00 secs] 
50.301: Total time for which application threads were stopped: 0.0505430 seconds, Stopping threads took: 0.0435760 seconds
50.382: Application time: 0.0815810 seconds
50.448: [GC [PSYoungGen: 6540K->841K(7680K)] 13842K->8144K(25088K), 0.0004470 secs] [Times: user=0.00 sys=0.00, real=0.00 secs] 
50.449: Total time for which application threads were stopped: 0.0660680 seconds, Stopping threads took: 0.0655560 seconds
50.449: Application time: 0.0008850 seconds
50.493: [GC [PSYoungGen: 7401K->939K(7680K)] 14704K->13613K(25088K), 0.0019330 secs] [Times: user=0.02 sys=0.00, real=0.00 secs] 
50.495: [Full GC [PSYoungGen: 939K->0K(7680K)] [ParOldGen: 12673K->7399K(17408K)] 13613K->7399K(25088K) [PSPermGen: 5107K->5107K(21504K)], 0.0050160 secs] [Times: user=0.02 sys=0.00, real=0.00 secs] 
50.500: Total time for which application threads were stopped: 0.0502840 seconds, Stopping threads took: 0.0432080 seconds
50.579: Application time: 0.0789680 seconds
50.624: [GC [PSYoungGen: 6637K->939K(7680K)] 14037K->9511K(25088K), 0.0008650 secs] [Times: user=0.01 sys=0.00, real=0.00 secs] 
50.625: [Full GC [PSYoungGen: 939K->0K(7680K)] [ParOldGen: 8571K->3200K(17408K)] 9511K->3200K(25088K) [PSPermGen: 5107K->5107K(21504K)], 0.0039580 secs] [Times: user=0.01 sys=0.00, real=0.00 secs] 
50.629: Total time for which application threads were stopped: 0.0501120 seconds, Stopping threads took: 0.0451720 seconds
50.630: Application time: 0.0013090 seconds
50.685: [GC [PSYoungGen: 6656K->1005K(7680K)] 9856K->8706K(25088K), 0.0017820 secs] [Times: user=0.01 sys=0.00, real=0.00 secs] 
50.687: Total time for which application threads were stopped: 0.0569640 seconds, Stopping threads took: 0.0551050 seconds
50.760: Application time: 0.0729770 seconds
50.805: [GC [PSYoungGen: 7661K->973K(7680K)] 15362K->9065K(25088K), 0.0006280 secs] [Times: user=0.00 sys=0.00, real=0.00 secs] 
50.806: Total time for which application threads were stopped: 0.0460360 seconds, Stopping threads took: 0.0453310 seconds
50.807: Application time: 0.0009860 seconds
50.858: [GC [PSYoungGen: 7592K->1005K(7680K)] 15684K->13829K(25088K), 0.0019540 secs] [Times: user=0.02 sys=0.00, real=0.00 secs] 
50.860: [Full GC [PSYoungGen: 1005K->0K(7680K)] [ParOldGen: 12823K->6814K(17408K)] 13829K->6814K(25088K) [PSPermGen: 5107K->5107K(21504K)], 0.0048670 secs] [Times: user=0.01 sys=0.00, real=0.01 secs] 
50.865: Total time for which application threads were stopped: 0.0575200 seconds, Stopping threads took: 0.0505390 seconds
50.938: Application time: 0.0733770 seconds
50.983: [GC [PSYoungGen: 6540K->907K(7680K)] 13354K->9284K(25088K), 0.0008470 secs] [Times: user=0.00 sys=0.00, real=0.00 secs] 
50.983: Total time for which application threads were stopped: 0.0455140 seconds, Stopping threads took: 0.0445760 seconds
51.056: Application time: 0.0723330 seconds
51.060: [GC [PSYoungGen: 7467K->355K(7680K)] 15844K->8731K(25088K), 0.0005590 secs] [Times: user=0.00 sys=0.00, real=0.00 secs] 
51.061: Total time for which application threads were stopped: 0.0052430 seconds, Stopping threads took: 0.0045990 seconds
51.062: Application time: 0.0006670 seconds
51.062: [GC [PSYoungGen: 6915K->1008K(7680K)] 15291K->15227K(25088K), 0.0019210 secs] [Times: user=0.02 sys=0.00, real=0.00 secs] 
51.064: [Full GC [PSYoungGen: 1008K->0K(7680K)] [ParOldGen: 14218K->8083K(17408K)] 15227K->8083K(25088K) [PSPermGen: 5107K->5107K(21504K)], 0.0052960 secs] [Times: user=0.02 sys=0.01, real=0.01 secs] 
51.069: Total time for which application threads were stopped: 0.0075680 seconds, Stopping threads took: 0.0002090 seconds
51.151: Application time: 0.0815050 seconds
51.212: [GC [PSYoungGen: 6559K->646K(7680K)] 14643K->8730K(25088K), 0.0004820 secs] [Times: user=0.00 sys=0.00, real=0.00 secs] 
51.212: Total time for which application threads were stopped: 0.0617020 seconds, Stopping threads took: 0.0611510 seconds
51.213: Application time: 0.0008650 seconds
51.257: [GC [PSYoungGen: 7285K->1005K(7680K)] 15368K->14175K(25088K), 0.0019060 secs] [Times: user=0.01 sys=0.00, real=0.00 secs] 
51.259: [Full GC [PSYoungGen: 1005K->0K(7680K)] [ParOldGen: 13169K->7204K(17408K)] 14175K->7204K(25088K) [PSPermGen: 5107K->5107K(21504K)], 0.0051150 secs] [Times: user=0.02 sys=0.00, real=0.01 secs] 
51.264: Total time for which application threads were stopped: 0.0508710 seconds, Stopping threads took: 0.0436670 seconds
51.341: Application time: 0.0772310 seconds
51.390: [GC [PSYoungGen: 6364K->646K(7680K)] 13569K->7851K(25088K), 0.0005430 secs] [Times: user=0.00 sys=0.00, real=0.00 secs] 
51.390: Total time for which application threads were stopped: 0.0488740 seconds, Stopping threads took: 0.0482470 seconds
51.391: Application time: 0.0008160 seconds
51.433: [GC [PSYoungGen: 7109K->1005K(7680K)] 14313K->13198K(25088K), 0.0015530 secs] [Times: user=0.01 sys=0.00, real=0.00 secs] 
51.435: [Full GC [PSYoungGen: 1005K->0K(7680K)] [ParOldGen: 12193K->7107K(17408K)] 13198K->7107K(25088K) [PSPermGen: 5107K->5107K(21504K)], 0.0053400 secs] [Times: user=0.02 sys=0.00, real=0.00 secs] 
51.440: Total time for which application threads were stopped: 0.0488420 seconds, Stopping threads took: 0.0418360 seconds
51.514: Application time: 0.0744010 seconds
51.560: [GC [PSYoungGen: 6462K->582K(7680K)] 13569K->7689K(25088K), 0.0005990 secs] [Times: user=0.00 sys=0.00, real=0.00 secs] 
51.561: Total time for which application threads were stopped: 0.0462320 seconds, Stopping threads took: 0.0455510 seconds
51.562: Application time: 0.0008660 seconds
51.562: [GC [PSYoungGen: 7045K->1005K(7680K)] 14152K->14175K(25088K), 0.0021870 secs] [Times: user=0.02 sys=0.00, real=0.00 secs] 
51.564: [Full GC [PSYoungGen: 1005K->0K(7680K)] [ParOldGen: 13170K->8181K(17408K)] 14175K->8181K(25088K) [PSPermGen: 5107K->5107K(21504K)], 0.0052020 secs] [Times: user=0.02 sys=0.00, real=0.01 secs] 
51.569: Total time for which application threads were stopped: 0.0077500 seconds, Stopping threads took: 0.0002320 seconds
51.652: Application time: 0.0829090 seconds
51.709: [GC [PSYoungGen: 6559K->1005K(7680K)] 14741K->9967K(25088K), 0.0007620 secs] [Times: user=0.01 sys=0.00, real=0.01 secs] 
51.709: [Full GC [PSYoungGen: 1005K->0K(7680K)] [ParOldGen: 8962K->3100K(17408K)] 9967K->3100K(25088K) [PSPermGen: 5107K->5107K(21504K)], 0.0039570 secs] [Times: user=0.01 sys=0.00, real=0.00 secs] 
51.713: Total time for which application threads were stopped: 0.0612360 seconds, Stopping threads took: 0.0563920 seconds
51.715: Application time: 0.0013480 seconds
51.784: [GC [PSYoungGen: 6560K->907K(7680K)] 9660K->7133K(25088K), 0.0013240 secs] [Times: user=0.01 sys=0.00, real=0.00 secs] 
51.785: Total time for which application threads were stopped: 0.0703810 seconds, Stopping threads took: 0.0689700 seconds
51.857: Application time: 0.0716080 seconds
51.903: [GC [PSYoungGen: 7370K->809K(7680K)] 13595K->7035K(25088K), 0.0004680 secs] [Times: user=0.00 sys=0.00, real=0.00 secs] 
51.904: Total time for which application threads were stopped: 0.0471450 seconds, Stopping threads took: 0.0466060 seconds
51.909: Application time: 0.0054840 seconds
51.977: [GC [PSYoungGen: 7272K->809K(7680K)] 13498K->7035K(25088K), 0.0004510 secs] [Times: user=0.00 sys=0.00, real=0.00 secs] 
51.977: Total time for which application threads were stopped: 0.0677090 seconds, Stopping threads took: 0.0671920 seconds
51.978: Application time: 0.0007270 seconds
52.022: [GC [PSYoungGen: 7465K->1006K(7680K)] 13691K->12538K(25088K), 0.0018820 secs] [Times: user=0.01 sys=0.00, real=0.00 secs] 
52.024: [Full GC [PSYoungGen: 1006K->0K(7680K)] [ParOldGen: 11531K->7497K(17408K)] 12538K->7497K(25088K) [PSPermGen: 5107K->5107K(21504K)], 0.0051730 secs] [Times: user=0.02 sys=0.01, real=0.00 secs] 
52.029: Total time for which application threads were stopped: 0.0509650 seconds, Stopping threads took: 0.0437890 seconds
52.134: Application time: 0.1054980 seconds
52.184: [GC [PSYoungGen: 6462K->646K(7680K)] 13959K->8535K(25088K), 0.0004990 secs] [Times: user=0.01 sys=0.00, real=0.00 secs] 
52.185: Total time for which application threads were stopped: 0.0503240 seconds, Stopping threads took: 0.0497550 seconds
52.185: Application time: 0.0008430 seconds
52.229: [GC [PSYoungGen: 7265K->1005K(7680K)] 15154K->14325K(25088K), 0.0020160 secs] [Times: user=0.01 sys=0.00, real=0.01 secs] 
52.231: [Full GC [PSYoungGen: 1005K->0K(7680K)] [ParOldGen: 13319K->7497K(17408K)] 14325K->7497K(25088K) [PSPermGen: 5107K->5107K(21504K)], 0.0049800 secs] [Times: user=0.03 sys=0.00, real=0.00 secs] 
52.236: Total time for which application threads were stopped: 0.0503740 seconds, Stopping threads took: 0.0432450 seconds
52.311: Application time: 0.0747440 seconds
52.355: [GC [PSYoungGen: 6540K->646K(7680K)] 14038K->8535K(25088K), 0.0005020 secs] [Times: user=0.01 sys=0.00, real=0.00 secs] 
52.356: Total time for which application threads were stopped: 0.0454290 seconds, Stopping threads took: 0.0448610 seconds
52.357: Application time: 0.0008860 seconds
52.398: [GC [PSYoungGen: 7265K->1005K(7680K)] 15154K->14353K(25088K), 0.0021120 secs] [Times: user=0.02 sys=0.01, real=0.00 secs] 
52.400: [Full GC [PSYoungGen: 1005K->0K(7680K)] [ParOldGen: 13348K->7498K(17408K)] 14353K->7498K(25088K) [PSPermGen: 5107K->5107K(21504K)], 0.0051710 secs] [Times: user=0.02 sys=0.00, real=0.01 secs] 
52.406: Total time for which application threads were stopped: 0.0486780 seconds, Stopping threads took: 0.0412480 seconds
52.496: Application time: 0.0904400 seconds
52.559: [GC [PSYoungGen: 6462K->1005K(7680K)] 13960K->8503K(25088K), 0.0004870 secs] [Times: user=0.01 sys=0.00, real=0.00 secs] 
52.559: Total time for which application threads were stopped: 0.0631020 seconds, Stopping threads took: 0.0625400 seconds
52.560: Application time: 0.0009270 seconds
52.603: [GC [PSYoungGen: 7643K->1005K(7680K)] 15141K->13980K(25088K), 0.0020400 secs] [Times: user=0.02 sys=0.00, real=0.00 secs] 
52.605: [Full GC [PSYoungGen: 1005K->0K(7680K)] [ParOldGen: 12975K->7595K(17408K)] 13980K->7595K(25088K) [PSPermGen: 5107K->5107K(21504K)], 0.0049100 secs] [Times: user=0.02 sys=0.00, real=0.01 secs] 
52.610: Total time for which application threads were stopped: 0.0503860 seconds, Stopping threads took: 0.0432980 seconds
52.696: Application time: 0.0859190 seconds
52.755: [GC [PSYoungGen: 6656K->256K(7680K)] 14251K->7851K(25088K), 0.0004270 secs] [Times: user=0.00 sys=0.00, real=0.00 secs] 
52.756: Total time for which application threads were stopped: 0.0593110 seconds, Stopping threads took: 0.0588110 seconds
52.756: Application time: 0.0007700 seconds
52.757: [GC [PSYoungGen: 6894K->1006K(7680K)] 14490K->14307K(25088K), 0.0018510 secs] [Times: user=0.01 sys=0.00, real=0.00 secs] 
52.759: [Full GC [PSYoungGen: 1006K->0K(7680K)] [ParOldGen: 13300K->7888K(17408K)] 14307K->7888K(25088K) [PSPermGen: 5107K->5107K(21504K)], 0.0051700 secs] [Times: user=0.02 sys=0.00, real=0.01 secs] 
52.764: Total time for which application threads were stopped: 0.0073740 seconds, Stopping threads took: 0.0002280 seconds
52.842: Application time: 0.0780990 seconds
52.904: [GC [PSYoungGen: 6559K->419K(7680K)] 14448K->8308K(25088K), 0.0003860 secs] [Times: user=0.00 sys=0.00, real=0.00 secs] 
52.904: Total time for which application threads were stopped: 0.0619990 seconds, Stopping threads took: 0.0615460 seconds
52.905: Application time: 0.0008310 seconds
52.905: [GC [PSYoungGen: 6979K->1006K(7680K)] 14868K->14787K(25088K), 0.0018700 secs] [Times: user=0.01 sys=0.00, real=0.00 secs] 
52.907: [Full GC [PSYoungGen: 1006K->0K(7680K)] [ParOldGen: 13780K->8084K(17408K)] 14787K->8084K(25088K) [PSPermGen: 5107K->5107K(21504K)], 0.0052270 secs] [Times: user=0.02 sys=0.00, real=0.01 secs] 
52.912: Total time for which application threads were stopped: 0.0073540 seconds, Stopping threads took: 0.0001330 seconds
52.991: Application time: 0.0790890 seconds
53.053: [GC [PSYoungGen: 6559K->646K(7680K)] 14643K->8730K(25088K), 0.0003980 secs] [Times: user=0.01 sys=0.00, real=0.00 secs] 
53.054: [Full GC [PSYoungGen: 646K->0K(7680K)] [ParOldGen: 8084K->1928K(17408K)] 8730K->1928K(25088K) [PSPermGen: 5107K->5107K(21504K)], 0.0038520 secs] [Times: user=0.01 sys=0.00, real=0.00 secs] 
53.058: Total time for which application threads were stopped: 0.0665070 seconds, Stopping threads took: 0.0621460 seconds
53.059: Application time: 0.0011540 seconds
53.101: [GC [PSYoungGen: 6560K->1005K(7680K)] 8488K->8020K(25088K), 0.0018730 secs] [Times: user=0.02 sys=0.00, real=0.00 secs] 
53.103: Total time for which application threads were stopped: 0.0443730 seconds, Stopping threads took: 0.0424120 seconds
53.179: Application time: 0.0755820 seconds
53.224: [GC [PSYoungGen: 7448K->614K(7680K)] 14463K->7629K(25088K), 0.0006270 secs] [Times: user=0.00 sys=0.00, real=0.00 secs] 
53.225: Total time for which application threads were stopped: 0.0458010 seconds, Stopping threads took: 0.0450890 seconds
53.225: Application time: 0.0007190 seconds
53.226: [GC [PSYoungGen: 7077K->1006K(7680K)] 14092K->14035K(25088K), 0.0020950 secs] [Times: user=0.01 sys=0.00, real=0.00 secs] 
53.228: [Full GC [PSYoungGen: 1006K->0K(7680K)] [ParOldGen: 13028K->8181K(17408K)] 14035K->8181K(25088K) [PSPermGen: 5107K->5107K(21504K)], 0.0050210 secs] [Times: user=0.03 sys=0.00, real=0.01 secs] 
53.233: Total time for which application threads were stopped: 0.0074670 seconds, Stopping threads took: 0.0002260 seconds
53.311: Application time: 0.0783150 seconds
53.374: [GC [PSYoungGen: 6462K->614K(7680K)] 14643K->8796K(25088K), 0.0004610 secs] [Times: user=0.01 sys=0.00, real=0.00 secs] 
53.374: [Full GC [PSYoungGen: 614K->0K(7680K)] [ParOldGen: 8181K->1957K(17408K)] 8796K->1957K(25088K) [PSPermGen: 5107K->5107K(21504K)], 0.0038510 secs] [Times: user=0.01 sys=0.01, real=0.00 secs] 
53.378: Total time for which application threads were stopped: 0.0667410 seconds, Stopping threads took: 0.0622980 seconds
53.379: Application time: 0.0012350 seconds
53.423: [GC [PSYoungGen: 6462K->1005K(7680K)] 8419K->7951K(25088K), 0.0017800 secs] [Times: user=0.02 sys=0.00, real=0.00 secs] 
53.425: Total time for which application threads were stopped: 0.0455840 seconds, Stopping threads took: 0.0437270 seconds
53.501: Application time: 0.0763540 seconds
53.546: [GC [PSYoungGen: 7467K->550K(7680K)] 14413K->7496K(25088K), 0.0007100 secs] [Times: user=0.00 sys=0.00, real=0.00 secs] 
53.547: Total time for which application threads were stopped: 0.0459340 seconds, Stopping threads took: 0.0451380 seconds
53.548: Application time: 0.0007900 seconds
53.600: [GC [PSYoungGen: 7013K->1008K(7680K)] 13959K->12795K(25088K), 0.0019550 secs] [Times: user=0.01 sys=0.00, real=0.01 secs] 
53.602: [Full GC [PSYoungGen: 1008K->0K(7680K)] [ParOldGen: 11787K->7107K(17408K)] 12795K->7107K(25088K) [PSPermGen: 5107K->5107K(21504K)], 0.0052920 secs] [Times: user=0.02 sys=0.00, real=0.00 secs] 
53.607: Total time for which application threads were stopped: 0.0593580 seconds, Stopping threads took: 0.0519610 seconds
53.681: Application time: 0.0734380 seconds
53.726: [GC [PSYoungGen: 6462K->973K(7680K)] 13569K->9838K(25088K), 0.0010090 secs] [Times: user=0.00 sys=0.01, real=0.00 secs] 
53.727: [Full GC [PSYoungGen: 973K->0K(7680K)] [ParOldGen: 8865K->3885K(17408K)] 9838K->3885K(25088K) [PSPermGen: 5107K->5107K(21504K)], 0.0042610 secs] [Times: user=0.02 sys=0.00, real=0.01 secs] 
53.732: Total time for which application threads were stopped: 0.0509510 seconds, Stopping threads took: 0.0455290 seconds
53.810: Application time: 0.0788120 seconds
53.820: [GC [PSYoungGen: 6462K->646K(7680K)] 10347K->4531K(25088K), 0.0004200 secs] [Times: user=0.01 sys=0.00, real=0.00 secs] 
53.821: Total time for which application threads were stopped: 0.0101240 seconds, Stopping threads took: 0.0096440 seconds
53.821: Application time: 0.0007870 seconds
53.865: [GC [PSYoungGen: 7109K->939K(7680K)] 10994K->9903K(25088K), 0.0018200 secs] [Times: user=0.01 sys=0.00, real=0.00 secs] 
53.867: [Full GC [PSYoungGen: 939K->0K(7680K)] [ParOldGen: 8963K->7107K(17408K)] 9903K->7107K(25088K) [PSPermGen: 5107K->5107K(21504K)], 0.0045900 secs] [Times: user=0.02 sys=0.00, real=0.01 secs] 
53.872: Total time for which application threads were stopped: 0.0503050 seconds, Stopping threads took: 0.0437740 seconds
53.945: Application time: 0.0734110 seconds
53.991: [GC [PSYoungGen: 6540K->1005K(7680K)] 13647K->9870K(25088K), 0.0010840 secs] [Times: user=0.01 sys=0.00, real=0.00 secs] 
53.992: [Full GC [PSYoungGen: 1005K->0K(7680K)] [ParOldGen: 8865K->3885K(17408K)] 9870K->3885K(25088K) [PSPermGen: 5107K->5107K(21504K)], 0.0043740 secs] [Times: user=0.01 sys=0.00, real=0.00 secs] 
53.996: Total time for which application threads were stopped: 0.0510560 seconds, Stopping threads took: 0.0454750 seconds
54.075: Application time: 0.0789280 seconds
54.088: [GC [PSYoungGen: 6462K->550K(7680K)] 10347K->4435K(25088K), 0.0004360 secs] [Times: user=0.00 sys=0.00, real=0.00 secs] 
54.088: Total time for which application threads were stopped: 0.0130940 seconds, Stopping threads took: 0.0125960 seconds
54.089: Application time: 0.0007680 seconds
54.137: [GC [PSYoungGen: 7091K->1006K(7680K)] 10976K->9807K(25088K), 0.0018560 secs] [Times: user=0.01 sys=0.00, real=0.00 secs] 
54.138: [Full GC [PSYoungGen: 1006K->0K(7680K)] [ParOldGen: 8800K->7107K(17408K)] 9807K->7107K(25088K) [PSPermGen: 5107K->5107K(21504K)], 0.0046470 secs] [Times: user=0.02 sys=0.00, real=0.01 secs] 
54.143: Total time for which application threads were stopped: 0.0542910 seconds, Stopping threads took: 0.0476560 seconds
54.219: Application time: 0.0756850 seconds
54.264: [GC [PSYoungGen: 6540K->907K(7680K)] 13648K->8796K(25088K), 0.0011060 secs] [Times: user=0.00 sys=0.00, real=0.00 secs] 
54.265: Total time for which application threads were stopped: 0.0458250 seconds, Stopping threads took: 0.0446180 seconds
54.266: Application time: 0.0011330 seconds
54.318: [GC [PSYoungGen: 7409K->1006K(7680K)] 15298K->13724K(25088K), 0.0018510 secs] [Times: user=0.01 sys=0.00, real=0.00 secs] 
54.320: [Full GC [PSYoungGen: 1006K->0K(7680K)] [ParOldGen: 12717K->6912K(17408K)] 13724K->6912K(25088K) [PSPermGen: 5107K->5107K(21504K)], 0.0048810 secs] [Times: user=0.02 sys=0.00, real=0.01 secs] 
54.325: Total time for which application threads were stopped: 0.0594230 seconds, Stopping threads took: 0.0525590 seconds
54.400: Application time: 0.0744030 seconds
54.445: [GC [PSYoungGen: 6656K->550K(7680K)] 13568K->7463K(25088K), 0.0005000 secs] [Times: user=0.00 sys=0.00, real=0.00 secs] 
54.445: Total time for which application threads were stopped: 0.0456910 seconds, Stopping threads took: 0.0451240 seconds
54.446: Application time: 0.0009110 seconds
54.446: [GC [PSYoungGen: 7091K->1006K(7680K)] 14004K->13933K(25088K), 0.0020740 secs] [Times: user=0.01 sys=0.00, real=0.00 secs] 
54.449: [Full GC [PSYoungGen: 1006K->0K(7680K)] [ParOldGen: 12926K->8182K(17408K)] 13933K->8182K(25088K) [PSPermGen: 5107K->5107K(21504K)], 0.0051700 secs] [Times: user=0.02 sys=0.00, real=0.01 secs] 
54.454: Total time for which application threads were stopped: 0.0075810 seconds, Stopping threads took: 0.0002120 seconds
54.532: Application time: 0.0783490 seconds
54.594: [GC [PSYoungGen: 6462K->550K(7680K)] 14644K->8733K(25088K), 0.0004920 secs] [Times: user=0.01 sys=0.00, real=0.00 secs] 
54.594: Total time for which application threads were stopped: 0.0622700 seconds, Stopping threads took: 0.0617100 seconds
54.595: Application time: 0.0007120 seconds
54.595: [GC [PSYoungGen: 7013K->1006K(7680K)] 15195K->15178K(25088K), 0.0022150 secs] [Times: user=0.02 sys=0.00, real=0.00 secs] 
54.598: [Full GC [PSYoungGen: 1006K->0K(7680K)] [ParOldGen: 14171K->8182K(17408K)] 15178K->8182K(25088K) [PSPermGen: 5107K->5107K(21504K)], 0.0054680 secs] [Times: user=0.02 sys=0.00, real=0.01 secs] 
54.603: Total time for which application threads were stopped: 0.0080150 seconds, Stopping threads took: 0.0001950 seconds
54.682: Application time: 0.0793260 seconds
54.744: [GC [PSYoungGen: 6462K->614K(7680K)] 14644K->8797K(25088K), 0.0004230 secs] [Times: user=0.00 sys=0.00, real=0.00 secs] 
54.746: [Full GC [PSYoungGen: 614K->0K(7680K)] [ParOldGen: 8182K->1928K(17408K)] 8797K->1928K(25088K) [PSPermGen: 5107K->5107K(21504K)], 0.0038870 secs] [Times: user=0.01 sys=0.00, real=0.01 secs] 
54.750: Total time for which application threads were stopped: 0.0670670 seconds, Stopping threads took: 0.0615390 seconds
54.751: Application time: 0.0012180 seconds
54.799: [GC [PSYoungGen: 6560K->1005K(7680K)] 8488K->8020K(25088K), 0.0018470 secs] [Times: user=0.01 sys=0.00, real=0.01 secs] 
54.801: Total time for which application threads were stopped: 0.0504810 seconds, Stopping threads took: 0.0485440 seconds
54.876: Application time: 0.0744250 seconds
54.921: [GC [PSYoungGen: 7467K->841K(7680K)] 14482K->8833K(25088K), 0.0008020 secs] [Times: user=0.01 sys=0.00, real=0.01 secs] 
54.922: Total time for which application threads were stopped: 0.0459780 seconds, Stopping threads took: 0.0451080 seconds
54.923: Application time: 0.0016640 seconds
54.993: [GC [PSYoungGen: 7206K->646K(7680K)] 15198K->8638K(25088K), 0.0005700 secs] [Times: user=0.00 sys=0.00, real=0.00 secs] 
54.994: Total time for which application threads were stopped: 0.0702910 seconds, Stopping threads took: 0.0696560 seconds
54.994: Application time: 0.0006870 seconds
55.049: [GC [PSYoungGen: 7206K->1005K(7680K)] 15198K->14083K(25088K), 0.0017550 secs] [Times: user=0.01 sys=0.00, real=0.01 secs] 
55.050: [Full GC [PSYoungGen: 1005K->0K(7680K)] [ParOldGen: 13078K->7205K(17408K)] 14083K->7205K(25088K) [PSPermGen: 5107K->5107K(21504K)], 0.0052550 secs] [Times: user=0.03 sys=0.00, real=0.00 secs] 
55.056: Total time for which application threads were stopped: 0.0613460 seconds, Stopping threads took: 0.0542110 seconds
55.134: Application time: 0.0783640 seconds
55.176: [GC [PSYoungGen: 6442K->582K(7680K)] 13648K->7788K(25088K), 0.0004300 secs] [Times: user=0.00 sys=0.00, real=0.00 secs] 
55.176: Total time for which application threads were stopped: 0.0422200 seconds, Stopping threads took: 0.0417220 seconds
55.177: Application time: 0.0008630 seconds
55.221: [GC [PSYoungGen: 7045K->1005K(7680K)] 14250K->13199K(25088K), 0.0017850 secs] [Times: user=0.01 sys=0.00, real=0.01 secs] 
55.223: [Full GC [PSYoungGen: 1005K->0K(7680K)] [ParOldGen: 12194K->7108K(17408K)] 13199K->7108K(25088K) [PSPermGen: 5107K->5107K(21504K)], 0.0050650 secs] [Times: user=0.02 sys=0.00, real=0.00 secs] 
55.228: Total time for which application threads were stopped: 0.0507910 seconds, Stopping threads took: 0.0438210 seconds
55.314: Application time: 0.0860250 seconds
55.376: [GC [PSYoungGen: 6462K->550K(7680K)] 13570K->7658K(25088K), 0.0006010 secs] [Times: user=0.00 sys=0.00, real=0.00 secs] 
55.377: Total time for which application threads were stopped: 0.0627430 seconds, Stopping threads took: 0.0620620 seconds
55.378: Application time: 0.0009390 seconds
55.421: [GC [PSYoungGen: 7013K->939K(7680K)] 14121K->13126K(25088K), 0.0019110 secs] [Times: user=0.01 sys=0.00, real=0.00 secs] 
55.423: [Full GC [PSYoungGen: 939K->0K(7680K)] [ParOldGen: 12186K->7108K(17408K)] 13126K->7108K(25088K) [PSPermGen: 5107K->5107K(21504K)], 0.0048660 secs] [Times: user=0.02 sys=0.00, real=0.00 secs] 
55.428: Total time for which application threads were stopped: 0.0506350 seconds, Stopping threads took: 0.0437190 seconds
55.503: Application time: 0.0746940 seconds
55.547: [GC [PSYoungGen: 6462K->614K(7680K)] 13570K->7722K(25088K), 0.0004620 secs] [Times: user=0.00 sys=0.00, real=0.00 secs] 
55.547: Total time for which application threads were stopped: 0.0443580 seconds, Stopping threads took: 0.0438270 seconds
55.548: Application time: 0.0008840 seconds
55.592: [GC [PSYoungGen: 7077K->939K(7680K)] 14185K->13126K(25088K), 0.0018350 secs] [Times: user=0.02 sys=0.00, real=0.00 secs] 
55.594: [Full GC [PSYoungGen: 939K->0K(7680K)] [ParOldGen: 12186K->7108K(17408K)] 13126K->7108K(25088K) [PSPermGen: 5107K->5107K(21504K)], 0.0065410 secs] [Times: user=0.03 sys=0.00, real=0.00 secs] 
55.600: Total time for which application threads were stopped: 0.0522530 seconds, Stopping threads took: 0.0437530 seconds
55.674: Application time: 0.0736630 seconds
55.719: [GC [PSYoungGen: 6559K->1005K(7680K)] 13667K->8902K(25088K), 0.0006610 secs] [Times: user=0.00 sys=0.00, real=0.00 secs] 
55.720: Total time for which application threads were stopped: 0.0456310 seconds, Stopping threads took: 0.0448980 seconds
55.721: Application time: 0.0011050 seconds
55.771: [GC [PSYoungGen: 7624K->1005K(7680K)] 15521K->14041K(25088K), 0.0019760 secs] [Times: user=0.01 sys=0.00, real=0.00 secs] 
55.773: [Full GC [PSYoungGen: 1005K->0K(7680K)] [ParOldGen: 13036K->7206K(17408K)] 14041K->7206K(25088K) [PSPermGen: 5107K->5107K(21504K)], 0.0048640 secs] [Times: user=0.02 sys=0.00, real=0.00 secs] 
55.778: Total time for which application threads were stopped: 0.0570250 seconds, Stopping threads took: 0.0500520 seconds
55.852: Application time: 0.0741430 seconds
55.892: [GC [PSYoungGen: 6656K->875K(7680K)] 13862K->10230K(25088K), 0.0010460 secs] [Times: user=0.01 sys=0.00, real=0.00 secs] 
55.893: [Full GC [PSYoungGen: 875K->0K(7680K)] [ParOldGen: 9354K->4178K(17408K)] 10230K->4178K(25088K) [PSPermGen: 5107K->5107K(21504K)], 0.0047180 secs] [Times: user=0.02 sys=0.00, real=0.00 secs] 
55.898: Total time for which application threads were stopped: 0.0461490 seconds, Stopping threads took: 0.0402280 seconds
55.979: Application time: 0.0807810 seconds
55.991: [GC [PSYoungGen: 6560K->646K(7680K)] 10738K->5216K(25088K), 0.0004880 secs] [Times: user=0.00 sys=0.00, real=0.00 secs] 
55.992: Total time for which application threads were stopped: 0.0128370 seconds, Stopping threads took: 0.0122880 seconds
55.993: Application time: 0.0008660 seconds
56.036: [GC [PSYoungGen: 7284K->1005K(7680K)] 11854K->11051K(25088K), 0.0021460 secs] [Times: user=0.01 sys=0.00, real=0.00 secs] 
56.039: [Full GC [PSYoungGen: 1005K->0K(7680K)] [ParOldGen: 10046K->7596K(17408K)] 11051K->7596K(25088K) [PSPermGen: 5107K->5107K(21504K)], 0.0049070 secs] [Times: user=0.02 sys=0.00, real=0.01 secs] 
56.044: Total time for which application threads were stopped: 0.0508130 seconds, Stopping threads took: 0.0436310 seconds
56.125: Application time: 0.0816630 seconds
56.178: [GC [PSYoungGen: 6521K->841K(7680K)] 14117K->8634K(25088K), 0.0007130 secs] [Times: user=0.01 sys=0.00, real=0.00 secs] 
56.179: Total time for which application threads were stopped: 0.0534630 seconds, Stopping threads took: 0.0526860 seconds
56.180: Application time: 0.0009500 seconds
56.230: [GC [PSYoungGen: 7402K->971K(7680K)] 15194K->13256K(25088K), 0.0017110 secs] [Times: user=0.01 sys=0.00, real=0.00 secs] 
56.232: [Full GC [PSYoungGen: 971K->0K(7680K)] [ParOldGen: 12284K->6522K(17408K)] 13256K->6522K(25088K) [PSPermGen: 5107K->5107K(21504K)], 0.0048900 secs] [Times: user=0.02 sys=0.00, real=0.00 secs] 
56.237: Total time for which application threads were stopped: 0.0574440 seconds, Stopping threads took: 0.0507140 seconds
56.310: Application time: 0.0727910 seconds
56.355: [GC [PSYoungGen: 6540K->1005K(7680K)] 13063K->8707K(25088K), 0.0009480 secs] [Times: user=0.00 sys=0.00, real=0.00 secs] 
56.356: Total time for which application threads were stopped: 0.0466270 seconds, Stopping threads took: 0.0455890 seconds
56.358: Application time: 0.0012320 seconds
56.427: [GC [PSYoungGen: 7565K->939K(7680K)] 15267K->12158K(25088K), 0.0016920 secs] [Times: user=0.01 sys=0.00, real=0.00 secs] 
56.429: [Full GC [PSYoungGen: 939K->0K(7680K)] [ParOldGen: 11218K->5546K(17408K)] 12158K->5546K(25088K) [PSPermGen: 5107K->5107K(21504K)], 0.0046860 secs] [Times: user=0.02 sys=0.00, real=0.01 secs] 
56.433: Total time for which application threads were stopped: 0.0757020 seconds, Stopping threads took: 0.0691880 seconds
56.506: Application time: 0.0727190 seconds
56.510: [GC [PSYoungGen: 6638K->1005K(7680K)] 12184K->7919K(25088K), 0.0008570 secs] [Times: user=0.00 sys=0.00, real=0.00 secs] 
56.511: Total time for which application threads were stopped: 0.0050130 seconds, Stopping threads took: 0.0040920 seconds
56.583: Application time: 0.0714970 seconds
56.588: [GC [PSYoungGen: 7467K->192K(7680K)] 14381K->7105K(25088K), 0.0003810 secs] [Times: user=0.00 sys=0.00, real=0.00 secs] 
56.588: Total time for which application threads were stopped: 0.0054890 seconds, Stopping threads took: 0.0050480 seconds
56.589: Application time: 0.0007180 seconds
56.589: [GC [PSYoungGen: 6752K->1006K(7680K)] 13665K->13633K(25088K), 0.0018100 secs] [Times: user=0.02 sys=0.00, real=0.01 secs] 
56.591: [Full GC [PSYoungGen: 1006K->0K(7680K)] [ParOldGen: 12626K->7889K(17408K)] 13633K->7889K(25088K) [PSPermGen: 5107K->5107K(21504K)], 0.0051400 secs] [Times: user=0.02 sys=0.00, real=0.00 secs] 
56.596: Total time for which application threads were stopped: 0.0072290 seconds, Stopping threads took: 0.0001570 seconds
56.677: Application time: 0.0807390 seconds
56.738: [GC [PSYoungGen: 6559K->451K(7680K)] 14449K->8341K(25088K), 0.0003890 secs] [Times: user=0.00 sys=0.00, real=0.00 secs] 
56.738: Total time for which application threads were stopped: 0.0616230 seconds, Stopping threads took: 0.0611730 seconds
56.739: Application time: 0.0007350 seconds
56.739: [GC [PSYoungGen: 7011K->1008K(7680K)] 14901K->14716K(25088K), 0.0020640 secs] [Times: user=0.01 sys=0.00, real=0.01 secs] 
56.741: [Full GC [PSYoungGen: 1008K->0K(7680K)] [ParOldGen: 13707K->8085K(17408K)] 14716K->8085K(25088K) [PSPermGen: 5107K->5107K(21504K)], 0.0050020 secs] [Times: user=0.02 sys=0.00, real=0.00 secs] 
56.747: Total time for which application threads were stopped: 0.0073660 seconds, Stopping threads took: 0.0001720 seconds
56.830: Application time: 0.0832680 seconds
56.895: [GC [PSYoungGen: 6638K->582K(7680K)] 14723K->8667K(25088K), 0.0004180 secs] [Times: user=0.00 sys=0.00, real=0.00 secs] 
56.895: Total time for which application threads were stopped: 0.0652750 seconds, Stopping threads took: 0.0647710 seconds
56.896: Application time: 0.0007650 seconds
56.896: [GC [PSYoungGen: 7142K->1006K(7680K)] 15228K->15203K(25088K), 0.0021350 secs] [Times: user=0.02 sys=0.00, real=0.00 secs] 
56.898: [Full GC [PSYoungGen: 1006K->0K(7680K)] [ParOldGen: 14196K->8280K(17408K)] 15203K->8280K(25088K) [PSPermGen: 5107K->5107K(21504K)], 0.0052420 secs] [Times: user=0.02 sys=0.00, real=0.01 secs] 
56.904: Total time for which application threads were stopped: 0.0076470 seconds, Stopping threads took: 0.0001480 seconds
56.982: Application time: 0.0782610 seconds
57.045: [GC [PSYoungGen: 6364K->614K(7680K)] 14645K->8895K(25088K), 0.0004900 secs] [Times: user=0.00 sys=0.00, real=0.00 secs] 
57.046: [Full GC [PSYoungGen: 614K->0K(7680K)] [ParOldGen: 8280K->1957K(17408K)] 8895K->1957K(25088K) [PSPermGen: 5107K->5107K(21504K)], 0.0039320 secs] [Times: user=0.01 sys=0.00, real=0.01 secs] 
57.050: Total time for which application threads were stopped: 0.0678280 seconds, Stopping threads took: 0.0632750 seconds
57.051: Application time: 0.0012160 seconds
57.095: [GC [PSYoungGen: 6462K->939K(7680K)] 8419K->7975K(25088K), 0.0018630 secs] [Times: user=0.01 sys=0.00, real=0.00 secs] 
57.097: Total time for which application threads were stopped: 0.0461680 seconds, Stopping threads took: 0.0442240 seconds
57.171: Application time: 0.0735210 seconds
57.216: [GC [PSYoungGen: 7499K->907K(7680K)] 14534K->9896K(25088K), 0.0009910 secs] [Times: user=0.00 sys=0.00, real=0.00 secs] 
57.217: [Full GC [PSYoungGen: 907K->0K(7680K)] [ParOldGen: 8988K->3983K(17408K)] 9896K->3983K(25088K) [PSPermGen: 5107K->5107K(21504K)], 0.0041290 secs] [Times: user=0.02 sys=0.00, real=0.01 secs] 
57.221: Total time for which application threads were stopped: 0.0507070 seconds, Stopping threads took: 0.0454690 seconds
57.298: Application time: 0.0766950 seconds
57.313: [GC [PSYoungGen: 6364K->614K(7680K)] 10348K->4598K(25088K), 0.0004320 secs] [Times: user=0.00 sys=0.00, real=0.00 secs] 
57.314: Total time for which application threads were stopped: 0.0158020 seconds, Stopping threads took: 0.0153050 seconds
57.314: Application time: 0.0007730 seconds
57.358: [GC [PSYoungGen: 7174K->1005K(7680K)] 11158K->10075K(25088K), 0.0017580 secs] [Times: user=0.01 sys=0.00, real=0.00 secs] 
57.360: [Full GC [PSYoungGen: 1005K->0K(7680K)] [ParOldGen: 9070K->7206K(17408K)] 10075K->7206K(25088K) [PSPermGen: 5107K->5107K(21504K)], 0.0047470 secs] [Times: user=0.02 sys=0.01, real=0.01 secs] 
57.365: Total time for which application threads were stopped: 0.0500530 seconds, Stopping threads took: 0.0434020 seconds
57.437: Application time: 0.0726700 seconds
57.484: [GC [PSYoungGen: 6442K->842K(7680K)] 13649K->10001K(25088K), 0.0009800 secs] [Times: user=0.01 sys=0.00, real=0.00 secs] 
57.485: [Full GC [PSYoungGen: 842K->0K(7680K)] [ParOldGen: 9159K->3886K(17408K)] 10001K->3886K(25088K) [PSPermGen: 5108K->5108K(21504K)], 0.0041180 secs] [Times: user=0.01 sys=0.00, real=0.00 secs] 
57.489: Total time for which application threads were stopped: 0.0514740 seconds, Stopping threads took: 0.0462540 seconds
57.567: Application time: 0.0778760 seconds
57.578: [GC [PSYoungGen: 6462K->550K(7680K)] 10348K->4437K(25088K), 0.0004310 secs] [Times: user=0.01 sys=0.00, real=0.00 secs] 
57.579: Total time for which application threads were stopped: 0.0119340 seconds, Stopping threads took: 0.0114270 seconds
57.579: Application time: 0.0008140 seconds
57.619: [GC [PSYoungGen: 7091K->1005K(7680K)] 10977K->9880K(25088K), 0.0020540 secs] [Times: user=0.01 sys=0.00, real=0.01 secs] 
57.622: [Full GC [PSYoungGen: 1005K->0K(7680K)] [ParOldGen: 8875K->7108K(17408K)] 9880K->7108K(25088K) [PSPermGen: 5108K->5108K(21504K)], 0.0046970 secs] [Times: user=0.02 sys=0.00, real=0.00 secs] 
57.626: Total time for which application threads were stopped: 0.0469690 seconds, Stopping threads took: 0.0400630 seconds
57.700: Application time: 0.0735740 seconds
57.744: [GC [PSYoungGen: 6637K->907K(7680K)] 13746K->9969K(25088K), 0.0009870 secs] [Times: user=0.01 sys=0.00, real=0.00 secs] 
57.745: Total time for which application threads were stopped: 0.0451500 seconds, Stopping threads took: 0.0440870 seconds
57.828: Application time: 0.0826810 seconds
57.843: [GC [PSYoungGen: 7272K->582K(7680K)] 16334K->9644K(25088K), 0.0003900 secs] [Times: user=0.00 sys=0.00, real=0.00 secs] 
57.844: Total time for which application threads were stopped: 0.0160750 seconds, Stopping threads took: 0.0156170 seconds
57.845: Application time: 0.0007550 seconds
57.887: [GC [PSYoungGen: 7123K->1022K(7680K)] 16185K->15016K(25088K), 0.0018400 secs] [Times: user=0.01 sys=0.00, real=0.01 secs] 
57.889: [Full GC [PSYoungGen: 1022K->0K(7680K)] [ParOldGen: 13993K->7109K(17408K)] 15016K->7109K(25088K) [PSPermGen: 5108K->5108K(21504K)], 0.0050700 secs] [Times: user=0.02 sys=0.00, real=0.00 secs] 
57.894: Total time for which application threads were stopped: 0.0498760 seconds, Stopping threads took: 0.0428380 seconds
57.972: Application time: 0.0776400 seconds
58.018: [GC [PSYoungGen: 6462K->646K(7680K)] 13571K->7755K(25088K), 0.0004350 secs] [Times: user=0.01 sys=0.00, real=0.00 secs] 
58.018: Total time for which application threads were stopped: 0.0460880 seconds, Stopping threads took: 0.0455890 seconds
58.019: Application time: 0.0008550 seconds
58.063: [GC [PSYoungGen: 7187K->1005K(7680K)] 14296K->13103K(25088K), 0.0017640 secs] [Times: user=0.01 sys=0.00, real=0.00 secs] 
58.065: [Full GC [PSYoungGen: 1005K->0K(7680K)] [ParOldGen: 12097K->7109K(17408K)] 13103K->7109K(25088K) [PSPermGen: 5108K->5108K(21504K)], 0.0050650 secs] [Times: user=0.02 sys=0.00, real=0.01 secs] 
58.070: Total time for which application threads were stopped: 0.0506160 seconds, Stopping threads took: 0.0436650 seconds
58.148: Application time: 0.0782060 seconds
58.202: [GC [PSYoungGen: 6462K->907K(7680K)] 13571K->8798K(25088K), 0.0006850 secs] [Times: user=0.00 sys=0.00, real=0.00 secs] 
58.203: Total time for which application threads were stopped: 0.0552230 seconds, Stopping threads took: 0.0544610 seconds
58.204: Application time: 0.0010130 seconds
58.257: [GC [PSYoungGen: 7546K->1005K(7680K)] 15436K->13982K(25088K), 0.0020300 secs] [Times: user=0.01 sys=0.00, real=0.00 secs] 
58.259: [Full GC [PSYoungGen: 1005K->0K(7680K)] [ParOldGen: 12976K->7206K(17408K)] 13982K->7206K(25088K) [PSPermGen: 5108K->5108K(21504K)], 0.0049930 secs] [Times: user=0.02 sys=0.00, real=0.01 secs] 
58.264: Total time for which application threads were stopped: 0.0597090 seconds, Stopping threads took: 0.0525410 seconds
58.339: Application time: 0.0748620 seconds
58.383: [GC [PSYoungGen: 6656K->1005K(7680K)] 13862K->9188K(25088K), 0.0008780 secs] [Times: user=0.00 sys=0.00, real=0.00 secs] 
58.384: Total time for which application threads were stopped: 0.0456260 seconds, Stopping threads took: 0.0446780 seconds
58.386: Application time: 0.0015170 seconds
58.456: [GC [PSYoungGen: 7643K->1005K(7680K)] 15827K->9188K(25088K), 0.0005480 secs] [Times: user=0.00 sys=0.00, real=0.00 secs] 
58.456: Total time for which application threads were stopped: 0.0706110 seconds, Stopping threads took: 0.0699980 seconds
58.457: Application time: 0.0009000 seconds
58.501: [GC [PSYoungGen: 7643K->1005K(7680K)] 15827K->14718K(25088K), 0.0018750 secs] [Times: user=0.01 sys=0.00, real=0.01 secs] 
58.503: [Full GC [PSYoungGen: 1005K->0K(7680K)] [ParOldGen: 13712K->7597K(17408K)] 14718K->7597K(25088K) [PSPermGen: 5108K->5108K(21504K)], 0.0052250 secs] [Times: user=0.02 sys=0.00, real=0.00 secs] 
58.508: Total time for which application threads were stopped: 0.0507580 seconds, Stopping threads took: 0.0435400 seconds
58.602: Application time: 0.0940220 seconds
58.662: [GC [PSYoungGen: 6656K->224K(7680K)] 14253K->7821K(25088K), 0.0004030 secs] [Times: user=0.00 sys=0.00, real=0.00 secs] 
58.662: Total time for which application threads were stopped: 0.0601800 seconds, Stopping threads took: 0.0597180 seconds
58.663: Application time: 0.0008440 seconds
58.714: [GC [PSYoungGen: 6879K->1005K(7680K)] 14477K->13396K(25088K), 0.0016620 secs] [Times: user=0.01 sys=0.00, real=0.00 secs] 
58.715: [Full GC [PSYoungGen: 1005K->0K(7680K)] [ParOldGen: 12391K->6914K(17408K)] 13396K->6914K(25088K) [PSPermGen: 5108K->5108K(21504K)], 0.0050100 secs] [Times: user=0.02 sys=0.01, real=0.00 secs] 
58.720: Total time for which application threads were stopped: 0.0571280 seconds, Stopping threads took: 0.0503180 seconds
58.805: Application time: 0.0846790 seconds
58.847: [GC [PSYoungGen: 6656K->1005K(7680K)] 13570K->9685K(25088K), 0.0010240 secs] [Times: user=0.00 sys=0.00, real=0.00 secs] 
58.848: Total time for which application threads were stopped: 0.0432160 seconds, Stopping threads took: 0.0421160 seconds
58.933: Application time: 0.0852680 seconds
58.945: [GC [PSYoungGen: 7467K->550K(7680K)] 16147K->9230K(25088K), 0.0004870 secs] [Times: user=0.00 sys=0.00, real=0.00 secs] 
58.946: Total time for which application threads were stopped: 0.0122960 seconds, Stopping threads took: 0.0117400 seconds
58.947: Application time: 0.0007730 seconds
58.998: [GC [PSYoungGen: 7206K->939K(7680K)] 15886K->14893K(25088K), 0.0020030 secs] [Times: user=0.01 sys=0.00, real=0.00 secs] 
59.000: [Full GC [PSYoungGen: 939K->0K(7680K)] [ParOldGen: 13953K->7304K(17408K)] 14893K->7304K(25088K) [PSPermGen: 5108K->5108K(21504K)], 0.0054010 secs] [Times: user=0.02 sys=0.01, real=0.01 secs] 
59.005: Total time for which application threads were stopped: 0.0586150 seconds, Stopping threads took: 0.0510840 seconds
59.084: Application time: 0.0790560 seconds
59.151: [GC [PSYoungGen: 6656K->1005K(7680K)] 13960K->8310K(25088K), 0.0005300 secs] [Times: user=0.00 sys=0.00, real=0.00 secs] 
59.151: Total time for which application threads were stopped: 0.0671580 seconds, Stopping threads took: 0.0665400 seconds
59.152: Application time: 0.0009600 seconds
59.196: [GC [PSYoungGen: 7661K->939K(7680K)] 14965K->13908K(25088K), 0.0019570 secs] [Times: user=0.01 sys=0.00, real=0.00 secs] 
59.198: [Full GC [PSYoungGen: 939K->0K(7680K)] [ParOldGen: 12969K->7695K(17408K)] 13908K->7695K(25088K) [PSPermGen: 5108K->5108K(21504K)], 0.0050700 secs] [Times: user=0.03 sys=0.00, real=0.01 secs] 
59.203: Total time for which application threads were stopped: 0.0507770 seconds, Stopping threads took: 0.0436280 seconds
59.282: Application time: 0.0787590 seconds
59.343: [GC [PSYoungGen: 6559K->160K(7680K)] 14255K->7855K(25088K), 0.0004500 secs] [Times: user=0.00 sys=0.01, real=0.00 secs] 
59.343: Total time for which application threads were stopped: 0.0613330 seconds, Stopping threads took: 0.0608120 seconds
59.344: Application time: 0.0008750 seconds
59.344: [GC [PSYoungGen: 6798K->1005K(7680K)] 14493K->14470K(25088K), 0.0018950 secs] [Times: user=0.02 sys=0.00, real=0.00 secs] 
59.346: [Full GC [PSYoungGen: 1005K->0K(7680K)] [ParOldGen: 13465K->7890K(17408K)] 14470K->7890K(25088K) [PSPermGen: 5108K->5108K(21504K)], 0.0053880 secs] [Times: user=0.02 sys=0.00, real=0.01 secs] 
59.352: Total time for which application threads were stopped: 0.0074670 seconds, Stopping threads took: 0.0000550 seconds
59.432: Application time: 0.0804470 seconds
59.493: [GC [PSYoungGen: 6638K->451K(7680K)] 14528K->8341K(25088K), 0.0003540 secs] [Times: user=0.00 sys=0.00, real=0.00 secs] 
59.493: Total time for which application threads were stopped: 0.0614910 seconds, Stopping threads took: 0.0610730 seconds
59.494: Application time: 0.0007270 seconds
59.494: [GC [PSYoungGen: 7011K->1006K(7680K)] 14902K->14813K(25088K), 0.0020590 secs] [Times: user=0.01 sys=0.00, real=0.00 secs] 
59.497: [Full GC [PSYoungGen: 1006K->0K(7680K)] [ParOldGen: 13806K->8085K(17408K)] 14813K->8085K(25088K) [PSPermGen: 5108K->5108K(21504K)], 0.0050820 secs] [Times: user=0.03 sys=0.00, real=0.01 secs] 
59.502: Total time for which application threads were stopped: 0.0074820 seconds, Stopping threads took: 0.0002090 seconds
59.580: Application time: 0.0785820 seconds
59.643: [GC [PSYoungGen: 6559K->582K(7680K)] 14645K->8668K(25088K), 0.0005730 secs] [Times: user=0.00 sys=0.00, real=0.00 secs] 
59.644: [Full GC [PSYoungGen: 582K->0K(7680K)] [ParOldGen: 8085K->1957K(17408K)] 8668K->1957K(25088K) [PSPermGen: 5108K->5108K(21504K)], 0.0039010 secs] [Times: user=0.01 sys=0.00, real=0.00 secs] 
59.648: Total time for which application threads were stopped: 0.0675500 seconds, Stopping threads took: 0.0629450 seconds
59.649: Application time: 0.0011400 seconds
59.693: [GC [PSYoungGen: 6638K->1005K(7680K)] 8595K->8072K(25088K), 0.0019260 secs] [Times: user=0.02 sys=0.00, real=0.00 secs] 
59.695: Total time for which application threads were stopped: 0.0457040 seconds, Stopping threads took: 0.0436970 seconds
59.768: Application time: 0.0737120 seconds
59.817: [GC [PSYoungGen: 7545K->1005K(7680K)] 14613K->8862K(25088K), 0.0007190 secs] [Times: user=0.00 sys=0.00, real=0.00 secs] 
59.819: Total time for which application threads were stopped: 0.0502410 seconds, Stopping threads took: 0.0486460 seconds
59.820: Application time: 0.0011640 seconds
59.863: [GC [PSYoungGen: 7565K->1005K(7680K)] 15422K->14046K(25088K), 0.0020080 secs] [Times: user=0.01 sys=0.00, real=0.00 secs] 
59.865: [Full GC [PSYoungGen: 1005K->0K(7680K)] [ParOldGen: 13041K->7305K(17408K)] 14046K->7305K(25088K) [PSPermGen: 5108K->5108K(21504K)], 0.0050590 secs] [Times: user=0.02 sys=0.00, real=0.01 secs] 
59.870: Total time for which application threads were stopped: 0.0500850 seconds, Stopping threads took: 0.0428700 seconds
59.949: Application time: 0.0786840 seconds
60.007: [GC [PSYoungGen: 6345K->646K(7680K)] 13650K->7951K(25088K), 0.0004450 secs] [Times: user=0.00 sys=0.00, real=0.00 secs] 
60.008: Total time for which application threads were stopped: 0.0591850 seconds, Stopping threads took: 0.0586740 seconds
60.009: Application time: 0.0009930 seconds
60.051: [GC [PSYoungGen: 7284K->1005K(7680K)] 14590K->13448K(25088K), 0.0018840 secs] [Times: user=0.01 sys=0.00, real=0.00 secs] 
60.053: [Full GC [PSYoungGen: 1005K->0K(7680K)] [ParOldGen: 12443K->7207K(17408K)] 13448K->7207K(25088K) [PSPermGen: 5108K->5108K(21504K)], 0.0049520 secs] [Times: user=0.02 sys=0.00, real=0.00 secs] 
60.058: Total time for which application threads were stopped: 0.0495470 seconds, Stopping threads took: 0.0425760 seconds
60.134: Application time: 0.0755420 seconds
60.178: [GC [PSYoungGen: 6364K->614K(7680K)] 13571K->7822K(25088K), 0.0005660 secs] [Times: user=0.00 sys=0.00, real=0.00 secs] 
60.179: Total time for which application threads were stopped: 0.0451660 seconds, Stopping threads took: 0.0445350 seconds
60.180: Application time: 0.0009620 seconds
60.223: [GC [PSYoungGen: 7270K->1005K(7680K)] 14477K->13396K(25088K), 0.0019030 secs] [Times: user=0.01 sys=0.00, real=0.00 secs] 
60.225: [Full GC [PSYoungGen: 1005K->0K(7680K)] [ParOldGen: 12391K->7305K(17408K)] 13396K->7305K(25088K) [PSPermGen: 5108K->5108K(21504K)], 0.0049970 secs] [Times: user=0.03 sys=0.00, real=0.01 secs] 
60.230: Total time for which application threads were stopped: 0.0503940 seconds, Stopping threads took: 0.0433650 seconds
60.306: Application time: 0.0755710 seconds
60.351: [GC [PSYoungGen: 6656K->646K(7680K)] 13961K->8342K(25088K), 0.0004950 secs] [Times: user=0.01 sys=0.00, real=0.00 secs] 
60.351: Total time for which application threads were stopped: 0.0453880 seconds, Stopping threads took: 0.0448240 seconds
60.352: Application time: 0.0009690 seconds
60.396: [GC [PSYoungGen: 7206K->1005K(7680K)] 14902K->14178K(25088K), 0.0019900 secs] [Times: user=0.01 sys=0.00, real=0.00 secs] 
60.398: [Full GC [PSYoungGen: 1005K->0K(7680K)] [ParOldGen: 13172K->7598K(17408K)] 14178K->7598K(25088K) [PSPermGen: 5108K->5108K(21504K)], 0.0048900 secs] [Times: user=0.02 sys=0.00, real=0.01 secs] 
60.403: Total time for which application threads were stopped: 0.0505640 seconds, Stopping threads took: 0.0435480 seconds
60.479: Application time: 0.0760990 seconds
60.523: [GC [PSYoungGen: 6638K->841K(7680K)] 14236K->8830K(25088K), 0.0006910 secs] [Times: user=0.00 sys=0.00, real=0.00 secs] 
60.523: [Full GC [PSYoungGen: 841K->0K(7680K)] [ParOldGen: 7988K->2543K(17408K)] 8830K->2543K(25088K) [PSPermGen: 5108K->5108K(21504K)], 0.0038960 secs] [Times: user=0.02 sys=0.00, real=0.00 secs] 
60.527: Total time for which application threads were stopped: 0.0483410 seconds, Stopping threads took: 0.0436380 seconds
60.529: Application time: 0.0013430 seconds
60.572: [GC [PSYoungGen: 6638K->939K(7680K)] 9181K->9244K(25088K), 0.0019630 secs] [Times: user=0.01 sys=0.00, real=0.00 secs] 
60.574: [Full GC [PSYoungGen: 939K->0K(7680K)] [ParOldGen: 8305K->7726K(17408K)] 9244K->7726K(25088K) [PSPermGen: 5108K->5108K(21504K)], 0.0076220 secs] [Times: user=0.04 sys=0.00, real=0.01 secs] 
60.582: Total time for which application threads were stopped: 0.0532970 seconds, Stopping threads took: 0.0435850 seconds
60.661: Application time: 0.0786460 seconds
60.728: [GC [PSYoungGen: 6462K->224K(7680K)] 14188K->7950K(25088K), 0.0003870 secs] [Times: user=0.00 sys=0.00, real=0.00 secs] 
60.728: Total time for which application threads were stopped: 0.0678350 seconds, Stopping threads took: 0.0673840 seconds
60.729: Application time: 0.0008640 seconds
60.730: [GC [PSYoungGen: 6784K->1006K(7680K)] 14510K->14429K(25088K), 0.0018090 secs] [Times: user=0.01 sys=0.00, real=0.00 secs] 
60.731: [Full GC [PSYoungGen: 1006K->0K(7680K)] [ParOldGen: 13422K->7823K(17408K)] 14429K->7823K(25088K) [PSPermGen: 5108K->5108K(21504K)], 0.0053460 secs] [Times: user=0.02 sys=0.00, real=0.00 secs] 
60.737: Total time for which application threads were stopped: 0.0074450 seconds, Stopping threads took: 0.0001690 seconds
60.815: Application time: 0.0778440 seconds
60.877: [GC [PSYoungGen: 6637K->451K(7680K)] 14461K->8274K(25088K), 0.0004790 secs] [Times: user=0.00 sys=0.00, real=0.00 secs] 
60.878: [Full GC [PSYoungGen: 451K->0K(7680K)] [ParOldGen: 7823K->1476K(17408K)] 8274K->1476K(25088K) [PSPermGen: 5108K->5108K(21504K)], 0.0039640 secs] [Times: user=0.01 sys=0.00, real=0.01 secs] 
60.882: Total time for which application threads were stopped: 0.0673370 seconds, Stopping threads took: 0.0627850 seconds
60.883: Application time: 0.0012640 seconds
60.883: [GC [PSYoungGen: 6560K->1006K(7680K)] 8036K->8171K(25088K), 0.0018550 secs] [Times: user=0.02 sys=0.00, real=0.00 secs] 
60.885: Total time for which application threads were stopped: 0.0020120 seconds, Stopping threads took: 0.0000870 seconds
60.986: Application time: 0.1003130 seconds
61.050: [GC [PSYoungGen: 7566K->646K(7680K)] 14731K->7811K(25088K), 0.0004430 secs] [Times: user=0.00 sys=0.00, real=0.00 secs] 
61.051: Total time for which application threads were stopped: 0.0654000 seconds, Stopping threads took: 0.0648860 seconds
61.052: Application time: 0.0008480 seconds
61.052: [GC [PSYoungGen: 7109K->1006K(7680K)] 14273K->14161K(25088K), 0.0019300 secs] [Times: user=0.01 sys=0.00, real=0.00 secs] 
61.054: [Full GC [PSYoungGen: 1006K->0K(7680K)] [ParOldGen: 13154K->8116K(17408K)] 14161K->8116K(25088K) [PSPermGen: 5108K->5108K(21504K)], 0.0052120 secs] [Times: user=0.02 sys=0.00, real=0.00 secs] 
61.059: Total time for which application threads were stopped: 0.0073110 seconds, Stopping threads took: 0.0000480 seconds
61.138: Application time: 0.0786860 seconds
61.200: [GC [PSYoungGen: 6462K->582K(7680K)] 14578K->8699K(25088K), 0.0004210 secs] [Times: user=0.01 sys=0.00, real=0.00 secs] 
61.200: [Full GC [PSYoungGen: 582K->0K(7680K)] [ParOldGen: 8116K->1671K(17408K)] 8699K->1671K(25088K) [PSPermGen: 5108K->5108K(21504K)], 0.0038620 secs] [Times: user=0.01 sys=0.00, real=0.01 secs] 
61.204: Total time for which application threads were stopped: 0.0663130 seconds, Stopping threads took: 0.0619250 seconds
61.205: Application time: 0.0011320 seconds
61.205: [GC [PSYoungGen: 6462K->1005K(7680K)] 8133K->8349K(25088K), 0.0019760 secs] [Times: user=0.01 sys=0.00, real=0.00 secs] 
61.207: [Full GC [PSYoungGen: 1005K->0K(7680K)] [ParOldGen: 7343K->8116K(17408K)] 8349K->8116K(25088K) [PSPermGen: 5108K->5108K(21504K)], 0.0047780 secs] [Times: user=0.02 sys=0.00, real=0.01 secs] 
61.212: Total time for which application threads were stopped: 0.0069420 seconds, Stopping threads took: 0.0000580 seconds
61.290: Application time: 0.0781720 seconds
61.354: [GC [PSYoungGen: 6618K->614K(7680K)] 14735K->8731K(25088K), 0.0005070 secs] [Times: user=0.00 sys=0.00, real=0.00 secs] 
61.355: [Full GC [PSYoungGen: 614K->0K(7680K)] [ParOldGen: 8116K->1671K(17408K)] 8731K->1671K(25088K) [PSPermGen: 5108K->5108K(21504K)], 0.0039450 secs] [Times: user=0.01 sys=0.00, real=0.00 secs] 
61.359: Total time for which application threads were stopped: 0.0681810 seconds, Stopping threads took: 0.0636180 seconds
61.360: Application time: 0.0013330 seconds
61.403: [GC [PSYoungGen: 6560K->1005K(7680K)] 8231K->7763K(25088K), 0.0017160 secs] [Times: user=0.01 sys=0.00, real=0.00 secs] 
61.405: Total time for which application threads were stopped: 0.0450890 seconds, Stopping threads took: 0.0433050 seconds
61.479: Application time: 0.0737930 seconds
61.523: [GC [PSYoungGen: 7565K->1005K(7680K)] 14323K->9716K(25088K), 0.0009490 secs] [Times: user=0.00 sys=0.00, real=0.00 secs] 
61.524: [Full GC [PSYoungGen: 1005K->0K(7680K)] [ParOldGen: 8711K->4015K(17408K)] 9716K->4015K(25088K) [PSPermGen: 5108K->5108K(21504K)], 0.0045100 secs] [Times: user=0.02 sys=0.00, real=0.00 secs] 
61.529: Total time for which application threads were stopped: 0.0502190 seconds, Stopping threads took: 0.0446280 seconds
61.609: Application time: 0.0804590 seconds
61.626: [GC [PSYoungGen: 6345K->582K(7680K)] 10360K->4598K(25088K), 0.0006370 secs] [Times: user=0.00 sys=0.00, real=0.00 secs] 
61.626: Total time for which application threads were stopped: 0.0167650 seconds, Stopping threads took: 0.0160330 seconds
61.627: Application time: 0.0006380 seconds
61.627: [GC [PSYoungGen: 7045K->1008K(7680K)] 11060K->10963K(25088K), 0.0020590 secs] [Times: user=0.02 sys=0.00, real=0.01 secs] 
61.629: [Full GC [PSYoungGen: 1008K->0K(7680K)] [ParOldGen: 9955K->8116K(17408K)] 10963K->8116K(25088K) [PSPermGen: 5108K->5108K(21504K)], 0.0047640 secs] [Times: user=0.02 sys=0.00, real=0.00 secs] 
61.634: Total time for which application threads were stopped: 0.0072200 seconds, Stopping threads took: 0.0002670 seconds
61.710: Application time: 0.0756810 seconds
61.773: [GC [PSYoungGen: 6540K->582K(7680K)] 14657K->8699K(25088K), 0.0004200 secs] [Times: user=0.01 sys=0.00, real=0.00 secs] 
61.773: [Full GC [PSYoungGen: 582K->0K(7680K)] [ParOldGen: 8116K->1671K(17408K)] 8699K->1671K(25088K) [PSPermGen: 5108K->5108K(21504K)], 0.0038120 secs] [Times: user=0.01 sys=0.00, real=0.00 secs] 
61.777: Total time for which application threads were stopped: 0.0673300 seconds, Stopping threads took: 0.0629850 seconds
61.778: Application time: 0.0011780 seconds
61.826: [GC [PSYoungGen: 6656K->1005K(7680K)] 8327K->6787K(25088K), 0.0015890 secs] [Times: user=0.01 sys=0.00, real=0.00 secs] 
61.827: Total time for which application threads were stopped: 0.0488860 seconds, Stopping threads took: 0.0472180 seconds
61.916: Application time: 0.0887080 seconds
61.976: [GC [PSYoungGen: 7661K->909K(7680K)] 13443K->6691K(25088K), 0.0006940 secs] [Times: user=0.00 sys=0.00, real=0.00 secs] 
61.977: Total time for which application threads were stopped: 0.0607140 seconds, Stopping threads took: 0.0599300 seconds
61.978: Application time: 0.0010260 seconds
62.021: [GC [PSYoungGen: 7528K->1005K(7680K)] 13309K->12218K(25088K), 0.0019760 secs] [Times: user=0.01 sys=0.00, real=0.00 secs] 
62.023: [Full GC [PSYoungGen: 1005K->0K(7680K)] [ParOldGen: 11213K->7433K(17408K)] 12218K->7433K(25088K) [PSPermGen: 5108K->5108K(21504K)], 0.0051790 secs] [Times: user=0.02 sys=0.00, real=0.00 secs] 
62.029: Total time for which application threads were stopped: 0.0509060 seconds, Stopping threads took: 0.0436210 seconds
62.114: Application time: 0.0858010 seconds
62.180: [GC [PSYoungGen: 6462K->941K(7680K)] 13895K->8374K(25088K), 0.0006780 secs] [Times: user=0.00 sys=0.00, real=0.00 secs] 
62.180: Total time for which application threads were stopped: 0.0659790 seconds, Stopping threads took: 0.0652030 seconds
62.181: Application time: 0.0009880 seconds
62.225: [GC [PSYoungGen: 7501K->1005K(7680K)] 14935K->13916K(25088K), 0.0018860 secs] [Times: user=0.01 sys=0.00, real=0.00 secs] 
62.227: [Full GC [PSYoungGen: 1005K->0K(7680K)] [ParOldGen: 12910K->7531K(17408K)] 13916K->7531K(25088K) [PSPermGen: 5108K->5108K(21504K)], 0.0050830 secs] [Times: user=0.02 sys=0.00, real=0.01 secs] 
62.232: Total time for which application threads were stopped: 0.0507250 seconds, Stopping threads took: 0.0436310 seconds
62.309: Application time: 0.0769820 seconds
62.372: [GC [PSYoungGen: 6656K->128K(7680K)] 14187K->7659K(25088K), 0.0006360 secs] [Times: user=0.00 sys=0.00, real=0.00 secs] 
62.372: Total time for which application threads were stopped: 0.0634450 seconds, Stopping threads took: 0.0627170 seconds
62.373: Application time: 0.0007330 seconds
62.374: [GC [PSYoungGen: 6688K->1008K(7680K)] 14219K->14162K(25088K), 0.0019760 secs] [Times: user=0.02 sys=0.00, real=0.00 secs] 
62.376: [Full GC [PSYoungGen: 1008K->0K(7680K)] [ParOldGen: 13154K->7824K(17408K)] 14162K->7824K(25088K) [PSPermGen: 5108K->5108K(21504K)], 0.0053470 secs] [Times: user=0.02 sys=0.00, real=0.00 secs] 
62.381: Total time for which application threads were stopped: 0.0078140 seconds, Stopping threads took: 0.0003410 seconds
62.460: Application time: 0.0793010 seconds
62.521: [GC [PSYoungGen: 6559K->387K(7680K)] 14383K->8211K(25088K), 0.0004050 secs] [Times: user=0.00 sys=0.00, real=0.00 secs] 
62.522: [Full GC [PSYoungGen: 387K->0K(7680K)] [ParOldGen: 7824K->1476K(17408K)] 8211K->1476K(25088K) [PSPermGen: 5108K->5108K(21504K)], 0.0039510 secs] [Times: user=0.02 sys=0.00, real=0.00 secs] 
62.526: Total time for which application threads were stopped: 0.0654540 seconds, Stopping threads took: 0.0609880 seconds
62.527: Application time: 0.0012180 seconds
62.571: [GC [PSYoungGen: 6560K->1005K(7680K)] 8036K->7373K(25088K), 0.0017890 secs] [Times: user=0.01 sys=0.00, real=0.00 secs] 
62.573: Total time for which application threads were stopped: 0.0463000 seconds, Stopping threads took: 0.0444370 seconds
62.646: Application time: 0.0730290 seconds
62.691: [GC [PSYoungGen: 7350K->1005K(7680K)] 13718K->7771K(25088K), 0.0006010 secs] [Times: user=0.00 sys=0.00, real=0.00 secs] 
62.692: Total time for which application threads were stopped: 0.0455510 seconds, Stopping threads took: 0.0448690 seconds
62.693: Application time: 0.0010440 seconds
62.736: [GC [PSYoungGen: 7565K->1005K(7680K)] 14331K->12565K(25088K), 0.0018080 secs] [Times: user=0.01 sys=0.00, real=0.00 secs] 
62.738: [Full GC [PSYoungGen: 1005K->0K(7680K)] [ParOldGen: 11559K->6847K(17408K)] 12565K->6847K(25088K) [PSPermGen: 5108K->5108K(21504K)], 0.0047750 secs] [Times: user=0.02 sys=0.00, real=0.01 secs] 
62.743: Total time for which application threads were stopped: 0.0501480 seconds, Stopping threads took: 0.0434410 seconds
62.825: Application time: 0.0816660 seconds
62.883: [GC [PSYoungGen: 6656K->550K(7680K)] 13503K->7398K(25088K), 0.0003780 secs] [Times: user=0.00 sys=0.00, real=0.00 secs] 
62.883: Total time for which application threads were stopped: 0.0584950 seconds, Stopping threads took: 0.0580500 seconds
62.885: Application time: 0.0021480 seconds
62.954: [GC [PSYoungGen: 7091K->582K(7680K)] 13939K->7430K(25088K), 0.0004730 secs] [Times: user=0.00 sys=0.00, real=0.00 secs] 
62.954: Total time for which application threads were stopped: 0.0686150 seconds, Stopping threads took: 0.0680810 seconds
62.955: Application time: 0.0007040 seconds
62.999: [GC [PSYoungGen: 7221K->1005K(7680K)] 14068K->12975K(25088K), 0.0017050 secs] [Times: user=0.01 sys=0.00, real=0.00 secs] 
63.000: [Full GC [PSYoungGen: 1005K->0K(7680K)] [ParOldGen: 11970K->7140K(17408K)] 12975K->7140K(25088K) [PSPermGen: 5108K->5108K(21504K)], 0.0055320 secs] [Times: user=0.03 sys=0.00, real=0.01 secs] 
63.006: Total time for which application threads were stopped: 0.0511750 seconds, Stopping threads took: 0.0438190 seconds
63.083: Application time: 0.0771310 seconds
63.136: [GC [PSYoungGen: 6364K->614K(7680K)] 13505K->7755K(25088K), 0.0004540 secs] [Times: user=0.00 sys=0.00, real=0.00 secs] 
63.137: Total time for which application threads were stopped: 0.0535750 seconds, Stopping threads took: 0.0530440 seconds
63.137: Application time: 0.0008220 seconds
63.181: [GC [PSYoungGen: 7077K->939K(7680K)] 14218K->13158K(25088K), 0.0017150 secs] [Times: user=0.01 sys=0.00, real=0.00 secs] 
63.183: [Full GC [PSYoungGen: 939K->0K(7680K)] [ParOldGen: 12219K->7043K(17408K)] 13158K->7043K(25088K) [PSPermGen: 5108K->5108K(21504K)], 0.0050210 secs] [Times: user=0.02 sys=0.00, real=0.00 secs] 
63.188: Total time for which application threads were stopped: 0.0506930 seconds, Stopping threads took: 0.0438300 seconds
63.264: Application time: 0.0753980 seconds
63.309: [GC [PSYoungGen: 6540K->582K(7680K)] 13583K->7625K(25088K), 0.0004250 secs] [Times: user=0.00 sys=0.00, real=0.00 secs] 
63.309: Total time for which application threads were stopped: 0.0455970 seconds, Stopping threads took: 0.0450980 seconds
63.310: Application time: 0.0008080 seconds
63.354: [GC [PSYoungGen: 7221K->1005K(7680K)] 14264K->13166K(25088K), 0.0018540 secs] [Times: user=0.02 sys=0.00, real=0.00 secs] 
63.356: [Full GC [PSYoungGen: 1005K->0K(7680K)] [ParOldGen: 12161K->7141K(17408K)] 13166K->7141K(25088K) [PSPermGen: 5108K->5108K(21504K)], 0.0049240 secs] [Times: user=0.02 sys=0.00, real=0.00 secs] 
63.361: Total time for which application threads were stopped: 0.0506830 seconds, Stopping threads took: 0.0437740 seconds
63.435: Application time: 0.0746490 seconds
63.492: [GC [PSYoungGen: 6364K->614K(7680K)] 13505K->7755K(25088K), 0.0004500 secs] [Times: user=0.00 sys=0.00, real=0.00 secs] 
63.493: Total time for which application threads were stopped: 0.0573460 seconds, Stopping threads took: 0.0568210 seconds
63.493: Application time: 0.0008650 seconds
63.537: [GC [PSYoungGen: 7174K->1005K(7680K)] 14315K->13232K(25088K), 0.0017440 secs] [Times: user=0.01 sys=0.00, real=0.00 secs] 
63.539: [Full GC [PSYoungGen: 1005K->0K(7680K)] [ParOldGen: 12227K->7140K(17408K)] 13232K->7140K(25088K) [PSPermGen: 5108K->5108K(21504K)], 0.0049690 secs] [Times: user=0.02 sys=0.00, real=0.01 secs] 
63.544: Total time for which application threads were stopped: 0.0505500 seconds, Stopping threads took: 0.0437070 seconds
63.618: Application time: 0.0742090 seconds
63.664: [GC [PSYoungGen: 6462K->1005K(7680K)] 13603K->8927K(25088K), 0.0006290 secs] [Times: user=0.00 sys=0.00, real=0.00 secs] 
63.664: Total time for which application threads were stopped: 0.0462450 seconds, Stopping threads took: 0.0455480 seconds
63.666: Application time: 0.0010750 seconds
63.721: [GC [PSYoungGen: 7565K->1005K(7680K)] 15487K->13037K(25088K), 0.0016140 secs] [Times: user=0.01 sys=0.00, real=0.01 secs] 
63.723: [Full GC [PSYoungGen: 1005K->0K(7680K)] [ParOldGen: 12032K->6164K(17408K)] 13037K->6164K(25088K) [PSPermGen: 5108K->5108K(21504K)], 0.0047670 secs] [Times: user=0.02 sys=0.00, real=0.00 secs] 
63.727: Total time for which application threads were stopped: 0.0618190 seconds, Stopping threads took: 0.0553050 seconds
63.801: Application time: 0.0736150 seconds
63.845: [GC [PSYoungGen: 6638K->1005K(7680K)] 12802K->8146K(25088K), 0.0007970 secs] [Times: user=0.01 sys=0.00, real=0.00 secs] 
63.846: Total time for which application threads were stopped: 0.0452470 seconds, Stopping threads took: 0.0443710 seconds
63.848: Application time: 0.0014970 seconds
63.918: [GC [PSYoungGen: 7643K->1005K(7680K)] 14784K->8146K(25088K), 0.0007670 secs] [Times: user=0.00 sys=0.00, real=0.00 secs] 
63.919: Total time for which application threads were stopped: 0.0710390 seconds, Stopping threads took: 0.0701830 seconds
63.920: Application time: 0.0009330 seconds
63.964: [GC [PSYoungGen: 7643K->1005K(7680K)] 14784K->13703K(25088K), 0.0019530 secs] [Times: user=0.02 sys=0.00, real=0.00 secs] 
63.966: [Full GC [PSYoungGen: 1005K->0K(7680K)] [ParOldGen: 12698K->7531K(17408K)] 13703K->7531K(25088K) [PSPermGen: 5108K->5108K(21504K)], 0.0050430 secs] [Times: user=0.02 sys=0.00, real=0.01 secs] 
63.971: Total time for which application threads were stopped: 0.0508620 seconds, Stopping threads took: 0.0437410 seconds
64.044: Application time: 0.0736670 seconds
64.089: [GC [PSYoungGen: 6559K->841K(7680K)] 14091K->8764K(25088K), 0.0005640 secs] [Times: user=0.00 sys=0.00, real=0.01 secs] 
64.089: Total time for which application threads were stopped: 0.0450700 seconds, Stopping threads took: 0.0444310 seconds
64.093: Application time: 0.0038920 seconds
64.160: [GC [PSYoungGen: 7402K->224K(7680K)] 15324K->8146K(25088K), 0.0003470 secs] [Times: user=0.00 sys=0.00, real=0.00 secs] 
64.160: Total time for which application threads were stopped: 0.0669790 seconds, Stopping threads took: 0.0665750 seconds
64.162: Application time: 0.0012930 seconds
64.205: [GC [PSYoungGen: 6686K->1005K(7680K)] 14608K->12451K(25088K), 0.0012030 secs] [Times: user=0.01 sys=0.00, real=0.00 secs] 
64.206: [Full GC [PSYoungGen: 1005K->0K(7680K)] [ParOldGen: 11446K->5578K(17408K)] 12451K->5578K(25088K) [PSPermGen: 5108K->5108K(21504K)], 0.0047920 secs] [Times: user=0.02 sys=0.00, real=0.01 secs] 
64.211: Total time for which application threads were stopped: 0.0492380 seconds, Stopping threads took: 0.0431240 seconds
64.282: Application time: 0.0715700 seconds
64.327: [GC [PSYoungGen: 6638K->841K(7680K)] 12216K->7006K(25088K), 0.0005830 secs] [Times: user=0.00 sys=0.00, real=0.00 secs] 
64.328: Total time for which application threads were stopped: 0.0456620 seconds, Stopping threads took: 0.0450030 seconds
64.329: Application time: 0.0010920 seconds
64.373: [GC [PSYoungGen: 7402K->1005K(7680K)] 13566K->11987K(25088K), 0.0018200 secs] [Times: user=0.02 sys=0.00, real=0.00 secs] 
64.375: [Full GC [PSYoungGen: 1005K->0K(7680K)] [ParOldGen: 10982K->6848K(17408K)] 11987K->6848K(25088K) [PSPermGen: 5108K->5108K(21504K)], 0.0049340 secs] [Times: user=0.02 sys=0.00, real=0.00 secs] 
64.380: Total time for which application threads were stopped: 0.0504340 seconds, Stopping threads took: 0.0435480 seconds
64.458: Application time: 0.0787060 seconds
64.510: [GC [PSYoungGen: 6656K->875K(7680K)] 13504K->8505K(25088K), 0.0007020 secs] [Times: user=0.00 sys=0.00, real=0.00 secs] 
64.510: Total time for which application threads were stopped: 0.0522130 seconds, Stopping threads took: 0.0514190 seconds
64.511: Application time: 0.0009980 seconds
64.555: [GC [PSYoungGen: 7531K->1005K(7680K)] 15161K->13819K(25088K), 0.0020030 secs] [Times: user=0.01 sys=0.00, real=0.00 secs] 
64.557: [Full GC [PSYoungGen: 1005K->0K(7680K)] [ParOldGen: 12813K->7239K(17408K)] 13819K->7239K(25088K) [PSPermGen: 5108K->5108K(21504K)], 0.0049350 secs] [Times: user=0.02 sys=0.00, real=0.01 secs] 
64.562: Total time for which application threads were stopped: 0.0508170 seconds, Stopping threads took: 0.0437250 seconds
64.638: Application time: 0.0752980 seconds
64.683: [GC [PSYoungGen: 6656K->1005K(7680K)] 13895K->8244K(25088K), 0.0004830 secs] [Times: user=0.00 sys=0.00, real=0.00 secs] 
64.684: Total time for which application threads were stopped: 0.0463990 seconds, Stopping threads took: 0.0458490 seconds
64.685: Application time: 0.0009270 seconds
64.728: [GC [PSYoungGen: 7565K->1005K(7680K)] 14804K->13721K(25088K), 0.0018450 secs] [Times: user=0.01 sys=0.00, real=0.01 secs] 
64.730: [Full GC [PSYoungGen: 1005K->0K(7680K)] [ParOldGen: 12716K->7531K(17408K)] 13721K->7531K(25088K) [PSPermGen: 5108K->5108K(21504K)], 0.0050630 secs] [Times: user=0.02 sys=0.00, real=0.00 secs] 
64.735: Total time for which application threads were stopped: 0.0505420 seconds, Stopping threads took: 0.0435090 seconds
64.811: Application time: 0.0755380 seconds
64.855: [GC [PSYoungGen: 6638K->841K(7680K)] 14170K->8764K(25088K), 0.0005840 secs] [Times: user=0.01 sys=0.00, real=0.00 secs] 
64.856: Total time for which application threads were stopped: 0.0452510 seconds, Stopping threads took: 0.0436100 seconds
64.857: Application time: 0.0010330 seconds
64.897: [GC [PSYoungGen: 7480K->1021K(7680K)] 15403K->14632K(25088K), 0.0019470 secs] [Times: user=0.01 sys=0.00, real=0.00 secs] 
64.899: [Full GC [PSYoungGen: 1021K->0K(7680K)] [ParOldGen: 13611K->7727K(17408K)] 14632K->7727K(25088K) [PSPermGen: 5108K->5108K(21504K)], 0.0052300 secs] [Times: user=0.02 sys=0.00, real=0.01 secs] 
64.904: Total time for which application threads were stopped: 0.0471340 seconds, Stopping threads took: 0.0398180 seconds
64.980: Application time: 0.0753090 seconds
65.044: [GC [PSYoungGen: 6618K->208K(7680K)] 14345K->7935K(25088K), 0.0003960 secs] [Times: user=0.00 sys=0.00, real=0.00 secs] 
65.044: Total time for which application threads were stopped: 0.0642640 seconds, Stopping threads took: 0.0637780 seconds
65.045: Application time: 0.0009020 seconds
65.045: [GC [PSYoungGen: 6768K->1005K(7680K)] 14495K->14518K(25088K), 0.0020100 secs] [Times: user=0.01 sys=0.00, real=0.00 secs] 
65.047: [Full GC [PSYoungGen: 1005K->0K(7680K)] [ParOldGen: 13513K->7825K(17408K)] 14518K->7825K(25088K) [PSPermGen: 5108K->5108K(21504K)], 0.0051470 secs] [Times: user=0.02 sys=0.01, real=0.01 secs] 
65.052: Total time for which application threads were stopped: 0.0075150 seconds, Stopping threads took: 0.0002160 seconds
65.137: Application time: 0.0841150 seconds
65.197: [GC [PSYoungGen: 6559K->451K(7680K)] 14384K->8276K(25088K), 0.0004590 secs] [Times: user=0.00 sys=0.00, real=0.00 secs] 
65.197: Total time for which application threads were stopped: 0.0605720 seconds, Stopping threads took: 0.0600520 seconds
65.198: Application time: 0.0007980 seconds
65.198: [GC [PSYoungGen: 7089K->1005K(7680K)] 14914K->14795K(25088K), 0.0020600 secs] [Times: user=0.01 sys=0.00, real=0.00 secs] 
65.200: [Full GC [PSYoungGen: 1005K->0K(7680K)] [ParOldGen: 13790K->8020K(17408K)] 14795K->8020K(25088K) [PSPermGen: 5108K->5108K(21504K)], 0.0050590 secs] [Times: user=0.02 sys=0.00, real=0.01 secs] 
65.205: Total time for which application threads were stopped: 0.0074210 seconds, Stopping threads took: 0.0001730 seconds
65.284: Application time: 0.0782780 seconds
65.345: [GC [PSYoungGen: 6559K->582K(7680K)] 14580K->8603K(25088K), 0.0004450 secs] [Times: user=0.00 sys=0.00, real=0.00 secs] 
65.346: [Full GC [PSYoungGen: 582K->0K(7680K)] [ParOldGen: 8020K->1673K(17408K)] 8603K->1673K(25088K) [PSPermGen: 5108K->5108K(21504K)], 0.0039120 secs] [Times: user=0.01 sys=0.00, real=0.01 secs] 
65.350: Total time for which application threads were stopped: 0.0660380 seconds, Stopping threads took: 0.0615680 seconds
65.351: Application time: 0.0013270 seconds
65.395: [GC [PSYoungGen: 6560K->1005K(7680K)] 8233K->7764K(25088K), 0.0018060 secs] [Times: user=0.01 sys=0.00, real=0.00 secs] 
65.396: Total time for which application threads were stopped: 0.0454950 seconds, Stopping threads took: 0.0436210 seconds
65.471: Application time: 0.0741990 seconds
65.515: [GC [PSYoungGen: 7369K->550K(7680K)] 14129K->7310K(25088K), 0.0004460 secs] [Times: user=0.00 sys=0.00, real=0.00 secs] 
65.516: Total time for which application threads were stopped: 0.0452500 seconds, Stopping threads took: 0.0447310 seconds
65.517: Application time: 0.0008720 seconds
65.561: [GC [PSYoungGen: 7110K->1008K(7680K)] 13870K->12707K(25088K), 0.0017370 secs] [Times: user=0.01 sys=0.00, real=0.01 secs] 
65.562: [Full GC [PSYoungGen: 1008K->0K(7680K)] [ParOldGen: 11698K->7141K(17408K)] 12707K->7141K(25088K) [PSPermGen: 5108K->5108K(21504K)], 0.0051430 secs] [Times: user=0.02 sys=0.00, real=0.00 secs] 
65.568: Total time for which application threads were stopped: 0.0508040 seconds, Stopping threads took: 0.0437860 seconds
65.640: Application time: 0.0723520 seconds
65.685: [GC [PSYoungGen: 6462K->1005K(7680K)] 13603K->8928K(25088K), 0.0007840 secs] [Times: user=0.01 sys=0.00, real=0.00 secs] 
65.686: [Full GC [PSYoungGen: 1005K->0K(7680K)] [ParOldGen: 7922K->2844K(17408K)] 8928K->2844K(25088K) [PSPermGen: 5108K->5108K(21504K)], 0.0039580 secs] [Times: user=0.01 sys=0.00, real=0.01 secs] 
65.690: Total time for which application threads were stopped: 0.0500590 seconds, Stopping threads took: 0.0452030 seconds
65.694: Application time: 0.0034930 seconds
65.761: [GC [PSYoungGen: 6364K->582K(7680K)] 9209K->3427K(25088K), 0.0003930 secs] [Times: user=0.01 sys=0.00, real=0.00 secs] 
65.762: Total time for which application threads were stopped: 0.0683620 seconds, Stopping threads took: 0.0679000 seconds
65.766: Application time: 0.0038630 seconds
65.807: [GC [PSYoungGen: 7045K->1005K(7680K)] 9890K->7764K(25088K), 0.0016500 secs] [Times: user=0.01 sys=0.00, real=0.00 secs] 
65.808: Total time for which application threads were stopped: 0.0426010 seconds, Stopping threads took: 0.0408560 seconds
65.881: Application time: 0.0730880 seconds
65.927: [GC [PSYoungGen: 7467K->646K(7680K)] 14226K->7406K(25088K), 0.0005800 secs] [Times: user=0.00 sys=0.00, real=0.00 secs] 
65.927: Total time for which application threads were stopped: 0.0458590 seconds, Stopping threads took: 0.0451940 seconds
65.928: Application time: 0.0009200 seconds
65.971: [GC [PSYoungGen: 7168K->1005K(7680K)] 13927K->12655K(25088K), 0.0016330 secs] [Times: user=0.01 sys=0.00, real=0.00 secs] 
65.973: [Full GC [PSYoungGen: 1005K->0K(7680K)] [ParOldGen: 11650K->6946K(17408K)] 12655K->6946K(25088K) [PSPermGen: 5108K->5108K(21504K)], 0.0050710 secs] [Times: user=0.02 sys=0.00, real=0.00 secs] 
65.978: Total time for which application threads were stopped: 0.0499070 seconds, Stopping threads took: 0.0430830 seconds
66.050: Application time: 0.0723830 seconds
66.096: [GC [PSYoungGen: 6559K->582K(7680K)] 13506K->7529K(25088K), 0.0004430 secs] [Times: user=0.00 sys=0.00, real=0.00 secs] 
66.096: Total time for which application threads were stopped: 0.0458440 seconds, Stopping threads took: 0.0453260 seconds
66.097: Application time: 0.0008630 seconds
66.097: [GC [PSYoungGen: 7142K->1005K(7680K)] 14089K->14112K(25088K), 0.0019430 secs] [Times: user=0.02 sys=0.00, real=0.00 secs] 
66.099: [Full GC [PSYoungGen: 1005K->0K(7680K)] [ParOldGen: 13107K->8215K(17408K)] 14112K->8215K(25088K) [PSPermGen: 5108K->5108K(21504K)], 0.0051900 secs] [Times: user=0.02 sys=0.00, real=0.01 secs] 
66.105: Total time for which application threads were stopped: 0.0073950 seconds, Stopping threads took: 0.0001360 seconds
66.185: Application time: 0.0803090 seconds
66.246: [GC [PSYoungGen: 6364K->550K(7680K)] 14580K->8766K(25088K), 0.0004740 secs] [Times: user=0.00 sys=0.00, real=0.00 secs] 
66.247: [Full GC [PSYoungGen: 550K->0K(7680K)] [ParOldGen: 8215K->1928K(17408K)] 8766K->1928K(25088K) [PSPermGen: 5108K->5108K(21504K)], 0.0037730 secs] [Times: user=0.02 sys=0.00, real=0.01 secs] 
66.251: Total time for which application threads were stopped: 0.0656030 seconds, Stopping threads took: 0.0612230 seconds
66.252: Application time: 0.0010830 seconds
66.294: [GC [PSYoungGen: 6540K->1005K(7680K)] 8469K->7922K(25088K), 0.0018360 secs] [Times: user=0.01 sys=0.00, real=0.00 secs] 
66.296: Total time for which application threads were stopped: 0.0445040 seconds, Stopping threads took: 0.0425880 seconds
66.374: Application time: 0.0775420 seconds
66.427: [GC [PSYoungGen: 7467K->582K(7680K)] 14384K->7500K(25088K), 0.0006230 secs] [Times: user=0.00 sys=0.00, real=0.00 secs] 
66.427: Total time for which application threads were stopped: 0.0536360 seconds, Stopping threads took: 0.0529210 seconds
66.428: Application time: 0.0008770 seconds
66.472: [GC [PSYoungGen: 7221K->1021K(7680K)] 14138K->13049K(25088K), 0.0016720 secs] [Times: user=0.01 sys=0.00, real=0.00 secs] 
66.474: [Full GC [PSYoungGen: 1021K->0K(7680K)] [ParOldGen: 12027K->7141K(17408K)] 13049K->7141K(25088K) [PSPermGen: 5108K->5108K(21504K)], 0.0050750 secs] [Times: user=0.03 sys=0.00, real=0.00 secs] 
66.479: Total time for which application threads were stopped: 0.0507280 seconds, Stopping threads took: 0.0438390 seconds
66.553: Application time: 0.0740190 seconds
66.599: [GC [PSYoungGen: 6442K->646K(7680K)] 13584K->7788K(25088K), 0.0004150 secs] [Times: user=0.00 sys=0.00, real=0.00 secs] 
66.599: Total time for which application threads were stopped: 0.0462490 seconds, Stopping threads took: 0.0457500 seconds
66.600: Application time: 0.0010080 seconds
66.600: [GC [PSYoungGen: 7089K->1006K(7680K)] 14231K->14064K(25088K), 0.0020630 secs] [Times: user=0.02 sys=0.00, real=0.01 secs] 
66.603: [Full GC [PSYoungGen: 1006K->0K(7680K)] [ParOldGen: 13057K->8020K(17408K)] 14064K->8020K(25088K) [PSPermGen: 5108K->5108K(21504K)], 0.0051610 secs] [Times: user=0.02 sys=0.00, real=0.00 secs] 
66.608: Total time for which application threads were stopped: 0.0075550 seconds, Stopping threads took: 0.0002030 seconds
66.689: Application time: 0.0813240 seconds
66.751: [GC [PSYoungGen: 6520K->451K(7680K)] 14541K->8472K(25088K), 0.0005960 secs] [Times: user=0.00 sys=0.00, real=0.00 secs] 
66.751: [Full GC [PSYoungGen: 451K->0K(7680K)] [ParOldGen: 8020K->1478K(17408K)] 8472K->1478K(25088K) [PSPermGen: 5108K->5108K(21504K)], 0.0039510 secs] [Times: user=0.01 sys=0.00, real=0.00 secs] 
66.755: Total time for which application threads were stopped: 0.0661980 seconds, Stopping threads took: 0.0615240 seconds
66.756: Application time: 0.0011200 seconds
66.757: [GC [PSYoungGen: 6560K->1006K(7680K)] 8038K->8173K(25088K), 0.0019990 secs] [Times: user=0.01 sys=0.00, real=0.00 secs] 
66.759: [Full GC [PSYoungGen: 1006K->0K(7680K)] [ParOldGen: 7166K->8022K(17408K)] 8173K->8022K(25088K) [PSPermGen: 5108K->5108K(21504K)], 0.0040260 secs] [Times: user=0.02 sys=0.00, real=0.01 secs] 
66.763: Total time for which application threads were stopped: 0.0062740 seconds, Stopping threads took: 0.0001260 seconds
66.859: Application time: 0.0959020 seconds
66.924: [GC [PSYoungGen: 6559K->646K(7680K)] 14582K->8669K(25088K), 0.0004400 secs] [Times: user=0.00 sys=0.00, real=0.00 secs] 
66.924: [Full GC [PSYoungGen: 646K->0K(7680K)] [ParOldGen: 8022K->1673K(17408K)] 8669K->1673K(25088K) [PSPermGen: 5108K->5108K(21504K)], 0.0037440 secs] [Times: user=0.01 sys=0.00, real=0.00 secs] 
66.928: Total time for which application threads were stopped: 0.0691920 seconds, Stopping threads took: 0.0648980 seconds
66.929: Application time: 0.0012480 seconds
66.972: [GC [PSYoungGen: 6560K->1005K(7680K)] 8233K->7765K(25088K), 0.0018750 secs] [Times: user=0.01 sys=0.00, real=0.00 secs] 
66.974: Total time for which application threads were stopped: 0.0452840 seconds, Stopping threads took: 0.0433320 seconds
67.048: Application time: 0.0737290 seconds
67.093: [GC [PSYoungGen: 7467K->973K(7680K)] 14227K->8514K(25088K), 0.0006980 secs] [Times: user=0.00 sys=0.00, real=0.00 secs] 
67.094: Total time for which application threads were stopped: 0.0456860 seconds, Stopping threads took: 0.0449190 seconds
67.095: Application time: 0.0011480 seconds
67.139: [GC [PSYoungGen: 7533K->1005K(7680K)] 15074K->13730K(25088K), 0.0018960 secs] [Times: user=0.01 sys=0.01, real=0.00 secs] 
67.140: [Full GC [PSYoungGen: 1005K->0K(7680K)] [ParOldGen: 12725K->7240K(17408K)] 13730K->7240K(25088K) [PSPermGen: 5108K->5108K(21504K)], 0.0051160 secs] [Times: user=0.02 sys=0.00, real=0.01 secs] 
67.146: Total time for which application threads were stopped: 0.0507220 seconds, Stopping threads took: 0.0435790 seconds
67.220: Application time: 0.0747080 seconds
67.265: [GC [PSYoungGen: 6656K->939K(7680K)] 13896K->9351K(25088K), 0.0007660 secs] [Times: user=0.01 sys=0.00, real=0.00 secs] 
67.266: [Full GC [PSYoungGen: 939K->0K(7680K)] [ParOldGen: 8411K->3138K(17408K)] 9351K->3138K(25088K) [PSPermGen: 5108K->5108K(21504K)], 0.0043640 secs] [Times: user=0.01 sys=0.00, real=0.01 secs] 
67.270: Total time for which application threads were stopped: 0.0498450 seconds, Stopping threads took: 0.0445910 seconds
67.272: Application time: 0.0013920 seconds
67.341: [GC [PSYoungGen: 6656K->907K(7680K)] 9794K->7561K(25088K), 0.0014780 secs] [Times: user=0.01 sys=0.00, real=0.01 secs] 
67.342: Total time for which application threads were stopped: 0.0704940 seconds, Stopping threads took: 0.0689370 seconds
67.414: Application time: 0.0722260 seconds
67.459: [GC [PSYoungGen: 7563K->841K(7680K)] 14217K->8082K(25088K), 0.0005670 secs] [Times: user=0.01 sys=0.00, real=0.00 secs] 
67.460: Total time for which application threads were stopped: 0.0457940 seconds, Stopping threads took: 0.0451600 seconds
67.464: Application time: 0.0036320 seconds
67.532: [GC [PSYoungGen: 7480K->451K(7680K)] 14720K->7691K(25088K), 0.0003950 secs] [Times: user=0.01 sys=0.00, real=0.00 secs] 
67.532: Total time for which application threads were stopped: 0.0684700 seconds, Stopping threads took: 0.0680110 seconds
67.533: Application time: 0.0007040 seconds
67.577: [GC [PSYoungGen: 7011K->1005K(7680K)] 14251K->13136K(25088K), 0.0016540 secs] [Times: user=0.02 sys=0.00, real=0.00 secs] 
67.578: [Full GC [PSYoungGen: 1005K->0K(7680K)] [ParOldGen: 12131K->6946K(17408K)] 13136K->6946K(25088K) [PSPermGen: 5108K->5108K(21504K)], 0.0048810 secs] [Times: user=0.02 sys=0.00, real=0.01 secs] 
67.583: Total time for which application threads were stopped: 0.0503540 seconds, Stopping threads took: 0.0437040 seconds
67.657: Application time: 0.0734650 seconds
67.700: [GC [PSYoungGen: 6559K->1005K(7680K)] 13506K->9710K(25088K), 0.0009690 secs] [Times: user=0.00 sys=0.00, real=0.01 secs] 
67.701: Total time for which application threads were stopped: 0.0446700 seconds, Stopping threads took: 0.0436210 seconds
67.774: Application time: 0.0729740 seconds
67.778: [GC [PSYoungGen: 7467K->646K(7680K)] 16172K->9351K(25088K), 0.0003860 secs] [Times: user=0.00 sys=0.00, real=0.00 secs] 
67.779: Total time for which application threads were stopped: 0.0045400 seconds, Stopping threads took: 0.0040920 seconds
67.780: Application time: 0.0007500 seconds
67.819: [GC [PSYoungGen: 7109K->1005K(7680K)] 15813K->14698K(25088K), 0.0016480 secs] [Times: user=0.01 sys=0.00, real=0.00 secs] 
67.820: [Full GC [PSYoungGen: 1005K->0K(7680K)] [ParOldGen: 13693K->7044K(17408K)] 14698K->7044K(25088K) [PSPermGen: 5108K->5108K(21504K)], 0.0049930 secs] [Times: user=0.03 sys=0.00, real=0.01 secs] 
67.825: Total time for which application threads were stopped: 0.0455830 seconds, Stopping threads took: 0.0388190 seconds
67.899: Application time: 0.0735800 seconds
67.945: [GC [PSYoungGen: 6462K->646K(7680K)] 13506K->7691K(25088K), 0.0003950 secs] [Times: user=0.00 sys=0.00, real=0.00 secs] 
67.945: Total time for which application threads were stopped: 0.0462230 seconds, Stopping threads took: 0.0457560 seconds
67.946: Application time: 0.0007920 seconds
67.946: [GC [PSYoungGen: 7109K->1005K(7680K)] 14153K->14112K(25088K), 0.0018110 secs] [Times: user=0.02 sys=0.00, real=0.00 secs] 
67.948: [Full GC [PSYoungGen: 1005K->0K(7680K)] [ParOldGen: 13107K->8118K(17408K)] 14112K->8118K(25088K) [PSPermGen: 5108K->5108K(21504K)], 0.0055550 secs] [Times: user=0.02 sys=0.00, real=0.01 secs] 
67.953: Total time for which application threads were stopped: 0.0076440 seconds, Stopping threads took: 0.0001640 seconds
68.035: Application time: 0.0817170 seconds
68.096: [GC [PSYoungGen: 6618K->614K(7680K)] 14737K->8733K(25088K), 0.0004180 secs] [Times: user=0.00 sys=0.00, real=0.00 secs] 
68.096: Total time for which application threads were stopped: 0.0611580 seconds, Stopping threads took: 0.0606710 seconds
68.097: Application time: 0.0008620 seconds
68.141: [GC [PSYoungGen: 7077K->1008K(7680K)] 15195K->14020K(25088K), 0.0017720 secs] [Times: user=0.02 sys=0.00, real=0.01 secs] 
68.143: [Full GC [PSYoungGen: 1008K->0K(7680K)] [ParOldGen: 13012K->7044K(17408K)] 14020K->7044K(25088K) [PSPermGen: 5108K->5108K(21504K)], 0.0049050 secs] [Times: user=0.02 sys=0.00, real=0.00 secs] 
68.148: Total time for which application threads were stopped: 0.0506170 seconds, Stopping threads took: 0.0438180 seconds
68.222: Application time: 0.0740840 seconds
68.267: [GC [PSYoungGen: 6540K->582K(7680K)] 13585K->7627K(25088K), 0.0004640 secs] [Times: user=0.00 sys=0.00, real=0.00 secs] 
68.268: Total time for which application threads were stopped: 0.0456570 seconds, Stopping threads took: 0.0451230 seconds
68.274: Application time: 0.0059870 seconds
68.338: [GC [PSYoungGen: 7025K->1005K(7680K)] 14070K->10792K(25088K), 0.0011650 secs] [Times: user=0.01 sys=0.00, real=0.00 secs] 
68.340: [Full GC [PSYoungGen: 1005K->0K(7680K)] [ParOldGen: 9787K->4798K(17408K)] 10792K->4798K(25088K) [PSPermGen: 5108K->5108K(21504K)], 0.0046770 secs] [Times: user=0.02 sys=0.00, real=0.01 secs] 
68.344: Total time for which application threads were stopped: 0.0707590 seconds, Stopping threads took: 0.0647720 seconds
68.416: Application time: 0.0718560 seconds
68.419: [GC [PSYoungGen: 6345K->841K(7680K)] 11144K->6226K(25088K), 0.0006060 secs] [Times: user=0.01 sys=0.01, real=0.00 secs] 
68.420: Total time for which application threads were stopped: 0.0036690 seconds, Stopping threads took: 0.0029940 seconds
68.421: Application time: 0.0009980 seconds
68.468: [GC [PSYoungGen: 7480K->1006K(7680K)] 12865K->11163K(25088K), 0.0017280 secs] [Times: user=0.02 sys=0.00, real=0.01 secs] 
68.469: [Full GC [PSYoungGen: 1006K->0K(7680K)] [ParOldGen: 10156K->6849K(17408K)] 11163K->6849K(25088K) [PSPermGen: 5108K->5108K(21504K)], 0.0050160 secs] [Times: user=0.02 sys=0.00, real=0.00 secs] 
68.474: Total time for which application threads were stopped: 0.0535470 seconds, Stopping threads took: 0.0466760 seconds
68.547: Application time: 0.0726730 seconds
68.592: [GC [PSYoungGen: 6559K->941K(7680K)] 13409K->8377K(25088K), 0.0006780 secs] [Times: user=0.01 sys=0.00, real=0.00 secs] 
68.592: Total time for which application threads were stopped: 0.0451360 seconds, Stopping threads took: 0.0443900 seconds
68.593: Application time: 0.0011130 seconds
68.647: [GC [PSYoungGen: 7501K->939K(7680K)] 14937K->13453K(25088K), 0.0018850 secs] [Times: user=0.01 sys=0.00, real=0.00 secs] 
68.649: [Full GC [PSYoungGen: 939K->0K(7680K)] [ParOldGen: 12514K->7045K(17408K)] 13453K->7045K(25088K) [PSPermGen: 5108K->5108K(21504K)], 0.0047850 secs] [Times: user=0.02 sys=0.00, real=0.01 secs] 
68.654: Total time for which application threads were stopped: 0.0604070 seconds, Stopping threads took: 0.0535960 seconds
68.728: Application time: 0.0740510 seconds
68.772: [GC [PSYoungGen: 6540K->939K(7680K)] 13585K->8766K(25088K), 0.0007030 secs] [Times: user=0.00 sys=0.00, real=0.00 secs] 
68.773: Total time for which application threads were stopped: 0.0448440 seconds, Stopping threads took: 0.0440530 seconds
68.774: Application time: 0.0010890 seconds
68.842: [GC [PSYoungGen: 7595K->1005K(7680K)] 15422K->12933K(25088K), 0.0016680 secs] [Times: user=0.02 sys=0.00, real=0.00 secs] 
68.844: [Full GC [PSYoungGen: 1005K->0K(7680K)] [ParOldGen: 11928K->6166K(17408K)] 12933K->6166K(25088K) [PSPermGen: 5108K->5108K(21504K)], 0.0048370 secs] [Times: user=0.01 sys=0.00, real=0.00 secs] 
68.849: Total time for which application threads were stopped: 0.0748420 seconds, Stopping threads took: 0.0682070 seconds
68.931: Application time: 0.0825220 seconds
68.986: [GC [PSYoungGen: 6656K->1005K(7680K)] 12822K->7171K(25088K), 0.0004900 secs] [Times: user=0.00 sys=0.00, real=0.00 secs] 
68.987: Total time for which application threads were stopped: 0.0554350 seconds, Stopping threads took: 0.0548780 seconds
68.988: Application time: 0.0010210 seconds
69.040: [GC [PSYoungGen: 7467K->1005K(7680K)] 13634K->11476K(25088K), 0.0016050 secs] [Times: user=0.01 sys=0.00, real=0.01 secs] 
69.042: [Full GC [PSYoungGen: 1005K->0K(7680K)] [ParOldGen: 10471K->6361K(17408K)] 11476K->6361K(25088K) [PSPermGen: 5108K->5108K(21504K)], 0.0048330 secs] [Times: user=0.02 sys=0.00, real=0.00 secs] 
69.047: Total time for which application threads were stopped: 0.0591250 seconds, Stopping threads took: 0.0525580 seconds
69.119: Application time: 0.0727050 seconds
69.124: [GC [PSYoungGen: 6462K->1005K(7680K)] 12823K->9523K(25088K), 0.0009980 secs] [Times: user=0.00 sys=0.00, real=0.00 secs] 
69.125: Total time for which application threads were stopped: 0.0054880 seconds, Stopping threads took: 0.0044150 seconds
69.202: Application time: 0.0767370 seconds
69.221: [GC [PSYoungGen: 7467K->646K(7680K)] 15985K->9555K(25088K), 0.0005380 secs] [Times: user=0.00 sys=0.00, real=0.01 secs] 
69.221: Total time for which application threads were stopped: 0.0195490 seconds, Stopping threads took: 0.0189480 seconds
69.222: Application time: 0.0008880 seconds
69.262: [GC [PSYoungGen: 7285K->1005K(7680K)] 16193K->15391K(25088K), 0.0020210 secs] [Times: user=0.01 sys=0.00, real=0.00 secs] 
69.264: [Full GC [PSYoungGen: 1005K->0K(7680K)] [ParOldGen: 14385K->7533K(17408K)] 15391K->7533K(25088K) [PSPermGen: 5108K->5108K(21504K)], 0.0050860 secs] [Times: user=0.02 sys=0.00, real=0.01 secs] 
69.269: Total time for which application threads were stopped: 0.0473170 seconds, Stopping threads took: 0.0400820 seconds
69.370: Application time: 0.1006900 seconds
69.422: [GC [PSYoungGen: 6656K->256K(7680K)] 14189K->7789K(25088K), 0.0003340 secs] [Times: user=0.00 sys=0.00, real=0.00 secs] 
69.422: Total time for which application threads were stopped: 0.0520970 seconds, Stopping threads took: 0.0516930 seconds
69.423: Application time: 0.0007470 seconds
69.476: [GC [PSYoungGen: 6814K->1005K(7680K)] 14347K->13234K(25088K), 0.0016630 secs] [Times: user=0.01 sys=0.00, real=0.00 secs] 
69.477: [Full GC [PSYoungGen: 1005K->0K(7680K)] [ParOldGen: 12229K->6752K(17408K)] 13234K->6752K(25088K) [PSPermGen: 5108K->5108K(21504K)], 0.0050170 secs] [Times: user=0.02 sys=0.00, real=0.01 secs] 
69.482: Total time for which application threads were stopped: 0.0593350 seconds, Stopping threads took: 0.0525280 seconds
69.563: Application time: 0.0808700 seconds
69.627: [GC [PSYoungGen: 6559K->419K(7680K)] 13312K->7171K(25088K), 0.0003660 secs] [Times: user=0.01 sys=0.00, real=0.00 secs] 
69.627: Total time for which application threads were stopped: 0.0638370 seconds, Stopping threads took: 0.0634020 seconds
69.628: Application time: 0.0009520 seconds
69.670: [GC [PSYoungGen: 6979K->1005K(7680K)] 13731K->12648K(25088K), 0.0018130 secs] [Times: user=0.01 sys=0.00, real=0.00 secs] 
69.672: [Full GC [PSYoungGen: 1005K->0K(7680K)] [ParOldGen: 11643K->6947K(17408K)] 12648K->6947K(25088K) [PSPermGen: 5108K->5108K(21504K)], 0.0050870 secs] [Times: user=0.02 sys=0.00, real=0.00 secs] 
69.677: Total time for which application threads were stopped: 0.0495290 seconds, Stopping threads took: 0.0425050 seconds
69.756: Application time: 0.0784610 seconds
69.800: [GC [PSYoungGen: 6559K->939K(7680K)] 13507K->8668K(25088K), 0.0006980 secs] [Times: user=0.00 sys=0.00, real=0.00 secs] 
69.800: Total time for which application threads were stopped: 0.0445010 seconds, Stopping threads took: 0.0437300 seconds
69.801: Application time: 0.0009550 seconds
69.845: [GC [PSYoungGen: 7595K->1005K(7680K)] 15324K->12843K(25088K), 0.0016730 secs] [Times: user=0.01 sys=0.00, real=0.00 secs] 
69.847: [Full GC [PSYoungGen: 1005K->0K(7680K)] [ParOldGen: 11838K->6166K(17408K)] 12843K->6166K(25088K) [PSPermGen: 5108K->5108K(21504K)], 0.0047560 secs] [Times: user=0.02 sys=0.00, real=0.01 secs] 
69.852: Total time for which application threads were stopped: 0.0503780 seconds, Stopping threads took: 0.0438240 seconds
69.932: Application time: 0.0803610 seconds
69.976: [GC [PSYoungGen: 6345K->939K(7680K)] 12511K->7887K(25088K), 0.0006670 secs] [Times: user=0.00 sys=0.00, real=0.00 secs] 
69.977: Total time for which application threads were stopped: 0.0451750 seconds, Stopping threads took: 0.0435530 seconds
69.978: Application time: 0.0010710 seconds
70.032: [GC [PSYoungGen: 7558K->1005K(7680K)] 14506K->12985K(25088K), 0.0019490 secs] [Times: user=0.01 sys=0.01, real=0.00 secs] 
70.034: [Full GC [PSYoungGen: 1005K->0K(7680K)] [ParOldGen: 11980K->7045K(17408K)] 12985K->7045K(25088K) [PSPermGen: 5108K->5108K(21504K)], 0.0050780 secs] [Times: user=0.02 sys=0.00, real=0.00 secs] 
70.039: Total time for which application threads were stopped: 0.0603340 seconds, Stopping threads took: 0.0531770 seconds
70.113: Application time: 0.0739370 seconds
70.158: [GC [PSYoungGen: 6559K->1005K(7680K)] 13605K->8832K(25088K), 0.0007050 secs] [Times: user=0.01 sys=0.00, real=0.00 secs] 
70.159: Total time for which application threads were stopped: 0.0458910 seconds, Stopping threads took: 0.0451220 seconds
70.160: Application time: 0.0011060 seconds
70.203: [GC [PSYoungGen: 7643K->939K(7680K)] 15470K->14040K(25088K), 0.0019820 secs] [Times: user=0.02 sys=0.00, real=0.00 secs] 
70.205: [Full GC [PSYoungGen: 939K->0K(7680K)] [ParOldGen: 13100K->7240K(17408K)] 14040K->7240K(25088K) [PSPermGen: 5108K->5108K(21504K)], 0.0048280 secs] [Times: user=0.02 sys=0.00, real=0.01 secs] 
70.210: Total time for which application threads were stopped: 0.0502830 seconds, Stopping threads took: 0.0433370 seconds
70.285: Application time: 0.0753760 seconds
70.331: [GC [PSYoungGen: 6423K->646K(7680K)] 13664K->7887K(25088K), 0.0004190 secs] [Times: user=0.00 sys=0.00, real=0.00 secs] 
70.331: Total time for which application threads were stopped: 0.0457780 seconds, Stopping threads took: 0.0452960 seconds
70.337: Application time: 0.0062540 seconds
70.402: [GC [PSYoungGen: 7109K->614K(7680K)] 14350K->7855K(25088K), 0.0004070 secs] [Times: user=0.00 sys=0.00, real=0.00 secs] 
70.403: Total time for which application threads were stopped: 0.0655060 seconds, Stopping threads took: 0.0650380 seconds
70.404: Application time: 0.0007000 seconds
70.461: [GC [PSYoungGen: 7270K->1005K(7680K)] 14511K->12356K(25088K), 0.0014080 secs] [Times: user=0.01 sys=0.00, real=0.00 secs] 
70.463: [Full GC [PSYoungGen: 1005K->0K(7680K)] [ParOldGen: 11350K->6166K(17408K)] 12356K->6166K(25088K) [PSPermGen: 5108K->5108K(21504K)], 0.0054590 secs] [Times: user=0.02 sys=0.00, real=0.00 secs] 
70.468: Total time for which application threads were stopped: 0.0645810 seconds, Stopping threads took: 0.0576050 seconds
70.551: Application time: 0.0832740 seconds
70.607: [GC [PSYoungGen: 6656K->973K(7680K)] 12822K->7139K(25088K), 0.0006640 secs] [Times: user=0.01 sys=0.00, real=0.00 secs] 
70.607: Total time for which application threads were stopped: 0.0557520 seconds, Stopping threads took: 0.0549820 seconds
70.608: Application time: 0.0011490 seconds
70.652: [GC [PSYoungGen: 7611K->1005K(7680K)] 13778K->11574K(25088K), 0.0016880 secs] [Times: user=0.01 sys=0.00, real=0.00 secs] 
70.654: [Full GC [PSYoungGen: 1005K->0K(7680K)] [ParOldGen: 10569K->6459K(17408K)] 11574K->6459K(25088K) [PSPermGen: 5108K->5108K(21504K)], 0.0046430 secs] [Times: user=0.02 sys=0.00, real=0.00 secs] 
70.659: Total time for which application threads were stopped: 0.0501500 seconds, Stopping threads took: 0.0436900 seconds
70.731: Application time: 0.0725310 seconds
70.776: [GC [PSYoungGen: 6559K->939K(7680K)] 13019K->8766K(25088K), 0.0008520 secs] [Times: user=0.00 sys=0.00, real=0.00 secs] 
70.777: Total time for which application threads were stopped: 0.0460680 seconds, Stopping threads took: 0.0451450 seconds
70.857: Application time: 0.0799800 seconds
70.869: [GC [PSYoungGen: 7499K->256K(7680K)] 15326K->8083K(25088K), 0.0003360 secs] [Times: user=0.00 sys=0.00, real=0.00 secs] 
70.869: Total time for which application threads were stopped: 0.0120220 seconds, Stopping threads took: 0.0116260 seconds
70.870: Application time: 0.0006970 seconds
70.870: [GC [PSYoungGen: 6816K->1006K(7680K)] 14643K->14530K(25088K), 0.0019250 secs] [Times: user=0.01 sys=0.00, real=0.00 secs] 
70.872: [Full GC [PSYoungGen: 1006K->0K(7680K)] [ParOldGen: 13523K->7826K(17408K)] 14530K->7826K(25088K) [PSPermGen: 5108K->5108K(21504K)], 0.0052130 secs] [Times: user=0.02 sys=0.00, real=0.00 secs] 
70.877: Total time for which application threads were stopped: 0.0074290 seconds, Stopping threads took: 0.0001700 seconds
70.979: Application time: 0.1020390 seconds
71.043: [GC [PSYoungGen: 6559K->387K(7680K)] 14386K->8214K(25088K), 0.0005220 secs] [Times: user=0.01 sys=0.00, real=0.00 secs] 
71.044: Total time for which application threads were stopped: 0.0642830 seconds, Stopping threads took: 0.0636950 seconds
71.044: Application time: 0.0007170 seconds
71.044: [GC [PSYoungGen: 6928K->1005K(7680K)] 14754K->14699K(25088K), 0.0019820 secs] [Times: user=0.02 sys=0.00, real=0.00 secs] 
71.046: [Full GC [PSYoungGen: 1005K->0K(7680K)] [ParOldGen: 13694K->7924K(17408K)] 14699K->7924K(25088K) [PSPermGen: 5108K->5108K(21504K)], 0.0052560 secs] [Times: user=0.02 sys=0.00, real=0.01 secs] 
71.052: Total time for which application threads were stopped: 0.0075100 seconds, Stopping threads took: 0.0001400 seconds
71.130: Application time: 0.0779200 seconds
71.193: [GC [PSYoungGen: 6462K->419K(7680K)] 14386K->8343K(25088K), 0.0003890 secs] [Times: user=0.00 sys=0.00, real=0.00 secs] 
71.193: Total time for which application threads were stopped: 0.0635370 seconds, Stopping threads took: 0.0630690 seconds
71.194: Application time: 0.0006000 seconds
71.194: [GC [PSYoungGen: 6979K->1008K(7680K)] 14904K->14751K(25088K), 0.0020220 secs] [Times: user=0.01 sys=0.00, real=0.00 secs] 
71.196: [Full GC [PSYoungGen: 1008K->0K(7680K)] [ParOldGen: 13742K->8022K(17408K)] 14751K->8022K(25088K) [PSPermGen: 5108K->5108K(21504K)], 0.0051060 secs] [Times: user=0.02 sys=0.00, real=0.01 secs] 
71.201: Total time for which application threads were stopped: 0.0074870 seconds, Stopping threads took: 0.0002340 seconds
71.279: Application time: 0.0779170 seconds
71.344: [GC [PSYoungGen: 6559K->550K(7680K)] 14581K->8572K(25088K), 0.0006270 secs] [Times: user=0.00 sys=0.00, real=0.00 secs] 
71.345: Total time for which application threads were stopped: 0.0652290 seconds, Stopping threads took: 0.0645140 seconds
71.345: Application time: 0.0008850 seconds
71.346: [GC [PSYoungGen: 7013K->1006K(7680K)] 15035K->15018K(25088K), 0.0019400 secs] [Times: user=0.02 sys=0.00, real=0.00 secs] 
71.348: [Full GC [PSYoungGen: 1006K->0K(7680K)] [ParOldGen: 14011K->8119K(17408K)] 15018K->8119K(25088K) [PSPermGen: 5108K->5108K(21504K)], 0.0050970 secs] [Times: user=0.02 sys=0.01, real=0.01 secs] 
71.353: Total time for which application threads were stopped: 0.0073930 seconds, Stopping threads took: 0.0002160 seconds
71.432: Application time: 0.0788770 seconds
71.495: [GC [PSYoungGen: 6462K->614K(7680K)] 14582K->8734K(25088K), 0.0005090 secs] [Times: user=0.00 sys=0.00, real=0.00 secs] 
71.496: [Full GC [PSYoungGen: 614K->0K(7680K)] [ParOldGen: 8119K->1674K(17408K)] 8734K->1674K(25088K) [PSPermGen: 5108K->5108K(21504K)], 0.0039660 secs] [Times: user=0.02 sys=0.00, real=0.00 secs] 
71.500: Total time for which application threads were stopped: 0.0680160 seconds, Stopping threads took: 0.0634240 seconds
71.501: Application time: 0.0013060 seconds
71.545: [GC [PSYoungGen: 6560K->1005K(7680K)] 8234K->7766K(25088K), 0.0018280 secs] [Times: user=0.01 sys=0.00, real=0.00 secs] 
71.546: Total time for which application threads were stopped: 0.0454450 seconds, Stopping threads took: 0.0435410 seconds
71.623: Application time: 0.0768730 seconds
71.666: [GC [PSYoungGen: 7448K->646K(7680K)] 14209K->7407K(25088K), 0.0004520 secs] [Times: user=0.00 sys=0.00, real=0.00 secs] 
71.667: Total time for which application threads were stopped: 0.0431960 seconds, Stopping threads took: 0.0426790 seconds
71.669: Application time: 0.0028920 seconds
71.737: [GC [PSYoungGen: 7171K->646K(7680K)] 13932K->7407K(25088K), 0.0004290 secs] [Times: user=0.00 sys=0.00, real=0.00 secs] 
71.738: Total time for which application threads were stopped: 0.0682590 seconds, Stopping threads took: 0.0677570 seconds
71.738: Application time: 0.0007140 seconds
71.783: [GC [PSYoungGen: 7125K->1006K(7680K)] 13886K->12719K(25088K), 0.0016120 secs] [Times: user=0.01 sys=0.00, real=0.00 secs] 
71.785: [Full GC [PSYoungGen: 1006K->0K(7680K)] [ParOldGen: 11712K->7045K(17408K)] 12719K->7045K(25088K) [PSPermGen: 5108K->5108K(21504K)], 0.0054320 secs] [Times: user=0.02 sys=0.00, real=0.01 secs] 
71.790: Total time for which application threads were stopped: 0.0518300 seconds, Stopping threads took: 0.0446780 seconds
71.866: Application time: 0.0753080 seconds
71.910: [GC [PSYoungGen: 6462K->646K(7680K)] 13507K->7692K(25088K), 0.0004250 secs] [Times: user=0.00 sys=0.00, real=0.00 secs] 
71.911: Total time for which application threads were stopped: 0.0449820 seconds, Stopping threads took: 0.0444970 seconds
71.911: Application time: 0.0008840 seconds
71.955: [GC [PSYoungGen: 7265K->1005K(7680K)] 14311K->13071K(25088K), 0.0017030 secs] [Times: user=0.01 sys=0.00, real=0.00 secs] 
71.957: [Full GC [PSYoungGen: 1005K->0K(7680K)] [ParOldGen: 12066K->7045K(17408K)] 13071K->7045K(25088K) [PSPermGen: 5108K->5108K(21504K)], 0.0049740 secs] [Times: user=0.03 sys=0.00, real=0.01 secs] 
71.962: Total time for which application threads were stopped: 0.0505310 seconds, Stopping threads took: 0.0437360 seconds
72.036: Application time: 0.0736280 seconds
72.080: [GC [PSYoungGen: 6462K->646K(7680K)] 13508K->7692K(25088K), 0.0003920 secs] [Times: user=0.00 sys=0.00, real=0.00 secs] 
72.081: Total time for which application threads were stopped: 0.0453320 seconds, Stopping threads took: 0.0448710 seconds
72.082: Application time: 0.0008180 seconds
72.082: [GC [PSYoungGen: 7109K->1006K(7680K)] 14155K->14042K(25088K), 0.0019060 secs] [Times: user=0.02 sys=0.00, real=0.00 secs] 
72.084: [Full GC [PSYoungGen: 1006K->0K(7680K)] [ParOldGen: 13035K->8120K(17408K)] 14042K->8120K(25088K) [PSPermGen: 5108K->5108K(21504K)], 0.0052350 secs] [Times: user=0.02 sys=0.00, real=0.00 secs] 
72.089: Total time for which application threads were stopped: 0.0074450 seconds, Stopping threads took: 0.0001700 seconds
72.166: Application time: 0.0772320 seconds
72.230: [GC [PSYoungGen: 6501K->451K(7680K)] 14621K->8571K(25088K), 0.0005300 secs] [Times: user=0.00 sys=0.00, real=0.00 secs] 
72.230: [Full GC [PSYoungGen: 451K->0K(7680K)] [ParOldGen: 8120K->1479K(17408K)] 8571K->1479K(25088K) [PSPermGen: 5108K->5108K(21504K)], 0.0040340 secs] [Times: user=0.01 sys=0.00, real=0.00 secs] 
72.234: Total time for which application threads were stopped: 0.0678480 seconds, Stopping threads took: 0.0631590 seconds
72.236: Application time: 0.0013000 seconds
72.282: [GC [PSYoungGen: 6655K->939K(7680K)] 8135K->7302K(25088K), 0.0017790 secs] [Times: user=0.01 sys=0.01, real=0.00 secs] 
72.284: Total time for which application threads were stopped: 0.0482930 seconds, Stopping threads took: 0.0464270 seconds
72.357: Application time: 0.0733790 seconds
72.403: [GC [PSYoungGen: 7401K->614K(7680K)] 13764K->6977K(25088K), 0.0006640 secs] [Times: user=0.00 sys=0.00, real=0.00 secs] 
72.404: Total time for which application threads were stopped: 0.0466010 seconds, Stopping threads took: 0.0458520 seconds
72.405: Application time: 0.0008220 seconds
72.405: [GC [PSYoungGen: 7077K->1006K(7680K)] 13440K->13359K(25088K), 0.0020820 secs] [Times: user=0.01 sys=0.00, real=0.00 secs] 
72.407: [Full GC [PSYoungGen: 1006K->0K(7680K)] [ParOldGen: 12352K->8120K(17408K)] 13359K->8120K(25088K) [PSPermGen: 5108K->5108K(21504K)], 0.0049990 secs] [Times: user=0.02 sys=0.00, real=0.01 secs] 
72.412: Total time for which application threads were stopped: 0.0073230 seconds, Stopping threads took: 0.0001140 seconds
72.489: Application time: 0.0768530 seconds
72.552: [GC [PSYoungGen: 6462K->646K(7680K)] 14582K->8767K(25088K), 0.0004900 secs] [Times: user=0.00 sys=0.00, real=0.00 secs] 
72.552: [Full GC [PSYoungGen: 646K->0K(7680K)] [ParOldGen: 8120K->1675K(17408K)] 8767K->1675K(25088K) [PSPermGen: 5108K->5108K(21504K)], 0.0039840 secs] [Times: user=0.02 sys=0.00, real=0.00 secs] 
72.556: Total time for which application threads were stopped: 0.0675440 seconds, Stopping threads took: 0.0629650 seconds
72.558: Application time: 0.0012310 seconds
72.558: [GC [PSYoungGen: 6560K->1005K(7680K)] 8235K->8450K(25088K), 0.0019250 secs] [Times: user=0.01 sys=0.00, real=0.00 secs] 
72.560: [Full GC [PSYoungGen: 1005K->0K(7680K)] [ParOldGen: 7445K->8218K(17408K)] 8450K->8218K(25088K) [PSPermGen: 5108K->5108K(21504K)], 0.0045780 secs] [Times: user=0.02 sys=0.00, real=0.01 secs] 
72.564: Total time for which application threads were stopped: 0.0066490 seconds, Stopping threads took: 0.0000170 seconds
72.645: Application time: 0.0804030 seconds
72.687: [GC [PSYoungGen: 6462K->1005K(7680K)] 14680K->10004K(25088K), 0.0007130 secs] [Times: user=0.00 sys=0.00, real=0.00 secs] 
72.688: [Full GC [PSYoungGen: 1005K->0K(7680K)] [ParOldGen: 8999K->2847K(17408K)] 10004K->2847K(25088K) [PSPermGen: 5108K->5108K(21504K)], 0.0041630 secs] [Times: user=0.02 sys=0.00, real=0.01 secs] 
72.692: Total time for which application threads were stopped: 0.0474170 seconds, Stopping threads took: 0.0423980 seconds
72.693: Application time: 0.0012490 seconds
72.747: [GC [PSYoungGen: 6638K->1005K(7680K)] 9485K->7962K(25088K), 0.0017200 secs] [Times: user=0.01 sys=0.00, real=0.00 secs] 
72.749: Total time for which application threads were stopped: 0.0557720 seconds, Stopping threads took: 0.0539740 seconds
72.823: Application time: 0.0736070 seconds
72.867: [GC [PSYoungGen: 7661K->1005K(7680K)] 14618K->7962K(25088K), 0.0004600 secs] [Times: user=0.01 sys=0.00, real=0.00 secs] 
72.867: Total time for which application threads were stopped: 0.0446590 seconds, Stopping threads took: 0.0441280 seconds
72.868: Application time: 0.0008230 seconds
72.868: [GC [PSYoungGen: 7659K->1007K(7680K)] 14615K->14563K(25088K), 0.0023050 secs] [Times: user=0.02 sys=0.00, real=0.01 secs] 
72.871: [Full GC [PSYoungGen: 1007K->0K(7680K)] [ParOldGen: 13556K->8706K(17408K)] 14563K->8706K(25088K) [PSPermGen: 5108K->5108K(21504K)], 0.0052010 secs] [Times: user=0.02 sys=0.01, real=0.00 secs] 
72.876: Total time for which application threads were stopped: 0.0078090 seconds, Stopping threads took: 0.0001710 seconds
72.955: Application time: 0.0794230 seconds
73.021: [GC [PSYoungGen: 6559K->192K(7680K)] 15266K->8898K(25088K), 0.0004260 secs] [Times: user=0.00 sys=0.00, real=0.00 secs] 
73.022: [Full GC [PSYoungGen: 192K->0K(7680K)] [ParOldGen: 8706K->1566K(17408K)] 8898K->1566K(25088K) [PSPermGen: 5108K->5108K(21504K)], 0.0041090 secs] [Times: user=0.02 sys=0.00, real=0.00 secs] 
73.026: Total time for which application threads were stopped: 0.0705850 seconds, Stopping threads took: 0.0659400 seconds
73.027: Application time: 0.0010700 seconds
73.027: [GC [PSYoungGen: 6638K->1006K(7680K)] 8204K->8285K(25088K), 0.0020570 secs] [Times: user=0.00 sys=0.01, real=0.01 secs] 
73.029: [Full GC [PSYoungGen: 1006K->0K(7680K)] [ParOldGen: 7278K->7827K(17408K)] 8285K->7827K(25088K) [PSPermGen: 5108K->5108K(21504K)], 0.0048730 secs] [Times: user=0.02 sys=0.00, real=0.00 secs] 
73.034: Total time for which application threads were stopped: 0.0072980 seconds, Stopping threads took: 0.0002340 seconds
73.123: Application time: 0.0888400 seconds
73.186: [GC [PSYoungGen: 6559K->451K(7680K)] 14387K->8278K(25088K), 0.0003800 secs] [Times: user=0.00 sys=0.00, real=0.00 secs] 
73.187: [Full GC [PSYoungGen: 451K->0K(7680K)] [ParOldGen: 7827K->1480K(17408K)] 8278K->1480K(25088K) [PSPermGen: 5108K->5108K(21504K)], 0.0037600 secs] [Times: user=0.01 sys=0.01, real=0.01 secs] 
73.190: Total time for which application threads were stopped: 0.0670640 seconds, Stopping threads took: 0.0628230 seconds
73.191: Application time: 0.0011450 seconds
73.235: [GC [PSYoungGen: 6560K->1008K(7680K)] 8040K->7232K(25088K), 0.0017600 secs] [Times: user=0.01 sys=0.00, real=0.00 secs] 
73.237: Total time for which application threads were stopped: 0.0455780 seconds, Stopping threads took: 0.0437380 seconds
73.310: Application time: 0.0728980 seconds
73.356: [GC [PSYoungGen: 7646K->939K(7680K)] 13870K->7944K(25088K), 0.0007390 secs] [Times: user=0.00 sys=0.00, real=0.00 secs] 
73.357: Total time for which application threads were stopped: 0.0472010 seconds, Stopping threads took: 0.0463640 seconds
73.358: Application time: 0.0010270 seconds
73.411: [GC [PSYoungGen: 7499K->1005K(7680K)] 14504K->13096K(25088K), 0.0019060 secs] [Times: user=0.01 sys=0.00, real=0.00 secs] 
73.413: [Full GC [PSYoungGen: 1005K->0K(7680K)] [ParOldGen: 12091K->7144K(17408K)] 13096K->7144K(25088K) [PSPermGen: 5108K->5108K(21504K)], 0.0050940 secs] [Times: user=0.03 sys=0.00, real=0.00 secs] 
73.418: Total time for which application threads were stopped: 0.0600000 seconds, Stopping threads took: 0.0528650 seconds
73.494: Application time: 0.0754150 seconds
73.538: [GC [PSYoungGen: 6364K->614K(7680K)] 13508K->7758K(25088K), 0.0005500 secs] [Times: user=0.01 sys=0.00, real=0.00 secs] 
73.539: Total time for which application threads were stopped: 0.0454560 seconds, Stopping threads took: 0.0448380 seconds
73.540: Application time: 0.0008910 seconds
73.594: [GC [PSYoungGen: 7253K->1005K(7680K)] 14397K->13244K(25088K), 0.0018290 secs] [Times: user=0.01 sys=0.00, real=0.00 secs] 
73.595: [Full GC [PSYoungGen: 1005K->0K(7680K)] [ParOldGen: 12238K->7144K(17408K)] 13244K->7144K(25088K) [PSPermGen: 5108K->5108K(21504K)], 0.0051440 secs] [Times: user=0.02 sys=0.00, real=0.00 secs] 
73.601: Total time for which application threads were stopped: 0.0607200 seconds, Stopping threads took: 0.0536180 seconds
73.679: Application time: 0.0784180 seconds
73.733: [GC [PSYoungGen: 6364K->875K(7680K)] 13508K->8801K(25088K), 0.0006250 secs] [Times: user=0.00 sys=0.00, real=0.00 secs] 
73.733: [Full GC [PSYoungGen: 875K->0K(7680K)] [ParOldGen: 7925K->2749K(17408K)] 8801K->2749K(25088K) [PSPermGen: 5108K->5108K(21504K)], 0.0039840 secs] [Times: user=0.02 sys=0.00, real=0.00 secs] 
73.737: Total time for which application threads were stopped: 0.0581430 seconds, Stopping threads took: 0.0534150 seconds
73.738: Application time: 0.0011790 seconds
73.807: [GC [PSYoungGen: 6656K->1005K(7680K)] 9405K->7864K(25088K), 0.0016510 secs] [Times: user=0.01 sys=0.00, real=0.00 secs] 
73.809: Total time for which application threads were stopped: 0.0706700 seconds, Stopping threads took: 0.0689380 seconds
73.883: Application time: 0.0742590 seconds
73.889: [GC [PSYoungGen: 7643K->907K(7680K)] 14503K->9915K(25088K), 0.0010640 secs] [Times: user=0.01 sys=0.00, real=0.01 secs] 
73.890: [Full GC [PSYoungGen: 907K->0K(7680K)] [ParOldGen: 9008K->4117K(17408K)] 9915K->4117K(25088K) [PSPermGen: 5108K->5108K(21504K)], 0.0042510 secs] [Times: user=0.02 sys=0.00, real=0.00 secs] 
73.894: Total time for which application threads were stopped: 0.0108120 seconds, Stopping threads took: 0.0053670 seconds
73.974: Application time: 0.0794520 seconds
73.984: [GC [PSYoungGen: 6560K->1005K(7680K)] 10677K->5122K(25088K), 0.0004780 secs] [Times: user=0.00 sys=0.00, real=0.00 secs] 
73.984: Total time for which application threads were stopped: 0.0103950 seconds, Stopping threads took: 0.0098430 seconds
73.985: Application time: 0.0008510 seconds
74.054: [GC [PSYoungGen: 7661K->842K(7680K)] 11778K->7498K(25088K), 0.0013480 secs] [Times: user=0.01 sys=0.00, real=0.00 secs] 
74.055: Total time for which application threads were stopped: 0.0703150 seconds, Stopping threads took: 0.0688880 seconds
74.126: Application time: 0.0710990 seconds
74.128: [GC [PSYoungGen: 7460K->809K(7680K)] 14117K->7856K(25088K), 0.0005660 secs] [Times: user=0.00 sys=0.00, real=0.00 secs] 
74.129: Total time for which application threads were stopped: 0.0027010 seconds, Stopping threads took: 0.0020660 seconds
74.130: Application time: 0.0008150 seconds
74.190: [GC [PSYoungGen: 7370K->1006K(7680K)] 14416K->12630K(25088K), 0.0016970 secs] [Times: user=0.01 sys=0.00, real=0.00 secs] 
74.191: [Full GC [PSYoungGen: 1006K->0K(7680K)] [ParOldGen: 11623K->6656K(17408K)] 12630K->6656K(25088K) [PSPermGen: 5108K->5108K(21504K)], 0.0049210 secs] [Times: user=0.02 sys=0.00, real=0.00 secs] 
74.196: Total time for which application threads were stopped: 0.0664870 seconds, Stopping threads took: 0.0597410 seconds
74.269: Application time: 0.0724550 seconds
74.314: [GC [PSYoungGen: 6559K->1005K(7680K)] 13216K->8052K(25088K), 0.0006060 secs] [Times: user=0.00 sys=0.00, real=0.00 secs] 
74.314: Total time for which application threads were stopped: 0.0455280 seconds, Stopping threads took: 0.0448590 seconds
74.315: Application time: 0.0009510 seconds
74.359: [GC [PSYoungGen: 7643K->1005K(7680K)] 14690K->12845K(25088K), 0.0018000 secs] [Times: user=0.01 sys=0.00, real=0.00 secs] 
74.361: [Full GC [PSYoungGen: 1005K->0K(7680K)] [ParOldGen: 11840K->6851K(17408K)] 12845K->6851K(25088K) [PSPermGen: 5108K->5108K(21504K)], 0.0049070 secs] [Times: user=0.02 sys=0.00, real=0.01 secs] 
74.366: Total time for which application threads were stopped: 0.0505510 seconds, Stopping threads took: 0.0437220 seconds
74.440: Application time: 0.0742510 seconds
74.485: [GC [PSYoungGen: 6540K->419K(7680K)] 13392K->7270K(25088K), 0.0004430 secs] [Times: user=0.01 sys=0.00, real=0.00 secs] 
74.485: Total time for which application threads were stopped: 0.0453630 seconds, Stopping threads took: 0.0448480 seconds
74.493: Application time: 0.0078120 seconds
74.556: [GC [PSYoungGen: 6881K->419K(7680K)] 13733K->7270K(25088K), 0.0003300 secs] [Times: user=0.00 sys=0.00, real=0.00 secs] 
74.556: Total time for which application threads were stopped: 0.0631820 seconds, Stopping threads took: 0.0627920 seconds
74.557: Application time: 0.0005390 seconds
74.557: [GC [PSYoungGen: 6979K->1006K(7680K)] 13831K->13758K(25088K), 0.0019030 secs] [Times: user=0.02 sys=0.00, real=0.00 secs] 
74.559: [Full GC [PSYoungGen: 1006K->0K(7680K)] [ParOldGen: 12751K->8023K(17408K)] 13758K->8023K(25088K) [PSPermGen: 5108K->5108K(21504K)], 0.0051080 secs] [Times: user=0.02 sys=0.00, real=0.01 secs] 
74.564: Total time for which application threads were stopped: 0.0073660 seconds, Stopping threads took: 0.0002320 seconds
74.644: Application time: 0.0796340 seconds
74.706: [GC [PSYoungGen: 6344K->1005K(7680K)] 14368K->9419K(25088K), 0.0008700 secs] [Times: user=0.00 sys=0.00, real=0.00 secs] 
74.707: Total time for which application threads were stopped: 0.0631800 seconds, Stopping threads took: 0.0622220 seconds
74.708: Application time: 0.0009320 seconds
74.752: [GC [PSYoungGen: 7565K->1005K(7680K)] 15979K->14204K(25088K), 0.0017940 secs] [Times: user=0.01 sys=0.01, real=0.00 secs] 
74.753: [Full GC [PSYoungGen: 1005K->0K(7680K)] [ParOldGen: 13199K->6851K(17408K)] 14204K->6851K(25088K) [PSPermGen: 5108K->5108K(21504K)], 0.0051410 secs] [Times: user=0.02 sys=0.00, real=0.00 secs] 
74.759: Total time for which application threads were stopped: 0.0505010 seconds, Stopping threads took: 0.0434150 seconds
74.835: Application time: 0.0766720 seconds
74.880: [GC [PSYoungGen: 6656K->907K(7680K)] 13507K->8540K(25088K), 0.0008230 secs] [Times: user=0.00 sys=0.00, real=0.00 secs] 
74.880: Total time for which application threads were stopped: 0.0451750 seconds, Stopping threads took: 0.0442810 seconds
74.881: Application time: 0.0010190 seconds
74.935: [GC [PSYoungGen: 7563K->1005K(7680K)] 15196K->12748K(25088K), 0.0016650 secs] [Times: user=0.02 sys=0.00, real=0.00 secs] 
74.937: [Full GC [PSYoungGen: 1005K->0K(7680K)] [ParOldGen: 11742K->6168K(17408K)] 12748K->6168K(25088K) [PSPermGen: 5108K->5108K(21504K)], 0.0046740 secs] [Times: user=0.02 sys=0.00, real=0.01 secs] 
74.942: Total time for which application threads were stopped: 0.0604480 seconds, Stopping threads took: 0.0539730 seconds
75.019: Application time: 0.0771920 seconds
75.027: [GC [PSYoungGen: 6656K->1005K(7680K)] 12824K->9322K(25088K), 0.0010690 secs] [Times: user=0.01 sys=0.00, real=0.00 secs] 
75.029: Total time for which application threads were stopped: 0.0097360 seconds, Stopping threads took: 0.0081320 seconds
75.112: Application time: 0.0829140 seconds
75.125: [GC [PSYoungGen: 7546K->646K(7680K)] 15862K->9353K(25088K), 0.0005310 secs] [Times: user=0.00 sys=0.00, real=0.00 secs] 
75.126: Total time for which application threads were stopped: 0.0140680 seconds, Stopping threads took: 0.0134690 seconds
75.127: Application time: 0.0007890 seconds
75.177: [GC [PSYoungGen: 7206K->1006K(7680K)] 15914K->15141K(25088K), 0.0019720 secs] [Times: user=0.02 sys=0.00, real=0.00 secs] 
75.179: [Full GC [PSYoungGen: 1006K->0K(7680K)] [ParOldGen: 14134K->7535K(17408K)] 15141K->7535K(25088K) [PSPermGen: 5108K->5108K(21504K)], 0.0051110 secs] [Times: user=0.02 sys=0.00, real=0.01 secs] 
75.184: Total time for which application threads were stopped: 0.0577760 seconds, Stopping threads took: 0.0505340 seconds
75.264: Application time: 0.0794410 seconds
75.328: [GC [PSYoungGen: 6656K->192K(7680K)] 14191K->7727K(25088K), 0.0004370 secs] [Times: user=0.00 sys=0.00, real=0.00 secs] 
75.329: Total time for which application threads were stopped: 0.0648200 seconds, Stopping threads took: 0.0642900 seconds
75.330: Application time: 0.0009120 seconds
75.330: [GC [PSYoungGen: 6752K->1008K(7680K)] 14287K->14166K(25088K), 0.0019850 secs] [Times: user=0.01 sys=0.00, real=0.00 secs] 
75.332: [Full GC [PSYoungGen: 1008K->0K(7680K)] [ParOldGen: 13158K->7828K(17408K)] 14166K->7828K(25088K) [PSPermGen: 5108K->5108K(21504K)], 0.0049750 secs] [Times: user=0.02 sys=0.00, real=0.00 secs] 
75.337: Total time for which application threads were stopped: 0.0072800 seconds, Stopping threads took: 0.0001910 seconds
75.417: Application time: 0.0801420 seconds
75.477: [GC [PSYoungGen: 6559K->419K(7680K)] 14387K->8247K(25088K), 0.0005890 secs] [Times: user=0.00 sys=0.00, real=0.00 secs] 
75.478: Total time for which application threads were stopped: 0.0609540 seconds, Stopping threads took: 0.0602980 seconds
75.479: Application time: 0.0008350 seconds
75.523: [GC [PSYoungGen: 7057K->1005K(7680K)] 14885K->13732K(25088K), 0.0017730 secs] [Times: user=0.01 sys=0.00, real=0.00 secs] 
75.524: [Full GC [PSYoungGen: 1005K->0K(7680K)] [ParOldGen: 12727K->6949K(17408K)] 13732K->6949K(25088K) [PSPermGen: 5108K->5108K(21504K)], 0.0050010 secs] [Times: user=0.02 sys=0.00, real=0.01 secs] 
75.529: Total time for which application threads were stopped: 0.0505900 seconds, Stopping threads took: 0.0436950 seconds
75.616: Application time: 0.0870690 seconds
75.679: [GC [PSYoungGen: 6559K->907K(7680K)] 13509K->8638K(25088K), 0.0006780 secs] [Times: user=0.01 sys=0.00, real=0.00 secs] 
75.680: Total time for which application threads were stopped: 0.0636040 seconds, Stopping threads took: 0.0628260 seconds
75.681: Application time: 0.0010570 seconds
75.738: [GC [PSYoungGen: 7563K->1005K(7680K)] 15294K->12837K(25088K), 0.0019170 secs] [Times: user=0.01 sys=0.00, real=0.00 secs] 
75.740: [Full GC [PSYoungGen: 1005K->0K(7680K)] [ParOldGen: 11832K->6168K(17408K)] 12837K->6168K(25088K) [PSPermGen: 5108K->5108K(21504K)], 0.0051520 secs] [Times: user=0.02 sys=0.00, real=0.01 secs] 
75.745: Total time for which application threads were stopped: 0.0640170 seconds, Stopping threads took: 0.0567870 seconds
75.823: Application time: 0.0782190 seconds
75.866: [GC [PSYoungGen: 6638K->1005K(7680K)] 12806K->8150K(25088K), 0.0008820 secs] [Times: user=0.01 sys=0.00, real=0.00 secs] 
75.867: Total time for which application threads were stopped: 0.0433030 seconds, Stopping threads took: 0.0423520 seconds
75.874: Application time: 0.0071360 seconds
75.938: [GC [PSYoungGen: 7643K->646K(7680K)] 14788K->8182K(25088K), 0.0006570 secs] [Times: user=0.00 sys=0.00, real=0.00 secs] 
75.939: Total time for which application threads were stopped: 0.0647640 seconds, Stopping threads took: 0.0640260 seconds
75.939: Application time: 0.0007930 seconds
75.983: [GC [PSYoungGen: 7285K->1005K(7680K)] 14820K->14098K(25088K), 0.0019200 secs] [Times: user=0.01 sys=0.01, real=0.00 secs] 
75.985: [Full GC [PSYoungGen: 1005K->0K(7680K)] [ParOldGen: 13092K->7535K(17408K)] 14098K->7535K(25088K) [PSPermGen: 5108K->5108K(21504K)], 0.0053150 secs] [Times: user=0.03 sys=0.00, real=0.01 secs] 
75.990: Total time for which application threads were stopped: 0.0510470 seconds, Stopping threads took: 0.0436760 seconds
76.090: Application time: 0.1000170 seconds
76.153: [GC [PSYoungGen: 6656K->192K(7680K)] 14191K->7727K(25088K), 0.0003720 secs] [Times: user=0.00 sys=0.00, real=0.00 secs] 
76.153: Total time for which application threads were stopped: 0.0629580 seconds, Stopping threads took: 0.0625160 seconds
76.154: Application time: 0.0008190 seconds
76.154: [GC [PSYoungGen: 6811K->1005K(7680K)] 14346K->14233K(25088K), 0.0017830 secs] [Times: user=0.02 sys=0.00, real=0.00 secs] 
76.156: [Full GC [PSYoungGen: 1005K->0K(7680K)] [ParOldGen: 13228K->7730K(17408K)] 14233K->7730K(25088K) [PSPermGen: 5108K->5108K(21504K)], 0.0051730 secs] [Times: user=0.02 sys=0.00, real=0.01 secs] 
76.161: Total time for which application threads were stopped: 0.0071640 seconds, Stopping threads took: 0.0000860 seconds
76.240: Application time: 0.0791000 seconds
76.302: [GC [PSYoungGen: 6462K->256K(7680K)] 14193K->7986K(25088K), 0.0004030 secs] [Times: user=0.00 sys=0.00, real=0.00 secs] 
76.302: Total time for which application threads were stopped: 0.0616650 seconds, Stopping threads took: 0.0611830 seconds
76.303: Application time: 0.0008070 seconds
76.303: [GC [PSYoungGen: 6894K->1005K(7680K)] 14625K->14530K(25088K), 0.0018570 secs] [Times: user=0.01 sys=0.00, real=0.00 secs] 
76.305: [Full GC [PSYoungGen: 1005K->0K(7680K)] [ParOldGen: 13525K->7828K(17408K)] 14530K->7828K(25088K) [PSPermGen: 5108K->5108K(21504K)], 0.0053270 secs] [Times: user=0.03 sys=0.00, real=0.01 secs] 
76.310: Total time for which application threads were stopped: 0.0074150 seconds, Stopping threads took: 0.0001000 seconds
76.388: Application time: 0.0776040 seconds
76.443: [GC [PSYoungGen: 6559K->355K(7680K)] 14388K->8184K(25088K), 0.0004010 secs] [Times: user=0.00 sys=0.00, real=0.00 secs] 
76.444: Total time for which application threads were stopped: 0.0558350 seconds, Stopping threads took: 0.0553720 seconds
76.445: Application time: 0.0008770 seconds
76.497: [GC [PSYoungGen: 7010K->1005K(7680K)] 14839K->13822K(25088K), 0.0019000 secs] [Times: user=0.01 sys=0.00, real=0.00 secs] 
76.499: [Full GC [PSYoungGen: 1005K->0K(7680K)] [ParOldGen: 12817K->7047K(17408K)] 13822K->7047K(25088K) [PSPermGen: 5108K->5108K(21504K)], 0.0049550 secs] [Times: user=0.02 sys=0.00, real=0.01 secs] 
76.504: Total time for which application threads were stopped: 0.0593660 seconds, Stopping threads took: 0.0523890 seconds
76.580: Application time: 0.0759810 seconds
76.637: [GC [PSYoungGen: 6462K->614K(7680K)] 13509K->7662K(25088K), 0.0004430 secs] [Times: user=0.00 sys=0.00, real=0.00 secs] 
76.637: Total time for which application threads were stopped: 0.0574280 seconds, Stopping threads took: 0.0569120 seconds
76.638: Application time: 0.0009650 seconds
76.682: [GC [PSYoungGen: 7253K->1005K(7680K)] 14300K->13139K(25088K), 0.0017390 secs] [Times: user=0.01 sys=0.00, real=0.00 secs] 
76.684: [Full GC [PSYoungGen: 1005K->0K(7680K)] [ParOldGen: 12134K->7145K(17408K)] 13139K->7145K(25088K) [PSPermGen: 5108K->5108K(21504K)], 0.0052930 secs] [Times: user=0.02 sys=0.00, real=0.01 secs] 
76.689: Total time for which application threads were stopped: 0.0508320 seconds, Stopping threads took: 0.0436670 seconds
76.763: Application time: 0.0741180 seconds
76.809: [GC [PSYoungGen: 6462K->1005K(7680K)] 13607K->8939K(25088K), 0.0006660 secs] [Times: user=0.00 sys=0.00, real=0.01 secs] 
76.809: Total time for which application threads were stopped: 0.0458220 seconds, Stopping threads took: 0.0450730 seconds
76.814: Application time: 0.0046410 seconds
76.881: [GC [PSYoungGen: 7467K->1005K(7680K)] 15402K->9721K(25088K), 0.0006950 secs] [Times: user=0.01 sys=0.00, real=0.01 secs] 
76.882: [Full GC [PSYoungGen: 1005K->0K(7680K)] [ParOldGen: 8715K->2848K(17408K)] 9721K->2848K(25088K) [PSPermGen: 5108K->5108K(21504K)], 0.0040830 secs] [Times: user=0.01 sys=0.00, real=0.00 secs] 
76.886: Total time for which application threads were stopped: 0.0720710 seconds, Stopping threads took: 0.0671730 seconds
76.887: Application time: 0.0015080 seconds
76.940: [GC [PSYoungGen: 6560K->1005K(7680K)] 9408K->9037K(25088K), 0.0020440 secs] [Times: user=0.01 sys=0.00, real=0.01 secs] 
76.942: Total time for which application threads were stopped: 0.0549420 seconds, Stopping threads took: 0.0528160 seconds
77.021: Application time: 0.0790720 seconds
77.067: [GC [PSYoungGen: 7272K->646K(7680K)] 15304K->8679K(25088K), 0.0003590 secs] [Times: user=0.00 sys=0.00, real=0.00 secs] 
77.067: Total time for which application threads were stopped: 0.0456180 seconds, Stopping threads took: 0.0451950 seconds
77.068: Application time: 0.0007220 seconds
77.068: [GC [PSYoungGen: 7285K->1005K(7680K)] 15317K->15198K(25088K), 0.0021490 secs] [Times: user=0.02 sys=0.00, real=0.01 secs] 
77.070: [Full GC [PSYoungGen: 1005K->0K(7680K)] [ParOldGen: 14193K->8219K(17408K)] 15198K->8219K(25088K) [PSPermGen: 5108K->5108K(21504K)], 0.0051790 secs] [Times: user=0.02 sys=0.00, real=0.00 secs] 
77.075: Total time for which application threads were stopped: 0.0076250 seconds, Stopping threads took: 0.0001680 seconds
77.156: Application time: 0.0802960 seconds
77.217: [GC [PSYoungGen: 6364K->614K(7680K)] 14583K->8834K(25088K), 0.0003920 secs] [Times: user=0.00 sys=0.00, real=0.00 secs] 
77.218: [Full GC [PSYoungGen: 614K->0K(7680K)] [ParOldGen: 8219K->1957K(17408K)] 8834K->1957K(25088K) [PSPermGen: 5108K->5108K(21504K)], 0.0039220 secs] [Times: user=0.01 sys=0.00, real=0.01 secs] 
77.222: Total time for which application threads were stopped: 0.0659020 seconds, Stopping threads took: 0.0614800 seconds
77.223: Application time: 0.0011680 seconds
77.267: [GC [PSYoungGen: 6560K->1005K(7680K)] 8517K->8048K(25088K), 0.0018590 secs] [Times: user=0.01 sys=0.00, real=0.00 secs] 
77.268: Total time for which application threads were stopped: 0.0456490 seconds, Stopping threads took: 0.0437100 seconds
77.343: Application time: 0.0746240 seconds
77.389: [GC [PSYoungGen: 7467K->1005K(7680K)] 14511K->8838K(25088K), 0.0006960 secs] [Times: user=0.01 sys=0.00, real=0.01 secs] 
77.390: Total time for which application threads were stopped: 0.0465550 seconds, Stopping threads took: 0.0457810 seconds
77.391: Application time: 0.0010600 seconds
77.433: [GC [PSYoungGen: 7565K->939K(7680K)] 15398K->14046K(25088K), 0.0018140 secs] [Times: user=0.02 sys=0.00, real=0.00 secs] 
77.435: [Full GC [PSYoungGen: 939K->0K(7680K)] [ParOldGen: 13106K->7243K(17408K)] 14046K->7243K(25088K) [PSPermGen: 5108K->5108K(21504K)], 0.0049600 secs] [Times: user=0.02 sys=0.00, real=0.00 secs] 
77.440: Total time for which application threads were stopped: 0.0495890 seconds, Stopping threads took: 0.0426920 seconds
77.519: Application time: 0.0785080 seconds
77.562: [GC [PSYoungGen: 6638K->841K(7680K)] 13881K->9257K(25088K), 0.0009430 secs] [Times: user=0.00 sys=0.00, real=0.00 secs] 
77.563: [Full GC [PSYoungGen: 841K->0K(7680K)] [ParOldGen: 8415K->3043K(17408K)] 9257K->3043K(25088K) [PSPermGen: 5108K->5108K(21504K)], 0.0041170 secs] [Times: user=0.02 sys=0.00, real=0.00 secs] 
77.567: Total time for which application threads were stopped: 0.0486650 seconds, Stopping threads took: 0.0434900 seconds
77.569: Application time: 0.0013920 seconds
77.638: [GC [PSYoungGen: 6560K->907K(7680K)] 9603K->7272K(25088K), 0.0013990 secs] [Times: user=0.01 sys=0.01, real=0.00 secs] 
77.639: Total time for which application threads were stopped: 0.0701840 seconds, Stopping threads took: 0.0686990 seconds
77.711: Application time: 0.0724160 seconds
77.756: [GC [PSYoungGen: 7448K->1005K(7680K)] 13812K->7369K(25088K), 0.0006560 secs] [Times: user=0.00 sys=0.00, real=0.00 secs] 
77.757: Total time for which application threads were stopped: 0.0456640 seconds, Stopping threads took: 0.0449180 seconds
77.758: Application time: 0.0009610 seconds
77.802: [GC [PSYoungGen: 7643K->1005K(7680K)] 14008K->12898K(25088K), 0.0019940 secs] [Times: user=0.01 sys=0.00, real=0.00 secs] 
77.804: [Full GC [PSYoungGen: 1005K->0K(7680K)] [ParOldGen: 11893K->7536K(17408K)] 12898K->7536K(25088K) [PSPermGen: 5108K->5108K(21504K)], 0.0051990 secs] [Times: user=0.02 sys=0.01, real=0.00 secs] 
77.809: Total time for which application threads were stopped: 0.0510140 seconds, Stopping threads took: 0.0436760 seconds
77.900: Application time: 0.0912970 seconds
77.965: [GC [PSYoungGen: 6656K->256K(7680K)] 14192K->7792K(25088K), 0.0004180 secs] [Times: user=0.00 sys=0.00, real=0.00 secs] 
77.966: Total time for which application threads were stopped: 0.0651630 seconds, Stopping threads took: 0.0646700 seconds
77.966: Application time: 0.0008050 seconds
77.967: [GC [PSYoungGen: 6796K->1005K(7680K)] 14332K->14213K(25088K), 0.0018130 secs] [Times: user=0.01 sys=0.00, real=0.00 secs] 
77.968: [Full GC [PSYoungGen: 1005K->0K(7680K)] [ParOldGen: 13208K->7731K(17408K)] 14213K->7731K(25088K) [PSPermGen: 5108K->5108K(21504K)], 0.0052120 secs] [Times: user=0.02 sys=0.00, real=0.01 secs] 
77.974: Total time for which application threads were stopped: 0.0072700 seconds, Stopping threads took: 0.0001200 seconds
78.052: Application time: 0.0786140 seconds
78.114: [GC [PSYoungGen: 6656K->419K(7680K)] 14387K->8150K(25088K), 0.0008650 secs] [Times: user=0.00 sys=0.00, real=0.00 secs] 
78.115: Total time for which application threads were stopped: 0.0623510 seconds, Stopping threads took: 0.0614140 seconds
78.115: Application time: 0.0007500 seconds
78.116: [GC [PSYoungGen: 6979K->1008K(7680K)] 14710K->14558K(25088K), 0.0019280 secs] [Times: user=0.01 sys=0.00, real=0.00 secs] 
78.117: [Full GC [PSYoungGen: 1008K->0K(7680K)] [ParOldGen: 13549K->8024K(17408K)] 14558K->8024K(25088K) [PSPermGen: 5108K->5108K(21504K)], 0.0050640 secs] [Times: user=0.02 sys=0.00, real=0.01 secs] 
78.123: Total time for which application threads were stopped: 0.0072330 seconds, Stopping threads took: 0.0001160 seconds
78.202: Application time: 0.0789260 seconds
78.264: [GC [PSYoungGen: 6637K->646K(7680K)] 14662K->8671K(25088K), 0.0004770 secs] [Times: user=0.00 sys=0.00, real=0.00 secs] 
78.264: Total time for which application threads were stopped: 0.0626440 seconds, Stopping threads took: 0.0620980 seconds
78.265: Application time: 0.0007700 seconds
78.265: [GC [PSYoungGen: 7284K->1006K(7680K)] 15309K->15154K(25088K), 0.0020230 secs] [Times: user=0.01 sys=0.01, real=0.00 secs] 
78.267: [Full GC [PSYoungGen: 1006K->0K(7680K)] [ParOldGen: 14147K->8219K(17408K)] 15154K->8219K(25088K) [PSPermGen: 5108K->5108K(21504K)], 0.0053020 secs] [Times: user=0.02 sys=0.00, real=0.01 secs] 
78.273: Total time for which application threads were stopped: 0.0076250 seconds, Stopping threads took: 0.0001700 seconds
78.352: Application time: 0.0796290 seconds
78.414: [GC [PSYoungGen: 6559K->841K(7680K)] 14779K->9061K(25088K), 0.0004510 secs] [Times: user=0.00 sys=0.00, real=0.00 secs] 
78.414: [Full GC [PSYoungGen: 841K->0K(7680K)] [ParOldGen: 8219K->1872K(17408K)] 9061K->1872K(25088K) [PSPermGen: 5108K->5108K(21504K)], 0.0042280 secs] [Times: user=0.01 sys=0.00, real=0.00 secs] 
78.419: Total time for which application threads were stopped: 0.0663150 seconds, Stopping threads took: 0.0615160 seconds
78.420: Application time: 0.0011470 seconds
78.463: [GC [PSYoungGen: 6560K->1005K(7680K)] 8432K->7085K(25088K), 0.0016580 secs] [Times: user=0.01 sys=0.00, real=0.00 secs] 
78.465: Total time for which application threads were stopped: 0.0455210 seconds, Stopping threads took: 0.0437770 seconds
78.551: Application time: 0.0856300 seconds
78.606: [GC [PSYoungGen: 7565K->1005K(7680K)] 13645K->7085K(25088K), 0.0006110 secs] [Times: user=0.00 sys=0.00, real=0.00 secs] 
78.606: Total time for which application threads were stopped: 0.0554570 seconds, Stopping threads took: 0.0547590 seconds
78.607: Application time: 0.0010650 seconds
78.651: [GC [PSYoungGen: 7643K->1006K(7680K)] 13723K->12514K(25088K), 0.0021550 secs] [Times: user=0.02 sys=0.00, real=0.00 secs] 
78.653: [Full GC [PSYoungGen: 1006K->0K(7680K)] [ParOldGen: 11507K->7536K(17408K)] 12514K->7536K(25088K) [PSPermGen: 5108K->5108K(21504K)], 0.0049830 secs] [Times: user=0.02 sys=0.00, real=0.00 secs] 
78.658: Total time for which application threads were stopped: 0.0506760 seconds, Stopping threads took: 0.0434030 seconds
78.733: Application time: 0.0751550 seconds
78.779: [GC [PSYoungGen: 6638K->907K(7680K)] 14174K->9811K(25088K), 0.0010230 secs] [Times: user=0.01 sys=0.00, real=0.00 secs] 
78.780: [Full GC [PSYoungGen: 907K->0K(7680K)] [ParOldGen: 8903K->3337K(17408K)] 9811K->3337K(25088K) [PSPermGen: 5108K->5108K(21504K)], 0.0042330 secs] [Times: user=0.01 sys=0.00, real=0.01 secs] 
78.785: Total time for which application threads were stopped: 0.0513860 seconds, Stopping threads took: 0.0459910 seconds
78.863: Application time: 0.0782290 seconds
78.878: [GC [PSYoungGen: 6560K->192K(7680K)] 9897K->3529K(25088K), 0.0003770 secs] [Times: user=0.00 sys=0.00, real=0.00 secs] 
78.878: Total time for which application threads were stopped: 0.0153810 seconds, Stopping threads took: 0.0149410 seconds
78.879: Application time: 0.0006610 seconds
78.879: [GC [PSYoungGen: 6732K->1006K(7680K)] 10070K->9967K(25088K), 0.0018330 secs] [Times: user=0.01 sys=0.01, real=0.00 secs] 
78.881: [Full GC [PSYoungGen: 1006K->0K(7680K)] [ParOldGen: 8960K->7731K(17408K)] 9967K->7731K(25088K) [PSPermGen: 5108K->5108K(21504K)], 0.0050200 secs] [Times: user=0.02 sys=0.00, real=0.01 secs] 
78.886: Total time for which application threads were stopped: 0.0071950 seconds, Stopping threads took: 0.0002150 seconds
78.963: Application time: 0.0773390 seconds
79.005: [GC [PSYoungGen: 6559K->841K(7680K)] 14291K->9159K(25088K), 0.0006150 secs] [Times: user=0.00 sys=0.00, real=0.00 secs] 
79.006: [Full GC [PSYoungGen: 841K->0K(7680K)] [ParOldGen: 8317K->2458K(17408K)] 9159K->2458K(25088K) [PSPermGen: 5108K->5108K(21504K)], 0.0041210 secs] [Times: user=0.01 sys=0.00, real=0.01 secs] 
79.010: Total time for which application threads were stopped: 0.0462940 seconds, Stopping threads took: 0.0414410 seconds
79.011: Application time: 0.0013250 seconds
79.064: [GC [PSYoungGen: 6462K->1005K(7680K)] 8920K->8159K(25088K), 0.0017860 secs] [Times: user=0.01 sys=0.00, real=0.00 secs] 
79.066: Total time for which application threads were stopped: 0.0549240 seconds, Stopping threads took: 0.0530590 seconds
79.142: Application time: 0.0756670 seconds
79.186: [GC [PSYoungGen: 7565K->451K(7680K)] 14719K->7605K(25088K), 0.0003980 secs] [Times: user=0.00 sys=0.00, real=0.00 secs] 
79.186: Total time for which application threads were stopped: 0.0443950 seconds, Stopping threads took: 0.0439210 seconds
79.187: Application time: 0.0006640 seconds
79.187: [GC [PSYoungGen: 7011K->1006K(7680K)] 14165K->14045K(25088K), 0.0018990 secs] [Times: user=0.01 sys=0.00, real=0.00 secs] 
79.189: [Full GC [PSYoungGen: 1006K->0K(7680K)] [ParOldGen: 13038K->8024K(17408K)] 14045K->8024K(25088K) [PSPermGen: 5108K->5108K(21504K)], 0.0052310 secs] [Times: user=0.02 sys=0.00, real=0.01 secs] 
79.194: Total time for which application threads were stopped: 0.0074460 seconds, Stopping threads took: 0.0001900 seconds
79.271: Application time: 0.0764360 seconds
79.334: [GC [PSYoungGen: 6559K->614K(7680K)] 14584K->8639K(25088K), 0.0004860 secs] [Times: user=0.00 sys=0.00, real=0.00 secs] 
79.334: [Full GC [PSYoungGen: 614K->0K(7680K)] [ParOldGen: 8024K->1677K(17408K)] 8639K->1677K(25088K) [PSPermGen: 5108K->5108K(21504K)], 0.0039490 secs] [Times: user=0.01 sys=0.00, real=0.00 secs] 
79.338: Total time for which application threads were stopped: 0.0676520 seconds, Stopping threads took: 0.0631080 seconds
79.340: Application time: 0.0013270 seconds
79.383: [GC [PSYoungGen: 6462K->1006K(7680K)] 8139K->7599K(25088K), 0.0017490 secs] [Times: user=0.02 sys=0.00, real=0.00 secs] 
79.385: Total time for which application threads were stopped: 0.0450450 seconds, Stopping threads took: 0.0432230 seconds
79.458: Application time: 0.0738720 seconds
79.504: [GC [PSYoungGen: 7469K->939K(7680K)] 14061K->8313K(25088K), 0.0006220 secs] [Times: user=0.01 sys=0.00, real=0.00 secs] 
79.505: Total time for which application threads were stopped: 0.0460440 seconds, Stopping threads took: 0.0453480 seconds
79.506: Application time: 0.0010590 seconds
79.559: [GC [PSYoungGen: 7595K->1005K(7680K)] 14969K->12488K(25088K), 0.0016550 secs] [Times: user=0.01 sys=0.00, real=0.00 secs] 
79.561: [Full GC [PSYoungGen: 1005K->0K(7680K)] [ParOldGen: 11483K->6169K(17408K)] 12488K->6169K(25088K) [PSPermGen: 5108K->5108K(21504K)], 0.0048360 secs] [Times: user=0.02 sys=0.00, real=0.01 secs] 
79.566: Total time for which application threads were stopped: 0.0602700 seconds, Stopping threads took: 0.0536460 seconds
79.653: Application time: 0.0872640 seconds
79.710: [GC [PSYoungGen: 6267K->582K(7680K)] 12436K->6752K(25088K), 0.0004620 secs] [Times: user=0.00 sys=0.00, real=0.00 secs] 
79.711: Total time for which application threads were stopped: 0.0576090 seconds, Stopping threads took: 0.0570750 seconds
79.712: Application time: 0.0008710 seconds
79.762: [GC [PSYoungGen: 7221K->1005K(7680K)] 13390K->12261K(25088K), 0.0018500 secs] [Times: user=0.01 sys=0.00, real=0.00 secs] 
79.764: [Full GC [PSYoungGen: 1005K->0K(7680K)] [ParOldGen: 11255K->7145K(17408K)] 12261K->7145K(25088K) [PSPermGen: 5108K->5108K(21504K)], 0.0051320 secs] [Times: user=0.03 sys=0.00, real=0.01 secs] 
79.769: Total time for which application threads were stopped: 0.0578400 seconds, Stopping threads took: 0.0507350 seconds
79.845: Application time: 0.0758460 seconds
79.891: [GC [PSYoungGen: 6540K->1005K(7680K)] 13686K->8932K(25088K), 0.0007070 secs] [Times: user=0.00 sys=0.00, real=0.00 secs] 
79.892: Total time for which application threads were stopped: 0.0467480 seconds, Stopping threads took: 0.0459690 seconds
79.893: Application time: 0.0010440 seconds
79.937: [GC [PSYoungGen: 7565K->939K(7680K)] 15492K->14140K(25088K), 0.0019220 secs] [Times: user=0.02 sys=0.00, real=0.00 secs] 
79.939: [Full GC [PSYoungGen: 939K->0K(7680K)] [ParOldGen: 13200K->7243K(17408K)] 14140K->7243K(25088K) [PSPermGen: 5108K->5108K(21504K)], 0.0049740 secs] [Times: user=0.02 sys=0.00, real=0.01 secs] 
79.944: Total time for which application threads were stopped: 0.0506750 seconds, Stopping threads took: 0.0436510 seconds
80.018: Application time: 0.0737470 seconds
80.063: [GC [PSYoungGen: 6656K->646K(7680K)] 13899K->8281K(25088K), 0.0005170 secs] [Times: user=0.00 sys=0.00, real=0.00 secs] 
80.064: Total time for which application threads were stopped: 0.0468900 seconds, Stopping threads took: 0.0452760 seconds
80.065: Application time: 0.0010580 seconds
80.109: [GC [PSYoungGen: 7246K->1005K(7680K)] 14880K->12516K(25088K), 0.0014790 secs] [Times: user=0.01 sys=0.00, real=0.01 secs] 
80.111: [Full GC [PSYoungGen: 1005K->0K(7680K)] [ParOldGen: 11511K->6267K(17408K)] 12516K->6267K(25088K) [PSPermGen: 5108K->5108K(21504K)], 0.0050130 secs] [Times: user=0.02 sys=0.00, real=0.00 secs] 
80.116: Total time for which application threads were stopped: 0.0502050 seconds, Stopping threads took: 0.0435810 seconds
80.201: Application time: 0.0856450 seconds
80.248: [GC [PSYoungGen: 6559K->973K(7680K)] 12827K->7240K(25088K), 0.0005020 secs] [Times: user=0.01 sys=0.00, real=0.00 secs] 
80.248: Total time for which application threads were stopped: 0.0470880 seconds, Stopping threads took: 0.0465070 seconds
80.249: Application time: 0.0009790 seconds
80.293: [GC [PSYoungGen: 7611K->1005K(7680K)] 13879K->12749K(25088K), 0.0020260 secs] [Times: user=0.01 sys=0.00, real=0.00 secs] 
80.295: [Full GC [PSYoungGen: 1005K->0K(7680K)] [ParOldGen: 11744K->7537K(17408K)] 12749K->7537K(25088K) [PSPermGen: 5108K->5108K(21504K)], 0.0049640 secs] [Times: user=0.02 sys=0.00, real=0.00 secs] 
80.300: Total time for which application threads were stopped: 0.0504010 seconds, Stopping threads took: 0.0432840 seconds
80.386: Application time: 0.0860520 seconds
80.452: [GC [PSYoungGen: 6656K->160K(7680K)] 14193K->7697K(25088K), 0.0003830 secs] [Times: user=0.00 sys=0.00, real=0.00 secs] 
80.453: Total time for which application threads were stopped: 0.0667920 seconds, Stopping threads took: 0.0663290 seconds
80.454: Application time: 0.0008690 seconds
80.454: [GC [PSYoungGen: 6798K->1005K(7680K)] 14335K->14312K(25088K), 0.0018650 secs] [Times: user=0.01 sys=0.00, real=0.00 secs] 
80.456: [Full GC [PSYoungGen: 1005K->0K(7680K)] [ParOldGen: 13307K->7830K(17408K)] 14312K->7830K(25088K) [PSPermGen: 5108K->5108K(21504K)], 0.0052730 secs] [Times: user=0.02 sys=0.00, real=0.00 secs] 
80.461: Total time for which application threads were stopped: 0.0074640 seconds, Stopping threads took: 0.0002040 seconds
80.538: Application time: 0.0765940 seconds
80.601: [GC [PSYoungGen: 6637K->451K(7680K)] 14467K->8281K(25088K), 0.0003660 secs] [Times: user=0.00 sys=0.00, real=0.00 secs] 
80.602: Total time for which application threads were stopped: 0.0641110 seconds, Stopping threads took: 0.0636770 seconds
80.603: Application time: 0.0009120 seconds
80.603: [GC [PSYoungGen: 7011K->1006K(7680K)] 14841K->14752K(25088K), 0.0020130 secs] [Times: user=0.01 sys=0.00, real=0.00 secs] 
80.605: [Full GC [PSYoungGen: 1006K->0K(7680K)] [ParOldGen: 13745K->8025K(17408K)] 14752K->8025K(25088K) [PSPermGen: 5108K->5108K(21504K)], 0.0050220 secs] [Times: user=0.02 sys=0.00, real=0.01 secs] 
80.610: Total time for which application threads were stopped: 0.0073240 seconds, Stopping threads took: 0.0001580 seconds
80.687: Application time: 0.0772830 seconds
80.740: [GC [PSYoungGen: 6559K->614K(7680K)] 14585K->8639K(25088K), 0.0006980 secs] [Times: user=0.00 sys=0.00, real=0.00 secs] 
80.740: [Full GC [PSYoungGen: 614K->0K(7680K)] [ParOldGen: 8025K->1677K(17408K)] 8639K->1677K(25088K) [PSPermGen: 5108K->5108K(21504K)], 0.0039240 secs] [Times: user=0.01 sys=0.00, real=0.01 secs] 
80.744: Total time for which application threads were stopped: 0.0569710 seconds, Stopping threads took: 0.0522320 seconds
80.745: Application time: 0.0012090 seconds
80.788: [GC [PSYoungGen: 6462K->1006K(7680K)] 8140K->7600K(25088K), 0.0018210 secs] [Times: user=0.01 sys=0.00, real=0.01 secs] 
80.790: Total time for which application threads were stopped: 0.0446370 seconds, Stopping threads took: 0.0427300 seconds
80.864: Application time: 0.0738400 seconds
80.909: [GC [PSYoungGen: 7566K->973K(7680K)] 14159K->8347K(25088K), 0.0006650 secs] [Times: user=0.00 sys=0.00, real=0.01 secs] 
80.909: Total time for which application threads were stopped: 0.0454680 seconds, Stopping threads took: 0.0447370 seconds
80.910: Application time: 0.0010940 seconds
80.954: [GC [PSYoungGen: 7533K->1005K(7680K)] 14907K->13563K(25088K), 0.0020870 secs] [Times: user=0.01 sys=0.00, real=0.00 secs] 
80.956: [Full GC [PSYoungGen: 1005K->0K(7680K)] [ParOldGen: 12558K->7244K(17408K)] 13563K->7244K(25088K) [PSPermGen: 5108K->5108K(21504K)], 0.0050040 secs] [Times: user=0.03 sys=0.00, real=0.01 secs] 
80.961: Total time for which application threads were stopped: 0.0508800 seconds, Stopping threads took: 0.0436400 seconds
81.036: Application time: 0.0741770 seconds
81.082: [GC [PSYoungGen: 6656K->973K(7680K)] 13900K->8217K(25088K), 0.0005940 secs] [Times: user=0.00 sys=0.00, real=0.00 secs] 
81.082: Total time for which application threads were stopped: 0.0467600 seconds, Stopping threads took: 0.0460750 seconds
81.083: Application time: 0.0009600 seconds
81.127: [GC [PSYoungGen: 7533K->1005K(7680K)] 14777K->13726K(25088K), 0.0019840 secs] [Times: user=0.01 sys=0.00, real=0.00 secs] 
81.129: [Full GC [PSYoungGen: 1005K->0K(7680K)] [ParOldGen: 12721K->7537K(17408K)] 13726K->7537K(25088K) [PSPermGen: 5108K->5108K(21504K)], 0.0051860 secs] [Times: user=0.02 sys=0.00, real=0.01 secs] 
81.134: Total time for which application threads were stopped: 0.0509470 seconds, Stopping threads took: 0.0436270 seconds
81.230: Application time: 0.0953400 seconds
81.291: [GC [PSYoungGen: 6656K->224K(7680K)] 14193K->7761K(25088K), 0.0003940 secs] [Times: user=0.00 sys=0.00, real=0.00 secs] 
81.292: Total time for which application threads were stopped: 0.0622340 seconds, Stopping threads took: 0.0617610 seconds
81.292: Application time: 0.0007220 seconds
81.293: [GC [PSYoungGen: 6784K->1006K(7680K)] 14321K->14240K(25088K), 0.0018020 secs] [Times: user=0.01 sys=0.00, real=0.00 secs] 
81.295: [Full GC [PSYoungGen: 1006K->0K(7680K)] [ParOldGen: 13233K->7829K(17408K)] 14240K->7829K(25088K) [PSPermGen: 5108K->5108K(21504K)], 0.0052260 secs] [Times: user=0.02 sys=0.00, real=0.00 secs] 
81.300: Total time for which application threads were stopped: 0.0073700 seconds, Stopping threads took: 0.0002180 seconds
81.377: Application time: 0.0775610 seconds
81.441: [GC [PSYoungGen: 6637K->451K(7680K)] 14467K->8281K(25088K), 0.0004680 secs] [Times: user=0.00 sys=0.00, real=0.01 secs] 
81.442: [Full GC [PSYoungGen: 451K->0K(7680K)] [ParOldGen: 7829K->1482K(17408K)] 8281K->1482K(25088K) [PSPermGen: 5108K->5108K(21504K)], 0.0040350 secs] [Times: user=0.02 sys=0.00, real=0.00 secs] 
81.446: Total time for which application threads were stopped: 0.0681510 seconds, Stopping threads took: 0.0635360 seconds
81.447: Application time: 0.0011420 seconds
81.447: [GC [PSYoungGen: 6560K->1008K(7680K)] 8042K->8114K(25088K), 0.0019670 secs] [Times: user=0.02 sys=0.00, real=0.00 secs] 
81.449: Total time for which application threads were stopped: 0.0021850 seconds, Stopping threads took: 0.0001400 seconds
81.524: Application time: 0.0754540 seconds
81.589: [GC [PSYoungGen: 7568K->907K(7680K)] 14673K->8794K(25088K), 0.0008810 secs] [Times: user=0.00 sys=0.00, real=0.01 secs] 
81.590: [Full GC [PSYoungGen: 907K->0K(7680K)] [ParOldGen: 7886K->2752K(17408K)] 8794K->2752K(25088K) [PSPermGen: 5108K->5108K(21504K)], 0.0040770 secs] [Times: user=0.02 sys=0.00, real=0.00 secs] 
81.594: Total time for which application threads were stopped: 0.0697610 seconds, Stopping threads took: 0.0646810 seconds
81.596: Application time: 0.0014020 seconds
81.656: [GC [PSYoungGen: 6638K->907K(7680K)] 9390K->7761K(25088K), 0.0016330 secs] [Times: user=0.01 sys=0.00, real=0.00 secs] 
81.658: Total time for which application threads were stopped: 0.0624010 seconds, Stopping threads took: 0.0606910 seconds
81.731: Application time: 0.0733730 seconds
81.776: [GC [PSYoungGen: 7467K->939K(7680K)] 14321K->8770K(25088K), 0.0007440 secs] [Times: user=0.00 sys=0.00, real=0.00 secs] 
81.777: Total time for which application threads were stopped: 0.0456930 seconds, Stopping threads took: 0.0448830 seconds
81.778: Application time: 0.0009850 seconds
81.845: [GC [PSYoungGen: 7595K->939K(7680K)] 15426K->12090K(25088K), 0.0014290 secs] [Times: user=0.01 sys=0.00, real=0.00 secs] 
81.846: [Full GC [PSYoungGen: 939K->0K(7680K)] [ParOldGen: 11151K->5291K(17408K)] 12090K->5291K(25088K) [PSPermGen: 5108K->5108K(21504K)], 0.0047210 secs] [Times: user=0.02 sys=0.01, real=0.01 secs] 
81.851: Total time for which application threads were stopped: 0.0730810 seconds, Stopping threads took: 0.0667960 seconds
81.923: Application time: 0.0719700 seconds
81.927: [GC [PSYoungGen: 6599K->1021K(7680K)] 11890K->7297K(25088K), 0.0007720 secs] [Times: user=0.01 sys=0.00, real=0.00 secs] 
81.928: Total time for which application threads were stopped: 0.0044900 seconds, Stopping threads took: 0.0036470 seconds
81.929: Application time: 0.0010540 seconds
81.998: [GC [PSYoungGen: 7581K->841K(7680K)] 13857K->9461K(25088K), 0.0011660 secs] [Times: user=0.00 sys=0.00, real=0.00 secs] 
82.000: Total time for which application threads were stopped: 0.0709330 seconds, Stopping threads took: 0.0696920 seconds
82.076: Application time: 0.0768290 seconds
82.083: [GC [PSYoungGen: 7382K->646K(7680K)] 16002K->9657K(25088K), 0.0005350 secs] [Times: user=0.00 sys=0.00, real=0.00 secs] 
82.083: Total time for which application threads were stopped: 0.0071080 seconds, Stopping threads took: 0.0064850 seconds
82.084: Application time: 0.0008490 seconds
82.126: [GC [PSYoungGen: 7206K->1005K(7680K)] 16217K->15601K(25088K), 0.0019510 secs] [Times: user=0.01 sys=0.00, real=0.00 secs] 
82.128: [Full GC [PSYoungGen: 1005K->0K(7680K)] [ParOldGen: 14595K->7537K(17408K)] 15601K->7537K(25088K) [PSPermGen: 5108K->5108K(21504K)], 0.0052160 secs] [Times: user=0.01 sys=0.00, real=0.01 secs] 
82.133: Total time for which application threads were stopped: 0.0490370 seconds, Stopping threads took: 0.0417480 seconds
82.210: Application time: 0.0765140 seconds
82.256: [GC [PSYoungGen: 6559K->907K(7680K)] 14097K->9812K(25088K), 0.0008390 secs] [Times: user=0.01 sys=0.01, real=0.00 secs] 
82.257: Total time for which application threads were stopped: 0.0471800 seconds, Stopping threads took: 0.0462710 seconds
82.335: Application time: 0.0778870 seconds
82.354: [GC [PSYoungGen: 7467K->192K(7680K)] 16372K->9096K(25088K), 0.0003830 secs] [Times: user=0.00 sys=0.00, real=0.00 secs] 
82.355: Total time for which application threads were stopped: 0.0197380 seconds, Stopping threads took: 0.0192860 seconds
82.355: Application time: 0.0007220 seconds
82.356: [GC [PSYoungGen: 6830K->1008K(7680K)] 15735K->15560K(25088K), 0.0018350 secs] [Times: user=0.02 sys=0.00, real=0.00 secs] 
82.357: [Full GC [PSYoungGen: 1008K->0K(7680K)] [ParOldGen: 14551K->7830K(17408K)] 15560K->7830K(25088K) [PSPermGen: 5108K->5108K(21504K)], 0.0051910 secs] [Times: user=0.02 sys=0.00, real=0.01 secs] 
82.363: Total time for which application threads were stopped: 0.0072830 seconds, Stopping threads took: 0.0001300 seconds
82.442: Application time: 0.0797240 seconds
82.503: [GC [PSYoungGen: 6559K->387K(7680K)] 14390K->8217K(25088K), 0.0004160 secs] [Times: user=0.00 sys=0.00, real=0.00 secs] 
82.504: Total time for which application threads were stopped: 0.0611460 seconds, Stopping threads took: 0.0606680 seconds
82.504: Application time: 0.0007700 seconds
82.546: [GC [PSYoungGen: 7025K->1005K(7680K)] 14856K->13726K(25088K), 0.0017280 secs] [Times: user=0.01 sys=0.00, real=0.00 secs] 
82.548: [Full GC [PSYoungGen: 1005K->0K(7680K)] [ParOldGen: 12721K->6951K(17408K)] 13726K->6951K(25088K) [PSPermGen: 5108K->5108K(21504K)], 0.0049370 secs] [Times: user=0.02 sys=0.00, real=0.01 secs] 
82.553: Total time for which application threads were stopped: 0.0486480 seconds, Stopping threads took: 0.0418550 seconds
82.635: Application time: 0.0823900 seconds
82.688: [GC [PSYoungGen: 6559K->907K(7680K)] 13511K->8640K(25088K), 0.0006370 secs] [Times: user=0.00 sys=0.00, real=0.00 secs] 
82.689: Total time for which application threads were stopped: 0.0531870 seconds, Stopping threads took: 0.0524840 seconds
82.690: Application time: 0.0010950 seconds
82.745: [GC [PSYoungGen: 7563K->939K(7680K)] 15296K->13946K(25088K), 0.0020250 secs] [Times: user=0.01 sys=0.00, real=0.00 secs] 
82.747: [Full GC [PSYoungGen: 939K->0K(7680K)] [ParOldGen: 13006K->7244K(17408K)] 13946K->7244K(25088K) [PSPermGen: 5108K->5108K(21504K)], 0.0049350 secs] [Times: user=0.02 sys=0.00, real=0.01 secs] 
82.752: Total time for which application threads were stopped: 0.0621750 seconds, Stopping threads took: 0.0550880 seconds
82.840: Application time: 0.0876710 seconds
82.898: [GC [PSYoungGen: 6267K->614K(7680K)] 13511K->7859K(25088K), 0.0004690 secs] [Times: user=0.01 sys=0.00, real=0.00 secs] 
82.899: Total time for which application threads were stopped: 0.0592260 seconds, Stopping threads took: 0.0586780 seconds
82.900: Application time: 0.0009140 seconds
82.943: [GC [PSYoungGen: 7174K->1005K(7680K)] 14419K->13336K(25088K), 0.0017140 secs] [Times: user=0.01 sys=0.00, real=0.00 secs] 
82.945: [Full GC [PSYoungGen: 1005K->0K(7680K)] [ParOldGen: 12331K->7146K(17408K)] 13336K->7146K(25088K) [PSPermGen: 5108K->5108K(21504K)], 0.0050260 secs] [Times: user=0.02 sys=0.00, real=0.01 secs] 
82.950: Total time for which application threads were stopped: 0.0504100 seconds, Stopping threads took: 0.0435390 seconds
83.029: Application time: 0.0793480 seconds
83.084: [GC [PSYoungGen: 6364K->550K(7680K)] 13511K->7697K(25088K), 0.0004080 secs] [Times: user=0.00 sys=0.00, real=0.00 secs] 
83.084: Total time for which application threads were stopped: 0.0548080 seconds, Stopping threads took: 0.0543340 seconds
83.085: Application time: 0.0008330 seconds
83.129: [GC [PSYoungGen: 7110K->1005K(7680K)] 14257K->13238K(25088K), 0.0019080 secs] [Times: user=0.01 sys=0.00, real=0.01 secs] 
83.131: [Full GC [PSYoungGen: 1005K->0K(7680K)] [ParOldGen: 12233K->7146K(17408K)] 13238K->7146K(25088K) [PSPermGen: 5108K->5108K(21504K)], 0.0052680 secs] [Times: user=0.03 sys=0.00, real=0.00 secs] 
83.136: Total time for which application threads were stopped: 0.0510370 seconds, Stopping threads took: 0.0437110 seconds
83.225: Application time: 0.0887490 seconds
83.282: [GC [PSYoungGen: 6364K->614K(7680K)] 13511K->7761K(25088K), 0.0005240 secs] [Times: user=0.01 sys=0.00, real=0.00 secs] 
83.283: Total time for which application threads were stopped: 0.0580530 seconds, Stopping threads took: 0.0574590 seconds
83.284: Application time: 0.0009250 seconds
83.328: [GC [PSYoungGen: 7077K->939K(7680K)] 14224K->13165K(25088K), 0.0019450 secs] [Times: user=0.01 sys=0.00, real=0.01 secs] 
83.330: [Full GC [PSYoungGen: 939K->0K(7680K)] [ParOldGen: 12225K->7049K(17408K)] 13165K->7049K(25088K) [PSPermGen: 5108K->5108K(21504K)], 0.0051330 secs] [Times: user=0.02 sys=0.00, real=0.00 secs] 
83.335: Total time for which application threads were stopped: 0.0508640 seconds, Stopping threads took: 0.0436600 seconds
83.431: Application time: 0.0959290 seconds
83.486: [GC [PSYoungGen: 6618K->646K(7680K)] 13667K->7695K(25088K), 0.0003840 secs] [Times: user=0.00 sys=0.00, real=0.00 secs] 
83.486: Total time for which application threads were stopped: 0.0554290 seconds, Stopping threads took: 0.0549710 seconds
83.487: Application time: 0.0007080 seconds
83.487: [GC [PSYoungGen: 7206K->1006K(7680K)] 14256K->14183K(25088K), 0.0019730 secs] [Times: user=0.02 sys=0.00, real=0.00 secs] 
83.489: [Full GC [PSYoungGen: 1006K->0K(7680K)] [ParOldGen: 13176K->8221K(17408K)] 14183K->8221K(25088K) [PSPermGen: 5108K->5108K(21504K)], 0.0053540 secs] [Times: user=0.02 sys=0.00, real=0.01 secs] 
83.494: Total time for which application threads were stopped: 0.0076590 seconds, Stopping threads took: 0.0002090 seconds
83.573: Application time: 0.0781710 seconds
83.636: [GC [PSYoungGen: 6559K->777K(7680K)] 14781K->8999K(25088K), 0.0005100 secs] [Times: user=0.00 sys=0.00, real=0.00 secs] 
83.636: [Full GC [PSYoungGen: 777K->0K(7680K)] [ParOldGen: 8221K->1873K(17408K)] 8999K->1873K(25088K) [PSPermGen: 5108K->5108K(21504K)], 0.0040170 secs] [Times: user=0.02 sys=0.00, real=0.00 secs] 
83.640: Total time for which application threads were stopped: 0.0676990 seconds, Stopping threads took: 0.0630580 seconds
83.642: Application time: 0.0012240 seconds
83.642: [GC [PSYoungGen: 6655K->1006K(7680K)] 8529K->8674K(25088K), 0.0020140 secs] [Times: user=0.01 sys=0.00, real=0.00 secs] 
83.644: [Full GC [PSYoungGen: 1006K->0K(7680K)] [ParOldGen: 7667K->8514K(17408K)] 8674K->8514K(25088K) [PSPermGen: 5108K->5108K(21504K)], 0.0048900 secs] [Times: user=0.02 sys=0.00, real=0.00 secs] 
83.649: Total time for which application threads were stopped: 0.0071160 seconds, Stopping threads took: 0.0000830 seconds
83.727: Application time: 0.0784220 seconds
83.789: [GC [PSYoungGen: 6423K->841K(7680K)] 14937K->9356K(25088K), 0.0004430 secs] [Times: user=0.01 sys=0.00, real=0.01 secs] 
83.790: [Full GC [PSYoungGen: 841K->0K(7680K)] [ParOldGen: 8514K->1873K(17408K)] 9356K->1873K(25088K) [PSPermGen: 5108K->5108K(21504K)], 0.0039060 secs] [Times: user=0.01 sys=0.00, real=0.00 secs] 
83.793: Total time for which application threads were stopped: 0.0663900 seconds, Stopping threads took: 0.0619180 seconds
83.795: Application time: 0.0011030 seconds
83.845: [GC [PSYoungGen: 6638K->1006K(7680K)] 8512K->7917K(25088K), 0.0018550 secs] [Times: user=0.01 sys=0.00, real=0.00 secs] 
83.847: Total time for which application threads were stopped: 0.0520490 seconds, Stopping threads took: 0.0501110 seconds
83.936: Application time: 0.0888710 seconds
84.003: [GC [PSYoungGen: 7644K->646K(7680K)] 14555K->7948K(25088K), 0.0005930 secs] [Times: user=0.01 sys=0.00, real=0.00 secs] 
84.003: Total time for which application threads were stopped: 0.0679320 seconds, Stopping threads took: 0.0672570 seconds
84.004: Application time: 0.0009660 seconds
84.046: [GC [PSYoungGen: 7206K->1005K(7680K)] 14508K->13807K(25088K), 0.0018300 secs] [Times: user=0.01 sys=0.00, real=0.00 secs] 
84.048: [Full GC [PSYoungGen: 1005K->0K(7680K)] [ParOldGen: 12802K->7538K(17408K)] 13807K->7538K(25088K) [PSPermGen: 5108K->5108K(21504K)], 0.0051220 secs] [Times: user=0.02 sys=0.00, real=0.01 secs] 
84.053: Total time for which application threads were stopped: 0.0484010 seconds, Stopping threads took: 0.0413340 seconds
84.140: Application time: 0.0872960 seconds
84.191: [GC [PSYoungGen: 6559K->1005K(7680K)] 14097K->8738K(25088K), 0.0005320 secs] [Times: user=0.00 sys=0.00, real=0.00 secs] 
84.192: Total time for which application threads were stopped: 0.0517500 seconds, Stopping threads took: 0.0511470 seconds
84.193: Application time: 0.0009230 seconds
84.236: [GC [PSYoungGen: 7546K->1005K(7680K)] 15279K->14313K(25088K), 0.0020500 secs] [Times: user=0.02 sys=0.00, real=0.00 secs] 
84.238: [Full GC [PSYoungGen: 1005K->0K(7680K)] [ParOldGen: 13308K->7635K(17408K)] 14313K->7635K(25088K) [PSPermGen: 5108K->5108K(21504K)], 0.0050120 secs] [Times: user=0.02 sys=0.00, real=0.01 secs] 
84.243: Total time for which application threads were stopped: 0.0506100 seconds, Stopping threads took: 0.0434170 seconds
84.321: Application time: 0.0779090 seconds
84.375: [GC [PSYoungGen: 6559K->907K(7680K)] 14195K->8934K(25088K), 0.0005660 secs] [Times: user=0.01 sys=0.00, real=0.00 secs] 
84.376: [Full GC [PSYoungGen: 907K->0K(7680K)] [ParOldGen: 8026K->2362K(17408K)] 8934K->2362K(25088K) [PSPermGen: 5108K->5108K(21504K)], 0.0038630 secs] [Times: user=0.01 sys=0.00, real=0.00 secs] 
84.380: Total time for which application threads were stopped: 0.0582670 seconds, Stopping threads took: 0.0537220 seconds
84.381: Application time: 0.0011570 seconds
84.433: [GC [PSYoungGen: 6638K->1005K(7680K)] 9000K->8087K(25088K), 0.0018090 secs] [Times: user=0.01 sys=0.01, real=0.00 secs] 
84.435: Total time for which application threads were stopped: 0.0542370 seconds, Stopping threads took: 0.0523490 seconds
84.510: Application time: 0.0747470 seconds
84.555: [GC [PSYoungGen: 7565K->419K(7680K)] 14647K->7501K(25088K), 0.0003660 secs] [Times: user=0.00 sys=0.00, real=0.00 secs] 
84.555: Total time for which application threads were stopped: 0.0452650 seconds, Stopping threads took: 0.0448190 seconds
84.556: Application time: 0.0007990 seconds
84.556: [GC [PSYoungGen: 6979K->1006K(7680K)] 14061K->13981K(25088K), 0.0020310 secs] [Times: user=0.01 sys=0.00, real=0.00 secs] 
84.558: [Full GC [PSYoungGen: 1006K->0K(7680K)] [ParOldGen: 12974K->8026K(17408K)] 13981K->8026K(25088K) [PSPermGen: 5108K->5108K(21504K)], 0.0051780 secs] [Times: user=0.02 sys=0.00, real=0.01 secs] 
84.563: Total time for which application threads were stopped: 0.0074850 seconds, Stopping threads took: 0.0001510 seconds
84.643: Application time: 0.0793080 seconds
84.704: [GC [PSYoungGen: 6559K->582K(7680K)] 14586K->8609K(25088K), 0.0006980 secs] [Times: user=0.00 sys=0.00, real=0.00 secs] 
84.705: [Full GC [PSYoungGen: 582K->0K(7680K)] [ParOldGen: 8026K->1679K(17408K)] 8609K->1679K(25088K) [PSPermGen: 5108K->5108K(21504K)], 0.0040720 secs] [Times: user=0.02 sys=0.00, real=0.00 secs] 
84.709: Total time for which application threads were stopped: 0.0662970 seconds, Stopping threads took: 0.0614130 seconds
84.710: Application time: 0.0012740 seconds
84.710: [GC [PSYoungGen: 6560K->1008K(7680K)] 8239K->8310K(25088K), 0.0018740 secs] [Times: user=0.01 sys=0.00, real=0.00 secs] 
84.712: [Full GC [PSYoungGen: 1008K->0K(7680K)] [ParOldGen: 7301K->8221K(17408K)] 8310K->8221K(25088K) [PSPermGen: 5108K->5108K(21504K)], 0.0045980 secs] [Times: user=0.02 sys=0.00, real=0.00 secs] 
84.717: Total time for which application threads were stopped: 0.0066690 seconds, Stopping threads took: 0.0000740 seconds
84.798: Application time: 0.0813370 seconds
84.858: [GC [PSYoungGen: 6364K->614K(7680K)] 14586K->8836K(25088K), 0.0004040 secs] [Times: user=0.01 sys=0.00, real=0.00 secs] 
84.859: [Full GC [PSYoungGen: 614K->0K(7680K)] [ParOldGen: 8221K->1928K(17408K)] 8836K->1928K(25088K) [PSPermGen: 5108K->5108K(21504K)], 0.0037540 secs] [Times: user=0.01 sys=0.00, real=0.01 secs] 
84.863: Total time for which application threads were stopped: 0.0644000 seconds, Stopping threads took: 0.0601320 seconds
84.864: Application time: 0.0010600 seconds
84.864: [GC [PSYoungGen: 6540K->1006K(7680K)] 8469K->8558K(25088K), 0.0019910 secs] [Times: user=0.01 sys=0.00, real=0.00 secs] 
84.866: [Full GC [PSYoungGen: 1006K->0K(7680K)] [ParOldGen: 7551K->8124K(17408K)] 8558K->8124K(25088K) [PSPermGen: 5108K->5108K(21504K)], 0.0046320 secs] [Times: user=0.02 sys=0.00, real=0.01 secs] 
84.871: Total time for which application threads were stopped: 0.0069330 seconds, Stopping threads took: 0.0001780 seconds
84.947: Application time: 0.0768520 seconds
85.011: [GC [PSYoungGen: 6462K->646K(7680K)] 14586K->8770K(25088K), 0.0005280 secs] [Times: user=0.00 sys=0.00, real=0.00 secs] 
85.012: [Full GC [PSYoungGen: 646K->0K(7680K)] [ParOldGen: 8124K->1679K(17408K)] 8770K->1679K(25088K) [PSPermGen: 5108K->5108K(21504K)], 0.0037670 secs] [Times: user=0.01 sys=0.00, real=0.00 secs] 
85.016: Total time for which application threads were stopped: 0.0682640 seconds, Stopping threads took: 0.0638560 seconds
85.017: Application time: 0.0012250 seconds
85.061: [GC [PSYoungGen: 6560K->1005K(7680K)] 8239K->7770K(25088K), 0.0018830 secs] [Times: user=0.01 sys=0.00, real=0.01 secs] 
85.063: Total time for which application threads were stopped: 0.0456310 seconds, Stopping threads took: 0.0436490 seconds
85.136: Application time: 0.0737050 seconds
85.182: [GC [PSYoungGen: 7369K->582K(7680K)] 14135K->7348K(25088K), 0.0004130 secs] [Times: user=0.00 sys=0.00, real=0.00 secs] 
85.182: Total time for which application threads were stopped: 0.0456630 seconds, Stopping threads took: 0.0451860 seconds
85.183: Application time: 0.0007350 seconds
85.183: [GC [PSYoungGen: 7045K->1006K(7680K)] 13810K->13753K(25088K), 0.0019900 secs] [Times: user=0.01 sys=0.00, real=0.00 secs] 
85.185: [Full GC [PSYoungGen: 1006K->0K(7680K)] [ParOldGen: 12746K->8124K(17408K)] 13753K->8124K(25088K) [PSPermGen: 5108K->5108K(21504K)], 0.0052380 secs] [Times: user=0.03 sys=0.00, real=0.01 secs] 
85.190: Total time for which application threads were stopped: 0.0075300 seconds, Stopping threads took: 0.0001800 seconds
85.275: Application time: 0.0849990 seconds
85.330: [GC [PSYoungGen: 6637K->841K(7680K)] 14762K->9942K(25088K), 0.0007930 secs] [Times: user=0.00 sys=0.00, real=0.00 secs] 
85.331: [Full GC [PSYoungGen: 841K->0K(7680K)] [ParOldGen: 9100K->2851K(17408K)] 9942K->2851K(25088K) [PSPermGen: 5108K->5108K(21504K)], 0.0039170 secs] [Times: user=0.02 sys=0.00, real=0.00 secs] 
85.335: Total time for which application threads were stopped: 0.0593130 seconds, Stopping threads took: 0.0544810 seconds
85.336: Application time: 0.0013490 seconds
85.405: [GC [PSYoungGen: 6560K->939K(7680K)] 9411K->6915K(25088K), 0.0015720 secs] [Times: user=0.01 sys=0.00, real=0.00 secs] 
85.407: Total time for which application threads were stopped: 0.0711430 seconds, Stopping threads took: 0.0694950 seconds
85.489: Application time: 0.0820990 seconds
85.543: [GC [PSYoungGen: 7595K->973K(7680K)] 13571K->6949K(25088K), 0.0006260 secs] [Times: user=0.00 sys=0.00, real=0.00 secs] 
85.543: Total time for which application threads were stopped: 0.0541060 seconds, Stopping threads took: 0.0533850 seconds
85.544: Application time: 0.0009420 seconds
85.588: [GC [PSYoungGen: 7611K->1006K(7680K)] 13587K->11336K(25088K), 0.0018660 secs] [Times: user=0.02 sys=0.00, real=0.01 secs] 
85.590: [Full GC [PSYoungGen: 1006K->0K(7680K)] [ParOldGen: 10329K->6464K(17408K)] 11336K->6464K(25088K) [PSPermGen: 5108K->5108K(21504K)], 0.0050220 secs] [Times: user=0.02 sys=0.00, real=0.00 secs] 
85.595: Total time for which application threads were stopped: 0.0508520 seconds, Stopping threads took: 0.0438260 seconds
85.667: Application time: 0.0721220 seconds
85.714: [GC [PSYoungGen: 6559K->875K(7680K)] 13024K->8707K(25088K), 0.0008200 secs] [Times: user=0.01 sys=0.00, real=0.00 secs] 
85.714: Total time for which application threads were stopped: 0.0473400 seconds, Stopping threads took: 0.0464280 seconds
85.716: Application time: 0.0014470 seconds
85.785: [GC [PSYoungGen: 7494K->939K(7680K)] 15326K->10138K(25088K), 0.0009720 secs] [Times: user=0.01 sys=0.00, real=0.00 secs] 
85.786: [Full GC [PSYoungGen: 939K->0K(7680K)] [ParOldGen: 9198K->3339K(17408K)] 10138K->3339K(25088K) [PSPermGen: 5108K->5108K(21504K)], 0.0042640 secs] [Times: user=0.01 sys=0.00, real=0.01 secs] 
85.791: Total time for which application threads were stopped: 0.0746410 seconds, Stopping threads took: 0.0692830 seconds
85.869: Application time: 0.0782310 seconds
85.883: [GC [PSYoungGen: 6560K->256K(7680K)] 9899K->3595K(25088K), 0.0003400 secs] [Times: user=0.00 sys=0.00, real=0.00 secs] 
85.884: Total time for which application threads were stopped: 0.0149540 seconds, Stopping threads took: 0.0145500 seconds
85.884: Application time: 0.0007130 seconds
85.885: [GC [PSYoungGen: 6796K->1006K(7680K)] 10136K->9945K(25088K), 0.0019220 secs] [Times: user=0.02 sys=0.00, real=0.00 secs] 
85.887: [Full GC [PSYoungGen: 1006K->0K(7680K)] [ParOldGen: 8938K->7733K(17408K)] 9945K->7733K(25088K) [PSPermGen: 5108K->5108K(21504K)], 0.0047660 secs] [Times: user=0.02 sys=0.00, real=0.01 secs] 
85.891: Total time for which application threads were stopped: 0.0069970 seconds, Stopping threads took: 0.0001800 seconds
85.967: Application time: 0.0755620 seconds
86.031: [GC [PSYoungGen: 6656K->323K(7680K)] 14389K->8057K(25088K), 0.0004950 secs] [Times: user=0.01 sys=0.00, real=0.00 secs] 
86.031: Total time for which application threads were stopped: 0.0640150 seconds, Stopping threads took: 0.0634280 seconds
86.032: Application time: 0.0007860 seconds
86.076: [GC [PSYoungGen: 6881K->1005K(7680K)] 14615K->13630K(25088K), 0.0017120 secs] [Times: user=0.01 sys=0.00, real=0.00 secs] 
86.077: [Full GC [PSYoungGen: 1005K->0K(7680K)] [ParOldGen: 12625K->6952K(17408K)] 13630K->6952K(25088K) [PSPermGen: 5108K->5108K(21504K)], 0.0052770 secs] [Times: user=0.02 sys=0.00, real=0.01 secs] 
86.083: Total time for which application threads were stopped: 0.0507330 seconds, Stopping threads took: 0.0436160 seconds
86.170: Application time: 0.0876180 seconds
86.224: [GC [PSYoungGen: 6559K->614K(7680K)] 13512K->7567K(25088K), 0.0007050 secs] [Times: user=0.00 sys=0.00, real=0.00 secs] 
86.225: Total time for which application threads were stopped: 0.0547140 seconds, Stopping threads took: 0.0539140 seconds
86.226: Application time: 0.0009170 seconds
86.270: [GC [PSYoungGen: 7233K->1006K(7680K)] 14186K->12926K(25088K), 0.0019120 secs] [Times: user=0.01 sys=0.00, real=0.00 secs] 
86.272: [Full GC [PSYoungGen: 1006K->0K(7680K)] [ParOldGen: 11919K->7050K(17408K)] 12926K->7050K(25088K) [PSPermGen: 5108K->5108K(21504K)], 0.0048950 secs] [Times: user=0.02 sys=0.00, real=0.00 secs] 
86.277: Total time for which application threads were stopped: 0.0508290 seconds, Stopping threads took: 0.0438950 seconds
86.351: Application time: 0.0745050 seconds
86.395: [GC [PSYoungGen: 6462K->614K(7680K)] 13512K->7665K(25088K), 0.0004390 secs] [Times: user=0.00 sys=0.00, real=0.00 secs] 
86.396: Total time for which application threads were stopped: 0.0444180 seconds, Stopping threads took: 0.0439100 seconds
86.396: Application time: 0.0008640 seconds
86.440: [GC [PSYoungGen: 7077K->1005K(7680K)] 14127K->13044K(25088K), 0.0018040 secs] [Times: user=0.02 sys=0.00, real=0.01 secs] 
86.442: [Full GC [PSYoungGen: 1005K->0K(7680K)] [ParOldGen: 12039K->7050K(17408K)] 13044K->7050K(25088K) [PSPermGen: 5108K->5108K(21504K)], 0.0048660 secs] [Times: user=0.02 sys=0.00, real=0.00 secs] 
86.447: Total time for which application threads were stopped: 0.0506320 seconds, Stopping threads took: 0.0438350 seconds
86.525: Application time: 0.0774580 seconds
86.567: [GC [PSYoungGen: 6462K->582K(7680K)] 13512K->7633K(25088K), 0.0005450 secs] [Times: user=0.00 sys=0.00, real=0.00 secs] 
86.568: Total time for which application threads were stopped: 0.0432770 seconds, Stopping threads took: 0.0426630 seconds
86.569: Application time: 0.0008530 seconds
86.624: [GC [PSYoungGen: 7045K->1006K(7680K)] 14095K->12972K(25088K), 0.0018930 secs] [Times: user=0.01 sys=0.00, real=0.00 secs] 
86.625: [Full GC [PSYoungGen: 1006K->0K(7680K)] [ParOldGen: 11965K->7050K(17408K)] 12972K->7050K(25088K) [PSPermGen: 5108K->5108K(21504K)], 0.0048470 secs] [Times: user=0.02 sys=0.00, real=0.01 secs] 
86.630: Total time for which application threads were stopped: 0.0616910 seconds, Stopping threads took: 0.0548160 seconds
86.704: Application time: 0.0738210 seconds
86.750: [GC [PSYoungGen: 6462K->582K(7680K)] 13512K->7633K(25088K), 0.0003860 secs] [Times: user=0.01 sys=0.00, real=0.00 secs] 
86.751: Total time for which application threads were stopped: 0.0465820 seconds, Stopping threads took: 0.0461210 seconds
86.752: Application time: 0.0008330 seconds
86.806: [GC [PSYoungGen: 7221K->1005K(7680K)] 14271K->13142K(25088K), 0.0017420 secs] [Times: user=0.01 sys=0.00, real=0.00 secs] 
86.808: [Full GC [PSYoungGen: 1005K->0K(7680K)] [ParOldGen: 12136K->7148K(17408K)] 13142K->7148K(25088K) [PSPermGen: 5108K->5108K(21504K)], 0.0050650 secs] [Times: user=0.03 sys=0.00, real=0.01 secs] 
86.813: Total time for which application threads were stopped: 0.0612750 seconds, Stopping threads took: 0.0543470 seconds
86.886: Application time: 0.0727660 seconds
86.931: [GC [PSYoungGen: 6364K->614K(7680K)] 13512K->7762K(25088K), 0.0004510 secs] [Times: user=0.00 sys=0.00, real=0.00 secs] 
86.932: Total time for which application threads were stopped: 0.0460980 seconds, Stopping threads took: 0.0455820 seconds
86.933: Application time: 0.0007750 seconds
86.984: [GC [PSYoungGen: 7270K->1005K(7680K)] 14418K->12263K(25088K), 0.0015780 secs] [Times: user=0.01 sys=0.00, real=0.00 secs] 
86.986: [Full GC [PSYoungGen: 1005K->0K(7680K)] [ParOldGen: 11258K->6171K(17408K)] 12263K->6171K(25088K) [PSPermGen: 5108K->5108K(21504K)], 0.0048540 secs] [Times: user=0.02 sys=0.00, real=0.01 secs] 
86.991: Total time for which application threads were stopped: 0.0582120 seconds, Stopping threads took: 0.0516610 seconds
87.082: Application time: 0.0911650 seconds
87.125: [GC [PSYoungGen: 6656K->1005K(7680K)] 12827K->7177K(25088K), 0.0005520 secs] [Times: user=0.01 sys=0.00, real=0.00 secs] 
87.125: Total time for which application threads were stopped: 0.0431510 seconds, Stopping threads took: 0.0425340 seconds
87.126: Application time: 0.0009960 seconds
87.170: [GC [PSYoungGen: 7643K->1005K(7680K)] 13815K->12654K(25088K), 0.0020580 secs] [Times: user=0.01 sys=0.01, real=0.00 secs] 
87.172: [Full GC [PSYoungGen: 1005K->0K(7680K)] [ParOldGen: 11648K->7538K(17408K)] 12654K->7538K(25088K) [PSPermGen: 5108K->5108K(21504K)], 0.0049380 secs] [Times: user=0.02 sys=0.00, real=0.00 secs] 
87.177: Total time for which application threads were stopped: 0.0506410 seconds, Stopping threads took: 0.0434940 seconds
87.251: Application time: 0.0740610 seconds
87.296: [GC [PSYoungGen: 6559K->939K(7680K)] 14098K->9845K(25088K), 0.0008740 secs] [Times: user=0.00 sys=0.00, real=0.00 secs] 
87.297: [Full GC [PSYoungGen: 939K->0K(7680K)] [ParOldGen: 8906K->3339K(17408K)] 9845K->3339K(25088K) [PSPermGen: 5108K->5108K(21504K)], 0.0042270 secs] [Times: user=0.02 sys=0.00, real=0.01 secs] 
87.301: Total time for which application threads were stopped: 0.0505490 seconds, Stopping threads took: 0.0453220 seconds
87.380: Application time: 0.0791000 seconds
87.392: [GC [PSYoungGen: 6560K->224K(7680K)] 9900K->3563K(25088K), 0.0004000 secs] [Times: user=0.00 sys=0.00, real=0.00 secs] 
87.392: Total time for which application threads were stopped: 0.0114870 seconds, Stopping threads took: 0.0110250 seconds
87.393: Application time: 0.0007380 seconds
87.443: [GC [PSYoungGen: 6860K->1005K(7680K)] 10200K->9041K(25088K), 0.0017960 secs] [Times: user=0.01 sys=0.00, real=0.00 secs] 
87.444: Total time for which application threads were stopped: 0.0517140 seconds, Stopping threads took: 0.0498270 seconds
87.517: Application time: 0.0724090 seconds
87.562: [GC [PSYoungGen: 7545K->939K(7680K)] 15581K->10538K(25088K), 0.0010400 secs] [Times: user=0.00 sys=0.00, real=0.00 secs] 
87.563: [Full GC [PSYoungGen: 939K->0K(7680K)] [ParOldGen: 9598K->3535K(17408K)] 10538K->3535K(25088K) [PSPermGen: 5108K->5108K(21504K)], 0.0044500 secs] [Times: user=0.02 sys=0.00, real=0.00 secs] 
87.568: Total time for which application threads were stopped: 0.0509440 seconds, Stopping threads took: 0.0453180 seconds
87.647: Application time: 0.0788510 seconds
87.659: [GC [PSYoungGen: 6521K->256K(7680K)] 10056K->3791K(25088K), 0.0004510 secs] [Times: user=0.00 sys=0.00, real=0.00 secs] 
87.659: Total time for which application threads were stopped: 0.0126440 seconds, Stopping threads took: 0.0121320 seconds
87.660: Application time: 0.0006820 seconds
87.660: [GC [PSYoungGen: 6816K->1008K(7680K)] 10351K->10198K(25088K), 0.0019950 secs] [Times: user=0.02 sys=0.00, real=0.01 secs] 
87.662: [Full GC [PSYoungGen: 1008K->0K(7680K)] [ParOldGen: 9190K->7832K(17408K)] 10198K->7832K(25088K) [PSPermGen: 5108K->5108K(21504K)], 0.0047690 secs] [Times: user=0.02 sys=0.00, real=0.00 secs] 
87.667: Total time for which application threads were stopped: 0.0070420 seconds, Stopping threads took: 0.0001500 seconds
87.743: Application time: 0.0759690 seconds
87.807: [GC [PSYoungGen: 6559K->387K(7680K)] 14391K->8219K(25088K), 0.0007070 secs] [Times: user=0.00 sys=0.00, real=0.00 secs] 
87.807: Total time for which application threads were stopped: 0.0644950 seconds, Stopping threads took: 0.0636900 seconds
87.808: Application time: 0.0007770 seconds
87.809: [GC [PSYoungGen: 6947K->1006K(7680K)] 14779K->14730K(25088K), 0.0023820 secs] [Times: user=0.01 sys=0.00, real=0.01 secs] 
87.811: [Full GC [PSYoungGen: 1006K->0K(7680K)] [ParOldGen: 13723K->8027K(17408K)] 14730K->8027K(25088K) [PSPermGen: 5108K->5108K(21504K)], 0.0051540 secs] [Times: user=0.02 sys=0.00, real=0.00 secs] 
87.816: Total time for which application threads were stopped: 0.0079250 seconds, Stopping threads took: 0.0002640 seconds
87.893: Application time: 0.0766970 seconds
87.959: [GC [PSYoungGen: 6637K->614K(7680K)] 14665K->8642K(25088K), 0.0004940 secs] [Times: user=0.00 sys=0.00, real=0.00 secs] 
87.959: Total time for which application threads were stopped: 0.0664830 seconds, Stopping threads took: 0.0659030 seconds
87.960: Application time: 0.0009020 seconds
88.003: [GC [PSYoungGen: 7155K->1006K(7680K)] 15182K->14001K(25088K), 0.0018020 secs] [Times: user=0.01 sys=0.00, real=0.00 secs] 
88.005: [Full GC [PSYoungGen: 1006K->0K(7680K)] [ParOldGen: 12994K->7051K(17408K)] 14001K->7051K(25088K) [PSPermGen: 5108K->5108K(21504K)], 0.0052120 secs] [Times: user=0.03 sys=0.00, real=0.01 secs] 
88.010: Total time for which application threads were stopped: 0.0501130 seconds, Stopping threads took: 0.0429540 seconds
88.084: Application time: 0.0734920 seconds
88.129: [GC [PSYoungGen: 6656K->841K(7680K)] 13707K->10041K(25088K), 0.0011930 secs] [Times: user=0.01 sys=0.00, real=0.00 secs] 
88.130: [Full GC [PSYoungGen: 841K->0K(7680K)] [ParOldGen: 9199K->4023K(17408K)] 10041K->4023K(25088K) [PSPermGen: 5108K->5108K(21504K)], 0.0042610 secs] [Times: user=0.01 sys=0.00, real=0.00 secs] 
88.135: Total time for which application threads were stopped: 0.0508510 seconds, Stopping threads took: 0.0452750 seconds
88.215: Application time: 0.0805960 seconds
88.227: [GC [PSYoungGen: 6267K->582K(7680K)] 10290K->4606K(25088K), 0.0004560 secs] [Times: user=0.00 sys=0.00, real=0.00 secs] 
88.227: Total time for which application threads were stopped: 0.0117070 seconds, Stopping threads took: 0.0111820 seconds
88.228: Application time: 0.0007910 seconds
88.275: [GC [PSYoungGen: 7219K->1005K(7680K)] 11242K->10115K(25088K), 0.0018300 secs] [Times: user=0.01 sys=0.00, real=0.00 secs] 
88.277: [Full GC [PSYoungGen: 1005K->0K(7680K)] [ParOldGen: 9110K->7148K(17408K)] 10115K->7148K(25088K) [PSPermGen: 5108K->5108K(21504K)], 0.0047560 secs] [Times: user=0.02 sys=0.00, real=0.01 secs] 
88.282: Total time for which application threads were stopped: 0.0540520 seconds, Stopping threads took: 0.0473410 seconds
88.357: Application time: 0.0746640 seconds
88.402: [GC [PSYoungGen: 6364K->582K(7680K)] 13513K->7731K(25088K), 0.0004500 secs] [Times: user=0.00 sys=0.00, real=0.00 secs] 
88.402: Total time for which application threads were stopped: 0.0459350 seconds, Stopping threads took: 0.0454150 seconds
88.403: Application time: 0.0009320 seconds
88.457: [GC [PSYoungGen: 7238K->1005K(7680K)] 14387K->13338K(25088K), 0.0018590 secs] [Times: user=0.01 sys=0.00, real=0.00 secs] 
88.459: [Full GC [PSYoungGen: 1005K->0K(7680K)] [ParOldGen: 12333K->7246K(17408K)] 13338K->7246K(25088K) [PSPermGen: 5108K->5108K(21504K)], 0.0049450 secs] [Times: user=0.02 sys=0.00, real=0.01 secs] 
88.464: Total time for which application threads were stopped: 0.0602160 seconds, Stopping threads took: 0.0532880 seconds
88.557: Application time: 0.0929870 seconds
88.621: [GC [PSYoungGen: 6656K->1005K(7680K)] 13902K->8251K(25088K), 0.0005170 secs] [Times: user=0.00 sys=0.01, real=0.01 secs] 
88.621: Total time for which application threads were stopped: 0.0647850 seconds, Stopping threads took: 0.0642010 seconds
88.622: Application time: 0.0010190 seconds
88.666: [GC [PSYoungGen: 7565K->1005K(7680K)] 14812K->13729K(25088K), 0.0019490 secs] [Times: user=0.01 sys=0.00, real=0.00 secs] 
88.668: [Full GC [PSYoungGen: 1005K->0K(7680K)] [ParOldGen: 12723K->7539K(17408K)] 13729K->7539K(25088K) [PSPermGen: 5108K->5108K(21504K)], 0.0050000 secs] [Times: user=0.02 sys=0.00, real=0.01 secs] 
88.673: Total time for which application threads were stopped: 0.0507100 seconds, Stopping threads took: 0.0436320 seconds
88.770: Application time: 0.0969810 seconds
88.825: [GC [PSYoungGen: 6656K->256K(7680K)] 14195K->7795K(25088K), 0.0003760 secs] [Times: user=0.00 sys=0.00, real=0.00 secs] 
88.825: Total time for which application threads were stopped: 0.0549890 seconds, Stopping threads took: 0.0545500 seconds
88.826: Application time: 0.0007620 seconds
88.826: [GC [PSYoungGen: 6816K->1008K(7680K)] 14355K->14170K(25088K), 0.0017790 secs] [Times: user=0.01 sys=0.00, real=0.00 secs] 
88.828: [Full GC [PSYoungGen: 1008K->0K(7680K)] [ParOldGen: 13162K->7832K(17408K)] 14170K->7832K(25088K) [PSPermGen: 5108K->5108K(21504K)], 0.0053060 secs] [Times: user=0.02 sys=0.00, real=0.01 secs] 
88.833: Total time for which application threads were stopped: 0.0074040 seconds, Stopping threads took: 0.0002000 seconds
88.912: Application time: 0.0787080 seconds
88.974: [GC [PSYoungGen: 6559K->355K(7680K)] 14392K->8187K(25088K), 0.0004720 secs] [Times: user=0.00 sys=0.00, real=0.00 secs] 
88.975: Total time for which application threads were stopped: 0.0625250 seconds, Stopping threads took: 0.0619790 seconds
88.975: Application time: 0.0009200 seconds
89.024: [GC [PSYoungGen: 6915K->1005K(7680K)] 14747K->13728K(25088K), 0.0017870 secs] [Times: user=0.01 sys=0.00, real=0.00 secs] 
89.026: [Full GC [PSYoungGen: 1005K->0K(7680K)] [ParOldGen: 12723K->6953K(17408K)] 13728K->6953K(25088K) [PSPermGen: 5108K->5108K(21504K)], 0.0049570 secs] [Times: user=0.02 sys=0.00, real=0.01 secs] 
89.031: Total time for which application threads were stopped: 0.0558220 seconds, Stopping threads took: 0.0489490 seconds
89.105: Application time: 0.0737070 seconds
89.149: [GC [PSYoungGen: 6559K->1005K(7680K)] 13513K->9716K(25088K), 0.0010720 secs] [Times: user=0.00 sys=0.00, real=0.00 secs] 
89.150: [Full GC [PSYoungGen: 1005K->0K(7680K)] [ParOldGen: 8711K->3828K(17408K)] 9716K->3828K(25088K) [PSPermGen: 5108K->5108K(21504K)], 0.0042760 secs] [Times: user=0.02 sys=0.00, real=0.00 secs] 
89.155: Total time for which application threads were stopped: 0.0497450 seconds, Stopping threads took: 0.0442750 seconds
89.234: Application time: 0.0792520 seconds
89.243: [GC [PSYoungGen: 6462K->550K(7680K)] 10291K->4379K(25088K), 0.0003920 secs] [Times: user=0.01 sys=0.00, real=0.00 secs] 
89.244: Total time for which application threads were stopped: 0.0096650 seconds, Stopping threads took: 0.0092070 seconds
89.244: Application time: 0.0006960 seconds
89.294: [GC [PSYoungGen: 7189K->1006K(7680K)] 11017K->9864K(25088K), 0.0019110 secs] [Times: user=0.01 sys=0.00, real=0.00 secs] 
89.296: [Full GC [PSYoungGen: 1006K->0K(7680K)] [ParOldGen: 8857K->7148K(17408K)] 9864K->7148K(25088K) [PSPermGen: 5108K->5108K(21504K)], 0.0046610 secs] [Times: user=0.02 sys=0.00, real=0.00 secs] 
89.301: Total time for which application threads were stopped: 0.0562710 seconds, Stopping threads took: 0.0495690 seconds
89.376: Application time: 0.0750660 seconds
89.421: [GC [PSYoungGen: 6598K->614K(7680K)] 13747K->7763K(25088K), 0.0004530 secs] [Times: user=0.00 sys=0.00, real=0.01 secs] 
89.421: Total time for which application threads were stopped: 0.0454980 seconds, Stopping threads took: 0.0449800 seconds
89.422: Application time: 0.0008260 seconds
89.477: [GC [PSYoungGen: 7270K->1005K(7680K)] 14419K->12308K(25088K), 0.0018740 secs] [Times: user=0.00 sys=0.00, real=0.00 secs] 
89.479: [Full GC [PSYoungGen: 1005K->0K(7680K)] [ParOldGen: 11302K->6172K(17408K)] 12308K->6172K(25088K) [PSPermGen: 5108K->5108K(21504K)], 0.0051630 secs] [Times: user=0.02 sys=0.00, real=0.01 secs] 
89.484: Total time for which application threads were stopped: 0.0620950 seconds, Stopping threads took: 0.0549050 seconds
89.557: Application time: 0.0728030 seconds
89.602: [GC [PSYoungGen: 6656K->875K(7680K)] 12828K->8220K(25088K), 0.0009070 secs] [Times: user=0.00 sys=0.00, real=0.00 secs] 
89.603: Total time for which application threads were stopped: 0.0455900 seconds, Stopping threads took: 0.0445930 seconds
89.610: Application time: 0.0070090 seconds
89.674: [GC [PSYoungGen: 7416K->1005K(7680K)] 14761K->8350K(25088K), 0.0005450 secs] [Times: user=0.00 sys=0.00, real=0.00 secs] 
89.675: Total time for which application threads were stopped: 0.0651340 seconds, Stopping threads took: 0.0645220 seconds
89.676: Application time: 0.0008960 seconds
89.719: [GC [PSYoungGen: 7565K->1005K(7680K)] 14910K->13827K(25088K), 0.0018460 secs] [Times: user=0.01 sys=0.00, real=0.00 secs] 
89.721: [Full GC [PSYoungGen: 1005K->0K(7680K)] [ParOldGen: 12821K->7539K(17408K)] 13827K->7539K(25088K) [PSPermGen: 5108K->5108K(21504K)], 0.0051360 secs] [Times: user=0.02 sys=0.00, real=0.01 secs] 
89.726: Total time for which application threads were stopped: 0.0506280 seconds, Stopping threads took: 0.0435250 seconds
89.803: Application time: 0.0764100 seconds
89.848: [GC [PSYoungGen: 6559K->1005K(7680K)] 14099K->8740K(25088K), 0.0005150 secs] [Times: user=0.00 sys=0.00, real=0.00 secs] 
89.848: Total time for which application threads were stopped: 0.0456420 seconds, Stopping threads took: 0.0450560 seconds
89.849: Application time: 0.0009860 seconds
89.893: [GC [PSYoungGen: 7643K->1005K(7680K)] 15378K->14412K(25088K), 0.0020020 secs] [Times: user=0.02 sys=0.00, real=0.00 secs] 
89.895: [Full GC [PSYoungGen: 1005K->0K(7680K)] [ParOldGen: 13407K->7735K(17408K)] 14412K->7735K(25088K) [PSPermGen: 5108K->5108K(21504K)], 0.0050630 secs] [Times: user=0.02 sys=0.00, real=0.00 secs] 
89.900: Total time for which application threads were stopped: 0.0507320 seconds, Stopping threads took: 0.0435430 seconds
89.979: Application time: 0.0792040 seconds
90.042: [GC [PSYoungGen: 6540K->192K(7680K)] 14275K->7927K(25088K), 0.0003720 secs] [Times: user=0.00 sys=0.00, real=0.00 secs] 
90.042: Total time for which application threads were stopped: 0.0632080 seconds, Stopping threads took: 0.0627570 seconds
90.043: Application time: 0.0007690 seconds
90.085: [GC [PSYoungGen: 6848K->939K(7680K)] 14583K->13558K(25088K), 0.0017270 secs] [Times: user=0.01 sys=0.00, real=0.00 secs] 
90.087: [Full GC [PSYoungGen: 939K->0K(7680K)] [ParOldGen: 12618K->6856K(17408K)] 13558K->6856K(25088K) [PSPermGen: 5108K->5108K(21504K)], 0.0051360 secs] [Times: user=0.02 sys=0.00, real=0.01 secs] 
90.092: Total time for which application threads were stopped: 0.0491290 seconds, Stopping threads took: 0.0421450 seconds
90.174: Application time: 0.0813680 seconds
90.230: [GC [PSYoungGen: 6540K->419K(7680K)] 13396K->7275K(25088K), 0.0003950 secs] [Times: user=0.00 sys=0.00, real=0.00 secs] 
90.231: Total time for which application threads were stopped: 0.0570650 seconds, Stopping threads took: 0.0566090 seconds
90.237: Application time: 0.0064890 seconds
90.301: [GC [PSYoungGen: 7073K->646K(7680K)] 13929K->7503K(25088K), 0.0004500 secs] [Times: user=0.00 sys=0.00, real=0.01 secs] 
90.302: Total time for which application threads were stopped: 0.0643300 seconds, Stopping threads took: 0.0638160 seconds
90.302: Application time: 0.0006270 seconds
90.355: [GC [PSYoungGen: 7109K->1006K(7680K)] 13965K->12802K(25088K), 0.0015800 secs] [Times: user=0.01 sys=0.00, real=0.00 secs] 
90.357: [Full GC [PSYoungGen: 1006K->0K(7680K)] [ParOldGen: 11795K->7051K(17408K)] 12802K->7051K(25088K) [PSPermGen: 5108K->5108K(21504K)], 0.0054370 secs] [Times: user=0.02 sys=0.00, real=0.01 secs] 
90.362: Total time for which application threads were stopped: 0.0600380 seconds, Stopping threads took: 0.0529070 seconds
90.435: Application time: 0.0731900 seconds
90.480: [GC [PSYoungGen: 6559K->907K(7680K)] 13611K->9912K(25088K), 0.0009020 secs] [Times: user=0.01 sys=0.00, real=0.00 secs] 
90.481: [Full GC [PSYoungGen: 907K->0K(7680K)] [ParOldGen: 9004K->3926K(17408K)] 9912K->3926K(25088K) [PSPermGen: 5108K->5108K(21504K)], 0.0042130 secs] [Times: user=0.01 sys=0.00, real=0.01 secs] 
90.485: Total time for which application threads were stopped: 0.0496640 seconds, Stopping threads took: 0.0444290 seconds
90.562: Application time: 0.0769320 seconds
90.576: [GC [PSYoungGen: 6364K->646K(7680K)] 10291K->4573K(25088K), 0.0003880 secs] [Times: user=0.01 sys=0.00, real=0.00 secs] 
90.576: Total time for which application threads were stopped: 0.0142500 seconds, Stopping threads took: 0.0137910 seconds
90.577: Application time: 0.0007520 seconds
90.624: [GC [PSYoungGen: 7109K->1006K(7680K)] 11036K->9848K(25088K), 0.0019090 secs] [Times: user=0.01 sys=0.01, real=0.00 secs] 
90.625: [Full GC [PSYoungGen: 1006K->0K(7680K)] [ParOldGen: 8842K->7051K(17408K)] 9848K->7051K(25088K) [PSPermGen: 5108K->5108K(21504K)], 0.0045350 secs] [Times: user=0.02 sys=0.00, real=0.01 secs] 
90.630: Total time for which application threads were stopped: 0.0530670 seconds, Stopping threads took: 0.0464920 seconds
90.713: Application time: 0.0827650 seconds
90.770: [GC [PSYoungGen: 6462K->646K(7680K)] 13513K->7698K(25088K), 0.0004160 secs] [Times: user=0.00 sys=0.00, real=0.00 secs] 
90.770: Total time for which application threads were stopped: 0.0572690 seconds, Stopping threads took: 0.0567830 seconds
90.771: Application time: 0.0009730 seconds
90.812: [GC [PSYoungGen: 7109K->1005K(7680K)] 14160K->13045K(25088K), 0.0019810 secs] [Times: user=0.02 sys=0.00, real=0.00 secs] 
90.814: [Full GC [PSYoungGen: 1005K->0K(7680K)] [ParOldGen: 12040K->7051K(17408K)] 13045K->7051K(25088K) [PSPermGen: 5108K->5108K(21504K)], 0.0051070 secs] [Times: user=0.02 sys=0.00, real=0.00 secs] 
90.820: Total time for which application threads were stopped: 0.0484750 seconds, Stopping threads took: 0.0412610 seconds
90.894: Application time: 0.0741960 seconds
90.939: [GC [PSYoungGen: 6462K->614K(7680K)] 13513K->7666K(25088K), 0.0006620 secs] [Times: user=0.01 sys=0.00, real=0.00 secs] 
90.939: Total time for which application threads were stopped: 0.0455960 seconds, Stopping threads took: 0.0448680 seconds
90.940: Application time: 0.0008240 seconds
90.991: [GC [PSYoungGen: 7174K->1005K(7680K)] 14226K->13143K(25088K), 0.0018140 secs] [Times: user=0.02 sys=0.01, real=0.00 secs] 
90.993: [Full GC [PSYoungGen: 1005K->0K(7680K)] [ParOldGen: 12138K->7149K(17408K)] 13143K->7149K(25088K) [PSPermGen: 5108K->5108K(21504K)], 0.0050450 secs] [Times: user=0.02 sys=0.00, real=0.00 secs] 
90.998: Total time for which application threads were stopped: 0.0581660 seconds, Stopping threads took: 0.0511690 seconds
91.073: Application time: 0.0745080 seconds
91.118: [GC [PSYoungGen: 6520K->646K(7680K)] 13670K->7795K(25088K), 0.0004770 secs] [Times: user=0.00 sys=0.00, real=0.00 secs] 
91.118: Total time for which application threads were stopped: 0.0453340 seconds, Stopping threads took: 0.0447800 seconds
91.119: Application time: 0.0008480 seconds
91.170: [GC [PSYoungGen: 7206K->971K(7680K)] 14356K->12222K(25088K), 0.0015510 secs] [Times: user=0.01 sys=0.00, real=0.00 secs] 
91.171: [Full GC [PSYoungGen: 971K->0K(7680K)] [ParOldGen: 11251K->6075K(17408K)] 12222K->6075K(25088K) [PSPermGen: 5108K->5108K(21504K)], 0.0049200 secs] [Times: user=0.02 sys=0.00, real=0.00 secs] 
91.176: Total time for which application threads were stopped: 0.0574070 seconds, Stopping threads took: 0.0507940 seconds
91.254: Application time: 0.0777460 seconds
91.311: [GC [PSYoungGen: 6364K->582K(7680K)] 12440K->6658K(25088K), 0.0006340 secs] [Times: user=0.00 sys=0.00, real=0.00 secs] 
91.312: Total time for which application threads were stopped: 0.0575050 seconds, Stopping threads took: 0.0567810 seconds
91.313: Application time: 0.0008370 seconds
91.352: [GC [PSYoungGen: 7123K->939K(7680K)] 13198K->12093K(25088K), 0.0018680 secs] [Times: user=0.01 sys=0.00, real=0.00 secs] 
91.354: [Full GC [PSYoungGen: 939K->0K(7680K)] [ParOldGen: 11154K->7051K(17408K)] 12093K->7051K(25088K) [PSPermGen: 5108K->5108K(21504K)], 0.0048670 secs] [Times: user=0.02 sys=0.00, real=0.00 secs] 
91.359: Total time for which application threads were stopped: 0.0465240 seconds, Stopping threads took: 0.0396570 seconds
91.441: Application time: 0.0815130 seconds
91.484: [GC [PSYoungGen: 6637K->1005K(7680K)] 13689K->8838K(25088K), 0.0007130 secs] [Times: user=0.00 sys=0.00, real=0.00 secs] 
91.485: Total time for which application threads were stopped: 0.0439530 seconds, Stopping threads took: 0.0431720 seconds
91.486: Application time: 0.0011190 seconds
91.543: [GC [PSYoungGen: 7565K->939K(7680K)] 15398K->12972K(25088K), 0.0016460 secs] [Times: user=0.01 sys=0.00, real=0.00 secs] 
91.545: [Full GC [PSYoungGen: 939K->0K(7680K)] [ParOldGen: 12032K->6173K(17408K)] 12972K->6173K(25088K) [PSPermGen: 5108K->5108K(21504K)], 0.0046890 secs] [Times: user=0.02 sys=0.01, real=0.01 secs] 
91.550: Total time for which application threads were stopped: 0.0641740 seconds, Stopping threads took: 0.0577110 seconds
91.627: Application time: 0.0774200 seconds
91.674: [GC [PSYoungGen: 6656K->973K(7680K)] 12829K->7146K(25088K), 0.0005160 secs] [Times: user=0.01 sys=0.00, real=0.00 secs] 
91.674: Total time for which application threads were stopped: 0.0470380 seconds, Stopping threads took: 0.0464490 seconds
91.675: Application time: 0.0010570 seconds
91.745: [GC [PSYoungGen: 7511K->842K(7680K)] 13685K->9359K(25088K), 0.0010620 secs] [Times: user=0.00 sys=0.00, real=0.00 secs] 
91.746: Total time for which application threads were stopped: 0.0704860 seconds, Stopping threads took: 0.0693490 seconds
91.825: Application time: 0.0790500 seconds
91.838: [GC [PSYoungGen: 7382K->841K(7680K)] 15899K->9554K(25088K), 0.0004820 secs] [Times: user=0.00 sys=0.00, real=0.00 secs] 
91.838: Total time for which application threads were stopped: 0.0133340 seconds, Stopping threads took: 0.0127890 seconds
91.839: Application time: 0.0010180 seconds
91.892: [GC [PSYoungGen: 7402K->1005K(7680K)] 16114K->13046K(25088K), 0.0014800 secs] [Times: user=0.01 sys=0.00, real=0.00 secs] 
91.894: [Full GC [PSYoungGen: 1005K->0K(7680K)] [ParOldGen: 12040K->5368K(17408K)] 13046K->5368K(25088K) [PSPermGen: 5108K->5108K(21504K)], 0.0049330 secs] [Times: user=0.02 sys=0.00, real=0.00 secs] 
91.899: Total time for which application threads were stopped: 0.0596800 seconds, Stopping threads took: 0.0531450 seconds
91.971: Application time: 0.0721340 seconds
92.017: [GC [PSYoungGen: 6638K->841K(7680K)] 12006K->6600K(25088K), 0.0006110 secs] [Times: user=0.00 sys=0.00, real=0.00 secs] 
92.017: Total time for which application threads were stopped: 0.0463640 seconds, Stopping threads took: 0.0456890 seconds
92.018: Application time: 0.0009740 seconds
92.062: [GC [PSYoungGen: 7402K->939K(7680K)] 13161K->11386K(25088K), 0.0016540 secs] [Times: user=0.01 sys=0.00, real=0.00 secs] 
92.063: [Full GC [PSYoungGen: 939K->0K(7680K)] [ParOldGen: 10446K->6662K(17408K)] 11386K->6662K(25088K) [PSPermGen: 5108K->5108K(21504K)], 0.0046480 secs] [Times: user=0.02 sys=0.00, real=0.00 secs] 
92.068: Total time for which application threads were stopped: 0.0497710 seconds, Stopping threads took: 0.0433420 seconds
92.141: Application time: 0.0725270 seconds
92.185: [GC [PSYoungGen: 6638K->939K(7680K)] 13300K->9164K(25088K), 0.0008590 secs] [Times: user=0.01 sys=0.00, real=0.00 secs] 
92.186: Total time for which application threads were stopped: 0.0451960 seconds, Stopping threads took: 0.0442630 seconds
92.267: Application time: 0.0807280 seconds
92.285: [GC [PSYoungGen: 7499K->451K(7680K)] 15724K->8676K(25088K), 0.0003900 secs] [Times: user=0.00 sys=0.00, real=0.00 secs] 
92.285: Total time for which application threads were stopped: 0.0187940 seconds, Stopping threads took: 0.0183290 seconds
92.286: Application time: 0.0008310 seconds
92.330: [GC [PSYoungGen: 7011K->1005K(7680K)] 15236K->14121K(25088K), 0.0017560 secs] [Times: user=0.02 sys=0.00, real=0.00 secs] 
92.332: [Full GC [PSYoungGen: 1005K->0K(7680K)] [ParOldGen: 13115K->6955K(17408K)] 14121K->6955K(25088K) [PSPermGen: 5108K->5108K(21504K)], 0.0049360 secs] [Times: user=0.02 sys=0.00, real=0.00 secs] 
92.337: Total time for which application threads were stopped: 0.0505940 seconds, Stopping threads took: 0.0437780 seconds
92.418: Application time: 0.0815960 seconds
92.473: [GC [PSYoungGen: 6559K->907K(7680K)] 13514K->8644K(25088K), 0.0007330 secs] [Times: user=0.00 sys=0.00, real=0.00 secs] 
92.474: Total time for which application threads were stopped: 0.0555850 seconds, Stopping threads took: 0.0547800 seconds
92.475: Application time: 0.0010670 seconds
92.531: [GC [PSYoungGen: 7563K->1005K(7680K)] 15300K->12851K(25088K), 0.0016500 secs] [Times: user=0.01 sys=0.00, real=0.00 secs] 
92.533: [Full GC [PSYoungGen: 1005K->0K(7680K)] [ParOldGen: 11846K->6174K(17408K)] 12851K->6174K(25088K) [PSPermGen: 5108K->5108K(21504K)], 0.0047550 secs] [Times: user=0.02 sys=0.00, real=0.00 secs] 
92.538: Total time for which application threads were stopped: 0.0627330 seconds, Stopping threads took: 0.0561980 seconds
92.619: Application time: 0.0807040 seconds
92.670: [GC [PSYoungGen: 6656K->1005K(7680K)] 12830K->7179K(25088K), 0.0005140 secs] [Times: user=0.01 sys=0.00, real=0.00 secs] 
92.671: Total time for which application threads were stopped: 0.0522970 seconds, Stopping threads took: 0.0517130 seconds
92.672: Application time: 0.0009970 seconds
92.715: [GC [PSYoungGen: 7565K->1005K(7680K)] 13739K->12656K(25088K), 0.0019670 secs] [Times: user=0.02 sys=0.00, real=0.00 secs] 
92.717: [Full GC [PSYoungGen: 1005K->0K(7680K)] [ParOldGen: 11651K->7541K(17408K)] 12656K->7541K(25088K) [PSPermGen: 5108K->5108K(21504K)], 0.0049110 secs] [Times: user=0.02 sys=0.00, real=0.01 secs] 
92.722: Total time for which application threads were stopped: 0.0505290 seconds, Stopping threads took: 0.0435130 seconds
92.797: Application time: 0.0749940 seconds
92.843: [GC [PSYoungGen: 6638K->841K(7680K)] 14179K->8773K(25088K), 0.0005310 secs] [Times: user=0.00 sys=0.00, real=0.00 secs] 
92.843: Total time for which application threads were stopped: 0.0457720 seconds, Stopping threads took: 0.0451760 seconds
92.849: Application time: 0.0060500 seconds
92.916: [GC [PSYoungGen: 7480K->224K(7680K)] 15412K->8155K(25088K), 0.0003520 secs] [Times: user=0.00 sys=0.00, real=0.00 secs] 
92.916: Total time for which application threads were stopped: 0.0670350 seconds, Stopping threads took: 0.0666300 seconds
92.917: Application time: 0.0006430 seconds
92.917: [GC [PSYoungGen: 6784K->1006K(7680K)] 14716K->14651K(25088K), 0.0018160 secs] [Times: user=0.02 sys=0.00, real=0.00 secs] 
92.919: [Full GC [PSYoungGen: 1006K->0K(7680K)] [ParOldGen: 13644K->7834K(17408K)] 14651K->7834K(25088K) [PSPermGen: 5109K->5109K(21504K)], 0.0052340 secs] [Times: user=0.02 sys=0.00, real=0.01 secs] 
92.924: Total time for which application threads were stopped: 0.0073470 seconds, Stopping threads took: 0.0001750 seconds
93.001: Application time: 0.0767110 seconds
93.064: [GC [PSYoungGen: 6559K->355K(7680K)] 14393K->8189K(25088K), 0.0004470 secs] [Times: user=0.00 sys=0.00, real=0.00 secs] 
93.064: Total time for which application threads were stopped: 0.0630840 seconds, Stopping threads took: 0.0625760 seconds
93.065: Application time: 0.0007670 seconds
93.065: [GC [PSYoungGen: 6915K->1006K(7680K)] 14749K->14732K(25088K), 0.0020220 secs] [Times: user=0.02 sys=0.00, real=0.00 secs] 
93.067: [Full GC [PSYoungGen: 1006K->0K(7680K)] [ParOldGen: 13725K->8029K(17408K)] 14732K->8029K(25088K) [PSPermGen: 5109K->5109K(21504K)], 0.0049160 secs] [Times: user=0.02 sys=0.00, real=0.01 secs] 
93.072: Total time for which application threads were stopped: 0.0072180 seconds, Stopping threads took: 0.0001530 seconds
93.149: Application time: 0.0771570 seconds
93.212: [GC [PSYoungGen: 6559K->646K(7680K)] 14589K->8676K(25088K), 0.0004440 secs] [Times: user=0.00 sys=0.00, real=0.00 secs] 
93.212: Total time for which application threads were stopped: 0.0628810 seconds, Stopping threads took: 0.0623690 seconds
93.213: Application time: 0.0007940 seconds
93.213: [GC [PSYoungGen: 7109K->1006K(7680K)] 15138K->15025K(25088K), 0.0020910 secs] [Times: user=0.01 sys=0.00, real=0.00 secs] 
93.215: [Full GC [PSYoungGen: 1006K->0K(7680K)] [ParOldGen: 14018K->8127K(17408K)] 15025K->8127K(25088K) [PSPermGen: 5109K->5109K(21504K)], 0.0052220 secs] [Times: user=0.03 sys=0.00, real=0.00 secs] 
93.220: Total time for which application threads were stopped: 0.0075870 seconds, Stopping threads took: 0.0001430 seconds
93.300: Application time: 0.0799610 seconds
93.360: [GC [PSYoungGen: 6540K->582K(7680K)] 14667K->8709K(25088K), 0.0006340 secs] [Times: user=0.00 sys=0.00, real=0.00 secs] 
93.361: Total time for which application threads were stopped: 0.0604480 seconds, Stopping threads took: 0.0597150 seconds
93.362: Application time: 0.0008580 seconds
93.406: [GC [PSYoungGen: 7045K->939K(7680K)] 15172K->14145K(25088K), 0.0020760 secs] [Times: user=0.02 sys=0.00, real=0.00 secs] 
93.408: [Full GC [PSYoungGen: 939K->0K(7680K)] [ParOldGen: 13205K->7053K(17408K)] 14145K->7053K(25088K) [PSPermGen: 5109K->5109K(21504K)], 0.0052160 secs] [Times: user=0.02 sys=0.01, real=0.01 secs] 
93.413: Total time for which application threads were stopped: 0.0512260 seconds, Stopping threads took: 0.0438150 seconds
93.493: Application time: 0.0803860 seconds
93.562: [GC [PSYoungGen: 6540K->646K(7680K)] 13593K->7699K(25088K), 0.0004980 secs] [Times: user=0.00 sys=0.00, real=0.00 secs] 
93.563: Total time for which application threads were stopped: 0.0694680 seconds, Stopping threads took: 0.0688870 seconds
93.564: Application time: 0.0007690 seconds
93.609: [GC [PSYoungGen: 7282K->1007K(7680K)] 14336K->12038K(25088K), 0.0016270 secs] [Times: user=0.01 sys=0.00, real=0.00 secs] 
93.611: [Full GC [PSYoungGen: 1007K->0K(7680K)] [ParOldGen: 11031K->6076K(17408K)] 12038K->6076K(25088K) [PSPermGen: 5109K->5109K(21504K)], 0.0048680 secs] [Times: user=0.02 sys=0.00, real=0.00 secs] 
93.616: Total time for which application threads were stopped: 0.0521690 seconds, Stopping threads took: 0.0455410 seconds
93.689: Application time: 0.0728700 seconds
93.734: [GC [PSYoungGen: 6520K->646K(7680K)] 12597K->6723K(25088K), 0.0004420 secs] [Times: user=0.00 sys=0.00, real=0.00 secs] 
93.734: Total time for which application threads were stopped: 0.0457080 seconds, Stopping threads took: 0.0452030 seconds
93.735: Application time: 0.0008770 seconds
93.788: [GC [PSYoungGen: 7204K->1005K(7680K)] 13281K->12200K(25088K), 0.0020260 secs] [Times: user=0.01 sys=0.00, real=0.01 secs] 
93.790: [Full GC [PSYoungGen: 1005K->0K(7680K)] [ParOldGen: 11195K->7151K(17408K)] 12200K->7151K(25088K) [PSPermGen: 5109K->5109K(21504K)], 0.0049010 secs] [Times: user=0.02 sys=0.00, real=0.00 secs] 
93.795: Total time for which application threads were stopped: 0.0594010 seconds, Stopping threads took: 0.0523440 seconds
93.867: Application time: 0.0727240 seconds
93.912: [GC [PSYoungGen: 6656K->907K(7680K)] 13807K->10207K(25088K), 0.0010630 secs] [Times: user=0.00 sys=0.00, real=0.00 secs] 
93.913: [Full GC [PSYoungGen: 907K->0K(7680K)] [ParOldGen: 9299K->4123K(17408K)] 10207K->4123K(25088K) [PSPermGen: 5109K->5109K(21504K)], 0.0045890 secs] [Times: user=0.02 sys=0.00, real=0.00 secs] 
93.918: Total time for which application threads were stopped: 0.0503760 seconds, Stopping threads took: 0.0445900 seconds
93.998: Application time: 0.0799440 seconds
94.009: [GC [PSYoungGen: 6638K->1005K(7680K)] 10762K->5137K(25088K), 0.0005460 secs] [Times: user=0.00 sys=0.00, real=0.01 secs] 
94.010: Total time for which application threads were stopped: 0.0118910 seconds, Stopping threads took: 0.0112720 seconds
94.011: Application time: 0.0009250 seconds
94.054: [GC [PSYoungGen: 7565K->1005K(7680K)] 11697K->10606K(25088K), 0.0019620 secs] [Times: user=0.01 sys=0.00, real=0.00 secs] 
94.056: [Full GC [PSYoungGen: 1005K->0K(7680K)] [ParOldGen: 9600K->7541K(17408K)] 10606K->7541K(25088K) [PSPermGen: 5109K->5109K(21504K)], 0.0046860 secs] [Times: user=0.02 sys=0.00, real=0.00 secs] 
94.061: Total time for which application threads were stopped: 0.0502730 seconds, Stopping threads took: 0.0434970 seconds
94.137: Application time: 0.0760480 seconds
94.182: [GC [PSYoungGen: 6637K->841K(7680K)] 14179K->8774K(25088K), 0.0005750 secs] [Times: user=0.00 sys=0.00, real=0.00 secs] 
94.182: Total time for which application threads were stopped: 0.0456380 seconds, Stopping threads took: 0.0449880 seconds
94.189: Application time: 0.0067640 seconds
94.254: [GC [PSYoungGen: 7402K->192K(7680K)] 15334K->8124K(25088K), 0.0003140 secs] [Times: user=0.00 sys=0.00, real=0.00 secs] 
94.254: Total time for which application threads were stopped: 0.0648740 seconds, Stopping threads took: 0.0644920 seconds
94.255: Application time: 0.0006320 seconds
94.255: [GC [PSYoungGen: 6752K->1006K(7680K)] 14684K->14659K(25088K), 0.0018610 secs] [Times: user=0.01 sys=0.00, real=0.00 secs] 
94.257: [Full GC [PSYoungGen: 1006K->0K(7680K)] [ParOldGen: 13652K->7834K(17408K)] 14659K->7834K(25088K) [PSPermGen: 5109K->5109K(21504K)], 0.0051630 secs] [Times: user=0.02 sys=0.00, real=0.01 secs] 
94.262: Total time for which application threads were stopped: 0.0073240 seconds, Stopping threads took: 0.0001730 seconds
94.339: Application time: 0.0773910 seconds
94.401: [GC [PSYoungGen: 6637K->451K(7680K)] 14472K->8286K(25088K), 0.0004680 secs] [Times: user=0.00 sys=0.00, real=0.00 secs] 
94.402: Total time for which application threads were stopped: 0.0623970 seconds, Stopping threads took: 0.0618630 seconds
94.403: Application time: 0.0007560 seconds
94.403: [GC [PSYoungGen: 7011K->1006K(7680K)] 14846K->14757K(25088K), 0.0019050 secs] [Times: user=0.01 sys=0.00, real=0.00 secs] 
94.405: [Full GC [PSYoungGen: 1006K->0K(7680K)] [ParOldGen: 13750K->8030K(17408K)] 14757K->8030K(25088K) [PSPermGen: 5109K->5109K(21504K)], 0.0052290 secs] [Times: user=0.02 sys=0.00, real=0.01 secs] 
94.410: Total time for which application threads were stopped: 0.0074690 seconds, Stopping threads took: 0.0002110 seconds
94.487: Application time: 0.0773370 seconds
94.551: [GC [PSYoungGen: 6559K->582K(7680K)] 14589K->8612K(25088K), 0.0005560 secs] [Times: user=0.00 sys=0.00, real=0.00 secs] 
94.552: [Full GC [PSYoungGen: 582K->0K(7680K)] [ParOldGen: 8030K->1682K(17408K)] 8612K->1682K(25088K) [PSPermGen: 5110K->5110K(21504K)], 0.0038540 secs] [Times: user=0.01 sys=0.00, real=0.00 secs] 
94.556: Total time for which application threads were stopped: 0.0684490 seconds, Stopping threads took: 0.0639040 seconds
94.558: Application time: 0.0016630 seconds
94.626: [GC [PSYoungGen: 6560K->1005K(7680K)] 8242K->3469K(25088K), 0.0007070 secs] [Times: user=0.01 sys=0.00, real=0.00 secs] 
94.627: Total time for which application threads were stopped: 0.0692710 seconds, Stopping threads took: 0.0684910 seconds
94.628: Application time: 0.0010010 seconds
94.672: [GC [PSYoungGen: 7467K->939K(7680K)] 9931K->7505K(25088K), 0.0016210 secs] [Times: user=0.01 sys=0.00, real=0.00 secs] 
94.673: Total time for which application threads were stopped: 0.0454290 seconds, Stopping threads took: 0.0437180 seconds
94.746: Application time: 0.0724530 seconds
94.787: [GC [PSYoungGen: 7304K->875K(7680K)] 13870K->8222K(25088K), 0.0006490 secs] [Times: user=0.01 sys=0.00, real=0.00 secs] 
94.788: Total time for which application threads were stopped: 0.0421460 seconds, Stopping threads took: 0.0414290 seconds
94.789: Application time: 0.0008650 seconds
94.838: [GC [PSYoungGen: 7531K->1005K(7680K)] 14878K->12755K(25088K), 0.0016850 secs] [Times: user=0.01 sys=0.00, real=0.00 secs] 
94.840: [Full GC [PSYoungGen: 1005K->0K(7680K)] [ParOldGen: 11749K->7249K(17408K)] 12755K->7249K(25088K) [PSPermGen: 5110K->5110K(21504K)], 0.0048700 secs] [Times: user=0.02 sys=0.00, real=0.01 secs] 
94.845: Total time for which application threads were stopped: 0.0564020 seconds, Stopping threads took: 0.0497210 seconds
94.930: Application time: 0.0848980 seconds
94.994: [GC [PSYoungGen: 6266K->614K(7680K)] 13516K->7863K(25088K), 0.0003910 secs] [Times: user=0.00 sys=0.00, real=0.00 secs] 
94.995: Total time for which application threads were stopped: 0.0647510 seconds, Stopping threads took: 0.0642930 seconds
94.996: Application time: 0.0009550 seconds
95.037: [GC [PSYoungGen: 7270K->1005K(7680K)] 14519K->13438K(25088K), 0.0019140 secs] [Times: user=0.01 sys=0.00, real=0.00 secs] 
95.039: [Full GC [PSYoungGen: 1005K->0K(7680K)] [ParOldGen: 12433K->7248K(17408K)] 13438K->7248K(25088K) [PSPermGen: 5110K->5110K(21504K)], 0.0050350 secs] [Times: user=0.02 sys=0.00, real=0.01 secs] 
95.044: Total time for which application threads were stopped: 0.0484800 seconds, Stopping threads took: 0.0413900 seconds
95.118: Application time: 0.0732870 seconds
95.163: [GC [PSYoungGen: 6656K->939K(7680K)] 13904K->9360K(25088K), 0.0007540 secs] [Times: user=0.01 sys=0.00, real=0.00 secs] 
95.164: Total time for which application threads were stopped: 0.0467680 seconds, Stopping threads took: 0.0451240 seconds
95.166: Application time: 0.0012780 seconds
95.234: [GC [PSYoungGen: 7480K->907K(7680K)] 15901K->12649K(25088K), 0.0016660 secs] [Times: user=0.01 sys=0.00, real=0.00 secs] 
95.236: [Full GC [PSYoungGen: 907K->0K(7680K)] [ParOldGen: 11741K->5296K(17408K)] 12649K->5296K(25088K) [PSPermGen: 5110K->5110K(21504K)], 0.0047300 secs] [Times: user=0.02 sys=0.00, real=0.00 secs] 
95.241: Total time for which application threads were stopped: 0.0753970 seconds, Stopping threads took: 0.0688530 seconds
95.314: Application time: 0.0733090 seconds
95.317: [GC [PSYoungGen: 6656K->939K(7680K)] 11952K->7603K(25088K), 0.0008160 secs] [Times: user=0.01 sys=0.00, real=0.00 secs] 
95.317: Total time for which application threads were stopped: 0.0031960 seconds, Stopping threads took: 0.0023090 seconds
95.319: Application time: 0.0014890 seconds
95.388: [GC [PSYoungGen: 7558K->939K(7680K)] 14221K->8970K(25088K), 0.0008290 secs] [Times: user=0.01 sys=0.00, real=0.00 secs] 
95.389: Total time for which application threads were stopped: 0.0699120 seconds, Stopping threads took: 0.0690130 seconds
95.468: Application time: 0.0793420 seconds
95.484: [GC [PSYoungGen: 7499K->256K(7680K)] 15530K->8286K(25088K), 0.0004730 secs] [Times: user=0.00 sys=0.00, real=0.00 secs] 
95.484: Total time for which application threads were stopped: 0.0158080 seconds, Stopping threads took: 0.0152770 seconds
95.485: Application time: 0.0006820 seconds
95.485: [GC [PSYoungGen: 6894K->1022K(7680K)] 14924K->14790K(25088K), 0.0019580 secs] [Times: user=0.02 sys=0.00, real=0.00 secs] 
95.487: [Full GC [PSYoungGen: 1022K->0K(7680K)] [ParOldGen: 13767K->7835K(17408K)] 14790K->7835K(25088K) [PSPermGen: 5110K->5110K(21504K)], 0.0049810 secs] [Times: user=0.02 sys=0.00, real=0.01 secs] 
95.492: Total time for which application threads were stopped: 0.0072960 seconds, Stopping threads took: 0.0002190 seconds
95.571: Application time: 0.0786300 seconds
95.633: [GC [PSYoungGen: 6520K->256K(7680K)] 14355K->8091K(25088K), 0.0003480 secs] [Times: user=0.01 sys=0.00, real=0.00 secs] 
95.633: Total time for which application threads were stopped: 0.0624390 seconds, Stopping threads took: 0.0620250 seconds
95.637: Application time: 0.0043360 seconds
95.703: [GC [PSYoungGen: 6894K->1021K(7680K)] 14729K->9247K(25088K), 0.0006080 secs] [Times: user=0.00 sys=0.00, real=0.00 secs] 
95.703: Total time for which application threads were stopped: 0.0658570 seconds, Stopping threads took: 0.0651830 seconds
95.704: Application time: 0.0008870 seconds
95.756: [GC [PSYoungGen: 7581K->1005K(7680K)] 15807K->14084K(25088K), 0.0018850 secs] [Times: user=0.01 sys=0.00, real=0.00 secs] 
95.758: [Full GC [PSYoungGen: 1005K->0K(7680K)] [ParOldGen: 13079K->6858K(17408K)] 14084K->6858K(25088K) [PSPermGen: 5110K->5110K(21504K)], 0.0050700 secs] [Times: user=0.02 sys=0.00, real=0.01 secs] 
95.763: Total time for which application threads were stopped: 0.0591580 seconds, Stopping threads took: 0.0520750 seconds
95.836: Application time: 0.0723880 seconds
95.881: [GC [PSYoungGen: 6656K->907K(7680K)] 13514K->8547K(25088K), 0.0008090 secs] [Times: user=0.01 sys=0.00, real=0.00 secs] 
95.882: Total time for which application threads were stopped: 0.0463780 seconds, Stopping threads took: 0.0454970 seconds
95.883: Application time: 0.0012370 seconds
95.927: [GC [PSYoungGen: 7545K->1005K(7680K)] 15186K->13732K(25088K), 0.0018990 secs] [Times: user=0.01 sys=0.00, real=0.00 secs] 
95.929: [Full GC [PSYoungGen: 1005K->0K(7680K)] [ParOldGen: 12726K->7151K(17408K)] 13732K->7151K(25088K) [PSPermGen: 5110K->5110K(21504K)], 0.0049310 secs] [Times: user=0.03 sys=0.00, real=0.01 secs] 
95.934: Total time for which application threads were stopped: 0.0505040 seconds, Stopping threads took: 0.0435440 seconds
96.008: Application time: 0.0744690 seconds
96.052: [GC [PSYoungGen: 6364K->646K(7680K)] 13516K->7798K(25088K), 0.0004340 secs] [Times: user=0.00 sys=0.00, real=0.00 secs] 
96.053: Total time for which application threads were stopped: 0.0441850 seconds, Stopping threads took: 0.0436860 seconds
96.053: Application time: 0.0009120 seconds
96.105: [GC [PSYoungGen: 7109K->1005K(7680K)] 14261K->13145K(25088K), 0.0017450 secs] [Times: user=0.01 sys=0.00, real=0.00 secs] 
96.107: [Full GC [PSYoungGen: 1005K->0K(7680K)] [ParOldGen: 12140K->7054K(17408K)] 13145K->7054K(25088K) [PSPermGen: 5110K->5110K(21504K)], 0.0050050 secs] [Times: user=0.03 sys=0.00, real=0.01 secs] 
96.112: Total time for which application threads were stopped: 0.0584850 seconds, Stopping threads took: 0.0516120 seconds
96.186: Application time: 0.0739140 seconds
96.231: [GC [PSYoungGen: 6559K->973K(7680K)] 13613K->8808K(25088K), 0.0006450 secs] [Times: user=0.01 sys=0.01, real=0.00 secs] 
96.232: Total time for which application threads were stopped: 0.0458630 seconds, Stopping threads took: 0.0451400 seconds
96.233: Application time: 0.0011400 seconds
96.276: [GC [PSYoungGen: 7533K->1005K(7680K)] 15368K->14024K(25088K), 0.0018800 secs] [Times: user=0.02 sys=0.00, real=0.00 secs] 
96.278: [Full GC [PSYoungGen: 1005K->0K(7680K)] [ParOldGen: 13019K->7249K(17408K)] 14024K->7249K(25088K) [PSPermGen: 5110K->5110K(21504K)], 0.0049820 secs] [Times: user=0.02 sys=0.00, real=0.01 secs] 
96.283: Total time for which application threads were stopped: 0.0505160 seconds, Stopping threads took: 0.0435260 seconds
96.357: Application time: 0.0737190 seconds
96.401: [GC [PSYoungGen: 6656K->1005K(7680K)] 13905K->8254K(25088K), 0.0004840 secs] [Times: user=0.00 sys=0.00, real=0.00 secs] 
96.402: Total time for which application threads were stopped: 0.0448600 seconds, Stopping threads took: 0.0443070 seconds
96.403: Application time: 0.0010220 seconds
96.447: [GC [PSYoungGen: 7565K->1005K(7680K)] 14815K->13732K(25088K), 0.0018210 secs] [Times: user=0.01 sys=0.00, real=0.00 secs] 
96.448: [Full GC [PSYoungGen: 1005K->0K(7680K)] [ParOldGen: 12726K->7542K(17408K)] 13732K->7542K(25088K) [PSPermGen: 5110K->5110K(21504K)], 0.0048930 secs] [Times: user=0.03 sys=0.00, real=0.01 secs] 
96.453: Total time for which application threads were stopped: 0.0504690 seconds, Stopping threads took: 0.0436250 seconds
96.550: Application time: 0.0969730 seconds
96.611: [GC [PSYoungGen: 6656K->224K(7680K)] 14198K->7766K(25088K), 0.0003760 secs] [Times: user=0.00 sys=0.00, real=0.00 secs] 
96.611: Total time for which application threads were stopped: 0.0606580 seconds, Stopping threads took: 0.0602050 seconds
96.612: Application time: 0.0009210 seconds
96.612: [GC [PSYoungGen: 6784K->1005K(7680K)] 14326K->14317K(25088K), 0.0016730 secs] [Times: user=0.01 sys=0.00, real=0.00 secs] 
96.614: [Full GC [PSYoungGen: 1005K->0K(7680K)] [ParOldGen: 13312K->7835K(17408K)] 14317K->7835K(25088K) [PSPermGen: 5110K->5110K(21504K)], 0.0053870 secs] [Times: user=0.02 sys=0.00, real=0.00 secs] 
96.619: Total time for which application threads were stopped: 0.0073430 seconds, Stopping threads took: 0.0001720 seconds
96.697: Application time: 0.0779430 seconds
96.759: [GC [PSYoungGen: 6559K->419K(7680K)] 14395K->8254K(25088K), 0.0004000 secs] [Times: user=0.00 sys=0.00, real=0.00 secs] 
96.760: Total time for which application threads were stopped: 0.0623620 seconds, Stopping threads took: 0.0618860 seconds
96.760: Application time: 0.0007810 seconds
96.761: [GC [PSYoungGen: 7057K->1005K(7680K)] 14893K->14806K(25088K), 0.0020240 secs] [Times: user=0.02 sys=0.00, real=0.01 secs] 
96.763: [Full GC [PSYoungGen: 1005K->0K(7680K)] [ParOldGen: 13800K->8030K(17408K)] 14806K->8030K(25088K) [PSPermGen: 5110K->5110K(21504K)], 0.0049330 secs] [Times: user=0.02 sys=0.00, real=0.00 secs] 
96.768: Total time for which application threads were stopped: 0.0072190 seconds, Stopping threads took: 0.0001360 seconds
96.848: Application time: 0.0804670 seconds
96.908: [GC [PSYoungGen: 6559K->582K(7680K)] 14590K->8613K(25088K), 0.0004190 secs] [Times: user=0.00 sys=0.00, real=0.00 secs] 
96.909: [Full GC [PSYoungGen: 582K->0K(7680K)] [ParOldGen: 8030K->1683K(17408K)] 8613K->1683K(25088K) [PSPermGen: 5110K->5110K(21504K)], 0.0042970 secs] [Times: user=0.01 sys=0.00, real=0.01 secs] 
96.913: Total time for which application threads were stopped: 0.0647230 seconds, Stopping threads took: 0.0599030 seconds
96.914: Application time: 0.0011480 seconds
96.958: [GC [PSYoungGen: 6638K->1005K(7680K)] 8321K->6700K(25088K), 0.0015840 secs] [Times: user=0.01 sys=0.00, real=0.00 secs] 
96.960: Total time for which application threads were stopped: 0.0460230 seconds, Stopping threads took: 0.0443560 seconds
97.032: Application time: 0.0722040 seconds
97.076: [GC [PSYoungGen: 7661K->841K(7680K)] 13356K->7709K(25088K), 0.0011840 secs] [Times: user=0.00 sys=0.00, real=0.00 secs] 
97.077: Total time for which application threads were stopped: 0.0449250 seconds, Stopping threads took: 0.0436700 seconds
97.078: Application time: 0.0010890 seconds
97.122: [GC [PSYoungGen: 7402K->1005K(7680K)] 14269K->13252K(25088K), 0.0018930 secs] [Times: user=0.01 sys=0.00, real=0.00 secs] 
97.124: [Full GC [PSYoungGen: 1005K->0K(7680K)] [ParOldGen: 12246K->7445K(17408K)] 13252K->7445K(25088K) [PSPermGen: 5110K->5110K(21504K)], 0.0050300 secs] [Times: user=0.02 sys=0.00, real=0.00 secs] 
97.129: Total time for which application threads were stopped: 0.0505420 seconds, Stopping threads took: 0.0434910 seconds
97.202: Application time: 0.0733960 seconds
97.247: [GC [PSYoungGen: 6618K->646K(7680K)] 14064K->8482K(25088K), 0.0005680 secs] [Times: user=0.00 sys=0.00, real=0.00 secs] 
97.247: Total time for which application threads were stopped: 0.0451260 seconds, Stopping threads took: 0.0444880 seconds
97.248: Application time: 0.0010210 seconds
97.292: [GC [PSYoungGen: 7285K->1006K(7680K)] 15120K->14326K(25088K), 0.0020860 secs] [Times: user=0.01 sys=0.00, real=0.00 secs] 
97.294: [Full GC [PSYoungGen: 1006K->0K(7680K)] [ParOldGen: 13319K->7542K(17408K)] 14326K->7542K(25088K) [PSPermGen: 5110K->5110K(21504K)], 0.0053670 secs] [Times: user=0.03 sys=0.00, real=0.00 secs] 
97.300: Total time for which application threads were stopped: 0.0512980 seconds, Stopping threads took: 0.0436750 seconds
97.379: Application time: 0.0790840 seconds
97.441: [GC [PSYoungGen: 6656K->224K(7680K)] 14198K->7766K(25088K), 0.0004120 secs] [Times: user=0.00 sys=0.00, real=0.00 secs] 
97.441: Total time for which application threads were stopped: 0.0622320 seconds, Stopping threads took: 0.0617530 seconds
97.442: Application time: 0.0007460 seconds
97.442: [GC [PSYoungGen: 6784K->1008K(7680K)] 14327K->14174K(25088K), 0.0018060 secs] [Times: user=0.01 sys=0.00, real=0.00 secs] 
97.444: [Full GC [PSYoungGen: 1008K->0K(7680K)] [ParOldGen: 13165K->7835K(17408K)] 14174K->7835K(25088K) [PSPermGen: 5111K->5111K(21504K)], 0.0051390 secs] [Times: user=0.03 sys=0.00, real=0.00 secs] 
97.449: Total time for which application threads were stopped: 0.0072560 seconds, Stopping threads took: 0.0001820 seconds
97.528: Application time: 0.0786770 seconds
97.589: [GC [PSYoungGen: 6559K->419K(7680K)] 14395K->8254K(25088K), 0.0005010 secs] [Times: user=0.00 sys=0.00, real=0.01 secs] 
97.590: Total time for which application threads were stopped: 0.0618990 seconds, Stopping threads took: 0.0613260 seconds
97.592: Application time: 0.0020420 seconds
97.656: [GC [PSYoungGen: 7057K->1005K(7680K)] 14893K->11599K(25088K), 0.0014500 secs] [Times: user=0.00 sys=0.00, real=0.00 secs] 
97.658: [Full GC [PSYoungGen: 1005K->0K(7680K)] [ParOldGen: 10594K->4808K(17408K)] 11599K->4808K(25088K) [PSPermGen: 5111K->5111K(21504K)], 0.0050140 secs] [Times: user=0.02 sys=0.00, real=0.01 secs] 
97.663: Total time for which application threads were stopped: 0.0711800 seconds, Stopping threads took: 0.0645790 seconds
97.744: Application time: 0.0808590 seconds
97.787: [GC [PSYoungGen: 6638K->566K(7680K)] 11446K->5375K(25088K), 0.0005130 secs] [Times: user=0.00 sys=0.00, real=0.00 secs] 
97.788: Total time for which application threads were stopped: 0.0442130 seconds, Stopping threads took: 0.0436350 seconds
97.789: Application time: 0.0009420 seconds
97.832: [GC [PSYoungGen: 7029K->939K(7680K)] 11837K->10826K(25088K), 0.0019410 secs] [Times: user=0.01 sys=0.00, real=0.00 secs] 
97.834: [Full GC [PSYoungGen: 939K->0K(7680K)] [ParOldGen: 9886K->7054K(17408K)] 10826K->7054K(25088K) [PSPermGen: 5111K->5111K(21504K)], 0.0049320 secs] [Times: user=0.02 sys=0.00, real=0.00 secs] 
97.839: Total time for which application threads were stopped: 0.0505160 seconds, Stopping threads took: 0.0434870 seconds
97.924: Application time: 0.0848330 seconds
97.985: [GC [PSYoungGen: 6462K->614K(7680K)] 13516K->7669K(25088K), 0.0004200 secs] [Times: user=0.00 sys=0.00, real=0.00 secs] 
97.986: Total time for which application threads were stopped: 0.0615810 seconds, Stopping threads took: 0.0610900 seconds
97.987: Application time: 0.0009090 seconds
97.987: [GC [PSYoungGen: 7077K->1006K(7680K)] 14131K->14051K(25088K), 0.0020450 secs] [Times: user=0.01 sys=0.00, real=0.00 secs] 
97.989: [Full GC [PSYoungGen: 1006K->0K(7680K)] [ParOldGen: 13044K->8128K(17408K)] 14051K->8128K(25088K) [PSPermGen: 5111K->5111K(21504K)], 0.0051710 secs] [Times: user=0.02 sys=0.00, real=0.01 secs] 
97.994: Total time for which application threads were stopped: 0.0074960 seconds, Stopping threads took: 0.0001540 seconds
98.074: Application time: 0.0796980 seconds
98.135: [GC [PSYoungGen: 6540K->614K(7680K)] 14669K->8743K(25088K), 0.0004010 secs] [Times: user=0.00 sys=0.00, real=0.00 secs] 
98.135: Total time for which application threads were stopped: 0.0614080 seconds, Stopping threads took: 0.0609380 seconds
98.136: Application time: 0.0008500 seconds
98.136: [GC [PSYoungGen: 7077K->1005K(7680K)] 15206K->15197K(25088K), 0.0020040 secs] [Times: user=0.01 sys=0.00, real=0.00 secs] 
98.138: [Full GC [PSYoungGen: 1005K->0K(7680K)] [ParOldGen: 14191K->8128K(17408K)] 15197K->8128K(25088K) [PSPermGen: 5112K->5112K(21504K)], 0.0054260 secs] [Times: user=0.03 sys=0.00, real=0.01 secs] 
98.144: Total time for which application threads were stopped: 0.0076900 seconds, Stopping threads took: 0.0001230 seconds
98.220: Application time: 0.0766760 seconds
98.263: [GC [PSYoungGen: 6559K->1005K(7680K)] 14688K->9923K(25088K), 0.0007070 secs] [Times: user=0.01 sys=0.00, real=0.00 secs] 
98.264: [Full GC [PSYoungGen: 1005K->0K(7680K)] [ParOldGen: 8918K->2855K(17408K)] 9923K->2855K(25088K) [PSPermGen: 5112K->5112K(21504K)], 0.0040780 secs] [Times: user=0.01 sys=0.00, real=0.00 secs] 
98.268: Total time for which application threads were stopped: 0.0475140 seconds, Stopping threads took: 0.0426110 seconds
98.269: Application time: 0.0013820 seconds
98.329: [GC [PSYoungGen: 6560K->1005K(7680K)] 9415K->7970K(25088K), 0.0016210 secs] [Times: user=0.02 sys=0.00, real=0.01 secs] 
98.331: Total time for which application threads were stopped: 0.0613780 seconds, Stopping threads took: 0.0596750 seconds
98.404: Application time: 0.0731790 seconds
98.449: [GC [PSYoungGen: 7661K->973K(7680K)] 14626K->7938K(25088K), 0.0005750 secs] [Times: user=0.01 sys=0.00, real=0.01 secs] 
98.449: Total time for which application threads were stopped: 0.0453020 seconds, Stopping threads took: 0.0446320 seconds
98.450: Application time: 0.0010200 seconds
98.494: [GC [PSYoungGen: 7626K->939K(7680K)] 14592K->13569K(25088K), 0.0019540 secs] [Times: user=0.01 sys=0.00, real=0.00 secs] 
98.496: [Full GC [PSYoungGen: 939K->0K(7680K)] [ParOldGen: 12629K->7640K(17408K)] 13569K->7640K(25088K) [PSPermGen: 5112K->5112K(21504K)], 0.0050940 secs] [Times: user=0.02 sys=0.00, real=0.00 secs] 
98.501: Total time for which application threads were stopped: 0.0506350 seconds, Stopping threads took: 0.0434640 seconds
98.590: Application time: 0.0886940 seconds
98.658: [GC [PSYoungGen: 6559K->256K(7680K)] 14200K->7896K(25088K), 0.0003770 secs] [Times: user=0.00 sys=0.00, real=0.00 secs] 
98.658: Total time for which application threads were stopped: 0.0684720 seconds, Stopping threads took: 0.0680250 seconds
98.659: Application time: 0.0008530 seconds
98.659: [GC [PSYoungGen: 6894K->1005K(7680K)] 14535K->14416K(25088K), 0.0019000 secs] [Times: user=0.01 sys=0.00, real=0.00 secs] 
98.661: [Full GC [PSYoungGen: 1005K->0K(7680K)] [ParOldGen: 13410K->7835K(17408K)] 14416K->7835K(25088K) [PSPermGen: 5112K->5112K(21504K)], 0.0052540 secs] [Times: user=0.02 sys=0.01, real=0.00 secs] 
98.666: Total time for which application threads were stopped: 0.0075180 seconds, Stopping threads took: 0.0002300 seconds
98.747: Application time: 0.0804400 seconds
98.809: [GC [PSYoungGen: 6637K->451K(7680K)] 14473K->8287K(25088K), 0.0004370 secs] [Times: user=0.00 sys=0.00, real=0.01 secs] 
98.810: Total time for which application threads were stopped: 0.0626490 seconds, Stopping threads took: 0.0621520 seconds
98.810: Application time: 0.0008170 seconds
98.811: [GC [PSYoungGen: 7089K->1021K(7680K)] 14925K->14814K(25088K), 0.0019710 secs] [Times: user=0.01 sys=0.00, real=0.00 secs] 
98.813: [Full GC [PSYoungGen: 1021K->0K(7680K)] [ParOldGen: 13793K->8031K(17408K)] 14814K->8031K(25088K) [PSPermGen: 5112K->5112K(21504K)], 0.0052610 secs] [Times: user=0.02 sys=0.00, real=0.00 secs] 
98.818: Total time for which application threads were stopped: 0.0075550 seconds, Stopping threads took: 0.0001990 seconds
98.898: Application time: 0.0801500 seconds
98.960: [GC [PSYoungGen: 6637K->614K(7680K)] 14669K->8646K(25088K), 0.0004870 secs] [Times: user=0.00 sys=0.00, real=0.00 secs] 
98.960: [Full GC [PSYoungGen: 614K->0K(7680K)] [ParOldGen: 8031K->1684K(17408K)] 8646K->1684K(25088K) [PSPermGen: 5112K->5112K(21504K)], 0.0040030 secs] [Times: user=0.02 sys=0.00, real=0.01 secs] 
98.964: Total time for which application threads were stopped: 0.0664120 seconds, Stopping threads took: 0.0618080 seconds
98.966: Application time: 0.0011820 seconds
99.009: [GC [PSYoungGen: 6462K->1006K(7680K)] 8146K->7606K(25088K), 0.0018110 secs] [Times: user=0.01 sys=0.00, real=0.00 secs] 
99.011: Total time for which application threads were stopped: 0.0455880 seconds, Stopping threads took: 0.0436980 seconds
99.086: Application time: 0.0742490 seconds
99.131: [GC [PSYoungGen: 7469K->550K(7680K)] 14068K->7149K(25088K), 0.0004290 secs] [Times: user=0.00 sys=0.00, real=0.00 secs] 
99.131: Total time for which application threads were stopped: 0.0455660 seconds, Stopping threads took: 0.0450790 seconds
99.132: Application time: 0.0008820 seconds
99.183: [GC [PSYoungGen: 7189K->1005K(7680K)] 13788K->11616K(25088K), 0.0016320 secs] [Times: user=0.00 sys=0.00, real=0.00 secs] 
99.185: [Full GC [PSYoungGen: 1005K->0K(7680K)] [ParOldGen: 10611K->6078K(17408K)] 11616K->6078K(25088K) [PSPermGen: 5112K->5112K(21504K)], 0.0047700 secs] [Times: user=0.02 sys=0.01, real=0.01 secs] 
99.190: Total time for which application threads were stopped: 0.0579970 seconds, Stopping threads took: 0.0514460 seconds
99.269: Application time: 0.0785460 seconds
99.326: [GC [PSYoungGen: 6364K->646K(7680K)] 12443K->6725K(25088K), 0.0004390 secs] [Times: user=0.00 sys=0.00, real=0.00 secs] 
99.326: Total time for which application threads were stopped: 0.0575940 seconds, Stopping threads took: 0.0570910 seconds
99.327: Application time: 0.0008090 seconds
99.327: [GC [PSYoungGen: 7109K->1005K(7680K)] 13187K->13146K(25088K), 0.0020550 secs] [Times: user=0.00 sys=0.01, real=0.01 secs] 
99.329: [Full GC [PSYoungGen: 1005K->0K(7680K)] [ParOldGen: 12141K->8129K(17408K)] 13146K->8129K(25088K) [PSPermGen: 5112K->5112K(21504K)], 0.0051380 secs] [Times: user=0.03 sys=0.00, real=0.00 secs] 
99.335: Total time for which application threads were stopped: 0.0076820 seconds, Stopping threads took: 0.0003400 seconds
99.439: Application time: 0.1045100 seconds
99.499: [GC [PSYoungGen: 6540K->614K(7680K)] 14669K->8743K(25088K), 0.0003720 secs] [Times: user=0.00 sys=0.00, real=0.00 secs] 
99.499: [Full GC [PSYoungGen: 614K->0K(7680K)] [ParOldGen: 8129K->1684K(17408K)] 8743K->1684K(25088K) [PSPermGen: 5112K->5112K(21504K)], 0.0038300 secs] [Times: user=0.02 sys=0.01, real=0.01 secs] 
99.503: Total time for which application threads were stopped: 0.0641500 seconds, Stopping threads took: 0.0598260 seconds
99.505: Application time: 0.0012400 seconds
99.547: [GC [PSYoungGen: 6560K->1005K(7680K)] 8244K->7775K(25088K), 0.0018510 secs] [Times: user=0.01 sys=0.00, real=0.01 secs] 
99.549: Total time for which application threads were stopped: 0.0447620 seconds, Stopping threads took: 0.0428290 seconds
99.628: Application time: 0.0784720 seconds
99.669: [GC [PSYoungGen: 7565K->841K(7680K)] 14335K->7612K(25088K), 0.0004320 secs] [Times: user=0.00 sys=0.00, real=0.01 secs] 
99.669: Total time for which application threads were stopped: 0.0416730 seconds, Stopping threads took: 0.0411780 seconds
99.670: Application time: 0.0008850 seconds
99.714: [GC [PSYoungGen: 7480K->1006K(7680K)] 14250K->13009K(25088K), 0.0019090 secs] [Times: user=0.01 sys=0.00, real=0.00 secs] 
99.716: [Full GC [PSYoungGen: 1006K->0K(7680K)] [ParOldGen: 12002K->7348K(17408K)] 13009K->7348K(25088K) [PSPermGen: 5112K->5112K(21504K)], 0.0052670 secs] [Times: user=0.02 sys=0.00, real=0.01 secs] 
99.722: Total time for which application threads were stopped: 0.0512260 seconds, Stopping threads took: 0.0438990 seconds
99.797: Application time: 0.0752850 seconds
99.843: [GC [PSYoungGen: 6559K->941K(7680K)] 13908K->8289K(25088K), 0.0005030 secs] [Times: user=0.01 sys=0.00, real=0.00 secs] 
99.843: Total time for which application threads were stopped: 0.0462500 seconds, Stopping threads took: 0.0456730 seconds
99.844: Application time: 0.0009200 seconds
99.887: [GC [PSYoungGen: 7579K->1006K(7680K)] 14927K->13782K(25088K), 0.0019700 secs] [Times: user=0.02 sys=0.00, real=0.01 secs] 
99.889: [Full GC [PSYoungGen: 1006K->0K(7680K)] [ParOldGen: 12775K->7543K(17408K)] 13782K->7543K(25088K) [PSPermGen: 5112K->5112K(21504K)], 0.0050540 secs] [Times: user=0.02 sys=0.00, real=0.00 secs] 
99.895: Total time for which application threads were stopped: 0.0505260 seconds, Stopping threads took: 0.0433780 seconds
99.973: Application time: 0.0783380 seconds
100.034: [GC [PSYoungGen: 6656K->192K(7680K)] 14199K->7735K(25088K), 0.0004430 secs] [Times: user=0.00 sys=0.00, real=0.00 secs] 
100.035: Total time for which application threads were stopped: 0.0619870 seconds, Stopping threads took: 0.0614650 seconds
100.036: Application time: 0.0007770 seconds
100.036: [GC [PSYoungGen: 6752K->1008K(7680K)] 14295K->14174K(25088K), 0.0019500 secs] [Times: user=0.01 sys=0.00, real=0.00 secs] 
100.038: [Full GC [PSYoungGen: 1008K->0K(7680K)] [ParOldGen: 13166K->7836K(17408K)] 14174K->7836K(25088K) [PSPermGen: 5112K->5112K(21504K)], 0.0050110 secs] [Times: user=0.02 sys=0.00, real=0.01 secs] 
100.043: Total time for which application threads were stopped: 0.0072850 seconds, Stopping threads took: 0.0001960 seconds
100.123: Application time: 0.0803810 seconds
100.185: [GC [PSYoungGen: 6637K->419K(7680K)] 14474K->8255K(25088K), 0.0004280 secs] [Times: user=0.00 sys=0.00, real=0.00 secs] 
100.186: [Full GC [PSYoungGen: 419K->0K(7680K)] [ParOldGen: 7836K->1489K(17408K)] 8255K->1489K(25088K) [PSPermGen: 5112K->5112K(21504K)], 0.0040710 secs] [Times: user=0.01 sys=0.01, real=0.01 secs] 
100.190: Total time for which application threads were stopped: 0.0671770 seconds, Stopping threads took: 0.0614050 seconds
100.192: Application time: 0.0011130 seconds
100.192: [GC [PSYoungGen: 6560K->1006K(7680K)] 8049K->8192K(25088K), 0.0020270 secs] [Times: user=0.01 sys=0.00, real=0.00 secs] 
100.194: [Full GC [PSYoungGen: 1006K->0K(7680K)] [ParOldGen: 7185K->8033K(17408K)] 8192K->8033K(25088K) [PSPermGen: 5112K->5112K(21504K)], 0.0043170 secs] [Times: user=0.02 sys=0.00, real=0.00 secs] 
100.198: Total time for which application threads were stopped: 0.0066010 seconds, Stopping threads took: 0.0001320 seconds
100.278: Application time: 0.0797910 seconds
100.341: [GC [PSYoungGen: 6559K->614K(7680K)] 14593K->8648K(25088K), 0.0004200 secs] [Times: user=0.00 sys=0.00, real=0.00 secs] 
100.342: [Full GC [PSYoungGen: 614K->0K(7680K)] [ParOldGen: 8033K->1684K(17408K)] 8648K->1684K(25088K) [PSPermGen: 5112K->5112K(21504K)], 0.0038580 secs] [Times: user=0.01 sys=0.00, real=0.00 secs] 
100.346: Total time for which application threads were stopped: 0.0677450 seconds, Stopping threads took: 0.0633570 seconds
100.347: Application time: 0.0012070 seconds
100.391: [GC [PSYoungGen: 6560K->1005K(7680K)] 8244K->7776K(25088K), 0.0018280 secs] [Times: user=0.02 sys=0.00, real=0.00 secs] 
100.393: Total time for which application threads were stopped: 0.0458950 seconds, Stopping threads took: 0.0439890 seconds
100.467: Application time: 0.0743720 seconds
100.512: [GC [PSYoungGen: 7467K->939K(7680K)] 14238K->9663K(25088K), 0.0009360 secs] [Times: user=0.00 sys=0.00, real=0.00 secs] 
100.513: [Full GC [PSYoungGen: 939K->0K(7680K)] [ParOldGen: 8724K->3930K(17408K)] 9663K->3930K(25088K) [PSPermGen: 5112K->5112K(21504K)], 0.0043410 secs] [Times: user=0.02 sys=0.00, real=0.00 secs] 
100.517: Total time for which application threads were stopped: 0.0499990 seconds, Stopping threads took: 0.0446020 seconds
100.597: Application time: 0.0794880 seconds
100.612: [GC [PSYoungGen: 6364K->614K(7680K)] 10295K->4545K(25088K), 0.0004710 secs] [Times: user=0.00 sys=0.00, real=0.00 secs] 
100.612: Total time for which application threads were stopped: 0.0153250 seconds, Stopping threads took: 0.0147730 seconds
100.613: Application time: 0.0007460 seconds
100.662: [GC [PSYoungGen: 7155K->1006K(7680K)] 11085K->9852K(25088K), 0.0019270 secs] [Times: user=0.01 sys=0.00, real=0.00 secs] 
100.664: [Full GC [PSYoungGen: 1006K->0K(7680K)] [ParOldGen: 8845K->7055K(17408K)] 9852K->7055K(25088K) [PSPermGen: 5113K->5113K(21504K)], 0.0046850 secs] [Times: user=0.02 sys=0.00, real=0.00 secs] 
100.669: Total time for which application threads were stopped: 0.0560900 seconds, Stopping threads took: 0.0493500 seconds
100.743: Application time: 0.0736270 seconds
100.788: [GC [PSYoungGen: 6559K->1005K(7680K)] 13615K->8849K(25088K), 0.0007780 secs] [Times: user=0.00 sys=0.00, real=0.00 secs] 
100.789: Total time for which application threads were stopped: 0.0463750 seconds, Stopping threads took: 0.0455240 seconds
100.790: Application time: 0.0011040 seconds
100.833: [GC [PSYoungGen: 7643K->1005K(7680K)] 15488K->14034K(25088K), 0.0018820 secs] [Times: user=0.01 sys=0.00, real=0.00 secs] 
100.835: [Full GC [PSYoungGen: 1005K->0K(7680K)] [ParOldGen: 13028K->7250K(17408K)] 14034K->7250K(25088K) [PSPermGen: 5113K->5113K(21504K)], 0.0050210 secs] [Times: user=0.02 sys=0.00, real=0.00 secs] 
100.840: Total time for which application threads were stopped: 0.0502190 seconds, Stopping threads took: 0.0431880 seconds
100.913: Application time: 0.0731340 seconds
100.959: [GC [PSYoungGen: 6345K->614K(7680K)] 13596K->7865K(25088K), 0.0005870 secs] [Times: user=0.00 sys=0.00, real=0.00 secs] 
100.959: Total time for which application threads were stopped: 0.0459310 seconds, Stopping threads took: 0.0452780 seconds
100.960: Application time: 0.0008590 seconds
100.960: [GC [PSYoungGen: 7174K->1005K(7680K)] 14425K->14417K(25088K), 0.0020410 secs] [Times: user=0.01 sys=0.00, real=0.01 secs] 
100.962: [Full GC [PSYoungGen: 1005K->0K(7680K)] [ParOldGen: 13411K->8227K(17408K)] 14417K->8227K(25088K) [PSPermGen: 5113K->5113K(21504K)], 0.0051520 secs] [Times: user=0.02 sys=0.00, real=0.00 secs] 
100.968: Total time for which application threads were stopped: 0.0073780 seconds, Stopping threads took: 0.0000630 seconds
101.046: Application time: 0.0780640 seconds
101.107: [GC [PSYoungGen: 6442K->614K(7680K)] 14669K->8842K(25088K), 0.0004530 secs] [Times: user=0.00 sys=0.00, real=0.00 secs] 
101.107: [Full GC [PSYoungGen: 614K->0K(7680K)] [ParOldGen: 8227K->1684K(17408K)] 8842K->1684K(25088K) [PSPermGen: 5113K->5113K(21504K)], 0.0041200 secs] [Times: user=0.01 sys=0.00, real=0.01 secs] 
101.111: Total time for which application threads were stopped: 0.0658280 seconds, Stopping threads took: 0.0611430 seconds
101.113: Application time: 0.0013320 seconds
101.155: [GC [PSYoungGen: 6638K->1005K(7680K)] 8323K->7776K(25088K), 0.0017650 secs] [Times: user=0.01 sys=0.00, real=0.00 secs] 
101.157: Total time for which application threads were stopped: 0.0438180 seconds, Stopping threads took: 0.0419770 seconds
101.231: Application time: 0.0744840 seconds
101.277: [GC [PSYoungGen: 7369K->939K(7680K)] 14141K->8492K(25088K), 0.0007890 secs] [Times: user=0.00 sys=0.01, real=0.00 secs] 
101.277: Total time for which application threads were stopped: 0.0463300 seconds, Stopping threads took: 0.0454710 seconds
101.278: Application time: 0.0010940 seconds
101.335: [GC [PSYoungGen: 7578K->1007K(7680K)] 15130K->12546K(25088K), 0.0015520 secs] [Times: user=0.01 sys=0.00, real=0.00 secs] 
101.337: [Full GC [PSYoungGen: 1007K->0K(7680K)] [ParOldGen: 11539K->6079K(17408K)] 12546K->6079K(25088K) [PSPermGen: 5113K->5113K(21504K)], 0.0048150 secs] [Times: user=0.03 sys=0.00, real=0.01 secs] 
101.342: Total time for which application threads were stopped: 0.0631730 seconds, Stopping threads took: 0.0566830 seconds
101.419: Application time: 0.0772290 seconds
101.464: [GC [PSYoungGen: 6364K->582K(7680K)] 12444K->6662K(25088K), 0.0004320 secs] [Times: user=0.00 sys=0.00, real=0.00 secs] 
101.464: Total time for which application threads were stopped: 0.0455920 seconds, Stopping threads took: 0.0450890 seconds
101.465: Application time: 0.0008690 seconds
101.508: [GC [PSYoungGen: 7045K->1005K(7680K)] 13124K->12073K(25088K), 0.0017820 secs] [Times: user=0.01 sys=0.00, real=0.01 secs] 
101.510: [Full GC [PSYoungGen: 1005K->0K(7680K)] [ParOldGen: 11068K->7055K(17408K)] 12073K->7055K(25088K) [PSPermGen: 5113K->5113K(21504K)], 0.0047460 secs] [Times: user=0.02 sys=0.00, real=0.00 secs] 
101.515: Total time for which application threads were stopped: 0.0495170 seconds, Stopping threads took: 0.0428600 seconds
101.597: Application time: 0.0824660 seconds
101.665: [GC [PSYoungGen: 6656K->809K(7680K)] 13711K->7865K(25088K), 0.0004800 secs] [Times: user=0.00 sys=0.00, real=0.00 secs] 
101.666: Total time for which application threads were stopped: 0.0683350 seconds, Stopping threads took: 0.0677730 seconds
101.667: Application time: 0.0009140 seconds
101.711: [GC [PSYoungGen: 7370K->1006K(7680K)] 14425K->12196K(25088K), 0.0015370 secs] [Times: user=0.01 sys=0.00, real=0.00 secs] 
101.713: [Full GC [PSYoungGen: 1006K->0K(7680K)] [ParOldGen: 11189K->6274K(17408K)] 12196K->6274K(25088K) [PSPermGen: 5113K->5113K(21504K)], 0.0048250 secs] [Times: user=0.02 sys=0.01, real=0.00 secs] 
101.718: Total time for which application threads were stopped: 0.0511380 seconds, Stopping threads took: 0.0446390 seconds
101.801: Application time: 0.0831480 seconds
101.855: [GC [PSYoungGen: 6638K->973K(7680K)] 12912K->7247K(25088K), 0.0008320 secs] [Times: user=0.00 sys=0.00, real=0.00 secs] 
101.856: Total time for which application threads were stopped: 0.0551570 seconds, Stopping threads took: 0.0542550 seconds
101.857: Application time: 0.0009880 seconds
101.901: [GC [PSYoungGen: 7533K->1005K(7680K)] 13808K->12780K(25088K), 0.0019410 secs] [Times: user=0.01 sys=0.00, real=0.01 secs] 
101.903: [Full GC [PSYoungGen: 1005K->0K(7680K)] [ParOldGen: 11775K->7544K(17408K)] 12780K->7544K(25088K) [PSPermGen: 5113K->5113K(21504K)], 0.0050720 secs] [Times: user=0.02 sys=0.00, real=0.00 secs] 
101.908: Total time for which application threads were stopped: 0.0506910 seconds, Stopping threads took: 0.0435490 seconds
101.985: Application time: 0.0770830 seconds
102.048: [GC [PSYoungGen: 6656K->256K(7680K)] 14200K->7800K(25088K), 0.0003730 secs] [Times: user=0.00 sys=0.00, real=0.00 secs] 
102.048: Total time for which application threads were stopped: 0.0634420 seconds, Stopping threads took: 0.0630080 seconds
102.049: Application time: 0.0008870 seconds
102.049: [GC [PSYoungGen: 6894K->1005K(7680K)] 14438K->14319K(25088K), 0.0019750 secs] [Times: user=0.02 sys=0.00, real=0.00 secs] 
102.051: [Full GC [PSYoungGen: 1005K->0K(7680K)] [ParOldGen: 13314K->7837K(17408K)] 14319K->7837K(25088K) [PSPermGen: 5113K->5113K(21504K)], 0.0049840 secs] [Times: user=0.02 sys=0.00, real=0.00 secs] 
102.056: Total time for which application threads were stopped: 0.0073330 seconds, Stopping threads took: 0.0002410 seconds
102.139: Application time: 0.0822610 seconds
102.201: [GC [PSYoungGen: 6559K->451K(7680K)] 14396K->8288K(25088K), 0.0006550 secs] [Times: user=0.00 sys=0.00, real=0.00 secs] 
102.202: Total time for which application threads were stopped: 0.0633050 seconds, Stopping threads took: 0.0625720 seconds
102.205: Application time: 0.0034430 seconds
102.253: [GC [PSYoungGen: 7011K->973K(7680K)] 14848K->11544K(25088K), 0.0011450 secs] [Times: user=0.01 sys=0.00, real=0.00 secs] 
102.255: [Full GC [PSYoungGen: 973K->0K(7680K)] [ParOldGen: 10571K->4809K(17408K)] 11544K->4809K(25088K) [PSPermGen: 5113K->5113K(21504K)], 0.0044480 secs] [Times: user=0.02 sys=0.00, real=0.00 secs] 
102.259: Total time for which application threads were stopped: 0.0535000 seconds, Stopping threads took: 0.0477660 seconds
102.339: Application time: 0.0801010 seconds
102.383: [GC [PSYoungGen: 6559K->646K(7680K)] 11369K->5456K(25088K), 0.0004010 secs] [Times: user=0.00 sys=0.00, real=0.00 secs] 
102.384: Total time for which application threads were stopped: 0.0444300 seconds, Stopping threads took: 0.0439650 seconds
102.384: Application time: 0.0008350 seconds
102.428: [GC [PSYoungGen: 7109K->1006K(7680K)] 11918K->10731K(25088K), 0.0018430 secs] [Times: user=0.01 sys=0.00, real=0.01 secs] 
102.430: [Full GC [PSYoungGen: 1006K->0K(7680K)] [ParOldGen: 9724K->7055K(17408K)] 10731K->7055K(25088K) [PSPermGen: 5113K->5113K(21504K)], 0.0046970 secs] [Times: user=0.02 sys=0.00, real=0.00 secs] 
102.434: Total time for which application threads were stopped: 0.0500170 seconds, Stopping threads took: 0.0433500 seconds
102.515: Application time: 0.0803020 seconds
102.580: [GC [PSYoungGen: 6540K->646K(7680K)] 13596K->7702K(25088K), 0.0005710 secs] [Times: user=0.00 sys=0.00, real=0.00 secs] 
102.581: Total time for which application threads were stopped: 0.0658240 seconds, Stopping threads took: 0.0651820 seconds
102.581: Application time: 0.0008680 seconds
102.624: [GC [PSYoungGen: 7285K->1005K(7680K)] 14341K->13171K(25088K), 0.0019740 secs] [Times: user=0.02 sys=0.00, real=0.00 secs] 
102.626: [Full GC [PSYoungGen: 1005K->0K(7680K)] [ParOldGen: 12166K->7153K(17408K)] 13171K->7153K(25088K) [PSPermGen: 5113K->5113K(21504K)], 0.0051170 secs] [Times: user=0.02 sys=0.00, real=0.01 secs] 
102.631: Total time for which application threads were stopped: 0.0500780 seconds, Stopping threads took: 0.0428570 seconds
102.706: Application time: 0.0742280 seconds
102.751: [GC [PSYoungGen: 6442K->646K(7680K)] 13596K->7800K(25088K), 0.0004520 secs] [Times: user=0.00 sys=0.00, real=0.00 secs] 
102.751: Total time for which application threads were stopped: 0.0455790 seconds, Stopping threads took: 0.0450510 seconds
102.752: Application time: 0.0007530 seconds
102.804: [GC [PSYoungGen: 7206K->1005K(7680K)] 14360K->13237K(25088K), 0.0019290 secs] [Times: user=0.01 sys=0.00, real=0.00 secs] 
102.806: [Full GC [PSYoungGen: 1005K->0K(7680K)] [ParOldGen: 12232K->7154K(17408K)] 13237K->7154K(25088K) [PSPermGen: 5113K->5113K(21504K)], 0.0049750 secs] [Times: user=0.02 sys=0.00, real=0.01 secs] 
102.811: Total time for which application threads were stopped: 0.0590470 seconds, Stopping threads took: 0.0520140 seconds
102.888: Application time: 0.0772200 seconds
102.932: [GC [PSYoungGen: 6364K->646K(7680K)] 13518K->7800K(25088K), 0.0005490 secs] [Times: user=0.00 sys=0.00, real=0.00 secs] 
102.933: Total time for which application threads were stopped: 0.0442700 seconds, Stopping threads took: 0.0436580 seconds
102.933: Application time: 0.0008780 seconds
102.977: [GC [PSYoungGen: 7285K->1005K(7680K)] 14439K->13245K(25088K), 0.0018270 secs] [Times: user=0.02 sys=0.00, real=0.00 secs] 
102.979: [Full GC [PSYoungGen: 1005K->0K(7680K)] [ParOldGen: 12240K->7153K(17408K)] 13245K->7153K(25088K) [PSPermGen: 5113K->5113K(21504K)], 0.0049720 secs] [Times: user=0.02 sys=0.00, real=0.01 secs] 
102.984: Total time for which application threads were stopped: 0.0506610 seconds, Stopping threads took: 0.0437320 seconds
103.058: Application time: 0.0733820 seconds
103.061: [GC [PSYoungGen: 6540K->1006K(7680K)] 13694K->11040K(25088K), 0.0012250 secs] [Times: user=0.00 sys=0.00, real=0.00 secs] 
103.062: [Full GC [PSYoungGen: 1006K->0K(7680K)] [ParOldGen: 10034K->5005K(17408K)] 11040K->5005K(25088K) [PSPermGen: 5113K->5113K(21504K)], 0.0045220 secs] [Times: user=0.02 sys=0.00, real=0.00 secs] 
103.067: Total time for which application threads were stopped: 0.0094740 seconds, Stopping threads took: 0.0035930 seconds
103.139: Application time: 0.0721980 seconds
103.186: [GC [PSYoungGen: 6364K->582K(7680K)] 11370K->5588K(25088K), 0.0004920 secs] [Times: user=0.00 sys=0.00, real=0.00 secs] 
103.187: Total time for which application threads were stopped: 0.0474070 seconds, Stopping threads took: 0.0468480 seconds
103.188: Application time: 0.0009580 seconds
103.231: [GC [PSYoungGen: 7142K->907K(7680K)] 12148K->10015K(25088K), 0.0015900 secs] [Times: user=0.01 sys=0.00, real=0.00 secs] 
103.233: [Full GC [PSYoungGen: 907K->0K(7680K)] [ParOldGen: 9107K->6079K(17408K)] 10015K->6079K(25088K) [PSPermGen: 5113K->5113K(21504K)], 0.0044840 secs] [Times: user=0.02 sys=0.00, real=0.00 secs] 
103.237: Total time for which application threads were stopped: 0.0498570 seconds, Stopping threads took: 0.0436580 seconds
103.314: Application time: 0.0768160 seconds
103.358: [GC [PSYoungGen: 6540K->1005K(7680K)] 12620K->7874K(25088K), 0.0006640 secs] [Times: user=0.00 sys=0.00, real=0.00 secs] 
103.359: Total time for which application threads were stopped: 0.0444350 seconds, Stopping threads took: 0.0436760 seconds
103.360: Application time: 0.0010810 seconds
103.403: [GC [PSYoungGen: 7565K->907K(7680K)] 14434K->13050K(25088K), 0.0019530 secs] [Times: user=0.01 sys=0.01, real=0.00 secs] 
103.405: [Full GC [PSYoungGen: 907K->0K(7680K)] [ParOldGen: 12142K->7251K(17408K)] 13050K->7251K(25088K) [PSPermGen: 5114K->5114K(21504K)], 0.0049520 secs] [Times: user=0.02 sys=0.00, real=0.01 secs] 
103.410: Total time for which application threads were stopped: 0.0503940 seconds, Stopping threads took: 0.0433500 seconds
103.488: Application time: 0.0779820 seconds
103.532: [GC [PSYoungGen: 6462K->745K(7680K)] 13714K->7997K(25088K), 0.0004820 secs] [Times: user=0.00 sys=0.00, real=0.00 secs] 
103.533: Total time for which application threads were stopped: 0.0446850 seconds, Stopping threads took: 0.0441250 seconds
103.534: Application time: 0.0009790 seconds
103.587: [GC [PSYoungGen: 7305K->1006K(7680K)] 14557K->13466K(25088K), 0.0018180 secs] [Times: user=0.02 sys=0.00, real=0.00 secs] 
103.589: [Full GC [PSYoungGen: 1006K->0K(7680K)] [ParOldGen: 12459K->7349K(17408K)] 13466K->7349K(25088K) [PSPermGen: 5114K->5114K(21504K)], 0.0051990 secs] [Times: user=0.02 sys=0.00, real=0.01 secs] 
103.594: Total time for which application threads were stopped: 0.0602230 seconds, Stopping threads took: 0.0530780 seconds
103.671: Application time: 0.0768200 seconds
103.715: [GC [PSYoungGen: 6637K->1005K(7680K)] 13987K->8354K(25088K), 0.0006470 secs] [Times: user=0.00 sys=0.00, real=0.00 secs] 
103.716: Total time for which application threads were stopped: 0.0450540 seconds, Stopping threads took: 0.0443380 seconds
103.717: Application time: 0.0009620 seconds
103.761: [GC [PSYoungGen: 7565K->1005K(7680K)] 14914K->13831K(25088K), 0.0019650 secs] [Times: user=0.02 sys=0.00, real=0.01 secs] 
103.763: [Full GC [PSYoungGen: 1005K->0K(7680K)] [ParOldGen: 12826K->7544K(17408K)] 13831K->7544K(25088K) [PSPermGen: 5114K->5114K(21504K)], 0.0053180 secs] [Times: user=0.02 sys=0.00, real=0.00 secs] 
103.768: Total time for which application threads were stopped: 0.0510540 seconds, Stopping threads took: 0.0436310 seconds
103.848: Application time: 0.0800310 seconds
103.899: [GC [PSYoungGen: 6462K->973K(7680K)] 14006K->9689K(25088K), 0.0007510 secs] [Times: user=0.01 sys=0.00, real=0.00 secs] 
103.900: [Full GC [PSYoungGen: 973K->0K(7680K)] [ParOldGen: 8716K->3247K(17408K)] 9689K->3247K(25088K) [PSPermGen: 5114K->5114K(21504K)], 0.0041440 secs] [Times: user=0.01 sys=0.00, real=0.01 secs] 
103.904: Total time for which application threads were stopped: 0.0559180 seconds, Stopping threads took: 0.0508970 seconds
103.905: Application time: 0.0013880 seconds
103.975: [GC [PSYoungGen: 6560K->907K(7680K)] 9808K->5522K(25088K), 0.0008690 secs] [Times: user=0.00 sys=0.00, real=0.00 secs] 
103.976: Total time for which application threads were stopped: 0.0703890 seconds, Stopping threads took: 0.0694490 seconds
104.048: Application time: 0.0724330 seconds
104.052: [GC [PSYoungGen: 7546K->256K(7680K)] 12161K->4871K(25088K), 0.0003510 secs] [Times: user=0.00 sys=0.00, real=0.00 secs] 
104.052: Total time for which application threads were stopped: 0.0041920 seconds, Stopping threads took: 0.0037830 seconds
104.053: Application time: 0.0007120 seconds
104.053: [GC [PSYoungGen: 6816K->1008K(7680K)] 11431K->11254K(25088K), 0.0018380 secs] [Times: user=0.01 sys=0.01, real=0.00 secs] 
104.055: [Full GC [PSYoungGen: 1008K->0K(7680K)] [ParOldGen: 10245K->7837K(17408K)] 11254K->7837K(25088K) [PSPermGen: 5114K->5114K(21504K)], 0.0049230 secs] [Times: user=0.02 sys=0.00, real=0.00 secs] 
104.060: Total time for which application threads were stopped: 0.0070300 seconds, Stopping threads took: 0.0001480 seconds
104.140: Application time: 0.0795880 seconds
104.200: [GC [PSYoungGen: 6559K->451K(7680K)] 14397K->8288K(25088K), 0.0009370 secs] [Times: user=0.00 sys=0.00, real=0.01 secs] 
104.201: Total time for which application threads were stopped: 0.0617370 seconds, Stopping threads took: 0.0607270 seconds
104.202: Application time: 0.0007790 seconds
104.202: [GC [PSYoungGen: 7011K->1008K(7680K)] 14849K->14664K(25088K), 0.0018030 secs] [Times: user=0.01 sys=0.00, real=0.00 secs] 
104.204: [Full GC [PSYoungGen: 1008K->0K(7680K)] [ParOldGen: 13655K->8032K(17408K)] 14664K->8032K(25088K) [PSPermGen: 5114K->5114K(21504K)], 0.0053480 secs] [Times: user=0.03 sys=0.00, real=0.01 secs] 
104.210: Total time for which application threads were stopped: 0.0074270 seconds, Stopping threads took: 0.0001630 seconds
104.289: Application time: 0.0796430 seconds
104.339: [GC [PSYoungGen: 6559K->646K(7680K)] 14592K->8679K(25088K), 0.0003770 secs] [Times: user=0.00 sys=0.00, real=0.00 secs] 
104.339: Total time for which application threads were stopped: 0.0497970 seconds, Stopping threads took: 0.0493460 seconds
104.340: Application time: 0.0008190 seconds
104.340: [GC [PSYoungGen: 7109K->1008K(7680K)] 15142K->14957K(25088K), 0.0022640 secs] [Times: user=0.01 sys=0.00, real=0.01 secs] 
104.342: [Full GC [PSYoungGen: 1008K->0K(7680K)] [ParOldGen: 13948K->8130K(17408K)] 14957K->8130K(25088K) [PSPermGen: 5114K->5114K(21504K)], 0.0051190 secs] [Times: user=0.03 sys=0.00, real=0.00 secs] 
104.348: Total time for which application threads were stopped: 0.0077350 seconds, Stopping threads took: 0.0002110 seconds
104.427: Application time: 0.0797880 seconds
104.489: [GC [PSYoungGen: 6501K->451K(7680K)] 14631K->8582K(25088K), 0.0004090 secs] [Times: user=0.00 sys=0.00, real=0.00 secs] 
104.489: [Full GC [PSYoungGen: 451K->0K(7680K)] [ParOldGen: 8130K->1490K(17408K)] 8582K->1490K(25088K) [PSPermGen: 5114K->5114K(21504K)], 0.0038860 secs] [Times: user=0.02 sys=0.00, real=0.01 secs] 
104.493: Total time for which application threads were stopped: 0.0655740 seconds, Stopping threads took: 0.0611680 seconds
104.494: Application time: 0.0010520 seconds
104.494: [GC [PSYoungGen: 6560K->1008K(7680K)] 8050K->8113K(25088K), 0.0020090 secs] [Times: user=0.02 sys=0.00, real=0.00 secs] 
104.496: Total time for which application threads were stopped: 0.0022550 seconds, Stopping threads took: 0.0001680 seconds
104.575: Application time: 0.0789220 seconds
104.637: [GC [PSYoungGen: 7529K->419K(7680K)] 14634K->7524K(25088K), 0.0003990 secs] [Times: user=0.00 sys=0.00, real=0.00 secs] 
104.637: Total time for which application threads were stopped: 0.0619630 seconds, Stopping threads took: 0.0614880 seconds
104.638: Application time: 0.0007460 seconds
104.638: [GC [PSYoungGen: 6979K->1006K(7680K)] 14084K->14035K(25088K), 0.0019110 secs] [Times: user=0.02 sys=0.00, real=0.00 secs] 
104.640: [Full GC [PSYoungGen: 1006K->0K(7680K)] [ParOldGen: 13028K->8033K(17408K)] 14035K->8033K(25088K) [PSPermGen: 5114K->5114K(21504K)], 0.0052020 secs] [Times: user=0.02 sys=0.00, real=0.01 secs] 
104.645: Total time for which application threads were stopped: 0.0074590 seconds, Stopping threads took: 0.0002160 seconds
104.724: Application time: 0.0786930 seconds
104.786: [GC [PSYoungGen: 6559K->646K(7680K)] 14593K->8679K(25088K), 0.0004010 secs] [Times: user=0.00 sys=0.00, real=0.00 secs] 
104.786: [Full GC [PSYoungGen: 646K->0K(7680K)] [ParOldGen: 8033K->1685K(17408K)] 8679K->1685K(25088K) [PSPermGen: 5114K->5114K(21504K)], 0.0040620 secs] [Times: user=0.02 sys=0.00, real=0.01 secs] 
104.790: Total time for which application threads were stopped: 0.0660790 seconds, Stopping threads took: 0.0615070 seconds
104.791: Application time: 0.0012810 seconds
104.833: [GC [PSYoungGen: 6560K->1005K(7680K)] 8246K->7777K(25088K), 0.0017450 secs] [Times: user=0.01 sys=0.00, real=0.00 secs] 
104.835: Total time for which application threads were stopped: 0.0431630 seconds, Stopping threads took: 0.0413490 seconds
104.911: Application time: 0.0767550 seconds
104.965: [GC [PSYoungGen: 7369K->614K(7680K)] 14142K->7387K(25088K), 0.0005220 secs] [Times: user=0.00 sys=0.00, real=0.00 secs] 
104.966: Total time for which application threads were stopped: 0.0543970 seconds, Stopping threads took: 0.0538080 seconds
104.973: Application time: 0.0077290 seconds
105.036: [GC [PSYoungGen: 7174K->1005K(7680K)] 13947K->8558K(25088K), 0.0007560 secs] [Times: user=0.00 sys=0.00, real=0.00 secs] 
105.037: Total time for which application threads were stopped: 0.0632080 seconds, Stopping threads took: 0.0623560 seconds
105.038: Application time: 0.0009530 seconds
105.080: [GC [PSYoungGen: 7467K->1005K(7680K)] 15021K->12563K(25088K), 0.0015820 secs] [Times: user=0.01 sys=0.00, real=0.01 secs] 
105.082: [Full GC [PSYoungGen: 1005K->0K(7680K)] [ParOldGen: 11557K->6080K(17408K)] 12563K->6080K(25088K) [PSPermGen: 5114K->5114K(21504K)], 0.0049440 secs] [Times: user=0.03 sys=0.00, real=0.00 secs] 
105.087: Total time for which application threads were stopped: 0.0491400 seconds, Stopping threads took: 0.0424650 seconds
105.159: Application time: 0.0722660 seconds
105.201: [GC [PSYoungGen: 6560K->939K(7680K)] 12640K->7996K(25088K), 0.0021940 secs] [Times: user=0.00 sys=0.00, real=0.01 secs] 
105.203: Total time for which application threads were stopped: 0.0441540 seconds, Stopping threads took: 0.0418930 seconds
105.204: Application time: 0.0011310 seconds
105.259: [GC [PSYoungGen: 7460K->1005K(7680K)] 14518K->12066K(25088K), 0.0017310 secs] [Times: user=0.01 sys=0.00, real=0.00 secs] 
105.261: [Full GC [PSYoungGen: 1005K->0K(7680K)] [ParOldGen: 11061K->6080K(17408K)] 12066K->6080K(25088K) [PSPermGen: 5114K->5114K(21504K)], 0.0050810 secs] [Times: user=0.02 sys=0.00, real=0.01 secs] 
105.266: Total time for which application threads were stopped: 0.0613510 seconds, Stopping threads took: 0.0543990 seconds
105.338: Application time: 0.0723520 seconds
105.384: [GC [PSYoungGen: 6656K->841K(7680K)] 12736K->8094K(25088K), 0.0006970 secs] [Times: user=0.01 sys=0.00, real=0.00 secs] 
105.384: Total time for which application threads were stopped: 0.0462850 seconds, Stopping threads took: 0.0455210 seconds
105.385: Application time: 0.0010670 seconds
105.429: [GC [PSYoungGen: 7401K->1005K(7680K)] 14654K->12563K(25088K), 0.0017070 secs] [Times: user=0.01 sys=0.00, real=0.01 secs] 
105.430: [Full GC [PSYoungGen: 1005K->0K(7680K)] [ParOldGen: 11557K->6373K(17408K)] 12563K->6373K(25088K) [PSPermGen: 5114K->5114K(21504K)], 0.0050440 secs] [Times: user=0.02 sys=0.00, real=0.00 secs] 
105.435: Total time for which application threads were stopped: 0.0500950 seconds, Stopping threads took: 0.0432190 seconds
105.508: Application time: 0.0721240 seconds
105.553: [GC [PSYoungGen: 6656K->939K(7680K)] 13029K->8680K(25088K), 0.0007810 secs] [Times: user=0.00 sys=0.01, real=0.00 secs] 
105.553: Total time for which application threads were stopped: 0.0457390 seconds, Stopping threads took: 0.0448810 seconds
105.633: Application time: 0.0793540 seconds
105.651: [GC [PSYoungGen: 7578K->256K(7680K)] 15318K->7996K(25088K), 0.0004100 secs] [Times: user=0.00 sys=0.00, real=0.00 secs] 
105.651: Total time for which application threads were stopped: 0.0182230 seconds, Stopping threads took: 0.0177510 seconds
105.652: Application time: 0.0005820 seconds
105.652: [GC [PSYoungGen: 6816K->1008K(7680K)] 14557K->14396K(25088K), 0.0019030 secs] [Times: user=0.01 sys=0.00, real=0.00 secs] 
105.654: [Full GC [PSYoungGen: 1008K->0K(7680K)] [ParOldGen: 13387K->7838K(17408K)] 14396K->7838K(25088K) [PSPermGen: 5114K->5114K(21504K)], 0.0050730 secs] [Times: user=0.02 sys=0.00, real=0.00 secs] 
105.659: Total time for which application threads were stopped: 0.0073030 seconds, Stopping threads took: 0.0002040 seconds
105.739: Application time: 0.0798630 seconds
105.799: [GC [PSYoungGen: 6559K->387K(7680K)] 14397K->8225K(25088K), 0.0006350 secs] [Times: user=0.00 sys=0.00, real=0.00 secs] 
105.800: Total time for which application threads were stopped: 0.0609150 seconds, Stopping threads took: 0.0602140 seconds
105.800: Application time: 0.0007850 seconds
105.853: [GC [PSYoungGen: 7043K->1005K(7680K)] 14881K->12750K(25088K), 0.0016310 secs] [Times: user=0.01 sys=0.00, real=0.00 secs] 
105.855: [Full GC [PSYoungGen: 1005K->0K(7680K)] [ParOldGen: 11744K->5983K(17408K)] 12750K->5983K(25088K) [PSPermGen: 5114K->5114K(21504K)], 0.0049830 secs] [Times: user=0.02 sys=0.00, real=0.00 secs] 
105.860: Total time for which application threads were stopped: 0.0596810 seconds, Stopping threads took: 0.0529240 seconds
105.942: Application time: 0.0814460 seconds
105.991: [GC [PSYoungGen: 6462K->550K(7680K)] 12445K->6533K(25088K), 0.0008010 secs] [Times: user=0.00 sys=0.00, real=0.00 secs] 
105.992: Total time for which application threads were stopped: 0.0503820 seconds, Stopping threads took: 0.0494960 seconds
105.993: Application time: 0.0008450 seconds
105.993: [GC [PSYoungGen: 7013K->1006K(7680K)] 12996K->12979K(25088K), 0.0022490 secs] [Times: user=0.02 sys=0.00, real=0.00 secs] 
105.995: [Full GC [PSYoungGen: 1006K->0K(7680K)] [ParOldGen: 11972K->8131K(17408K)] 12979K->8131K(25088K) [PSPermGen: 5114K->5114K(21504K)], 0.0049770 secs] [Times: user=0.02 sys=0.00, real=0.00 secs] 
106.000: Total time for which application threads were stopped: 0.0075370 seconds, Stopping threads took: 0.0001730 seconds
106.081: Application time: 0.0803360 seconds
106.141: [GC [PSYoungGen: 6637K->1005K(7680K)] 14769K->9925K(25088K), 0.0007730 secs] [Times: user=0.00 sys=0.00, real=0.01 secs] 
106.142: [Full GC [PSYoungGen: 1005K->0K(7680K)] [ParOldGen: 8920K->2858K(17408K)] 9925K->2858K(25088K) [PSPermGen: 5114K->5114K(21504K)], 0.0040940 secs] [Times: user=0.01 sys=0.00, real=0.00 secs] 
106.146: Total time for which application threads were stopped: 0.0651940 seconds, Stopping threads took: 0.0602050 seconds
106.147: Application time: 0.0013660 seconds
106.218: [GC [PSYoungGen: 6638K->1005K(7680K)] 9496K->7965K(25088K), 0.0018290 secs] [Times: user=0.01 sys=0.00, real=0.00 secs] 
106.220: Total time for which application threads were stopped: 0.0722960 seconds, Stopping threads took: 0.0703870 seconds
106.293: Application time: 0.0731150 seconds
106.337: [GC [PSYoungGen: 7350K->907K(7680K)] 14310K->8648K(25088K), 0.0008480 secs] [Times: user=0.00 sys=0.00, real=0.00 secs] 
106.338: Total time for which application threads were stopped: 0.0456910 seconds, Stopping threads took: 0.0447710 seconds
106.339: Application time: 0.0011230 seconds
106.394: [GC [PSYoungGen: 7563K->1005K(7680K)] 15304K->12892K(25088K), 0.0016800 secs] [Times: user=0.01 sys=0.00, real=0.00 secs] 
106.396: [Full GC [PSYoungGen: 1005K->0K(7680K)] [ParOldGen: 11886K->6178K(17408K)] 12892K->6178K(25088K) [PSPermGen: 5114K->5114K(21504K)], 0.0047940 secs] [Times: user=0.02 sys=0.00, real=0.00 secs] 
106.401: Total time for which application threads were stopped: 0.0611180 seconds, Stopping threads took: 0.0545140 seconds
106.485: Application time: 0.0840300 seconds
106.543: [GC [PSYoungGen: 6345K->582K(7680K)] 12523K->6761K(25088K), 0.0004680 secs] [Times: user=0.00 sys=0.00, real=0.00 secs] 
106.544: Total time for which application threads were stopped: 0.0590280 seconds, Stopping threads took: 0.0584950 seconds
106.545: Application time: 0.0009640 seconds
106.588: [GC [PSYoungGen: 7123K->971K(7680K)] 13301K->12228K(25088K), 0.0020700 secs] [Times: user=0.01 sys=0.00, real=0.01 secs] 
106.590: [Full GC [PSYoungGen: 971K->0K(7680K)] [ParOldGen: 11256K->7057K(17408K)] 12228K->7057K(25088K) [PSPermGen: 5114K->5114K(21504K)], 0.0050280 secs] [Times: user=0.03 sys=0.00, real=0.00 secs] 
106.595: Total time for which application threads were stopped: 0.0508520 seconds, Stopping threads took: 0.0436270 seconds
106.670: Application time: 0.0749550 seconds
106.716: [GC [PSYoungGen: 6462K->582K(7680K)] 13519K->7640K(25088K), 0.0005950 secs] [Times: user=0.00 sys=0.00, real=0.00 secs] 
106.717: Total time for which application threads were stopped: 0.0466370 seconds, Stopping threads took: 0.0459430 seconds
106.718: Application time: 0.0008660 seconds
106.762: [GC [PSYoungGen: 7221K->1005K(7680K)] 14278K->13157K(25088K), 0.0017390 secs] [Times: user=0.01 sys=0.00, real=0.00 secs] 
106.764: [Full GC [PSYoungGen: 1005K->0K(7680K)] [ParOldGen: 12151K->7155K(17408K)] 13157K->7155K(25088K) [PSPermGen: 5114K->5114K(21504K)], 0.0054710 secs] [Times: user=0.02 sys=0.00, real=0.00 secs] 
106.769: Total time for which application threads were stopped: 0.0511700 seconds, Stopping threads took: 0.0438410 seconds
106.845: Application time: 0.0763460 seconds
106.890: [GC [PSYoungGen: 6364K->550K(7680K)] 13519K->7705K(25088K), 0.0003800 secs] [Times: user=0.00 sys=0.00, real=0.00 secs] 
106.890: Total time for which application threads were stopped: 0.0449060 seconds, Stopping threads took: 0.0444610 seconds
106.891: Application time: 0.0009100 seconds
106.935: [GC [PSYoungGen: 7110K->1005K(7680K)] 14265K->13246K(25088K), 0.0018550 secs] [Times: user=0.02 sys=0.00, real=0.00 secs] 
106.937: [Full GC [PSYoungGen: 1005K->0K(7680K)] [ParOldGen: 12241K->7155K(17408K)] 13246K->7155K(25088K) [PSPermGen: 5114K->5114K(21504K)], 0.0051640 secs] [Times: user=0.02 sys=0.00, real=0.01 secs] 
106.942: Total time for which application threads were stopped: 0.0508740 seconds, Stopping threads took: 0.0437160 seconds
107.018: Application time: 0.0757750 seconds
107.062: [GC [PSYoungGen: 6462K->1005K(7680K)] 13617K->8941K(25088K), 0.0007220 secs] [Times: user=0.00 sys=0.00, real=0.00 secs] 
107.063: Total time for which application threads were stopped: 0.0452570 seconds, Stopping threads took: 0.0444680 seconds
107.064: Application time: 0.0010540 seconds
107.108: [GC [PSYoungGen: 7643K->939K(7680K)] 15580K->14149K(25088K), 0.0019430 secs] [Times: user=0.01 sys=0.00, real=0.01 secs] 
107.110: [Full GC [PSYoungGen: 939K->0K(7680K)] [ParOldGen: 13210K->7253K(17408K)] 14149K->7253K(25088K) [PSPermGen: 5114K->5114K(21504K)], 0.0051540 secs] [Times: user=0.02 sys=0.00, real=0.00 secs] 
107.115: Total time for which application threads were stopped: 0.0507780 seconds, Stopping threads took: 0.0435520 seconds
107.211: Application time: 0.0955330 seconds
107.263: [GC [PSYoungGen: 6656K->1005K(7680K)] 13909K->8258K(25088K), 0.0004740 secs] [Times: user=0.00 sys=0.00, real=0.00 secs] 
107.264: Total time for which application threads were stopped: 0.0533260 seconds, Stopping threads took: 0.0527770 seconds
107.265: Application time: 0.0009490 seconds
107.319: [GC [PSYoungGen: 7565K->1006K(7680K)] 14818K->13663K(25088K), 0.0019430 secs] [Times: user=0.01 sys=0.00, real=0.00 secs] 
107.321: [Full GC [PSYoungGen: 1006K->0K(7680K)] [ParOldGen: 12656K->7545K(17408K)] 13663K->7545K(25088K) [PSPermGen: 5114K->5114K(21504K)], 0.0049440 secs] [Times: user=0.02 sys=0.00, real=0.01 secs] 
107.326: Total time for which application threads were stopped: 0.0609910 seconds, Stopping threads took: 0.0539740 seconds
107.402: Application time: 0.0763430 seconds
107.466: [GC [PSYoungGen: 6656K->160K(7680K)] 14201K->7705K(25088K), 0.0004320 secs] [Times: user=0.01 sys=0.00, real=0.00 secs] 
107.467: Total time for which application threads were stopped: 0.0646360 seconds, Stopping threads took: 0.0641350 seconds
107.473: Application time: 0.0067100 seconds
107.511: [GC [PSYoungGen: 6524K->1005K(7680K)] 14070K->10895K(25088K), 0.0009400 secs] [Times: user=0.01 sys=0.00, real=0.00 secs] 
107.512: [Full GC [PSYoungGen: 1005K->0K(7680K)] [ParOldGen: 9889K->4420K(17408K)] 10895K->4420K(25088K) [PSPermGen: 5114K->5114K(21504K)], 0.0044480 secs] [Times: user=0.01 sys=0.00, real=0.00 secs] 
107.517: Total time for which application threads were stopped: 0.0433470 seconds, Stopping threads took: 0.0378450 seconds
107.597: Application time: 0.0803410 seconds
107.609: [GC [PSYoungGen: 6462K->841K(7680K)] 10883K->5653K(25088K), 0.0006390 secs] [Times: user=0.00 sys=0.00, real=0.00 secs] 
107.610: Total time for which application threads were stopped: 0.0129670 seconds, Stopping threads took: 0.0122510 seconds
107.611: Application time: 0.0009330 seconds
107.656: [GC [PSYoungGen: 7402K->907K(7680K)] 12213K->10406K(25088K), 0.0019230 secs] [Times: user=0.01 sys=0.00, real=0.00 secs] 
107.658: [Full GC [PSYoungGen: 907K->0K(7680K)] [ParOldGen: 9499K->6666K(17408K)] 10406K->6666K(25088K) [PSPermGen: 5114K->5114K(21504K)], 0.0048000 secs] [Times: user=0.01 sys=0.00, real=0.01 secs] 
107.662: Total time for which application threads were stopped: 0.0514010 seconds, Stopping threads took: 0.0445260 seconds
107.735: Application time: 0.0726360 seconds
107.780: [GC [PSYoungGen: 6540K->1005K(7680K)] 13207K->9047K(25088K), 0.0008200 secs] [Times: user=0.00 sys=0.01, real=0.00 secs] 
107.781: Total time for which application threads were stopped: 0.0455820 seconds, Stopping threads took: 0.0446840 seconds
107.862: Application time: 0.0813270 seconds
107.880: [GC [PSYoungGen: 7467K->160K(7680K)] 15509K->8202K(25088K), 0.0003720 secs] [Times: user=0.00 sys=0.00, real=0.00 secs] 
107.881: Total time for which application threads were stopped: 0.0185450 seconds, Stopping threads took: 0.0181100 seconds
107.881: Application time: 0.0007580 seconds
107.929: [GC [PSYoungGen: 6796K->1005K(7680K)] 14838K->13751K(25088K), 0.0016710 secs] [Times: user=0.01 sys=0.00, real=0.01 secs] 
107.931: [Full GC [PSYoungGen: 1005K->0K(7680K)] [ParOldGen: 12746K->6764K(17408K)] 13751K->6764K(25088K) [PSPermGen: 5114K->5114K(21504K)], 0.0050880 secs] [Times: user=0.03 sys=0.00, real=0.00 secs] 
107.936: Total time for which application threads were stopped: 0.0544200 seconds, Stopping threads took: 0.0475310 seconds
108.010: Application time: 0.0738550 seconds
108.054: [GC [PSYoungGen: 6462K->1005K(7680K)] 13227K->8160K(25088K), 0.0005950 secs] [Times: user=0.00 sys=0.01, real=0.00 secs] 
108.055: Total time for which application threads were stopped: 0.0451420 seconds, Stopping threads took: 0.0444770 seconds
108.056: Application time: 0.0010020 seconds
108.100: [GC [PSYoungGen: 7643K->939K(7680K)] 14799K->12978K(25088K), 0.0018630 secs] [Times: user=0.02 sys=0.00, real=0.01 secs] 
108.101: [Full GC [PSYoungGen: 939K->0K(7680K)] [ParOldGen: 12038K->6862K(17408K)] 12978K->6862K(25088K) [PSPermGen: 5114K->5114K(21504K)], 0.0048460 secs] [Times: user=0.02 sys=0.00, real=0.00 secs] 
108.106: Total time for which application threads were stopped: 0.0505780 seconds, Stopping threads took: 0.0437380 seconds
108.179: Application time: 0.0722460 seconds
108.222: [GC [PSYoungGen: 6364K->973K(7680K)] 13227K->8226K(25088K), 0.0005810 secs] [Times: user=0.00 sys=0.00, real=0.00 secs] 
108.222: Total time for which application threads were stopped: 0.0436510 seconds, Stopping threads took: 0.0430010 seconds
108.223: Application time: 0.0010180 seconds
108.267: [GC [PSYoungGen: 7611K->1005K(7680K)] 14864K->13052K(25088K), 0.0017090 secs] [Times: user=0.01 sys=0.01, real=0.00 secs] 
108.269: [Full GC [PSYoungGen: 1005K->0K(7680K)] [ParOldGen: 12046K->6862K(17408K)] 13052K->6862K(25088K) [PSPermGen: 5114K->5114K(21504K)], 0.0050080 secs] [Times: user=0.02 sys=0.00, real=0.01 secs] 
108.274: Total time for which application threads were stopped: 0.0505830 seconds, Stopping threads took: 0.0437430 seconds
108.350: Application time: 0.0756650 seconds
108.394: [GC [PSYoungGen: 6540K->451K(7680K)] 13403K->7313K(25088K), 0.0004260 secs] [Times: user=0.00 sys=0.00, real=0.00 secs] 
108.394: Total time for which application threads were stopped: 0.0447320 seconds, Stopping threads took: 0.0442290 seconds
108.395: Application time: 0.0008490 seconds
108.395: [GC [PSYoungGen: 7011K->1006K(7680K)] 13874K->13769K(25088K), 0.0020820 secs] [Times: user=0.01 sys=0.00, real=0.00 secs] 
108.397: [Full GC [PSYoungGen: 1006K->0K(7680K)] [ParOldGen: 12762K->8034K(17408K)] 13769K->8034K(25088K) [PSPermGen: 5114K->5114K(21504K)], 0.0050630 secs] [Times: user=0.03 sys=0.00, real=0.01 secs] 
108.403: Total time for which application threads were stopped: 0.0074750 seconds, Stopping threads took: 0.0001850 seconds
108.482: Application time: 0.0792480 seconds
108.543: [GC [PSYoungGen: 6559K->614K(7680K)] 14594K->8649K(25088K), 0.0007720 secs] [Times: user=0.00 sys=0.00, real=0.00 secs] 
108.543: Total time for which application threads were stopped: 0.0615860 seconds, Stopping threads took: 0.0607440 seconds
108.544: Application time: 0.0008060 seconds
108.588: [GC [PSYoungGen: 7233K->1005K(7680K)] 15268K->14064K(25088K), 0.0018720 secs] [Times: user=0.01 sys=0.00, real=0.01 secs] 
108.590: [Full GC [PSYoungGen: 1005K->0K(7680K)] [ParOldGen: 13059K->7058K(17408K)] 14064K->7058K(25088K) [PSPermGen: 5114K->5114K(21504K)], 0.0053740 secs] [Times: user=0.03 sys=0.00, real=0.00 secs] 
108.595: Total time for which application threads were stopped: 0.0511230 seconds, Stopping threads took: 0.0437310 seconds
108.671: Application time: 0.0758950 seconds
108.735: [GC [PSYoungGen: 6462K->550K(7680K)] 13520K->7608K(25088K), 0.0004840 secs] [Times: user=0.00 sys=0.00, real=0.00 secs] 
108.736: Total time for which application threads were stopped: 0.0645660 seconds, Stopping threads took: 0.0640170 seconds
108.741: Application time: 0.0055370 seconds
108.807: [GC [PSYoungGen: 7091K->598K(7680K)] 14149K->7656K(25088K), 0.0005650 secs] [Times: user=0.00 sys=0.00, real=0.00 secs] 
108.807: Total time for which application threads were stopped: 0.0659440 seconds, Stopping threads took: 0.0652990 seconds
108.813: Application time: 0.0061040 seconds
108.877: [GC [PSYoungGen: 7158K->1005K(7680K)] 14216K->8844K(25088K), 0.0007100 secs] [Times: user=0.00 sys=0.00, real=0.00 secs] 
108.878: Total time for which application threads were stopped: 0.0642250 seconds, Stopping threads took: 0.0634520 seconds
108.879: Application time: 0.0009500 seconds
108.944: [GC [PSYoungGen: 7565K->1005K(7680K)] 15404K->12962K(25088K), 0.0015710 secs] [Times: user=0.01 sys=0.00, real=0.00 secs] 
108.946: [Full GC [PSYoungGen: 1005K->0K(7680K)] [ParOldGen: 11957K->6179K(17408K)] 12962K->6179K(25088K) [PSPermGen: 5114K->5114K(21504K)], 0.0047660 secs] [Times: user=0.02 sys=0.00, real=0.01 secs] 
108.950: Total time for which application threads were stopped: 0.0717420 seconds, Stopping threads took: 0.0652670 seconds
109.032: Application time: 0.0812340 seconds
109.075: [GC [PSYoungGen: 6656K->909K(7680K)] 12835K->7088K(25088K), 0.0007170 secs] [Times: user=0.01 sys=0.00, real=0.00 secs] 
109.076: Total time for which application threads were stopped: 0.0445110 seconds, Stopping threads took: 0.0437060 seconds
109.077: Application time: 0.0009180 seconds
109.130: [GC [PSYoungGen: 7565K->1005K(7680K)] 13744K->12759K(25088K), 0.0020160 secs] [Times: user=0.01 sys=0.00, real=0.00 secs] 
109.132: [Full GC [PSYoungGen: 1005K->0K(7680K)] [ParOldGen: 11754K->7644K(17408K)] 12759K->7644K(25088K) [PSPermGen: 5114K->5114K(21504K)], 0.0048940 secs] [Times: user=0.02 sys=0.00, real=0.00 secs] 
109.137: Total time for which application threads were stopped: 0.0599820 seconds, Stopping threads took: 0.0529420 seconds
109.235: Application time: 0.0975690 seconds
109.298: [GC [PSYoungGen: 6559K->192K(7680K)] 14203K->7836K(25088K), 0.0004210 secs] [Times: user=0.00 sys=0.00, real=0.00 secs] 
109.298: Total time for which application threads were stopped: 0.0634580 seconds, Stopping threads took: 0.0629720 seconds
109.299: Application time: 0.0008790 seconds
109.299: [GC [PSYoungGen: 6752K->939K(7680K)] 14396K->14443K(25088K), 0.0019670 secs] [Times: user=0.01 sys=0.00, real=0.00 secs] 
109.301: [Full GC [PSYoungGen: 939K->0K(7680K)] [ParOldGen: 13503K->7839K(17408K)] 14443K->7839K(25088K) [PSPermGen: 5114K->5114K(21504K)], 0.0050820 secs] [Times: user=0.02 sys=0.00, real=0.01 secs] 
109.306: Total time for which application threads were stopped: 0.0072740 seconds, Stopping threads took: 0.0001030 seconds
109.386: Application time: 0.0794410 seconds
109.449: [GC [PSYoungGen: 6559K->419K(7680K)] 14399K->8258K(25088K), 0.0004680 secs] [Times: user=0.01 sys=0.00, real=0.01 secs] 
109.450: Total time for which application threads were stopped: 0.0639520 seconds, Stopping threads took: 0.0634110 seconds
109.450: Application time: 0.0007550 seconds
109.451: [GC [PSYoungGen: 6979K->1008K(7680K)] 14818K->14665K(25088K), 0.0020420 secs] [Times: user=0.02 sys=0.00, real=0.00 secs] 
109.453: [Full GC [PSYoungGen: 1008K->0K(7680K)] [ParOldGen: 13657K->8034K(17408K)] 14665K->8034K(25088K) [PSPermGen: 5114K->5114K(21504K)], 0.0050280 secs] [Times: user=0.02 sys=0.00, real=0.00 secs] 
109.458: Total time for which application threads were stopped: 0.0074960 seconds, Stopping threads took: 0.0003020 seconds
109.535: Application time: 0.0775770 seconds
109.599: [GC [PSYoungGen: 6559K->614K(7680K)] 14594K->8649K(25088K), 0.0005030 secs] [Times: user=0.00 sys=0.00, real=0.00 secs] 
109.600: [Full GC [PSYoungGen: 614K->0K(7680K)] [ParOldGen: 8034K->1687K(17408K)] 8649K->1687K(25088K) [PSPermGen: 5114K->5114K(21504K)], 0.0040060 secs] [Times: user=0.01 sys=0.00, real=0.01 secs] 
109.604: Total time for which application threads were stopped: 0.0683160 seconds, Stopping threads took: 0.0636930 seconds
109.605: Application time: 0.0013040 seconds
109.649: [GC [PSYoungGen: 6638K->1005K(7680K)] 8325K->7802K(25088K), 0.0018490 secs] [Times: user=0.01 sys=0.00, real=0.01 secs] 
109.651: Total time for which application threads were stopped: 0.0456620 seconds, Stopping threads took: 0.0437370 seconds
109.725: Application time: 0.0747650 seconds
109.770: [GC [PSYoungGen: 7448K->646K(7680K)] 14245K->7444K(25088K), 0.0006660 secs] [Times: user=0.01 sys=0.00, real=0.00 secs] 
109.771: Total time for which application threads were stopped: 0.0452110 seconds, Stopping threads took: 0.0444560 seconds
109.772: Application time: 0.0008220 seconds
109.772: [GC [PSYoungGen: 7109K->1008K(7680K)] 13906K->13738K(25088K), 0.0019930 secs] [Times: user=0.02 sys=0.00, real=0.00 secs] 
109.774: [Full GC [PSYoungGen: 1008K->0K(7680K)] [ParOldGen: 12729K->8132K(17408K)] 13738K->8132K(25088K) [PSPermGen: 5114K->5114K(21504K)], 0.0054240 secs] [Times: user=0.02 sys=0.00, real=0.00 secs] 
109.779: Total time for which application threads were stopped: 0.0077010 seconds, Stopping threads took: 0.0001600 seconds
109.855: Application time: 0.0762570 seconds
109.919: [GC [PSYoungGen: 6462K->646K(7680K)] 14594K->8779K(25088K), 0.0004240 secs] [Times: user=0.00 sys=0.00, real=0.00 secs] 
109.919: [Full GC [PSYoungGen: 646K->0K(7680K)] [ParOldGen: 8132K->1687K(17408K)] 8779K->1687K(25088K) [PSPermGen: 5114K->5114K(21504K)], 0.0041500 secs] [Times: user=0.01 sys=0.00, real=0.01 secs] 
109.923: Total time for which application threads were stopped: 0.0676750 seconds, Stopping threads took: 0.0629850 seconds
109.924: Application time: 0.0012790 seconds
109.966: [GC [PSYoungGen: 6560K->1005K(7680K)] 8247K->7779K(25088K), 0.0017920 secs] [Times: user=0.01 sys=0.00, real=0.00 secs] 
109.968: Total time for which application threads were stopped: 0.0438720 seconds, Stopping threads took: 0.0419950 seconds
110.043: Application time: 0.0749930 seconds
110.089: [GC [PSYoungGen: 7623K->1005K(7680K)] 14397K->8560K(25088K), 0.0006750 secs] [Times: user=0.00 sys=0.00, real=0.01 secs] 
110.090: Total time for which application threads were stopped: 0.0464460 seconds, Stopping threads took: 0.0456780 seconds
110.091: Application time: 0.0012450 seconds
110.154: [GC [PSYoungGen: 7624K->1021K(7680K)] 15179K->12644K(25088K), 0.0017900 secs] [Times: user=0.01 sys=0.00, real=0.00 secs] 
110.156: [Full GC [PSYoungGen: 1021K->0K(7680K)] [ParOldGen: 11623K->6082K(17408K)] 12644K->6082K(25088K) [PSPermGen: 5114K->5114K(21504K)], 0.0049020 secs] [Times: user=0.02 sys=0.00, real=0.01 secs] 
110.161: Total time for which application threads were stopped: 0.0702730 seconds, Stopping threads took: 0.0634290 seconds
110.234: Application time: 0.0726910 seconds
110.279: [GC [PSYoungGen: 6638K->809K(7680K)] 12720K->6892K(25088K), 0.0004580 secs] [Times: user=0.01 sys=0.00, real=0.00 secs] 
110.280: Total time for which application threads were stopped: 0.0461280 seconds, Stopping threads took: 0.0444930 seconds
110.281: Application time: 0.0009770 seconds
110.333: [GC [PSYoungGen: 7369K->1006K(7680K)] 13452K->11246K(25088K), 0.0016440 secs] [Times: user=0.01 sys=0.00, real=0.00 secs] 
110.335: [Full GC [PSYoungGen: 1006K->0K(7680K)] [ParOldGen: 10240K->6277K(17408K)] 11246K->6277K(25088K) [PSPermGen: 5114K->5114K(21504K)], 0.0049000 secs] [Times: user=0.02 sys=0.00, real=0.00 secs] 
110.340: Total time for which application threads were stopped: 0.0590230 seconds, Stopping threads took: 0.0523340 seconds
110.415: Application time: 0.0749900 seconds
110.462: [GC [PSYoungGen: 6559K->907K(7680K)] 12837K->8356K(25088K), 0.0007730 secs] [Times: user=0.00 sys=0.00, real=0.00 secs] 
110.463: Total time for which application threads were stopped: 0.0476000 seconds, Stopping threads took: 0.0467530 seconds
110.464: Application time: 0.0010650 seconds
110.527: [GC [PSYoungGen: 7563K->1005K(7680K)] 15012K->12955K(25088K), 0.0018280 secs] [Times: user=0.01 sys=0.00, real=0.00 secs] 
110.529: [Full GC [PSYoungGen: 1005K->0K(7680K)] [ParOldGen: 11949K->6570K(17408K)] 12955K->6570K(25088K) [PSPermGen: 5114K->5114K(21504K)], 0.0048380 secs] [Times: user=0.02 sys=0.00, real=0.01 secs] 
110.534: Total time for which application threads were stopped: 0.0699220 seconds, Stopping threads took: 0.0631170 seconds
110.611: Application time: 0.0777490 seconds
110.655: [GC [PSYoungGen: 6559K->256K(7680K)] 13130K->6826K(25088K), 0.0004020 secs] [Times: user=0.00 sys=0.00, real=0.00 secs] 
110.655: Total time for which application threads were stopped: 0.0438400 seconds, Stopping threads took: 0.0433650 seconds
110.656: Application time: 0.0008020 seconds
110.708: [GC [PSYoungGen: 6912K->939K(7680K)] 13482K->12393K(25088K), 0.0017310 secs] [Times: user=0.01 sys=0.00, real=0.01 secs] 
110.710: [Full GC [PSYoungGen: 939K->0K(7680K)] [ParOldGen: 11453K->6863K(17408K)] 12393K->6863K(25088K) [PSPermGen: 5114K->5114K(21504K)], 0.0048060 secs] [Times: user=0.02 sys=0.01, real=0.00 secs] 
110.715: Total time for which application threads were stopped: 0.0585550 seconds, Stopping threads took: 0.0518970 seconds
110.788: Application time: 0.0736150 seconds
110.792: [GC [PSYoungGen: 6462K->1006K(7680K)] 13325K->10433K(25088K), 0.0011450 secs] [Times: user=0.00 sys=0.00, real=0.00 secs] 
110.793: [Full GC [PSYoungGen: 1006K->0K(7680K)] [ParOldGen: 9426K->4714K(17408K)] 10433K->4714K(25088K) [PSPermGen: 5114K->5114K(21504K)], 0.0046600 secs] [Times: user=0.02 sys=0.00, real=0.00 secs] 
110.798: Total time for which application threads were stopped: 0.0097180 seconds, Stopping threads took: 0.0037710 seconds
110.875: Application time: 0.0773460 seconds
110.882: [GC [PSYoungGen: 6656K->907K(7680K)] 11370K->6403K(25088K), 0.0006600 secs] [Times: user=0.00 sys=0.00, real=0.00 secs] 
110.883: Total time for which application threads were stopped: 0.0077220 seconds, Stopping threads took: 0.0069930 seconds
110.886: Application time: 0.0024600 seconds
110.954: [GC [PSYoungGen: 7370K->582K(7680K)] 12866K->6078K(25088K), 0.0004440 secs] [Times: user=0.01 sys=0.00, real=0.00 secs] 
110.954: Total time for which application threads were stopped: 0.0689050 seconds, Stopping threads took: 0.0683970 seconds
110.955: Application time: 0.0007290 seconds
110.999: [GC [PSYoungGen: 7221K->1006K(7680K)] 12717K->11524K(25088K), 0.0017710 secs] [Times: user=0.01 sys=0.00, real=0.00 secs] 
111.001: [Full GC [PSYoungGen: 1006K->0K(7680K)] [ParOldGen: 10517K->7156K(17408K)] 11524K->7156K(25088K) [PSPermGen: 5114K->5114K(21504K)], 0.0051270 secs] [Times: user=0.02 sys=0.00, real=0.01 secs] 
111.006: Total time for which application threads were stopped: 0.0508310 seconds, Stopping threads took: 0.0437840 seconds
111.080: Application time: 0.0743680 seconds
111.126: [GC [PSYoungGen: 6364K->646K(7680K)] 13520K->7803K(25088K), 0.0004260 secs] [Times: user=0.00 sys=0.00, real=0.00 secs] 
111.126: Total time for which application threads were stopped: 0.0458530 seconds, Stopping threads took: 0.0453530 seconds
111.127: Application time: 0.0009030 seconds
111.171: [GC [PSYoungGen: 7109K->1005K(7680K)] 14265K->13150K(25088K), 0.0017520 secs] [Times: user=0.02 sys=0.00, real=0.00 secs] 
111.173: [Full GC [PSYoungGen: 1005K->0K(7680K)] [ParOldGen: 12145K->7058K(17408K)] 13150K->7058K(25088K) [PSPermGen: 5114K->5114K(21504K)], 0.0050060 secs] [Times: user=0.02 sys=0.00, real=0.00 secs] 
111.178: Total time for which application threads were stopped: 0.0507300 seconds, Stopping threads took: 0.0438460 seconds
111.255: Application time: 0.0770650 seconds
111.319: [GC [PSYoungGen: 6540K->646K(7680K)] 13598K->7705K(25088K), 0.0004360 secs] [Times: user=0.01 sys=0.00, real=0.00 secs] 
111.319: Total time for which application threads were stopped: 0.0643470 seconds, Stopping threads took: 0.0638470 seconds
111.320: Application time: 0.0008240 seconds
111.363: [GC [PSYoungGen: 7206K->1005K(7680K)] 14265K->13150K(25088K), 0.0018440 secs] [Times: user=0.01 sys=0.00, real=0.00 secs] 
111.365: [Full GC [PSYoungGen: 1005K->0K(7680K)] [ParOldGen: 12145K->7156K(17408K)] 13150K->7156K(25088K) [PSPermGen: 5114K->5114K(21504K)], 0.0051660 secs] [Times: user=0.02 sys=0.00, real=0.01 secs] 
111.370: Total time for which application threads were stopped: 0.0503250 seconds, Stopping threads took: 0.0431850 seconds
111.445: Application time: 0.0742180 seconds
111.490: [GC [PSYoungGen: 6364K->907K(7680K)] 13520K->8845K(25088K), 0.0007070 secs] [Times: user=0.00 sys=0.00, real=0.00 secs] 
111.491: Total time for which application threads were stopped: 0.0458800 seconds, Stopping threads took: 0.0451010 seconds
111.491: Application time: 0.0009760 seconds
111.546: [GC [PSYoungGen: 7563K->1005K(7680K)] 15501K->13052K(25088K), 0.0016780 secs] [Times: user=0.01 sys=0.00, real=0.00 secs] 
111.548: [Full GC [PSYoungGen: 1005K->0K(7680K)] [ParOldGen: 12047K->6179K(17408K)] 13052K->6179K(25088K) [PSPermGen: 5114K->5114K(21504K)], 0.0050420 secs] [Times: user=0.02 sys=0.00, real=0.01 secs] 
111.553: Total time for which application threads were stopped: 0.0613980 seconds, Stopping threads took: 0.0545320 seconds
111.636: Application time: 0.0830710 seconds
111.690: [GC [PSYoungGen: 6423K->939K(7680K)] 12603K->7900K(25088K), 0.0007730 secs] [Times: user=0.00 sys=0.00, real=0.00 secs] 
111.691: Total time for which application threads were stopped: 0.0548910 seconds, Stopping threads took: 0.0540360 seconds
111.692: Application time: 0.0011010 seconds
111.745: [GC [PSYoungGen: 7595K->1005K(7680K)] 14556K->12076K(25088K), 0.0018880 secs] [Times: user=0.01 sys=0.01, real=0.00 secs] 
111.747: [Full GC [PSYoungGen: 1005K->0K(7680K)] [ParOldGen: 11071K->6180K(17408K)] 12076K->6180K(25088K) [PSPermGen: 5114K->5114K(21504K)], 0.0049400 secs] [Times: user=0.02 sys=0.00, real=0.01 secs] 
111.752: Total time for which application threads were stopped: 0.0600810 seconds, Stopping threads took: 0.0531030 seconds
111.826: Application time: 0.0736330 seconds
111.870: [GC [PSYoungGen: 6345K->939K(7680K)] 12525K->7901K(25088K), 0.0007020 secs] [Times: user=0.00 sys=0.00, real=0.00 secs] 
111.870: Total time for which application threads were stopped: 0.0446050 seconds, Stopping threads took: 0.0438280 seconds
111.871: Application time: 0.0010740 seconds
111.940: [GC [PSYoungGen: 7595K->1005K(7680K)] 14557K->12068K(25088K), 0.0015450 secs] [Times: user=0.01 sys=0.00, real=0.01 secs] 
111.941: [Full GC [PSYoungGen: 1005K->0K(7680K)] [ParOldGen: 11063K->6180K(17408K)] 12068K->6180K(25088K) [PSPermGen: 5114K->5114K(21504K)], 0.0050110 secs] [Times: user=0.02 sys=0.00, real=0.00 secs] 
111.946: Total time for which application threads were stopped: 0.0751080 seconds, Stopping threads took: 0.0684330 seconds
112.026: Application time: 0.0800060 seconds
112.070: [GC [PSYoungGen: 6656K->843K(7680K)] 12836K->8195K(25088K), 0.0008370 secs] [Times: user=0.01 sys=0.00, real=0.00 secs] 
112.071: Total time for which application threads were stopped: 0.0440880 seconds, Stopping threads took: 0.0431570 seconds
112.072: Application time: 0.0013950 seconds
112.143: [GC [PSYoungGen: 7384K->973K(7680K)] 14736K->8325K(25088K), 0.0004950 secs] [Times: user=0.00 sys=0.00, real=0.00 secs] 
112.144: Total time for which application threads were stopped: 0.0718890 seconds, Stopping threads took: 0.0713250 seconds
112.145: Application time: 0.0015840 seconds
112.215: [GC [PSYoungGen: 7592K->1005K(7680K)] 14944K->8357K(25088K), 0.0005000 secs] [Times: user=0.00 sys=0.00, real=0.00 secs] 
112.215: Total time for which application threads were stopped: 0.0697930 seconds, Stopping threads took: 0.0692270 seconds
112.216: Application time: 0.0007550 seconds
112.267: [GC [PSYoungGen: 7565K->1005K(7680K)] 14917K->12840K(25088K), 0.0015800 secs] [Times: user=0.01 sys=0.00, real=0.00 secs] 
112.269: [Full GC [PSYoungGen: 1005K->0K(7680K)] [ParOldGen: 11835K->6473K(17408K)] 12840K->6473K(25088K) [PSPermGen: 5114K->5114K(21504K)], 0.0057370 secs] [Times: user=0.02 sys=0.00, real=0.01 secs] 
112.274: Total time for which application threads were stopped: 0.0583090 seconds, Stopping threads took: 0.0508560 seconds
112.346: Application time: 0.0719770 seconds
112.392: [GC [PSYoungGen: 6656K->973K(7680K)] 13129K->8813K(25088K), 0.0008000 secs] [Times: user=0.00 sys=0.00, real=0.00 secs] 
112.393: Total time for which application threads were stopped: 0.0469810 seconds, Stopping threads took: 0.0460910 seconds
112.472: Application time: 0.0787140 seconds
112.489: [GC [PSYoungGen: 7435K->160K(7680K)] 15276K->8000K(25088K), 0.0004460 secs] [Times: user=0.00 sys=0.00, real=0.00 secs] 
112.490: Total time for which application threads were stopped: 0.0179600 seconds, Stopping threads took: 0.0174460 seconds
112.491: Application time: 0.0005850 seconds
112.491: [GC [PSYoungGen: 6720K->1006K(7680K)] 14560K->14543K(25088K), 0.0018280 secs] [Times: user=0.01 sys=0.00, real=0.00 secs] 
112.493: [Full GC [PSYoungGen: 1006K->0K(7680K)] [ParOldGen: 13536K->7840K(17408K)] 14543K->7840K(25088K) [PSPermGen: 5114K->5114K(21504K)], 0.0053090 secs] [Times: user=0.02 sys=0.00, real=0.00 secs] 
112.498: Total time for which application threads were stopped: 0.0074510 seconds, Stopping threads took: 0.0001940 seconds
112.578: Application time: 0.0798040 seconds
112.641: [GC [PSYoungGen: 6559K->387K(7680K)] 14400K->8227K(25088K), 0.0003790 secs] [Times: user=0.00 sys=0.00, real=0.00 secs] 
112.641: Total time for which application threads were stopped: 0.0633470 seconds, Stopping threads took: 0.0629000 seconds
112.642: Application time: 0.0008120 seconds
112.642: [GC [PSYoungGen: 6947K->1008K(7680K)] 14787K->14667K(25088K), 0.0020100 secs] [Times: user=0.01 sys=0.00, real=0.00 secs] 
112.644: [Full GC [PSYoungGen: 1008K->0K(7680K)] [ParOldGen: 13658K->8035K(17408K)] 14667K->8035K(25088K) [PSPermGen: 5114K->5114K(21504K)], 0.0050870 secs] [Times: user=0.02 sys=0.00, real=0.01 secs] 
112.649: Total time for which application threads were stopped: 0.0073880 seconds, Stopping threads took: 0.0001650 seconds
112.729: Application time: 0.0796510 seconds
112.790: [GC [PSYoungGen: 6559K->614K(7680K)] 14595K->8650K(25088K), 0.0004410 secs] [Times: user=0.00 sys=0.00, real=0.00 secs] 
112.790: Total time for which application threads were stopped: 0.0612990 seconds, Stopping threads took: 0.0607770 seconds
112.791: Application time: 0.0008860 seconds
112.835: [GC [PSYoungGen: 7077K->939K(7680K)] 15112K->14053K(25088K), 0.0017200 secs] [Times: user=0.01 sys=0.00, real=0.00 secs] 
112.837: [Full GC [PSYoungGen: 939K->0K(7680K)] [ParOldGen: 13114K->7059K(17408K)] 14053K->7059K(25088K) [PSPermGen: 5114K->5114K(21504K)], 0.0051080 secs] [Times: user=0.02 sys=0.00, real=0.01 secs] 
112.842: Total time for which application threads were stopped: 0.0506790 seconds, Stopping threads took: 0.0437170 seconds
112.921: Application time: 0.0791510 seconds
112.981: [GC [PSYoungGen: 6656K->841K(7680K)] 13715K->7901K(25088K), 0.0004030 secs] [Times: user=0.00 sys=0.00, real=0.01 secs] 
112.981: Total time for which application threads were stopped: 0.0604540 seconds, Stopping threads took: 0.0599850 seconds
112.982: Application time: 0.0008180 seconds
112.983: [GC [PSYoungGen: 7480K->973K(7680K)] 14539K->14380K(25088K), 0.0022950 secs] [Times: user=0.01 sys=0.00, real=0.00 secs] 
112.985: [Full GC [PSYoungGen: 973K->0K(7680K)] [ParOldGen: 13407K->8426K(17408K)] 14380K->8426K(25088K) [PSPermGen: 5114K->5114K(21504K)], 0.0051850 secs] [Times: user=0.02 sys=0.00, real=0.01 secs] 
112.990: Total time for which application threads were stopped: 0.0079050 seconds, Stopping threads took: 0.0002950 seconds
113.071: Application time: 0.0804610 seconds
113.131: [GC [PSYoungGen: 6520K->841K(7680K)] 14947K->9268K(25088K), 0.0004770 secs] [Times: user=0.00 sys=0.00, real=0.00 secs] 
113.132: [Full GC [PSYoungGen: 841K->0K(7680K)] [ParOldGen: 8426K->1883K(17408K)] 9268K->1883K(25088K) [PSPermGen: 5114K->5114K(21504K)], 0.0040530 secs] [Times: user=0.01 sys=0.00, real=0.00 secs] 
113.136: Total time for which application threads were stopped: 0.0651090 seconds, Stopping threads took: 0.0604690 seconds
113.137: Application time: 0.0011960 seconds
113.181: [GC [PSYoungGen: 6560K->1005K(7680K)] 8443K->7088K(25088K), 0.0016470 secs] [Times: user=0.01 sys=0.00, real=0.00 secs] 
113.183: Total time for which application threads were stopped: 0.0458800 seconds, Stopping threads took: 0.0441510 seconds
113.269: Application time: 0.0859290 seconds
113.324: [GC [PSYoungGen: 7565K->646K(7680K)] 13648K->7120K(25088K), 0.0005310 secs] [Times: user=0.00 sys=0.00, real=0.00 secs] 
113.324: Total time for which application threads were stopped: 0.0553220 seconds, Stopping threads took: 0.0547150 seconds
113.325: Application time: 0.0009150 seconds
113.367: [GC [PSYoungGen: 7285K->1005K(7680K)] 13758K->12980K(25088K), 0.0020150 secs] [Times: user=0.02 sys=0.00, real=0.00 secs] 
113.369: [Full GC [PSYoungGen: 1005K->0K(7680K)] [ParOldGen: 11974K->7547K(17408K)] 12980K->7547K(25088K) [PSPermGen: 5114K->5114K(21504K)], 0.0049780 secs] [Times: user=0.01 sys=0.01, real=0.01 secs] 
113.374: Total time for which application threads were stopped: 0.0488960 seconds, Stopping threads took: 0.0417730 seconds
113.464: Application time: 0.0899570 seconds
113.529: [GC [PSYoungGen: 6656K->224K(7680K)] 14203K->7771K(25088K), 0.0003410 secs] [Times: user=0.00 sys=0.00, real=0.00 secs] 
113.529: Total time for which application threads were stopped: 0.0651680 seconds, Stopping threads took: 0.0647600 seconds
113.530: Application time: 0.0008770 seconds
113.530: [GC [PSYoungGen: 6860K->1008K(7680K)] 14407K->14203K(25088K), 0.0018010 secs] [Times: user=0.01 sys=0.00, real=0.00 secs] 
113.532: [Full GC [PSYoungGen: 1008K->0K(7680K)] [ParOldGen: 13194K->7840K(17408K)] 14203K->7840K(25088K) [PSPermGen: 5114K->5114K(21504K)], 0.0052540 secs] [Times: user=0.02 sys=0.00, real=0.00 secs] 
113.537: Total time for which application threads were stopped: 0.0073300 seconds, Stopping threads took: 0.0001530 seconds
113.614: Application time: 0.0769960 seconds
113.677: [GC [PSYoungGen: 6559K->387K(7680K)] 14400K->8227K(25088K), 0.0005190 secs] [Times: user=0.00 sys=0.00, real=0.00 secs] 
113.678: Total time for which application threads were stopped: 0.0635530 seconds, Stopping threads took: 0.0629640 seconds
113.679: Application time: 0.0007380 seconds
113.679: [GC [PSYoungGen: 6947K->1006K(7680K)] 14788K->14739K(25088K), 0.0019670 secs] [Times: user=0.01 sys=0.00, real=0.00 secs] 
113.681: [Full GC [PSYoungGen: 1006K->0K(7680K)] [ParOldGen: 13732K->8035K(17408K)] 14739K->8035K(25088K) [PSPermGen: 5114K->5114K(21504K)], 0.0053030 secs] [Times: user=0.02 sys=0.00, real=0.01 secs] 
113.686: Total time for which application threads were stopped: 0.0075910 seconds, Stopping threads took: 0.0001960 seconds
113.765: Application time: 0.0791440 seconds
113.827: [GC [PSYoungGen: 6559K->582K(7680K)] 14595K->8618K(25088K), 0.0004560 secs] [Times: user=0.00 sys=0.00, real=0.00 secs] 
113.828: [Full GC [PSYoungGen: 582K->0K(7680K)] [ParOldGen: 8035K->1688K(17408K)] 8618K->1688K(25088K) [PSPermGen: 5114K->5114K(21504K)], 0.0038210 secs] [Times: user=0.02 sys=0.00, real=0.01 secs] 
113.831: Total time for which application threads were stopped: 0.0661870 seconds, Stopping threads took: 0.0617940 seconds
113.833: Application time: 0.0011070 seconds
113.876: [GC [PSYoungGen: 6540K->1006K(7680K)] 8229K->7634K(25088K), 0.0018890 secs] [Times: user=0.01 sys=0.00, real=0.00 secs] 
113.878: Total time for which application threads were stopped: 0.0451450 seconds, Stopping threads took: 0.0431730 seconds
113.951: Application time: 0.0736460 seconds
113.997: [GC [PSYoungGen: 7547K->939K(7680K)] 14174K->8348K(25088K), 0.0007170 secs] [Times: user=0.00 sys=0.00, real=0.00 secs] 
113.998: Total time for which application threads were stopped: 0.0461680 seconds, Stopping threads took: 0.0453700 seconds
113.999: Application time: 0.0010350 seconds
114.058: [GC [PSYoungGen: 7578K->1021K(7680K)] 14987K->12442K(25088K), 0.0015410 secs] [Times: user=0.01 sys=0.00, real=0.00 secs] 
114.059: [Full GC [PSYoungGen: 1021K->0K(7680K)] [ParOldGen: 11421K->6083K(17408K)] 12442K->6083K(25088K) [PSPermGen: 5114K->5114K(21504K)], 0.0047670 secs] [Times: user=0.02 sys=0.01, real=0.01 secs] 
114.064: Total time for which application threads were stopped: 0.0654790 seconds, Stopping threads took: 0.0590470 seconds
114.136: Application time: 0.0715010 seconds
114.178: [GC [PSYoungGen: 6656K->1005K(7680K)] 12739K->8073K(25088K), 0.0007140 secs] [Times: user=0.00 sys=0.00, real=0.00 secs] 
114.179: Total time for which application threads were stopped: 0.0432860 seconds, Stopping threads took: 0.0425050 seconds
114.180: Application time: 0.0010550 seconds
114.246: [GC [PSYoungGen: 7565K->1005K(7680K)] 14633K->12378K(25088K), 0.0016000 secs] [Times: user=0.01 sys=0.00, real=0.00 secs] 
114.248: [Full GC [PSYoungGen: 1005K->0K(7680K)] [ParOldGen: 11373K->6376K(17408K)] 12378K->6376K(25088K) [PSPermGen: 5114K->5114K(21504K)], 0.0050160 secs] [Times: user=0.02 sys=0.00, real=0.01 secs] 
114.253: Total time for which application threads were stopped: 0.0726660 seconds, Stopping threads took: 0.0659200 seconds
114.325: Application time: 0.0722050 seconds
114.370: [GC [PSYoungGen: 6656K->939K(7680K)] 13032K->8683K(25088K), 0.0007810 secs] [Times: user=0.00 sys=0.00, real=0.00 secs] 
114.370: Total time for which application threads were stopped: 0.0456140 seconds, Stopping threads took: 0.0447510 seconds
114.449: Application time: 0.0789000 seconds
114.468: [GC [PSYoungGen: 7499K->128K(7680K)] 15243K->7871K(25088K), 0.0004150 secs] [Times: user=0.00 sys=0.00, real=0.00 secs] 
114.468: Total time for which application threads were stopped: 0.0191540 seconds, Stopping threads took: 0.0186770 seconds
114.469: Application time: 0.0006900 seconds
114.520: [GC [PSYoungGen: 6784K->1005K(7680K)] 14527K->13542K(25088K), 0.0016920 secs] [Times: user=0.01 sys=0.00, real=0.01 secs] 
114.521: [Full GC [PSYoungGen: 1005K->0K(7680K)] [ParOldGen: 12537K->6864K(17408K)] 13542K->6864K(25088K) [PSPermGen: 5114K->5114K(21504K)], 0.0049020 secs] [Times: user=0.02 sys=0.00, real=0.00 secs] 
114.526: Total time for which application threads were stopped: 0.0570120 seconds, Stopping threads took: 0.0502990 seconds
114.599: Application time: 0.0728610 seconds
114.643: [GC [PSYoungGen: 6364K->1005K(7680K)] 13229K->8268K(25088K), 0.0005880 secs] [Times: user=0.01 sys=0.00, real=0.00 secs] 
114.644: Total time for which application threads were stopped: 0.0447120 seconds, Stopping threads took: 0.0440540 seconds
114.645: Application time: 0.0010260 seconds
114.689: [GC [PSYoungGen: 7565K->1005K(7680K)] 14828K->13062K(25088K), 0.0017330 secs] [Times: user=0.01 sys=0.00, real=0.01 secs] 
114.690: [Full GC [PSYoungGen: 1005K->0K(7680K)] [ParOldGen: 12056K->6864K(17408K)] 13062K->6864K(25088K) [PSPermGen: 5114K->5114K(21504K)], 0.0050330 secs] [Times: user=0.02 sys=0.00, real=0.00 secs] 
114.695: Total time for which application threads were stopped: 0.0506480 seconds, Stopping threads took: 0.0437510 seconds
114.776: Application time: 0.0809270 seconds
114.830: [GC [PSYoungGen: 6540K->1005K(7680K)] 13404K->9440K(25088K), 0.0009220 secs] [Times: user=0.01 sys=0.00, real=0.00 secs] 
114.831: Total time for which application threads were stopped: 0.0545780 seconds, Stopping threads took: 0.0535830 seconds
114.899: Application time: 0.0682650 seconds
114.912: [GC [PSYoungGen: 7467K->451K(7680K)] 15902K->8886K(25088K), 0.0004130 secs] [Times: user=0.00 sys=0.00, real=0.00 secs] 
114.912: Total time for which application threads were stopped: 0.0129690 seconds, Stopping threads took: 0.0124560 seconds
114.913: Application time: 0.0006450 seconds
114.913: [GC [PSYoungGen: 7011K->1008K(7680K)] 15446K->15285K(25088K), 0.0018940 secs] [Times: user=0.02 sys=0.00, real=0.00 secs] 
114.915: [Full GC [PSYoungGen: 1008K->0K(7680K)] [ParOldGen: 14277K->8036K(17408K)] 15285K->8036K(25088K) [PSPermGen: 5114K->5114K(21504K)], 0.0053080 secs] [Times: user=0.02 sys=0.00, real=0.00 secs] 
114.920: Total time for which application threads were stopped: 0.0074820 seconds, Stopping threads took: 0.0001530 seconds
114.999: Application time: 0.0785600 seconds
115.061: [GC [PSYoungGen: 6637K->646K(7680K)] 14674K->8682K(25088K), 0.0004180 secs] [Times: user=0.00 sys=0.00, real=0.00 secs] 
115.061: Total time for which application threads were stopped: 0.0622480 seconds, Stopping threads took: 0.0617660 seconds
115.062: Application time: 0.0007310 seconds
115.107: [GC [PSYoungGen: 7168K->1021K(7680K)] 15204K->13964K(25088K), 0.0020200 secs] [Times: user=0.01 sys=0.00, real=0.00 secs] 
115.109: [Full GC [PSYoungGen: 1021K->0K(7680K)] [ParOldGen: 12943K->6962K(17408K)] 13964K->6962K(25088K) [PSPermGen: 5114K->5114K(21504K)], 0.0049840 secs] [Times: user=0.02 sys=0.00, real=0.01 secs] 
115.114: Total time for which application threads were stopped: 0.0517990 seconds, Stopping threads took: 0.0446430 seconds
115.188: Application time: 0.0747110 seconds
115.253: [GC [PSYoungGen: 6559K->614K(7680K)] 13522K->7577K(25088K), 0.0005490 secs] [Times: user=0.00 sys=0.00, real=0.00 secs] 
115.254: Total time for which application threads were stopped: 0.0653840 seconds, Stopping threads took: 0.0647680 seconds
115.255: Application time: 0.0007590 seconds
115.299: [GC [PSYoungGen: 7077K->1006K(7680K)] 14039K->12884K(25088K), 0.0016760 secs] [Times: user=0.01 sys=0.01, real=0.00 secs] 
115.300: [Full GC [PSYoungGen: 1006K->0K(7680K)] [ParOldGen: 11877K->7059K(17408K)] 12884K->7059K(25088K) [PSPermGen: 5114K->5114K(21504K)], 0.0053220 secs] [Times: user=0.02 sys=0.00, real=0.01 secs] 
115.306: Total time for which application threads were stopped: 0.0513090 seconds, Stopping threads took: 0.0441720 seconds
115.381: Application time: 0.0749530 seconds
115.426: [GC [PSYoungGen: 6462K->939K(7680K)] 13522K->8780K(25088K), 0.0006270 secs] [Times: user=0.00 sys=0.00, real=0.00 secs] 
115.427: Total time for which application threads were stopped: 0.0458780 seconds, Stopping threads took: 0.0451790 seconds
115.428: Application time: 0.0010310 seconds
115.485: [GC [PSYoungGen: 7595K->1005K(7680K)] 15436K->12956K(25088K), 0.0016860 secs] [Times: user=0.01 sys=0.00, real=0.00 secs] 
115.487: [Full GC [PSYoungGen: 1005K->0K(7680K)] [ParOldGen: 11951K->6181K(17408K)] 12956K->6181K(25088K) [PSPermGen: 5114K->5114K(21504K)], 0.0049240 secs] [Times: user=0.02 sys=0.00, real=0.01 secs] 
115.492: Total time for which application threads were stopped: 0.0641200 seconds, Stopping threads took: 0.0573800 seconds
115.574: Application time: 0.0824460 seconds
115.629: [GC [PSYoungGen: 6656K->973K(7680K)] 12837K->7154K(25088K), 0.0005910 secs] [Times: user=0.00 sys=0.00, real=0.01 secs] 
115.629: Total time for which application threads were stopped: 0.0551300 seconds, Stopping threads took: 0.0544480 seconds
115.630: Application time: 0.0010510 seconds
115.674: [GC [PSYoungGen: 7611K->1006K(7680K)] 13792K->12615K(25088K), 0.0019680 secs] [Times: user=0.02 sys=0.00, real=0.00 secs] 
115.676: [Full GC [PSYoungGen: 1006K->0K(7680K)] [ParOldGen: 11608K->7548K(17408K)] 12615K->7548K(25088K) [PSPermGen: 5114K->5114K(21504K)], 0.0048910 secs] [Times: user=0.02 sys=0.00, real=0.00 secs] 
115.681: Total time for which application threads were stopped: 0.0506730 seconds, Stopping threads took: 0.0436700 seconds
115.756: Application time: 0.0752800 seconds
115.802: [GC [PSYoungGen: 6637K->841K(7680K)] 14186K->8781K(25088K), 0.0005930 secs] [Times: user=0.01 sys=0.00, real=0.00 secs] 
115.802: Total time for which application threads were stopped: 0.0458130 seconds, Stopping threads took: 0.0451540 seconds
115.803: Application time: 0.0009970 seconds
115.847: [GC [PSYoungGen: 7480K->1005K(7680K)] 15419K->14644K(25088K), 0.0019500 secs] [Times: user=0.01 sys=0.00, real=0.00 secs] 
115.849: [Full GC [PSYoungGen: 1005K->0K(7680K)] [ParOldGen: 13639K->7743K(17408K)] 14644K->7743K(25088K) [PSPermGen: 5114K->5114K(21504K)], 0.0053570 secs] [Times: user=0.02 sys=0.00, real=0.01 secs] 
115.854: Total time for which application threads were stopped: 0.0510110 seconds, Stopping threads took: 0.0435830 seconds
115.930: Application time: 0.0757450 seconds
115.994: [GC [PSYoungGen: 6656K->387K(7680K)] 14399K->8131K(25088K), 0.0004880 secs] [Times: user=0.00 sys=0.00, real=0.00 secs] 
115.994: Total time for which application threads were stopped: 0.0641860 seconds, Stopping threads took: 0.0636240 seconds
115.995: Application time: 0.0007910 seconds
115.995: [GC [PSYoungGen: 6947K->1006K(7680K)] 14691K->14642K(25088K), 0.0018730 secs] [Times: user=0.01 sys=0.00, real=0.00 secs] 
115.997: [Full GC [PSYoungGen: 1006K->0K(7680K)] [ParOldGen: 13635K->8036K(17408K)] 14642K->8036K(25088K) [PSPermGen: 5114K->5114K(21504K)], 0.0053570 secs] [Times: user=0.02 sys=0.01, real=0.01 secs] 
116.003: Total time for which application threads were stopped: 0.0075570 seconds, Stopping threads took: 0.0001980 seconds
116.081: Application time: 0.0784300 seconds
116.142: [GC [PSYoungGen: 6559K->614K(7680K)] 14596K->8651K(25088K), 0.0005720 secs] [Times: user=0.00 sys=0.00, real=0.00 secs] 
116.143: Total time for which application threads were stopped: 0.0619390 seconds, Stopping threads took: 0.0612990 seconds
116.144: Application time: 0.0008070 seconds
116.144: [GC [PSYoungGen: 7253K->1005K(7680K)] 15289K->15202K(25088K), 0.0020440 secs] [Times: user=0.02 sys=0.00, real=0.00 secs] 
116.146: [Full GC [PSYoungGen: 1005K->0K(7680K)] [ParOldGen: 14197K->8232K(17408K)] 15202K->8232K(25088K) [PSPermGen: 5114K->5114K(21504K)], 0.0053950 secs] [Times: user=0.02 sys=0.00, real=0.01 secs] 
116.151: Total time for which application threads were stopped: 0.0077150 seconds, Stopping threads took: 0.0001550 seconds
116.232: Application time: 0.0809800 seconds
116.294: [GC [PSYoungGen: 6559K->809K(7680K)] 14791K->9042K(25088K), 0.0006990 secs] [Times: user=0.01 sys=0.00, real=0.00 secs] 
116.295: [Full GC [PSYoungGen: 809K->0K(7680K)] [ParOldGen: 8232K->2152K(17408K)] 9042K->2152K(25088K) [PSPermGen: 5114K->5114K(21504K)], 0.0039350 secs] [Times: user=0.01 sys=0.00, real=0.00 secs] 
116.299: Total time for which application threads were stopped: 0.0662630 seconds, Stopping threads took: 0.0614970 seconds
116.300: Application time: 0.0011880 seconds
116.351: [GC [PSYoungGen: 6560K->1005K(7680K)] 8712K->7357K(25088K), 0.0015950 secs] [Times: user=0.01 sys=0.00, real=0.00 secs] 
116.353: Total time for which application threads were stopped: 0.0531570 seconds, Stopping threads took: 0.0514800 seconds
116.426: Application time: 0.0734640 seconds
116.431: [GC [PSYoungGen: 7467K->907K(7680K)] 13819K->9407K(25088K), 0.0009770 secs] [Times: user=0.00 sys=0.00, real=0.00 secs] 
116.432: [Full GC [PSYoungGen: 907K->0K(7680K)] [ParOldGen: 8500K->4130K(17408K)] 9407K->4130K(25088K) [PSPermGen: 5114K->5114K(21504K)], 0.0043900 secs] [Times: user=0.02 sys=0.00, real=0.00 secs] 
116.437: Total time for which application threads were stopped: 0.0102830 seconds, Stopping threads took: 0.0047970 seconds
116.515: Application time: 0.0782090 seconds
116.525: [GC [PSYoungGen: 6638K->973K(7680K)] 10768K->5103K(25088K), 0.0005300 secs] [Times: user=0.00 sys=0.00, real=0.00 secs] 
116.526: Total time for which application threads were stopped: 0.0107200 seconds, Stopping threads took: 0.0101090 seconds
116.527: Application time: 0.0009450 seconds
116.570: [GC [PSYoungGen: 7611K->1021K(7680K)] 11742K->10645K(25088K), 0.0020000 secs] [Times: user=0.01 sys=0.00, real=0.00 secs] 
116.572: [Full GC [PSYoungGen: 1021K->0K(7680K)] [ParOldGen: 9623K->7548K(17408K)] 10645K->7548K(25088K) [PSPermGen: 5114K->5114K(21504K)], 0.0047170 secs] [Times: user=0.02 sys=0.00, real=0.00 secs] 
116.577: Total time for which application threads were stopped: 0.0504040 seconds, Stopping threads took: 0.0435610 seconds
116.670: Application time: 0.0932160 seconds
116.731: [GC [PSYoungGen: 6656K->128K(7680K)] 14204K->7676K(25088K), 0.0003350 secs] [Times: user=0.00 sys=0.00, real=0.00 secs] 
116.732: Total time for which application threads were stopped: 0.0613740 seconds, Stopping threads took: 0.0609670 seconds
116.732: Application time: 0.0008010 seconds
116.733: [GC [PSYoungGen: 6766K->939K(7680K)] 14315K->14348K(25088K), 0.0018470 secs] [Times: user=0.02 sys=0.00, real=0.00 secs] 
116.734: [Full GC [PSYoungGen: 939K->0K(7680K)] [ParOldGen: 13408K->7841K(17408K)] 14348K->7841K(25088K) [PSPermGen: 5114K->5114K(21504K)], 0.0051930 secs] [Times: user=0.02 sys=0.00, real=0.00 secs] 
116.740: Total time for which application threads were stopped: 0.0072690 seconds, Stopping threads took: 0.0001040 seconds
116.820: Application time: 0.0798370 seconds
116.881: [GC [PSYoungGen: 6559K->419K(7680K)] 14401K->8260K(25088K), 0.0003630 secs] [Times: user=0.00 sys=0.00, real=0.00 secs] 
116.882: Total time for which application threads were stopped: 0.0621280 seconds, Stopping threads took: 0.0616990 seconds
116.883: Application time: 0.0007980 seconds
116.883: [GC [PSYoungGen: 7057K->1005K(7680K)] 14899K->14812K(25088K), 0.0019240 secs] [Times: user=0.01 sys=0.01, real=0.00 secs] 
116.885: [Full GC [PSYoungGen: 1005K->0K(7680K)] [ParOldGen: 13807K->8037K(17408K)] 14812K->8037K(25088K) [PSPermGen: 5114K->5114K(21504K)], 0.0051550 secs] [Times: user=0.02 sys=0.00, real=0.01 secs] 
116.890: Total time for which application threads were stopped: 0.0073510 seconds, Stopping threads took: 0.0001430 seconds
116.969: Application time: 0.0791480 seconds
117.030: [GC [PSYoungGen: 6559K->582K(7680K)] 14596K->8619K(25088K), 0.0003800 secs] [Times: user=0.00 sys=0.00, real=0.00 secs] 
117.031: [Full GC [PSYoungGen: 582K->0K(7680K)] [ParOldGen: 8037K->1689K(17408K)] 8619K->1689K(25088K) [PSPermGen: 5114K->5114K(21504K)], 0.0038840 secs] [Times: user=0.01 sys=0.00, real=0.00 secs] 
117.035: Total time for which application threads were stopped: 0.0656190 seconds, Stopping threads took: 0.0612400 seconds
117.036: Application time: 0.0011420 seconds
117.080: [GC [PSYoungGen: 6560K->1005K(7680K)] 8249K->7781K(25088K), 0.0018740 secs] [Times: user=0.01 sys=0.00, real=0.01 secs] 
117.082: Total time for which application threads were stopped: 0.0461700 seconds, Stopping threads took: 0.0442170 seconds
117.157: Application time: 0.0745850 seconds
117.202: [GC [PSYoungGen: 7369K->582K(7680K)] 14145K->7358K(25088K), 0.0005870 secs] [Times: user=0.00 sys=0.00, real=0.00 secs] 
117.203: Total time for which application threads were stopped: 0.0460260 seconds, Stopping threads took: 0.0453490 seconds
117.203: Application time: 0.0006690 seconds
117.204: [GC [PSYoungGen: 7045K->1008K(7680K)] 13821K->13700K(25088K), 0.0020710 secs] [Times: user=0.01 sys=0.00, real=0.00 secs] 
117.206: [Full GC [PSYoungGen: 1008K->0K(7680K)] [ParOldGen: 12691K->8134K(17408K)] 13700K->8134K(25088K) [PSPermGen: 5114K->5114K(21504K)], 0.0050040 secs] [Times: user=0.03 sys=0.00, real=0.01 secs] 
117.211: Total time for which application threads were stopped: 0.0074460 seconds, Stopping threads took: 0.0002450 seconds
117.288: Application time: 0.0772500 seconds
117.351: [GC [PSYoungGen: 6462K->614K(7680K)] 14596K->8749K(25088K), 0.0003960 secs] [Times: user=0.00 sys=0.00, real=0.00 secs] 
117.352: [Full GC [PSYoungGen: 614K->0K(7680K)] [ParOldGen: 8134K->1689K(17408K)] 8749K->1689K(25088K) [PSPermGen: 5114K->5114K(21504K)], 0.0039880 secs] [Times: user=0.01 sys=0.00, real=0.00 secs] 
117.356: Total time for which application threads were stopped: 0.0679040 seconds, Stopping threads took: 0.0634120 seconds
117.357: Application time: 0.0010690 seconds
117.418: [GC [PSYoungGen: 6636K->1005K(7680K)] 8325K->5632K(25088K), 0.0012420 secs] [Times: user=0.00 sys=0.01, real=0.00 secs] 
117.419: Total time for which application threads were stopped: 0.0622270 seconds, Stopping threads took: 0.0609030 seconds
117.498: Application time: 0.0792810 seconds
117.542: [GC [PSYoungGen: 7370K->646K(7680K)] 11997K->5274K(25088K), 0.0004570 secs] [Times: user=0.00 sys=0.00, real=0.00 secs] 
117.543: Total time for which application threads were stopped: 0.0441700 seconds, Stopping threads took: 0.0436360 seconds
117.549: Application time: 0.0065850 seconds
117.599: [GC [PSYoungGen: 7302K->1005K(7680K)] 11929K->9742K(25088K), 0.0017290 secs] [Times: user=0.01 sys=0.00, real=0.00 secs] 
117.601: [Full GC [PSYoungGen: 1005K->0K(7680K)] [ParOldGen: 8737K->6181K(17408K)] 9742K->6181K(25088K) [PSPermGen: 5114K->5114K(21504K)], 0.0046800 secs] [Times: user=0.01 sys=0.00, real=0.01 secs] 
117.605: Total time for which application threads were stopped: 0.0561500 seconds, Stopping threads took: 0.0495930 seconds
117.683: Application time: 0.0780240 seconds
117.737: [GC [PSYoungGen: 6559K->1005K(7680K)] 12741K->8171K(25088K), 0.0008910 secs] [Times: user=0.00 sys=0.00, real=0.00 secs] 
117.738: Total time for which application threads were stopped: 0.0545070 seconds, Stopping threads took: 0.0535410 seconds
117.739: Application time: 0.0013500 seconds
117.809: [GC [PSYoungGen: 7624K->841K(7680K)] 14790K->9180K(25088K), 0.0007560 secs] [Times: user=0.00 sys=0.00, real=0.01 secs] 
117.810: Total time for which application threads were stopped: 0.0702680 seconds, Stopping threads took: 0.0694330 seconds
117.811: Application time: 0.0011930 seconds
117.879: [GC [PSYoungGen: 7480K->842K(7680K)] 15818K->11524K(25088K), 0.0011420 secs] [Times: user=0.00 sys=0.00, real=0.00 secs] 
117.880: [Full GC [PSYoungGen: 842K->0K(7680K)] [ParOldGen: 10682K->4229K(17408K)] 11524K->4229K(25088K) [PSPermGen: 5114K->5114K(21504K)], 0.0042880 secs] [Times: user=0.02 sys=0.00, real=0.01 secs] 
117.885: Total time for which application threads were stopped: 0.0741030 seconds, Stopping threads took: 0.0685470 seconds
117.964: Application time: 0.0794040 seconds
117.974: [GC [PSYoungGen: 6656K->973K(7680K)] 10885K->5397K(25088K), 0.0006810 secs] [Times: user=0.01 sys=0.00, real=0.00 secs] 
117.975: Total time for which application threads were stopped: 0.0108380 seconds, Stopping threads took: 0.0100690 seconds
117.981: Application time: 0.0061910 seconds
118.046: [GC [PSYoungGen: 7533K->192K(7680K)] 11957K->4616K(25088K), 0.0006240 secs] [Times: user=0.00 sys=0.00, real=0.00 secs] 
118.047: Total time for which application threads were stopped: 0.0654360 seconds, Stopping threads took: 0.0647470 seconds
118.047: Application time: 0.0005920 seconds
118.048: [GC [PSYoungGen: 6752K->1008K(7680K)] 11176K->11055K(25088K), 0.0018500 secs] [Times: user=0.01 sys=0.01, real=0.01 secs] 
118.049: [Full GC [PSYoungGen: 1008K->0K(7680K)] [ParOldGen: 10047K->7841K(17408K)] 11055K->7841K(25088K) [PSPermGen: 5114K->5114K(21504K)], 0.0051070 secs] [Times: user=0.02 sys=0.00, real=0.00 secs] 
118.055: Total time for which application threads were stopped: 0.0073540 seconds, Stopping threads took: 0.0002790 seconds
118.135: Application time: 0.0800480 seconds
118.196: [GC [PSYoungGen: 6613K->387K(7680K)] 14455K->8229K(25088K), 0.0003730 secs] [Times: user=0.00 sys=0.00, real=0.00 secs] 
118.196: Total time for which application threads were stopped: 0.0615340 seconds, Stopping threads took: 0.0610960 seconds
118.197: Application time: 0.0008210 seconds
118.197: [GC [PSYoungGen: 6971K->1005K(7680K)] 14813K->14828K(25088K), 0.0021320 secs] [Times: user=0.02 sys=0.00, real=0.00 secs] 
118.199: [Full GC [PSYoungGen: 1005K->0K(7680K)] [ParOldGen: 13823K->8037K(17408K)] 14828K->8037K(25088K) [PSPermGen: 5114K->5114K(21504K)], 0.0054070 secs] [Times: user=0.02 sys=0.00, real=0.01 secs] 
118.205: Total time for which application threads were stopped: 0.0079050 seconds, Stopping threads took: 0.0002360 seconds
118.286: Application time: 0.0814020 seconds
118.348: [GC [PSYoungGen: 6637K->614K(7680K)] 14675K->8652K(25088K), 0.0005680 secs] [Times: user=0.00 sys=0.00, real=0.00 secs] 
118.348: Total time for which application threads were stopped: 0.0620370 seconds, Stopping threads took: 0.0613810 seconds
118.349: Application time: 0.0008080 seconds
118.349: [GC [PSYoungGen: 7253K->1006K(7680K)] 15290K->15163K(25088K), 0.0021280 secs] [Times: user=0.02 sys=0.00, real=0.00 secs] 
118.352: [Full GC [PSYoungGen: 1006K->0K(7680K)] [ParOldGen: 14156K->8232K(17408K)] 15163K->8232K(25088K) [PSPermGen: 5114K->5114K(21504K)], 0.0051160 secs] [Times: user=0.02 sys=0.00, real=0.00 secs] 
118.357: Total time for which application threads were stopped: 0.0075740 seconds, Stopping threads took: 0.0002010 seconds
118.440: Application time: 0.0828420 seconds
118.502: [GC [PSYoungGen: 6364K->646K(7680K)] 14597K->8879K(25088K), 0.0004500 secs] [Times: user=0.00 sys=0.00, real=0.00 secs] 
118.502: Total time for which application threads were stopped: 0.0623930 seconds, Stopping threads took: 0.0618780 seconds
118.503: Application time: 0.0008350 seconds
118.548: [GC [PSYoungGen: 7206K->1005K(7680K)] 15439K->14324K(25088K), 0.0019170 secs] [Times: user=0.01 sys=0.00, real=0.01 secs] 
118.550: [Full GC [PSYoungGen: 1005K->0K(7680K)] [ParOldGen: 13319K->7158K(17408K)] 14324K->7158K(25088K) [PSPermGen: 5114K->5114K(21504K)], 0.0051890 secs] [Times: user=0.03 sys=0.00, real=0.00 secs] 
118.555: Total time for which application threads were stopped: 0.0525160 seconds, Stopping threads took: 0.0452550 seconds
118.631: Application time: 0.0756430 seconds
118.678: [GC [PSYoungGen: 6364K->646K(7680K)] 13523K->7805K(25088K), 0.0004110 secs] [Times: user=0.00 sys=0.00, real=0.00 secs] 
118.678: Total time for which application threads were stopped: 0.0470280 seconds, Stopping threads took: 0.0465490 seconds
118.679: Application time: 0.0007650 seconds
118.679: [GC [PSYoungGen: 7109K->1006K(7680K)] 14267K->14155K(25088K), 0.0019330 secs] [Times: user=0.01 sys=0.00, real=0.00 secs] 
118.681: [Full GC [PSYoungGen: 1006K->0K(7680K)] [ParOldGen: 13148K->8135K(17408K)] 14155K->8135K(25088K) [PSPermGen: 5114K->5114K(21504K)], 0.0050980 secs] [Times: user=0.03 sys=0.00, real=0.01 secs] 
118.686: Total time for which application threads were stopped: 0.0073540 seconds, Stopping threads took: 0.0002010 seconds
118.768: Application time: 0.0818610 seconds
118.830: [GC [PSYoungGen: 6540K->614K(7680K)] 14675K->8749K(25088K), 0.0004680 secs] [Times: user=0.00 sys=0.00, real=0.00 secs] 
118.830: [Full GC [PSYoungGen: 614K->0K(7680K)] [ParOldGen: 8135K->1690K(17408K)] 8749K->1690K(25088K) [PSPermGen: 5114K->5114K(21504K)], 0.0040630 secs] [Times: user=0.02 sys=0.00, real=0.00 secs] 
118.834: Total time for which application threads were stopped: 0.0663510 seconds, Stopping threads took: 0.0617080 seconds
118.836: Application time: 0.0012960 seconds
118.880: [GC [PSYoungGen: 6560K->1005K(7680K)] 8250K->7781K(25088K), 0.0018880 secs] [Times: user=0.01 sys=0.00, real=0.01 secs] 
118.882: Total time for which application threads were stopped: 0.0465560 seconds, Stopping threads took: 0.0445910 seconds
118.958: Application time: 0.0752780 seconds
119.002: [GC [PSYoungGen: 7467K->1005K(7680K)] 14243K->8571K(25088K), 0.0007240 secs] [Times: user=0.00 sys=0.00, real=0.00 secs] 
119.003: Total time for which application threads were stopped: 0.0453030 seconds, Stopping threads took: 0.0445120 seconds
119.004: Application time: 0.0011030 seconds
119.072: [GC [PSYoungGen: 7565K->1005K(7680K)] 15131K->12681K(25088K), 0.0016260 secs] [Times: user=0.01 sys=0.00, real=0.00 secs] 
119.073: [Full GC [PSYoungGen: 1005K->0K(7680K)] [ParOldGen: 11675K->6182K(17408K)] 12681K->6182K(25088K) [PSPermGen: 5114K->5114K(21504K)], 0.0047930 secs] [Times: user=0.02 sys=0.00, real=0.00 secs] 
119.078: Total time for which application threads were stopped: 0.0741990 seconds, Stopping threads took: 0.0676400 seconds
119.167: Application time: 0.0885500 seconds
119.224: [GC [PSYoungGen: 6462K->777K(7680K)] 12644K->6960K(25088K), 0.0004240 secs] [Times: user=0.00 sys=0.00, real=0.00 secs] 
119.224: Total time for which application threads were stopped: 0.0575900 seconds, Stopping threads took: 0.0571040 seconds
119.225: Application time: 0.0008560 seconds
119.225: [GC [PSYoungGen: 7338K->1005K(7680K)] 13520K->13543K(25088K), 0.0022080 secs] [Times: user=0.01 sys=0.00, real=0.00 secs] 
119.228: [Full GC [PSYoungGen: 1005K->0K(7680K)] [ParOldGen: 12538K->8428K(17408K)] 13543K->8428K(25088K) [PSPermGen: 5114K->5114K(21504K)], 0.0051120 secs] [Times: user=0.02 sys=0.00, real=0.01 secs] 
119.233: Total time for which application threads were stopped: 0.0076360 seconds, Stopping threads took: 0.0001860 seconds
119.312: Application time: 0.0797430 seconds
119.374: [GC [PSYoungGen: 6637K->646K(7680K)] 15066K->9465K(25088K), 0.0005560 secs] [Times: user=0.00 sys=0.00, real=0.00 secs] 
119.374: [Full GC [PSYoungGen: 646K->0K(7680K)] [ParOldGen: 8818K->2080K(17408K)] 9465K->2080K(25088K) [PSPermGen: 5114K->5114K(21504K)], 0.0039680 secs] [Times: user=0.02 sys=0.00, real=0.00 secs] 
119.378: Total time for which application threads were stopped: 0.0656930 seconds, Stopping threads took: 0.0610570 seconds
119.379: Application time: 0.0011660 seconds
119.423: [GC [PSYoungGen: 6638K->1005K(7680K)] 8719K->7481K(25088K), 0.0017290 secs] [Times: user=0.01 sys=0.00, real=0.00 secs] 
119.425: Total time for which application threads were stopped: 0.0455450 seconds, Stopping threads took: 0.0437370 seconds
119.497: Application time: 0.0720930 seconds
119.542: [GC [PSYoungGen: 7545K->1005K(7680K)] 14021K->8660K(25088K), 0.0010490 secs] [Times: user=0.00 sys=0.00, real=0.00 secs] 
119.543: Total time for which application threads were stopped: 0.0462330 seconds, Stopping threads took: 0.0450900 seconds
119.544: Application time: 0.0012280 seconds
119.613: [GC [PSYoungGen: 7643K->1005K(7680K)] 15299K->11012K(25088K), 0.0012910 secs] [Times: user=0.01 sys=0.00, real=0.00 secs] 
119.615: [Full GC [PSYoungGen: 1005K->0K(7680K)] [ParOldGen: 10007K->4424K(17408K)] 11012K->4424K(25088K) [PSPermGen: 5114K->5114K(21504K)], 0.0041190 secs] [Times: user=0.01 sys=0.01, real=0.00 secs] 
119.619: Total time for which application threads were stopped: 0.0744240 seconds, Stopping threads took: 0.0688530 seconds
119.691: Application time: 0.0722630 seconds
119.735: [GC [PSYoungGen: 6560K->224K(7680K)] 10985K->4648K(25088K), 0.0004210 secs] [Times: user=0.00 sys=0.00, real=0.00 secs] 
119.736: Total time for which application threads were stopped: 0.0446380 seconds, Stopping threads took: 0.0441550 seconds
119.737: Application time: 0.0008830 seconds
119.737: [GC [PSYoungGen: 6784K->1005K(7680K)] 11209K->11200K(25088K), 0.0017980 secs] [Times: user=0.01 sys=0.00, real=0.00 secs] 
119.739: [Full GC [PSYoungGen: 1005K->0K(7680K)] [ParOldGen: 10195K->7842K(17408K)] 11200K->7842K(25088K) [PSPermGen: 5114K->5114K(21504K)], 0.0047980 secs] [Times: user=0.02 sys=0.00, real=0.01 secs] 
119.743: Total time for which application threads were stopped: 0.0067710 seconds, Stopping threads took: 0.0000510 seconds
119.820: Application time: 0.0767340 seconds
119.889: [GC [PSYoungGen: 6559K->419K(7680K)] 14402K->8261K(25088K), 0.0004120 secs] [Times: user=0.01 sys=0.00, real=0.00 secs] 
119.889: Total time for which application threads were stopped: 0.0689570 seconds, Stopping threads took: 0.0684720 seconds
119.890: Application time: 0.0007660 seconds
119.890: [GC [PSYoungGen: 7057K->1005K(7680K)] 14900K->14805K(25088K), 0.0020670 secs] [Times: user=0.01 sys=0.01, real=0.00 secs] 
119.892: [Full GC [PSYoungGen: 1005K->0K(7680K)] [ParOldGen: 13799K->8038K(17408K)] 14805K->8038K(25088K) [PSPermGen: 5114K->5114K(21504K)], 0.0050440 secs] [Times: user=0.03 sys=0.00, real=0.00 secs] 
119.897: Total time for which application threads were stopped: 0.0073520 seconds, Stopping threads took: 0.0001090 seconds
119.976: Application time: 0.0790620 seconds
120.037: [GC [PSYoungGen: 6559K->646K(7680K)] 14597K->8684K(25088K), 0.0003960 secs] [Times: user=0.00 sys=0.00, real=0.00 secs] 
120.037: Total time for which application threads were stopped: 0.0611040 seconds, Stopping threads took: 0.0606430 seconds
120.038: Application time: 0.0008200 seconds
120.038: [GC [PSYoungGen: 7206K->1005K(7680K)] 15244K->15204K(25088K), 0.0021560 secs] [Times: user=0.01 sys=0.00, real=0.00 secs] 
120.041: [Full GC [PSYoungGen: 1005K->0K(7680K)] [ParOldGen: 14198K->8233K(17408K)] 15204K->8233K(25088K) [PSPermGen: 5114K->5114K(21504K)], 0.0051240 secs] [Times: user=0.03 sys=0.00, real=0.01 secs] 
120.046: Total time for which application threads were stopped: 0.0074510 seconds, Stopping threads took: 0.0000430 seconds
120.125: Application time: 0.0796560 seconds
120.186: [GC [PSYoungGen: 6364K->550K(7680K)] 14597K->8783K(25088K), 0.0004440 secs] [Times: user=0.00 sys=0.00, real=0.00 secs] 
120.187: [Full GC [PSYoungGen: 550K->0K(7680K)] [ParOldGen: 8233K->1928K(17408K)] 8783K->1928K(25088K) [PSPermGen: 5114K->5114K(21504K)], 0.0038450 secs] [Times: user=0.01 sys=0.00, real=0.01 secs] 
120.191: Total time for which application threads were stopped: 0.0653860 seconds, Stopping threads took: 0.0609830 seconds
120.192: Application time: 0.0012630 seconds
120.236: [GC [PSYoungGen: 6638K->1005K(7680K)] 8567K->6946K(25088K), 0.0015240 secs] [Times: user=0.01 sys=0.00, real=0.00 secs] 
120.237: Total time for which application threads were stopped: 0.0453710 seconds, Stopping threads took: 0.0437750 seconds
120.328: Application time: 0.0903360 seconds
120.371: [GC [PSYoungGen: 7448K->646K(7680K)] 13389K->6587K(25088K), 0.0004830 secs] [Times: user=0.00 sys=0.00, real=0.00 secs] 
120.371: Total time for which application threads were stopped: 0.0436190 seconds, Stopping threads took: 0.0430650 seconds
120.372: Application time: 0.0009820 seconds
120.422: [GC [PSYoungGen: 7206K->1005K(7680K)] 13147K->12084K(25088K), 0.0019230 secs] [Times: user=0.01 sys=0.00, real=0.00 secs] 
120.424: [Full GC [PSYoungGen: 1005K->0K(7680K)] [ParOldGen: 11079K->7159K(17408K)] 12084K->7159K(25088K) [PSPermGen: 5114K->5114K(21504K)], 0.0050000 secs] [Times: user=0.02 sys=0.00, real=0.00 secs] 
120.429: Total time for which application threads were stopped: 0.0563070 seconds, Stopping threads took: 0.0492570 seconds
120.502: Application time: 0.0731370 seconds
120.547: [GC [PSYoungGen: 6462K->1005K(7680K)] 13621K->8945K(25088K), 0.0006700 secs] [Times: user=0.01 sys=0.00, real=0.00 secs] 
120.548: Total time for which application threads were stopped: 0.0458860 seconds, Stopping threads took: 0.0451440 seconds
120.549: Application time: 0.0011290 seconds
120.618: [GC [PSYoungGen: 7546K->1005K(7680K)] 15486K->11883K(25088K), 0.0015430 secs] [Times: user=0.00 sys=0.00, real=0.00 secs] 
120.619: [Full GC [PSYoungGen: 1005K->0K(7680K)] [ParOldGen: 10878K->5011K(17408K)] 11883K->5011K(25088K) [PSPermGen: 5114K->5114K(21504K)], 0.0044670 secs] [Times: user=0.02 sys=0.01, real=0.01 secs] 
120.624: Total time for which application threads were stopped: 0.0751340 seconds, Stopping threads took: 0.0689960 seconds
120.703: Application time: 0.0792580 seconds
120.749: [GC [PSYoungGen: 6364K->646K(7680K)] 11375K->5657K(25088K), 0.0003850 secs] [Times: user=0.00 sys=0.00, real=0.00 secs] 
120.749: Total time for which application threads were stopped: 0.0458460 seconds, Stopping threads took: 0.0453880 seconds
120.750: Application time: 0.0008750 seconds
120.790: [GC [PSYoungGen: 7109K->1006K(7680K)] 12120K->10933K(25088K), 0.0017170 secs] [Times: user=0.02 sys=0.00, real=0.00 secs] 
120.792: [Full GC [PSYoungGen: 1006K->0K(7680K)] [ParOldGen: 9926K->7061K(17408K)] 10933K->7061K(25088K) [PSPermGen: 5114K->5114K(21504K)], 0.0046770 secs] [Times: user=0.01 sys=0.00, real=0.00 secs] 
120.797: Total time for which application threads were stopped: 0.0467320 seconds, Stopping threads took: 0.0402110 seconds
120.892: Application time: 0.0953910 seconds
120.948: [GC [PSYoungGen: 6462K->582K(7680K)] 13523K->7644K(25088K), 0.0004770 secs] [Times: user=0.00 sys=0.01, real=0.00 secs] 
120.949: Total time for which application threads were stopped: 0.0565140 seconds, Stopping threads took: 0.0559710 seconds
120.950: Application time: 0.0009480 seconds
121.003: [GC [PSYoungGen: 7142K->939K(7680K)] 14204K->12103K(25088K), 0.0016170 secs] [Times: user=0.01 sys=0.00, real=0.00 secs] 
121.004: [Full GC [PSYoungGen: 939K->0K(7680K)] [ParOldGen: 11163K->6085K(17408K)] 12103K->6085K(25088K) [PSPermGen: 5114K->5114K(21504K)], 0.0049550 secs] [Times: user=0.02 sys=0.00, real=0.01 secs] 
121.009: Total time for which application threads were stopped: 0.0597170 seconds, Stopping threads took: 0.0530160 seconds
121.091: Application time: 0.0812800 seconds
121.151: [GC [PSYoungGen: 6442K->646K(7680K)] 12527K->6731K(25088K), 0.0004560 secs] [Times: user=0.00 sys=0.00, real=0.00 secs] 
121.152: Total time for which application threads were stopped: 0.0612610 seconds, Stopping threads took: 0.0607350 seconds
121.153: Application time: 0.0008870 seconds
121.201: [GC [PSYoungGen: 7204K->939K(7680K)] 13289K->11126K(25088K), 0.0015050 secs] [Times: user=0.01 sys=0.00, real=0.01 secs] 
121.202: [Full GC [PSYoungGen: 939K->0K(7680K)] [ParOldGen: 10186K->6085K(17408K)] 11126K->6085K(25088K) [PSPermGen: 5114K->5114K(21504K)], 0.0048190 secs] [Times: user=0.02 sys=0.00, real=0.00 secs] 
121.207: Total time for which application threads were stopped: 0.0545780 seconds, Stopping threads took: 0.0481330 seconds
121.289: Application time: 0.0816860 seconds
121.334: [GC [PSYoungGen: 6442K->939K(7680K)] 12528K->7806K(25088K), 0.0006280 secs] [Times: user=0.00 sys=0.00, real=0.00 secs] 
121.334: Total time for which application threads were stopped: 0.0452010 seconds, Stopping threads took: 0.0444950 seconds
121.335: Application time: 0.0010030 seconds
121.379: [GC [PSYoungGen: 7577K->1005K(7680K)] 14444K->12994K(25088K), 0.0019360 secs] [Times: user=0.01 sys=0.00, real=0.00 secs] 
121.381: [Full GC [PSYoungGen: 1005K->0K(7680K)] [ParOldGen: 11989K->7159K(17408K)] 12994K->7159K(25088K) [PSPermGen: 5114K->5114K(21504K)], 0.0049690 secs] [Times: user=0.02 sys=0.00, real=0.01 secs] 
121.386: Total time for which application threads were stopped: 0.0507860 seconds, Stopping threads took: 0.0437450 seconds
121.459: Application time: 0.0728340 seconds
121.504: [GC [PSYoungGen: 6442K->939K(7680K)] 13602K->8880K(25088K), 0.0008590 secs] [Times: user=0.00 sys=0.00, real=0.00 secs] 
121.505: Total time for which application threads were stopped: 0.0458780 seconds, Stopping threads took: 0.0449290 seconds
121.509: Application time: 0.0040840 seconds
121.576: [GC [PSYoungGen: 7402K->614K(7680K)] 15343K->8555K(25088K), 0.0005920 secs] [Times: user=0.01 sys=0.00, real=0.00 secs] 
121.577: Total time for which application threads were stopped: 0.0678540 seconds, Stopping threads took: 0.0671930 seconds
121.577: Application time: 0.0006840 seconds
121.629: [GC [PSYoungGen: 7174K->1005K(7680K)] 15115K->14056K(25088K), 0.0019080 secs] [Times: user=0.01 sys=0.00, real=0.00 secs] 
121.631: [Full GC [PSYoungGen: 1005K->0K(7680K)] [ParOldGen: 13051K->7159K(17408K)] 14056K->7159K(25088K) [PSPermGen: 5114K->5114K(21504K)], 0.0051710 secs] [Times: user=0.02 sys=0.00, real=0.00 secs] 
121.637: Total time for which application threads were stopped: 0.0593430 seconds, Stopping threads took: 0.0521490 seconds
121.711: Application time: 0.0742160 seconds
121.756: [GC [PSYoungGen: 6364K->939K(7680K)] 13524K->8880K(25088K), 0.0006510 secs] [Times: user=0.01 sys=0.00, real=0.00 secs] 
121.757: Total time for which application threads were stopped: 0.0457150 seconds, Stopping threads took: 0.0449920 seconds
121.758: Application time: 0.0010660 seconds
121.828: [GC [PSYoungGen: 7578K->939K(7680K)] 15518K->12982K(25088K), 0.0016980 secs] [Times: user=0.01 sys=0.00, real=0.01 secs] 
121.830: [Full GC [PSYoungGen: 939K->0K(7680K)] [ParOldGen: 12042K->6085K(17408K)] 12982K->6085K(25088K) [PSPermGen: 5114K->5114K(21504K)], 0.0048580 secs] [Times: user=0.02 sys=0.00, real=0.00 secs] 
121.835: Total time for which application threads were stopped: 0.0772210 seconds, Stopping threads took: 0.0705380 seconds
121.913: Application time: 0.0785760 seconds
121.960: [GC [PSYoungGen: 6638K->841K(7680K)] 12723K->6927K(25088K), 0.0004270 secs] [Times: user=0.00 sys=0.00, real=0.00 secs] 
121.961: Total time for which application threads were stopped: 0.0472340 seconds, Stopping threads took: 0.0467330 seconds
121.965: Application time: 0.0047140 seconds
122.031: [GC [PSYoungGen: 7304K->826K(7680K)] 13389K->6911K(25088K), 0.0004250 secs] [Times: user=0.00 sys=0.00, real=0.00 secs] 
122.032: Total time for which application threads were stopped: 0.0662330 seconds, Stopping threads took: 0.0657260 seconds
122.033: Application time: 0.0016880 seconds
122.102: [GC [PSYoungGen: 7288K->809K(7680K)] 13374K->6895K(25088K), 0.0004470 secs] [Times: user=0.00 sys=0.00, real=0.00 secs] 
122.102: Total time for which application threads were stopped: 0.0691600 seconds, Stopping threads took: 0.0686300 seconds
122.105: Application time: 0.0028990 seconds
122.173: [GC [PSYoungGen: 7272K->809K(7680K)] 13358K->6895K(25088K), 0.0006300 secs] [Times: user=0.00 sys=0.00, real=0.00 secs] 
122.174: Total time for which application threads were stopped: 0.0683130 seconds, Stopping threads took: 0.0676180 seconds
122.174: Application time: 0.0007890 seconds
122.218: [GC [PSYoungGen: 7465K->1005K(7680K)] 13551K->11388K(25088K), 0.0016430 secs] [Times: user=0.01 sys=0.00, real=0.00 secs] 
122.220: [Full GC [PSYoungGen: 1005K->0K(7680K)] [ParOldGen: 10382K->6378K(17408K)] 11388K->6378K(25088K) [PSPermGen: 5114K->5114K(21504K)], 0.0048460 secs] [Times: user=0.02 sys=0.00, real=0.01 secs] 
122.225: Total time for which application threads were stopped: 0.0503580 seconds, Stopping threads took: 0.0437240 seconds
122.297: Application time: 0.0726350 seconds
122.343: [GC [PSYoungGen: 6638K->1005K(7680K)] 13016K->8555K(25088K), 0.0008110 secs] [Times: user=0.01 sys=0.00, real=0.00 secs] 
122.343: Total time for which application threads were stopped: 0.0459380 seconds, Stopping threads took: 0.0450540 seconds
122.346: Application time: 0.0024100 seconds
122.415: [GC [PSYoungGen: 7565K->1005K(7680K)] 15115K->8751K(25088K), 0.0005710 secs] [Times: user=0.01 sys=0.00, real=0.00 secs] 
122.415: Total time for which application threads were stopped: 0.0694060 seconds, Stopping threads took: 0.0687700 seconds
122.416: Application time: 0.0008400 seconds
122.460: [GC [PSYoungGen: 7467K->1005K(7680K)] 15213K->14350K(25088K), 0.0020890 secs] [Times: user=0.01 sys=0.00, real=0.01 secs] 
122.462: [Full GC [PSYoungGen: 1005K->0K(7680K)] [ParOldGen: 13344K->7648K(17408K)] 14350K->7648K(25088K) [PSPermGen: 5114K->5114K(21504K)], 0.0049310 secs] [Times: user=0.03 sys=0.00, real=0.00 secs] 
122.467: Total time for which application threads were stopped: 0.0506820 seconds, Stopping threads took: 0.0435300 seconds
122.562: Application time: 0.0956100 seconds
122.620: [GC [PSYoungGen: 6559K->256K(7680K)] 14208K->7904K(25088K), 0.0003950 secs] [Times: user=0.00 sys=0.00, real=0.00 secs] 
122.620: Total time for which application threads were stopped: 0.0577180 seconds, Stopping threads took: 0.0572450 seconds
122.621: Application time: 0.0008760 seconds
122.621: [GC [PSYoungGen: 6894K->1005K(7680K)] 14542K->14431K(25088K), 0.0020160 secs] [Times: user=0.02 sys=0.00, real=0.00 secs] 
122.623: [Full GC [PSYoungGen: 1005K->0K(7680K)] [ParOldGen: 13426K->7843K(17408K)] 14431K->7843K(25088K) [PSPermGen: 5114K->5114K(21504K)], 0.0052060 secs] [Times: user=0.02 sys=0.00, real=0.00 secs] 
122.629: Total time for which application threads were stopped: 0.0075190 seconds, Stopping threads took: 0.0001680 seconds
122.708: Application time: 0.0796680 seconds
122.770: [GC [PSYoungGen: 6559K->419K(7680K)] 14403K->8262K(25088K), 0.0004200 secs] [Times: user=0.00 sys=0.00, real=0.00 secs] 
122.770: Total time for which application threads were stopped: 0.0618890 seconds, Stopping threads took: 0.0614020 seconds
122.771: Application time: 0.0007470 seconds
122.818: [GC [PSYoungGen: 7075K->1005K(7680K)] 14918K->13837K(25088K), 0.0017700 secs] [Times: user=0.01 sys=0.00, real=0.00 secs] 
122.820: [Full GC [PSYoungGen: 1005K->0K(7680K)] [ParOldGen: 12832K->7062K(17408K)] 13837K->7062K(25088K) [PSPermGen: 5114K->5114K(21504K)], 0.0049220 secs] [Times: user=0.02 sys=0.00, real=0.01 secs] 
122.825: Total time for which application threads were stopped: 0.0543070 seconds, Stopping threads took: 0.0474880 seconds
122.899: Application time: 0.0736330 seconds
122.943: [GC [PSYoungGen: 6540K->646K(7680K)] 13602K->7709K(25088K), 0.0004470 secs] [Times: user=0.00 sys=0.00, real=0.00 secs] 
122.944: Total time for which application threads were stopped: 0.0450510 seconds, Stopping threads took: 0.0445380 seconds
122.945: Application time: 0.0015700 seconds
123.014: [GC [PSYoungGen: 7187K->646K(7680K)] 14249K->7709K(25088K), 0.0004590 secs] [Times: user=0.00 sys=0.00, real=0.00 secs] 
123.015: Total time for which application threads were stopped: 0.0693490 seconds, Stopping threads took: 0.0688290 seconds
123.021: Application time: 0.0066500 seconds
123.085: [GC [PSYoungGen: 7187K->662K(7680K)] 14249K->7725K(25088K), 0.0004000 secs] [Times: user=0.00 sys=0.00, real=0.00 secs] 
123.085: Total time for which application threads were stopped: 0.0640570 seconds, Stopping threads took: 0.0635960 seconds
123.086: Application time: 0.0005930 seconds
123.086: [GC [PSYoungGen: 7203K->1022K(7680K)] 14265K->14126K(25088K), 0.0018770 secs] [Times: user=0.01 sys=0.00, real=0.00 secs] 
123.088: [Full GC [PSYoungGen: 1022K->0K(7680K)] [ParOldGen: 13103K->8136K(17408K)] 14126K->8136K(25088K) [PSPermGen: 5114K->5114K(21504K)], 0.0055090 secs] [Times: user=0.02 sys=0.01, real=0.01 secs] 
123.094: Total time for which application threads were stopped: 0.0077940 seconds, Stopping threads took: 0.0002900 seconds
123.173: Application time: 0.0787080 seconds
123.224: [GC [PSYoungGen: 6462K->582K(7680K)] 14598K->8719K(25088K), 0.0004880 secs] [Times: user=0.00 sys=0.00, real=0.00 secs] 
123.224: Total time for which application threads were stopped: 0.0517960 seconds, Stopping threads took: 0.0512280 seconds
123.225: Application time: 0.0007870 seconds
123.225: [GC [PSYoungGen: 7045K->1008K(7680K)] 15181K->15061K(25088K), 0.0020550 secs] [Times: user=0.02 sys=0.00, real=0.00 secs] 
123.227: [Full GC [PSYoungGen: 1008K->0K(7680K)] [ParOldGen: 14052K->8136K(17408K)] 15061K->8136K(25088K) [PSPermGen: 5114K->5114K(21504K)], 0.0050860 secs] [Times: user=0.02 sys=0.00, real=0.01 secs] 
123.233: Total time for which application threads were stopped: 0.0074420 seconds, Stopping threads took: 0.0001770 seconds
123.315: Application time: 0.0825580 seconds
123.375: [GC [PSYoungGen: 6462K->550K(7680K)] 14598K->8687K(25088K), 0.0004170 secs] [Times: user=0.00 sys=0.00, real=0.00 secs] 
123.376: [Full GC [PSYoungGen: 550K->0K(7680K)] [ParOldGen: 8136K->1691K(17408K)] 8687K->1691K(25088K) [PSPermGen: 5114K->5114K(21504K)], 0.0038360 secs] [Times: user=0.01 sys=0.00, real=0.00 secs] 
123.380: Total time for which application threads were stopped: 0.0646060 seconds, Stopping threads took: 0.0602440 seconds
123.381: Application time: 0.0012250 seconds
123.425: [GC [PSYoungGen: 6560K->1005K(7680K)] 8251K->7783K(25088K), 0.0018860 secs] [Times: user=0.02 sys=0.00, real=0.00 secs] 
123.427: Total time for which application threads were stopped: 0.0456620 seconds, Stopping threads took: 0.0436940 seconds
123.501: Application time: 0.0748610 seconds
123.546: [GC [PSYoungGen: 7467K->973K(7680K)] 14245K->8532K(25088K), 0.0007410 secs] [Times: user=0.00 sys=0.00, real=0.00 secs] 
123.547: Total time for which application threads were stopped: 0.0457360 seconds, Stopping threads took: 0.0449140 seconds
123.549: Application time: 0.0014080 seconds
123.618: [GC [PSYoungGen: 7592K->841K(7680K)] 15151K->9377K(25088K), 0.0007520 secs] [Times: user=0.00 sys=0.00, real=0.00 secs] 
123.618: [Full GC [PSYoungGen: 841K->0K(7680K)] [ParOldGen: 8535K->2863K(17408K)] 9377K->2863K(25088K) [PSPermGen: 5114K->5114K(21504K)], 0.0041470 secs] [Times: user=0.01 sys=0.00, real=0.01 secs] 
123.623: Total time for which application threads were stopped: 0.0738700 seconds, Stopping threads took: 0.0688490 seconds
123.624: Application time: 0.0013440 seconds
123.693: [GC [PSYoungGen: 6560K->907K(7680K)] 9423K->6896K(25088K), 0.0014120 secs] [Times: user=0.01 sys=0.00, real=0.00 secs] 
123.694: Total time for which application threads were stopped: 0.0701730 seconds, Stopping threads took: 0.0686630 seconds
123.775: Application time: 0.0813800 seconds
123.819: [GC [PSYoungGen: 7563K->646K(7680K)] 13552K->7026K(25088K), 0.0004780 secs] [Times: user=0.00 sys=0.00, real=0.00 secs] 
123.820: Total time for which application threads were stopped: 0.0443550 seconds, Stopping threads took: 0.0438030 seconds
123.821: Application time: 0.0008970 seconds
123.862: [GC [PSYoungGen: 7206K->1005K(7680K)] 13586K->12861K(25088K), 0.0020000 secs] [Times: user=0.02 sys=0.00, real=0.00 secs] 
123.864: [Full GC [PSYoungGen: 1005K->0K(7680K)] [ParOldGen: 11856K->7550K(17408K)] 12861K->7550K(25088K) [PSPermGen: 5114K->5114K(21504K)], 0.0049130 secs] [Times: user=0.02 sys=0.00, real=0.00 secs] 
123.869: Total time for which application threads were stopped: 0.0479910 seconds, Stopping threads took: 0.0409420 seconds
123.962: Application time: 0.0931230 seconds
124.024: [GC [PSYoungGen: 6656K->256K(7680K)] 14206K->7806K(25088K), 0.0004020 secs] [Times: user=0.00 sys=0.00, real=0.00 secs] 
124.024: Total time for which application threads were stopped: 0.0626940 seconds, Stopping threads took: 0.0622200 seconds
124.025: Application time: 0.0008120 seconds
124.025: [GC [PSYoungGen: 6816K->1006K(7680K)] 14367K->14254K(25088K), 0.0018210 secs] [Times: user=0.02 sys=0.00, real=0.00 secs] 
124.027: [Full GC [PSYoungGen: 1006K->0K(7680K)] [ParOldGen: 13247K->7843K(17408K)] 14254K->7843K(25088K) [PSPermGen: 5114K->5114K(21504K)], 0.0053500 secs] [Times: user=0.02 sys=0.00, real=0.01 secs] 
124.033: Total time for which application threads were stopped: 0.0074600 seconds, Stopping threads took: 0.0001640 seconds
124.110: Application time: 0.0773960 seconds
124.173: [GC [PSYoungGen: 6637K->451K(7680K)] 14481K->8295K(25088K), 0.0004050 secs] [Times: user=0.00 sys=0.00, real=0.00 secs] 
124.174: Total time for which application threads were stopped: 0.0637550 seconds, Stopping threads took: 0.0632850 seconds
124.175: Application time: 0.0008400 seconds
124.219: [GC [PSYoungGen: 7089K->1021K(7680K)] 14933K->12681K(25088K), 0.0015210 secs] [Times: user=0.01 sys=0.00, real=0.00 secs] 
124.220: [Full GC [PSYoungGen: 1021K->0K(7680K)] [ParOldGen: 11660K->5891K(17408K)] 12681K->5891K(25088K) [PSPermGen: 5114K->5114K(21504K)], 0.0047220 secs] [Times: user=0.02 sys=0.00, real=0.01 secs] 
124.225: Total time for which application threads were stopped: 0.0500760 seconds, Stopping threads took: 0.0437100 seconds
124.298: Application time: 0.0728710 seconds
124.301: [GC [PSYoungGen: 6267K->907K(7680K)] 12158K->8361K(25088K), 0.0008820 secs] [Times: user=0.01 sys=0.00, real=0.01 secs] 
124.302: Total time for which application threads were stopped: 0.0038360 seconds, Stopping threads took: 0.0028840 seconds
124.373: Application time: 0.0710570 seconds
124.377: [GC [PSYoungGen: 7467K->355K(7680K)] 14921K->7809K(25088K), 0.0004020 secs] [Times: user=0.00 sys=0.00, real=0.00 secs] 
124.378: Total time for which application threads were stopped: 0.0049990 seconds, Stopping threads took: 0.0045200 seconds
124.378: Application time: 0.0007210 seconds
124.378: [GC [PSYoungGen: 6915K->1006K(7680K)] 14369K->14344K(25088K), 0.0017910 secs] [Times: user=0.01 sys=0.00, real=0.00 secs] 
124.380: [Full GC [PSYoungGen: 1006K->0K(7680K)] [ParOldGen: 13337K->8039K(17408K)] 14344K->8039K(25088K) [PSPermGen: 5114K->5114K(21504K)], 0.0050690 secs] [Times: user=0.02 sys=0.00, real=0.01 secs] 
124.385: Total time for which application threads were stopped: 0.0070380 seconds, Stopping threads took: 0.0000600 seconds
124.465: Application time: 0.0791710 seconds
124.526: [GC [PSYoungGen: 6637K->646K(7680K)] 14677K->8685K(25088K), 0.0004780 secs] [Times: user=0.00 sys=0.00, real=0.00 secs] 
124.526: Total time for which application threads were stopped: 0.0617800 seconds, Stopping threads took: 0.0612410 seconds
124.527: Application time: 0.0007670 seconds
124.573: [GC [PSYoungGen: 7206K->939K(7680K)] 15246K->14155K(25088K), 0.0018820 secs] [Times: user=0.02 sys=0.00, real=0.00 secs] 
124.575: [Full GC [PSYoungGen: 939K->0K(7680K)] [ParOldGen: 13215K->7160K(17408K)] 14155K->7160K(25088K) [PSPermGen: 5114K->5114K(21504K)], 0.0050160 secs] [Times: user=0.02 sys=0.00, real=0.00 secs] 
124.580: Total time for which application threads were stopped: 0.0526110 seconds, Stopping threads took: 0.0455860 seconds
124.657: Application time: 0.0772510 seconds
124.699: [GC [PSYoungGen: 6638K->777K(7680K)] 13798K->7938K(25088K), 0.0005360 secs] [Times: user=0.00 sys=0.00, real=0.00 secs] 
124.699: Total time for which application threads were stopped: 0.0424210 seconds, Stopping threads took: 0.0418050 seconds
124.700: Application time: 0.0009950 seconds
124.752: [GC [PSYoungGen: 7433K->1005K(7680K)] 14594K->12479K(25088K), 0.0017540 secs] [Times: user=0.01 sys=0.00, real=0.00 secs] 
124.754: [Full GC [PSYoungGen: 1005K->0K(7680K)] [ParOldGen: 11474K->6379K(17408K)] 12479K->6379K(25088K) [PSPermGen: 5114K->5114K(21504K)], 0.0048700 secs] [Times: user=0.02 sys=0.00, real=0.00 secs] 
124.759: Total time for which application threads were stopped: 0.0587340 seconds, Stopping threads took: 0.0519600 seconds
124.831: Application time: 0.0722930 seconds
124.876: [GC [PSYoungGen: 6638K->973K(7680K)] 13017K->8524K(25088K), 0.0008450 secs] [Times: user=0.00 sys=0.00, real=0.00 secs] 
124.877: Total time for which application threads were stopped: 0.0453910 seconds, Stopping threads took: 0.0444810 seconds
124.878: Application time: 0.0011950 seconds
124.922: [GC [PSYoungGen: 7533K->1005K(7680K)] 15084K->13065K(25088K), 0.0016970 secs] [Times: user=0.01 sys=0.00, real=0.00 secs] 
124.923: [Full GC [PSYoungGen: 1005K->0K(7680K)] [ParOldGen: 12060K->6575K(17408K)] 13065K->6575K(25088K) [PSPermGen: 5114K->5114K(21504K)], 0.0049160 secs] [Times: user=0.02 sys=0.00, real=0.00 secs] 
124.928: Total time for which application threads were stopped: 0.0502780 seconds, Stopping threads took: 0.0435280 seconds
125.000: Application time: 0.0718450 seconds
125.044: [GC [PSYoungGen: 6540K->939K(7680K)] 13115K->8881K(25088K), 0.0007980 secs] [Times: user=0.01 sys=0.00, real=0.00 secs] 
125.045: Total time for which application threads were stopped: 0.0448330 seconds, Stopping threads took: 0.0439640 seconds
125.122: Application time: 0.0767580 seconds
125.128: [GC [PSYoungGen: 7499K->224K(7680K)] 15441K->8166K(25088K), 0.0003700 secs] [Times: user=0.00 sys=0.00, real=0.00 secs] 
125.129: Total time for which application threads were stopped: 0.0070400 seconds, Stopping threads took: 0.0066080 seconds
125.129: Application time: 0.0006350 seconds
125.183: [GC [PSYoungGen: 6784K->1005K(7680K)] 14726K->13643K(25088K), 0.0016130 secs] [Times: user=0.01 sys=0.00, real=0.00 secs] 
125.184: [Full GC [PSYoungGen: 1005K->0K(7680K)] [ParOldGen: 12638K->6770K(17408K)] 13643K->6770K(25088K) [PSPermGen: 5114K->5114K(21504K)], 0.0050560 secs] [Times: user=0.02 sys=0.00, real=0.01 secs] 
125.189: Total time for which application threads were stopped: 0.0598800 seconds, Stopping threads took: 0.0530880 seconds
125.263: Application time: 0.0735130 seconds
125.308: [GC [PSYoungGen: 6637K->419K(7680K)] 13408K->7189K(25088K), 0.0004280 secs] [Times: user=0.00 sys=0.00, real=0.00 secs] 
125.308: Total time for which application threads were stopped: 0.0454750 seconds, Stopping threads took: 0.0449820 seconds
125.309: Application time: 0.0008710 seconds
125.362: [GC [PSYoungGen: 6979K->1005K(7680K)] 13749K->12666K(25088K), 0.0017880 secs] [Times: user=0.01 sys=0.00, real=0.00 secs] 
125.364: [Full GC [PSYoungGen: 1005K->0K(7680K)] [ParOldGen: 11661K->6965K(17408K)] 12666K->6965K(25088K) [PSPermGen: 5114K->5114K(21504K)], 0.0049580 secs] [Times: user=0.02 sys=0.00, real=0.00 secs] 
125.369: Total time for which application threads were stopped: 0.0596630 seconds, Stopping threads took: 0.0527640 seconds
125.443: Application time: 0.0737840 seconds
125.487: [GC [PSYoungGen: 6559K->646K(7680K)] 13525K->7612K(25088K), 0.0003950 secs] [Times: user=0.00 sys=0.00, real=0.00 secs] 
125.488: Total time for which application threads were stopped: 0.0453000 seconds, Stopping threads took: 0.0448290 seconds
125.489: Application time: 0.0008850 seconds
125.543: [GC [PSYoungGen: 7206K->1005K(7680K)] 14172K->13057K(25088K), 0.0018650 secs] [Times: user=0.01 sys=0.01, real=0.00 secs] 
125.545: [Full GC [PSYoungGen: 1005K->0K(7680K)] [ParOldGen: 12051K->7160K(17408K)] 13057K->7160K(25088K) [PSPermGen: 5114K->5114K(21504K)], 0.0050450 secs] [Times: user=0.03 sys=0.00, real=0.01 secs] 
125.550: Total time for which application threads were stopped: 0.0610970 seconds, Stopping threads took: 0.0540590 seconds
125.628: Application time: 0.0783490 seconds
125.671: [GC [PSYoungGen: 6364K->646K(7680K)] 13525K->7807K(25088K), 0.0004130 secs] [Times: user=0.00 sys=0.00, real=0.00 secs] 
125.671: Total time for which application threads were stopped: 0.0430320 seconds, Stopping threads took: 0.0425550 seconds
125.672: Application time: 0.0008730 seconds
125.716: [GC [PSYoungGen: 7285K->1005K(7680K)] 14445K->13252K(25088K), 0.0018340 secs] [Times: user=0.01 sys=0.00, real=0.00 secs] 
125.718: [Full GC [PSYoungGen: 1005K->0K(7680K)] [ParOldGen: 12247K->7160K(17408K)] 13252K->7160K(25088K) [PSPermGen: 5114K->5114K(21504K)], 0.0049510 secs] [Times: user=0.02 sys=0.00, real=0.01 secs] 
125.723: Total time for which application threads were stopped: 0.0505770 seconds, Stopping threads took: 0.0436680 seconds
125.800: Application time: 0.0771040 seconds
125.853: [GC [PSYoungGen: 6559K->745K(7680K)] 13720K->7906K(25088K), 0.0004410 secs] [Times: user=0.00 sys=0.00, real=0.00 secs] 
125.853: Total time for which application threads were stopped: 0.0531460 seconds, Stopping threads took: 0.0526210 seconds
125.854: Application time: 0.0009110 seconds
125.854: [GC [PSYoungGen: 7382K->1005K(7680K)] 14543K->14538K(25088K), 0.0023270 secs] [Times: user=0.01 sys=0.00, real=0.00 secs] 
125.856: [Full GC [PSYoungGen: 1005K->0K(7680K)] [ParOldGen: 13532K->8430K(17408K)] 14538K->8430K(25088K) [PSPermGen: 5114K->5114K(21504K)], 0.0052240 secs] [Times: user=0.03 sys=0.00, real=0.01 secs] 
125.862: Total time for which application threads were stopped: 0.0077960 seconds, Stopping threads took: 0.0000950 seconds
125.944: Application time: 0.0824700 seconds
126.004: [GC [PSYoungGen: 6559K->1005K(7680K)] 14990K->9435K(25088K), 0.0005120 secs] [Times: user=0.00 sys=0.00, real=0.00 secs] 
126.005: [Full GC [PSYoungGen: 1005K->0K(7680K)] [ParOldGen: 8430K->2347K(17408K)] 9435K->2347K(25088K) [PSPermGen: 5114K->5114K(21504K)], 0.0037890 secs] [Times: user=0.01 sys=0.00, real=0.00 secs] 
126.009: Total time for which application threads were stopped: 0.0643910 seconds, Stopping threads took: 0.0599660 seconds
126.010: Application time: 0.0011560 seconds
126.053: [GC [PSYoungGen: 6638K->1006K(7680K)] 8986K->8782K(25088K), 0.0020030 secs] [Times: user=0.02 sys=0.00, real=0.00 secs] 
126.055: [Full GC [PSYoungGen: 1006K->0K(7680K)] [ParOldGen: 7775K->7551K(17408K)] 8782K->7551K(25088K) [PSPermGen: 5114K->5114K(21504K)], 0.0049740 secs] [Times: user=0.02 sys=0.00, real=0.00 secs] 
126.060: Total time for which application threads were stopped: 0.0500190 seconds, Stopping threads took: 0.0429120 seconds
126.135: Application time: 0.0747720 seconds
126.179: [GC [PSYoungGen: 6638K->841K(7680K)] 14189K->8784K(25088K), 0.0005370 secs] [Times: user=0.00 sys=0.00, real=0.00 secs] 
126.180: Total time for which application threads were stopped: 0.0454690 seconds, Stopping threads took: 0.0448690 seconds
126.185: Application time: 0.0052460 seconds
126.251: [GC [PSYoungGen: 7402K->256K(7680K)] 15344K->8198K(25088K), 0.0003530 secs] [Times: user=0.00 sys=0.00, real=0.00 secs] 
126.251: Total time for which application threads were stopped: 0.0659110 seconds, Stopping threads took: 0.0654980 seconds
126.252: Application time: 0.0005930 seconds
126.252: [GC [PSYoungGen: 6816K->1006K(7680K)] 14758K->14669K(25088K), 0.0018850 secs] [Times: user=0.02 sys=0.00, real=0.00 secs] 
126.254: [Full GC [PSYoungGen: 1006K->0K(7680K)] [ParOldGen: 13662K->7844K(17408K)] 14669K->7844K(25088K) [PSPermGen: 5114K->5114K(21504K)], 0.0052560 secs] [Times: user=0.02 sys=0.00, real=0.00 secs] 
126.259: Total time for which application threads were stopped: 0.0074420 seconds, Stopping threads took: 0.0001800 seconds
126.338: Application time: 0.0790000 seconds
126.400: [GC [PSYoungGen: 6559K->419K(7680K)] 14404K->8263K(25088K), 0.0003690 secs] [Times: user=0.00 sys=0.00, real=0.00 secs] 
126.400: Total time for which application threads were stopped: 0.0617100 seconds, Stopping threads took: 0.0612730 seconds
126.401: Application time: 0.0008620 seconds
126.445: [GC [PSYoungGen: 7057K->1005K(7680K)] 14902K->13765K(25088K), 0.0017970 secs] [Times: user=0.01 sys=0.00, real=0.00 secs] 
126.446: [Full GC [PSYoungGen: 1005K->0K(7680K)] [ParOldGen: 12759K->6965K(17408K)] 13765K->6965K(25088K) [PSPermGen: 5114K->5114K(21504K)], 0.0050870 secs] [Times: user=0.02 sys=0.00, real=0.01 secs] 
126.452: Total time for which application threads were stopped: 0.0507930 seconds, Stopping threads took: 0.0437960 seconds
126.527: Application time: 0.0755720 seconds
126.572: [GC [PSYoungGen: 6638K->875K(7680K)] 13603K->8622K(25088K), 0.0007280 secs] [Times: user=0.00 sys=0.00, real=0.00 secs] 
126.573: Total time for which application threads were stopped: 0.0455900 seconds, Stopping threads took: 0.0447650 seconds
126.574: Application time: 0.0010110 seconds
126.618: [GC [PSYoungGen: 7531K->1005K(7680K)] 15278K->13936K(25088K), 0.0019310 secs] [Times: user=0.02 sys=0.00, real=0.00 secs] 
126.620: [Full GC [PSYoungGen: 1005K->0K(7680K)] [ParOldGen: 12931K->7259K(17408K)] 13936K->7259K(25088K) [PSPermGen: 5114K->5114K(21504K)], 0.0048660 secs] [Times: user=0.02 sys=0.00, real=0.01 secs] 
126.625: Total time for which application threads were stopped: 0.0510120 seconds, Stopping threads took: 0.0440780 seconds
126.697: Application time: 0.0725470 seconds
126.743: [GC [PSYoungGen: 6656K->941K(7680K)] 13915K->8200K(25088K), 0.0005080 secs] [Times: user=0.00 sys=0.00, real=0.00 secs] 
126.744: Total time for which application threads were stopped: 0.0464990 seconds, Stopping threads took: 0.0459210 seconds
126.745: Application time: 0.0009340 seconds
126.788: [GC [PSYoungGen: 7501K->1005K(7680K)] 14760K->13741K(25088K), 0.0018680 secs] [Times: user=0.02 sys=0.00, real=0.01 secs] 
126.790: [Full GC [PSYoungGen: 1005K->0K(7680K)] [ParOldGen: 12736K->7551K(17408K)] 13741K->7551K(25088K) [PSPermGen: 5114K->5114K(21504K)], 0.0050160 secs] [Times: user=0.02 sys=0.00, real=0.00 secs] 
126.795: Total time for which application threads were stopped: 0.0507360 seconds, Stopping threads took: 0.0437290 seconds
126.891: Application time: 0.0955810 seconds
126.945: [GC [PSYoungGen: 6638K->841K(7680K)] 14189K->8784K(25088K), 0.0006120 secs] [Times: user=0.01 sys=0.00, real=0.00 secs] 
126.946: [Full GC [PSYoungGen: 841K->0K(7680K)] [ParOldGen: 7942K->2278K(17408K)] 8784K->2278K(25088K) [PSPermGen: 5114K->5114K(21504K)], 0.0042570 secs] [Times: user=0.01 sys=0.00, real=0.01 secs] 
126.950: Total time for which application threads were stopped: 0.0587760 seconds, Stopping threads took: 0.0538010 seconds
126.951: Application time: 0.0014900 seconds
126.994: [GC [PSYoungGen: 6462K->1005K(7680K)] 8741K->8858K(25088K), 0.0018190 secs] [Times: user=0.01 sys=0.00, real=0.00 secs] 
126.996: [Full GC [PSYoungGen: 1005K->0K(7680K)] [ParOldGen: 7853K->7649K(17408K)] 8858K->7649K(25088K) [PSPermGen: 5114K->5114K(21504K)], 0.0051190 secs] [Times: user=0.02 sys=0.00, real=0.00 secs] 
127.001: Total time for which application threads were stopped: 0.0497690 seconds, Stopping threads took: 0.0427100 seconds
127.079: Application time: 0.0783860 seconds
127.143: [GC [PSYoungGen: 6638K->224K(7680K)] 14287K->7873K(25088K), 0.0005280 secs] [Times: user=0.00 sys=0.00, real=0.00 secs] 
127.144: Total time for which application threads were stopped: 0.0644050 seconds, Stopping threads took: 0.0638040 seconds
127.145: Application time: 0.0008970 seconds
127.145: [GC [PSYoungGen: 6784K->1006K(7680K)] 14433K->14368K(25088K), 0.0019800 secs] [Times: user=0.02 sys=0.00, real=0.00 secs] 
127.147: [Full GC [PSYoungGen: 1006K->0K(7680K)] [ParOldGen: 13362K->7844K(17408K)] 14368K->7844K(25088K) [PSPermGen: 5114K->5114K(21504K)], 0.0049750 secs] [Times: user=0.02 sys=0.00, real=0.01 secs] 
127.152: Total time for which application threads were stopped: 0.0072280 seconds, Stopping threads took: 0.0001470 seconds
127.230: Application time: 0.0780600 seconds
127.291: [GC [PSYoungGen: 6559K->451K(7680K)] 14404K->8296K(25088K), 0.0004250 secs] [Times: user=0.00 sys=0.00, real=0.00 secs] 
127.292: [Full GC [PSYoungGen: 451K->0K(7680K)] [ParOldGen: 7844K->1497K(17408K)] 8296K->1497K(25088K) [PSPermGen: 5114K->5114K(21504K)], 0.0038650 secs] [Times: user=0.02 sys=0.00, real=0.00 secs] 
127.296: Total time for which application threads were stopped: 0.0657430 seconds, Stopping threads took: 0.0613460 seconds
127.297: Application time: 0.0010200 seconds
127.297: [GC [PSYoungGen: 6560K->1006K(7680K)] 8057K->8192K(25088K), 0.0019610 secs] [Times: user=0.01 sys=0.00, real=0.00 secs] 
127.299: [Full GC [PSYoungGen: 1006K->0K(7680K)] [ParOldGen: 7185K->8042K(17408K)] 8192K->8042K(25088K) [PSPermGen: 5114K->5114K(21504K)], 0.0042310 secs] [Times: user=0.02 sys=0.00, real=0.01 secs] 
127.303: Total time for which application threads were stopped: 0.0064610 seconds, Stopping threads took: 0.0001410 seconds
127.384: Application time: 0.0808120 seconds
127.443: [GC [PSYoungGen: 6559K->646K(7680K)] 14601K->8688K(25088K), 0.0004810 secs] [Times: user=0.00 sys=0.00, real=0.00 secs] 
127.444: [Full GC [PSYoungGen: 646K->0K(7680K)] [ParOldGen: 8042K->1692K(17408K)] 8688K->1692K(25088K) [PSPermGen: 5114K->5114K(21504K)], 0.0040740 secs] [Times: user=0.02 sys=0.00, real=0.00 secs] 
127.448: Total time for which application threads were stopped: 0.0637970 seconds, Stopping threads took: 0.0591230 seconds
127.449: Application time: 0.0012810 seconds
127.494: [GC [PSYoungGen: 6540K->939K(7680K)] 8233K->7515K(25088K), 0.0017210 secs] [Times: user=0.01 sys=0.01, real=0.00 secs] 
127.496: Total time for which application threads were stopped: 0.0468910 seconds, Stopping threads took: 0.0450970 seconds
127.570: Application time: 0.0734260 seconds
127.616: [GC [PSYoungGen: 7480K->614K(7680K)] 14055K->7190K(25088K), 0.0006270 secs] [Times: user=0.00 sys=0.00, real=0.00 secs] 
127.616: Total time for which application threads were stopped: 0.0467870 seconds, Stopping threads took: 0.0460930 seconds
127.617: Application time: 0.0009420 seconds
127.617: [GC [PSYoungGen: 7077K->1005K(7680K)] 13652K->13644K(25088K), 0.0019270 secs] [Times: user=0.01 sys=0.00, real=0.00 secs] 
127.619: [Full GC [PSYoungGen: 1005K->0K(7680K)] [ParOldGen: 12638K->8138K(17408K)] 13644K->8138K(25088K) [PSPermGen: 5114K->5114K(21504K)], 0.0054610 secs] [Times: user=0.03 sys=0.00, real=0.01 secs] 
127.625: Total time for which application threads were stopped: 0.0076890 seconds, Stopping threads took: 0.0001770 seconds
127.704: Application time: 0.0793920 seconds
127.767: [GC [PSYoungGen: 6462K->646K(7680K)] 14600K->8784K(25088K), 0.0004340 secs] [Times: user=0.00 sys=0.00, real=0.00 secs] 
127.767: [Full GC [PSYoungGen: 646K->0K(7680K)] [ParOldGen: 8138K->1692K(17408K)] 8784K->1692K(25088K) [PSPermGen: 5114K->5114K(21504K)], 0.0039330 secs] [Times: user=0.01 sys=0.00, real=0.01 secs] 
127.771: Total time for which application threads were stopped: 0.0670000 seconds, Stopping threads took: 0.0625200 seconds
127.773: Application time: 0.0012150 seconds
127.816: [GC [PSYoungGen: 6462K->1005K(7680K)] 8155K->7687K(25088K), 0.0018520 secs] [Times: user=0.02 sys=0.00, real=0.00 secs] 
127.818: Total time for which application threads were stopped: 0.0451150 seconds, Stopping threads took: 0.0431830 seconds
127.892: Application time: 0.0739330 seconds
127.933: [GC [PSYoungGen: 7330K->1005K(7680K)] 14012K->8077K(25088K), 0.0006320 secs] [Times: user=0.00 sys=0.00, real=0.00 secs] 
127.934: Total time for which application threads were stopped: 0.0421420 seconds, Stopping threads took: 0.0414390 seconds
127.935: Application time: 0.0010140 seconds
127.977: [GC [PSYoungGen: 7643K->1003K(7680K)] 14716K->12959K(25088K), 0.0018050 secs] [Times: user=0.01 sys=0.00, real=0.00 secs] 
127.978: [Full GC [PSYoungGen: 1003K->0K(7680K)] [ParOldGen: 11955K->6868K(17408K)] 12959K->6868K(25088K) [PSPermGen: 5114K->5114K(21504K)], 0.0048970 secs] [Times: user=0.03 sys=0.00, real=0.01 secs] 
127.983: Total time for which application threads were stopped: 0.0485970 seconds, Stopping threads took: 0.0417700 seconds
128.057: Application time: 0.0732320 seconds
128.101: [GC [PSYoungGen: 6656K->646K(7680K)] 13524K->7515K(25088K), 0.0005110 secs] [Times: user=0.00 sys=0.00, real=0.00 secs] 
128.102: Total time for which application threads were stopped: 0.0453480 seconds, Stopping threads took: 0.0447680 seconds
128.103: Application time: 0.0009190 seconds
128.157: [GC [PSYoungGen: 7206K->939K(7680K)] 14075K->11910K(25088K), 0.0017160 secs] [Times: user=0.01 sys=0.00, real=0.00 secs] 
128.159: [Full GC [PSYoungGen: 939K->0K(7680K)] [ParOldGen: 10970K->6087K(17408K)] 11910K->6087K(25088K) [PSPermGen: 5114K->5114K(21504K)], 0.0050130 secs] [Times: user=0.02 sys=0.01, real=0.01 secs] 
128.164: Total time for which application threads were stopped: 0.0610870 seconds, Stopping threads took: 0.0542110 seconds
128.252: Application time: 0.0876010 seconds
128.307: [GC [PSYoungGen: 6364K->614K(7680K)] 12452K->6702K(25088K), 0.0005360 secs] [Times: user=0.00 sys=0.00, real=0.00 secs] 
128.307: Total time for which application threads were stopped: 0.0555010 seconds, Stopping threads took: 0.0548910 seconds
128.308: Application time: 0.0008520 seconds
128.308: [GC [PSYoungGen: 7077K->1006K(7680K)] 13164K->13084K(25088K), 0.0021410 secs] [Times: user=0.01 sys=0.00, real=0.01 secs] 
128.310: [Full GC [PSYoungGen: 1006K->0K(7680K)] [ParOldGen: 12077K->8138K(17408K)] 13084K->8138K(25088K) [PSPermGen: 5114K->5114K(21504K)], 0.0049380 secs] [Times: user=0.02 sys=0.00, real=0.00 secs] 
128.315: Total time for which application threads were stopped: 0.0073650 seconds, Stopping threads took: 0.0001560 seconds
128.394: Application time: 0.0789410 seconds
128.456: [GC [PSYoungGen: 6540K->614K(7680K)] 14678K->8752K(25088K), 0.0006970 secs] [Times: user=0.00 sys=0.00, real=0.00 secs] 
128.457: [Full GC [PSYoungGen: 614K->0K(7680K)] [ParOldGen: 8138K->1693K(17408K)] 8752K->1693K(25088K) [PSPermGen: 5114K->5114K(21504K)], 0.0041010 secs] [Times: user=0.01 sys=0.00, real=0.01 secs] 
128.461: Total time for which application threads were stopped: 0.0669270 seconds, Stopping threads took: 0.0620070 seconds
128.463: Application time: 0.0013300 seconds
128.508: [GC [PSYoungGen: 6560K->1005K(7680K)] 8253K->7784K(25088K), 0.0017270 secs] [Times: user=0.01 sys=0.00, real=0.01 secs] 
128.509: Total time for which application threads were stopped: 0.0468050 seconds, Stopping threads took: 0.0450060 seconds
128.582: Application time: 0.0727560 seconds
128.628: [GC [PSYoungGen: 7369K->875K(7680K)] 14149K->8436K(25088K), 0.0006980 secs] [Times: user=0.00 sys=0.00, real=0.00 secs] 
128.628: Total time for which application threads were stopped: 0.0462800 seconds, Stopping threads took: 0.0455130 seconds
128.641: Application time: 0.0130290 seconds
128.700: [GC [PSYoungGen: 7338K->550K(7680K)] 14899K->8111K(25088K), 0.0005190 secs] [Times: user=0.00 sys=0.00, real=0.00 secs] 
128.700: Total time for which application threads were stopped: 0.0587450 seconds, Stopping threads took: 0.0581630 seconds
128.701: Application time: 0.0007790 seconds
128.743: [GC [PSYoungGen: 7110K->1005K(7680K)] 14671K->13652K(25088K), 0.0018660 secs] [Times: user=0.01 sys=0.00, real=0.00 secs] 
128.744: [Full GC [PSYoungGen: 1005K->0K(7680K)] [ParOldGen: 12647K->7161K(17408K)] 13652K->7161K(25088K) [PSPermGen: 5114K->5114K(21504K)], 0.0054440 secs] [Times: user=0.02 sys=0.00, real=0.01 secs] 
128.750: Total time for which application threads were stopped: 0.0490150 seconds, Stopping threads took: 0.0415860 seconds
128.825: Application time: 0.0749490 seconds
128.870: [GC [PSYoungGen: 6364K->582K(7680K)] 13526K->7744K(25088K), 0.0004870 secs] [Times: user=0.00 sys=0.00, real=0.00 secs] 
128.871: Total time for which application threads were stopped: 0.0457680 seconds, Stopping threads took: 0.0452060 seconds
128.871: Application time: 0.0008110 seconds
128.872: [GC [PSYoungGen: 7045K->1006K(7680K)] 14206K->14158K(25088K), 0.0020900 secs] [Times: user=0.01 sys=0.00, real=0.00 secs] 
128.874: [Full GC [PSYoungGen: 1006K->0K(7680K)] [ParOldGen: 13151K->8138K(17408K)] 14158K->8138K(25088K) [PSPermGen: 5114K->5114K(21504K)], 0.0052520 secs] [Times: user=0.03 sys=0.00, real=0.00 secs] 
128.879: Total time for which application threads were stopped: 0.0075930 seconds, Stopping threads took: 0.0001280 seconds
128.959: Application time: 0.0796700 seconds
129.020: [GC [PSYoungGen: 6540K->646K(7680K)] 14678K->8784K(25088K), 0.0004960 secs] [Times: user=0.01 sys=0.00, real=0.00 secs] 
129.021: [Full GC [PSYoungGen: 646K->0K(7680K)] [ParOldGen: 8138K->1693K(17408K)] 8784K->1693K(25088K) [PSPermGen: 5114K->5114K(21504K)], 0.0041970 secs] [Times: user=0.01 sys=0.00, real=0.01 secs] 
129.025: Total time for which application threads were stopped: 0.0662980 seconds, Stopping threads took: 0.0614950 seconds
129.026: Application time: 0.0014020 seconds
129.069: [GC [PSYoungGen: 6619K->1005K(7680K)] 8312K->7723K(25088K), 0.0017530 secs] [Times: user=0.01 sys=0.00, real=0.00 secs] 
129.071: Total time for which application threads were stopped: 0.0448100 seconds, Stopping threads took: 0.0429720 seconds
129.145: Application time: 0.0741200 seconds
129.191: [GC [PSYoungGen: 7565K->1005K(7680K)] 14283K->8504K(25088K), 0.0006760 secs] [Times: user=0.00 sys=0.00, real=0.00 secs] 
129.191: Total time for which application threads were stopped: 0.0460110 seconds, Stopping threads took: 0.0452600 seconds
129.192: Application time: 0.0010220 seconds
129.244: [GC [PSYoungGen: 7661K->1005K(7680K)] 15160K->13395K(25088K), 0.0019700 secs] [Times: user=0.02 sys=0.00, real=0.00 secs] 
129.246: [Full GC [PSYoungGen: 1005K->0K(7680K)] [ParOldGen: 12390K->7357K(17408K)] 13395K->7357K(25088K) [PSPermGen: 5114K->5114K(21504K)], 0.0048790 secs] [Times: user=0.02 sys=0.00, real=0.01 secs] 
129.251: Total time for which application threads were stopped: 0.0588260 seconds, Stopping threads took: 0.0518260 seconds
129.328: Application time: 0.0769690 seconds
129.373: [GC [PSYoungGen: 6560K->973K(7680K)] 13917K->8330K(25088K), 0.0005260 secs] [Times: user=0.00 sys=0.00, real=0.00 secs] 
129.374: Total time for which application threads were stopped: 0.0454240 seconds, Stopping threads took: 0.0448220 seconds
129.375: Application time: 0.0009920 seconds
129.418: [GC [PSYoungGen: 7611K->939K(7680K)] 14969K->13863K(25088K), 0.0019580 secs] [Times: user=0.02 sys=0.00, real=0.00 secs] 
129.420: [Full GC [PSYoungGen: 939K->0K(7680K)] [ParOldGen: 12924K->7552K(17408K)] 13863K->7552K(25088K) [PSPermGen: 5114K->5114K(21504K)], 0.0050010 secs] [Times: user=0.02 sys=0.00, real=0.01 secs] 
129.425: Total time for which application threads were stopped: 0.0506360 seconds, Stopping threads took: 0.0435460 seconds
129.509: Application time: 0.0837960 seconds
129.561: [GC [PSYoungGen: 6638K->841K(7680K)] 14190K->8785K(25088K), 0.0005710 secs] [Times: user=0.00 sys=0.00, real=0.01 secs] 
129.561: [Full GC [PSYoungGen: 841K->0K(7680K)] [ParOldGen: 7943K->2279K(17408K)] 8785K->2279K(25088K) [PSPermGen: 5114K->5114K(21504K)], 0.0041750 secs] [Times: user=0.02 sys=0.00, real=0.00 secs] 
129.566: Total time for which application threads were stopped: 0.0564350 seconds, Stopping threads took: 0.0515780 seconds
129.567: Application time: 0.0013060 seconds
129.610: [GC [PSYoungGen: 6540K->1005K(7680K)] 8820K->8883K(25088K), 0.0020330 secs] [Times: user=0.01 sys=0.00, real=0.00 secs] 
129.612: [Full GC [PSYoungGen: 1005K->0K(7680K)] [ParOldGen: 7878K->7650K(17408K)] 8883K->7650K(25088K) [PSPermGen: 5114K->5114K(21504K)], 0.0049390 secs] [Times: user=0.02 sys=0.00, real=0.00 secs] 
129.617: Total time for which application threads were stopped: 0.0504010 seconds, Stopping threads took: 0.0432910 seconds
129.696: Application time: 0.0792790 seconds
129.758: [GC [PSYoungGen: 6559K->160K(7680K)] 14210K->7810K(25088K), 0.0004930 secs] [Times: user=0.00 sys=0.00, real=0.00 secs] 
129.759: [Full GC [PSYoungGen: 160K->0K(7680K)] [ParOldGen: 7650K->1303K(17408K)] 7810K->1303K(25088K) [PSPermGen: 5114K->5114K(21504K)], 0.0039010 secs] [Times: user=0.02 sys=0.00, real=0.01 secs] 
129.763: Total time for which application threads were stopped: 0.0662150 seconds, Stopping threads took: 0.0616920 seconds
129.764: Application time: 0.0010970 seconds
129.764: [GC [PSYoungGen: 6638K->1006K(7680K)] 7941K->8022K(25088K), 0.0020200 secs] [Times: user=0.02 sys=0.00, real=0.00 secs] 
129.766: Total time for which application threads were stopped: 0.0022550 seconds, Stopping threads took: 0.0001580 seconds
129.872: Application time: 0.1061960 seconds
129.921: [GC [PSYoungGen: 7566K->419K(7680K)] 14582K->7434K(25088K), 0.0004370 secs] [Times: user=0.00 sys=0.00, real=0.01 secs] 
129.921: Total time for which application threads were stopped: 0.0491730 seconds, Stopping threads took: 0.0486660 seconds
129.922: Application time: 0.0007720 seconds
129.922: [GC [PSYoungGen: 6979K->1006K(7680K)] 13994K->13914K(25088K), 0.0019840 secs] [Times: user=0.01 sys=0.00, real=0.00 secs] 
129.924: [Full GC [PSYoungGen: 1006K->0K(7680K)] [ParOldGen: 12907K->8041K(17408K)] 13914K->8041K(25088K) [PSPermGen: 5114K->5114K(21504K)], 0.0050940 secs] [Times: user=0.02 sys=0.00, real=0.01 secs] 
129.930: Total time for which application threads were stopped: 0.0073160 seconds, Stopping threads took: 0.0001080 seconds
130.010: Application time: 0.0800130 seconds
130.072: [GC [PSYoungGen: 6559K->550K(7680K)] 14600K->8591K(25088K), 0.0004140 secs] [Times: user=0.01 sys=0.00, real=0.00 secs] 
130.072: [Full GC [PSYoungGen: 550K->0K(7680K)] [ParOldGen: 8041K->1693K(17408K)] 8591K->1693K(25088K) [PSPermGen: 5114K->5114K(21504K)], 0.0038740 secs] [Times: user=0.01 sys=0.01, real=0.00 secs] 
130.076: Total time for which application threads were stopped: 0.0663800 seconds, Stopping threads took: 0.0619630 seconds
130.077: Application time: 0.0013110 seconds
130.122: [GC [PSYoungGen: 6560K->1005K(7680K)] 8253K->7785K(25088K), 0.0017180 secs] [Times: user=0.01 sys=0.00, real=0.00 secs] 
130.124: Total time for which application threads were stopped: 0.0464060 seconds, Stopping threads took: 0.0446130 seconds
130.199: Application time: 0.0751910 seconds
130.245: [GC [PSYoungGen: 7369K->646K(7680K)] 14149K->7426K(25088K), 0.0003960 secs] [Times: user=0.00 sys=0.00, real=0.00 secs] 
130.245: Total time for which application threads were stopped: 0.0461280 seconds, Stopping threads took: 0.0456650 seconds
130.246: Application time: 0.0008470 seconds
130.246: [GC [PSYoungGen: 7206K->1005K(7680K)] 13986K->13946K(25088K), 0.0019400 secs] [Times: user=0.01 sys=0.00, real=0.00 secs] 
130.248: [Full GC [PSYoungGen: 1005K->0K(7680K)] [ParOldGen: 12940K->8236K(17408K)] 13946K->8236K(25088K) [PSPermGen: 5114K->5114K(21504K)], 0.0053540 secs] [Times: user=0.02 sys=0.00, real=0.01 secs] 
130.253: Total time for which application threads were stopped: 0.0074730 seconds, Stopping threads took: 0.0000610 seconds
130.333: Application time: 0.0801050 seconds
130.395: [GC [PSYoungGen: 6364K->582K(7680K)] 14600K->8819K(25088K), 0.0004130 secs] [Times: user=0.00 sys=0.00, real=0.00 secs] 
130.395: [Full GC [PSYoungGen: 582K->0K(7680K)] [ParOldGen: 8236K->1928K(17408K)] 8819K->1928K(25088K) [PSPermGen: 5114K->5114K(21504K)], 0.0039980 secs] [Times: user=0.01 sys=0.00, real=0.00 secs] 
130.399: Total time for which application threads were stopped: 0.0659250 seconds, Stopping threads took: 0.0613810 seconds
130.400: Application time: 0.0010560 seconds
130.446: [GC [PSYoungGen: 6540K->1006K(7680K)] 8469K->7874K(25088K), 0.0018870 secs] [Times: user=0.01 sys=0.00, real=0.00 secs] 
130.448: Total time for which application threads were stopped: 0.0478480 seconds, Stopping threads took: 0.0458720 seconds
130.523: Application time: 0.0746170 seconds
130.569: [GC [PSYoungGen: 7469K->614K(7680K)] 14336K->7482K(25088K), 0.0004310 secs] [Times: user=0.00 sys=0.00, real=0.01 secs] 
130.570: Total time for which application threads were stopped: 0.0475050 seconds, Stopping threads took: 0.0458360 seconds
130.571: Application time: 0.0009270 seconds
130.623: [GC [PSYoungGen: 7174K->1005K(7680K)] 14042K->12959K(25088K), 0.0019070 secs] [Times: user=0.01 sys=0.00, real=0.00 secs] 
130.625: [Full GC [PSYoungGen: 1005K->0K(7680K)] [ParOldGen: 11954K->7162K(17408K)] 12959K->7162K(25088K) [PSPermGen: 5114K->5114K(21504K)], 0.0052330 secs] [Times: user=0.02 sys=0.01, real=0.01 secs] 
130.630: Total time for which application threads were stopped: 0.0591310 seconds, Stopping threads took: 0.0518270 seconds
130.706: Application time: 0.0758630 seconds
130.751: [GC [PSYoungGen: 6364K->614K(7680K)] 13526K->7776K(25088K), 0.0004840 secs] [Times: user=0.00 sys=0.00, real=0.00 secs] 
130.752: Total time for which application threads were stopped: 0.0455650 seconds, Stopping threads took: 0.0450120 seconds
130.753: Application time: 0.0008470 seconds
130.796: [GC [PSYoungGen: 7174K->1005K(7680K)] 14337K->13254K(25088K), 0.0017570 secs] [Times: user=0.01 sys=0.00, real=0.00 secs] 
130.798: [Full GC [PSYoungGen: 1005K->0K(7680K)] [ParOldGen: 12248K->7162K(17408K)] 13254K->7162K(25088K) [PSPermGen: 5114K->5114K(21504K)], 0.0050110 secs] [Times: user=0.02 sys=0.00, real=0.01 secs] 
130.803: Total time for which application threads were stopped: 0.0504110 seconds, Stopping threads took: 0.0435220 seconds
130.876: Application time: 0.0728310 seconds
130.922: [GC [PSYoungGen: 6462K->907K(7680K)] 13624K->10023K(25088K), 0.0009340 secs] [Times: user=0.01 sys=0.00, real=0.00 secs] 
130.923: [Full GC [PSYoungGen: 907K->0K(7680K)] [ParOldGen: 9115K->3939K(17408K)] 10023K->3939K(25088K) [PSPermGen: 5114K->5114K(21504K)], 0.0042180 secs] [Times: user=0.01 sys=0.01, real=0.00 secs] 
130.927: Total time for which application threads were stopped: 0.0509350 seconds, Stopping threads took: 0.0456610 seconds
131.007: Application time: 0.0796610 seconds
131.020: [GC [PSYoungGen: 6443K->646K(7680K)] 10382K->4586K(25088K), 0.0004090 secs] [Times: user=0.00 sys=0.00, real=0.00 secs] 
131.021: Total time for which application threads were stopped: 0.0140740 seconds, Stopping threads took: 0.0135900 seconds
131.021: Application time: 0.0007600 seconds
131.075: [GC [PSYoungGen: 7129K->1005K(7680K)] 11069K->9777K(25088K), 0.0018110 secs] [Times: user=0.01 sys=0.00, real=0.00 secs] 
131.076: [Full GC [PSYoungGen: 1005K->0K(7680K)] [ParOldGen: 8771K->6771K(17408K)] 9777K->6771K(25088K) [PSPermGen: 5114K->5114K(21504K)], 0.0046300 secs] [Times: user=0.02 sys=0.00, real=0.00 secs] 
131.081: Total time for which application threads were stopped: 0.0597550 seconds, Stopping threads took: 0.0531760 seconds
131.155: Application time: 0.0733850 seconds
131.200: [GC [PSYoungGen: 6462K->907K(7680K)] 13234K->9242K(25088K), 0.0008800 secs] [Times: user=0.00 sys=0.00, real=0.00 secs] 
131.201: Total time for which application threads were stopped: 0.0461390 seconds, Stopping threads took: 0.0451860 seconds
131.278: Application time: 0.0771420 seconds
131.292: [GC [PSYoungGen: 7467K->387K(7680K)] 15802K->8721K(25088K), 0.0005820 secs] [Times: user=0.00 sys=0.00, real=0.00 secs] 
131.293: Total time for which application threads were stopped: 0.0150360 seconds, Stopping threads took: 0.0143860 seconds
131.294: Application time: 0.0006820 seconds
131.334: [GC [PSYoungGen: 6947K->1005K(7680K)] 15282K->14230K(25088K), 0.0015990 secs] [Times: user=0.01 sys=0.00, real=0.00 secs] 
131.335: [Full GC [PSYoungGen: 1005K->0K(7680K)] [ParOldGen: 13225K->6967K(17408K)] 14230K->6967K(25088K) [PSPermGen: 5114K->5114K(21504K)], 0.0051970 secs] [Times: user=0.02 sys=0.00, real=0.00 secs] 
131.340: Total time for which application threads were stopped: 0.0468920 seconds, Stopping threads took: 0.0399700 seconds
131.425: Application time: 0.0848040 seconds
131.491: [GC [PSYoungGen: 6637K->614K(7680K)] 13605K->7581K(25088K), 0.0004140 secs] [Times: user=0.00 sys=0.00, real=0.00 secs] 
131.491: Total time for which application threads were stopped: 0.0657690 seconds, Stopping threads took: 0.0652680 seconds
131.492: Application time: 0.0008000 seconds
131.492: [GC [PSYoungGen: 7174K->1005K(7680K)] 14142K->14133K(25088K), 0.0021260 secs] [Times: user=0.02 sys=0.00, real=0.00 secs] 
131.494: [Full GC [PSYoungGen: 1005K->0K(7680K)] [ParOldGen: 13128K->8236K(17408K)] 14133K->8236K(25088K) [PSPermGen: 5114K->5114K(21504K)], 0.0052670 secs] [Times: user=0.02 sys=0.00, real=0.00 secs] 
131.499: Total time for which application threads were stopped: 0.0076570 seconds, Stopping threads took: 0.0001330 seconds
131.580: Application time: 0.0810100 seconds
131.643: [GC [PSYoungGen: 6559K->809K(7680K)] 14796K->9046K(25088K), 0.0005190 secs] [Times: user=0.00 sys=0.00, real=0.00 secs] 
131.643: [Full GC [PSYoungGen: 809K->0K(7680K)] [ParOldGen: 8236K->2152K(17408K)] 9046K->2152K(25088K) [PSPermGen: 5114K->5114K(21504K)], 0.0038960 secs] [Times: user=0.01 sys=0.00, real=0.00 secs] 
131.647: Total time for which application threads were stopped: 0.0664940 seconds, Stopping threads took: 0.0619620 seconds
131.648: Application time: 0.0010890 seconds
131.692: [GC [PSYoungGen: 6638K->939K(7680K)] 8790K->8268K(25088K), 0.0019680 secs] [Times: user=0.01 sys=0.00, real=0.00 secs] 
131.694: Total time for which application threads were stopped: 0.0456550 seconds, Stopping threads took: 0.0436050 seconds
131.775: Application time: 0.0814050 seconds
131.828: [GC [PSYoungGen: 7499K->1005K(7680K)] 14828K->8333K(25088K), 0.0006610 secs] [Times: user=0.00 sys=0.00, real=0.00 secs] 
131.829: Total time for which application threads were stopped: 0.0538390 seconds, Stopping threads took: 0.0530820 seconds
131.830: Application time: 0.0009910 seconds
131.873: [GC [PSYoungGen: 7565K->1005K(7680K)] 14893K->13834K(25088K), 0.0019730 secs] [Times: user=0.01 sys=0.00, real=0.00 secs] 
131.875: [Full GC [PSYoungGen: 1005K->0K(7680K)] [ParOldGen: 12829K->7553K(17408K)] 13834K->7553K(25088K) [PSPermGen: 5114K->5114K(21504K)], 0.0049460 secs] [Times: user=0.02 sys=0.00, real=0.00 secs] 
131.880: Total time for which application threads were stopped: 0.0504990 seconds, Stopping threads took: 0.0434560 seconds
131.973: Application time: 0.0923660 seconds
132.033: [GC [PSYoungGen: 6656K->224K(7680K)] 14209K->7777K(25088K), 0.0003970 secs] [Times: user=0.00 sys=0.00, real=0.00 secs] 
132.033: Total time for which application threads were stopped: 0.0600810 seconds, Stopping threads took: 0.0596200 seconds
132.034: Application time: 0.0008970 seconds
132.034: [GC [PSYoungGen: 6784K->1006K(7680K)] 14337K->14256K(25088K), 0.0018290 secs] [Times: user=0.01 sys=0.00, real=0.00 secs] 
132.036: [Full GC [PSYoungGen: 1006K->0K(7680K)] [ParOldGen: 13249K->7846K(17408K)] 14256K->7846K(25088K) [PSPermGen: 5114K->5114K(21504K)], 0.0053530 secs] [Times: user=0.03 sys=0.00, real=0.01 secs] 
132.041: Total time for which application threads were stopped: 0.0074980 seconds, Stopping threads took: 0.0001910 seconds
132.121: Application time: 0.0799420 seconds
132.183: [GC [PSYoungGen: 6559K->355K(7680K)] 14406K->8201K(25088K), 0.0004200 secs] [Times: user=0.00 sys=0.00, real=0.00 secs] 
132.183: [Full GC [PSYoungGen: 355K->0K(7680K)] [ParOldGen: 7846K->1498K(17408K)] 8201K->1498K(25088K) [PSPermGen: 5114K->5114K(21504K)], 0.0042170 secs] [Times: user=0.01 sys=0.01, real=0.00 secs] 
132.187: Total time for which application threads were stopped: 0.0659960 seconds, Stopping threads took: 0.0612480 seconds
132.188: Application time: 0.0009960 seconds
132.188: [GC [PSYoungGen: 6345K->1006K(7680K)] 7844K->7933K(25088K), 0.0018790 secs] [Times: user=0.01 sys=0.00, real=0.01 secs] 
132.190: Total time for which application threads were stopped: 0.0021220 seconds, Stopping threads took: 0.0001630 seconds
132.298: Application time: 0.1078450 seconds
132.347: [GC [PSYoungGen: 7662K->451K(7680K)] 14589K->7377K(25088K), 0.0004170 secs] [Times: user=0.00 sys=0.00, real=0.00 secs] 
132.347: Total time for which application threads were stopped: 0.0488540 seconds, Stopping threads took: 0.0483700 seconds
132.348: Application time: 0.0008210 seconds
132.348: [GC [PSYoungGen: 7011K->1005K(7680K)] 13937K->13897K(25088K), 0.0020190 secs] [Times: user=0.02 sys=0.00, real=0.01 secs] 
132.350: [Full GC [PSYoungGen: 1005K->0K(7680K)] [ParOldGen: 12891K->8041K(17408K)] 13897K->8041K(25088K) [PSPermGen: 5114K->5114K(21504K)], 0.0050830 secs] [Times: user=0.02 sys=0.00, real=0.00 secs] 
132.355: Total time for which application threads were stopped: 0.0072990 seconds, Stopping threads took: 0.0000710 seconds
132.435: Application time: 0.0796330 seconds
132.497: [GC [PSYoungGen: 6559K->614K(7680K)] 14601K->8656K(25088K), 0.0004620 secs] [Times: user=0.00 sys=0.00, real=0.00 secs] 
132.498: [Full GC [PSYoungGen: 614K->0K(7680K)] [ParOldGen: 8041K->1694K(17408K)] 8656K->1694K(25088K) [PSPermGen: 5114K->5114K(21504K)], 0.0038180 secs] [Times: user=0.01 sys=0.00, real=0.01 secs] 
132.501: Total time for which application threads were stopped: 0.0665090 seconds, Stopping threads took: 0.0621190 seconds
132.503: Application time: 0.0013000 seconds
132.543: [GC [PSYoungGen: 6560K->1005K(7680K)] 8254K->7786K(25088K), 0.0017420 secs] [Times: user=0.01 sys=0.00, real=0.00 secs] 
132.545: Total time for which application threads were stopped: 0.0423320 seconds, Stopping threads took: 0.0405190 seconds
132.620: Application time: 0.0748980 seconds
132.667: [GC [PSYoungGen: 7448K->614K(7680K)] 14228K->7395K(25088K), 0.0004600 secs] [Times: user=0.00 sys=0.00, real=0.00 secs] 
132.667: Total time for which application threads were stopped: 0.0474270 seconds, Stopping threads took: 0.0468810 seconds
132.668: Application time: 0.0008290 seconds
132.725: [GC [PSYoungGen: 7077K->1006K(7680K)] 13857K->12702K(25088K), 0.0017670 secs] [Times: user=0.01 sys=0.00, real=0.00 secs] 
132.727: [Full GC [PSYoungGen: 1006K->0K(7680K)] [ParOldGen: 11695K->7065K(17408K)] 12702K->7065K(25088K) [PSPermGen: 5114K->5114K(21504K)], 0.0053590 secs] [Times: user=0.03 sys=0.00, real=0.01 secs] 
132.732: Total time for which application threads were stopped: 0.0640950 seconds, Stopping threads took: 0.0568370 seconds
132.805: Application time: 0.0726530 seconds
132.850: [GC [PSYoungGen: 6559K->907K(7680K)] 13625K->9926K(25088K), 0.0009950 secs] [Times: user=0.00 sys=0.00, real=0.00 secs] 
132.851: [Full GC [PSYoungGen: 907K->0K(7680K)] [ParOldGen: 9018K->3940K(17408K)] 9926K->3940K(25088K) [PSPermGen: 5114K->5114K(21504K)], 0.0042590 secs] [Times: user=0.02 sys=0.00, real=0.00 secs] 
132.855: Total time for which application threads were stopped: 0.0505640 seconds, Stopping threads took: 0.0451900 seconds
132.935: Application time: 0.0792140 seconds
132.949: [GC [PSYoungGen: 6521K->646K(7680K)] 10461K->4587K(25088K), 0.0004120 secs] [Times: user=0.00 sys=0.00, real=0.01 secs] 
132.949: Total time for which application threads were stopped: 0.0146260 seconds, Stopping threads took: 0.0141480 seconds
132.950: Application time: 0.0007460 seconds
132.994: [GC [PSYoungGen: 7265K->1005K(7680K)] 11206K->10042K(25088K), 0.0018560 secs] [Times: user=0.01 sys=0.01, real=0.00 secs] 
132.996: [Full GC [PSYoungGen: 1005K->0K(7680K)] [ParOldGen: 9037K->7065K(17408K)] 10042K->7065K(25088K) [PSPermGen: 5114K->5114K(21504K)], 0.0046090 secs] [Times: user=0.02 sys=0.00, real=0.00 secs] 
133.000: Total time for which application threads were stopped: 0.0504100 seconds, Stopping threads took: 0.0438110 seconds
133.073: Application time: 0.0725240 seconds
133.119: [GC [PSYoungGen: 6462K->646K(7680K)] 13527K->7712K(25088K), 0.0004060 secs] [Times: user=0.00 sys=0.00, real=0.00 secs] 
133.119: Total time for which application threads were stopped: 0.0461220 seconds, Stopping threads took: 0.0456520 seconds
133.120: Application time: 0.0008230 seconds
133.164: [GC [PSYoungGen: 7285K->1005K(7680K)] 14350K->13181K(25088K), 0.0019200 secs] [Times: user=0.02 sys=0.00, real=0.00 secs] 
133.166: [Full GC [PSYoungGen: 1005K->0K(7680K)] [ParOldGen: 12176K->7163K(17408K)] 13181K->7163K(25088K) [PSPermGen: 5114K->5114K(21504K)], 0.0048060 secs] [Times: user=0.02 sys=0.00, real=0.01 secs] 
133.171: Total time for which application threads were stopped: 0.0506060 seconds, Stopping threads took: 0.0437550 seconds
133.245: Application time: 0.0741520 seconds
133.290: [GC [PSYoungGen: 6364K->646K(7680K)] 13527K->7809K(25088K), 0.0004100 secs] [Times: user=0.01 sys=0.00, real=0.00 secs] 
133.290: Total time for which application threads were stopped: 0.0452070 seconds, Stopping threads took: 0.0447220 seconds
133.291: Application time: 0.0009330 seconds
133.347: [GC [PSYoungGen: 7302K->1005K(7680K)] 14465K->12270K(25088K), 0.0014880 secs] [Times: user=0.01 sys=0.00, real=0.00 secs] 
133.349: [Full GC [PSYoungGen: 1005K->0K(7680K)] [ParOldGen: 11265K->6187K(17408K)] 12270K->6187K(25088K) [PSPermGen: 5114K->5114K(21504K)], 0.0051020 secs] [Times: user=0.02 sys=0.00, real=0.01 secs] 
133.354: Total time for which application threads were stopped: 0.0631490 seconds, Stopping threads took: 0.0564380 seconds
133.434: Application time: 0.0801930 seconds
133.489: [GC [PSYoungGen: 6266K->582K(7680K)] 12454K->6769K(25088K), 0.0004840 secs] [Times: user=0.00 sys=0.00, real=0.00 secs] 
133.490: Total time for which application threads were stopped: 0.0557620 seconds, Stopping threads took: 0.0552100 seconds
133.491: Application time: 0.0008320 seconds
133.545: [GC [PSYoungGen: 7045K->1006K(7680K)] 13232K->12109K(25088K), 0.0018570 secs] [Times: user=0.01 sys=0.00, real=0.00 secs] 
133.547: [Full GC [PSYoungGen: 1006K->0K(7680K)] [ParOldGen: 11102K->7065K(17408K)] 12109K->7065K(25088K) [PSPermGen: 5114K->5114K(21504K)], 0.0051700 secs] [Times: user=0.02 sys=0.00, real=0.01 secs] 
133.552: Total time for which application threads were stopped: 0.0611020 seconds, Stopping threads took: 0.0539370 seconds
133.631: Application time: 0.0792720 seconds
133.674: [GC [PSYoungGen: 6462K->582K(7680K)] 13527K->7648K(25088K), 0.0004580 secs] [Times: user=0.00 sys=0.00, real=0.00 secs] 
133.675: Total time for which application threads were stopped: 0.0436000 seconds, Stopping threads took: 0.0430760 seconds
133.676: Application time: 0.0008570 seconds
133.725: [GC [PSYoungGen: 7221K->939K(7680K)] 14286K->12107K(25088K), 0.0015520 secs] [Times: user=0.01 sys=0.00, real=0.00 secs] 
133.726: [Full GC [PSYoungGen: 939K->0K(7680K)] [ParOldGen: 11167K->6089K(17408K)] 12107K->6089K(25088K) [PSPermGen: 5114K->5114K(21504K)], 0.0050100 secs] [Times: user=0.02 sys=0.00, real=0.01 secs] 
133.731: Total time for which application threads were stopped: 0.0556750 seconds, Stopping threads took: 0.0489900 seconds
133.814: Application time: 0.0827640 seconds
133.872: [GC [PSYoungGen: 6364K->582K(7680K)] 12453K->6671K(25088K), 0.0004340 secs] [Times: user=0.00 sys=0.00, real=0.00 secs] 
133.873: Total time for which application threads were stopped: 0.0585030 seconds, Stopping threads took: 0.0579940 seconds
133.873: Application time: 0.0008210 seconds
133.874: [GC [PSYoungGen: 7045K->1008K(7680K)] 13134K->13013K(25088K), 0.0020180 secs] [Times: user=0.02 sys=0.00, real=0.00 secs] 
133.876: [Full GC [PSYoungGen: 1008K->0K(7680K)] [ParOldGen: 12004K->8139K(17408K)] 13013K->8139K(25088K) [PSPermGen: 5114K->5114K(21504K)], 0.0051210 secs] [Times: user=0.02 sys=0.00, real=0.00 secs] 
133.881: Total time for which application threads were stopped: 0.0074210 seconds, Stopping threads took: 0.0001550 seconds
133.961: Application time: 0.0797370 seconds
134.022: [GC [PSYoungGen: 6540K->582K(7680K)] 14680K->8722K(25088K), 0.0005680 secs] [Times: user=0.00 sys=0.00, real=0.00 secs] 
134.023: Total time for which application threads were stopped: 0.0624370 seconds, Stopping threads took: 0.0617840 seconds
134.024: Application time: 0.0007640 seconds
134.024: [GC [PSYoungGen: 7142K->1006K(7680K)] 15282K->15258K(25088K), 0.0021300 secs] [Times: user=0.01 sys=0.00, real=0.00 secs] 
134.026: [Full GC [PSYoungGen: 1006K->0K(7680K)] [ParOldGen: 14251K->8237K(17408K)] 15258K->8237K(25088K) [PSPermGen: 5114K->5114K(21504K)], 0.0052390 secs] [Times: user=0.03 sys=0.00, real=0.01 secs] 
134.031: Total time for which application threads were stopped: 0.0076430 seconds, Stopping threads took: 0.0001460 seconds
134.112: Application time: 0.0802960 seconds
134.173: [GC [PSYoungGen: 6364K->614K(7680K)] 14602K->8852K(25088K), 0.0004950 secs] [Times: user=0.00 sys=0.00, real=0.00 secs] 
134.174: [Full GC [PSYoungGen: 614K->0K(7680K)] [ParOldGen: 8237K->1957K(17408K)] 8852K->1957K(25088K) [PSPermGen: 5114K->5114K(21504K)], 0.0038340 secs] [Times: user=0.02 sys=0.00, real=0.00 secs] 
134.178: Total time for which application threads were stopped: 0.0659160 seconds, Stopping threads took: 0.0614800 seconds
134.179: Application time: 0.0011780 seconds
134.219: [GC [PSYoungGen: 6655K->939K(7680K)] 8612K->7779K(25088K), 0.0017500 secs] [Times: user=0.01 sys=0.00, real=0.01 secs] 
134.221: Total time for which application threads were stopped: 0.0424150 seconds, Stopping threads took: 0.0405880 seconds
134.293: Application time: 0.0721990 seconds
134.340: [GC [PSYoungGen: 7284K->842K(7680K)] 14124K->9635K(25088K), 0.0009690 secs] [Times: user=0.00 sys=0.00, real=0.00 secs] 
134.341: [Full GC [PSYoungGen: 842K->0K(7680K)] [ParOldGen: 8793K->3843K(17408K)] 9635K->3843K(25088K) [PSPermGen: 5114K->5114K(21504K)], 0.0041430 secs] [Times: user=0.01 sys=0.00, real=0.01 secs] 
134.345: Total time for which application threads were stopped: 0.0518120 seconds, Stopping threads took: 0.0465770 seconds
134.423: Application time: 0.0773170 seconds
134.429: [GC [PSYoungGen: 6462K->646K(7680K)] 10305K->4490K(25088K), 0.0004050 secs] [Times: user=0.00 sys=0.00, real=0.01 secs] 
134.429: Total time for which application threads were stopped: 0.0065940 seconds, Stopping threads took: 0.0061140 seconds
134.430: Application time: 0.0007710 seconds
134.474: [GC [PSYoungGen: 7109K->1006K(7680K)] 10952K->9765K(25088K), 0.0018450 secs] [Times: user=0.02 sys=0.00, real=0.00 secs] 
134.476: [Full GC [PSYoungGen: 1006K->0K(7680K)] [ParOldGen: 8758K->7065K(17408K)] 9765K->7065K(25088K) [PSPermGen: 5114K->5114K(21504K)], 0.0045840 secs] [Times: user=0.01 sys=0.00, real=0.00 secs] 
134.480: Total time for which application threads were stopped: 0.0504130 seconds, Stopping threads took: 0.0438530 seconds
134.566: Application time: 0.0859860 seconds
134.625: [GC [PSYoungGen: 6462K->582K(7680K)] 13528K->7648K(25088K), 0.0004920 secs] [Times: user=0.00 sys=0.00, real=0.00 secs] 
134.626: Total time for which application threads were stopped: 0.0594400 seconds, Stopping threads took: 0.0588820 seconds
134.627: Application time: 0.0009780 seconds
134.671: [GC [PSYoungGen: 7045K->939K(7680K)] 14110K->13083K(25088K), 0.0018110 secs] [Times: user=0.01 sys=0.00, real=0.00 secs] 
134.672: [Full GC [PSYoungGen: 939K->0K(7680K)] [ParOldGen: 12144K->7065K(17408K)] 13083K->7065K(25088K) [PSPermGen: 5114K->5114K(21504K)], 0.0049010 secs] [Times: user=0.02 sys=0.00, real=0.00 secs] 
134.677: Total time for which application threads were stopped: 0.0505600 seconds, Stopping threads took: 0.0437210 seconds
134.752: Application time: 0.0746740 seconds
134.797: [GC [PSYoungGen: 6462K->875K(7680K)] 13528K->8722K(25088K), 0.0007950 secs] [Times: user=0.01 sys=0.00, real=0.00 secs] 
134.798: Total time for which application threads were stopped: 0.0457980 seconds, Stopping threads took: 0.0449310 seconds
134.799: Application time: 0.0011280 seconds
134.868: [GC [PSYoungGen: 7416K->907K(7680K)] 15263K->11684K(25088K), 0.0012850 secs] [Times: user=0.00 sys=0.00, real=0.00 secs] 
134.869: [Full GC [PSYoungGen: 907K->0K(7680K)] [ParOldGen: 10777K->4917K(17408K)] 11684K->4917K(25088K) [PSPermGen: 5114K->5114K(21504K)], 0.0048420 secs] [Times: user=0.02 sys=0.00, real=0.01 secs] 
134.874: Total time for which application threads were stopped: 0.0749420 seconds, Stopping threads took: 0.0686720 seconds
134.955: Application time: 0.0811410 seconds
135.000: [GC [PSYoungGen: 6618K->646K(7680K)] 11536K->5564K(25088K), 0.0003980 secs] [Times: user=0.00 sys=0.00, real=0.00 secs] 
135.000: Total time for which application threads were stopped: 0.0449000 seconds, Stopping threads took: 0.0444300 seconds
135.001: Application time: 0.0008350 seconds
135.047: [GC [PSYoungGen: 7187K->1006K(7680K)] 12105K->10919K(25088K), 0.0018760 secs] [Times: user=0.02 sys=0.00, real=0.00 secs] 
135.049: [Full GC [PSYoungGen: 1006K->0K(7680K)] [ParOldGen: 9912K->7066K(17408K)] 10919K->7066K(25088K) [PSPermGen: 5114K->5114K(21504K)], 0.0050000 secs] [Times: user=0.02 sys=0.00, real=0.01 secs] 
135.054: Total time for which application threads were stopped: 0.0529450 seconds, Stopping threads took: 0.0459450 seconds
135.128: Application time: 0.0742770 seconds
135.175: [GC [PSYoungGen: 6559K->973K(7680K)] 13625K->8820K(25088K), 0.0007180 secs] [Times: user=0.01 sys=0.00, real=0.00 secs] 
135.175: Total time for which application threads were stopped: 0.0472900 seconds, Stopping threads took: 0.0465070 seconds
135.176: Application time: 0.0010750 seconds
135.220: [GC [PSYoungGen: 7533K->939K(7680K)] 15380K->14060K(25088K), 0.0018160 secs] [Times: user=0.01 sys=0.00, real=0.01 secs] 
135.222: [Full GC [PSYoungGen: 939K->0K(7680K)] [ParOldGen: 13121K->7261K(17408K)] 14060K->7261K(25088K) [PSPermGen: 5114K->5114K(21504K)], 0.0051000 secs] [Times: user=0.02 sys=0.00, real=0.00 secs] 
135.227: Total time for which application threads were stopped: 0.0506000 seconds, Stopping threads took: 0.0435560 seconds
135.319: Application time: 0.0915790 seconds
135.376: [GC [PSYoungGen: 6345K->646K(7680K)] 13606K->7908K(25088K), 0.0004640 secs] [Times: user=0.00 sys=0.00, real=0.00 secs] 
135.377: Total time for which application threads were stopped: 0.0582340 seconds, Stopping threads took: 0.0577060 seconds
135.378: Application time: 0.0009350 seconds
135.421: [GC [PSYoungGen: 7285K->989K(7680K)] 14546K->13329K(25088K), 0.0017350 secs] [Times: user=0.01 sys=0.00, real=0.01 secs] 
135.423: [Full GC [PSYoungGen: 989K->0K(7680K)] [ParOldGen: 12340K->7163K(17408K)] 13329K->7163K(25088K) [PSPermGen: 5114K->5114K(21504K)], 0.0053470 secs] [Times: user=0.03 sys=0.00, real=0.00 secs] 
135.428: Total time for which application threads were stopped: 0.0502710 seconds, Stopping threads took: 0.0430710 seconds
135.501: Application time: 0.0729270 seconds
135.546: [GC [PSYoungGen: 6462K->941K(7680K)] 13626K->8886K(25088K), 0.0007700 secs] [Times: user=0.01 sys=0.00, real=0.00 secs] 
135.547: Total time for which application threads were stopped: 0.0460030 seconds, Stopping threads took: 0.0451290 seconds
135.553: Application time: 0.0064880 seconds
135.620: [GC [PSYoungGen: 7306K->582K(7680K)] 15251K->8527K(25088K), 0.0004230 secs] [Times: user=0.00 sys=0.00, real=0.01 secs] 
135.622: Total time for which application threads were stopped: 0.0681910 seconds, Stopping threads took: 0.0665320 seconds
135.622: Application time: 0.0007310 seconds
135.666: [GC [PSYoungGen: 7045K->1006K(7680K)] 14990K->13867K(25088K), 0.0017910 secs] [Times: user=0.01 sys=0.00, real=0.00 secs] 
135.668: [Full GC [PSYoungGen: 1006K->0K(7680K)] [ParOldGen: 12860K->7066K(17408K)] 13867K->7066K(25088K) [PSPermGen: 5114K->5114K(21504K)], 0.0054450 secs] [Times: user=0.03 sys=0.00, real=0.01 secs] 
135.674: Total time for which application threads were stopped: 0.0512220 seconds, Stopping threads took: 0.0438600 seconds
135.747: Application time: 0.0734440 seconds
135.790: [GC [PSYoungGen: 6559K->841K(7680K)] 13626K->8884K(25088K), 0.0006960 secs] [Times: user=0.01 sys=0.00, real=0.00 secs] 
135.790: Total time for which application threads were stopped: 0.0434150 seconds, Stopping threads took: 0.0426520 seconds
135.792: Application time: 0.0011480 seconds
135.835: [GC [PSYoungGen: 7480K->1005K(7680K)] 15523K->14232K(25088K), 0.0019520 secs] [Times: user=0.01 sys=0.01, real=0.00 secs] 
135.837: [Full GC [PSYoungGen: 1005K->0K(7680K)] [ParOldGen: 13227K->7261K(17408K)] 14232K->7261K(25088K) [PSPermGen: 5114K->5114K(21504K)], 0.0051270 secs] [Times: user=0.02 sys=0.00, real=0.01 secs] 
135.842: Total time for which application threads were stopped: 0.0504460 seconds, Stopping threads took: 0.0432370 seconds
135.916: Application time: 0.0740400 seconds
135.960: [GC [PSYoungGen: 6266K->646K(7680K)] 13528K->7908K(25088K), 0.0005870 secs] [Times: user=0.00 sys=0.00, real=0.00 secs] 
135.961: Total time for which application threads were stopped: 0.0446910 seconds, Stopping threads took: 0.0440340 seconds
135.962: Application time: 0.0007850 seconds
135.962: [GC [PSYoungGen: 7206K->1005K(7680K)] 14468K->14419K(25088K), 0.0018730 secs] [Times: user=0.01 sys=0.00, real=0.00 secs] 
135.964: [Full GC [PSYoungGen: 1005K->0K(7680K)] [ParOldGen: 13414K->8238K(17408K)] 14419K->8238K(25088K) [PSPermGen: 5114K->5114K(21504K)], 0.0052070 secs] [Times: user=0.02 sys=0.00, real=0.00 secs] 
135.969: Total time for which application threads were stopped: 0.0072130 seconds, Stopping threads took: 0.0000140 seconds
136.049: Application time: 0.0800690 seconds
136.112: [GC [PSYoungGen: 6364K->582K(7680K)] 14602K->8820K(25088K), 0.0004710 secs] [Times: user=0.00 sys=0.00, real=0.00 secs] 
136.113: Total time for which application threads were stopped: 0.0637940 seconds, Stopping threads took: 0.0632290 seconds
136.113: Application time: 0.0007990 seconds
136.164: [GC [PSYoungGen: 7142K->1005K(7680K)] 15381K->14329K(25088K), 0.0019050 secs] [Times: user=0.01 sys=0.00, real=0.00 secs] 
136.166: [Full GC [PSYoungGen: 1005K->0K(7680K)] [ParOldGen: 13324K->7163K(17408K)] 14329K->7163K(25088K) [PSPermGen: 5114K->5114K(21504K)], 0.0052110 secs] [Times: user=0.03 sys=0.00, real=0.01 secs] 
136.171: Total time for which application threads were stopped: 0.0576560 seconds, Stopping threads took: 0.0504130 seconds
136.260: Application time: 0.0888200 seconds
136.314: [GC [PSYoungGen: 6462K->1005K(7680K)] 13626K->8950K(25088K), 0.0009590 secs] [Times: user=0.01 sys=0.00, real=0.00 secs] 
136.315: Total time for which application threads were stopped: 0.0554310 seconds, Stopping threads took: 0.0543930 seconds
136.317: Application time: 0.0012240 seconds
136.362: [GC [PSYoungGen: 7565K->939K(7680K)] 15510K->14158K(25088K), 0.0020300 secs] [Times: user=0.01 sys=0.00, real=0.00 secs] 
136.364: [Full GC [PSYoungGen: 939K->0K(7680K)] [ParOldGen: 13219K->7261K(17408K)] 14158K->7261K(25088K) [PSPermGen: 5114K->5114K(21504K)], 0.0049410 secs] [Times: user=0.02 sys=0.00, real=0.00 secs] 
136.369: Total time for which application threads were stopped: 0.0523130 seconds, Stopping threads took: 0.0452090 seconds
136.446: Application time: 0.0771720 seconds
136.452: Total time for which application threads were stopped: 0.0055310 seconds, Stopping threads took: 0.0055040 seconds
136.452: Application time: 0.0006510 seconds
136.453: [GC [PSYoungGen: 6610K->1005K(7680K)] 13871K->11400K(25088K), 0.0010610 secs] [Times: user=0.01 sys=0.00, real=0.00 secs] 
136.454: [Full GC [PSYoungGen: 1005K->0K(7680K)] [ParOldGen: 10395K->5181K(17408K)] 11400K->5181K(25088K) [PSPermGen: 5114K->5114K(21504K)], 0.0046290 secs] [Times: user=0.02 sys=0.00, real=0.00 secs] 
136.458: Total time for which application threads were stopped: 0.0060020 seconds, Stopping threads took: 0.0002000 seconds
136.530: Application time: 0.0714080 seconds
136.573: [GC [PSYoungGen: 6557K->973K(7680K)] 11739K->6154K(25088K), 0.0004610 secs] [Times: user=0.01 sys=0.00, real=0.00 secs] 
136.574: Total time for which application threads were stopped: 0.0441980 seconds, Stopping threads took: 0.0436740 seconds
136.574: Application time: 0.0001860 seconds
136.574: Total time for which application threads were stopped: 0.0003040 seconds, Stopping threads took: 0.0002800 seconds
136.619: Application time: 0.0446210 seconds
136.645: [GC [PSYoungGen: 7481K->941K(7680K)] 12663K->6122K(25088K), 0.0005760 secs] [Times: user=0.01 sys=0.00, real=0.00 secs] 
136.645: Total time for which application threads were stopped: 0.0262970 seconds, Stopping threads took: 0.0256220 seconds
136.646: Application time: 0.0004140 seconds
136.698: Total time for which application threads were stopped: 0.0527330 seconds, Stopping threads took: 0.0526900 seconds
136.742: Application time: 0.0436480 seconds
136.768: Total time for which application threads were stopped: 0.0254790 seconds, Stopping threads took: 0.0254550 seconds
136.768: Application time: 0.0000270 seconds
136.768: [GC [PSYoungGen: 7548K->973K(7680K)] 12729K->6154K(25088K), 0.0004420 secs] [Times: user=0.00 sys=0.00, real=0.00 secs] 
136.768: Total time for which application threads were stopped: 0.0006780 seconds, Stopping threads took: 0.0001840 seconds
136.811: Application time: 0.0425350 seconds
136.853: Total time for which application threads were stopped: 0.0425010 seconds, Stopping threads took: 0.0424840 seconds
136.896: Application time: 0.0425660 seconds
136.896: [GC [PSYoungGen: 7477K->941K(7680K)] 12659K->6122K(25088K), 0.0004230 secs] [Times: user=0.00 sys=0.00, real=0.00 secs] 
136.896: Total time for which application threads were stopped: 0.0005690 seconds, Stopping threads took: 0.0000910 seconds
137.053: Application time: 0.1569330 seconds
137.053: Total time for which application threads were stopped: 0.0000550 seconds, Stopping threads took: 0.0000210 seconds
137.054: Application time: 0.0002190 seconds
137.054: [GC [PSYoungGen: 7597K->905K(7680K)] 12778K->6087K(25088K), 0.0004690 secs] [Times: user=0.00 sys=0.00, real=0.00 secs] 
137.054: Total time for which application threads were stopped: 0.0006290 seconds, Stopping threads took: 0.0001170 seconds
137.055: Application time: 0.0010540 seconds
137.056: [GC [PSYoungGen: 7447K->1005K(7680K)] 12629K->12491K(25088K), 0.0023170 secs] [Times: user=0.01 sys=0.00, real=0.00 secs] 
137.058: [Full GC [PSYoungGen: 1005K->0K(7680K)] [ParOldGen: 11486K->8246K(17408K)] 12491K->8246K(25088K) [PSPermGen: 5139K->5139K(21504K)], 0.0054910 secs] [Times: user=0.03 sys=0.00, real=0.01 secs] 
137.063: Total time for which application threads were stopped: 0.0080560 seconds, Stopping threads took: 0.0001230 seconds
137.142: Application time: 0.0790380 seconds
137.206: [GC [PSYoungGen: 6462K->614K(7680K)] 14709K->8861K(25088K), 0.0005940 secs] [Times: user=0.01 sys=0.00, real=0.00 secs] 
137.206: Total time for which application threads were stopped: 0.0637200 seconds, Stopping threads took: 0.0630230 seconds
137.207: Application time: 0.0009340 seconds
137.251: [GC [PSYoungGen: 7121K->1006K(7680K)] 15368K->14192K(25088K), 0.0018540 secs] [Times: user=0.01 sys=0.00, real=0.00 secs] 
137.253: [Full GC [PSYoungGen: 1006K->0K(7680K)] [ParOldGen: 13185K->7103K(17408K)] 14192K->7103K(25088K) [PSPermGen: 5139K->5139K(21504K)], 0.0050570 secs] [Times: user=0.02 sys=0.00, real=0.00 secs] 
137.258: Total time for which application threads were stopped: 0.0505150 seconds, Stopping threads took: 0.0434560 seconds
137.332: Application time: 0.0743620 seconds
137.377: [GC [PSYoungGen: 6485K->582K(7680K)] 13589K->7686K(25088K), 0.0004080 secs] [Times: user=0.00 sys=0.00, real=0.00 secs] 
137.378: Total time for which application threads were stopped: 0.0458480 seconds, Stopping threads took: 0.0453700 seconds
137.379: Application time: 0.0008000 seconds
137.379: [GC [PSYoungGen: 7055K->1006K(7680K)] 14159K->14100K(25088K), 0.0020700 secs] [Times: user=0.01 sys=0.01, real=0.00 secs] 
137.381: [Full GC [PSYoungGen: 1006K->0K(7680K)] [ParOldGen: 13093K->8178K(17408K)] 14100K->8178K(25088K) [PSPermGen: 5139K->5139K(21504K)], 0.0048610 secs] [Times: user=0.03 sys=0.00, real=0.01 secs] 
137.386: Total time for which application threads were stopped: 0.0071930 seconds, Stopping threads took: 0.0001370 seconds
137.473: Application time: 0.0873440 seconds
137.525: [GC [PSYoungGen: 6562K->1005K(7680K)] 14740K->9972K(25088K), 0.0006940 secs] [Times: user=0.01 sys=0.00, real=0.00 secs] 
137.526: [Full GC [PSYoungGen: 1005K->0K(7680K)] [ParOldGen: 8967K->3100K(17408K)] 9972K->3100K(25088K) [PSPermGen: 5139K->5139K(21504K)], 0.0038230 secs] [Times: user=0.01 sys=0.00, real=0.01 secs] 
137.530: Total time for which application threads were stopped: 0.0568380 seconds, Stopping threads took: 0.0522080 seconds
137.531: Application time: 0.0014470 seconds
137.601: [GC [PSYoungGen: 6656K->941K(7680K)] 9756K->4237K(25088K), 0.0005870 secs] [Times: user=0.00 sys=0.00, real=0.01 secs] 
137.601: Total time for which application threads were stopped: 0.0698920 seconds, Stopping threads took: 0.0692260 seconds
137.602: Application time: 0.0011190 seconds
137.671: [GC [PSYoungGen: 7501K->1005K(7680K)] 10797K->8606K(25088K), 0.0016300 secs] [Times: user=0.01 sys=0.00, real=0.00 secs] 
137.672: Total time for which application threads were stopped: 0.0698250 seconds, Stopping threads took: 0.0681190 seconds
137.745: Application time: 0.0724220 seconds
137.790: [GC [PSYoungGen: 7467K->646K(7680K)] 15068K->8638K(25088K), 0.0005270 secs] [Times: user=0.00 sys=0.00, real=0.00 secs] 
137.790: Total time for which application threads were stopped: 0.0455510 seconds, Stopping threads took: 0.0449440 seconds
137.791: Application time: 0.0009870 seconds
137.846: [GC [PSYoungGen: 7302K->1005K(7680K)] 15294K->13497K(25088K), 0.0019290 secs] [Times: user=0.01 sys=0.00, real=0.00 secs] 
137.848: [Full GC [PSYoungGen: 1005K->0K(7680K)] [ParOldGen: 12492K->6616K(17408K)] 13497K->6616K(25088K) [PSPermGen: 5139K->5139K(21504K)], 0.0048910 secs] [Times: user=0.02 sys=0.00, real=0.01 secs] 
137.853: Total time for which application threads were stopped: 0.0618390 seconds, Stopping threads took: 0.0548750 seconds
137.925: Application time: 0.0721930 seconds
137.970: [GC [PSYoungGen: 6656K->939K(7680K)] 13272K->9118K(25088K), 0.0009580 secs] [Times: user=0.01 sys=0.00, real=0.00 secs] 
137.971: Total time for which application threads were stopped: 0.0460360 seconds, Stopping threads took: 0.0450030 seconds
138.047: Application time: 0.0758210 seconds
138.066: [GC [PSYoungGen: 7499K->387K(7680K)] 15678K->8566K(25088K), 0.0004150 secs] [Times: user=0.00 sys=0.00, real=0.00 secs] 
138.066: Total time for which application threads were stopped: 0.0189290 seconds, Stopping threads took: 0.0184290 seconds
138.067: Application time: 0.0006580 seconds
138.067: [GC [PSYoungGen: 6947K->1006K(7680K)] 15126K->15077K(25088K), 0.0020090 secs] [Times: user=0.02 sys=0.00, real=0.00 secs] 
138.069: [Full GC [PSYoungGen: 1006K->0K(7680K)] [ParOldGen: 14070K->8080K(17408K)] 15077K->8080K(25088K) [PSPermGen: 5139K->5139K(21504K)], 0.0049530 secs] [Times: user=0.02 sys=0.00, real=0.01 secs] 
138.074: Total time for which application threads were stopped: 0.0073540 seconds, Stopping threads took: 0.0002630 seconds
138.156: Application time: 0.0815420 seconds
138.216: [GC [PSYoungGen: 6559K->614K(7680K)] 14640K->8695K(25088K), 0.0004710 secs] [Times: user=0.00 sys=0.00, real=0.00 secs] 
138.216: Total time for which application threads were stopped: 0.0606050 seconds, Stopping threads took: 0.0600660 seconds
138.217: Application time: 0.0010140 seconds
138.259: [GC [PSYoungGen: 7270K->1005K(7680K)] 15350K->14269K(25088K), 0.0018240 secs] [Times: user=0.01 sys=0.00, real=0.00 secs] 
138.261: [Full GC [PSYoungGen: 1005K->0K(7680K)] [ParOldGen: 13264K->7299K(17408K)] 14269K->7299K(25088K) [PSPermGen: 5139K->5139K(21504K)], 0.0049180 secs] [Times: user=0.03 sys=0.00, real=0.01 secs] 
138.266: Total time for which application threads were stopped: 0.0483450 seconds, Stopping threads took: 0.0414590 seconds
138.352: Application time: 0.0865280 seconds
138.415: [GC [PSYoungGen: 6656K->646K(7680K)] 13955K->8336K(25088K), 0.0005740 secs] [Times: user=0.00 sys=0.00, real=0.00 secs] 
138.416: Total time for which application threads were stopped: 0.0634740 seconds, Stopping threads took: 0.0628210 seconds
138.417: Application time: 0.0009240 seconds
138.460: [GC [PSYoungGen: 7206K->1006K(7680K)] 14896K->14100K(25088K), 0.0019570 secs] [Times: user=0.02 sys=0.00, real=0.01 secs] 
138.462: [Full GC [PSYoungGen: 1006K->0K(7680K)] [ParOldGen: 13093K->7592K(17408K)] 14100K->7592K(25088K) [PSPermGen: 5139K->5139K(21504K)], 0.0049280 secs] [Times: user=0.02 sys=0.00, real=0.00 secs] 
138.467: Total time for which application threads were stopped: 0.0507660 seconds, Stopping threads took: 0.0437370 seconds
138.567: Application time: 0.0996350 seconds
138.628: [GC [PSYoungGen: 6656K->192K(7680K)] 14248K->7784K(25088K), 0.0005160 secs] [Times: user=0.00 sys=0.00, real=0.00 secs] 
138.629: Total time for which application threads were stopped: 0.0618340 seconds, Stopping threads took: 0.0612470 seconds
138.630: Application time: 0.0008810 seconds
138.673: [GC [PSYoungGen: 6830K->1005K(7680K)] 14422K->13293K(25088K), 0.0017330 secs] [Times: user=0.01 sys=0.00, real=0.00 secs] 
138.675: [Full GC [PSYoungGen: 1005K->0K(7680K)] [ParOldGen: 12288K->6811K(17408K)] 13293K->6811K(25088K) [PSPermGen: 5139K->5139K(21504K)], 0.0047680 secs] [Times: user=0.02 sys=0.00, real=0.00 secs] 
138.680: Total time for which application threads were stopped: 0.0503180 seconds, Stopping threads took: 0.0436850 seconds
138.753: Application time: 0.0728630 seconds
138.803: [GC [PSYoungGen: 6637K->939K(7680K)] 13449K->8336K(25088K), 0.0007670 secs] [Times: user=0.00 sys=0.00, real=0.00 secs] 
138.804: Total time for which application threads were stopped: 0.0507000 seconds, Stopping threads took: 0.0498660 seconds
138.805: Application time: 0.0010860 seconds
138.873: [GC [PSYoungGen: 7578K->1005K(7680K)] 14975K->12219K(25088K), 0.0016610 secs] [Times: user=0.01 sys=0.00, real=0.00 secs] 
138.875: [Full GC [PSYoungGen: 1005K->0K(7680K)] [ParOldGen: 11213K->5932K(17408K)] 12219K->5932K(25088K) [PSPermGen: 5139K->5139K(21504K)], 0.0046320 secs] [Times: user=0.02 sys=0.00, real=0.00 secs] 
138.880: Total time for which application threads were stopped: 0.0748290 seconds, Stopping threads took: 0.0684040 seconds
138.959: Application time: 0.0797640 seconds
138.970: [GC [PSYoungGen: 6638K->1005K(7680K)] 12570K->8704K(25088K), 0.0009680 secs] [Times: user=0.00 sys=0.00, real=0.00 secs] 
138.971: Total time for which application threads were stopped: 0.0112380 seconds, Stopping threads took: 0.0101860 seconds
139.042: Application time: 0.0714920 seconds
139.047: [GC [PSYoungGen: 7506K->451K(7680K)] 15205K->8150K(25088K), 0.0004020 secs] [Times: user=0.01 sys=0.00, real=0.00 secs] 
139.047: Total time for which application threads were stopped: 0.0053360 seconds, Stopping threads took: 0.0048650 seconds
139.048: Application time: 0.0007180 seconds
139.048: [GC [PSYoungGen: 7089K->1008K(7680K)] 14788K->14653K(25088K), 0.0019950 secs] [Times: user=0.01 sys=0.00, real=0.01 secs] 
139.050: [Full GC [PSYoungGen: 1008K->0K(7680K)] [ParOldGen: 13645K->8082K(17408K)] 14653K->8082K(25088K) [PSPermGen: 5139K->5139K(21504K)], 0.0050040 secs] [Times: user=0.03 sys=0.00, real=0.00 secs] 
139.055: Total time for which application threads were stopped: 0.0072220 seconds, Stopping threads took: 0.0000990 seconds
139.133: Application time: 0.0777580 seconds
139.195: [GC [PSYoungGen: 6559K->614K(7680K)] 14642K->8697K(25088K), 0.0004660 secs] [Times: user=0.01 sys=0.00, real=0.00 secs] 
139.196: Total time for which application threads were stopped: 0.0629160 seconds, Stopping threads took: 0.0623830 seconds
139.197: Application time: 0.0007620 seconds
139.197: [GC [PSYoungGen: 7174K->1008K(7680K)] 15257K->15104K(25088K), 0.0019730 secs] [Times: user=0.02 sys=0.00, real=0.00 secs] 
139.199: [Full GC [PSYoungGen: 1008K->0K(7680K)] [ParOldGen: 14095K->8277K(17408K)] 15104K->8277K(25088K) [PSPermGen: 5139K->5139K(21504K)], 0.0052380 secs] [Times: user=0.02 sys=0.00, real=0.01 secs] 
139.204: Total time for which application threads were stopped: 0.0075910 seconds, Stopping threads took: 0.0002510 seconds
139.307: Application time: 0.1029480 seconds
139.363: [GC [PSYoungGen: 6364K->582K(7680K)] 14642K->8860K(25088K), 0.0006270 secs] [Times: user=0.00 sys=0.00, real=0.00 secs] 
139.363: Total time for which application threads were stopped: 0.0560510 seconds, Stopping threads took: 0.0553500 seconds
139.364: Application time: 0.0008550 seconds
139.408: [GC [PSYoungGen: 7045K->939K(7680K)] 15322K->14295K(25088K), 0.0018050 secs] [Times: user=0.01 sys=0.00, real=0.01 secs] 
139.410: [Full GC [PSYoungGen: 939K->0K(7680K)] [ParOldGen: 13356K->7105K(17408K)] 14295K->7105K(25088K) [PSPermGen: 5139K->5139K(21504K)], 0.0048670 secs] [Times: user=0.02 sys=0.00, real=0.00 secs] 
139.415: Total time for which application threads were stopped: 0.0505020 seconds, Stopping threads took: 0.0437060 seconds
139.489: Application time: 0.0747390 seconds
139.534: [GC [PSYoungGen: 6462K->582K(7680K)] 13568K->7688K(25088K), 0.0004430 secs] [Times: user=0.00 sys=0.00, real=0.00 secs] 
139.534: Total time for which application threads were stopped: 0.0448310 seconds, Stopping threads took: 0.0443130 seconds
139.535: Application time: 0.0008690 seconds
139.588: [GC [PSYoungGen: 7142K->1008K(7680K)] 14248K->13053K(25088K), 0.0017970 secs] [Times: user=0.01 sys=0.00, real=0.01 secs] 
139.590: [Full GC [PSYoungGen: 1008K->0K(7680K)] [ParOldGen: 12044K->7203K(17408K)] 13053K->7203K(25088K) [PSPermGen: 5139K->5139K(21504K)], 0.0051970 secs] [Times: user=0.02 sys=0.00, real=0.00 secs] 
139.595: Total time for which application threads were stopped: 0.0598440 seconds, Stopping threads took: 0.0527000 seconds
139.669: Application time: 0.0742760 seconds
139.715: [GC [PSYoungGen: 6559K->1005K(7680K)] 13763K->10162K(25088K), 0.0011520 secs] [Times: user=0.00 sys=0.01, real=0.00 secs] 
139.716: [Full GC [PSYoungGen: 1005K->0K(7680K)] [ParOldGen: 9156K->4078K(17408K)] 10162K->4078K(25088K) [PSPermGen: 5139K->5139K(21504K)], 0.0045150 secs] [Times: user=0.02 sys=0.00, real=0.00 secs] 
139.721: Total time for which application threads were stopped: 0.0515700 seconds, Stopping threads took: 0.0457830 seconds
139.800: Application time: 0.0789620 seconds
139.813: [GC [PSYoungGen: 6267K->614K(7680K)] 10345K->4693K(25088K), 0.0003590 secs] [Times: user=0.00 sys=0.00, real=0.00 secs] 
139.813: Total time for which application threads were stopped: 0.0134330 seconds, Stopping threads took: 0.0130040 seconds
139.814: Application time: 0.0008150 seconds
139.866: [GC [PSYoungGen: 7174K->1005K(7680K)] 11253K->10170K(25088K), 0.0018550 secs] [Times: user=0.01 sys=0.00, real=0.00 secs] 
139.868: [Full GC [PSYoungGen: 1005K->0K(7680K)] [ParOldGen: 9165K->7203K(17408K)] 10170K->7203K(25088K) [PSPermGen: 5139K->5139K(21504K)], 0.0045950 secs] [Times: user=0.02 sys=0.00, real=0.01 secs] 
139.873: Total time for which application threads were stopped: 0.0589030 seconds, Stopping threads took: 0.0523210 seconds
139.950: Application time: 0.0771640 seconds
139.995: [GC [PSYoungGen: 6364K->939K(7680K)] 13568K->8924K(25088K), 0.0006710 secs] [Times: user=0.00 sys=0.00, real=0.00 secs] 
139.996: Total time for which application threads were stopped: 0.0459470 seconds, Stopping threads took: 0.0452050 seconds
139.997: Application time: 0.0010260 seconds
140.041: [GC [PSYoungGen: 7595K->939K(7680K)] 15580K->14198K(25088K), 0.0019300 secs] [Times: user=0.02 sys=0.00, real=0.01 secs] 
140.043: [Full GC [PSYoungGen: 939K->0K(7680K)] [ParOldGen: 13258K->7301K(17408K)] 14198K->7301K(25088K) [PSPermGen: 5139K->5139K(21504K)], 0.0048250 secs] [Times: user=0.02 sys=0.00, real=0.00 secs] 
140.048: Total time for which application threads were stopped: 0.0506440 seconds, Stopping threads took: 0.0437480 seconds
140.125: Application time: 0.0769420 seconds
140.169: [GC [PSYoungGen: 6656K->973K(7680K)] 13957K->8274K(25088K), 0.0004920 secs] [Times: user=0.00 sys=0.00, real=0.00 secs] 
140.169: Total time for which application threads were stopped: 0.0443660 seconds, Stopping threads took: 0.0438020 seconds
140.170: Application time: 0.0010210 seconds
140.223: [GC [PSYoungGen: 7629K->1005K(7680K)] 14930K->12807K(25088K), 0.0019020 secs] [Times: user=0.01 sys=0.00, real=0.00 secs] 
140.225: [Full GC [PSYoungGen: 1005K->0K(7680K)] [ParOldGen: 11801K->6618K(17408K)] 12807K->6618K(25088K) [PSPermGen: 5139K->5139K(21504K)], 0.0050690 secs] [Times: user=0.02 sys=0.00, real=0.01 secs] 
140.230: Total time for which application threads were stopped: 0.0597990 seconds, Stopping threads took: 0.0526790 seconds
140.303: Application time: 0.0733900 seconds
140.348: [GC [PSYoungGen: 6560K->907K(7680K)] 13178K->7916K(25088K), 0.0005790 secs] [Times: user=0.01 sys=0.00, real=0.00 secs] 
140.349: Total time for which application threads were stopped: 0.0453540 seconds, Stopping threads took: 0.0447060 seconds
140.350: Application time: 0.0010570 seconds
140.393: [GC [PSYoungGen: 7545K->1006K(7680K)] 14554K->13712K(25088K), 0.0020110 secs] [Times: user=0.02 sys=0.00, real=0.00 secs] 
140.395: [Full GC [PSYoungGen: 1006K->0K(7680K)] [ParOldGen: 12705K->7887K(17408K)] 13712K->7887K(25088K) [PSPermGen: 5139K->5139K(21504K)], 0.0050480 secs] [Times: user=0.02 sys=0.00, real=0.00 secs] 
140.400: Total time for which application threads were stopped: 0.0506820 seconds, Stopping threads took: 0.0434970 seconds
140.479: Application time: 0.0790120 seconds
140.541: [GC [PSYoungGen: 6520K->256K(7680K)] 14408K->8143K(25088K), 0.0004330 secs] [Times: user=0.00 sys=0.00, real=0.00 secs] 
140.542: Total time for which application threads were stopped: 0.0623200 seconds, Stopping threads took: 0.0618150 seconds
140.542: Application time: 0.0006930 seconds
140.543: [GC [PSYoungGen: 6816K->1006K(7680K)] 14703K->14598K(25088K), 0.0019230 secs] [Times: user=0.01 sys=0.00, real=0.00 secs] 
140.545: [Full GC [PSYoungGen: 1006K->0K(7680K)] [ParOldGen: 13591K->7887K(17408K)] 14598K->7887K(25088K) [PSPermGen: 5139K->5139K(21504K)], 0.0047760 secs] [Times: user=0.02 sys=0.00, real=0.01 secs] 
140.549: Total time for which application threads were stopped: 0.0070760 seconds, Stopping threads took: 0.0002500 seconds
140.651: Application time: 0.1010510 seconds
140.714: [GC [PSYoungGen: 6559K->451K(7680K)] 14447K->8338K(25088K), 0.0004500 secs] [Times: user=0.00 sys=0.00, real=0.00 secs] 
140.715: Total time for which application threads were stopped: 0.0648890 seconds, Stopping threads took: 0.0632400 seconds
140.716: Application time: 0.0008550 seconds
140.760: [GC [PSYoungGen: 7089K->1005K(7680K)] 14977K->13807K(25088K), 0.0018230 secs] [Times: user=0.02 sys=0.00, real=0.01 secs] 
140.762: [Full GC [PSYoungGen: 1005K->0K(7680K)] [ParOldGen: 12802K->7008K(17408K)] 13807K->7008K(25088K) [PSPermGen: 5139K->5139K(21504K)], 0.0047280 secs] [Times: user=0.02 sys=0.00, real=0.00 secs] 
140.767: Total time for which application threads were stopped: 0.0504220 seconds, Stopping threads took: 0.0437360 seconds
140.840: Application time: 0.0732840 seconds
140.880: [GC [PSYoungGen: 6559K->1005K(7680K)] 13568K->9771K(25088K), 0.0009390 secs] [Times: user=0.00 sys=0.00, real=0.01 secs] 
140.881: [Full GC [PSYoungGen: 1005K->0K(7680K)] [ParOldGen: 8766K->3883K(17408K)] 9771K->3883K(25088K) [PSPermGen: 5139K->5139K(21504K)], 0.0041780 secs] [Times: user=0.02 sys=0.00, real=0.00 secs] 
140.886: Total time for which application threads were stopped: 0.0455300 seconds, Stopping threads took: 0.0403000 seconds
140.959: Application time: 0.0732950 seconds
140.965: [GC [PSYoungGen: 6540K->646K(7680K)] 10424K->4530K(25088K), 0.0003760 secs] [Times: user=0.00 sys=0.00, real=0.00 secs] 
140.965: Total time for which application threads were stopped: 0.0064180 seconds, Stopping threads took: 0.0059740 seconds
140.966: Application time: 0.0007680 seconds
140.966: [GC [PSYoungGen: 7265K->1006K(7680K)] 11149K->10928K(25088K), 0.0021140 secs] [Times: user=0.01 sys=0.00, real=0.00 secs] 
140.968: [Full GC [PSYoungGen: 1006K->0K(7680K)] [ParOldGen: 9921K->8180K(17408K)] 10928K->8180K(25088K) [PSPermGen: 5139K->5139K(21504K)], 0.0046800 secs] [Times: user=0.02 sys=0.00, real=0.01 secs] 
140.973: Total time for which application threads were stopped: 0.0070660 seconds, Stopping threads took: 0.0001460 seconds
141.063: Application time: 0.0899940 seconds
141.127: [GC [PSYoungGen: 6462K->550K(7680K)] 14642K->8731K(25088K), 0.0003840 secs] [Times: user=0.00 sys=0.00, real=0.00 secs] 
141.127: Total time for which application threads were stopped: 0.0641020 seconds, Stopping threads took: 0.0636420 seconds
141.128: Application time: 0.0007960 seconds
141.182: [GC [PSYoungGen: 7091K->1005K(7680K)] 15272K->14174K(25088K), 0.0017460 secs] [Times: user=0.01 sys=0.00, real=0.00 secs] 
141.183: [Full GC [PSYoungGen: 1005K->0K(7680K)] [ParOldGen: 13169K->7106K(17408K)] 14174K->7106K(25088K) [PSPermGen: 5139K->5139K(21504K)], 0.0048870 secs] [Times: user=0.02 sys=0.00, real=0.00 secs] 
141.188: Total time for which application threads were stopped: 0.0604450 seconds, Stopping threads took: 0.0536880 seconds
141.262: Application time: 0.0736850 seconds
141.307: [GC [PSYoungGen: 6462K->843K(7680K)] 13568K->8731K(25088K), 0.0006700 secs] [Times: user=0.00 sys=0.00, real=0.00 secs] 
141.308: Total time for which application threads were stopped: 0.0457400 seconds, Stopping threads took: 0.0449780 seconds
141.309: Application time: 0.0010310 seconds
141.367: [GC [PSYoungGen: 7499K->1005K(7680K)] 15387K->12994K(25088K), 0.0016490 secs] [Times: user=0.01 sys=0.00, real=0.00 secs] 
141.369: [Full GC [PSYoungGen: 1005K->0K(7680K)] [ParOldGen: 11989K->6227K(17408K)] 12994K->6227K(25088K) [PSPermGen: 5139K->5139K(21504K)], 0.0046680 secs] [Times: user=0.02 sys=0.00, real=0.01 secs] 
141.374: Total time for which application threads were stopped: 0.0648990 seconds, Stopping threads took: 0.0584560 seconds
141.461: Application time: 0.0876820 seconds
141.518: [GC [PSYoungGen: 6656K->973K(7680K)] 12883K->7200K(25088K), 0.0005020 secs] [Times: user=0.01 sys=0.00, real=0.00 secs] 
141.519: Total time for which application threads were stopped: 0.0571700 seconds, Stopping threads took: 0.0565970 seconds
141.520: Application time: 0.0011470 seconds
141.563: [GC [PSYoungGen: 7533K->939K(7680K)] 13761K->11659K(25088K), 0.0017400 secs] [Times: user=0.01 sys=0.00, real=0.00 secs] 
141.565: [Full GC [PSYoungGen: 939K->0K(7680K)] [ParOldGen: 10720K->6520K(17408K)] 11659K->6520K(25088K) [PSPermGen: 5139K->5139K(21504K)], 0.0046920 secs] [Times: user=0.02 sys=0.00, real=0.01 secs] 
141.570: Total time for which application threads were stopped: 0.0502110 seconds, Stopping threads took: 0.0436470 seconds
141.650: Application time: 0.0801080 seconds
141.695: [GC [PSYoungGen: 6560K->973K(7680K)] 13080K->7689K(25088K), 0.0006760 secs] [Times: user=0.00 sys=0.00, real=0.00 secs] 
141.696: Total time for which application threads were stopped: 0.0454740 seconds, Stopping threads took: 0.0446980 seconds
141.697: Application time: 0.0012050 seconds
141.735: [GC [PSYoungGen: 7629K->939K(7680K)] 14345K->13515K(25088K), 0.0021300 secs] [Times: user=0.02 sys=0.00, real=0.00 secs] 
141.737: [Full GC [PSYoungGen: 939K->0K(7680K)] [ParOldGen: 12575K->7887K(17408K)] 13515K->7887K(25088K) [PSPermGen: 5139K->5139K(21504K)], 0.0049600 secs] [Times: user=0.02 sys=0.00, real=0.01 secs] 
141.742: Total time for which application threads were stopped: 0.0455130 seconds, Stopping threads took: 0.0382900 seconds
141.822: Application time: 0.0793900 seconds
141.884: [GC [PSYoungGen: 6559K->419K(7680K)] 14447K->8307K(25088K), 0.0005500 secs] [Times: user=0.00 sys=0.00, real=0.00 secs] 
141.884: Total time for which application threads were stopped: 0.0624800 seconds, Stopping threads took: 0.0618610 seconds
141.885: Application time: 0.0008020 seconds
141.885: [GC [PSYoungGen: 6979K->1008K(7680K)] 14867K->14714K(25088K), 0.0018610 secs] [Times: user=0.02 sys=0.00, real=0.00 secs] 
141.887: [Full GC [PSYoungGen: 1008K->0K(7680K)] [ParOldGen: 13705K->8082K(17408K)] 14714K->8082K(25088K) [PSPermGen: 5139K->5139K(21504K)], 0.0048990 secs] [Times: user=0.02 sys=0.00, real=0.01 secs] 
141.892: Total time for which application threads were stopped: 0.0069630 seconds, Stopping threads took: 0.0000840 seconds
141.971: Application time: 0.0787030 seconds
142.033: [GC [PSYoungGen: 6559K->582K(7680K)] 14642K->8665K(25088K), 0.0004490 secs] [Times: user=0.00 sys=0.00, real=0.00 secs] 
142.033: [Full GC [PSYoungGen: 582K->0K(7680K)] [ParOldGen: 8082K->1928K(17408K)] 8665K->1928K(25088K) [PSPermGen: 5139K->5139K(21504K)], 0.0038130 secs] [Times: user=0.01 sys=0.00, real=0.00 secs] 
142.037: Total time for which application threads were stopped: 0.0666250 seconds, Stopping threads took: 0.0622490 seconds
142.039: Application time: 0.0013120 seconds
142.080: [GC [PSYoungGen: 6560K->1005K(7680K)] 8488K->8012K(25088K), 0.0018180 secs] [Times: user=0.02 sys=0.00, real=0.01 secs] 
142.082: Total time for which application threads were stopped: 0.0437190 seconds, Stopping threads took: 0.0418290 seconds
142.157: Application time: 0.0743830 seconds
142.202: [GC [PSYoungGen: 7448K->646K(7680K)] 14455K->7653K(25088K), 0.0005780 secs] [Times: user=0.01 sys=0.00, real=0.00 secs] 
142.203: Total time for which application threads were stopped: 0.0460020 seconds, Stopping threads took: 0.0453480 seconds
142.204: Application time: 0.0008530 seconds
142.247: [GC [PSYoungGen: 7187K->971K(7680K)] 14194K->13057K(25088K), 0.0017980 secs] [Times: user=0.01 sys=0.00, real=0.01 secs] 
142.249: [Full GC [PSYoungGen: 971K->0K(7680K)] [ParOldGen: 12085K->7106K(17408K)] 13057K->7106K(25088K) [PSPermGen: 5139K->5139K(21504K)], 0.0048540 secs] [Times: user=0.03 sys=0.00, real=0.00 secs] 
142.254: Total time for which application threads were stopped: 0.0505240 seconds, Stopping threads took: 0.0437230 seconds
142.330: Application time: 0.0761610 seconds
142.374: [GC [PSYoungGen: 6462K->550K(7680K)] 13568K->7657K(25088K), 0.0004080 secs] [Times: user=0.00 sys=0.00, real=0.00 secs] 
142.374: Total time for which application threads were stopped: 0.0439390 seconds, Stopping threads took: 0.0434620 seconds
142.375: Application time: 0.0008910 seconds
142.419: [GC [PSYoungGen: 7189K->1005K(7680K)] 14295K->13222K(25088K), 0.0016300 secs] [Times: user=0.01 sys=0.00, real=0.00 secs] 
142.421: [Full GC [PSYoungGen: 1005K->0K(7680K)] [ParOldGen: 12217K->7204K(17408K)] 13222K->7204K(25088K) [PSPermGen: 5139K->5139K(21504K)], 0.0049670 secs] [Times: user=0.02 sys=0.00, real=0.01 secs] 
142.426: Total time for which application threads were stopped: 0.0504520 seconds, Stopping threads took: 0.0437360 seconds
142.500: Application time: 0.0743500 seconds
142.544: [GC [PSYoungGen: 6364K->939K(7680K)] 13568K->8925K(25088K), 0.0006870 secs] [Times: user=0.01 sys=0.00, real=0.00 secs] 
142.545: Total time for which application threads were stopped: 0.0446930 seconds, Stopping threads took: 0.0439260 seconds
142.546: Application time: 0.0010560 seconds
142.611: [GC [PSYoungGen: 7595K->1005K(7680K)] 15581K->13092K(25088K), 0.0017140 secs] [Times: user=0.01 sys=0.00, real=0.00 secs] 
142.613: [Full GC [PSYoungGen: 1005K->0K(7680K)] [ParOldGen: 12087K->6227K(17408K)] 13092K->6227K(25088K) [PSPermGen: 5139K->5139K(21504K)], 0.0046010 secs] [Times: user=0.02 sys=0.00, real=0.00 secs] 
142.618: Total time for which application threads were stopped: 0.0719130 seconds, Stopping threads took: 0.0654680 seconds
142.703: Application time: 0.0851040 seconds
142.756: [GC [PSYoungGen: 6345K->582K(7680K)] 12573K->6810K(25088K), 0.0005690 secs] [Times: user=0.00 sys=0.00, real=0.00 secs] 
142.757: Total time for which application threads were stopped: 0.0542440 seconds, Stopping threads took: 0.0536010 seconds
142.761: Application time: 0.0043000 seconds
142.826: [GC [PSYoungGen: 7219K->841K(7680K)] 13447K->8046K(25088K), 0.0008770 secs] [Times: user=0.00 sys=0.00, real=0.00 secs] 
142.827: Total time for which application threads were stopped: 0.0660030 seconds, Stopping threads took: 0.0650590 seconds
142.828: Application time: 0.0010690 seconds
142.897: [GC [PSYoungGen: 7402K->907K(7680K)] 14606K->11237K(25088K), 0.0013280 secs] [Times: user=0.01 sys=0.00, real=0.00 secs] 
142.898: [Full GC [PSYoungGen: 907K->0K(7680K)] [ParOldGen: 10329K->5153K(17408K)] 11237K->5153K(25088K) [PSPermGen: 5139K->5139K(21504K)], 0.0043670 secs] [Times: user=0.02 sys=0.00, real=0.01 secs] 
142.903: Total time for which application threads were stopped: 0.0744590 seconds, Stopping threads took: 0.0686400 seconds
142.974: Application time: 0.0713840 seconds
142.980: [GC [PSYoungGen: 6638K->841K(7680K)] 11792K->7167K(25088K), 0.0007250 secs] [Times: user=0.01 sys=0.00, real=0.00 secs] 
142.980: Total time for which application threads were stopped: 0.0062180 seconds, Stopping threads took: 0.0054240 seconds
142.982: Application time: 0.0014170 seconds
143.052: [GC [PSYoungGen: 7480K->1005K(7680K)] 13806K->7339K(25088K), 0.0005660 secs] [Times: user=0.00 sys=0.00, real=0.00 secs] 
143.052: Total time for which application threads were stopped: 0.0706830 seconds, Stopping threads took: 0.0700510 seconds
143.054: Application time: 0.0011510 seconds
143.123: [GC [PSYoungGen: 7544K->646K(7680K)] 13877K->7371K(25088K), 0.0006920 secs] [Times: user=0.00 sys=0.00, real=0.00 secs] 
143.124: Total time for which application threads were stopped: 0.0701230 seconds, Stopping threads took: 0.0693690 seconds
143.125: Application time: 0.0008340 seconds
143.168: [GC [PSYoungGen: 7206K->1005K(7680K)] 13931K->13286K(25088K), 0.0021260 secs] [Times: user=0.01 sys=0.00, real=0.01 secs] 
143.170: [Full GC [PSYoungGen: 1005K->0K(7680K)] [ParOldGen: 12281K->7595K(17408K)] 13286K->7595K(25088K) [PSPermGen: 5139K->5139K(21504K)], 0.0048560 secs] [Times: user=0.02 sys=0.00, real=0.00 secs] 
143.175: Total time for which application threads were stopped: 0.0506550 seconds, Stopping threads took: 0.0435240 seconds
143.270: Application time: 0.0949990 seconds
143.336: [GC [PSYoungGen: 6656K->224K(7680K)] 14251K->7819K(25088K), 0.0004360 secs] [Times: user=0.00 sys=0.00, real=0.00 secs] 
143.336: Total time for which application threads were stopped: 0.0662330 seconds, Stopping threads took: 0.0657220 seconds
143.337: Application time: 0.0008580 seconds
143.337: [GC [PSYoungGen: 6784K->1006K(7680K)] 14379K->14298K(25088K), 0.0018410 secs] [Times: user=0.01 sys=0.00, real=0.00 secs] 
143.339: [Full GC [PSYoungGen: 1006K->0K(7680K)] [ParOldGen: 13291K->7888K(17408K)] 14298K->7888K(25088K) [PSPermGen: 5139K->5139K(21504K)], 0.0049790 secs] [Times: user=0.03 sys=0.00, real=0.01 secs] 
143.344: Total time for which application threads were stopped: 0.0070780 seconds, Stopping threads took: 0.0001400 seconds
143.426: Application time: 0.0820930 seconds
143.487: [GC [PSYoungGen: 6559K->451K(7680K)] 14447K->8339K(25088K), 0.0005710 secs] [Times: user=0.00 sys=0.00, real=0.00 secs] 
143.487: Total time for which application threads were stopped: 0.0608130 seconds, Stopping threads took: 0.0601760 seconds
143.488: Application time: 0.0007450 seconds
143.488: [GC [PSYoungGen: 7011K->1008K(7680K)] 14899K->14706K(25088K), 0.0020400 secs] [Times: user=0.01 sys=0.00, real=0.01 secs] 
143.490: [Full GC [PSYoungGen: 1008K->0K(7680K)] [ParOldGen: 13698K->8083K(17408K)] 14706K->8083K(25088K) [PSPermGen: 5139K->5139K(21504K)], 0.0050520 secs] [Times: user=0.02 sys=0.00, real=0.00 secs] 
143.495: Total time for which application threads were stopped: 0.0073640 seconds, Stopping threads took: 0.0001480 seconds
143.573: Application time: 0.0774160 seconds
143.636: [GC [PSYoungGen: 6637K->646K(7680K)] 14721K->8730K(25088K), 0.0006660 secs] [Times: user=0.00 sys=0.01, real=0.00 secs] 
143.637: Total time for which application threads were stopped: 0.0638860 seconds, Stopping threads took: 0.0631550 seconds
143.638: Application time: 0.0009570 seconds
143.685: [GC [PSYoungGen: 7206K->1005K(7680K)] 15290K->14199K(25088K), 0.0019110 secs] [Times: user=0.01 sys=0.00, real=0.00 secs] 
143.687: [Full GC [PSYoungGen: 1005K->0K(7680K)] [ParOldGen: 13193K->7204K(17408K)] 14199K->7204K(25088K) [PSPermGen: 5139K->5139K(21504K)], 0.0051610 secs] [Times: user=0.03 sys=0.00, real=0.01 secs] 
143.692: Total time for which application threads were stopped: 0.0543410 seconds, Stopping threads took: 0.0471490 seconds
143.765: Application time: 0.0733960 seconds
143.810: [GC [PSYoungGen: 6462K->907K(7680K)] 13666K->10065K(25088K), 0.0010690 secs] [Times: user=0.00 sys=0.00, real=0.00 secs] 
143.811: [Full GC [PSYoungGen: 907K->0K(7680K)] [ParOldGen: 9157K->3982K(17408K)] 10065K->3982K(25088K) [PSPermGen: 5139K->5139K(21504K)], 0.0041530 secs] [Times: user=0.02 sys=0.00, real=0.00 secs] 
143.815: Total time for which application threads were stopped: 0.0494360 seconds, Stopping threads took: 0.0440960 seconds
143.894: Application time: 0.0790430 seconds
143.911: [GC [PSYoungGen: 6364K->646K(7680K)] 10347K->4628K(25088K), 0.0004230 secs] [Times: user=0.00 sys=0.00, real=0.00 secs] 
143.911: Total time for which application threads were stopped: 0.0171960 seconds, Stopping threads took: 0.0167040 seconds
143.912: Application time: 0.0007520 seconds
143.954: [GC [PSYoungGen: 7187K->1006K(7680K)] 11169K->9928K(25088K), 0.0018260 secs] [Times: user=0.01 sys=0.00, real=0.00 secs] 
143.956: [Full GC [PSYoungGen: 1006K->0K(7680K)] [ParOldGen: 8921K->7107K(17408K)] 9928K->7107K(25088K) [PSPermGen: 5139K->5139K(21504K)], 0.0045050 secs] [Times: user=0.02 sys=0.00, real=0.00 secs] 
143.960: Total time for which application threads were stopped: 0.0484060 seconds, Stopping threads took: 0.0419420 seconds
144.037: Application time: 0.0762370 seconds
144.081: [GC [PSYoungGen: 6540K->614K(7680K)] 13647K->7721K(25088K), 0.0004290 secs] [Times: user=0.00 sys=0.00, real=0.00 secs] 
144.082: Total time for which application threads were stopped: 0.0452610 seconds, Stopping threads took: 0.0447650 seconds
144.083: Application time: 0.0008300 seconds
144.083: [GC [PSYoungGen: 7077K->1008K(7680K)] 14184K->14039K(25088K), 0.0020800 secs] [Times: user=0.02 sys=0.00, real=0.00 secs] 
144.085: [Full GC [PSYoungGen: 1008K->0K(7680K)] [ParOldGen: 13030K->8181K(17408K)] 14039K->8181K(25088K) [PSPermGen: 5139K->5139K(21504K)], 0.0049730 secs] [Times: user=0.02 sys=0.00, real=0.01 secs] 
144.090: Total time for which application threads were stopped: 0.0072810 seconds, Stopping threads took: 0.0001070 seconds
144.168: Application time: 0.0782990 seconds
144.232: [GC [PSYoungGen: 6462K->614K(7680K)] 14643K->8796K(25088K), 0.0003900 secs] [Times: user=0.00 sys=0.00, real=0.00 secs] 
144.232: Total time for which application threads were stopped: 0.0642060 seconds, Stopping threads took: 0.0637560 seconds
144.233: Application time: 0.0008970 seconds
144.280: [GC [PSYoungGen: 7270K->939K(7680K)] 15451K->14394K(25088K), 0.0018630 secs] [Times: user=0.01 sys=0.00, real=0.01 secs] 
144.282: [Full GC [PSYoungGen: 939K->0K(7680K)] [ParOldGen: 13455K->7302K(17408K)] 14394K->7302K(25088K) [PSPermGen: 5139K->5139K(21504K)], 0.0048300 secs] [Times: user=0.03 sys=0.00, real=0.00 secs] 
144.287: Total time for which application threads were stopped: 0.0532570 seconds, Stopping threads took: 0.0464090 seconds
144.378: Application time: 0.0918460 seconds
144.436: [GC [PSYoungGen: 6656K->646K(7680K)] 13958K->8340K(25088K), 0.0006120 secs] [Times: user=0.00 sys=0.00, real=0.00 secs] 
144.437: Total time for which application threads were stopped: 0.0584760 seconds, Stopping threads took: 0.0577890 seconds
144.438: Application time: 0.0010040 seconds
144.482: [GC [PSYoungGen: 7285K->1005K(7680K)] 14978K->14199K(25088K), 0.0019460 secs] [Times: user=0.01 sys=0.00, real=0.00 secs] 
144.484: [Full GC [PSYoungGen: 1005K->0K(7680K)] [ParOldGen: 13194K->7595K(17408K)] 14199K->7595K(25088K) [PSPermGen: 5139K->5139K(21504K)], 0.0048510 secs] [Times: user=0.02 sys=0.00, real=0.00 secs] 
144.488: Total time for which application threads were stopped: 0.0505750 seconds, Stopping threads took: 0.0436490 seconds
144.564: Application time: 0.0759800 seconds
144.628: [GC [PSYoungGen: 6656K->256K(7680K)] 14251K->7851K(25088K), 0.0003860 secs] [Times: user=0.00 sys=0.00, real=0.00 secs] 
144.629: Total time for which application threads were stopped: 0.0642380 seconds, Stopping threads took: 0.0637860 seconds
144.630: Application time: 0.0009250 seconds
144.630: [GC [PSYoungGen: 6894K->1005K(7680K)] 14489K->14371K(25088K), 0.0018490 secs] [Times: user=0.01 sys=0.00, real=0.00 secs] 
144.632: [Full GC [PSYoungGen: 1005K->0K(7680K)] [ParOldGen: 13365K->7888K(17408K)] 14371K->7888K(25088K) [PSPermGen: 5139K->5139K(21504K)], 0.0050980 secs] [Times: user=0.03 sys=0.00, real=0.00 secs] 
144.637: Total time for which application threads were stopped: 0.0072960 seconds, Stopping threads took: 0.0002240 seconds
144.714: Application time: 0.0773340 seconds
144.779: [GC [PSYoungGen: 6637K->419K(7680K)] 14526K->8307K(25088K), 0.0004500 secs] [Times: user=0.01 sys=0.00, real=0.00 secs] 
144.779: [Full GC [PSYoungGen: 419K->0K(7680K)] [ParOldGen: 7888K->1790K(17408K)] 8307K->1790K(25088K) [PSPermGen: 5139K->5139K(21504K)], 0.0036530 secs] [Times: user=0.01 sys=0.00, real=0.01 secs] 
144.783: Total time for which application threads were stopped: 0.0687210 seconds, Stopping threads took: 0.0645120 seconds
144.784: Application time: 0.0012540 seconds
144.829: [GC [PSYoungGen: 6636K->1005K(7680K)] 8426K->5334K(25088K), 0.0012200 secs] [Times: user=0.01 sys=0.00, real=0.00 secs] 
144.831: Total time for which application threads were stopped: 0.0463010 seconds, Stopping threads took: 0.0450060 seconds
144.902: Application time: 0.0713370 seconds
144.949: [GC [PSYoungGen: 7565K->582K(7680K)] 11894K->4912K(25088K), 0.0005000 secs] [Times: user=0.01 sys=0.00, real=0.00 secs] 
144.950: Total time for which application threads were stopped: 0.0478450 seconds, Stopping threads took: 0.0472770 seconds
144.951: Application time: 0.0007910 seconds
144.951: [GC [PSYoungGen: 7045K->1008K(7680K)] 11374K->11269K(25088K), 0.0019430 secs] [Times: user=0.02 sys=0.00, real=0.00 secs] 
144.953: [Full GC [PSYoungGen: 1008K->0K(7680K)] [ParOldGen: 10261K->8181K(17408K)] 11269K->8181K(25088K) [PSPermGen: 5139K->5139K(21504K)], 0.0048760 secs] [Times: user=0.02 sys=0.00, real=0.00 secs] 
144.958: Total time for which application threads were stopped: 0.0071250 seconds, Stopping threads took: 0.0001840 seconds
145.036: Application time: 0.0787910 seconds
145.098: [GC [PSYoungGen: 6540K->646K(7680K)] 14721K->8828K(25088K), 0.0006280 secs] [Times: user=0.00 sys=0.00, real=0.00 secs] 
145.099: Total time for which application threads were stopped: 0.0620760 seconds, Stopping threads took: 0.0613830 seconds
145.099: Application time: 0.0008380 seconds
145.143: [GC [PSYoungGen: 7302K->1005K(7680K)] 15484K->13296K(25088K), 0.0016150 secs] [Times: user=0.01 sys=0.00, real=0.00 secs] 
145.145: [Full GC [PSYoungGen: 1005K->0K(7680K)] [ParOldGen: 12291K->6228K(17408K)] 13296K->6228K(25088K) [PSPermGen: 5141K->5141K(21504K)], 0.0050770 secs] [Times: user=0.02 sys=0.00, real=0.01 secs] 
145.150: Total time for which application threads were stopped: 0.0505520 seconds, Stopping threads took: 0.0437090 seconds
145.240: Application time: 0.0905240 seconds
145.296: [GC [PSYoungGen: 6656K->973K(7680K)] 12884K->7202K(25088K), 0.0006490 secs] [Times: user=0.00 sys=0.00, real=0.00 secs] 
145.297: Total time for which application threads were stopped: 0.0562870 seconds, Stopping threads took: 0.0555490 seconds
145.298: Application time: 0.0009860 seconds
145.341: [GC [PSYoungGen: 7533K->1005K(7680K)] 13762K->12711K(25088K), 0.0018840 secs] [Times: user=0.01 sys=0.00, real=0.00 secs] 
145.343: [Full GC [PSYoungGen: 1005K->0K(7680K)] [ParOldGen: 11705K->7595K(17408K)] 12711K->7595K(25088K) [PSPermGen: 5141K->5141K(21504K)], 0.0048690 secs] [Times: user=0.02 sys=0.00, real=0.00 secs] 
145.348: Total time for which application threads were stopped: 0.0504480 seconds, Stopping threads took: 0.0435760 seconds
145.424: Application time: 0.0757200 seconds
145.468: [GC [PSYoungGen: 6638K->973K(7680K)] 14234K->8764K(25088K), 0.0005550 secs] [Times: user=0.01 sys=0.00, real=0.00 secs] 
145.469: Total time for which application threads were stopped: 0.0451940 seconds, Stopping threads took: 0.0445610 seconds
145.470: Application time: 0.0009990 seconds
145.510: [GC [PSYoungGen: 7533K->939K(7680K)] 15324K->14492K(25088K), 0.0020480 secs] [Times: user=0.01 sys=0.00, real=0.00 secs] 
145.512: [Full GC [PSYoungGen: 939K->0K(7680K)] [ParOldGen: 13553K->7791K(17408K)] 14492K->7791K(25088K) [PSPermGen: 5141K->5141K(21504K)], 0.0048950 secs] [Times: user=0.02 sys=0.00, real=0.00 secs] 
145.517: Total time for which application threads were stopped: 0.0467750 seconds, Stopping threads took: 0.0397110 seconds
145.609: Application time: 0.0922660 seconds
145.669: [GC [PSYoungGen: 6462K->224K(7680K)] 14253K->8015K(25088K), 0.0004430 secs] [Times: user=0.00 sys=0.00, real=0.00 secs] 
145.669: Total time for which application threads were stopped: 0.0598870 seconds, Stopping threads took: 0.0593790 seconds
145.670: Application time: 0.0008250 seconds
145.670: [GC [PSYoungGen: 6862K->1005K(7680K)] 14653K->14558K(25088K), 0.0019190 secs] [Times: user=0.02 sys=0.00, real=0.00 secs] 
145.672: [Full GC [PSYoungGen: 1005K->0K(7680K)] [ParOldGen: 13553K->7888K(17408K)] 14558K->7888K(25088K) [PSPermGen: 5141K->5141K(21504K)], 0.0050980 secs] [Times: user=0.02 sys=0.00, real=0.00 secs] 
145.677: Total time for which application threads were stopped: 0.0072920 seconds, Stopping threads took: 0.0001550 seconds
145.754: Application time: 0.0764900 seconds
145.815: [GC [PSYoungGen: 6559K->419K(7680K)] 14448K->8308K(25088K), 0.0004410 secs] [Times: user=0.00 sys=0.00, real=0.00 secs] 
145.817: [Full GC [PSYoungGen: 419K->0K(7680K)] [ParOldGen: 7888K->1761K(17408K)] 8308K->1761K(25088K) [PSPermGen: 5141K->5141K(21504K)], 0.0039500 secs] [Times: user=0.01 sys=0.00, real=0.00 secs] 
145.821: Total time for which application threads were stopped: 0.0674050 seconds, Stopping threads took: 0.0618120 seconds
145.822: Application time: 0.0012860 seconds
145.866: [GC [PSYoungGen: 6638K->1005K(7680K)] 8400K->7682K(25088K), 0.0017710 secs] [Times: user=0.01 sys=0.00, real=0.00 secs] 
145.868: Total time for which application threads were stopped: 0.0454150 seconds, Stopping threads took: 0.0435670 seconds
145.941: Application time: 0.0737730 seconds
145.986: [GC [PSYoungGen: 7565K->646K(7680K)] 14242K->7323K(25088K), 0.0004540 secs] [Times: user=0.00 sys=0.00, real=0.00 secs] 
145.987: Total time for which application threads were stopped: 0.0454720 seconds, Stopping threads took: 0.0449420 seconds
145.988: Application time: 0.0007920 seconds
146.031: [GC [PSYoungGen: 7302K->939K(7680K)] 13979K->12890K(25088K), 0.0019200 secs] [Times: user=0.01 sys=0.00, real=0.00 secs] 
146.033: [Full GC [PSYoungGen: 939K->0K(7680K)] [ParOldGen: 11950K->7303K(17408K)] 12890K->7303K(25088K) [PSPermGen: 5141K->5141K(21504K)], 0.0047650 secs] [Times: user=0.02 sys=0.00, real=0.00 secs] 
146.038: Total time for which application threads were stopped: 0.0504150 seconds, Stopping threads took: 0.0436020 seconds
146.110: Application time: 0.0720900 seconds
146.157: [GC [PSYoungGen: 6656K->939K(7680K)] 13959K->9414K(25088K), 0.0007410 secs] [Times: user=0.01 sys=0.00, real=0.00 secs] 
146.157: [Full GC [PSYoungGen: 939K->0K(7680K)] [ParOldGen: 8475K->3201K(17408K)] 9414K->3201K(25088K) [PSPermGen: 5141K->5141K(21504K)], 0.0040770 secs] [Times: user=0.02 sys=0.00, real=0.01 secs] 
146.161: Total time for which application threads were stopped: 0.0512150 seconds, Stopping threads took: 0.0462840 seconds
146.163: Application time: 0.0017970 seconds
146.234: [GC [PSYoungGen: 6540K->1005K(7680K)] 9742K->4207K(25088K), 0.0005140 secs] [Times: user=0.01 sys=0.00, real=0.00 secs] 
146.235: Total time for which application threads were stopped: 0.0716580 seconds, Stopping threads took: 0.0710770 seconds
146.236: Application time: 0.0008980 seconds
146.279: [GC [PSYoungGen: 7565K->1005K(7680K)] 10767K->9684K(25088K), 0.0019600 secs] [Times: user=0.01 sys=0.00, real=0.01 secs] 
146.281: [Full GC [PSYoungGen: 1005K->0K(7680K)] [ParOldGen: 8678K->7596K(17408K)] 9684K->7596K(25088K) [PSPermGen: 5141K->5141K(21504K)], 0.0046030 secs] [Times: user=0.02 sys=0.00, real=0.00 secs] 
146.286: Total time for which application threads were stopped: 0.0502220 seconds, Stopping threads took: 0.0435320 seconds
146.363: Application time: 0.0771760 seconds
146.427: [GC [PSYoungGen: 6656K->192K(7680K)] 14252K->7788K(25088K), 0.0003990 secs] [Times: user=0.01 sys=0.00, real=0.00 secs] 
146.428: Total time for which application threads were stopped: 0.0643150 seconds, Stopping threads took: 0.0638450 seconds
146.429: Application time: 0.0009400 seconds
146.429: [GC [PSYoungGen: 6811K->1005K(7680K)] 14407K->14326K(25088K), 0.0017560 secs] [Times: user=0.01 sys=0.00, real=0.01 secs] 
146.430: [Full GC [PSYoungGen: 1005K->0K(7680K)] [ParOldGen: 13320K->7791K(17408K)] 14326K->7791K(25088K) [PSPermGen: 5141K->5141K(21504K)], 0.0052860 secs] [Times: user=0.03 sys=0.00, real=0.00 secs] 
146.436: Total time for which application threads were stopped: 0.0073090 seconds, Stopping threads took: 0.0001500 seconds
146.512: Application time: 0.0764710 seconds
146.575: [GC [PSYoungGen: 6656K->451K(7680K)] 14447K->8242K(25088K), 0.0004090 secs] [Times: user=0.01 sys=0.00, real=0.00 secs] 
146.575: [Full GC [PSYoungGen: 451K->0K(7680K)] [ParOldGen: 7791K->1790K(17408K)] 8242K->1790K(25088K) [PSPermGen: 5141K->5141K(21504K)], 0.0037500 secs] [Times: user=0.01 sys=0.00, real=0.00 secs] 
146.579: Total time for which application threads were stopped: 0.0666980 seconds, Stopping threads took: 0.0624250 seconds
146.580: Application time: 0.0011830 seconds
146.624: [GC [PSYoungGen: 6638K->1005K(7680K)] 8428K->7686K(25088K), 0.0019410 secs] [Times: user=0.02 sys=0.00, real=0.00 secs] 
146.626: Total time for which application threads were stopped: 0.0462550 seconds, Stopping threads took: 0.0442290 seconds
146.701: Application time: 0.0744820 seconds
146.746: [GC [PSYoungGen: 7565K->646K(7680K)] 14246K->7327K(25088K), 0.0004520 secs] [Times: user=0.00 sys=0.00, real=0.00 secs] 
146.747: Total time for which application threads were stopped: 0.0456540 seconds, Stopping threads took: 0.0451300 seconds
146.747: Application time: 0.0008830 seconds
146.797: [GC [PSYoungGen: 7285K->1005K(7680K)] 13966K->12825K(25088K), 0.0019090 secs] [Times: user=0.01 sys=0.00, real=0.00 secs] 
146.799: [Full GC [PSYoungGen: 1005K->0K(7680K)] [ParOldGen: 11819K->7205K(17408K)] 12825K->7205K(25088K) [PSPermGen: 5141K->5141K(21504K)], 0.0047570 secs] [Times: user=0.02 sys=0.00, real=0.01 secs] 
146.803: Total time for which application threads were stopped: 0.0558950 seconds, Stopping threads took: 0.0490990 seconds
146.890: Application time: 0.0865710 seconds
146.950: [GC [PSYoungGen: 6364K->582K(7680K)] 13570K->7788K(25088K), 0.0005980 secs] [Times: user=0.00 sys=0.00, real=0.00 secs] 
146.951: Total time for which application threads were stopped: 0.0608190 seconds, Stopping threads took: 0.0601510 seconds
146.952: Application time: 0.0008600 seconds
146.995: [GC [PSYoungGen: 7142K->1005K(7680K)] 14348K->13297K(25088K), 0.0019020 secs] [Times: user=0.01 sys=0.00, real=0.00 secs] 
146.997: [Full GC [PSYoungGen: 1005K->0K(7680K)] [ParOldGen: 12292K->7205K(17408K)] 13297K->7205K(25088K) [PSPermGen: 5141K->5141K(21504K)], 0.0047270 secs] [Times: user=0.03 sys=0.00, real=0.01 secs] 
147.002: Total time for which application threads were stopped: 0.0505630 seconds, Stopping threads took: 0.0437860 seconds
147.075: Application time: 0.0731480 seconds
147.120: [GC [PSYoungGen: 6364K->842K(7680K)] 13570K->10000K(25088K), 0.0009490 secs] [Times: user=0.00 sys=0.00, real=0.00 secs] 
147.121: [Full GC [PSYoungGen: 842K->0K(7680K)] [ParOldGen: 9158K->3885K(17408K)] 10000K->3885K(25088K) [PSPermGen: 5141K->5141K(21504K)], 0.0041720 secs] [Times: user=0.02 sys=0.00, real=0.01 secs] 
147.125: Total time for which application threads were stopped: 0.0496980 seconds, Stopping threads took: 0.0444520 seconds
147.207: Application time: 0.0821590 seconds
147.219: [GC [PSYoungGen: 6462K->614K(7680K)] 10348K->4500K(25088K), 0.0004490 secs] [Times: user=0.00 sys=0.00, real=0.00 secs] 
147.219: Total time for which application threads were stopped: 0.0118700 seconds, Stopping threads took: 0.0113560 seconds
147.220: Application time: 0.0008920 seconds
147.272: [GC [PSYoungGen: 7270K->939K(7680K)] 11156K->10099K(25088K), 0.0021430 secs] [Times: user=0.01 sys=0.00, real=0.00 secs] 
147.274: [Full GC [PSYoungGen: 939K->0K(7680K)] [ParOldGen: 9159K->7303K(17408K)] 10099K->7303K(25088K) [PSPermGen: 5141K->5141K(21504K)], 0.0047240 secs] [Times: user=0.02 sys=0.00, real=0.00 secs] 
147.279: Total time for which application threads were stopped: 0.0589980 seconds, Stopping threads took: 0.0519820 seconds
147.355: Application time: 0.0760970 seconds
147.399: [GC [PSYoungGen: 6345K->614K(7680K)] 13648K->7918K(25088K), 0.0004680 secs] [Times: user=0.00 sys=0.00, real=0.00 secs] 
147.399: Total time for which application threads were stopped: 0.0444090 seconds, Stopping threads took: 0.0438710 seconds
147.400: Application time: 0.0009170 seconds
147.444: [GC [PSYoungGen: 7077K->1008K(7680K)] 14380K->13177K(25088K), 0.0019100 secs] [Times: user=0.02 sys=0.00, real=0.00 secs] 
147.446: [Full GC [PSYoungGen: 1008K->0K(7680K)] [ParOldGen: 12169K->7108K(17408K)] 13177K->7108K(25088K) [PSPermGen: 5141K->5141K(21504K)], 0.0049330 secs] [Times: user=0.02 sys=0.00, real=0.01 secs] 
147.451: Total time for which application threads were stopped: 0.0507780 seconds, Stopping threads took: 0.0437890 seconds
147.525: Application time: 0.0740320 seconds
147.570: [GC [PSYoungGen: 6462K->614K(7680K)] 13570K->7722K(25088K), 0.0006880 secs] [Times: user=0.01 sys=0.00, real=0.00 secs] 
147.571: Total time for which application threads were stopped: 0.0458590 seconds, Stopping threads took: 0.0451060 seconds
147.572: Application time: 0.0008960 seconds
147.616: [GC [PSYoungGen: 7270K->1005K(7680K)] 14378K->13297K(25088K), 0.0020150 secs] [Times: user=0.02 sys=0.00, real=0.00 secs] 
147.618: [Full GC [PSYoungGen: 1005K->0K(7680K)] [ParOldGen: 12292K->7303K(17408K)] 13297K->7303K(25088K) [PSPermGen: 5141K->5141K(21504K)], 0.0048800 secs] [Times: user=0.02 sys=0.00, real=0.01 secs] 
147.623: Total time for which application threads were stopped: 0.0506990 seconds, Stopping threads took: 0.0436470 seconds
147.706: Application time: 0.0834070 seconds
147.762: [GC [PSYoungGen: 6637K->1005K(7680K)] 13941K->9293K(25088K), 0.0007930 secs] [Times: user=0.00 sys=0.00, real=0.00 secs] 
147.763: Total time for which application threads were stopped: 0.0569280 seconds, Stopping threads took: 0.0560350 seconds
147.764: Application time: 0.0012060 seconds
147.833: [GC [PSYoungGen: 7565K->939K(7680K)] 15853K->12548K(25088K), 0.0014280 secs] [Times: user=0.01 sys=0.00, real=0.00 secs] 
147.835: [Full GC [PSYoungGen: 939K->0K(7680K)] [ParOldGen: 11608K->5350K(17408K)] 12548K->5350K(25088K) [PSPermGen: 5141K->5141K(21504K)], 0.0045310 secs] [Times: user=0.02 sys=0.00, real=0.00 secs] 
147.839: Total time for which application threads were stopped: 0.0751440 seconds, Stopping threads took: 0.0690610 seconds
147.914: Application time: 0.0747940 seconds
147.964: [GC [PSYoungGen: 6540K->646K(7680K)] 11891K->6387K(25088K), 0.0004920 secs] [Times: user=0.01 sys=0.00, real=0.00 secs] 
147.964: Total time for which application threads were stopped: 0.0499400 seconds, Stopping threads took: 0.0493830 seconds
147.965: Application time: 0.0008830 seconds
148.015: [GC [PSYoungGen: 7204K->1005K(7680K)] 12946K->11857K(25088K), 0.0019480 secs] [Times: user=0.01 sys=0.00, real=0.00 secs] 
148.017: [Full GC [PSYoungGen: 1005K->0K(7680K)] [ParOldGen: 10851K->7596K(17408K)] 11857K->7596K(25088K) [PSPermGen: 5141K->5141K(21504K)], 0.0046740 secs] [Times: user=0.02 sys=0.00, real=0.01 secs] 
148.022: Total time for which application threads were stopped: 0.0566730 seconds, Stopping threads took: 0.0499170 seconds
148.100: Application time: 0.0783850 seconds
148.145: [GC [PSYoungGen: 6637K->841K(7680K)] 14234K->8829K(25088K), 0.0006500 secs] [Times: user=0.00 sys=0.00, real=0.00 secs] 
148.146: Total time for which application threads were stopped: 0.0458890 seconds, Stopping threads took: 0.0451670 seconds
148.147: Application time: 0.0009360 seconds
148.191: [GC [PSYoungGen: 7478K->1005K(7680K)] 15465K->14701K(25088K), 0.0020680 secs] [Times: user=0.02 sys=0.00, real=0.00 secs] 
148.193: [Full GC [PSYoungGen: 1005K->0K(7680K)] [ParOldGen: 13695K->7792K(17408K)] 14701K->7792K(25088K) [PSPermGen: 5141K->5141K(21504K)], 0.0049090 secs] [Times: user=0.02 sys=0.00, real=0.00 secs] 
148.198: Total time for which application threads were stopped: 0.0507160 seconds, Stopping threads took: 0.0436130 seconds
148.296: Application time: 0.0984900 seconds
148.356: [GC [PSYoungGen: 6656K->451K(7680K)] 14448K->8243K(25088K), 0.0003670 secs] [Times: user=0.00 sys=0.00, real=0.00 secs] 
148.356: Total time for which application threads were stopped: 0.0602800 seconds, Stopping threads took: 0.0598420 seconds
148.357: Application time: 0.0008790 seconds
148.400: [GC [PSYoungGen: 7089K->1005K(7680K)] 14881K->13712K(25088K), 0.0016740 secs] [Times: user=0.01 sys=0.00, real=0.01 secs] 
148.402: [Full GC [PSYoungGen: 1005K->0K(7680K)] [ParOldGen: 12707K->7010K(17408K)] 13712K->7010K(25088K) [PSPermGen: 5141K->5141K(21504K)], 0.0048630 secs] [Times: user=0.02 sys=0.00, real=0.00 secs] 
148.407: Total time for which application threads were stopped: 0.0493220 seconds, Stopping threads took: 0.0426680 seconds
148.479: Application time: 0.0728660 seconds
148.524: [GC [PSYoungGen: 6266K->1005K(7680K)] 13277K->8406K(25088K), 0.0006140 secs] [Times: user=0.00 sys=0.00, real=0.00 secs] 
148.525: Total time for which application threads were stopped: 0.0454430 seconds, Stopping threads took: 0.0447620 seconds
148.526: Application time: 0.0009810 seconds
148.570: [GC [PSYoungGen: 7565K->1005K(7680K)] 14966K->13200K(25088K), 0.0018150 secs] [Times: user=0.02 sys=0.00, real=0.00 secs] 
148.571: [Full GC [PSYoungGen: 1005K->0K(7680K)] [ParOldGen: 12194K->6913K(17408K)] 13200K->6913K(25088K) [PSPermGen: 5141K->5141K(21504K)], 0.0047040 secs] [Times: user=0.02 sys=0.00, real=0.00 secs] 
148.576: Total time for which application threads were stopped: 0.0502580 seconds, Stopping threads took: 0.0436140 seconds
148.656: Application time: 0.0797680 seconds
148.711: [GC [PSYoungGen: 6364K->841K(7680K)] 13277K->8341K(25088K), 0.0006520 secs] [Times: user=0.00 sys=0.00, real=0.00 secs] 
148.711: Total time for which application threads were stopped: 0.0555500 seconds, Stopping threads took: 0.0548250 seconds
148.712: Application time: 0.0009880 seconds
148.767: [GC [PSYoungGen: 7402K->939K(7680K)] 14901K->13322K(25088K), 0.0018090 secs] [Times: user=0.01 sys=0.00, real=0.00 secs] 
148.768: [Full GC [PSYoungGen: 939K->0K(7680K)] [ParOldGen: 12382K->6913K(17408K)] 13322K->6913K(25088K) [PSPermGen: 5141K->5141K(21504K)], 0.0046850 secs] [Times: user=0.02 sys=0.00, real=0.01 secs] 
148.773: Total time for which application threads were stopped: 0.0607800 seconds, Stopping threads took: 0.0541540 seconds
148.845: Application time: 0.0722960 seconds
148.892: [GC [PSYoungGen: 6442K->875K(7680K)] 13356K->9351K(25088K), 0.0008620 secs] [Times: user=0.00 sys=0.00, real=0.00 secs] 
148.893: Total time for which application threads were stopped: 0.0470970 seconds, Stopping threads took: 0.0461570 seconds
148.965: Application time: 0.0720720 seconds
148.972: [GC [PSYoungGen: 7514K->451K(7680K)] 15989K->8927K(25088K), 0.0003840 secs] [Times: user=0.00 sys=0.00, real=0.00 secs] 
148.973: Total time for which application threads were stopped: 0.0079390 seconds, Stopping threads took: 0.0074920 seconds
148.973: Application time: 0.0007800 seconds
149.024: [GC [PSYoungGen: 7107K->1005K(7680K)] 15583K->14506K(25088K), 0.0018540 secs] [Times: user=0.02 sys=0.00, real=0.00 secs] 
149.026: [Full GC [PSYoungGen: 1005K->0K(7680K)] [ParOldGen: 13500K->7108K(17408K)] 14506K->7108K(25088K) [PSPermGen: 5141K->5141K(21504K)], 0.0050810 secs] [Times: user=0.02 sys=0.00, real=0.01 secs] 
149.031: Total time for which application threads were stopped: 0.0573170 seconds, Stopping threads took: 0.0502570 seconds
149.105: Application time: 0.0744340 seconds
149.150: [GC [PSYoungGen: 6462K->614K(7680K)] 13571K->7723K(25088K), 0.0003980 secs] [Times: user=0.01 sys=0.00, real=0.00 secs] 
149.150: Total time for which application threads were stopped: 0.0447920 seconds, Stopping threads took: 0.0443330 seconds
149.151: Application time: 0.0008500 seconds
149.193: [GC [PSYoungGen: 7155K->1005K(7680K)] 14264K->13126K(25088K), 0.0018490 secs] [Times: user=0.01 sys=0.00, real=0.00 secs] 
149.195: [Full GC [PSYoungGen: 1005K->0K(7680K)] [ParOldGen: 12121K->7108K(17408K)] 13126K->7108K(25088K) [PSPermGen: 5141K->5141K(21504K)], 0.0047840 secs] [Times: user=0.02 sys=0.00, real=0.00 secs] 
149.200: Total time for which application threads were stopped: 0.0492340 seconds, Stopping threads took: 0.0424710 seconds
149.274: Application time: 0.0744570 seconds
149.319: [GC [PSYoungGen: 6462K->582K(7680K)] 13570K->7691K(25088K), 0.0004040 secs] [Times: user=0.00 sys=0.00, real=0.00 secs] 
149.320: Total time for which application threads were stopped: 0.0450370 seconds, Stopping threads took: 0.0445730 seconds
149.320: Application time: 0.0008630 seconds
149.369: [GC [PSYoungGen: 7238K->1005K(7680K)] 14347K->12223K(25088K), 0.0015900 secs] [Times: user=0.01 sys=0.00, real=0.01 secs] 
149.371: [Full GC [PSYoungGen: 1005K->0K(7680K)] [ParOldGen: 11218K->6230K(17408K)] 12223K->6230K(25088K) [PSPermGen: 5141K->5141K(21504K)], 0.0045380 secs] [Times: user=0.02 sys=0.00, real=0.00 secs] 
149.375: Total time for which application threads were stopped: 0.0547170 seconds, Stopping threads took: 0.0484380 seconds
149.459: Application time: 0.0833830 seconds
149.513: [GC [PSYoungGen: 6656K->1005K(7680K)] 12886K->7235K(25088K), 0.0004950 secs] [Times: user=0.00 sys=0.00, real=0.00 secs] 
149.514: Total time for which application threads were stopped: 0.0554970 seconds, Stopping threads took: 0.0549150 seconds
149.515: Application time: 0.0009370 seconds
149.564: [GC [PSYoungGen: 7661K->939K(7680K)] 13891K->12834K(25088K), 0.0020040 secs] [Times: user=0.02 sys=0.00, real=0.00 secs] 
149.566: [Full GC [PSYoungGen: 939K->0K(7680K)] [ParOldGen: 11894K->7694K(17408K)] 12834K->7694K(25088K) [PSPermGen: 5141K->5141K(21504K)], 0.0051230 secs] [Times: user=0.02 sys=0.00, real=0.01 secs] 
149.572: Total time for which application threads were stopped: 0.0566420 seconds, Stopping threads took: 0.0493860 seconds
149.649: Application time: 0.0774240 seconds
149.712: [GC [PSYoungGen: 6638K->192K(7680K)] 14332K->7886K(25088K), 0.0004130 secs] [Times: user=0.00 sys=0.00, real=0.00 secs] 
149.712: Total time for which application threads were stopped: 0.0630100 seconds, Stopping threads took: 0.0625310 seconds
149.713: Application time: 0.0008990 seconds
149.713: [GC [PSYoungGen: 6830K->971K(7680K)] 14525K->14526K(25088K), 0.0018350 secs] [Times: user=0.01 sys=0.00, real=0.00 secs] 
149.715: [Full GC [PSYoungGen: 971K->0K(7680K)] [ParOldGen: 13554K->7890K(17408K)] 14526K->7890K(25088K) [PSPermGen: 5141K->5141K(21504K)], 0.0050780 secs] [Times: user=0.02 sys=0.00, real=0.00 secs] 
149.720: Total time for which application threads were stopped: 0.0072630 seconds, Stopping threads took: 0.0002200 seconds
149.799: Application time: 0.0792480 seconds
149.863: [GC [PSYoungGen: 6559K->451K(7680K)] 14449K->8341K(25088K), 0.0005470 secs] [Times: user=0.00 sys=0.00, real=0.00 secs] 
149.864: Total time for which application threads were stopped: 0.0645570 seconds, Stopping threads took: 0.0639470 seconds
149.865: Application time: 0.0008260 seconds
149.904: [GC [PSYoungGen: 7070K->1006K(7680K)] 14960K->13653K(25088K), 0.0017490 secs] [Times: user=0.02 sys=0.00, real=0.00 secs] 
149.906: [Full GC [PSYoungGen: 1006K->0K(7680K)] [ParOldGen: 12646K->6913K(17408K)] 13653K->6913K(25088K) [PSPermGen: 5141K->5141K(21504K)], 0.0050090 secs] [Times: user=0.02 sys=0.00, real=0.01 secs] 
149.911: Total time for which application threads were stopped: 0.0463840 seconds, Stopping threads took: 0.0395060 seconds
149.987: Application time: 0.0758110 seconds
150.030: [GC [PSYoungGen: 6656K->614K(7680K)] 13569K->7528K(25088K), 0.0004160 secs] [Times: user=0.00 sys=0.00, real=0.00 secs] 
150.031: Total time for which application threads were stopped: 0.0435090 seconds, Stopping threads took: 0.0430230 seconds
150.031: Application time: 0.0008940 seconds
150.084: [GC [PSYoungGen: 7174K->1005K(7680K)] 14088K->13005K(25088K), 0.0018780 secs] [Times: user=0.01 sys=0.00, real=0.00 secs] 
150.086: [Full GC [PSYoungGen: 1005K->0K(7680K)] [ParOldGen: 12000K->7206K(17408K)] 13005K->7206K(25088K) [PSPermGen: 5141K->5141K(21504K)], 0.0047850 secs] [Times: user=0.02 sys=0.00, real=0.01 secs] 
150.091: Total time for which application threads were stopped: 0.0592300 seconds, Stopping threads took: 0.0524410 seconds
150.167: Application time: 0.0758880 seconds
150.217: [GC [PSYoungGen: 6364K->582K(7680K)] 13571K->7789K(25088K), 0.0004630 secs] [Times: user=0.00 sys=0.00, real=0.00 secs] 
150.218: Total time for which application threads were stopped: 0.0513550 seconds, Stopping threads took: 0.0508210 seconds
150.219: Application time: 0.0008070 seconds
150.262: [GC [PSYoungGen: 7142K->1005K(7680K)] 14349K->13298K(25088K), 0.0019500 secs] [Times: user=0.01 sys=0.01, real=0.00 secs] 
150.264: [Full GC [PSYoungGen: 1005K->0K(7680K)] [ParOldGen: 12293K->7206K(17408K)] 13298K->7206K(25088K) [PSPermGen: 5141K->5141K(21504K)], 0.0050290 secs] [Times: user=0.03 sys=0.00, real=0.00 secs] 
150.269: Total time for which application threads were stopped: 0.0502850 seconds, Stopping threads took: 0.0431600 seconds
150.342: Application time: 0.0734830 seconds
150.388: [GC [PSYoungGen: 6364K->875K(7680K)] 13571K->8863K(25088K), 0.0007490 secs] [Times: user=0.00 sys=0.00, real=0.00 secs] 
150.389: Total time for which application threads were stopped: 0.0461600 seconds, Stopping threads took: 0.0453400 seconds
150.390: Application time: 0.0011570 seconds
150.445: [GC [PSYoungGen: 7531K->907K(7680K)] 15519K->14169K(25088K), 0.0019380 secs] [Times: user=0.02 sys=0.00, real=0.00 secs] 
150.447: [Full GC [PSYoungGen: 907K->0K(7680K)] [ParOldGen: 13261K->7304K(17408K)] 14169K->7304K(25088K) [PSPermGen: 5141K->5141K(21504K)], 0.0050720 secs] [Times: user=0.02 sys=0.00, real=0.01 secs] 
150.452: Total time for which application threads were stopped: 0.0619780 seconds, Stopping threads took: 0.0548400 seconds
150.526: Application time: 0.0745110 seconds
150.572: [GC [PSYoungGen: 6638K->1005K(7680K)] 13942K->9294K(25088K), 0.0008650 secs] [Times: user=0.01 sys=0.00, real=0.00 secs] 
150.573: Total time for which application threads were stopped: 0.0463910 seconds, Stopping threads took: 0.0454450 seconds
150.578: Application time: 0.0051220 seconds
150.646: [GC [PSYoungGen: 7643K->1005K(7680K)] 15932K->9294K(25088K), 0.0007230 secs] [Times: user=0.01 sys=0.00, real=0.00 secs] 
150.646: Total time for which application threads were stopped: 0.0685200 seconds, Stopping threads took: 0.0677000 seconds
150.647: Application time: 0.0009880 seconds
150.691: [GC [PSYoungGen: 7643K->1005K(7680K)] 15932K->14831K(25088K), 0.0019880 secs] [Times: user=0.01 sys=0.00, real=0.00 secs] 
150.693: [Full GC [PSYoungGen: 1005K->0K(7680K)] [ParOldGen: 13826K->7597K(17408K)] 14831K->7597K(25088K) [PSPermGen: 5141K->5141K(21504K)], 0.0050610 secs] [Times: user=0.03 sys=0.00, real=0.00 secs] 
150.698: Total time for which application threads were stopped: 0.0508080 seconds, Stopping threads took: 0.0436190 seconds
150.773: Application time: 0.0744700 seconds
150.818: [GC [PSYoungGen: 6559K->841K(7680K)] 14157K->8830K(25088K), 0.0006120 secs] [Times: user=0.01 sys=0.00, real=0.00 secs] 
150.819: Total time for which application threads were stopped: 0.0467000 seconds, Stopping threads took: 0.0451250 seconds
150.821: Application time: 0.0014740 seconds
150.891: [GC [PSYoungGen: 7402K->160K(7680K)] 15390K->8148K(25088K), 0.0005170 secs] [Times: user=0.00 sys=0.00, real=0.00 secs] 
150.892: Total time for which application threads were stopped: 0.0708290 seconds, Stopping threads took: 0.0702400 seconds
150.892: Application time: 0.0006710 seconds
150.945: [GC [PSYoungGen: 6796K->1005K(7680K)] 14784K->13681K(25088K), 0.0015730 secs] [Times: user=0.01 sys=0.00, real=0.00 secs] 
150.946: [Full GC [PSYoungGen: 1005K->0K(7680K)] [ParOldGen: 12675K->6816K(17408K)] 13681K->6816K(25088K) [PSPermGen: 5141K->5141K(21504K)], 0.0048620 secs] [Times: user=0.02 sys=0.00, real=0.01 secs] 
150.951: Total time for which application threads were stopped: 0.0587440 seconds, Stopping threads took: 0.0521760 seconds
151.029: Application time: 0.0778360 seconds
151.075: [GC [PSYoungGen: 6559K->875K(7680K)] 13376K->8278K(25088K), 0.0006490 secs] [Times: user=0.01 sys=0.00, real=0.00 secs] 
151.075: Total time for which application threads were stopped: 0.0464450 seconds, Stopping threads took: 0.0457230 seconds
151.081: Application time: 0.0061200 seconds
151.146: [GC [PSYoungGen: 7240K->973K(7680K)] 14642K->8766K(25088K), 0.0007760 secs] [Times: user=0.00 sys=0.00, real=0.00 secs] 
151.146: Total time for which application threads were stopped: 0.0649700 seconds, Stopping threads took: 0.0641070 seconds
151.147: Application time: 0.0006900 seconds
151.147: [GC [PSYoungGen: 7533K->1006K(7680K)] 15326K->15277K(25088K), 0.0019620 secs] [Times: user=0.01 sys=0.01, real=0.01 secs] 
151.149: [Full GC [PSYoungGen: 1006K->0K(7680K)] [ParOldGen: 14270K->9062K(17408K)] 15277K->9062K(25088K) [PSPermGen: 5141K->5141K(21504K)], 0.0055000 secs] [Times: user=0.03 sys=0.00, real=0.00 secs] 
151.155: Total time for which application threads were stopped: 0.0077730 seconds, Stopping threads took: 0.0001880 seconds
151.251: Application time: 0.0958340 seconds
151.310: [GC [PSYoungGen: 6656K->550K(7680K)] 15718K->9613K(25088K), 0.0004350 secs] [Times: user=0.00 sys=0.00, real=0.00 secs] 
151.310: [Full GC [PSYoungGen: 550K->0K(7680K)] [ParOldGen: 9062K->1928K(17408K)] 9613K->1928K(25088K) [PSPermGen: 5141K->5141K(21504K)], 0.0039060 secs] [Times: user=0.01 sys=0.01, real=0.00 secs] 
151.314: Total time for which application threads were stopped: 0.0631680 seconds, Stopping threads took: 0.0587190 seconds
151.315: Application time: 0.0010730 seconds
151.315: [GC [PSYoungGen: 6462K->1006K(7680K)] 8391K->8534K(25088K), 0.0019440 secs] [Times: user=0.01 sys=0.00, real=0.00 secs] 
151.317: Total time for which application threads were stopped: 0.0021560 seconds, Stopping threads took: 0.0001260 seconds
151.394: Application time: 0.0763810 seconds
151.453: [GC [PSYoungGen: 7566K->1005K(7680K)] 15094K->9322K(25088K), 0.0007690 secs] [Times: user=0.00 sys=0.00, real=0.00 secs] 
151.454: [Full GC [PSYoungGen: 1005K->0K(7680K)] [ParOldGen: 8316K->3100K(17408K)] 9322K->3100K(25088K) [PSPermGen: 5141K->5141K(21504K)], 0.0039830 secs] [Times: user=0.02 sys=0.00, real=0.00 secs] 
151.458: Total time for which application threads were stopped: 0.0644690 seconds, Stopping threads took: 0.0595940 seconds
151.460: Application time: 0.0015570 seconds
151.520: [GC [PSYoungGen: 6619K->1005K(7680K)] 9719K->8117K(25088K), 0.0016110 secs] [Times: user=0.02 sys=0.00, real=0.01 secs] 
151.521: Total time for which application threads were stopped: 0.0619100 seconds, Stopping threads took: 0.0602060 seconds
151.596: Application time: 0.0741180 seconds
151.641: [GC [PSYoungGen: 7448K->614K(7680K)] 14560K->7727K(25088K), 0.0005070 secs] [Times: user=0.00 sys=0.00, real=0.01 secs] 
151.641: Total time for which application threads were stopped: 0.0457390 seconds, Stopping threads took: 0.0451470 seconds
151.642: Application time: 0.0009530 seconds
151.643: [GC [PSYoungGen: 7077K->1006K(7680K)] 14189K->14157K(25088K), 0.0018180 secs] [Times: user=0.02 sys=0.00, real=0.00 secs] 
151.644: [Full GC [PSYoungGen: 1006K->0K(7680K)] [ParOldGen: 13150K->8183K(17408K)] 14157K->8183K(25088K) [PSPermGen: 5141K->5141K(21504K)], 0.0053570 secs] [Times: user=0.02 sys=0.00, real=0.01 secs] 
151.650: Total time for which application threads were stopped: 0.0075030 seconds, Stopping threads took: 0.0002160 seconds
151.736: Application time: 0.0859250 seconds
151.802: [GC [PSYoungGen: 6462K->550K(7680K)] 14645K->8734K(25088K), 0.0003710 secs] [Times: user=0.01 sys=0.00, real=0.00 secs] 
151.802: [Full GC [PSYoungGen: 550K->0K(7680K)] [ParOldGen: 8183K->2013K(17408K)] 8734K->2013K(25088K) [PSPermGen: 5141K->5141K(21504K)], 0.0039750 secs] [Times: user=0.01 sys=0.00, real=0.00 secs] 
151.806: Total time for which application threads were stopped: 0.0706480 seconds, Stopping threads took: 0.0661650 seconds
151.807: Application time: 0.0010540 seconds
151.808: [GC [PSYoungGen: 6462K->1006K(7680K)] 8475K->8619K(25088K), 0.0019640 secs] [Times: user=0.01 sys=0.01, real=0.01 secs] 
151.810: [Full GC [PSYoungGen: 1006K->0K(7680K)] [ParOldGen: 7612K->8183K(17408K)] 8619K->8183K(25088K) [PSPermGen: 5141K->5141K(21504K)], 0.0049380 secs] [Times: user=0.02 sys=0.00, real=0.00 secs] 
151.815: Total time for which application threads were stopped: 0.0071970 seconds, Stopping threads took: 0.0001690 seconds
151.910: Application time: 0.0956430 seconds
151.975: [GC [PSYoungGen: 6462K->646K(7680K)] 14645K->8830K(25088K), 0.0004870 secs] [Times: user=0.00 sys=0.00, real=0.00 secs] 
151.976: [Full GC [PSYoungGen: 646K->0K(7680K)] [ParOldGen: 8183K->1928K(17408K)] 8830K->1928K(25088K) [PSPermGen: 5141K->5141K(21504K)], 0.0036320 secs] [Times: user=0.02 sys=0.00, real=0.00 secs] 
151.979: Total time for which application threads were stopped: 0.0691000 seconds, Stopping threads took: 0.0648690 seconds
151.980: Application time: 0.0010990 seconds
152.033: [GC [PSYoungGen: 6540K->1008K(7680K)] 8469K->7802K(25088K), 0.0018460 secs] [Times: user=0.01 sys=0.00, real=0.00 secs] 
152.035: Total time for which application threads were stopped: 0.0540910 seconds, Stopping threads took: 0.0521690 seconds
152.108: Application time: 0.0732360 seconds
152.152: [GC [PSYoungGen: 7568K->1005K(7680K)] 14362K->8580K(25088K), 0.0007510 secs] [Times: user=0.01 sys=0.00, real=0.00 secs] 
152.153: Total time for which application threads were stopped: 0.0454330 seconds, Stopping threads took: 0.0446020 seconds
152.154: Application time: 0.0010820 seconds
152.198: [GC [PSYoungGen: 7565K->939K(7680K)] 15140K->13788K(25088K), 0.0020220 secs] [Times: user=0.01 sys=0.00, real=0.00 secs] 
152.200: [Full GC [PSYoungGen: 939K->0K(7680K)] [ParOldGen: 12849K->7305K(17408K)] 13788K->7305K(25088K) [PSPermGen: 5141K->5141K(21504K)], 0.0051810 secs] [Times: user=0.02 sys=0.00, real=0.01 secs] 
152.205: Total time for which application threads were stopped: 0.0505530 seconds, Stopping threads took: 0.0432040 seconds
152.279: Application time: 0.0741880 seconds
152.325: [GC [PSYoungGen: 6638K->1005K(7680K)] 13943K->9287K(25088K), 0.0007420 secs] [Times: user=0.00 sys=0.00, real=0.00 secs] 
152.325: [Full GC [PSYoungGen: 1005K->0K(7680K)] [ParOldGen: 8281K->3105K(17408K)] 9287K->3105K(25088K) [PSPermGen: 5141K->5141K(21504K)], 0.0041300 secs] [Times: user=0.02 sys=0.00, real=0.01 secs] 
152.330: Total time for which application threads were stopped: 0.0504600 seconds, Stopping threads took: 0.0454710 seconds
152.331: Application time: 0.0013080 seconds
152.399: [GC [PSYoungGen: 6638K->1005K(7680K)] 9744K->8424K(25088K), 0.0017680 secs] [Times: user=0.01 sys=0.00, real=0.01 secs] 
152.401: Total time for which application threads were stopped: 0.0704090 seconds, Stopping threads took: 0.0685570 seconds
152.474: Application time: 0.0730850 seconds
152.520: [GC [PSYoungGen: 7661K->841K(7680K)] 15080K->8651K(25088K), 0.0008130 secs] [Times: user=0.00 sys=0.00, real=0.00 secs] 
152.521: Total time for which application threads were stopped: 0.0462430 seconds, Stopping threads took: 0.0453450 seconds
152.522: Application time: 0.0010480 seconds
152.564: [GC [PSYoungGen: 7402K->939K(7680K)] 15211K->13437K(25088K), 0.0017140 secs] [Times: user=0.01 sys=0.00, real=0.00 secs] 
152.566: [Full GC [PSYoungGen: 939K->0K(7680K)] [ParOldGen: 12497K->6719K(17408K)] 13437K->6719K(25088K) [PSPermGen: 5141K->5141K(21504K)], 0.0047140 secs] [Times: user=0.02 sys=0.00, real=0.01 secs] 
152.571: Total time for which application threads were stopped: 0.0490380 seconds, Stopping threads took: 0.0424860 seconds
152.644: Application time: 0.0731830 seconds
152.688: [GC [PSYoungGen: 6345K->1005K(7680K)] 13064K->8896K(25088K), 0.0007970 secs] [Times: user=0.00 sys=0.00, real=0.00 secs] 
152.689: Total time for which application threads were stopped: 0.0452150 seconds, Stopping threads took: 0.0443480 seconds
152.694: Application time: 0.0047650 seconds
152.760: [GC [PSYoungGen: 7565K->1005K(7680K)] 15456K->9091K(25088K), 0.0005450 secs] [Times: user=0.00 sys=0.00, real=0.00 secs] 
152.761: Total time for which application threads were stopped: 0.0669730 seconds, Stopping threads took: 0.0663500 seconds
152.762: Application time: 0.0008490 seconds
152.806: [GC [PSYoungGen: 7546K->1006K(7680K)] 15632K->13564K(25088K), 0.0018540 secs] [Times: user=0.01 sys=0.00, real=0.00 secs] 
152.808: [Full GC [PSYoungGen: 1006K->0K(7680K)] [ParOldGen: 12557K->6621K(17408K)] 13564K->6621K(25088K) [PSPermGen: 5141K->5141K(21504K)], 0.0048430 secs] [Times: user=0.02 sys=0.00, real=0.01 secs] 
152.813: Total time for which application threads were stopped: 0.0508630 seconds, Stopping threads took: 0.0440390 seconds
152.884: Application time: 0.0716150 seconds
152.929: [GC [PSYoungGen: 6559K->939K(7680K)] 13181K->7952K(25088K), 0.0005600 secs] [Times: user=0.00 sys=0.00, real=0.01 secs] 
152.930: Total time for which application threads were stopped: 0.0455360 seconds, Stopping threads took: 0.0449100 seconds
152.933: Application time: 0.0037920 seconds
153.000: [GC [PSYoungGen: 7499K->1005K(7680K)] 14512K->8408K(25088K), 0.0005530 secs] [Times: user=0.00 sys=0.00, real=0.00 secs] 
153.000: Total time for which application threads were stopped: 0.0669240 seconds, Stopping threads took: 0.0663050 seconds
153.001: Application time: 0.0008220 seconds
153.045: [GC [PSYoungGen: 7467K->1005K(7680K)] 14870K->13104K(25088K), 0.0016740 secs] [Times: user=0.02 sys=0.00, real=0.00 secs] 
153.047: [Full GC [PSYoungGen: 1005K->0K(7680K)] [ParOldGen: 12098K->6817K(17408K)] 13104K->6817K(25088K) [PSPermGen: 5141K->5141K(21504K)], 0.0049260 secs] [Times: user=0.02 sys=0.00, real=0.01 secs] 
153.052: Total time for which application threads were stopped: 0.0505270 seconds, Stopping threads took: 0.0438050 seconds
153.125: Application time: 0.0731750 seconds
153.170: [GC [PSYoungGen: 6540K->1005K(7680K)] 13357K->8212K(25088K), 0.0006290 secs] [Times: user=0.01 sys=0.00, real=0.00 secs] 
153.171: Total time for which application threads were stopped: 0.0455670 seconds, Stopping threads took: 0.0448680 seconds
153.172: Application time: 0.0015650 seconds
153.241: [GC [PSYoungGen: 7526K->939K(7680K)] 14734K->8537K(25088K), 0.0006070 secs] [Times: user=0.00 sys=0.00, real=0.00 secs] 
153.242: Total time for which application threads were stopped: 0.0698290 seconds, Stopping threads took: 0.0691560 seconds
153.243: Application time: 0.0008080 seconds
153.286: [GC [PSYoungGen: 7595K->1003K(7680K)] 15193K->14559K(25088K), 0.0018570 secs] [Times: user=0.01 sys=0.00, real=0.00 secs] 
153.288: [Full GC [PSYoungGen: 1003K->0K(7680K)] [ParOldGen: 13555K->7989K(17408K)] 14559K->7989K(25088K) [PSPermGen: 5141K->5141K(21504K)], 0.0050230 secs] [Times: user=0.02 sys=0.00, real=0.01 secs] 
153.293: Total time for which application threads were stopped: 0.0505280 seconds, Stopping threads took: 0.0435200 seconds
153.371: Application time: 0.0773360 seconds
153.434: [GC [PSYoungGen: 6462K->355K(7680K)] 14451K->8344K(25088K), 0.0004490 secs] [Times: user=0.00 sys=0.00, real=0.00 secs] 
153.435: Total time for which application threads were stopped: 0.0640670 seconds, Stopping threads took: 0.0635510 seconds
153.435: Application time: 0.0006640 seconds
153.436: [GC [PSYoungGen: 6915K->1006K(7680K)] 14904K->14887K(25088K), 0.0021020 secs] [Times: user=0.01 sys=0.01, real=0.00 secs] 
153.438: [Full GC [PSYoungGen: 1006K->0K(7680K)] [ParOldGen: 13880K->8086K(17408K)] 14887K->8086K(25088K) [PSPermGen: 5141K->5141K(21504K)], 0.0049650 secs] [Times: user=0.02 sys=0.00, real=0.01 secs] 
153.443: Total time for which application threads were stopped: 0.0074180 seconds, Stopping threads took: 0.0002230 seconds
153.523: Application time: 0.0807430 seconds
153.589: [GC [PSYoungGen: 6559K->614K(7680K)] 14646K->8701K(25088K), 0.0004850 secs] [Times: user=0.01 sys=0.00, real=0.01 secs] 
153.590: Total time for which application threads were stopped: 0.0660580 seconds, Stopping threads took: 0.0655070 seconds
153.590: Application time: 0.0009130 seconds
153.634: [GC [PSYoungGen: 7077K->939K(7680K)] 15163K->14104K(25088K), 0.0019660 secs] [Times: user=0.02 sys=0.00, real=0.00 secs] 
153.636: [Full GC [PSYoungGen: 939K->0K(7680K)] [ParOldGen: 13165K->7110K(17408K)] 14104K->7110K(25088K) [PSPermGen: 5141K->5141K(21504K)], 0.0047600 secs] [Times: user=0.02 sys=0.00, real=0.00 secs] 
153.641: Total time for which application threads were stopped: 0.0502580 seconds, Stopping threads took: 0.0434000 seconds
153.716: Application time: 0.0751890 seconds
153.762: [GC [PSYoungGen: 6462K->646K(7680K)] 13572K->7756K(25088K), 0.0004160 secs] [Times: user=0.00 sys=0.00, real=0.00 secs] 
153.762: Total time for which application threads were stopped: 0.0464440 seconds, Stopping threads took: 0.0459510 seconds
153.763: Application time: 0.0007990 seconds
153.817: [GC [PSYoungGen: 7204K->939K(7680K)] 14314K->12151K(25088K), 0.0015600 secs] [Times: user=0.01 sys=0.00, real=0.00 secs] 
153.818: [Full GC [PSYoungGen: 939K->0K(7680K)] [ParOldGen: 11211K->6133K(17408K)] 12151K->6133K(25088K) [PSPermGen: 5141K->5141K(21504K)], 0.0045690 secs] [Times: user=0.02 sys=0.00, real=0.01 secs] 
153.823: Total time for which application threads were stopped: 0.0598370 seconds, Stopping threads took: 0.0535840 seconds
153.908: Application time: 0.0849960 seconds
153.965: [GC [PSYoungGen: 6442K->646K(7680K)] 12576K->6780K(25088K), 0.0004540 secs] [Times: user=0.00 sys=0.00, real=0.00 secs] 
153.965: Total time for which application threads were stopped: 0.0574100 seconds, Stopping threads took: 0.0568900 seconds
153.966: Application time: 0.0008390 seconds
154.010: [GC [PSYoungGen: 7109K->1006K(7680K)] 13242K->12079K(25088K), 0.0017370 secs] [Times: user=0.01 sys=0.00, real=0.00 secs] 
154.012: [Full GC [PSYoungGen: 1006K->0K(7680K)] [ParOldGen: 11072K->7110K(17408K)] 12079K->7110K(25088K) [PSPermGen: 5141K->5141K(21504K)], 0.0048840 secs] [Times: user=0.02 sys=0.00, real=0.00 secs] 
154.017: Total time for which application threads were stopped: 0.0505060 seconds, Stopping threads took: 0.0437600 seconds
154.090: Application time: 0.0734470 seconds
154.135: [GC [PSYoungGen: 6462K->843K(7680K)] 13572K->8735K(25088K), 0.0006750 secs] [Times: user=0.01 sys=0.00, real=0.00 secs] 
154.136: Total time for which application threads were stopped: 0.0456370 seconds, Stopping threads took: 0.0448710 seconds
154.137: Application time: 0.0010890 seconds
154.190: [GC [PSYoungGen: 7482K->939K(7680K)] 15373K->12932K(25088K), 0.0017660 secs] [Times: user=0.01 sys=0.00, real=0.00 secs] 
154.191: [Full GC [PSYoungGen: 939K->0K(7680K)] [ParOldGen: 11993K->6133K(17408K)] 12932K->6133K(25088K) [PSPermGen: 5141K->5141K(21504K)], 0.0047270 secs] [Times: user=0.02 sys=0.00, real=0.00 secs] 
154.196: Total time for which application threads were stopped: 0.0593150 seconds, Stopping threads took: 0.0526640 seconds
154.284: Application time: 0.0880830 seconds
154.329: [GC [PSYoungGen: 6442K->646K(7680K)] 12576K->6780K(25088K), 0.0004040 secs] [Times: user=0.00 sys=0.00, real=0.01 secs] 
154.329: Total time for which application threads were stopped: 0.0449650 seconds, Stopping threads took: 0.0444860 seconds
154.330: Application time: 0.0009410 seconds
154.383: [GC [PSYoungGen: 7109K->1006K(7680K)] 13242K->12079K(25088K), 0.0017850 secs] [Times: user=0.01 sys=0.00, real=0.00 secs] 
154.385: [Full GC [PSYoungGen: 1006K->0K(7680K)] [ParOldGen: 11072K->7110K(17408K)] 12079K->7110K(25088K) [PSPermGen: 5141K->5141K(21504K)], 0.0051470 secs] [Times: user=0.02 sys=0.00, real=0.01 secs] 
154.390: Total time for which application threads were stopped: 0.0597270 seconds, Stopping threads took: 0.0526700 seconds
154.464: Application time: 0.0736550 seconds
154.509: [GC [PSYoungGen: 6462K->582K(7680K)] 13572K->7692K(25088K), 0.0004180 secs] [Times: user=0.00 sys=0.00, real=0.00 secs] 
154.510: Total time for which application threads were stopped: 0.0460200 seconds, Stopping threads took: 0.0455350 seconds
154.511: Application time: 0.0008390 seconds
154.511: [GC [PSYoungGen: 7045K->1005K(7680K)] 14155K->14178K(25088K), 0.0020650 secs] [Times: user=0.02 sys=0.01, real=0.00 secs] 
154.513: [Full GC [PSYoungGen: 1005K->0K(7680K)] [ParOldGen: 13173K->8184K(17408K)] 14178K->8184K(25088K) [PSPermGen: 5141K->5141K(21504K)], 0.0049570 secs] [Times: user=0.02 sys=0.00, real=0.00 secs] 
154.518: Total time for which application threads were stopped: 0.0072850 seconds, Stopping threads took: 0.0001360 seconds
154.598: Application time: 0.0802090 seconds
154.661: [GC [PSYoungGen: 6540K->939K(7680K)] 14724K->9905K(25088K), 0.0007630 secs] [Times: user=0.00 sys=0.00, real=0.00 secs] 
154.662: [Full GC [PSYoungGen: 939K->0K(7680K)] [ParOldGen: 8965K->2813K(17408K)] 9905K->2813K(25088K) [PSPermGen: 5141K->5141K(21504K)], 0.0041070 secs] [Times: user=0.02 sys=0.00, real=0.00 secs] 
154.666: Total time for which application threads were stopped: 0.0684200 seconds, Stopping threads took: 0.0634270 seconds
154.668: Application time: 0.0013140 seconds
154.718: [GC [PSYoungGen: 6619K->1005K(7680K)] 9432K->7725K(25088K), 0.0016160 secs] [Times: user=0.01 sys=0.00, real=0.00 secs] 
154.720: Total time for which application threads were stopped: 0.0519780 seconds, Stopping threads took: 0.0502810 seconds
154.793: Application time: 0.0728250 seconds
154.796: [GC [PSYoungGen: 7661K->1005K(7680K)] 14381K->9686K(25088K), 0.0009860 secs] [Times: user=0.01 sys=0.01, real=0.00 secs] 
154.797: Total time for which application threads were stopped: 0.0048210 seconds, Stopping threads took: 0.0037620 seconds
154.870: Application time: 0.0722360 seconds
154.873: [GC [PSYoungGen: 7467K->809K(7680K)] 16149K->9491K(25088K), 0.0006050 secs] [Times: user=0.01 sys=0.00, real=0.00 secs] 
154.874: Total time for which application threads were stopped: 0.0042670 seconds, Stopping threads took: 0.0035880 seconds
154.878: Application time: 0.0038210 seconds
154.944: [GC [PSYoungGen: 7465K->646K(7680K)] 16147K->9718K(25088K), 0.0005030 secs] [Times: user=0.00 sys=0.00, real=0.00 secs] 
154.945: Total time for which application threads were stopped: 0.0668370 seconds, Stopping threads took: 0.0662780 seconds
154.945: Application time: 0.0008470 seconds
154.989: [GC [PSYoungGen: 7285K->1005K(7680K)] 16357K->15614K(25088K), 0.0019730 secs] [Times: user=0.02 sys=0.00, real=0.01 secs] 
154.991: [Full GC [PSYoungGen: 1005K->0K(7680K)] [ParOldGen: 14609K->7598K(17408K)] 15614K->7598K(25088K) [PSPermGen: 5141K->5141K(21504K)], 0.0050760 secs] [Times: user=0.02 sys=0.00, real=0.00 secs] 
154.996: Total time for which application threads were stopped: 0.0504240 seconds, Stopping threads took: 0.0432530 seconds
155.074: Application time: 0.0782600 seconds
155.134: [GC [PSYoungGen: 6656K->256K(7680K)] 14254K->7854K(25088K), 0.0003960 secs] [Times: user=0.00 sys=0.00, real=0.00 secs] 
155.135: Total time for which application threads were stopped: 0.0608470 seconds, Stopping threads took: 0.0603750 seconds
155.136: Application time: 0.0008150 seconds
155.136: [GC [PSYoungGen: 6816K->1006K(7680K)] 14415K->14294K(25088K), 0.0018500 secs] [Times: user=0.01 sys=0.00, real=0.00 secs] 
155.138: [Full GC [PSYoungGen: 1006K->0K(7680K)] [ParOldGen: 13287K->7858K(17408K)] 14294K->7858K(25088K) [PSPermGen: 5141K->5141K(21504K)], 0.0052610 secs] [Times: user=0.02 sys=0.00, real=0.01 secs] 
155.143: Total time for which application threads were stopped: 0.0074070 seconds, Stopping threads took: 0.0001700 seconds
155.221: Application time: 0.0780430 seconds
155.284: [GC [PSYoungGen: 6559K->387K(7680K)] 14418K->8246K(25088K), 0.0003810 secs] [Times: user=0.00 sys=0.00, real=0.00 secs] 
155.285: Total time for which application threads were stopped: 0.0636370 seconds, Stopping threads took: 0.0631930 seconds
155.286: Application time: 0.0008270 seconds
155.331: [GC [PSYoungGen: 7025K->1005K(7680K)] 14884K->13771K(25088K), 0.0017130 secs] [Times: user=0.01 sys=0.00, real=0.00 secs] 
155.333: [Full GC [PSYoungGen: 1005K->0K(7680K)] [ParOldGen: 12766K->6980K(17408K)] 13771K->6980K(25088K) [PSPermGen: 5141K->5141K(21504K)], 0.0049640 secs] [Times: user=0.02 sys=0.00, real=0.00 secs] 
155.338: Total time for which application threads were stopped: 0.0524550 seconds, Stopping threads took: 0.0456310 seconds
155.415: Application time: 0.0765610 seconds
155.467: [GC [PSYoungGen: 6559K->646K(7680K)] 13540K->7626K(25088K), 0.0004420 secs] [Times: user=0.00 sys=0.00, real=0.00 secs] 
155.467: Total time for which application threads were stopped: 0.0526120 seconds, Stopping threads took: 0.0520980 seconds
155.468: Application time: 0.0008810 seconds
155.511: [GC [PSYoungGen: 7109K->1008K(7680K)] 14089K->12830K(25088K), 0.0017510 secs] [Times: user=0.01 sys=0.00, real=0.00 secs] 
155.513: [Full GC [PSYoungGen: 1008K->0K(7680K)] [ParOldGen: 11821K->7077K(17408K)] 12830K->7077K(25088K) [PSPermGen: 5141K->5141K(21504K)], 0.0051130 secs] [Times: user=0.03 sys=0.00, real=0.00 secs] 
155.518: Total time for which application threads were stopped: 0.0499130 seconds, Stopping threads took: 0.0429260 seconds
155.592: Application time: 0.0736540 seconds
155.637: [GC [PSYoungGen: 6637K->1005K(7680K)] 13715K->8864K(25088K), 0.0008430 secs] [Times: user=0.00 sys=0.00, real=0.00 secs] 
155.638: Total time for which application threads were stopped: 0.0459640 seconds, Stopping threads took: 0.0450520 seconds
155.639: Application time: 0.0011590 seconds
155.683: [GC [PSYoungGen: 7565K->1005K(7680K)] 15424K->14048K(25088K), 0.0018350 secs] [Times: user=0.02 sys=0.00, real=0.00 secs] 
155.684: [Full GC [PSYoungGen: 1005K->0K(7680K)] [ParOldGen: 13043K->7273K(17408K)] 14048K->7273K(25088K) [PSPermGen: 5141K->5141K(21504K)], 0.0050050 secs] [Times: user=0.02 sys=0.00, real=0.01 secs] 
155.689: Total time for which application threads were stopped: 0.0505620 seconds, Stopping threads took: 0.0435750 seconds
155.764: Application time: 0.0746770 seconds
155.810: [GC [PSYoungGen: 6656K->1005K(7680K)] 13929K->8278K(25088K), 0.0004640 secs] [Times: user=0.00 sys=0.00, real=0.00 secs] 
155.810: Total time for which application threads were stopped: 0.0459360 seconds, Stopping threads took: 0.0454070 seconds
155.814: Application time: 0.0038270 seconds
155.880: [GC [PSYoungGen: 7546K->1005K(7680K)] 14819K->8278K(25088K), 0.0005500 secs] [Times: user=0.00 sys=0.00, real=0.01 secs] 
155.882: Total time for which application threads were stopped: 0.0681040 seconds, Stopping threads took: 0.0664650 seconds
155.883: Application time: 0.0008570 seconds
155.927: [GC [PSYoungGen: 7643K->1006K(7680K)] 14917K->13735K(25088K), 0.0019090 secs] [Times: user=0.02 sys=0.00, real=0.00 secs] 
155.929: [Full GC [PSYoungGen: 1006K->0K(7680K)] [ParOldGen: 12728K->7566K(17408K)] 13735K->7566K(25088K) [PSPermGen: 5141K->5141K(21504K)], 0.0054940 secs] [Times: user=0.02 sys=0.00, real=0.01 secs] 
155.934: Total time for which application threads were stopped: 0.0511990 seconds, Stopping threads took: 0.0436550 seconds
156.015: Application time: 0.0812770 seconds
156.069: [GC [PSYoungGen: 6559K->941K(7680K)] 14126K->8703K(25088K), 0.0007180 secs] [Times: user=0.01 sys=0.00, real=0.01 secs] 
156.069: Total time for which application threads were stopped: 0.0541030 seconds, Stopping threads took: 0.0532780 seconds
156.070: Application time: 0.0009440 seconds
156.111: [GC [PSYoungGen: 7501K->1005K(7680K)] 15263K->14439K(25088K), 0.0019690 secs] [Times: user=0.01 sys=0.00, real=0.00 secs] 
156.113: [Full GC [PSYoungGen: 1005K->0K(7680K)] [ParOldGen: 13434K->7761K(17408K)] 14439K->7761K(25088K) [PSPermGen: 5141K->5141K(21504K)], 0.0050460 secs] [Times: user=0.02 sys=0.00, real=0.00 secs] 
156.118: Total time for which application threads were stopped: 0.0472580 seconds, Stopping threads took: 0.0401140 seconds
156.197: Application time: 0.0791820 seconds
156.260: [GC [PSYoungGen: 6656K->451K(7680K)] 14417K->8213K(25088K), 0.0004660 secs] [Times: user=0.00 sys=0.00, real=0.00 secs] 
156.260: Total time for which application threads were stopped: 0.0633110 seconds, Stopping threads took: 0.0627800 seconds
156.261: Application time: 0.0007790 seconds
156.261: [GC [PSYoungGen: 7011K->1006K(7680K)] 14773K->14660K(25088K), 0.0018880 secs] [Times: user=0.02 sys=0.00, real=0.01 secs] 
156.263: [Full GC [PSYoungGen: 1006K->0K(7680K)] [ParOldGen: 13653K->8054K(17408K)] 14660K->8054K(25088K) [PSPermGen: 5141K->5141K(21504K)], 0.0052330 secs] [Times: user=0.02 sys=0.00, real=0.00 secs] 
156.268: Total time for which application threads were stopped: 0.0074240 seconds, Stopping threads took: 0.0001710 seconds
156.349: Application time: 0.0802840 seconds
156.409: [GC [PSYoungGen: 6520K->451K(7680K)] 14575K->8505K(25088K), 0.0004370 secs] [Times: user=0.00 sys=0.00, real=0.00 secs] 
156.410: [Full GC [PSYoungGen: 451K->0K(7680K)] [ParOldGen: 8054K->1790K(17408K)] 8505K->1790K(25088K) [PSPermGen: 5141K->5141K(21504K)], 0.0038050 secs] [Times: user=0.01 sys=0.00, real=0.00 secs] 
156.414: Total time for which application threads were stopped: 0.0651730 seconds, Stopping threads took: 0.0608230 seconds
156.415: Application time: 0.0012570 seconds
156.415: [GC [PSYoungGen: 6638K->1005K(7680K)] 8428K->8565K(25088K), 0.0019730 secs] [Times: user=0.01 sys=0.00, real=0.00 secs] 
156.417: [Full GC [PSYoungGen: 1005K->0K(7680K)] [ParOldGen: 7560K->8054K(17408K)] 8565K->8054K(25088K) [PSPermGen: 5141K->5141K(21504K)], 0.0046520 secs] [Times: user=0.03 sys=0.00, real=0.01 secs] 
156.422: Total time for which application threads were stopped: 0.0069130 seconds, Stopping threads took: 0.0001590 seconds
156.501: Application time: 0.0791190 seconds
156.563: [GC [PSYoungGen: 6559K->646K(7680K)] 14614K->8701K(25088K), 0.0004290 secs] [Times: user=0.00 sys=0.00, real=0.00 secs] 
156.564: [Full GC [PSYoungGen: 646K->0K(7680K)] [ParOldGen: 8054K->1956K(17408K)] 8701K->1956K(25088K) [PSPermGen: 5141K->5141K(21504K)], 0.0036820 secs] [Times: user=0.02 sys=0.00, real=0.00 secs] 
156.568: Total time for which application threads were stopped: 0.0664750 seconds, Stopping threads took: 0.0622550 seconds
156.569: Application time: 0.0012660 seconds
156.613: [GC [PSYoungGen: 6560K->1005K(7680K)] 8517K->8048K(25088K), 0.0020040 secs] [Times: user=0.01 sys=0.00, real=0.00 secs] 
156.615: Total time for which application threads were stopped: 0.0465470 seconds, Stopping threads took: 0.0444300 seconds
156.690: Application time: 0.0743010 seconds
156.735: [GC [PSYoungGen: 7369K->907K(7680K)] 14413K->8732K(25088K), 0.0006340 secs] [Times: user=0.00 sys=0.00, real=0.00 secs] 
156.735: [Full GC [PSYoungGen: 907K->0K(7680K)] [ParOldGen: 7824K->2781K(17408K)] 8732K->2781K(25088K) [PSPermGen: 5141K->5141K(21504K)], 0.0038340 secs] [Times: user=0.01 sys=0.00, real=0.00 secs] 
156.739: Total time for which application threads were stopped: 0.0493570 seconds, Stopping threads took: 0.0447740 seconds
156.740: Application time: 0.0012640 seconds
156.794: [GC [PSYoungGen: 6656K->1005K(7680K)] 9437K->7896K(25088K), 0.0016760 secs] [Times: user=0.01 sys=0.00, real=0.00 secs] 
156.796: Total time for which application threads were stopped: 0.0555610 seconds, Stopping threads took: 0.0537930 seconds
156.869: Application time: 0.0728900 seconds
156.915: [GC [PSYoungGen: 7643K->1005K(7680K)] 14534K->8873K(25088K), 0.0007530 secs] [Times: user=0.01 sys=0.00, real=0.00 secs] 
156.916: Total time for which application threads were stopped: 0.0467760 seconds, Stopping threads took: 0.0459600 seconds
156.917: Application time: 0.0011660 seconds
156.960: [GC [PSYoungGen: 7565K->939K(7680K)] 15433K->14276K(25088K), 0.0019470 secs] [Times: user=0.02 sys=0.00, real=0.01 secs] 
156.962: [Full GC [PSYoungGen: 939K->0K(7680K)] [ParOldGen: 13337K->7469K(17408K)] 14276K->7469K(25088K) [PSPermGen: 5141K->5141K(21504K)], 0.0052910 secs] [Times: user=0.02 sys=0.00, real=0.00 secs] 
156.968: Total time for which application threads were stopped: 0.0509080 seconds, Stopping threads took: 0.0435430 seconds
157.068: Application time: 0.0999830 seconds
157.116: [GC [PSYoungGen: 6656K->841K(7680K)] 14125K->8701K(25088K), 0.0007580 secs] [Times: user=0.00 sys=0.00, real=0.00 secs] 
157.117: Total time for which application threads were stopped: 0.0493900 seconds, Stopping threads took: 0.0485510 seconds
157.118: Application time: 0.0009790 seconds
157.158: [GC [PSYoungGen: 7480K->1005K(7680K)] 15340K->14537K(25088K), 0.0020950 secs] [Times: user=0.01 sys=0.00, real=0.00 secs] 
157.160: [Full GC [PSYoungGen: 1005K->0K(7680K)] [ParOldGen: 13532K->7762K(17408K)] 14537K->7762K(25088K) [PSPermGen: 5141K->5141K(21504K)], 0.0048540 secs] [Times: user=0.02 sys=0.00, real=0.01 secs] 
157.165: Total time for which application threads were stopped: 0.0471960 seconds, Stopping threads took: 0.0401060 seconds
157.263: Application time: 0.0975540 seconds
157.323: [GC [PSYoungGen: 6656K->419K(7680K)] 14418K->8181K(25088K), 0.0005110 secs] [Times: user=0.00 sys=0.00, real=0.00 secs] 
157.324: Total time for which application threads were stopped: 0.0610230 seconds, Stopping threads took: 0.0604410 seconds
157.324: Application time: 0.0007020 seconds
157.325: [GC [PSYoungGen: 6979K->1006K(7680K)] 14741K->14660K(25088K), 0.0019180 secs] [Times: user=0.01 sys=0.00, real=0.00 secs] 
157.327: [Full GC [PSYoungGen: 1006K->0K(7680K)] [ParOldGen: 13653K->8054K(17408K)] 14660K->8054K(25088K) [PSPermGen: 5141K->5141K(21504K)], 0.0049700 secs] [Times: user=0.03 sys=0.00, real=0.01 secs] 
157.332: Total time for which application threads were stopped: 0.0072160 seconds, Stopping threads took: 0.0002040 seconds
157.411: Application time: 0.0792490 seconds
157.471: [GC [PSYoungGen: 6559K->614K(7680K)] 14614K->8669K(25088K), 0.0004680 secs] [Times: user=0.00 sys=0.00, real=0.00 secs] 
157.472: [Full GC [PSYoungGen: 614K->0K(7680K)] [ParOldGen: 8054K->1928K(17408K)] 8669K->1928K(25088K) [PSPermGen: 5141K->5141K(21504K)], 0.0038820 secs] [Times: user=0.01 sys=0.00, real=0.00 secs] 
157.476: Total time for which application threads were stopped: 0.0647530 seconds, Stopping threads took: 0.0602900 seconds
157.477: Application time: 0.0013230 seconds
157.519: [GC [PSYoungGen: 6560K->1005K(7680K)] 8488K->8020K(25088K), 0.0017060 secs] [Times: user=0.01 sys=0.00, real=0.00 secs] 
157.521: Total time for which application threads were stopped: 0.0440860 seconds, Stopping threads took: 0.0423150 seconds
157.594: Application time: 0.0726900 seconds
157.639: [GC [PSYoungGen: 7369K->939K(7680K)] 14384K->8736K(25088K), 0.0007220 secs] [Times: user=0.01 sys=0.00, real=0.00 secs] 
157.640: Total time for which application threads were stopped: 0.0461770 seconds, Stopping threads took: 0.0453730 seconds
157.641: Application time: 0.0009950 seconds
157.685: [GC [PSYoungGen: 7578K->1005K(7680K)] 15374K->13880K(25088K), 0.0020630 secs] [Times: user=0.01 sys=0.00, real=0.00 secs] 
157.687: [Full GC [PSYoungGen: 1005K->0K(7680K)] [ParOldGen: 12874K->7176K(17408K)] 13880K->7176K(25088K) [PSPermGen: 5141K->5141K(21504K)], 0.0048800 secs] [Times: user=0.02 sys=0.00, real=0.01 secs] 
157.692: Total time for which application threads were stopped: 0.0509170 seconds, Stopping threads took: 0.0438410 seconds
157.766: Application time: 0.0739460 seconds
157.812: [GC [PSYoungGen: 6656K->1005K(7680K)] 13832K->9166K(25088K), 0.0007670 secs] [Times: user=0.00 sys=0.00, real=0.00 secs] 
157.813: [Full GC [PSYoungGen: 1005K->0K(7680K)] [ParOldGen: 8160K->3074K(17408K)] 9166K->3074K(25088K) [PSPermGen: 5141K->5141K(21504K)], 0.0040620 secs] [Times: user=0.02 sys=0.00, real=0.00 secs] 
157.817: Total time for which application threads were stopped: 0.0508740 seconds, Stopping threads took: 0.0459070 seconds
157.818: Application time: 0.0014480 seconds
157.874: [GC [PSYoungGen: 6560K->1005K(7680K)] 9634K->9459K(25088K), 0.0020440 secs] [Times: user=0.01 sys=0.00, real=0.00 secs] 
157.876: [Full GC [PSYoungGen: 1005K->0K(7680K)] [ParOldGen: 8454K->7469K(17408K)] 9459K->7469K(25088K) [PSPermGen: 5141K->5141K(21504K)], 0.0046420 secs] [Times: user=0.02 sys=0.00, real=0.00 secs] 
157.880: Total time for which application threads were stopped: 0.0621890 seconds, Stopping threads took: 0.0553680 seconds
157.956: Application time: 0.0761490 seconds
158.001: [GC [PSYoungGen: 6618K->646K(7680K)] 14088K->8506K(25088K), 0.0005590 secs] [Times: user=0.00 sys=0.00, real=0.01 secs] 
158.002: Total time for which application threads were stopped: 0.0451220 seconds, Stopping threads took: 0.0444970 seconds
158.003: Application time: 0.0009700 seconds
158.046: [GC [PSYoungGen: 7265K->1006K(7680K)] 15125K->14280K(25088K), 0.0019720 secs] [Times: user=0.01 sys=0.00, real=0.00 secs] 
158.048: [Full GC [PSYoungGen: 1006K->0K(7680K)] [ParOldGen: 13273K->7469K(17408K)] 14280K->7469K(25088K) [PSPermGen: 5141K->5141K(21504K)], 0.0048940 secs] [Times: user=0.03 sys=0.00, real=0.01 secs] 
158.053: Total time for which application threads were stopped: 0.0505730 seconds, Stopping threads took: 0.0435740 seconds
158.128: Application time: 0.0748210 seconds
158.173: [GC [PSYoungGen: 6656K->973K(7680K)] 14125K->8638K(25088K), 0.0005370 secs] [Times: user=0.00 sys=0.00, real=0.00 secs] 
158.173: Total time for which application threads were stopped: 0.0452930 seconds, Stopping threads took: 0.0446760 seconds
158.174: Application time: 0.0009960 seconds
158.217: [GC [PSYoungGen: 7533K->1005K(7680K)] 15198K->14342K(25088K), 0.0019350 secs] [Times: user=0.01 sys=0.00, real=0.00 secs] 
158.219: [Full GC [PSYoungGen: 1005K->0K(7680K)] [ParOldGen: 13337K->7762K(17408K)] 14342K->7762K(25088K) [PSPermGen: 5141K->5141K(21504K)], 0.0048630 secs] [Times: user=0.02 sys=0.00, real=0.01 secs] 
158.224: Total time for which application threads were stopped: 0.0494450 seconds, Stopping threads took: 0.0425190 seconds
158.327: Application time: 0.1036000 seconds
158.384: [GC [PSYoungGen: 6462K->160K(7680K)] 14224K->7922K(25088K), 0.0003620 secs] [Times: user=0.00 sys=0.00, real=0.00 secs] 
158.385: [Full GC [PSYoungGen: 160K->0K(7680K)] [ParOldGen: 7762K->1538K(17408K)] 7922K->1538K(25088K) [PSPermGen: 5141K->5141K(21504K)], 0.0040010 secs] [Times: user=0.01 sys=0.00, real=0.00 secs] 
158.389: Total time for which application threads were stopped: 0.0612010 seconds, Stopping threads took: 0.0567080 seconds
158.390: Application time: 0.0012380 seconds
158.390: [GC [PSYoungGen: 6560K->1005K(7680K)] 8098K->8313K(25088K), 0.0019880 secs] [Times: user=0.01 sys=0.00, real=0.00 secs] 
158.392: [Full GC [PSYoungGen: 1005K->0K(7680K)] [ParOldGen: 7308K->7859K(17408K)] 8313K->7859K(25088K) [PSPermGen: 5141K->5141K(21504K)], 0.0046690 secs] [Times: user=0.02 sys=0.00, real=0.00 secs] 
158.397: Total time for which application threads were stopped: 0.0068430 seconds, Stopping threads took: 0.0000550 seconds
158.474: Application time: 0.0772940 seconds
158.536: [GC [PSYoungGen: 6559K->419K(7680K)] 14419K->8279K(25088K), 0.0003960 secs] [Times: user=0.00 sys=0.00, real=0.00 secs] 
158.536: [Full GC [PSYoungGen: 419K->0K(7680K)] [ParOldGen: 7859K->1733K(17408K)] 8279K->1733K(25088K) [PSPermGen: 5141K->5141K(21504K)], 0.0039210 secs] [Times: user=0.01 sys=0.00, real=0.00 secs] 
158.540: Total time for which application threads were stopped: 0.0661260 seconds, Stopping threads took: 0.0616970 seconds
158.541: Application time: 0.0012690 seconds
158.541: [GC [PSYoungGen: 6638K->1005K(7680K)] 8371K->8508K(25088K), 0.0019280 secs] [Times: user=0.01 sys=0.00, real=0.00 secs] 
158.543: [Full GC [PSYoungGen: 1005K->0K(7680K)] [ParOldGen: 7503K->8055K(17408K)] 8508K->8055K(25088K) [PSPermGen: 5141K->5141K(21504K)], 0.0046470 secs] [Times: user=0.02 sys=0.00, real=0.00 secs] 
158.548: Total time for which application threads were stopped: 0.0068070 seconds, Stopping threads took: 0.0001060 seconds
158.628: Application time: 0.0801600 seconds
158.690: [GC [PSYoungGen: 6637K->614K(7680K)] 14693K->8670K(25088K), 0.0004030 secs] [Times: user=0.00 sys=0.00, real=0.00 secs] 
158.690: [Full GC [PSYoungGen: 614K->0K(7680K)] [ParOldGen: 8055K->1985K(17408K)] 8670K->1985K(25088K) [PSPermGen: 5141K->5141K(21504K)], 0.0037640 secs] [Times: user=0.01 sys=0.00, real=0.00 secs] 
158.694: Total time for which application threads were stopped: 0.0656510 seconds, Stopping threads took: 0.0613620 seconds
158.695: Application time: 0.0010890 seconds
158.742: [GC [PSYoungGen: 6540K->1006K(7680K)] 8526K->7907K(25088K), 0.0018000 secs] [Times: user=0.01 sys=0.00, real=0.00 secs] 
158.744: Total time for which application threads were stopped: 0.0490980 seconds, Stopping threads took: 0.0472170 seconds
158.818: Application time: 0.0738820 seconds
158.863: [GC [PSYoungGen: 7566K->1005K(7680K)] 14467K->8695K(25088K), 0.0007310 secs] [Times: user=0.00 sys=0.01, real=0.00 secs] 
158.863: Total time for which application threads were stopped: 0.0454330 seconds, Stopping threads took: 0.0446310 seconds
158.865: Application time: 0.0012130 seconds
158.917: [GC [PSYoungGen: 7565K->1005K(7680K)] 15255K->13903K(25088K), 0.0018500 secs] [Times: user=0.01 sys=0.00, real=0.00 secs] 
158.919: [Full GC [PSYoungGen: 1005K->0K(7680K)] [ParOldGen: 12897K->7274K(17408K)] 13903K->7274K(25088K) [PSPermGen: 5141K->5141K(21504K)], 0.0048460 secs] [Times: user=0.02 sys=0.00, real=0.01 secs] 
158.924: Total time for which application threads were stopped: 0.0592030 seconds, Stopping threads took: 0.0523790 seconds
158.997: Application time: 0.0735850 seconds
159.043: [GC [PSYoungGen: 6267K->875K(7680K)] 13541K->8931K(25088K), 0.0006820 secs] [Times: user=0.00 sys=0.00, real=0.00 secs] 
159.044: [Full GC [PSYoungGen: 875K->0K(7680K)] [ParOldGen: 8055K->2782K(17408K)] 8931K->2782K(25088K) [PSPermGen: 5141K->5141K(21504K)], 0.0040640 secs] [Times: user=0.02 sys=0.00, real=0.00 secs] 
159.048: Total time for which application threads were stopped: 0.0504780 seconds, Stopping threads took: 0.0456180 seconds
159.058: Application time: 0.0100170 seconds
159.118: [GC [PSYoungGen: 6656K->1005K(7680K)] 9438K->5740K(25088K), 0.0011070 secs] [Times: user=0.00 sys=0.00, real=0.00 secs] 
159.119: Total time for which application threads were stopped: 0.0611520 seconds, Stopping threads took: 0.0599710 seconds
159.194: Application time: 0.0747470 seconds
159.202: [GC [PSYoungGen: 7272K->550K(7680K)] 12008K->5286K(25088K), 0.0005130 secs] [Times: user=0.00 sys=0.00, real=0.00 secs] 
159.203: Total time for which application threads were stopped: 0.0091050 seconds, Stopping threads took: 0.0085010 seconds
159.204: Application time: 0.0007230 seconds
159.247: [GC [PSYoungGen: 7013K->1006K(7680K)] 11748K->10657K(25088K), 0.0017520 secs] [Times: user=0.01 sys=0.00, real=0.00 secs] 
159.248: [Full GC [PSYoungGen: 1006K->0K(7680K)] [ParOldGen: 9650K->7078K(17408K)] 10657K->7078K(25088K) [PSPermGen: 5141K->5141K(21504K)], 0.0050530 secs] [Times: user=0.02 sys=0.01, real=0.01 secs] 
159.253: Total time for which application threads were stopped: 0.0497080 seconds, Stopping threads took: 0.0427570 seconds
159.327: Application time: 0.0735340 seconds
159.372: [GC [PSYoungGen: 6559K->941K(7680K)] 13638K->8801K(25088K), 0.0006730 secs] [Times: user=0.01 sys=0.00, real=0.00 secs] 
159.373: Total time for which application threads were stopped: 0.0461700 seconds, Stopping threads took: 0.0454030 seconds
159.374: Application time: 0.0011090 seconds
159.417: [GC [PSYoungGen: 7501K->1005K(7680K)] 15361K->14049K(25088K), 0.0019060 secs] [Times: user=0.01 sys=0.00, real=0.00 secs] 
159.419: [Full GC [PSYoungGen: 1005K->0K(7680K)] [ParOldGen: 13044K->7274K(17408K)] 14049K->7274K(25088K) [PSPermGen: 5141K->5141K(21504K)], 0.0047770 secs] [Times: user=0.02 sys=0.00, real=0.01 secs] 
159.424: Total time for which application threads were stopped: 0.0494060 seconds, Stopping threads took: 0.0425910 seconds
159.517: Application time: 0.0929360 seconds
159.576: [GC [PSYoungGen: 6656K->941K(7680K)] 13930K->8215K(25088K), 0.0005030 secs] [Times: user=0.00 sys=0.00, real=0.00 secs] 
159.576: Total time for which application threads were stopped: 0.0597650 seconds, Stopping threads took: 0.0591930 seconds
159.577: Application time: 0.0009730 seconds
159.621: [GC [PSYoungGen: 7560K->1005K(7680K)] 14834K->13695K(25088K), 0.0021460 secs] [Times: user=0.02 sys=0.00, real=0.01 secs] 
159.623: [Full GC [PSYoungGen: 1005K->0K(7680K)] [ParOldGen: 12690K->7469K(17408K)] 13695K->7469K(25088K) [PSPermGen: 5141K->5141K(21504K)], 0.0048040 secs] [Times: user=0.02 sys=0.00, real=0.00 secs] 
159.628: Total time for which application threads were stopped: 0.0505860 seconds, Stopping threads took: 0.0434960 seconds
159.724: Application time: 0.0964980 seconds
159.778: [GC [PSYoungGen: 6462K->973K(7680K)] 13931K->8443K(25088K), 0.0006810 secs] [Times: user=0.01 sys=0.00, real=0.00 secs] 
159.779: Total time for which application threads were stopped: 0.0547780 seconds, Stopping threads took: 0.0540020 seconds
159.780: Application time: 0.0009650 seconds
159.824: [GC [PSYoungGen: 7611K->1005K(7680K)] 15081K->13952K(25088K), 0.0020360 secs] [Times: user=0.01 sys=0.00, real=0.00 secs] 
159.826: [Full GC [PSYoungGen: 1005K->0K(7680K)] [ParOldGen: 12946K->7567K(17408K)] 13952K->7567K(25088K) [PSPermGen: 5141K->5141K(21504K)], 0.0051720 secs] [Times: user=0.03 sys=0.00, real=0.01 secs] 
159.831: Total time for which application threads were stopped: 0.0509830 seconds, Stopping threads took: 0.0436260 seconds
159.909: Application time: 0.0778470 seconds
159.972: [GC [PSYoungGen: 6656K->192K(7680K)] 14223K->7759K(25088K), 0.0004740 secs] [Times: user=0.00 sys=0.00, real=0.00 secs] 
159.973: Total time for which application threads were stopped: 0.0635160 seconds, Stopping threads took: 0.0629750 seconds
159.973: Application time: 0.0008300 seconds
159.973: [GC [PSYoungGen: 6811K->971K(7680K)] 14378K->14301K(25088K), 0.0017000 secs] [Times: user=0.02 sys=0.00, real=0.00 secs] 
159.975: [Full GC [PSYoungGen: 971K->0K(7680K)] [ParOldGen: 13329K->7762K(17408K)] 14301K->7762K(25088K) [PSPermGen: 5141K->5141K(21504K)], 0.0053230 secs] [Times: user=0.02 sys=0.00, real=0.00 secs] 
159.981: Total time for which application threads were stopped: 0.0072720 seconds, Stopping threads took: 0.0001300 seconds
160.065: Application time: 0.0846640 seconds
160.114: [GC [PSYoungGen: 6462K->907K(7680K)] 14224K->9061K(25088K), 0.0005660 secs] [Times: user=0.00 sys=0.00, real=0.00 secs] 
160.114: [Full GC [PSYoungGen: 907K->0K(7680K)] [ParOldGen: 8153K->2391K(17408K)] 9061K->2391K(25088K) [PSPermGen: 5141K->5141K(21504K)], 0.0037860 secs] [Times: user=0.01 sys=0.00, real=0.00 secs] 
160.118: Total time for which application threads were stopped: 0.0529710 seconds, Stopping threads took: 0.0485040 seconds
160.119: Application time: 0.0011940 seconds
160.173: [GC [PSYoungGen: 6656K->973K(7680K)] 9047K->8150K(25088K), 0.0018680 secs] [Times: user=0.02 sys=0.00, real=0.00 secs] 
160.174: Total time for which application threads were stopped: 0.0549800 seconds, Stopping threads took: 0.0530310 seconds
160.248: Application time: 0.0737420 seconds
160.294: [GC [PSYoungGen: 7533K->841K(7680K)] 14710K->8800K(25088K), 0.0007200 secs] [Times: user=0.01 sys=0.00, real=0.00 secs] 
160.294: Total time for which application threads were stopped: 0.0462490 seconds, Stopping threads took: 0.0454510 seconds
160.295: Application time: 0.0009580 seconds
160.339: [GC [PSYoungGen: 7402K->939K(7680K)] 15360K->13976K(25088K), 0.0017890 secs] [Times: user=0.02 sys=0.00, real=0.00 secs] 
160.341: [Full GC [PSYoungGen: 939K->0K(7680K)] [ParOldGen: 13037K->7079K(17408K)] 13976K->7079K(25088K) [PSPermGen: 5141K->5141K(21504K)], 0.0048380 secs] [Times: user=0.02 sys=0.00, real=0.01 secs] 
160.346: Total time for which application threads were stopped: 0.0504540 seconds, Stopping threads took: 0.0436910 seconds
160.421: Application time: 0.0748250 seconds
160.465: [GC [PSYoungGen: 6540K->646K(7680K)] 13620K->7726K(25088K), 0.0004690 secs] [Times: user=0.00 sys=0.00, real=0.00 secs] 
160.465: Total time for which application threads were stopped: 0.0447950 seconds, Stopping threads took: 0.0442570 seconds
160.466: Application time: 0.0009070 seconds
160.510: [GC [PSYoungGen: 7302K->1005K(7680K)] 14381K->13292K(25088K), 0.0019340 secs] [Times: user=0.02 sys=0.00, real=0.00 secs] 
160.512: [Full GC [PSYoungGen: 1005K->0K(7680K)] [ParOldGen: 12287K->7274K(17408K)] 13292K->7274K(25088K) [PSPermGen: 5141K->5141K(21504K)], 0.0307250 secs] [Times: user=0.19 sys=0.00, real=0.03 secs] 
160.543: Total time for which application threads were stopped: 0.0765240 seconds, Stopping threads took: 0.0437210 seconds
160.619: Application time: 0.0765760 seconds
160.667: [GC [PSYoungGen: 6540K->809K(7680K)] 13815K->8084K(25088K), 0.0005110 secs] [Times: user=0.00 sys=0.00, real=0.00 secs] 
160.668: Total time for which application threads were stopped: 0.0483750 seconds, Stopping threads took: 0.0477840 seconds
160.669: Application time: 0.0006690 seconds
160.669: [GC [PSYoungGen: 7370K->1006K(7680K)] 14644K->14588K(25088K), 0.0020790 secs] [Times: user=0.02 sys=0.00, real=0.01 secs] 
160.671: [Full GC [PSYoungGen: 1006K->0K(7680K)] [ParOldGen: 13581K->8446K(17408K)] 14588K->8446K(25088K) [PSPermGen: 5141K->5141K(21504K)], 0.0050850 secs] [Times: user=0.02 sys=0.00, real=0.00 secs] 
160.676: Total time for which application threads were stopped: 0.0074500 seconds, Stopping threads took: 0.0001570 seconds
160.759: Application time: 0.0825630 seconds
160.820: [GC [PSYoungGen: 6638K->646K(7680K)] 15084K->9483K(25088K), 0.0005220 secs] [Times: user=0.00 sys=0.00, real=0.00 secs] 
160.821: [Full GC [PSYoungGen: 646K->0K(7680K)] [ParOldGen: 8837K->2099K(17408K)] 9483K->2099K(25088K) [PSPermGen: 5141K->5141K(21504K)], 0.0040520 secs] [Times: user=0.02 sys=0.00, real=0.01 secs] 
160.825: Total time for which application threads were stopped: 0.0664990 seconds, Stopping threads took: 0.0618030 seconds
160.826: Application time: 0.0012330 seconds
160.870: [GC [PSYoungGen: 6560K->1006K(7680K)] 8659K->8509K(25088K), 0.0020050 secs] [Times: user=0.02 sys=0.00, real=0.00 secs] 
160.872: [Full GC [PSYoungGen: 1006K->0K(7680K)] [ParOldGen: 7502K->7568K(17408K)] 8509K->7568K(25088K) [PSPermGen: 5141K->5141K(21504K)], 0.0046090 secs] [Times: user=0.02 sys=0.00, real=0.00 secs] 
160.876: Total time for which application threads were stopped: 0.0500480 seconds, Stopping threads took: 0.0433010 seconds
160.952: Application time: 0.0757020 seconds
161.017: [GC [PSYoungGen: 6656K->192K(7680K)] 14224K->7760K(25088K), 0.0004100 secs] [Times: user=0.00 sys=0.00, real=0.00 secs] 
161.019: Total time for which application threads were stopped: 0.0668360 seconds, Stopping threads took: 0.0652040 seconds
161.020: Application time: 0.0008270 seconds
161.020: [GC [PSYoungGen: 6752K->1006K(7680K)] 14320K->14271K(25088K), 0.0018540 secs] [Times: user=0.01 sys=0.00, real=0.01 secs] 
161.022: [Full GC [PSYoungGen: 1006K->0K(7680K)] [ParOldGen: 13264K->7860K(17408K)] 14271K->7860K(25088K) [PSPermGen: 5141K->5141K(21504K)], 0.0050490 secs] [Times: user=0.03 sys=0.00, real=0.00 secs] 
161.027: Total time for which application threads were stopped: 0.0071260 seconds, Stopping threads took: 0.0000960 seconds
161.108: Application time: 0.0816520 seconds
161.170: [GC [PSYoungGen: 6559K->451K(7680K)] 14420K->8312K(25088K), 0.0003920 secs] [Times: user=0.00 sys=0.00, real=0.00 secs] 
161.170: [Full GC [PSYoungGen: 451K->0K(7680K)] [ParOldGen: 7860K->1733K(17408K)] 8312K->1733K(25088K) [PSPermGen: 5141K->5141K(21504K)], 0.0038020 secs] [Times: user=0.01 sys=0.00, real=0.00 secs] 
161.174: Total time for which application threads were stopped: 0.0655680 seconds, Stopping threads took: 0.0612590 seconds
161.175: Application time: 0.0013370 seconds
161.219: [GC [PSYoungGen: 6560K->1005K(7680K)] 8293K->7629K(25088K), 0.0016970 secs] [Times: user=0.01 sys=0.00, real=0.00 secs] 
161.221: Total time for which application threads were stopped: 0.0451310 seconds, Stopping threads took: 0.0433580 seconds
161.297: Application time: 0.0765330 seconds
161.348: [GC [PSYoungGen: 7643K->614K(7680K)] 14267K->7239K(25088K), 0.0006400 secs] [Times: user=0.00 sys=0.00, real=0.00 secs] 
161.349: Total time for which application threads were stopped: 0.0520290 seconds, Stopping threads took: 0.0513170 seconds
161.350: Application time: 0.0008320 seconds
161.393: [GC [PSYoungGen: 7077K->1006K(7680K)] 13701K->12570K(25088K), 0.0017960 secs] [Times: user=0.02 sys=0.00, real=0.00 secs] 
161.394: [Full GC [PSYoungGen: 1006K->0K(7680K)] [ParOldGen: 11563K->7079K(17408K)] 12570K->7079K(25088K) [PSPermGen: 5141K->5141K(21504K)], 0.0049040 secs] [Times: user=0.02 sys=0.00, real=0.00 secs] 
161.399: Total time for which application threads were stopped: 0.0494140 seconds, Stopping threads took: 0.0425840 seconds
161.473: Application time: 0.0737590 seconds
161.519: [GC [PSYoungGen: 6540K->939K(7680K)] 13620K->8800K(25088K), 0.0007140 secs] [Times: user=0.00 sys=0.00, real=0.00 secs] 
161.520: Total time for which application threads were stopped: 0.0465950 seconds, Stopping threads took: 0.0458110 seconds
161.521: Application time: 0.0010640 seconds
161.576: [GC [PSYoungGen: 7578K->1007K(7680K)] 15439K->12846K(25088K), 0.0018360 secs] [Times: user=0.01 sys=0.00, real=0.00 secs] 
161.578: [Full GC [PSYoungGen: 1007K->0K(7680K)] [ParOldGen: 11839K->6103K(17408K)] 12846K->6103K(25088K) [PSPermGen: 5141K->5141K(21504K)], 0.0051000 secs] [Times: user=0.03 sys=0.00, real=0.01 secs] 
161.583: Total time for which application threads were stopped: 0.0624150 seconds, Stopping threads took: 0.0553480 seconds
161.662: Application time: 0.0784760 seconds
161.706: [GC [PSYoungGen: 6364K->518K(7680K)] 12467K->6621K(25088K), 0.0005510 secs] [Times: user=0.00 sys=0.00, real=0.00 secs] 
161.706: Total time for which application threads were stopped: 0.0445250 seconds, Stopping threads took: 0.0438880 seconds
161.707: Application time: 0.0008640 seconds
161.762: [GC [PSYoungGen: 7157K->1008K(7680K)] 13260K->12075K(25088K), 0.0019300 secs] [Times: user=0.02 sys=0.00, real=0.00 secs] 
161.764: [Full GC [PSYoungGen: 1008K->0K(7680K)] [ParOldGen: 11066K->7177K(17408K)] 12075K->7177K(25088K) [PSPermGen: 5141K->5141K(21504K)], 0.0046660 secs] [Times: user=0.01 sys=0.01, real=0.00 secs] 
161.769: Total time for which application threads were stopped: 0.0615610 seconds, Stopping threads took: 0.0548390 seconds
161.842: Application time: 0.0737600 seconds
161.888: [GC [PSYoungGen: 6442K->582K(7680K)] 13620K->7760K(25088K), 0.0004620 secs] [Times: user=0.00 sys=0.00, real=0.00 secs] 
161.889: Total time for which application threads were stopped: 0.0462810 seconds, Stopping threads took: 0.0457470 seconds
161.889: Application time: 0.0007680 seconds
161.890: [GC [PSYoungGen: 7045K->1005K(7680K)] 14222K->14245K(25088K), 0.0019780 secs] [Times: user=0.01 sys=0.00, real=0.00 secs] 
161.892: [Full GC [PSYoungGen: 1005K->0K(7680K)] [ParOldGen: 13240K->8153K(17408K)] 14245K->8153K(25088K) [PSPermGen: 5141K->5141K(21504K)], 0.0050610 secs] [Times: user=0.03 sys=0.00, real=0.00 secs] 
161.897: Total time for which application threads were stopped: 0.0073080 seconds, Stopping threads took: 0.0001450 seconds
161.977: Application time: 0.0806890 seconds
162.045: [GC [PSYoungGen: 6462K->582K(7680K)] 14615K->8736K(25088K), 0.0003790 secs] [Times: user=0.00 sys=0.00, real=0.00 secs] 
162.045: [Full GC [PSYoungGen: 582K->0K(7680K)] [ParOldGen: 8153K->1956K(17408K)] 8736K->1956K(25088K) [PSPermGen: 5141K->5141K(21504K)], 0.0039850 secs] [Times: user=0.01 sys=0.00, real=0.00 secs] 
162.049: Total time for which application threads were stopped: 0.0715200 seconds, Stopping threads took: 0.0670370 seconds
162.050: Application time: 0.0012080 seconds
162.093: [GC [PSYoungGen: 6462K->1005K(7680K)] 8419K->7950K(25088K), 0.0018430 secs] [Times: user=0.01 sys=0.00, real=0.00 secs] 
162.095: Total time for which application threads were stopped: 0.0450300 seconds, Stopping threads took: 0.0431090 seconds
162.168: Application time: 0.0732780 seconds
162.214: [GC [PSYoungGen: 7565K->907K(7680K)] 14510K->9806K(25088K), 0.0009350 secs] [Times: user=0.00 sys=0.00, real=0.00 secs] 
162.215: [Full GC [PSYoungGen: 907K->0K(7680K)] [ParOldGen: 8898K->3954K(17408K)] 9806K->3954K(25088K) [PSPermGen: 5141K->5141K(21504K)], 0.0040560 secs] [Times: user=0.02 sys=0.00, real=0.00 secs] 
162.219: Total time for which application threads were stopped: 0.0506970 seconds, Stopping threads took: 0.0455870 seconds
162.299: Application time: 0.0800660 seconds
162.318: [GC [PSYoungGen: 6442K->550K(7680K)] 10397K->4505K(25088K), 0.0003620 secs] [Times: user=0.01 sys=0.00, real=0.00 secs] 
162.318: Total time for which application threads were stopped: 0.0190400 seconds, Stopping threads took: 0.0186110 seconds
162.319: Application time: 0.0007920 seconds
162.363: [GC [PSYoungGen: 7110K->1005K(7680K)] 11065K->10046K(25088K), 0.0018400 secs] [Times: user=0.01 sys=0.00, real=0.00 secs] 
162.365: [Full GC [PSYoungGen: 1005K->0K(7680K)] [ParOldGen: 9041K->7177K(17408K)] 10046K->7177K(25088K) [PSPermGen: 5141K->5141K(21504K)], 0.0046210 secs] [Times: user=0.02 sys=0.00, real=0.01 secs] 
162.370: Total time for which application threads were stopped: 0.0509750 seconds, Stopping threads took: 0.0443860 seconds
162.445: Application time: 0.0751240 seconds
162.490: [GC [PSYoungGen: 6540K->907K(7680K)] 13717K->10037K(25088K), 0.0009560 secs] [Times: user=0.00 sys=0.00, real=0.00 secs] 
162.491: [Full GC [PSYoungGen: 907K->0K(7680K)] [ParOldGen: 9130K->3954K(17408K)] 10037K->3954K(25088K) [PSPermGen: 5141K->5141K(21504K)], 0.0041830 secs] [Times: user=0.02 sys=0.00, real=0.00 secs] 
162.495: Total time for which application threads were stopped: 0.0503210 seconds, Stopping threads took: 0.0450550 seconds
162.573: Application time: 0.0776570 seconds
162.587: [GC [PSYoungGen: 6638K->826K(7680K)] 10593K->4780K(25088K), 0.0004660 secs] [Times: user=0.00 sys=0.00, real=0.00 secs] 
162.587: Total time for which application threads were stopped: 0.0138820 seconds, Stopping threads took: 0.0133540 seconds
162.588: Application time: 0.0007650 seconds
162.644: [GC [PSYoungGen: 7386K->1006K(7680K)] 11340K->9119K(25088K), 0.0018030 secs] [Times: user=0.02 sys=0.00, real=0.00 secs] 
162.646: Total time for which application threads were stopped: 0.0579110 seconds, Stopping threads took: 0.0560030 seconds
162.719: Application time: 0.0735200 seconds
162.765: [GC [PSYoungGen: 7566K->1005K(7680K)] 15679K->9117K(25088K), 0.0006050 secs] [Times: user=0.01 sys=0.00, real=0.00 secs] 
162.766: Total time for which application threads were stopped: 0.0464640 seconds, Stopping threads took: 0.0457910 seconds
162.767: Application time: 0.0008360 seconds
162.810: [GC [PSYoungGen: 7565K->1005K(7680K)] 15677K->14594K(25088K), 0.0019660 secs] [Times: user=0.01 sys=0.00, real=0.00 secs] 
162.812: [Full GC [PSYoungGen: 1005K->0K(7680K)] [ParOldGen: 13589K->7567K(17408K)] 14594K->7567K(25088K) [PSPermGen: 5141K->5141K(21504K)], 0.0048540 secs] [Times: user=0.02 sys=0.01, real=0.00 secs] 
162.817: Total time for which application threads were stopped: 0.0506490 seconds, Stopping threads took: 0.0436800 seconds
162.898: Application time: 0.0808060 seconds
162.960: [GC [PSYoungGen: 6656K->256K(7680K)] 14223K->7823K(25088K), 0.0004230 secs] [Times: user=0.00 sys=0.00, real=0.00 secs] 
162.960: Total time for which application threads were stopped: 0.0621580 seconds, Stopping threads took: 0.0616710 seconds
162.961: Application time: 0.0008410 seconds
162.961: [GC [PSYoungGen: 6816K->1006K(7680K)] 14383K->14271K(25088K), 0.0017940 secs] [Times: user=0.01 sys=0.00, real=0.00 secs] 
162.963: [Full GC [PSYoungGen: 1006K->0K(7680K)] [ParOldGen: 13264K->7860K(17408K)] 14271K->7860K(25088K) [PSPermGen: 5141K->5141K(21504K)], 0.0049890 secs] [Times: user=0.02 sys=0.01, real=0.00 secs] 
162.968: Total time for which application threads were stopped: 0.0070510 seconds, Stopping threads took: 0.0001240 seconds
163.049: Application time: 0.0809530 seconds
163.109: [GC [PSYoungGen: 6637K->419K(7680K)] 14498K->8279K(25088K), 0.0003810 secs] [Times: user=0.00 sys=0.00, real=0.01 secs] 
163.109: Total time for which application threads were stopped: 0.0603680 seconds, Stopping threads took: 0.0599140 seconds
163.110: Application time: 0.0007040 seconds
163.110: [GC [PSYoungGen: 6979K->1008K(7680K)] 14839K->14711K(25088K), 0.0021450 secs] [Times: user=0.02 sys=0.00, real=0.00 secs] 
163.113: [Full GC [PSYoungGen: 1008K->0K(7680K)] [ParOldGen: 13702K->8055K(17408K)] 14711K->8055K(25088K) [PSPermGen: 5141K->5141K(21504K)], 0.0050460 secs] [Times: user=0.02 sys=0.00, real=0.00 secs] 
163.118: Total time for which application threads were stopped: 0.0075970 seconds, Stopping threads took: 0.0002580 seconds
163.197: Application time: 0.0789530 seconds
163.258: [GC [PSYoungGen: 6559K->614K(7680K)] 14615K->8670K(25088K), 0.0004330 secs] [Times: user=0.00 sys=0.00, real=0.00 secs] 
163.259: Total time for which application threads were stopped: 0.0622350 seconds, Stopping threads took: 0.0617400 seconds
163.260: Application time: 0.0008620 seconds
163.307: [GC [PSYoungGen: 7253K->1005K(7680K)] 15308K->14147K(25088K), 0.0018570 secs] [Times: user=0.01 sys=0.00, real=0.00 secs] 
163.309: [Full GC [PSYoungGen: 1005K->0K(7680K)] [ParOldGen: 13142K->7176K(17408K)] 14147K->7176K(25088K) [PSPermGen: 5141K->5141K(21504K)], 0.0048930 secs] [Times: user=0.02 sys=0.00, real=0.01 secs] 
163.314: Total time for which application threads were stopped: 0.0538480 seconds, Stopping threads took: 0.0469710 seconds
163.401: Application time: 0.0872720 seconds
163.469: [GC [PSYoungGen: 6364K->646K(7680K)] 13541K->7823K(25088K), 0.0003990 secs] [Times: user=0.00 sys=0.00, real=0.01 secs] 
163.469: Total time for which application threads were stopped: 0.0683250 seconds, Stopping threads took: 0.0678610 seconds
163.470: Application time: 0.0008680 seconds
163.520: [GC [PSYoungGen: 7302K->1005K(7680K)] 14479K->12292K(25088K), 0.0016020 secs] [Times: user=0.01 sys=0.00, real=0.01 secs] 
163.522: [Full GC [PSYoungGen: 1005K->0K(7680K)] [ParOldGen: 11286K->6200K(17408K)] 12292K->6200K(25088K) [PSPermGen: 5141K->5141K(21504K)], 0.0046050 secs] [Times: user=0.02 sys=0.00, real=0.00 secs] 
163.526: Total time for which application threads were stopped: 0.0563010 seconds, Stopping threads took: 0.0499710 seconds
163.601: Application time: 0.0744410 seconds
163.648: [GC [PSYoungGen: 6638K->1005K(7680K)] 12838K->8182K(25088K), 0.0007910 secs] [Times: user=0.00 sys=0.00, real=0.00 secs] 
163.649: Total time for which application threads were stopped: 0.0476850 seconds, Stopping threads took: 0.0467940 seconds
163.650: Application time: 0.0014230 seconds
163.720: [GC [PSYoungGen: 7643K->1005K(7680K)] 14821K->8182K(25088K), 0.0005340 secs] [Times: user=0.00 sys=0.00, real=0.00 secs] 
163.720: Total time for which application threads were stopped: 0.0702240 seconds, Stopping threads took: 0.0696210 seconds
163.721: Application time: 0.0008090 seconds
163.773: [GC [PSYoungGen: 7643K->1005K(7680K)] 14821K->12637K(25088K), 0.0018530 secs] [Times: user=0.01 sys=0.00, real=0.00 secs] 
163.775: [Full GC [PSYoungGen: 1005K->0K(7680K)] [ParOldGen: 11632K->6493K(17408K)] 12637K->6493K(25088K) [PSPermGen: 5141K->5141K(21504K)], 0.0051040 secs] [Times: user=0.02 sys=0.01, real=0.00 secs] 
163.780: Total time for which application threads were stopped: 0.0590570 seconds, Stopping threads took: 0.0519570 seconds
163.852: Application time: 0.0721710 seconds
163.897: [GC [PSYoungGen: 6462K->1005K(7680K)] 12956K->8671K(25088K), 0.0008610 secs] [Times: user=0.00 sys=0.00, real=0.00 secs] 
163.898: Total time for which application threads were stopped: 0.0457840 seconds, Stopping threads took: 0.0448490 seconds
163.899: Application time: 0.0012590 seconds
163.968: [GC [PSYoungGen: 7565K->973K(7680K)] 15231K->10983K(25088K), 0.0011810 secs] [Times: user=0.01 sys=0.00, real=0.01 secs] 
163.969: [Full GC [PSYoungGen: 973K->0K(7680K)] [ParOldGen: 10009K->4443K(17408K)] 10983K->4443K(25088K) [PSPermGen: 5141K->5141K(21504K)], 0.0041800 secs] [Times: user=0.02 sys=0.00, real=0.00 secs] 
163.974: Total time for which application threads were stopped: 0.0743920 seconds, Stopping threads took: 0.0688890 seconds
164.049: Application time: 0.0755730 seconds
164.059: [GC [PSYoungGen: 6560K->1006K(7680K)] 11003K->5645K(25088K), 0.0007530 secs] [Times: user=0.00 sys=0.00, real=0.00 secs] 
164.060: Total time for which application threads were stopped: 0.0103000 seconds, Stopping threads took: 0.0094570 seconds
164.060: Application time: 0.0009800 seconds
164.112: [GC [PSYoungGen: 7662K->907K(7680K)] 12301K->10429K(25088K), 0.0018620 secs] [Times: user=0.01 sys=0.00, real=0.00 secs] 
164.114: [Full GC [PSYoungGen: 907K->0K(7680K)] [ParOldGen: 9521K->6884K(17408K)] 10429K->6884K(25088K) [PSPermGen: 5141K->5141K(21504K)], 0.0046380 secs] [Times: user=0.02 sys=0.00, real=0.00 secs] 
164.118: Total time for which application threads were stopped: 0.0578400 seconds, Stopping threads took: 0.0512100 seconds
164.192: Application time: 0.0734550 seconds
164.237: [GC [PSYoungGen: 6599K->1021K(7680K)] 13483K->8296K(25088K), 0.0006440 secs] [Times: user=0.00 sys=0.00, real=0.00 secs] 
164.238: Total time for which application threads were stopped: 0.0458650 seconds, Stopping threads took: 0.0451430 seconds
164.239: Application time: 0.0010030 seconds
164.282: [GC [PSYoungGen: 7581K->1005K(7680K)] 14856K->13153K(25088K), 0.0017100 secs] [Times: user=0.01 sys=0.00, real=0.00 secs] 
164.284: [Full GC [PSYoungGen: 1005K->0K(7680K)] [ParOldGen: 12148K->6884K(17408K)] 13153K->6884K(25088K) [PSPermGen: 5141K->5141K(21504K)], 0.0050510 secs] [Times: user=0.03 sys=0.00, real=0.01 secs] 
164.289: Total time for which application threads were stopped: 0.0505560 seconds, Stopping threads took: 0.0436810 seconds
164.372: Application time: 0.0829180 seconds
164.440: [GC [PSYoungGen: 6462K->387K(7680K)] 13346K->7271K(25088K), 0.0003970 secs] [Times: user=0.00 sys=0.00, real=0.00 secs] 
164.440: Total time for which application threads were stopped: 0.0677960 seconds, Stopping threads took: 0.0673110 seconds
164.441: Application time: 0.0008090 seconds
164.487: [GC [PSYoungGen: 7043K->1005K(7680K)] 13927K->12870K(25088K), 0.0017370 secs] [Times: user=0.01 sys=0.01, real=0.00 secs] 
164.489: [Full GC [PSYoungGen: 1005K->0K(7680K)] [ParOldGen: 11865K->7079K(17408K)] 12870K->7079K(25088K) [PSPermGen: 5141K->5141K(21504K)], 0.0049950 secs] [Times: user=0.02 sys=0.00, real=0.01 secs] 
164.494: Total time for which application threads were stopped: 0.0531710 seconds, Stopping threads took: 0.0463190 seconds
164.568: Application time: 0.0741520 seconds
164.612: [GC [PSYoungGen: 6462K->646K(7680K)] 13542K->7726K(25088K), 0.0004840 secs] [Times: user=0.00 sys=0.00, real=0.00 secs] 
164.612: Total time for which application threads were stopped: 0.0442190 seconds, Stopping threads took: 0.0436650 seconds
164.613: Application time: 0.0009500 seconds
164.613: [GC [PSYoungGen: 7206K->939K(7680K)] 14286K->14269K(25088K), 0.0019560 secs] [Times: user=0.02 sys=0.00, real=0.00 secs] 
164.615: [Full GC [PSYoungGen: 939K->0K(7680K)] [ParOldGen: 13330K->8251K(17408K)] 14269K->8251K(25088K) [PSPermGen: 5141K->5141K(21504K)], 0.0051450 secs] [Times: user=0.02 sys=0.00, real=0.00 secs] 
164.621: Total time for which application threads were stopped: 0.0072600 seconds, Stopping threads took: 0.0000340 seconds
164.700: Application time: 0.0798280 seconds
164.763: [GC [PSYoungGen: 6442K->646K(7680K)] 14694K->8898K(25088K), 0.0005510 secs] [Times: user=0.01 sys=0.00, real=0.00 secs] 
164.764: Total time for which application threads were stopped: 0.0632350 seconds, Stopping threads took: 0.0625870 seconds
164.764: Application time: 0.0007860 seconds
164.765: [GC [PSYoungGen: 7109K->1006K(7680K)] 15360K->15255K(25088K), 0.0018730 secs] [Times: user=0.02 sys=0.00, real=0.00 secs] 
164.767: [Full GC [PSYoungGen: 1006K->0K(7680K)] [ParOldGen: 14248K->8154K(17408K)] 15255K->8154K(25088K) [PSPermGen: 5141K->5141K(21504K)], 0.0052060 secs] [Times: user=0.02 sys=0.00, real=0.01 secs] 
164.772: Total time for which application threads were stopped: 0.0074030 seconds, Stopping threads took: 0.0002080 seconds
164.853: Application time: 0.0815050 seconds
164.914: [GC [PSYoungGen: 6462K->582K(7680K)] 14616K->8736K(25088K), 0.0006570 secs] [Times: user=0.00 sys=0.00, real=0.00 secs] 
164.915: Total time for which application threads were stopped: 0.0617700 seconds, Stopping threads took: 0.0610240 seconds
164.916: Application time: 0.0007120 seconds
164.916: [GC [PSYoungGen: 7045K->1005K(7680K)] 15199K->15222K(25088K), 0.0020630 secs] [Times: user=0.02 sys=0.00, real=0.00 secs] 
164.918: [Full GC [PSYoungGen: 1005K->0K(7680K)] [ParOldGen: 14217K->8154K(17408K)] 15222K->8154K(25088K) [PSPermGen: 5141K->5141K(21504K)], 0.0050290 secs] [Times: user=0.02 sys=0.00, real=0.01 secs] 
164.923: Total time for which application threads were stopped: 0.0075150 seconds, Stopping threads took: 0.0002970 seconds
165.004: Application time: 0.0804440 seconds
165.064: [GC [PSYoungGen: 6462K->582K(7680K)] 14616K->8736K(25088K), 0.0004320 secs] [Times: user=0.00 sys=0.00, real=0.00 secs] 
165.065: [Full GC [PSYoungGen: 582K->0K(7680K)] [ParOldGen: 8154K->1927K(17408K)] 8736K->1927K(25088K) [PSPermGen: 5141K->5141K(21504K)], 0.0037000 secs] [Times: user=0.01 sys=0.00, real=0.00 secs] 
165.069: Total time for which application threads were stopped: 0.0649170 seconds, Stopping threads took: 0.0606750 seconds
165.070: Application time: 0.0012030 seconds
165.116: [GC [PSYoungGen: 6560K->1005K(7680K)] 8487K->8019K(25088K), 0.0018860 secs] [Times: user=0.02 sys=0.00, real=0.00 secs] 
165.118: Total time for which application threads were stopped: 0.0483200 seconds, Stopping threads took: 0.0463560 seconds
165.193: Application time: 0.0745290 seconds
165.237: [GC [PSYoungGen: 7545K->939K(7680K)] 14559K->9906K(25088K), 0.0009720 secs] [Times: user=0.00 sys=0.00, real=0.00 secs] 
165.238: [Full GC [PSYoungGen: 939K->0K(7680K)] [ParOldGen: 8967K->3955K(17408K)] 9906K->3955K(25088K) [PSPermGen: 5141K->5141K(21504K)], 0.0042340 secs] [Times: user=0.02 sys=0.00, real=0.01 secs] 
165.242: Total time for which application threads were stopped: 0.0497540 seconds, Stopping threads took: 0.0444210 seconds
165.321: Application time: 0.0784000 seconds
165.337: [GC [PSYoungGen: 6364K->582K(7680K)] 10319K->4537K(25088K), 0.0003700 secs] [Times: user=0.00 sys=0.00, real=0.00 secs] 
165.337: Total time for which application threads were stopped: 0.0164610 seconds, Stopping threads took: 0.0160140 seconds
165.338: Application time: 0.0007210 seconds
165.387: [GC [PSYoungGen: 7142K->1005K(7680K)] 11097K->8964K(25088K), 0.0015400 secs] [Times: user=0.00 sys=0.01, real=0.00 secs] 
165.389: Total time for which application threads were stopped: 0.0509990 seconds, Stopping threads took: 0.0493820 seconds
165.462: Application time: 0.0726210 seconds
165.507: [GC [PSYoungGen: 7565K->809K(7680K)] 15524K->8769K(25088K), 0.0005910 secs] [Times: user=0.01 sys=0.00, real=0.00 secs] 
165.508: Total time for which application threads were stopped: 0.0461980 seconds, Stopping threads took: 0.0455210 seconds
165.509: Application time: 0.0009350 seconds
165.553: [GC [PSYoungGen: 7426K->1006K(7680K)] 15386K->14128K(25088K), 0.0018170 secs] [Times: user=0.02 sys=0.00, real=0.00 secs] 
165.554: [Full GC [PSYoungGen: 1006K->0K(7680K)] [ParOldGen: 13121K->7275K(17408K)] 14128K->7275K(25088K) [PSPermGen: 5141K->5141K(21504K)], 0.0052100 secs] [Times: user=0.02 sys=0.00, real=0.00 secs] 
165.560: Total time for which application threads were stopped: 0.0508110 seconds, Stopping threads took: 0.0436640 seconds
165.634: Application time: 0.0740270 seconds
165.681: [GC [PSYoungGen: 6266K->582K(7680K)] 13542K->7858K(25088K), 0.0004430 secs] [Times: user=0.00 sys=0.00, real=0.00 secs] 
165.681: Total time for which application threads were stopped: 0.0473240 seconds, Stopping threads took: 0.0467940 seconds
165.682: Application time: 0.0008560 seconds
165.726: [GC [PSYoungGen: 7221K->1005K(7680K)] 14496K->13391K(25088K), 0.0018530 secs] [Times: user=0.01 sys=0.00, real=0.00 secs] 
165.727: [Full GC [PSYoungGen: 1005K->0K(7680K)] [ParOldGen: 12385K->7177K(17408K)] 13391K->7177K(25088K) [PSPermGen: 5141K->5141K(21504K)], 0.0049190 secs] [Times: user=0.02 sys=0.00, real=0.01 secs] 
165.732: Total time for which application threads were stopped: 0.0505970 seconds, Stopping threads took: 0.0437010 seconds
165.807: Application time: 0.0744030 seconds
165.851: [GC [PSYoungGen: 6364K->875K(7680K)] 13542K->8834K(25088K), 0.0007190 secs] [Times: user=0.01 sys=0.00, real=0.00 secs] 
165.852: Total time for which application threads were stopped: 0.0447460 seconds, Stopping threads took: 0.0439320 seconds
165.853: Application time: 0.0011200 seconds
165.897: [GC [PSYoungGen: 7494K->1005K(7680K)] 15453K->13953K(25088K), 0.0018700 secs] [Times: user=0.01 sys=0.00, real=0.00 secs] 
165.898: [Full GC [PSYoungGen: 1005K->0K(7680K)] [ParOldGen: 12947K->7080K(17408K)] 13953K->7080K(25088K) [PSPermGen: 5141K->5141K(21504K)], 0.0047280 secs] [Times: user=0.03 sys=0.00, real=0.01 secs] 
165.903: Total time for which application threads were stopped: 0.0505520 seconds, Stopping threads took: 0.0438230 seconds
165.991: Application time: 0.0876880 seconds
166.045: [GC [PSYoungGen: 6462K->646K(7680K)] 13542K->7727K(25088K), 0.0006050 secs] [Times: user=0.00 sys=0.00, real=0.00 secs] 
166.047: Total time for which application threads were stopped: 0.0556620 seconds, Stopping threads took: 0.0539920 seconds
166.047: Application time: 0.0007930 seconds
166.048: [GC [PSYoungGen: 7109K->1006K(7680K)] 14189K->14076K(25088K), 0.0021220 secs] [Times: user=0.01 sys=0.00, real=0.01 secs] 
166.050: [Full GC [PSYoungGen: 1006K->0K(7680K)] [ParOldGen: 13069K->8154K(17408K)] 14076K->8154K(25088K) [PSPermGen: 5141K->5141K(21504K)], 0.0049970 secs] [Times: user=0.02 sys=0.00, real=0.00 secs] 
166.055: Total time for which application threads were stopped: 0.0074260 seconds, Stopping threads took: 0.0001830 seconds
166.133: Application time: 0.0783250 seconds
166.196: [GC [PSYoungGen: 6462K->614K(7680K)] 14616K->8769K(25088K), 0.0004920 secs] [Times: user=0.00 sys=0.00, real=0.00 secs] 
166.197: [Full GC [PSYoungGen: 614K->0K(7680K)] [ParOldGen: 8154K->1927K(17408K)] 8769K->1927K(25088K) [PSPermGen: 5141K->5141K(21504K)], 0.0037730 secs] [Times: user=0.01 sys=0.00, real=0.00 secs] 
166.201: Total time for which application threads were stopped: 0.0673910 seconds, Stopping threads took: 0.0629890 seconds
166.202: Application time: 0.0012280 seconds
166.246: [GC [PSYoungGen: 6560K->1005K(7680K)] 8487K->8019K(25088K), 0.0017970 secs] [Times: user=0.01 sys=0.00, real=0.00 secs] 
166.247: Total time for which application threads were stopped: 0.0455420 seconds, Stopping threads took: 0.0436670 seconds
166.321: Application time: 0.0740200 seconds
166.366: [GC [PSYoungGen: 7448K->614K(7680K)] 14462K->7628K(25088K), 0.0004690 secs] [Times: user=0.00 sys=0.00, real=0.00 secs] 
166.367: Total time for which application threads were stopped: 0.0454880 seconds, Stopping threads took: 0.0449460 seconds
166.368: Application time: 0.0009380 seconds
166.410: [GC [PSYoungGen: 7174K->1005K(7680K)] 14188K->13129K(25088K), 0.0017670 secs] [Times: user=0.01 sys=0.00, real=0.00 secs] 
166.411: [Full GC [PSYoungGen: 1005K->0K(7680K)] [ParOldGen: 12124K->7177K(17408K)] 13129K->7177K(25088K) [PSPermGen: 5141K->5141K(21504K)], 0.0050170 secs] [Times: user=0.02 sys=0.00, real=0.00 secs] 
166.417: Total time for which application threads were stopped: 0.0487020 seconds, Stopping threads took: 0.0417720 seconds
166.490: Application time: 0.0737150 seconds
166.535: [GC [PSYoungGen: 6364K->646K(7680K)] 13542K->7824K(25088K), 0.0004200 secs] [Times: user=0.01 sys=0.00, real=0.00 secs] 
166.536: Total time for which application threads were stopped: 0.0454190 seconds, Stopping threads took: 0.0449350 seconds
166.536: Application time: 0.0007710 seconds
166.589: [GC [PSYoungGen: 7187K->1006K(7680K)] 14365K->13123K(25088K), 0.0017830 secs] [Times: user=0.01 sys=0.00, real=0.01 secs] 
166.590: [Full GC [PSYoungGen: 1006K->0K(7680K)] [ParOldGen: 12117K->7080K(17408K)] 13123K->7080K(25088K) [PSPermGen: 5141K->5141K(21504K)], 0.0047680 secs] [Times: user=0.02 sys=0.00, real=0.00 secs] 
166.595: Total time for which application threads were stopped: 0.0587510 seconds, Stopping threads took: 0.0520740 seconds
166.669: Application time: 0.0737240 seconds
166.716: [GC [PSYoungGen: 6559K->973K(7680K)] 13640K->8834K(25088K), 0.0007560 secs] [Times: user=0.01 sys=0.00, real=0.00 secs] 
166.716: Total time for which application threads were stopped: 0.0474800 seconds, Stopping threads took: 0.0466510 seconds
166.717: Application time: 0.0010270 seconds
166.779: [GC [PSYoungGen: 7435K->907K(7680K)] 15297K->12871K(25088K), 0.0016090 secs] [Times: user=0.01 sys=0.00, real=0.00 secs] 
166.781: [Full GC [PSYoungGen: 907K->0K(7680K)] [ParOldGen: 11963K->6104K(17408K)] 12871K->6104K(25088K) [PSPermGen: 5141K->5141K(21504K)], 0.0046690 secs] [Times: user=0.02 sys=0.01, real=0.01 secs] 
166.785: Total time for which application threads were stopped: 0.0678900 seconds, Stopping threads took: 0.0614850 seconds
166.862: Application time: 0.0762670 seconds
166.913: [GC [PSYoungGen: 6656K->1005K(7680K)] 12760K->8085K(25088K), 0.0007660 secs] [Times: user=0.00 sys=0.00, real=0.00 secs] 
166.914: Total time for which application threads were stopped: 0.0527300 seconds, Stopping threads took: 0.0518880 seconds
166.918: Application time: 0.0038550 seconds
166.986: [GC [PSYoungGen: 7643K->941K(7680K)] 14724K->8021K(25088K), 0.0004880 secs] [Times: user=0.01 sys=0.00, real=0.00 secs] 
166.987: Total time for which application threads were stopped: 0.0685400 seconds, Stopping threads took: 0.0679880 seconds
166.988: Application time: 0.0009740 seconds
167.038: [GC [PSYoungGen: 7480K->1005K(7680K)] 14560K->12415K(25088K), 0.0016590 secs] [Times: user=0.01 sys=0.00, real=0.00 secs] 
167.039: [Full GC [PSYoungGen: 1005K->0K(7680K)] [ParOldGen: 11409K->6397K(17408K)] 12415K->6397K(25088K) [PSPermGen: 5141K->5141K(21504K)], 0.0050410 secs] [Times: user=0.02 sys=0.01, real=0.01 secs] 
167.045: Total time for which application threads were stopped: 0.0569040 seconds, Stopping threads took: 0.0500780 seconds
167.117: Application time: 0.0720230 seconds
167.120: [GC [PSYoungGen: 6559K->939K(7680K)] 12957K->9680K(25088K), 0.0010930 secs] [Times: user=0.00 sys=0.00, real=0.01 secs] 
167.121: Total time for which application threads were stopped: 0.0046600 seconds, Stopping threads took: 0.0034910 seconds
167.200: Application time: 0.0786660 seconds
167.256: [GC [PSYoungGen: 7595K->192K(7680K)] 16336K->8933K(25088K), 0.0004220 secs] [Times: user=0.00 sys=0.00, real=0.00 secs] 
167.256: Total time for which application threads were stopped: 0.0564050 seconds, Stopping threads took: 0.0559180 seconds
167.257: Application time: 0.0008310 seconds
167.257: [GC [PSYoungGen: 6830K->1008K(7680K)] 15571K->15388K(25088K), 0.0019250 secs] [Times: user=0.01 sys=0.00, real=0.00 secs] 
167.259: [Full GC [PSYoungGen: 1008K->0K(7680K)] [ParOldGen: 14379K->7861K(17408K)] 15388K->7861K(25088K) [PSPermGen: 5141K->5141K(21504K)], 0.0048620 secs] [Times: user=0.02 sys=0.00, real=0.01 secs] 
167.264: Total time for which application threads were stopped: 0.0070680 seconds, Stopping threads took: 0.0001610 seconds
167.342: Application time: 0.0778500 seconds
167.406: [GC [PSYoungGen: 6559K->355K(7680K)] 14421K->8217K(25088K), 0.0006410 secs] [Times: user=0.00 sys=0.00, real=0.00 secs] 
167.407: Total time for which application threads were stopped: 0.0647760 seconds, Stopping threads took: 0.0640630 seconds
167.408: Application time: 0.0007080 seconds
167.408: [GC [PSYoungGen: 6915K->1008K(7680K)] 14777K->14688K(25088K), 0.0020680 secs] [Times: user=0.01 sys=0.00, real=0.01 secs] 
167.410: [Full GC [PSYoungGen: 1008K->0K(7680K)] [ParOldGen: 13679K->8057K(17408K)] 14688K->8057K(25088K) [PSPermGen: 5141K->5141K(21504K)], 0.0053530 secs] [Times: user=0.02 sys=0.00, real=0.00 secs] 
167.415: Total time for which application threads were stopped: 0.0078690 seconds, Stopping threads took: 0.0002980 seconds
167.494: Application time: 0.0781570 seconds
167.555: [GC [PSYoungGen: 6591K->646K(7680K)] 14648K->8703K(25088K), 0.0005130 secs] [Times: user=0.00 sys=0.00, real=0.00 secs] 
167.556: Total time for which application threads were stopped: 0.0620230 seconds, Stopping threads took: 0.0614350 seconds
167.557: Application time: 0.0008940 seconds
167.600: [GC [PSYoungGen: 7231K->1006K(7680K)] 15288K->14031K(25088K), 0.0019840 secs] [Times: user=0.01 sys=0.00, real=0.01 secs] 
167.602: [Full GC [PSYoungGen: 1006K->0K(7680K)] [ParOldGen: 13024K->7080K(17408K)] 14031K->7080K(25088K) [PSPermGen: 5141K->5141K(21504K)], 0.0049360 secs] [Times: user=0.02 sys=0.00, real=0.00 secs] 
167.607: Total time for which application threads were stopped: 0.0504630 seconds, Stopping threads took: 0.0434230 seconds
167.681: Application time: 0.0739820 seconds
167.726: [GC [PSYoungGen: 6637K->1005K(7680K)] 13718K->8875K(25088K), 0.0007600 secs] [Times: user=0.00 sys=0.00, real=0.00 secs] 
167.727: Total time for which application threads were stopped: 0.0459960 seconds, Stopping threads took: 0.0451670 seconds
167.728: Application time: 0.0010530 seconds
167.797: [GC [PSYoungGen: 7565K->1005K(7680K)] 15435K->12985K(25088K), 0.0016330 secs] [Times: user=0.01 sys=0.00, real=0.00 secs] 
167.798: [Full GC [PSYoungGen: 1005K->0K(7680K)] [ParOldGen: 11979K->6202K(17408K)] 12985K->6202K(25088K) [PSPermGen: 5141K->5141K(21504K)], 0.0045200 secs] [Times: user=0.02 sys=0.00, real=0.01 secs] 
167.803: Total time for which application threads were stopped: 0.0748690 seconds, Stopping threads took: 0.0685850 seconds
167.887: Application time: 0.0841690 seconds
167.934: [GC [PSYoungGen: 6656K->1005K(7680K)] 12858K->7207K(25088K), 0.0004940 secs] [Times: user=0.00 sys=0.00, real=0.00 secs] 
167.935: Total time for which application threads were stopped: 0.0474250 seconds, Stopping threads took: 0.0468610 seconds
167.935: Application time: 0.0009860 seconds
167.979: [GC [PSYoungGen: 7565K->939K(7680K)] 13767K->12708K(25088K), 0.0019470 secs] [Times: user=0.01 sys=0.00, real=0.00 secs] 
167.981: [Full GC [PSYoungGen: 939K->0K(7680K)] [ParOldGen: 11768K->7569K(17408K)] 12708K->7569K(25088K) [PSPermGen: 5141K->5141K(21504K)], 0.0048900 secs] [Times: user=0.03 sys=0.00, real=0.01 secs] 
167.986: Total time for which application threads were stopped: 0.0505420 seconds, Stopping threads took: 0.0435810 seconds
168.076: Application time: 0.0900500 seconds
168.137: [GC [PSYoungGen: 6559K->1005K(7680K)] 14128K->8769K(25088K), 0.0005790 secs] [Times: user=0.00 sys=0.00, real=0.00 secs] 
168.137: Total time for which application threads were stopped: 0.0612010 seconds, Stopping threads took: 0.0605430 seconds
168.141: Application time: 0.0039460 seconds
168.208: [GC [PSYoungGen: 7565K->192K(7680K)] 15330K->7956K(25088K), 0.0003610 secs] [Times: user=0.01 sys=0.00, real=0.00 secs] 
168.209: Total time for which application threads were stopped: 0.0673180 seconds, Stopping threads took: 0.0669030 seconds
168.209: Application time: 0.0006400 seconds
168.209: [GC [PSYoungGen: 6732K->1006K(7680K)] 14497K->14378K(25088K), 0.0018400 secs] [Times: user=0.01 sys=0.00, real=0.00 secs] 
168.211: [Full GC [PSYoungGen: 1006K->0K(7680K)] [ParOldGen: 13371K->7764K(17408K)] 14378K->7764K(25088K) [PSPermGen: 5141K->5141K(21504K)], 0.0049400 secs] [Times: user=0.03 sys=0.00, real=0.00 secs] 
168.216: Total time for which application threads were stopped: 0.0070750 seconds, Stopping threads took: 0.0001730 seconds
168.294: Application time: 0.0781150 seconds
168.358: [GC [PSYoungGen: 6540K->160K(7680K)] 14304K->7924K(25088K), 0.0005260 secs] [Times: user=0.00 sys=0.00, real=0.00 secs] 
168.358: Total time for which application threads were stopped: 0.0639700 seconds, Stopping threads took: 0.0633770 seconds
168.359: Application time: 0.0008270 seconds
168.359: [GC [PSYoungGen: 6720K->939K(7680K)] 14484K->14563K(25088K), 0.0018550 secs] [Times: user=0.01 sys=0.00, real=0.01 secs] 
168.361: [Full GC [PSYoungGen: 939K->0K(7680K)] [ParOldGen: 13624K->7862K(17408K)] 14563K->7862K(25088K) [PSPermGen: 5141K->5141K(21504K)], 0.0051670 secs] [Times: user=0.02 sys=0.00, real=0.00 secs] 
168.367: Total time for which application threads were stopped: 0.0073290 seconds, Stopping threads took: 0.0001600 seconds
168.446: Application time: 0.0799130 seconds
168.508: [GC [PSYoungGen: 6559K->451K(7680K)] 14421K->8313K(25088K), 0.0004700 secs] [Times: user=0.00 sys=0.00, real=0.00 secs] 
168.509: Total time for which application threads were stopped: 0.0620910 seconds, Stopping threads took: 0.0615590 seconds
168.509: Application time: 0.0007840 seconds
168.509: [GC [PSYoungGen: 7011K->1006K(7680K)] 14873K->14760K(25088K), 0.0018630 secs] [Times: user=0.01 sys=0.00, real=0.00 secs] 
168.511: [Full GC [PSYoungGen: 1006K->0K(7680K)] [ParOldGen: 13753K->8057K(17408K)] 14760K->8057K(25088K) [PSPermGen: 5141K->5141K(21504K)], 0.0049100 secs] [Times: user=0.03 sys=0.00, real=0.00 secs] 
168.516: Total time for which application threads were stopped: 0.0070250 seconds, Stopping threads took: 0.0001320 seconds
168.597: Application time: 0.0805140 seconds
168.657: [GC [PSYoungGen: 6559K->550K(7680K)] 14617K->8608K(25088K), 0.0004430 secs] [Times: user=0.00 sys=0.00, real=0.00 secs] 
168.658: [Full GC [PSYoungGen: 550K->0K(7680K)] [ParOldGen: 8057K->1927K(17408K)] 8608K->1927K(25088K) [PSPermGen: 5141K->5141K(21504K)], 0.0038120 secs] [Times: user=0.02 sys=0.00, real=0.01 secs] 
168.662: Total time for which application threads were stopped: 0.0646620 seconds, Stopping threads took: 0.0602590 seconds
168.663: Application time: 0.0012530 seconds
168.705: [GC [PSYoungGen: 6560K->1005K(7680K)] 8487K->8019K(25088K), 0.0017720 secs] [Times: user=0.01 sys=0.01, real=0.00 secs] 
168.707: Total time for which application threads were stopped: 0.0442140 seconds, Stopping threads took: 0.0423660 seconds
168.782: Application time: 0.0749410 seconds
168.828: [GC [PSYoungGen: 7369K->907K(7680K)] 14383K->8703K(25088K), 0.0006640 secs] [Times: user=0.00 sys=0.00, real=0.00 secs] 
168.828: Total time for which application threads were stopped: 0.0464480 seconds, Stopping threads took: 0.0457150 seconds
168.830: Application time: 0.0011180 seconds
168.883: [GC [PSYoungGen: 7546K->1006K(7680K)] 15341K->13839K(25088K), 0.0018190 secs] [Times: user=0.01 sys=0.00, real=0.00 secs] 
168.885: [Full GC [PSYoungGen: 1006K->0K(7680K)] [ParOldGen: 12832K->7178K(17408K)] 13839K->7178K(25088K) [PSPermGen: 5141K->5141K(21504K)], 0.0050510 secs] [Times: user=0.02 sys=0.00, real=0.01 secs] 
168.890: Total time for which application threads were stopped: 0.0605440 seconds, Stopping threads took: 0.0535490 seconds
168.963: Application time: 0.0730030 seconds
169.009: [GC [PSYoungGen: 6540K->841K(7680K)] 13719K->8997K(25088K), 0.0007110 secs] [Times: user=0.00 sys=0.00, real=0.01 secs] 
169.010: [Full GC [PSYoungGen: 841K->0K(7680K)] [ParOldGen: 8155K->2882K(17408K)] 8997K->2882K(25088K) [PSPermGen: 5141K->5141K(21504K)], 0.0042270 secs] [Times: user=0.02 sys=0.00, real=0.00 secs] 
169.014: Total time for which application threads were stopped: 0.0508940 seconds, Stopping threads took: 0.0458460 seconds
169.015: Application time: 0.0014520 seconds
169.059: [GC [PSYoungGen: 6560K->1005K(7680K)] 9442K->9063K(25088K), 0.0020370 secs] [Times: user=0.01 sys=0.00, real=0.00 secs] 
169.061: [Full GC [PSYoungGen: 1005K->0K(7680K)] [ParOldGen: 8058K->7276K(17408K)] 9063K->7276K(25088K) [PSPermGen: 5141K->5141K(21504K)], 0.0045430 secs] [Times: user=0.02 sys=0.01, real=0.00 secs] 
169.066: Total time for which application threads were stopped: 0.0503320 seconds, Stopping threads took: 0.0436100 seconds
169.140: Application time: 0.0737910 seconds
169.184: [GC [PSYoungGen: 6345K->646K(7680K)] 13621K->7923K(25088K), 0.0004080 secs] [Times: user=0.00 sys=0.00, real=0.00 secs] 
169.185: Total time for which application threads were stopped: 0.0452140 seconds, Stopping threads took: 0.0447380 seconds
169.186: Application time: 0.0009120 seconds
169.229: [GC [PSYoungGen: 7285K->1005K(7680K)] 14561K->13420K(25088K), 0.0018770 secs] [Times: user=0.01 sys=0.00, real=0.00 secs] 
169.231: [Full GC [PSYoungGen: 1005K->0K(7680K)] [ParOldGen: 12415K->7178K(17408K)] 13420K->7178K(25088K) [PSPermGen: 5141K->5141K(21504K)], 0.0048270 secs] [Times: user=0.02 sys=0.00, real=0.00 secs] 
169.236: Total time for which application threads were stopped: 0.0506330 seconds, Stopping threads took: 0.0437990 seconds
169.309: Application time: 0.0729580 seconds
169.354: [GC [PSYoungGen: 6364K->875K(7680K)] 13543K->8835K(25088K), 0.0006320 secs] [Times: user=0.01 sys=0.00, real=0.00 secs] 
169.355: Total time for which application threads were stopped: 0.0453200 seconds, Stopping threads took: 0.0446170 seconds
169.356: Application time: 0.0010170 seconds
169.416: [GC [PSYoungGen: 7531K->1005K(7680K)] 15491K->13067K(25088K), 0.0016180 secs] [Times: user=0.01 sys=0.00, real=0.00 secs] 
169.418: [Full GC [PSYoungGen: 1005K->0K(7680K)] [ParOldGen: 12062K->6202K(17408K)] 13067K->6202K(25088K) [PSPermGen: 5141K->5141K(21504K)], 0.0046360 secs] [Times: user=0.03 sys=0.00, real=0.01 secs] 
169.422: Total time for which application threads were stopped: 0.0666770 seconds, Stopping threads took: 0.0603030 seconds
169.505: Application time: 0.0831010 seconds
169.561: [GC [PSYoungGen: 6345K->582K(7680K)] 12547K->6785K(25088K), 0.0004760 secs] [Times: user=0.00 sys=0.01, real=0.01 secs] 
169.562: Total time for which application threads were stopped: 0.0562470 seconds, Stopping threads took: 0.0557070 seconds
169.562: Application time: 0.0008120 seconds
169.607: [GC [PSYoungGen: 7045K->939K(7680K)] 13247K->12220K(25088K), 0.0019210 secs] [Times: user=0.02 sys=0.00, real=0.00 secs] 
169.609: [Full GC [PSYoungGen: 939K->0K(7680K)] [ParOldGen: 11280K->7081K(17408K)] 12220K->7081K(25088K) [PSPermGen: 5141K->5141K(21504K)], 0.0047520 secs] [Times: user=0.02 sys=0.00, real=0.01 secs] 
169.614: Total time for which application threads were stopped: 0.0512750 seconds, Stopping threads took: 0.0444670 seconds
169.693: Application time: 0.0791220 seconds
169.747: [GC [PSYoungGen: 6462K->614K(7680K)] 13543K->7695K(25088K), 0.0004280 secs] [Times: user=0.00 sys=0.00, real=0.00 secs] 
169.748: Total time for which application threads were stopped: 0.0547470 seconds, Stopping threads took: 0.0542440 seconds
169.749: Application time: 0.0009150 seconds
169.792: [GC [PSYoungGen: 7253K->1005K(7680K)] 14334K->13172K(25088K), 0.0017950 secs] [Times: user=0.02 sys=0.00, real=0.00 secs] 
169.794: [Full GC [PSYoungGen: 1005K->0K(7680K)] [ParOldGen: 12167K->7179K(17408K)] 13172K->7179K(25088K) [PSPermGen: 5141K->5141K(21504K)], 0.0050890 secs] [Times: user=0.02 sys=0.00, real=0.00 secs] 
169.799: Total time for which application threads were stopped: 0.0507360 seconds, Stopping threads took: 0.0437070 seconds
169.872: Application time: 0.0725320 seconds
169.917: [GC [PSYoungGen: 6462K->941K(7680K)] 13641K->8901K(25088K), 0.0009390 secs] [Times: user=0.00 sys=0.00, real=0.00 secs] 
169.918: Total time for which application threads were stopped: 0.0460860 seconds, Stopping threads took: 0.0450580 seconds
169.919: Application time: 0.0011160 seconds
169.963: [GC [PSYoungGen: 7579K->1005K(7680K)] 15540K->14141K(25088K), 0.0019260 secs] [Times: user=0.01 sys=0.00, real=0.00 secs] 
169.965: [Full GC [PSYoungGen: 1005K->0K(7680K)] [ParOldGen: 13136K->7276K(17408K)] 14141K->7276K(25088K) [PSPermGen: 5141K->5141K(21504K)], 0.0048340 secs] [Times: user=0.02 sys=0.00, real=0.01 secs] 
169.970: Total time for which application threads were stopped: 0.0506710 seconds, Stopping threads took: 0.0437630 seconds
170.057: Application time: 0.0871340 seconds
170.100: [GC [PSYoungGen: 6540K->939K(7680K)] 13817K->9193K(25088K), 0.0007340 secs] [Times: user=0.01 sys=0.00, real=0.00 secs] 
170.101: Total time for which application threads were stopped: 0.0440300 seconds, Stopping threads took: 0.0432260 seconds
170.102: Application time: 0.0011320 seconds
170.168: [GC [PSYoungGen: 7595K->1005K(7680K)] 15849K->13580K(25088K), 0.0016970 secs] [Times: user=0.01 sys=0.00, real=0.01 secs] 
170.170: [Full GC [PSYoungGen: 1005K->0K(7680K)] [ParOldGen: 12574K->6398K(17408K)] 13580K->6398K(25088K) [PSPermGen: 5141K->5141K(21504K)], 0.0047100 secs] [Times: user=0.02 sys=0.00, real=0.00 secs] 
170.175: Total time for which application threads were stopped: 0.0725320 seconds, Stopping threads took: 0.0660020 seconds
170.247: Application time: 0.0723860 seconds
170.292: [GC [PSYoungGen: 6656K->973K(7680K)] 13054K->7566K(25088K), 0.0005690 secs] [Times: user=0.01 sys=0.00, real=0.00 secs] 
170.293: Total time for which application threads were stopped: 0.0456670 seconds, Stopping threads took: 0.0450190 seconds
170.294: Application time: 0.0010500 seconds
170.336: [GC [PSYoungGen: 7533K->1005K(7680K)] 14126K->13271K(25088K), 0.0019760 secs] [Times: user=0.02 sys=0.00, real=0.00 secs] 
170.338: [Full GC [PSYoungGen: 1005K->0K(7680K)] [ParOldGen: 12265K->7765K(17408K)] 13271K->7765K(25088K) [PSPermGen: 5141K->5141K(21504K)], 0.0049460 secs] [Times: user=0.02 sys=0.00, real=0.01 secs] 
170.343: Total time for which application threads were stopped: 0.0497400 seconds, Stopping threads took: 0.0427000 seconds
170.437: Application time: 0.0935670 seconds
170.502: [GC [PSYoungGen: 6462K->224K(7680K)] 14227K->7989K(25088K), 0.0004090 secs] [Times: user=0.01 sys=0.00, real=0.00 secs] 
170.502: Total time for which application threads were stopped: 0.0653790 seconds, Stopping threads took: 0.0649070 seconds
170.503: Application time: 0.0008820 seconds
170.503: [GC [PSYoungGen: 6784K->1006K(7680K)] 14549K->14468K(25088K), 0.0018660 secs] [Times: user=0.01 sys=0.00, real=0.00 secs] 
170.505: [Full GC [PSYoungGen: 1006K->0K(7680K)] [ParOldGen: 13461K->7862K(17408K)] 14468K->7862K(25088K) [PSPermGen: 5141K->5141K(21504K)], 0.0049640 secs] [Times: user=0.02 sys=0.00, real=0.01 secs] 
170.510: Total time for which application threads were stopped: 0.0071520 seconds, Stopping threads took: 0.0002030 seconds
170.589: Application time: 0.0782550 seconds
170.651: [GC [PSYoungGen: 6559K->387K(7680K)] 14422K->8249K(25088K), 0.0005470 secs] [Times: user=0.00 sys=0.00, real=0.00 secs] 
170.652: Total time for which application threads were stopped: 0.0631920 seconds, Stopping threads took: 0.0625770 seconds
170.653: Application time: 0.0008450 seconds
170.653: [GC [PSYoungGen: 6947K->1006K(7680K)] 14810K->14761K(25088K), 0.0020230 secs] [Times: user=0.01 sys=0.00, real=0.00 secs] 
170.655: [Full GC [PSYoungGen: 1006K->0K(7680K)] [ParOldGen: 13754K->8057K(17408K)] 14761K->8057K(25088K) [PSPermGen: 5141K->5141K(21504K)], 0.0048940 secs] [Times: user=0.03 sys=0.00, real=0.00 secs] 
170.660: Total time for which application threads were stopped: 0.0071370 seconds, Stopping threads took: 0.0000960 seconds
170.740: Application time: 0.0805240 seconds
170.803: [GC [PSYoungGen: 6559K->582K(7680K)] 14617K->8640K(25088K), 0.0003870 secs] [Times: user=0.01 sys=0.00, real=0.00 secs] 
170.803: [Full GC [PSYoungGen: 582K->0K(7680K)] [ParOldGen: 8057K->1927K(17408K)] 8640K->1927K(25088K) [PSPermGen: 5141K->5141K(21504K)], 0.0037400 secs] [Times: user=0.01 sys=0.00, real=0.00 secs] 
170.807: Total time for which application threads were stopped: 0.0667540 seconds, Stopping threads took: 0.0625090 seconds
170.808: Application time: 0.0012990 seconds
170.851: [GC [PSYoungGen: 6560K->1005K(7680K)] 8487K->8019K(25088K), 0.0017840 secs] [Times: user=0.01 sys=0.00, real=0.00 secs] 
170.852: Total time for which application threads were stopped: 0.0439770 seconds, Stopping threads took: 0.0421230 seconds
170.928: Application time: 0.0755100 seconds
170.973: [GC [PSYoungGen: 7448K->646K(7680K)] 14462K->7660K(25088K), 0.0003910 secs] [Times: user=0.00 sys=0.00, real=0.00 secs] 
170.973: Total time for which application threads were stopped: 0.0455400 seconds, Stopping threads took: 0.0450810 seconds
170.974: Application time: 0.0008500 seconds
171.027: [GC [PSYoungGen: 7187K->1006K(7680K)] 14201K->12988K(25088K), 0.0019360 secs] [Times: user=0.02 sys=0.00, real=0.00 secs] 
171.029: [Full GC [PSYoungGen: 1006K->0K(7680K)] [ParOldGen: 11981K->7081K(17408K)] 12988K->7081K(25088K) [PSPermGen: 5141K->5141K(21504K)], 0.0053210 secs] [Times: user=0.02 sys=0.00, real=0.01 secs] 
171.034: Total time for which application threads were stopped: 0.0601430 seconds, Stopping threads took: 0.0527580 seconds
171.110: Application time: 0.0757390 seconds
171.154: [GC [PSYoungGen: 6540K->582K(7680K)] 13622K->7664K(25088K), 0.0004670 secs] [Times: user=0.00 sys=0.00, real=0.00 secs] 
171.155: Total time for which application threads were stopped: 0.0450780 seconds, Stopping threads took: 0.0434070 seconds
171.156: Application time: 0.0009380 seconds
171.200: [GC [PSYoungGen: 7201K->987K(7680K)] 14283K->13147K(25088K), 0.0019640 secs] [Times: user=0.01 sys=0.01, real=0.01 secs] 
171.202: [Full GC [PSYoungGen: 987K->0K(7680K)] [ParOldGen: 12160K->7082K(17408K)] 13147K->7082K(25088K) [PSPermGen: 5141K->5141K(21504K)], 0.0049410 secs] [Times: user=0.02 sys=0.00, real=0.00 secs] 
171.207: Total time for which application threads were stopped: 0.0503830 seconds, Stopping threads took: 0.0433320 seconds
171.281: Application time: 0.0740090 seconds
171.325: [GC [PSYoungGen: 6559K->973K(7680K)] 13641K->8836K(25088K), 0.0006500 secs] [Times: user=0.00 sys=0.00, real=0.00 secs] 
171.325: Total time for which application threads were stopped: 0.0447760 seconds, Stopping threads took: 0.0440510 seconds
171.326: Application time: 0.0010890 seconds
171.370: [GC [PSYoungGen: 7533K->1005K(7680K)] 15396K->14044K(25088K), 0.0018990 secs] [Times: user=0.01 sys=0.00, real=0.00 secs] 
171.372: [Full GC [PSYoungGen: 1005K->0K(7680K)] [ParOldGen: 13039K->7277K(17408K)] 14044K->7277K(25088K) [PSPermGen: 5141K->5141K(21504K)], 0.0047810 secs] [Times: user=0.02 sys=0.00, real=0.00 secs] 
171.377: Total time for which application threads were stopped: 0.0504230 seconds, Stopping threads took: 0.0436190 seconds
171.451: Application time: 0.0740380 seconds
171.495: [GC [PSYoungGen: 6656K->973K(7680K)] 13933K->10399K(25088K), 0.0010400 secs] [Times: user=0.00 sys=0.00, real=0.00 secs] 
171.496: [Full GC [PSYoungGen: 973K->0K(7680K)] [ParOldGen: 9425K->4249K(17408K)] 10399K->4249K(25088K) [PSPermGen: 5141K->5141K(21504K)], 0.0041960 secs] [Times: user=0.02 sys=0.00, real=0.00 secs] 
171.500: Total time for which application threads were stopped: 0.0495630 seconds, Stopping threads took: 0.0442100 seconds
171.580: Application time: 0.0791290 seconds
171.594: [GC [PSYoungGen: 6540K->646K(7680K)] 10790K->5287K(25088K), 0.0005230 secs] [Times: user=0.00 sys=0.00, real=0.00 secs] 
171.595: Total time for which application threads were stopped: 0.0152870 seconds, Stopping threads took: 0.0146930 seconds
171.596: Application time: 0.0008530 seconds
171.638: [GC [PSYoungGen: 7206K->1005K(7680K)] 11847K->11147K(25088K), 0.0021390 secs] [Times: user=0.01 sys=0.00, real=0.00 secs] 
171.640: [Full GC [PSYoungGen: 1005K->0K(7680K)] [ParOldGen: 10141K->7570K(17408K)] 11147K->7570K(25088K) [PSPermGen: 5141K->5141K(21504K)], 0.0046720 secs] [Times: user=0.02 sys=0.00, real=0.01 secs] 
171.645: Total time for which application threads were stopped: 0.0492780 seconds, Stopping threads took: 0.0423070 seconds
171.739: Application time: 0.0939330 seconds
171.804: [GC [PSYoungGen: 6656K->224K(7680K)] 14226K->7794K(25088K), 0.0003590 secs] [Times: user=0.00 sys=0.00, real=0.00 secs] 
171.805: Total time for which application threads were stopped: 0.0655980 seconds, Stopping threads took: 0.0651710 seconds
171.805: Application time: 0.0008240 seconds
171.805: [GC [PSYoungGen: 6843K->1005K(7680K)] 14413K->14263K(25088K), 0.0017950 secs] [Times: user=0.02 sys=0.00, real=0.00 secs] 
171.807: [Full GC [PSYoungGen: 1005K->0K(7680K)] [ParOldGen: 13258K->7765K(17408K)] 14263K->7765K(25088K) [PSPermGen: 5141K->5141K(21504K)], 0.0049100 secs] [Times: user=0.02 sys=0.00, real=0.01 secs] 
171.812: Total time for which application threads were stopped: 0.0068560 seconds, Stopping threads took: 0.0000280 seconds
171.891: Application time: 0.0787650 seconds
171.953: [GC [PSYoungGen: 6462K->256K(7680K)] 14227K->8021K(25088K), 0.0004300 secs] [Times: user=0.00 sys=0.00, real=0.00 secs] 
171.953: Total time for which application threads were stopped: 0.0621810 seconds, Stopping threads took: 0.0616780 seconds
171.954: Application time: 0.0006930 seconds
171.954: [GC [PSYoungGen: 6816K->1006K(7680K)] 14581K->14461K(25088K), 0.0017790 secs] [Times: user=0.01 sys=0.00, real=0.00 secs] 
171.956: [Full GC [PSYoungGen: 1006K->0K(7680K)] [ParOldGen: 13454K->7863K(17408K)] 14461K->7863K(25088K) [PSPermGen: 5141K->5141K(21504K)], 0.0051400 secs] [Times: user=0.03 sys=0.01, real=0.00 secs] 
171.961: Total time for which application threads were stopped: 0.0072180 seconds, Stopping threads took: 0.0001750 seconds
172.041: Application time: 0.0800280 seconds
172.102: [GC [PSYoungGen: 6559K->419K(7680K)] 14422K->8282K(25088K), 0.0003740 secs] [Times: user=0.00 sys=0.00, real=0.00 secs] 
172.103: Total time for which application threads were stopped: 0.0616980 seconds, Stopping threads took: 0.0612580 seconds
172.104: Application time: 0.0007840 seconds
172.104: [GC [PSYoungGen: 6979K->1006K(7680K)] 14842K->14761K(25088K), 0.0019900 secs] [Times: user=0.02 sys=0.00, real=0.00 secs] 
172.106: [Full GC [PSYoungGen: 1006K->0K(7680K)] [ParOldGen: 13754K->8058K(17408K)] 14761K->8058K(25088K) [PSPermGen: 5141K->5141K(21504K)], 0.0049020 secs] [Times: user=0.02 sys=0.00, real=0.01 secs] 
172.111: Total time for which application threads were stopped: 0.0071340 seconds, Stopping threads took: 0.0001180 seconds
172.189: Application time: 0.0783040 seconds
172.250: [GC [PSYoungGen: 6559K->518K(7680K)] 14618K->8577K(25088K), 0.0005210 secs] [Times: user=0.00 sys=0.00, real=0.00 secs] 
172.251: [Full GC [PSYoungGen: 518K->0K(7680K)] [ParOldGen: 8058K->1927K(17408K)] 8577K->1927K(25088K) [PSPermGen: 5141K->5141K(21504K)], 0.0039190 secs] [Times: user=0.02 sys=0.00, real=0.00 secs] 
172.255: Total time for which application threads were stopped: 0.0659280 seconds, Stopping threads took: 0.0613560 seconds
172.256: Application time: 0.0011490 seconds
172.297: [GC [PSYoungGen: 6560K->1005K(7680K)] 8487K->8019K(25088K), 0.0019170 secs] [Times: user=0.01 sys=0.00, real=0.00 secs] 
172.299: Total time for which application threads were stopped: 0.0426310 seconds, Stopping threads took: 0.0406400 seconds
172.374: Application time: 0.0749970 seconds
172.418: [GC [PSYoungGen: 7467K->1005K(7680K)] 14481K->8808K(25088K), 0.0006580 secs] [Times: user=0.01 sys=0.00, real=0.00 secs] 
172.419: Total time for which application threads were stopped: 0.0453940 seconds, Stopping threads took: 0.0446680 seconds
172.420: Application time: 0.0010730 seconds
172.489: [GC [PSYoungGen: 7565K->1005K(7680K)] 15368K->12910K(25088K), 0.0016450 secs] [Times: user=0.01 sys=0.00, real=0.01 secs] 
172.491: [Full GC [PSYoungGen: 1005K->0K(7680K)] [ParOldGen: 11905K->6203K(17408K)] 12910K->6203K(25088K) [PSPermGen: 5141K->5141K(21504K)], 0.0045830 secs] [Times: user=0.02 sys=0.00, real=0.00 secs] 
172.495: Total time for which application threads were stopped: 0.0750580 seconds, Stopping threads took: 0.0686890 seconds
172.568: Application time: 0.0729940 seconds
172.614: [GC [PSYoungGen: 6345K->598K(7680K)] 12548K->6801K(25088K), 0.0004840 secs] [Times: user=0.01 sys=0.00, real=0.00 secs] 
172.614: Total time for which application threads were stopped: 0.0458920 seconds, Stopping threads took: 0.0453440 seconds
172.615: Application time: 0.0009680 seconds
172.659: [GC [PSYoungGen: 7237K->1005K(7680K)] 13440K->12319K(25088K), 0.0019030 secs] [Times: user=0.01 sys=0.00, real=0.00 secs] 
172.661: [Full GC [PSYoungGen: 1005K->0K(7680K)] [ParOldGen: 11313K->7180K(17408K)] 12319K->7180K(25088K) [PSPermGen: 5141K->5141K(21504K)], 0.0048650 secs] [Times: user=0.02 sys=0.00, real=0.01 secs] 
172.666: Total time for which application threads were stopped: 0.0504390 seconds, Stopping threads took: 0.0435440 seconds
172.741: Application time: 0.0749280 seconds
172.785: [GC [PSYoungGen: 6442K->582K(7680K)] 13622K->7762K(25088K), 0.0004570 secs] [Times: user=0.01 sys=0.00, real=0.00 secs] 
172.786: Total time for which application threads were stopped: 0.0452370 seconds, Stopping threads took: 0.0447040 seconds
172.786: Application time: 0.0007260 seconds
172.787: [GC [PSYoungGen: 7142K->1008K(7680K)] 14322K->14226K(25088K), 0.0021770 secs] [Times: user=0.02 sys=0.00, real=0.00 secs] 
172.789: [Full GC [PSYoungGen: 1008K->0K(7680K)] [ParOldGen: 13217K->8254K(17408K)] 14226K->8254K(25088K) [PSPermGen: 5141K->5141K(21504K)], 0.0049830 secs] [Times: user=0.02 sys=0.00, real=0.01 secs] 
172.794: Total time for which application threads were stopped: 0.0074430 seconds, Stopping threads took: 0.0001570 seconds
172.886: Application time: 0.0922250 seconds
172.952: [GC [PSYoungGen: 6442K->614K(7680K)] 14696K->8868K(25088K), 0.0004640 secs] [Times: user=0.00 sys=0.00, real=0.00 secs] 
172.953: [Full GC [PSYoungGen: 614K->0K(7680K)] [ParOldGen: 8254K->1984K(17408K)] 8868K->1984K(25088K) [PSPermGen: 5141K->5141K(21504K)], 0.0038570 secs] [Times: user=0.01 sys=0.00, real=0.00 secs] 
172.957: Total time for which application threads were stopped: 0.0704290 seconds, Stopping threads took: 0.0659990 seconds
172.958: Application time: 0.0013230 seconds
173.001: [GC [PSYoungGen: 6638K->1005K(7680K)] 8622K->8100K(25088K), 0.0017900 secs] [Times: user=0.01 sys=0.00, real=0.00 secs] 
173.003: Total time for which application threads were stopped: 0.0452980 seconds, Stopping threads took: 0.0434280 seconds
173.077: Application time: 0.0736850 seconds
173.123: [GC [PSYoungGen: 7369K->582K(7680K)] 14464K->7677K(25088K), 0.0003940 secs] [Times: user=0.00 sys=0.00, real=0.00 secs] 
173.123: Total time for which application threads were stopped: 0.0465210 seconds, Stopping threads took: 0.0460420 seconds
173.124: Application time: 0.0009330 seconds
173.176: [GC [PSYoungGen: 7238K->1005K(7680K)] 14333K->12202K(25088K), 0.0016700 secs] [Times: user=0.01 sys=0.00, real=0.00 secs] 
173.178: [Full GC [PSYoungGen: 1005K->0K(7680K)] [ParOldGen: 11196K->6203K(17408K)] 12202K->6203K(25088K) [PSPermGen: 5141K->5141K(21504K)], 0.0046500 secs] [Times: user=0.02 sys=0.00, real=0.01 secs] 
173.183: Total time for which application threads were stopped: 0.0584070 seconds, Stopping threads took: 0.0519590 seconds
173.275: Application time: 0.0919830 seconds
173.323: [GC [PSYoungGen: 6656K->973K(7680K)] 12859K->7177K(25088K), 0.0004650 secs] [Times: user=0.01 sys=0.00, real=0.00 secs] 
173.324: Total time for which application threads were stopped: 0.0488740 seconds, Stopping threads took: 0.0483430 seconds
173.325: Application time: 0.0009790 seconds
173.368: [GC [PSYoungGen: 7611K->1006K(7680K)] 13815K->11556K(25088K), 0.0017430 secs] [Times: user=0.01 sys=0.00, real=0.01 secs] 
173.370: [Full GC [PSYoungGen: 1006K->0K(7680K)] [ParOldGen: 10549K->6496K(17408K)] 11556K->6496K(25088K) [PSPermGen: 5141K->5141K(21504K)], 0.0046810 secs] [Times: user=0.02 sys=0.00, real=0.00 secs] 
173.375: Total time for which application threads were stopped: 0.0502870 seconds, Stopping threads took: 0.0437150 seconds
173.448: Application time: 0.0727930 seconds
173.493: [GC [PSYoungGen: 6559K->1005K(7680K)] 13056K->7697K(25088K), 0.0005450 secs] [Times: user=0.00 sys=0.00, real=0.00 secs] 
173.493: Total time for which application threads were stopped: 0.0454220 seconds, Stopping threads took: 0.0448130 seconds
173.494: Application time: 0.0010550 seconds
173.558: [GC [PSYoungGen: 7661K->875K(7680K)] 14352K->11278K(25088K), 0.0014650 secs] [Times: user=0.01 sys=0.00, real=0.00 secs] 
173.560: [Full GC [PSYoungGen: 875K->0K(7680K)] [ParOldGen: 10403K->5715K(17408K)] 11278K->5715K(25088K) [PSPermGen: 5141K->5141K(21504K)], 0.0042490 secs] [Times: user=0.01 sys=0.00, real=0.01 secs] 
173.564: Total time for which application threads were stopped: 0.0697100 seconds, Stopping threads took: 0.0638700 seconds
173.635: Application time: 0.0715060 seconds
173.641: [GC [PSYoungGen: 6462K->907K(7680K)] 12177K->8185K(25088K), 0.0008330 secs] [Times: user=0.01 sys=0.00, real=0.01 secs] 
173.642: Total time for which application threads were stopped: 0.0064020 seconds, Stopping threads took: 0.0054850 seconds
173.722: Application time: 0.0803760 seconds
173.738: [GC [PSYoungGen: 7467K->355K(7680K)] 14745K->7633K(25088K), 0.0007220 secs] [Times: user=0.00 sys=0.00, real=0.00 secs] 
173.738: Total time for which application threads were stopped: 0.0160900 seconds, Stopping threads took: 0.0152840 seconds
173.739: Application time: 0.0006810 seconds
173.739: [GC [PSYoungGen: 6915K->1006K(7680K)] 14193K->14176K(25088K), 0.0019620 secs] [Times: user=0.02 sys=0.00, real=0.01 secs] 
173.741: [Full GC [PSYoungGen: 1006K->0K(7680K)] [ParOldGen: 13169K->8058K(17408K)] 14176K->8058K(25088K) [PSPermGen: 5141K->5141K(21504K)], 0.0050490 secs] [Times: user=0.02 sys=0.00, real=0.00 secs] 
173.746: Total time for which application threads were stopped: 0.0073600 seconds, Stopping threads took: 0.0002320 seconds
173.824: Application time: 0.0780610 seconds
173.888: [GC [PSYoungGen: 6637K->646K(7680K)] 14696K->8705K(25088K), 0.0005860 secs] [Times: user=0.00 sys=0.00, real=0.00 secs] 
173.888: Total time for which application threads were stopped: 0.0637300 seconds, Stopping threads took: 0.0630760 seconds
173.889: Application time: 0.0008210 seconds
173.889: [GC [PSYoungGen: 7109K->1006K(7680K)] 15168K->15063K(25088K), 0.0018110 secs] [Times: user=0.01 sys=0.01, real=0.01 secs] 
173.891: [Full GC [PSYoungGen: 1006K->0K(7680K)] [ParOldGen: 14056K->8156K(17408K)] 15063K->8156K(25088K) [PSPermGen: 5141K->5141K(21504K)], 0.0053200 secs] [Times: user=0.03 sys=0.00, real=0.00 secs] 
173.896: Total time for which application threads were stopped: 0.0074130 seconds, Stopping threads took: 0.0001600 seconds
173.975: Application time: 0.0789100 seconds
174.038: [GC [PSYoungGen: 6462K->646K(7680K)] 14618K->8803K(25088K), 0.0004500 secs] [Times: user=0.00 sys=0.00, real=0.00 secs] 
174.038: Total time for which application threads were stopped: 0.0630710 seconds, Stopping threads took: 0.0625530 seconds
174.039: Application time: 0.0008330 seconds
174.083: [GC [PSYoungGen: 7109K->1006K(7680K)] 15265K->14078K(25088K), 0.0017060 secs] [Times: user=0.01 sys=0.00, real=0.00 secs] 
174.085: [Full GC [PSYoungGen: 1006K->0K(7680K)] [ParOldGen: 13071K->7082K(17408K)] 14078K->7082K(25088K) [PSPermGen: 5141K->5141K(21504K)], 0.0049150 secs] [Times: user=0.02 sys=0.00, real=0.01 secs] 
174.090: Total time for which application threads were stopped: 0.0506100 seconds, Stopping threads took: 0.0438550 seconds
174.177: Application time: 0.0876150 seconds
174.231: [GC [PSYoungGen: 6540K->614K(7680K)] 13622K->7697K(25088K), 0.0004810 secs] [Times: user=0.00 sys=0.00, real=0.00 secs] 
174.232: Total time for which application threads were stopped: 0.0545930 seconds, Stopping threads took: 0.0540230 seconds
174.233: Application time: 0.0009230 seconds
174.284: [GC [PSYoungGen: 7253K->1005K(7680K)] 14335K->13226K(25088K), 0.0019560 secs] [Times: user=0.00 sys=0.01, real=0.00 secs] 
174.285: [Full GC [PSYoungGen: 1005K->0K(7680K)] [ParOldGen: 12221K->7180K(17408K)] 13226K->7180K(25088K) [PSPermGen: 5141K->5141K(21504K)], 0.0048410 secs] [Times: user=0.02 sys=0.00, real=0.01 secs] 
174.290: Total time for which application threads were stopped: 0.0574670 seconds, Stopping threads took: 0.0505460 seconds
174.366: Application time: 0.0761050 seconds
174.410: [GC [PSYoungGen: 6364K->614K(7680K)] 13544K->7794K(25088K), 0.0004380 secs] [Times: user=0.00 sys=0.00, real=0.00 secs] 
174.410: Total time for which application threads were stopped: 0.0437760 seconds, Stopping threads took: 0.0432750 seconds
174.411: Application time: 0.0008170 seconds
174.465: [GC [PSYoungGen: 7233K->1005K(7680K)] 14414K->13226K(25088K), 0.0018360 secs] [Times: user=0.01 sys=0.00, real=0.00 secs] 
174.467: [Full GC [PSYoungGen: 1005K->0K(7680K)] [ParOldGen: 12221K->7082K(17408K)] 13226K->7082K(25088K) [PSPermGen: 5141K->5141K(21504K)], 0.0049700 secs] [Times: user=0.02 sys=0.00, real=0.01 secs] 
174.472: Total time for which application threads were stopped: 0.0607190 seconds, Stopping threads took: 0.0537840 seconds
174.562: Application time: 0.0902650 seconds
174.624: [GC [PSYoungGen: 6462K->646K(7680K)] 13544K->7729K(25088K), 0.0006240 secs] [Times: user=0.01 sys=0.00, real=0.00 secs] 
174.625: Total time for which application threads were stopped: 0.0628660 seconds, Stopping threads took: 0.0621610 seconds
174.626: Application time: 0.0010180 seconds
174.667: [GC [PSYoungGen: 7109K->939K(7680K)] 14191K->13100K(25088K), 0.0017560 secs] [Times: user=0.02 sys=0.00, real=0.01 secs] 
174.669: [Full GC [PSYoungGen: 939K->0K(7680K)] [ParOldGen: 12161K->7082K(17408K)] 13100K->7082K(25088K) [PSPermGen: 5141K->5141K(21504K)], 0.0047400 secs] [Times: user=0.02 sys=0.00, real=0.00 secs] 
174.674: Total time for which application threads were stopped: 0.0480780 seconds, Stopping threads took: 0.0414570 seconds
174.748: Application time: 0.0737700 seconds
174.793: [GC [PSYoungGen: 6462K->614K(7680K)] 13544K->7697K(25088K), 0.0004140 secs] [Times: user=0.00 sys=0.00, real=0.00 secs] 
174.793: Total time for which application threads were stopped: 0.0452860 seconds, Stopping threads took: 0.0448070 seconds
174.794: Application time: 0.0007800 seconds
174.848: [GC [PSYoungGen: 7153K->907K(7680K)] 14236K->13068K(25088K), 0.0017200 secs] [Times: user=0.01 sys=0.00, real=0.01 secs] 
174.850: [Full GC [PSYoungGen: 907K->0K(7680K)] [ParOldGen: 12161K->7083K(17408K)] 13068K->7083K(25088K) [PSPermGen: 5141K->5141K(21504K)], 0.0049610 secs] [Times: user=0.02 sys=0.00, real=0.00 secs] 
174.855: Total time for which application threads were stopped: 0.0607060 seconds, Stopping threads took: 0.0539020 seconds
174.932: Application time: 0.0776360 seconds
174.976: [GC [PSYoungGen: 6559K->973K(7680K)] 13643K->8837K(25088K), 0.0006530 secs] [Times: user=0.00 sys=0.00, real=0.00 secs] 
174.977: Total time for which application threads were stopped: 0.0446830 seconds, Stopping threads took: 0.0439560 seconds
174.978: Application time: 0.0010760 seconds
175.022: [GC [PSYoungGen: 7611K->907K(7680K)] 15476K->14045K(25088K), 0.0019710 secs] [Times: user=0.01 sys=0.00, real=0.00 secs] 
175.024: [Full GC [PSYoungGen: 907K->0K(7680K)] [ParOldGen: 13138K->7278K(17408K)] 14045K->7278K(25088K) [PSPermGen: 5141K->5141K(21504K)], 0.0047860 secs] [Times: user=0.02 sys=0.00, real=0.00 secs] 
175.028: Total time for which application threads were stopped: 0.0504250 seconds, Stopping threads took: 0.0435420 seconds
175.103: Application time: 0.0743650 seconds
175.146: [GC [PSYoungGen: 6638K->841K(7680K)] 13916K->9292K(25088K), 0.0007850 secs] [Times: user=0.01 sys=0.00, real=0.00 secs] 
175.147: [Full GC [PSYoungGen: 841K->0K(7680K)] [ParOldGen: 8450K->3079K(17408K)] 9292K->3079K(25088K) [PSPermGen: 5141K->5141K(21504K)], 0.0039460 secs] [Times: user=0.01 sys=0.00, real=0.01 secs] 
175.151: Total time for which application threads were stopped: 0.0484560 seconds, Stopping threads took: 0.0435920 seconds
175.153: Application time: 0.0013820 seconds
175.221: [GC [PSYoungGen: 6560K->907K(7680K)] 9639K->7307K(25088K), 0.0014060 secs] [Times: user=0.01 sys=0.00, real=0.00 secs] 
175.223: Total time for which application threads were stopped: 0.0700790 seconds, Stopping threads took: 0.0685950 seconds
175.295: Application time: 0.0722010 seconds
175.299: [GC [PSYoungGen: 7467K->973K(7680K)] 13867K->8544K(25088K), 0.0008020 secs] [Times: user=0.00 sys=0.00, real=0.00 secs] 
175.300: Total time for which application threads were stopped: 0.0049430 seconds, Stopping threads took: 0.0040680 seconds
175.301: Application time: 0.0010640 seconds
175.370: [GC [PSYoungGen: 7533K->939K(7680K)] 15105K->12027K(25088K), 0.0014090 secs] [Times: user=0.01 sys=0.00, real=0.00 secs] 
175.371: [Full GC [PSYoungGen: 939K->0K(7680K)] [ParOldGen: 11087K->5520K(17408K)] 12027K->5520K(25088K) [PSPermGen: 5141K->5141K(21504K)], 0.0045600 secs] [Times: user=0.01 sys=0.01, real=0.00 secs] 
175.376: Total time for which application threads were stopped: 0.0747570 seconds, Stopping threads took: 0.0686680 seconds
175.448: Application time: 0.0718600 seconds
175.450: [GC [PSYoungGen: 6656K->939K(7680K)] 12176K->8023K(25088K), 0.0008270 secs] [Times: user=0.01 sys=0.00, real=0.00 secs] 
175.451: Total time for which application threads were stopped: 0.0034230 seconds, Stopping threads took: 0.0025260 seconds
175.528: Application time: 0.0767520 seconds
175.530: [GC [PSYoungGen: 7499K->387K(7680K)] 14583K->7470K(25088K), 0.0004050 secs] [Times: user=0.01 sys=0.00, real=0.00 secs] 
175.530: Total time for which application threads were stopped: 0.0025430 seconds, Stopping threads took: 0.0020730 seconds
175.531: Application time: 0.0007600 seconds
175.585: [GC [PSYoungGen: 6947K->1005K(7680K)] 14030K->12979K(25088K), 0.0015310 secs] [Times: user=0.01 sys=0.00, real=0.00 secs] 
175.587: [Full GC [PSYoungGen: 1005K->0K(7680K)] [ParOldGen: 11974K->6985K(17408K)] 12979K->6985K(25088K) [PSPermGen: 5141K->5141K(21504K)], 0.0052720 secs] [Times: user=0.02 sys=0.01, real=0.01 secs] 
175.592: Total time for which application threads were stopped: 0.0612270 seconds, Stopping threads took: 0.0543100 seconds
175.676: Application time: 0.0842060 seconds
175.724: [GC [PSYoungGen: 6638K->550K(7680K)] 13623K->7535K(25088K), 0.0004300 secs] [Times: user=0.00 sys=0.00, real=0.00 secs] 
175.725: Total time for which application threads were stopped: 0.0481310 seconds, Stopping threads took: 0.0476250 seconds
175.725: Application time: 0.0007660 seconds
175.726: [GC [PSYoungGen: 7013K->1008K(7680K)] 13998K->13933K(25088K), 0.0019050 secs] [Times: user=0.01 sys=0.00, real=0.00 secs] 
175.728: [Full GC [PSYoungGen: 1008K->0K(7680K)] [ParOldGen: 12925K->8157K(17408K)] 13933K->8157K(25088K) [PSPermGen: 5141K->5141K(21504K)], 0.0054090 secs] [Times: user=0.03 sys=0.01, real=0.01 secs] 
175.733: Total time for which application threads were stopped: 0.0075870 seconds, Stopping threads took: 0.0001440 seconds
175.818: Application time: 0.0847860 seconds
175.888: [GC [PSYoungGen: 6540K->646K(7680K)] 14697K->8803K(25088K), 0.0004800 secs] [Times: user=0.00 sys=0.00, real=0.00 secs] 
175.889: Total time for which application threads were stopped: 0.0709350 seconds, Stopping threads took: 0.0703790 seconds
175.889: Application time: 0.0007950 seconds
175.890: [GC [PSYoungGen: 7109K->1005K(7680K)] 15266K->15225K(25088K), 0.0019480 secs] [Times: user=0.01 sys=0.00, real=0.00 secs] 
175.892: [Full GC [PSYoungGen: 1005K->0K(7680K)] [ParOldGen: 14220K->8157K(17408K)] 15225K->8157K(25088K) [PSPermGen: 5141K->5141K(21504K)], 0.0054800 secs] [Times: user=0.02 sys=0.00, real=0.00 secs] 
175.897: Total time for which application threads were stopped: 0.0077350 seconds, Stopping threads took: 0.0001730 seconds
175.982: Application time: 0.0849850 seconds
176.051: [GC [PSYoungGen: 6462K->646K(7680K)] 14619K->8804K(25088K), 0.0004670 secs] [Times: user=0.00 sys=0.00, real=0.00 secs] 
176.051: Total time for which application threads were stopped: 0.0691710 seconds, Stopping threads took: 0.0686400 seconds
176.052: Application time: 0.0007320 seconds
176.052: [GC [PSYoungGen: 7285K->1006K(7680K)] 15442K->15267K(25088K), 0.0021310 secs] [Times: user=0.02 sys=0.00, real=0.00 secs] 
176.055: [Full GC [PSYoungGen: 1006K->0K(7680K)] [ParOldGen: 14260K->8255K(17408K)] 15267K->8255K(25088K) [PSPermGen: 5141K->5141K(21504K)], 0.0052830 secs] [Times: user=0.02 sys=0.00, real=0.00 secs] 
176.060: Total time for which application threads were stopped: 0.0077550 seconds, Stopping threads took: 0.0002070 seconds
176.157: Application time: 0.0972280 seconds
176.217: [GC [PSYoungGen: 6656K->1005K(7680K)] 14911K->10237K(25088K), 0.0008040 secs] [Times: user=0.00 sys=0.00, real=0.00 secs] 
176.218: [Full GC [PSYoungGen: 1005K->0K(7680K)] [ParOldGen: 9231K->3079K(17408K)] 10237K->3079K(25088K) [PSPermGen: 5141K->5141K(21504K)], 0.0042350 secs] [Times: user=0.02 sys=0.00, real=0.01 secs] 
176.223: Total time for which application threads were stopped: 0.0656220 seconds, Stopping threads took: 0.0597340 seconds
176.224: Application time: 0.0013890 seconds
176.300: [GC [PSYoungGen: 6560K->939K(7680K)] 9639K->7339K(25088K), 0.0014380 secs] [Times: user=0.00 sys=0.00, real=0.01 secs] 
176.301: Total time for which application threads were stopped: 0.0772160 seconds, Stopping threads took: 0.0756780 seconds
176.380: Application time: 0.0786220 seconds
176.384: [GC [PSYoungGen: 7578K->1005K(7680K)] 13978K->8585K(25088K), 0.0008480 secs] [Times: user=0.00 sys=0.00, real=0.00 secs] 
176.385: Total time for which application threads were stopped: 0.0049140 seconds, Stopping threads took: 0.0039890 seconds
176.386: Application time: 0.0012850 seconds
176.463: [GC [PSYoungGen: 7643K->973K(7680K)] 15223K->8748K(25088K), 0.0005920 secs] [Times: user=0.00 sys=0.00, real=0.00 secs] 
176.464: Total time for which application threads were stopped: 0.0776670 seconds, Stopping threads took: 0.0770020 seconds
176.465: Application time: 0.0008600 seconds
176.513: [GC [PSYoungGen: 7611K->1021K(7680K)] 15387K->14493K(25088K), 0.0019010 secs] [Times: user=0.02 sys=0.00, real=0.00 secs] 
176.515: [Full GC [PSYoungGen: 1021K->0K(7680K)] [ParOldGen: 13471K->7767K(17408K)] 14493K->7767K(25088K) [PSPermGen: 5141K->5141K(21504K)], 0.0054670 secs] [Times: user=0.02 sys=0.00, real=0.00 secs] 
176.520: Total time for which application threads were stopped: 0.0553920 seconds, Stopping threads took: 0.0479010 seconds
176.622: Application time: 0.1020440 seconds
176.690: [GC [PSYoungGen: 6656K->387K(7680K)] 14423K->8154K(25088K), 0.0004610 secs] [Times: user=0.00 sys=0.00, real=0.00 secs] 
176.691: Total time for which application threads were stopped: 0.0684910 seconds, Stopping threads took: 0.0679670 seconds
176.691: Application time: 0.0007970 seconds
176.692: [GC [PSYoungGen: 6928K->1006K(7680K)] 14695K->14592K(25088K), 0.0019860 secs] [Times: user=0.02 sys=0.00, real=0.00 secs] 
176.694: [Full GC [PSYoungGen: 1006K->0K(7680K)] [ParOldGen: 13585K->7962K(17408K)] 14592K->7962K(25088K) [PSPermGen: 5141K->5141K(21504K)], 0.0051790 secs] [Times: user=0.02 sys=0.00, real=0.00 secs] 
176.699: Total time for which application threads were stopped: 0.0074850 seconds, Stopping threads took: 0.0001880 seconds
176.783: Application time: 0.0838290 seconds
176.853: [GC [PSYoungGen: 6462K->451K(7680K)] 14424K->8413K(25088K), 0.0003780 secs] [Times: user=0.00 sys=0.00, real=0.00 secs] 
176.853: Total time for which application threads were stopped: 0.0706390 seconds, Stopping threads took: 0.0701880 seconds
176.854: Application time: 0.0006330 seconds
176.854: [GC [PSYoungGen: 7011K->1006K(7680K)] 14974K->14861K(25088K), 0.0020210 secs] [Times: user=0.01 sys=0.00, real=0.00 secs] 
176.856: [Full GC [PSYoungGen: 1006K->0K(7680K)] [ParOldGen: 13854K->8060K(17408K)] 14861K->8060K(25088K) [PSPermGen: 5141K->5141K(21504K)], 0.0052760 secs] [Times: user=0.02 sys=0.00, real=0.01 secs] 
176.862: Total time for which application threads were stopped: 0.0076480 seconds, Stopping threads took: 0.0002190 seconds
176.950: Application time: 0.0881800 seconds
177.018: [GC [PSYoungGen: 6637K->646K(7680K)] 14697K->8706K(25088K), 0.0003970 secs] [Times: user=0.01 sys=0.00, real=0.00 secs] 
177.018: Total time for which application threads were stopped: 0.0683370 seconds, Stopping threads took: 0.0678760 seconds
177.019: Application time: 0.0007510 seconds
177.019: [GC [PSYoungGen: 7109K->1006K(7680K)] 15169K->15048K(25088K), 0.0021230 secs] [Times: user=0.01 sys=0.00, real=0.01 secs] 
177.021: [Full GC [PSYoungGen: 1006K->0K(7680K)] [ParOldGen: 14041K->8157K(17408K)] 15048K->8157K(25088K) [PSPermGen: 5141K->5141K(21504K)], 0.0051770 secs] [Times: user=0.03 sys=0.00, real=0.00 secs] 
177.027: Total time for which application threads were stopped: 0.0076310 seconds, Stopping threads took: 0.0002020 seconds
177.113: Application time: 0.0863540 seconds
177.181: [GC [PSYoungGen: 6656K->875K(7680K)] 14813K->10010K(25088K), 0.0007510 secs] [Times: user=0.00 sys=0.00, real=0.01 secs] 
177.182: [Full GC [PSYoungGen: 875K->0K(7680K)] [ParOldGen: 9134K->2982K(17408K)] 10010K->2982K(25088K) [PSPermGen: 5141K->5141K(21504K)], 0.0040910 secs] [Times: user=0.01 sys=0.00, real=0.00 secs] 
177.186: Total time for which application threads were stopped: 0.0730780 seconds, Stopping threads took: 0.0681140 seconds
177.187: Application time: 0.0012930 seconds
177.263: [GC [PSYoungGen: 6656K->907K(7680K)] 9638K->7210K(25088K), 0.0014650 secs] [Times: user=0.01 sys=0.00, real=0.00 secs] 
177.264: Total time for which application threads were stopped: 0.0770180 seconds, Stopping threads took: 0.0754700 seconds
177.344: Application time: 0.0793640 seconds
177.393: [GC [PSYoungGen: 7563K->909K(7680K)] 13866K->7407K(25088K), 0.0006360 secs] [Times: user=0.00 sys=0.00, real=0.00 secs] 
177.394: Total time for which application threads were stopped: 0.0501310 seconds, Stopping threads took: 0.0494140 seconds
177.395: Application time: 0.0010160 seconds
177.443: [GC [PSYoungGen: 7450K->1005K(7680K)] 13948K->13102K(25088K), 0.0019290 secs] [Times: user=0.02 sys=0.00, real=0.00 secs] 
177.445: [Full GC [PSYoungGen: 1005K->0K(7680K)] [ParOldGen: 12097K->7669K(17408K)] 13102K->7669K(25088K) [PSPermGen: 5141K->5141K(21504K)], 0.0053640 secs] [Times: user=0.02 sys=0.00, real=0.01 secs] 
177.450: Total time for which application threads were stopped: 0.0553670 seconds, Stopping threads took: 0.0479280 seconds
177.535: Application time: 0.0845760 seconds
177.605: [GC [PSYoungGen: 6559K->192K(7680K)] 14229K->7861K(25088K), 0.0003890 secs] [Times: user=0.00 sys=0.00, real=0.00 secs] 
177.606: Total time for which application threads were stopped: 0.0709930 seconds, Stopping threads took: 0.0705350 seconds
177.607: Application time: 0.0011240 seconds
177.607: [GC [PSYoungGen: 6752K->1006K(7680K)] 14422K->14373K(25088K), 0.0019510 secs] [Times: user=0.01 sys=0.00, real=0.01 secs] 
177.609: [Full GC [PSYoungGen: 1006K->0K(7680K)] [ParOldGen: 13366K->7864K(17408K)] 14373K->7864K(25088K) [PSPermGen: 5141K->5141K(21504K)], 0.0052010 secs] [Times: user=0.02 sys=0.00, real=0.00 secs] 
177.614: Total time for which application threads were stopped: 0.0075340 seconds, Stopping threads took: 0.0002320 seconds
177.699: Application time: 0.0842730 seconds
177.756: [GC [PSYoungGen: 6540K->1005K(7680K)] 14405K->9260K(25088K), 0.0006220 secs] [Times: user=0.00 sys=0.00, real=0.00 secs] 
177.757: [Full GC [PSYoungGen: 1005K->0K(7680K)] [ParOldGen: 8255K->2494K(17408K)] 9260K->2494K(25088K) [PSPermGen: 5141K->5141K(21504K)], 0.0040750 secs] [Times: user=0.01 sys=0.00, real=0.00 secs] 
177.761: Total time for which application threads were stopped: 0.0619560 seconds, Stopping threads took: 0.0571320 seconds
177.762: Application time: 0.0013510 seconds
177.827: [GC [PSYoungGen: 6560K->1005K(7680K)] 9054K->7210K(25088K), 0.0015420 secs] [Times: user=0.01 sys=0.00, real=0.00 secs] 
177.829: Total time for which application threads were stopped: 0.0668200 seconds, Stopping threads took: 0.0651950 seconds
177.910: Application time: 0.0810200 seconds
177.912: [GC [PSYoungGen: 7467K->1005K(7680K)] 13673K->8781K(25088K), 0.0008890 secs] [Times: user=0.00 sys=0.00, real=0.00 secs] 
177.913: Total time for which application threads were stopped: 0.0031460 seconds, Stopping threads took: 0.0021710 seconds
177.992: Application time: 0.0786240 seconds
177.999: [GC [PSYoungGen: 7661K->582K(7680K)] 15437K->8358K(25088K), 0.0004210 secs] [Times: user=0.00 sys=0.00, real=0.00 secs] 
177.999: Total time for which application threads were stopped: 0.0074380 seconds, Stopping threads took: 0.0069330 seconds
178.000: Application time: 0.0007000 seconds
178.000: [GC [PSYoungGen: 7142K->1006K(7680K)] 14918K->14869K(25088K), 0.0020370 secs] [Times: user=0.01 sys=0.00, real=0.01 secs] 
178.002: [Full GC [PSYoungGen: 1006K->0K(7680K)] [ParOldGen: 13863K->8255K(17408K)] 14869K->8255K(25088K) [PSPermGen: 5141K->5141K(21504K)], 0.0051610 secs] [Times: user=0.02 sys=0.00, real=0.00 secs] 
178.007: Total time for which application threads were stopped: 0.0076040 seconds, Stopping threads took: 0.0002820 seconds
178.092: Application time: 0.0843700 seconds
178.162: [GC [PSYoungGen: 6364K->582K(7680K)] 14620K->8838K(25088K), 0.0004270 secs] [Times: user=0.00 sys=0.00, real=0.00 secs] 
178.163: Total time for which application threads were stopped: 0.0709930 seconds, Stopping threads took: 0.0704990 seconds
178.164: Application time: 0.0008830 seconds
178.212: [GC [PSYoungGen: 7182K->1005K(7680K)] 15437K->14212K(25088K), 0.0018530 secs] [Times: user=0.01 sys=0.00, real=0.00 secs] 
178.214: [Full GC [PSYoungGen: 1005K->0K(7680K)] [ParOldGen: 13206K->6986K(17408K)] 14212K->6986K(25088K) [PSPermGen: 5141K->5141K(21504K)], 0.0049180 secs] [Times: user=0.02 sys=0.00, real=0.00 secs] 
178.219: Total time for which application threads were stopped: 0.0550810 seconds, Stopping threads took: 0.0481800 seconds
178.299: Application time: 0.0804710 seconds
178.348: [GC [PSYoungGen: 6521K->419K(7680K)] 13507K->7405K(25088K), 0.0003770 secs] [Times: user=0.00 sys=0.00, real=0.00 secs] 
178.348: Total time for which application threads were stopped: 0.0486860 seconds, Stopping threads took: 0.0482460 seconds
178.349: Application time: 0.0009470 seconds
178.397: [GC [PSYoungGen: 7075K->1021K(7680K)] 14061K->11946K(25088K), 0.0015200 secs] [Times: user=0.01 sys=0.00, real=0.00 secs] 
178.399: [Full GC [PSYoungGen: 1021K->0K(7680K)] [ParOldGen: 10924K->6010K(17408K)] 11946K->6010K(25088K) [PSPermGen: 5141K->5141K(21504K)], 0.0047930 secs] [Times: user=0.02 sys=0.00, real=0.01 secs] 
178.403: Total time for which application threads were stopped: 0.0546150 seconds, Stopping threads took: 0.0481740 seconds
178.495: Application time: 0.0917440 seconds
178.553: [GC [PSYoungGen: 6462K->614K(7680K)] 12472K->6624K(25088K), 0.0004250 secs] [Times: user=0.00 sys=0.00, real=0.00 secs] 
178.553: Total time for which application threads were stopped: 0.0581380 seconds, Stopping threads took: 0.0576330 seconds
178.554: Application time: 0.0008770 seconds
178.614: [GC [PSYoungGen: 7077K->939K(7680K)] 13087K->12028K(25088K), 0.0020100 secs] [Times: user=0.02 sys=0.00, real=0.00 secs] 
178.616: [Full GC [PSYoungGen: 939K->0K(7680K)] [ParOldGen: 11088K->7084K(17408K)] 12028K->7084K(25088K) [PSPermGen: 5141K->5141K(21504K)], 0.0046060 secs] [Times: user=0.02 sys=0.00, real=0.00 secs] 
178.620: Total time for which application threads were stopped: 0.0661410 seconds, Stopping threads took: 0.0593880 seconds
178.701: Application time: 0.0802860 seconds
178.750: [GC [PSYoungGen: 6559K->973K(7680K)] 13643K->8838K(25088K), 0.0009100 secs] [Times: user=0.00 sys=0.00, real=0.00 secs] 
178.751: Total time for which application threads were stopped: 0.0505740 seconds, Stopping threads took: 0.0495890 seconds
178.752: Application time: 0.0010450 seconds
178.800: [GC [PSYoungGen: 7533K->939K(7680K)] 15398K->14078K(25088K), 0.0020810 secs] [Times: user=0.01 sys=0.00, real=0.01 secs] 
178.802: [Full GC [PSYoungGen: 939K->0K(7680K)] [ParOldGen: 13139K->7279K(17408K)] 14078K->7279K(25088K) [PSPermGen: 5141K->5141K(21504K)], 0.0048610 secs] [Times: user=0.02 sys=0.00, real=0.00 secs] 
178.807: Total time for which application threads were stopped: 0.0550550 seconds, Stopping threads took: 0.0479760 seconds
178.887: Application time: 0.0795180 seconds
178.937: [GC [PSYoungGen: 6266K->939K(7680K)] 13546K->9000K(25088K), 0.0006710 secs] [Times: user=0.01 sys=0.00, real=0.00 secs] 
178.937: Total time for which application threads were stopped: 0.0505900 seconds, Stopping threads took: 0.0498440 seconds
178.938: Application time: 0.0010250 seconds
179.001: [GC [PSYoungGen: 7595K->1005K(7680K)] 15656K->13168K(25088K), 0.0017920 secs] [Times: user=0.01 sys=0.00, real=0.01 secs] 
179.003: [Full GC [PSYoungGen: 1005K->0K(7680K)] [ParOldGen: 12162K->6205K(17408K)] 13168K->6205K(25088K) [PSPermGen: 5141K->5141K(21504K)], 0.0048560 secs] [Times: user=0.02 sys=0.00, real=0.00 secs] 
179.008: Total time for which application threads were stopped: 0.0691000 seconds, Stopping threads took: 0.0623020 seconds
179.095: Application time: 0.0876280 seconds
179.153: [GC [PSYoungGen: 6345K->939K(7680K)] 12550K->7926K(25088K), 0.0006980 secs] [Times: user=0.00 sys=0.00, real=0.00 secs] 
179.154: Total time for which application threads were stopped: 0.0587420 seconds, Stopping threads took: 0.0579670 seconds
179.155: Application time: 0.0010810 seconds
179.230: [GC [PSYoungGen: 7595K->1005K(7680K)] 14582K->12093K(25088K), 0.0017310 secs] [Times: user=0.01 sys=0.00, real=0.00 secs] 
179.232: [Full GC [PSYoungGen: 1005K->0K(7680K)] [ParOldGen: 11088K->6205K(17408K)] 12093K->6205K(25088K) [PSPermGen: 5141K->5141K(21504K)], 0.0049360 secs] [Times: user=0.02 sys=0.01, real=0.00 secs] 
179.237: Total time for which application threads were stopped: 0.0820210 seconds, Stopping threads took: 0.0752220 seconds
179.326: Application time: 0.0894160 seconds
179.387: [GC [PSYoungGen: 6656K->973K(7680K)] 12861K->7178K(25088K), 0.0005710 secs] [Times: user=0.00 sys=0.00, real=0.00 secs] 
179.388: Total time for which application threads were stopped: 0.0612540 seconds, Stopping threads took: 0.0606160 seconds
179.389: Application time: 0.0011130 seconds
179.441: [GC [PSYoungGen: 7629K->907K(7680K)] 13834K->12777K(25088K), 0.0020480 secs] [Times: user=0.02 sys=0.00, real=0.01 secs] 
179.443: [Full GC [PSYoungGen: 907K->0K(7680K)] [ParOldGen: 11869K->7670K(17408K)] 12777K->7670K(25088K) [PSPermGen: 5141K->5141K(21504K)], 0.0051960 secs] [Times: user=0.02 sys=0.00, real=0.00 secs] 
179.448: Total time for which application threads were stopped: 0.0592920 seconds, Stopping threads took: 0.0519220 seconds
179.529: Application time: 0.0806140 seconds
179.591: [GC [PSYoungGen: 6638K->256K(7680K)] 14308K->7926K(25088K), 0.0004400 secs] [Times: user=0.00 sys=0.00, real=0.00 secs] 
179.591: Total time for which application threads were stopped: 0.0626850 seconds, Stopping threads took: 0.0621780 seconds
179.592: Application time: 0.0006650 seconds
179.592: [GC [PSYoungGen: 6796K->1022K(7680K)] 14467K->14316K(25088K), 0.0019660 secs] [Times: user=0.02 sys=0.00, real=0.00 secs] 
179.594: [Full GC [PSYoungGen: 1022K->0K(7680K)] [ParOldGen: 13293K->7768K(17408K)] 14316K->7768K(25088K) [PSPermGen: 5141K->5141K(21504K)], 0.0051290 secs] [Times: user=0.02 sys=0.00, real=0.00 secs] 
179.600: Total time for which application threads were stopped: 0.0073800 seconds, Stopping threads took: 0.0001490 seconds
179.679: Application time: 0.0796750 seconds
179.741: [GC [PSYoungGen: 6656K->387K(7680K)] 14424K->8155K(25088K), 0.0004840 secs] [Times: user=0.00 sys=0.00, real=0.01 secs] 
179.741: Total time for which application threads were stopped: 0.0623080 seconds, Stopping threads took: 0.0617500 seconds
179.742: Application time: 0.0008850 seconds
179.786: [GC [PSYoungGen: 6947K->1005K(7680K)] 14715K->13664K(25088K), 0.0016520 secs] [Times: user=0.01 sys=0.00, real=0.00 secs] 
179.788: [Full GC [PSYoungGen: 1005K->0K(7680K)] [ParOldGen: 12659K->6986K(17408K)] 13664K->6986K(25088K) [PSPermGen: 5141K->5141K(21504K)], 0.0050820 secs] [Times: user=0.02 sys=0.00, real=0.01 secs] 
179.793: Total time for which application threads were stopped: 0.0506610 seconds, Stopping threads took: 0.0437990 seconds
179.866: Application time: 0.0734570 seconds
179.913: [GC [PSYoungGen: 6559K->907K(7680K)] 13546K->8675K(25088K), 0.0006540 secs] [Times: user=0.00 sys=0.00, real=0.00 secs] 
179.913: Total time for which application threads were stopped: 0.0468730 seconds, Stopping threads took: 0.0461480 seconds
179.921: Application time: 0.0079420 seconds
179.984: [GC [PSYoungGen: 7448K->614K(7680K)] 15216K->8382K(25088K), 0.0004360 secs] [Times: user=0.00 sys=0.00, real=0.00 secs] 
179.985: Total time for which application threads were stopped: 0.0632510 seconds, Stopping threads took: 0.0627550 seconds
179.985: Application time: 0.0007930 seconds
180.029: [GC [PSYoungGen: 7253K->1006K(7680K)] 15020K->12737K(25088K), 0.0015710 secs] [Times: user=0.00 sys=0.00, real=0.01 secs] 
180.031: [Full GC [PSYoungGen: 1006K->0K(7680K)] [ParOldGen: 11730K->6108K(17408K)] 12737K->6108K(25088K) [PSPermGen: 5141K->5141K(21504K)], 0.0047980 secs] [Times: user=0.02 sys=0.01, real=0.00 secs] 
180.035: Total time for which application threads were stopped: 0.0500960 seconds, Stopping threads took: 0.0435860 seconds
180.122: Application time: 0.0866380 seconds
180.177: [GC [PSYoungGen: 6364K->614K(7680K)] 12472K->6722K(25088K), 0.0004270 secs] [Times: user=0.00 sys=0.00, real=0.00 secs] 
180.177: Total time for which application threads were stopped: 0.0549980 seconds, Stopping threads took: 0.0544960 seconds
180.178: Application time: 0.0008910 seconds
180.231: [GC [PSYoungGen: 7253K->1005K(7680K)] 13361K->12199K(25088K), 0.0019760 secs] [Times: user=0.02 sys=0.01, real=0.00 secs] 
180.233: [Full GC [PSYoungGen: 1005K->0K(7680K)] [ParOldGen: 11194K->7182K(17408K)] 12199K->7182K(25088K) [PSPermGen: 5141K->5141K(21504K)], 0.0047480 secs] [Times: user=0.02 sys=0.00, real=0.00 secs] 
180.238: Total time for which application threads were stopped: 0.0596800 seconds, Stopping threads took: 0.0528290 seconds
180.323: Application time: 0.0854490 seconds
180.378: [GC [PSYoungGen: 6364K->550K(7680K)] 13546K->7732K(25088K), 0.0004530 secs] [Times: user=0.00 sys=0.00, real=0.00 secs] 
180.379: Total time for which application threads were stopped: 0.0553920 seconds, Stopping threads took: 0.0548620 seconds
180.379: Application time: 0.0008370 seconds
180.422: [GC [PSYoungGen: 7013K->1006K(7680K)] 14195K->13104K(25088K), 0.0016240 secs] [Times: user=0.02 sys=0.00, real=0.00 secs] 
180.424: [Full GC [PSYoungGen: 1006K->0K(7680K)] [ParOldGen: 12097K->7084K(17408K)] 13104K->7084K(25088K) [PSPermGen: 5141K->5141K(21504K)], 0.0048570 secs] [Times: user=0.02 sys=0.00, real=0.00 secs] 
180.429: Total time for which application threads were stopped: 0.0494470 seconds, Stopping threads took: 0.0428460 seconds
180.502: Application time: 0.0735420 seconds
180.548: [GC [PSYoungGen: 6462K->582K(7680K)] 13546K->7667K(25088K), 0.0004680 secs] [Times: user=0.00 sys=0.00, real=0.00 secs] 
180.548: Total time for which application threads were stopped: 0.0457740 seconds, Stopping threads took: 0.0452420 seconds
180.549: Application time: 0.0008530 seconds
180.605: [GC [PSYoungGen: 7221K->1005K(7680K)] 14305K->13200K(25088K), 0.0020400 secs] [Times: user=0.01 sys=0.00, real=0.00 secs] 
180.607: [Full GC [PSYoungGen: 1005K->0K(7680K)] [ParOldGen: 12194K->7182K(17408K)] 13200K->7182K(25088K) [PSPermGen: 5141K->5141K(21504K)], 0.0048830 secs] [Times: user=0.02 sys=0.00, real=0.01 secs] 
180.612: Total time for which application threads were stopped: 0.0629970 seconds, Stopping threads took: 0.0559400 seconds
180.685: Application time: 0.0727330 seconds
180.730: [GC [PSYoungGen: 6364K->973K(7680K)] 13546K->9913K(25088K), 0.0009950 secs] [Times: user=0.01 sys=0.00, real=0.00 secs] 
180.731: [Full GC [PSYoungGen: 973K->0K(7680K)] [ParOldGen: 8940K->3862K(17408K)] 9913K->3862K(25088K) [PSPermGen: 5141K->5141K(21504K)], 0.0040370 secs] [Times: user=0.01 sys=0.01, real=0.00 secs] 
180.735: Total time for which application threads were stopped: 0.0503930 seconds, Stopping threads took: 0.0452360 seconds
180.816: Application time: 0.0805730 seconds
180.824: [GC [PSYoungGen: 6540K->614K(7680K)] 10402K->4476K(25088K), 0.0003790 secs] [Times: user=0.00 sys=0.00, real=0.00 secs] 
180.825: Total time for which application threads were stopped: 0.0088460 seconds, Stopping threads took: 0.0084070 seconds
180.825: Application time: 0.0006440 seconds
180.825: [GC [PSYoungGen: 7076K->1008K(7680K)] 10939K->10802K(25088K), 0.0022100 secs] [Times: user=0.02 sys=0.00, real=0.00 secs] 
180.828: [Full GC [PSYoungGen: 1008K->0K(7680K)] [ParOldGen: 9794K->8158K(17408K)] 10802K->8158K(25088K) [PSPermGen: 5141K->5141K(21504K)], 0.0046870 secs] [Times: user=0.02 sys=0.00, real=0.01 secs] 
180.832: Total time for which application threads were stopped: 0.0072700 seconds, Stopping threads took: 0.0002410 seconds
180.911: Application time: 0.0780820 seconds
180.972: [GC [PSYoungGen: 6462K->614K(7680K)] 14620K->8773K(25088K), 0.0004630 secs] [Times: user=0.00 sys=0.00, real=0.00 secs] 
180.973: Total time for which application threads were stopped: 0.0620830 seconds, Stopping threads took: 0.0615410 seconds
180.974: Application time: 0.0008800 seconds
181.025: [GC [PSYoungGen: 7253K->1006K(7680K)] 15412K->12038K(25088K), 0.0014360 secs] [Times: user=0.01 sys=0.00, real=0.00 secs] 
181.027: [Full GC [PSYoungGen: 1006K->0K(7680K)] [ParOldGen: 11031K->5034K(17408K)] 12038K->5034K(25088K) [PSPermGen: 5141K->5141K(21504K)], 0.0044990 secs] [Times: user=0.01 sys=0.00, real=0.01 secs] 
181.031: Total time for which application threads were stopped: 0.0577760 seconds, Stopping threads took: 0.0517060 seconds
181.108: Application time: 0.0766830 seconds
181.164: [GC [PSYoungGen: 6364K->582K(7680K)] 11398K->5616K(25088K), 0.0004630 secs] [Times: user=0.00 sys=0.00, real=0.00 secs] 
181.165: Total time for which application threads were stopped: 0.0569080 seconds, Stopping threads took: 0.0563770 seconds
181.166: Application time: 0.0007980 seconds
181.166: [GC [PSYoungGen: 7123K->1006K(7680K)] 12157K->12038K(25088K), 0.0020470 secs] [Times: user=0.01 sys=0.00, real=0.00 secs] 
181.168: [Full GC [PSYoungGen: 1006K->0K(7680K)] [ParOldGen: 11031K->8158K(17408K)] 12038K->8158K(25088K) [PSPermGen: 5141K->5141K(21504K)], 0.0048080 secs] [Times: user=0.02 sys=0.00, real=0.01 secs] 
181.173: Total time for which application threads were stopped: 0.0071500 seconds, Stopping threads took: 0.0001710 seconds
181.252: Application time: 0.0792290 seconds
181.314: [GC [PSYoungGen: 6540K->614K(7680K)] 14699K->8773K(25088K), 0.0004520 secs] [Times: user=0.00 sys=0.00, real=0.00 secs] 
181.316: Total time for which application threads were stopped: 0.0634330 seconds, Stopping threads took: 0.0618230 seconds
181.316: Application time: 0.0008660 seconds
181.317: [GC [PSYoungGen: 7077K->1006K(7680K)] 15236K->15163K(25088K), 0.0019420 secs] [Times: user=0.01 sys=0.00, real=0.00 secs] 
181.319: [Full GC [PSYoungGen: 1006K->0K(7680K)] [ParOldGen: 14156K->8159K(17408K)] 15163K->8159K(25088K) [PSPermGen: 5141K->5141K(21504K)], 0.0051210 secs] [Times: user=0.02 sys=0.00, real=0.01 secs] 
181.324: Total time for which application threads were stopped: 0.0074380 seconds, Stopping threads took: 0.0002550 seconds
181.404: Application time: 0.0797690 seconds
181.463: [GC [PSYoungGen: 6462K->646K(7680K)] 14621K->8805K(25088K), 0.0006000 secs] [Times: user=0.00 sys=0.00, real=0.00 secs] 
181.464: Total time for which application threads were stopped: 0.0604480 seconds, Stopping threads took: 0.0597810 seconds
181.465: Application time: 0.0007820 seconds
181.465: [GC [PSYoungGen: 7109K->1006K(7680K)] 15268K->15155K(25088K), 0.0021390 secs] [Times: user=0.01 sys=0.00, real=0.00 secs] 
181.467: [Full GC [PSYoungGen: 1006K->0K(7680K)] [ParOldGen: 14148K->8159K(17408K)] 15155K->8159K(25088K) [PSPermGen: 5141K->5141K(21504K)], 0.0052730 secs] [Times: user=0.02 sys=0.00, real=0.01 secs] 
181.473: Total time for which application threads were stopped: 0.0077420 seconds, Stopping threads took: 0.0002100 seconds
181.551: Application time: 0.0782410 seconds
181.613: [GC [PSYoungGen: 6462K->614K(7680K)] 14621K->8773K(25088K), 0.0004130 secs] [Times: user=0.00 sys=0.00, real=0.00 secs] 
181.613: [Full GC [PSYoungGen: 614K->0K(7680K)] [ParOldGen: 8159K->1927K(17408K)] 8773K->1927K(25088K) [PSPermGen: 5141K->5141K(21504K)], 0.0041450 secs] [Times: user=0.01 sys=0.00, real=0.00 secs] 
181.618: Total time for which application threads were stopped: 0.0667110 seconds, Stopping threads took: 0.0620300 seconds
181.619: Application time: 0.0010550 seconds
181.619: [GC [PSYoungGen: 6462K->1006K(7680K)] 8390K->8533K(25088K), 0.0019770 secs] [Times: user=0.01 sys=0.00, real=0.00 secs] 
181.621: [Full GC [PSYoungGen: 1006K->0K(7680K)] [ParOldGen: 7526K->8159K(17408K)] 8533K->8159K(25088K) [PSPermGen: 5141K->5141K(21504K)], 0.0048480 secs] [Times: user=0.03 sys=0.00, real=0.01 secs] 
181.626: Total time for which application threads were stopped: 0.0072880 seconds, Stopping threads took: 0.0003110 seconds
181.726: Application time: 0.1001260 seconds
181.780: [GC [PSYoungGen: 6462K->518K(7680K)] 14621K->8677K(25088K), 0.0006020 secs] [Times: user=0.00 sys=0.00, real=0.00 secs] 
181.780: [Full GC [PSYoungGen: 518K->0K(7680K)] [ParOldGen: 8159K->1927K(17408K)] 8677K->1927K(25088K) [PSPermGen: 5141K->5141K(21504K)], 0.0039210 secs] [Times: user=0.01 sys=0.00, real=0.01 secs] 
181.784: Total time for which application threads were stopped: 0.0584640 seconds, Stopping threads took: 0.0537990 seconds
181.786: Application time: 0.0010580 seconds
181.839: [GC [PSYoungGen: 6619K->1008K(7680K)] 8546K->7829K(25088K), 0.0019450 secs] [Times: user=0.02 sys=0.00, real=0.00 secs] 
181.841: Total time for which application threads were stopped: 0.0552560 seconds, Stopping threads took: 0.0532280 seconds
181.915: Application time: 0.0738700 seconds
181.960: [GC [PSYoungGen: 7568K->875K(7680K)] 14389K->9650K(25088K), 0.0009040 secs] [Times: user=0.00 sys=0.00, real=0.00 secs] 
181.961: [Full GC [PSYoungGen: 875K->0K(7680K)] [ParOldGen: 8774K->3960K(17408K)] 9650K->3960K(25088K) [PSPermGen: 5141K->5141K(21504K)], 0.0042270 secs] [Times: user=0.01 sys=0.00, real=0.01 secs] 
181.965: Total time for which application threads were stopped: 0.0505390 seconds, Stopping threads took: 0.0452780 seconds
182.044: Application time: 0.0785230 seconds
182.062: [GC [PSYoungGen: 6364K->550K(7680K)] 10324K->4510K(25088K), 0.0004360 secs] [Times: user=0.00 sys=0.00, real=0.00 secs] 
182.062: Total time for which application threads were stopped: 0.0185720 seconds, Stopping threads took: 0.0180750 seconds
182.063: Application time: 0.0007080 seconds
182.063: [GC [PSYoungGen: 7091K->1005K(7680K)] 11051K->11044K(25088K), 0.0021100 secs] [Times: user=0.02 sys=0.00, real=0.00 secs] 
182.065: [Full GC [PSYoungGen: 1005K->0K(7680K)] [ParOldGen: 10039K->8159K(17408K)] 11044K->8159K(25088K) [PSPermGen: 5141K->5141K(21504K)], 0.0045850 secs] [Times: user=0.02 sys=0.00, real=0.01 secs] 
182.070: Total time for which application threads were stopped: 0.0069100 seconds, Stopping threads took: 0.0000860 seconds
182.168: Application time: 0.0985870 seconds
182.229: [GC [PSYoungGen: 6462K->614K(7680K)] 14621K->8774K(25088K), 0.0003960 secs] [Times: user=0.00 sys=0.00, real=0.00 secs] 
182.229: [Full GC [PSYoungGen: 614K->0K(7680K)] [ParOldGen: 8159K->1956K(17408K)] 8774K->1956K(25088K) [PSPermGen: 5141K->5141K(21504K)], 0.0035600 secs] [Times: user=0.01 sys=0.00, real=0.01 secs] 
182.233: Total time for which application threads were stopped: 0.0640820 seconds, Stopping threads took: 0.0600080 seconds
182.234: Application time: 0.0012910 seconds
182.282: [GC [PSYoungGen: 6656K->939K(7680K)] 8612K->8169K(25088K), 0.0018750 secs] [Times: user=0.01 sys=0.00, real=0.00 secs] 
182.284: Total time for which application threads were stopped: 0.0499950 seconds, Stopping threads took: 0.0480430 seconds
182.360: Application time: 0.0761960 seconds
182.407: [GC [PSYoungGen: 7206K->614K(7680K)] 14436K->7844K(25088K), 0.0005120 secs] [Times: user=0.00 sys=0.00, real=0.00 secs] 
182.407: Total time for which application threads were stopped: 0.0473220 seconds, Stopping threads took: 0.0467430 seconds
182.408: Application time: 0.0007950 seconds
182.408: [GC [PSYoungGen: 7077K->1005K(7680K)] 14306K->14298K(25088K), 0.0020940 secs] [Times: user=0.01 sys=0.00, real=0.01 secs] 
182.411: [Full GC [PSYoungGen: 1005K->0K(7680K)] [ParOldGen: 13292K->8159K(17408K)] 14298K->8159K(25088K) [PSPermGen: 5141K->5141K(21504K)], 0.0047600 secs] [Times: user=0.02 sys=0.00, real=0.00 secs] 
182.415: Total time for which application threads were stopped: 0.0071550 seconds, Stopping threads took: 0.0001790 seconds
182.497: Application time: 0.0814810 seconds
182.558: [GC [PSYoungGen: 6656K->745K(7680K)] 14815K->8905K(25088K), 0.0005320 secs] [Times: user=0.00 sys=0.00, real=0.00 secs] 
182.558: [Full GC [PSYoungGen: 745K->0K(7680K)] [ParOldGen: 8159K->2122K(17408K)] 8905K->2122K(25088K) [PSPermGen: 5141K->5141K(21504K)], 0.0036520 secs] [Times: user=0.02 sys=0.00, real=0.01 secs] 
182.562: Total time for which application threads were stopped: 0.0650910 seconds, Stopping threads took: 0.0607750 seconds
182.563: Application time: 0.0010750 seconds
182.607: [GC [PSYoungGen: 6638K->1006K(7680K)] 8761K->7971K(25088K), 0.0018930 secs] [Times: user=0.02 sys=0.00, real=0.00 secs] 
182.609: Total time for which application threads were stopped: 0.0456900 seconds, Stopping threads took: 0.0436870 seconds
182.704: Application time: 0.0951810 seconds
182.759: [GC [PSYoungGen: 7566K->646K(7680K)] 14531K->8001K(25088K), 0.0004790 secs] [Times: user=0.01 sys=0.00, real=0.00 secs] 
182.759: Total time for which application threads were stopped: 0.0553500 seconds, Stopping threads took: 0.0547880 seconds
182.760: Application time: 0.0009630 seconds
182.799: [GC [PSYoungGen: 7246K->1005K(7680K)] 14601K->13702K(25088K), 0.0018350 secs] [Times: user=0.01 sys=0.00, real=0.01 secs] 
182.801: [Full GC [PSYoungGen: 1005K->0K(7680K)] [ParOldGen: 12696K->7378K(17408K)] 13702K->7378K(25088K) [PSPermGen: 5141K->5141K(21504K)], 0.0050320 secs] [Times: user=0.01 sys=0.01, real=0.00 secs] 
182.806: Total time for which application threads were stopped: 0.0460580 seconds, Stopping threads took: 0.0390590 seconds
182.881: Application time: 0.0752410 seconds
182.926: [GC [PSYoungGen: 6559K->646K(7680K)] 13938K->8415K(25088K), 0.0004970 secs] [Times: user=0.00 sys=0.00, real=0.00 secs] 
182.926: [Full GC [PSYoungGen: 646K->0K(7680K)] [ParOldGen: 7768K->2105K(17408K)] 8415K->2105K(25088K) [PSPermGen: 5141K->5141K(21504K)], 0.0039300 secs] [Times: user=0.02 sys=0.00, real=0.01 secs] 
182.930: Total time for which application threads were stopped: 0.0488000 seconds, Stopping threads took: 0.0442640 seconds
182.932: Application time: 0.0012620 seconds
182.971: [GC [PSYoungGen: 6638K->1006K(7680K)] 8743K->8515K(25088K), 0.0019960 secs] [Times: user=0.01 sys=0.00, real=0.00 secs] 
182.973: [Full GC [PSYoungGen: 1006K->0K(7680K)] [ParOldGen: 7508K->7573K(17408K)] 8515K->7573K(25088K) [PSPermGen: 5141K->5141K(21504K)], 0.0048510 secs] [Times: user=0.02 sys=0.00, real=0.00 secs] 
182.978: Total time for which application threads were stopped: 0.0464520 seconds, Stopping threads took: 0.0394730 seconds
183.055: Application time: 0.0765060 seconds
183.117: [GC [PSYoungGen: 6656K->160K(7680K)] 14229K->7733K(25088K), 0.0003940 secs] [Times: user=0.00 sys=0.00, real=0.00 secs] 
183.118: Total time for which application threads were stopped: 0.0632040 seconds, Stopping threads took: 0.0627440 seconds
183.119: Application time: 0.0008000 seconds
183.119: [GC [PSYoungGen: 6720K->1006K(7680K)] 14293K->14277K(25088K), 0.0018320 secs] [Times: user=0.01 sys=0.00, real=0.00 secs] 
183.121: [Full GC [PSYoungGen: 1006K->0K(7680K)] [ParOldGen: 13270K->7866K(17408K)] 14277K->7866K(25088K) [PSPermGen: 5141K->5141K(21504K)], 0.0051150 secs] [Times: user=0.02 sys=0.00, real=0.01 secs] 
183.126: Total time for which application threads were stopped: 0.0072680 seconds, Stopping threads took: 0.0001990 seconds
183.206: Application time: 0.0798260 seconds
183.267: [GC [PSYoungGen: 6559K->419K(7680K)] 14426K->8285K(25088K), 0.0007420 secs] [Times: user=0.00 sys=0.00, real=0.00 secs] 
183.268: [Full GC [PSYoungGen: 419K->0K(7680K)] [ParOldGen: 7866K->1732K(17408K)] 8285K->1732K(25088K) [PSPermGen: 5141K->5141K(21504K)], 0.0036640 secs] [Times: user=0.01 sys=0.00, real=0.01 secs] 
183.271: Total time for which application threads were stopped: 0.0655910 seconds, Stopping threads took: 0.0610660 seconds
183.272: Application time: 0.0011350 seconds
183.272: [GC [PSYoungGen: 6560K->1006K(7680K)] 8292K->8435K(25088K), 0.0019710 secs] [Times: user=0.02 sys=0.00, real=0.00 secs] 
183.274: [Full GC [PSYoungGen: 1006K->0K(7680K)] [ParOldGen: 7428K->8061K(17408K)] 8435K->8061K(25088K) [PSPermGen: 5141K->5141K(21504K)], 0.0047610 secs] [Times: user=0.02 sys=0.00, real=0.00 secs] 
183.279: Total time for which application threads were stopped: 0.0069500 seconds, Stopping threads took: 0.0000900 seconds
183.359: Application time: 0.0800140 seconds
183.419: [GC [PSYoungGen: 6637K->646K(7680K)] 14699K->8708K(25088K), 0.0004450 secs] [Times: user=0.00 sys=0.00, real=0.00 secs] 
183.419: [Full GC [PSYoungGen: 646K->0K(7680K)] [ParOldGen: 8061K->1956K(17408K)] 8708K->1956K(25088K) [PSPermGen: 5141K->5141K(21504K)], 0.0037550 secs] [Times: user=0.01 sys=0.00, real=0.01 secs] 
183.423: Total time for which application threads were stopped: 0.0637160 seconds, Stopping threads took: 0.0594120 seconds
183.424: Application time: 0.0012990 seconds
183.468: [GC [PSYoungGen: 6560K->1005K(7680K)] 8516K->8047K(25088K), 0.0017690 secs] [Times: user=0.01 sys=0.00, real=0.01 secs] 
183.470: Total time for which application threads were stopped: 0.0455670 seconds, Stopping threads took: 0.0437290 seconds
183.546: Application time: 0.0755940 seconds
183.591: [GC [PSYoungGen: 7467K->1005K(7680K)] 14510K->8837K(25088K), 0.0008130 secs] [Times: user=0.01 sys=0.00, real=0.00 secs] 
183.592: [Full GC [PSYoungGen: 1005K->0K(7680K)] [ParOldGen: 7831K->2886K(17408K)] 8837K->2886K(25088K) [PSPermGen: 5141K->5141K(21504K)], 0.0042470 secs] [Times: user=0.01 sys=0.00, real=0.00 secs] 
183.596: Total time for which application threads were stopped: 0.0504880 seconds, Stopping threads took: 0.0452920 seconds
183.597: Application time: 0.0013550 seconds
183.667: [GC [PSYoungGen: 6462K->973K(7680K)] 9348K->6789K(25088K), 0.0013950 secs] [Times: user=0.00 sys=0.00, real=0.00 secs] 
183.668: Total time for which application threads were stopped: 0.0710210 seconds, Stopping threads took: 0.0695180 seconds
183.748: Application time: 0.0792980 seconds
183.765: [GC [PSYoungGen: 7629K->941K(7680K)] 13445K->7734K(25088K), 0.0008110 secs] [Times: user=0.00 sys=0.00, real=0.00 secs] 
183.765: Total time for which application threads were stopped: 0.0177790 seconds, Stopping threads took: 0.0168740 seconds
183.767: Application time: 0.0013130 seconds
183.837: [GC [PSYoungGen: 7579K->646K(7680K)] 14372K->7830K(25088K), 0.0005730 secs] [Times: user=0.00 sys=0.00, real=0.00 secs] 
183.837: Total time for which application threads were stopped: 0.0706790 seconds, Stopping threads took: 0.0700260 seconds
183.838: Application time: 0.0007760 seconds
183.882: [GC [PSYoungGen: 7206K->1005K(7680K)] 14390K->13665K(25088K), 0.0017650 secs] [Times: user=0.01 sys=0.00, real=0.00 secs] 
183.884: [Full GC [PSYoungGen: 1005K->0K(7680K)] [ParOldGen: 12660K->7573K(17408K)] 13665K->7573K(25088K) [PSPermGen: 5141K->5141K(21504K)], 0.0053470 secs] [Times: user=0.03 sys=0.00, real=0.00 secs] 
183.889: Total time for which application threads were stopped: 0.0508920 seconds, Stopping threads took: 0.0436560 seconds
183.986: Application time: 0.0972290 seconds
184.050: [GC [PSYoungGen: 6656K->160K(7680K)] 14229K->7733K(25088K), 0.0003560 secs] [Times: user=0.00 sys=0.00, real=0.00 secs] 
184.050: Total time for which application threads were stopped: 0.0640130 seconds, Stopping threads took: 0.0635930 seconds
184.051: Application time: 0.0008130 seconds
184.051: [GC [PSYoungGen: 6720K->1006K(7680K)] 14294K->14269K(25088K), 0.0019010 secs] [Times: user=0.01 sys=0.00, real=0.00 secs] 
184.053: [Full GC [PSYoungGen: 1006K->0K(7680K)] [ParOldGen: 13262K->7866K(17408K)] 14269K->7866K(25088K) [PSPermGen: 5141K->5141K(21504K)], 0.0046980 secs] [Times: user=0.03 sys=0.00, real=0.00 secs] 
184.058: Total time for which application threads were stopped: 0.0068750 seconds, Stopping threads took: 0.0001540 seconds
184.136: Application time: 0.0781280 seconds
184.200: [GC [PSYoungGen: 6559K->387K(7680K)] 14426K->8254K(25088K), 0.0004040 secs] [Times: user=0.00 sys=0.00, real=0.00 secs] 
184.200: Total time for which application threads were stopped: 0.0640040 seconds, Stopping threads took: 0.0635260 seconds
184.201: Application time: 0.0008390 seconds
184.201: [GC [PSYoungGen: 7006K->971K(7680K)] 14873K->14795K(25088K), 0.0018050 secs] [Times: user=0.01 sys=0.00, real=0.00 secs] 
184.203: [Full GC [PSYoungGen: 971K->0K(7680K)] [ParOldGen: 13824K->7964K(17408K)] 14795K->7964K(25088K) [PSPermGen: 5141K->5141K(21504K)], 0.0053160 secs] [Times: user=0.02 sys=0.00, real=0.00 secs] 
184.208: Total time for which application threads were stopped: 0.0074090 seconds, Stopping threads took: 0.0001780 seconds
184.289: Application time: 0.0802080 seconds
184.353: [GC [PSYoungGen: 6540K->419K(7680K)] 14505K->8384K(25088K), 0.0003590 secs] [Times: user=0.00 sys=0.00, real=0.00 secs] 
184.353: [Full GC [PSYoungGen: 419K->0K(7680K)] [ParOldGen: 7964K->1519K(17408K)] 8384K->1519K(25088K) [PSPermGen: 5141K->5141K(21504K)], 0.0037700 secs] [Times: user=0.01 sys=0.00, real=0.00 secs] 
184.357: Total time for which application threads were stopped: 0.0680460 seconds, Stopping threads took: 0.0637960 seconds
184.358: Application time: 0.0013080 seconds
184.358: [GC [PSYoungGen: 6560K->1005K(7680K)] 8079K->8295K(25088K), 0.0019050 secs] [Times: user=0.01 sys=0.00, real=0.00 secs] 
184.360: Total time for which application threads were stopped: 0.0020470 seconds, Stopping threads took: 0.0000700 seconds
184.438: Application time: 0.0777620 seconds
184.502: [GC [PSYoungGen: 7565K->550K(7680K)] 14854K->7840K(25088K), 0.0004700 secs] [Times: user=0.00 sys=0.00, real=0.00 secs] 
184.502: Total time for which application threads were stopped: 0.0642580 seconds, Stopping threads took: 0.0636940 seconds
184.503: Application time: 0.0007140 seconds
184.503: [GC [PSYoungGen: 7110K->1008K(7680K)] 14400K->14311K(25088K), 0.0020440 secs] [Times: user=0.02 sys=0.00, real=0.00 secs] 
184.505: [Full GC [PSYoungGen: 1008K->0K(7680K)] [ParOldGen: 13303K->8257K(17408K)] 14311K->8257K(25088K) [PSPermGen: 5141K->5141K(21504K)], 0.0052130 secs] [Times: user=0.02 sys=0.00, real=0.01 secs] 
184.510: Total time for which application threads were stopped: 0.0075630 seconds, Stopping threads took: 0.0001850 seconds
184.592: Application time: 0.0814580 seconds
184.652: [GC [PSYoungGen: 6520K->614K(7680K)] 14778K->8872K(25088K), 0.0004750 secs] [Times: user=0.00 sys=0.00, real=0.00 secs] 
184.652: [Full GC [PSYoungGen: 614K->0K(7680K)] [ParOldGen: 8257K->1984K(17408K)] 8872K->1984K(25088K) [PSPermGen: 5141K->5141K(21504K)], 0.0037950 secs] [Times: user=0.01 sys=0.00, real=0.00 secs] 
184.656: Total time for which application threads were stopped: 0.0644560 seconds, Stopping threads took: 0.0600750 seconds
184.658: Application time: 0.0013280 seconds
184.658: [GC [PSYoungGen: 6560K->1005K(7680K)] 8544K->8759K(25088K), 0.0018890 secs] [Times: user=0.01 sys=0.00, real=0.00 secs] 
184.660: [Full GC [PSYoungGen: 1005K->0K(7680K)] [ParOldGen: 7754K->8257K(17408K)] 8759K->8257K(25088K) [PSPermGen: 5141K->5141K(21504K)], 0.0050210 secs] [Times: user=0.03 sys=0.00, real=0.01 secs] 
184.665: Total time for which application threads were stopped: 0.0071000 seconds, Stopping threads took: 0.0000630 seconds
184.745: Application time: 0.0803200 seconds
184.810: [GC [PSYoungGen: 6559K->809K(7680K)] 14817K->9067K(25088K), 0.0005970 secs] [Times: user=0.00 sys=0.00, real=0.00 secs] 
184.811: [Full GC [PSYoungGen: 809K->0K(7680K)] [ParOldGen: 8257K->2123K(17408K)] 9067K->2123K(25088K) [PSPermGen: 5141K->5141K(21504K)], 0.0038590 secs] [Times: user=0.02 sys=0.00, real=0.00 secs] 
184.815: Total time for which application threads were stopped: 0.0696750 seconds, Stopping threads took: 0.0651080 seconds
184.816: Application time: 0.0010890 seconds
184.860: [GC [PSYoungGen: 6638K->1005K(7680K)] 8761K->8019K(25088K), 0.0018750 secs] [Times: user=0.01 sys=0.00, real=0.01 secs] 
184.862: Total time for which application threads were stopped: 0.0457440 seconds, Stopping threads took: 0.0437850 seconds
184.936: Application time: 0.0741600 seconds
184.982: [GC [PSYoungGen: 7565K->646K(7680K)] 14579K->8051K(25088K), 0.0004970 secs] [Times: user=0.01 sys=0.00, real=0.00 secs] 
184.982: Total time for which application threads were stopped: 0.0465130 seconds, Stopping threads took: 0.0459430 seconds
184.983: Application time: 0.0009010 seconds
185.027: [GC [PSYoungGen: 7206K->1005K(7680K)] 14611K->13887K(25088K), 0.0018510 secs] [Times: user=0.01 sys=0.00, real=0.00 secs] 
185.029: [Full GC [PSYoungGen: 1005K->0K(7680K)] [ParOldGen: 12881K->7574K(17408K)] 13887K->7574K(25088K) [PSPermGen: 5141K->5141K(21504K)], 0.0049410 secs] [Times: user=0.02 sys=0.00, real=0.01 secs] 
185.034: Total time for which application threads were stopped: 0.0504560 seconds, Stopping threads took: 0.0435460 seconds
185.117: Application time: 0.0836920 seconds
185.172: [GC [PSYoungGen: 6559K->1005K(7680K)] 14134K->8774K(25088K), 0.0005400 secs] [Times: user=0.01 sys=0.00, real=0.00 secs] 
185.173: [Full GC [PSYoungGen: 1005K->0K(7680K)] [ParOldGen: 7769K->2541K(17408K)] 8774K->2541K(25088K) [PSPermGen: 5141K->5141K(21504K)], 0.0036320 secs] [Times: user=0.01 sys=0.00, real=0.00 secs] 
185.177: Total time for which application threads were stopped: 0.0593930 seconds, Stopping threads took: 0.0550960 seconds
185.178: Application time: 0.0011070 seconds
185.231: [GC [PSYoungGen: 6540K->1005K(7680K)] 9082K->8039K(25088K), 0.0017410 secs] [Times: user=0.01 sys=0.00, real=0.00 secs] 
185.233: Total time for which application threads were stopped: 0.0549320 seconds, Stopping threads took: 0.0531100 seconds
185.306: Application time: 0.0731190 seconds
185.310: [GC [PSYoungGen: 7643K->939K(7680K)] 14677K->10513K(25088K), 0.0011190 secs] [Times: user=0.00 sys=0.00, real=0.00 secs] 
185.311: [Full GC [PSYoungGen: 939K->0K(7680K)] [ParOldGen: 9573K->4547K(17408K)] 10513K->4547K(25088K) [PSPermGen: 5141K->5141K(21504K)], 0.0041910 secs] [Times: user=0.02 sys=0.00, real=0.00 secs] 
185.315: Total time for which application threads were stopped: 0.0091410 seconds, Stopping threads took: 0.0037070 seconds
185.386: Application time: 0.0710880 seconds
185.389: [GC [PSYoungGen: 6560K->1005K(7680K)] 11107K->5943K(25088K), 0.0005590 secs] [Times: user=0.00 sys=0.00, real=0.00 secs] 
185.390: Total time for which application threads were stopped: 0.0036640 seconds, Stopping threads took: 0.0030310 seconds
185.393: Application time: 0.0034730 seconds
185.460: [GC [PSYoungGen: 7463K->973K(7680K)] 12401K->6106K(25088K), 0.0006450 secs] [Times: user=0.00 sys=0.00, real=0.00 secs] 
185.460: Total time for which application threads were stopped: 0.0670690 seconds, Stopping threads took: 0.0663600 seconds
185.461: Application time: 0.0009680 seconds
185.515: [GC [PSYoungGen: 7533K->1005K(7680K)] 12666K->10924K(25088K), 0.0017390 secs] [Times: user=0.01 sys=0.00, real=0.00 secs] 
185.517: [Full GC [PSYoungGen: 1005K->0K(7680K)] [ParOldGen: 9918K->6890K(17408K)] 10924K->6890K(25088K) [PSPermGen: 5141K->5141K(21504K)], 0.0046840 secs] [Times: user=0.02 sys=0.00, real=0.01 secs] 
185.522: Total time for which application threads were stopped: 0.0604910 seconds, Stopping threads took: 0.0539270 seconds
185.620: Application time: 0.0979690 seconds
185.665: [GC [PSYoungGen: 6462K->451K(7680K)] 13353K->7342K(25088K), 0.0003750 secs] [Times: user=0.00 sys=0.00, real=0.00 secs] 
185.665: Total time for which application threads were stopped: 0.0457050 seconds, Stopping threads took: 0.0452690 seconds
185.666: Application time: 0.0007850 seconds
185.666: [GC [PSYoungGen: 7011K->1006K(7680K)] 13902K->13789K(25088K), 0.0019800 secs] [Times: user=0.01 sys=0.00, real=0.00 secs] 
185.668: [Full GC [PSYoungGen: 1006K->0K(7680K)] [ParOldGen: 12782K->8062K(17408K)] 13789K->8062K(25088K) [PSPermGen: 5141K->5141K(21504K)], 0.0048340 secs] [Times: user=0.03 sys=0.00, real=0.01 secs] 
185.673: Total time for which application threads were stopped: 0.0070790 seconds, Stopping threads took: 0.0001420 seconds
185.754: Application time: 0.0802760 seconds
185.795: [GC [PSYoungGen: 6637K->939K(7680K)] 14700K->9783K(25088K), 0.0006380 secs] [Times: user=0.00 sys=0.00, real=0.00 secs] 
185.796: [Full GC [PSYoungGen: 939K->0K(7680K)] [ParOldGen: 8843K->2789K(17408K)] 9783K->2789K(25088K) [PSPermGen: 5141K->5141K(21504K)], 0.0037780 secs] [Times: user=0.01 sys=0.00, real=0.00 secs] 
185.799: Total time for which application threads were stopped: 0.0458480 seconds, Stopping threads took: 0.0413060 seconds
185.805: Application time: 0.0060420 seconds
185.871: [GC [PSYoungGen: 6462K->550K(7680K)] 9252K->3340K(25088K), 0.0004240 secs] [Times: user=0.00 sys=0.00, real=0.00 secs] 
185.871: Total time for which application threads were stopped: 0.0655740 seconds, Stopping threads took: 0.0650830 seconds
185.872: Application time: 0.0007310 seconds
185.922: [GC [PSYoungGen: 7108K->907K(7680K)] 9898K->7799K(25088K), 0.0014550 secs] [Times: user=0.01 sys=0.00, real=0.00 secs] 
185.924: Total time for which application threads were stopped: 0.0520200 seconds, Stopping threads took: 0.0504690 seconds
185.996: Application time: 0.0722280 seconds
186.041: [GC [PSYoungGen: 7370K->973K(7680K)] 14261K->8646K(25088K), 0.0009250 secs] [Times: user=0.00 sys=0.00, real=0.00 secs] 
186.042: Total time for which application threads were stopped: 0.0462280 seconds, Stopping threads took: 0.0452370 seconds
186.043: Application time: 0.0010970 seconds
186.087: [GC [PSYoungGen: 7533K->1005K(7680K)] 15206K->12787K(25088K), 0.0014780 secs] [Times: user=0.01 sys=0.00, real=0.00 secs] 
186.088: [Full GC [PSYoungGen: 1005K->0K(7680K)] [ParOldGen: 11782K->6207K(17408K)] 12787K->6207K(25088K) [PSPermGen: 5141K->5141K(21504K)], 0.0051470 secs] [Times: user=0.02 sys=0.00, real=0.01 secs] 
186.094: Total time for which application threads were stopped: 0.0502430 seconds, Stopping threads took: 0.0434760 seconds
186.178: Application time: 0.0839240 seconds
186.233: [GC [PSYoungGen: 6656K->973K(7680K)] 12863K->7180K(25088K), 0.0007680 secs] [Times: user=0.00 sys=0.00, real=0.00 secs] 
186.234: Total time for which application threads were stopped: 0.0561550 seconds, Stopping threads took: 0.0553180 seconds
186.235: Application time: 0.0009570 seconds
186.278: [GC [PSYoungGen: 7592K->971K(7680K)] 13799K->12648K(25088K), 0.0020520 secs] [Times: user=0.02 sys=0.00, real=0.00 secs] 
186.280: [Full GC [PSYoungGen: 971K->0K(7680K)] [ParOldGen: 11676K->7476K(17408K)] 12648K->7476K(25088K) [PSPermGen: 5141K->5141K(21504K)], 0.0048600 secs] [Times: user=0.01 sys=0.00, real=0.01 secs] 
186.285: Total time for which application threads were stopped: 0.0505480 seconds, Stopping threads took: 0.0435100 seconds
186.378: Application time: 0.0932420 seconds
186.442: [GC [PSYoungGen: 6540K->973K(7680K)] 14017K->8450K(25088K), 0.0005830 secs] [Times: user=0.00 sys=0.00, real=0.00 secs] 
186.442: Total time for which application threads were stopped: 0.0637330 seconds, Stopping threads took: 0.0630720 seconds
186.443: Application time: 0.0008940 seconds
186.487: [GC [PSYoungGen: 7611K->1006K(7680K)] 15088K->13939K(25088K), 0.0019540 secs] [Times: user=0.01 sys=0.00, real=0.00 secs] 
186.489: [Full GC [PSYoungGen: 1006K->0K(7680K)] [ParOldGen: 12932K->7574K(17408K)] 13939K->7574K(25088K) [PSPermGen: 5141K->5141K(21504K)], 0.0050930 secs] [Times: user=0.03 sys=0.00, real=0.01 secs] 
186.494: Total time for which application threads were stopped: 0.0507680 seconds, Stopping threads took: 0.0435970 seconds
186.571: Application time: 0.0771570 seconds
186.634: [GC [PSYoungGen: 6656K->224K(7680K)] 14230K->7798K(25088K), 0.0004000 secs] [Times: user=0.00 sys=0.00, real=0.00 secs] 
186.634: Total time for which application threads were stopped: 0.0631310 seconds, Stopping threads took: 0.0626680 seconds
186.635: Application time: 0.0008480 seconds
186.635: [GC [PSYoungGen: 6784K->1006K(7680K)] 14358K->14278K(25088K), 0.0019570 secs] [Times: user=0.02 sys=0.00, real=0.00 secs] 
186.637: [Full GC [PSYoungGen: 1006K->0K(7680K)] [ParOldGen: 13271K->7867K(17408K)] 14278K->7867K(25088K) [PSPermGen: 5141K->5141K(21504K)], 0.0048030 secs] [Times: user=0.02 sys=0.00, real=0.01 secs] 
186.642: Total time for which application threads were stopped: 0.0069900 seconds, Stopping threads took: 0.0001060 seconds
186.722: Application time: 0.0800090 seconds
186.784: [GC [PSYoungGen: 6637K->355K(7680K)] 14505K->8222K(25088K), 0.0003570 secs] [Times: user=0.00 sys=0.00, real=0.00 secs] 
186.785: Total time for which application threads were stopped: 0.0628320 seconds, Stopping threads took: 0.0624170 seconds
186.786: Application time: 0.0007590 seconds
186.786: [GC [PSYoungGen: 6974K->1005K(7680K)] 14842K->14796K(25088K), 0.0020430 secs] [Times: user=0.01 sys=0.00, real=0.00 secs] 
186.788: [Full GC [PSYoungGen: 1005K->0K(7680K)] [ParOldGen: 13791K->7965K(17408K)] 14796K->7965K(25088K) [PSPermGen: 5141K->5141K(21504K)], 0.0049350 secs] [Times: user=0.02 sys=0.00, real=0.01 secs] 
186.793: Total time for which application threads were stopped: 0.0072210 seconds, Stopping threads took: 0.0001190 seconds
186.870: Application time: 0.0774640 seconds
186.933: [GC [PSYoungGen: 6656K->646K(7680K)] 14621K->8612K(25088K), 0.0004650 secs] [Times: user=0.00 sys=0.00, real=0.00 secs] 
186.933: [Full GC [PSYoungGen: 646K->0K(7680K)] [ParOldGen: 7965K->1715K(17408K)] 8612K->1715K(25088K) [PSPermGen: 5141K->5141K(21504K)], 0.0039360 secs] [Times: user=0.02 sys=0.00, real=0.00 secs] 
186.937: Total time for which application threads were stopped: 0.0671790 seconds, Stopping threads took: 0.0626550 seconds
186.939: Application time: 0.0013090 seconds
186.986: [GC [PSYoungGen: 6560K->1005K(7680K)] 8275K->7807K(25088K), 0.0017290 secs] [Times: user=0.01 sys=0.00, real=0.00 secs] 
186.988: Total time for which application threads were stopped: 0.0491140 seconds, Stopping threads took: 0.0473070 seconds
187.063: Application time: 0.0754340 seconds
187.108: [GC [PSYoungGen: 7369K->614K(7680K)] 14172K->7416K(25088K), 0.0003980 secs] [Times: user=0.00 sys=0.00, real=0.00 secs] 
187.109: Total time for which application threads were stopped: 0.0454630 seconds, Stopping threads took: 0.0449960 seconds
187.110: Application time: 0.0008870 seconds
187.153: [GC [PSYoungGen: 7174K->1005K(7680K)] 13977K->12894K(25088K), 0.0019190 secs] [Times: user=0.01 sys=0.00, real=0.00 secs] 
187.155: [Full GC [PSYoungGen: 1005K->0K(7680K)] [ParOldGen: 11888K->7184K(17408K)] 12894K->7184K(25088K) [PSPermGen: 5141K->5141K(21504K)], 0.0051020 secs] [Times: user=0.02 sys=0.00, real=0.00 secs] 
187.160: Total time for which application threads were stopped: 0.0506010 seconds, Stopping threads took: 0.0434410 seconds
187.234: Application time: 0.0735590 seconds
187.279: [GC [PSYoungGen: 6462K->1005K(7680K)] 13646K->8978K(25088K), 0.0007950 secs] [Times: user=0.01 sys=0.00, real=0.00 secs] 
187.280: [Full GC [PSYoungGen: 1005K->0K(7680K)] [ParOldGen: 7973K->2887K(17408K)] 8978K->2887K(25088K) [PSPermGen: 5141K->5141K(21504K)], 0.0038500 secs] [Times: user=0.01 sys=0.01, real=0.01 secs] 
187.284: Total time for which application threads were stopped: 0.0500660 seconds, Stopping threads took: 0.0452980 seconds
187.285: Application time: 0.0013070 seconds
187.341: [GC [PSYoungGen: 6560K->1005K(7680K)] 9447K->8002K(25088K), 0.0016790 secs] [Times: user=0.01 sys=0.00, real=0.01 secs] 
187.342: Total time for which application threads were stopped: 0.0571120 seconds, Stopping threads took: 0.0553540 seconds
187.416: Application time: 0.0732950 seconds
187.420: [GC [PSYoungGen: 7565K->939K(7680K)] 14562K->10085K(25088K), 0.0011320 secs] [Times: user=0.00 sys=0.00, real=0.01 secs] 
187.421: [Full GC [PSYoungGen: 939K->0K(7680K)] [ParOldGen: 9146K->4157K(17408K)] 10085K->4157K(25088K) [PSPermGen: 5141K->5141K(21504K)], 0.0041250 secs] [Times: user=0.02 sys=0.00, real=0.00 secs] 
187.426: Total time for which application threads were stopped: 0.0099730 seconds, Stopping threads took: 0.0045900 seconds
187.507: Application time: 0.0809720 seconds
187.516: [GC [PSYoungGen: 6560K->973K(7680K)] 10717K->5130K(25088K), 0.0005030 secs] [Times: user=0.00 sys=0.00, real=0.00 secs] 
187.517: Total time for which application threads were stopped: 0.0102350 seconds, Stopping threads took: 0.0096520 seconds
187.518: Application time: 0.0007540 seconds
187.562: [GC [PSYoungGen: 7533K->1006K(7680K)] 11690K->9485K(25088K), 0.0017160 secs] [Times: user=0.01 sys=0.00, real=0.00 secs] 
187.563: Total time for which application threads were stopped: 0.0457170 seconds, Stopping threads took: 0.0439220 seconds
187.637: Application time: 0.0735340 seconds
187.681: [GC [PSYoungGen: 7566K->973K(7680K)] 16045K->9646K(25088K), 0.0006880 secs] [Times: user=0.00 sys=0.01, real=0.01 secs] 
187.682: Total time for which application threads were stopped: 0.0449090 seconds, Stopping threads took: 0.0441450 seconds
187.683: Application time: 0.0009730 seconds
187.726: [GC [PSYoungGen: 7611K->1005K(7680K)] 16285K->15351K(25088K), 0.0018400 secs] [Times: user=0.01 sys=0.00, real=0.00 secs] 
187.728: [Full GC [PSYoungGen: 1005K->0K(7680K)] [ParOldGen: 14346K->7770K(17408K)] 15351K->7770K(25088K) [PSPermGen: 5141K->5141K(21504K)], 0.0053610 secs] [Times: user=0.03 sys=0.00, real=0.01 secs] 
187.733: Total time for which application threads were stopped: 0.0504270 seconds, Stopping threads took: 0.0430940 seconds
187.811: Application time: 0.0776500 seconds
187.855: [GC [PSYoungGen: 6559K->1005K(7680K)] 14330K->9166K(25088K), 0.0005590 secs] [Times: user=0.01 sys=0.00, real=0.00 secs] 
187.855: Total time for which application threads were stopped: 0.0446420 seconds, Stopping threads took: 0.0440120 seconds
187.857: Application time: 0.0010580 seconds
187.909: [GC [PSYoungGen: 7565K->907K(7680K)] 15726K->13952K(25088K), 0.0018350 secs] [Times: user=0.01 sys=0.00, real=0.01 secs] 
187.911: [Full GC [PSYoungGen: 907K->0K(7680K)] [ParOldGen: 13044K->6891K(17408K)] 13952K->6891K(25088K) [PSPermGen: 5141K->5141K(21504K)], 0.0048240 secs] [Times: user=0.02 sys=0.00, real=0.00 secs] 
187.916: Total time for which application threads were stopped: 0.0592520 seconds, Stopping threads took: 0.0524400 seconds
187.990: Application time: 0.0745100 seconds
188.034: [GC [PSYoungGen: 6540K->451K(7680K)] 13432K->7342K(25088K), 0.0004520 secs] [Times: user=0.00 sys=0.00, real=0.00 secs] 
188.035: Total time for which application threads were stopped: 0.0445000 seconds, Stopping threads took: 0.0439720 seconds
188.036: Application time: 0.0007780 seconds
188.079: [GC [PSYoungGen: 7089K->1005K(7680K)] 13981K->12815K(25088K), 0.0017840 secs] [Times: user=0.01 sys=0.00, real=0.01 secs] 
188.081: [Full GC [PSYoungGen: 1005K->0K(7680K)] [ParOldGen: 11810K->6989K(17408K)] 12815K->6989K(25088K) [PSPermGen: 5141K->5141K(21504K)], 0.0048180 secs] [Times: user=0.02 sys=0.00, real=0.00 secs] 
188.086: Total time for which application threads were stopped: 0.0504920 seconds, Stopping threads took: 0.0437540 seconds
188.162: Application time: 0.0763260 seconds
188.207: [GC [PSYoungGen: 6559K->646K(7680K)] 13549K->7635K(25088K), 0.0003930 secs] [Times: user=0.00 sys=0.00, real=0.00 secs] 
188.207: Total time for which application threads were stopped: 0.0450810 seconds, Stopping threads took: 0.0446240 seconds
188.208: Application time: 0.0009430 seconds
188.260: [GC [PSYoungGen: 7283K->1006K(7680K)] 14272K->13033K(25088K), 0.0019490 secs] [Times: user=0.01 sys=0.00, real=0.01 secs] 
188.262: [Full GC [PSYoungGen: 1006K->0K(7680K)] [ParOldGen: 12026K->7184K(17408K)] 13033K->7184K(25088K) [PSPermGen: 5141K->5141K(21504K)], 0.0048570 secs] [Times: user=0.02 sys=0.00, real=0.00 secs] 
188.267: Total time for which application threads were stopped: 0.0586590 seconds, Stopping threads took: 0.0517270 seconds
188.340: Application time: 0.0726110 seconds
188.385: [GC [PSYoungGen: 6656K->875K(7680K)] 13840K->10208K(25088K), 0.0010650 secs] [Times: user=0.00 sys=0.00, real=0.00 secs] 
188.386: [Full GC [PSYoungGen: 875K->0K(7680K)] [ParOldGen: 9333K->4157K(17408K)] 10208K->4157K(25088K) [PSPermGen: 5141K->5141K(21504K)], 0.0041570 secs] [Times: user=0.02 sys=0.00, real=0.01 secs] 
188.390: Total time for which application threads were stopped: 0.0503850 seconds, Stopping threads took: 0.0450440 seconds
188.469: Application time: 0.0790870 seconds
188.478: [GC [PSYoungGen: 6638K->941K(7680K)] 10795K->5098K(25088K), 0.0004960 secs] [Times: user=0.01 sys=0.00, real=0.00 secs] 
188.478: Total time for which application threads were stopped: 0.0092360 seconds, Stopping threads took: 0.0086740 seconds
188.479: Application time: 0.0008990 seconds
188.523: [GC [PSYoungGen: 7540K->1006K(7680K)] 11698K->10480K(25088K), 0.0019030 secs] [Times: user=0.01 sys=0.00, real=0.00 secs] 
188.525: [Full GC [PSYoungGen: 1006K->0K(7680K)] [ParOldGen: 9473K->7380K(17408K)] 10480K->7380K(25088K) [PSPermGen: 5141K->5141K(21504K)], 0.0046360 secs] [Times: user=0.02 sys=0.00, real=0.01 secs] 
188.529: Total time for which application threads were stopped: 0.0500320 seconds, Stopping threads took: 0.0433670 seconds
188.605: Application time: 0.0754230 seconds
188.651: [GC [PSYoungGen: 6559K->973K(7680K)] 13940K->8353K(25088K), 0.0005300 secs] [Times: user=0.00 sys=0.00, real=0.00 secs] 
188.652: Total time for which application threads were stopped: 0.0471870 seconds, Stopping threads took: 0.0465770 seconds
188.653: Application time: 0.0008690 seconds
188.696: [GC [PSYoungGen: 7533K->1006K(7680K)] 14913K->13790K(25088K), 0.0019220 secs] [Times: user=0.02 sys=0.00, real=0.00 secs] 
188.698: [Full GC [PSYoungGen: 1006K->0K(7680K)] [ParOldGen: 12783K->7575K(17408K)] 13790K->7575K(25088K) [PSPermGen: 5141K->5141K(21504K)], 0.0048300 secs] [Times: user=0.02 sys=0.00, real=0.01 secs] 
188.703: Total time for which application threads were stopped: 0.0504540 seconds, Stopping threads took: 0.0435760 seconds
188.796: Application time: 0.0930820 seconds
188.858: [GC [PSYoungGen: 6656K->192K(7680K)] 14231K->7767K(25088K), 0.0004320 secs] [Times: user=0.00 sys=0.00, real=0.00 secs] 
188.859: Total time for which application threads were stopped: 0.0622490 seconds, Stopping threads took: 0.0617510 seconds
188.860: Application time: 0.0009170 seconds
188.903: [GC [PSYoungGen: 6848K->907K(7680K)] 14423K->13366K(25088K), 0.0016330 secs] [Times: user=0.01 sys=0.00, real=0.00 secs] 
188.905: [Full GC [PSYoungGen: 907K->0K(7680K)] [ParOldGen: 12458K->6891K(17408K)] 13366K->6891K(25088K) [PSPermGen: 5141K->5141K(21504K)], 0.0049930 secs] [Times: user=0.02 sys=0.00, real=0.01 secs] 
188.910: Total time for which application threads were stopped: 0.0501000 seconds, Stopping threads took: 0.0433520 seconds
188.982: Application time: 0.0725850 seconds
189.028: [GC [PSYoungGen: 6364K->939K(7680K)] 13256K->9394K(25088K), 0.0009210 secs] [Times: user=0.01 sys=0.00, real=0.00 secs] 
189.029: Total time for which application threads were stopped: 0.0463230 seconds, Stopping threads took: 0.0453300 seconds
189.099: Application time: 0.0707250 seconds
189.107: [GC [PSYoungGen: 7499K->387K(7680K)] 15954K->8841K(25088K), 0.0004190 secs] [Times: user=0.00 sys=0.00, real=0.00 secs] 
189.107: Total time for which application threads were stopped: 0.0080270 seconds, Stopping threads took: 0.0075490 seconds
189.108: Application time: 0.0005550 seconds
189.108: [GC [PSYoungGen: 6947K->1008K(7680K)] 15402K->15281K(25088K), 0.0019060 secs] [Times: user=0.01 sys=0.00, real=0.01 secs] 
189.110: [Full GC [PSYoungGen: 1008K->0K(7680K)] [ParOldGen: 14272K->8063K(17408K)] 15281K->8063K(25088K) [PSPermGen: 5141K->5141K(21504K)], 0.0051680 secs] [Times: user=0.02 sys=0.00, real=0.00 secs] 
189.115: Total time for which application threads were stopped: 0.0073970 seconds, Stopping threads took: 0.0002000 seconds
189.196: Application time: 0.0811480 seconds
189.256: [GC [PSYoungGen: 6559K->614K(7680K)] 14623K->8678K(25088K), 0.0003940 secs] [Times: user=0.00 sys=0.00, real=0.00 secs] 
189.256: Total time for which application threads were stopped: 0.0600490 seconds, Stopping threads took: 0.0595780 seconds
189.257: Application time: 0.0007120 seconds
189.302: [GC [PSYoungGen: 7077K->1006K(7680K)] 15140K->13985K(25088K), 0.0017470 secs] [Times: user=0.01 sys=0.00, real=0.00 secs] 
189.304: [Full GC [PSYoungGen: 1006K->0K(7680K)] [ParOldGen: 12978K->7087K(17408K)] 13985K->7087K(25088K) [PSPermGen: 5141K->5141K(21504K)], 0.0048400 secs] [Times: user=0.02 sys=0.00, real=0.00 secs] 
189.309: Total time for which application threads were stopped: 0.0517870 seconds, Stopping threads took: 0.0450760 seconds
189.383: Application time: 0.0738680 seconds
189.428: [GC [PSYoungGen: 6462K->614K(7680K)] 13549K->7701K(25088K), 0.0003890 secs] [Times: user=0.00 sys=0.00, real=0.00 secs] 
189.428: Total time for which application threads were stopped: 0.0455940 seconds, Stopping threads took: 0.0451410 seconds
189.429: Application time: 0.0008300 seconds
189.429: [GC [PSYoungGen: 7253K->939K(7680K)] 14340K->14277K(25088K), 0.0019890 secs] [Times: user=0.01 sys=0.00, real=0.00 secs] 
189.431: [Full GC [PSYoungGen: 939K->0K(7680K)] [ParOldGen: 13337K->8259K(17408K)] 14277K->8259K(25088K) [PSPermGen: 5141K->5141K(21504K)], 0.0050570 secs] [Times: user=0.02 sys=0.00, real=0.00 secs] 
189.437: Total time for which application threads were stopped: 0.0073470 seconds, Stopping threads took: 0.0001800 seconds
189.517: Application time: 0.0808650 seconds
189.578: [GC [PSYoungGen: 6364K->614K(7680K)] 14623K->8874K(25088K), 0.0004380 secs] [Times: user=0.00 sys=0.00, real=0.00 secs] 
189.578: [Full GC [PSYoungGen: 614K->0K(7680K)] [ParOldGen: 8259K->1956K(17408K)] 8874K->1956K(25088K) [PSPermGen: 5141K->5141K(21504K)], 0.0035630 secs] [Times: user=0.01 sys=0.00, real=0.01 secs] 
189.582: Total time for which application threads were stopped: 0.0642360 seconds, Stopping threads took: 0.0601240 seconds
189.583: Application time: 0.0012160 seconds
189.627: [GC [PSYoungGen: 6560K->1005K(7680K)] 8516K->8047K(25088K), 0.0020290 secs] [Times: user=0.01 sys=0.00, real=0.01 secs] 
189.629: Total time for which application threads were stopped: 0.0465670 seconds, Stopping threads took: 0.0444490 seconds
189.704: Application time: 0.0740460 seconds
189.749: [GC [PSYoungGen: 7467K->875K(7680K)] 14509K->9871K(25088K), 0.0009240 secs] [Times: user=0.00 sys=0.00, real=0.01 secs] 
189.750: [Full GC [PSYoungGen: 875K->0K(7680K)] [ParOldGen: 8995K->3962K(17408K)] 9871K->3962K(25088K) [PSPermGen: 5141K->5141K(21504K)], 0.0041510 secs] [Times: user=0.02 sys=0.00, real=0.00 secs] 
189.754: Total time for which application threads were stopped: 0.0506130 seconds, Stopping threads took: 0.0454160 seconds
189.834: Application time: 0.0803290 seconds
189.852: [GC [PSYoungGen: 6364K->582K(7680K)] 10327K->4545K(25088K), 0.0004600 secs] [Times: user=0.01 sys=0.00, real=0.00 secs] 
189.852: Total time for which application threads were stopped: 0.0178070 seconds, Stopping threads took: 0.0172720 seconds
189.853: Application time: 0.0007670 seconds
189.898: [GC [PSYoungGen: 7142K->1005K(7680K)] 11105K->10054K(25088K), 0.0018340 secs] [Times: user=0.01 sys=0.00, real=0.00 secs] 
189.900: [Full GC [PSYoungGen: 1005K->0K(7680K)] [ParOldGen: 9048K->7184K(17408K)] 10054K->7184K(25088K) [PSPermGen: 5141K->5141K(21504K)], 0.0046250 secs] [Times: user=0.02 sys=0.00, real=0.01 secs] 
189.904: Total time for which application threads were stopped: 0.0511540 seconds, Stopping threads took: 0.0445740 seconds
189.979: Application time: 0.0743910 seconds
190.024: [GC [PSYoungGen: 6364K->843K(7680K)] 13549K->8809K(25088K), 0.0007230 secs] [Times: user=0.00 sys=0.00, real=0.00 secs] 
190.024: Total time for which application threads were stopped: 0.0457300 seconds, Stopping threads took: 0.0449180 seconds
190.026: Application time: 0.0012760 seconds
190.095: [GC [PSYoungGen: 7345K->858K(7680K)] 15311K->10582K(25088K), 0.0008830 secs] [Times: user=0.00 sys=0.00, real=0.00 secs] 
190.096: [Full GC [PSYoungGen: 858K->0K(7680K)] [ParOldGen: 9724K->3669K(17408K)] 10582K->3669K(25088K) [PSPermGen: 5141K->5141K(21504K)], 0.0041780 secs] [Times: user=0.02 sys=0.00, real=0.00 secs] 
190.100: Total time for which application threads were stopped: 0.0741220 seconds, Stopping threads took: 0.0689450 seconds
190.179: Application time: 0.0792670 seconds
190.193: [GC [PSYoungGen: 6540K->451K(7680K)] 10210K->4120K(25088K), 0.0003440 secs] [Times: user=0.00 sys=0.00, real=0.00 secs] 
190.193: Total time for which application threads were stopped: 0.0143600 seconds, Stopping threads took: 0.0139550 seconds
190.194: Application time: 0.0006950 seconds
190.241: [GC [PSYoungGen: 7089K->1005K(7680K)] 10759K->9566K(25088K), 0.0018740 secs] [Times: user=0.01 sys=0.00, real=0.00 secs] 
190.243: Total time for which application threads were stopped: 0.0492920 seconds, Stopping threads took: 0.0473380 seconds
190.317: Application time: 0.0733310 seconds
190.361: [GC [PSYoungGen: 7526K->451K(7680K)] 16087K->9012K(25088K), 0.0005070 secs] [Times: user=0.00 sys=0.00, real=0.00 secs] 
190.362: Total time for which application threads were stopped: 0.0451800 seconds, Stopping threads took: 0.0445980 seconds
190.363: Application time: 0.0008820 seconds
190.406: [GC [PSYoungGen: 7107K->1005K(7680K)] 15667K->14634K(25088K), 0.0018710 secs] [Times: user=0.01 sys=0.00, real=0.00 secs] 
190.408: [Full GC [PSYoungGen: 1005K->0K(7680K)] [ParOldGen: 13629K->7087K(17408K)] 14634K->7087K(25088K) [PSPermGen: 5141K->5141K(21504K)], 0.0048350 secs] [Times: user=0.02 sys=0.00, real=0.01 secs] 
190.413: Total time for which application threads were stopped: 0.0502940 seconds, Stopping threads took: 0.0434570 seconds
190.486: Application time: 0.0728310 seconds
190.530: [GC [PSYoungGen: 6462K->646K(7680K)] 13550K->7734K(25088K), 0.0004970 secs] [Times: user=0.00 sys=0.00, real=0.00 secs] 
190.531: Total time for which application threads were stopped: 0.0450440 seconds, Stopping threads took: 0.0444760 seconds
190.532: Application time: 0.0008980 seconds
190.585: [GC [PSYoungGen: 7302K->1005K(7680K)] 14390K->12195K(25088K), 0.0015370 secs] [Times: user=0.01 sys=0.00, real=0.00 secs] 
190.586: [Full GC [PSYoungGen: 1005K->0K(7680K)] [ParOldGen: 11189K->6209K(17408K)] 12195K->6209K(25088K) [PSPermGen: 5141K->5141K(21504K)], 0.0047470 secs] [Times: user=0.02 sys=0.00, real=0.01 secs] 
190.591: Total time for which application threads were stopped: 0.0594430 seconds, Stopping threads took: 0.0530400 seconds
190.664: Application time: 0.0727680 seconds
190.710: [GC [PSYoungGen: 6656K->1005K(7680K)] 12865K->7214K(25088K), 0.0004630 secs] [Times: user=0.00 sys=0.00, real=0.00 secs] 
190.711: Total time for which application threads were stopped: 0.0466990 seconds, Stopping threads took: 0.0461700 seconds
190.712: Application time: 0.0010020 seconds
190.756: [GC [PSYoungGen: 7565K->939K(7680K)] 13774K->11641K(25088K), 0.0017990 secs] [Times: user=0.01 sys=0.00, real=0.00 secs] 
190.757: [Full GC [PSYoungGen: 939K->0K(7680K)] [ParOldGen: 10701K->6501K(17408K)] 11641K->6501K(25088K) [PSPermGen: 5141K->5141K(21504K)], 0.0046500 secs] [Times: user=0.02 sys=0.00, real=0.01 secs] 
190.762: Total time for which application threads were stopped: 0.0504210 seconds, Stopping threads took: 0.0438270 seconds
190.835: Application time: 0.0728230 seconds
190.881: [GC [PSYoungGen: 6364K->973K(7680K)] 12866K->7475K(25088K), 0.0005190 secs] [Times: user=0.01 sys=0.00, real=0.01 secs] 
190.881: Total time for which application threads were stopped: 0.0461720 seconds, Stopping threads took: 0.0455800 seconds
190.882: Application time: 0.0009080 seconds
190.926: [GC [PSYoungGen: 7533K->939K(7680K)] 14035K->11934K(25088K), 0.0016470 secs] [Times: user=0.01 sys=0.00, real=0.00 secs] 
190.928: [Full GC [PSYoungGen: 939K->0K(7680K)] [ParOldGen: 10994K->6501K(17408K)] 11934K->6501K(25088K) [PSPermGen: 5141K->5141K(21504K)], 0.0048790 secs] [Times: user=0.02 sys=0.00, real=0.01 secs] 
190.932: Total time for which application threads were stopped: 0.0503970 seconds, Stopping threads took: 0.0437450 seconds
191.005: Application time: 0.0729250 seconds
191.050: [GC [PSYoungGen: 6656K->128K(7680K)] 13157K->6629K(25088K), 0.0003670 secs] [Times: user=0.00 sys=0.00, real=0.00 secs] 
191.050: Total time for which application threads were stopped: 0.0447360 seconds, Stopping threads took: 0.0443040 seconds
191.051: Application time: 0.0009110 seconds
191.051: [GC [PSYoungGen: 6688K->1005K(7680K)] 13190K->13277K(25088K), 0.0019600 secs] [Times: user=0.01 sys=0.00, real=0.00 secs] 
191.053: [Full GC [PSYoungGen: 1005K->0K(7680K)] [ParOldGen: 12272K->7868K(17408K)] 13277K->7868K(25088K) [PSPermGen: 5141K->5141K(21504K)], 0.0048770 secs] [Times: user=0.02 sys=0.00, real=0.00 secs] 
191.058: Total time for which application threads were stopped: 0.0071020 seconds, Stopping threads took: 0.0001400 seconds
191.137: Application time: 0.0787100 seconds
191.199: [GC [PSYoungGen: 6559K->387K(7680K)] 14428K->8256K(25088K), 0.0005660 secs] [Times: user=0.00 sys=0.00, real=0.00 secs] 
191.199: Total time for which application threads were stopped: 0.0624930 seconds, Stopping threads took: 0.0618360 seconds
191.200: Application time: 0.0008890 seconds
191.243: [GC [PSYoungGen: 7025K->1005K(7680K)] 14894K->13789K(25088K), 0.0016460 secs] [Times: user=0.01 sys=0.00, real=0.00 secs] 
191.245: [Full GC [PSYoungGen: 1005K->0K(7680K)] [ParOldGen: 12784K->6990K(17408K)] 13789K->6990K(25088K) [PSPermGen: 5141K->5141K(21504K)], 0.0050180 secs] [Times: user=0.02 sys=0.00, real=0.01 secs] 
191.250: Total time for which application threads were stopped: 0.0495330 seconds, Stopping threads took: 0.0427460 seconds
191.323: Application time: 0.0730390 seconds
191.368: [GC [PSYoungGen: 6266K->1005K(7680K)] 13256K->8394K(25088K), 0.0005430 secs] [Times: user=0.01 sys=0.00, real=0.00 secs] 
191.369: Total time for which application threads were stopped: 0.0458600 seconds, Stopping threads took: 0.0452540 seconds
191.370: Application time: 0.0009740 seconds
191.413: [GC [PSYoungGen: 7467K->1005K(7680K)] 14856K->13081K(25088K), 0.0017790 secs] [Times: user=0.01 sys=0.00, real=0.00 secs] 
191.415: [Full GC [PSYoungGen: 1005K->0K(7680K)] [ParOldGen: 12076K->6795K(17408K)] 13081K->6795K(25088K) [PSPermGen: 5141K->5141K(21504K)], 0.0049010 secs] [Times: user=0.02 sys=0.00, real=0.00 secs] 
191.420: Total time for which application threads were stopped: 0.0505220 seconds, Stopping threads took: 0.0436850 seconds
191.495: Application time: 0.0743710 seconds
191.539: [GC [PSYoungGen: 6638K->875K(7680K)] 13433K->8256K(25088K), 0.0007000 secs] [Times: user=0.00 sys=0.00, real=0.00 secs] 
191.540: Total time for which application threads were stopped: 0.0459020 seconds, Stopping threads took: 0.0443660 seconds
191.542: Application time: 0.0010640 seconds
191.585: [GC [PSYoungGen: 7531K->939K(7680K)] 14912K->13399K(25088K), 0.0020510 secs] [Times: user=0.01 sys=0.01, real=0.00 secs] 
191.588: [Full GC [PSYoungGen: 939K->0K(7680K)] [ParOldGen: 12459K->7088K(17408K)] 13399K->7088K(25088K) [PSPermGen: 5141K->5141K(21504K)], 0.0050950 secs] [Times: user=0.02 sys=0.00, real=0.01 secs] 
191.593: Total time for which application threads were stopped: 0.0511590 seconds, Stopping threads took: 0.0438620 seconds
191.667: Application time: 0.0739760 seconds
191.713: [GC [PSYoungGen: 6462K->843K(7680K)] 13550K->8713K(25088K), 0.0007470 secs] [Times: user=0.00 sys=0.00, real=0.00 secs] 
191.714: Total time for which application threads were stopped: 0.0472410 seconds, Stopping threads took: 0.0464220 seconds
191.715: Application time: 0.0010330 seconds
191.759: [GC [PSYoungGen: 7189K->907K(7680K)] 15058K->13660K(25088K), 0.0017210 secs] [Times: user=0.01 sys=0.00, real=0.00 secs] 
191.761: [Full GC [PSYoungGen: 907K->0K(7680K)] [ParOldGen: 12752K->6892K(17408K)] 13660K->6892K(25088K) [PSPermGen: 5141K->5141K(21504K)], 0.0048200 secs] [Times: user=0.03 sys=0.00, real=0.01 secs] 
191.765: Total time for which application threads were stopped: 0.0504980 seconds, Stopping threads took: 0.0438350 seconds
191.840: Application time: 0.0745510 seconds
191.845: [GC [PSYoungGen: 6656K->843K(7680K)] 13548K->10666K(25088K), 0.0012580 secs] [Times: user=0.01 sys=0.00, real=0.00 secs] 
191.846: [Full GC [PSYoungGen: 843K->0K(7680K)] [ParOldGen: 9822K->4939K(17408K)] 10666K->4939K(25088K) [PSPermGen: 5141K->5141K(21504K)], 0.0044390 secs] [Times: user=0.02 sys=0.00, real=0.01 secs] 
191.850: Total time for which application threads were stopped: 0.0104450 seconds, Stopping threads took: 0.0046260 seconds
191.922: Application time: 0.0716780 seconds
191.926: [GC [PSYoungGen: 6559K->973K(7680K)] 11499K->6694K(25088K), 0.0006920 secs] [Times: user=0.00 sys=0.00, real=0.00 secs] 
191.926: Total time for which application threads were stopped: 0.0042560 seconds, Stopping threads took: 0.0034680 seconds
191.929: Application time: 0.0030050 seconds
191.997: [GC [PSYoungGen: 7416K->614K(7680K)] 13137K->6335K(25088K), 0.0003740 secs] [Times: user=0.00 sys=0.00, real=0.00 secs] 
191.998: Total time for which application threads were stopped: 0.0683370 seconds, Stopping threads took: 0.0679010 seconds
191.999: Application time: 0.0008000 seconds
192.042: [GC [PSYoungGen: 7214K->1005K(7680K)] 12935K->11725K(25088K), 0.0019130 secs] [Times: user=0.01 sys=0.00, real=0.00 secs] 
192.044: [Full GC [PSYoungGen: 1005K->0K(7680K)] [ParOldGen: 10720K->6990K(17408K)] 11725K->6990K(25088K) [PSPermGen: 5141K->5141K(21504K)], 0.0051620 secs] [Times: user=0.02 sys=0.00, real=0.01 secs] 
192.049: Total time for which application threads were stopped: 0.0508210 seconds, Stopping threads took: 0.0436000 seconds
192.122: Application time: 0.0728600 seconds
192.167: [GC [PSYoungGen: 6638K->646K(7680K)] 13628K->7637K(25088K), 0.0004060 secs] [Times: user=0.01 sys=0.00, real=0.00 secs] 
192.168: Total time for which application threads were stopped: 0.0456210 seconds, Stopping threads took: 0.0451510 seconds
192.169: Application time: 0.0009610 seconds
192.212: [GC [PSYoungGen: 7109K->939K(7680K)] 14099K->13008K(25088K), 0.0017370 secs] [Times: user=0.01 sys=0.00, real=0.00 secs] 
192.214: [Full GC [PSYoungGen: 939K->0K(7680K)] [ParOldGen: 12068K->7088K(17408K)] 13008K->7088K(25088K) [PSPermGen: 5141K->5141K(21504K)], 0.0048080 secs] [Times: user=0.02 sys=0.00, real=0.00 secs] 
192.218: Total time for which application threads were stopped: 0.0496420 seconds, Stopping threads took: 0.0429780 seconds
192.294: Application time: 0.0756650 seconds
192.340: [GC [PSYoungGen: 6462K->582K(7680K)] 13550K->7671K(25088K), 0.0006450 secs] [Times: user=0.01 sys=0.00, real=0.00 secs] 
192.341: Total time for which application threads were stopped: 0.0465130 seconds, Stopping threads took: 0.0458020 seconds
192.341: Application time: 0.0008060 seconds
192.342: [GC [PSYoungGen: 7142K->1006K(7680K)] 14231K->14166K(25088K), 0.0021050 secs] [Times: user=0.01 sys=0.00, real=0.00 secs] 
192.344: [Full GC [PSYoungGen: 1006K->0K(7680K)] [ParOldGen: 13159K->8260K(17408K)] 14166K->8260K(25088K) [PSPermGen: 5141K->5141K(21504K)], 0.0049330 secs] [Times: user=0.03 sys=0.00, real=0.00 secs] 
192.349: Total time for which application threads were stopped: 0.0073610 seconds, Stopping threads took: 0.0001750 seconds
192.429: Application time: 0.0804520 seconds
192.493: [GC [PSYoungGen: 6364K->646K(7680K)] 14624K->8906K(25088K), 0.0003750 secs] [Times: user=0.01 sys=0.00, real=0.00 secs] 
192.493: Total time for which application threads were stopped: 0.0637250 seconds, Stopping threads took: 0.0632780 seconds
192.494: Application time: 0.0008000 seconds
192.494: [GC [PSYoungGen: 7206K->939K(7680K)] 15467K->15450K(25088K), 0.0020130 secs] [Times: user=0.02 sys=0.00, real=0.00 secs] 
192.496: [Full GC [PSYoungGen: 939K->0K(7680K)] [ParOldGen: 14510K->8260K(17408K)] 15450K->8260K(25088K) [PSPermGen: 5141K->5141K(21504K)], 0.0051480 secs] [Times: user=0.02 sys=0.00, real=0.00 secs] 
192.501: Total time for which application threads were stopped: 0.0073510 seconds, Stopping threads took: 0.0000560 seconds
192.583: Application time: 0.0816140 seconds
192.644: [GC [PSYoungGen: 6559K->777K(7680K)] 14820K->9038K(25088K), 0.0006670 secs] [Times: user=0.00 sys=0.00, real=0.00 secs] 
192.645: [Full GC [PSYoungGen: 777K->0K(7680K)] [ParOldGen: 8260K->2123K(17408K)] 9038K->2123K(25088K) [PSPermGen: 5141K->5141K(21504K)], 0.0037580 secs] [Times: user=0.02 sys=0.00, real=0.00 secs] 
192.649: Total time for which application threads were stopped: 0.0657850 seconds, Stopping threads took: 0.0612240 seconds
192.650: Application time: 0.0012350 seconds
192.702: [GC [PSYoungGen: 6560K->939K(7680K)] 8683K->7359K(25088K), 0.0016340 secs] [Times: user=0.01 sys=0.00, real=0.00 secs] 
192.703: Total time for which application threads were stopped: 0.0536740 seconds, Stopping threads took: 0.0519650 seconds
192.776: Application time: 0.0726160 seconds
192.821: [GC [PSYoungGen: 7499K->843K(7680K)] 13919K->8435K(25088K), 0.0007950 secs] [Times: user=0.00 sys=0.00, real=0.01 secs] 
192.822: Total time for which application threads were stopped: 0.0455410 seconds, Stopping threads took: 0.0446750 seconds
192.823: Application time: 0.0011170 seconds
192.878: [GC [PSYoungGen: 7499K->973K(7680K)] 15091K->13057K(25088K), 0.0017430 secs] [Times: user=0.01 sys=0.00, real=0.00 secs] 
192.879: [Full GC [PSYoungGen: 973K->0K(7680K)] [ParOldGen: 12084K->6600K(17408K)] 13057K->6600K(25088K) [PSPermGen: 5141K->5141K(21504K)], 0.0047930 secs] [Times: user=0.02 sys=0.00, real=0.01 secs] 
192.884: Total time for which application threads were stopped: 0.0615010 seconds, Stopping threads took: 0.0548420 seconds
192.956: Application time: 0.0720060 seconds
193.003: [GC [PSYoungGen: 6618K->841K(7680K)] 13219K->7832K(25088K), 0.0005770 secs] [Times: user=0.01 sys=0.00, real=0.00 secs] 
193.004: Total time for which application threads were stopped: 0.0473260 seconds, Stopping threads took: 0.0466510 seconds
193.009: Application time: 0.0056190 seconds
193.075: [GC [PSYoungGen: 7402K->224K(7680K)] 14393K->7215K(25088K), 0.0005370 secs] [Times: user=0.00 sys=0.00, real=0.00 secs] 
193.076: Total time for which application threads were stopped: 0.0662920 seconds, Stopping threads took: 0.0656840 seconds
193.076: Application time: 0.0005610 seconds
193.076: [GC [PSYoungGen: 6784K->1008K(7680K)] 13775K->13654K(25088K), 0.0020050 secs] [Times: user=0.01 sys=0.00, real=0.00 secs] 
193.078: [Full GC [PSYoungGen: 1008K->0K(7680K)] [ParOldGen: 12645K->7869K(17408K)] 13654K->7869K(25088K) [PSPermGen: 5141K->5141K(21504K)], 0.0053080 secs] [Times: user=0.02 sys=0.00, real=0.01 secs] 
193.084: Total time for which application threads were stopped: 0.0076710 seconds, Stopping threads took: 0.0002370 seconds
193.163: Application time: 0.0790820 seconds
193.224: [GC [PSYoungGen: 6559K->419K(7680K)] 14429K->8289K(25088K), 0.0004150 secs] [Times: user=0.00 sys=0.00, real=0.00 secs] 
193.224: Total time for which application threads were stopped: 0.0612770 seconds, Stopping threads took: 0.0607950 seconds
193.225: Application time: 0.0006830 seconds
193.225: [GC [PSYoungGen: 6979K->1006K(7680K)] 14849K->14768K(25088K), 0.0020430 secs] [Times: user=0.02 sys=0.00, real=0.00 secs] 
193.227: [Full GC [PSYoungGen: 1006K->0K(7680K)] [ParOldGen: 13761K->8065K(17408K)] 14768K->8065K(25088K) [PSPermGen: 5141K->5141K(21504K)], 0.0048070 secs] [Times: user=0.02 sys=0.00, real=0.01 secs] 
193.232: Total time for which application threads were stopped: 0.0071590 seconds, Stopping threads took: 0.0001770 seconds
193.312: Application time: 0.0799580 seconds
193.374: [GC [PSYoungGen: 6559K->582K(7680K)] 14624K->8647K(25088K), 0.0004640 secs] [Times: user=0.00 sys=0.00, real=0.00 secs] 
193.375: Total time for which application threads were stopped: 0.0628670 seconds, Stopping threads took: 0.0623340 seconds
193.376: Application time: 0.0008730 seconds
193.420: [GC [PSYoungGen: 7201K->1005K(7680K)] 15266K->14095K(25088K), 0.0018280 secs] [Times: user=0.01 sys=0.00, real=0.01 secs] 
193.421: [Full GC [PSYoungGen: 1005K->0K(7680K)] [ParOldGen: 13089K->7088K(17408K)] 14095K->7088K(25088K) [PSPermGen: 5141K->5141K(21504K)], 0.0048860 secs] [Times: user=0.03 sys=0.00, real=0.00 secs] 
193.426: Total time for which application threads were stopped: 0.0506620 seconds, Stopping threads took: 0.0438190 seconds
193.503: Application time: 0.0766320 seconds
193.546: [GC [PSYoungGen: 6462K->646K(7680K)] 13550K->7735K(25088K), 0.0004400 secs] [Times: user=0.01 sys=0.00, real=0.00 secs] 
193.547: Total time for which application threads were stopped: 0.0438000 seconds, Stopping threads took: 0.0432890 seconds
193.548: Application time: 0.0007770 seconds
193.591: [GC [PSYoungGen: 7285K->1005K(7680K)] 14373K->13172K(25088K), 0.0018320 secs] [Times: user=0.02 sys=0.00, real=0.00 secs] 
193.593: [Full GC [PSYoungGen: 1005K->0K(7680K)] [ParOldGen: 12167K->7186K(17408K)] 13172K->7186K(25088K) [PSPermGen: 5141K->5141K(21504K)], 0.0068580 secs] [Times: user=0.03 sys=0.00, real=0.00 secs] 
193.600: Total time for which application threads were stopped: 0.0524880 seconds, Stopping threads took: 0.0436780 seconds
193.685: Application time: 0.0852790 seconds
193.742: [GC [PSYoungGen: 6364K->614K(7680K)] 13551K->7801K(25088K), 0.0004290 secs] [Times: user=0.00 sys=0.00, real=0.00 secs] 
193.743: Total time for which application threads were stopped: 0.0576150 seconds, Stopping threads took: 0.0571200 seconds
193.744: Application time: 0.0008470 seconds
193.788: [GC [PSYoungGen: 7077K->1008K(7680K)] 14263K->13028K(25088K), 0.0019790 secs] [Times: user=0.01 sys=0.00, real=0.01 secs] 
193.790: [Full GC [PSYoungGen: 1008K->0K(7680K)] [ParOldGen: 12020K->7088K(17408K)] 13028K->7088K(25088K) [PSPermGen: 5141K->5141K(21504K)], 0.0050140 secs] [Times: user=0.02 sys=0.00, real=0.00 secs] 
193.795: Total time for which application threads were stopped: 0.0509830 seconds, Stopping threads took: 0.0438630 seconds
193.868: Application time: 0.0728220 seconds
193.913: [GC [PSYoungGen: 6462K->875K(7680K)] 13550K->8745K(25088K), 0.0007270 secs] [Times: user=0.00 sys=0.00, real=0.00 secs] 
193.914: Total time for which application threads were stopped: 0.0459780 seconds, Stopping threads took: 0.0451800 seconds
193.915: Application time: 0.0011050 seconds
193.983: [GC [PSYoungGen: 7531K->1005K(7680K)] 15401K->12977K(25088K), 0.0017900 secs] [Times: user=0.01 sys=0.00, real=0.00 secs] 
193.985: [Full GC [PSYoungGen: 1005K->0K(7680K)] [ParOldGen: 11971K->6209K(17408K)] 12977K->6209K(25088K) [PSPermGen: 5141K->5141K(21504K)], 0.0047710 secs] [Times: user=0.02 sys=0.00, real=0.01 secs] 
193.990: Total time for which application threads were stopped: 0.0752270 seconds, Stopping threads took: 0.0685170 seconds
194.063: Application time: 0.0731880 seconds
194.107: [GC [PSYoungGen: 6618K->923K(7680K)] 12828K->8110K(25088K), 0.0007190 secs] [Times: user=0.00 sys=0.00, real=0.00 secs] 
194.108: Total time for which application threads were stopped: 0.0450620 seconds, Stopping threads took: 0.0442440 seconds
194.109: Application time: 0.0012050 seconds
194.178: [GC [PSYoungGen: 7579K->1007K(7680K)] 14766K->11390K(25088K), 0.0013960 secs] [Times: user=0.01 sys=0.00, real=0.00 secs] 
194.180: [Full GC [PSYoungGen: 1007K->0K(7680K)] [ParOldGen: 10383K->5331K(17408K)] 11390K->5331K(25088K) [PSPermGen: 5141K->5141K(21504K)], 0.0047560 secs] [Times: user=0.02 sys=0.01, real=0.01 secs] 
194.185: Total time for which application threads were stopped: 0.0751450 seconds, Stopping threads took: 0.0688460 seconds
194.257: Application time: 0.0725120 seconds
194.259: [GC [PSYoungGen: 6656K->907K(7680K)] 11987K->7606K(25088K), 0.0007930 secs] [Times: user=0.01 sys=0.00, real=0.00 secs] 
194.260: Total time for which application threads were stopped: 0.0027340 seconds, Stopping threads took: 0.0018680 seconds
194.332: Application time: 0.0717740 seconds
194.335: [GC [PSYoungGen: 7545K->224K(7680K)] 14244K->6922K(25088K), 0.0004680 secs] [Times: user=0.00 sys=0.00, real=0.00 secs] 
194.336: Total time for which application threads were stopped: 0.0043940 seconds, Stopping threads took: 0.0038440 seconds
194.337: Application time: 0.0014680 seconds
194.406: [GC [PSYoungGen: 6784K->1005K(7680K)] 13482K->8094K(25088K), 0.0006660 secs] [Times: user=0.00 sys=0.00, real=0.00 secs] 
194.407: Total time for which application threads were stopped: 0.0691160 seconds, Stopping threads took: 0.0683660 seconds
194.407: Application time: 0.0008110 seconds
194.457: [GC [PSYoungGen: 7565K->1005K(7680K)] 14654K->12880K(25088K), 0.0019490 secs] [Times: user=0.01 sys=0.00, real=0.00 secs] 
194.459: [Full GC [PSYoungGen: 1005K->0K(7680K)] [ParOldGen: 11874K->6893K(17408K)] 12880K->6893K(25088K) [PSPermGen: 5141K->5141K(21504K)], 0.0047040 secs] [Times: user=0.02 sys=0.00, real=0.01 secs] 
194.463: Total time for which application threads were stopped: 0.0559570 seconds, Stopping threads took: 0.0491720 seconds
194.535: Application time: 0.0719920 seconds
194.581: [GC [PSYoungGen: 6656K->907K(7680K)] 13549K->8582K(25088K), 0.0007420 secs] [Times: user=0.01 sys=0.00, real=0.01 secs] 
194.581: Total time for which application threads were stopped: 0.0460080 seconds, Stopping threads took: 0.0451720 seconds
194.582: Application time: 0.0011040 seconds
194.626: [GC [PSYoungGen: 7545K->1005K(7680K)] 15221K->13766K(25088K), 0.0019950 secs] [Times: user=0.01 sys=0.01, real=0.00 secs] 
194.628: [Full GC [PSYoungGen: 1005K->0K(7680K)] [ParOldGen: 12761K->7186K(17408K)] 13766K->7186K(25088K) [PSPermGen: 5141K->5141K(21504K)], 0.0048300 secs] [Times: user=0.03 sys=0.00, real=0.01 secs] 
194.633: Total time for which application threads were stopped: 0.0507110 seconds, Stopping threads took: 0.0437450 seconds
194.709: Application time: 0.0757890 seconds
194.754: [GC [PSYoungGen: 6462K->973K(7680K)] 13649K->8941K(25088K), 0.0006760 secs] [Times: user=0.00 sys=0.00, real=0.00 secs] 
194.755: Total time for which application threads were stopped: 0.0458910 seconds, Stopping threads took: 0.0451410 seconds
194.761: Application time: 0.0066430 seconds
194.827: [GC [PSYoungGen: 7338K->646K(7680K)] 15306K->8614K(25088K), 0.0004110 secs] [Times: user=0.00 sys=0.00, real=0.00 secs] 
194.827: Total time for which application threads were stopped: 0.0657350 seconds, Stopping threads took: 0.0652630 seconds
194.828: Application time: 0.0007780 seconds
194.884: [GC [PSYoungGen: 7285K->1005K(7680K)] 15253K->14083K(25088K), 0.0018160 secs] [Times: user=0.01 sys=0.00, real=0.00 secs] 
194.886: [Full GC [PSYoungGen: 1005K->0K(7680K)] [ParOldGen: 13078K->7186K(17408K)] 14083K->7186K(25088K) [PSPermGen: 5141K->5141K(21504K)], 0.0049330 secs] [Times: user=0.03 sys=0.00, real=0.01 secs] 
194.891: Total time for which application threads were stopped: 0.0631460 seconds, Stopping threads took: 0.0562740 seconds
194.968: Application time: 0.0768840 seconds
195.013: [GC [PSYoungGen: 6364K->646K(7680K)] 13551K->7833K(25088K), 0.0003670 secs] [Times: user=0.00 sys=0.00, real=0.00 secs] 
195.013: Total time for which application threads were stopped: 0.0454180 seconds, Stopping threads took: 0.0449830 seconds
195.014: Application time: 0.0008310 seconds
195.056: [GC [PSYoungGen: 7206K->1005K(7680K)] 14393K->13278K(25088K), 0.0018050 secs] [Times: user=0.01 sys=0.00, real=0.00 secs] 
195.057: [Full GC [PSYoungGen: 1005K->0K(7680K)] [ParOldGen: 12273K->7186K(17408K)] 13278K->7186K(25088K) [PSPermGen: 5141K->5141K(21504K)], 0.0049700 secs] [Times: user=0.03 sys=0.00, real=0.01 secs] 
195.062: Total time for which application threads were stopped: 0.0481960 seconds, Stopping threads took: 0.0412980 seconds
195.136: Application time: 0.0735700 seconds
195.181: [GC [PSYoungGen: 6462K->973K(7680K)] 13648K->8941K(25088K), 0.0006370 secs] [Times: user=0.00 sys=0.00, real=0.01 secs] 
195.182: Total time for which application threads were stopped: 0.0455810 seconds, Stopping threads took: 0.0448690 seconds
195.183: Application time: 0.0010540 seconds
195.226: [GC [PSYoungGen: 7611K->1005K(7680K)] 15579K->14149K(25088K), 0.0020270 secs] [Times: user=0.02 sys=0.00, real=0.00 secs] 
195.228: [Full GC [PSYoungGen: 1005K->0K(7680K)] [ParOldGen: 13144K->7284K(17408K)] 14149K->7284K(25088K) [PSPermGen: 5141K->5141K(21504K)], 0.0048590 secs] [Times: user=0.02 sys=0.00, real=0.01 secs] 
195.233: Total time for which application threads were stopped: 0.0507020 seconds, Stopping threads took: 0.0436640 seconds
195.321: Application time: 0.0875870 seconds
195.374: [GC [PSYoungGen: 6423K->614K(7680K)] 13708K->7899K(25088K), 0.0004810 secs] [Times: user=0.00 sys=0.00, real=0.00 secs] 
195.375: Total time for which application threads were stopped: 0.0535810 seconds, Stopping threads took: 0.0530350 seconds
195.375: Application time: 0.0008880 seconds
195.375: [GC [PSYoungGen: 7174K->1005K(7680K)] 14459K->14450K(25088K), 0.0021470 secs] [Times: user=0.01 sys=0.00, real=0.00 secs] 
195.378: [Full GC [PSYoungGen: 1005K->0K(7680K)] [ParOldGen: 13445K->8261K(17408K)] 14450K->8261K(25088K) [PSPermGen: 5141K->5141K(21504K)], 0.0049640 secs] [Times: user=0.03 sys=0.00, real=0.01 secs] 
195.383: Total time for which application threads were stopped: 0.0072650 seconds, Stopping threads took: 0.0000270 seconds
195.460: Application time: 0.0769630 seconds
195.524: [GC [PSYoungGen: 6364K->614K(7680K)] 14625K->8875K(25088K), 0.0004430 secs] [Times: user=0.00 sys=0.00, real=0.00 secs] 
195.524: Total time for which application threads were stopped: 0.0648050 seconds, Stopping threads took: 0.0642960 seconds
195.525: Application time: 0.0008470 seconds
195.525: [GC [PSYoungGen: 7253K->973K(7680K)] 15514K->15387K(25088K), 0.0020620 secs] [Times: user=0.01 sys=0.00, real=0.00 secs] 
195.528: [Full GC [PSYoungGen: 973K->0K(7680K)] [ParOldGen: 14413K->8261K(17408K)] 15387K->8261K(25088K) [PSPermGen: 5141K->5141K(21504K)], 0.0051410 secs] [Times: user=0.03 sys=0.00, real=0.01 secs] 
195.533: Total time for which application threads were stopped: 0.0074730 seconds, Stopping threads took: 0.0001470 seconds
195.613: Application time: 0.0800000 seconds
195.678: [GC [PSYoungGen: 6364K->582K(7680K)] 14625K->8843K(25088K), 0.0004080 secs] [Times: user=0.00 sys=0.00, real=0.00 secs] 
195.678: [Full GC [PSYoungGen: 582K->0K(7680K)] [ParOldGen: 8261K->1956K(17408K)] 8843K->1956K(25088K) [PSPermGen: 5141K->5141K(21504K)], 0.0039610 secs] [Times: user=0.02 sys=0.00, real=0.01 secs] 
195.682: Total time for which application threads were stopped: 0.0695800 seconds, Stopping threads took: 0.0651050 seconds
195.684: Application time: 0.0011940 seconds
195.727: [GC [PSYoungGen: 6638K->1006K(7680K)] 8594K->7999K(25088K), 0.0019500 secs] [Times: user=0.02 sys=0.00, real=0.01 secs] 
195.729: Total time for which application threads were stopped: 0.0457890 seconds, Stopping threads took: 0.0437500 seconds
195.823: Application time: 0.0936640 seconds
195.887: [GC [PSYoungGen: 7371K->646K(7680K)] 14364K->7639K(25088K), 0.0005270 secs] [Times: user=0.00 sys=0.00, real=0.00 secs] 
195.887: Total time for which application threads were stopped: 0.0641090 seconds, Stopping threads took: 0.0635130 seconds
195.889: Application time: 0.0020630 seconds
195.932: [GC [PSYoungGen: 7302K->1005K(7680K)] 14295K->12107K(25088K), 0.0015170 secs] [Times: user=0.01 sys=0.00, real=0.00 secs] 
195.933: [Full GC [PSYoungGen: 1005K->0K(7680K)] [ParOldGen: 11102K->6210K(17408K)] 12107K->6210K(25088K) [PSPermGen: 5141K->5141K(21504K)], 0.0048860 secs] [Times: user=0.02 sys=0.00, real=0.00 secs] 
195.938: Total time for which application threads were stopped: 0.0489300 seconds, Stopping threads took: 0.0424030 seconds
196.022: Application time: 0.0837090 seconds
196.077: [GC [PSYoungGen: 6266K->550K(7680K)] 12477K->6761K(25088K), 0.0004220 secs] [Times: user=0.00 sys=0.00, real=0.00 secs] 
196.078: Total time for which application threads were stopped: 0.0560110 seconds, Stopping threads took: 0.0555190 seconds
196.079: Application time: 0.0008460 seconds
196.122: [GC [PSYoungGen: 7110K->1005K(7680K)] 13321K->12302K(25088K), 0.0018180 secs] [Times: user=0.01 sys=0.00, real=0.00 secs] 
196.124: [Full GC [PSYoungGen: 1005K->0K(7680K)] [ParOldGen: 11297K->7187K(17408K)] 12302K->7187K(25088K) [PSPermGen: 5141K->5141K(21504K)], 0.0047370 secs] [Times: user=0.02 sys=0.00, real=0.00 secs] 
196.128: Total time for which application threads were stopped: 0.0496090 seconds, Stopping threads took: 0.0429210 seconds
196.201: Application time: 0.0730880 seconds
196.247: [GC [PSYoungGen: 6540K->907K(7680K)] 13727K->10047K(25088K), 0.0010160 secs] [Times: user=0.01 sys=0.00, real=0.00 secs] 
196.248: [Full GC [PSYoungGen: 907K->0K(7680K)] [ParOldGen: 9140K->3964K(17408K)] 10047K->3964K(25088K) [PSPermGen: 5141K->5141K(21504K)], 0.0043420 secs] [Times: user=0.02 sys=0.00, real=0.01 secs] 
196.253: Total time for which application threads were stopped: 0.0511890 seconds, Stopping threads took: 0.0457020 seconds
196.332: Application time: 0.0791680 seconds
196.346: [GC [PSYoungGen: 6364K->582K(7680K)] 10329K->4547K(25088K), 0.0003790 secs] [Times: user=0.00 sys=0.00, real=0.00 secs] 
196.346: Total time for which application threads were stopped: 0.0142270 seconds, Stopping threads took: 0.0137840 seconds
196.347: Application time: 0.0006240 seconds
196.347: [GC [PSYoungGen: 7045K->1008K(7680K)] 11009K->10889K(25088K), 0.0020880 secs] [Times: user=0.02 sys=0.00, real=0.00 secs] 
196.349: [Full GC [PSYoungGen: 1008K->0K(7680K)] [ParOldGen: 9880K->8163K(17408K)] 10889K->8163K(25088K) [PSPermGen: 5141K->5141K(21504K)], 0.0046820 secs] [Times: user=0.02 sys=0.00, real=0.01 secs] 
196.354: Total time for which application threads were stopped: 0.0072520 seconds, Stopping threads took: 0.0003320 seconds
196.432: Application time: 0.0783130 seconds
196.495: [GC [PSYoungGen: 6462K->550K(7680K)] 14625K->8714K(25088K), 0.0004120 secs] [Times: user=0.00 sys=0.00, real=0.00 secs] 
196.495: Total time for which application threads were stopped: 0.0631170 seconds, Stopping threads took: 0.0626360 seconds
196.496: Application time: 0.0007470 seconds
196.496: [GC [PSYoungGen: 7013K->1006K(7680K)] 15176K->15160K(25088K), 0.0019300 secs] [Times: user=0.02 sys=0.00, real=0.00 secs] 
196.498: [Full GC [PSYoungGen: 1006K->0K(7680K)] [ParOldGen: 14153K->8163K(17408K)] 15160K->8163K(25088K) [PSPermGen: 5141K->5141K(21504K)], 0.0052730 secs] [Times: user=0.02 sys=0.00, real=0.01 secs] 
196.504: Total time for which application threads were stopped: 0.0075330 seconds, Stopping threads took: 0.0001970 seconds
196.586: Application time: 0.0828900 seconds
196.644: [GC [PSYoungGen: 6540K->582K(7680K)] 14703K->8746K(25088K), 0.0004710 secs] [Times: user=0.01 sys=0.00, real=0.00 secs] 
196.644: [Full GC [PSYoungGen: 582K->0K(7680K)] [ParOldGen: 8163K->1956K(17408K)] 8746K->1956K(25088K) [PSPermGen: 5141K->5141K(21504K)], 0.0036710 secs] [Times: user=0.01 sys=0.00, real=0.00 secs] 
196.648: Total time for which application threads were stopped: 0.0615040 seconds, Stopping threads took: 0.0572500 seconds
196.649: Application time: 0.0011440 seconds
196.698: [GC [PSYoungGen: 6656K->1005K(7680K)] 8612K->7071K(25088K), 0.0016680 secs] [Times: user=0.01 sys=0.00, real=0.00 secs] 
196.700: Total time for which application threads were stopped: 0.0504750 seconds, Stopping threads took: 0.0487320 seconds
196.773: Application time: 0.0738670 seconds
196.818: [GC [PSYoungGen: 7643K->1005K(7680K)] 13709K->8047K(25088K), 0.0007160 secs] [Times: user=0.01 sys=0.00, real=0.00 secs] 
196.819: Total time for which application threads were stopped: 0.0456200 seconds, Stopping threads took: 0.0448310 seconds
196.820: Application time: 0.0011840 seconds
196.885: [GC [PSYoungGen: 7643K->1021K(7680K)] 14686K->12385K(25088K), 0.0016960 secs] [Times: user=0.02 sys=0.00, real=0.00 secs] 
196.887: [Full GC [PSYoungGen: 1021K->0K(7680K)] [ParOldGen: 11363K->6406K(17408K)] 12385K->6406K(25088K) [PSPermGen: 5141K->5141K(21504K)], 0.0046020 secs] [Times: user=0.02 sys=0.00, real=0.01 secs] 
196.892: Total time for which application threads were stopped: 0.0713120 seconds, Stopping threads took: 0.0648880 seconds
196.965: Application time: 0.0732480 seconds
197.008: [GC [PSYoungGen: 6656K->939K(7680K)] 13062K->8713K(25088K), 0.0007730 secs] [Times: user=0.00 sys=0.00, real=0.01 secs] 
197.009: Total time for which application threads were stopped: 0.0443000 seconds, Stopping threads took: 0.0434560 seconds
197.090: Application time: 0.0809490 seconds
197.104: [GC [PSYoungGen: 7499K->160K(7680K)] 15273K->7933K(25088K), 0.0003510 secs] [Times: user=0.00 sys=0.00, real=0.00 secs] 
197.104: Total time for which application threads were stopped: 0.0138230 seconds, Stopping threads took: 0.0134100 seconds
197.105: Application time: 0.0006780 seconds
197.105: [GC [PSYoungGen: 6798K->1005K(7680K)] 14572K->14565K(25088K), 0.0019800 secs] [Times: user=0.01 sys=0.00, real=0.00 secs] 
197.107: [Full GC [PSYoungGen: 1005K->0K(7680K)] [ParOldGen: 13559K->7871K(17408K)] 14565K->7871K(25088K) [PSPermGen: 5141K->5141K(21504K)], 0.0048670 secs] [Times: user=0.02 sys=0.00, real=0.01 secs] 
197.112: Total time for which application threads were stopped: 0.0070790 seconds, Stopping threads took: 0.0001060 seconds
197.191: Application time: 0.0792350 seconds
197.254: [GC [PSYoungGen: 6559K->387K(7680K)] 14430K->8258K(25088K), 0.0003930 secs] [Times: user=0.00 sys=0.00, real=0.00 secs] 
197.254: Total time for which application threads were stopped: 0.0631890 seconds, Stopping threads took: 0.0627310 seconds
197.255: Application time: 0.0007560 seconds
197.255: [GC [PSYoungGen: 7006K->1005K(7680K)] 14877K->14752K(25088K), 0.0020900 secs] [Times: user=0.01 sys=0.00, real=0.00 secs] 
197.257: [Full GC [PSYoungGen: 1005K->0K(7680K)] [ParOldGen: 13746K->7969K(17408K)] 14752K->7969K(25088K) [PSPermGen: 5141K->5141K(21504K)], 0.0049110 secs] [Times: user=0.02 sys=0.00, real=0.01 secs] 
197.262: Total time for which application threads were stopped: 0.0072420 seconds, Stopping threads took: 0.0001060 seconds
197.342: Application time: 0.0797370 seconds
197.402: [GC [PSYoungGen: 6540K->355K(7680K)] 14509K->8324K(25088K), 0.0007120 secs] [Times: user=0.01 sys=0.00, real=0.00 secs] 
197.402: Total time for which application threads were stopped: 0.0605210 seconds, Stopping threads took: 0.0597030 seconds
197.403: Application time: 0.0007730 seconds
197.403: [GC [PSYoungGen: 6915K->1008K(7680K)] 14884K->14819K(25088K), 0.0019180 secs] [Times: user=0.01 sys=0.00, real=0.00 secs] 
197.405: [Full GC [PSYoungGen: 1008K->0K(7680K)] [ParOldGen: 13811K->8066K(17408K)] 14819K->8066K(25088K) [PSPermGen: 5141K->5141K(21504K)], 0.0050180 secs] [Times: user=0.02 sys=0.00, real=0.01 secs] 
197.410: Total time for which application threads were stopped: 0.0072510 seconds, Stopping threads took: 0.0001930 seconds
197.489: Application time: 0.0781800 seconds
197.550: [GC [PSYoungGen: 6559K->614K(7680K)] 14626K->8681K(25088K), 0.0004980 secs] [Times: user=0.00 sys=0.00, real=0.00 secs] 
197.551: [Full GC [PSYoungGen: 614K->0K(7680K)] [ParOldGen: 8066K->1956K(17408K)] 8681K->1956K(25088K) [PSPermGen: 5141K->5141K(21504K)], 0.0037650 secs] [Times: user=0.02 sys=0.00, real=0.00 secs] 
197.555: Total time for which application threads were stopped: 0.0661170 seconds, Stopping threads took: 0.0617470 seconds
197.556: Application time: 0.0012910 seconds
197.600: [GC [PSYoungGen: 6560K->1005K(7680K)] 8516K->8047K(25088K), 0.0020040 secs] [Times: user=0.02 sys=0.00, real=0.01 secs] 
197.602: Total time for which application threads were stopped: 0.0456790 seconds, Stopping threads took: 0.0435930 seconds
197.675: Application time: 0.0735870 seconds
197.721: [GC [PSYoungGen: 7369K->646K(7680K)] 14412K->7689K(25088K), 0.0003970 secs] [Times: user=0.00 sys=0.00, real=0.01 secs] 
197.721: Total time for which application threads were stopped: 0.0459890 seconds, Stopping threads took: 0.0455230 seconds
197.722: Application time: 0.0006530 seconds
197.722: [GC [PSYoungGen: 7109K->1008K(7680K)] 14151K->13958K(25088K), 0.0020410 secs] [Times: user=0.01 sys=0.01, real=0.00 secs] 
197.724: [Full GC [PSYoungGen: 1008K->0K(7680K)] [ParOldGen: 12950K->8164K(17408K)] 13958K->8164K(25088K) [PSPermGen: 5141K->5141K(21504K)], 0.0048500 secs] [Times: user=0.02 sys=0.00, real=0.01 secs] 
197.729: Total time for which application threads were stopped: 0.0072520 seconds, Stopping threads took: 0.0002250 seconds
197.828: Application time: 0.0984400 seconds
197.887: [GC [PSYoungGen: 6462K->550K(7680K)] 14626K->8714K(25088K), 0.0004930 secs] [Times: user=0.00 sys=0.00, real=0.00 secs] 
197.887: [Full GC [PSYoungGen: 550K->0K(7680K)] [ParOldGen: 8164K->1927K(17408K)] 8714K->1927K(25088K) [PSPermGen: 5141K->5141K(21504K)], 0.0038150 secs] [Times: user=0.02 sys=0.00, real=0.01 secs] 
197.891: Total time for which application threads were stopped: 0.0635810 seconds, Stopping threads took: 0.0591630 seconds
197.892: Application time: 0.0012820 seconds
197.936: [GC [PSYoungGen: 6560K->1005K(7680K)] 8487K->8019K(25088K), 0.0018320 secs] [Times: user=0.01 sys=0.00, real=0.00 secs] 
197.938: Total time for which application threads were stopped: 0.0455730 seconds, Stopping threads took: 0.0436590 seconds
198.013: Application time: 0.0747420 seconds
198.059: [GC [PSYoungGen: 7369K->518K(7680K)] 14383K->7532K(25088K), 0.0004200 secs] [Times: user=0.01 sys=0.00, real=0.00 secs] 
198.060: Total time for which application threads were stopped: 0.0470370 seconds, Stopping threads took: 0.0465510 seconds
198.061: Application time: 0.0007940 seconds
198.061: [GC [PSYoungGen: 6981K->1008K(7680K)] 13995K->13938K(25088K), 0.0020930 secs] [Times: user=0.02 sys=0.00, real=0.01 secs] 
198.063: [Full GC [PSYoungGen: 1008K->0K(7680K)] [ParOldGen: 12929K->8164K(17408K)] 13938K->8164K(25088K) [PSPermGen: 5141K->5141K(21504K)], 0.0049900 secs] [Times: user=0.02 sys=0.00, real=0.00 secs] 
198.068: Total time for which application threads were stopped: 0.0074130 seconds, Stopping threads took: 0.0002000 seconds
198.146: Application time: 0.0776010 seconds
198.208: [GC [PSYoungGen: 6462K->582K(7680K)] 14626K->8746K(25088K), 0.0006550 secs] [Times: user=0.00 sys=0.00, real=0.00 secs] 
198.208: [Full GC [PSYoungGen: 582K->0K(7680K)] [ParOldGen: 8164K->1927K(17408K)] 8746K->1927K(25088K) [PSPermGen: 5141K->5141K(21504K)], 0.0039500 secs] [Times: user=0.01 sys=0.00, real=0.01 secs] 
198.212: Total time for which application threads were stopped: 0.0665720 seconds, Stopping threads took: 0.0618480 seconds
198.214: Application time: 0.0013010 seconds
198.257: [GC [PSYoungGen: 6521K->1005K(7680K)] 8448K->7876K(25088K), 0.0016890 secs] [Times: user=0.01 sys=0.00, real=0.00 secs] 
198.259: Total time for which application threads were stopped: 0.0456460 seconds, Stopping threads took: 0.0438910 seconds
198.333: Application time: 0.0735520 seconds
198.337: [GC [PSYoungGen: 7565K->939K(7680K)] 14435K->10740K(25088K), 0.0012380 secs] [Times: user=0.01 sys=0.00, real=0.00 secs] 
198.338: [Full GC [PSYoungGen: 939K->0K(7680K)] [ParOldGen: 9800K->4941K(17408K)] 10740K->4941K(25088K) [PSPermGen: 5141K->5141K(21504K)], 0.0044110 secs] [Times: user=0.02 sys=0.00, real=0.01 secs] 
198.343: Total time for which application threads were stopped: 0.0099350 seconds, Stopping threads took: 0.0041630 seconds
198.425: Application time: 0.0821290 seconds
198.468: [GC [PSYoungGen: 6540K->646K(7680K)] 11482K->5588K(25088K), 0.0004600 secs] [Times: user=0.00 sys=0.00, real=0.00 secs] 
198.468: Total time for which application threads were stopped: 0.0433110 seconds, Stopping threads took: 0.0427770 seconds
198.469: Application time: 0.0008660 seconds
198.513: [GC [PSYoungGen: 7109K->1005K(7680K)] 12050K->10935K(25088K), 0.0017990 secs] [Times: user=0.01 sys=0.00, real=0.00 secs] 
198.515: [Full GC [PSYoungGen: 1005K->0K(7680K)] [ParOldGen: 9930K->7090K(17408K)] 10935K->7090K(25088K) [PSPermGen: 5141K->5141K(21504K)], 0.0046730 secs] [Times: user=0.02 sys=0.00, real=0.00 secs] 
198.519: Total time for which application threads were stopped: 0.0502890 seconds, Stopping threads took: 0.0436850 seconds
198.593: Application time: 0.0732430 seconds
198.638: [GC [PSYoungGen: 6559K->1006K(7680K)] 13649K->9863K(25088K), 0.0010680 secs] [Times: user=0.01 sys=0.00, real=0.00 secs] 
198.639: [Full GC [PSYoungGen: 1006K->0K(7680K)] [ParOldGen: 8856K->3965K(17408K)] 9863K->3965K(25088K) [PSPermGen: 5141K->5141K(21504K)], 0.0043580 secs] [Times: user=0.01 sys=0.00, real=0.01 secs] 
198.644: Total time for which application threads were stopped: 0.0510200 seconds, Stopping threads took: 0.0454560 seconds
198.721: Application time: 0.0771440 seconds
198.735: [GC [PSYoungGen: 6364K->550K(7680K)] 10330K->4516K(25088K), 0.0003710 secs] [Times: user=0.00 sys=0.00, real=0.00 secs] 
198.735: Total time for which application threads were stopped: 0.0144810 seconds, Stopping threads took: 0.0140490 seconds
198.736: Application time: 0.0007190 seconds
198.736: [GC [PSYoungGen: 7091K->1005K(7680K)] 11056K->11049K(25088K), 0.0021990 secs] [Times: user=0.01 sys=0.00, real=0.00 secs] 
198.738: [Full GC [PSYoungGen: 1005K->0K(7680K)] [ParOldGen: 10044K->8164K(17408K)] 11049K->8164K(25088K) [PSPermGen: 5141K->5141K(21504K)], 0.0047140 secs] [Times: user=0.02 sys=0.00, real=0.01 secs] 
198.743: Total time for which application threads were stopped: 0.0072450 seconds, Stopping threads took: 0.0002020 seconds
198.823: Application time: 0.0799920 seconds
198.890: [GC [PSYoungGen: 6618K->614K(7680K)] 14782K->8779K(25088K), 0.0005560 secs] [Times: user=0.00 sys=0.00, real=0.00 secs] 
198.891: Total time for which application threads were stopped: 0.0675410 seconds, Stopping threads took: 0.0669110 seconds
198.891: Application time: 0.0007850 seconds
198.936: [GC [PSYoungGen: 7155K->1006K(7680K)] 15319K->14166K(25088K), 0.0018840 secs] [Times: user=0.02 sys=0.00, real=0.00 secs] 
198.938: [Full GC [PSYoungGen: 1006K->0K(7680K)] [ParOldGen: 13159K->7090K(17408K)] 14166K->7090K(25088K) [PSPermGen: 5141K->5141K(21504K)], 0.0048670 secs] [Times: user=0.01 sys=0.01, real=0.01 secs] 
198.943: Total time for which application threads were stopped: 0.0512780 seconds, Stopping threads took: 0.0443800 seconds
199.017: Application time: 0.0737620 seconds
199.062: [GC [PSYoungGen: 6462K->582K(7680K)] 13552K->7673K(25088K), 0.0005610 secs] [Times: user=0.01 sys=0.00, real=0.00 secs] 
199.063: Total time for which application threads were stopped: 0.0459950 seconds, Stopping threads took: 0.0453480 seconds
199.063: Application time: 0.0008290 seconds
199.112: [GC [PSYoungGen: 7238K->1005K(7680K)] 14329K->13279K(25088K), 0.0020170 secs] [Times: user=0.01 sys=0.00, real=0.00 secs] 
199.114: [Full GC [PSYoungGen: 1005K->0K(7680K)] [ParOldGen: 12274K->7286K(17408K)] 13279K->7286K(25088K) [PSPermGen: 5141K->5141K(21504K)], 0.0047890 secs] [Times: user=0.02 sys=0.00, real=0.00 secs] 
199.119: Total time for which application threads were stopped: 0.0559650 seconds, Stopping threads took: 0.0490050 seconds
199.198: Application time: 0.0786050 seconds
199.252: [GC [PSYoungGen: 6656K->875K(7680K)] 13942K->9333K(25088K), 0.0007700 secs] [Times: user=0.00 sys=0.00, real=0.00 secs] 
199.253: [Full GC [PSYoungGen: 875K->0K(7680K)] [ParOldGen: 8458K->3184K(17408K)] 9333K->3184K(25088K) [PSPermGen: 5141K->5141K(21504K)], 0.0038980 secs] [Times: user=0.02 sys=0.00, real=0.00 secs] 
199.257: Total time for which application threads were stopped: 0.0587790 seconds, Stopping threads took: 0.0539910 seconds
199.270: Application time: 0.0131220 seconds
199.335: [GC [PSYoungGen: 6656K->941K(7680K)] 9840K->4321K(25088K), 0.0005600 secs] [Times: user=0.01 sys=0.00, real=0.00 secs] 
199.335: Total time for which application threads were stopped: 0.0654000 seconds, Stopping threads took: 0.0647770 seconds
199.336: Application time: 0.0008330 seconds
199.379: [GC [PSYoungGen: 7403K->1005K(7680K)] 10783K->9959K(25088K), 0.0020240 secs] [Times: user=0.02 sys=0.00, real=0.00 secs] 
199.381: [Full GC [PSYoungGen: 1005K->0K(7680K)] [ParOldGen: 8954K->7676K(17408K)] 9959K->7676K(25088K) [PSPermGen: 5141K->5141K(21504K)], 0.0045160 secs] [Times: user=0.01 sys=0.00, real=0.00 secs] 
199.386: Total time for which application threads were stopped: 0.0496640 seconds, Stopping threads took: 0.0429840 seconds
199.486: Application time: 0.1000880 seconds
199.542: [GC [PSYoungGen: 6638K->256K(7680K)] 14314K->7932K(25088K), 0.0004360 secs] [Times: user=0.00 sys=0.00, real=0.00 secs] 
199.542: Total time for which application threads were stopped: 0.0565860 seconds, Stopping threads took: 0.0560880 seconds
199.545: Application time: 0.0027970 seconds
199.613: [GC [PSYoungGen: 6718K->224K(7680K)] 14395K->7900K(25088K), 0.0003490 secs] [Times: user=0.00 sys=0.00, real=0.00 secs] 
199.613: Total time for which application threads were stopped: 0.0680610 seconds, Stopping threads took: 0.0676330 seconds
199.614: Application time: 0.0007140 seconds
199.614: [GC [PSYoungGen: 6784K->1006K(7680K)] 14460K->14395K(25088K), 0.0017720 secs] [Times: user=0.01 sys=0.00, real=0.00 secs] 
199.616: [Full GC [PSYoungGen: 1006K->0K(7680K)] [ParOldGen: 13388K->7871K(17408K)] 14395K->7871K(25088K) [PSPermGen: 5141K->5141K(21504K)], 0.0052420 secs] [Times: user=0.02 sys=0.00, real=0.01 secs] 
199.621: Total time for which application threads were stopped: 0.0073000 seconds, Stopping threads took: 0.0001750 seconds
199.700: Application time: 0.0786660 seconds
199.762: [GC [PSYoungGen: 6559K->451K(7680K)] 14431K->8323K(25088K), 0.0003890 secs] [Times: user=0.00 sys=0.00, real=0.00 secs] 
199.763: Total time for which application threads were stopped: 0.0626920 seconds, Stopping threads took: 0.0622400 seconds
199.763: Application time: 0.0007680 seconds
199.764: [GC [PSYoungGen: 7011K->1008K(7680K)] 14883K->14698K(25088K), 0.0019850 secs] [Times: user=0.02 sys=0.00, real=0.00 secs] 
199.766: [Full GC [PSYoungGen: 1008K->0K(7680K)] [ParOldGen: 13689K->8067K(17408K)] 14698K->8067K(25088K) [PSPermGen: 5141K->5141K(21504K)], 0.0049450 secs] [Times: user=0.02 sys=0.00, real=0.01 secs] 
199.771: Total time for which application threads were stopped: 0.0071570 seconds, Stopping threads took: 0.0001010 seconds
199.849: Application time: 0.0781850 seconds
199.909: [GC [PSYoungGen: 6559K->582K(7680K)] 14626K->8649K(25088K), 0.0005620 secs] [Times: user=0.00 sys=0.00, real=0.01 secs] 
199.910: [Full GC [PSYoungGen: 582K->0K(7680K)] [ParOldGen: 8067K->1927K(17408K)] 8649K->1927K(25088K) [PSPermGen: 5141K->5141K(21504K)], 0.0037850 secs] [Times: user=0.02 sys=0.00, real=0.00 secs] 
199.914: Total time for which application threads were stopped: 0.0647440 seconds, Stopping threads took: 0.0602810 seconds
199.915: Application time: 0.0012780 seconds
199.959: [GC [PSYoungGen: 6638K->1005K(7680K)] 8566K->6969K(25088K), 0.0015370 secs] [Times: user=0.01 sys=0.00, real=0.00 secs] 
199.960: Total time for which application threads were stopped: 0.0453210 seconds, Stopping threads took: 0.0437110 seconds
200.034: Application time: 0.0739910 seconds
200.039: [GC [PSYoungGen: 7369K->973K(7680K)] 13333K->8695K(25088K), 0.0009640 secs] [Times: user=0.00 sys=0.00, real=0.00 secs] 
200.040: Total time for which application threads were stopped: 0.0058750 seconds, Stopping threads took: 0.0048420 seconds
200.113: Application time: 0.0729200 seconds
200.115: [GC [PSYoungGen: 7514K->614K(7680K)] 15235K->8336K(25088K), 0.0004300 secs] [Times: user=0.00 sys=0.00, real=0.00 secs] 
200.115: Total time for which application threads were stopped: 0.0023670 seconds, Stopping threads took: 0.0018610 seconds
200.116: Application time: 0.0007420 seconds
200.116: [GC [PSYoungGen: 7252K->1005K(7680K)] 14974K->14887K(25088K), 0.0018580 secs] [Times: user=0.01 sys=0.00, real=0.00 secs] 
200.118: [Full GC [PSYoungGen: 1005K->0K(7680K)] [ParOldGen: 13882K->8262K(17408K)] 14887K->8262K(25088K) [PSPermGen: 5141K->5141K(21504K)], 0.0052690 secs] [Times: user=0.02 sys=0.00, real=0.01 secs] 
200.123: Total time for which application threads were stopped: 0.0074090 seconds, Stopping threads took: 0.0001720 seconds
200.201: Application time: 0.0775010 seconds
200.267: [GC [PSYoungGen: 6364K->614K(7680K)] 14627K->8877K(25088K), 0.0004080 secs] [Times: user=0.00 sys=0.00, real=0.00 secs] 
200.268: [Full GC [PSYoungGen: 614K->0K(7680K)] [ParOldGen: 8262K->1984K(17408K)] 8877K->1984K(25088K) [PSPermGen: 5141K->5141K(21504K)], 0.0036370 secs] [Times: user=0.01 sys=0.00, real=0.01 secs] 
200.271: Total time for which application threads were stopped: 0.0704100 seconds, Stopping threads took: 0.0662600 seconds
200.273: Application time: 0.0013190 seconds
200.315: [GC [PSYoungGen: 6656K->939K(7680K)] 8640K->8198K(25088K), 0.0019440 secs] [Times: user=0.02 sys=0.00, real=0.00 secs] 
200.317: Total time for which application threads were stopped: 0.0447590 seconds, Stopping threads took: 0.0427310 seconds
200.392: Application time: 0.0743430 seconds
200.438: [GC [PSYoungGen: 7206K->875K(7680K)] 14465K->8915K(25088K), 0.0006710 secs] [Times: user=0.01 sys=0.00, real=0.00 secs] 
200.439: Total time for which application threads were stopped: 0.0468880 seconds, Stopping threads took: 0.0461460 seconds
200.440: Application time: 0.0011670 seconds
200.494: [GC [PSYoungGen: 7531K->907K(7680K)] 15571K->14221K(25088K), 0.0019410 secs] [Times: user=0.01 sys=0.00, real=0.00 secs] 
200.496: [Full GC [PSYoungGen: 907K->0K(7680K)] [ParOldGen: 13313K->7286K(17408K)] 14221K->7286K(25088K) [PSPermGen: 5141K->5141K(21504K)], 0.0047080 secs] [Times: user=0.02 sys=0.00, real=0.00 secs] 
200.501: Total time for which application threads were stopped: 0.0611250 seconds, Stopping threads took: 0.0543260 seconds
200.574: Application time: 0.0730310 seconds
200.619: [GC [PSYoungGen: 6501K->858K(7680K)] 13787K->10097K(25088K), 0.0009860 secs] [Times: user=0.01 sys=0.00, real=0.00 secs] 
200.620: [Full GC [PSYoungGen: 858K->0K(7680K)] [ParOldGen: 9239K->3868K(17408K)] 10097K->3868K(25088K) [PSPermGen: 5141K->5141K(21504K)], 0.0041420 secs] [Times: user=0.01 sys=0.00, real=0.01 secs] 
200.624: Total time for which application threads were stopped: 0.0504610 seconds, Stopping threads took: 0.0451830 seconds
200.701: Application time: 0.0769620 seconds
200.711: [GC [PSYoungGen: 6462K->614K(7680K)] 10331K->4483K(25088K), 0.0003520 secs] [Times: user=0.00 sys=0.00, real=0.00 secs] 
200.711: Total time for which application threads were stopped: 0.0099590 seconds, Stopping threads took: 0.0095450 seconds
200.712: Application time: 0.0007070 seconds
200.756: [GC [PSYoungGen: 7155K->907K(7680K)] 11024K->9854K(25088K), 0.0019150 secs] [Times: user=0.02 sys=0.00, real=0.00 secs] 
200.758: [Full GC [PSYoungGen: 907K->0K(7680K)] [ParOldGen: 8947K->7091K(17408K)] 9854K->7091K(25088K) [PSPermGen: 5141K->5141K(21504K)], 0.0045460 secs] [Times: user=0.02 sys=0.00, real=0.01 secs] 
200.762: Total time for which application threads were stopped: 0.0503230 seconds, Stopping threads took: 0.0437350 seconds
200.838: Application time: 0.0759410 seconds
200.883: [GC [PSYoungGen: 6559K->841K(7680K)] 13650K->8909K(25088K), 0.0006820 secs] [Times: user=0.01 sys=0.00, real=0.00 secs] 
200.884: Total time for which application threads were stopped: 0.0452010 seconds, Stopping threads took: 0.0444540 seconds
200.885: Application time: 0.0011140 seconds
200.928: [GC [PSYoungGen: 7402K->1005K(7680K)] 15469K->14257K(25088K), 0.0019070 secs] [Times: user=0.01 sys=0.00, real=0.01 secs] 
200.930: [Full GC [PSYoungGen: 1005K->0K(7680K)] [ParOldGen: 13251K->7286K(17408K)] 14257K->7286K(25088K) [PSPermGen: 5141K->5141K(21504K)], 0.0047630 secs] [Times: user=0.02 sys=0.00, real=0.00 secs] 
200.935: Total time for which application threads were stopped: 0.0499230 seconds, Stopping threads took: 0.0431280 seconds
201.021: Application time: 0.0865670 seconds
201.088: [GC [PSYoungGen: 6656K->1005K(7680K)] 13942K->8291K(25088K), 0.0005180 secs] [Times: user=0.00 sys=0.00, real=0.00 secs] 
201.089: Total time for which application threads were stopped: 0.0675470 seconds, Stopping threads took: 0.0669620 seconds
201.090: Application time: 0.0010030 seconds
201.133: [GC [PSYoungGen: 7565K->939K(7680K)] 14852K->13792K(25088K), 0.0019300 secs] [Times: user=0.01 sys=0.00, real=0.00 secs] 
201.135: [Full GC [PSYoungGen: 939K->0K(7680K)] [ParOldGen: 12853K->7579K(17408K)] 13792K->7579K(25088K) [PSPermGen: 5141K->5141K(21504K)], 0.0050380 secs] [Times: user=0.03 sys=0.00, real=0.00 secs] 
201.140: Total time for which application threads were stopped: 0.0506700 seconds, Stopping threads took: 0.0435730 seconds
201.217: Application time: 0.0768420 seconds
201.277: [GC [PSYoungGen: 6559K->809K(7680K)] 14139K->8779K(25088K), 0.0007060 secs] [Times: user=0.01 sys=0.00, real=0.00 secs] 
201.278: Total time for which application threads were stopped: 0.0603110 seconds, Stopping threads took: 0.0595400 seconds
201.289: Application time: 0.0119120 seconds
201.347: [GC [PSYoungGen: 7174K->941K(7680K)] 15144K->10083K(25088K), 0.0009770 secs] [Times: user=0.01 sys=0.00, real=0.00 secs] 
201.348: [Full GC [PSYoungGen: 941K->0K(7680K)] [ParOldGen: 9141K->3283K(17408K)] 10083K->3283K(25088K) [PSPermGen: 5141K->5141K(21504K)], 0.0043120 secs] [Times: user=0.01 sys=0.01, real=0.01 secs] 
201.352: Total time for which application threads were stopped: 0.0627330 seconds, Stopping threads took: 0.0573130 seconds
201.354: Application time: 0.0013720 seconds
201.397: [GC [PSYoungGen: 6560K->1005K(7680K)] 9843K->9081K(25088K), 0.0018240 secs] [Times: user=0.01 sys=0.00, real=0.00 secs] 
201.399: Total time for which application threads were stopped: 0.0451050 seconds, Stopping threads took: 0.0432010 seconds
201.474: Application time: 0.0756640 seconds
201.537: [GC [PSYoungGen: 7565K->160K(7680K)] 15641K->8236K(25088K), 0.0005450 secs] [Times: user=0.00 sys=0.00, real=0.00 secs] 
201.538: Total time for which application threads were stopped: 0.0633160 seconds, Stopping threads took: 0.0626990 seconds
201.538: Application time: 0.0007460 seconds
201.539: [GC [PSYoungGen: 6778K->1005K(7680K)] 14855K->14762K(25088K), 0.0018810 secs] [Times: user=0.01 sys=0.00, real=0.00 secs] 
201.540: [Full GC [PSYoungGen: 1005K->0K(7680K)] [ParOldGen: 13756K->7774K(17408K)] 14762K->7774K(25088K) [PSPermGen: 5141K->5141K(21504K)], 0.0051320 secs] [Times: user=0.02 sys=0.00, real=0.01 secs] 
201.546: Total time for which application threads were stopped: 0.0072080 seconds, Stopping threads took: 0.0000720 seconds
201.642: Application time: 0.0961070 seconds
201.692: [GC [PSYoungGen: 6540K->923K(7680K)] 14315K->9089K(25088K), 0.0006300 secs] [Times: user=0.00 sys=0.00, real=0.00 secs] 
201.693: Total time for which application threads were stopped: 0.0514640 seconds, Stopping threads took: 0.0498630 seconds
201.694: Application time: 0.0010550 seconds
201.738: [GC [PSYoungGen: 7579K->1005K(7680K)] 15745K->15038K(25088K), 0.0021400 secs] [Times: user=0.01 sys=0.00, real=0.00 secs] 
201.740: [Full GC [PSYoungGen: 1005K->0K(7680K)] [ParOldGen: 14033K->7970K(17408K)] 15038K->7970K(25088K) [PSPermGen: 5141K->5141K(21504K)], 0.0049900 secs] [Times: user=0.02 sys=0.00, real=0.01 secs] 
201.745: Total time for which application threads were stopped: 0.0506290 seconds, Stopping threads took: 0.0433530 seconds
201.825: Application time: 0.0805550 seconds
201.888: [GC [PSYoungGen: 6656K->582K(7680K)] 14626K->8552K(25088K), 0.0005010 secs] [Times: user=0.00 sys=0.00, real=0.00 secs] 
201.888: Total time for which application threads were stopped: 0.0630430 seconds, Stopping threads took: 0.0624490 seconds
201.889: Application time: 0.0007840 seconds
201.890: [GC [PSYoungGen: 7045K->1005K(7680K)] 15015K->15038K(25088K), 0.0019310 secs] [Times: user=0.01 sys=0.00, real=0.00 secs] 
201.892: [Full GC [PSYoungGen: 1005K->0K(7680K)] [ParOldGen: 14033K->8165K(17408K)] 15038K->8165K(25088K) [PSPermGen: 5141K->5141K(21504K)], 0.0051560 secs] [Times: user=0.03 sys=0.00, real=0.00 secs] 
201.897: Total time for which application threads were stopped: 0.0075070 seconds, Stopping threads took: 0.0002780 seconds
201.977: Application time: 0.0807030 seconds
202.038: [GC [PSYoungGen: 6462K->582K(7680K)] 14627K->8748K(25088K), 0.0004450 secs] [Times: user=0.00 sys=0.00, real=0.00 secs] 
202.039: [Full GC [PSYoungGen: 582K->0K(7680K)] [ParOldGen: 8165K->1927K(17408K)] 8748K->1927K(25088K) [PSPermGen: 5141K->5141K(21504K)], 0.0037200 secs] [Times: user=0.01 sys=0.00, real=0.01 secs] 
202.042: Total time for which application threads were stopped: 0.0647650 seconds, Stopping threads took: 0.0604910 seconds
202.043: Application time: 0.0012380 seconds
202.044: [GC [PSYoungGen: 6560K->1008K(7680K)] 8487K->8558K(25088K), 0.0019020 secs] [Times: user=0.01 sys=0.00, real=0.00 secs] 
202.046: [Full GC [PSYoungGen: 1008K->0K(7680K)] [ParOldGen: 7550K->8263K(17408K)] 8558K->8263K(25088K) [PSPermGen: 5141K->5141K(21504K)], 0.0048150 secs] [Times: user=0.02 sys=0.00, real=0.01 secs] 
202.050: Total time for which application threads were stopped: 0.0069370 seconds, Stopping threads took: 0.0000930 seconds
202.132: Application time: 0.0811080 seconds
202.194: [GC [PSYoungGen: 6442K->614K(7680K)] 14705K->8877K(25088K), 0.0004490 secs] [Times: user=0.00 sys=0.00, real=0.00 secs] 
202.194: [Full GC [PSYoungGen: 614K->0K(7680K)] [ParOldGen: 8263K->1956K(17408K)] 8877K->1956K(25088K) [PSPermGen: 5141K->5141K(21504K)], 0.0037750 secs] [Times: user=0.01 sys=0.00, real=0.00 secs] 
202.198: Total time for which application threads were stopped: 0.0665620 seconds, Stopping threads took: 0.0622240 seconds
202.199: Application time: 0.0011030 seconds
202.244: [GC [PSYoungGen: 6540K->1005K(7680K)] 8496K->7950K(25088K), 0.0017810 secs] [Times: user=0.01 sys=0.00, real=0.00 secs] 
202.245: Total time for which application threads were stopped: 0.0461470 seconds, Stopping threads took: 0.0442910 seconds
202.319: Application time: 0.0740150 seconds
202.365: [GC [PSYoungGen: 7661K->1005K(7680K)] 14606K->9903K(25088K), 0.0009990 secs] [Times: user=0.01 sys=0.00, real=0.00 secs] 
202.366: [Full GC [PSYoungGen: 1005K->0K(7680K)] [ParOldGen: 8898K->4064K(17408K)] 9903K->4064K(25088K) [PSPermGen: 5141K->5141K(21504K)], 0.0042070 secs] [Times: user=0.02 sys=0.00, real=0.01 secs] 
202.371: Total time for which application threads were stopped: 0.0512630 seconds, Stopping threads took: 0.0459310 seconds
202.450: Application time: 0.0791890 seconds
202.462: [GC [PSYoungGen: 6267K->646K(7680K)] 10331K->4710K(25088K), 0.0004130 secs] [Times: user=0.00 sys=0.00, real=0.00 secs] 
202.463: Total time for which application threads were stopped: 0.0126560 seconds, Stopping threads took: 0.0121740 seconds
202.463: Application time: 0.0007420 seconds
202.463: [GC [PSYoungGen: 7187K->1008K(7680K)] 11251K->11012K(25088K), 0.0021180 secs] [Times: user=0.01 sys=0.00, real=0.00 secs] 
202.466: [Full GC [PSYoungGen: 1008K->0K(7680K)] [ParOldGen: 10003K->8165K(17408K)] 11012K->8165K(25088K) [PSPermGen: 5141K->5141K(21504K)], 0.0047290 secs] [Times: user=0.02 sys=0.00, real=0.01 secs] 
202.470: Total time for which application threads were stopped: 0.0071920 seconds, Stopping threads took: 0.0002110 seconds
202.550: Application time: 0.0798390 seconds
202.613: [GC [PSYoungGen: 6540K->614K(7680K)] 14705K->8780K(25088K), 0.0004330 secs] [Times: user=0.00 sys=0.00, real=0.00 secs] 
202.613: [Full GC [PSYoungGen: 614K->0K(7680K)] [ParOldGen: 8165K->1984K(17408K)] 8780K->1984K(25088K) [PSPermGen: 5141K->5141K(21504K)], 0.0037530 secs] [Times: user=0.02 sys=0.01, real=0.00 secs] 
202.617: Total time for which application threads were stopped: 0.0667120 seconds, Stopping threads took: 0.0624110 seconds
202.618: Application time: 0.0012310 seconds
202.664: [GC [PSYoungGen: 6560K->1005K(7680K)] 8544K->8076K(25088K), 0.0018890 secs] [Times: user=0.01 sys=0.00, real=0.00 secs] 
202.666: Total time for which application threads were stopped: 0.0481900 seconds, Stopping threads took: 0.0462280 seconds
202.741: Application time: 0.0749320 seconds
202.786: [GC [PSYoungGen: 7369K->582K(7680K)] 14440K->7653K(25088K), 0.0004280 secs] [Times: user=0.00 sys=0.00, real=0.00 secs] 
202.787: Total time for which application threads were stopped: 0.0454850 seconds, Stopping threads took: 0.0449830 seconds
202.788: Application time: 0.0008850 seconds
202.832: [GC [PSYoungGen: 7221K->1005K(7680K)] 14292K->13186K(25088K), 0.0019300 secs] [Times: user=0.01 sys=0.00, real=0.00 secs] 
202.833: [Full GC [PSYoungGen: 1005K->0K(7680K)] [ParOldGen: 12181K->7189K(17408K)] 13186K->7189K(25088K) [PSPermGen: 5141K->5141K(21504K)], 0.0047750 secs] [Times: user=0.02 sys=0.00, real=0.00 secs] 
202.838: Total time for which application threads were stopped: 0.0505890 seconds, Stopping threads took: 0.0437550 seconds
202.930: Application time: 0.0915040 seconds
202.994: [GC [PSYoungGen: 6364K->582K(7680K)] 13553K->7772K(25088K), 0.0004380 secs] [Times: user=0.00 sys=0.00, real=0.00 secs] 
202.994: Total time for which application threads were stopped: 0.0642970 seconds, Stopping threads took: 0.0637940 seconds
202.995: Application time: 0.0008550 seconds
203.048: [GC [PSYoungGen: 7142K->1005K(7680K)] 14332K->13281K(25088K), 0.0021070 secs] [Times: user=0.01 sys=0.00, real=0.01 secs] 
203.050: [Full GC [PSYoungGen: 1005K->0K(7680K)] [ParOldGen: 12275K->7189K(17408K)] 13281K->7189K(25088K) [PSPermGen: 5141K->5141K(21504K)], 0.0051200 secs] [Times: user=0.02 sys=0.00, real=0.00 secs] 
203.055: Total time for which application threads were stopped: 0.0601760 seconds, Stopping threads took: 0.0528010 seconds
203.128: Application time: 0.0727420 seconds
203.173: [GC [PSYoungGen: 6540K->973K(7680K)] 13729K->8943K(25088K), 0.0007410 secs] [Times: user=0.00 sys=0.00, real=0.00 secs] 
203.174: Total time for which application threads were stopped: 0.0458880 seconds, Stopping threads took: 0.0450710 seconds
203.175: Application time: 0.0011150 seconds
203.219: [GC [PSYoungGen: 7533K->939K(7680K)] 15503K->14183K(25088K), 0.0018340 secs] [Times: user=0.01 sys=0.00, real=0.00 secs] 
203.220: [Full GC [PSYoungGen: 939K->0K(7680K)] [ParOldGen: 13244K->7287K(17408K)] 14183K->7287K(25088K) [PSPermGen: 5141K->5141K(21504K)], 0.0049060 secs] [Times: user=0.02 sys=0.00, real=0.01 secs] 
203.225: Total time for which application threads were stopped: 0.0504410 seconds, Stopping threads took: 0.0435770 seconds
203.326: Application time: 0.1004140 seconds
203.377: [GC [PSYoungGen: 6656K->973K(7680K)] 13943K->8260K(25088K), 0.0005170 secs] [Times: user=0.01 sys=0.00, real=0.00 secs] 
203.377: Total time for which application threads were stopped: 0.0513190 seconds, Stopping threads took: 0.0507320 seconds
203.378: Application time: 0.0010650 seconds
203.444: [GC [PSYoungGen: 7511K->907K(7680K)] 14799K->11515K(25088K), 0.0014440 secs] [Times: user=0.01 sys=0.00, real=0.00 secs] 
203.445: [Full GC [PSYoungGen: 907K->0K(7680K)] [ParOldGen: 10607K->5334K(17408K)] 11515K->5334K(25088K) [PSPermGen: 5141K->5141K(21504K)], 0.0046200 secs] [Times: user=0.02 sys=0.00, real=0.01 secs] 
203.450: Total time for which application threads were stopped: 0.0718090 seconds, Stopping threads took: 0.0655880 seconds
203.522: Application time: 0.0721510 seconds
203.566: [GC [PSYoungGen: 6656K->941K(7680K)] 11990K->6470K(25088K), 0.0005850 secs] [Times: user=0.00 sys=0.00, real=0.00 secs] 
203.567: Total time for which application threads were stopped: 0.0448410 seconds, Stopping threads took: 0.0441900 seconds
203.568: Application time: 0.0010440 seconds
203.612: [GC [PSYoungGen: 7403K->1005K(7680K)] 12933K->11027K(25088K), 0.0019160 secs] [Times: user=0.01 sys=0.00, real=0.00 secs] 
203.614: [Full GC [PSYoungGen: 1005K->0K(7680K)] [ParOldGen: 10021K->6603K(17408K)] 11027K->6603K(25088K) [PSPermGen: 5141K->5141K(21504K)], 0.0046650 secs] [Times: user=0.02 sys=0.00, real=0.00 secs] 
203.619: Total time for which application threads were stopped: 0.0506910 seconds, Stopping threads took: 0.0439660 seconds
203.691: Application time: 0.0726990 seconds
203.736: [GC [PSYoungGen: 6638K->841K(7680K)] 13241K->9008K(25088K), 0.0008380 secs] [Times: user=0.00 sys=0.00, real=0.00 secs] 
203.737: Total time for which application threads were stopped: 0.0459180 seconds, Stopping threads took: 0.0450110 seconds
203.819: Application time: 0.0817430 seconds
203.836: [GC [PSYoungGen: 7304K->256K(7680K)] 15470K->8422K(25088K), 0.0003540 secs] [Times: user=0.00 sys=0.00, real=0.00 secs] 
203.836: Total time for which application threads were stopped: 0.0170670 seconds, Stopping threads took: 0.0166560 seconds
203.837: Application time: 0.0006300 seconds
203.837: [GC [PSYoungGen: 6816K->1008K(7680K)] 14982K->14821K(25088K), 0.0019350 secs] [Times: user=0.01 sys=0.00, real=0.00 secs] 
203.839: [Full GC [PSYoungGen: 1008K->0K(7680K)] [ParOldGen: 13812K->7872K(17408K)] 14821K->7872K(25088K) [PSPermGen: 5141K->5141K(21504K)], 0.0048880 secs] [Times: user=0.02 sys=0.00, real=0.01 secs] 
203.844: Total time for which application threads were stopped: 0.0071360 seconds, Stopping threads took: 0.0001850 seconds
203.925: Application time: 0.0814740 seconds
203.986: [GC [PSYoungGen: 6559K->451K(7680K)] 14432K->8324K(25088K), 0.0003780 secs] [Times: user=0.00 sys=0.00, real=0.00 secs] 
203.986: Total time for which application threads were stopped: 0.0606090 seconds, Stopping threads took: 0.0601600 seconds
203.987: Application time: 0.0006690 seconds
203.987: [GC [PSYoungGen: 7011K->1008K(7680K)] 14884K->14699K(25088K), 0.0019980 secs] [Times: user=0.01 sys=0.00, real=0.00 secs] 
203.989: [Full GC [PSYoungGen: 1008K->0K(7680K)] [ParOldGen: 13691K->8068K(17408K)] 14699K->8068K(25088K) [PSPermGen: 5141K->5141K(21504K)], 0.0049220 secs] [Times: user=0.03 sys=0.00, real=0.01 secs] 
203.994: Total time for which application threads were stopped: 0.0072480 seconds, Stopping threads took: 0.0002000 seconds
204.073: Application time: 0.0786640 seconds
204.135: [GC [PSYoungGen: 6637K->614K(7680K)] 14706K->8682K(25088K), 0.0006920 secs] [Times: user=0.00 sys=0.00, real=0.00 secs] 
204.136: Total time for which application threads were stopped: 0.0634600 seconds, Stopping threads took: 0.0627000 seconds
204.137: Application time: 0.0008470 seconds
204.137: [GC [PSYoungGen: 7155K->1006K(7680K)] 15223K->15048K(25088K), 0.0020550 secs] [Times: user=0.01 sys=0.00, real=0.00 secs] 
204.139: [Full GC [PSYoungGen: 1006K->0K(7680K)] [ParOldGen: 14041K->8166K(17408K)] 15048K->8166K(25088K) [PSPermGen: 5141K->5141K(21504K)], 0.0050760 secs] [Times: user=0.03 sys=0.00, real=0.01 secs] 
204.144: Total time for which application threads were stopped: 0.0075980 seconds, Stopping threads took: 0.0003190 seconds
204.221: Application time: 0.0764390 seconds
204.285: [GC [PSYoungGen: 6540K->614K(7680K)] 14706K->8780K(25088K), 0.0004030 secs] [Times: user=0.01 sys=0.00, real=0.00 secs] 
204.285: [Full GC [PSYoungGen: 614K->0K(7680K)] [ParOldGen: 8166K->1721K(17408K)] 8780K->1721K(25088K) [PSPermGen: 5141K->5141K(21504K)], 0.0038410 secs] [Times: user=0.01 sys=0.00, real=0.00 secs] 
204.289: Total time for which application threads were stopped: 0.0679100 seconds, Stopping threads took: 0.0635480 seconds
204.290: Application time: 0.0011060 seconds
204.290: [GC [PSYoungGen: 6560K->1005K(7680K)] 8281K->8496K(25088K), 0.0019940 secs] [Times: user=0.01 sys=0.00, real=0.00 secs] 
204.292: Total time for which application threads were stopped: 0.0021500 seconds, Stopping threads took: 0.0000790 seconds
204.370: Application time: 0.0779720 seconds
204.434: [GC [PSYoungGen: 7369K->582K(7680K)] 14861K->8073K(25088K), 0.0004770 secs] [Times: user=0.00 sys=0.00, real=0.00 secs] 
204.434: Total time for which application threads were stopped: 0.0642870 seconds, Stopping threads took: 0.0637450 seconds
204.437: Application time: 0.0031320 seconds
204.479: [GC [PSYoungGen: 7142K->1005K(7680K)] 14634K->11426K(25088K), 0.0012270 secs] [Times: user=0.01 sys=0.00, real=0.00 secs] 
204.480: [Full GC [PSYoungGen: 1005K->0K(7680K)] [ParOldGen: 10421K->5041K(17408K)] 11426K->5041K(25088K) [PSPermGen: 5141K->5141K(21504K)], 0.0046190 secs] [Times: user=0.02 sys=0.00, real=0.01 secs] 
204.485: Total time for which application threads were stopped: 0.0475580 seconds, Stopping threads took: 0.0415830 seconds
204.566: Application time: 0.0807890 seconds
204.614: [GC [PSYoungGen: 6521K->582K(7680K)] 11562K->5624K(25088K), 0.0004370 secs] [Times: user=0.01 sys=0.00, real=0.00 secs] 
204.615: Total time for which application threads were stopped: 0.0489090 seconds, Stopping threads took: 0.0483980 seconds
204.616: Application time: 0.0012240 seconds
204.668: [GC [PSYoungGen: 7238K->1005K(7680K)] 12279K->11259K(25088K), 0.0017970 secs] [Times: user=0.01 sys=0.00, real=0.01 secs] 
204.670: [Full GC [PSYoungGen: 1005K->0K(7680K)] [ParOldGen: 10253K->7287K(17408K)] 11259K->7287K(25088K) [PSPermGen: 5141K->5141K(21504K)], 0.0047310 secs] [Times: user=0.02 sys=0.00, real=0.00 secs] 
204.675: Total time for which application threads were stopped: 0.0589610 seconds, Stopping threads took: 0.0523180 seconds
204.750: Application time: 0.0750650 seconds
204.795: [GC [PSYoungGen: 6656K->941K(7680K)] 13943K->8228K(25088K), 0.0006280 secs] [Times: user=0.00 sys=0.00, real=0.00 secs] 
204.795: Total time for which application threads were stopped: 0.0452600 seconds, Stopping threads took: 0.0445530 seconds
204.796: Application time: 0.0008530 seconds
204.848: [GC [PSYoungGen: 7597K->1005K(7680K)] 14884K->12785K(25088K), 0.0017560 secs] [Times: user=0.01 sys=0.00, real=0.01 secs] 
204.850: [Full GC [PSYoungGen: 1005K->0K(7680K)] [ParOldGen: 11780K->6604K(17408K)] 12785K->6604K(25088K) [PSPermGen: 5141K->5141K(21504K)], 0.0046960 secs] [Times: user=0.02 sys=0.00, real=0.00 secs] 
204.855: Total time for which application threads were stopped: 0.0586390 seconds, Stopping threads took: 0.0520400 seconds
204.931: Application time: 0.0763550 seconds
204.982: [GC [PSYoungGen: 6560K->192K(7680K)] 13164K->6796K(25088K), 0.0004230 secs] [Times: user=0.00 sys=0.00, real=0.00 secs] 
204.982: Total time for which application threads were stopped: 0.0511960 seconds, Stopping threads took: 0.0507040 seconds
204.983: Application time: 0.0007350 seconds
204.983: [GC [PSYoungGen: 6830K->939K(7680K)] 13434K->13403K(25088K), 0.0018410 secs] [Times: user=0.02 sys=0.00, real=0.00 secs] 
204.985: [Full GC [PSYoungGen: 939K->0K(7680K)] [ParOldGen: 12463K->7873K(17408K)] 13403K->7873K(25088K) [PSPermGen: 5141K->5141K(21504K)], 0.0051290 secs] [Times: user=0.02 sys=0.00, real=0.01 secs] 
204.990: Total time for which application threads were stopped: 0.0072780 seconds, Stopping threads took: 0.0001700 seconds
205.072: Application time: 0.0812550 seconds
205.131: [GC [PSYoungGen: 6609K->451K(7680K)] 14483K->8324K(25088K), 0.0004670 secs] [Times: user=0.00 sys=0.00, real=0.00 secs] 
205.132: Total time for which application threads were stopped: 0.0599610 seconds, Stopping threads took: 0.0594200 seconds
205.132: Application time: 0.0008210 seconds
205.179: [GC [PSYoungGen: 7107K->939K(7680K)] 14980K->13891K(25088K), 0.0017170 secs] [Times: user=0.01 sys=0.00, real=0.00 secs] 
205.180: [Full GC [PSYoungGen: 939K->0K(7680K)] [ParOldGen: 12952K->7063K(17408K)] 13891K->7063K(25088K) [PSPermGen: 5141K->5141K(21504K)], 0.0049170 secs] [Times: user=0.02 sys=0.00, real=0.01 secs] 
205.185: Total time for which application threads were stopped: 0.0529790 seconds, Stopping threads took: 0.0462240 seconds
205.258: Application time: 0.0723480 seconds
205.301: [GC [PSYoungGen: 6588K->1005K(7680K)] 13652K->8858K(25088K), 0.0007020 secs] [Times: user=0.01 sys=0.00, real=0.01 secs] 
205.302: Total time for which application threads were stopped: 0.0440500 seconds, Stopping threads took: 0.0432800 seconds
205.303: Application time: 0.0010970 seconds
205.369: [GC [PSYoungGen: 7448K->1005K(7680K)] 15301K->12765K(25088K), 0.0015710 secs] [Times: user=0.01 sys=0.00, real=0.01 secs] 
205.371: [Full GC [PSYoungGen: 1005K->0K(7680K)] [ParOldGen: 11759K->6018K(17408K)] 12765K->6018K(25088K) [PSPermGen: 5141K->5141K(21504K)], 0.0045050 secs] [Times: user=0.02 sys=0.00, real=0.00 secs] 
205.375: Total time for which application threads were stopped: 0.0724000 seconds, Stopping threads took: 0.0661980 seconds
205.459: Application time: 0.0838990 seconds
205.502: [GC [PSYoungGen: 6462K->843K(7680K)] 12480K->7643K(25088K), 0.0009110 secs] [Times: user=0.01 sys=0.00, real=0.00 secs] 
205.503: Total time for which application threads were stopped: 0.0439080 seconds, Stopping threads took: 0.0429100 seconds
205.504: Application time: 0.0011250 seconds
205.548: [GC [PSYoungGen: 7499K->1005K(7680K)] 14299K->12989K(25088K), 0.0021400 secs] [Times: user=0.02 sys=0.00, real=0.01 secs] 
205.550: [Full GC [PSYoungGen: 1005K->0K(7680K)] [ParOldGen: 11984K->7287K(17408K)] 12989K->7287K(25088K) [PSPermGen: 5141K->5141K(21504K)], 0.0048200 secs] [Times: user=0.02 sys=0.00, real=0.00 secs] 
205.555: Total time for which application threads were stopped: 0.0508740 seconds, Stopping threads took: 0.0437650 seconds
205.647: Application time: 0.0922290 seconds
205.711: [GC [PSYoungGen: 6540K->809K(7680K)] 13828K->8097K(25088K), 0.0004680 secs] [Times: user=0.00 sys=0.00, real=0.00 secs] 
205.711: Total time for which application threads were stopped: 0.0638180 seconds, Stopping threads took: 0.0632740 seconds
205.712: Application time: 0.0009670 seconds
205.756: [GC [PSYoungGen: 7448K->1006K(7680K)] 14736K->12472K(25088K), 0.0016260 secs] [Times: user=0.01 sys=0.00, real=0.00 secs] 
205.757: [Full GC [PSYoungGen: 1006K->0K(7680K)] [ParOldGen: 11465K->6311K(17408K)] 12472K->6311K(25088K) [PSPermGen: 5141K->5141K(21504K)], 0.0048430 secs] [Times: user=0.02 sys=0.00, real=0.01 secs] 
205.762: Total time for which application threads were stopped: 0.0501600 seconds, Stopping threads took: 0.0435480 seconds
205.842: Application time: 0.0801150 seconds
205.899: [GC [PSYoungGen: 6559K->973K(7680K)] 12871K->7284K(25088K), 0.0005680 secs] [Times: user=0.01 sys=0.00, real=0.00 secs] 
205.900: Total time for which application threads were stopped: 0.0573820 seconds, Stopping threads took: 0.0567260 seconds
205.901: Application time: 0.0010000 seconds
205.951: [GC [PSYoungGen: 7533K->907K(7680K)] 13844K->11711K(25088K), 0.0018320 secs] [Times: user=0.01 sys=0.00, real=0.00 secs] 
205.953: [Full GC [PSYoungGen: 907K->0K(7680K)] [ParOldGen: 10803K->6506K(17408K)] 11711K->6506K(25088K) [PSPermGen: 5141K->5141K(21504K)], 0.0048180 secs] [Times: user=0.02 sys=0.00, real=0.00 secs] 
205.958: Total time for which application threads were stopped: 0.0571280 seconds, Stopping threads took: 0.0503330 seconds
206.031: Application time: 0.0727330 seconds
206.075: [GC [PSYoungGen: 6462K->973K(7680K)] 12968K->8651K(25088K), 0.0007970 secs] [Times: user=0.01 sys=0.00, real=0.00 secs] 
206.076: Total time for which application threads were stopped: 0.0453790 seconds, Stopping threads took: 0.0445150 seconds
206.077: Application time: 0.0010930 seconds
206.120: [GC [PSYoungGen: 7533K->1005K(7680K)] 15211K->13176K(25088K), 0.0017440 secs] [Times: user=0.01 sys=0.00, real=0.01 secs] 
206.122: [Full GC [PSYoungGen: 1005K->0K(7680K)] [ParOldGen: 12171K->6604K(17408K)] 13176K->6604K(25088K) [PSPermGen: 5141K->5141K(21504K)], 0.0047020 secs] [Times: user=0.02 sys=0.00, real=0.00 secs] 
206.127: Total time for which application threads were stopped: 0.0498300 seconds, Stopping threads took: 0.0432520 seconds
206.200: Application time: 0.0735360 seconds
206.245: [GC [PSYoungGen: 6656K->1005K(7680K)] 13260K->8000K(25088K), 0.0008350 secs] [Times: user=0.00 sys=0.00, real=0.00 secs] 
206.246: Total time for which application threads were stopped: 0.0456520 seconds, Stopping threads took: 0.0447370 seconds
206.247: Application time: 0.0010010 seconds
206.291: [GC [PSYoungGen: 7565K->939K(7680K)] 14560K->12818K(25088K), 0.0017870 secs] [Times: user=0.01 sys=0.00, real=0.00 secs] 
206.293: [Full GC [PSYoungGen: 939K->0K(7680K)] [ParOldGen: 11878K->6897K(17408K)] 12818K->6897K(25088K) [PSPermGen: 5141K->5141K(21504K)], 0.0047100 secs] [Times: user=0.02 sys=0.00, real=0.00 secs] 
206.297: Total time for which application threads were stopped: 0.0503430 seconds, Stopping threads took: 0.0437210 seconds
206.372: Application time: 0.0743960 seconds
206.416: [GC [PSYoungGen: 6656K->939K(7680K)] 13553K->8618K(25088K), 0.0008610 secs] [Times: user=0.00 sys=0.00, real=0.00 secs] 
206.417: Total time for which application threads were stopped: 0.0446190 seconds, Stopping threads took: 0.0436860 seconds
206.421: Application time: 0.0049410 seconds
206.488: [GC [PSYoungGen: 7558K->614K(7680K)] 15237K->8293K(25088K), 0.0004040 secs] [Times: user=0.01 sys=0.00, real=0.00 secs] 
206.488: Total time for which application threads were stopped: 0.0665470 seconds, Stopping threads took: 0.0660850 seconds
206.489: Application time: 0.0007280 seconds
206.541: [GC [PSYoungGen: 7077K->1005K(7680K)] 14755K->13708K(25088K), 0.0017890 secs] [Times: user=0.01 sys=0.00, real=0.01 secs] 
206.543: [Full GC [PSYoungGen: 1005K->0K(7680K)] [ParOldGen: 12703K->7092K(17408K)] 13708K->7092K(25088K) [PSPermGen: 5141K->5141K(21504K)], 0.0048980 secs] [Times: user=0.03 sys=0.00, real=0.00 secs] 
206.548: Total time for which application threads were stopped: 0.0590110 seconds, Stopping threads took: 0.0522050 seconds
206.622: Application time: 0.0738330 seconds
206.667: [GC [PSYoungGen: 6462K->646K(7680K)] 13554K->7739K(25088K), 0.0004560 secs] [Times: user=0.00 sys=0.00, real=0.00 secs] 
206.668: Total time for which application threads were stopped: 0.0463950 seconds, Stopping threads took: 0.0458720 seconds
206.669: Application time: 0.0008160 seconds
206.725: [GC [PSYoungGen: 7265K->971K(7680K)] 14358K->13142K(25088K), 0.0017330 secs] [Times: user=0.01 sys=0.00, real=0.00 secs] 
206.727: [Full GC [PSYoungGen: 971K->0K(7680K)] [ParOldGen: 12171K->7093K(17408K)] 13142K->7093K(25088K) [PSPermGen: 5141K->5141K(21504K)], 0.0048230 secs] [Times: user=0.02 sys=0.00, real=0.01 secs] 
206.732: Total time for which application threads were stopped: 0.0630480 seconds, Stopping threads took: 0.0563710 seconds
206.805: Application time: 0.0728700 seconds
206.850: [GC [PSYoungGen: 6559K->1006K(7680K)] 13652K->9865K(25088K), 0.0010120 secs] [Times: user=0.00 sys=0.00, real=0.00 secs] 
206.851: Total time for which application threads were stopped: 0.0460870 seconds, Stopping threads took: 0.0449900 seconds
206.925: Application time: 0.0737950 seconds
206.931: [GC [PSYoungGen: 7421K->646K(7680K)] 16280K->9505K(25088K), 0.0004840 secs] [Times: user=0.00 sys=0.00, real=0.00 secs] 
206.932: Total time for which application threads were stopped: 0.0071090 seconds, Stopping threads took: 0.0065420 seconds
206.932: Application time: 0.0006000 seconds
206.933: [GC [PSYoungGen: 7137K->1008K(7680K)] 15996K->15807K(25088K), 0.0019900 secs] [Times: user=0.01 sys=0.00, real=0.00 secs] 
206.935: [Full GC [PSYoungGen: 1008K->0K(7680K)] [ParOldGen: 14798K->8167K(17408K)] 15807K->8167K(25088K) [PSPermGen: 5141K->5141K(21504K)], 0.0051120 secs] [Times: user=0.03 sys=0.00, real=0.00 secs] 
206.940: Total time for which application threads were stopped: 0.0074290 seconds, Stopping threads took: 0.0002050 seconds
207.018: Application time: 0.0778670 seconds
207.081: [GC [PSYoungGen: 6540K->646K(7680K)] 14707K->8813K(25088K), 0.0004520 secs] [Times: user=0.01 sys=0.00, real=0.01 secs] 
207.081: Total time for which application threads were stopped: 0.0637250 seconds, Stopping threads took: 0.0632060 seconds
207.082: Application time: 0.0007550 seconds
207.082: [GC [PSYoungGen: 7206K->1006K(7680K)] 15373K->15269K(25088K), 0.0018680 secs] [Times: user=0.01 sys=0.00, real=0.00 secs] 
207.084: [Full GC [PSYoungGen: 1006K->0K(7680K)] [ParOldGen: 14262K->8264K(17408K)] 15269K->8264K(25088K) [PSPermGen: 5141K->5141K(21504K)], 0.0051180 secs] [Times: user=0.02 sys=0.00, real=0.01 secs] 
207.089: Total time for which application threads were stopped: 0.0071960 seconds, Stopping threads took: 0.0000850 seconds
207.169: Application time: 0.0796700 seconds
207.232: [GC [PSYoungGen: 6364K->614K(7680K)] 14629K->8879K(25088K), 0.0004010 secs] [Times: user=0.00 sys=0.00, real=0.00 secs] 
207.232: Total time for which application threads were stopped: 0.0629670 seconds, Stopping threads took: 0.0624800 seconds
207.233: Application time: 0.0007660 seconds
207.233: [GC [PSYoungGen: 7174K->1008K(7680K)] 15439K->15286K(25088K), 0.0021220 secs] [Times: user=0.01 sys=0.00, real=0.00 secs] 
207.235: [Full GC [PSYoungGen: 1008K->0K(7680K)] [ParOldGen: 14278K->8264K(17408K)] 15286K->8264K(25088K) [PSPermGen: 5141K->5141K(21504K)], 0.0049960 secs] [Times: user=0.03 sys=0.00, real=0.00 secs] 
207.240: Total time for which application threads were stopped: 0.0073910 seconds, Stopping threads took: 0.0001440 seconds
207.319: Application time: 0.0791010 seconds
207.383: [GC [PSYoungGen: 6364K->550K(7680K)] 14629K->8815K(25088K), 0.0005570 secs] [Times: user=0.00 sys=0.00, real=0.00 secs] 
207.384: [Full GC [PSYoungGen: 550K->0K(7680K)] [ParOldGen: 8264K->1927K(17408K)] 8815K->1927K(25088K) [PSPermGen: 5141K->5141K(21504K)], 0.0037310 secs] [Times: user=0.02 sys=0.00, real=0.00 secs] 
207.388: Total time for which application threads were stopped: 0.0684520 seconds, Stopping threads took: 0.0640490 seconds
207.389: Application time: 0.0011740 seconds
207.433: [GC [PSYoungGen: 6560K->1005K(7680K)] 8487K->8019K(25088K), 0.0018710 secs] [Times: user=0.01 sys=0.00, real=0.00 secs] 
207.434: Total time for which application threads were stopped: 0.0455870 seconds, Stopping threads took: 0.0436340 seconds
207.509: Application time: 0.0742460 seconds
207.554: [GC [PSYoungGen: 7448K->550K(7680K)] 14462K->7564K(25088K), 0.0004670 secs] [Times: user=0.00 sys=0.00, real=0.00 secs] 
207.555: Total time for which application threads were stopped: 0.0458390 seconds, Stopping threads took: 0.0453020 seconds
207.555: Application time: 0.0008600 seconds
207.604: [GC [PSYoungGen: 7189K->1005K(7680K)] 14203K->13129K(25088K), 0.0020070 secs] [Times: user=0.02 sys=0.00, real=0.00 secs] 
207.606: [Full GC [PSYoungGen: 1005K->0K(7680K)] [ParOldGen: 12124K->7190K(17408K)] 13129K->7190K(25088K) [PSPermGen: 5141K->5141K(21504K)], 0.0051490 secs] [Times: user=0.01 sys=0.01, real=0.01 secs] 
207.611: Total time for which application threads were stopped: 0.0554010 seconds, Stopping threads took: 0.0481070 seconds
207.690: Application time: 0.0791860 seconds
207.739: [GC [PSYoungGen: 6462K->1005K(7680K)] 13653K->8977K(25088K), 0.0007160 secs] [Times: user=0.00 sys=0.00, real=0.00 secs] 
207.740: Total time for which application threads were stopped: 0.0500760 seconds, Stopping threads took: 0.0492930 seconds
207.741: Application time: 0.0009990 seconds
207.789: [GC [PSYoungGen: 7565K->939K(7680K)] 15537K->14185K(25088K), 0.0019640 secs] [Times: user=0.01 sys=0.00, real=0.01 secs] 
207.791: [Full GC [PSYoungGen: 939K->0K(7680K)] [ParOldGen: 13245K->7288K(17408K)] 14185K->7288K(25088K) [PSPermGen: 5141K->5141K(21504K)], 0.0050190 secs] [Times: user=0.02 sys=0.00, real=0.00 secs] 
207.796: Total time for which application threads were stopped: 0.0551150 seconds, Stopping threads took: 0.0479980 seconds
207.877: Application time: 0.0809030 seconds
207.927: [GC [PSYoungGen: 6638K->1005K(7680K)] 13926K->9270K(25088K), 0.0009850 secs] [Times: user=0.00 sys=0.00, real=0.00 secs] 
207.928: [Full GC [PSYoungGen: 1005K->0K(7680K)] [ParOldGen: 8265K->3089K(17408K)] 9270K->3089K(25088K) [PSPermGen: 5141K->5141K(21504K)], 0.0042130 secs] [Times: user=0.02 sys=0.00, real=0.01 secs] 
207.933: Total time for which application threads were stopped: 0.0555510 seconds, Stopping threads took: 0.0502130 seconds
207.938: Application time: 0.0052560 seconds
208.010: [GC [PSYoungGen: 6560K->1005K(7680K)] 9649K->4094K(25088K), 0.0004750 secs] [Times: user=0.01 sys=0.00, real=0.00 secs] 
208.011: Total time for which application threads were stopped: 0.0727880 seconds, Stopping threads took: 0.0722420 seconds
208.012: Application time: 0.0009010 seconds
208.059: [GC [PSYoungGen: 7565K->1005K(7680K)] 10654K->9571K(25088K), 0.0018310 secs] [Times: user=0.02 sys=0.00, real=0.01 secs] 
208.061: [Full GC [PSYoungGen: 1005K->0K(7680K)] [ParOldGen: 8566K->7581K(17408K)] 9571K->7581K(25088K) [PSPermGen: 5141K->5141K(21504K)], 0.0050640 secs] [Times: user=0.02 sys=0.00, real=0.00 secs] 
208.066: Total time for which application threads were stopped: 0.0548950 seconds, Stopping threads took: 0.0478640 seconds
208.171: Application time: 0.1050350 seconds
208.240: [GC [PSYoungGen: 6656K->224K(7680K)] 14237K->7805K(25088K), 0.0003830 secs] [Times: user=0.00 sys=0.00, real=0.00 secs] 
208.241: Total time for which application threads were stopped: 0.0691780 seconds, Stopping threads took: 0.0687220 seconds
208.242: Application time: 0.0008240 seconds
208.242: [GC [PSYoungGen: 6862K->939K(7680K)] 14443K->14380K(25088K), 0.0018470 secs] [Times: user=0.01 sys=0.00, real=0.00 secs] 
208.244: [Full GC [PSYoungGen: 939K->0K(7680K)] [ParOldGen: 13441K->7874K(17408K)] 14380K->7874K(25088K) [PSPermGen: 5141K->5141K(21504K)], 0.0051530 secs] [Times: user=0.03 sys=0.01, real=0.00 secs] 
208.249: Total time for which application threads were stopped: 0.0073090 seconds, Stopping threads took: 0.0001820 seconds
208.335: Application time: 0.0865160 seconds
208.403: [GC [PSYoungGen: 6637K->387K(7680K)] 14512K->8261K(25088K), 0.0003760 secs] [Times: user=0.01 sys=0.00, real=0.00 secs] 
208.403: [Full GC [PSYoungGen: 387K->0K(7680K)] [ParOldGen: 7874K->1789K(17408K)] 8261K->1789K(25088K) [PSPermGen: 5141K->5141K(21504K)], 0.0039520 secs] [Times: user=0.01 sys=0.00, real=0.00 secs] 
208.407: Total time for which application threads were stopped: 0.0716120 seconds, Stopping threads took: 0.0671730 seconds
208.408: Application time: 0.0010360 seconds
208.408: [GC [PSYoungGen: 6560K->1008K(7680K)] 8349K->8420K(25088K), 0.0020020 secs] [Times: user=0.01 sys=0.00, real=0.01 secs] 
208.410: [Full GC [PSYoungGen: 1008K->0K(7680K)] [ParOldGen: 7412K->8069K(17408K)] 8420K->8069K(25088K) [PSPermGen: 5141K->5141K(21504K)], 0.0049480 secs] [Times: user=0.02 sys=0.00, real=0.00 secs] 
208.415: Total time for which application threads were stopped: 0.0072480 seconds, Stopping threads took: 0.0001590 seconds
208.499: Application time: 0.0833630 seconds
208.568: [GC [PSYoungGen: 6559K->582K(7680K)] 14629K->8652K(25088K), 0.0004470 secs] [Times: user=0.00 sys=0.00, real=0.00 secs] 
208.569: [Full GC [PSYoungGen: 582K->0K(7680K)] [ParOldGen: 8069K->1927K(17408K)] 8652K->1927K(25088K) [PSPermGen: 5141K->5141K(21504K)], 0.0039810 secs] [Times: user=0.02 sys=0.00, real=0.01 secs] 
208.573: Total time for which application threads were stopped: 0.0741840 seconds, Stopping threads took: 0.0696360 seconds
208.574: Application time: 0.0010940 seconds
208.574: [GC [PSYoungGen: 6540K->1006K(7680K)] 8468K->8541K(25088K), 0.0019770 secs] [Times: user=0.01 sys=0.00, real=0.00 secs] 
208.576: [Full GC [PSYoungGen: 1006K->0K(7680K)] [ParOldGen: 7534K->8167K(17408K)] 8541K->8167K(25088K) [PSPermGen: 5141K->5141K(21504K)], 0.0050260 secs] [Times: user=0.02 sys=0.00, real=0.01 secs] 
208.581: Total time for which application threads were stopped: 0.0073460 seconds, Stopping threads took: 0.0002050 seconds
208.665: Application time: 0.0833620 seconds
208.735: [GC [PSYoungGen: 6462K->582K(7680K)] 14629K->8750K(25088K), 0.0005200 secs] [Times: user=0.00 sys=0.00, real=0.00 secs] 
208.735: [Full GC [PSYoungGen: 582K->0K(7680K)] [ParOldGen: 8167K->1956K(17408K)] 8750K->1956K(25088K) [PSPermGen: 5141K->5141K(21504K)], 0.0041030 secs] [Times: user=0.02 sys=0.00, real=0.00 secs] 
208.739: Total time for which application threads were stopped: 0.0746140 seconds, Stopping threads took: 0.0698750 seconds
208.741: Application time: 0.0013610 seconds
208.792: [GC [PSYoungGen: 6560K->1005K(7680K)] 8516K->8047K(25088K), 0.0017990 secs] [Times: user=0.01 sys=0.00, real=0.00 secs] 
208.793: Total time for which application threads were stopped: 0.0528810 seconds, Stopping threads took: 0.0510040 seconds
208.873: Application time: 0.0798440 seconds
208.923: [GC [PSYoungGen: 7467K->907K(7680K)] 14509K->9903K(25088K), 0.0009920 secs] [Times: user=0.01 sys=0.00, real=0.00 secs] 
208.924: [Full GC [PSYoungGen: 907K->0K(7680K)] [ParOldGen: 8995K->3968K(17408K)] 9903K->3968K(25088K) [PSPermGen: 5141K->5141K(21504K)], 0.0041300 secs] [Times: user=0.01 sys=0.01, real=0.00 secs] 
208.928: Total time for which application threads were stopped: 0.0546350 seconds, Stopping threads took: 0.0493920 seconds
209.015: Application time: 0.0866730 seconds
209.028: [GC [PSYoungGen: 6364K->582K(7680K)] 10333K->4551K(25088K), 0.0004120 secs] [Times: user=0.01 sys=0.00, real=0.00 secs] 
209.029: Total time for which application threads were stopped: 0.0138890 seconds, Stopping threads took: 0.0134050 seconds
209.033: Application time: 0.0049190 seconds
209.104: [GC [PSYoungGen: 7142K->973K(7680K)] 11111K->5723K(25088K), 0.0007090 secs] [Times: user=0.00 sys=0.00, real=0.00 secs] 
209.105: Total time for which application threads were stopped: 0.0711890 seconds, Stopping threads took: 0.0703850 seconds
209.106: Application time: 0.0010880 seconds
209.183: [GC [PSYoungGen: 7611K->1005K(7680K)] 12361K->9856K(25088K), 0.0017400 secs] [Times: user=0.01 sys=0.00, real=0.00 secs] 
209.185: [Full GC [PSYoungGen: 1005K->0K(7680K)] [ParOldGen: 8851K->6214K(17408K)] 9856K->6214K(25088K) [PSPermGen: 5141K->5141K(21504K)], 0.0047570 secs] [Times: user=0.01 sys=0.01, real=0.01 secs] 
209.189: Total time for which application threads were stopped: 0.0836200 seconds, Stopping threads took: 0.0769660 seconds
209.276: Application time: 0.0864700 seconds
209.323: [GC [PSYoungGen: 6345K->939K(7680K)] 12560K->7935K(25088K), 0.0007210 secs] [Times: user=0.01 sys=0.00, real=0.00 secs] 
209.324: Total time for which application threads were stopped: 0.0483260 seconds, Stopping threads took: 0.0475320 seconds
209.325: Application time: 0.0011330 seconds
209.383: [GC [PSYoungGen: 7595K->939K(7680K)] 14591K->12135K(25088K), 0.0017790 secs] [Times: user=0.01 sys=0.00, real=0.00 secs] 
209.385: [Full GC [PSYoungGen: 939K->0K(7680K)] [ParOldGen: 11195K->6214K(17408K)] 12135K->6214K(25088K) [PSPermGen: 5141K->5141K(21504K)], 0.0050330 secs] [Times: user=0.02 sys=0.00, real=0.01 secs] 
209.390: Total time for which application threads were stopped: 0.0651030 seconds, Stopping threads took: 0.0581450 seconds
209.479: Application time: 0.0881710 seconds
209.538: [GC [PSYoungGen: 6345K->614K(7680K)] 12559K->6829K(25088K), 0.0004020 secs] [Times: user=0.00 sys=0.00, real=0.00 secs] 
209.538: Total time for which application threads were stopped: 0.0595870 seconds, Stopping threads took: 0.0591140 seconds
209.539: Application time: 0.0009840 seconds
209.592: [GC [PSYoungGen: 7270K->1005K(7680K)] 13485K->12428K(25088K), 0.0019150 secs] [Times: user=0.02 sys=0.00, real=0.00 secs] 
209.594: [Full GC [PSYoungGen: 1005K->0K(7680K)] [ParOldGen: 11422K->7289K(17408K)] 12428K->7289K(25088K) [PSPermGen: 5141K->5141K(21504K)], 0.0076110 secs] [Times: user=0.03 sys=0.00, real=0.01 secs] 
209.601: Total time for which application threads were stopped: 0.0623580 seconds, Stopping threads took: 0.0527110 seconds
209.683: Application time: 0.0814280 seconds
209.732: [GC [PSYoungGen: 6656K->941K(7680K)] 13945K->8230K(25088K), 0.0007110 secs] [Times: user=0.00 sys=0.00, real=0.00 secs] 
209.733: Total time for which application threads were stopped: 0.0499300 seconds, Stopping threads took: 0.0491340 seconds
209.734: Application time: 0.0011930 seconds
209.810: [GC [PSYoungGen: 7482K->1005K(7680K)] 14771K->8294K(25088K), 0.0004960 secs] [Times: user=0.01 sys=0.00, real=0.00 secs] 
209.810: Total time for which application threads were stopped: 0.0763380 seconds, Stopping threads took: 0.0757770 seconds
209.811: Application time: 0.0008670 seconds
209.853: [GC [PSYoungGen: 7643K->1021K(7680K)] 14932K->13803K(25088K), 0.0019300 secs] [Times: user=0.01 sys=0.00, real=0.00 secs] 
209.855: [Full GC [PSYoungGen: 1021K->0K(7680K)] [ParOldGen: 12782K->7582K(17408K)] 13803K->7582K(25088K) [PSPermGen: 5141K->5141K(21504K)], 0.0052830 secs] [Times: user=0.02 sys=0.00, real=0.00 secs] 
209.860: Total time for which application threads were stopped: 0.0490160 seconds, Stopping threads took: 0.0416730 seconds
209.960: Application time: 0.0996450 seconds
210.024: [GC [PSYoungGen: 6656K->192K(7680K)] 14238K->7774K(25088K), 0.0004160 secs] [Times: user=0.00 sys=0.00, real=0.00 secs] 
210.025: Total time for which application threads were stopped: 0.0648670 seconds, Stopping threads took: 0.0643660 seconds
210.026: Application time: 0.0009080 seconds
210.026: [GC [PSYoungGen: 6752K->1006K(7680K)] 14334K->14285K(25088K), 0.0018260 secs] [Times: user=0.01 sys=0.00, real=0.00 secs] 
210.028: [Full GC [PSYoungGen: 1006K->0K(7680K)] [ParOldGen: 13278K->7874K(17408K)] 14285K->7874K(25088K) [PSPermGen: 5141K->5141K(21504K)], 0.0055420 secs] [Times: user=0.02 sys=0.00, real=0.01 secs] 
210.033: Total time for which application threads were stopped: 0.0076570 seconds, Stopping threads took: 0.0001640 seconds
210.118: Application time: 0.0848350 seconds
210.186: [GC [PSYoungGen: 6637K->419K(7680K)] 14512K->8294K(25088K), 0.0004050 secs] [Times: user=0.00 sys=0.00, real=0.00 secs] 
210.187: Total time for which application threads were stopped: 0.0685750 seconds, Stopping threads took: 0.0681020 seconds
210.188: Application time: 0.0008160 seconds
210.188: [GC [PSYoungGen: 7057K->1005K(7680K)] 14932K->14893K(25088K), 0.0019360 secs] [Times: user=0.01 sys=0.00, real=0.01 secs] 
210.190: [Full GC [PSYoungGen: 1005K->0K(7680K)] [ParOldGen: 13888K->8070K(17408K)] 14893K->8070K(25088K) [PSPermGen: 5141K->5141K(21504K)], 0.0054860 secs] [Times: user=0.03 sys=0.00, real=0.00 secs] 
210.195: Total time for which application threads were stopped: 0.0077270 seconds, Stopping threads took: 0.0001800 seconds
210.281: Application time: 0.0857780 seconds
210.349: [GC [PSYoungGen: 6559K->646K(7680K)] 14630K->8717K(25088K), 0.0004840 secs] [Times: user=0.00 sys=0.00, real=0.01 secs] 
210.349: [Full GC [PSYoungGen: 646K->0K(7680K)] [ParOldGen: 8070K->1984K(17408K)] 8717K->1984K(25088K) [PSPermGen: 5141K->5141K(21504K)], 0.0041440 secs] [Times: user=0.01 sys=0.00, real=0.00 secs] 
210.353: Total time for which application threads were stopped: 0.0722860 seconds, Stopping threads took: 0.0675340 seconds
210.355: Application time: 0.0011950 seconds
210.401: [GC [PSYoungGen: 6638K->1005K(7680K)] 8622K->7880K(25088K), 0.0017540 secs] [Times: user=0.01 sys=0.00, real=0.00 secs] 
210.403: Total time for which application threads were stopped: 0.0485480 seconds, Stopping threads took: 0.0467190 seconds
210.484: Application time: 0.0807390 seconds
210.533: [GC [PSYoungGen: 7369K->646K(7680K)] 14245K->7522K(25088K), 0.0004840 secs] [Times: user=0.00 sys=0.00, real=0.00 secs] 
210.534: Total time for which application threads were stopped: 0.0497940 seconds, Stopping threads took: 0.0492310 seconds
210.535: Application time: 0.0008910 seconds
210.582: [GC [PSYoungGen: 7109K->939K(7680K)] 13984K->12893K(25088K), 0.0017960 secs] [Times: user=0.01 sys=0.00, real=0.00 secs] 
210.584: [Full GC [PSYoungGen: 939K->0K(7680K)] [ParOldGen: 11954K->7093K(17408K)] 12893K->7093K(25088K) [PSPermGen: 5141K->5141K(21504K)], 0.0050870 secs] [Times: user=0.02 sys=0.00, real=0.01 secs] 
210.589: Total time for which application threads were stopped: 0.0546380 seconds, Stopping threads took: 0.0476320 seconds
210.669: Application time: 0.0794560 seconds
210.719: [GC [PSYoungGen: 6462K->875K(7680K)] 13556K->8750K(25088K), 0.0007340 secs] [Times: user=0.01 sys=0.00, real=0.00 secs] 
210.720: Total time for which application threads were stopped: 0.0514700 seconds, Stopping threads took: 0.0506680 seconds
210.721: Application time: 0.0013450 seconds
210.799: [GC [PSYoungGen: 7338K->550K(7680K)] 15213K->8425K(25088K), 0.0004870 secs] [Times: user=0.00 sys=0.00, real=0.00 secs] 
210.799: Total time for which application threads were stopped: 0.0776410 seconds, Stopping threads took: 0.0770640 seconds
210.800: Application time: 0.0007910 seconds
210.857: [GC [PSYoungGen: 7013K->1005K(7680K)] 14888K->13869K(25088K), 0.0018010 secs] [Times: user=0.01 sys=0.00, real=0.00 secs] 
210.858: [Full GC [PSYoungGen: 1005K->0K(7680K)] [ParOldGen: 12863K->7093K(17408K)] 13869K->7093K(25088K) [PSPermGen: 5141K->5141K(21504K)], 0.0053260 secs] [Times: user=0.02 sys=0.00, real=0.01 secs] 
210.864: Total time for which application threads were stopped: 0.0639250 seconds, Stopping threads took: 0.0566670 seconds
210.958: Application time: 0.0944940 seconds
211.021: [GC [PSYoungGen: 6462K->582K(7680K)] 13556K->7676K(25088K), 0.0003930 secs] [Times: user=0.00 sys=0.00, real=0.01 secs] 
211.021: Total time for which application threads were stopped: 0.0628370 seconds, Stopping threads took: 0.0623820 seconds
211.025: Application time: 0.0042030 seconds
211.098: [GC [PSYoungGen: 7045K->582K(7680K)] 14139K->7676K(25088K), 0.0004120 secs] [Times: user=0.00 sys=0.00, real=0.00 secs] 
211.099: Total time for which application threads were stopped: 0.0733710 seconds, Stopping threads took: 0.0728990 seconds
211.099: Application time: 0.0005840 seconds
211.100: [GC [PSYoungGen: 7025K->1006K(7680K)] 14119K->14000K(25088K), 0.0018810 secs] [Times: user=0.01 sys=0.00, real=0.01 secs] 
211.102: [Full GC [PSYoungGen: 1006K->0K(7680K)] [ParOldGen: 12993K->8070K(17408K)] 14000K->8070K(25088K) [PSPermGen: 5141K->5141K(21504K)], 0.0055690 secs] [Times: user=0.02 sys=0.00, real=0.00 secs] 
211.107: Total time for which application threads were stopped: 0.0078130 seconds, Stopping threads took: 0.0002420 seconds
211.190: Application time: 0.0829070 seconds
211.260: [GC [PSYoungGen: 6559K->582K(7680K)] 14630K->8653K(25088K), 0.0004040 secs] [Times: user=0.00 sys=0.00, real=0.00 secs] 
211.260: [Full GC [PSYoungGen: 582K->0K(7680K)] [ParOldGen: 8070K->1956K(17408K)] 8653K->1956K(25088K) [PSPermGen: 5141K->5141K(21504K)], 0.0040610 secs] [Times: user=0.02 sys=0.00, real=0.01 secs] 
211.264: Total time for which application threads were stopped: 0.0743340 seconds, Stopping threads took: 0.0697520 seconds
211.265: Application time: 0.0010850 seconds
211.266: [GC [PSYoungGen: 6540K->1006K(7680K)] 8496K->8585K(25088K), 0.0019760 secs] [Times: user=0.01 sys=0.00, real=0.00 secs] 
211.268: [Full GC [PSYoungGen: 1006K->0K(7680K)] [ParOldGen: 7578K->8168K(17408K)] 8585K->8168K(25088K) [PSPermGen: 5141K->5141K(21504K)], 0.0049660 secs] [Times: user=0.02 sys=0.00, real=0.01 secs] 
211.273: Total time for which application threads were stopped: 0.0072810 seconds, Stopping threads took: 0.0002060 seconds
211.355: Application time: 0.0818100 seconds
211.417: [GC [PSYoungGen: 6462K->582K(7680K)] 14630K->8750K(25088K), 0.0005510 secs] [Times: user=0.00 sys=0.00, real=0.00 secs] 
211.418: [Full GC [PSYoungGen: 582K->0K(7680K)] [ParOldGen: 8168K->1956K(17408K)] 8750K->1956K(25088K) [PSPermGen: 5141K->5141K(21504K)], 0.0042060 secs] [Times: user=0.01 sys=0.00, real=0.01 secs] 
211.422: Total time for which application threads were stopped: 0.0673390 seconds, Stopping threads took: 0.0624530 seconds
211.423: Application time: 0.0012480 seconds
211.471: [GC [PSYoungGen: 6560K->1005K(7680K)] 8516K->8047K(25088K), 0.0018160 secs] [Times: user=0.01 sys=0.00, real=0.00 secs] 
211.473: Total time for which application threads were stopped: 0.0501010 seconds, Stopping threads took: 0.0482110 seconds
211.550: Application time: 0.0769130 seconds
211.595: [GC [PSYoungGen: 7448K->646K(7680K)] 14490K->7689K(25088K), 0.0004830 secs] [Times: user=0.00 sys=0.00, real=0.00 secs] 
211.596: Total time for which application threads were stopped: 0.0454710 seconds, Stopping threads took: 0.0449230 seconds
211.597: Application time: 0.0008500 seconds
211.647: [GC [PSYoungGen: 7187K->1006K(7680K)] 14229K->13016K(25088K), 0.0019190 secs] [Times: user=0.01 sys=0.01, real=0.01 secs] 
211.649: [Full GC [PSYoungGen: 1006K->0K(7680K)] [ParOldGen: 12009K->7094K(17408K)] 13016K->7094K(25088K) [PSPermGen: 5141K->5141K(21504K)], 0.0048530 secs] [Times: user=0.02 sys=0.00, real=0.00 secs] 
211.654: Total time for which application threads were stopped: 0.0578310 seconds, Stopping threads took: 0.0509420 seconds
211.731: Application time: 0.0762110 seconds
211.775: [GC [PSYoungGen: 6462K->614K(7680K)] 13556K->7708K(25088K), 0.0003900 secs] [Times: user=0.00 sys=0.00, real=0.00 secs] 
211.776: Total time for which application threads were stopped: 0.0457220 seconds, Stopping threads took: 0.0441790 seconds
211.777: Application time: 0.0008700 seconds
211.820: [GC [PSYoungGen: 7233K->1006K(7680K)] 14327K->13068K(25088K), 0.0018080 secs] [Times: user=0.01 sys=0.00, real=0.01 secs] 
211.822: [Full GC [PSYoungGen: 1006K->0K(7680K)] [ParOldGen: 12061K->7094K(17408K)] 13068K->7094K(25088K) [PSPermGen: 5141K->5141K(21504K)], 0.0047730 secs] [Times: user=0.02 sys=0.00, real=0.00 secs] 
211.827: Total time for which application threads were stopped: 0.0500070 seconds, Stopping threads took: 0.0432970 seconds
211.903: Application time: 0.0753640 seconds
211.947: [GC [PSYoungGen: 6462K->582K(7680K)] 13556K->7676K(25088K), 0.0004560 secs] [Times: user=0.00 sys=0.00, real=0.00 secs] 
211.947: Total time for which application threads were stopped: 0.0444880 seconds, Stopping threads took: 0.0439580 seconds
211.948: Application time: 0.0007490 seconds
211.948: [GC [PSYoungGen: 7045K->1006K(7680K)] 14139K->14090K(25088K), 0.0020630 secs] [Times: user=0.01 sys=0.00, real=0.01 secs] 
211.950: [Full GC [PSYoungGen: 1006K->0K(7680K)] [ParOldGen: 13083K->8168K(17408K)] 14090K->8168K(25088K) [PSPermGen: 5141K->5141K(21504K)], 0.0048640 secs] [Times: user=0.03 sys=0.00, real=0.00 secs] 
211.955: Total time for which application threads were stopped: 0.0072290 seconds, Stopping threads took: 0.0001730 seconds
212.052: Application time: 0.0969090 seconds
212.107: [GC [PSYoungGen: 6462K->550K(7680K)] 14630K->8719K(25088K), 0.0003830 secs] [Times: user=0.00 sys=0.00, real=0.00 secs] 
212.108: [Full GC [PSYoungGen: 550K->0K(7680K)] [ParOldGen: 8168K->1927K(17408K)] 8719K->1927K(25088K) [PSPermGen: 5141K->5141K(21504K)], 0.0038650 secs] [Times: user=0.02 sys=0.00, real=0.01 secs] 
212.112: Total time for which application threads were stopped: 0.0598790 seconds, Stopping threads took: 0.0555270 seconds
212.113: Application time: 0.0012000 seconds
212.163: [GC [PSYoungGen: 6540K->939K(7680K)] 8468K->7945K(25088K), 0.0017270 secs] [Times: user=0.01 sys=0.00, real=0.00 secs] 
212.165: Total time for which application threads were stopped: 0.0521410 seconds, Stopping threads took: 0.0503360 seconds
212.242: Application time: 0.0773550 seconds
212.286: [GC [PSYoungGen: 7401K->646K(7680K)] 14407K->7652K(25088K), 0.0004800 secs] [Times: user=0.00 sys=0.00, real=0.00 secs] 
212.286: Total time for which application threads were stopped: 0.0439620 seconds, Stopping threads took: 0.0434170 seconds
212.287: Application time: 0.0008140 seconds
212.287: [GC [PSYoungGen: 7109K->1005K(7680K)] 14115K->14074K(25088K), 0.0019330 secs] [Times: user=0.01 sys=0.01, real=0.01 secs] 
212.289: [Full GC [PSYoungGen: 1005K->0K(7680K)] [ParOldGen: 13069K->8168K(17408K)] 14074K->8168K(25088K) [PSPermGen: 5141K->5141K(21504K)], 0.0050790 secs] [Times: user=0.02 sys=0.00, real=0.00 secs] 
212.295: Total time for which application threads were stopped: 0.0072370 seconds, Stopping threads took: 0.0001080 seconds
212.374: Application time: 0.0794320 seconds
212.435: [GC [PSYoungGen: 6540K->646K(7680K)] 14708K->8815K(25088K), 0.0006780 secs] [Times: user=0.01 sys=0.00, real=0.00 secs] 
212.436: [Full GC [PSYoungGen: 646K->0K(7680K)] [ParOldGen: 8168K->1984K(17408K)] 8815K->1984K(25088K) [PSPermGen: 5141K->5141K(21504K)], 0.0040320 secs] [Times: user=0.01 sys=0.00, real=0.00 secs] 
212.440: Total time for which application threads were stopped: 0.0661830 seconds, Stopping threads took: 0.0613530 seconds
212.441: Application time: 0.0012600 seconds
212.442: [GC [PSYoungGen: 6560K->1005K(7680K)] 8544K->8759K(25088K), 0.0018810 secs] [Times: user=0.01 sys=0.00, real=0.00 secs] 
212.443: [Full GC [PSYoungGen: 1005K->0K(7680K)] [ParOldGen: 7754K->8266K(17408K)] 8759K->8266K(25088K) [PSPermGen: 5141K->5141K(21504K)], 0.0048500 secs] [Times: user=0.02 sys=0.00, real=0.00 secs] 
212.448: Total time for which application threads were stopped: 0.0069540 seconds, Stopping threads took: 0.0000950 seconds
212.528: Application time: 0.0791990 seconds
212.589: [GC [PSYoungGen: 6364K->614K(7680K)] 14630K->8880K(25088K), 0.0004430 secs] [Times: user=0.00 sys=0.00, real=0.00 secs] 
212.589: [Full GC [PSYoungGen: 614K->0K(7680K)] [ParOldGen: 8266K->1927K(17408K)] 8880K->1927K(25088K) [PSPermGen: 5141K->5141K(21504K)], 0.0036020 secs] [Times: user=0.01 sys=0.00, real=0.01 secs] 
212.593: Total time for which application threads were stopped: 0.0650830 seconds, Stopping threads took: 0.0609180 seconds
212.594: Application time: 0.0010700 seconds
212.646: [GC [PSYoungGen: 6540K->1008K(7680K)] 8468K->7801K(25088K), 0.0019470 secs] [Times: user=0.01 sys=0.00, real=0.00 secs] 
212.648: Total time for which application threads were stopped: 0.0538850 seconds, Stopping threads took: 0.0518560 seconds
212.721: Application time: 0.0737980 seconds
212.767: [GC [PSYoungGen: 7470K->843K(7680K)] 14263K->8418K(25088K), 0.0007790 secs] [Times: user=0.00 sys=0.00, real=0.00 secs] 
212.768: [Full GC [PSYoungGen: 843K->0K(7680K)] [ParOldGen: 7574K->2798K(17408K)] 8418K->2798K(25088K) [PSPermGen: 5141K->5141K(21504K)], 0.0040080 secs] [Times: user=0.02 sys=0.00, real=0.01 secs] 
212.772: Total time for which application threads were stopped: 0.0506500 seconds, Stopping threads took: 0.0457280 seconds
212.774: Application time: 0.0014630 seconds
212.842: [GC [PSYoungGen: 6656K->1005K(7680K)] 9454K->7905K(25088K), 0.0016070 secs] [Times: user=0.01 sys=0.00, real=0.00 secs] 
212.844: Total time for which application threads were stopped: 0.0702400 seconds, Stopping threads took: 0.0685590 seconds
212.917: Application time: 0.0731170 seconds
212.962: [GC [PSYoungGen: 7661K->973K(7680K)] 14561K->7873K(25088K), 0.0004980 secs] [Times: user=0.00 sys=0.00, real=0.00 secs] 
212.963: Total time for which application threads were stopped: 0.0456480 seconds, Stopping threads took: 0.0450820 seconds
212.964: Application time: 0.0009750 seconds
213.007: [GC [PSYoungGen: 7533K->1005K(7680K)] 14433K->13382K(25088K), 0.0018540 secs] [Times: user=0.02 sys=0.01, real=0.00 secs] 
213.009: [Full GC [PSYoungGen: 1005K->0K(7680K)] [ParOldGen: 12376K->7582K(17408K)] 13382K->7582K(25088K) [PSPermGen: 5141K->5141K(21504K)], 0.0048960 secs] [Times: user=0.02 sys=0.00, real=0.01 secs] 
213.014: Total time for which application threads were stopped: 0.0503040 seconds, Stopping threads took: 0.0434290 seconds
213.107: Application time: 0.0928620 seconds
213.169: [GC [PSYoungGen: 6638K->841K(7680K)] 14221K->8815K(25088K), 0.0005700 secs] [Times: user=0.01 sys=0.00, real=0.00 secs] 
213.170: [Full GC [PSYoungGen: 841K->0K(7680K)] [ParOldGen: 7973K->2541K(17408K)] 8815K->2541K(25088K) [PSPermGen: 5141K->5141K(21504K)], 0.0036710 secs] [Times: user=0.01 sys=0.00, real=0.00 secs] 
213.174: Total time for which application threads were stopped: 0.0669720 seconds, Stopping threads took: 0.0626110 seconds
213.175: Application time: 0.0012180 seconds
213.222: [GC [PSYoungGen: 6462K->1005K(7680K)] 9004K->9121K(25088K), 0.0020160 secs] [Times: user=0.01 sys=0.00, real=0.00 secs] 
213.224: [Full GC [PSYoungGen: 1005K->0K(7680K)] [ParOldGen: 8116K->7680K(17408K)] 9121K->7680K(25088K) [PSPermGen: 5141K->5141K(21504K)], 0.0047990 secs] [Times: user=0.02 sys=0.00, real=0.00 secs] 
213.228: Total time for which application threads were stopped: 0.0535690 seconds, Stopping threads took: 0.0466160 seconds
213.324: Application time: 0.0958510 seconds
213.373: [GC [PSYoungGen: 6540K->809K(7680K)] 14221K->8881K(25088K), 0.0005630 secs] [Times: user=0.00 sys=0.00, real=0.00 secs] 
213.374: [Full GC [PSYoungGen: 809K->0K(7680K)] [ParOldGen: 8071K->2541K(17408K)] 8881K->2541K(25088K) [PSPermGen: 5141K->5141K(21504K)], 0.0039960 secs] [Times: user=0.01 sys=0.00, real=0.00 secs] 
213.378: Total time for which application threads were stopped: 0.0535810 seconds, Stopping threads took: 0.0489140 seconds
213.379: Application time: 0.0013680 seconds
213.424: [GC [PSYoungGen: 6560K->907K(7680K)] 9101K->8137K(25088K), 0.0016840 secs] [Times: user=0.01 sys=0.00, real=0.00 secs] 
213.426: Total time for which application threads were stopped: 0.0465980 seconds, Stopping threads took: 0.0448370 seconds
213.502: Application time: 0.0763870 seconds
213.546: [GC [PSYoungGen: 7448K->224K(7680K)] 14677K->7453K(25088K), 0.0003760 secs] [Times: user=0.00 sys=0.00, real=0.00 secs] 
213.546: Total time for which application threads were stopped: 0.0441540 seconds, Stopping threads took: 0.0437150 seconds
213.547: Application time: 0.0008310 seconds
213.547: [GC [PSYoungGen: 6764K->1008K(7680K)] 13994K->13815K(25088K), 0.0019330 secs] [Times: user=0.01 sys=0.00, real=0.01 secs] 
213.549: [Full GC [PSYoungGen: 1008K->0K(7680K)] [ParOldGen: 12806K->7778K(17408K)] 13815K->7778K(25088K) [PSPermGen: 5141K->5141K(21504K)], 0.0050990 secs] [Times: user=0.03 sys=0.00, real=0.00 secs] 
213.555: Total time for which application threads were stopped: 0.0072970 seconds, Stopping threads took: 0.0001350 seconds
213.636: Application time: 0.0812910 seconds
213.695: [GC [PSYoungGen: 6656K->387K(7680K)] 14434K->8165K(25088K), 0.0005420 secs] [Times: user=0.00 sys=0.00, real=0.00 secs] 
213.695: [Full GC [PSYoungGen: 387K->0K(7680K)] [ParOldGen: 7778K->1789K(17408K)] 8165K->1789K(25088K) [PSPermGen: 5141K->5141K(21504K)], 0.0037280 secs] [Times: user=0.01 sys=0.00, real=0.00 secs] 
213.699: Total time for which application threads were stopped: 0.0634050 seconds, Stopping threads took: 0.0590140 seconds
213.700: Application time: 0.0009850 seconds
213.700: [GC [PSYoungGen: 6345K->1006K(7680K)] 8134K->8199K(25088K), 0.0018860 secs] [Times: user=0.02 sys=0.00, real=0.01 secs] 
213.702: Total time for which application threads were stopped: 0.0021060 seconds, Stopping threads took: 0.0001400 seconds
213.780: Application time: 0.0776140 seconds
213.843: [GC [PSYoungGen: 7469K->256K(7680K)] 14661K->7448K(25088K), 0.0004000 secs] [Times: user=0.00 sys=0.00, real=0.00 secs] 
213.843: Total time for which application threads were stopped: 0.0629870 seconds, Stopping threads took: 0.0625210 seconds
213.844: Application time: 0.0008240 seconds
213.844: [GC [PSYoungGen: 6816K->1005K(7680K)] 14008K->13967K(25088K), 0.0016800 secs] [Times: user=0.01 sys=0.00, real=0.00 secs] 
213.846: [Full GC [PSYoungGen: 1005K->0K(7680K)] [ParOldGen: 12962K->7876K(17408K)] 13967K->7876K(25088K) [PSPermGen: 5141K->5141K(21504K)], 0.0052050 secs] [Times: user=0.02 sys=0.00, real=0.01 secs] 
213.851: Total time for which application threads were stopped: 0.0070780 seconds, Stopping threads took: 0.0000730 seconds
213.935: Application time: 0.0845640 seconds
214.001: [GC [PSYoungGen: 6637K->387K(7680K)] 14514K->8263K(25088K), 0.0004090 secs] [Times: user=0.00 sys=0.00, real=0.00 secs] 
214.002: [Full GC [PSYoungGen: 387K->0K(7680K)] [ParOldGen: 7876K->1789K(17408K)] 8263K->1789K(25088K) [PSPermGen: 5141K->5141K(21504K)], 0.0036300 secs] [Times: user=0.02 sys=0.00, real=0.00 secs] 
214.005: Total time for which application threads were stopped: 0.0700010 seconds, Stopping threads took: 0.0658530 seconds
214.007: Application time: 0.0011510 seconds
214.051: [GC [PSYoungGen: 6560K->1005K(7680K)] 8349K->7685K(25088K), 0.0017770 secs] [Times: user=0.01 sys=0.00, real=0.00 secs] 
214.053: Total time for which application threads were stopped: 0.0464000 seconds, Stopping threads took: 0.0445460 seconds
214.127: Application time: 0.0744420 seconds
214.185: [GC [PSYoungGen: 7565K->614K(7680K)] 14245K->7294K(25088K), 0.0004510 secs] [Times: user=0.00 sys=0.00, real=0.00 secs] 
214.185: Total time for which application threads were stopped: 0.0577450 seconds, Stopping threads took: 0.0572240 seconds
214.186: Application time: 0.0007870 seconds
214.186: [GC [PSYoungGen: 7077K->1008K(7680K)] 13757K->13604K(25088K), 0.0017730 secs] [Times: user=0.01 sys=0.00, real=0.00 secs] 
214.188: [Full GC [PSYoungGen: 1008K->0K(7680K)] [ParOldGen: 12596K->8169K(17408K)] 13604K->8169K(25088K) [PSPermGen: 5141K->5141K(21504K)], 0.0051770 secs] [Times: user=0.02 sys=0.00, real=0.01 secs] 
214.193: Total time for which application threads were stopped: 0.0071380 seconds, Stopping threads took: 0.0000860 seconds
214.274: Application time: 0.0811050 seconds
214.340: [GC [PSYoungGen: 6462K->550K(7680K)] 14631K->8719K(25088K), 0.0004410 secs] [Times: user=0.01 sys=0.00, real=0.00 secs] 
214.341: [Full GC [PSYoungGen: 550K->0K(7680K)] [ParOldGen: 8169K->1927K(17408K)] 8719K->1927K(25088K) [PSPermGen: 5141K->5141K(21504K)], 0.0037440 secs] [Times: user=0.01 sys=0.00, real=0.01 secs] 
214.345: Total time for which application threads were stopped: 0.0705070 seconds, Stopping threads took: 0.0662030 seconds
214.346: Application time: 0.0013210 seconds
214.390: [GC [PSYoungGen: 6560K->1005K(7680K)] 8487K->8019K(25088K), 0.0017890 secs] [Times: user=0.01 sys=0.00, real=0.00 secs] 
214.392: Total time for which application threads were stopped: 0.0454820 seconds, Stopping threads took: 0.0436180 seconds
214.466: Application time: 0.0742780 seconds
214.510: [GC [PSYoungGen: 7447K->646K(7680K)] 14462K->7660K(25088K), 0.0003980 secs] [Times: user=0.00 sys=0.00, real=0.00 secs] 
214.511: Total time for which application threads were stopped: 0.0450000 seconds, Stopping threads took: 0.0445360 seconds
214.512: Application time: 0.0008860 seconds
214.550: [GC [PSYoungGen: 7109K->939K(7680K)] 14123K->13032K(25088K), 0.0016650 secs] [Times: user=0.01 sys=0.00, real=0.00 secs] 
214.552: [Full GC [PSYoungGen: 939K->0K(7680K)] [ParOldGen: 12092K->7095K(17408K)] 13032K->7095K(25088K) [PSPermGen: 5141K->5141K(21504K)], 0.0050050 secs] [Times: user=0.02 sys=0.01, real=0.00 secs] 
214.557: Total time for which application threads were stopped: 0.0451540 seconds, Stopping threads took: 0.0383630 seconds
214.630: Application time: 0.0727000 seconds
214.677: [GC [PSYoungGen: 6325K->1005K(7680K)] 13420K->8498K(25088K), 0.0006060 secs] [Times: user=0.00 sys=0.00, real=0.00 secs] 
214.677: Total time for which application threads were stopped: 0.0477270 seconds, Stopping threads took: 0.0470480 seconds
214.678: Application time: 0.0010520 seconds
214.722: [GC [PSYoungGen: 7565K->1005K(7680K)] 15059K->13316K(25088K), 0.0018390 secs] [Times: user=0.01 sys=0.00, real=0.00 secs] 
214.724: [Full GC [PSYoungGen: 1005K->0K(7680K)] [ParOldGen: 12311K->6900K(17408K)] 13316K->6900K(25088K) [PSPermGen: 5141K->5141K(21504K)], 0.0047230 secs] [Times: user=0.02 sys=0.00, real=0.00 secs] 
214.729: Total time for which application threads were stopped: 0.0504500 seconds, Stopping threads took: 0.0437600 seconds
214.818: Application time: 0.0892630 seconds
214.879: [GC [PSYoungGen: 6656K->614K(7680K)] 13556K->7514K(25088K), 0.0004340 secs] [Times: user=0.00 sys=0.00, real=0.00 secs] 
214.880: Total time for which application threads were stopped: 0.0614710 seconds, Stopping threads took: 0.0609580 seconds
214.880: Application time: 0.0008970 seconds
214.932: [GC [PSYoungGen: 7270K->1005K(7680K)] 14170K->12007K(25088K), 0.0017330 secs] [Times: user=0.01 sys=0.00, real=0.00 secs] 
214.934: [Full GC [PSYoungGen: 1005K->0K(7680K)] [ParOldGen: 11001K->6216K(17408K)] 12007K->6216K(25088K) [PSPermGen: 5141K->5141K(21504K)], 0.0045550 secs] [Times: user=0.02 sys=0.00, real=0.00 secs] 
214.939: Total time for which application threads were stopped: 0.0582050 seconds, Stopping threads took: 0.0517690 seconds
215.024: Application time: 0.0852960 seconds
215.078: [GC [PSYoungGen: 6656K->1005K(7680K)] 12872K->7221K(25088K), 0.0005320 secs] [Times: user=0.01 sys=0.00, real=0.00 secs] 
215.079: Total time for which application threads were stopped: 0.0550720 seconds, Stopping threads took: 0.0544750 seconds
215.080: Application time: 0.0009650 seconds
215.124: [GC [PSYoungGen: 7565K->1005K(7680K)] 13781K->12698K(25088K), 0.0019910 secs] [Times: user=0.01 sys=0.00, real=0.00 secs] 
215.126: [Full GC [PSYoungGen: 1005K->0K(7680K)] [ParOldGen: 11693K->7583K(17408K)] 12698K->7583K(25088K) [PSPermGen: 5141K->5141K(21504K)], 0.0049120 secs] [Times: user=0.02 sys=0.00, real=0.01 secs] 
215.131: Total time for which application threads were stopped: 0.0506500 seconds, Stopping threads took: 0.0436170 seconds
215.210: Application time: 0.0792680 seconds
215.264: [GC [PSYoungGen: 6638K->1005K(7680K)] 14221K->8784K(25088K), 0.0009690 secs] [Times: user=0.00 sys=0.00, real=0.00 secs] 
215.265: Total time for which application threads were stopped: 0.0551810 seconds, Stopping threads took: 0.0541420 seconds
215.266: Application time: 0.0009540 seconds
215.309: [GC [PSYoungGen: 7643K->1006K(7680K)] 15422K->14436K(25088K), 0.0020720 secs] [Times: user=0.01 sys=0.01, real=0.00 secs] 
215.311: [Full GC [PSYoungGen: 1006K->0K(7680K)] [ParOldGen: 13429K->7779K(17408K)] 14436K->7779K(25088K) [PSPermGen: 5141K->5141K(21504K)], 0.0050130 secs] [Times: user=0.02 sys=0.00, real=0.00 secs] 
215.316: Total time for which application threads were stopped: 0.0504490 seconds, Stopping threads took: 0.0432280 seconds
215.394: Application time: 0.0780090 seconds
215.456: [GC [PSYoungGen: 6540K->224K(7680K)] 14319K->8003K(25088K), 0.0003370 secs] [Times: user=0.00 sys=0.00, real=0.00 secs] 
215.457: [Full GC [PSYoungGen: 224K->0K(7680K)] [ParOldGen: 7779K->1333K(17408K)] 8003K->1333K(25088K) [PSPermGen: 5141K->5141K(21504K)], 0.0037750 secs] [Times: user=0.02 sys=0.00, real=0.00 secs] 
215.461: Total time for which application threads were stopped: 0.0661410 seconds, Stopping threads took: 0.0619110 seconds
215.462: Application time: 0.0012170 seconds
215.462: [GC [PSYoungGen: 6560K->1006K(7680K)] 7894K->8037K(25088K), 0.0019980 secs] [Times: user=0.01 sys=0.00, real=0.00 secs] 
215.464: Total time for which application threads were stopped: 0.0022090 seconds, Stopping threads took: 0.0001340 seconds
215.543: Application time: 0.0791820 seconds
215.587: [GC [PSYoungGen: 7662K->973K(7680K)] 14693K->8589K(25088K), 0.0007460 secs] [Times: user=0.00 sys=0.00, real=0.00 secs] 
215.588: Total time for which application threads were stopped: 0.0445870 seconds, Stopping threads took: 0.0437750 seconds
215.589: Application time: 0.0009320 seconds
215.633: [GC [PSYoungGen: 7533K->1005K(7680K)] 15149K->13602K(25088K), 0.0021060 secs] [Times: user=0.02 sys=0.00, real=0.00 secs] 
215.635: [Full GC [PSYoungGen: 1005K->0K(7680K)] [ParOldGen: 12597K->7095K(17408K)] 13602K->7095K(25088K) [PSPermGen: 5141K->5141K(21504K)], 0.0050040 secs] [Times: user=0.02 sys=0.00, real=0.00 secs] 
215.640: Total time for which application threads were stopped: 0.0510940 seconds, Stopping threads took: 0.0438330 seconds
215.713: Application time: 0.0735920 seconds
215.757: [GC [PSYoungGen: 6559K->907K(7680K)] 13655K->9956K(25088K), 0.0010060 secs] [Times: user=0.00 sys=0.00, real=0.00 secs] 
215.758: [Full GC [PSYoungGen: 907K->0K(7680K)] [ParOldGen: 9048K->3970K(17408K)] 9956K->3970K(25088K) [PSPermGen: 5141K->5141K(21504K)], 0.0041580 secs] [Times: user=0.02 sys=0.00, real=0.01 secs] 
215.762: Total time for which application threads were stopped: 0.0485660 seconds, Stopping threads took: 0.0432590 seconds
215.841: Application time: 0.0785950 seconds
215.856: [GC [PSYoungGen: 6442K->614K(7680K)] 10413K->4585K(25088K), 0.0004340 secs] [Times: user=0.00 sys=0.00, real=0.00 secs] 
215.856: Total time for which application threads were stopped: 0.0158160 seconds, Stopping threads took: 0.0153150 seconds
215.857: Application time: 0.0007180 seconds
215.857: [GC [PSYoungGen: 7253K->1006K(7680K)] 11223K->11108K(25088K), 0.0021230 secs] [Times: user=0.01 sys=0.00, real=0.00 secs] 
215.860: [Full GC [PSYoungGen: 1006K->0K(7680K)] [ParOldGen: 10101K->8267K(17408K)] 11108K->8267K(25088K) [PSPermGen: 5141K->5141K(21504K)], 0.0045640 secs] [Times: user=0.02 sys=0.00, real=0.01 secs] 
215.864: Total time for which application threads were stopped: 0.0069710 seconds, Stopping threads took: 0.0001440 seconds
215.968: Application time: 0.1038530 seconds
216.024: [GC [PSYoungGen: 6364K->646K(7680K)] 14631K->8914K(25088K), 0.0004770 secs] [Times: user=0.00 sys=0.00, real=0.00 secs] 
216.024: [Full GC [PSYoungGen: 646K->0K(7680K)] [ParOldGen: 8267K->1984K(17408K)] 8914K->1984K(25088K) [PSPermGen: 5141K->5141K(21504K)], 0.0036210 secs] [Times: user=0.01 sys=0.00, real=0.00 secs] 
216.028: Total time for which application threads were stopped: 0.0598330 seconds, Stopping threads took: 0.0556110 seconds
216.029: Application time: 0.0012150 seconds
216.072: [GC [PSYoungGen: 6638K->1005K(7680K)] 8622K->8076K(25088K), 0.0019230 secs] [Times: user=0.01 sys=0.00, real=0.00 secs] 
216.074: Total time for which application threads were stopped: 0.0447240 seconds, Stopping threads took: 0.0427200 seconds
216.148: Application time: 0.0745100 seconds
216.194: [GC [PSYoungGen: 7369K->907K(7680K)] 14440K->8759K(25088K), 0.0006850 secs] [Times: user=0.01 sys=0.00, real=0.00 secs] 
216.194: Total time for which application threads were stopped: 0.0459910 seconds, Stopping threads took: 0.0452340 seconds
216.195: Application time: 0.0011010 seconds
216.239: [GC [PSYoungGen: 7563K->907K(7680K)] 15415K->14033K(25088K), 0.0020400 secs] [Times: user=0.01 sys=0.00, real=0.01 secs] 
216.241: [Full GC [PSYoungGen: 907K->0K(7680K)] [ParOldGen: 13126K->7291K(17408K)] 14033K->7291K(25088K) [PSPermGen: 5141K->5141K(21504K)], 0.0050770 secs] [Times: user=0.02 sys=0.00, real=0.00 secs] 
216.247: Total time for which application threads were stopped: 0.0511730 seconds, Stopping threads took: 0.0439050 seconds
216.344: Application time: 0.0969790 seconds
216.395: [GC [PSYoungGen: 6540K->841K(7680K)] 13831K->8133K(25088K), 0.0004590 secs] [Times: user=0.01 sys=0.00, real=0.00 secs] 
216.396: Total time for which application threads were stopped: 0.0523580 seconds, Stopping threads took: 0.0518300 seconds
216.397: Application time: 0.0008560 seconds
216.442: [GC [PSYoungGen: 7402K->973K(7680K)] 14693K->13538K(25088K), 0.0021400 secs] [Times: user=0.01 sys=0.00, real=0.00 secs] 
216.444: [Full GC [PSYoungGen: 973K->0K(7680K)] [ParOldGen: 12564K->7388K(17408K)] 13538K->7388K(25088K) [PSPermGen: 5141K->5141K(21504K)], 0.0052030 secs] [Times: user=0.02 sys=0.00, real=0.00 secs] 
216.449: Total time for which application threads were stopped: 0.0522280 seconds, Stopping threads took: 0.0447380 seconds
216.524: Application time: 0.0746080 seconds
216.569: [GC [PSYoungGen: 6559K->907K(7680K)] 13948K->9468K(25088K), 0.0007890 secs] [Times: user=0.00 sys=0.00, real=0.00 secs] 
216.570: [Full GC [PSYoungGen: 907K->0K(7680K)] [ParOldGen: 8560K->3189K(17408K)] 9468K->3189K(25088K) [PSPermGen: 5141K->5141K(21504K)], 0.0039240 secs] [Times: user=0.02 sys=0.01, real=0.00 secs] 
216.574: Total time for which application threads were stopped: 0.0504770 seconds, Stopping threads took: 0.0456200 seconds
216.575: Application time: 0.0013570 seconds
216.644: [GC [PSYoungGen: 6656K->907K(7680K)] 9845K->7613K(25088K), 0.0014520 secs] [Times: user=0.01 sys=0.00, real=0.00 secs] 
216.646: Total time for which application threads were stopped: 0.0701010 seconds, Stopping threads took: 0.0685710 seconds
216.718: Application time: 0.0719900 seconds
216.761: [GC [PSYoungGen: 7448K->841K(7680K)] 14153K->7938K(25088K), 0.0006100 secs] [Times: user=0.00 sys=0.00, real=0.00 secs] 
216.762: Total time for which application threads were stopped: 0.0444540 seconds, Stopping threads took: 0.0437760 seconds
216.763: Application time: 0.0010780 seconds
216.803: [GC [PSYoungGen: 7304K->1005K(7680K)] 14400K->13700K(25088K), 0.0020520 secs] [Times: user=0.01 sys=0.00, real=0.00 secs] 
216.805: [Full GC [PSYoungGen: 1005K->0K(7680K)] [ParOldGen: 12694K->7681K(17408K)] 13700K->7681K(25088K) [PSPermGen: 5141K->5141K(21504K)], 0.0049410 secs] [Times: user=0.02 sys=0.00, real=0.01 secs] 
216.810: Total time for which application threads were stopped: 0.0469930 seconds, Stopping threads took: 0.0398700 seconds
216.886: Application time: 0.0757930 seconds
216.951: [GC [PSYoungGen: 6559K->192K(7680K)] 14241K->7873K(25088K), 0.0003540 secs] [Times: user=0.00 sys=0.00, real=0.00 secs] 
216.951: Total time for which application threads were stopped: 0.0654590 seconds, Stopping threads took: 0.0650420 seconds
216.952: Application time: 0.0008230 seconds
216.952: [GC [PSYoungGen: 6830K->1005K(7680K)] 14512K->14473K(25088K), 0.0019720 secs] [Times: user=0.02 sys=0.00, real=0.00 secs] 
216.954: [Full GC [PSYoungGen: 1005K->0K(7680K)] [ParOldGen: 13467K->7876K(17408K)] 14473K->7876K(25088K) [PSPermGen: 5141K->5141K(21504K)], 0.0048620 secs] [Times: user=0.02 sys=0.00, real=0.00 secs] 
216.959: Total time for which application threads were stopped: 0.0071820 seconds, Stopping threads took: 0.0002200 seconds
217.037: Application time: 0.0777040 seconds
217.099: [GC [PSYoungGen: 6637K->419K(7680K)] 14514K->8296K(25088K), 0.0004810 secs] [Times: user=0.00 sys=0.00, real=0.00 secs] 
217.099: Total time for which application threads were stopped: 0.0621280 seconds, Stopping threads took: 0.0615720 seconds
217.100: Application time: 0.0008450 seconds
217.147: [GC [PSYoungGen: 7075K->1005K(7680K)] 14952K->12812K(25088K), 0.0017070 secs] [Times: user=0.01 sys=0.00, real=0.00 secs] 
217.148: [Full GC [PSYoungGen: 1005K->0K(7680K)] [ParOldGen: 11807K->6021K(17408K)] 12812K->6021K(25088K) [PSPermGen: 5141K->5141K(21504K)], 0.0047630 secs] [Times: user=0.02 sys=0.00, real=0.01 secs] 
217.153: Total time for which application threads were stopped: 0.0530760 seconds, Stopping threads took: 0.0464570 seconds
217.240: Application time: 0.0865320 seconds
217.293: [GC [PSYoungGen: 6540K->518K(7680K)] 12562K->6540K(25088K), 0.0005200 secs] [Times: user=0.00 sys=0.00, real=0.00 secs] 
217.294: Total time for which application threads were stopped: 0.0538910 seconds, Stopping threads took: 0.0532790 seconds
217.294: Application time: 0.0006970 seconds
217.294: [GC [PSYoungGen: 7078K->1008K(7680K)] 13100K->13068K(25088K), 0.0022110 secs] [Times: user=0.01 sys=0.00, real=0.00 secs] 
217.297: [Full GC [PSYoungGen: 1008K->0K(7680K)] [ParOldGen: 12059K->8267K(17408K)] 13068K->8267K(25088K) [PSPermGen: 5141K->5141K(21504K)], 0.0049780 secs] [Times: user=0.02 sys=0.00, real=0.01 secs] 
217.302: Total time for which application threads were stopped: 0.0075830 seconds, Stopping threads took: 0.0002650 seconds
217.380: Application time: 0.0781430 seconds
217.443: [GC [PSYoungGen: 6364K->582K(7680K)] 14632K->8850K(25088K), 0.0005090 secs] [Times: user=0.00 sys=0.00, real=0.00 secs] 
217.443: [Full GC [PSYoungGen: 582K->0K(7680K)] [ParOldGen: 8267K->1956K(17408K)] 8850K->1956K(25088K) [PSPermGen: 5141K->5141K(21504K)], 0.0036590 secs] [Times: user=0.01 sys=0.00, real=0.00 secs] 
217.447: Total time for which application threads were stopped: 0.0668520 seconds, Stopping threads took: 0.0625500 seconds
217.448: Application time: 0.0012120 seconds
217.490: [GC [PSYoungGen: 6560K->1005K(7680K)] 8516K->8047K(25088K), 0.0018260 secs] [Times: user=0.01 sys=0.00, real=0.00 secs] 
217.492: Total time for which application threads were stopped: 0.0440160 seconds, Stopping threads took: 0.0421100 seconds
217.568: Application time: 0.0756140 seconds
217.613: [GC [PSYoungGen: 7369K->582K(7680K)] 14412K->7625K(25088K), 0.0004300 secs] [Times: user=0.00 sys=0.01, real=0.00 secs] 
217.614: Total time for which application threads were stopped: 0.0458980 seconds, Stopping threads took: 0.0453930 seconds
217.614: Application time: 0.0009520 seconds
217.615: [GC [PSYoungGen: 7142K->939K(7680K)] 14185K->14232K(25088K), 0.0019440 secs] [Times: user=0.01 sys=0.00, real=0.00 secs] 
217.617: [Full GC [PSYoungGen: 939K->0K(7680K)] [ParOldGen: 13292K->8267K(17408K)] 14232K->8267K(25088K) [PSPermGen: 5141K->5141K(21504K)], 0.0050330 secs] [Times: user=0.02 sys=0.00, real=0.01 secs] 
217.622: Total time for which application threads were stopped: 0.0071180 seconds, Stopping threads took: 0.0000160 seconds
217.703: Application time: 0.0816600 seconds
217.763: [GC [PSYoungGen: 6442K->582K(7680K)] 14710K->8850K(25088K), 0.0004450 secs] [Times: user=0.00 sys=0.00, real=0.00 secs] 
217.763: [Full GC [PSYoungGen: 582K->0K(7680K)] [ParOldGen: 8267K->1956K(17408K)] 8850K->1956K(25088K) [PSPermGen: 5141K->5141K(21504K)], 0.0039870 secs] [Times: user=0.02 sys=0.00, real=0.00 secs] 
217.767: Total time for which application threads were stopped: 0.0642130 seconds, Stopping threads took: 0.0596700 seconds
217.769: Application time: 0.0011660 seconds
217.811: [GC [PSYoungGen: 6619K->1005K(7680K)] 8575K->8002K(25088K), 0.0018550 secs] [Times: user=0.01 sys=0.00, real=0.00 secs] 
217.813: Total time for which application threads were stopped: 0.0442010 seconds, Stopping threads took: 0.0422680 seconds
217.885: Application time: 0.0723750 seconds
217.934: [GC [PSYoungGen: 7467K->1005K(7680K)] 14464K->9768K(25088K), 0.0009270 secs] [Times: user=0.00 sys=0.00, real=0.00 secs] 
217.935: [Full GC [PSYoungGen: 1005K->0K(7680K)] [ParOldGen: 8762K->3873K(17408K)] 9768K->3873K(25088K) [PSPermGen: 5141K->5141K(21504K)], 0.0041580 secs] [Times: user=0.02 sys=0.00, real=0.00 secs] 
217.939: Total time for which application threads were stopped: 0.0542470 seconds, Stopping threads took: 0.0490370 seconds
218.018: Application time: 0.0789840 seconds
218.032: [GC [PSYoungGen: 6462K->646K(7680K)] 10336K->4520K(25088K), 0.0004090 secs] [Times: user=0.00 sys=0.00, real=0.00 secs] 
218.033: Total time for which application threads were stopped: 0.0141810 seconds, Stopping threads took: 0.0137120 seconds
218.033: Application time: 0.0006510 seconds
218.034: [GC [PSYoungGen: 7109K->1008K(7680K)] 10983K->10798K(25088K), 0.0020680 secs] [Times: user=0.02 sys=0.00, real=0.00 secs] 
218.036: [Full GC [PSYoungGen: 1008K->0K(7680K)] [ParOldGen: 9789K->8170K(17408K)] 10798K->8170K(25088K) [PSPermGen: 5141K->5141K(21504K)], 0.0047390 secs] [Times: user=0.02 sys=0.00, real=0.00 secs] 
218.040: Total time for which application threads were stopped: 0.0071260 seconds, Stopping threads took: 0.0001880 seconds
218.119: Application time: 0.0785410 seconds
218.181: [GC [PSYoungGen: 6462K->550K(7680K)] 14632K->8721K(25088K), 0.0004500 secs] [Times: user=0.00 sys=0.00, real=0.01 secs] 
218.181: [Full GC [PSYoungGen: 550K->0K(7680K)] [ParOldGen: 8170K->1927K(17408K)] 8721K->1927K(25088K) [PSPermGen: 5141K->5141K(21504K)], 0.0037650 secs] [Times: user=0.02 sys=0.00, real=0.00 secs] 
218.185: Total time for which application threads were stopped: 0.0661460 seconds, Stopping threads took: 0.0618100 seconds
218.186: Application time: 0.0012080 seconds
218.231: [GC [PSYoungGen: 6560K->1005K(7680K)] 8487K->8019K(25088K), 0.0018770 secs] [Times: user=0.01 sys=0.00, real=0.00 secs] 
218.233: Total time for which application threads were stopped: 0.0462630 seconds, Stopping threads took: 0.0443090 seconds
218.307: Application time: 0.0739100 seconds
218.352: [GC [PSYoungGen: 7369K->582K(7680K)] 14383K->7596K(25088K), 0.0004170 secs] [Times: user=0.01 sys=0.00, real=0.00 secs] 
218.353: Total time for which application threads were stopped: 0.0461620 seconds, Stopping threads took: 0.0456730 seconds
218.354: Application time: 0.0008790 seconds
218.354: [GC [PSYoungGen: 7045K->1005K(7680K)] 14059K->14082K(25088K), 0.0020500 secs] [Times: user=0.02 sys=0.00, real=0.00 secs] 
218.356: [Full GC [PSYoungGen: 1005K->0K(7680K)] [ParOldGen: 13077K->8170K(17408K)] 14082K->8170K(25088K) [PSPermGen: 5141K->5141K(21504K)], 0.0051040 secs] [Times: user=0.02 sys=0.00, real=0.00 secs] 
218.361: Total time for which application threads were stopped: 0.0073870 seconds, Stopping threads took: 0.0001040 seconds
218.467: Application time: 0.1057180 seconds
218.527: [GC [PSYoungGen: 6462K->614K(7680K)] 14632K->8785K(25088K), 0.0004060 secs] [Times: user=0.00 sys=0.00, real=0.00 secs] 
218.527: [Full GC [PSYoungGen: 614K->0K(7680K)] [ParOldGen: 8170K->1927K(17408K)] 8785K->1927K(25088K) [PSPermGen: 5141K->5141K(21504K)], 0.0036760 secs] [Times: user=0.02 sys=0.00, real=0.01 secs] 
218.531: Total time for which application threads were stopped: 0.0641870 seconds, Stopping threads took: 0.0599880 seconds
218.532: Application time: 0.0012040 seconds
218.576: [GC [PSYoungGen: 6462K->1005K(7680K)] 8390K->7921K(25088K), 0.0018490 secs] [Times: user=0.01 sys=0.00, real=0.00 secs] 
218.578: Total time for which application threads were stopped: 0.0456620 seconds, Stopping threads took: 0.0437380 seconds
218.652: Application time: 0.0742110 seconds
218.717: [GC [PSYoungGen: 7623K->614K(7680K)] 14540K->7531K(25088K), 0.0004120 secs] [Times: user=0.00 sys=0.01, real=0.00 secs] 
218.718: Total time for which application threads were stopped: 0.0657030 seconds, Stopping threads took: 0.0652210 seconds
218.719: Application time: 0.0009260 seconds
218.762: [GC [PSYoungGen: 7252K->1005K(7680K)] 14169K->11985K(25088K), 0.0015850 secs] [Times: user=0.01 sys=0.00, real=0.00 secs] 
218.764: [Full GC [PSYoungGen: 1005K->0K(7680K)] [ParOldGen: 10980K->6120K(17408K)] 11985K->6120K(25088K) [PSPermGen: 5141K->5141K(21504K)], 0.0047880 secs] [Times: user=0.02 sys=0.00, real=0.00 secs] 
218.769: Total time for which application threads were stopped: 0.0502910 seconds, Stopping threads took: 0.0437970 seconds
218.841: Application time: 0.0723850 seconds
218.845: [GC [PSYoungGen: 6656K->939K(7680K)] 12776K->9208K(25088K), 0.0011160 secs] [Times: user=0.01 sys=0.00, real=0.00 secs] 
218.847: Total time for which application threads were stopped: 0.0053530 seconds, Stopping threads took: 0.0041610 seconds
218.926: Application time: 0.0791220 seconds
218.939: [GC [PSYoungGen: 7265K->630K(7680K)] 15534K->8899K(25088K), 0.0004000 secs] [Times: user=0.00 sys=0.00, real=0.00 secs] 
218.939: Total time for which application threads were stopped: 0.0132040 seconds, Stopping threads took: 0.0127380 seconds
218.940: Application time: 0.0007420 seconds
218.982: [GC [PSYoungGen: 7093K->1006K(7680K)] 15361K->14242K(25088K), 0.0017590 secs] [Times: user=0.01 sys=0.00, real=0.00 secs] 
218.984: [Full GC [PSYoungGen: 1006K->0K(7680K)] [ParOldGen: 13235K->7096K(17408K)] 14242K->7096K(25088K) [PSPermGen: 5141K->5141K(21504K)], 0.0048720 secs] [Times: user=0.02 sys=0.00, real=0.00 secs] 
218.989: Total time for which application threads were stopped: 0.0494450 seconds, Stopping threads took: 0.0426940 seconds
219.064: Application time: 0.0749080 seconds
219.110: [GC [PSYoungGen: 6462K->582K(7680K)] 13558K->7679K(25088K), 0.0004260 secs] [Times: user=0.01 sys=0.00, real=0.00 secs] 
219.110: Total time for which application threads were stopped: 0.0461120 seconds, Stopping threads took: 0.0456180 seconds
219.111: Application time: 0.0006850 seconds
219.111: [GC [PSYoungGen: 7142K->1008K(7680K)] 14239K->14118K(25088K), 0.0019140 secs] [Times: user=0.01 sys=0.00, real=0.00 secs] 
219.113: [Full GC [PSYoungGen: 1008K->0K(7680K)] [ParOldGen: 13109K->8268K(17408K)] 14118K->8268K(25088K) [PSPermGen: 5141K->5141K(21504K)], 0.0051410 secs] [Times: user=0.03 sys=0.00, real=0.00 secs] 
219.118: Total time for which application threads were stopped: 0.0072910 seconds, Stopping threads took: 0.0001180 seconds
219.195: Application time: 0.0771790 seconds
219.263: [GC [PSYoungGen: 6462K->1005K(7680K)] 14730K->10054K(25088K), 0.0007930 secs] [Times: user=0.00 sys=0.00, real=0.00 secs] 
219.264: [Full GC [PSYoungGen: 1005K->0K(7680K)] [ParOldGen: 9049K->3099K(17408K)] 10054K->3099K(25088K) [PSPermGen: 5141K->5141K(21504K)], 0.0040190 secs] [Times: user=0.02 sys=0.00, real=0.00 secs] 
219.268: Total time for which application threads were stopped: 0.0722750 seconds, Stopping threads took: 0.0673380 seconds
219.269: Application time: 0.0013090 seconds
219.311: [GC [PSYoungGen: 6540K->1005K(7680K)] 9640K->9191K(25088K), 0.0019110 secs] [Times: user=0.01 sys=0.00, real=0.00 secs] 
219.313: [Full GC [PSYoungGen: 1005K->0K(7680K)] [ParOldGen: 8185K->7194K(17408K)] 9191K->7194K(25088K) [PSPermGen: 5141K->5141K(21504K)], 0.0046730 secs] [Times: user=0.03 sys=0.00, real=0.00 secs] 
219.318: Total time for which application threads were stopped: 0.0492790 seconds, Stopping threads took: 0.0425570 seconds
219.393: Application time: 0.0751460 seconds
219.439: [GC [PSYoungGen: 6364K->843K(7680K)] 13559K->8819K(25088K), 0.0007530 secs] [Times: user=0.01 sys=0.00, real=0.00 secs] 
219.439: Total time for which application threads were stopped: 0.0460050 seconds, Stopping threads took: 0.0451820 seconds
219.441: Application time: 0.0012270 seconds
219.484: [GC [PSYoungGen: 7481K->1005K(7680K)] 15457K->14059K(25088K), 0.0019450 secs] [Times: user=0.01 sys=0.00, real=0.00 secs] 
219.486: [Full GC [PSYoungGen: 1005K->0K(7680K)] [ParOldGen: 13054K->7194K(17408K)] 14059K->7194K(25088K) [PSPermGen: 5141K->5141K(21504K)], 0.0047440 secs] [Times: user=0.02 sys=0.00, real=0.01 secs] 
219.491: Total time for which application threads were stopped: 0.0501520 seconds, Stopping threads took: 0.0433350 seconds
219.572: Application time: 0.0808480 seconds
219.616: [GC [PSYoungGen: 6442K->646K(7680K)] 13637K->7841K(25088K), 0.0004010 secs] [Times: user=0.00 sys=0.00, real=0.00 secs] 
219.616: Total time for which application threads were stopped: 0.0445930 seconds, Stopping threads took: 0.0441260 seconds
219.617: Application time: 0.0009970 seconds
219.658: [GC [PSYoungGen: 7206K->1005K(7680K)] 14401K->13310K(25088K), 0.0018560 secs] [Times: user=0.01 sys=0.00, real=0.00 secs] 
219.660: [Full GC [PSYoungGen: 1005K->0K(7680K)] [ParOldGen: 12304K->7194K(17408K)] 13310K->7194K(25088K) [PSPermGen: 5141K->5141K(21504K)], 0.0048570 secs] [Times: user=0.03 sys=0.00, real=0.01 secs] 
219.665: Total time for which application threads were stopped: 0.0478870 seconds, Stopping threads took: 0.0410540 seconds
219.738: Application time: 0.0731710 seconds
219.784: [GC [PSYoungGen: 6462K->907K(7680K)] 13656K->10055K(25088K), 0.0009990 secs] [Times: user=0.01 sys=0.00, real=0.00 secs] 
219.785: [Full GC [PSYoungGen: 907K->0K(7680K)] [ParOldGen: 9147K->3971K(17408K)] 10055K->3971K(25088K) [PSPermGen: 5141K->5141K(21504K)], 0.0041770 secs] [Times: user=0.02 sys=0.00, real=0.00 secs] 
219.789: Total time for which application threads were stopped: 0.0507440 seconds, Stopping threads took: 0.0454410 seconds
219.870: Application time: 0.0814210 seconds
219.887: [GC [PSYoungGen: 6364K->582K(7680K)] 10336K->4554K(25088K), 0.0003660 secs] [Times: user=0.00 sys=0.00, real=0.00 secs] 
219.887: Total time for which application threads were stopped: 0.0166920 seconds, Stopping threads took: 0.0162610 seconds
219.888: Application time: 0.0006940 seconds
219.888: [GC [PSYoungGen: 7045K->1008K(7680K)] 11017K->10896K(25088K), 0.0020790 secs] [Times: user=0.01 sys=0.00, real=0.01 secs] 
219.890: [Full GC [PSYoungGen: 1008K->0K(7680K)] [ParOldGen: 9887K->8170K(17408K)] 10896K->8170K(25088K) [PSPermGen: 5141K->5141K(21504K)], 0.0047460 secs] [Times: user=0.03 sys=0.00, real=0.00 secs] 
219.895: Total time for which application threads were stopped: 0.0071200 seconds, Stopping threads took: 0.0001680 seconds
219.973: Application time: 0.0781460 seconds
220.036: [GC [PSYoungGen: 6462K->646K(7680K)] 14633K->8817K(25088K), 0.0004260 secs] [Times: user=0.00 sys=0.00, real=0.00 secs] 
220.036: Total time for which application threads were stopped: 0.0631110 seconds, Stopping threads took: 0.0626260 seconds
220.037: Application time: 0.0012790 seconds
220.106: [GC [PSYoungGen: 7206K->1005K(7680K)] 15377K->9957K(25088K), 0.0006990 secs] [Times: user=0.01 sys=0.00, real=0.00 secs] 
220.107: [Full GC [PSYoungGen: 1005K->0K(7680K)] [ParOldGen: 8952K->3099K(17408K)] 9957K->3099K(25088K) [PSPermGen: 5141K->5141K(21504K)], 0.0042080 secs] [Times: user=0.01 sys=0.00, real=0.01 secs] 
220.111: Total time for which application threads were stopped: 0.0734500 seconds, Stopping threads took: 0.0684330 seconds
220.112: Application time: 0.0013230 seconds
220.181: [GC [PSYoungGen: 6560K->1005K(7680K)] 9659K->8214K(25088K), 0.0018070 secs] [Times: user=0.01 sys=0.00, real=0.01 secs] 
220.183: Total time for which application threads were stopped: 0.0705450 seconds, Stopping threads took: 0.0686260 seconds
220.257: Application time: 0.0740460 seconds
220.302: [GC [PSYoungGen: 7661K->941K(7680K)] 14870K->8150K(25088K), 0.0005870 secs] [Times: user=0.00 sys=0.00, real=0.00 secs] 
220.303: Total time for which application threads were stopped: 0.0461430 seconds, Stopping threads took: 0.0454570 seconds
220.304: Application time: 0.0012310 seconds
220.373: [GC [PSYoungGen: 7558K->907K(7680K)] 14767K->9289K(25088K), 0.0007720 secs] [Times: user=0.01 sys=0.00, real=0.00 secs] 
220.374: Total time for which application threads were stopped: 0.0698420 seconds, Stopping threads took: 0.0690020 seconds
220.375: Application time: 0.0010530 seconds
220.435: [GC [PSYoungGen: 7563K->1005K(7680K)] 15945K->13915K(25088K), 0.0018210 secs] [Times: user=0.01 sys=0.00, real=0.00 secs] 
220.436: [Full GC [PSYoungGen: 1005K->0K(7680K)] [ParOldGen: 12909K->6608K(17408K)] 13915K->6608K(25088K) [PSPermGen: 5141K->5141K(21504K)], 0.0049080 secs] [Times: user=0.02 sys=0.00, real=0.01 secs] 
220.441: Total time for which application threads were stopped: 0.0663340 seconds, Stopping threads took: 0.0594770 seconds
220.513: Application time: 0.0718700 seconds
220.559: [GC [PSYoungGen: 6656K->1005K(7680K)] 13264K->8004K(25088K), 0.0005870 secs] [Times: user=0.00 sys=0.00, real=0.00 secs] 
220.559: Total time for which application threads were stopped: 0.0459720 seconds, Stopping threads took: 0.0453140 seconds
220.560: Application time: 0.0010180 seconds
220.604: [GC [PSYoungGen: 7643K->1005K(7680K)] 14643K->12798K(25088K), 0.0020390 secs] [Times: user=0.02 sys=0.00, real=0.00 secs] 
220.606: [Full GC [PSYoungGen: 1005K->0K(7680K)] [ParOldGen: 11792K->6901K(17408K)] 12798K->6901K(25088K) [PSPermGen: 5141K->5141K(21504K)], 0.0046930 secs] [Times: user=0.02 sys=0.00, real=0.01 secs] 
220.611: Total time for which application threads were stopped: 0.0506980 seconds, Stopping threads took: 0.0438110 seconds
220.684: Application time: 0.0728290 seconds
220.729: [GC [PSYoungGen: 6656K->907K(7680K)] 13557K->8590K(25088K), 0.0007430 secs] [Times: user=0.00 sys=0.00, real=0.00 secs] 
220.730: Total time for which application threads were stopped: 0.0461740 seconds, Stopping threads took: 0.0453380 seconds
220.734: Application time: 0.0041830 seconds
220.801: [GC [PSYoungGen: 7370K->614K(7680K)] 15053K->8297K(25088K), 0.0003990 secs] [Times: user=0.00 sys=0.00, real=0.01 secs] 
220.801: Total time for which application threads were stopped: 0.0672350 seconds, Stopping threads took: 0.0667750 seconds
220.802: Application time: 0.0007690 seconds
220.846: [GC [PSYoungGen: 7233K->1005K(7680K)] 14916K->13729K(25088K), 0.0017720 secs] [Times: user=0.01 sys=0.00, real=0.00 secs] 
220.848: [Full GC [PSYoungGen: 1005K->0K(7680K)] [ParOldGen: 12723K->7097K(17408K)] 13729K->7097K(25088K) [PSPermGen: 5141K->5141K(21504K)], 0.0051660 secs] [Times: user=0.02 sys=0.00, real=0.01 secs] 
220.853: Total time for which application threads were stopped: 0.0505110 seconds, Stopping threads took: 0.0434440 seconds
220.926: Application time: 0.0734610 seconds
220.971: [GC [PSYoungGen: 6638K->1005K(7680K)] 13735K->8883K(25088K), 0.0007310 secs] [Times: user=0.00 sys=0.00, real=0.00 secs] 
220.972: Total time for which application threads were stopped: 0.0455680 seconds, Stopping threads took: 0.0447730 seconds
220.982: Application time: 0.0100320 seconds
221.042: [GC [PSYoungGen: 7467K->841K(7680K)] 15346K->9696K(25088K), 0.0006770 secs] [Times: user=0.00 sys=0.00, real=0.00 secs] 
221.043: Total time for which application threads were stopped: 0.0613250 seconds, Stopping threads took: 0.0605850 seconds
221.044: Application time: 0.0009810 seconds
221.088: [GC [PSYoungGen: 7402K->939K(7680K)] 16257K->15068K(25088K), 0.0019140 secs] [Times: user=0.01 sys=0.00, real=0.01 secs] 
221.090: [Full GC [PSYoungGen: 939K->0K(7680K)] [ParOldGen: 14128K->7292K(17408K)] 15068K->7292K(25088K) [PSPermGen: 5141K->5141K(21504K)], 0.0048250 secs] [Times: user=0.03 sys=0.00, real=0.00 secs] 
221.094: Total time for which application threads were stopped: 0.0503180 seconds, Stopping threads took: 0.0434480 seconds
221.168: Application time: 0.0739830 seconds
221.214: [GC [PSYoungGen: 6345K->646K(7680K)] 13637K->7939K(25088K), 0.0004370 secs] [Times: user=0.00 sys=0.00, real=0.00 secs] 
221.215: Total time for which application threads were stopped: 0.0460770 seconds, Stopping threads took: 0.0455770 seconds
221.215: Application time: 0.0008610 seconds
221.259: [GC [PSYoungGen: 7109K->939K(7680K)] 14401K->13310K(25088K), 0.0017930 secs] [Times: user=0.01 sys=0.00, real=0.00 secs] 
221.261: [Full GC [PSYoungGen: 939K->0K(7680K)] [ParOldGen: 12371K->7097K(17408K)] 13310K->7097K(25088K) [PSPermGen: 5141K->5141K(21504K)], 0.0048490 secs] [Times: user=0.02 sys=0.00, real=0.01 secs] 
221.266: Total time for which application threads were stopped: 0.0502740 seconds, Stopping threads took: 0.0435060 seconds
221.340: Application time: 0.0743840 seconds
221.384: [GC [PSYoungGen: 6559K->973K(7680K)] 13657K->8851K(25088K), 0.0007490 secs] [Times: user=0.00 sys=0.00, real=0.00 secs] 
221.385: Total time for which application threads were stopped: 0.0452050 seconds, Stopping threads took: 0.0443790 seconds
221.386: Application time: 0.0010880 seconds
221.430: [GC [PSYoungGen: 7533K->973K(7680K)] 15411K->14027K(25088K), 0.0019360 secs] [Times: user=0.01 sys=0.00, real=0.00 secs] 
221.432: [Full GC [PSYoungGen: 973K->0K(7680K)] [ParOldGen: 13054K->7292K(17408K)] 14027K->7292K(25088K) [PSPermGen: 5141K->5141K(21504K)], 0.0048120 secs] [Times: user=0.02 sys=0.00, real=0.00 secs] 
221.437: Total time for which application threads were stopped: 0.0504640 seconds, Stopping threads took: 0.0435890 seconds
221.516: Application time: 0.0789800 seconds
221.560: [GC [PSYoungGen: 6345K->582K(7680K)] 13638K->7875K(25088K), 0.0004410 secs] [Times: user=0.00 sys=0.00, real=0.00 secs] 
221.560: Total time for which application threads were stopped: 0.0445000 seconds, Stopping threads took: 0.0439930 seconds
221.561: Application time: 0.0010920 seconds
221.631: [GC [PSYoungGen: 7045K->614K(7680K)] 14337K->7907K(25088K), 0.0004640 secs] [Times: user=0.00 sys=0.00, real=0.00 secs] 
221.631: Total time for which application threads were stopped: 0.0697930 seconds, Stopping threads took: 0.0692550 seconds
221.632: Application time: 0.0006670 seconds
221.632: [GC [PSYoungGen: 7077K->1008K(7680K)] 14369K->14225K(25088K), 0.0017740 secs] [Times: user=0.01 sys=0.00, real=0.00 secs] 
221.634: [Full GC [PSYoungGen: 1008K->0K(7680K)] [ParOldGen: 13216K->8171K(17408K)] 14225K->8171K(25088K) [PSPermGen: 5141K->5141K(21504K)], 0.0053530 secs] [Times: user=0.03 sys=0.00, real=0.00 secs] 
221.639: Total time for which application threads were stopped: 0.0073090 seconds, Stopping threads took: 0.0000670 seconds
221.718: Application time: 0.0793420 seconds
221.780: [GC [PSYoungGen: 6462K->614K(7680K)] 14633K->8786K(25088K), 0.0003970 secs] [Times: user=0.01 sys=0.00, real=0.00 secs] 
221.780: Total time for which application threads were stopped: 0.0618970 seconds, Stopping threads took: 0.0614410 seconds
221.781: Application time: 0.0006840 seconds
221.781: [GC [PSYoungGen: 7077K->1006K(7680K)] 15248K->15167K(25088K), 0.0020250 secs] [Times: user=0.02 sys=0.00, real=0.00 secs] 
221.783: [Full GC [PSYoungGen: 1006K->0K(7680K)] [ParOldGen: 14160K->8171K(17408K)] 15167K->8171K(25088K) [PSPermGen: 5141K->5141K(21504K)], 0.0050770 secs] [Times: user=0.02 sys=0.01, real=0.00 secs] 
221.789: Total time for which application threads were stopped: 0.0074380 seconds, Stopping threads took: 0.0002120 seconds
221.891: Application time: 0.1020430 seconds
221.945: [GC [PSYoungGen: 6462K->646K(7680K)] 14633K->8818K(25088K), 0.0004230 secs] [Times: user=0.00 sys=0.00, real=0.00 secs] 
221.947: [Full GC [PSYoungGen: 646K->0K(7680K)] [ParOldGen: 8171K->1927K(17408K)] 8818K->1927K(25088K) [PSPermGen: 5141K->5141K(21504K)], 0.0038260 secs] [Times: user=0.01 sys=0.00, real=0.01 secs] 
221.951: Total time for which application threads were stopped: 0.0601530 seconds, Stopping threads took: 0.0547190 seconds
221.952: Application time: 0.0010860 seconds
221.996: [GC [PSYoungGen: 6619K->1006K(7680K)] 8546K->7885K(25088K), 0.0018610 secs] [Times: user=0.02 sys=0.00, real=0.00 secs] 
221.997: Total time for which application threads were stopped: 0.0456780 seconds, Stopping threads took: 0.0437370 seconds
222.070: Application time: 0.0729030 seconds
222.116: [GC [PSYoungGen: 7566K->973K(7680K)] 14445K->8633K(25088K), 0.0007740 secs] [Times: user=0.01 sys=0.00, real=0.00 secs] 
222.117: Total time for which application threads were stopped: 0.0462050 seconds, Stopping threads took: 0.0453430 seconds
222.118: Application time: 0.0011080 seconds
222.180: [GC [PSYoungGen: 7533K->1005K(7680K)] 15193K->12767K(25088K), 0.0018720 secs] [Times: user=0.01 sys=0.00, real=0.01 secs] 
222.182: [Full GC [PSYoungGen: 1005K->0K(7680K)] [ParOldGen: 11761K->6218K(17408K)] 12767K->6218K(25088K) [PSPermGen: 5141K->5141K(21504K)], 0.0047430 secs] [Times: user=0.02 sys=0.00, real=0.00 secs] 
222.187: Total time for which application threads were stopped: 0.0693590 seconds, Stopping threads took: 0.0625980 seconds
222.270: Application time: 0.0831320 seconds
222.332: [GC [PSYoungGen: 6656K->1005K(7680K)] 12874K->7224K(25088K), 0.0004860 secs] [Times: user=0.00 sys=0.00, real=0.00 secs] 
222.332: Total time for which application threads were stopped: 0.0621090 seconds, Stopping threads took: 0.0615570 seconds
222.333: Application time: 0.0010370 seconds
222.384: [GC [PSYoungGen: 7661K->907K(7680K)] 13879K->12790K(25088K), 0.0022360 secs] [Times: user=0.01 sys=0.00, real=0.00 secs] 
222.386: [Full GC [PSYoungGen: 907K->0K(7680K)] [ParOldGen: 11883K->7683K(17408K)] 12790K->7683K(25088K) [PSPermGen: 5141K->5141K(21504K)], 0.0052230 secs] [Times: user=0.03 sys=0.00, real=0.01 secs] 
222.391: Total time for which application threads were stopped: 0.0578680 seconds, Stopping threads took: 0.0502810 seconds
222.470: Application time: 0.0792200 seconds
222.532: [GC [PSYoungGen: 6638K->192K(7680K)] 14321K->7875K(25088K), 0.0003840 secs] [Times: user=0.00 sys=0.00, real=0.00 secs] 
222.533: Total time for which application threads were stopped: 0.0622660 seconds, Stopping threads took: 0.0618080 seconds
222.533: Application time: 0.0007950 seconds
222.534: [GC [PSYoungGen: 6752K->939K(7680K)] 14435K->14483K(25088K), 0.0019700 secs] [Times: user=0.02 sys=0.00, real=0.00 secs] 
222.536: [Full GC [PSYoungGen: 939K->0K(7680K)] [ParOldGen: 13543K->7878K(17408K)] 14483K->7878K(25088K) [PSPermGen: 5141K->5141K(21504K)], 0.0050630 secs] [Times: user=0.02 sys=0.00, real=0.00 secs] 
222.541: Total time for which application threads were stopped: 0.0073940 seconds, Stopping threads took: 0.0002360 seconds
222.623: Application time: 0.0818650 seconds
222.689: [GC [PSYoungGen: 6637K->419K(7680K)] 14516K->8298K(25088K), 0.0003580 secs] [Times: user=0.00 sys=0.00, real=0.01 secs] 
222.689: Total time for which application threads were stopped: 0.0664490 seconds, Stopping threads took: 0.0660310 seconds
222.690: Application time: 0.0007460 seconds
222.690: [GC [PSYoungGen: 7057K->1022K(7680K)] 14936K->14809K(25088K), 0.0021190 secs] [Times: user=0.01 sys=0.00, real=0.00 secs] 
222.692: [Full GC [PSYoungGen: 1022K->0K(7680K)] [ParOldGen: 13786K->8074K(17408K)] 14809K->8074K(25088K) [PSPermGen: 5141K->5141K(21504K)], 0.0049940 secs] [Times: user=0.02 sys=0.00, real=0.00 secs] 
222.697: Total time for which application threads were stopped: 0.0074160 seconds, Stopping threads took: 0.0001760 seconds
222.776: Application time: 0.0784280 seconds
222.839: [GC [PSYoungGen: 6637K->646K(7680K)] 14712K->8721K(25088K), 0.0004650 secs] [Times: user=0.00 sys=0.00, real=0.00 secs] 
222.839: [Full GC [PSYoungGen: 646K->0K(7680K)] [ParOldGen: 8074K->1727K(17408K)] 8721K->1727K(25088K) [PSPermGen: 5141K->5141K(21504K)], 0.0038980 secs] [Times: user=0.02 sys=0.01, real=0.01 secs] 
222.843: Total time for which application threads were stopped: 0.0674360 seconds, Stopping threads took: 0.0629630 seconds
222.845: Application time: 0.0013130 seconds
222.888: [GC [PSYoungGen: 6560K->1005K(7680K)] 8287K->7810K(25088K), 0.0017940 secs] [Times: user=0.01 sys=0.00, real=0.01 secs] 
222.890: Total time for which application threads were stopped: 0.0455430 seconds, Stopping threads took: 0.0436760 seconds
222.967: Application time: 0.0764080 seconds
223.012: [GC [PSYoungGen: 7369K->614K(7680K)] 14175K->7420K(25088K), 0.0005100 secs] [Times: user=0.00 sys=0.00, real=0.00 secs] 
223.013: Total time for which application threads were stopped: 0.0461820 seconds, Stopping threads took: 0.0456060 seconds
223.025: Application time: 0.0125970 seconds
223.083: [GC [PSYoungGen: 7077K->582K(7680K)] 13882K->7388K(25088K), 0.0005030 secs] [Times: user=0.00 sys=0.00, real=0.00 secs] 
223.084: Total time for which application threads were stopped: 0.0585320 seconds, Stopping threads took: 0.0579380 seconds
223.084: Application time: 0.0005990 seconds
223.150: [GC [PSYoungGen: 7218K->1005K(7680K)] 14024K->10748K(25088K), 0.0012050 secs] [Times: user=0.00 sys=0.00, real=0.00 secs] 
223.152: [Full GC [PSYoungGen: 1005K->0K(7680K)] [ParOldGen: 9743K->5047K(17408K)] 10748K->5047K(25088K) [PSPermGen: 5141K->5141K(21504K)], 0.0046680 secs] [Times: user=0.02 sys=0.00, real=0.00 secs] 
223.156: Total time for which application threads were stopped: 0.0719550 seconds, Stopping threads took: 0.0659540 seconds
223.229: Application time: 0.0728030 seconds
223.233: [GC [PSYoungGen: 6462K->1005K(7680K)] 11509K->6833K(25088K), 0.0006300 secs] [Times: user=0.00 sys=0.00, real=0.00 secs] 
223.233: Total time for which application threads were stopped: 0.0041190 seconds, Stopping threads took: 0.0034170 seconds
223.234: Application time: 0.0010240 seconds
223.277: [GC [PSYoungGen: 7643K->1005K(7680K)] 13472K->11814K(25088K), 0.0020440 secs] [Times: user=0.01 sys=0.00, real=0.00 secs] 
223.280: [Full GC [PSYoungGen: 1005K->0K(7680K)] [ParOldGen: 10809K->7293K(17408K)] 11814K->7293K(25088K) [PSPermGen: 5141K->5141K(21504K)], 0.0047100 secs] [Times: user=0.02 sys=0.00, real=0.01 secs] 
223.284: Total time for which application threads were stopped: 0.0499930 seconds, Stopping threads took: 0.0430940 seconds
223.359: Application time: 0.0743790 seconds
223.403: [GC [PSYoungGen: 6656K->1005K(7680K)] 13949K->8298K(25088K), 0.0004640 secs] [Times: user=0.00 sys=0.00, real=0.00 secs] 
223.404: Total time for which application threads were stopped: 0.0452640 seconds, Stopping threads took: 0.0447320 seconds
223.405: Application time: 0.0010030 seconds
223.449: [GC [PSYoungGen: 7565K->1005K(7680K)] 14858K->13775K(25088K), 0.0019620 secs] [Times: user=0.01 sys=0.00, real=0.01 secs] 
223.451: [Full GC [PSYoungGen: 1005K->0K(7680K)] [ParOldGen: 12770K->7586K(17408K)] 13775K->7586K(25088K) [PSPermGen: 5141K->5141K(21504K)], 0.0050110 secs] [Times: user=0.03 sys=0.00, real=0.00 secs] 
223.456: Total time for which application threads were stopped: 0.0507930 seconds, Stopping threads took: 0.0436730 seconds
223.532: Application time: 0.0758220 seconds
223.602: [GC [PSYoungGen: 6656K->192K(7680K)] 14242K->7778K(25088K), 0.0003670 secs] [Times: user=0.00 sys=0.00, real=0.00 secs] 
223.602: Total time for which application threads were stopped: 0.0705140 seconds, Stopping threads took: 0.0700730 seconds
223.603: Application time: 0.0012190 seconds
223.603: [GC [PSYoungGen: 6830K->1005K(7680K)] 14416K->14361K(25088K), 0.0018900 secs] [Times: user=0.01 sys=0.00, real=0.00 secs] 
223.605: [Full GC [PSYoungGen: 1005K->0K(7680K)] [ParOldGen: 13356K->7879K(17408K)] 14361K->7879K(25088K) [PSPermGen: 5141K->5141K(21504K)], 0.0051850 secs] [Times: user=0.02 sys=0.00, real=0.01 secs] 
223.611: Total time for which application threads were stopped: 0.0073140 seconds, Stopping threads took: 0.0001170 seconds
223.696: Application time: 0.0850860 seconds
223.765: [GC [PSYoungGen: 6559K->387K(7680K)] 14438K->8266K(25088K), 0.0005800 secs] [Times: user=0.00 sys=0.00, real=0.00 secs] 
223.766: Total time for which application threads were stopped: 0.0701320 seconds, Stopping threads took: 0.0694850 seconds
223.767: Application time: 0.0007630 seconds
223.767: [GC [PSYoungGen: 6947K->1006K(7680K)] 14826K->14777K(25088K), 0.0020380 secs] [Times: user=0.02 sys=0.01, real=0.00 secs] 
223.769: [Full GC [PSYoungGen: 1006K->0K(7680K)] [ParOldGen: 13770K->8074K(17408K)] 14777K->8074K(25088K) [PSPermGen: 5141K->5141K(21504K)], 0.0051930 secs] [Times: user=0.02 sys=0.00, real=0.01 secs] 
223.774: Total time for which application threads were stopped: 0.0075360 seconds, Stopping threads took: 0.0001710 seconds
223.860: Application time: 0.0859330 seconds
223.934: [GC [PSYoungGen: 6559K->518K(7680K)] 14634K->8593K(25088K), 0.0005650 secs] [Times: user=0.00 sys=0.00, real=0.00 secs] 
223.935: [Full GC [PSYoungGen: 518K->0K(7680K)] [ParOldGen: 8074K->1927K(17408K)] 8593K->1927K(25088K) [PSPermGen: 5141K->5141K(21504K)], 0.0041460 secs] [Times: user=0.02 sys=0.00, real=0.00 secs] 
223.939: Total time for which application threads were stopped: 0.0786300 seconds, Stopping threads took: 0.0738050 seconds
223.940: Application time: 0.0011380 seconds
223.988: [GC [PSYoungGen: 6540K->1008K(7680K)] 8468K->7606K(25088K), 0.0017570 secs] [Times: user=0.01 sys=0.00, real=0.01 secs] 
223.990: Total time for which application threads were stopped: 0.0499870 seconds, Stopping threads took: 0.0481480 seconds
224.070: Application time: 0.0803810 seconds
224.120: [GC [PSYoungGen: 7548K->582K(7680K)] 14146K->7180K(25088K), 0.0004910 secs] [Times: user=0.01 sys=0.00, real=0.00 secs] 
224.120: Total time for which application threads were stopped: 0.0498160 seconds, Stopping threads took: 0.0492490 seconds
224.121: Application time: 0.0008970 seconds
224.169: [GC [PSYoungGen: 7142K->1008K(7680K)] 13740K->12569K(25088K), 0.0020940 secs] [Times: user=0.02 sys=0.00, real=0.00 secs] 
224.171: [Full GC [PSYoungGen: 1008K->0K(7680K)] [ParOldGen: 11561K->7195K(17408K)] 12569K->7195K(25088K) [PSPermGen: 5141K->5141K(21504K)], 0.0050050 secs] [Times: user=0.02 sys=0.00, real=0.00 secs] 
224.176: Total time for which application threads were stopped: 0.0553840 seconds, Stopping threads took: 0.0481250 seconds
224.266: Application time: 0.0892330 seconds
224.321: [GC [PSYoungGen: 6559K->777K(7680K)] 13755K->7973K(25088K), 0.0005580 secs] [Times: user=0.00 sys=0.00, real=0.01 secs] 
224.321: Total time for which application threads were stopped: 0.0557300 seconds, Stopping threads took: 0.0551060 seconds
224.322: Application time: 0.0009300 seconds
224.377: [GC [PSYoungGen: 7433K->1005K(7680K)] 14629K->12498K(25088K), 0.0016600 secs] [Times: user=0.01 sys=0.00, real=0.00 secs] 
224.379: [Full GC [PSYoungGen: 1005K->0K(7680K)] [ParOldGen: 11492K->6414K(17408K)] 12498K->6414K(25088K) [PSPermGen: 5141K->5141K(21504K)], 0.0049590 secs] [Times: user=0.02 sys=0.00, real=0.01 secs] 
224.384: Total time for which application threads were stopped: 0.0617980 seconds, Stopping threads took: 0.0550270 seconds
224.476: Application time: 0.0914990 seconds
224.525: [GC [PSYoungGen: 6540K->909K(7680K)] 12955K->7324K(25088K), 0.0005340 secs] [Times: user=0.00 sys=0.00, real=0.00 secs] 
224.525: Total time for which application threads were stopped: 0.0496450 seconds, Stopping threads took: 0.0490190 seconds
224.526: Application time: 0.0009930 seconds
224.572: [GC [PSYoungGen: 7469K->1005K(7680K)] 13884K->12921K(25088K), 0.0020510 secs] [Times: user=0.02 sys=0.00, real=0.00 secs] 
224.574: [Full GC [PSYoungGen: 1005K->0K(7680K)] [ParOldGen: 11915K->7586K(17408K)] 12921K->7586K(25088K) [PSPermGen: 5141K->5141K(21504K)], 0.0050880 secs] [Times: user=0.02 sys=0.00, real=0.00 secs] 
224.579: Total time for which application threads were stopped: 0.0527940 seconds, Stopping threads took: 0.0455060 seconds
224.678: Application time: 0.0985190 seconds
224.752: [GC [PSYoungGen: 6656K->160K(7680K)] 14242K->7746K(25088K), 0.0006200 secs] [Times: user=0.00 sys=0.00, real=0.00 secs] 
224.753: Total time for which application threads were stopped: 0.0755880 seconds, Stopping threads took: 0.0748700 seconds
224.754: Application time: 0.0009130 seconds
224.797: [GC [PSYoungGen: 6798K->1005K(7680K)] 14384K->13279K(25088K), 0.0018630 secs] [Times: user=0.01 sys=0.00, real=0.00 secs] 
224.799: [Full GC [PSYoungGen: 1005K->0K(7680K)] [ParOldGen: 12274K->6805K(17408K)] 13279K->6805K(25088K) [PSPermGen: 5141K->5141K(21504K)], 0.0054550 secs] [Times: user=0.02 sys=0.00, real=0.01 secs] 
224.805: Total time for which application threads were stopped: 0.0507350 seconds, Stopping threads took: 0.0432640 seconds
224.885: Application time: 0.0800030 seconds
224.934: [GC [PSYoungGen: 6638K->419K(7680K)] 13443K->7224K(25088K), 0.0004910 secs] [Times: user=0.00 sys=0.00, real=0.00 secs] 
224.934: Total time for which application threads were stopped: 0.0495100 seconds, Stopping threads took: 0.0489220 seconds
224.935: Application time: 0.0008310 seconds
224.983: [GC [PSYoungGen: 7057K->1021K(7680K)] 13863K->12726K(25088K), 0.0018610 secs] [Times: user=0.01 sys=0.00, real=0.00 secs] 
224.985: [Full GC [PSYoungGen: 1021K->0K(7680K)] [ParOldGen: 11704K->7000K(17408K)] 12726K->7000K(25088K) [PSPermGen: 5141K->5141K(21504K)], 0.0053040 secs] [Times: user=0.02 sys=0.00, real=0.01 secs] 
224.990: Total time for which application threads were stopped: 0.0553540 seconds, Stopping threads took: 0.0480380 seconds
225.071: Application time: 0.0805710 seconds
225.076: [GC [PSYoungGen: 6345K->1005K(7680K)] 13345K->10553K(25088K), 0.0011280 secs] [Times: user=0.00 sys=0.00, real=0.00 secs] 
225.077: [Full GC [PSYoungGen: 1005K->0K(7680K)] [ParOldGen: 9548K->4657K(17408K)] 10553K->4657K(25088K) [PSPermGen: 5141K->5141K(21504K)], 0.0043810 secs] [Times: user=0.02 sys=0.00, real=0.01 secs] 
225.081: Total time for which application threads were stopped: 0.0103700 seconds, Stopping threads took: 0.0047390 seconds
225.159: Application time: 0.0777990 seconds
225.163: [GC [PSYoungGen: 6462K->973K(7680K)] 11119K->6021K(25088K), 0.0008080 secs] [Times: user=0.00 sys=0.00, real=0.00 secs] 
225.164: Total time for which application threads were stopped: 0.0042990 seconds, Stopping threads took: 0.0034190 seconds
225.169: Application time: 0.0058730 seconds
225.241: [GC [PSYoungGen: 7533K->355K(7680K)] 12581K->5403K(25088K), 0.0004500 secs] [Times: user=0.01 sys=0.00, real=0.00 secs] 
225.242: Total time for which application threads were stopped: 0.0724780 seconds, Stopping threads took: 0.0719400 seconds
225.243: Application time: 0.0007250 seconds
225.243: [GC [PSYoungGen: 6915K->1006K(7680K)] 11963K->11946K(25088K), 0.0018830 secs] [Times: user=0.01 sys=0.00, real=0.00 secs] 
225.245: [Full GC [PSYoungGen: 1006K->0K(7680K)] [ParOldGen: 10939K->8074K(17408K)] 11946K->8074K(25088K) [PSPermGen: 5141K->5141K(21504K)], 0.0052470 secs] [Times: user=0.03 sys=0.00, real=0.01 secs] 
225.250: Total time for which application threads were stopped: 0.0075050 seconds, Stopping threads took: 0.0002460 seconds
225.333: Application time: 0.0829170 seconds
225.403: [GC [PSYoungGen: 6559K->646K(7680K)] 14634K->8721K(25088K), 0.0004230 secs] [Times: user=0.00 sys=0.00, real=0.00 secs] 
225.403: Total time for which application threads were stopped: 0.0701300 seconds, Stopping threads took: 0.0696330 seconds
225.409: Application time: 0.0062160 seconds
225.480: [GC [PSYoungGen: 7109K->518K(7680K)] 15184K->8593K(25088K), 0.0005730 secs] [Times: user=0.00 sys=0.00, real=0.00 secs] 
225.481: Total time for which application threads were stopped: 0.0715520 seconds, Stopping threads took: 0.0708950 seconds
225.482: Application time: 0.0006230 seconds
225.482: [GC [PSYoungGen: 6981K->1006K(7680K)] 15056K->15071K(25088K), 0.0019550 secs] [Times: user=0.01 sys=0.00, real=0.00 secs] 
225.484: [Full GC [PSYoungGen: 1006K->0K(7680K)] [ParOldGen: 14064K->8172K(17408K)] 15071K->8172K(25088K) [PSPermGen: 5141K->5141K(21504K)], 0.0056680 secs] [Times: user=0.02 sys=0.00, real=0.01 secs] 
225.490: Total time for which application threads were stopped: 0.0081280 seconds, Stopping threads took: 0.0003600 seconds
225.592: Application time: 0.1027170 seconds
225.659: [GC [PSYoungGen: 6462K->550K(7680K)] 14634K->8723K(25088K), 0.0004620 secs] [Times: user=0.00 sys=0.00, real=0.00 secs] 
225.660: [Full GC [PSYoungGen: 550K->0K(7680K)] [ParOldGen: 8172K->1927K(17408K)] 8723K->1927K(25088K) [PSPermGen: 5141K->5141K(21504K)], 0.0041670 secs] [Times: user=0.02 sys=0.00, real=0.01 secs] 
225.664: Total time for which application threads were stopped: 0.0717120 seconds, Stopping threads took: 0.0669650 seconds
225.665: Application time: 0.0012320 seconds
225.713: [GC [PSYoungGen: 6540K->939K(7680K)] 8468K->7945K(25088K), 0.0018150 secs] [Times: user=0.01 sys=0.00, real=0.00 secs] 
225.715: Total time for which application threads were stopped: 0.0499600 seconds, Stopping threads took: 0.0480610 seconds
225.798: Application time: 0.0824290 seconds
225.847: [GC [PSYoungGen: 7401K->646K(7680K)] 14407K->7652K(25088K), 0.0004330 secs] [Times: user=0.01 sys=0.00, real=0.00 secs] 
225.848: Total time for which application threads were stopped: 0.0499650 seconds, Stopping threads took: 0.0494630 seconds
225.849: Application time: 0.0016790 seconds
225.925: [GC [PSYoungGen: 7187K->646K(7680K)] 14193K->7652K(25088K), 0.0005300 secs] [Times: user=0.00 sys=0.00, real=0.00 secs] 
225.926: Total time for which application threads were stopped: 0.0761720 seconds, Stopping threads took: 0.0755680 seconds
225.926: Application time: 0.0006690 seconds
225.975: [GC [PSYoungGen: 7187K->1005K(7680K)] 14193K->13052K(25088K), 0.0017570 secs] [Times: user=0.01 sys=0.00, real=0.00 secs] 
225.976: [Full GC [PSYoungGen: 1005K->0K(7680K)] [ParOldGen: 12046K->7098K(17408K)] 13052K->7098K(25088K) [PSPermGen: 5141K->5141K(21504K)], 0.0052950 secs] [Times: user=0.03 sys=0.00, real=0.01 secs] 
225.982: Total time for which application threads were stopped: 0.0554220 seconds, Stopping threads took: 0.0482500 seconds
226.062: Application time: 0.0803740 seconds
226.111: [GC [PSYoungGen: 6462K->973K(7680K)] 13560K->9829K(25088K), 0.0009470 secs] [Times: user=0.01 sys=0.00, real=0.00 secs] 
226.111: [Full GC [PSYoungGen: 973K->0K(7680K)] [ParOldGen: 8856K->3876K(17408K)] 9829K->3876K(25088K) [PSPermGen: 5141K->5141K(21504K)], 0.0043010 secs] [Times: user=0.01 sys=0.00, real=0.00 secs] 
226.116: Total time for which application threads were stopped: 0.0538090 seconds, Stopping threads took: 0.0484380 seconds
226.200: Application time: 0.0839800 seconds
226.207: [GC [PSYoungGen: 6462K->550K(7680K)] 10338K->4427K(25088K), 0.0004480 secs] [Times: user=0.00 sys=0.00, real=0.00 secs] 
226.207: Total time for which application threads were stopped: 0.0074200 seconds, Stopping threads took: 0.0069050 seconds
226.208: Application time: 0.0008740 seconds
226.268: [GC [PSYoungGen: 7110K->1005K(7680K)] 10987K->9968K(25088K), 0.0018540 secs] [Times: user=0.02 sys=0.00, real=0.01 secs] 
226.269: [Full GC [PSYoungGen: 1005K->0K(7680K)] [ParOldGen: 8962K->7196K(17408K)] 9968K->7196K(25088K) [PSPermGen: 5141K->5141K(21504K)], 0.0046750 secs] [Times: user=0.02 sys=0.00, real=0.00 secs] 
226.274: Total time for which application threads were stopped: 0.0660420 seconds, Stopping threads took: 0.0593890 seconds
226.354: Application time: 0.0797000 seconds
226.403: [GC [PSYoungGen: 6364K->875K(7680K)] 13560K->8853K(25088K), 0.0007180 secs] [Times: user=0.00 sys=0.00, real=0.00 secs] 
226.404: Total time for which application threads were stopped: 0.0503240 seconds, Stopping threads took: 0.0495360 seconds
226.409: Application time: 0.0052650 seconds
226.482: [GC [PSYoungGen: 7338K->646K(7680K)] 15315K->8624K(25088K), 0.0005010 secs] [Times: user=0.00 sys=0.00, real=0.00 secs] 
226.483: Total time for which application threads were stopped: 0.0732480 seconds, Stopping threads took: 0.0726750 seconds
226.483: Application time: 0.0007490 seconds
226.529: [GC [PSYoungGen: 7246K->1021K(7680K)] 15223K->13921K(25088K), 0.0016410 secs] [Times: user=0.01 sys=0.00, real=0.01 secs] 
226.531: [Full GC [PSYoungGen: 1021K->0K(7680K)] [ParOldGen: 12900K->7001K(17408K)] 13921K->7001K(25088K) [PSPermGen: 5141K->5141K(21504K)], 0.0053620 secs] [Times: user=0.03 sys=0.00, real=0.00 secs] 
226.536: Total time for which application threads were stopped: 0.0525990 seconds, Stopping threads took: 0.0454770 seconds
226.617: Application time: 0.0804840 seconds
226.665: [GC [PSYoungGen: 6559K->1005K(7680K)] 13561K->9772K(25088K), 0.0009160 secs] [Times: user=0.00 sys=0.00, real=0.00 secs] 
226.666: Total time for which application threads were stopped: 0.0494170 seconds, Stopping threads took: 0.0484280 seconds
226.753: Application time: 0.0871680 seconds
226.764: [GC [PSYoungGen: 7467K->614K(7680K)] 16234K->9381K(25088K), 0.0004440 secs] [Times: user=0.00 sys=0.00, real=0.00 secs] 
226.764: Total time for which application threads were stopped: 0.0108230 seconds, Stopping threads took: 0.0103080 seconds
226.765: Application time: 0.0007750 seconds
226.818: [GC [PSYoungGen: 7233K->1006K(7680K)] 16000K->14741K(25088K), 0.0019240 secs] [Times: user=0.01 sys=0.00, real=0.00 secs] 
226.820: [Full GC [PSYoungGen: 1006K->0K(7680K)] [ParOldGen: 13734K->7098K(17408K)] 14741K->7098K(25088K) [PSPermGen: 5141K->5141K(21504K)], 0.0050200 secs] [Times: user=0.02 sys=0.00, real=0.01 secs] 
226.825: Total time for which application threads were stopped: 0.0604620 seconds, Stopping threads took: 0.0533660 seconds
226.905: Application time: 0.0795480 seconds
226.954: [GC [PSYoungGen: 6462K->939K(7680K)] 13561K->8819K(25088K), 0.0006740 secs] [Times: user=0.00 sys=0.00, real=0.00 secs] 
226.956: Total time for which application threads were stopped: 0.0509820 seconds, Stopping threads took: 0.0493300 seconds
226.957: Application time: 0.0011820 seconds
227.014: [GC [PSYoungGen: 7595K->907K(7680K)] 15475K->14061K(25088K), 0.0019510 secs] [Times: user=0.01 sys=0.00, real=0.00 secs] 
227.016: [Full GC [PSYoungGen: 907K->0K(7680K)] [ParOldGen: 13154K->7294K(17408K)] 14061K->7294K(25088K) [PSPermGen: 5141K->5141K(21504K)], 0.0056750 secs] [Times: user=0.02 sys=0.00, real=0.01 secs] 
227.022: Total time for which application threads were stopped: 0.0646710 seconds, Stopping threads took: 0.0568970 seconds
227.103: Application time: 0.0809220 seconds
227.152: [GC [PSYoungGen: 6656K->941K(7680K)] 13950K->8235K(25088K), 0.0006240 secs] [Times: user=0.01 sys=0.00, real=0.00 secs] 
227.153: Total time for which application threads were stopped: 0.0500790 seconds, Stopping threads took: 0.0493660 seconds
227.154: Application time: 0.0009220 seconds
227.214: [GC [PSYoungGen: 7597K->973K(7680K)] 14891K->12760K(25088K), 0.0017680 secs] [Times: user=0.01 sys=0.00, real=0.00 secs] 
227.215: [Full GC [PSYoungGen: 973K->0K(7680K)] [ParOldGen: 11786K->6611K(17408K)] 12760K->6611K(25088K) [PSPermGen: 5141K->5141K(21504K)], 0.0054760 secs] [Times: user=0.02 sys=0.00, real=0.00 secs] 
227.221: Total time for which application threads were stopped: 0.0674880 seconds, Stopping threads took: 0.0601000 seconds
227.300: Application time: 0.0788060 seconds
227.349: [GC [PSYoungGen: 6656K->875K(7680K)] 13267K->9049K(25088K), 0.0008460 secs] [Times: user=0.01 sys=0.00, real=0.01 secs] 
227.350: Total time for which application threads were stopped: 0.0501010 seconds, Stopping threads took: 0.0491800 seconds
227.427: Application time: 0.0771960 seconds
227.431: [GC [PSYoungGen: 7435K->387K(7680K)] 15609K->8561K(25088K), 0.0003700 secs] [Times: user=0.00 sys=0.00, real=0.00 secs] 
227.431: Total time for which application threads were stopped: 0.0040370 seconds, Stopping threads took: 0.0036030 seconds
227.432: Application time: 0.0007080 seconds
227.432: [GC [PSYoungGen: 7025K->1006K(7680K)] 15199K->15096K(25088K), 0.0019970 secs] [Times: user=0.01 sys=0.00, real=0.00 secs] 
227.434: [Full GC [PSYoungGen: 1006K->0K(7680K)] [ParOldGen: 14089K->8075K(17408K)] 15096K->8075K(25088K) [PSPermGen: 5141K->5141K(21504K)], 0.0052470 secs] [Times: user=0.03 sys=0.00, real=0.00 secs] 
227.439: Total time for which application threads were stopped: 0.0075480 seconds, Stopping threads took: 0.0001750 seconds
227.524: Application time: 0.0850670 seconds
227.568: [GC [PSYoungGen: 6656K->1005K(7680K)] 14731K->9862K(25088K), 0.0006400 secs] [Times: user=0.00 sys=0.00, real=0.00 secs] 
227.569: Total time for which application threads were stopped: 0.0443270 seconds, Stopping threads took: 0.0436080 seconds
227.573: Application time: 0.0046330 seconds
227.642: [GC [PSYoungGen: 7370K->582K(7680K)] 16227K->9439K(25088K), 0.0005270 secs] [Times: user=0.00 sys=0.00, real=0.00 secs] 
227.642: Total time for which application threads were stopped: 0.0688930 seconds, Stopping threads took: 0.0682890 seconds
227.646: Application time: 0.0034690 seconds
227.697: [GC [PSYoungGen: 7123K->1005K(7680K)] 15980K->13768K(25088K), 0.0014710 secs] [Times: user=0.01 sys=0.00, real=0.00 secs] 
227.698: [Full GC [PSYoungGen: 1005K->0K(7680K)] [ParOldGen: 12763K->6024K(17408K)] 13768K->6024K(25088K) [PSPermGen: 5141K->5141K(21504K)], 0.0046900 secs] [Times: user=0.02 sys=0.00, real=0.01 secs] 
227.703: Total time for which application threads were stopped: 0.0573990 seconds, Stopping threads took: 0.0511190 seconds
227.791: Application time: 0.0874930 seconds
227.834: [GC [PSYoungGen: 6462K->614K(7680K)] 12487K->6639K(25088K), 0.0004280 secs] [Times: user=0.00 sys=0.01, real=0.00 secs] 
227.835: Total time for which application threads were stopped: 0.0440440 seconds, Stopping threads took: 0.0435490 seconds
227.836: Application time: 0.0008450 seconds
227.876: [GC [PSYoungGen: 7174K->1005K(7680K)] 13199K->12116K(25088K), 0.0018940 secs] [Times: user=0.01 sys=0.00, real=0.00 secs] 
227.878: [Full GC [PSYoungGen: 1005K->0K(7680K)] [ParOldGen: 11111K->7196K(17408K)] 12116K->7196K(25088K) [PSPermGen: 5141K->5141K(21504K)], 0.0047780 secs] [Times: user=0.02 sys=0.00, real=0.01 secs] 
227.883: Total time for which application threads were stopped: 0.0474660 seconds, Stopping threads took: 0.0406650 seconds
227.956: Application time: 0.0728700 seconds
227.961: [GC [PSYoungGen: 6462K->1005K(7680K)] 13658K->11139K(25088K), 0.0012390 secs] [Times: user=0.00 sys=0.00, real=0.00 secs] 
227.963: [Full GC [PSYoungGen: 1005K->0K(7680K)] [ParOldGen: 10134K->5048K(17408K)] 11139K->5048K(25088K) [PSPermGen: 5141K->5141K(21504K)], 0.0045290 secs] [Times: user=0.02 sys=0.00, real=0.00 secs] 
227.967: Total time for which application threads were stopped: 0.0111460 seconds, Stopping threads took: 0.0052470 seconds
228.040: Application time: 0.0726210 seconds
228.044: [GC [PSYoungGen: 6656K->841K(7680K)] 11704K->7062K(25088K), 0.0007100 secs] [Times: user=0.01 sys=0.00, real=0.00 secs] 
228.045: Total time for which application threads were stopped: 0.0051620 seconds, Stopping threads took: 0.0043840 seconds
228.052: Application time: 0.0068390 seconds
228.116: [GC [PSYoungGen: 7480K->973K(7680K)] 13700K->7193K(25088K), 0.0005350 secs] [Times: user=0.00 sys=0.00, real=0.00 secs] 
228.117: Total time for which application threads were stopped: 0.0648610 seconds, Stopping threads took: 0.0642500 seconds
228.117: Application time: 0.0007750 seconds
228.166: [GC [PSYoungGen: 7533K->1005K(7680K)] 13754K->11620K(25088K), 0.0015220 secs] [Times: user=0.01 sys=0.00, real=0.00 secs] 
228.168: [Full GC [PSYoungGen: 1005K->0K(7680K)] [ParOldGen: 10615K->6513K(17408K)] 11620K->6513K(25088K) [PSPermGen: 5141K->5141K(21504K)], 0.0049610 secs] [Times: user=0.02 sys=0.00, real=0.01 secs] 
228.173: Total time for which application threads were stopped: 0.0554510 seconds, Stopping threads took: 0.0488600 seconds
228.246: Application time: 0.0732720 seconds
228.289: [GC [PSYoungGen: 6540K->1005K(7680K)] 13053K->8698K(25088K), 0.0009100 secs] [Times: user=0.01 sys=0.00, real=0.00 secs] 
228.290: Total time for which application threads were stopped: 0.0440170 seconds, Stopping threads took: 0.0430410 seconds
228.291: Application time: 0.0011850 seconds
228.335: [GC [PSYoungGen: 7565K->1005K(7680K)] 15258K->13215K(25088K), 0.0017430 secs] [Times: user=0.01 sys=0.00, real=0.00 secs] 
228.337: [Full GC [PSYoungGen: 1005K->0K(7680K)] [ParOldGen: 12209K->6611K(17408K)] 13215K->6611K(25088K) [PSPermGen: 5141K->5141K(21504K)], 0.0047970 secs] [Times: user=0.02 sys=0.00, real=0.01 secs] 
228.342: Total time for which application threads were stopped: 0.0502230 seconds, Stopping threads took: 0.0435400 seconds
228.414: Application time: 0.0729440 seconds
228.459: [GC [PSYoungGen: 6638K->939K(7680K)] 13249K->7941K(25088K), 0.0005740 secs] [Times: user=0.00 sys=0.00, real=0.00 secs] 
228.460: Total time for which application threads were stopped: 0.0451890 seconds, Stopping threads took: 0.0445420 seconds
228.461: Application time: 0.0011010 seconds
228.513: [GC [PSYoungGen: 7577K->939K(7680K)] 14579K->12727K(25088K), 0.0016550 secs] [Times: user=0.01 sys=0.00, real=0.00 secs] 
228.515: [Full GC [PSYoungGen: 939K->0K(7680K)] [ParOldGen: 11787K->6806K(17408K)] 12727K->6806K(25088K) [PSPermGen: 5141K->5141K(21504K)], 0.0048810 secs] [Times: user=0.02 sys=0.00, real=0.00 secs] 
228.520: Total time for which application threads were stopped: 0.0592560 seconds, Stopping threads took: 0.0525950 seconds
228.592: Application time: 0.0723500 seconds
228.638: [GC [PSYoungGen: 6462K->1005K(7680K)] 13268K->8202K(25088K), 0.0006060 secs] [Times: user=0.00 sys=0.00, real=0.00 secs] 
228.638: Total time for which application threads were stopped: 0.0458380 seconds, Stopping threads took: 0.0451550 seconds
228.639: Application time: 0.0011030 seconds
228.683: [GC [PSYoungGen: 7643K->939K(7680K)] 14840K->13019K(25088K), 0.0017650 secs] [Times: user=0.02 sys=0.00, real=0.00 secs] 
228.685: [Full GC [PSYoungGen: 939K->0K(7680K)] [ParOldGen: 12080K->6904K(17408K)] 13019K->6904K(25088K) [PSPermGen: 5141K->5141K(21504K)], 0.0046980 secs] [Times: user=0.02 sys=0.00, real=0.01 secs] 
228.689: Total time for which application threads were stopped: 0.0501260 seconds, Stopping threads took: 0.0435420 seconds
228.765: Application time: 0.0751780 seconds
228.810: [GC [PSYoungGen: 6462K->419K(7680K)] 13366K->7323K(25088K), 0.0003810 secs] [Times: user=0.00 sys=0.00, real=0.00 secs] 
228.810: Total time for which application threads were stopped: 0.0455460 seconds, Stopping threads took: 0.0450920 seconds
228.811: Application time: 0.0007060 seconds
228.811: [GC [PSYoungGen: 6979K->1006K(7680K)] 13883K->13802K(25088K), 0.0019300 secs] [Times: user=0.01 sys=0.00, real=0.00 secs] 
228.813: [Full GC [PSYoungGen: 1006K->0K(7680K)] [ParOldGen: 12795K->8075K(17408K)] 13802K->8075K(25088K) [PSPermGen: 5141K->5141K(21504K)], 0.0050360 secs] [Times: user=0.03 sys=0.00, real=0.00 secs] 
228.818: Total time for which application threads were stopped: 0.0071650 seconds, Stopping threads took: 0.0000700 seconds
228.898: Application time: 0.0798340 seconds
228.961: [GC [PSYoungGen: 6559K->614K(7680K)] 14635K->8690K(25088K), 0.0004110 secs] [Times: user=0.00 sys=0.00, real=0.00 secs] 
228.961: Total time for which application threads were stopped: 0.0632500 seconds, Stopping threads took: 0.0627670 seconds
228.962: Application time: 0.0007690 seconds
228.962: [GC [PSYoungGen: 7233K->1005K(7680K)] 15309K->15144K(25088K), 0.0021220 secs] [Times: user=0.02 sys=0.00, real=0.00 secs] 
228.964: [Full GC [PSYoungGen: 1005K->0K(7680K)] [ParOldGen: 14139K->8174K(17408K)] 15144K->8174K(25088K) [PSPermGen: 5141K->5141K(21504K)], 0.0050270 secs] [Times: user=0.02 sys=0.00, real=0.01 secs] 
228.969: Total time for which application threads were stopped: 0.0074720 seconds, Stopping threads took: 0.0001960 seconds
229.050: Application time: 0.0808750 seconds
229.111: [GC [PSYoungGen: 6462K->614K(7680K)] 14636K->8788K(25088K), 0.0004660 secs] [Times: user=0.00 sys=0.00, real=0.00 secs] 
229.112: Total time for which application threads were stopped: 0.0615650 seconds, Stopping threads took: 0.0610330 seconds
229.113: Application time: 0.0007130 seconds
229.113: [GC [PSYoungGen: 7155K->1005K(7680K)] 15329K->15250K(25088K), 0.0019570 secs] [Times: user=0.02 sys=0.00, real=0.00 secs] 
229.115: [Full GC [PSYoungGen: 1005K->0K(7680K)] [ParOldGen: 14245K->8174K(17408K)] 15250K->8174K(25088K) [PSPermGen: 5141K->5141K(21504K)], 0.0051380 secs] [Times: user=0.02 sys=0.00, real=0.00 secs] 
229.120: Total time for which application threads were stopped: 0.0073330 seconds, Stopping threads took: 0.0001160 seconds
229.196: Application time: 0.0765780 seconds
229.247: [GC [PSYoungGen: 6462K->550K(7680K)] 14636K->8724K(25088K), 0.0006980 secs] [Times: user=0.01 sys=0.00, real=0.00 secs] 
229.248: [Full GC [PSYoungGen: 550K->0K(7680K)] [ParOldGen: 8174K->1955K(17408K)] 8724K->1955K(25088K) [PSPermGen: 5141K->5141K(21504K)], 0.0037050 secs] [Times: user=0.01 sys=0.01, real=0.01 secs] 
229.251: Total time for which application threads were stopped: 0.0550120 seconds, Stopping threads took: 0.0504790 seconds
229.253: Application time: 0.0011590 seconds
229.299: [GC [PSYoungGen: 6462K->1005K(7680K)] 8418K->7950K(25088K), 0.0017950 secs] [Times: user=0.01 sys=0.00, real=0.00 secs] 
229.301: Total time for which application threads were stopped: 0.0483460 seconds, Stopping threads took: 0.0464720 seconds
229.375: Application time: 0.0740930 seconds
229.421: [GC [PSYoungGen: 7467K->907K(7680K)] 14412K->8633K(25088K), 0.0008500 secs] [Times: user=0.01 sys=0.00, real=0.01 secs] 
229.422: Total time for which application threads were stopped: 0.0464660 seconds, Stopping threads took: 0.0455470 seconds
229.423: Application time: 0.0011460 seconds
229.467: [GC [PSYoungGen: 7563K->907K(7680K)] 15289K->13907K(25088K), 0.0018270 secs] [Times: user=0.01 sys=0.01, real=0.00 secs] 
229.468: [Full GC [PSYoungGen: 907K->0K(7680K)] [ParOldGen: 12999K->7295K(17408K)] 13907K->7295K(25088K) [PSPermGen: 5141K->5141K(21504K)], 0.0052160 secs] [Times: user=0.02 sys=0.00, real=0.01 secs] 
229.474: Total time for which application threads were stopped: 0.0510220 seconds, Stopping threads took: 0.0438340 seconds
229.547: Application time: 0.0733470 seconds
229.593: [GC [PSYoungGen: 6656K->875K(7680K)] 13951K->9342K(25088K), 0.0008570 secs] [Times: user=0.01 sys=0.00, real=0.00 secs] 
229.594: [Full GC [PSYoungGen: 875K->0K(7680K)] [ParOldGen: 8467K->3193K(17408K)] 9342K->3193K(25088K) [PSPermGen: 5141K->5141K(21504K)], 0.0043050 secs] [Times: user=0.01 sys=0.00, real=0.00 secs] 
229.598: Total time for which application threads were stopped: 0.0510820 seconds, Stopping threads took: 0.0457910 seconds
229.610: Application time: 0.0117460 seconds
229.670: [GC [PSYoungGen: 6656K->1005K(7680K)] 9849K->4394K(25088K), 0.0005380 secs] [Times: user=0.00 sys=0.00, real=0.00 secs] 
229.671: Total time for which application threads were stopped: 0.0609670 seconds, Stopping threads took: 0.0603590 seconds
229.677: Application time: 0.0063430 seconds
229.742: [GC [PSYoungGen: 7565K->128K(7680K)] 10954K->3516K(25088K), 0.0003640 secs] [Times: user=0.00 sys=0.00, real=0.00 secs] 
229.742: Total time for which application threads were stopped: 0.0649100 seconds, Stopping threads took: 0.0644830 seconds
229.743: Application time: 0.0005890 seconds
229.743: [GC [PSYoungGen: 6668K->1006K(7680K)] 10057K->10010K(25088K), 0.0018360 secs] [Times: user=0.01 sys=0.00, real=0.00 secs] 
229.745: [Full GC [PSYoungGen: 1006K->0K(7680K)] [ParOldGen: 9003K->7783K(17408K)] 10010K->7783K(25088K) [PSPermGen: 5141K->5141K(21504K)], 0.0046760 secs] [Times: user=0.02 sys=0.00, real=0.01 secs] 
229.750: Total time for which application threads were stopped: 0.0068130 seconds, Stopping threads took: 0.0001830 seconds
229.860: Application time: 0.1108420 seconds
229.909: [GC [PSYoungGen: 6462K->128K(7680K)] 14245K->7911K(25088K), 0.0006940 secs] [Times: user=0.00 sys=0.00, real=0.00 secs] 
229.910: Total time for which application threads were stopped: 0.0496830 seconds, Stopping threads took: 0.0488940 seconds
229.911: Application time: 0.0007400 seconds
229.911: [GC [PSYoungGen: 6747K->1006K(7680K)] 14530K->14421K(25088K), 0.0020010 secs] [Times: user=0.02 sys=0.00, real=0.00 secs] 
229.913: [Full GC [PSYoungGen: 1006K->0K(7680K)] [ParOldGen: 13414K->7783K(17408K)] 14421K->7783K(25088K) [PSPermGen: 5141K->5141K(21504K)], 0.0049690 secs] [Times: user=0.02 sys=0.00, real=0.00 secs] 
229.918: Total time for which application threads were stopped: 0.0072450 seconds, Stopping threads took: 0.0001510 seconds
229.999: Application time: 0.0805810 seconds
230.059: [GC [PSYoungGen: 6656K->419K(7680K)] 14439K->8203K(25088K), 0.0004400 secs] [Times: user=0.00 sys=0.00, real=0.00 secs] 
230.060: Total time for which application threads were stopped: 0.0611660 seconds, Stopping threads took: 0.0606570 seconds
230.061: Application time: 0.0006920 seconds
230.061: [GC [PSYoungGen: 6979K->1008K(7680K)] 14763K->14610K(25088K), 0.0018900 secs] [Times: user=0.01 sys=0.00, real=0.01 secs] 
230.063: [Full GC [PSYoungGen: 1008K->0K(7680K)] [ParOldGen: 13601K->8076K(17408K)] 14610K->8076K(25088K) [PSPermGen: 5141K->5141K(21504K)], 0.0050770 secs] [Times: user=0.02 sys=0.00, real=0.00 secs] 
230.068: Total time for which application threads were stopped: 0.0072810 seconds, Stopping threads took: 0.0001870 seconds
230.148: Application time: 0.0801020 seconds
230.209: [GC [PSYoungGen: 6559K->550K(7680K)] 14636K->8627K(25088K), 0.0005170 secs] [Times: user=0.00 sys=0.00, real=0.01 secs] 
230.210: [Full GC [PSYoungGen: 550K->0K(7680K)] [ParOldGen: 8076K->1927K(17408K)] 8627K->1927K(25088K) [PSPermGen: 5141K->5141K(21504K)], 0.0038480 secs] [Times: user=0.01 sys=0.00, real=0.00 secs] 
230.213: Total time for which application threads were stopped: 0.0655430 seconds, Stopping threads took: 0.0610720 seconds
230.215: Application time: 0.0012940 seconds
230.258: [GC [PSYoungGen: 6560K->1005K(7680K)] 8487K->8019K(25088K), 0.0017400 secs] [Times: user=0.01 sys=0.00, real=0.00 secs] 
230.260: Total time for which application threads were stopped: 0.0450490 seconds, Stopping threads took: 0.0432340 seconds
230.338: Application time: 0.0777310 seconds
230.383: [GC [PSYoungGen: 7448K->614K(7680K)] 14462K->7628K(25088K), 0.0003980 secs] [Times: user=0.00 sys=0.00, real=0.00 secs] 
230.384: Total time for which application threads were stopped: 0.0460240 seconds, Stopping threads took: 0.0455600 seconds
230.384: Application time: 0.0008380 seconds
230.385: [GC [PSYoungGen: 7077K->1008K(7680K)] 14091K->13962K(25088K), 0.0019420 secs] [Times: user=0.02 sys=0.00, real=0.00 secs] 
230.387: [Full GC [PSYoungGen: 1008K->0K(7680K)] [ParOldGen: 12953K->8174K(17408K)] 13962K->8174K(25088K) [PSPermGen: 5141K->5141K(21504K)], 0.0050530 secs] [Times: user=0.02 sys=0.00, real=0.01 secs] 
230.392: Total time for which application threads were stopped: 0.0072560 seconds, Stopping threads took: 0.0001320 seconds
230.468: Application time: 0.0759030 seconds
230.531: [GC [PSYoungGen: 6618K->614K(7680K)] 14792K->8788K(25088K), 0.0004830 secs] [Times: user=0.00 sys=0.00, real=0.00 secs] 
230.532: [Full GC [PSYoungGen: 614K->0K(7680K)] [ParOldGen: 8174K->2012K(17408K)] 8788K->2012K(25088K) [PSPermGen: 5141K->5141K(21504K)], 0.0039460 secs] [Times: user=0.01 sys=0.00, real=0.00 secs] 
230.536: Total time for which application threads were stopped: 0.0682630 seconds, Stopping threads took: 0.0637140 seconds
230.537: Application time: 0.0013070 seconds
230.581: [GC [PSYoungGen: 6560K->1005K(7680K)] 8573K->8096K(25088K), 0.0018590 secs] [Times: user=0.01 sys=0.00, real=0.00 secs] 
230.583: Total time for which application threads were stopped: 0.0461650 seconds, Stopping threads took: 0.0442320 seconds
230.661: Application time: 0.0780280 seconds
230.724: [GC [PSYoungGen: 7369K->614K(7680K)] 14461K->7706K(25088K), 0.0004410 secs] [Times: user=0.00 sys=0.00, real=0.00 secs] 
230.725: Total time for which application threads were stopped: 0.0634010 seconds, Stopping threads took: 0.0628870 seconds
230.725: Application time: 0.0007820 seconds
230.772: [GC [PSYoungGen: 7270K->1005K(7680K)] 14362K->12206K(25088K), 0.0016260 secs] [Times: user=0.01 sys=0.00, real=0.00 secs] 
230.774: [Full GC [PSYoungGen: 1005K->0K(7680K)] [ParOldGen: 11201K->6221K(17408K)] 12206K->6221K(25088K) [PSPermGen: 5141K->5141K(21504K)], 0.0047470 secs] [Times: user=0.02 sys=0.00, real=0.00 secs] 
230.779: Total time for which application threads were stopped: 0.0530810 seconds, Stopping threads took: 0.0465810 seconds
230.869: Application time: 0.0902910 seconds
230.928: [GC [PSYoungGen: 6345K->646K(7680K)] 12566K->6868K(25088K), 0.0004670 secs] [Times: user=0.00 sys=0.00, real=0.00 secs] 
230.929: Total time for which application threads were stopped: 0.0598300 seconds, Stopping threads took: 0.0592950 seconds
230.930: Application time: 0.0009090 seconds
230.981: [GC [PSYoungGen: 7187K->1006K(7680K)] 13408K->12195K(25088K), 0.0017680 secs] [Times: user=0.00 sys=0.00, real=0.01 secs] 
230.983: [Full GC [PSYoungGen: 1006K->0K(7680K)] [ParOldGen: 11188K->7100K(17408K)] 12195K->7100K(25088K) [PSPermGen: 5141K->5141K(21504K)], 0.0046940 secs] [Times: user=0.02 sys=0.01, real=0.00 secs] 
230.988: Total time for which application threads were stopped: 0.0580360 seconds, Stopping threads took: 0.0514390 seconds
231.062: Application time: 0.0746950 seconds
231.108: [GC [PSYoungGen: 6462K->550K(7680K)] 13562K->7650K(25088K), 0.0003920 secs] [Times: user=0.00 sys=0.00, real=0.00 secs] 
231.108: Total time for which application threads were stopped: 0.0459730 seconds, Stopping threads took: 0.0455080 seconds
231.109: Application time: 0.0008270 seconds
231.109: [GC [PSYoungGen: 7013K->1006K(7680K)] 14113K->14096K(25088K), 0.0019990 secs] [Times: user=0.01 sys=0.00, real=0.00 secs] 
231.111: [Full GC [PSYoungGen: 1006K->0K(7680K)] [ParOldGen: 13089K->8174K(17408K)] 14096K->8174K(25088K) [PSPermGen: 5141K->5141K(21504K)], 0.0050230 secs] [Times: user=0.02 sys=0.00, real=0.00 secs] 
231.117: Total time for which application threads were stopped: 0.0073850 seconds, Stopping threads took: 0.0002200 seconds
231.219: Application time: 0.1023780 seconds
231.273: [GC [PSYoungGen: 6462K->646K(7680K)] 14636K->8821K(25088K), 0.0004020 secs] [Times: user=0.00 sys=0.00, real=0.00 secs] 
231.273: [Full GC [PSYoungGen: 646K->0K(7680K)] [ParOldGen: 8174K->1927K(17408K)] 8821K->1927K(25088K) [PSPermGen: 5141K->5141K(21504K)], 0.0036890 secs] [Times: user=0.02 sys=0.00, real=0.00 secs] 
231.277: Total time for which application threads were stopped: 0.0581830 seconds, Stopping threads took: 0.0539800 seconds
231.278: Application time: 0.0011790 seconds
231.320: [GC [PSYoungGen: 6462K->1008K(7680K)] 8389K->7777K(25088K), 0.0018520 secs] [Times: user=0.01 sys=0.00, real=0.01 secs] 
231.322: Total time for which application threads were stopped: 0.0440820 seconds, Stopping threads took: 0.0421530 seconds
231.396: Application time: 0.0740200 seconds
231.441: [GC [PSYoungGen: 7568K->1005K(7680K)] 14337K->8563K(25088K), 0.0006710 secs] [Times: user=0.01 sys=0.00, real=0.00 secs] 
231.442: Total time for which application threads were stopped: 0.0455540 seconds, Stopping threads took: 0.0448110 seconds
231.443: Application time: 0.0010980 seconds
231.487: [GC [PSYoungGen: 7565K->939K(7680K)] 15123K->13771K(25088K), 0.0019330 secs] [Times: user=0.02 sys=0.00, real=0.00 secs] 
231.489: [Full GC [PSYoungGen: 939K->0K(7680K)] [ParOldGen: 12832K->7295K(17408K)] 13771K->7295K(25088K) [PSPermGen: 5141K->5141K(21504K)], 0.0048890 secs] [Times: user=0.02 sys=0.00, real=0.01 secs] 
231.493: Total time for which application threads were stopped: 0.0504180 seconds, Stopping threads took: 0.0434680 seconds
231.567: Application time: 0.0731840 seconds
231.612: [GC [PSYoungGen: 6423K->939K(7680K)] 13719K->9016K(25088K), 0.0010580 secs] [Times: user=0.00 sys=0.00, real=0.00 secs] 
231.613: [Full GC [PSYoungGen: 939K->0K(7680K)] [ParOldGen: 8077K->2803K(17408K)] 9016K->2803K(25088K) [PSPermGen: 5141K->5141K(21504K)], 0.0039990 secs] [Times: user=0.01 sys=0.00, real=0.00 secs] 
231.617: Total time for which application threads were stopped: 0.0500830 seconds, Stopping threads took: 0.0449000 seconds
231.618: Application time: 0.0014230 seconds
231.677: [GC [PSYoungGen: 6656K->973K(7680K)] 9459K->7878K(25088K), 0.0016920 secs] [Times: user=0.01 sys=0.00, real=0.00 secs] 
231.679: Total time for which application threads were stopped: 0.0608090 seconds, Stopping threads took: 0.0590460 seconds
231.752: Application time: 0.0728210 seconds
231.797: [GC [PSYoungGen: 7337K->1005K(7680K)] 14243K->8700K(25088K), 0.0006640 secs] [Times: user=0.00 sys=0.00, real=0.00 secs] 
231.798: Total time for which application threads were stopped: 0.0459450 seconds, Stopping threads took: 0.0452160 seconds
231.799: Application time: 0.0010850 seconds
231.852: [GC [PSYoungGen: 7643K->1005K(7680K)] 15338K->12826K(25088K), 0.0016600 secs] [Times: user=0.01 sys=0.00, real=0.00 secs] 
231.854: [Full GC [PSYoungGen: 1005K->0K(7680K)] [ParOldGen: 11820K->6221K(17408K)] 12826K->6221K(25088K) [PSPermGen: 5141K->5141K(21504K)], 0.0047180 secs] [Times: user=0.02 sys=0.00, real=0.00 secs] 
231.859: Total time for which application threads were stopped: 0.0599000 seconds, Stopping threads took: 0.0533960 seconds
231.943: Application time: 0.0846050 seconds
232.000: [GC [PSYoungGen: 6345K->614K(7680K)] 12567K->6836K(25088K), 0.0004120 secs] [Times: user=0.00 sys=0.00, real=0.01 secs] 
232.002: Total time for which application threads were stopped: 0.0587220 seconds, Stopping threads took: 0.0570780 seconds
232.003: Application time: 0.0009060 seconds
232.003: [GC [PSYoungGen: 7077K->1006K(7680K)] 13298K->13242K(25088K), 0.0021490 secs] [Times: user=0.02 sys=0.00, real=0.00 secs] 
232.006: [Full GC [PSYoungGen: 1006K->0K(7680K)] [ParOldGen: 12235K->8174K(17408K)] 13242K->8174K(25088K) [PSPermGen: 5141K->5141K(21504K)], 0.0050570 secs] [Times: user=0.02 sys=0.00, real=0.01 secs] 
232.011: Total time for which application threads were stopped: 0.0076480 seconds, Stopping threads took: 0.0003110 seconds
232.090: Application time: 0.0789080 seconds
232.151: [GC [PSYoungGen: 6462K->582K(7680K)] 14636K->8757K(25088K), 0.0003710 secs] [Times: user=0.01 sys=0.00, real=0.00 secs] 
232.152: Total time for which application threads were stopped: 0.0620870 seconds, Stopping threads took: 0.0616430 seconds
232.152: Application time: 0.0007980 seconds
232.153: [GC [PSYoungGen: 7142K->939K(7680K)] 15317K->15364K(25088K), 0.0021910 secs] [Times: user=0.02 sys=0.00, real=0.00 secs] 
232.155: [Full GC [PSYoungGen: 939K->0K(7680K)] [ParOldGen: 14425K->8272K(17408K)] 15364K->8272K(25088K) [PSPermGen: 5141K->5141K(21504K)], 0.0051580 secs] [Times: user=0.02 sys=0.00, real=0.00 secs] 
232.160: Total time for which application threads were stopped: 0.0075380 seconds, Stopping threads took: 0.0000690 seconds
232.241: Application time: 0.0809320 seconds
232.300: [GC [PSYoungGen: 6442K->646K(7680K)] 14715K->8919K(25088K), 0.0004560 secs] [Times: user=0.00 sys=0.00, real=0.00 secs] 
232.300: [Full GC [PSYoungGen: 646K->0K(7680K)] [ParOldGen: 8272K->1956K(17408K)] 8919K->1956K(25088K) [PSPermGen: 5141K->5141K(21504K)], 0.0038820 secs] [Times: user=0.01 sys=0.00, real=0.01 secs] 
232.304: Total time for which application threads were stopped: 0.0630370 seconds, Stopping threads took: 0.0585940 seconds
232.305: Application time: 0.0012540 seconds
232.349: [GC [PSYoungGen: 6560K->1005K(7680K)] 8516K->8047K(25088K), 0.0018280 secs] [Times: user=0.01 sys=0.00, real=0.01 secs] 
232.351: Total time for which application threads were stopped: 0.0455190 seconds, Stopping threads took: 0.0436210 seconds
232.426: Application time: 0.0752880 seconds
232.471: [GC [PSYoungGen: 7369K->875K(7680K)] 14412K->8699K(25088K), 0.0006830 secs] [Times: user=0.01 sys=0.00, real=0.00 secs] 
232.472: Total time for which application threads were stopped: 0.0460280 seconds, Stopping threads took: 0.0452540 seconds
232.473: Application time: 0.0009610 seconds
232.528: [GC [PSYoungGen: 7514K->1005K(7680K)] 15337K->13907K(25088K), 0.0019750 secs] [Times: user=0.01 sys=0.00, real=0.01 secs] 
232.530: [Full GC [PSYoungGen: 1005K->0K(7680K)] [ParOldGen: 12902K->7198K(17408K)] 13907K->7198K(25088K) [PSPermGen: 5141K->5141K(21504K)], 0.0048760 secs] [Times: user=0.02 sys=0.00, real=0.00 secs] 
232.535: Total time for which application threads were stopped: 0.0616620 seconds, Stopping threads took: 0.0546610 seconds
232.613: Application time: 0.0782670 seconds
232.656: [GC [PSYoungGen: 6364K->582K(7680K)] 13563K->7781K(25088K), 0.0007340 secs] [Times: user=0.00 sys=0.00, real=0.00 secs] 
232.657: Total time for which application threads were stopped: 0.0439630 seconds, Stopping threads took: 0.0431460 seconds
232.658: Application time: 0.0009010 seconds
232.707: [GC [PSYoungGen: 7220K->1005K(7680K)] 14419K->13282K(25088K), 0.0018350 secs] [Times: user=0.01 sys=0.01, real=0.01 secs] 
232.709: [Full GC [PSYoungGen: 1005K->0K(7680K)] [ParOldGen: 12276K->7198K(17408K)] 13282K->7198K(25088K) [PSPermGen: 5141K->5141K(21504K)], 0.0049120 secs] [Times: user=0.02 sys=0.00, real=0.00 secs] 
232.714: Total time for which application threads were stopped: 0.0563230 seconds, Stopping threads took: 0.0494360 seconds
232.788: Application time: 0.0737360 seconds
232.833: [GC [PSYoungGen: 6442K->614K(7680K)] 13641K->7813K(25088K), 0.0005300 secs] [Times: user=0.00 sys=0.00, real=0.00 secs] 
232.834: Total time for which application threads were stopped: 0.0459560 seconds, Stopping threads took: 0.0453570 seconds
232.835: Application time: 0.0008750 seconds
232.835: [GC [PSYoungGen: 7174K->1006K(7680K)] 14373K->14308K(25088K), 0.0021420 secs] [Times: user=0.02 sys=0.00, real=0.00 secs] 
232.837: [Full GC [PSYoungGen: 1006K->0K(7680K)] [ParOldGen: 13301K->8272K(17408K)] 14308K->8272K(25088K) [PSPermGen: 5141K->5141K(21504K)], 0.0050850 secs] [Times: user=0.02 sys=0.00, real=0.01 secs] 
232.842: Total time for which application threads were stopped: 0.0073990 seconds, Stopping threads took: 0.0000460 seconds
232.928: Application time: 0.0855580 seconds
232.990: [GC [PSYoungGen: 6364K->646K(7680K)] 14637K->8919K(25088K), 0.0004000 secs] [Times: user=0.00 sys=0.00, real=0.00 secs] 
232.991: [Full GC [PSYoungGen: 646K->0K(7680K)] [ParOldGen: 8272K->1956K(17408K)] 8919K->1956K(25088K) [PSPermGen: 5141K->5141K(21504K)], 0.0037080 secs] [Times: user=0.01 sys=0.00, real=0.00 secs] 
232.994: Total time for which application threads were stopped: 0.0668080 seconds, Stopping threads took: 0.0625910 seconds
232.996: Application time: 0.0012820 seconds
233.047: [GC [PSYoungGen: 6560K->1005K(7680K)] 8516K->8047K(25088K), 0.0018480 secs] [Times: user=0.01 sys=0.00, real=0.00 secs] 
233.049: Total time for which application threads were stopped: 0.0532630 seconds, Stopping threads took: 0.0513330 seconds
233.125: Application time: 0.0758250 seconds
233.170: [GC [PSYoungGen: 7369K->646K(7680K)] 14412K->7689K(25088K), 0.0004590 secs] [Times: user=0.00 sys=0.00, real=0.00 secs] 
233.170: Total time for which application threads were stopped: 0.0456130 seconds, Stopping threads took: 0.0450810 seconds
233.171: Application time: 0.0007940 seconds
233.224: [GC [PSYoungGen: 7302K->939K(7680K)] 14345K->13255K(25088K), 0.0018410 secs] [Times: user=0.02 sys=0.00, real=0.00 secs] 
233.226: [Full GC [PSYoungGen: 939K->0K(7680K)] [ParOldGen: 12316K->7296K(17408K)] 13255K->7296K(25088K) [PSPermGen: 5141K->5141K(21504K)], 0.0048870 secs] [Times: user=0.02 sys=0.00, real=0.01 secs] 
233.230: Total time for which application threads were stopped: 0.0592070 seconds, Stopping threads took: 0.0523550 seconds
233.305: Application time: 0.0750140 seconds
233.351: [GC [PSYoungGen: 6266K->614K(7680K)] 13563K->7910K(25088K), 0.0004020 secs] [Times: user=0.00 sys=0.00, real=0.00 secs] 
233.351: Total time for which application threads were stopped: 0.0455870 seconds, Stopping threads took: 0.0451200 seconds
233.352: Application time: 0.0008110 seconds
233.352: [GC [PSYoungGen: 7155K->1006K(7680K)] 14451K->14316K(25088K), 0.0020660 secs] [Times: user=0.01 sys=0.00, real=0.00 secs] 
233.354: [Full GC [PSYoungGen: 1006K->0K(7680K)] [ParOldGen: 13309K->8175K(17408K)] 14316K->8175K(25088K) [PSPermGen: 5141K->5141K(21504K)], 0.0050600 secs] [Times: user=0.02 sys=0.00, real=0.00 secs] 
233.359: Total time for which application threads were stopped: 0.0075010 seconds, Stopping threads took: 0.0002470 seconds
233.437: Application time: 0.0777120 seconds
233.500: [GC [PSYoungGen: 6462K->582K(7680K)] 14637K->8757K(25088K), 0.0004480 secs] [Times: user=0.00 sys=0.00, real=0.00 secs] 
233.501: [Full GC [PSYoungGen: 582K->0K(7680K)] [ParOldGen: 8175K->1956K(17408K)] 8757K->1956K(25088K) [PSPermGen: 5141K->5141K(21504K)], 0.0038420 secs] [Times: user=0.02 sys=0.00, real=0.01 secs] 
233.505: Total time for which application threads were stopped: 0.0673940 seconds, Stopping threads took: 0.0629720 seconds
233.506: Application time: 0.0012820 seconds
233.551: [GC [PSYoungGen: 6540K->1005K(7680K)] 8496K->7974K(25088K), 0.0017700 secs] [Times: user=0.01 sys=0.00, real=0.00 secs] 
233.552: Total time for which application threads were stopped: 0.0466620 seconds, Stopping threads took: 0.0448140 seconds
233.630: Application time: 0.0777100 seconds
233.673: [GC [PSYoungGen: 7467K->582K(7680K)] 14436K->7551K(25088K), 0.0004730 secs] [Times: user=0.01 sys=0.01, real=0.00 secs] 
233.674: Total time for which application threads were stopped: 0.0435990 seconds, Stopping threads took: 0.0430540 seconds
233.675: Application time: 0.0008530 seconds
233.727: [GC [PSYoungGen: 7045K->1008K(7680K)] 14013K->12818K(25088K), 0.0017430 secs] [Times: user=0.01 sys=0.00, real=0.01 secs] 
233.729: [Full GC [PSYoungGen: 1008K->0K(7680K)] [ParOldGen: 11810K->7100K(17408K)] 12818K->7100K(25088K) [PSPermGen: 5141K->5141K(21504K)], 0.0048180 secs] [Times: user=0.02 sys=0.00, real=0.00 secs] 
233.734: Total time for which application threads were stopped: 0.0595100 seconds, Stopping threads took: 0.0528240 seconds
233.809: Application time: 0.0749200 seconds
233.854: [GC [PSYoungGen: 6540K->939K(7680K)] 13641K->8821K(25088K), 0.0006310 secs] [Times: user=0.00 sys=0.00, real=0.00 secs] 
233.855: Total time for which application threads were stopped: 0.0454480 seconds, Stopping threads took: 0.0447510 seconds
233.856: Application time: 0.0010180 seconds
233.924: [GC [PSYoungGen: 7578K->923K(7680K)] 15460K->12907K(25088K), 0.0016890 secs] [Times: user=0.01 sys=0.00, real=0.00 secs] 
233.926: [Full GC [PSYoungGen: 923K->0K(7680K)] [ParOldGen: 11984K->6124K(17408K)] 12907K->6124K(25088K) [PSPermGen: 5141K->5141K(21504K)], 0.0045900 secs] [Times: user=0.02 sys=0.00, real=0.01 secs] 
233.931: Total time for which application threads were stopped: 0.0750900 seconds, Stopping threads took: 0.0686840 seconds
234.014: Application time: 0.0832280 seconds
234.074: [GC [PSYoungGen: 6364K->614K(7680K)] 12489K->6739K(25088K), 0.0004270 secs] [Times: user=0.00 sys=0.00, real=0.00 secs] 
234.074: Total time for which application threads were stopped: 0.0601650 seconds, Stopping threads took: 0.0596670 seconds
234.075: Application time: 0.0009310 seconds
234.119: [GC [PSYoungGen: 7174K->1005K(7680K)] 13299K->12216K(25088K), 0.0018340 secs] [Times: user=0.01 sys=0.00, real=0.00 secs] 
234.121: [Full GC [PSYoungGen: 1005K->0K(7680K)] [ParOldGen: 11211K->7198K(17408K)] 12216K->7198K(25088K) [PSPermGen: 5141K->5141K(21504K)], 0.0048340 secs] [Times: user=0.03 sys=0.00, real=0.01 secs] 
234.125: Total time for which application threads were stopped: 0.0505330 seconds, Stopping threads took: 0.0437410 seconds
234.200: Application time: 0.0749490 seconds
234.246: [GC [PSYoungGen: 6364K->582K(7680K)] 13563K->7781K(25088K), 0.0004540 secs] [Times: user=0.00 sys=0.00, real=0.00 secs] 
234.246: Total time for which application threads were stopped: 0.0459210 seconds, Stopping threads took: 0.0453900 seconds
234.247: Application time: 0.0008640 seconds
234.291: [GC [PSYoungGen: 7201K->1005K(7680K)] 14400K->13212K(25088K), 0.0017340 secs] [Times: user=0.02 sys=0.00, real=0.00 secs] 
234.293: [Full GC [PSYoungGen: 1005K->0K(7680K)] [ParOldGen: 12207K->7101K(17408K)] 13212K->7101K(25088K) [PSPermGen: 5141K->5141K(21504K)], 0.0049530 secs] [Times: user=0.02 sys=0.00, real=0.00 secs] 
234.298: Total time for which application threads were stopped: 0.0506520 seconds, Stopping threads took: 0.0438430 seconds
234.371: Application time: 0.0728240 seconds
234.416: [GC [PSYoungGen: 6559K->1005K(7680K)] 13660K->8887K(25088K), 0.0006740 secs] [Times: user=0.00 sys=0.00, real=0.00 secs] 
234.417: Total time for which application threads were stopped: 0.0462230 seconds, Stopping threads took: 0.0454800 seconds
234.418: Application time: 0.0012030 seconds
234.473: [GC [PSYoungGen: 7565K->1005K(7680K)] 15447K->14063K(25088K), 0.0018190 secs] [Times: user=0.01 sys=0.00, real=0.00 secs] 
234.475: [Full GC [PSYoungGen: 1005K->0K(7680K)] [ParOldGen: 13058K->7296K(17408K)] 14063K->7296K(25088K) [PSPermGen: 5141K->5141K(21504K)], 0.0048130 secs] [Times: user=0.02 sys=0.00, real=0.00 secs] 
234.480: Total time for which application threads were stopped: 0.0616470 seconds, Stopping threads took: 0.0548920 seconds
234.556: Application time: 0.0759020 seconds
234.601: [GC [PSYoungGen: 6345K->646K(7680K)] 13641K->7943K(25088K), 0.0004160 secs] [Times: user=0.00 sys=0.00, real=0.01 secs] 
234.601: Total time for which application threads were stopped: 0.0457430 seconds, Stopping threads took: 0.0452640 seconds
234.609: Application time: 0.0077120 seconds
234.673: [GC [PSYoungGen: 7187K->614K(7680K)] 14484K->7911K(25088K), 0.0005460 secs] [Times: user=0.00 sys=0.00, real=0.00 secs] 
234.673: Total time for which application threads were stopped: 0.0642930 seconds, Stopping threads took: 0.0636860 seconds
234.674: Application time: 0.0006710 seconds
234.718: [GC [PSYoungGen: 7174K->1008K(7680K)] 14471K->13296K(25088K), 0.0017150 secs] [Times: user=0.01 sys=0.00, real=0.00 secs] 
234.720: [Full GC [PSYoungGen: 1008K->0K(7680K)] [ParOldGen: 12287K->7198K(17408K)] 13296K->7198K(25088K) [PSPermGen: 5141K->5141K(21504K)], 0.0052090 secs] [Times: user=0.02 sys=0.00, real=0.01 secs] 
234.725: Total time for which application threads were stopped: 0.0508250 seconds, Stopping threads took: 0.0437820 seconds
234.799: Application time: 0.0741350 seconds
234.845: [GC [PSYoungGen: 6364K->646K(7680K)] 13563K->7845K(25088K), 0.0004620 secs] [Times: user=0.00 sys=0.00, real=0.00 secs] 
234.846: Total time for which application threads were stopped: 0.0464590 seconds, Stopping threads took: 0.0459230 seconds
234.846: Application time: 0.0008790 seconds
234.899: [GC [PSYoungGen: 7302K->1005K(7680K)] 14501K->12314K(25088K), 0.0014910 secs] [Times: user=0.01 sys=0.00, real=0.00 secs] 
234.900: [Full GC [PSYoungGen: 1005K->0K(7680K)] [ParOldGen: 11308K->6222K(17408K)] 12314K->6222K(25088K) [PSPermGen: 5141K->5141K(21504K)], 0.0049080 secs] [Times: user=0.02 sys=0.00, real=0.01 secs] 
234.905: Total time for which application threads were stopped: 0.0586910 seconds, Stopping threads took: 0.0521790 seconds
234.991: Application time: 0.0859680 seconds
235.049: [GC [PSYoungGen: 6656K->1005K(7680K)] 12878K->7228K(25088K), 0.0004790 secs] [Times: user=0.00 sys=0.00, real=0.01 secs] 
235.049: Total time for which application threads were stopped: 0.0581410 seconds, Stopping threads took: 0.0575980 seconds
235.050: Application time: 0.0010260 seconds
235.094: [GC [PSYoungGen: 7661K->1005K(7680K)] 13883K->11720K(25088K), 0.0017080 secs] [Times: user=0.01 sys=0.01, real=0.00 secs] 
235.096: [Full GC [PSYoungGen: 1005K->0K(7680K)] [ParOldGen: 10715K->6613K(17408K)] 11720K->6613K(25088K) [PSPermGen: 5141K->5141K(21504K)], 0.0046990 secs] [Times: user=0.02 sys=0.00, real=0.00 secs] 
235.100: Total time for which application threads were stopped: 0.0500810 seconds, Stopping threads took: 0.0435490 seconds
235.173: Application time: 0.0728440 seconds
235.218: [GC [PSYoungGen: 6656K->1005K(7680K)] 13269K->8009K(25088K), 0.0005640 secs] [Times: user=0.00 sys=0.00, real=0.00 secs] 
235.219: Total time for which application threads were stopped: 0.0455420 seconds, Stopping threads took: 0.0449090 seconds
235.220: Application time: 0.0009910 seconds
235.263: [GC [PSYoungGen: 7643K->1005K(7680K)] 14647K->12802K(25088K), 0.0018370 secs] [Times: user=0.02 sys=0.00, real=0.00 secs] 
235.265: [Full GC [PSYoungGen: 1005K->0K(7680K)] [ParOldGen: 11797K->6906K(17408K)] 12802K->6906K(25088K) [PSPermGen: 5141K->5141K(21504K)], 0.0048220 secs] [Times: user=0.02 sys=0.00, real=0.01 secs] 
235.270: Total time for which application threads were stopped: 0.0504710 seconds, Stopping threads took: 0.0436830 seconds
235.344: Application time: 0.0734060 seconds
235.389: [GC [PSYoungGen: 6364K->1005K(7680K)] 13270K->8310K(25088K), 0.0005980 secs] [Times: user=0.00 sys=0.00, real=0.01 secs] 
235.389: Total time for which application threads were stopped: 0.0458320 seconds, Stopping threads took: 0.0451580 seconds
235.393: Application time: 0.0039580 seconds
235.461: [GC [PSYoungGen: 7565K->387K(7680K)] 14870K->7692K(25088K), 0.0004780 secs] [Times: user=0.00 sys=0.00, real=0.00 secs] 
235.461: Total time for which application threads were stopped: 0.0675990 seconds, Stopping threads took: 0.0670560 seconds
235.462: Application time: 0.0007070 seconds
235.462: [GC [PSYoungGen: 7025K->1006K(7680K)] 14330K->14219K(25088K), 0.0019850 secs] [Times: user=0.01 sys=0.00, real=0.00 secs] 
235.464: [Full GC [PSYoungGen: 1006K->0K(7680K)] [ParOldGen: 13212K->8078K(17408K)] 14219K->8078K(25088K) [PSPermGen: 5141K->5141K(21504K)], 0.0051330 secs] [Times: user=0.03 sys=0.00, real=0.01 secs] 
235.469: Total time for which application threads were stopped: 0.0075410 seconds, Stopping threads took: 0.0003030 seconds
235.551: Application time: 0.0817220 seconds
235.619: [GC [PSYoungGen: 6559K->614K(7680K)] 14637K->8692K(25088K), 0.0005170 secs] [Times: user=0.00 sys=0.00, real=0.00 secs] 
235.619: Total time for which application threads were stopped: 0.0683420 seconds, Stopping threads took: 0.0677580 seconds
235.620: Application time: 0.0008790 seconds
235.666: [GC [PSYoungGen: 7233K->971K(7680K)] 15311K->14128K(25088K), 0.0018320 secs] [Times: user=0.01 sys=0.00, real=0.00 secs] 
235.668: [Full GC [PSYoungGen: 971K->0K(7680K)] [ParOldGen: 13156K->7101K(17408K)] 14128K->7101K(25088K) [PSPermGen: 5141K->5141K(21504K)], 0.0048220 secs] [Times: user=0.02 sys=0.00, real=0.01 secs] 
235.673: Total time for which application threads were stopped: 0.0527900 seconds, Stopping threads took: 0.0460040 seconds
235.748: Application time: 0.0753090 seconds
235.793: [GC [PSYoungGen: 6540K->646K(7680K)] 13642K->7748K(25088K), 0.0004330 secs] [Times: user=0.00 sys=0.00, real=0.00 secs] 
235.793: Total time for which application threads were stopped: 0.0447720 seconds, Stopping threads took: 0.0442750 seconds
235.794: Application time: 0.0008690 seconds
235.859: [GC [PSYoungGen: 7302K->1005K(7680K)] 14404K->12209K(25088K), 0.0018150 secs] [Times: user=0.01 sys=0.00, real=0.00 secs] 
235.861: [Full GC [PSYoungGen: 1005K->0K(7680K)] [ParOldGen: 11203K->6223K(17408K)] 12209K->6223K(25088K) [PSPermGen: 5141K->5141K(21504K)], 0.0046830 secs] [Times: user=0.02 sys=0.00, real=0.01 secs] 
235.865: Total time for which application threads were stopped: 0.0714230 seconds, Stopping threads took: 0.0648010 seconds
235.953: Application time: 0.0872870 seconds
236.004: [GC [PSYoungGen: 6656K->646K(7680K)] 12879K->7260K(25088K), 0.0004820 secs] [Times: user=0.00 sys=0.00, real=0.00 secs] 
236.005: Total time for which application threads were stopped: 0.0519280 seconds, Stopping threads took: 0.0513670 seconds
236.006: Application time: 0.0010390 seconds
236.044: [GC [PSYoungGen: 7109K->939K(7680K)] 13722K->13022K(25088K), 0.0019050 secs] [Times: user=0.01 sys=0.00, real=0.00 secs] 
236.046: [Full GC [PSYoungGen: 939K->0K(7680K)] [ParOldGen: 12082K->7492K(17408K)] 13022K->7492K(25088K) [PSPermGen: 5141K->5141K(21504K)], 0.0048580 secs] [Times: user=0.02 sys=0.00, real=0.01 secs] 
236.051: Total time for which application threads were stopped: 0.0455450 seconds, Stopping threads took: 0.0386610 seconds
236.128: Application time: 0.0764800 seconds
236.172: [GC [PSYoungGen: 6540K->646K(7680K)] 14032K->8529K(25088K), 0.0005260 secs] [Times: user=0.00 sys=0.00, real=0.00 secs] 
236.172: Total time for which application threads were stopped: 0.0446600 seconds, Stopping threads took: 0.0440690 seconds
236.173: Application time: 0.0008270 seconds
236.226: [GC [PSYoungGen: 7204K->1005K(7680K)] 15087K->13998K(25088K), 0.0018010 secs] [Times: user=0.01 sys=0.00, real=0.00 secs] 
236.228: [Full GC [PSYoungGen: 1005K->0K(7680K)] [ParOldGen: 12993K->7590K(17408K)] 13998K->7590K(25088K) [PSPermGen: 5141K->5141K(21504K)], 0.0051220 secs] [Times: user=0.02 sys=0.00, real=0.01 secs] 
236.233: Total time for which application threads were stopped: 0.0596220 seconds, Stopping threads took: 0.0525780 seconds
236.308: Application time: 0.0751110 seconds
236.353: [GC [PSYoungGen: 6559K->973K(7680K)] 14149K->8758K(25088K), 0.0007470 secs] [Times: user=0.00 sys=0.00, real=0.00 secs] 
236.354: Total time for which application threads were stopped: 0.0461730 seconds, Stopping threads took: 0.0453580 seconds
236.355: Application time: 0.0009230 seconds
236.399: [GC [PSYoungGen: 7611K->1005K(7680K)] 15397K->14487K(25088K), 0.0020430 secs] [Times: user=0.01 sys=0.00, real=0.00 secs] 
236.401: [Full GC [PSYoungGen: 1005K->0K(7680K)] [ParOldGen: 13481K->7785K(17408K)] 14487K->7785K(25088K) [PSPermGen: 5141K->5141K(21504K)], 0.0051070 secs] [Times: user=0.03 sys=0.00, real=0.01 secs] 
236.406: Total time for which application threads were stopped: 0.0508340 seconds, Stopping threads took: 0.0435310 seconds
236.507: Application time: 0.1009940 seconds
236.568: [GC [PSYoungGen: 6656K->419K(7680K)] 14441K->8204K(25088K), 0.0004520 secs] [Times: user=0.01 sys=0.00, real=0.00 secs] 
236.568: Total time for which application threads were stopped: 0.0611810 seconds, Stopping threads took: 0.0606540 seconds
236.569: Application time: 0.0008100 seconds
236.569: [GC [PSYoungGen: 7057K->1006K(7680K)] 14843K->14708K(25088K), 0.0019200 secs] [Times: user=0.02 sys=0.00, real=0.01 secs] 
236.571: [Full GC [PSYoungGen: 1006K->0K(7680K)] [ParOldGen: 13701K->8078K(17408K)] 14708K->8078K(25088K) [PSPermGen: 5141K->5141K(21504K)], 0.0051970 secs] [Times: user=0.02 sys=0.00, real=0.00 secs] 
236.576: Total time for which application threads were stopped: 0.0074030 seconds, Stopping threads took: 0.0001640 seconds
236.656: Application time: 0.0798360 seconds
236.715: [GC [PSYoungGen: 6559K->646K(7680K)] 14638K->8725K(25088K), 0.0005410 secs] [Times: user=0.00 sys=0.00, real=0.00 secs] 
236.716: [Full GC [PSYoungGen: 646K->0K(7680K)] [ParOldGen: 8078K->1955K(17408K)] 8725K->1955K(25088K) [PSPermGen: 5141K->5141K(21504K)], 0.0037710 secs] [Times: user=0.01 sys=0.00, real=0.00 secs] 
236.720: Total time for which application threads were stopped: 0.0637850 seconds, Stopping threads took: 0.0593620 seconds
236.721: Application time: 0.0013220 seconds
236.770: [GC [PSYoungGen: 6560K->1005K(7680K)] 8516K->8047K(25088K), 0.0017530 secs] [Times: user=0.01 sys=0.00, real=0.00 secs] 
236.772: Total time for which application threads were stopped: 0.0509860 seconds, Stopping threads took: 0.0491590 seconds
236.848: Application time: 0.0762120 seconds
236.892: [GC [PSYoungGen: 7369K->550K(7680K)] 14412K->7593K(25088K), 0.0004340 secs] [Times: user=0.00 sys=0.00, real=0.00 secs] 
236.892: Total time for which application threads were stopped: 0.0438060 seconds, Stopping threads took: 0.0433010 seconds
236.893: Application time: 0.0008500 seconds
236.945: [GC [PSYoungGen: 7110K->1005K(7680K)] 14153K->13134K(25088K), 0.0020310 secs] [Times: user=0.01 sys=0.00, real=0.00 secs] 
236.947: [Full GC [PSYoungGen: 1005K->0K(7680K)] [ParOldGen: 12128K->7199K(17408K)] 13134K->7199K(25088K) [PSPermGen: 5141K->5141K(21504K)], 0.0051240 secs] [Times: user=0.02 sys=0.00, real=0.01 secs] 
236.952: Total time for which application threads were stopped: 0.0590040 seconds, Stopping threads took: 0.0517220 seconds
237.026: Application time: 0.0734850 seconds
237.071: [GC [PSYoungGen: 6462K->875K(7680K)] 13661K->10028K(25088K), 0.0009870 secs] [Times: user=0.00 sys=0.00, real=0.00 secs] 
237.072: [Full GC [PSYoungGen: 875K->0K(7680K)] [ParOldGen: 9152K->3977K(17408K)] 10028K->3977K(25088K) [PSPermGen: 5141K->5141K(21504K)], 0.0046700 secs] [Times: user=0.02 sys=0.00, real=0.00 secs] 
237.077: Total time for which application threads were stopped: 0.0515900 seconds, Stopping threads took: 0.0451820 seconds
237.157: Application time: 0.0797450 seconds
237.173: [GC [PSYoungGen: 6364K->582K(7680K)] 10341K->4559K(25088K), 0.0004240 secs] [Times: user=0.00 sys=0.00, real=0.00 secs] 
237.173: Total time for which application threads were stopped: 0.0166180 seconds, Stopping threads took: 0.0161280 seconds
237.174: Application time: 0.0007850 seconds
237.218: [GC [PSYoungGen: 7142K->1005K(7680K)] 11119K->10068K(25088K), 0.0018260 secs] [Times: user=0.01 sys=0.01, real=0.00 secs] 
237.220: [Full GC [PSYoungGen: 1005K->0K(7680K)] [ParOldGen: 9063K->7199K(17408K)] 10068K->7199K(25088K) [PSPermGen: 5141K->5141K(21504K)], 0.0044900 secs] [Times: user=0.02 sys=0.00, real=0.01 secs] 
237.224: Total time for which application threads were stopped: 0.0501320 seconds, Stopping threads took: 0.0436890 seconds
237.298: Application time: 0.0730930 seconds
237.342: [GC [PSYoungGen: 6364K->582K(7680K)] 13564K->7782K(25088K), 0.0004030 secs] [Times: user=0.00 sys=0.00, real=0.00 secs] 
237.343: Total time for which application threads were stopped: 0.0452740 seconds, Stopping threads took: 0.0448030 seconds
237.344: Application time: 0.0008410 seconds
237.396: [GC [PSYoungGen: 7221K->1005K(7680K)] 14420K->13291K(25088K), 0.0017680 secs] [Times: user=0.01 sys=0.00, real=0.00 secs] 
237.398: [Full GC [PSYoungGen: 1005K->0K(7680K)] [ParOldGen: 12285K->7199K(17408K)] 13291K->7199K(25088K) [PSPermGen: 5141K->5141K(21504K)], 0.0050370 secs] [Times: user=0.03 sys=0.00, real=0.01 secs] 
237.403: Total time for which application threads were stopped: 0.0592600 seconds, Stopping threads took: 0.0523370 seconds
237.477: Application time: 0.0740870 seconds
237.523: [GC [PSYoungGen: 6364K->614K(7680K)] 13564K->7814K(25088K), 0.0004670 secs] [Times: user=0.00 sys=0.00, real=0.00 secs] 
237.523: Total time for which application threads were stopped: 0.0461750 seconds, Stopping threads took: 0.0456430 seconds
237.524: Application time: 0.0007990 seconds
237.576: [GC [PSYoungGen: 7251K->907K(7680K)] 14450K->12209K(25088K), 0.0014660 secs] [Times: user=0.01 sys=0.00, real=0.00 secs] 
237.578: [Full GC [PSYoungGen: 907K->0K(7680K)] [ParOldGen: 11301K->6125K(17408K)] 12209K->6125K(25088K) [PSPermGen: 5141K->5141K(21504K)], 0.0048560 secs] [Times: user=0.02 sys=0.00, real=0.01 secs] 
237.583: Total time for which application threads were stopped: 0.0587350 seconds, Stopping threads took: 0.0522600 seconds
237.671: Application time: 0.0879930 seconds
237.724: [GC [PSYoungGen: 6521K->646K(7680K)] 12646K->6772K(25088K), 0.0004280 secs] [Times: user=0.00 sys=0.00, real=0.00 secs] 
237.725: Total time for which application threads were stopped: 0.0542430 seconds, Stopping threads took: 0.0537490 seconds
237.726: Application time: 0.0008750 seconds
237.764: [GC [PSYoungGen: 7109K->1006K(7680K)] 13234K->12099K(25088K), 0.0017840 secs] [Times: user=0.02 sys=0.00, real=0.00 secs] 
237.766: [Full GC [PSYoungGen: 1006K->0K(7680K)] [ParOldGen: 11093K->7102K(17408K)] 12099K->7102K(25088K) [PSPermGen: 5141K->5141K(21504K)], 0.0048560 secs] [Times: user=0.02 sys=0.00, real=0.01 secs] 
237.771: Total time for which application threads were stopped: 0.0450600 seconds, Stopping threads took: 0.0382960 seconds
237.846: Application time: 0.0748520 seconds
237.891: [GC [PSYoungGen: 6540K->923K(7680K)] 13642K->8807K(25088K), 0.0006570 secs] [Times: user=0.00 sys=0.00, real=0.00 secs] 
237.892: Total time for which application threads were stopped: 0.0459660 seconds, Stopping threads took: 0.0452400 seconds
237.893: Application time: 0.0010230 seconds
237.944: [GC [PSYoungGen: 7562K->1005K(7680K)] 15445K->14027K(25088K), 0.0019820 secs] [Times: user=0.01 sys=0.00, real=0.00 secs] 
237.946: [Full GC [PSYoungGen: 1005K->0K(7680K)] [ParOldGen: 13022K->7200K(17408K)] 14027K->7200K(25088K) [PSPermGen: 5141K->5141K(21504K)], 0.0048150 secs] [Times: user=0.02 sys=0.00, real=0.01 secs] 
237.950: Total time for which application threads were stopped: 0.0577510 seconds, Stopping threads took: 0.0508270 seconds
238.025: Application time: 0.0740620 seconds
238.070: [GC [PSYoungGen: 6364K->646K(7680K)] 13564K->7846K(25088K), 0.0003960 secs] [Times: user=0.00 sys=0.00, real=0.00 secs] 
238.070: Total time for which application threads were stopped: 0.0453830 seconds, Stopping threads took: 0.0449230 seconds
238.073: Application time: 0.0034480 seconds
238.140: [GC [PSYoungGen: 7187K->614K(7680K)] 14387K->7814K(25088K), 0.0004380 secs] [Times: user=0.00 sys=0.00, real=0.00 secs] 
238.141: Total time for which application threads were stopped: 0.0673040 seconds, Stopping threads took: 0.0667950 seconds
238.141: Application time: 0.0006230 seconds
238.194: [GC [PSYoungGen: 7077K->1006K(7680K)] 14277K->12032K(25088K), 0.0014370 secs] [Times: user=0.01 sys=0.01, real=0.00 secs] 
238.196: [Full GC [PSYoungGen: 1006K->0K(7680K)] [ParOldGen: 11025K->6028K(17408K)] 12032K->6028K(25088K) [PSPermGen: 5141K->5141K(21504K)], 0.0048200 secs] [Times: user=0.02 sys=0.00, real=0.00 secs] 
238.201: Total time for which application threads were stopped: 0.0593990 seconds, Stopping threads took: 0.0530170 seconds
238.273: Application time: 0.0723960 seconds
238.319: [GC [PSYoungGen: 6462K->550K(7680K)] 12490K->6579K(25088K), 0.0004630 secs] [Times: user=0.00 sys=0.00, real=0.00 secs] 
238.319: Total time for which application threads were stopped: 0.0459880 seconds, Stopping threads took: 0.0454610 seconds
238.320: Application time: 0.0007630 seconds
238.371: [GC [PSYoungGen: 7110K->1005K(7680K)] 13139K->12120K(25088K), 0.0017550 secs] [Times: user=0.01 sys=0.00, real=0.00 secs] 
238.373: [Full GC [PSYoungGen: 1005K->0K(7680K)] [ParOldGen: 11114K->7200K(17408K)] 12120K->7200K(25088K) [PSPermGen: 5141K->5141K(21504K)], 0.0048200 secs] [Times: user=0.02 sys=0.00, real=0.00 secs] 
238.377: Total time for which application threads were stopped: 0.0575840 seconds, Stopping threads took: 0.0508910 seconds
238.450: Application time: 0.0728120 seconds
238.496: [GC [PSYoungGen: 6364K->614K(7680K)] 13564K->7814K(25088K), 0.0004220 secs] [Times: user=0.00 sys=0.00, real=0.00 secs] 
238.496: Total time for which application threads were stopped: 0.0458600 seconds, Stopping threads took: 0.0453740 seconds
238.497: Application time: 0.0007750 seconds
238.497: [GC [PSYoungGen: 7155K->973K(7680K)] 14355K->14228K(25088K), 0.0021220 secs] [Times: user=0.01 sys=0.00, real=0.00 secs] 
238.499: [Full GC [PSYoungGen: 973K->0K(7680K)] [ParOldGen: 13255K->8176K(17408K)] 14228K->8176K(25088K) [PSPermGen: 5141K->5141K(21504K)], 0.0052610 secs] [Times: user=0.02 sys=0.00, real=0.01 secs] 
238.505: Total time for which application threads were stopped: 0.0077200 seconds, Stopping threads took: 0.0002050 seconds
238.584: Application time: 0.0790040 seconds
238.645: [GC [PSYoungGen: 6462K->614K(7680K)] 14638K->8791K(25088K), 0.0004180 secs] [Times: user=0.00 sys=0.00, real=0.00 secs] 
238.646: Total time for which application threads were stopped: 0.0622360 seconds, Stopping threads took: 0.0617440 seconds
238.647: Application time: 0.0008940 seconds
238.695: [GC [PSYoungGen: 7270K->973K(7680K)] 15447K->13251K(25088K), 0.0016940 secs] [Times: user=0.01 sys=0.00, real=0.00 secs] 
238.697: [Full GC [PSYoungGen: 973K->0K(7680K)] [ParOldGen: 12278K->6223K(17408K)] 13251K->6223K(25088K) [PSPermGen: 5141K->5141K(21504K)], 0.0048200 secs] [Times: user=0.02 sys=0.00, real=0.01 secs] 
238.701: Total time for which application threads were stopped: 0.0546490 seconds, Stopping threads took: 0.0480170 seconds
238.786: Application time: 0.0849090 seconds
238.839: [GC [PSYoungGen: 6656K->1005K(7680K)] 12879K->7229K(25088K), 0.0005420 secs] [Times: user=0.00 sys=0.00, real=0.00 secs] 
238.839: Total time for which application threads were stopped: 0.0528310 seconds, Stopping threads took: 0.0522200 seconds
238.840: Application time: 0.0009040 seconds
238.884: [GC [PSYoungGen: 7565K->1006K(7680K)] 13789K->12634K(25088K), 0.0019730 secs] [Times: user=0.01 sys=0.00, real=0.00 secs] 
238.886: [Full GC [PSYoungGen: 1006K->0K(7680K)] [ParOldGen: 11627K->7590K(17408K)] 12634K->7590K(25088K) [PSPermGen: 5141K->5141K(21504K)], 0.0047950 secs] [Times: user=0.02 sys=0.00, real=0.01 secs] 
238.891: Total time for which application threads were stopped: 0.0505710 seconds, Stopping threads took: 0.0436730 seconds
238.989: Application time: 0.0987020 seconds
239.048: [GC [PSYoungGen: 6656K->224K(7680K)] 14246K->7814K(25088K), 0.0004180 secs] [Times: user=0.00 sys=0.00, real=0.00 secs] 
239.049: Total time for which application threads were stopped: 0.0592910 seconds, Stopping threads took: 0.0588020 seconds
239.049: Application time: 0.0008130 seconds
239.050: [GC [PSYoungGen: 6784K->1006K(7680K)] 14374K->14294K(25088K), 0.0017910 secs] [Times: user=0.01 sys=0.00, real=0.00 secs] 
239.051: [Full GC [PSYoungGen: 1006K->0K(7680K)] [ParOldGen: 13287K->7883K(17408K)] 14294K->7883K(25088K) [PSPermGen: 5141K->5141K(21504K)], 0.0049730 secs] [Times: user=0.02 sys=0.00, real=0.00 secs] 
239.057: Total time for which application threads were stopped: 0.0070710 seconds, Stopping threads took: 0.0001770 seconds
239.136: Application time: 0.0791970 seconds
239.197: [GC [PSYoungGen: 6559K->355K(7680K)] 14443K->8239K(25088K), 0.0005040 secs] [Times: user=0.00 sys=0.00, real=0.00 secs] 
239.197: Total time for which application threads were stopped: 0.0614170 seconds, Stopping threads took: 0.0608270 seconds
239.198: Application time: 0.0007500 seconds
239.198: [GC [PSYoungGen: 6876K->1005K(7680K)] 14760K->14683K(25088K), 0.0018600 secs] [Times: user=0.01 sys=0.00, real=0.00 secs] 
239.200: [Full GC [PSYoungGen: 1005K->0K(7680K)] [ParOldGen: 13677K->7884K(17408K)] 14683K->7884K(25088K) [PSPermGen: 5141K->5141K(21504K)], 0.0049440 secs] [Times: user=0.03 sys=0.01, real=0.01 secs] 
239.205: Total time for which application threads were stopped: 0.0070610 seconds, Stopping threads took: 0.0001390 seconds
239.283: Application time: 0.0778130 seconds
239.345: [GC [PSYoungGen: 6637K->355K(7680K)] 14522K->8239K(25088K), 0.0004400 secs] [Times: user=0.01 sys=0.00, real=0.00 secs] 
239.346: [Full GC [PSYoungGen: 355K->0K(7680K)] [ParOldGen: 7884K->1536K(17408K)] 8239K->1536K(25088K) [PSPermGen: 5141K->5141K(21504K)], 0.0039170 secs] [Times: user=0.01 sys=0.00, real=0.01 secs] 
239.350: Total time for which application threads were stopped: 0.0671190 seconds, Stopping threads took: 0.0626560 seconds
239.351: Application time: 0.0011550 seconds
239.395: [GC [PSYoungGen: 6560K->1005K(7680K)] 8096K->7433K(25088K), 0.0017740 secs] [Times: user=0.01 sys=0.00, real=0.00 secs] 
239.397: Total time for which application threads were stopped: 0.0462070 seconds, Stopping threads took: 0.0443580 seconds
239.495: Application time: 0.0974740 seconds
239.555: [GC [PSYoungGen: 7565K->614K(7680K)] 13992K->7042K(25088K), 0.0004750 secs] [Times: user=0.00 sys=0.00, real=0.00 secs] 
239.556: Total time for which application threads were stopped: 0.0609160 seconds, Stopping threads took: 0.0603720 seconds
239.557: Application time: 0.0008580 seconds
239.597: [GC [PSYoungGen: 7253K->1005K(7680K)] 13680K->12543K(25088K), 0.0038730 secs] [Times: user=0.03 sys=0.00, real=0.00 secs] 
239.601: [Full GC [PSYoungGen: 1005K->0K(7680K)] [ParOldGen: 11538K->7200K(17408K)] 12543K->7200K(25088K) [PSPermGen: 5141K->5141K(21504K)], 0.0048750 secs] [Times: user=0.02 sys=0.00, real=0.01 secs] 
239.606: Total time for which application threads were stopped: 0.0492570 seconds, Stopping threads took: 0.0403810 seconds
239.680: Application time: 0.0738700 seconds
239.725: [GC [PSYoungGen: 6364K->1005K(7680K)] 13564K->9963K(25088K), 0.0009950 secs] [Times: user=0.00 sys=0.00, real=0.00 secs] 
239.726: [Full GC [PSYoungGen: 1005K->0K(7680K)] [ParOldGen: 8958K->3880K(17408K)] 9963K->3880K(25088K) [PSPermGen: 5141K->5141K(21504K)], 0.0042250 secs] [Times: user=0.02 sys=0.00, real=0.01 secs] 
239.730: Total time for which application threads were stopped: 0.0507650 seconds, Stopping threads took: 0.0454090 seconds
239.807: Application time: 0.0770300 seconds
239.816: [GC [PSYoungGen: 6619K->646K(7680K)] 10499K->4527K(25088K), 0.0004350 secs] [Times: user=0.00 sys=0.00, real=0.00 secs] 
239.816: Total time for which application threads were stopped: 0.0089210 seconds, Stopping threads took: 0.0084230 seconds
239.817: Application time: 0.0008590 seconds
239.867: [GC [PSYoungGen: 7206K->1005K(7680K)] 11087K->10008K(25088K), 0.0018280 secs] [Times: user=0.01 sys=0.00, real=0.00 secs] 
239.869: [Full GC [PSYoungGen: 1005K->0K(7680K)] [ParOldGen: 9002K->7200K(17408K)] 10008K->7200K(25088K) [PSPermGen: 5141K->5141K(21504K)], 0.0045230 secs] [Times: user=0.02 sys=0.00, real=0.01 secs] 
239.874: Total time for which application threads were stopped: 0.0564430 seconds, Stopping threads took: 0.0499680 seconds
239.948: Application time: 0.0743280 seconds
239.993: [GC [PSYoungGen: 6442K->582K(7680K)] 13643K->7783K(25088K), 0.0004450 secs] [Times: user=0.00 sys=0.00, real=0.00 secs] 
239.994: Total time for which application threads were stopped: 0.0457240 seconds, Stopping threads took: 0.0452100 seconds
239.995: Application time: 0.0007930 seconds
239.995: [GC [PSYoungGen: 7142K->1005K(7680K)] 14343K->14366K(25088K), 0.0019800 secs] [Times: user=0.01 sys=0.00, real=0.00 secs] 
239.997: [Full GC [PSYoungGen: 1005K->0K(7680K)] [ParOldGen: 13361K->8274K(17408K)] 14366K->8274K(25088K) [PSPermGen: 5141K->5141K(21504K)], 0.0050780 secs] [Times: user=0.03 sys=0.00, real=0.01 secs] 
240.002: Total time for which application threads were stopped: 0.0072040 seconds, Stopping threads took: 0.0000250 seconds
240.083: Application time: 0.0808440 seconds
240.143: [GC [PSYoungGen: 6364K->646K(7680K)] 14639K->8921K(25088K), 0.0004500 secs] [Times: user=0.00 sys=0.00, real=0.00 secs] 
240.144: [Full GC [PSYoungGen: 646K->0K(7680K)] [ParOldGen: 8274K->1956K(17408K)] 8921K->1956K(25088K) [PSPermGen: 5141K->5141K(21504K)], 0.0036770 secs] [Times: user=0.01 sys=0.00, real=0.00 secs] 
240.147: Total time for which application threads were stopped: 0.0646650 seconds, Stopping threads took: 0.0604310 seconds
240.149: Application time: 0.0012560 seconds
240.192: [GC [PSYoungGen: 6560K->1005K(7680K)] 8516K->8047K(25088K), 0.0018280 secs] [Times: user=0.01 sys=0.00, real=0.00 secs] 
240.193: Total time for which application threads were stopped: 0.0448600 seconds, Stopping threads took: 0.0429570 seconds
240.267: Application time: 0.0737150 seconds
240.312: [GC [PSYoungGen: 7369K->614K(7680K)] 14412K->7657K(25088K), 0.0004420 secs] [Times: user=0.00 sys=0.00, real=0.00 secs] 
240.313: Total time for which application threads were stopped: 0.0455500 seconds, Stopping threads took: 0.0450310 seconds
240.313: Application time: 0.0008020 seconds
240.314: [GC [PSYoungGen: 7077K->1008K(7680K)] 14119K->13966K(25088K), 0.0019190 secs] [Times: user=0.01 sys=0.00, real=0.00 secs] 
240.316: [Full GC [PSYoungGen: 1008K->0K(7680K)] [ParOldGen: 12958K->8177K(17408K)] 13966K->8177K(25088K) [PSPermGen: 5141K->5141K(21504K)], 0.0050720 secs] [Times: user=0.03 sys=0.00, real=0.00 secs] 
240.321: Total time for which application threads were stopped: 0.0073000 seconds, Stopping threads took: 0.0001930 seconds
240.400: Application time: 0.0794890 seconds
240.461: [GC [PSYoungGen: 6462K->646K(7680K)] 14639K->8823K(25088K), 0.0004110 secs] [Times: user=0.01 sys=0.00, real=0.01 secs] 
240.462: [Full GC [PSYoungGen: 646K->0K(7680K)] [ParOldGen: 8177K->1927K(17408K)] 8823K->1927K(25088K) [PSPermGen: 5141K->5141K(21504K)], 0.0036790 secs] [Times: user=0.01 sys=0.00, real=0.00 secs] 
240.465: Total time for which application threads were stopped: 0.0650300 seconds, Stopping threads took: 0.0608290 seconds
240.466: Application time: 0.0011090 seconds
240.509: [GC [PSYoungGen: 6462K->1006K(7680K)] 8390K->7849K(25088K), 0.0017810 secs] [Times: user=0.01 sys=0.00, real=0.01 secs] 
240.511: Total time for which application threads were stopped: 0.0442280 seconds, Stopping threads took: 0.0423640 seconds
240.584: Application time: 0.0735500 seconds
240.629: [GC [PSYoungGen: 7566K->973K(7680K)] 14409K->8597K(25088K), 0.0007700 secs] [Times: user=0.01 sys=0.01, real=0.01 secs] 
240.630: Total time for which application threads were stopped: 0.0457170 seconds, Stopping threads took: 0.0448720 seconds
240.631: Application time: 0.0011990 seconds
240.675: [GC [PSYoungGen: 7611K->1005K(7680K)] 15235K->13805K(25088K), 0.0019210 secs] [Times: user=0.01 sys=0.00, real=0.00 secs] 
240.676: [Full GC [PSYoungGen: 1005K->0K(7680K)] [ParOldGen: 12800K->7298K(17408K)] 13805K->7298K(25088K) [PSPermGen: 5141K->5141K(21504K)], 0.0048690 secs] [Times: user=0.02 sys=0.00, real=0.01 secs] 
240.681: Total time for which application threads were stopped: 0.0503230 seconds, Stopping threads took: 0.0434000 seconds
240.754: Application time: 0.0728740 seconds
240.799: [GC [PSYoungGen: 6638K->1005K(7680K)] 13936K->9280K(25088K), 0.0007560 secs] [Times: user=0.01 sys=0.00, real=0.00 secs] 
240.799: [Full GC [PSYoungGen: 1005K->0K(7680K)] [ParOldGen: 8275K->3099K(17408K)] 9280K->3099K(25088K) [PSPermGen: 5141K->5141K(21504K)], 0.0042000 secs] [Times: user=0.01 sys=0.00, real=0.01 secs] 
240.804: Total time for which application threads were stopped: 0.0494360 seconds, Stopping threads took: 0.0443540 seconds
240.805: Application time: 0.0015900 seconds
240.874: [GC [PSYoungGen: 6619K->841K(7680K)] 9718K->5113K(25088K), 0.0007760 secs] [Times: user=0.01 sys=0.00, real=0.00 secs] 
240.875: Total time for which application threads were stopped: 0.0697540 seconds, Stopping threads took: 0.0688980 seconds
240.876: Application time: 0.0010590 seconds
240.933: [GC [PSYoungGen: 7402K->1005K(7680K)] 11673K->9573K(25088K), 0.0017370 secs] [Times: user=0.02 sys=0.00, real=0.00 secs] 
240.935: [Full GC [PSYoungGen: 1005K->0K(7680K)] [ParOldGen: 8568K->6419K(17408K)] 9573K->6419K(25088K) [PSPermGen: 5141K->5141K(21504K)], 0.0043990 secs] [Times: user=0.01 sys=0.00, real=0.00 secs] 
240.940: Total time for which application threads were stopped: 0.0634960 seconds, Stopping threads took: 0.0572290 seconds
241.012: Application time: 0.0724960 seconds
241.057: [GC [PSYoungGen: 6462K->1005K(7680K)] 12882K->7425K(25088K), 0.0005000 secs] [Times: user=0.00 sys=0.00, real=0.00 secs] 
241.057: Total time for which application threads were stopped: 0.0449980 seconds, Stopping threads took: 0.0444270 seconds
241.058: Application time: 0.0009360 seconds
241.102: [GC [PSYoungGen: 7565K->1006K(7680K)] 13985K->12830K(25088K), 0.0019640 secs] [Times: user=0.02 sys=0.00, real=0.00 secs] 
241.104: [Full GC [PSYoungGen: 1006K->0K(7680K)] [ParOldGen: 11823K->7591K(17408K)] 12830K->7591K(25088K) [PSPermGen: 5141K->5141K(21504K)], 0.0048260 secs] [Times: user=0.02 sys=0.00, real=0.00 secs] 
241.109: Total time for which application threads were stopped: 0.0505840 seconds, Stopping threads took: 0.0436470 seconds
241.183: Application time: 0.0745480 seconds
241.228: [GC [PSYoungGen: 6637K->843K(7680K)] 14229K->9802K(25088K), 0.0008620 secs] [Times: user=0.00 sys=0.00, real=0.00 secs] 
241.229: [Full GC [PSYoungGen: 843K->0K(7680K)] [ParOldGen: 8958K->3392K(17408K)] 9802K->3392K(25088K) [PSPermGen: 5141K->5141K(21504K)], 0.0039920 secs] [Times: user=0.02 sys=0.00, real=0.01 secs] 
241.233: Total time for which application threads were stopped: 0.0496220 seconds, Stopping threads took: 0.0446510 seconds
241.312: Application time: 0.0794590 seconds
241.323: [GC [PSYoungGen: 6560K->224K(7680K)] 9952K->3616K(25088K), 0.0003730 secs] [Times: user=0.00 sys=0.00, real=0.00 secs] 
241.323: Total time for which application threads were stopped: 0.0110110 seconds, Stopping threads took: 0.0105740 seconds
241.324: Application time: 0.0007300 seconds
241.376: [GC [PSYoungGen: 6879K->907K(7680K)] 10272K->9183K(25088K), 0.0016720 secs] [Times: user=0.01 sys=0.00, real=0.00 secs] 
241.378: Total time for which application threads were stopped: 0.0537970 seconds, Stopping threads took: 0.0520400 seconds
241.450: Application time: 0.0725830 seconds
241.495: [GC [PSYoungGen: 7563K->582K(7680K)] 15839K->8858K(25088K), 0.0004180 secs] [Times: user=0.00 sys=0.00, real=0.00 secs] 
241.496: Total time for which application threads were stopped: 0.0455130 seconds, Stopping threads took: 0.0450110 seconds
241.497: Application time: 0.0008090 seconds
241.497: [GC [PSYoungGen: 7045K->1006K(7680K)] 15320K->15272K(25088K), 0.0019120 secs] [Times: user=0.02 sys=0.00, real=0.00 secs] 
241.499: [Full GC [PSYoungGen: 1006K->0K(7680K)] [ParOldGen: 14265K->8177K(17408K)] 15272K->8177K(25088K) [PSPermGen: 5141K->5141K(21504K)], 0.0050380 secs] [Times: user=0.02 sys=0.00, real=0.01 secs] 
241.504: Total time for which application threads were stopped: 0.0072450 seconds, Stopping threads took: 0.0001680 seconds
241.583: Application time: 0.0789980 seconds
241.644: [GC [PSYoungGen: 6618K->646K(7680K)] 14795K->8824K(25088K), 0.0005030 secs] [Times: user=0.00 sys=0.00, real=0.00 secs] 
241.644: Total time for which application threads were stopped: 0.0613890 seconds, Stopping threads took: 0.0607940 seconds
241.645: Application time: 0.0008720 seconds
241.696: [GC [PSYoungGen: 7302K->1005K(7680K)] 15480K->14419K(25088K), 0.0018110 secs] [Times: user=0.01 sys=0.00, real=0.00 secs] 
241.698: [Full GC [PSYoungGen: 1005K->0K(7680K)] [ParOldGen: 13413K->7299K(17408K)] 14419K->7299K(25088K) [PSPermGen: 5141K->5141K(21504K)], 0.0051670 secs] [Times: user=0.02 sys=0.00, real=0.01 secs] 
241.703: Total time for which application threads were stopped: 0.0580870 seconds, Stopping threads took: 0.0509830 seconds
241.778: Application time: 0.0747030 seconds
241.824: [GC [PSYoungGen: 6656K->973K(7680K)] 13955K->8272K(25088K), 0.0005110 secs] [Times: user=0.00 sys=0.00, real=0.00 secs] 
241.825: Total time for which application threads were stopped: 0.0466100 seconds, Stopping threads took: 0.0460110 seconds
241.826: Application time: 0.0009360 seconds
241.869: [GC [PSYoungGen: 7533K->1005K(7680K)] 14832K->13781K(25088K), 0.0018950 secs] [Times: user=0.01 sys=0.00, real=0.00 secs] 
241.871: [Full GC [PSYoungGen: 1005K->0K(7680K)] [ParOldGen: 12776K->7591K(17408K)] 13781K->7591K(25088K) [PSPermGen: 5141K->5141K(21504K)], 0.0048340 secs] [Times: user=0.02 sys=0.00, real=0.00 secs] 
241.876: Total time for which application threads were stopped: 0.0503910 seconds, Stopping threads took: 0.0435380 seconds
241.955: Application time: 0.0794070 seconds
242.014: [GC [PSYoungGen: 6559K->777K(7680K)] 14151K->8760K(25088K), 0.0005480 secs] [Times: user=0.00 sys=0.00, real=0.00 secs] 
242.014: Total time for which application threads were stopped: 0.0587830 seconds, Stopping threads took: 0.0581540 seconds
242.015: Application time: 0.0008400 seconds
242.057: [GC [PSYoungGen: 7416K->1005K(7680K)] 15398K->14684K(25088K), 0.0019570 secs] [Times: user=0.01 sys=0.00, real=0.00 secs] 
242.059: [Full GC [PSYoungGen: 1005K->0K(7680K)] [ParOldGen: 13678K->7787K(17408K)] 14684K->7787K(25088K) [PSPermGen: 5141K->5141K(21504K)], 0.0051320 secs] [Times: user=0.03 sys=0.00, real=0.01 secs] 
242.064: Total time for which application threads were stopped: 0.0492710 seconds, Stopping threads took: 0.0420520 seconds
242.144: Application time: 0.0792220 seconds
242.205: [GC [PSYoungGen: 6656K->419K(7680K)] 14443K->8206K(25088K), 0.0004430 secs] [Times: user=0.00 sys=0.00, real=0.00 secs] 
242.207: Total time for which application threads were stopped: 0.0630170 seconds, Stopping threads took: 0.0613740 seconds
242.207: Application time: 0.0007790 seconds
242.208: [GC [PSYoungGen: 6979K->1008K(7680K)] 14766K->14613K(25088K), 0.0019420 secs] [Times: user=0.01 sys=0.00, real=0.01 secs] 
242.210: [Full GC [PSYoungGen: 1008K->0K(7680K)] [ParOldGen: 13605K->8080K(17408K)] 14613K->8080K(25088K) [PSPermGen: 5141K->5141K(21504K)], 0.0051630 secs] [Times: user=0.03 sys=0.00, real=0.00 secs] 
242.215: Total time for which application threads were stopped: 0.0074390 seconds, Stopping threads took: 0.0002140 seconds
242.293: Application time: 0.0787410 seconds
242.356: [GC [PSYoungGen: 6559K->582K(7680K)] 14639K->8662K(25088K), 0.0005030 secs] [Times: user=0.00 sys=0.00, real=0.00 secs] 
242.357: [Full GC [PSYoungGen: 582K->0K(7680K)] [ParOldGen: 8080K->1927K(17408K)] 8662K->1927K(25088K) [PSPermGen: 5141K->5141K(21504K)], 0.0036740 secs] [Times: user=0.01 sys=0.00, real=0.00 secs] 
242.360: Total time for which application threads were stopped: 0.0668160 seconds, Stopping threads took: 0.0625040 seconds
242.362: Application time: 0.0012310 seconds
242.362: [GC [PSYoungGen: 6560K->1005K(7680K)] 8487K->8702K(25088K), 0.0018940 secs] [Times: user=0.01 sys=0.00, real=0.00 secs] 
242.364: [Full GC [PSYoungGen: 1005K->0K(7680K)] [ParOldGen: 7697K->8275K(17408K)] 8702K->8275K(25088K) [PSPermGen: 5141K->5141K(21504K)], 0.0049370 secs] [Times: user=0.02 sys=0.00, real=0.00 secs] 
242.369: Total time for which application threads were stopped: 0.0070130 seconds, Stopping threads took: 0.0000530 seconds
242.459: Application time: 0.0906660 seconds
242.523: [GC [PSYoungGen: 6520K->614K(7680K)] 14796K->8890K(25088K), 0.0004600 secs] [Times: user=0.00 sys=0.00, real=0.00 secs] 
242.524: [Full GC [PSYoungGen: 614K->0K(7680K)] [ParOldGen: 8275K->1984K(17408K)] 8890K->1984K(25088K) [PSPermGen: 5141K->5141K(21504K)], 0.0037840 secs] [Times: user=0.02 sys=0.00, real=0.00 secs] 
242.528: Total time for which application threads were stopped: 0.0683400 seconds, Stopping threads took: 0.0639780 seconds
242.529: Application time: 0.0013680 seconds
242.529: [GC [PSYoungGen: 6560K->1008K(7680K)] 8544K->8607K(25088K), 0.0017660 secs] [Times: user=0.01 sys=0.00, real=0.01 secs] 
242.531: [Full GC [PSYoungGen: 1008K->0K(7680K)] [ParOldGen: 7599K->8275K(17408K)] 8607K->8275K(25088K) [PSPermGen: 5141K->5141K(21504K)], 0.0050660 secs] [Times: user=0.02 sys=0.00, real=0.00 secs] 
242.536: Total time for which application threads were stopped: 0.0070920 seconds, Stopping threads took: 0.0001460 seconds
242.632: Application time: 0.0962240 seconds
242.691: [GC [PSYoungGen: 6442K->582K(7680K)] 14718K->8858K(25088K), 0.0004970 secs] [Times: user=0.01 sys=0.00, real=0.00 secs] 
242.692: [Full GC [PSYoungGen: 582K->0K(7680K)] [ParOldGen: 8275K->1988K(17408K)] 8858K->1988K(25088K) [PSPermGen: 5141K->5141K(21504K)], 0.0036750 secs] [Times: user=0.01 sys=0.00, real=0.00 secs] 
242.695: Total time for which application threads were stopped: 0.0630880 seconds, Stopping threads took: 0.0588110 seconds
242.696: Application time: 0.0010640 seconds
242.749: [GC [PSYoungGen: 6619K->1008K(7680K)] 8607K->7890K(25088K), 0.0018850 secs] [Times: user=0.02 sys=0.00, real=0.01 secs] 
242.751: Total time for which application threads were stopped: 0.0541110 seconds, Stopping threads took: 0.0521480 seconds
242.824: Application time: 0.0735520 seconds
242.869: [GC [PSYoungGen: 7470K->1005K(7680K)] 14353K->9645K(25088K), 0.0014090 secs] [Times: user=0.01 sys=0.00, real=0.01 secs] 
242.870: [Full GC [PSYoungGen: 1005K->0K(7680K)] [ParOldGen: 8640K->3881K(17408K)] 9645K->3881K(25088K) [PSPermGen: 5141K->5141K(21504K)], 0.0043700 secs] [Times: user=0.02 sys=0.00, real=0.00 secs] 
242.875: Total time for which application threads were stopped: 0.0505640 seconds, Stopping threads took: 0.0446460 seconds
242.952: Application time: 0.0775700 seconds
242.967: [GC [PSYoungGen: 6462K->582K(7680K)] 10344K->4464K(25088K), 0.0003750 secs] [Times: user=0.00 sys=0.00, real=0.00 secs] 
242.968: Total time for which application threads were stopped: 0.0156470 seconds, Stopping threads took: 0.0152080 seconds
242.969: Application time: 0.0008130 seconds
243.019: [GC [PSYoungGen: 7142K->1005K(7680K)] 11024K->9973K(25088K), 0.0018630 secs] [Times: user=0.01 sys=0.00, real=0.01 secs] 
243.021: [Full GC [PSYoungGen: 1005K->0K(7680K)] [ParOldGen: 8968K->7201K(17408K)] 9973K->7201K(25088K) [PSPermGen: 5141K->5141K(21504K)], 0.0044980 secs] [Times: user=0.02 sys=0.00, real=0.00 secs] 
243.026: Total time for which application threads were stopped: 0.0572050 seconds, Stopping threads took: 0.0507150 seconds
243.100: Application time: 0.0745520 seconds
243.145: [GC [PSYoungGen: 6364K->646K(7680K)] 13566K->7848K(25088K), 0.0004230 secs] [Times: user=0.00 sys=0.00, real=0.00 secs] 
243.145: Total time for which application threads were stopped: 0.0450060 seconds, Stopping threads took: 0.0445070 seconds
243.146: Application time: 0.0008850 seconds
243.199: [GC [PSYoungGen: 7206K->1005K(7680K)] 14408K->13293K(25088K), 0.0018080 secs] [Times: user=0.01 sys=0.00, real=0.00 secs] 
243.201: [Full GC [PSYoungGen: 1005K->0K(7680K)] [ParOldGen: 12287K->7201K(17408K)] 13293K->7201K(25088K) [PSPermGen: 5141K->5141K(21504K)], 0.0048050 secs] [Times: user=0.03 sys=0.00, real=0.01 secs] 
243.206: Total time for which application threads were stopped: 0.0591710 seconds, Stopping threads took: 0.0524340 seconds
243.279: Application time: 0.0738080 seconds
243.324: [GC [PSYoungGen: 6364K->875K(7680K)] 13565K->8858K(25088K), 0.0006830 secs] [Times: user=0.00 sys=0.00, real=0.00 secs] 
243.325: Total time for which application threads were stopped: 0.0452960 seconds, Stopping threads took: 0.0445440 seconds
243.326: Application time: 0.0011020 seconds
243.369: [GC [PSYoungGen: 7531K->907K(7680K)] 15514K->14164K(25088K), 0.0019080 secs] [Times: user=0.01 sys=0.00, real=0.00 secs] 
243.371: [Full GC [PSYoungGen: 907K->0K(7680K)] [ParOldGen: 13256K->7299K(17408K)] 14164K->7299K(25088K) [PSPermGen: 5141K->5141K(21504K)], 0.0049710 secs] [Times: user=0.03 sys=0.00, real=0.00 secs] 
243.376: Total time for which application threads were stopped: 0.0506350 seconds, Stopping threads took: 0.0436180 seconds
243.456: Application time: 0.0799760 seconds
243.500: [GC [PSYoungGen: 6656K->1005K(7680K)] 13955K->8304K(25088K), 0.0004890 secs] [Times: user=0.00 sys=0.00, real=0.00 secs] 
243.501: Total time for which application threads were stopped: 0.0442250 seconds, Stopping threads took: 0.0436740 seconds
243.501: Application time: 0.0008910 seconds
243.545: [GC [PSYoungGen: 7546K->1006K(7680K)] 14845K->13636K(25088K), 0.0019160 secs] [Times: user=0.01 sys=0.00, real=0.00 secs] 
243.547: [Full GC [PSYoungGen: 1006K->0K(7680K)] [ParOldGen: 12629K->7494K(17408K)] 13636K->7494K(25088K) [PSPermGen: 5141K->5141K(21504K)], 0.0050170 secs] [Times: user=0.02 sys=0.00, real=0.01 secs] 
243.552: Total time for which application threads were stopped: 0.0508010 seconds, Stopping threads took: 0.0437230 seconds
243.625: Application time: 0.0731370 seconds
243.671: [GC [PSYoungGen: 6656K->973K(7680K)] 14150K->8663K(25088K), 0.0006970 secs] [Times: user=0.00 sys=0.00, real=0.00 secs] 
243.672: Total time for which application threads were stopped: 0.0463810 seconds, Stopping threads took: 0.0456070 seconds
243.673: Application time: 0.0009070 seconds
243.711: [GC [PSYoungGen: 7514K->939K(7680K)] 15204K->14294K(25088K), 0.0020390 secs] [Times: user=0.02 sys=0.00, real=0.00 secs] 
243.713: [Full GC [PSYoungGen: 939K->0K(7680K)] [ParOldGen: 13354K->7690K(17408K)] 14294K->7690K(25088K) [PSPermGen: 5141K->5141K(21504K)], 0.0049040 secs] [Times: user=0.02 sys=0.00, real=0.00 secs] 
243.718: Total time for which application threads were stopped: 0.0455180 seconds, Stopping threads took: 0.0384410 seconds
243.798: Application time: 0.0796540 seconds
243.860: [GC [PSYoungGen: 6638K->160K(7680K)] 14328K->7850K(25088K), 0.0003470 secs] [Times: user=0.01 sys=0.00, real=0.00 secs] 
243.860: Total time for which application threads were stopped: 0.0622250 seconds, Stopping threads took: 0.0618070 seconds
243.861: Application time: 0.0007370 seconds
243.861: [GC [PSYoungGen: 6720K->1008K(7680K)] 14410K->14345K(25088K), 0.0018200 secs] [Times: user=0.01 sys=0.00, real=0.01 secs] 
243.863: [Full GC [PSYoungGen: 1008K->0K(7680K)] [ParOldGen: 13337K->7885K(17408K)] 14345K->7885K(25088K) [PSPermGen: 5141K->5141K(21504K)], 0.0051960 secs] [Times: user=0.03 sys=0.00, real=0.00 secs] 
243.868: Total time for which application threads were stopped: 0.0073850 seconds, Stopping threads took: 0.0002460 seconds
243.946: Application time: 0.0779050 seconds
244.007: [GC [PSYoungGen: 6559K->419K(7680K)] 14445K->8304K(25088K), 0.0003990 secs] [Times: user=0.00 sys=0.00, real=0.00 secs] 
244.008: [Full GC [PSYoungGen: 419K->0K(7680K)] [ParOldGen: 7885K->1760K(17408K)] 8304K->1760K(25088K) [PSPermGen: 5141K->5141K(21504K)], 0.0036610 secs] [Times: user=0.01 sys=0.00, real=0.01 secs] 
244.011: Total time for which application threads were stopped: 0.0651920 seconds, Stopping threads took: 0.0610270 seconds
244.012: Application time: 0.0011360 seconds
244.058: [GC [PSYoungGen: 6656K->1005K(7680K)] 8416K->6680K(25088K), 0.0015370 secs] [Times: user=0.01 sys=0.00, real=0.00 secs] 
244.059: Total time for which application threads were stopped: 0.0466630 seconds, Stopping threads took: 0.0450270 seconds
244.137: Application time: 0.0774200 seconds
244.191: [GC [PSYoungGen: 7565K->973K(7680K)] 13240K->7429K(25088K), 0.0007050 secs] [Times: user=0.00 sys=0.00, real=0.00 secs] 
244.192: Total time for which application threads were stopped: 0.0550180 seconds, Stopping threads took: 0.0542100 seconds
244.193: Application time: 0.0011010 seconds
244.248: [GC [PSYoungGen: 7611K->1005K(7680K)] 14068K->11563K(25088K), 0.0016020 secs] [Times: user=0.01 sys=0.00, real=0.01 secs] 
244.250: [Full GC [PSYoungGen: 1005K->0K(7680K)] [ParOldGen: 10558K->6225K(17408K)] 11563K->6225K(25088K) [PSPermGen: 5141K->5141K(21504K)], 0.0045910 secs] [Times: user=0.02 sys=0.00, real=0.00 secs] 
244.254: Total time for which application threads were stopped: 0.0617260 seconds, Stopping threads took: 0.0553950 seconds
244.327: Application time: 0.0728130 seconds
244.372: [GC [PSYoungGen: 6638K->1005K(7680K)] 12863K->8215K(25088K), 0.0008060 secs] [Times: user=0.01 sys=0.00, real=0.00 secs] 
244.372: Total time for which application threads were stopped: 0.0451950 seconds, Stopping threads took: 0.0443190 seconds
244.374: Application time: 0.0011260 seconds
244.417: [GC [PSYoungGen: 7565K->1005K(7680K)] 14775K->12512K(25088K), 0.0016210 secs] [Times: user=0.01 sys=0.00, real=0.00 secs] 
244.419: [Full GC [PSYoungGen: 1005K->0K(7680K)] [ParOldGen: 11507K->6420K(17408K)] 12512K->6420K(25088K) [PSPermGen: 5141K->5141K(21504K)], 0.0048020 secs] [Times: user=0.02 sys=0.01, real=0.01 secs] 
244.424: Total time for which application threads were stopped: 0.0500680 seconds, Stopping threads took: 0.0435170 seconds
244.496: Application time: 0.0720710 seconds
244.499: [GC [PSYoungGen: 6656K->1005K(7680K)] 13076K->9770K(25088K), 0.0010460 secs] [Times: user=0.01 sys=0.00, real=0.00 secs] 
244.500: Total time for which application threads were stopped: 0.0041130 seconds, Stopping threads took: 0.0029950 seconds
244.582: Application time: 0.0817140 seconds
244.637: [GC [PSYoungGen: 7565K->256K(7680K)] 16330K->9020K(25088K), 0.0004220 secs] [Times: user=0.00 sys=0.00, real=0.00 secs] 
244.638: Total time for which application threads were stopped: 0.0562810 seconds, Stopping threads took: 0.0557920 seconds
244.639: Application time: 0.0010010 seconds
244.639: [GC [PSYoungGen: 6874K->1005K(7680K)] 15639K->15442K(25088K), 0.0019710 secs] [Times: user=0.01 sys=0.00, real=0.00 secs] 
244.641: [Full GC [PSYoungGen: 1005K->0K(7680K)] [ParOldGen: 14437K->7788K(17408K)] 15442K->7788K(25088K) [PSPermGen: 5141K->5141K(21504K)], 0.0049290 secs] [Times: user=0.02 sys=0.00, real=0.01 secs] 
244.646: Total time for which application threads were stopped: 0.0071750 seconds, Stopping threads took: 0.0001490 seconds
244.736: Application time: 0.0898250 seconds
244.801: [GC [PSYoungGen: 6656K->419K(7680K)] 14444K->8207K(25088K), 0.0003820 secs] [Times: user=0.00 sys=0.00, real=0.01 secs] 
244.801: Total time for which application threads were stopped: 0.0653810 seconds, Stopping threads took: 0.0649230 seconds
244.802: Application time: 0.0008130 seconds
244.846: [GC [PSYoungGen: 7057K->1005K(7680K)] 14846K->13684K(25088K), 0.0016720 secs] [Times: user=0.01 sys=0.00, real=0.00 secs] 
244.847: [Full GC [PSYoungGen: 1005K->0K(7680K)] [ParOldGen: 12679K->7006K(17408K)] 13684K->7006K(25088K) [PSPermGen: 5141K->5141K(21504K)], 0.0049010 secs] [Times: user=0.02 sys=0.00, real=0.01 secs] 
244.852: Total time for which application threads were stopped: 0.0503760 seconds, Stopping threads took: 0.0436810 seconds
244.925: Application time: 0.0723040 seconds
244.969: [GC [PSYoungGen: 6559K->1005K(7680K)] 13566K->9777K(25088K), 0.0009380 secs] [Times: user=0.01 sys=0.00, real=0.00 secs] 
244.970: Total time for which application threads were stopped: 0.0457470 seconds, Stopping threads took: 0.0447320 seconds
245.050: Application time: 0.0796410 seconds
245.066: [GC [PSYoungGen: 7467K->614K(7680K)] 16240K->9387K(25088K), 0.0003800 secs] [Times: user=0.00 sys=0.00, real=0.00 secs] 
245.066: Total time for which application threads were stopped: 0.0160740 seconds, Stopping threads took: 0.0156330 seconds
245.067: Application time: 0.0007090 seconds
245.067: [GC [PSYoungGen: 7174K->1008K(7680K)] 15947K->15794K(25088K), 0.0021440 secs] [Times: user=0.01 sys=0.00, real=0.01 secs] 
245.069: [Full GC [PSYoungGen: 1008K->0K(7680K)] [ParOldGen: 14786K->8276K(17408K)] 15794K->8276K(25088K) [PSPermGen: 5141K->5141K(21504K)], 0.0049000 secs] [Times: user=0.03 sys=0.00, real=0.00 secs] 
245.074: Total time for which application threads were stopped: 0.0073350 seconds, Stopping threads took: 0.0001600 seconds
245.162: Application time: 0.0876050 seconds
245.221: [GC [PSYoungGen: 6364K->646K(7680K)] 14640K->8922K(25088K), 0.0004330 secs] [Times: user=0.00 sys=0.00, real=0.01 secs] 
245.222: Total time for which application threads were stopped: 0.0596710 seconds, Stopping threads took: 0.0591690 seconds
245.222: Application time: 0.0006890 seconds
245.222: [GC [PSYoungGen: 7109K->1006K(7680K)] 15385K->15272K(25088K), 0.0020550 secs] [Times: user=0.01 sys=0.00, real=0.00 secs] 
245.225: [Full GC [PSYoungGen: 1006K->0K(7680K)] [ParOldGen: 14265K->8178K(17408K)] 15272K->8178K(25088K) [PSPermGen: 5141K->5141K(21504K)], 0.0050640 secs] [Times: user=0.02 sys=0.01, real=0.01 secs] 
245.230: Total time for which application threads were stopped: 0.0074830 seconds, Stopping threads took: 0.0002360 seconds
245.309: Application time: 0.0793200 seconds
245.371: [GC [PSYoungGen: 6540K->614K(7680K)] 14718K->8793K(25088K), 0.0004550 secs] [Times: user=0.00 sys=0.00, real=0.00 secs] 
245.372: Total time for which application threads were stopped: 0.0626100 seconds, Stopping threads took: 0.0620830 seconds
245.372: Application time: 0.0007580 seconds
245.372: [GC [PSYoungGen: 7253K->1006K(7680K)] 15431K->15276K(25088K), 0.0021450 secs] [Times: user=0.01 sys=0.00, real=0.00 secs] 
245.375: [Full GC [PSYoungGen: 1006K->0K(7680K)] [ParOldGen: 14269K->8276K(17408K)] 15276K->8276K(25088K) [PSPermGen: 5141K->5141K(21504K)], 0.0050840 secs] [Times: user=0.03 sys=0.00, real=0.00 secs] 
245.380: Total time for which application threads were stopped: 0.0074440 seconds, Stopping threads took: 0.0000850 seconds
245.462: Application time: 0.0821210 seconds
245.529: [GC [PSYoungGen: 6364K->646K(7680K)] 14641K->8923K(25088K), 0.0004740 secs] [Times: user=0.00 sys=0.00, real=0.00 secs] 
245.530: [Full GC [PSYoungGen: 646K->0K(7680K)] [ParOldGen: 8276K->1984K(17408K)] 8923K->1984K(25088K) [PSPermGen: 5141K->5141K(21504K)], 0.0036650 secs] [Times: user=0.01 sys=0.00, real=0.00 secs] 
245.534: Total time for which application threads were stopped: 0.0716450 seconds, Stopping threads took: 0.0673980 seconds
245.535: Application time: 0.0012120 seconds
245.578: [GC [PSYoungGen: 6560K->1005K(7680K)] 8544K->8076K(25088K), 0.0018840 secs] [Times: user=0.01 sys=0.00, real=0.00 secs] 
245.580: Total time for which application threads were stopped: 0.0454010 seconds, Stopping threads took: 0.0434390 seconds
245.659: Application time: 0.0788080 seconds
245.702: [GC [PSYoungGen: 7565K->809K(7680K)] 14636K->7880K(25088K), 0.0004570 secs] [Times: user=0.00 sys=0.00, real=0.00 secs] 
245.703: Total time for which application threads were stopped: 0.0436570 seconds, Stopping threads took: 0.0431380 seconds
245.704: Application time: 0.0008360 seconds
245.747: [GC [PSYoungGen: 7448K->1006K(7680K)] 14519K->13310K(25088K), 0.0017930 secs] [Times: user=0.01 sys=0.00, real=0.00 secs] 
245.749: [Full GC [PSYoungGen: 1006K->0K(7680K)] [ParOldGen: 12303K->7397K(17408K)] 13310K->7397K(25088K) [PSPermGen: 5141K->5141K(21504K)], 0.0049940 secs] [Times: user=0.02 sys=0.00, real=0.01 secs] 
245.754: Total time for which application threads were stopped: 0.0503600 seconds, Stopping threads took: 0.0434290 seconds
245.827: Application time: 0.0731280 seconds
245.872: [GC [PSYoungGen: 6559K->941K(7680K)] 13957K->8338K(25088K), 0.0005020 secs] [Times: user=0.01 sys=0.00, real=0.00 secs] 
245.873: Total time for which application threads were stopped: 0.0457130 seconds, Stopping threads took: 0.0451370 seconds
245.874: Application time: 0.0008690 seconds
245.916: [GC [PSYoungGen: 7579K->1006K(7680K)] 14977K->13832K(25088K), 0.0019730 secs] [Times: user=0.01 sys=0.00, real=0.00 secs] 
245.918: [Full GC [PSYoungGen: 1006K->0K(7680K)] [ParOldGen: 12825K->7593K(17408K)] 13832K->7593K(25088K) [PSPermGen: 5141K->5141K(21504K)], 0.0048670 secs] [Times: user=0.03 sys=0.00, real=0.01 secs] 
245.923: Total time for which application threads were stopped: 0.0494900 seconds, Stopping threads took: 0.0425190 seconds
245.999: Application time: 0.0759990 seconds
246.062: [GC [PSYoungGen: 6656K->192K(7680K)] 14249K->7785K(25088K), 0.0004450 secs] [Times: user=0.00 sys=0.00, real=0.00 secs] 
246.062: Total time for which application threads were stopped: 0.0631210 seconds, Stopping threads took: 0.0625980 seconds
246.063: Application time: 0.0007800 seconds
246.063: [GC [PSYoungGen: 6830K->939K(7680K)] 14423K->14392K(25088K), 0.0018440 secs] [Times: user=0.01 sys=0.01, real=0.00 secs] 
246.065: [Full GC [PSYoungGen: 939K->0K(7680K)] [ParOldGen: 13452K->7886K(17408K)] 14392K->7886K(25088K) [PSPermGen: 5141K->5141K(21504K)], 0.0050610 secs] [Times: user=0.02 sys=0.00, real=0.01 secs] 
246.070: Total time for which application threads were stopped: 0.0071720 seconds, Stopping threads took: 0.0001460 seconds
246.151: Application time: 0.0807780 seconds
246.210: [GC [PSYoungGen: 6559K->355K(7680K)] 14445K->8241K(25088K), 0.0004870 secs] [Times: user=0.00 sys=0.00, real=0.00 secs] 
246.211: [Full GC [PSYoungGen: 355K->0K(7680K)] [ParOldGen: 7886K->1760K(17408K)] 8241K->1760K(25088K) [PSPermGen: 5141K->5141K(21504K)], 0.0038860 secs] [Times: user=0.02 sys=0.00, real=0.00 secs] 
246.215: Total time for which application threads were stopped: 0.0639690 seconds, Stopping threads took: 0.0594810 seconds
246.216: Application time: 0.0011910 seconds
246.260: [GC [PSYoungGen: 6560K->1005K(7680K)] 8320K->7657K(25088K), 0.0018040 secs] [Times: user=0.01 sys=0.00, real=0.01 secs] 
246.262: Total time for which application threads were stopped: 0.0462060 seconds, Stopping threads took: 0.0443310 seconds
246.353: Application time: 0.0910730 seconds
246.409: [GC [PSYoungGen: 7565K->582K(7680K)] 14217K->7234K(25088K), 0.0004550 secs] [Times: user=0.00 sys=0.00, real=0.00 secs] 
246.409: Total time for which application threads were stopped: 0.0557000 seconds, Stopping threads took: 0.0551710 seconds
246.410: Application time: 0.0008890 seconds
246.454: [GC [PSYoungGen: 7123K->1005K(7680K)] 13775K->12645K(25088K), 0.0017760 secs] [Times: user=0.01 sys=0.00, real=0.00 secs] 
246.456: [Full GC [PSYoungGen: 1005K->0K(7680K)] [ParOldGen: 11640K->7104K(17408K)] 12645K->7104K(25088K) [PSPermGen: 5141K->5141K(21504K)], 0.0048100 secs] [Times: user=0.02 sys=0.00, real=0.00 secs] 
246.461: Total time for which application threads were stopped: 0.0505660 seconds, Stopping threads took: 0.0438600 seconds
246.535: Application time: 0.0747570 seconds
246.580: [GC [PSYoungGen: 6540K->907K(7680K)] 13645K->8793K(25088K), 0.0006250 secs] [Times: user=0.00 sys=0.00, real=0.00 secs] 
246.581: Total time for which application threads were stopped: 0.0454770 seconds, Stopping threads took: 0.0447870 seconds
246.582: Application time: 0.0009920 seconds
246.626: [GC [PSYoungGen: 7546K->1007K(7680K)] 15432K->13950K(25088K), 0.0022400 secs] [Times: user=0.01 sys=0.00, real=0.00 secs] 
246.628: [Full GC [PSYoungGen: 1007K->0K(7680K)] [ParOldGen: 12943K->7202K(17408K)] 13950K->7202K(25088K) [PSPermGen: 5141K->5141K(21504K)], 0.0049500 secs] [Times: user=0.02 sys=0.01, real=0.01 secs] 
246.633: Total time for which application threads were stopped: 0.0511390 seconds, Stopping threads took: 0.0437940 seconds
246.707: Application time: 0.0741140 seconds
246.752: [GC [PSYoungGen: 6656K->1005K(7680K)] 13858K->9184K(25088K), 0.0008480 secs] [Times: user=0.01 sys=0.00, real=0.00 secs] 
246.753: [Full GC [PSYoungGen: 1005K->0K(7680K)] [ParOldGen: 8179K->3101K(17408K)] 9184K->3101K(25088K) [PSPermGen: 5141K->5141K(21504K)], 0.0042510 secs] [Times: user=0.01 sys=0.00, real=0.00 secs] 
246.757: Total time for which application threads were stopped: 0.0501390 seconds, Stopping threads took: 0.0449090 seconds
246.759: Application time: 0.0014400 seconds
246.827: [GC [PSYoungGen: 6560K->1005K(7680K)] 9661K->8403K(25088K), 0.0016840 secs] [Times: user=0.01 sys=0.00, real=0.00 secs] 
246.829: Total time for which application threads were stopped: 0.0703070 seconds, Stopping threads took: 0.0685410 seconds
246.901: Application time: 0.0724380 seconds
246.906: [GC [PSYoungGen: 7661K->842K(7680K)] 15059K->10779K(25088K), 0.0011120 secs] [Times: user=0.00 sys=0.00, real=0.00 secs] 
246.907: [Full GC [PSYoungGen: 842K->0K(7680K)] [ParOldGen: 9937K->4468K(17408K)] 10779K->4468K(25088K) [PSPermGen: 5141K->5141K(21504K)], 0.0042030 secs] [Times: user=0.02 sys=0.00, real=0.01 secs] 
246.912: Total time for which application threads were stopped: 0.0102650 seconds, Stopping threads took: 0.0048170 seconds
246.994: Application time: 0.0823630 seconds
247.047: [GC [PSYoungGen: 6638K->256K(7680K)] 11106K->4724K(25088K), 0.0004000 secs] [Times: user=0.00 sys=0.00, real=0.00 secs] 
247.048: Total time for which application threads were stopped: 0.0539180 seconds, Stopping threads took: 0.0534460 seconds
247.049: Application time: 0.0007460 seconds
247.049: [GC [PSYoungGen: 6894K->939K(7680K)] 11362K->11267K(25088K), 0.0019320 secs] [Times: user=0.01 sys=0.00, real=0.01 secs] 
247.051: [Full GC [PSYoungGen: 939K->0K(7680K)] [ParOldGen: 10328K->7886K(17408K)] 11267K->7886K(25088K) [PSPermGen: 5141K->5141K(21504K)], 0.0048200 secs] [Times: user=0.02 sys=0.00, real=0.00 secs] 
247.056: Total time for which application threads were stopped: 0.0071630 seconds, Stopping threads took: 0.0002860 seconds
247.139: Application time: 0.0835870 seconds
247.199: [GC [PSYoungGen: 6559K->355K(7680K)] 14446K->8241K(25088K), 0.0004000 secs] [Times: user=0.00 sys=0.00, real=0.00 secs] 
247.199: Total time for which application threads were stopped: 0.0596560 seconds, Stopping threads took: 0.0591950 seconds
247.200: Application time: 0.0007130 seconds
247.200: [GC [PSYoungGen: 6915K->1008K(7680K)] 14801K->14713K(25088K), 0.0020520 secs] [Times: user=0.01 sys=0.00, real=0.01 secs] 
247.202: [Full GC [PSYoungGen: 1008K->0K(7680K)] [ParOldGen: 13704K->8081K(17408K)] 14713K->8081K(25088K) [PSPermGen: 5141K->5141K(21504K)], 0.0050200 secs] [Times: user=0.02 sys=0.00, real=0.00 secs] 
247.209: Total time for which application threads were stopped: 0.0088690 seconds, Stopping threads took: 0.0001870 seconds
247.285: Application time: 0.0761120 seconds
247.347: [GC [PSYoungGen: 6559K->550K(7680K)] 14641K->8632K(25088K), 0.0004480 secs] [Times: user=0.00 sys=0.00, real=0.00 secs] 
247.348: Total time for which application threads were stopped: 0.0631320 seconds, Stopping threads took: 0.0625930 seconds
247.349: Application time: 0.0007230 seconds
247.349: [GC [PSYoungGen: 7110K->1008K(7680K)] 15192K->15103K(25088K), 0.0019830 secs] [Times: user=0.01 sys=0.00, real=0.01 secs] 
247.351: [Full GC [PSYoungGen: 1008K->0K(7680K)] [ParOldGen: 14095K->8277K(17408K)] 15103K->8277K(25088K) [PSPermGen: 5141K->5141K(21504K)], 0.0051220 secs] [Times: user=0.03 sys=0.00, real=0.00 secs] 
247.356: Total time for which application threads were stopped: 0.0073840 seconds, Stopping threads took: 0.0001520 seconds
247.436: Application time: 0.0798440 seconds
247.495: [GC [PSYoungGen: 6364K->550K(7680K)] 14641K->8827K(25088K), 0.0004700 secs] [Times: user=0.01 sys=0.00, real=0.00 secs] 
247.496: [Full GC [PSYoungGen: 550K->0K(7680K)] [ParOldGen: 8277K->1927K(17408K)] 8827K->1927K(25088K) [PSPermGen: 5141K->5141K(21504K)], 0.0037510 secs] [Times: user=0.01 sys=0.00, real=0.00 secs] 
247.499: Total time for which application threads were stopped: 0.0634800 seconds, Stopping threads took: 0.0591240 seconds
247.501: Application time: 0.0011520 seconds
247.550: [GC [PSYoungGen: 6560K->1005K(7680K)] 8487K->8019K(25088K), 0.0018980 secs] [Times: user=0.01 sys=0.00, real=0.00 secs] 
247.552: Total time for which application threads were stopped: 0.0513630 seconds, Stopping threads took: 0.0493730 seconds
247.631: Application time: 0.0795760 seconds
247.673: [GC [PSYoungGen: 7643K->777K(7680K)] 14657K->7792K(25088K), 0.0005690 secs] [Times: user=0.01 sys=0.00, real=0.00 secs] 
247.674: Total time for which application threads were stopped: 0.0422550 seconds, Stopping threads took: 0.0416140 seconds
247.675: Application time: 0.0009040 seconds
247.727: [GC [PSYoungGen: 7338K->1006K(7680K)] 14352K->12170K(25088K), 0.0016440 secs] [Times: user=0.01 sys=0.00, real=0.00 secs] 
247.729: [Full GC [PSYoungGen: 1006K->0K(7680K)] [ParOldGen: 11163K->6324K(17408K)] 12170K->6324K(25088K) [PSPermGen: 5141K->5141K(21504K)], 0.0048260 secs] [Times: user=0.02 sys=0.00, real=0.01 secs] 
247.734: Total time for which application threads were stopped: 0.0593940 seconds, Stopping threads took: 0.0527750 seconds
247.807: Application time: 0.0727260 seconds
247.852: [GC [PSYoungGen: 6559K->907K(7680K)] 12883K->8403K(25088K), 0.0007240 secs] [Times: user=0.01 sys=0.00, real=0.00 secs] 
247.852: Total time for which application threads were stopped: 0.0455660 seconds, Stopping threads took: 0.0447710 seconds
247.854: Application time: 0.0013160 seconds
247.924: [GC [PSYoungGen: 7448K->973K(7680K)] 14944K->8469K(25088K), 0.0005700 secs] [Times: user=0.00 sys=0.00, real=0.00 secs] 
247.924: Total time for which application threads were stopped: 0.0706690 seconds, Stopping threads took: 0.0700330 seconds
247.925: Application time: 0.0008530 seconds
247.969: [GC [PSYoungGen: 7611K->1006K(7680K)] 15107K->13958K(25088K), 0.0018980 secs] [Times: user=0.01 sys=0.00, real=0.01 secs] 
247.971: [Full GC [PSYoungGen: 1006K->0K(7680K)] [ParOldGen: 12951K->7593K(17408K)] 13958K->7593K(25088K) [PSPermGen: 5141K->5141K(21504K)], 0.0051020 secs] [Times: user=0.02 sys=0.00, real=0.00 secs] 
247.976: Total time for which application threads were stopped: 0.0505990 seconds, Stopping threads took: 0.0434740 seconds
248.052: Application time: 0.0764700 seconds
248.115: [GC [PSYoungGen: 6656K->256K(7680K)] 14249K->7849K(25088K), 0.0004100 secs] [Times: user=0.00 sys=0.00, real=0.00 secs] 
248.116: Total time for which application threads were stopped: 0.0636620 seconds, Stopping threads took: 0.0631780 seconds
248.117: Application time: 0.0008240 seconds
248.169: [GC [PSYoungGen: 6894K->1005K(7680K)] 14488K->13318K(25088K), 0.0018440 secs] [Times: user=0.01 sys=0.00, real=0.01 secs] 
248.171: [Full GC [PSYoungGen: 1005K->0K(7680K)] [ParOldGen: 12313K->6812K(17408K)] 13318K->6812K(25088K) [PSPermGen: 5141K->5141K(21504K)], 0.0052150 secs] [Times: user=0.02 sys=0.00, real=0.00 secs] 
248.176: Total time for which application threads were stopped: 0.0591400 seconds, Stopping threads took: 0.0519530 seconds
248.249: Application time: 0.0729860 seconds
248.294: [GC [PSYoungGen: 6559K->387K(7680K)] 13372K->7199K(25088K), 0.0003980 secs] [Times: user=0.00 sys=0.00, real=0.00 secs] 
248.295: Total time for which application threads were stopped: 0.0460010 seconds, Stopping threads took: 0.0455140 seconds
248.296: Application time: 0.0008450 seconds
248.349: [GC [PSYoungGen: 7006K->955K(7680K)] 13818K->12651K(25088K), 0.0017370 secs] [Times: user=0.01 sys=0.00, real=0.00 secs] 
248.351: [Full GC [PSYoungGen: 955K->0K(7680K)] [ParOldGen: 11695K->6910K(17408K)] 12651K->6910K(25088K) [PSPermGen: 5141K->5141K(21504K)], 0.0048010 secs] [Times: user=0.02 sys=0.00, real=0.00 secs] 
248.356: Total time for which application threads were stopped: 0.0602820 seconds, Stopping threads took: 0.0536220 seconds
248.430: Application time: 0.0742400 seconds
248.475: [GC [PSYoungGen: 6656K->582K(7680K)] 13566K->7493K(25088K), 0.0004660 secs] [Times: user=0.00 sys=0.00, real=0.00 secs] 
248.475: Total time for which application threads were stopped: 0.0450030 seconds, Stopping threads took: 0.0444740 seconds
248.476: Application time: 0.0008620 seconds
248.529: [GC [PSYoungGen: 7221K->1005K(7680K)] 14131K->11920K(25088K), 0.0015690 secs] [Times: user=0.01 sys=0.00, real=0.00 secs] 
248.531: [Full GC [PSYoungGen: 1005K->0K(7680K)] [ParOldGen: 10914K->6129K(17408K)] 11920K->6129K(25088K) [PSPermGen: 5141K->5141K(21504K)], 0.0047560 secs] [Times: user=0.02 sys=0.00, real=0.00 secs] 
248.536: Total time for which application threads were stopped: 0.0596770 seconds, Stopping threads took: 0.0532070 seconds
248.612: Application time: 0.0763720 seconds
248.667: [GC [PSYoungGen: 6364K->550K(7680K)] 12493K->6679K(25088K), 0.0006520 secs] [Times: user=0.00 sys=0.00, real=0.00 secs] 
248.668: Total time for which application threads were stopped: 0.0556370 seconds, Stopping threads took: 0.0549090 seconds
248.669: Application time: 0.0008260 seconds
248.711: [GC [PSYoungGen: 7013K->939K(7680K)] 13142K->12147K(25088K), 0.0017780 secs] [Times: user=0.01 sys=0.00, real=0.00 secs] 
248.713: [Full GC [PSYoungGen: 939K->0K(7680K)] [ParOldGen: 11207K->7105K(17408K)] 12147K->7105K(25088K) [PSPermGen: 5141K->5141K(21504K)], 0.0047620 secs] [Times: user=0.02 sys=0.00, real=0.00 secs] 
248.718: Total time for which application threads were stopped: 0.0490860 seconds, Stopping threads took: 0.0424100 seconds
248.791: Application time: 0.0735280 seconds
248.836: [GC [PSYoungGen: 6559K->973K(7680K)] 13665K->8860K(25088K), 0.0006780 secs] [Times: user=0.00 sys=0.00, real=0.00 secs] 
248.837: Total time for which application threads were stopped: 0.0453100 seconds, Stopping threads took: 0.0445660 seconds
248.838: Application time: 0.0010620 seconds
248.881: [GC [PSYoungGen: 7533K->1005K(7680K)] 15420K->14068K(25088K), 0.0019380 secs] [Times: user=0.01 sys=0.00, real=0.01 secs] 
248.883: [Full GC [PSYoungGen: 1005K->0K(7680K)] [ParOldGen: 13063K->7301K(17408K)] 14068K->7301K(25088K) [PSPermGen: 5141K->5141K(21504K)], 0.0047670 secs] [Times: user=0.02 sys=0.00, real=0.00 secs] 
248.888: Total time for which application threads were stopped: 0.0501660 seconds, Stopping threads took: 0.0433380 seconds
248.962: Application time: 0.0746330 seconds
249.005: [GC [PSYoungGen: 6656K->973K(7680K)] 13957K->8274K(25088K), 0.0004740 secs] [Times: user=0.00 sys=0.00, real=0.00 secs] 
249.006: Total time for which application threads were stopped: 0.0435620 seconds, Stopping threads took: 0.0430210 seconds
249.007: Application time: 0.0010630 seconds
249.050: [GC [PSYoungGen: 7611K->1005K(7680K)] 14912K->13799K(25088K), 0.0019550 secs] [Times: user=0.01 sys=0.00, real=0.00 secs] 
249.052: [Full GC [PSYoungGen: 1005K->0K(7680K)] [ParOldGen: 12794K->7594K(17408K)] 13799K->7594K(25088K) [PSPermGen: 5141K->5141K(21504K)], 0.0051690 secs] [Times: user=0.02 sys=0.00, real=0.00 secs] 
249.058: Total time for which application threads were stopped: 0.0506240 seconds, Stopping threads took: 0.0433770 seconds
249.133: Application time: 0.0754590 seconds
249.178: [GC [PSYoungGen: 6559K->841K(7680K)] 14154K->8826K(25088K), 0.0005250 secs] [Times: user=0.00 sys=0.00, real=0.00 secs] 
249.178: Total time for which application threads were stopped: 0.0453530 seconds, Stopping threads took: 0.0447490 seconds
249.179: Application time: 0.0009600 seconds
249.223: [GC [PSYoungGen: 7402K->1005K(7680K)] 15387K->14662K(25088K), 0.0019140 secs] [Times: user=0.01 sys=0.00, real=0.00 secs] 
249.225: [Full GC [PSYoungGen: 1005K->0K(7680K)] [ParOldGen: 13657K->7789K(17408K)] 14662K->7789K(25088K) [PSPermGen: 5141K->5141K(21504K)], 0.0051050 secs] [Times: user=0.02 sys=0.00, real=0.01 secs] 
249.230: Total time for which application threads were stopped: 0.0507910 seconds, Stopping threads took: 0.0436240 seconds
249.308: Application time: 0.0780230 seconds
249.370: [GC [PSYoungGen: 6656K->419K(7680K)] 14445K->8208K(25088K), 0.0005260 secs] [Times: user=0.00 sys=0.00, real=0.00 secs] 
249.371: Total time for which application threads were stopped: 0.0625960 seconds, Stopping threads took: 0.0620010 seconds
249.372: Application time: 0.0007700 seconds
249.418: [GC [PSYoungGen: 7075K->1005K(7680K)] 14864K->12709K(25088K), 0.0014580 secs] [Times: user=0.01 sys=0.00, real=0.00 secs] 
249.420: [Full GC [PSYoungGen: 1005K->0K(7680K)] [ParOldGen: 11703K->6031K(17408K)] 12709K->6031K(25088K) [PSPermGen: 5141K->5141K(21504K)], 0.0047140 secs] [Times: user=0.02 sys=0.00, real=0.01 secs] 
249.424: Total time for which application threads were stopped: 0.0527670 seconds, Stopping threads took: 0.0464530 seconds
249.502: Application time: 0.0773080 seconds
249.556: [GC [PSYoungGen: 6656K->745K(7680K)] 12687K->6777K(25088K), 0.0004550 secs] [Times: user=0.00 sys=0.00, real=0.00 secs] 
249.556: Total time for which application threads were stopped: 0.0543340 seconds, Stopping threads took: 0.0538140 seconds
249.557: Application time: 0.0009960 seconds
249.606: [GC [PSYoungGen: 7382K->939K(7680K)] 13414K->11268K(25088K), 0.0017820 secs] [Times: user=0.01 sys=0.01, real=0.00 secs] 
249.608: [Full GC [PSYoungGen: 939K->0K(7680K)] [ParOldGen: 10329K->6324K(17408K)] 11268K->6324K(25088K) [PSPermGen: 5141K->5141K(21504K)], 0.0046900 secs] [Times: user=0.02 sys=0.00, real=0.01 secs] 
249.613: Total time for which application threads were stopped: 0.0560060 seconds, Stopping threads took: 0.0493890 seconds
249.704: Application time: 0.0911880 seconds
249.754: [GC [PSYoungGen: 6560K->973K(7680K)] 12884K->7298K(25088K), 0.0004740 secs] [Times: user=0.00 sys=0.00, real=0.00 secs] 
249.754: Total time for which application threads were stopped: 0.0498450 seconds, Stopping threads took: 0.0492950 seconds
249.755: Application time: 0.0008890 seconds
249.794: [GC [PSYoungGen: 7533K->1005K(7680K)] 13858K->12807K(25088K), 0.0021810 secs] [Times: user=0.02 sys=0.00, real=0.00 secs] 
249.796: [Full GC [PSYoungGen: 1005K->0K(7680K)] [ParOldGen: 11801K->7594K(17408K)] 12807K->7594K(25088K) [PSPermGen: 5141K->5141K(21504K)], 0.0047890 secs] [Times: user=0.02 sys=0.00, real=0.01 secs] 
249.801: Total time for which application threads were stopped: 0.0462010 seconds, Stopping threads took: 0.0390720 seconds
249.875: Application time: 0.0741070 seconds
249.920: [GC [PSYoungGen: 6520K->1005K(7680K)] 14115K->8599K(25088K), 0.0006360 secs] [Times: user=0.00 sys=0.00, real=0.00 secs] 
249.921: Total time for which application threads were stopped: 0.0456660 seconds, Stopping threads took: 0.0449600 seconds
249.925: Application time: 0.0044940 seconds
249.991: [GC [PSYoungGen: 7624K->841K(7680K)] 15218K->8631K(25088K), 0.0006280 secs] [Times: user=0.00 sys=0.00, real=0.00 secs] 
249.992: Total time for which application threads were stopped: 0.0666760 seconds, Stopping threads took: 0.0659580 seconds
249.993: Application time: 0.0007430 seconds
250.036: [GC [PSYoungGen: 7402K->1021K(7680K)] 15191K->14359K(25088K), 0.0017340 secs] [Times: user=0.01 sys=0.00, real=0.00 secs] 
250.038: [Full GC [PSYoungGen: 1021K->0K(7680K)] [ParOldGen: 13338K->7594K(17408K)] 14359K->7594K(25088K) [PSPermGen: 5141K->5141K(21504K)], 0.0051320 secs] [Times: user=0.03 sys=0.00, real=0.01 secs] 
250.043: Total time for which application threads were stopped: 0.0505200 seconds, Stopping threads took: 0.0435390 seconds
250.120: Application time: 0.0770170 seconds
250.185: [GC [PSYoungGen: 6656K->224K(7680K)] 14250K->7818K(25088K), 0.0003800 secs] [Times: user=0.00 sys=0.00, real=0.00 secs] 
250.185: Total time for which application threads were stopped: 0.0645760 seconds, Stopping threads took: 0.0641380 seconds
250.186: Application time: 0.0007960 seconds
250.186: [GC [PSYoungGen: 6784K->1008K(7680K)] 14378K->14225K(25088K), 0.0019470 secs] [Times: user=0.01 sys=0.00, real=0.00 secs] 
250.188: [Full GC [PSYoungGen: 1008K->0K(7680K)] [ParOldGen: 13217K->7887K(17408K)] 14225K->7887K(25088K) [PSPermGen: 5141K->5141K(21504K)], 0.0047740 secs] [Times: user=0.02 sys=0.00, real=0.01 secs] 
250.193: Total time for which application threads were stopped: 0.0070130 seconds, Stopping threads took: 0.0001620 seconds
250.270: Application time: 0.0769780 seconds
250.324: [GC [PSYoungGen: 6559K->387K(7680K)] 14447K->8274K(25088K), 0.0005060 secs] [Times: user=0.00 sys=0.00, real=0.00 secs] 
250.325: Total time for which application threads were stopped: 0.0552420 seconds, Stopping threads took: 0.0546630 seconds
250.326: Application time: 0.0008110 seconds
250.326: [GC [PSYoungGen: 6947K->1006K(7680K)] 14834K->14785K(25088K), 0.0018550 secs] [Times: user=0.01 sys=0.00, real=0.00 secs] 
250.328: [Full GC [PSYoungGen: 1006K->0K(7680K)] [ParOldGen: 13779K->8082K(17408K)] 14785K->8082K(25088K) [PSPermGen: 5141K->5141K(21504K)], 0.0051560 secs] [Times: user=0.03 sys=0.00, real=0.01 secs] 
250.333: Total time for which application threads were stopped: 0.0072730 seconds, Stopping threads took: 0.0001490 seconds
250.416: Application time: 0.0824300 seconds
250.479: [GC [PSYoungGen: 6637K->646K(7680K)] 14720K->8729K(25088K), 0.0004500 secs] [Times: user=0.01 sys=0.00, real=0.00 secs] 
250.480: [Full GC [PSYoungGen: 646K->0K(7680K)] [ParOldGen: 8082K->1956K(17408K)] 8729K->1956K(25088K) [PSPermGen: 5141K->5141K(21504K)], 0.0038200 secs] [Times: user=0.01 sys=0.00, real=0.01 secs] 
250.484: Total time for which application threads were stopped: 0.0680320 seconds, Stopping threads took: 0.0636460 seconds
250.485: Application time: 0.0011960 seconds
250.485: [GC [PSYoungGen: 6638K->1005K(7680K)] 8594K->8731K(25088K), 0.0019540 secs] [Times: user=0.01 sys=0.00, real=0.00 secs] 
250.487: [Full GC [PSYoungGen: 1005K->0K(7680K)] [ParOldGen: 7726K->8278K(17408K)] 8731K->8278K(25088K) [PSPermGen: 5141K->5141K(21504K)], 0.0049030 secs] [Times: user=0.02 sys=0.00, real=0.01 secs] 
250.492: Total time for which application threads were stopped: 0.0070540 seconds, Stopping threads took: 0.0000660 seconds
250.571: Application time: 0.0788260 seconds
250.634: [GC [PSYoungGen: 6364K->550K(7680K)] 14642K->8828K(25088K), 0.0005320 secs] [Times: user=0.00 sys=0.00, real=0.00 secs] 
250.634: [Full GC [PSYoungGen: 550K->0K(7680K)] [ParOldGen: 8278K->1972K(17408K)] 8828K->1972K(25088K) [PSPermGen: 5141K->5141K(21504K)], 0.0038310 secs] [Times: user=0.01 sys=0.00, real=0.00 secs] 
250.638: Total time for which application threads were stopped: 0.0673370 seconds, Stopping threads took: 0.0628430 seconds
250.639: Application time: 0.0012970 seconds
250.684: [GC [PSYoungGen: 6560K->1005K(7680K)] 8532K->8063K(25088K), 0.0017400 secs] [Times: user=0.01 sys=0.00, real=0.00 secs] 
250.686: Total time for which application threads were stopped: 0.0462640 seconds, Stopping threads took: 0.0444570 seconds
250.759: Application time: 0.0737810 seconds
250.805: [GC [PSYoungGen: 7467K->1006K(7680K)] 14525K->9831K(25088K), 0.0010150 secs] [Times: user=0.01 sys=0.00, real=0.00 secs] 
250.806: [Full GC [PSYoungGen: 1006K->0K(7680K)] [ParOldGen: 8824K->3981K(17408K)] 9831K->3981K(25088K) [PSPermGen: 5141K->5141K(21504K)], 0.0045220 secs] [Times: user=0.02 sys=0.00, real=0.01 secs] 
250.810: Total time for which application threads were stopped: 0.0510100 seconds, Stopping threads took: 0.0453320 seconds
250.889: Application time: 0.0783240 seconds
250.903: [GC [PSYoungGen: 6364K->582K(7680K)] 10346K->4564K(25088K), 0.0003820 secs] [Times: user=0.00 sys=0.00, real=0.00 secs] 
250.903: Total time for which application threads were stopped: 0.0145310 seconds, Stopping threads took: 0.0140800 seconds
250.904: Application time: 0.0007370 seconds
250.947: [GC [PSYoungGen: 7221K->1005K(7680K)] 11202K->10097K(25088K), 0.0018560 secs] [Times: user=0.01 sys=0.00, real=0.00 secs] 
250.949: [Full GC [PSYoungGen: 1005K->0K(7680K)] [ParOldGen: 9091K->7204K(17408K)] 10097K->7204K(25088K) [PSPermGen: 5141K->5141K(21504K)], 0.0046160 secs] [Times: user=0.02 sys=0.00, real=0.01 secs] 
250.953: Total time for which application threads were stopped: 0.0492550 seconds, Stopping threads took: 0.0426540 seconds
251.028: Application time: 0.0750060 seconds
251.074: [GC [PSYoungGen: 6656K->1005K(7680K)] 13860K->9194K(25088K), 0.0008060 secs] [Times: user=0.00 sys=0.00, real=0.00 secs] 
251.075: Total time for which application threads were stopped: 0.0466400 seconds, Stopping threads took: 0.0457610 seconds
251.076: Application time: 0.0010780 seconds
251.120: [GC [PSYoungGen: 7565K->907K(7680K)] 15754K->14565K(25088K), 0.0019570 secs] [Times: user=0.02 sys=0.00, real=0.01 secs] 
251.122: [Full GC [PSYoungGen: 907K->0K(7680K)] [ParOldGen: 13657K->7497K(17408K)] 14565K->7497K(25088K) [PSPermGen: 5141K->5141K(21504K)], 0.0047880 secs] [Times: user=0.02 sys=0.00, real=0.00 secs] 
251.126: Total time for which application threads were stopped: 0.0504520 seconds, Stopping threads took: 0.0435840 seconds
251.203: Application time: 0.0766310 seconds
251.246: [GC [PSYoungGen: 6656K->939K(7680K)] 14153K->9804K(25088K), 0.0008090 secs] [Times: user=0.00 sys=0.00, real=0.00 secs] 
251.247: [Full GC [PSYoungGen: 939K->0K(7680K)] [ParOldGen: 8864K->3395K(17408K)] 9804K->3395K(25088K) [PSPermGen: 5141K->5141K(21504K)], 0.0040540 secs] [Times: user=0.02 sys=0.00, real=0.01 secs] 
251.251: Total time for which application threads were stopped: 0.0478110 seconds, Stopping threads took: 0.0428330 seconds
251.331: Application time: 0.0801710 seconds
251.344: [GC [PSYoungGen: 6584K->224K(7680K)] 9979K->3619K(25088K), 0.0003870 secs] [Times: user=0.00 sys=0.00, real=0.00 secs] 
251.344: Total time for which application threads were stopped: 0.0130180 seconds, Stopping threads took: 0.0125680 seconds
251.345: Application time: 0.0006460 seconds
251.345: [GC [PSYoungGen: 6836K->1005K(7680K)] 10231K->10178K(25088K), 0.0018660 secs] [Times: user=0.01 sys=0.00, real=0.00 secs] 
251.347: [Full GC [PSYoungGen: 1005K->0K(7680K)] [ParOldGen: 9173K->7887K(17408K)] 10178K->7887K(25088K) [PSPermGen: 5141K->5141K(21504K)], 0.0047140 secs] [Times: user=0.03 sys=0.00, real=0.01 secs] 
251.352: Total time for which application threads were stopped: 0.0068340 seconds, Stopping threads took: 0.0001330 seconds
251.430: Application time: 0.0780350 seconds
251.493: [GC [PSYoungGen: 6520K->224K(7680K)] 14408K->8111K(25088K), 0.0003800 secs] [Times: user=0.00 sys=0.00, real=0.00 secs] 
251.493: Total time for which application threads were stopped: 0.0636520 seconds, Stopping threads took: 0.0632000 seconds
251.494: Application time: 0.0008230 seconds
251.494: [GC [PSYoungGen: 6784K->1005K(7680K)] 14671K->14678K(25088K), 0.0019510 secs] [Times: user=0.02 sys=0.00, real=0.00 secs] 
251.496: [Full GC [PSYoungGen: 1005K->0K(7680K)] [ParOldGen: 13673K->7887K(17408K)] 14678K->7887K(25088K) [PSPermGen: 5141K->5141K(21504K)], 0.0050490 secs] [Times: user=0.02 sys=0.00, real=0.01 secs] 
251.501: Total time for which application threads were stopped: 0.0072840 seconds, Stopping threads took: 0.0001580 seconds
251.580: Application time: 0.0790920 seconds
251.643: [GC [PSYoungGen: 6559K->355K(7680K)] 14447K->8243K(25088K), 0.0004100 secs] [Times: user=0.00 sys=0.00, real=0.00 secs] 
251.644: [Full GC [PSYoungGen: 355K->0K(7680K)] [ParOldGen: 7887K->1789K(17408K)] 8243K->1789K(25088K) [PSPermGen: 5141K->5141K(21504K)], 0.0038370 secs] [Times: user=0.01 sys=0.00, real=0.00 secs] 
251.648: Total time for which application threads were stopped: 0.0672130 seconds, Stopping threads took: 0.0628550 seconds
251.649: Application time: 0.0011410 seconds
251.693: [GC [PSYoungGen: 6638K->1005K(7680K)] 8427K->7709K(25088K), 0.0018530 secs] [Times: user=0.02 sys=0.00, real=0.00 secs] 
251.694: Total time for which application threads were stopped: 0.0456170 seconds, Stopping threads took: 0.0436820 seconds
251.769: Application time: 0.0742930 seconds
251.813: [GC [PSYoungGen: 7565K->550K(7680K)] 14269K->7255K(25088K), 0.0003980 secs] [Times: user=0.00 sys=0.00, real=0.00 secs] 
251.814: Total time for which application threads were stopped: 0.0448050 seconds, Stopping threads took: 0.0443410 seconds
251.814: Application time: 0.0008450 seconds
251.858: [GC [PSYoungGen: 7189K->1005K(7680K)] 13893K->12820K(25088K), 0.0018870 secs] [Times: user=0.01 sys=0.00, real=0.00 secs] 
251.860: [Full GC [PSYoungGen: 1005K->0K(7680K)] [ParOldGen: 11814K->7204K(17408K)] 12820K->7204K(25088K) [PSPermGen: 5141K->5141K(21504K)], 0.0047300 secs] [Times: user=0.01 sys=0.01, real=0.01 secs] 
251.865: Total time for which application threads were stopped: 0.0504960 seconds, Stopping threads took: 0.0437600 seconds
251.938: Application time: 0.0735000 seconds
251.983: [GC [PSYoungGen: 6559K->841K(7680K)] 13764K->10194K(25088K), 0.0009620 secs] [Times: user=0.00 sys=0.00, real=0.00 secs] 
251.984: [Full GC [PSYoungGen: 841K->0K(7680K)] [ParOldGen: 9352K->4079K(17408K)] 10194K->4079K(25088K) [PSPermGen: 5141K->5141K(21504K)], 0.0042820 secs] [Times: user=0.02 sys=0.00, real=0.00 secs] 
251.988: Total time for which application threads were stopped: 0.0498570 seconds, Stopping threads took: 0.0444930 seconds
252.066: Application time: 0.0777940 seconds
252.079: [GC [PSYoungGen: 6267K->518K(7680K)] 10346K->4598K(25088K), 0.0003930 secs] [Times: user=0.00 sys=0.00, real=0.00 secs] 
252.079: Total time for which application threads were stopped: 0.0134640 seconds, Stopping threads took: 0.0130040 seconds
252.082: Application time: 0.0020260 seconds
252.149: [GC [PSYoungGen: 7157K->1005K(7680K)] 11236K->5874K(25088K), 0.0006550 secs] [Times: user=0.00 sys=0.00, real=0.00 secs] 
252.150: Total time for which application threads were stopped: 0.0684900 seconds, Stopping threads took: 0.0677590 seconds
252.153: Application time: 0.0034350 seconds
252.221: [GC [PSYoungGen: 7370K->646K(7680K)] 12238K->5515K(25088K), 0.0003830 secs] [Times: user=0.01 sys=0.00, real=0.01 secs] 
252.223: Total time for which application threads were stopped: 0.0692440 seconds, Stopping threads took: 0.0676530 seconds
252.223: Application time: 0.0008020 seconds
252.267: [GC [PSYoungGen: 7285K->1005K(7680K)] 12153K->11012K(25088K), 0.0018830 secs] [Times: user=0.01 sys=0.00, real=0.00 secs] 
252.269: [Full GC [PSYoungGen: 1005K->0K(7680K)] [ParOldGen: 10007K->7204K(17408K)] 11012K->7204K(25088K) [PSPermGen: 5141K->5141K(21504K)], 0.0046770 secs] [Times: user=0.02 sys=0.00, real=0.01 secs] 
252.274: Total time for which application threads were stopped: 0.0502890 seconds, Stopping threads took: 0.0436000 seconds
252.361: Application time: 0.0875730 seconds
252.423: [GC [PSYoungGen: 6364K->582K(7680K)] 13568K->7787K(25088K), 0.0004030 secs] [Times: user=0.01 sys=0.00, real=0.00 secs] 
252.423: Total time for which application threads were stopped: 0.0619410 seconds, Stopping threads took: 0.0614750 seconds
252.424: Application time: 0.0008470 seconds
252.467: [GC [PSYoungGen: 7045K->939K(7680K)] 14249K->13222K(25088K), 0.0017960 secs] [Times: user=0.02 sys=0.00, real=0.01 secs] 
252.469: [Full GC [PSYoungGen: 939K->0K(7680K)] [ParOldGen: 12282K->7106K(17408K)] 13222K->7106K(25088K) [PSPermGen: 5141K->5141K(21504K)], 0.0048970 secs] [Times: user=0.02 sys=0.00, real=0.00 secs] 
252.474: Total time for which application threads were stopped: 0.0500690 seconds, Stopping threads took: 0.0432480 seconds
252.548: Application time: 0.0735740 seconds
252.593: [GC [PSYoungGen: 6559K->973K(7680K)] 13666K->8861K(25088K), 0.0007360 secs] [Times: user=0.01 sys=0.00, real=0.00 secs] 
252.594: Total time for which application threads were stopped: 0.0462960 seconds, Stopping threads took: 0.0454870 seconds
252.595: Application time: 0.0010930 seconds
252.639: [GC [PSYoungGen: 7533K->907K(7680K)] 15421K->14069K(25088K), 0.0020380 secs] [Times: user=0.02 sys=0.00, real=0.00 secs] 
252.641: [Full GC [PSYoungGen: 907K->0K(7680K)] [ParOldGen: 13161K->7302K(17408K)] 14069K->7302K(25088K) [PSPermGen: 5141K->5141K(21504K)], 0.0048200 secs] [Times: user=0.02 sys=0.00, real=0.01 secs] 
252.646: Total time for which application threads were stopped: 0.0504400 seconds, Stopping threads took: 0.0434520 seconds
252.719: Application time: 0.0735580 seconds
252.764: [GC [PSYoungGen: 6656K->939K(7680K)] 13958K->9413K(25088K), 0.0007700 secs] [Times: user=0.01 sys=0.00, real=0.00 secs] 
252.765: Total time for which application threads were stopped: 0.0460060 seconds, Stopping threads took: 0.0451660 seconds
252.770: Application time: 0.0046720 seconds
252.836: [GC [PSYoungGen: 7595K->941K(7680K)] 16069K->9610K(25088K), 0.0007370 secs] [Times: user=0.01 sys=0.00, real=0.00 secs] 
252.837: Total time for which application threads were stopped: 0.0669840 seconds, Stopping threads took: 0.0661810 seconds
252.838: Application time: 0.0008990 seconds
252.881: [GC [PSYoungGen: 7579K->939K(7680K)] 16249K->15371K(25088K), 0.0020410 secs] [Times: user=0.01 sys=0.00, real=0.00 secs] 
252.883: [Full GC [PSYoungGen: 939K->0K(7680K)] [ParOldGen: 14431K->7790K(17408K)] 15371K->7790K(25088K) [PSPermGen: 5141K->5141K(21504K)], 0.0053110 secs] [Times: user=0.02 sys=0.00, real=0.00 secs] 
252.889: Total time for which application threads were stopped: 0.0510370 seconds, Stopping threads took: 0.0435430 seconds
252.967: Application time: 0.0780380 seconds
253.030: [GC [PSYoungGen: 6540K->224K(7680K)] 14331K->8014K(25088K), 0.0004290 secs] [Times: user=0.00 sys=0.00, real=0.00 secs] 
253.030: Total time for which application threads were stopped: 0.0633060 seconds, Stopping threads took: 0.0627840 seconds
253.031: Application time: 0.0007990 seconds
253.072: [GC [PSYoungGen: 6879K->1005K(7680K)] 14670K->13581K(25088K), 0.0016320 secs] [Times: user=0.01 sys=0.00, real=0.00 secs] 
253.073: [Full GC [PSYoungGen: 1005K->0K(7680K)] [ParOldGen: 12576K->6911K(17408K)] 13581K->6911K(25088K) [PSPermGen: 5141K->5141K(21504K)], 0.0050270 secs] [Times: user=0.02 sys=0.00, real=0.00 secs] 
253.079: Total time for which application threads were stopped: 0.0475930 seconds, Stopping threads took: 0.0408040 seconds
253.152: Application time: 0.0736270 seconds
253.198: [GC [PSYoungGen: 6442K->907K(7680K)] 13354K->9382K(25088K), 0.0008890 secs] [Times: user=0.00 sys=0.00, real=0.00 secs] 
253.199: Total time for which application threads were stopped: 0.0467230 seconds, Stopping threads took: 0.0457490 seconds
253.276: Application time: 0.0774210 seconds
253.292: [GC [PSYoungGen: 7546K->419K(7680K)] 16020K->8893K(25088K), 0.0005720 secs] [Times: user=0.00 sys=0.00, real=0.00 secs] 
253.292: Total time for which application threads were stopped: 0.0159050 seconds, Stopping threads took: 0.0152450 seconds
253.293: Application time: 0.0006860 seconds
253.293: [GC [PSYoungGen: 6979K->1006K(7680K)] 15453K->15413K(25088K), 0.0020170 secs] [Times: user=0.01 sys=0.00, real=0.00 secs] 
253.295: [Full GC [PSYoungGen: 1006K->0K(7680K)] [ParOldGen: 14406K->8083K(17408K)] 15413K->8083K(25088K) [PSPermGen: 5141K->5141K(21504K)], 0.0049200 secs] [Times: user=0.02 sys=0.00, real=0.00 secs] 
253.300: Total time for which application threads were stopped: 0.0072370 seconds, Stopping threads took: 0.0001750 seconds
253.392: Application time: 0.0917150 seconds
253.449: [GC [PSYoungGen: 6266K->1005K(7680K)] 14350K->9479K(25088K), 0.0006440 secs] [Times: user=0.00 sys=0.00, real=0.01 secs] 
253.449: Total time for which application threads were stopped: 0.0574530 seconds, Stopping threads took: 0.0567190 seconds
253.450: Application time: 0.0009390 seconds
253.494: [GC [PSYoungGen: 7565K->1005K(7680K)] 16039K->14265K(25088K), 0.0017760 secs] [Times: user=0.02 sys=0.00, real=0.00 secs] 
253.496: [Full GC [PSYoungGen: 1005K->0K(7680K)] [ParOldGen: 13259K->6911K(17408K)] 14265K->6911K(25088K) [PSPermGen: 5141K->5141K(21504K)], 0.0048400 secs] [Times: user=0.02 sys=0.00, real=0.00 secs] 
253.500: Total time for which application threads were stopped: 0.0502230 seconds, Stopping threads took: 0.0434790 seconds
253.574: Application time: 0.0738870 seconds
253.619: [GC [PSYoungGen: 6656K->1005K(7680K)] 13567K->9675K(25088K), 0.0010650 secs] [Times: user=0.01 sys=0.00, real=0.00 secs] 
253.620: Total time for which application threads were stopped: 0.0461150 seconds, Stopping threads took: 0.0449820 seconds
253.700: Application time: 0.0795740 seconds
253.712: [GC [PSYoungGen: 7545K->582K(7680K)] 16215K->9252K(25088K), 0.0004970 secs] [Times: user=0.00 sys=0.00, real=0.00 secs] 
253.713: Total time for which application threads were stopped: 0.0124470 seconds, Stopping threads took: 0.0118650 seconds
253.713: Application time: 0.0008960 seconds
253.765: [GC [PSYoungGen: 7045K->1005K(7680K)] 15714K->13581K(25088K), 0.0015330 secs] [Times: user=0.01 sys=0.00, real=0.00 secs] 
253.767: [Full GC [PSYoungGen: 1005K->0K(7680K)] [ParOldGen: 12576K->6033K(17408K)] 13581K->6033K(25088K) [PSPermGen: 5141K->5141K(21504K)], 0.0050790 secs] [Times: user=0.03 sys=0.00, real=0.01 secs] 
253.772: Total time for which application threads were stopped: 0.0582380 seconds, Stopping threads took: 0.0514880 seconds
253.850: Application time: 0.0781600 seconds
253.894: [GC [PSYoungGen: 6540K->907K(7680K)] 12573K->7722K(25088K), 0.0007710 secs] [Times: user=0.00 sys=0.00, real=0.00 secs] 
253.894: Total time for which application threads were stopped: 0.0446480 seconds, Stopping threads took: 0.0438080 seconds
253.895: Application time: 0.0008790 seconds
253.948: [GC [PSYoungGen: 7467K->939K(7680K)] 14282K->11856K(25088K), 0.0019470 secs] [Times: user=0.02 sys=0.00, real=0.01 secs] 
253.950: [Full GC [PSYoungGen: 939K->0K(7680K)] [ParOldGen: 10916K->6130K(17408K)] 11856K->6130K(25088K) [PSPermGen: 5141K->5141K(21504K)], 0.0047350 secs] [Times: user=0.02 sys=0.00, real=0.00 secs] 
253.955: Total time for which application threads were stopped: 0.0592580 seconds, Stopping threads took: 0.0524180 seconds
254.027: Application time: 0.0723370 seconds
254.071: [GC [PSYoungGen: 6656K->973K(7680K)] 12786K->8080K(25088K), 0.0007140 secs] [Times: user=0.00 sys=0.00, real=0.00 secs] 
254.071: Total time for which application threads were stopped: 0.0444710 seconds, Stopping threads took: 0.0436830 seconds
254.073: Application time: 0.0013080 seconds
254.142: [GC [PSYoungGen: 7611K->973K(7680K)] 14719K->8080K(25088K), 0.0004980 secs] [Times: user=0.00 sys=0.00, real=0.00 secs] 
254.143: Total time for which application threads were stopped: 0.0700430 seconds, Stopping threads took: 0.0694840 seconds
254.144: Application time: 0.0009490 seconds
254.195: [GC [PSYoungGen: 7611K->1021K(7680K)] 14719K->12555K(25088K), 0.0016700 secs] [Times: user=0.01 sys=0.00, real=0.00 secs] 
254.197: [Full GC [PSYoungGen: 1021K->0K(7680K)] [ParOldGen: 11534K->6521K(17408K)] 12555K->6521K(25088K) [PSPermGen: 5141K->5141K(21504K)], 0.0053560 secs] [Times: user=0.02 sys=0.00, real=0.01 secs] 
254.202: Total time for which application threads were stopped: 0.0587030 seconds, Stopping threads took: 0.0515310 seconds
254.297: Application time: 0.0947580 seconds
254.350: [GC [PSYoungGen: 6656K->160K(7680K)] 13177K->6681K(25088K), 0.0005740 secs] [Times: user=0.00 sys=0.00, real=0.00 secs] 
254.351: Total time for which application threads were stopped: 0.0533810 seconds, Stopping threads took: 0.0527170 seconds
254.351: Application time: 0.0008300 seconds
254.352: [GC [PSYoungGen: 6720K->1006K(7680K)] 13241K->13225K(25088K), 0.0019910 secs] [Times: user=0.01 sys=0.00, real=0.00 secs] 
254.354: [Full GC [PSYoungGen: 1006K->0K(7680K)] [ParOldGen: 12218K->7888K(17408K)] 13225K->7888K(25088K) [PSPermGen: 5141K->5141K(21504K)], 0.0048330 secs] [Times: user=0.02 sys=0.00, real=0.00 secs] 
254.359: Total time for which application threads were stopped: 0.0071480 seconds, Stopping threads took: 0.0002010 seconds
254.462: Application time: 0.1030960 seconds
254.522: [GC [PSYoungGen: 6559K->387K(7680K)] 14448K->8275K(25088K), 0.0003920 secs] [Times: user=0.00 sys=0.00, real=0.00 secs] 
254.522: Total time for which application threads were stopped: 0.0608170 seconds, Stopping threads took: 0.0603630 seconds
254.523: Application time: 0.0007240 seconds
254.523: [GC [PSYoungGen: 7025K->1007K(7680K)] 14914K->14787K(25088K), 0.0020750 secs] [Times: user=0.01 sys=0.00, real=0.00 secs] 
254.525: [Full GC [PSYoungGen: 1007K->0K(7680K)] [ParOldGen: 13780K->8084K(17408K)] 14787K->8084K(25088K) [PSPermGen: 5141K->5141K(21504K)], 0.0049140 secs] [Times: user=0.02 sys=0.00, real=0.01 secs] 
254.530: Total time for which application threads were stopped: 0.0072640 seconds, Stopping threads took: 0.0001490 seconds
254.610: Application time: 0.0799080 seconds
254.675: [GC [PSYoungGen: 6559K->582K(7680K)] 14643K->8666K(25088K), 0.0004220 secs] [Times: user=0.00 sys=0.00, real=0.00 secs] 
254.675: Total time for which application threads were stopped: 0.0647290 seconds, Stopping threads took: 0.0642390 seconds
254.676: Application time: 0.0008370 seconds
254.676: [GC [PSYoungGen: 7045K->1008K(7680K)] 15129K->15008K(25088K), 0.0019380 secs] [Times: user=0.01 sys=0.00, real=0.00 secs] 
254.678: [Full GC [PSYoungGen: 1008K->0K(7680K)] [ParOldGen: 13999K->8181K(17408K)] 15008K->8181K(25088K) [PSPermGen: 5141K->5141K(21504K)], 0.0049680 secs] [Times: user=0.03 sys=0.00, real=0.01 secs] 
254.683: Total time for which application threads were stopped: 0.0072150 seconds, Stopping threads took: 0.0001830 seconds
254.764: Application time: 0.0810520 seconds
254.824: [GC [PSYoungGen: 6540K->646K(7680K)] 14721K->8828K(25088K), 0.0004000 secs] [Times: user=0.00 sys=0.00, real=0.00 secs] 
254.825: Total time for which application threads were stopped: 0.0603520 seconds, Stopping threads took: 0.0598840 seconds
254.825: Application time: 0.0008010 seconds
254.869: [GC [PSYoungGen: 7206K->939K(7680K)] 15388K->14297K(25088K), 0.0018920 secs] [Times: user=0.01 sys=0.00, real=0.01 secs] 
254.871: [Full GC [PSYoungGen: 939K->0K(7680K)] [ParOldGen: 13357K->7205K(17408K)] 14297K->7205K(25088K) [PSPermGen: 5141K->5141K(21504K)], 0.0051170 secs] [Times: user=0.02 sys=0.00, real=0.00 secs] 
254.876: Total time for which application threads were stopped: 0.0507120 seconds, Stopping threads took: 0.0435570 seconds
254.951: Application time: 0.0745750 seconds
254.996: [GC [PSYoungGen: 6442K->907K(7680K)] 13648K->8894K(25088K), 0.0007330 secs] [Times: user=0.00 sys=0.00, real=0.00 secs] 
254.997: Total time for which application threads were stopped: 0.0464950 seconds, Stopping threads took: 0.0456650 seconds
254.998: Application time: 0.0010960 seconds
255.042: [GC [PSYoungGen: 7563K->1005K(7680K)] 15550K->14168K(25088K), 0.0020460 secs] [Times: user=0.01 sys=0.00, real=0.00 secs] 
255.044: [Full GC [PSYoungGen: 1005K->0K(7680K)] [ParOldGen: 13162K->7303K(17408K)] 14168K->7303K(25088K) [PSPermGen: 5141K->5141K(21504K)], 0.0048970 secs] [Times: user=0.02 sys=0.00, real=0.00 secs] 
255.049: Total time for which application threads were stopped: 0.0504480 seconds, Stopping threads took: 0.0433570 seconds
255.131: Application time: 0.0819910 seconds
255.185: [GC [PSYoungGen: 6656K->973K(7680K)] 13959K->8276K(25088K), 0.0005670 secs] [Times: user=0.00 sys=0.01, real=0.00 secs] 
255.186: Total time for which application threads were stopped: 0.0550590 seconds, Stopping threads took: 0.0544170 seconds
255.187: Application time: 0.0009300 seconds
255.230: [GC [PSYoungGen: 7611K->1006K(7680K)] 14914K->13737K(25088K), 0.0019860 secs] [Times: user=0.02 sys=0.00, real=0.00 secs] 
255.232: [Full GC [PSYoungGen: 1006K->0K(7680K)] [ParOldGen: 12730K->7595K(17408K)] 13737K->7595K(25088K) [PSPermGen: 5141K->5141K(21504K)], 0.0049450 secs] [Times: user=0.02 sys=0.00, real=0.00 secs] 
255.237: Total time for which application threads were stopped: 0.0506970 seconds, Stopping threads took: 0.0436390 seconds
255.316: Application time: 0.0783660 seconds
255.378: [GC [PSYoungGen: 6656K->160K(7680K)] 14251K->7755K(25088K), 0.0006330 secs] [Times: user=0.00 sys=0.00, real=0.00 secs] 
255.379: Total time for which application threads were stopped: 0.0630160 seconds, Stopping threads took: 0.0623030 seconds
255.380: Application time: 0.0008390 seconds
255.380: [GC [PSYoungGen: 6798K->1005K(7680K)] 14394K->14371K(25088K), 0.0021490 secs] [Times: user=0.02 sys=0.00, real=0.01 secs] 
255.382: [Full GC [PSYoungGen: 1005K->0K(7680K)] [ParOldGen: 13366K->7888K(17408K)] 14371K->7888K(25088K) [PSPermGen: 5141K->5141K(21504K)], 0.0050610 secs] [Times: user=0.02 sys=0.00, real=0.00 secs] 
255.387: Total time for which application threads were stopped: 0.0075580 seconds, Stopping threads took: 0.0002030 seconds
255.465: Application time: 0.0779080 seconds
255.527: [GC [PSYoungGen: 6559K->419K(7680K)] 14448K->8308K(25088K), 0.0003790 secs] [Times: user=0.00 sys=0.00, real=0.00 secs] 
255.527: [Full GC [PSYoungGen: 419K->0K(7680K)] [ParOldGen: 7888K->1760K(17408K)] 8308K->1760K(25088K) [PSPermGen: 5141K->5141K(21504K)], 0.0037760 secs] [Times: user=0.01 sys=0.00, real=0.01 secs] 
255.531: Total time for which application threads were stopped: 0.0659260 seconds, Stopping threads took: 0.0616640 seconds
255.532: Application time: 0.0012060 seconds
255.532: [GC [PSYoungGen: 6560K->1006K(7680K)] 8320K->8464K(25088K), 0.0018750 secs] [Times: user=0.01 sys=0.00, real=0.00 secs] 
255.534: [Full GC [PSYoungGen: 1006K->0K(7680K)] [ParOldGen: 7457K->8084K(17408K)] 8464K->8084K(25088K) [PSPermGen: 5141K->5141K(21504K)], 0.0050680 secs] [Times: user=0.03 sys=0.00, real=0.00 secs] 
255.539: Total time for which application threads were stopped: 0.0071400 seconds, Stopping threads took: 0.0000720 seconds
255.624: Application time: 0.0847840 seconds
255.685: [GC [PSYoungGen: 6559K->582K(7680K)] 14643K->8666K(25088K), 0.0006410 secs] [Times: user=0.00 sys=0.00, real=0.00 secs] 
255.686: [Full GC [PSYoungGen: 582K->0K(7680K)] [ParOldGen: 8084K->1927K(17408K)] 8666K->1927K(25088K) [PSPermGen: 5141K->5141K(21504K)], 0.0039820 secs] [Times: user=0.02 sys=0.00, real=0.01 secs] 
255.690: Total time for which application threads were stopped: 0.0654670 seconds, Stopping threads took: 0.0607030 seconds
255.691: Application time: 0.0012280 seconds
255.732: [GC [PSYoungGen: 6560K->1005K(7680K)] 8487K->8019K(25088K), 0.0019130 secs] [Times: user=0.01 sys=0.00, real=0.00 secs] 
255.734: Total time for which application threads were stopped: 0.0434760 seconds, Stopping threads took: 0.0414840 seconds
255.808: Application time: 0.0740000 seconds
255.855: [GC [PSYoungGen: 7526K->582K(7680K)] 14540K->7596K(25088K), 0.0005500 secs] [Times: user=0.01 sys=0.00, real=0.00 secs] 
255.855: Total time for which application threads were stopped: 0.0471270 seconds, Stopping threads took: 0.0465110 seconds
255.856: Application time: 0.0008400 seconds
255.905: [GC [PSYoungGen: 7140K->955K(7680K)] 14154K->12071K(25088K), 0.0015650 secs] [Times: user=0.01 sys=0.00, real=0.00 secs] 
255.907: [Full GC [PSYoungGen: 955K->0K(7680K)] [ParOldGen: 11115K->6131K(17408K)] 12071K->6131K(25088K) [PSPermGen: 5141K->5141K(21504K)], 0.0047430 secs] [Times: user=0.02 sys=0.00, real=0.01 secs] 
255.912: Total time for which application threads were stopped: 0.0555140 seconds, Stopping threads took: 0.0490730 seconds
255.994: Application time: 0.0819430 seconds
256.040: [GC [PSYoungGen: 6656K->973K(7680K)] 12787K->8081K(25088K), 0.0007580 secs] [Times: user=0.00 sys=0.01, real=0.01 secs] 
256.041: Total time for which application threads were stopped: 0.0474120 seconds, Stopping threads took: 0.0465530 seconds
256.042: Application time: 0.0010680 seconds
256.095: [GC [PSYoungGen: 7533K->1005K(7680K)] 14641K->12410K(25088K), 0.0016830 secs] [Times: user=0.01 sys=0.00, real=0.00 secs] 
256.097: [Full GC [PSYoungGen: 1005K->0K(7680K)] [ParOldGen: 11405K->6424K(17408K)] 12410K->6424K(25088K) [PSPermGen: 5141K->5141K(21504K)], 0.0046790 secs] [Times: user=0.02 sys=0.00, real=0.01 secs] 
256.101: Total time for which application threads were stopped: 0.0590630 seconds, Stopping threads took: 0.0525680 seconds
256.174: Application time: 0.0730190 seconds
256.178: [GC [PSYoungGen: 6638K->1006K(7680K)] 13062K->9628K(25088K), 0.0010220 secs] [Times: user=0.00 sys=0.00, real=0.00 secs] 
256.179: Total time for which application threads were stopped: 0.0045090 seconds, Stopping threads took: 0.0034140 seconds
256.251: Application time: 0.0720930 seconds
256.255: [GC [PSYoungGen: 7645K->809K(7680K)] 16266K->9821K(25088K), 0.0005660 secs] [Times: user=0.00 sys=0.00, real=0.00 secs] 
256.256: Total time for which application threads were stopped: 0.0048560 seconds, Stopping threads took: 0.0042230 seconds
256.257: Application time: 0.0008720 seconds
256.300: [GC [PSYoungGen: 7448K->1005K(7680K)] 16460K->14631K(25088K), 0.0017340 secs] [Times: user=0.02 sys=0.00, real=0.01 secs] 
256.302: [Full GC [PSYoungGen: 1005K->0K(7680K)] [ParOldGen: 13625K->6717K(17408K)] 14631K->6717K(25088K) [PSPermGen: 5141K->5141K(21504K)], 0.0048300 secs] [Times: user=0.02 sys=0.00, real=0.00 secs] 
256.307: Total time for which application threads were stopped: 0.0500240 seconds, Stopping threads took: 0.0433120 seconds
256.380: Application time: 0.0728340 seconds
256.424: [GC [PSYoungGen: 6559K->1006K(7680K)] 13277K->9115K(25088K), 0.0008800 secs] [Times: user=0.01 sys=0.00, real=0.00 secs] 
256.425: Total time for which application threads were stopped: 0.0454040 seconds, Stopping threads took: 0.0444480 seconds
256.504: Application time: 0.0793340 seconds
256.517: [GC [PSYoungGen: 7567K->355K(7680K)] 15675K->8464K(25088K), 0.0003820 secs] [Times: user=0.00 sys=0.00, real=0.00 secs] 
256.517: Total time for which application threads were stopped: 0.0131200 seconds, Stopping threads took: 0.0126720 seconds
256.518: Application time: 0.0006810 seconds
256.518: [GC [PSYoungGen: 6915K->1006K(7680K)] 15024K->15007K(25088K), 0.0018420 secs] [Times: user=0.01 sys=0.01, real=0.00 secs] 
256.520: [Full GC [PSYoungGen: 1006K->0K(7680K)] [ParOldGen: 14000K->8084K(17408K)] 15007K->8084K(25088K) [PSPermGen: 5141K->5141K(21504K)], 0.0050720 secs] [Times: user=0.03 sys=0.00, real=0.01 secs] 
256.525: Total time for which application threads were stopped: 0.0071350 seconds, Stopping threads took: 0.0000870 seconds
256.606: Application time: 0.0806750 seconds
256.667: [GC [PSYoungGen: 6637K->646K(7680K)] 14722K->8731K(25088K), 0.0004440 secs] [Times: user=0.00 sys=0.00, real=0.00 secs] 
256.667: Total time for which application threads were stopped: 0.0611970 seconds, Stopping threads took: 0.0606910 seconds
256.668: Application time: 0.0007550 seconds
256.668: [GC [PSYoungGen: 7109K->1006K(7680K)] 15193K->15088K(25088K), 0.0020570 secs] [Times: user=0.01 sys=0.00, real=0.01 secs] 
256.670: [Full GC [PSYoungGen: 1006K->0K(7680K)] [ParOldGen: 14082K->8182K(17408K)] 15088K->8182K(25088K) [PSPermGen: 5141K->5141K(21504K)], 0.0049970 secs] [Times: user=0.02 sys=0.00, real=0.00 secs] 
256.675: Total time for which application threads were stopped: 0.0073540 seconds, Stopping threads took: 0.0001800 seconds
256.770: Application time: 0.0944810 seconds
256.832: [GC [PSYoungGen: 6462K->550K(7680K)] 14644K->8732K(25088K), 0.0005570 secs] [Times: user=0.01 sys=0.00, real=0.00 secs] 
256.833: Total time for which application threads were stopped: 0.0631370 seconds, Stopping threads took: 0.0624900 seconds
256.834: Application time: 0.0008520 seconds
256.885: [GC [PSYoungGen: 7189K->1005K(7680K)] 15371K->14290K(25088K), 0.0018360 secs] [Times: user=0.01 sys=0.01, real=0.00 secs] 
256.887: [Full GC [PSYoungGen: 1005K->0K(7680K)] [ParOldGen: 13284K->7205K(17408K)] 14290K->7205K(25088K) [PSPermGen: 5141K->5141K(21504K)], 0.0051270 secs] [Times: user=0.02 sys=0.00, real=0.01 secs] 
256.892: Total time for which application threads were stopped: 0.0585000 seconds, Stopping threads took: 0.0514210 seconds
256.966: Application time: 0.0734200 seconds
257.010: [GC [PSYoungGen: 6462K->1005K(7680K)] 13668K->8992K(25088K), 0.0007620 secs] [Times: user=0.00 sys=0.00, real=0.00 secs] 
257.010: Total time for which application threads were stopped: 0.0447980 seconds, Stopping threads took: 0.0439510 seconds
257.011: Application time: 0.0010830 seconds
257.055: [GC [PSYoungGen: 7643K->907K(7680K)] 15631K->14168K(25088K), 0.0019730 secs] [Times: user=0.01 sys=0.00, real=0.00 secs] 
257.057: [Full GC [PSYoungGen: 907K->0K(7680K)] [ParOldGen: 13261K->7303K(17408K)] 14168K->7303K(25088K) [PSPermGen: 5141K->5141K(21504K)], 0.0047260 secs] [Times: user=0.02 sys=0.01, real=0.01 secs] 
257.062: Total time for which application threads were stopped: 0.0503710 seconds, Stopping threads took: 0.0435390 seconds
257.135: Application time: 0.0735380 seconds
257.182: [GC [PSYoungGen: 6656K->1005K(7680K)] 13959K->8309K(25088K), 0.0007740 secs] [Times: user=0.00 sys=0.00, real=0.00 secs] 
257.183: Total time for which application threads were stopped: 0.0470940 seconds, Stopping threads took: 0.0462320 seconds
257.185: Application time: 0.0029360 seconds
257.253: [GC [PSYoungGen: 7467K->841K(7680K)] 14771K->8341K(25088K), 0.0005140 secs] [Times: user=0.01 sys=0.00, real=0.00 secs] 
257.255: Total time for which application threads were stopped: 0.0690830 seconds, Stopping threads took: 0.0674260 seconds
257.255: Application time: 0.0008300 seconds
257.299: [GC [PSYoungGen: 7402K->1006K(7680K)] 14901K->12835K(25088K), 0.0015280 secs] [Times: user=0.01 sys=0.00, real=0.00 secs] 
257.301: [Full GC [PSYoungGen: 1006K->0K(7680K)] [ParOldGen: 11828K->6522K(17408K)] 12835K->6522K(25088K) [PSPermGen: 5141K->5141K(21504K)], 0.0050540 secs] [Times: user=0.02 sys=0.00, real=0.01 secs] 
257.306: Total time for which application threads were stopped: 0.0505660 seconds, Stopping threads took: 0.0438590 seconds
257.378: Application time: 0.0723780 seconds
257.423: [GC [PSYoungGen: 6656K->842K(7680K)] 13178K->8926K(25088K), 0.0008170 secs] [Times: user=0.00 sys=0.00, real=0.00 secs] 
257.424: Total time for which application threads were stopped: 0.0457170 seconds, Stopping threads took: 0.0448340 seconds
257.495: Application time: 0.0712250 seconds
257.502: [GC [PSYoungGen: 7498K->387K(7680K)] 15582K->8472K(25088K), 0.0004070 secs] [Times: user=0.01 sys=0.00, real=0.00 secs] 
257.502: Total time for which application threads were stopped: 0.0072000 seconds, Stopping threads took: 0.0067160 seconds
257.503: Application time: 0.0007180 seconds
257.503: [GC [PSYoungGen: 6947K->1008K(7680K)] 15032K->14911K(25088K), 0.0019570 secs] [Times: user=0.01 sys=0.01, real=0.00 secs] 
257.505: [Full GC [PSYoungGen: 1008K->0K(7680K)] [ParOldGen: 13903K->8084K(17408K)] 14911K->8084K(25088K) [PSPermGen: 5141K->5141K(21504K)], 0.0049450 secs] [Times: user=0.03 sys=0.00, real=0.01 secs] 
257.510: Total time for which application threads were stopped: 0.0071640 seconds, Stopping threads took: 0.0001390 seconds
257.606: Application time: 0.0959440 seconds
257.670: [GC [PSYoungGen: 6637K->614K(7680K)] 14722K->8699K(25088K), 0.0006600 secs] [Times: user=0.00 sys=0.00, real=0.00 secs] 
257.671: Total time for which application threads were stopped: 0.0646510 seconds, Stopping threads took: 0.0639140 seconds
257.672: Application time: 0.0007670 seconds
257.672: [GC [PSYoungGen: 7253K->1006K(7680K)] 15337K->15226K(25088K), 0.0020210 secs] [Times: user=0.01 sys=0.00, real=0.00 secs] 
257.674: [Full GC [PSYoungGen: 1006K->0K(7680K)] [ParOldGen: 14219K->8280K(17408K)] 15226K->8280K(25088K) [PSPermGen: 5141K->5141K(21504K)], 0.0053510 secs] [Times: user=0.03 sys=0.00, real=0.00 secs] 
257.679: Total time for which application threads were stopped: 0.0076830 seconds, Stopping threads took: 0.0001810 seconds
257.760: Application time: 0.0805300 seconds
257.824: [GC [PSYoungGen: 6364K->646K(7680K)] 14644K->8927K(25088K), 0.0004020 secs] [Times: user=0.00 sys=0.00, real=0.00 secs] 
257.824: [Full GC [PSYoungGen: 646K->0K(7680K)] [ParOldGen: 8280K->1984K(17408K)] 8927K->1984K(25088K) [PSPermGen: 5141K->5141K(21504K)], 0.0037100 secs] [Times: user=0.01 sys=0.00, real=0.00 secs] 
257.828: Total time for which application threads were stopped: 0.0677610 seconds, Stopping threads took: 0.0635410 seconds
257.829: Application time: 0.0010350 seconds
257.879: [GC [PSYoungGen: 6521K->1005K(7680K)] 8505K->7908K(25088K), 0.0019440 secs] [Times: user=0.01 sys=0.00, real=0.00 secs] 
257.881: Total time for which application threads were stopped: 0.0520920 seconds, Stopping threads took: 0.0500720 seconds
257.957: Application time: 0.0761640 seconds
258.001: [GC [PSYoungGen: 7565K->614K(7680K)] 14468K->7518K(25088K), 0.0004220 secs] [Times: user=0.00 sys=0.00, real=0.00 secs] 
258.002: Total time for which application threads were stopped: 0.0449090 seconds, Stopping threads took: 0.0444130 seconds
258.003: Application time: 0.0009280 seconds
258.046: [GC [PSYoungGen: 7155K->971K(7680K)] 14059K->12953K(25088K), 0.0018360 secs] [Times: user=0.01 sys=0.01, real=0.00 secs] 
258.048: [Full GC [PSYoungGen: 971K->0K(7680K)] [ParOldGen: 11982K->7108K(17408K)] 12953K->7108K(25088K) [PSPermGen: 5141K->5141K(21504K)], 0.0047740 secs] [Times: user=0.02 sys=0.00, real=0.01 secs] 
258.053: Total time for which application threads were stopped: 0.0502430 seconds, Stopping threads took: 0.0435020 seconds
258.132: Application time: 0.0793230 seconds
258.179: [GC [PSYoungGen: 6462K->518K(7680K)] 13570K->7627K(25088K), 0.0006140 secs] [Times: user=0.00 sys=0.00, real=0.00 secs] 
258.179: Total time for which application threads were stopped: 0.0468750 seconds, Stopping threads took: 0.0461640 seconds
258.180: Application time: 0.0009040 seconds
258.224: [GC [PSYoungGen: 7078K->1005K(7680K)] 14187K->13200K(25088K), 0.0020670 secs] [Times: user=0.02 sys=0.00, real=0.00 secs] 
258.226: [Full GC [PSYoungGen: 1005K->0K(7680K)] [ParOldGen: 12195K->7206K(17408K)] 13200K->7206K(25088K) [PSPermGen: 5141K->5141K(21504K)], 0.0049110 secs] [Times: user=0.02 sys=0.00, real=0.01 secs] 
258.231: Total time for which application threads were stopped: 0.0508820 seconds, Stopping threads took: 0.0437790 seconds
258.304: Application time: 0.0732760 seconds
258.349: [GC [PSYoungGen: 6364K->907K(7680K)] 13570K->8895K(25088K), 0.0006390 secs] [Times: user=0.01 sys=0.00, real=0.00 secs] 
258.350: Total time for which application threads were stopped: 0.0454920 seconds, Stopping threads took: 0.0447790 seconds
258.351: Application time: 0.0010720 seconds
258.404: [GC [PSYoungGen: 7563K->1005K(7680K)] 15551K->13094K(25088K), 0.0016180 secs] [Times: user=0.01 sys=0.00, real=0.00 secs] 
258.406: [Full GC [PSYoungGen: 1005K->0K(7680K)] [ParOldGen: 12089K->6229K(17408K)] 13094K->6229K(25088K) [PSPermGen: 5141K->5141K(21504K)], 0.0047740 secs] [Times: user=0.02 sys=0.00, real=0.01 secs] 
258.411: Total time for which application threads were stopped: 0.0597880 seconds, Stopping threads took: 0.0532710 seconds
258.494: Application time: 0.0836730 seconds
258.552: [GC [PSYoungGen: 6656K->941K(7680K)] 12885K->7171K(25088K), 0.0005090 secs] [Times: user=0.00 sys=0.00, real=0.00 secs] 
258.553: Total time for which application threads were stopped: 0.0583510 seconds, Stopping threads took: 0.0577550 seconds
258.554: Application time: 0.0011780 seconds
258.623: [GC [PSYoungGen: 7501K->1005K(7680K)] 13731K->10563K(25088K), 0.0014680 secs] [Times: user=0.01 sys=0.00, real=0.00 secs] 
258.624: [Full GC [PSYoungGen: 1005K->0K(7680K)] [ParOldGen: 9558K->5448K(17408K)] 10563K->5448K(25088K) [PSPermGen: 5141K->5141K(21504K)], 0.0045450 secs] [Times: user=0.02 sys=0.01, real=0.00 secs] 
258.629: Total time for which application threads were stopped: 0.0747360 seconds, Stopping threads took: 0.0685910 seconds
258.712: Application time: 0.0831380 seconds
258.766: [GC [PSYoungGen: 6638K->973K(7680K)] 12086K->6617K(25088K), 0.0006020 secs] [Times: user=0.00 sys=0.00, real=0.00 secs] 
258.767: Total time for which application threads were stopped: 0.0549430 seconds, Stopping threads took: 0.0542640 seconds
258.768: Application time: 0.0010080 seconds
258.811: [GC [PSYoungGen: 7611K->1006K(7680K)] 13255K->12301K(25088K), 0.0020390 secs] [Times: user=0.01 sys=0.00, real=0.00 secs] 
258.813: [Full GC [PSYoungGen: 1006K->0K(7680K)] [ParOldGen: 11294K->7792K(17408K)] 12301K->7792K(25088K) [PSPermGen: 5141K->5141K(21504K)], 0.0048710 secs] [Times: user=0.02 sys=0.00, real=0.00 secs] 
258.818: Total time for which application threads were stopped: 0.0506170 seconds, Stopping threads took: 0.0435780 seconds
258.904: Application time: 0.0856750 seconds
258.969: [GC [PSYoungGen: 6540K->224K(7680K)] 14332K->8016K(25088K), 0.0003730 secs] [Times: user=0.00 sys=0.00, real=0.00 secs] 
258.970: Total time for which application threads were stopped: 0.0656050 seconds, Stopping threads took: 0.0651660 seconds
258.970: Application time: 0.0007480 seconds
258.971: [GC [PSYoungGen: 6784K->1006K(7680K)] 14576K->14519K(25088K), 0.0019260 secs] [Times: user=0.02 sys=0.00, real=0.00 secs] 
258.973: [Full GC [PSYoungGen: 1006K->0K(7680K)] [ParOldGen: 13512K->7890K(17408K)] 14519K->7890K(25088K) [PSPermGen: 5141K->5141K(21504K)], 0.0048940 secs] [Times: user=0.02 sys=0.00, real=0.00 secs] 
258.978: Total time for which application threads were stopped: 0.0071460 seconds, Stopping threads took: 0.0002050 seconds
259.058: Application time: 0.0802720 seconds
259.120: [GC [PSYoungGen: 6559K->387K(7680K)] 14449K->8277K(25088K), 0.0004110 secs] [Times: user=0.00 sys=0.00, real=0.00 secs] 
259.120: Total time for which application threads were stopped: 0.0621940 seconds, Stopping threads took: 0.0617200 seconds
259.121: Application time: 0.0011660 seconds
259.168: [GC [PSYoungGen: 7043K->1005K(7680K)] 14933K->12801K(25088K), 0.0016180 secs] [Times: user=0.01 sys=0.00, real=0.01 secs] 
259.170: [Full GC [PSYoungGen: 1005K->0K(7680K)] [ParOldGen: 11796K->6034K(17408K)] 12801K->6034K(25088K) [PSPermGen: 5141K->5141K(21504K)], 0.0045120 secs] [Times: user=0.02 sys=0.00, real=0.00 secs] 
259.175: Total time for which application threads were stopped: 0.0534600 seconds, Stopping threads took: 0.0472050 seconds
259.257: Application time: 0.0825960 seconds
259.316: [GC [PSYoungGen: 6462K->582K(7680K)] 12497K->6617K(25088K), 0.0005000 secs] [Times: user=0.00 sys=0.00, real=0.00 secs] 
259.316: Total time for which application threads were stopped: 0.0590270 seconds, Stopping threads took: 0.0584570 seconds
259.322: Application time: 0.0052690 seconds
259.386: [GC [PSYoungGen: 7221K->1005K(7680K)] 13255K->8895K(25088K), 0.0010980 secs] [Times: user=0.01 sys=0.00, real=0.00 secs] 
259.387: Total time for which application threads were stopped: 0.0656320 seconds, Stopping threads took: 0.0644630 seconds
259.462: Application time: 0.0743740 seconds
259.470: [GC [PSYoungGen: 7448K->614K(7680K)] 15338K->8504K(25088K), 0.0004490 secs] [Times: user=0.00 sys=0.00, real=0.00 secs] 
259.470: Total time for which application threads were stopped: 0.0086830 seconds, Stopping threads took: 0.0081480 seconds
259.471: Application time: 0.0007990 seconds
259.514: [GC [PSYoungGen: 7174K->1005K(7680K)] 15065K->14034K(25088K), 0.0018290 secs] [Times: user=0.02 sys=0.00, real=0.00 secs] 
259.516: [Full GC [PSYoungGen: 1005K->0K(7680K)] [ParOldGen: 13028K->7206K(17408K)] 14034K->7206K(25088K) [PSPermGen: 5141K->5141K(21504K)], 0.0050340 secs] [Times: user=0.02 sys=0.00, real=0.01 secs] 
259.521: Total time for which application threads were stopped: 0.0503130 seconds, Stopping threads took: 0.0433270 seconds
259.596: Application time: 0.0748170 seconds
259.641: [GC [PSYoungGen: 6364K->614K(7680K)] 13571K->7821K(25088K), 0.0004250 secs] [Times: user=0.00 sys=0.00, real=0.00 secs] 
259.642: Total time for which application threads were stopped: 0.0455470 seconds, Stopping threads took: 0.0450530 seconds
259.643: Application time: 0.0008880 seconds
259.686: [GC [PSYoungGen: 7253K->1005K(7680K)] 14459K->13322K(25088K), 0.0018660 secs] [Times: user=0.01 sys=0.00, real=0.00 secs] 
259.688: [Full GC [PSYoungGen: 1005K->0K(7680K)] [ParOldGen: 12317K->7206K(17408K)] 13322K->7206K(25088K) [PSPermGen: 5141K->5141K(21504K)], 0.0055410 secs] [Times: user=0.02 sys=0.00, real=0.01 secs] 
259.694: Total time for which application threads were stopped: 0.0510530 seconds, Stopping threads took: 0.0435110 seconds
259.767: Application time: 0.0729780 seconds
259.812: [GC [PSYoungGen: 6462K->941K(7680K)] 13668K->8929K(25088K), 0.0007060 secs] [Times: user=0.00 sys=0.00, real=0.00 secs] 
259.813: Total time for which application threads were stopped: 0.0460560 seconds, Stopping threads took: 0.0452830 seconds
259.814: Application time: 0.0011070 seconds
259.857: [GC [PSYoungGen: 7501K->1005K(7680K)] 15489K->14177K(25088K), 0.0020270 secs] [Times: user=0.02 sys=0.00, real=0.00 secs] 
259.859: [Full GC [PSYoungGen: 1005K->0K(7680K)] [ParOldGen: 13172K->7304K(17408K)] 14177K->7304K(25088K) [PSPermGen: 5141K->5141K(21504K)], 0.0052910 secs] [Times: user=0.02 sys=0.00, real=0.01 secs] 
259.864: Total time for which application threads were stopped: 0.0504000 seconds, Stopping threads took: 0.0429260 seconds
259.938: Application time: 0.0740660 seconds
259.984: [GC [PSYoungGen: 6656K->941K(7680K)] 13960K->8245K(25088K), 0.0005920 secs] [Times: user=0.00 sys=0.00, real=0.00 secs] 
259.984: Total time for which application threads were stopped: 0.0460480 seconds, Stopping threads took: 0.0453880 seconds
259.986: Application time: 0.0012320 seconds
260.055: [GC [PSYoungGen: 7558K->939K(7680K)] 14862K->9416K(25088K), 0.0008950 secs] [Times: user=0.01 sys=0.00, real=0.00 secs] 
260.056: Total time for which application threads were stopped: 0.0702230 seconds, Stopping threads took: 0.0692380 seconds
260.057: Application time: 0.0010250 seconds
260.111: [GC [PSYoungGen: 7499K->1005K(7680K)] 15976K->14982K(25088K), 0.0022860 secs] [Times: user=0.02 sys=0.00, real=0.00 secs] 
260.114: [Full GC [PSYoungGen: 1005K->0K(7680K)] [ParOldGen: 13977K->7597K(17408K)] 14982K->7597K(25088K) [PSPermGen: 5141K->5141K(21504K)], 0.0050970 secs] [Times: user=0.02 sys=0.00, real=0.00 secs] 
260.119: Total time for which application threads were stopped: 0.0621080 seconds, Stopping threads took: 0.0545940 seconds
260.217: Application time: 0.0983300 seconds
260.276: [GC [PSYoungGen: 6656K->128K(7680K)] 14253K->7725K(25088K), 0.0004110 secs] [Times: user=0.00 sys=0.00, real=0.00 secs] 
260.277: Total time for which application threads were stopped: 0.0593450 seconds, Stopping threads took: 0.0588640 seconds
260.278: Application time: 0.0008870 seconds
260.278: [GC [PSYoungGen: 6688K->1005K(7680K)] 14285K->14373K(25088K), 0.0018440 secs] [Times: user=0.02 sys=0.00, real=0.00 secs] 
260.280: [Full GC [PSYoungGen: 1005K->0K(7680K)] [ParOldGen: 13367K->7890K(17408K)] 14373K->7890K(25088K) [PSPermGen: 5141K->5141K(21504K)], 0.0049100 secs] [Times: user=0.02 sys=0.00, real=0.01 secs] 
260.284: Total time for which application threads were stopped: 0.0069690 seconds, Stopping threads took: 0.0000960 seconds
260.367: Application time: 0.0823050 seconds
260.425: [GC [PSYoungGen: 6637K->451K(7680K)] 14528K->8341K(25088K), 0.0003660 secs] [Times: user=0.00 sys=0.00, real=0.00 secs] 
260.425: Total time for which application threads were stopped: 0.0584180 seconds, Stopping threads took: 0.0579780 seconds
260.426: Application time: 0.0007050 seconds
260.426: [GC [PSYoungGen: 7011K->1006K(7680K)] 14901K->14813K(25088K), 0.0020350 secs] [Times: user=0.01 sys=0.01, real=0.00 secs] 
260.428: [Full GC [PSYoungGen: 1006K->0K(7680K)] [ParOldGen: 13806K->8085K(17408K)] 14813K->8085K(25088K) [PSPermGen: 5141K->5141K(21504K)], 0.0050150 secs] [Times: user=0.03 sys=0.00, real=0.01 secs] 
260.433: Total time for which application threads were stopped: 0.0073400 seconds, Stopping threads took: 0.0001640 seconds
260.511: Application time: 0.0773940 seconds
260.574: [GC [PSYoungGen: 6559K->550K(7680K)] 14645K->8636K(25088K), 0.0004690 secs] [Times: user=0.01 sys=0.00, real=0.00 secs] 
260.575: [Full GC [PSYoungGen: 550K->0K(7680K)] [ParOldGen: 8085K->1956K(17408K)] 8636K->1956K(25088K) [PSPermGen: 5141K->5141K(21504K)], 0.0037800 secs] [Times: user=0.01 sys=0.00, real=0.00 secs] 
260.578: Total time for which application threads were stopped: 0.0678420 seconds, Stopping threads took: 0.0634770 seconds
260.580: Application time: 0.0010510 seconds
260.627: [GC [PSYoungGen: 6619K->1005K(7680K)] 8575K->8002K(25088K), 0.0019120 secs] [Times: user=0.02 sys=0.01, real=0.00 secs] 
260.629: Total time for which application threads were stopped: 0.0494550 seconds, Stopping threads took: 0.0474600 seconds
260.703: Application time: 0.0735040 seconds
260.747: [GC [PSYoungGen: 7565K->907K(7680K)] 14562K->9857K(25088K), 0.0010080 secs] [Times: user=0.01 sys=0.00, real=0.00 secs] 
260.748: [Full GC [PSYoungGen: 907K->0K(7680K)] [ParOldGen: 8950K->3984K(17408K)] 9857K->3984K(25088K) [PSPermGen: 5141K->5141K(21504K)], 0.0043590 secs] [Times: user=0.02 sys=0.00, real=0.01 secs] 
260.753: Total time for which application threads were stopped: 0.0501330 seconds, Stopping threads took: 0.0446440 seconds
260.831: Application time: 0.0781720 seconds
260.847: [GC [PSYoungGen: 6560K->841K(7680K)] 10544K->4826K(25088K), 0.0004070 secs] [Times: user=0.01 sys=0.00, real=0.00 secs] 
260.847: Total time for which application threads were stopped: 0.0162700 seconds, Stopping threads took: 0.0158010 seconds
260.848: Application time: 0.0007880 seconds
260.894: [GC [PSYoungGen: 7402K->1005K(7680K)] 11386K->9189K(25088K), 0.0016190 secs] [Times: user=0.01 sys=0.00, real=0.00 secs] 
260.896: Total time for which application threads were stopped: 0.0479180 seconds, Stopping threads took: 0.0462190 seconds
260.971: Application time: 0.0748590 seconds
261.015: [GC [PSYoungGen: 7565K->973K(7680K)] 15749K->9157K(25088K), 0.0006670 secs] [Times: user=0.00 sys=0.00, real=0.00 secs] 
261.015: Total time for which application threads were stopped: 0.0447150 seconds, Stopping threads took: 0.0439640 seconds
261.016: Application time: 0.0009750 seconds
261.070: [GC [PSYoungGen: 7533K->1005K(7680K)] 15717K->13584K(25088K), 0.0018050 secs] [Times: user=0.01 sys=0.00, real=0.00 secs] 
261.072: [Full GC [PSYoungGen: 1005K->0K(7680K)] [ParOldGen: 12578K->6523K(17408K)] 13584K->6523K(25088K) [PSPermGen: 5141K->5141K(21504K)], 0.0046690 secs] [Times: user=0.02 sys=0.00, real=0.00 secs] 
261.077: Total time for which application threads were stopped: 0.0601520 seconds, Stopping threads took: 0.0535470 seconds
261.164: Application time: 0.0870490 seconds
261.205: [GC [PSYoungGen: 6559K->875K(7680K)] 13083K->8766K(25088K), 0.0008770 secs] [Times: user=0.01 sys=0.00, real=0.00 secs] 
261.206: Total time for which application threads were stopped: 0.0422330 seconds, Stopping threads took: 0.0412760 seconds
261.275: Application time: 0.0696110 seconds
261.285: [GC [PSYoungGen: 7514K->256K(7680K)] 15404K->8146K(25088K), 0.0003380 secs] [Times: user=0.00 sys=0.00, real=0.00 secs] 
261.285: Total time for which application threads were stopped: 0.0097420 seconds, Stopping threads took: 0.0093360 seconds
261.286: Application time: 0.0007920 seconds
261.325: [GC [PSYoungGen: 6796K->1021K(7680K)] 14687K->13534K(25088K), 0.0016820 secs] [Times: user=0.01 sys=0.00, real=0.00 secs] 
261.327: [Full GC [PSYoungGen: 1021K->0K(7680K)] [ParOldGen: 12512K->6719K(17408K)] 13534K->6719K(25088K) [PSPermGen: 5141K->5141K(21504K)], 0.0048900 secs] [Times: user=0.02 sys=0.00, real=0.01 secs] 
261.332: Total time for which application threads were stopped: 0.0456070 seconds, Stopping threads took: 0.0389060 seconds
261.421: Application time: 0.0897740 seconds
261.479: [GC [PSYoungGen: 6656K->451K(7680K)] 13375K->7170K(25088K), 0.0004820 secs] [Times: user=0.00 sys=0.00, real=0.00 secs] 
261.479: Total time for which application threads were stopped: 0.0580070 seconds, Stopping threads took: 0.0574620 seconds
261.481: Application time: 0.0020780 seconds
261.549: [GC [PSYoungGen: 7011K->1005K(7680K)] 13730K->8310K(25088K), 0.0005900 secs] [Times: user=0.01 sys=0.00, real=0.00 secs] 
261.550: Total time for which application threads were stopped: 0.0684280 seconds, Stopping threads took: 0.0677670 seconds
261.551: Application time: 0.0008860 seconds
261.595: [GC [PSYoungGen: 7643K->1005K(7680K)] 14948K->12224K(25088K), 0.0015810 secs] [Times: user=0.01 sys=0.00, real=0.00 secs] 
261.596: [Full GC [PSYoungGen: 1005K->0K(7680K)] [ParOldGen: 11219K->6035K(17408K)] 12224K->6035K(25088K) [PSPermGen: 5141K->5141K(21504K)], 0.0071650 secs] [Times: user=0.03 sys=0.00, real=0.01 secs] 
261.603: Total time for which application threads were stopped: 0.0526750 seconds, Stopping threads took: 0.0438020 seconds
261.675: Application time: 0.0719760 seconds
261.677: [GC [PSYoungGen: 6638K->1006K(7680K)] 12673K->8848K(25088K), 0.0010860 secs] [Times: user=0.01 sys=0.00, real=0.00 secs] 
261.678: Total time for which application threads were stopped: 0.0029170 seconds, Stopping threads took: 0.0017590 seconds
261.750: Application time: 0.0713020 seconds
261.753: [GC [PSYoungGen: 7371K->646K(7680K)] 15213K->8488K(25088K), 0.0004130 secs] [Times: user=0.00 sys=0.00, real=0.00 secs] 
261.753: Total time for which application threads were stopped: 0.0035580 seconds, Stopping threads took: 0.0030820 seconds
261.754: Application time: 0.0007970 seconds
261.754: [GC [PSYoungGen: 7206K->1005K(7680K)] 15048K->14999K(25088K), 0.0019140 secs] [Times: user=0.01 sys=0.00, real=0.00 secs] 
261.756: [Full GC [PSYoungGen: 1005K->0K(7680K)] [ParOldGen: 13994K->8281K(17408K)] 14999K->8281K(25088K) [PSPermGen: 5141K->5141K(21504K)], 0.0052590 secs] [Times: user=0.02 sys=0.00, real=0.01 secs] 
261.761: Total time for which application threads were stopped: 0.0073380 seconds, Stopping threads took: 0.0000470 seconds
261.848: Application time: 0.0863040 seconds
261.910: [GC [PSYoungGen: 6520K->939K(7680K)] 14802K->10002K(25088K), 0.0006940 secs] [Times: user=0.00 sys=0.00, real=0.00 secs] 
261.911: Total time for which application threads were stopped: 0.0630590 seconds, Stopping threads took: 0.0622960 seconds
261.917: Application time: 0.0067330 seconds
261.981: [GC [PSYoungGen: 7402K->614K(7680K)] 16465K->9677K(25088K), 0.0005220 secs] [Times: user=0.00 sys=0.00, real=0.00 secs] 
261.982: Total time for which application threads were stopped: 0.0644910 seconds, Stopping threads took: 0.0639060 seconds
261.983: Application time: 0.0007730 seconds
262.039: [GC [PSYoungGen: 7270K->1005K(7680K)] 16333K->14201K(25088K), 0.0016330 secs] [Times: user=0.01 sys=0.00, real=0.00 secs] 
262.040: [Full GC [PSYoungGen: 1005K->0K(7680K)] [ParOldGen: 13196K->6231K(17408K)] 14201K->6231K(25088K) [PSPermGen: 5141K->5141K(21504K)], 0.0048460 secs] [Times: user=0.01 sys=0.00, real=0.01 secs] 
262.045: Total time for which application threads were stopped: 0.0626630 seconds, Stopping threads took: 0.0560310 seconds
262.129: Application time: 0.0833600 seconds
262.190: [GC [PSYoungGen: 6656K->1005K(7680K)] 12887K->7236K(25088K), 0.0005140 secs] [Times: user=0.00 sys=0.00, real=0.00 secs] 
262.191: Total time for which application threads were stopped: 0.0621830 seconds, Stopping threads took: 0.0616030 seconds
262.193: Application time: 0.0025950 seconds
262.261: [GC [PSYoungGen: 7565K->841K(7680K)] 13796K->8440K(25088K), 0.0008510 secs] [Times: user=0.01 sys=0.00, real=0.00 secs] 
262.263: Total time for which application threads were stopped: 0.0692160 seconds, Stopping threads took: 0.0676810 seconds
262.265: Application time: 0.0020780 seconds
262.333: [GC [PSYoungGen: 7402K->1005K(7680K)] 15000K->8799K(25088K), 0.0007150 secs] [Times: user=0.01 sys=0.00, real=0.00 secs] 
262.334: Total time for which application threads were stopped: 0.0693780 seconds, Stopping threads took: 0.0685920 seconds
262.335: Application time: 0.0008640 seconds
262.378: [GC [PSYoungGen: 7643K->1005K(7680K)] 15437K->14495K(25088K), 0.0018620 secs] [Times: user=0.02 sys=0.00, real=0.00 secs] 
262.380: [Full GC [PSYoungGen: 1005K->0K(7680K)] [ParOldGen: 13490K->7793K(17408K)] 14495K->7793K(25088K) [PSPermGen: 5141K->5141K(21504K)], 0.0050380 secs] [Times: user=0.02 sys=0.00, real=0.01 secs] 
262.385: Total time for which application threads were stopped: 0.0501610 seconds, Stopping threads took: 0.0431450 seconds
262.476: Application time: 0.0907600 seconds
262.536: [GC [PSYoungGen: 6462K->192K(7680K)] 14255K->7985K(25088K), 0.0003890 secs] [Times: user=0.00 sys=0.00, real=0.00 secs] 
262.536: Total time for which application threads were stopped: 0.0599550 seconds, Stopping threads took: 0.0594960 seconds
262.537: Application time: 0.0008100 seconds
262.537: [GC [PSYoungGen: 6752K->1006K(7680K)] 14545K->14496K(25088K), 0.0018770 secs] [Times: user=0.01 sys=0.00, real=0.00 secs] 
262.539: [Full GC [PSYoungGen: 1006K->0K(7680K)] [ParOldGen: 13490K->7891K(17408K)] 14496K->7891K(25088K) [PSPermGen: 5141K->5141K(21504K)], 0.0053050 secs] [Times: user=0.02 sys=0.00, real=0.01 secs] 
262.544: Total time for which application threads were stopped: 0.0074170 seconds, Stopping threads took: 0.0001110 seconds
262.628: Application time: 0.0840440 seconds
262.693: [GC [PSYoungGen: 6637K->451K(7680K)] 14529K->8342K(25088K), 0.0004100 secs] [Times: user=0.00 sys=0.00, real=0.00 secs] 
262.694: Total time for which application threads were stopped: 0.0654610 seconds, Stopping threads took: 0.0649810 seconds
262.694: Application time: 0.0007830 seconds
262.695: [GC [PSYoungGen: 7011K->1008K(7680K)] 14902K->14741K(25088K), 0.0020060 secs] [Times: user=0.01 sys=0.00, real=0.00 secs] 
262.697: [Full GC [PSYoungGen: 1008K->0K(7680K)] [ParOldGen: 13733K->8086K(17408K)] 14741K->8086K(25088K) [PSPermGen: 5141K->5141K(21504K)], 0.0049750 secs] [Times: user=0.02 sys=0.00, real=0.01 secs] 
262.702: Total time for which application threads were stopped: 0.0071540 seconds, Stopping threads took: 0.0000540 seconds
262.781: Application time: 0.0790200 seconds
262.843: [GC [PSYoungGen: 6637K->646K(7680K)] 14724K->8733K(25088K), 0.0004910 secs] [Times: user=0.00 sys=0.01, real=0.00 secs] 
262.844: Total time for which application threads were stopped: 0.0631430 seconds, Stopping threads took: 0.0625830 seconds
262.845: Application time: 0.0007880 seconds
262.891: [GC [PSYoungGen: 7302K->1005K(7680K)] 15388K->13217K(25088K), 0.0015500 secs] [Times: user=0.01 sys=0.00, real=0.00 secs] 
262.892: [Full GC [PSYoungGen: 1005K->0K(7680K)] [ParOldGen: 12212K->6231K(17408K)] 13217K->6231K(25088K) [PSPermGen: 5141K->5141K(21504K)], 0.0047530 secs] [Times: user=0.02 sys=0.00, real=0.00 secs] 
262.897: Total time for which application threads were stopped: 0.0526890 seconds, Stopping threads took: 0.0462640 seconds
262.969: Application time: 0.0720920 seconds
263.014: [GC [PSYoungGen: 6656K->907K(7680K)] 12887K->8310K(25088K), 0.0008100 secs] [Times: user=0.00 sys=0.00, real=0.00 secs] 
263.015: Total time for which application threads were stopped: 0.0451770 seconds, Stopping threads took: 0.0442860 seconds
263.016: Application time: 0.0014830 seconds
263.086: [GC [PSYoungGen: 7448K->973K(7680K)] 14851K->8376K(25088K), 0.0005560 secs] [Times: user=0.00 sys=0.00, real=0.00 secs] 
263.087: Total time for which application threads were stopped: 0.0708180 seconds, Stopping threads took: 0.0701950 seconds
263.089: Application time: 0.0025900 seconds
263.157: [GC [PSYoungGen: 7435K->941K(7680K)] 14839K->8344K(25088K), 0.0004830 secs] [Times: user=0.00 sys=0.00, real=0.00 secs] 
263.157: Total time for which application threads were stopped: 0.0678310 seconds, Stopping threads took: 0.0672810 seconds
263.158: Application time: 0.0007170 seconds
263.202: [GC [PSYoungGen: 7597K->1005K(7680K)] 15000K->12933K(25088K), 0.0016770 secs] [Times: user=0.01 sys=0.00, real=0.00 secs] 
263.204: [Full GC [PSYoungGen: 1005K->0K(7680K)] [ParOldGen: 11927K->6622K(17408K)] 12933K->6622K(25088K) [PSPermGen: 5141K->5141K(21504K)], 0.0051560 secs] [Times: user=0.02 sys=0.00, real=0.01 secs] 
263.209: Total time for which application threads were stopped: 0.0512450 seconds, Stopping threads took: 0.0442550 seconds
263.282: Application time: 0.0730130 seconds
263.327: [GC [PSYoungGen: 6559K->192K(7680K)] 13181K->6814K(25088K), 0.0003710 secs] [Times: user=0.01 sys=0.00, real=0.00 secs] 
263.327: Total time for which application threads were stopped: 0.0450270 seconds, Stopping threads took: 0.0445930 seconds
263.328: Application time: 0.0008560 seconds
263.379: [GC [PSYoungGen: 6830K->1005K(7680K)] 13452K->12315K(25088K), 0.0016550 secs] [Times: user=0.01 sys=0.00, real=0.00 secs] 
263.381: [Full GC [PSYoungGen: 1005K->0K(7680K)] [ParOldGen: 11309K->6817K(17408K)] 12315K->6817K(25088K) [PSPermGen: 5141K->5141K(21504K)], 0.0048230 secs] [Times: user=0.02 sys=0.00, real=0.01 secs] 
263.386: Total time for which application threads were stopped: 0.0574930 seconds, Stopping threads took: 0.0508670 seconds
263.459: Application time: 0.0729770 seconds
263.504: [GC [PSYoungGen: 6540K->1005K(7680K)] 13357K->8213K(25088K), 0.0006250 secs] [Times: user=0.00 sys=0.00, real=0.00 secs] 
263.504: Total time for which application threads were stopped: 0.0457880 seconds, Stopping threads took: 0.0450950 seconds
263.505: Application time: 0.0010060 seconds
263.549: [GC [PSYoungGen: 7565K->939K(7680K)] 14773K->13030K(25088K), 0.0017530 secs] [Times: user=0.01 sys=0.00, real=0.01 secs] 
263.551: [Full GC [PSYoungGen: 939K->0K(7680K)] [ParOldGen: 12091K->6915K(17408K)] 13030K->6915K(25088K) [PSPermGen: 5141K->5141K(21504K)], 0.0049390 secs] [Times: user=0.02 sys=0.00, real=0.00 secs] 
263.556: Total time for which application threads were stopped: 0.0504920 seconds, Stopping threads took: 0.0436790 seconds
263.637: Application time: 0.0813830 seconds
263.704: [GC [PSYoungGen: 6540K->419K(7680K)] 13455K->7334K(25088K), 0.0004090 secs] [Times: user=0.00 sys=0.00, real=0.00 secs] 
263.704: Total time for which application threads were stopped: 0.0671200 seconds, Stopping threads took: 0.0666390 seconds
263.705: Application time: 0.0008710 seconds
263.749: [GC [PSYoungGen: 7057K->1005K(7680K)] 13972K->12839K(25088K), 0.0017010 secs] [Times: user=0.01 sys=0.00, real=0.01 secs] 
263.751: [Full GC [PSYoungGen: 1005K->0K(7680K)] [ParOldGen: 11834K->7013K(17408K)] 12839K->7013K(25088K) [PSPermGen: 5141K->5141K(21504K)], 0.0048960 secs] [Times: user=0.02 sys=0.00, real=0.00 secs] 
263.756: Total time for which application threads were stopped: 0.0503610 seconds, Stopping threads took: 0.0436500 seconds
263.830: Application time: 0.0743990 seconds
263.875: [GC [PSYoungGen: 6559K->550K(7680K)] 13572K->7563K(25088K), 0.0003780 secs] [Times: user=0.00 sys=0.00, real=0.00 secs] 
263.875: Total time for which application threads were stopped: 0.0453860 seconds, Stopping threads took: 0.0449430 seconds
263.876: Application time: 0.0009640 seconds
263.918: [GC [PSYoungGen: 7013K->1005K(7680K)] 14026K->13007K(25088K), 0.0017350 secs] [Times: user=0.02 sys=0.00, real=0.00 secs] 
263.920: [Full GC [PSYoungGen: 1005K->0K(7680K)] [ParOldGen: 12001K->7110K(17408K)] 13007K->7110K(25088K) [PSPermGen: 5141K->5141K(21504K)], 0.0048580 secs] [Times: user=0.02 sys=0.00, real=0.01 secs] 
263.924: Total time for which application threads were stopped: 0.0480560 seconds, Stopping threads took: 0.0413320 seconds
264.011: Application time: 0.0869480 seconds
264.075: [GC [PSYoungGen: 6462K->582K(7680K)] 13572K->7693K(25088K), 0.0004110 secs] [Times: user=0.00 sys=0.00, real=0.00 secs] 
264.076: Total time for which application threads were stopped: 0.0642800 seconds, Stopping threads took: 0.0637990 seconds
264.077: Application time: 0.0008180 seconds
264.119: [GC [PSYoungGen: 7045K->1005K(7680K)] 14155K->13104K(25088K), 0.0019820 secs] [Times: user=0.01 sys=0.00, real=0.00 secs] 
264.121: [Full GC [PSYoungGen: 1005K->0K(7680K)] [ParOldGen: 12099K->7110K(17408K)] 13104K->7110K(25088K) [PSPermGen: 5141K->5141K(21504K)], 0.0046100 secs] [Times: user=0.02 sys=0.00, real=0.01 secs] 
264.126: Total time for which application threads were stopped: 0.0490910 seconds, Stopping threads took: 0.0423560 seconds
264.201: Application time: 0.0754850 seconds
264.245: [GC [PSYoungGen: 6462K->550K(7680K)] 13572K->7661K(25088K), 0.0004430 secs] [Times: user=0.01 sys=0.00, real=0.00 secs] 
264.245: Total time for which application threads were stopped: 0.0442680 seconds, Stopping threads took: 0.0437500 seconds
264.246: Application time: 0.0008450 seconds
264.299: [GC [PSYoungGen: 7072K->1005K(7680K)] 14182K->13058K(25088K), 0.0018520 secs] [Times: user=0.01 sys=0.01, real=0.00 secs] 
264.301: [Full GC [PSYoungGen: 1005K->0K(7680K)] [ParOldGen: 12053K->7012K(17408K)] 13058K->7012K(25088K) [PSPermGen: 5141K->5141K(21504K)], 0.0049120 secs] [Times: user=0.02 sys=0.00, real=0.01 secs] 
264.306: Total time for which application threads were stopped: 0.0596140 seconds, Stopping threads took: 0.0527280 seconds
264.390: Application time: 0.0846550 seconds
264.431: [GC [PSYoungGen: 6462K->1005K(7680K)] 13474K->8604K(25088K), 0.0007840 secs] [Times: user=0.00 sys=0.00, real=0.00 secs] 
264.432: Total time for which application threads were stopped: 0.0412750 seconds, Stopping threads took: 0.0404200 seconds
264.433: Application time: 0.0010220 seconds
264.474: [GC [PSYoungGen: 7565K->907K(7680K)] 15164K->13584K(25088K), 0.0018800 secs] [Times: user=0.02 sys=0.00, real=0.00 secs] 
264.476: [Full GC [PSYoungGen: 907K->0K(7680K)] [ParOldGen: 12677K->7110K(17408K)] 13584K->7110K(25088K) [PSPermGen: 5141K->5141K(21504K)], 0.0047070 secs] [Times: user=0.02 sys=0.00, real=0.00 secs] 
264.481: Total time for which application threads were stopped: 0.0480410 seconds, Stopping threads took: 0.0413150 seconds
264.555: Application time: 0.0738310 seconds
264.601: [GC [PSYoungGen: 6540K->646K(7680K)] 13651K->7757K(25088K), 0.0004120 secs] [Times: user=0.01 sys=0.00, real=0.00 secs] 
264.601: Total time for which application threads were stopped: 0.0463940 seconds, Stopping threads took: 0.0459150 seconds
264.602: Application time: 0.0009170 seconds
264.646: [GC [PSYoungGen: 7109K->1005K(7680K)] 14219K->13104K(25088K), 0.0018640 secs] [Times: user=0.02 sys=0.00, real=0.00 secs] 
264.648: [Full GC [PSYoungGen: 1005K->0K(7680K)] [ParOldGen: 12099K->7110K(17408K)] 13104K->7110K(25088K) [PSPermGen: 5141K->5141K(21504K)], 0.0047210 secs] [Times: user=0.02 sys=0.00, real=0.01 secs] 
264.652: Total time for which application threads were stopped: 0.0504570 seconds, Stopping threads took: 0.0437480 seconds
264.726: Application time: 0.0738130 seconds
264.772: [GC [PSYoungGen: 6637K->1005K(7680K)] 13748K->8905K(25088K), 0.0006500 secs] [Times: user=0.01 sys=0.00, real=0.00 secs] 
264.772: Total time for which application threads were stopped: 0.0462210 seconds, Stopping threads took: 0.0454870 seconds
264.774: Application time: 0.0010330 seconds
264.833: [GC [PSYoungGen: 7467K->939K(7680K)] 15367K->12941K(25088K), 0.0015790 secs] [Times: user=0.01 sys=0.00, real=0.00 secs] 
264.835: [Full GC [PSYoungGen: 939K->0K(7680K)] [ParOldGen: 12001K->6134K(17408K)] 12941K->6134K(25088K) [PSPermGen: 5141K->5141K(21504K)], 0.0046130 secs] [Times: user=0.02 sys=0.00, real=0.00 secs] 
264.840: Total time for which application threads were stopped: 0.0660030 seconds, Stopping threads took: 0.0596700 seconds
264.912: Application time: 0.0723850 seconds
264.915: [GC [PSYoungGen: 6559K->1008K(7680K)] 12694K->8940K(25088K), 0.0009600 secs] [Times: user=0.01 sys=0.00, real=0.00 secs] 
264.916: Total time for which application threads were stopped: 0.0036190 seconds, Stopping threads took: 0.0025660 seconds
264.987: Application time: 0.0716220 seconds
264.993: [GC [PSYoungGen: 7275K->582K(7680K)] 15207K->8514K(25088K), 0.0004440 secs] [Times: user=0.00 sys=0.00, real=0.00 secs] 
264.993: Total time for which application threads were stopped: 0.0059910 seconds, Stopping threads took: 0.0054640 seconds
264.994: Application time: 0.0007140 seconds
264.994: [GC [PSYoungGen: 7045K->1005K(7680K)] 14977K->15000K(25088K), 0.0019650 secs] [Times: user=0.02 sys=0.00, real=0.00 secs] 
264.996: [Full GC [PSYoungGen: 1005K->0K(7680K)] [ParOldGen: 13995K->8184K(17408K)] 15000K->8184K(25088K) [PSPermGen: 5141K->5141K(21504K)], 0.0052970 secs] [Times: user=0.02 sys=0.01, real=0.01 secs] 
265.001: Total time for which application threads were stopped: 0.0075030 seconds, Stopping threads took: 0.0001160 seconds
265.082: Application time: 0.0808880 seconds
265.144: [GC [PSYoungGen: 6540K->582K(7680K)] 14725K->8767K(25088K), 0.0004270 secs] [Times: user=0.01 sys=0.00, real=0.00 secs] 
265.145: Total time for which application threads were stopped: 0.0623780 seconds, Stopping threads took: 0.0618860 seconds
265.145: Application time: 0.0006760 seconds
265.146: [GC [PSYoungGen: 7142K->1006K(7680K)] 15327K->15294K(25088K), 0.0021730 secs] [Times: user=0.01 sys=0.00, real=0.00 secs] 
265.148: [Full GC [PSYoungGen: 1006K->0K(7680K)] [ParOldGen: 14287K->8282K(17408K)] 15294K->8282K(25088K) [PSPermGen: 5141K->5141K(21504K)], 0.0050100 secs] [Times: user=0.03 sys=0.00, real=0.01 secs] 
265.153: Total time for which application threads were stopped: 0.0074910 seconds, Stopping threads took: 0.0001770 seconds
265.242: Application time: 0.0892670 seconds
265.305: [GC [PSYoungGen: 6364K->550K(7680K)] 14647K->8833K(25088K), 0.0004140 secs] [Times: user=0.00 sys=0.00, real=0.00 secs] 
265.306: [Full GC [PSYoungGen: 550K->0K(7680K)] [ParOldGen: 8282K->1956K(17408K)] 8833K->1956K(25088K) [PSPermGen: 5141K->5141K(21504K)], 0.0037210 secs] [Times: user=0.01 sys=0.00, real=0.01 secs] 
265.309: Total time for which application threads were stopped: 0.0673480 seconds, Stopping threads took: 0.0630890 seconds
265.311: Application time: 0.0012340 seconds
265.354: [GC [PSYoungGen: 6560K->1005K(7680K)] 8516K->8047K(25088K), 0.0018270 secs] [Times: user=0.01 sys=0.00, real=0.00 secs] 
265.356: Total time for which application threads were stopped: 0.0455930 seconds, Stopping threads took: 0.0436890 seconds
265.430: Application time: 0.0738480 seconds
265.475: [GC [PSYoungGen: 7545K->957K(7680K)] 14588K->8781K(25088K), 0.0007560 secs] [Times: user=0.00 sys=0.00, real=0.00 secs] 
265.476: Total time for which application threads were stopped: 0.0461050 seconds, Stopping threads took: 0.0452560 seconds
265.477: Application time: 0.0011990 seconds
265.534: [GC [PSYoungGen: 7595K->1021K(7680K)] 15419K->12971K(25088K), 0.0016740 secs] [Times: user=0.01 sys=0.00, real=0.00 secs] 
265.536: [Full GC [PSYoungGen: 1021K->0K(7680K)] [ParOldGen: 11949K->6232K(17408K)] 12971K->6232K(25088K) [PSPermGen: 5141K->5141K(21504K)], 0.0047000 secs] [Times: user=0.02 sys=0.00, real=0.00 secs] 
265.541: Total time for which application threads were stopped: 0.0633700 seconds, Stopping threads took: 0.0568470 seconds
265.634: Application time: 0.0929840 seconds
265.674: [GC [PSYoungGen: 6656K->1005K(7680K)] 12888K->7237K(25088K), 0.0007640 secs] [Times: user=0.00 sys=0.00, real=0.00 secs] 
265.675: Total time for which application threads were stopped: 0.0413940 seconds, Stopping threads took: 0.0405420 seconds
265.676: Application time: 0.0009540 seconds
265.727: [GC [PSYoungGen: 7661K->1005K(7680K)] 13893K->11729K(25088K), 0.0017010 secs] [Times: user=0.01 sys=0.00, real=0.00 secs] 
265.729: [Full GC [PSYoungGen: 1005K->0K(7680K)] [ParOldGen: 10724K->6622K(17408K)] 11729K->6622K(25088K) [PSPermGen: 5141K->5141K(21504K)], 0.0049140 secs] [Times: user=0.02 sys=0.00, real=0.01 secs] 
265.734: Total time for which application threads were stopped: 0.0573830 seconds, Stopping threads took: 0.0506190 seconds
265.807: Application time: 0.0740030 seconds
265.852: [GC [PSYoungGen: 6638K->192K(7680K)] 13261K->6814K(25088K), 0.0005040 secs] [Times: user=0.00 sys=0.00, real=0.00 secs] 
265.853: Total time for which application threads were stopped: 0.0452180 seconds, Stopping threads took: 0.0446240 seconds
265.854: Application time: 0.0008120 seconds
265.908: [GC [PSYoungGen: 6847K->1005K(7680K)] 13470K->12421K(25088K), 0.0017730 secs] [Times: user=0.01 sys=0.00, real=0.01 secs] 
265.910: [Full GC [PSYoungGen: 1005K->0K(7680K)] [ParOldGen: 11416K->6915K(17408K)] 12421K->6915K(25088K) [PSPermGen: 5141K->5141K(21504K)], 0.0048020 secs] [Times: user=0.02 sys=0.00, real=0.00 secs] 
265.915: Total time for which application threads were stopped: 0.0610150 seconds, Stopping threads took: 0.0543170 seconds
266.000: Application time: 0.0853940 seconds
266.042: [GC [PSYoungGen: 6364K->1005K(7680K)] 13280K->8319K(25088K), 0.0005990 secs] [Times: user=0.01 sys=0.00, real=0.00 secs] 
266.043: Total time for which application threads were stopped: 0.0427500 seconds, Stopping threads took: 0.0420870 seconds
266.044: Application time: 0.0009450 seconds
266.087: [GC [PSYoungGen: 7565K->1005K(7680K)] 14879K->13105K(25088K), 0.0018410 secs] [Times: user=0.01 sys=0.00, real=0.00 secs] 
266.089: [Full GC [PSYoungGen: 1005K->0K(7680K)] [ParOldGen: 12099K->6915K(17408K)] 13105K->6915K(25088K) [PSPermGen: 5141K->5141K(21504K)], 0.0047970 secs] [Times: user=0.02 sys=0.00, real=0.01 secs] 
266.094: Total time for which application threads were stopped: 0.0502360 seconds, Stopping threads took: 0.0434700 seconds
266.190: Application time: 0.0965260 seconds
266.248: [GC [PSYoungGen: 6540K->451K(7680K)] 13456K->7367K(25088K), 0.0004030 secs] [Times: user=0.00 sys=0.00, real=0.00 secs] 
266.248: Total time for which application threads were stopped: 0.0578400 seconds, Stopping threads took: 0.0573720 seconds
266.249: Application time: 0.0007200 seconds
266.249: [GC [PSYoungGen: 6992K->1006K(7680K)] 13907K->13768K(25088K), 0.0020470 secs] [Times: user=0.01 sys=0.00, real=0.00 secs] 
266.251: [Full GC [PSYoungGen: 1006K->0K(7680K)] [ParOldGen: 12761K->7990K(17408K)] 13768K->7990K(25088K) [PSPermGen: 5141K->5141K(21504K)], 0.0049920 secs] [Times: user=0.02 sys=0.00, real=0.00 secs] 
266.256: Total time for which application threads were stopped: 0.0073790 seconds, Stopping threads took: 0.0001890 seconds
266.333: Application time: 0.0770100 seconds
266.397: [GC [PSYoungGen: 6540K->387K(7680K)] 14530K->8377K(25088K), 0.0004480 secs] [Times: user=0.00 sys=0.00, real=0.00 secs] 
266.397: Total time for which application threads were stopped: 0.0636490 seconds, Stopping threads took: 0.0631220 seconds
266.398: Application time: 0.0007770 seconds
266.398: [GC [PSYoungGen: 6947K->1006K(7680K)] 14937K->14888K(25088K), 0.0018990 secs] [Times: user=0.01 sys=0.00, real=0.00 secs] 
266.400: [Full GC [PSYoungGen: 1006K->0K(7680K)] [ParOldGen: 13881K->8087K(17408K)] 14888K->8087K(25088K) [PSPermGen: 5141K->5141K(21504K)], 0.0052290 secs] [Times: user=0.02 sys=0.01, real=0.01 secs] 
266.405: Total time for which application threads were stopped: 0.0073790 seconds, Stopping threads took: 0.0001170 seconds
266.488: Application time: 0.0829250 seconds
266.547: [GC [PSYoungGen: 6559K->646K(7680K)] 14647K->8734K(25088K), 0.0004520 secs] [Times: user=0.00 sys=0.00, real=0.00 secs] 
266.547: [Full GC [PSYoungGen: 646K->0K(7680K)] [ParOldGen: 8087K->1956K(17408K)] 8734K->1956K(25088K) [PSPermGen: 5141K->5141K(21504K)], 0.0036800 secs] [Times: user=0.01 sys=0.01, real=0.01 secs] 
266.551: Total time for which application threads were stopped: 0.0626690 seconds, Stopping threads took: 0.0584220 seconds
266.552: Application time: 0.0011870 seconds
266.552: [GC [PSYoungGen: 6540K->1005K(7680K)] 8496K->8633K(25088K), 0.0018530 secs] [Times: user=0.02 sys=0.00, real=0.00 secs] 
266.554: [Full GC [PSYoungGen: 1005K->0K(7680K)] [ParOldGen: 7628K->8185K(17408K)] 8633K->8185K(25088K) [PSPermGen: 5141K->5141K(21504K)], 0.0050110 secs] [Times: user=0.02 sys=0.00, real=0.00 secs] 
266.559: Total time for which application threads were stopped: 0.0071490 seconds, Stopping threads took: 0.0001580 seconds
266.638: Application time: 0.0786000 seconds
266.700: [GC [PSYoungGen: 6462K->582K(7680K)] 14647K->8768K(25088K), 0.0004510 secs] [Times: user=0.00 sys=0.00, real=0.00 secs] 
266.700: [Full GC [PSYoungGen: 582K->0K(7680K)] [ParOldGen: 8185K->1955K(17408K)] 8768K->1955K(25088K) [PSPermGen: 5141K->5141K(21504K)], 0.0042540 secs] [Times: user=0.01 sys=0.00, real=0.01 secs] 
266.705: Total time for which application threads were stopped: 0.0668070 seconds, Stopping threads took: 0.0619730 seconds
266.706: Application time: 0.0011740 seconds
266.706: [GC [PSYoungGen: 6560K->1006K(7680K)] 8515K->8659K(25088K), 0.0019720 secs] [Times: user=0.02 sys=0.00, real=0.00 secs] 
266.708: [Full GC [PSYoungGen: 1006K->0K(7680K)] [ParOldGen: 7652K->8283K(17408K)] 8659K->8283K(25088K) [PSPermGen: 5141K->5141K(21504K)], 0.0047870 secs] [Times: user=0.02 sys=0.00, real=0.01 secs] 
266.713: Total time for which application threads were stopped: 0.0069990 seconds, Stopping threads took: 0.0001110 seconds
266.821: Application time: 0.1078730 seconds
266.873: [GC [PSYoungGen: 6637K->809K(7680K)] 14920K->9093K(25088K), 0.0004430 secs] [Times: user=0.00 sys=0.00, real=0.00 secs] 
266.873: [Full GC [PSYoungGen: 809K->0K(7680K)] [ParOldGen: 8283K->2151K(17408K)] 9093K->2151K(25088K) [PSPermGen: 5141K->5141K(21504K)], 0.0035920 secs] [Times: user=0.02 sys=0.00, real=0.00 secs] 
266.877: Total time for which application threads were stopped: 0.0564120 seconds, Stopping threads took: 0.0522670 seconds
266.878: Application time: 0.0012200 seconds
266.929: [GC [PSYoungGen: 6560K->1005K(7680K)] 8711K->7364K(25088K), 0.0016420 secs] [Times: user=0.01 sys=0.00, real=0.00 secs] 
266.931: Total time for which application threads were stopped: 0.0527460 seconds, Stopping threads took: 0.0510230 seconds
267.003: Application time: 0.0723970 seconds
267.049: [GC [PSYoungGen: 7565K->939K(7680K)] 13924K->8470K(25088K), 0.0007820 secs] [Times: user=0.01 sys=0.00, real=0.01 secs] 
267.050: Total time for which application threads were stopped: 0.0462460 seconds, Stopping threads took: 0.0453910 seconds
267.051: Application time: 0.0010760 seconds
267.094: [GC [PSYoungGen: 7595K->907K(7680K)] 15126K->14102K(25088K), 0.0020740 secs] [Times: user=0.02 sys=0.00, real=0.00 secs] 
267.097: [Full GC [PSYoungGen: 907K->0K(7680K)] [ParOldGen: 13195K->7697K(17408K)] 14102K->7697K(25088K) [PSPermGen: 5141K->5141K(21504K)], 0.0051180 secs] [Times: user=0.02 sys=0.00, real=0.01 secs] 
267.102: Total time for which application threads were stopped: 0.0510530 seconds, Stopping threads took: 0.0437100 seconds
267.177: Application time: 0.0751190 seconds
267.222: [GC [PSYoungGen: 6618K->841K(7680K)] 14316K->8930K(25088K), 0.0005700 secs] [Times: user=0.00 sys=0.00, real=0.00 secs] 
267.223: [Full GC [PSYoungGen: 841K->0K(7680K)] [ParOldGen: 8088K->2326K(17408K)] 8930K->2326K(25088K) [PSPermGen: 5141K->5141K(21504K)], 0.0038220 secs] [Times: user=0.02 sys=0.00, real=0.00 secs] 
267.227: Total time for which application threads were stopped: 0.0498190 seconds, Stopping threads took: 0.0453110 seconds
267.233: Application time: 0.0063800 seconds
267.298: [GC [PSYoungGen: 6560K->192K(7680K)] 8886K->2518K(25088K), 0.0003440 secs] [Times: user=0.00 sys=0.00, real=0.00 secs] 
267.300: Total time for which application threads were stopped: 0.0666710 seconds, Stopping threads took: 0.0651010 seconds
267.300: Application time: 0.0006100 seconds
267.301: [GC [PSYoungGen: 6752K->1006K(7680K)] 9078K->9029K(25088K), 0.0019130 secs] [Times: user=0.01 sys=0.00, real=0.01 secs] 
267.303: [Full GC [PSYoungGen: 1006K->0K(7680K)] [ParOldGen: 8022K->7892K(17408K)] 9029K->7892K(25088K) [PSPermGen: 5141K->5141K(21504K)], 0.0051290 secs] [Times: user=0.02 sys=0.00, real=0.00 secs] 
267.308: Total time for which application threads were stopped: 0.0073810 seconds, Stopping threads took: 0.0002140 seconds
267.386: Application time: 0.0786470 seconds
267.448: [GC [PSYoungGen: 6559K->387K(7680K)] 14452K->8279K(25088K), 0.0004030 secs] [Times: user=0.00 sys=0.00, real=0.00 secs] 
267.449: Total time for which application threads were stopped: 0.0622980 seconds, Stopping threads took: 0.0618210 seconds
267.449: Application time: 0.0007650 seconds
267.450: [GC [PSYoungGen: 6947K->1008K(7680K)] 14839K->14711K(25088K), 0.0020360 secs] [Times: user=0.01 sys=0.00, real=0.00 secs] 
267.452: [Full GC [PSYoungGen: 1008K->0K(7680K)] [ParOldGen: 13702K->8087K(17408K)] 14711K->8087K(25088K) [PSPermGen: 5141K->5141K(21504K)], 0.0050250 secs] [Times: user=0.03 sys=0.00, real=0.00 secs] 
267.457: Total time for which application threads were stopped: 0.0073270 seconds, Stopping threads took: 0.0001410 seconds
267.537: Application time: 0.0800590 seconds
267.600: [GC [PSYoungGen: 6559K->550K(7680K)] 14647K->8638K(25088K), 0.0004580 secs] [Times: user=0.00 sys=0.00, real=0.00 secs] 
267.600: [Full GC [PSYoungGen: 550K->0K(7680K)] [ParOldGen: 8087K->1927K(17408K)] 8638K->1927K(25088K) [PSPermGen: 5141K->5141K(21504K)], 0.0036360 secs] [Times: user=0.01 sys=0.01, real=0.01 secs] 
267.604: Total time for which application threads were stopped: 0.0669740 seconds, Stopping threads took: 0.0627710 seconds
267.605: Application time: 0.0011600 seconds
267.649: [GC [PSYoungGen: 6540K->907K(7680K)] 8468K->7913K(25088K), 0.0018300 secs] [Times: user=0.01 sys=0.00, real=0.01 secs] 
267.651: Total time for which application threads were stopped: 0.0455130 seconds, Stopping threads took: 0.0436090 seconds
267.725: Application time: 0.0747150 seconds
267.771: [GC [PSYoungGen: 7369K->907K(7680K)] 14375K->8694K(25088K), 0.0007650 secs] [Times: user=0.00 sys=0.00, real=0.00 secs] 
267.771: Total time for which application threads were stopped: 0.0460900 seconds, Stopping threads took: 0.0452570 seconds
267.772: Application time: 0.0010820 seconds
267.825: [GC [PSYoungGen: 7563K->907K(7680K)] 15350K->13968K(25088K), 0.0018660 secs] [Times: user=0.01 sys=0.00, real=0.00 secs] 
267.827: [Full GC [PSYoungGen: 907K->0K(7680K)] [ParOldGen: 13061K->7306K(17408K)] 13968K->7306K(25088K) [PSPermGen: 5141K->5141K(21504K)], 0.0048450 secs] [Times: user=0.02 sys=0.01, real=0.01 secs] 
267.832: Total time for which application threads were stopped: 0.0597400 seconds, Stopping threads took: 0.0529000 seconds
267.907: Application time: 0.0748050 seconds
267.951: [GC [PSYoungGen: 6656K->646K(7680K)] 13962K->8344K(25088K), 0.0004800 secs] [Times: user=0.00 sys=0.00, real=0.00 secs] 
267.951: Total time for which application threads were stopped: 0.0444910 seconds, Stopping threads took: 0.0439340 seconds
267.952: Application time: 0.0010140 seconds
267.995: [GC [PSYoungGen: 7285K->1005K(7680K)] 14982K->14180K(25088K), 0.0020210 secs] [Times: user=0.02 sys=0.00, real=0.00 secs] 
267.998: [Full GC [PSYoungGen: 1005K->0K(7680K)] [ParOldGen: 13174K->7599K(17408K)] 14180K->7599K(25088K) [PSPermGen: 5141K->5141K(21504K)], 0.0049400 secs] [Times: user=0.02 sys=0.00, real=0.01 secs] 
268.003: Total time for which application threads were stopped: 0.0500850 seconds, Stopping threads took: 0.0429910 seconds
268.078: Application time: 0.0758670 seconds
268.124: [GC [PSYoungGen: 6638K->1021K(7680K)] 14237K->8816K(25088K), 0.0006170 secs] [Times: user=0.00 sys=0.00, real=0.00 secs] 
268.124: [Full GC [PSYoungGen: 1021K->0K(7680K)] [ParOldGen: 7795K->2570K(17408K)] 8816K->2570K(25088K) [PSPermGen: 5141K->5141K(21504K)], 0.0040620 secs] [Times: user=0.02 sys=0.00, real=0.00 secs] 
268.128: Total time for which application threads were stopped: 0.0499820 seconds, Stopping threads took: 0.0451710 seconds
268.130: Application time: 0.0015490 seconds
268.174: [GC [PSYoungGen: 6560K->1005K(7680K)] 9130K->9248K(25088K), 0.0018500 secs] [Times: user=0.01 sys=0.00, real=0.00 secs] 
268.175: [Full GC [PSYoungGen: 1005K->0K(7680K)] [ParOldGen: 8242K->7795K(17408K)] 9248K->7795K(25088K) [PSPermGen: 5141K->5141K(21504K)], 0.0048570 secs] [Times: user=0.02 sys=0.00, real=0.00 secs] 
268.180: Total time for which application threads were stopped: 0.0503920 seconds, Stopping threads took: 0.0435640 seconds
268.257: Application time: 0.0763700 seconds
268.321: [GC [PSYoungGen: 6540K->192K(7680K)] 14335K->7987K(25088K), 0.0004470 secs] [Times: user=0.00 sys=0.00, real=0.00 secs] 
268.321: [Full GC [PSYoungGen: 192K->0K(7680K)] [ParOldGen: 7795K->1565K(17408K)] 7987K->1565K(25088K) [PSPermGen: 5141K->5141K(21504K)], 0.0039400 secs] [Times: user=0.01 sys=0.00, real=0.01 secs] 
268.325: Total time for which application threads were stopped: 0.0683520 seconds, Stopping threads took: 0.0638350 seconds
268.327: Application time: 0.0014440 seconds
268.371: [GC [PSYoungGen: 6655K->1006K(7680K)] 8221K->7276K(25088K), 0.0016670 secs] [Times: user=0.01 sys=0.00, real=0.00 secs] 
268.373: Total time for which application threads were stopped: 0.0461770 seconds, Stopping threads took: 0.0444240 seconds
268.445: Application time: 0.0718320 seconds
268.490: [GC [PSYoungGen: 7662K->1005K(7680K)] 13932K->9040K(25088K), 0.0009570 secs] [Times: user=0.01 sys=0.00, real=0.00 secs] 
268.491: Total time for which application threads were stopped: 0.0461760 seconds, Stopping threads took: 0.0451380 seconds
268.563: Application time: 0.0718100 seconds
268.567: [GC [PSYoungGen: 7545K->614K(7680K)] 15581K->8649K(25088K), 0.0005560 secs] [Times: user=0.00 sys=0.00, real=0.00 secs] 
268.568: Total time for which application threads were stopped: 0.0053140 seconds, Stopping threads took: 0.0046760 seconds
268.569: Application time: 0.0007120 seconds
268.621: [GC [PSYoungGen: 7231K->1005K(7680K)] 15266K->14037K(25088K), 0.0018780 secs] [Times: user=0.01 sys=0.01, real=0.01 secs] 
268.623: [Full GC [PSYoungGen: 1005K->0K(7680K)] [ParOldGen: 13031K->7112K(17408K)] 14037K->7112K(25088K) [PSPermGen: 5141K->5141K(21504K)], 0.0052820 secs] [Times: user=0.02 sys=0.00, real=0.00 secs] 
268.628: Total time for which application threads were stopped: 0.0597870 seconds, Stopping threads took: 0.0524990 seconds
268.704: Application time: 0.0756710 seconds
268.748: [GC [PSYoungGen: 6462K->550K(7680K)] 13574K->7662K(25088K), 0.0003990 secs] [Times: user=0.00 sys=0.00, real=0.00 secs] 
268.749: Total time for which application threads were stopped: 0.0445700 seconds, Stopping threads took: 0.0441070 seconds
268.749: Application time: 0.0008690 seconds
268.793: [GC [PSYoungGen: 7110K->1005K(7680K)] 14222K->13203K(25088K), 0.0017110 secs] [Times: user=0.01 sys=0.00, real=0.00 secs] 
268.795: [Full GC [PSYoungGen: 1005K->0K(7680K)] [ParOldGen: 12198K->7209K(17408K)] 13203K->7209K(25088K) [PSPermGen: 5141K->5141K(21504K)], 0.0049500 secs] [Times: user=0.02 sys=0.01, real=0.00 secs] 
268.800: Total time for which application threads were stopped: 0.0503640 seconds, Stopping threads took: 0.0435810 seconds
268.872: Application time: 0.0725240 seconds
268.917: [GC [PSYoungGen: 6442K->939K(7680K)] 13652K->8930K(25088K), 0.0008410 secs] [Times: user=0.00 sys=0.00, real=0.00 secs] 
268.918: Total time for which application threads were stopped: 0.0457170 seconds, Stopping threads took: 0.0448060 seconds
268.919: Application time: 0.0010160 seconds
268.972: [GC [PSYoungGen: 7595K->1005K(7680K)] 15586K->13121K(25088K), 0.0016610 secs] [Times: user=0.01 sys=0.00, real=0.00 secs] 
268.974: [Full GC [PSYoungGen: 1005K->0K(7680K)] [ParOldGen: 12116K->6233K(17408K)] 13121K->6233K(25088K) [PSPermGen: 5142K->5142K(21504K)], 0.0047450 secs] [Times: user=0.03 sys=0.00, real=0.00 secs] 
268.979: Total time for which application threads were stopped: 0.0597290 seconds, Stopping threads took: 0.0531920 seconds
269.053: Application time: 0.0739530 seconds
269.097: [GC [PSYoungGen: 6656K->941K(7680K)] 12889K->7174K(25088K), 0.0006190 secs] [Times: user=0.00 sys=0.00, real=0.00 secs] 
269.097: Total time for which application threads were stopped: 0.0446670 seconds, Stopping threads took: 0.0439500 seconds
269.098: Application time: 0.0009920 seconds
269.153: [GC [PSYoungGen: 7501K->939K(7680K)] 13734K->11665K(25088K), 0.0016790 secs] [Times: user=0.01 sys=0.00, real=0.00 secs] 
269.154: [Full GC [PSYoungGen: 939K->0K(7680K)] [ParOldGen: 10725K->6526K(17408K)] 11665K->6526K(25088K) [PSPermGen: 5142K->5142K(21504K)], 0.0046540 secs] [Times: user=0.02 sys=0.00, real=0.00 secs] 
269.159: Total time for which application threads were stopped: 0.0606070 seconds, Stopping threads took: 0.0541470 seconds
269.232: Application time: 0.0729380 seconds
269.277: [GC [PSYoungGen: 6656K->160K(7680K)] 13182K->6686K(25088K), 0.0004480 secs] [Times: user=0.00 sys=0.00, real=0.00 secs] 
269.277: Total time for which application threads were stopped: 0.0453060 seconds, Stopping threads took: 0.0447890 seconds
269.278: Application time: 0.0008670 seconds
269.328: [GC [PSYoungGen: 6816K->907K(7680K)] 13342K->12316K(25088K), 0.0017710 secs] [Times: user=0.01 sys=0.00, real=0.01 secs] 
269.330: [Full GC [PSYoungGen: 907K->0K(7680K)] [ParOldGen: 11409K->6916K(17408K)] 12316K->6916K(25088K) [PSPermGen: 5142K->5142K(21504K)], 0.0046660 secs] [Times: user=0.02 sys=0.00, real=0.00 secs] 
269.335: Total time for which application threads were stopped: 0.0563630 seconds, Stopping threads took: 0.0498060 seconds
269.409: Application time: 0.0745820 seconds
269.453: [GC [PSYoungGen: 6462K->451K(7680K)] 13379K->7367K(25088K), 0.0003910 secs] [Times: user=0.00 sys=0.00, real=0.00 secs] 
269.454: Total time for which application threads were stopped: 0.0446680 seconds, Stopping threads took: 0.0442130 seconds
269.455: Application time: 0.0008080 seconds
269.455: [GC [PSYoungGen: 7011K->1005K(7680K)] 13928K->13887K(25088K), 0.0019170 secs] [Times: user=0.01 sys=0.00, real=0.00 secs] 
269.457: [Full GC [PSYoungGen: 1005K->0K(7680K)] [ParOldGen: 12882K->8088K(17408K)] 13887K->8088K(25088K) [PSPermGen: 5142K->5142K(21504K)], 0.0051320 secs] [Times: user=0.02 sys=0.00, real=0.01 secs] 
269.462: Total time for which application threads were stopped: 0.0071950 seconds, Stopping threads took: 0.0000230 seconds
269.539: Application time: 0.0772730 seconds
269.602: [GC [PSYoungGen: 6637K->614K(7680K)] 14726K->8703K(25088K), 0.0004590 secs] [Times: user=0.00 sys=0.00, real=0.00 secs] 
269.602: Total time for which application threads were stopped: 0.0630770 seconds, Stopping threads took: 0.0625380 seconds
269.603: Application time: 0.0009440 seconds
269.647: [GC [PSYoungGen: 7270K->939K(7680K)] 15358K->13227K(25088K), 0.0015760 secs] [Times: user=0.01 sys=0.00, real=0.00 secs] 
269.649: [Full GC [PSYoungGen: 939K->0K(7680K)] [ParOldGen: 12287K->6233K(17408K)] 13227K->6233K(25088K) [PSPermGen: 5142K->5142K(21504K)], 0.0046620 secs] [Times: user=0.02 sys=0.00, real=0.01 secs] 
269.653: Total time for which application threads were stopped: 0.0501510 seconds, Stopping threads took: 0.0437850 seconds
269.727: Application time: 0.0736060 seconds
269.771: [GC [PSYoungGen: 6656K->907K(7680K)] 12889K->8312K(25088K), 0.0007760 secs] [Times: user=0.00 sys=0.00, real=0.00 secs] 
269.771: Total time for which application threads were stopped: 0.0446470 seconds, Stopping threads took: 0.0438020 seconds
269.773: Application time: 0.0013790 seconds
269.842: [GC [PSYoungGen: 7448K->1005K(7680K)] 14853K->12707K(25088K), 0.0016830 secs] [Times: user=0.01 sys=0.01, real=0.00 secs] 
269.843: [Full GC [PSYoungGen: 1005K->0K(7680K)] [ParOldGen: 11702K->6428K(17408K)] 12707K->6428K(25088K) [PSPermGen: 5142K->5142K(21504K)], 0.0046860 secs] [Times: user=0.02 sys=0.00, real=0.00 secs] 
269.848: Total time for which application threads were stopped: 0.0751280 seconds, Stopping threads took: 0.0686340 seconds
269.920: Application time: 0.0724080 seconds
269.965: [GC [PSYoungGen: 6540K->939K(7680K)] 12969K->8540K(25088K), 0.0008120 secs] [Times: user=0.00 sys=0.00, real=0.00 secs] 
269.965: Total time for which application threads were stopped: 0.0450400 seconds, Stopping threads took: 0.0441470 seconds
269.967: Application time: 0.0011020 seconds
270.011: [GC [PSYoungGen: 7595K->1005K(7680K)] 15196K->13098K(25088K), 0.0017920 secs] [Times: user=0.01 sys=0.00, real=0.00 secs] 
270.012: [Full GC [PSYoungGen: 1005K->0K(7680K)] [ParOldGen: 12093K->6624K(17408K)] 13098K->6624K(25088K) [PSPermGen: 5142K->5142K(21504K)], 0.0046670 secs] [Times: user=0.02 sys=0.00, real=0.00 secs] 
270.017: Total time for which application threads were stopped: 0.0505320 seconds, Stopping threads took: 0.0439260 seconds
270.090: Application time: 0.0725190 seconds
270.134: [GC [PSYoungGen: 6656K->973K(7680K)] 13280K->7988K(25088K), 0.0005830 secs] [Times: user=0.00 sys=0.00, real=0.00 secs] 
270.135: Total time for which application threads were stopped: 0.0454110 seconds, Stopping threads took: 0.0447550 seconds
270.141: Application time: 0.0063680 seconds
270.206: [GC [PSYoungGen: 7611K->419K(7680K)] 14626K->7434K(25088K), 0.0004570 secs] [Times: user=0.00 sys=0.00, real=0.00 secs] 
270.207: Total time for which application threads were stopped: 0.0654940 seconds, Stopping threads took: 0.0649780 seconds
270.209: Application time: 0.0023260 seconds
270.277: [GC [PSYoungGen: 6960K->451K(7680K)] 13975K->7466K(25088K), 0.0003950 secs] [Times: user=0.00 sys=0.00, real=0.00 secs] 
270.278: Total time for which application threads were stopped: 0.0684750 seconds, Stopping threads took: 0.0680200 seconds
270.278: Application time: 0.0005300 seconds
270.278: [GC [PSYoungGen: 6777K->1022K(7680K)] 13792K->13607K(25088K), 0.0018190 secs] [Times: user=0.01 sys=0.00, real=0.00 secs] 
270.280: [Full GC [PSYoungGen: 1022K->0K(7680K)] [ParOldGen: 12584K->7698K(17408K)] 13607K->7698K(25088K) [PSPermGen: 5142K->5142K(21504K)], 0.0051010 secs] [Times: user=0.03 sys=0.00, real=0.01 secs] 
270.285: Total time for which application threads were stopped: 0.0071790 seconds, Stopping threads took: 0.0001360 seconds
270.364: Application time: 0.0785120 seconds
270.426: [GC [PSYoungGen: 6559K->160K(7680K)] 14258K->7858K(25088K), 0.0006250 secs] [Times: user=0.00 sys=0.00, real=0.00 secs] 
270.427: Total time for which application threads were stopped: 0.0631410 seconds, Stopping threads took: 0.0624520 seconds
270.428: Application time: 0.0008320 seconds
270.428: [GC [PSYoungGen: 6700K->1005K(7680K)] 14399K->14376K(25088K), 0.0018740 secs] [Times: user=0.01 sys=0.00, real=0.01 secs] 
270.430: [Full GC [PSYoungGen: 1005K->0K(7680K)] [ParOldGen: 13371K->7796K(17408K)] 14376K->7796K(25088K) [PSPermGen: 5142K->5142K(21504K)], 0.0050550 secs] [Times: user=0.02 sys=0.00, real=0.00 secs] 
270.435: Total time for which application threads were stopped: 0.0072290 seconds, Stopping threads took: 0.0001780 seconds
270.514: Application time: 0.0791650 seconds
270.578: [GC [PSYoungGen: 6656K->451K(7680K)] 14452K->8247K(25088K), 0.0003940 secs] [Times: user=0.00 sys=0.00, real=0.00 secs] 
270.578: Total time for which application threads were stopped: 0.0636820 seconds, Stopping threads took: 0.0632260 seconds
270.579: Application time: 0.0008170 seconds
270.629: [GC [PSYoungGen: 7107K->1005K(7680K)] 14903K->13782K(25088K), 0.0019120 secs] [Times: user=0.02 sys=0.00, real=0.01 secs] 
270.631: [Full GC [PSYoungGen: 1005K->0K(7680K)] [ParOldGen: 12777K->7112K(17408K)] 13782K->7112K(25088K) [PSPermGen: 5142K->5142K(21504K)], 0.0047570 secs] [Times: user=0.02 sys=0.00, real=0.00 secs] 
270.635: Total time for which application threads were stopped: 0.0565990 seconds, Stopping threads took: 0.0498090 seconds
270.713: Application time: 0.0776580 seconds
270.767: [GC [PSYoungGen: 6462K->550K(7680K)] 13575K->7663K(25088K), 0.0004150 secs] [Times: user=0.00 sys=0.00, real=0.00 secs] 
270.767: Total time for which application threads were stopped: 0.0539930 seconds, Stopping threads took: 0.0534990 seconds
270.768: Application time: 0.0007640 seconds
270.768: [GC [PSYoungGen: 7013K->1008K(7680K)] 14125K->14037K(25088K), 0.0020450 secs] [Times: user=0.01 sys=0.00, real=0.01 secs] 
270.770: [Full GC [PSYoungGen: 1008K->0K(7680K)] [ParOldGen: 13028K->8186K(17408K)] 14037K->8186K(25088K) [PSPermGen: 5142K->5142K(21504K)], 0.0048670 secs] [Times: user=0.03 sys=0.00, real=0.00 secs] 
270.775: Total time for which application threads were stopped: 0.0072110 seconds, Stopping threads took: 0.0001610 seconds
270.852: Application time: 0.0770450 seconds
270.915: [GC [PSYoungGen: 6462K->582K(7680K)] 14648K->8769K(25088K), 0.0005300 secs] [Times: user=0.00 sys=0.00, real=0.00 secs] 
270.916: [Full GC [PSYoungGen: 582K->0K(7680K)] [ParOldGen: 8186K->1927K(17408K)] 8769K->1927K(25088K) [PSPermGen: 5142K->5142K(21504K)], 0.0039050 secs] [Times: user=0.01 sys=0.00, real=0.00 secs] 
270.919: Total time for which application threads were stopped: 0.0673690 seconds, Stopping threads took: 0.0628190 seconds
270.921: Application time: 0.0012760 seconds
270.964: [GC [PSYoungGen: 6560K->1005K(7680K)] 8487K->8019K(25088K), 0.0018270 secs] [Times: user=0.01 sys=0.00, real=0.00 secs] 
270.966: Total time for which application threads were stopped: 0.0455620 seconds, Stopping threads took: 0.0436600 seconds
271.043: Application time: 0.0770490 seconds
271.088: [GC [PSYoungGen: 7369K->582K(7680K)] 14383K->7596K(25088K), 0.0006180 secs] [Times: user=0.01 sys=0.00, real=0.00 secs] 
271.088: Total time for which application threads were stopped: 0.0450790 seconds, Stopping threads took: 0.0443920 seconds
271.089: Application time: 0.0007250 seconds
271.089: [GC [PSYoungGen: 7045K->1005K(7680K)] 14059K->14082K(25088K), 0.0019550 secs] [Times: user=0.01 sys=0.00, real=0.00 secs] 
271.091: [Full GC [PSYoungGen: 1005K->0K(7680K)] [ParOldGen: 13077K->8186K(17408K)] 14082K->8186K(25088K) [PSPermGen: 5142K->5142K(21504K)], 0.0052010 secs] [Times: user=0.02 sys=0.00, real=0.00 secs] 
271.097: Total time for which application threads were stopped: 0.0074360 seconds, Stopping threads took: 0.0001560 seconds
271.173: Application time: 0.0765690 seconds
271.238: [GC [PSYoungGen: 6540K->646K(7680K)] 14727K->8833K(25088K), 0.0004740 secs] [Times: user=0.00 sys=0.00, real=0.00 secs] 
271.238: [Full GC [PSYoungGen: 646K->0K(7680K)] [ParOldGen: 8186K->1956K(17408K)] 8833K->1956K(25088K) [PSPermGen: 5142K->5142K(21504K)], 0.0036670 secs] [Times: user=0.02 sys=0.00, real=0.01 secs] 
271.242: Total time for which application threads were stopped: 0.0687160 seconds, Stopping threads took: 0.0644680 seconds
271.243: Application time: 0.0012630 seconds
271.284: [GC [PSYoungGen: 6560K->1005K(7680K)] 8516K->8047K(25088K), 0.0019410 secs] [Times: user=0.02 sys=0.00, real=0.00 secs] 
271.286: Total time for which application threads were stopped: 0.0433040 seconds, Stopping threads took: 0.0412780 seconds
271.360: Application time: 0.0732300 seconds
271.407: [GC [PSYoungGen: 7369K->907K(7680K)] 14412K->8731K(25088K), 0.0006650 secs] [Times: user=0.00 sys=0.00, real=0.00 secs] 
271.407: [Full GC [PSYoungGen: 907K->0K(7680K)] [ParOldGen: 7823K->2816K(17408K)] 8731K->2816K(25088K) [PSPermGen: 5142K->5142K(21504K)], 0.0040030 secs] [Times: user=0.02 sys=0.00, real=0.01 secs] 
271.411: Total time for which application threads were stopped: 0.0516120 seconds, Stopping threads took: 0.0468310 seconds
271.413: Application time: 0.0013340 seconds
271.465: [GC [PSYoungGen: 6656K->1005K(7680K)] 9472K->7923K(25088K), 0.0018690 secs] [Times: user=0.01 sys=0.00, real=0.00 secs] 
271.467: Total time for which application threads were stopped: 0.0545540 seconds, Stopping threads took: 0.0526080 seconds
271.540: Application time: 0.0725900 seconds
271.585: [GC [PSYoungGen: 7661K->973K(7680K)] 14579K->7891K(25088K), 0.0006300 secs] [Times: user=0.00 sys=0.00, real=0.00 secs] 
271.586: Total time for which application threads were stopped: 0.0458170 seconds, Stopping threads took: 0.0451010 seconds
271.587: Application time: 0.0010700 seconds
271.630: [GC [PSYoungGen: 7533K->1005K(7680K)] 14451K->13400K(25088K), 0.0020230 secs] [Times: user=0.02 sys=0.00, real=0.00 secs] 
271.632: [Full GC [PSYoungGen: 1005K->0K(7680K)] [ParOldGen: 12395K->7600K(17408K)] 13400K->7600K(25088K) [PSPermGen: 5142K->5142K(21504K)], 0.0049210 secs] [Times: user=0.02 sys=0.00, real=0.00 secs] 
271.637: Total time for which application threads were stopped: 0.0506160 seconds, Stopping threads took: 0.0435120 seconds
271.715: Application time: 0.0774050 seconds
271.759: [GC [PSYoungGen: 6638K->841K(7680K)] 14239K->8833K(25088K), 0.0005200 secs] [Times: user=0.00 sys=0.00, real=0.00 secs] 
271.760: Total time for which application threads were stopped: 0.0449950 seconds, Stopping threads took: 0.0444050 seconds
271.761: Application time: 0.0009490 seconds
271.804: [GC [PSYoungGen: 7461K->1005K(7680K)] 15452K->14651K(25088K), 0.0020770 secs] [Times: user=0.01 sys=0.00, real=0.00 secs] 
271.806: [Full GC [PSYoungGen: 1005K->0K(7680K)] [ParOldGen: 13646K->7698K(17408K)] 14651K->7698K(25088K) [PSPermGen: 5142K->5142K(21504K)], 0.0052670 secs] [Times: user=0.03 sys=0.00, real=0.01 secs] 
271.812: Total time for which application threads were stopped: 0.0510870 seconds, Stopping threads took: 0.0435830 seconds
271.914: Application time: 0.1024910 seconds
271.965: [GC [PSYoungGen: 6638K->160K(7680K)] 14336K->7858K(25088K), 0.0003810 secs] [Times: user=0.00 sys=0.00, real=0.00 secs] 
271.966: Total time for which application threads were stopped: 0.0513830 seconds, Stopping threads took: 0.0509130 seconds
271.966: Application time: 0.0007390 seconds
271.967: [GC [PSYoungGen: 6720K->1006K(7680K)] 14418K->14410K(25088K), 0.0018460 secs] [Times: user=0.01 sys=0.00, real=0.00 secs] 
271.969: [Full GC [PSYoungGen: 1006K->0K(7680K)] [ParOldGen: 13403K->7894K(17408K)] 14410K->7894K(25088K) [PSPermGen: 5142K->5142K(21504K)], 0.0051610 secs] [Times: user=0.02 sys=0.00, real=0.01 secs] 
271.974: Total time for which application threads were stopped: 0.0073510 seconds, Stopping threads took: 0.0002160 seconds
272.055: Application time: 0.0810150 seconds
272.115: [GC [PSYoungGen: 6559K->419K(7680K)] 14453K->8313K(25088K), 0.0003580 secs] [Times: user=0.01 sys=0.00, real=0.00 secs] 
272.115: [Full GC [PSYoungGen: 419K->0K(7680K)] [ParOldGen: 7894K->1760K(17408K)] 8313K->1760K(25088K) [PSPermGen: 5142K->5142K(21504K)], 0.0040710 secs] [Times: user=0.01 sys=0.00, real=0.00 secs] 
272.119: Total time for which application threads were stopped: 0.0645600 seconds, Stopping threads took: 0.0600230 seconds
272.120: Application time: 0.0011030 seconds
272.165: [GC [PSYoungGen: 6638K->1005K(7680K)] 8399K->7657K(25088K), 0.0018790 secs] [Times: user=0.01 sys=0.00, real=0.00 secs] 
272.167: Total time for which application threads were stopped: 0.0464640 seconds, Stopping threads took: 0.0445070 seconds
272.241: Application time: 0.0743720 seconds
272.287: [GC [PSYoungGen: 7643K->598K(7680K)] 14295K->7250K(25088K), 0.0004700 secs] [Times: user=0.00 sys=0.00, real=0.00 secs] 
272.288: Total time for which application threads were stopped: 0.0466920 seconds, Stopping threads took: 0.0461530 seconds
272.289: Application time: 0.0009370 seconds
272.342: [GC [PSYoungGen: 7139K->1006K(7680K)] 13791K->12654K(25088K), 0.0018900 secs] [Times: user=0.01 sys=0.00, real=0.00 secs] 
272.344: [Full GC [PSYoungGen: 1006K->0K(7680K)] [ParOldGen: 11647K->7113K(17408K)] 12654K->7113K(25088K) [PSPermGen: 5142K->5142K(21504K)], 0.0047390 secs] [Times: user=0.02 sys=0.00, real=0.00 secs] 
272.349: Total time for which application threads were stopped: 0.0598010 seconds, Stopping threads took: 0.0530420 seconds
272.423: Application time: 0.0741310 seconds
272.468: [GC [PSYoungGen: 6559K->1005K(7680K)] 13672K->8899K(25088K), 0.0007150 secs] [Times: user=0.00 sys=0.00, real=0.00 secs] 
272.469: Total time for which application threads were stopped: 0.0460470 seconds, Stopping threads took: 0.0452590 seconds
272.470: Application time: 0.0011750 seconds
272.524: [GC [PSYoungGen: 7565K->907K(7680K)] 15459K->14075K(25088K), 0.0019360 secs] [Times: user=0.01 sys=0.00, real=0.00 secs] 
272.525: [Full GC [PSYoungGen: 907K->0K(7680K)] [ParOldGen: 13168K->7308K(17408K)] 14075K->7308K(25088K) [PSPermGen: 5142K->5142K(21504K)], 0.0047780 secs] [Times: user=0.02 sys=0.00, real=0.01 secs] 
272.530: Total time for which application threads were stopped: 0.0602850 seconds, Stopping threads took: 0.0534350 seconds
272.610: Application time: 0.0798360 seconds
272.678: [GC [PSYoungGen: 6656K->941K(7680K)] 13964K->8249K(25088K), 0.0005000 secs] [Times: user=0.00 sys=0.00, real=0.00 secs] 
272.678: Total time for which application threads were stopped: 0.0680580 seconds, Stopping threads took: 0.0674950 seconds
272.679: Application time: 0.0008790 seconds
272.722: [GC [PSYoungGen: 7501K->1005K(7680K)] 14810K->13791K(25088K), 0.0019380 secs] [Times: user=0.01 sys=0.00, real=0.00 secs] 
272.724: [Full GC [PSYoungGen: 1005K->0K(7680K)] [ParOldGen: 12785K->7601K(17408K)] 13791K->7601K(25088K) [PSPermGen: 5142K->5142K(21504K)], 0.0049400 secs] [Times: user=0.02 sys=0.00, real=0.01 secs] 
272.729: Total time for which application threads were stopped: 0.0502870 seconds, Stopping threads took: 0.0432810 seconds
272.806: Application time: 0.0766220 seconds
272.870: [GC [PSYoungGen: 6656K->192K(7680K)] 14257K->7793K(25088K), 0.0005400 secs] [Times: user=0.00 sys=0.00, real=0.00 secs] 
272.871: Total time for which application threads were stopped: 0.0650260 seconds, Stopping threads took: 0.0644100 seconds
272.872: Application time: 0.0008040 seconds
272.872: [GC [PSYoungGen: 6752K->1006K(7680K)] 14353K->14304K(25088K), 0.0018540 secs] [Times: user=0.01 sys=0.00, real=0.00 secs] 
272.874: [Full GC [PSYoungGen: 1006K->0K(7680K)] [ParOldGen: 13297K->7894K(17408K)] 14304K->7894K(25088K) [PSPermGen: 5142K->5142K(21504K)], 0.0050850 secs] [Times: user=0.02 sys=0.00, real=0.00 secs] 
272.879: Total time for which application threads were stopped: 0.0072610 seconds, Stopping threads took: 0.0001940 seconds
272.958: Application time: 0.0787860 seconds
273.020: [GC [PSYoungGen: 6559K->419K(7680K)] 14454K->8313K(25088K), 0.0004350 secs] [Times: user=0.00 sys=0.00, real=0.00 secs] 
273.020: [Full GC [PSYoungGen: 419K->0K(7680K)] [ParOldGen: 7894K->1732K(17408K)] 8313K->1732K(25088K) [PSPermGen: 5142K->5142K(21504K)], 0.0036540 secs] [Times: user=0.01 sys=0.00, real=0.01 secs] 
273.024: Total time for which application threads were stopped: 0.0658160 seconds, Stopping threads took: 0.0616230 seconds
273.025: Application time: 0.0010120 seconds
273.025: [GC [PSYoungGen: 6345K->1006K(7680K)] 8077K->8150K(25088K), 0.0018800 secs] [Times: user=0.01 sys=0.00, real=0.00 secs] 
273.027: Total time for which application threads were stopped: 0.0020790 seconds, Stopping threads took: 0.0001220 seconds
273.123: Application time: 0.0962000 seconds
273.183: [GC [PSYoungGen: 7469K->256K(7680K)] 14612K->7399K(25088K), 0.0003850 secs] [Times: user=0.00 sys=0.00, real=0.00 secs] 
273.183: Total time for which application threads were stopped: 0.0602200 seconds, Stopping threads took: 0.0597680 seconds
273.185: Application time: 0.0019750 seconds
273.253: [GC [PSYoungGen: 6718K->160K(7680K)] 13862K->7303K(25088K), 0.0005380 secs] [Times: user=0.00 sys=0.00, real=0.00 secs] 
273.254: Total time for which application threads were stopped: 0.0687140 seconds, Stopping threads took: 0.0680980 seconds
273.255: Application time: 0.0006530 seconds
273.307: [GC [PSYoungGen: 6815K->1005K(7680K)] 13959K->12934K(25088K), 0.0017540 secs] [Times: user=0.01 sys=0.00, real=0.00 secs] 
273.309: [Full GC [PSYoungGen: 1005K->0K(7680K)] [ParOldGen: 11929K->6918K(17408K)] 12934K->6918K(25088K) [PSPermGen: 5142K->5142K(21504K)], 0.0051850 secs] [Times: user=0.02 sys=0.00, real=0.00 secs] 
273.314: Total time for which application threads were stopped: 0.0598220 seconds, Stopping threads took: 0.0527360 seconds
273.405: Application time: 0.0906150 seconds
273.466: [GC [PSYoungGen: 6656K->582K(7680K)] 13574K->7500K(25088K), 0.0003870 secs] [Times: user=0.00 sys=0.00, real=0.00 secs] 
273.466: Total time for which application threads were stopped: 0.0610580 seconds, Stopping threads took: 0.0605960 seconds
273.467: Application time: 0.0008270 seconds
273.518: [GC [PSYoungGen: 7045K->1006K(7680K)] 13963K->12840K(25088K), 0.0017300 secs] [Times: user=0.01 sys=0.00, real=0.00 secs] 
273.520: [Full GC [PSYoungGen: 1006K->0K(7680K)] [ParOldGen: 11833K->7113K(17408K)] 12840K->7113K(25088K) [PSPermGen: 5142K->5142K(21504K)], 0.0047590 secs] [Times: user=0.02 sys=0.00, real=0.01 secs] 
273.525: Total time for which application threads were stopped: 0.0578260 seconds, Stopping threads took: 0.0512030 seconds
273.598: Application time: 0.0737800 seconds
273.643: [GC [PSYoungGen: 6540K->614K(7680K)] 13653K->7727K(25088K), 0.0004470 secs] [Times: user=0.00 sys=0.00, real=0.00 secs] 
273.644: Total time for which application threads were stopped: 0.0453930 seconds, Stopping threads took: 0.0448800 seconds
273.645: Application time: 0.0008260 seconds
273.688: [GC [PSYoungGen: 7174K->1005K(7680K)] 14287K->13228K(25088K), 0.0017190 secs] [Times: user=0.01 sys=0.00, real=0.01 secs] 
273.690: [Full GC [PSYoungGen: 1005K->0K(7680K)] [ParOldGen: 12223K->7210K(17408K)] 13228K->7210K(25088K) [PSPermGen: 5142K->5142K(21504K)], 0.0050650 secs] [Times: user=0.02 sys=0.00, real=0.00 secs] 
273.695: Total time for which application threads were stopped: 0.0501490 seconds, Stopping threads took: 0.0432460 seconds
273.768: Application time: 0.0729900 seconds
273.812: [GC [PSYoungGen: 6384K->1021K(7680K)] 13595K->8622K(25088K), 0.0006470 secs] [Times: user=0.00 sys=0.00, real=0.00 secs] 
273.813: Total time for which application threads were stopped: 0.0451870 seconds, Stopping threads took: 0.0444740 seconds
273.814: Application time: 0.0010110 seconds
273.858: [GC [PSYoungGen: 7659K->1003K(7680K)] 15261K->13520K(25088K), 0.0018960 secs] [Times: user=0.01 sys=0.00, real=0.00 secs] 
273.860: [Full GC [PSYoungGen: 1003K->0K(7680K)] [ParOldGen: 12516K->6918K(17408K)] 13520K->6918K(25088K) [PSPermGen: 5142K->5142K(21504K)], 0.0046840 secs] [Times: user=0.02 sys=0.00, real=0.01 secs] 
273.864: Total time for which application threads were stopped: 0.0502380 seconds, Stopping threads took: 0.0435140 seconds
273.937: Application time: 0.0723000 seconds
273.982: [GC [PSYoungGen: 6364K->973K(7680K)] 13283K->8282K(25088K), 0.0007650 secs] [Times: user=0.01 sys=0.00, real=0.00 secs] 
273.982: Total time for which application threads were stopped: 0.0457030 seconds, Stopping threads took: 0.0448620 seconds
273.983: Application time: 0.0009150 seconds
274.027: [GC [PSYoungGen: 7533K->1005K(7680K)] 14842K->13100K(25088K), 0.0020690 secs] [Times: user=0.01 sys=0.01, real=0.00 secs] 
274.029: [Full GC [PSYoungGen: 1005K->0K(7680K)] [ParOldGen: 12094K->6918K(17408K)] 13100K->6918K(25088K) [PSPermGen: 5142K->5142K(21504K)], 0.0048550 secs] [Times: user=0.02 sys=0.00, real=0.01 secs] 
274.034: Total time for which application threads were stopped: 0.0507740 seconds, Stopping threads took: 0.0437130 seconds
274.119: Application time: 0.0853400 seconds
274.177: [GC [PSYoungGen: 6364K->1005K(7680K)] 13283K->8322K(25088K), 0.0007430 secs] [Times: user=0.00 sys=0.00, real=0.00 secs] 
274.178: Total time for which application threads were stopped: 0.0585720 seconds, Stopping threads took: 0.0577570 seconds
274.179: Application time: 0.0010260 seconds
274.238: [GC [PSYoungGen: 7565K->1005K(7680K)] 14882K->12033K(25088K), 0.0017580 secs] [Times: user=0.01 sys=0.00, real=0.00 secs] 
274.240: [Full GC [PSYoungGen: 1005K->0K(7680K)] [ParOldGen: 11028K->5844K(17408K)] 12033K->5844K(25088K) [PSPermGen: 5142K->5142K(21504K)], 0.0049420 secs] [Times: user=0.02 sys=0.00, real=0.01 secs] 
274.245: Total time for which application threads were stopped: 0.0661420 seconds, Stopping threads took: 0.0592950 seconds
274.327: Application time: 0.0823480 seconds
274.384: [GC [PSYoungGen: 6656K->550K(7680K)] 12500K->6394K(25088K), 0.0007520 secs] [Times: user=0.00 sys=0.00, real=0.00 secs] 
274.385: Total time for which application threads were stopped: 0.0577750 seconds, Stopping threads took: 0.0569370 seconds
274.386: Application time: 0.0008380 seconds
274.386: [GC [PSYoungGen: 7091K->1008K(7680K)] 12935K->12792K(25088K), 0.0020720 secs] [Times: user=0.01 sys=0.00, real=0.00 secs] 
274.388: [Full GC [PSYoungGen: 1008K->0K(7680K)] [ParOldGen: 11784K->8187K(17408K)] 12792K->8187K(25088K) [PSPermGen: 5142K->5142K(21504K)], 0.0049190 secs] [Times: user=0.03 sys=0.00, real=0.01 secs] 
274.393: Total time for which application threads were stopped: 0.0073570 seconds, Stopping threads took: 0.0002370 seconds
274.473: Application time: 0.0793480 seconds
274.534: [GC [PSYoungGen: 6462K->550K(7680K)] 14649K->8738K(25088K), 0.0004960 secs] [Times: user=0.01 sys=0.00, real=0.00 secs] 
274.535: Total time for which application threads were stopped: 0.0620560 seconds, Stopping threads took: 0.0614860 seconds
274.536: Application time: 0.0007410 seconds
274.536: [GC [PSYoungGen: 7013K->1008K(7680K)] 15201K->15112K(25088K), 0.0019660 secs] [Times: user=0.02 sys=0.00, real=0.00 secs] 
274.538: [Full GC [PSYoungGen: 1008K->0K(7680K)] [ParOldGen: 14103K->8187K(17408K)] 15112K->8187K(25088K) [PSPermGen: 5142K->5142K(21504K)], 0.0051160 secs] [Times: user=0.02 sys=0.00, real=0.01 secs] 
274.543: Total time for which application threads were stopped: 0.0073760 seconds, Stopping threads took: 0.0001720 seconds
274.621: Application time: 0.0782690 seconds
274.684: [GC [PSYoungGen: 6462K->614K(7680K)] 14649K->8802K(25088K), 0.0007930 secs] [Times: user=0.00 sys=0.00, real=0.00 secs] 
274.685: [Full GC [PSYoungGen: 614K->0K(7680K)] [ParOldGen: 8187K->1927K(17408K)] 8802K->1927K(25088K) [PSPermGen: 5142K->5142K(21504K)], 0.0041220 secs] [Times: user=0.02 sys=0.00, real=0.00 secs] 
274.689: Total time for which application threads were stopped: 0.0678850 seconds, Stopping threads took: 0.0628580 seconds
274.698: Application time: 0.0084570 seconds
274.760: [GC [PSYoungGen: 6267K->1005K(7680K)] 8194K->4495K(25088K), 0.0009780 secs] [Times: user=0.01 sys=0.00, real=0.00 secs] 
274.761: Total time for which application threads were stopped: 0.0629240 seconds, Stopping threads took: 0.0618600 seconds
274.840: Application time: 0.0798920 seconds
274.853: [GC [PSYoungGen: 7467K->419K(7680K)] 10957K->3909K(25088K), 0.0003490 secs] [Times: user=0.00 sys=0.00, real=0.00 secs] 
274.853: Total time for which application threads were stopped: 0.0129510 seconds, Stopping threads took: 0.0125350 seconds
274.854: Application time: 0.0006160 seconds
274.854: [GC [PSYoungGen: 6979K->1006K(7680K)] 10469K->10388K(25088K), 0.0019910 secs] [Times: user=0.00 sys=0.01, real=0.00 secs] 
274.856: [Full GC [PSYoungGen: 1006K->0K(7680K)] [ParOldGen: 9381K->8090K(17408K)] 10388K->8090K(25088K) [PSPermGen: 5142K->5142K(21504K)], 0.0045810 secs] [Times: user=0.02 sys=0.00, real=0.00 secs] 
274.861: Total time for which application threads were stopped: 0.0069320 seconds, Stopping threads took: 0.0002290 seconds
274.942: Application time: 0.0810350 seconds
275.003: [GC [PSYoungGen: 6559K->614K(7680K)] 14649K->8704K(25088K), 0.0004110 secs] [Times: user=0.01 sys=0.00, real=0.00 secs] 
275.004: Total time for which application threads were stopped: 0.0616920 seconds, Stopping threads took: 0.0612130 seconds
275.004: Application time: 0.0007630 seconds
275.054: [GC [PSYoungGen: 7270K->973K(7680K)] 15360K->13165K(25088K), 0.0015550 secs] [Times: user=0.01 sys=0.00, real=0.00 secs] 
275.055: [Full GC [PSYoungGen: 973K->0K(7680K)] [ParOldGen: 12191K->6234K(17408K)] 13165K->6234K(25088K) [PSPermGen: 5142K->5142K(21504K)], 0.0046710 secs] [Times: user=0.02 sys=0.00, real=0.00 secs] 
275.060: Total time for which application threads were stopped: 0.0556060 seconds, Stopping threads took: 0.0492490 seconds
275.150: Application time: 0.0900820 seconds
275.205: [GC [PSYoungGen: 6345K->582K(7680K)] 12580K->6817K(25088K), 0.0004630 secs] [Times: user=0.00 sys=0.00, real=0.00 secs] 
275.206: Total time for which application threads were stopped: 0.0554460 seconds, Stopping threads took: 0.0549140 seconds
275.206: Application time: 0.0008420 seconds
275.207: [GC [PSYoungGen: 7045K->1008K(7680K)] 13280K->13183K(25088K), 0.0020480 secs] [Times: user=0.01 sys=0.00, real=0.00 secs] 
275.209: [Full GC [PSYoungGen: 1008K->0K(7680K)] [ParOldGen: 12174K->8187K(17408K)] 13183K->8187K(25088K) [PSPermGen: 5142K->5142K(21504K)], 0.0049720 secs] [Times: user=0.02 sys=0.00, real=0.01 secs] 
275.214: Total time for which application threads were stopped: 0.0073490 seconds, Stopping threads took: 0.0001910 seconds
275.293: Application time: 0.0787700 seconds
275.355: [GC [PSYoungGen: 6462K->582K(7680K)] 14650K->8770K(25088K), 0.0004100 secs] [Times: user=0.00 sys=0.00, real=0.00 secs] 
275.355: [Full GC [PSYoungGen: 582K->0K(7680K)] [ParOldGen: 8187K->1956K(17408K)] 8770K->1956K(25088K) [PSPermGen: 5142K->5142K(21504K)], 0.0037610 secs] [Times: user=0.01 sys=0.00, real=0.00 secs] 
275.359: Total time for which application threads were stopped: 0.0663070 seconds, Stopping threads took: 0.0620310 seconds
275.360: Application time: 0.0011520 seconds
275.360: [GC [PSYoungGen: 6462K->1006K(7680K)] 8418K->8553K(25088K), 0.0018370 secs] [Times: user=0.02 sys=0.00, real=0.01 secs] 
275.362: [Full GC [PSYoungGen: 1006K->0K(7680K)] [ParOldGen: 7546K->8187K(17408K)] 8553K->8187K(25088K) [PSPermGen: 5142K->5142K(21504K)], 0.0050140 secs] [Times: user=0.02 sys=0.00, real=0.00 secs] 
275.367: Total time for which application threads were stopped: 0.0071180 seconds, Stopping threads took: 0.0001460 seconds
275.448: Application time: 0.0807450 seconds
275.510: [GC [PSYoungGen: 6618K->614K(7680K)] 14806K->8802K(25088K), 0.0004780 secs] [Times: user=0.00 sys=0.00, real=0.00 secs] 
275.511: [Full GC [PSYoungGen: 614K->0K(7680K)] [ParOldGen: 8187K->1984K(17408K)] 8802K->1984K(25088K) [PSPermGen: 5142K->5142K(21504K)], 0.0036690 secs] [Times: user=0.02 sys=0.00, real=0.00 secs] 
275.515: Total time for which application threads were stopped: 0.0667950 seconds, Stopping threads took: 0.0625390 seconds
275.516: Application time: 0.0010430 seconds
275.564: [GC [PSYoungGen: 6619K->1006K(7680K)] 8603K->7958K(25088K), 0.0020450 secs] [Times: user=0.01 sys=0.00, real=0.00 secs] 
275.566: Total time for which application threads were stopped: 0.0506040 seconds, Stopping threads took: 0.0484500 seconds
275.655: Application time: 0.0887560 seconds
275.712: [GC [PSYoungGen: 7469K->614K(7680K)] 14420K->7566K(25088K), 0.0005740 secs] [Times: user=0.00 sys=0.00, real=0.00 secs] 
275.712: Total time for which application threads were stopped: 0.0571280 seconds, Stopping threads took: 0.0564890 seconds
275.713: Application time: 0.0009240 seconds
275.765: [GC [PSYoungGen: 7253K->1005K(7680K)] 14204K->13067K(25088K), 0.0019110 secs] [Times: user=0.01 sys=0.00, real=0.00 secs] 
275.767: [Full GC [PSYoungGen: 1005K->0K(7680K)] [ParOldGen: 12062K->7211K(17408K)] 13067K->7211K(25088K) [PSPermGen: 5142K->5142K(21504K)], 0.0050050 secs] [Times: user=0.02 sys=0.00, real=0.01 secs] 
275.772: Total time for which application threads were stopped: 0.0588050 seconds, Stopping threads took: 0.0517600 seconds
275.847: Application time: 0.0746980 seconds
275.891: [GC [PSYoungGen: 6442K->939K(7680K)] 13654K->8932K(25088K), 0.0006740 secs] [Times: user=0.00 sys=0.00, real=0.00 secs] 
275.892: [Full GC [PSYoungGen: 939K->0K(7680K)] [ParOldGen: 7992K->2817K(17408K)] 8932K->2817K(25088K) [PSPermGen: 5142K->5142K(21504K)], 0.0039780 secs] [Times: user=0.02 sys=0.00, real=0.00 secs] 
275.896: Total time for which application threads were stopped: 0.0495450 seconds, Stopping threads took: 0.0447760 seconds
275.897: Application time: 0.0012440 seconds
275.966: [GC [PSYoungGen: 6656K->1005K(7680K)] 9473K->7924K(25088K), 0.0016610 secs] [Times: user=0.01 sys=0.00, real=0.00 secs] 
275.967: Total time for which application threads were stopped: 0.0700270 seconds, Stopping threads took: 0.0682870 seconds
276.040: Application time: 0.0729430 seconds
276.085: [GC [PSYoungGen: 7661K->875K(7680K)] 14580K->8967K(25088K), 0.0011070 secs] [Times: user=0.00 sys=0.00, real=0.00 secs] 
276.086: Total time for which application threads were stopped: 0.0460470 seconds, Stopping threads took: 0.0448390 seconds
276.088: Application time: 0.0011380 seconds
276.156: [GC [PSYoungGen: 7531K->1005K(7680K)] 15623K->13589K(25088K), 0.0019480 secs] [Times: user=0.01 sys=0.00, real=0.00 secs] 
276.158: [Full GC [PSYoungGen: 1005K->0K(7680K)] [ParOldGen: 12583K->6626K(17408K)] 13589K->6626K(25088K) [PSPermGen: 5142K->5142K(21504K)], 0.0047150 secs] [Times: user=0.02 sys=0.00, real=0.01 secs] 
276.163: Total time for which application threads were stopped: 0.0753790 seconds, Stopping threads took: 0.0685850 seconds
276.236: Application time: 0.0729010 seconds
276.281: [GC [PSYoungGen: 6656K->939K(7680K)] 13282K->9128K(25088K), 0.0008250 secs] [Times: user=0.00 sys=0.00, real=0.01 secs] 
276.282: Total time for which application threads were stopped: 0.0460610 seconds, Stopping threads took: 0.0451670 seconds
276.357: Application time: 0.0754000 seconds
276.365: [GC [PSYoungGen: 7499K->451K(7680K)] 15688K->8640K(25088K), 0.0003650 secs] [Times: user=0.00 sys=0.00, real=0.00 secs] 
276.366: Total time for which application threads were stopped: 0.0084920 seconds, Stopping threads took: 0.0080630 seconds
276.367: Application time: 0.0007560 seconds
276.421: [GC [PSYoungGen: 7087K->1006K(7680K)] 15276K->14005K(25088K), 0.0018250 secs] [Times: user=0.01 sys=0.00, real=0.01 secs] 
276.423: [Full GC [PSYoungGen: 1006K->0K(7680K)] [ParOldGen: 12998K->7016K(17408K)] 14005K->7016K(25088K) [PSPermGen: 5142K->5142K(21504K)], 0.0049440 secs] [Times: user=0.02 sys=0.00, real=0.00 secs] 
276.428: Total time for which application threads were stopped: 0.0609500 seconds, Stopping threads took: 0.0540560 seconds
276.506: Application time: 0.0788810 seconds
276.552: [GC [PSYoungGen: 6559K->875K(7680K)] 13576K->8673K(25088K), 0.0006830 secs] [Times: user=0.00 sys=0.00, real=0.00 secs] 
276.552: Total time for which application threads were stopped: 0.0458960 seconds, Stopping threads took: 0.0451410 seconds
276.553: Application time: 0.0010390 seconds
276.597: [GC [PSYoungGen: 7531K->1005K(7680K)] 15329K->13987K(25088K), 0.0022600 secs] [Times: user=0.01 sys=0.00, real=0.00 secs] 
276.599: [Full GC [PSYoungGen: 1005K->0K(7680K)] [ParOldGen: 12982K->7309K(17408K)] 13987K->7309K(25088K) [PSPermGen: 5142K->5142K(21504K)], 0.0050780 secs] [Times: user=0.02 sys=0.00, real=0.01 secs] 
276.605: Total time for which application threads were stopped: 0.0512590 seconds, Stopping threads took: 0.0437640 seconds
276.687: Application time: 0.0826430 seconds
276.741: [GC [PSYoungGen: 6656K->1005K(7680K)] 13965K->8315K(25088K), 0.0004940 secs] [Times: user=0.00 sys=0.00, real=0.01 secs] 
276.741: Total time for which application threads were stopped: 0.0542220 seconds, Stopping threads took: 0.0536600 seconds
276.743: Application time: 0.0010190 seconds
276.786: [GC [PSYoungGen: 7565K->1005K(7680K)] 14875K->13792K(25088K), 0.0020000 secs] [Times: user=0.01 sys=0.01, real=0.00 secs] 
276.788: [Full GC [PSYoungGen: 1005K->0K(7680K)] [ParOldGen: 12786K->7602K(17408K)] 13792K->7602K(25088K) [PSPermGen: 5142K->5142K(21504K)], 0.0048320 secs] [Times: user=0.02 sys=0.00, real=0.01 secs] 
276.793: Total time for which application threads were stopped: 0.0505120 seconds, Stopping threads took: 0.0435590 seconds
276.868: Application time: 0.0746080 seconds
276.913: [GC [PSYoungGen: 6638K->907K(7680K)] 14240K->9877K(25088K), 0.0008580 secs] [Times: user=0.00 sys=0.00, real=0.00 secs] 
276.914: [Full GC [PSYoungGen: 907K->0K(7680K)] [ParOldGen: 8969K->3403K(17408K)] 9877K->3403K(25088K) [PSPermGen: 5142K->5142K(21504K)], 0.0041310 secs] [Times: user=0.02 sys=0.00, real=0.00 secs] 
276.918: Total time for which application threads were stopped: 0.0501440 seconds, Stopping threads took: 0.0450390 seconds
276.995: Application time: 0.0772690 seconds
277.007: [GC [PSYoungGen: 6638K->224K(7680K)] 10042K->3627K(25088K), 0.0003120 secs] [Times: user=0.00 sys=0.00, real=0.00 secs] 
277.007: Total time for which application threads were stopped: 0.0117910 seconds, Stopping threads took: 0.0114200 seconds
277.008: Application time: 0.0007170 seconds
277.008: [GC [PSYoungGen: 6784K->1006K(7680K)] 10187K->10106K(25088K), 0.0019460 secs] [Times: user=0.01 sys=0.00, real=0.01 secs] 
277.010: [Full GC [PSYoungGen: 1006K->0K(7680K)] [ParOldGen: 9100K->7895K(17408K)] 10106K->7895K(25088K) [PSPermGen: 5142K->5142K(21504K)], 0.0049130 secs] [Times: user=0.02 sys=0.00, real=0.00 secs] 
277.015: Total time for which application threads were stopped: 0.0072070 seconds, Stopping threads took: 0.0002110 seconds
277.115: Application time: 0.1000240 seconds
277.176: [GC [PSYoungGen: 6559K->451K(7680K)] 14455K->8346K(25088K), 0.0003890 secs] [Times: user=0.00 sys=0.00, real=0.00 secs] 
277.176: Total time for which application threads were stopped: 0.0611270 seconds, Stopping threads took: 0.0606630 seconds
277.177: Application time: 0.0007880 seconds
277.177: [GC [PSYoungGen: 7011K->1006K(7680K)] 14907K->14794K(25088K), 0.0018960 secs] [Times: user=0.01 sys=0.00, real=0.00 secs] 
277.179: [Full GC [PSYoungGen: 1006K->0K(7680K)] [ParOldGen: 13787K->8090K(17408K)] 14794K->8090K(25088K) [PSPermGen: 5142K->5142K(21504K)], 0.0048950 secs] [Times: user=0.03 sys=0.00, real=0.01 secs] 
277.184: Total time for which application threads were stopped: 0.0070020 seconds, Stopping threads took: 0.0000860 seconds
277.264: Application time: 0.0802510 seconds
277.325: [GC [PSYoungGen: 6559K->582K(7680K)] 14650K->8673K(25088K), 0.0006020 secs] [Times: user=0.00 sys=0.00, real=0.00 secs] 
277.326: Total time for which application threads were stopped: 0.0620100 seconds, Stopping threads took: 0.0613420 seconds
277.327: Application time: 0.0007920 seconds
277.370: [GC [PSYoungGen: 7201K->1006K(7680K)] 15292K->14065K(25088K), 0.0019280 secs] [Times: user=0.02 sys=0.00, real=0.00 secs] 
277.372: [Full GC [PSYoungGen: 1006K->0K(7680K)] [ParOldGen: 13058K->7114K(17408K)] 14065K->7114K(25088K) [PSPermGen: 5142K->5142K(21504K)], 0.0047720 secs] [Times: user=0.02 sys=0.00, real=0.00 secs] 
277.377: Total time for which application threads were stopped: 0.0497590 seconds, Stopping threads took: 0.0429300 seconds
277.452: Application time: 0.0758350 seconds
277.503: [GC [PSYoungGen: 6559K->973K(7680K)] 13674K->8869K(25088K), 0.0008800 secs] [Times: user=0.00 sys=0.00, real=0.00 secs] 
277.504: Total time for which application threads were stopped: 0.0517250 seconds, Stopping threads took: 0.0507700 seconds
277.505: Application time: 0.0010510 seconds
277.558: [GC [PSYoungGen: 7416K->1005K(7680K)] 15312K->12807K(25088K), 0.0015440 secs] [Times: user=0.01 sys=0.00, real=0.00 secs] 
277.560: [Full GC [PSYoungGen: 1005K->0K(7680K)] [ParOldGen: 11802K->6040K(17408K)] 12807K->6040K(25088K) [PSPermGen: 5142K->5142K(21504K)], 0.0049910 secs] [Times: user=0.02 sys=0.01, real=0.01 secs] 
277.565: Total time for which application threads were stopped: 0.0599210 seconds, Stopping threads took: 0.0532390 seconds
277.645: Application time: 0.0801810 seconds
277.691: [GC [PSYoungGen: 6638K->1005K(7680K)] 12679K->7827K(25088K), 0.0006930 secs] [Times: user=0.00 sys=0.00, real=0.00 secs] 
277.692: Total time for which application threads were stopped: 0.0467690 seconds, Stopping threads took: 0.0459970 seconds
277.693: Application time: 0.0011470 seconds
277.762: [GC [PSYoungGen: 7565K->907K(7680K)] 14387K->10854K(25088K), 0.0013340 secs] [Times: user=0.01 sys=0.00, real=0.00 secs] 
277.763: [Full GC [PSYoungGen: 907K->0K(7680K)] [ParOldGen: 9947K->5161K(17408K)] 10854K->5161K(25088K) [PSPermGen: 5142K->5142K(21504K)], 0.0044660 secs] [Times: user=0.01 sys=0.00, real=0.00 secs] 
277.768: Total time for which application threads were stopped: 0.0745810 seconds, Stopping threads took: 0.0686570 seconds
277.841: Application time: 0.0735130 seconds
277.886: [GC [PSYoungGen: 6462K->777K(7680K)] 11624K->5939K(25088K), 0.0004820 secs] [Times: user=0.00 sys=0.00, real=0.00 secs] 
277.887: Total time for which application threads were stopped: 0.0452270 seconds, Stopping threads took: 0.0446860 seconds
277.887: Application time: 0.0008380 seconds
277.938: [GC [PSYoungGen: 7414K->907K(7680K)] 12576K->10366K(25088K), 0.0015990 secs] [Times: user=0.01 sys=0.00, real=0.00 secs] 
277.940: [Full GC [PSYoungGen: 907K->0K(7680K)] [ParOldGen: 9458K->6333K(17408K)] 10366K->6333K(25088K) [PSPermGen: 5142K->5142K(21504K)], 0.0044150 secs] [Times: user=0.02 sys=0.00, real=0.01 secs] 
277.944: Total time for which application threads were stopped: 0.0568600 seconds, Stopping threads took: 0.0507100 seconds
278.018: Application time: 0.0735210 seconds
278.063: [GC [PSYoungGen: 6560K->1005K(7680K)] 12893K->7339K(25088K), 0.0005160 secs] [Times: user=0.00 sys=0.00, real=0.00 secs] 
278.064: Total time for which application threads were stopped: 0.0461330 seconds, Stopping threads took: 0.0455510 seconds
278.065: Application time: 0.0008080 seconds
278.108: [GC [PSYoungGen: 7565K->1005K(7680K)] 13899K->12816K(25088K), 0.0019000 secs] [Times: user=0.01 sys=0.00, real=0.01 secs] 
278.110: [Full GC [PSYoungGen: 1005K->0K(7680K)] [ParOldGen: 11810K->7603K(17408K)] 12816K->7603K(25088K) [PSPermGen: 5142K->5142K(21504K)], 0.0050290 secs] [Times: user=0.03 sys=0.00, real=0.00 secs] 
278.115: Total time for which application threads were stopped: 0.0504940 seconds, Stopping threads took: 0.0434390 seconds
278.193: Application time: 0.0780300 seconds
278.256: [GC [PSYoungGen: 6656K->160K(7680K)] 14259K->7763K(25088K), 0.0004220 secs] [Times: user=0.00 sys=0.00, real=0.00 secs] 
278.256: Total time for which application threads were stopped: 0.0630440 seconds, Stopping threads took: 0.0625240 seconds
278.257: Application time: 0.0008250 seconds
278.257: [GC [PSYoungGen: 6720K->939K(7680K)] 14323K->14402K(25088K), 0.0018790 secs] [Times: user=0.01 sys=0.00, real=0.00 secs] 
278.259: [Full GC [PSYoungGen: 939K->0K(7680K)] [ParOldGen: 13462K->7895K(17408K)] 14402K->7895K(25088K) [PSPermGen: 5142K->5142K(21504K)], 0.0049900 secs] [Times: user=0.02 sys=0.00, real=0.01 secs] 
278.264: Total time for which application threads were stopped: 0.0071760 seconds, Stopping threads took: 0.0001630 seconds
278.344: Application time: 0.0797380 seconds
278.405: [GC [PSYoungGen: 6637K->451K(7680K)] 14533K->8347K(25088K), 0.0004190 secs] [Times: user=0.00 sys=0.00, real=0.00 secs] 
278.406: Total time for which application threads were stopped: 0.0619150 seconds, Stopping threads took: 0.0614330 seconds
278.407: Application time: 0.0007980 seconds
278.449: [GC [PSYoungGen: 7107K->939K(7680K)] 15003K->13914K(25088K), 0.0016230 secs] [Times: user=0.01 sys=0.00, real=0.01 secs] 
278.451: [Full GC [PSYoungGen: 939K->0K(7680K)] [ParOldGen: 12974K->7114K(17408K)] 13914K->7114K(25088K) [PSPermGen: 5142K->5142K(21504K)], 0.0050460 secs] [Times: user=0.03 sys=0.00, real=0.00 secs] 
278.456: Total time for which application threads were stopped: 0.0491710 seconds, Stopping threads took: 0.0423830 seconds
278.531: Application time: 0.0746320 seconds
278.573: [GC [PSYoungGen: 6559K->1005K(7680K)] 13674K->8901K(25088K), 0.0007080 secs] [Times: user=0.01 sys=0.00, real=0.00 secs] 
278.574: Total time for which application threads were stopped: 0.0430110 seconds, Stopping threads took: 0.0422310 seconds
278.581: Application time: 0.0079020 seconds
278.644: [GC [PSYoungGen: 7370K->582K(7680K)] 15266K->8478K(25088K), 0.0004300 secs] [Times: user=0.00 sys=0.00, real=0.00 secs] 
278.645: Total time for which application threads were stopped: 0.0635030 seconds, Stopping threads took: 0.0629910 seconds
278.646: Application time: 0.0007830 seconds
278.690: [GC [PSYoungGen: 7221K->1005K(7680K)] 15117K->14004K(25088K), 0.0017420 secs] [Times: user=0.02 sys=0.00, real=0.00 secs] 
278.691: [Full GC [PSYoungGen: 1005K->0K(7680K)] [ParOldGen: 12998K->7212K(17408K)] 14004K->7212K(25088K) [PSPermGen: 5142K->5142K(21504K)], 0.0048040 secs] [Times: user=0.02 sys=0.00, real=0.00 secs] 
278.696: Total time for which application threads were stopped: 0.0504180 seconds, Stopping threads took: 0.0437590 seconds
278.769: Application time: 0.0730840 seconds
278.815: [GC [PSYoungGen: 6656K->841K(7680K)] 13868K->9226K(25088K), 0.0007900 secs] [Times: user=0.01 sys=0.00, real=0.00 secs] 
278.816: Total time for which application threads were stopped: 0.0467020 seconds, Stopping threads took: 0.0458380 seconds
278.817: Application time: 0.0014870 seconds
278.887: [GC [PSYoungGen: 7480K->1005K(7680K)] 15865K->9389K(25088K), 0.0004940 secs] [Times: user=0.00 sys=0.00, real=0.00 secs] 
278.888: Total time for which application threads were stopped: 0.0701910 seconds, Stopping threads took: 0.0696200 seconds
278.890: Application time: 0.0024490 seconds
278.959: [GC [PSYoungGen: 7546K->646K(7680K)] 15930K->9421K(25088K), 0.0005390 secs] [Times: user=0.00 sys=0.00, real=0.00 secs] 
278.960: Total time for which application threads were stopped: 0.0695000 seconds, Stopping threads took: 0.0688990 seconds
278.960: Application time: 0.0007800 seconds
279.004: [GC [PSYoungGen: 7206K->1005K(7680K)] 15982K->15293K(25088K), 0.0018810 secs] [Times: user=0.01 sys=0.00, real=0.00 secs] 
279.006: [Full GC [PSYoungGen: 1005K->0K(7680K)] [ParOldGen: 14288K->7603K(17408K)] 15293K->7603K(25088K) [PSPermGen: 5142K->5142K(21504K)], 0.0050130 secs] [Times: user=0.03 sys=0.00, real=0.01 secs] 
279.011: Total time for which application threads were stopped: 0.0505500 seconds, Stopping threads took: 0.0435320 seconds
279.086: Application time: 0.0747170 seconds
279.131: [GC [PSYoungGen: 6559K->939K(7680K)] 14163K->9910K(25088K), 0.0008500 secs] [Times: user=0.01 sys=0.00, real=0.00 secs] 
279.132: Total time for which application threads were stopped: 0.0459000 seconds, Stopping threads took: 0.0449750 seconds
279.213: Application time: 0.0810160 seconds
279.228: [GC [PSYoungGen: 7499K->256K(7680K)] 16470K->9226K(25088K), 0.0003860 secs] [Times: user=0.00 sys=0.00, real=0.00 secs] 
279.228: Total time for which application threads were stopped: 0.0156610 seconds, Stopping threads took: 0.0152120 seconds
279.229: Application time: 0.0007840 seconds
279.229: [GC [PSYoungGen: 6894K->1005K(7680K)] 15865K->15737K(25088K), 0.0019660 secs] [Times: user=0.01 sys=0.00, real=0.00 secs] 
279.231: [Full GC [PSYoungGen: 1005K->0K(7680K)] [ParOldGen: 14732K->7896K(17408K)] 15737K->7896K(25088K) [PSPermGen: 5142K->5142K(21504K)], 0.0048940 secs] [Times: user=0.02 sys=0.00, real=0.00 secs] 
279.236: Total time for which application threads were stopped: 0.0072510 seconds, Stopping threads took: 0.0002680 seconds
279.313: Application time: 0.0764880 seconds
279.376: [GC [PSYoungGen: 6637K->387K(7680K)] 14534K->8283K(25088K), 0.0005980 secs] [Times: user=0.00 sys=0.00, real=0.00 secs] 
279.377: Total time for which application threads were stopped: 0.0639290 seconds, Stopping threads took: 0.0632620 seconds
279.377: Application time: 0.0007470 seconds
279.378: [GC [PSYoungGen: 7025K->1007K(7680K)] 14922K->14847K(25088K), 0.0020790 secs] [Times: user=0.01 sys=0.00, real=0.00 secs] 
279.380: [Full GC [PSYoungGen: 1007K->0K(7680K)] [ParOldGen: 13840K->8091K(17408K)] 14847K->8091K(25088K) [PSPermGen: 5142K->5142K(21504K)], 0.0050560 secs] [Times: user=0.02 sys=0.00, real=0.01 secs] 
279.385: Total time for which application threads were stopped: 0.0075930 seconds, Stopping threads took: 0.0003110 seconds
279.464: Application time: 0.0793810 seconds
279.525: [GC [PSYoungGen: 6559K->550K(7680K)] 14651K->8642K(25088K), 0.0004500 secs] [Times: user=0.01 sys=0.00, real=0.00 secs] 
279.525: Total time for which application threads were stopped: 0.0610680 seconds, Stopping threads took: 0.0605490 seconds
279.526: Application time: 0.0008280 seconds
279.570: [GC [PSYoungGen: 7013K->1005K(7680K)] 15105K->14086K(25088K), 0.0017560 secs] [Times: user=0.01 sys=0.00, real=0.00 secs] 
279.572: [Full GC [PSYoungGen: 1005K->0K(7680K)] [ParOldGen: 13080K->7115K(17408K)] 14086K->7115K(25088K) [PSPermGen: 5142K->5142K(21504K)], 0.0047940 secs] [Times: user=0.02 sys=0.00, real=0.00 secs] 
279.577: Total time for which application threads were stopped: 0.0504320 seconds, Stopping threads took: 0.0437590 seconds
279.672: Application time: 0.0950500 seconds
279.723: [GC [PSYoungGen: 6462K->550K(7680K)] 13577K->7665K(25088K), 0.0006580 secs] [Times: user=0.01 sys=0.00, real=0.00 secs] 
279.724: Total time for which application threads were stopped: 0.0522490 seconds, Stopping threads took: 0.0515250 seconds
279.725: Application time: 0.0008500 seconds
279.769: [GC [PSYoungGen: 7189K->1005K(7680K)] 14304K->13231K(25088K), 0.0019420 secs] [Times: user=0.01 sys=0.00, real=0.01 secs] 
279.771: [Full GC [PSYoungGen: 1005K->0K(7680K)] [ParOldGen: 12225K->7213K(17408K)] 13231K->7213K(25088K) [PSPermGen: 5142K->5142K(21504K)], 0.0052590 secs] [Times: user=0.02 sys=0.00, real=0.00 secs] 
279.776: Total time for which application threads were stopped: 0.0510540 seconds, Stopping threads took: 0.0436960 seconds
279.850: Application time: 0.0736990 seconds
279.894: [GC [PSYoungGen: 6656K->875K(7680K)] 13869K->10237K(25088K), 0.0010980 secs] [Times: user=0.00 sys=0.01, real=0.00 secs] 
279.895: [Full GC [PSYoungGen: 875K->0K(7680K)] [ParOldGen: 9361K->4185K(17408K)] 10237K->4185K(25088K) [PSPermGen: 5142K->5142K(21504K)], 0.0046770 secs] [Times: user=0.02 sys=0.00, real=0.00 secs] 
279.900: Total time for which application threads were stopped: 0.0501080 seconds, Stopping threads took: 0.0441860 seconds
279.980: Application time: 0.0804200 seconds
279.993: [GC [PSYoungGen: 6560K->909K(7680K)] 10745K->5095K(25088K), 0.0006070 secs] [Times: user=0.01 sys=0.00, real=0.00 secs] 
279.994: Total time for which application threads were stopped: 0.0137800 seconds, Stopping threads took: 0.0131040 seconds
279.995: Application time: 0.0008980 seconds
280.038: [GC [PSYoungGen: 7469K->1005K(7680K)] 11655K->10668K(25088K), 0.0019940 secs] [Times: user=0.01 sys=0.01, real=0.00 secs] 
280.040: [Full GC [PSYoungGen: 1005K->0K(7680K)] [ParOldGen: 9662K->7603K(17408K)] 10668K->7603K(25088K) [PSPermGen: 5142K->5142K(21504K)], 0.0046720 secs] [Times: user=0.02 sys=0.00, real=0.01 secs] 
280.045: Total time for which application threads were stopped: 0.0502900 seconds, Stopping threads took: 0.0434890 seconds
280.133: Application time: 0.0873760 seconds
280.192: [GC [PSYoungGen: 6638K->941K(7680K)] 14241K->8740K(25088K), 0.0006080 secs] [Times: user=0.01 sys=0.00, real=0.00 secs] 
280.193: Total time for which application threads were stopped: 0.0606010 seconds, Stopping threads took: 0.0599240 seconds
280.194: Application time: 0.0010290 seconds
280.237: [GC [PSYoungGen: 7501K->1005K(7680K)] 15300K->14500K(25088K), 0.0020320 secs] [Times: user=0.01 sys=0.00, real=0.00 secs] 
280.239: [Full GC [PSYoungGen: 1005K->0K(7680K)] [ParOldGen: 13495K->7799K(17408K)] 14500K->7799K(25088K) [PSPermGen: 5142K->5142K(21504K)], 0.0050020 secs] [Times: user=0.02 sys=0.00, real=0.01 secs] 
280.244: Total time for which application threads were stopped: 0.0500760 seconds, Stopping threads took: 0.0429120 seconds
280.322: Application time: 0.0779180 seconds
280.384: [GC [PSYoungGen: 6656K->323K(7680K)] 14455K->8122K(25088K), 0.0004580 secs] [Times: user=0.00 sys=0.00, real=0.00 secs] 
280.385: Total time for which application threads were stopped: 0.0627370 seconds, Stopping threads took: 0.0621870 seconds
280.386: Application time: 0.0008610 seconds
280.386: [GC [PSYoungGen: 6883K->1005K(7680K)] 14682K->14769K(25088K), 0.0019020 secs] [Times: user=0.01 sys=0.00, real=0.00 secs] 
280.388: [Full GC [PSYoungGen: 1005K->0K(7680K)] [ParOldGen: 13764K->8091K(17408K)] 14769K->8091K(25088K) [PSPermGen: 5142K->5142K(21504K)], 0.0050670 secs] [Times: user=0.03 sys=0.00, real=0.01 secs] 
280.393: Total time for which application threads were stopped: 0.0071360 seconds, Stopping threads took: 0.0000400 seconds
280.472: Application time: 0.0789700 seconds
280.542: [GC [PSYoungGen: 6637K->614K(7680K)] 14729K->8706K(25088K), 0.0004090 secs] [Times: user=0.00 sys=0.00, real=0.00 secs] 
280.543: [Full GC [PSYoungGen: 614K->0K(7680K)] [ParOldGen: 8091K->1956K(17408K)] 8706K->1956K(25088K) [PSPermGen: 5142K->5142K(21504K)], 0.0036820 secs] [Times: user=0.01 sys=0.00, real=0.00 secs] 
280.546: Total time for which application threads were stopped: 0.0745180 seconds, Stopping threads took: 0.0703080 seconds
280.548: Application time: 0.0011070 seconds
280.591: [GC [PSYoungGen: 6638K->1005K(7680K)] 8594K->8047K(25088K), 0.0019200 secs] [Times: user=0.01 sys=0.00, real=0.00 secs] 
280.593: Total time for which application threads were stopped: 0.0456940 seconds, Stopping threads took: 0.0436970 seconds
280.667: Application time: 0.0737680 seconds
280.715: [GC [PSYoungGen: 7467K->1005K(7680K)] 14510K->8837K(25088K), 0.0008160 secs] [Times: user=0.01 sys=0.00, real=0.00 secs] 
280.716: Total time for which application threads were stopped: 0.0486380 seconds, Stopping threads took: 0.0477530 seconds
280.717: Application time: 0.0010690 seconds
280.774: [GC [PSYoungGen: 7565K->1005K(7680K)] 15397K->12962K(25088K), 0.0016900 secs] [Times: user=0.02 sys=0.00, real=0.00 secs] 
280.776: [Full GC [PSYoungGen: 1005K->0K(7680K)] [ParOldGen: 11957K->6236K(17408K)] 12962K->6236K(25088K) [PSPermGen: 5142K->5142K(21504K)], 0.0045780 secs] [Times: user=0.01 sys=0.00, real=0.00 secs] 
280.780: Total time for which application threads were stopped: 0.0634630 seconds, Stopping threads took: 0.0570620 seconds
280.852: Application time: 0.0716210 seconds
280.897: [GC [PSYoungGen: 6540K->809K(7680K)] 12777K->7046K(25088K), 0.0004840 secs] [Times: user=0.00 sys=0.00, real=0.00 secs] 
280.898: Total time for which application threads were stopped: 0.0461440 seconds, Stopping threads took: 0.0455940 seconds
280.899: Application time: 0.0008000 seconds
280.954: [GC [PSYoungGen: 7465K->1005K(7680K)] 13702K->11555K(25088K), 0.0017110 secs] [Times: user=0.01 sys=0.00, real=0.00 secs] 
280.955: [Full GC [PSYoungGen: 1005K->0K(7680K)] [ParOldGen: 10549K->6432K(17408K)] 11555K->6432K(25088K) [PSPermGen: 5142K->5142K(21504K)], 0.0046220 secs] [Times: user=0.02 sys=0.00, real=0.00 secs] 
280.960: Total time for which application threads were stopped: 0.0612550 seconds, Stopping threads took: 0.0547940 seconds
281.034: Application time: 0.0740530 seconds
281.079: [GC [PSYoungGen: 6540K->841K(7680K)] 12972K->7469K(25088K), 0.0006570 secs] [Times: user=0.00 sys=0.00, real=0.00 secs] 
281.079: Total time for which application threads were stopped: 0.0453320 seconds, Stopping threads took: 0.0445960 seconds
281.080: Application time: 0.0008730 seconds
281.124: [GC [PSYoungGen: 7402K->1005K(7680K)] 14029K->13134K(25088K), 0.0018440 secs] [Times: user=0.01 sys=0.00, real=0.00 secs] 
281.126: [Full GC [PSYoungGen: 1005K->0K(7680K)] [ParOldGen: 12128K->7603K(17408K)] 13134K->7603K(25088K) [PSPermGen: 5142K->5142K(21504K)], 0.0049460 secs] [Times: user=0.02 sys=0.00, real=0.01 secs] 
281.131: Total time for which application threads were stopped: 0.0505160 seconds, Stopping threads took: 0.0436010 seconds
281.206: Application time: 0.0754590 seconds
281.250: [GC [PSYoungGen: 6638K->1005K(7680K)] 14242K->8804K(25088K), 0.0005440 secs] [Times: user=0.00 sys=0.00, real=0.00 secs] 
281.251: Total time for which application threads were stopped: 0.0444320 seconds, Stopping threads took: 0.0438210 seconds
281.252: Application time: 0.0008470 seconds
281.295: [GC [PSYoungGen: 7467K->1005K(7680K)] 15267K->14403K(25088K), 0.0020020 secs] [Times: user=0.01 sys=0.01, real=0.00 secs] 
281.297: [Full GC [PSYoungGen: 1005K->0K(7680K)] [ParOldGen: 13398K->7701K(17408K)] 14403K->7701K(25088K) [PSPermGen: 5142K->5142K(21504K)], 0.0049330 secs] [Times: user=0.02 sys=0.00, real=0.01 secs] 
281.302: Total time for which application threads were stopped: 0.0506800 seconds, Stopping threads took: 0.0435940 seconds
281.379: Application time: 0.0765770 seconds
281.443: [GC [PSYoungGen: 6559K->160K(7680K)] 14261K->7861K(25088K), 0.0004140 secs] [Times: user=0.01 sys=0.00, real=0.00 secs] 
281.443: Total time for which application threads were stopped: 0.0644790 seconds, Stopping threads took: 0.0640000 seconds
281.444: Application time: 0.0008660 seconds
281.444: [GC [PSYoungGen: 6720K->939K(7680K)] 14421K->14501K(25088K), 0.0018150 secs] [Times: user=0.01 sys=0.00, real=0.00 secs] 
281.446: [Full GC [PSYoungGen: 939K->0K(7680K)] [ParOldGen: 13561K->7896K(17408K)] 14501K->7896K(25088K) [PSPermGen: 5142K->5142K(21504K)], 0.0050640 secs] [Times: user=0.03 sys=0.00, real=0.01 secs] 
281.451: Total time for which application threads were stopped: 0.0071840 seconds, Stopping threads took: 0.0001770 seconds
281.533: Application time: 0.0821010 seconds
281.594: [GC [PSYoungGen: 6559K->387K(7680K)] 14456K->8284K(25088K), 0.0005060 secs] [Times: user=0.00 sys=0.00, real=0.00 secs] 
281.595: [Full GC [PSYoungGen: 387K->0K(7680K)] [ParOldGen: 7896K->1732K(17408K)] 8284K->1732K(25088K) [PSPermGen: 5142K->5142K(21504K)], 0.0038810 secs] [Times: user=0.01 sys=0.00, real=0.00 secs] 
281.599: Total time for which application threads were stopped: 0.0652330 seconds, Stopping threads took: 0.0606950 seconds
281.600: Application time: 0.0012910 seconds
281.652: [GC [PSYoungGen: 6655K->973K(7680K)] 8388K->6612K(25088K), 0.0015900 secs] [Times: user=0.01 sys=0.00, real=0.00 secs] 
281.654: Total time for which application threads were stopped: 0.0538620 seconds, Stopping threads took: 0.0521950 seconds
281.725: Application time: 0.0712760 seconds
281.771: [GC [PSYoungGen: 7513K->550K(7680K)] 13152K->6189K(25088K), 0.0005970 secs] [Times: user=0.00 sys=0.00, real=0.00 secs] 
281.771: Total time for which application threads were stopped: 0.0463930 seconds, Stopping threads took: 0.0457080 seconds
281.772: Application time: 0.0008750 seconds
281.815: [GC [PSYoungGen: 7189K->1021K(7680K)] 12827K->11762K(25088K), 0.0019240 secs] [Times: user=0.01 sys=0.00, real=0.00 secs] 
281.817: [Full GC [PSYoungGen: 1021K->0K(7680K)] [ParOldGen: 10741K->7213K(17408K)] 11762K->7213K(25088K) [PSPermGen: 5142K->5142K(21504K)], 0.0049100 secs] [Times: user=0.02 sys=0.00, real=0.01 secs] 
281.822: Total time for which application threads were stopped: 0.0496380 seconds, Stopping threads took: 0.0426630 seconds
281.897: Application time: 0.0747940 seconds
281.941: [GC [PSYoungGen: 6364K->614K(7680K)] 13578K->7828K(25088K), 0.0004270 secs] [Times: user=0.00 sys=0.00, real=0.00 secs] 
281.942: Total time for which application threads were stopped: 0.0450430 seconds, Stopping threads took: 0.0445510 seconds
281.943: Application time: 0.0009020 seconds
281.987: [GC [PSYoungGen: 7077K->1006K(7680K)] 14290K->13135K(25088K), 0.0017570 secs] [Times: user=0.01 sys=0.00, real=0.00 secs] 
281.988: [Full GC [PSYoungGen: 1006K->0K(7680K)] [ParOldGen: 12128K->7115K(17408K)] 13135K->7115K(25088K) [PSPermGen: 5142K->5142K(21504K)], 0.0048710 secs] [Times: user=0.02 sys=0.00, real=0.01 secs] 
281.993: Total time for which application threads were stopped: 0.0505100 seconds, Stopping threads took: 0.0437370 seconds
282.069: Application time: 0.0753810 seconds
282.112: [GC [PSYoungGen: 6540K->566K(7680K)] 13656K->7682K(25088K), 0.0004880 secs] [Times: user=0.00 sys=0.00, real=0.00 secs] 
282.113: Total time for which application threads were stopped: 0.0443500 seconds, Stopping threads took: 0.0437580 seconds
282.114: Application time: 0.0008120 seconds
282.114: [GC [PSYoungGen: 7126K->1008K(7680K)] 14242K->14161K(25088K), 0.0020040 secs] [Times: user=0.01 sys=0.00, real=0.00 secs] 
282.116: [Full GC [PSYoungGen: 1008K->0K(7680K)] [ParOldGen: 13153K->8287K(17408K)] 14161K->8287K(25088K) [PSPermGen: 5142K->5142K(21504K)], 0.0053000 secs] [Times: user=0.03 sys=0.00, real=0.01 secs] 
282.121: Total time for which application threads were stopped: 0.0075480 seconds, Stopping threads took: 0.0001160 seconds
282.229: Application time: 0.1076600 seconds
282.285: [GC [PSYoungGen: 6364K->646K(7680K)] 14652K->8934K(25088K), 0.0004790 secs] [Times: user=0.00 sys=0.00, real=0.00 secs] 
282.285: [Full GC [PSYoungGen: 646K->0K(7680K)] [ParOldGen: 8287K->1956K(17408K)] 8934K->1956K(25088K) [PSPermGen: 5142K->5142K(21504K)], 0.0036220 secs] [Times: user=0.01 sys=0.00, real=0.00 secs] 
282.289: Total time for which application threads were stopped: 0.0597490 seconds, Stopping threads took: 0.0555440 seconds
282.290: Application time: 0.0012190 seconds
282.334: [GC [PSYoungGen: 6638K->1005K(7680K)] 8594K->8047K(25088K), 0.0019340 secs] [Times: user=0.02 sys=0.00, real=0.00 secs] 
282.336: Total time for which application threads were stopped: 0.0456250 seconds, Stopping threads took: 0.0436150 seconds
282.410: Application time: 0.0740210 seconds
282.455: [GC [PSYoungGen: 7448K->646K(7680K)] 14490K->7689K(25088K), 0.0004060 secs] [Times: user=0.00 sys=0.00, real=0.00 secs] 
282.455: Total time for which application threads were stopped: 0.0454080 seconds, Stopping threads took: 0.0449360 seconds
282.456: Application time: 0.0007520 seconds
282.456: [GC [PSYoungGen: 7109K->1006K(7680K)] 14151K->14070K(25088K), 0.0021030 secs] [Times: user=0.02 sys=0.00, real=0.00 secs] 
282.458: [Full GC [PSYoungGen: 1006K->0K(7680K)] [ParOldGen: 13063K->8190K(17408K)] 14070K->8190K(25088K) [PSPermGen: 5142K->5142K(21504K)], 0.0048160 secs] [Times: user=0.02 sys=0.00, real=0.01 secs] 
282.463: Total time for which application threads were stopped: 0.0072240 seconds, Stopping threads took: 0.0001770 seconds
282.541: Application time: 0.0777130 seconds
282.605: [GC [PSYoungGen: 6540K->614K(7680K)] 14730K->8804K(25088K), 0.0004540 secs] [Times: user=0.00 sys=0.00, real=0.00 secs] 
282.605: [Full GC [PSYoungGen: 614K->0K(7680K)] [ParOldGen: 8190K->2012K(17408K)] 8804K->2012K(25088K) [PSPermGen: 5142K->5142K(21504K)], 0.0038450 secs] [Times: user=0.02 sys=0.00, real=0.00 secs] 
282.609: Total time for which application threads were stopped: 0.0683900 seconds, Stopping threads took: 0.0639500 seconds
282.610: Application time: 0.0011910 seconds
282.654: [GC [PSYoungGen: 6560K->1005K(7680K)] 8573K->8104K(25088K), 0.0018880 secs] [Times: user=0.01 sys=0.01, real=0.00 secs] 
282.656: Total time for which application threads were stopped: 0.0457040 seconds, Stopping threads took: 0.0437290 seconds
282.730: Application time: 0.0742850 seconds
282.776: [GC [PSYoungGen: 7448K->614K(7680K)] 14547K->7713K(25088K), 0.0003950 secs] [Times: user=0.00 sys=0.00, real=0.00 secs] 
282.776: Total time for which application threads were stopped: 0.0457190 seconds, Stopping threads took: 0.0452560 seconds
282.777: Application time: 0.0008790 seconds
282.828: [GC [PSYoungGen: 7077K->1006K(7680K)] 14176K->13045K(25088K), 0.0018080 secs] [Times: user=0.01 sys=0.00, real=0.01 secs] 
282.830: [Full GC [PSYoungGen: 1006K->0K(7680K)] [ParOldGen: 12038K->7116K(17408K)] 13045K->7116K(25088K) [PSPermGen: 5142K->5142K(21504K)], 0.0049060 secs] [Times: user=0.02 sys=0.00, real=0.00 secs] 
282.835: Total time for which application threads were stopped: 0.0576540 seconds, Stopping threads took: 0.0508180 seconds
282.909: Application time: 0.0741280 seconds
282.955: [GC [PSYoungGen: 6462K->939K(7680K)] 13578K->8837K(25088K), 0.0008100 secs] [Times: user=0.00 sys=0.00, real=0.00 secs] 
282.956: [Full GC [PSYoungGen: 939K->0K(7680K)] [ParOldGen: 7897K->2819K(17408K)] 8837K->2819K(25088K) [PSPermGen: 5142K->5142K(21504K)], 0.0039580 secs] [Times: user=0.02 sys=0.00, real=0.00 secs] 
282.960: Total time for which application threads were stopped: 0.0512060 seconds, Stopping threads took: 0.0463200 seconds
282.961: Application time: 0.0012100 seconds
283.013: [GC [PSYoungGen: 6656K->1005K(7680K)] 9475K->7926K(25088K), 0.0017120 secs] [Times: user=0.01 sys=0.00, real=0.00 secs] 
283.015: Total time for which application threads were stopped: 0.0537410 seconds, Stopping threads took: 0.0519510 seconds
283.088: Application time: 0.0734990 seconds
283.133: [GC [PSYoungGen: 7565K->1005K(7680K)] 14486K->8911K(25088K), 0.0007530 secs] [Times: user=0.00 sys=0.00, real=0.00 secs] 
283.134: Total time for which application threads were stopped: 0.0453360 seconds, Stopping threads took: 0.0445180 seconds
283.135: Application time: 0.0016320 seconds
283.205: [GC [PSYoungGen: 7643K->646K(7680K)] 15549K->8943K(25088K), 0.0005890 secs] [Times: user=0.00 sys=0.00, real=0.00 secs] 
283.205: Total time for which application threads were stopped: 0.0700600 seconds, Stopping threads took: 0.0693920 seconds
283.206: Application time: 0.0007970 seconds
283.250: [GC [PSYoungGen: 7206K->1006K(7680K)] 15503K->14731K(25088K), 0.0018280 secs] [Times: user=0.01 sys=0.00, real=0.00 secs] 
283.252: [Full GC [PSYoungGen: 1006K->0K(7680K)] [ParOldGen: 13724K->7604K(17408K)] 14731K->7604K(25088K) [PSPermGen: 5142K->5142K(21504K)], 0.0051490 secs] [Times: user=0.02 sys=0.00, real=0.00 secs] 
283.257: Total time for which application threads were stopped: 0.0505600 seconds, Stopping threads took: 0.0434620 seconds
283.333: Application time: 0.0762720 seconds
283.377: [GC [PSYoungGen: 6559K->973K(7680K)] 14164K->8773K(25088K), 0.0006790 secs] [Times: user=0.00 sys=0.00, real=0.00 secs] 
283.377: Total time for which application threads were stopped: 0.0443720 seconds, Stopping threads took: 0.0436260 seconds
283.378: Application time: 0.0008650 seconds
283.422: [GC [PSYoungGen: 7609K->1006K(7680K)] 15409K->13355K(25088K), 0.0015850 secs] [Times: user=0.01 sys=0.00, real=0.00 secs] 
283.424: [Full GC [PSYoungGen: 1006K->0K(7680K)] [ParOldGen: 12348K->6725K(17408K)] 13355K->6725K(25088K) [PSPermGen: 5142K->5142K(21504K)], 0.0049220 secs] [Times: user=0.02 sys=0.00, real=0.00 secs] 
283.429: Total time for which application threads were stopped: 0.0503820 seconds, Stopping threads took: 0.0437560 seconds
283.503: Application time: 0.0741880 seconds
283.547: [GC [PSYoungGen: 6559K->841K(7680K)] 13285K->8153K(25088K), 0.0006170 secs] [Times: user=0.01 sys=0.00, real=0.00 secs] 
283.548: Total time for which application threads were stopped: 0.0451270 seconds, Stopping threads took: 0.0444390 seconds
283.549: Application time: 0.0010750 seconds
283.604: [GC [PSYoungGen: 7402K->907K(7680K)] 14713K->13102K(25088K), 0.0018790 secs] [Times: user=0.02 sys=0.00, real=0.00 secs] 
283.606: [Full GC [PSYoungGen: 907K->0K(7680K)] [ParOldGen: 12194K->6921K(17408K)] 13102K->6921K(25088K) [PSPermGen: 5142K->5142K(21504K)], 0.0046960 secs] [Times: user=0.02 sys=0.00, real=0.01 secs] 
283.611: Total time for which application threads were stopped: 0.0618550 seconds, Stopping threads took: 0.0551540 seconds
283.684: Application time: 0.0733810 seconds
283.730: [GC [PSYoungGen: 6638K->1005K(7680K)] 13559K->8512K(25088K), 0.0006520 secs] [Times: user=0.01 sys=0.00, real=0.00 secs] 
283.730: Total time for which application threads were stopped: 0.0459420 seconds, Stopping threads took: 0.0452110 seconds
283.731: Application time: 0.0010600 seconds
283.775: [GC [PSYoungGen: 7565K->939K(7680K)] 15072K->13525K(25088K), 0.0019420 secs] [Times: user=0.01 sys=0.00, real=0.00 secs] 
283.777: [Full GC [PSYoungGen: 939K->0K(7680K)] [ParOldGen: 12585K->7116K(17408K)] 13525K->7116K(25088K) [PSPermGen: 5142K->5142K(21504K)], 0.0046920 secs] [Times: user=0.02 sys=0.00, real=0.01 secs] 
283.782: Total time for which application threads were stopped: 0.0504620 seconds, Stopping threads took: 0.0436940 seconds
283.857: Application time: 0.0750960 seconds
283.901: [GC [PSYoungGen: 6559K->1005K(7680K)] 13676K->8903K(25088K), 0.0006970 secs] [Times: user=0.00 sys=0.00, real=0.01 secs] 
283.901: Total time for which application threads were stopped: 0.0444410 seconds, Stopping threads took: 0.0436740 seconds
283.903: Application time: 0.0013780 seconds
283.972: [GC [PSYoungGen: 7624K->841K(7680K)] 15522K->9716K(25088K), 0.0007150 secs] [Times: user=0.01 sys=0.00, real=0.00 secs] 
283.973: Total time for which application threads were stopped: 0.0699220 seconds, Stopping threads took: 0.0691360 seconds
283.974: Application time: 0.0009820 seconds
284.016: [GC [PSYoungGen: 7402K->971K(7680K)] 16276K->15119K(25088K), 0.0018880 secs] [Times: user=0.02 sys=0.00, real=0.00 secs] 
284.018: [Full GC [PSYoungGen: 971K->0K(7680K)] [ParOldGen: 14148K->7312K(17408K)] 15119K->7312K(25088K) [PSPermGen: 5142K->5142K(21504K)], 0.0049880 secs] [Times: user=0.02 sys=0.00, real=0.01 secs] 
284.023: Total time for which application threads were stopped: 0.0491740 seconds, Stopping threads took: 0.0421740 seconds
284.119: Application time: 0.0957780 seconds
284.184: [GC [PSYoungGen: 6656K->909K(7680K)] 13968K->8221K(25088K), 0.0005430 secs] [Times: user=0.01 sys=0.00, real=0.00 secs] 
284.185: Total time for which application threads were stopped: 0.0661460 seconds, Stopping threads took: 0.0655380 seconds
284.186: Application time: 0.0009640 seconds
284.229: [GC [PSYoungGen: 7547K->1005K(7680K)] 14859K->13794K(25088K), 0.0019630 secs] [Times: user=0.01 sys=0.00, real=0.00 secs] 
284.231: [Full GC [PSYoungGen: 1005K->0K(7680K)] [ParOldGen: 12789K->7604K(17408K)] 13794K->7604K(25088K) [PSPermGen: 5142K->5142K(21504K)], 0.0048050 secs] [Times: user=0.02 sys=0.00, real=0.00 secs] 
284.236: Total time for which application threads were stopped: 0.0506530 seconds, Stopping threads took: 0.0437300 seconds
284.311: Application time: 0.0743900 seconds
284.355: [GC [PSYoungGen: 6638K->973K(7680K)] 14242K->8773K(25088K), 0.0005790 secs] [Times: user=0.01 sys=0.00, real=0.00 secs] 
284.356: Total time for which application threads were stopped: 0.0449030 seconds, Stopping threads took: 0.0442480 seconds
284.357: Application time: 0.0009860 seconds
284.399: [GC [PSYoungGen: 7611K->1006K(7680K)] 15412K->14458K(25088K), 0.0021780 secs] [Times: user=0.01 sys=0.01, real=0.01 secs] 
284.401: [Full GC [PSYoungGen: 1006K->0K(7680K)] [ParOldGen: 13451K->7800K(17408K)] 14458K->7800K(25088K) [PSPermGen: 5142K->5142K(21504K)], 0.0049760 secs] [Times: user=0.03 sys=0.00, real=0.00 secs] 
284.407: Total time for which application threads were stopped: 0.0499010 seconds, Stopping threads took: 0.0425990 seconds
284.514: Application time: 0.1071020 seconds
284.571: [GC [PSYoungGen: 6656K->419K(7680K)] 14456K->8219K(25088K), 0.0003560 secs] [Times: user=0.00 sys=0.00, real=0.00 secs] 
284.571: Total time for which application threads were stopped: 0.0573500 seconds, Stopping threads took: 0.0569310 seconds
284.572: Application time: 0.0006610 seconds
284.572: [GC [PSYoungGen: 6979K->1008K(7680K)] 14779K->14627K(25088K), 0.0020910 secs] [Times: user=0.01 sys=0.00, real=0.00 secs] 
284.574: [Full GC [PSYoungGen: 1008K->0K(7680K)] [ParOldGen: 13618K->8093K(17408K)] 14627K->8093K(25088K) [PSPermGen: 5142K->5142K(21504K)], 0.0049000 secs] [Times: user=0.02 sys=0.01, real=0.00 secs] 
284.579: Total time for which application threads were stopped: 0.0072850 seconds, Stopping threads took: 0.0001650 seconds
284.658: Application time: 0.0789550 seconds
284.720: [GC [PSYoungGen: 6559K->614K(7680K)] 14653K->8707K(25088K), 0.0004740 secs] [Times: user=0.00 sys=0.00, real=0.00 secs] 
284.720: [Full GC [PSYoungGen: 614K->0K(7680K)] [ParOldGen: 8093K->1927K(17408K)] 8707K->1927K(25088K) [PSPermGen: 5142K->5142K(21504K)], 0.0037550 secs] [Times: user=0.01 sys=0.01, real=0.01 secs] 
284.724: Total time for which application threads were stopped: 0.0660560 seconds, Stopping threads took: 0.0617130 seconds
284.725: Application time: 0.0012640 seconds
284.769: [GC [PSYoungGen: 6560K->1005K(7680K)] 8487K->8019K(25088K), 0.0018110 secs] [Times: user=0.01 sys=0.00, real=0.01 secs] 
284.771: Total time for which application threads were stopped: 0.0457480 seconds, Stopping threads took: 0.0438630 seconds
284.845: Application time: 0.0737730 seconds
284.891: [GC [PSYoungGen: 7369K->1005K(7680K)] 14383K->9777K(25088K), 0.0009720 secs] [Times: user=0.00 sys=0.00, real=0.00 secs] 
284.892: [Full GC [PSYoungGen: 1005K->0K(7680K)] [ParOldGen: 8772K->3894K(17408K)] 9777K->3894K(25088K) [PSPermGen: 5142K->5142K(21504K)], 0.0041930 secs] [Times: user=0.02 sys=0.00, real=0.00 secs] 
284.896: Total time for which application threads were stopped: 0.0512190 seconds, Stopping threads took: 0.0459290 seconds
284.974: Application time: 0.0778090 seconds
284.989: [GC [PSYoungGen: 6462K->646K(7680K)] 10356K->4541K(25088K), 0.0003680 secs] [Times: user=0.00 sys=0.00, real=0.00 secs] 
284.990: Total time for which application threads were stopped: 0.0159770 seconds, Stopping threads took: 0.0155460 seconds
284.991: Application time: 0.0007920 seconds
285.034: [GC [PSYoungGen: 7302K->1005K(7680K)] 11197K->9001K(25088K), 0.0015700 secs] [Times: user=0.01 sys=0.00, real=0.00 secs] 
285.035: Total time for which application threads were stopped: 0.0448290 seconds, Stopping threads took: 0.0431810 seconds
285.108: Application time: 0.0731360 seconds
285.114: [GC [PSYoungGen: 7350K->1005K(7680K)] 15347K->10759K(25088K), 0.0009610 secs] [Times: user=0.00 sys=0.00, real=0.00 secs] 
285.115: [Full GC [PSYoungGen: 1005K->0K(7680K)] [ParOldGen: 9754K->3894K(17408K)] 10759K->3894K(25088K) [PSPermGen: 5142K->5142K(21504K)], 0.0040820 secs] [Times: user=0.01 sys=0.00, real=0.00 secs] 
285.120: Total time for which application threads were stopped: 0.0110550 seconds, Stopping threads took: 0.0058750 seconds
285.197: Application time: 0.0778900 seconds
285.208: [GC [PSYoungGen: 6462K->614K(7680K)] 10356K->4509K(25088K), 0.0004360 secs] [Times: user=0.01 sys=0.00, real=0.00 secs] 
285.208: Total time for which application threads were stopped: 0.0109200 seconds, Stopping threads took: 0.0104160 seconds
285.209: Application time: 0.0006780 seconds
285.209: [GC [PSYoungGen: 7077K->1006K(7680K)] 10971K->10882K(25088K), 0.0019340 secs] [Times: user=0.01 sys=0.00, real=0.00 secs] 
285.211: [Full GC [PSYoungGen: 1006K->0K(7680K)] [ParOldGen: 9875K->8191K(17408K)] 10882K->8191K(25088K) [PSPermGen: 5142K->5142K(21504K)], 0.0048310 secs] [Times: user=0.02 sys=0.00, real=0.00 secs] 
285.216: Total time for which application threads were stopped: 0.0070440 seconds, Stopping threads took: 0.0001520 seconds
285.298: Application time: 0.0818000 seconds
285.358: [GC [PSYoungGen: 6540K->614K(7680K)] 14731K->8805K(25088K), 0.0004910 secs] [Times: user=0.00 sys=0.00, real=0.00 secs] 
285.358: Total time for which application threads were stopped: 0.0604840 seconds, Stopping threads took: 0.0599030 seconds
285.359: Application time: 0.0008220 seconds
285.359: [GC [PSYoungGen: 7077K->1005K(7680K)] 15268K->15259K(25088K), 0.0019420 secs] [Times: user=0.01 sys=0.01, real=0.01 secs] 
285.361: [Full GC [PSYoungGen: 1005K->0K(7680K)] [ParOldGen: 14254K->8191K(17408K)] 15259K->8191K(25088K) [PSPermGen: 5142K->5142K(21504K)], 0.0052610 secs] [Times: user=0.02 sys=0.00, real=0.00 secs] 
285.367: Total time for which application threads were stopped: 0.0074720 seconds, Stopping threads took: 0.0001430 seconds
285.446: Application time: 0.0797290 seconds
285.508: [GC [PSYoungGen: 6462K->550K(7680K)] 14653K->8741K(25088K), 0.0005020 secs] [Times: user=0.00 sys=0.00, real=0.00 secs] 
285.508: Total time for which application threads were stopped: 0.0620100 seconds, Stopping threads took: 0.0614100 seconds
285.509: Application time: 0.0008500 seconds
285.510: [GC [PSYoungGen: 7072K->1008K(7680K)] 15263K->15053K(25088K), 0.0019460 secs] [Times: user=0.01 sys=0.00, real=0.00 secs] 
285.511: [Full GC [PSYoungGen: 1008K->0K(7680K)] [ParOldGen: 14045K->8093K(17408K)] 15053K->8093K(25088K) [PSPermGen: 5142K->5142K(21504K)], 0.0052890 secs] [Times: user=0.02 sys=0.00, real=0.00 secs] 
285.517: Total time for which application threads were stopped: 0.0075550 seconds, Stopping threads took: 0.0002020 seconds
285.597: Application time: 0.0803020 seconds
285.657: [GC [PSYoungGen: 6637K->582K(7680K)] 14731K->8676K(25088K), 0.0004360 secs] [Times: user=0.00 sys=0.00, real=0.00 secs] 
285.658: [Full GC [PSYoungGen: 582K->0K(7680K)] [ParOldGen: 8093K->2012K(17408K)] 8676K->2012K(25088K) [PSPermGen: 5142K->5142K(21504K)], 0.0038300 secs] [Times: user=0.01 sys=0.00, real=0.01 secs] 
285.661: Total time for which application threads were stopped: 0.0643310 seconds, Stopping threads took: 0.0599480 seconds
285.665: Application time: 0.0040020 seconds
285.732: [GC [PSYoungGen: 6462K->614K(7680K)] 8475K->2627K(25088K), 0.0003810 secs] [Times: user=0.00 sys=0.00, real=0.00 secs] 
285.732: Total time for which application threads were stopped: 0.0666850 seconds, Stopping threads took: 0.0662410 seconds
285.733: Application time: 0.0006840 seconds
285.776: [GC [PSYoungGen: 7270K->907K(7680K)] 9283K->8194K(25088K), 0.0016620 secs] [Times: user=0.01 sys=0.00, real=0.00 secs] 
285.777: Total time for which application threads were stopped: 0.0444750 seconds, Stopping threads took: 0.0427440 seconds
285.874: Application time: 0.0968370 seconds
285.927: [GC [PSYoungGen: 7563K->973K(7680K)] 14850K->8259K(25088K), 0.0005070 secs] [Times: user=0.00 sys=0.00, real=0.00 secs] 
285.927: Total time for which application threads were stopped: 0.0530400 seconds, Stopping threads took: 0.0524630 seconds
285.928: Application time: 0.0009700 seconds
285.968: [GC [PSYoungGen: 7611K->1005K(7680K)] 14898K->13792K(25088K), 0.0019110 secs] [Times: user=0.01 sys=0.00, real=0.01 secs] 
285.970: [Full GC [PSYoungGen: 1005K->0K(7680K)] [ParOldGen: 12787K->7605K(17408K)] 13792K->7605K(25088K) [PSPermGen: 5142K->5142K(21504K)], 0.0049110 secs] [Times: user=0.02 sys=0.00, real=0.00 secs] 
285.975: Total time for which application threads were stopped: 0.0469930 seconds, Stopping threads took: 0.0400360 seconds
286.052: Application time: 0.0769750 seconds
286.116: [GC [PSYoungGen: 6656K->224K(7680K)] 14261K->7829K(25088K), 0.0003810 secs] [Times: user=0.00 sys=0.00, real=0.00 secs] 
286.117: Total time for which application threads were stopped: 0.0646090 seconds, Stopping threads took: 0.0641550 seconds
286.118: Application time: 0.0008630 seconds
286.161: [GC [PSYoungGen: 6862K->1005K(7680K)] 14468K->13306K(25088K), 0.0016000 secs] [Times: user=0.00 sys=0.00, real=0.01 secs] 
286.163: [Full GC [PSYoungGen: 1005K->0K(7680K)] [ParOldGen: 12301K->6824K(17408K)] 13306K->6824K(25088K) [PSPermGen: 5142K->5142K(21504K)], 0.0047800 secs] [Times: user=0.02 sys=0.00, real=0.00 secs] 
286.168: Total time for which application threads were stopped: 0.0499610 seconds, Stopping threads took: 0.0434600 seconds
286.241: Application time: 0.0730680 seconds
286.286: [GC [PSYoungGen: 6462K->875K(7680K)] 13286K->9262K(25088K), 0.0008640 secs] [Times: user=0.00 sys=0.00, real=0.00 secs] 
286.287: [Full GC [PSYoungGen: 875K->0K(7680K)] [ParOldGen: 8386K->3601K(17408K)] 9262K->3601K(25088K) [PSPermGen: 5142K->5142K(21504K)], 0.0043290 secs] [Times: user=0.02 sys=0.00, real=0.01 secs] 
286.291: Total time for which application threads were stopped: 0.0508110 seconds, Stopping threads took: 0.0454850 seconds
286.367: Application time: 0.0759780 seconds
286.376: [GC [PSYoungGen: 6560K->355K(7680K)] 10162K->3957K(25088K), 0.0004310 secs] [Times: user=0.00 sys=0.00, real=0.00 secs] 
286.377: Total time for which application threads were stopped: 0.0091200 seconds, Stopping threads took: 0.0086020 seconds
286.377: Application time: 0.0006800 seconds
286.378: [GC [PSYoungGen: 6896K->1008K(7680K)] 10498K->10355K(25088K), 0.0018870 secs] [Times: user=0.02 sys=0.00, real=0.00 secs] 
286.380: [Full GC [PSYoungGen: 1008K->0K(7680K)] [ParOldGen: 9346K->7996K(17408K)] 10355K->7996K(25088K) [PSPermGen: 5142K->5142K(21504K)], 0.0047350 secs] [Times: user=0.02 sys=0.00, real=0.01 secs] 
286.385: Total time for which application threads were stopped: 0.0077110 seconds, Stopping threads took: 0.0009610 seconds
286.464: Application time: 0.0794810 seconds
286.525: [GC [PSYoungGen: 6540K->419K(7680K)] 14536K->8415K(25088K), 0.0004190 secs] [Times: user=0.00 sys=0.00, real=0.00 secs] 
286.526: Total time for which application threads were stopped: 0.0613210 seconds, Stopping threads took: 0.0608340 seconds
286.527: Application time: 0.0007760 seconds
286.527: [GC [PSYoungGen: 6979K->1006K(7680K)] 14975K->14919K(25088K), 0.0019440 secs] [Times: user=0.02 sys=0.00, real=0.00 secs] 
286.529: [Full GC [PSYoungGen: 1006K->0K(7680K)] [ParOldGen: 13912K->8093K(17408K)] 14919K->8093K(25088K) [PSPermGen: 5142K->5142K(21504K)], 0.0050760 secs] [Times: user=0.02 sys=0.00, real=0.01 secs] 
286.534: Total time for which application threads were stopped: 0.0073560 seconds, Stopping threads took: 0.0002060 seconds
286.614: Application time: 0.0804870 seconds
286.675: [GC [PSYoungGen: 6559K->614K(7680K)] 14653K->8708K(25088K), 0.0006440 secs] [Times: user=0.00 sys=0.00, real=0.00 secs] 
286.676: [Full GC [PSYoungGen: 614K->0K(7680K)] [ParOldGen: 8093K->1956K(17408K)] 8708K->1956K(25088K) [PSPermGen: 5142K->5142K(21504K)], 0.0037790 secs] [Times: user=0.02 sys=0.00, real=0.00 secs] 
286.680: Total time for which application threads were stopped: 0.0650930 seconds, Stopping threads took: 0.0605490 seconds
286.681: Application time: 0.0012370 seconds
286.681: [GC [PSYoungGen: 6462K->1005K(7680K)] 8418K->8633K(25088K), 0.0018610 secs] [Times: user=0.01 sys=0.00, real=0.01 secs] 
286.683: [Full GC [PSYoungGen: 1005K->0K(7680K)] [ParOldGen: 7628K->8191K(17408K)] 8633K->8191K(25088K) [PSPermGen: 5142K->5142K(21504K)], 0.0049040 secs] [Times: user=0.02 sys=0.00, real=0.00 secs] 
286.688: Total time for which application threads were stopped: 0.0069290 seconds, Stopping threads took: 0.0000390 seconds
286.768: Application time: 0.0804320 seconds
286.830: [GC [PSYoungGen: 6462K->550K(7680K)] 14653K->8742K(25088K), 0.0004360 secs] [Times: user=0.00 sys=0.00, real=0.00 secs] 
286.831: [Full GC [PSYoungGen: 550K->0K(7680K)] [ParOldGen: 8191K->1927K(17408K)] 8742K->1927K(25088K) [PSPermGen: 5142K->5142K(21504K)], 0.0037160 secs] [Times: user=0.01 sys=0.00, real=0.00 secs] 
286.834: Total time for which application threads were stopped: 0.0662510 seconds, Stopping threads took: 0.0619970 seconds
286.836: Application time: 0.0011370 seconds
286.836: [GC [PSYoungGen: 6540K->1006K(7680K)] 8468K->8541K(25088K), 0.0019780 secs] [Times: user=0.02 sys=0.00, real=0.00 secs] 
286.838: [Full GC [PSYoungGen: 1006K->0K(7680K)] [ParOldGen: 7534K->8191K(17408K)] 8541K->8191K(25088K) [PSPermGen: 5142K->5142K(21504K)], 0.0049160 secs] [Times: user=0.02 sys=0.00, real=0.01 secs] 
286.843: Total time for which application threads were stopped: 0.0071390 seconds, Stopping threads took: 0.0001110 seconds
286.923: Application time: 0.0803280 seconds
286.985: [GC [PSYoungGen: 6462K->614K(7680K)] 14653K->8806K(25088K), 0.0004880 secs] [Times: user=0.00 sys=0.00, real=0.00 secs] 
286.985: [Full GC [PSYoungGen: 614K->0K(7680K)] [ParOldGen: 8191K->1956K(17408K)] 8806K->1956K(25088K) [PSPermGen: 5142K->5142K(21504K)], 0.0038150 secs] [Times: user=0.01 sys=0.00, real=0.01 secs] 
286.989: Total time for which application threads were stopped: 0.0662440 seconds, Stopping threads took: 0.0618310 seconds
286.991: Application time: 0.0013130 seconds
287.034: [GC [PSYoungGen: 6560K->1005K(7680K)] 8516K->8047K(25088K), 0.0017630 secs] [Times: user=0.01 sys=0.00, real=0.00 secs] 
287.036: Total time for which application threads were stopped: 0.0455260 seconds, Stopping threads took: 0.0436900 seconds
287.108: Application time: 0.0721100 seconds
287.154: [GC [PSYoungGen: 7467K->841K(7680K)] 14509K->8861K(25088K), 0.0007650 secs] [Times: user=0.00 sys=0.00, real=0.00 secs] 
287.155: [Full GC [PSYoungGen: 841K->0K(7680K)] [ParOldGen: 8019K->2918K(17408K)] 8861K->2918K(25088K) [PSPermGen: 5142K->5142K(21504K)], 0.0044250 secs] [Times: user=0.02 sys=0.00, real=0.00 secs] 
287.160: Total time for which application threads were stopped: 0.0513490 seconds, Stopping threads took: 0.0460440 seconds
287.162: Application time: 0.0025800 seconds
287.230: [GC [PSYoungGen: 6619K->841K(7680K)] 9537K->4737K(25088K), 0.0008420 secs] [Times: user=0.00 sys=0.00, real=0.00 secs] 
287.231: Total time for which application threads were stopped: 0.0689890 seconds, Stopping threads took: 0.0680500 seconds
287.232: Application time: 0.0009960 seconds
287.290: [GC [PSYoungGen: 7402K->1005K(7680K)] 11297K->9002K(25088K), 0.0016700 secs] [Times: user=0.01 sys=0.00, real=0.00 secs] 
287.291: Total time for which application threads were stopped: 0.0591420 seconds, Stopping threads took: 0.0573710 seconds
287.364: Application time: 0.0723750 seconds
287.410: [GC [PSYoungGen: 7272K->614K(7680K)] 15269K->8611K(25088K), 0.0005910 secs] [Times: user=0.00 sys=0.00, real=0.00 secs] 
287.411: Total time for which application threads were stopped: 0.0473430 seconds, Stopping threads took: 0.0466830 seconds
287.412: Application time: 0.0007200 seconds
287.467: [GC [PSYoungGen: 7077K->1022K(7680K)] 15074K->13958K(25088K), 0.0017650 secs] [Times: user=0.01 sys=0.00, real=0.00 secs] 
287.469: [Full GC [PSYoungGen: 1022K->0K(7680K)] [ParOldGen: 12936K->7117K(17408K)] 13958K->7117K(25088K) [PSPermGen: 5142K->5142K(21504K)], 0.0050450 secs] [Times: user=0.02 sys=0.00, real=0.01 secs] 
287.474: Total time for which application threads were stopped: 0.0621290 seconds, Stopping threads took: 0.0551980 seconds
287.563: Application time: 0.0890670 seconds
287.620: [GC [PSYoungGen: 6540K->614K(7680K)] 13658K->7732K(25088K), 0.0004700 secs] [Times: user=0.00 sys=0.00, real=0.00 secs] 
287.620: Total time for which application threads were stopped: 0.0572790 seconds, Stopping threads took: 0.0567240 seconds
287.621: Application time: 0.0010230 seconds
287.665: [GC [PSYoungGen: 7253K->1005K(7680K)] 14370K->13245K(25088K), 0.0018570 secs] [Times: user=0.01 sys=0.00, real=0.00 secs] 
287.666: [Full GC [PSYoungGen: 1005K->0K(7680K)] [ParOldGen: 12240K->7215K(17408K)] 13245K->7215K(25088K) [PSPermGen: 5142K->5142K(21504K)], 0.0048400 secs] [Times: user=0.02 sys=0.00, real=0.01 secs] 
287.671: Total time for which application threads were stopped: 0.0501280 seconds, Stopping threads took: 0.0433080 seconds
287.749: Application time: 0.0779400 seconds
287.810: [GC [PSYoungGen: 6364K->907K(7680K)] 13579K->8904K(25088K), 0.0007880 secs] [Times: user=0.00 sys=0.00, real=0.00 secs] 
287.811: Total time for which application threads were stopped: 0.0618570 seconds, Stopping threads took: 0.0609890 seconds
287.812: Application time: 0.0010570 seconds
287.869: [GC [PSYoungGen: 7563K->907K(7680K)] 15560K->14178K(25088K), 0.0019740 secs] [Times: user=0.02 sys=0.00, real=0.01 secs] 
287.871: [Full GC [PSYoungGen: 907K->0K(7680K)] [ParOldGen: 13270K->7313K(17408K)] 14178K->7313K(25088K) [PSPermGen: 5142K->5142K(21504K)], 0.0047320 secs] [Times: user=0.02 sys=0.00, real=0.00 secs] 
287.876: Total time for which application threads were stopped: 0.0637160 seconds, Stopping threads took: 0.0568830 seconds
287.952: Application time: 0.0759440 seconds
287.997: [GC [PSYoungGen: 6656K->646K(7680K)] 13969K->8350K(25088K), 0.0005010 secs] [Times: user=0.01 sys=0.00, real=0.00 secs] 
287.997: Total time for which application threads were stopped: 0.0452830 seconds, Stopping threads took: 0.0447170 seconds
287.998: Application time: 0.0009330 seconds
288.038: [GC [PSYoungGen: 7285K->1005K(7680K)] 14988K->14186K(25088K), 0.0020180 secs] [Times: user=0.02 sys=0.00, real=0.00 secs] 
288.040: [Full GC [PSYoungGen: 1005K->0K(7680K)] [ParOldGen: 13180K->7606K(17408K)] 14186K->7606K(25088K) [PSPermGen: 5142K->5142K(21504K)], 0.0047810 secs] [Times: user=0.02 sys=0.00, real=0.01 secs] 
288.045: Total time for which application threads were stopped: 0.0464470 seconds, Stopping threads took: 0.0395200 seconds
288.142: Application time: 0.0976230 seconds
288.205: [GC [PSYoungGen: 6656K->224K(7680K)] 14262K->7830K(25088K), 0.0004250 secs] [Times: user=0.01 sys=0.01, real=0.00 secs] 
288.206: Total time for which application threads were stopped: 0.0634860 seconds, Stopping threads took: 0.0629920 seconds
288.206: Application time: 0.0008560 seconds
288.207: [GC [PSYoungGen: 6745K->1022K(7680K)] 14351K->14146K(25088K), 0.0017570 secs] [Times: user=0.01 sys=0.00, real=0.00 secs] 
288.209: [Full GC [PSYoungGen: 1022K->0K(7680K)] [ParOldGen: 13123K->7704K(17408K)] 14146K->7704K(25088K) [PSPermGen: 5142K->5142K(21504K)], 0.0051270 secs] [Times: user=0.03 sys=0.00, real=0.01 secs] 
288.214: Total time for which application threads were stopped: 0.0072030 seconds, Stopping threads took: 0.0002040 seconds
288.295: Application time: 0.0812490 seconds
288.361: [GC [PSYoungGen: 6559K->224K(7680K)] 14263K->7928K(25088K), 0.0003900 secs] [Times: user=0.00 sys=0.00, real=0.00 secs] 
288.361: Total time for which application threads were stopped: 0.0660680 seconds, Stopping threads took: 0.0656120 seconds
288.362: Application time: 0.0007590 seconds
288.362: [GC [PSYoungGen: 6784K->1006K(7680K)] 14488K->14399K(25088K), 0.0020520 secs] [Times: user=0.01 sys=0.00, real=0.00 secs] 
288.364: [Full GC [PSYoungGen: 1006K->0K(7680K)] [ParOldGen: 13392K->7899K(17408K)] 14399K->7899K(25088K) [PSPermGen: 5142K->5142K(21504K)], 0.0048720 secs] [Times: user=0.02 sys=0.01, real=0.00 secs] 
288.369: Total time for which application threads were stopped: 0.0072010 seconds, Stopping threads took: 0.0001510 seconds
288.449: Application time: 0.0797300 seconds
288.510: [GC [PSYoungGen: 6559K->419K(7680K)] 14458K->8318K(25088K), 0.0004610 secs] [Times: user=0.00 sys=0.00, real=0.00 secs] 
288.511: [Full GC [PSYoungGen: 419K->0K(7680K)] [ParOldGen: 7899K->1732K(17408K)] 8318K->1732K(25088K) [PSPermGen: 5142K->5142K(21504K)], 0.0036740 secs] [Times: user=0.01 sys=0.00, real=0.00 secs] 
288.514: Total time for which application threads were stopped: 0.0657660 seconds, Stopping threads took: 0.0615220 seconds
288.516: Application time: 0.0010450 seconds
288.516: [GC [PSYoungGen: 6560K->1006K(7680K)] 8292K->8435K(25088K), 0.0020120 secs] [Times: user=0.02 sys=0.00, real=0.00 secs] 
288.518: [Full GC [PSYoungGen: 1006K->0K(7680K)] [ParOldGen: 7428K->8094K(17408K)] 8435K->8094K(25088K) [PSPermGen: 5142K->5142K(21504K)], 0.0047930 secs] [Times: user=0.02 sys=0.00, real=0.01 secs] 
288.523: Total time for which application threads were stopped: 0.0070240 seconds, Stopping threads took: 0.0000880 seconds
288.602: Application time: 0.0791930 seconds
288.663: [GC [PSYoungGen: 6559K->582K(7680K)] 14654K->8677K(25088K), 0.0004910 secs] [Times: user=0.00 sys=0.00, real=0.00 secs] 
288.664: [Full GC [PSYoungGen: 582K->0K(7680K)] [ParOldGen: 8094K->1927K(17408K)] 8677K->1927K(25088K) [PSPermGen: 5142K->5142K(21504K)], 0.0036080 secs] [Times: user=0.01 sys=0.00, real=0.00 secs] 
288.667: Total time for which application threads were stopped: 0.0655910 seconds, Stopping threads took: 0.0613830 seconds
288.668: Application time: 0.0011030 seconds
288.711: [GC [PSYoungGen: 6560K->1005K(7680K)] 8487K->8019K(25088K), 0.0018400 secs] [Times: user=0.01 sys=0.00, real=0.00 secs] 
288.713: Total time for which application threads were stopped: 0.0440830 seconds, Stopping threads took: 0.0421630 seconds
288.786: Application time: 0.0734700 seconds
288.832: [GC [PSYoungGen: 7369K->875K(7680K)] 14383K->8671K(25088K), 0.0006720 secs] [Times: user=0.00 sys=0.00, real=0.00 secs] 
288.832: [Full GC [PSYoungGen: 875K->0K(7680K)] [ParOldGen: 7795K->3001K(17408K)] 8671K->3001K(25088K) [PSPermGen: 5142K->5142K(21504K)], 0.0039360 secs] [Times: user=0.02 sys=0.00, real=0.00 secs] 
288.836: Total time for which application threads were stopped: 0.0504300 seconds, Stopping threads took: 0.0456780 seconds
288.838: Application time: 0.0012210 seconds
288.893: [GC [PSYoungGen: 6638K->907K(7680K)] 9640K->8011K(25088K), 0.0016360 secs] [Times: user=0.01 sys=0.00, real=0.00 secs] 
288.894: Total time for which application threads were stopped: 0.0568050 seconds, Stopping threads took: 0.0550820 seconds
288.967: Application time: 0.0727610 seconds
289.012: [GC [PSYoungGen: 7563K->1005K(7680K)] 14667K->9093K(25088K), 0.0008990 secs] [Times: user=0.00 sys=0.00, real=0.00 secs] 
289.013: Total time for which application threads were stopped: 0.0457550 seconds, Stopping threads took: 0.0447850 seconds
289.014: Application time: 0.0014540 seconds
289.085: [GC [PSYoungGen: 7643K->646K(7680K)] 15731K->9125K(25088K), 0.0005210 secs] [Times: user=0.00 sys=0.00, real=0.00 secs] 
289.085: Total time for which application threads were stopped: 0.0706650 seconds, Stopping threads took: 0.0700780 seconds
289.086: Application time: 0.0008170 seconds
289.129: [GC [PSYoungGen: 7206K->1005K(7680K)] 15685K->15013K(25088K), 0.0017580 secs] [Times: user=0.01 sys=0.00, real=0.00 secs] 
289.131: [Full GC [PSYoungGen: 1005K->0K(7680K)] [ParOldGen: 14008K->7606K(17408K)] 15013K->7606K(25088K) [PSPermGen: 5142K->5142K(21504K)], 0.0051100 secs] [Times: user=0.02 sys=0.00, real=0.00 secs] 
289.136: Total time for which application threads were stopped: 0.0504050 seconds, Stopping threads took: 0.0434100 seconds
289.234: Application time: 0.0974350 seconds
289.287: [GC [PSYoungGen: 6559K->973K(7680K)] 14166K->8774K(25088K), 0.0005640 secs] [Times: user=0.00 sys=0.00, real=0.00 secs] 
289.287: Total time for which application threads were stopped: 0.0533190 seconds, Stopping threads took: 0.0526670 seconds
289.288: Application time: 0.0009900 seconds
289.326: [GC [PSYoungGen: 7533K->1005K(7680K)] 15335K->14479K(25088K), 0.0020050 secs] [Times: user=0.02 sys=0.00, real=0.00 secs] 
289.328: [Full GC [PSYoungGen: 1005K->0K(7680K)] [ParOldGen: 13474K->7801K(17408K)] 14479K->7801K(25088K) [PSPermGen: 5142K->5142K(21504K)], 0.0048800 secs] [Times: user=0.01 sys=0.01, real=0.01 secs] 
289.333: Total time for which application threads were stopped: 0.0452340 seconds, Stopping threads took: 0.0382180 seconds
289.410: Application time: 0.0767580 seconds
289.474: [GC [PSYoungGen: 6618K->192K(7680K)] 14420K->7993K(25088K), 0.0003950 secs] [Times: user=0.00 sys=0.00, real=0.00 secs] 
289.474: Total time for which application threads were stopped: 0.0641470 seconds, Stopping threads took: 0.0636730 seconds
289.475: Application time: 0.0007680 seconds
289.475: [GC [PSYoungGen: 6752K->1008K(7680K)] 14553K->14481K(25088K), 0.0019300 secs] [Times: user=0.02 sys=0.00, real=0.00 secs] 
289.477: [Full GC [PSYoungGen: 1008K->0K(7680K)] [ParOldGen: 13472K->7899K(17408K)] 14481K->7899K(25088K) [PSPermGen: 5142K->5142K(21504K)], 0.0050750 secs] [Times: user=0.02 sys=0.00, real=0.01 secs] 
289.482: Total time for which application threads were stopped: 0.0073340 seconds, Stopping threads took: 0.0001960 seconds
289.561: Application time: 0.0782540 seconds
289.623: [GC [PSYoungGen: 6559K->387K(7680K)] 14459K->8286K(25088K), 0.0004470 secs] [Times: user=0.00 sys=0.00, real=0.00 secs] 
289.624: [Full GC [PSYoungGen: 387K->0K(7680K)] [ParOldGen: 7899K->1789K(17408K)] 8286K->1789K(25088K) [PSPermGen: 5142K->5142K(21504K)], 0.0038540 secs] [Times: user=0.01 sys=0.00, real=0.00 secs] 
289.627: Total time for which application threads were stopped: 0.0668520 seconds, Stopping threads took: 0.0624410 seconds
289.628: Application time: 0.0009930 seconds
289.674: [GC [PSYoungGen: 6619K->1006K(7680K)] 8408K->7551K(25088K), 0.0017580 secs] [Times: user=0.01 sys=0.01, real=0.00 secs] 
289.676: Total time for which application threads were stopped: 0.0477660 seconds, Stopping threads took: 0.0459250 seconds
289.750: Application time: 0.0734200 seconds
289.793: [GC [PSYoungGen: 7371K->907K(7680K)] 13916K->9015K(25088K), 0.0011540 secs] [Times: user=0.01 sys=0.00, real=0.00 secs] 
289.794: Total time for which application threads were stopped: 0.0447790 seconds, Stopping threads took: 0.0435540 seconds
289.865: Application time: 0.0706930 seconds
289.870: [GC [PSYoungGen: 7521K->355K(7680K)] 15629K->8462K(25088K), 0.0004380 secs] [Times: user=0.00 sys=0.00, real=0.00 secs] 
289.870: Total time for which application threads were stopped: 0.0051520 seconds, Stopping threads took: 0.0046290 seconds
289.871: Application time: 0.0006220 seconds
289.871: [GC [PSYoungGen: 6939K->1008K(7680K)] 15047K->14982K(25088K), 0.0018940 secs] [Times: user=0.02 sys=0.00, real=0.00 secs] 
289.873: [Full GC [PSYoungGen: 1008K->0K(7680K)] [ParOldGen: 13973K->8094K(17408K)] 14982K->8094K(25088K) [PSPermGen: 5142K->5142K(21504K)], 0.0049280 secs] [Times: user=0.02 sys=0.00, real=0.00 secs] 
289.878: Total time for which application threads were stopped: 0.0071280 seconds, Stopping threads took: 0.0001840 seconds
289.957: Application time: 0.0786780 seconds
290.022: [GC [PSYoungGen: 6559K->646K(7680K)] 14654K->8741K(25088K), 0.0004930 secs] [Times: user=0.00 sys=0.00, real=0.00 secs] 
290.022: Total time for which application threads were stopped: 0.0656180 seconds, Stopping threads took: 0.0650480 seconds
290.023: Application time: 0.0008740 seconds
290.023: [GC [PSYoungGen: 7206K->939K(7680K)] 15301K->15285K(25088K), 0.0019510 secs] [Times: user=0.01 sys=0.00, real=0.00 secs] 
290.025: [Full GC [PSYoungGen: 939K->0K(7680K)] [ParOldGen: 14345K->8290K(17408K)] 15285K->8290K(25088K) [PSPermGen: 5142K->5142K(21504K)], 0.0051070 secs] [Times: user=0.02 sys=0.00, real=0.01 secs] 
290.031: Total time for which application threads were stopped: 0.0073360 seconds, Stopping threads took: 0.0001590 seconds
290.111: Application time: 0.0801660 seconds
290.175: [GC [PSYoungGen: 6364K->582K(7680K)] 14654K->8872K(25088K), 0.0004120 secs] [Times: user=0.00 sys=0.00, real=0.00 secs] 
290.175: [Full GC [PSYoungGen: 582K->0K(7680K)] [ParOldGen: 8290K->1927K(17408K)] 8872K->1927K(25088K) [PSPermGen: 5142K->5142K(21504K)], 0.0036730 secs] [Times: user=0.01 sys=0.00, real=0.00 secs] 
290.179: Total time for which application threads were stopped: 0.0683930 seconds, Stopping threads took: 0.0642010 seconds
290.180: Application time: 0.0011310 seconds
290.223: [GC [PSYoungGen: 6638K->1005K(7680K)] 8566K->8043K(25088K), 0.0018780 secs] [Times: user=0.02 sys=0.00, real=0.00 secs] 
290.225: Total time for which application threads were stopped: 0.0450660 seconds, Stopping threads took: 0.0430990 seconds
290.301: Application time: 0.0757400 seconds
290.347: [GC [PSYoungGen: 7369K->614K(7680K)] 14407K->7652K(25088K), 0.0004140 secs] [Times: user=0.00 sys=0.00, real=0.00 secs] 
290.347: Total time for which application threads were stopped: 0.0462400 seconds, Stopping threads took: 0.0457370 seconds
290.348: Application time: 0.0008650 seconds
290.392: [GC [PSYoungGen: 7174K->1005K(7680K)] 14212K->13129K(25088K), 0.0017200 secs] [Times: user=0.00 sys=0.00, real=0.00 secs] 
290.393: [Full GC [PSYoungGen: 1005K->0K(7680K)] [ParOldGen: 12124K->7216K(17408K)] 13129K->7216K(25088K) [PSPermGen: 5142K->5142K(21504K)], 0.0048280 secs] [Times: user=0.02 sys=0.00, real=0.00 secs] 
290.398: Total time for which application threads were stopped: 0.0500990 seconds, Stopping threads took: 0.0434310 seconds
290.472: Application time: 0.0733410 seconds
290.518: [GC [PSYoungGen: 6462K->1005K(7680K)] 13678K->9002K(25088K), 0.0008860 secs] [Times: user=0.00 sys=0.01, real=0.00 secs] 
290.519: [Full GC [PSYoungGen: 1005K->0K(7680K)] [ParOldGen: 7997K->3099K(17408K)] 9002K->3099K(25088K) [PSPermGen: 5142K->5142K(21504K)], 0.0041160 secs] [Times: user=0.02 sys=0.00, real=0.01 secs] 
290.523: Total time for which application threads were stopped: 0.0511330 seconds, Stopping threads took: 0.0460160 seconds
290.524: Application time: 0.0013340 seconds
290.593: [GC [PSYoungGen: 6560K->939K(7680K)] 9659K->7164K(25088K), 0.0013590 secs] [Times: user=0.01 sys=0.00, real=0.00 secs] 
290.594: Total time for which application threads were stopped: 0.0701170 seconds, Stopping threads took: 0.0686660 seconds
290.665: Application time: 0.0711930 seconds
290.713: [GC [PSYoungGen: 7206K->614K(7680K)] 13431K->6839K(25088K), 0.0004060 secs] [Times: user=0.01 sys=0.00, real=0.00 secs] 
290.713: Total time for which application threads were stopped: 0.0479160 seconds, Stopping threads took: 0.0474450 seconds
290.714: Application time: 0.0008150 seconds
290.765: [GC [PSYoungGen: 7253K->1005K(7680K)] 13477K->12316K(25088K), 0.0018350 secs] [Times: user=0.01 sys=0.00, real=0.00 secs] 
290.767: [Full GC [PSYoungGen: 1005K->0K(7680K)] [ParOldGen: 11310K->7216K(17408K)] 12316K->7216K(25088K) [PSPermGen: 5142K->5142K(21504K)], 0.0048310 secs] [Times: user=0.02 sys=0.00, real=0.01 secs] 
290.772: Total time for which application threads were stopped: 0.0580750 seconds, Stopping threads took: 0.0512820 seconds
290.854: Application time: 0.0822780 seconds
290.919: [GC [PSYoungGen: 6442K->646K(7680K)] 13658K->7862K(25088K), 0.0004680 secs] [Times: user=0.00 sys=0.00, real=0.00 secs] 
290.919: Total time for which application threads were stopped: 0.0649230 seconds, Stopping threads took: 0.0643910 seconds
290.920: Application time: 0.0009090 seconds
290.961: [GC [PSYoungGen: 7285K->1005K(7680K)] 14501K->13360K(25088K), 0.0018920 secs] [Times: user=0.01 sys=0.00, real=0.00 secs] 
290.963: [Full GC [PSYoungGen: 1005K->0K(7680K)] [ParOldGen: 12354K->7216K(17408K)] 13360K->7216K(25088K) [PSPermGen: 5142K->5142K(21504K)], 0.0047830 secs] [Times: user=0.02 sys=0.00, real=0.00 secs] 
290.968: Total time for which application threads were stopped: 0.0477380 seconds, Stopping threads took: 0.0409270 seconds
291.043: Application time: 0.0750140 seconds
291.089: [GC [PSYoungGen: 6364K->843K(7680K)] 13580K->8841K(25088K), 0.0008470 secs] [Times: user=0.00 sys=0.00, real=0.00 secs] 
291.090: Total time for which application threads were stopped: 0.0471830 seconds, Stopping threads took: 0.0462450 seconds
291.091: Application time: 0.0011180 seconds
291.135: [GC [PSYoungGen: 7482K->1005K(7680K)] 15479K->14089K(25088K), 0.0019230 secs] [Times: user=0.02 sys=0.00, real=0.00 secs] 
291.137: [Full GC [PSYoungGen: 1005K->0K(7680K)] [ParOldGen: 13084K->7216K(17408K)] 14089K->7216K(25088K) [PSPermGen: 5142K->5142K(21504K)], 0.0053160 secs] [Times: user=0.02 sys=0.00, real=0.01 secs] 
291.143: Total time for which application threads were stopped: 0.0512770 seconds, Stopping threads took: 0.0438680 seconds
291.235: Application time: 0.0918740 seconds
291.296: [GC [PSYoungGen: 6364K->550K(7680K)] 13581K->7767K(25088K), 0.0004800 secs] [Times: user=0.00 sys=0.00, real=0.00 secs] 
291.296: Total time for which application threads were stopped: 0.0615090 seconds, Stopping threads took: 0.0609360 seconds
291.297: Application time: 0.0009700 seconds
291.339: [GC [PSYoungGen: 7013K->1005K(7680K)] 14229K->13210K(25088K), 0.0017080 secs] [Times: user=0.01 sys=0.00, real=0.00 secs] 
291.341: [Full GC [PSYoungGen: 1005K->0K(7680K)] [ParOldGen: 12205K->7118K(17408K)] 13210K->7118K(25088K) [PSPermGen: 5142K->5142K(21504K)], 0.0048660 secs] [Times: user=0.03 sys=0.00, real=0.01 secs] 
291.346: Total time for which application threads were stopped: 0.0486650 seconds, Stopping threads took: 0.0419660 seconds
291.419: Application time: 0.0737770 seconds
291.465: [GC [PSYoungGen: 6462K->582K(7680K)] 13580K->7701K(25088K), 0.0004140 secs] [Times: user=0.00 sys=0.00, real=0.00 secs] 
291.465: Total time for which application threads were stopped: 0.0456450 seconds, Stopping threads took: 0.0451650 seconds
291.466: Application time: 0.0008830 seconds
291.523: [GC [PSYoungGen: 7221K->1006K(7680K)] 14339K->13162K(25088K), 0.0018250 secs] [Times: user=0.01 sys=0.00, real=0.00 secs] 
291.525: [Full GC [PSYoungGen: 1006K->0K(7680K)] [ParOldGen: 12155K->7216K(17408K)] 13162K->7216K(25088K) [PSPermGen: 5142K->5142K(21504K)], 0.0048900 secs] [Times: user=0.02 sys=0.00, real=0.01 secs] 
291.530: Total time for which application threads were stopped: 0.0635270 seconds, Stopping threads took: 0.0566890 seconds
291.604: Application time: 0.0748190 seconds
291.650: [GC [PSYoungGen: 6364K->582K(7680K)] 13581K->7799K(25088K), 0.0005500 secs] [Times: user=0.00 sys=0.00, real=0.00 secs] 
291.651: Total time for which application threads were stopped: 0.0466020 seconds, Stopping threads took: 0.0459580 seconds
291.652: Application time: 0.0008570 seconds
291.695: [GC [PSYoungGen: 7045K->1005K(7680K)] 14261K->13210K(25088K), 0.0017550 secs] [Times: user=0.01 sys=0.00, real=0.00 secs] 
291.697: [Full GC [PSYoungGen: 1005K->0K(7680K)] [ParOldGen: 12205K->7118K(17408K)] 13210K->7118K(25088K) [PSPermGen: 5142K->5142K(21504K)], 0.0047790 secs] [Times: user=0.02 sys=0.00, real=0.01 secs] 
291.702: Total time for which application threads were stopped: 0.0500280 seconds, Stopping threads took: 0.0433760 seconds
291.795: Application time: 0.0928890 seconds
291.854: [GC [PSYoungGen: 6462K->550K(7680K)] 13581K->7669K(25088K), 0.0004430 secs] [Times: user=0.00 sys=0.00, real=0.00 secs] 
291.855: Total time for which application threads were stopped: 0.0598860 seconds, Stopping threads took: 0.0593770 seconds
291.855: Application time: 0.0008200 seconds
291.899: [GC [PSYoungGen: 7169K->1006K(7680K)] 14288K->13076K(25088K), 0.0018050 secs] [Times: user=0.01 sys=0.00, real=0.00 secs] 
291.901: [Full GC [PSYoungGen: 1006K->0K(7680K)] [ParOldGen: 12070K->7119K(17408K)] 13076K->7119K(25088K) [PSPermGen: 5142K->5142K(21504K)], 0.0048740 secs] [Times: user=0.02 sys=0.01, real=0.01 secs] 
291.906: Total time for which application threads were stopped: 0.0505470 seconds, Stopping threads took: 0.0437450 seconds
291.980: Application time: 0.0739000 seconds
292.025: [GC [PSYoungGen: 6462K->582K(7680K)] 13581K->7701K(25088K), 0.0004850 secs] [Times: user=0.00 sys=0.00, real=0.00 secs] 
292.025: Total time for which application threads were stopped: 0.0451700 seconds, Stopping threads took: 0.0445960 seconds
292.029: Application time: 0.0043180 seconds
292.095: [GC [PSYoungGen: 7045K->582K(7680K)] 14164K->7701K(25088K), 0.0006030 secs] [Times: user=0.00 sys=0.00, real=0.00 secs] 
292.096: Total time for which application threads were stopped: 0.0665080 seconds, Stopping threads took: 0.0658220 seconds
292.097: Application time: 0.0006350 seconds
292.149: [GC [PSYoungGen: 7142K->1005K(7680K)] 14261K->13210K(25088K), 0.0016800 secs] [Times: user=0.01 sys=0.00, real=0.01 secs] 
292.151: [Full GC [PSYoungGen: 1005K->0K(7680K)] [ParOldGen: 12205K->7216K(17408K)] 13210K->7216K(25088K) [PSPermGen: 5142K->5142K(21504K)], 0.0050490 secs] [Times: user=0.02 sys=0.00, real=0.00 secs] 
292.156: Total time for which application threads were stopped: 0.0590860 seconds, Stopping threads took: 0.0522100 seconds
292.231: Application time: 0.0753100 seconds
292.276: [GC [PSYoungGen: 6442K->614K(7680K)] 13659K->7831K(25088K), 0.0004030 secs] [Times: user=0.00 sys=0.00, real=0.00 secs] 
292.277: Total time for which application threads were stopped: 0.0458280 seconds, Stopping threads took: 0.0453510 seconds
292.278: Application time: 0.0008810 seconds
292.316: [GC [PSYoungGen: 7174K->1005K(7680K)] 14391K->13332K(25088K), 0.0019360 secs] [Times: user=0.01 sys=0.00, real=0.00 secs] 
292.318: [Full GC [PSYoungGen: 1005K->0K(7680K)] [ParOldGen: 12327K->7216K(17408K)] 13332K->7216K(25088K) [PSPermGen: 5142K->5142K(21504K)], 0.0047700 secs] [Times: user=0.02 sys=0.00, real=0.01 secs] 
292.323: Total time for which application threads were stopped: 0.0455070 seconds, Stopping threads took: 0.0386720 seconds
292.397: Application time: 0.0739130 seconds
292.442: [GC [PSYoungGen: 6462K->841K(7680K)] 13678K->9035K(25088K), 0.0009350 secs] [Times: user=0.01 sys=0.00, real=0.00 secs] 
292.443: Total time for which application threads were stopped: 0.0458730 seconds, Stopping threads took: 0.0448660 seconds
292.444: Application time: 0.0010990 seconds
292.488: [GC [PSYoungGen: 7402K->1005K(7680K)] 15595K->14374K(25088K), 0.0019040 secs] [Times: user=0.01 sys=0.01, real=0.01 secs] 
292.489: [Full GC [PSYoungGen: 1005K->0K(7680K)] [ParOldGen: 13369K->7314K(17408K)] 14374K->7314K(25088K) [PSPermGen: 5142K->5142K(21504K)], 0.0051020 secs] [Times: user=0.02 sys=0.00, real=0.00 secs] 
292.495: Total time for which application threads were stopped: 0.0506200 seconds, Stopping threads took: 0.0434640 seconds
292.586: Application time: 0.0910860 seconds
292.647: [GC [PSYoungGen: 6345K->614K(7680K)] 13659K->7929K(25088K), 0.0007180 secs] [Times: user=0.01 sys=0.00, real=0.00 secs] 
292.647: Total time for which application threads were stopped: 0.0615150 seconds, Stopping threads took: 0.0607300 seconds
292.648: Application time: 0.0008550 seconds
292.692: [GC [PSYoungGen: 7251K->1021K(7680K)] 14565K->13438K(25088K), 0.0018740 secs] [Times: user=0.02 sys=0.00, real=0.00 secs] 
292.694: [Full GC [PSYoungGen: 1021K->0K(7680K)] [ParOldGen: 12417K->7217K(17408K)] 13438K->7217K(25088K) [PSPermGen: 5142K->5142K(21504K)], 0.0048220 secs] [Times: user=0.02 sys=0.00, real=0.00 secs] 
292.699: Total time for which application threads were stopped: 0.0505400 seconds, Stopping threads took: 0.0437180 seconds
292.775: Application time: 0.0764500 seconds
292.829: [GC [PSYoungGen: 6540K->1005K(7680K)] 13757K->9003K(25088K), 0.0006560 secs] [Times: user=0.00 sys=0.00, real=0.00 secs] 
292.830: Total time for which application threads were stopped: 0.0549080 seconds, Stopping threads took: 0.0541740 seconds
292.831: Application time: 0.0010780 seconds
292.874: [GC [PSYoungGen: 7565K->1005K(7680K)] 15563K->14212K(25088K), 0.0019180 secs] [Times: user=0.02 sys=0.00, real=0.00 secs] 
292.876: [Full GC [PSYoungGen: 1005K->0K(7680K)] [ParOldGen: 13206K->7314K(17408K)] 14212K->7314K(25088K) [PSPermGen: 5142K->5142K(21504K)], 0.0048570 secs] [Times: user=0.02 sys=0.00, real=0.00 secs] 
292.881: Total time for which application threads were stopped: 0.0500710 seconds, Stopping threads took: 0.0431610 seconds
292.959: Application time: 0.0780190 seconds
293.013: [GC [PSYoungGen: 6656K->841K(7680K)] 13970K->8352K(25088K), 0.0004860 secs] [Times: user=0.00 sys=0.00, real=0.00 secs] 
293.014: Total time for which application threads were stopped: 0.0546070 seconds, Stopping threads took: 0.0540540 seconds
293.015: Application time: 0.0010010 seconds
293.058: [GC [PSYoungGen: 7480K->1005K(7680K)] 14990K->14000K(25088K), 0.0018520 secs] [Times: user=0.01 sys=0.00, real=0.00 secs] 
293.060: [Full GC [PSYoungGen: 1005K->0K(7680K)] [ParOldGen: 12995K->7607K(17408K)] 14000K->7607K(25088K) [PSPermGen: 5142K->5142K(21504K)], 0.0049730 secs] [Times: user=0.02 sys=0.00, real=0.01 secs] 
293.065: Total time for which application threads were stopped: 0.0503600 seconds, Stopping threads took: 0.0433960 seconds
293.158: Application time: 0.0931570 seconds
293.217: [GC [PSYoungGen: 6559K->841K(7680K)] 14167K->8840K(25088K), 0.0005200 secs] [Times: user=0.00 sys=0.00, real=0.00 secs] 
293.218: Total time for which application threads were stopped: 0.0591980 seconds, Stopping threads took: 0.0586130 seconds
293.219: Application time: 0.0009970 seconds
293.271: [GC [PSYoungGen: 7480K->1005K(7680K)] 15478K->13594K(25088K), 0.0017900 secs] [Times: user=0.01 sys=0.00, real=0.00 secs] 
293.273: [Full GC [PSYoungGen: 1005K->0K(7680K)] [ParOldGen: 12588K->6729K(17408K)] 13594K->6729K(25088K) [PSPermGen: 5142K->5142K(21504K)], 0.0049350 secs] [Times: user=0.02 sys=0.00, real=0.00 secs] 
293.278: Total time for which application threads were stopped: 0.0597600 seconds, Stopping threads took: 0.0529140 seconds
293.367: Application time: 0.0886820 seconds
293.427: [GC [PSYoungGen: 6462K->256K(7680K)] 13191K->6985K(25088K), 0.0004060 secs] [Times: user=0.00 sys=0.00, real=0.00 secs] 
293.428: Total time for which application threads were stopped: 0.0608400 seconds, Stopping threads took: 0.0603630 seconds
293.429: Application time: 0.0007300 seconds
293.429: [GC [PSYoungGen: 6816K->1008K(7680K)] 13545K->13360K(25088K), 0.0019300 secs] [Times: user=0.01 sys=0.00, real=0.01 secs] 
293.431: [Full GC [PSYoungGen: 1008K->0K(7680K)] [ParOldGen: 12351K->7900K(17408K)] 13360K->7900K(25088K) [PSPermGen: 5142K->5142K(21504K)], 0.0049230 secs] [Times: user=0.03 sys=0.00, real=0.00 secs] 
293.436: Total time for which application threads were stopped: 0.0071670 seconds, Stopping threads took: 0.0001920 seconds
293.514: Application time: 0.0781240 seconds
293.578: [GC [PSYoungGen: 6559K->387K(7680K)] 14460K->8287K(25088K), 0.0004420 secs] [Times: user=0.00 sys=0.00, real=0.00 secs] 
293.578: Total time for which application threads were stopped: 0.0643720 seconds, Stopping threads took: 0.0638690 seconds
293.579: Application time: 0.0007270 seconds
293.579: [GC [PSYoungGen: 6947K->1008K(7680K)] 14848K->14727K(25088K), 0.0019840 secs] [Times: user=0.01 sys=0.01, real=0.00 secs] 
293.581: [Full GC [PSYoungGen: 1008K->0K(7680K)] [ParOldGen: 13718K->8095K(17408K)] 14727K->8095K(25088K) [PSPermGen: 5142K->5142K(21504K)], 0.0049570 secs] [Times: user=0.02 sys=0.00, real=0.00 secs] 
293.586: Total time for which application threads were stopped: 0.0072180 seconds, Stopping threads took: 0.0001420 seconds
293.668: Application time: 0.0821980 seconds
293.735: [GC [PSYoungGen: 6559K->614K(7680K)] 14655K->8710K(25088K), 0.0004500 secs] [Times: user=0.00 sys=0.00, real=0.00 secs] 
293.735: [Full GC [PSYoungGen: 614K->0K(7680K)] [ParOldGen: 8095K->1927K(17408K)] 8710K->1927K(25088K) [PSPermGen: 5142K->5142K(21504K)], 0.0036480 secs] [Times: user=0.01 sys=0.00, real=0.00 secs] 
293.739: Total time for which application threads were stopped: 0.0707940 seconds, Stopping threads took: 0.0665880 seconds
293.740: Application time: 0.0010320 seconds
293.740: [GC [PSYoungGen: 6462K->1008K(7680K)] 8390K->8461K(25088K), 0.0019570 secs] [Times: user=0.02 sys=0.00, real=0.01 secs] 
293.742: [Full GC [PSYoungGen: 1008K->0K(7680K)] [ParOldGen: 7452K->8193K(17408K)] 8461K->8193K(25088K) [PSPermGen: 5142K->5142K(21504K)], 0.0049390 secs] [Times: user=0.02 sys=0.00, real=0.00 secs] 
293.747: Total time for which application threads were stopped: 0.0071740 seconds, Stopping threads took: 0.0001490 seconds
293.824: Application time: 0.0770500 seconds
293.887: [GC [PSYoungGen: 6540K->614K(7680K)] 14733K->8808K(25088K), 0.0005860 secs] [Times: user=0.00 sys=0.00, real=0.00 secs] 
293.887: [Full GC [PSYoungGen: 614K->0K(7680K)] [ParOldGen: 8193K->1956K(17408K)] 8808K->1956K(25088K) [PSPermGen: 5142K->5142K(21504K)], 0.0042850 secs] [Times: user=0.02 sys=0.00, real=0.01 secs] 
293.891: Total time for which application threads were stopped: 0.0670560 seconds, Stopping threads took: 0.0620530 seconds
293.897: Application time: 0.0059150 seconds
293.963: [GC [PSYoungGen: 6540K->582K(7680K)] 8496K->2538K(25088K), 0.0003900 secs] [Times: user=0.01 sys=0.00, real=0.00 secs] 
293.963: Total time for which application threads were stopped: 0.0656510 seconds, Stopping threads took: 0.0651710 seconds
293.965: Application time: 0.0023180 seconds
294.033: [GC [PSYoungGen: 7045K->534K(7680K)] 9001K->2490K(25088K), 0.0005270 secs] [Times: user=0.00 sys=0.01, real=0.00 secs] 
294.034: Total time for which application threads were stopped: 0.0681900 seconds, Stopping threads took: 0.0675810 seconds
294.037: Application time: 0.0038110 seconds
294.104: [GC [PSYoungGen: 6997K->550K(7680K)] 8953K->2506K(25088K), 0.0004600 secs] [Times: user=0.00 sys=0.00, real=0.00 secs] 
294.104: Total time for which application threads were stopped: 0.0667950 seconds, Stopping threads took: 0.0662500 seconds
294.105: Application time: 0.0007010 seconds
294.157: [GC [PSYoungGen: 7206K->1005K(7680K)] 9162K->7063K(25088K), 0.0016030 secs] [Times: user=0.01 sys=0.00, real=0.00 secs] 
294.158: Total time for which application threads were stopped: 0.0534000 seconds, Stopping threads took: 0.0517020 seconds
294.251: Application time: 0.0924700 seconds
294.302: [GC [PSYoungGen: 7350K->646K(7680K)] 13408K->6704K(25088K), 0.0005810 secs] [Times: user=0.00 sys=0.00, real=0.00 secs] 
294.302: Total time for which application threads were stopped: 0.0516920 seconds, Stopping threads took: 0.0510280 seconds
294.303: Application time: 0.0008310 seconds
294.347: [GC [PSYoungGen: 7109K->1005K(7680K)] 13167K->12104K(25088K), 0.0017900 secs] [Times: user=0.01 sys=0.00, real=0.00 secs] 
294.349: [Full GC [PSYoungGen: 1005K->0K(7680K)] [ParOldGen: 11098K->7119K(17408K)] 12104K->7119K(25088K) [PSPermGen: 5142K->5142K(21504K)], 0.0046350 secs] [Times: user=0.02 sys=0.00, real=0.01 secs] 
294.354: Total time for which application threads were stopped: 0.0504450 seconds, Stopping threads took: 0.0438720 seconds
294.430: Application time: 0.0761030 seconds
294.475: [GC [PSYoungGen: 6462K->582K(7680K)] 13581K->7702K(25088K), 0.0007010 secs] [Times: user=0.00 sys=0.00, real=0.00 secs] 
294.475: Total time for which application threads were stopped: 0.0454990 seconds, Stopping threads took: 0.0447030 seconds
294.476: Application time: 0.0007970 seconds
294.533: [GC [PSYoungGen: 7201K->1005K(7680K)] 14321K->13153K(25088K), 0.0018520 secs] [Times: user=0.01 sys=0.00, real=0.00 secs] 
294.535: [Full GC [PSYoungGen: 1005K->0K(7680K)] [ParOldGen: 12148K->7120K(17408K)] 13153K->7120K(25088K) [PSPermGen: 5142K->5142K(21504K)], 0.0052740 secs] [Times: user=0.03 sys=0.00, real=0.00 secs] 
294.540: Total time for which application threads were stopped: 0.0638500 seconds, Stopping threads took: 0.0565900 seconds
294.634: Application time: 0.0943900 seconds
294.687: [GC [PSYoungGen: 6540K->550K(7680K)] 13660K->7670K(25088K), 0.0005270 secs] [Times: user=0.00 sys=0.00, real=0.00 secs] 
294.687: Total time for which application threads were stopped: 0.0529740 seconds, Stopping threads took: 0.0523610 seconds
294.688: Application time: 0.0008250 seconds
294.688: [GC [PSYoungGen: 7013K->1006K(7680K)] 14133K->14124K(25088K), 0.0021060 secs] [Times: user=0.01 sys=0.00, real=0.01 secs] 
294.690: [Full GC [PSYoungGen: 1006K->0K(7680K)] [ParOldGen: 13117K->8194K(17408K)] 14124K->8194K(25088K) [PSPermGen: 5142K->5142K(21504K)], 0.0049700 secs] [Times: user=0.02 sys=0.00, real=0.00 secs] 
294.696: Total time for which application threads were stopped: 0.0073330 seconds, Stopping threads took: 0.0001260 seconds
294.774: Application time: 0.0782980 seconds
294.838: [GC [PSYoungGen: 6540K->614K(7680K)] 14734K->8808K(25088K), 0.0004570 secs] [Times: user=0.00 sys=0.00, real=0.00 secs] 
294.838: [Full GC [PSYoungGen: 614K->0K(7680K)] [ParOldGen: 8194K->1984K(17408K)] 8808K->1984K(25088K) [PSPermGen: 5142K->5142K(21504K)], 0.0038250 secs] [Times: user=0.02 sys=0.00, real=0.01 secs] 
294.842: Total time for which application threads were stopped: 0.0684050 seconds, Stopping threads took: 0.0639910 seconds
294.844: Application time: 0.0013180 seconds
294.887: [GC [PSYoungGen: 6560K->1005K(7680K)] 8544K->8076K(25088K), 0.0017780 secs] [Times: user=0.01 sys=0.00, real=0.00 secs] 
294.889: Total time for which application threads were stopped: 0.0455090 seconds, Stopping threads took: 0.0436570 seconds
294.965: Application time: 0.0763800 seconds
295.009: [GC [PSYoungGen: 7369K->875K(7680K)] 14440K->8728K(25088K), 0.0007590 secs] [Times: user=0.01 sys=0.00, real=0.00 secs] 
295.010: [Full GC [PSYoungGen: 875K->0K(7680K)] [ParOldGen: 7852K->2823K(17408K)] 8728K->2823K(25088K) [PSPermGen: 5142K->5142K(21504K)], 0.0042190 secs] [Times: user=0.01 sys=0.01, real=0.00 secs] 
295.014: Total time for which application threads were stopped: 0.0487940 seconds, Stopping threads took: 0.0436890 seconds
295.015: Application time: 0.0011620 seconds
295.059: [GC [PSYoungGen: 6656K->1005K(7680K)] 9479K->9012K(25088K), 0.0020400 secs] [Times: user=0.02 sys=0.00, real=0.01 secs] 
295.061: [Full GC [PSYoungGen: 1005K->0K(7680K)] [ParOldGen: 8007K->7315K(17408K)] 9012K->7315K(25088K) [PSPermGen: 5142K->5142K(21504K)], 0.0048200 secs] [Times: user=0.02 sys=0.00, real=0.00 secs] 
295.066: Total time for which application threads were stopped: 0.0507880 seconds, Stopping threads took: 0.0437920 seconds
295.159: Application time: 0.0924530 seconds
295.214: [GC [PSYoungGen: 6656K->1005K(7680K)] 13971K->8320K(25088K), 0.0005200 secs] [Times: user=0.00 sys=0.00, real=0.00 secs] 
295.214: Total time for which application threads were stopped: 0.0556230 seconds, Stopping threads took: 0.0550330 seconds
295.215: Application time: 0.0010120 seconds
295.259: [GC [PSYoungGen: 7643K->1006K(7680K)] 14959K->13749K(25088K), 0.0020030 secs] [Times: user=0.01 sys=0.00, real=0.00 secs] 
295.261: [Full GC [PSYoungGen: 1006K->0K(7680K)] [ParOldGen: 12742K->7608K(17408K)] 13749K->7608K(25088K) [PSPermGen: 5142K->5142K(21504K)], 0.0050400 secs] [Times: user=0.03 sys=0.00, real=0.01 secs] 
295.266: Total time for which application threads were stopped: 0.0508930 seconds, Stopping threads took: 0.0437000 seconds
295.344: Application time: 0.0773460 seconds
295.406: [GC [PSYoungGen: 6656K->224K(7680K)] 14264K->7832K(25088K), 0.0004190 secs] [Times: user=0.00 sys=0.00, real=0.00 secs] 
295.407: [Full GC [PSYoungGen: 224K->0K(7680K)] [ParOldGen: 7608K->1565K(17408K)] 7832K->1565K(25088K) [PSPermGen: 5142K->5142K(21504K)], 0.0038330 secs] [Times: user=0.02 sys=0.00, real=0.01 secs] 
295.411: Total time for which application threads were stopped: 0.0670130 seconds, Stopping threads took: 0.0626560 seconds
295.412: Application time: 0.0012690 seconds
295.412: [GC [PSYoungGen: 6560K->1005K(7680K)] 8125K->8340K(25088K), 0.0019260 secs] [Times: user=0.02 sys=0.00, real=0.00 secs] 
295.414: [Full GC [PSYoungGen: 1005K->0K(7680K)] [ParOldGen: 7335K->7901K(17408K)] 8340K->7901K(25088K) [PSPermGen: 5142K->5142K(21504K)], 0.0048820 secs] [Times: user=0.02 sys=0.00, real=0.00 secs] 
295.419: Total time for which application threads were stopped: 0.0071170 seconds, Stopping threads took: 0.0001810 seconds
295.501: Application time: 0.0817580 seconds
295.561: [GC [PSYoungGen: 6559K->419K(7680K)] 14460K->8320K(25088K), 0.0003990 secs] [Times: user=0.00 sys=0.00, real=0.01 secs] 
295.561: [Full GC [PSYoungGen: 419K->0K(7680K)] [ParOldGen: 7901K->1732K(17408K)] 8320K->1732K(25088K) [PSPermGen: 5142K->5142K(21504K)], 0.0036730 secs] [Times: user=0.01 sys=0.00, real=0.00 secs] 
295.565: Total time for which application threads were stopped: 0.0643280 seconds, Stopping threads took: 0.0601410 seconds
295.566: Application time: 0.0012360 seconds
295.610: [GC [PSYoungGen: 6560K->1005K(7680K)] 8292K->7628K(25088K), 0.0018480 secs] [Times: user=0.02 sys=0.01, real=0.00 secs] 
295.612: Total time for which application threads were stopped: 0.0455510 seconds, Stopping threads took: 0.0436190 seconds
295.687: Application time: 0.0750430 seconds
295.732: [GC [PSYoungGen: 7623K->1005K(7680K)] 14247K->8214K(25088K), 0.0007510 secs] [Times: user=0.00 sys=0.00, real=0.00 secs] 
295.733: Total time for which application threads were stopped: 0.0462240 seconds, Stopping threads took: 0.0453750 seconds
295.734: Application time: 0.0009730 seconds
295.798: [GC [PSYoungGen: 7565K->1005K(7680K)] 14774K->12153K(25088K), 0.0016550 secs] [Times: user=0.01 sys=0.00, real=0.00 secs] 
295.799: [Full GC [PSYoungGen: 1005K->0K(7680K)] [ParOldGen: 11147K->6046K(17408K)] 12153K->6046K(25088K) [PSPermGen: 5142K->5142K(21504K)], 0.0048970 secs] [Times: user=0.02 sys=0.00, real=0.01 secs] 
295.804: Total time for which application threads were stopped: 0.0701010 seconds, Stopping threads took: 0.0634080 seconds
295.886: Application time: 0.0814940 seconds
295.929: [GC [PSYoungGen: 6560K->973K(7680K)] 12606K->7800K(25088K), 0.0006980 secs] [Times: user=0.01 sys=0.00, real=0.01 secs] 
295.929: Total time for which application threads were stopped: 0.0435850 seconds, Stopping threads took: 0.0428150 seconds
295.930: Application time: 0.0011060 seconds
295.999: [GC [PSYoungGen: 7533K->1005K(7680K)] 14360K->11934K(25088K), 0.0016410 secs] [Times: user=0.01 sys=0.00, real=0.00 secs] 
296.001: [Full GC [PSYoungGen: 1005K->0K(7680K)] [ParOldGen: 10929K->6241K(17408K)] 11934K->6241K(25088K) [PSPermGen: 5142K->5142K(21504K)], 0.0045610 secs] [Times: user=0.02 sys=0.00, real=0.01 secs] 
296.005: Total time for which application threads were stopped: 0.0749120 seconds, Stopping threads took: 0.0685820 seconds
296.092: Application time: 0.0865970 seconds
296.146: [GC [PSYoungGen: 6345K->614K(7680K)] 12586K->6856K(25088K), 0.0004360 secs] [Times: user=0.00 sys=0.01, real=0.00 secs] 
296.147: Total time for which application threads were stopped: 0.0548550 seconds, Stopping threads took: 0.0543480 seconds
296.148: Application time: 0.0009300 seconds
296.191: [GC [PSYoungGen: 7077K->1005K(7680K)] 13318K->12235K(25088K), 0.0018180 secs] [Times: user=0.02 sys=0.00, real=0.00 secs] 
296.193: [Full GC [PSYoungGen: 1005K->0K(7680K)] [ParOldGen: 11230K->7120K(17408K)] 12235K->7120K(25088K) [PSPermGen: 5142K->5142K(21504K)], 0.0048030 secs] [Times: user=0.02 sys=0.00, real=0.00 secs] 
296.198: Total time for which application threads were stopped: 0.0505230 seconds, Stopping threads took: 0.0437750 seconds
296.273: Application time: 0.0752440 seconds
296.318: [GC [PSYoungGen: 6462K->614K(7680K)] 13582K->7734K(25088K), 0.0006260 secs] [Times: user=0.00 sys=0.00, real=0.00 secs] 
296.319: Total time for which application threads were stopped: 0.0451460 seconds, Stopping threads took: 0.0444440 seconds
296.319: Application time: 0.0007890 seconds
296.376: [GC [PSYoungGen: 7270K->1005K(7680K)] 14390K->12235K(25088K), 0.0016080 secs] [Times: user=0.01 sys=0.00, real=0.00 secs] 
296.377: [Full GC [PSYoungGen: 1005K->0K(7680K)] [ParOldGen: 11230K->6241K(17408K)] 12235K->6241K(25088K) [PSPermGen: 5142K->5142K(21504K)], 0.0047420 secs] [Times: user=0.02 sys=0.00, real=0.01 secs] 
296.382: Total time for which application threads were stopped: 0.0626660 seconds, Stopping threads took: 0.0561690 seconds
296.467: Application time: 0.0847110 seconds
296.528: [GC [PSYoungGen: 6656K->646K(7680K)] 12897K->7278K(25088K), 0.0005310 secs] [Times: user=0.00 sys=0.00, real=0.00 secs] 
296.529: Total time for which application threads were stopped: 0.0618180 seconds, Stopping threads took: 0.0612190 seconds
296.530: Application time: 0.0009990 seconds
296.573: [GC [PSYoungGen: 7265K->971K(7680K)] 13897K->13072K(25088K), 0.0019250 secs] [Times: user=0.02 sys=0.00, real=0.00 secs] 
296.575: [Full GC [PSYoungGen: 971K->0K(7680K)] [ParOldGen: 12101K->7511K(17408K)] 13072K->7511K(25088K) [PSPermGen: 5142K->5142K(21504K)], 0.0048180 secs] [Times: user=0.02 sys=0.00, real=0.00 secs] 
296.580: Total time for which application threads were stopped: 0.0502000 seconds, Stopping threads took: 0.0433300 seconds
296.660: Application time: 0.0801260 seconds
296.711: [GC [PSYoungGen: 6540K->941K(7680K)] 14051K->8452K(25088K), 0.0006690 secs] [Times: user=0.00 sys=0.00, real=0.00 secs] 
296.712: Total time for which application threads were stopped: 0.0517810 seconds, Stopping threads took: 0.0510170 seconds
296.712: Application time: 0.0008280 seconds
296.765: [GC [PSYoungGen: 7579K->1005K(7680K)] 15091K->14029K(25088K), 0.0021790 secs] [Times: user=0.02 sys=0.00, real=0.00 secs] 
296.767: [Full GC [PSYoungGen: 1005K->0K(7680K)] [ParOldGen: 13024K->7608K(17408K)] 14029K->7608K(25088K) [PSPermGen: 5142K->5142K(21504K)], 0.0049800 secs] [Times: user=0.02 sys=0.00, real=0.01 secs] 
296.772: Total time for which application threads were stopped: 0.0592960 seconds, Stopping threads took: 0.0520080 seconds
296.868: Application time: 0.0958070 seconds
296.924: [GC [PSYoungGen: 6656K->256K(7680K)] 14264K->7864K(25088K), 0.0003990 secs] [Times: user=0.00 sys=0.00, real=0.00 secs] 
296.925: Total time for which application threads were stopped: 0.0570150 seconds, Stopping threads took: 0.0565550 seconds
296.929: Application time: 0.0045320 seconds
296.969: [GC [PSYoungGen: 6912K->1005K(7680K)] 14520K->12325K(25088K), 0.0014310 secs] [Times: user=0.01 sys=0.00, real=0.01 secs] 
296.970: [Full GC [PSYoungGen: 1005K->0K(7680K)] [ParOldGen: 11320K->5850K(17408K)] 12325K->5850K(25088K) [PSPermGen: 5142K->5142K(21504K)], 0.0046070 secs] [Times: user=0.02 sys=0.00, real=0.00 secs] 
296.975: Total time for which application threads were stopped: 0.0456430 seconds, Stopping threads took: 0.0394810 seconds
297.047: Application time: 0.0723880 seconds
297.091: [GC [PSYoungGen: 6638K->1005K(7680K)] 12489K->7442K(25088K), 0.0006830 secs] [Times: user=0.01 sys=0.00, real=0.00 secs] 
297.092: Total time for which application threads were stopped: 0.0449440 seconds, Stopping threads took: 0.0441880 seconds
297.093: Application time: 0.0009700 seconds
297.137: [GC [PSYoungGen: 7565K->1005K(7680K)] 14002K->12423K(25088K), 0.0019610 secs] [Times: user=0.01 sys=0.00, real=0.00 secs] 
297.139: [Full GC [PSYoungGen: 1005K->0K(7680K)] [ParOldGen: 11417K->7120K(17408K)] 12423K->7120K(25088K) [PSPermGen: 5142K->5142K(21504K)], 0.0048200 secs] [Times: user=0.02 sys=0.00, real=0.01 secs] 
297.144: Total time for which application threads were stopped: 0.0505200 seconds, Stopping threads took: 0.0436110 seconds
297.219: Application time: 0.0750220 seconds
297.263: [GC [PSYoungGen: 6462K->550K(7680K)] 13583K->7671K(25088K), 0.0004220 secs] [Times: user=0.00 sys=0.00, real=0.00 secs] 
297.263: Total time for which application threads were stopped: 0.0446320 seconds, Stopping threads took: 0.0441380 seconds
297.264: Application time: 0.0007350 seconds
297.264: [GC [PSYoungGen: 7013K->1008K(7680K)] 14133K->14045K(25088K), 0.0019130 secs] [Times: user=0.02 sys=0.00, real=0.00 secs] 
297.266: [Full GC [PSYoungGen: 1008K->0K(7680K)] [ParOldGen: 13036K->8194K(17408K)] 14045K->8194K(25088K) [PSPermGen: 5142K->5142K(21504K)], 0.0050110 secs] [Times: user=0.02 sys=0.00, real=0.01 secs] 
297.271: Total time for which application threads were stopped: 0.0071930 seconds, Stopping threads took: 0.0001490 seconds
297.348: Application time: 0.0768310 seconds
297.413: [GC [PSYoungGen: 6462K->550K(7680K)] 14656K->8745K(25088K), 0.0005520 secs] [Times: user=0.00 sys=0.00, real=0.00 secs] 
297.413: Total time for which application threads were stopped: 0.0652500 seconds, Stopping threads took: 0.0646300 seconds
297.414: Application time: 0.0008390 seconds
297.414: [GC [PSYoungGen: 7110K->1005K(7680K)] 15305K->15360K(25088K), 0.0020250 secs] [Times: user=0.01 sys=0.00, real=0.00 secs] 
297.416: [Full GC [PSYoungGen: 1005K->0K(7680K)] [ParOldGen: 14355K->8292K(17408K)] 15360K->8292K(25088K) [PSPermGen: 5142K->5142K(21504K)], 0.0053050 secs] [Times: user=0.03 sys=0.00, real=0.01 secs] 
297.422: Total time for which application threads were stopped: 0.0075290 seconds, Stopping threads took: 0.0000710 seconds
297.500: Application time: 0.0787670 seconds
297.563: [GC [PSYoungGen: 6364K->614K(7680K)] 14656K->8907K(25088K), 0.0004200 secs] [Times: user=0.00 sys=0.00, real=0.00 secs] 
297.566: [Full GC [PSYoungGen: 614K->0K(7680K)] [ParOldGen: 8292K->1927K(17408K)] 8907K->1927K(25088K) [PSPermGen: 5142K->5142K(21504K)], 0.0037170 secs] [Times: user=0.01 sys=0.00, real=0.01 secs] 
297.570: Total time for which application threads were stopped: 0.0692320 seconds, Stopping threads took: 0.0625670 seconds
297.571: Application time: 0.0011010 seconds
297.615: [GC [PSYoungGen: 6540K->939K(7680K)] 8468K->7945K(25088K), 0.0018650 secs] [Times: user=0.01 sys=0.00, real=0.00 secs] 
297.617: Total time for which application threads were stopped: 0.0459460 seconds, Stopping threads took: 0.0439930 seconds
297.691: Application time: 0.0743690 seconds
297.737: [GC [PSYoungGen: 7480K->614K(7680K)] 14486K->7620K(25088K), 0.0004550 secs] [Times: user=0.00 sys=0.00, real=0.00 secs] 
297.738: Total time for which application threads were stopped: 0.0465840 seconds, Stopping threads took: 0.0460620 seconds
297.739: Application time: 0.0008860 seconds
297.782: [GC [PSYoungGen: 7253K->1005K(7680K)] 14259K->13133K(25088K), 0.0019330 secs] [Times: user=0.01 sys=0.00, real=0.00 secs] 
297.784: [Full GC [PSYoungGen: 1005K->0K(7680K)] [ParOldGen: 12128K->7218K(17408K)] 13133K->7218K(25088K) [PSPermGen: 5142K->5142K(21504K)], 0.0052570 secs] [Times: user=0.01 sys=0.01, real=0.01 secs] 
297.789: Total time for which application threads were stopped: 0.0506800 seconds, Stopping threads took: 0.0433600 seconds
297.861: Application time: 0.0722090 seconds
297.909: [GC [PSYoungGen: 6656K->1005K(7680K)] 13874K->9200K(25088K), 0.0007510 secs] [Times: user=0.01 sys=0.00, real=0.01 secs] 
297.910: [Full GC [PSYoungGen: 1005K->0K(7680K)] [ParOldGen: 8195K->3117K(17408K)] 9200K->3117K(25088K) [PSPermGen: 5142K->5142K(21504K)], 0.0040890 secs] [Times: user=0.01 sys=0.00, real=0.00 secs] 
297.914: Total time for which application threads were stopped: 0.0521660 seconds, Stopping threads took: 0.0472100 seconds
297.915: Application time: 0.0013150 seconds
297.984: [GC [PSYoungGen: 6560K->1005K(7680K)] 9677K->7345K(25088K), 0.0014690 secs] [Times: user=0.01 sys=0.00, real=0.00 secs] 
297.985: Total time for which application threads were stopped: 0.0702510 seconds, Stopping threads took: 0.0686970 seconds
298.057: Application time: 0.0716420 seconds
298.062: [GC [PSYoungGen: 7661K->843K(7680K)] 14001K->8550K(25088K), 0.0011040 secs] [Times: user=0.01 sys=0.00, real=0.00 secs] 
298.063: Total time for which application threads were stopped: 0.0057950 seconds, Stopping threads took: 0.0045960 seconds
298.145: Application time: 0.0818870 seconds
298.159: [GC [PSYoungGen: 7403K->160K(7680K)] 15110K->7867K(25088K), 0.0004130 secs] [Times: user=0.00 sys=0.00, real=0.00 secs] 
298.159: Total time for which application threads were stopped: 0.0148330 seconds, Stopping threads took: 0.0143590 seconds
298.160: Application time: 0.0007170 seconds
298.160: [GC [PSYoungGen: 6798K->1005K(7680K)] 14505K->14482K(25088K), 0.0018700 secs] [Times: user=0.01 sys=0.00, real=0.01 secs] 
298.162: [Full GC [PSYoungGen: 1005K->0K(7680K)] [ParOldGen: 13477K->7902K(17408K)] 14482K->7902K(25088K) [PSPermGen: 5142K->5142K(21504K)], 0.0051640 secs] [Times: user=0.02 sys=0.00, real=0.00 secs] 
298.167: Total time for which application threads were stopped: 0.0072570 seconds, Stopping threads took: 0.0001050 seconds
298.245: Application time: 0.0777930 seconds
298.287: [GC [PSYoungGen: 6540K->1005K(7680K)] 14442K->9306K(25088K), 0.0007540 secs] [Times: user=0.00 sys=0.00, real=0.00 secs] 
298.288: Total time for which application threads were stopped: 0.0428500 seconds, Stopping threads took: 0.0420230 seconds
298.289: Application time: 0.0009500 seconds
298.342: [GC [PSYoungGen: 7565K->1005K(7680K)] 15866K->14123K(25088K), 0.0017960 secs] [Times: user=0.02 sys=0.00, real=0.00 secs] 
298.344: [Full GC [PSYoungGen: 1005K->0K(7680K)] [ParOldGen: 13118K->6925K(17408K)] 14123K->6925K(25088K) [PSPermGen: 5142K->5142K(21504K)], 0.0047570 secs] [Times: user=0.02 sys=0.00, real=0.00 secs] 
298.349: Total time for which application threads were stopped: 0.0596100 seconds, Stopping threads took: 0.0529250 seconds
298.432: Application time: 0.0829640 seconds
298.476: [GC [PSYoungGen: 6540K->451K(7680K)] 13466K->7377K(25088K), 0.0003600 secs] [Times: user=0.00 sys=0.00, real=0.00 secs] 
298.477: Total time for which application threads were stopped: 0.0452790 seconds, Stopping threads took: 0.0448460 seconds
298.478: Application time: 0.0008330 seconds
298.478: [GC [PSYoungGen: 7011K->1006K(7680K)] 13937K->13848K(25088K), 0.0019180 secs] [Times: user=0.01 sys=0.00, real=0.00 secs] 
298.480: [Full GC [PSYoungGen: 1006K->0K(7680K)] [ParOldGen: 12841K->8097K(17408K)] 13848K->8097K(25088K) [PSPermGen: 5142K->5142K(21504K)], 0.0050290 secs] [Times: user=0.02 sys=0.00, real=0.01 secs] 
298.485: Total time for which application threads were stopped: 0.0071320 seconds, Stopping threads took: 0.0000630 seconds
298.563: Application time: 0.0783710 seconds
298.625: [GC [PSYoungGen: 6559K->582K(7680K)] 14657K->8680K(25088K), 0.0004140 secs] [Times: user=0.00 sys=0.00, real=0.00 secs] 
298.626: Total time for which application threads were stopped: 0.0625300 seconds, Stopping threads took: 0.0620490 seconds
298.627: Application time: 0.0008830 seconds
298.627: [GC [PSYoungGen: 7123K->1006K(7680K)] 15220K->15101K(25088K), 0.0019810 secs] [Times: user=0.01 sys=0.00, real=0.00 secs] 
298.629: [Full GC [PSYoungGen: 1006K->0K(7680K)] [ParOldGen: 14094K->8195K(17408K)] 15101K->8195K(25088K) [PSPermGen: 5142K->5142K(21504K)], 0.0050890 secs] [Times: user=0.03 sys=0.00, real=0.01 secs] 
298.634: Total time for which application threads were stopped: 0.0074390 seconds, Stopping threads took: 0.0002440 seconds
298.715: Application time: 0.0810910 seconds
298.775: [GC [PSYoungGen: 6656K->809K(7680K)] 14851K->9005K(25088K), 0.0004430 secs] [Times: user=0.00 sys=0.00, real=0.00 secs] 
298.775: [Full GC [PSYoungGen: 809K->0K(7680K)] [ParOldGen: 8195K->2151K(17408K)] 9005K->2151K(25088K) [PSPermGen: 5142K->5142K(21504K)], 0.0037860 secs] [Times: user=0.01 sys=0.00, real=0.00 secs] 
298.779: Total time for which application threads were stopped: 0.0640890 seconds, Stopping threads took: 0.0597430 seconds
298.780: Application time: 0.0012850 seconds
298.832: [GC [PSYoungGen: 6560K->1006K(7680K)] 8711K->7292K(25088K), 0.0015720 secs] [Times: user=0.01 sys=0.00, real=0.00 secs] 
298.834: Total time for which application threads were stopped: 0.0534670 seconds, Stopping threads took: 0.0518150 seconds
298.907: Application time: 0.0728780 seconds
298.952: [GC [PSYoungGen: 7469K->1005K(7680K)] 13754K->8275K(25088K), 0.0007510 secs] [Times: user=0.00 sys=0.00, real=0.00 secs] 
298.953: Total time for which application threads were stopped: 0.0459080 seconds, Stopping threads took: 0.0450870 seconds
298.954: Application time: 0.0011020 seconds
298.998: [GC [PSYoungGen: 7565K->1005K(7680K)] 14835K->12572K(25088K), 0.0016830 secs] [Times: user=0.01 sys=0.00, real=0.00 secs] 
298.999: [Full GC [PSYoungGen: 1005K->0K(7680K)] [ParOldGen: 11566K->6437K(17408K)] 12572K->6437K(25088K) [PSPermGen: 5142K->5142K(21504K)], 0.0046210 secs] [Times: user=0.02 sys=0.00, real=0.01 secs] 
299.004: Total time for which application threads were stopped: 0.0500430 seconds, Stopping threads took: 0.0436110 seconds
299.076: Application time: 0.0721970 seconds
299.080: [GC [PSYoungGen: 6520K->1006K(7680K)] 12958K->9478K(25088K), 0.0011910 secs] [Times: user=0.00 sys=0.00, real=0.00 secs] 
299.081: Total time for which application threads were stopped: 0.0048240 seconds, Stopping threads took: 0.0035520 seconds
299.161: Application time: 0.0801550 seconds
299.176: [GC [PSYoungGen: 7566K->1005K(7680K)] 16037K->9476K(25088K), 0.0005720 secs] [Times: user=0.01 sys=0.00, real=0.00 secs] 
299.177: Total time for which application threads were stopped: 0.0154970 seconds, Stopping threads took: 0.0148380 seconds
299.177: Application time: 0.0008360 seconds
299.228: [GC [PSYoungGen: 7565K->1005K(7680K)] 16036K->13871K(25088K), 0.0018300 secs] [Times: user=0.01 sys=0.00, real=0.01 secs] 
299.230: [Full GC [PSYoungGen: 1005K->0K(7680K)] [ParOldGen: 12865K->6535K(17408K)] 13871K->6535K(25088K) [PSPermGen: 5142K->5142K(21504K)], 0.0048040 secs] [Times: user=0.02 sys=0.00, real=0.00 secs] 
299.235: Total time for which application threads were stopped: 0.0573410 seconds, Stopping threads took: 0.0505590 seconds
299.309: Application time: 0.0743740 seconds
299.354: [GC [PSYoungGen: 6559K->941K(7680K)] 13095K->7671K(25088K), 0.0006610 secs] [Times: user=0.00 sys=0.00, real=0.00 secs] 
299.354: Total time for which application threads were stopped: 0.0451090 seconds, Stopping threads took: 0.0443700 seconds
299.361: Application time: 0.0069570 seconds
299.426: [GC [PSYoungGen: 7501K->160K(7680K)] 14232K->6890K(25088K), 0.0003420 secs] [Times: user=0.00 sys=0.00, real=0.00 secs] 
299.426: Total time for which application threads were stopped: 0.0649310 seconds, Stopping threads took: 0.0645200 seconds
299.427: Application time: 0.0006360 seconds
299.427: [GC [PSYoungGen: 6720K->1008K(7680K)] 13450K->13362K(25088K), 0.0019180 secs] [Times: user=0.01 sys=0.00, real=0.00 secs] 
299.429: [Full GC [PSYoungGen: 1008K->0K(7680K)] [ParOldGen: 12353K->7902K(17408K)] 13362K->7902K(25088K) [PSPermGen: 5142K->5142K(21504K)], 0.0051890 secs] [Times: user=0.02 sys=0.00, real=0.01 secs] 
299.434: Total time for which application threads were stopped: 0.0074370 seconds, Stopping threads took: 0.0002100 seconds
299.513: Application time: 0.0790090 seconds
299.575: [GC [PSYoungGen: 6559K->451K(7680K)] 14462K->8353K(25088K), 0.0003700 secs] [Times: user=0.00 sys=0.00, real=0.00 secs] 
299.575: Total time for which application threads were stopped: 0.0620030 seconds, Stopping threads took: 0.0615630 seconds
299.576: Application time: 0.0008050 seconds
299.621: [GC [PSYoungGen: 7087K->1006K(7680K)] 14990K->13718K(25088K), 0.0020240 secs] [Times: user=0.01 sys=0.00, real=0.01 secs] 
299.623: [Full GC [PSYoungGen: 1006K->0K(7680K)] [ParOldGen: 12711K->7023K(17408K)] 13718K->7023K(25088K) [PSPermGen: 5142K->5142K(21504K)], 0.0048510 secs] [Times: user=0.02 sys=0.00, real=0.00 secs] 
299.627: Total time for which application threads were stopped: 0.0514230 seconds, Stopping threads took: 0.0443990 seconds
299.702: Application time: 0.0740510 seconds
299.747: [GC [PSYoungGen: 6637K->907K(7680K)] 13661K->8712K(25088K), 0.0006780 secs] [Times: user=0.00 sys=0.00, real=0.00 secs] 
299.748: Total time for which application threads were stopped: 0.0465010 seconds, Stopping threads took: 0.0457310 seconds
299.749: Application time: 0.0011270 seconds
299.793: [GC [PSYoungGen: 7546K->1021K(7680K)] 15351K->13928K(25088K), 0.0020100 secs] [Times: user=0.01 sys=0.00, real=0.00 secs] 
299.795: [Full GC [PSYoungGen: 1021K->0K(7680K)] [ParOldGen: 12907K->7219K(17408K)] 13928K->7219K(25088K) [PSPermGen: 5142K->5142K(21504K)], 0.0049040 secs] [Times: user=0.02 sys=0.00, real=0.00 secs] 
299.800: Total time for which application threads were stopped: 0.0505520 seconds, Stopping threads took: 0.0434930 seconds
299.876: Application time: 0.0761300 seconds
299.921: [GC [PSYoungGen: 6618K->1005K(7680K)] 13837K->9005K(25088K), 0.0006870 secs] [Times: user=0.00 sys=0.00, real=0.01 secs] 
299.921: Total time for which application threads were stopped: 0.0456450 seconds, Stopping threads took: 0.0448790 seconds
299.925: Application time: 0.0039620 seconds
299.993: [GC [PSYoungGen: 7370K->646K(7680K)] 15370K->8647K(25088K), 0.0004300 secs] [Times: user=0.00 sys=0.00, real=0.00 secs] 
299.993: Total time for which application threads were stopped: 0.0677530 seconds, Stopping threads took: 0.0672630 seconds
299.994: Application time: 0.0007530 seconds
300.037: [GC [PSYoungGen: 7206K->1008K(7680K)] 15207K->14000K(25088K), 0.0018410 secs] [Times: user=0.02 sys=0.00, real=0.00 secs] 
300.039: [Full GC [PSYoungGen: 1008K->0K(7680K)] [ParOldGen: 12991K->7219K(17408K)] 14000K->7219K(25088K) [PSPermGen: 5142K->5142K(21504K)], 0.0049080 secs] [Times: user=0.02 sys=0.00, real=0.01 secs] 
300.043: Total time for which application threads were stopped: 0.0495140 seconds, Stopping threads took: 0.0426450 seconds
300.118: Application time: 0.0741420 seconds
300.162: [GC [PSYoungGen: 6462K->941K(7680K)] 13681K->8941K(25088K), 0.0006900 secs] [Times: user=0.00 sys=0.00, real=0.00 secs] 
300.163: Total time for which application threads were stopped: 0.0450620 seconds, Stopping threads took: 0.0443030 seconds
300.164: Application time: 0.0010420 seconds
300.206: [GC [PSYoungGen: 7501K->907K(7680K)] 15501K->14181K(25088K), 0.0019030 secs] [Times: user=0.01 sys=0.00, real=0.00 secs] 
300.208: [Full GC [PSYoungGen: 907K->0K(7680K)] [ParOldGen: 13274K->7317K(17408K)] 14181K->7317K(25088K) [PSPermGen: 5142K->5142K(21504K)], 0.0048920 secs] [Times: user=0.02 sys=0.00, real=0.01 secs] 
300.213: Total time for which application threads were stopped: 0.0487680 seconds, Stopping threads took: 0.0418460 seconds
300.286: Application time: 0.0734160 seconds
300.332: [GC [PSYoungGen: 6656K->941K(7680K)] 13973K->8258K(25088K), 0.0006420 secs] [Times: user=0.01 sys=0.00, real=0.00 secs] 
300.332: Total time for which application threads were stopped: 0.0463090 seconds, Stopping threads took: 0.0455780 seconds
300.333: Application time: 0.0011480 seconds
300.402: [GC [PSYoungGen: 7479K->646K(7680K)] 14797K->8354K(25088K), 0.0005400 secs] [Times: user=0.01 sys=0.00, real=0.00 secs] 
300.403: Total time for which application threads were stopped: 0.0694410 seconds, Stopping threads took: 0.0688380 seconds
300.404: Application time: 0.0007380 seconds
300.447: [GC [PSYoungGen: 7206K->1005K(7680K)] 14914K->14214K(25088K), 0.0017030 secs] [Times: user=0.01 sys=0.00, real=0.00 secs] 
300.449: [Full GC [PSYoungGen: 1005K->0K(7680K)] [ParOldGen: 13208K->7609K(17408K)] 14214K->7609K(25088K) [PSPermGen: 5142K->5142K(21504K)], 0.0054010 secs] [Times: user=0.02 sys=0.00, real=0.01 secs] 
300.454: Total time for which application threads were stopped: 0.0508860 seconds, Stopping threads took: 0.0436520 seconds
300.532: Application time: 0.0770720 seconds
300.594: [GC [PSYoungGen: 6656K->160K(7680K)] 14265K->7769K(25088K), 0.0003630 secs] [Times: user=0.00 sys=0.00, real=0.00 secs] 
300.594: Total time for which application threads were stopped: 0.0629660 seconds, Stopping threads took: 0.0625350 seconds
300.595: Application time: 0.0008850 seconds
300.596: [GC [PSYoungGen: 6798K->1005K(7680K)] 14408K->14385K(25088K), 0.0041250 secs] [Times: user=0.03 sys=0.00, real=0.00 secs] 
300.600: [Full GC [PSYoungGen: 1005K->0K(7680K)] [ParOldGen: 13380K->7903K(17408K)] 14385K->7903K(25088K) [PSPermGen: 5142K->5142K(21504K)], 0.0049470 secs] [Times: user=0.02 sys=0.00, real=0.01 secs] 
300.605: Total time for which application threads were stopped: 0.0093350 seconds, Stopping threads took: 0.0001380 seconds
300.684: Application time: 0.0789160 seconds
300.746: [GC [PSYoungGen: 6559K->419K(7680K)] 14462K->8322K(25088K), 0.0004480 secs] [Times: user=0.00 sys=0.00, real=0.00 secs] 
300.747: Total time for which application threads were stopped: 0.0629180 seconds, Stopping threads took: 0.0624060 seconds
300.747: Application time: 0.0007120 seconds
300.747: [GC [PSYoungGen: 6979K->1008K(7680K)] 14882K->14729K(25088K), 0.0020350 secs] [Times: user=0.01 sys=0.00, real=0.01 secs] 
300.750: [Full GC [PSYoungGen: 1008K->0K(7680K)] [ParOldGen: 13721K->8098K(17408K)] 14729K->8098K(25088K) [PSPermGen: 5142K->5142K(21504K)], 0.0049190 secs] [Times: user=0.03 sys=0.00, real=0.00 secs] 
300.755: Total time for which application threads were stopped: 0.0072350 seconds, Stopping threads took: 0.0001530 seconds
300.838: Application time: 0.0839720 seconds
300.906: [GC [PSYoungGen: 6637K->646K(7680K)] 14736K->8744K(25088K), 0.0004130 secs] [Times: user=0.00 sys=0.00, real=0.00 secs] 
300.906: [Full GC [PSYoungGen: 646K->0K(7680K)] [ParOldGen: 8098K->1956K(17408K)] 8744K->1956K(25088K) [PSPermGen: 5142K->5142K(21504K)], 0.0039090 secs] [Times: user=0.01 sys=0.00, real=0.01 secs] 
300.910: Total time for which application threads were stopped: 0.0718190 seconds, Stopping threads took: 0.0673880 seconds
300.912: Application time: 0.0012290 seconds
300.912: [GC [PSYoungGen: 6462K->1005K(7680K)] 8418K->8633K(25088K), 0.0018170 secs] [Times: user=0.01 sys=0.00, real=0.00 secs] 
300.914: [Full GC [PSYoungGen: 1005K->0K(7680K)] [ParOldGen: 7628K->8195K(17408K)] 8633K->8195K(25088K) [PSPermGen: 5142K->5142K(21504K)], 0.0050070 secs] [Times: user=0.03 sys=0.00, real=0.00 secs] 
300.919: Total time for which application threads were stopped: 0.0071240 seconds, Stopping threads took: 0.0001650 seconds
301.024: Application time: 0.1055330 seconds
301.085: [GC [PSYoungGen: 6462K->614K(7680K)] 14658K->8810K(25088K), 0.0005490 secs] [Times: user=0.00 sys=0.00, real=0.00 secs] 
301.086: [Full GC [PSYoungGen: 614K->0K(7680K)] [ParOldGen: 8195K->1946K(17408K)] 8810K->1946K(25088K) [PSPermGen: 5142K->5142K(21504K)], 0.0037600 secs] [Times: user=0.01 sys=0.00, real=0.01 secs] 
301.090: Total time for which application threads were stopped: 0.0654630 seconds, Stopping threads took: 0.0610360 seconds
301.091: Application time: 0.0013270 seconds
301.135: [GC [PSYoungGen: 6560K->1005K(7680K)] 8506K->8038K(25088K), 0.0017630 secs] [Times: user=0.02 sys=0.01, real=0.00 secs] 
301.137: Total time for which application threads were stopped: 0.0455210 seconds, Stopping threads took: 0.0436870 seconds
301.211: Application time: 0.0741020 seconds
301.256: [GC [PSYoungGen: 7369K->646K(7680K)] 14402K->7679K(25088K), 0.0004550 secs] [Times: user=0.01 sys=0.00, real=0.00 secs] 
301.257: Total time for which application threads were stopped: 0.0461880 seconds, Stopping threads took: 0.0456640 seconds
301.258: Application time: 0.0008560 seconds
301.297: [GC [PSYoungGen: 7109K->1005K(7680K)] 14141K->13026K(25088K), 0.0016390 secs] [Times: user=0.01 sys=0.00, real=0.00 secs] 
301.299: [Full GC [PSYoungGen: 1005K->0K(7680K)] [ParOldGen: 12021K->7121K(17408K)] 13026K->7121K(25088K) [PSPermGen: 5142K->5142K(21504K)], 0.0049770 secs] [Times: user=0.02 sys=0.01, real=0.01 secs] 
301.304: Total time for which application threads were stopped: 0.0464520 seconds, Stopping threads took: 0.0397140 seconds
301.379: Application time: 0.0746520 seconds
301.425: [GC [PSYoungGen: 6462K->614K(7680K)] 13583K->7736K(25088K), 0.0004540 secs] [Times: user=0.00 sys=0.00, real=0.00 secs] 
301.425: Total time for which application threads were stopped: 0.0465730 seconds, Stopping threads took: 0.0460490 seconds
301.426: Application time: 0.0008030 seconds
301.470: [GC [PSYoungGen: 7253K->1005K(7680K)] 14374K->13205K(25088K), 0.0016040 secs] [Times: user=0.02 sys=0.00, real=0.00 secs] 
301.472: [Full GC [PSYoungGen: 1005K->0K(7680K)] [ParOldGen: 12200K->7219K(17408K)] 13205K->7219K(25088K) [PSPermGen: 5142K->5142K(21504K)], 0.0051170 secs] [Times: user=0.02 sys=0.00, real=0.00 secs] 
301.477: Total time for which application threads were stopped: 0.0505680 seconds, Stopping threads took: 0.0437290 seconds
301.551: Application time: 0.0742130 seconds
301.596: [GC [PSYoungGen: 6442K->582K(7680K)] 13662K->7802K(25088K), 0.0004520 secs] [Times: user=0.00 sys=0.00, real=0.00 secs] 
301.597: Total time for which application threads were stopped: 0.0457590 seconds, Stopping threads took: 0.0452330 seconds
301.598: Application time: 0.0012130 seconds
301.664: [GC [PSYoungGen: 7218K->939K(7680K)] 14438K->10112K(25088K), 0.0012500 secs] [Times: user=0.01 sys=0.00, real=0.00 secs] 
301.665: [Full GC [PSYoungGen: 939K->0K(7680K)] [ParOldGen: 9172K->3997K(17408K)] 10112K->3997K(25088K) [PSPermGen: 5142K->5142K(21504K)], 0.0041830 secs] [Times: user=0.02 sys=0.00, real=0.01 secs] 
301.669: Total time for which application threads were stopped: 0.0715250 seconds, Stopping threads took: 0.0659700 seconds
301.747: Application time: 0.0770990 seconds
301.759: [GC [PSYoungGen: 6443K->646K(7680K)] 10440K->4643K(25088K), 0.0004600 secs] [Times: user=0.00 sys=0.00, real=0.00 secs] 
301.760: Total time for which application threads were stopped: 0.0131360 seconds, Stopping threads took: 0.0126070 seconds
301.760: Application time: 0.0007190 seconds
301.803: [GC [PSYoungGen: 7285K->1006K(7680K)] 11282K->10028K(25088K), 0.0019060 secs] [Times: user=0.01 sys=0.00, real=0.00 secs] 
301.805: [Full GC [PSYoungGen: 1006K->0K(7680K)] [ParOldGen: 9022K->7219K(17408K)] 10028K->7219K(25088K) [PSPermGen: 5142K->5142K(21504K)], 0.0046460 secs] [Times: user=0.02 sys=0.00, real=0.01 secs] 
301.810: Total time for which application threads were stopped: 0.0492990 seconds, Stopping threads took: 0.0425900 seconds
301.885: Application time: 0.0750410 seconds
301.931: [GC [PSYoungGen: 6540K->841K(7680K)] 13760K->9038K(25088K), 0.0008410 secs] [Times: user=0.01 sys=0.00, real=0.00 secs] 
301.931: Total time for which application threads were stopped: 0.0466730 seconds, Stopping threads took: 0.0457620 seconds
301.932: Application time: 0.0010770 seconds
301.991: [GC [PSYoungGen: 7402K->1005K(7680K)] 15598K->13303K(25088K), 0.0016240 secs] [Times: user=0.01 sys=0.00, real=0.00 secs] 
301.993: [Full GC [PSYoungGen: 1005K->0K(7680K)] [ParOldGen: 12298K->6243K(17408K)] 13303K->6243K(25088K) [PSPermGen: 5142K->5142K(21504K)], 0.0047880 secs] [Times: user=0.02 sys=0.00, real=0.00 secs] 
301.998: Total time for which application threads were stopped: 0.0650590 seconds, Stopping threads took: 0.0585190 seconds
302.077: Application time: 0.0795480 seconds
302.130: [GC [PSYoungGen: 6560K->841K(7680K)] 12803K->8257K(25088K), 0.0007750 secs] [Times: user=0.00 sys=0.00, real=0.00 secs] 
302.131: Total time for which application threads were stopped: 0.0539580 seconds, Stopping threads took: 0.0531060 seconds
302.132: Application time: 0.0011280 seconds
302.201: [GC [PSYoungGen: 7401K->1005K(7680K)] 14817K->12725K(25088K), 0.0017780 secs] [Times: user=0.01 sys=0.00, real=0.01 secs] 
302.202: [Full GC [PSYoungGen: 1005K->0K(7680K)] [ParOldGen: 11720K->6438K(17408K)] 12725K->6438K(25088K) [PSPermGen: 5142K->5142K(21504K)], 0.0045860 secs] [Times: user=0.02 sys=0.00, real=0.00 secs] 
302.207: Total time for which application threads were stopped: 0.0748500 seconds, Stopping threads took: 0.0683560 seconds
302.280: Application time: 0.0725200 seconds
302.324: [GC [PSYoungGen: 6656K->875K(7680K)] 13094K->8681K(25088K), 0.0008600 secs] [Times: user=0.01 sys=0.00, real=0.00 secs] 
302.325: Total time for which application threads were stopped: 0.0455590 seconds, Stopping threads took: 0.0446270 seconds
302.404: Application time: 0.0789770 seconds
302.421: [GC [PSYoungGen: 7435K->224K(7680K)] 15241K->8030K(25088K), 0.0003390 secs] [Times: user=0.00 sys=0.00, real=0.00 secs] 
302.422: Total time for which application threads were stopped: 0.0176210 seconds, Stopping threads took: 0.0172230 seconds
302.422: Application time: 0.0007210 seconds
302.470: [GC [PSYoungGen: 6879K->1005K(7680K)] 14685K->13604K(25088K), 0.0017300 secs] [Times: user=0.01 sys=0.00, real=0.00 secs] 
302.471: [Full GC [PSYoungGen: 1005K->0K(7680K)] [ParOldGen: 12599K->6927K(17408K)] 13604K->6927K(25088K) [PSPermGen: 5142K->5142K(21504K)], 0.0046800 secs] [Times: user=0.02 sys=0.01, real=0.00 secs] 
302.476: Total time for which application threads were stopped: 0.0536620 seconds, Stopping threads took: 0.0471300 seconds
302.553: Application time: 0.0764980 seconds
302.603: [GC [PSYoungGen: 6540K->419K(7680K)] 13467K->7346K(25088K), 0.0004110 secs] [Times: user=0.00 sys=0.00, real=0.00 secs] 
302.605: Total time for which application threads were stopped: 0.0523480 seconds, Stopping threads took: 0.0506960 seconds
302.606: Application time: 0.0009440 seconds
302.659: [GC [PSYoungGen: 7055K->1005K(7680K)] 13982K->11773K(25088K), 0.0015040 secs] [Times: user=0.01 sys=0.00, real=0.00 secs] 
302.660: [Full GC [PSYoungGen: 1005K->0K(7680K)] [ParOldGen: 10767K->5950K(17408K)] 11773K->5950K(25088K) [PSPermGen: 5142K->5142K(21504K)], 0.0046810 secs] [Times: user=0.02 sys=0.00, real=0.01 secs] 
302.665: Total time for which application threads were stopped: 0.0590790 seconds, Stopping threads took: 0.0527540 seconds
302.750: Application time: 0.0852150 seconds
302.794: [GC [PSYoungGen: 6656K->841K(7680K)] 12606K->7769K(25088K), 0.0006280 secs] [Times: user=0.00 sys=0.00, real=0.00 secs] 
302.794: Total time for which application threads were stopped: 0.0440240 seconds, Stopping threads took: 0.0433260 seconds
302.795: Application time: 0.0011140 seconds
302.838: [GC [PSYoungGen: 7402K->1005K(7680K)] 14329K->13108K(25088K), 0.0019730 secs] [Times: user=0.01 sys=0.00, real=0.00 secs] 
302.840: [Full GC [PSYoungGen: 1005K->0K(7680K)] [ParOldGen: 12103K->7317K(17408K)] 13108K->7317K(25088K) [PSPermGen: 5142K->5142K(21504K)], 0.0047620 secs] [Times: user=0.02 sys=0.00, real=0.01 secs] 
302.845: Total time for which application threads were stopped: 0.0492100 seconds, Stopping threads took: 0.0423340 seconds
302.919: Application time: 0.0748460 seconds
302.965: [GC [PSYoungGen: 6656K->646K(7680K)] 13973K->8355K(25088K), 0.0005090 secs] [Times: user=0.00 sys=0.00, real=0.00 secs] 
302.965: Total time for which application threads were stopped: 0.0460320 seconds, Stopping threads took: 0.0454520 seconds
302.966: Application time: 0.0009560 seconds
303.008: [GC [PSYoungGen: 7206K->1005K(7680K)] 14915K->14190K(25088K), 0.0019590 secs] [Times: user=0.01 sys=0.00, real=0.01 secs] 
303.010: [Full GC [PSYoungGen: 1005K->0K(7680K)] [ParOldGen: 13185K->7610K(17408K)] 14190K->7610K(25088K) [PSPermGen: 5142K->5142K(21504K)], 0.0049800 secs] [Times: user=0.03 sys=0.00, real=0.00 secs] 
303.015: Total time for which application threads were stopped: 0.0481940 seconds, Stopping threads took: 0.0411250 seconds
303.100: Application time: 0.0849380 seconds
303.150: [GC [PSYoungGen: 6656K->939K(7680K)] 14266K->8940K(25088K), 0.0005700 secs] [Times: user=0.01 sys=0.00, real=0.00 secs] 
303.151: Total time for which application threads were stopped: 0.0513400 seconds, Stopping threads took: 0.0507050 seconds
303.152: Application time: 0.0010080 seconds
303.206: [GC [PSYoungGen: 7578K->1005K(7680K)] 15579K->13694K(25088K), 0.0017160 secs] [Times: user=0.01 sys=0.00, real=0.00 secs] 
303.208: [Full GC [PSYoungGen: 1005K->0K(7680K)] [ParOldGen: 12689K->6829K(17408K)] 13694K->6829K(25088K) [PSPermGen: 5142K->5142K(21504K)], 0.0048720 secs] [Times: user=0.02 sys=0.00, real=0.01 secs] 
303.213: Total time for which application threads were stopped: 0.0610840 seconds, Stopping threads took: 0.0543400 seconds
303.304: Application time: 0.0908070 seconds
303.357: [GC [PSYoungGen: 6559K->451K(7680K)] 13389K->7280K(25088K), 0.0003950 secs] [Times: user=0.00 sys=0.00, real=0.00 secs] 
303.358: Total time for which application threads were stopped: 0.0539790 seconds, Stopping threads took: 0.0535220 seconds
303.359: Application time: 0.0007300 seconds
303.359: [GC [PSYoungGen: 7011K->1006K(7680K)] 13840K->13728K(25088K), 0.0020160 secs] [Times: user=0.02 sys=0.00, real=0.00 secs] 
303.361: [Full GC [PSYoungGen: 1006K->0K(7680K)] [ParOldGen: 12721K->8098K(17408K)] 13728K->8098K(25088K) [PSPermGen: 5142K->5142K(21504K)], 0.0049060 secs] [Times: user=0.02 sys=0.00, real=0.01 secs] 
303.366: Total time for which application threads were stopped: 0.0071910 seconds, Stopping threads took: 0.0001460 seconds
303.445: Application time: 0.0797200 seconds
303.503: [GC [PSYoungGen: 6520K->939K(7680K)] 14619K->9624K(25088K), 0.0007670 secs] [Times: user=0.01 sys=0.00, real=0.00 secs] 
303.503: [Full GC [PSYoungGen: 939K->0K(7680K)] [ParOldGen: 8684K->2630K(17408K)] 9624K->2630K(25088K) [PSPermGen: 5142K->5142K(21504K)], 0.0040700 secs] [Times: user=0.01 sys=0.00, real=0.00 secs] 
303.507: Total time for which application threads were stopped: 0.0620460 seconds, Stopping threads took: 0.0570900 seconds
303.509: Application time: 0.0011780 seconds
303.561: [GC [PSYoungGen: 6656K->1005K(7680K)] 9286K->8616K(25088K), 0.0018860 secs] [Times: user=0.01 sys=0.00, real=0.00 secs] 
303.563: Total time for which application threads were stopped: 0.0545180 seconds, Stopping threads took: 0.0525480 seconds
303.642: Application time: 0.0785940 seconds
303.692: [GC [PSYoungGen: 7467K->582K(7680K)] 15079K->8194K(25088K), 0.0005920 secs] [Times: user=0.00 sys=0.00, real=0.00 secs] 
303.693: Total time for which application threads were stopped: 0.0510710 seconds, Stopping threads took: 0.0504160 seconds
303.694: Application time: 0.0008360 seconds
303.748: [GC [PSYoungGen: 7123K->1006K(7680K)] 14734K->13557K(25088K), 0.0017770 secs] [Times: user=0.01 sys=0.00, real=0.01 secs] 
303.750: [Full GC [PSYoungGen: 1006K->0K(7680K)] [ParOldGen: 12550K->7122K(17408K)] 13557K->7122K(25088K) [PSPermGen: 5142K->5142K(21504K)], 0.0049660 secs] [Times: user=0.02 sys=0.00, real=0.00 secs] 
303.755: Total time for which application threads were stopped: 0.0608670 seconds, Stopping threads took: 0.0539790 seconds
303.830: Application time: 0.0759220 seconds
303.876: [GC [PSYoungGen: 6462K->973K(7680K)] 13584K->9853K(25088K), 0.0009600 secs] [Times: user=0.01 sys=0.00, real=0.00 secs] 
303.877: [Full GC [PSYoungGen: 973K->0K(7680K)] [ParOldGen: 8880K->3900K(17408K)] 9853K->3900K(25088K) [PSPermGen: 5142K->5142K(21504K)], 0.0042140 secs] [Times: user=0.01 sys=0.00, real=0.01 secs] 
303.881: Total time for which application threads were stopped: 0.0508690 seconds, Stopping threads took: 0.0455540 seconds
303.959: Application time: 0.0771900 seconds
303.972: [GC [PSYoungGen: 6540K->646K(7680K)] 10441K->4546K(25088K), 0.0004140 secs] [Times: user=0.00 sys=0.00, real=0.00 secs] 
303.972: Total time for which application threads were stopped: 0.0135680 seconds, Stopping threads took: 0.0130870 seconds
303.973: Application time: 0.0007410 seconds
303.973: [GC [PSYoungGen: 7187K->1005K(7680K)] 11087K->10984K(25088K), 0.0020980 secs] [Times: user=0.02 sys=0.00, real=0.00 secs] 
303.975: [Full GC [PSYoungGen: 1005K->0K(7680K)] [ParOldGen: 9979K->8196K(17408K)] 10984K->8196K(25088K) [PSPermGen: 5142K->5142K(21504K)], 0.0045920 secs] [Times: user=0.02 sys=0.00, real=0.00 secs] 
303.980: Total time for which application threads were stopped: 0.0069670 seconds, Stopping threads took: 0.0001540 seconds
304.061: Application time: 0.0814860 seconds
304.123: [GC [PSYoungGen: 6656K->777K(7680K)] 14852K->8974K(25088K), 0.0007670 secs] [Times: user=0.01 sys=0.00, real=0.00 secs] 
304.124: Total time for which application threads were stopped: 0.0624950 seconds, Stopping threads took: 0.0616630 seconds
304.125: Application time: 0.0009130 seconds
304.169: [GC [PSYoungGen: 7338K->1005K(7680K)] 15535K->14484K(25088K), 0.0019300 secs] [Times: user=0.01 sys=0.00, real=0.01 secs] 
304.170: [Full GC [PSYoungGen: 1005K->0K(7680K)] [ParOldGen: 13478K->7415K(17408K)] 14484K->7415K(25088K) [PSPermGen: 5142K->5142K(21504K)], 0.0050820 secs] [Times: user=0.02 sys=0.00, real=0.00 secs] 
304.176: Total time for which application threads were stopped: 0.0509200 seconds, Stopping threads took: 0.0437580 seconds
304.252: Application time: 0.0765860 seconds
304.316: [GC [PSYoungGen: 6638K->841K(7680K)] 14053K->8453K(25088K), 0.0005650 secs] [Times: user=0.00 sys=0.00, real=0.00 secs] 
304.317: Total time for which application threads were stopped: 0.0646290 seconds, Stopping threads took: 0.0639880 seconds
304.318: Application time: 0.0008790 seconds
304.361: [GC [PSYoungGen: 7402K->1005K(7680K)] 15013K->14117K(25088K), 0.0018200 secs] [Times: user=0.01 sys=0.00, real=0.01 secs] 
304.363: [Full GC [PSYoungGen: 1005K->0K(7680K)] [ParOldGen: 13112K->7611K(17408K)] 14117K->7611K(25088K) [PSPermGen: 5142K->5142K(21504K)], 0.0049530 secs] [Times: user=0.02 sys=0.00, real=0.00 secs] 
304.368: Total time for which application threads were stopped: 0.0499610 seconds, Stopping threads took: 0.0430620 seconds
304.442: Application time: 0.0743980 seconds
304.487: [GC [PSYoungGen: 6559K->941K(7680K)] 14171K->8747K(25088K), 0.0005750 secs] [Times: user=0.01 sys=0.00, real=0.00 secs] 
304.487: Total time for which application threads were stopped: 0.0453550 seconds, Stopping threads took: 0.0446890 seconds
304.488: Application time: 0.0008510 seconds
304.531: [GC [PSYoungGen: 7501K->1005K(7680K)] 15308K->14484K(25088K), 0.0020700 secs] [Times: user=0.01 sys=0.00, real=0.00 secs] 
304.533: [Full GC [PSYoungGen: 1005K->0K(7680K)] [ParOldGen: 13478K->7806K(17408K)] 14484K->7806K(25088K) [PSPermGen: 5142K->5142K(21504K)], 0.0049020 secs] [Times: user=0.02 sys=0.01, real=0.00 secs] 
304.538: Total time for which application threads were stopped: 0.0497680 seconds, Stopping threads took: 0.0426450 seconds
304.617: Application time: 0.0791430 seconds
304.679: [GC [PSYoungGen: 6638K->1005K(7680K)] 14444K->9202K(25088K), 0.0006910 secs] [Times: user=0.00 sys=0.00, real=0.00 secs] 
304.680: [Full GC [PSYoungGen: 1005K->0K(7680K)] [ParOldGen: 8197K->2737K(17408K)] 9202K->2737K(25088K) [PSPermGen: 5142K->5142K(21504K)], 0.0037920 secs] [Times: user=0.01 sys=0.00, real=0.01 secs] 
304.683: Total time for which application threads were stopped: 0.0661460 seconds, Stopping threads took: 0.0615290 seconds
304.685: Application time: 0.0012310 seconds
304.728: [GC [PSYoungGen: 6560K->1005K(7680K)] 9297K->8528K(25088K), 0.0018720 secs] [Times: user=0.01 sys=0.00, real=0.01 secs] 
304.730: Total time for which application threads were stopped: 0.0455850 seconds, Stopping threads took: 0.0436300 seconds
304.804: Application time: 0.0739490 seconds
304.849: [GC [PSYoungGen: 7369K->1005K(7680K)] 14892K->8918K(25088K), 0.0005940 secs] [Times: user=0.00 sys=0.00, real=0.00 secs] 
304.850: Total time for which application threads were stopped: 0.0458090 seconds, Stopping threads took: 0.0451390 seconds
304.851: Application time: 0.0010540 seconds
304.894: [GC [PSYoungGen: 7565K->1005K(7680K)] 15478K->13704K(25088K), 0.0018210 secs] [Times: user=0.02 sys=0.00, real=0.00 secs] 
304.896: [Full GC [PSYoungGen: 1005K->0K(7680K)] [ParOldGen: 12698K->6927K(17408K)] 13704K->6927K(25088K) [PSPermGen: 5142K->5142K(21504K)], 0.0048420 secs] [Times: user=0.01 sys=0.00, real=0.01 secs] 
304.901: Total time for which application threads were stopped: 0.0501890 seconds, Stopping threads took: 0.0433860 seconds
304.974: Application time: 0.0731860 seconds
305.020: [GC [PSYoungGen: 6656K->907K(7680K)] 13583K->8616K(25088K), 0.0006590 secs] [Times: user=0.01 sys=0.00, real=0.00 secs] 
305.020: Total time for which application threads were stopped: 0.0460020 seconds, Stopping threads took: 0.0452710 seconds
305.022: Application time: 0.0012150 seconds
305.065: [GC [PSYoungGen: 7563K->1005K(7680K)] 15272K->13890K(25088K), 0.0019140 secs] [Times: user=0.02 sys=0.00, real=0.00 secs] 
305.067: [Full GC [PSYoungGen: 1005K->0K(7680K)] [ParOldGen: 12885K->7318K(17408K)] 13890K->7318K(25088K) [PSPermGen: 5142K->5142K(21504K)], 0.0049200 secs] [Times: user=0.02 sys=0.00, real=0.01 secs] 
305.072: Total time for which application threads were stopped: 0.0507730 seconds, Stopping threads took: 0.0438090 seconds
305.150: Application time: 0.0776720 seconds
305.202: [GC [PSYoungGen: 6540K->939K(7680K)] 13858K->9234K(25088K), 0.0007320 secs] [Times: user=0.00 sys=0.00, real=0.00 secs] 
305.202: [Full GC [PSYoungGen: 939K->0K(7680K)] [ParOldGen: 8294K->3021K(17408K)] 9234K->3021K(25088K) [PSPermGen: 5142K->5142K(21504K)], 0.0041730 secs] [Times: user=0.02 sys=0.00, real=0.00 secs] 
305.207: Total time for which application threads were stopped: 0.0566610 seconds, Stopping threads took: 0.0516370 seconds
305.208: Application time: 0.0012550 seconds
305.277: [GC [PSYoungGen: 6656K->907K(7680K)] 9677K->7249K(25088K), 0.0014260 secs] [Times: user=0.01 sys=0.00, real=0.00 secs] 
305.278: Total time for which application threads were stopped: 0.0704380 seconds, Stopping threads took: 0.0689290 seconds
305.349: Application time: 0.0709630 seconds
305.395: [GC [PSYoungGen: 7448K->973K(7680K)] 13790K->7315K(25088K), 0.0005490 secs] [Times: user=0.00 sys=0.00, real=0.00 secs] 
305.396: Total time for which application threads were stopped: 0.0463150 seconds, Stopping threads took: 0.0456880 seconds
305.397: Application time: 0.0008680 seconds
305.440: [GC [PSYoungGen: 7533K->1005K(7680K)] 13875K->12824K(25088K), 0.0018790 secs] [Times: user=0.02 sys=0.00, real=0.01 secs] 
305.442: [Full GC [PSYoungGen: 1005K->0K(7680K)] [ParOldGen: 11819K->7611K(17408K)] 12824K->7611K(25088K) [PSPermGen: 5142K->5142K(21504K)], 0.0048410 secs] [Times: user=0.02 sys=0.00, real=0.00 secs] 
305.447: Total time for which application threads were stopped: 0.0504210 seconds, Stopping threads took: 0.0435820 seconds
305.524: Application time: 0.0773420 seconds
305.587: [GC [PSYoungGen: 6656K->160K(7680K)] 14267K->7771K(25088K), 0.0005930 secs] [Times: user=0.00 sys=0.00, real=0.00 secs] 
305.587: Total time for which application threads were stopped: 0.0631140 seconds, Stopping threads took: 0.0624540 seconds
305.588: Application time: 0.0008310 seconds
305.588: [GC [PSYoungGen: 6776K->955K(7680K)] 14388K->14329K(25088K), 0.0018470 secs] [Times: user=0.01 sys=0.00, real=0.01 secs] 
305.590: [Full GC [PSYoungGen: 955K->0K(7680K)] [ParOldGen: 13373K->7806K(17408K)] 14329K->7806K(25088K) [PSPermGen: 5142K->5142K(21504K)], 0.0051820 secs] [Times: user=0.02 sys=0.00, real=0.00 secs] 
305.596: Total time for which application threads were stopped: 0.0073190 seconds, Stopping threads took: 0.0001610 seconds
305.677: Application time: 0.0811490 seconds
305.738: [GC [PSYoungGen: 6540K->160K(7680K)] 14347K->7966K(25088K), 0.0004150 secs] [Times: user=0.00 sys=0.00, real=0.00 secs] 
305.739: Total time for which application threads were stopped: 0.0621110 seconds, Stopping threads took: 0.0616140 seconds
305.740: Application time: 0.0008240 seconds
305.740: [GC [PSYoungGen: 6798K->1006K(7680K)] 14605K->14550K(25088K), 0.0020300 secs] [Times: user=0.02 sys=0.00, real=0.01 secs] 
305.742: [Full GC [PSYoungGen: 1006K->0K(7680K)] [ParOldGen: 13543K->7904K(17408K)] 14550K->7904K(25088K) [PSPermGen: 5142K->5142K(21504K)], 0.0051000 secs] [Times: user=0.02 sys=0.00, real=0.00 secs] 
305.747: Total time for which application threads were stopped: 0.0074930 seconds, Stopping threads took: 0.0002430 seconds
305.850: Application time: 0.1027300 seconds
305.902: [GC [PSYoungGen: 6559K->419K(7680K)] 14464K->8323K(25088K), 0.0003830 secs] [Times: user=0.00 sys=0.00, real=0.00 secs] 
305.903: Total time for which application threads were stopped: 0.0528110 seconds, Stopping threads took: 0.0523560 seconds
305.904: Application time: 0.0008120 seconds
305.904: [GC [PSYoungGen: 6979K->1006K(7680K)] 14883K->14803K(25088K), 0.0020290 secs] [Times: user=0.01 sys=0.00, real=0.00 secs] 
305.906: [Full GC [PSYoungGen: 1006K->0K(7680K)] [ParOldGen: 13796K->8099K(17408K)] 14803K->8099K(25088K) [PSPermGen: 5142K->5142K(21504K)], 0.0049440 secs] [Times: user=0.02 sys=0.00, real=0.01 secs] 
305.911: Total time for which application threads were stopped: 0.0071740 seconds, Stopping threads took: 0.0000720 seconds
305.991: Application time: 0.0807220 seconds
306.053: [GC [PSYoungGen: 6559K->614K(7680K)] 14659K->8714K(25088K), 0.0004350 secs] [Times: user=0.00 sys=0.00, real=0.00 secs] 
306.054: [Full GC [PSYoungGen: 614K->0K(7680K)] [ParOldGen: 8099K->1927K(17408K)] 8714K->1927K(25088K) [PSPermGen: 5142K->5142K(21504K)], 0.0036770 secs] [Times: user=0.01 sys=0.00, real=0.00 secs] 
306.057: Total time for which application threads were stopped: 0.0658930 seconds, Stopping threads took: 0.0616690 seconds
306.059: Application time: 0.0012140 seconds
306.101: [GC [PSYoungGen: 6638K->1005K(7680K)] 8566K->8019K(25088K), 0.0018630 secs] [Times: user=0.02 sys=0.00, real=0.01 secs] 
306.103: Total time for which application threads were stopped: 0.0444350 seconds, Stopping threads took: 0.0424930 seconds
306.177: Application time: 0.0743380 seconds
306.222: [GC [PSYoungGen: 7369K->907K(7680K)] 14383K->8702K(25088K), 0.0007520 secs] [Times: user=0.01 sys=0.00, real=0.00 secs] 
306.223: Total time for which application threads were stopped: 0.0455500 seconds, Stopping threads took: 0.0447080 seconds
306.224: Application time: 0.0010840 seconds
306.278: [GC [PSYoungGen: 7563K->1005K(7680K)] 15358K->12902K(25088K), 0.0016790 secs] [Times: user=0.01 sys=0.00, real=0.00 secs] 
306.280: [Full GC [PSYoungGen: 1005K->0K(7680K)] [ParOldGen: 11897K->6244K(17408K)] 12902K->6244K(25088K) [PSPermGen: 5142K->5142K(21504K)], 0.0046820 secs] [Times: user=0.02 sys=0.01, real=0.01 secs] 
306.285: Total time for which application threads were stopped: 0.0608110 seconds, Stopping threads took: 0.0543280 seconds
306.370: Application time: 0.0847730 seconds
306.425: [GC [PSYoungGen: 6656K->941K(7680K)] 12900K->7185K(25088K), 0.0005140 secs] [Times: user=0.00 sys=0.00, real=0.00 secs] 
306.426: Total time for which application threads were stopped: 0.0559820 seconds, Stopping threads took: 0.0553910 seconds
306.427: Application time: 0.0009860 seconds
306.470: [GC [PSYoungGen: 7579K->1005K(7680K)] 13824K->12751K(25088K), 0.0020780 secs] [Times: user=0.01 sys=0.00, real=0.00 secs] 
306.472: [Full GC [PSYoungGen: 1005K->0K(7680K)] [ParOldGen: 11745K->7611K(17408K)] 12751K->7611K(25088K) [PSPermGen: 5142K->5142K(21504K)], 0.0047740 secs] [Times: user=0.03 sys=0.00, real=0.00 secs] 
306.477: Total time for which application threads were stopped: 0.0505640 seconds, Stopping threads took: 0.0435860 seconds
306.580: Application time: 0.1026220 seconds
306.639: [GC [PSYoungGen: 6656K->192K(7680K)] 14267K->7803K(25088K), 0.0007260 secs] [Times: user=0.00 sys=0.00, real=0.00 secs] 
306.639: Total time for which application threads were stopped: 0.0597300 seconds, Stopping threads took: 0.0589160 seconds
306.640: Application time: 0.0008350 seconds
306.641: [GC [PSYoungGen: 6752K->1006K(7680K)] 14364K->14315K(25088K), 0.0020300 secs] [Times: user=0.02 sys=0.00, real=0.01 secs] 
306.643: [Full GC [PSYoungGen: 1006K->0K(7680K)] [ParOldGen: 13308K->7904K(17408K)] 14315K->7904K(25088K) [PSPermGen: 5142K->5142K(21504K)], 0.0049870 secs] [Times: user=0.02 sys=0.00, real=0.00 secs] 
306.648: Total time for which application threads were stopped: 0.0073410 seconds, Stopping threads took: 0.0001980 seconds
306.727: Application time: 0.0792580 seconds
306.788: [GC [PSYoungGen: 6559K->419K(7680K)] 14464K->8323K(25088K), 0.0004690 secs] [Times: user=0.00 sys=0.00, real=0.00 secs] 
306.788: Total time for which application threads were stopped: 0.0614360 seconds, Stopping threads took: 0.0608960 seconds
306.789: Application time: 0.0007470 seconds
306.789: [GC [PSYoungGen: 6764K->1006K(7680K)] 14669K->14526K(25088K), 0.0018720 secs] [Times: user=0.01 sys=0.01, real=0.00 secs] 
306.791: [Full GC [PSYoungGen: 1006K->0K(7680K)] [ParOldGen: 13519K->7807K(17408K)] 14526K->7807K(25088K) [PSPermGen: 5142K->5142K(21504K)], 0.0052300 secs] [Times: user=0.02 sys=0.00, real=0.00 secs] 
306.797: Total time for which application threads were stopped: 0.0074560 seconds, Stopping threads took: 0.0002280 seconds
306.876: Application time: 0.0794330 seconds
306.937: [GC [PSYoungGen: 6656K->387K(7680K)] 14463K->8194K(25088K), 0.0004170 secs] [Times: user=0.00 sys=0.00, real=0.00 secs] 
306.938: Total time for which application threads were stopped: 0.0617510 seconds, Stopping threads took: 0.0612510 seconds
306.938: Application time: 0.0007220 seconds
306.939: [GC [PSYoungGen: 6947K->1008K(7680K)] 14754K->14633K(25088K), 0.0018770 secs] [Times: user=0.01 sys=0.00, real=0.00 secs] 
306.941: [Full GC [PSYoungGen: 1008K->0K(7680K)] [ParOldGen: 13625K->8100K(17408K)] 14633K->8100K(25088K) [PSPermGen: 5142K->5142K(21504K)], 0.0050320 secs] [Times: user=0.03 sys=0.00, real=0.01 secs] 
306.946: Total time for which application threads were stopped: 0.0072360 seconds, Stopping threads took: 0.0002020 seconds
307.024: Application time: 0.0786560 seconds
307.087: [GC [PSYoungGen: 6638K->646K(7680K)] 14738K->8746K(25088K), 0.0006040 secs] [Times: user=0.01 sys=0.00, real=0.00 secs] 
307.088: [Full GC [PSYoungGen: 646K->0K(7680K)] [ParOldGen: 8100K->1956K(17408K)] 8746K->1956K(25088K) [PSPermGen: 5142K->5142K(21504K)], 0.0038100 secs] [Times: user=0.01 sys=0.00, real=0.01 secs] 
307.092: Total time for which application threads were stopped: 0.0672840 seconds, Stopping threads took: 0.0627600 seconds
307.093: Application time: 0.0014090 seconds
307.137: [GC [PSYoungGen: 6560K->1005K(7680K)] 8516K->8047K(25088K), 0.0018150 secs] [Times: user=0.01 sys=0.00, real=0.00 secs] 
307.139: Total time for which application threads were stopped: 0.0456540 seconds, Stopping threads took: 0.0437770 seconds
307.216: Application time: 0.0775850 seconds
307.258: [GC [PSYoungGen: 7369K->646K(7680K)] 14412K->7689K(25088K), 0.0004000 secs] [Times: user=0.01 sys=0.00, real=0.00 secs] 
307.258: Total time for which application threads were stopped: 0.0421610 seconds, Stopping threads took: 0.0416910 seconds
307.261: Application time: 0.0030040 seconds
307.329: [GC [PSYoungGen: 7109K->614K(7680K)] 14151K->7657K(25088K), 0.0004200 secs] [Times: user=0.00 sys=0.00, real=0.01 secs] 
307.329: Total time for which application threads were stopped: 0.0677240 seconds, Stopping threads took: 0.0672270 seconds
307.330: Application time: 0.0006150 seconds
307.373: [GC [PSYoungGen: 7155K->1006K(7680K)] 14197K->12964K(25088K), 0.0015420 secs] [Times: user=0.01 sys=0.01, real=0.00 secs] 
307.375: [Full GC [PSYoungGen: 1006K->0K(7680K)] [ParOldGen: 11957K->7123K(17408K)] 12964K->7123K(25088K) [PSPermGen: 5142K->5142K(21504K)], 0.0048030 secs] [Times: user=0.03 sys=0.00, real=0.00 secs] 
307.380: Total time for which application threads were stopped: 0.0500800 seconds, Stopping threads took: 0.0436210 seconds
307.453: Application time: 0.0735170 seconds
307.498: [GC [PSYoungGen: 6618K->1005K(7680K)] 13742K->9894K(25088K), 0.0010630 secs] [Times: user=0.01 sys=0.00, real=0.00 secs] 
307.499: [Full GC [PSYoungGen: 1005K->0K(7680K)] [ParOldGen: 8889K->3901K(17408K)] 9894K->3901K(25088K) [PSPermGen: 5142K->5142K(21504K)], 0.0042230 secs] [Times: user=0.01 sys=0.00, real=0.01 secs] 
307.504: Total time for which application threads were stopped: 0.0501910 seconds, Stopping threads took: 0.0447730 seconds
307.581: Application time: 0.0773470 seconds
307.594: [GC [PSYoungGen: 6540K->646K(7680K)] 10441K->4547K(25088K), 0.0004140 secs] [Times: user=0.00 sys=0.00, real=0.00 secs] 
307.595: Total time for which application threads were stopped: 0.0138520 seconds, Stopping threads took: 0.0133770 seconds
307.596: Application time: 0.0007760 seconds
307.639: [GC [PSYoungGen: 7109K->1006K(7680K)] 11010K->9823K(25088K), 0.0019570 secs] [Times: user=0.01 sys=0.00, real=0.01 secs] 
307.641: [Full GC [PSYoungGen: 1006K->0K(7680K)] [ParOldGen: 8816K->7123K(17408K)] 9823K->7123K(25088K) [PSPermGen: 5142K->5142K(21504K)], 0.0046220 secs] [Times: user=0.02 sys=0.00, real=0.00 secs] 
307.646: Total time for which application threads were stopped: 0.0505290 seconds, Stopping threads took: 0.0438150 seconds
307.721: Application time: 0.0746570 seconds
307.765: [GC [PSYoungGen: 6462K->614K(7680K)] 13586K->7738K(25088K), 0.0004740 secs] [Times: user=0.01 sys=0.00, real=0.00 secs] 
307.766: Total time for which application threads were stopped: 0.0449890 seconds, Stopping threads took: 0.0444500 seconds
307.767: Application time: 0.0008580 seconds
307.810: [GC [PSYoungGen: 7253K->939K(7680K)] 14376K->13239K(25088K), 0.0018800 secs] [Times: user=0.02 sys=0.00, real=0.00 secs] 
307.812: [Full GC [PSYoungGen: 939K->0K(7680K)] [ParOldGen: 12299K->7221K(17408K)] 13239K->7221K(25088K) [PSPermGen: 5142K->5142K(21504K)], 0.0048340 secs] [Times: user=0.02 sys=0.00, real=0.00 secs] 
307.817: Total time for which application threads were stopped: 0.0505050 seconds, Stopping threads took: 0.0436650 seconds
307.891: Application time: 0.0736840 seconds
307.936: [GC [PSYoungGen: 6656K->875K(7680K)] 13877K->10245K(25088K), 0.0010060 secs] [Times: user=0.01 sys=0.00, real=0.00 secs] 
307.937: [Full GC [PSYoungGen: 875K->0K(7680K)] [ParOldGen: 9370K->4194K(17408K)] 10245K->4194K(25088K) [PSPermGen: 5142K->5142K(21504K)], 0.0044830 secs] [Times: user=0.01 sys=0.01, real=0.01 secs] 
307.942: Total time for which application threads were stopped: 0.0508150 seconds, Stopping threads took: 0.0452070 seconds
308.021: Application time: 0.0788940 seconds
308.034: [GC [PSYoungGen: 6560K->909K(7680K)] 10754K->5103K(25088K), 0.0006470 secs] [Times: user=0.00 sys=0.00, real=0.00 secs] 
308.035: Total time for which application threads were stopped: 0.0141370 seconds, Stopping threads took: 0.0133990 seconds
308.038: Application time: 0.0030510 seconds
308.105: [GC [PSYoungGen: 7565K->941K(7680K)] 11759K->5331K(25088K), 0.0007310 secs] [Times: user=0.00 sys=0.01, real=0.00 secs] 
308.106: Total time for which application threads were stopped: 0.0679220 seconds, Stopping threads took: 0.0671030 seconds
308.106: Application time: 0.0008270 seconds
308.157: [GC [PSYoungGen: 7501K->939K(7680K)] 11891K->10017K(25088K), 0.0015420 secs] [Times: user=0.01 sys=0.00, real=0.00 secs] 
308.159: [Full GC [PSYoungGen: 939K->0K(7680K)] [ParOldGen: 9077K->6733K(17408K)] 10017K->6733K(25088K) [PSPermGen: 5142K->5142K(21504K)], 0.0047550 secs] [Times: user=0.02 sys=0.00, real=0.01 secs] 
308.164: Total time for which application threads were stopped: 0.0570700 seconds, Stopping threads took: 0.0506290 seconds
308.237: Application time: 0.0733190 seconds
308.280: [GC [PSYoungGen: 6638K->841K(7680K)] 13371K->8161K(25088K), 0.0006320 secs] [Times: user=0.00 sys=0.00, real=0.00 secs] 
308.281: Total time for which application threads were stopped: 0.0440770 seconds, Stopping threads took: 0.0433760 seconds
308.282: Application time: 0.0010210 seconds
308.341: [GC [PSYoungGen: 7402K->939K(7680K)] 14721K->12067K(25088K), 0.0015140 secs] [Times: user=0.00 sys=0.00, real=0.00 secs] 
308.343: [Full GC [PSYoungGen: 939K->0K(7680K)] [ParOldGen: 11128K->5854K(17408K)] 12067K->5854K(25088K) [PSPermGen: 5142K->5142K(21504K)], 0.0045880 secs] [Times: user=0.02 sys=0.00, real=0.00 secs] 
308.348: Total time for which application threads were stopped: 0.0655850 seconds, Stopping threads took: 0.0593610 seconds
308.419: Application time: 0.0717070 seconds
308.422: [GC [PSYoungGen: 6656K->973K(7680K)] 12510K->8585K(25088K), 0.0011190 secs] [Times: user=0.00 sys=0.00, real=0.00 secs] 
308.423: Total time for which application threads were stopped: 0.0038100 seconds, Stopping threads took: 0.0026180 seconds
308.495: Application time: 0.0722820 seconds
308.505: [GC [PSYoungGen: 7435K->550K(7680K)] 15048K->8163K(25088K), 0.0004390 secs] [Times: user=0.00 sys=0.00, real=0.00 secs] 
308.505: Total time for which application threads were stopped: 0.0098070 seconds, Stopping threads took: 0.0092910 seconds
308.506: Application time: 0.0006560 seconds
308.506: [GC [PSYoungGen: 7013K->1008K(7680K)] 14625K->14536K(25088K), 0.0019170 secs] [Times: user=0.01 sys=0.00, real=0.00 secs] 
308.508: [Full GC [PSYoungGen: 1008K->0K(7680K)] [ParOldGen: 13528K->8198K(17408K)] 14536K->8198K(25088K) [PSPermGen: 5142K->5142K(21504K)], 0.0049430 secs] [Times: user=0.02 sys=0.00, real=0.01 secs] 
308.513: Total time for which application threads were stopped: 0.0071430 seconds, Stopping threads took: 0.0001550 seconds
308.595: Application time: 0.0819100 seconds
308.647: [GC [PSYoungGen: 6559K->1005K(7680K)] 14757K->9984K(25088K), 0.0009010 secs] [Times: user=0.00 sys=0.00, real=0.00 secs] 
308.648: Total time for which application threads were stopped: 0.0530050 seconds, Stopping threads took: 0.0520210 seconds
308.649: Application time: 0.0013780 seconds
308.719: [GC [PSYoungGen: 7624K->841K(7680K)] 16603K->10798K(25088K), 0.0007490 secs] [Times: user=0.00 sys=0.00, real=0.00 secs] 
308.719: [Full GC [PSYoungGen: 841K->0K(7680K)] [ParOldGen: 9956K->2925K(17408K)] 10798K->2925K(25088K) [PSPermGen: 5142K->5142K(21504K)], 0.0040470 secs] [Times: user=0.02 sys=0.00, real=0.01 secs] 
308.723: Total time for which application threads were stopped: 0.0741630 seconds, Stopping threads took: 0.0692530 seconds
308.725: Application time: 0.0014040 seconds
308.792: [GC [PSYoungGen: 6462K->939K(7680K)] 9387K->7966K(25088K), 0.0015970 secs] [Times: user=0.01 sys=0.00, real=0.00 secs] 
308.794: Total time for which application threads were stopped: 0.0688430 seconds, Stopping threads took: 0.0671680 seconds
308.866: Application time: 0.0718370 seconds
308.911: [GC [PSYoungGen: 7402K->1005K(7680K)] 14428K->8813K(25088K), 0.0006770 secs] [Times: user=0.00 sys=0.00, real=0.00 secs] 
308.912: Total time for which application threads were stopped: 0.0461370 seconds, Stopping threads took: 0.0453880 seconds
308.913: Application time: 0.0010050 seconds
308.982: [GC [PSYoungGen: 7565K->1005K(7680K)] 15373K->12915K(25088K), 0.0016590 secs] [Times: user=0.01 sys=0.00, real=0.00 secs] 
308.984: [Full GC [PSYoungGen: 1005K->0K(7680K)] [ParOldGen: 11910K->6245K(17408K)] 12915K->6245K(25088K) [PSPermGen: 5142K->5142K(21504K)], 0.0046140 secs] [Times: user=0.02 sys=0.00, real=0.00 secs] 
308.988: Total time for which application threads were stopped: 0.0755850 seconds, Stopping threads took: 0.0691790 seconds
309.079: Application time: 0.0906270 seconds
309.120: [GC [PSYoungGen: 6656K->841K(7680K)] 12901K->7282K(25088K), 0.0006760 secs] [Times: user=0.01 sys=0.00, real=0.00 secs] 
309.121: Total time for which application threads were stopped: 0.0418270 seconds, Stopping threads took: 0.0410830 seconds
309.122: Application time: 0.0010010 seconds
309.122: [GC [PSYoungGen: 7480K->1005K(7680K)] 13921K->13818K(25088K), 0.0022620 secs] [Times: user=0.02 sys=0.00, real=0.00 secs] 
309.124: [Full GC [PSYoungGen: 1005K->0K(7680K)] [ParOldGen: 12812K->8686K(17408K)] 13818K->8686K(25088K) [PSPermGen: 5142K->5142K(21504K)], 0.0050770 secs] [Times: user=0.02 sys=0.01, real=0.01 secs] 
309.129: Total time for which application threads were stopped: 0.0076650 seconds, Stopping threads took: 0.0001980 seconds
309.209: Application time: 0.0791620 seconds
309.270: [GC [PSYoungGen: 6520K->1005K(7680K)] 15207K->9692K(25088K), 0.0006910 secs] [Times: user=0.00 sys=0.00, real=0.00 secs] 
309.271: Total time for which application threads were stopped: 0.0623460 seconds, Stopping threads took: 0.0615630 seconds
309.272: Application time: 0.0008060 seconds
309.311: [GC [PSYoungGen: 7565K->1005K(7680K)] 16252K->15205K(25088K), 0.0020040 secs] [Times: user=0.01 sys=0.00, real=0.00 secs] 
309.313: [Full GC [PSYoungGen: 1005K->0K(7680K)] [ParOldGen: 14199K->7612K(17408K)] 15205K->7612K(25088K) [PSPermGen: 5142K->5142K(21504K)], 0.0048660 secs] [Times: user=0.02 sys=0.00, real=0.00 secs] 
309.317: Total time for which application threads were stopped: 0.0457800 seconds, Stopping threads took: 0.0387580 seconds
309.415: Application time: 0.0971990 seconds
309.469: [GC [PSYoungGen: 6520K->646K(7680K)] 14133K->8650K(25088K), 0.0005880 secs] [Times: user=0.00 sys=0.00, real=0.00 secs] 
309.470: Total time for which application threads were stopped: 0.0553470 seconds, Stopping threads took: 0.0546880 seconds
309.471: Application time: 0.0009260 seconds
309.513: [GC [PSYoungGen: 7206K->1005K(7680K)] 15210K->14537K(25088K), 0.0018890 secs] [Times: user=0.01 sys=0.00, real=0.00 secs] 
309.515: [Full GC [PSYoungGen: 1005K->0K(7680K)] [ParOldGen: 13532K->7612K(17408K)] 14537K->7612K(25088K) [PSPermGen: 5142K->5142K(21504K)], 0.0050740 secs] [Times: user=0.03 sys=0.00, real=0.00 secs] 
309.520: Total time for which application threads were stopped: 0.0493350 seconds, Stopping threads took: 0.0422330 seconds
309.624: Application time: 0.1040680 seconds
309.671: [GC [PSYoungGen: 6656K->256K(7680K)] 14268K->7868K(25088K), 0.0003900 secs] [Times: user=0.00 sys=0.00, real=0.00 secs] 
309.671: Total time for which application threads were stopped: 0.0465850 seconds, Stopping threads took: 0.0461320 seconds
309.672: Application time: 0.0007850 seconds
309.672: [GC [PSYoungGen: 6816K->1008K(7680K)] 14428K->14244K(25088K), 0.0019330 secs] [Times: user=0.02 sys=0.00, real=0.00 secs] 
309.674: [Full GC [PSYoungGen: 1008K->0K(7680K)] [ParOldGen: 13235K->7905K(17408K)] 14244K->7905K(25088K) [PSPermGen: 5142K->5142K(21504K)], 0.0049780 secs] [Times: user=0.02 sys=0.00, real=0.00 secs] 
309.679: Total time for which application threads were stopped: 0.0071540 seconds, Stopping threads took: 0.0001190 seconds
309.760: Application time: 0.0806600 seconds
309.820: [GC [PSYoungGen: 6559K->419K(7680K)] 14465K->8325K(25088K), 0.0004110 secs] [Times: user=0.01 sys=0.00, real=0.00 secs] 
309.821: Total time for which application threads were stopped: 0.0613230 seconds, Stopping threads took: 0.0608400 seconds
309.822: Application time: 0.0006830 seconds
309.822: [GC [PSYoungGen: 6979K->1006K(7680K)] 14885K->14804K(25088K), 0.0019840 secs] [Times: user=0.02 sys=0.00, real=0.00 secs] 
309.824: [Full GC [PSYoungGen: 1006K->0K(7680K)] [ParOldGen: 13797K->8101K(17408K)] 14804K->8101K(25088K) [PSPermGen: 5142K->5142K(21504K)], 0.0049660 secs] [Times: user=0.02 sys=0.00, real=0.00 secs] 
309.829: Total time for which application threads were stopped: 0.0072980 seconds, Stopping threads took: 0.0002210 seconds
309.906: Application time: 0.0770270 seconds
309.969: [GC [PSYoungGen: 6637K->582K(7680K)] 14738K->8683K(25088K), 0.0004060 secs] [Times: user=0.01 sys=0.00, real=0.00 secs] 
309.969: [Full GC [PSYoungGen: 582K->0K(7680K)] [ParOldGen: 8101K->1956K(17408K)] 8683K->1956K(25088K) [PSPermGen: 5142K->5142K(21504K)], 0.0039620 secs] [Times: user=0.01 sys=0.00, real=0.01 secs] 
309.973: Total time for which application threads were stopped: 0.0670550 seconds, Stopping threads took: 0.0625680 seconds
309.974: Application time: 0.0013790 seconds
310.018: [GC [PSYoungGen: 6560K->1005K(7680K)] 8516K->8047K(25088K), 0.0017190 secs] [Times: user=0.01 sys=0.00, real=0.00 secs] 
310.020: Total time for which application threads were stopped: 0.0455550 seconds, Stopping threads took: 0.0437660 seconds
310.093: Application time: 0.0735210 seconds
310.139: [GC [PSYoungGen: 7369K->582K(7680K)] 14412K->7625K(25088K), 0.0006200 secs] [Times: user=0.00 sys=0.00, real=0.00 secs] 
310.139: Total time for which application threads were stopped: 0.0459620 seconds, Stopping threads took: 0.0452760 seconds
310.140: Application time: 0.0008870 seconds
310.198: [GC [PSYoungGen: 7142K->1005K(7680K)] 14185K->13134K(25088K), 0.0018420 secs] [Times: user=0.01 sys=0.00, real=0.00 secs] 
310.200: [Full GC [PSYoungGen: 1005K->0K(7680K)] [ParOldGen: 12128K->7222K(17408K)] 13134K->7222K(25088K) [PSPermGen: 5142K->5142K(21504K)], 0.0049140 secs] [Times: user=0.03 sys=0.00, real=0.01 secs] 
310.205: Total time for which application threads were stopped: 0.0644550 seconds, Stopping threads took: 0.0575760 seconds
310.279: Application time: 0.0737910 seconds
310.323: [GC [PSYoungGen: 6364K->843K(7680K)] 13586K->8847K(25088K), 0.0007920 secs] [Times: user=0.00 sys=0.00, real=0.00 secs] 
310.324: Total time for which application threads were stopped: 0.0449880 seconds, Stopping threads took: 0.0440990 seconds
310.324: Application time: 0.0009760 seconds
310.393: [GC [PSYoungGen: 7499K->1005K(7680K)] 15503K->13110K(25088K), 0.0018590 secs] [Times: user=0.01 sys=0.00, real=0.00 secs] 
310.395: [Full GC [PSYoungGen: 1005K->0K(7680K)] [ParOldGen: 12105K->6245K(17408K)] 13110K->6245K(25088K) [PSPermGen: 5142K->5142K(21504K)], 0.0046950 secs] [Times: user=0.02 sys=0.00, real=0.00 secs] 
310.400: Total time for which application threads were stopped: 0.0753320 seconds, Stopping threads took: 0.0686460 seconds
310.483: Application time: 0.0833920 seconds
310.542: [GC [PSYoungGen: 6656K->941K(7680K)] 12901K->7187K(25088K), 0.0004850 secs] [Times: user=0.00 sys=0.00, real=0.00 secs] 
310.543: Total time for which application threads were stopped: 0.0596830 seconds, Stopping threads took: 0.0591260 seconds
310.544: Application time: 0.0010580 seconds
310.587: [GC [PSYoungGen: 7501K->1005K(7680K)] 13747K->12728K(25088K), 0.0019510 secs] [Times: user=0.01 sys=0.00, real=0.01 secs] 
310.589: [Full GC [PSYoungGen: 1005K->0K(7680K)] [ParOldGen: 11722K->7612K(17408K)] 12728K->7612K(25088K) [PSPermGen: 5142K->5142K(21504K)], 0.0049680 secs] [Times: user=0.03 sys=0.00, real=0.00 secs] 
310.594: Total time for which application threads were stopped: 0.0504950 seconds, Stopping threads took: 0.0434500 seconds
310.671: Application time: 0.0760970 seconds
310.723: [GC [PSYoungGen: 6559K->941K(7680K)] 14172K->8749K(25088K), 0.0006110 secs] [Times: user=0.00 sys=0.00, real=0.00 secs] 
310.723: Total time for which application threads were stopped: 0.0527410 seconds, Stopping threads took: 0.0520570 seconds
310.724: Application time: 0.0008570 seconds
310.763: [GC [PSYoungGen: 7560K->1005K(7680K)] 15368K->14440K(25088K), 0.0019270 secs] [Times: user=0.01 sys=0.00, real=0.00 secs] 
310.765: [Full GC [PSYoungGen: 1005K->0K(7680K)] [ParOldGen: 13435K->7711K(17408K)] 14440K->7711K(25088K) [PSPermGen: 5142K->5142K(21504K)], 0.0050010 secs] [Times: user=0.02 sys=0.00, real=0.01 secs] 
310.770: Total time for which application threads were stopped: 0.0456130 seconds, Stopping threads took: 0.0385600 seconds
310.847: Application time: 0.0773830 seconds
310.910: [GC [PSYoungGen: 6638K->224K(7680K)] 14349K->7935K(25088K), 0.0003650 secs] [Times: user=0.00 sys=0.00, real=0.00 secs] 
310.911: Total time for which application threads were stopped: 0.0635960 seconds, Stopping threads took: 0.0631580 seconds
310.911: Application time: 0.0007070 seconds
310.912: [GC [PSYoungGen: 6784K->1006K(7680K)] 14495K->14422K(25088K), 0.0020010 secs] [Times: user=0.02 sys=0.00, real=0.00 secs] 
310.914: [Full GC [PSYoungGen: 1006K->0K(7680K)] [ParOldGen: 13415K->7905K(17408K)] 14422K->7905K(25088K) [PSPermGen: 5142K->5142K(21504K)], 0.0050170 secs] [Times: user=0.02 sys=0.00, real=0.00 secs] 
310.919: Total time for which application threads were stopped: 0.0073240 seconds, Stopping threads took: 0.0001760 seconds
311.001: Application time: 0.0822630 seconds
311.061: [GC [PSYoungGen: 6559K->419K(7680K)] 14465K->8325K(25088K), 0.0004140 secs] [Times: user=0.00 sys=0.00, real=0.00 secs] 
311.061: [Full GC [PSYoungGen: 419K->0K(7680K)] [ParOldGen: 7905K->1760K(17408K)] 8325K->1760K(25088K) [PSPermGen: 5142K->5142K(21504K)], 0.0036980 secs] [Times: user=0.01 sys=0.00, real=0.01 secs] 
311.065: Total time for which application threads were stopped: 0.0636510 seconds, Stopping threads took: 0.0594320 seconds
311.066: Application time: 0.0011650 seconds
311.113: [GC [PSYoungGen: 6560K->1005K(7680K)] 8320K->7657K(25088K), 0.0017670 secs] [Times: user=0.01 sys=0.00, real=0.00 secs] 
311.115: Total time for which application threads were stopped: 0.0493810 seconds, Stopping threads took: 0.0475390 seconds
311.189: Application time: 0.0734930 seconds
311.234: [GC [PSYoungGen: 7643K->1005K(7680K)] 14295K->9423K(25088K), 0.0009390 secs] [Times: user=0.00 sys=0.00, real=0.00 secs] 
311.235: [Full GC [PSYoungGen: 1005K->0K(7680K)] [ParOldGen: 8417K->3902K(17408K)] 9423K->3902K(25088K) [PSPermGen: 5142K->5142K(21504K)], 0.0041840 secs] [Times: user=0.02 sys=0.01, real=0.00 secs] 
311.239: Total time for which application threads were stopped: 0.0505050 seconds, Stopping threads took: 0.0452590 seconds
311.322: Application time: 0.0826700 seconds
311.334: [GC [PSYoungGen: 6619K->630K(7680K)] 10521K->4533K(25088K), 0.0005730 secs] [Times: user=0.00 sys=0.00, real=0.00 secs] 
311.335: Total time for which application threads were stopped: 0.0130380 seconds, Stopping threads took: 0.0124000 seconds
311.336: Application time: 0.0006560 seconds
311.336: [GC [PSYoungGen: 7093K->1006K(7680K)] 10995K->10938K(25088K), 0.0021070 secs] [Times: user=0.01 sys=0.00, real=0.00 secs] 
311.338: [Full GC [PSYoungGen: 1006K->0K(7680K)] [ParOldGen: 9931K->8199K(17408K)] 10938K->8199K(25088K) [PSPermGen: 5142K->5142K(21504K)], 0.0050210 secs] [Times: user=0.03 sys=0.00, real=0.01 secs] 
311.343: Total time for which application threads were stopped: 0.0074600 seconds, Stopping threads took: 0.0002000 seconds
311.423: Application time: 0.0801820 seconds
311.486: [GC [PSYoungGen: 6516K->518K(7680K)] 14715K->8717K(25088K), 0.0005190 secs] [Times: user=0.00 sys=0.00, real=0.00 secs] 
311.486: [Full GC [PSYoungGen: 518K->0K(7680K)] [ParOldGen: 8199K->1988K(17408K)] 8717K->1988K(25088K) [PSPermGen: 5142K->5142K(21504K)], 0.0039270 secs] [Times: user=0.01 sys=0.00, real=0.01 secs] 
311.490: Total time for which application threads were stopped: 0.0668760 seconds, Stopping threads took: 0.0623100 seconds
311.491: Application time: 0.0011990 seconds
311.491: [GC [PSYoungGen: 6486K->1005K(7680K)] 8475K->8666K(25088K), 0.0019820 secs] [Times: user=0.01 sys=0.01, real=0.00 secs] 
311.493: [Full GC [PSYoungGen: 1005K->0K(7680K)] [ParOldGen: 7661K->8199K(17408K)] 8666K->8199K(25088K) [PSPermGen: 5142K->5142K(21504K)], 0.0049130 secs] [Times: user=0.03 sys=0.00, real=0.00 secs] 
311.498: Total time for which application threads were stopped: 0.0070820 seconds, Stopping threads took: 0.0000580 seconds
311.580: Application time: 0.0813260 seconds
311.643: [GC [PSYoungGen: 6462K->550K(7680K)] 14661K->8749K(25088K), 0.0004380 secs] [Times: user=0.00 sys=0.00, real=0.00 secs] 
311.643: [Full GC [PSYoungGen: 550K->0K(7680K)] [ParOldGen: 8199K->1951K(17408K)] 8749K->1951K(25088K) [PSPermGen: 5142K->5142K(21504K)], 0.0038580 secs] [Times: user=0.01 sys=0.00, real=0.00 secs] 
311.647: Total time for which application threads were stopped: 0.0672720 seconds, Stopping threads took: 0.0628680 seconds
311.648: Application time: 0.0012320 seconds
311.691: [GC [PSYoungGen: 6540K->1005K(7680K)] 8492K->7969K(25088K), 0.0018040 secs] [Times: user=0.01 sys=0.00, real=0.00 secs] 
311.693: Total time for which application threads were stopped: 0.0449500 seconds, Stopping threads took: 0.0430720 seconds
311.767: Application time: 0.0737840 seconds
311.812: [GC [PSYoungGen: 7565K->907K(7680K)] 14529K->9825K(25088K), 0.0010050 secs] [Times: user=0.01 sys=0.00, real=0.00 secs] 
311.813: [Full GC [PSYoungGen: 907K->0K(7680K)] [ParOldGen: 8917K->4000K(17408K)] 9825K->4000K(25088K) [PSPermGen: 5142K->5142K(21504K)], 0.0043120 secs] [Times: user=0.02 sys=0.00, real=0.00 secs] 
311.818: Total time for which application threads were stopped: 0.0507930 seconds, Stopping threads took: 0.0453540 seconds
311.895: Application time: 0.0774610 seconds
311.908: [GC [PSYoungGen: 6364K->614K(7680K)] 10365K->4614K(25088K), 0.0004300 secs] [Times: user=0.00 sys=0.00, real=0.00 secs] 
311.909: Total time for which application threads were stopped: 0.0136540 seconds, Stopping threads took: 0.0131580 seconds
311.910: Application time: 0.0007530 seconds
311.961: [GC [PSYoungGen: 7270K->1005K(7680K)] 11270K->9107K(25088K), 0.0018300 secs] [Times: user=0.01 sys=0.00, real=0.00 secs] 
311.963: Total time for which application threads were stopped: 0.0533510 seconds, Stopping threads took: 0.0514190 seconds
312.036: Application time: 0.0731560 seconds
312.081: [GC [PSYoungGen: 7661K->646K(7680K)] 15763K->9139K(25088K), 0.0006000 secs] [Times: user=0.00 sys=0.00, real=0.00 secs] 
312.082: Total time for which application threads were stopped: 0.0458460 seconds, Stopping threads took: 0.0451690 seconds
312.083: Application time: 0.0008590 seconds
312.125: [GC [PSYoungGen: 7206K->1005K(7680K)] 15699K->14975K(25088K), 0.0020560 secs] [Times: user=0.01 sys=0.01, real=0.00 secs] 
312.127: [Full GC [PSYoungGen: 1005K->0K(7680K)] [ParOldGen: 13969K->7613K(17408K)] 14975K->7613K(25088K) [PSPermGen: 5142K->5142K(21504K)], 0.0049480 secs] [Times: user=0.03 sys=0.00, real=0.01 secs] 
312.132: Total time for which application threads were stopped: 0.0495180 seconds, Stopping threads took: 0.0423710 seconds
312.230: Application time: 0.0971790 seconds
312.285: [GC [PSYoungGen: 6656K->192K(7680K)] 14269K->7805K(25088K), 0.0003320 secs] [Times: user=0.00 sys=0.00, real=0.00 secs] 
312.285: Total time for which application threads were stopped: 0.0553210 seconds, Stopping threads took: 0.0549200 seconds
312.286: Application time: 0.0008040 seconds
312.286: [GC [PSYoungGen: 6752K->1006K(7680K)] 14365K->14316K(25088K), 0.0018190 secs] [Times: user=0.02 sys=0.00, real=0.00 secs] 
312.288: [Full GC [PSYoungGen: 1006K->0K(7680K)] [ParOldGen: 13309K->7906K(17408K)] 14316K->7906K(25088K) [PSPermGen: 5142K->5142K(21504K)], 0.0051550 secs] [Times: user=0.02 sys=0.00, real=0.01 secs] 
312.293: Total time for which application threads were stopped: 0.0072720 seconds, Stopping threads took: 0.0001710 seconds
312.374: Application time: 0.0810790 seconds
312.434: [GC [PSYoungGen: 6637K->419K(7680K)] 14544K->8325K(25088K), 0.0004900 secs] [Times: user=0.00 sys=0.00, real=0.00 secs] 
312.434: Total time for which application threads were stopped: 0.0599300 seconds, Stopping threads took: 0.0593750 seconds
312.435: Application time: 0.0006830 seconds
312.435: [GC [PSYoungGen: 6979K->1006K(7680K)] 14885K->14829K(25088K), 0.0019960 secs] [Times: user=0.02 sys=0.00, real=0.00 secs] 
312.437: [Full GC [PSYoungGen: 1006K->0K(7680K)] [ParOldGen: 13822K->8101K(17408K)] 14829K->8101K(25088K) [PSPermGen: 5142K->5142K(21504K)], 0.0049620 secs] [Times: user=0.02 sys=0.00, real=0.01 secs] 
312.442: Total time for which application threads were stopped: 0.0073010 seconds, Stopping threads took: 0.0002210 seconds
312.523: Application time: 0.0811880 seconds
312.584: [GC [PSYoungGen: 6637K->646K(7680K)] 14739K->8748K(25088K), 0.0004650 secs] [Times: user=0.01 sys=0.00, real=0.00 secs] 
312.585: [Full GC [PSYoungGen: 646K->0K(7680K)] [ParOldGen: 8101K->1984K(17408K)] 8748K->1984K(25088K) [PSPermGen: 5142K->5142K(21504K)], 0.0036300 secs] [Times: user=0.01 sys=0.00, real=0.00 secs] 
312.589: Total time for which application threads were stopped: 0.0653510 seconds, Stopping threads took: 0.0611420 seconds
312.590: Application time: 0.0013030 seconds
312.634: [GC [PSYoungGen: 6560K->1005K(7680K)] 8544K->8076K(25088K), 0.0019130 secs] [Times: user=0.02 sys=0.00, real=0.00 secs] 
312.636: Total time for which application threads were stopped: 0.0456960 seconds, Stopping threads took: 0.0437060 seconds
312.711: Application time: 0.0752060 seconds
312.755: [GC [PSYoungGen: 7448K->646K(7680K)] 14518K->7717K(25088K), 0.0005260 secs] [Times: user=0.00 sys=0.00, real=0.00 secs] 
312.757: Total time for which application threads were stopped: 0.0460550 seconds, Stopping threads took: 0.0444700 seconds
312.758: Application time: 0.0009110 seconds
312.796: [GC [PSYoungGen: 7206K->1005K(7680K)] 14277K->13162K(25088K), 0.0017840 secs] [Times: user=0.01 sys=0.00, real=0.00 secs] 
312.798: [Full GC [PSYoungGen: 1005K->0K(7680K)] [ParOldGen: 12157K->7222K(17408K)] 13162K->7222K(25088K) [PSPermGen: 5142K->5142K(21504K)], 0.0050660 secs] [Times: user=0.02 sys=0.00, real=0.01 secs] 
312.803: Total time for which application threads were stopped: 0.0454150 seconds, Stopping threads took: 0.0384240 seconds
312.877: Application time: 0.0735030 seconds
312.921: [GC [PSYoungGen: 6364K->550K(7680K)] 13587K->7773K(25088K), 0.0003770 secs] [Times: user=0.00 sys=0.00, real=0.00 secs] 
312.922: Total time for which application threads were stopped: 0.0451580 seconds, Stopping threads took: 0.0447150 seconds
312.923: Application time: 0.0008410 seconds
312.966: [GC [PSYoungGen: 7089K->939K(7680K)] 14312K->13241K(25088K), 0.0018960 secs] [Times: user=0.01 sys=0.00, real=0.00 secs] 
312.968: [Full GC [PSYoungGen: 939K->0K(7680K)] [ParOldGen: 12301K->7125K(17408K)] 13241K->7125K(25088K) [PSPermGen: 5142K->5142K(21504K)], 0.0050490 secs] [Times: user=0.02 sys=0.00, real=0.01 secs] 
312.973: Total time for which application threads were stopped: 0.0506510 seconds, Stopping threads took: 0.0435900 seconds
313.047: Application time: 0.0737650 seconds
313.092: [GC [PSYoungGen: 6638K->907K(7680K)] 13763K->9986K(25088K), 0.0011020 secs] [Times: user=0.01 sys=0.00, real=0.00 secs] 
313.093: [Full GC [PSYoungGen: 907K->0K(7680K)] [ParOldGen: 9078K->4000K(17408K)] 9986K->4000K(25088K) [PSPermGen: 5142K->5142K(21504K)], 0.0042410 secs] [Times: user=0.02 sys=0.00, real=0.00 secs] 
313.097: Total time for which application threads were stopped: 0.0501200 seconds, Stopping threads took: 0.0446470 seconds
313.175: Application time: 0.0777620 seconds
313.190: [GC [PSYoungGen: 6364K->582K(7680K)] 10365K->4583K(25088K), 0.0004190 secs] [Times: user=0.00 sys=0.00, real=0.00 secs] 
313.190: Total time for which application threads were stopped: 0.0151280 seconds, Stopping threads took: 0.0146430 seconds
313.191: Application time: 0.0007900 seconds
313.235: [GC [PSYoungGen: 7221K->1005K(7680K)] 11221K->10116K(25088K), 0.0018170 secs] [Times: user=0.02 sys=0.00, real=0.00 secs] 
313.237: [Full GC [PSYoungGen: 1005K->0K(7680K)] [ParOldGen: 9111K->7223K(17408K)] 10116K->7223K(25088K) [PSPermGen: 5142K->5142K(21504K)], 0.0047800 secs] [Times: user=0.02 sys=0.00, real=0.01 secs] 
313.241: Total time for which application threads were stopped: 0.0504710 seconds, Stopping threads took: 0.0437450 seconds
313.315: Application time: 0.0739370 seconds
313.360: [GC [PSYoungGen: 6442K->939K(7680K)] 13665K->8944K(25088K), 0.0007140 secs] [Times: user=0.01 sys=0.00, real=0.00 secs] 
313.361: Total time for which application threads were stopped: 0.0455720 seconds, Stopping threads took: 0.0447860 seconds
313.362: Application time: 0.0010430 seconds
313.406: [GC [PSYoungGen: 7578K->1007K(7680K)] 15582K->14076K(25088K), 0.0018560 secs] [Times: user=0.02 sys=0.00, real=0.00 secs] 
313.408: [Full GC [PSYoungGen: 1007K->0K(7680K)] [ParOldGen: 13069K->7223K(17408K)] 14076K->7223K(25088K) [PSPermGen: 5142K->5142K(21504K)], 0.0047820 secs] [Times: user=0.02 sys=0.00, real=0.01 secs] 
313.412: Total time for which application threads were stopped: 0.0504820 seconds, Stopping threads took: 0.0437120 seconds
313.486: Application time: 0.0736620 seconds
313.531: [GC [PSYoungGen: 6656K->973K(7680K)] 13879K->9173K(25088K), 0.0007920 secs] [Times: user=0.01 sys=0.00, real=0.00 secs] 
313.531: Total time for which application threads were stopped: 0.0452850 seconds, Stopping threads took: 0.0444080 seconds
313.532: Application time: 0.0011190 seconds
313.591: [GC [PSYoungGen: 7533K->1005K(7680K)] 15733K->14576K(25088K), 0.0020130 secs] [Times: user=0.02 sys=0.00, real=0.00 secs] 
313.593: [Full GC [PSYoungGen: 1005K->0K(7680K)] [ParOldGen: 13571K->7516K(17408K)] 14576K->7516K(25088K) [PSPermGen: 5142K->5142K(21504K)], 0.0067680 secs] [Times: user=0.03 sys=0.00, real=0.00 secs] 
313.600: Total time for which application threads were stopped: 0.0673580 seconds, Stopping threads took: 0.0584500 seconds
313.694: Application time: 0.0937340 seconds
313.752: [GC [PSYoungGen: 6656K->1005K(7680K)] 14172K->8717K(25088K), 0.0007500 secs] [Times: user=0.01 sys=0.00, real=0.00 secs] 
313.753: Total time for which application threads were stopped: 0.0593480 seconds, Stopping threads took: 0.0585170 seconds
313.754: Application time: 0.0009340 seconds
313.792: [GC [PSYoungGen: 7467K->939K(7680K)] 15179K->14315K(25088K), 0.0020590 secs] [Times: user=0.02 sys=0.00, real=0.00 secs] 
313.794: [Full GC [PSYoungGen: 939K->0K(7680K)] [ParOldGen: 13376K->7711K(17408K)] 14315K->7711K(25088K) [PSPermGen: 5142K->5142K(21504K)], 0.0050210 secs] [Times: user=0.02 sys=0.01, real=0.00 secs] 
313.799: Total time for which application threads were stopped: 0.0456190 seconds, Stopping threads took: 0.0383830 seconds
313.905: Application time: 0.1051260 seconds
313.962: [GC [PSYoungGen: 6559K->192K(7680K)] 14271K->7903K(25088K), 0.0004280 secs] [Times: user=0.01 sys=0.00, real=0.00 secs] 
313.963: Total time for which application threads were stopped: 0.0580530 seconds, Stopping threads took: 0.0575610 seconds
313.963: Application time: 0.0007810 seconds
313.964: [GC [PSYoungGen: 6752K->1006K(7680K)] 14463K->14415K(25088K), 0.0019190 secs] [Times: user=0.01 sys=0.00, real=0.00 secs] 
313.966: [Full GC [PSYoungGen: 1006K->0K(7680K)] [ParOldGen: 13408K->7906K(17408K)] 14415K->7906K(25088K) [PSPermGen: 5142K->5142K(21504K)], 0.0048860 secs] [Times: user=0.02 sys=0.00, real=0.01 secs] 
313.971: Total time for which application threads were stopped: 0.0070700 seconds, Stopping threads took: 0.0001390 seconds
314.054: Application time: 0.0837980 seconds
314.120: [GC [PSYoungGen: 6559K->355K(7680K)] 14466K->8262K(25088K), 0.0004110 secs] [Times: user=0.00 sys=0.01, real=0.00 secs] 
314.121: Total time for which application threads were stopped: 0.0665760 seconds, Stopping threads took: 0.0660810 seconds
314.122: Application time: 0.0007970 seconds
314.175: [GC [PSYoungGen: 6993K->1005K(7680K)] 14900K->13827K(25088K), 0.0016970 secs] [Times: user=0.01 sys=0.00, real=0.00 secs] 
314.177: [Full GC [PSYoungGen: 1005K->0K(7680K)] [ParOldGen: 12822K->7028K(17408K)] 13827K->7028K(25088K) [PSPermGen: 5142K->5142K(21504K)], 0.0049310 secs] [Times: user=0.02 sys=0.00, real=0.01 secs] 
314.181: Total time for which application threads were stopped: 0.0597860 seconds, Stopping threads took: 0.0530360 seconds
314.262: Application time: 0.0803190 seconds
314.329: [GC [PSYoungGen: 6638K->646K(7680K)] 13666K->7674K(25088K), 0.0003800 secs] [Times: user=0.00 sys=0.00, real=0.00 secs] 
314.329: Total time for which application threads were stopped: 0.0672330 seconds, Stopping threads took: 0.0667800 seconds
314.330: Application time: 0.0008490 seconds
314.373: [GC [PSYoungGen: 7206K->1005K(7680K)] 14235K->13144K(25088K), 0.0018230 secs] [Times: user=0.01 sys=0.00, real=0.00 secs] 
314.375: [Full GC [PSYoungGen: 1005K->0K(7680K)] [ParOldGen: 12138K->7223K(17408K)] 13144K->7223K(25088K) [PSPermGen: 5142K->5142K(21504K)], 0.0048050 secs] [Times: user=0.02 sys=0.00, real=0.00 secs] 
314.380: Total time for which application threads were stopped: 0.0502690 seconds, Stopping threads took: 0.0435020 seconds
314.456: Application time: 0.0755290 seconds
314.500: [GC [PSYoungGen: 6364K->843K(7680K)] 13587K->8848K(25088K), 0.0007230 secs] [Times: user=0.00 sys=0.00, real=0.00 secs] 
314.501: Total time for which application threads were stopped: 0.0450720 seconds, Stopping threads took: 0.0442640 seconds
314.502: Application time: 0.0009940 seconds
314.546: [GC [PSYoungGen: 7482K->1007K(7680K)] 15486K->14048K(25088K), 0.0020550 secs] [Times: user=0.01 sys=0.00, real=0.00 secs] 
314.548: [Full GC [PSYoungGen: 1007K->0K(7680K)] [ParOldGen: 13041K->7223K(17408K)] 14048K->7223K(25088K) [PSPermGen: 5142K->5142K(21504K)], 0.0048410 secs] [Times: user=0.02 sys=0.00, real=0.01 secs] 
314.553: Total time for which application threads were stopped: 0.0510380 seconds, Stopping threads took: 0.0439900 seconds
314.626: Application time: 0.0732820 seconds
314.671: [GC [PSYoungGen: 6540K->1005K(7680K)] 13764K->9010K(25088K), 0.0008560 secs] [Times: user=0.01 sys=0.00, real=0.00 secs] 
314.672: Total time for which application threads were stopped: 0.0461400 seconds, Stopping threads took: 0.0451950 seconds
314.673: Application time: 0.0011350 seconds
314.717: [GC [PSYoungGen: 7565K->1005K(7680K)] 15570K->14194K(25088K), 0.0018170 secs] [Times: user=0.02 sys=0.00, real=0.00 secs] 
314.719: [Full GC [PSYoungGen: 1005K->0K(7680K)] [ParOldGen: 13189K->7321K(17408K)] 14194K->7321K(25088K) [PSPermGen: 5142K->5142K(21504K)], 0.0049200 secs] [Times: user=0.02 sys=0.00, real=0.01 secs] 
314.724: Total time for which application threads were stopped: 0.0503800 seconds, Stopping threads took: 0.0435200 seconds
314.812: Application time: 0.0885350 seconds
314.874: [GC [PSYoungGen: 6656K->1005K(7680K)] 13977K->8326K(25088K), 0.0004860 secs] [Times: user=0.00 sys=0.00, real=0.00 secs] 
314.875: Total time for which application threads were stopped: 0.0626120 seconds, Stopping threads took: 0.0620480 seconds
314.876: Application time: 0.0010060 seconds
314.926: [GC [PSYoungGen: 7661K->907K(7680K)] 14982K->13893K(25088K), 0.0020210 secs] [Times: user=0.01 sys=0.00, real=0.00 secs] 
314.928: [Full GC [PSYoungGen: 907K->0K(7680K)] [ParOldGen: 12985K->7712K(17408K)] 13893K->7712K(25088K) [PSPermGen: 5142K->5142K(21504K)], 0.0049790 secs] [Times: user=0.03 sys=0.00, real=0.01 secs] 
314.933: Total time for which application threads were stopped: 0.0573920 seconds, Stopping threads took: 0.0502640 seconds
315.013: Application time: 0.0801040 seconds
315.076: [GC [PSYoungGen: 6559K->160K(7680K)] 14272K->7872K(25088K), 0.0005780 secs] [Times: user=0.00 sys=0.00, real=0.00 secs] 
315.077: Total time for which application threads were stopped: 0.0636550 seconds, Stopping threads took: 0.0629870 seconds
315.078: Application time: 0.0008040 seconds
315.078: [GC [PSYoungGen: 6720K->939K(7680K)] 14432K->14511K(25088K), 0.0018220 secs] [Times: user=0.01 sys=0.00, real=0.00 secs] 
315.080: [Full GC [PSYoungGen: 939K->0K(7680K)] [ParOldGen: 13571K->7907K(17408K)] 14511K->7907K(25088K) [PSPermGen: 5142K->5142K(21504K)], 0.0050480 secs] [Times: user=0.02 sys=0.00, real=0.01 secs] 
315.085: Total time for which application threads were stopped: 0.0071650 seconds, Stopping threads took: 0.0001800 seconds
315.170: Application time: 0.0848140 seconds
315.235: [GC [PSYoungGen: 6637K->451K(7680K)] 14545K->8358K(25088K), 0.0004120 secs] [Times: user=0.00 sys=0.00, real=0.00 secs] 
315.236: [Full GC [PSYoungGen: 451K->0K(7680K)] [ParOldGen: 7907K->1760K(17408K)] 8358K->1760K(25088K) [PSPermGen: 5142K->5142K(21504K)], 0.0036490 secs] [Times: user=0.02 sys=0.00, real=0.00 secs] 
315.239: Total time for which application threads were stopped: 0.0694010 seconds, Stopping threads took: 0.0652290 seconds
315.240: Application time: 0.0010390 seconds
315.240: [GC [PSYoungGen: 6560K->1008K(7680K)] 8320K->8392K(25088K), 0.0019770 secs] [Times: user=0.02 sys=0.00, real=0.01 secs] 
315.242: Total time for which application threads were stopped: 0.0021860 seconds, Stopping threads took: 0.0001290 seconds
315.339: Application time: 0.0963350 seconds
315.403: [GC [PSYoungGen: 7529K->451K(7680K)] 14912K->7834K(25088K), 0.0003820 secs] [Times: user=0.00 sys=0.00, real=0.00 secs] 
315.403: Total time for which application threads were stopped: 0.0643410 seconds, Stopping threads took: 0.0638830 seconds
315.404: Application time: 0.0007560 seconds
315.404: [GC [PSYoungGen: 7011K->1008K(7680K)] 14395K->14258K(25088K), 0.0020250 secs] [Times: user=0.02 sys=0.00, real=0.00 secs] 
315.406: [Full GC [PSYoungGen: 1008K->0K(7680K)] [ParOldGen: 13249K->8102K(17408K)] 14258K->8102K(25088K) [PSPermGen: 5142K->5142K(21504K)], 0.0048430 secs] [Times: user=0.02 sys=0.00, real=0.01 secs] 
315.411: Total time for which application threads were stopped: 0.0071160 seconds, Stopping threads took: 0.0001240 seconds
315.490: Application time: 0.0785340 seconds
315.551: [GC [PSYoungGen: 6559K->614K(7680K)] 14662K->8717K(25088K), 0.0004970 secs] [Times: user=0.00 sys=0.00, real=0.00 secs] 
315.552: [Full GC [PSYoungGen: 614K->0K(7680K)] [ParOldGen: 8102K->1984K(17408K)] 8717K->1984K(25088K) [PSPermGen: 5142K->5142K(21504K)], 0.0036840 secs] [Times: user=0.01 sys=0.00, real=0.00 secs] 
315.555: Total time for which application threads were stopped: 0.0658990 seconds, Stopping threads took: 0.0616070 seconds
315.557: Application time: 0.0012020 seconds
315.600: [GC [PSYoungGen: 6540K->1005K(7680K)] 8525K->7978K(25088K), 0.0019530 secs] [Times: user=0.01 sys=0.00, real=0.01 secs] 
315.602: Total time for which application threads were stopped: 0.0457240 seconds, Stopping threads took: 0.0436910 seconds
315.677: Application time: 0.0750530 seconds
315.723: [GC [PSYoungGen: 7467K->646K(7680K)] 14440K->7619K(25088K), 0.0003930 secs] [Times: user=0.00 sys=0.00, real=0.00 secs] 
315.723: Total time for which application threads were stopped: 0.0458380 seconds, Stopping threads took: 0.0453770 seconds
315.724: Application time: 0.0009060 seconds
315.768: [GC [PSYoungGen: 7109K->939K(7680K)] 14082K->12991K(25088K), 0.0017110 secs] [Times: user=0.01 sys=0.00, real=0.01 secs] 
315.770: [Full GC [PSYoungGen: 939K->0K(7680K)] [ParOldGen: 12051K->7126K(17408K)] 12991K->7126K(25088K) [PSPermGen: 5142K->5142K(21504K)], 0.0049170 secs] [Times: user=0.02 sys=0.00, real=0.00 secs] 
315.775: Total time for which application threads were stopped: 0.0505610 seconds, Stopping threads took: 0.0438080 seconds
315.849: Application time: 0.0743010 seconds
315.894: [GC [PSYoungGen: 6462K->646K(7680K)] 13588K->7772K(25088K), 0.0004610 secs] [Times: user=0.00 sys=0.00, real=0.00 secs] 
315.894: Total time for which application threads were stopped: 0.0449200 seconds, Stopping threads took: 0.0443920 seconds
315.895: Application time: 0.0009000 seconds
315.950: [GC [PSYoungGen: 7204K->907K(7680K)] 14330K->12135K(25088K), 0.0015420 secs] [Times: user=0.00 sys=0.00, real=0.00 secs] 
315.952: [Full GC [PSYoungGen: 907K->0K(7680K)] [ParOldGen: 11228K->6149K(17408K)] 12135K->6149K(25088K) [PSPermGen: 5142K->5142K(21504K)], 0.0046820 secs] [Times: user=0.02 sys=0.00, real=0.00 secs] 
315.956: Total time for which application threads were stopped: 0.0614100 seconds, Stopping threads took: 0.0550510 seconds
316.034: Application time: 0.0773310 seconds
316.088: [GC [PSYoungGen: 6521K->614K(7680K)] 12670K->6764K(25088K), 0.0004530 secs] [Times: user=0.00 sys=0.00, real=0.00 secs] 
316.088: Total time for which application threads were stopped: 0.0547830 seconds, Stopping threads took: 0.0542620 seconds
316.089: Application time: 0.0007950 seconds
316.133: [GC [PSYoungGen: 7155K->1006K(7680K)] 13305K->12152K(25088K), 0.0018310 secs] [Times: user=0.02 sys=0.00, real=0.00 secs] 
316.135: [Full GC [PSYoungGen: 1006K->0K(7680K)] [ParOldGen: 11145K->7126K(17408K)] 12152K->7126K(25088K) [PSPermGen: 5142K->5142K(21504K)], 0.0048380 secs] [Times: user=0.02 sys=0.00, real=0.00 secs] 
316.140: Total time for which application threads were stopped: 0.0504350 seconds, Stopping threads took: 0.0436380 seconds
316.227: Application time: 0.0873350 seconds
316.287: [GC [PSYoungGen: 6462K->646K(7680K)] 13588K->7773K(25088K), 0.0004670 secs] [Times: user=0.00 sys=0.00, real=0.00 secs] 
316.287: Total time for which application threads were stopped: 0.0601150 seconds, Stopping threads took: 0.0595840 seconds
316.288: Application time: 0.0008680 seconds
316.331: [GC [PSYoungGen: 7206K->1005K(7680K)] 14333K->13218K(25088K), 0.0017010 secs] [Times: user=0.01 sys=0.01, real=0.00 secs] 
316.332: [Full GC [PSYoungGen: 1005K->0K(7680K)] [ParOldGen: 12212K->7224K(17408K)] 13218K->7224K(25088K) [PSPermGen: 5142K->5142K(21504K)], 0.0051450 secs] [Times: user=0.02 sys=0.00, real=0.00 secs] 
316.338: Total time for which application threads were stopped: 0.0496400 seconds, Stopping threads took: 0.0426710 seconds
316.412: Application time: 0.0742540 seconds
316.456: [GC [PSYoungGen: 6364K->875K(7680K)] 13588K->8881K(25088K), 0.0006330 secs] [Times: user=0.01 sys=0.00, real=0.00 secs] 
316.457: Total time for which application threads were stopped: 0.0452420 seconds, Stopping threads took: 0.0445210 seconds
316.458: Application time: 0.0010860 seconds
316.527: [GC [PSYoungGen: 7514K->1007K(7680K)] 15519K->12966K(25088K), 0.0017100 secs] [Times: user=0.02 sys=0.00, real=0.00 secs] 
316.529: [Full GC [PSYoungGen: 1007K->0K(7680K)] [ParOldGen: 11959K->6150K(17408K)] 12966K->6150K(25088K) [PSPermGen: 5142K->5142K(21504K)], 0.0049690 secs] [Times: user=0.02 sys=0.00, real=0.01 secs] 
316.534: Total time for which application threads were stopped: 0.0756020 seconds, Stopping threads took: 0.0687770 seconds
316.607: Application time: 0.0731760 seconds
316.651: [GC [PSYoungGen: 6559K->841K(7680K)] 12710K->6992K(25088K), 0.0006140 secs] [Times: user=0.00 sys=0.00, real=0.00 secs] 
316.652: Total time for which application threads were stopped: 0.0445630 seconds, Stopping threads took: 0.0438800 seconds
316.653: Application time: 0.0010450 seconds
316.696: [GC [PSYoungGen: 7480K->1006K(7680K)] 13630K->11306K(25088K), 0.0015930 secs] [Times: user=0.01 sys=0.00, real=0.00 secs] 
316.698: [Full GC [PSYoungGen: 1006K->0K(7680K)] [ParOldGen: 10300K->6345K(17408K)] 11306K->6345K(25088K) [PSPermGen: 5142K->5142K(21504K)], 0.0045700 secs] [Times: user=0.02 sys=0.00, real=0.01 secs] 
316.703: Total time for which application threads were stopped: 0.0499820 seconds, Stopping threads took: 0.0436890 seconds
316.790: Application time: 0.0877450 seconds
316.844: [GC [PSYoungGen: 6559K->973K(7680K)] 12905K->7318K(25088K), 0.0004790 secs] [Times: user=0.01 sys=0.00, real=0.00 secs] 
316.845: Total time for which application threads were stopped: 0.0545020 seconds, Stopping threads took: 0.0539500 seconds
316.846: Application time: 0.0009730 seconds
316.889: [GC [PSYoungGen: 7533K->939K(7680K)] 13878K->12851K(25088K), 0.0019310 secs] [Times: user=0.02 sys=0.00, real=0.00 secs] 
316.891: [Full GC [PSYoungGen: 939K->0K(7680K)] [ParOldGen: 11912K->7614K(17408K)] 12851K->7614K(25088K) [PSPermGen: 5142K->5142K(21504K)], 0.0048660 secs] [Times: user=0.02 sys=0.00, real=0.00 secs] 
316.896: Total time for which application threads were stopped: 0.0503850 seconds, Stopping threads took: 0.0434590 seconds
316.972: Application time: 0.0753870 seconds
317.016: [GC [PSYoungGen: 6559K->1005K(7680K)] 14174K->8815K(25088K), 0.0005900 secs] [Times: user=0.00 sys=0.00, real=0.00 secs] 
317.017: Total time for which application threads were stopped: 0.0452670 seconds, Stopping threads took: 0.0446040 seconds
317.018: Application time: 0.0009790 seconds
317.061: [GC [PSYoungGen: 7565K->1005K(7680K)] 15375K->14488K(25088K), 0.0020650 secs] [Times: user=0.02 sys=0.00, real=0.00 secs] 
317.064: [Full GC [PSYoungGen: 1005K->0K(7680K)] [ParOldGen: 13482K->7810K(17408K)] 14488K->7810K(25088K) [PSPermGen: 5142K->5142K(21504K)], 0.0049290 secs] [Times: user=0.02 sys=0.00, real=0.00 secs] 
317.069: Total time for which application threads were stopped: 0.0507060 seconds, Stopping threads took: 0.0435630 seconds
317.172: Application time: 0.1031010 seconds
317.230: [GC [PSYoungGen: 6540K->192K(7680K)] 14350K->8002K(25088K), 0.0003900 secs] [Times: user=0.00 sys=0.00, real=0.00 secs] 
317.231: Total time for which application threads were stopped: 0.0589480 seconds, Stopping threads took: 0.0584830 seconds
317.231: Application time: 0.0007170 seconds
317.232: [GC [PSYoungGen: 6752K->1006K(7680K)] 14562K->14521K(25088K), 0.0018210 secs] [Times: user=0.01 sys=0.00, real=0.00 secs] 
317.233: [Full GC [PSYoungGen: 1006K->0K(7680K)] [ParOldGen: 13514K->7907K(17408K)] 14521K->7907K(25088K) [PSPermGen: 5142K->5142K(21504K)], 0.0050690 secs] [Times: user=0.02 sys=0.00, real=0.00 secs] 
317.239: Total time for which application threads were stopped: 0.0072330 seconds, Stopping threads took: 0.0002180 seconds
317.317: Application time: 0.0786300 seconds
317.379: [GC [PSYoungGen: 6559K->419K(7680K)] 14467K->8327K(25088K), 0.0003640 secs] [Times: user=0.01 sys=0.00, real=0.00 secs] 
317.379: Total time for which application threads were stopped: 0.0622690 seconds, Stopping threads took: 0.0618430 seconds
317.380: Application time: 0.0007520 seconds
317.380: [GC [PSYoungGen: 7057K->1005K(7680K)] 14965K->14902K(25088K), 0.0021130 secs] [Times: user=0.02 sys=0.00, real=0.01 secs] 
317.383: [Full GC [PSYoungGen: 1005K->0K(7680K)] [ParOldGen: 13897K->8103K(17408K)] 14902K->8103K(25088K) [PSPermGen: 5142K->5142K(21504K)], 0.0049200 secs] [Times: user=0.02 sys=0.00, real=0.00 secs] 
317.388: Total time for which application threads were stopped: 0.0073270 seconds, Stopping threads took: 0.0001650 seconds
317.469: Application time: 0.0813340 seconds
317.530: [GC [PSYoungGen: 6637K->582K(7680K)] 14741K->8686K(25088K), 0.0004300 secs] [Times: user=0.00 sys=0.00, real=0.00 secs] 
317.530: [Full GC [PSYoungGen: 582K->0K(7680K)] [ParOldGen: 8103K->1984K(17408K)] 8686K->1984K(25088K) [PSPermGen: 5142K->5142K(21504K)], 0.0035890 secs] [Times: user=0.02 sys=0.00, real=0.00 secs] 
317.534: Total time for which application threads were stopped: 0.0651670 seconds, Stopping threads took: 0.0610320 seconds
317.535: Application time: 0.0012850 seconds
317.579: [GC [PSYoungGen: 6560K->1005K(7680K)] 8544K->8076K(25088K), 0.0017060 secs] [Times: user=0.01 sys=0.00, real=0.01 secs] 
317.581: Total time for which application threads were stopped: 0.0458550 seconds, Stopping threads took: 0.0440790 seconds
317.655: Application time: 0.0739570 seconds
317.702: [GC [PSYoungGen: 7369K->582K(7680K)] 14440K->7653K(25088K), 0.0004280 secs] [Times: user=0.01 sys=0.00, real=0.00 secs] 
317.703: Total time for which application threads were stopped: 0.0475360 seconds, Stopping threads took: 0.0470300 seconds
317.704: Application time: 0.0008510 seconds
317.753: [GC [PSYoungGen: 7045K->1008K(7680K)] 14116K->12920K(25088K), 0.0017180 secs] [Times: user=0.01 sys=0.00, real=0.00 secs] 
317.755: [Full GC [PSYoungGen: 1008K->0K(7680K)] [ParOldGen: 11912K->7126K(17408K)] 12920K->7126K(25088K) [PSPermGen: 5142K->5142K(21504K)], 0.0047720 secs] [Times: user=0.02 sys=0.01, real=0.00 secs] 
317.760: Total time for which application threads were stopped: 0.0563910 seconds, Stopping threads took: 0.0497770 seconds
317.841: Application time: 0.0808240 seconds
317.909: [GC [PSYoungGen: 6462K->646K(7680K)] 13588K->7773K(25088K), 0.0003890 secs] [Times: user=0.00 sys=0.00, real=0.01 secs] 
317.909: Total time for which application threads were stopped: 0.0684880 seconds, Stopping threads took: 0.0680330 seconds
317.910: Application time: 0.0008060 seconds
317.954: [GC [PSYoungGen: 7265K->1006K(7680K)] 14392K->13100K(25088K), 0.0018490 secs] [Times: user=0.01 sys=0.00, real=0.00 secs] 
317.956: [Full GC [PSYoungGen: 1006K->0K(7680K)] [ParOldGen: 12093K->7127K(17408K)] 13100K->7127K(25088K) [PSPermGen: 5142K->5142K(21504K)], 0.0048390 secs] [Times: user=0.02 sys=0.00, real=0.01 secs] 
317.961: Total time for which application threads were stopped: 0.0511720 seconds, Stopping threads took: 0.0443610 seconds
318.047: Application time: 0.0858600 seconds
318.102: [GC [PSYoungGen: 6462K->939K(7680K)] 13589K->8848K(25088K), 0.0006840 secs] [Times: user=0.00 sys=0.00, real=0.00 secs] 
318.103: Total time for which application threads were stopped: 0.0556150 seconds, Stopping threads took: 0.0548490 seconds
318.104: Application time: 0.0010770 seconds
318.147: [GC [PSYoungGen: 7595K->1005K(7680K)] 15504K->14097K(25088K), 0.0019490 secs] [Times: user=0.01 sys=0.00, real=0.01 secs] 
318.149: [Full GC [PSYoungGen: 1005K->0K(7680K)] [ParOldGen: 13092K->7322K(17408K)] 14097K->7322K(25088K) [PSPermGen: 5142K->5142K(21504K)], 0.0048140 secs] [Times: user=0.02 sys=0.00, real=0.00 secs] 
318.154: Total time for which application threads were stopped: 0.0505330 seconds, Stopping threads took: 0.0436410 seconds
318.245: Application time: 0.0909770 seconds
318.306: [GC [PSYoungGen: 6656K->939K(7680K)] 13978K->9434K(25088K), 0.0008370 secs] [Times: user=0.00 sys=0.00, real=0.00 secs] 
318.307: [Full GC [PSYoungGen: 939K->0K(7680K)] [ParOldGen: 8494K->3392K(17408K)] 9434K->3392K(25088K) [PSPermGen: 5142K->5142K(21504K)], 0.0039640 secs] [Times: user=0.02 sys=0.00, real=0.01 secs] 
318.311: Total time for which application threads were stopped: 0.0654150 seconds, Stopping threads took: 0.0604920 seconds
318.312: Application time: 0.0013700 seconds
318.381: [GC [PSYoungGen: 6656K->907K(7680K)] 10048K->7815K(25088K), 0.0015810 secs] [Times: user=0.01 sys=0.00, real=0.01 secs] 
318.382: Total time for which application threads were stopped: 0.0700810 seconds, Stopping threads took: 0.0684150 seconds
318.456: Application time: 0.0735930 seconds
318.501: [GC [PSYoungGen: 7253K->841K(7680K)] 14161K->7945K(25088K), 0.0005650 secs] [Times: user=0.00 sys=0.00, real=0.01 secs] 
318.501: Total time for which application threads were stopped: 0.0455990 seconds, Stopping threads took: 0.0449690 seconds
318.502: Application time: 0.0008090 seconds
318.546: [GC [PSYoungGen: 7402K->1005K(7680K)] 14505K->12503K(25088K), 0.0016530 secs] [Times: user=0.01 sys=0.00, real=0.00 secs] 
318.548: [Full GC [PSYoungGen: 1005K->0K(7680K)] [ParOldGen: 11498K->6541K(17408K)] 12503K->6541K(25088K) [PSPermGen: 5142K->5142K(21504K)], 0.0046170 secs] [Times: user=0.02 sys=0.00, real=0.01 secs] 
318.552: Total time for which application threads were stopped: 0.0501850 seconds, Stopping threads took: 0.0437910 seconds
318.639: Application time: 0.0866960 seconds
318.691: [GC [PSYoungGen: 6656K->192K(7680K)] 13197K->6733K(25088K), 0.0003890 secs] [Times: user=0.00 sys=0.00, real=0.00 secs] 
318.691: Total time for which application threads were stopped: 0.0519700 seconds, Stopping threads took: 0.0515010 seconds
318.692: Application time: 0.0008140 seconds
318.692: [GC [PSYoungGen: 6828K->1006K(7680K)] 13369K->13268K(25088K), 0.0019570 secs] [Times: user=0.01 sys=0.00, real=0.00 secs] 
318.694: [Full GC [PSYoungGen: 1006K->0K(7680K)] [ParOldGen: 12261K->7908K(17408K)] 13268K->7908K(25088K) [PSPermGen: 5142K->5142K(21504K)], 0.0047880 secs] [Times: user=0.02 sys=0.00, real=0.00 secs] 
318.699: Total time for which application threads were stopped: 0.0070680 seconds, Stopping threads took: 0.0001960 seconds
318.778: Application time: 0.0794490 seconds
318.842: [GC [PSYoungGen: 6559K->387K(7680K)] 14468K->8295K(25088K), 0.0005900 secs] [Times: user=0.01 sys=0.00, real=0.00 secs] 
318.842: Total time for which application threads were stopped: 0.0640890 seconds, Stopping threads took: 0.0634350 seconds
318.843: Application time: 0.0007760 seconds
318.843: [GC [PSYoungGen: 7025K->939K(7680K)] 14934K->14903K(25088K), 0.0022230 secs] [Times: user=0.02 sys=0.00, real=0.00 secs] 
318.846: [Full GC [PSYoungGen: 939K->0K(7680K)] [ParOldGen: 13963K->8103K(17408K)] 14903K->8103K(25088K) [PSPermGen: 5142K->5142K(21504K)], 0.0050160 secs] [Times: user=0.02 sys=0.00, real=0.01 secs] 
318.851: Total time for which application threads were stopped: 0.0075350 seconds, Stopping threads took: 0.0001650 seconds
318.929: Application time: 0.0779880 seconds
318.992: [GC [PSYoungGen: 6559K->646K(7680K)] 14663K->8750K(25088K), 0.0004230 secs] [Times: user=0.01 sys=0.00, real=0.00 secs] 
318.993: Total time for which application threads were stopped: 0.0639520 seconds, Stopping threads took: 0.0634640 seconds
318.993: Application time: 0.0007170 seconds
318.994: [GC [PSYoungGen: 7206K->1006K(7680K)] 15310K->15197K(25088K), 0.0020850 secs] [Times: user=0.02 sys=0.00, real=0.00 secs] 
318.996: [Full GC [PSYoungGen: 1006K->0K(7680K)] [ParOldGen: 14191K->8299K(17408K)] 15197K->8299K(25088K) [PSPermGen: 5142K->5142K(21504K)], 0.0049090 secs] [Times: user=0.02 sys=0.00, real=0.00 secs] 
319.001: Total time for which application threads were stopped: 0.0072750 seconds, Stopping threads took: 0.0001570 seconds
319.080: Application time: 0.0787630 seconds
319.141: [GC [PSYoungGen: 6364K->582K(7680K)] 14663K->8881K(25088K), 0.0005330 secs] [Times: user=0.00 sys=0.00, real=0.01 secs] 
319.142: [Full GC [PSYoungGen: 582K->0K(7680K)] [ParOldGen: 8299K->1927K(17408K)] 8881K->1927K(25088K) [PSPermGen: 5142K->5142K(21504K)], 0.0038650 secs] [Times: user=0.01 sys=0.00, real=0.00 secs] 
319.146: Total time for which application threads were stopped: 0.0660750 seconds, Stopping threads took: 0.0615650 seconds
319.147: Application time: 0.0010450 seconds
319.190: [GC [PSYoungGen: 6619K->1005K(7680K)] 8546K->7957K(25088K), 0.0018670 secs] [Times: user=0.01 sys=0.00, real=0.00 secs] 
319.192: Total time for which application threads were stopped: 0.0457200 seconds, Stopping threads took: 0.0437700 seconds
319.267: Application time: 0.0750360 seconds
319.313: [GC [PSYoungGen: 7545K->598K(7680K)] 14498K->7551K(25088K), 0.0006500 secs] [Times: user=0.00 sys=0.00, real=0.00 secs] 
319.314: Total time for which application threads were stopped: 0.0462780 seconds, Stopping threads took: 0.0455340 seconds
319.315: Application time: 0.0009120 seconds
319.358: [GC [PSYoungGen: 7158K->1005K(7680K)] 14111K->13096K(25088K), 0.0017970 secs] [Times: user=0.01 sys=0.00, real=0.00 secs] 
319.360: [Full GC [PSYoungGen: 1005K->0K(7680K)] [ParOldGen: 12090K->7224K(17408K)] 13096K->7224K(25088K) [PSPermGen: 5142K->5142K(21504K)], 0.0049110 secs] [Times: user=0.02 sys=0.00, real=0.01 secs] 
319.364: Total time for which application threads were stopped: 0.0498660 seconds, Stopping threads took: 0.0430450 seconds
319.439: Application time: 0.0742340 seconds
319.483: [GC [PSYoungGen: 6462K->973K(7680K)] 13687K->8979K(25088K), 0.0006560 secs] [Times: user=0.00 sys=0.00, real=0.00 secs] 
319.484: [Full GC [PSYoungGen: 973K->0K(7680K)] [ParOldGen: 8006K->2928K(17408K)] 8979K->2928K(25088K) [PSPermGen: 5142K->5142K(21504K)], 0.0041910 secs] [Times: user=0.02 sys=0.00, real=0.00 secs] 
319.488: Total time for which application threads were stopped: 0.0492520 seconds, Stopping threads took: 0.0442900 seconds
319.489: Application time: 0.0013470 seconds
319.558: [GC [PSYoungGen: 6560K->939K(7680K)] 9488K->6993K(25088K), 0.0014780 secs] [Times: user=0.01 sys=0.00, real=0.00 secs] 
319.560: Total time for which application threads were stopped: 0.0701990 seconds, Stopping threads took: 0.0686430 seconds
319.632: Application time: 0.0726810 seconds
319.643: [GC [PSYoungGen: 7265K->1005K(7680K)] 13319K->7652K(25088K), 0.0006050 secs] [Times: user=0.00 sys=0.00, real=0.00 secs] 
319.644: Total time for which application threads were stopped: 0.0118970 seconds, Stopping threads took: 0.0112230 seconds
319.653: Application time: 0.0093700 seconds
319.724: [GC [PSYoungGen: 7565K->630K(7680K)] 14212K->7278K(25088K), 0.0004260 secs] [Times: user=0.00 sys=0.00, real=0.00 secs] 
319.725: Total time for which application threads were stopped: 0.0711500 seconds, Stopping threads took: 0.0706540 seconds
319.725: Application time: 0.0007810 seconds
319.778: [GC [PSYoungGen: 7286K->1006K(7680K)] 13933K->11738K(25088K), 0.0016400 secs] [Times: user=0.01 sys=0.00, real=0.00 secs] 
319.780: [Full GC [PSYoungGen: 1006K->0K(7680K)] [ParOldGen: 10731K->6248K(17408K)] 11738K->6248K(25088K) [PSPermGen: 5142K->5142K(21504K)], 0.0051900 secs] [Times: user=0.03 sys=0.01, real=0.01 secs] 
319.785: Total time for which application threads were stopped: 0.0594340 seconds, Stopping threads took: 0.0524540 seconds
319.871: Application time: 0.0859790 seconds
319.927: [GC [PSYoungGen: 6656K->973K(7680K)] 12904K->7222K(25088K), 0.0005690 secs] [Times: user=0.01 sys=0.00, real=0.00 secs] 
319.927: Total time for which application threads were stopped: 0.0564920 seconds, Stopping threads took: 0.0558330 seconds
319.928: Application time: 0.0009580 seconds
319.976: [GC [PSYoungGen: 7533K->1005K(7680K)] 13782K->12731K(25088K), 0.0020290 secs] [Times: user=0.01 sys=0.00, real=0.00 secs] 
319.978: [Full GC [PSYoungGen: 1005K->0K(7680K)] [ParOldGen: 11725K->7615K(17408K)] 12731K->7615K(25088K) [PSPermGen: 5142K->5142K(21504K)], 0.0050270 secs] [Times: user=0.03 sys=0.00, real=0.01 secs] 
319.983: Total time for which application threads were stopped: 0.0551730 seconds, Stopping threads took: 0.0479660 seconds
320.074: Application time: 0.0904230 seconds
320.132: [GC [PSYoungGen: 6559K->973K(7680K)] 14175K->8784K(25088K), 0.0006570 secs] [Times: user=0.01 sys=0.00, real=0.00 secs] 
320.133: Total time for which application threads were stopped: 0.0591260 seconds, Stopping threads took: 0.0584000 seconds
320.134: Application time: 0.0009440 seconds
320.182: [GC [PSYoungGen: 7533K->1005K(7680K)] 15344K->14488K(25088K), 0.0019870 secs] [Times: user=0.01 sys=0.00, real=0.00 secs] 
320.184: [Full GC [PSYoungGen: 1005K->0K(7680K)] [ParOldGen: 13483K->7811K(17408K)] 14488K->7811K(25088K) [PSPermGen: 5142K->5142K(21504K)], 0.0051150 secs] [Times: user=0.02 sys=0.00, real=0.00 secs] 
320.189: Total time for which application threads were stopped: 0.0550920 seconds, Stopping threads took: 0.0478620 seconds
320.297: Application time: 0.1079330 seconds
320.364: [GC [PSYoungGen: 6540K->256K(7680K)] 14351K->8067K(25088K), 0.0003550 secs] [Times: user=0.00 sys=0.00, real=0.00 secs] 
320.364: Total time for which application threads were stopped: 0.0670900 seconds, Stopping threads took: 0.0666720 seconds
320.365: Application time: 0.0008480 seconds
320.365: [GC [PSYoungGen: 6816K->1006K(7680K)] 14627K->14530K(25088K), 0.0019430 secs] [Times: user=0.02 sys=0.00, real=0.00 secs] 
320.367: [Full GC [PSYoungGen: 1006K->0K(7680K)] [ParOldGen: 13523K->7908K(17408K)] 14530K->7908K(25088K) [PSPermGen: 5142K->5142K(21504K)], 0.0050960 secs] [Times: user=0.02 sys=0.00, real=0.01 secs] 
320.372: Total time for which application threads were stopped: 0.0073080 seconds, Stopping threads took: 0.0001370 seconds
320.470: Application time: 0.0976260 seconds
320.540: [GC [PSYoungGen: 6559K->387K(7680K)] 14468K->8296K(25088K), 0.0004290 secs] [Times: user=0.00 sys=0.00, real=0.00 secs] 
320.540: Total time for which application threads were stopped: 0.0705210 seconds, Stopping threads took: 0.0700050 seconds
320.541: Application time: 0.0007900 seconds
320.541: [GC [PSYoungGen: 6947K->1006K(7680K)] 14856K->14807K(25088K), 0.0019980 secs] [Times: user=0.02 sys=0.00, real=0.00 secs] 
320.543: [Full GC [PSYoungGen: 1006K->0K(7680K)] [ParOldGen: 13800K->8104K(17408K)] 14807K->8104K(25088K) [PSPermGen: 5142K->5142K(21504K)], 0.0049990 secs] [Times: user=0.02 sys=0.00, real=0.00 secs] 
320.548: Total time for which application threads were stopped: 0.0072740 seconds, Stopping threads took: 0.0001430 seconds
320.635: Application time: 0.0862750 seconds
320.703: [GC [PSYoungGen: 6520K->419K(7680K)] 14624K->8523K(25088K), 0.0005560 secs] [Times: user=0.00 sys=0.00, real=0.00 secs] 
320.704: [Full GC [PSYoungGen: 419K->0K(7680K)] [ParOldGen: 8104K->1789K(17408K)] 8523K->1789K(25088K) [PSPermGen: 5142K->5142K(21504K)], 0.0039390 secs] [Times: user=0.01 sys=0.00, real=0.00 secs] 
320.708: Total time for which application threads were stopped: 0.0730590 seconds, Stopping threads took: 0.0684320 seconds
320.709: Application time: 0.0010560 seconds
320.709: [GC [PSYoungGen: 6560K->1008K(7680K)] 8349K->8412K(25088K), 0.0019800 secs] [Times: user=0.01 sys=0.00, real=0.01 secs] 
320.711: [Full GC [PSYoungGen: 1008K->0K(7680K)] [ParOldGen: 7404K->8104K(17408K)] 8412K->8104K(25088K) [PSPermGen: 5142K->5142K(21504K)], 0.0053590 secs] [Times: user=0.03 sys=0.00, real=0.00 secs] 
320.717: Total time for which application threads were stopped: 0.0076800 seconds, Stopping threads took: 0.0002060 seconds
320.810: Application time: 0.0933580 seconds
320.882: [GC [PSYoungGen: 6559K->614K(7680K)] 14664K->8718K(25088K), 0.0006930 secs] [Times: user=0.00 sys=0.00, real=0.00 secs] 
320.883: [Full GC [PSYoungGen: 614K->0K(7680K)] [ParOldGen: 8104K->1947K(17408K)] 8718K->1947K(25088K) [PSPermGen: 5142K->5142K(21504K)], 0.0042970 secs] [Times: user=0.02 sys=0.00, real=0.00 secs] 
320.887: Total time for which application threads were stopped: 0.0770610 seconds, Stopping threads took: 0.0719580 seconds
320.890: Application time: 0.0025920 seconds
320.963: [GC [PSYoungGen: 6560K->1005K(7680K)] 8507K->3734K(25088K), 0.0007080 secs] [Times: user=0.01 sys=0.00, real=0.00 secs] 
320.964: Total time for which application threads were stopped: 0.0741910 seconds, Stopping threads took: 0.0733930 seconds
320.969: Application time: 0.0054480 seconds
321.042: [GC [PSYoungGen: 7368K->387K(7680K)] 10097K->3116K(25088K), 0.0005890 secs] [Times: user=0.00 sys=0.00, real=0.00 secs] 
321.042: Total time for which application threads were stopped: 0.0730410 seconds, Stopping threads took: 0.0723650 seconds
321.043: Application time: 0.0006550 seconds
321.043: [GC [PSYoungGen: 6849K->1006K(7680K)] 9578K->9530K(25088K), 0.0017100 secs] [Times: user=0.01 sys=0.00, real=0.00 secs] 
321.045: [Full GC [PSYoungGen: 1006K->0K(7680K)] [ParOldGen: 8523K->8201K(17408K)] 9530K->8201K(25088K) [PSPermGen: 5142K->5142K(21504K)], 0.0057300 secs] [Times: user=0.02 sys=0.00, real=0.01 secs] 
321.051: Total time for which application threads were stopped: 0.0077470 seconds, Stopping threads took: 0.0001870 seconds
321.134: Application time: 0.0831740 seconds
321.204: [GC [PSYoungGen: 6618K->646K(7680K)] 14820K->8848K(25088K), 0.0004620 secs] [Times: user=0.00 sys=0.00, real=0.00 secs] 
321.204: [Full GC [PSYoungGen: 646K->0K(7680K)] [ParOldGen: 8201K->1984K(17408K)] 8848K->1984K(25088K) [PSPermGen: 5142K->5142K(21504K)], 0.0038910 secs] [Times: user=0.02 sys=0.00, real=0.00 secs] 
321.208: Total time for which application threads were stopped: 0.0742840 seconds, Stopping threads took: 0.0698140 seconds
321.209: Application time: 0.0011820 seconds
321.257: [GC [PSYoungGen: 6638K->1005K(7680K)] 8622K->8076K(25088K), 0.0018860 secs] [Times: user=0.01 sys=0.00, real=0.00 secs] 
321.259: Total time for which application threads were stopped: 0.0501280 seconds, Stopping threads took: 0.0481610 seconds
321.339: Application time: 0.0795730 seconds
321.388: [GC [PSYoungGen: 7448K->907K(7680K)] 14519K->8759K(25088K), 0.0007430 secs] [Times: user=0.00 sys=0.00, real=0.00 secs] 
321.389: Total time for which application threads were stopped: 0.0495350 seconds, Stopping threads took: 0.0487220 seconds
321.390: Application time: 0.0011130 seconds
321.438: [GC [PSYoungGen: 7546K->1005K(7680K)] 15398K->13980K(25088K), 0.0018800 secs] [Times: user=0.01 sys=0.00, real=0.00 secs] 
321.440: [Full GC [PSYoungGen: 1005K->0K(7680K)] [ParOldGen: 12974K->7225K(17408K)] 13980K->7225K(25088K) [PSPermGen: 5142K->5142K(21504K)], 0.0051210 secs] [Times: user=0.02 sys=0.00, real=0.01 secs] 
321.445: Total time for which application threads were stopped: 0.0552720 seconds, Stopping threads took: 0.0481430 seconds
321.525: Application time: 0.0797100 seconds
321.574: [GC [PSYoungGen: 6656K->1005K(7680K)] 13881K->9207K(25088K), 0.0008180 secs] [Times: user=0.01 sys=0.00, real=0.00 secs] 
321.575: [Full GC [PSYoungGen: 1005K->0K(7680K)] [ParOldGen: 8202K->3124K(17408K)] 9207K->3124K(25088K) [PSPermGen: 5142K->5142K(21504K)], 0.0045560 secs] [Times: user=0.01 sys=0.00, real=0.00 secs] 
321.580: Total time for which application threads were stopped: 0.0550890 seconds, Stopping threads took: 0.0495840 seconds
321.581: Application time: 0.0013780 seconds
321.657: [GC [PSYoungGen: 6560K->907K(7680K)] 9684K->7352K(25088K), 0.0014120 secs] [Times: user=0.01 sys=0.00, real=0.00 secs] 
321.658: Total time for which application threads were stopped: 0.0769160 seconds, Stopping threads took: 0.0754150 seconds
321.736: Application time: 0.0781700 seconds
321.786: [GC [PSYoungGen: 7563K->809K(7680K)] 14008K->7645K(25088K), 0.0005360 secs] [Times: user=0.00 sys=0.00, real=0.00 secs] 
321.786: Total time for which application threads were stopped: 0.0498970 seconds, Stopping threads took: 0.0492840 seconds
321.787: Application time: 0.0010230 seconds
321.835: [GC [PSYoungGen: 7370K->907K(7680K)] 14205K->12430K(25088K), 0.0016010 secs] [Times: user=0.01 sys=0.01, real=0.00 secs] 
321.837: [Full GC [PSYoungGen: 907K->0K(7680K)] [ParOldGen: 11523K->6737K(17408K)] 12430K->6737K(25088K) [PSPermGen: 5142K->5142K(21504K)], 0.0051350 secs] [Times: user=0.03 sys=0.00, real=0.01 secs] 
321.842: Total time for which application threads were stopped: 0.0547640 seconds, Stopping threads took: 0.0479060 seconds
321.921: Application time: 0.0786500 seconds
321.924: [GC [PSYoungGen: 6559K->1005K(7680K)] 13297K->10282K(25088K), 0.0011740 secs] [Times: user=0.00 sys=0.00, real=0.00 secs] 
321.925: [Full GC [PSYoungGen: 1005K->0K(7680K)] [ParOldGen: 9276K->4687K(17408K)] 10282K->4687K(25088K) [PSPermGen: 5142K->5142K(21504K)], 0.0045790 secs] [Times: user=0.02 sys=0.00, real=0.01 secs] 
321.930: Total time for which application threads were stopped: 0.0095060 seconds, Stopping threads took: 0.0036170 seconds
322.015: Application time: 0.0850790 seconds
322.072: [GC [PSYoungGen: 6560K->387K(7680K)] 11247K->5074K(25088K), 0.0005210 secs] [Times: user=0.00 sys=0.00, real=0.00 secs] 
322.073: Total time for which application threads were stopped: 0.0575850 seconds, Stopping threads took: 0.0569750 seconds
322.074: Application time: 0.0009090 seconds
322.074: [GC [PSYoungGen: 6947K->1008K(7680K)] 11634K->11513K(25088K), 0.0020090 secs] [Times: user=0.01 sys=0.00, real=0.00 secs] 
322.076: [Full GC [PSYoungGen: 1008K->0K(7680K)] [ParOldGen: 10505K->8104K(17408K)] 11513K->8104K(25088K) [PSPermGen: 5142K->5142K(21504K)], 0.0050110 secs] [Times: user=0.03 sys=0.00, real=0.00 secs] 
322.081: Total time for which application threads were stopped: 0.0072790 seconds, Stopping threads took: 0.0001310 seconds
322.166: Application time: 0.0852040 seconds
322.239: [GC [PSYoungGen: 6559K->614K(7680K)] 14664K->8719K(25088K), 0.0004260 secs] [Times: user=0.01 sys=0.00, real=0.00 secs] 
322.239: Total time for which application threads were stopped: 0.0728930 seconds, Stopping threads took: 0.0723840 seconds
322.240: Application time: 0.0007160 seconds
322.240: [GC [PSYoungGen: 7077K->1005K(7680K)] 15181K->15172K(25088K), 0.0020350 secs] [Times: user=0.02 sys=0.00, real=0.01 secs] 
322.242: [Full GC [PSYoungGen: 1005K->0K(7680K)] [ParOldGen: 14167K->8202K(17408K)] 15172K->8202K(25088K) [PSPermGen: 5142K->5142K(21504K)], 0.0052460 secs] [Times: user=0.02 sys=0.00, real=0.00 secs] 
322.247: Total time for which application threads were stopped: 0.0076280 seconds, Stopping threads took: 0.0002150 seconds
322.331: Application time: 0.0832970 seconds
322.401: [GC [PSYoungGen: 6462K->550K(7680K)] 14664K->8752K(25088K), 0.0004500 secs] [Times: user=0.00 sys=0.00, real=0.01 secs] 
322.402: Total time for which application threads were stopped: 0.0709450 seconds, Stopping threads took: 0.0704270 seconds
322.402: Application time: 0.0008080 seconds
322.403: [GC [PSYoungGen: 7110K->1006K(7680K)] 15313K->15296K(25088K), 0.0019320 secs] [Times: user=0.01 sys=0.00, real=0.00 secs] 
322.405: [Full GC [PSYoungGen: 1006K->0K(7680K)] [ParOldGen: 14289K->8299K(17408K)] 15296K->8299K(25088K) [PSPermGen: 5142K->5142K(21504K)], 0.0053990 secs] [Times: user=0.03 sys=0.00, real=0.01 secs] 
322.410: Total time for which application threads were stopped: 0.0075780 seconds, Stopping threads took: 0.0001210 seconds
322.493: Application time: 0.0828370 seconds
322.563: [GC [PSYoungGen: 6442K->646K(7680K)] 14742K->8946K(25088K), 0.0004520 secs] [Times: user=0.00 sys=0.01, real=0.00 secs] 
322.564: [Full GC [PSYoungGen: 646K->0K(7680K)] [ParOldGen: 8299K->1956K(17408K)] 8946K->1956K(25088K) [PSPermGen: 5142K->5142K(21504K)], 0.0038250 secs] [Times: user=0.01 sys=0.00, real=0.00 secs] 
322.567: Total time for which application threads were stopped: 0.0746090 seconds, Stopping threads took: 0.0702160 seconds
322.569: Application time: 0.0011240 seconds
322.617: [GC [PSYoungGen: 6540K->1006K(7680K)] 8496K->7870K(25088K), 0.0019140 secs] [Times: user=0.01 sys=0.01, real=0.00 secs] 
322.619: Total time for which application threads were stopped: 0.0503980 seconds, Stopping threads took: 0.0483990 seconds
322.699: Application time: 0.0802060 seconds
322.748: [GC [PSYoungGen: 7547K->582K(7680K)] 14410K->7445K(25088K), 0.0005860 secs] [Times: user=0.01 sys=0.00, real=0.00 secs] 
322.749: Total time for which application threads were stopped: 0.0498800 seconds, Stopping threads took: 0.0491970 seconds
322.753: Application time: 0.0044050 seconds
322.826: [GC [PSYoungGen: 7142K->1005K(7680K)] 14006K->8649K(25088K), 0.0007550 secs] [Times: user=0.00 sys=0.01, real=0.00 secs] 
322.828: Total time for which application threads were stopped: 0.0744840 seconds, Stopping threads took: 0.0729100 seconds
322.829: Application time: 0.0008610 seconds
322.877: [GC [PSYoungGen: 7563K->1005K(7680K)] 15207K->14346K(25088K), 0.0022750 secs] [Times: user=0.02 sys=0.00, real=0.00 secs] 
322.880: [Full GC [PSYoungGen: 1005K->0K(7680K)] [ParOldGen: 13340K->8398K(17408K)] 14346K->8398K(25088K) [PSPermGen: 5142K->5142K(21504K)], 0.0051840 secs] [Times: user=0.02 sys=0.00, real=0.01 secs] 
322.885: Total time for which application threads were stopped: 0.0560040 seconds, Stopping threads took: 0.0483910 seconds
322.971: Application time: 0.0861710 seconds
323.040: [GC [PSYoungGen: 6395K->582K(7680K)] 14793K->8980K(25088K), 0.0004020 secs] [Times: user=0.00 sys=0.00, real=0.00 secs] 
323.040: [Full GC [PSYoungGen: 582K->0K(7680K)] [ParOldGen: 8398K->2012K(17408K)] 8980K->2012K(25088K) [PSPermGen: 5142K->5142K(21504K)], 0.0040560 secs] [Times: user=0.01 sys=0.00, real=0.01 secs] 
323.044: Total time for which application threads were stopped: 0.0731450 seconds, Stopping threads took: 0.0685520 seconds
323.045: Application time: 0.0010910 seconds
323.093: [GC [PSYoungGen: 6568K->1006K(7680K)] 8581K->7986K(25088K), 0.0018220 secs] [Times: user=0.01 sys=0.01, real=0.00 secs] 
323.095: Total time for which application threads were stopped: 0.0497810 seconds, Stopping threads took: 0.0478780 seconds
323.174: Application time: 0.0793130 seconds
323.223: [GC [PSYoungGen: 7644K->907K(7680K)] 14624K->9840K(25088K), 0.0011110 secs] [Times: user=0.01 sys=0.00, real=0.00 secs] 
323.224: [Full GC [PSYoungGen: 907K->0K(7680K)] [ParOldGen: 8933K->4003K(17408K)] 9840K->4003K(25088K) [PSPermGen: 5142K->5142K(21504K)], 0.0047170 secs] [Times: user=0.01 sys=0.00, real=0.01 secs] 
323.229: Total time for which application threads were stopped: 0.0548720 seconds, Stopping threads took: 0.0488950 seconds
323.315: Application time: 0.0857690 seconds
323.327: [GC [PSYoungGen: 6364K->550K(7680K)] 10368K->4554K(25088K), 0.0003750 secs] [Times: user=0.00 sys=0.00, real=0.00 secs] 
323.327: Total time for which application threads were stopped: 0.0121980 seconds, Stopping threads took: 0.0117530 seconds
323.328: Application time: 0.0008240 seconds
323.376: [GC [PSYoungGen: 7187K->1005K(7680K)] 11190K->10095K(25088K), 0.0018820 secs] [Times: user=0.01 sys=0.00, real=0.00 secs] 
323.378: [Full GC [PSYoungGen: 1005K->0K(7680K)] [ParOldGen: 9090K->7226K(17408K)] 10095K->7226K(25088K) [PSPermGen: 5142K->5142K(21504K)], 0.0051020 secs] [Times: user=0.03 sys=0.00, real=0.01 secs] 
323.383: Total time for which application threads were stopped: 0.0546990 seconds, Stopping threads took: 0.0475880 seconds
323.461: Application time: 0.0786760 seconds
323.511: [GC [PSYoungGen: 6364K->939K(7680K)] 13590K->8947K(25088K), 0.0006880 secs] [Times: user=0.00 sys=0.00, real=0.00 secs] 
323.512: Total time for which application threads were stopped: 0.0502960 seconds, Stopping threads took: 0.0495400 seconds
323.518: Application time: 0.0062300 seconds
323.588: [GC [PSYoungGen: 7499K->907K(7680K)] 15507K->10868K(25088K), 0.0009300 secs] [Times: user=0.01 sys=0.00, real=0.01 secs] 
323.589: [Full GC [PSYoungGen: 907K->0K(7680K)] [ParOldGen: 9960K->4003K(17408K)] 10868K->4003K(25088K) [PSPermGen: 5142K->5142K(21504K)], 0.0048010 secs] [Times: user=0.01 sys=0.00, real=0.00 secs] 
323.594: Total time for which application threads were stopped: 0.0762180 seconds, Stopping threads took: 0.0703390 seconds
323.676: Application time: 0.0814280 seconds
323.690: [GC [PSYoungGen: 6364K->582K(7680K)] 10368K->4586K(25088K), 0.0003750 secs] [Times: user=0.00 sys=0.00, real=0.00 secs] 
323.690: Total time for which application threads were stopped: 0.0143950 seconds, Stopping threads took: 0.0139560 seconds
323.691: Application time: 0.0008000 seconds
323.744: [GC [PSYoungGen: 7045K->1006K(7680K)] 11048K->9925K(25088K), 0.0017620 secs] [Times: user=0.01 sys=0.00, real=0.00 secs] 
323.746: Total time for which application threads were stopped: 0.0555400 seconds, Stopping threads took: 0.0537060 seconds
323.824: Application time: 0.0773010 seconds
323.867: [GC [PSYoungGen: 7662K->777K(7680K)] 16581K->9696K(25088K), 0.0006830 secs] [Times: user=0.00 sys=0.00, real=0.00 secs] 
323.868: Total time for which application threads were stopped: 0.0445820 seconds, Stopping threads took: 0.0438130 seconds
323.869: Application time: 0.0008320 seconds
323.869: [GC [PSYoungGen: 7336K->1006K(7680K)] 16254K->16208K(25088K), 0.0021790 secs] [Times: user=0.01 sys=0.00, real=0.00 secs] 
323.871: [Full GC [PSYoungGen: 1006K->0K(7680K)] [ParOldGen: 15201K->8495K(17408K)] 16208K->8495K(25088K) [PSPermGen: 5142K->5142K(21504K)], 0.0050940 secs] [Times: user=0.02 sys=0.00, real=0.00 secs] 
323.877: Total time for which application threads were stopped: 0.0075580 seconds, Stopping threads took: 0.0001510 seconds
323.955: Application time: 0.0784620 seconds
324.018: [GC [PSYoungGen: 6559K->1005K(7680K)] 15055K->9501K(25088K), 0.0006920 secs] [Times: user=0.00 sys=0.00, real=0.00 secs] 
324.019: Total time for which application threads were stopped: 0.0634740 seconds, Stopping threads took: 0.0627140 seconds
324.019: Application time: 0.0008840 seconds
324.063: [GC [PSYoungGen: 7565K->1005K(7680K)] 16061K->14978K(25088K), 0.0019750 secs] [Times: user=0.01 sys=0.00, real=0.00 secs] 
324.065: [Full GC [PSYoungGen: 1005K->0K(7680K)] [ParOldGen: 13973K->7617K(17408K)] 14978K->7617K(25088K) [PSPermGen: 5142K->5142K(21504K)], 0.0052040 secs] [Times: user=0.02 sys=0.00, real=0.01 secs] 
324.070: Total time for which application threads were stopped: 0.0510300 seconds, Stopping threads took: 0.0437140 seconds
324.150: Application time: 0.0791370 seconds
324.212: [GC [PSYoungGen: 6656K->160K(7680K)] 14273K->7777K(25088K), 0.0003890 secs] [Times: user=0.00 sys=0.00, real=0.00 secs] 
324.212: Total time for which application threads were stopped: 0.0628800 seconds, Stopping threads took: 0.0624040 seconds
324.213: Application time: 0.0007840 seconds
324.213: [GC [PSYoungGen: 6720K->1006K(7680K)] 14337K->14320K(25088K), 0.0018410 secs] [Times: user=0.01 sys=0.00, real=0.00 secs] 
324.215: [Full GC [PSYoungGen: 1006K->0K(7680K)] [ParOldGen: 13313K->7909K(17408K)] 14320K->7909K(25088K) [PSPermGen: 5142K->5142K(21504K)], 0.0052380 secs] [Times: user=0.02 sys=0.00, real=0.00 secs] 
324.221: Total time for which application threads were stopped: 0.0073850 seconds, Stopping threads took: 0.0001800 seconds
324.302: Application time: 0.0817720 seconds
324.364: [GC [PSYoungGen: 6637K->387K(7680K)] 14547K->8297K(25088K), 0.0003830 secs] [Times: user=0.00 sys=0.00, real=0.00 secs] 
324.364: Total time for which application threads were stopped: 0.0618010 seconds, Stopping threads took: 0.0613600 seconds
324.365: Application time: 0.0008140 seconds
324.365: [GC [PSYoungGen: 6947K->1005K(7680K)] 14857K->14880K(25088K), 0.0018990 secs] [Times: user=0.01 sys=0.00, real=0.00 secs] 
324.367: [Full GC [PSYoungGen: 1005K->0K(7680K)] [ParOldGen: 13875K->8105K(17408K)] 14880K->8105K(25088K) [PSPermGen: 5142K->5142K(21504K)], 0.0052210 secs] [Times: user=0.02 sys=0.00, real=0.01 secs] 
324.372: Total time for which application threads were stopped: 0.0072940 seconds, Stopping threads took: 0.0000470 seconds
324.450: Application time: 0.0776540 seconds
324.514: [GC [PSYoungGen: 6559K->614K(7680K)] 14665K->8719K(25088K), 0.0004560 secs] [Times: user=0.00 sys=0.00, real=0.00 secs] 
324.514: [Full GC [PSYoungGen: 614K->0K(7680K)] [ParOldGen: 8105K->1956K(17408K)] 8719K->1956K(25088K) [PSPermGen: 5142K->5142K(21504K)], 0.0037060 secs] [Times: user=0.01 sys=0.00, real=0.00 secs] 
324.518: Total time for which application threads were stopped: 0.0680160 seconds, Stopping threads took: 0.0637320 seconds
324.519: Application time: 0.0011820 seconds
324.561: [GC [PSYoungGen: 6618K->971K(7680K)] 8574K->8006K(25088K), 0.0017130 secs] [Times: user=0.01 sys=0.00, real=0.00 secs] 
324.563: Total time for which application threads were stopped: 0.0439890 seconds, Stopping threads took: 0.0422020 seconds
324.639: Application time: 0.0763060 seconds
324.686: [GC [PSYoungGen: 7433K->646K(7680K)] 14468K->7681K(25088K), 0.0004690 secs] [Times: user=0.00 sys=0.00, real=0.00 secs] 
324.686: Total time for which application threads were stopped: 0.0469410 seconds, Stopping threads took: 0.0464090 seconds
324.687: Application time: 0.0008390 seconds
324.731: [GC [PSYoungGen: 7109K->1008K(7680K)] 14143K->12936K(25088K), 0.0017960 secs] [Times: user=0.01 sys=0.00, real=0.00 secs] 
324.733: [Full GC [PSYoungGen: 1008K->0K(7680K)] [ParOldGen: 11928K->7128K(17408K)] 12936K->7128K(25088K) [PSPermGen: 5142K->5142K(21504K)], 0.0047780 secs] [Times: user=0.02 sys=0.00, real=0.00 secs] 
324.738: Total time for which application threads were stopped: 0.0504490 seconds, Stopping threads took: 0.0437500 seconds
324.812: Application time: 0.0746850 seconds
324.857: [GC [PSYoungGen: 6618K->646K(7680K)] 13747K->7775K(25088K), 0.0004200 secs] [Times: user=0.00 sys=0.00, real=0.00 secs] 
324.858: Total time for which application threads were stopped: 0.0455270 seconds, Stopping threads took: 0.0450350 seconds
324.861: Application time: 0.0034540 seconds
324.928: [GC [PSYoungGen: 7187K->678K(7680K)] 14316K->7807K(25088K), 0.0005050 secs] [Times: user=0.00 sys=0.00, real=0.00 secs] 
324.929: Total time for which application threads were stopped: 0.0676130 seconds, Stopping threads took: 0.0670230 seconds
324.930: Application time: 0.0006330 seconds
324.930: [GC [PSYoungGen: 7141K->1005K(7680K)] 14269K->14213K(25088K), 0.0017740 secs] [Times: user=0.01 sys=0.00, real=0.00 secs] 
324.932: [Full GC [PSYoungGen: 1005K->0K(7680K)] [ParOldGen: 13207K->8203K(17408K)] 14213K->8203K(25088K) [PSPermGen: 5142K->5142K(21504K)], 0.0051600 secs] [Times: user=0.03 sys=0.00, real=0.00 secs] 
324.937: Total time for which application threads were stopped: 0.0071540 seconds, Stopping threads took: 0.0001050 seconds
325.015: Application time: 0.0779390 seconds
325.078: [GC [PSYoungGen: 6540K->646K(7680K)] 14743K->8849K(25088K), 0.0005610 secs] [Times: user=0.00 sys=0.00, real=0.00 secs] 
325.078: [Full GC [PSYoungGen: 646K->0K(7680K)] [ParOldGen: 8203K->1758K(17408K)] 8849K->1758K(25088K) [PSPermGen: 5142K->5142K(21504K)], 0.0044840 secs] [Times: user=0.02 sys=0.00, real=0.01 secs] 
325.083: Total time for which application threads were stopped: 0.0680090 seconds, Stopping threads took: 0.0628480 seconds
325.084: Application time: 0.0010940 seconds
325.128: [GC [PSYoungGen: 6540K->1005K(7680K)] 8299K->7776K(25088K), 0.0019030 secs] [Times: user=0.02 sys=0.00, real=0.01 secs] 
325.130: Total time for which application threads were stopped: 0.0457080 seconds, Stopping threads took: 0.0437010 seconds
325.203: Application time: 0.0732670 seconds
325.248: [GC [PSYoungGen: 7467K->907K(7680K)] 14238K->8460K(25088K), 0.0007140 secs] [Times: user=0.01 sys=0.00, real=0.00 secs] 
325.249: Total time for which application threads were stopped: 0.0457560 seconds, Stopping threads took: 0.0449710 seconds
325.250: Application time: 0.0011170 seconds
325.305: [GC [PSYoungGen: 7563K->973K(7680K)] 15116K->12627K(25088K), 0.0016290 secs] [Times: user=0.02 sys=0.00, real=0.00 secs] 
325.307: [Full GC [PSYoungGen: 973K->0K(7680K)] [ParOldGen: 11654K->6250K(17408K)] 12627K->6250K(25088K) [PSPermGen: 5142K->5142K(21504K)], 0.0046230 secs] [Times: user=0.02 sys=0.00, real=0.01 secs] 
325.311: Total time for which application threads were stopped: 0.0615260 seconds, Stopping threads took: 0.0551480 seconds
325.397: Application time: 0.0858690 seconds
325.453: [GC [PSYoungGen: 6656K->1005K(7680K)] 12906K->7255K(25088K), 0.0005080 secs] [Times: user=0.00 sys=0.00, real=0.00 secs] 
325.454: Total time for which application threads were stopped: 0.0567920 seconds, Stopping threads took: 0.0562170 seconds
325.455: Application time: 0.0010390 seconds
325.498: [GC [PSYoungGen: 7565K->939K(7680K)] 13815K->12756K(25088K), 0.0019800 secs] [Times: user=0.01 sys=0.00, real=0.00 secs] 
325.500: [Full GC [PSYoungGen: 939K->0K(7680K)] [ParOldGen: 11817K->7617K(17408K)] 12756K->7617K(25088K) [PSPermGen: 5142K->5142K(21504K)], 0.0049090 secs] [Times: user=0.02 sys=0.00, real=0.01 secs] 
325.505: Total time for which application threads were stopped: 0.0504330 seconds, Stopping threads took: 0.0434150 seconds
325.581: Application time: 0.0754080 seconds
325.645: [GC [PSYoungGen: 6656K->128K(7680K)] 14273K->7745K(25088K), 0.0004680 secs] [Times: user=0.01 sys=0.00, real=0.00 secs] 
325.646: Total time for which application threads were stopped: 0.0648440 seconds, Stopping threads took: 0.0643000 seconds
325.649: Application time: 0.0035830 seconds
325.716: [GC [PSYoungGen: 6590K->128K(7680K)] 14208K->7745K(25088K), 0.0004750 secs] [Times: user=0.00 sys=0.00, real=0.00 secs] 
325.716: Total time for which application threads were stopped: 0.0672140 seconds, Stopping threads took: 0.0666600 seconds
325.717: Application time: 0.0005680 seconds
325.717: [GC [PSYoungGen: 6688K->1008K(7680K)] 14305K->14248K(25088K), 0.0017070 secs] [Times: user=0.02 sys=0.00, real=0.00 secs] 
325.719: [Full GC [PSYoungGen: 1008K->0K(7680K)] [ParOldGen: 13240K->7910K(17408K)] 14248K->7910K(25088K) [PSPermGen: 5142K->5142K(21504K)], 0.0053130 secs] [Times: user=0.02 sys=0.00, real=0.01 secs] 
325.724: Total time for which application threads were stopped: 0.0073410 seconds, Stopping threads took: 0.0001830 seconds
325.802: Application time: 0.0773570 seconds
325.865: [GC [PSYoungGen: 6559K->419K(7680K)] 14470K->8329K(25088K), 0.0003950 secs] [Times: user=0.00 sys=0.00, real=0.00 secs] 
325.865: [Full GC [PSYoungGen: 419K->0K(7680K)] [ParOldGen: 7910K->1732K(17408K)] 8329K->1732K(25088K) [PSPermGen: 5142K->5142K(21504K)], 0.0039860 secs] [Times: user=0.02 sys=0.00, real=0.00 secs] 
325.869: Total time for which application threads were stopped: 0.0673290 seconds, Stopping threads took: 0.0628140 seconds
325.870: Application time: 0.0012380 seconds
325.870: [GC [PSYoungGen: 6560K->1005K(7680K)] 8292K->8507K(25088K), 0.0018450 secs] [Times: user=0.02 sys=0.00, real=0.00 secs] 
325.872: [Full GC [PSYoungGen: 1005K->0K(7680K)] [ParOldGen: 7502K->8105K(17408K)] 8507K->8105K(25088K) [PSPermGen: 5142K->5142K(21504K)], 0.0050590 secs] [Times: user=0.02 sys=0.00, real=0.00 secs] 
325.877: Total time for which application threads were stopped: 0.0071010 seconds, Stopping threads took: 0.0000710 seconds
325.955: Application time: 0.0777620 seconds
326.018: [GC [PSYoungGen: 6559K->614K(7680K)] 14665K->8720K(25088K), 0.0005670 secs] [Times: user=0.00 sys=0.00, real=0.00 secs] 
326.019: [Full GC [PSYoungGen: 614K->0K(7680K)] [ParOldGen: 8105K->1927K(17408K)] 8720K->1927K(25088K) [PSPermGen: 5142K->5142K(21504K)], 0.0035590 secs] [Times: user=0.02 sys=0.00, real=0.01 secs] 
326.022: Total time for which application threads were stopped: 0.0673330 seconds, Stopping threads took: 0.0630970 seconds
326.024: Application time: 0.0012740 seconds
326.066: [GC [PSYoungGen: 6560K->1005K(7680K)] 8487K->8019K(25088K), 0.0018400 secs] [Times: user=0.01 sys=0.00, real=0.00 secs] 
326.068: Total time for which application threads were stopped: 0.0443120 seconds, Stopping threads took: 0.0423940 seconds
326.143: Application time: 0.0752250 seconds
326.189: [GC [PSYoungGen: 7369K->550K(7680K)] 14383K->7564K(25088K), 0.0005670 secs] [Times: user=0.00 sys=0.00, real=0.00 secs] 
326.190: Total time for which application threads were stopped: 0.0466960 seconds, Stopping threads took: 0.0460340 seconds
326.191: Application time: 0.0008280 seconds
326.235: [GC [PSYoungGen: 7150K->1005K(7680K)] 14164K->12990K(25088K), 0.0017910 secs] [Times: user=0.01 sys=0.00, real=0.00 secs] 
326.237: [Full GC [PSYoungGen: 1005K->0K(7680K)] [ParOldGen: 11985K->7031K(17408K)] 12990K->7031K(25088K) [PSPermGen: 5142K->5142K(21504K)], 0.0051640 secs] [Times: user=0.03 sys=0.00, real=0.01 secs] 
326.242: Total time for which application threads were stopped: 0.0509550 seconds, Stopping threads took: 0.0438520 seconds
326.316: Application time: 0.0745420 seconds
326.361: [GC [PSYoungGen: 6559K->582K(7680K)] 13591K->7614K(25088K), 0.0004450 secs] [Times: user=0.00 sys=0.00, real=0.01 secs] 
326.361: Total time for which application threads were stopped: 0.0449240 seconds, Stopping threads took: 0.0444110 seconds
326.362: Application time: 0.0008540 seconds
326.406: [GC [PSYoungGen: 7045K->1005K(7680K)] 14076K->13025K(25088K), 0.0017690 secs] [Times: user=0.01 sys=0.00, real=0.00 secs] 
326.407: [Full GC [PSYoungGen: 1005K->0K(7680K)] [ParOldGen: 12020K->7129K(17408K)] 13025K->7129K(25088K) [PSPermGen: 5142K->5142K(21504K)], 0.0048840 secs] [Times: user=0.02 sys=0.00, real=0.01 secs] 
326.412: Total time for which application threads were stopped: 0.0502500 seconds, Stopping threads took: 0.0434680 seconds
326.487: Application time: 0.0749290 seconds
326.532: [GC [PSYoungGen: 6540K->614K(7680K)] 13669K->7744K(25088K), 0.0004220 secs] [Times: user=0.00 sys=0.00, real=0.00 secs] 
326.533: Total time for which application threads were stopped: 0.0454430 seconds, Stopping threads took: 0.0449550 seconds
326.534: Application time: 0.0008620 seconds
326.576: [GC [PSYoungGen: 7253K->1006K(7680K)] 14382K->12118K(25088K), 0.0016630 secs] [Times: user=0.01 sys=0.00, real=0.00 secs] 
326.578: [Full GC [PSYoungGen: 1006K->0K(7680K)] [ParOldGen: 11111K->6153K(17408K)] 12118K->6153K(25088K) [PSPermGen: 5142K->5142K(21504K)], 0.0045820 secs] [Times: user=0.02 sys=0.00, real=0.01 secs] 
326.583: Total time for which application threads were stopped: 0.0489510 seconds, Stopping threads took: 0.0425790 seconds
326.670: Application time: 0.0871950 seconds
326.715: [GC [PSYoungGen: 6364K->939K(7680K)] 12517K->7874K(25088K), 0.0006450 secs] [Times: user=0.00 sys=0.00, real=0.00 secs] 
326.716: Total time for which application threads were stopped: 0.0463020 seconds, Stopping threads took: 0.0455780 seconds
326.717: Application time: 0.0009890 seconds
326.761: [GC [PSYoungGen: 7578K->1005K(7680K)] 14512K->13026K(25088K), 0.0019050 secs] [Times: user=0.01 sys=0.00, real=0.01 secs] 
326.763: [Full GC [PSYoungGen: 1005K->0K(7680K)] [ParOldGen: 12020K->7227K(17408K)] 13026K->7227K(25088K) [PSPermGen: 5142K->5142K(21504K)], 0.0049510 secs] [Times: user=0.02 sys=0.00, real=0.00 secs] 
326.768: Total time for which application threads were stopped: 0.0505000 seconds, Stopping threads took: 0.0435110 seconds
326.841: Application time: 0.0737710 seconds
326.885: [GC [PSYoungGen: 6540K->841K(7680K)] 13767K->9046K(25088K), 0.0006940 secs] [Times: user=0.00 sys=0.00, real=0.00 secs] 
326.886: Total time for which application threads were stopped: 0.0443180 seconds, Stopping threads took: 0.0435510 seconds
326.887: Application time: 0.0011000 seconds
326.928: [GC [PSYoungGen: 7402K->1005K(7680K)] 15606K->14417K(25088K), 0.0019730 secs] [Times: user=0.01 sys=0.00, real=0.01 secs] 
326.930: [Full GC [PSYoungGen: 1005K->0K(7680K)] [ParOldGen: 13412K->7325K(17408K)] 14417K->7325K(25088K) [PSPermGen: 5142K->5142K(21504K)], 0.0048080 secs] [Times: user=0.03 sys=0.00, real=0.00 secs] 
326.935: Total time for which application threads were stopped: 0.0479000 seconds, Stopping threads took: 0.0409960 seconds
327.010: Application time: 0.0758020 seconds
327.055: [GC [PSYoungGen: 6345K->875K(7680K)] 13670K->8982K(25088K), 0.0007320 secs] [Times: user=0.00 sys=0.00, real=0.00 secs] 
327.056: Total time for which application threads were stopped: 0.0452550 seconds, Stopping threads took: 0.0444550 seconds
327.057: Application time: 0.0011420 seconds
327.101: [GC [PSYoungGen: 7531K->939K(7680K)] 15638K->14319K(25088K), 0.0019910 secs] [Times: user=0.01 sys=0.00, real=0.01 secs] 
327.103: [Full GC [PSYoungGen: 939K->0K(7680K)] [ParOldGen: 13380K->7325K(17408K)] 14319K->7325K(25088K) [PSPermGen: 5142K->5142K(21504K)], 0.0048190 secs] [Times: user=0.02 sys=0.00, real=0.00 secs] 
327.108: Total time for which application threads were stopped: 0.0506740 seconds, Stopping threads took: 0.0437240 seconds
327.193: Application time: 0.0854800 seconds
327.256: [GC [PSYoungGen: 6656K->646K(7680K)] 13981K->8362K(25088K), 0.0004710 secs] [Times: user=0.01 sys=0.00, real=0.00 secs] 
327.256: Total time for which application threads were stopped: 0.0634100 seconds, Stopping threads took: 0.0628680 seconds
327.257: Application time: 0.0009000 seconds
327.308: [GC [PSYoungGen: 7206K->1005K(7680K)] 14922K->14198K(25088K), 0.0019590 secs] [Times: user=0.01 sys=0.00, real=0.01 secs] 
327.310: [Full GC [PSYoungGen: 1005K->0K(7680K)] [ParOldGen: 13192K->7618K(17408K)] 14198K->7618K(25088K) [PSPermGen: 5142K->5142K(21504K)], 0.0047040 secs] [Times: user=0.02 sys=0.00, real=0.00 secs] 
327.315: Total time for which application threads were stopped: 0.0574570 seconds, Stopping threads took: 0.0506620 seconds
327.420: Application time: 0.1048600 seconds
327.477: [GC [PSYoungGen: 6656K->160K(7680K)] 14274K->7778K(25088K), 0.0004340 secs] [Times: user=0.00 sys=0.00, real=0.00 secs] 
327.477: Total time for which application threads were stopped: 0.0576670 seconds, Stopping threads took: 0.0571670 seconds
327.481: Application time: 0.0039110 seconds
327.548: [GC [PSYoungGen: 6622K->224K(7680K)] 14240K->7842K(25088K), 0.0003610 secs] [Times: user=0.00 sys=0.00, real=0.00 secs] 
327.548: Total time for which application threads were stopped: 0.0667700 seconds, Stopping threads took: 0.0663520 seconds
327.549: Application time: 0.0005870 seconds
327.549: [GC [PSYoungGen: 6784K->1008K(7680K)] 14402K->14249K(25088K), 0.0017040 secs] [Times: user=0.01 sys=0.00, real=0.01 secs] 
327.550: [Full GC [PSYoungGen: 1008K->0K(7680K)] [ParOldGen: 13240K->7910K(17408K)] 14249K->7910K(25088K) [PSPermGen: 5142K->5142K(21504K)], 0.0053300 secs] [Times: user=0.02 sys=0.00, real=0.00 secs] 
327.556: Total time for which application threads were stopped: 0.0072670 seconds, Stopping threads took: 0.0001160 seconds
327.633: Application time: 0.0774810 seconds
327.702: [GC [PSYoungGen: 6559K->451K(7680K)] 14470K->8362K(25088K), 0.0005380 secs] [Times: user=0.00 sys=0.00, real=0.00 secs] 
327.702: Total time for which application threads were stopped: 0.0691360 seconds, Stopping threads took: 0.0685280 seconds
327.703: Application time: 0.0008470 seconds
327.751: [GC [PSYoungGen: 7011K->1005K(7680K)] 14922K->13807K(25088K), 0.0016410 secs] [Times: user=0.01 sys=0.00, real=0.00 secs] 
327.753: [Full GC [PSYoungGen: 1005K->0K(7680K)] [ParOldGen: 12802K->7032K(17408K)] 13807K->7032K(25088K) [PSPermGen: 5142K->5142K(21504K)], 0.0050140 secs] [Times: user=0.02 sys=0.00, real=0.00 secs] 
327.758: Total time for which application threads were stopped: 0.0549240 seconds, Stopping threads took: 0.0481190 seconds
327.838: Application time: 0.0795530 seconds
327.888: [GC [PSYoungGen: 6266K->1005K(7680K)] 13298K->8436K(25088K), 0.0006590 secs] [Times: user=0.00 sys=0.00, real=0.01 secs] 
327.889: Total time for which application threads were stopped: 0.0515330 seconds, Stopping threads took: 0.0499200 seconds
327.890: Application time: 0.0010040 seconds
327.947: [GC [PSYoungGen: 7565K->907K(7680K)] 14996K->13221K(25088K), 0.0018300 secs] [Times: user=0.02 sys=0.00, real=0.00 secs] 
327.949: [Full GC [PSYoungGen: 907K->0K(7680K)] [ParOldGen: 12313K->6934K(17408K)] 13221K->6934K(25088K) [PSPermGen: 5142K->5142K(21504K)], 0.0051790 secs] [Times: user=0.02 sys=0.00, real=0.01 secs] 
327.954: Total time for which application threads were stopped: 0.0635130 seconds, Stopping threads took: 0.0563530 seconds
328.034: Application time: 0.0797710 seconds
328.083: [GC [PSYoungGen: 6638K->989K(7680K)] 13572K->8509K(25088K), 0.0008800 secs] [Times: user=0.00 sys=0.00, real=0.00 secs] 
328.084: Total time for which application threads were stopped: 0.0499050 seconds, Stopping threads took: 0.0489200 seconds
328.085: Application time: 0.0010470 seconds
328.132: [GC [PSYoungGen: 7549K->1005K(7680K)] 15069K->13506K(25088K), 0.0021440 secs] [Times: user=0.02 sys=0.00, real=0.00 secs] 
328.135: [Full GC [PSYoungGen: 1005K->0K(7680K)] [ParOldGen: 12501K->7130K(17408K)] 13506K->7130K(25088K) [PSPermGen: 5142K->5142K(21504K)], 0.0049390 secs] [Times: user=0.02 sys=0.00, real=0.00 secs] 
328.140: Total time for which application threads were stopped: 0.0549670 seconds, Stopping threads took: 0.0477290 seconds
328.223: Application time: 0.0831210 seconds
328.271: [GC [PSYoungGen: 6618K->646K(7680K)] 13748K->7776K(25088K), 0.0004000 secs] [Times: user=0.00 sys=0.00, real=0.00 secs] 
328.271: Total time for which application threads were stopped: 0.0483410 seconds, Stopping threads took: 0.0478730 seconds
328.272: Application time: 0.0009110 seconds
328.320: [GC [PSYoungGen: 7109K->1005K(7680K)] 14239K->13176K(25088K), 0.0018430 secs] [Times: user=0.02 sys=0.00, real=0.01 secs] 
328.322: [Full GC [PSYoungGen: 1005K->0K(7680K)] [ParOldGen: 12170K->7129K(17408K)] 13176K->7129K(25088K) [PSPermGen: 5142K->5142K(21504K)], 0.0050790 secs] [Times: user=0.02 sys=0.00, real=0.00 secs] 
328.327: Total time for which application threads were stopped: 0.0551180 seconds, Stopping threads took: 0.0480690 seconds
328.408: Application time: 0.0811010 seconds
328.457: [GC [PSYoungGen: 6462K->582K(7680K)] 13592K->7712K(25088K), 0.0004770 secs] [Times: user=0.00 sys=0.00, real=0.00 secs] 
328.457: Total time for which application threads were stopped: 0.0490490 seconds, Stopping threads took: 0.0485040 seconds
328.458: Application time: 0.0009030 seconds
328.506: [GC [PSYoungGen: 7219K->1005K(7680K)] 14349K->13213K(25088K), 0.0018820 secs] [Times: user=0.01 sys=0.00, real=0.00 secs] 
328.508: [Full GC [PSYoungGen: 1005K->0K(7680K)] [ParOldGen: 12208K->7227K(17408K)] 13213K->7227K(25088K) [PSPermGen: 5142K->5142K(21504K)], 0.0051220 secs] [Times: user=0.02 sys=0.00, real=0.01 secs] 
328.513: Total time for which application threads were stopped: 0.0552010 seconds, Stopping threads took: 0.0480640 seconds
328.596: Application time: 0.0822680 seconds
328.642: [GC [PSYoungGen: 6364K->646K(7680K)] 13592K->7874K(25088K), 0.0005740 secs] [Times: user=0.00 sys=0.00, real=0.00 secs] 
328.643: Total time for which application threads were stopped: 0.0472520 seconds, Stopping threads took: 0.0465830 seconds
328.644: Application time: 0.0009510 seconds
328.692: [GC [PSYoungGen: 7265K->1005K(7680K)] 14493K->13258K(25088K), 0.0018710 secs] [Times: user=0.02 sys=0.00, real=0.00 secs] 
328.694: [Full GC [PSYoungGen: 1005K->0K(7680K)] [ParOldGen: 12252K->7130K(17408K)] 13258K->7130K(25088K) [PSPermGen: 5142K->5142K(21504K)], 0.0051550 secs] [Times: user=0.02 sys=0.00, real=0.00 secs] 
328.699: Total time for which application threads were stopped: 0.0552200 seconds, Stopping threads took: 0.0480620 seconds
328.785: Application time: 0.0856510 seconds
328.841: [GC [PSYoungGen: 6462K->875K(7680K)] 13592K->8787K(25088K), 0.0007690 secs] [Times: user=0.00 sys=0.00, real=0.00 secs] 
328.842: Total time for which application threads were stopped: 0.0574660 seconds, Stopping threads took: 0.0566230 seconds
328.843: Application time: 0.0009510 seconds
328.891: [GC [PSYoungGen: 7514K->1005K(7680K)] 15425K->15101K(25088K), 0.0023460 secs] [Times: user=0.01 sys=0.00, real=0.00 secs] 
328.893: [Full GC [PSYoungGen: 1005K->0K(7680K)] [ParOldGen: 14096K->8302K(17408K)] 15101K->8302K(25088K) [PSPermGen: 5142K->5142K(21504K)], 0.0052300 secs] [Times: user=0.03 sys=0.00, real=0.00 secs] 
328.899: Total time for which application threads were stopped: 0.0555340 seconds, Stopping threads took: 0.0478020 seconds
329.004: Application time: 0.1049410 seconds
329.075: [GC [PSYoungGen: 6442K->646K(7680K)] 14744K->8949K(25088K), 0.0006210 secs] [Times: user=0.00 sys=0.00, real=0.00 secs] 
329.075: [Full GC [PSYoungGen: 646K->0K(7680K)] [ParOldGen: 8302K->1984K(17408K)] 8949K->1984K(25088K) [PSPermGen: 5142K->5142K(21504K)], 0.0040650 secs] [Times: user=0.01 sys=0.00, real=0.00 secs] 
329.079: Total time for which application threads were stopped: 0.0757290 seconds, Stopping threads took: 0.0709090 seconds
329.080: Application time: 0.0012090 seconds
329.134: [GC [PSYoungGen: 6462K->1005K(7680K)] 8446K->7978K(25088K), 0.0018170 secs] [Times: user=0.01 sys=0.00, real=0.00 secs] 
329.136: Total time for which application threads were stopped: 0.0552220 seconds, Stopping threads took: 0.0533240 seconds
329.218: Application time: 0.0824860 seconds
329.266: [GC [PSYoungGen: 7661K->777K(7680K)] 14634K->7751K(25088K), 0.0007930 secs] [Times: user=0.00 sys=0.00, real=0.00 secs] 
329.266: Total time for which application threads were stopped: 0.0481450 seconds, Stopping threads took: 0.0472590 seconds
329.267: Application time: 0.0009070 seconds
329.325: [GC [PSYoungGen: 7338K->1006K(7680K)] 14311K->12106K(25088K), 0.0016490 secs] [Times: user=0.01 sys=0.00, real=0.00 secs] 
329.327: [Full GC [PSYoungGen: 1006K->0K(7680K)] [ParOldGen: 11099K->6349K(17408K)] 12106K->6349K(25088K) [PSPermGen: 5142K->5142K(21504K)], 0.0054970 secs] [Times: user=0.02 sys=0.00, real=0.01 secs] 
329.332: Total time for which application threads were stopped: 0.0651840 seconds, Stopping threads took: 0.0579180 seconds
329.422: Application time: 0.0898880 seconds
329.482: [GC [PSYoungGen: 6559K->941K(7680K)] 12909K->7290K(25088K), 0.0007510 secs] [Times: user=0.00 sys=0.00, real=0.00 secs] 
329.483: Total time for which application threads were stopped: 0.0606980 seconds, Stopping threads took: 0.0598570 seconds
329.484: Application time: 0.0009600 seconds
329.532: [GC [PSYoungGen: 7501K->1005K(7680K)] 13850K->12831K(25088K), 0.0020130 secs] [Times: user=0.01 sys=0.00, real=0.00 secs] 
329.534: [Full GC [PSYoungGen: 1005K->0K(7680K)] [ParOldGen: 11826K->7618K(17408K)] 12831K->7618K(25088K) [PSPermGen: 5142K->5142K(21504K)], 0.0050920 secs] [Times: user=0.02 sys=0.00, real=0.00 secs] 
329.539: Total time for which application threads were stopped: 0.0549610 seconds, Stopping threads took: 0.0477320 seconds
329.624: Application time: 0.0846210 seconds
329.681: [GC [PSYoungGen: 6559K->875K(7680K)] 14178K->9861K(25088K), 0.0009780 secs] [Times: user=0.00 sys=0.00, real=0.01 secs] 
329.682: [Full GC [PSYoungGen: 875K->0K(7680K)] [ParOldGen: 8985K->3587K(17408K)] 9861K->3587K(25088K) [PSPermGen: 5142K->5142K(21504K)], 0.0042390 secs] [Times: user=0.02 sys=0.00, real=0.00 secs] 
329.686: Total time for which application threads were stopped: 0.0627400 seconds, Stopping threads took: 0.0573670 seconds
329.774: Application time: 0.0875720 seconds
329.782: [GC [PSYoungGen: 6560K->160K(7680K)] 10147K->3747K(25088K), 0.0005430 secs] [Times: user=0.01 sys=0.00, real=0.00 secs] 
329.783: Total time for which application threads were stopped: 0.0087730 seconds, Stopping threads took: 0.0081440 seconds
329.783: Application time: 0.0007880 seconds
329.784: [GC [PSYoungGen: 6798K->1005K(7680K)] 10386K->10363K(25088K), 0.0020920 secs] [Times: user=0.01 sys=0.00, real=0.00 secs] 
329.786: [Full GC [PSYoungGen: 1005K->0K(7680K)] [ParOldGen: 9357K->7911K(17408K)] 10363K->7911K(25088K) [PSPermGen: 5142K->5142K(21504K)], 0.0050030 secs] [Times: user=0.03 sys=0.00, real=0.01 secs] 
329.791: Total time for which application threads were stopped: 0.0074370 seconds, Stopping threads took: 0.0001960 seconds
329.874: Application time: 0.0828460 seconds
329.943: [GC [PSYoungGen: 6559K->451K(7680K)] 14471K->8362K(25088K), 0.0004700 secs] [Times: user=0.00 sys=0.00, real=0.00 secs] 
329.943: Total time for which application threads were stopped: 0.0696320 seconds, Stopping threads took: 0.0690920 seconds
329.944: Application time: 0.0007710 seconds
329.944: [GC [PSYoungGen: 7011K->1006K(7680K)] 14923K->14802K(25088K), 0.0021780 secs] [Times: user=0.01 sys=0.00, real=0.00 secs] 
329.947: [Full GC [PSYoungGen: 1006K->0K(7680K)] [ParOldGen: 13795K->8106K(17408K)] 14802K->8106K(25088K) [PSPermGen: 5142K->5142K(21504K)], 0.0052060 secs] [Times: user=0.02 sys=0.00, real=0.01 secs] 
329.952: Total time for which application threads were stopped: 0.0077120 seconds, Stopping threads took: 0.0001850 seconds
330.038: Application time: 0.0863970 seconds
330.105: [GC [PSYoungGen: 6637K->646K(7680K)] 14744K->8753K(25088K), 0.0004320 secs] [Times: user=0.00 sys=0.00, real=0.00 secs] 
330.105: [Full GC [PSYoungGen: 646K->0K(7680K)] [ParOldGen: 8106K->1956K(17408K)] 8753K->1956K(25088K) [PSPermGen: 5142K->5142K(21504K)], 0.0040530 secs] [Times: user=0.01 sys=0.00, real=0.01 secs] 
330.109: Total time for which application threads were stopped: 0.0709930 seconds, Stopping threads took: 0.0663900 seconds
330.111: Application time: 0.0012960 seconds
330.159: [GC [PSYoungGen: 6560K->1005K(7680K)] 8516K->8047K(25088K), 0.0018200 secs] [Times: user=0.01 sys=0.01, real=0.00 secs] 
330.160: Total time for which application threads were stopped: 0.0499120 seconds, Stopping threads took: 0.0480180 seconds
330.242: Application time: 0.0812510 seconds
330.289: [GC [PSYoungGen: 7369K->875K(7680K)] 14412K->8699K(25088K), 0.0006650 secs] [Times: user=0.00 sys=0.00, real=0.00 secs] 
330.290: Total time for which application threads were stopped: 0.0484170 seconds, Stopping threads took: 0.0476700 seconds
330.298: Application time: 0.0076720 seconds
330.367: [GC [PSYoungGen: 7435K->941K(7680K)] 15259K->9546K(25088K), 0.0008980 secs] [Times: user=0.01 sys=0.00, real=0.00 secs] 
330.368: [Full GC [PSYoungGen: 941K->0K(7680K)] [ParOldGen: 8605K->3127K(17408K)] 9546K->3127K(25088K) [PSPermGen: 5142K->5142K(21504K)], 0.0044220 secs] [Times: user=0.01 sys=0.00, real=0.01 secs] 
330.373: Total time for which application threads were stopped: 0.0747620 seconds, Stopping threads took: 0.0692970 seconds
330.374: Application time: 0.0015000 seconds
330.444: [GC [PSYoungGen: 6560K->1005K(7680K)] 9687K->8242K(25088K), 0.0019140 secs] [Times: user=0.01 sys=0.00, real=0.00 secs] 
330.446: Total time for which application threads were stopped: 0.0716120 seconds, Stopping threads took: 0.0696180 seconds
330.525: Application time: 0.0789480 seconds
330.527: [GC [PSYoungGen: 7643K->907K(7680K)] 14881K->10293K(25088K), 0.0011710 secs] [Times: user=0.00 sys=0.00, real=0.00 secs] 
330.528: [Full GC [PSYoungGen: 907K->0K(7680K)] [ParOldGen: 9386K->4200K(17408K)] 10293K->4200K(25088K) [PSPermGen: 5142K->5142K(21504K)], 0.0046480 secs] [Times: user=0.01 sys=0.00, real=0.01 secs] 
330.533: Total time for which application threads were stopped: 0.0081230 seconds, Stopping threads took: 0.0021840 seconds
330.619: Application time: 0.0860890 seconds
330.629: [GC [PSYoungGen: 6638K->1005K(7680K)] 10839K->5206K(25088K), 0.0004770 secs] [Times: user=0.00 sys=0.00, real=0.00 secs] 
330.629: Total time for which application threads were stopped: 0.0102010 seconds, Stopping threads took: 0.0096570 seconds
330.630: Application time: 0.0009930 seconds
330.702: [GC [PSYoungGen: 7543K->1005K(7680K)] 11744K->7378K(25088K), 0.0011320 secs] [Times: user=0.01 sys=0.00, real=0.00 secs] 
330.703: Total time for which application threads were stopped: 0.0727220 seconds, Stopping threads took: 0.0715190 seconds
330.783: Application time: 0.0797840 seconds
330.786: [GC [PSYoungGen: 7546K->941K(7680K)] 13919K->7314K(25088K), 0.0004900 secs] [Times: user=0.00 sys=0.00, real=0.00 secs] 
330.787: Total time for which application threads were stopped: 0.0044010 seconds, Stopping threads took: 0.0038410 seconds
330.788: Application time: 0.0009810 seconds
330.836: [GC [PSYoungGen: 7501K->1005K(7680K)] 13874K->12916K(25088K), 0.0019940 secs] [Times: user=0.01 sys=0.00, real=0.00 secs] 
330.838: [Full GC [PSYoungGen: 1005K->0K(7680K)] [ParOldGen: 11910K->7619K(17408K)] 12916K->7619K(25088K) [PSPermGen: 5142K->5142K(21504K)], 0.0050390 secs] [Times: user=0.02 sys=0.00, real=0.01 secs] 
330.843: Total time for which application threads were stopped: 0.0550330 seconds, Stopping threads took: 0.0478610 seconds
330.942: Application time: 0.0993620 seconds
331.000: [GC [PSYoungGen: 6638K->941K(7680K)] 14257K->8755K(25088K), 0.0007500 secs] [Times: user=0.01 sys=0.00, real=0.00 secs] 
331.000: Total time for which application threads were stopped: 0.0580880 seconds, Stopping threads took: 0.0572560 seconds
331.002: Application time: 0.0018040 seconds
331.079: [GC [PSYoungGen: 7501K->160K(7680K)] 15316K->7974K(25088K), 0.0004120 secs] [Times: user=0.00 sys=0.00, real=0.00 secs] 
331.079: Total time for which application threads were stopped: 0.0768880 seconds, Stopping threads took: 0.0764090 seconds
331.080: Application time: 0.0006730 seconds
331.080: [GC [PSYoungGen: 6720K->1006K(7680K)] 14534K->14541K(25088K), 0.0018580 secs] [Times: user=0.01 sys=0.00, real=0.01 secs] 
331.082: [Full GC [PSYoungGen: 1006K->0K(7680K)] [ParOldGen: 13534K->7912K(17408K)] 14541K->7912K(25088K) [PSPermGen: 5142K->5142K(21504K)], 0.0052030 secs] [Times: user=0.02 sys=0.00, real=0.00 secs] 
331.087: Total time for which application threads were stopped: 0.0073990 seconds, Stopping threads took: 0.0002150 seconds
331.173: Application time: 0.0856560 seconds
331.241: [GC [PSYoungGen: 6637K->355K(7680K)] 14549K->8267K(25088K), 0.0004860 secs] [Times: user=0.00 sys=0.00, real=0.00 secs] 
331.242: Total time for which application threads were stopped: 0.0688520 seconds, Stopping threads took: 0.0682740 seconds
331.243: Application time: 0.0007600 seconds
331.243: [GC [PSYoungGen: 6915K->1005K(7680K)] 14827K->14890K(25088K), 0.0021060 secs] [Times: user=0.01 sys=0.00, real=0.00 secs] 
331.245: [Full GC [PSYoungGen: 1005K->0K(7680K)] [ParOldGen: 13885K->8107K(17408K)] 14890K->8107K(25088K) [PSPermGen: 5142K->5142K(21504K)], 0.0052060 secs] [Times: user=0.02 sys=0.00, real=0.01 secs] 
331.250: Total time for which application threads were stopped: 0.0076660 seconds, Stopping threads took: 0.0002190 seconds
331.335: Application time: 0.0852610 seconds
331.403: [GC [PSYoungGen: 6559K->582K(7680K)] 14667K->8690K(25088K), 0.0004390 secs] [Times: user=0.00 sys=0.00, real=0.00 secs] 
331.404: Total time for which application threads were stopped: 0.0682380 seconds, Stopping threads took: 0.0677170 seconds
331.404: Application time: 0.0008130 seconds
331.457: [GC [PSYoungGen: 7142K->907K(7680K)] 15250K->13116K(25088K), 0.0014660 secs] [Times: user=0.01 sys=0.00, real=0.00 secs] 
331.458: [Full GC [PSYoungGen: 907K->0K(7680K)] [ParOldGen: 12209K->6154K(17408K)] 13116K->6154K(25088K) [PSPermGen: 5142K->5142K(21504K)], 0.0049180 secs] [Times: user=0.02 sys=0.00, real=0.01 secs] 
331.463: Total time for which application threads were stopped: 0.0587720 seconds, Stopping threads took: 0.0522660 seconds
331.545: Application time: 0.0819650 seconds
331.551: [GC [PSYoungGen: 6540K->939K(7680K)] 12694K->9047K(25088K), 0.0010000 secs] [Times: user=0.01 sys=0.00, real=0.00 secs] 
331.552: Total time for which application threads were stopped: 0.0071700 seconds, Stopping threads took: 0.0060690 seconds
331.635: Application time: 0.0829390 seconds
331.643: [GC [PSYoungGen: 7382K->614K(7680K)] 15490K->8722K(25088K), 0.0005250 secs] [Times: user=0.00 sys=0.00, real=0.00 secs] 
331.644: Total time for which application threads were stopped: 0.0086410 seconds, Stopping threads took: 0.0080240 seconds
331.645: Application time: 0.0007790 seconds
331.698: [GC [PSYoungGen: 7077K->1005K(7680K)] 15184K->14154K(25088K), 0.0017430 secs] [Times: user=0.01 sys=0.00, real=0.00 secs] 
331.700: [Full GC [PSYoungGen: 1005K->0K(7680K)] [ParOldGen: 13148K->7131K(17408K)] 14154K->7131K(25088K) [PSPermGen: 5142K->5142K(21504K)], 0.0050290 secs] [Times: user=0.02 sys=0.00, real=0.01 secs] 
331.705: Total time for which application threads were stopped: 0.0603390 seconds, Stopping threads took: 0.0534420 seconds
331.780: Application time: 0.0748880 seconds
331.825: [GC [PSYoungGen: 6559K->1005K(7680K)] 13690K->8917K(25088K), 0.0006390 secs] [Times: user=0.00 sys=0.00, real=0.00 secs] 
331.826: Total time for which application threads were stopped: 0.0457720 seconds, Stopping threads took: 0.0450630 seconds
331.829: Application time: 0.0036820 seconds
331.897: [GC [PSYoungGen: 7370K->614K(7680K)] 15282K->8526K(25088K), 0.0003940 secs] [Times: user=0.00 sys=0.00, real=0.00 secs] 
331.898: Total time for which application threads were stopped: 0.0682850 seconds, Stopping threads took: 0.0678200 seconds
331.898: Application time: 0.0006960 seconds
331.955: [GC [PSYoungGen: 7077K->1006K(7680K)] 14989K->13834K(25088K), 0.0016740 secs] [Times: user=0.01 sys=0.00, real=0.00 secs] 
331.957: [Full GC [PSYoungGen: 1006K->0K(7680K)] [ParOldGen: 12827K->7131K(17408K)] 13834K->7131K(25088K) [PSPermGen: 5142K->5142K(21504K)], 0.0049500 secs] [Times: user=0.02 sys=0.00, real=0.01 secs] 
331.962: Total time for which application threads were stopped: 0.0636450 seconds, Stopping threads took: 0.0568980 seconds
332.046: Application time: 0.0840590 seconds
332.106: [GC [PSYoungGen: 6462K->614K(7680K)] 13593K->7745K(25088K), 0.0005280 secs] [Times: user=0.00 sys=0.00, real=0.00 secs] 
332.107: Total time for which application threads were stopped: 0.0605990 seconds, Stopping threads took: 0.0600020 seconds
332.108: Application time: 0.0010090 seconds
332.165: [GC [PSYoungGen: 7270K->907K(7680K)] 14401K->13312K(25088K), 0.0018490 secs] [Times: user=0.02 sys=0.00, real=0.00 secs] 
332.167: [Full GC [PSYoungGen: 907K->0K(7680K)] [ParOldGen: 12404K->7326K(17408K)] 13312K->7326K(25088K) [PSPermGen: 5142K->5142K(21504K)], 0.0047380 secs] [Times: user=0.02 sys=0.00, real=0.01 secs] 
332.172: Total time for which application threads were stopped: 0.0641820 seconds, Stopping threads took: 0.0574660 seconds
332.247: Application time: 0.0748090 seconds
332.293: [GC [PSYoungGen: 6656K->1005K(7680K)] 13982K->8331K(25088K), 0.0004700 secs] [Times: user=0.00 sys=0.00, real=0.00 secs] 
332.293: Total time for which application threads were stopped: 0.0467140 seconds, Stopping threads took: 0.0461740 seconds
332.294: Application time: 0.0009650 seconds
332.350: [GC [PSYoungGen: 7661K->1005K(7680K)] 14987K->12824K(25088K), 0.0015900 secs] [Times: user=0.01 sys=0.00, real=0.00 secs] 
332.352: [Full GC [PSYoungGen: 1005K->0K(7680K)] [ParOldGen: 11818K->6643K(17408K)] 12824K->6643K(25088K) [PSPermGen: 5142K->5142K(21504K)], 0.0053610 secs] [Times: user=0.02 sys=0.00, real=0.00 secs] 
332.357: Total time for which application threads were stopped: 0.0625200 seconds, Stopping threads took: 0.0554270 seconds
332.429: Application time: 0.0724590 seconds
332.434: [GC [PSYoungGen: 6656K->1005K(7680K)] 13299K->10187K(25088K), 0.0012650 secs] [Times: user=0.00 sys=0.00, real=0.00 secs] 
332.435: Total time for which application threads were stopped: 0.0054330 seconds, Stopping threads took: 0.0040760 seconds
332.507: Application time: 0.0717270 seconds
332.553: [GC [PSYoungGen: 7661K->387K(7680K)] 16843K->9569K(25088K), 0.0003770 secs] [Times: user=0.01 sys=0.00, real=0.00 secs] 
332.553: Total time for which application threads were stopped: 0.0465370 seconds, Stopping threads took: 0.0460900 seconds
332.554: Application time: 0.0007370 seconds
332.554: [GC [PSYoungGen: 6966K->1008K(7680K)] 16149K->15913K(25088K), 0.0019260 secs] [Times: user=0.01 sys=0.00, real=0.00 secs] 
332.556: [Full GC [PSYoungGen: 1008K->0K(7680K)] [ParOldGen: 14905K->7912K(17408K)] 15913K->7912K(25088K) [PSPermGen: 5142K->5142K(21504K)], 0.0053150 secs] [Times: user=0.03 sys=0.00, real=0.01 secs] 
332.561: Total time for which application threads were stopped: 0.0075420 seconds, Stopping threads took: 0.0001800 seconds
332.641: Application time: 0.0797560 seconds
332.702: [GC [PSYoungGen: 6559K->419K(7680K)] 14472K->8331K(25088K), 0.0005290 secs] [Times: user=0.00 sys=0.00, real=0.00 secs] 
332.703: Total time for which application threads were stopped: 0.0614670 seconds, Stopping threads took: 0.0608720 seconds
332.704: Application time: 0.0008790 seconds
332.747: [GC [PSYoungGen: 7057K->1005K(7680K)] 14970K->13808K(25088K), 0.0017490 secs] [Times: user=0.01 sys=0.00, real=0.00 secs] 
332.749: [Full GC [PSYoungGen: 1005K->0K(7680K)] [ParOldGen: 12803K->7033K(17408K)] 13808K->7033K(25088K) [PSPermGen: 5142K->5142K(21504K)], 0.0051320 secs] [Times: user=0.03 sys=0.00, real=0.01 secs] 
332.754: Total time for which application threads were stopped: 0.0507630 seconds, Stopping threads took: 0.0437600 seconds
332.828: Application time: 0.0734100 seconds
332.873: [GC [PSYoungGen: 6345K->1005K(7680K)] 13378K->8437K(25088K), 0.0006300 secs] [Times: user=0.00 sys=0.00, real=0.00 secs] 
332.873: Total time for which application threads were stopped: 0.0456450 seconds, Stopping threads took: 0.0449430 seconds
332.874: Application time: 0.0009290 seconds
332.918: [GC [PSYoungGen: 7467K->1005K(7680K)] 14900K->13157K(25088K), 0.0017030 secs] [Times: user=0.01 sys=0.00, real=0.00 secs] 
332.920: [Full GC [PSYoungGen: 1005K->0K(7680K)] [ParOldGen: 12152K->6838K(17408K)] 13157K->6838K(25088K) [PSPermGen: 5142K->5142K(21504K)], 0.0047070 secs] [Times: user=0.02 sys=0.00, real=0.01 secs] 
332.924: Total time for which application threads were stopped: 0.0501110 seconds, Stopping threads took: 0.0435740 seconds
333.002: Application time: 0.0772340 seconds
333.070: [GC [PSYoungGen: 6559K->387K(7680K)] 13398K->7225K(25088K), 0.0004260 secs] [Times: user=0.00 sys=0.00, real=0.00 secs] 
333.071: Total time for which application threads were stopped: 0.0692420 seconds, Stopping threads took: 0.0687460 seconds
333.072: Application time: 0.0008490 seconds
333.125: [GC [PSYoungGen: 7043K->1005K(7680K)] 13881K->11758K(25088K), 0.0014910 secs] [Times: user=0.01 sys=0.00, real=0.00 secs] 
333.127: [Full GC [PSYoungGen: 1005K->0K(7680K)] [ParOldGen: 10753K->6057K(17408K)] 11758K->6057K(25088K) [PSPermGen: 5142K->5142K(21504K)], 0.0046170 secs] [Times: user=0.02 sys=0.00, real=0.01 secs] 
333.132: Total time for which application threads were stopped: 0.0597810 seconds, Stopping threads took: 0.0535530 seconds
333.206: Application time: 0.0748150 seconds
333.261: [GC [PSYoungGen: 6462K->614K(7680K)] 12519K->6672K(25088K), 0.0003970 secs] [Times: user=0.01 sys=0.00, real=0.00 secs] 
333.262: Total time for which application threads were stopped: 0.0554410 seconds, Stopping threads took: 0.0549830 seconds
333.263: Application time: 0.0007440 seconds
333.263: [GC [PSYoungGen: 7155K->1005K(7680K)] 13212K->13141K(25088K), 0.0020290 secs] [Times: user=0.01 sys=0.00, real=0.00 secs] 
333.265: [Full GC [PSYoungGen: 1005K->0K(7680K)] [ParOldGen: 12136K->8205K(17408K)] 13141K->8205K(25088K) [PSPermGen: 5142K->5142K(21504K)], 0.0050110 secs] [Times: user=0.03 sys=0.00, real=0.01 secs] 
333.270: Total time for which application threads were stopped: 0.0073470 seconds, Stopping threads took: 0.0001820 seconds
333.350: Application time: 0.0797190 seconds
333.412: [GC [PSYoungGen: 6462K->550K(7680K)] 14667K->8756K(25088K), 0.0005510 secs] [Times: user=0.00 sys=0.00, real=0.00 secs] 
333.412: Total time for which application threads were stopped: 0.0626100 seconds, Stopping threads took: 0.0619910 seconds
333.413: Application time: 0.0007680 seconds
333.413: [GC [PSYoungGen: 7013K->1005K(7680K)] 15218K->15274K(25088K), 0.0020440 secs] [Times: user=0.01 sys=0.00, real=0.00 secs] 
333.415: [Full GC [PSYoungGen: 1005K->0K(7680K)] [ParOldGen: 14268K->8205K(17408K)] 15274K->8205K(25088K) [PSPermGen: 5142K->5142K(21504K)], 0.0049720 secs] [Times: user=0.02 sys=0.00, real=0.00 secs] 
333.420: Total time for which application threads were stopped: 0.0072880 seconds, Stopping threads took: 0.0001410 seconds
333.519: Application time: 0.0987690 seconds
333.585: [GC [PSYoungGen: 6462K->646K(7680K)] 14667K->8852K(25088K), 0.0004500 secs] [Times: user=0.00 sys=0.00, real=0.00 secs] 
333.585: [Full GC [PSYoungGen: 646K->0K(7680K)] [ParOldGen: 8205K->1927K(17408K)] 8852K->1927K(25088K) [PSPermGen: 5142K->5142K(21504K)], 0.0036160 secs] [Times: user=0.01 sys=0.00, real=0.00 secs] 
333.589: Total time for which application threads were stopped: 0.0696970 seconds, Stopping threads took: 0.0655130 seconds
333.590: Application time: 0.0011540 seconds
333.629: [GC [PSYoungGen: 6638K->1005K(7680K)] 8565K->8043K(25088K), 0.0019670 secs] [Times: user=0.01 sys=0.01, real=0.01 secs] 
333.631: Total time for which application threads were stopped: 0.0410970 seconds, Stopping threads took: 0.0390420 seconds
333.706: Application time: 0.0748590 seconds
333.751: [GC [PSYoungGen: 7467K->941K(7680K)] 14505K->8760K(25088K), 0.0006680 secs] [Times: user=0.00 sys=0.00, real=0.00 secs] 
333.752: Total time for which application threads were stopped: 0.0463340 seconds, Stopping threads took: 0.0456020 seconds
333.753: Application time: 0.0011650 seconds
333.808: [GC [PSYoungGen: 7501K->939K(7680K)] 15320K->14032K(25088K), 0.0018900 secs] [Times: user=0.01 sys=0.00, real=0.01 secs] 
333.810: [Full GC [PSYoungGen: 939K->0K(7680K)] [ParOldGen: 13093K->7327K(17408K)] 14032K->7327K(25088K) [PSPermGen: 5142K->5142K(21504K)], 0.0048570 secs] [Times: user=0.02 sys=0.00, real=0.00 secs] 
333.815: Total time for which application threads were stopped: 0.0616860 seconds, Stopping threads took: 0.0547940 seconds
333.889: Application time: 0.0738690 seconds
333.935: [GC [PSYoungGen: 6656K->907K(7680K)] 13983K->9406K(25088K), 0.0007830 secs] [Times: user=0.00 sys=0.00, real=0.00 secs] 
333.936: [Full GC [PSYoungGen: 907K->0K(7680K)] [ParOldGen: 8499K->3392K(17408K)] 9406K->3392K(25088K) [PSPermGen: 5142K->5142K(21504K)], 0.0039990 secs] [Times: user=0.02 sys=0.00, real=0.00 secs] 
333.940: Total time for which application threads were stopped: 0.0509370 seconds, Stopping threads took: 0.0460370 seconds
333.941: Application time: 0.0014740 seconds
334.011: [GC [PSYoungGen: 6656K->875K(7680K)] 10048K->7783K(25088K), 0.0014320 secs] [Times: user=0.01 sys=0.00, real=0.00 secs] 
334.012: Total time for which application threads were stopped: 0.0711420 seconds, Stopping threads took: 0.0696240 seconds
334.085: Application time: 0.0724750 seconds
334.129: [GC [PSYoungGen: 7531K->973K(7680K)] 14439K->8272K(25088K), 0.0008170 secs] [Times: user=0.00 sys=0.00, real=0.00 secs] 
334.130: Total time for which application threads were stopped: 0.0452070 seconds, Stopping threads took: 0.0442920 seconds
334.131: Application time: 0.0009290 seconds
334.175: [GC [PSYoungGen: 7533K->1005K(7680K)] 14832K->13097K(25088K), 0.0017000 secs] [Times: user=0.01 sys=0.00, real=0.00 secs] 
334.177: [Full GC [PSYoungGen: 1005K->0K(7680K)] [ParOldGen: 12092K->6936K(17408K)] 13097K->6936K(25088K) [PSPermGen: 5142K->5142K(21504K)], 0.0049620 secs] [Times: user=0.02 sys=0.00, real=0.01 secs] 
334.182: Total time for which application threads were stopped: 0.0505440 seconds, Stopping threads took: 0.0437620 seconds
334.255: Application time: 0.0737710 seconds
334.300: [GC [PSYoungGen: 6442K->1005K(7680K)] 13379K->8332K(25088K), 0.0006030 secs] [Times: user=0.00 sys=0.00, real=0.00 secs] 
334.301: Total time for which application threads were stopped: 0.0453630 seconds, Stopping threads took: 0.0446920 seconds
334.302: Application time: 0.0010490 seconds
334.351: [GC [PSYoungGen: 7643K->1005K(7680K)] 14970K->13157K(25088K), 0.0018330 secs] [Times: user=0.01 sys=0.00, real=0.00 secs] 
334.353: [Full GC [PSYoungGen: 1005K->0K(7680K)] [ParOldGen: 12152K->6936K(17408K)] 13157K->6936K(25088K) [PSPermGen: 5142K->5142K(21504K)], 0.0050230 secs] [Times: user=0.03 sys=0.00, real=0.00 secs] 
334.358: Total time for which application threads were stopped: 0.0558200 seconds, Stopping threads took: 0.0488320 seconds
334.431: Application time: 0.0729690 seconds
334.476: [GC [PSYoungGen: 6638K->841K(7680K)] 13574K->8559K(25088K), 0.0006220 secs] [Times: user=0.00 sys=0.00, real=0.00 secs] 
334.477: Total time for which application threads were stopped: 0.0459160 seconds, Stopping threads took: 0.0452210 seconds
334.486: Application time: 0.0091120 seconds
334.548: [GC [PSYoungGen: 7363K->403K(7680K)] 15081K->8121K(25088K), 0.0003680 secs] [Times: user=0.00 sys=0.00, real=0.00 secs] 
334.548: Total time for which application threads were stopped: 0.0624040 seconds, Stopping threads took: 0.0619720 seconds
334.549: Application time: 0.0007000 seconds
334.549: [GC [PSYoungGen: 7041K->1006K(7680K)] 14759K->14688K(25088K), 0.0020650 secs] [Times: user=0.02 sys=0.00, real=0.01 secs] 
334.551: [Full GC [PSYoungGen: 1006K->0K(7680K)] [ParOldGen: 13681K->8108K(17408K)] 14688K->8108K(25088K) [PSPermGen: 5142K->5142K(21504K)], 0.0050340 secs] [Times: user=0.02 sys=0.00, real=0.00 secs] 
334.556: Total time for which application threads were stopped: 0.0074060 seconds, Stopping threads took: 0.0001730 seconds
334.633: Application time: 0.0766240 seconds
334.696: [GC [PSYoungGen: 6559K->646K(7680K)] 14668K->8755K(25088K), 0.0004560 secs] [Times: user=0.00 sys=0.00, real=0.00 secs] 
334.697: Total time for which application threads were stopped: 0.0637220 seconds, Stopping threads took: 0.0631890 seconds
334.697: Application time: 0.0007560 seconds
334.697: [GC [PSYoungGen: 7109K->1005K(7680K)] 15217K->15176K(25088K), 0.0020310 secs] [Times: user=0.01 sys=0.00, real=0.00 secs] 
334.700: [Full GC [PSYoungGen: 1005K->0K(7680K)] [ParOldGen: 14171K->8206K(17408K)] 15176K->8206K(25088K) [PSPermGen: 5142K->5142K(21504K)], 0.0050720 secs] [Times: user=0.02 sys=0.00, real=0.01 secs] 
334.705: Total time for which application threads were stopped: 0.0074090 seconds, Stopping threads took: 0.0001810 seconds
334.782: Application time: 0.0770210 seconds
334.845: [GC [PSYoungGen: 6462K->646K(7680K)] 14668K->8852K(25088K), 0.0006460 secs] [Times: user=0.00 sys=0.00, real=0.00 secs] 
334.845: [Full GC [PSYoungGen: 646K->0K(7680K)] [ParOldGen: 8206K->1927K(17408K)] 8852K->1927K(25088K) [PSPermGen: 5142K->5142K(21504K)], 0.0036580 secs] [Times: user=0.02 sys=0.00, real=0.00 secs] 
334.849: Total time for which application threads were stopped: 0.0673330 seconds, Stopping threads took: 0.0629180 seconds
334.850: Application time: 0.0010770 seconds
334.894: [GC [PSYoungGen: 6560K->1005K(7680K)] 8487K->8019K(25088K), 0.0018800 secs] [Times: user=0.01 sys=0.00, real=0.00 secs] 
334.896: Total time for which application threads were stopped: 0.0456570 seconds, Stopping threads took: 0.0437020 seconds
334.970: Application time: 0.0741730 seconds
335.015: [GC [PSYoungGen: 7447K->646K(7680K)] 14462K->7660K(25088K), 0.0004160 secs] [Times: user=0.01 sys=0.00, real=0.00 secs] 
335.016: Total time for which application threads were stopped: 0.0457350 seconds, Stopping threads took: 0.0452600 seconds
335.016: Application time: 0.0007350 seconds
335.068: [GC [PSYoungGen: 7109K->1006K(7680K)] 14123K->12936K(25088K), 0.0017360 secs] [Times: user=0.01 sys=0.00, real=0.01 secs] 
335.070: [Full GC [PSYoungGen: 1006K->0K(7680K)] [ParOldGen: 11929K->7132K(17408K)] 12936K->7132K(25088K) [PSPermGen: 5142K->5142K(21504K)], 0.0048920 secs] [Times: user=0.02 sys=0.00, real=0.00 secs] 
335.075: Total time for which application threads were stopped: 0.0583040 seconds, Stopping threads took: 0.0515530 seconds
335.160: Application time: 0.0848010 seconds
335.215: [GC [PSYoungGen: 6656K->809K(7680K)] 13788K->7942K(25088K), 0.0004480 secs] [Times: user=0.00 sys=0.00, real=0.00 secs] 
335.216: Total time for which application threads were stopped: 0.0562430 seconds, Stopping threads took: 0.0557250 seconds
335.217: Application time: 0.0009120 seconds
335.270: [GC [PSYoungGen: 7370K->1005K(7680K)] 14502K->12344K(25088K), 0.0015900 secs] [Times: user=0.01 sys=0.01, real=0.00 secs] 
335.272: [Full GC [PSYoungGen: 1005K->0K(7680K)] [ParOldGen: 11339K->6350K(17408K)] 12344K->6350K(25088K) [PSPermGen: 5142K->5142K(21504K)], 0.0050950 secs] [Times: user=0.02 sys=0.00, real=0.00 secs] 
335.277: Total time for which application threads were stopped: 0.0602990 seconds, Stopping threads took: 0.0534820 seconds
335.357: Application time: 0.0797700 seconds
335.422: [GC [PSYoungGen: 6364K->745K(7680K)] 12715K->7096K(25088K), 0.0007240 secs] [Times: user=0.00 sys=0.00, real=0.00 secs] 
335.422: Total time for which application threads were stopped: 0.0655770 seconds, Stopping threads took: 0.0647630 seconds
335.423: Application time: 0.0009300 seconds
335.476: [GC [PSYoungGen: 7306K->907K(7680K)] 13656K->11555K(25088K), 0.0015750 secs] [Times: user=0.00 sys=0.00, real=0.00 secs] 
335.477: [Full GC [PSYoungGen: 907K->0K(7680K)] [ParOldGen: 10648K->6350K(17408K)] 11555K->6350K(25088K) [PSPermGen: 5142K->5142K(21504K)], 0.0047210 secs] [Times: user=0.02 sys=0.00, real=0.01 secs] 
335.482: Total time for which application threads were stopped: 0.0588680 seconds, Stopping threads took: 0.0524430 seconds
335.554: Application time: 0.0720340 seconds
335.557: [GC [PSYoungGen: 6559K->1005K(7680K)] 12910K->9504K(25088K), 0.0010210 secs] [Times: user=0.01 sys=0.00, real=0.00 secs] 
335.558: Total time for which application threads were stopped: 0.0038740 seconds, Stopping threads took: 0.0027790 seconds
335.640: Application time: 0.0815730 seconds
335.651: [GC [PSYoungGen: 7546K->646K(7680K)] 16045K->9536K(25088K), 0.0005100 secs] [Times: user=0.00 sys=0.00, real=0.00 secs] 
335.651: Total time for which application threads were stopped: 0.0117000 seconds, Stopping threads took: 0.0111180 seconds
335.652: Application time: 0.0007840 seconds
335.696: [GC [PSYoungGen: 7206K->1006K(7680K)] 16096K->15324K(25088K), 0.0019750 secs] [Times: user=0.02 sys=0.00, real=0.00 secs] 
335.698: [Full GC [PSYoungGen: 1006K->0K(7680K)] [ParOldGen: 14317K->7620K(17408K)] 15324K->7620K(25088K) [PSPermGen: 5142K->5142K(21504K)], 0.0050480 secs] [Times: user=0.02 sys=0.00, real=0.01 secs] 
335.703: Total time for which application threads were stopped: 0.0507160 seconds, Stopping threads took: 0.0435640 seconds
335.804: Application time: 0.1008310 seconds
335.857: [GC [PSYoungGen: 6656K->256K(7680K)] 14276K->7876K(25088K), 0.0003600 secs] [Times: user=0.00 sys=0.00, real=0.00 secs] 
335.857: Total time for which application threads were stopped: 0.0537330 seconds, Stopping threads took: 0.0533050 seconds
335.858: Application time: 0.0008180 seconds
335.858: [GC [PSYoungGen: 6816K->1008K(7680K)] 14436K->14251K(25088K), 0.0017970 secs] [Times: user=0.02 sys=0.00, real=0.00 secs] 
335.860: [Full GC [PSYoungGen: 1008K->0K(7680K)] [ParOldGen: 13243K->7913K(17408K)] 14251K->7913K(25088K) [PSPermGen: 5142K->5142K(21504K)], 0.0050780 secs] [Times: user=0.02 sys=0.00, real=0.01 secs] 
335.865: Total time for which application threads were stopped: 0.0071990 seconds, Stopping threads took: 0.0002070 seconds
335.953: Application time: 0.0879950 seconds
336.016: [GC [PSYoungGen: 6637K->419K(7680K)] 14551K->8332K(25088K), 0.0003840 secs] [Times: user=0.00 sys=0.00, real=0.00 secs] 
336.017: Total time for which application threads were stopped: 0.0634290 seconds, Stopping threads took: 0.0629750 seconds
336.018: Application time: 0.0007840 seconds
336.061: [GC [PSYoungGen: 7057K->1005K(7680K)] 14971K->13841K(25088K), 0.0017850 secs] [Times: user=0.01 sys=0.00, real=0.00 secs] 
336.063: [Full GC [PSYoungGen: 1005K->0K(7680K)] [ParOldGen: 12836K->7034K(17408K)] 13841K->7034K(25088K) [PSPermGen: 5142K->5142K(21504K)], 0.0048250 secs] [Times: user=0.02 sys=0.00, real=0.00 secs] 
336.068: Total time for which application threads were stopped: 0.0504780 seconds, Stopping threads took: 0.0437400 seconds
336.162: Application time: 0.0939820 seconds
336.218: [GC [PSYoungGen: 6638K->614K(7680K)] 13672K->7649K(25088K), 0.0004510 secs] [Times: user=0.00 sys=0.00, real=0.00 secs] 
336.218: Total time for which application threads were stopped: 0.0560700 seconds, Stopping threads took: 0.0555550 seconds
336.219: Application time: 0.0009620 seconds
336.272: [GC [PSYoungGen: 7270K->939K(7680K)] 14305K->13248K(25088K), 0.0018780 secs] [Times: user=0.01 sys=0.00, real=0.00 secs] 
336.274: [Full GC [PSYoungGen: 939K->0K(7680K)] [ParOldGen: 12308K->7327K(17408K)] 13248K->7327K(25088K) [PSPermGen: 5142K->5142K(21504K)], 0.0047990 secs] [Times: user=0.02 sys=0.00, real=0.00 secs] 
336.279: Total time for which application threads were stopped: 0.0594720 seconds, Stopping threads took: 0.0526740 seconds
336.371: Application time: 0.0927690 seconds
336.436: [GC [PSYoungGen: 6345K->614K(7680K)] 13673K->7942K(25088K), 0.0005840 secs] [Times: user=0.00 sys=0.00, real=0.00 secs] 
336.436: Total time for which application threads were stopped: 0.0649900 seconds, Stopping threads took: 0.0643040 seconds
336.437: Application time: 0.0008770 seconds
336.492: [GC [PSYoungGen: 7174K->1005K(7680K)] 14502K->13443K(25088K), 0.0016890 secs] [Times: user=0.01 sys=0.00, real=0.00 secs] 
336.493: [Full GC [PSYoungGen: 1005K->0K(7680K)] [ParOldGen: 12438K->7230K(17408K)] 13443K->7230K(25088K) [PSPermGen: 5142K->5142K(21504K)], 0.0049530 secs] [Times: user=0.02 sys=0.00, real=0.00 secs] 
336.498: Total time for which application threads were stopped: 0.0612060 seconds, Stopping threads took: 0.0544390 seconds
336.572: Application time: 0.0732200 seconds
336.617: [GC [PSYoungGen: 6364K->646K(7680K)] 13594K->7876K(25088K), 0.0003960 secs] [Times: user=0.00 sys=0.00, real=0.00 secs] 
336.617: Total time for which application threads were stopped: 0.0454840 seconds, Stopping threads took: 0.0450170 seconds
336.618: Application time: 0.0009350 seconds
336.674: [GC [PSYoungGen: 7187K->1005K(7680K)] 14417K->13224K(25088K), 0.0017000 secs] [Times: user=0.01 sys=0.00, real=0.00 secs] 
336.675: [Full GC [PSYoungGen: 1005K->0K(7680K)] [ParOldGen: 12218K->7132K(17408K)] 13224K->7132K(25088K) [PSPermGen: 5142K->5142K(21504K)], 0.0049690 secs] [Times: user=0.02 sys=0.00, real=0.00 secs] 
336.680: Total time for which application threads were stopped: 0.0623660 seconds, Stopping threads took: 0.0555710 seconds
336.754: Application time: 0.0737190 seconds
336.800: [GC [PSYoungGen: 6638K->973K(7680K)] 13770K->8887K(25088K), 0.0008420 secs] [Times: user=0.01 sys=0.00, real=0.00 secs] 
336.800: Total time for which application threads were stopped: 0.0462110 seconds, Stopping threads took: 0.0452930 seconds
336.802: Application time: 0.0011360 seconds
336.845: [GC [PSYoungGen: 7533K->1005K(7680K)] 15447K->14095K(25088K), 0.0019240 secs] [Times: user=0.02 sys=0.01, real=0.00 secs] 
336.847: [Full GC [PSYoungGen: 1005K->0K(7680K)] [ParOldGen: 13090K->7328K(17408K)] 14095K->7328K(25088K) [PSPermGen: 5142K->5142K(21504K)], 0.0049470 secs] [Times: user=0.02 sys=0.00, real=0.01 secs] 
336.852: Total time for which application threads were stopped: 0.0505690 seconds, Stopping threads took: 0.0435610 seconds
336.945: Application time: 0.0929470 seconds
336.998: [GC [PSYoungGen: 6656K->1005K(7680K)] 13984K->8333K(25088K), 0.0005490 secs] [Times: user=0.00 sys=0.00, real=0.00 secs] 
336.998: Total time for which application threads were stopped: 0.0532710 seconds, Stopping threads took: 0.0526510 seconds
336.999: Application time: 0.0009710 seconds
337.043: [GC [PSYoungGen: 7565K->1005K(7680K)] 14893K->13810K(25088K), 0.0019550 secs] [Times: user=0.02 sys=0.00, real=0.00 secs] 
337.045: [Full GC [PSYoungGen: 1005K->0K(7680K)] [ParOldGen: 12805K->7620K(17408K)] 13810K->7620K(25088K) [PSPermGen: 5142K->5142K(21504K)], 0.0048980 secs] [Times: user=0.02 sys=0.00, real=0.01 secs] 
337.050: Total time for which application threads were stopped: 0.0504300 seconds, Stopping threads took: 0.0434510 seconds
337.126: Application time: 0.0767370 seconds
337.171: [GC [PSYoungGen: 6638K->841K(7680K)] 14259K->8853K(25088K), 0.0005450 secs] [Times: user=0.01 sys=0.00, real=0.00 secs] 
337.171: Total time for which application threads were stopped: 0.0447010 seconds, Stopping threads took: 0.0440880 seconds
337.172: Application time: 0.0007770 seconds
337.215: [GC [PSYoungGen: 7497K->939K(7680K)] 15509K->14420K(25088K), 0.0018660 secs] [Times: user=0.01 sys=0.00, real=0.00 secs] 
337.217: [Full GC [PSYoungGen: 939K->0K(7680K)] [ParOldGen: 13480K->7914K(17408K)] 14420K->7914K(25088K) [PSPermGen: 5142K->5142K(21504K)], 0.0050130 secs] [Times: user=0.02 sys=0.00, real=0.01 secs] 
337.222: Total time for which application threads were stopped: 0.0504620 seconds, Stopping threads took: 0.0434550 seconds
337.302: Application time: 0.0800160 seconds
337.365: [GC [PSYoungGen: 6559K->355K(7680K)] 14473K->8269K(25088K), 0.0005360 secs] [Times: user=0.00 sys=0.00, real=0.00 secs] 
337.366: Total time for which application threads were stopped: 0.0631940 seconds, Stopping threads took: 0.0625710 seconds
337.367: Application time: 0.0009060 seconds
337.367: [GC [PSYoungGen: 6993K->939K(7680K)] 14907K->14908K(25088K), 0.0019090 secs] [Times: user=0.01 sys=0.00, real=0.00 secs] 
337.369: [Full GC [PSYoungGen: 939K->0K(7680K)] [ParOldGen: 13969K->8109K(17408K)] 14908K->8109K(25088K) [PSPermGen: 5142K->5142K(21504K)], 0.0050780 secs] [Times: user=0.02 sys=0.00, real=0.01 secs] 
337.374: Total time for which application threads were stopped: 0.0072010 seconds, Stopping threads took: 0.0000860 seconds
337.454: Application time: 0.0806850 seconds
337.516: [GC [PSYoungGen: 6559K->614K(7680K)] 14669K->8724K(25088K), 0.0005830 secs] [Times: user=0.00 sys=0.00, real=0.00 secs] 
337.517: [Full GC [PSYoungGen: 614K->0K(7680K)] [ParOldGen: 8109K->1956K(17408K)] 8724K->1956K(25088K) [PSPermGen: 5142K->5142K(21504K)], 0.0038050 secs] [Times: user=0.02 sys=0.00, real=0.00 secs] 
337.521: Total time for which application threads were stopped: 0.0664140 seconds, Stopping threads took: 0.0619080 seconds
337.522: Application time: 0.0012970 seconds
337.522: [GC [PSYoungGen: 6560K->1005K(7680K)] 8516K->8723K(25088K), 0.0019110 secs] [Times: user=0.01 sys=0.00, real=0.00 secs] 
337.524: [Full GC [PSYoungGen: 1005K->0K(7680K)] [ParOldGen: 7718K->8304K(17408K)] 8723K->8304K(25088K) [PSPermGen: 5142K->5142K(21504K)], 0.0053080 secs] [Times: user=0.03 sys=0.00, real=0.01 secs] 
337.530: Total time for which application threads were stopped: 0.0073840 seconds, Stopping threads took: 0.0000370 seconds
337.611: Application time: 0.0816930 seconds
337.673: [GC [PSYoungGen: 6364K->614K(7680K)] 14669K->8919K(25088K), 0.0004370 secs] [Times: user=0.00 sys=0.00, real=0.00 secs] 
337.673: [Full GC [PSYoungGen: 614K->0K(7680K)] [ParOldGen: 8304K->1927K(17408K)] 8919K->1927K(25088K) [PSPermGen: 5142K->5142K(21504K)], 0.0037650 secs] [Times: user=0.01 sys=0.00, real=0.00 secs] 
337.677: Total time for which application threads were stopped: 0.0658580 seconds, Stopping threads took: 0.0615470 seconds
337.678: Application time: 0.0012570 seconds
337.679: [GC [PSYoungGen: 6619K->1006K(7680K)] 8546K->8533K(25088K), 0.0019760 secs] [Times: user=0.01 sys=0.01, real=0.00 secs] 
337.681: [Full GC [PSYoungGen: 1006K->0K(7680K)] [ParOldGen: 7526K->8207K(17408K)] 8533K->8207K(25088K) [PSPermGen: 5142K->5142K(21504K)], 0.0050600 secs] [Times: user=0.03 sys=0.00, real=0.01 secs] 
337.686: Total time for which application threads were stopped: 0.0074310 seconds, Stopping threads took: 0.0002670 seconds
337.767: Application time: 0.0816470 seconds
337.827: [GC [PSYoungGen: 6462K->614K(7680K)] 14669K->8821K(25088K), 0.0004360 secs] [Times: user=0.00 sys=0.00, real=0.00 secs] 
337.828: [Full GC [PSYoungGen: 614K->0K(7680K)] [ParOldGen: 8207K->1984K(17408K)] 8821K->1984K(25088K) [PSPermGen: 5142K->5142K(21504K)], 0.0036470 secs] [Times: user=0.01 sys=0.00, real=0.01 secs] 
337.832: Total time for which application threads were stopped: 0.0641090 seconds, Stopping threads took: 0.0599140 seconds
337.833: Application time: 0.0011550 seconds
337.877: [GC [PSYoungGen: 6560K->1005K(7680K)] 8544K->8076K(25088K), 0.0018190 secs] [Times: user=0.02 sys=0.00, real=0.00 secs] 
337.878: Total time for which application threads were stopped: 0.0456830 seconds, Stopping threads took: 0.0437850 seconds
337.952: Application time: 0.0740760 seconds
337.998: [GC [PSYoungGen: 7369K->582K(7680K)] 14440K->7653K(25088K), 0.0007380 secs] [Times: user=0.00 sys=0.00, real=0.00 secs] 
337.999: Total time for which application threads were stopped: 0.0463430 seconds, Stopping threads took: 0.0455370 seconds
338.000: Application time: 0.0008600 seconds
338.044: [GC [PSYoungGen: 7221K->1005K(7680K)] 14292K->13186K(25088K), 0.0020940 secs] [Times: user=0.01 sys=0.00, real=0.00 secs] 
338.046: [Full GC [PSYoungGen: 1005K->0K(7680K)] [ParOldGen: 12181K->7230K(17408K)] 13186K->7230K(25088K) [PSPermGen: 5142K->5142K(21504K)], 0.0052510 secs] [Times: user=0.02 sys=0.00, real=0.01 secs] 
338.051: Total time for which application threads were stopped: 0.0513070 seconds, Stopping threads took: 0.0438080 seconds
338.124: Application time: 0.0730800 seconds
338.170: [GC [PSYoungGen: 6656K->1005K(7680K)] 13886K->9212K(25088K), 0.0009160 secs] [Times: user=0.00 sys=0.00, real=0.00 secs] 
338.170: [Full GC [PSYoungGen: 1005K->0K(7680K)] [ParOldGen: 8207K->3129K(17408K)] 9212K->3129K(25088K) [PSPermGen: 5142K->5142K(21504K)], 0.0041090 secs] [Times: user=0.02 sys=0.00, real=0.00 secs] 
338.175: Total time for which application threads were stopped: 0.0505630 seconds, Stopping threads took: 0.0454200 seconds
338.176: Application time: 0.0014570 seconds
338.245: [GC [PSYoungGen: 6560K->1005K(7680K)] 9689K->7357K(25088K), 0.0014130 secs] [Times: user=0.01 sys=0.00, real=0.00 secs] 
338.247: Total time for which application threads were stopped: 0.0704440 seconds, Stopping threads took: 0.0689540 seconds
338.319: Application time: 0.0727660 seconds
338.364: [GC [PSYoungGen: 7546K->1005K(7680K)] 13898K->7357K(25088K), 0.0005250 secs] [Times: user=0.01 sys=0.00, real=0.00 secs] 
338.365: Total time for which application threads were stopped: 0.0453980 seconds, Stopping threads took: 0.0447850 seconds
338.366: Application time: 0.0009660 seconds
338.409: [GC [PSYoungGen: 7565K->1005K(7680K)] 13917K->12858K(25088K), 0.0019790 secs] [Times: user=0.01 sys=0.00, real=0.00 secs] 
338.411: [Full GC [PSYoungGen: 1005K->0K(7680K)] [ParOldGen: 11853K->7621K(17408K)] 12858K->7621K(25088K) [PSPermGen: 5142K->5142K(21504K)], 0.0048460 secs] [Times: user=0.02 sys=0.00, real=0.00 secs] 
338.416: Total time for which application threads were stopped: 0.0505490 seconds, Stopping threads took: 0.0435900 seconds
338.493: Application time: 0.0768990 seconds
338.556: [GC [PSYoungGen: 6656K->192K(7680K)] 14277K->7813K(25088K), 0.0003980 secs] [Times: user=0.00 sys=0.00, real=0.00 secs] 
338.557: Total time for which application threads were stopped: 0.0637450 seconds, Stopping threads took: 0.0632670 seconds
338.558: Application time: 0.0008920 seconds
338.558: [GC [PSYoungGen: 6830K->939K(7680K)] 14451K->14420K(25088K), 0.0018200 secs] [Times: user=0.01 sys=0.00, real=0.00 secs] 
338.560: [Full GC [PSYoungGen: 939K->0K(7680K)] [ParOldGen: 13481K->7914K(17408K)] 14420K->7914K(25088K) [PSPermGen: 5142K->5142K(21504K)], 0.0052360 secs] [Times: user=0.03 sys=0.00, real=0.01 secs] 
338.565: Total time for which application threads were stopped: 0.0073460 seconds, Stopping threads took: 0.0001670 seconds
338.644: Application time: 0.0788900 seconds
338.706: [GC [PSYoungGen: 6559K->419K(7680K)] 14474K->8333K(25088K), 0.0004830 secs] [Times: user=0.00 sys=0.00, real=0.00 secs] 
338.706: Total time for which application threads were stopped: 0.0620470 seconds, Stopping threads took: 0.0614990 seconds
338.707: Application time: 0.0008470 seconds
338.751: [GC [PSYoungGen: 7057K->1005K(7680K)] 14972K->13834K(25088K), 0.0018980 secs] [Times: user=0.01 sys=0.00, real=0.00 secs] 
338.753: [Full GC [PSYoungGen: 1005K->0K(7680K)] [ParOldGen: 12829K->7035K(17408K)] 13834K->7035K(25088K) [PSPermGen: 5142K->5142K(21504K)], 0.0049720 secs] [Times: user=0.03 sys=0.00, real=0.00 secs] 
338.758: Total time for which application threads were stopped: 0.0507150 seconds, Stopping threads took: 0.0437200 seconds
338.839: Application time: 0.0816870 seconds
338.907: [GC [PSYoungGen: 6559K->614K(7680K)] 13595K->7650K(25088K), 0.0003890 secs] [Times: user=0.00 sys=0.00, real=0.00 secs] 
338.908: Total time for which application threads were stopped: 0.0682990 seconds, Stopping threads took: 0.0678460 seconds
338.917: Application time: 0.0098480 seconds
338.970: [GC [PSYoungGen: 6960K->1005K(7680K)] 13995K->9603K(25088K), 0.0008530 secs] [Times: user=0.00 sys=0.00, real=0.00 secs] 
338.970: Total time for which application threads were stopped: 0.0529210 seconds, Stopping threads took: 0.0520040 seconds
339.052: Application time: 0.0811760 seconds
339.066: [GC [PSYoungGen: 7467K->419K(7680K)] 16065K->9017K(25088K), 0.0004070 secs] [Times: user=0.00 sys=0.00, real=0.00 secs] 
339.066: Total time for which application threads were stopped: 0.0146730 seconds, Stopping threads took: 0.0141940 seconds
339.067: Application time: 0.0007230 seconds
339.113: [GC [PSYoungGen: 7057K->1005K(7680K)] 15655K->14530K(25088K), 0.0018360 secs] [Times: user=0.01 sys=0.00, real=0.00 secs] 
339.115: [Full GC [PSYoungGen: 1005K->0K(7680K)] [ParOldGen: 13525K->7035K(17408K)] 14530K->7035K(25088K) [PSPermGen: 5142K->5142K(21504K)], 0.0047750 secs] [Times: user=0.02 sys=0.00, real=0.00 secs] 
339.119: Total time for which application threads were stopped: 0.0525000 seconds, Stopping threads took: 0.0457490 seconds
339.205: Application time: 0.0859030 seconds
339.272: [GC [PSYoungGen: 6559K->614K(7680K)] 13595K->7650K(25088K), 0.0004780 secs] [Times: user=0.00 sys=0.00, real=0.00 secs] 
339.273: Total time for which application threads were stopped: 0.0674490 seconds, Stopping threads took: 0.0669050 seconds
339.274: Application time: 0.0009350 seconds
339.321: [GC [PSYoungGen: 7270K->973K(7680K)] 14306K->12110K(25088K), 0.0015790 secs] [Times: user=0.01 sys=0.00, real=0.00 secs] 
339.323: [Full GC [PSYoungGen: 973K->0K(7680K)] [ParOldGen: 11137K->6254K(17408K)] 12110K->6254K(25088K) [PSPermGen: 5142K->5142K(21504K)], 0.0048240 secs] [Times: user=0.02 sys=0.00, real=0.00 secs] 
339.328: Total time for which application threads were stopped: 0.0540570 seconds, Stopping threads took: 0.0475070 seconds
339.411: Application time: 0.0829550 seconds
339.469: [GC [PSYoungGen: 6345K->646K(7680K)] 12599K->6901K(25088K), 0.0003860 secs] [Times: user=0.00 sys=0.00, real=0.00 secs] 
339.470: Total time for which application threads were stopped: 0.0588130 seconds, Stopping threads took: 0.0583650 seconds
339.470: Application time: 0.0008410 seconds
339.471: [GC [PSYoungGen: 7109K->1006K(7680K)] 13363K->13274K(25088K), 0.0020900 secs] [Times: user=0.02 sys=0.00, real=0.00 secs] 
339.473: [Full GC [PSYoungGen: 1006K->0K(7680K)] [ParOldGen: 12267K->8207K(17408K)] 13274K->8207K(25088K) [PSPermGen: 5142K->5142K(21504K)], 0.0050670 secs] [Times: user=0.02 sys=0.00, real=0.00 secs] 
339.478: Total time for which application threads were stopped: 0.0074690 seconds, Stopping threads took: 0.0001830 seconds
339.559: Application time: 0.0810840 seconds
339.620: [GC [PSYoungGen: 6462K->646K(7680K)] 14669K->8854K(25088K), 0.0004370 secs] [Times: user=0.01 sys=0.00, real=0.00 secs] 
339.620: Total time for which application threads were stopped: 0.0609860 seconds, Stopping threads took: 0.0604750 seconds
339.621: Application time: 0.0009910 seconds
339.664: [GC [PSYoungGen: 7109K->939K(7680K)] 15316K->14225K(25088K), 0.0017500 secs] [Times: user=0.01 sys=0.00, real=0.00 secs] 
339.666: [Full GC [PSYoungGen: 939K->0K(7680K)] [ParOldGen: 13286K->7133K(17408K)] 14225K->7133K(25088K) [PSPermGen: 5142K->5142K(21504K)], 0.0047680 secs] [Times: user=0.02 sys=0.00, real=0.01 secs] 
339.671: Total time for which application threads were stopped: 0.0499790 seconds, Stopping threads took: 0.0433390 seconds
339.746: Application time: 0.0753940 seconds
339.789: [GC [PSYoungGen: 6462K->614K(7680K)] 13595K->7748K(25088K), 0.0004660 secs] [Times: user=0.00 sys=0.01, real=0.01 secs] 
339.791: Total time for which application threads were stopped: 0.0442760 seconds, Stopping threads took: 0.0427150 seconds
339.791: Application time: 0.0008270 seconds
339.846: [GC [PSYoungGen: 7253K->1005K(7680K)] 14386K->13217K(25088K), 0.0019950 secs] [Times: user=0.01 sys=0.00, real=0.00 secs] 
339.848: [Full GC [PSYoungGen: 1005K->0K(7680K)] [ParOldGen: 12211K->7231K(17408K)] 13217K->7231K(25088K) [PSPermGen: 5142K->5142K(21504K)], 0.0047920 secs] [Times: user=0.02 sys=0.00, real=0.01 secs] 
339.853: Total time for which application threads were stopped: 0.0610360 seconds, Stopping threads took: 0.0541210 seconds
339.927: Application time: 0.0741310 seconds
339.972: [GC [PSYoungGen: 6364K->939K(7680K)] 13595K->8952K(25088K), 0.0007050 secs] [Times: user=0.01 sys=0.00, real=0.00 secs] 
339.973: Total time for which application threads were stopped: 0.0459320 seconds, Stopping threads took: 0.0451580 seconds
339.974: Application time: 0.0010580 seconds
340.033: [GC [PSYoungGen: 7595K->1005K(7680K)] 15608K->13119K(25088K), 0.0016150 secs] [Times: user=0.01 sys=0.00, real=0.00 secs] 
340.035: [Full GC [PSYoungGen: 1005K->0K(7680K)] [ParOldGen: 12114K->6254K(17408K)] 13119K->6254K(25088K) [PSPermGen: 5142K->5142K(21504K)], 0.0047900 secs] [Times: user=0.02 sys=0.00, real=0.00 secs] 
340.040: Total time for which application threads were stopped: 0.0660530 seconds, Stopping threads took: 0.0595050 seconds
340.124: Application time: 0.0843510 seconds
340.180: [GC [PSYoungGen: 6656K->909K(7680K)] 12910K->7163K(25088K), 0.0004800 secs] [Times: user=0.01 sys=0.00, real=0.00 secs] 
340.180: Total time for which application threads were stopped: 0.0560160 seconds, Stopping threads took: 0.0554590 seconds
340.181: Application time: 0.0009270 seconds
340.225: [GC [PSYoungGen: 7528K->1005K(7680K)] 13782K->11573K(25088K), 0.0016460 secs] [Times: user=0.01 sys=0.00, real=0.00 secs] 
340.227: [Full GC [PSYoungGen: 1005K->0K(7680K)] [ParOldGen: 10567K->6449K(17408K)] 11573K->6449K(25088K) [PSPermGen: 5142K->5142K(21504K)], 0.0047240 secs] [Times: user=0.02 sys=0.00, real=0.01 secs] 
340.231: Total time for which application threads were stopped: 0.0503000 seconds, Stopping threads took: 0.0438030 seconds
340.304: Application time: 0.0724560 seconds
340.348: [GC [PSYoungGen: 6559K->1005K(7680K)] 13009K->8627K(25088K), 0.0008100 secs] [Times: user=0.00 sys=0.00, real=0.01 secs] 
340.349: Total time for which application threads were stopped: 0.0454730 seconds, Stopping threads took: 0.0445930 seconds
340.350: Application time: 0.0011480 seconds
340.392: [GC [PSYoungGen: 7565K->907K(7680K)] 15187K->14194K(25088K), 0.0020030 secs] [Times: user=0.02 sys=0.00, real=0.00 secs] 
340.394: [Full GC [PSYoungGen: 907K->0K(7680K)] [ParOldGen: 13286K->7719K(17408K)] 14194K->7719K(25088K) [PSPermGen: 5142K->5142K(21504K)], 0.0049600 secs] [Times: user=0.02 sys=0.00, real=0.00 secs] 
340.399: Total time for which application threads were stopped: 0.0489390 seconds, Stopping threads took: 0.0418470 seconds
340.480: Application time: 0.0806850 seconds
340.540: [GC [PSYoungGen: 6638K->192K(7680K)] 14358K->7911K(25088K), 0.0003660 secs] [Times: user=0.00 sys=0.00, real=0.00 secs] 
340.541: Total time for which application threads were stopped: 0.0607490 seconds, Stopping threads took: 0.0603170 seconds
340.542: Application time: 0.0008540 seconds
340.542: [GC [PSYoungGen: 6830K->1005K(7680K)] 14550K->14495K(25088K), 0.0019630 secs] [Times: user=0.02 sys=0.00, real=0.00 secs] 
340.544: [Full GC [PSYoungGen: 1005K->0K(7680K)] [ParOldGen: 13489K->7914K(17408K)] 14495K->7914K(25088K) [PSPermGen: 5142K->5142K(21504K)], 0.0050440 secs] [Times: user=0.02 sys=0.00, real=0.00 secs] 
340.549: Total time for which application threads were stopped: 0.0073340 seconds, Stopping threads took: 0.0002000 seconds
340.629: Application time: 0.0802650 seconds
340.691: [GC [PSYoungGen: 6559K->451K(7680K)] 14474K->8366K(25088K), 0.0005910 secs] [Times: user=0.00 sys=0.00, real=0.00 secs] 
340.691: Total time for which application threads were stopped: 0.0620080 seconds, Stopping threads took: 0.0613440 seconds
340.692: Application time: 0.0008320 seconds
340.737: [GC [PSYoungGen: 7087K->1006K(7680K)] 15002K->13755K(25088K), 0.0017480 secs] [Times: user=0.02 sys=0.00, real=0.00 secs] 
340.739: [Full GC [PSYoungGen: 1006K->0K(7680K)] [ParOldGen: 12748K->7036K(17408K)] 13755K->7036K(25088K) [PSPermGen: 5142K->5142K(21504K)], 0.0048730 secs] [Times: user=0.02 sys=0.00, real=0.01 secs] 
340.744: Total time for which application threads were stopped: 0.0520080 seconds, Stopping threads took: 0.0452590 seconds
340.834: Application time: 0.0896250 seconds
340.887: [GC [PSYoungGen: 6559K->582K(7680K)] 13596K->7618K(25088K), 0.0004320 secs] [Times: user=0.00 sys=0.00, real=0.00 secs] 
340.888: Total time for which application threads were stopped: 0.0539850 seconds, Stopping threads took: 0.0534890 seconds
340.889: Application time: 0.0008520 seconds
340.940: [GC [PSYoungGen: 7238K->1005K(7680K)] 14274K->12151K(25088K), 0.0015730 secs] [Times: user=0.01 sys=0.00, real=0.01 secs] 
340.942: [Full GC [PSYoungGen: 1005K->0K(7680K)] [ParOldGen: 11146K->6255K(17408K)] 12151K->6255K(25088K) [PSPermGen: 5142K->5142K(21504K)], 0.0048400 secs] [Times: user=0.02 sys=0.00, real=0.00 secs] 
340.947: Total time for which application threads were stopped: 0.0584190 seconds, Stopping threads took: 0.0518810 seconds
341.035: Application time: 0.0876480 seconds
341.088: [GC [PSYoungGen: 6345K->646K(7680K)] 12600K->6901K(25088K), 0.0006690 secs] [Times: user=0.00 sys=0.00, real=0.00 secs] 
341.088: Total time for which application threads were stopped: 0.0536760 seconds, Stopping threads took: 0.0529400 seconds
341.089: Application time: 0.0008890 seconds
341.089: [GC [PSYoungGen: 7109K->1006K(7680K)] 13364K->13259K(25088K), 0.0020490 secs] [Times: user=0.01 sys=0.00, real=0.00 secs] 
341.091: [Full GC [PSYoungGen: 1006K->0K(7680K)] [ParOldGen: 12252K->8208K(17408K)] 13259K->8208K(25088K) [PSPermGen: 5142K->5142K(21504K)], 0.0050830 secs] [Times: user=0.03 sys=0.00, real=0.00 secs] 
341.097: Total time for which application threads were stopped: 0.0074570 seconds, Stopping threads took: 0.0001910 seconds
341.176: Application time: 0.0788860 seconds
341.238: [GC [PSYoungGen: 6462K->550K(7680K)] 14670K->8758K(25088K), 0.0006320 secs] [Times: user=0.00 sys=0.00, real=0.00 secs] 
341.239: Total time for which application threads were stopped: 0.0632200 seconds, Stopping threads took: 0.0624910 seconds
341.239: Application time: 0.0007360 seconds
341.240: [GC [PSYoungGen: 7013K->1005K(7680K)] 15221K->15276K(25088K), 0.0020440 secs] [Times: user=0.01 sys=0.00, real=0.01 secs] 
341.242: [Full GC [PSYoungGen: 1005K->0K(7680K)] [ParOldGen: 14271K->8208K(17408K)] 15276K->8208K(25088K) [PSPermGen: 5142K->5142K(21504K)], 0.0051440 secs] [Times: user=0.02 sys=0.00, real=0.00 secs] 
341.247: Total time for which application threads were stopped: 0.0075100 seconds, Stopping threads took: 0.0001880 seconds
341.324: Application time: 0.0774890 seconds
341.386: [GC [PSYoungGen: 6462K->582K(7680K)] 14670K->8790K(25088K), 0.0004370 secs] [Times: user=0.00 sys=0.00, real=0.00 secs] 
341.386: [Full GC [PSYoungGen: 582K->0K(7680K)] [ParOldGen: 8208K->1927K(17408K)] 8790K->1927K(25088K) [PSPermGen: 5142K->5142K(21504K)], 0.0038410 secs] [Times: user=0.02 sys=0.00, real=0.01 secs] 
341.390: Total time for which application threads were stopped: 0.0657750 seconds, Stopping threads took: 0.0613810 seconds
341.391: Application time: 0.0010770 seconds
341.438: [GC [PSYoungGen: 6538K->1005K(7680K)] 8466K->7531K(25088K), 0.0016650 secs] [Times: user=0.02 sys=0.00, real=0.00 secs] 
341.440: Total time for which application threads were stopped: 0.0482550 seconds, Stopping threads took: 0.0465150 seconds
341.514: Application time: 0.0746780 seconds
341.559: [GC [PSYoungGen: 7467K->646K(7680K)] 13993K->7172K(25088K), 0.0003730 secs] [Times: user=0.00 sys=0.00, real=0.00 secs] 
341.559: Total time for which application threads were stopped: 0.0447480 seconds, Stopping threads took: 0.0443120 seconds
341.560: Application time: 0.0008530 seconds
341.604: [GC [PSYoungGen: 7285K->1005K(7680K)] 13810K->12669K(25088K), 0.0019720 secs] [Times: user=0.02 sys=0.00, real=0.00 secs] 
341.606: [Full GC [PSYoungGen: 1005K->0K(7680K)] [ParOldGen: 11664K->7231K(17408K)] 12669K->7231K(25088K) [PSPermGen: 5142K->5142K(21504K)], 0.0047030 secs] [Times: user=0.02 sys=0.00, real=0.01 secs] 
341.610: Total time for which application threads were stopped: 0.0504700 seconds, Stopping threads took: 0.0436590 seconds
341.684: Application time: 0.0735870 seconds
341.729: [GC [PSYoungGen: 6364K->646K(7680K)] 13596K->7878K(25088K), 0.0003910 secs] [Times: user=0.00 sys=0.00, real=0.01 secs] 
341.729: Total time for which application threads were stopped: 0.0453140 seconds, Stopping threads took: 0.0448560 seconds
341.730: Application time: 0.0008040 seconds
341.730: [GC [PSYoungGen: 7206K->1005K(7680K)] 14438K->14397K(25088K), 0.0021380 secs] [Times: user=0.01 sys=0.00, real=0.00 secs] 
341.732: [Full GC [PSYoungGen: 1005K->0K(7680K)] [ParOldGen: 13392K->8305K(17408K)] 14397K->8305K(25088K) [PSPermGen: 5142K->5142K(21504K)], 0.0049090 secs] [Times: user=0.02 sys=0.00, real=0.00 secs] 
341.737: Total time for which application threads were stopped: 0.0072000 seconds, Stopping threads took: 0.0000310 seconds
341.817: Application time: 0.0798720 seconds
341.878: [GC [PSYoungGen: 6638K->841K(7680K)] 14943K->9147K(25088K), 0.0004580 secs] [Times: user=0.00 sys=0.00, real=0.00 secs] 
341.878: [Full GC [PSYoungGen: 841K->0K(7680K)] [ParOldGen: 8305K->2151K(17408K)] 9147K->2151K(25088K) [PSPermGen: 5142K->5142K(21504K)], 0.0037540 secs] [Times: user=0.01 sys=0.00, real=0.01 secs] 
341.882: Total time for which application threads were stopped: 0.0651020 seconds, Stopping threads took: 0.0607680 seconds
341.883: Application time: 0.0011580 seconds
341.884: [GC [PSYoungGen: 6655K->1006K(7680K)] 8807K->8944K(25088K), 0.0020360 secs] [Times: user=0.02 sys=0.00, real=0.00 secs] 
341.886: [Full GC [PSYoungGen: 1006K->0K(7680K)] [ParOldGen: 7937K->8598K(17408K)] 8944K->8598K(25088K) [PSPermGen: 5142K->5142K(21504K)], 0.0049900 secs] [Times: user=0.02 sys=0.00, real=0.01 secs] 
341.891: Total time for which application threads were stopped: 0.0072790 seconds, Stopping threads took: 0.0001250 seconds
341.970: Application time: 0.0791350 seconds
342.034: [GC [PSYoungGen: 6656K->1005K(7680K)] 15254K->9799K(25088K), 0.0005260 secs] [Times: user=0.00 sys=0.00, real=0.00 secs] 
342.034: [Full GC [PSYoungGen: 1005K->0K(7680K)] [ParOldGen: 8794K->2541K(17408K)] 9799K->2541K(25088K) [PSPermGen: 5142K->5142K(21504K)], 0.0036740 secs] [Times: user=0.01 sys=0.00, real=0.00 secs] 
342.038: Total time for which application threads were stopped: 0.0682940 seconds, Stopping threads took: 0.0639810 seconds
342.039: Application time: 0.0011500 seconds
342.083: [GC [PSYoungGen: 6638K->1006K(7680K)] 9180K->8089K(25088K), 0.0017560 secs] [Times: user=0.01 sys=0.00, real=0.00 secs] 
342.085: Total time for which application threads were stopped: 0.0456060 seconds, Stopping threads took: 0.0437720 seconds
342.159: Application time: 0.0739850 seconds
342.204: [GC [PSYoungGen: 7662K->451K(7680K)] 14745K->7533K(25088K), 0.0005630 secs] [Times: user=0.00 sys=0.00, real=0.00 secs] 
342.205: Total time for which application threads were stopped: 0.0458130 seconds, Stopping threads took: 0.0451830 seconds
342.206: Application time: 0.0008830 seconds
342.250: [GC [PSYoungGen: 6992K->939K(7680K)] 14074K->10756K(25088K), 0.0011960 secs] [Times: user=0.01 sys=0.00, real=0.00 secs] 
342.251: [Full GC [PSYoungGen: 939K->0K(7680K)] [ParOldGen: 9816K->4791K(17408K)] 10756K->4791K(25088K) [PSPermGen: 5142K->5142K(21504K)], 0.0048290 secs] [Times: user=0.02 sys=0.00, real=0.00 secs] 
342.256: Total time for which application threads were stopped: 0.0501130 seconds, Stopping threads took: 0.0439720 seconds
342.327: Application time: 0.0716720 seconds
342.330: [GC [PSYoungGen: 6638K->1005K(7680K)] 11429K->6382K(25088K), 0.0006510 secs] [Times: user=0.01 sys=0.00, real=0.00 secs] 
342.331: Total time for which application threads were stopped: 0.0031570 seconds, Stopping threads took: 0.0024370 seconds
342.332: Application time: 0.0010230 seconds
342.392: [GC [PSYoungGen: 7565K->1005K(7680K)] 12942K->10288K(25088K), 0.0015020 secs] [Times: user=0.00 sys=0.00, real=0.00 secs] 
342.393: [Full GC [PSYoungGen: 1005K->0K(7680K)] [ParOldGen: 9283K->6060K(17408K)] 10288K->6060K(25088K) [PSPermGen: 5142K->5142K(21504K)], 0.0047470 secs] [Times: user=0.02 sys=0.00, real=0.00 secs] 
342.398: Total time for which application threads were stopped: 0.0666140 seconds, Stopping threads took: 0.0602370 seconds
342.472: Application time: 0.0733790 seconds
342.516: [GC [PSYoungGen: 6560K->1005K(7680K)] 12620K->7846K(25088K), 0.0008070 secs] [Times: user=0.00 sys=0.01, real=0.00 secs] 
342.517: Total time for which application threads were stopped: 0.0452680 seconds, Stopping threads took: 0.0443930 seconds
342.518: Application time: 0.0011460 seconds
342.577: [GC [PSYoungGen: 7565K->1005K(7680K)] 14406K->11948K(25088K), 0.0016220 secs] [Times: user=0.01 sys=0.00, real=0.00 secs] 
342.579: [Full GC [PSYoungGen: 1005K->0K(7680K)] [ParOldGen: 10943K->6255K(17408K)] 11948K->6255K(25088K) [PSPermGen: 5142K->5142K(21504K)], 0.0045750 secs] [Times: user=0.02 sys=0.01, real=0.01 secs] 
342.583: Total time for which application threads were stopped: 0.0655380 seconds, Stopping threads took: 0.0592100 seconds
342.656: Application time: 0.0723540 seconds
342.701: [GC [PSYoungGen: 6560K->973K(7680K)] 12815K->8205K(25088K), 0.0007590 secs] [Times: user=0.00 sys=0.00, real=0.01 secs] 
342.701: Total time for which application threads were stopped: 0.0456210 seconds, Stopping threads took: 0.0447900 seconds
342.703: Application time: 0.0015000 seconds
342.773: [GC [PSYoungGen: 7611K->973K(7680K)] 14843K->8205K(25088K), 0.0005490 secs] [Times: user=0.00 sys=0.00, real=0.00 secs] 
342.773: Total time for which application threads were stopped: 0.0703100 seconds, Stopping threads took: 0.0696800 seconds
342.774: Application time: 0.0008200 seconds
342.818: [GC [PSYoungGen: 7592K->1003K(7680K)] 14824K->13704K(25088K), 0.0017980 secs] [Times: user=0.01 sys=0.00, real=0.00 secs] 
342.820: [Full GC [PSYoungGen: 1003K->0K(7680K)] [ParOldGen: 12701K->7525K(17408K)] 13704K->7525K(25088K) [PSPermGen: 5142K->5142K(21504K)], 0.0051120 secs] [Times: user=0.02 sys=0.00, real=0.01 secs] 
342.825: Total time for which application threads were stopped: 0.0506010 seconds, Stopping threads took: 0.0435770 seconds
342.921: Application time: 0.0965230 seconds
342.985: [GC [PSYoungGen: 6462K->1005K(7680K)] 13987K->8530K(25088K), 0.0004560 secs] [Times: user=0.00 sys=0.00, real=0.00 secs] 
342.986: Total time for which application threads were stopped: 0.0643290 seconds, Stopping threads took: 0.0638020 seconds
342.986: Application time: 0.0008870 seconds
343.036: [GC [PSYoungGen: 7565K->1005K(7680K)] 15090K->14007K(25088K), 0.0020580 secs] [Times: user=0.01 sys=0.00, real=0.00 secs] 
343.039: [Full GC [PSYoungGen: 1005K->0K(7680K)] [ParOldGen: 13002K->7622K(17408K)] 14007K->7622K(25088K) [PSPermGen: 5142K->5142K(21504K)], 0.0049130 secs] [Times: user=0.02 sys=0.00, real=0.01 secs] 
343.044: Total time for which application threads were stopped: 0.0570720 seconds, Stopping threads took: 0.0499740 seconds
343.128: Application time: 0.0844800 seconds
343.187: [GC [PSYoungGen: 6559K->941K(7680K)] 14182K->8759K(25088K), 0.0006260 secs] [Times: user=0.00 sys=0.00, real=0.00 secs] 
343.188: Total time for which application threads were stopped: 0.0601340 seconds, Stopping threads took: 0.0594140 seconds
343.189: Application time: 0.0009360 seconds
343.233: [GC [PSYoungGen: 7501K->939K(7680K)] 15319K->14519K(25088K), 0.0020360 secs] [Times: user=0.01 sys=0.00, real=0.00 secs] 
343.235: [Full GC [PSYoungGen: 939K->0K(7680K)] [ParOldGen: 13580K->7818K(17408K)] 14519K->7818K(25088K) [PSPermGen: 5142K->5142K(21504K)], 0.0052410 secs] [Times: user=0.03 sys=0.00, real=0.00 secs] 
343.240: Total time for which application threads were stopped: 0.0510050 seconds, Stopping threads took: 0.0435790 seconds
343.319: Application time: 0.0786390 seconds
343.380: [GC [PSYoungGen: 6462K->224K(7680K)] 14280K->8042K(25088K), 0.0003450 secs] [Times: user=0.00 sys=0.00, real=0.00 secs] 
343.380: Total time for which application threads were stopped: 0.0611960 seconds, Stopping threads took: 0.0607840 seconds
343.381: Application time: 0.0007830 seconds
343.381: [GC [PSYoungGen: 6784K->1008K(7680K)] 14602K->14449K(25088K), 0.0018360 secs] [Times: user=0.02 sys=0.00, real=0.01 secs] 
343.383: [Full GC [PSYoungGen: 1008K->0K(7680K)] [ParOldGen: 13440K->7915K(17408K)] 14449K->7915K(25088K) [PSPermGen: 5142K->5142K(21504K)], 0.0049490 secs] [Times: user=0.02 sys=0.00, real=0.00 secs] 
343.388: Total time for which application threads were stopped: 0.0070330 seconds, Stopping threads took: 0.0001300 seconds
343.466: Application time: 0.0781210 seconds
343.529: [GC [PSYoungGen: 6559K->419K(7680K)] 14475K->8334K(25088K), 0.0006160 secs] [Times: user=0.00 sys=0.00, real=0.01 secs] 
343.530: Total time for which application threads were stopped: 0.0636840 seconds, Stopping threads took: 0.0629960 seconds
343.530: Application time: 0.0007550 seconds
343.531: [GC [PSYoungGen: 6979K->1006K(7680K)] 14895K->14814K(25088K), 0.0018950 secs] [Times: user=0.01 sys=0.00, real=0.00 secs] 
343.532: [Full GC [PSYoungGen: 1006K->0K(7680K)] [ParOldGen: 13807K->8110K(17408K)] 14814K->8110K(25088K) [PSPermGen: 5142K->5142K(21504K)], 0.0050140 secs] [Times: user=0.02 sys=0.00, real=0.00 secs] 
343.538: Total time for which application threads were stopped: 0.0072030 seconds, Stopping threads took: 0.0001610 seconds
343.620: Application time: 0.0825810 seconds
343.681: [GC [PSYoungGen: 6520K->419K(7680K)] 14631K->8530K(25088K), 0.0004280 secs] [Times: user=0.00 sys=0.00, real=0.01 secs] 
343.681: [Full GC [PSYoungGen: 419K->0K(7680K)] [ParOldGen: 8110K->1789K(17408K)] 8530K->1789K(25088K) [PSPermGen: 5142K->5142K(21504K)], 0.0038040 secs] [Times: user=0.01 sys=0.00, real=0.00 secs] 
343.685: Total time for which application threads were stopped: 0.0651070 seconds, Stopping threads took: 0.0607640 seconds
343.686: Application time: 0.0012760 seconds
343.730: [GC [PSYoungGen: 6560K->1005K(7680K)] 8349K->7677K(25088K), 0.0016820 secs] [Times: user=0.01 sys=0.00, real=0.00 secs] 
343.732: Total time for which application threads were stopped: 0.0454590 seconds, Stopping threads took: 0.0437090 seconds
343.805: Application time: 0.0734000 seconds
343.850: [GC [PSYoungGen: 7643K->582K(7680K)] 14315K->7254K(25088K), 0.0004150 secs] [Times: user=0.01 sys=0.00, real=0.00 secs] 
343.851: Total time for which application threads were stopped: 0.0454980 seconds, Stopping threads took: 0.0450160 seconds
343.852: Application time: 0.0009170 seconds
343.903: [GC [PSYoungGen: 7142K->1005K(7680K)] 13815K->12788K(25088K), 0.0018100 secs] [Times: user=0.02 sys=0.00, real=0.00 secs] 
343.905: [Full GC [PSYoungGen: 1005K->0K(7680K)] [ParOldGen: 11782K->7232K(17408K)] 12788K->7232K(25088K) [PSPermGen: 5142K->5142K(21504K)], 0.0047270 secs] [Times: user=0.02 sys=0.00, real=0.01 secs] 
343.910: Total time for which application threads were stopped: 0.0579250 seconds, Stopping threads took: 0.0512670 seconds
343.984: Application time: 0.0743360 seconds
344.029: [GC [PSYoungGen: 6462K->941K(7680K)] 13694K->8954K(25088K), 0.0008960 secs] [Times: user=0.00 sys=0.00, real=0.00 secs] 
344.030: Total time for which application threads were stopped: 0.0461520 seconds, Stopping threads took: 0.0451830 seconds
344.031: Application time: 0.0011070 seconds
344.075: [GC [PSYoungGen: 7579K->1005K(7680K)] 15593K->14203K(25088K), 0.0018680 secs] [Times: user=0.01 sys=0.00, real=0.00 secs] 
344.077: [Full GC [PSYoungGen: 1005K->0K(7680K)] [ParOldGen: 13197K->7330K(17408K)] 14203K->7330K(25088K) [PSPermGen: 5142K->5142K(21504K)], 0.0049940 secs] [Times: user=0.02 sys=0.00, real=0.01 secs] 
344.082: Total time for which application threads were stopped: 0.0506840 seconds, Stopping threads took: 0.0436820 seconds
344.154: Application time: 0.0724530 seconds
344.200: [GC [PSYoungGen: 6656K->973K(7680K)] 13986K->8303K(25088K), 0.0005340 secs] [Times: user=0.00 sys=0.00, real=0.00 secs] 
344.201: Total time for which application threads were stopped: 0.0462200 seconds, Stopping threads took: 0.0455980 seconds
344.202: Application time: 0.0009190 seconds
344.256: [GC [PSYoungGen: 7629K->1005K(7680K)] 14959K->12828K(25088K), 0.0018040 secs] [Times: user=0.01 sys=0.00, real=0.00 secs] 
344.258: [Full GC [PSYoungGen: 1005K->0K(7680K)] [ParOldGen: 11822K->6646K(17408K)] 12828K->6646K(25088K) [PSPermGen: 5142K->5142K(21504K)], 0.0047490 secs] [Times: user=0.03 sys=0.00, real=0.01 secs] 
344.263: Total time for which application threads were stopped: 0.0609960 seconds, Stopping threads took: 0.0543200 seconds
344.334: Application time: 0.0717350 seconds
344.379: [GC [PSYoungGen: 6638K->1005K(7680K)] 13285K->9019K(25088K), 0.0009770 secs] [Times: user=0.00 sys=0.00, real=0.00 secs] 
344.380: Total time for which application threads were stopped: 0.0460380 seconds, Stopping threads took: 0.0449870 seconds
344.457: Application time: 0.0770390 seconds
344.476: [GC [PSYoungGen: 7545K->192K(7680K)] 15559K->8206K(25088K), 0.0004570 secs] [Times: user=0.00 sys=0.00, real=0.00 secs] 
344.477: Total time for which application threads were stopped: 0.0191730 seconds, Stopping threads took: 0.0186320 seconds
344.477: Application time: 0.0006540 seconds
344.478: [GC [PSYoungGen: 6752K->1006K(7680K)] 14766K->14741K(25088K), 0.0021760 secs] [Times: user=0.01 sys=0.00, real=0.00 secs] 
344.480: [Full GC [PSYoungGen: 1006K->0K(7680K)] [ParOldGen: 13734K->7916K(17408K)] 14741K->7916K(25088K) [PSPermGen: 5142K->5142K(21504K)], 0.0051200 secs] [Times: user=0.02 sys=0.00, real=0.01 secs] 
344.485: Total time for which application threads were stopped: 0.0077590 seconds, Stopping threads took: 0.0003190 seconds
344.566: Application time: 0.0805720 seconds
344.624: [GC [PSYoungGen: 6559K->355K(7680K)] 14475K->8271K(25088K), 0.0004900 secs] [Times: user=0.00 sys=0.00, real=0.00 secs] 
344.624: Total time for which application threads were stopped: 0.0589150 seconds, Stopping threads took: 0.0583490 seconds
344.625: Application time: 0.0008860 seconds
344.677: [GC [PSYoungGen: 6993K->1005K(7680K)] 14909K->13812K(25088K), 0.0017050 secs] [Times: user=0.01 sys=0.00, real=0.00 secs] 
344.679: [Full GC [PSYoungGen: 1005K->0K(7680K)] [ParOldGen: 12807K->7037K(17408K)] 13812K->7037K(25088K) [PSPermGen: 5142K->5142K(21504K)], 0.0050850 secs] [Times: user=0.02 sys=0.01, real=0.01 secs] 
344.684: Total time for which application threads were stopped: 0.0588110 seconds, Stopping threads took: 0.0519030 seconds
344.758: Application time: 0.0733310 seconds
344.802: [GC [PSYoungGen: 6266K->907K(7680K)] 13304K->9507K(25088K), 0.0008830 secs] [Times: user=0.00 sys=0.00, real=0.00 secs] 
344.804: [Full GC [PSYoungGen: 907K->0K(7680K)] [ParOldGen: 8600K->3619K(17408K)] 9507K->3619K(25088K) [PSPermGen: 5142K->5142K(21504K)], 0.0042690 secs] [Times: user=0.02 sys=0.00, real=0.00 secs] 
344.808: Total time for which application threads were stopped: 0.0507610 seconds, Stopping threads took: 0.0448810 seconds
344.890: Application time: 0.0817840 seconds
344.900: [GC [PSYoungGen: 6560K->451K(7680K)] 10179K->4071K(25088K), 0.0003820 secs] [Times: user=0.00 sys=0.00, real=0.00 secs] 
344.901: Total time for which application threads were stopped: 0.0108130 seconds, Stopping threads took: 0.0103710 seconds
344.902: Application time: 0.0007750 seconds
344.945: [GC [PSYoungGen: 7089K->1005K(7680K)] 10709K->9540K(25088K), 0.0017360 secs] [Times: user=0.01 sys=0.00, real=0.00 secs] 
344.947: [Full GC [PSYoungGen: 1005K->0K(7680K)] [ParOldGen: 8534K->7037K(17408K)] 9540K->7037K(25088K) [PSPermGen: 5142K->5142K(21504K)], 0.0045540 secs] [Times: user=0.02 sys=0.00, real=0.01 secs] 
344.952: Total time for which application threads were stopped: 0.0501760 seconds, Stopping threads took: 0.0437530 seconds
345.026: Application time: 0.0743050 seconds
345.071: [GC [PSYoungGen: 6656K->1005K(7680K)] 13693K->8824K(25088K), 0.0007430 secs] [Times: user=0.01 sys=0.00, real=0.00 secs] 
345.072: Total time for which application threads were stopped: 0.0460960 seconds, Stopping threads took: 0.0452900 seconds
345.077: Application time: 0.0052330 seconds
345.143: [GC [PSYoungGen: 7370K->614K(7680K)] 15189K->8433K(25088K), 0.0004380 secs] [Times: user=0.00 sys=0.00, real=0.00 secs] 
345.144: Total time for which application threads were stopped: 0.0663670 seconds, Stopping threads took: 0.0658380 seconds
345.146: Application time: 0.0017950 seconds
345.196: [GC [PSYoungGen: 7077K->1005K(7680K)] 14896K->12730K(25088K), 0.0016650 secs] [Times: user=0.01 sys=0.00, real=0.00 secs] 
345.198: [Full GC [PSYoungGen: 1005K->0K(7680K)] [ParOldGen: 11725K->6060K(17408K)] 12730K->6060K(25088K) [PSPermGen: 5142K->5142K(21504K)], 0.0048670 secs] [Times: user=0.02 sys=0.00, real=0.01 secs] 
345.203: Total time for which application threads were stopped: 0.0571520 seconds, Stopping threads took: 0.0504790 seconds
345.278: Application time: 0.0750410 seconds
345.284: [GC [PSYoungGen: 6540K->1005K(7680K)] 12601K->8824K(25088K), 0.0009400 secs] [Times: user=0.01 sys=0.00, real=0.00 secs] 
345.285: Total time for which application threads were stopped: 0.0068860 seconds, Stopping threads took: 0.0058640 seconds
345.356: Application time: 0.0716660 seconds
345.360: [GC [PSYoungGen: 7546K->646K(7680K)] 15364K->8465K(25088K), 0.0004150 secs] [Times: user=0.00 sys=0.00, real=0.00 secs] 
345.361: Total time for which application threads were stopped: 0.0043740 seconds, Stopping threads took: 0.0038830 seconds
345.362: Application time: 0.0009050 seconds
345.415: [GC [PSYoungGen: 7206K->1005K(7680K)] 15025K->13946K(25088K), 0.0017920 secs] [Times: user=0.01 sys=0.00, real=0.00 secs] 
345.417: [Full GC [PSYoungGen: 1005K->0K(7680K)] [ParOldGen: 12941K->7232K(17408K)] 13946K->7232K(25088K) [PSPermGen: 5142K->5142K(21504K)], 0.0051390 secs] [Times: user=0.03 sys=0.00, real=0.01 secs] 
345.422: Total time for which application threads were stopped: 0.0601000 seconds, Stopping threads took: 0.0530560 seconds
345.496: Application time: 0.0737990 seconds
345.541: [GC [PSYoungGen: 6364K->582K(7680K)] 13597K->7815K(25088K), 0.0004280 secs] [Times: user=0.01 sys=0.00, real=0.01 secs] 
345.541: Total time for which application threads were stopped: 0.0457180 seconds, Stopping threads took: 0.0452310 seconds
345.542: Application time: 0.0008560 seconds
345.596: [GC [PSYoungGen: 7219K->939K(7680K)] 14451K->12274K(25088K), 0.0015640 secs] [Times: user=0.01 sys=0.00, real=0.00 secs] 
345.598: [Full GC [PSYoungGen: 939K->0K(7680K)] [ParOldGen: 11334K->6159K(17408K)] 12274K->6159K(25088K) [PSPermGen: 5142K->5142K(21504K)], 0.0054390 secs] [Times: user=0.02 sys=0.00, real=0.01 secs] 
345.603: Total time for which application threads were stopped: 0.0609750 seconds, Stopping threads took: 0.0538520 seconds
345.682: Application time: 0.0792340 seconds
345.737: [GC [PSYoungGen: 6364K->646K(7680K)] 12523K->6805K(25088K), 0.0004520 secs] [Times: user=0.00 sys=0.00, real=0.00 secs] 
345.738: Total time for which application threads were stopped: 0.0555890 seconds, Stopping threads took: 0.0550680 seconds
345.739: Application time: 0.0009970 seconds
345.788: [GC [PSYoungGen: 7302K->939K(7680K)] 13461K->12372K(25088K), 0.0019230 secs] [Times: user=0.02 sys=0.00, real=0.01 secs] 
345.790: [Full GC [PSYoungGen: 939K->0K(7680K)] [ParOldGen: 11432K->7330K(17408K)] 12372K->7330K(25088K) [PSPermGen: 5142K->5142K(21504K)], 0.0048860 secs] [Times: user=0.02 sys=0.00, real=0.00 secs] 
345.795: Total time for which application threads were stopped: 0.0558020 seconds, Stopping threads took: 0.0488640 seconds
345.897: Application time: 0.1018570 seconds
345.948: [GC [PSYoungGen: 6656K->646K(7680K)] 13986K->8368K(25088K), 0.0005090 secs] [Times: user=0.00 sys=0.00, real=0.00 secs] 
345.948: Total time for which application threads were stopped: 0.0514170 seconds, Stopping threads took: 0.0508440 seconds
345.949: Application time: 0.0011240 seconds
346.018: [GC [PSYoungGen: 7185K->646K(7680K)] 14906K->8758K(25088K), 0.0004580 secs] [Times: user=0.01 sys=0.00, real=0.00 secs] 
346.019: Total time for which application threads were stopped: 0.0696950 seconds, Stopping threads took: 0.0691780 seconds
346.020: Application time: 0.0007590 seconds
346.063: [GC [PSYoungGen: 7285K->1006K(7680K)] 15397K->14546K(25088K), 0.0019910 secs] [Times: user=0.02 sys=0.00, real=0.00 secs] 
346.065: [Full GC [PSYoungGen: 1006K->0K(7680K)] [ParOldGen: 13539K->7623K(17408K)] 14546K->7623K(25088K) [PSPermGen: 5142K->5142K(21504K)], 0.0049310 secs] [Times: user=0.02 sys=0.00, real=0.01 secs] 
346.070: Total time for which application threads were stopped: 0.0504360 seconds, Stopping threads took: 0.0433940 seconds
346.170: Application time: 0.0995220 seconds
346.221: [GC [PSYoungGen: 6638K->841K(7680K)] 14261K->8856K(25088K), 0.0005880 secs] [Times: user=0.00 sys=0.00, real=0.01 secs] 
346.221: Total time for which application threads were stopped: 0.0516330 seconds, Stopping threads took: 0.0509790 seconds
346.222: Application time: 0.0009450 seconds
346.266: [GC [PSYoungGen: 7402K->1005K(7680K)] 15416K->14716K(25088K), 0.0020630 secs] [Times: user=0.01 sys=0.00, real=0.00 secs] 
346.268: [Full GC [PSYoungGen: 1005K->0K(7680K)] [ParOldGen: 13710K->7819K(17408K)] 14716K->7819K(25088K) [PSPermGen: 5142K->5142K(21504K)], 0.0049250 secs] [Times: user=0.02 sys=0.00, real=0.01 secs] 
346.273: Total time for which application threads were stopped: 0.0507400 seconds, Stopping threads took: 0.0436130 seconds
346.380: Application time: 0.1074960 seconds
346.436: [GC [PSYoungGen: 6656K->355K(7680K)] 14475K->8174K(25088K), 0.0004270 secs] [Times: user=0.00 sys=0.00, real=0.00 secs] 
346.436: Total time for which application threads were stopped: 0.0558390 seconds, Stopping threads took: 0.0553270 seconds
346.437: Application time: 0.0006840 seconds
346.437: [GC [PSYoungGen: 6915K->1006K(7680K)] 14734K->14717K(25088K), 0.0020250 secs] [Times: user=0.01 sys=0.00, real=0.00 secs] 
346.439: [Full GC [PSYoungGen: 1006K->0K(7680K)] [ParOldGen: 13710K->8111K(17408K)] 14717K->8111K(25088K) [PSPermGen: 5142K->5142K(21504K)], 0.0048550 secs] [Times: user=0.02 sys=0.00, real=0.01 secs] 
346.444: Total time for which application threads were stopped: 0.0072090 seconds, Stopping threads took: 0.0002020 seconds
346.524: Application time: 0.0801050 seconds
346.585: [GC [PSYoungGen: 6637K->582K(7680K)] 14749K->8694K(25088K), 0.0004520 secs] [Times: user=0.00 sys=0.00, real=0.00 secs] 
346.586: Total time for which application threads were stopped: 0.0614830 seconds, Stopping threads took: 0.0609380 seconds
346.586: Application time: 0.0007220 seconds
346.587: [GC [PSYoungGen: 7045K->1008K(7680K)] 15157K->15060K(25088K), 0.0019470 secs] [Times: user=0.02 sys=0.00, real=0.00 secs] 
346.589: [Full GC [PSYoungGen: 1008K->0K(7680K)] [ParOldGen: 14051K->8209K(17408K)] 15060K->8209K(25088K) [PSPermGen: 5142K->5142K(21504K)], 0.0050740 secs] [Times: user=0.02 sys=0.00, real=0.01 secs] 
346.594: Total time for which application threads were stopped: 0.0073240 seconds, Stopping threads took: 0.0001780 seconds
346.674: Application time: 0.0798170 seconds
346.735: [GC [PSYoungGen: 6540K->646K(7680K)] 14749K->8856K(25088K), 0.0004100 secs] [Times: user=0.01 sys=0.00, real=0.00 secs] 
346.735: [Full GC [PSYoungGen: 646K->0K(7680K)] [ParOldGen: 8209K->1984K(17408K)] 8856K->1984K(25088K) [PSPermGen: 5142K->5142K(21504K)], 0.0035780 secs] [Times: user=0.01 sys=0.00, real=0.00 secs] 
346.739: Total time for which application threads were stopped: 0.0649710 seconds, Stopping threads took: 0.0608750 seconds
346.740: Application time: 0.0011380 seconds
346.783: [GC [PSYoungGen: 6462K->1006K(7680K)] 8446K->7906K(25088K), 0.0018240 secs] [Times: user=0.01 sys=0.00, real=0.00 secs] 
346.785: Total time for which application threads were stopped: 0.0456300 seconds, Stopping threads took: 0.0437120 seconds
346.861: Application time: 0.0761240 seconds
346.907: [GC [PSYoungGen: 7469K->550K(7680K)] 14368K->7450K(25088K), 0.0005920 secs] [Times: user=0.00 sys=0.00, real=0.00 secs] 
346.907: Total time for which application threads were stopped: 0.0457980 seconds, Stopping threads took: 0.0451160 seconds
346.908: Application time: 0.0008130 seconds
346.908: [GC [PSYoungGen: 7110K->1005K(7680K)] 14010K->14065K(25088K), 0.0019960 secs] [Times: user=0.01 sys=0.00, real=0.01 secs] 
346.910: [Full GC [PSYoungGen: 1005K->0K(7680K)] [ParOldGen: 13060K->8307K(17408K)] 14065K->8307K(25088K) [PSPermGen: 5142K->5142K(21504K)], 0.0050530 secs] [Times: user=0.03 sys=0.00, real=0.00 secs] 
346.915: Total time for which application threads were stopped: 0.0072630 seconds, Stopping threads took: 0.0000850 seconds
346.996: Application time: 0.0808980 seconds
347.058: [GC [PSYoungGen: 6364K->582K(7680K)] 14671K->8890K(25088K), 0.0004390 secs] [Times: user=0.00 sys=0.00, real=0.00 secs] 
347.059: [Full GC [PSYoungGen: 582K->0K(7680K)] [ParOldGen: 8307K->1927K(17408K)] 8890K->1927K(25088K) [PSPermGen: 5142K->5142K(21504K)], 0.0036910 secs] [Times: user=0.02 sys=0.00, real=0.01 secs] 
347.062: Total time for which application threads were stopped: 0.0659790 seconds, Stopping threads took: 0.0617380 seconds
347.063: Application time: 0.0010980 seconds
347.108: [GC [PSYoungGen: 6540K->1006K(7680K)] 8468K->7873K(25088K), 0.0018930 secs] [Times: user=0.01 sys=0.01, real=0.01 secs] 
347.110: Total time for which application threads were stopped: 0.0465100 seconds, Stopping threads took: 0.0445400 seconds
347.183: Application time: 0.0735560 seconds
347.230: [GC [PSYoungGen: 7469K->1005K(7680K)] 14335K->9630K(25088K), 0.0011240 secs] [Times: user=0.00 sys=0.00, real=0.00 secs] 
347.231: [Full GC [PSYoungGen: 1005K->0K(7680K)] [ParOldGen: 8624K->3913K(17408K)] 9630K->3913K(25088K) [PSPermGen: 5142K->5142K(21504K)], 0.0044110 secs] [Times: user=0.02 sys=0.00, real=0.00 secs] 
347.235: Total time for which application threads were stopped: 0.0519310 seconds, Stopping threads took: 0.0462550 seconds
347.307: Application time: 0.0717360 seconds
347.311: [GC [PSYoungGen: 6540K->646K(7680K)] 10454K->4560K(25088K), 0.0004440 secs] [Times: user=0.00 sys=0.00, real=0.00 secs] 
347.311: Total time for which application threads were stopped: 0.0039720 seconds, Stopping threads took: 0.0034530 seconds
347.312: Application time: 0.0006210 seconds
347.312: [GC [PSYoungGen: 7109K->1006K(7680K)] 11022K->10925K(25088K), 0.0020090 secs] [Times: user=0.02 sys=0.00, real=0.00 secs] 
347.314: [Full GC [PSYoungGen: 1006K->0K(7680K)] [ParOldGen: 9918K->8209K(17408K)] 10925K->8209K(25088K) [PSPermGen: 5142K->5142K(21504K)], 0.0048390 secs] [Times: user=0.02 sys=0.00, real=0.00 secs] 
347.319: Total time for which application threads were stopped: 0.0071270 seconds, Stopping threads took: 0.0001490 seconds
347.400: Application time: 0.0809330 seconds
347.462: [GC [PSYoungGen: 6462K->582K(7680K)] 14672K->8792K(25088K), 0.0004780 secs] [Times: user=0.00 sys=0.00, real=0.00 secs] 
347.462: [Full GC [PSYoungGen: 582K->0K(7680K)] [ParOldGen: 8209K->1956K(17408K)] 8792K->1956K(25088K) [PSPermGen: 5142K->5142K(21504K)], 0.0038410 secs] [Times: user=0.01 sys=0.00, real=0.00 secs] 
347.466: Total time for which application threads were stopped: 0.0664270 seconds, Stopping threads took: 0.0619780 seconds
347.467: Application time: 0.0012660 seconds
347.511: [GC [PSYoungGen: 6638K->1005K(7680K)] 8594K->8047K(25088K), 0.0018120 secs] [Times: user=0.01 sys=0.00, real=0.00 secs] 
347.513: Total time for which application threads were stopped: 0.0456000 seconds, Stopping threads took: 0.0437180 seconds
347.588: Application time: 0.0748040 seconds
347.635: [GC [PSYoungGen: 7369K->550K(7680K)] 14412K->7593K(25088K), 0.0006830 secs] [Times: user=0.01 sys=0.00, real=0.00 secs] 
347.635: Total time for which application threads were stopped: 0.0475340 seconds, Stopping threads took: 0.0467840 seconds
347.636: Application time: 0.0009690 seconds
347.690: [GC [PSYoungGen: 7189K->1005K(7680K)] 14231K->12088K(25088K), 0.0016860 secs] [Times: user=0.01 sys=0.00, real=0.00 secs] 
347.692: [Full GC [PSYoungGen: 1005K->0K(7680K)] [ParOldGen: 11082K->6159K(17408K)] 12088K->6159K(25088K) [PSPermGen: 5142K->5142K(21504K)], 0.0050260 secs] [Times: user=0.01 sys=0.00, real=0.00 secs] 
347.697: Total time for which application threads were stopped: 0.0604060 seconds, Stopping threads took: 0.0535550 seconds
347.769: Application time: 0.0720640 seconds
347.813: [GC [PSYoungGen: 6442K->907K(7680K)] 12602K->7848K(25088K), 0.0008400 secs] [Times: user=0.00 sys=0.00, real=0.00 secs] 
347.814: Total time for which application threads were stopped: 0.0446940 seconds, Stopping threads took: 0.0437540 seconds
347.815: Application time: 0.0010310 seconds
347.868: [GC [PSYoungGen: 7563K->1005K(7680K)] 14504K->12047K(25088K), 0.0017220 secs] [Times: user=0.01 sys=0.00, real=0.01 secs] 
347.870: [Full GC [PSYoungGen: 1005K->0K(7680K)] [ParOldGen: 11042K->6257K(17408K)] 12047K->6257K(25088K) [PSPermGen: 5142K->5142K(21504K)], 0.0047690 secs] [Times: user=0.02 sys=0.00, real=0.00 secs] 
347.875: Total time for which application threads were stopped: 0.0601970 seconds, Stopping threads took: 0.0535880 seconds
347.961: Application time: 0.0864080 seconds
348.019: [GC [PSYoungGen: 6656K->973K(7680K)] 12913K->7230K(25088K), 0.0005010 secs] [Times: user=0.00 sys=0.00, real=0.00 secs] 
348.019: Total time for which application threads were stopped: 0.0582270 seconds, Stopping threads took: 0.0576610 seconds
348.020: Application time: 0.0009420 seconds
348.064: [GC [PSYoungGen: 7533K->1005K(7680K)] 13790K->12739K(25088K), 0.0019310 secs] [Times: user=0.02 sys=0.00, real=0.00 secs] 
348.066: [Full GC [PSYoungGen: 1005K->0K(7680K)] [ParOldGen: 11734K->7624K(17408K)] 12739K->7624K(25088K) [PSPermGen: 5142K->5142K(21504K)], 0.0048530 secs] [Times: user=0.02 sys=0.00, real=0.01 secs] 
348.071: Total time for which application threads were stopped: 0.0505350 seconds, Stopping threads took: 0.0436160 seconds
348.145: Application time: 0.0742990 seconds
348.191: [GC [PSYoungGen: 6559K->941K(7680K)] 14184K->8760K(25088K), 0.0006460 secs] [Times: user=0.00 sys=0.00, real=0.00 secs] 
348.192: Total time for which application threads were stopped: 0.0469740 seconds, Stopping threads took: 0.0462350 seconds
348.193: Application time: 0.0008820 seconds
348.237: [GC [PSYoungGen: 7501K->1005K(7680K)] 15321K->14497K(25088K), 0.0020660 secs] [Times: user=0.01 sys=0.00, real=0.00 secs] 
348.239: [Full GC [PSYoungGen: 1005K->0K(7680K)] [ParOldGen: 13492K->7819K(17408K)] 14497K->7819K(25088K) [PSPermGen: 5142K->5142K(21504K)], 0.0048470 secs] [Times: user=0.02 sys=0.00, real=0.01 secs] 
348.244: Total time for which application threads were stopped: 0.0506420 seconds, Stopping threads took: 0.0435800 seconds
348.326: Application time: 0.0819840 seconds
348.388: [GC [PSYoungGen: 6540K->192K(7680K)] 14360K->8011K(25088K), 0.0004180 secs] [Times: user=0.00 sys=0.00, real=0.00 secs] 
348.389: Total time for which application threads were stopped: 0.0629530 seconds, Stopping threads took: 0.0624570 seconds
348.389: Application time: 0.0007820 seconds
348.434: [GC [PSYoungGen: 6848K->1005K(7680K)] 14667K->13610K(25088K), 0.0016540 secs] [Times: user=0.01 sys=0.00, real=0.00 secs] 
348.436: [Full GC [PSYoungGen: 1005K->0K(7680K)] [ParOldGen: 12605K->6940K(17408K)] 13610K->6940K(25088K) [PSPermGen: 5142K->5142K(21504K)], 0.0049530 secs] [Times: user=0.02 sys=0.00, real=0.00 secs] 
348.441: Total time for which application threads were stopped: 0.0517430 seconds, Stopping threads took: 0.0449800 seconds
348.535: Application time: 0.0934100 seconds
348.597: [GC [PSYoungGen: 6618K->451K(7680K)] 13559K->7392K(25088K), 0.0004260 secs] [Times: user=0.00 sys=0.00, real=0.00 secs] 
348.598: Total time for which application threads were stopped: 0.0631700 seconds, Stopping threads took: 0.0626740 seconds
348.599: Application time: 0.0009450 seconds
348.643: [GC [PSYoungGen: 7011K->939K(7680K)] 13952K->11787K(25088K), 0.0015970 secs] [Times: user=0.01 sys=0.00, real=0.00 secs] 
348.645: [Full GC [PSYoungGen: 939K->0K(7680K)] [ParOldGen: 10847K->5964K(17408K)] 11787K->5964K(25088K) [PSPermGen: 5142K->5142K(21504K)], 0.0244250 secs] [Times: user=0.15 sys=0.01, real=0.02 secs] 
348.669: Total time for which application threads were stopped: 0.0703810 seconds, Stopping threads took: 0.0442310 seconds
348.741: Application time: 0.0722980 seconds
348.744: [GC [PSYoungGen: 6345K->939K(7680K)] 12309K->8466K(25088K), 0.0008440 secs] [Times: user=0.01 sys=0.00, real=0.00 secs] 
348.745: Total time for which application threads were stopped: 0.0038200 seconds, Stopping threads took: 0.0028940 seconds
348.825: Application time: 0.0795410 seconds
348.842: [GC [PSYoungGen: 7499K->419K(7680K)] 15026K->7946K(25088K), 0.0004450 secs] [Times: user=0.00 sys=0.00, real=0.00 secs] 
348.843: Total time for which application threads were stopped: 0.0181740 seconds, Stopping threads took: 0.0176510 seconds
348.845: Application time: 0.0022960 seconds
348.914: [GC [PSYoungGen: 6881K->419K(7680K)] 14409K->7946K(25088K), 0.0005820 secs] [Times: user=0.01 sys=0.00, real=0.00 secs] 
348.914: Total time for which application threads were stopped: 0.0691580 seconds, Stopping threads took: 0.0684980 seconds
348.915: Application time: 0.0005170 seconds
348.915: [GC [PSYoungGen: 6979K->1008K(7680K)] 14506K->14361K(25088K), 0.0017570 secs] [Times: user=0.01 sys=0.00, real=0.00 secs] 
348.917: [Full GC [PSYoungGen: 1008K->0K(7680K)] [ParOldGen: 13353K->8112K(17408K)] 14361K->8112K(25088K) [PSPermGen: 5142K->5142K(21504K)], 0.0055640 secs] [Times: user=0.03 sys=0.00, real=0.01 secs] 
348.923: Total time for which application threads were stopped: 0.0077210 seconds, Stopping threads took: 0.0002770 seconds
349.002: Application time: 0.0797020 seconds
349.064: [GC [PSYoungGen: 6559K->614K(7680K)] 14672K->8727K(25088K), 0.0004930 secs] [Times: user=0.00 sys=0.00, real=0.00 secs] 
349.064: Total time for which application threads were stopped: 0.0620630 seconds, Stopping threads took: 0.0615060 seconds
349.065: Application time: 0.0008380 seconds
349.109: [GC [PSYoungGen: 7270K->907K(7680K)] 15383K->14294K(25088K), 0.0016710 secs] [Times: user=0.01 sys=0.00, real=0.01 secs] 
349.111: [Full GC [PSYoungGen: 907K->0K(7680K)] [ParOldGen: 13386K->7331K(17408K)] 14294K->7331K(25088K) [PSPermGen: 5142K->5142K(21504K)], 0.0054110 secs] [Times: user=0.02 sys=0.01, real=0.00 secs] 
349.116: Total time for which application threads were stopped: 0.0507790 seconds, Stopping threads took: 0.0435810 seconds
349.207: Application time: 0.0906260 seconds
349.270: [GC [PSYoungGen: 6656K->909K(7680K)] 13987K->8241K(25088K), 0.0004660 secs] [Times: user=0.00 sys=0.00, real=0.00 secs] 
349.270: Total time for which application threads were stopped: 0.0635980 seconds, Stopping threads took: 0.0630650 seconds
349.271: Application time: 0.0009270 seconds
349.315: [GC [PSYoungGen: 7547K->1005K(7680K)] 14879K->13814K(25088K), 0.0021090 secs] [Times: user=0.02 sys=0.00, real=0.00 secs] 
349.317: [Full GC [PSYoungGen: 1005K->0K(7680K)] [ParOldGen: 12808K->7624K(17408K)] 13814K->7624K(25088K) [PSPermGen: 5142K->5142K(21504K)], 0.0049380 secs] [Times: user=0.02 sys=0.00, real=0.01 secs] 
349.322: Total time for which application threads were stopped: 0.0507710 seconds, Stopping threads took: 0.0435980 seconds
349.413: Application time: 0.0908570 seconds
349.472: [GC [PSYoungGen: 6638K->1005K(7680K)] 14262K->8825K(25088K), 0.0005680 secs] [Times: user=0.00 sys=0.00, real=0.00 secs] 
349.472: Total time for which application threads were stopped: 0.0592980 seconds, Stopping threads took: 0.0586550 seconds
349.473: Application time: 0.0009480 seconds
349.518: [GC [PSYoungGen: 7643K->1021K(7680K)] 15463K->14521K(25088K), 0.0022190 secs] [Times: user=0.01 sys=0.00, real=0.00 secs] 
349.520: [Full GC [PSYoungGen: 1021K->0K(7680K)] [ParOldGen: 13500K->7820K(17408K)] 14521K->7820K(25088K) [PSPermGen: 5142K->5142K(21504K)], 0.0050080 secs] [Times: user=0.02 sys=0.01, real=0.01 secs] 
349.525: Total time for which application threads were stopped: 0.0517840 seconds, Stopping threads took: 0.0444040 seconds
349.602: Application time: 0.0772820 seconds
349.656: [GC [PSYoungGen: 6656K->875K(7680K)] 14476K->9282K(25088K), 0.0006950 secs] [Times: user=0.01 sys=0.00, real=0.00 secs] 
349.657: [Full GC [PSYoungGen: 875K->0K(7680K)] [ParOldGen: 8406K->2644K(17408K)] 9282K->2644K(25088K) [PSPermGen: 5142K->5142K(21504K)], 0.0042970 secs] [Times: user=0.01 sys=0.01, real=0.01 secs] 
349.661: Total time for which application threads were stopped: 0.0590660 seconds, Stopping threads took: 0.0539540 seconds
349.663: Application time: 0.0013700 seconds
349.706: [GC [PSYoungGen: 6656K->1005K(7680K)] 9300K->9517K(25088K), 0.0021470 secs] [Times: user=0.01 sys=0.00, real=0.00 secs] 
349.708: [Full GC [PSYoungGen: 1005K->0K(7680K)] [ParOldGen: 8512K->8210K(17408K)] 9517K->8210K(25088K) [PSPermGen: 5142K->5142K(21504K)], 0.0051490 secs] [Times: user=0.03 sys=0.00, real=0.01 secs] 
349.713: Total time for which application threads were stopped: 0.0508320 seconds, Stopping threads took: 0.0434060 seconds
349.794: Application time: 0.0804930 seconds
349.854: [GC [PSYoungGen: 6462K->582K(7680K)] 14673K->8793K(25088K), 0.0003910 secs] [Times: user=0.00 sys=0.00, real=0.00 secs] 
349.855: [Full GC [PSYoungGen: 582K->0K(7680K)] [ParOldGen: 8210K->1927K(17408K)] 8793K->1927K(25088K) [PSPermGen: 5142K->5142K(21504K)], 0.0037730 secs] [Times: user=0.02 sys=0.00, real=0.00 secs] 
349.859: Total time for which application threads were stopped: 0.0647020 seconds, Stopping threads took: 0.0604250 seconds
349.860: Application time: 0.0010900 seconds
349.860: [GC [PSYoungGen: 6462K->1008K(7680K)] 8389K->8461K(25088K), 0.0019630 secs] [Times: user=0.02 sys=0.00, real=0.01 secs] 
349.862: [Full GC [PSYoungGen: 1008K->0K(7680K)] [ParOldGen: 7452K->8210K(17408K)] 8461K->8210K(25088K) [PSPermGen: 5142K->5142K(21504K)], 0.0051710 secs] [Times: user=0.02 sys=0.00, real=0.00 secs] 
349.867: Total time for which application threads were stopped: 0.0074110 seconds, Stopping threads took: 0.0001390 seconds
349.947: Application time: 0.0795360 seconds
349.991: [GC [PSYoungGen: 6637K->973K(7680K)] 14848K->9965K(25088K), 0.0007230 secs] [Times: user=0.01 sys=0.00, real=0.00 secs] 
349.992: [Full GC [PSYoungGen: 973K->0K(7680K)] [ParOldGen: 8991K->3127K(17408K)] 9965K->3127K(25088K) [PSPermGen: 5142K->5142K(21504K)], 0.0039030 secs] [Times: user=0.01 sys=0.00, real=0.00 secs] 
349.996: Total time for which application threads were stopped: 0.0494760 seconds, Stopping threads took: 0.0447290 seconds
349.998: Application time: 0.0014510 seconds
350.060: [GC [PSYoungGen: 6462K->907K(7680K)] 9590K->8137K(25088K), 0.0015880 secs] [Times: user=0.01 sys=0.00, real=0.01 secs] 
350.062: Total time for which application threads were stopped: 0.0641730 seconds, Stopping threads took: 0.0625070 seconds
350.135: Application time: 0.0736270 seconds
350.179: [GC [PSYoungGen: 7563K->1005K(7680K)] 14793K->9211K(25088K), 0.0008050 secs] [Times: user=0.00 sys=0.00, real=0.00 secs] 
350.179: Total time for which application threads were stopped: 0.0439960 seconds, Stopping threads took: 0.0431190 seconds
350.180: Application time: 0.0010380 seconds
350.224: [GC [PSYoungGen: 7565K->907K(7680K)] 15771K->14582K(25088K), 0.0019030 secs] [Times: user=0.01 sys=0.00, real=0.00 secs] 
350.226: [Full GC [PSYoungGen: 907K->0K(7680K)] [ParOldGen: 13675K->7527K(17408K)] 14582K->7527K(25088K) [PSPermGen: 5142K->5142K(21504K)], 0.0051140 secs] [Times: user=0.03 sys=0.00, real=0.01 secs] 
350.231: Total time for which application threads were stopped: 0.0508600 seconds, Stopping threads took: 0.0437210 seconds
350.306: Application time: 0.0751880 seconds
350.353: [GC [PSYoungGen: 6540K->646K(7680K)] 14067K->8564K(25088K), 0.0004880 secs] [Times: user=0.00 sys=0.00, real=0.00 secs] 
350.353: Total time for which application threads were stopped: 0.0466270 seconds, Stopping threads took: 0.0460710 seconds
350.354: Application time: 0.0008810 seconds
350.398: [GC [PSYoungGen: 7168K->1005K(7680K)] 15086K->14265K(25088K), 0.0020120 secs] [Times: user=0.01 sys=0.01, real=0.00 secs] 
350.400: [Full GC [PSYoungGen: 1005K->0K(7680K)] [ParOldGen: 13259K->7429K(17408K)] 14265K->7429K(25088K) [PSPermGen: 5142K->5142K(21504K)], 0.0048600 secs] [Times: user=0.02 sys=0.00, real=0.01 secs] 
350.405: Total time for which application threads were stopped: 0.0505300 seconds, Stopping threads took: 0.0435250 seconds
350.480: Application time: 0.0751900 seconds
350.531: [GC [PSYoungGen: 6559K->1005K(7680K)] 13989K->8435K(25088K), 0.0005460 secs] [Times: user=0.00 sys=0.00, real=0.00 secs] 
350.532: Total time for which application threads were stopped: 0.0523250 seconds, Stopping threads took: 0.0517050 seconds
350.533: Application time: 0.0009790 seconds
350.577: [GC [PSYoungGen: 7565K->1005K(7680K)] 14995K->13912K(25088K), 0.0019570 secs] [Times: user=0.01 sys=0.00, real=0.00 secs] 
350.579: [Full GC [PSYoungGen: 1005K->0K(7680K)] [ParOldGen: 12906K->7625K(17408K)] 13912K->7625K(25088K) [PSPermGen: 5142K->5142K(21504K)], 0.0049210 secs] [Times: user=0.02 sys=0.00, real=0.01 secs] 
350.584: Total time for which application threads were stopped: 0.0505210 seconds, Stopping threads took: 0.0435180 seconds
350.662: Application time: 0.0783620 seconds
350.712: [GC [PSYoungGen: 6638K->1021K(7680K)] 14263K->8841K(25088K), 0.0007930 secs] [Times: user=0.01 sys=0.00, real=0.00 secs] 
350.713: Total time for which application threads were stopped: 0.0509580 seconds, Stopping threads took: 0.0500960 seconds
350.714: Application time: 0.0009470 seconds
350.757: [GC [PSYoungGen: 7581K->939K(7680K)] 15401K->13447K(25088K), 0.0017220 secs] [Times: user=0.01 sys=0.00, real=0.00 secs] 
350.759: [Full GC [PSYoungGen: 939K->0K(7680K)] [ParOldGen: 12508K->6746K(17408K)] 13447K->6746K(25088K) [PSPermGen: 5142K->5142K(21504K)], 0.0047920 secs] [Times: user=0.02 sys=0.00, real=0.01 secs] 
350.764: Total time for which application threads were stopped: 0.0502250 seconds, Stopping threads took: 0.0435820 seconds
350.836: Application time: 0.0724460 seconds
350.881: [GC [PSYoungGen: 6638K->939K(7680K)] 13384K->9248K(25088K), 0.0010510 secs] [Times: user=0.00 sys=0.00, real=0.01 secs] 
350.882: [Full GC [PSYoungGen: 939K->0K(7680K)] [ParOldGen: 8308K->3621K(17408K)] 9248K->3621K(25088K) [PSPermGen: 5142K->5142K(21504K)], 0.0042670 secs] [Times: user=0.02 sys=0.01, real=0.00 secs] 
350.886: Total time for which application threads were stopped: 0.0499870 seconds, Stopping threads took: 0.0445440 seconds
350.967: Application time: 0.0802300 seconds
350.979: [GC [PSYoungGen: 6560K->419K(7680K)] 10181K->4040K(25088K), 0.0003550 secs] [Times: user=0.00 sys=0.00, real=0.00 secs] 
350.979: Total time for which application threads were stopped: 0.0127500 seconds, Stopping threads took: 0.0123330 seconds
350.980: Application time: 0.0006350 seconds
350.980: [GC [PSYoungGen: 6979K->1006K(7680K)] 10601K->10520K(25088K), 0.0019340 secs] [Times: user=0.02 sys=0.00, real=0.01 secs] 
350.982: [Full GC [PSYoungGen: 1006K->0K(7680K)] [ParOldGen: 9513K->8113K(17408K)] 10520K->8113K(25088K) [PSPermGen: 5142K->5142K(21504K)], 0.0050450 secs] [Times: user=0.02 sys=0.00, real=0.00 secs] 
350.987: Total time for which application threads were stopped: 0.0072740 seconds, Stopping threads took: 0.0001720 seconds
351.068: Application time: 0.0809160 seconds
351.128: [GC [PSYoungGen: 6637K->646K(7680K)] 14751K->8760K(25088K), 0.0004320 secs] [Times: user=0.00 sys=0.00, real=0.00 secs] 
351.129: Total time for which application threads were stopped: 0.0605200 seconds, Stopping threads took: 0.0600200 seconds
351.130: Application time: 0.0008210 seconds
351.130: [GC [PSYoungGen: 7109K->1006K(7680K)] 15222K->15125K(25088K), 0.0020840 secs] [Times: user=0.01 sys=0.00, real=0.00 secs] 
351.132: [Full GC [PSYoungGen: 1006K->0K(7680K)] [ParOldGen: 14118K->8211K(17408K)] 15125K->8211K(25088K) [PSPermGen: 5142K->5142K(21504K)], 0.0049850 secs] [Times: user=0.02 sys=0.00, real=0.00 secs] 
351.137: Total time for which application threads were stopped: 0.0073550 seconds, Stopping threads took: 0.0001650 seconds
351.222: Application time: 0.0853010 seconds
351.286: [GC [PSYoungGen: 6462K->614K(7680K)] 14673K->8825K(25088K), 0.0003950 secs] [Times: user=0.00 sys=0.00, real=0.00 secs] 
351.286: [Full GC [PSYoungGen: 614K->0K(7680K)] [ParOldGen: 8211K->1955K(17408K)] 8825K->1955K(25088K) [PSPermGen: 5142K->5142K(21504K)], 0.0037530 secs] [Times: user=0.01 sys=0.00, real=0.01 secs] 
351.290: Total time for which application threads were stopped: 0.0675360 seconds, Stopping threads took: 0.0632810 seconds
351.291: Application time: 0.0012140 seconds
351.335: [GC [PSYoungGen: 6560K->1005K(7680K)] 8516K->8047K(25088K), 0.0018330 secs] [Times: user=0.02 sys=0.00, real=0.00 secs] 
351.336: Total time for which application threads were stopped: 0.0454440 seconds, Stopping threads took: 0.0435290 seconds
351.413: Application time: 0.0765740 seconds
351.458: [GC [PSYoungGen: 7369K->582K(7680K)] 14412K->7625K(25088K), 0.0005560 secs] [Times: user=0.00 sys=0.00, real=0.00 secs] 
351.459: Total time for which application threads were stopped: 0.0458230 seconds, Stopping threads took: 0.0452000 seconds
351.460: Application time: 0.0007890 seconds
351.460: [GC [PSYoungGen: 7045K->1006K(7680K)] 14087K->14038K(25088K), 0.0020810 secs] [Times: user=0.01 sys=0.00, real=0.01 secs] 
351.462: [Full GC [PSYoungGen: 1006K->0K(7680K)] [ParOldGen: 13031K->8211K(17408K)] 14038K->8211K(25088K) [PSPermGen: 5142K->5142K(21504K)], 0.0048510 secs] [Times: user=0.02 sys=0.00, real=0.00 secs] 
351.467: Total time for which application threads were stopped: 0.0072310 seconds, Stopping threads took: 0.0001720 seconds
351.546: Application time: 0.0791640 seconds
351.608: [GC [PSYoungGen: 6462K->550K(7680K)] 14673K->8761K(25088K), 0.0004730 secs] [Times: user=0.00 sys=0.00, real=0.00 secs] 
351.608: [Full GC [PSYoungGen: 550K->0K(7680K)] [ParOldGen: 8211K->1927K(17408K)] 8761K->1927K(25088K) [PSPermGen: 5142K->5142K(21504K)], 0.0037430 secs] [Times: user=0.01 sys=0.00, real=0.01 secs] 
351.612: Total time for which application threads were stopped: 0.0659590 seconds, Stopping threads took: 0.0616190 seconds
351.613: Application time: 0.0012100 seconds
351.657: [GC [PSYoungGen: 6560K->1005K(7680K)] 8487K->8019K(25088K), 0.0018730 secs] [Times: user=0.02 sys=0.00, real=0.00 secs] 
351.659: Total time for which application threads were stopped: 0.0456940 seconds, Stopping threads took: 0.0437280 seconds
351.732: Application time: 0.0734980 seconds
351.779: [GC [PSYoungGen: 7545K->973K(7680K)] 14559K->8768K(25088K), 0.0009520 secs] [Times: user=0.01 sys=0.00, real=0.00 secs] 
351.780: [Full GC [PSYoungGen: 973K->0K(7680K)] [ParOldGen: 7795K->3127K(17408K)] 8768K->3127K(25088K) [PSPermGen: 5142K->5142K(21504K)], 0.0042000 secs] [Times: user=0.01 sys=0.00, real=0.01 secs] 
351.784: Total time for which application threads were stopped: 0.0514940 seconds, Stopping threads took: 0.0462240 seconds
351.785: Application time: 0.0013670 seconds
351.839: [GC [PSYoungGen: 6638K->1005K(7680K)] 9766K->8242K(25088K), 0.0016910 secs] [Times: user=0.01 sys=0.00, real=0.00 secs] 
351.841: Total time for which application threads were stopped: 0.0556430 seconds, Stopping threads took: 0.0538710 seconds
351.914: Application time: 0.0732160 seconds
351.960: [GC [PSYoungGen: 7428K->939K(7680K)] 14666K->8958K(25088K), 0.0007340 secs] [Times: user=0.01 sys=0.00, real=0.00 secs] 
351.961: Total time for which application threads were stopped: 0.0466680 seconds, Stopping threads took: 0.0458610 seconds
351.962: Application time: 0.0009880 seconds
352.031: [GC [PSYoungGen: 7595K->1005K(7680K)] 15614K->13162K(25088K), 0.0016170 secs] [Times: user=0.01 sys=0.00, real=0.00 secs] 
352.032: [Full GC [PSYoungGen: 1005K->0K(7680K)] [ParOldGen: 12156K->6258K(17408K)] 13162K->6258K(25088K) [PSPermGen: 5142K->5142K(21504K)], 0.0047190 secs] [Times: user=0.02 sys=0.00, real=0.00 secs] 
352.037: Total time for which application threads were stopped: 0.0751450 seconds, Stopping threads took: 0.0686860 seconds
352.109: Application time: 0.0718120 seconds
352.113: [GC [PSYoungGen: 6559K->1006K(7680K)] 12818K->9242K(25088K), 0.0009980 secs] [Times: user=0.01 sys=0.00, real=0.00 secs] 
352.114: Total time for which application threads were stopped: 0.0053530 seconds, Stopping threads took: 0.0042760 seconds
352.188: Application time: 0.0741270 seconds
352.194: [GC [PSYoungGen: 7566K->973K(7680K)] 15802K->9209K(25088K), 0.0005510 secs] [Times: user=0.00 sys=0.00, real=0.00 secs] 
352.194: Total time for which application threads were stopped: 0.0060670 seconds, Stopping threads took: 0.0054210 seconds
352.195: Application time: 0.0010400 seconds
352.264: [GC [PSYoungGen: 7514K->973K(7680K)] 15749K->9209K(25088K), 0.0004840 secs] [Times: user=0.00 sys=0.00, real=0.00 secs] 
352.265: Total time for which application threads were stopped: 0.0695640 seconds, Stopping threads took: 0.0690130 seconds
352.266: Application time: 0.0007880 seconds
352.310: [GC [PSYoungGen: 7533K->939K(7680K)] 15769K->13667K(25088K), 0.0017910 secs] [Times: user=0.01 sys=0.00, real=0.00 secs] 
352.311: [Full GC [PSYoungGen: 939K->0K(7680K)] [ParOldGen: 12728K->6551K(17408K)] 13667K->6551K(25088K) [PSPermGen: 5142K->5142K(21504K)], 0.0052710 secs] [Times: user=0.03 sys=0.00, real=0.00 secs] 
352.317: Total time for which application threads were stopped: 0.0510260 seconds, Stopping threads took: 0.0438410 seconds
352.390: Application time: 0.0727790 seconds
352.434: [GC [PSYoungGen: 6638K->939K(7680K)] 13189K->8858K(25088K), 0.0008190 secs] [Times: user=0.00 sys=0.00, real=0.00 secs] 
352.435: Total time for which application threads were stopped: 0.0450670 seconds, Stopping threads took: 0.0441740 seconds
352.516: Application time: 0.0817610 seconds
352.529: [GC [PSYoungGen: 7499K->256K(7680K)] 15418K->8174K(25088K), 0.0003550 secs] [Times: user=0.00 sys=0.01, real=0.01 secs] 
352.529: Total time for which application threads were stopped: 0.0130770 seconds, Stopping threads took: 0.0126550 seconds
352.530: Application time: 0.0007010 seconds
352.530: [GC [PSYoungGen: 6816K->1006K(7680K)] 14734K->14622K(25088K), 0.0019130 secs] [Times: user=0.01 sys=0.00, real=0.00 secs] 
352.532: [Full GC [PSYoungGen: 1006K->0K(7680K)] [ParOldGen: 13615K->7918K(17408K)] 14622K->7918K(25088K) [PSPermGen: 5142K->5142K(21504K)], 0.0049020 secs] [Times: user=0.02 sys=0.00, real=0.00 secs] 
352.537: Total time for which application threads were stopped: 0.0070520 seconds, Stopping threads took: 0.0001090 seconds
352.618: Application time: 0.0809420 seconds
352.684: [GC [PSYoungGen: 6559K->419K(7680K)] 14478K->8337K(25088K), 0.0005210 secs] [Times: user=0.01 sys=0.00, real=0.00 secs] 
352.684: Total time for which application threads were stopped: 0.0660360 seconds, Stopping threads took: 0.0654500 seconds
352.685: Application time: 0.0008470 seconds
352.729: [GC [PSYoungGen: 7057K->1005K(7680K)] 14976K->13814K(25088K), 0.0017640 secs] [Times: user=0.01 sys=0.00, real=0.01 secs] 
352.731: [Full GC [PSYoungGen: 1005K->0K(7680K)] [ParOldGen: 12809K->7039K(17408K)] 13814K->7039K(25088K) [PSPermGen: 5142K->5142K(21504K)], 0.0049040 secs] [Times: user=0.02 sys=0.00, real=0.00 secs] 
352.736: Total time for which application threads were stopped: 0.0505000 seconds, Stopping threads took: 0.0436960 seconds
352.810: Application time: 0.0745140 seconds
352.855: [GC [PSYoungGen: 6638K->907K(7680K)] 13677K->8728K(25088K), 0.0007080 secs] [Times: user=0.01 sys=0.00, real=0.00 secs] 
352.855: Total time for which application threads were stopped: 0.0453740 seconds, Stopping threads took: 0.0445790 seconds
352.856: Application time: 0.0010220 seconds
352.911: [GC [PSYoungGen: 7563K->1005K(7680K)] 15384K->12944K(25088K), 0.0017660 secs] [Times: user=0.01 sys=0.00, real=0.00 secs] 
352.912: [Full GC [PSYoungGen: 1005K->0K(7680K)] [ParOldGen: 11938K->6258K(17408K)] 12944K->6258K(25088K) [PSPermGen: 5142K->5142K(21504K)], 0.0046630 secs] [Times: user=0.02 sys=0.00, real=0.00 secs] 
352.917: Total time for which application threads were stopped: 0.0606440 seconds, Stopping threads took: 0.0540880 seconds
352.997: Application time: 0.0803140 seconds
353.054: [GC [PSYoungGen: 6656K->941K(7680K)] 12914K->7200K(25088K), 0.0004700 secs] [Times: user=0.00 sys=0.00, real=0.00 secs] 
353.054: Total time for which application threads were stopped: 0.0567290 seconds, Stopping threads took: 0.0561840 seconds
353.055: Application time: 0.0008040 seconds
353.099: [GC [PSYoungGen: 7501K->1005K(7680K)] 13760K->12741K(25088K), 0.0018000 secs] [Times: user=0.01 sys=0.00, real=0.00 secs] 
353.100: [Full GC [PSYoungGen: 1005K->0K(7680K)] [ParOldGen: 11735K->7625K(17408K)] 12741K->7625K(25088K) [PSPermGen: 5142K->5142K(21504K)], 0.0048100 secs] [Times: user=0.02 sys=0.00, real=0.01 secs] 
353.105: Total time for which application threads were stopped: 0.0503020 seconds, Stopping threads took: 0.0435620 seconds
353.206: Application time: 0.1003870 seconds
353.260: [GC [PSYoungGen: 6656K->256K(7680K)] 14281K->7881K(25088K), 0.0005240 secs] [Times: user=0.00 sys=0.00, real=0.00 secs] 
353.261: Total time for which application threads were stopped: 0.0549840 seconds, Stopping threads took: 0.0543840 seconds
353.261: Application time: 0.0008030 seconds
353.262: [GC [PSYoungGen: 6894K->1005K(7680K)] 14520K->14401K(25088K), 0.0020620 secs] [Times: user=0.01 sys=0.00, real=0.00 secs] 
353.264: [Full GC [PSYoungGen: 1005K->0K(7680K)] [ParOldGen: 13395K->7919K(17408K)] 14401K->7919K(25088K) [PSPermGen: 5142K->5142K(21504K)], 0.0050510 secs] [Times: user=0.03 sys=0.00, real=0.00 secs] 
353.269: Total time for which application threads were stopped: 0.0075190 seconds, Stopping threads took: 0.0002810 seconds
353.348: Application time: 0.0787570 seconds
353.410: [GC [PSYoungGen: 6559K->419K(7680K)] 14478K->8338K(25088K), 0.0003710 secs] [Times: user=0.00 sys=0.00, real=0.00 secs] 
353.410: Total time for which application threads were stopped: 0.0623540 seconds, Stopping threads took: 0.0619150 seconds
353.411: Application time: 0.0006680 seconds
353.411: [GC [PSYoungGen: 6979K->1008K(7680K)] 14898K->14745K(25088K), 0.0020100 secs] [Times: user=0.02 sys=0.00, real=0.00 secs] 
353.413: [Full GC [PSYoungGen: 1008K->0K(7680K)] [ParOldGen: 13737K->8114K(17408K)] 14745K->8114K(25088K) [PSPermGen: 5142K->5142K(21504K)], 0.0050050 secs] [Times: user=0.02 sys=0.00, real=0.00 secs] 
353.418: Total time for which application threads were stopped: 0.0073250 seconds, Stopping threads took: 0.0001800 seconds
353.497: Application time: 0.0791230 seconds
353.561: [GC [PSYoungGen: 6559K->582K(7680K)] 14673K->8696K(25088K), 0.0006320 secs] [Times: user=0.00 sys=0.00, real=0.01 secs] 
353.562: Total time for which application threads were stopped: 0.0644090 seconds, Stopping threads took: 0.0636890 seconds
353.562: Application time: 0.0008320 seconds
353.609: [GC [PSYoungGen: 7221K->1005K(7680K)] 15335K->14205K(25088K), 0.0019690 secs] [Times: user=0.02 sys=0.00, real=0.01 secs] 
353.611: [Full GC [PSYoungGen: 1005K->0K(7680K)] [ParOldGen: 13200K->7235K(17408K)] 14205K->7235K(25088K) [PSPermGen: 5142K->5142K(21504K)], 0.0047660 secs] [Times: user=0.02 sys=0.00, real=0.00 secs] 
353.615: Total time for which application threads were stopped: 0.0529710 seconds, Stopping threads took: 0.0460790 seconds
353.689: Application time: 0.0736610 seconds
353.733: [GC [PSYoungGen: 6442K->875K(7680K)] 13678K->8892K(25088K), 0.0008100 secs] [Times: user=0.00 sys=0.00, real=0.00 secs] 
353.734: Total time for which application threads were stopped: 0.0445440 seconds, Stopping threads took: 0.0436390 seconds
353.737: Application time: 0.0038500 seconds
353.805: [GC [PSYoungGen: 7338K->550K(7680K)] 15354K->8567K(25088K), 0.0004680 secs] [Times: user=0.00 sys=0.00, real=0.00 secs] 
353.805: Total time for which application threads were stopped: 0.0676520 seconds, Stopping threads took: 0.0670890 seconds
353.806: Application time: 0.0007390 seconds
353.858: [GC [PSYoungGen: 7091K->1006K(7680K)] 15108K->13990K(25088K), 0.0017470 secs] [Times: user=0.01 sys=0.00, real=0.00 secs] 
353.860: [Full GC [PSYoungGen: 1006K->0K(7680K)] [ParOldGen: 12984K->7137K(17408K)] 13990K->7137K(25088K) [PSPermGen: 5142K->5142K(21504K)], 0.0047940 secs] [Times: user=0.02 sys=0.00, real=0.01 secs] 
353.865: Total time for which application threads were stopped: 0.0587280 seconds, Stopping threads took: 0.0520650 seconds
353.939: Application time: 0.0739830 seconds
353.984: [GC [PSYoungGen: 6462K->1005K(7680K)] 13599K->9901K(25088K), 0.0009500 secs] [Times: user=0.01 sys=0.00, real=0.00 secs] 
353.985: [Full GC [PSYoungGen: 1005K->0K(7680K)] [ParOldGen: 8895K->3915K(17408K)] 9901K->3915K(25088K) [PSPermGen: 5142K->5142K(21504K)], 0.0043470 secs] [Times: user=0.02 sys=0.00, real=0.00 secs] 
353.989: Total time for which application threads were stopped: 0.0504300 seconds, Stopping threads took: 0.0450170 seconds
354.069: Application time: 0.0796170 seconds
354.083: [GC [PSYoungGen: 6462K->550K(7680K)] 10378K->4466K(25088K), 0.0005030 secs] [Times: user=0.01 sys=0.00, real=0.00 secs] 
354.084: Total time for which application threads were stopped: 0.0149260 seconds, Stopping threads took: 0.0143590 seconds
354.084: Application time: 0.0007810 seconds
354.130: [GC [PSYoungGen: 7091K->1006K(7680K)] 11006K->9861K(25088K), 0.0018880 secs] [Times: user=0.01 sys=0.00, real=0.00 secs] 
354.132: [Full GC [PSYoungGen: 1006K->0K(7680K)] [ParOldGen: 8854K->7137K(17408K)] 9861K->7137K(25088K) [PSPermGen: 5142K->5142K(21504K)], 0.0045830 secs] [Times: user=0.02 sys=0.00, real=0.00 secs] 
354.137: Total time for which application threads were stopped: 0.0522980 seconds, Stopping threads took: 0.0457030 seconds
354.217: Application time: 0.0806560 seconds
354.270: [GC [PSYoungGen: 6462K->907K(7680K)] 13600K->8826K(25088K), 0.0007370 secs] [Times: user=0.00 sys=0.00, real=0.00 secs] 
354.271: Total time for which application threads were stopped: 0.0538190 seconds, Stopping threads took: 0.0530110 seconds
354.272: Application time: 0.0010560 seconds
354.325: [GC [PSYoungGen: 7546K->1005K(7680K)] 15465K->12928K(25088K), 0.0016240 secs] [Times: user=0.01 sys=0.00, real=0.00 secs] 
354.326: [Full GC [PSYoungGen: 1005K->0K(7680K)] [ParOldGen: 11923K->6161K(17408K)] 12928K->6161K(25088K) [PSPermGen: 5142K->5142K(21504K)], 0.0046540 secs] [Times: user=0.02 sys=0.00, real=0.01 secs] 
354.331: Total time for which application threads were stopped: 0.0589420 seconds, Stopping threads took: 0.0525300 seconds
354.415: Application time: 0.0838590 seconds
354.470: [GC [PSYoungGen: 6442K->646K(7680K)] 12604K->6808K(25088K), 0.0006030 secs] [Times: user=0.00 sys=0.00, real=0.00 secs] 
354.471: Total time for which application threads were stopped: 0.0560660 seconds, Stopping threads took: 0.0553970 seconds
354.472: Application time: 0.0009240 seconds
354.511: [GC [PSYoungGen: 7206K->1005K(7680K)] 13368K->12245K(25088K), 0.0019070 secs] [Times: user=0.01 sys=0.00, real=0.00 secs] 
354.513: [Full GC [PSYoungGen: 1005K->0K(7680K)] [ParOldGen: 11239K->7235K(17408K)] 12245K->7235K(25088K) [PSPermGen: 5142K->5142K(21504K)], 0.0047030 secs] [Times: user=0.01 sys=0.00, real=0.00 secs] 
354.517: Total time for which application threads were stopped: 0.0453390 seconds, Stopping threads took: 0.0386050 seconds
354.592: Application time: 0.0744910 seconds
354.636: [GC [PSYoungGen: 6442K->614K(7680K)] 13678K->7850K(25088K), 0.0005540 secs] [Times: user=0.00 sys=0.00, real=0.00 secs] 
354.637: Total time for which application threads were stopped: 0.0449530 seconds, Stopping threads took: 0.0443300 seconds
354.638: Application time: 0.0010010 seconds
354.691: [GC [PSYoungGen: 7174K->1005K(7680K)] 14410K->13351K(25088K), 0.0016720 secs] [Times: user=0.01 sys=0.01, real=0.00 secs] 
354.693: [Full GC [PSYoungGen: 1005K->0K(7680K)] [ParOldGen: 12346K->7235K(17408K)] 13351K->7235K(25088K) [PSPermGen: 5142K->5142K(21504K)], 0.0050710 secs] [Times: user=0.03 sys=0.00, real=0.00 secs] 
354.698: Total time for which application threads were stopped: 0.0599550 seconds, Stopping threads took: 0.0531010 seconds
354.772: Application time: 0.0739440 seconds
354.816: [GC [PSYoungGen: 6364K->646K(7680K)] 13600K->7882K(25088K), 0.0006360 secs] [Times: user=0.00 sys=0.00, real=0.00 secs] 
354.817: Total time for which application threads were stopped: 0.0452540 seconds, Stopping threads took: 0.0445460 seconds
354.818: Application time: 0.0008530 seconds
354.873: [GC [PSYoungGen: 7302K->1005K(7680K)] 14538K->12342K(25088K), 0.0013380 secs] [Times: user=0.01 sys=0.00, real=0.00 secs] 
354.875: [Full GC [PSYoungGen: 1005K->0K(7680K)] [ParOldGen: 11337K->6259K(17408K)] 12342K->6259K(25088K) [PSPermGen: 5142K->5142K(21504K)], 0.0049040 secs] [Times: user=0.02 sys=0.00, real=0.00 secs] 
354.880: Total time for which application threads were stopped: 0.0617830 seconds, Stopping threads took: 0.0554220 seconds
354.969: Application time: 0.0890240 seconds
355.022: [GC [PSYoungGen: 6656K->646K(7680K)] 12915K->7296K(25088K), 0.0005040 secs] [Times: user=0.01 sys=0.00, real=0.00 secs] 
355.022: Total time for which application threads were stopped: 0.0536810 seconds, Stopping threads took: 0.0531150 seconds
355.023: Application time: 0.0010420 seconds
355.077: [GC [PSYoungGen: 7302K->939K(7680K)] 13952K->13254K(25088K), 0.0020280 secs] [Times: user=0.01 sys=0.00, real=0.00 secs] 
355.079: [Full GC [PSYoungGen: 939K->0K(7680K)] [ParOldGen: 12314K->7724K(17408K)] 13254K->7724K(25088K) [PSPermGen: 5142K->5142K(21504K)], 0.0048920 secs] [Times: user=0.02 sys=0.00, real=0.01 secs] 
355.084: Total time for which application threads were stopped: 0.0602090 seconds, Stopping threads took: 0.0531580 seconds
355.163: Application time: 0.0792530 seconds
355.225: [GC [PSYoungGen: 6559K->160K(7680K)] 14284K->7884K(25088K), 0.0004920 secs] [Times: user=0.00 sys=0.00, real=0.00 secs] 
355.225: Total time for which application threads were stopped: 0.0622460 seconds, Stopping threads took: 0.0616660 seconds
355.226: Application time: 0.0007760 seconds
355.226: [GC [PSYoungGen: 6720K->1008K(7680K)] 14444K->14355K(25088K), 0.0016770 secs] [Times: user=0.01 sys=0.00, real=0.00 secs] 
355.228: [Full GC [PSYoungGen: 1008K->0K(7680K)] [ParOldGen: 13347K->7919K(17408K)] 14355K->7919K(25088K) [PSPermGen: 5142K->5142K(21504K)], 0.0052640 secs] [Times: user=0.02 sys=0.00, real=0.01 secs] 
355.233: Total time for which application threads were stopped: 0.0072660 seconds, Stopping threads took: 0.0002150 seconds
355.315: Application time: 0.0815020 seconds
355.381: [GC [PSYoungGen: 6609K->419K(7680K)] 14529K->8338K(25088K), 0.0004830 secs] [Times: user=0.00 sys=0.00, real=0.01 secs] 
355.382: Total time for which application threads were stopped: 0.0668950 seconds, Stopping threads took: 0.0663380 seconds
355.382: Application time: 0.0007340 seconds
355.382: [GC [PSYoungGen: 7007K->1008K(7680K)] 14926K->14769K(25088K), 0.0019570 secs] [Times: user=0.02 sys=0.00, real=0.00 secs] 
355.384: [Full GC [PSYoungGen: 1008K->0K(7680K)] [ParOldGen: 13761K->8114K(17408K)] 14769K->8114K(25088K) [PSPermGen: 5142K->5142K(21504K)], 0.0051400 secs] [Times: user=0.02 sys=0.00, real=0.01 secs] 
355.390: Total time for which application threads were stopped: 0.0073360 seconds, Stopping threads took: 0.0001160 seconds
355.492: Application time: 0.1023080 seconds
355.543: [GC [PSYoungGen: 6559K->907K(7680K)] 14674K->9803K(25088K), 0.0008070 secs] [Times: user=0.00 sys=0.00, real=0.00 secs] 
355.544: [Full GC [PSYoungGen: 907K->0K(7680K)] [ParOldGen: 8895K->3030K(17408K)] 9803K->3030K(25088K) [PSPermGen: 5142K->5142K(21504K)], 0.0038110 secs] [Times: user=0.02 sys=0.00, real=0.00 secs] 
355.548: Total time for which application threads were stopped: 0.0559360 seconds, Stopping threads took: 0.0511840 seconds
355.549: Application time: 0.0013470 seconds
355.604: [GC [PSYoungGen: 6638K->939K(7680K)] 9668K->8071K(25088K), 0.0016360 secs] [Times: user=0.01 sys=0.00, real=0.00 secs] 
355.606: Total time for which application threads were stopped: 0.0563910 seconds, Stopping threads took: 0.0546750 seconds
355.678: Application time: 0.0726690 seconds
355.724: [GC [PSYoungGen: 7402K->1005K(7680K)] 14534K->8918K(25088K), 0.0007760 secs] [Times: user=0.01 sys=0.00, real=0.00 secs] 
355.725: Total time for which application threads were stopped: 0.0469190 seconds, Stopping threads took: 0.0460510 seconds
355.726: Application time: 0.0010840 seconds
355.770: [GC [PSYoungGen: 7643K->1005K(7680K)] 15557K->14138K(25088K), 0.0020370 secs] [Times: user=0.01 sys=0.00, real=0.00 secs] 
355.772: [Full GC [PSYoungGen: 1005K->0K(7680K)] [ParOldGen: 13133K->7333K(17408K)] 14138K->7333K(25088K) [PSPermGen: 5142K->5142K(21504K)], 0.0049800 secs] [Times: user=0.02 sys=0.00, real=0.00 secs] 
355.777: Total time for which application threads were stopped: 0.0508970 seconds, Stopping threads took: 0.0437170 seconds
355.860: Application time: 0.0832130 seconds
355.920: [GC [PSYoungGen: 6656K->973K(7680K)] 13989K->8307K(25088K), 0.0005070 secs] [Times: user=0.00 sys=0.00, real=0.00 secs] 
355.921: Total time for which application threads were stopped: 0.0603240 seconds, Stopping threads took: 0.0597370 seconds
355.922: Application time: 0.0009180 seconds
355.965: [GC [PSYoungGen: 7592K->1006K(7680K)] 14926K->13698K(25088K), 0.0021180 secs] [Times: user=0.02 sys=0.00, real=0.00 secs] 
355.968: [Full GC [PSYoungGen: 1006K->0K(7680K)] [ParOldGen: 12691K->7529K(17408K)] 13698K->7529K(25088K) [PSPermGen: 5142K->5142K(21504K)], 0.0048840 secs] [Times: user=0.02 sys=0.00, real=0.01 secs] 
355.972: Total time for which application threads were stopped: 0.0508390 seconds, Stopping threads took: 0.0437080 seconds
356.051: Application time: 0.0790230 seconds
356.094: [GC [PSYoungGen: 6638K->841K(7680K)] 14167K->9738K(25088K), 0.0008560 secs] [Times: user=0.01 sys=0.00, real=0.00 secs] 
356.095: [Full GC [PSYoungGen: 841K->0K(7680K)] [ParOldGen: 8896K->3330K(17408K)] 9738K->3330K(25088K) [PSPermGen: 5142K->5142K(21504K)], 0.0042690 secs] [Times: user=0.02 sys=0.01, real=0.00 secs] 
356.099: Total time for which application threads were stopped: 0.0478100 seconds, Stopping threads took: 0.0425670 seconds
356.101: Application time: 0.0015150 seconds
356.145: [GC [PSYoungGen: 6560K->1005K(7680K)] 9890K->8835K(25088K), 0.0017440 secs] [Times: user=0.01 sys=0.00, real=0.00 secs] 
356.146: Total time for which application threads were stopped: 0.0455270 seconds, Stopping threads took: 0.0437060 seconds
356.221: Application time: 0.0750050 seconds
356.266: [GC [PSYoungGen: 7565K->192K(7680K)] 15396K->8022K(25088K), 0.0004190 secs] [Times: user=0.00 sys=0.00, real=0.00 secs] 
356.266: Total time for which application threads were stopped: 0.0450590 seconds, Stopping threads took: 0.0445550 seconds
356.267: Application time: 0.0007630 seconds
356.267: [GC [PSYoungGen: 6732K->1006K(7680K)] 14563K->14444K(25088K), 0.0019150 secs] [Times: user=0.01 sys=0.00, real=0.01 secs] 
356.269: [Full GC [PSYoungGen: 1006K->0K(7680K)] [ParOldGen: 13437K->7822K(17408K)] 14444K->7822K(25088K) [PSPermGen: 5142K->5142K(21504K)], 0.0048590 secs] [Times: user=0.03 sys=0.00, real=0.00 secs] 
356.274: Total time for which application threads were stopped: 0.0071130 seconds, Stopping threads took: 0.0002110 seconds
356.372: Application time: 0.0975160 seconds
356.429: [GC [PSYoungGen: 6656K->451K(7680K)] 14478K->8273K(25088K), 0.0003830 secs] [Times: user=0.00 sys=0.00, real=0.01 secs] 
356.429: Total time for which application threads were stopped: 0.0573720 seconds, Stopping threads took: 0.0569170 seconds
356.430: Application time: 0.0008530 seconds
356.430: [GC [PSYoungGen: 7011K->1006K(7680K)] 14833K->14721K(25088K), 0.0018110 secs] [Times: user=0.01 sys=0.00, real=0.00 secs] 
356.432: [Full GC [PSYoungGen: 1006K->0K(7680K)] [ParOldGen: 13714K->8115K(17408K)] 14721K->8115K(25088K) [PSPermGen: 5142K->5142K(21504K)], 0.0050540 secs] [Times: user=0.02 sys=0.00, real=0.00 secs] 
356.437: Total time for which application threads were stopped: 0.0070450 seconds, Stopping threads took: 0.0000610 seconds
356.514: Application time: 0.0769870 seconds
356.578: [GC [PSYoungGen: 6559K->614K(7680K)] 14674K->8729K(25088K), 0.0004600 secs] [Times: user=0.00 sys=0.00, real=0.00 secs] 
356.578: Total time for which application threads were stopped: 0.0644290 seconds, Stopping threads took: 0.0639020 seconds
356.579: Application time: 0.0007710 seconds
356.580: [GC [PSYoungGen: 7155K->1006K(7680K)] 15270K->15127K(25088K), 0.0021370 secs] [Times: user=0.02 sys=0.00, real=0.01 secs] 
356.582: [Full GC [PSYoungGen: 1006K->0K(7680K)] [ParOldGen: 14120K->8212K(17408K)] 15127K->8212K(25088K) [PSPermGen: 5142K->5142K(21504K)], 0.0050890 secs] [Times: user=0.02 sys=0.00, real=0.00 secs] 
356.587: Total time for which application threads were stopped: 0.0075590 seconds, Stopping threads took: 0.0002030 seconds
356.667: Application time: 0.0798270 seconds
356.729: [GC [PSYoungGen: 6656K->809K(7680K)] 14868K->9022K(25088K), 0.0004890 secs] [Times: user=0.00 sys=0.00, real=0.01 secs] 
356.730: [Full GC [PSYoungGen: 809K->0K(7680K)] [ParOldGen: 8212K->2151K(17408K)] 9022K->2151K(25088K) [PSPermGen: 5142K->5142K(21504K)], 0.0037630 secs] [Times: user=0.02 sys=0.00, real=0.00 secs] 
356.733: Total time for which application threads were stopped: 0.0667520 seconds, Stopping threads took: 0.0623850 seconds
356.735: Application time: 0.0013430 seconds
356.777: [GC [PSYoungGen: 6638K->1005K(7680K)] 8789K->7356K(25088K), 0.0015720 secs] [Times: user=0.01 sys=0.00, real=0.00 secs] 
356.779: Total time for which application threads were stopped: 0.0439730 seconds, Stopping threads took: 0.0423300 seconds
356.851: Application time: 0.0718420 seconds
356.854: [GC [PSYoungGen: 7565K->1005K(7680K)] 13916K->9512K(25088K), 0.0011080 secs] [Times: user=0.01 sys=0.00, real=0.00 secs] 
356.855: Total time for which application threads were stopped: 0.0048230 seconds, Stopping threads took: 0.0036410 seconds
356.936: Application time: 0.0804200 seconds
356.946: [GC [PSYoungGen: 7467K->646K(7680K)] 15975K->9544K(25088K), 0.0004800 secs] [Times: user=0.00 sys=0.00, real=0.00 secs] 
356.947: [Full GC [PSYoungGen: 646K->0K(7680K)] [ParOldGen: 8898K->2375K(17408K)] 9544K->2375K(25088K) [PSPermGen: 5142K->5142K(21504K)], 0.0037060 secs] [Times: user=0.01 sys=0.01, real=0.01 secs] 
356.951: Total time for which application threads were stopped: 0.0147370 seconds, Stopping threads took: 0.0104230 seconds
356.952: Application time: 0.0012060 seconds
356.995: [GC [PSYoungGen: 6462K->939K(7680K)] 8837K->8783K(25088K), 0.0019570 secs] [Times: user=0.02 sys=0.00, real=0.00 secs] 
356.997: Total time for which application threads were stopped: 0.0455270 seconds, Stopping threads took: 0.0434930 seconds
357.086: Application time: 0.0882730 seconds
357.138: [GC [PSYoungGen: 7595K->973K(7680K)] 15439K->9012K(25088K), 0.0005760 secs] [Times: user=0.00 sys=0.00, real=0.00 secs] 
357.139: Total time for which application threads were stopped: 0.0533420 seconds, Stopping threads took: 0.0526920 seconds
357.140: Application time: 0.0008960 seconds
357.184: [GC [PSYoungGen: 7533K->1005K(7680K)] 15572K->14717K(25088K), 0.0020190 secs] [Times: user=0.02 sys=0.00, real=0.00 secs] 
357.186: [Full GC [PSYoungGen: 1005K->0K(7680K)] [ParOldGen: 13711K->7822K(17408K)] 14717K->7822K(25088K) [PSPermGen: 5142K->5142K(21504K)], 0.0050250 secs] [Times: user=0.02 sys=0.00, real=0.01 secs] 
357.191: Total time for which application threads were stopped: 0.0509110 seconds, Stopping threads took: 0.0437390 seconds
357.271: Application time: 0.0797920 seconds
357.332: [GC [PSYoungGen: 6462K->192K(7680K)] 14284K->8014K(25088K), 0.0004430 secs] [Times: user=0.00 sys=0.00, real=0.00 secs] 
357.332: Total time for which application threads were stopped: 0.0615270 seconds, Stopping threads took: 0.0609990 seconds
357.333: Application time: 0.0008230 seconds
357.373: [GC [PSYoungGen: 6830K->1005K(7680K)] 14652K->13515K(25088K), 0.0016500 secs] [Times: user=0.01 sys=0.00, real=0.00 secs] 
357.374: [Full GC [PSYoungGen: 1005K->0K(7680K)] [ParOldGen: 12510K->6845K(17408K)] 13515K->6845K(25088K) [PSPermGen: 5142K->5142K(21504K)], 0.0049050 secs] [Times: user=0.02 sys=0.00, real=0.00 secs] 
357.379: Total time for which application threads were stopped: 0.0464340 seconds, Stopping threads took: 0.0397590 seconds
357.453: Application time: 0.0737320 seconds
357.497: [GC [PSYoungGen: 6559K->451K(7680K)] 13405K->7297K(25088K), 0.0003860 secs] [Times: user=0.00 sys=0.00, real=0.00 secs] 
357.497: Total time for which application threads were stopped: 0.0441000 seconds, Stopping threads took: 0.0436400 seconds
357.498: Application time: 0.0007040 seconds
357.498: [GC [PSYoungGen: 7011K->1006K(7680K)] 13857K->13744K(25088K), 0.0018840 secs] [Times: user=0.02 sys=0.01, real=0.00 secs] 
357.500: [Full GC [PSYoungGen: 1006K->0K(7680K)] [ParOldGen: 12737K->8115K(17408K)] 13744K->8115K(25088K) [PSPermGen: 5142K->5142K(21504K)], 0.0050130 secs] [Times: user=0.02 sys=0.00, real=0.01 secs] 
357.505: Total time for which application threads were stopped: 0.0072250 seconds, Stopping threads took: 0.0002110 seconds
357.583: Application time: 0.0780590 seconds
357.645: [GC [PSYoungGen: 6559K->550K(7680K)] 14675K->8665K(25088K), 0.0005900 secs] [Times: user=0.00 sys=0.00, real=0.00 secs] 
357.646: [Full GC [PSYoungGen: 550K->0K(7680K)] [ParOldGen: 8115K->1927K(17408K)] 8665K->1927K(25088K) [PSPermGen: 5142K->5142K(21504K)], 0.0038410 secs] [Times: user=0.01 sys=0.00, real=0.01 secs] 
357.649: Total time for which application threads were stopped: 0.0663380 seconds, Stopping threads took: 0.0617920 seconds
357.651: Application time: 0.0012600 seconds
357.694: [GC [PSYoungGen: 6638K->1005K(7680K)] 8566K->8043K(25088K), 0.0017940 secs] [Times: user=0.01 sys=0.00, real=0.00 secs] 
357.696: Total time for which application threads were stopped: 0.0455610 seconds, Stopping threads took: 0.0436940 seconds
357.790: Application time: 0.0940930 seconds
357.849: [GC [PSYoungGen: 7447K->646K(7680K)] 14486K->7684K(25088K), 0.0004190 secs] [Times: user=0.00 sys=0.00, real=0.01 secs] 
357.849: Total time for which application threads were stopped: 0.0587650 seconds, Stopping threads took: 0.0582850 seconds
357.850: Application time: 0.0008390 seconds
357.903: [GC [PSYoungGen: 7265K->1005K(7680K)] 14303K->13112K(25088K), 0.0018860 secs] [Times: user=0.01 sys=0.00, real=0.00 secs] 
357.904: [Full GC [PSYoungGen: 1005K->0K(7680K)] [ParOldGen: 12107K->7139K(17408K)] 13112K->7139K(25088K) [PSPermGen: 5142K->5142K(21504K)], 0.0048020 secs] [Times: user=0.02 sys=0.00, real=0.01 secs] 
357.909: Total time for which application threads were stopped: 0.0592720 seconds, Stopping threads took: 0.0524660 seconds
357.986: Application time: 0.0763450 seconds
358.030: [GC [PSYoungGen: 6540K->598K(7680K)] 13679K->7737K(25088K), 0.0004710 secs] [Times: user=0.00 sys=0.00, real=0.00 secs] 
358.031: Total time for which application threads were stopped: 0.0449650 seconds, Stopping threads took: 0.0444230 seconds
358.031: Application time: 0.0008500 seconds
358.032: [GC [PSYoungGen: 7158K->1005K(7680K)] 14297K->14305K(25088K), 0.0019980 secs] [Times: user=0.01 sys=0.00, real=0.00 secs] 
358.034: [Full GC [PSYoungGen: 1005K->0K(7680K)] [ParOldGen: 13299K->8310K(17408K)] 14305K->8310K(25088K) [PSPermGen: 5142K->5142K(21504K)], 0.0049920 secs] [Times: user=0.02 sys=0.00, real=0.00 secs] 
358.039: Total time for which application threads were stopped: 0.0071710 seconds, Stopping threads took: 0.0000570 seconds
358.118: Application time: 0.0798010 seconds
358.179: [GC [PSYoungGen: 6559K->809K(7680K)] 14870K->9120K(25088K), 0.0005800 secs] [Times: user=0.00 sys=0.00, real=0.00 secs] 
358.180: [Full GC [PSYoungGen: 809K->0K(7680K)] [ParOldGen: 8310K->2151K(17408K)] 9120K->2151K(25088K) [PSPermGen: 5142K->5142K(21504K)], 0.0037340 secs] [Times: user=0.02 sys=0.00, real=0.01 secs] 
358.184: Total time for which application threads were stopped: 0.0654490 seconds, Stopping threads took: 0.0610220 seconds
358.185: Application time: 0.0013170 seconds
358.254: [GC [PSYoungGen: 6656K->1006K(7680K)] 8807K->6299K(25088K), 0.0014350 secs] [Times: user=0.00 sys=0.00, real=0.00 secs] 
358.255: Total time for which application threads were stopped: 0.0702270 seconds, Stopping threads took: 0.0687130 seconds
358.328: Application time: 0.0724180 seconds
358.373: [GC [PSYoungGen: 7547K->973K(7680K)] 12840K->6265K(25088K), 0.0004840 secs] [Times: user=0.00 sys=0.00, real=0.00 secs] 
358.373: Total time for which application threads were stopped: 0.0454290 seconds, Stopping threads took: 0.0448600 seconds
358.374: Application time: 0.0009880 seconds
358.415: [GC [PSYoungGen: 7533K->1005K(7680K)] 12825K->11799K(25088K), 0.0019650 secs] [Times: user=0.02 sys=0.00, real=0.00 secs] 
358.417: [Full GC [PSYoungGen: 1005K->0K(7680K)] [ParOldGen: 10793K->7627K(17408K)] 11799K->7627K(25088K) [PSPermGen: 5142K->5142K(21504K)], 0.0047110 secs] [Times: user=0.02 sys=0.00, real=0.01 secs] 
358.422: Total time for which application threads were stopped: 0.0472820 seconds, Stopping threads took: 0.0404830 seconds
358.512: Application time: 0.0906650 seconds
358.571: [GC [PSYoungGen: 6559K->841K(7680K)] 14187K->8860K(25088K), 0.0005950 secs] [Times: user=0.01 sys=0.00, real=0.00 secs] 
358.572: Total time for which application threads were stopped: 0.0594950 seconds, Stopping threads took: 0.0588250 seconds
358.573: Application time: 0.0009750 seconds
358.616: [GC [PSYoungGen: 7480K->907K(7680K)] 15498K->13613K(25088K), 0.0018540 secs] [Times: user=0.01 sys=0.01, real=0.00 secs] 
358.618: [Full GC [PSYoungGen: 907K->0K(7680K)] [ParOldGen: 12705K->6748K(17408K)] 13613K->6748K(25088K) [PSPermGen: 5142K->5142K(21504K)], 0.0048430 secs] [Times: user=0.02 sys=0.00, real=0.01 secs] 
358.623: Total time for which application threads were stopped: 0.0499320 seconds, Stopping threads took: 0.0431020 seconds
358.696: Application time: 0.0729610 seconds
358.741: [GC [PSYoungGen: 6656K->875K(7680K)] 13404K->8210K(25088K), 0.0006390 secs] [Times: user=0.00 sys=0.00, real=0.01 secs] 
358.741: Total time for which application threads were stopped: 0.0456640 seconds, Stopping threads took: 0.0449550 seconds
358.742: Application time: 0.0009930 seconds
358.786: [GC [PSYoungGen: 7531K->907K(7680K)] 14866K->13320K(25088K), 0.0020420 secs] [Times: user=0.02 sys=0.00, real=0.00 secs] 
358.788: [Full GC [PSYoungGen: 907K->0K(7680K)] [ParOldGen: 12413K->7139K(17408K)] 13320K->7139K(25088K) [PSPermGen: 5142K->5142K(21504K)], 0.0047910 secs] [Times: user=0.02 sys=0.00, real=0.01 secs] 
358.793: Total time for which application threads were stopped: 0.0509280 seconds, Stopping threads took: 0.0439280 seconds
358.866: Application time: 0.0729350 seconds
358.911: [GC [PSYoungGen: 6462K->842K(7680K)] 13601K->9934K(25088K), 0.0009160 secs] [Times: user=0.01 sys=0.00, real=0.00 secs] 
358.912: [Full GC [PSYoungGen: 842K->0K(7680K)] [ParOldGen: 9092K->3916K(17408K)] 9934K->3916K(25088K) [PSPermGen: 5142K->5142K(21504K)], 0.0041470 secs] [Times: user=0.01 sys=0.01, real=0.00 secs] 
358.916: Total time for which application threads were stopped: 0.0501620 seconds, Stopping threads took: 0.0449730 seconds
358.994: Application time: 0.0780490 seconds
359.009: [GC [PSYoungGen: 6462K->614K(7680K)] 10379K->4531K(25088K), 0.0003740 secs] [Times: user=0.00 sys=0.00, real=0.00 secs] 
359.010: Total time for which application threads were stopped: 0.0153630 seconds, Stopping threads took: 0.0149270 seconds
359.010: Application time: 0.0006540 seconds
359.011: [GC [PSYoungGen: 7077K->1006K(7680K)] 10994K->10913K(25088K), 0.0022810 secs] [Times: user=0.02 sys=0.00, real=0.00 secs] 
359.013: [Full GC [PSYoungGen: 1006K->0K(7680K)] [ParOldGen: 9906K->8213K(17408K)] 10913K->8213K(25088K) [PSPermGen: 5142K->5142K(21504K)], 0.0047390 secs] [Times: user=0.02 sys=0.00, real=0.00 secs] 
359.018: Total time for which application threads were stopped: 0.0073720 seconds, Stopping threads took: 0.0002280 seconds
359.098: Application time: 0.0805950 seconds
359.158: [GC [PSYoungGen: 6462K->614K(7680K)] 14675K->8828K(25088K), 0.0005210 secs] [Times: user=0.00 sys=0.00, real=0.00 secs] 
359.159: Total time for which application threads were stopped: 0.0605120 seconds, Stopping threads took: 0.0599170 seconds
359.160: Application time: 0.0008370 seconds
359.213: [GC [PSYoungGen: 7251K->973K(7680K)] 15464K->13190K(25088K), 0.0016660 secs] [Times: user=0.01 sys=0.00, real=0.00 secs] 
359.215: [Full GC [PSYoungGen: 973K->0K(7680K)] [ParOldGen: 12217K->6163K(17408K)] 13190K->6163K(25088K) [PSPermGen: 5142K->5142K(21504K)], 0.0048180 secs] [Times: user=0.02 sys=0.00, real=0.00 secs] 
359.220: Total time for which application threads were stopped: 0.0602190 seconds, Stopping threads took: 0.0536120 seconds
359.294: Application time: 0.0741590 seconds
359.346: [GC [PSYoungGen: 6560K->841K(7680K)] 12723K->7004K(25088K), 0.0004180 secs] [Times: user=0.01 sys=0.00, real=0.00 secs] 
359.347: Total time for which application threads were stopped: 0.0527000 seconds, Stopping threads took: 0.0522180 seconds
359.348: Application time: 0.0009230 seconds
359.400: [GC [PSYoungGen: 7401K->1005K(7680K)] 13565K->11367K(25088K), 0.0016480 secs] [Times: user=0.01 sys=0.00, real=0.01 secs] 
359.402: [Full GC [PSYoungGen: 1005K->0K(7680K)] [ParOldGen: 10362K->6358K(17408K)] 11367K->6358K(25088K) [PSPermGen: 5142K->5142K(21504K)], 0.0045540 secs] [Times: user=0.02 sys=0.00, real=0.00 secs] 
359.406: Total time for which application threads were stopped: 0.0585860 seconds, Stopping threads took: 0.0522580 seconds
359.479: Application time: 0.0725970 seconds
359.523: [GC [PSYoungGen: 6638K->646K(7680K)] 12996K->7395K(25088K), 0.0005100 secs] [Times: user=0.00 sys=0.00, real=0.00 secs] 
359.525: Total time for which application threads were stopped: 0.0461600 seconds, Stopping threads took: 0.0445590 seconds
359.526: Application time: 0.0010800 seconds
359.570: [GC [PSYoungGen: 7285K->1006K(7680K)] 14033K->12128K(25088K), 0.0016780 secs] [Times: user=0.01 sys=0.00, real=0.00 secs] 
359.571: [Full GC [PSYoungGen: 1006K->0K(7680K)] [ParOldGen: 11121K->6553K(17408K)] 12128K->6553K(25088K) [PSPermGen: 5142K->5142K(21504K)], 0.0048690 secs] [Times: user=0.02 sys=0.00, real=0.00 secs] 
359.576: Total time for which application threads were stopped: 0.0501880 seconds, Stopping threads took: 0.0435020 seconds
359.649: Application time: 0.0726630 seconds
359.694: [GC [PSYoungGen: 6638K->1005K(7680K)] 13192K->7754K(25088K), 0.0005810 secs] [Times: user=0.01 sys=0.00, real=0.00 secs] 
359.694: Total time for which application threads were stopped: 0.0452460 seconds, Stopping threads took: 0.0445850 seconds
359.695: Application time: 0.0010110 seconds
359.739: [GC [PSYoungGen: 7643K->1005K(7680K)] 14392K->13462K(25088K), 0.0021000 secs] [Times: user=0.02 sys=0.00, real=0.00 secs] 
359.741: [Full GC [PSYoungGen: 1005K->0K(7680K)] [ParOldGen: 12457K->7823K(17408K)] 13462K->7823K(25088K) [PSPermGen: 5142K->5142K(21504K)], 0.0048700 secs] [Times: user=0.02 sys=0.00, real=0.01 secs] 
359.746: Total time for which application threads were stopped: 0.0504930 seconds, Stopping threads took: 0.0433980 seconds
359.826: Application time: 0.0805750 seconds
359.888: [GC [PSYoungGen: 6656K->387K(7680K)] 14479K->8210K(25088K), 0.0004410 secs] [Times: user=0.00 sys=0.00, real=0.00 secs] 
359.888: Total time for which application threads were stopped: 0.0620730 seconds, Stopping threads took: 0.0615400 seconds
359.889: Application time: 0.0006870 seconds
359.889: [GC [PSYoungGen: 6947K->1008K(7680K)] 14770K->14650K(25088K), 0.0018830 secs] [Times: user=0.02 sys=0.00, real=0.00 secs] 
359.891: [Full GC [PSYoungGen: 1008K->0K(7680K)] [ParOldGen: 13641K->8116K(17408K)] 14650K->8116K(25088K) [PSPermGen: 5142K->5142K(21504K)], 0.0051540 secs] [Times: user=0.02 sys=0.00, real=0.00 secs] 
359.896: Total time for which application threads were stopped: 0.0073390 seconds, Stopping threads took: 0.0001740 seconds
359.999: Application time: 0.1024070 seconds
360.054: [GC [PSYoungGen: 6637K->614K(7680K)] 14754K->8730K(25088K), 0.0003890 secs] [Times: user=0.00 sys=0.00, real=0.00 secs] 
360.054: Total time for which application threads were stopped: 0.0556760 seconds, Stopping threads took: 0.0552240 seconds
360.062: Application time: 0.0076960 seconds
360.125: [GC [PSYoungGen: 7077K->614K(7680K)] 15193K->8730K(25088K), 0.0004360 secs] [Times: user=0.00 sys=0.00, real=0.00 secs] 
360.125: Total time for which application threads were stopped: 0.0632650 seconds, Stopping threads took: 0.0627650 seconds
360.126: Application time: 0.0006220 seconds
360.126: [GC [PSYoungGen: 7253K->939K(7680K)] 15369K->15306K(25088K), 0.0018520 secs] [Times: user=0.01 sys=0.00, real=0.00 secs] 
360.128: [Full GC [PSYoungGen: 939K->0K(7680K)] [ParOldGen: 14366K->8311K(17408K)] 15306K->8311K(25088K) [PSPermGen: 5142K->5142K(21504K)], 0.0053940 secs] [Times: user=0.03 sys=0.00, real=0.01 secs] 
360.134: Total time for which application threads were stopped: 0.0075850 seconds, Stopping threads took: 0.0002230 seconds
360.218: Application time: 0.0845740 seconds
360.273: [GC [PSYoungGen: 6462K->1005K(7680K)] 14773K->10098K(25088K), 0.0006820 secs] [Times: user=0.00 sys=0.00, real=0.00 secs] 
360.274: [Full GC [PSYoungGen: 1005K->0K(7680K)] [ParOldGen: 9092K->2940K(17408K)] 10098K->2940K(25088K) [PSPermGen: 5142K->5142K(21504K)], 0.0042190 secs] [Times: user=0.02 sys=0.00, real=0.00 secs] 
360.278: Total time for which application threads were stopped: 0.0596060 seconds, Stopping threads took: 0.0545770 seconds
360.279: Application time: 0.0012700 seconds
360.322: [GC [PSYoungGen: 6462K->1005K(7680K)] 9403K->9024K(25088K), 0.0019020 secs] [Times: user=0.01 sys=0.00, real=0.00 secs] 
360.324: [Full GC [PSYoungGen: 1005K->0K(7680K)] [ParOldGen: 8019K->7237K(17408K)] 9024K->7237K(25088K) [PSPermGen: 5142K->5142K(21504K)], 0.0049960 secs] [Times: user=0.02 sys=0.00, real=0.01 secs] 
360.329: Total time for which application threads were stopped: 0.0502070 seconds, Stopping threads took: 0.0431820 seconds
360.403: Application time: 0.0734170 seconds
360.448: [GC [PSYoungGen: 6364K->875K(7680K)] 13602K->8894K(25088K), 0.0007990 secs] [Times: user=0.00 sys=0.00, real=0.00 secs] 
360.448: Total time for which application threads were stopped: 0.0457160 seconds, Stopping threads took: 0.0448440 seconds
360.449: Application time: 0.0010260 seconds
360.506: [GC [PSYoungGen: 7531K->1005K(7680K)] 15550K->13134K(25088K), 0.0015800 secs] [Times: user=0.01 sys=0.00, real=0.00 secs] 
360.508: [Full GC [PSYoungGen: 1005K->0K(7680K)] [ParOldGen: 12128K->6261K(17408K)] 13134K->6261K(25088K) [PSPermGen: 5142K->5142K(21504K)], 0.0046850 secs] [Times: user=0.02 sys=0.00, real=0.01 secs] 
360.513: Total time for which application threads were stopped: 0.0630650 seconds, Stopping threads took: 0.0566720 seconds
360.597: Application time: 0.0848300 seconds
360.653: [GC [PSYoungGen: 6656K->973K(7680K)] 12917K->7234K(25088K), 0.0005210 secs] [Times: user=0.00 sys=0.00, real=0.00 secs] 
360.653: Total time for which application threads were stopped: 0.0558390 seconds, Stopping threads took: 0.0552490 seconds
360.654: Application time: 0.0009860 seconds
360.698: [GC [PSYoungGen: 7611K->907K(7680K)] 13872K->11661K(25088K), 0.0016280 secs] [Times: user=0.01 sys=0.00, real=0.00 secs] 
360.700: [Full GC [PSYoungGen: 907K->0K(7680K)] [ParOldGen: 10753K->6553K(17408K)] 11661K->6553K(25088K) [PSPermGen: 5142K->5142K(21504K)], 0.0047160 secs] [Times: user=0.02 sys=0.01, real=0.01 secs] 
360.704: Total time for which application threads were stopped: 0.0501840 seconds, Stopping threads took: 0.0437100 seconds
360.791: Application time: 0.0867810 seconds
360.846: [GC [PSYoungGen: 6559K->973K(7680K)] 13113K->7722K(25088K), 0.0005910 secs] [Times: user=0.00 sys=0.00, real=0.00 secs] 
360.846: Total time for which application threads were stopped: 0.0551370 seconds, Stopping threads took: 0.0544660 seconds
360.847: Application time: 0.0009130 seconds
360.891: [GC [PSYoungGen: 7629K->1006K(7680K)] 14378K->13257K(25088K), 0.0020500 secs] [Times: user=0.01 sys=0.00, real=0.00 secs] 
360.893: [Full GC [PSYoungGen: 1006K->0K(7680K)] [ParOldGen: 12250K->7921K(17408K)] 13257K->7921K(25088K) [PSPermGen: 5142K->5142K(21504K)], 0.0048140 secs] [Times: user=0.03 sys=0.00, real=0.00 secs] 
360.898: Total time for which application threads were stopped: 0.0504530 seconds, Stopping threads took: 0.0434580 seconds
360.975: Application time: 0.0770700 seconds
361.040: [GC [PSYoungGen: 6559K->419K(7680K)] 14481K->8340K(25088K), 0.0004770 secs] [Times: user=0.00 sys=0.00, real=0.00 secs] 
361.040: Total time for which application threads were stopped: 0.0652820 seconds, Stopping threads took: 0.0647390 seconds
361.041: Application time: 0.0007390 seconds
361.041: [GC [PSYoungGen: 6979K->1008K(7680K)] 14900K->14747K(25088K), 0.0020050 secs] [Times: user=0.02 sys=0.00, real=0.01 secs] 
361.043: [Full GC [PSYoungGen: 1008K->0K(7680K)] [ParOldGen: 13739K->8116K(17408K)] 14747K->8116K(25088K) [PSPermGen: 5142K->5142K(21504K)], 0.0050010 secs] [Times: user=0.02 sys=0.00, real=0.00 secs] 
361.048: Total time for which application threads were stopped: 0.0072970 seconds, Stopping threads took: 0.0001670 seconds
361.126: Application time: 0.0777630 seconds
361.180: [GC [PSYoungGen: 6637K->646K(7680K)] 14754K->8762K(25088K), 0.0005220 secs] [Times: user=0.00 sys=0.00, real=0.00 secs] 
361.181: [Full GC [PSYoungGen: 646K->0K(7680K)] [ParOldGen: 8116K->1956K(17408K)] 8762K->1956K(25088K) [PSPermGen: 5142K->5142K(21504K)], 0.0038190 secs] [Times: user=0.01 sys=0.00, real=0.01 secs] 
361.185: Total time for which application threads were stopped: 0.0587420 seconds, Stopping threads took: 0.0542890 seconds
361.186: Application time: 0.0012230 seconds
361.240: [GC [PSYoungGen: 6540K->1005K(7680K)] 8496K->7974K(25088K), 0.0017350 secs] [Times: user=0.01 sys=0.00, real=0.01 secs] 
361.242: Total time for which application threads were stopped: 0.0564380 seconds, Stopping threads took: 0.0546300 seconds
361.315: Application time: 0.0723790 seconds
361.361: [GC [PSYoungGen: 7565K->1005K(7680K)] 14533K->8763K(25088K), 0.0007100 secs] [Times: user=0.00 sys=0.00, real=0.00 secs] 
361.362: Total time for which application threads were stopped: 0.0473390 seconds, Stopping threads took: 0.0465550 seconds
361.363: Application time: 0.0011410 seconds
361.432: [GC [PSYoungGen: 7605K->1006K(7680K)] 15363K->12682K(25088K), 0.0016890 secs] [Times: user=0.01 sys=0.00, real=0.00 secs] 
361.434: [Full GC [PSYoungGen: 1006K->0K(7680K)] [ParOldGen: 11675K->6066K(17408K)] 12682K->6066K(25088K) [PSPermGen: 5142K->5142K(21504K)], 0.0046370 secs] [Times: user=0.02 sys=0.00, real=0.00 secs] 
361.438: Total time for which application threads were stopped: 0.0752300 seconds, Stopping threads took: 0.0687680 seconds
361.511: Application time: 0.0730410 seconds
361.556: [GC [PSYoungGen: 6462K->582K(7680K)] 12528K->6648K(25088K), 0.0003950 secs] [Times: user=0.00 sys=0.00, real=0.00 secs] 
361.556: Total time for which application threads were stopped: 0.0446870 seconds, Stopping threads took: 0.0442230 seconds
361.557: Application time: 0.0007220 seconds
361.557: [GC [PSYoungGen: 7045K->1006K(7680K)] 13111K->13062K(25088K), 0.0021240 secs] [Times: user=0.01 sys=0.00, real=0.00 secs] 
361.559: [Full GC [PSYoungGen: 1006K->0K(7680K)] [ParOldGen: 12055K->8214K(17408K)] 13062K->8214K(25088K) [PSPermGen: 5142K->5142K(21504K)], 0.0050590 secs] [Times: user=0.03 sys=0.00, real=0.01 secs] 
361.564: Total time for which application threads were stopped: 0.0074690 seconds, Stopping threads took: 0.0001600 seconds
361.670: Application time: 0.1055860 seconds
361.734: [GC [PSYoungGen: 6462K->582K(7680K)] 14676K->8797K(25088K), 0.0005500 secs] [Times: user=0.00 sys=0.00, real=0.00 secs] 
361.734: [Full GC [PSYoungGen: 582K->0K(7680K)] [ParOldGen: 8214K->1927K(17408K)] 8797K->1927K(25088K) [PSPermGen: 5142K->5142K(21504K)], 0.0039660 secs] [Times: user=0.02 sys=0.00, real=0.00 secs] 
361.738: Total time for which application threads were stopped: 0.0684490 seconds, Stopping threads took: 0.0638190 seconds
361.740: Application time: 0.0011790 seconds
361.791: [GC [PSYoungGen: 6560K->1005K(7680K)] 8487K->8019K(25088K), 0.0018850 secs] [Times: user=0.01 sys=0.01, real=0.00 secs] 
361.793: Total time for which application threads were stopped: 0.0536660 seconds, Stopping threads took: 0.0516950 seconds
361.866: Application time: 0.0731130 seconds
361.870: [GC [PSYoungGen: 7643K->1005K(7680K)] 14657K->11046K(25088K), 0.0012650 secs] [Times: user=0.01 sys=0.00, real=0.00 secs] 
361.871: [Full GC [PSYoungGen: 1005K->0K(7680K)] [ParOldGen: 10041K->5187K(17408K)] 11046K->5187K(25088K) [PSPermGen: 5142K->5142K(21504K)], 0.0045870 secs] [Times: user=0.01 sys=0.00, real=0.00 secs] 
361.876: Total time for which application threads were stopped: 0.0096080 seconds, Stopping threads took: 0.0036280 seconds
361.948: Application time: 0.0720390 seconds
361.953: [GC [PSYoungGen: 6560K->841K(7680K)] 11747K->7201K(25088K), 0.0009500 secs] [Times: user=0.01 sys=0.00, real=0.00 secs] 
361.954: Total time for which application threads were stopped: 0.0058290 seconds, Stopping threads took: 0.0047910 seconds
361.955: Application time: 0.0013210 seconds
362.025: [GC [PSYoungGen: 7480K->1005K(7680K)] 13839K->7364K(25088K), 0.0004990 secs] [Times: user=0.00 sys=0.00, real=0.00 secs] 
362.026: Total time for which application threads were stopped: 0.0706480 seconds, Stopping threads took: 0.0700810 seconds
362.027: Application time: 0.0008150 seconds
362.070: [GC [PSYoungGen: 7565K->1005K(7680K)] 13924K->12841K(25088K), 0.0017960 secs] [Times: user=0.01 sys=0.00, real=0.00 secs] 
362.072: [Full GC [PSYoungGen: 1005K->0K(7680K)] [ParOldGen: 11836K->7628K(17408K)] 12841K->7628K(25088K) [PSPermGen: 5142K->5142K(21504K)], 0.0051130 secs] [Times: user=0.02 sys=0.00, real=0.00 secs] 
362.077: Total time for which application threads were stopped: 0.0505950 seconds, Stopping threads took: 0.0435530 seconds
362.151: Application time: 0.0740730 seconds
362.197: [GC [PSYoungGen: 6559K->841K(7680K)] 14188K->8861K(25088K), 0.0005950 secs] [Times: user=0.00 sys=0.00, real=0.00 secs] 
362.198: Total time for which application threads were stopped: 0.0463610 seconds, Stopping threads took: 0.0456950 seconds
362.199: Application time: 0.0009380 seconds
362.237: [GC [PSYoungGen: 7402K->1005K(7680K)] 15421K->14696K(25088K), 0.0020520 secs] [Times: user=0.02 sys=0.00, real=0.00 secs] 
362.240: [Full GC [PSYoungGen: 1005K->0K(7680K)] [ParOldGen: 13691K->7824K(17408K)] 14696K->7824K(25088K) [PSPermGen: 5142K->5142K(21504K)], 0.0048820 secs] [Times: user=0.02 sys=0.01, real=0.01 secs] 
362.245: Total time for which application threads were stopped: 0.0459450 seconds, Stopping threads took: 0.0388540 seconds
362.349: Application time: 0.1049920 seconds
362.401: [GC [PSYoungGen: 6656K->387K(7680K)] 14480K->8211K(25088K), 0.0004720 secs] [Times: user=0.00 sys=0.00, real=0.01 secs] 
362.401: Total time for which application threads were stopped: 0.0519490 seconds, Stopping threads took: 0.0514040 seconds
362.402: Application time: 0.0006500 seconds
362.402: [GC [PSYoungGen: 6947K->1008K(7680K)] 14771K->14650K(25088K), 0.0020170 secs] [Times: user=0.01 sys=0.00, real=0.00 secs] 
362.404: [Full GC [PSYoungGen: 1008K->0K(7680K)] [ParOldGen: 13642K->8116K(17408K)] 14650K->8116K(25088K) [PSPermGen: 5142K->5142K(21504K)], 0.0050210 secs] [Times: user=0.03 sys=0.00, real=0.01 secs] 
362.409: Total time for which application threads were stopped: 0.0073800 seconds, Stopping threads took: 0.0002160 seconds
362.516: Application time: 0.1066370 seconds
362.578: [GC [PSYoungGen: 6559K->582K(7680K)] 14676K->8699K(25088K), 0.0006400 secs] [Times: user=0.00 sys=0.00, real=0.00 secs] 
362.579: Total time for which application threads were stopped: 0.0628400 seconds, Stopping threads took: 0.0621350 seconds
362.581: Application time: 0.0024110 seconds
362.650: [GC [PSYoungGen: 7123K->646K(7680K)] 15240K->8763K(25088K), 0.0004700 secs] [Times: user=0.00 sys=0.00, real=0.00 secs] 
362.650: Total time for which application threads were stopped: 0.0690980 seconds, Stopping threads took: 0.0685350 seconds
362.651: Application time: 0.0006560 seconds
362.704: [GC [PSYoungGen: 7109K->1005K(7680K)] 15225K->13028K(25088K), 0.0013890 secs] [Times: user=0.01 sys=0.00, real=0.00 secs] 
362.705: [Full GC [PSYoungGen: 1005K->0K(7680K)] [ParOldGen: 12023K->6066K(17408K)] 13028K->6066K(25088K) [PSPermGen: 5142K->5142K(21504K)], 0.0049430 secs] [Times: user=0.02 sys=0.00, real=0.01 secs] 
362.710: Total time for which application threads were stopped: 0.0590870 seconds, Stopping threads took: 0.0526380 seconds
362.782: Application time: 0.0721790 seconds
362.827: [GC [PSYoungGen: 6559K->1005K(7680K)] 12626K->7852K(25088K), 0.0007820 secs] [Times: user=0.00 sys=0.00, real=0.00 secs] 
362.828: Total time for which application threads were stopped: 0.0458580 seconds, Stopping threads took: 0.0449890 seconds
362.829: Application time: 0.0011190 seconds
362.898: [GC [PSYoungGen: 7643K->1005K(7680K)] 14491K->11954K(25088K), 0.0017070 secs] [Times: user=0.01 sys=0.00, real=0.00 secs] 
362.900: [Full GC [PSYoungGen: 1005K->0K(7680K)] [ParOldGen: 10949K->6261K(17408K)] 11954K->6261K(25088K) [PSPermGen: 5142K->5142K(21504K)], 0.0046870 secs] [Times: user=0.02 sys=0.00, real=0.01 secs] 
362.905: Total time for which application threads were stopped: 0.0752160 seconds, Stopping threads took: 0.0686820 seconds
362.990: Application time: 0.0853940 seconds
363.043: [GC [PSYoungGen: 6345K->646K(7680K)] 12606K->6908K(25088K), 0.0004390 secs] [Times: user=0.00 sys=0.00, real=0.00 secs] 
363.043: Total time for which application threads were stopped: 0.0533650 seconds, Stopping threads took: 0.0528540 seconds
363.045: Application time: 0.0020290 seconds
363.114: [GC [PSYoungGen: 7109K->582K(7680K)] 13370K->6844K(25088K), 0.0005110 secs] [Times: user=0.00 sys=0.00, real=0.00 secs] 
363.114: Total time for which application threads were stopped: 0.0687390 seconds, Stopping threads took: 0.0681460 seconds
363.115: Application time: 0.0006770 seconds
363.158: [GC [PSYoungGen: 7218K->1005K(7680K)] 13480K->12405K(25088K), 0.0016850 secs] [Times: user=0.02 sys=0.00, real=0.00 secs] 
363.159: [Full GC [PSYoungGen: 1005K->0K(7680K)] [ParOldGen: 11400K->7238K(17408K)] 12405K->7238K(25088K) [PSPermGen: 5142K->5142K(21504K)], 0.0052290 secs] [Times: user=0.02 sys=0.01, real=0.01 secs] 
363.165: Total time for which application threads were stopped: 0.0499610 seconds, Stopping threads took: 0.0429330 seconds
363.239: Application time: 0.0740040 seconds
363.285: [GC [PSYoungGen: 6656K->1005K(7680K)] 13894K->9220K(25088K), 0.0007850 secs] [Times: user=0.00 sys=0.00, real=0.00 secs] 
363.285: Total time for which application threads were stopped: 0.0466900 seconds, Stopping threads took: 0.0458260 seconds
363.287: Application time: 0.0013460 seconds
363.356: [GC [PSYoungGen: 7643K->939K(7680K)] 15858K->10326K(25088K), 0.0008280 secs] [Times: user=0.00 sys=0.00, real=0.00 secs] 
363.357: Total time for which application threads were stopped: 0.0701390 seconds, Stopping threads took: 0.0692230 seconds
363.358: Application time: 0.0011730 seconds
363.413: [GC [PSYoungGen: 7480K->1005K(7680K)] 16867K->14729K(25088K), 0.0017330 secs] [Times: user=0.01 sys=0.00, real=0.00 secs] 
363.414: [Full GC [PSYoungGen: 1005K->0K(7680K)] [ParOldGen: 13724K->6457K(17408K)] 14729K->6457K(25088K) [PSPermGen: 5142K->5142K(21504K)], 0.0046710 secs] [Times: user=0.02 sys=0.00, real=0.00 secs] 
363.419: Total time for which application threads were stopped: 0.0610570 seconds, Stopping threads took: 0.0545060 seconds
363.492: Application time: 0.0724690 seconds
363.537: [GC [PSYoungGen: 6540K->939K(7680K)] 12997K->8569K(25088K), 0.0010060 secs] [Times: user=0.00 sys=0.01, real=0.00 secs] 
363.538: Total time for which application threads were stopped: 0.0464190 seconds, Stopping threads took: 0.0453390 seconds
363.539: Application time: 0.0011550 seconds
363.608: [GC [PSYoungGen: 7595K->1005K(7680K)] 15225K->10978K(25088K), 0.0012130 secs] [Times: user=0.00 sys=0.00, real=0.01 secs] 
363.610: Total time for which application threads were stopped: 0.0702730 seconds, Stopping threads took: 0.0689610 seconds
363.678: Application time: 0.0686170 seconds
363.726: [GC [PSYoungGen: 7565K->192K(7680K)] 17538K->10165K(25088K), 0.0005250 secs] [Times: user=0.00 sys=0.00, real=0.00 secs] 
363.726: Total time for which application threads were stopped: 0.0483460 seconds, Stopping threads took: 0.0477330 seconds
363.727: Application time: 0.0007840 seconds
363.728: [GC [PSYoungGen: 6752K->1008K(7680K)] 16725K->16628K(25088K), 0.0018640 secs] [Times: user=0.01 sys=0.00, real=0.01 secs] 
363.729: [Full GC [PSYoungGen: 1008K->0K(7680K)] [ParOldGen: 15620K->7921K(17408K)] 16628K->7921K(25088K) [PSPermGen: 5142K->5142K(21504K)], 0.0050230 secs] [Times: user=0.02 sys=0.00, real=0.00 secs] 
363.735: Total time for which application threads were stopped: 0.0072430 seconds, Stopping threads took: 0.0002340 seconds
363.831: Application time: 0.0963610 seconds
363.888: [GC [PSYoungGen: 6637K->451K(7680K)] 14559K->8373K(25088K), 0.0004070 secs] [Times: user=0.00 sys=0.00, real=0.00 secs] 
363.888: Total time for which application threads were stopped: 0.0571590 seconds, Stopping threads took: 0.0566880 seconds
363.889: Application time: 0.0008460 seconds
363.939: [GC [PSYoungGen: 7011K->907K(7680K)] 14933K->12736K(25088K), 0.0015730 secs] [Times: user=0.01 sys=0.00, real=0.00 secs] 
363.941: [Full GC [PSYoungGen: 907K->0K(7680K)] [ParOldGen: 11828K->5969K(17408K)] 12736K->5969K(25088K) [PSPermGen: 5142K->5142K(21504K)], 0.0047870 secs] [Times: user=0.02 sys=0.00, real=0.01 secs] 
363.946: Total time for which application threads were stopped: 0.0568640 seconds, Stopping threads took: 0.0503700 seconds
364.026: Application time: 0.0804320 seconds
364.081: [GC [PSYoungGen: 6559K->550K(7680K)] 12529K->6519K(25088K), 0.0004730 secs] [Times: user=0.01 sys=0.00, real=0.00 secs] 
364.082: Total time for which application threads were stopped: 0.0556460 seconds, Stopping threads took: 0.0551080 seconds
364.083: Application time: 0.0007640 seconds
364.083: [GC [PSYoungGen: 7013K->1006K(7680K)] 12982K->12965K(25088K), 0.0020560 secs] [Times: user=0.02 sys=0.00, real=0.00 secs] 
364.085: [Full GC [PSYoungGen: 1006K->0K(7680K)] [ParOldGen: 11958K->8215K(17408K)] 12965K->8215K(25088K) [PSPermGen: 5142K->5142K(21504K)], 0.0049370 secs] [Times: user=0.02 sys=0.00, real=0.01 secs] 
364.090: Total time for which application threads were stopped: 0.0073670 seconds, Stopping threads took: 0.0002480 seconds
364.199: Application time: 0.1095050 seconds
364.252: [GC [PSYoungGen: 6462K->614K(7680K)] 14677K->8829K(25088K), 0.0003790 secs] [Times: user=0.00 sys=0.00, real=0.00 secs] 
364.253: Total time for which application threads were stopped: 0.0532830 seconds, Stopping threads took: 0.0528240 seconds
364.261: Application time: 0.0086210 seconds
364.323: [GC [PSYoungGen: 7077K->582K(7680K)] 15292K->8797K(25088K), 0.0004950 secs] [Times: user=0.00 sys=0.00, real=0.00 secs] 
364.323: Total time for which application threads were stopped: 0.0620660 seconds, Stopping threads took: 0.0614900 seconds
364.324: Application time: 0.0006300 seconds
364.393: [GC [PSYoungGen: 7238K->1005K(7680K)] 15453K->12247K(25088K), 0.0011750 secs] [Times: user=0.01 sys=0.00, real=0.00 secs] 
364.394: [Full GC [PSYoungGen: 1005K->0K(7680K)] [ParOldGen: 11242K->5187K(17408K)] 12247K->5187K(25088K) [PSPermGen: 5142K->5142K(21504K)], 0.0047680 secs] [Times: user=0.01 sys=0.00, real=0.00 secs] 
364.399: Total time for which application threads were stopped: 0.0748340 seconds, Stopping threads took: 0.0687820 seconds
364.471: Application time: 0.0722320 seconds
364.516: [GC [PSYoungGen: 6462K->809K(7680K)] 11650K->5997K(25088K), 0.0005780 secs] [Times: user=0.00 sys=0.00, real=0.00 secs] 
364.517: Total time for which application threads were stopped: 0.0454820 seconds, Stopping threads took: 0.0448400 seconds
364.517: Application time: 0.0007490 seconds
364.518: [GC [PSYoungGen: 7350K->1005K(7680K)] 12538K->12451K(25088K), 0.0022630 secs] [Times: user=0.01 sys=0.00, real=0.00 secs] 
364.520: [Full GC [PSYoungGen: 1005K->0K(7680K)] [ParOldGen: 11446K->8410K(17408K)] 12451K->8410K(25088K) [PSPermGen: 5142K->5142K(21504K)], 0.0051850 secs] [Times: user=0.03 sys=0.00, real=0.01 secs] 
364.525: Total time for which application threads were stopped: 0.0079200 seconds, Stopping threads took: 0.0003120 seconds
364.603: Application time: 0.0780940 seconds
364.667: [GC [PSYoungGen: 6656K->941K(7680K)] 15066K->9352K(25088K), 0.0005420 secs] [Times: user=0.00 sys=0.00, real=0.00 secs] 
364.667: Total time for which application threads were stopped: 0.0637030 seconds, Stopping threads took: 0.0630650 seconds
364.668: Application time: 0.0008880 seconds
364.714: [GC [PSYoungGen: 7403K->939K(7680K)] 15814K->14819K(25088K), 0.0020410 secs] [Times: user=0.01 sys=0.00, real=0.00 secs] 
364.716: [Full GC [PSYoungGen: 939K->0K(7680K)] [ParOldGen: 13879K->7531K(17408K)] 14819K->7531K(25088K) [PSPermGen: 5142K->5142K(21504K)], 0.0050170 secs] [Times: user=0.02 sys=0.00, real=0.00 secs] 
364.721: Total time for which application threads were stopped: 0.0528890 seconds, Stopping threads took: 0.0456820 seconds
364.806: Application time: 0.0851190 seconds
364.865: [GC [PSYoungGen: 6462K->973K(7680K)] 13993K->8504K(25088K), 0.0005800 secs] [Times: user=0.01 sys=0.00, real=0.00 secs] 
364.865: Total time for which application threads were stopped: 0.0594020 seconds, Stopping threads took: 0.0587450 seconds
364.866: Application time: 0.0009070 seconds
364.910: [GC [PSYoungGen: 7611K->1006K(7680K)] 15143K->13966K(25088K), 0.0019510 secs] [Times: user=0.01 sys=0.00, real=0.00 secs] 
364.912: [Full GC [PSYoungGen: 1006K->0K(7680K)] [ParOldGen: 12959K->7629K(17408K)] 13966K->7629K(25088K) [PSPermGen: 5142K->5142K(21504K)], 0.0048250 secs] [Times: user=0.02 sys=0.00, real=0.00 secs] 
364.917: Total time for which application threads were stopped: 0.0504060 seconds, Stopping threads took: 0.0435070 seconds
364.992: Application time: 0.0751030 seconds
365.037: [GC [PSYoungGen: 6638K->841K(7680K)] 14267K->8861K(25088K), 0.0005360 secs] [Times: user=0.01 sys=0.00, real=0.00 secs] 
365.038: Total time for which application threads were stopped: 0.0457530 seconds, Stopping threads took: 0.0451490 seconds
365.039: Application time: 0.0009670 seconds
365.095: [GC [PSYoungGen: 7480K->1006K(7680K)] 15500K->13595K(25088K), 0.0019460 secs] [Times: user=0.01 sys=0.00, real=0.00 secs] 
365.097: [Full GC [PSYoungGen: 1006K->0K(7680K)] [ParOldGen: 12588K->6750K(17408K)] 13595K->6750K(25088K) [PSPermGen: 5142K->5142K(21504K)], 0.0047690 secs] [Times: user=0.02 sys=0.00, real=0.01 secs] 
365.102: Total time for which application threads were stopped: 0.0632280 seconds, Stopping threads took: 0.0563660 seconds
365.175: Application time: 0.0734110 seconds
365.220: [GC [PSYoungGen: 6540K->907K(7680K)] 13291K->8048K(25088K), 0.0006560 secs] [Times: user=0.00 sys=0.00, real=0.00 secs] 
365.221: Total time for which application threads were stopped: 0.0453440 seconds, Stopping threads took: 0.0446240 seconds
365.225: Application time: 0.0046710 seconds
365.292: [GC [PSYoungGen: 7448K->256K(7680K)] 14589K->7397K(25088K), 0.0003350 secs] [Times: user=0.00 sys=0.00, real=0.00 secs] 
365.292: Total time for which application threads were stopped: 0.0670500 seconds, Stopping threads took: 0.0666570 seconds
365.293: Application time: 0.0005870 seconds
365.293: [GC [PSYoungGen: 6796K->1022K(7680K)] 13938K->13787K(25088K), 0.0017050 secs] [Times: user=0.01 sys=0.00, real=0.00 secs] 
365.295: [Full GC [PSYoungGen: 1022K->0K(7680K)] [ParOldGen: 12764K->7825K(17408K)] 13787K->7825K(25088K) [PSPermGen: 5142K->5142K(21504K)], 0.0051930 secs] [Times: user=0.02 sys=0.00, real=0.00 secs] 
365.300: Total time for which application threads were stopped: 0.0071570 seconds, Stopping threads took: 0.0001460 seconds
365.378: Application time: 0.0782170 seconds
365.427: [GC [PSYoungGen: 6559K->841K(7680K)] 14384K->9253K(25088K), 0.0006460 secs] [Times: user=0.01 sys=0.00, real=0.00 secs] 
365.428: Total time for which application threads were stopped: 0.0496130 seconds, Stopping threads took: 0.0488900 seconds
365.429: Application time: 0.0009330 seconds
365.472: [GC [PSYoungGen: 7480K->1005K(7680K)] 15891K->14209K(25088K), 0.0018210 secs] [Times: user=0.01 sys=0.00, real=0.00 secs] 
365.474: [Full GC [PSYoungGen: 1005K->0K(7680K)] [ParOldGen: 13204K->6946K(17408K)] 14209K->6946K(25088K) [PSPermGen: 5142K->5142K(21504K)], 0.0046370 secs] [Times: user=0.02 sys=0.00, real=0.00 secs] 
365.479: Total time for which application threads were stopped: 0.0501830 seconds, Stopping threads took: 0.0436000 seconds
365.571: Application time: 0.0916740 seconds
365.636: [GC [PSYoungGen: 6462K->387K(7680K)] 13408K->7333K(25088K), 0.0004520 secs] [Times: user=0.01 sys=0.00, real=0.00 secs] 
365.636: Total time for which application threads were stopped: 0.0656340 seconds, Stopping threads took: 0.0651180 seconds
365.637: Application time: 0.0009460 seconds
365.681: [GC [PSYoungGen: 7043K->1005K(7680K)] 13989K->12940K(25088K), 0.0018230 secs] [Times: user=0.01 sys=0.00, real=0.00 secs] 
365.683: [Full GC [PSYoungGen: 1005K->0K(7680K)] [ParOldGen: 11935K->7141K(17408K)] 12940K->7141K(25088K) [PSPermGen: 5142K->5142K(21504K)], 0.0047850 secs] [Times: user=0.03 sys=0.00, real=0.00 secs] 
365.688: Total time for which application threads were stopped: 0.0506190 seconds, Stopping threads took: 0.0438850 seconds
365.771: Application time: 0.0835630 seconds
365.827: [GC [PSYoungGen: 6462K->614K(7680K)] 13603K->7756K(25088K), 0.0004490 secs] [Times: user=0.01 sys=0.00, real=0.00 secs] 
365.828: Total time for which application threads were stopped: 0.0560660 seconds, Stopping threads took: 0.0555470 seconds
365.828: Application time: 0.0008680 seconds
365.872: [GC [PSYoungGen: 7077K->1008K(7680K)] 14218K->12991K(25088K), 0.0018000 secs] [Times: user=0.01 sys=0.00, real=0.00 secs] 
365.874: [Full GC [PSYoungGen: 1008K->0K(7680K)] [ParOldGen: 11983K->7141K(17408K)] 12991K->7141K(25088K) [PSPermGen: 5142K->5142K(21504K)], 0.0048360 secs] [Times: user=0.02 sys=0.00, real=0.00 secs] 
365.879: Total time for which application threads were stopped: 0.0504990 seconds, Stopping threads took: 0.0437370 seconds
365.961: Application time: 0.0824100 seconds
366.019: [GC [PSYoungGen: 6462K->582K(7680K)] 13603K->7724K(25088K), 0.0004750 secs] [Times: user=0.01 sys=0.00, real=0.00 secs] 
366.019: Total time for which application threads were stopped: 0.0577980 seconds, Stopping threads took: 0.0572500 seconds
366.020: Application time: 0.0008840 seconds
366.064: [GC [PSYoungGen: 7045K->1005K(7680K)] 14186K->13135K(25088K), 0.0018400 secs] [Times: user=0.02 sys=0.00, real=0.00 secs] 
366.066: [Full GC [PSYoungGen: 1005K->0K(7680K)] [ParOldGen: 12130K->7141K(17408K)] 13135K->7141K(25088K) [PSPermGen: 5142K->5142K(21504K)], 0.0047700 secs] [Times: user=0.02 sys=0.00, real=0.01 secs] 
366.071: Total time for which application threads were stopped: 0.0505630 seconds, Stopping threads took: 0.0437990 seconds
366.156: Application time: 0.0859490 seconds
366.213: [GC [PSYoungGen: 6559K->973K(7680K)] 13701K->8896K(25088K), 0.0008450 secs] [Times: user=0.00 sys=0.00, real=0.00 secs] 
366.214: Total time for which application threads were stopped: 0.0577760 seconds, Stopping threads took: 0.0568600 seconds
366.215: Application time: 0.0010960 seconds
366.259: [GC [PSYoungGen: 7533K->907K(7680K)] 15456K->14104K(25088K), 0.0019830 secs] [Times: user=0.01 sys=0.00, real=0.00 secs] 
366.261: [Full GC [PSYoungGen: 907K->0K(7680K)] [ParOldGen: 13196K->7336K(17408K)] 14104K->7336K(25088K) [PSPermGen: 5142K->5142K(21504K)], 0.0048330 secs] [Times: user=0.02 sys=0.00, real=0.01 secs] 
366.266: Total time for which application threads were stopped: 0.0504160 seconds, Stopping threads took: 0.0434700 seconds
366.341: Application time: 0.0748570 seconds
366.386: [GC [PSYoungGen: 6656K->842K(7680K)] 13992K->10522K(25088K), 0.0010660 secs] [Times: user=0.00 sys=0.00, real=0.00 secs] 
366.387: [Full GC [PSYoungGen: 842K->0K(7680K)] [ParOldGen: 9680K->4309K(17408K)] 10522K->4309K(25088K) [PSPermGen: 5142K->5142K(21504K)], 0.0046910 secs] [Times: user=0.02 sys=0.01, real=0.01 secs] 
366.392: Total time for which application threads were stopped: 0.0515280 seconds, Stopping threads took: 0.0456460 seconds
366.472: Application time: 0.0802510 seconds
366.484: [GC [PSYoungGen: 6656K->941K(7680K)] 10965K->5446K(25088K), 0.0005590 secs] [Times: user=0.01 sys=0.00, real=0.00 secs] 
366.485: Total time for which application threads were stopped: 0.0125060 seconds, Stopping threads took: 0.0118750 seconds
366.486: Application time: 0.0008880 seconds
366.530: [GC [PSYoungGen: 7560K->1005K(7680K)] 12065K->11117K(25088K), 0.0020440 secs] [Times: user=0.01 sys=0.00, real=0.00 secs] 
366.532: [Full GC [PSYoungGen: 1005K->0K(7680K)] [ParOldGen: 10111K->7727K(17408K)] 11117K->7727K(25088K) [PSPermGen: 5142K->5142K(21504K)], 0.0047760 secs] [Times: user=0.02 sys=0.00, real=0.00 secs] 
366.537: Total time for which application threads were stopped: 0.0507550 seconds, Stopping threads took: 0.0437750 seconds
366.634: Application time: 0.0974970 seconds
366.697: [GC [PSYoungGen: 6559K->224K(7680K)] 14287K->7951K(25088K), 0.0003150 secs] [Times: user=0.00 sys=0.00, real=0.00 secs] 
366.697: Total time for which application threads were stopped: 0.0633640 seconds, Stopping threads took: 0.0629850 seconds
366.698: Application time: 0.0008210 seconds
366.699: [GC [PSYoungGen: 6784K->1008K(7680K)] 14511K->14359K(25088K), 0.0020080 secs] [Times: user=0.02 sys=0.00, real=0.00 secs] 
366.701: [Full GC [PSYoungGen: 1008K->0K(7680K)] [ParOldGen: 13350K->7922K(17408K)] 14359K->7922K(25088K) [PSPermGen: 5142K->5142K(21504K)], 0.0048790 secs] [Times: user=0.02 sys=0.00, real=0.01 secs] 
366.706: Total time for which application threads were stopped: 0.0072370 seconds, Stopping threads took: 0.0002100 seconds
366.791: Application time: 0.0858770 seconds
366.858: [GC [PSYoungGen: 6520K->256K(7680K)] 14443K->8178K(25088K), 0.0004090 secs] [Times: user=0.00 sys=0.00, real=0.00 secs] 
366.859: Total time for which application threads were stopped: 0.0671480 seconds, Stopping threads took: 0.0666710 seconds
366.859: Application time: 0.0008070 seconds
366.860: [GC [PSYoungGen: 6816K->1006K(7680K)] 14738K->14642K(25088K), 0.0018800 secs] [Times: user=0.00 sys=0.01, real=0.01 secs] 
366.861: [Full GC [PSYoungGen: 1006K->0K(7680K)] [ParOldGen: 13635K->7922K(17408K)] 14642K->7922K(25088K) [PSPermGen: 5142K->5142K(21504K)], 0.0049270 secs] [Times: user=0.03 sys=0.00, real=0.00 secs] 
366.866: Total time for which application threads were stopped: 0.0070740 seconds, Stopping threads took: 0.0001430 seconds
366.949: Application time: 0.0827670 seconds
367.010: [GC [PSYoungGen: 6559K->419K(7680K)] 14482K->8342K(25088K), 0.0004760 secs] [Times: user=0.00 sys=0.00, real=0.00 secs] 
367.010: Total time for which application threads were stopped: 0.0612210 seconds, Stopping threads took: 0.0606800 seconds
367.011: Application time: 0.0008270 seconds
367.011: [GC [PSYoungGen: 7057K->1005K(7680K)] 14980K->14893K(25088K), 0.0020270 secs] [Times: user=0.02 sys=0.00, real=0.00 secs] 
367.014: [Full GC [PSYoungGen: 1005K->0K(7680K)] [ParOldGen: 13888K->8118K(17408K)] 14893K->8118K(25088K) [PSPermGen: 5142K->5142K(21504K)], 0.0050950 secs] [Times: user=0.02 sys=0.00, real=0.00 secs] 
367.019: Total time for which application threads were stopped: 0.0074240 seconds, Stopping threads took: 0.0001740 seconds
367.101: Application time: 0.0820330 seconds
367.162: [GC [PSYoungGen: 6559K->646K(7680K)] 14678K->8765K(25088K), 0.0005880 secs] [Times: user=0.00 sys=0.00, real=0.00 secs] 
367.163: [Full GC [PSYoungGen: 646K->0K(7680K)] [ParOldGen: 8118K->1956K(17408K)] 8765K->1956K(25088K) [PSPermGen: 5142K->5142K(21504K)], 0.0041100 secs] [Times: user=0.01 sys=0.00, real=0.00 secs] 
367.167: Total time for which application threads were stopped: 0.0660400 seconds, Stopping threads took: 0.0612220 seconds
367.168: Application time: 0.0011420 seconds
367.213: [GC [PSYoungGen: 6540K->1006K(7680K)] 8496K->7902K(25088K), 0.0018280 secs] [Times: user=0.01 sys=0.00, real=0.00 secs] 
367.215: Total time for which application threads were stopped: 0.0468780 seconds, Stopping threads took: 0.0449700 seconds
367.289: Application time: 0.0743940 seconds
367.336: [GC [PSYoungGen: 7644K->1005K(7680K)] 14540K->8681K(25088K), 0.0007040 secs] [Times: user=0.01 sys=0.00, real=0.00 secs] 
367.337: Total time for which application threads were stopped: 0.0476150 seconds, Stopping threads took: 0.0468290 seconds
367.338: Application time: 0.0012290 seconds
367.394: [GC [PSYoungGen: 7565K->1005K(7680K)] 15241K->13857K(25088K), 0.0019580 secs] [Times: user=0.01 sys=0.00, real=0.00 secs] 
367.396: [Full GC [PSYoungGen: 1005K->0K(7680K)] [ParOldGen: 12852K->7337K(17408K)] 13857K->7337K(25088K) [PSPermGen: 5142K->5142K(21504K)], 0.0049160 secs] [Times: user=0.03 sys=0.00, real=0.01 secs] 
367.401: Total time for which application threads were stopped: 0.0632540 seconds, Stopping threads took: 0.0562530 seconds
367.478: Application time: 0.0770540 seconds
367.522: [GC [PSYoungGen: 6656K->646K(7680K)] 13993K->8374K(25088K), 0.0004660 secs] [Times: user=0.00 sys=0.00, real=0.00 secs] 
367.523: Total time for which application threads were stopped: 0.0441820 seconds, Stopping threads took: 0.0436520 seconds
367.523: Application time: 0.0009060 seconds
367.565: [GC [PSYoungGen: 7285K->1005K(7680K)] 15013K->14234K(25088K), 0.0019890 secs] [Times: user=0.02 sys=0.00, real=0.00 secs] 
367.567: [Full GC [PSYoungGen: 1005K->0K(7680K)] [ParOldGen: 13229K->7630K(17408K)] 14234K->7630K(25088K) [PSPermGen: 5142K->5142K(21504K)], 0.0049430 secs] [Times: user=0.02 sys=0.00, real=0.01 secs] 
367.572: Total time for which application threads were stopped: 0.0483530 seconds, Stopping threads took: 0.0412930 seconds
367.664: Application time: 0.0923800 seconds
367.722: [GC [PSYoungGen: 6559K->973K(7680K)] 14190K->8798K(25088K), 0.0005850 secs] [Times: user=0.01 sys=0.00, real=0.00 secs] 
367.723: [Full GC [PSYoungGen: 973K->0K(7680K)] [ParOldGen: 7825K->2541K(17408K)] 8798K->2541K(25088K) [PSPermGen: 5142K->5142K(21504K)], 0.0038200 secs] [Times: user=0.01 sys=0.00, real=0.00 secs] 
367.727: Total time for which application threads were stopped: 0.0628040 seconds, Stopping threads took: 0.0582760 seconds
367.728: Application time: 0.0013670 seconds
367.781: [GC [PSYoungGen: 6560K->907K(7680K)] 9102K->8137K(25088K), 0.0017000 secs] [Times: user=0.01 sys=0.00, real=0.01 secs] 
367.783: Total time for which application threads were stopped: 0.0544480 seconds, Stopping threads took: 0.0526750 seconds
367.856: Application time: 0.0734310 seconds
367.902: [GC [PSYoungGen: 7467K->843K(7680K)] 14697K->9635K(25088K), 0.0008430 secs] [Times: user=0.00 sys=0.00, real=0.00 secs] 
367.903: [Full GC [PSYoungGen: 843K->0K(7680K)] [ParOldGen: 8792K->3626K(17408K)] 9635K->3626K(25088K) [PSPermGen: 5142K->5142K(21504K)], 0.0043980 secs] [Times: user=0.02 sys=0.00, real=0.00 secs] 
367.908: Total time for which application threads were stopped: 0.0514650 seconds, Stopping threads took: 0.0460980 seconds
367.985: Application time: 0.0773440 seconds
367.997: [GC [PSYoungGen: 6560K->419K(7680K)] 10186K->4046K(25088K), 0.0003990 secs] [Times: user=0.00 sys=0.00, real=0.00 secs] 
367.998: Total time for which application threads were stopped: 0.0128390 seconds, Stopping threads took: 0.0123780 seconds
367.999: Application time: 0.0007820 seconds
368.039: [GC [PSYoungGen: 7075K->1005K(7680K)] 10701K->9612K(25088K), 0.0017990 secs] [Times: user=0.01 sys=0.00, real=0.00 secs] 
368.041: [Full GC [PSYoungGen: 1005K->0K(7680K)] [ParOldGen: 8607K->7142K(17408K)] 9612K->7142K(25088K) [PSPermGen: 5142K->5142K(21504K)], 0.0044150 secs] [Times: user=0.02 sys=0.00, real=0.01 secs] 
368.045: Total time for which application threads were stopped: 0.0465080 seconds, Stopping threads took: 0.0401620 seconds
368.133: Application time: 0.0883340 seconds
368.191: [GC [PSYoungGen: 6462K->614K(7680K)] 13604K->7756K(25088K), 0.0003890 secs] [Times: user=0.00 sys=0.00, real=0.00 secs] 
368.192: Total time for which application threads were stopped: 0.0581360 seconds, Stopping threads took: 0.0576830 seconds
368.193: Application time: 0.0009190 seconds
368.236: [GC [PSYoungGen: 7077K->1006K(7680K)] 14219K->13064K(25088K), 0.0017830 secs] [Times: user=0.01 sys=0.00, real=0.00 secs] 
368.238: [Full GC [PSYoungGen: 1006K->0K(7680K)] [ParOldGen: 12057K->7141K(17408K)] 13064K->7141K(25088K) [PSPermGen: 5142K->5142K(21504K)], 0.0047820 secs] [Times: user=0.03 sys=0.00, real=0.01 secs] 
368.243: Total time for which application threads were stopped: 0.0503160 seconds, Stopping threads took: 0.0436110 seconds
368.316: Application time: 0.0735110 seconds
368.362: [GC [PSYoungGen: 6637K->1005K(7680K)] 13779K->8928K(25088K), 0.0007660 secs] [Times: user=0.00 sys=0.00, real=0.00 secs] 
368.363: Total time for which application threads were stopped: 0.0461360 seconds, Stopping threads took: 0.0453000 seconds
368.364: Application time: 0.0009850 seconds
368.407: [GC [PSYoungGen: 7467K->939K(7680K)] 15391K->14039K(25088K), 0.0018890 secs] [Times: user=0.01 sys=0.00, real=0.00 secs] 
368.409: [Full GC [PSYoungGen: 939K->0K(7680K)] [ParOldGen: 13099K->7239K(17408K)] 14039K->7239K(25088K) [PSPermGen: 5142K->5142K(21504K)], 0.0048200 secs] [Times: user=0.02 sys=0.00, real=0.01 secs] 
368.414: Total time for which application threads were stopped: 0.0504850 seconds, Stopping threads took: 0.0436480 seconds
368.502: Application time: 0.0875650 seconds
368.559: [GC [PSYoungGen: 6364K->582K(7680K)] 13604K->7822K(25088K), 0.0004310 secs] [Times: user=0.00 sys=0.00, real=0.00 secs] 
368.560: Total time for which application threads were stopped: 0.0579500 seconds, Stopping threads took: 0.0574520 seconds
368.560: Application time: 0.0008280 seconds
368.613: [GC [PSYoungGen: 7201K->1005K(7680K)] 14441K->13286K(25088K), 0.0019520 secs] [Times: user=0.02 sys=0.00, real=0.00 secs] 
368.615: [Full GC [PSYoungGen: 1005K->0K(7680K)] [ParOldGen: 12280K->7142K(17408K)] 13286K->7142K(25088K) [PSPermGen: 5142K->5142K(21504K)], 0.0047270 secs] [Times: user=0.02 sys=0.00, real=0.00 secs] 
368.620: Total time for which application threads were stopped: 0.0592690 seconds, Stopping threads took: 0.0524360 seconds
368.694: Application time: 0.0747060 seconds
368.738: [GC [PSYoungGen: 6638K->1005K(7680K)] 13780K->8929K(25088K), 0.0006800 secs] [Times: user=0.00 sys=0.00, real=0.00 secs] 
368.739: Total time for which application threads were stopped: 0.0446320 seconds, Stopping threads took: 0.0438700 seconds
368.745: Application time: 0.0065230 seconds
368.810: [GC [PSYoungGen: 7448K->646K(7680K)] 15372K->8570K(25088K), 0.0003930 secs] [Times: user=0.01 sys=0.00, real=0.00 secs] 
368.811: Total time for which application threads were stopped: 0.0650070 seconds, Stopping threads took: 0.0645530 seconds
368.811: Application time: 0.0006770 seconds
368.811: [GC [PSYoungGen: 7109K->1008K(7680K)] 15032K->14880K(25088K), 0.0020920 secs] [Times: user=0.02 sys=0.00, real=0.00 secs] 
368.814: [Full GC [PSYoungGen: 1008K->0K(7680K)] [ParOldGen: 13871K->8216K(17408K)] 14880K->8216K(25088K) [PSPermGen: 5142K->5142K(21504K)], 0.0049850 secs] [Times: user=0.02 sys=0.00, real=0.00 secs] 
368.819: Total time for which application threads were stopped: 0.0073690 seconds, Stopping threads took: 0.0001670 seconds
368.898: Application time: 0.0795030 seconds
368.960: [GC [PSYoungGen: 6462K->550K(7680K)] 14678K->8767K(25088K), 0.0004390 secs] [Times: user=0.00 sys=0.00, real=0.00 secs] 
368.961: Total time for which application threads were stopped: 0.0628690 seconds, Stopping threads took: 0.0623410 seconds
368.962: Application time: 0.0006460 seconds
368.962: [GC [PSYoungGen: 7013K->1005K(7680K)] 15229K->15284K(25088K), 0.0020150 secs] [Times: user=0.01 sys=0.00, real=0.00 secs] 
368.964: [Full GC [PSYoungGen: 1005K->0K(7680K)] [ParOldGen: 14279K->8216K(17408K)] 15284K->8216K(25088K) [PSPermGen: 5142K->5142K(21504K)], 0.0050730 secs] [Times: user=0.03 sys=0.00, real=0.00 secs] 
368.969: Total time for which application threads were stopped: 0.0075440 seconds, Stopping threads took: 0.0003340 seconds
369.049: Application time: 0.0803360 seconds
369.110: [GC [PSYoungGen: 6656K->841K(7680K)] 14872K->9058K(25088K), 0.0008200 secs] [Times: user=0.01 sys=0.00, real=0.00 secs] 
369.111: [Full GC [PSYoungGen: 841K->0K(7680K)] [ParOldGen: 8216K->2122K(17408K)] 9058K->2122K(25088K) [PSPermGen: 5142K->5142K(21504K)], 0.0037860 secs] [Times: user=0.01 sys=0.00, real=0.00 secs] 
369.114: Total time for which application threads were stopped: 0.0649350 seconds, Stopping threads took: 0.0601970 seconds
369.116: Application time: 0.0011440 seconds
369.164: [GC [PSYoungGen: 6638K->1005K(7680K)] 8761K->8019K(25088K), 0.0018370 secs] [Times: user=0.01 sys=0.00, real=0.00 secs] 
369.166: Total time for which application threads were stopped: 0.0502740 seconds, Stopping threads took: 0.0483580 seconds
369.241: Application time: 0.0753000 seconds
369.287: [GC [PSYoungGen: 7565K->646K(7680K)] 14579K->8051K(25088K), 0.0005210 secs] [Times: user=0.00 sys=0.00, real=0.00 secs] 
369.287: Total time for which application threads were stopped: 0.0461220 seconds, Stopping threads took: 0.0455240 seconds
369.288: Application time: 0.0008870 seconds
369.332: [GC [PSYoungGen: 7285K->1006K(7680K)] 14689K->13851K(25088K), 0.0019060 secs] [Times: user=0.01 sys=0.00, real=0.00 secs] 
369.334: [Full GC [PSYoungGen: 1006K->0K(7680K)] [ParOldGen: 12844K->7630K(17408K)] 13851K->7630K(25088K) [PSPermGen: 5142K->5142K(21504K)], 0.0050880 secs] [Times: user=0.03 sys=0.00, real=0.00 secs] 
369.339: Total time for which application threads were stopped: 0.0505910 seconds, Stopping threads took: 0.0434710 seconds
369.417: Application time: 0.0779630 seconds
369.479: [GC [PSYoungGen: 6656K->224K(7680K)] 14286K->7854K(25088K), 0.0004230 secs] [Times: user=0.00 sys=0.00, real=0.00 secs] 
369.479: Total time for which application threads were stopped: 0.0625180 seconds, Stopping threads took: 0.0620260 seconds
369.480: Application time: 0.0008080 seconds
369.480: [GC [PSYoungGen: 6784K->1008K(7680K)] 14414K->14262K(25088K), 0.0018080 secs] [Times: user=0.02 sys=0.00, real=0.01 secs] 
369.482: [Full GC [PSYoungGen: 1008K->0K(7680K)] [ParOldGen: 13253K->7923K(17408K)] 14262K->7923K(25088K) [PSPermGen: 5142K->5142K(21504K)], 0.0049300 secs] [Times: user=0.02 sys=0.00, real=0.00 secs] 
369.487: Total time for which application threads were stopped: 0.0069990 seconds, Stopping threads took: 0.0001390 seconds
369.566: Application time: 0.0786830 seconds
369.627: [GC [PSYoungGen: 6637K->419K(7680K)] 14561K->8343K(25088K), 0.0004540 secs] [Times: user=0.00 sys=0.00, real=0.00 secs] 
369.629: [Full GC [PSYoungGen: 419K->0K(7680K)] [ParOldGen: 7923K->1760K(17408K)] 8343K->1760K(25088K) [PSPermGen: 5142K->5142K(21504K)], 0.0036730 secs] [Times: user=0.01 sys=0.00, real=0.01 secs] 
369.632: Total time for which application threads were stopped: 0.0666870 seconds, Stopping threads took: 0.0612830 seconds
369.633: Application time: 0.0010410 seconds
369.634: [GC [PSYoungGen: 6560K->1006K(7680K)] 8320K->8464K(25088K), 0.0019520 secs] [Times: user=0.01 sys=0.00, real=0.00 secs] 
369.636: [Full GC [PSYoungGen: 1006K->0K(7680K)] [ParOldGen: 7457K->8119K(17408K)] 8464K->8119K(25088K) [PSPermGen: 5142K->5142K(21504K)], 0.0051030 secs] [Times: user=0.03 sys=0.00, real=0.00 secs] 
369.641: Total time for which application threads were stopped: 0.0073510 seconds, Stopping threads took: 0.0001660 seconds
369.722: Application time: 0.0811270 seconds
369.783: [GC [PSYoungGen: 6559K->582K(7680K)] 14678K->8701K(25088K), 0.0005480 secs] [Times: user=0.00 sys=0.00, real=0.00 secs] 
369.783: [Full GC [PSYoungGen: 582K->0K(7680K)] [ParOldGen: 8119K->1956K(17408K)] 8701K->1956K(25088K) [PSPermGen: 5142K->5142K(21504K)], 0.0037470 secs] [Times: user=0.01 sys=0.01, real=0.00 secs] 
369.787: Total time for which application threads were stopped: 0.0650020 seconds, Stopping threads took: 0.0606000 seconds
369.788: Application time: 0.0010200 seconds
369.788: [GC [PSYoungGen: 6462K->1006K(7680K)] 8418K->8561K(25088K), 0.0019980 secs] [Times: user=0.01 sys=0.00, real=0.01 secs] 
369.790: [Full GC [PSYoungGen: 1006K->0K(7680K)] [ParOldGen: 7554K->8216K(17408K)] 8561K->8216K(25088K) [PSPermGen: 5142K->5142K(21504K)], 0.0049530 secs] [Times: user=0.03 sys=0.00, real=0.00 secs] 
369.795: Total time for which application threads were stopped: 0.0072810 seconds, Stopping threads took: 0.0001930 seconds
369.888: Application time: 0.0925060 seconds
369.948: [GC [PSYoungGen: 6462K->614K(7680K)] 14678K->8831K(25088K), 0.0005410 secs] [Times: user=0.01 sys=0.00, real=0.00 secs] 
369.949: [Full GC [PSYoungGen: 614K->0K(7680K)] [ParOldGen: 8216K->1927K(17408K)] 8831K->1927K(25088K) [PSPermGen: 5142K->5142K(21504K)], 0.0037230 secs] [Times: user=0.01 sys=0.00, real=0.01 secs] 
369.953: Total time for which application threads were stopped: 0.0649730 seconds, Stopping threads took: 0.0605790 seconds
369.954: Application time: 0.0010740 seconds
369.998: [GC [PSYoungGen: 6540K->1005K(7680K)] 8468K->7921K(25088K), 0.0018210 secs] [Times: user=0.01 sys=0.00, real=0.00 secs] 
369.999: Total time for which application threads were stopped: 0.0456710 seconds, Stopping threads took: 0.0437680 seconds
370.076: Application time: 0.0767180 seconds
370.121: [GC [PSYoungGen: 7467K->614K(7680K)] 14383K->7531K(25088K), 0.0004480 secs] [Times: user=0.00 sys=0.00, real=0.01 secs] 
370.121: Total time for which application threads were stopped: 0.0452770 seconds, Stopping threads took: 0.0447610 seconds
370.122: Application time: 0.0008720 seconds
370.166: [GC [PSYoungGen: 7233K->1005K(7680K)] 14150K->12970K(25088K), 0.0019340 secs] [Times: user=0.01 sys=0.00, real=0.00 secs] 
370.168: [Full GC [PSYoungGen: 1005K->0K(7680K)] [ParOldGen: 11965K->7142K(17408K)] 12970K->7142K(25088K) [PSPermGen: 5142K->5142K(21504K)], 0.0047710 secs] [Times: user=0.02 sys=0.00, real=0.01 secs] 
370.173: Total time for which application threads were stopped: 0.0506530 seconds, Stopping threads took: 0.0438210 seconds
370.263: Application time: 0.0895350 seconds
370.314: [GC [PSYoungGen: 6462K->614K(7680K)] 13604K->7757K(25088K), 0.0003880 secs] [Times: user=0.00 sys=0.00, real=0.00 secs] 
370.315: Total time for which application threads were stopped: 0.0523160 seconds, Stopping threads took: 0.0518550 seconds
370.316: Application time: 0.0008330 seconds
370.359: [GC [PSYoungGen: 7174K->1005K(7680K)] 14317K->13234K(25088K), 0.0017960 secs] [Times: user=0.01 sys=0.00, real=0.00 secs] 
370.361: [Full GC [PSYoungGen: 1005K->0K(7680K)] [ParOldGen: 12229K->7240K(17408K)] 13234K->7240K(25088K) [PSPermGen: 5142K->5142K(21504K)], 0.0047910 secs] [Times: user=0.03 sys=0.00, real=0.01 secs] 
370.366: Total time for which application threads were stopped: 0.0501190 seconds, Stopping threads took: 0.0434040 seconds
370.450: Application time: 0.0843390 seconds
370.517: [GC [PSYoungGen: 6364K->646K(7680K)] 13604K->7887K(25088K), 0.0003940 secs] [Times: user=0.00 sys=0.00, real=0.00 secs] 
370.517: Total time for which application threads were stopped: 0.0672010 seconds, Stopping threads took: 0.0667430 seconds
370.518: Application time: 0.0008740 seconds
370.562: [GC [PSYoungGen: 7265K->971K(7680K)] 14506K->13290K(25088K), 0.0018790 secs] [Times: user=0.02 sys=0.00, real=0.00 secs] 
370.564: [Full GC [PSYoungGen: 971K->0K(7680K)] [ParOldGen: 12318K->7143K(17408K)] 13290K->7143K(25088K) [PSPermGen: 5142K->5142K(21504K)], 0.0050020 secs] [Times: user=0.02 sys=0.00, real=0.00 secs] 
370.569: Total time for which application threads were stopped: 0.0509270 seconds, Stopping threads took: 0.0438940 seconds
370.643: Application time: 0.0742130 seconds
370.691: [GC [PSYoungGen: 6462K->875K(7680K)] 13605K->8800K(25088K), 0.0007290 secs] [Times: user=0.01 sys=0.00, real=0.00 secs] 
370.692: [Full GC [PSYoungGen: 875K->0K(7680K)] [ParOldGen: 7924K->2846K(17408K)] 8800K->2846K(25088K) [PSPermGen: 5142K->5142K(21504K)], 0.0042380 secs] [Times: user=0.01 sys=0.00, real=0.00 secs] 
370.696: Total time for which application threads were stopped: 0.0530570 seconds, Stopping threads took: 0.0479490 seconds
370.702: Application time: 0.0054450 seconds
370.767: [GC [PSYoungGen: 6560K->941K(7680K)] 9406K->4568K(25088K), 0.0007530 secs] [Times: user=0.00 sys=0.00, real=0.00 secs] 
370.768: Total time for which application threads were stopped: 0.0659990 seconds, Stopping threads took: 0.0651750 seconds
370.769: Application time: 0.0010370 seconds
370.812: [GC [PSYoungGen: 7501K->907K(7680K)] 11129K->9809K(25088K), 0.0020440 secs] [Times: user=0.01 sys=0.00, real=0.00 secs] 
370.814: [Full GC [PSYoungGen: 907K->0K(7680K)] [ParOldGen: 8901K->7338K(17408K)] 9809K->7338K(25088K) [PSPermGen: 5142K->5142K(21504K)], 0.0045580 secs] [Times: user=0.02 sys=0.00, real=0.00 secs] 
370.819: Total time for which application threads were stopped: 0.0500570 seconds, Stopping threads took: 0.0433070 seconds
370.897: Application time: 0.0784470 seconds
370.939: [GC [PSYoungGen: 6656K->939K(7680K)] 13994K->9450K(25088K), 0.0007840 secs] [Times: user=0.01 sys=0.00, real=0.00 secs] 
370.940: [Full GC [PSYoungGen: 939K->0K(7680K)] [ParOldGen: 8510K->3392K(17408K)] 9450K->3392K(25088K) [PSPermGen: 5142K->5142K(21504K)], 0.0041160 secs] [Times: user=0.01 sys=0.00, real=0.01 secs] 
370.944: Total time for which application threads were stopped: 0.0463060 seconds, Stopping threads took: 0.0412600 seconds
370.945: Application time: 0.0011980 seconds
371.014: [GC [PSYoungGen: 6656K->875K(7680K)] 10048K->7783K(25088K), 0.0014730 secs] [Times: user=0.01 sys=0.00, real=0.00 secs] 
371.015: Total time for which application threads were stopped: 0.0701640 seconds, Stopping threads took: 0.0686070 seconds
371.088: Application time: 0.0726910 seconds
371.133: [GC [PSYoungGen: 7435K->875K(7680K)] 14343K->8174K(25088K), 0.0005760 secs] [Times: user=0.00 sys=0.00, real=0.00 secs] 
371.133: Total time for which application threads were stopped: 0.0455730 seconds, Stopping threads took: 0.0449220 seconds
371.134: Application time: 0.0010000 seconds
371.178: [GC [PSYoungGen: 7513K->939K(7680K)] 14812K->14098K(25088K), 0.0019890 secs] [Times: user=0.02 sys=0.00, real=0.00 secs] 
371.180: [Full GC [PSYoungGen: 939K->0K(7680K)] [ParOldGen: 13158K->7924K(17408K)] 14098K->7924K(25088K) [PSPermGen: 5142K->5142K(21504K)], 0.0049850 secs] [Times: user=0.02 sys=0.00, real=0.01 secs] 
371.185: Total time for which application threads were stopped: 0.0505790 seconds, Stopping threads took: 0.0434800 seconds
371.264: Application time: 0.0793120 seconds
371.326: [GC [PSYoungGen: 6638K->419K(7680K)] 14562K->8343K(25088K), 0.0006090 secs] [Times: user=0.01 sys=0.00, real=0.00 secs] 
371.327: Total time for which application threads were stopped: 0.0628680 seconds, Stopping threads took: 0.0621820 seconds
371.328: Application time: 0.0008520 seconds
371.328: [GC [PSYoungGen: 7057K->1021K(7680K)] 14981K->14927K(25088K), 0.0019440 secs] [Times: user=0.02 sys=0.00, real=0.01 secs] 
371.330: [Full GC [PSYoungGen: 1021K->0K(7680K)] [ParOldGen: 13905K->8119K(17408K)] 14927K->8119K(25088K) [PSPermGen: 5142K->5142K(21504K)], 0.0050370 secs] [Times: user=0.02 sys=0.00, real=0.00 secs] 
371.335: Total time for which application threads were stopped: 0.0072830 seconds, Stopping threads took: 0.0001730 seconds
371.412: Application time: 0.0767950 seconds
371.476: [GC [PSYoungGen: 6559K->582K(7680K)] 14679K->8702K(25088K), 0.0004830 secs] [Times: user=0.00 sys=0.00, real=0.00 secs] 
371.476: [Full GC [PSYoungGen: 582K->0K(7680K)] [ParOldGen: 8119K->1984K(17408K)] 8702K->1984K(25088K) [PSPermGen: 5142K->5142K(21504K)], 0.0038760 secs] [Times: user=0.02 sys=0.00, real=0.00 secs] 
371.480: Total time for which application threads were stopped: 0.0680700 seconds, Stopping threads took: 0.0635920 seconds
371.481: Application time: 0.0012300 seconds
371.525: [GC [PSYoungGen: 6462K->939K(7680K)] 8446K->8002K(25088K), 0.0018110 secs] [Times: user=0.01 sys=0.01, real=0.00 secs] 
371.527: Total time for which application threads were stopped: 0.0455760 seconds, Stopping threads took: 0.0436870 seconds
371.601: Application time: 0.0738500 seconds
371.646: [GC [PSYoungGen: 7499K->1005K(7680K)] 14562K->8857K(25088K), 0.0006710 secs] [Times: user=0.00 sys=0.00, real=0.00 secs] 
371.647: Total time for which application threads were stopped: 0.0457420 seconds, Stopping threads took: 0.0450010 seconds
371.648: Application time: 0.0010440 seconds
371.690: [GC [PSYoungGen: 7565K->939K(7680K)] 15417K->14065K(25088K), 0.0018960 secs] [Times: user=0.01 sys=0.00, real=0.00 secs] 
371.692: [Full GC [PSYoungGen: 939K->0K(7680K)] [ParOldGen: 13125K->7338K(17408K)] 14065K->7338K(25088K) [PSPermGen: 5142K->5142K(21504K)], 0.0049780 secs] [Times: user=0.03 sys=0.00, real=0.00 secs] 
371.697: Total time for which application threads were stopped: 0.0496860 seconds, Stopping threads took: 0.0426850 seconds
371.776: Application time: 0.0785640 seconds
371.819: [GC [PSYoungGen: 6656K->907K(7680K)] 13994K->9418K(25088K), 0.0007810 secs] [Times: user=0.00 sys=0.00, real=0.00 secs] 
371.820: [Full GC [PSYoungGen: 907K->0K(7680K)] [ParOldGen: 8510K->3392K(17408K)] 9418K->3392K(25088K) [PSPermGen: 5142K->5142K(21504K)], 0.0040230 secs] [Times: user=0.02 sys=0.00, real=0.01 secs] 
371.824: Total time for which application threads were stopped: 0.0483690 seconds, Stopping threads took: 0.0434470 seconds
371.826: Application time: 0.0014700 seconds
371.896: [GC [PSYoungGen: 6656K->909K(7680K)] 10048K->4496K(25088K), 0.0006060 secs] [Times: user=0.01 sys=0.00, real=0.00 secs] 
371.896: Total time for which application threads were stopped: 0.0706150 seconds, Stopping threads took: 0.0699400 seconds
371.897: Application time: 0.0008980 seconds
371.954: [GC [PSYoungGen: 7528K->1005K(7680K)] 11116K->9145K(25088K), 0.0016670 secs] [Times: user=0.01 sys=0.00, real=0.00 secs] 
371.956: Total time for which application threads were stopped: 0.0586520 seconds, Stopping threads took: 0.0569140 seconds
372.030: Application time: 0.0736980 seconds
372.075: [GC [PSYoungGen: 7467K->809K(7680K)] 15607K->9340K(25088K), 0.0006020 secs] [Times: user=0.01 sys=0.00, real=0.00 secs] 
372.076: Total time for which application threads were stopped: 0.0465280 seconds, Stopping threads took: 0.0458550 seconds
372.085: Application time: 0.0093470 seconds
372.146: [GC [PSYoungGen: 7077K->1005K(7680K)] 15608K->9536K(25088K), 0.0005180 secs] [Times: user=0.00 sys=0.00, real=0.00 secs] 
372.147: Total time for which application threads were stopped: 0.0614480 seconds, Stopping threads took: 0.0608680 seconds
372.148: Application time: 0.0007350 seconds
372.191: [GC [PSYoungGen: 7565K->939K(7680K)] 16096K->13962K(25088K), 0.0015630 secs] [Times: user=0.01 sys=0.00, real=0.00 secs] 
372.193: [Full GC [PSYoungGen: 939K->0K(7680K)] [ParOldGen: 13023K->6557K(17408K)] 13962K->6557K(25088K) [PSPermGen: 5142K->5142K(21504K)], 0.0046670 secs] [Times: user=0.02 sys=0.00, real=0.00 secs] 
372.198: Total time for which application threads were stopped: 0.0501380 seconds, Stopping threads took: 0.0437920 seconds
372.270: Application time: 0.0720930 seconds
372.315: [GC [PSYoungGen: 6638K->939K(7680K)] 13195K->8864K(25088K), 0.0008760 secs] [Times: user=0.00 sys=0.00, real=0.00 secs] 
372.316: Total time for which application threads were stopped: 0.0460080 seconds, Stopping threads took: 0.0450610 seconds
372.387: Application time: 0.0709300 seconds
372.392: [GC [PSYoungGen: 7578K->224K(7680K)] 15502K->8148K(25088K), 0.0003930 secs] [Times: user=0.00 sys=0.00, real=0.00 secs] 
372.393: Total time for which application threads were stopped: 0.0057760 seconds, Stopping threads took: 0.0052970 seconds
372.393: Application time: 0.0006840 seconds
372.393: [GC [PSYoungGen: 6784K->1006K(7680K)] 14708K->14652K(25088K), 0.0018630 secs] [Times: user=0.01 sys=0.00, real=0.00 secs] 
372.395: [Full GC [PSYoungGen: 1006K->0K(7680K)] [ParOldGen: 13645K->7924K(17408K)] 14652K->7924K(25088K) [PSPermGen: 5142K->5142K(21504K)], 0.0051630 secs] [Times: user=0.02 sys=0.00, real=0.00 secs] 
372.401: Total time for which application threads were stopped: 0.0073330 seconds, Stopping threads took: 0.0001810 seconds
372.481: Application time: 0.0800800 seconds
372.541: [GC [PSYoungGen: 6609K->451K(7680K)] 14534K->8375K(25088K), 0.0004770 secs] [Times: user=0.00 sys=0.00, real=0.00 secs] 
372.542: Total time for which application threads were stopped: 0.0610840 seconds, Stopping threads took: 0.0605530 seconds
372.542: Application time: 0.0006190 seconds
372.543: [GC [PSYoungGen: 7039K->1006K(7680K)] 14963K->14847K(25088K), 0.0020380 secs] [Times: user=0.01 sys=0.00, real=0.00 secs] 
372.545: [Full GC [PSYoungGen: 1006K->0K(7680K)] [ParOldGen: 13840K->8119K(17408K)] 14847K->8119K(25088K) [PSPermGen: 5142K->5142K(21504K)], 0.0048640 secs] [Times: user=0.02 sys=0.00, real=0.01 secs] 
372.550: Total time for which application threads were stopped: 0.0072740 seconds, Stopping threads took: 0.0002440 seconds
372.631: Application time: 0.0810240 seconds
372.692: [GC [PSYoungGen: 6559K->646K(7680K)] 14679K->8766K(25088K), 0.0004680 secs] [Times: user=0.00 sys=0.00, real=0.00 secs] 
372.692: Total time for which application threads were stopped: 0.0615260 seconds, Stopping threads took: 0.0609780 seconds
372.693: Application time: 0.0008750 seconds
372.736: [GC [PSYoungGen: 7109K->939K(7680K)] 15229K->14138K(25088K), 0.0018990 secs] [Times: user=0.02 sys=0.00, real=0.00 secs] 
372.738: [Full GC [PSYoungGen: 939K->0K(7680K)] [ParOldGen: 13198K->7143K(17408K)] 14138K->7143K(25088K) [PSPermGen: 5142K->5142K(21504K)], 0.0051270 secs] [Times: user=0.02 sys=0.00, real=0.01 secs] 
372.743: Total time for which application threads were stopped: 0.0499340 seconds, Stopping threads took: 0.0427790 seconds
372.817: Application time: 0.0739760 seconds
372.862: [GC [PSYoungGen: 6462K->614K(7680K)] 13605K->7758K(25088K), 0.0004980 secs] [Times: user=0.00 sys=0.00, real=0.00 secs] 
372.863: Total time for which application threads were stopped: 0.0460130 seconds, Stopping threads took: 0.0454270 seconds
372.864: Application time: 0.0008220 seconds
372.908: [GC [PSYoungGen: 7155K->1008K(7680K)] 14298K->13017K(25088K), 0.0019420 secs] [Times: user=0.01 sys=0.00, real=0.01 secs] 
372.910: [Full GC [PSYoungGen: 1008K->0K(7680K)] [ParOldGen: 12008K->7143K(17408K)] 13017K->7143K(25088K) [PSPermGen: 5142K->5142K(21504K)], 0.0049280 secs] [Times: user=0.03 sys=0.00, real=0.00 secs] 
372.915: Total time for which application threads were stopped: 0.0508700 seconds, Stopping threads took: 0.0438500 seconds
373.009: Application time: 0.0938210 seconds
373.066: [GC [PSYoungGen: 6540K->582K(7680K)] 13683K->7726K(25088K), 0.0005370 secs] [Times: user=0.00 sys=0.00, real=0.00 secs] 
373.066: Total time for which application threads were stopped: 0.0575610 seconds, Stopping threads took: 0.0569540 seconds
373.081: Application time: 0.0151950 seconds
373.137: [GC [PSYoungGen: 7123K->646K(7680K)] 14267K->7790K(25088K), 0.0004150 secs] [Times: user=0.00 sys=0.00, real=0.00 secs] 
373.137: Total time for which application threads were stopped: 0.0558550 seconds, Stopping threads took: 0.0553500 seconds
373.138: Application time: 0.0006490 seconds
373.190: [GC [PSYoungGen: 7109K->1006K(7680K)] 14252K->13101K(25088K), 0.0018130 secs] [Times: user=0.01 sys=0.00, real=0.00 secs] 
373.191: [Full GC [PSYoungGen: 1006K->0K(7680K)] [ParOldGen: 12094K->7143K(17408K)] 13101K->7143K(25088K) [PSPermGen: 5142K->5142K(21504K)], 0.0050400 secs] [Times: user=0.02 sys=0.00, real=0.00 secs] 
373.197: Total time for which application threads were stopped: 0.0587060 seconds, Stopping threads took: 0.0517300 seconds
373.272: Application time: 0.0753600 seconds
373.317: [GC [PSYoungGen: 6462K->582K(7680K)] 13605K->7726K(25088K), 0.0003860 secs] [Times: user=0.00 sys=0.00, real=0.00 secs] 
373.318: Total time for which application threads were stopped: 0.0456380 seconds, Stopping threads took: 0.0451790 seconds
373.318: Application time: 0.0008550 seconds
373.374: [GC [PSYoungGen: 7142K->939K(7680K)] 14286K->12185K(25088K), 0.0016970 secs] [Times: user=0.01 sys=0.00, real=0.00 secs] 
373.375: [Full GC [PSYoungGen: 939K->0K(7680K)] [ParOldGen: 11245K->6167K(17408K)] 12185K->6167K(25088K) [PSPermGen: 5142K->5142K(21504K)], 0.0047540 secs] [Times: user=0.02 sys=0.00, real=0.00 secs] 
373.380: Total time for which application threads were stopped: 0.0618300 seconds, Stopping threads took: 0.0552540 seconds
373.465: Application time: 0.0848840 seconds
373.518: [GC [PSYoungGen: 6364K->646K(7680K)] 12532K->6814K(25088K), 0.0005050 secs] [Times: user=0.00 sys=0.00, real=0.00 secs] 
373.518: Total time for which application threads were stopped: 0.0533800 seconds, Stopping threads took: 0.0528130 seconds
373.519: Application time: 0.0009900 seconds
373.562: [GC [PSYoungGen: 7284K->1005K(7680K)] 13452K->12259K(25088K), 0.0018430 secs] [Times: user=0.02 sys=0.00, real=0.00 secs] 
373.564: [Full GC [PSYoungGen: 1005K->0K(7680K)] [ParOldGen: 11253K->7241K(17408K)] 12259K->7241K(25088K) [PSPermGen: 5142K->5142K(21504K)], 0.0048590 secs] [Times: user=0.02 sys=0.00, real=0.00 secs] 
373.569: Total time for which application threads were stopped: 0.0495950 seconds, Stopping threads took: 0.0427640 seconds
373.642: Application time: 0.0728590 seconds
373.689: [GC [PSYoungGen: 6462K->941K(7680K)] 13703K->8963K(25088K), 0.0006880 secs] [Times: user=0.01 sys=0.00, real=0.01 secs] 
373.689: Total time for which application threads were stopped: 0.0473800 seconds, Stopping threads took: 0.0465990 seconds
373.690: Application time: 0.0010730 seconds
373.734: [GC [PSYoungGen: 7501K->1005K(7680K)] 15524K->14204K(25088K), 0.0020370 secs] [Times: user=0.02 sys=0.00, real=0.00 secs] 
373.736: [Full GC [PSYoungGen: 1005K->0K(7680K)] [ParOldGen: 13198K->7339K(17408K)] 14204K->7339K(25088K) [PSPermGen: 5142K->5142K(21504K)], 0.0049000 secs] [Times: user=0.02 sys=0.00, real=0.00 secs] 
373.741: Total time for which application threads were stopped: 0.0507080 seconds, Stopping threads took: 0.0436370 seconds
373.825: Application time: 0.0841950 seconds
373.879: [GC [PSYoungGen: 6656K->941K(7680K)] 13995K->8280K(25088K), 0.0004730 secs] [Times: user=0.00 sys=0.00, real=0.00 secs] 
373.880: Total time for which application threads were stopped: 0.0546620 seconds, Stopping threads took: 0.0541090 seconds
373.881: Application time: 0.0009000 seconds
373.934: [GC [PSYoungGen: 7501K->1005K(7680K)] 14840K->12739K(25088K), 0.0016620 secs] [Times: user=0.01 sys=0.00, real=0.00 secs] 
373.935: [Full GC [PSYoungGen: 1005K->0K(7680K)] [ParOldGen: 11734K->6557K(17408K)] 12739K->6557K(25088K) [PSPermGen: 5142K->5142K(21504K)], 0.0048680 secs] [Times: user=0.02 sys=0.00, real=0.00 secs] 
373.940: Total time for which application threads were stopped: 0.0593680 seconds, Stopping threads took: 0.0526930 seconds
374.013: Application time: 0.0726400 seconds
374.058: [GC [PSYoungGen: 6540K->1005K(7680K)] 13098K->8735K(25088K), 0.0007560 secs] [Times: user=0.00 sys=0.00, real=0.00 secs] 
374.058: Total time for which application threads were stopped: 0.0454340 seconds, Stopping threads took: 0.0446070 seconds
374.060: Application time: 0.0014610 seconds
374.129: [GC [PSYoungGen: 7624K->1005K(7680K)] 15354K->9907K(25088K), 0.0008950 secs] [Times: user=0.00 sys=0.00, real=0.00 secs] 
374.130: Total time for which application threads were stopped: 0.0704250 seconds, Stopping threads took: 0.0694410 seconds
374.134: Application time: 0.0036520 seconds
374.201: [GC [PSYoungGen: 7565K->841K(7680K)] 16467K->10134K(25088K), 0.0006480 secs] [Times: user=0.00 sys=0.00, real=0.00 secs] 
374.202: Total time for which application threads were stopped: 0.0680020 seconds, Stopping threads took: 0.0672790 seconds
374.203: Application time: 0.0009420 seconds
374.246: [GC [PSYoungGen: 7480K->1005K(7680K)] 16772K->16078K(25088K), 0.0020240 secs] [Times: user=0.01 sys=0.00, real=0.00 secs] 
374.248: [Full GC [PSYoungGen: 1005K->0K(7680K)] [ParOldGen: 15073K->7827K(17408K)] 16078K->7827K(25088K) [PSPermGen: 5142K->5142K(21504K)], 0.0051510 secs] [Times: user=0.02 sys=0.00, real=0.01 secs] 
374.254: Total time for which application threads were stopped: 0.0508380 seconds, Stopping threads took: 0.0435380 seconds
374.347: Application time: 0.0937690 seconds
374.411: [GC [PSYoungGen: 6656K->419K(7680K)] 14483K->8247K(25088K), 0.0004390 secs] [Times: user=0.00 sys=0.00, real=0.00 secs] 
374.412: Total time for which application threads were stopped: 0.0641510 seconds, Stopping threads took: 0.0636360 seconds
374.412: Application time: 0.0006710 seconds
374.412: [GC [PSYoungGen: 6979K->1008K(7680K)] 14807K->14654K(25088K), 0.0018470 secs] [Times: user=0.02 sys=0.00, real=0.00 secs] 
374.414: [Full GC [PSYoungGen: 1008K->0K(7680K)] [ParOldGen: 13645K->8120K(17408K)] 14654K->8120K(25088K) [PSPermGen: 5142K->5142K(21504K)], 0.0052290 secs] [Times: user=0.02 sys=0.00, real=0.00 secs] 
374.420: Total time for which application threads were stopped: 0.0073670 seconds, Stopping threads took: 0.0001730 seconds
374.500: Application time: 0.0807370 seconds
374.541: [GC [PSYoungGen: 6559K->907K(7680K)] 14680K->9809K(25088K), 0.0006510 secs] [Times: user=0.00 sys=0.00, real=0.01 secs] 
374.541: [Full GC [PSYoungGen: 907K->0K(7680K)] [ParOldGen: 8901K->3001K(17408K)] 9809K->3001K(25088K) [PSPermGen: 5142K->5142K(21504K)], 0.0037920 secs] [Times: user=0.01 sys=0.01, real=0.00 secs] 
374.545: Total time for which application threads were stopped: 0.0448390 seconds, Stopping threads took: 0.0402690 seconds
374.546: Application time: 0.0011220 seconds
374.615: [GC [PSYoungGen: 6656K->907K(7680K)] 9657K->7034K(25088K), 0.0013530 secs] [Times: user=0.00 sys=0.00, real=0.00 secs] 
374.616: Total time for which application threads were stopped: 0.0699830 seconds, Stopping threads took: 0.0685520 seconds
374.688: Application time: 0.0717950 seconds
374.692: [GC [PSYoungGen: 7563K->939K(7680K)] 13690K->8238K(25088K), 0.0008360 secs] [Times: user=0.00 sys=0.00, real=0.00 secs] 
374.693: Total time for which application threads were stopped: 0.0051570 seconds, Stopping threads took: 0.0035510 seconds
374.695: Application time: 0.0014780 seconds
374.764: [GC [PSYoungGen: 7480K->1005K(7680K)] 14779K->8304K(25088K), 0.0004950 secs] [Times: user=0.00 sys=0.00, real=0.00 secs] 
374.765: Total time for which application threads were stopped: 0.0699580 seconds, Stopping threads took: 0.0693990 seconds
374.766: Application time: 0.0008480 seconds
374.809: [GC [PSYoungGen: 7565K->939K(7680K)] 14864K->13805K(25088K), 0.0019210 secs] [Times: user=0.01 sys=0.00, real=0.01 secs] 
374.811: [Full GC [PSYoungGen: 939K->0K(7680K)] [ParOldGen: 12865K->7632K(17408K)] 13805K->7632K(25088K) [PSPermGen: 5142K->5142K(21504K)], 0.0049390 secs] [Times: user=0.02 sys=0.00, real=0.00 secs] 
374.816: Total time for which application threads were stopped: 0.0503090 seconds, Stopping threads took: 0.0433200 seconds
374.907: Application time: 0.0909190 seconds
374.964: [GC [PSYoungGen: 6638K->1005K(7680K)] 14270K->8833K(25088K), 0.0006000 secs] [Times: user=0.00 sys=0.00, real=0.00 secs] 
374.965: Total time for which application threads were stopped: 0.0581140 seconds, Stopping threads took: 0.0574300 seconds
374.966: Application time: 0.0009490 seconds
375.009: [GC [PSYoungGen: 7643K->1005K(7680K)] 15471K->14557K(25088K), 0.0019400 secs] [Times: user=0.01 sys=0.00, real=0.00 secs] 
375.011: [Full GC [PSYoungGen: 1005K->0K(7680K)] [ParOldGen: 13552K->7827K(17408K)] 14557K->7827K(25088K) [PSPermGen: 5142K->5142K(21504K)], 0.0053500 secs] [Times: user=0.03 sys=0.00, real=0.00 secs] 
375.017: Total time for which application threads were stopped: 0.0509870 seconds, Stopping threads took: 0.0435670 seconds
375.097: Application time: 0.0803310 seconds
375.157: [GC [PSYoungGen: 6656K->355K(7680K)] 14483K->8183K(25088K), 0.0005340 secs] [Times: user=0.00 sys=0.00, real=0.00 secs] 
375.158: Total time for which application threads were stopped: 0.0605140 seconds, Stopping threads took: 0.0598930 seconds
375.158: Application time: 0.0007260 seconds
375.159: [GC [PSYoungGen: 6993K->1005K(7680K)] 14821K->14798K(25088K), 0.0019200 secs] [Times: user=0.01 sys=0.00, real=0.00 secs] 
375.161: [Full GC [PSYoungGen: 1005K->0K(7680K)] [ParOldGen: 13793K->8121K(17408K)] 14798K->8121K(25088K) [PSPermGen: 5142K->5142K(21504K)], 0.0050840 secs] [Times: user=0.02 sys=0.00, real=0.01 secs] 
375.166: Total time for which application threads were stopped: 0.0074170 seconds, Stopping threads took: 0.0002710 seconds
375.244: Application time: 0.0777080 seconds
375.306: [GC [PSYoungGen: 6559K->646K(7680K)] 14680K->8767K(25088K), 0.0004250 secs] [Times: user=0.00 sys=0.00, real=0.00 secs] 
375.306: Total time for which application threads were stopped: 0.0625850 seconds, Stopping threads took: 0.0620900 seconds
375.307: Application time: 0.0008840 seconds
375.351: [GC [PSYoungGen: 7109K->1005K(7680K)] 15230K->14115K(25088K), 0.0019020 secs] [Times: user=0.01 sys=0.00, real=0.00 secs] 
375.353: [Full GC [PSYoungGen: 1005K->0K(7680K)] [ParOldGen: 13109K->7144K(17408K)] 14115K->7144K(25088K) [PSPermGen: 5142K->5142K(21504K)], 0.0048680 secs] [Times: user=0.03 sys=0.00, real=0.00 secs] 
375.358: Total time for which application threads were stopped: 0.0506840 seconds, Stopping threads took: 0.0437790 seconds
375.454: Application time: 0.0961970 seconds
375.504: [GC [PSYoungGen: 6462K->550K(7680K)] 13606K->7694K(25088K), 0.0004780 secs] [Times: user=0.00 sys=0.00, real=0.00 secs] 
375.505: Total time for which application threads were stopped: 0.0510730 seconds, Stopping threads took: 0.0505090 seconds
375.506: Application time: 0.0007790 seconds
375.506: [GC [PSYoungGen: 7013K->1005K(7680K)] 14157K->14212K(25088K), 0.0020440 secs] [Times: user=0.02 sys=0.00, real=0.00 secs] 
375.508: [Full GC [PSYoungGen: 1005K->0K(7680K)] [ParOldGen: 13207K->8218K(17408K)] 14212K->8218K(25088K) [PSPermGen: 5142K->5142K(21504K)], 0.0049200 secs] [Times: user=0.02 sys=0.00, real=0.01 secs] 
375.513: Total time for which application threads were stopped: 0.0072540 seconds, Stopping threads took: 0.0001620 seconds
375.592: Application time: 0.0787240 seconds
375.654: [GC [PSYoungGen: 6540K->646K(7680K)] 14758K->8865K(25088K), 0.0005800 secs] [Times: user=0.00 sys=0.00, real=0.00 secs] 
375.654: [Full GC [PSYoungGen: 646K->0K(7680K)] [ParOldGen: 8218K->1956K(17408K)] 8865K->1956K(25088K) [PSPermGen: 5142K->5142K(21504K)], 0.0040320 secs] [Times: user=0.02 sys=0.00, real=0.00 secs] 
375.658: Total time for which application threads were stopped: 0.0666910 seconds, Stopping threads took: 0.0619570 seconds
375.663: Application time: 0.0046330 seconds
375.729: [GC [PSYoungGen: 6653K->291K(7680K)] 8609K->2247K(25088K), 0.0003510 secs] [Times: user=0.00 sys=0.00, real=0.00 secs] 
375.730: Total time for which application threads were stopped: 0.0665650 seconds, Stopping threads took: 0.0661500 seconds
375.730: Application time: 0.0006690 seconds
375.730: [GC [PSYoungGen: 6947K->1006K(7680K)] 8903K->8944K(25088K), 0.0017530 secs] [Times: user=0.01 sys=0.00, real=0.00 secs] 
375.732: [Full GC [PSYoungGen: 1006K->0K(7680K)] [ParOldGen: 7937K->8609K(17408K)] 8944K->8609K(25088K) [PSPermGen: 5142K->5142K(21504K)], 0.0055310 secs] [Times: user=0.02 sys=0.00, real=0.00 secs] 
375.738: Total time for which application threads were stopped: 0.0075660 seconds, Stopping threads took: 0.0001660 seconds
375.815: Application time: 0.0770370 seconds
375.878: [GC [PSYoungGen: 6540K->1021K(7680K)] 15149K->9630K(25088K), 0.0007010 secs] [Times: user=0.00 sys=0.00, real=0.00 secs] 
375.879: [Full GC [PSYoungGen: 1021K->0K(7680K)] [ParOldGen: 8609K->2374K(17408K)] 9630K->2374K(25088K) [PSPermGen: 5142K->5142K(21504K)], 0.0038590 secs] [Times: user=0.02 sys=0.00, real=0.01 secs] 
375.882: Total time for which application threads were stopped: 0.0675230 seconds, Stopping threads took: 0.0628510 seconds
375.884: Application time: 0.0013820 seconds
375.925: [GC [PSYoungGen: 6560K->1005K(7680K)] 8935K->8857K(25088K), 0.0019770 secs] [Times: user=0.01 sys=0.00, real=0.00 secs] 
375.927: [Full GC [PSYoungGen: 1005K->0K(7680K)] [ParOldGen: 7851K->7632K(17408K)] 8857K->7632K(25088K) [PSPermGen: 5142K->5142K(21504K)], 0.0049680 secs] [Times: user=0.02 sys=0.00, real=0.01 secs] 
375.932: Total time for which application threads were stopped: 0.0478300 seconds, Stopping threads took: 0.0407540 seconds
376.019: Application time: 0.0868920 seconds
376.070: [GC [PSYoungGen: 6638K->907K(7680K)] 14270K->9907K(25088K), 0.0008320 secs] [Times: user=0.00 sys=0.00, real=0.00 secs] 
376.071: [Full GC [PSYoungGen: 907K->0K(7680K)] [ParOldGen: 9000K->3433K(17408K)] 9907K->3433K(25088K) [PSPermGen: 5142K->5142K(21504K)], 0.0041640 secs] [Times: user=0.02 sys=0.00, real=0.00 secs] 
376.075: Total time for which application threads were stopped: 0.0566020 seconds, Stopping threads took: 0.0514740 seconds
376.155: Application time: 0.0797240 seconds
376.165: [GC [PSYoungGen: 6560K->128K(7680K)] 9994K->3561K(25088K), 0.0005980 secs] [Times: user=0.00 sys=0.00, real=0.00 secs] 
376.165: Total time for which application threads were stopped: 0.0104340 seconds, Stopping threads took: 0.0097740 seconds
376.166: Application time: 0.0007150 seconds
376.166: [GC [PSYoungGen: 6688K->1006K(7680K)] 10121K->10137K(25088K), 0.0019110 secs] [Times: user=0.02 sys=0.00, real=0.00 secs] 
376.168: [Full GC [PSYoungGen: 1006K->0K(7680K)] [ParOldGen: 9130K->7925K(17408K)] 10137K->7925K(25088K) [PSPermGen: 5142K->5142K(21504K)], 0.0050600 secs] [Times: user=0.02 sys=0.00, real=0.01 secs] 
376.173: Total time for which application threads were stopped: 0.0073140 seconds, Stopping threads took: 0.0002190 seconds
376.253: Application time: 0.0796690 seconds
376.295: [GC [PSYoungGen: 6462K->1005K(7680K)] 14387K->9329K(25088K), 0.0006130 secs] [Times: user=0.01 sys=0.00, real=0.00 secs] 
376.295: [Full GC [PSYoungGen: 1005K->0K(7680K)] [ParOldGen: 8324K->2708K(17408K)] 9329K->2708K(25088K) [PSPermGen: 5142K->5142K(21504K)], 0.0037660 secs] [Times: user=0.01 sys=0.00, real=0.00 secs] 
376.299: Total time for which application threads were stopped: 0.0460670 seconds, Stopping threads took: 0.0415750 seconds
376.300: Application time: 0.0013490 seconds
376.352: [GC [PSYoungGen: 6560K->907K(7680K)] 9268K->8499K(25088K), 0.0018570 secs] [Times: user=0.01 sys=0.00, real=0.00 secs] 
376.354: Total time for which application threads were stopped: 0.0533790 seconds, Stopping threads took: 0.0514450 seconds
376.427: Application time: 0.0734510 seconds
376.472: [GC [PSYoungGen: 7448K->939K(7680K)] 15040K->9117K(25088K), 0.0006630 secs] [Times: user=0.00 sys=0.00, real=0.00 secs] 
376.473: [Full GC [PSYoungGen: 939K->0K(7680K)] [ParOldGen: 8177K->2834K(17408K)] 9117K->2834K(25088K) [PSPermGen: 5142K->5142K(21504K)], 0.0038490 secs] [Times: user=0.02 sys=0.00, real=0.00 secs] 
376.477: Total time for which application threads were stopped: 0.0496190 seconds, Stopping threads took: 0.0449910 seconds
376.478: Application time: 0.0013650 seconds
376.522: [GC [PSYoungGen: 6656K->1005K(7680K)] 9490K->9708K(25088K), 0.0020050 secs] [Times: user=0.01 sys=0.00, real=0.00 secs] 
376.524: [Full GC [PSYoungGen: 1005K->0K(7680K)] [ParOldGen: 8702K->8218K(17408K)] 9708K->8218K(25088K) [PSPermGen: 5142K->5142K(21504K)], 0.0050660 secs] [Times: user=0.03 sys=0.00, real=0.00 secs] 
376.529: Total time for which application threads were stopped: 0.0508080 seconds, Stopping threads took: 0.0436170 seconds
376.607: Application time: 0.0775550 seconds
376.669: [GC [PSYoungGen: 6501K->451K(7680K)] 14720K->8670K(25088K), 0.0004000 secs] [Times: user=0.00 sys=0.00, real=0.01 secs] 
376.669: [Full GC [PSYoungGen: 451K->0K(7680K)] [ParOldGen: 8218K->1837K(17408K)] 8670K->1837K(25088K) [PSPermGen: 5142K->5142K(21504K)], 0.0038310 secs] [Times: user=0.01 sys=0.00, real=0.00 secs] 
376.673: Total time for which application threads were stopped: 0.0665460 seconds, Stopping threads took: 0.0621920 seconds
376.674: Application time: 0.0012720 seconds
376.675: [GC [PSYoungGen: 6560K->939K(7680K)] 8397K->8637K(25088K), 0.0018230 secs] [Times: user=0.01 sys=0.00, real=0.00 secs] 
376.676: [Full GC [PSYoungGen: 939K->0K(7680K)] [ParOldGen: 7697K->8121K(17408K)] 8637K->8121K(25088K) [PSPermGen: 5142K->5142K(21504K)], 0.0053260 secs] [Times: user=0.02 sys=0.00, real=0.01 secs] 
376.682: Total time for which application threads were stopped: 0.0073040 seconds, Stopping threads took: 0.0000300 seconds
376.761: Application time: 0.0796020 seconds
376.822: [GC [PSYoungGen: 6559K->614K(7680K)] 14681K->8735K(25088K), 0.0004140 secs] [Times: user=0.00 sys=0.00, real=0.00 secs] 
376.823: [Full GC [PSYoungGen: 614K->0K(7680K)] [ParOldGen: 8121K->1956K(17408K)] 8735K->1956K(25088K) [PSPermGen: 5142K->5142K(21504K)], 0.0039940 secs] [Times: user=0.02 sys=0.00, real=0.00 secs] 
376.827: Total time for which application threads were stopped: 0.0652410 seconds, Stopping threads took: 0.0607210 seconds
376.828: Application time: 0.0012890 seconds
376.872: [GC [PSYoungGen: 6638K->939K(7680K)] 8595K->8072K(25088K), 0.0019570 secs] [Times: user=0.01 sys=0.01, real=0.00 secs] 
376.874: Total time for which application threads were stopped: 0.0458120 seconds, Stopping threads took: 0.0437740 seconds
376.949: Application time: 0.0750130 seconds
376.994: [GC [PSYoungGen: 7401K->1005K(7680K)] 14534K->8927K(25088K), 0.0008710 secs] [Times: user=0.00 sys=0.00, real=0.00 secs] 
376.995: [Full GC [PSYoungGen: 1005K->0K(7680K)] [ParOldGen: 7922K->2945K(17408K)] 8927K->2945K(25088K) [PSPermGen: 5142K->5142K(21504K)], 0.0042850 secs] [Times: user=0.02 sys=0.00, real=0.00 secs] 
376.999: Total time for which application threads were stopped: 0.0506820 seconds, Stopping threads took: 0.0454040 seconds
377.001: Application time: 0.0013710 seconds
377.054: [GC [PSYoungGen: 6560K->939K(7680K)] 9506K->9159K(25088K), 0.0019550 secs] [Times: user=0.01 sys=0.00, real=0.00 secs] 
377.056: [Full GC [PSYoungGen: 939K->0K(7680K)] [ParOldGen: 8219K->7340K(17408K)] 9159K->7340K(25088K) [PSPermGen: 5142K->5142K(21504K)], 0.0050660 secs] [Times: user=0.02 sys=0.00, real=0.00 secs] 
377.061: Total time for which application threads were stopped: 0.0602050 seconds, Stopping threads took: 0.0530520 seconds
377.152: Application time: 0.0911370 seconds
377.209: [GC [PSYoungGen: 6656K->646K(7680K)] 13996K->8377K(25088K), 0.0005290 secs] [Times: user=0.01 sys=0.00, real=0.01 secs] 
377.210: [Full GC [PSYoungGen: 646K->0K(7680K)] [ParOldGen: 7731K->2318K(17408K)] 8377K->2318K(25088K) [PSPermGen: 5142K->5142K(21504K)], 0.0037800 secs] [Times: user=0.01 sys=0.00, real=0.00 secs] 
377.213: Total time for which application threads were stopped: 0.0612280 seconds, Stopping threads took: 0.0567890 seconds
377.215: Application time: 0.0011890 seconds
377.258: [GC [PSYoungGen: 6560K->1005K(7680K)] 8878K->8800K(25088K), 0.0019710 secs] [Times: user=0.02 sys=0.00, real=0.00 secs] 
377.260: [Full GC [PSYoungGen: 1005K->0K(7680K)] [ParOldGen: 7795K->7633K(17408K)] 8800K->7633K(25088K) [PSPermGen: 5142K->5142K(21504K)], 0.0053020 secs] [Times: user=0.02 sys=0.00, real=0.01 secs] 
377.265: Total time for which application threads were stopped: 0.0509230 seconds, Stopping threads took: 0.0435200 seconds
377.342: Application time: 0.0765630 seconds
377.387: [GC [PSYoungGen: 6638K->973K(7680K)] 14271K->8801K(25088K), 0.0005490 secs] [Times: user=0.01 sys=0.00, real=0.00 secs] 
377.387: [Full GC [PSYoungGen: 973K->0K(7680K)] [ParOldGen: 7828K->2541K(17408K)] 8801K->2541K(25088K) [PSPermGen: 5142K->5142K(21504K)], 0.0038660 secs] [Times: user=0.01 sys=0.00, real=0.01 secs] 
377.391: Total time for which application threads were stopped: 0.0493330 seconds, Stopping threads took: 0.0447950 seconds
377.393: Application time: 0.0012030 seconds
377.436: [GC [PSYoungGen: 6560K->939K(7680K)] 9101K->9243K(25088K), 0.0021220 secs] [Times: user=0.02 sys=0.00, real=0.00 secs] 
377.438: [Full GC [PSYoungGen: 939K->0K(7680K)] [ParOldGen: 8303K->7828K(17408K)] 9243K->7828K(25088K) [PSPermGen: 5142K->5142K(21504K)], 0.0051960 secs] [Times: user=0.02 sys=0.00, real=0.01 secs] 
377.444: Total time for which application threads were stopped: 0.0510340 seconds, Stopping threads took: 0.0435910 seconds
377.545: Application time: 0.1013690 seconds
377.598: [GC [PSYoungGen: 6656K->387K(7680K)] 14484K->8215K(25088K), 0.0004360 secs] [Times: user=0.00 sys=0.00, real=0.00 secs] 
377.598: [Full GC [PSYoungGen: 387K->0K(7680K)] [ParOldGen: 7828K->1732K(17408K)] 8215K->1732K(25088K) [PSPermGen: 5142K->5142K(21504K)], 0.0037930 secs] [Times: user=0.01 sys=0.01, real=0.01 secs] 
377.602: Total time for which application threads were stopped: 0.0573480 seconds, Stopping threads took: 0.0529900 seconds
377.604: Application time: 0.0012670 seconds
377.656: [GC [PSYoungGen: 6638K->1005K(7680K)] 8370K->7628K(25088K), 0.0016900 secs] [Times: user=0.01 sys=0.00, real=0.00 secs] 
377.658: Total time for which application threads were stopped: 0.0541720 seconds, Stopping threads took: 0.0524060 seconds
377.732: Application time: 0.0737560 seconds
377.778: [GC [PSYoungGen: 7565K->582K(7680K)] 14188K->7206K(25088K), 0.0005020 secs] [Times: user=0.00 sys=0.00, real=0.00 secs] 
377.778: Total time for which application threads were stopped: 0.0466680 seconds, Stopping threads took: 0.0460690 seconds
377.779: Application time: 0.0008020 seconds
377.779: [GC [PSYoungGen: 7045K->1008K(7680K)] 13668K->13571K(25088K), 0.0020850 secs] [Times: user=0.01 sys=0.01, real=0.01 secs] 
377.781: [Full GC [PSYoungGen: 1008K->0K(7680K)] [ParOldGen: 12563K->8219K(17408K)] 13571K->8219K(25088K) [PSPermGen: 5142K->5142K(21504K)], 0.0049660 secs] [Times: user=0.02 sys=0.00, real=0.00 secs] 
377.786: Total time for which application threads were stopped: 0.0074460 seconds, Stopping threads took: 0.0002660 seconds
377.863: Application time: 0.0770570 seconds
377.926: [GC [PSYoungGen: 6540K->582K(7680K)] 14759K->8801K(25088K), 0.0004720 secs] [Times: user=0.00 sys=0.00, real=0.00 secs] 
377.926: [Full GC [PSYoungGen: 582K->0K(7680K)] [ParOldGen: 8219K->1984K(17408K)] 8801K->1984K(25088K) [PSPermGen: 5142K->5142K(21504K)], 0.0039680 secs] [Times: user=0.02 sys=0.00, real=0.01 secs] 
377.930: Total time for which application threads were stopped: 0.0666070 seconds, Stopping threads took: 0.0620520 seconds
377.931: Application time: 0.0013340 seconds
377.975: [GC [PSYoungGen: 6560K->1005K(7680K)] 8544K->8076K(25088K), 0.0017610 secs] [Times: user=0.01 sys=0.00, real=0.00 secs] 
377.977: Total time for which application threads were stopped: 0.0452210 seconds, Stopping threads took: 0.0433830 seconds
378.050: Application time: 0.0732540 seconds
378.095: [GC [PSYoungGen: 7565K->1005K(7680K)] 14635K->10029K(25088K), 0.0009950 secs] [Times: user=0.01 sys=0.00, real=0.00 secs] 
378.096: [Full GC [PSYoungGen: 1005K->0K(7680K)] [ParOldGen: 9024K->4117K(17408K)] 10029K->4117K(25088K) [PSPermGen: 5142K->5142K(21504K)], 0.0044720 secs] [Times: user=0.02 sys=0.00, real=0.00 secs] 
378.101: Total time for which application threads were stopped: 0.0509400 seconds, Stopping threads took: 0.0453580 seconds
378.178: Application time: 0.0770220 seconds
378.191: [GC [PSYoungGen: 6267K->582K(7680K)] 10385K->4700K(25088K), 0.0003810 secs] [Times: user=0.00 sys=0.00, real=0.00 secs] 
378.191: Total time for which application threads were stopped: 0.0134460 seconds, Stopping threads took: 0.0129990 seconds
378.192: Application time: 0.0007550 seconds
378.243: [GC [PSYoungGen: 7238K->1005K(7680K)] 11356K->9233K(25088K), 0.0015830 secs] [Times: user=0.01 sys=0.00, real=0.00 secs] 
378.245: [Full GC [PSYoungGen: 1005K->0K(7680K)] [ParOldGen: 8227K->6266K(17408K)] 9233K->6266K(25088K) [PSPermGen: 5142K->5142K(21504K)], 0.0044220 secs] [Times: user=0.02 sys=0.00, real=0.01 secs] 
378.249: Total time for which application threads were stopped: 0.0573770 seconds, Stopping threads took: 0.0512350 seconds
378.335: Application time: 0.0854290 seconds
378.395: [GC [PSYoungGen: 6656K->973K(7680K)] 12922K->7239K(25088K), 0.0005110 secs] [Times: user=0.00 sys=0.00, real=0.00 secs] 
378.396: Total time for which application threads were stopped: 0.0607680 seconds, Stopping threads took: 0.0601860 seconds
378.397: Application time: 0.0009410 seconds
378.440: [GC [PSYoungGen: 7592K->1006K(7680K)] 13858K->12631K(25088K), 0.0019520 secs] [Times: user=0.02 sys=0.00, real=0.01 secs] 
378.442: [Full GC [PSYoungGen: 1006K->0K(7680K)] [ParOldGen: 11624K->7535K(17408K)] 12631K->7535K(25088K) [PSPermGen: 5142K->5142K(21504K)], 0.0046920 secs] [Times: user=0.02 sys=0.00, real=0.00 secs] 
378.447: Total time for which application threads were stopped: 0.0504580 seconds, Stopping threads took: 0.0436840 seconds
378.547: Application time: 0.0997790 seconds
378.599: [GC [PSYoungGen: 6462K->646K(7680K)] 13998K->8573K(25088K), 0.0005900 secs] [Times: user=0.00 sys=0.00, real=0.00 secs] 
378.599: Total time for which application threads were stopped: 0.0523850 seconds, Stopping threads took: 0.0517290 seconds
378.601: Application time: 0.0013870 seconds
378.670: [GC [PSYoungGen: 7185K->1005K(7680K)] 15111K->8931K(25088K), 0.0004810 secs] [Times: user=0.00 sys=0.00, real=0.00 secs] 
378.670: Total time for which application threads were stopped: 0.0695760 seconds, Stopping threads took: 0.0690290 seconds
378.671: Application time: 0.0008620 seconds
378.715: [GC [PSYoungGen: 7643K->1006K(7680K)] 15570K->14389K(25088K), 0.0019230 secs] [Times: user=0.02 sys=0.00, real=0.00 secs] 
378.717: [Full GC [PSYoungGen: 1006K->0K(7680K)] [ParOldGen: 13382K->7633K(17408K)] 14389K->7633K(25088K) [PSPermGen: 5142K->5142K(21504K)], 0.0051060 secs] [Times: user=0.02 sys=0.00, real=0.01 secs] 
378.722: Total time for which application threads were stopped: 0.0507550 seconds, Stopping threads took: 0.0435980 seconds
378.797: Application time: 0.0752850 seconds
378.862: [GC [PSYoungGen: 6656K->160K(7680K)] 14289K->7793K(25088K), 0.0003230 secs] [Times: user=0.00 sys=0.00, real=0.00 secs] 
378.862: Total time for which application threads were stopped: 0.0648900 seconds, Stopping threads took: 0.0644960 seconds
378.863: Application time: 0.0008960 seconds
378.863: [GC [PSYoungGen: 6720K->1008K(7680K)] 14353K->14265K(25088K), 0.0018420 secs] [Times: user=0.01 sys=0.00, real=0.00 secs] 
378.865: [Full GC [PSYoungGen: 1008K->0K(7680K)] [ParOldGen: 13256K->7926K(17408K)] 14265K->7926K(25088K) [PSPermGen: 5142K->5142K(21504K)], 0.0050020 secs] [Times: user=0.03 sys=0.00, real=0.01 secs] 
378.870: Total time for which application threads were stopped: 0.0071700 seconds, Stopping threads took: 0.0002040 seconds
378.944: Application time: 0.0740130 seconds
378.989: Total time for which application threads were stopped: 0.0452000 seconds, Stopping threads took: 0.0451650 seconds
378.990: Application time: 0.0005680 seconds
378.990: [GC [PSYoungGen: 6536K->1005K(7680K)] 14462K->11471K(25088K), 0.0010530 secs] [Times: user=0.00 sys=0.00, real=0.00 secs] 
378.991: [Full GC [PSYoungGen: 1005K->0K(7680K)] [ParOldGen: 10465K->4675K(17408K)] 11471K->4675K(25088K) [PSPermGen: 5142K->5142K(21504K)], 0.0044090 secs] [Times: user=0.02 sys=0.00, real=0.00 secs] 
378.996: Total time for which application threads were stopped: 0.0056190 seconds, Stopping threads took: 0.0000540 seconds
378.996: Application time: 0.0004030 seconds
378.996: Total time for which application threads were stopped: 0.0002670 seconds, Stopping threads took: 0.0002480 seconds
379.066: Application time: 0.0701760 seconds
379.091: [GC [PSYoungGen: 6581K->875K(7680K)] 11257K->6137K(25088K), 0.0008290 secs] [Times: user=0.00 sys=0.00, real=0.00 secs] 
379.092: Total time for which application threads were stopped: 0.0253440 seconds, Stopping threads took: 0.0244210 seconds
379.136: Application time: 0.0444470 seconds
379.178: [GC [PSYoungGen: 7529K->518K(7680K)] 12791K->5780K(25088K), 0.0005990 secs] [Times: user=0.00 sys=0.00, real=0.00 secs] 
379.179: Total time for which application threads were stopped: 0.0424460 seconds, Stopping threads took: 0.0417650 seconds
379.221: Application time: 0.0420450 seconds
379.249: [GC [PSYoungGen: 6977K->518K(7680K)] 12238K->5780K(25088K), 0.0003990 secs] [Times: user=0.00 sys=0.00, real=0.01 secs] 
379.249: Total time for which application threads were stopped: 0.0285150 seconds, Stopping threads took: 0.0280340 seconds
379.293: Application time: 0.0442170 seconds
379.337: [GC [PSYoungGen: 7025K->550K(7680K)] 12286K->5812K(25088K), 0.0004960 secs] [Times: user=0.00 sys=0.00, real=0.00 secs] 
379.337: Total time for which application threads were stopped: 0.0437650 seconds, Stopping threads took: 0.0431980 seconds
379.381: Application time: 0.0439900 seconds
379.422: [GC [PSYoungGen: 7006K->518K(7680K)] 12268K->5780K(25088K), 0.0004750 secs] [Times: user=0.00 sys=0.00, real=0.00 secs] 
379.423: Total time for which application threads were stopped: 0.0415720 seconds, Stopping threads took: 0.0410440 seconds
379.423: Application time: 0.0002840 seconds
379.423: Total time for which application threads were stopped: 0.0003110 seconds, Stopping threads took: 0.0002710 seconds
379.474: Application time: 0.0503340 seconds
379.519: [GC [PSYoungGen: 7023K->582K(7680K)] 12284K->5844K(25088K), 0.0003550 secs] [Times: user=0.00 sys=0.00, real=0.00 secs] 
379.519: Total time for which application threads were stopped: 0.0453770 seconds, Stopping threads took: 0.0449630 seconds
379.563: Application time: 0.0437410 seconds
379.614: [GC [PSYoungGen: 7036K->518K(7680K)] 12298K->5780K(25088K), 0.0003910 secs] [Times: user=0.00 sys=0.00, real=0.00 secs] 
379.614: Total time for which application threads were stopped: 0.0516230 seconds, Stopping threads took: 0.0511710 seconds
379.659: Application time: 0.0447590 seconds
379.703: [GC [PSYoungGen: 7120K->973K(7680K)] 12382K->7016K(25088K), 0.0007050 secs] [Times: user=0.00 sys=0.00, real=0.00 secs] 
379.704: Total time for which application threads were stopped: 0.0451680 seconds, Stopping threads took: 0.0435630 seconds
379.760: Application time: 0.0558730 seconds
379.801: Total time for which application threads were stopped: 0.0403820 seconds, Stopping threads took: 0.0403610 seconds
379.841: Application time: 0.0405810 seconds
379.841: [GC [PSYoungGen: 7427K->518K(7680K)] 13471K->6561K(25088K), 0.0005010 secs] [Times: user=0.01 sys=0.00, real=0.00 secs] 
379.842: Total time for which application threads were stopped: 0.0005630 seconds, Stopping threads took: 0.0000090 seconds
379.842: Application time: 0.0000440 seconds
379.842: Total time for which application threads were stopped: 0.0000340 seconds, Stopping threads took: 0.0000210 seconds
379.997: Application time: 0.1549000 seconds
379.997: [GC [PSYoungGen: 7174K->1017K(7680K)] 13217K->8139K(25088K), 0.0012530 secs] [Times: user=0.01 sys=0.00, real=0.00 secs] 
379.998: Total time for which application threads were stopped: 0.0013410 seconds, Stopping threads took: 0.0000120 seconds
380.090: Application time: 0.0921780 seconds
380.090: [GC [PSYoungGen: 7673K->1013K(7680K)] 14795K->9991K(25088K), 0.0018400 secs] [Times: user=0.01 sys=0.00, real=0.00 secs] 
380.092: Total time for which application threads were stopped: 0.0019340 seconds, Stopping threads took: 0.0000120 seconds
380.175: Application time: 0.0828330 seconds
380.175: [GC [PSYoungGen: 7669K->1013K(7680K)] 16647K->17283K(25088K), 0.0032020 secs] [Times: user=0.02 sys=0.00, real=0.00 secs] 
380.178: [Full GC [PSYoungGen: 1013K->0K(7680K)] [ParOldGen: 16270K->6572K(17408K)] 17283K->6572K(25088K) [PSPermGen: 12393K->12389K(21504K)], 0.0187920 secs] [Times: user=0.08 sys=0.00, real=0.02 secs] 
380.197: Total time for which application threads were stopped: 0.0221580 seconds, Stopping threads took: 0.0000140 seconds
380.197: Application time: 0.0001100 seconds
380.197: Total time for which application threads were stopped: 0.0000930 seconds, Stopping threads took: 0.0000550 seconds
380.197: Application time: 0.0000360 seconds
380.197: Total time for which application threads were stopped: 0.0000400 seconds, Stopping threads took: 0.0000240 seconds
380.197: Application time: 0.0000400 seconds
380.198: Total time for which application threads were stopped: 0.0000300 seconds, Stopping threads took: 0.0000080 seconds
380.198: Application time: 0.0000670 seconds
380.198: Total time for which application threads were stopped: 0.0000350 seconds, Stopping threads took: 0.0000140 seconds
380.198: Application time: 0.0000310 seconds
380.198: Total time for which application threads were stopped: 0.0000240 seconds, Stopping threads took: 0.0000090 seconds
380.227: Application time: 0.0296250 seconds
380.227: [GC [PSYoungGen: 6656K->288K(7680K)] 13228K->6860K(25088K), 0.0008400 secs] [Times: user=0.00 sys=0.00, real=0.00 secs] 
380.228: Total time for which application threads were stopped: 0.0009040 seconds, Stopping threads took: 0.0000110 seconds
380.409: Application time: 0.1804740 seconds
380.409: [GC [PSYoungGen: 6944K->864K(7680K)] 13516K->13765K(25088K), 0.0021300 secs] [Times: user=0.02 sys=0.00, real=0.01 secs] 
380.411: [Full GC [PSYoungGen: 864K->0K(7680K)] [ParOldGen: 12901K->6928K(17408K)] 13765K->6928K(25088K) [PSPermGen: 12557K->12557K(21504K)], 0.0144350 secs] [Times: user=0.08 sys=0.00, real=0.01 secs] 
380.425: Total time for which application threads were stopped: 0.0167220 seconds, Stopping threads took: 0.0000160 seconds
380.425: Application time: 0.0000750 seconds
380.426: Total time for which application threads were stopped: 0.0000510 seconds, Stopping threads took: 0.0000230 seconds
380.426: Application time: 0.0000130 seconds
380.426: Total time for which application threads were stopped: 0.0000260 seconds, Stopping threads took: 0.0000130 seconds
380.426: Application time: 0.0000270 seconds
380.426: Total time for which application threads were stopped: 0.0000220 seconds, Stopping threads took: 0.0000120 seconds
380.426: Application time: 0.0000190 seconds
380.426: Total time for which application threads were stopped: 0.0000150 seconds, Stopping threads took: 0.0000060 seconds
380.480: Application time: 0.0546490 seconds
380.480: [GC [PSYoungGen: 6656K->256K(7680K)] 13584K->7184K(25088K), 0.0004890 secs] [Times: user=0.00 sys=0.00, real=0.00 secs] 
380.481: Total time for which application threads were stopped: 0.0005520 seconds, Stopping threads took: 0.0000110 seconds
380.517: Application time: 0.0361250 seconds
380.517: Total time for which application threads were stopped: 0.0000460 seconds, Stopping threads took: 0.0000150 seconds
Heap
 PSYoungGen      total 7680K, used 4393K [0x00000000ff700000, 0x00000000fff80000, 0x0000000100000000)
  eden space 6656K, 62% used [0x00000000ff700000,0x00000000ffb0a638,0x00000000ffd80000)
  from space 1024K, 25% used [0x00000000ffe80000,0x00000000ffec0000,0x00000000fff80000)
  to   space 1024K, 0% used [0x00000000ffd80000,0x00000000ffd80000,0x00000000ffe80000)
 ParOldGen       total 17408K, used 6928K [0x00000000fe600000, 0x00000000ff700000, 0x00000000ff700000)
  object space 17408K, 39% used [0x00000000fe600000,0x00000000fecc43b0,0x00000000ff700000)
 PSPermGen       total 21504K, used 12842K [0x00000000f9400000, 0x00000000fa900000, 0x00000000fe600000)
  object space 21504K, 59% used [0x00000000f9400000,0x00000000fa08a850,0x00000000fa900000)
380.517: Application time: 0.0002020 seconds
