Java HotSpot(TM) 64-Bit Server VM (24.80-b11) for linux-amd64 JRE (1.7.0_80-b15), built on Apr 10 2015 19:53:14 by "java_re" with gcc 4.3.0 20080428 (Red Hat 4.3.0-8)
Memory: 4k page, physical 8000092k(6017864k free), swap 8218620k(8218620k free)
CommandLine flags: -XX:InitialHeapSize=30796800 -XX:MaxHeapSize=30796800 -XX:+PrintGC -XX:+PrintGCApplicationConcurrentTime -XX:+PrintGCApplicationStoppedTime -XX:+PrintGCDetails -XX:+PrintGCTimeStamps -XX:-UseAdaptiveSizePolicy -XX:+UseCompressedOops -XX:+UseParNewGC 
1.007: Application time: 0.9867820 seconds
1.007: Total time for which application threads were stopped: 0.0000430 seconds, Stopping threads took: 0.0000090 seconds
4.025: Application time: 3.0186200 seconds
4.025: Total time for which application threads were stopped: 0.0001070 seconds, Stopping threads took: 0.0000450 seconds
14.676: Application time: 10.6505050 seconds
14.676: Total time for which application threads were stopped: 0.0000220 seconds, Stopping threads took: 0.0000080 seconds
14.676: Application time: 0.0000260 seconds
14.676: Total time for which application threads were stopped: 0.0000080 seconds, Stopping threads took: 0.0000030 seconds
14.677: Application time: 0.0013760 seconds
14.677: Total time for which application threads were stopped: 0.0000130 seconds, Stopping threads took: 0.0000050 seconds
14.688: Application time: 0.0101580 seconds
14.688: [GC14.688: [ParNew: 8064K->960K(9024K), 0.0023810 secs] 8064K->3325K(29120K), 0.0024240 secs] [Times: user=0.02 sys=0.00, real=0.01 secs] 
14.690: Total time for which application threads were stopped: 0.0024920 seconds, Stopping threads took: 0.0000100 seconds
14.690: Application time: 0.0001340 seconds
14.690: Total time for which application threads were stopped: 0.0000480 seconds, Stopping threads took: 0.0000380 seconds
14.690: Application time: 0.0000600 seconds
14.690: Total time for which application threads were stopped: 0.0000560 seconds, Stopping threads took: 0.0000460 seconds
14.691: Application time: 0.0001620 seconds
14.691: Total time for which application threads were stopped: 0.0000140 seconds, Stopping threads took: 0.0000060 seconds
14.691: Application time: 0.0000410 seconds
14.691: Total time for which application threads were stopped: 0.0000180 seconds, Stopping threads took: 0.0000110 seconds
14.691: Application time: 0.0000180 seconds
14.691: Total time for which application threads were stopped: 0.0000160 seconds, Stopping threads took: 0.0000110 seconds
14.691: Application time: 0.0000100 seconds
14.691: Total time for which application threads were stopped: 0.0000090 seconds, Stopping threads took: 0.0000050 seconds
14.691: Application time: 0.0000090 seconds
14.691: Total time for which application threads were stopped: 0.0000130 seconds, Stopping threads took: 0.0000090 seconds
14.691: Application time: 0.0000090 seconds
14.691: Total time for which application threads were stopped: 0.0000070 seconds, Stopping threads took: 0.0000040 seconds
14.691: Application time: 0.0000090 seconds
14.691: Total time for which application threads were stopped: 0.0000070 seconds, Stopping threads took: 0.0000030 seconds
14.691: Application time: 0.0000090 seconds
14.691: Total time for which application threads were stopped: 0.0000060 seconds, Stopping threads took: 0.0000030 seconds
14.691: Application time: 0.0000090 seconds
14.691: Total time for which application threads were stopped: 0.0000070 seconds, Stopping threads took: 0.0000040 seconds
14.691: Application time: 0.0000090 seconds
14.691: Total time for which application threads were stopped: 0.0000080 seconds, Stopping threads took: 0.0000040 seconds
14.691: Application time: 0.0000090 seconds
14.691: Total time for which application threads were stopped: 0.0000080 seconds, Stopping threads took: 0.0000040 seconds
14.691: Application time: 0.0000080 seconds
14.691: Total time for which application threads were stopped: 0.0000070 seconds, Stopping threads took: 0.0000040 seconds
14.691: Application time: 0.0000090 seconds
14.691: Total time for which application threads were stopped: 0.0000070 seconds, Stopping threads took: 0.0000040 seconds
14.691: Application time: 0.0000090 seconds
14.691: Total time for which application threads were stopped: 0.0000070 seconds, Stopping threads took: 0.0000040 seconds
14.691: Application time: 0.0000090 seconds
14.691: Total time for which application threads were stopped: 0.0000130 seconds, Stopping threads took: 0.0000090 seconds
14.691: Application time: 0.0000090 seconds
14.691: Total time for which application threads were stopped: 0.0000120 seconds, Stopping threads took: 0.0000090 seconds
14.691: Application time: 0.0000090 seconds
14.691: Total time for which application threads were stopped: 0.0000060 seconds, Stopping threads took: 0.0000030 seconds
14.691: Application time: 0.0000090 seconds
14.691: Total time for which application threads were stopped: 0.0000250 seconds, Stopping threads took: 0.0000090 seconds
14.691: Application time: 0.0000120 seconds
14.691: Total time for which application threads were stopped: 0.0000140 seconds, Stopping threads took: 0.0000090 seconds
14.698: Application time: 0.0071370 seconds
14.698: Total time for which application threads were stopped: 0.0000330 seconds, Stopping threads took: 0.0000080 seconds
14.710: Application time: 0.0122050 seconds
14.710: [Full GC14.710: [Tenured: 2365K->2618K(20096K), 0.0061870 secs] 4574K->2618K(29120K), [Perm : 5075K->5075K(21248K)], 0.0062430 secs] [Times: user=0.01 sys=0.00, real=0.01 secs] 
14.717: Total time for which application threads were stopped: 0.0062930 seconds, Stopping threads took: 0.0000050 seconds
14.717: Application time: 0.0000500 seconds
14.717: [Full GC14.717: [Tenured: 2618K->2618K(20096K), 0.0053560 secs] 2618K->2618K(29248K), [Perm : 5075K->5075K(21248K)], 0.0053790 secs] [Times: user=0.00 sys=0.00, real=0.00 secs] 
14.722: Total time for which application threads were stopped: 0.0054260 seconds, Stopping threads took: 0.0000070 seconds
14.722: Application time: 0.0000580 seconds
14.722: Total time for which application threads were stopped: 0.0000260 seconds, Stopping threads took: 0.0000170 seconds
14.722: Application time: 0.0000180 seconds
14.722: Total time for which application threads were stopped: 0.0000240 seconds, Stopping threads took: 0.0000180 seconds
14.722: Application time: 0.0000150 seconds
14.722: Total time for which application threads were stopped: 0.0000150 seconds, Stopping threads took: 0.0000100 seconds
14.722: Application time: 0.0000120 seconds
14.722: Total time for which application threads were stopped: 0.0000080 seconds, Stopping threads took: 0.0000040 seconds
14.722: Application time: 0.0000110 seconds
14.722: Total time for which application threads were stopped: 0.0000150 seconds, Stopping threads took: 0.0000110 seconds
14.722: Application time: 0.0000100 seconds
14.722: Total time for which application threads were stopped: 0.0000130 seconds, Stopping threads took: 0.0000090 seconds
14.722: Application time: 0.0000120 seconds
14.722: Total time for which application threads were stopped: 0.0000090 seconds, Stopping threads took: 0.0000050 seconds
14.722: Application time: 0.0000100 seconds
14.722: Total time for which application threads were stopped: 0.0000140 seconds, Stopping threads took: 0.0000100 seconds
14.722: Application time: 0.0000110 seconds
14.722: Total time for which application threads were stopped: 0.0000140 seconds, Stopping threads took: 0.0000100 seconds
14.722: Application time: 0.0000110 seconds
14.722: Total time for which application threads were stopped: 0.0000130 seconds, Stopping threads took: 0.0000090 seconds
14.722: Application time: 0.0000110 seconds
14.722: Total time for which application threads were stopped: 0.0000170 seconds, Stopping threads took: 0.0000130 seconds
14.722: Application time: 0.0000100 seconds
14.722: Total time for which application threads were stopped: 0.0000080 seconds, Stopping threads took: 0.0000040 seconds
14.722: Application time: 0.0000100 seconds
14.723: Total time for which application threads were stopped: 0.0000140 seconds, Stopping threads took: 0.0000100 seconds
14.723: Application time: 0.0000100 seconds
14.723: Total time for which application threads were stopped: 0.0000260 seconds, Stopping threads took: 0.0000220 seconds
14.723: Application time: 0.0000110 seconds
14.723: Total time for which application threads were stopped: 0.0000130 seconds, Stopping threads took: 0.0000100 seconds
14.723: Application time: 0.0000110 seconds
14.723: Total time for which application threads were stopped: 0.0000140 seconds, Stopping threads took: 0.0000100 seconds
14.723: Application time: 0.0000110 seconds
14.723: Total time for which application threads were stopped: 0.0000160 seconds, Stopping threads took: 0.0000120 seconds
14.723: Application time: 0.0000110 seconds
14.723: Total time for which application threads were stopped: 0.0000120 seconds, Stopping threads took: 0.0000080 seconds
14.723: Application time: 0.0000100 seconds
14.723: Total time for which application threads were stopped: 0.0000140 seconds, Stopping threads took: 0.0000100 seconds
14.723: Application time: 0.0000110 seconds
14.723: Total time for which application threads were stopped: 0.0000200 seconds, Stopping threads took: 0.0000090 seconds
14.751: Application time: 0.0283450 seconds
14.751: Total time for which application threads were stopped: 0.0000570 seconds, Stopping threads took: 0.0000130 seconds
14.772: Application time: 0.0206090 seconds
14.772: Total time for which application threads were stopped: 0.0000360 seconds, Stopping threads took: 0.0000110 seconds
14.790: Application time: 0.0182940 seconds
14.790: Total time for which application threads were stopped: 0.0000490 seconds, Stopping threads took: 0.0000360 seconds
14.790: Application time: 0.0001420 seconds
14.790: Total time for which application threads were stopped: 0.0000410 seconds, Stopping threads took: 0.0000280 seconds
14.791: Application time: 0.0004930 seconds
14.791: Total time for which application threads were stopped: 0.0000330 seconds, Stopping threads took: 0.0000240 seconds
14.791: Application time: 0.0000310 seconds
14.791: Total time for which application threads were stopped: 0.0000280 seconds, Stopping threads took: 0.0000180 seconds
14.791: Application time: 0.0000300 seconds
14.791: Total time for which application threads were stopped: 0.0000360 seconds, Stopping threads took: 0.0000270 seconds
14.791: Application time: 0.0000370 seconds
14.791: Total time for which application threads were stopped: 0.0000230 seconds, Stopping threads took: 0.0000150 seconds
14.792: Application time: 0.0005910 seconds
14.792: Total time for which application threads were stopped: 0.0000370 seconds, Stopping threads took: 0.0000290 seconds
14.792: Application time: 0.0000620 seconds
14.792: Total time for which application threads were stopped: 0.0000280 seconds, Stopping threads took: 0.0000180 seconds
14.792: Application time: 0.0000270 seconds
14.792: Total time for which application threads were stopped: 0.0000380 seconds, Stopping threads took: 0.0000310 seconds
14.792: Application time: 0.0000770 seconds
14.792: Total time for which application threads were stopped: 0.0000190 seconds, Stopping threads took: 0.0000120 seconds
14.792: Application time: 0.0000110 seconds
14.792: Total time for which application threads were stopped: 0.0000080 seconds, Stopping threads took: 0.0000040 seconds
14.792: Application time: 0.0000110 seconds
14.792: Total time for which application threads were stopped: 0.0000070 seconds, Stopping threads took: 0.0000030 seconds
14.792: Application time: 0.0000150 seconds
14.792: Total time for which application threads were stopped: 0.0000070 seconds, Stopping threads took: 0.0000030 seconds
14.792: Application time: 0.0001030 seconds
14.792: Total time for which application threads were stopped: 0.0000070 seconds, Stopping threads took: 0.0000030 seconds
14.792: Application time: 0.0002800 seconds
14.792: Total time for which application threads were stopped: 0.0000280 seconds, Stopping threads took: 0.0000160 seconds
14.795: Application time: 0.0025130 seconds
14.795: Total time for which application threads were stopped: 0.0000700 seconds, Stopping threads took: 0.0000340 seconds
14.795: Application time: 0.0002580 seconds
14.795: Total time for which application threads were stopped: 0.0000300 seconds, Stopping threads took: 0.0000230 seconds
14.796: Application time: 0.0003990 seconds
14.796: Total time for which application threads were stopped: 0.0000300 seconds, Stopping threads took: 0.0000230 seconds
14.796: Application time: 0.0000400 seconds
14.796: Total time for which application threads were stopped: 0.0000150 seconds, Stopping threads took: 0.0000070 seconds
14.810: Application time: 0.0140450 seconds
14.810: [GC14.810: [ParNew: 8192K->960K(9152K), 0.0015620 secs] 10810K->5363K(29248K), 0.0015970 secs] [Times: user=0.01 sys=0.00, real=0.00 secs] 
14.811: Total time for which application threads were stopped: 0.0016510 seconds, Stopping threads took: 0.0000080 seconds
14.812: Application time: 0.0001890 seconds
14.812: Total time for which application threads were stopped: 0.0000260 seconds, Stopping threads took: 0.0000140 seconds
14.812: Application time: 0.0004370 seconds
14.812: Total time for which application threads were stopped: 0.0000150 seconds, Stopping threads took: 0.0000070 seconds
14.812: Application time: 0.0000190 seconds
14.812: Total time for which application threads were stopped: 0.0000100 seconds, Stopping threads took: 0.0000060 seconds
14.812: Application time: 0.0000190 seconds
14.812: Total time for which application threads were stopped: 0.0000150 seconds, Stopping threads took: 0.0000100 seconds
14.820: Application time: 0.0079820 seconds
14.820: Total time for which application threads were stopped: 0.0000430 seconds, Stopping threads took: 0.0000310 seconds
14.820: Application time: 0.0000480 seconds
14.820: Total time for which application threads were stopped: 0.0000150 seconds, Stopping threads took: 0.0000040 seconds
14.820: Application time: 0.0001250 seconds
14.820: Total time for which application threads were stopped: 0.0000290 seconds, Stopping threads took: 0.0000190 seconds
14.821: Application time: 0.0000750 seconds
14.821: Total time for which application threads were stopped: 0.0000280 seconds, Stopping threads took: 0.0000170 seconds
14.821: Application time: 0.0000420 seconds
14.821: Total time for which application threads were stopped: 0.0000700 seconds, Stopping threads took: 0.0000170 seconds
14.838: Application time: 0.0175960 seconds
14.838: Total time for which application threads were stopped: 0.0000730 seconds, Stopping threads took: 0.0000300 seconds
14.839: Application time: 0.0006820 seconds
14.839: Total time for which application threads were stopped: 0.0000280 seconds, Stopping threads took: 0.0000170 seconds
14.892: Application time: 0.0526010 seconds
14.892: [GC14.892: [ParNew: 8532K->960K(9152K), 0.0014470 secs] 12935K->7274K(29248K), 0.0014800 secs] [Times: user=0.00 sys=0.00, real=0.00 secs] 
14.893: Total time for which application threads were stopped: 0.0016460 seconds, Stopping threads took: 0.0000910 seconds
14.911: Application time: 0.0179310 seconds
14.912: [GC14.912: [ParNew: 8990K->875K(9152K), 0.0022680 secs] 15305K->14333K(29248K), 0.0023030 secs] [Times: user=0.00 sys=0.01, real=0.00 secs] 
14.914: Total time for which application threads were stopped: 0.0029440 seconds, Stopping threads took: 0.0005770 seconds
14.922: Application time: 0.0077020 seconds
14.922: [GC14.922: [ParNew (promotion failed): 8875K->8753K(9152K), 0.0017440 secs]14.924: [Tenured: 19902K->20143K(20480K), 0.0102090 secs] 22332K->20856K(29632K), [Perm : 6057K->6057K(21248K)], 0.0120400 secs] [Times: user=0.01 sys=0.01, real=0.01 secs] 
14.934: Total time for which application threads were stopped: 0.0121800 seconds, Stopping threads took: 0.0000770 seconds
14.942: Application time: 0.0083060 seconds
14.943: [Full GC14.943: [Tenured: 20143K->19746K(20480K), 0.0108590 secs] 28728K->19746K(29696K), [Perm : 6057K->6040K(21248K)], 0.0109040 secs] [Times: user=0.01 sys=0.00, real=0.01 secs] 
14.953: Total time for which application threads were stopped: 0.0111200 seconds, Stopping threads took: 0.0001470 seconds
14.956: Application time: 0.0024000 seconds
14.956: [GC14.956: [ParNew: 7945K->7945K(9216K), 0.0000090 secs]14.956: [Tenured: 19746K->20459K(20480K), 0.0098040 secs] 27692K->22597K(29696K), [Perm : 6040K->6040K(21248K)], 0.0098660 secs] [Times: user=0.01 sys=0.00, real=0.00 secs] 
14.966: Total time for which application threads were stopped: 0.0101830 seconds, Stopping threads took: 0.0002520 seconds
14.968: Application time: 0.0018440 seconds
14.968: [Full GC14.968: [Tenured: 20459K->20459K(20480K), 0.0092920 secs] 29078K->24022K(29696K), [Perm : 6040K->6040K(21248K)], 0.0093390 secs] [Times: user=0.01 sys=0.00, real=0.01 secs] 
14.978: Total time for which application threads were stopped: 0.0096550 seconds, Stopping threads took: 0.0002470 seconds
14.979: Application time: 0.0016160 seconds
14.979: [Full GC14.979: [Tenured: 20459K->20459K(20480K), 0.0092820 secs] 29049K->24734K(29696K), [Perm : 6040K->6040K(21248K)], 0.0093220 secs] [Times: user=0.01 sys=0.00, real=0.01 secs] 
14.989: Total time for which application threads were stopped: 0.0094550 seconds, Stopping threads took: 0.0000710 seconds
14.990: Application time: 0.0013000 seconds
14.990: [Full GC14.990: [Tenured: 20459K->20459K(20480K), 0.0100180 secs] 29055K->21884K(29696K), [Perm : 6040K->6040K(21248K)], 0.0100560 secs] [Times: user=0.01 sys=0.00, real=0.01 secs] 
15.000: Total time for which application threads were stopped: 0.0102470 seconds, Stopping threads took: 0.0001320 seconds
15.002: Application time: 0.0019180 seconds
15.002: [Full GC15.002: [Tenured: 20459K->20459K(20480K), 0.0097340 secs] 29048K->22597K(29696K), [Perm : 6040K->6040K(21248K)], 0.0097750 secs] [Times: user=0.01 sys=0.00, real=0.01 secs] 
15.012: Total time for which application threads were stopped: 0.0100620 seconds, Stopping threads took: 0.0002240 seconds
15.014: Application time: 0.0019510 seconds
15.014: [Full GC15.014: [Tenured: 20459K->20459K(20480K), 0.0105370 secs] 29032K->24022K(29696K), [Perm : 6040K->6040K(21248K)], 0.0105820 secs] [Times: user=0.01 sys=0.00, real=0.01 secs] 
15.025: Total time for which application threads were stopped: 0.0108500 seconds, Stopping threads took: 0.0001830 seconds
15.027: Application time: 0.0016430 seconds
15.027: [Full GC15.027: [Tenured: 20459K->20459K(20480K), 0.0099080 secs] 29019K->23309K(29696K), [Perm : 6040K->6040K(21248K)], 0.0099500 secs] [Times: user=0.01 sys=0.00, real=0.02 secs] 
15.037: Total time for which application threads were stopped: 0.0101850 seconds, Stopping threads took: 0.0001500 seconds
15.038: Application time: 0.0016250 seconds
15.039: [Full GC15.039: [Tenured: 20459K->20459K(20480K), 0.0098940 secs] 29020K->23309K(29696K), [Perm : 6040K->6040K(21248K)], 0.0099350 secs] [Times: user=0.01 sys=0.00, real=0.01 secs] 
15.049: Total time for which application threads were stopped: 0.0101170 seconds, Stopping threads took: 0.0000990 seconds
15.050: Application time: 0.0019070 seconds
15.051: [Full GC15.051: [Tenured: 20459K->20459K(20480K), 0.0096600 secs] 29023K->22597K(29696K), [Perm : 6040K->6040K(21248K)], 0.0097020 secs] [Times: user=0.01 sys=0.00, real=0.01 secs] 
15.061: Total time for which application threads were stopped: 0.0099950 seconds, Stopping threads took: 0.0002300 seconds
15.062: Application time: 0.0018550 seconds
15.063: [Full GC15.063: [Tenured: 20459K->20459K(20480K), 0.0103660 secs] 29022K->23309K(29696K), [Perm : 6040K->6040K(21248K)], 0.0104080 secs] [Times: user=0.01 sys=0.00, real=0.01 secs] 
15.073: Total time for which application threads were stopped: 0.0106300 seconds, Stopping threads took: 0.0001370 seconds
15.075: Application time: 0.0018530 seconds
15.075: [Full GC15.075: [Tenured: 20459K->20459K(20480K), 0.0099390 secs] 29018K->23309K(29696K), [Perm : 6040K->6040K(21248K)], 0.0099820 secs] [Times: user=0.01 sys=0.00, real=0.01 secs] 
15.085: Total time for which application threads were stopped: 0.0102700 seconds, Stopping threads took: 0.0002030 seconds
15.087: Application time: 0.0018760 seconds
15.087: [Full GC15.087: [Tenured: 20459K->20459K(20480K), 0.0102290 secs] 29021K->21884K(29696K), [Perm : 6040K->6040K(21248K)], 0.0102780 secs] [Times: user=0.01 sys=0.00, real=0.02 secs] 
15.098: Total time for which application threads were stopped: 0.0105380 seconds, Stopping threads took: 0.0001760 seconds
15.099: Application time: 0.0019180 seconds
15.100: [Full GC15.100: [Tenured: 20459K->20459K(20480K), 0.0103770 secs] 29021K->22597K(29696K), [Perm : 6040K->6040K(21248K)], 0.0104250 secs] [Times: user=0.01 sys=0.00, real=0.01 secs] 
15.110: Total time for which application threads were stopped: 0.0106060 seconds, Stopping threads took: 0.0001110 seconds
15.112: Application time: 0.0016440 seconds
15.112: [Full GC15.112: [Tenured: 20459K->20459K(20480K), 0.0106350 secs] 29019K->24734K(29696K), [Perm : 6040K->6040K(21248K)], 0.0106810 secs] [Times: user=0.01 sys=0.00, real=0.01 secs] 
15.123: Total time for which application threads were stopped: 0.0110090 seconds, Stopping threads took: 0.0002390 seconds
15.125: Application time: 0.0018450 seconds
15.125: [Full GC15.125: [Tenured: 20459K->20459K(20480K), 0.0093860 secs] 29021K->21172K(29696K), [Perm : 6040K->6040K(21248K)], 0.0094300 secs] [Times: user=0.01 sys=0.00, real=0.01 secs] 
15.134: Total time for which application threads were stopped: 0.0096630 seconds, Stopping threads took: 0.0001460 seconds
15.136: Application time: 0.0019310 seconds
15.136: [Full GC15.137: [Tenured: 20459K->20459K(20480K), 0.0093990 secs] 29023K->22597K(29696K), [Perm : 6040K->6040K(21248K)], 0.0094440 secs] [Times: user=0.01 sys=0.00, real=0.00 secs] 
15.146: Total time for which application threads were stopped: 0.0097650 seconds, Stopping threads took: 0.0002360 seconds
15.148: Application time: 0.0018170 seconds
15.148: [Full GC15.148: [Tenured: 20459K->20459K(20480K), 0.0097530 secs] 29017K->24734K(29696K), [Perm : 6040K->6040K(21248K)], 0.0097960 secs] [Times: user=0.01 sys=0.00, real=0.01 secs] 
15.158: Total time for which application threads were stopped: 0.0099280 seconds, Stopping threads took: 0.0000670 seconds
15.160: Application time: 0.0019750 seconds
15.160: [Full GC15.160: [Tenured: 20459K->20459K(20480K), 0.0088260 secs] 29019K->23309K(29696K), [Perm : 6040K->6040K(21248K)], 0.0088710 secs] [Times: user=0.01 sys=0.00, real=0.01 secs] 
15.169: Total time for which application threads were stopped: 0.0092560 seconds, Stopping threads took: 0.0003200 seconds
15.170: Application time: 0.0014450 seconds
15.171: [Full GC15.171: [Tenured: 20459K->20459K(20480K), 0.0084730 secs] 29019K->20459K(29696K), [Perm : 6040K->6040K(21248K)], 0.0085170 secs] [Times: user=0.01 sys=0.00, real=0.01 secs] 
15.179: Total time for which application threads were stopped: 0.0090000 seconds, Stopping threads took: 0.0004170 seconds
15.182: Application time: 0.0030090 seconds
15.183: [GC15.183: [ParNew: 7849K->7849K(9216K), 0.0000110 secs]15.183: [Tenured: 20459K->20459K(20480K), 0.0105480 secs] 28309K->24734K(29696K), [Perm : 6040K->6040K(21248K)], 0.0106060 secs] [Times: user=0.01 sys=0.00, real=0.01 secs] 
15.193: Total time for which application threads were stopped: 0.0108070 seconds, Stopping threads took: 0.0001210 seconds
15.194: Application time: 0.0009990 seconds
15.194: [Full GC15.194: [Tenured: 20459K->20459K(20480K), 0.0099810 secs] 29015K->24734K(29696K), [Perm : 6040K->6040K(21248K)], 0.0100190 secs] [Times: user=0.01 sys=0.00, real=0.01 secs] 
15.205: Total time for which application threads were stopped: 0.0102920 seconds, Stopping threads took: 0.0001890 seconds
15.206: Application time: 0.0012230 seconds
15.206: [Full GC15.206: [Tenured: 20459K->19747K(20480K), 0.0090320 secs] 29019K->19747K(29696K), [Perm : 6040K->6040K(21248K)], 0.0090750 secs] [Times: user=0.00 sys=0.00, real=0.01 secs] 
15.215: Total time for which application threads were stopped: 0.0094660 seconds, Stopping threads took: 0.0003050 seconds
15.217: Application time: 0.0019060 seconds
15.218: [GC15.218: [ParNew: 7849K->7849K(9216K), 0.0000090 secs]15.218: [Tenured: 19747K->20459K(20480K), 0.0098530 secs] 27596K->24734K(29696K), [Perm : 6040K->6040K(21248K)], 0.0099110 secs] [Times: user=0.01 sys=0.00, real=0.00 secs] 
15.227: Total time for which application threads were stopped: 0.0103530 seconds, Stopping threads took: 0.0003460 seconds
15.229: Application time: 0.0016760 seconds
15.229: [Full GC15.229: [Tenured: 20459K->20459K(20480K), 0.0090640 secs] 29015K->24022K(29696K), [Perm : 6040K->6040K(21248K)], 0.0091080 secs] [Times: user=0.01 sys=0.00, real=0.01 secs] 
15.238: Total time for which application threads were stopped: 0.0092340 seconds, Stopping threads took: 0.0000620 seconds
15.240: Application time: 0.0011250 seconds
15.240: [Full GC15.240: [Tenured: 20459K->20459K(20480K), 0.0088150 secs] 29019K->21884K(29696K), [Perm : 6040K->6040K(21248K)], 0.0088570 secs] [Times: user=0.01 sys=0.00, real=0.01 secs] 
15.249: Total time for which application threads were stopped: 0.0093500 seconds, Stopping threads took: 0.0004290 seconds
15.251: Application time: 0.0020650 seconds
15.251: [Full GC15.251: [Tenured: 20459K->20459K(20480K), 0.0100570 secs] 29026K->24022K(29696K), [Perm : 6040K->6040K(21248K)], 0.0101000 secs] [Times: user=0.01 sys=0.00, real=0.01 secs] 
15.261: Total time for which application threads were stopped: 0.0103020 seconds, Stopping threads took: 0.0001160 seconds
15.263: Application time: 0.0016070 seconds
15.263: [Full GC15.263: [Tenured: 20459K->20460K(20480K), 0.0097900 secs] 29016K->24735K(29696K), [Perm : 6040K->6040K(21248K)], 0.0098310 secs] [Times: user=0.01 sys=0.00, real=0.01 secs] 
15.273: Total time for which application threads were stopped: 0.0100580 seconds, Stopping threads took: 0.0001440 seconds
15.274: Application time: 0.0011740 seconds
15.274: [Full GC15.274: [Tenured: 20460K->20459K(20480K), 0.0103970 secs] 29018K->22597K(29696K), [Perm : 6040K->6040K(21248K)], 0.0104350 secs] [Times: user=0.01 sys=0.00, real=0.01 secs] 
15.285: Total time for which application threads were stopped: 0.0107210 seconds, Stopping threads took: 0.0002030 seconds
15.286: Application time: 0.0016050 seconds
15.287: [Full GC15.287: [Tenured: 20459K->20459K(20480K), 0.0097490 secs] 29019K->24734K(29696K), [Perm : 6040K->6040K(21248K)], 0.0097880 secs] [Times: user=0.00 sys=0.00, real=0.02 secs] 
15.296: Total time for which application threads were stopped: 0.0099820 seconds, Stopping threads took: 0.0001300 seconds
15.298: Application time: 0.0015180 seconds
15.298: [Full GC15.298: [Tenured: 20459K->20459K(20480K), 0.0093560 secs] 29015K->23309K(29696K), [Perm : 6040K->6040K(21248K)], 0.0094000 secs] [Times: user=0.01 sys=0.00, real=0.00 secs] 
15.307: Total time for which application threads were stopped: 0.0095260 seconds, Stopping threads took: 0.0000530 seconds
15.309: Application time: 0.0018710 seconds
15.310: [Full GC15.310: [Tenured: 20459K->20461K(20480K), 0.0102320 secs] 29028K->22600K(29696K), [Perm : 6040K->6040K(21248K)], 0.0102750 secs] [Times: user=0.01 sys=0.00, real=0.01 secs] 
15.320: Total time for which application threads were stopped: 0.0105330 seconds, Stopping threads took: 0.0001720 seconds
15.322: Application time: 0.0017340 seconds
15.322: [Full GC15.322: [Tenured: 20461K->20459K(20480K), 0.0104630 secs] 29020K->24734K(29696K), [Perm : 6040K->6040K(21248K)], 0.0105080 secs] [Times: user=0.01 sys=0.00, real=0.01 secs] 
15.332: Total time for which application threads were stopped: 0.0107860 seconds, Stopping threads took: 0.0001850 seconds
15.334: Application time: 0.0019150 seconds
15.334: [Full GC15.334: [Tenured: 20459K->20460K(20480K), 0.0096310 secs] 29026K->22598K(29696K), [Perm : 6040K->6040K(21248K)], 0.0096730 secs] [Times: user=0.01 sys=0.00, real=0.01 secs] 
15.344: Total time for which application threads were stopped: 0.0098410 seconds, Stopping threads took: 0.0001000 seconds
15.346: Application time: 0.0015800 seconds
15.346: [Full GC15.346: [Tenured: 20460K->20461K(20480K), 0.0099230 secs] 29031K->22600K(29696K), [Perm : 6040K->6040K(21248K)], 0.0099650 secs] [Times: user=0.01 sys=0.00, real=0.02 secs] 
15.356: Total time for which application threads were stopped: 0.0102040 seconds, Stopping threads took: 0.0001550 seconds
15.358: Application time: 0.0025610 seconds
15.359: [Full GC15.359: [Tenured: 20461K->20462K(20480K), 0.0085060 secs] 29031K->24025K(29696K), [Perm : 6040K->6040K(21248K)], 0.0085680 secs] [Times: user=0.01 sys=0.00, real=0.01 secs] 
15.368: Total time for which application threads were stopped: 0.0094320 seconds, Stopping threads took: 0.0007950 seconds
15.369: Application time: 0.0011310 seconds
15.369: [Full GC15.369: [Tenured: 20462K->20458K(20480K), 0.0118760 secs] 29023K->26159K(29696K), [Perm : 6040K->6040K(21248K)], 0.0119190 secs] [Times: user=0.01 sys=0.00, real=0.01 secs] 
15.381: Total time for which application threads were stopped: 0.0123130 seconds, Stopping threads took: 0.0003250 seconds
15.382: Application time: 0.0003090 seconds
15.382: [Full GC15.382: [Tenured: 20458K->20459K(20480K), 0.0089530 secs] 29015K->27584K(29696K), [Perm : 6040K->6040K(21248K)], 0.0089900 secs] [Times: user=0.01 sys=0.00, real=0.01 secs] 
15.391: Total time for which application threads were stopped: 0.0093340 seconds, Stopping threads took: 0.0002620 seconds
15.391: Application time: 0.0001110 seconds
15.391: [Full GC15.391: [Tenured: 20459K->20459K(20480K), 0.0093390 secs] 29011K->28297K(29696K), [Perm : 6040K->6040K(21248K)], 0.0093800 secs] [Times: user=0.01 sys=0.00, real=0.01 secs] 
15.401: Total time for which application threads were stopped: 0.0096680 seconds, Stopping threads took: 0.0002040 seconds
15.401: Application time: 0.0001100 seconds
15.401: [Full GC15.401: [Tenured: 20459K->20459K(20480K), 0.0091910 secs] 29009K->27584K(29696K), [Perm : 6040K->6040K(21248K)], 0.0092260 secs] [Times: user=0.01 sys=0.00, real=0.01 secs] 
15.410: Total time for which application threads were stopped: 0.0095150 seconds, Stopping threads took: 0.0002080 seconds
15.411: Application time: 0.0001500 seconds
15.411: [Full GC15.411: [Tenured: 20459K->20459K(20480K), 0.0093980 secs] 29011K->27584K(29696K), [Perm : 6040K->6040K(21248K)], 0.0094370 secs] [Times: user=0.01 sys=0.00, real=0.01 secs] 
15.420: Total time for which application threads were stopped: 0.0096870 seconds, Stopping threads took: 0.0001660 seconds
15.421: Application time: 0.0003400 seconds
15.421: [Full GC15.421: [Tenured: 20459K->20459K(20480K), 0.0068860 secs] 29009K->29009K(29696K), [Perm : 6040K->6040K(21248K)], 0.0069140 secs] [Times: user=0.00 sys=0.01, real=0.00 secs] 
15.428: [Full GC15.428: [Tenured: 20459K->20051K(20480K), 0.0100270 secs] 29009K->27889K(29696K), [Perm : 6040K->6025K(21248K)], 0.0100600 secs] [Times: user=0.01 sys=0.00, real=0.02 secs] 
15.438: Total time for which application threads were stopped: 0.0171670 seconds, Stopping threads took: 0.0001050 seconds
15.438: Application time: 0.0000970 seconds
15.438: [Full GC15.438: [Tenured: 20051K->20051K(20480K), 0.0055340 secs] 28601K->28601K(29696K), [Perm : 6025K->6025K(21248K)], 0.0055640 secs] [Times: user=0.01 sys=0.00, real=0.00 secs] 
15.444: [Full GC15.444: [Tenured: 20051K->20051K(20480K), 0.0044900 secs] 28601K->28601K(29696K), [Perm : 6025K->6025K(21248K)], 0.0045140 secs] [Times: user=0.01 sys=0.00, real=0.01 secs] 
15.448: Total time for which application threads were stopped: 0.0102050 seconds, Stopping threads took: 0.0000440 seconds
15.448: Application time: 0.0003720 seconds
15.449: [Full GC15.449: [Tenured: 20051K->20050K(20480K), 0.0077520 secs] 28676K->25793K(29696K), [Perm : 6025K->6025K(21248K)], 0.0077890 secs] [Times: user=0.01 sys=0.00, real=0.01 secs] 
15.457: Total time for which application threads were stopped: 0.0080280 seconds, Stopping threads took: 0.0001830 seconds
15.458: Application time: 0.0010800 seconds
15.458: Total time for which application threads were stopped: 0.0002120 seconds, Stopping threads took: 0.0001770 seconds
15.458: Application time: 0.0000190 seconds
15.458: [Full GC15.458: [Tenured: 20050K->20050K(20480K), 0.0086480 secs] 28732K->23707K(29696K), [Perm : 6025K->6025K(21248K)], 0.0086840 secs] [Times: user=0.01 sys=0.00, real=0.00 secs] 
15.467: Total time for which application threads were stopped: 0.0087460 seconds, Stopping threads took: 0.0000080 seconds
15.468: Application time: 0.0016810 seconds
15.468: [Full GC15.468: [Tenured: 20050K->20123K(20480K), 0.0089220 secs] 28719K->21551K(29696K), [Perm : 6025K->6025K(21248K)], 0.0089720 secs] [Times: user=0.01 sys=0.00, real=0.01 secs] 
15.477: Total time for which application threads were stopped: 0.0090820 seconds, Stopping threads took: 0.0000420 seconds
15.479: Application time: 0.0017140 seconds
15.479: [Full GC15.479: [Tenured: 20123K->20119K(20480K), 0.0107850 secs] 28689K->25107K(29696K), [Perm : 6029K->6029K(21248K)], 0.0108300 secs] [Times: user=0.01 sys=0.00, real=0.01 secs] 
15.490: Total time for which application threads were stopped: 0.0111130 seconds, Stopping threads took: 0.0002180 seconds
15.491: Application time: 0.0011620 seconds
15.492: [Full GC15.492: [Tenured: 20119K->20120K(20480K), 0.0088080 secs] 28682K->26534K(29696K), [Perm : 6037K->6037K(21248K)], 0.0088500 secs] [Times: user=0.01 sys=0.00, real=0.01 secs] 
15.500: Total time for which application threads were stopped: 0.0091170 seconds, Stopping threads took: 0.0001830 seconds
15.501: Application time: 0.0009170 seconds
15.502: [Full GC15.502: [Tenured: 20120K->20120K(20480K), 0.0095120 secs] 28725K->25852K(29696K), [Perm : 6038K->6038K(21248K)], 0.0095550 secs] [Times: user=0.00 sys=0.00, real=0.01 secs] 
15.511: Total time for which application threads were stopped: 0.0098790 seconds, Stopping threads took: 0.0002430 seconds
15.512: Application time: 0.0007430 seconds
15.512: [Full GC15.512: [Tenured: 20120K->20152K(20480K), 0.0092340 secs] 28792K->23715K(29696K), [Perm : 6038K->6038K(21248K)], 0.0092740 secs] [Times: user=0.01 sys=0.00, real=0.01 secs] 
15.522: Total time for which application threads were stopped: 0.0095530 seconds, Stopping threads took: 0.0001950 seconds
15.523: Application time: 0.0009880 seconds
15.523: [Full GC15.523: [Tenured: 20152K->20150K(20480K), 0.0122190 secs] 28763K->25139K(29696K), [Perm : 6038K->6038K(21248K)], 0.0122650 secs] [Times: user=0.01 sys=0.00, real=0.01 secs] 
15.535: Total time for which application threads were stopped: 0.0126370 seconds, Stopping threads took: 0.0002810 seconds
15.536: Application time: 0.0011490 seconds
15.537: [Full GC15.537: [Tenured: 20150K->20151K(20480K), 0.0093460 secs] 28707K->25851K(29696K), [Perm : 6038K->6038K(21248K)], 0.0093880 secs] [Times: user=0.01 sys=0.00, real=0.00 secs] 
15.546: Total time for which application threads were stopped: 0.0096460 seconds, Stopping threads took: 0.0001730 seconds
15.547: Application time: 0.0008030 seconds
15.547: [Full GC15.547: [Tenured: 20151K->20150K(20480K), 0.0087960 secs] 28776K->25854K(29696K), [Perm : 6038K->6038K(21248K)], 0.0088360 secs] [Times: user=0.01 sys=0.00, real=0.02 secs] 
15.556: Total time for which application threads were stopped: 0.0090890 seconds, Stopping threads took: 0.0001680 seconds
15.556: Application time: 0.0006040 seconds
15.557: [Full GC15.557: [Tenured: 20150K->20150K(20480K), 0.0118560 secs] 28776K->25853K(29696K), [Perm : 6038K->6038K(21248K)], 0.0119010 secs] [Times: user=0.01 sys=0.00, real=0.01 secs] 
15.569: Total time for which application threads were stopped: 0.0121380 seconds, Stopping threads took: 0.0001490 seconds
15.569: Application time: 0.0003590 seconds
15.569: [Full GC15.569: [Tenured: 20150K->20149K(20480K), 0.0119550 secs] 28711K->25852K(29696K), [Perm : 6038K->6038K(21248K)], 0.0119960 secs] [Times: user=0.01 sys=0.00, real=0.01 secs] 
15.581: Total time for which application threads were stopped: 0.0122730 seconds, Stopping threads took: 0.0001880 seconds
15.582: Application time: 0.0010690 seconds
15.582: [Full GC15.582: [Tenured: 20149K->20151K(20480K), 0.0088240 secs] 28706K->26564K(29696K), [Perm : 6038K->6038K(21248K)], 0.0088720 secs] [Times: user=0.01 sys=0.00, real=0.01 secs] 
15.591: Total time for which application threads were stopped: 0.0090320 seconds, Stopping threads took: 0.0000940 seconds
15.592: Application time: 0.0007610 seconds
15.592: [Full GC15.592: [Tenured: 20151K->20150K(20480K), 0.0103340 secs] 28851K->26571K(29696K), [Perm : 6038K->6038K(21248K)], 0.0103900 secs] [Times: user=0.01 sys=0.00, real=0.01 secs] 
15.603: Total time for which application threads were stopped: 0.0106600 seconds, Stopping threads took: 0.0001930 seconds
15.603: Application time: 0.0004890 seconds
15.603: [Full GC15.603: [Tenured: 20150K->20149K(20480K), 0.0101270 secs] 28761K->26564K(29696K), [Perm : 6038K->6038K(21248K)], 0.0101730 secs] [Times: user=0.01 sys=0.00, real=0.01 secs] 
15.614: Total time for which application threads were stopped: 0.0104140 seconds, Stopping threads took: 0.0001420 seconds
15.614: Application time: 0.0006580 seconds
15.615: [Full GC15.615: [Tenured: 20149K->20149K(20480K), 0.0098840 secs] 28715K->25855K(29696K), [Perm : 6038K->6038K(21248K)], 0.0099230 secs] [Times: user=0.01 sys=0.00, real=0.01 secs] 
15.625: Total time for which application threads were stopped: 0.0102130 seconds, Stopping threads took: 0.0002070 seconds
15.625: Application time: 0.0004640 seconds
15.625: [Full GC15.625: [Tenured: 20149K->20149K(20480K), 0.0088770 secs] 28724K->26570K(29696K), [Perm : 6038K->6038K(21248K)], 0.0089140 secs] [Times: user=0.01 sys=0.00, real=0.01 secs] 
15.634: Total time for which application threads were stopped: 0.0091610 seconds, Stopping threads took: 0.0001670 seconds
15.635: Application time: 0.0005320 seconds
15.635: [Full GC15.635: [Tenured: 20149K->20152K(20480K), 0.0080920 secs] 28727K->25145K(29696K), [Perm : 6038K->6038K(21248K)], 0.0081320 secs] [Times: user=0.01 sys=0.00, real=0.01 secs] 
15.643: Total time for which application threads were stopped: 0.0083510 seconds, Stopping threads took: 0.0001540 seconds
15.644: Application time: 0.0007080 seconds
15.644: [Full GC15.644: [Tenured: 20152K->20152K(20480K), 0.0103810 secs] 28732K->25857K(29696K), [Perm : 6038K->6038K(21248K)], 0.0104210 secs] [Times: user=0.01 sys=0.00, real=0.01 secs] 
15.654: Total time for which application threads were stopped: 0.0106800 seconds, Stopping threads took: 0.0001740 seconds
15.655: Application time: 0.0008600 seconds
15.655: [Full GC15.656: [Tenured: 20152K->20151K(20480K), 0.0089620 secs] 28731K->24429K(29696K), [Perm : 6038K->6038K(21248K)], 0.0090020 secs] [Times: user=0.01 sys=0.00, real=0.01 secs] 
15.665: Total time for which application threads were stopped: 0.0091940 seconds, Stopping threads took: 0.0001280 seconds
15.665: Application time: 0.0008500 seconds
15.666: [Full GC15.666: [Tenured: 20151K->20151K(20480K), 0.0089130 secs] 28714K->26567K(29696K), [Perm : 6038K->6038K(21248K)], 0.0089530 secs] [Times: user=0.01 sys=0.00, real=0.01 secs] 
15.675: Total time for which application threads were stopped: 0.0091620 seconds, Stopping threads took: 0.0001440 seconds
15.675: Application time: 0.0006060 seconds
15.675: [Full GC15.675: [Tenured: 20151K->20153K(20480K), 0.0108120 secs] 28719K->26571K(29696K), [Perm : 6038K->6038K(21248K)], 0.0108590 secs] [Times: user=0.01 sys=0.00, real=0.01 secs] 
15.686: Total time for which application threads were stopped: 0.0112300 seconds, Stopping threads took: 0.0002830 seconds
15.687: Application time: 0.0004640 seconds
15.687: [Full GC15.687: [Tenured: 20153K->20153K(20480K), 0.0101850 secs] 28718K->25857K(29696K), [Perm : 6038K->6038K(21248K)], 0.0102280 secs] [Times: user=0.01 sys=0.00, real=0.02 secs] 
15.697: Total time for which application threads were stopped: 0.0104760 seconds, Stopping threads took: 0.0001460 seconds
15.698: Application time: 0.0005800 seconds
15.698: [Full GC15.698: [Tenured: 20153K->20154K(20480K), 0.0096290 secs] 28729K->26571K(29696K), [Perm : 6038K->6038K(21248K)], 0.0096650 secs] [Times: user=0.01 sys=0.00, real=0.01 secs] 
15.708: Total time for which application threads were stopped: 0.0099880 seconds, Stopping threads took: 0.0002440 seconds
15.708: Application time: 0.0005840 seconds
15.709: [Full GC15.709: [Tenured: 20154K->20154K(20480K), 0.0084220 secs] 28723K->26570K(29696K), [Perm : 6038K->6038K(21248K)], 0.0084620 secs] [Times: user=0.01 sys=0.00, real=0.01 secs] 
15.717: Total time for which application threads were stopped: 0.0086520 seconds, Stopping threads took: 0.0001090 seconds
15.718: Application time: 0.0004220 seconds
15.718: [Full GC15.718: [Tenured: 20154K->20154K(20480K), 0.0083750 secs] 28727K->27284K(29696K), [Perm : 6038K->6038K(21248K)], 0.0084240 secs] [Times: user=0.01 sys=0.00, real=0.00 secs] 
15.726: Total time for which application threads were stopped: 0.0087160 seconds, Stopping threads took: 0.0002090 seconds
15.727: Application time: 0.0003930 seconds
15.727: [Full GC15.727: [Tenured: 20154K->20154K(20480K), 0.0078540 secs] 28714K->27284K(29696K), [Perm : 6038K->6038K(21248K)], 0.0078920 secs] [Times: user=0.01 sys=0.00, real=0.01 secs] 
15.735: Total time for which application threads were stopped: 0.0081130 seconds, Stopping threads took: 0.0001570 seconds
15.735: Application time: 0.0002090 seconds
15.735: [Full GC15.735: [Tenured: 20154K->20153K(20480K), 0.0080100 secs] 28717K->25855K(29696K), [Perm : 6038K->6038K(21248K)], 0.0080480 secs] [Times: user=0.01 sys=0.00, real=0.01 secs] 
15.743: Total time for which application threads were stopped: 0.0082610 seconds, Stopping threads took: 0.0001540 seconds
15.744: Application time: 0.0005390 seconds
15.744: [Full GC15.744: [Tenured: 20153K->20151K(20480K), 0.0098030 secs] 28719K->24429K(29696K), [Perm : 6038K->6038K(21248K)], 0.0098460 secs] [Times: user=0.01 sys=0.00, real=0.01 secs] 
15.754: Total time for which application threads were stopped: 0.0102320 seconds, Stopping threads took: 0.0003140 seconds
15.755: Application time: 0.0009950 seconds
15.755: [Full GC15.755: [Tenured: 20151K->20151K(20480K), 0.0095470 secs] 28716K->25854K(29696K), [Perm : 6038K->6038K(21248K)], 0.0095870 secs] [Times: user=0.01 sys=0.00, real=0.01 secs] 
15.765: Total time for which application threads were stopped: 0.0098170 seconds, Stopping threads took: 0.0001640 seconds
15.766: Application time: 0.0008030 seconds
15.766: [Full GC15.766: [Tenured: 20151K->20153K(20480K), 0.0101980 secs] 28717K->25143K(29696K), [Perm : 6038K->6038K(21248K)], 0.0102450 secs] [Times: user=0.01 sys=0.00, real=0.02 secs] 
15.776: Total time for which application threads were stopped: 0.0104760 seconds, Stopping threads took: 0.0001450 seconds
15.777: Application time: 0.0006510 seconds
15.777: [Full GC15.777: [Tenured: 20153K->20152K(20480K), 0.0094270 secs] 28724K->25857K(29696K), [Perm : 6038K->6038K(21248K)], 0.0094690 secs] [Times: user=0.01 sys=0.00, real=0.00 secs] 
15.786: Total time for which application threads were stopped: 0.0097080 seconds, Stopping threads took: 0.0001600 seconds
15.788: Application time: 0.0010240 seconds
15.788: [Full GC15.788: [Tenured: 20152K->20152K(20480K), 0.0085910 secs] 28748K->27282K(29696K), [Perm : 6038K->6038K(21248K)], 0.0086290 secs] [Times: user=0.01 sys=0.00, real=0.02 secs] 
15.796: Total time for which application threads were stopped: 0.0088410 seconds, Stopping threads took: 0.0001500 seconds
15.797: Application time: 0.0003620 seconds
15.797: [Full GC15.797: [Tenured: 20152K->20152K(20480K), 0.0079890 secs] 28717K->25145K(29696K), [Perm : 6038K->6038K(21248K)], 0.0080260 secs] [Times: user=0.01 sys=0.00, real=0.00 secs] 
15.805: Total time for which application threads were stopped: 0.0082380 seconds, Stopping threads took: 0.0001500 seconds
15.806: Application time: 0.0008040 seconds
15.806: [Full GC15.806: [Tenured: 20152K->20152K(20480K), 0.0097070 secs] 28747K->26567K(29696K), [Perm : 6038K->6038K(21248K)], 0.0097470 secs] [Times: user=0.01 sys=0.00, real=0.01 secs] 
15.816: Total time for which application threads were stopped: 0.0100260 seconds, Stopping threads took: 0.0001770 seconds
15.817: Application time: 0.0007350 seconds
15.817: [Full GC15.817: [Tenured: 20152K->20151K(20480K), 0.0101420 secs] 28715K->23720K(29696K), [Perm : 6038K->6038K(21248K)], 0.0101860 secs] [Times: user=0.01 sys=0.00, real=0.00 secs] 
15.827: Total time for which application threads were stopped: 0.0105370 seconds, Stopping threads took: 0.0002590 seconds
15.828: Application time: 0.0013050 seconds
15.829: [Full GC15.829: [Tenured: 20151K->20154K(20480K), 0.0085080 secs] 28753K->24434K(29696K), [Perm : 6038K->6038K(21248K)], 0.0085520 secs] [Times: user=0.01 sys=0.00, real=0.01 secs] 
15.837: Total time for which application threads were stopped: 0.0087440 seconds, Stopping threads took: 0.0001270 seconds
15.838: Application time: 0.0010290 seconds
15.838: [Full GC15.838: [Tenured: 20154K->20154K(20480K), 0.0091080 secs] 28748K->24434K(29696K), [Perm : 6038K->6038K(21248K)], 0.0091510 secs] [Times: user=0.01 sys=0.00, real=0.00 secs] 
15.848: Total time for which application threads were stopped: 0.0094430 seconds, Stopping threads took: 0.0002040 seconds
15.849: Application time: 0.0014560 seconds
15.849: [Full GC15.849: [Tenured: 20154K->20153K(20480K), 0.0098850 secs] 28730K->26566K(29696K), [Perm : 6039K->6039K(21248K)], 0.0099350 secs] [Times: user=0.01 sys=0.00, real=0.01 secs] 
15.859: Total time for which application threads were stopped: 0.0101670 seconds, Stopping threads took: 0.0001440 seconds
15.859: Application time: 0.0002270 seconds
15.860: [Full GC15.860: [Tenured: 20153K->20149K(20480K), 0.0109090 secs] 28705K->26562K(29696K), [Perm : 6039K->6039K(21248K)], 0.0109500 secs] [Times: user=0.01 sys=0.00, real=0.01 secs] 
15.871: Total time for which application threads were stopped: 0.0111830 seconds, Stopping threads took: 0.0001430 seconds
15.872: Application time: 0.0012160 seconds
15.873: [Full GC15.873: [Tenured: 20149K->20149K(20480K), 0.0118550 secs] 28706K->26562K(29696K), [Perm : 6039K->6039K(21248K)], 0.0119030 secs] [Times: user=0.02 sys=0.00, real=0.01 secs] 
15.885: Total time for which application threads were stopped: 0.0129620 seconds, Stopping threads took: 0.0009720 seconds
15.885: Application time: 0.0003960 seconds
15.885: [Full GC15.885: [Tenured: 20149K->20149K(20480K), 0.0096530 secs] 28704K->24424K(29696K), [Perm : 6039K->6039K(21248K)], 0.0096930 secs] [Times: user=0.01 sys=0.00, real=0.01 secs] 
15.895: Total time for which application threads were stopped: 0.0099610 seconds, Stopping threads took: 0.0001870 seconds
15.896: Application time: 0.0011080 seconds
15.896: [Full GC15.896: [Tenured: 20149K->20149K(20480K), 0.0100010 secs] 28707K->22999K(29696K), [Perm : 6039K->6039K(21248K)], 0.0100450 secs] [Times: user=0.01 sys=0.00, real=0.00 secs] 
15.907: Total time for which application threads were stopped: 0.0102550 seconds, Stopping threads took: 0.0001280 seconds
15.909: Application time: 0.0021670 seconds
15.909: [Full GC15.909: [Tenured: 20149K->20148K(20480K), 0.0100940 secs] 28709K->22998K(29696K), [Perm : 6039K->6039K(21248K)], 0.0101420 secs] [Times: user=0.01 sys=0.00, real=0.01 secs] 
15.919: Total time for which application threads were stopped: 0.0103190 seconds, Stopping threads took: 0.0001080 seconds
15.921: Application time: 0.0023190 seconds
15.922: [Full GC15.922: [Tenured: 20148K->19437K(20480K), 0.0086150 secs] 28721K->19437K(29696K), [Perm : 6039K->6039K(21248K)], 0.0086630 secs] [Times: user=0.00 sys=0.00, real=0.01 secs] 
15.930: Total time for which application threads were stopped: 0.0089670 seconds, Stopping threads took: 0.0002150 seconds
15.932: Application time: 0.0021080 seconds
15.933: [GC15.933: [ParNew: 7864K->7864K(9216K), 0.0000100 secs]15.933: [Tenured: 19437K->20149K(20480K), 0.0097810 secs] 27302K->23000K(29696K), [Perm : 6039K->6039K(21248K)], 0.0098370 secs] [Times: user=0.01 sys=0.00, real=0.01 secs] 
15.943: Total time for which application threads were stopped: 0.0102190 seconds, Stopping threads took: 0.0003150 seconds
15.944: Application time: 0.0018070 seconds
15.945: [Full GC15.945: [Tenured: 20149K->20149K(20480K), 0.0097960 secs] 28718K->24425K(29696K), [Perm : 6039K->6039K(21248K)], 0.0098400 secs] [Times: user=0.01 sys=0.00, real=0.01 secs] 
15.955: Total time for which application threads were stopped: 0.0101940 seconds, Stopping threads took: 0.0002660 seconds
15.956: Application time: 0.0013940 seconds
15.956: [Full GC15.956: [Tenured: 20149K->20149K(20480K), 0.0104230 secs] 28711K->22287K(29696K), [Perm : 6039K->6039K(21248K)], 0.0104700 secs] [Times: user=0.01 sys=0.00, real=0.00 secs] 
15.967: Total time for which application threads were stopped: 0.0108550 seconds, Stopping threads took: 0.0002860 seconds
15.969: Application time: 0.0018800 seconds
15.970: [Full GC15.970: [Tenured: 20149K->20149K(20480K), 0.0098200 secs] 28708K->22999K(29696K), [Perm : 6039K->6039K(21248K)], 0.0098660 secs] [Times: user=0.01 sys=0.00, real=0.01 secs] 
15.979: Total time for which application threads were stopped: 0.0105960 seconds, Stopping threads took: 0.0006430 seconds
15.982: Application time: 0.0022400 seconds
15.982: [Full GC15.982: [Tenured: 20149K->20150K(20480K), 0.0104830 secs] 28716K->20150K(29696K), [Perm : 6039K->6039K(21248K)], 0.0105250 secs] [Times: user=0.02 sys=0.00, real=0.01 secs] 
15.993: Total time for which application threads were stopped: 0.0108490 seconds, Stopping threads took: 0.0002390 seconds
15.995: Application time: 0.0023010 seconds
15.995: [GC15.995: [ParNew: 7860K->7860K(9216K), 0.0000090 secs]15.995: [Tenured: 20150K->20151K(20480K), 0.0084470 secs] 28011K->20151K(29696K), [Perm : 6039K->6039K(21248K)], 0.0085020 secs] [Times: user=0.01 sys=0.00, real=0.01 secs] 
16.004: Total time for which application threads were stopped: 0.0090380 seconds, Stopping threads took: 0.0004580 seconds
16.007: Application time: 0.0026860 seconds
16.007: [GC16.007: [ParNew: 7852K->7852K(9216K), 0.0000090 secs]16.007: [Tenured: 20151K->18725K(20480K), 0.0103230 secs] 28003K->18725K(29696K), [Perm : 6039K->6039K(21248K)], 0.0103800 secs] [Times: user=0.01 sys=0.00, real=0.02 secs] 
16.017: Total time for which application threads were stopped: 0.0106550 seconds, Stopping threads took: 0.0001840 seconds
16.019: Application time: 0.0019990 seconds
16.019: [GC16.020: [ParNew: 7860K->7860K(9216K), 0.0000100 secs]16.020: [Tenured: 18725K->20150K(20480K), 0.0091870 secs] 26585K->22288K(29696K), [Perm : 6039K->6039K(21248K)], 0.0092460 secs] [Times: user=0.01 sys=0.00, real=0.01 secs] 
16.029: Total time for which application threads were stopped: 0.0095610 seconds, Stopping threads took: 0.0002390 seconds
16.030: Application time: 0.0014100 seconds
16.031: [Full GC16.031: [Tenured: 20150K->20151K(20480K), 0.0089870 secs] 28709K->23001K(29696K), [Perm : 6039K->6039K(21248K)], 0.0090270 secs] [Times: user=0.01 sys=0.00, real=0.01 secs] 
16.040: Total time for which application threads were stopped: 0.0093820 seconds, Stopping threads took: 0.0002880 seconds
16.042: Application time: 0.0020930 seconds
16.042: [Full GC16.042: [Tenured: 20151K->20151K(20480K), 0.0091490 secs] 28713K->23713K(29696K), [Perm : 6039K->6039K(21248K)], 0.0091950 secs] [Times: user=0.01 sys=0.00, real=0.01 secs] 
16.051: Total time for which application threads were stopped: 0.0094460 seconds, Stopping threads took: 0.0001640 seconds
16.053: Application time: 0.0015280 seconds
16.053: [Full GC16.053: [Tenured: 20151K->20150K(20480K), 0.0107330 secs] 28707K->22288K(29696K), [Perm : 6039K->6039K(21248K)], 0.0107900 secs] [Times: user=0.01 sys=0.00, real=0.01 secs] 
16.064: Total time for which application threads were stopped: 0.0111650 seconds, Stopping threads took: 0.0002890 seconds
16.066: Application time: 0.0018770 seconds
16.066: [Full GC16.066: [Tenured: 20150K->20150K(20480K), 0.0105740 secs] 28713K->20150K(29696K), [Perm : 6039K->6039K(21248K)], 0.0106160 secs] [Times: user=0.01 sys=0.00, real=0.02 secs] 
16.077: Total time for which application threads were stopped: 0.0108600 seconds, Stopping threads took: 0.0001770 seconds
16.079: Application time: 0.0024530 seconds
16.079: [GC16.079: [ParNew: 7850K->7850K(9216K), 0.0000090 secs]16.079: [Tenured: 20150K->20150K(20480K), 0.0089870 secs] 28000K->22288K(29696K), [Perm : 6039K->6039K(21248K)], 0.0090400 secs] [Times: user=0.01 sys=0.00, real=0.01 secs] 
16.088: Total time for which application threads were stopped: 0.0093600 seconds, Stopping threads took: 0.0002310 seconds
16.090: Application time: 0.0017920 seconds
16.090: [Full GC16.090: [Tenured: 20150K->20151K(20480K), 0.0090760 secs] 28717K->22289K(29696K), [Perm : 6039K->6039K(21248K)], 0.0091190 secs] [Times: user=0.01 sys=0.00, real=0.01 secs] 
16.100: Total time for which application threads were stopped: 0.0093860 seconds, Stopping threads took: 0.0001870 seconds
16.102: Application time: 0.0020700 seconds
16.102: [Full GC16.102: [Tenured: 20151K->20151K(20480K), 0.0106120 secs] 28712K->21576K(29696K), [Perm : 6039K->6039K(21248K)], 0.0106560 secs] [Times: user=0.01 sys=0.00, real=0.01 secs] 
16.113: Total time for which application threads were stopped: 0.0109060 seconds, Stopping threads took: 0.0001640 seconds
16.114: Application time: 0.0016260 seconds
16.115: [Full GC16.115: [Tenured: 20151K->20151K(20480K), 0.0098010 secs] 28714K->23001K(29696K), [Perm : 6039K->6039K(21248K)], 0.0098420 secs] [Times: user=0.01 sys=0.00, real=0.01 secs] 
16.125: Total time for which application threads were stopped: 0.0103500 seconds, Stopping threads took: 0.0004060 seconds
16.126: Application time: 0.0012590 seconds
16.126: [Full GC16.126: [Tenured: 20151K->20151K(20480K), 0.0099450 secs] 28708K->23714K(29696K), [Perm : 6039K->6039K(21248K)], 0.0099880 secs] [Times: user=0.01 sys=0.00, real=0.02 secs] 
16.136: Total time for which application threads were stopped: 0.0103610 seconds, Stopping threads took: 0.0002850 seconds
16.138: Application time: 0.0016740 seconds
16.138: [Full GC16.138: [Tenured: 20151K->20151K(20480K), 0.0095530 secs] 28712K->24427K(29696K), [Perm : 6039K->6039K(21248K)], 0.0095950 secs] [Times: user=0.01 sys=0.00, real=0.01 secs] 
16.148: Total time for which application threads were stopped: 0.0099640 seconds, Stopping threads took: 0.0002820 seconds
16.149: Application time: 0.0011000 seconds
16.149: [Full GC16.149: [Tenured: 20151K->20151K(20480K), 0.0089140 secs] 28712K->20151K(29696K), [Perm : 6039K->6039K(21248K)], 0.0089520 secs] [Times: user=0.01 sys=0.00, real=0.01 secs] 
16.158: Total time for which application threads were stopped: 0.0091250 seconds, Stopping threads took: 0.0001080 seconds
16.160: Application time: 0.0020500 seconds
16.161: [GC16.161: [ParNew: 7850K->7850K(9216K), 0.0000090 secs]16.161: [Tenured: 20151K->20151K(20480K), 0.0089310 secs] 28002K->25139K(29696K), [Perm : 6039K->6039K(21248K)], 0.0089890 secs] [Times: user=0.01 sys=0.00, real=0.01 secs] 
16.170: Total time for which application threads were stopped: 0.0094320 seconds, Stopping threads took: 0.0003550 seconds
16.170: Application time: 0.0008300 seconds
16.171: [Full GC16.171: [Tenured: 20151K->20151K(20480K), 0.0119060 secs] 28708K->23002K(29696K), [Perm : 6039K->6039K(21248K)], 0.0119550 secs] [Times: user=0.01 sys=0.00, real=0.01 secs] 
16.183: Total time for which application threads were stopped: 0.0122310 seconds, Stopping threads took: 0.0001860 seconds
16.185: Application time: 0.0021540 seconds
16.185: [Full GC16.185: [Tenured: 20151K->20151K(20480K), 0.0099590 secs] 28710K->23002K(29696K), [Perm : 6039K->6039K(21248K)], 0.0100040 secs] [Times: user=0.01 sys=0.00, real=0.01 secs] 
16.195: Total time for which application threads were stopped: 0.0103010 seconds, Stopping threads took: 0.0002120 seconds
16.197: Application time: 0.0014600 seconds
16.197: [Full GC16.197: [Tenured: 20151K->20151K(20480K), 0.0090620 secs] 28713K->22289K(29696K), [Perm : 6039K->6039K(21248K)], 0.0091060 secs] [Times: user=0.01 sys=0.00, real=0.00 secs] 
16.206: Total time for which application threads were stopped: 0.0093560 seconds, Stopping threads took: 0.0001530 seconds
16.208: Application time: 0.0020520 seconds
16.208: [Full GC16.208: [Tenured: 20151K->20151K(20480K), 0.0099170 secs] 28711K->23002K(29696K), [Perm : 6039K->6039K(21248K)], 0.0099600 secs] [Times: user=0.01 sys=0.00, real=0.01 secs] 
16.218: Total time for which application threads were stopped: 0.0102040 seconds, Stopping threads took: 0.0001770 seconds
16.219: Application time: 0.0012620 seconds
16.220: [Full GC16.220: [Tenured: 20151K->20152K(20480K), 0.0084190 secs] 28709K->23002K(29696K), [Perm : 6039K->6039K(21248K)], 0.0084590 secs] [Times: user=0.01 sys=0.00, real=0.01 secs] 
16.228: Total time for which application threads were stopped: 0.0087340 seconds, Stopping threads took: 0.0002100 seconds
16.230: Application time: 0.0017930 seconds
16.230: [Full GC16.230: [Tenured: 20152K->20152K(20480K), 0.0101340 secs] 28715K->24427K(29696K), [Perm : 6039K->6039K(21248K)], 0.0101870 secs] [Times: user=0.01 sys=0.00, real=0.01 secs] 
16.240: Total time for which application threads were stopped: 0.0104520 seconds, Stopping threads took: 0.0001780 seconds
16.241: Application time: 0.0009870 seconds
16.242: [Full GC16.242: [Tenured: 20152K->20152K(20480K), 0.0091000 secs] 28707K->22289K(29696K), [Perm : 6039K->6039K(21248K)], 0.0091410 secs] [Times: user=0.01 sys=0.00, real=0.01 secs] 
16.251: Total time for which application threads were stopped: 0.0094360 seconds, Stopping threads took: 0.0002290 seconds
16.253: Application time: 0.0022570 seconds
16.253: [Full GC16.253: [Tenured: 20152K->20152K(20480K), 0.0093110 secs] 28715K->23002K(29696K), [Perm : 6039K->6039K(21248K)], 0.0093570 secs] [Times: user=0.01 sys=0.00, real=0.01 secs] 
16.263: Total time for which application threads were stopped: 0.0096320 seconds, Stopping threads took: 0.0001870 seconds
16.264: Application time: 0.0011210 seconds
16.264: [Full GC16.264: [Tenured: 20152K->20152K(20480K), 0.0088860 secs] 28709K->20864K(29696K), [Perm : 6039K->6039K(21248K)], 0.0089290 secs] [Times: user=0.00 sys=0.00, real=0.01 secs] 
16.273: Total time for which application threads were stopped: 0.0093030 seconds, Stopping threads took: 0.0002920 seconds
16.276: Application time: 0.0026200 seconds
16.276: [Full GC16.276: [Tenured: 20152K->20152K(20480K), 0.0084860 secs] 28717K->22290K(29696K), [Perm : 6039K->6039K(21248K)], 0.0085330 secs] [Times: user=0.00 sys=0.00, real=0.00 secs] 
16.285: Total time for which application threads were stopped: 0.0087070 seconds, Stopping threads took: 0.0001070 seconds
16.286: Application time: 0.0016170 seconds
16.286: [Full GC16.286: [Tenured: 20152K->20152K(20480K), 0.0090210 secs] 28714K->23715K(29696K), [Perm : 6039K->6039K(21248K)], 0.0090640 secs] [Times: user=0.01 sys=0.00, real=0.01 secs] 
16.296: Total time for which application threads were stopped: 0.0093700 seconds, Stopping threads took: 0.0002370 seconds
16.297: Application time: 0.0011800 seconds
16.297: [Full GC16.297: [Tenured: 20152K->20152K(20480K), 0.0092650 secs] 28712K->25140K(29696K), [Perm : 6039K->6039K(21248K)], 0.0093100 secs] [Times: user=0.01 sys=0.00, real=0.00 secs] 
16.306: Total time for which application threads were stopped: 0.0096160 seconds, Stopping threads took: 0.0002190 seconds
16.307: Application time: 0.0007070 seconds
16.307: [Full GC16.307: [Tenured: 20152K->20152K(20480K), 0.0091170 secs] 28710K->22290K(29696K), [Perm : 6039K->6039K(21248K)], 0.0091530 secs] [Times: user=0.01 sys=0.00, real=0.02 secs] 
16.316: Total time for which application threads were stopped: 0.0093940 seconds, Stopping threads took: 0.0001630 seconds
16.318: Application time: 0.0018690 seconds
16.318: [Full GC16.318: [Tenured: 20152K->20152K(20480K), 0.0082140 secs] 28714K->23003K(29696K), [Perm : 6039K->6039K(21248K)], 0.0082570 secs] [Times: user=0.00 sys=0.00, real=0.00 secs] 
16.327: Total time for which application threads were stopped: 0.0083990 seconds, Stopping threads took: 0.0000770 seconds
16.328: Application time: 0.0011070 seconds
16.328: [Full GC16.328: [Tenured: 20152K->20152K(20480K), 0.0101920 secs] 28712K->24428K(29696K), [Perm : 6039K->6039K(21248K)], 0.0102370 secs] [Times: user=0.01 sys=0.00, real=0.01 secs] 
16.338: Total time for which application threads were stopped: 0.0106670 seconds, Stopping threads took: 0.0003410 seconds
16.340: Application time: 0.0011400 seconds
16.340: [Full GC16.340: [Tenured: 20152K->20152K(20480K), 0.0100680 secs] 28708K->24428K(29696K), [Perm : 6039K->6039K(21248K)], 0.0101210 secs] [Times: user=0.01 sys=0.00, real=0.01 secs] 
16.350: Total time for which application threads were stopped: 0.0103010 seconds, Stopping threads took: 0.0001110 seconds
16.351: Application time: 0.0011750 seconds
16.351: [Full GC16.351: [Tenured: 20152K->20152K(20480K), 0.0099750 secs] 28710K->25141K(29696K), [Perm : 6039K->6039K(21248K)], 0.0100310 secs] [Times: user=0.01 sys=0.00, real=0.01 secs] 
16.361: Total time for which application threads were stopped: 0.0103860 seconds, Stopping threads took: 0.0002680 seconds
16.362: Application time: 0.0007350 seconds
16.363: [Full GC16.363: [Tenured: 20152K->20152K(20480K), 0.0086430 secs] 28708K->23003K(29696K), [Perm : 6039K->6039K(21248K)], 0.0086830 secs] [Times: user=0.01 sys=0.00, real=0.01 secs] 
16.371: Total time for which application threads were stopped: 0.0090190 seconds, Stopping threads took: 0.0002550 seconds
16.373: Application time: 0.0020800 seconds
16.374: [Full GC16.374: [Tenured: 20152K->20153K(20480K), 0.0105750 secs] 28720K->22291K(29696K), [Perm : 6039K->6039K(21248K)], 0.0106170 secs] [Times: user=0.01 sys=0.00, real=0.01 secs] 
16.384: Total time for which application threads were stopped: 0.0109440 seconds, Stopping threads took: 0.0002620 seconds
16.386: Application time: 0.0012850 seconds
16.386: [Full GC16.386: [Tenured: 20153K->20152K(20480K), 0.0096620 secs] 28717K->21578K(29696K), [Perm : 6039K->6039K(21248K)], 0.0097030 secs] [Times: user=0.01 sys=0.00, real=0.01 secs] 
16.396: Total time for which application threads were stopped: 0.0101130 seconds, Stopping threads took: 0.0003240 seconds
16.398: Application time: 0.0020090 seconds
16.398: [Full GC16.398: [Tenured: 20152K->20152K(20480K), 0.0112400 secs] 28716K->23716K(29696K), [Perm : 6039K->6039K(21248K)], 0.0112890 secs] [Times: user=0.02 sys=0.00, real=0.01 secs] 
16.409: Total time for which application threads were stopped: 0.0116040 seconds, Stopping threads took: 0.0002300 seconds
16.411: Application time: 0.0018170 seconds
16.411: [Full GC16.411: [Tenured: 20152K->20152K(20480K), 0.0092790 secs] 28711K->24428K(29696K), [Perm : 6039K->6039K(21248K)], 0.0093220 secs] [Times: user=0.01 sys=0.00, real=0.01 secs] 
16.421: Total time for which application threads were stopped: 0.0094670 seconds, Stopping threads took: 0.0000800 seconds
16.422: Application time: 0.0012690 seconds
16.422: [Full GC16.422: [Tenured: 20152K->20153K(20480K), 0.0092600 secs] 28721K->23004K(29696K), [Perm : 6040K->6040K(21248K)], 0.0093000 secs] [Times: user=0.01 sys=0.00, real=0.01 secs] 
16.431: Total time for which application threads were stopped: 0.0096040 seconds, Stopping threads took: 0.0002190 seconds
16.433: Application time: 0.0013640 seconds
16.433: [Full GC16.433: [Tenured: 20153K->20152K(20480K), 0.0097620 secs] 28715K->22291K(29696K), [Perm : 6040K->6040K(21248K)], 0.0098030 secs] [Times: user=0.01 sys=0.00, real=0.01 secs] 
16.443: Total time for which application threads were stopped: 0.0101020 seconds, Stopping threads took: 0.0002150 seconds
16.445: Application time: 0.0019680 seconds
16.445: [Full GC16.445: [Tenured: 20152K->20153K(20480K), 0.0092630 secs] 28729K->23719K(29696K), [Perm : 6040K->6040K(21248K)], 0.0093090 secs] [Times: user=0.01 sys=0.00, real=0.01 secs] 
16.454: Total time for which application threads were stopped: 0.0095740 seconds, Stopping threads took: 0.0001800 seconds
16.456: Application time: 0.0016460 seconds
16.456: [Full GC16.456: [Tenured: 20153K->20153K(20480K), 0.0090100 secs] 28733K->24431K(29696K), [Perm : 6045K->6045K(21248K)], 0.0090530 secs] [Times: user=0.01 sys=0.00, real=0.00 secs] 
16.465: Total time for which application threads were stopped: 0.0093440 seconds, Stopping threads took: 0.0002090 seconds
16.467: Application time: 0.0012900 seconds
16.467: [Full GC16.467: [Tenured: 20153K->20154K(20480K), 0.0112860 secs] 28713K->25142K(29696K), [Perm : 6045K->6043K(21248K)], 0.0113250 secs] [Times: user=0.01 sys=0.00, real=0.02 secs] 
16.478: Total time for which application threads were stopped: 0.0115570 seconds, Stopping threads took: 0.0001670 seconds
16.479: Application time: 0.0006870 seconds
16.479: [Full GC16.479: [Tenured: 20154K->20153K(20480K), 0.0097870 secs] 28712K->23717K(29696K), [Perm : 6043K->6043K(21248K)], 0.0098280 secs] [Times: user=0.01 sys=0.00, real=0.01 secs] 
16.489: Total time for which application threads were stopped: 0.0101490 seconds, Stopping threads took: 0.0002350 seconds
16.491: Application time: 0.0013880 seconds
16.491: [Full GC16.491: [Tenured: 20153K->20153K(20480K), 0.0090170 secs] 28716K->25855K(29696K), [Perm : 6043K->6043K(21248K)], 0.0090660 secs] [Times: user=0.01 sys=0.00, real=0.01 secs] 
16.500: Total time for which application threads were stopped: 0.0093690 seconds, Stopping threads took: 0.0002190 seconds
16.501: Application time: 0.0006910 seconds
16.501: [Full GC16.501: [Tenured: 20153K->20154K(20480K), 0.0083630 secs] 28712K->25142K(29696K), [Perm : 6043K->6043K(21248K)], 0.0084040 secs] [Times: user=0.01 sys=0.00, real=0.01 secs] 
16.509: Total time for which application threads were stopped: 0.0086410 seconds, Stopping threads took: 0.0001600 seconds
16.509: Application time: 0.0002170 seconds
16.510: [Full GC16.510: [Tenured: 20154K->20154K(20480K), 0.0096520 secs] 28712K->25142K(29696K), [Perm : 6043K->6043K(21248K)], 0.0096880 secs] [Times: user=0.01 sys=0.00, real=0.01 secs] 
16.519: Total time for which application threads were stopped: 0.0099860 seconds, Stopping threads took: 0.0002160 seconds
16.521: Application time: 0.0012600 seconds
16.521: [Full GC16.521: [Tenured: 20154K->20154K(20480K), 0.0089480 secs] 28712K->27280K(29696K), [Perm : 6043K->6043K(21248K)], 0.0089920 secs] [Times: user=0.01 sys=0.00, real=0.01 secs] 
16.530: Total time for which application threads were stopped: 0.0091890 seconds, Stopping threads took: 0.0001280 seconds
16.530: Application time: 0.0004170 seconds
16.531: [Full GC16.531: [Tenured: 20154K->20154K(20480K), 0.0089500 secs] 28705K->27993K(29696K), [Perm : 6043K->6043K(21248K)], 0.0089900 secs] [Times: user=0.00 sys=0.00, real=0.01 secs] 
16.540: Total time for which application threads were stopped: 0.0092590 seconds, Stopping threads took: 0.0001990 seconds
16.540: Application time: 0.0002300 seconds
16.540: [Full GC16.540: [Tenured: 20154K->20154K(20480K), 0.0087860 secs] 28705K->27993K(29696K), [Perm : 6043K->6043K(21248K)], 0.0088190 secs] [Times: user=0.00 sys=0.00, real=0.01 secs] 
16.549: Total time for which application threads were stopped: 0.0090430 seconds, Stopping threads took: 0.0001450 seconds
16.549: Application time: 0.0001430 seconds
16.549: [Full GC16.549: [Tenured: 20154K->20154K(20480K), 0.0101960 secs] 28707K->27280K(29696K), [Perm : 6043K->6043K(21248K)], 0.0102410 secs] [Times: user=0.01 sys=0.00, real=0.01 secs] 
16.560: Total time for which application threads were stopped: 0.0104870 seconds, Stopping threads took: 0.0001530 seconds
16.560: Application time: 0.0002780 seconds
16.560: [Full GC16.560: [Tenured: 20154K->20154K(20480K), 0.0103120 secs] 28712K->24432K(29696K), [Perm : 6043K->6043K(21248K)], 0.0103570 secs] [Times: user=0.01 sys=0.00, real=0.01 secs] 
16.570: Total time for which application threads were stopped: 0.0106320 seconds, Stopping threads took: 0.0001820 seconds
16.572: Application time: 0.0016300 seconds
16.572: [Full GC16.572: [Tenured: 20154K->20154K(20480K), 0.0117410 secs] 28722K->25859K(29696K), [Perm : 6043K->6043K(21248K)], 0.0117870 secs] [Times: user=0.01 sys=0.00, real=0.01 secs] 
16.584: Total time for which application threads were stopped: 0.0120210 seconds, Stopping threads took: 0.0001540 seconds
16.585: Application time: 0.0004740 seconds
16.585: [Full GC16.585: [Tenured: 20154K->20157K(20480K), 0.0080850 secs] 28713K->25859K(29696K), [Perm : 6043K->6043K(21248K)], 0.0081220 secs] [Times: user=0.01 sys=0.00, real=0.01 secs] 
16.593: Total time for which application threads were stopped: 0.0085040 seconds, Stopping threads took: 0.0003020 seconds
16.593: Application time: 0.0003840 seconds
16.594: [Full GC16.594: [Tenured: 20157K->20155K(20480K), 0.0093170 secs] 28717K->24432K(29696K), [Perm : 6043K->6043K(21248K)], 0.0093590 secs] [Times: user=0.01 sys=0.00, real=0.01 secs] 
16.603: Total time for which application threads were stopped: 0.0096960 seconds, Stopping threads took: 0.0002680 seconds
16.604: Application time: 0.0005570 seconds
16.604: [Full GC16.604: [Tenured: 20155K->20156K(20480K), 0.0108780 secs] 28716K->24432K(29696K), [Perm : 6043K->6043K(21248K)], 0.0109370 secs] [Times: user=0.02 sys=0.00, real=0.01 secs] 
16.615: Total time for which application threads were stopped: 0.0112880 seconds, Stopping threads took: 0.0002530 seconds
16.616: Application time: 0.0013280 seconds
16.617: [Full GC16.617: [Tenured: 20156K->20155K(20480K), 0.0081820 secs] 28720K->27284K(29696K), [Perm : 6043K->6043K(21248K)], 0.0082220 secs] [Times: user=0.00 sys=0.00, real=0.00 secs] 
16.625: Total time for which application threads were stopped: 0.0084860 seconds, Stopping threads took: 0.0002000 seconds
16.625: Application time: 0.0005390 seconds
16.625: [Full GC16.625: [Tenured: 20155K->20155K(20480K), 0.0091370 secs] 28711K->27996K(29696K), [Perm : 6043K->6043K(21248K)], 0.0091750 secs] [Times: user=0.01 sys=0.00, real=0.01 secs] 
16.635: Total time for which application threads were stopped: 0.0093280 seconds, Stopping threads took: 0.0000890 seconds
16.635: Application time: 0.0001890 seconds
16.635: [Full GC16.635: [Tenured: 20155K->20154K(20480K), 0.0103350 secs] 28709K->27282K(29696K), [Perm : 6043K->6043K(21248K)], 0.0103770 secs] [Times: user=0.01 sys=0.00, real=0.01 secs] 
16.645: Total time for which application threads were stopped: 0.0105680 seconds, Stopping threads took: 0.0001030 seconds
16.646: Application time: 0.0001970 seconds
16.646: [Full GC16.646: [Tenured: 20154K->20154K(20480K), 0.0074640 secs] 28707K->27994K(29696K), [Perm : 6043K->6043K(21248K)], 0.0075010 secs] [Times: user=0.01 sys=0.00, real=0.01 secs] 
16.653: Total time for which application threads were stopped: 0.0077160 seconds, Stopping threads took: 0.0001320 seconds
16.653: Application time: 0.0000930 seconds
16.654: [Full GC16.654: [Tenured: 20154K->20154K(20480K), 0.0056300 secs] 28709K->28707K(29696K), [Perm : 6043K->6043K(21248K)], 0.0056640 secs] [Times: user=0.01 sys=0.00, real=0.01 secs] 
16.659: [Full GC16.659: [Tenured: 20154K->20083K(20480K), 0.0089670 secs] 28707K->27924K(29696K), [Perm : 6043K->6040K(21248K)], 0.0089990 secs] [Times: user=0.00 sys=0.00, real=0.01 secs] 
16.668: Total time for which application threads were stopped: 0.0148090 seconds, Stopping threads took: 0.0000580 seconds
16.668: Application time: 0.0001690 seconds
16.669: [Full GC16.669: [Tenured: 20083K->20084K(20480K), 0.0093390 secs] 28639K->26499K(29696K), [Perm : 6040K->6040K(21248K)], 0.0093770 secs] [Times: user=0.01 sys=0.00, real=0.01 secs] 
16.678: Total time for which application threads were stopped: 0.0095850 seconds, Stopping threads took: 0.0001260 seconds
16.678: Application time: 0.0004330 seconds
16.679: [Full GC16.679: [Tenured: 20084K->20084K(20480K), 0.0120930 secs] 28639K->27212K(29696K), [Perm : 6040K->6040K(21248K)], 0.0121360 secs] [Times: user=0.01 sys=0.00, real=0.01 secs] 
16.691: Total time for which application threads were stopped: 0.0124650 seconds, Stopping threads took: 0.0002440 seconds
16.692: Application time: 0.0006290 seconds
16.692: [Full GC16.692: [Tenured: 20084K->20084K(20480K), 0.0055580 secs] 28637K->28637K(29696K), [Perm : 6040K->6040K(21248K)], 0.0055920 secs] [Times: user=0.00 sys=0.00, real=0.01 secs] 
16.697: [Full GC16.697: [Tenured: 20084K->20085K(20480K), 0.0062610 secs] 28637K->27924K(29696K), [Perm : 6040K->6040K(21248K)], 0.0062940 secs] [Times: user=0.01 sys=0.00, real=0.00 secs] 
16.704: Total time for which application threads were stopped: 0.0120500 seconds, Stopping threads took: 0.0000710 seconds
16.704: Application time: 0.0000800 seconds
16.704: [Full GC16.704: [Tenured: 20085K->20085K(20480K), 0.0071040 secs] 28637K->27924K(29696K), [Perm : 6040K->6040K(21248K)], 0.0071420 secs] [Times: user=0.01 sys=0.00, real=0.01 secs] 
16.711: Total time for which application threads were stopped: 0.0073760 seconds, Stopping threads took: 0.0001650 seconds
16.711: Application time: 0.0001380 seconds
16.711: [Full GC16.711: [Tenured: 20085K->20085K(20480K), 0.0082650 secs] 28639K->27924K(29696K), [Perm : 6040K->6040K(21248K)], 0.0082990 secs] [Times: user=0.01 sys=0.00, real=0.01 secs] 
16.720: Total time for which application threads were stopped: 0.0085340 seconds, Stopping threads took: 0.0001460 seconds
16.720: Application time: 0.0000850 seconds
16.720: [Full GC16.720: [Tenured: 20085K->20085K(20480K), 0.0080490 secs] 28639K->27211K(29696K), [Perm : 6040K->6040K(21248K)], 0.0080880 secs] [Times: user=0.00 sys=0.00, real=0.01 secs] 
16.728: Total time for which application threads were stopped: 0.0081990 seconds, Stopping threads took: 0.0000500 seconds
16.728: Application time: 0.0002840 seconds
16.728: [Full GC16.728: [Tenured: 20085K->20085K(20480K), 0.0077910 secs] 28637K->25073K(29696K), [Perm : 6040K->6040K(21248K)], 0.0078270 secs] [Times: user=0.00 sys=0.00, real=0.01 secs] 
16.736: Total time for which application threads were stopped: 0.0079690 seconds, Stopping threads took: 0.0000830 seconds
16.737: Application time: 0.0005660 seconds
16.737: [Full GC16.737: [Tenured: 20085K->20085K(20480K), 0.0080580 secs] 28639K->27924K(29696K), [Perm : 6040K->6040K(21248K)], 0.0081000 secs] [Times: user=0.01 sys=0.00, real=0.00 secs] 
16.745: Total time for which application threads were stopped: 0.0083570 seconds, Stopping threads took: 0.0001800 seconds
16.745: Application time: 0.0001060 seconds
16.746: [Full GC16.746: [Tenured: 20085K->20085K(20480K), 0.0072630 secs] 28639K->27924K(29696K), [Perm : 6040K->6040K(21248K)], 0.0072960 secs] [Times: user=0.01 sys=0.00, real=0.01 secs] 
16.753: Total time for which application threads were stopped: 0.0075350 seconds, Stopping threads took: 0.0001740 seconds
16.753: Application time: 0.0000830 seconds
16.753: [Full GC16.753: [Tenured: 20085K->20085K(20480K), 0.0074140 secs] 28637K->27924K(29696K), [Perm : 6040K->6040K(21248K)], 0.0074480 secs] [Times: user=0.00 sys=0.00, real=0.01 secs] 
16.761: Total time for which application threads were stopped: 0.0076660 seconds, Stopping threads took: 0.0001590 seconds
16.761: Application time: 0.0000750 seconds
16.761: [Full GC16.761: [Tenured: 20085K->20085K(20480K), 0.0074570 secs] 28637K->27924K(29696K), [Perm : 6040K->6040K(21248K)], 0.0074950 secs] [Times: user=0.00 sys=0.00, real=0.01 secs] 
16.768: Total time for which application threads were stopped: 0.0076150 seconds, Stopping threads took: 0.0000550 seconds
16.768: Application time: 0.0000430 seconds
16.768: [Full GC16.768: [Tenured: 20085K->20084K(20480K), 0.0076660 secs] 28637K->27924K(29696K), [Perm : 6040K->6040K(21248K)], 0.0076980 secs] [Times: user=0.01 sys=0.00, real=0.01 secs] 
16.776: Total time for which application threads were stopped: 0.0077970 seconds, Stopping threads took: 0.0000390 seconds
16.776: Application time: 0.0000410 seconds
16.776: [Full GC16.776: [Tenured: 20084K->20084K(20480K), 0.0064120 secs] 28637K->28637K(29696K), [Perm : 6040K->6040K(21248K)], 0.0064420 secs] [Times: user=0.01 sys=0.00, real=0.00 secs] 
16.783: [Full GC16.783: [Tenured: 20084K->20084K(20480K), 0.0073820 secs] 28637K->27924K(29696K), [Perm : 6040K->6040K(21248K)], 0.0074140 secs] [Times: user=0.00 sys=0.00, real=0.01 secs] 
16.790: Total time for which application threads were stopped: 0.0140440 seconds, Stopping threads took: 0.0000770 seconds
16.790: Application time: 0.0001420 seconds
16.791: [Full GC16.791: [Tenured: 20084K->20084K(20480K), 0.0063050 secs] 28637K->27924K(29696K), [Perm : 6040K->6040K(21248K)], 0.0063420 secs] [Times: user=0.00 sys=0.00, real=0.01 secs] 
16.797: Total time for which application threads were stopped: 0.0066640 seconds, Stopping threads took: 0.0002650 seconds
16.797: Application time: 0.0000630 seconds
16.797: [Full GC16.797: [Tenured: 20084K->20084K(20480K), 0.0077130 secs] 28641K->27211K(29696K), [Perm : 6040K->6040K(21248K)], 0.0077500 secs] [Times: user=0.01 sys=0.00, real=0.00 secs] 
16.805: Total time for which application threads were stopped: 0.0078730 seconds, Stopping threads took: 0.0000550 seconds
16.805: Application time: 0.0001370 seconds
16.805: [Full GC16.805: [Tenured: 20084K->20084K(20480K), 0.0069040 secs] 28637K->28637K(29696K), [Perm : 6040K->6040K(21248K)], 0.0069270 secs] [Times: user=0.01 sys=0.00, real=0.01 secs] 
16.812: [Full GC16.812: [Tenured: 20084K->20084K(20480K), 0.0080550 secs] 28637K->27924K(29696K), [Perm : 6040K->6040K(21248K)], 0.0080840 secs] [Times: user=0.01 sys=0.00, real=0.01 secs] 
16.820: Total time for which application threads were stopped: 0.0152580 seconds, Stopping threads took: 0.0001530 seconds
16.820: Application time: 0.0000650 seconds
16.821: [Full GC16.821: [Tenured: 20084K->20084K(20480K), 0.0073630 secs] 28636K->27924K(29696K), [Perm : 6040K->6040K(21248K)], 0.0073940 secs] [Times: user=0.01 sys=0.00, real=0.01 secs] 
16.828: Total time for which application threads were stopped: 0.0075620 seconds, Stopping threads took: 0.0000870 seconds
16.828: Application time: 0.0000590 seconds
16.828: [Full GC16.828: [Tenured: 20084K->20084K(20480K), 0.0057350 secs] 28636K->27924K(29696K), [Perm : 6040K->6040K(21248K)], 0.0057680 secs] [Times: user=0.00 sys=0.00, real=0.00 secs] 
16.834: Total time for which application threads were stopped: 0.0058750 seconds, Stopping threads took: 0.0000520 seconds
16.834: Application time: 0.0000870 seconds
16.834: [Full GC16.834: [Tenured: 20084K->20084K(20480K), 0.0052990 secs] 28636K->28636K(29696K), [Perm : 6040K->6040K(21248K)], 0.0053250 secs] [Times: user=0.01 sys=0.00, real=0.01 secs] 
16.839: [Full GC16.839: [Tenured: 20084K->20084K(20480K), 0.0047310 secs] 28636K->28636K(29696K), [Perm : 6040K->6040K(21248K)], 0.0047520 secs] [Times: user=0.00 sys=0.00, real=0.00 secs] 
16.844: Total time for which application threads were stopped: 0.0101960 seconds, Stopping threads took: 0.0000410 seconds
16.844: Application time: 0.0000730 seconds
16.845: [Full GC16.845: [Tenured: 20084K->20084K(20480K), 0.0074300 secs] 28639K->26498K(29696K), [Perm : 6040K->6040K(21248K)], 0.0074650 secs] [Times: user=0.01 sys=0.00, real=0.01 secs] 
16.852: Total time for which application threads were stopped: 0.0077130 seconds, Stopping threads took: 0.0001900 seconds
16.853: Application time: 0.0008610 seconds
16.853: [Full GC16.853: [Tenured: 20084K->20084K(20480K), 0.0091180 secs] 28646K->25075K(29696K), [Perm : 6040K->6040K(21248K)], 0.0091560 secs] [Times: user=0.01 sys=0.00, real=0.01 secs] 
16.862: Total time for which application threads were stopped: 0.0093330 seconds, Stopping threads took: 0.0001150 seconds
16.863: Application time: 0.0011180 seconds
16.863: [Full GC16.864: [Tenured: 20084K->20084K(20480K), 0.0095720 secs] 28734K->25820K(29696K), [Perm : 6040K->6040K(21248K)], 0.0096160 secs] [Times: user=0.01 sys=0.00, real=0.01 secs] 
16.873: Total time for which application threads were stopped: 0.0097920 seconds, Stopping threads took: 0.0001050 seconds
16.874: Application time: 0.0008240 seconds
16.874: [Full GC16.874: [Tenured: 20084K->20084K(20480K), 0.0082870 secs] 28700K->24394K(29696K), [Perm : 6040K->6040K(21248K)], 0.0083240 secs] [Times: user=0.01 sys=0.00, real=0.01 secs] 
16.882: Total time for which application threads were stopped: 0.0084740 seconds, Stopping threads took: 0.0000900 seconds
16.883: Application time: 0.0008540 seconds
16.884: [Full GC16.884: [Tenured: 20084K->20116K(20480K), 0.0085880 secs] 28739K->23681K(29696K), [Perm : 6040K->6040K(21248K)], 0.0086330 secs] [Times: user=0.00 sys=0.00, real=0.01 secs] 
16.892: Total time for which application threads were stopped: 0.0089250 seconds, Stopping threads took: 0.0002190 seconds
16.893: Application time: 0.0006970 seconds
16.893: [Full GC16.893: [Tenured: 20116K->20113K(20480K), 0.0120210 secs] 28682K->24391K(29696K), [Perm : 6040K->6040K(21248K)], 0.0120620 secs] [Times: user=0.01 sys=0.00, real=0.01 secs] 
16.905: Total time for which application threads were stopped: 0.0123870 seconds, Stopping threads took: 0.0002540 seconds
16.907: Application time: 0.0013070 seconds
16.907: [Full GC16.907: [Tenured: 20113K->20114K(20480K), 0.0092230 secs] 28765K->25822K(29696K), [Perm : 6041K->6041K(21248K)], 0.0092610 secs] [Times: user=0.01 sys=0.00, real=0.02 secs] 
16.916: Total time for which application threads were stopped: 0.0094950 seconds, Stopping threads took: 0.0001520 seconds
16.917: Application time: 0.0011070 seconds
16.917: [Full GC16.917: [Tenured: 20114K->20114K(20480K), 0.0088680 secs] 28698K->25821K(29696K), [Perm : 6041K->6041K(21248K)], 0.0089170 secs] [Times: user=0.01 sys=0.00, real=0.00 secs] 
16.926: Total time for which application threads were stopped: 0.0091400 seconds, Stopping threads took: 0.0001370 seconds
16.927: Application time: 0.0009220 seconds
16.927: [Full GC16.927: [Tenured: 20114K->20115K(20480K), 0.0093540 secs] 28675K->25108K(29696K), [Perm : 6041K->6041K(21248K)], 0.0093940 secs] [Times: user=0.01 sys=0.00, real=0.02 secs] 
16.937: Total time for which application threads were stopped: 0.0096200 seconds, Stopping threads took: 0.0001630 seconds
16.938: Application time: 0.0008200 seconds
16.938: [Full GC16.938: [Tenured: 20115K->20113K(20480K), 0.0090340 secs] 28763K->24390K(29696K), [Perm : 6041K->6041K(21248K)], 0.0090750 secs] [Times: user=0.00 sys=0.00, real=0.00 secs] 
16.947: Total time for which application threads were stopped: 0.0093500 seconds, Stopping threads took: 0.0001900 seconds
16.948: Application time: 0.0010460 seconds
16.948: [Full GC16.948: [Tenured: 20113K->20114K(20480K), 0.0090460 secs] 28684K->23679K(29696K), [Perm : 6041K->6041K(21248K)], 0.0090890 secs] [Times: user=0.01 sys=0.00, real=0.01 secs] 
16.957: Total time for which application threads were stopped: 0.0092520 seconds, Stopping threads took: 0.0000950 seconds
16.959: Application time: 0.0011470 seconds
16.959: [Full GC16.959: [Tenured: 20114K->20116K(20480K), 0.0095130 secs] 28676K->25817K(29696K), [Perm : 6041K->6041K(21248K)], 0.0095600 secs] [Times: user=0.01 sys=0.00, real=0.01 secs] 
16.968: Total time for which application threads were stopped: 0.0099350 seconds, Stopping threads took: 0.0003040 seconds
16.969: Application time: 0.0006700 seconds
16.969: [Full GC16.969: [Tenured: 20116K->20115K(20480K), 0.0085630 secs] 28675K->26533K(29696K), [Perm : 6041K->6041K(21248K)], 0.0086010 secs] [Times: user=0.01 sys=0.00, real=0.01 secs] 
16.978: Total time for which application threads were stopped: 0.0089520 seconds, Stopping threads took: 0.0002690 seconds
16.979: Application time: 0.0005450 seconds
16.979: [Full GC16.979: [Tenured: 20115K->20115K(20480K), 0.0095760 secs] 28685K->25822K(29696K), [Perm : 6041K->6041K(21248K)], 0.0096130 secs] [Times: user=0.01 sys=0.00, real=0.01 secs] 
16.988: Total time for which application threads were stopped: 0.0098290 seconds, Stopping threads took: 0.0001540 seconds
16.990: Application time: 0.0010790 seconds
16.990: [Full GC16.990: [Tenured: 20115K->20115K(20480K), 0.0086190 secs] 28709K->26534K(29696K), [Perm : 6041K->6041K(21248K)], 0.0086570 secs] [Times: user=0.01 sys=0.00, real=0.01 secs] 
16.998: Total time for which application threads were stopped: 0.0089070 seconds, Stopping threads took: 0.0001660 seconds
16.999: Application time: 0.0001050 seconds
16.999: [Full GC16.999: [Tenured: 20115K->20116K(20480K), 0.0085110 secs] 28676K->27247K(29696K), [Perm : 6041K->6041K(21248K)], 0.0085520 secs] [Times: user=0.01 sys=0.00, real=0.00 secs] 
17.007: Total time for which application threads were stopped: 0.0087610 seconds, Stopping threads took: 0.0001230 seconds
17.008: Application time: 0.0004090 seconds
17.008: [Full GC17.008: [Tenured: 20116K->20116K(20480K), 0.0087600 secs] 28682K->24396K(29696K), [Perm : 6041K->6041K(21248K)], 0.0087980 secs] [Times: user=0.01 sys=0.00, real=0.01 secs] 
17.017: Total time for which application threads were stopped: 0.0090670 seconds, Stopping threads took: 0.0001870 seconds
17.017: Application time: 0.0004930 seconds
17.018: [Full GC17.018: [Tenured: 20116K->20115K(20480K), 0.0087740 secs] 28687K->26530K(29696K), [Perm : 6041K->6041K(21248K)], 0.0088140 secs] [Times: user=0.01 sys=0.00, real=0.00 secs] 
17.026: Total time for which application threads were stopped: 0.0090790 seconds, Stopping threads took: 0.0001980 seconds
17.027: Application time: 0.0006620 seconds
17.027: [Full GC17.027: [Tenured: 20115K->20115K(20480K), 0.0085420 secs] 28676K->25818K(29696K), [Perm : 6041K->6041K(21248K)], 0.0085820 secs] [Times: user=0.01 sys=0.00, real=0.02 secs] 
17.036: Total time for which application threads were stopped: 0.0088170 seconds, Stopping threads took: 0.0001570 seconds
17.036: Application time: 0.0005360 seconds
17.037: [Full GC17.037: [Tenured: 20115K->20115K(20480K), 0.0091130 secs] 28677K->27244K(29696K), [Perm : 6041K->6041K(21248K)], 0.0091550 secs] [Times: user=0.01 sys=0.00, real=0.00 secs] 
17.046: Total time for which application threads were stopped: 0.0093980 seconds, Stopping threads took: 0.0001550 seconds
17.046: Application time: 0.0003820 seconds
17.046: [Full GC17.046: [Tenured: 20115K->20116K(20480K), 0.0086690 secs] 28678K->25821K(29696K), [Perm : 6041K->6041K(21248K)], 0.0087080 secs] [Times: user=0.01 sys=0.00, real=0.01 secs] 
17.055: Total time for which application threads were stopped: 0.0089420 seconds, Stopping threads took: 0.0001530 seconds
17.056: Application time: 0.0003630 seconds
17.056: [Full GC17.056: [Tenured: 20116K->20116K(20480K), 0.0093110 secs] 28679K->26536K(29696K), [Perm : 6041K->6041K(21248K)], 0.0093530 secs] [Times: user=0.01 sys=0.00, real=0.01 secs] 
17.065: Total time for which application threads were stopped: 0.0095640 seconds, Stopping threads took: 0.0001420 seconds
17.066: Application time: 0.0014060 seconds
17.067: [Full GC17.067: [Tenured: 20116K->20117K(20480K), 0.0079840 secs] 28701K->25823K(29696K), [Perm : 6041K->6041K(21248K)], 0.0080240 secs] [Times: user=0.00 sys=0.00, real=0.01 secs] 
17.075: Total time for which application threads were stopped: 0.0083470 seconds, Stopping threads took: 0.0002390 seconds
17.075: Application time: 0.0005190 seconds
17.076: [Full GC17.076: [Tenured: 20117K->20117K(20480K), 0.0082420 secs] 28690K->25821K(29696K), [Perm : 6041K->6041K(21248K)], 0.0082800 secs] [Times: user=0.01 sys=0.00, real=0.01 secs] 
17.084: Total time for which application threads were stopped: 0.0085750 seconds, Stopping threads took: 0.0002120 seconds
17.084: Application time: 0.0001710 seconds
17.084: [Full GC17.084: [Tenured: 20117K->20117K(20480K), 0.0094020 secs] 28681K->27248K(29696K), [Perm : 6041K->6041K(21248K)], 0.0094440 secs] [Times: user=0.01 sys=0.00, real=0.01 secs] 
17.094: Total time for which application threads were stopped: 0.0096850 seconds, Stopping threads took: 0.0001520 seconds
17.094: Application time: 0.0005280 seconds
17.095: [Full GC17.095: [Tenured: 20117K->20117K(20480K), 0.0097630 secs] 28684K->26535K(29696K), [Perm : 6041K->6041K(21248K)], 0.0098050 secs] [Times: user=0.01 sys=0.00, real=0.01 secs] 
17.104: Total time for which application threads were stopped: 0.0100300 seconds, Stopping threads took: 0.0001370 seconds
17.105: Application time: 0.0003840 seconds
17.105: [Full GC17.105: [Tenured: 20117K->20114K(20480K), 0.0096730 secs] 28682K->23679K(29696K), [Perm : 6041K->6041K(21248K)], 0.0097200 secs] [Times: user=0.01 sys=0.00, real=0.01 secs] 
17.115: Total time for which application threads were stopped: 0.0099620 seconds, Stopping threads took: 0.0001500 seconds
17.116: Application time: 0.0012460 seconds
17.116: [Full GC17.116: [Tenured: 20114K->20114K(20480K), 0.0101760 secs] 28686K->27243K(29696K), [Perm : 6041K->6041K(21248K)], 0.0102250 secs] [Times: user=0.01 sys=0.00, real=0.00 secs] 
17.126: Total time for which application threads were stopped: 0.0104630 seconds, Stopping threads took: 0.0001440 seconds
17.127: Application time: 0.0002520 seconds
17.127: [Full GC17.127: [Tenured: 20114K->20116K(20480K), 0.0087910 secs] 28671K->25105K(29696K), [Perm : 6041K->6041K(21248K)], 0.0088280 secs] [Times: user=0.01 sys=0.00, real=0.01 secs] 
17.136: Total time for which application threads were stopped: 0.0090190 seconds, Stopping threads took: 0.0001290 seconds
17.137: Application time: 0.0009760 seconds
17.137: [Full GC17.137: [Tenured: 20116K->20114K(20480K), 0.0114390 secs] 28709K->26534K(29696K), [Perm : 6041K->6041K(21248K)], 0.0114880 secs] [Times: user=0.02 sys=0.00, real=0.01 secs] 
17.148: Total time for which application threads were stopped: 0.0117210 seconds, Stopping threads took: 0.0001500 seconds
17.149: Application time: 0.0004750 seconds
17.149: [Full GC17.149: [Tenured: 20114K->20115K(20480K), 0.0086740 secs] 28693K->25109K(29696K), [Perm : 6041K->6041K(21248K)], 0.0087190 secs] [Times: user=0.01 sys=0.00, real=0.01 secs] 
17.158: Total time for which application threads were stopped: 0.0089420 seconds, Stopping threads took: 0.0001390 seconds
17.158: Application time: 0.0004950 seconds
17.159: [Full GC17.159: [Tenured: 20115K->20115K(20480K), 0.0087080 secs] 28692K->25821K(29696K), [Perm : 6041K->6041K(21248K)], 0.0087480 secs] [Times: user=0.01 sys=0.00, real=0.00 secs] 
17.167: Total time for which application threads were stopped: 0.0090510 seconds, Stopping threads took: 0.0002380 seconds
17.168: Application time: 0.0007360 seconds
17.168: [Full GC17.168: [Tenured: 20115K->20114K(20480K), 0.0085510 secs] 28698K->24393K(29696K), [Perm : 6041K->6041K(21248K)], 0.0085950 secs] [Times: user=0.01 sys=0.00, real=0.01 secs] 
17.177: Total time for which application threads were stopped: 0.0087210 seconds, Stopping threads took: 0.0000570 seconds
17.178: Application time: 0.0010730 seconds
17.178: [Full GC17.178: [Tenured: 20114K->20114K(20480K), 0.0088200 secs] 28691K->25823K(29696K), [Perm : 6042K->6042K(21248K)], 0.0088660 secs] [Times: user=0.00 sys=0.00, real=0.00 secs] 
17.187: Total time for which application threads were stopped: 0.0091000 seconds, Stopping threads took: 0.0001510 seconds
17.188: Application time: 0.0005710 seconds
17.188: [Full GC17.188: [Tenured: 20114K->20116K(20480K), 0.0097200 secs] 28690K->25110K(29696K), [Perm : 6042K->6042K(21248K)], 0.0097630 secs] [Times: user=0.01 sys=0.00, real=0.01 secs] 
17.198: Total time for which application threads were stopped: 0.0100330 seconds, Stopping threads took: 0.0001720 seconds
17.198: Application time: 0.0008890 seconds
17.199: [Full GC17.199: [Tenured: 20116K->20117K(20480K), 0.0097450 secs] 28698K->26535K(29696K), [Perm : 6042K->6042K(21248K)], 0.0097890 secs] [Times: user=0.01 sys=0.00, real=0.01 secs] 
17.209: Total time for which application threads were stopped: 0.0101350 seconds, Stopping threads took: 0.0002680 seconds
17.209: Application time: 0.0003300 seconds
17.209: [Full GC17.209: [Tenured: 20117K->20117K(20480K), 0.0074650 secs] 28684K->27248K(29696K), [Perm : 6042K->6042K(21248K)], 0.0075020 secs] [Times: user=0.01 sys=0.00, real=0.01 secs] 
17.217: Total time for which application threads were stopped: 0.0077530 seconds, Stopping threads took: 0.0001800 seconds
17.217: Application time: 0.0005700 seconds
17.218: [Full GC17.218: [Tenured: 20117K->20116K(20480K), 0.0092830 secs] 28689K->24397K(29696K), [Perm : 6042K->6042K(21248K)], 0.0093210 secs] [Times: user=0.01 sys=0.00, real=0.00 secs] 
17.227: Total time for which application threads were stopped: 0.0099080 seconds, Stopping threads took: 0.0005040 seconds
17.228: Application time: 0.0008890 seconds
17.228: [Full GC17.228: [Tenured: 20116K->20112K(20480K), 0.0097710 secs] 28700K->24387K(29696K), [Perm : 6042K->6042K(21248K)], 0.0098170 secs] [Times: user=0.01 sys=0.00, real=0.01 secs] 
17.238: Total time for which application threads were stopped: 0.0100740 seconds, Stopping threads took: 0.0001860 seconds
17.239: Application time: 0.0005560 seconds
17.239: [Full GC17.239: [Tenured: 20112K->20112K(20480K), 0.0089270 secs] 28669K->24387K(29696K), [Perm : 6042K->6042K(21248K)], 0.0089630 secs] [Times: user=0.01 sys=0.00, real=0.01 secs] 
17.248: Total time for which application threads were stopped: 0.0092670 seconds, Stopping threads took: 0.0002240 seconds
17.249: Application time: 0.0012490 seconds
17.250: [Full GC17.250: [Tenured: 20112K->20112K(20480K), 0.0094170 secs] 28671K->25100K(29696K), [Perm : 6042K->6042K(21248K)], 0.0094630 secs] [Times: user=0.01 sys=0.00, real=0.01 secs] 
17.259: Total time for which application threads were stopped: 0.0097620 seconds, Stopping threads took: 0.0002270 seconds
17.260: Application time: 0.0011860 seconds
17.260: [Full GC17.260: [Tenured: 20112K->20112K(20480K), 0.0106250 secs] 28687K->23676K(29696K), [Perm : 6042K->6042K(21248K)], 0.0106680 secs] [Times: user=0.01 sys=0.00, real=0.01 secs] 
17.271: Total time for which application threads were stopped: 0.0108940 seconds, Stopping threads took: 0.0001330 seconds
17.272: Application time: 0.0013160 seconds
17.273: [Full GC17.273: [Tenured: 20112K->20113K(20480K), 0.0082380 secs] 28670K->25814K(29696K), [Perm : 6042K->6042K(21248K)], 0.0082800 secs] [Times: user=0.01 sys=0.00, real=0.01 secs] 
17.281: Total time for which application threads were stopped: 0.0086190 seconds, Stopping threads took: 0.0002540 seconds
17.282: Application time: 0.0005880 seconds
17.282: [Full GC17.282: [Tenured: 20113K->20113K(20480K), 0.0089940 secs] 28664K->27951K(29696K), [Perm : 6042K->6042K(21248K)], 0.0090370 secs] [Times: user=0.01 sys=0.00, real=0.01 secs] 
17.291: Total time for which application threads were stopped: 0.0093290 seconds, Stopping threads took: 0.0001990 seconds
17.291: Application time: 0.0001700 seconds
17.291: [Full GC17.291: [Tenured: 20113K->20113K(20480K), 0.0094840 secs] 28668K->27239K(29696K), [Perm : 6042K->6042K(21248K)], 0.0095280 secs] [Times: user=0.01 sys=0.00, real=0.01 secs] 
17.301: Total time for which application threads were stopped: 0.0097400 seconds, Stopping threads took: 0.0001380 seconds
17.301: Application time: 0.0000930 seconds
17.301: [Full GC17.301: [Tenured: 20113K->20113K(20480K), 0.0089590 secs] 28666K->26526K(29696K), [Perm : 6042K->6042K(21248K)], 0.0089980 secs] [Times: user=0.01 sys=0.00, real=0.01 secs] 
17.310: Total time for which application threads were stopped: 0.0091580 seconds, Stopping threads took: 0.0000810 seconds
17.311: Application time: 0.0005020 seconds
17.311: [Full GC17.311: [Tenured: 20113K->20113K(20480K), 0.0086660 secs] 28664K->25814K(29696K), [Perm : 6042K->6042K(21248K)], 0.0087050 secs] [Times: user=0.01 sys=0.00, real=0.01 secs] 
17.320: Total time for which application threads were stopped: 0.0089500 seconds, Stopping threads took: 0.0001830 seconds
17.320: Application time: 0.0002940 seconds
17.320: [Full GC17.320: [Tenured: 20113K->20113K(20480K), 0.0080070 secs] 28668K->27951K(29696K), [Perm : 6042K->6042K(21248K)], 0.0080460 secs] [Times: user=0.01 sys=0.00, real=0.01 secs] 
17.328: Total time for which application threads were stopped: 0.0082730 seconds, Stopping threads took: 0.0001620 seconds
17.329: Application time: 0.0009590 seconds
17.329: [Full GC17.329: [Tenured: 20113K->20113K(20480K), 0.0092460 secs] 28668K->27239K(29696K), [Perm : 6042K->6042K(21248K)], 0.0092850 secs] [Times: user=0.01 sys=0.00, real=0.01 secs] 
17.339: Total time for which application threads were stopped: 0.0094380 seconds, Stopping threads took: 0.0000860 seconds
17.339: Application time: 0.0005800 seconds
17.339: [Full GC17.339: [Tenured: 20113K->20113K(20480K), 0.0081310 secs] 28664K->25814K(29696K), [Perm : 6042K->6042K(21248K)], 0.0081700 secs] [Times: user=0.01 sys=0.00, real=0.00 secs] 
17.347: Total time for which application threads were stopped: 0.0083050 seconds, Stopping threads took: 0.0000610 seconds
17.348: Application time: 0.0002140 seconds
17.348: [Full GC17.348: [Tenured: 20113K->20113K(20480K), 0.0070360 secs] 28666K->27951K(29696K), [Perm : 6042K->6042K(21248K)], 0.0070730 secs] [Times: user=0.01 sys=0.00, real=0.00 secs] 
17.355: Total time for which application threads were stopped: 0.0072490 seconds, Stopping threads took: 0.0000950 seconds
17.355: Application time: 0.0000610 seconds
17.355: [Full GC17.355: [Tenured: 20113K->20113K(20480K), 0.0054500 secs] 28664K->28664K(29696K), [Perm : 6042K->6042K(21248K)], 0.0054770 secs] [Times: user=0.01 sys=0.00, real=0.01 secs] 
17.361: [Full GC17.361: [Tenured: 20113K->20112K(20480K), 0.0073640 secs] 28664K->27950K(29696K), [Perm : 6042K->6042K(21248K)], 0.0073950 secs] [Times: user=0.00 sys=0.00, real=0.01 secs] 
17.368: Total time for which application threads were stopped: 0.0131160 seconds, Stopping threads took: 0.0001590 seconds
17.368: Application time: 0.0001450 seconds
17.368: [Full GC17.368: [Tenured: 20112K->20112K(20480K), 0.0091680 secs] 28665K->27238K(29696K), [Perm : 6042K->6042K(21248K)], 0.0092040 secs] [Times: user=0.01 sys=0.00, real=0.01 secs] 
17.378: Total time for which application threads were stopped: 0.0094660 seconds, Stopping threads took: 0.0001720 seconds
17.378: Application time: 0.0001340 seconds
17.378: [Full GC17.378: [Tenured: 20112K->20112K(20480K), 0.0067930 secs] 28665K->28663K(29696K), [Perm : 6042K->6042K(21248K)], 0.0068250 secs] [Times: user=0.00 sys=0.00, real=0.00 secs] 
17.385: [Full GC17.385: [Tenured: 20112K->20112K(20480K), 0.0070940 secs] 28663K->27950K(29696K), [Perm : 6042K->6042K(21248K)], 0.0071260 secs] [Times: user=0.01 sys=0.00, real=0.01 secs] 
17.392: Total time for which application threads were stopped: 0.0141880 seconds, Stopping threads took: 0.0001260 seconds
17.392: Application time: 0.0003060 seconds
17.393: [Full GC17.393: [Tenured: 20112K->20112K(20480K), 0.0066290 secs] 28663K->27950K(29696K), [Perm : 6042K->6042K(21248K)], 0.0066590 secs] [Times: user=0.01 sys=0.00, real=0.01 secs] 
17.399: Total time for which application threads were stopped: 0.0068790 seconds, Stopping threads took: 0.0001470 seconds
17.399: Application time: 0.0000640 seconds
17.399: [Full GC17.399: [Tenured: 20112K->20112K(20480K), 0.0078220 secs] 28665K->26525K(29696K), [Perm : 6042K->6042K(21248K)], 0.0078600 secs] [Times: user=0.01 sys=0.00, real=0.00 secs] 
17.407: Total time for which application threads were stopped: 0.0080100 seconds, Stopping threads took: 0.0000900 seconds
17.407: Application time: 0.0001960 seconds
17.408: [Full GC17.408: [Tenured: 20112K->20112K(20480K), 0.0085450 secs] 28663K->26525K(29696K), [Perm : 6042K->6042K(21248K)], 0.0085840 secs] [Times: user=0.01 sys=0.00, real=0.02 secs] 
17.416: Total time for which application threads were stopped: 0.0088180 seconds, Stopping threads took: 0.0001490 seconds
17.416: Application time: 0.0001790 seconds
17.417: [Full GC17.417: [Tenured: 20112K->20112K(20480K), 0.0078670 secs] 28665K->28663K(29696K), [Perm : 6042K->6042K(21248K)], 0.0079020 secs] [Times: user=0.01 sys=0.00, real=0.00 secs] 
17.425: [Full GC17.425: [Tenured: 20112K->20112K(20480K), 0.0075830 secs] 28663K->27950K(29696K), [Perm : 6042K->6042K(21248K)], 0.0076140 secs] [Times: user=0.01 sys=0.00, real=0.01 secs] 
17.433: Total time for which application threads were stopped: 0.0160870 seconds, Stopping threads took: 0.0004650 seconds
17.433: Application time: 0.0000880 seconds
17.433: [Full GC17.433: [Tenured: 20112K->20112K(20480K), 0.0084680 secs] 28667K->27237K(29696K), [Perm : 6042K->6042K(21248K)], 0.0085060 secs] [Times: user=0.01 sys=0.00, real=0.01 secs] 
17.441: Total time for which application threads were stopped: 0.0087490 seconds, Stopping threads took: 0.0001600 seconds
17.442: Application time: 0.0001200 seconds
17.442: [Full GC17.442: [Tenured: 20112K->20112K(20480K), 0.0078300 secs] 28667K->26525K(29696K), [Perm : 6042K->6042K(21248K)], 0.0078640 secs] [Times: user=0.00 sys=0.00, real=0.01 secs] 
17.449: Total time for which application threads were stopped: 0.0079720 seconds, Stopping threads took: 0.0000480 seconds
17.450: Application time: 0.0004230 seconds
17.450: [Full GC17.450: [Tenured: 20112K->20112K(20480K), 0.0079290 secs] 28663K->25812K(29696K), [Perm : 6042K->6042K(21248K)], 0.0079650 secs] [Times: user=0.01 sys=0.00, real=0.01 secs] 
17.458: Total time for which application threads were stopped: 0.0084770 seconds, Stopping threads took: 0.0004530 seconds
17.459: Application time: 0.0007310 seconds
17.459: [Full GC17.459: [Tenured: 20112K->20111K(20480K), 0.0098170 secs] 28669K->26524K(29696K), [Perm : 6042K->6042K(21248K)], 0.0098560 secs] [Times: user=0.01 sys=0.00, real=0.01 secs] 
17.469: Total time for which application threads were stopped: 0.0100530 seconds, Stopping threads took: 0.0001340 seconds
17.470: Application time: 0.0007770 seconds
17.470: [Full GC17.470: [Tenured: 20111K->20111K(20480K), 0.0109080 secs] 28665K->25099K(29696K), [Perm : 6042K->6042K(21248K)], 0.0109460 secs] [Times: user=0.01 sys=0.00, real=0.01 secs] 
17.481: Total time for which application threads were stopped: 0.0112100 seconds, Stopping threads took: 0.0002010 seconds
17.482: Application time: 0.0008930 seconds
17.483: [Full GC17.483: [Tenured: 20111K->20111K(20480K), 0.0094230 secs] 28672K->23675K(29696K), [Perm : 6043K->6043K(21248K)], 0.0094720 secs] [Times: user=0.01 sys=0.00, real=0.01 secs] 
17.492: Total time for which application threads were stopped: 0.0104140 seconds, Stopping threads took: 0.0008530 seconds
17.494: Application time: 0.0012740 seconds
17.494: [Full GC17.494: [Tenured: 20111K->20111K(20480K), 0.0086140 secs] 28679K->21536K(29696K), [Perm : 6043K->6043K(21248K)], 0.0086520 secs] [Times: user=0.01 sys=0.00, real=0.01 secs] 
17.503: Total time for which application threads were stopped: 0.0092500 seconds, Stopping threads took: 0.0005260 seconds
17.505: Application time: 0.0018080 seconds
17.505: [Full GC17.505: [Tenured: 20111K->19398K(20480K), 0.0104740 secs] 28672K->19398K(29696K), [Perm : 6043K->6043K(21248K)], 0.0105150 secs] [Times: user=0.01 sys=0.00, real=0.01 secs] 
17.516: Total time for which application threads were stopped: 0.0109480 seconds, Stopping threads took: 0.0003350 seconds
17.518: Application time: 0.0026230 seconds
17.519: [GC17.519: [ParNew: 7869K->7869K(9216K), 0.0000110 secs]17.519: [Tenured: 19398K->20110K(20480K), 0.0114650 secs] 27267K->24387K(29696K), [Perm : 6043K->6043K(21248K)], 0.0115230 secs] [Times: user=0.01 sys=0.00, real=0.01 secs] 
17.530: Total time for which application threads were stopped: 0.0118540 seconds, Stopping threads took: 0.0002380 seconds
17.531: Application time: 0.0009550 seconds
17.531: [Full GC17.532: [Tenured: 20110K->20112K(20480K), 0.0099430 secs] 28669K->25100K(29696K), [Perm : 6043K->6043K(21248K)], 0.0099840 secs] [Times: user=0.01 sys=0.00, real=0.01 secs] 
17.542: Total time for which application threads were stopped: 0.0102860 seconds, Stopping threads took: 0.0002150 seconds
17.543: Application time: 0.0010150 seconds
17.543: [Full GC17.543: [Tenured: 20112K->20112K(20480K), 0.0084810 secs] 28669K->21537K(29696K), [Perm : 6043K->6043K(21248K)], 0.0085220 secs] [Times: user=0.01 sys=0.00, real=0.01 secs] 
17.552: Total time for which application threads were stopped: 0.0091510 seconds, Stopping threads took: 0.0005440 seconds
17.554: Application time: 0.0024150 seconds
17.554: [Full GC17.554: [Tenured: 20112K->20111K(20480K), 0.0105060 secs] 28682K->22962K(29696K), [Perm : 6043K->6043K(21248K)], 0.0105540 secs] [Times: user=0.01 sys=0.00, real=0.01 secs] 
17.565: Total time for which application threads were stopped: 0.0107430 seconds, Stopping threads took: 0.0001210 seconds
17.566: Application time: 0.0014930 seconds
17.566: [Full GC17.566: [Tenured: 20111K->20112K(20480K), 0.0095770 secs] 28670K->21537K(29696K), [Perm : 6043K->6043K(21248K)], 0.0096170 secs] [Times: user=0.01 sys=0.00, real=0.02 secs] 
17.576: Total time for which application threads were stopped: 0.0097810 seconds, Stopping threads took: 0.0000990 seconds
17.579: Application time: 0.0029070 seconds
17.579: [Full GC17.579: [Tenured: 20112K->20112K(20480K), 0.0096740 secs] 28679K->21537K(29696K), [Perm : 6043K->6043K(21248K)], 0.0097180 secs] [Times: user=0.01 sys=0.00, real=0.01 secs] 
17.589: Total time for which application threads were stopped: 0.0099880 seconds, Stopping threads took: 0.0001830 seconds
17.591: Application time: 0.0017820 seconds
17.591: [Full GC17.591: [Tenured: 20112K->20111K(20480K), 0.0086760 secs] 28670K->22249K(29696K), [Perm : 6043K->6043K(21248K)], 0.0087170 secs] [Times: user=0.01 sys=0.00, real=0.01 secs] 
17.600: Total time for which application threads were stopped: 0.0088920 seconds, Stopping threads took: 0.0001120 seconds
17.603: Application time: 0.0029130 seconds
17.603: [Full GC17.603: [Tenured: 20111K->20111K(20480K), 0.0081480 secs] 28668K->20824K(29696K), [Perm : 6043K->6043K(21248K)], 0.0081920 secs] [Times: user=0.01 sys=0.00, real=0.01 secs] 
17.611: Total time for which application threads were stopped: 0.0085810 seconds, Stopping threads took: 0.0003030 seconds
17.615: Application time: 0.0037800 seconds
17.615: [Full GC17.615: [Tenured: 20111K->20111K(20480K), 0.0098760 secs] 28678K->20111K(29696K), [Perm : 6044K->6044K(21248K)], 0.0099320 secs] [Times: user=0.01 sys=0.00, real=0.01 secs] 
17.625: Total time for which application threads were stopped: 0.0101280 seconds, Stopping threads took: 0.0001280 seconds
17.629: Application time: 0.0040670 seconds
17.629: [GC17.629: [ParNew: 7842K->7842K(9216K), 0.0000090 secs]17.629: [Tenured: 20111K->20111K(20480K), 0.0071960 secs] 27954K->20111K(29696K), [Perm : 6044K->6044K(21248K)], 0.0072530 secs] [Times: user=0.00 sys=0.00, real=0.01 secs] 
17.637: Total time for which application threads were stopped: 0.0074280 seconds, Stopping threads took: 0.0001110 seconds
17.641: Application time: 0.0040360 seconds
17.641: [GC17.641: [ParNew: 7849K->7849K(9216K), 0.0000100 secs]17.641: [Tenured: 20111K->19400K(20480K), 0.0076470 secs] 27961K->19400K(29696K), [Perm : 6044K->6044K(21248K)], 0.0076990 secs] [Times: user=0.01 sys=0.00, real=0.01 secs] 
17.649: Total time for which application threads were stopped: 0.0079110 seconds, Stopping threads took: 0.0001290 seconds
17.653: Application time: 0.0041430 seconds
17.653: [GC17.653: [ParNew: 7849K->7849K(9216K), 0.0000100 secs]17.653: [Tenured: 19400K->20113K(20480K), 0.0071890 secs] 27249K->20826K(29696K), [Perm : 6044K->6044K(21248K)], 0.0072440 secs] [Times: user=0.00 sys=0.00, real=0.01 secs] 
17.660: Total time for which application threads were stopped: 0.0074160 seconds, Stopping threads took: 0.0001060 seconds
17.663: Application time: 0.0033660 seconds
17.664: [Full GC17.664: [Tenured: 20113K->20112K(20480K), 0.0104880 secs] 28669K->21537K(29696K), [Perm : 6044K->6044K(21248K)], 0.0105320 secs] [Times: user=0.01 sys=0.00, real=0.01 secs] 
17.674: Total time for which application threads were stopped: 0.0107250 seconds, Stopping threads took: 0.0001240 seconds
17.679: Application time: 0.0046390 seconds
17.679: [Full GC17.679: [Tenured: 20112K->20112K(20480K), 0.0066780 secs] 28667K->20824K(29696K), [Perm : 6044K->6044K(21248K)], 0.0067260 secs] [Times: user=0.00 sys=0.00, real=0.00 secs] 
17.686: Total time for which application threads were stopped: 0.0069460 seconds, Stopping threads took: 0.0001340 seconds
17.689: Application time: 0.0029890 seconds
17.689: [Full GC17.689: [Tenured: 20112K->20112K(20480K), 0.0063700 secs] 28667K->21537K(29696K), [Perm : 6044K->6044K(21248K)], 0.0064140 secs] [Times: user=0.01 sys=0.00, real=0.00 secs] 
17.695: Total time for which application threads were stopped: 0.0065740 seconds, Stopping threads took: 0.0000950 seconds
17.700: Application time: 0.0049040 seconds
17.700: [Full GC17.700: [Tenured: 20112K->20112K(20480K), 0.0070710 secs] 28666K->20824K(29696K), [Perm : 6044K->6044K(21248K)], 0.0071170 secs] [Times: user=0.01 sys=0.00, real=0.00 secs] 
17.708: Total time for which application threads were stopped: 0.0073220 seconds, Stopping threads took: 0.0001170 seconds
17.711: Application time: 0.0031880 seconds
17.711: [Full GC17.711: [Tenured: 20112K->20112K(20480K), 0.0064030 secs] 28666K->21537K(29696K), [Perm : 6044K->6044K(21248K)], 0.0064500 secs] [Times: user=0.00 sys=0.00, real=0.01 secs] 
17.717: Total time for which application threads were stopped: 0.0066050 seconds, Stopping threads took: 0.0000790 seconds
17.722: Application time: 0.0046720 seconds
17.722: [Full GC17.722: [Tenured: 20112K->20112K(20480K), 0.0077560 secs] 28666K->21537K(29696K), [Perm : 6044K->6044K(21248K)], 0.0077960 secs] [Times: user=0.01 sys=0.00, real=0.01 secs] 
17.730: Total time for which application threads were stopped: 0.0079960 seconds, Stopping threads took: 0.0001380 seconds
17.734: Application time: 0.0036310 seconds
17.734: [Full GC17.734: [Tenured: 20112K->19398K(20480K), 0.0066740 secs] 28666K->19398K(29696K), [Perm : 6044K->6044K(21248K)], 0.0067140 secs] [Times: user=0.00 sys=0.00, real=0.01 secs] 
17.741: Total time for which application threads were stopped: 0.0068490 seconds, Stopping threads took: 0.0000720 seconds
17.745: Application time: 0.0041180 seconds
17.745: [GC17.745: [ParNew: 7852K->7852K(9216K), 0.0000200 secs]17.745: [Tenured: 19398K->17973K(20480K), 0.0094230 secs] 27251K->17973K(29696K), [Perm : 6044K->6044K(21248K)], 0.0094940 secs] [Times: user=0.01 sys=0.00, real=0.01 secs] 
17.754: Total time for which application threads were stopped: 0.0097380 seconds, Stopping threads took: 0.0001710 seconds
17.759: Application time: 0.0048370 seconds
17.760: [GC17.760: [ParNew: 7854K->7854K(9216K), 0.0000100 secs]17.760: [Tenured: 17973K->20112K(20480K), 0.0095350 secs] 25828K->20112K(29696K), [Perm : 6044K->6044K(21248K)], 0.0095930 secs] [Times: user=0.00 sys=0.00, real=0.01 secs] 
17.769: Total time for which application threads were stopped: 0.0098700 seconds, Stopping threads took: 0.0001880 seconds
17.775: Application time: 0.0056400 seconds
17.775: [GC17.775: [ParNew: 7844K->7844K(9216K), 0.0000100 secs]17.775: [Tenured: 20112K->20112K(20480K), 0.0066920 secs] 27956K->21537K(29696K), [Perm : 6044K->6044K(21248K)], 0.0067490 secs] [Times: user=0.01 sys=0.00, real=0.01 secs] 
17.782: Total time for which application threads were stopped: 0.0069850 seconds, Stopping threads took: 0.0001470 seconds
17.785: Application time: 0.0030210 seconds
17.785: [Full GC17.785: [Tenured: 20112K->20112K(20480K), 0.0085870 secs] 28667K->22249K(29696K), [Perm : 6044K->6044K(21248K)], 0.0086340 secs] [Times: user=0.01 sys=0.00, real=0.01 secs] 
17.794: Total time for which application threads were stopped: 0.0087920 seconds, Stopping threads took: 0.0000820 seconds
17.799: Application time: 0.0049370 seconds
17.799: [Full GC17.799: [Tenured: 20112K->20112K(20480K), 0.0094690 secs] 28667K->22962K(29696K), [Perm : 6044K->6044K(21248K)], 0.0095130 secs] [Times: user=0.01 sys=0.00, real=0.01 secs] 
17.808: Total time for which application threads were stopped: 0.0096810 seconds, Stopping threads took: 0.0001030 seconds
17.811: Application time: 0.0027350 seconds
17.811: [Full GC17.811: [Tenured: 20112K->20112K(20480K), 0.0084920 secs] 28667K->22962K(29696K), [Perm : 6044K->6044K(21248K)], 0.0085340 secs] [Times: user=0.00 sys=0.00, real=0.01 secs] 
17.820: Total time for which application threads were stopped: 0.0086670 seconds, Stopping threads took: 0.0000680 seconds
17.825: Application time: 0.0052750 seconds
17.825: [Full GC17.825: [Tenured: 20112K->20112K(20480K), 0.0062920 secs] 28665K->22962K(29696K), [Perm : 6044K->6044K(21248K)], 0.0063240 secs] [Times: user=0.00 sys=0.00, real=0.01 secs] 
17.831: Total time for which application threads were stopped: 0.0064310 seconds, Stopping threads took: 0.0000510 seconds
17.837: Application time: 0.0055970 seconds
17.837: [Full GC17.837: [Tenured: 20112K->20112K(20480K), 0.0068710 secs] 28672K->23675K(29696K), [Perm : 6044K->6044K(21248K)], 0.0069130 secs] [Times: user=0.01 sys=0.00, real=0.00 secs] 
17.844: Total time for which application threads were stopped: 0.0071430 seconds, Stopping threads took: 0.0001660 seconds
17.849: Application time: 0.0051250 seconds
17.849: [Full GC17.849: [Tenured: 20112K->20112K(20480K), 0.0073860 secs] 28666K->24388K(29696K), [Perm : 6044K->6044K(21248K)], 0.0074260 secs] [Times: user=0.02 sys=0.00, real=0.01 secs] 
17.857: Total time for which application threads were stopped: 0.0075650 seconds, Stopping threads took: 0.0000810 seconds
17.860: Application time: 0.0028410 seconds
17.860: [Full GC17.860: [Tenured: 20112K->20111K(20480K), 0.0082600 secs] 28666K->24387K(29696K), [Perm : 6044K->6044K(21248K)], 0.0083010 secs] [Times: user=0.01 sys=0.00, real=0.01 secs] 
17.868: Total time for which application threads were stopped: 0.0084250 seconds, Stopping threads took: 0.0000620 seconds
17.873: Application time: 0.0048160 seconds
17.873: [Full GC17.873: [Tenured: 20111K->20111K(20480K), 0.0058060 secs] 28665K->24387K(29696K), [Perm : 6044K->6044K(21248K)], 0.0058460 secs] [Times: user=0.00 sys=0.00, real=0.01 secs] 
17.879: Total time for which application threads were stopped: 0.0060310 seconds, Stopping threads took: 0.0001150 seconds
17.881: Application time: 0.0026210 seconds
17.882: [Full GC17.882: [Tenured: 20111K->20111K(20480K), 0.0056830 secs] 28665K->24387K(29696K), [Perm : 6044K->6044K(21248K)], 0.0057280 secs] [Times: user=0.01 sys=0.00, real=0.00 secs] 
17.887: Total time for which application threads were stopped: 0.0058380 seconds, Stopping threads took: 0.0000540 seconds
17.892: Application time: 0.0046030 seconds
17.892: [Full GC17.892: [Tenured: 20111K->20111K(20480K), 0.0069850 secs] 28664K->24387K(29696K), [Perm : 6044K->6044K(21248K)], 0.0070230 secs] [Times: user=0.00 sys=0.00, real=0.01 secs] 
17.899: Total time for which application threads were stopped: 0.0071820 seconds, Stopping threads took: 0.0001000 seconds
17.902: Application time: 0.0028300 seconds
17.902: [Full GC17.902: [Tenured: 20111K->20111K(20480K), 0.0058930 secs] 28664K->24387K(29696K), [Perm : 6044K->6044K(21248K)], 0.0059300 secs] [Times: user=0.01 sys=0.00, real=0.01 secs] 
17.908: Total time for which application threads were stopped: 0.0060500 seconds, Stopping threads took: 0.0000650 seconds
17.913: Application time: 0.0047060 seconds
17.913: [Full GC17.913: [Tenured: 20111K->20111K(20480K), 0.0062440 secs] 28664K->24387K(29696K), [Perm : 6044K->6044K(21248K)], 0.0062770 secs] [Times: user=0.00 sys=0.00, real=0.01 secs] 
17.919: Total time for which application threads were stopped: 0.0064570 seconds, Stopping threads took: 0.0001150 seconds
17.926: Application time: 0.0066840 seconds
17.926: [Full GC17.926: [Tenured: 20111K->20111K(20480K), 0.0084400 secs] 28675K->23674K(29696K), [Perm : 6044K->6044K(21248K)], 0.0084840 secs] [Times: user=0.01 sys=0.00, real=0.01 secs] 
17.934: Total time for which application threads were stopped: 0.0086010 seconds, Stopping threads took: 0.0000510 seconds
17.946: Application time: 0.0117870 seconds
17.946: [Full GC17.946: [Tenured: 20111K->20112K(20480K), 0.0099090 secs] 28668K->23674K(29696K), [Perm : 6044K->6044K(21248K)], 0.0099490 secs] [Times: user=0.01 sys=0.00, real=0.02 secs] 
17.956: Total time for which application threads were stopped: 0.0102170 seconds, Stopping threads took: 0.0001850 seconds
17.963: Application time: 0.0064660 seconds
17.963: [Full GC17.963: [Tenured: 20112K->20112K(20480K), 0.0089260 secs] 28668K->22962K(29696K), [Perm : 6044K->6044K(21248K)], 0.0089650 secs] [Times: user=0.01 sys=0.00, real=0.01 secs] 
17.972: Total time for which application threads were stopped: 0.0090930 seconds, Stopping threads took: 0.0000660 seconds
18.024: Application time: 0.0514840 seconds
18.024: [Full GC18.024: [Tenured: 20112K->20112K(20480K), 0.0088340 secs] 28670K->24387K(29696K), [Perm : 6044K->6044K(21248K)], 0.0088780 secs] [Times: user=0.01 sys=0.00, real=0.01 secs] 
18.033: Total time for which application threads were stopped: 0.0089990 seconds, Stopping threads took: 0.0000560 seconds
18.043: Application time: 0.0102960 seconds
18.043: [Full GC18.043: [Tenured: 20112K->20112K(20480K), 0.0091960 secs] 28668K->24387K(29696K), [Perm : 6044K->6044K(21248K)], 0.0092330 secs] [Times: user=0.01 sys=0.00, real=0.01 secs] 
18.052: Total time for which application threads were stopped: 0.0093770 seconds, Stopping threads took: 0.0000840 seconds
18.056: Application time: 0.0040150 seconds
18.056: [Full GC18.056: [Tenured: 20112K->20112K(20480K), 0.0092410 secs] 28668K->24387K(29696K), [Perm : 6044K->6044K(21248K)], 0.0092840 secs] [Times: user=0.00 sys=0.00, real=0.00 secs] 
18.066: Total time for which application threads were stopped: 0.0094000 seconds, Stopping threads took: 0.0000500 seconds
18.077: Application time: 0.0111190 seconds
18.077: [Full GC18.077: [Tenured: 20112K->20112K(20480K), 0.0086460 secs] 28668K->24387K(29696K), [Perm : 6044K->6044K(21248K)], 0.0086880 secs] [Times: user=0.01 sys=0.00, real=0.00 secs] 
18.086: Total time for which application threads were stopped: 0.0088050 seconds, Stopping threads took: 0.0000520 seconds
18.130: Application time: 0.0444840 seconds
18.130: [Full GC18.130: [Tenured: 20112K->20112K(20480K), 0.0088080 secs] 28668K->24387K(29696K), [Perm : 6044K->6044K(21248K)], 0.0088540 secs] [Times: user=0.01 sys=0.00, real=0.01 secs] 
18.139: Total time for which application threads were stopped: 0.0089720 seconds, Stopping threads took: 0.0000510 seconds
18.150: Application time: 0.0108790 seconds
18.150: [Full GC18.150: [Tenured: 20112K->20112K(20480K), 0.0092850 secs] 28668K->24387K(29696K), [Perm : 6044K->6044K(21248K)], 0.0093350 secs] [Times: user=0.01 sys=0.00, real=0.01 secs] 
18.159: Total time for which application threads were stopped: 0.0094560 seconds, Stopping threads took: 0.0000590 seconds
18.163: Application time: 0.0039340 seconds
18.163: [Full GC18.163: [Tenured: 20112K->20112K(20480K), 0.0092730 secs] 28668K->24387K(29696K), [Perm : 6044K->6044K(21248K)], 0.0093140 secs] [Times: user=0.01 sys=0.00, real=0.01 secs] 
18.173: Total time for which application threads were stopped: 0.0094320 seconds, Stopping threads took: 0.0000540 seconds
18.184: Application time: 0.0117050 seconds
18.185: [Full GC18.185: [Tenured: 20112K->20112K(20480K), 0.0091660 secs] 28668K->24387K(29696K), [Perm : 6044K->6044K(21248K)], 0.0092080 secs] [Times: user=0.01 sys=0.00, real=0.01 secs] 
18.194: Total time for which application threads were stopped: 0.0093760 seconds, Stopping threads took: 0.0001010 seconds
18.238: Application time: 0.0446600 seconds
18.239: [Full GC18.239: [Tenured: 20112K->20112K(20480K), 0.0096320 secs] 28668K->24387K(29696K), [Perm : 6044K->6044K(21248K)], 0.0096750 secs] [Times: user=0.01 sys=0.00, real=0.01 secs] 
18.248: Total time for which application threads were stopped: 0.0099220 seconds, Stopping threads took: 0.0001470 seconds
18.259: Application time: 0.0103660 seconds
18.259: [Full GC18.259: [Tenured: 20112K->20112K(20480K), 0.0100630 secs] 28668K->24387K(29696K), [Perm : 6044K->6044K(21248K)], 0.0101030 secs] [Times: user=0.01 sys=0.00, real=0.01 secs] 
18.269: Total time for which application threads were stopped: 0.0102830 seconds, Stopping threads took: 0.0000970 seconds
18.273: Application time: 0.0038350 seconds
18.273: [Full GC18.273: [Tenured: 20112K->20112K(20480K), 0.0095380 secs] 28668K->24387K(29696K), [Perm : 6044K->6044K(21248K)], 0.0095800 secs] [Times: user=0.01 sys=0.00, real=0.01 secs] 
18.283: Total time for which application threads were stopped: 0.0097740 seconds, Stopping threads took: 0.0001090 seconds
18.294: Application time: 0.0114420 seconds
18.294: [Full GC18.294: [Tenured: 20112K->20112K(20480K), 0.0092300 secs] 28668K->24387K(29696K), [Perm : 6044K->6044K(21248K)], 0.0092680 secs] [Times: user=0.01 sys=0.00, real=0.01 secs] 
18.303: Total time for which application threads were stopped: 0.0093930 seconds, Stopping threads took: 0.0000610 seconds
18.348: Application time: 0.0444460 seconds
18.348: [Full GC18.348: [Tenured: 20112K->20112K(20480K), 0.0092670 secs] 28668K->24387K(29696K), [Perm : 6044K->6044K(21248K)], 0.0093110 secs] [Times: user=0.01 sys=0.00, real=0.01 secs] 
18.357: Total time for which application threads were stopped: 0.0094420 seconds, Stopping threads took: 0.0000650 seconds
18.368: Application time: 0.0105090 seconds
18.368: [Full GC18.368: [Tenured: 20112K->20112K(20480K), 0.0094240 secs] 28668K->24387K(29696K), [Perm : 6044K->6044K(21248K)], 0.0094640 secs] [Times: user=0.01 sys=0.00, real=0.01 secs] 
18.377: Total time for which application threads were stopped: 0.0095720 seconds, Stopping threads took: 0.0000470 seconds
18.382: Application time: 0.0044840 seconds
18.382: [Full GC18.382: [Tenured: 20112K->20112K(20480K), 0.0093070 secs] 28668K->24387K(29696K), [Perm : 6044K->6044K(21248K)], 0.0093490 secs] [Times: user=0.01 sys=0.00, real=0.01 secs] 
18.391: Total time for which application threads were stopped: 0.0094720 seconds, Stopping threads took: 0.0000590 seconds
18.402: Application time: 0.0108780 seconds
18.402: [Full GC18.402: [Tenured: 20112K->20112K(20480K), 0.0092770 secs] 28668K->24387K(29696K), [Perm : 6044K->6044K(21248K)], 0.0093180 secs] [Times: user=0.01 sys=0.00, real=0.01 secs] 
18.412: Total time for which application threads were stopped: 0.0094740 seconds, Stopping threads took: 0.0000910 seconds
18.456: Application time: 0.0442850 seconds
18.456: [Full GC18.456: [Tenured: 20112K->20112K(20480K), 0.0088290 secs] 28668K->24387K(29696K), [Perm : 6044K->6044K(21248K)], 0.0088710 secs] [Times: user=0.00 sys=0.00, real=0.00 secs] 
18.465: Total time for which application threads were stopped: 0.0090190 seconds, Stopping threads took: 0.0000740 seconds
18.477: Application time: 0.0116900 seconds
18.477: [Full GC18.477: [Tenured: 20112K->20112K(20480K), 0.0091910 secs] 28668K->24387K(29696K), [Perm : 6044K->6044K(21248K)], 0.0092310 secs] [Times: user=0.01 sys=0.00, real=0.00 secs] 
18.486: Total time for which application threads were stopped: 0.0093760 seconds, Stopping threads took: 0.0000720 seconds
18.490: Application time: 0.0040150 seconds
18.490: [Full GC18.490: [Tenured: 20112K->20112K(20480K), 0.0091770 secs] 28668K->24387K(29696K), [Perm : 6044K->6044K(21248K)], 0.0092200 secs] [Times: user=0.01 sys=0.00, real=0.01 secs] 
18.499: Total time for which application threads were stopped: 0.0093510 seconds, Stopping threads took: 0.0000640 seconds
18.510: Application time: 0.0103840 seconds
18.510: [Full GC18.510: [Tenured: 20112K->20112K(20480K), 0.0101430 secs] 28668K->24387K(29696K), [Perm : 6044K->6044K(21248K)], 0.0101830 secs] [Times: user=0.01 sys=0.00, real=0.01 secs] 
18.520: Total time for which application threads were stopped: 0.0103550 seconds, Stopping threads took: 0.0001070 seconds
18.564: Application time: 0.0440490 seconds
18.564: [Full GC18.564: [Tenured: 20112K->20112K(20480K), 0.0086780 secs] 28668K->24387K(29696K), [Perm : 6044K->6044K(21248K)], 0.0087220 secs] [Times: user=0.01 sys=0.00, real=0.01 secs] 
18.573: Total time for which application threads were stopped: 0.0088510 seconds, Stopping threads took: 0.0000620 seconds
18.585: Application time: 0.0116080 seconds
18.585: [Full GC18.585: [Tenured: 20112K->20112K(20480K), 0.0087850 secs] 28668K->24387K(29696K), [Perm : 6044K->6044K(21248K)], 0.0088260 secs] [Times: user=0.00 sys=0.00, real=0.01 secs] 
18.594: Total time for which application threads were stopped: 0.0089360 seconds, Stopping threads took: 0.0000480 seconds
18.598: Application time: 0.0045560 seconds
18.598: [Full GC18.598: [Tenured: 20112K->20112K(20480K), 0.0100260 secs] 28668K->24387K(29696K), [Perm : 6044K->6044K(21248K)], 0.0100630 secs] [Times: user=0.01 sys=0.00, real=0.01 secs] 
18.608: Total time for which application threads were stopped: 0.0101980 seconds, Stopping threads took: 0.0000740 seconds
18.619: Application time: 0.0103660 seconds
18.619: [Full GC18.619: [Tenured: 20112K->20112K(20480K), 0.0093220 secs] 28668K->24387K(29696K), [Perm : 6044K->6044K(21248K)], 0.0093630 secs] [Times: user=0.01 sys=0.00, real=0.01 secs] 
18.628: Total time for which application threads were stopped: 0.0094870 seconds, Stopping threads took: 0.0000590 seconds
18.672: Application time: 0.0438220 seconds
18.672: [Full GC18.672: [Tenured: 20112K->20112K(20480K), 0.0087880 secs] 28668K->24387K(29696K), [Perm : 6044K->6044K(21248K)], 0.0088300 secs] [Times: user=0.01 sys=0.00, real=0.01 secs] 
18.681: Total time for which application threads were stopped: 0.0089500 seconds, Stopping threads took: 0.0000560 seconds
18.693: Application time: 0.0116540 seconds
18.693: [Full GC18.693: [Tenured: 20112K->20112K(20480K), 0.0092310 secs] 28668K->24387K(29696K), [Perm : 6044K->6044K(21248K)], 0.0092710 secs] [Times: user=0.00 sys=0.00, real=0.01 secs] 
18.702: Total time for which application threads were stopped: 0.0093990 seconds, Stopping threads took: 0.0000640 seconds
18.707: Application time: 0.0046760 seconds
18.707: [Full GC18.707: [Tenured: 20112K->20112K(20480K), 0.0093310 secs] 28668K->24387K(29696K), [Perm : 6044K->6044K(21248K)], 0.0093690 secs] [Times: user=0.01 sys=0.00, real=0.02 secs] 
18.716: Total time for which application threads were stopped: 0.0094900 seconds, Stopping threads took: 0.0000580 seconds
18.727: Application time: 0.0102820 seconds
18.727: [Full GC18.727: [Tenured: 20112K->20112K(20480K), 0.0092510 secs] 28668K->24387K(29696K), [Perm : 6044K->6044K(21248K)], 0.0092910 secs] [Times: user=0.01 sys=0.00, real=0.02 secs] 
18.736: Total time for which application threads were stopped: 0.0094280 seconds, Stopping threads took: 0.0000620 seconds
18.779: Application time: 0.0433810 seconds
18.779: [Full GC18.780: [Tenured: 20112K->20112K(20480K), 0.0086760 secs] 28668K->24387K(29696K), [Perm : 6044K->6044K(21248K)], 0.0087190 secs] [Times: user=0.01 sys=0.00, real=0.01 secs] 
18.788: Total time for which application threads were stopped: 0.0088500 seconds, Stopping threads took: 0.0000540 seconds
18.801: Application time: 0.0130070 seconds
18.801: [Full GC18.801: [Tenured: 20112K->20112K(20480K), 0.0092560 secs] 28668K->24387K(29696K), [Perm : 6044K->6044K(21248K)], 0.0092930 secs] [Times: user=0.01 sys=0.00, real=0.01 secs] 
18.811: Total time for which application threads were stopped: 0.0094120 seconds, Stopping threads took: 0.0000580 seconds
18.814: Application time: 0.0033290 seconds
18.814: [Full GC18.814: [Tenured: 20112K->20112K(20480K), 0.0092620 secs] 28668K->24387K(29696K), [Perm : 6044K->6044K(21248K)], 0.0093030 secs] [Times: user=0.01 sys=0.00, real=0.01 secs] 
18.823: Total time for which application threads were stopped: 0.0094330 seconds, Stopping threads took: 0.0000640 seconds
18.834: Application time: 0.0109990 seconds
18.835: [Full GC18.835: [Tenured: 20112K->20112K(20480K), 0.0091320 secs] 28668K->24387K(29696K), [Perm : 6044K->6044K(21248K)], 0.0091760 secs] [Times: user=0.01 sys=0.00, real=0.01 secs] 
18.844: Total time for which application threads were stopped: 0.0093050 seconds, Stopping threads took: 0.0000610 seconds
18.887: Application time: 0.0433870 seconds
18.887: [Full GC18.887: [Tenured: 20112K->20112K(20480K), 0.0086500 secs] 28668K->24387K(29696K), [Perm : 6044K->6044K(21248K)], 0.0086940 secs] [Times: user=0.01 sys=0.00, real=0.02 secs] 
18.896: Total time for which application threads were stopped: 0.0088250 seconds, Stopping threads took: 0.0000660 seconds
18.909: Application time: 0.0132210 seconds
18.909: [Full GC18.909: [Tenured: 20112K->20112K(20480K), 0.0100810 secs] 28668K->24387K(29696K), [Perm : 6044K->6044K(21248K)], 0.0101210 secs] [Times: user=0.01 sys=0.00, real=0.01 secs] 
18.919: Total time for which application threads were stopped: 0.0102890 seconds, Stopping threads took: 0.0001060 seconds
18.923: Application time: 0.0034800 seconds
18.923: [Full GC18.923: [Tenured: 20112K->20112K(20480K), 0.0092600 secs] 28668K->24387K(29696K), [Perm : 6044K->6044K(21248K)], 0.0093000 secs] [Times: user=0.01 sys=0.00, real=0.01 secs] 
18.932: Total time for which application threads were stopped: 0.0094290 seconds, Stopping threads took: 0.0000630 seconds
18.943: Application time: 0.0102810 seconds
18.943: [Full GC18.943: [Tenured: 20112K->20112K(20480K), 0.0090440 secs] 28668K->24387K(29696K), [Perm : 6044K->6044K(21248K)], 0.0090870 secs] [Times: user=0.01 sys=0.00, real=0.01 secs] 
18.952: Total time for which application threads were stopped: 0.0092120 seconds, Stopping threads took: 0.0000600 seconds
18.999: Application time: 0.0472660 seconds
18.999: [Full GC18.999: [Tenured: 20112K->20112K(20480K), 0.0092970 secs] 28668K->24387K(29696K), [Perm : 6044K->6044K(21248K)], 0.0093400 secs] [Times: user=0.01 sys=0.00, real=0.01 secs] 
19.009: Total time for which application threads were stopped: 0.0094620 seconds, Stopping threads took: 0.0000540 seconds
19.018: Application time: 0.0098170 seconds
19.019: [Full GC19.019: [Tenured: 20112K->20112K(20480K), 0.0087550 secs] 28685K->24388K(29696K), [Perm : 6044K->6044K(21248K)], 0.0087950 secs] [Times: user=0.01 sys=0.00, real=0.00 secs] 
19.027: Total time for which application threads were stopped: 0.0089180 seconds, Stopping threads took: 0.0000590 seconds
19.030: Application time: 0.0025730 seconds
19.030: [Full GC19.030: [Tenured: 20112K->20113K(20480K), 0.0085890 secs] 28687K->24390K(29696K), [Perm : 6044K->6044K(21248K)], 0.0086270 secs] [Times: user=0.01 sys=0.00, real=0.01 secs] 
19.039: Total time for which application threads were stopped: 0.0087830 seconds, Stopping threads took: 0.0000950 seconds
19.047: Application time: 0.0083050 seconds
19.047: [Full GC19.047: [Tenured: 20113K->20111K(20480K), 0.0101260 secs] 28680K->24387K(29696K), [Perm : 6045K->6045K(21248K)], 0.0101740 secs] [Times: user=0.01 sys=0.00, real=0.02 secs] 
19.057: Total time for which application threads were stopped: 0.0103230 seconds, Stopping threads took: 0.0000880 seconds
19.112: Application time: 0.0547620 seconds
19.112: [Full GC19.112: [Tenured: 20111K->20111K(20480K), 0.0092940 secs] 28676K->24388K(29696K), [Perm : 6045K->6045K(21248K)], 0.0093400 secs] [Times: user=0.01 sys=0.00, real=0.01 secs] 
19.122: Total time for which application threads were stopped: 0.0094630 seconds, Stopping threads took: 0.0000530 seconds
19.129: Application time: 0.0075540 seconds
19.129: [Full GC19.129: [Tenured: 20111K->20112K(20480K), 0.0097760 secs] 28677K->25813K(29696K), [Perm : 6045K->6045K(21248K)], 0.0098190 secs] [Times: user=0.01 sys=0.00, real=0.01 secs] 
19.139: Total time for which application threads were stopped: 0.0100430 seconds, Stopping threads took: 0.0001390 seconds
19.142: Application time: 0.0025580 seconds
19.142: [Full GC19.142: [Tenured: 20112K->20112K(20480K), 0.0090620 secs] 28667K->26526K(29696K), [Perm : 6045K->6045K(21248K)], 0.0091040 secs] [Times: user=0.01 sys=0.00, real=0.01 secs] 
19.151: Total time for which application threads were stopped: 0.0092180 seconds, Stopping threads took: 0.0000490 seconds
19.153: Application time: 0.0025520 seconds
19.154: [Full GC19.154: [Tenured: 20112K->20112K(20480K), 0.0105580 secs] 28667K->26524K(29696K), [Perm : 6045K->6045K(21248K)], 0.0105970 secs] [Times: user=0.01 sys=0.00, real=0.01 secs] 
19.164: Total time for which application threads were stopped: 0.0108580 seconds, Stopping threads took: 0.0001760 seconds
19.165: Application time: 0.0004550 seconds
19.165: [Full GC19.165: [Tenured: 20112K->20112K(20480K), 0.0088210 secs] 28666K->27237K(29696K), [Perm : 6045K->6045K(21248K)], 0.0088650 secs] [Times: user=0.01 sys=0.00, real=0.01 secs] 
19.174: Total time for which application threads were stopped: 0.0091690 seconds, Stopping threads took: 0.0002170 seconds
19.182: Application time: 0.0082450 seconds
19.182: [Full GC19.182: [Tenured: 20112K->20112K(20480K), 0.0060720 secs] 28664K->28662K(29696K), [Perm : 6045K->6045K(21248K)], 0.0060970 secs] [Times: user=0.00 sys=0.00, real=0.01 secs] 
19.188: [Full GC19.188: [Tenured: 20112K->20111K(20480K), 0.0091980 secs] 28662K->27948K(29696K), [Perm : 6045K->6045K(21248K)], 0.0092280 secs] [Times: user=0.01 sys=0.00, real=0.01 secs] 
19.198: Total time for which application threads were stopped: 0.0154720 seconds, Stopping threads took: 0.0000620 seconds
19.198: Application time: 0.0003040 seconds
19.198: [Full GC19.198: [Tenured: 20111K->20111K(20480K), 0.0086280 secs] 28661K->27948K(29696K), [Perm : 6045K->6045K(21248K)], 0.0086660 secs] [Times: user=0.01 sys=0.00, real=0.00 secs] 
19.207: Total time for which application threads were stopped: 0.0087870 seconds, Stopping threads took: 0.0000570 seconds
19.207: Application time: 0.0001050 seconds
19.207: [Full GC19.207: [Tenured: 20111K->20111K(20480K), 0.0059690 secs] 28661K->28661K(29696K), [Perm : 6045K->6045K(21248K)], 0.0059920 secs] [Times: user=0.00 sys=0.00, real=0.01 secs] 
19.213: [Full GC19.213: [Tenured: 20111K->20111K(20480K), 0.0048040 secs] 28661K->28661K(29696K), [Perm : 6045K->6045K(21248K)], 0.0048230 secs] [Times: user=0.01 sys=0.00, real=0.01 secs] 
19.218: Total time for which application threads were stopped: 0.0109450 seconds, Stopping threads took: 0.0000560 seconds
19.229: Application time: 0.0115520 seconds
19.230: [Full GC19.230: [Tenured: 20150K->20110K(20480K), 0.0082170 secs] 29366K->26552K(29696K), [Perm : 6045K->6045K(21248K)], 0.0082580 secs] [Times: user=0.01 sys=0.00, real=0.01 secs] 
19.238: Total time for which application threads were stopped: 0.0084080 seconds, Stopping threads took: 0.0000860 seconds
19.241: Application time: 0.0034450 seconds
19.241: [Full GC19.241: [Tenured: 20110K->20109K(20480K), 0.0108640 secs] 28698K->27265K(29696K), [Perm : 6045K->6045K(21248K)], 0.0109010 secs] [Times: user=0.02 sys=0.00, real=0.01 secs] 
19.252: Total time for which application threads were stopped: 0.0110280 seconds, Stopping threads took: 0.0000560 seconds
19.253: Application time: 0.0003020 seconds
19.253: [Full GC19.253: [Tenured: 20109K->20109K(20480K), 0.0057110 secs] 28690K->27978K(29696K), [Perm : 6045K->6045K(21248K)], 0.0057420 secs] [Times: user=0.00 sys=0.00, real=0.01 secs] 
19.258: Total time for which application threads were stopped: 0.0058570 seconds, Stopping threads took: 0.0000610 seconds
19.261: Application time: 0.0021770 seconds
19.261: [Full GC19.261: [Tenured: 20109K->20109K(20480K), 0.0052570 secs] 28692K->27978K(29696K), [Perm : 6045K->6045K(21248K)], 0.0052840 secs] [Times: user=0.01 sys=0.00, real=0.00 secs] 
19.266: Total time for which application threads were stopped: 0.0053750 seconds, Stopping threads took: 0.0000440 seconds
19.266: Application time: 0.0001870 seconds
19.266: [Full GC19.266: [Tenured: 20109K->20109K(20480K), 0.0065160 secs] 28690K->27265K(29696K), [Perm : 6045K->6045K(21248K)], 0.0065460 secs] [Times: user=0.00 sys=0.00, real=0.01 secs] 
19.273: Total time for which application threads were stopped: 0.0066830 seconds, Stopping threads took: 0.0000800 seconds
19.276: Application time: 0.0029160 seconds
19.276: [Full GC19.276: [Tenured: 20109K->20109K(20480K), 0.0066110 secs] 28692K->27978K(29696K), [Perm : 6045K->6045K(21248K)], 0.0066430 secs] [Times: user=0.00 sys=0.00, real=0.00 secs] 
19.283: Total time for which application threads were stopped: 0.0068330 seconds, Stopping threads took: 0.0001130 seconds
19.283: Application time: 0.0002030 seconds
19.283: [Full GC19.283: [Tenured: 20109K->20109K(20480K), 0.0069040 secs] 28690K->27265K(29696K), [Perm : 6045K->6045K(21248K)], 0.0069350 secs] [Times: user=0.00 sys=0.00, real=0.01 secs] 
19.290: Total time for which application threads were stopped: 0.0071820 seconds, Stopping threads took: 0.0001590 seconds
19.293: Application time: 0.0031780 seconds
19.293: [Full GC19.293: [Tenured: 20109K->20109K(20480K), 0.0064830 secs] 28692K->27978K(29696K), [Perm : 6045K->6045K(21248K)], 0.0065160 secs] [Times: user=0.01 sys=0.00, real=0.01 secs] 
19.300: Total time for which application threads were stopped: 0.0066710 seconds, Stopping threads took: 0.0000960 seconds
19.300: Application time: 0.0002190 seconds
19.300: [Full GC19.300: [Tenured: 20109K->20109K(20480K), 0.0068640 secs] 28690K->27265K(29696K), [Perm : 6045K->6045K(21248K)], 0.0068980 secs] [Times: user=0.00 sys=0.00, real=0.00 secs] 
19.307: Total time for which application threads were stopped: 0.0070690 seconds, Stopping threads took: 0.0000850 seconds
19.311: Application time: 0.0037370 seconds
19.311: [Full GC19.311: [Tenured: 20109K->20109K(20480K), 0.0066610 secs] 28692K->27978K(29696K), [Perm : 6045K->6045K(21248K)], 0.0066980 secs] [Times: user=0.01 sys=0.00, real=0.01 secs] 
19.318: Total time for which application threads were stopped: 0.0068710 seconds, Stopping threads took: 0.0001130 seconds
19.318: Application time: 0.0002510 seconds
19.318: [Full GC19.318: [Tenured: 20109K->20109K(20480K), 0.0063880 secs] 28690K->27265K(29696K), [Perm : 6045K->6045K(21248K)], 0.0064170 secs] [Times: user=0.01 sys=0.00, real=0.00 secs] 
19.325: Total time for which application threads were stopped: 0.0066390 seconds, Stopping threads took: 0.0001460 seconds
19.328: Application time: 0.0029180 seconds
19.328: [Full GC19.328: [Tenured: 20109K->20109K(20480K), 0.0063210 secs] 28692K->27978K(29696K), [Perm : 6045K->6045K(21248K)], 0.0063560 secs] [Times: user=0.01 sys=0.00, real=0.01 secs] 
19.334: Total time for which application threads were stopped: 0.0064910 seconds, Stopping threads took: 0.0000760 seconds
19.334: Application time: 0.0002150 seconds
19.334: [Full GC19.334: [Tenured: 20109K->20109K(20480K), 0.0048800 secs] 28690K->27265K(29696K), [Perm : 6045K->6045K(21248K)], 0.0049080 secs] [Times: user=0.01 sys=0.00, real=0.01 secs] 
19.339: Total time for which application threads were stopped: 0.0050020 seconds, Stopping threads took: 0.0000460 seconds
19.342: Application time: 0.0023220 seconds
19.342: [Full GC19.342: [Tenured: 20109K->20109K(20480K), 0.0050650 secs] 28692K->27978K(29696K), [Perm : 6045K->6045K(21248K)], 0.0051010 secs] [Times: user=0.01 sys=0.00, real=0.00 secs] 
19.347: Total time for which application threads were stopped: 0.0052270 seconds, Stopping threads took: 0.0000660 seconds
19.347: Application time: 0.0001950 seconds
19.347: [Full GC19.347: [Tenured: 20109K->20109K(20480K), 0.0048830 secs] 28690K->27265K(29696K), [Perm : 6045K->6045K(21248K)], 0.0049100 secs] [Times: user=0.01 sys=0.00, real=0.01 secs] 
19.352: Total time for which application threads were stopped: 0.0050130 seconds, Stopping threads took: 0.0000530 seconds
19.354: Application time: 0.0022860 seconds
19.354: [Full GC19.354: [Tenured: 20109K->20109K(20480K), 0.0054870 secs] 28692K->27978K(29696K), [Perm : 6045K->6045K(21248K)], 0.0055150 secs] [Times: user=0.01 sys=0.00, real=0.01 secs] 
19.360: Total time for which application threads were stopped: 0.0056350 seconds, Stopping threads took: 0.0000680 seconds
19.360: Application time: 0.0001940 seconds
19.360: [Full GC19.360: [Tenured: 20109K->20109K(20480K), 0.0053200 secs] 28690K->27265K(29696K), [Perm : 6045K->6045K(21248K)], 0.0053500 secs] [Times: user=0.01 sys=0.00, real=0.00 secs] 
19.366: Total time for which application threads were stopped: 0.0054510 seconds, Stopping threads took: 0.0000480 seconds
19.368: Application time: 0.0019990 seconds
19.368: [Full GC19.368: [Tenured: 20109K->20109K(20480K), 0.0090910 secs] 28692K->27978K(29696K), [Perm : 6045K->6045K(21248K)], 0.0091340 secs] [Times: user=0.01 sys=0.00, real=0.02 secs] 
19.377: Total time for which application threads were stopped: 0.0092870 seconds, Stopping threads took: 0.0000870 seconds
19.377: Application time: 0.0005140 seconds
19.378: [Full GC19.378: [Tenured: 20109K->20109K(20480K), 0.0105200 secs] 28701K->27266K(29696K), [Perm : 6045K->6045K(21248K)], 0.0105580 secs] [Times: user=0.01 sys=0.00, real=0.01 secs] 
19.388: Total time for which application threads were stopped: 0.0107220 seconds, Stopping threads took: 0.0000990 seconds
19.388: Application time: 0.0001850 seconds
19.389: [Full GC19.389: [Tenured: 20109K->20109K(20480K), 0.0076520 secs] 28693K->27979K(29696K), [Perm : 6045K->6045K(21248K)], 0.0076840 secs] [Times: user=0.01 sys=0.00, real=0.01 secs] 
19.396: Total time for which application threads were stopped: 0.0079910 seconds, Stopping threads took: 0.0002440 seconds
19.397: Application time: 0.0002580 seconds
19.397: [Full GC19.397: [Tenured: 20109K->20109K(20480K), 0.0068780 secs] 28691K->27266K(29696K), [Perm : 6045K->6045K(21248K)], 0.0069110 secs] [Times: user=0.00 sys=0.00, real=0.00 secs] 
19.404: Total time for which application threads were stopped: 0.0070860 seconds, Stopping threads took: 0.0000970 seconds
19.406: Application time: 0.0026010 seconds
19.406: [Full GC19.406: [Tenured: 20109K->20108K(20480K), 0.0085480 secs] 28693K->27978K(29696K), [Perm : 6045K->6045K(21248K)], 0.0085900 secs] [Times: user=0.01 sys=0.00, real=0.01 secs] 
19.415: Total time for which application threads were stopped: 0.0087180 seconds, Stopping threads took: 0.0000600 seconds
19.415: Application time: 0.0003430 seconds
19.415: [Full GC19.415: [Tenured: 20108K->20108K(20480K), 0.0068370 secs] 28690K->27265K(29696K), [Perm : 6045K->6045K(21248K)], 0.0068670 secs] [Times: user=0.00 sys=0.00, real=0.01 secs] 
19.422: Total time for which application threads were stopped: 0.0070010 seconds, Stopping threads took: 0.0000720 seconds
19.425: Application time: 0.0027810 seconds
19.425: [Full GC19.425: [Tenured: 20108K->20108K(20480K), 0.0059220 secs] 28692K->27978K(29696K), [Perm : 6045K->6045K(21248K)], 0.0059540 secs] [Times: user=0.00 sys=0.00, real=0.01 secs] 
19.431: Total time for which application threads were stopped: 0.0060680 seconds, Stopping threads took: 0.0000600 seconds
19.431: Application time: 0.0002030 seconds
19.432: [Full GC19.432: [Tenured: 20108K->20108K(20480K), 0.0050790 secs] 28690K->27265K(29696K), [Perm : 6045K->6045K(21248K)], 0.0051070 secs] [Times: user=0.01 sys=0.00, real=0.01 secs] 
19.437: Total time for which application threads were stopped: 0.0052490 seconds, Stopping threads took: 0.0000850 seconds
19.439: Application time: 0.0024060 seconds
19.439: [Full GC19.439: [Tenured: 20108K->20108K(20480K), 0.0057810 secs] 28692K->27978K(29696K), [Perm : 6045K->6045K(21248K)], 0.0058090 secs] [Times: user=0.01 sys=0.00, real=0.00 secs] 
19.445: Total time for which application threads were stopped: 0.0059630 seconds, Stopping threads took: 0.0001040 seconds
19.445: Application time: 0.0003820 seconds
19.446: [Full GC19.446: [Tenured: 20108K->20108K(20480K), 0.0069330 secs] 28699K->27265K(29696K), [Perm : 6045K->6045K(21248K)], 0.0069680 secs] [Times: user=0.01 sys=0.00, real=0.01 secs] 
19.453: Total time for which application threads were stopped: 0.0071570 seconds, Stopping threads took: 0.0001050 seconds
19.456: Application time: 0.0032320 seconds
19.456: [Full GC19.456: [Tenured: 20108K->20108K(20480K), 0.0052080 secs] 28692K->27978K(29696K), [Perm : 6045K->6045K(21248K)], 0.0052360 secs] [Times: user=0.00 sys=0.00, real=0.00 secs] 
19.461: Total time for which application threads were stopped: 0.0053290 seconds, Stopping threads took: 0.0000420 seconds
19.461: Application time: 0.0001920 seconds
19.461: [Full GC19.461: [Tenured: 20108K->20108K(20480K), 0.0047790 secs] 28690K->27978K(29696K), [Perm : 6045K->6045K(21248K)], 0.0048090 secs] [Times: user=0.01 sys=0.00, real=0.00 secs] 
19.466: Total time for which application threads were stopped: 0.0049030 seconds, Stopping threads took: 0.0000450 seconds
19.466: Application time: 0.0000840 seconds
19.466: [Full GC19.466: [Tenured: 20108K->20108K(20480K), 0.0057520 secs] 28690K->28690K(29696K), [Perm : 6045K->6045K(21248K)], 0.0057820 secs] [Times: user=0.00 sys=0.00, real=0.01 secs] 
19.472: [Full GC19.472: [Tenured: 20108K->20108K(20480K), 0.0058010 secs] 28690K->28689K(29696K), [Perm : 6045K->6045K(21248K)], 0.0058300 secs] [Times: user=0.01 sys=0.00, real=0.01 secs] 
19.478: Total time for which application threads were stopped: 0.0118000 seconds, Stopping threads took: 0.0000880 seconds
19.489: Application time: 0.0108870 seconds
19.489: [Full GC19.489: [Tenured: 20108K->20108K(20480K), 0.0063500 secs] 28707K->25810K(29696K), [Perm : 6045K->6045K(21248K)], 0.0063800 secs] [Times: user=0.00 sys=0.00, real=0.00 secs] 
19.496: Total time for which application threads were stopped: 0.0065530 seconds, Stopping threads took: 0.0000990 seconds
19.497: Application time: 0.0014470 seconds
19.497: [Full GC19.497: [Tenured: 20108K->20110K(20480K), 0.0080640 secs] 28664K->24385K(29696K), [Perm : 6045K->6045K(21248K)], 0.0081010 secs] [Times: user=0.01 sys=0.00, real=0.00 secs] 
19.505: Total time for which application threads were stopped: 0.0082060 seconds, Stopping threads took: 0.0000460 seconds
19.511: Application time: 0.0061360 seconds
19.511: [Full GC19.511: [Tenured: 20110K->20081K(20480K), 0.0117440 secs] 28666K->25068K(29696K), [Perm : 6045K->6045K(21248K)], 0.0117830 secs] [Times: user=0.02 sys=0.00, real=0.01 secs] 
19.523: Total time for which application threads were stopped: 0.0119420 seconds, Stopping threads took: 0.0000830 seconds
19.529: Application time: 0.0059310 seconds
19.529: [Full GC19.529: [Tenured: 20081K->20081K(20480K), 0.0098530 secs] 28637K->25781K(29696K), [Perm : 6045K->6045K(21248K)], 0.0098950 secs] [Times: user=0.01 sys=0.00, real=0.01 secs] 
19.539: Total time for which application threads were stopped: 0.0101070 seconds, Stopping threads took: 0.0001230 seconds
19.566: Application time: 0.0264850 seconds
19.566: [Full GC19.566: [Tenured: 20081K->20081K(20480K), 0.0088590 secs] 28635K->25068K(29696K), [Perm : 6045K->6045K(21248K)], 0.0088980 secs] [Times: user=0.01 sys=0.00, real=0.01 secs] 
19.575: Total time for which application threads were stopped: 0.0090430 seconds, Stopping threads took: 0.0000810 seconds
19.610: Application time: 0.0355680 seconds
19.611: [Full GC19.611: [Tenured: 20081K->20081K(20480K), 0.0079540 secs] 28637K->26493K(29696K), [Perm : 6045K->6045K(21248K)], 0.0079930 secs] [Times: user=0.01 sys=0.00, real=0.01 secs] 
19.619: Total time for which application threads were stopped: 0.0081120 seconds, Stopping threads took: 0.0000470 seconds
19.620: Application time: 0.0014390 seconds
19.620: [Full GC19.620: [Tenured: 20081K->20081K(20480K), 0.0088040 secs] 28635K->26493K(29696K), [Perm : 6045K->6045K(21248K)], 0.0088420 secs] [Times: user=0.01 sys=0.00, real=0.01 secs] 
19.629: Total time for which application threads were stopped: 0.0089910 seconds, Stopping threads took: 0.0000870 seconds
19.633: Application time: 0.0035630 seconds
19.633: [Full GC19.633: [Tenured: 20081K->20081K(20480K), 0.0065870 secs] 28635K->27206K(29696K), [Perm : 6045K->6045K(21248K)], 0.0066220 secs] [Times: user=0.01 sys=0.00, real=0.01 secs] 
19.639: Total time for which application threads were stopped: 0.0067330 seconds, Stopping threads took: 0.0000510 seconds
19.640: Application time: 0.0002530 seconds
19.640: [Full GC19.640: [Tenured: 20081K->20081K(20480K), 0.0082490 secs] 28631K->26493K(29696K), [Perm : 6045K->6045K(21248K)], 0.0082860 secs] [Times: user=0.01 sys=0.00, real=0.01 secs] 
19.648: Total time for which application threads were stopped: 0.0083970 seconds, Stopping threads took: 0.0000520 seconds
19.650: Application time: 0.0022580 seconds
19.650: [Full GC19.650: [Tenured: 20081K->20081K(20480K), 0.0088160 secs] 28633K->26493K(29696K), [Perm : 6045K->6045K(21248K)], 0.0088530 secs] [Times: user=0.01 sys=0.00, real=0.01 secs] 
19.659: Total time for which application threads were stopped: 0.0090780 seconds, Stopping threads took: 0.0001420 seconds
19.662: Application time: 0.0024330 seconds
19.662: [Full GC19.662: [Tenured: 20081K->20081K(20480K), 0.0088690 secs] 28633K->26493K(29696K), [Perm : 6045K->6045K(21248K)], 0.0089150 secs] [Times: user=0.01 sys=0.00, real=0.01 secs] 
19.671: Total time for which application threads were stopped: 0.0091740 seconds, Stopping threads took: 0.0001330 seconds
19.674: Application time: 0.0028780 seconds
19.674: [Full GC19.674: [Tenured: 20081K->20081K(20480K), 0.0079610 secs] 28633K->26493K(29696K), [Perm : 6045K->6045K(21248K)], 0.0079980 secs] [Times: user=0.01 sys=0.00, real=0.01 secs] 
19.682: Total time for which application threads were stopped: 0.0081360 seconds, Stopping threads took: 0.0000650 seconds
19.709: Application time: 0.0272640 seconds
19.709: [Full GC19.709: [Tenured: 20081K->20081K(20480K), 0.0079910 secs] 28633K->26493K(29696K), [Perm : 6045K->6045K(21248K)], 0.0080290 secs] [Times: user=0.01 sys=0.00, real=0.01 secs] 
19.717: Total time for which application threads were stopped: 0.0081810 seconds, Stopping threads took: 0.0000870 seconds
19.733: Application time: 0.0158610 seconds
19.733: [Full GC19.733: [Tenured: 20081K->20081K(20480K), 0.0079810 secs] 28633K->26493K(29696K), [Perm : 6046K->6046K(21248K)], 0.0080170 secs] [Times: user=0.01 sys=0.00, real=0.01 secs] 
19.741: Total time for which application threads were stopped: 0.0081210 seconds, Stopping threads took: 0.0000450 seconds
19.764: Application time: 0.0231450 seconds
19.765: [Full GC19.765: [Tenured: 20081K->20081K(20480K), 0.0088070 secs] 28633K->26493K(29696K), [Perm : 6046K->6046K(21248K)], 0.0088500 secs] [Times: user=0.01 sys=0.00, real=0.01 secs] 
19.774: Total time for which application threads were stopped: 0.0090820 seconds, Stopping threads took: 0.0001440 seconds
19.776: Application time: 0.0022880 seconds
19.776: [Full GC19.776: [Tenured: 20081K->20081K(20480K), 0.0066380 secs] 28633K->26493K(29696K), [Perm : 6046K->6046K(21248K)], 0.0066750 secs] [Times: user=0.01 sys=0.00, real=0.00 secs] 
19.783: Total time for which application threads were stopped: 0.0067750 seconds, Stopping threads took: 0.0000400 seconds
19.785: Application time: 0.0023380 seconds
19.785: [Full GC19.785: [Tenured: 20081K->20081K(20480K), 0.0078470 secs] 28633K->26493K(29696K), [Perm : 6046K->6046K(21248K)], 0.0078820 secs] [Times: user=0.00 sys=0.00, real=0.01 secs] 
19.793: Total time for which application threads were stopped: 0.0080000 seconds, Stopping threads took: 0.0000450 seconds
19.795: Application time: 0.0021750 seconds
19.795: [Full GC19.795: [Tenured: 20081K->20081K(20480K), 0.0088500 secs] 28633K->26493K(29696K), [Perm : 6046K->6046K(21248K)], 0.0088940 secs] [Times: user=0.01 sys=0.00, real=0.01 secs] 
19.804: Total time for which application threads were stopped: 0.0090470 seconds, Stopping threads took: 0.0000920 seconds
19.807: Application time: 0.0027790 seconds
19.807: [Full GC19.807: [Tenured: 20081K->20081K(20480K), 0.0079970 secs] 28633K->26493K(29696K), [Perm : 6046K->6046K(21248K)], 0.0080340 secs] [Times: user=0.01 sys=0.00, real=0.01 secs] 
19.815: Total time for which application threads were stopped: 0.0081440 seconds, Stopping threads took: 0.0000480 seconds
19.818: Application time: 0.0027310 seconds
19.818: [Full GC19.818: [Tenured: 20081K->20081K(20480K), 0.0080810 secs] 28633K->26493K(29696K), [Perm : 6046K->6046K(21248K)], 0.0081190 secs] [Times: user=0.01 sys=0.00, real=0.00 secs] 
19.826: Total time for which application threads were stopped: 0.0082270 seconds, Stopping threads took: 0.0000460 seconds
19.855: Application time: 0.0284530 seconds
19.855: [Full GC19.855: [Tenured: 20081K->20081K(20480K), 0.0084850 secs] 28633K->26493K(29696K), [Perm : 6046K->6046K(21248K)], 0.0085270 secs] [Times: user=0.01 sys=0.00, real=0.01 secs] 
19.863: Total time for which application threads were stopped: 0.0086830 seconds, Stopping threads took: 0.0000840 seconds
19.876: Application time: 0.0131140 seconds
19.876: [Full GC19.876: [Tenured: 20081K->20081K(20480K), 0.0088600 secs] 28633K->26493K(29696K), [Perm : 6046K->6046K(21248K)], 0.0089000 secs] [Times: user=0.01 sys=0.00, real=0.00 secs] 
19.885: Total time for which application threads were stopped: 0.0090130 seconds, Stopping threads took: 0.0000450 seconds
19.907: Application time: 0.0214630 seconds
19.907: [Full GC19.907: [Tenured: 20081K->20081K(20480K), 0.0072300 secs] 28633K->26493K(29696K), [Perm : 6046K->6046K(21248K)], 0.0072720 secs] [Times: user=0.01 sys=0.00, real=0.01 secs] 
19.914: Total time for which application threads were stopped: 0.0074310 seconds, Stopping threads took: 0.0000950 seconds
19.915: Application time: 0.0007630 seconds
19.915: [Full GC19.915: [Tenured: 20081K->20081K(20480K), 0.0081140 secs] 28633K->26493K(29696K), [Perm : 6046K->6046K(21248K)], 0.0081500 secs] [Times: user=0.01 sys=0.00, real=0.01 secs] 
19.923: Total time for which application threads were stopped: 0.0082960 seconds, Stopping threads took: 0.0000660 seconds
19.926: Application time: 0.0028710 seconds
19.926: [Full GC19.926: [Tenured: 20081K->20081K(20480K), 0.0074860 secs] 28633K->26493K(29696K), [Perm : 6046K->6046K(21248K)], 0.0075260 secs] [Times: user=0.01 sys=0.00, real=0.01 secs] 
19.934: Total time for which application threads were stopped: 0.0076640 seconds, Stopping threads took: 0.0000660 seconds
19.936: Application time: 0.0019950 seconds
19.936: [Full GC19.936: [Tenured: 20081K->20081K(20480K), 0.0081410 secs] 28633K->26493K(29696K), [Perm : 6046K->6046K(21248K)], 0.0081790 secs] [Times: user=0.01 sys=0.00, real=0.00 secs] 
19.944: Total time for which application threads were stopped: 0.0082820 seconds, Stopping threads took: 0.0000440 seconds
19.946: Application time: 0.0022620 seconds
19.946: [Full GC19.946: [Tenured: 20081K->20081K(20480K), 0.0088090 secs] 28633K->26493K(29696K), [Perm : 6046K->6046K(21248K)], 0.0088470 secs] [Times: user=0.01 sys=0.00, real=0.01 secs] 
19.955: Total time for which application threads were stopped: 0.0089970 seconds, Stopping threads took: 0.0000880 seconds
19.988: Application time: 0.0324370 seconds
19.988: [Full GC19.988: [Tenured: 20081K->20081K(20480K), 0.0071060 secs] 28633K->26493K(29696K), [Perm : 6046K->6046K(21248K)], 0.0071470 secs] [Times: user=0.01 sys=0.00, real=0.00 secs] 
19.995: Total time for which application threads were stopped: 0.0072490 seconds, Stopping threads took: 0.0000390 seconds
19.998: Application time: 0.0030990 seconds
19.998: [Full GC19.998: [Tenured: 20081K->20081K(20480K), 0.0083000 secs] 28633K->26493K(29696K), [Perm : 6046K->6046K(21248K)], 0.0083390 secs] [Times: user=0.01 sys=0.00, real=0.00 secs] 
20.007: Total time for which application threads were stopped: 0.0084760 seconds, Stopping threads took: 0.0000630 seconds
20.022: Application time: 0.0153660 seconds
20.022: [Full GC20.022: [Tenured: 20081K->20081K(20480K), 0.0080250 secs] 28633K->26493K(29696K), [Perm : 6046K->6046K(21248K)], 0.0080640 secs] [Times: user=0.01 sys=0.00, real=0.01 secs] 
20.030: Total time for which application threads were stopped: 0.0081800 seconds, Stopping threads took: 0.0000560 seconds
20.054: Application time: 0.0233990 seconds
20.054: [Full GC20.054: [Tenured: 20081K->20081K(20480K), 0.0072790 secs] 28633K->26493K(29696K), [Perm : 6046K->6046K(21248K)], 0.0073160 secs] [Times: user=0.01 sys=0.00, real=0.01 secs] 
20.061: Total time for which application threads were stopped: 0.0074600 seconds, Stopping threads took: 0.0000830 seconds
20.061: Application time: 0.0004200 seconds
20.062: [Full GC20.062: [Tenured: 20081K->20081K(20480K), 0.0087180 secs] 28633K->26493K(29696K), [Perm : 6046K->6046K(21248K)], 0.0087570 secs] [Times: user=0.01 sys=0.00, real=0.01 secs] 
20.070: Total time for which application threads were stopped: 0.0089380 seconds, Stopping threads took: 0.0001010 seconds
20.073: Application time: 0.0027840 seconds
20.073: [Full GC20.073: [Tenured: 20081K->20081K(20480K), 0.0078950 secs] 28633K->26493K(29696K), [Perm : 6046K->6046K(21248K)], 0.0079330 secs] [Times: user=0.01 sys=0.00, real=0.01 secs] 
20.081: Total time for which application threads were stopped: 0.0080380 seconds, Stopping threads took: 0.0000460 seconds
20.083: Application time: 0.0017100 seconds
20.083: [Full GC20.083: [Tenured: 20081K->20081K(20480K), 0.0081100 secs] 28633K->26493K(29696K), [Perm : 6046K->6046K(21248K)], 0.0081460 secs] [Times: user=0.01 sys=0.00, real=0.01 secs] 
20.091: Total time for which application threads were stopped: 0.0082500 seconds, Stopping threads took: 0.0000420 seconds
20.094: Application time: 0.0024070 seconds
20.094: [Full GC20.094: [Tenured: 20081K->20081K(20480K), 0.0087800 secs] 28633K->26493K(29696K), [Perm : 6046K->6046K(21248K)], 0.0088190 secs] [Times: user=0.01 sys=0.00, real=0.01 secs] 
20.103: Total time for which application threads were stopped: 0.0090000 seconds, Stopping threads took: 0.0000980 seconds
20.133: Application time: 0.0302750 seconds
20.133: [Full GC20.133: [Tenured: 20081K->20081K(20480K), 0.0071470 secs] 28633K->26493K(29696K), [Perm : 6046K->6046K(21248K)], 0.0071850 secs] [Times: user=0.01 sys=0.00, real=0.01 secs] 
20.140: Total time for which application threads were stopped: 0.0072890 seconds, Stopping threads took: 0.0000410 seconds
20.143: Application time: 0.0026390 seconds
20.143: [Full GC20.143: [Tenured: 20081K->20081K(20480K), 0.0094880 secs] 28633K->26493K(29696K), [Perm : 6046K->6046K(21248K)], 0.0095240 secs] [Times: user=0.01 sys=0.00, real=0.01 secs] 
20.153: Total time for which application threads were stopped: 0.0097310 seconds, Stopping threads took: 0.0001230 seconds
20.166: Application time: 0.0133260 seconds
20.166: [Full GC20.166: [Tenured: 20081K->20081K(20480K), 0.0079900 secs] 28633K->26493K(29696K), [Perm : 6046K->6046K(21248K)], 0.0080290 secs] [Times: user=0.01 sys=0.00, real=0.01 secs] 
20.174: Total time for which application threads were stopped: 0.0081440 seconds, Stopping threads took: 0.0000510 seconds
20.196: Application time: 0.0217340 seconds
20.196: [Full GC20.196: [Tenured: 20081K->20081K(20480K), 0.0086840 secs] 28635K->25781K(29696K), [Perm : 6046K->6046K(21248K)], 0.0087210 secs] [Times: user=0.01 sys=0.00, real=0.00 secs] 
20.205: Total time for which application threads were stopped: 0.0088920 seconds, Stopping threads took: 0.0001080 seconds
20.208: Application time: 0.0029710 seconds
20.208: [Full GC20.208: [Tenured: 20081K->20081K(20480K), 0.0071890 secs] 28637K->27206K(29696K), [Perm : 6046K->6046K(21248K)], 0.0072260 secs] [Times: user=0.01 sys=0.00, real=0.01 secs] 
20.215: Total time for which application threads were stopped: 0.0073560 seconds, Stopping threads took: 0.0000690 seconds
20.215: Application time: 0.0002650 seconds
20.215: [Full GC20.215: [Tenured: 20081K->20081K(20480K), 0.0090220 secs] 28631K->26493K(29696K), [Perm : 6046K->6046K(21248K)], 0.0090660 secs] [Times: user=0.01 sys=0.00, real=0.01 secs] 
20.224: Total time for which application threads were stopped: 0.0092460 seconds, Stopping threads took: 0.0000990 seconds
20.226: Application time: 0.0014320 seconds
20.226: [Full GC20.226: [Tenured: 20081K->20081K(20480K), 0.0079560 secs] 28633K->26493K(29696K), [Perm : 6046K->6046K(21248K)], 0.0079950 secs] [Times: user=0.01 sys=0.00, real=0.01 secs] 
20.234: Total time for which application threads were stopped: 0.0081010 seconds, Stopping threads took: 0.0000460 seconds
20.236: Application time: 0.0021940 seconds
20.236: [Full GC20.236: [Tenured: 20081K->20081K(20480K), 0.0088390 secs] 28633K->26493K(29696K), [Perm : 6046K->6046K(21248K)], 0.0088760 secs] [Times: user=0.01 sys=0.00, real=0.00 secs] 
20.245: Total time for which application threads were stopped: 0.0090340 seconds, Stopping threads took: 0.0000960 seconds
20.277: Application time: 0.0321890 seconds
20.278: [Full GC20.278: [Tenured: 20081K->20081K(20480K), 0.0075940 secs] 28633K->27206K(29696K), [Perm : 6046K->6046K(21248K)], 0.0076330 secs] [Times: user=0.01 sys=0.00, real=0.00 secs] 
20.285: Total time for which application threads were stopped: 0.0077880 seconds, Stopping threads took: 0.0000730 seconds
20.288: Application time: 0.0024230 seconds
20.288: [Full GC20.288: [Tenured: 20081K->20081K(20480K), 0.0083830 secs] 28633K->25781K(29696K), [Perm : 6046K->6046K(21248K)], 0.0084180 secs] [Times: user=0.01 sys=0.00, real=0.01 secs] 
20.296: Total time for which application threads were stopped: 0.0085660 seconds, Stopping threads took: 0.0000670 seconds
20.310: Application time: 0.0137930 seconds
20.310: [Full GC20.310: [Tenured: 20081K->20081K(20480K), 0.0079580 secs] 28635K->26493K(29696K), [Perm : 6046K->6046K(21248K)], 0.0079930 secs] [Times: user=0.01 sys=0.00, real=0.01 secs] 
20.318: Total time for which application threads were stopped: 0.0081030 seconds, Stopping threads took: 0.0000500 seconds
20.342: Application time: 0.0238740 seconds
20.342: [Full GC20.342: [Tenured: 20081K->20081K(20480K), 0.0080300 secs] 28633K->26493K(29696K), [Perm : 6047K->6047K(21248K)], 0.0080690 secs] [Times: user=0.01 sys=0.00, real=0.01 secs] 
20.350: Total time for which application threads were stopped: 0.0082040 seconds, Stopping threads took: 0.0000630 seconds
20.351: Application time: 0.0003490 seconds
20.351: [Full GC20.351: [Tenured: 20081K->20081K(20480K), 0.0075440 secs] 28633K->26493K(29696K), [Perm : 6047K->6047K(21248K)], 0.0075800 secs] [Times: user=0.01 sys=0.00, real=0.01 secs] 
20.358: Total time for which application threads were stopped: 0.0077290 seconds, Stopping threads took: 0.0000680 seconds
20.361: Application time: 0.0029150 seconds
20.361: [Full GC20.361: [Tenured: 20081K->20081K(20480K), 0.0080230 secs] 28633K->26493K(29696K), [Perm : 6047K->6047K(21248K)], 0.0080590 secs] [Times: user=0.01 sys=0.00, real=0.01 secs] 
20.369: Total time for which application threads were stopped: 0.0081620 seconds, Stopping threads took: 0.0000430 seconds
20.371: Application time: 0.0013130 seconds
20.371: [Full GC20.371: [Tenured: 20081K->20081K(20480K), 0.0081020 secs] 28633K->26493K(29696K), [Perm : 6047K->6047K(21248K)], 0.0081410 secs] [Times: user=0.01 sys=0.00, real=0.01 secs] 
20.379: Total time for which application threads were stopped: 0.0082620 seconds, Stopping threads took: 0.0000600 seconds
20.381: Application time: 0.0022630 seconds
20.381: [Full GC20.381: [Tenured: 20081K->20081K(20480K), 0.0080310 secs] 28633K->26493K(29696K), [Perm : 6047K->6047K(21248K)], 0.0080670 secs] [Times: user=0.01 sys=0.00, real=0.01 secs] 
20.389: Total time for which application threads were stopped: 0.0082020 seconds, Stopping threads took: 0.0000650 seconds
20.423: Application time: 0.0335730 seconds
20.423: [Full GC20.423: [Tenured: 20081K->20080K(20480K), 0.0083230 secs] 28643K->25069K(29696K), [Perm : 6047K->6047K(21248K)], 0.0083750 secs] [Times: user=0.00 sys=0.00, real=0.01 secs] 
20.431: Total time for which application threads were stopped: 0.0084880 seconds, Stopping threads took: 0.0000480 seconds
20.446: Application time: 0.0144030 seconds
20.446: [Full GC20.446: [Tenured: 20080K->20080K(20480K), 0.0089960 secs] 28638K->25782K(29696K), [Perm : 6047K->6047K(21248K)], 0.0090350 secs] [Times: user=0.01 sys=0.00, real=0.01 secs] 
20.455: Total time for which application threads were stopped: 0.0092180 seconds, Stopping threads took: 0.0001010 seconds
20.478: Application time: 0.0225690 seconds
20.478: [Full GC20.478: [Tenured: 20080K->20081K(20480K), 0.0089150 secs] 28636K->25782K(29696K), [Perm : 6047K->6047K(21248K)], 0.0089560 secs] [Times: user=0.01 sys=0.00, real=0.00 secs] 
20.487: Total time for which application threads were stopped: 0.0091440 seconds, Stopping threads took: 0.0001050 seconds
20.487: Application time: 0.0005600 seconds
20.487: [Full GC20.488: [Tenured: 20081K->20081K(20480K), 0.0100290 secs] 28636K->25069K(29696K), [Perm : 6047K->6047K(21248K)], 0.0100660 secs] [Times: user=0.01 sys=0.00, real=0.02 secs] 
20.498: Total time for which application threads were stopped: 0.0102260 seconds, Stopping threads took: 0.0000970 seconds
20.501: Application time: 0.0038780 seconds
20.502: [Full GC20.502: [Tenured: 20081K->20081K(20480K), 0.0082950 secs] 28638K->25782K(29696K), [Perm : 6047K->6047K(21248K)], 0.0083330 secs] [Times: user=0.01 sys=0.00, real=0.01 secs] 
20.510: Total time for which application threads were stopped: 0.0084740 seconds, Stopping threads took: 0.0000800 seconds
20.513: Application time: 0.0028290 seconds
20.513: [Full GC20.513: [Tenured: 20081K->20081K(20480K), 0.0085240 secs] 28636K->25069K(29696K), [Perm : 6047K->6047K(21248K)], 0.0085610 secs] [Times: user=0.01 sys=0.00, real=0.01 secs] 
20.521: Total time for which application threads were stopped: 0.0086650 seconds, Stopping threads took: 0.0000450 seconds
20.552: Application time: 0.0302820 seconds
20.552: [Full GC20.552: [Tenured: 20081K->20081K(20480K), 0.0072550 secs] 28636K->25782K(29696K), [Perm : 6047K->6047K(21248K)], 0.0072960 secs] [Times: user=0.01 sys=0.00, real=0.01 secs] 
20.559: Total time for which application threads were stopped: 0.0074060 seconds, Stopping threads took: 0.0000490 seconds
20.568: Application time: 0.0088100 seconds
20.568: [Full GC20.568: [Tenured: 20081K->20080K(20480K), 0.0098450 secs] 28642K->24357K(29696K), [Perm : 6047K->6047K(21248K)], 0.0098850 secs] [Times: user=0.01 sys=0.00, real=0.01 secs] 
20.578: Total time for which application threads were stopped: 0.0100090 seconds, Stopping threads took: 0.0000590 seconds
20.605: Application time: 0.0265800 seconds
20.605: [Full GC20.605: [Tenured: 20080K->20081K(20480K), 0.0089590 secs] 28636K->23644K(29696K), [Perm : 6047K->6047K(21248K)], 0.0090010 secs] [Times: user=0.00 sys=0.00, real=0.01 secs] 
20.614: Total time for which application threads were stopped: 0.0091510 seconds, Stopping threads took: 0.0000840 seconds
20.623: Application time: 0.0089980 seconds
20.623: [Full GC20.623: [Tenured: 20081K->20081K(20480K), 0.0087220 secs] 28638K->24357K(29696K), [Perm : 6047K->6047K(21248K)], 0.0087600 secs] [Times: user=0.01 sys=0.00, real=0.01 secs] 
20.632: Total time for which application threads were stopped: 0.0088690 seconds, Stopping threads took: 0.0000410 seconds
20.635: Application time: 0.0038550 seconds
20.636: [Full GC20.636: [Tenured: 20081K->20081K(20480K), 0.0091980 secs] 28636K->24357K(29696K), [Perm : 6047K->6047K(21248K)], 0.0092360 secs] [Times: user=0.01 sys=0.00, real=0.01 secs] 
20.645: Total time for which application threads were stopped: 0.0093610 seconds, Stopping threads took: 0.0000610 seconds
20.678: Application time: 0.0329990 seconds
20.678: [Full GC20.678: [Tenured: 20081K->20081K(20480K), 0.0090790 secs] 28636K->24357K(29696K), [Perm : 6047K->6047K(21248K)], 0.0091220 secs] [Times: user=0.01 sys=0.00, real=0.00 secs] 
20.687: Total time for which application threads were stopped: 0.0093170 seconds, Stopping threads took: 0.0001090 seconds
20.717: Application time: 0.0300180 seconds
20.717: [Full GC20.717: [Tenured: 20081K->20081K(20480K), 0.0090380 secs] 28636K->25069K(29696K), [Perm : 6047K->6047K(21248K)], 0.0090890 secs] [Times: user=0.01 sys=0.00, real=0.00 secs] 
20.726: Total time for which application threads were stopped: 0.0092370 seconds, Stopping threads took: 0.0000840 seconds
20.737: Application time: 0.0108880 seconds
20.737: [Full GC20.737: [Tenured: 20081K->20081K(20480K), 0.0093150 secs] 28636K->24357K(29696K), [Perm : 6047K->6047K(21248K)], 0.0093500 secs] [Times: user=0.01 sys=0.00, real=0.00 secs] 
20.747: Total time for which application threads were stopped: 0.0094570 seconds, Stopping threads took: 0.0000450 seconds
20.750: Application time: 0.0034460 seconds
20.750: [Full GC20.750: [Tenured: 20081K->20082K(20480K), 0.0086590 secs] 28638K->24357K(29696K), [Perm : 6047K->6047K(21248K)], 0.0086990 secs] [Times: user=0.01 sys=0.00, real=0.01 secs] 
20.759: Total time for which application threads were stopped: 0.0088220 seconds, Stopping threads took: 0.0000610 seconds
20.785: Application time: 0.0264140 seconds
20.786: [Full GC20.786: [Tenured: 20082K->20081K(20480K), 0.0096340 secs] 28638K->25069K(29696K), [Perm : 6047K->6047K(21248K)], 0.0096760 secs] [Times: user=0.00 sys=0.00, real=0.01 secs] 
20.795: Total time for which application threads were stopped: 0.0098710 seconds, Stopping threads took: 0.0001080 seconds
20.809: Application time: 0.0140470 seconds
20.809: [Full GC20.809: [Tenured: 20081K->20081K(20480K), 0.0092630 secs] 28644K->23644K(29696K), [Perm : 6047K->6047K(21248K)], 0.0093040 secs] [Times: user=0.01 sys=0.00, real=0.01 secs] 
20.819: Total time for which application threads were stopped: 0.0094250 seconds, Stopping threads took: 0.0000450 seconds
20.828: Application time: 0.0094410 seconds
20.828: [Full GC20.828: [Tenured: 20081K->20082K(20480K), 0.0105590 secs] 28638K->23644K(29696K), [Perm : 6047K->6047K(21248K)], 0.0106050 secs] [Times: user=0.01 sys=0.00, real=0.01 secs] 
20.839: Total time for which application threads were stopped: 0.0107700 seconds, Stopping threads took: 0.0000930 seconds
20.869: Application time: 0.0301280 seconds
20.869: [Full GC20.869: [Tenured: 20082K->20081K(20480K), 0.0104460 secs] 28640K->20794K(29696K), [Perm : 6047K->6047K(21248K)], 0.0105010 secs] [Times: user=0.01 sys=0.00, real=0.01 secs] 
20.880: Total time for which application threads were stopped: 0.0107270 seconds, Stopping threads took: 0.0001380 seconds
20.899: Application time: 0.0194460 seconds
20.899: [Full GC20.899: [Tenured: 20081K->20082K(20480K), 0.0101150 secs] 28658K->21507K(29696K), [Perm : 6047K->6047K(21248K)], 0.0101600 secs] [Times: user=0.01 sys=0.00, real=0.01 secs] 
20.910: Total time for which application threads were stopped: 0.0102820 seconds, Stopping threads took: 0.0000540 seconds
20.930: Application time: 0.0208800 seconds
20.931: [Full GC20.931: [Tenured: 20082K->20082K(20480K), 0.0098910 secs] 28638K->22219K(29696K), [Perm : 6047K->6047K(21248K)], 0.0099370 secs] [Times: user=0.01 sys=0.00, real=0.01 secs] 
20.941: Total time for which application threads were stopped: 0.0101120 seconds, Stopping threads took: 0.0000880 seconds
20.975: Application time: 0.0344900 seconds
20.975: [Full GC20.975: [Tenured: 20082K->20082K(20480K), 0.0090460 secs] 28638K->22219K(29696K), [Perm : 6047K->6047K(21248K)], 0.0090920 secs] [Times: user=0.01 sys=0.00, real=0.01 secs] 
20.984: Total time for which application threads were stopped: 0.0092180 seconds, Stopping threads took: 0.0000570 seconds
20.990: Application time: 0.0059020 seconds
20.990: [Full GC20.990: [Tenured: 20082K->20081K(20480K), 0.0098650 secs] 28646K->21507K(29696K), [Perm : 6047K->6047K(21248K)], 0.0099090 secs] [Times: user=0.01 sys=0.00, real=0.01 secs] 
21.000: Total time for which application threads were stopped: 0.0100280 seconds, Stopping threads took: 0.0000500 seconds
21.031: Application time: 0.0311070 seconds
21.031: [Full GC21.031: [Tenured: 20081K->20082K(20480K), 0.0099640 secs] 28639K->21507K(29696K), [Perm : 6047K->6047K(21248K)], 0.0100220 secs] [Times: user=0.01 sys=0.00, real=0.01 secs] 
21.041: Total time for which application threads were stopped: 0.0101510 seconds, Stopping threads took: 0.0000630 seconds
21.075: Application time: 0.0336750 seconds
21.075: [Full GC21.075: [Tenured: 20082K->20082K(20480K), 0.0093420 secs] 28647K->20082K(29696K), [Perm : 6047K->6047K(21248K)], 0.0093870 secs] [Times: user=0.01 sys=0.00, real=0.01 secs] 
21.085: Total time for which application threads were stopped: 0.0095350 seconds, Stopping threads took: 0.0000730 seconds
21.089: Application time: 0.0044520 seconds
21.089: [GC21.089: [ParNew: 7845K->7845K(9216K), 0.0000100 secs]21.089: [Tenured: 20082K->20082K(20480K), 0.0101140 secs] 27928K->20795K(29696K), [Perm : 6047K->6047K(21248K)], 0.0101740 secs] [Times: user=0.01 sys=0.00, real=0.01 secs] 
21.099: Total time for which application threads were stopped: 0.0103660 seconds, Stopping threads took: 0.0001010 seconds
21.138: Application time: 0.0381040 seconds
21.138: [Full GC21.138: [Tenured: 20082K->20082K(20480K), 0.0090190 secs] 28639K->21507K(29696K), [Perm : 6047K->6047K(21248K)], 0.0090640 secs] [Times: user=0.01 sys=0.00, real=0.00 secs] 
21.147: Total time for which application threads were stopped: 0.0091880 seconds, Stopping threads took: 0.0000570 seconds
21.181: Application time: 0.0337430 seconds
21.181: [Full GC21.181: [Tenured: 20082K->20082K(20480K), 0.0105090 secs] 28639K->20795K(29696K), [Perm : 6047K->6047K(21248K)], 0.0105560 secs] [Times: user=0.01 sys=0.00, real=0.01 secs] 
21.191: Total time for which application threads were stopped: 0.0107190 seconds, Stopping threads took: 0.0000930 seconds
21.196: Application time: 0.0049730 seconds
21.196: [Full GC21.196: [Tenured: 20082K->20082K(20480K), 0.0089320 secs] 28641K->21507K(29696K), [Perm : 6047K->6047K(21248K)], 0.0089760 secs] [Times: user=0.01 sys=0.00, real=0.00 secs] 
21.205: Total time for which application threads were stopped: 0.0091220 seconds, Stopping threads took: 0.0000690 seconds
21.239: Application time: 0.0332070 seconds
21.239: [Full GC21.239: [Tenured: 20082K->20082K(20480K), 0.0098570 secs] 28639K->21507K(29696K), [Perm : 6047K->6047K(21248K)], 0.0099030 secs] [Times: user=0.01 sys=0.00, real=0.01 secs] 
21.249: Total time for which application threads were stopped: 0.0100750 seconds, Stopping threads took: 0.0000840 seconds
21.284: Application time: 0.0356690 seconds
21.284: [Full GC21.284: [Tenured: 20082K->20082K(20480K), 0.0088440 secs] 28639K->21507K(29696K), [Perm : 6047K->6047K(21248K)], 0.0088870 secs] [Times: user=0.01 sys=0.00, real=0.01 secs] 
21.293: Total time for which application threads were stopped: 0.0090060 seconds, Stopping threads took: 0.0000540 seconds
21.299: Application time: 0.0058870 seconds
21.299: [Full GC21.299: [Tenured: 20082K->20082K(20480K), 0.0092790 secs] 28641K->20082K(29696K), [Perm : 6047K->6047K(21248K)], 0.0093230 secs] [Times: user=0.01 sys=0.00, real=0.01 secs] 
21.309: Total time for which application threads were stopped: 0.0094440 seconds, Stopping threads took: 0.0000520 seconds
21.343: Application time: 0.0339820 seconds
21.343: [GC21.343: [ParNew: 7846K->7846K(9216K), 0.0000100 secs]21.343: [Tenured: 20082K->20082K(20480K), 0.0094600 secs] 27929K->20795K(29696K), [Perm : 6047K->6047K(21248K)], 0.0095190 secs] [Times: user=0.00 sys=0.00, real=0.01 secs] 
21.352: Total time for which application threads were stopped: 0.0096890 seconds, Stopping threads took: 0.0000900 seconds
21.390: Application time: 0.0375870 seconds
21.390: [Full GC21.390: [Tenured: 20082K->20082K(20480K), 0.0090780 secs] 28641K->21507K(29696K), [Perm : 6047K->6047K(21248K)], 0.0091210 secs] [Times: user=0.01 sys=0.00, real=0.01 secs] 
21.399: Total time for which application threads were stopped: 0.0092350 seconds, Stopping threads took: 0.0000490 seconds
21.403: Application time: 0.0039410 seconds
21.403: [Full GC21.403: [Tenured: 20082K->20082K(20480K), 0.0085100 secs] 28641K->20795K(29696K), [Perm : 6047K->6047K(21248K)], 0.0085660 secs] [Times: user=0.01 sys=0.00, real=0.01 secs] 
21.412: Total time for which application threads were stopped: 0.0087420 seconds, Stopping threads took: 0.0000930 seconds
21.447: Application time: 0.0354950 seconds
21.447: [Full GC21.447: [Tenured: 20082K->20083K(20480K), 0.0091930 secs] 28650K->20795K(29696K), [Perm : 6047K->6047K(21248K)], 0.0092370 secs] [Times: user=0.01 sys=0.00, real=0.02 secs] 
21.457: Total time for which application threads were stopped: 0.0093610 seconds, Stopping threads took: 0.0000590 seconds
21.491: Application time: 0.0343440 seconds
21.491: [Full GC21.491: [Tenured: 20083K->20083K(20480K), 0.0085130 secs] 28650K->21509K(29696K), [Perm : 6047K->6047K(21248K)], 0.0085610 secs] [Times: user=0.01 sys=0.00, real=0.01 secs] 
21.500: Total time for which application threads were stopped: 0.0086780 seconds, Stopping threads took: 0.0000490 seconds
21.504: Application time: 0.0046140 seconds
21.504: [Full GC21.504: [Tenured: 20083K->20083K(20480K), 0.0087990 secs] 28640K->21509K(29696K), [Perm : 6047K->6047K(21248K)], 0.0088440 secs] [Times: user=0.01 sys=0.00, real=0.01 secs] 
21.513: Total time for which application threads were stopped: 0.0089600 seconds, Stopping threads took: 0.0000510 seconds
21.553: Application time: 0.0392270 seconds
21.553: [Full GC21.553: [Tenured: 20083K->20083K(20480K), 0.0086220 secs] 28641K->22221K(29696K), [Perm : 6047K->6047K(21248K)], 0.0086650 secs] [Times: user=0.00 sys=0.00, real=0.01 secs] 
21.561: Total time for which application threads were stopped: 0.0088090 seconds, Stopping threads took: 0.0000690 seconds
21.575: Application time: 0.0138490 seconds
21.575: [Full GC21.575: [Tenured: 20083K->20083K(20480K), 0.0091250 secs] 28640K->22220K(29696K), [Perm : 6047K->6047K(21248K)], 0.0091670 secs] [Times: user=0.01 sys=0.00, real=0.01 secs] 
21.584: Total time for which application threads were stopped: 0.0092850 seconds, Stopping threads took: 0.0000560 seconds
21.608: Application time: 0.0235410 seconds
21.608: [Full GC21.608: [Tenured: 20083K->20083K(20480K), 0.0093390 secs] 28640K->22933K(29696K), [Perm : 6047K->6047K(21248K)], 0.0093840 secs] [Times: user=0.00 sys=0.00, real=0.01 secs] 
21.618: Total time for which application threads were stopped: 0.0095780 seconds, Stopping threads took: 0.0001080 seconds
21.624: Application time: 0.0066820 seconds
21.624: [Full GC21.624: [Tenured: 20083K->20083K(20480K), 0.0089520 secs] 28638K->22933K(29696K), [Perm : 6047K->6047K(21248K)], 0.0089940 secs] [Times: user=0.01 sys=0.00, real=0.01 secs] 
21.633: Total time for which application threads were stopped: 0.0091120 seconds, Stopping threads took: 0.0000510 seconds
21.675: Application time: 0.0413870 seconds
21.675: [Full GC21.675: [Tenured: 20083K->20083K(20480K), 0.0082180 secs] 28638K->22933K(29696K), [Perm : 6047K->6047K(21248K)], 0.0082620 secs] [Times: user=0.01 sys=0.00, real=0.01 secs] 
21.683: Total time for which application threads were stopped: 0.0083810 seconds, Stopping threads took: 0.0000520 seconds
21.690: Application time: 0.0066250 seconds
21.690: [Full GC21.690: [Tenured: 20083K->20083K(20480K), 0.0090660 secs] 28638K->22933K(29696K), [Perm : 6047K->6047K(21248K)], 0.0091100 secs] [Times: user=0.01 sys=0.00, real=0.01 secs] 
21.699: Total time for which application threads were stopped: 0.0092270 seconds, Stopping threads took: 0.0000470 seconds
21.722: Application time: 0.0233890 seconds
21.723: [Full GC21.723: [Tenured: 20083K->20083K(20480K), 0.0092610 secs] 28638K->22933K(29696K), [Perm : 6047K->6047K(21248K)], 0.0093040 secs] [Times: user=0.01 sys=0.00, real=0.01 secs] 
21.732: Total time for which application threads were stopped: 0.0094660 seconds, Stopping threads took: 0.0000760 seconds
21.736: Application time: 0.0038010 seconds
21.736: [Full GC21.736: [Tenured: 20083K->20083K(20480K), 0.0094590 secs] 28638K->22933K(29696K), [Perm : 6047K->6047K(21248K)], 0.0095100 secs] [Times: user=0.01 sys=0.00, real=0.00 secs] 
21.745: Total time for which application threads were stopped: 0.0096670 seconds, Stopping threads took: 0.0000740 seconds
21.772: Application time: 0.0262260 seconds
21.772: [Full GC21.772: [Tenured: 20083K->20083K(20480K), 0.0097960 secs] 28638K->22933K(29696K), [Perm : 6047K->6047K(21248K)], 0.0098490 secs] [Times: user=0.01 sys=0.00, real=0.01 secs] 
21.782: Total time for which application threads were stopped: 0.0099960 seconds, Stopping threads took: 0.0000800 seconds
21.818: Application time: 0.0361030 seconds
21.818: [Full GC21.818: [Tenured: 20083K->20083K(20480K), 0.0089950 secs] 28638K->22933K(29696K), [Perm : 6047K->6047K(21248K)], 0.0090400 secs] [Times: user=0.01 sys=0.00, real=0.00 secs] 
21.827: Total time for which application threads were stopped: 0.0091570 seconds, Stopping threads took: 0.0000480 seconds
21.835: Application time: 0.0086360 seconds
21.836: [Full GC21.836: [Tenured: 20083K->20083K(20480K), 0.0096740 secs] 28638K->22933K(29696K), [Perm : 6047K->6047K(21248K)], 0.0097210 secs] [Times: user=0.01 sys=0.00, real=0.01 secs] 
21.845: Total time for which application threads were stopped: 0.0099330 seconds, Stopping threads took: 0.0001200 seconds
21.850: Application time: 0.0048900 seconds
21.850: [Full GC21.850: [Tenured: 20083K->20083K(20480K), 0.0100640 secs] 28647K->22934K(29696K), [Perm : 6047K->6047K(21248K)], 0.0101100 secs] [Times: user=0.01 sys=0.00, real=0.01 secs] 
21.861: Total time for which application threads were stopped: 0.0102920 seconds, Stopping threads took: 0.0000770 seconds
21.893: Application time: 0.0324550 seconds
21.893: [Full GC21.893: [Tenured: 20083K->20084K(20480K), 0.0090060 secs] 28639K->22934K(29696K), [Perm : 6047K->6047K(21248K)], 0.0090500 secs] [Times: user=0.01 sys=0.00, real=0.01 secs] 
21.902: Total time for which application threads were stopped: 0.0091630 seconds, Stopping threads took: 0.0000470 seconds
21.928: Application time: 0.0259950 seconds
21.928: [Full GC21.928: [Tenured: 20084K->20083K(20480K), 0.0098410 secs] 28639K->22933K(29696K), [Perm : 6047K->6047K(21248K)], 0.0098850 secs] [Times: user=0.01 sys=0.00, real=0.01 secs] 
21.938: Total time for which application threads were stopped: 0.0099990 seconds, Stopping threads took: 0.0000460 seconds
21.950: Application time: 0.0114950 seconds
21.950: [Full GC21.950: [Tenured: 20083K->20083K(20480K), 0.0098350 secs] 28640K->22933K(29696K), [Perm : 6047K->6047K(21248K)], 0.0099030 secs] [Times: user=0.01 sys=0.00, real=0.01 secs] 
21.960: Total time for which application threads were stopped: 0.0101320 seconds, Stopping threads took: 0.0001430 seconds
21.968: Application time: 0.0085550 seconds
21.968: [Full GC21.968: [Tenured: 20083K->20083K(20480K), 0.0092880 secs] 28640K->24358K(29696K), [Perm : 6047K->6047K(21248K)], 0.0093300 secs] [Times: user=0.01 sys=0.00, real=0.01 secs] 
21.978: Total time for which application threads were stopped: 0.0094530 seconds, Stopping threads took: 0.0000530 seconds
22.009: Application time: 0.0316400 seconds
22.010: [Full GC22.010: [Tenured: 20083K->20083K(20480K), 0.0097580 secs] 28638K->24358K(29696K), [Perm : 6047K->6047K(21248K)], 0.0098020 secs] [Times: user=0.01 sys=0.00, real=0.01 secs] 
22.019: Total time for which application threads were stopped: 0.0099550 seconds, Stopping threads took: 0.0000870 seconds
22.026: Application time: 0.0066290 seconds
22.026: [Full GC22.026: [Tenured: 20083K->20083K(20480K), 0.0094500 secs] 28638K->23646K(29696K), [Perm : 6047K->6047K(21248K)], 0.0094900 secs] [Times: user=0.01 sys=0.00, real=0.01 secs] 
22.036: Total time for which application threads were stopped: 0.0096030 seconds, Stopping threads took: 0.0000470 seconds
22.061: Application time: 0.0252620 seconds
22.061: [Full GC22.061: [Tenured: 20083K->20083K(20480K), 0.0088630 secs] 28638K->22933K(29696K), [Perm : 6047K->6047K(21248K)], 0.0089060 secs] [Times: user=0.01 sys=0.00, real=0.01 secs] 
22.070: Total time for which application threads were stopped: 0.0090360 seconds, Stopping threads took: 0.0000600 seconds
22.076: Application time: 0.0061510 seconds
22.076: [Full GC22.076: [Tenured: 20083K->20083K(20480K), 0.0096760 secs] 28640K->22933K(29696K), [Perm : 6047K->6047K(21248K)], 0.0097190 secs] [Times: user=0.01 sys=0.00, real=0.00 secs] 
22.086: Total time for which application threads were stopped: 0.0098860 seconds, Stopping threads took: 0.0000860 seconds
22.115: Application time: 0.0292780 seconds
22.115: [Full GC22.115: [Tenured: 20083K->20083K(20480K), 0.0088730 secs] 28640K->22933K(29696K), [Perm : 6047K->6047K(21248K)], 0.0089140 secs] [Times: user=0.01 sys=0.00, real=0.01 secs] 
22.124: Total time for which application threads were stopped: 0.0090540 seconds, Stopping threads took: 0.0000650 seconds
22.137: Application time: 0.0131500 seconds
22.138: [Full GC22.138: [Tenured: 20083K->20083K(20480K), 0.0096900 secs] 28640K->22933K(29696K), [Perm : 6047K->6047K(21248K)], 0.0097330 secs] [Times: user=0.01 sys=0.00, real=0.00 secs] 
22.147: Total time for which application threads were stopped: 0.0098880 seconds, Stopping threads took: 0.0000890 seconds
22.176: Application time: 0.0287390 seconds
22.176: [Full GC22.176: [Tenured: 20083K->20083K(20480K), 0.0087350 secs] 28658K->22935K(29696K), [Perm : 6047K->6047K(21248K)], 0.0087780 secs] [Times: user=0.01 sys=0.00, real=0.00 secs] 
22.185: Total time for which application threads were stopped: 0.0088950 seconds, Stopping threads took: 0.0000520 seconds
22.198: Application time: 0.0131110 seconds
22.198: [Full GC22.198: [Tenured: 20083K->20085K(20480K), 0.0097020 secs] 28642K->22935K(29696K), [Perm : 6047K->6047K(21248K)], 0.0097450 secs] [Times: user=0.01 sys=0.00, real=0.01 secs] 
22.208: Total time for which application threads were stopped: 0.0098990 seconds, Stopping threads took: 0.0000890 seconds
22.237: Application time: 0.0293490 seconds
22.238: [Full GC22.238: [Tenured: 20085K->20085K(20480K), 0.0097340 secs] 28641K->22935K(29696K), [Perm : 6047K->6047K(21248K)], 0.0097800 secs] [Times: user=0.01 sys=0.00, real=0.00 secs] 
22.247: Total time for which application threads were stopped: 0.0099680 seconds, Stopping threads took: 0.0001210 seconds
22.261: Application time: 0.0135320 seconds
22.261: [Full GC22.261: [Tenured: 20085K->20083K(20480K), 0.0100730 secs] 28641K->22933K(29696K), [Perm : 6047K->6047K(21248K)], 0.0101200 secs] [Times: user=0.01 sys=0.00, real=0.01 secs] 
22.271: Total time for which application threads were stopped: 0.0102850 seconds, Stopping threads took: 0.0000750 seconds
22.294: Application time: 0.0232180 seconds
22.295: [Full GC22.295: [Tenured: 20083K->20083K(20480K), 0.0096560 secs] 28649K->23647K(29696K), [Perm : 6047K->6047K(21248K)], 0.0097010 secs] [Times: user=0.01 sys=0.00, real=0.01 secs] 
22.304: Total time for which application threads were stopped: 0.0098950 seconds, Stopping threads took: 0.0001070 seconds
22.321: Application time: 0.0168620 seconds
22.321: [Full GC22.321: [Tenured: 20083K->20084K(20480K), 0.0089240 secs] 28641K->25072K(29696K), [Perm : 6047K->6047K(21248K)], 0.0089660 secs] [Times: user=0.01 sys=0.00, real=0.01 secs] 
22.330: Total time for which application threads were stopped: 0.0090770 seconds, Stopping threads took: 0.0000430 seconds
22.340: Application time: 0.0096450 seconds
22.340: [Full GC22.340: [Tenured: 20084K->20083K(20480K), 0.0097780 secs] 28688K->24389K(29696K), [Perm : 6050K->6050K(21248K)], 0.0098200 secs] [Times: user=0.01 sys=0.00, real=0.01 secs] 
22.350: Total time for which application threads were stopped: 0.0099710 seconds, Stopping threads took: 0.0000820 seconds
22.351: Application time: 0.0012030 seconds
22.351: [Full GC22.351: [Tenured: 20083K->20084K(20480K), 0.0105800 secs] 28669K->24360K(29696K), [Perm : 6050K->6050K(21248K)], 0.0106170 secs] [Times: user=0.01 sys=0.00, real=0.01 secs] 
22.362: Total time for which application threads were stopped: 0.0107470 seconds, Stopping threads took: 0.0000570 seconds
22.366: Application time: 0.0037710 seconds
22.366: [Full GC22.366: [Tenured: 20084K->20084K(20480K), 0.0061440 secs] 28637K->24360K(29696K), [Perm : 6050K->6050K(21248K)], 0.0061790 secs] [Times: user=0.00 sys=0.00, real=0.01 secs] 
22.372: Total time for which application threads were stopped: 0.0062840 seconds, Stopping threads took: 0.0000450 seconds
22.376: Application time: 0.0041350 seconds
22.376: [Full GC22.376: [Tenured: 20084K->20084K(20480K), 0.0065170 secs] 28637K->24360K(29696K), [Perm : 6050K->6050K(21248K)], 0.0065600 secs] [Times: user=0.01 sys=0.00, real=0.00 secs] 
22.383: Total time for which application threads were stopped: 0.0066650 seconds, Stopping threads took: 0.0000480 seconds
22.387: Application time: 0.0044620 seconds
22.387: [Full GC22.387: [Tenured: 20084K->20084K(20480K), 0.0067230 secs] 28637K->24360K(29696K), [Perm : 6050K->6050K(21248K)], 0.0067600 secs] [Times: user=0.01 sys=0.00, real=0.01 secs] 
22.394: Total time for which application threads were stopped: 0.0068630 seconds, Stopping threads took: 0.0000420 seconds
22.396: Application time: 0.0022710 seconds
22.396: [Full GC22.396: [Tenured: 20084K->20083K(20480K), 0.0103330 secs] 28648K->23647K(29696K), [Perm : 6050K->6050K(21248K)], 0.0103770 secs] [Times: user=0.01 sys=0.00, real=0.00 secs] 
22.407: Total time for which application threads were stopped: 0.0105440 seconds, Stopping threads took: 0.0000770 seconds
22.410: Application time: 0.0026990 seconds
22.410: [Full GC22.410: [Tenured: 20083K->20085K(20480K), 0.0082420 secs] 28639K->23647K(29696K), [Perm : 6050K->6050K(21248K)], 0.0082830 secs] [Times: user=0.01 sys=0.00, real=0.01 secs] 
22.418: Total time for which application threads were stopped: 0.0084390 seconds, Stopping threads took: 0.0000920 seconds
22.421: Application time: 0.0030540 seconds
22.421: [Full GC22.421: [Tenured: 20085K->20085K(20480K), 0.0073410 secs] 28639K->24360K(29696K), [Perm : 6050K->6050K(21248K)], 0.0073790 secs] [Times: user=0.01 sys=0.00, real=0.01 secs] 
22.429: Total time for which application threads were stopped: 0.0075330 seconds, Stopping threads took: 0.0000920 seconds
22.432: Application time: 0.0038420 seconds
22.432: [Full GC22.432: [Tenured: 20085K->20085K(20480K), 0.0064650 secs] 28643K->25073K(29696K), [Perm : 6050K->6050K(21248K)], 0.0065030 secs] [Times: user=0.01 sys=0.00, real=0.01 secs] 
22.439: Total time for which application threads were stopped: 0.0066100 seconds, Stopping threads took: 0.0000480 seconds
22.443: Application time: 0.0035450 seconds
22.443: [Full GC22.443: [Tenured: 20085K->20084K(20480K), 0.0077280 secs] 28638K->24360K(29696K), [Perm : 6050K->6050K(21248K)], 0.0077670 secs] [Times: user=0.00 sys=0.00, real=0.01 secs] 
22.450: Total time for which application threads were stopped: 0.0079150 seconds, Stopping threads took: 0.0000860 seconds
22.454: Application time: 0.0037350 seconds
22.454: [Full GC22.454: [Tenured: 20084K->20084K(20480K), 0.0064550 secs] 28637K->24360K(29696K), [Perm : 6050K->6050K(21248K)], 0.0064860 secs] [Times: user=0.01 sys=0.00, real=0.01 secs] 
22.461: Total time for which application threads were stopped: 0.0065930 seconds, Stopping threads took: 0.0000490 seconds
22.465: Application time: 0.0037950 seconds
22.465: [Full GC22.465: [Tenured: 20084K->20084K(20480K), 0.0063900 secs] 28637K->24360K(29696K), [Perm : 6050K->6050K(21248K)], 0.0064240 secs] [Times: user=0.01 sys=0.00, real=0.01 secs] 
22.471: Total time for which application threads were stopped: 0.0065290 seconds, Stopping threads took: 0.0000470 seconds
22.475: Application time: 0.0038880 seconds
22.475: [Full GC22.475: [Tenured: 20084K->20084K(20480K), 0.0066850 secs] 28637K->24360K(29696K), [Perm : 6050K->6050K(21248K)], 0.0067180 secs] [Times: user=0.00 sys=0.00, real=0.01 secs] 
22.482: Total time for which application threads were stopped: 0.0068240 seconds, Stopping threads took: 0.0000480 seconds
22.486: Application time: 0.0038690 seconds
22.486: [Full GC22.486: [Tenured: 20084K->20084K(20480K), 0.0066030 secs] 28637K->24360K(29696K), [Perm : 6050K->6050K(21248K)], 0.0066360 secs] [Times: user=0.01 sys=0.00, real=0.01 secs] 
22.492: Total time for which application threads were stopped: 0.0067420 seconds, Stopping threads took: 0.0000480 seconds
22.497: Application time: 0.0049340 seconds
22.498: [Full GC22.498: [Tenured: 20084K->20084K(20480K), 0.0089090 secs] 28645K->24360K(29696K), [Perm : 6050K->6050K(21248K)], 0.0089560 secs] [Times: user=0.01 sys=0.00, real=0.00 secs] 
22.507: Total time for which application threads were stopped: 0.0092120 seconds, Stopping threads took: 0.0001750 seconds
22.508: Application time: 0.0012330 seconds
22.508: [Full GC22.508: [Tenured: 20084K->20083K(20480K), 0.0093200 secs] 28639K->23647K(29696K), [Perm : 6050K->6050K(21248K)], 0.0093590 secs] [Times: user=0.01 sys=0.00, real=0.01 secs] 
22.517: Total time for which application threads were stopped: 0.0094760 seconds, Stopping threads took: 0.0000520 seconds
22.521: Application time: 0.0038230 seconds
22.521: [Full GC22.521: [Tenured: 20083K->20083K(20480K), 0.0068770 secs] 28637K->24360K(29696K), [Perm : 6050K->6050K(21248K)], 0.0069130 secs] [Times: user=0.01 sys=0.00, real=0.01 secs] 
22.528: Total time for which application threads were stopped: 0.0070650 seconds, Stopping threads took: 0.0000930 seconds
22.529: Application time: 0.0009700 seconds
22.529: [Full GC22.529: [Tenured: 20083K->20084K(20480K), 0.0084590 secs] 28639K->25072K(29696K), [Perm : 6050K->6050K(21248K)], 0.0084960 secs] [Times: user=0.01 sys=0.00, real=0.01 secs] 
22.538: Total time for which application threads were stopped: 0.0086000 seconds, Stopping threads took: 0.0000440 seconds
22.541: Application time: 0.0028360 seconds
22.541: [Full GC22.541: [Tenured: 20084K->20084K(20480K), 0.0062830 secs] 28637K->25072K(29696K), [Perm : 6050K->6050K(21248K)], 0.0063180 secs] [Times: user=0.00 sys=0.00, real=0.00 secs] 
22.547: Total time for which application threads were stopped: 0.0064210 seconds, Stopping threads took: 0.0000440 seconds
22.549: Application time: 0.0019890 seconds
22.549: [Full GC22.549: [Tenured: 20084K->20084K(20480K), 0.0061360 secs] 28637K->25072K(29696K), [Perm : 6050K->6050K(21248K)], 0.0061690 secs] [Times: user=0.00 sys=0.00, real=0.00 secs] 
22.555: Total time for which application threads were stopped: 0.0062620 seconds, Stopping threads took: 0.0000360 seconds
22.557: Application time: 0.0022270 seconds
22.558: [Full GC22.558: [Tenured: 20084K->20084K(20480K), 0.0069280 secs] 28638K->24360K(29696K), [Perm : 6050K->6050K(21248K)], 0.0069610 secs] [Times: user=0.01 sys=0.00, real=0.00 secs] 
22.565: Total time for which application threads were stopped: 0.0070950 seconds, Stopping threads took: 0.0000790 seconds
22.568: Application time: 0.0036230 seconds
22.568: [Full GC22.568: [Tenured: 20084K->20084K(20480K), 0.0066140 secs] 28638K->25073K(29696K), [Perm : 6050K->6050K(21248K)], 0.0066490 secs] [Times: user=0.01 sys=0.00, real=0.00 secs] 
22.575: Total time for which application threads were stopped: 0.0067860 seconds, Stopping threads took: 0.0000800 seconds
22.577: Application time: 0.0022000 seconds
22.577: [Full GC22.577: [Tenured: 20084K->20084K(20480K), 0.0061780 secs] 28638K->25073K(29696K), [Perm : 6050K->6050K(21248K)], 0.0062120 secs] [Times: user=0.01 sys=0.00, real=0.00 secs] 
22.584: Total time for which application threads were stopped: 0.0063120 seconds, Stopping threads took: 0.0000450 seconds
22.585: Application time: 0.0019360 seconds
22.586: [Full GC22.586: [Tenured: 20084K->20084K(20480K), 0.0084620 secs] 28640K->24360K(29696K), [Perm : 6050K->6050K(21248K)], 0.0084990 secs] [Times: user=0.01 sys=0.00, real=0.01 secs] 
22.594: Total time for which application threads were stopped: 0.0086340 seconds, Stopping threads took: 0.0000750 seconds
22.596: Application time: 0.0023660 seconds
22.597: [Full GC22.597: [Tenured: 20084K->20084K(20480K), 0.0065420 secs] 28640K->25073K(29696K), [Perm : 6050K->6050K(21248K)], 0.0065770 secs] [Times: user=0.00 sys=0.00, real=0.00 secs] 
22.603: Total time for which application threads were stopped: 0.0066850 seconds, Stopping threads took: 0.0000490 seconds
22.605: Application time: 0.0019420 seconds
22.605: [Full GC22.605: [Tenured: 20084K->20083K(20480K), 0.0070310 secs] 28645K->25073K(29696K), [Perm : 6050K->6050K(21248K)], 0.0070670 secs] [Times: user=0.00 sys=0.00, real=0.01 secs] 
22.612: Total time for which application threads were stopped: 0.0072040 seconds, Stopping threads took: 0.0000800 seconds
22.614: Application time: 0.0018150 seconds
22.614: [Full GC22.614: [Tenured: 20083K->20083K(20480K), 0.0059200 secs] 28638K->25073K(29696K), [Perm : 6050K->6050K(21248K)], 0.0059570 secs] [Times: user=0.00 sys=0.00, real=0.01 secs] 
22.620: Total time for which application threads were stopped: 0.0060500 seconds, Stopping threads took: 0.0000400 seconds
22.622: Application time: 0.0017600 seconds
22.622: [Full GC22.622: [Tenured: 20083K->20083K(20480K), 0.0067430 secs] 28638K->25785K(29696K), [Perm : 6050K->6050K(21248K)], 0.0067760 secs] [Times: user=0.00 sys=0.00, real=0.01 secs] 
22.629: Total time for which application threads were stopped: 0.0069150 seconds, Stopping threads took: 0.0000840 seconds
22.631: Application time: 0.0017940 seconds
22.631: [Full GC22.631: [Tenured: 20083K->20083K(20480K), 0.0060700 secs] 28638K->25785K(29696K), [Perm : 6050K->6050K(21248K)], 0.0061020 secs] [Times: user=0.01 sys=0.00, real=0.01 secs] 
22.637: Total time for which application threads were stopped: 0.0061930 seconds, Stopping threads took: 0.0000380 seconds
22.638: Application time: 0.0016440 seconds
22.639: [Full GC22.639: [Tenured: 20083K->20083K(20480K), 0.0058220 secs] 28638K->25785K(29696K), [Perm : 6050K->6050K(21248K)], 0.0058520 secs] [Times: user=0.01 sys=0.00, real=0.00 secs] 
22.644: Total time for which application threads were stopped: 0.0059460 seconds, Stopping threads took: 0.0000430 seconds
22.646: Application time: 0.0016590 seconds
22.646: [Full GC22.646: [Tenured: 20083K->20083K(20480K), 0.0066420 secs] 28638K->25785K(29696K), [Perm : 6050K->6050K(21248K)], 0.0066750 secs] [Times: user=0.01 sys=0.00, real=0.01 secs] 
22.653: Total time for which application threads were stopped: 0.0068080 seconds, Stopping threads took: 0.0000780 seconds
22.655: Application time: 0.0017480 seconds
22.655: [Full GC22.655: [Tenured: 20083K->20083K(20480K), 0.0067380 secs] 28638K->25785K(29696K), [Perm : 6050K->6050K(21248K)], 0.0067710 secs] [Times: user=0.01 sys=0.00, real=0.01 secs] 
22.662: Total time for which application threads were stopped: 0.0069120 seconds, Stopping threads took: 0.0000860 seconds
22.663: Application time: 0.0011890 seconds
22.663: [Full GC22.663: [Tenured: 20083K->20084K(20480K), 0.0082250 secs] 28637K->25785K(29696K), [Perm : 6050K->6050K(21248K)], 0.0082630 secs] [Times: user=0.01 sys=0.00, real=0.01 secs] 
22.671: Total time for which application threads were stopped: 0.0084130 seconds, Stopping threads took: 0.0000800 seconds
22.672: Application time: 0.0005510 seconds
22.672: [Full GC22.672: [Tenured: 20084K->20084K(20480K), 0.0071960 secs] 28637K->25785K(29696K), [Perm : 6050K->6050K(21248K)], 0.0072320 secs] [Times: user=0.00 sys=0.00, real=0.01 secs] 
22.679: Total time for which application threads were stopped: 0.0073860 seconds, Stopping threads took: 0.0000940 seconds
22.681: Application time: 0.0016260 seconds
22.681: [Full GC22.681: [Tenured: 20084K->20084K(20480K), 0.0066940 secs] 28637K->25785K(29696K), [Perm : 6050K->6050K(21248K)], 0.0067280 secs] [Times: user=0.01 sys=0.00, real=0.00 secs] 
22.688: Total time for which application threads were stopped: 0.0068680 seconds, Stopping threads took: 0.0000830 seconds
22.689: Application time: 0.0016830 seconds
22.689: [Full GC22.689: [Tenured: 20084K->20084K(20480K), 0.0058860 secs] 28637K->25785K(29696K), [Perm : 6050K->6050K(21248K)], 0.0059190 secs] [Times: user=0.01 sys=0.00, real=0.00 secs] 
22.695: Total time for which application threads were stopped: 0.0060130 seconds, Stopping threads took: 0.0000420 seconds
22.697: Application time: 0.0016780 seconds
22.697: [Full GC22.697: [Tenured: 20084K->20084K(20480K), 0.0058750 secs] 28637K->25785K(29696K), [Perm : 6050K->6050K(21248K)], 0.0059060 secs] [Times: user=0.01 sys=0.00, real=0.00 secs] 
22.703: Total time for which application threads were stopped: 0.0059980 seconds, Stopping threads took: 0.0000410 seconds
22.706: Application time: 0.0029600 seconds
22.706: [Full GC22.706: [Tenured: 20084K->20083K(20480K), 0.0072540 secs] 28645K->23647K(29696K), [Perm : 6050K->6050K(21248K)], 0.0073020 secs] [Times: user=0.00 sys=0.00, real=0.01 secs] 
22.713: Total time for which application threads were stopped: 0.0074000 seconds, Stopping threads took: 0.0000370 seconds
22.718: Application time: 0.0048220 seconds
22.718: [Full GC22.718: [Tenured: 20083K->20084K(20480K), 0.0089480 secs] 28641K->25072K(29696K), [Perm : 6050K->6050K(21248K)], 0.0089890 secs] [Times: user=0.01 sys=0.00, real=0.00 secs] 
22.727: Total time for which application threads were stopped: 0.0090990 seconds, Stopping threads took: 0.0000450 seconds
22.761: Application time: 0.0333650 seconds
22.761: [Full GC22.761: [Tenured: 20084K->20084K(20480K), 0.0084740 secs] 28639K->25072K(29696K), [Perm : 6050K->6050K(21248K)], 0.0085180 secs] [Times: user=0.01 sys=0.00, real=0.01 secs] 
22.769: Total time for which application threads were stopped: 0.0087050 seconds, Stopping threads took: 0.0000990 seconds
22.771: Application time: 0.0014110 seconds
22.771: [Full GC22.771: [Tenured: 20084K->20084K(20480K), 0.0086720 secs] 28639K->26497K(29696K), [Perm : 6050K->6050K(21248K)], 0.0087130 secs] [Times: user=0.01 sys=0.00, real=0.01 secs] 
22.780: Total time for which application threads were stopped: 0.0088420 seconds, Stopping threads took: 0.0000630 seconds
22.780: Application time: 0.0003970 seconds
22.780: [Full GC22.780: [Tenured: 20084K->20084K(20480K), 0.0090170 secs] 28637K->25785K(29696K), [Perm : 6050K->6050K(21248K)], 0.0090550 secs] [Times: user=0.01 sys=0.00, real=0.01 secs] 
22.789: Total time for which application threads were stopped: 0.0092380 seconds, Stopping threads took: 0.0001010 seconds
22.810: Application time: 0.0210220 seconds
22.810: [Full GC22.810: [Tenured: 20084K->20084K(20480K), 0.0091600 secs] 28637K->25785K(29696K), [Perm : 6050K->6050K(21248K)], 0.0092000 secs] [Times: user=0.01 sys=0.00, real=0.01 secs] 
22.820: Total time for which application threads were stopped: 0.0093530 seconds, Stopping threads took: 0.0000900 seconds
22.830: Application time: 0.0101200 seconds
22.830: [Full GC22.830: [Tenured: 20084K->20084K(20480K), 0.0087120 secs] 28637K->25785K(29696K), [Perm : 6050K->6050K(21248K)], 0.0087510 secs] [Times: user=0.01 sys=0.00, real=0.01 secs] 
22.839: Total time for which application threads were stopped: 0.0088890 seconds, Stopping threads took: 0.0000620 seconds
22.850: Application time: 0.0115900 seconds
22.850: [Full GC22.850: [Tenured: 20084K->20084K(20480K), 0.0071050 secs] 28637K->26497K(29696K), [Perm : 6050K->6050K(21248K)], 0.0071440 secs] [Times: user=0.00 sys=0.00, real=0.01 secs] 
22.857: Total time for which application threads were stopped: 0.0072470 seconds, Stopping threads took: 0.0000430 seconds
22.860: Application time: 0.0026700 seconds
22.860: [Full GC22.860: [Tenured: 20084K->20055K(20480K), 0.0099740 secs] 28961K->22226K(29696K), [Perm : 6050K->6050K(21248K)], 0.0100130 secs] [Times: user=0.01 sys=0.00, real=0.01 secs] 
22.870: Total time for which application threads were stopped: 0.0101660 seconds, Stopping threads took: 0.0000830 seconds
22.884: Application time: 0.0138720 seconds
22.884: [Full GC22.884: [Tenured: 20055K->20055K(20480K), 0.0085600 secs] 28361K->25785K(29696K), [Perm : 6050K->6050K(21248K)], 0.0086050 secs] [Times: user=0.01 sys=0.00, real=0.01 secs] 
22.893: Total time for which application threads were stopped: 0.0087230 seconds, Stopping threads took: 0.0000500 seconds
22.898: Application time: 0.0046350 seconds
22.898: [Full GC22.898: [Tenured: 20055K->20055K(20480K), 0.0065390 secs] 28637K->25785K(29696K), [Perm : 6050K->6050K(21248K)], 0.0065680 secs] [Times: user=0.00 sys=0.00, real=0.00 secs] 
22.904: Total time for which application threads were stopped: 0.0066910 seconds, Stopping threads took: 0.0000590 seconds
22.907: Application time: 0.0024820 seconds
22.907: [Full GC22.907: [Tenured: 20055K->20055K(20480K), 0.0072250 secs] 28637K->25072K(29696K), [Perm : 6050K->6050K(21248K)], 0.0072560 secs] [Times: user=0.01 sys=0.00, real=0.01 secs] 
22.914: Total time for which application threads were stopped: 0.0074450 seconds, Stopping threads took: 0.0001330 seconds
22.918: Application time: 0.0036480 seconds
22.918: [Full GC22.918: [Tenured: 20055K->20055K(20480K), 0.0091830 secs] 28637K->25072K(29696K), [Perm : 6050K->6050K(21248K)], 0.0092300 secs] [Times: user=0.01 sys=0.00, real=0.00 secs] 
22.927: Total time for which application threads were stopped: 0.0093820 seconds, Stopping threads took: 0.0000890 seconds
22.930: Application time: 0.0028080 seconds
22.930: [Full GC22.930: [Tenured: 20055K->20055K(20480K), 0.0074560 secs] 28637K->25072K(29696K), [Perm : 6050K->6050K(21248K)], 0.0074930 secs] [Times: user=0.01 sys=0.00, real=0.01 secs] 
22.938: Total time for which application threads were stopped: 0.0076530 seconds, Stopping threads took: 0.0000760 seconds
22.940: Application time: 0.0021710 seconds
22.940: [Full GC22.940: [Tenured: 20055K->20083K(20480K), 0.0092090 secs] 28639K->25072K(29696K), [Perm : 6050K->6050K(21248K)], 0.0092480 secs] [Times: user=0.00 sys=0.00, real=0.01 secs] 
22.949: Total time for which application threads were stopped: 0.0093960 seconds, Stopping threads took: 0.0000660 seconds
22.951: Application time: 0.0021210 seconds
22.951: [Full GC22.951: [Tenured: 20083K->20083K(20480K), 0.0072110 secs] 28637K->25072K(29696K), [Perm : 6050K->6050K(21248K)], 0.0072470 secs] [Times: user=0.01 sys=0.00, real=0.01 secs] 
22.959: Total time for which application threads were stopped: 0.0073940 seconds, Stopping threads took: 0.0000870 seconds
22.962: Application time: 0.0036310 seconds
22.962: [Full GC22.962: [Tenured: 20083K->20083K(20480K), 0.0066520 secs] 28637K->24360K(29696K), [Perm : 6050K->6050K(21248K)], 0.0066850 secs] [Times: user=0.01 sys=0.00, real=0.01 secs] 
22.969: Total time for which application threads were stopped: 0.0068080 seconds, Stopping threads took: 0.0000670 seconds
22.971: Application time: 0.0019780 seconds
22.971: [Full GC22.971: [Tenured: 20083K->20084K(20480K), 0.0086170 secs] 28639K->25072K(29696K), [Perm : 6050K->6050K(21248K)], 0.0086520 secs] [Times: user=0.01 sys=0.00, real=0.01 secs] 
22.980: Total time for which application threads were stopped: 0.0087500 seconds, Stopping threads took: 0.0000390 seconds
22.982: Application time: 0.0021140 seconds
22.982: [Full GC22.982: [Tenured: 20084K->20084K(20480K), 0.0072570 secs] 28643K->25786K(29696K), [Perm : 6050K->6050K(21248K)], 0.0072920 secs] [Times: user=0.00 sys=0.00, real=0.01 secs] 
22.989: Total time for which application threads were stopped: 0.0074500 seconds, Stopping threads took: 0.0000980 seconds
22.993: Application time: 0.0031140 seconds
22.993: [Full GC22.993: [Tenured: 20084K->20084K(20480K), 0.0072090 secs] 28638K->25786K(29696K), [Perm : 6050K->6050K(21248K)], 0.0072440 secs] [Times: user=0.00 sys=0.00, real=0.01 secs] 
23.000: Total time for which application threads were stopped: 0.0073880 seconds, Stopping threads took: 0.0000850 seconds
23.001: Application time: 0.0014730 seconds
23.002: [Full GC23.002: [Tenured: 20084K->20084K(20480K), 0.0075200 secs] 28640K->25072K(29696K), [Perm : 6050K->6050K(21248K)], 0.0075550 secs] [Times: user=0.01 sys=0.00, real=0.01 secs] 
23.009: Total time for which application threads were stopped: 0.0076590 seconds, Stopping threads took: 0.0000490 seconds
23.011: Application time: 0.0017670 seconds
23.011: [Full GC23.011: [Tenured: 20084K->20084K(20480K), 0.0063350 secs] 28639K->25785K(29696K), [Perm : 6050K->6050K(21248K)], 0.0063690 secs] [Times: user=0.01 sys=0.00, real=0.01 secs] 
23.017: Total time for which application threads were stopped: 0.0064680 seconds, Stopping threads took: 0.0000420 seconds
23.019: Application time: 0.0016280 seconds
23.019: [Full GC23.019: [Tenured: 20084K->20084K(20480K), 0.0057940 secs] 28637K->25072K(29696K), [Perm : 6050K->6050K(21248K)], 0.0058220 secs] [Times: user=0.01 sys=0.00, real=0.00 secs] 
23.025: Total time for which application threads were stopped: 0.0059210 seconds, Stopping threads took: 0.0000470 seconds
23.028: Application time: 0.0031800 seconds
23.028: [Full GC23.028: [Tenured: 20084K->20084K(20480K), 0.0063470 secs] 28637K->25785K(29696K), [Perm : 6050K->6050K(21248K)], 0.0063900 secs] [Times: user=0.01 sys=0.00, real=0.00 secs] 
23.035: Total time for which application threads were stopped: 0.0064820 seconds, Stopping threads took: 0.0000370 seconds
23.036: Application time: 0.0019480 seconds
23.037: [Full GC23.037: [Tenured: 20084K->20084K(20480K), 0.0057870 secs] 28637K->25072K(29696K), [Perm : 6050K->6050K(21248K)], 0.0058200 secs] [Times: user=0.00 sys=0.00, real=0.00 secs] 
23.042: Total time for which application threads were stopped: 0.0059180 seconds, Stopping threads took: 0.0000460 seconds
23.046: Application time: 0.0031270 seconds
23.046: [Full GC23.046: [Tenured: 20084K->20084K(20480K), 0.0056870 secs] 28637K->25785K(29696K), [Perm : 6050K->6050K(21248K)], 0.0057200 secs] [Times: user=0.00 sys=0.00, real=0.01 secs] 
23.051: Total time for which application threads were stopped: 0.0058100 seconds, Stopping threads took: 0.0000380 seconds
23.053: Application time: 0.0012920 seconds
23.053: [Full GC23.053: [Tenured: 20084K->20084K(20480K), 0.0084840 secs] 28639K->25785K(29696K), [Perm : 6050K->6050K(21248K)], 0.0085220 secs] [Times: user=0.01 sys=0.00, real=0.01 secs] 
23.061: Total time for which application threads were stopped: 0.0086810 seconds, Stopping threads took: 0.0000880 seconds
23.063: Application time: 0.0013240 seconds
23.063: [Full GC23.063: [Tenured: 20084K->20084K(20480K), 0.0079680 secs] 28639K->23647K(29696K), [Perm : 6050K->6050K(21248K)], 0.0080060 secs] [Times: user=0.01 sys=0.00, real=0.01 secs] 
23.071: Total time for which application threads were stopped: 0.0081650 seconds, Stopping threads took: 0.0000750 seconds
23.075: Application time: 0.0046270 seconds
23.076: [Full GC23.076: [Tenured: 20084K->20083K(20480K), 0.0082540 secs] 28645K->25072K(29696K), [Perm : 6050K->6050K(21248K)], 0.0082960 secs] [Times: user=0.01 sys=0.00, real=0.01 secs] 
23.084: Total time for which application threads were stopped: 0.0084030 seconds, Stopping threads took: 0.0000420 seconds
23.085: Application time: 0.0009480 seconds
23.085: [Full GC23.085: [Tenured: 20083K->20083K(20480K), 0.0085390 secs] 28639K->25072K(29696K), [Perm : 6050K->6050K(21248K)], 0.0085740 secs] [Times: user=0.01 sys=0.00, real=0.01 secs] 
23.093: Total time for which application threads were stopped: 0.0086800 seconds, Stopping threads took: 0.0000470 seconds
23.095: Application time: 0.0013480 seconds
23.095: [Full GC23.095: [Tenured: 20083K->20083K(20480K), 0.0071270 secs] 28639K->25072K(29696K), [Perm : 6050K->6050K(21248K)], 0.0071630 secs] [Times: user=0.01 sys=0.00, real=0.01 secs] 
23.102: Total time for which application threads were stopped: 0.0073110 seconds, Stopping threads took: 0.0000700 seconds
23.104: Application time: 0.0019490 seconds
23.104: [Full GC23.104: [Tenured: 20083K->20083K(20480K), 0.0066000 secs] 28637K->25785K(29696K), [Perm : 6050K->6050K(21248K)], 0.0066340 secs] [Times: user=0.01 sys=0.00, real=0.01 secs] 
23.111: Total time for which application threads were stopped: 0.0067740 seconds, Stopping threads took: 0.0000840 seconds
23.113: Application time: 0.0019890 seconds
23.113: [Full GC23.113: [Tenured: 20083K->20083K(20480K), 0.0091430 secs] 28637K->25072K(29696K), [Perm : 6050K->6050K(21248K)], 0.0091830 secs] [Times: user=0.01 sys=0.00, real=0.01 secs] 
23.122: Total time for which application threads were stopped: 0.0093290 seconds, Stopping threads took: 0.0000830 seconds
23.126: Application time: 0.0041240 seconds
23.126: [Full GC23.126: [Tenured: 20083K->20083K(20480K), 0.0064240 secs] 28637K->25072K(29696K), [Perm : 6050K->6050K(21248K)], 0.0064580 secs] [Times: user=0.01 sys=0.00, real=0.01 secs] 
23.133: Total time for which application threads were stopped: 0.0065610 seconds, Stopping threads took: 0.0000440 seconds
23.135: Application time: 0.0023030 seconds
23.135: [Full GC23.135: [Tenured: 20083K->20083K(20480K), 0.0061950 secs] 28638K->25072K(29696K), [Perm : 6050K->6050K(21248K)], 0.0062270 secs] [Times: user=0.01 sys=0.00, real=0.01 secs] 
23.142: Total time for which application threads were stopped: 0.0063200 seconds, Stopping threads took: 0.0000380 seconds
23.144: Application time: 0.0021030 seconds
23.144: [Full GC23.144: [Tenured: 20083K->20083K(20480K), 0.0063920 secs] 28638K->24360K(29696K), [Perm : 6050K->6050K(21248K)], 0.0064320 secs] [Times: user=0.01 sys=0.00, real=0.01 secs] 
23.150: Total time for which application threads were stopped: 0.0065510 seconds, Stopping threads took: 0.0000650 seconds
23.154: Application time: 0.0038400 seconds
23.154: [Full GC23.154: [Tenured: 20083K->20083K(20480K), 0.0066760 secs] 28638K->25073K(29696K), [Perm : 6050K->6050K(21248K)], 0.0067100 secs] [Times: user=0.00 sys=0.00, real=0.01 secs] 
23.161: Total time for which application threads were stopped: 0.0068540 seconds, Stopping threads took: 0.0000680 seconds
23.163: Application time: 0.0021820 seconds
23.163: [Full GC23.163: [Tenured: 20083K->20083K(20480K), 0.0070680 secs] 28638K->25785K(29696K), [Perm : 6050K->6050K(21248K)], 0.0071040 secs] [Times: user=0.01 sys=0.00, real=0.01 secs] 
23.170: Total time for which application threads were stopped: 0.0073570 seconds, Stopping threads took: 0.0001730 seconds
23.171: Application time: 0.0002660 seconds
23.171: [Full GC23.171: [Tenured: 20083K->20084K(20480K), 0.0081560 secs] 28640K->24360K(29696K), [Perm : 6050K->6050K(21248K)], 0.0081920 secs] [Times: user=0.01 sys=0.00, real=0.01 secs] 
23.179: Total time for which application threads were stopped: 0.0083380 seconds, Stopping threads took: 0.0000880 seconds
23.183: Application time: 0.0034990 seconds
23.183: [Full GC23.183: [Tenured: 20084K->20084K(20480K), 0.0070960 secs] 28654K->25787K(29696K), [Perm : 6053K->6053K(21248K)], 0.0071380 secs] [Times: user=0.00 sys=0.00, real=0.01 secs] 
23.190: Total time for which application threads were stopped: 0.0072700 seconds, Stopping threads took: 0.0000680 seconds
23.192: Application time: 0.0026110 seconds
23.193: [Full GC23.193: [Tenured: 20084K->20083K(20480K), 0.0090670 secs] 28640K->25786K(29696K), [Perm : 6053K->6053K(21248K)], 0.0091060 secs] [Times: user=0.01 sys=0.00, real=0.01 secs] 
23.202: Total time for which application threads were stopped: 0.0092920 seconds, Stopping threads took: 0.0001240 seconds
23.204: Application time: 0.0027160 seconds
23.205: [Full GC23.205: [Tenured: 20083K->20083K(20480K), 0.0065490 secs] 28639K->25786K(29696K), [Perm : 6053K->6053K(21248K)], 0.0065810 secs] [Times: user=0.01 sys=0.00, real=0.01 secs] 
23.211: Total time for which application threads were stopped: 0.0067320 seconds, Stopping threads took: 0.0000800 seconds
23.214: Application time: 0.0025500 seconds
23.214: [Full GC23.214: [Tenured: 20083K->20083K(20480K), 0.0059410 secs] 28639K->25786K(29696K), [Perm : 6053K->6053K(21248K)], 0.0059900 secs] [Times: user=0.00 sys=0.00, real=0.01 secs] 
23.220: Total time for which application threads were stopped: 0.0061210 seconds, Stopping threads took: 0.0000630 seconds
23.222: Application time: 0.0025210 seconds
23.222: [Full GC23.222: [Tenured: 20083K->20083K(20480K), 0.0067620 secs] 28639K->25786K(29696K), [Perm : 6053K->6053K(21248K)], 0.0067950 secs] [Times: user=0.01 sys=0.00, real=0.01 secs] 
23.229: Total time for which application threads were stopped: 0.0069390 seconds, Stopping threads took: 0.0000680 seconds
23.232: Application time: 0.0024650 seconds
23.232: [Full GC23.232: [Tenured: 20083K->20083K(20480K), 0.0059560 secs] 28639K->25786K(29696K), [Perm : 6053K->6053K(21248K)], 0.0059890 secs] [Times: user=0.01 sys=0.00, real=0.01 secs] 
23.238: Total time for which application threads were stopped: 0.0061240 seconds, Stopping threads took: 0.0000700 seconds
23.240: Application time: 0.0025980 seconds
23.241: [Full GC23.241: [Tenured: 20083K->20083K(20480K), 0.0060850 secs] 28638K->25786K(29696K), [Perm : 6053K->6053K(21248K)], 0.0061210 secs] [Times: user=0.01 sys=0.00, real=0.00 secs] 
23.247: Total time for which application threads were stopped: 0.0062500 seconds, Stopping threads took: 0.0000630 seconds
23.249: Application time: 0.0025820 seconds
23.249: [Full GC23.249: [Tenured: 20083K->20083K(20480K), 0.0062020 secs] 28638K->25786K(29696K), [Perm : 6053K->6053K(21248K)], 0.0062380 secs] [Times: user=0.01 sys=0.00, real=0.00 secs] 
23.256: Total time for which application threads were stopped: 0.0063450 seconds, Stopping threads took: 0.0000490 seconds
23.258: Application time: 0.0028220 seconds
23.259: [Full GC23.259: [Tenured: 20083K->20083K(20480K), 0.0064220 secs] 28638K->25786K(29696K), [Perm : 6053K->6053K(21248K)], 0.0064560 secs] [Times: user=0.01 sys=0.00, real=0.00 secs] 
23.265: Total time for which application threads were stopped: 0.0065550 seconds, Stopping threads took: 0.0000460 seconds
23.267: Application time: 0.0019120 seconds
23.267: [Full GC23.267: [Tenured: 20083K->20083K(20480K), 0.0091680 secs] 28638K->25786K(29696K), [Perm : 6053K->6053K(21248K)], 0.0092040 secs] [Times: user=0.01 sys=0.00, real=0.02 secs] 
23.276: Total time for which application threads were stopped: 0.0094250 seconds, Stopping threads took: 0.0001400 seconds
23.277: Application time: 0.0006400 seconds
23.277: [Full GC23.277: [Tenured: 20083K->20083K(20480K), 0.0062830 secs] 28638K->25786K(29696K), [Perm : 6053K->6053K(21248K)], 0.0063180 secs] [Times: user=0.01 sys=0.00, real=0.00 secs] 
23.283: Total time for which application threads were stopped: 0.0064250 seconds, Stopping threads took: 0.0000480 seconds
23.285: Application time: 0.0020560 seconds
23.286: [Full GC23.286: [Tenured: 20083K->20086K(20480K), 0.0080300 secs] 28638K->25786K(29696K), [Perm : 6053K->6053K(21248K)], 0.0080700 secs] [Times: user=0.01 sys=0.00, real=0.01 secs] 
23.294: Total time for which application threads were stopped: 0.0081730 seconds, Stopping threads took: 0.0000420 seconds
23.296: Application time: 0.0025490 seconds
23.296: [Full GC23.296: [Tenured: 20086K->20086K(20480K), 0.0072960 secs] 28638K->25786K(29696K), [Perm : 6053K->6053K(21248K)], 0.0073310 secs] [Times: user=0.01 sys=0.00, real=0.00 secs] 
23.304: Total time for which application threads were stopped: 0.0075230 seconds, Stopping threads took: 0.0001130 seconds
23.305: Application time: 0.0015080 seconds
23.305: [Full GC23.305: [Tenured: 20086K->20085K(20480K), 0.0077890 secs] 28640K->21510K(29696K), [Perm : 6053K->6053K(21248K)], 0.0078270 secs] [Times: user=0.01 sys=0.00, real=0.01 secs] 
23.313: Total time for which application threads were stopped: 0.0079390 seconds, Stopping threads took: 0.0000520 seconds
23.332: Application time: 0.0186690 seconds
23.332: [Full GC23.332: [Tenured: 20085K->20085K(20480K), 0.0083520 secs] 28652K->24361K(29696K), [Perm : 6053K->6053K(21248K)], 0.0083930 secs] [Times: user=0.00 sys=0.00, real=0.01 secs] 
23.340: Total time for which application threads were stopped: 0.0085350 seconds, Stopping threads took: 0.0000670 seconds
23.347: Application time: 0.0070020 seconds
23.348: [Full GC23.348: [Tenured: 20085K->20085K(20480K), 0.0096710 secs] 28640K->24361K(29696K), [Perm : 6053K->6053K(21248K)], 0.0097110 secs] [Times: user=0.01 sys=0.00, real=0.02 secs] 
23.357: Total time for which application threads were stopped: 0.0099110 seconds, Stopping threads took: 0.0001140 seconds
23.400: Application time: 0.0430650 seconds
23.400: [Full GC23.400: [Tenured: 20085K->20085K(20480K), 0.0079190 secs] 28640K->23648K(29696K), [Perm : 6053K->6053K(21248K)], 0.0079610 secs] [Times: user=0.01 sys=0.00, real=0.01 secs] 
23.408: Total time for which application threads were stopped: 0.0080940 seconds, Stopping threads took: 0.0000550 seconds
23.414: Application time: 0.0051480 seconds
23.414: [Full GC23.414: [Tenured: 20085K->20085K(20480K), 0.0087580 secs] 28642K->24361K(29696K), [Perm : 6053K->6053K(21248K)], 0.0088000 secs] [Times: user=0.01 sys=0.00, real=0.01 secs] 
23.423: Total time for which application threads were stopped: 0.0089430 seconds, Stopping threads took: 0.0000670 seconds
23.440: Application time: 0.0169680 seconds
23.440: [Full GC23.440: [Tenured: 20085K->20085K(20480K), 0.0090410 secs] 28640K->25786K(29696K), [Perm : 6053K->6053K(21248K)], 0.0090810 secs] [Times: user=0.01 sys=0.00, real=0.01 secs] 
23.449: Total time for which application threads were stopped: 0.0092360 seconds, Stopping threads took: 0.0000920 seconds
23.458: Application time: 0.0091030 seconds
23.458: [Full GC23.458: [Tenured: 20085K->20085K(20480K), 0.0099810 secs] 28638K->25785K(29696K), [Perm : 6053K->6053K(21248K)], 0.0100290 secs] [Times: user=0.01 sys=0.00, real=0.01 secs] 
23.468: Total time for which application threads were stopped: 0.0102420 seconds, Stopping threads took: 0.0001480 seconds
23.474: Application time: 0.0061220 seconds
23.474: [Full GC23.474: [Tenured: 20085K->20085K(20480K), 0.0090760 secs] 28638K->25785K(29696K), [Perm : 6053K->6053K(21248K)], 0.0091150 secs] [Times: user=0.01 sys=0.00, real=0.01 secs] 
23.484: Total time for which application threads were stopped: 0.0092730 seconds, Stopping threads took: 0.0000920 seconds
23.511: Application time: 0.0277980 seconds
23.511: [Full GC23.511: [Tenured: 20085K->20085K(20480K), 0.0083010 secs] 28638K->25073K(29696K), [Perm : 6053K->6053K(21248K)], 0.0083560 secs] [Times: user=0.00 sys=0.00, real=0.01 secs] 
23.520: Total time for which application threads were stopped: 0.0085060 seconds, Stopping threads took: 0.0000750 seconds
23.538: Application time: 0.0183880 seconds
23.538: [Full GC23.538: [Tenured: 20085K->20085K(20480K), 0.0080910 secs] 28640K->24360K(29696K), [Perm : 6053K->6053K(21248K)], 0.0081280 secs] [Times: user=0.01 sys=0.00, real=0.00 secs] 
23.546: Total time for which application threads were stopped: 0.0082330 seconds, Stopping threads took: 0.0000460 seconds
23.552: Application time: 0.0055040 seconds
23.552: [Full GC23.552: [Tenured: 20085K->20085K(20480K), 0.0097670 secs] 28642K->25073K(29696K), [Perm : 6053K->6053K(21248K)], 0.0098090 secs] [Times: user=0.01 sys=0.00, real=0.01 secs] 
23.562: Total time for which application threads were stopped: 0.0099680 seconds, Stopping threads took: 0.0000730 seconds
23.568: Application time: 0.0063950 seconds
23.568: [Full GC23.568: [Tenured: 20085K->20085K(20480K), 0.0082320 secs] 28640K->24360K(29696K), [Perm : 6053K->6053K(21248K)], 0.0082710 secs] [Times: user=0.01 sys=0.00, real=0.01 secs] 
23.577: Total time for which application threads were stopped: 0.0083810 seconds, Stopping threads took: 0.0000470 seconds
23.599: Application time: 0.0223140 seconds
23.599: [Full GC23.599: [Tenured: 20085K->20085K(20480K), 0.0080820 secs] 28640K->25073K(29696K), [Perm : 6053K->6053K(21248K)], 0.0081240 secs] [Times: user=0.01 sys=0.00, real=0.00 secs] 
23.607: Total time for which application threads were stopped: 0.0082320 seconds, Stopping threads took: 0.0000460 seconds
23.613: Application time: 0.0060880 seconds
23.613: [Full GC23.613: [Tenured: 20085K->20085K(20480K), 0.0087330 secs] 28640K->25073K(29696K), [Perm : 6053K->6053K(21248K)], 0.0087720 secs] [Times: user=0.01 sys=0.00, real=0.01 secs] 
23.622: Total time for which application threads were stopped: 0.0088920 seconds, Stopping threads took: 0.0000560 seconds
23.647: Application time: 0.0247870 seconds
23.647: [Full GC23.647: [Tenured: 20085K->20085K(20480K), 0.0074680 secs] 28639K->25073K(29696K), [Perm : 6053K->6053K(21248K)], 0.0075080 secs] [Times: user=0.01 sys=0.00, real=0.01 secs] 
23.655: Total time for which application threads were stopped: 0.0076540 seconds, Stopping threads took: 0.0000840 seconds
23.671: Application time: 0.0162980 seconds
23.671: [Full GC23.671: [Tenured: 20085K->20085K(20480K), 0.0084430 secs] 28641K->25073K(29696K), [Perm : 6053K->6053K(21248K)], 0.0084800 secs] [Times: user=0.01 sys=0.00, real=0.01 secs] 
23.680: Total time for which application threads were stopped: 0.0085830 seconds, Stopping threads took: 0.0000430 seconds
23.684: Application time: 0.0045410 seconds
23.684: [Full GC23.684: [Tenured: 20085K->20085K(20480K), 0.0091310 secs] 28639K->24360K(29696K), [Perm : 6053K->6053K(21248K)], 0.0091740 secs] [Times: user=0.01 sys=0.00, real=0.01 secs] 
23.693: Total time for which application threads were stopped: 0.0093210 seconds, Stopping threads took: 0.0000720 seconds
23.717: Application time: 0.0232320 seconds
23.717: [Full GC23.717: [Tenured: 20085K->20085K(20480K), 0.0091330 secs] 28639K->25073K(29696K), [Perm : 6053K->6053K(21248K)], 0.0091800 secs] [Times: user=0.01 sys=0.00, real=0.00 secs] 
23.726: Total time for which application threads were stopped: 0.0093310 seconds, Stopping threads took: 0.0000860 seconds
23.733: Application time: 0.0073920 seconds
23.734: [Full GC23.734: [Tenured: 20085K->20085K(20480K), 0.0097500 secs] 28639K->25073K(29696K), [Perm : 6053K->6053K(21248K)], 0.0097920 secs] [Times: user=0.01 sys=0.00, real=0.01 secs] 
23.743: Total time for which application threads were stopped: 0.0099910 seconds, Stopping threads took: 0.0001130 seconds
23.750: Application time: 0.0068860 seconds
23.750: [Full GC23.750: [Tenured: 20085K->20085K(20480K), 0.0081310 secs] 28639K->24360K(29696K), [Perm : 6053K->6053K(21248K)], 0.0081740 secs] [Times: user=0.01 sys=0.00, real=0.01 secs] 
23.759: Total time for which application threads were stopped: 0.0083270 seconds, Stopping threads took: 0.0000870 seconds
23.791: Application time: 0.0328400 seconds
23.792: [Full GC23.792: [Tenured: 20085K->20085K(20480K), 0.0079580 secs] 28641K->25073K(29696K), [Perm : 6053K->6053K(21248K)], 0.0079980 secs] [Times: user=0.01 sys=0.00, real=0.01 secs] 
23.800: Total time for which application threads were stopped: 0.0081150 seconds, Stopping threads took: 0.0000530 seconds
23.801: Application time: 0.0012440 seconds
23.801: [Full GC23.801: [Tenured: 20085K->20085K(20480K), 0.0088270 secs] 28639K->25073K(29696K), [Perm : 6053K->6053K(21248K)], 0.0088660 secs] [Times: user=0.01 sys=0.00, real=0.01 secs] 
23.810: Total time for which application threads were stopped: 0.0089930 seconds, Stopping threads took: 0.0000650 seconds
23.824: Application time: 0.0143260 seconds
23.824: [Full GC23.824: [Tenured: 20085K->20085K(20480K), 0.0083780 secs] 28637K->25073K(29696K), [Perm : 6053K->6053K(21248K)], 0.0084150 secs] [Times: user=0.01 sys=0.00, real=0.01 secs] 
23.833: Total time for which application threads were stopped: 0.0085260 seconds, Stopping threads took: 0.0000510 seconds
23.849: Application time: 0.0163150 seconds
23.849: [Full GC23.849: [Tenured: 20085K->20085K(20480K), 0.0083310 secs] 28639K->25073K(29696K), [Perm : 6053K->6053K(21248K)], 0.0083710 secs] [Times: user=0.01 sys=0.00, real=0.01 secs] 
23.857: Total time for which application threads were stopped: 0.0084720 seconds, Stopping threads took: 0.0000400 seconds
23.863: Application time: 0.0058510 seconds
23.863: [Full GC23.863: [Tenured: 20085K->20087K(20480K), 0.0100770 secs] 28561K->21517K(29696K), [Perm : 6053K->6053K(21248K)], 0.0101170 secs] [Times: user=0.01 sys=0.00, real=0.01 secs] 
23.874: Total time for which application threads were stopped: 0.0102770 seconds, Stopping threads took: 0.0000840 seconds
23.882: Application time: 0.0081550 seconds
23.882: [Full GC23.882: [Tenured: 20087K->20087K(20480K), 0.0088900 secs] 28766K->25075K(29696K), [Perm : 6053K->6053K(21248K)], 0.0089380 secs] [Times: user=0.01 sys=0.00, real=0.01 secs] 
23.891: Total time for which application threads were stopped: 0.0091330 seconds, Stopping threads took: 0.0000980 seconds
23.895: Application time: 0.0040980 seconds
23.895: [Full GC23.895: [Tenured: 20087K->20113K(20480K), 0.0090870 secs] 29086K->21546K(29696K), [Perm : 6056K->6056K(21248K)], 0.0091310 secs] [Times: user=0.01 sys=0.00, real=0.01 secs] 
23.904: Total time for which application threads were stopped: 0.0092910 seconds, Stopping threads took: 0.0000930 seconds
23.912: Application time: 0.0075890 seconds
23.912: [Full GC23.912: [Tenured: 20113K->20123K(20480K), 0.0063920 secs] 28944K->20836K(29696K), [Perm : 6056K->6056K(21248K)], 0.0064280 secs] [Times: user=0.01 sys=0.00, real=0.01 secs] 
23.918: Total time for which application threads were stopped: 0.0065460 seconds, Stopping threads took: 0.0000450 seconds
23.923: Application time: 0.0050130 seconds
23.924: [Full GC23.924: [Tenured: 20123K->20086K(20480K), 0.0109870 secs] 28724K->23648K(29696K), [Perm : 6056K->6056K(21248K)], 0.0110370 secs] [Times: user=0.02 sys=0.00, real=0.01 secs] 
23.935: Total time for which application threads were stopped: 0.0112360 seconds, Stopping threads took: 0.0001190 seconds
23.938: Application time: 0.0029630 seconds
23.938: [Full GC23.938: [Tenured: 20086K->20086K(20480K), 0.0076310 secs] 28640K->22936K(29696K), [Perm : 6056K->6056K(21248K)], 0.0076730 secs] [Times: user=0.00 sys=0.00, real=0.00 secs] 
23.945: Total time for which application threads were stopped: 0.0078380 seconds, Stopping threads took: 0.0001000 seconds
23.950: Application time: 0.0048840 seconds
23.950: [Full GC23.950: [Tenured: 20086K->20086K(20480K), 0.0075170 secs] 28640K->23648K(29696K), [Perm : 6056K->6056K(21248K)], 0.0075620 secs] [Times: user=0.01 sys=0.00, real=0.01 secs] 
23.958: Total time for which application threads were stopped: 0.0077340 seconds, Stopping threads took: 0.0001030 seconds
23.961: Application time: 0.0032200 seconds
23.961: [Full GC23.961: [Tenured: 20086K->20086K(20480K), 0.0066700 secs] 28646K->22224K(29696K), [Perm : 6056K->6056K(21248K)], 0.0067080 secs] [Times: user=0.01 sys=0.00, real=0.01 secs] 
23.968: Total time for which application threads were stopped: 0.0068160 seconds, Stopping threads took: 0.0000460 seconds
23.971: Application time: 0.0031530 seconds
23.971: [Full GC23.971: [Tenured: 20086K->20085K(20480K), 0.0066520 secs] 28641K->23648K(29696K), [Perm : 6056K->6056K(21248K)], 0.0066940 secs] [Times: user=0.00 sys=0.00, real=0.01 secs] 
23.978: Total time for which application threads were stopped: 0.0068090 seconds, Stopping threads took: 0.0000510 seconds
23.979: Application time: 0.0010600 seconds
23.979: [Full GC23.979: [Tenured: 20085K->20086K(20480K), 0.0102650 secs] 28640K->24361K(29696K), [Perm : 6056K->6056K(21248K)], 0.0103060 secs] [Times: user=0.01 sys=0.00, real=0.01 secs] 
23.990: Total time for which application threads were stopped: 0.0105130 seconds, Stopping threads took: 0.0001210 seconds
23.992: Application time: 0.0020910 seconds
23.992: [Full GC23.992: [Tenured: 20086K->20086K(20480K), 0.0085370 secs] 28640K->24361K(29696K), [Perm : 6056K->6056K(21248K)], 0.0085790 secs] [Times: user=0.01 sys=0.00, real=0.01 secs] 
24.001: Total time for which application threads were stopped: 0.0088100 seconds, Stopping threads took: 0.0001470 seconds
24.003: Application time: 0.0024900 seconds
24.003: [Full GC24.003: [Tenured: 20086K->20086K(20480K), 0.0065210 secs] 28640K->24361K(29696K), [Perm : 6056K->6056K(21248K)], 0.0065620 secs] [Times: user=0.01 sys=0.00, real=0.01 secs] 
24.010: Total time for which application threads were stopped: 0.0066870 seconds, Stopping threads took: 0.0000600 seconds
24.012: Application time: 0.0025620 seconds
24.012: [Full GC24.012: [Tenured: 20086K->20086K(20480K), 0.0094050 secs] 28640K->23648K(29696K), [Perm : 6056K->6056K(21248K)], 0.0094490 secs] [Times: user=0.01 sys=0.00, real=0.01 secs] 
24.022: Total time for which application threads were stopped: 0.0096500 seconds, Stopping threads took: 0.0001110 seconds
24.023: Application time: 0.0014560 seconds
24.023: [Full GC24.023: [Tenured: 20086K->20086K(20480K), 0.0087000 secs] 28642K->24361K(29696K), [Perm : 6056K->6056K(21248K)], 0.0087410 secs] [Times: user=0.01 sys=0.00, real=0.01 secs] 
24.032: Total time for which application threads were stopped: 0.0088600 seconds, Stopping threads took: 0.0000580 seconds
24.034: Application time: 0.0015670 seconds
24.034: [Full GC24.034: [Tenured: 20086K->20086K(20480K), 0.0091500 secs] 28640K->23648K(29696K), [Perm : 6056K->6056K(21248K)], 0.0091900 secs] [Times: user=0.00 sys=0.00, real=0.01 secs] 
24.043: Total time for which application threads were stopped: 0.0093480 seconds, Stopping threads took: 0.0000740 seconds
24.046: Application time: 0.0027010 seconds
24.046: [Full GC24.046: [Tenured: 20086K->20086K(20480K), 0.0068600 secs] 28640K->24361K(29696K), [Perm : 6056K->6056K(21248K)], 0.0069020 secs] [Times: user=0.01 sys=0.00, real=0.01 secs] 
24.053: Total time for which application threads were stopped: 0.0070210 seconds, Stopping threads took: 0.0000570 seconds
24.055: Application time: 0.0025310 seconds
24.056: [Full GC24.056: [Tenured: 20086K->20085K(20480K), 0.0081290 secs] 28644K->22224K(29696K), [Perm : 6056K->6056K(21248K)], 0.0081940 secs] [Times: user=0.01 sys=0.00, real=0.01 secs] 
24.064: Total time for which application threads were stopped: 0.0083890 seconds, Stopping threads took: 0.0001090 seconds
24.067: Application time: 0.0026930 seconds
24.067: [Full GC24.067: [Tenured: 20085K->20086K(20480K), 0.0096010 secs] 28643K->23648K(29696K), [Perm : 6056K->6056K(21248K)], 0.0096420 secs] [Times: user=0.01 sys=0.00, real=0.02 secs] 
24.076: Total time for which application threads were stopped: 0.0098320 seconds, Stopping threads took: 0.0001260 seconds
24.079: Application time: 0.0026860 seconds
24.079: [Full GC24.079: [Tenured: 20086K->20086K(20480K), 0.0075430 secs] 28640K->25073K(29696K), [Perm : 6056K->6056K(21248K)], 0.0075820 secs] [Times: user=0.01 sys=0.00, real=0.00 secs] 
24.087: Total time for which application threads were stopped: 0.0078010 seconds, Stopping threads took: 0.0001370 seconds
24.089: Application time: 0.0025210 seconds
24.090: [Full GC24.090: [Tenured: 20086K->20086K(20480K), 0.0070750 secs] 28640K->24361K(29696K), [Perm : 6056K->6056K(21248K)], 0.0071140 secs] [Times: user=0.01 sys=0.00, real=0.01 secs] 
24.097: Total time for which application threads were stopped: 0.0076560 seconds, Stopping threads took: 0.0004630 seconds
24.099: Application time: 0.0024080 seconds
24.100: [Full GC24.100: [Tenured: 20086K->20085K(20480K), 0.0093010 secs] 28649K->23648K(29696K), [Perm : 6056K->6056K(21248K)], 0.0093410 secs] [Times: user=0.01 sys=0.00, real=0.01 secs] 
24.109: Total time for which application threads were stopped: 0.0094990 seconds, Stopping threads took: 0.0000960 seconds
24.111: Application time: 0.0024190 seconds
24.112: [Full GC24.112: [Tenured: 20085K->20085K(20480K), 0.0074210 secs] 28640K->24361K(29696K), [Perm : 6056K->6056K(21248K)], 0.0074620 secs] [Times: user=0.01 sys=0.00, real=0.01 secs] 
24.119: Total time for which application threads were stopped: 0.0076710 seconds, Stopping threads took: 0.0001460 seconds
24.121: Application time: 0.0019680 seconds
24.121: [Full GC24.121: [Tenured: 20085K->20085K(20480K), 0.0065140 secs] 28640K->24361K(29696K), [Perm : 6056K->6056K(21248K)], 0.0065530 secs] [Times: user=0.01 sys=0.00, real=0.00 secs] 
24.128: Total time for which application threads were stopped: 0.0067130 seconds, Stopping threads took: 0.0000870 seconds
24.130: Application time: 0.0025100 seconds
24.130: [Full GC24.130: [Tenured: 20085K->20085K(20480K), 0.0065680 secs] 28640K->23648K(29696K), [Perm : 6056K->6056K(21248K)], 0.0066050 secs] [Times: user=0.01 sys=0.00, real=0.01 secs] 
24.137: Total time for which application threads were stopped: 0.0067110 seconds, Stopping threads took: 0.0000480 seconds
24.140: Application time: 0.0029110 seconds
24.140: [Full GC24.140: [Tenured: 20085K->20085K(20480K), 0.0065200 secs] 28640K->23648K(29696K), [Perm : 6056K->6056K(21248K)], 0.0065600 secs] [Times: user=0.01 sys=0.00, real=0.00 secs] 
24.147: Total time for which application threads were stopped: 0.0066730 seconds, Stopping threads took: 0.0000530 seconds
24.149: Application time: 0.0023220 seconds
24.149: [Full GC24.149: [Tenured: 20085K->20085K(20480K), 0.0078640 secs] 28640K->23648K(29696K), [Perm : 6056K->6056K(21248K)], 0.0078980 secs] [Times: user=0.01 sys=0.00, real=0.01 secs] 
24.157: Total time for which application threads were stopped: 0.0080260 seconds, Stopping threads took: 0.0000700 seconds
24.159: Application time: 0.0020810 seconds
24.159: [Full GC24.159: [Tenured: 20085K->20085K(20480K), 0.0082680 secs] 28640K->23648K(29696K), [Perm : 6056K->6056K(21248K)], 0.0083040 secs] [Times: user=0.00 sys=0.00, real=0.00 secs] 
24.167: Total time for which application threads were stopped: 0.0084930 seconds, Stopping threads took: 0.0001050 seconds
24.169: Application time: 0.0020330 seconds
24.170: [Full GC24.170: [Tenured: 20085K->20085K(20480K), 0.0066480 secs] 28641K->23648K(29696K), [Perm : 6056K->6056K(21248K)], 0.0066860 secs] [Times: user=0.01 sys=0.00, real=0.01 secs] 
24.176: Total time for which application threads were stopped: 0.0067990 seconds, Stopping threads took: 0.0000470 seconds
24.178: Application time: 0.0020200 seconds
24.178: [Full GC24.178: [Tenured: 20085K->20085K(20480K), 0.0073640 secs] 28641K->23648K(29696K), [Perm : 6056K->6056K(21248K)], 0.0074050 secs] [Times: user=0.01 sys=0.00, real=0.00 secs] 
24.186: Total time for which application threads were stopped: 0.0075510 seconds, Stopping threads took: 0.0000850 seconds
24.189: Application time: 0.0026990 seconds
24.189: [Full GC24.189: [Tenured: 20085K->20085K(20480K), 0.0075060 secs] 28641K->22223K(29696K), [Perm : 6056K->6056K(21248K)], 0.0075470 secs] [Times: user=0.00 sys=0.00, real=0.01 secs] 
24.196: Total time for which application threads were stopped: 0.0077460 seconds, Stopping threads took: 0.0001150 seconds
24.200: Application time: 0.0041360 seconds
24.201: [Full GC24.201: [Tenured: 20085K->20085K(20480K), 0.0073890 secs] 28657K->23650K(29696K), [Perm : 6059K->6059K(21248K)], 0.0074330 secs] [Times: user=0.01 sys=0.00, real=0.01 secs] 
24.208: Total time for which application threads were stopped: 0.0076300 seconds, Stopping threads took: 0.0001120 seconds
24.211: Application time: 0.0024550 seconds
24.211: [Full GC24.211: [Tenured: 20085K->20085K(20480K), 0.0075220 secs] 28643K->24363K(29696K), [Perm : 6059K->6059K(21248K)], 0.0075640 secs] [Times: user=0.00 sys=0.00, real=0.01 secs] 
24.218: Total time for which application threads were stopped: 0.0077160 seconds, Stopping threads took: 0.0000890 seconds
24.219: Application time: 0.0007980 seconds
24.219: [Full GC24.219: [Tenured: 20085K->20086K(20480K), 0.0087880 secs] 28649K->23650K(29696K), [Perm : 6059K->6059K(21248K)], 0.0088250 secs] [Times: user=0.01 sys=0.00, real=0.01 secs] 
24.228: Total time for which application threads were stopped: 0.0090140 seconds, Stopping threads took: 0.0001170 seconds
24.231: Application time: 0.0025900 seconds
24.231: [Full GC24.231: [Tenured: 20086K->20086K(20480K), 0.0063250 secs] 28643K->23650K(29696K), [Perm : 6059K->6059K(21248K)], 0.0063670 secs] [Times: user=0.01 sys=0.00, real=0.01 secs] 
24.237: Total time for which application threads were stopped: 0.0065630 seconds, Stopping threads took: 0.0001230 seconds
24.239: Application time: 0.0020250 seconds
24.239: [Full GC24.239: [Tenured: 20086K->20086K(20480K), 0.0076770 secs] 28643K->24363K(29696K), [Perm : 6059K->6059K(21248K)], 0.0077180 secs] [Times: user=0.01 sys=0.00, real=0.00 secs] 
24.247: Total time for which application threads were stopped: 0.0078640 seconds, Stopping threads took: 0.0000850 seconds
24.248: Application time: 0.0009710 seconds
24.248: [Full GC24.248: [Tenured: 20086K->20086K(20480K), 0.0065780 secs] 28642K->24363K(29696K), [Perm : 6059K->6059K(21248K)], 0.0066110 secs] [Times: user=0.00 sys=0.00, real=0.00 secs] 
24.255: Total time for which application threads were stopped: 0.0067470 seconds, Stopping threads took: 0.0000790 seconds
24.257: Application time: 0.0023270 seconds
24.257: [Full GC24.257: [Tenured: 20086K->20086K(20480K), 0.0071040 secs] 28641K->24363K(29696K), [Perm : 6059K->6059K(21248K)], 0.0071450 secs] [Times: user=0.01 sys=0.00, real=0.00 secs] 
24.264: Total time for which application threads were stopped: 0.0072910 seconds, Stopping threads took: 0.0000870 seconds
24.265: Application time: 0.0005210 seconds
24.265: [Full GC24.265: [Tenured: 20086K->20086K(20480K), 0.0071720 secs] 28642K->24363K(29696K), [Perm : 6059K->6059K(21248K)], 0.0072090 secs] [Times: user=0.01 sys=0.00, real=0.01 secs] 
24.272: Total time for which application threads were stopped: 0.0073630 seconds, Stopping threads took: 0.0000780 seconds
24.275: Application time: 0.0022170 seconds
24.275: [Full GC24.275: [Tenured: 20086K->20086K(20480K), 0.0064070 secs] 28642K->24363K(29696K), [Perm : 6059K->6059K(21248K)], 0.0064430 secs] [Times: user=0.01 sys=0.00, real=0.01 secs] 
24.281: Total time for which application threads were stopped: 0.0065620 seconds, Stopping threads took: 0.0000590 seconds
24.282: Application time: 0.0012050 seconds
24.282: [Full GC24.282: [Tenured: 20086K->20086K(20480K), 0.0072860 secs] 28644K->24363K(29696K), [Perm : 6059K->6059K(21248K)], 0.0073340 secs] [Times: user=0.01 sys=0.00, real=0.01 secs] 
24.290: Total time for which application threads were stopped: 0.0074920 seconds, Stopping threads took: 0.0000760 seconds
24.291: Application time: 0.0015080 seconds
24.291: [Full GC24.291: [Tenured: 20086K->20087K(20480K), 0.0076060 secs] 28644K->24363K(29696K), [Perm : 6059K->6059K(21248K)], 0.0076430 secs] [Times: user=0.00 sys=0.00, real=0.01 secs] 
24.299: Total time for which application threads were stopped: 0.0077500 seconds, Stopping threads took: 0.0000460 seconds
24.300: Application time: 0.0005870 seconds
24.300: [Full GC24.300: [Tenured: 20087K->20087K(20480K), 0.0075100 secs] 28642K->24363K(29696K), [Perm : 6059K->6059K(21248K)], 0.0075550 secs] [Times: user=0.00 sys=0.00, real=0.00 secs] 
24.307: Total time for which application threads were stopped: 0.0076870 seconds, Stopping threads took: 0.0000710 seconds
24.310: Application time: 0.0022270 seconds
24.310: [Full GC24.310: [Tenured: 20087K->20087K(20480K), 0.0064200 secs] 28642K->24363K(29696K), [Perm : 6059K->6059K(21248K)], 0.0064560 secs] [Times: user=0.01 sys=0.00, real=0.01 secs] 
24.316: Total time for which application threads were stopped: 0.0065760 seconds, Stopping threads took: 0.0000600 seconds
24.317: Application time: 0.0011560 seconds
24.317: [Full GC24.317: [Tenured: 20087K->20087K(20480K), 0.0063500 secs] 28642K->24363K(29696K), [Perm : 6059K->6059K(21248K)], 0.0063980 secs] [Times: user=0.01 sys=0.00, real=0.00 secs] 
24.324: Total time for which application threads were stopped: 0.0065010 seconds, Stopping threads took: 0.0000460 seconds
24.326: Application time: 0.0017240 seconds
24.326: [Full GC24.326: [Tenured: 20087K->20087K(20480K), 0.0060140 secs] 28642K->22937K(29696K), [Perm : 6059K->6059K(21248K)], 0.0060500 secs] [Times: user=0.01 sys=0.00, real=0.01 secs] 
24.332: Total time for which application threads were stopped: 0.0061880 seconds, Stopping threads took: 0.0000810 seconds
24.334: Application time: 0.0025050 seconds
24.335: [Full GC24.335: [Tenured: 20087K->20087K(20480K), 0.0088740 secs] 28646K->22937K(29696K), [Perm : 6059K->6059K(21248K)], 0.0089320 secs] [Times: user=0.01 sys=0.00, real=0.01 secs] 
24.344: Total time for which application threads were stopped: 0.0095930 seconds, Stopping threads took: 0.0005580 seconds
24.345: Application time: 0.0014000 seconds
24.345: [Full GC24.345: [Tenured: 20087K->20087K(20480K), 0.0083490 secs] 28650K->20800K(29696K), [Perm : 6059K->6059K(21248K)], 0.0083880 secs] [Times: user=0.01 sys=0.00, real=0.01 secs] 
24.354: Total time for which application threads were stopped: 0.0085320 seconds, Stopping threads took: 0.0000820 seconds
24.359: Application time: 0.0057270 seconds
24.360: [Full GC24.360: [Tenured: 20087K->20088K(20480K), 0.0077650 secs] 28647K->23651K(29696K), [Perm : 6059K->6059K(21248K)], 0.0078100 secs] [Times: user=0.00 sys=0.00, real=0.00 secs] 
24.367: Total time for which application threads were stopped: 0.0079750 seconds, Stopping threads took: 0.0000780 seconds
24.373: Application time: 0.0057750 seconds
24.373: [Full GC24.373: [Tenured: 20088K->20086K(20480K), 0.0088520 secs] 28648K->23650K(29696K), [Perm : 6059K->6059K(21248K)], 0.0088960 secs] [Times: user=0.01 sys=0.00, real=0.01 secs] 
24.382: Total time for which application threads were stopped: 0.0090150 seconds, Stopping threads took: 0.0000490 seconds
24.386: Application time: 0.0036950 seconds
24.386: [Full GC24.386: [Tenured: 20086K->20086K(20480K), 0.0070570 secs] 28641K->23650K(29696K), [Perm : 6059K->6059K(21248K)], 0.0070890 secs] [Times: user=0.01 sys=0.00, real=0.01 secs] 
24.393: Total time for which application threads were stopped: 0.0071980 seconds, Stopping threads took: 0.0000480 seconds
24.399: Application time: 0.0054870 seconds
24.399: [Full GC24.399: [Tenured: 20086K->20086K(20480K), 0.0074620 secs] 28640K->24363K(29696K), [Perm : 6059K->6059K(21248K)], 0.0074990 secs] [Times: user=0.01 sys=0.00, real=0.00 secs] 
24.406: Total time for which application threads were stopped: 0.0076530 seconds, Stopping threads took: 0.0000810 seconds
24.409: Application time: 0.0026540 seconds
24.409: [Full GC24.409: [Tenured: 20086K->20087K(20480K), 0.0100900 secs] 28642K->23650K(29696K), [Perm : 6059K->6059K(21248K)], 0.0101310 secs] [Times: user=0.01 sys=0.00, real=0.01 secs] 
24.419: Total time for which application threads were stopped: 0.0103200 seconds, Stopping threads took: 0.0001050 seconds
24.422: Application time: 0.0030440 seconds
24.422: [Full GC24.422: [Tenured: 20087K->20087K(20480K), 0.0070660 secs] 28640K->23650K(29696K), [Perm : 6059K->6059K(21248K)], 0.0071030 secs] [Times: user=0.01 sys=0.00, real=0.01 secs] 
24.430: Total time for which application threads were stopped: 0.0072320 seconds, Stopping threads took: 0.0000520 seconds
24.434: Application time: 0.0049170 seconds
24.435: [Full GC24.435: [Tenured: 20087K->20087K(20480K), 0.0062670 secs] 28640K->22937K(29696K), [Perm : 6059K->6059K(21248K)], 0.0063010 secs] [Times: user=0.01 sys=0.00, real=0.01 secs] 
24.441: Total time for which application threads were stopped: 0.0064070 seconds, Stopping threads took: 0.0000480 seconds
24.446: Application time: 0.0054470 seconds
24.446: [Full GC24.446: [Tenured: 20087K->20087K(20480K), 0.0069000 secs] 28640K->22937K(29696K), [Perm : 6059K->6059K(21248K)], 0.0069350 secs] [Times: user=0.00 sys=0.00, real=0.01 secs] 
24.453: Total time for which application threads were stopped: 0.0070410 seconds, Stopping threads took: 0.0000440 seconds
24.468: Application time: 0.0147950 seconds
24.468: [Full GC24.468: [Tenured: 20087K->20087K(20480K), 0.0081890 secs] 28650K->22225K(29696K), [Perm : 6059K->6059K(21248K)], 0.0082350 secs] [Times: user=0.01 sys=0.00, real=0.01 secs] 
24.477: Total time for which application threads were stopped: 0.0083440 seconds, Stopping threads took: 0.0000450 seconds
24.500: Application time: 0.0239310 seconds
24.501: [Full GC24.501: [Tenured: 20087K->18669K(20480K), 0.0091450 secs] 28385K->18669K(29696K), [Perm : 6059K->6059K(21248K)], 0.0091880 secs] [Times: user=0.01 sys=0.00, real=0.01 secs] 
24.510: Total time for which application threads were stopped: 0.0093030 seconds, Stopping threads took: 0.0000470 seconds
24.523: Application time: 0.0134270 seconds
24.523: [GC24.523: [ParNew: 8144K->8144K(9216K), 0.0000100 secs]24.523: [Tenured: 18669K->20086K(20480K), 0.0090220 secs] 26814K->22937K(29696K), [Perm : 6059K->6059K(21248K)], 0.0090790 secs] [Times: user=0.01 sys=0.00, real=0.01 secs] 
24.532: Total time for which application threads were stopped: 0.0092540 seconds, Stopping threads took: 0.0001060 seconds
24.537: Application time: 0.0049610 seconds
24.537: [Full GC24.537: [Tenured: 20086K->20087K(20480K), 0.0083610 secs] 28641K->22224K(29696K), [Perm : 6059K->6059K(21248K)], 0.0084030 secs] [Times: user=0.01 sys=0.00, real=0.00 secs] 
24.546: Total time for which application threads were stopped: 0.0085180 seconds, Stopping threads took: 0.0000470 seconds
24.555: Application time: 0.0086370 seconds
24.555: [Full GC24.555: [Tenured: 20087K->20087K(20480K), 0.0092490 secs] 28639K->22224K(29696K), [Perm : 6059K->6059K(21248K)], 0.0092920 secs] [Times: user=0.01 sys=0.00, real=0.01 secs] 
24.564: Total time for which application threads were stopped: 0.0094970 seconds, Stopping threads took: 0.0001130 seconds
24.573: Application time: 0.0092650 seconds
24.573: [Full GC24.573: [Tenured: 20087K->20087K(20480K), 0.0087570 secs] 28639K->21512K(29696K), [Perm : 6059K->6059K(21248K)], 0.0088060 secs] [Times: user=0.01 sys=0.00, real=0.01 secs] 
24.582: Total time for which application threads were stopped: 0.0089300 seconds, Stopping threads took: 0.0000490 seconds
24.589: Application time: 0.0062970 seconds
24.589: [Full GC24.589: [Tenured: 20087K->20086K(20480K), 0.0101520 secs] 28696K->20086K(29696K), [Perm : 6059K->6059K(21248K)], 0.0101980 secs] [Times: user=0.02 sys=0.00, real=0.01 secs] 
24.599: Total time for which application threads were stopped: 0.0103150 seconds, Stopping threads took: 0.0000470 seconds
24.606: Application time: 0.0076130 seconds
24.607: [GC24.607: [ParNew: 7845K->7845K(9216K), 0.0000110 secs]24.607: [Tenured: 20086K->20087K(20480K), 0.0080130 secs] 27932K->20799K(29696K), [Perm : 6059K->6059K(21248K)], 0.0080780 secs] [Times: user=0.01 sys=0.00, real=0.01 secs] 
24.615: Total time for which application threads were stopped: 0.0081970 seconds, Stopping threads took: 0.0000510 seconds
24.623: Application time: 0.0083540 seconds
24.623: [Full GC24.623: [Tenured: 20087K->19374K(20480K), 0.0088260 secs] 28643K->19374K(29696K), [Perm : 6059K->6059K(21248K)], 0.0088720 secs] [Times: user=0.01 sys=0.00, real=0.01 secs] 
24.632: Total time for which application threads were stopped: 0.0090020 seconds, Stopping threads took: 0.0000530 seconds
24.641: Application time: 0.0086060 seconds
24.641: [GC24.641: [ParNew: 7841K->7841K(9216K), 0.0000120 secs]24.641: [Tenured: 19374K->20057K(20480K), 0.0103570 secs] 27215K->20057K(29696K), [Perm : 6059K->6059K(21248K)], 0.0104210 secs] [Times: user=0.01 sys=0.00, real=0.01 secs] 
24.651: Total time for which application threads were stopped: 0.0105520 seconds, Stopping threads took: 0.0000550 seconds
24.660: Application time: 0.0088170 seconds
24.660: [GC24.660: [ParNew: 7839K->7839K(9216K), 0.0000110 secs]24.660: [Tenured: 20057K->20057K(20480K), 0.0078230 secs] 27897K->20057K(29696K), [Perm : 6059K->6059K(21248K)], 0.0078810 secs] [Times: user=0.00 sys=0.00, real=0.01 secs] 
24.670: Total time for which application threads were stopped: 0.0095880 seconds, Stopping threads took: 0.0001060 seconds
24.677: Application time: 0.0071280 seconds
24.677: [GC24.677: [ParNew: 7858K->7858K(9216K), 0.0000100 secs]24.677: [Tenured: 20057K->19346K(20480K), 0.0086880 secs] 27916K->19346K(29696K), [Perm : 6059K->6059K(21248K)], 0.0087430 secs] [Times: user=0.01 sys=0.00, real=0.00 secs] 
24.686: Total time for which application threads were stopped: 0.0088600 seconds, Stopping threads took: 0.0000480 seconds
24.695: Application time: 0.0089780 seconds
24.695: [GC24.695: [ParNew: 7840K->7840K(9216K), 0.0000110 secs]24.695: [Tenured: 19346K->18633K(20480K), 0.0063900 secs] 27186K->18633K(29696K), [Perm : 6059K->6059K(21248K)], 0.0064390 secs] [Times: user=0.01 sys=0.00, real=0.01 secs] 
24.701: Total time for which application threads were stopped: 0.0065730 seconds, Stopping threads took: 0.0000570 seconds
24.706: Application time: 0.0052540 seconds
24.706: [GC24.707: [ParNew: 7842K->7842K(9216K), 0.0000100 secs]24.707: [Tenured: 18633K->18633K(20480K), 0.0095690 secs] 26476K->18633K(29696K), [Perm : 6059K->6059K(21248K)], 0.0096270 secs] [Times: user=0.01 sys=0.00, real=0.02 secs] 
24.716: Total time for which application threads were stopped: 0.0097550 seconds, Stopping threads took: 0.0000470 seconds
24.722: Application time: 0.0059150 seconds
24.722: [GC24.722: [ParNew: 7896K->7896K(9216K), 0.0000110 secs]24.722: [Tenured: 18633K->15782K(20480K), 0.0095930 secs] 26529K->15782K(29696K), [Perm : 6059K->6059K(21248K)], 0.0096560 secs] [Times: user=0.01 sys=0.00, real=0.01 secs] 
24.732: Total time for which application threads were stopped: 0.0097730 seconds, Stopping threads took: 0.0000440 seconds
24.738: Application time: 0.0064320 seconds
24.738: [GC24.738: [ParNew: 7842K->712K(9216K), 0.0012110 secs] 23624K->19345K(29696K), 0.0012460 secs] [Times: user=0.01 sys=0.00, real=0.00 secs] 
24.740: Total time for which application threads were stopped: 0.0013640 seconds, Stopping threads took: 0.0000510 seconds
24.746: Application time: 0.0065850 seconds
24.746: [GC24.746: [ParNew: 8560K->8560K(9216K), 0.0000110 secs]24.746: [Tenured: 18632K->15782K(20480K), 0.0079910 secs] 27192K->15782K(29696K), [Perm : 6059K->6059K(21248K)], 0.0080470 secs] [Times: user=0.01 sys=0.00, real=0.01 secs] 
24.754: Total time for which application threads were stopped: 0.0081730 seconds, Stopping threads took: 0.0000510 seconds
24.763: Application time: 0.0084500 seconds
24.763: [GC24.763: [ParNew: 7841K->7841K(9216K), 0.0000110 secs]24.763: [Tenured: 15782K->16495K(20480K), 0.0071650 secs] 23623K->16495K(29696K), [Perm : 6059K->6059K(21248K)], 0.0072290 secs] [Times: user=0.01 sys=0.00, real=0.01 secs] 
24.770: Total time for which application threads were stopped: 0.0073550 seconds, Stopping threads took: 0.0000550 seconds
24.779: Application time: 0.0091180 seconds
24.780: [GC24.780: [ParNew: 7840K->7840K(9216K), 0.0000100 secs]24.780: [Tenured: 16495K->16437K(20480K), 0.0095430 secs] 24335K->16437K(29696K), [Perm : 6059K->6059K(21248K)], 0.0096010 secs] [Times: user=0.01 sys=0.00, real=0.01 secs] 
24.789: Total time for which application threads were stopped: 0.0098070 seconds, Stopping threads took: 0.0001160 seconds
24.792: Application time: 0.0030100 seconds
24.792: [GC24.792: [ParNew: 7844K->7844K(9216K), 0.0000100 secs]24.792: [Tenured: 16437K->17150K(20480K), 0.0085630 secs] 24281K->17150K(29696K), [Perm : 6059K->6059K(21248K)], 0.0086220 secs] [Times: user=0.01 sys=0.00, real=0.01 secs] 
24.801: Total time for which application threads were stopped: 0.0087380 seconds, Stopping threads took: 0.0000490 seconds
24.806: Application time: 0.0049190 seconds
24.806: [GC24.806: [ParNew: 7842K->7842K(9216K), 0.0000100 secs]24.806: [Tenured: 17150K->17150K(20480K), 0.0083400 secs] 24992K->17150K(29696K), [Perm : 6059K->6059K(21248K)], 0.0083970 secs] [Times: user=0.01 sys=0.00, real=0.01 secs] 
24.814: Total time for which application threads were stopped: 0.0085170 seconds, Stopping threads took: 0.0000530 seconds
24.823: Application time: 0.0084360 seconds
24.823: [GC24.823: [ParNew: 7839K->7839K(9216K), 0.0000110 secs]24.823: [Tenured: 17150K->17862K(20480K), 0.0076700 secs] 24990K->17862K(29696K), [Perm : 6059K->6059K(21248K)], 0.0077250 secs] [Times: user=0.01 sys=0.00, real=0.01 secs] 
24.831: Total time for which application threads were stopped: 0.0078490 seconds, Stopping threads took: 0.0000520 seconds
24.858: Application time: 0.0270800 seconds
24.858: [GC24.858: [ParNew: 7854K->7854K(9216K), 0.0000100 secs]24.858: [Tenured: 17862K->15012K(20480K), 0.0082090 secs] 25717K->15012K(29696K), [Perm : 6059K->6059K(21248K)], 0.0082680 secs] [Times: user=0.00 sys=0.00, real=0.00 secs] 
24.866: Total time for which application threads were stopped: 0.0083880 seconds, Stopping threads took: 0.0000570 seconds
24.910: Application time: 0.0439330 seconds
24.910: [GC24.910: [ParNew: 7852K->718K(9216K), 0.0016420 secs] 22864K->20718K(29696K), 0.0016770 secs] [Times: user=0.01 sys=0.00, real=0.00 secs] 
24.912: Total time for which application threads were stopped: 0.0017820 seconds, Stopping threads took: 0.0000430 seconds
24.941: Application time: 0.0288570 seconds
24.941: [GC24.941: [ParNew: 8564K->8564K(9216K), 0.0000100 secs]24.941: [Tenured: 19999K->17150K(20480K), 0.0086340 secs] 28564K->17150K(29696K), [Perm : 6059K->6059K(21248K)], 0.0086920 secs] [Times: user=0.01 sys=0.00, real=0.01 secs] 
24.950: Total time for which application threads were stopped: 0.0088450 seconds, Stopping threads took: 0.0000670 seconds
24.995: Application time: 0.0456430 seconds
24.995: [GC24.995: [ParNew: 7843K->7843K(9216K), 0.0000100 secs]24.995: [Tenured: 17150K->16438K(20480K), 0.0082580 secs] 24994K->16438K(29696K), [Perm : 6059K->6059K(21248K)], 0.0083170 secs] [Times: user=0.01 sys=0.00, real=0.01 secs] 
25.004: Total time for which application threads were stopped: 0.0084300 seconds, Stopping threads took: 0.0000450 seconds
25.032: Application time: 0.0286970 seconds
25.032: [GC25.032: [ParNew: 7847K->7847K(9216K), 0.0000100 secs]25.032: [Tenured: 16438K->17150K(20480K), 0.0084860 secs] 24286K->17150K(29696K), [Perm : 6059K->6059K(21248K)], 0.0085420 secs] [Times: user=0.01 sys=0.00, real=0.01 secs] 
25.041: Total time for which application threads were stopped: 0.0086530 seconds, Stopping threads took: 0.0000430 seconds
25.076: Application time: 0.0348380 seconds
25.076: [GC25.076: [ParNew: 7845K->7845K(9216K), 0.0000100 secs]25.076: [Tenured: 17150K->17149K(20480K), 0.0098060 secs] 24996K->17149K(29696K), [Perm : 6059K->6059K(21248K)], 0.0098680 secs] [Times: user=0.01 sys=0.00, real=0.00 secs] 
25.086: Total time for which application threads were stopped: 0.0100570 seconds, Stopping threads took: 0.0000920 seconds
25.122: Application time: 0.0361370 seconds
25.122: [GC25.122: [ParNew: 7845K->7845K(9216K), 0.0000100 secs]25.122: [Tenured: 17149K->16437K(20480K), 0.0081620 secs] 24995K->16437K(29696K), [Perm : 6059K->6059K(21248K)], 0.0082170 secs] [Times: user=0.01 sys=0.00, real=0.01 secs] 
25.130: Total time for which application threads were stopped: 0.0083350 seconds, Stopping threads took: 0.0000530 seconds
25.167: Application time: 0.0362160 seconds
25.167: [GC25.167: [ParNew: 7845K->7845K(9216K), 0.0000100 secs]25.167: [Tenured: 16437K->17149K(20480K), 0.0090360 secs] 24283K->17149K(29696K), [Perm : 6059K->6059K(21248K)], 0.0090970 secs] [Times: user=0.01 sys=0.00, real=0.02 secs] 
25.176: Total time for which application threads were stopped: 0.0092880 seconds, Stopping threads took: 0.0001050 seconds
25.200: Application time: 0.0243800 seconds
25.200: [GC25.200: [ParNew: 7854K->7854K(9216K), 0.0000090 secs]25.200: [Tenured: 17149K->17150K(20480K), 0.0082820 secs] 25004K->17150K(29696K), [Perm : 6059K->6059K(21248K)], 0.0083350 secs] [Times: user=0.01 sys=0.00, real=0.01 secs] 
25.209: Total time for which application threads were stopped: 0.0084420 seconds, Stopping threads took: 0.0000440 seconds
25.247: Application time: 0.0386470 seconds
25.247: [GC25.247: [ParNew: 7845K->7845K(9216K), 0.0000100 secs]25.247: [Tenured: 17150K->17149K(20480K), 0.0087070 secs] 24996K->17149K(29696K), [Perm : 6059K->6059K(21248K)], 0.0087640 secs] [Times: user=0.01 sys=0.00, real=0.02 secs] 
25.256: Total time for which application threads were stopped: 0.0088770 seconds, Stopping threads took: 0.0000470 seconds
25.295: Application time: 0.0387870 seconds
25.295: [GC25.295: [ParNew: 7845K->7845K(9216K), 0.0000110 secs]25.295: [Tenured: 17149K->17862K(20480K), 0.0083330 secs] 24995K->17862K(29696K), [Perm : 6059K->6059K(21248K)], 0.0083910 secs] [Times: user=0.01 sys=0.00, real=0.01 secs] 
25.303: Total time for which application threads were stopped: 0.0085050 seconds, Stopping threads took: 0.0000460 seconds
25.341: Application time: 0.0379910 seconds
25.342: [GC25.342: [ParNew: 7854K->7854K(9216K), 0.0000100 secs]25.342: [Tenured: 17862K->16437K(20480K), 0.0084620 secs] 25716K->16437K(29696K), [Perm : 6059K->6059K(21248K)], 0.0085210 secs] [Times: user=0.01 sys=0.00, real=0.01 secs] 
25.350: Total time for which application threads were stopped: 0.0086360 seconds, Stopping threads took: 0.0000480 seconds
25.386: Application time: 0.0357310 seconds
25.386: [GC25.386: [ParNew: 7845K->7845K(9216K), 0.0000100 secs]25.386: [Tenured: 16437K->17150K(20480K), 0.0082230 secs] 24283K->17150K(29696K), [Perm : 6059K->6059K(21248K)], 0.0082780 secs] [Times: user=0.01 sys=0.00, real=0.01 secs] 
25.394: Total time for which application threads were stopped: 0.0084210 seconds, Stopping threads took: 0.0000670 seconds
25.415: Application time: 0.0208130 seconds
25.415: [GC25.415: [ParNew: 7845K->7845K(9216K), 0.0000100 secs]25.415: [Tenured: 17150K->16437K(20480K), 0.0090970 secs] 24995K->16437K(29696K), [Perm : 6059K->6059K(21248K)], 0.0091550 secs] [Times: user=0.01 sys=0.00, real=0.01 secs] 
25.424: Total time for which application threads were stopped: 0.0092630 seconds, Stopping threads took: 0.0000420 seconds
25.463: Application time: 0.0390940 seconds
25.464: [GC25.464: [ParNew: 7852K->7852K(9216K), 0.0000090 secs]25.464: [Tenured: 16437K->15725K(20480K), 0.0081960 secs] 24289K->15725K(29696K), [Perm : 6059K->6059K(21248K)], 0.0082580 secs] [Times: user=0.00 sys=0.00, real=0.01 secs] 
25.472: Total time for which application threads were stopped: 0.0083740 seconds, Stopping threads took: 0.0000390 seconds
25.494: Application time: 0.0225470 seconds
25.494: [GC25.494: [ParNew: 7845K->7845K(9216K), 0.0000090 secs]25.494: [Tenured: 15725K->16437K(20480K), 0.0082890 secs] 23570K->16437K(29696K), [Perm : 6059K->6059K(21248K)], 0.0083440 secs] [Times: user=0.01 sys=0.00, real=0.01 secs] 
25.503: Total time for which application threads were stopped: 0.0084560 seconds, Stopping threads took: 0.0000440 seconds
25.533: Application time: 0.0298040 seconds
25.533: [GC25.533: [ParNew: 7845K->7845K(9216K), 0.0000110 secs]25.533: [Tenured: 16437K->17150K(20480K), 0.0084990 secs] 24283K->17150K(29696K), [Perm : 6059K->6059K(21248K)], 0.0085680 secs] [Times: user=0.01 sys=0.00, real=0.01 secs] 
25.541: Total time for which application threads were stopped: 0.0087120 seconds, Stopping threads took: 0.0000680 seconds
25.578: Application time: 0.0371190 seconds
25.579: [GC25.579: [ParNew: 7843K->7843K(9216K), 0.0000100 secs]25.579: [Tenured: 17150K->16437K(20480K), 0.0089490 secs] 24994K->16437K(29696K), [Perm : 6059K->6059K(21248K)], 0.0090090 secs] [Times: user=0.01 sys=0.00, real=0.00 secs] 
25.588: Total time for which application threads were stopped: 0.0091230 seconds, Stopping threads took: 0.0000460 seconds
25.619: Application time: 0.0314150 seconds
25.619: [GC25.619: [ParNew: 7846K->7846K(9216K), 0.0000100 secs]25.619: [Tenured: 16437K->16437K(20480K), 0.0081610 secs] 24283K->16437K(29696K), [Perm : 6059K->6059K(21248K)], 0.0082170 secs] [Times: user=0.01 sys=0.00, real=0.00 secs] 
25.627: Total time for which application threads were stopped: 0.0083250 seconds, Stopping threads took: 0.0000430 seconds
25.665: Application time: 0.0373570 seconds
25.665: [GC25.665: [ParNew: 7846K->7846K(9216K), 0.0000100 secs]25.665: [Tenured: 16437K->16437K(20480K), 0.0081570 secs] 24283K->16437K(29696K), [Perm : 6059K->6059K(21248K)], 0.0082120 secs] [Times: user=0.01 sys=0.00, real=0.01 secs] 
25.673: Total time for which application threads were stopped: 0.0083180 seconds, Stopping threads took: 0.0000430 seconds
25.691: Application time: 0.0184330 seconds
25.692: [GC25.692: [ParNew: 7846K->7846K(9216K), 0.0000090 secs]25.692: [Tenured: 16437K->16437K(20480K), 0.0082650 secs] 24283K->16437K(29696K), [Perm : 6059K->6059K(21248K)], 0.0083200 secs] [Times: user=0.01 sys=0.00, real=0.01 secs] 
25.700: Total time for which application threads were stopped: 0.0084370 seconds, Stopping threads took: 0.0000510 seconds
25.731: Application time: 0.0309550 seconds
25.731: [GC25.731: [ParNew: 7854K->7854K(9216K), 0.0000110 secs]25.731: [Tenured: 16437K->15725K(20480K), 0.0087270 secs] 24292K->15725K(29696K), [Perm : 6059K->6059K(21248K)], 0.0087830 secs] [Times: user=0.01 sys=0.00, real=0.01 secs] 
25.740: Total time for which application threads were stopped: 0.0088910 seconds, Stopping threads took: 0.0000420 seconds
25.776: Application time: 0.0365150 seconds
25.776: [GC25.776: [ParNew: 7846K->7846K(9216K), 0.0000110 secs]25.776: [Tenured: 15725K->14299K(20480K), 0.0091080 secs] 23571K->14299K(29696K), [Perm : 6059K->6059K(21248K)], 0.0091660 secs] [Times: user=0.01 sys=0.00, real=0.00 secs] 
25.786: Total time for which application threads were stopped: 0.0093680 seconds, Stopping threads took: 0.0001150 seconds
25.806: Application time: 0.0200710 seconds
25.806: [GC25.806: [ParNew (promotion failed): 7855K->8579K(9216K), 0.0021810 secs]25.808: [Tenured: 19999K->15725K(20480K), 0.0080780 secs] 22154K->15725K(29696K), [Perm : 6059K->6059K(21248K)], 0.0103180 secs] [Times: user=0.02 sys=0.00, real=0.02 secs] 
25.816: Total time for which application threads were stopped: 0.0104260 seconds, Stopping threads took: 0.0000390 seconds
25.840: Application time: 0.0239050 seconds
25.840: [GC25.840: [ParNew: 7846K->7846K(9216K), 0.0000090 secs]25.840: [Tenured: 15725K->17150K(20480K), 0.0079200 secs] 23571K->17150K(29696K), [Perm : 6059K->6059K(21248K)], 0.0079730 secs] [Times: user=0.01 sys=0.00, real=0.01 secs] 
25.848: Total time for which application threads were stopped: 0.0081140 seconds, Stopping threads took: 0.0000680 seconds
25.881: Application time: 0.0327580 seconds
25.881: [GC25.881: [ParNew: 7846K->7846K(9216K), 0.0000100 secs]25.881: [Tenured: 17150K->16437K(20480K), 0.0090960 secs] 24996K->16437K(29696K), [Perm : 6059K->6059K(21248K)], 0.0091560 secs] [Times: user=0.01 sys=0.00, real=0.01 secs] 
25.890: Total time for which application threads were stopped: 0.0093640 seconds, Stopping threads took: 0.0001290 seconds
25.928: Application time: 0.0380860 seconds
25.928: [GC25.929: [ParNew: 7846K->7846K(9216K), 0.0000110 secs]25.929: [Tenured: 16437K->17150K(20480K), 0.0092960 secs] 24284K->17150K(29696K), [Perm : 6059K->6059K(21248K)], 0.0093600 secs] [Times: user=0.01 sys=0.00, real=0.01 secs] 
25.938: Total time for which application threads were stopped: 0.0095150 seconds, Stopping threads took: 0.0000870 seconds
25.958: Application time: 0.0200430 seconds
25.958: [GC25.958: [ParNew: 7855K->7855K(9216K), 0.0000100 secs]25.958: [Tenured: 17150K->17151K(20480K), 0.0080450 secs] 25005K->17151K(29696K), [Perm : 6059K->6059K(21248K)], 0.0080980 secs] [Times: user=0.01 sys=0.00, real=0.00 secs] 
25.966: Total time for which application threads were stopped: 0.0082040 seconds, Stopping threads took: 0.0000440 seconds
25.993: Application time: 0.0270320 seconds
25.993: [GC25.993: [ParNew: 7852K->7852K(9216K), 0.0000100 secs]25.993: [Tenured: 17151K->17864K(20480K), 0.0084780 secs] 25004K->17864K(29696K), [Perm : 6059K->6059K(21248K)], 0.0085340 secs] [Times: user=0.01 sys=0.00, real=0.01 secs] 
26.002: Total time for which application threads were stopped: 0.0086520 seconds, Stopping threads took: 0.0000450 seconds
26.037: Application time: 0.0347000 seconds
26.037: [GC26.037: [ParNew: 7844K->7844K(9216K), 0.0000120 secs]26.037: [Tenured: 17864K->17150K(20480K), 0.0089970 secs] 25709K->17150K(29696K), [Perm : 6059K->6059K(21248K)], 0.0090550 secs] [Times: user=0.01 sys=0.00, real=0.00 secs] 
26.046: Total time for which application threads were stopped: 0.0091680 seconds, Stopping threads took: 0.0000450 seconds
26.077: Application time: 0.0313110 seconds
26.077: [GC26.077: [ParNew: 7853K->7853K(9216K), 0.0000100 secs]26.077: [Tenured: 17150K->17864K(20480K), 0.0083550 secs] 25003K->17864K(29696K), [Perm : 6059K->6059K(21248K)], 0.0084130 secs] [Times: user=0.01 sys=0.00, real=0.00 secs] 
26.086: Total time for which application threads were stopped: 0.0085220 seconds, Stopping threads took: 0.0000440 seconds
26.098: Application time: 0.0129520 seconds
26.099: [GC26.099: [ParNew: 7844K->7844K(9216K), 0.0000090 secs]26.099: [Tenured: 17864K->18576K(20480K), 0.0080090 secs] 25708K->18576K(29696K), [Perm : 6059K->6059K(21248K)], 0.0080610 secs] [Times: user=0.01 sys=0.00, real=0.00 secs] 
26.107: Total time for which application threads were stopped: 0.0081680 seconds, Stopping threads took: 0.0000420 seconds
26.145: Application time: 0.0388440 seconds
26.146: [GC26.146: [ParNew: 7844K->7844K(9216K), 0.0000100 secs]26.146: [Tenured: 18576K->18576K(20480K), 0.0083680 secs] 26420K->18576K(29696K), [Perm : 6059K->6059K(21248K)], 0.0084260 secs] [Times: user=0.00 sys=0.00, real=0.01 secs] 
26.154: Total time for which application threads were stopped: 0.0085410 seconds, Stopping threads took: 0.0000460 seconds
26.179: Application time: 0.0251660 seconds
26.179: [GC26.179: [ParNew: 7844K->7844K(9216K), 0.0000100 secs]26.179: [Tenured: 18576K->18575K(20480K), 0.0098770 secs] 26420K->18575K(29696K), [Perm : 6059K->6059K(21248K)], 0.0099340 secs] [Times: user=0.01 sys=0.00, real=0.01 secs] 
26.189: Total time for which application threads were stopped: 0.0101310 seconds, Stopping threads took: 0.0001080 seconds
26.226: Application time: 0.0369660 seconds
26.226: [GC26.226: [ParNew: 7844K->7844K(9216K), 0.0000090 secs]26.226: [Tenured: 18575K->17863K(20480K), 0.0077960 secs] 26420K->17863K(29696K), [Perm : 6059K->6059K(21248K)], 0.0078480 secs] [Times: user=0.00 sys=0.00, real=0.01 secs] 
26.234: Total time for which application threads were stopped: 0.0079580 seconds, Stopping threads took: 0.0000430 seconds
26.253: Application time: 0.0184650 seconds
26.253: [GC26.253: [ParNew: 7846K->7846K(9216K), 0.0000090 secs]26.253: [Tenured: 17863K->17863K(20480K), 0.0082330 secs] 25709K->17863K(29696K), [Perm : 6059K->6059K(21248K)], 0.0082860 secs] [Times: user=0.00 sys=0.00, real=0.01 secs] 
26.261: Total time for which application threads were stopped: 0.0084030 seconds, Stopping threads took: 0.0000520 seconds
26.299: Application time: 0.0377080 seconds
26.299: [GC26.299: [ParNew: 7846K->7846K(9216K), 0.0000100 secs]26.299: [Tenured: 17863K->17863K(20480K), 0.0081030 secs] 25709K->17863K(29696K), [Perm : 6059K->6059K(21248K)], 0.0081700 secs] [Times: user=0.01 sys=0.00, real=0.00 secs] 
26.307: Total time for which application threads were stopped: 0.0082990 seconds, Stopping threads took: 0.0000620 seconds
26.330: Application time: 0.0233150 seconds
26.331: [GC26.331: [ParNew: 7846K->7846K(9216K), 0.0000110 secs]26.331: [Tenured: 17863K->17863K(20480K), 0.0081010 secs] 25709K->17863K(29696K), [Perm : 6059K->6059K(21248K)], 0.0081550 secs] [Times: user=0.01 sys=0.00, real=0.01 secs] 
26.339: Total time for which application threads were stopped: 0.0082690 seconds, Stopping threads took: 0.0000490 seconds
26.370: Application time: 0.0314790 seconds
26.370: [GC26.370: [ParNew: 7846K->7846K(9216K), 0.0000100 secs]26.370: [Tenured: 17863K->18575K(20480K), 0.0079180 secs] 25709K->18575K(29696K), [Perm : 6059K->6059K(21248K)], 0.0079730 secs] [Times: user=0.01 sys=0.00, real=0.01 secs] 
26.378: Total time for which application threads were stopped: 0.0080820 seconds, Stopping threads took: 0.0000440 seconds
26.405: Application time: 0.0264300 seconds
26.405: [GC26.405: [ParNew: 7854K->7854K(9216K), 0.0000100 secs]26.405: [Tenured: 18575K->18576K(20480K), 0.0092510 secs] 26430K->18576K(29696K), [Perm : 6059K->6059K(21248K)], 0.0093070 secs] [Times: user=0.01 sys=0.00, real=0.01 secs] 
26.414: Total time for which application threads were stopped: 0.0094940 seconds, Stopping threads took: 0.0001190 seconds
26.453: Application time: 0.0388050 seconds
26.453: [GC26.453: [ParNew: 7846K->7846K(9216K), 0.0000110 secs]26.453: [Tenured: 18576K->19289K(20480K), 0.0093750 secs] 26422K->19289K(29696K), [Perm : 6059K->6059K(21248K)], 0.0094360 secs] [Times: user=0.01 sys=0.00, real=0.01 secs] 
26.463: Total time for which application threads were stopped: 0.0095960 seconds, Stopping threads took: 0.0000730 seconds
26.480: Application time: 0.0169050 seconds
26.480: [GC26.480: [ParNew: 7846K->7846K(9216K), 0.0000100 secs]26.480: [Tenured: 19289K->19288K(20480K), 0.0088400 secs] 27135K->19288K(29696K), [Perm : 6059K->6059K(21248K)], 0.0088950 secs] [Times: user=0.01 sys=0.00, real=0.01 secs] 
26.489: Total time for which application threads were stopped: 0.0090480 seconds, Stopping threads took: 0.0000850 seconds
26.528: Application time: 0.0391410 seconds
26.528: [GC26.528: [ParNew: 7843K->7843K(9216K), 0.0000110 secs]26.528: [Tenured: 19288K->20000K(20480K), 0.0079090 secs] 27132K->20000K(29696K), [Perm : 6059K->6059K(21248K)], 0.0079630 secs] [Times: user=0.00 sys=0.00, real=0.01 secs] 
26.536: Total time for which application threads were stopped: 0.0081160 seconds, Stopping threads took: 0.0000650 seconds
26.563: Application time: 0.0273650 seconds
26.564: [GC26.564: [ParNew: 7846K->7846K(9216K), 0.0000100 secs]26.564: [Tenured: 20000K->17150K(20480K), 0.0087580 secs] 27846K->17150K(29696K), [Perm : 6059K->6059K(21248K)], 0.0088150 secs] [Times: user=0.01 sys=0.00, real=0.01 secs] 
26.573: Total time for which application threads were stopped: 0.0092970 seconds, Stopping threads took: 0.0003950 seconds
26.611: Application time: 0.0385420 seconds
26.611: [GC26.611: [ParNew: 7898K->7898K(9216K), 0.0000090 secs]26.611: [Tenured: 17150K->15724K(20480K), 0.0081370 secs] 25049K->15724K(29696K), [Perm : 6059K->6059K(21248K)], 0.0081940 secs] [Times: user=0.01 sys=0.00, real=0.01 secs] 
26.619: Total time for which application threads were stopped: 0.0082990 seconds, Stopping threads took: 0.0000420 seconds
26.672: Application time: 0.0524400 seconds
26.672: [GC26.672: [ParNew: 7898K->7898K(9216K), 0.0000100 secs]26.672: [Tenured: 15724K->12103K(20480K), 0.0080940 secs] 23623K->12103K(29696K), [Perm : 6059K->6059K(21248K)], 0.0081470 secs] [Times: user=0.01 sys=0.00, real=0.01 secs] 
26.680: Total time for which application threads were stopped: 0.0082430 seconds, Stopping threads took: 0.0000300 seconds
26.729: Application time: 0.0484640 seconds
26.729: [GC26.729: [ParNew: 7843K->714K(9216K), 0.0018570 secs] 19947K->17805K(29696K), 0.0019010 secs] [Times: user=0.01 sys=0.00, real=0.00 secs] 
26.731: Total time for which application threads were stopped: 0.0020000 seconds, Stopping threads took: 0.0000380 seconds
26.768: Application time: 0.0372920 seconds
26.768: [GC26.768: [ParNew: 8558K->8558K(9216K), 0.0000090 secs]26.768: [Tenured: 17091K->11391K(20480K), 0.0064670 secs] 25649K->11391K(29696K), [Perm : 6059K->6059K(21248K)], 0.0065210 secs] [Times: user=0.00 sys=0.00, real=0.00 secs] 
26.774: Total time for which application threads were stopped: 0.0066210 seconds, Stopping threads took: 0.0000350 seconds
26.815: Application time: 0.0402540 seconds
26.815: [GC26.815: [ParNew: 7852K->724K(9216K), 0.0014900 secs] 19243K->16390K(29696K), 0.0015280 secs] [Times: user=0.01 sys=0.00, real=0.01 secs] 
26.816: Total time for which application threads were stopped: 0.0016240 seconds, Stopping threads took: 0.0000330 seconds
26.854: Application time: 0.0372140 seconds
26.854: [GC26.854: [ParNew: 8568K->8568K(9216K), 0.0000090 secs]26.854: [Tenured: 15666K->11391K(20480K), 0.0071460 secs] 24234K->11391K(29696K), [Perm : 6059K->6059K(21248K)], 0.0071970 secs] [Times: user=0.00 sys=0.00, real=0.01 secs] 
26.861: Total time for which application threads were stopped: 0.0072960 seconds, Stopping threads took: 0.0000350 seconds
26.900: Application time: 0.0394000 seconds
26.900: [GC26.900: [ParNew: 7843K->712K(9216K), 0.0017820 secs] 19234K->16378K(29696K), 0.0018130 secs] [Times: user=0.01 sys=0.00, real=0.00 secs] 
26.902: Total time for which application threads were stopped: 0.0019090 seconds, Stopping threads took: 0.0000380 seconds
26.939: Application time: 0.0370900 seconds
26.939: [GC26.939: [ParNew: 8564K->8564K(9216K), 0.0000100 secs]26.939: [Tenured: 15666K->10678K(20480K), 0.0085780 secs] 24230K->10678K(29696K), [Perm : 6059K->6059K(21248K)], 0.0086310 secs] [Times: user=0.01 sys=0.00, real=0.01 secs] 
26.948: Total time for which application threads were stopped: 0.0087310 seconds, Stopping threads took: 0.0000370 seconds
26.995: Application time: 0.0469580 seconds
26.995: [GC26.995: [ParNew: 7894K->716K(9216K), 0.0010000 secs] 18573K->13532K(29696K), 0.0010310 secs] [Times: user=0.00 sys=0.00, real=0.01 secs] 
26.996: Total time for which application threads were stopped: 0.0011170 seconds, Stopping threads took: 0.0000310 seconds
27.044: Application time: 0.0479650 seconds
27.044: [GC27.044: [ParNew: 8558K->8558K(9216K), 0.0000080 secs]27.044: [Tenured: 12816K->7057K(20480K), 0.0072480 secs] 21374K->7057K(29696K), [Perm : 6059K->6059K(21248K)], 0.0072990 secs] [Times: user=0.01 sys=0.00, real=0.01 secs] 
27.051: Total time for which application threads were stopped: 0.0074020 seconds, Stopping threads took: 0.0000320 seconds
27.109: Application time: 0.0572900 seconds
27.109: [GC27.109: [ParNew: 7842K->712K(9216K), 0.0012510 secs] 14899K->10620K(29696K), 0.0012820 secs] [Times: user=0.01 sys=0.00, real=0.00 secs] 
27.110: Total time for which application threads were stopped: 0.0013700 seconds, Stopping threads took: 0.0000310 seconds
27.145: Application time: 0.0351020 seconds
27.145: [GC27.145: [ParNew: 8554K->712K(9216K), 0.0011000 secs] 18462K->13470K(29696K), 0.0011320 secs] [Times: user=0.01 sys=0.00, real=0.00 secs] 
27.146: Total time for which application threads were stopped: 0.0012240 seconds, Stopping threads took: 0.0000340 seconds
27.194: Application time: 0.0480460 seconds
27.195: [GC27.195: [ParNew: 8554K->8554K(9216K), 0.0000090 secs]27.195: [Tenured: 12758K->6345K(20480K), 0.0074800 secs] 21313K->6345K(29696K), [Perm : 6059K->6059K(21248K)], 0.0075290 secs] [Times: user=0.01 sys=0.00, real=0.01 secs] 
27.202: Total time for which application threads were stopped: 0.0076230 seconds, Stopping threads took: 0.0000350 seconds
27.261: Application time: 0.0587860 seconds
27.261: [GC27.261: [ParNew: 7842K->714K(9216K), 0.0009960 secs] 14187K->9910K(29696K), 0.0010260 secs] [Times: user=0.01 sys=0.00, real=0.00 secs] 
27.262: Total time for which application threads were stopped: 0.0011130 seconds, Stopping threads took: 0.0000290 seconds
27.313: Application time: 0.0507310 seconds
27.313: [GC27.313: [ParNew: 8566K->724K(9216K), 0.0010900 secs] 17761K->12770K(29696K), 0.0011310 secs] [Times: user=0.00 sys=0.00, real=0.00 secs] 
27.314: Total time for which application threads were stopped: 0.0012140 seconds, Stopping threads took: 0.0000290 seconds
27.352: Application time: 0.0376210 seconds
27.352: [GC27.352: [ParNew: 8567K->712K(9216K), 0.0013320 secs] 20613K->16361K(29696K), 0.0013640 secs] [Times: user=0.01 sys=0.00, real=0.00 secs] 
27.353: Total time for which application threads were stopped: 0.0014550 seconds, Stopping threads took: 0.0000340 seconds
27.406: Application time: 0.0530790 seconds
27.406: [GC27.406: [ParNew: 8564K->8564K(9216K), 0.0000080 secs]27.406: [Tenured: 15649K->7772K(20480K), 0.0064310 secs] 24213K->7772K(29696K), [Perm : 6059K->6059K(21248K)], 0.0064790 secs] [Times: user=0.00 sys=0.00, real=0.01 secs] 
27.413: Total time for which application threads were stopped: 0.0065740 seconds, Stopping threads took: 0.0000330 seconds
27.473: Application time: 0.0602150 seconds
27.473: [GC27.473: [ParNew: 7842K->714K(9216K), 0.0010270 secs] 15614K->11337K(29696K), 0.0010560 secs] [Times: user=0.01 sys=0.00, real=0.00 secs] 
27.474: Total time for which application threads were stopped: 0.0011440 seconds, Stopping threads took: 0.0000310 seconds
27.527: Application time: 0.0530030 seconds
27.527: [GC27.527: [ParNew: 8556K->712K(9216K), 0.0011110 secs] 19179K->14185K(29696K), 0.0011390 secs] [Times: user=0.00 sys=0.00, real=0.01 secs] 
27.528: Total time for which application threads were stopped: 0.0012220 seconds, Stopping threads took: 0.0000310 seconds
27.566: Application time: 0.0376390 seconds
27.566: [GC27.566: [ParNew: 8554K->8554K(9216K), 0.0000080 secs]27.566: [Tenured: 13472K->8484K(20480K), 0.0062630 secs] 22027K->8484K(29696K), [Perm : 6059K->6059K(21248K)], 0.0063120 secs] [Times: user=0.01 sys=0.00, real=0.01 secs] 
27.572: Total time for which application threads were stopped: 0.0064140 seconds, Stopping threads took: 0.0000310 seconds
27.632: Application time: 0.0600640 seconds
27.632: [GC27.632: [ParNew: 7842K->712K(9216K), 0.0010200 secs] 16326K->11335K(29696K), 0.0010440 secs] [Times: user=0.00 sys=0.00, real=0.00 secs] 
27.633: Total time for which application threads were stopped: 0.0011290 seconds, Stopping threads took: 0.0000320 seconds
27.687: Application time: 0.0532450 seconds
27.687: [GC27.687: [ParNew: 8554K->714K(9216K), 0.0012450 secs] 19176K->14187K(29696K), 0.0012740 secs] [Times: user=0.01 sys=0.00, real=0.01 secs] 
27.688: Total time for which application threads were stopped: 0.0013600 seconds, Stopping threads took: 0.0000300 seconds
27.746: Application time: 0.0579220 seconds
27.746: [GC27.746: [ParNew: 8556K->712K(9216K), 0.0014620 secs] 22029K->17035K(29696K), 0.0014930 secs] [Times: user=0.01 sys=0.00, real=0.00 secs] 
27.748: Total time for which application threads were stopped: 0.0015850 seconds, Stopping threads took: 0.0000320 seconds
27.838: Application time: 0.0906220 seconds
27.838: [GC27.838: [ParNew: 8606K->8606K(9216K), 0.0000090 secs]27.838: [Tenured: 16322K->4890K(20480K), 0.0060340 secs] 24929K->4890K(29696K), [Perm : 6059K->6059K(21248K)], 0.0060830 secs] [Times: user=0.01 sys=0.00, real=0.00 secs] 
27.844: Total time for which application threads were stopped: 0.0061530 seconds, Stopping threads took: 0.0000120 seconds
27.925: Application time: 0.0810500 seconds
27.925: [GC27.926: [ParNew: 8192K->1023K(9216K), 0.0014600 secs] 13082K->7501K(29696K), 0.0014890 secs] [Times: user=0.01 sys=0.01, real=0.00 secs] 
27.927: Total time for which application threads were stopped: 0.0015640 seconds, Stopping threads took: 0.0000090 seconds
28.042: Application time: 0.1149880 seconds
28.042: [GC28.042: [ParNew: 7732K->1024K(9216K), 0.0018820 secs] 14210K->8953K(29696K), 0.0019200 secs] [Times: user=0.01 sys=0.00, real=0.00 secs] 
28.044: Total time for which application threads were stopped: 0.0020150 seconds, Stopping threads took: 0.0000140 seconds
28.044: Application time: 0.0001560 seconds
28.044: Total time for which application threads were stopped: 0.0002050 seconds, Stopping threads took: 0.0001780 seconds
28.044: Application time: 0.0000740 seconds
28.044: Total time for which application threads were stopped: 0.0000400 seconds, Stopping threads took: 0.0000280 seconds
28.073: Application time: 0.0280840 seconds
28.073: [GC28.073: [ParNew: 9209K->885K(9216K), 0.0023210 secs] 17139K->16098K(29696K), 0.0023570 secs] [Times: user=0.02 sys=0.01, real=0.00 secs] 
28.075: Total time for which application threads were stopped: 0.0024510 seconds, Stopping threads took: 0.0000110 seconds
28.110: Application time: 0.0346380 seconds
28.110: [GC28.110: [ParNew: 9077K->9077K(9216K), 0.0000080 secs]28.110: [Tenured: 15212K->7135K(20480K), 0.0172520 secs] 24290K->7135K(29696K), [Perm : 13140K->13140K(21248K)], 0.0172980 secs] [Times: user=0.02 sys=0.00, real=0.01 secs] 
28.127: Total time for which application threads were stopped: 0.0173720 seconds, Stopping threads took: 0.0000100 seconds
28.163: Application time: 0.0363230 seconds
28.163: Total time for which application threads were stopped: 0.0000300 seconds, Stopping threads took: 0.0000170 seconds
Heap
 par new generation   total 9216K, used 5717K [0x00000000f9000000, 0x00000000f9a00000, 0x00000000f9a00000)
  eden space 8192K,  69% used [0x00000000f9000000, 0x00000000f9595728, 0x00000000f9800000)
  from space 1024K,   0% used [0x00000000f9800000, 0x00000000f9800000, 0x00000000f9900000)
  to   space 1024K,   0% used [0x00000000f9900000, 0x00000000f9900000, 0x00000000f9a00000)
 tenured generation   total 20480K, used 7135K [0x00000000f9a00000, 0x00000000fae00000, 0x00000000fae00000)
   the space 20480K,  34% used [0x00000000f9a00000, 0x00000000fa0f7de0, 0x00000000fa0f7e00, 0x00000000fae00000)
 compacting perm gen  total 21248K, used 13360K [0x00000000fae00000, 0x00000000fc2c0000, 0x0000000100000000)
   the space 21248K,  62% used [0x00000000fae00000, 0x00000000fbb0c160, 0x00000000fbb0c200, 0x00000000fc2c0000)
No shared spaces configured.
28.164: Application time: 0.0001940 seconds
